bash -lc 'source esp-idf/export.sh >/dev/null 2>&1 && python3 tools/applets.py build  '
Building applet cat -> cat ...
Building applet cd -> cd ...
Building applet chmod -> chmod ...
+ idf.py elf
Building applet chown -> chown ...
+ idf.py elf
Building applet cp -> cp ...
Building applet cut -> cut ...
Building applet date -> date ...
Building applet dd -> dd ...
Building applet df -> df ...
+ idf.py elf
+ idf.py elf
Building applet echo -> echo ...
+ idf.py elf
+ idf.py elf
Building applet du -> du ...
+ idf.py elf
Building applet env -> env ...
+ idf.py elf
Building applet elftest -> elftest ...
+ idf.py elf
+ idf.py elf
Building applet false -> false ...
Building applet head -> head ...
+ idf.py elf
Building applet free -> free ...
+ idf.py elf
+ idf.py elf
+ idf.py elf
Reconfiguring applet free (cmake inputs changed)
+ idf.py reconfigure
Reconfiguring applet elftest (cmake inputs changed)
+ idf.py reconfigure
Executing action: reconfigure
Running cmake in directory /home/tikhon/Документы/magnolia/applets/mainline/free/build
Executing "cmake -G Ninja -DPYTHON_DEPS_CHECKED=1 -DPYTHON=/home/tikhon/.espressif/python_env/idf6.0_py3.12_env/bin/python -DESP_PLATFORM=1 -DCCACHE_ENABLE=0 /home/tikhon/Документы/magnolia/applets/mainline/free"...
-- Found Git: /usr/bin/git (found version "2.43.0") 
Executing action: elf
Running ninja in directory /home/tikhon/Документы/magnolia/applets/mainline/cd/build
Executing "ninja elf"...
[1/1] Build ELF: cd.app.elf
Executing action: elf
Running ninja in directory /home/tikhon/Документы/magnolia/applets/mainline/head/build
Executing "ninja elf"...
[1/1] Build ELF: head.app.elf
Executing action: reconfigure
Running cmake in directory /home/tikhon/Документы/magnolia/applets/mainline/elftest/build
Executing "cmake -G Ninja -DPYTHON_DEPS_CHECKED=1 -DPYTHON=/home/tikhon/.espressif/python_env/idf6.0_py3.12_env/bin/python -DESP_PLATFORM=1 -DCCACHE_ENABLE=0 /home/tikhon/Документы/magnolia/applets/mainline/elftest"...
-- Found Git: /usr/bin/git (found version "2.43.0") 
Executing action: elf
Running ninja in directory /home/tikhon/Документы/magnolia/applets/mainline/df/build
Executing "ninja elf"...
[1/1] Build ELF: df.app.elf
Executing action: elf
Running ninja in directory /home/tikhon/Документы/magnolia/applets/mainline/date/build
Executing "ninja elf"...
[1/1] Build ELF: date.app.elf
Executing action: elf
Running ninja in directory /home/tikhon/Документы/magnolia/applets/mainline/chmod/build
Executing "ninja elf"...
[1/1] Build ELF: chmod.app.elf
Executing action: elf
Running ninja in directory /home/tikhon/Документы/magnolia/applets/mainline/echo/build
Executing "ninja elf"...
[1/1] Build ELF: echo.app.elf
Executing action: elf
Running ninja in directory /home/tikhon/Документы/magnolia/applets/mainline/du/build
Executing "ninja elf"...
[1/1] Build ELF: du.app.elf
Executing action: elf
Running ninja in directory /home/tikhon/Документы/magnolia/applets/mainline/cat/build
Executing "ninja elf"...
[1/1] Build ELF: cat.app.elf
Executing action: elf
Running ninja in directory /home/tikhon/Документы/magnolia/applets/mainline/env/build
Executing "ninja elf"...
[1/1] Build ELF: env.app.elf
Executing action: elf
Running ninja in directory /home/tikhon/Документы/magnolia/applets/mainline/cut/build
Executing "ninja elf"...
[1/1] Build ELF: cut.app.elf
Executing action: elf
Running ninja in directory /home/tikhon/Документы/magnolia/applets/mainline/cp/build
Executing "ninja elf"...
[1/1] Build ELF: cp.app.elf
Executing action: elf
Running ninja in directory /home/tikhon/Документы/magnolia/applets/mainline/dd/build
Executing "ninja elf"...
[1/1045] Building C object esp-idf/esp_http_server/CMakeFiles/__idf_esp_http_server.dir/src/util/ctrl_sock.c.obj
[2/1045] Building C object esp-idf/esp_adc/CMakeFiles/__idf_esp_adc.dir/adc_cali.c.obj
Executing action: elf
Running ninja in directory /home/tikhon/Документы/magnolia/applets/mainline/chown/build
Executing "ninja elf"...
[1/1] Build ELF: chown.app.elf
Applet head OK -> /home/tikhon/Документы/magnolia/rootfs/bin/head
Building applet hexdump -> hexdump ...
+ idf.py elf
[3/1045] Building C object esp-idf/esp_http_server/CMakeFiles/__idf_esp_http_server.dir/src/httpd_main.c.obj
[4/1045] Building C object esp-idf/esp_http_client/CMakeFiles/__idf_esp_http_client.dir/lib/http_header.c.obj
Applet cat OK -> /home/tikhon/Документы/magnolia/rootfs/bin/cat
Building applet init -> init ...
[5/1045] Building C object esp-idf/esp_adc/CMakeFiles/__idf_esp_adc.dir/adc_common.c.obj
+ idf.py elf
Applet cd OK -> /home/tikhon/Документы/magnolia/rootfs/bin/cd
Building applet kill -> kill ...
+ idf.py elf
[6/1045] Building C object esp-idf/esp_adc/CMakeFiles/__idf_esp_adc.dir/adc_cali_curve_fitting.c.obj
Applet du OK -> /home/tikhon/Документы/magnolia/rootfs/bin/du
Building applet ln -> ln ...
+ idf.py elf
Applet chmod OK -> /home/tikhon/Документы/magnolia/rootfs/bin/chmod
Building applet login -> login ...
+ idf.py elf
[7/1045] Building C object esp-idf/esp_http_client/CMakeFiles/__idf_esp_http_client.dir/lib/http_auth.c.obj
Executing action: elf
Running ninja in directory /home/tikhon/Документы/magnolia/applets/mainline/false/build
Executing "ninja elf"...
[1/1] Build ELF: false.app.elf
[8/1045] Building C object esp-idf/esp_http_server/CMakeFiles/__idf_esp_http_server.dir/src/httpd_sess.c.obj
Applet echo OK -> /home/tikhon/Документы/magnolia/rootfs/bin/echo
Building applet ls -> ls ...
+ idf.py elf
[9/1045] Building C object esp-idf/esp_http_server/CMakeFiles/__idf_esp_http_server.dir/src/httpd_parse.c.obj
[10/1045] Building C object esp-idf/tcp_transport/CMakeFiles/__idf_tcp_transport.dir/transport_internal.c.obj
[11/1045] Building C object esp-idf/esp_adc/CMakeFiles/__idf_esp_adc.dir/esp32s3/curve_fitting_coefficients.c.obj
[12/1045] Building C object esp-idf/esp_http_server/CMakeFiles/__idf_esp_http_server.dir/src/httpd_uri.c.obj
[13/1045] Building C object esp-idf/tcp_transport/CMakeFiles/__idf_tcp_transport.dir/transport_socks_proxy.c.obj
Applet date OK -> /home/tikhon/Документы/magnolia/rootfs/bin/date
Building applet medit -> medit ...
+ idf.py elf
[14/1045] Building C object esp-idf/tcp_transport/CMakeFiles/__idf_tcp_transport.dir/transport_ssl.c.obj
Applet df OK -> /home/tikhon/Документы/magnolia/rootfs/bin/df
Building applet mkdir -> mkdir ...
+ idf.py elf
[15/1045] Building C object esp-idf/tcp_transport/CMakeFiles/__idf_tcp_transport.dir/transport.c.obj
Applet env OK -> /home/tikhon/Документы/magnolia/rootfs/bin/env
Building applet mv -> mv ...
+ idf.py elf
[16/1045] Building C object esp-idf/esp_adc/CMakeFiles/__idf_esp_adc.dir/adc_oneshot.c.obj
[17/1045] Building C object esp-idf/esp-tls/CMakeFiles/__idf_esp-tls.dir/esp_tls_platform_port.c.obj
[18/1045] Building C object esp-idf/esp-tls/CMakeFiles/__idf_esp-tls.dir/esp-tls-crypto/esp_tls_crypto.c.obj
[19/1045] Building C object esp-idf/esp_https_ota/CMakeFiles/__idf_esp_https_ota.dir/src/esp_https_ota.c.obj
[20/1045] Building C object esp-idf/esp_http_server/CMakeFiles/__idf_esp_http_server.dir/src/httpd_txrx.c.obj
[21/1045] Building C object esp-idf/esp_adc/CMakeFiles/__idf_esp_adc.dir/adc_monitor.c.obj
[22/1045] Building C object esp-idf/esp_adc/CMakeFiles/__idf_esp_adc.dir/adc_continuous.c.obj
[23/1045] Building C object esp-idf/esp_adc/CMakeFiles/__idf_esp_adc.dir/adc_filter.c.obj
Applet cp OK -> /home/tikhon/Документы/magnolia/rootfs/bin/cp
Building applet ps -> ps ...
+ idf.py elf
Applet cut OK -> /home/tikhon/Документы/magnolia/rootfs/bin/cut
Building applet pwd -> pwd ...
+ idf.py elf
[24/1045] Linking C static library esp-idf/esp_https_ota/libesp_https_ota.a
[25/1045] Building C object esp-idf/esp_adc/CMakeFiles/__idf_esp_adc.dir/gdma/adc_dma.c.obj
[26/1045] Linking C static library esp-idf/esp_http_server/libesp_http_server.a
[27/1045] Building C object esp-idf/esp-tls/CMakeFiles/__idf_esp-tls.dir/esp_tls_error_capture.c.obj
Applet chown OK -> /home/tikhon/Документы/magnolia/rootfs/bin/chown
Building applet rm -> rm ...
+ idf.py elf
[28/1045] Building C object esp-idf/esp_driver_twai/CMakeFiles/__idf_esp_driver_twai.dir/esp_twai.c.obj
[29/1045] Building C object esp-idf/driver/CMakeFiles/__idf_driver.dir/touch_sensor/touch_sensor_common.c.obj
Applet false OK -> /home/tikhon/Документы/magnolia/rootfs/bin/false
Building applet sh -> sh ...
+ idf.py elf
[30/1045] Building C object esp-idf/esp_driver_i2c/CMakeFiles/__idf_esp_driver_i2c.dir/i2c_slave.c.obj
[31/1045] Building C object esp-idf/esp-tls/CMakeFiles/__idf_esp-tls.dir/esp_tls_mbedtls.c.obj
[32/1045] Building C object esp-idf/esp_driver_i2c/CMakeFiles/__idf_esp_driver_i2c.dir/i2c_common.c.obj
[33/1045] Building C object esp-idf/tcp_transport/CMakeFiles/__idf_tcp_transport.dir/transport_ws.c.obj
[34/1045] Building C object esp-idf/esp_driver_rmt/CMakeFiles/__idf_esp_driver_rmt.dir/src/rmt_encoder.c.obj
[35/1045] Building C object esp-idf/esp-tls/CMakeFiles/__idf_esp-tls.dir/esp_tls.c.obj
[36/1045] Building C object esp-idf/esp_driver_sdm/CMakeFiles/__idf_esp_driver_sdm.dir/src/sdm.c.obj
[37/1045] Building C object esp-idf/esp_driver_sdspi/CMakeFiles/__idf_esp_driver_sdspi.dir/src/sdspi_crc.c.obj
[38/1045] Building C object esp-idf/esp_driver_rmt/CMakeFiles/__idf_esp_driver_rmt.dir/src/rmt_common.c.obj
[39/1045] Building C object esp-idf/driver/CMakeFiles/__idf_driver.dir/twai/twai.c.obj
[40/1045] Building C object esp-idf/driver/CMakeFiles/__idf_driver.dir/touch_sensor/esp32s3/touch_sensor.c.obj
[41/1045] Building C object esp-idf/esp_driver_rmt/CMakeFiles/__idf_esp_driver_rmt.dir/src/rmt_encoder_simple.c.obj
[42/1045] Building C object esp-idf/esp_driver_tsens/CMakeFiles/__idf_esp_driver_tsens.dir/src/temperature_sensor.c.obj
[43/1045] Building C object esp-idf/esp_driver_rmt/CMakeFiles/__idf_esp_driver_rmt.dir/src/rmt_encoder_bytes.c.obj
[44/1045] Building C object esp-idf/esp_driver_twai/CMakeFiles/__idf_esp_driver_twai.dir/esp_twai_onchip.c.obj
[45/1045] Building C object esp-idf/esp_http_client/CMakeFiles/__idf_esp_http_client.dir/esp_http_client.c.obj
[46/1045] Linking C static library esp-idf/esp_http_client/libesp_http_client.a
[47/1045] Building C object esp-idf/esp_driver_sdmmc/CMakeFiles/__idf_esp_driver_sdmmc.dir/legacy/src/sdmmc_transaction.c.obj
[48/1045] Building C object esp-idf/esp_driver_rmt/CMakeFiles/__idf_esp_driver_rmt.dir/src/rmt_encoder_copy.c.obj
[49/1045] Linking C static library esp-idf/tcp_transport/libtcp_transport.a
[50/1045] Building C object esp-idf/esp_driver_sdspi/CMakeFiles/__idf_esp_driver_sdspi.dir/src/sdspi_transaction.c.obj
[51/1045] Building C object esp-idf/driver/CMakeFiles/__idf_driver.dir/i2c/i2c.c.obj
[52/1045] Building C object esp-idf/esp_driver_sd_intf/CMakeFiles/__idf_esp_driver_sd_intf.dir/sd_host.c.obj
[53/1045] Building C object esp-idf/esp_driver_sdmmc/CMakeFiles/__idf_esp_driver_sdmmc.dir/legacy/src/sdmmc_host.c.obj
[54/1045] Building C object esp-idf/esp_driver_sdmmc/CMakeFiles/__idf_esp_driver_sdmmc.dir/src/sd_trans_sdmmc.c.obj
[55/1045] Linking C static library esp-idf/esp_adc/libesp_adc.a
[56/1045] Linking C static library esp-idf/esp-tls/libesp-tls.a
[57/1045] Building C object esp-idf/esp_driver_rmt/CMakeFiles/__idf_esp_driver_rmt.dir/src/rmt_rx.c.obj
[58/1045] Building C object esp-idf/sdmmc/CMakeFiles/__idf_sdmmc.dir/sd_pwr_ctrl/sd_pwr_ctrl.c.obj
[59/1045] Building C object esp-idf/sdmmc/CMakeFiles/__idf_sdmmc.dir/sdmmc_init.c.obj
[60/1045] Building C object esp-idf/esp_driver_i2c/CMakeFiles/__idf_esp_driver_i2c.dir/i2c_master.c.obj
[61/1045] Building C object esp-idf/esp_driver_ledc/CMakeFiles/__idf_esp_driver_ledc.dir/src/ledc.c.obj
[62/1045] Building C object esp-idf/sdmmc/CMakeFiles/__idf_sdmmc.dir/sdmmc_common.c.obj
[63/1045] Building C object esp-idf/sdmmc/CMakeFiles/__idf_sdmmc.dir/sdmmc_cmd.c.obj
[64/1045] Building C object esp-idf/sdmmc/CMakeFiles/__idf_sdmmc.dir/sdmmc_mmc.c.obj
[65/1045] Building C object esp-idf/esp_driver_i2s/CMakeFiles/__idf_esp_driver_i2s.dir/i2s_platform.c.obj
[66/1045] Building C object esp-idf/esp_driver_sdspi/CMakeFiles/__idf_esp_driver_sdspi.dir/src/sdspi_host.c.obj
[67/1045] Building C object esp-idf/sdmmc/CMakeFiles/__idf_sdmmc.dir/sdmmc_io.c.obj
-- Minimal build - OFF
[68/1045] Building C object esp-idf/esp_driver_i2s/CMakeFiles/__idf_esp_driver_i2s.dir/i2s_tdm.c.obj
[69/1045] Building C object esp-idf/http_parser/CMakeFiles/__idf_http_parser.dir/http_parser.c.obj
[70/1045] Building C object esp-idf/esp_driver_mcpwm/CMakeFiles/__idf_esp_driver_mcpwm.dir/src/mcpwm_cmpr.c.obj
[71/1045] Building C object esp-idf/esp_driver_mcpwm/CMakeFiles/__idf_esp_driver_mcpwm.dir/src/mcpwm_sync.c.obj
[72/1045] Linking C static library esp-idf/http_parser/libhttp_parser.a
-- The C compiler identification is GNU 15.1.0
[73/1045] Building C object esp-idf/esp_driver_i2s/CMakeFiles/__idf_esp_driver_i2s.dir/i2s_std.c.obj
[74/1045] Building C object esp-idf/esp_driver_mcpwm/CMakeFiles/__idf_esp_driver_mcpwm.dir/src/mcpwm_oper.c.obj
[75/1045] Building C object esp-idf/esp_driver_i2s/CMakeFiles/__idf_esp_driver_i2s.dir/i2s_pdm.c.obj
[76/1045] Building C object esp-idf/esp_driver_mcpwm/CMakeFiles/__idf_esp_driver_mcpwm.dir/src/mcpwm_fault.c.obj
[77/1045] Building C object esp-idf/esp_driver_mcpwm/CMakeFiles/__idf_esp_driver_mcpwm.dir/src/mcpwm_com.c.obj
[78/1045] Building C object esp-idf/esp_driver_mcpwm/CMakeFiles/__idf_esp_driver_mcpwm.dir/src/mcpwm_gen.c.obj
[79/1045] Building ASM object esp-idf/esp_gdbstub/CMakeFiles/__idf_esp_gdbstub.dir/src/port/xtensa/gdbstub-entry.S.obj
[80/1045] Building C object esp-idf/esp_driver_rmt/CMakeFiles/__idf_esp_driver_rmt.dir/src/rmt_tx.c.obj
[81/1045] Building ASM object esp-idf/esp_gdbstub/CMakeFiles/__idf_esp_gdbstub.dir/src/port/xtensa/xt_debugexception.S.obj
-- The CXX compiler identification is GNU 15.1.0
[82/1045] Building C object esp-idf/sdmmc/CMakeFiles/__idf_sdmmc.dir/sdmmc_sd.c.obj
[83/1045] Building C object esp-idf/esp_driver_sdmmc/CMakeFiles/__idf_esp_driver_sdmmc.dir/src/sd_host_sdmmc.c.obj
[84/1045] Building C object esp-idf/esp_gdbstub/CMakeFiles/__idf_esp_gdbstub.dir/src/gdbstub_transport.c.obj
[85/1045] Building C object esp-idf/esp_wifi/CMakeFiles/__idf_esp_wifi.dir/src/lib_printf.c.obj
-- Minimal build - OFF
-- The ASM compiler identification is GNU
-- Found assembler: /home/tikhon/.espressif/tools/xtensa-esp-elf/esp-15.1.0_20250607/xtensa-esp-elf/bin/xtensa-esp32s3-elf-gcc
[86/1045] Building C object esp-idf/esp_driver_i2s/CMakeFiles/__idf_esp_driver_i2s.dir/i2s_common.c.obj
[87/1045] Building C object esp-idf/driver/CMakeFiles/__idf_driver.dir/deprecated/rmt_legacy.c.obj
-- Detecting C compiler ABI info
[88/1045] Building C object esp-idf/esp_wifi/CMakeFiles/__idf_esp_wifi.dir/src/mesh_event.c.obj
[89/1045] Building C object esp-idf/esp_gdbstub/CMakeFiles/__idf_esp_gdbstub.dir/src/packet.c.obj
[90/1045] Building C object esp-idf/esp_driver_mcpwm/CMakeFiles/__idf_esp_driver_mcpwm.dir/src/mcpwm_cap.c.obj
[91/1045] Building C object esp-idf/esp_gdbstub/CMakeFiles/__idf_esp_gdbstub.dir/src/port/xtensa/gdbstub_xtensa.c.obj
[92/1045] Building C object esp-idf/esp_wifi/CMakeFiles/__idf_esp_wifi.dir/src/smartconfig.c.obj
-- The C compiler identification is GNU 15.1.0
[93/1045] Building C object esp-idf/esp_wifi/CMakeFiles/__idf_esp_wifi.dir/src/wifi_default_ap.c.obj
[94/1045] Building C object esp-idf/esp_driver_mcpwm/CMakeFiles/__idf_esp_driver_mcpwm.dir/src/mcpwm_timer.c.obj
[95/1045] Linking C static library esp-idf/driver/libdriver.a
[96/1045] Building C object esp-idf/esp_coex/CMakeFiles/__idf_esp_coex.dir/src/coexist_debug_diagram.c.obj
[97/1045] Building C object esp-idf/esp_gdbstub/CMakeFiles/__idf_esp_gdbstub.dir/src/gdbstub.c.obj
[98/1045] Building C object esp-idf/esp_wifi/CMakeFiles/__idf_esp_wifi.dir/src/wifi_netif.c.obj
[99/1045] Building C object esp-idf/esp_coex/CMakeFiles/__idf_esp_coex.dir/src/coexist_debug.c.obj
[100/1045] Linking C static library esp-idf/esp_driver_twai/libesp_driver_twai.a
[101/1045] Building C object esp-idf/esp_wifi/CMakeFiles/__idf_esp_wifi.dir/src/wifi_default.c.obj
[102/1045] Linking C static library esp-idf/esp_driver_ledc/libesp_driver_ledc.a
[103/1045] Building C object esp-idf/esp_wifi/CMakeFiles/__idf_esp_wifi.dir/src/wifi_init.c.obj
-- Detecting C compiler ABI info - done
[104/1045] Building C object esp-idf/esp_wifi/CMakeFiles/__idf_esp_wifi.dir/regulatory/esp_wifi_regulatory.c.obj
-- Check for working C compiler: /home/tikhon/.espressif/tools/xtensa-esp-elf/esp-15.1.0_20250607/xtensa-esp-elf/bin/xtensa-esp32s3-elf-gcc - skipped
-- The CXX compiler identification is GNU 15.1.0
-- Detecting C compile features
-- Detecting C compile features - done
[105/1045] Building C object esp-idf/esp_coex/CMakeFiles/__idf_esp_coex.dir/esp32s3/esp_coex_adapter.c.obj
[106/1045] Building C object esp-idf/wpa_supplicant/CMakeFiles/__idf_wpa_supplicant.dir/port/os_xtensa.c.obj
[107/1045] Linking C static library esp-idf/esp_driver_i2c/libesp_driver_i2c.a
-- The ASM compiler identification is GNU
-- Detecting CXX compiler ABI info
-- Found assembler: /home/tikhon/.espressif/tools/xtensa-esp-elf/esp-15.1.0_20250607/xtensa-esp-elf/bin/xtensa-esp32s3-elf-gcc
[108/1045] Building C object esp-idf/esp_driver_pcnt/CMakeFiles/__idf_esp_driver_pcnt.dir/src/pulse_cnt.c.obj
[109/1045] Linking C static library esp-idf/esp_driver_sdm/libesp_driver_sdm.a
-- Detecting C compiler ABI info
[110/1045] Building C object esp-idf/esp_wifi/CMakeFiles/__idf_esp_wifi.dir/src/smartconfig_ack.c.obj
[111/1045] Building C object esp-idf/esp_driver_spi/CMakeFiles/__idf_esp_driver_spi.dir/src/gpspi/spi_slave.c.obj
[112/1045] Linking C static library esp-idf/esp_driver_tsens/libesp_driver_tsens.a
[113/1045] Building C object esp-idf/wpa_supplicant/CMakeFiles/__idf_wpa_supplicant.dir/src/ap/ieee802_1x.c.obj
[114/1045] Building C object esp-idf/esp_wifi/CMakeFiles/__idf_esp_wifi.dir/esp32s3/esp_adapter.c.obj
[115/1045] Building C object esp-idf/esp_driver_spi/CMakeFiles/__idf_esp_driver_spi.dir/src/gpspi/spi_slave_hd.c.obj
[116/1045] Building C object esp-idf/wpa_supplicant/CMakeFiles/__idf_wpa_supplicant.dir/src/ap/ap_config.c.obj
[117/1045] Building C object esp-idf/wpa_supplicant/CMakeFiles/__idf_wpa_supplicant.dir/src/ap/sta_info.c.obj
Executing action: elf
Running ninja in directory /home/tikhon/Документы/magnolia/applets/mainline/mkdir/build
Executing "ninja elf"...
[1/1] Build ELF: mkdir.app.elf
[118/1045] Linking C static library esp-idf/esp_driver_rmt/libesp_driver_rmt.a
-- Detecting CXX compiler ABI info - done
Executing action: elf
Running ninja in directory /home/tikhon/Документы/magnolia/applets/mainline/rm/build
Executing "ninja elf"...
[1/1] Build ELF: rm.app.elf
[119/1045] Building C object esp-idf/wpa_supplicant/CMakeFiles/__idf_wpa_supplicant.dir/port/eloop.c.obj
-- Detecting C compiler ABI info - done
-- Check for working CXX compiler: /home/tikhon/.espressif/tools/xtensa-esp-elf/esp-15.1.0_20250607/xtensa-esp-elf/bin/xtensa-esp32s3-elf-g++ - skipped
-- Detecting CXX compile features
-- Detecting CXX compile features - done
[120/1045] Linking C static library esp-idf/esp_driver_sdspi/libesp_driver_sdspi.a
[121/1045] Building C object esp-idf/esp_driver_spi/CMakeFiles/__idf_esp_driver_spi.dir/src/gpspi/spi_common.c.obj
[122/1045] Building C object esp-idf/wpa_supplicant/CMakeFiles/__idf_wpa_supplicant.dir/src/ap/comeback_token.c.obj
[123/1045] Building C object esp-idf/wpa_supplicant/CMakeFiles/__idf_wpa_supplicant.dir/src/ap/pmksa_cache_auth.c.obj
-- Check for working C compiler: /home/tikhon/.espressif/tools/xtensa-esp-elf/esp-15.1.0_20250607/xtensa-esp-elf/bin/xtensa-esp32s3-elf-gcc - skipped
-- Detecting C compile features
-- Detecting C compile features - done
[124/1045] Building C object esp-idf/wpa_supplicant/CMakeFiles/__idf_wpa_supplicant.dir/src/utils/bitfield.c.obj
[125/1045] Building C object esp-idf/wpa_supplicant/CMakeFiles/__idf_wpa_supplicant.dir/src/ap/wpa_auth_ie.c.obj
-- Detecting CXX compiler ABI info
-- Building ESP-IDF components for target esp32s3
[126/1045] Building C object esp-idf/wpa_supplicant/CMakeFiles/__idf_wpa_supplicant.dir/src/crypto/sha256-kdf.c.obj
[127/1045] Building C object esp-idf/wpa_supplicant/CMakeFiles/__idf_wpa_supplicant.dir/src/crypto/crypto_ops.c.obj
[128/1045] Linking C static library esp-idf/esp_driver_sdmmc/libesp_driver_sdmmc.a
[129/1045] Building C object esp-idf/wpa_supplicant/CMakeFiles/__idf_wpa_supplicant.dir/src/common/dragonfly.c.obj
[130/1045] Building C object esp-idf/wpa_supplicant/CMakeFiles/__idf_wpa_supplicant.dir/src/crypto/aes-siv.c.obj
[131/1045] Linking C static library esp-idf/esp_driver_sd_intf/libesp_driver_sd_intf.a
[132/1045] Building C object esp-idf/wpa_supplicant/CMakeFiles/__idf_wpa_supplicant.dir/src/crypto/sha1-tlsprf.c.obj
Executing action: elf
Running ninja in directory /home/tikhon/Документы/magnolia/applets/mainline/hexdump/build
Executing "ninja elf"...
[1/1047] Building C object esp-idf/esp_http_client/CMakeFiles/__idf_esp_http_client.dir/lib/http_header.c.obj
Executing action: elf
Running ninja in directory /home/tikhon/Документы/magnolia/applets/mainline/mv/build
Executing "ninja elf"...
[1/1] Build ELF: mv.app.elf
[133/1045] Building C object esp-idf/wpa_supplicant/CMakeFiles/__idf_wpa_supplicant.dir/src/crypto/dh_group5.c.obj
[134/1045] Building C object esp-idf/wpa_supplicant/CMakeFiles/__idf_wpa_supplicant.dir/src/crypto/dh_groups.c.obj
[135/1045] Linking C static library esp-idf/sdmmc/libsdmmc.a
[136/1045] Building C object esp-idf/wpa_supplicant/CMakeFiles/__idf_wpa_supplicant.dir/src/ap/wpa_auth.c.obj
[137/1045] Building C object esp-idf/wpa_supplicant/CMakeFiles/__idf_wpa_supplicant.dir/src/crypto/ms_funcs.c.obj
-- Detecting CXX compiler ABI info - done
[138/1045] Building C object esp-idf/wpa_supplicant/CMakeFiles/__idf_wpa_supplicant.dir/src/crypto/aes-gcm.c.obj
[2/1047] Building C object esp-idf/tcp_transport/CMakeFiles/__idf_tcp_transport.dir/transport_internal.c.obj
[139/1045] Building C object esp-idf/wpa_supplicant/CMakeFiles/__idf_wpa_supplicant.dir/src/crypto/sha1-prf.c.obj
Executing action: elf
Running ninja in directory /home/tikhon/Документы/magnolia/applets/mainline/medit/build
Executing "ninja elf"...
[1/935] Linking C static library esp-idf/esp_driver_rmt/libesp_driver_rmt.a
[140/1045] Linking C static library esp-idf/esp_driver_i2s/libesp_driver_i2s.a
[3/1047] Building C object esp-idf/esp_http_client/CMakeFiles/__idf_esp_http_client.dir/lib/http_utils.c.obj
-- Check for working CXX compiler: /home/tikhon/.espressif/tools/xtensa-esp-elf/esp-15.1.0_20250607/xtensa-esp-elf/bin/xtensa-esp32s3-elf-g++ - skipped
-- Detecting CXX compile features
-- Detecting CXX compile features - done
[141/1045] Building C object esp-idf/wpa_supplicant/CMakeFiles/__idf_wpa_supplicant.dir/src/ap/ieee802_11.c.obj
[4/1047] Building C object esp-idf/esp_http_server/CMakeFiles/__idf_esp_http_server.dir/src/util/ctrl_sock.c.obj
[142/1045] Building C object esp-idf/wpa_supplicant/CMakeFiles/__idf_wpa_supplicant.dir/src/crypto/sha384-tlsprf.c.obj
[143/1045] Building C object esp-idf/wpa_supplicant/CMakeFiles/__idf_wpa_supplicant.dir/src/common/wpa_common.c.obj
[5/1047] Building C object esp-idf/esp_http_server/CMakeFiles/__idf_esp_http_server.dir/src/httpd_ws.c.obj
[2/935] Linking C static library esp-idf/esp_driver_sdspi/libesp_driver_sdspi.a
[144/1045] Building C object esp-idf/wpa_supplicant/CMakeFiles/__idf_wpa_supplicant.dir/src/crypto/ccmp.c.obj
[6/1047] Building C object esp-idf/tcp_transport/CMakeFiles/__idf_tcp_transport.dir/transport_socks_proxy.c.obj
[145/1045] Building C object esp-idf/wpa_supplicant/CMakeFiles/__idf_wpa_supplicant.dir/src/crypto/sha256-tlsprf.c.obj
[146/1045] Building C object esp-idf/wpa_supplicant/CMakeFiles/__idf_wpa_supplicant.dir/src/crypto/sha384-prf.c.obj
[147/1045] Building C object esp-idf/wpa_supplicant/CMakeFiles/__idf_wpa_supplicant.dir/src/crypto/md4-internal.c.obj
[7/1047] Building C object esp-idf/esp_adc/CMakeFiles/__idf_esp_adc.dir/adc_oneshot.c.obj
-- Building ESP-IDF components for target esp32s3
[148/1045] Linking C static library esp-idf/esp_driver_mcpwm/libesp_driver_mcpwm.a
Executing action: elf
Running ninja in directory /home/tikhon/Документы/magnolia/applets/mainline/init/build
Executing "ninja elf"...
[1/1] Build ELF: init.app.elf
[149/1045] Building C object esp-idf/esp_driver_spi/CMakeFiles/__idf_esp_driver_spi.dir/src/gpspi/spi_master.c.obj
Executing action: elf
Running ninja in directory /home/tikhon/Документы/magnolia/applets/mainline/ls/build
Executing "ninja elf"...
[1/1] Build ELF: ls.app.elf
[150/1045] Building C object esp-idf/wpa_supplicant/CMakeFiles/__idf_wpa_supplicant.dir/src/crypto/sha1-tprf.c.obj
[8/1047] Building C object esp-idf/esp_https_ota/CMakeFiles/__idf_esp_https_ota.dir/src/esp_https_ota.c.obj
[3/935] Building C object esp-idf/esp_coex/CMakeFiles/__idf_esp_coex.dir/esp32s3/esp_coex_adapter.c.obj
[151/1045] Building C object esp-idf/wpa_supplicant/CMakeFiles/__idf_wpa_supplicant.dir/src/crypto/sha256-prf.c.obj
[9/1047] Building C object esp-idf/esp_adc/CMakeFiles/__idf_esp_adc.dir/adc_cali.c.obj
Applet mkdir OK -> /home/tikhon/Документы/magnolia/rootfs/bin/mkdir
Building applet shell -> shell ...
+ idf.py elf
[4/935] Linking C static library esp-idf/esp_driver_sdmmc/libesp_driver_sdmmc.a
[152/1045] Building C object esp-idf/wpa_supplicant/CMakeFiles/__idf_wpa_supplicant.dir/src/eap_peer/chap.c.obj
[10/1047] Building C object esp-idf/esp_http_client/CMakeFiles/__idf_esp_http_client.dir/lib/http_auth.c.obj
[153/1045] Linking C static library esp-idf/esp_driver_pcnt/libesp_driver_pcnt.a
[11/1047] Building C object esp-idf/esp_adc/CMakeFiles/__idf_esp_adc.dir/adc_common.c.obj
[12/1047] Building C object esp-idf/esp_http_server/CMakeFiles/__idf_esp_http_server.dir/src/httpd_txrx.c.obj
[154/1045] Building C object esp-idf/wpa_supplicant/CMakeFiles/__idf_wpa_supplicant.dir/src/eap_peer/eap_common.c.obj
[13/1047] Linking C static library esp-idf/esp_https_ota/libesp_https_ota.a
[14/1047] Building C object esp-idf/esp_http_server/CMakeFiles/__idf_esp_http_server.dir/src/httpd_uri.c.obj
[155/1045] Building C object esp-idf/wpa_supplicant/CMakeFiles/__idf_wpa_supplicant.dir/src/eap_common/eap_wsc_common.c.obj
[5/935] Linking C static library esp-idf/esp_driver_sd_intf/libesp_driver_sd_intf.a
Executing action: elf
Running ninja in directory /home/tikhon/Документы/magnolia/applets/mainline/ln/build
Executing "ninja elf"...
[1/1] Build ELF: ln.app.elf
Executing action: elf
Running ninja in directory /home/tikhon/Документы/magnolia/applets/mainline/ps/build
Executing "ninja elf"...
[1/1] Build ELF: ps.app.elf
[6/935] Building C object esp-idf/wpa_supplicant/CMakeFiles/__idf_wpa_supplicant.dir/port/eloop.c.obj
[15/1047] Building C object esp-idf/esp_adc/CMakeFiles/__idf_esp_adc.dir/adc_cali_curve_fitting.c.obj
[7/935] Building C object esp-idf/esp_wifi/CMakeFiles/__idf_esp_wifi.dir/regulatory/esp_wifi_regulatory.c.obj
[156/1045] Linking C static library esp-idf/esp_gdbstub/libesp_gdbstub.a
[157/1045] Building C object esp-idf/wpa_supplicant/CMakeFiles/__idf_wpa_supplicant.dir/src/eap_peer/eap_peap_common.c.obj
[16/1047] Building C object esp-idf/esp-tls/CMakeFiles/__idf_esp-tls.dir/esp-tls-crypto/esp_tls_crypto.c.obj
[158/1045] Building C object esp-idf/wpa_supplicant/CMakeFiles/__idf_wpa_supplicant.dir/src/eap_peer/eap_fast_common.c.obj
[17/1047] Building C object esp-idf/esp_adc/CMakeFiles/__idf_esp_adc.dir/adc_filter.c.obj
[8/935] Building C object esp-idf/wpa_supplicant/CMakeFiles/__idf_wpa_supplicant.dir/src/ap/sta_info.c.obj
Executing action: elf
Running ninja in directory /home/tikhon/Документы/magnolia/applets/mainline/login/build
Executing "ninja elf"...
[1/1] Build ELF: login.app.elf
[159/1045] Linking C static library esp-idf/esp_driver_spi/libesp_driver_spi.a
[9/935] Building C object esp-idf/esp_wifi/CMakeFiles/__idf_esp_wifi.dir/src/smartconfig_ack.c.obj
[10/935] Linking C static library esp-idf/sdmmc/libsdmmc.a
[18/1047] Building C object esp-idf/esp-tls/CMakeFiles/__idf_esp-tls.dir/esp_tls_platform_port.c.obj
[19/1047] Building C object esp-idf/esp_adc/CMakeFiles/__idf_esp_adc.dir/esp32s3/curve_fitting_coefficients.c.obj
Applet rm OK -> /home/tikhon/Документы/magnolia/rootfs/bin/rm
Building applet sleep -> sleep ...
+ idf.py elf
[160/1045] Building C object esp-idf/wpa_supplicant/CMakeFiles/__idf_wpa_supplicant.dir/src/common/ieee802_11_common.c.obj
[11/935] Building C object esp-idf/esp_driver_pcnt/CMakeFiles/__idf_esp_driver_pcnt.dir/src/pulse_cnt.c.obj
[20/1047] Building C object esp-idf/esp_http_server/CMakeFiles/__idf_esp_http_server.dir/src/httpd_sess.c.obj
[12/935] Building C object esp-idf/wpa_supplicant/CMakeFiles/__idf_wpa_supplicant.dir/src/ap/ap_config.c.obj
[13/935] Building C object esp-idf/esp_driver_spi/CMakeFiles/__idf_esp_driver_spi.dir/src/gpspi/spi_common.c.obj
[21/1047] Building C object esp-idf/esp_adc/CMakeFiles/__idf_esp_adc.dir/gdma/adc_dma.c.obj
[14/935] Building C object esp-idf/wpa_supplicant/CMakeFiles/__idf_wpa_supplicant.dir/port/os_xtensa.c.obj
[161/1045] Building C object esp-idf/wpa_supplicant/CMakeFiles/__idf_wpa_supplicant.dir/src/utils/ext_password.c.obj
[22/1047] Building C object esp-idf/tcp_transport/CMakeFiles/__idf_tcp_transport.dir/transport_ssl.c.obj
[15/935] Building C object esp-idf/esp_wifi/CMakeFiles/__idf_esp_wifi.dir/src/wifi_default.c.obj
[162/1045] Linking C static library esp-idf/esp_wifi/libesp_wifi.a
Applet mv OK -> /home/tikhon/Документы/magnolia/rootfs/bin/mv
Building applet sort -> sort ...
+ idf.py elf
[16/935] Linking C static library esp-idf/esp_driver_i2s/libesp_driver_i2s.a
[23/1047] Building C object esp-idf/tcp_transport/CMakeFiles/__idf_tcp_transport.dir/transport.c.obj
[163/1045] Building C object esp-idf/wpa_supplicant/CMakeFiles/__idf_wpa_supplicant.dir/src/rsn_supp/pmksa_cache.c.obj
[164/1045] Building C object esp-idf/wpa_supplicant/CMakeFiles/__idf_wpa_supplicant.dir/src/eap_peer/mschapv2.c.obj
[24/1047] Building C object esp-idf/esp_http_server/CMakeFiles/__idf_esp_http_server.dir/src/httpd_main.c.obj
[165/1045] Building C object esp-idf/wpa_supplicant/CMakeFiles/__idf_wpa_supplicant.dir/src/eap_peer/eap_tls.c.obj
[17/935] Building C object esp-idf/wpa_supplicant/CMakeFiles/__idf_wpa_supplicant.dir/src/ap/pmksa_cache_auth.c.obj
[25/1047] Building C object esp-idf/esp_adc/CMakeFiles/__idf_esp_adc.dir/adc_monitor.c.obj
[26/1047] Building C object esp-idf/driver/CMakeFiles/__idf_driver.dir/touch_sensor/touch_sensor_common.c.obj
[18/935] Linking C static library esp-idf/esp_driver_mcpwm/libesp_driver_mcpwm.a
Applet login OK -> /home/tikhon/Документы/magnolia/rootfs/bin/login
Building applet tail -> tail ...
+ idf.py elf
[27/1047] Building C object esp-idf/esp_http_server/CMakeFiles/__idf_esp_http_server.dir/src/httpd_parse.c.obj
[166/1045] Building C object esp-idf/wpa_supplicant/CMakeFiles/__idf_wpa_supplicant.dir/src/utils/common.c.obj
[19/935] Building C object esp-idf/wpa_supplicant/CMakeFiles/__idf_wpa_supplicant.dir/src/ap/ieee802_1x.c.obj
[20/935] Building C object esp-idf/wpa_supplicant/CMakeFiles/__idf_wpa_supplicant.dir/src/ap/comeback_token.c.obj
[21/935] Linking C static library esp-idf/esp_driver_pcnt/libesp_driver_pcnt.a
[28/1047] Linking C static library esp-idf/esp_http_server/libesp_http_server.a
[22/935] Building C object esp-idf/wpa_supplicant/CMakeFiles/__idf_wpa_supplicant.dir/src/ap/wpa_auth_ie.c.obj
[23/935] Linking C static library esp-idf/esp_gdbstub/libesp_gdbstub.a
[167/1045] Building C object esp-idf/wpa_supplicant/CMakeFiles/__idf_wpa_supplicant.dir/src/eap_peer/eap.c.obj
[24/935] Building C object esp-idf/esp_wifi/CMakeFiles/__idf_esp_wifi.dir/esp32s3/esp_adapter.c.obj
Executing action: elf
Running ninja in directory /home/tikhon/Документы/magnolia/applets/mainline/kill/build
Executing "ninja elf"...
[1/1] Build ELF: kill.app.elf
[168/1045] Building C object esp-idf/wpa_supplicant/CMakeFiles/__idf_wpa_supplicant.dir/src/utils/base64.c.obj
[29/1047] Building C object esp-idf/esp-tls/CMakeFiles/__idf_esp-tls.dir/esp_tls_error_capture.c.obj
[25/935] Building C object esp-idf/wpa_supplicant/CMakeFiles/__idf_wpa_supplicant.dir/src/utils/bitfield.c.obj
Executing action: elf
Running ninja in directory /home/tikhon/Документы/magnolia/applets/mainline/pwd/build
Executing "ninja elf"...
[1/1] Build ELF: pwd.app.elf
[169/1045] Building C object esp-idf/wpa_supplicant/CMakeFiles/__idf_wpa_supplicant.dir/src/eap_peer/eap_mschapv2.c.obj
[170/1045] Building C object esp-idf/wpa_supplicant/CMakeFiles/__idf_wpa_supplicant.dir/src/rsn_supp/wpa_ie.c.obj
[30/1047] Building C object esp-idf/esp_driver_twai/CMakeFiles/__idf_esp_driver_twai.dir/esp_twai.c.obj
Applet init OK -> /home/tikhon/Документы/magnolia/rootfs/bin/init
Building applet tee -> tee ...
+ idf.py elf
[31/1047] Building C object esp-idf/esp_driver_i2c/CMakeFiles/__idf_esp_driver_i2c.dir/i2c_common.c.obj
[26/935] Building C object esp-idf/wpa_supplicant/CMakeFiles/__idf_wpa_supplicant.dir/src/crypto/dh_group5.c.obj
[171/1045] Building C object esp-idf/wpa_supplicant/CMakeFiles/__idf_wpa_supplicant.dir/src/utils/uuid.c.obj
[172/1045] Building C object esp-idf/wpa_supplicant/CMakeFiles/__idf_wpa_supplicant.dir/src/utils/wpa_debug.c.obj
[173/1045] Building C object esp-idf/wpa_supplicant/CMakeFiles/__idf_wpa_supplicant.dir/src/eap_peer/eap_tls_common.c.obj
[27/935] Building C object esp-idf/wpa_supplicant/CMakeFiles/__idf_wpa_supplicant.dir/src/crypto/sha256-kdf.c.obj
[28/935] Building C object esp-idf/wpa_supplicant/CMakeFiles/__idf_wpa_supplicant.dir/src/crypto/dh_groups.c.obj
Applet ln OK -> /home/tikhon/Документы/magnolia/rootfs/bin/ln
Building applet test -> test ...
+ idf.py elf
[29/935] Building C object esp-idf/esp_driver_spi/CMakeFiles/__idf_esp_driver_spi.dir/src/gpspi/spi_slave_hd.c.obj
[30/935] Building C object esp-idf/wpa_supplicant/CMakeFiles/__idf_wpa_supplicant.dir/src/ap/ieee802_11.c.obj
[174/1045] Building C object esp-idf/wpa_supplicant/CMakeFiles/__idf_wpa_supplicant.dir/src/common/sae.c.obj
[32/1047] Building C object esp-idf/driver/CMakeFiles/__idf_driver.dir/twai/twai.c.obj
[175/1045] Building C object esp-idf/wpa_supplicant/CMakeFiles/__idf_wpa_supplicant.dir/src/utils/wpabuf.c.obj
[31/935] Building C object esp-idf/wpa_supplicant/CMakeFiles/__idf_wpa_supplicant.dir/src/common/dragonfly.c.obj
[32/935] Building C object esp-idf/wpa_supplicant/CMakeFiles/__idf_wpa_supplicant.dir/src/crypto/aes-siv.c.obj
[33/1047] Building C object esp-idf/esp_driver_tsens/CMakeFiles/__idf_esp_driver_tsens.dir/src/temperature_sensor.c.obj
Applet ls OK -> /home/tikhon/Документы/magnolia/rootfs/bin/ls
Building applet touch -> touch ...
+ idf.py elf
[34/1047] Building C object esp-idf/esp-tls/CMakeFiles/__idf_esp-tls.dir/esp_tls.c.obj
[33/935] Building C object esp-idf/wpa_supplicant/CMakeFiles/__idf_wpa_supplicant.dir/src/crypto/crypto_ops.c.obj
[176/1045] Building C object esp-idf/wpa_supplicant/CMakeFiles/__idf_wpa_supplicant.dir/src/eap_peer/eap_fast_pac.c.obj
[177/1045] Building C object esp-idf/wpa_supplicant/CMakeFiles/__idf_wpa_supplicant.dir/src/eap_peer/eap_peap.c.obj
[178/1045] Building C object esp-idf/wpa_supplicant/CMakeFiles/__idf_wpa_supplicant.dir/src/wps/wps_attr_parse.c.obj
[34/935] Building C object esp-idf/wpa_supplicant/CMakeFiles/__idf_wpa_supplicant.dir/src/crypto/sha256-tlsprf.c.obj
[35/1047] Building C object esp-idf/esp_driver_sdm/CMakeFiles/__idf_esp_driver_sdm.dir/src/sdm.c.obj
[179/1045] Building C object esp-idf/wpa_supplicant/CMakeFiles/__idf_wpa_supplicant.dir/esp_supplicant/src/esp_wpa2_api_port.c.obj
[36/1047] Building C object esp-idf/esp_adc/CMakeFiles/__idf_esp_adc.dir/adc_continuous.c.obj
[35/935] Building C object esp-idf/wpa_supplicant/CMakeFiles/__idf_wpa_supplicant.dir/src/crypto/sha1-tlsprf.c.obj
[37/1047] Building C object esp-idf/tcp_transport/CMakeFiles/__idf_tcp_transport.dir/transport_ws.c.obj
[38/1047] Building C object esp-idf/esp_driver_i2c/CMakeFiles/__idf_esp_driver_i2c.dir/i2c_slave.c.obj
[180/1045] Building C object esp-idf/wpa_supplicant/CMakeFiles/__idf_wpa_supplicant.dir/src/eap_peer/eap_fast.c.obj
Applet ps OK -> /home/tikhon/Документы/magnolia/rootfs/bin/ps
Building applet tr -> tr ...
+ idf.py elf
[36/935] Building C object esp-idf/esp_driver_spi/CMakeFiles/__idf_esp_driver_spi.dir/src/gpspi/spi_slave.c.obj
[181/1045] Building C object esp-idf/wpa_supplicant/CMakeFiles/__idf_wpa_supplicant.dir/src/eap_peer/eap_ttls.c.obj
[37/935] Building C object esp-idf/wpa_supplicant/CMakeFiles/__idf_wpa_supplicant.dir/src/crypto/aes-gcm.c.obj
[39/1047] Building C object esp-idf/esp_driver_rmt/CMakeFiles/__idf_esp_driver_rmt.dir/src/rmt_encoder_simple.c.obj
[38/935] Building C object esp-idf/wpa_supplicant/CMakeFiles/__idf_wpa_supplicant.dir/src/crypto/sha1-tprf.c.obj
[39/935] Building C object esp-idf/wpa_supplicant/CMakeFiles/__idf_wpa_supplicant.dir/src/eap_common/eap_wsc_common.c.obj
[182/1045] Building C object esp-idf/wpa_supplicant/CMakeFiles/__idf_wpa_supplicant.dir/src/wps/wps.c.obj
Executing action: elf
Running ninja in directory /home/tikhon/Документы/magnolia/applets/mainline/sh/build
Executing "ninja elf"...
[1/1] Build ELF: sh.app.elf
[183/1045] Building C object esp-idf/wpa_supplicant/CMakeFiles/__idf_wpa_supplicant.dir/src/wps/wps_attr_build.c.obj
[40/1047] Building C object esp-idf/esp_driver_sdspi/CMakeFiles/__idf_esp_driver_sdspi.dir/src/sdspi_crc.c.obj
[40/935] Building C object esp-idf/wpa_supplicant/CMakeFiles/__idf_wpa_supplicant.dir/src/crypto/sha256-prf.c.obj
[41/1047] Building C object esp-idf/esp_http_client/CMakeFiles/__idf_esp_http_client.dir/esp_http_client.c.obj
[41/935] Building C object esp-idf/wpa_supplicant/CMakeFiles/__idf_wpa_supplicant.dir/src/crypto/ccmp.c.obj
[42/935] Building C object esp-idf/wpa_supplicant/CMakeFiles/__idf_wpa_supplicant.dir/src/common/ieee802_11_common.c.obj
[43/935] Building C object esp-idf/wpa_supplicant/CMakeFiles/__idf_wpa_supplicant.dir/src/eap_peer/chap.c.obj
[42/1047] Linking C static library esp-idf/esp_http_client/libesp_http_client.a
[184/1045] Building C object esp-idf/wpa_supplicant/CMakeFiles/__idf_wpa_supplicant.dir/src/utils/json.c.obj
[44/935] Building C object esp-idf/wpa_supplicant/CMakeFiles/__idf_wpa_supplicant.dir/src/crypto/sha384-prf.c.obj
[43/1047] Building C object esp-idf/esp-tls/CMakeFiles/__idf_esp-tls.dir/esp_tls_mbedtls.c.obj
[45/935] Building C object esp-idf/wpa_supplicant/CMakeFiles/__idf_wpa_supplicant.dir/src/crypto/sha384-tlsprf.c.obj
[46/935] Building C object esp-idf/wpa_supplicant/CMakeFiles/__idf_wpa_supplicant.dir/src/crypto/ms_funcs.c.obj
[185/1045] Building C object esp-idf/wpa_supplicant/CMakeFiles/__idf_wpa_supplicant.dir/src/wps/wps_attr_process.c.obj
[44/1047] Building C object esp-idf/esp_driver_rmt/CMakeFiles/__idf_esp_driver_rmt.dir/src/rmt_encoder.c.obj
[47/935] Building C object esp-idf/wpa_supplicant/CMakeFiles/__idf_wpa_supplicant.dir/src/crypto/sha1-prf.c.obj
[45/1047] Linking C static library esp-idf/tcp_transport/libtcp_transport.a
[46/1047] Building C object esp-idf/esp_driver_sdspi/CMakeFiles/__idf_esp_driver_sdspi.dir/src/sdspi_transaction.c.obj
[48/935] Building C object esp-idf/wpa_supplicant/CMakeFiles/__idf_wpa_supplicant.dir/src/eap_peer/mschapv2.c.obj
[186/1045] Building C object esp-idf/wpa_supplicant/CMakeFiles/__idf_wpa_supplicant.dir/src/wps/wps_common.c.obj
[47/1047] Building C object esp-idf/esp_driver_rmt/CMakeFiles/__idf_esp_driver_rmt.dir/src/rmt_encoder_copy.c.obj
[48/1047] Building C object esp-idf/esp_driver_rmt/CMakeFiles/__idf_esp_driver_rmt.dir/src/rmt_encoder_bytes.c.obj
[49/935] Building C object esp-idf/wpa_supplicant/CMakeFiles/__idf_wpa_supplicant.dir/src/eap_peer/eap_peap_common.c.obj
[187/1045] Building C object esp-idf/wpa_supplicant/CMakeFiles/__idf_wpa_supplicant.dir/esp_supplicant/src/esp_wpas_glue.c.obj
[50/935] Building C object esp-idf/wpa_supplicant/CMakeFiles/__idf_wpa_supplicant.dir/src/crypto/md4-internal.c.obj
[188/1045] Building C object esp-idf/wpa_supplicant/CMakeFiles/__idf_wpa_supplicant.dir/esp_supplicant/src/crypto/tls_mbedtls.c.obj
[49/1047] Building C object esp-idf/esp_driver_rmt/CMakeFiles/__idf_esp_driver_rmt.dir/src/rmt_common.c.obj
[189/1045] Building C object esp-idf/wpa_supplicant/CMakeFiles/__idf_wpa_supplicant.dir/src/wps/wps_dev_attr.c.obj
[190/1045] Building C object esp-idf/wpa_supplicant/CMakeFiles/__idf_wpa_supplicant.dir/esp_supplicant/src/esp_wpa_main.c.obj
[50/1047] Building C object esp-idf/esp_driver_i2c/CMakeFiles/__idf_esp_driver_i2c.dir/i2c_master.c.obj
[51/1047] Linking C static library esp-idf/esp_adc/libesp_adc.a
[51/935] Building C object esp-idf/wpa_supplicant/CMakeFiles/__idf_wpa_supplicant.dir/src/common/wpa_common.c.obj
[191/1045] Building C object esp-idf/wpa_supplicant/CMakeFiles/__idf_wpa_supplicant.dir/esp_supplicant/src/esp_owe.c.obj
Applet kill OK -> /home/tikhon/Документы/magnolia/rootfs/bin/kill
Building applet true -> true ...
+ idf.py elf
[192/1045] Building C object esp-idf/wpa_supplicant/CMakeFiles/__idf_wpa_supplicant.dir/esp_supplicant/src/esp_common.c.obj
[52/935] Building C object esp-idf/esp_driver_spi/CMakeFiles/__idf_esp_driver_spi.dir/src/gpspi/spi_master.c.obj
[53/935] Building C object esp-idf/wpa_supplicant/CMakeFiles/__idf_wpa_supplicant.dir/src/eap_peer/eap_common.c.obj
[52/1047] Building C object esp-idf/esp_driver_sdmmc/CMakeFiles/__idf_esp_driver_sdmmc.dir/legacy/src/sdmmc_host.c.obj
[54/935] Building C object esp-idf/wpa_supplicant/CMakeFiles/__idf_wpa_supplicant.dir/src/eap_peer/eap_mschapv2.c.obj
[53/1047] Linking C static library esp-idf/esp-tls/libesp-tls.a
[193/1045] Building C object esp-idf/wpa_supplicant/CMakeFiles/__idf_wpa_supplicant.dir/src/common/sae_pk.c.obj
[194/1045] Building C object esp-idf/wpa_supplicant/CMakeFiles/__idf_wpa_supplicant.dir/esp_supplicant/src/crypto/fastpsk.c.obj
[54/1047] Building C object esp-idf/esp_driver_sdmmc/CMakeFiles/__idf_esp_driver_sdmmc.dir/legacy/src/sdmmc_transaction.c.obj
Applet pwd OK -> /home/tikhon/Документы/magnolia/rootfs/bin/pwd
Building applet uname -> uname ...
+ idf.py elf
[55/935] Building C object esp-idf/wpa_supplicant/CMakeFiles/__idf_wpa_supplicant.dir/src/ap/wpa_auth.c.obj
[195/1045] Building C object esp-idf/wpa_supplicant/CMakeFiles/__idf_wpa_supplicant.dir/src/crypto/aes-wrap.c.obj
[196/1045] Building C object esp-idf/wpa_supplicant/CMakeFiles/__idf_wpa_supplicant.dir/esp_supplicant/src/crypto/fastpbkdf2.c.obj
[56/935] Linking C static library esp-idf/esp_driver_spi/libesp_driver_spi.a
[55/1047] Building C object esp-idf/esp_driver_twai/CMakeFiles/__idf_esp_driver_twai.dir/esp_twai_onchip.c.obj
[57/935] Building C object esp-idf/wpa_supplicant/CMakeFiles/__idf_wpa_supplicant.dir/src/eap_peer/eap_fast_common.c.obj
[197/1045] Linking C static library esp-idf/esp_coex/libesp_coex.a
NOTICE: Processing 3 dependencies:
NOTICE: [1/3] espressif/cmake_utilities (0.5.3)
[58/935] Building C object esp-idf/wpa_supplicant/CMakeFiles/__idf_wpa_supplicant.dir/src/eap_peer/eap_tls.c.obj
[59/935] Building C object esp-idf/wpa_supplicant/CMakeFiles/__idf_wpa_supplicant.dir/src/eap_peer/eap.c.obj
[198/1045] Building C object esp-idf/esp_netif/CMakeFiles/__idf_esp_netif.dir/esp_netif_defaults.c.obj
[60/935] Linking C static library esp-idf/esp_wifi/libesp_wifi.a
[56/1047] Building C object esp-idf/esp_driver_rmt/CMakeFiles/__idf_esp_driver_rmt.dir/src/rmt_rx.c.obj
[57/1047] Building C object esp-idf/esp_driver_sdspi/CMakeFiles/__idf_esp_driver_sdspi.dir/src/sdspi_host.c.obj
[58/1047] Building C object esp-idf/esp_driver_sd_intf/CMakeFiles/__idf_esp_driver_sd_intf.dir/sd_host.c.obj
[199/1045] Building C object esp-idf/wpa_supplicant/CMakeFiles/__idf_wpa_supplicant.dir/esp_supplicant/src/esp_hostap.c.obj
Applet sh OK -> /home/tikhon/Документы/magnolia/rootfs/bin/sh
Building applet user -> user ...
+ idf.py elf
[200/1045] Building C object esp-idf/wpa_supplicant/CMakeFiles/__idf_wpa_supplicant.dir/esp_supplicant/src/crypto/crypto_mbedtls-bignum.c.obj
[59/1047] Building C object esp-idf/sdmmc/CMakeFiles/__idf_sdmmc.dir/sdmmc_mmc.c.obj
[201/1045] Building C object esp-idf/wpa_supplicant/CMakeFiles/__idf_wpa_supplicant.dir/src/crypto/rc4.c.obj
[60/1047] Building C object esp-idf/sdmmc/CMakeFiles/__idf_sdmmc.dir/sd_pwr_ctrl/sd_pwr_ctrl.c.obj
[202/1045] Building C object esp-idf/wpa_supplicant/CMakeFiles/__idf_wpa_supplicant.dir/esp_supplicant/src/esp_wpa3.c.obj
[61/1047] Building C object esp-idf/sdmmc/CMakeFiles/__idf_sdmmc.dir/sdmmc_init.c.obj
[203/1045] Building C object esp-idf/wpa_supplicant/CMakeFiles/__idf_wpa_supplicant.dir/esp_supplicant/src/esp_wps.c.obj
[61/935] Building C object esp-idf/wpa_supplicant/CMakeFiles/__idf_wpa_supplicant.dir/src/utils/wpabuf.c.obj
[204/1045] Building C object esp-idf/wpa_supplicant/CMakeFiles/__idf_wpa_supplicant.dir/esp_supplicant/src/crypto/crypto_mbedtls-rsa.c.obj
[205/1045] Building C object esp-idf/wpa_supplicant/CMakeFiles/__idf_wpa_supplicant.dir/src/wps/wps_enrollee.c.obj
[62/935] Building C object esp-idf/wpa_supplicant/CMakeFiles/__idf_wpa_supplicant.dir/src/eap_peer/eap_tls_common.c.obj
[63/935] Building C object esp-idf/wpa_supplicant/CMakeFiles/__idf_wpa_supplicant.dir/src/utils/base64.c.obj
[206/1045] Building C object esp-idf/wpa_supplicant/CMakeFiles/__idf_wpa_supplicant.dir/src/crypto/aes-unwrap.c.obj
[64/935] Building C object esp-idf/wpa_supplicant/CMakeFiles/__idf_wpa_supplicant.dir/src/utils/uuid.c.obj
[62/1047] Building C object esp-idf/driver/CMakeFiles/__idf_driver.dir/touch_sensor/esp32s3/touch_sensor.c.obj
[63/1047] Building C object esp-idf/sdmmc/CMakeFiles/__idf_sdmmc.dir/sdmmc_io.c.obj
[65/935] Building C object esp-idf/wpa_supplicant/CMakeFiles/__idf_wpa_supplicant.dir/src/common/sae.c.obj
[66/935] Building C object esp-idf/wpa_supplicant/CMakeFiles/__idf_wpa_supplicant.dir/src/utils/common.c.obj
[64/1047] Building C object esp-idf/esp_driver_sdmmc/CMakeFiles/__idf_esp_driver_sdmmc.dir/src/sd_trans_sdmmc.c.obj
[207/1045] Building C object esp-idf/wpa_supplicant/CMakeFiles/__idf_wpa_supplicant.dir/src/rsn_supp/wpa.c.obj
[67/935] Building C object esp-idf/wpa_supplicant/CMakeFiles/__idf_wpa_supplicant.dir/src/utils/ext_password.c.obj
[208/1045] Building C object esp-idf/esp_netif/CMakeFiles/__idf_esp_netif.dir/esp_netif_objects.c.obj
[209/1045] Building C object esp-idf/wpa_supplicant/CMakeFiles/__idf_wpa_supplicant.dir/src/crypto/aes-ccm.c.obj
[68/935] Building C object esp-idf/wpa_supplicant/CMakeFiles/__idf_wpa_supplicant.dir/src/rsn_supp/wpa_ie.c.obj
[69/935] Building C object esp-idf/wpa_supplicant/CMakeFiles/__idf_wpa_supplicant.dir/src/utils/wpa_debug.c.obj
[210/1045] Building C object esp-idf/esp_netif/CMakeFiles/__idf_esp_netif.dir/esp_netif_handlers.c.obj
[70/935] Building C object esp-idf/wpa_supplicant/CMakeFiles/__idf_wpa_supplicant.dir/src/eap_peer/eap_fast_pac.c.obj
[211/1045] Building C object esp-idf/esp_netif/CMakeFiles/__idf_esp_netif.dir/lwip/netif/esp_pbuf_ref.c.obj
-- ESP-TEE is currently supported only on the esp32c6;esp32h2;esp32c5 SoCs
[212/1045] Building C object esp-idf/esp_netif/CMakeFiles/__idf_esp_netif.dir/lwip/netif/wlanif.c.obj
[213/1045] Building C object esp-idf/wpa_supplicant/CMakeFiles/__idf_wpa_supplicant.dir/esp_supplicant/src/crypto/crypto_mbedtls.c.obj
[65/1047] Building C object esp-idf/esp_driver_i2s/CMakeFiles/__idf_esp_driver_i2s.dir/i2s_tdm.c.obj
[214/1045] Building C object esp-idf/lwip/CMakeFiles/__idf_lwip.dir/lwip/src/api/err.c.obj
[71/935] Building C object esp-idf/wpa_supplicant/CMakeFiles/__idf_wpa_supplicant.dir/src/rsn_supp/pmksa_cache.c.obj
[72/935] Building C object esp-idf/wpa_supplicant/CMakeFiles/__idf_wpa_supplicant.dir/src/eap_peer/eap_ttls.c.obj
[73/935] Building C object esp-idf/wpa_supplicant/CMakeFiles/__idf_wpa_supplicant.dir/esp_supplicant/src/esp_wpa2_api_port.c.obj
[215/1045] Building C object esp-idf/lwip/CMakeFiles/__idf_lwip.dir/lwip/src/api/netbuf.c.obj
[66/1047] Building C object esp-idf/esp_driver_i2s/CMakeFiles/__idf_esp_driver_i2s.dir/i2s_platform.c.obj
[67/1047] Building C object esp-idf/sdmmc/CMakeFiles/__idf_sdmmc.dir/sdmmc_common.c.obj
[68/1047] Building C object esp-idf/driver/CMakeFiles/__idf_driver.dir/i2c/i2c.c.obj
[216/1045] Building C object esp-idf/esp_netif/CMakeFiles/__idf_esp_netif.dir/lwip/esp_netif_lwip_defaults.c.obj
[217/1045] Building C object esp-idf/esp_netif/CMakeFiles/__idf_esp_netif.dir/lwip/esp_netif_sntp.c.obj
[218/1045] Building C object esp-idf/esp_netif/CMakeFiles/__idf_esp_netif.dir/lwip/netif/ethernetif.c.obj
[219/1045] Building C object esp-idf/wpa_supplicant/CMakeFiles/__idf_wpa_supplicant.dir/src/crypto/des-internal.c.obj
[74/935] Building C object esp-idf/wpa_supplicant/CMakeFiles/__idf_wpa_supplicant.dir/src/wps/wps_attr_build.c.obj
[220/1045] Building C object esp-idf/lwip/CMakeFiles/__idf_lwip.dir/lwip/src/api/if_api.c.obj
[75/935] Building C object esp-idf/wpa_supplicant/CMakeFiles/__idf_wpa_supplicant.dir/src/eap_peer/eap_peap.c.obj
[221/1045] Building C object esp-idf/wpa_supplicant/CMakeFiles/__idf_wpa_supplicant.dir/esp_supplicant/src/esp_eap_client.c.obj
[76/935] Building C object esp-idf/wpa_supplicant/CMakeFiles/__idf_wpa_supplicant.dir/src/wps/wps.c.obj
[77/935] Building C object esp-idf/wpa_supplicant/CMakeFiles/__idf_wpa_supplicant.dir/src/utils/json.c.obj
[78/935] Building C object esp-idf/wpa_supplicant/CMakeFiles/__idf_wpa_supplicant.dir/src/wps/wps_attr_process.c.obj
[69/1047] Building C object esp-idf/sdmmc/CMakeFiles/__idf_sdmmc.dir/sdmmc_cmd.c.obj
[222/1045] Building C object esp-idf/lwip/CMakeFiles/__idf_lwip.dir/lwip/src/apps/netbiosns/netbiosns.c.obj
[70/1047] Building C object esp-idf/esp_driver_i2s/CMakeFiles/__idf_esp_driver_i2s.dir/i2s_common.c.obj
[79/935] Building C object esp-idf/wpa_supplicant/CMakeFiles/__idf_wpa_supplicant.dir/src/wps/wps_dev_attr.c.obj
[71/1047] Building C object esp-idf/esp_driver_i2s/CMakeFiles/__idf_esp_driver_i2s.dir/i2s_std.c.obj
[223/1045] Building C object esp-idf/lwip/CMakeFiles/__idf_lwip.dir/apps/sntp/sntp.c.obj
[224/1045] Building C object esp-idf/lwip/CMakeFiles/__idf_lwip.dir/lwip/src/api/netifapi.c.obj
[225/1045] Building C object esp-idf/lwip/CMakeFiles/__idf_lwip.dir/lwip/src/api/api_lib.c.obj
[72/1047] Building C object esp-idf/esp_driver_mcpwm/CMakeFiles/__idf_esp_driver_mcpwm.dir/src/mcpwm_cmpr.c.obj
[80/935] Building C object esp-idf/wpa_supplicant/CMakeFiles/__idf_wpa_supplicant.dir/src/eap_peer/eap_fast.c.obj
[73/1047] Building C object esp-idf/sdmmc/CMakeFiles/__idf_sdmmc.dir/sdmmc_sd.c.obj
[81/935] Building C object esp-idf/wpa_supplicant/CMakeFiles/__idf_wpa_supplicant.dir/esp_supplicant/src/esp_wpas_glue.c.obj
[74/1047] Building C object esp-idf/http_parser/CMakeFiles/__idf_http_parser.dir/http_parser.c.obj
[226/1045] Building C object esp-idf/lwip/CMakeFiles/__idf_lwip.dir/lwip/src/core/init.c.obj
[82/935] Building C object esp-idf/wpa_supplicant/CMakeFiles/__idf_wpa_supplicant.dir/esp_supplicant/src/esp_owe.c.obj
-- Configuring incomplete, errors occurred!
[227/1045] Building C object esp-idf/lwip/CMakeFiles/__idf_lwip.dir/lwip/src/apps/sntp/sntp.c.obj
[83/935] Building C object esp-idf/wpa_supplicant/CMakeFiles/__idf_wpa_supplicant.dir/src/wps/wps_attr_parse.c.obj
[228/1045] Building C object esp-idf/lwip/CMakeFiles/__idf_lwip.dir/lwip/src/core/mem.c.obj
[75/1047] Building C object esp-idf/esp_driver_mcpwm/CMakeFiles/__idf_esp_driver_mcpwm.dir/src/mcpwm_fault.c.obj
[84/935] Building C object esp-idf/wpa_supplicant/CMakeFiles/__idf_wpa_supplicant.dir/src/wps/wps_common.c.obj
[229/1045] Building C object esp-idf/lwip/CMakeFiles/__idf_lwip.dir/lwip/src/core/def.c.obj
[76/1047] Linking C static library esp-idf/http_parser/libhttp_parser.a
[230/1045] Building C object esp-idf/lwip/CMakeFiles/__idf_lwip.dir/lwip/src/api/netdb.c.obj
[77/1047] Building C object esp-idf/esp_driver_mcpwm/CMakeFiles/__idf_esp_driver_mcpwm.dir/src/mcpwm_com.c.obj
[78/1047] Building C object esp-idf/esp_driver_sdmmc/CMakeFiles/__idf_esp_driver_sdmmc.dir/src/sd_host_sdmmc.c.obj
[79/1047] Building ASM object esp-idf/esp_gdbstub/CMakeFiles/__idf_esp_gdbstub.dir/src/port/xtensa/gdbstub-entry.S.obj
[85/935] Building C object esp-idf/wpa_supplicant/CMakeFiles/__idf_wpa_supplicant.dir/esp_supplicant/src/esp_common.c.obj
[231/1045] Building C object esp-idf/lwip/CMakeFiles/__idf_lwip.dir/lwip/src/core/ip.c.obj
[80/1047] Building C object esp-idf/esp_driver_i2s/CMakeFiles/__idf_esp_driver_i2s.dir/i2s_pdm.c.obj
[232/1045] Building C object esp-idf/wpa_supplicant/CMakeFiles/__idf_wpa_supplicant.dir/esp_supplicant/src/crypto/crypto_mbedtls-ec.c.obj
[86/935] Building C object esp-idf/wpa_supplicant/CMakeFiles/__idf_wpa_supplicant.dir/esp_supplicant/src/esp_wpa_main.c.obj
[233/1045] Building C object esp-idf/lwip/CMakeFiles/__idf_lwip.dir/lwip/src/api/tcpip.c.obj
[87/935] Building C object esp-idf/wpa_supplicant/CMakeFiles/__idf_wpa_supplicant.dir/src/rsn_supp/wpa.c.obj
[81/1047] Building ASM object esp-idf/esp_gdbstub/CMakeFiles/__idf_esp_gdbstub.dir/src/port/xtensa/xt_debugexception.S.obj
[234/1045] Building C object esp-idf/lwip/CMakeFiles/__idf_lwip.dir/lwip/src/core/stats.c.obj
[235/1045] Building C object esp-idf/lwip/CMakeFiles/__idf_lwip.dir/lwip/src/core/raw.c.obj
[82/1047] Building C object esp-idf/driver/CMakeFiles/__idf_driver.dir/deprecated/rmt_legacy.c.obj
[88/935] Building C object esp-idf/wpa_supplicant/CMakeFiles/__idf_wpa_supplicant.dir/src/common/sae_pk.c.obj
[83/1047] Building C object esp-idf/esp_driver_mcpwm/CMakeFiles/__idf_esp_driver_mcpwm.dir/src/mcpwm_cap.c.obj
[89/935] Building C object esp-idf/wpa_supplicant/CMakeFiles/__idf_wpa_supplicant.dir/esp_supplicant/src/crypto/fastpsk.c.obj
[236/1045] Building C object esp-idf/lwip/CMakeFiles/__idf_lwip.dir/lwip/src/core/inet_chksum.c.obj
[90/935] Building C object esp-idf/wpa_supplicant/CMakeFiles/__idf_wpa_supplicant.dir/src/crypto/des-internal.c.obj
[84/1047] Building C object esp-idf/esp_driver_ledc/CMakeFiles/__idf_esp_driver_ledc.dir/src/ledc.c.obj
[237/1045] Building C object esp-idf/lwip/CMakeFiles/__idf_lwip.dir/lwip/src/core/memp.c.obj
[85/1047] Building C object esp-idf/esp_driver_rmt/CMakeFiles/__idf_esp_driver_rmt.dir/src/rmt_tx.c.obj
[238/1045] Building C object esp-idf/lwip/CMakeFiles/__idf_lwip.dir/lwip/src/core/sys.c.obj
[91/935] Linking C static library esp-idf/esp_coex/libesp_coex.a
[86/1047] Building C object esp-idf/esp_driver_mcpwm/CMakeFiles/__idf_esp_driver_mcpwm.dir/src/mcpwm_sync.c.obj
[92/935] Building C object esp-idf/wpa_supplicant/CMakeFiles/__idf_wpa_supplicant.dir/esp_supplicant/src/esp_wpa3.c.obj
[87/1047] Linking C static library esp-idf/driver/libdriver.a
[93/935] Building C object esp-idf/wpa_supplicant/CMakeFiles/__idf_wpa_supplicant.dir/esp_supplicant/src/esp_wps.c.obj
[88/1047] Linking C static library esp-idf/esp_driver_twai/libesp_driver_twai.a
[94/935] Building C object esp-idf/wpa_supplicant/CMakeFiles/__idf_wpa_supplicant.dir/src/crypto/rc4.c.obj
[89/1047] Building C object esp-idf/esp_gdbstub/CMakeFiles/__idf_esp_gdbstub.dir/src/port/xtensa/gdbstub_xtensa.c.obj
[90/1047] Building C object esp-idf/esp_wifi/CMakeFiles/__idf_esp_wifi.dir/src/lib_printf.c.obj
[95/935] Building C object esp-idf/esp_netif/CMakeFiles/__idf_esp_netif.dir/esp_netif_defaults.c.obj
[91/1047] Building C object esp-idf/esp_gdbstub/CMakeFiles/__idf_esp_gdbstub.dir/src/packet.c.obj
[92/1047] Building C object esp-idf/esp_driver_mcpwm/CMakeFiles/__idf_esp_driver_mcpwm.dir/src/mcpwm_gen.c.obj
[93/1047] Building C object esp-idf/esp_gdbstub/CMakeFiles/__idf_esp_gdbstub.dir/src/gdbstub_transport.c.obj
[94/1047] Linking C static library esp-idf/esp_driver_ledc/libesp_driver_ledc.a
[239/1045] Linking C static library esp-idf/wpa_supplicant/libwpa_supplicant.a
[95/1047] Building C object esp-idf/esp_wifi/CMakeFiles/__idf_esp_wifi.dir/src/mesh_event.c.obj
[96/935] Building C object esp-idf/wpa_supplicant/CMakeFiles/__idf_wpa_supplicant.dir/src/crypto/aes-unwrap.c.obj
[97/935] Building C object esp-idf/wpa_supplicant/CMakeFiles/__idf_wpa_supplicant.dir/esp_supplicant/src/esp_hostap.c.obj
[240/1045] Building C object esp-idf/lwip/CMakeFiles/__idf_lwip.dir/lwip/src/core/ipv4/autoip.c.obj
[98/935] Building C object esp-idf/wpa_supplicant/CMakeFiles/__idf_wpa_supplicant.dir/esp_supplicant/src/crypto/crypto_mbedtls-bignum.c.obj
[96/1047] Linking C static library esp-idf/esp_driver_i2c/libesp_driver_i2c.a
[99/935] Building C object esp-idf/wpa_supplicant/CMakeFiles/__idf_wpa_supplicant.dir/src/wps/wps_enrollee.c.obj
[100/935] Building C object esp-idf/wpa_supplicant/CMakeFiles/__idf_wpa_supplicant.dir/esp_supplicant/src/crypto/fastpbkdf2.c.obj
[101/935] Building C object esp-idf/wpa_supplicant/CMakeFiles/__idf_wpa_supplicant.dir/src/crypto/aes-wrap.c.obj
[102/935] Building C object esp-idf/esp_netif/CMakeFiles/__idf_esp_netif.dir/esp_netif_handlers.c.obj
[241/1045] Building C object esp-idf/lwip/CMakeFiles/__idf_lwip.dir/lwip/src/core/ipv4/ip4_napt.c.obj
[103/935] Building C object esp-idf/wpa_supplicant/CMakeFiles/__idf_wpa_supplicant.dir/esp_supplicant/src/esp_eap_client.c.obj
[242/1045] Building C object esp-idf/lwip/CMakeFiles/__idf_lwip.dir/lwip/src/core/timeouts.c.obj
[97/1047] Linking C static library esp-idf/esp_driver_sdm/libesp_driver_sdm.a
[98/1047] Building C object esp-idf/esp_driver_mcpwm/CMakeFiles/__idf_esp_driver_mcpwm.dir/src/mcpwm_oper.c.obj
[104/935] Building C object esp-idf/esp_netif/CMakeFiles/__idf_esp_netif.dir/esp_netif_objects.c.obj
[243/1045] Building C object esp-idf/lwip/CMakeFiles/__idf_lwip.dir/lwip/src/core/netif.c.obj
[99/1047] Building C object esp-idf/esp_wifi/CMakeFiles/__idf_esp_wifi.dir/regulatory/esp_wifi_regulatory.c.obj
[100/1047] Building C object esp-idf/esp_driver_mcpwm/CMakeFiles/__idf_esp_driver_mcpwm.dir/src/mcpwm_timer.c.obj
[101/1047] Building C object esp-idf/esp_wifi/CMakeFiles/__idf_esp_wifi.dir/src/wifi_netif.c.obj
[102/1047] Building C object esp-idf/esp_gdbstub/CMakeFiles/__idf_esp_gdbstub.dir/src/gdbstub.c.obj
[103/1047] Building C object esp-idf/esp_wifi/CMakeFiles/__idf_esp_wifi.dir/src/wifi_default_ap.c.obj
[104/1047] Linking C static library esp-idf/esp_driver_tsens/libesp_driver_tsens.a
[105/1047] Building C object esp-idf/esp_coex/CMakeFiles/__idf_esp_coex.dir/src/coexist_debug_diagram.c.obj
[106/1047] Building C object esp-idf/esp_wifi/CMakeFiles/__idf_esp_wifi.dir/src/wifi_init.c.obj
[244/1045] Building C object esp-idf/lwip/CMakeFiles/__idf_lwip.dir/lwip/src/api/api_msg.c.obj
[105/935] Building C object esp-idf/wpa_supplicant/CMakeFiles/__idf_wpa_supplicant.dir/src/crypto/aes-ccm.c.obj
[245/1045] Building C object esp-idf/lwip/CMakeFiles/__idf_lwip.dir/lwip/src/core/pbuf.c.obj
[107/1047] Building C object esp-idf/esp_wifi/CMakeFiles/__idf_esp_wifi.dir/src/smartconfig.c.obj
[108/1047] Building C object esp-idf/esp_driver_pcnt/CMakeFiles/__idf_esp_driver_pcnt.dir/src/pulse_cnt.c.obj
[106/935] Building C object esp-idf/esp_netif/CMakeFiles/__idf_esp_netif.dir/lwip/esp_netif_lwip_defaults.c.obj
[246/1045] Building C object esp-idf/lwip/CMakeFiles/__idf_lwip.dir/lwip/src/core/ipv4/etharp.c.obj
[109/1047] Building C object esp-idf/esp_coex/CMakeFiles/__idf_esp_coex.dir/esp32s3/esp_coex_adapter.c.obj
[247/1045] Building C object esp-idf/lwip/CMakeFiles/__idf_lwip.dir/lwip/src/core/ipv4/icmp.c.obj
[110/1047] Linking C static library esp-idf/esp_driver_rmt/libesp_driver_rmt.a
[107/935] Building C object esp-idf/wpa_supplicant/CMakeFiles/__idf_wpa_supplicant.dir/esp_supplicant/src/crypto/crypto_mbedtls-rsa.c.obj
[108/935] Building C object esp-idf/wpa_supplicant/CMakeFiles/__idf_wpa_supplicant.dir/esp_supplicant/src/crypto/crypto_mbedtls.c.obj
[111/1047] Building C object esp-idf/esp_coex/CMakeFiles/__idf_esp_coex.dir/src/coexist_debug.c.obj
[109/935] Building C object esp-idf/lwip/CMakeFiles/__idf_lwip.dir/lwip/src/api/api_lib.c.obj
[248/1045] Building C object esp-idf/lwip/CMakeFiles/__idf_lwip.dir/lwip/src/core/ipv4/ip4_frag.c.obj
[110/935] Building C object esp-idf/esp_netif/CMakeFiles/__idf_esp_netif.dir/lwip/netif/wlanif.c.obj
[111/935] Building C object esp-idf/esp_netif/CMakeFiles/__idf_esp_netif.dir/lwip/netif/ethernetif.c.obj
[249/1045] Building C object esp-idf/lwip/CMakeFiles/__idf_lwip.dir/lwip/src/core/ipv6/ethip6.c.obj
[250/1045] Building C object esp-idf/lwip/CMakeFiles/__idf_lwip.dir/lwip/src/core/ipv6/icmp6.c.obj
[112/1047] Linking C static library esp-idf/esp_driver_sdspi/libesp_driver_sdspi.a
[251/1045] Building C object esp-idf/lwip/CMakeFiles/__idf_lwip.dir/lwip/src/core/ipv4/igmp.c.obj
[112/935] Building C object esp-idf/wpa_supplicant/CMakeFiles/__idf_wpa_supplicant.dir/esp_supplicant/src/crypto/tls_mbedtls.c.obj
[252/1045] Building C object esp-idf/lwip/CMakeFiles/__idf_lwip.dir/lwip/src/core/ipv4/ip4_addr.c.obj
[113/935] Building C object esp-idf/esp_netif/CMakeFiles/__idf_esp_netif.dir/lwip/netif/esp_pbuf_ref.c.obj
[113/1047] Building C object esp-idf/esp_driver_spi/CMakeFiles/__idf_esp_driver_spi.dir/src/gpspi/spi_master.c.obj
[253/1045] Building C object esp-idf/lwip/CMakeFiles/__idf_lwip.dir/lwip/src/core/ipv6/dhcp6.c.obj
[114/1047] Building C object esp-idf/esp_wifi/CMakeFiles/__idf_esp_wifi.dir/src/wifi_default.c.obj
[254/1045] Building C object esp-idf/lwip/CMakeFiles/__idf_lwip.dir/lwip/src/core/ipv4/ip4.c.obj
[114/935] Building C object esp-idf/lwip/CMakeFiles/__idf_lwip.dir/lwip/src/api/err.c.obj
[255/1045] Building C object esp-idf/lwip/CMakeFiles/__idf_lwip.dir/lwip/src/core/dns.c.obj
[256/1045] Building C object esp-idf/lwip/CMakeFiles/__idf_lwip.dir/lwip/src/core/ipv6/inet6.c.obj
[115/935] Building C object esp-idf/esp_netif/CMakeFiles/__idf_esp_netif.dir/lwip/esp_netif_sntp.c.obj
[257/1045] Building C object esp-idf/lwip/CMakeFiles/__idf_lwip.dir/lwip/src/core/udp.c.obj
[115/1047] Linking C static library esp-idf/esp_driver_sdmmc/libesp_driver_sdmmc.a
[116/1047] Building C object esp-idf/esp_driver_spi/CMakeFiles/__idf_esp_driver_spi.dir/src/gpspi/spi_slave.c.obj
[116/935] Building C object esp-idf/lwip/CMakeFiles/__idf_lwip.dir/lwip/src/api/if_api.c.obj
[117/935] Building C object esp-idf/lwip/CMakeFiles/__idf_lwip.dir/lwip/src/api/netbuf.c.obj
[118/935] Building C object esp-idf/lwip/CMakeFiles/__idf_lwip.dir/apps/sntp/sntp.c.obj
[117/1047] Building C object esp-idf/wpa_supplicant/CMakeFiles/__idf_wpa_supplicant.dir/port/os_xtensa.c.obj
[118/1047] Building C object esp-idf/esp_wifi/CMakeFiles/__idf_esp_wifi.dir/src/smartconfig_ack.c.obj
[119/1047] Building C object esp-idf/esp_driver_spi/CMakeFiles/__idf_esp_driver_spi.dir/src/gpspi/spi_slave_hd.c.obj
[258/1045] Building C object esp-idf/lwip/CMakeFiles/__idf_lwip.dir/lwip/src/core/tcp_out.c.obj
[120/1047] Linking C static library esp-idf/esp_driver_sd_intf/libesp_driver_sd_intf.a
[119/935] Building C object esp-idf/lwip/CMakeFiles/__idf_lwip.dir/lwip/src/api/tcpip.c.obj
Command failed (2): idf.py reconfigure
Skipping failed applet reconfigure: elftest
Building applet vi -> vi ...
+ idf.py elf
[259/1045] Building C object esp-idf/lwip/CMakeFiles/__idf_lwip.dir/lwip/src/netif/ethernet.c.obj
[120/935] Building C object esp-idf/lwip/CMakeFiles/__idf_lwip.dir/lwip/src/api/netifapi.c.obj
[121/935] Building C object esp-idf/lwip/CMakeFiles/__idf_lwip.dir/lwip/src/core/mem.c.obj
[121/1047] Building C object esp-idf/wpa_supplicant/CMakeFiles/__idf_wpa_supplicant.dir/src/ap/ap_config.c.obj
[122/935] Building C object esp-idf/lwip/CMakeFiles/__idf_lwip.dir/lwip/src/core/init.c.obj
[123/935] Building C object esp-idf/lwip/CMakeFiles/__idf_lwip.dir/lwip/src/api/netdb.c.obj
[122/1047] Linking C static library esp-idf/sdmmc/libsdmmc.a
[123/1047] Building C object esp-idf/wpa_supplicant/CMakeFiles/__idf_wpa_supplicant.dir/src/common/dragonfly.c.obj
[124/1047] Building C object esp-idf/wpa_supplicant/CMakeFiles/__idf_wpa_supplicant.dir/src/utils/bitfield.c.obj
[124/935] Building C object esp-idf/lwip/CMakeFiles/__idf_lwip.dir/lwip/src/core/def.c.obj
[125/1047] Building C object esp-idf/wpa_supplicant/CMakeFiles/__idf_wpa_supplicant.dir/src/ap/wpa_auth_ie.c.obj
[125/935] Building C object esp-idf/lwip/CMakeFiles/__idf_lwip.dir/lwip/src/api/api_msg.c.obj
[126/935] Building C object esp-idf/lwip/CMakeFiles/__idf_lwip.dir/lwip/src/core/stats.c.obj
[126/1047] Building C object esp-idf/wpa_supplicant/CMakeFiles/__idf_wpa_supplicant.dir/src/ap/comeback_token.c.obj
[260/1045] Building C object esp-idf/lwip/CMakeFiles/__idf_lwip.dir/lwip/src/core/tcp_in.c.obj
[127/935] Building C object esp-idf/lwip/CMakeFiles/__idf_lwip.dir/lwip/src/apps/sntp/sntp.c.obj
[261/1045] Building C object esp-idf/lwip/CMakeFiles/__idf_lwip.dir/lwip/src/netif/bridgeif.c.obj
[127/1047] Building C object esp-idf/esp_wifi/CMakeFiles/__idf_esp_wifi.dir/esp32s3/esp_adapter.c.obj
[262/1045] Building C object esp-idf/lwip/CMakeFiles/__idf_lwip.dir/lwip/src/netif/ppp/ccp.c.obj
[128/935] Building C object esp-idf/wpa_supplicant/CMakeFiles/__idf_wpa_supplicant.dir/esp_supplicant/src/crypto/crypto_mbedtls-ec.c.obj
[263/1045] Building C object esp-idf/lwip/CMakeFiles/__idf_lwip.dir/lwip/src/netif/ppp/chap-new.c.obj
[128/1047] Linking C static library esp-idf/esp_driver_i2s/libesp_driver_i2s.a
[264/1045] Building C object esp-idf/lwip/CMakeFiles/__idf_lwip.dir/lwip/src/netif/ppp/auth.c.obj
[265/1045] Building C object esp-idf/lwip/CMakeFiles/__idf_lwip.dir/lwip/src/core/ipv4/dhcp.c.obj
[129/935] Building C object esp-idf/lwip/CMakeFiles/__idf_lwip.dir/lwip/src/apps/netbiosns/netbiosns.c.obj
[129/1047] Building C object esp-idf/wpa_supplicant/CMakeFiles/__idf_wpa_supplicant.dir/src/ap/pmksa_cache_auth.c.obj
[266/1045] Building C object esp-idf/lwip/CMakeFiles/__idf_lwip.dir/lwip/src/core/ipv6/ip6_addr.c.obj
[130/1047] Building C object esp-idf/wpa_supplicant/CMakeFiles/__idf_wpa_supplicant.dir/src/ap/sta_info.c.obj
[267/1045] Building C object esp-idf/lwip/CMakeFiles/__idf_lwip.dir/lwip/src/core/ipv6/ip6_frag.c.obj
[131/1047] Building C object esp-idf/wpa_supplicant/CMakeFiles/__idf_wpa_supplicant.dir/src/ap/ieee802_1x.c.obj
[268/1045] Building C object esp-idf/lwip/CMakeFiles/__idf_lwip.dir/lwip/src/netif/ppp/chap-md5.c.obj
[130/935] Building C object esp-idf/lwip/CMakeFiles/__idf_lwip.dir/lwip/src/core/sys.c.obj
[132/1047] Building C object esp-idf/esp_driver_spi/CMakeFiles/__idf_esp_driver_spi.dir/src/gpspi/spi_common.c.obj
[269/1045] Building C object esp-idf/lwip/CMakeFiles/__idf_lwip.dir/lwip/src/netif/slipif.c.obj
Executing action: elf
Running ninja in directory /home/tikhon/Документы/magnolia/applets/mainline/sort/build
Executing "ninja elf"...
[1/1] Build ELF: sort.app.elf
[270/1045] Building C object esp-idf/lwip/CMakeFiles/__idf_lwip.dir/lwip/src/netif/ppp/chap_ms.c.obj
[271/1045] Building C object esp-idf/lwip/CMakeFiles/__idf_lwip.dir/lwip/src/core/ipv6/mld6.c.obj
[133/1047] Building C object esp-idf/wpa_supplicant/CMakeFiles/__idf_wpa_supplicant.dir/port/eloop.c.obj
[134/1047] Linking C static library esp-idf/esp_driver_mcpwm/libesp_driver_mcpwm.a
[272/1045] Building C object esp-idf/lwip/CMakeFiles/__idf_lwip.dir/lwip/src/netif/bridgeif_fdb.c.obj
[131/935] Building C object esp-idf/lwip/CMakeFiles/__idf_lwip.dir/lwip/src/core/memp.c.obj
[273/1045] Building C object esp-idf/lwip/CMakeFiles/__idf_lwip.dir/lwip/src/core/ipv6/ip6.c.obj
[135/1047] Building C object esp-idf/wpa_supplicant/CMakeFiles/__idf_wpa_supplicant.dir/src/crypto/ccmp.c.obj
[132/935] Building C object esp-idf/lwip/CMakeFiles/__idf_lwip.dir/lwip/src/core/ip.c.obj
[136/1047] Building C object esp-idf/wpa_supplicant/CMakeFiles/__idf_wpa_supplicant.dir/src/ap/ieee802_11.c.obj
[137/1047] Building C object esp-idf/wpa_supplicant/CMakeFiles/__idf_wpa_supplicant.dir/src/crypto/sha256-kdf.c.obj
[133/935] Building C object esp-idf/lwip/CMakeFiles/__idf_lwip.dir/lwip/src/core/dns.c.obj
[274/1045] Building C object esp-idf/lwip/CMakeFiles/__idf_lwip.dir/lwip/src/core/tcp.c.obj
[134/935] Building C object esp-idf/lwip/CMakeFiles/__idf_lwip.dir/lwip/src/core/inet_chksum.c.obj
[275/1045] Building C object esp-idf/lwip/CMakeFiles/__idf_lwip.dir/lwip/src/netif/ppp/magic.c.obj
[138/1047] Linking C static library esp-idf/esp_driver_pcnt/libesp_driver_pcnt.a
[276/1045] Building C object esp-idf/esp_netif/CMakeFiles/__idf_esp_netif.dir/lwip/esp_netif_lwip.c.obj
[135/935] Building C object esp-idf/lwip/CMakeFiles/__idf_lwip.dir/lwip/src/core/ipv4/autoip.c.obj
[277/1045] Building C object esp-idf/lwip/CMakeFiles/__idf_lwip.dir/lwip/src/netif/ppp/ppp.c.obj
[278/1045] Building C object esp-idf/lwip/CMakeFiles/__idf_lwip.dir/lwip/src/netif/ppp/fsm.c.obj
[139/1047] Building C object esp-idf/wpa_supplicant/CMakeFiles/__idf_wpa_supplicant.dir/src/crypto/dh_group5.c.obj
[140/1047] Linking C static library esp-idf/esp_gdbstub/libesp_gdbstub.a
[279/1045] Building C object esp-idf/lwip/CMakeFiles/__idf_lwip.dir/lwip/src/netif/ppp/demand.c.obj
[141/1047] Building C object esp-idf/wpa_supplicant/CMakeFiles/__idf_wpa_supplicant.dir/src/crypto/crypto_ops.c.obj
[280/1045] Building C object esp-idf/lwip/CMakeFiles/__idf_lwip.dir/lwip/src/netif/ppp/eap.c.obj
[136/935] Linking C static library esp-idf/wpa_supplicant/libwpa_supplicant.a
[281/1045] Building C object esp-idf/lwip/CMakeFiles/__idf_lwip.dir/lwip/src/netif/ppp/ipcp.c.obj
[142/1047] Building C object esp-idf/wpa_supplicant/CMakeFiles/__idf_wpa_supplicant.dir/src/crypto/sha1-tlsprf.c.obj
[143/1047] Building C object esp-idf/wpa_supplicant/CMakeFiles/__idf_wpa_supplicant.dir/src/crypto/aes-siv.c.obj
[282/1045] Building C object esp-idf/lwip/CMakeFiles/__idf_lwip.dir/lwip/src/api/sockets.c.obj
Executing action: elf
Running ninja in directory /home/tikhon/Документы/magnolia/applets/mainline/shell/build
Executing "ninja elf"...
[1/1] Build ELF: shell.app.elf
[144/1047] Building C object esp-idf/wpa_supplicant/CMakeFiles/__idf_wpa_supplicant.dir/src/crypto/aes-gcm.c.obj
[283/1045] Building C object esp-idf/lwip/CMakeFiles/__idf_lwip.dir/lwip/src/netif/ppp/ecp.c.obj
[145/1047] Building C object esp-idf/wpa_supplicant/CMakeFiles/__idf_wpa_supplicant.dir/src/crypto/sha256-prf.c.obj
[284/1045] Building C object esp-idf/lwip/CMakeFiles/__idf_lwip.dir/lwip/src/netif/ppp/eui64.c.obj
[285/1045] Building C object esp-idf/lwip/CMakeFiles/__idf_lwip.dir/lwip/src/netif/ppp/pppapi.c.obj
[286/1045] Building C object esp-idf/lwip/CMakeFiles/__idf_lwip.dir/lwip/src/netif/ppp/ipv6cp.c.obj
[146/1047] Building C object esp-idf/wpa_supplicant/CMakeFiles/__idf_wpa_supplicant.dir/src/crypto/sha384-tlsprf.c.obj
[287/1045] Building C object esp-idf/lwip/CMakeFiles/__idf_lwip.dir/lwip/src/netif/ppp/lcp.c.obj
[147/1047] Linking C static library esp-idf/esp_driver_spi/libesp_driver_spi.a
[288/1045] Building C object esp-idf/lwip/CMakeFiles/__idf_lwip.dir/lwip/src/netif/ppp/mppe.c.obj
[289/1045] Building C object esp-idf/lwip/CMakeFiles/__idf_lwip.dir/lwip/src/netif/ppp/multilink.c.obj
[137/935] Building C object esp-idf/lwip/CMakeFiles/__idf_lwip.dir/lwip/src/core/ipv4/ip4.c.obj
[290/1045] Building C object esp-idf/lwip/CMakeFiles/__idf_lwip.dir/lwip/src/netif/ppp/vj.c.obj
[138/935] Building C object esp-idf/lwip/CMakeFiles/__idf_lwip.dir/lwip/src/core/raw.c.obj
[139/935] Building C object esp-idf/lwip/CMakeFiles/__idf_lwip.dir/lwip/src/core/ipv4/dhcp.c.obj
[148/1047] Building C object esp-idf/wpa_supplicant/CMakeFiles/__idf_wpa_supplicant.dir/src/crypto/sha256-tlsprf.c.obj
[291/1045] Building C object esp-idf/lwip/CMakeFiles/__idf_lwip.dir/lwip/src/netif/ppp/pppol2tp.c.obj
[292/1045] Building C object esp-idf/lwip/CMakeFiles/__idf_lwip.dir/lwip/src/netif/ppp/pppcrypt.c.obj
[140/935] Building C object esp-idf/lwip/CMakeFiles/__idf_lwip.dir/lwip/src/core/timeouts.c.obj
[149/1047] Building C object esp-idf/wpa_supplicant/CMakeFiles/__idf_wpa_supplicant.dir/src/crypto/sha1-prf.c.obj
[150/1047] Building C object esp-idf/wpa_supplicant/CMakeFiles/__idf_wpa_supplicant.dir/src/crypto/dh_groups.c.obj
[141/935] Building C object esp-idf/lwip/CMakeFiles/__idf_lwip.dir/lwip/src/core/ipv4/ip4_napt.c.obj
[151/1047] Building C object esp-idf/wpa_supplicant/CMakeFiles/__idf_wpa_supplicant.dir/src/crypto/sha384-prf.c.obj
[142/935] Building C object esp-idf/lwip/CMakeFiles/__idf_lwip.dir/lwip/src/core/pbuf.c.obj
[152/1047] Linking C static library esp-idf/esp_wifi/libesp_wifi.a
[153/1047] Building C object esp-idf/wpa_supplicant/CMakeFiles/__idf_wpa_supplicant.dir/src/crypto/sha1-tprf.c.obj
[293/1045] Building C object esp-idf/lwip/CMakeFiles/__idf_lwip.dir/lwip/src/netif/ppp/upap.c.obj
[154/1047] Building C object esp-idf/wpa_supplicant/CMakeFiles/__idf_wpa_supplicant.dir/src/common/wpa_common.c.obj
[294/1045] Building C object esp-idf/lwip/CMakeFiles/__idf_lwip.dir/lwip/src/netif/ppp/pppos.c.obj
[143/935] Building C object esp-idf/lwip/CMakeFiles/__idf_lwip.dir/lwip/src/core/tcp_out.c.obj
[295/1045] Building C object esp-idf/lwip/CMakeFiles/__idf_lwip.dir/lwip/src/netif/ppp/pppoe.c.obj
[155/1047] Building C object esp-idf/wpa_supplicant/CMakeFiles/__idf_wpa_supplicant.dir/src/eap_common/eap_wsc_common.c.obj
[296/1045] Building C object esp-idf/lwip/CMakeFiles/__idf_lwip.dir/lwip/src/netif/ppp/utils.c.obj
[297/1045] Building C object esp-idf/lwip/CMakeFiles/__idf_lwip.dir/apps/ping/ping.c.obj
[156/1047] Building C object esp-idf/wpa_supplicant/CMakeFiles/__idf_wpa_supplicant.dir/src/crypto/ms_funcs.c.obj
Executing action: elf
Running ninja in directory /home/tikhon/Документы/magnolia/applets/mainline/sleep/build
Executing "ninja elf"...
[1/1] Build ELF: sleep.app.elf
[298/1045] Building C object esp-idf/lwip/CMakeFiles/__idf_lwip.dir/apps/ping/esp_ping.c.obj
[299/1045] Building C object esp-idf/lwip/CMakeFiles/__idf_lwip.dir/port/hooks/lwip_default_hooks.c.obj
[300/1045] Building C object esp-idf/lwip/CMakeFiles/__idf_lwip.dir/lwip/src/netif/ppp/polarssl/arc4.c.obj
[144/935] Building C object esp-idf/lwip/CMakeFiles/__idf_lwip.dir/lwip/src/core/ipv4/icmp.c.obj
[145/935] Building C object esp-idf/lwip/CMakeFiles/__idf_lwip.dir/lwip/src/core/ipv4/ip4_frag.c.obj
[157/1047] Building C object esp-idf/wpa_supplicant/CMakeFiles/__idf_wpa_supplicant.dir/src/eap_peer/chap.c.obj
[146/935] Building C object esp-idf/lwip/CMakeFiles/__idf_lwip.dir/lwip/src/core/netif.c.obj
[301/1045] Linking C static library esp-idf/esp_netif/libesp_netif.a
[158/1047] Building C object esp-idf/wpa_supplicant/CMakeFiles/__idf_wpa_supplicant.dir/src/eap_peer/eap_peap_common.c.obj
[159/1047] Building C object esp-idf/wpa_supplicant/CMakeFiles/__idf_wpa_supplicant.dir/src/crypto/md4-internal.c.obj
[302/1045] Building C object esp-idf/lwip/CMakeFiles/__idf_lwip.dir/port/if_index.c.obj
[147/935] Building C object esp-idf/lwip/CMakeFiles/__idf_lwip.dir/lwip/src/core/ipv6/dhcp6.c.obj
[148/935] Building C object esp-idf/esp_netif/CMakeFiles/__idf_esp_netif.dir/lwip/esp_netif_lwip.c.obj
[303/1045] Building C object esp-idf/lwip/CMakeFiles/__idf_lwip.dir/port/hooks/tcp_isn_default.c.obj
[304/1045] Building C object esp-idf/lwip/CMakeFiles/__idf_lwip.dir/lwip/src/netif/ppp/polarssl/des.c.obj
[149/935] Building C object esp-idf/lwip/CMakeFiles/__idf_lwip.dir/lwip/src/core/ipv4/igmp.c.obj
[150/935] Building C object esp-idf/lwip/CMakeFiles/__idf_lwip.dir/lwip/src/core/ipv4/ip4_addr.c.obj
[305/1045] Building C object esp-idf/lwip/CMakeFiles/__idf_lwip.dir/port/sockets_ext.c.obj
[160/1047] Building C object esp-idf/wpa_supplicant/CMakeFiles/__idf_wpa_supplicant.dir/src/eap_peer/eap_peap.c.obj
[306/1045] Building C object esp-idf/lwip/CMakeFiles/__idf_lwip.dir/port/acd_dhcp_check.c.obj
[307/1045] Building C object esp-idf/lwip/CMakeFiles/__idf_lwip.dir/port/freertos/sys_arch.c.obj
[151/935] Building C object esp-idf/lwip/CMakeFiles/__idf_lwip.dir/lwip/src/core/ipv6/ethip6.c.obj
[152/935] Building C object esp-idf/lwip/CMakeFiles/__idf_lwip.dir/lwip/src/core/ipv4/etharp.c.obj
[308/1045] Building C object esp-idf/lwip/CMakeFiles/__idf_lwip.dir/port/esp32xx/vfs_lwip.c.obj
[161/1047] Building C object esp-idf/wpa_supplicant/CMakeFiles/__idf_wpa_supplicant.dir/src/common/ieee802_11_common.c.obj
[162/1047] Building C object esp-idf/wpa_supplicant/CMakeFiles/__idf_wpa_supplicant.dir/src/eap_peer/eap_ttls.c.obj
[309/1045] Building C object esp-idf/lwip/CMakeFiles/__idf_lwip.dir/port/debug/lwip_debug.c.obj
[153/935] Building C object esp-idf/lwip/CMakeFiles/__idf_lwip.dir/lwip/src/core/ipv6/inet6.c.obj
[154/935] Building C object esp-idf/lwip/CMakeFiles/__idf_lwip.dir/lwip/src/core/ipv6/mld6.c.obj
[163/1047] Building C object esp-idf/wpa_supplicant/CMakeFiles/__idf_wpa_supplicant.dir/src/eap_peer/eap_common.c.obj
Applet sort OK -> /home/tikhon/Документы/magnolia/rootfs/bin/sort
Building applet xxd -> xxd ...
Reconfiguring applet xxd (cmake inputs changed)
+ idf.py reconfigure
[310/1045] Building C object esp-idf/lwip/CMakeFiles/__idf_lwip.dir/lwip/src/netif/ppp/polarssl/md5.c.obj
[164/1047] Building C object esp-idf/wpa_supplicant/CMakeFiles/__idf_wpa_supplicant.dir/src/ap/wpa_auth.c.obj
[311/1045] Building C object esp-idf/lwip/CMakeFiles/__idf_lwip.dir/lwip/src/netif/ppp/polarssl/md4.c.obj
[155/935] Building C object esp-idf/lwip/CMakeFiles/__idf_lwip.dir/lwip/src/core/ipv6/icmp6.c.obj
[165/1047] Building C object esp-idf/wpa_supplicant/CMakeFiles/__idf_wpa_supplicant.dir/src/rsn_supp/pmksa_cache.c.obj
[156/935] Building C object esp-idf/lwip/CMakeFiles/__idf_lwip.dir/lwip/src/netif/ppp/auth.c.obj
[312/1045] Building C object esp-idf/vfs/CMakeFiles/__idf_vfs.dir/nullfs.c.obj
[313/1045] Building C object esp-idf/lwip/CMakeFiles/__idf_lwip.dir/lwip/src/netif/ppp/polarssl/sha1.c.obj
[157/935] Building C object esp-idf/lwip/CMakeFiles/__idf_lwip.dir/lwip/src/core/udp.c.obj
[166/1047] Building C object esp-idf/wpa_supplicant/CMakeFiles/__idf_wpa_supplicant.dir/src/eap_peer/eap_tls.c.obj
Applet shell OK -> /home/tikhon/Документы/magnolia/rootfs/bin/shell
Building applet echo -> goecho ...
Reconfiguring applet echo (cmake inputs changed)
+ idf.py reconfigure
[158/935] Building C object esp-idf/lwip/CMakeFiles/__idf_lwip.dir/lwip/src/netif/ppp/chap-new.c.obj
[167/1047] Building C object esp-idf/wpa_supplicant/CMakeFiles/__idf_wpa_supplicant.dir/src/eap_peer/mschapv2.c.obj
[314/1045] Building C object esp-idf/esp_phy/CMakeFiles/__idf_esp_phy.dir/src/phy_common.c.obj
[159/935] Building C object esp-idf/lwip/CMakeFiles/__idf_lwip.dir/lwip/src/netif/ethernet.c.obj
[168/1047] Building C object esp-idf/wpa_supplicant/CMakeFiles/__idf_wpa_supplicant.dir/src/eap_peer/eap_mschapv2.c.obj
[315/1045] Building C object esp-idf/esp_phy/CMakeFiles/__idf_esp_phy.dir/src/btbb_init.c.obj
[160/935] Building C object esp-idf/lwip/CMakeFiles/__idf_lwip.dir/lwip/src/netif/slipif.c.obj
[161/935] Building C object esp-idf/lwip/CMakeFiles/__idf_lwip.dir/lwip/src/core/ipv6/ip6_frag.c.obj
[316/1045] Building C object esp-idf/esp_phy/CMakeFiles/__idf_esp_phy.dir/esp32s3/phy_init_data.c.obj
[317/1045] Building C object esp-idf/esp_phy/CMakeFiles/__idf_esp_phy.dir/src/lib_printf.c.obj
[318/1045] Building C object esp-idf/esp_phy/CMakeFiles/__idf_esp_phy.dir/src/phy_override.c.obj
[162/935] Building C object esp-idf/lwip/CMakeFiles/__idf_lwip.dir/lwip/src/core/ipv6/ip6_addr.c.obj
[169/1047] Building C object esp-idf/wpa_supplicant/CMakeFiles/__idf_wpa_supplicant.dir/src/eap_peer/eap_fast_common.c.obj
[319/1045] Building C object esp-idf/esp_vfs_console/CMakeFiles/__idf_esp_vfs_console.dir/vfs_console.c.obj
[320/1045] Building C object esp-idf/esp_driver_usb_serial_jtag/CMakeFiles/__idf_esp_driver_usb_serial_jtag.dir/src/usb_serial_jtag_connection_monitor.c.obj
[163/935] Building C object esp-idf/lwip/CMakeFiles/__idf_lwip.dir/lwip/src/netif/bridgeif.c.obj
[164/935] Building C object esp-idf/lwip/CMakeFiles/__idf_lwip.dir/lwip/src/netif/ppp/ecp.c.obj
[165/935] Building C object esp-idf/lwip/CMakeFiles/__idf_lwip.dir/lwip/src/netif/ppp/ccp.c.obj
[166/935] Building C object esp-idf/lwip/CMakeFiles/__idf_lwip.dir/lwip/src/netif/ppp/ipcp.c.obj
[167/935] Building C object esp-idf/lwip/CMakeFiles/__idf_lwip.dir/lwip/src/netif/ppp/chap_ms.c.obj
[321/1045] Building C object esp-idf/lwip/CMakeFiles/__idf_lwip.dir/apps/ping/ping_sock.c.obj
[168/935] Building C object esp-idf/lwip/CMakeFiles/__idf_lwip.dir/lwip/src/netif/ppp/chap-md5.c.obj
[170/1047] Building C object esp-idf/wpa_supplicant/CMakeFiles/__idf_wpa_supplicant.dir/src/utils/base64.c.obj
[322/1045] Building C object esp-idf/esp_driver_usb_serial_jtag/CMakeFiles/__idf_esp_driver_usb_serial_jtag.dir/src/usb_serial_jtag_vfs.c.obj
Executing action: elf
Running ninja in directory /home/tikhon/Документы/magnolia/applets/mainline/tee/build
Executing "ninja elf"...
[1/1] Build ELF: tee.app.elf
[169/935] Building C object esp-idf/lwip/CMakeFiles/__idf_lwip.dir/lwip/src/netif/bridgeif_fdb.c.obj
[170/935] Building C object esp-idf/lwip/CMakeFiles/__idf_lwip.dir/lwip/src/core/tcp.c.obj
[171/1047] Building C object esp-idf/wpa_supplicant/CMakeFiles/__idf_wpa_supplicant.dir/src/utils/ext_password.c.obj
Applet sleep OK -> /home/tikhon/Документы/magnolia/rootfs/bin/sleep
Building applet false -> gofalse ...
Reconfiguring applet false (cmake inputs changed)
+ idf.py reconfigure
[323/1045] Building C object esp-idf/vfs/CMakeFiles/__idf_vfs.dir/vfs_eventfd.c.obj
[171/935] Building C object esp-idf/lwip/CMakeFiles/__idf_lwip.dir/lwip/src/netif/ppp/eap.c.obj
[172/1047] Building C object esp-idf/wpa_supplicant/CMakeFiles/__idf_wpa_supplicant.dir/src/eap_peer/eap.c.obj
[172/935] Building C object esp-idf/lwip/CMakeFiles/__idf_lwip.dir/lwip/src/core/tcp_in.c.obj
[173/935] Building C object esp-idf/lwip/CMakeFiles/__idf_lwip.dir/lwip/src/netif/ppp/demand.c.obj
[174/935] Building C object esp-idf/lwip/CMakeFiles/__idf_lwip.dir/lwip/src/netif/ppp/pppapi.c.obj
[324/1045] Building C object esp-idf/lwip/CMakeFiles/__idf_lwip.dir/lwip/src/core/ipv6/nd6.c.obj
[173/1047] Building C object esp-idf/wpa_supplicant/CMakeFiles/__idf_wpa_supplicant.dir/src/rsn_supp/wpa_ie.c.obj
Executing action: elf
Running ninja in directory /home/tikhon/Документы/magnolia/applets/mainline/test/build
Executing "ninja elf"...
[1/1] Build ELF: test.app.elf
[175/935] Building C object esp-idf/lwip/CMakeFiles/__idf_lwip.dir/lwip/src/netif/ppp/eui64.c.obj
[325/1045] Building C object esp-idf/esp_driver_usb_serial_jtag/CMakeFiles/__idf_esp_driver_usb_serial_jtag.dir/src/usb_serial_jtag.c.obj
[176/935] Building C object esp-idf/lwip/CMakeFiles/__idf_lwip.dir/lwip/src/netif/ppp/lcp.c.obj
[174/1047] Building C object esp-idf/wpa_supplicant/CMakeFiles/__idf_wpa_supplicant.dir/src/utils/wpa_debug.c.obj
[177/935] Building C object esp-idf/lwip/CMakeFiles/__idf_lwip.dir/lwip/src/netif/ppp/fsm.c.obj
[178/935] Building C object esp-idf/lwip/CMakeFiles/__idf_lwip.dir/lwip/src/core/ipv6/ip6.c.obj
[175/1047] Building C object esp-idf/wpa_supplicant/CMakeFiles/__idf_wpa_supplicant.dir/src/common/sae.c.obj
[179/935] Building C object esp-idf/lwip/CMakeFiles/__idf_lwip.dir/lwip/src/netif/ppp/ipv6cp.c.obj
[326/1045] Building C object esp-idf/vfs/CMakeFiles/__idf_vfs.dir/vfs_semihost.c.obj
[176/1047] Building C object esp-idf/wpa_supplicant/CMakeFiles/__idf_wpa_supplicant.dir/src/utils/uuid.c.obj
Executing action: elf
Running ninja in directory /home/tikhon/Документы/magnolia/applets/mainline/tail/build
Executing "ninja elf"...
[1/1] Build ELF: tail.app.elf
[327/1045] Building CXX object esp-idf/nvs_flash/CMakeFiles/__idf_nvs_flash.dir/src/nvs_platform.cpp.obj
[177/1047] Building C object esp-idf/wpa_supplicant/CMakeFiles/__idf_wpa_supplicant.dir/src/eap_peer/eap_tls_common.c.obj
[180/935] Building C object esp-idf/lwip/CMakeFiles/__idf_lwip.dir/lwip/src/netif/ppp/magic.c.obj
[181/935] Building C object esp-idf/lwip/CMakeFiles/__idf_lwip.dir/lwip/src/netif/ppp/upap.c.obj
[182/935] Building C object esp-idf/lwip/CMakeFiles/__idf_lwip.dir/lwip/src/netif/ppp/multilink.c.obj
[178/1047] Building C object esp-idf/wpa_supplicant/CMakeFiles/__idf_wpa_supplicant.dir/src/utils/wpabuf.c.obj
[183/935] Building C object esp-idf/lwip/CMakeFiles/__idf_lwip.dir/lwip/src/netif/ppp/mppe.c.obj
[184/935] Building C object esp-idf/lwip/CMakeFiles/__idf_lwip.dir/lwip/src/core/ipv6/nd6.c.obj
[185/935] Building C object esp-idf/lwip/CMakeFiles/__idf_lwip.dir/lwip/src/netif/ppp/ppp.c.obj
[179/1047] Building C object esp-idf/wpa_supplicant/CMakeFiles/__idf_wpa_supplicant.dir/src/eap_peer/eap_fast_pac.c.obj
[328/1045] Building C object esp-idf/esp_phy/CMakeFiles/__idf_esp_phy.dir/src/phy_init.c.obj
[186/935] Building C object esp-idf/lwip/CMakeFiles/__idf_lwip.dir/lwip/src/netif/ppp/pppoe.c.obj
[180/1047] Building C object esp-idf/wpa_supplicant/CMakeFiles/__idf_wpa_supplicant.dir/src/utils/common.c.obj
[187/935] Building C object esp-idf/lwip/CMakeFiles/__idf_lwip.dir/lwip/src/netif/ppp/pppcrypt.c.obj
[188/935] Building C object esp-idf/lwip/CMakeFiles/__idf_lwip.dir/lwip/src/api/sockets.c.obj
[189/935] Building C object esp-idf/lwip/CMakeFiles/__idf_lwip.dir/lwip/src/netif/ppp/pppol2tp.c.obj
[181/1047] Building C object esp-idf/wpa_supplicant/CMakeFiles/__idf_wpa_supplicant.dir/esp_supplicant/src/esp_wpa2_api_port.c.obj
[190/935] Building C object esp-idf/lwip/CMakeFiles/__idf_lwip.dir/lwip/src/netif/ppp/utils.c.obj
[329/1045] Building C object esp-idf/nvs_flash/CMakeFiles/__idf_nvs_flash.dir/src/nvs_bootloader_aes.c.obj
[330/1045] Building C object esp-idf/lwip/CMakeFiles/__idf_lwip.dir/apps/dhcpserver/dhcpserver.c.obj
[191/935] Building C object esp-idf/lwip/CMakeFiles/__idf_lwip.dir/lwip/src/netif/ppp/pppos.c.obj
Applet tee OK -> /home/tikhon/Документы/magnolia/rootfs/bin/tee
Building applet goargs -> goargs ...
Reconfiguring applet goargs (cmake inputs changed)
+ idf.py reconfigure
[182/1047] Building C object esp-idf/wpa_supplicant/CMakeFiles/__idf_wpa_supplicant.dir/src/utils/json.c.obj
[183/1047] Building C object esp-idf/wpa_supplicant/CMakeFiles/__idf_wpa_supplicant.dir/src/wps/wps_attr_parse.c.obj
[192/935] Building C object esp-idf/lwip/CMakeFiles/__idf_lwip.dir/lwip/src/netif/ppp/vj.c.obj
[184/1047] Building C object esp-idf/wpa_supplicant/CMakeFiles/__idf_wpa_supplicant.dir/src/wps/wps_dev_attr.c.obj
[193/935] Building C object esp-idf/lwip/CMakeFiles/__idf_lwip.dir/port/debug/lwip_debug.c.obj
[185/1047] Building C object esp-idf/wpa_supplicant/CMakeFiles/__idf_wpa_supplicant.dir/src/wps/wps.c.obj
[186/1047] Building C object esp-idf/wpa_supplicant/CMakeFiles/__idf_wpa_supplicant.dir/src/wps/wps_attr_process.c.obj
[194/935] Linking C static library esp-idf/esp_netif/libesp_netif.a
[187/1047] Building C object esp-idf/wpa_supplicant/CMakeFiles/__idf_wpa_supplicant.dir/esp_supplicant/src/esp_common.c.obj
[331/1045] Building CXX object esp-idf/nvs_flash/CMakeFiles/__idf_nvs_flash.dir/src/nvs_partition_lookup.cpp.obj
[188/1047] Building C object esp-idf/wpa_supplicant/CMakeFiles/__idf_wpa_supplicant.dir/esp_supplicant/src/esp_owe.c.obj
[189/1047] Building C object esp-idf/wpa_supplicant/CMakeFiles/__idf_wpa_supplicant.dir/src/wps/wps_attr_build.c.obj
[195/935] Building C object esp-idf/lwip/CMakeFiles/__idf_lwip.dir/port/hooks/tcp_isn_default.c.obj
[196/935] Building C object esp-idf/lwip/CMakeFiles/__idf_lwip.dir/lwip/src/netif/ppp/polarssl/arc4.c.obj
[332/1045] Building C object esp-idf/nvs_flash/CMakeFiles/__idf_nvs_flash.dir/src/nvs_bootloader_xts_aes.c.obj
[190/1047] Building C object esp-idf/wpa_supplicant/CMakeFiles/__idf_wpa_supplicant.dir/src/wps/wps_enrollee.c.obj
[197/935] Building C object esp-idf/lwip/CMakeFiles/__idf_lwip.dir/port/hooks/lwip_default_hooks.c.obj
[198/935] Building C object esp-idf/lwip/CMakeFiles/__idf_lwip.dir/port/acd_dhcp_check.c.obj
[199/935] Building C object esp-idf/lwip/CMakeFiles/__idf_lwip.dir/port/if_index.c.obj
[200/935] Building C object esp-idf/lwip/CMakeFiles/__idf_lwip.dir/port/sockets_ext.c.obj
[333/1045] Building C object esp-idf/nvs_flash/CMakeFiles/__idf_nvs_flash.dir/src/nvs_bootloader.c.obj
[201/935] Building C object esp-idf/lwip/CMakeFiles/__idf_lwip.dir/lwip/src/netif/ppp/polarssl/des.c.obj
[334/1045] Linking C static library esp-idf/lwip/liblwip.a
[202/935] Building C object esp-idf/lwip/CMakeFiles/__idf_lwip.dir/port/esp32xx/vfs_lwip.c.obj
[191/1047] Building C object esp-idf/wpa_supplicant/CMakeFiles/__idf_wpa_supplicant.dir/esp_supplicant/src/crypto/fastpsk.c.obj
[192/1047] Building C object esp-idf/wpa_supplicant/CMakeFiles/__idf_wpa_supplicant.dir/esp_supplicant/src/esp_wpas_glue.c.obj
[203/935] Building C object esp-idf/lwip/CMakeFiles/__idf_lwip.dir/lwip/src/netif/ppp/polarssl/md5.c.obj
[204/935] Building C object esp-idf/lwip/CMakeFiles/__idf_lwip.dir/apps/ping/ping.c.obj
[335/1045] Building C object esp-idf/esp_event/CMakeFiles/__idf_esp_event.dir/default_event_loop.c.obj
[205/935] Building C object esp-idf/lwip/CMakeFiles/__idf_lwip.dir/lwip/src/netif/ppp/polarssl/md4.c.obj
[193/1047] Building C object esp-idf/wpa_supplicant/CMakeFiles/__idf_wpa_supplicant.dir/src/wps/wps_common.c.obj
[206/935] Building C object esp-idf/lwip/CMakeFiles/__idf_lwip.dir/port/freertos/sys_arch.c.obj
[194/1047] Building C object esp-idf/wpa_supplicant/CMakeFiles/__idf_wpa_supplicant.dir/src/rsn_supp/wpa.c.obj
[207/935] Building C object esp-idf/lwip/CMakeFiles/__idf_lwip.dir/lwip/src/netif/ppp/polarssl/sha1.c.obj
Applet tail OK -> /home/tikhon/Документы/magnolia/rootfs/bin/tail
Building applet godd -> godd ...
Reconfiguring applet godd (cmake inputs changed)
+ idf.py reconfigure
[208/935] Building C object esp-idf/esp_phy/CMakeFiles/__idf_esp_phy.dir/esp32s3/phy_init_data.c.obj
[336/1045] Building C object esp-idf/esp_event/CMakeFiles/__idf_esp_event.dir/esp_event_private.c.obj
[209/935] Building C object esp-idf/esp_phy/CMakeFiles/__idf_esp_phy.dir/src/phy_override.c.obj
[337/1045] Building CXX object esp-idf/nvs_flash/CMakeFiles/__idf_nvs_flash.dir/src/nvs_partition.cpp.obj
[195/1047] Building C object esp-idf/wpa_supplicant/CMakeFiles/__idf_wpa_supplicant.dir/esp_supplicant/src/esp_wpa_main.c.obj
[210/935] Building C object esp-idf/esp_phy/CMakeFiles/__idf_esp_phy.dir/src/lib_printf.c.obj
Executing action: elf
Running ninja in directory /home/tikhon/Документы/magnolia/applets/mainline/touch/build
Executing "ninja elf"...
[1/1] Build ELF: touch.app.elf
[211/935] Building C object esp-idf/lwip/CMakeFiles/__idf_lwip.dir/apps/ping/esp_ping.c.obj
[196/1047] Building C object esp-idf/wpa_supplicant/CMakeFiles/__idf_wpa_supplicant.dir/src/crypto/aes-unwrap.c.obj
[197/1047] Building C object esp-idf/wpa_supplicant/CMakeFiles/__idf_wpa_supplicant.dir/esp_supplicant/src/crypto/crypto_mbedtls-rsa.c.obj
Executing action: elf
Running ninja in directory /home/tikhon/Документы/magnolia/applets/mainline/tr/build
Executing "ninja elf"...
[1/1] Build ELF: tr.app.elf
[198/1047] Building C object esp-idf/wpa_supplicant/CMakeFiles/__idf_wpa_supplicant.dir/src/common/sae_pk.c.obj
[199/1047] Linking C static library esp-idf/esp_coex/libesp_coex.a
Applet test OK -> /home/tikhon/Документы/magnolia/rootfs/bin/test
Building applet gohello -> gohello ...
Reconfiguring applet gohello (cmake inputs changed)
+ idf.py reconfigure
[200/1047] Building C object esp-idf/wpa_supplicant/CMakeFiles/__idf_wpa_supplicant.dir/src/crypto/aes-wrap.c.obj
[212/935] Building C object esp-idf/lwip/CMakeFiles/__idf_lwip.dir/apps/ping/ping_sock.c.obj
[338/1045] Building C object esp-idf/esp_driver_uart/CMakeFiles/__idf_esp_driver_uart.dir/src/uart_wakeup.c.obj
[213/935] Building C object esp-idf/esp_phy/CMakeFiles/__idf_esp_phy.dir/src/phy_common.c.obj
[201/1047] Building C object esp-idf/wpa_supplicant/CMakeFiles/__idf_wpa_supplicant.dir/esp_supplicant/src/esp_wpa3.c.obj
[214/935] Building C object esp-idf/esp_vfs_console/CMakeFiles/__idf_esp_vfs_console.dir/vfs_console.c.obj
[215/935] Building C object esp-idf/esp_driver_usb_serial_jtag/CMakeFiles/__idf_esp_driver_usb_serial_jtag.dir/src/usb_serial_jtag_connection_monitor.c.obj
[339/1045] Building CXX object esp-idf/nvs_flash/CMakeFiles/__idf_nvs_flash.dir/src/nvs_item_hash_list.cpp.obj
[202/1047] Building C object esp-idf/wpa_supplicant/CMakeFiles/__idf_wpa_supplicant.dir/src/crypto/rc4.c.obj
[216/935] Building C object esp-idf/esp_phy/CMakeFiles/__idf_esp_phy.dir/src/btbb_init.c.obj
[203/1047] Building C object esp-idf/wpa_supplicant/CMakeFiles/__idf_wpa_supplicant.dir/src/crypto/aes-ccm.c.obj
[204/1047] Building C object esp-idf/wpa_supplicant/CMakeFiles/__idf_wpa_supplicant.dir/esp_supplicant/src/crypto/crypto_mbedtls-bignum.c.obj
[205/1047] Building C object esp-idf/esp_netif/CMakeFiles/__idf_esp_netif.dir/esp_netif_defaults.c.obj
[217/935] Building C object esp-idf/vfs/CMakeFiles/__idf_vfs.dir/nullfs.c.obj
[206/1047] Building C object esp-idf/wpa_supplicant/CMakeFiles/__idf_wpa_supplicant.dir/src/eap_peer/eap_fast.c.obj
[207/1047] Building C object esp-idf/wpa_supplicant/CMakeFiles/__idf_wpa_supplicant.dir/esp_supplicant/src/esp_hostap.c.obj
[208/1047] Building C object esp-idf/esp_netif/CMakeFiles/__idf_esp_netif.dir/esp_netif_handlers.c.obj
Executing action: elf
Running ninja in directory /home/tikhon/Документы/magnolia/applets/mainline/uname/build
Executing "ninja elf"...
[1/1] Build ELF: uname.app.elf
Executing action: elf
Running ninja in directory /home/tikhon/Документы/magnolia/applets/mainline/true/build
Executing "ninja elf"...
[1/1] Build ELF: true.app.elf
[209/1047] Building C object esp-idf/esp_netif/CMakeFiles/__idf_esp_netif.dir/esp_netif_objects.c.obj
[218/935] Building C object esp-idf/esp_driver_usb_serial_jtag/CMakeFiles/__idf_esp_driver_usb_serial_jtag.dir/src/usb_serial_jtag_vfs.c.obj
[340/1045] Building C object esp-idf/vfs/CMakeFiles/__idf_vfs.dir/vfs.c.obj
[219/935] Building C object esp-idf/vfs/CMakeFiles/__idf_vfs.dir/vfs_eventfd.c.obj
[220/935] Building C object esp-idf/esp_driver_usb_serial_jtag/CMakeFiles/__idf_esp_driver_usb_serial_jtag.dir/src/usb_serial_jtag.c.obj
[210/1047] Building C object esp-idf/wpa_supplicant/CMakeFiles/__idf_wpa_supplicant.dir/esp_supplicant/src/crypto/fastpbkdf2.c.obj
[211/1047] Building C object esp-idf/lwip/CMakeFiles/__idf_lwip.dir/lwip/src/api/err.c.obj
[212/1047] Building C object esp-idf/esp_netif/CMakeFiles/__idf_esp_netif.dir/lwip/esp_netif_lwip_defaults.c.obj
[213/1047] Building C object esp-idf/wpa_supplicant/CMakeFiles/__idf_wpa_supplicant.dir/esp_supplicant/src/crypto/crypto_mbedtls.c.obj
[341/1045] Linking C static library esp-idf/vfs/libvfs.a
[214/1047] Building C object esp-idf/wpa_supplicant/CMakeFiles/__idf_wpa_supplicant.dir/src/crypto/des-internal.c.obj
[221/935] Building C object esp-idf/vfs/CMakeFiles/__idf_vfs.dir/vfs_semihost.c.obj
[342/1045] Linking C static library esp-idf/esp_vfs_console/libesp_vfs_console.a
Executing action: elf
Running ninja in directory /home/tikhon/Документы/magnolia/applets/mainline/user/build
Executing "ninja elf"...
[1/1] Build ELF: user.app.elf
[215/1047] Building C object esp-idf/wpa_supplicant/CMakeFiles/__idf_wpa_supplicant.dir/esp_supplicant/src/crypto/tls_mbedtls.c.obj
[222/935] Building CXX object esp-idf/nvs_flash/CMakeFiles/__idf_nvs_flash.dir/src/nvs_platform.cpp.obj
[216/1047] Building C object esp-idf/wpa_supplicant/CMakeFiles/__idf_wpa_supplicant.dir/esp_supplicant/src/esp_eap_client.c.obj
[217/1047] Building C object esp-idf/esp_netif/CMakeFiles/__idf_esp_netif.dir/lwip/netif/wlanif.c.obj
[223/935] Building C object esp-idf/lwip/CMakeFiles/__idf_lwip.dir/apps/dhcpserver/dhcpserver.c.obj
[224/935] Building C object esp-idf/esp_phy/CMakeFiles/__idf_esp_phy.dir/src/phy_init.c.obj
[218/1047] Building C object esp-idf/esp_netif/CMakeFiles/__idf_esp_netif.dir/lwip/netif/esp_pbuf_ref.c.obj
[343/1045] Building C object esp-idf/esp_driver_gptimer/CMakeFiles/__idf_esp_driver_gptimer.dir/src/gptimer_common.c.obj
Applet true OK -> /home/tikhon/Документы/magnolia/rootfs/bin/true
Building applet gohexdump -> gohexdump ...
[225/935] Building C object esp-idf/nvs_flash/CMakeFiles/__idf_nvs_flash.dir/src/nvs_bootloader_aes.c.obj
Reconfiguring applet gohexdump (cmake inputs changed)
+ idf.py reconfigure
[219/1047] Building C object esp-idf/esp_netif/CMakeFiles/__idf_esp_netif.dir/lwip/esp_netif_sntp.c.obj
[344/1045] Linking C static library esp-idf/esp_driver_usb_serial_jtag/libesp_driver_usb_serial_jtag.a
[345/1045] Building C object esp-idf/esp_event/CMakeFiles/__idf_esp_event.dir/esp_event.c.obj
[220/1047] Building C object esp-idf/esp_netif/CMakeFiles/__idf_esp_netif.dir/lwip/netif/ethernetif.c.obj
[221/1047] Building C object esp-idf/lwip/CMakeFiles/__idf_lwip.dir/apps/sntp/sntp.c.obj
[222/1047] Building C object esp-idf/wpa_supplicant/CMakeFiles/__idf_wpa_supplicant.dir/esp_supplicant/src/esp_wps.c.obj
[346/1045] Linking C static library esp-idf/esp_phy/libesp_phy.a
[223/1047] Building C object esp-idf/lwip/CMakeFiles/__idf_lwip.dir/lwip/src/api/if_api.c.obj
[347/1045] Building C object esp-idf/esp_driver_gptimer/CMakeFiles/__idf_esp_driver_gptimer.dir/src/gptimer.c.obj
Applet touch OK -> /home/tikhon/Документы/magnolia/rootfs/bin/touch
Building applet gotest -> gotest ...
Reconfiguring applet gotest (cmake inputs changed)
+ idf.py reconfigure
[348/1045] Building C object esp-idf/esp_timer/CMakeFiles/__idf_esp_timer.dir/src/esp_timer_init.c.obj
[224/1047] Building C object esp-idf/lwip/CMakeFiles/__idf_lwip.dir/lwip/src/api/netbuf.c.obj
[226/935] Building C object esp-idf/nvs_flash/CMakeFiles/__idf_nvs_flash.dir/src/nvs_bootloader_xts_aes.c.obj
[349/1045] Building C object esp-idf/esp_driver_uart/CMakeFiles/__idf_esp_driver_uart.dir/src/uart_vfs.c.obj
[350/1045] Building C object esp-idf/esp_timer/CMakeFiles/__idf_esp_timer.dir/src/esp_timer_impl_common.c.obj
[225/1047] Building C object esp-idf/lwip/CMakeFiles/__idf_lwip.dir/lwip/src/api/api_lib.c.obj
Applet tr OK -> /home/tikhon/Документы/magnolia/rootfs/bin/tr
Building applet goxxd -> goxxd ...
Reconfiguring applet goxxd (cmake inputs changed)
+ idf.py reconfigure
[227/935] Linking C static library esp-idf/lwip/liblwip.a
[228/935] Building C object esp-idf/nvs_flash/CMakeFiles/__idf_nvs_flash.dir/src/nvs_bootloader.c.obj
[351/1045] Building C object esp-idf/esp_driver_uart/CMakeFiles/__idf_esp_driver_uart.dir/src/uhci.c.obj
[226/1047] Building C object esp-idf/lwip/CMakeFiles/__idf_lwip.dir/lwip/src/apps/netbiosns/netbiosns.c.obj
Applet user OK -> /home/tikhon/Документы/magnolia/rootfs/bin/user
Building applet pwd -> gopwd ...
Reconfiguring applet pwd (cmake inputs changed)
+ idf.py reconfigure
[227/1047] Building C object esp-idf/lwip/CMakeFiles/__idf_lwip.dir/lwip/src/apps/sntp/sntp.c.obj
[352/1045] Building C object esp-idf/esp_timer/CMakeFiles/__idf_esp_timer.dir/src/system_time.c.obj
[229/935] Building C object esp-idf/vfs/CMakeFiles/__idf_vfs.dir/vfs.c.obj
Applet uname OK -> /home/tikhon/Документы/magnolia/rootfs/bin/uname
Building applet sleep -> gosleep ...
Reconfiguring applet sleep (cmake inputs changed)
+ idf.py reconfigure
[228/1047] Building C object esp-idf/lwip/CMakeFiles/__idf_lwip.dir/lwip/src/api/netifapi.c.obj
[230/935] Building C object esp-idf/esp_event/CMakeFiles/__idf_esp_event.dir/default_event_loop.c.obj
[229/1047] Building C object esp-idf/lwip/CMakeFiles/__idf_lwip.dir/lwip/src/core/def.c.obj
[353/1045] Building C object esp-idf/esp_ringbuf/CMakeFiles/__idf_esp_ringbuf.dir/ringbuf.c.obj
[231/935] Linking C static library esp-idf/vfs/libvfs.a
[354/1045] Building C object esp-idf/esp_timer/CMakeFiles/__idf_esp_timer.dir/src/ets_timer_legacy.c.obj
[230/1047] Building C object esp-idf/lwip/CMakeFiles/__idf_lwip.dir/lwip/src/api/tcpip.c.obj
[231/1047] Building C object esp-idf/lwip/CMakeFiles/__idf_lwip.dir/lwip/src/core/inet_chksum.c.obj
[232/935] Linking C static library esp-idf/esp_vfs_console/libesp_vfs_console.a
[232/1047] Building C object esp-idf/lwip/CMakeFiles/__idf_lwip.dir/lwip/src/core/init.c.obj
[233/1047] Building C object esp-idf/lwip/CMakeFiles/__idf_lwip.dir/lwip/src/core/mem.c.obj
[234/1047] Building C object esp-idf/wpa_supplicant/CMakeFiles/__idf_wpa_supplicant.dir/esp_supplicant/src/crypto/crypto_mbedtls-ec.c.obj
[233/935] Building CXX object esp-idf/nvs_flash/CMakeFiles/__idf_nvs_flash.dir/src/nvs_partition_lookup.cpp.obj
[355/1045] Building C object esp-idf/esp_timer/CMakeFiles/__idf_esp_timer.dir/src/esp_timer_impl_systimer.c.obj
[234/935] Linking C static library esp-idf/esp_driver_usb_serial_jtag/libesp_driver_usb_serial_jtag.a
[235/1047] Building C object esp-idf/lwip/CMakeFiles/__idf_lwip.dir/lwip/src/core/ip.c.obj
[356/1045] Building CXX object esp-idf/nvs_flash/CMakeFiles/__idf_nvs_flash.dir/src/nvs_handle_locked.cpp.obj
[235/935] Building C object esp-idf/esp_event/CMakeFiles/__idf_esp_event.dir/esp_event_private.c.obj
[236/1047] Building C object esp-idf/lwip/CMakeFiles/__idf_lwip.dir/lwip/src/api/netdb.c.obj
[357/1045] Building CXX object esp-idf/cxx/CMakeFiles/__idf_cxx.dir/cxx_exception_stubs.cpp.obj
[236/935] Linking C static library esp-idf/esp_phy/libesp_phy.a
[237/935] Building C object esp-idf/esp_driver_uart/CMakeFiles/__idf_esp_driver_uart.dir/src/uart_wakeup.c.obj
[358/1045] Building CXX object esp-idf/cxx/CMakeFiles/__idf_cxx.dir/cxx_guards.cpp.obj
[237/1047] Linking C static library esp-idf/wpa_supplicant/libwpa_supplicant.a
[238/1047] Building C object esp-idf/lwip/CMakeFiles/__idf_lwip.dir/lwip/src/core/stats.c.obj
[239/1047] Building C object esp-idf/lwip/CMakeFiles/__idf_lwip.dir/lwip/src/core/sys.c.obj
[359/1045] Building CXX object esp-idf/cxx/CMakeFiles/__idf_cxx.dir/cxx_init.cpp.obj
[240/1047] Building C object esp-idf/lwip/CMakeFiles/__idf_lwip.dir/lwip/src/core/memp.c.obj
[360/1045] Building C object esp-idf/esp_timer/CMakeFiles/__idf_esp_timer.dir/src/esp_timer.c.obj
[241/1047] Building C object esp-idf/lwip/CMakeFiles/__idf_lwip.dir/lwip/src/core/timeouts.c.obj
[361/1045] Building C object esp-idf/pthread/CMakeFiles/__idf_pthread.dir/pthread_cond_var.c.obj
[362/1045] Building C object esp-idf/newlib/CMakeFiles/__idf_newlib.dir/src/init.c.obj
[242/1047] Building C object esp-idf/lwip/CMakeFiles/__idf_lwip.dir/lwip/src/core/dns.c.obj
[238/935] Building CXX object esp-idf/nvs_flash/CMakeFiles/__idf_nvs_flash.dir/src/nvs_partition.cpp.obj
[243/1047] Building C object esp-idf/lwip/CMakeFiles/__idf_lwip.dir/lwip/src/api/api_msg.c.obj
[363/1045] Building C object esp-idf/pthread/CMakeFiles/__idf_pthread.dir/pthread_local_storage.c.obj
[244/1047] Building C object esp-idf/lwip/CMakeFiles/__idf_lwip.dir/lwip/src/core/ipv4/autoip.c.obj
[245/1047] Building C object esp-idf/lwip/CMakeFiles/__idf_lwip.dir/lwip/src/core/pbuf.c.obj
[364/1045] Building C object esp-idf/newlib/CMakeFiles/__idf_newlib.dir/src/assert.c.obj
[365/1045] Building C object esp-idf/pthread/CMakeFiles/__idf_pthread.dir/pthread_semaphore.c.obj
[246/1047] Building C object esp-idf/lwip/CMakeFiles/__idf_lwip.dir/lwip/src/core/ipv4/ip4_napt.c.obj
[366/1045] Building C object esp-idf/newlib/CMakeFiles/__idf_newlib.dir/src/abort.c.obj
-- Project sdkconfig file /home/tikhon/Документы/magnolia/applets/mainline/free/sdkconfig
[367/1045] Building C object esp-idf/newlib/CMakeFiles/__idf_newlib.dir/src/heap.c.obj
[247/1047] Building C object esp-idf/lwip/CMakeFiles/__idf_lwip.dir/lwip/src/core/raw.c.obj
[239/935] Building C object esp-idf/esp_event/CMakeFiles/__idf_esp_event.dir/esp_event.c.obj
[368/1045] Building C object esp-idf/newlib/CMakeFiles/__idf_newlib.dir/src/getentropy.c.obj
[369/1045] Building C object esp-idf/newlib/CMakeFiles/__idf_newlib.dir/src/poll.c.obj
[248/1047] Building C object esp-idf/lwip/CMakeFiles/__idf_lwip.dir/lwip/src/core/ipv4/icmp.c.obj
[370/1045] Building C object esp-idf/pthread/CMakeFiles/__idf_pthread.dir/pthread_rwlock.c.obj
[371/1045] Building CXX object esp-idf/nvs_flash/CMakeFiles/__idf_nvs_flash.dir/src/nvs_handle_simple.cpp.obj
[249/1047] Building C object esp-idf/lwip/CMakeFiles/__idf_lwip.dir/lwip/src/core/netif.c.obj
[240/935] Building C object esp-idf/esp_driver_gptimer/CMakeFiles/__idf_esp_driver_gptimer.dir/src/gptimer.c.obj
[372/1045] Building C object esp-idf/newlib/CMakeFiles/__idf_newlib.dir/src/pthread.c.obj
[373/1045] Building CXX object esp-idf/nvs_flash/CMakeFiles/__idf_nvs_flash.dir/src/nvs_encrypted_partition.cpp.obj
[374/1045] Building CXX object esp-idf/nvs_flash/CMakeFiles/__idf_nvs_flash.dir/src/nvs_pagemanager.cpp.obj
[241/935] Building CXX object esp-idf/nvs_flash/CMakeFiles/__idf_nvs_flash.dir/src/nvs_item_hash_list.cpp.obj
[375/1045] Building C object esp-idf/newlib/CMakeFiles/__idf_newlib.dir/src/random.c.obj
[376/1045] Building C object esp-idf/newlib/CMakeFiles/__idf_newlib.dir/src/realpath.c.obj
[377/1045] Building C object esp-idf/newlib/CMakeFiles/__idf_newlib.dir/src/sysconf.c.obj
[378/1045] Building C object esp-idf/pthread/CMakeFiles/__idf_pthread.dir/pthread.c.obj
[379/1045] Building C object esp-idf/newlib/CMakeFiles/__idf_newlib.dir/src/syscalls.c.obj
[380/1045] Building C object esp-idf/newlib/CMakeFiles/__idf_newlib.dir/src/termios.c.obj
[381/1045] Building C object esp-idf/newlib/CMakeFiles/__idf_newlib.dir/src/scandir.c.obj
[250/1047] Building C object esp-idf/lwip/CMakeFiles/__idf_lwip.dir/lwip/src/core/ipv6/dhcp6.c.obj
[382/1045] Building C object esp-idf/newlib/CMakeFiles/__idf_newlib.dir/src/locks.c.obj
[383/1045] Building C object esp-idf/newlib/CMakeFiles/__idf_newlib.dir/src/reent_init.c.obj
[251/1047] Building C object esp-idf/lwip/CMakeFiles/__idf_lwip.dir/lwip/src/core/ipv4/ip4.c.obj
[252/1047] Building C object esp-idf/lwip/CMakeFiles/__idf_lwip.dir/lwip/src/core/ipv6/ethip6.c.obj
[384/1045] Building C object esp-idf/freertos/CMakeFiles/__idf_freertos.dir/heap_idf.c.obj
[253/1047] Building C object esp-idf/lwip/CMakeFiles/__idf_lwip.dir/lwip/src/core/ipv4/ip4_addr.c.obj
[385/1045] Building CXX object esp-idf/nvs_flash/CMakeFiles/__idf_nvs_flash.dir/src/nvs_cxx_api.cpp.obj
[242/935] Building C object esp-idf/esp_ringbuf/CMakeFiles/__idf_esp_ringbuf.dir/ringbuf.c.obj
[386/1045] Building C object esp-idf/newlib/CMakeFiles/__idf_newlib.dir/src/newlib_init.c.obj
[243/935] Building C object esp-idf/esp_timer/CMakeFiles/__idf_esp_timer.dir/src/esp_timer_init.c.obj
[387/1045] Building CXX object esp-idf/nvs_flash/CMakeFiles/__idf_nvs_flash.dir/src/nvs_partition_manager.cpp.obj
[388/1045] Building C object esp-idf/newlib/CMakeFiles/__idf_newlib.dir/src/reent_syscalls.c.obj
[389/1045] Building C object esp-idf/newlib/CMakeFiles/__idf_newlib.dir/src/flockfile.c.obj
[244/935] Building C object esp-idf/esp_driver_gptimer/CMakeFiles/__idf_esp_driver_gptimer.dir/src/gptimer_common.c.obj
[390/1045] Building C object esp-idf/newlib/CMakeFiles/__idf_newlib.dir/src/port/esp_time_impl.c.obj
[391/1045] Building CXX object esp-idf/nvs_flash/CMakeFiles/__idf_nvs_flash.dir/src/nvs_storage.cpp.obj
[254/1047] Building C object esp-idf/lwip/CMakeFiles/__idf_lwip.dir/lwip/src/core/ipv6/inet6.c.obj
[255/1047] Building C object esp-idf/lwip/CMakeFiles/__idf_lwip.dir/lwip/src/core/ipv4/ip4_frag.c.obj
[245/935] Building C object esp-idf/esp_timer/CMakeFiles/__idf_esp_timer.dir/src/esp_timer_impl_common.c.obj
[256/1047] Building C object esp-idf/lwip/CMakeFiles/__idf_lwip.dir/lwip/src/core/ipv4/etharp.c.obj
[257/1047] Building C object esp-idf/esp_netif/CMakeFiles/__idf_esp_netif.dir/lwip/esp_netif_lwip.c.obj
[258/1047] Building C object esp-idf/lwip/CMakeFiles/__idf_lwip.dir/lwip/src/core/tcp_out.c.obj
[392/1045] Building ASM object esp-idf/freertos/CMakeFiles/__idf_freertos.dir/FreeRTOS-Kernel/portable/xtensa/portasm.S.obj
[393/1045] Building C object esp-idf/freertos/CMakeFiles/__idf_freertos.dir/FreeRTOS-Kernel/portable/xtensa/xtensa_init.c.obj
[246/935] Building C object esp-idf/esp_driver_uart/CMakeFiles/__idf_esp_driver_uart.dir/src/uart_vfs.c.obj
[247/935] Building C object esp-idf/esp_driver_uart/CMakeFiles/__idf_esp_driver_uart.dir/src/uhci.c.obj
[259/1047] Building C object esp-idf/lwip/CMakeFiles/__idf_lwip.dir/lwip/src/core/udp.c.obj
[248/935] Building CXX object esp-idf/nvs_flash/CMakeFiles/__idf_nvs_flash.dir/src/nvs_types.cpp.obj
[260/1047] Building C object esp-idf/lwip/CMakeFiles/__idf_lwip.dir/lwip/src/core/ipv6/icmp6.c.obj
[249/935] Building C object esp-idf/esp_timer/CMakeFiles/__idf_esp_timer.dir/src/system_time.c.obj
[394/1045] Building C object esp-idf/freertos/CMakeFiles/__idf_freertos.dir/FreeRTOS-Kernel/event_groups.c.obj
[261/1047] Building C object esp-idf/lwip/CMakeFiles/__idf_lwip.dir/lwip/src/core/ipv4/igmp.c.obj
[262/1047] Building C object esp-idf/lwip/CMakeFiles/__idf_lwip.dir/lwip/src/core/ipv6/ip6.c.obj
[250/935] Building C object esp-idf/esp_timer/CMakeFiles/__idf_esp_timer.dir/src/ets_timer_legacy.c.obj
[395/1045] Building C object esp-idf/freertos/CMakeFiles/__idf_freertos.dir/app_startup.c.obj
[396/1045] Building C object esp-idf/esp_driver_uart/CMakeFiles/__idf_esp_driver_uart.dir/src/uart.c.obj
[397/1045] Building C object esp-idf/newlib/CMakeFiles/__idf_newlib.dir/src/time.c.obj
[263/1047] Building C object esp-idf/lwip/CMakeFiles/__idf_lwip.dir/lwip/src/core/tcp.c.obj
[264/1047] Building C object esp-idf/lwip/CMakeFiles/__idf_lwip.dir/lwip/src/core/ipv4/dhcp.c.obj
[265/1047] Building C object esp-idf/lwip/CMakeFiles/__idf_lwip.dir/lwip/src/netif/ppp/auth.c.obj
[398/1045] Building C object esp-idf/freertos/CMakeFiles/__idf_freertos.dir/port_common.c.obj
[399/1045] Building C object esp-idf/newlib/CMakeFiles/__idf_newlib.dir/src/stdatomic.c.obj
[266/1047] Building C object esp-idf/lwip/CMakeFiles/__idf_lwip.dir/lwip/src/core/tcp_in.c.obj
[267/1047] Building C object esp-idf/lwip/CMakeFiles/__idf_lwip.dir/lwip/src/core/ipv6/ip6_frag.c.obj
[268/1047] Building C object esp-idf/lwip/CMakeFiles/__idf_lwip.dir/lwip/src/netif/bridgeif.c.obj
[269/1047] Building C object esp-idf/lwip/CMakeFiles/__idf_lwip.dir/lwip/src/core/ipv6/ip6_addr.c.obj
[400/1045] Building C object esp-idf/freertos/CMakeFiles/__idf_freertos.dir/FreeRTOS-Kernel/list.c.obj
[270/1047] Building C object esp-idf/lwip/CMakeFiles/__idf_lwip.dir/lwip/src/netif/ethernet.c.obj
[251/935] Building CXX object esp-idf/cxx/CMakeFiles/__idf_cxx.dir/cxx_exception_stubs.cpp.obj
[401/1045] Building C object esp-idf/freertos/CMakeFiles/__idf_freertos.dir/FreeRTOS-Kernel/queue.c.obj
[402/1045] Building C object esp-idf/esp_hw_support/CMakeFiles/__idf_esp_hw_support.dir/cpu.c.obj
[403/1045] Building C object esp-idf/freertos/CMakeFiles/__idf_freertos.dir/port_systick.c.obj
[404/1045] Building C object esp-idf/esp_hw_support/CMakeFiles/__idf_esp_hw_support.dir/esp_memory_utils.c.obj
[271/1047] Building C object esp-idf/lwip/CMakeFiles/__idf_lwip.dir/lwip/src/netif/ppp/ccp.c.obj
[405/1045] Building C object esp-idf/freertos/CMakeFiles/__idf_freertos.dir/FreeRTOS-Kernel/portable/xtensa/xtensa_overlay_os_hook.c.obj
[406/1045] Building C object esp-idf/freertos/CMakeFiles/__idf_freertos.dir/esp_additions/idf_additions.c.obj
[272/1047] Building C object esp-idf/lwip/CMakeFiles/__idf_lwip.dir/lwip/src/netif/ppp/chap_ms.c.obj
[407/1045] Building C object esp-idf/esp_hw_support/CMakeFiles/__idf_esp_hw_support.dir/port/esp32s3/cpu_region_protect.c.obj
[273/1047] Building C object esp-idf/lwip/CMakeFiles/__idf_lwip.dir/lwip/src/netif/slipif.c.obj
[274/1047] Building C object esp-idf/lwip/CMakeFiles/__idf_lwip.dir/lwip/src/netif/ppp/chap-new.c.obj
[408/1045] Building C object esp-idf/freertos/CMakeFiles/__idf_freertos.dir/FreeRTOS-Kernel/portable/xtensa/port.c.obj
[275/1047] Building C object esp-idf/lwip/CMakeFiles/__idf_lwip.dir/lwip/src/netif/ppp/demand.c.obj
[252/935] Building CXX object esp-idf/cxx/CMakeFiles/__idf_cxx.dir/cxx_init.cpp.obj
[276/1047] Building C object esp-idf/lwip/CMakeFiles/__idf_lwip.dir/lwip/src/netif/ppp/eap.c.obj
[409/1045] Building C object esp-idf/freertos/CMakeFiles/__idf_freertos.dir/esp_additions/idf_additions_event_groups.c.obj
[277/1047] Building C object esp-idf/lwip/CMakeFiles/__idf_lwip.dir/lwip/src/netif/bridgeif_fdb.c.obj
[278/1047] Building C object esp-idf/lwip/CMakeFiles/__idf_lwip.dir/lwip/src/netif/ppp/chap-md5.c.obj
[410/1045] Building C object esp-idf/esp_hw_support/CMakeFiles/__idf_esp_hw_support.dir/port/esp32s3/esp_cpu_intr.c.obj
[411/1045] Building C object esp-idf/esp_hw_support/CMakeFiles/__idf_esp_hw_support.dir/revision.c.obj
[279/1047] Building C object esp-idf/lwip/CMakeFiles/__idf_lwip.dir/lwip/src/netif/ppp/ecp.c.obj
[280/1047] Building C object esp-idf/lwip/CMakeFiles/__idf_lwip.dir/lwip/src/netif/ppp/magic.c.obj
[253/935] Building C object esp-idf/esp_timer/CMakeFiles/__idf_esp_timer.dir/src/esp_timer.c.obj
[281/1047] Building C object esp-idf/lwip/CMakeFiles/__idf_lwip.dir/lwip/src/netif/ppp/ipcp.c.obj
[412/1045] Building C object esp-idf/esp_hw_support/CMakeFiles/__idf_esp_hw_support.dir/hw_random.c.obj
[282/1047] Building C object esp-idf/lwip/CMakeFiles/__idf_lwip.dir/lwip/src/netif/ppp/lcp.c.obj
[413/1045] Building C object esp-idf/esp_hw_support/CMakeFiles/__idf_esp_hw_support.dir/esp_gpio_reserve.c.obj
[283/1047] Building C object esp-idf/lwip/CMakeFiles/__idf_lwip.dir/lwip/src/netif/ppp/pppoe.c.obj
[414/1045] Building C object esp-idf/esp_hw_support/CMakeFiles/__idf_esp_hw_support.dir/esp_clk.c.obj
[254/935] Building C object esp-idf/pthread/CMakeFiles/__idf_pthread.dir/pthread.c.obj
[415/1045] Building C object esp-idf/freertos/CMakeFiles/__idf_freertos.dir/FreeRTOS-Kernel/timers.c.obj
[255/935] Building C object esp-idf/pthread/CMakeFiles/__idf_pthread.dir/pthread_semaphore.c.obj
[284/1047] Building C object esp-idf/lwip/CMakeFiles/__idf_lwip.dir/lwip/src/netif/ppp/eui64.c.obj
[416/1045] Building C object esp-idf/esp_hw_support/CMakeFiles/__idf_esp_hw_support.dir/mac_addr.c.obj
[256/935] Building C object esp-idf/esp_timer/CMakeFiles/__idf_esp_timer.dir/src/esp_timer_impl_systimer.c.obj
[285/1047] Building C object esp-idf/lwip/CMakeFiles/__idf_lwip.dir/lwip/src/netif/ppp/mppe.c.obj
[286/1047] Building C object esp-idf/lwip/CMakeFiles/__idf_lwip.dir/lwip/src/netif/ppp/pppos.c.obj
[287/1047] Building C object esp-idf/lwip/CMakeFiles/__idf_lwip.dir/lwip/src/netif/ppp/pppcrypt.c.obj
[257/935] Building C object esp-idf/pthread/CMakeFiles/__idf_pthread.dir/pthread_local_storage.c.obj
[288/1047] Building C object esp-idf/lwip/CMakeFiles/__idf_lwip.dir/lwip/src/netif/ppp/fsm.c.obj
[289/1047] Building C object esp-idf/lwip/CMakeFiles/__idf_lwip.dir/lwip/src/netif/ppp/vj.c.obj
[290/1047] Building C object esp-idf/lwip/CMakeFiles/__idf_lwip.dir/lwip/src/netif/ppp/ppp.c.obj
[417/1045] Building C object esp-idf/esp_hw_support/CMakeFiles/__idf_esp_hw_support.dir/port/esp32s3/esp_clk_tree.c.obj
[418/1045] Building C object esp-idf/freertos/CMakeFiles/__idf_freertos.dir/FreeRTOS-Kernel/stream_buffer.c.obj
[258/935] Building C object esp-idf/newlib/CMakeFiles/__idf_newlib.dir/src/init.c.obj
[291/1047] Building C object esp-idf/lwip/CMakeFiles/__idf_lwip.dir/lwip/src/netif/ppp/pppol2tp.c.obj
[419/1045] Building C object esp-idf/esp_hw_support/CMakeFiles/__idf_esp_hw_support.dir/regi2c_ctrl.c.obj
[292/1047] Building C object esp-idf/lwip/CMakeFiles/__idf_lwip.dir/lwip/src/core/ipv6/mld6.c.obj
[259/935] Building C object esp-idf/pthread/CMakeFiles/__idf_pthread.dir/pthread_cond_var.c.obj
[293/1047] Building C object esp-idf/lwip/CMakeFiles/__idf_lwip.dir/lwip/src/netif/ppp/multilink.c.obj
[260/935] Building CXX object esp-idf/nvs_flash/CMakeFiles/__idf_nvs_flash.dir/src/nvs_pagemanager.cpp.obj
[261/935] Building C object esp-idf/newlib/CMakeFiles/__idf_newlib.dir/src/assert.c.obj
[294/1047] Building C object esp-idf/lwip/CMakeFiles/__idf_lwip.dir/lwip/src/netif/ppp/ipv6cp.c.obj
[420/1045] Building C object esp-idf/esp_hw_support/CMakeFiles/__idf_esp_hw_support.dir/sar_tsens_ctrl.c.obj
[421/1045] Building C object esp-idf/esp_hw_support/CMakeFiles/__idf_esp_hw_support.dir/clk_ctrl_os.c.obj
[295/1047] Building C object esp-idf/lwip/CMakeFiles/__idf_lwip.dir/lwip/src/netif/ppp/pppapi.c.obj
[296/1047] Building C object esp-idf/lwip/CMakeFiles/__idf_lwip.dir/port/acd_dhcp_check.c.obj
[297/1047] Building C object esp-idf/lwip/CMakeFiles/__idf_lwip.dir/lwip/src/netif/ppp/utils.c.obj
[262/935] Building C object esp-idf/newlib/CMakeFiles/__idf_newlib.dir/src/abort.c.obj
[298/1047] Building C object esp-idf/lwip/CMakeFiles/__idf_lwip.dir/port/hooks/lwip_default_hooks.c.obj
[422/1045] Building C object esp-idf/esp_hw_support/CMakeFiles/__idf_esp_hw_support.dir/intr_alloc.c.obj
[263/935] Building C object esp-idf/newlib/CMakeFiles/__idf_newlib.dir/src/pthread.c.obj
Executing action: elf
Running ninja in directory /home/tikhon/Документы/magnolia/applets/mainline/vi/build
Executing "ninja elf"...
[1/1] Build ELF: vi.app.elf
[299/1047] Building C object esp-idf/lwip/CMakeFiles/__idf_lwip.dir/apps/ping/esp_ping.c.obj
[264/935] Building C object esp-idf/newlib/CMakeFiles/__idf_newlib.dir/src/heap.c.obj
[423/1045] Building C object esp-idf/esp_hw_support/CMakeFiles/__idf_esp_hw_support.dir/dma/esp_dma_utils.c.obj
Executing action: reconfigure
Running cmake in directory /home/tikhon/Документы/magnolia/applets/go/echo/build
Executing "cmake -G Ninja -DPYTHON_DEPS_CHECKED=1 -DPYTHON=/home/tikhon/.espressif/python_env/idf6.0_py3.12_env/bin/python -DESP_PLATFORM=1 -DCCACHE_ENABLE=0 /home/tikhon/Документы/magnolia/applets/go/echo"...
-- Found Git: /usr/bin/git (found version "2.43.0") 
[265/935] Building C object esp-idf/newlib/CMakeFiles/__idf_newlib.dir/src/random.c.obj
[266/935] Building C object esp-idf/newlib/CMakeFiles/__idf_newlib.dir/src/poll.c.obj
[424/1045] Building C object esp-idf/esp_hw_support/CMakeFiles/__idf_esp_hw_support.dir/spi_share_hw_ctrl.c.obj
[300/1047] Building C object esp-idf/lwip/CMakeFiles/__idf_lwip.dir/lwip/src/netif/ppp/polarssl/md4.c.obj
[301/1047] Building C object esp-idf/lwip/CMakeFiles/__idf_lwip.dir/port/hooks/tcp_isn_default.c.obj
[425/1045] Building C object esp-idf/esp_hw_support/CMakeFiles/__idf_esp_hw_support.dir/rtc_module.c.obj
[302/1047] Linking C static library esp-idf/esp_netif/libesp_netif.a
[267/935] Building C object esp-idf/pthread/CMakeFiles/__idf_pthread.dir/pthread_rwlock.c.obj
[426/1045] Building C object esp-idf/esp_hw_support/CMakeFiles/__idf_esp_hw_support.dir/port/esp32s3/io_mux.c.obj
[268/935] Building C object esp-idf/newlib/CMakeFiles/__idf_newlib.dir/src/getentropy.c.obj
[427/1045] Building C object esp-idf/esp_hw_support/CMakeFiles/__idf_esp_hw_support.dir/sleep_usb.c.obj
[428/1045] Building C object esp-idf/esp_hw_support/CMakeFiles/__idf_esp_hw_support.dir/periph_ctrl.c.obj
[429/1045] Building C object esp-idf/esp_hw_support/CMakeFiles/__idf_esp_hw_support.dir/clk_utils.c.obj
[303/1047] Building C object esp-idf/lwip/CMakeFiles/__idf_lwip.dir/lwip/src/netif/ppp/upap.c.obj
Executing action: reconfigure
Running cmake in directory /home/tikhon/Документы/magnolia/applets/mainline/xxd/build
Executing "cmake -G Ninja -DPYTHON_DEPS_CHECKED=1 -DPYTHON=/home/tikhon/.espressif/python_env/idf6.0_py3.12_env/bin/python -DESP_PLATFORM=1 -DCCACHE_ENABLE=0 /home/tikhon/Документы/magnolia/applets/mainline/xxd"...
-- Found Git: /usr/bin/git (found version "2.43.0") 
[304/1047] Building C object esp-idf/lwip/CMakeFiles/__idf_lwip.dir/lwip/src/netif/ppp/polarssl/sha1.c.obj
[269/935] Building C object esp-idf/newlib/CMakeFiles/__idf_newlib.dir/src/realpath.c.obj
[430/1045] Building C object esp-idf/esp_hw_support/CMakeFiles/__idf_esp_hw_support.dir/port/esp_clk_tree_common.c.obj
[270/935] Building C object esp-idf/newlib/CMakeFiles/__idf_newlib.dir/src/sysconf.c.obj
[305/1047] Building C object esp-idf/lwip/CMakeFiles/__idf_lwip.dir/port/if_index.c.obj
[271/935] Building C object esp-idf/newlib/CMakeFiles/__idf_newlib.dir/src/syscalls.c.obj
[431/1045] Building C object esp-idf/esp_hw_support/CMakeFiles/__idf_esp_hw_support.dir/port/esp32s3/systimer.c.obj
[306/1047] Building C object esp-idf/lwip/CMakeFiles/__idf_lwip.dir/lwip/src/api/sockets.c.obj
[272/935] Building C object esp-idf/newlib/CMakeFiles/__idf_newlib.dir/src/termios.c.obj
[307/1047] Building C object esp-idf/lwip/CMakeFiles/__idf_lwip.dir/port/esp32xx/vfs_lwip.c.obj
[432/1045] Building C object esp-idf/esp_hw_support/CMakeFiles/__idf_esp_hw_support.dir/sleep_modem.c.obj
[308/1047] Building C object esp-idf/lwip/CMakeFiles/__idf_lwip.dir/port/sockets_ext.c.obj
[273/935] Building C object esp-idf/newlib/CMakeFiles/__idf_newlib.dir/src/time.c.obj
[309/1047] Building C object esp-idf/lwip/CMakeFiles/__idf_lwip.dir/lwip/src/netif/ppp/polarssl/arc4.c.obj
[433/1045] Building C object esp-idf/esp_hw_support/CMakeFiles/__idf_esp_hw_support.dir/dma/esp_async_memcpy.c.obj
[274/935] Building C object esp-idf/newlib/CMakeFiles/__idf_newlib.dir/src/reent_syscalls.c.obj
[434/1045] Building C object esp-idf/esp_hw_support/CMakeFiles/__idf_esp_hw_support.dir/mspi_timing_tuning/mspi_timing_tuning.c.obj
[275/935] Building C object esp-idf/newlib/CMakeFiles/__idf_newlib.dir/src/flockfile.c.obj
[276/935] Building C object esp-idf/newlib/CMakeFiles/__idf_newlib.dir/src/scandir.c.obj
[435/1045] Building C object esp-idf/esp_hw_support/CMakeFiles/__idf_esp_hw_support.dir/sleep_console.c.obj
[277/935] Building C object esp-idf/newlib/CMakeFiles/__idf_newlib.dir/src/port/esp_time_impl.c.obj
[310/1047] Building C object esp-idf/lwip/CMakeFiles/__idf_lwip.dir/apps/ping/ping.c.obj
[436/1045] Building C object esp-idf/esp_hw_support/CMakeFiles/__idf_esp_hw_support.dir/dma/gdma_link.c.obj
[437/1045] Building C object esp-idf/esp_hw_support/CMakeFiles/__idf_esp_hw_support.dir/adc_share_hw_ctrl.c.obj
[311/1047] Building C object esp-idf/esp_phy/CMakeFiles/__idf_esp_phy.dir/src/lib_printf.c.obj
[312/1047] Building C object esp-idf/lwip/CMakeFiles/__idf_lwip.dir/lwip/src/netif/ppp/polarssl/md5.c.obj
[313/1047] Building C object esp-idf/lwip/CMakeFiles/__idf_lwip.dir/lwip/src/netif/ppp/polarssl/des.c.obj
[278/935] Building C object esp-idf/newlib/CMakeFiles/__idf_newlib.dir/src/locks.c.obj
[438/1045] Building C object esp-idf/esp_hw_support/CMakeFiles/__idf_esp_hw_support.dir/sleep_event.c.obj
[314/1047] Building C object esp-idf/lwip/CMakeFiles/__idf_lwip.dir/apps/dhcpserver/dhcpserver.c.obj
[279/935] Building CXX object esp-idf/nvs_flash/CMakeFiles/__idf_nvs_flash.dir/src/nvs_handle_locked.cpp.obj
[439/1045] Building C object esp-idf/esp_hw_support/CMakeFiles/__idf_esp_hw_support.dir/sleep_gpio.c.obj
[315/1047] Building C object esp-idf/esp_driver_usb_serial_jtag/CMakeFiles/__idf_esp_driver_usb_serial_jtag.dir/src/usb_serial_jtag_vfs.c.obj
[316/1047] Building C object esp-idf/esp_driver_usb_serial_jtag/CMakeFiles/__idf_esp_driver_usb_serial_jtag.dir/src/usb_serial_jtag.c.obj
[280/935] Building C object esp-idf/freertos/CMakeFiles/__idf_freertos.dir/port_systick.c.obj
[281/935] Building C object esp-idf/newlib/CMakeFiles/__idf_newlib.dir/src/reent_init.c.obj
[317/1047] Building C object esp-idf/lwip/CMakeFiles/__idf_lwip.dir/port/freertos/sys_arch.c.obj
[282/935] Building CXX object esp-idf/cxx/CMakeFiles/__idf_cxx.dir/cxx_guards.cpp.obj
[440/1045] Building C object esp-idf/esp_hw_support/CMakeFiles/__idf_esp_hw_support.dir/usb_phy/usb_phy.c.obj
[318/1047] Building C object esp-idf/lwip/CMakeFiles/__idf_lwip.dir/port/debug/lwip_debug.c.obj
[441/1045] Building C object esp-idf/esp_hw_support/CMakeFiles/__idf_esp_hw_support.dir/port/esp32s3/rtc_sleep.c.obj
[319/1047] Building C object esp-idf/esp_phy/CMakeFiles/__idf_esp_phy.dir/esp32s3/phy_init_data.c.obj
[283/935] Building C object esp-idf/newlib/CMakeFiles/__idf_newlib.dir/src/newlib_init.c.obj
[320/1047] Building C object esp-idf/esp_vfs_console/CMakeFiles/__idf_esp_vfs_console.dir/vfs_console.c.obj
[321/1047] Building C object esp-idf/esp_driver_usb_serial_jtag/CMakeFiles/__idf_esp_driver_usb_serial_jtag.dir/src/usb_serial_jtag_connection_monitor.c.obj
[284/935] Building C object esp-idf/freertos/CMakeFiles/__idf_freertos.dir/heap_idf.c.obj
[322/1047] Building C object esp-idf/lwip/CMakeFiles/__idf_lwip.dir/apps/ping/ping_sock.c.obj
[323/1047] Building C object esp-idf/vfs/CMakeFiles/__idf_vfs.dir/nullfs.c.obj
[285/935] Building C object esp-idf/freertos/CMakeFiles/__idf_freertos.dir/FreeRTOS-Kernel/list.c.obj
[442/1045] Building C object esp-idf/esp_hw_support/CMakeFiles/__idf_esp_hw_support.dir/sleep_wake_stub.c.obj
[286/935] Building C object esp-idf/newlib/CMakeFiles/__idf_newlib.dir/src/stdatomic.c.obj
[324/1047] Building C object esp-idf/esp_phy/CMakeFiles/__idf_esp_phy.dir/src/phy_override.c.obj
[443/1045] Building C object esp-idf/esp_hw_support/CMakeFiles/__idf_esp_hw_support.dir/port/esp32s3/rtc_clk_init.c.obj
[444/1045] Building CXX object esp-idf/nvs_flash/CMakeFiles/__idf_nvs_flash.dir/src/nvs_types.cpp.obj
[445/1045] Building C object esp-idf/esp_hw_support/CMakeFiles/__idf_esp_hw_support.dir/port/esp32s3/chip_info.c.obj
[287/935] Building C object esp-idf/freertos/CMakeFiles/__idf_freertos.dir/app_startup.c.obj
[446/1045] Building C object esp-idf/esp_hw_support/CMakeFiles/__idf_esp_hw_support.dir/port/esp32s3/rtc_clk.c.obj
[288/935] Building ASM object esp-idf/freertos/CMakeFiles/__idf_freertos.dir/FreeRTOS-Kernel/portable/xtensa/portasm.S.obj
[447/1045] Building C object esp-idf/esp_hw_support/CMakeFiles/__idf_esp_hw_support.dir/port/esp32s3/rtc_init.c.obj
[448/1045] Building C object esp-idf/esp_hw_support/CMakeFiles/__idf_esp_hw_support.dir/spi_bus_lock.c.obj
[449/1045] Building CXX object esp-idf/nvs_flash/CMakeFiles/__idf_nvs_flash.dir/src/nvs_api.cpp.obj
[325/1047] Building C object esp-idf/esp_phy/CMakeFiles/__idf_esp_phy.dir/src/phy_common.c.obj
[450/1045] Building C object esp-idf/soc/CMakeFiles/__idf_soc.dir/lldesc.c.obj
[326/1047] Building C object esp-idf/vfs/CMakeFiles/__idf_vfs.dir/vfs_eventfd.c.obj
[327/1047] Building C object esp-idf/esp_phy/CMakeFiles/__idf_esp_phy.dir/src/btbb_init.c.obj
[451/1045] Building C object esp-idf/soc/CMakeFiles/__idf_soc.dir/esp32s3/interrupts.c.obj
[289/935] Building C object esp-idf/freertos/CMakeFiles/__idf_freertos.dir/FreeRTOS-Kernel/queue.c.obj
[290/935] Building C object esp-idf/freertos/CMakeFiles/__idf_freertos.dir/port_common.c.obj
[291/935] Building C object esp-idf/freertos/CMakeFiles/__idf_freertos.dir/FreeRTOS-Kernel/portable/xtensa/xtensa_init.c.obj
[452/1045] Building C object esp-idf/soc/CMakeFiles/__idf_soc.dir/dport_access_common.c.obj
[328/1047] Building C object esp-idf/lwip/CMakeFiles/__idf_lwip.dir/lwip/src/core/ipv6/nd6.c.obj
Applet vi OK -> /home/tikhon/Документы/magnolia/rootfs/bin/vi
Building applet true -> gotrue ...
Reconfiguring applet true (cmake inputs changed)
+ idf.py reconfigure
[453/1045] Building C object esp-idf/esp_hw_support/CMakeFiles/__idf_esp_hw_support.dir/port/esp_memprot_conv.c.obj
[292/935] Building C object esp-idf/freertos/CMakeFiles/__idf_freertos.dir/FreeRTOS-Kernel/timers.c.obj
[454/1045] Building C object esp-idf/esp_hw_support/CMakeFiles/__idf_esp_hw_support.dir/power_supply/brownout.c.obj
[455/1045] Building C object esp-idf/soc/CMakeFiles/__idf_soc.dir/esp32s3/uart_periph.c.obj
[456/1045] Building C object esp-idf/esp_hw_support/CMakeFiles/__idf_esp_hw_support.dir/esp_clock_output.c.obj
[457/1045] Building C object esp-idf/esp_hw_support/CMakeFiles/__idf_esp_hw_support.dir/dma/async_memcpy_gdma.c.obj
[293/935] Building CXX object esp-idf/nvs_flash/CMakeFiles/__idf_nvs_flash.dir/src/nvs_cxx_api.cpp.obj
[294/935] Building CXX object esp-idf/nvs_flash/CMakeFiles/__idf_nvs_flash.dir/src/nvs_handle_simple.cpp.obj
[458/1045] Building C object esp-idf/soc/CMakeFiles/__idf_soc.dir/esp32s3/gpio_periph.c.obj
[459/1045] Building C object esp-idf/esp_hw_support/CMakeFiles/__idf_esp_hw_support.dir/mspi_timing_tuning/port/esp32s3/mspi_timing_config.c.obj
[460/1045] Building C object esp-idf/soc/CMakeFiles/__idf_soc.dir/esp32s3/dedic_gpio_periph.c.obj
[461/1045] Building C object esp-idf/soc/CMakeFiles/__idf_soc.dir/esp32s3/gdma_periph.c.obj
[462/1045] Building C object esp-idf/esp_hw_support/CMakeFiles/__idf_esp_hw_support.dir/mspi_timing_tuning/port/esp32s3/mspi_timing_by_mspi_delay.c.obj
[463/1045] Building C object esp-idf/soc/CMakeFiles/__idf_soc.dir/esp32s3/adc_periph.c.obj
[464/1045] Building C object esp-idf/soc/CMakeFiles/__idf_soc.dir/esp32s3/spi_periph.c.obj
[295/935] Building C object esp-idf/freertos/CMakeFiles/__idf_freertos.dir/esp_additions/idf_additions_event_groups.c.obj
[329/1047] Building CXX object esp-idf/nvs_flash/CMakeFiles/__idf_nvs_flash.dir/src/nvs_platform.cpp.obj
[465/1045] Building C object esp-idf/soc/CMakeFiles/__idf_soc.dir/esp32s3/pcnt_periph.c.obj
[296/935] Building C object esp-idf/freertos/CMakeFiles/__idf_freertos.dir/esp_additions/idf_additions.c.obj
[466/1045] Building C object esp-idf/soc/CMakeFiles/__idf_soc.dir/esp32s3/lcd_periph.c.obj
[297/935] Building C object esp-idf/esp_hw_support/CMakeFiles/__idf_esp_hw_support.dir/port/esp32s3/esp_cpu_intr.c.obj
[467/1045] Building C object esp-idf/soc/CMakeFiles/__idf_soc.dir/esp32s3/ledc_periph.c.obj
[298/935] Building C object esp-idf/esp_hw_support/CMakeFiles/__idf_esp_hw_support.dir/esp_memory_utils.c.obj
[330/1047] Building CXX object esp-idf/nvs_flash/CMakeFiles/__idf_nvs_flash.dir/src/nvs_partition.cpp.obj
[299/935] Building C object esp-idf/freertos/CMakeFiles/__idf_freertos.dir/FreeRTOS-Kernel/event_groups.c.obj
[468/1045] Building C object esp-idf/esp_hw_support/CMakeFiles/__idf_esp_hw_support.dir/port/esp32s3/rtc_time.c.obj
Executing action: reconfigure
Running cmake in directory /home/tikhon/Документы/magnolia/applets/go/sleep/build
Executing "cmake -G Ninja -DPYTHON_DEPS_CHECKED=1 -DPYTHON=/home/tikhon/.espressif/python_env/idf6.0_py3.12_env/bin/python -DESP_PLATFORM=1 -DCCACHE_ENABLE=0 /home/tikhon/Документы/magnolia/applets/go/sleep"...
-- Found Git: /usr/bin/git (found version "2.43.0") 
[469/1045] Building C object esp-idf/soc/CMakeFiles/__idf_soc.dir/esp32s3/rmt_periph.c.obj
[300/935] Building C object esp-idf/freertos/CMakeFiles/__idf_freertos.dir/FreeRTOS-Kernel/portable/xtensa/xtensa_overlay_os_hook.c.obj
[301/935] Building C object esp-idf/esp_hw_support/CMakeFiles/__idf_esp_hw_support.dir/cpu.c.obj
[470/1045] Building C object esp-idf/soc/CMakeFiles/__idf_soc.dir/esp32s3/sdm_periph.c.obj
[302/935] Building C object esp-idf/esp_hw_support/CMakeFiles/__idf_esp_hw_support.dir/port/esp32s3/cpu_region_protect.c.obj
[471/1045] Building C object esp-idf/esp_hw_support/CMakeFiles/__idf_esp_hw_support.dir/lowpower/port/esp32s3/sleep_cpu.c.obj
[331/1047] Building C object esp-idf/nvs_flash/CMakeFiles/__idf_nvs_flash.dir/src/nvs_bootloader_aes.c.obj
[472/1045] Building C object esp-idf/soc/CMakeFiles/__idf_soc.dir/esp32s3/i2s_periph.c.obj
[303/935] Building C object esp-idf/freertos/CMakeFiles/__idf_freertos.dir/FreeRTOS-Kernel/stream_buffer.c.obj
[473/1045] Building C object esp-idf/soc/CMakeFiles/__idf_soc.dir/esp32s3/touch_sensor_periph.c.obj
[474/1045] Building C object esp-idf/soc/CMakeFiles/__idf_soc.dir/esp32s3/timer_periph.c.obj
[475/1045] Building C object esp-idf/soc/CMakeFiles/__idf_soc.dir/esp32s3/temperature_sensor_periph.c.obj
[476/1045] Building C object esp-idf/soc/CMakeFiles/__idf_soc.dir/esp32s3/mpi_periph.c.obj
[477/1045] Building C object esp-idf/esp_hw_support/CMakeFiles/__idf_esp_hw_support.dir/port/esp32s3/sar_periph_ctrl.c.obj
[304/935] Building C object esp-idf/esp_hw_support/CMakeFiles/__idf_esp_hw_support.dir/hw_random.c.obj
[478/1045] Building C object esp-idf/soc/CMakeFiles/__idf_soc.dir/esp32s3/i2c_periph.c.obj
[479/1045] Building C object esp-idf/soc/CMakeFiles/__idf_soc.dir/esp32s3/mcpwm_periph.c.obj
[305/935] Building C object esp-idf/esp_hw_support/CMakeFiles/__idf_esp_hw_support.dir/revision.c.obj
[480/1045] Building C object esp-idf/soc/CMakeFiles/__idf_soc.dir/esp32s3/twai_periph.c.obj
[306/935] Building C object esp-idf/esp_hw_support/CMakeFiles/__idf_esp_hw_support.dir/regi2c_ctrl.c.obj
[481/1045] Building C object esp-idf/soc/CMakeFiles/__idf_soc.dir/esp32s3/sdmmc_periph.c.obj
[332/1047] Building C object esp-idf/vfs/CMakeFiles/__idf_vfs.dir/vfs_semihost.c.obj
[307/935] Building C object esp-idf/freertos/CMakeFiles/__idf_freertos.dir/FreeRTOS-Kernel/portable/xtensa/port.c.obj
[482/1045] Building C object esp-idf/soc/CMakeFiles/__idf_soc.dir/esp32s3/wdt_periph.c.obj
[483/1045] Building C object esp-idf/soc/CMakeFiles/__idf_soc.dir/esp32s3/usb_dwc_periph.c.obj
[484/1045] Building C object esp-idf/soc/CMakeFiles/__idf_soc.dir/esp32s3/power_supply_periph.c.obj
[485/1045] Building C object esp-idf/soc/CMakeFiles/__idf_soc.dir/esp32s3/cam_periph.c.obj
[333/1047] Building C object esp-idf/nvs_flash/CMakeFiles/__idf_nvs_flash.dir/src/nvs_bootloader.c.obj
[308/935] Building C object esp-idf/esp_hw_support/CMakeFiles/__idf_esp_hw_support.dir/esp_gpio_reserve.c.obj
[334/1047] Linking C static library esp-idf/lwip/liblwip.a
[486/1045] Building C object esp-idf/esp_hw_support/CMakeFiles/__idf_esp_hw_support.dir/sleep_modes.c.obj
[335/1047] Building C object esp-idf/esp_phy/CMakeFiles/__idf_esp_phy.dir/src/phy_init.c.obj
Executing action: reconfigure
Running cmake in directory /home/tikhon/Документы/magnolia/applets/go/false/build
Executing "cmake -G Ninja -DPYTHON_DEPS_CHECKED=1 -DPYTHON=/home/tikhon/.espressif/python_env/idf6.0_py3.12_env/bin/python -DESP_PLATFORM=1 -DCCACHE_ENABLE=0 /home/tikhon/Документы/magnolia/applets/go/false"...
-- Found Git: /usr/bin/git (found version "2.43.0") 
[309/935] Building C object esp-idf/esp_hw_support/CMakeFiles/__idf_esp_hw_support.dir/clk_ctrl_os.c.obj
[487/1045] Building C object esp-idf/heap/CMakeFiles/__idf_heap.dir/port/esp32s3/memory_layout.c.obj
[310/935] Building CXX object esp-idf/nvs_flash/CMakeFiles/__idf_nvs_flash.dir/src/nvs_encrypted_partition.cpp.obj
[488/1045] Building C object esp-idf/freertos/CMakeFiles/__idf_freertos.dir/FreeRTOS-Kernel/tasks.c.obj
[489/1045] Building C object esp-idf/soc/CMakeFiles/__idf_soc.dir/esp32s3/rtc_io_periph.c.obj
[311/935] Building C object esp-idf/esp_hw_support/CMakeFiles/__idf_esp_hw_support.dir/mac_addr.c.obj
[336/1047] Building C object esp-idf/nvs_flash/CMakeFiles/__idf_nvs_flash.dir/src/nvs_bootloader_xts_aes.c.obj
[312/935] Building C object esp-idf/esp_hw_support/CMakeFiles/__idf_esp_hw_support.dir/esp_clk.c.obj
[490/1045] Building C object esp-idf/log/CMakeFiles/__idf_log.dir/src/util.c.obj
[491/1045] Building C object esp-idf/log/CMakeFiles/__idf_log.dir/src/os/util.c.obj
[492/1045] Building C object esp-idf/log/CMakeFiles/__idf_log.dir/src/log_format_text.c.obj
Executing action: reconfigure
Running cmake in directory /home/tikhon/Документы/magnolia/applets/go/godd/build
Executing "cmake -G Ninja -DPYTHON_DEPS_CHECKED=1 -DPYTHON=/home/tikhon/.espressif/python_env/idf6.0_py3.12_env/bin/python -DESP_PLATFORM=1 -DCCACHE_ENABLE=0 /home/tikhon/Документы/magnolia/applets/go/godd"...
-- Found Git: /usr/bin/git (found version "2.43.0") 
[313/935] Building CXX object esp-idf/nvs_flash/CMakeFiles/__idf_nvs_flash.dir/src/nvs_partition_manager.cpp.obj
[493/1045] Building C object esp-idf/log/CMakeFiles/__idf_log.dir/src/log_level/log_level.c.obj
Executing action: reconfigure
Running cmake in directory /home/tikhon/Документы/magnolia/applets/go/gohello/build
Executing "cmake -G Ninja -DPYTHON_DEPS_CHECKED=1 -DPYTHON=/home/tikhon/.espressif/python_env/idf6.0_py3.12_env/bin/python -DESP_PLATFORM=1 -DCCACHE_ENABLE=0 /home/tikhon/Документы/magnolia/applets/go/gohello"...
-- Found Git: /usr/bin/git (found version "2.43.0") 
[337/1047] Building C object esp-idf/esp_driver_uart/CMakeFiles/__idf_esp_driver_uart.dir/src/uart_wakeup.c.obj
[494/1045] Building C object esp-idf/heap/CMakeFiles/__idf_heap.dir/port/memory_layout_utils.c.obj
[495/1045] Building C object esp-idf/log/CMakeFiles/__idf_log.dir/src/os/log_write.c.obj
[496/1045] Building C object esp-idf/heap/CMakeFiles/__idf_heap.dir/heap_caps_base.c.obj
[497/1045] Building C object esp-idf/log/CMakeFiles/__idf_log.dir/src/log_print.c.obj
[498/1045] Building C object esp-idf/log/CMakeFiles/__idf_log.dir/src/log_level/tag_log_level/tag_log_level.c.obj
[314/935] Building C object esp-idf/esp_hw_support/CMakeFiles/__idf_esp_hw_support.dir/dma/esp_dma_utils.c.obj
[499/1045] Building C object esp-idf/log/CMakeFiles/__idf_log.dir/src/log_level/tag_log_level/linked_list/log_linked_list.c.obj
[500/1045] Building C object esp-idf/log/CMakeFiles/__idf_log.dir/src/os/log_timestamp.c.obj
[338/1047] Building C object esp-idf/esp_event/CMakeFiles/__idf_esp_event.dir/default_event_loop.c.obj
[501/1045] Building C object esp-idf/esp_hw_support/CMakeFiles/__idf_esp_hw_support.dir/dma/gdma.c.obj
[315/935] Building C object esp-idf/esp_hw_support/CMakeFiles/__idf_esp_hw_support.dir/port/esp_clk_tree_common.c.obj
[339/1047] Building C object esp-idf/esp_event/CMakeFiles/__idf_esp_event.dir/esp_event_private.c.obj
[316/935] Building C object esp-idf/esp_hw_support/CMakeFiles/__idf_esp_hw_support.dir/port/esp32s3/esp_clk_tree.c.obj
[502/1045] Building C object esp-idf/log/CMakeFiles/__idf_log.dir/src/buffer/log_buffers.c.obj
[503/1045] Building C object esp-idf/log/CMakeFiles/__idf_log.dir/src/log.c.obj
[504/1045] Building C object esp-idf/heap/CMakeFiles/__idf_heap.dir/heap_caps_init.c.obj
[505/1045] Building C object esp-idf/hal/CMakeFiles/__idf_hal.dir/hal_utils.c.obj
[506/1045] Building C object esp-idf/log/CMakeFiles/__idf_log.dir/src/log_timestamp_common.c.obj
[507/1045] Building C object esp-idf/log/CMakeFiles/__idf_log.dir/src/os/log_lock.c.obj
[317/935] Building C object esp-idf/esp_hw_support/CMakeFiles/__idf_esp_hw_support.dir/rtc_module.c.obj
[508/1045] Building C object esp-idf/hal/CMakeFiles/__idf_hal.dir/mpu_hal.c.obj
[318/935] Building C object esp-idf/esp_hw_support/CMakeFiles/__idf_esp_hw_support.dir/sar_tsens_ctrl.c.obj
[509/1045] Building C object esp-idf/hal/CMakeFiles/__idf_hal.dir/color_hal.c.obj
[319/935] Building C object esp-idf/esp_hw_support/CMakeFiles/__idf_esp_hw_support.dir/port/esp32s3/io_mux.c.obj
[510/1045] Building CXX object esp-idf/nvs_flash/CMakeFiles/__idf_nvs_flash.dir/src/nvs_page.cpp.obj
[320/935] Building C object esp-idf/esp_hw_support/CMakeFiles/__idf_esp_hw_support.dir/clk_utils.c.obj
[340/1047] Building C object esp-idf/vfs/CMakeFiles/__idf_vfs.dir/vfs.c.obj
[321/935] Building C object esp-idf/esp_hw_support/CMakeFiles/__idf_esp_hw_support.dir/periph_ctrl.c.obj
[511/1045] Building C object esp-idf/hal/CMakeFiles/__idf_hal.dir/spi_flash_encrypt_hal_iram.c.obj
[322/935] Building C object esp-idf/esp_hw_support/CMakeFiles/__idf_esp_hw_support.dir/sleep_modem.c.obj
[512/1045] Building C object esp-idf/hal/CMakeFiles/__idf_hal.dir/esp32s3/efuse_hal.c.obj
[323/935] Building C object esp-idf/esp_driver_uart/CMakeFiles/__idf_esp_driver_uart.dir/src/uart.c.obj
[513/1045] Building C object esp-idf/log/CMakeFiles/__idf_log.dir/src/log_level/tag_log_level/cache/log_binary_heap.c.obj
[324/935] Building C object esp-idf/esp_hw_support/CMakeFiles/__idf_esp_hw_support.dir/sleep_usb.c.obj
[514/1045] Building C object esp-idf/hal/CMakeFiles/__idf_hal.dir/spi_flash_hal.c.obj
[515/1045] Building C object esp-idf/heap/CMakeFiles/__idf_heap.dir/multi_heap.c.obj
[325/935] Building C object esp-idf/esp_hw_support/CMakeFiles/__idf_esp_hw_support.dir/dma/gdma_link.c.obj
[326/935] Building CXX object esp-idf/nvs_flash/CMakeFiles/__idf_nvs_flash.dir/src/nvs_api.cpp.obj
[341/1047] Linking C static library esp-idf/vfs/libvfs.a
[516/1045] Building C object esp-idf/hal/CMakeFiles/__idf_hal.dir/efuse_hal.c.obj
[517/1045] Building C object esp-idf/hal/CMakeFiles/__idf_hal.dir/systimer_hal.c.obj
[518/1045] Linking C static library esp-idf/nvs_flash/libnvs_flash.a
[327/935] Building C object esp-idf/esp_hw_support/CMakeFiles/__idf_esp_hw_support.dir/port/esp32s3/systimer.c.obj
[519/1045] Building C object esp-idf/hal/CMakeFiles/__idf_hal.dir/esp32s3/clk_tree_hal.c.obj
[520/1045] Building C object esp-idf/hal/CMakeFiles/__idf_hal.dir/mmu_hal.c.obj
[328/935] Building C object esp-idf/esp_hw_support/CMakeFiles/__idf_esp_hw_support.dir/sleep_console.c.obj
[329/935] Building C object esp-idf/esp_hw_support/CMakeFiles/__idf_esp_hw_support.dir/spi_share_hw_ctrl.c.obj
[521/1045] Building C object esp-idf/hal/CMakeFiles/__idf_hal.dir/uart_hal_iram.c.obj
[330/935] Building C object esp-idf/esp_hw_support/CMakeFiles/__idf_esp_hw_support.dir/dma/esp_async_memcpy.c.obj
[342/1047] Linking C static library esp-idf/esp_vfs_console/libesp_vfs_console.a
[522/1045] Building C object esp-idf/hal/CMakeFiles/__idf_hal.dir/ledc_hal.c.obj
[523/1045] Linking C static library esp-idf/esp_event/libesp_event.a
[524/1045] Building C object esp-idf/hal/CMakeFiles/__idf_hal.dir/timer_hal.c.obj
[331/935] Building C object esp-idf/esp_hw_support/CMakeFiles/__idf_esp_hw_support.dir/sleep_wake_stub.c.obj
[525/1045] Building C object esp-idf/hal/CMakeFiles/__idf_hal.dir/ledc_hal_iram.c.obj
Executing action: reconfigure
Running cmake in directory /home/tikhon/Документы/magnolia/applets/go/gohexdump/build
Executing "cmake -G Ninja -DPYTHON_DEPS_CHECKED=1 -DPYTHON=/home/tikhon/.espressif/python_env/idf6.0_py3.12_env/bin/python -DESP_PLATFORM=1 -DCCACHE_ENABLE=0 /home/tikhon/Документы/magnolia/applets/go/gohexdump"...
-- Found Git: /usr/bin/git (found version "2.43.0") 
[526/1045] Building C object esp-idf/hal/CMakeFiles/__idf_hal.dir/pcnt_hal.c.obj
[527/1045] Building C object esp-idf/heap/CMakeFiles/__idf_heap.dir/heap_caps.c.obj
[528/1045] Building C object esp-idf/hal/CMakeFiles/__idf_hal.dir/uart_hal.c.obj
[529/1045] Building C object esp-idf/hal/CMakeFiles/__idf_hal.dir/gpio_hal.c.obj
[343/1047] Building CXX object esp-idf/nvs_flash/CMakeFiles/__idf_nvs_flash.dir/src/nvs_partition_lookup.cpp.obj
[344/1047] Linking C static library esp-idf/esp_driver_usb_serial_jtag/libesp_driver_usb_serial_jtag.a
[530/1045] Linking C static library esp-idf/esp_driver_uart/libesp_driver_uart.a
[531/1045] Building C object esp-idf/hal/CMakeFiles/__idf_hal.dir/mcpwm_hal.c.obj
[332/935] Building C object esp-idf/esp_hw_support/CMakeFiles/__idf_esp_hw_support.dir/intr_alloc.c.obj
[333/935] Building C object esp-idf/esp_hw_support/CMakeFiles/__idf_esp_hw_support.dir/spi_bus_lock.c.obj
[532/1045] Building C object esp-idf/hal/CMakeFiles/__idf_hal.dir/cache_hal.c.obj
[533/1045] Building C object esp-idf/hal/CMakeFiles/__idf_hal.dir/rtc_io_hal.c.obj
[534/1045] Building C object esp-idf/hal/CMakeFiles/__idf_hal.dir/uhci_hal.c.obj
[334/935] Building C object esp-idf/esp_hw_support/CMakeFiles/__idf_esp_hw_support.dir/sleep_event.c.obj
[535/1045] Building C object esp-idf/hal/CMakeFiles/__idf_hal.dir/rmt_hal.c.obj
Executing action: reconfigure
Running cmake in directory /home/tikhon/Документы/magnolia/applets/go/goargs/build
Executing "cmake -G Ninja -DPYTHON_DEPS_CHECKED=1 -DPYTHON=/home/tikhon/.espressif/python_env/idf6.0_py3.12_env/bin/python -DESP_PLATFORM=1 -DCCACHE_ENABLE=0 /home/tikhon/Документы/magnolia/applets/go/goargs"...
-- Found Git: /usr/bin/git (found version "2.43.0") 
[536/1045] Building C object esp-idf/hal/CMakeFiles/__idf_hal.dir/i2c_hal_iram.c.obj
[335/935] Building C object esp-idf/esp_hw_support/CMakeFiles/__idf_esp_hw_support.dir/usb_phy/usb_phy.c.obj
[345/1047] Building C object esp-idf/esp_event/CMakeFiles/__idf_esp_event.dir/esp_event.c.obj
[346/1047] Linking C static library esp-idf/esp_phy/libesp_phy.a
[537/1045] Building C object esp-idf/hal/CMakeFiles/__idf_hal.dir/sdm_hal.c.obj
[538/1045] Linking C static library esp-idf/esp_ringbuf/libesp_ringbuf.a
[336/935] Building C object esp-idf/esp_hw_support/CMakeFiles/__idf_esp_hw_support.dir/mspi_timing_tuning/mspi_timing_tuning.c.obj
[337/935] Building C object esp-idf/esp_hw_support/CMakeFiles/__idf_esp_hw_support.dir/port/esp32s3/rtc_clk_init.c.obj
[539/1045] Building C object esp-idf/hal/CMakeFiles/__idf_hal.dir/gdma_hal_top.c.obj
[338/935] Building C object esp-idf/esp_hw_support/CMakeFiles/__idf_esp_hw_support.dir/adc_share_hw_ctrl.c.obj
[540/1045] Building C object esp-idf/hal/CMakeFiles/__idf_hal.dir/sdmmc_hal.c.obj
[339/935] Building C object esp-idf/esp_hw_support/CMakeFiles/__idf_esp_hw_support.dir/esp_clock_output.c.obj
[541/1045] Building C object esp-idf/hal/CMakeFiles/__idf_hal.dir/adc_oneshot_hal.c.obj
[542/1045] Building C object esp-idf/hal/CMakeFiles/__idf_hal.dir/i2c_hal.c.obj
[340/935] Building C object esp-idf/esp_hw_support/CMakeFiles/__idf_esp_hw_support.dir/dma/async_memcpy_gdma.c.obj
[341/935] Building C object esp-idf/esp_hw_support/CMakeFiles/__idf_esp_hw_support.dir/port/esp32s3/chip_info.c.obj
[543/1045] Linking C static library esp-idf/esp_driver_gptimer/libesp_driver_gptimer.a
[342/935] Building C object esp-idf/esp_hw_support/CMakeFiles/__idf_esp_hw_support.dir/port/esp_memprot_conv.c.obj
[544/1045] Building C object esp-idf/hal/CMakeFiles/__idf_hal.dir/gdma_hal_ahb_v1.c.obj
[545/1045] Building C object esp-idf/hal/CMakeFiles/__idf_hal.dir/spi_flash_hal_iram.c.obj
[343/935] Building CXX object esp-idf/nvs_flash/CMakeFiles/__idf_nvs_flash.dir/src/nvs_page.cpp.obj
[546/1045] Building C object esp-idf/hal/CMakeFiles/__idf_hal.dir/adc_hal.c.obj
[344/935] Building C object esp-idf/soc/CMakeFiles/__idf_soc.dir/lldesc.c.obj
[547/1045] Building C object esp-idf/hal/CMakeFiles/__idf_hal.dir/mpi_hal.c.obj
[347/1047] Building C object esp-idf/esp_driver_gptimer/CMakeFiles/__idf_esp_driver_gptimer.dir/src/gptimer_common.c.obj
[345/935] Building C object esp-idf/esp_hw_support/CMakeFiles/__idf_esp_hw_support.dir/sleep_gpio.c.obj
[348/1047] Building C object esp-idf/esp_driver_uart/CMakeFiles/__idf_esp_driver_uart.dir/src/uhci.c.obj
[346/935] Building C object esp-idf/soc/CMakeFiles/__idf_soc.dir/dport_access_common.c.obj
[548/1045] Linking C static library esp-idf/esp_timer/libesp_timer.a
[347/935] Building C object esp-idf/soc/CMakeFiles/__idf_soc.dir/esp32s3/interrupts.c.obj
[549/1045] Building C object esp-idf/esp_hw_support/CMakeFiles/__idf_esp_hw_support.dir/port/esp32s3/esp_memprot.c.obj
[550/1045] Building C object esp-idf/hal/CMakeFiles/__idf_hal.dir/brownout_hal.c.obj
Executing action: reconfigure
Running cmake in directory /home/tikhon/Документы/magnolia/applets/go/gotest/build
Executing "cmake -G Ninja -DPYTHON_DEPS_CHECKED=1 -DPYTHON=/home/tikhon/.espressif/python_env/idf6.0_py3.12_env/bin/python -DESP_PLATFORM=1 -DCCACHE_ENABLE=0 /home/tikhon/Документы/magnolia/applets/go/gotest"...
-- Found Git: /usr/bin/git (found version "2.43.0") 
[551/1045] Building C object esp-idf/hal/CMakeFiles/__idf_hal.dir/lcd_hal.c.obj
[348/935] Building CXX object esp-idf/nvs_flash/CMakeFiles/__idf_nvs_flash.dir/src/nvs_storage.cpp.obj
[552/1045] Building C object esp-idf/hal/CMakeFiles/__idf_hal.dir/spi_slave_hal.c.obj
[553/1045] Building C object esp-idf/hal/CMakeFiles/__idf_hal.dir/sha_hal.c.obj
[349/935] Building C object esp-idf/esp_hw_support/CMakeFiles/__idf_esp_hw_support.dir/port/esp32s3/rtc_time.c.obj
[350/935] Building C object esp-idf/esp_hw_support/CMakeFiles/__idf_esp_hw_support.dir/power_supply/brownout.c.obj
[554/1045] Building C object esp-idf/hal/CMakeFiles/__idf_hal.dir/aes_hal.c.obj
[351/935] Building C object esp-idf/freertos/CMakeFiles/__idf_freertos.dir/FreeRTOS-Kernel/tasks.c.obj
[555/1045] Building C object esp-idf/hal/CMakeFiles/__idf_hal.dir/twai_hal_sja1000.c.obj
[352/935] Building C object esp-idf/soc/CMakeFiles/__idf_soc.dir/esp32s3/uart_periph.c.obj
[353/935] Building C object esp-idf/soc/CMakeFiles/__idf_soc.dir/esp32s3/adc_periph.c.obj
Executing action: reconfigure
Running cmake in directory /home/tikhon/Документы/magnolia/applets/go/pwd/build
Executing "cmake -G Ninja -DPYTHON_DEPS_CHECKED=1 -DPYTHON=/home/tikhon/.espressif/python_env/idf6.0_py3.12_env/bin/python -DESP_PLATFORM=1 -DCCACHE_ENABLE=0 /home/tikhon/Документы/magnolia/applets/go/pwd"...
-- Found Git: /usr/bin/git (found version "2.43.0") 
[354/935] Building C object esp-idf/soc/CMakeFiles/__idf_soc.dir/esp32s3/gdma_periph.c.obj
[556/1045] Linking C static library esp-idf/cxx/libcxx.a
[355/935] Building C object esp-idf/soc/CMakeFiles/__idf_soc.dir/esp32s3/dedic_gpio_periph.c.obj
[356/935] Building C object esp-idf/esp_hw_support/CMakeFiles/__idf_esp_hw_support.dir/port/esp32s3/rtc_sleep.c.obj
[357/935] Building C object esp-idf/soc/CMakeFiles/__idf_soc.dir/esp32s3/gpio_periph.c.obj
[358/935] Linking C static library esp-idf/nvs_flash/libnvs_flash.a
[359/935] Building C object esp-idf/soc/CMakeFiles/__idf_soc.dir/esp32s3/pcnt_periph.c.obj
[349/1047] Building CXX object esp-idf/nvs_flash/CMakeFiles/__idf_nvs_flash.dir/src/nvs_partition_manager.cpp.obj
[557/1045] Linking C static library esp-idf/pthread/libpthread.a
[360/935] Building C object esp-idf/soc/CMakeFiles/__idf_soc.dir/esp32s3/spi_periph.c.obj
[361/935] Building C object esp-idf/esp_hw_support/CMakeFiles/__idf_esp_hw_support.dir/mspi_timing_tuning/port/esp32s3/mspi_timing_config.c.obj
[362/935] Building C object esp-idf/soc/CMakeFiles/__idf_soc.dir/esp32s3/i2s_periph.c.obj
[363/935] Building C object esp-idf/soc/CMakeFiles/__idf_soc.dir/esp32s3/sdm_periph.c.obj
[364/935] Building C object esp-idf/soc/CMakeFiles/__idf_soc.dir/esp32s3/rmt_periph.c.obj
[365/935] Building C object esp-idf/soc/CMakeFiles/__idf_soc.dir/esp32s3/ledc_periph.c.obj
[366/935] Building C object esp-idf/soc/CMakeFiles/__idf_soc.dir/esp32s3/temperature_sensor_periph.c.obj
[558/1045] Building C object esp-idf/hal/CMakeFiles/__idf_hal.dir/spi_slave_hal_iram.c.obj
[559/1045] Building C object esp-idf/hal/CMakeFiles/__idf_hal.dir/spi_hal_iram.c.obj
[367/935] Building C object esp-idf/soc/CMakeFiles/__idf_soc.dir/esp32s3/timer_periph.c.obj
[350/1047] Building C object esp-idf/esp_timer/CMakeFiles/__idf_esp_timer.dir/src/esp_timer_init.c.obj
[368/935] Building C object esp-idf/soc/CMakeFiles/__idf_soc.dir/esp32s3/lcd_periph.c.obj
[560/1045] Building C object esp-idf/hal/CMakeFiles/__idf_hal.dir/hmac_hal.c.obj
[561/1045] Linking C static library esp-idf/newlib/libnewlib.a
[369/935] Building C object esp-idf/esp_hw_support/CMakeFiles/__idf_esp_hw_support.dir/mspi_timing_tuning/port/esp32s3/mspi_timing_by_mspi_delay.c.obj
[562/1045] Building C object esp-idf/hal/CMakeFiles/__idf_hal.dir/adc_hal_common.c.obj
[563/1045] Building C object esp-idf/hal/CMakeFiles/__idf_hal.dir/ds_hal.c.obj
[370/935] Linking C static library esp-idf/esp_event/libesp_event.a
[371/935] Building C object esp-idf/soc/CMakeFiles/__idf_soc.dir/esp32s3/touch_sensor_periph.c.obj
[564/1045] Building C object esp-idf/hal/CMakeFiles/__idf_hal.dir/cam_hal.c.obj
[372/935] Building C object esp-idf/esp_hw_support/CMakeFiles/__idf_esp_hw_support.dir/port/esp32s3/sar_periph_ctrl.c.obj
[351/1047] Building C object esp-idf/esp_ringbuf/CMakeFiles/__idf_esp_ringbuf.dir/ringbuf.c.obj
[565/1045] Building C object esp-idf/hal/CMakeFiles/__idf_hal.dir/usb_serial_jtag_hal.c.obj
[566/1045] Building C object esp-idf/hal/CMakeFiles/__idf_hal.dir/spi_hal.c.obj
[567/1045] Building C object esp-idf/hal/CMakeFiles/__idf_hal.dir/spi_flash_hal_gpspi.c.obj
[373/935] Building C object esp-idf/soc/CMakeFiles/__idf_soc.dir/esp32s3/i2c_periph.c.obj
[374/935] Building C object esp-idf/soc/CMakeFiles/__idf_soc.dir/esp32s3/sdmmc_periph.c.obj
[568/1045] Building C object esp-idf/hal/CMakeFiles/__idf_hal.dir/usb_wrap_hal.c.obj
[375/935] Building C object esp-idf/soc/CMakeFiles/__idf_soc.dir/esp32s3/mpi_periph.c.obj
[376/935] Building C object esp-idf/soc/CMakeFiles/__idf_soc.dir/esp32s3/twai_periph.c.obj
[569/1045] Building C object esp-idf/hal/CMakeFiles/__idf_hal.dir/touch_sensor_hal.c.obj
[377/935] Building C object esp-idf/esp_hw_support/CMakeFiles/__idf_esp_hw_support.dir/port/esp32s3/rtc_clk.c.obj
[378/935] Building C object esp-idf/soc/CMakeFiles/__idf_soc.dir/esp32s3/usb_dwc_periph.c.obj
[352/1047] Building C object esp-idf/esp_driver_uart/CMakeFiles/__idf_esp_driver_uart.dir/src/uart_vfs.c.obj
[379/935] Building C object esp-idf/esp_hw_support/CMakeFiles/__idf_esp_hw_support.dir/port/esp32s3/rtc_init.c.obj
[570/1045] Building C object esp-idf/esp_rom/CMakeFiles/__idf_esp_rom.dir/patches/esp_rom_crc.c.obj
[353/1047] Building C object esp-idf/esp_timer/CMakeFiles/__idf_esp_timer.dir/src/system_time.c.obj
[380/935] Building C object esp-idf/soc/CMakeFiles/__idf_soc.dir/esp32s3/mcpwm_periph.c.obj
[381/935] Building C object esp-idf/soc/CMakeFiles/__idf_soc.dir/esp32s3/cam_periph.c.obj
[382/935] Building C object esp-idf/soc/CMakeFiles/__idf_soc.dir/esp32s3/power_supply_periph.c.obj
[571/1045] Building ASM object esp-idf/esp_rom/CMakeFiles/__idf_esp_rom.dir/patches/esp_rom_longjmp.S.obj
[383/935] Building C object esp-idf/esp_hw_support/CMakeFiles/__idf_esp_hw_support.dir/lowpower/port/esp32s3/sleep_cpu.c.obj
[384/935] Building C object esp-idf/soc/CMakeFiles/__idf_soc.dir/esp32s3/wdt_periph.c.obj
[385/935] Linking C static library esp-idf/esp_driver_uart/libesp_driver_uart.a
[572/1045] Building C object esp-idf/hal/CMakeFiles/__idf_hal.dir/esp32s3/rtc_cntl_hal.c.obj
[573/1045] Building C object esp-idf/esp_rom/CMakeFiles/__idf_esp_rom.dir/patches/esp_rom_efuse.c.obj
[354/1047] Building C object esp-idf/esp_timer/CMakeFiles/__idf_esp_timer.dir/src/ets_timer_legacy.c.obj
-- Compiler supported targets: xtensa-esp-elf
[574/1045] Building C object esp-idf/hal/CMakeFiles/__idf_hal.dir/i2s_hal.c.obj
[575/1045] Linking C static library esp-idf/freertos/libfreertos.a
[386/935] Building C object esp-idf/soc/CMakeFiles/__idf_soc.dir/esp32s3/rtc_io_periph.c.obj
[387/935] Linking C static library esp-idf/esp_ringbuf/libesp_ringbuf.a
[576/1045] Building C object esp-idf/esp_rom/CMakeFiles/__idf_esp_rom.dir/patches/esp_rom_gpio.c.obj
[577/1045] Building C object esp-idf/hal/CMakeFiles/__idf_hal.dir/touch_sens_hal.c.obj
[388/935] Building C object esp-idf/log/CMakeFiles/__idf_log.dir/src/util.c.obj
[578/1045] Building C object esp-idf/esp_rom/CMakeFiles/__idf_esp_rom.dir/patches/esp_rom_sys.c.obj
[355/1047] Building C object esp-idf/esp_timer/CMakeFiles/__idf_esp_timer.dir/src/esp_timer_impl_common.c.obj
[579/1045] Building C object esp-idf/hal/CMakeFiles/__idf_hal.dir/spi_slave_hd_hal.c.obj
[356/1047] Building C object esp-idf/esp_driver_gptimer/CMakeFiles/__idf_esp_driver_gptimer.dir/src/gptimer.c.obj
[580/1045] Building C object esp-idf/hal/CMakeFiles/__idf_hal.dir/esp32s3/touch_sensor_hal.c.obj
[357/1047] Building C object esp-idf/esp_timer/CMakeFiles/__idf_esp_timer.dir/src/esp_timer.c.obj
[581/1045] Building C object esp-idf/esp_rom/CMakeFiles/__idf_esp_rom.dir/patches/esp_rom_serial_output.c.obj
[582/1045] Building C object esp-idf/esp_rom/CMakeFiles/__idf_esp_rom.dir/patches/esp_rom_systimer.c.obj
[389/935] Building C object esp-idf/heap/CMakeFiles/__idf_heap.dir/multi_heap.c.obj
[583/1045] Building C object esp-idf/hal/CMakeFiles/__idf_hal.dir/xt_wdt_hal.c.obj
[584/1045] Building C object esp-idf/esp_rom/CMakeFiles/__idf_esp_rom.dir/patches/esp_rom_wdt.c.obj
[390/935] Building C object esp-idf/heap/CMakeFiles/__idf_heap.dir/port/memory_layout_utils.c.obj
[391/935] Building C object esp-idf/heap/CMakeFiles/__idf_heap.dir/port/esp32s3/memory_layout.c.obj
[392/935] Linking C static library esp-idf/esp_driver_gptimer/libesp_driver_gptimer.a
[585/1045] Building ASM object esp-idf/esp_rom/CMakeFiles/__idf_esp_rom.dir/patches/esp_rom_cache_writeback_esp32s3.S.obj
[586/1045] Building C object esp-idf/hal/CMakeFiles/__idf_hal.dir/temperature_sensor_hal.c.obj
[393/935] Building C object esp-idf/esp_hw_support/CMakeFiles/__idf_esp_hw_support.dir/dma/gdma.c.obj
Executing action: reconfigure
Running cmake in directory /home/tikhon/Документы/magnolia/applets/go/goxxd/build
Executing "cmake -G Ninja -DPYTHON_DEPS_CHECKED=1 -DPYTHON=/home/tikhon/.espressif/python_env/idf6.0_py3.12_env/bin/python -DESP_PLATFORM=1 -DCCACHE_ENABLE=0 /home/tikhon/Документы/magnolia/applets/go/goxxd"...
-- Found Git: /usr/bin/git (found version "2.43.0") 
[587/1045] Building C object esp-idf/esp_rom/CMakeFiles/__idf_esp_rom.dir/patches/esp_rom_print.c.obj
[588/1045] Building C object esp-idf/esp_system/CMakeFiles/__idf_esp_system.dir/esp_system_console.c.obj
[589/1045] Building C object esp-idf/esp_rom/CMakeFiles/__idf_esp_rom.dir/patches/esp_rom_spiflash.c.obj
[590/1045] Building C object esp-idf/esp_system/CMakeFiles/__idf_esp_system.dir/esp_err.c.obj
[394/935] Building C object esp-idf/log/CMakeFiles/__idf_log.dir/src/log_print.c.obj
[591/1045] Building C object esp-idf/esp_system/CMakeFiles/__idf_esp_system.dir/freertos_hooks.c.obj
[395/935] Building C object esp-idf/log/CMakeFiles/__idf_log.dir/src/os/log_timestamp.c.obj
[396/935] Building C object esp-idf/log/CMakeFiles/__idf_log.dir/src/log_format_text.c.obj
[592/1045] Linking C static library esp-idf/esp_hw_support/libesp_hw_support.a
[397/935] Building C object esp-idf/log/CMakeFiles/__idf_log.dir/src/log_level/log_level.c.obj
[398/935] Linking C static library esp-idf/esp_timer/libesp_timer.a
[593/1045] Building C object esp-idf/esp_rom/CMakeFiles/__idf_esp_rom.dir/patches/esp_rom_cache_esp32s2_esp32s3.c.obj
[399/935] Building C object esp-idf/log/CMakeFiles/__idf_log.dir/src/buffer/log_buffers.c.obj
[400/935] Building C object esp-idf/log/CMakeFiles/__idf_log.dir/src/os/log_lock.c.obj
[594/1045] Building C object esp-idf/esp_system/CMakeFiles/__idf_esp_system.dir/startup.c.obj
[358/1047] Building CXX object esp-idf/nvs_flash/CMakeFiles/__idf_nvs_flash.dir/src/nvs_handle_simple.cpp.obj
[401/935] Building C object esp-idf/log/CMakeFiles/__idf_log.dir/src/os/util.c.obj
[402/935] Building C object esp-idf/log/CMakeFiles/__idf_log.dir/src/os/log_write.c.obj
[595/1045] Building C object esp-idf/heap/CMakeFiles/__idf_heap.dir/tlsf/tlsf.c.obj
[403/935] Building C object esp-idf/heap/CMakeFiles/__idf_heap.dir/heap_caps_init.c.obj
[404/935] Building C object esp-idf/log/CMakeFiles/__idf_log.dir/src/log.c.obj
[405/935] Linking C static library esp-idf/cxx/libcxx.a
[596/1045] Building C object esp-idf/hal/CMakeFiles/__idf_hal.dir/usb_dwc_hal.c.obj
[597/1045] Building C object esp-idf/esp_system/CMakeFiles/__idf_esp_system.dir/crosscore_int.c.obj
[406/935] Building C object esp-idf/log/CMakeFiles/__idf_log.dir/src/log_timestamp_common.c.obj
[359/1047] Building CXX object esp-idf/cxx/CMakeFiles/__idf_cxx.dir/cxx_init.cpp.obj
[598/1045] Building C object esp-idf/esp_system/CMakeFiles/__idf_esp_system.dir/stack_check.c.obj
[407/935] Building C object esp-idf/heap/CMakeFiles/__idf_heap.dir/heap_caps_base.c.obj
[408/935] Building C object esp-idf/log/CMakeFiles/__idf_log.dir/src/log_level/tag_log_level/cache/log_binary_heap.c.obj
[599/1045] Building C object esp-idf/esp_system/CMakeFiles/__idf_esp_system.dir/ubsan.c.obj
[409/935] Building C object esp-idf/log/CMakeFiles/__idf_log.dir/src/log_level/tag_log_level/tag_log_level.c.obj
[600/1045] Linking C static library esp-idf/soc/libsoc.a
[410/935] Building C object esp-idf/hal/CMakeFiles/__idf_hal.dir/mpu_hal.c.obj
[360/1047] Building C object esp-idf/pthread/CMakeFiles/__idf_pthread.dir/pthread_local_storage.c.obj
[411/935] Building C object esp-idf/heap/CMakeFiles/__idf_heap.dir/heap_caps.c.obj
[412/935] Building C object esp-idf/hal/CMakeFiles/__idf_hal.dir/hal_utils.c.obj
[361/1047] Building C object esp-idf/esp_timer/CMakeFiles/__idf_esp_timer.dir/src/esp_timer_impl_systimer.c.obj
[413/935] Building C object esp-idf/hal/CMakeFiles/__idf_hal.dir/color_hal.c.obj
[414/935] Linking C static library esp-idf/pthread/libpthread.a
[362/1047] Building CXX object esp-idf/cxx/CMakeFiles/__idf_cxx.dir/cxx_exception_stubs.cpp.obj
[601/1045] Building C object esp-idf/esp_system/CMakeFiles/__idf_esp_system.dir/system_time.c.obj
[415/935] Building C object esp-idf/hal/CMakeFiles/__idf_hal.dir/spi_flash_encrypt_hal_iram.c.obj
[602/1045] Building C object esp-idf/esp_system/CMakeFiles/__idf_esp_system.dir/esp_system.c.obj
[416/935] Building C object esp-idf/log/CMakeFiles/__idf_log.dir/src/log_level/tag_log_level/linked_list/log_linked_list.c.obj
-- Minimal build - OFF
[603/1045] Building ASM object esp-idf/esp_system/CMakeFiles/__idf_esp_system.dir/port/arch/xtensa/esp_ipc_isr_handler.S.obj
[604/1045] Linking C static library esp-idf/heap/libheap.a
[605/1045] Building C object esp-idf/esp_system/CMakeFiles/__idf_esp_system.dir/esp_ipc.c.obj
[417/935] Building C object esp-idf/hal/CMakeFiles/__idf_hal.dir/efuse_hal.c.obj
[418/935] Building C object esp-idf/hal/CMakeFiles/__idf_hal.dir/mmu_hal.c.obj
[606/1045] Building ASM object esp-idf/esp_system/CMakeFiles/__idf_esp_system.dir/port/arch/xtensa/esp_ipc_isr_routines.S.obj
[607/1045] Building C object esp-idf/esp_system/CMakeFiles/__idf_esp_system.dir/startup_funcs.c.obj
[608/1045] Building C object esp-idf/esp_system/CMakeFiles/__idf_esp_system.dir/xt_wdt.c.obj
[419/935] Linking C static library esp-idf/newlib/libnewlib.a
[363/1047] Building C object esp-idf/pthread/CMakeFiles/__idf_pthread.dir/pthread_cond_var.c.obj
[609/1045] Building ASM object esp-idf/esp_system/CMakeFiles/__idf_esp_system.dir/port/arch/xtensa/panic_handler_asm.S.obj
[610/1045] Building C object esp-idf/esp_common/CMakeFiles/__idf_esp_common.dir/src/esp_err_to_name.c.obj
[364/1047] Building C object esp-idf/newlib/CMakeFiles/__idf_newlib.dir/src/abort.c.obj
[611/1045] Building C object esp-idf/esp_system/CMakeFiles/__idf_esp_system.dir/panic.c.obj
[612/1045] Building C object esp-idf/esp_system/CMakeFiles/__idf_esp_system.dir/port/esp_ipc_isr.c.obj
[365/1047] Building C object esp-idf/newlib/CMakeFiles/__idf_newlib.dir/src/init.c.obj
[613/1045] Building C object esp-idf/esp_system/CMakeFiles/__idf_esp_system.dir/int_wdt.c.obj
[420/935] Building C object esp-idf/hal/CMakeFiles/__idf_hal.dir/uart_hal.c.obj
[421/935] Building C object esp-idf/hal/CMakeFiles/__idf_hal.dir/rtc_io_hal.c.obj
[614/1045] Building C object esp-idf/esp_system/CMakeFiles/__idf_esp_system.dir/task_wdt/task_wdt.c.obj
[366/1047] Building CXX object esp-idf/nvs_flash/CMakeFiles/__idf_nvs_flash.dir/src/nvs_handle_locked.cpp.obj
[422/935] Building C object esp-idf/hal/CMakeFiles/__idf_hal.dir/uart_hal_iram.c.obj
-- Minimal build - OFF
[615/1045] Building C object esp-idf/esp_system/CMakeFiles/__idf_esp_system.dir/port/arch/xtensa/esp_ipc_isr_port.c.obj
[423/935] Building C object esp-idf/hal/CMakeFiles/__idf_hal.dir/gpio_hal.c.obj
[616/1045] Linking C static library esp-idf/log/liblog.a
[617/1045] Building C object esp-idf/esp_system/CMakeFiles/__idf_esp_system.dir/port/arch/xtensa/expression_with_stack.c.obj
[424/935] Building C object esp-idf/esp_hw_support/CMakeFiles/__idf_esp_hw_support.dir/sleep_modes.c.obj
[618/1045] Building C object esp-idf/esp_system/CMakeFiles/__idf_esp_system.dir/port/esp_system_chip.c.obj
[425/935] Building C object esp-idf/hal/CMakeFiles/__idf_hal.dir/timer_hal.c.obj
-- The C compiler identification is GNU 15.1.0
[619/1045] Building ASM object esp-idf/esp_system/CMakeFiles/__idf_esp_system.dir/port/arch/xtensa/debug_helpers_asm.S.obj
[426/935] Linking C static library esp-idf/freertos/libfreertos.a
[620/1045] Building ASM object esp-idf/esp_system/CMakeFiles/__idf_esp_system.dir/port/arch/xtensa/expression_with_stack_asm.S.obj
[367/1047] Building C object esp-idf/newlib/CMakeFiles/__idf_newlib.dir/src/assert.c.obj
[427/935] Building C object esp-idf/hal/CMakeFiles/__idf_hal.dir/esp32s3/efuse_hal.c.obj
[428/935] Building C object esp-idf/hal/CMakeFiles/__idf_hal.dir/ledc_hal.c.obj
[621/1045] Building ASM object esp-idf/esp_system/CMakeFiles/__idf_esp_system.dir/port/soc/esp32s3/highint_hdl.S.obj
[622/1045] Building C object esp-idf/esp_system/CMakeFiles/__idf_esp_system.dir/port/panic_handler.c.obj
[623/1045] Building C object esp-idf/esp_system/CMakeFiles/__idf_esp_system.dir/task_wdt/task_wdt_impl_timergroup.c.obj
[368/1047] Building C object esp-idf/pthread/CMakeFiles/__idf_pthread.dir/pthread_rwlock.c.obj
[429/935] Building C object esp-idf/hal/CMakeFiles/__idf_hal.dir/systimer_hal.c.obj
[624/1045] Building C object esp-idf/esp_system/CMakeFiles/__idf_esp_system.dir/port/arch/xtensa/debug_stubs.c.obj
[625/1045] Building C object esp-idf/esp_system/CMakeFiles/__idf_esp_system.dir/port/soc/esp32s3/apb_backup_dma.c.obj
[626/1045] Building C object esp-idf/spi_flash/CMakeFiles/__idf_spi_flash.dir/flash_brownout_hook.c.obj
[627/1045] Building C object esp-idf/esp_system/CMakeFiles/__idf_esp_system.dir/port/arch/xtensa/trax.c.obj
[369/1047] Building C object esp-idf/pthread/CMakeFiles/__idf_pthread.dir/pthread_semaphore.c.obj
[628/1045] Building C object esp-idf/esp_system/CMakeFiles/__idf_esp_system.dir/port/soc/esp32s3/cache_err_int.c.obj
[430/935] Building C object esp-idf/hal/CMakeFiles/__idf_hal.dir/i2c_hal_iram.c.obj
[370/1047] Building C object esp-idf/newlib/CMakeFiles/__idf_newlib.dir/src/heap.c.obj
[629/1045] Building C object esp-idf/esp_system/CMakeFiles/__idf_esp_system.dir/port/image_process.c.obj
[431/935] Building C object esp-idf/hal/CMakeFiles/__idf_hal.dir/rmt_hal.c.obj
[432/935] Building C object esp-idf/hal/CMakeFiles/__idf_hal.dir/ledc_hal_iram.c.obj
[433/935] Building C object esp-idf/hal/CMakeFiles/__idf_hal.dir/pcnt_hal.c.obj
[434/935] Building C object esp-idf/hal/CMakeFiles/__idf_hal.dir/esp32s3/clk_tree_hal.c.obj
[435/935] Building C object esp-idf/hal/CMakeFiles/__idf_hal.dir/spi_flash_hal.c.obj
[371/1047] Building C object esp-idf/pthread/CMakeFiles/__idf_pthread.dir/pthread.c.obj
[436/935] Building C object esp-idf/hal/CMakeFiles/__idf_hal.dir/cache_hal.c.obj
[437/935] Building C object esp-idf/hal/CMakeFiles/__idf_hal.dir/uhci_hal.c.obj
[372/1047] Building C object esp-idf/newlib/CMakeFiles/__idf_newlib.dir/src/poll.c.obj
[438/935] Building C object esp-idf/hal/CMakeFiles/__idf_hal.dir/i2c_hal.c.obj
[373/1047] Building C object esp-idf/newlib/CMakeFiles/__idf_newlib.dir/src/random.c.obj
-- The CXX compiler identification is GNU 15.1.0
[630/1045] Building C object esp-idf/spi_flash/CMakeFiles/__idf_spi_flash.dir/spi_flash_chip_th.c.obj
[374/1047] Building C object esp-idf/newlib/CMakeFiles/__idf_newlib.dir/src/termios.c.obj
[631/1045] Building C object esp-idf/spi_flash/CMakeFiles/__idf_spi_flash.dir/spi_flash_chip_winbond.c.obj
[375/1047] Building C object esp-idf/newlib/CMakeFiles/__idf_newlib.dir/src/pthread.c.obj
-- The C compiler identification is GNU 15.1.0
[632/1045] Building C object esp-idf/esp_system/CMakeFiles/__idf_esp_system.dir/port/soc/esp32s3/reset_reason.c.obj
[376/1047] Building C object esp-idf/newlib/CMakeFiles/__idf_newlib.dir/src/getentropy.c.obj
[439/935] Building C object esp-idf/hal/CMakeFiles/__idf_hal.dir/gdma_hal_top.c.obj
[633/1045] Building C object esp-idf/spi_flash/CMakeFiles/__idf_spi_flash.dir/spi_flash_chip_drivers.c.obj
[440/935] Building C object esp-idf/hal/CMakeFiles/__idf_hal.dir/sdm_hal.c.obj
[634/1045] Building C object esp-idf/spi_flash/CMakeFiles/__idf_spi_flash.dir/spi_flash_chip_boya.c.obj
[441/935] Building C object esp-idf/hal/CMakeFiles/__idf_hal.dir/sdmmc_hal.c.obj
-- The ASM compiler identification is GNU
[442/935] Building C object esp-idf/hal/CMakeFiles/__idf_hal.dir/sha_hal.c.obj
[443/935] Building C object esp-idf/hal/CMakeFiles/__idf_hal.dir/spi_flash_hal_iram.c.obj
-- Found assembler: /home/tikhon/.espressif/tools/xtensa-esp-elf/esp-15.1.0_20250607/xtensa-esp-elf/bin/xtensa-esp32s3-elf-gcc
[444/935] Building C object esp-idf/hal/CMakeFiles/__idf_hal.dir/brownout_hal.c.obj
[635/1045] Building C object esp-idf/esp_system/CMakeFiles/__idf_esp_system.dir/port/arch/xtensa/panic_arch.c.obj
[377/1047] Building C object esp-idf/newlib/CMakeFiles/__idf_newlib.dir/src/sysconf.c.obj
[636/1045] Building C object esp-idf/spi_flash/CMakeFiles/__idf_spi_flash.dir/spi_flash_chip_issi.c.obj
[637/1045] Linking C static library esp-idf/hal/libhal.a
-- App "free" version: 96a69bd-dirty
[378/1047] Building C object esp-idf/newlib/CMakeFiles/__idf_newlib.dir/src/locks.c.obj
[638/1045] Building C object esp-idf/spi_flash/CMakeFiles/__idf_spi_flash.dir/spi_flash_hpm_enable.c.obj
[639/1045] Building C object esp-idf/spi_flash/CMakeFiles/__idf_spi_flash.dir/spi_flash_chip_mxic_opi.c.obj
[445/935] Building C object esp-idf/hal/CMakeFiles/__idf_hal.dir/mpi_hal.c.obj
[640/1045] Building C object esp-idf/esp_system/CMakeFiles/__idf_esp_system.dir/port/soc/esp32s3/clk.c.obj
[641/1045] Building C object esp-idf/spi_flash/CMakeFiles/__idf_spi_flash.dir/esp32s3/spi_flash_oct_flash_init.c.obj
-- Detecting C compiler ABI info
[446/935] Building C object esp-idf/hal/CMakeFiles/__idf_hal.dir/lcd_hal.c.obj
[447/935] Building C object esp-idf/hal/CMakeFiles/__idf_hal.dir/i2s_hal.c.obj
[379/1047] Building C object esp-idf/newlib/CMakeFiles/__idf_newlib.dir/src/syscalls.c.obj
[642/1045] Building C object esp-idf/spi_flash/CMakeFiles/__idf_spi_flash.dir/spi_flash_chip_gd.c.obj
[448/935] Building C object esp-idf/hal/CMakeFiles/__idf_hal.dir/mcpwm_hal.c.obj
[643/1045] Building C object esp-idf/esp_system/CMakeFiles/__idf_esp_system.dir/port/arch/xtensa/debug_helpers.c.obj
[380/1047] Building C object esp-idf/newlib/CMakeFiles/__idf_newlib.dir/src/flockfile.c.obj
[449/935] Building C object esp-idf/hal/CMakeFiles/__idf_hal.dir/gdma_hal_ahb_v1.c.obj
[450/935] Building C object esp-idf/hal/CMakeFiles/__idf_hal.dir/aes_hal.c.obj
[381/1047] Building C object esp-idf/newlib/CMakeFiles/__idf_newlib.dir/src/realpath.c.obj
-- The CXX compiler identification is GNU 15.1.0
[644/1045] Building C object esp-idf/spi_flash/CMakeFiles/__idf_spi_flash.dir/flash_mmap.c.obj
[382/1047] Building C object esp-idf/newlib/CMakeFiles/__idf_newlib.dir/src/scandir.c.obj
[645/1045] Linking C static library esp-idf/esp_rom/libesp_rom.a
[451/935] Building C object esp-idf/hal/CMakeFiles/__idf_hal.dir/ds_hal.c.obj
[646/1045] Building C object esp-idf/spi_flash/CMakeFiles/__idf_spi_flash.dir/spi_flash_os_func_noos.c.obj
[383/1047] Building CXX object esp-idf/nvs_flash/CMakeFiles/__idf_nvs_flash.dir/src/nvs_item_hash_list.cpp.obj
[647/1045] Building C object esp-idf/esp_mm/CMakeFiles/__idf_esp_mm.dir/port/esp32s3/ext_mem_layout.c.obj
[648/1045] Building C object esp-idf/spi_flash/CMakeFiles/__idf_spi_flash.dir/spi_flash_chip_mxic.c.obj
[452/935] Building C object esp-idf/hal/CMakeFiles/__idf_hal.dir/adc_oneshot_hal.c.obj
[384/1047] Building C object esp-idf/newlib/CMakeFiles/__idf_newlib.dir/src/port/esp_time_impl.c.obj
[649/1045] Linking C static library esp-idf/esp_common/libesp_common.a
[453/935] Building C object esp-idf/hal/CMakeFiles/__idf_hal.dir/spi_slave_hal_iram.c.obj
-- The ASM compiler identification is GNU
-- Found assembler: /home/tikhon/.espressif/tools/xtensa-esp-elf/esp-15.1.0_20250607/xtensa-esp-elf/bin/xtensa-esp32s3-elf-gcc
[385/1047] Building CXX object esp-idf/nvs_flash/CMakeFiles/__idf_nvs_flash.dir/src/nvs_types.cpp.obj
[386/1047] Building C object esp-idf/newlib/CMakeFiles/__idf_newlib.dir/src/reent_init.c.obj
[454/935] Building C object esp-idf/hal/CMakeFiles/__idf_hal.dir/hmac_hal.c.obj
[650/1045] Building C object esp-idf/esp_system/CMakeFiles/__idf_esp_system.dir/port/cpu_start.c.obj
[651/1045] Building C object esp-idf/spi_flash/CMakeFiles/__idf_spi_flash.dir/spi_flash_wrap.c.obj
[387/1047] Building C object esp-idf/newlib/CMakeFiles/__idf_newlib.dir/src/time.c.obj
[388/1047] Building C object esp-idf/newlib/CMakeFiles/__idf_newlib.dir/src/reent_syscalls.c.obj
[652/1045] Building C object esp-idf/esp_system/CMakeFiles/__idf_esp_system.dir/port/soc/esp32s3/system_internal.c.obj
-- Detecting C compiler ABI info
[455/935] Building C object esp-idf/esp_hw_support/CMakeFiles/__idf_esp_hw_support.dir/port/esp32s3/esp_memprot.c.obj
[456/935] Building C object esp-idf/hal/CMakeFiles/__idf_hal.dir/spi_slave_hal.c.obj
[653/1045] Building C object esp-idf/esp_mm/CMakeFiles/__idf_esp_mm.dir/heap_align_hw.c.obj
-- Detecting C compiler ABI info - done
-- Minimal build - OFF
[654/1045] Building C object esp-idf/esp_mm/CMakeFiles/__idf_esp_mm.dir/esp_cache_utils.c.obj
[457/935] Building C object esp-idf/hal/CMakeFiles/__idf_hal.dir/spi_hal.c.obj
[655/1045] Building C object esp-idf/spi_flash/CMakeFiles/__idf_spi_flash.dir/flash_ops.c.obj
[389/1047] Building C object esp-idf/newlib/CMakeFiles/__idf_newlib.dir/src/newlib_init.c.obj
[458/935] Building C object esp-idf/hal/CMakeFiles/__idf_hal.dir/usb_serial_jtag_hal.c.obj
[656/1045] Building C object esp-idf/spi_flash/CMakeFiles/__idf_spi_flash.dir/spi_flash_os_func_app.c.obj
[459/935] Building C object esp-idf/hal/CMakeFiles/__idf_hal.dir/usb_wrap_hal.c.obj
[460/935] Building C object esp-idf/hal/CMakeFiles/__idf_hal.dir/esp32s3/touch_sensor_hal.c.obj
-- Check for working C compiler: /home/tikhon/.espressif/tools/xtensa-esp-elf/esp-15.1.0_20250607/xtensa-esp-elf/bin/xtensa-esp32s3-elf-gcc - skipped
-- Detecting C compile features
-- Detecting C compile features - done
[657/1045] Building C object esp-idf/spi_flash/CMakeFiles/__idf_spi_flash.dir/memspi_host_driver.c.obj
[461/935] Building C object esp-idf/hal/CMakeFiles/__idf_hal.dir/cam_hal.c.obj
[462/935] Building C object esp-idf/hal/CMakeFiles/__idf_hal.dir/adc_hal_common.c.obj
[658/1045] Building C object esp-idf/bootloader_support/CMakeFiles/__idf_bootloader_support.dir/src/bootloader_clock_init.c.obj
[463/935] Building C object esp-idf/hal/CMakeFiles/__idf_hal.dir/touch_sens_hal.c.obj
[390/1047] Building C object esp-idf/freertos/CMakeFiles/__idf_freertos.dir/FreeRTOS-Kernel/list.c.obj
[659/1045] Building C object esp-idf/bootloader_support/CMakeFiles/__idf_bootloader_support.dir/src/bootloader_mem.c.obj
-- Detecting CXX compiler ABI info
[464/935] Building C object esp-idf/hal/CMakeFiles/__idf_hal.dir/spi_flash_hal_gpspi.c.obj
[660/1045] Building C object esp-idf/spi_flash/CMakeFiles/__idf_spi_flash.dir/cache_utils.c.obj
[465/935] Building C object esp-idf/esp_rom/CMakeFiles/__idf_esp_rom.dir/patches/esp_rom_sys.c.obj
[661/1045] Building C object esp-idf/esp_mm/CMakeFiles/__idf_esp_mm.dir/esp_cache_msync.c.obj
[466/935] Building C object esp-idf/hal/CMakeFiles/__idf_hal.dir/twai_hal_sja1000.c.obj
[467/935] Building C object esp-idf/esp_rom/CMakeFiles/__idf_esp_rom.dir/patches/esp_rom_crc.c.obj
[662/1045] Linking C static library esp-idf/esp_system/libesp_system.a
[468/935] Building C object esp-idf/hal/CMakeFiles/__idf_hal.dir/touch_sensor_hal.c.obj
[663/1045] Building C object esp-idf/spi_flash/CMakeFiles/__idf_spi_flash.dir/spi_flash_chip_generic.c.obj
[469/935] Building C object esp-idf/hal/CMakeFiles/__idf_hal.dir/spi_slave_hd_hal.c.obj
-- Detecting C compiler ABI info - done
[664/1045] Building C object esp-idf/bootloader_support/CMakeFiles/__idf_bootloader_support.dir/src/bootloader_common.c.obj
[470/935] Building ASM object esp-idf/esp_rom/CMakeFiles/__idf_esp_rom.dir/patches/esp_rom_longjmp.S.obj
[391/1047] Building C object esp-idf/freertos/CMakeFiles/__idf_freertos.dir/heap_idf.c.obj
[471/935] Building C object esp-idf/hal/CMakeFiles/__idf_hal.dir/adc_hal.c.obj
-- Check for working C compiler: /home/tikhon/.espressif/tools/xtensa-esp-elf/esp-15.1.0_20250607/xtensa-esp-elf/bin/xtensa-esp32s3-elf-gcc - skipped
[665/1045] Building C object esp-idf/bootloader_support/CMakeFiles/__idf_bootloader_support.dir/src/bootloader_random.c.obj
[392/1047] Building CXX object esp-idf/nvs_flash/CMakeFiles/__idf_nvs_flash.dir/src/nvs_encrypted_partition.cpp.obj
-- Detecting C compile features
[472/935] Building C object esp-idf/hal/CMakeFiles/__idf_hal.dir/spi_hal_iram.c.obj
-- Detecting C compile features - done
[393/1047] Building C object esp-idf/freertos/CMakeFiles/__idf_freertos.dir/port_common.c.obj
[473/935] Building C object esp-idf/esp_rom/CMakeFiles/__idf_esp_rom.dir/patches/esp_rom_serial_output.c.obj
-- The C compiler identification is GNU 15.1.0
[394/1047] Building CXX object esp-idf/nvs_flash/CMakeFiles/__idf_nvs_flash.dir/src/nvs_storage.cpp.obj
[474/935] Building C object esp-idf/hal/CMakeFiles/__idf_hal.dir/usb_dwc_hal.c.obj
[395/1047] Building C object esp-idf/freertos/CMakeFiles/__idf_freertos.dir/app_startup.c.obj
[666/1045] Building C object esp-idf/mbedtls/mbedtls/library/CMakeFiles/mbedtls.dir/debug.c.obj
[475/935] Building C object esp-idf/esp_rom/CMakeFiles/__idf_esp_rom.dir/patches/esp_rom_efuse.c.obj
[396/1047] Building C object esp-idf/newlib/CMakeFiles/__idf_newlib.dir/src/stdatomic.c.obj
[476/935] Building ASM object esp-idf/esp_rom/CMakeFiles/__idf_esp_rom.dir/patches/esp_rom_cache_writeback_esp32s3.S.obj
[667/1045] Building C object esp-idf/bootloader_support/CMakeFiles/__idf_bootloader_support.dir/src/bootloader_efuse.c.obj
-- Minimal build - OFF
[477/935] Building C object esp-idf/hal/CMakeFiles/__idf_hal.dir/xt_wdt_hal.c.obj
-- Detecting CXX compiler ABI info
[397/1047] Building C object esp-idf/esp_driver_uart/CMakeFiles/__idf_esp_driver_uart.dir/src/uart.c.obj
[668/1045] Building C object esp-idf/mbedtls/mbedtls/library/CMakeFiles/mbedtls.dir/mps_reader.c.obj
[478/935] Building C object esp-idf/esp_rom/CMakeFiles/__idf_esp_rom.dir/patches/esp_rom_systimer.c.obj
[479/935] Building C object esp-idf/esp_rom/CMakeFiles/__idf_esp_rom.dir/patches/esp_rom_gpio.c.obj
[480/935] Building C object esp-idf/hal/CMakeFiles/__idf_hal.dir/temperature_sensor_hal.c.obj
[398/1047] Building CXX object esp-idf/cxx/CMakeFiles/__idf_cxx.dir/cxx_guards.cpp.obj
[399/1047] Building C object esp-idf/freertos/CMakeFiles/__idf_freertos.dir/FreeRTOS-Kernel/portable/xtensa/xtensa_init.c.obj
[481/935] Building C object esp-idf/esp_rom/CMakeFiles/__idf_esp_rom.dir/patches/esp_rom_print.c.obj
[669/1045] Building C object esp-idf/bootloader_support/CMakeFiles/__idf_bootloader_support.dir/src/secure_boot.c.obj
[400/1047] Building ASM object esp-idf/freertos/CMakeFiles/__idf_freertos.dir/FreeRTOS-Kernel/portable/xtensa/portasm.S.obj
[482/935] Building C object esp-idf/esp_system/CMakeFiles/__idf_esp_system.dir/esp_system_console.c.obj
[483/935] Linking C static library esp-idf/esp_hw_support/libesp_hw_support.a
[670/1045] Building C object esp-idf/bootloader_support/CMakeFiles/__idf_bootloader_support.dir/src/flash_encrypt.c.obj
[484/935] Building C object esp-idf/hal/CMakeFiles/__idf_hal.dir/esp32s3/rtc_cntl_hal.c.obj
[671/1045] Building C object esp-idf/bootloader_support/CMakeFiles/__idf_bootloader_support.dir/src/bootloader_common_loader.c.obj
[485/935] Building C object esp-idf/esp_rom/CMakeFiles/__idf_esp_rom.dir/patches/esp_rom_spiflash.c.obj
[672/1045] Building C object esp-idf/bootloader_support/CMakeFiles/__idf_bootloader_support.dir/bootloader_flash/src/bootloader_flash.c.obj
[401/1047] Building C object esp-idf/freertos/CMakeFiles/__idf_freertos.dir/FreeRTOS-Kernel/portable/xtensa/xtensa_overlay_os_hook.c.obj
[402/1047] Building C object esp-idf/freertos/CMakeFiles/__idf_freertos.dir/port_systick.c.obj
[673/1045] Building C object esp-idf/esp_mm/CMakeFiles/__idf_esp_mm.dir/esp_mmu_map.c.obj
[486/935] Building C object esp-idf/esp_rom/CMakeFiles/__idf_esp_rom.dir/patches/esp_rom_wdt.c.obj
[674/1045] Building C object esp-idf/bootloader_support/CMakeFiles/__idf_bootloader_support.dir/src/flash_partitions.c.obj
[403/1047] Building C object esp-idf/freertos/CMakeFiles/__idf_freertos.dir/FreeRTOS-Kernel/event_groups.c.obj
[404/1047] Building CXX object esp-idf/nvs_flash/CMakeFiles/__idf_nvs_flash.dir/src/nvs_page.cpp.obj
[675/1045] Building C object esp-idf/spi_flash/CMakeFiles/__idf_spi_flash.dir/esp_flash_api.c.obj
[676/1045] Building C object esp-idf/mbedtls/mbedtls/library/CMakeFiles/mbedtls.dir/mps_trace.c.obj
[487/935] Building C object esp-idf/esp_system/CMakeFiles/__idf_esp_system.dir/stack_check.c.obj
[677/1045] Building C object esp-idf/bootloader_support/CMakeFiles/__idf_bootloader_support.dir/bootloader_flash/src/bootloader_flash_config_esp32s3.c.obj
-- Detecting CXX compiler ABI info - done
[488/935] Linking C static library esp-idf/soc/libsoc.a
-- The C compiler identification is GNU 15.1.0
-- The CXX compiler identification is GNU 15.1.0
[678/1045] Building C object esp-idf/mbedtls/mbedtls/library/CMakeFiles/mbedtls.dir/ssl_cookie.c.obj
[405/1047] Building CXX object esp-idf/nvs_flash/CMakeFiles/__idf_nvs_flash.dir/src/nvs_pagemanager.cpp.obj
[406/1047] Building C object esp-idf/esp_hw_support/CMakeFiles/__idf_esp_hw_support.dir/esp_memory_utils.c.obj
-- Minimal build - OFF
-- Minimal build - OFF
[489/935] Building C object esp-idf/esp_rom/CMakeFiles/__idf_esp_rom.dir/patches/esp_rom_cache_esp32s2_esp32s3.c.obj
-- Check for working CXX compiler: /home/tikhon/.espressif/tools/xtensa-esp-elf/esp-15.1.0_20250607/xtensa-esp-elf/bin/xtensa-esp32s3-elf-g++ - skipped
-- Detecting CXX compile features
-- Detecting CXX compile features - done
[679/1045] Building C object esp-idf/mbedtls/mbedtls/library/CMakeFiles/mbedtls.dir/ssl_ciphersuites.c.obj
[490/935] Building C object esp-idf/esp_system/CMakeFiles/__idf_esp_system.dir/crosscore_int.c.obj
[680/1045] Building C object esp-idf/bootloader_support/CMakeFiles/__idf_bootloader_support.dir/src/esp32s3/secure_boot_secure_features.c.obj
[681/1045] Building C object esp-idf/bootloader_support/CMakeFiles/__idf_bootloader_support.dir/src/bootloader_utility.c.obj
[491/935] Building C object esp-idf/esp_system/CMakeFiles/__idf_esp_system.dir/esp_err.c.obj
[407/1047] Building CXX object esp-idf/nvs_flash/CMakeFiles/__idf_nvs_flash.dir/src/nvs_cxx_api.cpp.obj
-- The ASM compiler identification is GNU
-- Found assembler: /home/tikhon/.espressif/tools/xtensa-esp-elf/esp-15.1.0_20250607/xtensa-esp-elf/bin/xtensa-esp32s3-elf-gcc
-- Minimal build - OFF
[408/1047] Building C object esp-idf/freertos/CMakeFiles/__idf_freertos.dir/esp_additions/idf_additions_event_groups.c.obj
[409/1047] Building C object esp-idf/esp_hw_support/CMakeFiles/__idf_esp_hw_support.dir/port/esp32s3/cpu_region_protect.c.obj
[410/1047] Building C object esp-idf/esp_hw_support/CMakeFiles/__idf_esp_hw_support.dir/port/esp32s3/esp_cpu_intr.c.obj
-- Detecting CXX compiler ABI info - done
[492/935] Building C object esp-idf/esp_system/CMakeFiles/__idf_esp_system.dir/startup.c.obj
[411/1047] Building C object esp-idf/esp_hw_support/CMakeFiles/__idf_esp_hw_support.dir/cpu.c.obj
[682/1045] Building C object esp-idf/bootloader_support/CMakeFiles/__idf_bootloader_support.dir/bootloader_flash/src/flash_qio_mode.c.obj
[493/935] Building C object esp-idf/esp_system/CMakeFiles/__idf_esp_system.dir/freertos_hooks.c.obj
-- Building ESP-IDF components for target esp32s3
[683/1045] Building C object esp-idf/bootloader_support/CMakeFiles/__idf_bootloader_support.dir/src/bootloader_random_esp32s3.c.obj
[684/1045] Building C object esp-idf/mbedtls/mbedtls/library/CMakeFiles/mbedtls.dir/ssl_tls13_server.c.obj
[685/1045] Building C object esp-idf/mbedtls/mbedtls/library/CMakeFiles/mbedtls.dir/ssl_tls13_client.c.obj
[412/1047] Building C object esp-idf/esp_hw_support/CMakeFiles/__idf_esp_hw_support.dir/hw_random.c.obj
[413/1047] Building C object esp-idf/freertos/CMakeFiles/__idf_freertos.dir/FreeRTOS-Kernel/timers.c.obj
[414/1047] Building C object esp-idf/esp_hw_support/CMakeFiles/__idf_esp_hw_support.dir/revision.c.obj
-- The CXX compiler identification is GNU 15.1.0
[686/1045] Building C object esp-idf/spi_flash/CMakeFiles/__idf_spi_flash.dir/esp_flash_spi_init.c.obj
-- Detecting C compiler ABI info
[494/935] Building C object esp-idf/heap/CMakeFiles/__idf_heap.dir/tlsf/tlsf.c.obj
[687/1045] Building C object esp-idf/mbedtls/mbedtls/library/CMakeFiles/mbedtls.dir/ssl_tls13_keys.c.obj
[495/935] Building C object esp-idf/esp_system/CMakeFiles/__idf_esp_system.dir/esp_system.c.obj
[688/1045] Building C object esp-idf/mbedtls/mbedtls/library/CMakeFiles/mbedtls.dir/ssl_tls13_generic.c.obj
-- Check for working CXX compiler: /home/tikhon/.espressif/tools/xtensa-esp-elf/esp-15.1.0_20250607/xtensa-esp-elf/bin/xtensa-esp32s3-elf-g++ - skipped
[496/935] Building C object esp-idf/esp_system/CMakeFiles/__idf_esp_system.dir/ubsan.c.obj
-- Detecting CXX compile features
[497/935] Building C object esp-idf/esp_system/CMakeFiles/__idf_esp_system.dir/port/panic_handler.c.obj
-- Detecting CXX compile features - done
[689/1045] Building C object esp-idf/bootloader_support/CMakeFiles/__idf_bootloader_support.dir/src/bootloader_sha.c.obj
[498/935] Building C object esp-idf/esp_system/CMakeFiles/__idf_esp_system.dir/esp_ipc.c.obj
[499/935] Building C object esp-idf/esp_system/CMakeFiles/__idf_esp_system.dir/int_wdt.c.obj
[415/1047] Building C object esp-idf/esp_hw_support/CMakeFiles/__idf_esp_hw_support.dir/esp_clk.c.obj
-- The C compiler identification is GNU 15.1.0
[416/1047] Building C object esp-idf/freertos/CMakeFiles/__idf_freertos.dir/FreeRTOS-Kernel/portable/xtensa/port.c.obj
-- The ASM compiler identification is GNU
-- Found assembler: /home/tikhon/.espressif/tools/xtensa-esp-elf/esp-15.1.0_20250607/xtensa-esp-elf/bin/xtensa-esp32s3-elf-gcc
[500/935] Building C object esp-idf/esp_system/CMakeFiles/__idf_esp_system.dir/system_time.c.obj
[690/1045] Building C object esp-idf/mbedtls/mbedtls/library/CMakeFiles/mbedtls.dir/ssl_ticket.c.obj
[501/935] Building C object esp-idf/esp_system/CMakeFiles/__idf_esp_system.dir/xt_wdt.c.obj
[417/1047] Building C object esp-idf/freertos/CMakeFiles/__idf_freertos.dir/FreeRTOS-Kernel/stream_buffer.c.obj
-- The C compiler identification is GNU 15.1.0
-- The C compiler identification is GNU 15.1.0
[502/935] Building C object esp-idf/esp_system/CMakeFiles/__idf_esp_system.dir/port/esp_system_chip.c.obj
[503/935] Linking C static library esp-idf/heap/libheap.a
[504/935] Building ASM object esp-idf/esp_system/CMakeFiles/__idf_esp_system.dir/port/arch/xtensa/esp_ipc_isr_routines.S.obj
[418/1047] Building C object esp-idf/esp_hw_support/CMakeFiles/__idf_esp_hw_support.dir/esp_gpio_reserve.c.obj
[691/1045] Building C object 'esp-idf/mbedtls/mbedtls/library/CMakeFiles/mbedtls.dir/home/tikhon/Документы/magnolia/esp-idf/components/mbedtls/port/esp_platform_time.c.obj'
[505/935] Building ASM object esp-idf/esp_system/CMakeFiles/__idf_esp_system.dir/port/arch/xtensa/esp_ipc_isr_handler.S.obj
[506/935] Building C object esp-idf/esp_system/CMakeFiles/__idf_esp_system.dir/port/image_process.c.obj
[419/1047] Building C object esp-idf/freertos/CMakeFiles/__idf_freertos.dir/esp_additions/idf_additions.c.obj
[420/1047] Building C object esp-idf/esp_hw_support/CMakeFiles/__idf_esp_hw_support.dir/port/esp32s3/esp_clk_tree.c.obj
-- Detecting C compiler ABI info
[421/1047] Building C object esp-idf/esp_hw_support/CMakeFiles/__idf_esp_hw_support.dir/clk_ctrl_os.c.obj
-- Building ESP-IDF components for target esp32s3
[692/1045] Linking C static library esp-idf/spi_flash/libspi_flash.a
[422/1047] Building C object esp-idf/esp_hw_support/CMakeFiles/__idf_esp_hw_support.dir/mac_addr.c.obj
[507/935] Building ASM object esp-idf/esp_system/CMakeFiles/__idf_esp_system.dir/port/arch/xtensa/panic_handler_asm.S.obj
[693/1045] Building C object esp-idf/mbedtls/mbedtls/library/CMakeFiles/mbedx509.dir/x509_create.c.obj
[694/1045] Building C object esp-idf/mbedtls/mbedtls/library/CMakeFiles/mbedtls.dir/ssl_debug_helpers_generated.c.obj
[508/935] Building ASM object esp-idf/esp_system/CMakeFiles/__idf_esp_system.dir/port/arch/xtensa/expression_with_stack_asm.S.obj
[695/1045] Building C object 'esp-idf/mbedtls/mbedtls/library/CMakeFiles/mbedtls.dir/home/tikhon/Документы/magnolia/esp-idf/components/mbedtls/port/mbedtls_debug.c.obj'
[423/1047] Building C object esp-idf/esp_hw_support/CMakeFiles/__idf_esp_hw_support.dir/intr_alloc.c.obj
[509/935] Building ASM object esp-idf/esp_system/CMakeFiles/__idf_esp_system.dir/port/arch/xtensa/debug_helpers_asm.S.obj
[510/935] Building C object esp-idf/esp_system/CMakeFiles/__idf_esp_system.dir/port/arch/xtensa/esp_ipc_isr_port.c.obj
[696/1045] Building C object esp-idf/mbedtls/mbedtls/library/CMakeFiles/mbedtls.dir/ssl_cache.c.obj
[511/935] Building ASM object esp-idf/esp_system/CMakeFiles/__idf_esp_system.dir/port/soc/esp32s3/highint_hdl.S.obj
[424/1047] Building C object esp-idf/esp_hw_support/CMakeFiles/__idf_esp_hw_support.dir/periph_ctrl.c.obj
[512/935] Building C object esp-idf/esp_system/CMakeFiles/__idf_esp_system.dir/panic.c.obj
[513/935] Linking C static library esp-idf/log/liblog.a
[697/1045] Building C object esp-idf/bootloader_support/CMakeFiles/__idf_bootloader_support.dir/src/esp_image_format.c.obj
[698/1045] Linking C static library esp-idf/esp_mm/libesp_mm.a
[699/1045] Building C object esp-idf/mbedtls/mbedtls/library/CMakeFiles/mbedx509.dir/x509write.c.obj
[514/935] Building C object esp-idf/esp_system/CMakeFiles/__idf_esp_system.dir/port/arch/xtensa/debug_stubs.c.obj
[700/1045] Building C object esp-idf/mbedtls/mbedtls/library/CMakeFiles/mbedx509.dir/x509_crl.c.obj
-- Minimal build - OFF
[701/1045] Building C object 'esp-idf/mbedtls/mbedtls/library/CMakeFiles/mbedtls.dir/home/tikhon/Документы/magnolia/esp-idf/components/mbedtls/port/net_sockets.c.obj'
-- The CXX compiler identification is GNU 15.1.0
[702/1045] Building C object esp-idf/mbedtls/mbedtls/library/CMakeFiles/mbedx509.dir/x509write_csr.c.obj
[425/1047] Building C object esp-idf/esp_hw_support/CMakeFiles/__idf_esp_hw_support.dir/sleep_modem.c.obj
-- Detecting C compiler ABI info - done
-- The CXX compiler identification is GNU 15.1.0
[515/935] Building C object esp-idf/spi_flash/CMakeFiles/__idf_spi_flash.dir/flash_brownout_hook.c.obj
[426/1047] Building C object esp-idf/freertos/CMakeFiles/__idf_freertos.dir/FreeRTOS-Kernel/queue.c.obj
[427/1047] Building C object esp-idf/esp_hw_support/CMakeFiles/__idf_esp_hw_support.dir/regi2c_ctrl.c.obj
[703/1045] Building C object esp-idf/mbedtls/mbedtls/library/CMakeFiles/mbedx509.dir/x509write_crt.c.obj
-- Check for working C compiler: /home/tikhon/.espressif/tools/xtensa-esp-elf/esp-15.1.0_20250607/xtensa-esp-elf/bin/xtensa-esp32s3-elf-gcc - skipped
-- Detecting C compile features
-- The CXX compiler identification is GNU 15.1.0
[704/1045] Building C object esp-idf/mbedtls/mbedtls/library/CMakeFiles/mbedtls.dir/ssl_client.c.obj
-- Detecting C compile features - done
[705/1045] Linking C static library esp-idf/bootloader_support/libbootloader_support.a
[516/935] Building C object esp-idf/esp_system/CMakeFiles/__idf_esp_system.dir/port/arch/xtensa/expression_with_stack.c.obj
[428/1047] Building C object esp-idf/esp_hw_support/CMakeFiles/__idf_esp_hw_support.dir/sar_tsens_ctrl.c.obj
-- Detecting C compiler ABI info - done
[517/935] Linking C static library esp-idf/hal/libhal.a
[429/1047] Building C object esp-idf/esp_hw_support/CMakeFiles/__idf_esp_hw_support.dir/sleep_usb.c.obj
-- The ASM compiler identification is GNU
-- Found assembler: /home/tikhon/.espressif/tools/xtensa-esp-elf/esp-15.1.0_20250607/xtensa-esp-elf/bin/xtensa-esp32s3-elf-gcc
-- The ASM compiler identification is GNU
-- Detecting CXX compiler ABI info
[518/935] Building C object esp-idf/esp_system/CMakeFiles/__idf_esp_system.dir/startup_funcs.c.obj
-- Check for working C compiler: /home/tikhon/.espressif/tools/xtensa-esp-elf/esp-15.1.0_20250607/xtensa-esp-elf/bin/xtensa-esp32s3-elf-gcc - skipped
-- Detecting C compile features
-- Detecting C compile features - done
[706/1045] Building C object esp-idf/mbedtls/mbedtls/library/CMakeFiles/mbedcrypto.dir/aesce.c.obj
-- Found assembler: /home/tikhon/.espressif/tools/xtensa-esp-elf/esp-15.1.0_20250607/xtensa-esp-elf/bin/xtensa-esp32s3-elf-gcc
[430/1047] Building C object esp-idf/esp_hw_support/CMakeFiles/__idf_esp_hw_support.dir/dma/esp_dma_utils.c.obj
[519/935] Building C object esp-idf/esp_system/CMakeFiles/__idf_esp_system.dir/task_wdt/task_wdt_impl_timergroup.c.obj
-- Found Python3: /home/tikhon/.espressif/python_env/idf6.0_py3.12_env/bin/python (found version "3.12.3") found components: Interpreter 
[431/1047] Building C object esp-idf/esp_hw_support/CMakeFiles/__idf_esp_hw_support.dir/dma/gdma_link.c.obj
[520/935] Building C object esp-idf/esp_system/CMakeFiles/__idf_esp_system.dir/port/esp_ipc_isr.c.obj
-- The ASM compiler identification is GNU
-- Found assembler: /home/tikhon/.espressif/tools/xtensa-esp-elf/esp-15.1.0_20250607/xtensa-esp-elf/bin/xtensa-esp32s3-elf-gcc
[432/1047] Building C object esp-idf/esp_hw_support/CMakeFiles/__idf_esp_hw_support.dir/port/esp32s3/io_mux.c.obj
-- Detecting CXX compiler ABI info
[521/935] Building C object esp-idf/esp_system/CMakeFiles/__idf_esp_system.dir/port/arch/xtensa/trax.c.obj
[522/935] Building C object esp-idf/esp_system/CMakeFiles/__idf_esp_system.dir/task_wdt/task_wdt.c.obj
[523/935] Building C object esp-idf/esp_system/CMakeFiles/__idf_esp_system.dir/port/arch/xtensa/panic_arch.c.obj
[707/1045] Building C object esp-idf/mbedtls/mbedtls/library/CMakeFiles/mbedcrypto.dir/aesni.c.obj
[433/1047] Building C object esp-idf/esp_hw_support/CMakeFiles/__idf_esp_hw_support.dir/clk_utils.c.obj
[524/935] Building C object esp-idf/esp_common/CMakeFiles/__idf_esp_common.dir/src/esp_err_to_name.c.obj
-- The C compiler identification is GNU 15.1.0
-- Detecting C compiler ABI info
-- Detecting C compiler ABI info
[525/935] Building C object esp-idf/esp_system/CMakeFiles/__idf_esp_system.dir/port/cpu_start.c.obj
[434/1047] Building CXX object esp-idf/nvs_flash/CMakeFiles/__idf_nvs_flash.dir/src/nvs_api.cpp.obj
[708/1045] Building C object esp-idf/mbedtls/mbedtls/library/CMakeFiles/mbedcrypto.dir/bignum_mod.c.obj
-- Detecting C compiler ABI info
[526/935] Building C object esp-idf/esp_system/CMakeFiles/__idf_esp_system.dir/port/soc/esp32s3/reset_reason.c.obj
[435/1047] Building C object esp-idf/esp_hw_support/CMakeFiles/__idf_esp_hw_support.dir/sleep_console.c.obj
[436/1047] Building C object esp-idf/esp_hw_support/CMakeFiles/__idf_esp_hw_support.dir/rtc_module.c.obj
[437/1047] Building C object esp-idf/esp_hw_support/CMakeFiles/__idf_esp_hw_support.dir/spi_bus_lock.c.obj
[438/1047] Building C object esp-idf/esp_hw_support/CMakeFiles/__idf_esp_hw_support.dir/port/esp32s3/systimer.c.obj
[527/935] Building C object esp-idf/spi_flash/CMakeFiles/__idf_spi_flash.dir/esp32s3/spi_flash_oct_flash_init.c.obj
[709/1045] Building C object esp-idf/mbedtls/mbedtls/library/CMakeFiles/mbedcrypto.dir/base64.c.obj
[528/935] Linking C static library esp-idf/esp_rom/libesp_rom.a
[439/1047] Building C object esp-idf/esp_hw_support/CMakeFiles/__idf_esp_hw_support.dir/port/esp_clk_tree_common.c.obj
[529/935] Building C object esp-idf/spi_flash/CMakeFiles/__idf_spi_flash.dir/spi_flash_chip_issi.c.obj
[440/1047] Building C object esp-idf/esp_hw_support/CMakeFiles/__idf_esp_hw_support.dir/spi_share_hw_ctrl.c.obj
[530/935] Building C object esp-idf/esp_system/CMakeFiles/__idf_esp_system.dir/port/arch/xtensa/debug_helpers.c.obj
[531/935] Building C object esp-idf/esp_system/CMakeFiles/__idf_esp_system.dir/port/soc/esp32s3/apb_backup_dma.c.obj
[532/935] Building C object esp-idf/spi_flash/CMakeFiles/__idf_spi_flash.dir/spi_flash_chip_drivers.c.obj
[710/1045] Building C object esp-idf/mbedtls/mbedtls/library/CMakeFiles/mbedcrypto.dir/bignum_mod_raw.c.obj
[533/935] Building C object esp-idf/spi_flash/CMakeFiles/__idf_spi_flash.dir/spi_flash_chip_mxic.c.obj
[534/935] Building C object esp-idf/esp_system/CMakeFiles/__idf_esp_system.dir/port/soc/esp32s3/cache_err_int.c.obj
[535/935] Building C object esp-idf/spi_flash/CMakeFiles/__idf_spi_flash.dir/spi_flash_chip_th.c.obj
[536/935] Linking C static library esp-idf/esp_common/libesp_common.a
[441/1047] Building C object esp-idf/esp_hw_support/CMakeFiles/__idf_esp_hw_support.dir/dma/esp_async_memcpy.c.obj
[442/1047] Building C object esp-idf/esp_hw_support/CMakeFiles/__idf_esp_hw_support.dir/sleep_event.c.obj
[537/935] Building C object esp-idf/spi_flash/CMakeFiles/__idf_spi_flash.dir/spi_flash_hpm_enable.c.obj
-- Performing Test CMAKE_HAVE_LIBC_PTHREAD
[711/1045] Building C object esp-idf/mbedtls/mbedtls/library/CMakeFiles/mbedcrypto.dir/camellia.c.obj
[443/1047] Building C object esp-idf/esp_hw_support/CMakeFiles/__idf_esp_hw_support.dir/sleep_gpio.c.obj
-- The CXX compiler identification is GNU 15.1.0
[444/1047] Building C object esp-idf/esp_hw_support/CMakeFiles/__idf_esp_hw_support.dir/adc_share_hw_ctrl.c.obj
[538/935] Building C object esp-idf/spi_flash/CMakeFiles/__idf_spi_flash.dir/spi_flash_chip_boya.c.obj
[712/1045] Building C object esp-idf/mbedtls/mbedtls/library/CMakeFiles/mbedcrypto.dir/aes.c.obj
[713/1045] Building C object esp-idf/mbedtls/mbedtls/library/CMakeFiles/mbedcrypto.dir/block_cipher.c.obj
[445/1047] Linking C static library esp-idf/nvs_flash/libnvs_flash.a
[714/1045] Building C object esp-idf/mbedtls/mbedtls/library/CMakeFiles/mbedx509.dir/pkcs7.c.obj
[715/1045] Building C object esp-idf/mbedtls/mbedtls/library/CMakeFiles/mbedx509.dir/x509_csr.c.obj
[539/935] Building C object esp-idf/spi_flash/CMakeFiles/__idf_spi_flash.dir/spi_flash_chip_gd.c.obj
[716/1045] Building C object esp-idf/mbedtls/mbedtls/library/CMakeFiles/mbedcrypto.dir/asn1parse.c.obj
-- Detecting C compiler ABI info - done
-- Detecting CXX compiler ABI info - done
[540/935] Building C object esp-idf/spi_flash/CMakeFiles/__idf_spi_flash.dir/spi_flash_chip_winbond.c.obj
[717/1045] Building C object esp-idf/mbedtls/mbedtls/library/CMakeFiles/mbedcrypto.dir/chacha20.c.obj
[446/1047] Building C object esp-idf/esp_hw_support/CMakeFiles/__idf_esp_hw_support.dir/port/esp32s3/rtc_clk_init.c.obj
-- Detecting CXX compiler ABI info - done
-- Check for working CXX compiler: /home/tikhon/.espressif/tools/xtensa-esp-elf/esp-15.1.0_20250607/xtensa-esp-elf/bin/xtensa-esp32s3-elf-g++ - skipped
-- Detecting CXX compile features
-- Detecting CXX compile features - done
-- Minimal build - OFF
-- The ASM compiler identification is GNU
-- Found assembler: /home/tikhon/.espressif/tools/xtensa-esp-elf/esp-15.1.0_20250607/xtensa-esp-elf/bin/xtensa-esp32s3-elf-gcc
[541/935] Building C object esp-idf/spi_flash/CMakeFiles/__idf_spi_flash.dir/spi_flash_os_func_noos.c.obj
-- Detecting C compiler ABI info - done
-- Check for working C compiler: /home/tikhon/.espressif/tools/xtensa-esp-elf/esp-15.1.0_20250607/xtensa-esp-elf/bin/xtensa-esp32s3-elf-gcc - skipped
[542/935] Building C object esp-idf/spi_flash/CMakeFiles/__idf_spi_flash.dir/spi_flash_wrap.c.obj
[447/1047] Linking C static library esp-idf/esp_event/libesp_event.a
[718/1045] Building C object esp-idf/mbedtls/mbedtls/library/CMakeFiles/mbedcrypto.dir/aria.c.obj
[543/935] Building C object esp-idf/spi_flash/CMakeFiles/__idf_spi_flash.dir/cache_utils.c.obj
[448/1047] Building C object esp-idf/esp_hw_support/CMakeFiles/__idf_esp_hw_support.dir/esp_clock_output.c.obj
-- Check for working C compiler: /home/tikhon/.espressif/tools/xtensa-esp-elf/esp-15.1.0_20250607/xtensa-esp-elf/bin/xtensa-esp32s3-elf-gcc - skipped
[544/935] Building C object esp-idf/esp_system/CMakeFiles/__idf_esp_system.dir/port/soc/esp32s3/system_internal.c.obj
-- Detecting C compile features
-- Detecting C compile features - done
-- Detecting C compiler ABI info - done
[545/935] Building C object esp-idf/esp_mm/CMakeFiles/__idf_esp_mm.dir/port/esp32s3/ext_mem_layout.c.obj
-- Detecting C compile features
-- Detecting C compile features - done
[719/1045] Building C object esp-idf/mbedtls/mbedtls/library/CMakeFiles/mbedcrypto.dir/des.c.obj
-- Check for working CXX compiler: /home/tikhon/.espressif/tools/xtensa-esp-elf/esp-15.1.0_20250607/xtensa-esp-elf/bin/xtensa-esp32s3-elf-g++ - skipped
-- Detecting CXX compile features
-- Detecting CXX compile features - done
[720/1045] Building C object esp-idf/mbedtls/mbedtls/library/CMakeFiles/mbedcrypto.dir/asn1write.c.obj
[449/1047] Building C object esp-idf/esp_hw_support/CMakeFiles/__idf_esp_hw_support.dir/port/esp32s3/chip_info.c.obj
[450/1047] Building C object esp-idf/freertos/CMakeFiles/__idf_freertos.dir/FreeRTOS-Kernel/tasks.c.obj
-- Check for working C compiler: /home/tikhon/.espressif/tools/xtensa-esp-elf/esp-15.1.0_20250607/xtensa-esp-elf/bin/xtensa-esp32s3-elf-gcc - skipped
-- Detecting C compile features
-- Detecting C compile features - done
[721/1045] Building C object esp-idf/mbedtls/mbedtls/library/CMakeFiles/mbedcrypto.dir/chachapoly.c.obj
-- Detecting C compiler ABI info
-- Building ESP-IDF components for target esp32s3
-- Detecting CXX compiler ABI info
-- Detecting CXX compiler ABI info
[546/935] Building C object esp-idf/esp_system/CMakeFiles/__idf_esp_system.dir/port/soc/esp32s3/clk.c.obj
[451/1047] Linking C static library esp-idf/esp_driver_uart/libesp_driver_uart.a
-- Building ESP-IDF components for target esp32s3
[722/1045] Building C object esp-idf/mbedtls/mbedtls/library/CMakeFiles/mbedcrypto.dir/cmac.c.obj
[547/935] Building C object esp-idf/spi_flash/CMakeFiles/__idf_spi_flash.dir/spi_flash_chip_mxic_opi.c.obj
[452/1047] Building C object esp-idf/esp_hw_support/CMakeFiles/__idf_esp_hw_support.dir/usb_phy/usb_phy.c.obj
[548/935] Building C object esp-idf/bootloader_support/CMakeFiles/__idf_bootloader_support.dir/src/bootloader_random.c.obj
[549/935] Building C object esp-idf/esp_mm/CMakeFiles/__idf_esp_mm.dir/heap_align_hw.c.obj
[723/1045] Building C object esp-idf/mbedtls/mbedtls/library/CMakeFiles/mbedcrypto.dir/ecjpake.c.obj
[724/1045] Building C object esp-idf/mbedtls/mbedtls/library/CMakeFiles/mbedcrypto.dir/ccm.c.obj
[453/1047] Building C object esp-idf/esp_hw_support/CMakeFiles/__idf_esp_hw_support.dir/mspi_timing_tuning/mspi_timing_tuning.c.obj
[454/1047] Building C object esp-idf/esp_hw_support/CMakeFiles/__idf_esp_hw_support.dir/power_supply/brownout.c.obj
[550/935] Building C object esp-idf/esp_mm/CMakeFiles/__idf_esp_mm.dir/esp_cache_msync.c.obj
-- Detecting CXX compiler ABI info
[725/1045] Building C object esp-idf/mbedtls/mbedtls/library/CMakeFiles/mbedcrypto.dir/constant_time.c.obj
[551/935] Building C object esp-idf/spi_flash/CMakeFiles/__idf_spi_flash.dir/memspi_host_driver.c.obj
[552/935] Linking C static library esp-idf/esp_system/libesp_system.a
[455/1047] Building C object esp-idf/esp_hw_support/CMakeFiles/__idf_esp_hw_support.dir/port/esp_memprot_conv.c.obj
[553/935] Building C object esp-idf/bootloader_support/CMakeFiles/__idf_bootloader_support.dir/src/bootloader_mem.c.obj
[456/1047] Linking C static library esp-idf/esp_ringbuf/libesp_ringbuf.a
[726/1045] Building C object esp-idf/mbedtls/mbedtls/library/CMakeFiles/mbedcrypto.dir/cipher.c.obj
-- The C compiler identification is GNU 15.1.0
[554/935] Building C object esp-idf/bootloader_support/CMakeFiles/__idf_bootloader_support.dir/src/bootloader_clock_init.c.obj
[457/1047] Building C object esp-idf/esp_hw_support/CMakeFiles/__idf_esp_hw_support.dir/port/esp32s3/sar_periph_ctrl.c.obj
[458/1047] Building C object esp-idf/esp_hw_support/CMakeFiles/__idf_esp_hw_support.dir/mspi_timing_tuning/port/esp32s3/mspi_timing_config.c.obj
[459/1047] Building C object esp-idf/soc/CMakeFiles/__idf_soc.dir/dport_access_common.c.obj
[555/935] Building C object esp-idf/spi_flash/CMakeFiles/__idf_spi_flash.dir/flash_ops.c.obj
[460/1047] Building C object esp-idf/esp_hw_support/CMakeFiles/__idf_esp_hw_support.dir/dma/async_memcpy_gdma.c.obj
[461/1047] Building C object esp-idf/soc/CMakeFiles/__idf_soc.dir/lldesc.c.obj
-- Performing Test CMAKE_HAVE_LIBC_PTHREAD - Success
-- Found Threads: TRUE  
[462/1047] Building C object esp-idf/esp_hw_support/CMakeFiles/__idf_esp_hw_support.dir/port/esp32s3/rtc_sleep.c.obj
[727/1045] Building C object esp-idf/mbedtls/mbedtls/library/CMakeFiles/mbedcrypto.dir/bignum_core.c.obj
[463/1047] Building C object esp-idf/soc/CMakeFiles/__idf_soc.dir/esp32s3/interrupts.c.obj
[728/1045] Building C object esp-idf/mbedtls/mbedtls/library/CMakeFiles/mbedcrypto.dir/cipher_wrap.c.obj
-- Performing Test C_COMPILER_SUPPORTS_WFORMAT_SIGNEDNESS
[464/1047] Building C object esp-idf/esp_hw_support/CMakeFiles/__idf_esp_hw_support.dir/sleep_wake_stub.c.obj
[556/935] Building C object esp-idf/spi_flash/CMakeFiles/__idf_spi_flash.dir/spi_flash_chip_generic.c.obj
[465/1047] Building C object esp-idf/soc/CMakeFiles/__idf_soc.dir/esp32s3/adc_periph.c.obj
[466/1047] Linking C static library esp-idf/esp_driver_gptimer/libesp_driver_gptimer.a
[467/1047] Building C object esp-idf/soc/CMakeFiles/__idf_soc.dir/esp32s3/dedic_gpio_periph.c.obj
[557/935] Building C object esp-idf/esp_mm/CMakeFiles/__idf_esp_mm.dir/esp_cache_utils.c.obj
-- Detecting C compiler ABI info - done
[729/1045] Building C object esp-idf/mbedtls/mbedtls/library/CMakeFiles/mbedcrypto.dir/ctr_drbg.c.obj
[730/1045] Building C object esp-idf/mbedtls/mbedtls/library/CMakeFiles/mbedx509.dir/x509_crt.c.obj
[468/1047] Building C object esp-idf/soc/CMakeFiles/__idf_soc.dir/esp32s3/gdma_periph.c.obj
-- Minimal build - OFF
[731/1045] Building C object esp-idf/mbedtls/mbedtls/library/CMakeFiles/mbedcrypto.dir/entropy_poll.c.obj
[469/1047] Building C object esp-idf/esp_hw_support/CMakeFiles/__idf_esp_hw_support.dir/port/esp32s3/rtc_time.c.obj
-- Check for working C compiler: /home/tikhon/.espressif/tools/xtensa-esp-elf/esp-15.1.0_20250607/xtensa-esp-elf/bin/xtensa-esp32s3-elf-gcc - skipped
-- Detecting C compile features
[470/1047] Building C object esp-idf/esp_hw_support/CMakeFiles/__idf_esp_hw_support.dir/mspi_timing_tuning/port/esp32s3/mspi_timing_by_mspi_delay.c.obj
-- Detecting C compile features - done
-- The CXX compiler identification is GNU 15.1.0
-- Detecting CXX compiler ABI info - done
[471/1047] Building C object esp-idf/soc/CMakeFiles/__idf_soc.dir/esp32s3/uart_periph.c.obj
[472/1047] Building C object esp-idf/soc/CMakeFiles/__idf_soc.dir/esp32s3/gpio_periph.c.obj
[558/935] Building C object esp-idf/bootloader_support/CMakeFiles/__idf_bootloader_support.dir/src/flash_encrypt.c.obj
[473/1047] Building C object esp-idf/soc/CMakeFiles/__idf_soc.dir/esp32s3/spi_periph.c.obj
[474/1047] Building C object esp-idf/soc/CMakeFiles/__idf_soc.dir/esp32s3/pcnt_periph.c.obj
[732/1045] Building C object esp-idf/mbedtls/mbedtls/library/CMakeFiles/mbedcrypto.dir/ecp_curves_new.c.obj
-- Check for working CXX compiler: /home/tikhon/.espressif/tools/xtensa-esp-elf/esp-15.1.0_20250607/xtensa-esp-elf/bin/xtensa-esp32s3-elf-g++ - skipped
-- Detecting CXX compile features
-- Detecting CXX compile features - done
[559/935] Building C object esp-idf/spi_flash/CMakeFiles/__idf_spi_flash.dir/flash_mmap.c.obj
[475/1047] Building C object esp-idf/soc/CMakeFiles/__idf_soc.dir/esp32s3/i2c_periph.c.obj
-- The ASM compiler identification is GNU
-- Found assembler: /home/tikhon/.espressif/tools/xtensa-esp-elf/esp-15.1.0_20250607/xtensa-esp-elf/bin/xtensa-esp32s3-elf-gcc
[560/935] Building C object esp-idf/bootloader_support/CMakeFiles/__idf_bootloader_support.dir/src/bootloader_efuse.c.obj
[733/1045] Building C object esp-idf/mbedtls/mbedtls/library/CMakeFiles/mbedtls.dir/ssl_tls12_server.c.obj
-- Detecting CXX compiler ABI info - done
[476/1047] Building C object esp-idf/soc/CMakeFiles/__idf_soc.dir/esp32s3/sdm_periph.c.obj
-- Detecting CXX compiler ABI info
[477/1047] Building C object esp-idf/soc/CMakeFiles/__idf_soc.dir/esp32s3/lcd_periph.c.obj
[734/1045] Building C object esp-idf/mbedtls/mbedtls/library/CMakeFiles/mbedcrypto.dir/dhm.c.obj
[561/935] Building C object esp-idf/spi_flash/CMakeFiles/__idf_spi_flash.dir/spi_flash_os_func_app.c.obj
[478/1047] Building C object esp-idf/soc/CMakeFiles/__idf_soc.dir/esp32s3/ledc_periph.c.obj
[479/1047] Building C object esp-idf/soc/CMakeFiles/__idf_soc.dir/esp32s3/rmt_periph.c.obj
[480/1047] Linking C static library esp-idf/esp_timer/libesp_timer.a
[562/935] Building C object esp-idf/bootloader_support/CMakeFiles/__idf_bootloader_support.dir/src/flash_partitions.c.obj
-- Detecting C compiler ABI info
-- Detecting CXX compiler ABI info - done
[481/1047] Building C object esp-idf/soc/CMakeFiles/__idf_soc.dir/esp32s3/i2s_periph.c.obj
[563/935] Building C object esp-idf/bootloader_support/CMakeFiles/__idf_bootloader_support.dir/bootloader_flash/src/bootloader_flash_config_esp32s3.c.obj
-- Performing Test C_COMPILER_SUPPORTS_WFORMAT_SIGNEDNESS - Success
-- USING O3
[482/1047] Building C object esp-idf/soc/CMakeFiles/__idf_soc.dir/esp32s3/temperature_sensor_periph.c.obj
[564/935] Building C object esp-idf/mbedtls/mbedtls/library/CMakeFiles/mbedtls.dir/debug.c.obj
-- Check for working CXX compiler: /home/tikhon/.espressif/tools/xtensa-esp-elf/esp-15.1.0_20250607/xtensa-esp-elf/bin/xtensa-esp32s3-elf-g++ - skipped
-- Detecting CXX compile features
-- Detecting CXX compile features - done
[483/1047] Building C object esp-idf/soc/CMakeFiles/__idf_soc.dir/esp32s3/mcpwm_periph.c.obj
-- Check for working CXX compiler: /home/tikhon/.espressif/tools/xtensa-esp-elf/esp-15.1.0_20250607/xtensa-esp-elf/bin/xtensa-esp32s3-elf-g++ - skipped
[484/1047] Building C object esp-idf/soc/CMakeFiles/__idf_soc.dir/esp32s3/touch_sensor_periph.c.obj
[485/1047] Building C object esp-idf/soc/CMakeFiles/__idf_soc.dir/esp32s3/twai_periph.c.obj
-- Detecting CXX compile features
-- Detecting CXX compile features - done
-- Building ESP-IDF components for target esp32s3
[486/1047] Building C object esp-idf/soc/CMakeFiles/__idf_soc.dir/esp32s3/mpi_periph.c.obj
[735/1045] Building C object esp-idf/mbedtls/mbedtls/library/CMakeFiles/mbedcrypto.dir/ecdh.c.obj
[565/935] Building C object esp-idf/bootloader_support/CMakeFiles/__idf_bootloader_support.dir/bootloader_flash/src/flash_qio_mode.c.obj
[487/1047] Building C object esp-idf/soc/CMakeFiles/__idf_soc.dir/esp32s3/sdmmc_periph.c.obj
[736/1045] Building C object esp-idf/mbedtls/mbedtls/library/CMakeFiles/mbedcrypto.dir/hkdf.c.obj
[488/1047] Building C object esp-idf/soc/CMakeFiles/__idf_soc.dir/esp32s3/usb_dwc_periph.c.obj
[566/935] Building C object esp-idf/mbedtls/mbedtls/library/CMakeFiles/mbedtls.dir/mps_reader.c.obj
[489/1047] Building C object esp-idf/soc/CMakeFiles/__idf_soc.dir/esp32s3/rtc_io_periph.c.obj
[737/1045] Building C object esp-idf/mbedtls/mbedtls/library/CMakeFiles/mbedcrypto.dir/lms.c.obj
-- Adding linker script /home/tikhon/Документы/magnolia/applets/mainline/free/build/esp-idf/esp_system/ld/memory.ld
[490/1047] Building C object esp-idf/soc/CMakeFiles/__idf_soc.dir/esp32s3/cam_periph.c.obj
-- The C compiler identification is GNU 15.1.0
-- Adding linker script /home/tikhon/Документы/magnolia/applets/mainline/free/build/esp-idf/esp_system/ld/sections.ld.in
[491/1047] Building C object esp-idf/esp_hw_support/CMakeFiles/__idf_esp_hw_support.dir/lowpower/port/esp32s3/sleep_cpu.c.obj
[738/1045] Building C object esp-idf/mbedtls/mbedtls/library/CMakeFiles/mbedcrypto.dir/lmots.c.obj
[739/1045] Building C object esp-idf/mbedtls/mbedtls/library/CMakeFiles/mbedx509.dir/x509.c.obj
[492/1047] Building C object esp-idf/soc/CMakeFiles/__idf_soc.dir/esp32s3/timer_periph.c.obj
[567/935] Building C object esp-idf/bootloader_support/CMakeFiles/__idf_bootloader_support.dir/src/bootloader_random_esp32s3.c.obj
[493/1047] Building C object esp-idf/soc/CMakeFiles/__idf_soc.dir/esp32s3/wdt_periph.c.obj
-- Building ESP-IDF components for target esp32s3
-- Building ESP-IDF components for target esp32s3
[568/935] Building C object esp-idf/esp_mm/CMakeFiles/__idf_esp_mm.dir/esp_mmu_map.c.obj
[494/1047] Building C object esp-idf/esp_hw_support/CMakeFiles/__idf_esp_hw_support.dir/port/esp32s3/rtc_init.c.obj
[740/1045] Building C object esp-idf/mbedtls/mbedtls/library/CMakeFiles/mbedcrypto.dir/memory_buffer_alloc.c.obj
-- Adding linker script /home/tikhon/Документы/magnolia/esp-idf/components/esp_rom/esp32s3/ld/esp32s3.rom.ld
-- Adding linker script /home/tikhon/Документы/magnolia/esp-idf/components/esp_rom/esp32s3/ld/esp32s3.rom.api.ld
-- Adding linker script /home/tikhon/Документы/magnolia/esp-idf/components/esp_rom/esp32s3/ld/esp32s3.rom.bt_funcs.ld
-- Adding linker script /home/tikhon/Документы/magnolia/esp-idf/components/esp_rom/esp32s3/ld/esp32s3.rom.libgcc.ld
-- Adding linker script /home/tikhon/Документы/magnolia/esp-idf/components/esp_rom/esp32s3/ld/esp32s3.rom.wdt.ld
-- Adding linker script /home/tikhon/Документы/magnolia/esp-idf/components/esp_rom/esp32s3/ld/esp32s3.rom.version.ld
-- Adding linker script /home/tikhon/Документы/magnolia/esp-idf/components/esp_rom/esp32s3/ld/esp32s3.rom.ble_master.ld
-- Adding linker script /home/tikhon/Документы/magnolia/esp-idf/components/esp_rom/esp32s3/ld/esp32s3.rom.ble_50.ld
-- Adding linker script /home/tikhon/Документы/magnolia/esp-idf/components/esp_rom/esp32s3/ld/esp32s3.rom.ble_smp.ld
-- Adding linker script /home/tikhon/Документы/magnolia/esp-idf/components/esp_rom/esp32s3/ld/esp32s3.rom.ble_dtm.ld
-- Adding linker script /home/tikhon/Документы/magnolia/esp-idf/components/esp_rom/esp32s3/ld/esp32s3.rom.ble_test.ld
-- Adding linker script /home/tikhon/Документы/magnolia/esp-idf/components/esp_rom/esp32s3/ld/esp32s3.rom.ble_scan.ld
-- Adding linker script /home/tikhon/Документы/magnolia/esp-idf/components/esp_rom/esp32s3/ld/esp32s3.rom.libc.ld
[495/1047] Linking C static library esp-idf/cxx/libcxx.a
-- Adding linker script /home/tikhon/Документы/magnolia/esp-idf/components/esp_rom/esp32s3/ld/esp32s3.rom.newlib.ld
[496/1047] Building C object esp-idf/soc/CMakeFiles/__idf_soc.dir/esp32s3/power_supply_periph.c.obj
[741/1045] Building C object esp-idf/mbedtls/mbedtls/library/CMakeFiles/mbedtls.dir/ssl_tls12_client.c.obj
[569/935] Building C object esp-idf/mbedtls/mbedtls/library/CMakeFiles/mbedtls.dir/mps_trace.c.obj
[570/935] Building C object esp-idf/bootloader_support/CMakeFiles/__idf_bootloader_support.dir/src/bootloader_common.c.obj
-- Adding linker script /home/tikhon/Документы/magnolia/esp-idf/components/soc/esp32s3/ld/esp32s3.peripherals.ld
[571/935] Building C object esp-idf/bootloader_support/CMakeFiles/__idf_bootloader_support.dir/src/secure_boot.c.obj
[572/935] Building C object esp-idf/mbedtls/mbedtls/library/CMakeFiles/mbedtls.dir/ssl_cache.c.obj
[742/1045] Building C object esp-idf/mbedtls/mbedtls/library/CMakeFiles/mbedcrypto.dir/entropy.c.obj
[743/1045] Building C object esp-idf/mbedtls/mbedtls/library/CMakeFiles/mbedcrypto.dir/md5.c.obj
[573/935] Building C object esp-idf/bootloader_support/CMakeFiles/__idf_bootloader_support.dir/src/esp32s3/secure_boot_secure_features.c.obj
[744/1045] Building C object esp-idf/mbedtls/mbedtls/library/CMakeFiles/mbedcrypto.dir/hmac_drbg.c.obj
[574/935] Building C object esp-idf/bootloader_support/CMakeFiles/__idf_bootloader_support.dir/src/bootloader_common_loader.c.obj
[575/935] Building C object esp-idf/bootloader_support/CMakeFiles/__idf_bootloader_support.dir/src/esp_image_format.c.obj
-- Detecting CXX compiler ABI info - done
-- The CXX compiler identification is GNU 15.1.0
[497/1047] Building C object esp-idf/log/CMakeFiles/__idf_log.dir/src/util.c.obj
[498/1047] Building C object esp-idf/log/CMakeFiles/__idf_log.dir/src/os/log_timestamp.c.obj
[576/935] Building C object esp-idf/mbedtls/mbedtls/library/CMakeFiles/mbedtls.dir/ssl_cookie.c.obj
-- Check for working CXX compiler: /home/tikhon/.espressif/tools/xtensa-esp-elf/esp-15.1.0_20250607/xtensa-esp-elf/bin/xtensa-esp32s3-elf-g++ - skipped
-- Detecting CXX compile features
-- Detecting CXX compile features - done
[745/1045] Building C object esp-idf/mbedtls/mbedtls/library/CMakeFiles/mbedcrypto.dir/nist_kw.c.obj
[499/1047] Building C object esp-idf/heap/CMakeFiles/__idf_heap.dir/port/esp32s3/memory_layout.c.obj
[746/1045] Building C object esp-idf/mbedtls/mbedtls/library/CMakeFiles/mbedcrypto.dir/bignum.c.obj
[577/935] Building C object esp-idf/mbedtls/mbedtls/library/CMakeFiles/mbedtls.dir/ssl_tls13_keys.c.obj
[500/1047] Building C object esp-idf/log/CMakeFiles/__idf_log.dir/src/buffer/log_buffers.c.obj
[747/1045] Building C object esp-idf/mbedtls/mbedtls/library/CMakeFiles/mbedcrypto.dir/ecdsa.c.obj
[501/1047] Linking C static library esp-idf/pthread/libpthread.a
-- Detecting C compiler ABI info - done
[502/1047] Building C object esp-idf/esp_hw_support/CMakeFiles/__idf_esp_hw_support.dir/port/esp32s3/rtc_clk.c.obj
[748/1045] Building C object esp-idf/mbedtls/mbedtls/library/CMakeFiles/mbedcrypto.dir/padlock.c.obj
[503/1047] Building C object esp-idf/log/CMakeFiles/__idf_log.dir/src/log_timestamp_common.c.obj
[504/1047] Building C object esp-idf/heap/CMakeFiles/__idf_heap.dir/heap_caps.c.obj
[578/935] Building C object esp-idf/bootloader_support/CMakeFiles/__idf_bootloader_support.dir/src/bootloader_sha.c.obj
-- Check for working C compiler: /home/tikhon/.espressif/tools/xtensa-esp-elf/esp-15.1.0_20250607/xtensa-esp-elf/bin/xtensa-esp32s3-elf-gcc - skipped
-- Detecting C compile features
-- Detecting C compile features - done
[579/935] Building C object esp-idf/bootloader_support/CMakeFiles/__idf_bootloader_support.dir/bootloader_flash/src/bootloader_flash.c.obj
-- The ASM compiler identification is GNU
-- Found assembler: /home/tikhon/.espressif/tools/xtensa-esp-elf/esp-15.1.0_20250607/xtensa-esp-elf/bin/xtensa-esp32s3-elf-gcc
[580/935] Building C object esp-idf/mbedtls/mbedtls/library/CMakeFiles/mbedtls.dir/ssl_tls13_server.c.obj
[505/1047] Building C object esp-idf/heap/CMakeFiles/__idf_heap.dir/port/memory_layout_utils.c.obj
[581/935] Building C object esp-idf/mbedtls/mbedtls/library/CMakeFiles/mbedtls.dir/ssl_tls13_generic.c.obj
[749/1045] Building C object esp-idf/mbedtls/mbedtls/library/CMakeFiles/mbedcrypto.dir/ecp_curves.c.obj
[506/1047] Building C object esp-idf/heap/CMakeFiles/__idf_heap.dir/heap_caps_base.c.obj
-- Detecting CXX compiler ABI info
[582/935] Building C object esp-idf/spi_flash/CMakeFiles/__idf_spi_flash.dir/esp_flash_spi_init.c.obj
[507/1047] Building C object esp-idf/log/CMakeFiles/__idf_log.dir/src/os/util.c.obj
[750/1045] Building C object esp-idf/mbedtls/mbedtls/library/CMakeFiles/mbedtls.dir/ssl_msg.c.obj
-- Building ESP-IDF components for target esp32s3
[583/935] Building C object esp-idf/mbedtls/mbedtls/library/CMakeFiles/mbedtls.dir/ssl_tls13_client.c.obj
[508/1047] Building C object esp-idf/log/CMakeFiles/__idf_log.dir/src/os/log_lock.c.obj
[751/1045] Building C object esp-idf/mbedtls/mbedtls/library/CMakeFiles/mbedcrypto.dir/error.c.obj
[584/935] Building C object esp-idf/mbedtls/mbedtls/library/CMakeFiles/mbedtls.dir/ssl_debug_helpers_generated.c.obj
-- Detecting C compiler ABI info
[585/935] Building C object esp-idf/mbedtls/mbedtls/library/CMakeFiles/mbedtls.dir/ssl_ciphersuites.c.obj
[509/1047] Building C object esp-idf/log/CMakeFiles/__idf_log.dir/src/log.c.obj
[510/1047] Building C object esp-idf/log/CMakeFiles/__idf_log.dir/src/log_level/log_level.c.obj
[752/1045] Building C object esp-idf/mbedtls/mbedtls/library/CMakeFiles/mbedcrypto.dir/platform.c.obj
[511/1047] Building C object esp-idf/log/CMakeFiles/__idf_log.dir/src/log_print.c.obj
[512/1047] Linking C static library esp-idf/newlib/libnewlib.a
[513/1047] Building C object esp-idf/log/CMakeFiles/__idf_log.dir/src/log_level/tag_log_level/tag_log_level.c.obj
[753/1045] Building C object esp-idf/mbedtls/mbedtls/library/CMakeFiles/mbedcrypto.dir/poly1305.c.obj
[514/1047] Building C object esp-idf/log/CMakeFiles/__idf_log.dir/src/log_level/tag_log_level/linked_list/log_linked_list.c.obj
[754/1045] Building C object esp-idf/mbedtls/mbedtls/library/CMakeFiles/mbedcrypto.dir/platform_util.c.obj
[515/1047] Building C object esp-idf/log/CMakeFiles/__idf_log.dir/src/log_level/tag_log_level/cache/log_binary_heap.c.obj
[586/935] Building C object 'esp-idf/mbedtls/mbedtls/library/CMakeFiles/mbedtls.dir/home/tikhon/Документы/magnolia/esp-idf/components/mbedtls/port/esp_platform_time.c.obj'
[516/1047] Building C object esp-idf/log/CMakeFiles/__idf_log.dir/src/log_format_text.c.obj
[755/1045] Building C object esp-idf/mbedtls/mbedtls/library/CMakeFiles/mbedcrypto.dir/pk_wrap.c.obj
[517/1047] Building C object esp-idf/log/CMakeFiles/__idf_log.dir/src/os/log_write.c.obj
[518/1047] Building C object esp-idf/hal/CMakeFiles/__idf_hal.dir/mpu_hal.c.obj
[519/1047] Building C object esp-idf/esp_hw_support/CMakeFiles/__idf_esp_hw_support.dir/dma/gdma.c.obj
[587/935] Building C object esp-idf/mbedtls/mbedtls/library/CMakeFiles/mbedx509.dir/x509_create.c.obj
[756/1045] Building C object esp-idf/mbedtls/mbedtls/library/CMakeFiles/mbedcrypto.dir/gcm.c.obj
[588/935] Building C object esp-idf/mbedtls/mbedtls/library/CMakeFiles/mbedx509.dir/x509write.c.obj
[757/1045] Building C object esp-idf/mbedtls/mbedtls/library/CMakeFiles/mbedcrypto.dir/pk_ecc.c.obj
[520/1047] Building C object esp-idf/heap/CMakeFiles/__idf_heap.dir/heap_caps_init.c.obj
[521/1047] Linking C static library esp-idf/freertos/libfreertos.a
[758/1045] Building C object esp-idf/mbedtls/mbedtls/library/CMakeFiles/mbedcrypto.dir/pkcs5.c.obj
[522/1047] Building C object esp-idf/hal/CMakeFiles/__idf_hal.dir/color_hal.c.obj
Executing action: reconfigure
Running cmake in directory /home/tikhon/Документы/magnolia/applets/go/true/build
Executing "cmake -G Ninja -DPYTHON_DEPS_CHECKED=1 -DPYTHON=/home/tikhon/.espressif/python_env/idf6.0_py3.12_env/bin/python -DESP_PLATFORM=1 -DCCACHE_ENABLE=0 /home/tikhon/Документы/magnolia/applets/go/true"...
-- Found Git: /usr/bin/git (found version "2.43.0") 
[523/1047] Building C object esp-idf/hal/CMakeFiles/__idf_hal.dir/hal_utils.c.obj
[589/935] Building C object esp-idf/bootloader_support/CMakeFiles/__idf_bootloader_support.dir/src/bootloader_utility.c.obj
[759/1045] Building C object esp-idf/mbedtls/mbedtls/library/CMakeFiles/mbedcrypto.dir/md.c.obj
[524/1047] Building C object esp-idf/hal/CMakeFiles/__idf_hal.dir/spi_flash_encrypt_hal_iram.c.obj
-- Detecting CXX compiler ABI info - done
[525/1047] Building C object esp-idf/heap/CMakeFiles/__idf_heap.dir/multi_heap.c.obj
[590/935] Building C object esp-idf/mbedtls/mbedtls/library/CMakeFiles/mbedx509.dir/x509write_crt.c.obj
[526/1047] Building C object esp-idf/hal/CMakeFiles/__idf_hal.dir/esp32s3/clk_tree_hal.c.obj
[760/1045] Building C object esp-idf/mbedtls/mbedtls/library/CMakeFiles/mbedcrypto.dir/pem.c.obj
[527/1047] Building C object esp-idf/hal/CMakeFiles/__idf_hal.dir/efuse_hal.c.obj
-- Detecting C compiler ABI info - done
[528/1047] Building C object esp-idf/hal/CMakeFiles/__idf_hal.dir/esp32s3/efuse_hal.c.obj
[591/935] Building C object esp-idf/mbedtls/mbedtls/library/CMakeFiles/mbedtls.dir/ssl_client.c.obj
[592/935] Building C object esp-idf/mbedtls/mbedtls/library/CMakeFiles/mbedx509.dir/x509write_csr.c.obj
[761/1045] Building C object esp-idf/mbedtls/mbedtls/library/CMakeFiles/mbedcrypto.dir/psa_crypto_client.c.obj
[529/1047] Building C object esp-idf/hal/CMakeFiles/__idf_hal.dir/spi_flash_hal.c.obj
[593/935] Building C object 'esp-idf/mbedtls/mbedtls/library/CMakeFiles/mbedtls.dir/home/tikhon/Документы/magnolia/esp-idf/components/mbedtls/port/mbedtls_debug.c.obj'
-- Minimal build - OFF
-- Check for working C compiler: /home/tikhon/.espressif/tools/xtensa-esp-elf/esp-15.1.0_20250607/xtensa-esp-elf/bin/xtensa-esp32s3-elf-gcc - skipped
-- Detecting C compile features
-- Detecting C compile features - done
[762/1045] Building C object esp-idf/mbedtls/mbedtls/library/CMakeFiles/mbedcrypto.dir/pkparse.c.obj
[594/935] Building C object esp-idf/spi_flash/CMakeFiles/__idf_spi_flash.dir/esp_flash_api.c.obj
-- Detecting CXX compiler ABI info
[763/1045] Building C object esp-idf/mbedtls/mbedtls/library/CMakeFiles/mbedcrypto.dir/pkwrite.c.obj
[530/1047] Building C object esp-idf/hal/CMakeFiles/__idf_hal.dir/spi_flash_hal_iram.c.obj
-- Check for working CXX compiler: /home/tikhon/.espressif/tools/xtensa-esp-elf/esp-15.1.0_20250607/xtensa-esp-elf/bin/xtensa-esp32s3-elf-g++ - skipped
-- Detecting CXX compile features
-- Detecting CXX compile features - done
[764/1045] Building C object esp-idf/mbedtls/mbedtls/library/CMakeFiles/mbedcrypto.dir/pkcs12.c.obj
[765/1045] Building C object esp-idf/mbedtls/mbedtls/library/CMakeFiles/mbedcrypto.dir/psa_crypto_driver_wrappers_no_static.c.obj
[595/935] Building C object esp-idf/mbedtls/mbedtls/library/CMakeFiles/mbedcrypto.dir/aesni.c.obj
[531/1047] Building C object esp-idf/hal/CMakeFiles/__idf_hal.dir/systimer_hal.c.obj
[532/1047] Building C object esp-idf/hal/CMakeFiles/__idf_hal.dir/gpio_hal.c.obj
[596/935] Building C object esp-idf/mbedtls/mbedtls/library/CMakeFiles/mbedtls.dir/ssl_ticket.c.obj
[597/935] Building C object esp-idf/mbedtls/mbedtls/library/CMakeFiles/mbedx509.dir/pkcs7.c.obj
[533/1047] Building C object esp-idf/hal/CMakeFiles/__idf_hal.dir/ledc_hal.c.obj
[534/1047] Building C object esp-idf/hal/CMakeFiles/__idf_hal.dir/ledc_hal_iram.c.obj
[766/1045] Building C object esp-idf/mbedtls/mbedtls/library/CMakeFiles/mbedcrypto.dir/psa_crypto_se.c.obj
[598/935] Building C object esp-idf/mbedtls/mbedtls/library/CMakeFiles/mbedcrypto.dir/aesce.c.obj
[767/1045] Building C object esp-idf/mbedtls/mbedtls/library/CMakeFiles/mbedcrypto.dir/psa_crypto_aead.c.obj
[768/1045] Building C object esp-idf/mbedtls/mbedtls/library/CMakeFiles/mbedcrypto.dir/psa_crypto_hash.c.obj
[769/1045] Building C object esp-idf/mbedtls/mbedtls/library/CMakeFiles/mbedcrypto.dir/oid.c.obj
[535/1047] Building C object esp-idf/hal/CMakeFiles/__idf_hal.dir/cache_hal.c.obj
[536/1047] Building C object esp-idf/hal/CMakeFiles/__idf_hal.dir/uart_hal_iram.c.obj
[537/1047] Building C object esp-idf/hal/CMakeFiles/__idf_hal.dir/timer_hal.c.obj
[770/1045] Building C object esp-idf/mbedtls/mbedtls/library/CMakeFiles/mbedcrypto.dir/psa_crypto_cipher.c.obj
[771/1045] Building C object esp-idf/mbedtls/mbedtls/library/CMakeFiles/mbedcrypto.dir/psa_crypto_ecp.c.obj
[538/1047] Building C object esp-idf/hal/CMakeFiles/__idf_hal.dir/pcnt_hal.c.obj
[772/1045] Building C object esp-idf/mbedtls/mbedtls/library/CMakeFiles/mbedcrypto.dir/psa_crypto_pake.c.obj
[539/1047] Building C object esp-idf/hal/CMakeFiles/__idf_hal.dir/rtc_io_hal.c.obj
[599/935] Building C object esp-idf/mbedtls/mbedtls/library/CMakeFiles/mbedx509.dir/x509_csr.c.obj
[600/935] Building C object esp-idf/mbedtls/mbedtls/library/CMakeFiles/mbedcrypto.dir/bignum_mod.c.obj
[540/1047] Building C object esp-idf/hal/CMakeFiles/__idf_hal.dir/i2c_hal_iram.c.obj
-- Building ESP-IDF components for target esp32s3
[541/1047] Building C object esp-idf/hal/CMakeFiles/__idf_hal.dir/mmu_hal.c.obj
[601/935] Building C object esp-idf/mbedtls/mbedtls/library/CMakeFiles/mbedcrypto.dir/aes.c.obj
-- The C compiler identification is GNU 15.1.0
[773/1045] Building C object esp-idf/mbedtls/mbedtls/library/CMakeFiles/mbedcrypto.dir/ecp.c.obj
[542/1047] Building C object esp-idf/hal/CMakeFiles/__idf_hal.dir/uart_hal.c.obj
[602/935] Linking C static library esp-idf/spi_flash/libspi_flash.a
[774/1045] Building C object esp-idf/mbedtls/mbedtls/library/CMakeFiles/mbedcrypto.dir/psa_crypto_ffdh.c.obj
[543/1047] Building C object esp-idf/hal/CMakeFiles/__idf_hal.dir/i2c_hal.c.obj
[544/1047] Building C object esp-idf/hal/CMakeFiles/__idf_hal.dir/mcpwm_hal.c.obj
[775/1045] Building C object esp-idf/mbedtls/mbedtls/library/CMakeFiles/mbedcrypto.dir/ripemd160.c.obj
[603/935] Building C object esp-idf/mbedtls/mbedtls/library/CMakeFiles/mbedtls.dir/ssl_tls12_client.c.obj
[776/1045] Building C object esp-idf/mbedtls/mbedtls/library/CMakeFiles/mbedcrypto.dir/sha256.c.obj
[545/1047] Building C object esp-idf/hal/CMakeFiles/__idf_hal.dir/gdma_hal_top.c.obj
[604/935] Building C object esp-idf/mbedtls/mbedtls/library/CMakeFiles/mbedtls.dir/ssl_tls12_server.c.obj
[546/1047] Building C object esp-idf/hal/CMakeFiles/__idf_hal.dir/sdm_hal.c.obj
[547/1047] Building C object esp-idf/hal/CMakeFiles/__idf_hal.dir/rmt_hal.c.obj
[777/1045] Building C object esp-idf/mbedtls/mbedtls/library/CMakeFiles/mbedcrypto.dir/pk.c.obj
[548/1047] Building C object esp-idf/hal/CMakeFiles/__idf_hal.dir/uhci_hal.c.obj
[605/935] Building C object 'esp-idf/mbedtls/mbedtls/library/CMakeFiles/mbedtls.dir/home/tikhon/Документы/magnolia/esp-idf/components/mbedtls/port/net_sockets.c.obj'
[606/935] Building C object esp-idf/mbedtls/mbedtls/library/CMakeFiles/mbedcrypto.dir/asn1parse.c.obj
[549/1047] Building C object esp-idf/hal/CMakeFiles/__idf_hal.dir/sdmmc_hal.c.obj
[607/935] Building C object esp-idf/mbedtls/mbedtls/library/CMakeFiles/mbedcrypto.dir/bignum_mod_raw.c.obj
[608/935] Building C object esp-idf/mbedtls/mbedtls/library/CMakeFiles/mbedcrypto.dir/block_cipher.c.obj
[609/935] Building C object esp-idf/mbedtls/mbedtls/library/CMakeFiles/mbedcrypto.dir/camellia.c.obj
[778/1045] Building C object esp-idf/mbedtls/mbedtls/library/CMakeFiles/mbedcrypto.dir/threading.c.obj
[610/935] Linking C static library esp-idf/esp_mm/libesp_mm.a
-- Detecting CXX compiler ABI info - done
[550/1047] Building C object esp-idf/esp_hw_support/CMakeFiles/__idf_esp_hw_support.dir/sleep_modes.c.obj
-- Check for working CXX compiler: /home/tikhon/.espressif/tools/xtensa-esp-elf/esp-15.1.0_20250607/xtensa-esp-elf/bin/xtensa-esp32s3-elf-g++ - skipped
-- Detecting CXX compile features
-- Detecting CXX compile features - done
[779/1045] Building C object esp-idf/mbedtls/mbedtls/library/CMakeFiles/mbedcrypto.dir/psa_its_file.c.obj
[780/1045] Building C object esp-idf/mbedtls/mbedtls/library/CMakeFiles/mbedcrypto.dir/timing.c.obj
[611/935] Building C object esp-idf/mbedtls/mbedtls/library/CMakeFiles/mbedcrypto.dir/chacha20.c.obj
[612/935] Building C object esp-idf/mbedtls/mbedtls/library/CMakeFiles/mbedcrypto.dir/chachapoly.c.obj
[551/1047] Building C object esp-idf/hal/CMakeFiles/__idf_hal.dir/brownout_hal.c.obj
[781/1045] Building C object esp-idf/mbedtls/mbedtls/library/CMakeFiles/mbedcrypto.dir/sha1.c.obj
-- The CXX compiler identification is GNU 15.1.0
[782/1045] Building C object esp-idf/mbedtls/mbedtls/library/CMakeFiles/mbedcrypto.dir/version_features.c.obj
[783/1045] Building C object esp-idf/mbedtls/mbedtls/library/CMakeFiles/mbedcrypto.dir/psa_crypto_storage.c.obj
[784/1045] Building C object esp-idf/mbedtls/mbedtls/library/CMakeFiles/mbedcrypto.dir/sha512.c.obj
[552/1047] Building C object esp-idf/hal/CMakeFiles/__idf_hal.dir/lcd_hal.c.obj
[785/1045] Building C object 'esp-idf/mbedtls/mbedtls/library/CMakeFiles/mbedcrypto.dir/home/tikhon/Документы/magnolia/esp-idf/components/mbedtls/port/aes/dma/esp_aes_gdma_impl.c.obj'
[786/1045] Building C object 'esp-idf/mbedtls/mbedtls/library/CMakeFiles/mbedcrypto.dir/home/tikhon/Документы/magnolia/esp-idf/components/mbedtls/port/sha/core/esp_sha_gdma_impl.c.obj'
[553/1047] Building C object esp-idf/hal/CMakeFiles/__idf_hal.dir/gdma_hal_ahb_v1.c.obj
[787/1045] Building C object esp-idf/mbedtls/mbedtls/library/CMakeFiles/mbedtls.dir/ssl_tls.c.obj
[613/935] Linking C static library esp-idf/bootloader_support/libbootloader_support.a
[554/1047] Building C object esp-idf/hal/CMakeFiles/__idf_hal.dir/aes_hal.c.obj
[788/1045] Building C object esp-idf/mbedtls/mbedtls/library/CMakeFiles/mbedcrypto.dir/psa_crypto_rsa.c.obj
-- The ASM compiler identification is GNU
[614/935] Building C object esp-idf/mbedtls/mbedtls/library/CMakeFiles/mbedx509.dir/x509_crl.c.obj
-- Found assembler: /home/tikhon/.espressif/tools/xtensa-esp-elf/esp-15.1.0_20250607/xtensa-esp-elf/bin/xtensa-esp32s3-elf-gcc
-- Building ESP-IDF components for target esp32s3
[615/935] Building C object esp-idf/mbedtls/mbedtls/library/CMakeFiles/mbedcrypto.dir/asn1write.c.obj
[789/1045] Building C object esp-idf/mbedtls/mbedtls/library/CMakeFiles/mbedcrypto.dir/psa_crypto_mac.c.obj
[555/1047] Building C object esp-idf/hal/CMakeFiles/__idf_hal.dir/mpi_hal.c.obj
[790/1045] Building C object esp-idf/mbedtls/mbedtls/library/CMakeFiles/mbedcrypto.dir/rsa_alt_helpers.c.obj
-- Configuring incomplete, errors occurred!
[791/1045] Building C object esp-idf/mbedtls/mbedtls/library/CMakeFiles/mbedcrypto.dir/sha3.c.obj
[556/1047] Building C object esp-idf/hal/CMakeFiles/__idf_hal.dir/adc_hal_common.c.obj
[792/1045] Building C object esp-idf/mbedtls/mbedtls/library/CMakeFiles/mbedcrypto.dir/version.c.obj
[557/1047] Building C object esp-idf/hal/CMakeFiles/__idf_hal.dir/ds_hal.c.obj
-- Detecting C compiler ABI info
NOTICE: Processing 3 dependencies:
NOTICE: [1/3] espressif/cmake_utilities (0.5.3)
[558/1047] Building C object esp-idf/hal/CMakeFiles/__idf_hal.dir/sha_hal.c.obj
[793/1045] Building C object esp-idf/mbedtls/mbedtls/library/CMakeFiles/mbedcrypto.dir/psa_util.c.obj
NOTICE: [2/3] espressif/elf_loader (1.1.1)
[559/1047] Building C object esp-idf/hal/CMakeFiles/__idf_hal.dir/spi_slave_hal.c.obj
NOTICE: [3/3] idf (6.0.0)
[794/1045] Building C object 'esp-idf/mbedtls/mbedtls/library/CMakeFiles/mbedcrypto.dir/home/tikhon/Документы/magnolia/esp-idf/components/mbedtls/port/aes/esp_aes_common.c.obj'
[795/1045] Building C object 'esp-idf/mbedtls/mbedtls/library/CMakeFiles/mbedcrypto.dir/home/tikhon/Документы/magnolia/esp-idf/components/mbedtls/port/esp_hardware.c.obj'
[616/935] Building C object esp-idf/mbedtls/mbedtls/library/CMakeFiles/mbedcrypto.dir/des.c.obj
[560/1047] Building C object esp-idf/hal/CMakeFiles/__idf_hal.dir/adc_oneshot_hal.c.obj
[796/1045] Building C object 'esp-idf/mbedtls/mbedtls/library/CMakeFiles/mbedcrypto.dir/home/tikhon/Документы/magnolia/esp-idf/components/mbedtls/port/esp_mem.c.obj'
[617/935] Building C object esp-idf/mbedtls/mbedtls/library/CMakeFiles/mbedcrypto.dir/base64.c.obj
[561/1047] Building C object esp-idf/hal/CMakeFiles/__idf_hal.dir/spi_flash_hal_gpspi.c.obj
[562/1047] Building C object esp-idf/hal/CMakeFiles/__idf_hal.dir/hmac_hal.c.obj
[797/1045] Linking CXX static library esp-idf/mbedtls/mbedtls/library/libmbedtls.a
[798/1045] Building C object 'esp-idf/mbedtls/mbedtls/library/CMakeFiles/mbedcrypto.dir/home/tikhon/Документы/magnolia/esp-idf/components/mbedtls/port/esp_timing.c.obj'
[563/1047] Building C object esp-idf/hal/CMakeFiles/__idf_hal.dir/spi_hal.c.obj
[618/935] Building C object esp-idf/mbedtls/mbedtls/library/CMakeFiles/mbedcrypto.dir/constant_time.c.obj
[619/935] Building C object esp-idf/mbedtls/mbedtls/library/CMakeFiles/mbedcrypto.dir/aria.c.obj
[620/935] Building C object esp-idf/mbedtls/mbedtls/library/CMakeFiles/mbedcrypto.dir/ecjpake.c.obj
[564/1047] Building C object esp-idf/hal/CMakeFiles/__idf_hal.dir/twai_hal_sja1000.c.obj
[621/935] Building C object esp-idf/mbedtls/mbedtls/library/CMakeFiles/mbedcrypto.dir/cipher_wrap.c.obj
[799/1045] Building C object 'esp-idf/mbedtls/mbedtls/library/CMakeFiles/mbedcrypto.dir/home/tikhon/Документы/magnolia/esp-idf/components/mbedtls/port/sha/esp_sha.c.obj'
[800/1045] Building C object esp-idf/mbedtls/mbedtls/library/CMakeFiles/mbedcrypto.dir/psa_crypto_slot_management.c.obj
[565/1047] Building C object esp-idf/hal/CMakeFiles/__idf_hal.dir/cam_hal.c.obj
[801/1045] Building C object 'esp-idf/mbedtls/mbedtls/library/CMakeFiles/mbedcrypto.dir/home/tikhon/Документы/magnolia/esp-idf/components/mbedtls/port/esp_ds/esp_rsa_sign_alt.c.obj'
[802/1045] Building C object 'esp-idf/mbedtls/mbedtls/library/CMakeFiles/mbedcrypto.dir/home/tikhon/Документы/magnolia/esp-idf/components/mbedtls/port/aes/esp_aes_xts.c.obj'
[566/1047] Building C object esp-idf/hal/CMakeFiles/__idf_hal.dir/touch_sens_hal.c.obj
[567/1047] Building C object esp-idf/hal/CMakeFiles/__idf_hal.dir/usb_serial_jtag_hal.c.obj
[803/1045] Building C object 'esp-idf/mbedtls/mbedtls/library/CMakeFiles/mbedcrypto.dir/home/tikhon/Документы/magnolia/esp-idf/components/mbedtls/port/esp_ds/esp_rsa_dec_alt.c.obj'
NOTICE: Processing 3 dependencies:
NOTICE: [1/3] espressif/cmake_utilities (0.5.3)
[622/935] Building C object esp-idf/mbedtls/mbedtls/library/CMakeFiles/mbedcrypto.dir/ccm.c.obj
NOTICE: [2/3] espressif/elf_loader (1.1.1)
NOTICE: [3/3] idf (6.0.0)
[568/1047] Building C object esp-idf/hal/CMakeFiles/__idf_hal.dir/spi_slave_hal_iram.c.obj
[623/935] Building C object esp-idf/mbedtls/mbedtls/library/CMakeFiles/mbedcrypto.dir/ecp_curves_new.c.obj
[624/935] Building C object esp-idf/mbedtls/mbedtls/library/CMakeFiles/mbedcrypto.dir/cipher.c.obj
[804/1045] Building C object 'esp-idf/mbedtls/mbedtls/library/CMakeFiles/mbedcrypto.dir/home/tikhon/Документы/magnolia/esp-idf/components/mbedtls/port/esp_ds/esp_ds_common.c.obj'
[569/1047] Building C object esp-idf/esp_rom/CMakeFiles/__idf_esp_rom.dir/patches/esp_rom_crc.c.obj
[805/1045] Linking CXX static library esp-idf/mbedtls/mbedtls/library/libmbedx509.a
[570/1047] Building C object esp-idf/hal/CMakeFiles/__idf_hal.dir/usb_wrap_hal.c.obj
[625/935] Building C object esp-idf/mbedtls/mbedtls/library/CMakeFiles/mbedcrypto.dir/bignum_core.c.obj
[806/1045] Building C object 'esp-idf/mbedtls/mbedtls/library/CMakeFiles/mbedcrypto.dir/home/tikhon/Документы/magnolia/esp-idf/components/mbedtls/port/crypto_shared_gdma/esp_crypto_shared_gdma.c.obj'
[626/935] Building C object esp-idf/mbedtls/mbedtls/library/CMakeFiles/mbedcrypto.dir/cmac.c.obj
[807/1045] Building C object 'esp-idf/mbedtls/mbedtls/library/CMakeFiles/mbedcrypto.dir/home/tikhon/Документы/magnolia/esp-idf/components/mbedtls/port/sha/core/sha.c.obj'
-- Detecting C compiler ABI info - done
[571/1047] Building C object esp-idf/hal/CMakeFiles/__idf_hal.dir/esp32s3/rtc_cntl_hal.c.obj
[572/1047] Building C object esp-idf/esp_hw_support/CMakeFiles/__idf_esp_hw_support.dir/port/esp32s3/esp_memprot.c.obj
[627/935] Building C object esp-idf/mbedtls/mbedtls/library/CMakeFiles/mbedtls.dir/ssl_msg.c.obj
[808/1045] Building C object esp-idf/mbedtls/mbedtls/3rdparty/p256-m/CMakeFiles/p256m.dir/p256-m/p256-m.c.obj
[809/1045] Building C object 'esp-idf/mbedtls/mbedtls/library/CMakeFiles/mbedcrypto.dir/home/tikhon/Документы/magnolia/esp-idf/components/mbedtls/port/sha/core/esp_sha256.c.obj'
[573/1047] Building C object esp-idf/esp_rom/CMakeFiles/__idf_esp_rom.dir/patches/esp_rom_sys.c.obj
[810/1045] Building C object 'esp-idf/mbedtls/mbedtls/library/CMakeFiles/mbedcrypto.dir/home/tikhon/Документы/magnolia/esp-idf/components/mbedtls/port/bignum/bignum_alt.c.obj'
[574/1047] Building C object esp-idf/hal/CMakeFiles/__idf_hal.dir/adc_hal.c.obj
[575/1047] Building C object esp-idf/esp_rom/CMakeFiles/__idf_esp_rom.dir/patches/esp_rom_efuse.c.obj
[628/935] Building C object esp-idf/mbedtls/mbedtls/library/CMakeFiles/mbedcrypto.dir/hkdf.c.obj
-- Check for working C compiler: /home/tikhon/.espressif/tools/xtensa-esp-elf/esp-15.1.0_20250607/xtensa-esp-elf/bin/xtensa-esp32s3-elf-gcc - skipped
[811/1045] Building C object esp-idf/mbedtls/mbedtls/3rdparty/everest/CMakeFiles/everest.dir/library/x25519.c.obj
-- Detecting C compile features
-- Detecting C compile features - done
[576/1047] Building C object esp-idf/hal/CMakeFiles/__idf_hal.dir/spi_slave_hd_hal.c.obj
[629/935] Building C object esp-idf/mbedtls/mbedtls/library/CMakeFiles/mbedcrypto.dir/lmots.c.obj
[577/1047] Building C object esp-idf/esp_rom/CMakeFiles/__idf_esp_rom.dir/patches/esp_rom_print.c.obj
[578/1047] Building C object esp-idf/esp_rom/CMakeFiles/__idf_esp_rom.dir/patches/esp_rom_gpio.c.obj
[630/935] Building C object esp-idf/mbedtls/mbedtls/library/CMakeFiles/mbedcrypto.dir/ecdh.c.obj
[812/1045] Building C object 'esp-idf/mbedtls/mbedtls/library/CMakeFiles/mbedcrypto.dir/home/tikhon/Документы/magnolia/esp-idf/components/mbedtls/port/md/esp_md.c.obj'
[579/1047] Building C object esp-idf/hal/CMakeFiles/__idf_hal.dir/i2s_hal.c.obj
[813/1045] Building C object esp-idf/mbedtls/mbedtls/3rdparty/p256-m/CMakeFiles/p256m.dir/p256-m_driver_entrypoints.c.obj
[580/1047] Building C object esp-idf/hal/CMakeFiles/__idf_hal.dir/xt_wdt_hal.c.obj
[631/935] Building C object esp-idf/mbedtls/mbedtls/library/CMakeFiles/mbedcrypto.dir/dhm.c.obj
[581/1047] Building ASM object esp-idf/esp_rom/CMakeFiles/__idf_esp_rom.dir/patches/esp_rom_longjmp.S.obj
[632/935] Building C object esp-idf/mbedtls/mbedtls/library/CMakeFiles/mbedcrypto.dir/entropy_poll.c.obj
[814/1045] Building C object esp-idf/mbedtls/mbedtls/3rdparty/everest/CMakeFiles/everest.dir/library/Hacl_Curve25519_joined.c.obj
-- Detecting CXX compiler ABI info
[582/1047] Building C object esp-idf/hal/CMakeFiles/__idf_hal.dir/touch_sensor_hal.c.obj
[583/1047] Building C object esp-idf/esp_rom/CMakeFiles/__idf_esp_rom.dir/patches/esp_rom_serial_output.c.obj
[584/1047] Building C object esp-idf/esp_rom/CMakeFiles/__idf_esp_rom.dir/patches/esp_rom_systimer.c.obj
[815/1045] Building C object esp-idf/mbedtls/mbedtls/3rdparty/everest/CMakeFiles/everest.dir/library/everest.c.obj
[633/935] Building C object esp-idf/mbedtls/mbedtls/library/CMakeFiles/mbedcrypto.dir/ctr_drbg.c.obj
[634/935] Building C object esp-idf/mbedtls/mbedtls/library/CMakeFiles/mbedcrypto.dir/lms.c.obj
[585/1047] Building C object esp-idf/hal/CMakeFiles/__idf_hal.dir/temperature_sensor_hal.c.obj
[586/1047] Linking C static library esp-idf/esp_hw_support/libesp_hw_support.a
[816/1045] Building C object 'esp-idf/mbedtls/mbedtls/library/CMakeFiles/mbedcrypto.dir/home/tikhon/Документы/magnolia/esp-idf/components/mbedtls/port/sha/core/esp_sha512.c.obj'
[817/1045] Building C object 'esp-idf/mbedtls/mbedtls/library/CMakeFiles/mbedcrypto.dir/home/tikhon/Документы/magnolia/esp-idf/components/mbedtls/port/sha/core/esp_sha1.c.obj'
[818/1045] Building C object 'esp-idf/mbedtls/mbedtls/library/CMakeFiles/mbedcrypto.dir/home/tikhon/Документы/magnolia/esp-idf/components/mbedtls/port/aes/dma/esp_aes.c.obj'
[587/1047] Building C object esp-idf/esp_rom/CMakeFiles/__idf_esp_rom.dir/patches/esp_rom_cache_esp32s2_esp32s3.c.obj
[588/1047] Building ASM object esp-idf/esp_rom/CMakeFiles/__idf_esp_rom.dir/patches/esp_rom_cache_writeback_esp32s3.S.obj
[635/935] Building C object esp-idf/mbedtls/mbedtls/library/CMakeFiles/mbedcrypto.dir/ecdsa.c.obj
[819/1045] Building C object 'esp-idf/mbedtls/mbedtls/library/CMakeFiles/mbedcrypto.dir/home/tikhon/Документы/magnolia/esp-idf/components/mbedtls/port/aes/dma/esp_aes_dma_core.c.obj'
[636/935] Building C object esp-idf/mbedtls/mbedtls/library/CMakeFiles/mbedcrypto.dir/hmac_drbg.c.obj
[589/1047] Building C object esp-idf/esp_rom/CMakeFiles/__idf_esp_rom.dir/patches/esp_rom_spiflash.c.obj
[590/1047] Building C object esp-idf/esp_rom/CMakeFiles/__idf_esp_rom.dir/patches/esp_rom_wdt.c.obj
[591/1047] Building C object esp-idf/esp_system/CMakeFiles/__idf_esp_system.dir/esp_system_console.c.obj
[592/1047] Building C object esp-idf/hal/CMakeFiles/__idf_hal.dir/esp32s3/touch_sensor_hal.c.obj
[593/1047] Building C object esp-idf/heap/CMakeFiles/__idf_heap.dir/tlsf/tlsf.c.obj
[637/935] Building C object esp-idf/mbedtls/mbedtls/library/CMakeFiles/mbedx509.dir/x509.c.obj
[638/935] Building C object esp-idf/mbedtls/mbedtls/library/CMakeFiles/mbedcrypto.dir/entropy.c.obj
[639/935] Building C object esp-idf/mbedtls/mbedtls/library/CMakeFiles/mbedcrypto.dir/memory_buffer_alloc.c.obj
[640/935] Building C object esp-idf/mbedtls/mbedtls/library/CMakeFiles/mbedcrypto.dir/md5.c.obj
[641/935] Building C object esp-idf/mbedtls/mbedtls/library/CMakeFiles/mbedcrypto.dir/padlock.c.obj
[594/1047] Building C object esp-idf/esp_system/CMakeFiles/__idf_esp_system.dir/stack_check.c.obj
[595/1047] Building C object esp-idf/esp_system/CMakeFiles/__idf_esp_system.dir/system_time.c.obj
[642/935] Building C object esp-idf/mbedtls/mbedtls/library/CMakeFiles/mbedcrypto.dir/nist_kw.c.obj
[643/935] Building C object esp-idf/mbedtls/mbedtls/library/CMakeFiles/mbedcrypto.dir/pk_ecc.c.obj
[820/1045] Building C object 'esp-idf/mbedtls/mbedtls/library/CMakeFiles/mbedcrypto.dir/home/tikhon/Документы/magnolia/esp-idf/components/mbedtls/port/bignum/esp_bignum.c.obj'
[596/1047] Building C object esp-idf/esp_system/CMakeFiles/__idf_esp_system.dir/esp_err.c.obj
[597/1047] Building C object esp-idf/hal/CMakeFiles/__idf_hal.dir/usb_dwc_hal.c.obj
[598/1047] Linking C static library esp-idf/soc/libsoc.a
[644/935] Building C object esp-idf/mbedtls/mbedtls/library/CMakeFiles/mbedcrypto.dir/error.c.obj
[599/1047] Building C object esp-idf/esp_system/CMakeFiles/__idf_esp_system.dir/esp_system.c.obj
-- Detecting CXX compiler ABI info - done
[600/1047] Building C object esp-idf/esp_system/CMakeFiles/__idf_esp_system.dir/panic.c.obj
[601/1047] Building C object esp-idf/hal/CMakeFiles/__idf_hal.dir/spi_hal_iram.c.obj
[602/1047] Building C object esp-idf/esp_system/CMakeFiles/__idf_esp_system.dir/esp_ipc.c.obj
[603/1047] Building C object esp-idf/esp_system/CMakeFiles/__idf_esp_system.dir/crosscore_int.c.obj
[645/935] Building C object esp-idf/mbedtls/mbedtls/library/CMakeFiles/mbedcrypto.dir/platform.c.obj
[604/1047] Linking C static library esp-idf/heap/libheap.a
[646/935] Building C object esp-idf/mbedtls/mbedtls/library/CMakeFiles/mbedcrypto.dir/pem.c.obj
-- Check for working CXX compiler: /home/tikhon/.espressif/tools/xtensa-esp-elf/esp-15.1.0_20250607/xtensa-esp-elf/bin/xtensa-esp32s3-elf-g++ - skipped
-- Detecting CXX compile features
-- Detecting CXX compile features - done
[605/1047] Building C object esp-idf/esp_system/CMakeFiles/__idf_esp_system.dir/freertos_hooks.c.obj
[647/935] Building C object esp-idf/mbedtls/mbedtls/library/CMakeFiles/mbedcrypto.dir/platform_util.c.obj
[606/1047] Building C object esp-idf/esp_system/CMakeFiles/__idf_esp_system.dir/startup.c.obj
[607/1047] Building ASM object esp-idf/esp_system/CMakeFiles/__idf_esp_system.dir/port/arch/xtensa/esp_ipc_isr_handler.S.obj
[608/1047] Building ASM object esp-idf/esp_system/CMakeFiles/__idf_esp_system.dir/port/arch/xtensa/esp_ipc_isr_routines.S.obj
[609/1047] Building C object esp-idf/esp_system/CMakeFiles/__idf_esp_system.dir/ubsan.c.obj
[648/935] Building C object esp-idf/mbedtls/mbedtls/library/CMakeFiles/mbedcrypto.dir/poly1305.c.obj
[821/1045] Building C object 'esp-idf/mbedtls/mbedtls/library/CMakeFiles/mbedcrypto.dir/home/tikhon/Документы/magnolia/esp-idf/components/mbedtls/port/aes/esp_aes_gcm.c.obj'
-- Building ESP-IDF components for target esp32s3
[610/1047] Building C object esp-idf/esp_system/CMakeFiles/__idf_esp_system.dir/port/image_process.c.obj
[649/935] Building C object esp-idf/mbedtls/mbedtls/library/CMakeFiles/mbedcrypto.dir/pkwrite.c.obj
[611/1047] Linking C static library esp-idf/log/liblog.a
[650/935] Building C object esp-idf/mbedtls/mbedtls/library/CMakeFiles/mbedx509.dir/x509_crt.c.obj
[612/1047] Building C object esp-idf/esp_system/CMakeFiles/__idf_esp_system.dir/int_wdt.c.obj
[651/935] Building C object esp-idf/mbedtls/mbedtls/library/CMakeFiles/mbedcrypto.dir/pkcs12.c.obj
[613/1047] Building ASM object esp-idf/esp_system/CMakeFiles/__idf_esp_system.dir/port/arch/xtensa/expression_with_stack_asm.S.obj
[652/935] Building C object esp-idf/mbedtls/mbedtls/library/CMakeFiles/mbedcrypto.dir/pkcs5.c.obj
[653/935] Building C object esp-idf/mbedtls/mbedtls/library/CMakeFiles/mbedcrypto.dir/gcm.c.obj
[614/1047] Building ASM object esp-idf/esp_system/CMakeFiles/__idf_esp_system.dir/port/arch/xtensa/panic_handler_asm.S.obj
[654/935] Building C object esp-idf/mbedtls/mbedtls/library/CMakeFiles/mbedcrypto.dir/md.c.obj
[615/1047] Building C object esp-idf/esp_system/CMakeFiles/__idf_esp_system.dir/port/panic_handler.c.obj
[616/1047] Building C object esp-idf/esp_system/CMakeFiles/__idf_esp_system.dir/port/esp_system_chip.c.obj
[617/1047] Building C object esp-idf/esp_system/CMakeFiles/__idf_esp_system.dir/port/arch/xtensa/esp_ipc_isr_port.c.obj
[655/935] Building C object esp-idf/mbedtls/mbedtls/library/CMakeFiles/mbedcrypto.dir/bignum.c.obj
[656/935] Building C object esp-idf/mbedtls/mbedtls/library/CMakeFiles/mbedcrypto.dir/pkparse.c.obj
[618/1047] Building ASM object esp-idf/esp_system/CMakeFiles/__idf_esp_system.dir/port/arch/xtensa/debug_helpers_asm.S.obj
[657/935] Building C object esp-idf/mbedtls/mbedtls/library/CMakeFiles/mbedtls.dir/ssl_tls.c.obj
[658/935] Building C object esp-idf/mbedtls/mbedtls/library/CMakeFiles/mbedcrypto.dir/pk_wrap.c.obj
[619/1047] Building C object esp-idf/esp_system/CMakeFiles/__idf_esp_system.dir/xt_wdt.c.obj
[620/1047] Building C object esp-idf/esp_system/CMakeFiles/__idf_esp_system.dir/port/arch/xtensa/debug_stubs.c.obj
[621/1047] Building ASM object esp-idf/esp_system/CMakeFiles/__idf_esp_system.dir/port/soc/esp32s3/highint_hdl.S.obj
[659/935] Building C object esp-idf/mbedtls/mbedtls/library/CMakeFiles/mbedcrypto.dir/psa_crypto_se.c.obj
[622/1047] Building C object esp-idf/esp_common/CMakeFiles/__idf_esp_common.dir/src/esp_err_to_name.c.obj
[623/1047] Building C object esp-idf/esp_system/CMakeFiles/__idf_esp_system.dir/startup_funcs.c.obj
-- ESP-TEE is currently supported only on the esp32c6;esp32h2;esp32c5 SoCs
[624/1047] Building C object esp-idf/esp_system/CMakeFiles/__idf_esp_system.dir/port/arch/xtensa/trax.c.obj
-- ESP-TEE is currently supported only on the esp32c6;esp32h2;esp32c5 SoCs
[625/1047] Building C object esp-idf/esp_system/CMakeFiles/__idf_esp_system.dir/task_wdt/task_wdt_impl_timergroup.c.obj
NOTICE: Processing 3 dependencies:
NOTICE: [1/3] espressif/cmake_utilities (0.5.3)
[660/935] Building C object esp-idf/mbedtls/mbedtls/library/CMakeFiles/mbedcrypto.dir/psa_crypto_aead.c.obj
NOTICE: [2/3] espressif/elf_loader (1.1.1)
NOTICE: [3/3] idf (6.0.0)
[626/1047] Building C object esp-idf/esp_system/CMakeFiles/__idf_esp_system.dir/port/esp_ipc_isr.c.obj
[627/1047] Building C object esp-idf/spi_flash/CMakeFiles/__idf_spi_flash.dir/flash_brownout_hook.c.obj
[661/935] Linking CXX static library esp-idf/mbedtls/mbedtls/library/libmbedtls.a
[662/935] Building C object esp-idf/mbedtls/mbedtls/library/CMakeFiles/mbedcrypto.dir/psa_crypto_hash.c.obj
[663/935] Building C object esp-idf/mbedtls/mbedtls/library/CMakeFiles/mbedcrypto.dir/psa_crypto_driver_wrappers_no_static.c.obj
[628/1047] Building C object esp-idf/esp_system/CMakeFiles/__idf_esp_system.dir/port/arch/xtensa/debug_helpers.c.obj
[629/1047] Building C object esp-idf/esp_system/CMakeFiles/__idf_esp_system.dir/port/arch/xtensa/expression_with_stack.c.obj
[630/1047] Linking C static library esp-idf/hal/libhal.a
[631/1047] Building C object esp-idf/spi_flash/CMakeFiles/__idf_spi_flash.dir/spi_flash_chip_issi.c.obj
[664/935] Building C object esp-idf/mbedtls/mbedtls/library/CMakeFiles/mbedcrypto.dir/psa_crypto_pake.c.obj
[665/935] Building C object esp-idf/mbedtls/mbedtls/library/CMakeFiles/mbedcrypto.dir/oid.c.obj
[632/1047] Building C object esp-idf/esp_system/CMakeFiles/__idf_esp_system.dir/port/soc/esp32s3/cache_err_int.c.obj
[633/1047] Building C object esp-idf/esp_system/CMakeFiles/__idf_esp_system.dir/port/soc/esp32s3/reset_reason.c.obj
[666/935] Building C object esp-idf/mbedtls/mbedtls/library/CMakeFiles/mbedcrypto.dir/pk.c.obj
[667/935] Building C object esp-idf/mbedtls/mbedtls/library/CMakeFiles/mbedcrypto.dir/psa_crypto_mac.c.obj
[668/935] Building C object esp-idf/mbedtls/mbedtls/library/CMakeFiles/mbedcrypto.dir/psa_crypto_client.c.obj
[634/1047] Building C object esp-idf/spi_flash/CMakeFiles/__idf_spi_flash.dir/spi_flash_chip_drivers.c.obj
[635/1047] Building C object esp-idf/esp_system/CMakeFiles/__idf_esp_system.dir/port/arch/xtensa/panic_arch.c.obj
[636/1047] Building C object esp-idf/esp_system/CMakeFiles/__idf_esp_system.dir/port/soc/esp32s3/apb_backup_dma.c.obj
[669/935] Building C object esp-idf/mbedtls/mbedtls/library/CMakeFiles/mbedcrypto.dir/ecp_curves.c.obj
[670/935] Building C object esp-idf/mbedtls/mbedtls/library/CMakeFiles/mbedcrypto.dir/psa_crypto_rsa.c.obj
[822/1045] Building C object esp-idf/mbedtls/mbedtls/library/CMakeFiles/mbedcrypto.dir/rsa.c.obj
[671/935] Building C object esp-idf/mbedtls/mbedtls/library/CMakeFiles/mbedcrypto.dir/ripemd160.c.obj
[637/1047] Building C object esp-idf/spi_flash/CMakeFiles/__idf_spi_flash.dir/spi_flash_chip_gd.c.obj
[638/1047] Linking C static library esp-idf/esp_rom/libesp_rom.a
NOTICE: Processing 3 dependencies:
NOTICE: Processing 3 dependencies:
[639/1047] Building C object esp-idf/esp_system/CMakeFiles/__idf_esp_system.dir/port/soc/esp32s3/system_internal.c.obj
NOTICE: [1/3] espressif/cmake_utilities (0.5.3)
[672/935] Building C object esp-idf/mbedtls/mbedtls/library/CMakeFiles/mbedcrypto.dir/psa_crypto_ffdh.c.obj
[640/1047] Building C object esp-idf/spi_flash/CMakeFiles/__idf_spi_flash.dir/spi_flash_chip_boya.c.obj
NOTICE: [1/3] espressif/cmake_utilities (0.5.3)
NOTICE: Processing 3 dependencies:
NOTICE: [1/3] espressif/cmake_utilities (0.5.3)
NOTICE: [2/3] espressif/elf_loader (1.1.1)
[641/1047] Building C object esp-idf/spi_flash/CMakeFiles/__idf_spi_flash.dir/spi_flash_hpm_enable.c.obj
NOTICE: [2/3] espressif/elf_loader (1.1.1)
NOTICE: [3/3] idf (6.0.0)
NOTICE: [3/3] idf (6.0.0)
[642/1047] Building C object esp-idf/esp_system/CMakeFiles/__idf_esp_system.dir/port/cpu_start.c.obj
[673/935] Building C object esp-idf/mbedtls/mbedtls/library/CMakeFiles/mbedcrypto.dir/psa_crypto_ecp.c.obj
NOTICE: [2/3] espressif/elf_loader (1.1.1)
[643/1047] Building C object esp-idf/spi_flash/CMakeFiles/__idf_spi_flash.dir/esp32s3/spi_flash_oct_flash_init.c.obj
NOTICE: [3/3] idf (6.0.0)
Command failed (2): idf.py reconfigure
Skipping failed applet reconfigure: free
Building applet uname -> gouname ...
Reconfiguring applet uname (cmake inputs changed)
+ idf.py reconfigure
[674/935] Building C object esp-idf/mbedtls/mbedtls/library/CMakeFiles/mbedcrypto.dir/threading.c.obj
[675/935] Building C object esp-idf/mbedtls/mbedtls/library/CMakeFiles/mbedcrypto.dir/sha1.c.obj
[644/1047] Linking C static library esp-idf/esp_common/libesp_common.a
[676/935] Building C object esp-idf/mbedtls/mbedtls/library/CMakeFiles/mbedcrypto.dir/psa_crypto_cipher.c.obj
[645/1047] Building C object esp-idf/esp_system/CMakeFiles/__idf_esp_system.dir/task_wdt/task_wdt.c.obj
[677/935] Building C object esp-idf/mbedtls/mbedtls/library/CMakeFiles/mbedcrypto.dir/psa_crypto_storage.c.obj
[646/1047] Building C object esp-idf/spi_flash/CMakeFiles/__idf_spi_flash.dir/spi_flash_chip_mxic.c.obj
[678/935] Building C object esp-idf/mbedtls/mbedtls/library/CMakeFiles/mbedcrypto.dir/timing.c.obj
[679/935] Building C object esp-idf/mbedtls/mbedtls/library/CMakeFiles/mbedcrypto.dir/psa_its_file.c.obj
[647/1047] Building C object esp-idf/spi_flash/CMakeFiles/__idf_spi_flash.dir/spi_flash_chip_th.c.obj
[648/1047] Building C object esp-idf/spi_flash/CMakeFiles/__idf_spi_flash.dir/spi_flash_chip_winbond.c.obj
[680/935] Building C object esp-idf/mbedtls/mbedtls/library/CMakeFiles/mbedcrypto.dir/version_features.c.obj
[681/935] Building C object esp-idf/mbedtls/mbedtls/library/CMakeFiles/mbedcrypto.dir/ecp.c.obj
[682/935] Building C object esp-idf/mbedtls/mbedtls/library/CMakeFiles/mbedcrypto.dir/psa_util.c.obj
[649/1047] Building C object esp-idf/spi_flash/CMakeFiles/__idf_spi_flash.dir/flash_mmap.c.obj
[683/935] Building C object esp-idf/mbedtls/mbedtls/library/CMakeFiles/mbedcrypto.dir/version.c.obj
[650/1047] Building C object esp-idf/spi_flash/CMakeFiles/__idf_spi_flash.dir/spi_flash_chip_mxic_opi.c.obj
[684/935] Building C object esp-idf/mbedtls/mbedtls/library/CMakeFiles/mbedcrypto.dir/rsa_alt_helpers.c.obj
[685/935] Building C object 'esp-idf/mbedtls/mbedtls/library/CMakeFiles/mbedcrypto.dir/home/tikhon/Документы/magnolia/esp-idf/components/mbedtls/port/sha/core/esp_sha_gdma_impl.c.obj'
[651/1047] Building C object esp-idf/esp_mm/CMakeFiles/__idf_esp_mm.dir/port/esp32s3/ext_mem_layout.c.obj
[686/935] Building C object 'esp-idf/mbedtls/mbedtls/library/CMakeFiles/mbedcrypto.dir/home/tikhon/Документы/magnolia/esp-idf/components/mbedtls/port/esp_mem.c.obj'
[687/935] Building C object esp-idf/mbedtls/mbedtls/library/CMakeFiles/mbedcrypto.dir/sha256.c.obj
[688/935] Building C object esp-idf/mbedtls/mbedtls/library/CMakeFiles/mbedcrypto.dir/sha512.c.obj
[652/1047] Building C object esp-idf/spi_flash/CMakeFiles/__idf_spi_flash.dir/memspi_host_driver.c.obj
[689/935] Building C object 'esp-idf/mbedtls/mbedtls/library/CMakeFiles/mbedcrypto.dir/home/tikhon/Документы/magnolia/esp-idf/components/mbedtls/port/esp_hardware.c.obj'
[690/935] Building C object 'esp-idf/mbedtls/mbedtls/library/CMakeFiles/mbedcrypto.dir/home/tikhon/Документы/magnolia/esp-idf/components/mbedtls/port/aes/esp_aes_xts.c.obj'
[653/1047] Building C object esp-idf/spi_flash/CMakeFiles/__idf_spi_flash.dir/spi_flash_wrap.c.obj
[691/935] Building C object esp-idf/mbedtls/mbedtls/library/CMakeFiles/mbedcrypto.dir/psa_crypto_slot_management.c.obj
[692/935] Building C object 'esp-idf/mbedtls/mbedtls/library/CMakeFiles/mbedcrypto.dir/home/tikhon/Документы/magnolia/esp-idf/components/mbedtls/port/esp_timing.c.obj'
[654/1047] Building C object esp-idf/bootloader_support/CMakeFiles/__idf_bootloader_support.dir/src/bootloader_mem.c.obj
[655/1047] Building C object esp-idf/spi_flash/CMakeFiles/__idf_spi_flash.dir/spi_flash_os_func_noos.c.obj
[656/1047] Building C object esp-idf/esp_mm/CMakeFiles/__idf_esp_mm.dir/heap_align_hw.c.obj
[657/1047] Building C object esp-idf/esp_system/CMakeFiles/__idf_esp_system.dir/port/soc/esp32s3/clk.c.obj
[658/1047] Building C object esp-idf/spi_flash/CMakeFiles/__idf_spi_flash.dir/flash_ops.c.obj
[659/1047] Building C object esp-idf/bootloader_support/CMakeFiles/__idf_bootloader_support.dir/src/bootloader_clock_init.c.obj
NOTICE: Processing 3 dependencies:
NOTICE: [1/3] espressif/cmake_utilities (0.5.3)
[693/935] Building C object 'esp-idf/mbedtls/mbedtls/library/CMakeFiles/mbedcrypto.dir/home/tikhon/Документы/magnolia/esp-idf/components/mbedtls/port/aes/dma/esp_aes_gdma_impl.c.obj'
[660/1047] Building C object esp-idf/bootloader_support/CMakeFiles/__idf_bootloader_support.dir/src/bootloader_common.c.obj
[694/935] Building C object 'esp-idf/mbedtls/mbedtls/library/CMakeFiles/mbedcrypto.dir/home/tikhon/Документы/magnolia/esp-idf/components/mbedtls/port/aes/esp_aes_common.c.obj'
NOTICE: [2/3] espressif/elf_loader (1.1.1)
NOTICE: [3/3] idf (6.0.0)
[695/935] Building C object 'esp-idf/mbedtls/mbedtls/library/CMakeFiles/mbedcrypto.dir/home/tikhon/Документы/magnolia/esp-idf/components/mbedtls/port/crypto_shared_gdma/esp_crypto_shared_gdma.c.obj'
[696/935] Building C object 'esp-idf/mbedtls/mbedtls/library/CMakeFiles/mbedcrypto.dir/home/tikhon/Документы/magnolia/esp-idf/components/mbedtls/port/esp_ds/esp_rsa_sign_alt.c.obj'
[697/935] Building C object 'esp-idf/mbedtls/mbedtls/library/CMakeFiles/mbedcrypto.dir/home/tikhon/Документы/magnolia/esp-idf/components/mbedtls/port/sha/esp_sha.c.obj'
[661/1047] Building C object esp-idf/bootloader_support/CMakeFiles/__idf_bootloader_support.dir/src/bootloader_random.c.obj
[662/1047] Building C object esp-idf/bootloader_support/CMakeFiles/__idf_bootloader_support.dir/src/bootloader_efuse.c.obj
[663/1047] Building C object esp-idf/spi_flash/CMakeFiles/__idf_spi_flash.dir/spi_flash_chip_generic.c.obj
[664/1047] Building C object esp-idf/esp_mm/CMakeFiles/__idf_esp_mm.dir/esp_cache_utils.c.obj
[698/935] Building C object 'esp-idf/mbedtls/mbedtls/library/CMakeFiles/mbedcrypto.dir/home/tikhon/Документы/magnolia/esp-idf/components/mbedtls/port/bignum/bignum_alt.c.obj'
[665/1047] Building C object esp-idf/spi_flash/CMakeFiles/__idf_spi_flash.dir/cache_utils.c.obj
[699/935] Building C object esp-idf/mbedtls/mbedtls/library/CMakeFiles/mbedcrypto.dir/sha3.c.obj
[666/1047] Building C object esp-idf/spi_flash/CMakeFiles/__idf_spi_flash.dir/spi_flash_os_func_app.c.obj
[700/935] Building C object 'esp-idf/mbedtls/mbedtls/library/CMakeFiles/mbedcrypto.dir/home/tikhon/Документы/magnolia/esp-idf/components/mbedtls/port/esp_ds/esp_rsa_dec_alt.c.obj'
[701/935] Building C object 'esp-idf/mbedtls/mbedtls/library/CMakeFiles/mbedcrypto.dir/home/tikhon/Документы/magnolia/esp-idf/components/mbedtls/port/aes/dma/esp_aes.c.obj'
[667/1047] Building C object esp-idf/esp_mm/CMakeFiles/__idf_esp_mm.dir/esp_cache_msync.c.obj
[702/935] Linking CXX static library esp-idf/mbedtls/mbedtls/library/libmbedx509.a
[703/935] Building C object esp-idf/mbedtls/mbedtls/3rdparty/p256-m/CMakeFiles/p256m.dir/p256-m/p256-m.c.obj
[668/1047] Linking C static library esp-idf/esp_system/libesp_system.a
[704/935] Building C object 'esp-idf/mbedtls/mbedtls/library/CMakeFiles/mbedcrypto.dir/home/tikhon/Документы/magnolia/esp-idf/components/mbedtls/port/md/esp_md.c.obj'
-- Minimal build - OFF
[705/935] Building C object 'esp-idf/mbedtls/mbedtls/library/CMakeFiles/mbedcrypto.dir/home/tikhon/Документы/magnolia/esp-idf/components/mbedtls/port/esp_ds/esp_ds_common.c.obj'
[669/1047] Building C object esp-idf/bootloader_support/CMakeFiles/__idf_bootloader_support.dir/bootloader_flash/src/flash_qio_mode.c.obj
[670/1047] Building C object esp-idf/bootloader_support/CMakeFiles/__idf_bootloader_support.dir/src/flash_partitions.c.obj
[671/1047] Building C object esp-idf/bootloader_support/CMakeFiles/__idf_bootloader_support.dir/src/flash_encrypt.c.obj
[706/935] Building C object 'esp-idf/mbedtls/mbedtls/library/CMakeFiles/mbedcrypto.dir/home/tikhon/Документы/magnolia/esp-idf/components/mbedtls/port/bignum/esp_bignum.c.obj'
[707/935] Building C object esp-idf/mbedtls/mbedtls/3rdparty/everest/CMakeFiles/everest.dir/library/x25519.c.obj
[672/1047] Building C object esp-idf/mbedtls/mbedtls/library/CMakeFiles/mbedtls.dir/mps_reader.c.obj
[673/1047] Building C object esp-idf/spi_flash/CMakeFiles/__idf_spi_flash.dir/esp_flash_spi_init.c.obj
[708/935] Building C object 'esp-idf/mbedtls/mbedtls/library/CMakeFiles/mbedcrypto.dir/home/tikhon/Документы/magnolia/esp-idf/components/mbedtls/port/sha/core/esp_sha512.c.obj'
[674/1047] Building C object esp-idf/bootloader_support/CMakeFiles/__idf_bootloader_support.dir/src/secure_boot.c.obj
[675/1047] Building C object esp-idf/mbedtls/mbedtls/library/CMakeFiles/mbedtls.dir/debug.c.obj
[709/935] Building C object esp-idf/mbedtls/mbedtls/3rdparty/everest/CMakeFiles/everest.dir/library/Hacl_Curve25519_joined.c.obj
NOTICE: Processing 3 dependencies:
NOTICE: [1/3] espressif/cmake_utilities (0.5.3)
[676/1047] Building C object esp-idf/mbedtls/mbedtls/library/CMakeFiles/mbedtls.dir/mps_trace.c.obj
NOTICE: [2/3] espressif/elf_loader (1.1.1)
NOTICE: [3/3] idf (6.0.0)
[710/935] Building C object 'esp-idf/mbedtls/mbedtls/library/CMakeFiles/mbedcrypto.dir/home/tikhon/Документы/magnolia/esp-idf/components/mbedtls/port/sha/core/esp_sha1.c.obj'
[711/935] Building C object esp-idf/mbedtls/mbedtls/3rdparty/p256-m/CMakeFiles/p256m.dir/p256-m_driver_entrypoints.c.obj
[712/935] Building C object 'esp-idf/mbedtls/mbedtls/library/CMakeFiles/mbedcrypto.dir/home/tikhon/Документы/magnolia/esp-idf/components/mbedtls/port/sha/core/esp_sha256.c.obj'
[713/935] Building C object 'esp-idf/mbedtls/mbedtls/library/CMakeFiles/mbedcrypto.dir/home/tikhon/Документы/magnolia/esp-idf/components/mbedtls/port/aes/esp_aes_gcm.c.obj'
[677/1047] Building C object esp-idf/bootloader_support/CMakeFiles/__idf_bootloader_support.dir/src/bootloader_common_loader.c.obj
[714/935] Building C object esp-idf/mbedtls/mbedtls/3rdparty/everest/CMakeFiles/everest.dir/library/everest.c.obj
[715/935] Building C object 'esp-idf/mbedtls/mbedtls/library/CMakeFiles/mbedcrypto.dir/home/tikhon/Документы/magnolia/esp-idf/components/mbedtls/port/aes/dma/esp_aes_dma_core.c.obj'
[678/1047] Building C object esp-idf/mbedtls/mbedtls/library/CMakeFiles/mbedtls.dir/ssl_cookie.c.obj
[716/935] Building C object 'esp-idf/mbedtls/mbedtls/library/CMakeFiles/mbedcrypto.dir/home/tikhon/Документы/magnolia/esp-idf/components/mbedtls/port/sha/core/sha.c.obj'
-- ESP-TEE is currently supported only on the esp32c6;esp32h2;esp32c5 SoCs
[679/1047] Building C object esp-idf/bootloader_support/CMakeFiles/__idf_bootloader_support.dir/src/esp32s3/secure_boot_secure_features.c.obj
[680/1047] Building C object esp-idf/mbedtls/mbedtls/library/CMakeFiles/mbedtls.dir/ssl_ciphersuites.c.obj
-- The C compiler identification is GNU 15.1.0
[681/1047] Building C object esp-idf/bootloader_support/CMakeFiles/__idf_bootloader_support.dir/src/bootloader_sha.c.obj
-- ESP-TEE is currently supported only on the esp32c6;esp32h2;esp32c5 SoCs
[682/1047] Building C object esp-idf/bootloader_support/CMakeFiles/__idf_bootloader_support.dir/src/bootloader_random_esp32s3.c.obj
NOTICE: Processing 3 dependencies:
NOTICE: [1/3] espressif/cmake_utilities (0.5.3)
NOTICE: [2/3] espressif/elf_loader (1.1.1)
NOTICE: [3/3] idf (6.0.0)
[683/1047] Building C object esp-idf/bootloader_support/CMakeFiles/__idf_bootloader_support.dir/bootloader_flash/src/bootloader_flash.c.obj
[684/1047] Building C object esp-idf/mbedtls/mbedtls/library/CMakeFiles/mbedtls.dir/ssl_tls13_server.c.obj
[685/1047] Building C object esp-idf/bootloader_support/CMakeFiles/__idf_bootloader_support.dir/src/esp_image_format.c.obj
[686/1047] Building C object esp-idf/bootloader_support/CMakeFiles/__idf_bootloader_support.dir/bootloader_flash/src/bootloader_flash_config_esp32s3.c.obj
[687/1047] Building C object esp-idf/mbedtls/mbedtls/library/CMakeFiles/mbedtls.dir/ssl_tls13_keys.c.obj
-- ESP-TEE is currently supported only on the esp32c6;esp32h2;esp32c5 SoCs
[688/1047] Building C object esp-idf/mbedtls/mbedtls/library/CMakeFiles/mbedtls.dir/ssl_tls13_client.c.obj
[689/1047] Building C object esp-idf/spi_flash/CMakeFiles/__idf_spi_flash.dir/esp_flash_api.c.obj
[690/1047] Building C object esp-idf/mbedtls/mbedtls/library/CMakeFiles/mbedtls.dir/ssl_tls13_generic.c.obj
-- The CXX compiler identification is GNU 15.1.0
[691/1047] Building C object esp-idf/esp_mm/CMakeFiles/__idf_esp_mm.dir/esp_mmu_map.c.obj
-- ESP-TEE is currently supported only on the esp32c6;esp32h2;esp32c5 SoCs
[692/1047] Building C object esp-idf/mbedtls/mbedtls/library/CMakeFiles/mbedtls.dir/ssl_ticket.c.obj
-- The ASM compiler identification is GNU
-- Found assembler: /home/tikhon/.espressif/tools/xtensa-esp-elf/esp-15.1.0_20250607/xtensa-esp-elf/bin/xtensa-esp32s3-elf-gcc
[693/1047] Building C object esp-idf/mbedtls/mbedtls/library/CMakeFiles/mbedtls.dir/ssl_debug_helpers_generated.c.obj
[694/1047] Building C object 'esp-idf/mbedtls/mbedtls/library/CMakeFiles/mbedtls.dir/home/tikhon/Документы/magnolia/esp-idf/components/mbedtls/port/esp_platform_time.c.obj'
[695/1047] Building C object esp-idf/mbedtls/mbedtls/library/CMakeFiles/mbedx509.dir/x509_create.c.obj
[696/1047] Building C object esp-idf/mbedtls/mbedtls/library/CMakeFiles/mbedtls.dir/ssl_cache.c.obj
NOTICE: Processing 3 dependencies:
-- Detecting C compiler ABI info
NOTICE: [1/3] espressif/cmake_utilities (0.5.3)
[697/1047] Linking C static library esp-idf/spi_flash/libspi_flash.a
NOTICE: [2/3] espressif/elf_loader (1.1.1)
NOTICE: [3/3] idf (6.0.0)
[698/1047] Building C object esp-idf/mbedtls/mbedtls/library/CMakeFiles/mbedx509.dir/x509write.c.obj
[699/1047] Building C object esp-idf/mbedtls/mbedtls/library/CMakeFiles/mbedx509.dir/x509write_crt.c.obj
[700/1047] Linking C static library esp-idf/esp_mm/libesp_mm.a
[701/1047] Building C object 'esp-idf/mbedtls/mbedtls/library/CMakeFiles/mbedtls.dir/home/tikhon/Документы/magnolia/esp-idf/components/mbedtls/port/mbedtls_debug.c.obj'
[702/1047] Building C object esp-idf/mbedtls/mbedtls/library/CMakeFiles/mbedtls.dir/ssl_client.c.obj
[823/1045] Building C object esp-idf/mbedtls/mbedtls/library/CMakeFiles/mbedcrypto.dir/psa_crypto.c.obj
[703/1047] Building C object esp-idf/bootloader_support/CMakeFiles/__idf_bootloader_support.dir/src/bootloader_utility.c.obj
[704/1047] Building C object esp-idf/mbedtls/mbedtls/library/CMakeFiles/mbedtls.dir/ssl_msg.c.obj
[705/1047] Building C object esp-idf/mbedtls/mbedtls/library/CMakeFiles/mbedx509.dir/x509write_csr.c.obj
[717/935] Building C object esp-idf/mbedtls/mbedtls/library/CMakeFiles/mbedcrypto.dir/rsa.c.obj
[706/1047] Building C object esp-idf/mbedtls/mbedtls/library/CMakeFiles/mbedcrypto.dir/aesni.c.obj
-- Detecting C compiler ABI info - done
-- ESP-TEE is currently supported only on the esp32c6;esp32h2;esp32c5 SoCs
-- Check for working C compiler: /home/tikhon/.espressif/tools/xtensa-esp-elf/esp-15.1.0_20250607/xtensa-esp-elf/bin/xtensa-esp32s3-elf-gcc - skipped
[707/1047] Linking C static library esp-idf/bootloader_support/libbootloader_support.a
[708/1047] Building C object esp-idf/mbedtls/mbedtls/library/CMakeFiles/mbedcrypto.dir/aesce.c.obj
-- Detecting C compile features
-- Detecting C compile features - done
[709/1047] Building C object esp-idf/mbedtls/mbedtls/library/CMakeFiles/mbedx509.dir/x509_csr.c.obj
[710/1047] Building C object esp-idf/mbedtls/mbedtls/library/CMakeFiles/mbedx509.dir/pkcs7.c.obj
[711/1047] Building C object esp-idf/mbedtls/mbedtls/library/CMakeFiles/mbedx509.dir/x509_crl.c.obj
-- Detecting CXX compiler ABI info
[712/1047] Building C object esp-idf/mbedtls/mbedtls/library/CMakeFiles/mbedcrypto.dir/base64.c.obj
[713/1047] Building C object 'esp-idf/mbedtls/mbedtls/library/CMakeFiles/mbedtls.dir/home/tikhon/Документы/magnolia/esp-idf/components/mbedtls/port/net_sockets.c.obj'
[714/1047] Building C object esp-idf/mbedtls/mbedtls/library/CMakeFiles/mbedcrypto.dir/bignum_mod.c.obj
[715/1047] Building C object esp-idf/mbedtls/mbedtls/library/CMakeFiles/mbedcrypto.dir/bignum_mod_raw.c.obj
[718/935] Building C object esp-idf/mbedtls/mbedtls/library/CMakeFiles/mbedcrypto.dir/psa_crypto.c.obj
[716/1047] Building C object esp-idf/mbedtls/mbedtls/library/CMakeFiles/mbedcrypto.dir/aes.c.obj
[717/1047] Building C object esp-idf/mbedtls/mbedtls/library/CMakeFiles/mbedcrypto.dir/asn1parse.c.obj
[718/1047] Building C object esp-idf/mbedtls/mbedtls/library/CMakeFiles/mbedcrypto.dir/block_cipher.c.obj
[719/1047] Building C object esp-idf/mbedtls/mbedtls/library/CMakeFiles/mbedcrypto.dir/aria.c.obj
[720/1047] Building C object esp-idf/mbedtls/mbedtls/library/CMakeFiles/mbedcrypto.dir/camellia.c.obj
[824/1045] Linking CXX static library esp-idf/mbedtls/mbedtls/library/libmbedcrypto.a
[721/1047] Building C object esp-idf/mbedtls/mbedtls/library/CMakeFiles/mbedcrypto.dir/asn1write.c.obj
[722/1047] Building C object esp-idf/mbedtls/mbedtls/library/CMakeFiles/mbedtls.dir/ssl_tls12_server.c.obj
[723/1047] Building C object esp-idf/mbedtls/mbedtls/library/CMakeFiles/mbedcrypto.dir/chacha20.c.obj
[724/1047] Building C object esp-idf/mbedtls/mbedtls/library/CMakeFiles/mbedcrypto.dir/des.c.obj
[725/1047] Building C object esp-idf/mbedtls/mbedtls/library/CMakeFiles/mbedtls.dir/ssl_tls12_client.c.obj
[825/1045] Linking CXX static library esp-idf/mbedtls/mbedtls/3rdparty/p256-m/libp256m.a
-- ESP-TEE is currently supported only on the esp32c6;esp32h2;esp32c5 SoCs
-- ESP-TEE is currently supported only on the esp32c6;esp32h2;esp32c5 SoCs
[726/1047] Building C object esp-idf/mbedtls/mbedtls/library/CMakeFiles/mbedcrypto.dir/chachapoly.c.obj
-- Detecting CXX compiler ABI info - done
[727/1047] Building C object esp-idf/mbedtls/mbedtls/library/CMakeFiles/mbedcrypto.dir/ecjpake.c.obj
[826/1045] Linking CXX static library esp-idf/mbedtls/mbedtls/3rdparty/everest/libeverest.a
[728/1047] Building C object esp-idf/mbedtls/mbedtls/library/CMakeFiles/mbedcrypto.dir/constant_time.c.obj
-- Check for working CXX compiler: /home/tikhon/.espressif/tools/xtensa-esp-elf/esp-15.1.0_20250607/xtensa-esp-elf/bin/xtensa-esp32s3-elf-g++ - skipped
-- Detecting CXX compile features
-- Detecting CXX compile features - done
[729/1047] Building C object esp-idf/mbedtls/mbedtls/library/CMakeFiles/mbedcrypto.dir/ecp_curves_new.c.obj
[730/1047] Building C object esp-idf/mbedtls/mbedtls/library/CMakeFiles/mbedcrypto.dir/bignum_core.c.obj
[731/1047] Building C object esp-idf/mbedtls/mbedtls/library/CMakeFiles/mbedcrypto.dir/ecdh.c.obj
[732/1047] Building C object esp-idf/mbedtls/mbedtls/library/CMakeFiles/mbedcrypto.dir/ctr_drbg.c.obj
-- Building ESP-IDF components for target esp32s3
[733/1047] Building C object esp-idf/mbedtls/mbedtls/library/CMakeFiles/mbedcrypto.dir/cipher_wrap.c.obj
[734/1047] Building C object esp-idf/mbedtls/mbedtls/library/CMakeFiles/mbedcrypto.dir/dhm.c.obj
[735/1047] Building C object esp-idf/mbedtls/mbedtls/library/CMakeFiles/mbedcrypto.dir/hkdf.c.obj
[736/1047] Building C object esp-idf/mbedtls/mbedtls/library/CMakeFiles/mbedcrypto.dir/ccm.c.obj
[719/935] Linking CXX static library esp-idf/mbedtls/mbedtls/library/libmbedcrypto.a
[737/1047] Building C object esp-idf/mbedtls/mbedtls/library/CMakeFiles/mbedcrypto.dir/cmac.c.obj
[738/1047] Building C object esp-idf/mbedtls/mbedtls/library/CMakeFiles/mbedcrypto.dir/ecdsa.c.obj
[739/1047] Building C object esp-idf/mbedtls/mbedtls/library/CMakeFiles/mbedcrypto.dir/entropy_poll.c.obj
[720/935] Linking CXX static library esp-idf/mbedtls/mbedtls/3rdparty/p256-m/libp256m.a
[740/1047] Building C object esp-idf/mbedtls/mbedtls/library/CMakeFiles/mbedcrypto.dir/lms.c.obj
[741/1047] Building C object esp-idf/mbedtls/mbedtls/library/CMakeFiles/mbedcrypto.dir/entropy.c.obj
[827/1045] Generating x509_crt_bundle
[742/1047] Building C object esp-idf/mbedtls/mbedtls/library/CMakeFiles/mbedcrypto.dir/memory_buffer_alloc.c.obj
-- ESP-TEE is currently supported only on the esp32c6;esp32h2;esp32c5 SoCs
[743/1047] Building C object esp-idf/mbedtls/mbedtls/library/CMakeFiles/mbedcrypto.dir/cipher.c.obj
[721/935] Linking CXX static library esp-idf/mbedtls/mbedtls/3rdparty/everest/libeverest.a
[744/1047] Building C object esp-idf/mbedtls/mbedtls/library/CMakeFiles/mbedcrypto.dir/lmots.c.obj
[745/1047] Building C object esp-idf/mbedtls/mbedtls/library/CMakeFiles/mbedcrypto.dir/nist_kw.c.obj
[746/1047] Building C object esp-idf/mbedtls/mbedtls/library/CMakeFiles/mbedx509.dir/x509.c.obj
[747/1047] Building C object esp-idf/mbedtls/mbedtls/library/CMakeFiles/mbedcrypto.dir/md5.c.obj
[748/1047] Building C object esp-idf/mbedtls/mbedtls/library/CMakeFiles/mbedcrypto.dir/hmac_drbg.c.obj
[749/1047] Building C object esp-idf/mbedtls/mbedtls/library/CMakeFiles/mbedcrypto.dir/padlock.c.obj
[750/1047] Building C object esp-idf/mbedtls/mbedtls/library/CMakeFiles/mbedcrypto.dir/pk_ecc.c.obj
[751/1047] Building C object esp-idf/mbedtls/mbedtls/library/CMakeFiles/mbedx509.dir/x509_crt.c.obj
[752/1047] Building C object esp-idf/mbedtls/mbedtls/library/CMakeFiles/mbedcrypto.dir/error.c.obj
[753/1047] Building C object esp-idf/mbedtls/mbedtls/library/CMakeFiles/mbedcrypto.dir/md.c.obj
[754/1047] Building C object esp-idf/mbedtls/mbedtls/library/CMakeFiles/mbedcrypto.dir/ecp_curves.c.obj
[755/1047] Building C object esp-idf/mbedtls/mbedtls/library/CMakeFiles/mbedcrypto.dir/gcm.c.obj
[828/1045] Generating ../../x509_crt_bundle.S
[756/1047] Building C object esp-idf/mbedtls/mbedtls/library/CMakeFiles/mbedcrypto.dir/pk_wrap.c.obj
[757/1047] Building C object esp-idf/mbedtls/mbedtls/library/CMakeFiles/mbedcrypto.dir/bignum.c.obj
NOTICE: Processing 3 dependencies:
NOTICE: [1/3] espressif/cmake_utilities (0.5.3)
[758/1047] Building C object esp-idf/mbedtls/mbedtls/library/CMakeFiles/mbedcrypto.dir/pem.c.obj
NOTICE: [2/3] espressif/elf_loader (1.1.1)
NOTICE: [3/3] idf (6.0.0)
[759/1047] Building C object esp-idf/mbedtls/mbedtls/library/CMakeFiles/mbedcrypto.dir/platform_util.c.obj
[760/1047] Building C object esp-idf/mbedtls/mbedtls/library/CMakeFiles/mbedcrypto.dir/platform.c.obj
[761/1047] Building C object esp-idf/mbedtls/mbedtls/library/CMakeFiles/mbedcrypto.dir/poly1305.c.obj
[829/1045] Building ASM object esp-idf/mbedtls/CMakeFiles/__idf_mbedtls.dir/__/__/x509_crt_bundle.S.obj
[830/1045] Building C object esp-idf/esp_security/CMakeFiles/__idf_esp_security.dir/src/esp_crypto_lock.c.obj
[762/1047] Building C object esp-idf/mbedtls/mbedtls/library/CMakeFiles/mbedcrypto.dir/pkcs12.c.obj
[763/1047] Building C object esp-idf/mbedtls/mbedtls/library/CMakeFiles/mbedtls.dir/ssl_tls.c.obj
[764/1047] Building C object esp-idf/mbedtls/mbedtls/library/CMakeFiles/mbedcrypto.dir/pkwrite.c.obj
[765/1047] Building C object esp-idf/mbedtls/mbedtls/library/CMakeFiles/mbedcrypto.dir/psa_crypto_client.c.obj
[766/1047] Building C object esp-idf/mbedtls/mbedtls/library/CMakeFiles/mbedcrypto.dir/pkcs5.c.obj
[767/1047] Building C object esp-idf/mbedtls/mbedtls/library/CMakeFiles/mbedcrypto.dir/psa_crypto_pake.c.obj
[831/1045] Building C object esp-idf/esp_pm/CMakeFiles/__idf_esp_pm.dir/pm_trace.c.obj
[768/1047] Building C object esp-idf/mbedtls/mbedtls/library/CMakeFiles/mbedcrypto.dir/oid.c.obj
[832/1045] Building C object esp-idf/esp_driver_gpio/CMakeFiles/__idf_esp_driver_gpio.dir/src/gpio_glitch_filter_ops.c.obj
[833/1045] Building C object esp-idf/esp_pm/CMakeFiles/__idf_esp_pm.dir/pm_locks.c.obj
[834/1045] Building C object esp-idf/esp_security/CMakeFiles/__idf_esp_security.dir/src/init.c.obj
[835/1045] Building C object esp-idf/efuse/CMakeFiles/__idf_efuse.dir/esp32s3/esp_efuse_utility.c.obj
[769/1047] Building C object esp-idf/mbedtls/mbedtls/library/CMakeFiles/mbedcrypto.dir/psa_crypto_se.c.obj
[770/1047] Linking CXX static library esp-idf/mbedtls/mbedtls/library/libmbedtls.a
[836/1045] Building C object esp-idf/efuse/CMakeFiles/__idf_efuse.dir/esp32s3/esp_efuse_fields.c.obj
[837/1045] Building C object esp-idf/efuse/CMakeFiles/__idf_efuse.dir/esp32s3/esp_efuse_table.c.obj
[838/1045] Building C object esp-idf/efuse/CMakeFiles/__idf_efuse.dir/esp32s3/esp_efuse_rtc_calib.c.obj
[771/1047] Building C object esp-idf/mbedtls/mbedtls/library/CMakeFiles/mbedcrypto.dir/pkparse.c.obj
[772/1047] Building C object esp-idf/mbedtls/mbedtls/library/CMakeFiles/mbedcrypto.dir/psa_crypto_driver_wrappers_no_static.c.obj
[839/1045] Building C object esp-idf/esp_security/CMakeFiles/__idf_esp_security.dir/src/esp_crypto_periph_clk.c.obj
[722/935] Generating x509_crt_bundle
[773/1047] Building C object esp-idf/mbedtls/mbedtls/library/CMakeFiles/mbedcrypto.dir/psa_crypto_aead.c.obj
[840/1045] Building C object esp-idf/efuse/CMakeFiles/__idf_efuse.dir/src/esp_efuse_fields.c.obj
[774/1047] Building C object esp-idf/mbedtls/mbedtls/library/CMakeFiles/mbedcrypto.dir/ecp.c.obj
[775/1047] Building C object esp-idf/mbedtls/mbedtls/library/CMakeFiles/mbedcrypto.dir/psa_its_file.c.obj
[841/1045] Building C object esp-idf/esp_bootloader_format/CMakeFiles/__idf_esp_bootloader_format.dir/esp_bootloader_desc.c.obj
[842/1045] Building C object esp-idf/app_update/CMakeFiles/__idf_app_update.dir/esp_ota_app_desc.c.obj
[776/1047] Building C object esp-idf/mbedtls/mbedtls/library/CMakeFiles/mbedcrypto.dir/ripemd160.c.obj
[777/1047] Building C object esp-idf/mbedtls/mbedtls/library/CMakeFiles/mbedcrypto.dir/pk.c.obj
[843/1045] Building C object esp-idf/esp_partition/CMakeFiles/__idf_esp_partition.dir/partition_target.c.obj
[844/1045] Building C object esp-idf/esp_security/CMakeFiles/__idf_esp_security.dir/src/esp_hmac.c.obj
[845/1045] Building C object esp-idf/esp_driver_gpio/CMakeFiles/__idf_esp_driver_gpio.dir/src/rtc_io.c.obj
[778/1047] Building C object esp-idf/mbedtls/mbedtls/library/CMakeFiles/mbedcrypto.dir/psa_crypto_ffdh.c.obj
[779/1047] Building C object esp-idf/mbedtls/mbedtls/library/CMakeFiles/mbedcrypto.dir/psa_crypto_slot_management.c.obj
[846/1045] Building C object esp-idf/esp_pm/CMakeFiles/__idf_esp_pm.dir/pm_impl.c.obj
[847/1045] Building ASM object esp-idf/xtensa/CMakeFiles/__idf_xtensa.dir/xtensa_context.S.obj
[848/1045] Building C object esp-idf/xtensa/CMakeFiles/__idf_xtensa.dir/eri.c.obj
[780/1047] Building C object esp-idf/mbedtls/mbedtls/library/CMakeFiles/mbedcrypto.dir/timing.c.obj
[849/1045] Building C object esp-idf/esp_security/CMakeFiles/__idf_esp_security.dir/src/esp_ds.c.obj
[850/1045] Building ASM object esp-idf/xtensa/CMakeFiles/__idf_xtensa.dir/xtensa_intr_asm.S.obj
[781/1047] Building C object esp-idf/mbedtls/mbedtls/library/CMakeFiles/mbedcrypto.dir/psa_crypto_cipher.c.obj
[782/1047] Building C object esp-idf/mbedtls/mbedtls/library/CMakeFiles/mbedcrypto.dir/threading.c.obj
[851/1045] Building C object esp-idf/xtensa/CMakeFiles/__idf_xtensa.dir/xt_trax.c.obj
[783/1047] Building C object esp-idf/mbedtls/mbedtls/library/CMakeFiles/mbedcrypto.dir/sha256.c.obj
[784/1047] Building C object esp-idf/mbedtls/mbedtls/library/CMakeFiles/mbedcrypto.dir/sha512.c.obj
[852/1045] Building C object esp-idf/mbedtls/CMakeFiles/__idf_mbedtls.dir/esp_crt_bundle/esp_crt_bundle.c.obj
[853/1045] Building C object esp-idf/efuse/CMakeFiles/__idf_efuse.dir/src/esp_efuse_api.c.obj
[785/1047] Building C object esp-idf/mbedtls/mbedtls/library/CMakeFiles/mbedcrypto.dir/sha1.c.obj
[854/1045] Building C object esp-idf/esp_driver_gpio/CMakeFiles/__idf_esp_driver_gpio.dir/src/gpio_pin_glitch_filter.c.obj
[855/1045] Building C object esp-idf/esp_app_format/CMakeFiles/__idf_esp_app_format.dir/esp_app_desc.c.obj
[786/1047] Building C object esp-idf/mbedtls/mbedtls/library/CMakeFiles/mbedcrypto.dir/psa_crypto_hash.c.obj
[856/1045] Building ASM object esp-idf/xtensa/CMakeFiles/__idf_xtensa.dir/xtensa_vectors.S.obj
[787/1047] Building C object esp-idf/mbedtls/mbedtls/library/CMakeFiles/mbedcrypto.dir/version_features.c.obj
[788/1047] Building C object 'esp-idf/mbedtls/mbedtls/library/CMakeFiles/mbedcrypto.dir/home/tikhon/Документы/magnolia/esp-idf/components/mbedtls/port/sha/core/esp_sha_gdma_impl.c.obj'
[789/1047] Building C object esp-idf/mbedtls/mbedtls/library/CMakeFiles/mbedcrypto.dir/version.c.obj
[857/1045] Linking C static library esp-idf/mbedtls/libmbedtls.a
[790/1047] Building C object 'esp-idf/mbedtls/mbedtls/library/CMakeFiles/mbedcrypto.dir/home/tikhon/Документы/magnolia/esp-idf/components/mbedtls/port/esp_mem.c.obj'
[791/1047] Building C object 'esp-idf/mbedtls/mbedtls/library/CMakeFiles/mbedcrypto.dir/home/tikhon/Документы/magnolia/esp-idf/components/mbedtls/port/esp_hardware.c.obj'
[858/1045] Building C object esp-idf/xtensa/CMakeFiles/__idf_xtensa.dir/xtensa_intr.c.obj
[859/1045] Building C object esp-idf/efuse/CMakeFiles/__idf_efuse.dir/src/esp_efuse_utility.c.obj
[860/1045] Building C object esp-idf/efuse/CMakeFiles/__idf_efuse.dir/src/esp_efuse_startup.c.obj
[861/1045] Building C object esp-idf/console/CMakeFiles/__idf_console.dir/split_argv.c.obj
[792/1047] Building C object esp-idf/mbedtls/mbedtls/library/CMakeFiles/mbedcrypto.dir/psa_util.c.obj
[862/1045] Linking C static library esp-idf/esp_pm/libesp_pm.a
[793/1047] Building C object 'esp-idf/mbedtls/mbedtls/library/CMakeFiles/mbedcrypto.dir/home/tikhon/Документы/magnolia/esp-idf/components/mbedtls/port/aes/dma/esp_aes_gdma_impl.c.obj'
[863/1045] Building C object esp-idf/console/CMakeFiles/__idf_console.dir/argtable3/arg_dbl.c.obj
[794/1047] Building C object esp-idf/mbedtls/mbedtls/library/CMakeFiles/mbedcrypto.dir/psa_crypto_mac.c.obj
[795/1047] Building C object esp-idf/mbedtls/mbedtls/library/CMakeFiles/mbedcrypto.dir/rsa_alt_helpers.c.obj
[796/1047] Building C object esp-idf/mbedtls/mbedtls/library/CMakeFiles/mbedcrypto.dir/psa_crypto_ecp.c.obj
[864/1045] Building C object esp-idf/esp_driver_gpio/CMakeFiles/__idf_esp_driver_gpio.dir/src/dedic_gpio.c.obj
[797/1047] Building C object esp-idf/mbedtls/mbedtls/library/CMakeFiles/mbedcrypto.dir/psa_crypto_storage.c.obj
[798/1047] Building C object 'esp-idf/mbedtls/mbedtls/library/CMakeFiles/mbedcrypto.dir/home/tikhon/Документы/magnolia/esp-idf/components/mbedtls/port/crypto_shared_gdma/esp_crypto_shared_gdma.c.obj'
-- ESP-TEE is currently supported only on the esp32c6;esp32h2;esp32c5 SoCs
[865/1045] Building C object esp-idf/console/CMakeFiles/__idf_console.dir/esp_console_repl_chip.c.obj
-- Project sdkconfig file /home/tikhon/Документы/magnolia/applets/go/echo/sdkconfig
[723/935] Generating ../../x509_crt_bundle.S
[866/1045] Building C object esp-idf/console/CMakeFiles/__idf_console.dir/argtable3/arg_cmd.c.obj
[799/1047] Building C object 'esp-idf/mbedtls/mbedtls/library/CMakeFiles/mbedcrypto.dir/home/tikhon/Документы/magnolia/esp-idf/components/mbedtls/port/sha/esp_sha.c.obj'
[800/1047] Building C object esp-idf/mbedtls/mbedtls/library/CMakeFiles/mbedcrypto.dir/psa_crypto_rsa.c.obj
[867/1045] Building C object esp-idf/esp_partition/CMakeFiles/__idf_esp_partition.dir/partition.c.obj
[868/1045] Building C object esp-idf/efuse/CMakeFiles/__idf_efuse.dir/src/efuse_controller/keys/with_key_purposes/esp_efuse_api_key.c.obj
[801/1047] Building C object 'esp-idf/mbedtls/mbedtls/library/CMakeFiles/mbedcrypto.dir/home/tikhon/Документы/magnolia/esp-idf/components/mbedtls/port/esp_timing.c.obj'
[869/1045] Building C object esp-idf/app_update/CMakeFiles/__idf_app_update.dir/esp_ota_ops.c.obj
[870/1045] Building C object esp-idf/console/CMakeFiles/__idf_console.dir/esp_console_common.c.obj
[871/1045] Building C object esp-idf/console/CMakeFiles/__idf_console.dir/esp_console_repl_internal.c.obj
[872/1045] Building C object esp-idf/console/CMakeFiles/__idf_console.dir/argtable3/arg_end.c.obj
[802/1047] Building C object 'esp-idf/mbedtls/mbedtls/library/CMakeFiles/mbedcrypto.dir/home/tikhon/Документы/magnolia/esp-idf/components/mbedtls/port/bignum/bignum_alt.c.obj'
[803/1047] Building C object 'esp-idf/mbedtls/mbedtls/library/CMakeFiles/mbedcrypto.dir/home/tikhon/Документы/magnolia/esp-idf/components/mbedtls/port/aes/esp_aes_common.c.obj'
[873/1045] Building C object esp-idf/console/CMakeFiles/__idf_console.dir/argtable3/arg_file.c.obj
[804/1047] Building C object esp-idf/mbedtls/mbedtls/library/CMakeFiles/mbedcrypto.dir/sha3.c.obj
[805/1047] Building C object 'esp-idf/mbedtls/mbedtls/library/CMakeFiles/mbedcrypto.dir/home/tikhon/Документы/magnolia/esp-idf/components/mbedtls/port/esp_ds/esp_rsa_dec_alt.c.obj'
[806/1047] Building C object 'esp-idf/mbedtls/mbedtls/library/CMakeFiles/mbedcrypto.dir/home/tikhon/Документы/magnolia/esp-idf/components/mbedtls/port/sha/core/esp_sha1.c.obj'
[874/1045] Building C object esp-idf/console/CMakeFiles/__idf_console.dir/argtable3/arg_rem.c.obj
[875/1045] Building C object esp-idf/console/CMakeFiles/__idf_console.dir/argtable3/arg_lit.c.obj
[724/935] Building ASM object esp-idf/mbedtls/CMakeFiles/__idf_mbedtls.dir/__/__/x509_crt_bundle.S.obj
[876/1045] Building C object esp-idf/console/CMakeFiles/__idf_console.dir/argtable3/arg_str.c.obj
[807/1047] Building C object 'esp-idf/mbedtls/mbedtls/library/CMakeFiles/mbedcrypto.dir/home/tikhon/Документы/magnolia/esp-idf/components/mbedtls/port/aes/esp_aes_xts.c.obj'
[877/1045] Building C object esp-idf/console/CMakeFiles/__idf_console.dir/commands.c.obj
[725/935] Building C object esp-idf/esp_driver_gpio/CMakeFiles/__idf_esp_driver_gpio.dir/src/gpio_glitch_filter_ops.c.obj
[878/1045] Building C object esp-idf/console/CMakeFiles/__idf_console.dir/argtable3/arg_int.c.obj
[879/1045] Building C object esp-idf/console/CMakeFiles/__idf_console.dir/argtable3/arg_utils.c.obj
[808/1047] Building C object 'esp-idf/mbedtls/mbedtls/library/CMakeFiles/mbedcrypto.dir/home/tikhon/Документы/magnolia/esp-idf/components/mbedtls/port/esp_ds/esp_ds_common.c.obj'
[809/1047] Building C object 'esp-idf/mbedtls/mbedtls/library/CMakeFiles/mbedcrypto.dir/home/tikhon/Документы/magnolia/esp-idf/components/mbedtls/port/md/esp_md.c.obj'
[880/1045] Building C object esp-idf/console/CMakeFiles/__idf_console.dir/argtable3/arg_dstr.c.obj
[810/1047] Building C object 'esp-idf/mbedtls/mbedtls/library/CMakeFiles/mbedcrypto.dir/home/tikhon/Документы/magnolia/esp-idf/components/mbedtls/port/esp_ds/esp_rsa_sign_alt.c.obj'
[726/935] Building C object esp-idf/esp_pm/CMakeFiles/__idf_esp_pm.dir/pm_trace.c.obj
[811/1047] Linking CXX static library esp-idf/mbedtls/mbedtls/library/libmbedx509.a
[812/1047] Building C object esp-idf/mbedtls/mbedtls/3rdparty/everest/CMakeFiles/everest.dir/library/Hacl_Curve25519_joined.c.obj
[727/935] Building C object esp-idf/efuse/CMakeFiles/__idf_efuse.dir/esp32s3/esp_efuse_table.c.obj
[728/935] Building C object esp-idf/esp_security/CMakeFiles/__idf_esp_security.dir/src/esp_crypto_lock.c.obj
[813/1047] Building C object 'esp-idf/mbedtls/mbedtls/library/CMakeFiles/mbedcrypto.dir/home/tikhon/Документы/magnolia/esp-idf/components/mbedtls/port/bignum/esp_bignum.c.obj'
[881/1045] Building C object esp-idf/unity/CMakeFiles/__idf_unity.dir/port/esp/unity_utils_memory_esp.c.obj
[814/1047] Building C object 'esp-idf/mbedtls/mbedtls/library/CMakeFiles/mbedcrypto.dir/home/tikhon/Документы/magnolia/esp-idf/components/mbedtls/port/aes/dma/esp_aes_dma_core.c.obj'
[882/1045] Building C object esp-idf/console/CMakeFiles/__idf_console.dir/argtable3/arg_hashtable.c.obj
[815/1047] Building C object 'esp-idf/mbedtls/mbedtls/library/CMakeFiles/mbedcrypto.dir/home/tikhon/Документы/magnolia/esp-idf/components/mbedtls/port/sha/core/esp_sha512.c.obj'
[883/1045] Building C object esp-idf/unity/CMakeFiles/__idf_unity.dir/unity_utils_memory.c.obj
[884/1045] Building C object esp-idf/protocomm/CMakeFiles/__idf_protocomm.dir/proto-c/constants.pb-c.c.obj
[885/1045] Building C object esp-idf/unity/CMakeFiles/__idf_unity.dir/unity_runner.c.obj
[816/1047] Building C object 'esp-idf/mbedtls/mbedtls/library/CMakeFiles/mbedcrypto.dir/home/tikhon/Документы/magnolia/esp-idf/components/mbedtls/port/sha/core/esp_sha256.c.obj'
[886/1045] Building C object esp-idf/unity/CMakeFiles/__idf_unity.dir/unity_utils_cache.c.obj
Executing action: reconfigure
Running cmake in directory /home/tikhon/Документы/magnolia/applets/go/uname/build
Executing "cmake -G Ninja -DPYTHON_DEPS_CHECKED=1 -DPYTHON=/home/tikhon/.espressif/python_env/idf6.0_py3.12_env/bin/python -DESP_PLATFORM=1 -DCCACHE_ENABLE=0 /home/tikhon/Документы/magnolia/applets/go/uname"...
-- Found Git: /usr/bin/git (found version "2.43.0") 
[887/1045] Building C object esp-idf/unity/CMakeFiles/__idf_unity.dir/unity_compat.c.obj
[729/935] Building C object esp-idf/esp_driver_gpio/CMakeFiles/__idf_esp_driver_gpio.dir/src/dedic_gpio.c.obj
[817/1047] Building C object esp-idf/mbedtls/mbedtls/3rdparty/everest/CMakeFiles/everest.dir/library/x25519.c.obj
[888/1045] Building C object esp-idf/unity/CMakeFiles/__idf_unity.dir/unity_utils_freertos.c.obj
[889/1045] Building C object esp-idf/console/CMakeFiles/__idf_console.dir/argtable3/arg_date.c.obj
[730/935] Building C object esp-idf/efuse/CMakeFiles/__idf_efuse.dir/esp32s3/esp_efuse_utility.c.obj
[731/935] Building C object esp-idf/esp_pm/CMakeFiles/__idf_esp_pm.dir/pm_locks.c.obj
[732/935] Building C object esp-idf/efuse/CMakeFiles/__idf_efuse.dir/src/esp_efuse_fields.c.obj
[733/935] Building C object esp-idf/esp_security/CMakeFiles/__idf_esp_security.dir/src/init.c.obj
[818/1047] Building C object esp-idf/mbedtls/mbedtls/3rdparty/everest/CMakeFiles/everest.dir/library/everest.c.obj
[890/1045] Building C object esp-idf/protocomm/CMakeFiles/__idf_protocomm.dir/proto-c/sec0.pb-c.c.obj
[734/935] Building C object esp-idf/efuse/CMakeFiles/__idf_efuse.dir/esp32s3/esp_efuse_fields.c.obj
[735/935] Building C object esp-idf/efuse/CMakeFiles/__idf_efuse.dir/src/efuse_controller/keys/with_key_purposes/esp_efuse_api_key.c.obj
[891/1045] Building C object esp-idf/unity/CMakeFiles/__idf_unity.dir/unity_port_esp32.c.obj
[736/935] Building C object esp-idf/efuse/CMakeFiles/__idf_efuse.dir/src/esp_efuse_startup.c.obj
[892/1045] Building C object esp-idf/esp_https_server/CMakeFiles/__idf_esp_https_server.dir/src/https_server.c.obj
[737/935] Building C object esp-idf/esp_security/CMakeFiles/__idf_esp_security.dir/src/esp_hmac.c.obj
[893/1045] Building C object esp-idf/protocomm/CMakeFiles/__idf_protocomm.dir/proto-c/sec1.pb-c.c.obj
[819/1047] Building C object 'esp-idf/mbedtls/mbedtls/library/CMakeFiles/mbedcrypto.dir/home/tikhon/Документы/magnolia/esp-idf/components/mbedtls/port/aes/dma/esp_aes.c.obj'
[820/1047] Building C object esp-idf/mbedtls/mbedtls/3rdparty/p256-m/CMakeFiles/p256m.dir/p256-m/p256-m.c.obj
[738/935] Building C object esp-idf/efuse/CMakeFiles/__idf_efuse.dir/esp32s3/esp_efuse_rtc_calib.c.obj
[894/1045] Building C object esp-idf/protocomm/CMakeFiles/__idf_protocomm.dir/proto-c/session.pb-c.c.obj
[739/935] Building C object esp-idf/app_update/CMakeFiles/__idf_app_update.dir/esp_ota_app_desc.c.obj
[821/1047] Building C object 'esp-idf/mbedtls/mbedtls/library/CMakeFiles/mbedcrypto.dir/home/tikhon/Документы/magnolia/esp-idf/components/mbedtls/port/sha/core/sha.c.obj'
[740/935] Building C object esp-idf/efuse/CMakeFiles/__idf_efuse.dir/src/esp_efuse_utility.c.obj
[822/1047] Building C object esp-idf/mbedtls/mbedtls/3rdparty/p256-m/CMakeFiles/p256m.dir/p256-m_driver_entrypoints.c.obj
[895/1045] Building C object esp-idf/protocomm/CMakeFiles/__idf_protocomm.dir/proto-c/sec2.pb-c.c.obj
[741/935] Building C object esp-idf/esp_security/CMakeFiles/__idf_esp_security.dir/src/esp_crypto_periph_clk.c.obj
[742/935] Building C object esp-idf/xtensa/CMakeFiles/__idf_xtensa.dir/xt_trax.c.obj
[743/935] Building C object esp-idf/esp_pm/CMakeFiles/__idf_esp_pm.dir/pm_impl.c.obj
[744/935] Building C object esp-idf/esp_bootloader_format/CMakeFiles/__idf_esp_bootloader_format.dir/esp_bootloader_desc.c.obj
[896/1045] Building C object esp-idf/protocomm/CMakeFiles/__idf_protocomm.dir/src/crypto/srp6a/esp_srp_mpi.c.obj
[745/935] Building C object esp-idf/mbedtls/CMakeFiles/__idf_mbedtls.dir/esp_crt_bundle/esp_crt_bundle.c.obj
[746/935] Building ASM object esp-idf/xtensa/CMakeFiles/__idf_xtensa.dir/xtensa_intr_asm.S.obj
[747/935] Building C object esp-idf/xtensa/CMakeFiles/__idf_xtensa.dir/eri.c.obj
[823/1047] Building C object 'esp-idf/mbedtls/mbedtls/library/CMakeFiles/mbedcrypto.dir/home/tikhon/Документы/magnolia/esp-idf/components/mbedtls/port/aes/esp_aes_gcm.c.obj'
[897/1045] Building CXX object esp-idf/wear_levelling/CMakeFiles/__idf_wear_levelling.dir/Partition.cpp.obj
[748/935] Building ASM object esp-idf/xtensa/CMakeFiles/__idf_xtensa.dir/xtensa_context.S.obj
[749/935] Building C object esp-idf/esp_partition/CMakeFiles/__idf_esp_partition.dir/partition.c.obj
[898/1045] Building C object esp-idf/console/CMakeFiles/__idf_console.dir/linenoise/linenoise.c.obj
[750/935] Building C object esp-idf/esp_security/CMakeFiles/__idf_esp_security.dir/src/esp_ds.c.obj
[899/1045] Building C object esp-idf/console/CMakeFiles/__idf_console.dir/argtable3/arg_rex.c.obj
[751/935] Building C object esp-idf/esp_app_format/CMakeFiles/__idf_esp_app_format.dir/esp_app_desc.c.obj
[900/1045] Building C object esp-idf/protocomm/CMakeFiles/__idf_protocomm.dir/src/common/protocomm.c.obj
[752/935] Linking C static library esp-idf/mbedtls/libmbedtls.a
[753/935] Building C object esp-idf/esp_driver_gpio/CMakeFiles/__idf_esp_driver_gpio.dir/src/gpio_pin_glitch_filter.c.obj
[754/935] Building ASM object esp-idf/xtensa/CMakeFiles/__idf_xtensa.dir/xtensa_vectors.S.obj
[901/1045] Building CXX object esp-idf/wear_levelling/CMakeFiles/__idf_wear_levelling.dir/crc32.cpp.obj
[755/935] Building C object esp-idf/xtensa/CMakeFiles/__idf_xtensa.dir/xtensa_intr.c.obj
[756/935] Building C object esp-idf/console/CMakeFiles/__idf_console.dir/split_argv.c.obj
[902/1045] Building C object esp-idf/protocomm/CMakeFiles/__idf_protocomm.dir/src/crypto/srp6a/esp_srp.c.obj
[757/935] Linking C static library esp-idf/esp_pm/libesp_pm.a
[758/935] Building C object esp-idf/efuse/CMakeFiles/__idf_efuse.dir/src/esp_efuse_api.c.obj
[903/1045] Building C object esp-idf/protocomm/CMakeFiles/__idf_protocomm.dir/src/transports/protocomm_console.c.obj
[759/935] Building C object esp-idf/console/CMakeFiles/__idf_console.dir/commands.c.obj
[760/935] Building C object esp-idf/console/CMakeFiles/__idf_console.dir/argtable3/arg_file.c.obj
[904/1045] Building C object esp-idf/app_trace/CMakeFiles/__idf_app_trace.dir/app_trace.c.obj
[761/935] Building C object esp-idf/esp_partition/CMakeFiles/__idf_esp_partition.dir/partition_target.c.obj
[905/1045] Building C object esp-idf/app_trace/CMakeFiles/__idf_app_trace.dir/host_file_io.c.obj
[762/935] Building C object esp-idf/console/CMakeFiles/__idf_console.dir/argtable3/arg_hashtable.c.obj
[906/1045] Building CXX object esp-idf/wear_levelling/CMakeFiles/__idf_wear_levelling.dir/WL_Ext_Safe.cpp.obj
[907/1045] Building C object esp-idf/app_trace/CMakeFiles/__idf_app_trace.dir/app_trace_util.c.obj
[763/935] Building C object esp-idf/console/CMakeFiles/__idf_console.dir/argtable3/arg_int.c.obj
[764/935] Building C object esp-idf/console/CMakeFiles/__idf_console.dir/argtable3/arg_dbl.c.obj
[908/1045] Building CXX object esp-idf/wear_levelling/CMakeFiles/__idf_wear_levelling.dir/WL_Ext_Perf.cpp.obj
[765/935] Building C object esp-idf/console/CMakeFiles/__idf_console.dir/argtable3/arg_end.c.obj
[766/935] Building C object esp-idf/console/CMakeFiles/__idf_console.dir/esp_console_repl_chip.c.obj
[909/1045] Building CXX object esp-idf/wear_levelling/CMakeFiles/__idf_wear_levelling.dir/SPI_Flash.cpp.obj
[767/935] Building C object esp-idf/console/CMakeFiles/__idf_console.dir/argtable3/arg_lit.c.obj
[910/1045] Building C object esp-idf/cmock/CMakeFiles/__idf_cmock.dir/CMock/src/cmock.c.obj
[911/1045] Building C object esp-idf/protocomm/CMakeFiles/__idf_protocomm.dir/src/transports/protocomm_httpd.c.obj
[768/935] Building C object esp-idf/console/CMakeFiles/__idf_console.dir/argtable3/arg_rem.c.obj
[769/935] Building C object esp-idf/console/CMakeFiles/__idf_console.dir/argtable3/arg_dstr.c.obj
[770/935] Building C object esp-idf/console/CMakeFiles/__idf_console.dir/argtable3/arg_date.c.obj
[912/1045] Building C object esp-idf/console/CMakeFiles/__idf_console.dir/argtable3/argtable3.c.obj
[771/935] Building C object esp-idf/esp_driver_gpio/CMakeFiles/__idf_esp_driver_gpio.dir/src/rtc_io.c.obj
[913/1045] Building C object esp-idf/protobuf-c/CMakeFiles/__idf_protobuf-c.dir/protobuf-c/protobuf-c/protobuf-c.c.obj
[772/935] Building C object esp-idf/console/CMakeFiles/__idf_console.dir/esp_console_common.c.obj
[914/1045] Building C object esp-idf/esp_driver_gpio/CMakeFiles/__idf_esp_driver_gpio.dir/src/gpio.c.obj
[915/1045] Building CXX object esp-idf/wear_levelling/CMakeFiles/__idf_wear_levelling.dir/wear_levelling.cpp.obj
[773/935] Building C object esp-idf/unity/CMakeFiles/__idf_unity.dir/unity_compat.c.obj
[774/935] Building C object esp-idf/console/CMakeFiles/__idf_console.dir/argtable3/arg_cmd.c.obj
[916/1045] Building C object esp-idf/app_trace/CMakeFiles/__idf_app_trace.dir/port/port_uart.c.obj
[775/935] Building C object esp-idf/console/CMakeFiles/__idf_console.dir/esp_console_repl_internal.c.obj
[776/935] Building C object esp-idf/console/CMakeFiles/__idf_console.dir/argtable3/arg_str.c.obj
[917/1045] Linking C static library esp-idf/esp_driver_gpio/libesp_driver_gpio.a
[777/935] Building C object esp-idf/unity/CMakeFiles/__idf_unity.dir/unity_utils_cache.c.obj
[918/1045] Linking C static library esp-idf/esp_security/libesp_security.a
[778/935] Building C object esp-idf/unity/CMakeFiles/__idf_unity.dir/port/esp/unity_utils_memory_esp.c.obj
[779/935] Building C object esp-idf/protocomm/CMakeFiles/__idf_protocomm.dir/proto-c/constants.pb-c.c.obj
[780/935] Building C object esp-idf/console/CMakeFiles/__idf_console.dir/argtable3/arg_utils.c.obj
[919/1045] Building C object esp-idf/esp_driver_cam/CMakeFiles/__idf_esp_driver_cam.dir/dvp_share_ctrl.c.obj
[781/935] Building C object esp-idf/unity/CMakeFiles/__idf_unity.dir/unity_runner.c.obj
[920/1045] Building C object esp-idf/esp_driver_cam/CMakeFiles/__idf_esp_driver_cam.dir/dvp/src/esp_cam_ctlr_dvp_gdma.c.obj
[921/1045] Building C object esp-idf/esp_eth/CMakeFiles/__idf_esp_eth.dir/src/esp_eth_netif_glue.c.obj
[782/935] Building C object esp-idf/unity/CMakeFiles/__idf_unity.dir/unity_utils_memory.c.obj
[922/1045] Building C object esp-idf/esp_driver_cam/CMakeFiles/__idf_esp_driver_cam.dir/esp_cam_ctlr.c.obj
[783/935] Building C object esp-idf/unity/CMakeFiles/__idf_unity.dir/unity_port_esp32.c.obj
[923/1045] Linking C static library esp-idf/efuse/libefuse.a
[784/935] Building C object esp-idf/protocomm/CMakeFiles/__idf_protocomm.dir/proto-c/sec0.pb-c.c.obj
[924/1045] Building C object esp-idf/protocomm/CMakeFiles/__idf_protocomm.dir/src/security/security2.c.obj
[925/1045] Building C object esp-idf/esp_hid/CMakeFiles/__idf_esp_hid.dir/src/esp_hid_common.c.obj
[926/1045] Building C object esp-idf/unity/CMakeFiles/__idf_unity.dir/unity/src/unity.c.obj
[785/935] Building C object esp-idf/protocomm/CMakeFiles/__idf_protocomm.dir/proto-c/session.pb-c.c.obj
[786/935] Building C object esp-idf/protocomm/CMakeFiles/__idf_protocomm.dir/proto-c/sec1.pb-c.c.obj
[927/1045] Linking C static library esp-idf/esp_partition/libesp_partition.a
[787/935] Building C object esp-idf/unity/CMakeFiles/__idf_unity.dir/unity_utils_freertos.c.obj
[824/1047] Building C object esp-idf/mbedtls/mbedtls/library/CMakeFiles/mbedcrypto.dir/rsa.c.obj
NOTICE: Processing 3 dependencies:
NOTICE: [1/3] espressif/cmake_utilities (0.5.3)
NOTICE: [2/3] espressif/elf_loader (1.1.1)
NOTICE: [3/3] idf (6.0.0)
[928/1045] Building C object esp-idf/esp_lcd/CMakeFiles/__idf_esp_lcd.dir/src/esp_lcd_panel_ops.c.obj
[929/1045] Building C object esp-idf/json/CMakeFiles/__idf_json.dir/cJSON/cJSON_Utils.c.obj
[788/935] Building CXX object esp-idf/wear_levelling/CMakeFiles/__idf_wear_levelling.dir/Partition.cpp.obj
[789/935] Building C object esp-idf/protocomm/CMakeFiles/__idf_protocomm.dir/proto-c/sec2.pb-c.c.obj
[930/1045] Building C object esp-idf/esp_hid/CMakeFiles/__idf_esp_hid.dir/src/esp_hidd.c.obj
[790/935] Building C object esp-idf/console/CMakeFiles/__idf_console.dir/argtable3/argtable3.c.obj
[931/1045] Linking C static library esp-idf/app_update/libapp_update.a
[932/1045] Linking C static library esp-idf/esp_bootloader_format/libesp_bootloader_format.a
[791/935] Building C object esp-idf/protocomm/CMakeFiles/__idf_protocomm.dir/src/common/protocomm.c.obj
[792/935] Building C object esp-idf/protocomm/CMakeFiles/__idf_protocomm.dir/src/crypto/srp6a/esp_srp_mpi.c.obj
[793/935] Building CXX object esp-idf/wear_levelling/CMakeFiles/__idf_wear_levelling.dir/crc32.cpp.obj
[794/935] Building C object esp-idf/console/CMakeFiles/__idf_console.dir/linenoise/linenoise.c.obj
[933/1045] Building CXX object esp-idf/wear_levelling/CMakeFiles/__idf_wear_levelling.dir/WL_Flash.cpp.obj
[795/935] Building C object esp-idf/protocomm/CMakeFiles/__idf_protocomm.dir/src/transports/protocomm_console.c.obj
[796/935] Building C object esp-idf/protocomm/CMakeFiles/__idf_protocomm.dir/src/transports/protocomm_httpd.c.obj
[934/1045] Building C object esp-idf/json/CMakeFiles/__idf_json.dir/cJSON/cJSON.c.obj
[797/935] Building C object esp-idf/unity/CMakeFiles/__idf_unity.dir/unity/src/unity.c.obj
[935/1045] Linking C static library esp-idf/esp_app_format/libesp_app_format.a
[798/935] Building C object esp-idf/esp_https_server/CMakeFiles/__idf_esp_https_server.dir/src/https_server.c.obj
[936/1045] Building C object esp-idf/esp_lcd/CMakeFiles/__idf_esp_lcd.dir/src/esp_lcd_panel_io.c.obj
[799/935] Building C object esp-idf/console/CMakeFiles/__idf_console.dir/argtable3/arg_rex.c.obj
[800/935] Building C object esp-idf/app_update/CMakeFiles/__idf_app_update.dir/esp_ota_ops.c.obj
[801/935] Building C object esp-idf/esp_driver_gpio/CMakeFiles/__idf_esp_driver_gpio.dir/src/gpio.c.obj
[937/1045] Building C object esp-idf/esp_lcd/CMakeFiles/__idf_esp_lcd.dir/src/esp_lcd_common.c.obj
[938/1045] Building C object esp-idf/esp_lcd/CMakeFiles/__idf_esp_lcd.dir/src/esp_lcd_panel_st7789.c.obj
[939/1045] Linking C static library esp-idf/xtensa/libxtensa.a
[940/1045] Building C object esp-idf/esp_lcd/CMakeFiles/__idf_esp_lcd.dir/src/esp_lcd_panel_nt35510.c.obj
[941/1045] Building C object esp-idf/esp_lcd/CMakeFiles/__idf_esp_lcd.dir/i2c/esp_lcd_panel_io_i2c_v1.c.obj
-- Project sdkconfig file /home/tikhon/Документы/magnolia/applets/go/sleep/sdkconfig
[942/1045] Building C object esp-idf/esp_lcd/CMakeFiles/__idf_esp_lcd.dir/i2c/esp_lcd_panel_io_i2c_v2.c.obj
[802/935] Building C object esp-idf/app_trace/CMakeFiles/__idf_app_trace.dir/host_file_io.c.obj
[943/1045] Building C object esp-idf/esp_lcd/CMakeFiles/__idf_esp_lcd.dir/src/esp_lcd_panel_ssd1306.c.obj
[803/935] Building C object esp-idf/protocomm/CMakeFiles/__idf_protocomm.dir/src/crypto/srp6a/esp_srp.c.obj
[804/935] Building CXX object esp-idf/wear_levelling/CMakeFiles/__idf_wear_levelling.dir/SPI_Flash.cpp.obj
[805/935] Building CXX object esp-idf/wear_levelling/CMakeFiles/__idf_wear_levelling.dir/WL_Ext_Safe.cpp.obj
[806/935] Building C object esp-idf/app_trace/CMakeFiles/__idf_app_trace.dir/app_trace_util.c.obj
[944/1045] Building C object esp-idf/espcoredump/CMakeFiles/__idf_espcoredump.dir/src/core_dump_init.c.obj
[945/1045] Building C object esp-idf/esp_driver_cam/CMakeFiles/__idf_esp_driver_cam.dir/dvp/src/esp_cam_ctlr_dvp_cam.c.obj
[807/935] Linking C static library esp-idf/esp_driver_gpio/libesp_driver_gpio.a
[808/935] Building CXX object esp-idf/wear_levelling/CMakeFiles/__idf_wear_levelling.dir/wear_levelling.cpp.obj
[946/1045] Linking C static library esp-idf/esp_https_server/libesp_https_server.a
[947/1045] Linking C static library esp-idf/protobuf-c/libprotobuf-c.a
[948/1045] Building C object esp-idf/espcoredump/CMakeFiles/__idf_espcoredump.dir/src/core_dump_common.c.obj
[809/935] Building CXX object esp-idf/wear_levelling/CMakeFiles/__idf_wear_levelling.dir/WL_Ext_Perf.cpp.obj
[949/1045] Linking C static library esp-idf/unity/libunity.a
[950/1045] Building C object esp-idf/espcoredump/CMakeFiles/__idf_espcoredump.dir/src/core_dump_flash.c.obj
[810/935] Building C object esp-idf/app_trace/CMakeFiles/__idf_app_trace.dir/port/port_uart.c.obj
[951/1045] Linking C static library esp-idf/console/libconsole.a
[811/935] Building C object esp-idf/esp_driver_cam/CMakeFiles/__idf_esp_driver_cam.dir/esp_cam_ctlr.c.obj
[952/1045] Building C object esp-idf/esp_lcd/CMakeFiles/__idf_esp_lcd.dir/spi/esp_lcd_panel_io_spi.c.obj
[812/935] Linking C static library esp-idf/esp_security/libesp_security.a
[953/1045] Building C object esp-idf/espcoredump/CMakeFiles/__idf_espcoredump.dir/src/core_dump_uart.c.obj
[954/1045] Building C object esp-idf/espcoredump/CMakeFiles/__idf_espcoredump.dir/src/core_dump_elf.c.obj
[813/935] Building C object esp-idf/esp_driver_cam/CMakeFiles/__idf_esp_driver_cam.dir/dvp_share_ctrl.c.obj
[955/1045] Building C object esp-idf/espcoredump/CMakeFiles/__idf_espcoredump.dir/src/core_dump_sha.c.obj
[956/1045] Building C object esp-idf/espcoredump/CMakeFiles/__idf_espcoredump.dir/src/port/xtensa/core_dump_port.c.obj
[957/1045] Building C object esp-idf/esp_driver_touch_sens/CMakeFiles/__idf_esp_driver_touch_sens.dir/hw_ver2/touch_version_specific.c.obj
[958/1045] Building C object esp-idf/esp_hid/CMakeFiles/__idf_esp_hid.dir/src/esp_hidh.c.obj
[814/935] Building C object esp-idf/cmock/CMakeFiles/__idf_cmock.dir/CMock/src/cmock.c.obj
[959/1045] Building C object esp-idf/esp_eth/CMakeFiles/__idf_esp_eth.dir/src/esp_eth.c.obj
[960/1045] Linking C static library esp-idf/wear_levelling/libwear_levelling.a
[961/1045] Building C object esp-idf/esp_eth/CMakeFiles/__idf_esp_eth.dir/src/phy/esp_eth_phy_802_3.c.obj
[962/1045] Linking C static library esp-idf/protocomm/libprotocomm.a
[815/935] Building C object esp-idf/esp_driver_cam/CMakeFiles/__idf_esp_driver_cam.dir/dvp/src/esp_cam_ctlr_dvp_gdma.c.obj
[963/1045] Building C object esp-idf/esp_driver_touch_sens/CMakeFiles/__idf_esp_driver_touch_sens.dir/common/touch_sens_common.c.obj
[816/935] Linking C static library esp-idf/efuse/libefuse.a
-- Project sdkconfig file /home/tikhon/Документы/magnolia/applets/go/gotest/sdkconfig
[825/1047] Building C object esp-idf/mbedtls/mbedtls/library/CMakeFiles/mbedcrypto.dir/psa_crypto.c.obj
[964/1045] Building C object esp-idf/fatfs/CMakeFiles/__idf_fatfs.dir/port/freertos/ffsystem.c.obj
[965/1045] Linking C static library esp-idf/json/libjson.a
[817/935] Building C object esp-idf/app_trace/CMakeFiles/__idf_app_trace.dir/app_trace.c.obj
[966/1045] Building C object esp-idf/esp_local_ctrl/CMakeFiles/__idf_esp_local_ctrl.dir/src/esp_local_ctrl_transport_httpd.c.obj
[818/935] Linking C static library esp-idf/esp_partition/libesp_partition.a
[967/1045] Building C object esp-idf/esp_local_ctrl/CMakeFiles/__idf_esp_local_ctrl.dir/src/esp_local_ctrl_handler.c.obj
[819/935] Building C object esp-idf/json/CMakeFiles/__idf_json.dir/cJSON/cJSON_Utils.c.obj
[968/1045] Building C object esp-idf/fatfs/CMakeFiles/__idf_fatfs.dir/diskio/diskio.c.obj
[820/935] Linking C static library esp-idf/app_update/libapp_update.a
[821/935] Building C object esp-idf/protocomm/CMakeFiles/__idf_protocomm.dir/src/security/security2.c.obj
[822/935] Building C object esp-idf/esp_hid/CMakeFiles/__idf_esp_hid.dir/src/esp_hidd.c.obj
[969/1045] Building C object esp-idf/fatfs/CMakeFiles/__idf_fatfs.dir/diskio/diskio_wl.c.obj
[823/935] Linking C static library esp-idf/esp_bootloader_format/libesp_bootloader_format.a
[970/1045] Building C object esp-idf/fatfs/CMakeFiles/__idf_fatfs.dir/src/ffunicode.c.obj
[971/1045] Building C object esp-idf/esp_local_ctrl/CMakeFiles/__idf_esp_local_ctrl.dir/proto-c/esp_local_ctrl.pb-c.c.obj
-- Project sdkconfig file /home/tikhon/Документы/magnolia/applets/mainline/xxd/sdkconfig
[972/1045] Building C object esp-idf/esp_local_ctrl/CMakeFiles/__idf_esp_local_ctrl.dir/src/esp_local_ctrl.c.obj
-- Project sdkconfig file /home/tikhon/Документы/magnolia/applets/go/goargs/sdkconfig
[973/1045] Building C object esp-idf/fatfs/CMakeFiles/__idf_fatfs.dir/diskio/diskio_rawflash.c.obj
[824/935] Linking C static library esp-idf/esp_app_format/libesp_app_format.a
[825/935] Building C object esp-idf/esp_eth/CMakeFiles/__idf_esp_eth.dir/src/phy/esp_eth_phy_802_3.c.obj
[974/1045] Building C object esp-idf/perfmon/CMakeFiles/__idf_perfmon.dir/xtensa_perfmon_masks.c.obj
[826/935] Building C object esp-idf/esp_lcd/CMakeFiles/__idf_esp_lcd.dir/src/esp_lcd_common.c.obj
[827/935] Building C object esp-idf/esp_lcd/CMakeFiles/__idf_esp_lcd.dir/src/esp_lcd_panel_io.c.obj
[828/935] Building C object esp-idf/esp_eth/CMakeFiles/__idf_esp_eth.dir/src/esp_eth_netif_glue.c.obj
[829/935] Building C object esp-idf/esp_hid/CMakeFiles/__idf_esp_hid.dir/src/esp_hidh.c.obj
[975/1045] Building C object esp-idf/perfmon/CMakeFiles/__idf_perfmon.dir/xtensa_perfmon_access.c.obj
-- ESP-TEE is currently supported only on the esp32c6;esp32h2;esp32c5 SoCs
[830/935] Linking C static library esp-idf/xtensa/libxtensa.a
[976/1045] Building C object esp-idf/nvs_sec_provider/CMakeFiles/__idf_nvs_sec_provider.dir/nvs_sec_provider.c.obj
[977/1045] Building C object esp-idf/perfmon/CMakeFiles/__idf_perfmon.dir/xtensa_perfmon_apis.c.obj
[978/1045] Building C object esp-idf/fatfs/CMakeFiles/__idf_fatfs.dir/diskio/diskio_sdmmc.c.obj
[831/935] Building C object esp-idf/esp_hid/CMakeFiles/__idf_esp_hid.dir/src/esp_hid_common.c.obj
[979/1045] Building C object esp-idf/mqtt/CMakeFiles/__idf_mqtt.dir/esp-mqtt/lib/platform_esp32_idf.c.obj
[832/935] Building C object esp-idf/esp_lcd/CMakeFiles/__idf_esp_lcd.dir/src/esp_lcd_panel_ssd1306.c.obj
-- Project sdkconfig file /home/tikhon/Документы/magnolia/applets/go/pwd/sdkconfig
-- Project sdkconfig file /home/tikhon/Документы/magnolia/applets/go/godd/sdkconfig
[980/1045] Building C object esp-idf/mqtt/CMakeFiles/__idf_mqtt.dir/esp-mqtt/lib/mqtt_outbox.c.obj
[826/1047] Linking CXX static library esp-idf/mbedtls/mbedtls/library/libmbedcrypto.a
[833/935] Linking C static library esp-idf/esp_https_server/libesp_https_server.a
[834/935] Building C object esp-idf/esp_driver_touch_sens/CMakeFiles/__idf_esp_driver_touch_sens.dir/common/touch_sens_common.c.obj
[835/935] Building C object esp-idf/esp_lcd/CMakeFiles/__idf_esp_lcd.dir/src/esp_lcd_panel_ops.c.obj
[981/1045] Building C object esp-idf/esp_lcd/CMakeFiles/__idf_esp_lcd.dir/i80/esp_lcd_panel_io_i80.c.obj
[836/935] Linking C static library esp-idf/console/libconsole.a
[837/935] Linking C static library esp-idf/unity/libunity.a
[982/1045] Building C object esp-idf/spiffs/CMakeFiles/__idf_spiffs.dir/spiffs_api.c.obj
[838/935] Building C object esp-idf/esp_driver_touch_sens/CMakeFiles/__idf_esp_driver_touch_sens.dir/hw_ver2/touch_version_specific.c.obj
[827/1047] Linking CXX static library esp-idf/mbedtls/mbedtls/3rdparty/p256-m/libp256m.a
[839/935] Building C object esp-idf/esp_lcd/CMakeFiles/__idf_esp_lcd.dir/src/esp_lcd_panel_nt35510.c.obj
[983/1045] Building C object esp-idf/fatfs/CMakeFiles/__idf_fatfs.dir/vfs/vfs_fat_spiflash.c.obj
[840/935] Building C object esp-idf/esp_lcd/CMakeFiles/__idf_esp_lcd.dir/i2c/esp_lcd_panel_io_i2c_v2.c.obj
[984/1045] Building C object esp-idf/rt/CMakeFiles/__idf_rt.dir/FreeRTOS_POSIX_utils.c.obj
[841/935] Building C object esp-idf/esp_driver_cam/CMakeFiles/__idf_esp_driver_cam.dir/dvp/src/esp_cam_ctlr_dvp_cam.c.obj
[985/1045] Building C object esp-idf/spiffs/CMakeFiles/__idf_spiffs.dir/spiffs/src/spiffs_cache.c.obj
-- Minimal build - OFF
[842/935] Building C object esp-idf/espcoredump/CMakeFiles/__idf_espcoredump.dir/src/core_dump_init.c.obj
[828/1047] Linking CXX static library esp-idf/mbedtls/mbedtls/3rdparty/everest/libeverest.a
[843/935] Building C object esp-idf/espcoredump/CMakeFiles/__idf_espcoredump.dir/src/core_dump_common.c.obj
[844/935] Building C object esp-idf/espcoredump/CMakeFiles/__idf_espcoredump.dir/src/core_dump_flash.c.obj
-- Project sdkconfig file /home/tikhon/Документы/magnolia/applets/go/gohello/sdkconfig
[986/1045] Building C object esp-idf/mqtt/CMakeFiles/__idf_mqtt.dir/esp-mqtt/lib/mqtt_msg.c.obj
[845/935] Building C object esp-idf/espcoredump/CMakeFiles/__idf_espcoredump.dir/src/core_dump_uart.c.obj
[846/935] Building C object esp-idf/espcoredump/CMakeFiles/__idf_espcoredump.dir/src/core_dump_elf.c.obj
[847/935] Building C object esp-idf/espcoredump/CMakeFiles/__idf_espcoredump.dir/src/core_dump_sha.c.obj
[987/1045] Building C object esp-idf/fatfs/CMakeFiles/__idf_fatfs.dir/vfs/vfs_fat_sdmmc.c.obj
[848/935] Building C object esp-idf/espcoredump/CMakeFiles/__idf_espcoredump.dir/src/port/xtensa/core_dump_port.c.obj
[849/935] Building CXX object esp-idf/wear_levelling/CMakeFiles/__idf_wear_levelling.dir/WL_Flash.cpp.obj
[850/935] Building C object esp-idf/esp_lcd/CMakeFiles/__idf_esp_lcd.dir/spi/esp_lcd_panel_io_spi.c.obj
[851/935] Building C object esp-idf/esp_lcd/CMakeFiles/__idf_esp_lcd.dir/i2c/esp_lcd_panel_io_i2c_v1.c.obj
-- The C compiler identification is GNU 15.1.0
[988/1045] Building C object esp-idf/spiffs/CMakeFiles/__idf_spiffs.dir/spiffs/src/spiffs_gc.c.obj
[852/935] Building C object esp-idf/esp_lcd/CMakeFiles/__idf_esp_lcd.dir/src/esp_lcd_panel_st7789.c.obj
[853/935] Linking C static library esp-idf/wear_levelling/libwear_levelling.a
[854/935] Building C object esp-idf/esp_eth/CMakeFiles/__idf_esp_eth.dir/src/esp_eth.c.obj
[855/935] Building C object esp-idf/esp_local_ctrl/CMakeFiles/__idf_esp_local_ctrl.dir/src/esp_local_ctrl_transport_httpd.c.obj
[989/1045] Building C object esp-idf/rt/CMakeFiles/__idf_rt.dir/FreeRTOS_POSIX_mqueue.c.obj
[856/935] Building C object esp-idf/fatfs/CMakeFiles/__idf_fatfs.dir/src/ffunicode.c.obj
[857/935] Building C object esp-idf/fatfs/CMakeFiles/__idf_fatfs.dir/diskio/diskio.c.obj
[990/1045] Building C object esp-idf/usb/CMakeFiles/__idf_usb.dir/hub.c.obj
[858/935] Building C object esp-idf/esp_local_ctrl/CMakeFiles/__idf_esp_local_ctrl.dir/src/esp_local_ctrl_handler.c.obj
[859/935] Building C object esp-idf/fatfs/CMakeFiles/__idf_fatfs.dir/port/freertos/ffsystem.c.obj
[860/935] Building C object esp-idf/esp_local_ctrl/CMakeFiles/__idf_esp_local_ctrl.dir/proto-c/esp_local_ctrl.pb-c.c.obj
[861/935] Building C object esp-idf/esp_local_ctrl/CMakeFiles/__idf_esp_local_ctrl.dir/src/esp_local_ctrl.c.obj
[862/935] Building C object esp-idf/protobuf-c/CMakeFiles/__idf_protobuf-c.dir/protobuf-c/protobuf-c/protobuf-c.c.obj
-- The CXX compiler identification is GNU 15.1.0
[863/935] Building C object esp-idf/json/CMakeFiles/__idf_json.dir/cJSON/cJSON.c.obj
[864/935] Building C object esp-idf/fatfs/CMakeFiles/__idf_fatfs.dir/diskio/diskio_wl.c.obj
[991/1045] Building C object esp-idf/usb/CMakeFiles/__idf_usb.dir/usb_private.c.obj
[865/935] Building C object esp-idf/fatfs/CMakeFiles/__idf_fatfs.dir/diskio/diskio_rawflash.c.obj
[992/1045] Building C object esp-idf/spiffs/CMakeFiles/__idf_spiffs.dir/spiffs/src/spiffs_hydrogen.c.obj
[866/935] Linking C static library esp-idf/protobuf-c/libprotobuf-c.a
-- The ASM compiler identification is GNU
-- Found assembler: /home/tikhon/.espressif/tools/xtensa-esp-elf/esp-15.1.0_20250607/xtensa-esp-elf/bin/xtensa-esp32s3-elf-gcc
[993/1045] Building C object esp-idf/usb/CMakeFiles/__idf_usb.dir/usb_helpers.c.obj
[994/1045] Building C object esp-idf/touch_element/CMakeFiles/__idf_touch_element.dir/touch_button.c.obj
[995/1045] Building C object esp-idf/esp_lcd/CMakeFiles/__idf_esp_lcd.dir/rgb/esp_lcd_panel_rgb.c.obj
[867/935] Linking C static library esp-idf/json/libjson.a
[996/1045] Building C object esp-idf/spiffs/CMakeFiles/__idf_spiffs.dir/spiffs/src/spiffs_check.c.obj
[868/935] Building C object esp-idf/perfmon/CMakeFiles/__idf_perfmon.dir/xtensa_perfmon_masks.c.obj
[869/935] Building C object esp-idf/fatfs/CMakeFiles/__idf_fatfs.dir/diskio/diskio_sdmmc.c.obj
-- Detecting C compiler ABI info
[870/935] Linking C static library esp-idf/protocomm/libprotocomm.a
[871/935] Building C object esp-idf/perfmon/CMakeFiles/__idf_perfmon.dir/xtensa_perfmon_apis.c.obj
[829/1047] Generating x509_crt_bundle
[997/1045] Building C object esp-idf/fatfs/CMakeFiles/__idf_fatfs.dir/vfs/vfs_fat.c.obj
[872/935] Building C object esp-idf/perfmon/CMakeFiles/__idf_perfmon.dir/xtensa_perfmon_access.c.obj
[873/935] Building C object esp-idf/mqtt/CMakeFiles/__idf_mqtt.dir/esp-mqtt/lib/platform_esp32_idf.c.obj
[874/935] Building C object esp-idf/esp_lcd/CMakeFiles/__idf_esp_lcd.dir/i80/esp_lcd_panel_io_i80.c.obj
[875/935] Building C object esp-idf/fatfs/CMakeFiles/__idf_fatfs.dir/vfs/vfs_fat_sdmmc.c.obj
[998/1045] Building C object esp-idf/usb/CMakeFiles/__idf_usb.dir/enum.c.obj
[876/935] Building C object esp-idf/nvs_sec_provider/CMakeFiles/__idf_nvs_sec_provider.dir/nvs_sec_provider.c.obj
[999/1045] Building C object esp-idf/touch_element/CMakeFiles/__idf_touch_element.dir/touch_matrix.c.obj
[1000/1045] Building C object esp-idf/spiffs/CMakeFiles/__idf_spiffs.dir/esp_spiffs.c.obj
[1001/1045] Building C object esp-idf/touch_element/CMakeFiles/__idf_touch_element.dir/touch_slider.c.obj
[1002/1045] Building C object esp-idf/wifi_provisioning/CMakeFiles/__idf_wifi_provisioning.dir/src/wifi_ctrl.c.obj
-- Project sdkconfig file /home/tikhon/Документы/magnolia/applets/go/false/sdkconfig
[877/935] Building C object esp-idf/mqtt/CMakeFiles/__idf_mqtt.dir/esp-mqtt/lib/mqtt_outbox.c.obj
-- Detecting C compiler ABI info - done
[1003/1045] Building C object esp-idf/wifi_provisioning/CMakeFiles/__idf_wifi_provisioning.dir/src/scheme_console.c.obj
[1004/1045] Building C object esp-idf/wifi_provisioning/CMakeFiles/__idf_wifi_provisioning.dir/src/handlers.c.obj
-- Check for working C compiler: /home/tikhon/.espressif/tools/xtensa-esp-elf/esp-15.1.0_20250607/xtensa-esp-elf/bin/xtensa-esp32s3-elf-gcc - skipped
-- Detecting C compile features
-- Detecting C compile features - done
[830/1047] Generating ../../x509_crt_bundle.S
[1005/1045] Building C object esp-idf/fatfs/CMakeFiles/__idf_fatfs.dir/src/ff.c.obj
[878/935] Building C object esp-idf/spiffs/CMakeFiles/__idf_spiffs.dir/spiffs_api.c.obj
[1006/1045] Building C object esp-idf/wifi_provisioning/CMakeFiles/__idf_wifi_provisioning.dir/src/wifi_config.c.obj
-- Detecting CXX compiler ABI info
[879/935] Building C object esp-idf/fatfs/CMakeFiles/__idf_fatfs.dir/vfs/vfs_fat_spiflash.c.obj
[880/935] Building C object esp-idf/touch_element/CMakeFiles/__idf_touch_element.dir/touch_button.c.obj
[1007/1045] Building C object esp-idf/wifi_provisioning/CMakeFiles/__idf_wifi_provisioning.dir/proto-c/wifi_constants.pb-c.c.obj
[881/935] Building C object esp-idf/mqtt/CMakeFiles/__idf_mqtt.dir/esp-mqtt/lib/mqtt_msg.c.obj
[1008/1045] Building C object esp-idf/touch_element/CMakeFiles/__idf_touch_element.dir/touch_element.c.obj
[882/935] Building C object esp-idf/rt/CMakeFiles/__idf_rt.dir/FreeRTOS_POSIX_utils.c.obj
[1009/1045] Linking C static library esp-idf/app_trace/libapp_trace.a
[883/935] Building C object esp-idf/spiffs/CMakeFiles/__idf_spiffs.dir/spiffs/src/spiffs_cache.c.obj
[1010/1045] Building C object esp-idf/wifi_provisioning/CMakeFiles/__idf_wifi_provisioning.dir/src/wifi_scan.c.obj
[1011/1045] Building C object esp-idf/wifi_provisioning/CMakeFiles/__idf_wifi_provisioning.dir/proto-c/wifi_config.pb-c.c.obj
[831/1047] Building ASM object esp-idf/mbedtls/CMakeFiles/__idf_mbedtls.dir/__/__/x509_crt_bundle.S.obj
[1012/1045] Building C object esp-idf/espressif__elf_loader/CMakeFiles/__idf_espressif__elf_loader.dir/src/esp_elf_adapter.c.obj
[1013/1045] Linking C static library esp-idf/cmock/libcmock.a
[884/935] Building C object esp-idf/fatfs/CMakeFiles/__idf_fatfs.dir/vfs/vfs_fat.c.obj
[885/935] Building C object esp-idf/rt/CMakeFiles/__idf_rt.dir/FreeRTOS_POSIX_mqueue.c.obj
[1014/1045] Linking C static library esp-idf/esp_driver_touch_sens/libesp_driver_touch_sens.a
[1015/1045] Linking C static library esp-idf/esp_driver_cam/libesp_driver_cam.a
[832/1047] Building C object esp-idf/esp_security/CMakeFiles/__idf_esp_security.dir/src/esp_hmac.c.obj
[1016/1045] Linking C static library esp-idf/esp_local_ctrl/libesp_local_ctrl.a
[1017/1045] Linking C static library esp-idf/esp_eth/libesp_eth.a
[1018/1045] Linking C static library esp-idf/esp_hid/libesp_hid.a
[886/935] Building C object esp-idf/spiffs/CMakeFiles/__idf_spiffs.dir/spiffs/src/spiffs_gc.c.obj
[833/1047] Building C object esp-idf/esp_security/CMakeFiles/__idf_esp_security.dir/src/esp_crypto_lock.c.obj
[1019/1045] Linking C static library esp-idf/esp_lcd/libesp_lcd.a
[1020/1045] Linking C static library esp-idf/espcoredump/libespcoredump.a
-- Project sdkconfig file /home/tikhon/Документы/magnolia/applets/go/goxxd/sdkconfig
[1021/1045] Building C object esp-idf/espressif__elf_loader/CMakeFiles/__idf_espressif__elf_loader.dir/src/arch/esp_elf_xtensa.c.obj
[1022/1045] Building C object esp-idf/wifi_provisioning/CMakeFiles/__idf_wifi_provisioning.dir/proto-c/wifi_ctrl.pb-c.c.obj
[834/1047] Building C object esp-idf/esp_pm/CMakeFiles/__idf_esp_pm.dir/pm_trace.c.obj
-- Compiler supported targets: xtensa-esp-elf
[1023/1045] Linking C static library esp-idf/fatfs/libfatfs.a
[835/1047] Building C object esp-idf/esp_pm/CMakeFiles/__idf_esp_pm.dir/pm_locks.c.obj
-- Detecting CXX compiler ABI info - done
[1024/1045] Building C object esp-idf/espressif__elf_loader/CMakeFiles/__idf_espressif__elf_loader.dir/src/esp_elf.c.obj
[1025/1045] Linking C static library esp-idf/nvs_sec_provider/libnvs_sec_provider.a
[1026/1045] Linking C static library esp-idf/rt/librt.a
[1027/1045] Building C object esp-idf/wifi_provisioning/CMakeFiles/__idf_wifi_provisioning.dir/src/scheme_softap.c.obj
[1028/1045] Linking C static library esp-idf/touch_element/libtouch_element.a
[1029/1045] Linking C static library esp-idf/perfmon/libperfmon.a
[836/1047] Building C object esp-idf/esp_driver_gpio/CMakeFiles/__idf_esp_driver_gpio.dir/src/gpio_glitch_filter_ops.c.obj
[1030/1045] Building C object esp-idf/wifi_provisioning/CMakeFiles/__idf_wifi_provisioning.dir/proto-c/wifi_scan.pb-c.c.obj
[837/1047] Building C object esp-idf/esp_security/CMakeFiles/__idf_esp_security.dir/src/init.c.obj
[838/1047] Building C object esp-idf/efuse/CMakeFiles/__idf_efuse.dir/esp32s3/esp_efuse_fields.c.obj
[887/935] Building C object esp-idf/usb/CMakeFiles/__idf_usb.dir/usb_private.c.obj
-- Check for working CXX compiler: /home/tikhon/.espressif/tools/xtensa-esp-elf/esp-15.1.0_20250607/xtensa-esp-elf/bin/xtensa-esp32s3-elf-g++ - skipped
-- Detecting CXX compile features
-- Detecting CXX compile features - done
[888/935] Building C object esp-idf/touch_element/CMakeFiles/__idf_touch_element.dir/touch_matrix.c.obj
[1031/1045] Building C object esp-idf/espressif__elf_loader/CMakeFiles/__idf_espressif__elf_loader.dir/src/esp_elf_symbol.c.obj
[839/1047] Building C object esp-idf/efuse/CMakeFiles/__idf_efuse.dir/esp32s3/esp_efuse_rtc_calib.c.obj
[1032/1045] Building C object esp-idf/mqtt/CMakeFiles/__idf_mqtt.dir/esp-mqtt/mqtt_client.c.obj
[840/1047] Building C object esp-idf/esp_security/CMakeFiles/__idf_esp_security.dir/src/esp_crypto_periph_clk.c.obj
[1033/1045] Building C object esp-idf/spiffs/CMakeFiles/__idf_spiffs.dir/spiffs/src/spiffs_nucleus.c.obj
[841/1047] Building C object esp-idf/efuse/CMakeFiles/__idf_efuse.dir/esp32s3/esp_efuse_table.c.obj
[842/1047] Building C object esp-idf/efuse/CMakeFiles/__idf_efuse.dir/src/esp_efuse_startup.c.obj
[1034/1045] Linking C static library esp-idf/espressif__elf_loader/libespressif__elf_loader.a
-- Building ESP-IDF components for target esp32s3
[1035/1045] Building C object esp-idf/usb/CMakeFiles/__idf_usb.dir/hcd_dwc.c.obj
-- Project sdkconfig file /home/tikhon/Документы/magnolia/applets/go/gohexdump/sdkconfig
[889/935] Building C object esp-idf/wifi_provisioning/CMakeFiles/__idf_wifi_provisioning.dir/src/wifi_config.c.obj
[843/1047] Building C object esp-idf/esp_security/CMakeFiles/__idf_esp_security.dir/src/esp_ds.c.obj
[1036/1045] Linking C static library esp-idf/mqtt/libmqtt.a
[1037/1045] Linking C static library esp-idf/spiffs/libspiffs.a
[844/1047] Building C object esp-idf/efuse/CMakeFiles/__idf_efuse.dir/esp32s3/esp_efuse_utility.c.obj
[845/1047] Building C object esp-idf/efuse/CMakeFiles/__idf_efuse.dir/src/esp_efuse_fields.c.obj
[846/1047] Building C object esp-idf/esp_partition/CMakeFiles/__idf_esp_partition.dir/partition_target.c.obj
[890/935] Building C object esp-idf/esp_lcd/CMakeFiles/__idf_esp_lcd.dir/rgb/esp_lcd_panel_rgb.c.obj
[891/935] Building C object esp-idf/mqtt/CMakeFiles/__idf_mqtt.dir/esp-mqtt/mqtt_client.c.obj
[847/1047] Building C object esp-idf/esp_app_format/CMakeFiles/__idf_esp_app_format.dir/esp_app_desc.c.obj
[892/935] Building C object esp-idf/usb/CMakeFiles/__idf_usb.dir/usb_helpers.c.obj
[848/1047] Building C object esp-idf/xtensa/CMakeFiles/__idf_xtensa.dir/eri.c.obj
[849/1047] Building C object esp-idf/efuse/CMakeFiles/__idf_efuse.dir/src/esp_efuse_api.c.obj
[850/1047] Building C object esp-idf/app_update/CMakeFiles/__idf_app_update.dir/esp_ota_app_desc.c.obj
[851/1047] Building C object esp-idf/esp_driver_gpio/CMakeFiles/__idf_esp_driver_gpio.dir/src/gpio_pin_glitch_filter.c.obj
[852/1047] Building C object esp-idf/esp_bootloader_format/CMakeFiles/__idf_esp_bootloader_format.dir/esp_bootloader_desc.c.obj
[853/1047] Building ASM object esp-idf/xtensa/CMakeFiles/__idf_xtensa.dir/xtensa_intr_asm.S.obj
[893/935] Building C object esp-idf/touch_element/CMakeFiles/__idf_touch_element.dir/touch_element.c.obj
[854/1047] Building ASM object esp-idf/xtensa/CMakeFiles/__idf_xtensa.dir/xtensa_context.S.obj
[894/935] Building C object esp-idf/spiffs/CMakeFiles/__idf_spiffs.dir/spiffs/src/spiffs_check.c.obj
[855/1047] Building C object esp-idf/esp_pm/CMakeFiles/__idf_esp_pm.dir/pm_impl.c.obj
[895/935] Building C object esp-idf/wifi_provisioning/CMakeFiles/__idf_wifi_provisioning.dir/src/wifi_ctrl.c.obj
[856/1047] Building C object esp-idf/mbedtls/CMakeFiles/__idf_mbedtls.dir/esp_crt_bundle/esp_crt_bundle.c.obj
[857/1047] Building ASM object esp-idf/xtensa/CMakeFiles/__idf_xtensa.dir/xtensa_vectors.S.obj
[858/1047] Building C object esp-idf/esp_driver_gpio/CMakeFiles/__idf_esp_driver_gpio.dir/src/dedic_gpio.c.obj
[859/1047] Building C object esp-idf/xtensa/CMakeFiles/__idf_xtensa.dir/xt_trax.c.obj
[1038/1045] Building C object esp-idf/usb/CMakeFiles/__idf_usb.dir/usbh.c.obj
Loading defaults file /home/tikhon/Документы/magnolia/applets/go/gohello/sdkconfig.defaults...
[860/1047] Building C object esp-idf/esp_partition/CMakeFiles/__idf_esp_partition.dir/partition.c.obj
[1039/1045] Building C object esp-idf/usb/CMakeFiles/__idf_usb.dir/usb_host.c.obj
[896/935] Building C object esp-idf/usb/CMakeFiles/__idf_usb.dir/hub.c.obj
[861/1047] Linking C static library esp-idf/mbedtls/libmbedtls.a
[862/1047] Building C object esp-idf/xtensa/CMakeFiles/__idf_xtensa.dir/xtensa_intr.c.obj
[863/1047] Building C object esp-idf/efuse/CMakeFiles/__idf_efuse.dir/src/esp_efuse_utility.c.obj
[864/1047] Building C object esp-idf/console/CMakeFiles/__idf_console.dir/argtable3/arg_dbl.c.obj
[897/935] Building C object esp-idf/wifi_provisioning/CMakeFiles/__idf_wifi_provisioning.dir/proto-c/wifi_config.pb-c.c.obj
[1040/1045] Building C object esp-idf/main/CMakeFiles/__idf_main.dir/main.c.obj
[898/935] Building C object esp-idf/usb/CMakeFiles/__idf_usb.dir/enum.c.obj
-- Compiler supported targets: xtensa-esp-elf
[865/1047] Linking C static library esp-idf/esp_pm/libesp_pm.a
[899/935] Building C object esp-idf/touch_element/CMakeFiles/__idf_touch_element.dir/touch_slider.c.obj
[1041/1045] Linking C static library esp-idf/usb/libusb.a
[866/1047] Building C object esp-idf/efuse/CMakeFiles/__idf_efuse.dir/src/efuse_controller/keys/with_key_purposes/esp_efuse_api_key.c.obj
[867/1047] Building C object esp-idf/console/CMakeFiles/__idf_console.dir/split_argv.c.obj
[900/935] Linking C static library esp-idf/cmock/libcmock.a
[901/935] Building C object esp-idf/wifi_provisioning/CMakeFiles/__idf_wifi_provisioning.dir/proto-c/wifi_constants.pb-c.c.obj
[868/1047] Building C object esp-idf/console/CMakeFiles/__idf_console.dir/esp_console_repl_internal.c.obj
[902/935] Linking C static library esp-idf/app_trace/libapp_trace.a
[903/935] Building C object esp-idf/fatfs/CMakeFiles/__idf_fatfs.dir/src/ff.c.obj
[904/935] Building C object esp-idf/wifi_provisioning/CMakeFiles/__idf_wifi_provisioning.dir/src/scheme_console.c.obj
[869/1047] Building C object esp-idf/console/CMakeFiles/__idf_console.dir/commands.c.obj
[870/1047] Building C object esp-idf/console/CMakeFiles/__idf_console.dir/argtable3/arg_dstr.c.obj
[905/935] Linking C static library esp-idf/esp_driver_cam/libesp_driver_cam.a
[906/935] Building C object esp-idf/spiffs/CMakeFiles/__idf_spiffs.dir/spiffs/src/spiffs_hydrogen.c.obj
[871/1047] Building C object esp-idf/console/CMakeFiles/__idf_console.dir/argtable3/arg_lit.c.obj
[907/935] Building C object esp-idf/wifi_provisioning/CMakeFiles/__idf_wifi_provisioning.dir/proto-c/wifi_ctrl.pb-c.c.obj
[872/1047] Building C object esp-idf/esp_driver_gpio/CMakeFiles/__idf_esp_driver_gpio.dir/src/rtc_io.c.obj
[908/935] Linking C static library esp-idf/esp_eth/libesp_eth.a
[873/1047] Building C object esp-idf/console/CMakeFiles/__idf_console.dir/argtable3/arg_hashtable.c.obj
[874/1047] Building C object esp-idf/console/CMakeFiles/__idf_console.dir/argtable3/arg_end.c.obj
[875/1047] Building C object esp-idf/console/CMakeFiles/__idf_console.dir/argtable3/arg_file.c.obj
[909/935] Linking C static library esp-idf/esp_local_ctrl/libesp_local_ctrl.a
[910/935] Linking C static library esp-idf/esp_driver_touch_sens/libesp_driver_touch_sens.a
[911/935] Linking C static library esp-idf/esp_hid/libesp_hid.a
[912/935] Building C object esp-idf/wifi_provisioning/CMakeFiles/__idf_wifi_provisioning.dir/src/wifi_scan.c.obj
[913/935] Linking C static library esp-idf/espcoredump/libespcoredump.a
[876/1047] Building C object esp-idf/console/CMakeFiles/__idf_console.dir/esp_console_repl_chip.c.obj
[877/1047] Building C object esp-idf/console/CMakeFiles/__idf_console.dir/argtable3/arg_rem.c.obj
[914/935] Building C object esp-idf/wifi_provisioning/CMakeFiles/__idf_wifi_provisioning.dir/proto-c/wifi_scan.pb-c.c.obj
[915/935] Building C object esp-idf/spiffs/CMakeFiles/__idf_spiffs.dir/esp_spiffs.c.obj
[916/935] Linking C static library esp-idf/esp_lcd/libesp_lcd.a
[917/935] Linking C static library esp-idf/fatfs/libfatfs.a
[918/935] Linking C static library esp-idf/perfmon/libperfmon.a
[919/935] Linking C static library esp-idf/rt/librt.a
[920/935] Linking C static library esp-idf/touch_element/libtouch_element.a
[878/1047] Building C object esp-idf/console/CMakeFiles/__idf_console.dir/argtable3/arg_cmd.c.obj
[921/935] Building C object esp-idf/wifi_provisioning/CMakeFiles/__idf_wifi_provisioning.dir/src/manager.c.obj
[922/935] Linking C static library esp-idf/mqtt/libmqtt.a
[923/935] Building C object esp-idf/wifi_provisioning/CMakeFiles/__idf_wifi_provisioning.dir/src/handlers.c.obj
[879/1047] Building C object esp-idf/console/CMakeFiles/__idf_console.dir/esp_console_common.c.obj
[924/935] Linking C static library esp-idf/nvs_sec_provider/libnvs_sec_provider.a
-- App "echo" version: 96a69bd-dirty
[880/1047] Building C object esp-idf/console/CMakeFiles/__idf_console.dir/argtable3/arg_str.c.obj
[925/935] Building C object esp-idf/wifi_provisioning/CMakeFiles/__idf_wifi_provisioning.dir/src/scheme_softap.c.obj
[881/1047] Building C object esp-idf/console/CMakeFiles/__idf_console.dir/argtable3/arg_date.c.obj
[926/935] Building C object esp-idf/usb/CMakeFiles/__idf_usb.dir/usbh.c.obj
[882/1047] Building C object esp-idf/unity/CMakeFiles/__idf_unity.dir/unity_utils_cache.c.obj
[883/1047] Building C object esp-idf/unity/CMakeFiles/__idf_unity.dir/unity_compat.c.obj
[884/1047] Building C object esp-idf/console/CMakeFiles/__idf_console.dir/argtable3/arg_int.c.obj
-- Compiler supported targets: xtensa-esp-elf
[885/1047] Building C object esp-idf/unity/CMakeFiles/__idf_unity.dir/unity_utils_memory.c.obj
[886/1047] Building C object esp-idf/console/CMakeFiles/__idf_console.dir/argtable3/arg_utils.c.obj
[887/1047] Building C object esp-idf/unity/CMakeFiles/__idf_unity.dir/unity_runner.c.obj
[927/935] Linking C static library esp-idf/wifi_provisioning/libwifi_provisioning.a
-- App "sleep" version: 96a69bd-dirty
[888/1047] Building C object esp-idf/unity/CMakeFiles/__idf_unity.dir/unity_port_esp32.c.obj
[889/1047] Building C object esp-idf/protocomm/CMakeFiles/__idf_protocomm.dir/proto-c/constants.pb-c.c.obj
[1042/1045] Building C object esp-idf/wifi_provisioning/CMakeFiles/__idf_wifi_provisioning.dir/src/manager.c.obj
[890/1047] Building C object esp-idf/unity/CMakeFiles/__idf_unity.dir/port/esp/unity_utils_memory_esp.c.obj
[891/1047] Building C object esp-idf/unity/CMakeFiles/__idf_unity.dir/unity_utils_freertos.c.obj
[928/935] Building C object esp-idf/usb/CMakeFiles/__idf_usb.dir/usb_host.c.obj
[892/1047] Building C object esp-idf/protocomm/CMakeFiles/__idf_protocomm.dir/proto-c/sec0.pb-c.c.obj
[893/1047] Building C object esp-idf/protocomm/CMakeFiles/__idf_protocomm.dir/proto-c/sec2.pb-c.c.obj
-- Compiler supported targets: xtensa-esp-elf
[894/1047] Building C object esp-idf/protocomm/CMakeFiles/__idf_protocomm.dir/proto-c/session.pb-c.c.obj
[895/1047] Building C object esp-idf/console/CMakeFiles/__idf_console.dir/argtable3/arg_rex.c.obj
[1043/1045] Linking C static library esp-idf/wifi_provisioning/libwifi_provisioning.a
[896/1047] Building C object esp-idf/protocomm/CMakeFiles/__idf_protocomm.dir/src/common/protocomm.c.obj
-- Compiler supported targets: xtensa-esp-elf
[1044/1045] Linking C static library esp-idf/main/libmain.a
[897/1047] Building C object esp-idf/protocomm/CMakeFiles/__idf_protocomm.dir/proto-c/sec1.pb-c.c.obj
[898/1047] Building C object esp-idf/esp_https_server/CMakeFiles/__idf_esp_https_server.dir/src/https_server.c.obj
[899/1047] Building C object esp-idf/protocomm/CMakeFiles/__idf_protocomm.dir/src/transports/protocomm_console.c.obj
[900/1047] Building C object esp-idf/console/CMakeFiles/__idf_console.dir/argtable3/argtable3.c.obj
[901/1047] Building C object esp-idf/protocomm/CMakeFiles/__idf_protocomm.dir/src/crypto/srp6a/esp_srp_mpi.c.obj
[902/1047] Building C object esp-idf/app_update/CMakeFiles/__idf_app_update.dir/esp_ota_ops.c.obj
-- Compiler supported targets: xtensa-esp-elf
[1045/1045] Build ELF: dd.app.elf
[903/1047] Building C object esp-idf/console/CMakeFiles/__idf_console.dir/linenoise/linenoise.c.obj
[929/935] Building C object esp-idf/usb/CMakeFiles/__idf_usb.dir/hcd_dwc.c.obj
[904/1047] Building C object esp-idf/protocomm/CMakeFiles/__idf_protocomm.dir/src/transports/protocomm_httpd.c.obj
[905/1047] Building CXX object esp-idf/wear_levelling/CMakeFiles/__idf_wear_levelling.dir/crc32.cpp.obj
[906/1047] Building CXX object esp-idf/wear_levelling/CMakeFiles/__idf_wear_levelling.dir/SPI_Flash.cpp.obj
[907/1047] Building CXX object esp-idf/wear_levelling/CMakeFiles/__idf_wear_levelling.dir/Partition.cpp.obj
[930/935] Building C object esp-idf/spiffs/CMakeFiles/__idf_spiffs.dir/spiffs/src/spiffs_nucleus.c.obj
[908/1047] Building CXX object esp-idf/wear_levelling/CMakeFiles/__idf_wear_levelling.dir/WL_Ext_Perf.cpp.obj
[931/935] Linking C static library esp-idf/usb/libusb.a
[932/935] Linking C static library esp-idf/spiffs/libspiffs.a
[909/1047] Building C object esp-idf/protocomm/CMakeFiles/__idf_protocomm.dir/src/security/security2.c.obj
-- Compiler supported targets: xtensa-esp-elf
[910/1047] Building CXX object esp-idf/wear_levelling/CMakeFiles/__idf_wear_levelling.dir/WL_Ext_Safe.cpp.obj
[911/1047] Building C object esp-idf/esp_driver_gpio/CMakeFiles/__idf_esp_driver_gpio.dir/src/gpio.c.obj
[912/1047] Building C object esp-idf/app_trace/CMakeFiles/__idf_app_trace.dir/host_file_io.c.obj
[913/1047] Building CXX object esp-idf/wear_levelling/CMakeFiles/__idf_wear_levelling.dir/wear_levelling.cpp.obj
[914/1047] Building C object esp-idf/app_trace/CMakeFiles/__idf_app_trace.dir/app_trace_util.c.obj
[915/1047] Building C object esp-idf/app_trace/CMakeFiles/__idf_app_trace.dir/app_trace.c.obj
-- Compiler supported targets: xtensa-esp-elf
[916/1047] Building C object esp-idf/cmock/CMakeFiles/__idf_cmock.dir/CMock/src/cmock.c.obj
[917/1047] Building C object esp-idf/esp_driver_cam/CMakeFiles/__idf_esp_driver_cam.dir/dvp_share_ctrl.c.obj
[918/1047] Building C object esp-idf/protocomm/CMakeFiles/__idf_protocomm.dir/src/crypto/srp6a/esp_srp.c.obj
[919/1047] Building C object esp-idf/esp_driver_cam/CMakeFiles/__idf_esp_driver_cam.dir/esp_cam_ctlr.c.obj
[920/1047] Linking C static library esp-idf/esp_driver_gpio/libesp_driver_gpio.a
-- App "goargs" version: 96a69bd-dirty
-- App "gotest" version: 96a69bd-dirty
[921/1047] Building C object esp-idf/app_trace/CMakeFiles/__idf_app_trace.dir/port/port_uart.c.obj
[922/1047] Building C object esp-idf/esp_driver_cam/CMakeFiles/__idf_esp_driver_cam.dir/dvp/src/esp_cam_ctlr_dvp_gdma.c.obj
-- Found Python3: /home/tikhon/.espressif/python_env/idf6.0_py3.12_env/bin/python (found version "3.12.3") found components: Interpreter 
[923/1047] Building C object esp-idf/unity/CMakeFiles/__idf_unity.dir/unity/src/unity.c.obj
[924/1047] Linking C static library esp-idf/esp_security/libesp_security.a
-- App "pwd" version: 96a69bd-dirty
[925/1047] Building C object esp-idf/json/CMakeFiles/__idf_json.dir/cJSON/cJSON_Utils.c.obj
-- Found Python3: /home/tikhon/.espressif/python_env/idf6.0_py3.12_env/bin/python (found version "3.12.3") found components: Interpreter 
[926/1047] Linking C static library esp-idf/efuse/libefuse.a
-- Performing Test CMAKE_HAVE_LIBC_PTHREAD
[927/1047] Building C object esp-idf/esp_eth/CMakeFiles/__idf_esp_eth.dir/src/esp_eth_netif_glue.c.obj
[928/1047] Building C object esp-idf/esp_lcd/CMakeFiles/__idf_esp_lcd.dir/src/esp_lcd_common.c.obj
[929/1047] Linking C static library esp-idf/esp_partition/libesp_partition.a
[930/1047] Building C object esp-idf/esp_hid/CMakeFiles/__idf_esp_hid.dir/src/esp_hidd.c.obj
-- Compiler supported targets: xtensa-esp-elf
[931/1047] Building C object esp-idf/esp_lcd/CMakeFiles/__idf_esp_lcd.dir/src/esp_lcd_panel_nt35510.c.obj
[932/1047] Building C object esp-idf/esp_hid/CMakeFiles/__idf_esp_hid.dir/src/esp_hid_common.c.obj
[933/1047] Linking C static library esp-idf/app_update/libapp_update.a
-- App "dd" version: 96a69bd-dirty
[934/1047] Building C object esp-idf/esp_lcd/CMakeFiles/__idf_esp_lcd.dir/src/esp_lcd_panel_io.c.obj
[933/935] Building C object esp-idf/main/CMakeFiles/__idf_main.dir/main.c.obj
/home/tikhon/Документы/magnolia/applets/mainline/medit/main/main.c:797:13: warning: 'term_scroll_down' defined but not used [-Wunused-function]
  797 | static void term_scroll_down(Terminal *t, size_t scrolling) {
      |             ^~~~~~~~~~~~~~~~
/home/tikhon/Документы/magnolia/applets/mainline/medit/main/main.c:779:13: warning: 'term_scroll_up' defined but not used [-Wunused-function]
  779 | static void term_scroll_up(Terminal *t, size_t scrolling) {
      |             ^~~~~~~~~~~~~~
/home/tikhon/Документы/magnolia/applets/mainline/medit/main/main.c:221:15: warning: 'max_size' defined but not used [-Wunused-function]
  221 | static size_t max_size(size_t a, size_t b) { return a > b ? a : b; }
      |               ^~~~~~~~
Applet dd OK -> /home/tikhon/Документы/magnolia/rootfs/bin/dd
Building applet edit -> edit ...
+ idf.py elf
[935/1047] Linking C static library esp-idf/esp_bootloader_format/libesp_bootloader_format.a
-- App "xxd" version: 96a69bd-dirty
[936/1047] Building C object esp-idf/protobuf-c/CMakeFiles/__idf_protobuf-c.dir/protobuf-c/protobuf-c/protobuf-c.c.obj
[934/935] Linking C static library esp-idf/main/libmain.a
[937/1047] Building CXX object esp-idf/wear_levelling/CMakeFiles/__idf_wear_levelling.dir/WL_Flash.cpp.obj
-- Performing Test CMAKE_HAVE_LIBC_PTHREAD
-- Performing Test CMAKE_HAVE_LIBC_PTHREAD - Success
-- Found Threads: TRUE  
[938/1047] Linking C static library esp-idf/esp_app_format/libesp_app_format.a
[939/1047] Building C object esp-idf/esp_lcd/CMakeFiles/__idf_esp_lcd.dir/src/esp_lcd_panel_st7789.c.obj
[940/1047] Building C object esp-idf/esp_eth/CMakeFiles/__idf_esp_eth.dir/src/phy/esp_eth_phy_802_3.c.obj
[941/1047] Building C object esp-idf/esp_lcd/CMakeFiles/__idf_esp_lcd.dir/src/esp_lcd_panel_ops.c.obj
[935/935] Build ELF: medit.app.elf
-- Performing Test C_COMPILER_SUPPORTS_WFORMAT_SIGNEDNESS
[942/1047] Building C object esp-idf/esp_driver_cam/CMakeFiles/__idf_esp_driver_cam.dir/dvp/src/esp_cam_ctlr_dvp_cam.c.obj
-- App "gohello" version: 96a69bd-dirty
[943/1047] Building C object esp-idf/esp_driver_touch_sens/CMakeFiles/__idf_esp_driver_touch_sens.dir/common/touch_sens_common.c.obj
[944/1047] Linking C static library esp-idf/xtensa/libxtensa.a
[945/1047] Building C object esp-idf/espcoredump/CMakeFiles/__idf_espcoredump.dir/src/core_dump_common.c.obj
-- Compiler supported targets: xtensa-esp-elf
[946/1047] Building C object esp-idf/esp_hid/CMakeFiles/__idf_esp_hid.dir/src/esp_hidh.c.obj
[947/1047] Building C object esp-idf/espcoredump/CMakeFiles/__idf_espcoredump.dir/src/core_dump_init.c.obj
[948/1047] Building C object esp-idf/espcoredump/CMakeFiles/__idf_espcoredump.dir/src/core_dump_flash.c.obj
[949/1047] Linking C static library esp-idf/unity/libunity.a
[950/1047] Building C object esp-idf/esp_lcd/CMakeFiles/__idf_esp_lcd.dir/i2c/esp_lcd_panel_io_i2c_v2.c.obj
-- Performing Test CMAKE_HAVE_LIBC_PTHREAD - Success
-- Found Threads: TRUE  
[951/1047] Building C object esp-idf/esp_eth/CMakeFiles/__idf_esp_eth.dir/src/esp_eth.c.obj
-- Performing Test C_COMPILER_SUPPORTS_WFORMAT_SIGNEDNESS
[952/1047] Building C object esp-idf/esp_lcd/CMakeFiles/__idf_esp_lcd.dir/i2c/esp_lcd_panel_io_i2c_v1.c.obj
[953/1047] Linking C static library esp-idf/protobuf-c/libprotobuf-c.a
[954/1047] Linking C static library esp-idf/esp_https_server/libesp_https_server.a
[955/1047] Building C object esp-idf/espcoredump/CMakeFiles/__idf_espcoredump.dir/src/core_dump_uart.c.obj
-- Found Python3: /home/tikhon/.espressif/python_env/idf6.0_py3.12_env/bin/python (found version "3.12.3") found components: Interpreter 
[956/1047] Building C object esp-idf/esp_lcd/CMakeFiles/__idf_esp_lcd.dir/src/esp_lcd_panel_ssd1306.c.obj
[957/1047] Building C object esp-idf/espcoredump/CMakeFiles/__idf_espcoredump.dir/src/core_dump_sha.c.obj
[958/1047] Building C object esp-idf/espcoredump/CMakeFiles/__idf_espcoredump.dir/src/core_dump_elf.c.obj
-- Performing Test C_COMPILER_SUPPORTS_WFORMAT_SIGNEDNESS - Success
-- USING O3
[959/1047] Building C object esp-idf/espcoredump/CMakeFiles/__idf_espcoredump.dir/src/port/xtensa/core_dump_port.c.obj
[960/1047] Building C object esp-idf/esp_driver_touch_sens/CMakeFiles/__idf_esp_driver_touch_sens.dir/hw_ver2/touch_version_specific.c.obj
[961/1047] Linking C static library esp-idf/console/libconsole.a
[962/1047] Linking C static library esp-idf/wear_levelling/libwear_levelling.a
[963/1047] Building C object esp-idf/esp_local_ctrl/CMakeFiles/__idf_esp_local_ctrl.dir/src/esp_local_ctrl_handler.c.obj
NOTICE: Processing 3 dependencies:
NOTICE: [1/3] espressif/cmake_utilities (0.5.3)
-- Performing Test CMAKE_HAVE_LIBC_PTHREAD
[964/1047] Building C object esp-idf/esp_local_ctrl/CMakeFiles/__idf_esp_local_ctrl.dir/proto-c/esp_local_ctrl.pb-c.c.obj
NOTICE: [2/3] espressif/elf_loader (1.1.1)
NOTICE: [3/3] idf (6.0.0)
-- Adding linker script /home/tikhon/Документы/magnolia/applets/go/echo/build/esp-idf/esp_system/ld/memory.ld
-- Adding linker script /home/tikhon/Документы/magnolia/applets/go/echo/build/esp-idf/esp_system/ld/sections.ld.in
[965/1047] Building C object esp-idf/esp_lcd/CMakeFiles/__idf_esp_lcd.dir/spi/esp_lcd_panel_io_spi.c.obj
[966/1047] Building C object esp-idf/esp_local_ctrl/CMakeFiles/__idf_esp_local_ctrl.dir/src/esp_local_ctrl_transport_httpd.c.obj
-- Performing Test C_COMPILER_SUPPORTS_WFORMAT_SIGNEDNESS - Success
-- USING O3
[967/1047] Linking C static library esp-idf/protocomm/libprotocomm.a
-- App "false" version: 96a69bd-dirty
-- Found Python3: /home/tikhon/.espressif/python_env/idf6.0_py3.12_env/bin/python (found version "3.12.3") found components: Interpreter 
-- Adding linker script /home/tikhon/Документы/magnolia/esp-idf/components/esp_rom/esp32s3/ld/esp32s3.rom.ld
-- Adding linker script /home/tikhon/Документы/magnolia/esp-idf/components/esp_rom/esp32s3/ld/esp32s3.rom.api.ld
-- Adding linker script /home/tikhon/Документы/magnolia/esp-idf/components/esp_rom/esp32s3/ld/esp32s3.rom.bt_funcs.ld
[968/1047] Building C object esp-idf/fatfs/CMakeFiles/__idf_fatfs.dir/port/freertos/ffsystem.c.obj
-- Adding linker script /home/tikhon/Документы/magnolia/esp-idf/components/esp_rom/esp32s3/ld/esp32s3.rom.libgcc.ld
-- Adding linker script /home/tikhon/Документы/magnolia/esp-idf/components/esp_rom/esp32s3/ld/esp32s3.rom.wdt.ld
-- Adding linker script /home/tikhon/Документы/magnolia/esp-idf/components/esp_rom/esp32s3/ld/esp32s3.rom.version.ld
-- Adding linker script /home/tikhon/Документы/magnolia/esp-idf/components/esp_rom/esp32s3/ld/esp32s3.rom.ble_master.ld
-- Adding linker script /home/tikhon/Документы/magnolia/esp-idf/components/esp_rom/esp32s3/ld/esp32s3.rom.ble_50.ld
-- Adding linker script /home/tikhon/Документы/magnolia/esp-idf/components/esp_rom/esp32s3/ld/esp32s3.rom.ble_smp.ld
-- Adding linker script /home/tikhon/Документы/magnolia/esp-idf/components/esp_rom/esp32s3/ld/esp32s3.rom.ble_dtm.ld
-- Adding linker script /home/tikhon/Документы/magnolia/esp-idf/components/esp_rom/esp32s3/ld/esp32s3.rom.ble_test.ld
-- Adding linker script /home/tikhon/Документы/magnolia/esp-idf/components/esp_rom/esp32s3/ld/esp32s3.rom.ble_scan.ld
-- Adding linker script /home/tikhon/Документы/magnolia/esp-idf/components/esp_rom/esp32s3/ld/esp32s3.rom.libc.ld
-- Adding linker script /home/tikhon/Документы/magnolia/esp-idf/components/esp_rom/esp32s3/ld/esp32s3.rom.newlib.ld
Applet medit OK -> /home/tikhon/Документы/magnolia/rootfs/bin/medit
Building applet rdd -> rdd ...
Reconfiguring applet rdd (cmake inputs changed)
+ idf.py reconfigure
-- Adding linker script /home/tikhon/Документы/magnolia/esp-idf/components/soc/esp32s3/ld/esp32s3.peripherals.ld
[969/1047] Building C object esp-idf/fatfs/CMakeFiles/__idf_fatfs.dir/diskio/diskio_rawflash.c.obj
-- Found Python3: /home/tikhon/.espressif/python_env/idf6.0_py3.12_env/bin/python (found version "3.12.3") found components: Interpreter 
-- Adding linker script /home/tikhon/Документы/magnolia/applets/go/sleep/build/esp-idf/esp_system/ld/memory.ld
-- Adding linker script /home/tikhon/Документы/magnolia/applets/go/sleep/build/esp-idf/esp_system/ld/sections.ld.in
[970/1047] Building C object esp-idf/esp_local_ctrl/CMakeFiles/__idf_esp_local_ctrl.dir/src/esp_local_ctrl.c.obj
[971/1047] Building C object esp-idf/fatfs/CMakeFiles/__idf_fatfs.dir/src/ffunicode.c.obj
[972/1047] Building C object esp-idf/fatfs/CMakeFiles/__idf_fatfs.dir/diskio/diskio.c.obj
-- Compiler supported targets: xtensa-esp-elf
[973/1047] Building C object esp-idf/fatfs/CMakeFiles/__idf_fatfs.dir/diskio/diskio_wl.c.obj
-- Found Python3: /home/tikhon/.espressif/python_env/idf6.0_py3.12_env/bin/python (found version "3.12.3") found components: Interpreter 
-- Adding linker script /home/tikhon/Документы/magnolia/esp-idf/components/esp_rom/esp32s3/ld/esp32s3.rom.ld
-- Adding linker script /home/tikhon/Документы/magnolia/esp-idf/components/esp_rom/esp32s3/ld/esp32s3.rom.api.ld
-- Adding linker script /home/tikhon/Документы/magnolia/esp-idf/components/esp_rom/esp32s3/ld/esp32s3.rom.bt_funcs.ld
-- Adding linker script /home/tikhon/Документы/magnolia/esp-idf/components/esp_rom/esp32s3/ld/esp32s3.rom.libgcc.ld
-- Adding linker script /home/tikhon/Документы/magnolia/esp-idf/components/esp_rom/esp32s3/ld/esp32s3.rom.wdt.ld
-- Adding linker script /home/tikhon/Документы/magnolia/esp-idf/components/esp_rom/esp32s3/ld/esp32s3.rom.version.ld
-- Adding linker script /home/tikhon/Документы/magnolia/esp-idf/components/esp_rom/esp32s3/ld/esp32s3.rom.ble_master.ld
-- Adding linker script /home/tikhon/Документы/magnolia/esp-idf/components/esp_rom/esp32s3/ld/esp32s3.rom.ble_50.ld
-- Adding linker script /home/tikhon/Документы/magnolia/esp-idf/components/esp_rom/esp32s3/ld/esp32s3.rom.ble_smp.ld
-- Adding linker script /home/tikhon/Документы/magnolia/esp-idf/components/esp_rom/esp32s3/ld/esp32s3.rom.ble_dtm.ld
-- Adding linker script /home/tikhon/Документы/magnolia/esp-idf/components/esp_rom/esp32s3/ld/esp32s3.rom.ble_test.ld
-- Adding linker script /home/tikhon/Документы/magnolia/esp-idf/components/esp_rom/esp32s3/ld/esp32s3.rom.ble_scan.ld
-- Adding linker script /home/tikhon/Документы/magnolia/esp-idf/components/esp_rom/esp32s3/ld/esp32s3.rom.libc.ld
-- Adding linker script /home/tikhon/Документы/magnolia/esp-idf/components/esp_rom/esp32s3/ld/esp32s3.rom.newlib.ld
-- Found Python3: /home/tikhon/.espressif/python_env/idf6.0_py3.12_env/bin/python (found version "3.12.3") found components: Interpreter 
-- Project sdkconfig file /home/tikhon/Документы/magnolia/applets/go/true/sdkconfig
-- Performing Test CMAKE_HAVE_LIBC_PTHREAD
[974/1047] Building C object esp-idf/fatfs/CMakeFiles/__idf_fatfs.dir/diskio/diskio_sdmmc.c.obj
-- Adding linker script /home/tikhon/Документы/magnolia/esp-idf/components/soc/esp32s3/ld/esp32s3.peripherals.ld
-- Performing Test CMAKE_HAVE_LIBC_PTHREAD - Success
[975/1047] Building C object esp-idf/json/CMakeFiles/__idf_json.dir/cJSON/cJSON.c.obj
-- Found Threads: TRUE  
[976/1047] Building C object esp-idf/perfmon/CMakeFiles/__idf_perfmon.dir/xtensa_perfmon_masks.c.obj
[977/1047] Building C object esp-idf/mqtt/CMakeFiles/__idf_mqtt.dir/esp-mqtt/lib/platform_esp32_idf.c.obj
-- Performing Test C_COMPILER_SUPPORTS_WFORMAT_SIGNEDNESS
-- Performing Test CMAKE_HAVE_LIBC_PTHREAD
[978/1047] Building C object esp-idf/perfmon/CMakeFiles/__idf_perfmon.dir/xtensa_perfmon_apis.c.obj
[979/1047] Linking C static library esp-idf/json/libjson.a
[980/1047] Building C object esp-idf/perfmon/CMakeFiles/__idf_perfmon.dir/xtensa_perfmon_access.c.obj
[981/1047] Building C object esp-idf/nvs_sec_provider/CMakeFiles/__idf_nvs_sec_provider.dir/nvs_sec_provider.c.obj
-- App "xxd" version: 96a69bd-dirty
-- Performing Test CMAKE_HAVE_LIBC_PTHREAD - Success
-- Found Threads: TRUE  
-- Performing Test CMAKE_HAVE_LIBC_PTHREAD
[982/1047] Building C object esp-idf/spiffs/CMakeFiles/__idf_spiffs.dir/spiffs_api.c.obj
[983/1047] Building C object esp-idf/fatfs/CMakeFiles/__idf_fatfs.dir/vfs/vfs_fat_spiflash.c.obj
-- Performing Test CMAKE_HAVE_LIBC_PTHREAD
[984/1047] Building C object esp-idf/mqtt/CMakeFiles/__idf_mqtt.dir/esp-mqtt/lib/mqtt_outbox.c.obj
-- Performing Test C_COMPILER_SUPPORTS_WFORMAT_SIGNEDNESS
[985/1047] Building C object esp-idf/rt/CMakeFiles/__idf_rt.dir/FreeRTOS_POSIX_utils.c.obj
-- Performing Test C_COMPILER_SUPPORTS_WFORMAT_SIGNEDNESS - Success
-- USING O3
-- Found Python3: /home/tikhon/.espressif/python_env/idf6.0_py3.12_env/bin/python (found version "3.12.3") found components: Interpreter 
[986/1047] Building C object esp-idf/esp_lcd/CMakeFiles/__idf_esp_lcd.dir/i80/esp_lcd_panel_io_i80.c.obj
[987/1047] Building C object esp-idf/rt/CMakeFiles/__idf_rt.dir/FreeRTOS_POSIX_mqueue.c.obj
-- Performing Test CMAKE_HAVE_LIBC_PTHREAD - Success
-- Found Threads: TRUE  
[988/1047] Building C object esp-idf/spiffs/CMakeFiles/__idf_spiffs.dir/spiffs/src/spiffs_cache.c.obj
-- Adding linker script /home/tikhon/Документы/magnolia/applets/go/gotest/build/esp-idf/esp_system/ld/memory.ld
-- Adding linker script /home/tikhon/Документы/magnolia/applets/go/gotest/build/esp-idf/esp_system/ld/sections.ld.in
-- Performing Test C_COMPILER_SUPPORTS_WFORMAT_SIGNEDNESS - Success
-- USING O3
-- Performing Test C_COMPILER_SUPPORTS_WFORMAT_SIGNEDNESS
-- Performing Test CMAKE_HAVE_LIBC_PTHREAD - Success
-- Found Threads: TRUE  
-- Performing Test C_COMPILER_SUPPORTS_WFORMAT_SIGNEDNESS
-- Adding linker script /home/tikhon/Документы/magnolia/esp-idf/components/esp_rom/esp32s3/ld/esp32s3.rom.ld
-- Adding linker script /home/tikhon/Документы/magnolia/esp-idf/components/esp_rom/esp32s3/ld/esp32s3.rom.api.ld
-- Adding linker script /home/tikhon/Документы/magnolia/esp-idf/components/esp_rom/esp32s3/ld/esp32s3.rom.bt_funcs.ld
-- Adding linker script /home/tikhon/Документы/magnolia/esp-idf/components/esp_rom/esp32s3/ld/esp32s3.rom.libgcc.ld
-- Adding linker script /home/tikhon/Документы/magnolia/esp-idf/components/esp_rom/esp32s3/ld/esp32s3.rom.wdt.ld
-- Adding linker script /home/tikhon/Документы/magnolia/esp-idf/components/esp_rom/esp32s3/ld/esp32s3.rom.version.ld
-- Adding linker script /home/tikhon/Документы/magnolia/esp-idf/components/esp_rom/esp32s3/ld/esp32s3.rom.ble_master.ld
-- Adding linker script /home/tikhon/Документы/magnolia/esp-idf/components/esp_rom/esp32s3/ld/esp32s3.rom.ble_50.ld
-- Adding linker script /home/tikhon/Документы/magnolia/esp-idf/components/esp_rom/esp32s3/ld/esp32s3.rom.ble_smp.ld
-- Adding linker script /home/tikhon/Документы/magnolia/esp-idf/components/esp_rom/esp32s3/ld/esp32s3.rom.ble_dtm.ld
-- Adding linker script /home/tikhon/Документы/magnolia/esp-idf/components/esp_rom/esp32s3/ld/esp32s3.rom.ble_test.ld
-- Adding linker script /home/tikhon/Документы/magnolia/esp-idf/components/esp_rom/esp32s3/ld/esp32s3.rom.ble_scan.ld
-- Adding linker script /home/tikhon/Документы/magnolia/esp-idf/components/esp_rom/esp32s3/ld/esp32s3.rom.libc.ld
-- Adding linker script /home/tikhon/Документы/magnolia/esp-idf/components/esp_rom/esp32s3/ld/esp32s3.rom.newlib.ld
-- Performing Test CMAKE_HAVE_LIBC_PTHREAD - Success
-- Found Threads: TRUE  
[989/1047] Building C object esp-idf/fatfs/CMakeFiles/__idf_fatfs.dir/vfs/vfs_fat_sdmmc.c.obj
-- Adding linker script /home/tikhon/Документы/magnolia/esp-idf/components/soc/esp32s3/ld/esp32s3.peripherals.ld
-- Performing Test C_COMPILER_SUPPORTS_WFORMAT_SIGNEDNESS
-- App "hexdump" version: 96a69bd-dirty
[990/1047] Building C object esp-idf/fatfs/CMakeFiles/__idf_fatfs.dir/vfs/vfs_fat.c.obj
-- Adding linker script /home/tikhon/Документы/magnolia/applets/go/goargs/build/esp-idf/esp_system/ld/memory.ld
[991/1047] Building C object esp-idf/mqtt/CMakeFiles/__idf_mqtt.dir/esp-mqtt/lib/mqtt_msg.c.obj
-- Performing Test CMAKE_HAVE_LIBC_PTHREAD
-- Adding linker script /home/tikhon/Документы/magnolia/applets/go/goargs/build/esp-idf/esp_system/ld/sections.ld.in
-- Adding linker script /home/tikhon/Документы/magnolia/esp-idf/components/esp_rom/esp32s3/ld/esp32s3.rom.ld
-- Adding linker script /home/tikhon/Документы/magnolia/esp-idf/components/esp_rom/esp32s3/ld/esp32s3.rom.api.ld
-- Adding linker script /home/tikhon/Документы/magnolia/esp-idf/components/esp_rom/esp32s3/ld/esp32s3.rom.bt_funcs.ld
-- Adding linker script /home/tikhon/Документы/magnolia/esp-idf/components/esp_rom/esp32s3/ld/esp32s3.rom.libgcc.ld
-- Adding linker script /home/tikhon/Документы/magnolia/esp-idf/components/esp_rom/esp32s3/ld/esp32s3.rom.wdt.ld
-- Adding linker script /home/tikhon/Документы/magnolia/esp-idf/components/esp_rom/esp32s3/ld/esp32s3.rom.version.ld
-- Adding linker script /home/tikhon/Документы/magnolia/esp-idf/components/esp_rom/esp32s3/ld/esp32s3.rom.ble_master.ld
-- Adding linker script /home/tikhon/Документы/magnolia/esp-idf/components/esp_rom/esp32s3/ld/esp32s3.rom.ble_50.ld
-- Adding linker script /home/tikhon/Документы/magnolia/esp-idf/components/esp_rom/esp32s3/ld/esp32s3.rom.ble_smp.ld
-- Adding linker script /home/tikhon/Документы/magnolia/esp-idf/components/esp_rom/esp32s3/ld/esp32s3.rom.ble_dtm.ld
-- Adding linker script /home/tikhon/Документы/magnolia/esp-idf/components/esp_rom/esp32s3/ld/esp32s3.rom.ble_test.ld
-- Adding linker script /home/tikhon/Документы/magnolia/esp-idf/components/esp_rom/esp32s3/ld/esp32s3.rom.ble_scan.ld
-- Adding linker script /home/tikhon/Документы/magnolia/esp-idf/components/esp_rom/esp32s3/ld/esp32s3.rom.libc.ld
-- Adding linker script /home/tikhon/Документы/magnolia/esp-idf/components/esp_rom/esp32s3/ld/esp32s3.rom.newlib.ld
-- ESP-TEE is currently supported only on the esp32c6;esp32h2;esp32c5 SoCs
-- ELF_LOADER: 1.1.1
-- Performing Test C_COMPILER_SUPPORTS_WFORMAT_SIGNEDNESS - Success
-- USING O3
-- Performing Test C_COMPILER_SUPPORTS_WFORMAT_SIGNEDNESS - Success
-- USING O3
-- Adding linker script /home/tikhon/Документы/magnolia/esp-idf/components/soc/esp32s3/ld/esp32s3.peripherals.ld
[992/1047] Building C object esp-idf/usb/CMakeFiles/__idf_usb.dir/usb_private.c.obj
-- Performing Test C_COMPILER_SUPPORTS_WFORMAT_SIGNEDNESS - Success
-- USING O3
[993/1047] Building C object esp-idf/touch_element/CMakeFiles/__idf_touch_element.dir/touch_slider.c.obj
-- Found Python3: /home/tikhon/.espressif/python_env/idf6.0_py3.12_env/bin/python (found version "3.12.3") found components: Interpreter 
-- Adding linker script /home/tikhon/Документы/magnolia/applets/go/godd/build/esp-idf/esp_system/ld/memory.ld
-- Adding linker script /home/tikhon/Документы/magnolia/applets/go/godd/build/esp-idf/esp_system/ld/sections.ld.in
[994/1047] Building C object esp-idf/spiffs/CMakeFiles/__idf_spiffs.dir/spiffs/src/spiffs_gc.c.obj
-- Adding linker script /home/tikhon/Документы/magnolia/applets/mainline/xxd/build/esp-idf/esp_system/ld/memory.ld
-- Adding linker script /home/tikhon/Документы/magnolia/applets/mainline/xxd/build/esp-idf/esp_system/ld/sections.ld.in
[995/1047] Building C object esp-idf/esp_lcd/CMakeFiles/__idf_esp_lcd.dir/rgb/esp_lcd_panel_rgb.c.obj
-- Adding linker script /home/tikhon/Документы/magnolia/esp-idf/components/esp_rom/esp32s3/ld/esp32s3.rom.ld
-- Adding linker script /home/tikhon/Документы/magnolia/esp-idf/components/esp_rom/esp32s3/ld/esp32s3.rom.api.ld
-- Adding linker script /home/tikhon/Документы/magnolia/esp-idf/components/esp_rom/esp32s3/ld/esp32s3.rom.bt_funcs.ld
-- Adding linker script /home/tikhon/Документы/magnolia/esp-idf/components/esp_rom/esp32s3/ld/esp32s3.rom.libgcc.ld
-- Adding linker script /home/tikhon/Документы/magnolia/esp-idf/components/esp_rom/esp32s3/ld/esp32s3.rom.wdt.ld
-- Adding linker script /home/tikhon/Документы/magnolia/esp-idf/components/esp_rom/esp32s3/ld/esp32s3.rom.version.ld
-- Adding linker script /home/tikhon/Документы/magnolia/esp-idf/components/esp_rom/esp32s3/ld/esp32s3.rom.ble_master.ld
-- Adding linker script /home/tikhon/Документы/magnolia/esp-idf/components/esp_rom/esp32s3/ld/esp32s3.rom.ble_50.ld
[996/1047] Building C object esp-idf/spiffs/CMakeFiles/__idf_spiffs.dir/spiffs/src/spiffs_check.c.obj
-- Adding linker script /home/tikhon/Документы/magnolia/esp-idf/components/esp_rom/esp32s3/ld/esp32s3.rom.ble_smp.ld
-- Adding linker script /home/tikhon/Документы/magnolia/esp-idf/components/esp_rom/esp32s3/ld/esp32s3.rom.ble_dtm.ld
-- Adding linker script /home/tikhon/Документы/magnolia/esp-idf/components/esp_rom/esp32s3/ld/esp32s3.rom.ble_test.ld
-- Adding linker script /home/tikhon/Документы/magnolia/esp-idf/components/esp_rom/esp32s3/ld/esp32s3.rom.ble_scan.ld
-- Adding linker script /home/tikhon/Документы/magnolia/esp-idf/components/esp_rom/esp32s3/ld/esp32s3.rom.libc.ld
-- Adding linker script /home/tikhon/Документы/magnolia/esp-idf/components/esp_rom/esp32s3/ld/esp32s3.rom.newlib.ld
-- Performing Test CMAKE_HAVE_LIBC_PTHREAD - Success
-- Found Threads: TRUE  
-- Adding linker script /home/tikhon/Документы/magnolia/applets/go/pwd/build/esp-idf/esp_system/ld/memory.ld
-- Adding linker script /home/tikhon/Документы/magnolia/applets/go/pwd/build/esp-idf/esp_system/ld/sections.ld.in
-- Adding linker script /home/tikhon/Документы/magnolia/esp-idf/components/esp_rom/esp32s3/ld/esp32s3.rom.ld
-- Adding linker script /home/tikhon/Документы/magnolia/esp-idf/components/esp_rom/esp32s3/ld/esp32s3.rom.api.ld
-- Adding linker script /home/tikhon/Документы/magnolia/esp-idf/components/esp_rom/esp32s3/ld/esp32s3.rom.bt_funcs.ld
-- Adding linker script /home/tikhon/Документы/magnolia/esp-idf/components/esp_rom/esp32s3/ld/esp32s3.rom.libgcc.ld
-- Adding linker script /home/tikhon/Документы/magnolia/esp-idf/components/esp_rom/esp32s3/ld/esp32s3.rom.wdt.ld
-- Adding linker script /home/tikhon/Документы/magnolia/esp-idf/components/esp_rom/esp32s3/ld/esp32s3.rom.version.ld
-- Adding linker script /home/tikhon/Документы/magnolia/esp-idf/components/esp_rom/esp32s3/ld/esp32s3.rom.ble_master.ld
-- Adding linker script /home/tikhon/Документы/magnolia/esp-idf/components/esp_rom/esp32s3/ld/esp32s3.rom.ble_50.ld
-- Adding linker script /home/tikhon/Документы/magnolia/esp-idf/components/esp_rom/esp32s3/ld/esp32s3.rom.ble_smp.ld
-- Adding linker script /home/tikhon/Документы/magnolia/esp-idf/components/esp_rom/esp32s3/ld/esp32s3.rom.ble_dtm.ld
-- Adding linker script /home/tikhon/Документы/magnolia/esp-idf/components/esp_rom/esp32s3/ld/esp32s3.rom.ble_test.ld
-- Adding linker script /home/tikhon/Документы/magnolia/esp-idf/components/esp_rom/esp32s3/ld/esp32s3.rom.ble_scan.ld
-- Adding linker script /home/tikhon/Документы/magnolia/esp-idf/components/esp_rom/esp32s3/ld/esp32s3.rom.libc.ld
-- Adding linker script /home/tikhon/Документы/magnolia/esp-idf/components/esp_rom/esp32s3/ld/esp32s3.rom.newlib.ld
-- Performing Test C_COMPILER_SUPPORTS_WFORMAT_SIGNEDNESS
[997/1047] Building C object esp-idf/touch_element/CMakeFiles/__idf_touch_element.dir/touch_button.c.obj
-- Adding linker script /home/tikhon/Документы/magnolia/esp-idf/components/soc/esp32s3/ld/esp32s3.peripherals.ld
-- Performing Test CMAKE_HAVE_LIBC_PTHREAD
-- Adding linker script /home/tikhon/Документы/magnolia/esp-idf/components/esp_rom/esp32s3/ld/esp32s3.rom.ld
-- Adding linker script /home/tikhon/Документы/magnolia/esp-idf/components/esp_rom/esp32s3/ld/esp32s3.rom.api.ld
-- Adding linker script /home/tikhon/Документы/magnolia/esp-idf/components/esp_rom/esp32s3/ld/esp32s3.rom.bt_funcs.ld
-- Adding linker script /home/tikhon/Документы/magnolia/esp-idf/components/esp_rom/esp32s3/ld/esp32s3.rom.libgcc.ld
-- Adding linker script /home/tikhon/Документы/magnolia/esp-idf/components/esp_rom/esp32s3/ld/esp32s3.rom.wdt.ld
-- Adding linker script /home/tikhon/Документы/magnolia/esp-idf/components/esp_rom/esp32s3/ld/esp32s3.rom.version.ld
-- Adding linker script /home/tikhon/Документы/magnolia/esp-idf/components/esp_rom/esp32s3/ld/esp32s3.rom.ble_master.ld
-- Adding linker script /home/tikhon/Документы/magnolia/esp-idf/components/esp_rom/esp32s3/ld/esp32s3.rom.ble_50.ld
-- Adding linker script /home/tikhon/Документы/magnolia/esp-idf/components/esp_rom/esp32s3/ld/esp32s3.rom.ble_smp.ld
-- Adding linker script /home/tikhon/Документы/magnolia/esp-idf/components/esp_rom/esp32s3/ld/esp32s3.rom.ble_dtm.ld
-- Adding linker script /home/tikhon/Документы/magnolia/esp-idf/components/esp_rom/esp32s3/ld/esp32s3.rom.ble_test.ld
-- Adding linker script /home/tikhon/Документы/magnolia/esp-idf/components/esp_rom/esp32s3/ld/esp32s3.rom.ble_scan.ld
-- Adding linker script /home/tikhon/Документы/magnolia/esp-idf/components/esp_rom/esp32s3/ld/esp32s3.rom.libc.ld
-- Adding linker script /home/tikhon/Документы/magnolia/esp-idf/components/esp_rom/esp32s3/ld/esp32s3.rom.newlib.ld
-- Adding linker script /home/tikhon/Документы/magnolia/esp-idf/components/soc/esp32s3/ld/esp32s3.peripherals.ld
[998/1047] Building C object esp-idf/spiffs/CMakeFiles/__idf_spiffs.dir/spiffs/src/spiffs_hydrogen.c.obj
-- Adding linker script /home/tikhon/Документы/magnolia/esp-idf/components/soc/esp32s3/ld/esp32s3.peripherals.ld
[999/1047] Building C object esp-idf/usb/CMakeFiles/__idf_usb.dir/usb_helpers.c.obj
-- Found Python3: /home/tikhon/.espressif/python_env/idf6.0_py3.12_env/bin/python (found version "3.12.3") found components: Interpreter 
[1000/1047] Building C object esp-idf/wifi_provisioning/CMakeFiles/__idf_wifi_provisioning.dir/src/wifi_config.c.obj
[1001/1047] Building C object esp-idf/usb/CMakeFiles/__idf_usb.dir/enum.c.obj
-- ELF_LOADER: 1.1.1
[1002/1047] Building C object esp-idf/wifi_provisioning/CMakeFiles/__idf_wifi_provisioning.dir/src/wifi_ctrl.c.obj
-- Performing Test C_COMPILER_SUPPORTS_WFORMAT_SIGNEDNESS - Success
-- USING O3
[1003/1047] Building C object esp-idf/usb/CMakeFiles/__idf_usb.dir/hub.c.obj
-- Performing Test CMAKE_HAVE_LIBC_PTHREAD - Success
-- Found Threads: TRUE  
[1004/1047] Building C object esp-idf/touch_element/CMakeFiles/__idf_touch_element.dir/touch_matrix.c.obj
-- Performing Test C_COMPILER_SUPPORTS_WFORMAT_SIGNEDNESS
[1005/1047] Building C object esp-idf/mqtt/CMakeFiles/__idf_mqtt.dir/esp-mqtt/mqtt_client.c.obj
[1006/1047] Building C object esp-idf/touch_element/CMakeFiles/__idf_touch_element.dir/touch_element.c.obj
-- Performing Test CMAKE_HAVE_LIBC_PTHREAD
[1007/1047] Building C object esp-idf/wifi_provisioning/CMakeFiles/__idf_wifi_provisioning.dir/proto-c/wifi_ctrl.pb-c.c.obj
[1008/1047] Building C object esp-idf/fatfs/CMakeFiles/__idf_fatfs.dir/src/ff.c.obj
-- Adding linker script /home/tikhon/Документы/magnolia/applets/go/gohello/build/esp-idf/esp_system/ld/memory.ld
-- Adding linker script /home/tikhon/Документы/magnolia/applets/go/gohello/build/esp-idf/esp_system/ld/sections.ld.in
[1009/1047] Building C object esp-idf/wifi_provisioning/CMakeFiles/__idf_wifi_provisioning.dir/proto-c/wifi_constants.pb-c.c.obj
[1010/1047] Building C object esp-idf/wifi_provisioning/CMakeFiles/__idf_wifi_provisioning.dir/src/handlers.c.obj
[1011/1047] Building C object esp-idf/wifi_provisioning/CMakeFiles/__idf_wifi_provisioning.dir/src/scheme_console.c.obj
[1012/1047] Building C object esp-idf/wifi_provisioning/CMakeFiles/__idf_wifi_provisioning.dir/proto-c/wifi_config.pb-c.c.obj
-- Found Python3: /home/tikhon/.espressif/python_env/idf6.0_py3.12_env/bin/python (found version "3.12.3") found components: Interpreter 
-- Adding linker script /home/tikhon/Документы/magnolia/esp-idf/components/esp_rom/esp32s3/ld/esp32s3.rom.ld
-- Adding linker script /home/tikhon/Документы/magnolia/esp-idf/components/esp_rom/esp32s3/ld/esp32s3.rom.api.ld
-- Adding linker script /home/tikhon/Документы/magnolia/esp-idf/components/esp_rom/esp32s3/ld/esp32s3.rom.bt_funcs.ld
-- Adding linker script /home/tikhon/Документы/magnolia/esp-idf/components/esp_rom/esp32s3/ld/esp32s3.rom.libgcc.ld
-- Adding linker script /home/tikhon/Документы/magnolia/esp-idf/components/esp_rom/esp32s3/ld/esp32s3.rom.wdt.ld
-- Adding linker script /home/tikhon/Документы/magnolia/esp-idf/components/esp_rom/esp32s3/ld/esp32s3.rom.version.ld
-- Adding linker script /home/tikhon/Документы/magnolia/esp-idf/components/esp_rom/esp32s3/ld/esp32s3.rom.ble_master.ld
-- Adding linker script /home/tikhon/Документы/magnolia/esp-idf/components/esp_rom/esp32s3/ld/esp32s3.rom.ble_50.ld
-- Adding linker script /home/tikhon/Документы/magnolia/esp-idf/components/esp_rom/esp32s3/ld/esp32s3.rom.ble_smp.ld
-- Adding linker script /home/tikhon/Документы/magnolia/esp-idf/components/esp_rom/esp32s3/ld/esp32s3.rom.ble_dtm.ld
[1013/1047] Building C object esp-idf/espressif__elf_loader/CMakeFiles/__idf_espressif__elf_loader.dir/src/esp_elf_adapter.c.obj
[1014/1047] Linking C static library esp-idf/cmock/libcmock.a
-- Adding linker script /home/tikhon/Документы/magnolia/esp-idf/components/esp_rom/esp32s3/ld/esp32s3.rom.ble_test.ld
-- Adding linker script /home/tikhon/Документы/magnolia/esp-idf/components/esp_rom/esp32s3/ld/esp32s3.rom.ble_scan.ld
-- Adding linker script /home/tikhon/Документы/magnolia/esp-idf/components/esp_rom/esp32s3/ld/esp32s3.rom.libc.ld
-- Adding linker script /home/tikhon/Документы/magnolia/esp-idf/components/esp_rom/esp32s3/ld/esp32s3.rom.newlib.ld
[1015/1047] Building C object esp-idf/wifi_provisioning/CMakeFiles/__idf_wifi_provisioning.dir/src/wifi_scan.c.obj
[1016/1047] Building C object esp-idf/spiffs/CMakeFiles/__idf_spiffs.dir/esp_spiffs.c.obj
[1017/1047] Linking C static library esp-idf/app_trace/libapp_trace.a
[1018/1047] Linking C static library esp-idf/esp_driver_cam/libesp_driver_cam.a
-- Performing Test C_COMPILER_SUPPORTS_WFORMAT_SIGNEDNESS - Success
-- USING O3
[1019/1047] Linking C static library esp-idf/esp_driver_touch_sens/libesp_driver_touch_sens.a
[1020/1047] Linking C static library esp-idf/esp_eth/libesp_eth.a
[1021/1047] Linking C static library esp-idf/esp_lcd/libesp_lcd.a
-- Adding linker script /home/tikhon/Документы/magnolia/esp-idf/components/soc/esp32s3/ld/esp32s3.peripherals.ld
[1022/1047] Building C object esp-idf/usb/CMakeFiles/__idf_usb.dir/usb_host.c.obj
-- Performing Test CMAKE_HAVE_LIBC_PTHREAD - Success
-- Found Threads: TRUE  
-- Performing Test CMAKE_HAVE_LIBC_PTHREAD
[1023/1047] Linking C static library esp-idf/esp_local_ctrl/libesp_local_ctrl.a
-- Performing Test C_COMPILER_SUPPORTS_WFORMAT_SIGNEDNESS
[1024/1047] Building C object esp-idf/wifi_provisioning/CMakeFiles/__idf_wifi_provisioning.dir/src/scheme_softap.c.obj
[1025/1047] Linking C static library esp-idf/esp_hid/libesp_hid.a
[1026/1047] Linking C static library esp-idf/espcoredump/libespcoredump.a
[1027/1047] Linking C static library esp-idf/nvs_sec_provider/libnvs_sec_provider.a
[1028/1047] Linking C static library esp-idf/rt/librt.a
[1029/1047] Linking C static library esp-idf/fatfs/libfatfs.a
[1030/1047] Building C object esp-idf/espressif__elf_loader/CMakeFiles/__idf_espressif__elf_loader.dir/src/arch/esp_elf_xtensa.c.obj
[1031/1047] Building C object esp-idf/usb/CMakeFiles/__idf_usb.dir/usbh.c.obj
[1032/1047] Linking C static library esp-idf/mqtt/libmqtt.a
[1033/1047] Linking C static library esp-idf/perfmon/libperfmon.a
[1034/1047] Linking C static library esp-idf/touch_element/libtouch_element.a
[1035/1047] Building C object esp-idf/espressif__elf_loader/CMakeFiles/__idf_espressif__elf_loader.dir/src/esp_elf_symbol.c.obj
-- ELF_LOADER: 1.1.1
-- Adding linker script /home/tikhon/Документы/magnolia/applets/go/false/build/esp-idf/esp_system/ld/memory.ld
-- Adding linker script /home/tikhon/Документы/magnolia/applets/go/false/build/esp-idf/esp_system/ld/sections.ld.in
[1036/1047] Building C object esp-idf/spiffs/CMakeFiles/__idf_spiffs.dir/spiffs/src/spiffs_nucleus.c.obj
-- Performing Test C_COMPILER_SUPPORTS_WFORMAT_SIGNEDNESS - Success
-- USING O3
-- ELF_LOADER: 1.1.1
-- Adding linker script /home/tikhon/Документы/magnolia/esp-idf/components/esp_rom/esp32s3/ld/esp32s3.rom.ld
-- Adding linker script /home/tikhon/Документы/magnolia/esp-idf/components/esp_rom/esp32s3/ld/esp32s3.rom.api.ld
-- Adding linker script /home/tikhon/Документы/magnolia/esp-idf/components/esp_rom/esp32s3/ld/esp32s3.rom.bt_funcs.ld
-- Adding linker script /home/tikhon/Документы/magnolia/esp-idf/components/esp_rom/esp32s3/ld/esp32s3.rom.libgcc.ld
-- Adding linker script /home/tikhon/Документы/magnolia/esp-idf/components/esp_rom/esp32s3/ld/esp32s3.rom.wdt.ld
-- Adding linker script /home/tikhon/Документы/magnolia/esp-idf/components/esp_rom/esp32s3/ld/esp32s3.rom.version.ld
-- Adding linker script /home/tikhon/Документы/magnolia/esp-idf/components/esp_rom/esp32s3/ld/esp32s3.rom.ble_master.ld
[1037/1047] Building C object esp-idf/wifi_provisioning/CMakeFiles/__idf_wifi_provisioning.dir/proto-c/wifi_scan.pb-c.c.obj
-- Adding linker script /home/tikhon/Документы/magnolia/esp-idf/components/esp_rom/esp32s3/ld/esp32s3.rom.ble_50.ld
-- Adding linker script /home/tikhon/Документы/magnolia/esp-idf/components/esp_rom/esp32s3/ld/esp32s3.rom.ble_smp.ld
-- Adding linker script /home/tikhon/Документы/magnolia/esp-idf/components/esp_rom/esp32s3/ld/esp32s3.rom.ble_dtm.ld
-- Adding linker script /home/tikhon/Документы/magnolia/esp-idf/components/esp_rom/esp32s3/ld/esp32s3.rom.ble_test.ld
-- Adding linker script /home/tikhon/Документы/magnolia/esp-idf/components/esp_rom/esp32s3/ld/esp32s3.rom.ble_scan.ld
-- Adding linker script /home/tikhon/Документы/magnolia/esp-idf/components/esp_rom/esp32s3/ld/esp32s3.rom.libc.ld
-- Adding linker script /home/tikhon/Документы/magnolia/esp-idf/components/esp_rom/esp32s3/ld/esp32s3.rom.newlib.ld
[1038/1047] Building C object esp-idf/espressif__elf_loader/CMakeFiles/__idf_espressif__elf_loader.dir/src/esp_elf.c.obj
[1039/1047] Linking C static library esp-idf/spiffs/libspiffs.a
-- Performing Test CMAKE_HAVE_LIBC_PTHREAD - Success
-- Found Threads: TRUE  
-- Performing Test C_COMPILER_SUPPORTS_WFORMAT_SIGNEDNESS
-- Adding linker script /home/tikhon/Документы/magnolia/applets/go/goxxd/build/esp-idf/esp_system/ld/memory.ld
-- Adding linker script /home/tikhon/Документы/magnolia/applets/go/goxxd/build/esp-idf/esp_system/ld/sections.ld.in
-- Adding linker script /home/tikhon/Документы/magnolia/esp-idf/components/soc/esp32s3/ld/esp32s3.peripherals.ld
[1040/1047] Linking C static library esp-idf/espressif__elf_loader/libespressif__elf_loader.a
-- Adding linker script /home/tikhon/Документы/magnolia/esp-idf/components/esp_rom/esp32s3/ld/esp32s3.rom.ld
-- Adding linker script /home/tikhon/Документы/magnolia/esp-idf/components/esp_rom/esp32s3/ld/esp32s3.rom.api.ld
-- Adding linker script /home/tikhon/Документы/magnolia/esp-idf/components/esp_rom/esp32s3/ld/esp32s3.rom.bt_funcs.ld
-- Adding linker script /home/tikhon/Документы/magnolia/esp-idf/components/esp_rom/esp32s3/ld/esp32s3.rom.libgcc.ld
-- Adding linker script /home/tikhon/Документы/magnolia/esp-idf/components/esp_rom/esp32s3/ld/esp32s3.rom.wdt.ld
-- Adding linker script /home/tikhon/Документы/magnolia/esp-idf/components/esp_rom/esp32s3/ld/esp32s3.rom.version.ld
-- Adding linker script /home/tikhon/Документы/magnolia/esp-idf/components/esp_rom/esp32s3/ld/esp32s3.rom.ble_master.ld
-- Adding linker script /home/tikhon/Документы/magnolia/esp-idf/components/esp_rom/esp32s3/ld/esp32s3.rom.ble_50.ld
-- Adding linker script /home/tikhon/Документы/magnolia/esp-idf/components/esp_rom/esp32s3/ld/esp32s3.rom.ble_smp.ld
-- Adding linker script /home/tikhon/Документы/magnolia/esp-idf/components/esp_rom/esp32s3/ld/esp32s3.rom.ble_dtm.ld
-- Adding linker script /home/tikhon/Документы/magnolia/esp-idf/components/esp_rom/esp32s3/ld/esp32s3.rom.ble_test.ld
-- Adding linker script /home/tikhon/Документы/magnolia/esp-idf/components/esp_rom/esp32s3/ld/esp32s3.rom.ble_scan.ld
-- Adding linker script /home/tikhon/Документы/magnolia/esp-idf/components/esp_rom/esp32s3/ld/esp32s3.rom.libc.ld
-- Adding linker script /home/tikhon/Документы/magnolia/esp-idf/components/esp_rom/esp32s3/ld/esp32s3.rom.newlib.ld
-- ELF_LOADER: 1.1.1
-- Adding linker script /home/tikhon/Документы/magnolia/esp-idf/components/soc/esp32s3/ld/esp32s3.peripherals.ld
[1041/1047] Building C object esp-idf/main/CMakeFiles/__idf_main.dir/main.c.obj
-- Performing Test C_COMPILER_SUPPORTS_WFORMAT_SIGNEDNESS - Success
-- USING O3
-- ELF_LOADER: 1.1.1
-- Adding linker script /home/tikhon/Документы/magnolia/applets/go/gohexdump/build/esp-idf/esp_system/ld/memory.ld
-- Adding linker script /home/tikhon/Документы/magnolia/applets/go/gohexdump/build/esp-idf/esp_system/ld/sections.ld.in
[1042/1047] Building C object esp-idf/usb/CMakeFiles/__idf_usb.dir/hcd_dwc.c.obj
-- Components: app_trace app_update bootloader bootloader_support bt cmock console cxx driver efuse esp-tls esp_adc esp_app_format esp_bootloader_format esp_coex esp_common esp_driver_ana_cmpr esp_driver_bitscrambler esp_driver_cam esp_driver_dac esp_driver_gpio esp_driver_gptimer esp_driver_i2c esp_driver_i2s esp_driver_i3c esp_driver_isp esp_driver_jpeg esp_driver_ledc esp_driver_mcpwm esp_driver_parlio esp_driver_pcnt esp_driver_ppa esp_driver_rmt esp_driver_sd_intf esp_driver_sdio esp_driver_sdm esp_driver_sdmmc esp_driver_sdspi esp_driver_spi esp_driver_touch_sens esp_driver_tsens esp_driver_twai esp_driver_uart esp_driver_usb_serial_jtag esp_eth esp_event esp_gdbstub esp_hid esp_http_client esp_http_server esp_https_ota esp_https_server esp_hw_support esp_lcd esp_local_ctrl esp_mm esp_netif esp_netif_stack esp_partition esp_phy esp_pm esp_psram esp_ringbuf esp_rom esp_security esp_system esp_timer esp_vfs_console esp_wifi espcoredump espressif__cmake_utilities espressif__elf_loader esptool_py fatfs freertos hal heap http_parser idf_test ieee802154 json log lwip main mbedtls mqtt newlib nvs_flash nvs_sec_provider openthread partition_table perfmon protobuf-c protocomm pthread rt sdmmc soc spi_flash spiffs tcp_transport touch_element ulp unity usb vfs wear_levelling wifi_provisioning wpa_supplicant xtensa
-- Component paths: /home/tikhon/Документы/magnolia/esp-idf/components/app_trace /home/tikhon/Документы/magnolia/esp-idf/components/app_update /home/tikhon/Документы/magnolia/esp-idf/components/bootloader /home/tikhon/Документы/magnolia/esp-idf/components/bootloader_support /home/tikhon/Документы/magnolia/esp-idf/components/bt /home/tikhon/Документы/magnolia/esp-idf/components/cmock /home/tikhon/Документы/magnolia/esp-idf/components/console /home/tikhon/Документы/magnolia/esp-idf/components/cxx /home/tikhon/Документы/magnolia/esp-idf/components/driver /home/tikhon/Документы/magnolia/esp-idf/components/efuse /home/tikhon/Документы/magnolia/esp-idf/components/esp-tls /home/tikhon/Документы/magnolia/esp-idf/components/esp_adc /home/tikhon/Документы/magnolia/esp-idf/components/esp_app_format /home/tikhon/Документы/magnolia/esp-idf/components/esp_bootloader_format /home/tikhon/Документы/magnolia/esp-idf/components/esp_coex /home/tikhon/Документы/magnolia/esp-idf/components/esp_common /home/tikhon/Документы/magnolia/esp-idf/components/esp_driver_ana_cmpr /home/tikhon/Документы/magnolia/esp-idf/components/esp_driver_bitscrambler /home/tikhon/Документы/magnolia/esp-idf/components/esp_driver_cam /home/tikhon/Документы/magnolia/esp-idf/components/esp_driver_dac /home/tikhon/Документы/magnolia/esp-idf/components/esp_driver_gpio /home/tikhon/Документы/magnolia/esp-idf/components/esp_driver_gptimer /home/tikhon/Документы/magnolia/esp-idf/components/esp_driver_i2c /home/tikhon/Документы/magnolia/esp-idf/components/esp_driver_i2s /home/tikhon/Документы/magnolia/esp-idf/components/esp_driver_i3c /home/tikhon/Документы/magnolia/esp-idf/components/esp_driver_isp /home/tikhon/Документы/magnolia/esp-idf/components/esp_driver_jpeg /home/tikhon/Документы/magnolia/esp-idf/components/esp_driver_ledc /home/tikhon/Документы/magnolia/esp-idf/components/esp_driver_mcpwm /home/tikhon/Документы/magnolia/esp-idf/components/esp_driver_parlio /home/tikhon/Документы/magnolia/esp-idf/components/esp_driver_pcnt /home/tikhon/Документы/magnolia/esp-idf/components/esp_driver_ppa /home/tikhon/Документы/magnolia/esp-idf/components/esp_driver_rmt /home/tikhon/Документы/magnolia/esp-idf/components/esp_driver_sd_intf /home/tikhon/Документы/magnolia/esp-idf/components/esp_driver_sdio /home/tikhon/Документы/magnolia/esp-idf/components/esp_driver_sdm /home/tikhon/Документы/magnolia/esp-idf/components/esp_driver_sdmmc /home/tikhon/Документы/magnolia/esp-idf/components/esp_driver_sdspi /home/tikhon/Документы/magnolia/esp-idf/components/esp_driver_spi /home/tikhon/Документы/magnolia/esp-idf/components/esp_driver_touch_sens /home/tikhon/Документы/magnolia/esp-idf/components/esp_driver_tsens /home/tikhon/Документы/magnolia/esp-idf/components/esp_driver_twai /home/tikhon/Документы/magnolia/esp-idf/components/esp_driver_uart /home/tikhon/Документы/magnolia/esp-idf/components/esp_driver_usb_serial_jtag /home/tikhon/Документы/magnolia/esp-idf/components/esp_eth /home/tikhon/Документы/magnolia/esp-idf/components/esp_event /home/tikhon/Документы/magnolia/esp-idf/components/esp_gdbstub /home/tikhon/Документы/magnolia/esp-idf/components/esp_hid /home/tikhon/Документы/magnolia/esp-idf/components/esp_http_client /home/tikhon/Документы/magnolia/esp-idf/components/esp_http_server /home/tikhon/Документы/magnolia/esp-idf/components/esp_https_ota /home/tikhon/Документы/magnolia/esp-idf/components/esp_https_server /home/tikhon/Документы/magnolia/esp-idf/components/esp_hw_support /home/tikhon/Документы/magnolia/esp-idf/components/esp_lcd /home/tikhon/Документы/magnolia/esp-idf/components/esp_local_ctrl /home/tikhon/Документы/magnolia/esp-idf/components/esp_mm /home/tikhon/Документы/magnolia/esp-idf/components/esp_netif /home/tikhon/Документы/magnolia/esp-idf/components/esp_netif_stack /home/tikhon/Документы/magnolia/esp-idf/components/esp_partition /home/tikhon/Документы/magnolia/esp-idf/components/esp_phy /home/tikhon/Документы/magnolia/esp-idf/components/esp_pm /home/tikhon/Документы/magnolia/esp-idf/components/esp_psram /home/tikhon/Документы/magnolia/esp-idf/components/esp_ringbuf /home/tikhon/Документы/magnolia/esp-idf/components/esp_rom /home/tikhon/Документы/magnolia/esp-idf/components/esp_security /home/tikhon/Документы/magnolia/esp-idf/components/esp_system /home/tikhon/Документы/magnolia/esp-idf/components/esp_timer /home/tikhon/Документы/magnolia/esp-idf/components/esp_vfs_console /home/tikhon/Документы/magnolia/esp-idf/components/esp_wifi /home/tikhon/Документы/magnolia/esp-idf/components/espcoredump /home/tikhon/Документы/magnolia/applets/go/echo/managed_components/espressif__cmake_utilities /home/tikhon/Документы/magnolia/applets/go/echo/managed_components/espressif__elf_loader /home/tikhon/Документы/magnolia/esp-idf/components/esptool_py /home/tikhon/Документы/magnolia/esp-idf/components/fatfs /home/tikhon/Документы/magnolia/esp-idf/components/freertos /home/tikhon/Документы/magnolia/esp-idf/components/hal /home/tikhon/Документы/magnolia/esp-idf/components/heap /home/tikhon/Документы/magnolia/esp-idf/components/http_parser /home/tikhon/Документы/magnolia/esp-idf/components/idf_test /home/tikhon/Документы/magnolia/esp-idf/components/ieee802154 /home/tikhon/Документы/magnolia/esp-idf/components/json /home/tikhon/Документы/magnolia/esp-idf/components/log /home/tikhon/Документы/magnolia/esp-idf/components/lwip /home/tikhon/Документы/magnolia/applets/go/echo/main /home/tikhon/Документы/magnolia/esp-idf/components/mbedtls /home/tikhon/Документы/magnolia/esp-idf/components/mqtt /home/tikhon/Документы/magnolia/esp-idf/components/newlib /home/tikhon/Документы/magnolia/esp-idf/components/nvs_flash /home/tikhon/Документы/magnolia/esp-idf/components/nvs_sec_provider /home/tikhon/Документы/magnolia/esp-idf/components/openthread /home/tikhon/Документы/magnolia/esp-idf/components/partition_table /home/tikhon/Документы/magnolia/esp-idf/components/perfmon /home/tikhon/Документы/magnolia/esp-idf/components/protobuf-c /home/tikhon/Документы/magnolia/esp-idf/components/protocomm /home/tikhon/Документы/magnolia/esp-idf/components/pthread /home/tikhon/Документы/magnolia/esp-idf/components/rt /home/tikhon/Документы/magnolia/esp-idf/components/sdmmc /home/tikhon/Документы/magnolia/esp-idf/components/soc /home/tikhon/Документы/magnolia/esp-idf/components/spi_flash /home/tikhon/Документы/magnolia/esp-idf/components/spiffs /home/tikhon/Документы/magnolia/esp-idf/components/tcp_transport /home/tikhon/Документы/magnolia/esp-idf/components/touch_element /home/tikhon/Документы/magnolia/esp-idf/components/ulp /home/tikhon/Документы/magnolia/esp-idf/components/unity /home/tikhon/Документы/magnolia/esp-idf/components/usb /home/tikhon/Документы/magnolia/esp-idf/components/vfs /home/tikhon/Документы/magnolia/esp-idf/components/wear_levelling /home/tikhon/Документы/magnolia/esp-idf/components/wifi_provisioning /home/tikhon/Документы/magnolia/esp-idf/components/wpa_supplicant /home/tikhon/Документы/magnolia/esp-idf/components/xtensa
-- Adding linker script /home/tikhon/Документы/magnolia/esp-idf/components/esp_rom/esp32s3/ld/esp32s3.rom.ld
-- Adding linker script /home/tikhon/Документы/magnolia/esp-idf/components/esp_rom/esp32s3/ld/esp32s3.rom.api.ld
-- Adding linker script /home/tikhon/Документы/magnolia/esp-idf/components/esp_rom/esp32s3/ld/esp32s3.rom.bt_funcs.ld
-- Adding linker script /home/tikhon/Документы/magnolia/esp-idf/components/esp_rom/esp32s3/ld/esp32s3.rom.libgcc.ld
-- Adding linker script /home/tikhon/Документы/magnolia/esp-idf/components/esp_rom/esp32s3/ld/esp32s3.rom.wdt.ld
-- Adding linker script /home/tikhon/Документы/magnolia/esp-idf/components/esp_rom/esp32s3/ld/esp32s3.rom.version.ld
-- Adding linker script /home/tikhon/Документы/magnolia/esp-idf/components/esp_rom/esp32s3/ld/esp32s3.rom.ble_master.ld
-- Adding linker script /home/tikhon/Документы/magnolia/esp-idf/components/esp_rom/esp32s3/ld/esp32s3.rom.ble_50.ld
-- Adding linker script /home/tikhon/Документы/magnolia/esp-idf/components/esp_rom/esp32s3/ld/esp32s3.rom.ble_smp.ld
-- Adding linker script /home/tikhon/Документы/magnolia/esp-idf/components/esp_rom/esp32s3/ld/esp32s3.rom.ble_dtm.ld
-- Adding linker script /home/tikhon/Документы/magnolia/esp-idf/components/esp_rom/esp32s3/ld/esp32s3.rom.ble_test.ld
-- Adding linker script /home/tikhon/Документы/magnolia/esp-idf/components/esp_rom/esp32s3/ld/esp32s3.rom.ble_scan.ld
-- Adding linker script /home/tikhon/Документы/magnolia/esp-idf/components/esp_rom/esp32s3/ld/esp32s3.rom.libc.ld
-- Adding linker script /home/tikhon/Документы/magnolia/esp-idf/components/esp_rom/esp32s3/ld/esp32s3.rom.newlib.ld
-- Configuring done (16.6s)
-- Adding linker script /home/tikhon/Документы/magnolia/esp-idf/components/soc/esp32s3/ld/esp32s3.peripherals.ld
[1043/1047] Linking C static library esp-idf/usb/libusb.a
[1044/1047] Building C object esp-idf/wifi_provisioning/CMakeFiles/__idf_wifi_provisioning.dir/src/manager.c.obj
-- ELF_LOADER: 1.1.1
[1045/1047] Linking C static library esp-idf/wifi_provisioning/libwifi_provisioning.a
-- ELF_LOADER: 1.1.1
[1046/1047] Linking C static library esp-idf/main/libmain.a
[1047/1047] Build ELF: hexdump.app.elf
-- Components: app_trace app_update bootloader bootloader_support bt cmock console cxx driver efuse esp-tls esp_adc esp_app_format esp_bootloader_format esp_coex esp_common esp_driver_ana_cmpr esp_driver_bitscrambler esp_driver_cam esp_driver_dac esp_driver_gpio esp_driver_gptimer esp_driver_i2c esp_driver_i2s esp_driver_i3c esp_driver_isp esp_driver_jpeg esp_driver_ledc esp_driver_mcpwm esp_driver_parlio esp_driver_pcnt esp_driver_ppa esp_driver_rmt esp_driver_sd_intf esp_driver_sdio esp_driver_sdm esp_driver_sdmmc esp_driver_sdspi esp_driver_spi esp_driver_touch_sens esp_driver_tsens esp_driver_twai esp_driver_uart esp_driver_usb_serial_jtag esp_eth esp_event esp_gdbstub esp_hid esp_http_client esp_http_server esp_https_ota esp_https_server esp_hw_support esp_lcd esp_local_ctrl esp_mm esp_netif esp_netif_stack esp_partition esp_phy esp_pm esp_psram esp_ringbuf esp_rom esp_security esp_system esp_timer esp_vfs_console esp_wifi espcoredump espressif__cmake_utilities espressif__elf_loader esptool_py fatfs freertos hal heap http_parser idf_test ieee802154 json log lwip main mbedtls mqtt newlib nvs_flash nvs_sec_provider openthread partition_table perfmon protobuf-c protocomm pthread rt sdmmc soc spi_flash spiffs tcp_transport touch_element ulp unity usb vfs wear_levelling wifi_provisioning wpa_supplicant xtensa
-- Component paths: /home/tikhon/Документы/magnolia/esp-idf/components/app_trace /home/tikhon/Документы/magnolia/esp-idf/components/app_update /home/tikhon/Документы/magnolia/esp-idf/components/bootloader /home/tikhon/Документы/magnolia/esp-idf/components/bootloader_support /home/tikhon/Документы/magnolia/esp-idf/components/bt /home/tikhon/Документы/magnolia/esp-idf/components/cmock /home/tikhon/Документы/magnolia/esp-idf/components/console /home/tikhon/Документы/magnolia/esp-idf/components/cxx /home/tikhon/Документы/magnolia/esp-idf/components/driver /home/tikhon/Документы/magnolia/esp-idf/components/efuse /home/tikhon/Документы/magnolia/esp-idf/components/esp-tls /home/tikhon/Документы/magnolia/esp-idf/components/esp_adc /home/tikhon/Документы/magnolia/esp-idf/components/esp_app_format /home/tikhon/Документы/magnolia/esp-idf/components/esp_bootloader_format /home/tikhon/Документы/magnolia/esp-idf/components/esp_coex /home/tikhon/Документы/magnolia/esp-idf/components/esp_common /home/tikhon/Документы/magnolia/esp-idf/components/esp_driver_ana_cmpr /home/tikhon/Документы/magnolia/esp-idf/components/esp_driver_bitscrambler /home/tikhon/Документы/magnolia/esp-idf/components/esp_driver_cam /home/tikhon/Документы/magnolia/esp-idf/components/esp_driver_dac /home/tikhon/Документы/magnolia/esp-idf/components/esp_driver_gpio /home/tikhon/Документы/magnolia/esp-idf/components/esp_driver_gptimer /home/tikhon/Документы/magnolia/esp-idf/components/esp_driver_i2c /home/tikhon/Документы/magnolia/esp-idf/components/esp_driver_i2s /home/tikhon/Документы/magnolia/esp-idf/components/esp_driver_i3c /home/tikhon/Документы/magnolia/esp-idf/components/esp_driver_isp /home/tikhon/Документы/magnolia/esp-idf/components/esp_driver_jpeg /home/tikhon/Документы/magnolia/esp-idf/components/esp_driver_ledc /home/tikhon/Документы/magnolia/esp-idf/components/esp_driver_mcpwm /home/tikhon/Документы/magnolia/esp-idf/components/esp_driver_parlio /home/tikhon/Документы/magnolia/esp-idf/components/esp_driver_pcnt /home/tikhon/Документы/magnolia/esp-idf/components/esp_driver_ppa /home/tikhon/Документы/magnolia/esp-idf/components/esp_driver_rmt /home/tikhon/Документы/magnolia/esp-idf/components/esp_driver_sd_intf /home/tikhon/Документы/magnolia/esp-idf/components/esp_driver_sdio /home/tikhon/Документы/magnolia/esp-idf/components/esp_driver_sdm /home/tikhon/Документы/magnolia/esp-idf/components/esp_driver_sdmmc /home/tikhon/Документы/magnolia/esp-idf/components/esp_driver_sdspi /home/tikhon/Документы/magnolia/esp-idf/components/esp_driver_spi /home/tikhon/Документы/magnolia/esp-idf/components/esp_driver_touch_sens /home/tikhon/Документы/magnolia/esp-idf/components/esp_driver_tsens /home/tikhon/Документы/magnolia/esp-idf/components/esp_driver_twai /home/tikhon/Документы/magnolia/esp-idf/components/esp_driver_uart /home/tikhon/Документы/magnolia/esp-idf/components/esp_driver_usb_serial_jtag /home/tikhon/Документы/magnolia/esp-idf/components/esp_eth /home/tikhon/Документы/magnolia/esp-idf/components/esp_event /home/tikhon/Документы/magnolia/esp-idf/components/esp_gdbstub /home/tikhon/Документы/magnolia/esp-idf/components/esp_hid /home/tikhon/Документы/magnolia/esp-idf/components/esp_http_client /home/tikhon/Документы/magnolia/esp-idf/components/esp_http_server /home/tikhon/Документы/magnolia/esp-idf/components/esp_https_ota /home/tikhon/Документы/magnolia/esp-idf/components/esp_https_server /home/tikhon/Документы/magnolia/esp-idf/components/esp_hw_support /home/tikhon/Документы/magnolia/esp-idf/components/esp_lcd /home/tikhon/Документы/magnolia/esp-idf/components/esp_local_ctrl /home/tikhon/Документы/magnolia/esp-idf/components/esp_mm /home/tikhon/Документы/magnolia/esp-idf/components/esp_netif /home/tikhon/Документы/magnolia/esp-idf/components/esp_netif_stack /home/tikhon/Документы/magnolia/esp-idf/components/esp_partition /home/tikhon/Документы/magnolia/esp-idf/components/esp_phy /home/tikhon/Документы/magnolia/esp-idf/components/esp_pm /home/tikhon/Документы/magnolia/esp-idf/components/esp_psram /home/tikhon/Документы/magnolia/esp-idf/components/esp_ringbuf /home/tikhon/Документы/magnolia/esp-idf/components/esp_rom /home/tikhon/Документы/magnolia/esp-idf/components/esp_security /home/tikhon/Документы/magnolia/esp-idf/components/esp_system /home/tikhon/Документы/magnolia/esp-idf/components/esp_timer /home/tikhon/Документы/magnolia/esp-idf/components/esp_vfs_console /home/tikhon/Документы/magnolia/esp-idf/components/esp_wifi /home/tikhon/Документы/magnolia/esp-idf/components/espcoredump /home/tikhon/Документы/magnolia/applets/go/sleep/managed_components/espressif__cmake_utilities /home/tikhon/Документы/magnolia/applets/go/sleep/managed_components/espressif__elf_loader /home/tikhon/Документы/magnolia/esp-idf/components/esptool_py /home/tikhon/Документы/magnolia/esp-idf/components/fatfs /home/tikhon/Документы/magnolia/esp-idf/components/freertos /home/tikhon/Документы/magnolia/esp-idf/components/hal /home/tikhon/Документы/magnolia/esp-idf/components/heap /home/tikhon/Документы/magnolia/esp-idf/components/http_parser /home/tikhon/Документы/magnolia/esp-idf/components/idf_test /home/tikhon/Документы/magnolia/esp-idf/components/ieee802154 /home/tikhon/Документы/magnolia/esp-idf/components/json /home/tikhon/Документы/magnolia/esp-idf/components/log /home/tikhon/Документы/magnolia/esp-idf/components/lwip /home/tikhon/Документы/magnolia/applets/go/sleep/main /home/tikhon/Документы/magnolia/esp-idf/components/mbedtls /home/tikhon/Документы/magnolia/esp-idf/components/mqtt /home/tikhon/Документы/magnolia/esp-idf/components/newlib /home/tikhon/Документы/magnolia/esp-idf/components/nvs_flash /home/tikhon/Документы/magnolia/esp-idf/components/nvs_sec_provider /home/tikhon/Документы/magnolia/esp-idf/components/openthread /home/tikhon/Документы/magnolia/esp-idf/components/partition_table /home/tikhon/Документы/magnolia/esp-idf/components/perfmon /home/tikhon/Документы/magnolia/esp-idf/components/protobuf-c /home/tikhon/Документы/magnolia/esp-idf/components/protocomm /home/tikhon/Документы/magnolia/esp-idf/components/pthread /home/tikhon/Документы/magnolia/esp-idf/components/rt /home/tikhon/Документы/magnolia/esp-idf/components/sdmmc /home/tikhon/Документы/magnolia/esp-idf/components/soc /home/tikhon/Документы/magnolia/esp-idf/components/spi_flash /home/tikhon/Документы/magnolia/esp-idf/components/spiffs /home/tikhon/Документы/magnolia/esp-idf/components/tcp_transport /home/tikhon/Документы/magnolia/esp-idf/components/touch_element /home/tikhon/Документы/magnolia/esp-idf/components/ulp /home/tikhon/Документы/magnolia/esp-idf/components/unity /home/tikhon/Документы/magnolia/esp-idf/components/usb /home/tikhon/Документы/magnolia/esp-idf/components/vfs /home/tikhon/Документы/magnolia/esp-idf/components/wear_levelling /home/tikhon/Документы/magnolia/esp-idf/components/wifi_provisioning /home/tikhon/Документы/magnolia/esp-idf/components/wpa_supplicant /home/tikhon/Документы/magnolia/esp-idf/components/xtensa
-- Configuring done (15.8s)
Executing action: elf
Running ninja in directory /home/tikhon/Документы/magnolia/applets/rust/edit/build
Executing "ninja elf"...
[0/2] Re-checking globbed directories...
-- ELF_LOADER: 1.1.1
-- Compiler supported targets: xtensa-esp-elf
-- Components: app_trace app_update bootloader bootloader_support bt cmock console cxx driver efuse esp-tls esp_adc esp_app_format esp_bootloader_format esp_coex esp_common esp_driver_ana_cmpr esp_driver_bitscrambler esp_driver_cam esp_driver_dac esp_driver_gpio esp_driver_gptimer esp_driver_i2c esp_driver_i2s esp_driver_i3c esp_driver_isp esp_driver_jpeg esp_driver_ledc esp_driver_mcpwm esp_driver_parlio esp_driver_pcnt esp_driver_ppa esp_driver_rmt esp_driver_sd_intf esp_driver_sdio esp_driver_sdm esp_driver_sdmmc esp_driver_sdspi esp_driver_spi esp_driver_touch_sens esp_driver_tsens esp_driver_twai esp_driver_uart esp_driver_usb_serial_jtag esp_eth esp_event esp_gdbstub esp_hid esp_http_client esp_http_server esp_https_ota esp_https_server esp_hw_support esp_lcd esp_local_ctrl esp_mm esp_netif esp_netif_stack esp_partition esp_phy esp_pm esp_psram esp_ringbuf esp_rom esp_security esp_system esp_timer esp_vfs_console esp_wifi espcoredump espressif__cmake_utilities espressif__elf_loader esptool_py fatfs freertos hal heap http_parser idf_test ieee802154 json log lwip main mbedtls mqtt newlib nvs_flash nvs_sec_provider openthread partition_table perfmon protobuf-c protocomm pthread rt sdmmc soc spi_flash spiffs tcp_transport touch_element ulp unity usb vfs wear_levelling wifi_provisioning wpa_supplicant xtensa
-- Component paths: /home/tikhon/Документы/magnolia/esp-idf/components/app_trace /home/tikhon/Документы/magnolia/esp-idf/components/app_update /home/tikhon/Документы/magnolia/esp-idf/components/bootloader /home/tikhon/Документы/magnolia/esp-idf/components/bootloader_support /home/tikhon/Документы/magnolia/esp-idf/components/bt /home/tikhon/Документы/magnolia/esp-idf/components/cmock /home/tikhon/Документы/magnolia/esp-idf/components/console /home/tikhon/Документы/magnolia/esp-idf/components/cxx /home/tikhon/Документы/magnolia/esp-idf/components/driver /home/tikhon/Документы/magnolia/esp-idf/components/efuse /home/tikhon/Документы/magnolia/esp-idf/components/esp-tls /home/tikhon/Документы/magnolia/esp-idf/components/esp_adc /home/tikhon/Документы/magnolia/esp-idf/components/esp_app_format /home/tikhon/Документы/magnolia/esp-idf/components/esp_bootloader_format /home/tikhon/Документы/magnolia/esp-idf/components/esp_coex /home/tikhon/Документы/magnolia/esp-idf/components/esp_common /home/tikhon/Документы/magnolia/esp-idf/components/esp_driver_ana_cmpr /home/tikhon/Документы/magnolia/esp-idf/components/esp_driver_bitscrambler /home/tikhon/Документы/magnolia/esp-idf/components/esp_driver_cam /home/tikhon/Документы/magnolia/esp-idf/components/esp_driver_dac /home/tikhon/Документы/magnolia/esp-idf/components/esp_driver_gpio /home/tikhon/Документы/magnolia/esp-idf/components/esp_driver_gptimer /home/tikhon/Документы/magnolia/esp-idf/components/esp_driver_i2c /home/tikhon/Документы/magnolia/esp-idf/components/esp_driver_i2s /home/tikhon/Документы/magnolia/esp-idf/components/esp_driver_i3c /home/tikhon/Документы/magnolia/esp-idf/components/esp_driver_isp /home/tikhon/Документы/magnolia/esp-idf/components/esp_driver_jpeg /home/tikhon/Документы/magnolia/esp-idf/components/esp_driver_ledc /home/tikhon/Документы/magnolia/esp-idf/components/esp_driver_mcpwm /home/tikhon/Документы/magnolia/esp-idf/components/esp_driver_parlio /home/tikhon/Документы/magnolia/esp-idf/components/esp_driver_pcnt /home/tikhon/Документы/magnolia/esp-idf/components/esp_driver_ppa /home/tikhon/Документы/magnolia/esp-idf/components/esp_driver_rmt /home/tikhon/Документы/magnolia/esp-idf/components/esp_driver_sd_intf /home/tikhon/Документы/magnolia/esp-idf/components/esp_driver_sdio /home/tikhon/Документы/magnolia/esp-idf/components/esp_driver_sdm /home/tikhon/Документы/magnolia/esp-idf/components/esp_driver_sdmmc /home/tikhon/Документы/magnolia/esp-idf/components/esp_driver_sdspi /home/tikhon/Документы/magnolia/esp-idf/components/esp_driver_spi /home/tikhon/Документы/magnolia/esp-idf/components/esp_driver_touch_sens /home/tikhon/Документы/magnolia/esp-idf/components/esp_driver_tsens /home/tikhon/Документы/magnolia/esp-idf/components/esp_driver_twai /home/tikhon/Документы/magnolia/esp-idf/components/esp_driver_uart /home/tikhon/Документы/magnolia/esp-idf/components/esp_driver_usb_serial_jtag /home/tikhon/Документы/magnolia/esp-idf/components/esp_eth /home/tikhon/Документы/magnolia/esp-idf/components/esp_event /home/tikhon/Документы/magnolia/esp-idf/components/esp_gdbstub /home/tikhon/Документы/magnolia/esp-idf/components/esp_hid /home/tikhon/Документы/magnolia/esp-idf/components/esp_http_client /home/tikhon/Документы/magnolia/esp-idf/components/esp_http_server /home/tikhon/Документы/magnolia/esp-idf/components/esp_https_ota /home/tikhon/Документы/magnolia/esp-idf/components/esp_https_server /home/tikhon/Документы/magnolia/esp-idf/components/esp_hw_support /home/tikhon/Документы/magnolia/esp-idf/components/esp_lcd /home/tikhon/Документы/magnolia/esp-idf/components/esp_local_ctrl /home/tikhon/Документы/magnolia/esp-idf/components/esp_mm /home/tikhon/Документы/magnolia/esp-idf/components/esp_netif /home/tikhon/Документы/magnolia/esp-idf/components/esp_netif_stack /home/tikhon/Документы/magnolia/esp-idf/components/esp_partition /home/tikhon/Документы/magnolia/esp-idf/components/esp_phy /home/tikhon/Документы/magnolia/esp-idf/components/esp_pm /home/tikhon/Документы/magnolia/esp-idf/components/esp_psram /home/tikhon/Документы/magnolia/esp-idf/components/esp_ringbuf /home/tikhon/Документы/magnolia/esp-idf/components/esp_rom /home/tikhon/Документы/magnolia/esp-idf/components/esp_security /home/tikhon/Документы/magnolia/esp-idf/components/esp_system /home/tikhon/Документы/magnolia/esp-idf/components/esp_timer /home/tikhon/Документы/magnolia/esp-idf/components/esp_vfs_console /home/tikhon/Документы/magnolia/esp-idf/components/esp_wifi /home/tikhon/Документы/magnolia/esp-idf/components/espcoredump /home/tikhon/Документы/magnolia/applets/go/godd/managed_components/espressif__cmake_utilities /home/tikhon/Документы/magnolia/applets/go/godd/managed_components/espressif__elf_loader /home/tikhon/Документы/magnolia/esp-idf/components/esptool_py /home/tikhon/Документы/magnolia/esp-idf/components/fatfs /home/tikhon/Документы/magnolia/esp-idf/components/freertos /home/tikhon/Документы/magnolia/esp-idf/components/hal /home/tikhon/Документы/magnolia/esp-idf/components/heap /home/tikhon/Документы/magnolia/esp-idf/components/http_parser /home/tikhon/Документы/magnolia/esp-idf/components/idf_test /home/tikhon/Документы/magnolia/esp-idf/components/ieee802154 /home/tikhon/Документы/magnolia/esp-idf/components/json /home/tikhon/Документы/magnolia/esp-idf/components/log /home/tikhon/Документы/magnolia/esp-idf/components/lwip /home/tikhon/Документы/magnolia/applets/go/godd/main /home/tikhon/Документы/magnolia/esp-idf/components/mbedtls /home/tikhon/Документы/magnolia/esp-idf/components/mqtt /home/tikhon/Документы/magnolia/esp-idf/components/newlib /home/tikhon/Документы/magnolia/esp-idf/components/nvs_flash /home/tikhon/Документы/magnolia/esp-idf/components/nvs_sec_provider /home/tikhon/Документы/magnolia/esp-idf/components/openthread /home/tikhon/Документы/magnolia/esp-idf/components/partition_table /home/tikhon/Документы/magnolia/esp-idf/components/perfmon /home/tikhon/Документы/magnolia/esp-idf/components/protobuf-c /home/tikhon/Документы/magnolia/esp-idf/components/protocomm /home/tikhon/Документы/magnolia/esp-idf/components/pthread /home/tikhon/Документы/magnolia/esp-idf/components/rt /home/tikhon/Документы/magnolia/esp-idf/components/sdmmc /home/tikhon/Документы/magnolia/esp-idf/components/soc /home/tikhon/Документы/magnolia/esp-idf/components/spi_flash /home/tikhon/Документы/magnolia/esp-idf/components/spiffs /home/tikhon/Документы/magnolia/esp-idf/components/tcp_transport /home/tikhon/Документы/magnolia/esp-idf/components/touch_element /home/tikhon/Документы/magnolia/esp-idf/components/ulp /home/tikhon/Документы/magnolia/esp-idf/components/unity /home/tikhon/Документы/magnolia/esp-idf/components/usb /home/tikhon/Документы/magnolia/esp-idf/components/vfs /home/tikhon/Документы/magnolia/esp-idf/components/wear_levelling /home/tikhon/Документы/magnolia/esp-idf/components/wifi_provisioning /home/tikhon/Документы/magnolia/esp-idf/components/wpa_supplicant /home/tikhon/Документы/magnolia/esp-idf/components/xtensa
-- ELF_LOADER: 1.1.1
-- Configuring done (15.7s)
-- Configuring incomplete, errors occurred!
Applet hexdump OK -> /home/tikhon/Документы/magnolia/rootfs/bin/hexdump
Building applet rhexdump -> rhexdump ...
Reconfiguring applet rhexdump (cmake inputs changed)
+ idf.py reconfigure
-- ELF_LOADER: 1.1.1
-- Components: app_trace app_update bootloader bootloader_support bt cmock console cxx driver efuse esp-tls esp_adc esp_app_format esp_bootloader_format esp_coex esp_common esp_driver_ana_cmpr esp_driver_bitscrambler esp_driver_cam esp_driver_dac esp_driver_gpio esp_driver_gptimer esp_driver_i2c esp_driver_i2s esp_driver_i3c esp_driver_isp esp_driver_jpeg esp_driver_ledc esp_driver_mcpwm esp_driver_parlio esp_driver_pcnt esp_driver_ppa esp_driver_rmt esp_driver_sd_intf esp_driver_sdio esp_driver_sdm esp_driver_sdmmc esp_driver_sdspi esp_driver_spi esp_driver_touch_sens esp_driver_tsens esp_driver_twai esp_driver_uart esp_driver_usb_serial_jtag esp_eth esp_event esp_gdbstub esp_hid esp_http_client esp_http_server esp_https_ota esp_https_server esp_hw_support esp_lcd esp_local_ctrl esp_mm esp_netif esp_netif_stack esp_partition esp_phy esp_pm esp_psram esp_ringbuf esp_rom esp_security esp_system esp_timer esp_vfs_console esp_wifi espcoredump espressif__cmake_utilities espressif__elf_loader esptool_py fatfs freertos hal heap http_parser idf_test ieee802154 json log lwip main mbedtls mqtt newlib nvs_flash nvs_sec_provider openthread partition_table perfmon protobuf-c protocomm pthread rt sdmmc soc spi_flash spiffs tcp_transport touch_element ulp unity usb vfs wear_levelling wifi_provisioning wpa_supplicant xtensa
-- Component paths: /home/tikhon/Документы/magnolia/esp-idf/components/app_trace /home/tikhon/Документы/magnolia/esp-idf/components/app_update /home/tikhon/Документы/magnolia/esp-idf/components/bootloader /home/tikhon/Документы/magnolia/esp-idf/components/bootloader_support /home/tikhon/Документы/magnolia/esp-idf/components/bt /home/tikhon/Документы/magnolia/esp-idf/components/cmock /home/tikhon/Документы/magnolia/esp-idf/components/console /home/tikhon/Документы/magnolia/esp-idf/components/cxx /home/tikhon/Документы/magnolia/esp-idf/components/driver /home/tikhon/Документы/magnolia/esp-idf/components/efuse /home/tikhon/Документы/magnolia/esp-idf/components/esp-tls /home/tikhon/Документы/magnolia/esp-idf/components/esp_adc /home/tikhon/Документы/magnolia/esp-idf/components/esp_app_format /home/tikhon/Документы/magnolia/esp-idf/components/esp_bootloader_format /home/tikhon/Документы/magnolia/esp-idf/components/esp_coex /home/tikhon/Документы/magnolia/esp-idf/components/esp_common /home/tikhon/Документы/magnolia/esp-idf/components/esp_driver_ana_cmpr /home/tikhon/Документы/magnolia/esp-idf/components/esp_driver_bitscrambler /home/tikhon/Документы/magnolia/esp-idf/components/esp_driver_cam /home/tikhon/Документы/magnolia/esp-idf/components/esp_driver_dac /home/tikhon/Документы/magnolia/esp-idf/components/esp_driver_gpio /home/tikhon/Документы/magnolia/esp-idf/components/esp_driver_gptimer /home/tikhon/Документы/magnolia/esp-idf/components/esp_driver_i2c /home/tikhon/Документы/magnolia/esp-idf/components/esp_driver_i2s /home/tikhon/Документы/magnolia/esp-idf/components/esp_driver_i3c /home/tikhon/Документы/magnolia/esp-idf/components/esp_driver_isp /home/tikhon/Документы/magnolia/esp-idf/components/esp_driver_jpeg /home/tikhon/Документы/magnolia/esp-idf/components/esp_driver_ledc /home/tikhon/Документы/magnolia/esp-idf/components/esp_driver_mcpwm /home/tikhon/Документы/magnolia/esp-idf/components/esp_driver_parlio /home/tikhon/Документы/magnolia/esp-idf/components/esp_driver_pcnt /home/tikhon/Документы/magnolia/esp-idf/components/esp_driver_ppa /home/tikhon/Документы/magnolia/esp-idf/components/esp_driver_rmt /home/tikhon/Документы/magnolia/esp-idf/components/esp_driver_sd_intf /home/tikhon/Документы/magnolia/esp-idf/components/esp_driver_sdio /home/tikhon/Документы/magnolia/esp-idf/components/esp_driver_sdm /home/tikhon/Документы/magnolia/esp-idf/components/esp_driver_sdmmc /home/tikhon/Документы/magnolia/esp-idf/components/esp_driver_sdspi /home/tikhon/Документы/magnolia/esp-idf/components/esp_driver_spi /home/tikhon/Документы/magnolia/esp-idf/components/esp_driver_touch_sens /home/tikhon/Документы/magnolia/esp-idf/components/esp_driver_tsens /home/tikhon/Документы/magnolia/esp-idf/components/esp_driver_twai /home/tikhon/Документы/magnolia/esp-idf/components/esp_driver_uart /home/tikhon/Документы/magnolia/esp-idf/components/esp_driver_usb_serial_jtag /home/tikhon/Документы/magnolia/esp-idf/components/esp_eth /home/tikhon/Документы/magnolia/esp-idf/components/esp_event /home/tikhon/Документы/magnolia/esp-idf/components/esp_gdbstub /home/tikhon/Документы/magnolia/esp-idf/components/esp_hid /home/tikhon/Документы/magnolia/esp-idf/components/esp_http_client /home/tikhon/Документы/magnolia/esp-idf/components/esp_http_server /home/tikhon/Документы/magnolia/esp-idf/components/esp_https_ota /home/tikhon/Документы/magnolia/esp-idf/components/esp_https_server /home/tikhon/Документы/magnolia/esp-idf/components/esp_hw_support /home/tikhon/Документы/magnolia/esp-idf/components/esp_lcd /home/tikhon/Документы/magnolia/esp-idf/components/esp_local_ctrl /home/tikhon/Документы/magnolia/esp-idf/components/esp_mm /home/tikhon/Документы/magnolia/esp-idf/components/esp_netif /home/tikhon/Документы/magnolia/esp-idf/components/esp_netif_stack /home/tikhon/Документы/magnolia/esp-idf/components/esp_partition /home/tikhon/Документы/magnolia/esp-idf/components/esp_phy /home/tikhon/Документы/magnolia/esp-idf/components/esp_pm /home/tikhon/Документы/magnolia/esp-idf/components/esp_psram /home/tikhon/Документы/magnolia/esp-idf/components/esp_ringbuf /home/tikhon/Документы/magnolia/esp-idf/components/esp_rom /home/tikhon/Документы/magnolia/esp-idf/components/esp_security /home/tikhon/Документы/magnolia/esp-idf/components/esp_system /home/tikhon/Документы/magnolia/esp-idf/components/esp_timer /home/tikhon/Документы/magnolia/esp-idf/components/esp_vfs_console /home/tikhon/Документы/magnolia/esp-idf/components/esp_wifi /home/tikhon/Документы/magnolia/esp-idf/components/espcoredump /home/tikhon/Документы/magnolia/applets/go/gotest/managed_components/espressif__cmake_utilities /home/tikhon/Документы/magnolia/applets/go/gotest/managed_components/espressif__elf_loader /home/tikhon/Документы/magnolia/esp-idf/components/esptool_py /home/tikhon/Документы/magnolia/esp-idf/components/fatfs /home/tikhon/Документы/magnolia/esp-idf/components/freertos /home/tikhon/Документы/magnolia/esp-idf/components/hal /home/tikhon/Документы/magnolia/esp-idf/components/heap /home/tikhon/Документы/magnolia/esp-idf/components/http_parser /home/tikhon/Документы/magnolia/esp-idf/components/idf_test /home/tikhon/Документы/magnolia/esp-idf/components/ieee802154 /home/tikhon/Документы/magnolia/esp-idf/components/json /home/tikhon/Документы/magnolia/esp-idf/components/log /home/tikhon/Документы/magnolia/esp-idf/components/lwip /home/tikhon/Документы/magnolia/applets/go/gotest/main /home/tikhon/Документы/magnolia/esp-idf/components/mbedtls /home/tikhon/Документы/magnolia/esp-idf/components/mqtt /home/tikhon/Документы/magnolia/esp-idf/components/newlib /home/tikhon/Документы/magnolia/esp-idf/components/nvs_flash /home/tikhon/Документы/magnolia/esp-idf/components/nvs_sec_provider /home/tikhon/Документы/magnolia/esp-idf/components/openthread /home/tikhon/Документы/magnolia/esp-idf/components/partition_table /home/tikhon/Документы/magnolia/esp-idf/components/perfmon /home/tikhon/Документы/magnolia/esp-idf/components/protobuf-c /home/tikhon/Документы/magnolia/esp-idf/components/protocomm /home/tikhon/Документы/magnolia/esp-idf/components/pthread /home/tikhon/Документы/magnolia/esp-idf/components/rt /home/tikhon/Документы/magnolia/esp-idf/components/sdmmc /home/tikhon/Документы/magnolia/esp-idf/components/soc /home/tikhon/Документы/magnolia/esp-idf/components/spi_flash /home/tikhon/Документы/magnolia/esp-idf/components/spiffs /home/tikhon/Документы/magnolia/esp-idf/components/tcp_transport /home/tikhon/Документы/magnolia/esp-idf/components/touch_element /home/tikhon/Документы/magnolia/esp-idf/components/ulp /home/tikhon/Документы/magnolia/esp-idf/components/unity /home/tikhon/Документы/magnolia/esp-idf/components/usb /home/tikhon/Документы/magnolia/esp-idf/components/vfs /home/tikhon/Документы/magnolia/esp-idf/components/wear_levelling /home/tikhon/Документы/magnolia/esp-idf/components/wifi_provisioning /home/tikhon/Документы/magnolia/esp-idf/components/wpa_supplicant /home/tikhon/Документы/magnolia/esp-idf/components/xtensa
-- Configuring done (14.7s)
Executing action: reconfigure
Running cmake in directory /home/tikhon/Документы/magnolia/applets/rust/rdd/build
Executing "cmake -G Ninja -DPYTHON_DEPS_CHECKED=1 -DPYTHON=/home/tikhon/.espressif/python_env/idf6.0_py3.12_env/bin/python -DESP_PLATFORM=1 -DCCACHE_ENABLE=0 /home/tikhon/Документы/magnolia/applets/rust/rdd"...
-- Found Git: /usr/bin/git (found version "2.43.0") 
-- App "true" version: 96a69bd-dirty
-- Components: app_trace app_update bootloader bootloader_support bt cmock console cxx driver efuse esp-tls esp_adc esp_app_format esp_bootloader_format esp_coex esp_common esp_driver_ana_cmpr esp_driver_bitscrambler esp_driver_cam esp_driver_dac esp_driver_gpio esp_driver_gptimer esp_driver_i2c esp_driver_i2s esp_driver_i3c esp_driver_isp esp_driver_jpeg esp_driver_ledc esp_driver_mcpwm esp_driver_parlio esp_driver_pcnt esp_driver_ppa esp_driver_rmt esp_driver_sd_intf esp_driver_sdio esp_driver_sdm esp_driver_sdmmc esp_driver_sdspi esp_driver_spi esp_driver_touch_sens esp_driver_tsens esp_driver_twai esp_driver_uart esp_driver_usb_serial_jtag esp_eth esp_event esp_gdbstub esp_hid esp_http_client esp_http_server esp_https_ota esp_https_server esp_hw_support esp_lcd esp_local_ctrl esp_mm esp_netif esp_netif_stack esp_partition esp_phy esp_pm esp_psram esp_ringbuf esp_rom esp_security esp_system esp_timer esp_vfs_console esp_wifi espcoredump espressif__cmake_utilities espressif__elf_loader esptool_py fatfs freertos hal heap http_parser idf_test ieee802154 json log lwip main mbedtls mqtt newlib nvs_flash nvs_sec_provider openthread partition_table perfmon protobuf-c protocomm pthread rt sdmmc soc spi_flash spiffs tcp_transport touch_element ulp unity usb vfs wear_levelling wifi_provisioning wpa_supplicant xtensa
-- Component paths: /home/tikhon/Документы/magnolia/esp-idf/components/app_trace /home/tikhon/Документы/magnolia/esp-idf/components/app_update /home/tikhon/Документы/magnolia/esp-idf/components/bootloader /home/tikhon/Документы/magnolia/esp-idf/components/bootloader_support /home/tikhon/Документы/magnolia/esp-idf/components/bt /home/tikhon/Документы/magnolia/esp-idf/components/cmock /home/tikhon/Документы/magnolia/esp-idf/components/console /home/tikhon/Документы/magnolia/esp-idf/components/cxx /home/tikhon/Документы/magnolia/esp-idf/components/driver /home/tikhon/Документы/magnolia/esp-idf/components/efuse /home/tikhon/Документы/magnolia/esp-idf/components/esp-tls /home/tikhon/Документы/magnolia/esp-idf/components/esp_adc /home/tikhon/Документы/magnolia/esp-idf/components/esp_app_format /home/tikhon/Документы/magnolia/esp-idf/components/esp_bootloader_format /home/tikhon/Документы/magnolia/esp-idf/components/esp_coex /home/tikhon/Документы/magnolia/esp-idf/components/esp_common /home/tikhon/Документы/magnolia/esp-idf/components/esp_driver_ana_cmpr /home/tikhon/Документы/magnolia/esp-idf/components/esp_driver_bitscrambler /home/tikhon/Документы/magnolia/esp-idf/components/esp_driver_cam /home/tikhon/Документы/magnolia/esp-idf/components/esp_driver_dac /home/tikhon/Документы/magnolia/esp-idf/components/esp_driver_gpio /home/tikhon/Документы/magnolia/esp-idf/components/esp_driver_gptimer /home/tikhon/Документы/magnolia/esp-idf/components/esp_driver_i2c /home/tikhon/Документы/magnolia/esp-idf/components/esp_driver_i2s /home/tikhon/Документы/magnolia/esp-idf/components/esp_driver_i3c /home/tikhon/Документы/magnolia/esp-idf/components/esp_driver_isp /home/tikhon/Документы/magnolia/esp-idf/components/esp_driver_jpeg /home/tikhon/Документы/magnolia/esp-idf/components/esp_driver_ledc /home/tikhon/Документы/magnolia/esp-idf/components/esp_driver_mcpwm /home/tikhon/Документы/magnolia/esp-idf/components/esp_driver_parlio /home/tikhon/Документы/magnolia/esp-idf/components/esp_driver_pcnt /home/tikhon/Документы/magnolia/esp-idf/components/esp_driver_ppa /home/tikhon/Документы/magnolia/esp-idf/components/esp_driver_rmt /home/tikhon/Документы/magnolia/esp-idf/components/esp_driver_sd_intf /home/tikhon/Документы/magnolia/esp-idf/components/esp_driver_sdio /home/tikhon/Документы/magnolia/esp-idf/components/esp_driver_sdm /home/tikhon/Документы/magnolia/esp-idf/components/esp_driver_sdmmc /home/tikhon/Документы/magnolia/esp-idf/components/esp_driver_sdspi /home/tikhon/Документы/magnolia/esp-idf/components/esp_driver_spi /home/tikhon/Документы/magnolia/esp-idf/components/esp_driver_touch_sens /home/tikhon/Документы/magnolia/esp-idf/components/esp_driver_tsens /home/tikhon/Документы/magnolia/esp-idf/components/esp_driver_twai /home/tikhon/Документы/magnolia/esp-idf/components/esp_driver_uart /home/tikhon/Документы/magnolia/esp-idf/components/esp_driver_usb_serial_jtag /home/tikhon/Документы/magnolia/esp-idf/components/esp_eth /home/tikhon/Документы/magnolia/esp-idf/components/esp_event /home/tikhon/Документы/magnolia/esp-idf/components/esp_gdbstub /home/tikhon/Документы/magnolia/esp-idf/components/esp_hid /home/tikhon/Документы/magnolia/esp-idf/components/esp_http_client /home/tikhon/Документы/magnolia/esp-idf/components/esp_http_server /home/tikhon/Документы/magnolia/esp-idf/components/esp_https_ota /home/tikhon/Документы/magnolia/esp-idf/components/esp_https_server /home/tikhon/Документы/magnolia/esp-idf/components/esp_hw_support /home/tikhon/Документы/magnolia/esp-idf/components/esp_lcd /home/tikhon/Документы/magnolia/esp-idf/components/esp_local_ctrl /home/tikhon/Документы/magnolia/esp-idf/components/esp_mm /home/tikhon/Документы/magnolia/esp-idf/components/esp_netif /home/tikhon/Документы/magnolia/esp-idf/components/esp_netif_stack /home/tikhon/Документы/magnolia/esp-idf/components/esp_partition /home/tikhon/Документы/magnolia/esp-idf/components/esp_phy /home/tikhon/Документы/magnolia/esp-idf/components/esp_pm /home/tikhon/Документы/magnolia/esp-idf/components/esp_psram /home/tikhon/Документы/magnolia/esp-idf/components/esp_ringbuf /home/tikhon/Документы/magnolia/esp-idf/components/esp_rom /home/tikhon/Документы/magnolia/esp-idf/components/esp_security /home/tikhon/Документы/magnolia/esp-idf/components/esp_system /home/tikhon/Документы/magnolia/esp-idf/components/esp_timer /home/tikhon/Документы/magnolia/esp-idf/components/esp_vfs_console /home/tikhon/Документы/magnolia/esp-idf/components/esp_wifi /home/tikhon/Документы/magnolia/esp-idf/components/espcoredump /home/tikhon/Документы/magnolia/applets/go/goargs/managed_components/espressif__cmake_utilities /home/tikhon/Документы/magnolia/applets/go/goargs/managed_components/espressif__elf_loader /home/tikhon/Документы/magnolia/esp-idf/components/esptool_py /home/tikhon/Документы/magnolia/esp-idf/components/fatfs /home/tikhon/Документы/magnolia/esp-idf/components/freertos /home/tikhon/Документы/magnolia/esp-idf/components/hal /home/tikhon/Документы/magnolia/esp-idf/components/heap /home/tikhon/Документы/magnolia/esp-idf/components/http_parser /home/tikhon/Документы/magnolia/esp-idf/components/idf_test /home/tikhon/Документы/magnolia/esp-idf/components/ieee802154 /home/tikhon/Документы/magnolia/esp-idf/components/json /home/tikhon/Документы/magnolia/esp-idf/components/log /home/tikhon/Документы/magnolia/esp-idf/components/lwip /home/tikhon/Документы/magnolia/applets/go/goargs/main /home/tikhon/Документы/magnolia/esp-idf/components/mbedtls /home/tikhon/Документы/magnolia/esp-idf/components/mqtt /home/tikhon/Документы/magnolia/esp-idf/components/newlib /home/tikhon/Документы/magnolia/esp-idf/components/nvs_flash /home/tikhon/Документы/magnolia/esp-idf/components/nvs_sec_provider /home/tikhon/Документы/magnolia/esp-idf/components/openthread /home/tikhon/Документы/magnolia/esp-idf/components/partition_table /home/tikhon/Документы/magnolia/esp-idf/components/perfmon /home/tikhon/Документы/magnolia/esp-idf/components/protobuf-c /home/tikhon/Документы/magnolia/esp-idf/components/protocomm /home/tikhon/Документы/magnolia/esp-idf/components/pthread /home/tikhon/Документы/magnolia/esp-idf/components/rt /home/tikhon/Документы/magnolia/esp-idf/components/sdmmc /home/tikhon/Документы/magnolia/esp-idf/components/soc /home/tikhon/Документы/magnolia/esp-idf/components/spi_flash /home/tikhon/Документы/magnolia/esp-idf/components/spiffs /home/tikhon/Документы/magnolia/esp-idf/components/tcp_transport /home/tikhon/Документы/magnolia/esp-idf/components/touch_element /home/tikhon/Документы/magnolia/esp-idf/components/ulp /home/tikhon/Документы/magnolia/esp-idf/components/unity /home/tikhon/Документы/magnolia/esp-idf/components/usb /home/tikhon/Документы/magnolia/esp-idf/components/vfs /home/tikhon/Документы/magnolia/esp-idf/components/wear_levelling /home/tikhon/Документы/magnolia/esp-idf/components/wifi_provisioning /home/tikhon/Документы/magnolia/esp-idf/components/wpa_supplicant /home/tikhon/Документы/magnolia/esp-idf/components/xtensa
-- Components: app_trace app_update bootloader bootloader_support bt cmock console cxx driver efuse esp-tls esp_adc esp_app_format esp_bootloader_format esp_coex esp_common esp_driver_ana_cmpr esp_driver_bitscrambler esp_driver_cam esp_driver_dac esp_driver_gpio esp_driver_gptimer esp_driver_i2c esp_driver_i2s esp_driver_i3c esp_driver_isp esp_driver_jpeg esp_driver_ledc esp_driver_mcpwm esp_driver_parlio esp_driver_pcnt esp_driver_ppa esp_driver_rmt esp_driver_sd_intf esp_driver_sdio esp_driver_sdm esp_driver_sdmmc esp_driver_sdspi esp_driver_spi esp_driver_touch_sens esp_driver_tsens esp_driver_twai esp_driver_uart esp_driver_usb_serial_jtag esp_eth esp_event esp_gdbstub esp_hid esp_http_client esp_http_server esp_https_ota esp_https_server esp_hw_support esp_lcd esp_local_ctrl esp_mm esp_netif esp_netif_stack esp_partition esp_phy esp_pm esp_psram esp_ringbuf esp_rom esp_security esp_system esp_timer esp_vfs_console esp_wifi espcoredump espressif__cmake_utilities espressif__elf_loader esptool_py fatfs freertos hal heap http_parser idf_test ieee802154 json log lwip main mbedtls mqtt newlib nvs_flash nvs_sec_provider openthread partition_table perfmon protobuf-c protocomm pthread rt sdmmc soc spi_flash spiffs tcp_transport touch_element ulp unity usb vfs wear_levelling wifi_provisioning wpa_supplicant xtensa
-- Component paths: /home/tikhon/Документы/magnolia/esp-idf/components/app_trace /home/tikhon/Документы/magnolia/esp-idf/components/app_update /home/tikhon/Документы/magnolia/esp-idf/components/bootloader /home/tikhon/Документы/magnolia/esp-idf/components/bootloader_support /home/tikhon/Документы/magnolia/esp-idf/components/bt /home/tikhon/Документы/magnolia/esp-idf/components/cmock /home/tikhon/Документы/magnolia/esp-idf/components/console /home/tikhon/Документы/magnolia/esp-idf/components/cxx /home/tikhon/Документы/magnolia/esp-idf/components/driver /home/tikhon/Документы/magnolia/esp-idf/components/efuse /home/tikhon/Документы/magnolia/esp-idf/components/esp-tls /home/tikhon/Документы/magnolia/esp-idf/components/esp_adc /home/tikhon/Документы/magnolia/esp-idf/components/esp_app_format /home/tikhon/Документы/magnolia/esp-idf/components/esp_bootloader_format /home/tikhon/Документы/magnolia/esp-idf/components/esp_coex /home/tikhon/Документы/magnolia/esp-idf/components/esp_common /home/tikhon/Документы/magnolia/esp-idf/components/esp_driver_ana_cmpr /home/tikhon/Документы/magnolia/esp-idf/components/esp_driver_bitscrambler /home/tikhon/Документы/magnolia/esp-idf/components/esp_driver_cam /home/tikhon/Документы/magnolia/esp-idf/components/esp_driver_dac /home/tikhon/Документы/magnolia/esp-idf/components/esp_driver_gpio /home/tikhon/Документы/magnolia/esp-idf/components/esp_driver_gptimer /home/tikhon/Документы/magnolia/esp-idf/components/esp_driver_i2c /home/tikhon/Документы/magnolia/esp-idf/components/esp_driver_i2s /home/tikhon/Документы/magnolia/esp-idf/components/esp_driver_i3c /home/tikhon/Документы/magnolia/esp-idf/components/esp_driver_isp /home/tikhon/Документы/magnolia/esp-idf/components/esp_driver_jpeg /home/tikhon/Документы/magnolia/esp-idf/components/esp_driver_ledc /home/tikhon/Документы/magnolia/esp-idf/components/esp_driver_mcpwm /home/tikhon/Документы/magnolia/esp-idf/components/esp_driver_parlio /home/tikhon/Документы/magnolia/esp-idf/components/esp_driver_pcnt /home/tikhon/Документы/magnolia/esp-idf/components/esp_driver_ppa /home/tikhon/Документы/magnolia/esp-idf/components/esp_driver_rmt /home/tikhon/Документы/magnolia/esp-idf/components/esp_driver_sd_intf /home/tikhon/Документы/magnolia/esp-idf/components/esp_driver_sdio /home/tikhon/Документы/magnolia/esp-idf/components/esp_driver_sdm /home/tikhon/Документы/magnolia/esp-idf/components/esp_driver_sdmmc /home/tikhon/Документы/magnolia/esp-idf/components/esp_driver_sdspi /home/tikhon/Документы/magnolia/esp-idf/components/esp_driver_spi /home/tikhon/Документы/magnolia/esp-idf/components/esp_driver_touch_sens /home/tikhon/Документы/magnolia/esp-idf/components/esp_driver_tsens /home/tikhon/Документы/magnolia/esp-idf/components/esp_driver_twai /home/tikhon/Документы/magnolia/esp-idf/components/esp_driver_uart /home/tikhon/Документы/magnolia/esp-idf/components/esp_driver_usb_serial_jtag /home/tikhon/Документы/magnolia/esp-idf/components/esp_eth /home/tikhon/Документы/magnolia/esp-idf/components/esp_event /home/tikhon/Документы/magnolia/esp-idf/components/esp_gdbstub /home/tikhon/Документы/magnolia/esp-idf/components/esp_hid /home/tikhon/Документы/magnolia/esp-idf/components/esp_http_client /home/tikhon/Документы/magnolia/esp-idf/components/esp_http_server /home/tikhon/Документы/magnolia/esp-idf/components/esp_https_ota /home/tikhon/Документы/magnolia/esp-idf/components/esp_https_server /home/tikhon/Документы/magnolia/esp-idf/components/esp_hw_support /home/tikhon/Документы/magnolia/esp-idf/components/esp_lcd /home/tikhon/Документы/magnolia/esp-idf/components/esp_local_ctrl /home/tikhon/Документы/magnolia/esp-idf/components/esp_mm /home/tikhon/Документы/magnolia/esp-idf/components/esp_netif /home/tikhon/Документы/magnolia/esp-idf/components/esp_netif_stack /home/tikhon/Документы/magnolia/esp-idf/components/esp_partition /home/tikhon/Документы/magnolia/esp-idf/components/esp_phy /home/tikhon/Документы/magnolia/esp-idf/components/esp_pm /home/tikhon/Документы/magnolia/esp-idf/components/esp_psram /home/tikhon/Документы/magnolia/esp-idf/components/esp_ringbuf /home/tikhon/Документы/magnolia/esp-idf/components/esp_rom /home/tikhon/Документы/magnolia/esp-idf/components/esp_security /home/tikhon/Документы/magnolia/esp-idf/components/esp_system /home/tikhon/Документы/magnolia/esp-idf/components/esp_timer /home/tikhon/Документы/magnolia/esp-idf/components/esp_vfs_console /home/tikhon/Документы/magnolia/esp-idf/components/esp_wifi /home/tikhon/Документы/magnolia/esp-idf/components/espcoredump /home/tikhon/Документы/magnolia/applets/mainline/xxd/managed_components/espressif__cmake_utilities /home/tikhon/Документы/magnolia/applets/mainline/xxd/managed_components/espressif__elf_loader /home/tikhon/Документы/magnolia/esp-idf/components/esptool_py /home/tikhon/Документы/magnolia/esp-idf/components/fatfs /home/tikhon/Документы/magnolia/esp-idf/components/freertos /home/tikhon/Документы/magnolia/esp-idf/components/hal /home/tikhon/Документы/magnolia/esp-idf/components/heap /home/tikhon/Документы/magnolia/esp-idf/components/http_parser /home/tikhon/Документы/magnolia/esp-idf/components/idf_test /home/tikhon/Документы/magnolia/esp-idf/components/ieee802154 /home/tikhon/Документы/magnolia/esp-idf/components/json /home/tikhon/Документы/magnolia/esp-idf/components/log /home/tikhon/Документы/magnolia/esp-idf/components/lwip /home/tikhon/Документы/magnolia/applets/mainline/xxd/main /home/tikhon/Документы/magnolia/esp-idf/components/mbedtls /home/tikhon/Документы/magnolia/esp-idf/components/mqtt /home/tikhon/Документы/magnolia/esp-idf/components/newlib /home/tikhon/Документы/magnolia/esp-idf/components/nvs_flash /home/tikhon/Документы/magnolia/esp-idf/components/nvs_sec_provider /home/tikhon/Документы/magnolia/esp-idf/components/openthread /home/tikhon/Документы/magnolia/esp-idf/components/partition_table /home/tikhon/Документы/magnolia/esp-idf/components/perfmon /home/tikhon/Документы/magnolia/esp-idf/components/protobuf-c /home/tikhon/Документы/magnolia/esp-idf/components/protocomm /home/tikhon/Документы/magnolia/esp-idf/components/pthread /home/tikhon/Документы/magnolia/esp-idf/components/rt /home/tikhon/Документы/magnolia/esp-idf/components/sdmmc /home/tikhon/Документы/magnolia/esp-idf/components/soc /home/tikhon/Документы/magnolia/esp-idf/components/spi_flash /home/tikhon/Документы/magnolia/esp-idf/components/spiffs /home/tikhon/Документы/magnolia/esp-idf/components/tcp_transport /home/tikhon/Документы/magnolia/esp-idf/components/touch_element /home/tikhon/Документы/magnolia/esp-idf/components/ulp /home/tikhon/Документы/magnolia/esp-idf/components/unity /home/tikhon/Документы/magnolia/esp-idf/components/usb /home/tikhon/Документы/magnolia/esp-idf/components/vfs /home/tikhon/Документы/magnolia/esp-idf/components/wear_levelling /home/tikhon/Документы/magnolia/esp-idf/components/wifi_provisioning /home/tikhon/Документы/magnolia/esp-idf/components/wpa_supplicant /home/tikhon/Документы/magnolia/esp-idf/components/xtensa
-- Configuring done (15.3s)
-- Configuring done (17.2s)
-- Components: app_trace app_update bootloader bootloader_support bt cmock console cxx driver efuse esp-tls esp_adc esp_app_format esp_bootloader_format esp_coex esp_common esp_driver_ana_cmpr esp_driver_bitscrambler esp_driver_cam esp_driver_dac esp_driver_gpio esp_driver_gptimer esp_driver_i2c esp_driver_i2s esp_driver_i3c esp_driver_isp esp_driver_jpeg esp_driver_ledc esp_driver_mcpwm esp_driver_parlio esp_driver_pcnt esp_driver_ppa esp_driver_rmt esp_driver_sd_intf esp_driver_sdio esp_driver_sdm esp_driver_sdmmc esp_driver_sdspi esp_driver_spi esp_driver_touch_sens esp_driver_tsens esp_driver_twai esp_driver_uart esp_driver_usb_serial_jtag esp_eth esp_event esp_gdbstub esp_hid esp_http_client esp_http_server esp_https_ota esp_https_server esp_hw_support esp_lcd esp_local_ctrl esp_mm esp_netif esp_netif_stack esp_partition esp_phy esp_pm esp_psram esp_ringbuf esp_rom esp_security esp_system esp_timer esp_vfs_console esp_wifi espcoredump espressif__cmake_utilities espressif__elf_loader esptool_py fatfs freertos hal heap http_parser idf_test ieee802154 json log lwip main mbedtls mqtt newlib nvs_flash nvs_sec_provider openthread partition_table perfmon protobuf-c protocomm pthread rt sdmmc soc spi_flash spiffs tcp_transport touch_element ulp unity usb vfs wear_levelling wifi_provisioning wpa_supplicant xtensa
-- Component paths: /home/tikhon/Документы/magnolia/esp-idf/components/app_trace /home/tikhon/Документы/magnolia/esp-idf/components/app_update /home/tikhon/Документы/magnolia/esp-idf/components/bootloader /home/tikhon/Документы/magnolia/esp-idf/components/bootloader_support /home/tikhon/Документы/magnolia/esp-idf/components/bt /home/tikhon/Документы/magnolia/esp-idf/components/cmock /home/tikhon/Документы/magnolia/esp-idf/components/console /home/tikhon/Документы/magnolia/esp-idf/components/cxx /home/tikhon/Документы/magnolia/esp-idf/components/driver /home/tikhon/Документы/magnolia/esp-idf/components/efuse /home/tikhon/Документы/magnolia/esp-idf/components/esp-tls /home/tikhon/Документы/magnolia/esp-idf/components/esp_adc /home/tikhon/Документы/magnolia/esp-idf/components/esp_app_format /home/tikhon/Документы/magnolia/esp-idf/components/esp_bootloader_format /home/tikhon/Документы/magnolia/esp-idf/components/esp_coex /home/tikhon/Документы/magnolia/esp-idf/components/esp_common /home/tikhon/Документы/magnolia/esp-idf/components/esp_driver_ana_cmpr /home/tikhon/Документы/magnolia/esp-idf/components/esp_driver_bitscrambler /home/tikhon/Документы/magnolia/esp-idf/components/esp_driver_cam /home/tikhon/Документы/magnolia/esp-idf/components/esp_driver_dac /home/tikhon/Документы/magnolia/esp-idf/components/esp_driver_gpio /home/tikhon/Документы/magnolia/esp-idf/components/esp_driver_gptimer /home/tikhon/Документы/magnolia/esp-idf/components/esp_driver_i2c /home/tikhon/Документы/magnolia/esp-idf/components/esp_driver_i2s /home/tikhon/Документы/magnolia/esp-idf/components/esp_driver_i3c /home/tikhon/Документы/magnolia/esp-idf/components/esp_driver_isp /home/tikhon/Документы/magnolia/esp-idf/components/esp_driver_jpeg /home/tikhon/Документы/magnolia/esp-idf/components/esp_driver_ledc /home/tikhon/Документы/magnolia/esp-idf/components/esp_driver_mcpwm /home/tikhon/Документы/magnolia/esp-idf/components/esp_driver_parlio /home/tikhon/Документы/magnolia/esp-idf/components/esp_driver_pcnt /home/tikhon/Документы/magnolia/esp-idf/components/esp_driver_ppa /home/tikhon/Документы/magnolia/esp-idf/components/esp_driver_rmt /home/tikhon/Документы/magnolia/esp-idf/components/esp_driver_sd_intf /home/tikhon/Документы/magnolia/esp-idf/components/esp_driver_sdio /home/tikhon/Документы/magnolia/esp-idf/components/esp_driver_sdm /home/tikhon/Документы/magnolia/esp-idf/components/esp_driver_sdmmc /home/tikhon/Документы/magnolia/esp-idf/components/esp_driver_sdspi /home/tikhon/Документы/magnolia/esp-idf/components/esp_driver_spi /home/tikhon/Документы/magnolia/esp-idf/components/esp_driver_touch_sens /home/tikhon/Документы/magnolia/esp-idf/components/esp_driver_tsens /home/tikhon/Документы/magnolia/esp-idf/components/esp_driver_twai /home/tikhon/Документы/magnolia/esp-idf/components/esp_driver_uart /home/tikhon/Документы/magnolia/esp-idf/components/esp_driver_usb_serial_jtag /home/tikhon/Документы/magnolia/esp-idf/components/esp_eth /home/tikhon/Документы/magnolia/esp-idf/components/esp_event /home/tikhon/Документы/magnolia/esp-idf/components/esp_gdbstub /home/tikhon/Документы/magnolia/esp-idf/components/esp_hid /home/tikhon/Документы/magnolia/esp-idf/components/esp_http_client /home/tikhon/Документы/magnolia/esp-idf/components/esp_http_server /home/tikhon/Документы/magnolia/esp-idf/components/esp_https_ota /home/tikhon/Документы/magnolia/esp-idf/components/esp_https_server /home/tikhon/Документы/magnolia/esp-idf/components/esp_hw_support /home/tikhon/Документы/magnolia/esp-idf/components/esp_lcd /home/tikhon/Документы/magnolia/esp-idf/components/esp_local_ctrl /home/tikhon/Документы/magnolia/esp-idf/components/esp_mm /home/tikhon/Документы/magnolia/esp-idf/components/esp_netif /home/tikhon/Документы/magnolia/esp-idf/components/esp_netif_stack /home/tikhon/Документы/magnolia/esp-idf/components/esp_partition /home/tikhon/Документы/magnolia/esp-idf/components/esp_phy /home/tikhon/Документы/magnolia/esp-idf/components/esp_pm /home/tikhon/Документы/magnolia/esp-idf/components/esp_psram /home/tikhon/Документы/magnolia/esp-idf/components/esp_ringbuf /home/tikhon/Документы/magnolia/esp-idf/components/esp_rom /home/tikhon/Документы/magnolia/esp-idf/components/esp_security /home/tikhon/Документы/magnolia/esp-idf/components/esp_system /home/tikhon/Документы/magnolia/esp-idf/components/esp_timer /home/tikhon/Документы/magnolia/esp-idf/components/esp_vfs_console /home/tikhon/Документы/magnolia/esp-idf/components/esp_wifi /home/tikhon/Документы/magnolia/esp-idf/components/espcoredump /home/tikhon/Документы/magnolia/applets/go/pwd/managed_components/espressif__cmake_utilities /home/tikhon/Документы/magnolia/applets/go/pwd/managed_components/espressif__elf_loader /home/tikhon/Документы/magnolia/esp-idf/components/esptool_py /home/tikhon/Документы/magnolia/esp-idf/components/fatfs /home/tikhon/Документы/magnolia/esp-idf/components/freertos /home/tikhon/Документы/magnolia/esp-idf/components/hal /home/tikhon/Документы/magnolia/esp-idf/components/heap /home/tikhon/Документы/magnolia/esp-idf/components/http_parser /home/tikhon/Документы/magnolia/esp-idf/components/idf_test /home/tikhon/Документы/magnolia/esp-idf/components/ieee802154 /home/tikhon/Документы/magnolia/esp-idf/components/json /home/tikhon/Документы/magnolia/esp-idf/components/log /home/tikhon/Документы/magnolia/esp-idf/components/lwip /home/tikhon/Документы/magnolia/applets/go/pwd/main /home/tikhon/Документы/magnolia/esp-idf/components/mbedtls /home/tikhon/Документы/magnolia/esp-idf/components/mqtt /home/tikhon/Документы/magnolia/esp-idf/components/newlib /home/tikhon/Документы/magnolia/esp-idf/components/nvs_flash /home/tikhon/Документы/magnolia/esp-idf/components/nvs_sec_provider /home/tikhon/Документы/magnolia/esp-idf/components/openthread /home/tikhon/Документы/magnolia/esp-idf/components/partition_table /home/tikhon/Документы/magnolia/esp-idf/components/perfmon /home/tikhon/Документы/magnolia/esp-idf/components/protobuf-c /home/tikhon/Документы/magnolia/esp-idf/components/protocomm /home/tikhon/Документы/magnolia/esp-idf/components/pthread /home/tikhon/Документы/magnolia/esp-idf/components/rt /home/tikhon/Документы/magnolia/esp-idf/components/sdmmc /home/tikhon/Документы/magnolia/esp-idf/components/soc /home/tikhon/Документы/magnolia/esp-idf/components/spi_flash /home/tikhon/Документы/magnolia/esp-idf/components/spiffs /home/tikhon/Документы/magnolia/esp-idf/components/tcp_transport /home/tikhon/Документы/magnolia/esp-idf/components/touch_element /home/tikhon/Документы/magnolia/esp-idf/components/ulp /home/tikhon/Документы/magnolia/esp-idf/components/unity /home/tikhon/Документы/magnolia/esp-idf/components/usb /home/tikhon/Документы/magnolia/esp-idf/components/vfs /home/tikhon/Документы/magnolia/esp-idf/components/wear_levelling /home/tikhon/Документы/magnolia/esp-idf/components/wifi_provisioning /home/tikhon/Документы/magnolia/esp-idf/components/wpa_supplicant /home/tikhon/Документы/magnolia/esp-idf/components/xtensa
-- Configuring done (15.1s)
Command failed (2): idf.py reconfigure
Skipping failed applet reconfigure: false
Building applet rselftest -> rselftest ...
Reconfiguring applet rselftest (cmake inputs changed)
+ idf.py reconfigure
-- Found Python3: /home/tikhon/.espressif/python_env/idf6.0_py3.12_env/bin/python (found version "3.12.3") found components: Interpreter 
-- Project sdkconfig file /home/tikhon/Документы/magnolia/applets/go/uname/sdkconfig
-- Components: app_trace app_update bootloader bootloader_support bt cmock console cxx driver efuse esp-tls esp_adc esp_app_format esp_bootloader_format esp_coex esp_common esp_driver_ana_cmpr esp_driver_bitscrambler esp_driver_cam esp_driver_dac esp_driver_gpio esp_driver_gptimer esp_driver_i2c esp_driver_i2s esp_driver_i3c esp_driver_isp esp_driver_jpeg esp_driver_ledc esp_driver_mcpwm esp_driver_parlio esp_driver_pcnt esp_driver_ppa esp_driver_rmt esp_driver_sd_intf esp_driver_sdio esp_driver_sdm esp_driver_sdmmc esp_driver_sdspi esp_driver_spi esp_driver_touch_sens esp_driver_tsens esp_driver_twai esp_driver_uart esp_driver_usb_serial_jtag esp_eth esp_event esp_gdbstub esp_hid esp_http_client esp_http_server esp_https_ota esp_https_server esp_hw_support esp_lcd esp_local_ctrl esp_mm esp_netif esp_netif_stack esp_partition esp_phy esp_pm esp_psram esp_ringbuf esp_rom esp_security esp_system esp_timer esp_vfs_console esp_wifi espcoredump espressif__cmake_utilities espressif__elf_loader esptool_py fatfs freertos hal heap http_parser idf_test ieee802154 json log lwip main mbedtls mqtt newlib nvs_flash nvs_sec_provider openthread partition_table perfmon protobuf-c protocomm pthread rt sdmmc soc spi_flash spiffs tcp_transport touch_element ulp unity usb vfs wear_levelling wifi_provisioning wpa_supplicant xtensa
-- Component paths: /home/tikhon/Документы/magnolia/esp-idf/components/app_trace /home/tikhon/Документы/magnolia/esp-idf/components/app_update /home/tikhon/Документы/magnolia/esp-idf/components/bootloader /home/tikhon/Документы/magnolia/esp-idf/components/bootloader_support /home/tikhon/Документы/magnolia/esp-idf/components/bt /home/tikhon/Документы/magnolia/esp-idf/components/cmock /home/tikhon/Документы/magnolia/esp-idf/components/console /home/tikhon/Документы/magnolia/esp-idf/components/cxx /home/tikhon/Документы/magnolia/esp-idf/components/driver /home/tikhon/Документы/magnolia/esp-idf/components/efuse /home/tikhon/Документы/magnolia/esp-idf/components/esp-tls /home/tikhon/Документы/magnolia/esp-idf/components/esp_adc /home/tikhon/Документы/magnolia/esp-idf/components/esp_app_format /home/tikhon/Документы/magnolia/esp-idf/components/esp_bootloader_format /home/tikhon/Документы/magnolia/esp-idf/components/esp_coex /home/tikhon/Документы/magnolia/esp-idf/components/esp_common /home/tikhon/Документы/magnolia/esp-idf/components/esp_driver_ana_cmpr /home/tikhon/Документы/magnolia/esp-idf/components/esp_driver_bitscrambler /home/tikhon/Документы/magnolia/esp-idf/components/esp_driver_cam /home/tikhon/Документы/magnolia/esp-idf/components/esp_driver_dac /home/tikhon/Документы/magnolia/esp-idf/components/esp_driver_gpio /home/tikhon/Документы/magnolia/esp-idf/components/esp_driver_gptimer /home/tikhon/Документы/magnolia/esp-idf/components/esp_driver_i2c /home/tikhon/Документы/magnolia/esp-idf/components/esp_driver_i2s /home/tikhon/Документы/magnolia/esp-idf/components/esp_driver_i3c /home/tikhon/Документы/magnolia/esp-idf/components/esp_driver_isp /home/tikhon/Документы/magnolia/esp-idf/components/esp_driver_jpeg /home/tikhon/Документы/magnolia/esp-idf/components/esp_driver_ledc /home/tikhon/Документы/magnolia/esp-idf/components/esp_driver_mcpwm /home/tikhon/Документы/magnolia/esp-idf/components/esp_driver_parlio /home/tikhon/Документы/magnolia/esp-idf/components/esp_driver_pcnt /home/tikhon/Документы/magnolia/esp-idf/components/esp_driver_ppa /home/tikhon/Документы/magnolia/esp-idf/components/esp_driver_rmt /home/tikhon/Документы/magnolia/esp-idf/components/esp_driver_sd_intf /home/tikhon/Документы/magnolia/esp-idf/components/esp_driver_sdio /home/tikhon/Документы/magnolia/esp-idf/components/esp_driver_sdm /home/tikhon/Документы/magnolia/esp-idf/components/esp_driver_sdmmc /home/tikhon/Документы/magnolia/esp-idf/components/esp_driver_sdspi /home/tikhon/Документы/magnolia/esp-idf/components/esp_driver_spi /home/tikhon/Документы/magnolia/esp-idf/components/esp_driver_touch_sens /home/tikhon/Документы/magnolia/esp-idf/components/esp_driver_tsens /home/tikhon/Документы/magnolia/esp-idf/components/esp_driver_twai /home/tikhon/Документы/magnolia/esp-idf/components/esp_driver_uart /home/tikhon/Документы/magnolia/esp-idf/components/esp_driver_usb_serial_jtag /home/tikhon/Документы/magnolia/esp-idf/components/esp_eth /home/tikhon/Документы/magnolia/esp-idf/components/esp_event /home/tikhon/Документы/magnolia/esp-idf/components/esp_gdbstub /home/tikhon/Документы/magnolia/esp-idf/components/esp_hid /home/tikhon/Документы/magnolia/esp-idf/components/esp_http_client /home/tikhon/Документы/magnolia/esp-idf/components/esp_http_server /home/tikhon/Документы/magnolia/esp-idf/components/esp_https_ota /home/tikhon/Документы/magnolia/esp-idf/components/esp_https_server /home/tikhon/Документы/magnolia/esp-idf/components/esp_hw_support /home/tikhon/Документы/magnolia/esp-idf/components/esp_lcd /home/tikhon/Документы/magnolia/esp-idf/components/esp_local_ctrl /home/tikhon/Документы/magnolia/esp-idf/components/esp_mm /home/tikhon/Документы/magnolia/esp-idf/components/esp_netif /home/tikhon/Документы/magnolia/esp-idf/components/esp_netif_stack /home/tikhon/Документы/magnolia/esp-idf/components/esp_partition /home/tikhon/Документы/magnolia/esp-idf/components/esp_phy /home/tikhon/Документы/magnolia/esp-idf/components/esp_pm /home/tikhon/Документы/magnolia/esp-idf/components/esp_psram /home/tikhon/Документы/magnolia/esp-idf/components/esp_ringbuf /home/tikhon/Документы/magnolia/esp-idf/components/esp_rom /home/tikhon/Документы/magnolia/esp-idf/components/esp_security /home/tikhon/Документы/magnolia/esp-idf/components/esp_system /home/tikhon/Документы/magnolia/esp-idf/components/esp_timer /home/tikhon/Документы/magnolia/esp-idf/components/esp_vfs_console /home/tikhon/Документы/magnolia/esp-idf/components/esp_wifi /home/tikhon/Документы/magnolia/esp-idf/components/espcoredump /home/tikhon/Документы/magnolia/applets/go/gohello/managed_components/espressif__cmake_utilities /home/tikhon/Документы/magnolia/applets/go/gohello/managed_components/espressif__elf_loader /home/tikhon/Документы/magnolia/esp-idf/components/esptool_py /home/tikhon/Документы/magnolia/esp-idf/components/fatfs /home/tikhon/Документы/magnolia/esp-idf/components/freertos /home/tikhon/Документы/magnolia/esp-idf/components/hal /home/tikhon/Документы/magnolia/esp-idf/components/heap /home/tikhon/Документы/magnolia/esp-idf/components/http_parser /home/tikhon/Документы/magnolia/esp-idf/components/idf_test /home/tikhon/Документы/magnolia/esp-idf/components/ieee802154 /home/tikhon/Документы/magnolia/esp-idf/components/json /home/tikhon/Документы/magnolia/esp-idf/components/log /home/tikhon/Документы/magnolia/esp-idf/components/lwip /home/tikhon/Документы/magnolia/applets/go/gohello/main /home/tikhon/Документы/magnolia/esp-idf/components/mbedtls /home/tikhon/Документы/magnolia/esp-idf/components/mqtt /home/tikhon/Документы/magnolia/esp-idf/components/newlib /home/tikhon/Документы/magnolia/esp-idf/components/nvs_flash /home/tikhon/Документы/magnolia/esp-idf/components/nvs_sec_provider /home/tikhon/Документы/magnolia/esp-idf/components/openthread /home/tikhon/Документы/magnolia/esp-idf/components/partition_table /home/tikhon/Документы/magnolia/esp-idf/components/perfmon /home/tikhon/Документы/magnolia/esp-idf/components/protobuf-c /home/tikhon/Документы/magnolia/esp-idf/components/protocomm /home/tikhon/Документы/magnolia/esp-idf/components/pthread /home/tikhon/Документы/magnolia/esp-idf/components/rt /home/tikhon/Документы/magnolia/esp-idf/components/sdmmc /home/tikhon/Документы/magnolia/esp-idf/components/soc /home/tikhon/Документы/magnolia/esp-idf/components/spi_flash /home/tikhon/Документы/magnolia/esp-idf/components/spiffs /home/tikhon/Документы/magnolia/esp-idf/components/tcp_transport /home/tikhon/Документы/magnolia/esp-idf/components/touch_element /home/tikhon/Документы/magnolia/esp-idf/components/ulp /home/tikhon/Документы/magnolia/esp-idf/components/unity /home/tikhon/Документы/magnolia/esp-idf/components/usb /home/tikhon/Документы/magnolia/esp-idf/components/vfs /home/tikhon/Документы/magnolia/esp-idf/components/wear_levelling /home/tikhon/Документы/magnolia/esp-idf/components/wifi_provisioning /home/tikhon/Документы/magnolia/esp-idf/components/wpa_supplicant /home/tikhon/Документы/magnolia/esp-idf/components/xtensa
-- Configuring done (16.2s)
-- Generating done (0.5s)
-- Performing Test CMAKE_HAVE_LIBC_PTHREAD
-- Components: app_trace app_update bootloader bootloader_support bt cmock console cxx driver efuse esp-tls esp_adc esp_app_format esp_bootloader_format esp_coex esp_common esp_driver_ana_cmpr esp_driver_bitscrambler esp_driver_cam esp_driver_dac esp_driver_gpio esp_driver_gptimer esp_driver_i2c esp_driver_i2s esp_driver_i3c esp_driver_isp esp_driver_jpeg esp_driver_ledc esp_driver_mcpwm esp_driver_parlio esp_driver_pcnt esp_driver_ppa esp_driver_rmt esp_driver_sd_intf esp_driver_sdio esp_driver_sdm esp_driver_sdmmc esp_driver_sdspi esp_driver_spi esp_driver_touch_sens esp_driver_tsens esp_driver_twai esp_driver_uart esp_driver_usb_serial_jtag esp_eth esp_event esp_gdbstub esp_hid esp_http_client esp_http_server esp_https_ota esp_https_server esp_hw_support esp_lcd esp_local_ctrl esp_mm esp_netif esp_netif_stack esp_partition esp_phy esp_pm esp_psram esp_ringbuf esp_rom esp_security esp_system esp_timer esp_vfs_console esp_wifi espcoredump espressif__cmake_utilities espressif__elf_loader esptool_py fatfs freertos hal heap http_parser idf_test ieee802154 json log lwip main mbedtls mqtt newlib nvs_flash nvs_sec_provider openthread partition_table perfmon protobuf-c protocomm pthread rt sdmmc soc spi_flash spiffs tcp_transport touch_element ulp unity usb vfs wear_levelling wifi_provisioning wpa_supplicant xtensa
-- Component paths: /home/tikhon/Документы/magnolia/esp-idf/components/app_trace /home/tikhon/Документы/magnolia/esp-idf/components/app_update /home/tikhon/Документы/magnolia/esp-idf/components/bootloader /home/tikhon/Документы/magnolia/esp-idf/components/bootloader_support /home/tikhon/Документы/magnolia/esp-idf/components/bt /home/tikhon/Документы/magnolia/esp-idf/components/cmock /home/tikhon/Документы/magnolia/esp-idf/components/console /home/tikhon/Документы/magnolia/esp-idf/components/cxx /home/tikhon/Документы/magnolia/esp-idf/components/driver /home/tikhon/Документы/magnolia/esp-idf/components/efuse /home/tikhon/Документы/magnolia/esp-idf/components/esp-tls /home/tikhon/Документы/magnolia/esp-idf/components/esp_adc /home/tikhon/Документы/magnolia/esp-idf/components/esp_app_format /home/tikhon/Документы/magnolia/esp-idf/components/esp_bootloader_format /home/tikhon/Документы/magnolia/esp-idf/components/esp_coex /home/tikhon/Документы/magnolia/esp-idf/components/esp_common /home/tikhon/Документы/magnolia/esp-idf/components/esp_driver_ana_cmpr /home/tikhon/Документы/magnolia/esp-idf/components/esp_driver_bitscrambler /home/tikhon/Документы/magnolia/esp-idf/components/esp_driver_cam /home/tikhon/Документы/magnolia/esp-idf/components/esp_driver_dac /home/tikhon/Документы/magnolia/esp-idf/components/esp_driver_gpio /home/tikhon/Документы/magnolia/esp-idf/components/esp_driver_gptimer /home/tikhon/Документы/magnolia/esp-idf/components/esp_driver_i2c /home/tikhon/Документы/magnolia/esp-idf/components/esp_driver_i2s /home/tikhon/Документы/magnolia/esp-idf/components/esp_driver_i3c /home/tikhon/Документы/magnolia/esp-idf/components/esp_driver_isp /home/tikhon/Документы/magnolia/esp-idf/components/esp_driver_jpeg /home/tikhon/Документы/magnolia/esp-idf/components/esp_driver_ledc /home/tikhon/Документы/magnolia/esp-idf/components/esp_driver_mcpwm /home/tikhon/Документы/magnolia/esp-idf/components/esp_driver_parlio /home/tikhon/Документы/magnolia/esp-idf/components/esp_driver_pcnt /home/tikhon/Документы/magnolia/esp-idf/components/esp_driver_ppa /home/tikhon/Документы/magnolia/esp-idf/components/esp_driver_rmt /home/tikhon/Документы/magnolia/esp-idf/components/esp_driver_sd_intf /home/tikhon/Документы/magnolia/esp-idf/components/esp_driver_sdio /home/tikhon/Документы/magnolia/esp-idf/components/esp_driver_sdm /home/tikhon/Документы/magnolia/esp-idf/components/esp_driver_sdmmc /home/tikhon/Документы/magnolia/esp-idf/components/esp_driver_sdspi /home/tikhon/Документы/magnolia/esp-idf/components/esp_driver_spi /home/tikhon/Документы/magnolia/esp-idf/components/esp_driver_touch_sens /home/tikhon/Документы/magnolia/esp-idf/components/esp_driver_tsens /home/tikhon/Документы/magnolia/esp-idf/components/esp_driver_twai /home/tikhon/Документы/magnolia/esp-idf/components/esp_driver_uart /home/tikhon/Документы/magnolia/esp-idf/components/esp_driver_usb_serial_jtag /home/tikhon/Документы/magnolia/esp-idf/components/esp_eth /home/tikhon/Документы/magnolia/esp-idf/components/esp_event /home/tikhon/Документы/magnolia/esp-idf/components/esp_gdbstub /home/tikhon/Документы/magnolia/esp-idf/components/esp_hid /home/tikhon/Документы/magnolia/esp-idf/components/esp_http_client /home/tikhon/Документы/magnolia/esp-idf/components/esp_http_server /home/tikhon/Документы/magnolia/esp-idf/components/esp_https_ota /home/tikhon/Документы/magnolia/esp-idf/components/esp_https_server /home/tikhon/Документы/magnolia/esp-idf/components/esp_hw_support /home/tikhon/Документы/magnolia/esp-idf/components/esp_lcd /home/tikhon/Документы/magnolia/esp-idf/components/esp_local_ctrl /home/tikhon/Документы/magnolia/esp-idf/components/esp_mm /home/tikhon/Документы/magnolia/esp-idf/components/esp_netif /home/tikhon/Документы/magnolia/esp-idf/components/esp_netif_stack /home/tikhon/Документы/magnolia/esp-idf/components/esp_partition /home/tikhon/Документы/magnolia/esp-idf/components/esp_phy /home/tikhon/Документы/magnolia/esp-idf/components/esp_pm /home/tikhon/Документы/magnolia/esp-idf/components/esp_psram /home/tikhon/Документы/magnolia/esp-idf/components/esp_ringbuf /home/tikhon/Документы/magnolia/esp-idf/components/esp_rom /home/tikhon/Документы/magnolia/esp-idf/components/esp_security /home/tikhon/Документы/magnolia/esp-idf/components/esp_system /home/tikhon/Документы/magnolia/esp-idf/components/esp_timer /home/tikhon/Документы/magnolia/esp-idf/components/esp_vfs_console /home/tikhon/Документы/magnolia/esp-idf/components/esp_wifi /home/tikhon/Документы/magnolia/esp-idf/components/espcoredump /home/tikhon/Документы/magnolia/applets/go/goxxd/managed_components/espressif__cmake_utilities /home/tikhon/Документы/magnolia/applets/go/goxxd/managed_components/espressif__elf_loader /home/tikhon/Документы/magnolia/esp-idf/components/esptool_py /home/tikhon/Документы/magnolia/esp-idf/components/fatfs /home/tikhon/Документы/magnolia/esp-idf/components/freertos /home/tikhon/Документы/magnolia/esp-idf/components/hal /home/tikhon/Документы/magnolia/esp-idf/components/heap /home/tikhon/Документы/magnolia/esp-idf/components/http_parser /home/tikhon/Документы/magnolia/esp-idf/components/idf_test /home/tikhon/Документы/magnolia/esp-idf/components/ieee802154 /home/tikhon/Документы/magnolia/esp-idf/components/json /home/tikhon/Документы/magnolia/esp-idf/components/log /home/tikhon/Документы/magnolia/esp-idf/components/lwip /home/tikhon/Документы/magnolia/applets/go/goxxd/main /home/tikhon/Документы/magnolia/esp-idf/components/mbedtls /home/tikhon/Документы/magnolia/esp-idf/components/mqtt /home/tikhon/Документы/magnolia/esp-idf/components/newlib /home/tikhon/Документы/magnolia/esp-idf/components/nvs_flash /home/tikhon/Документы/magnolia/esp-idf/components/nvs_sec_provider /home/tikhon/Документы/magnolia/esp-idf/components/openthread /home/tikhon/Документы/magnolia/esp-idf/components/partition_table /home/tikhon/Документы/magnolia/esp-idf/components/perfmon /home/tikhon/Документы/magnolia/esp-idf/components/protobuf-c /home/tikhon/Документы/magnolia/esp-idf/components/protocomm /home/tikhon/Документы/magnolia/esp-idf/components/pthread /home/tikhon/Документы/magnolia/esp-idf/components/rt /home/tikhon/Документы/magnolia/esp-idf/components/sdmmc /home/tikhon/Документы/magnolia/esp-idf/components/soc /home/tikhon/Документы/magnolia/esp-idf/components/spi_flash /home/tikhon/Документы/magnolia/esp-idf/components/spiffs /home/tikhon/Документы/magnolia/esp-idf/components/tcp_transport /home/tikhon/Документы/magnolia/esp-idf/components/touch_element /home/tikhon/Документы/magnolia/esp-idf/components/ulp /home/tikhon/Документы/magnolia/esp-idf/components/unity /home/tikhon/Документы/magnolia/esp-idf/components/usb /home/tikhon/Документы/magnolia/esp-idf/components/vfs /home/tikhon/Документы/magnolia/esp-idf/components/wear_levelling /home/tikhon/Документы/magnolia/esp-idf/components/wifi_provisioning /home/tikhon/Документы/magnolia/esp-idf/components/wpa_supplicant /home/tikhon/Документы/magnolia/esp-idf/components/xtensa
-- Configuring done (14.7s)
-- Build files have been written to: /home/tikhon/Документы/magnolia/applets/go/echo/build
-- Performing Test CMAKE_HAVE_LIBC_PTHREAD - Success
-- Found Threads: TRUE  
-- Performing Test C_COMPILER_SUPPORTS_WFORMAT_SIGNEDNESS
-- Components: app_trace app_update bootloader bootloader_support bt cmock console cxx driver efuse esp-tls esp_adc esp_app_format esp_bootloader_format esp_coex esp_common esp_driver_ana_cmpr esp_driver_bitscrambler esp_driver_cam esp_driver_dac esp_driver_gpio esp_driver_gptimer esp_driver_i2c esp_driver_i2s esp_driver_i3c esp_driver_isp esp_driver_jpeg esp_driver_ledc esp_driver_mcpwm esp_driver_parlio esp_driver_pcnt esp_driver_ppa esp_driver_rmt esp_driver_sd_intf esp_driver_sdio esp_driver_sdm esp_driver_sdmmc esp_driver_sdspi esp_driver_spi esp_driver_touch_sens esp_driver_tsens esp_driver_twai esp_driver_uart esp_driver_usb_serial_jtag esp_eth esp_event esp_gdbstub esp_hid esp_http_client esp_http_server esp_https_ota esp_https_server esp_hw_support esp_lcd esp_local_ctrl esp_mm esp_netif esp_netif_stack esp_partition esp_phy esp_pm esp_psram esp_ringbuf esp_rom esp_security esp_system esp_timer esp_vfs_console esp_wifi espcoredump espressif__cmake_utilities espressif__elf_loader esptool_py fatfs freertos hal heap http_parser idf_test ieee802154 json log lwip main mbedtls mqtt newlib nvs_flash nvs_sec_provider openthread partition_table perfmon protobuf-c protocomm pthread rt sdmmc soc spi_flash spiffs tcp_transport touch_element ulp unity usb vfs wear_levelling wifi_provisioning wpa_supplicant xtensa
-- Component paths: /home/tikhon/Документы/magnolia/esp-idf/components/app_trace /home/tikhon/Документы/magnolia/esp-idf/components/app_update /home/tikhon/Документы/magnolia/esp-idf/components/bootloader /home/tikhon/Документы/magnolia/esp-idf/components/bootloader_support /home/tikhon/Документы/magnolia/esp-idf/components/bt /home/tikhon/Документы/magnolia/esp-idf/components/cmock /home/tikhon/Документы/magnolia/esp-idf/components/console /home/tikhon/Документы/magnolia/esp-idf/components/cxx /home/tikhon/Документы/magnolia/esp-idf/components/driver /home/tikhon/Документы/magnolia/esp-idf/components/efuse /home/tikhon/Документы/magnolia/esp-idf/components/esp-tls /home/tikhon/Документы/magnolia/esp-idf/components/esp_adc /home/tikhon/Документы/magnolia/esp-idf/components/esp_app_format /home/tikhon/Документы/magnolia/esp-idf/components/esp_bootloader_format /home/tikhon/Документы/magnolia/esp-idf/components/esp_coex /home/tikhon/Документы/magnolia/esp-idf/components/esp_common /home/tikhon/Документы/magnolia/esp-idf/components/esp_driver_ana_cmpr /home/tikhon/Документы/magnolia/esp-idf/components/esp_driver_bitscrambler /home/tikhon/Документы/magnolia/esp-idf/components/esp_driver_cam /home/tikhon/Документы/magnolia/esp-idf/components/esp_driver_dac /home/tikhon/Документы/magnolia/esp-idf/components/esp_driver_gpio /home/tikhon/Документы/magnolia/esp-idf/components/esp_driver_gptimer /home/tikhon/Документы/magnolia/esp-idf/components/esp_driver_i2c /home/tikhon/Документы/magnolia/esp-idf/components/esp_driver_i2s /home/tikhon/Документы/magnolia/esp-idf/components/esp_driver_i3c /home/tikhon/Документы/magnolia/esp-idf/components/esp_driver_isp /home/tikhon/Документы/magnolia/esp-idf/components/esp_driver_jpeg /home/tikhon/Документы/magnolia/esp-idf/components/esp_driver_ledc /home/tikhon/Документы/magnolia/esp-idf/components/esp_driver_mcpwm /home/tikhon/Документы/magnolia/esp-idf/components/esp_driver_parlio /home/tikhon/Документы/magnolia/esp-idf/components/esp_driver_pcnt /home/tikhon/Документы/magnolia/esp-idf/components/esp_driver_ppa /home/tikhon/Документы/magnolia/esp-idf/components/esp_driver_rmt /home/tikhon/Документы/magnolia/esp-idf/components/esp_driver_sd_intf /home/tikhon/Документы/magnolia/esp-idf/components/esp_driver_sdio /home/tikhon/Документы/magnolia/esp-idf/components/esp_driver_sdm /home/tikhon/Документы/magnolia/esp-idf/components/esp_driver_sdmmc /home/tikhon/Документы/magnolia/esp-idf/components/esp_driver_sdspi /home/tikhon/Документы/magnolia/esp-idf/components/esp_driver_spi /home/tikhon/Документы/magnolia/esp-idf/components/esp_driver_touch_sens /home/tikhon/Документы/magnolia/esp-idf/components/esp_driver_tsens /home/tikhon/Документы/magnolia/esp-idf/components/esp_driver_twai /home/tikhon/Документы/magnolia/esp-idf/components/esp_driver_uart /home/tikhon/Документы/magnolia/esp-idf/components/esp_driver_usb_serial_jtag /home/tikhon/Документы/magnolia/esp-idf/components/esp_eth /home/tikhon/Документы/magnolia/esp-idf/components/esp_event /home/tikhon/Документы/magnolia/esp-idf/components/esp_gdbstub /home/tikhon/Документы/magnolia/esp-idf/components/esp_hid /home/tikhon/Документы/magnolia/esp-idf/components/esp_http_client /home/tikhon/Документы/magnolia/esp-idf/components/esp_http_server /home/tikhon/Документы/magnolia/esp-idf/components/esp_https_ota /home/tikhon/Документы/magnolia/esp-idf/components/esp_https_server /home/tikhon/Документы/magnolia/esp-idf/components/esp_hw_support /home/tikhon/Документы/magnolia/esp-idf/components/esp_lcd /home/tikhon/Документы/magnolia/esp-idf/components/esp_local_ctrl /home/tikhon/Документы/magnolia/esp-idf/components/esp_mm /home/tikhon/Документы/magnolia/esp-idf/components/esp_netif /home/tikhon/Документы/magnolia/esp-idf/components/esp_netif_stack /home/tikhon/Документы/magnolia/esp-idf/components/esp_partition /home/tikhon/Документы/magnolia/esp-idf/components/esp_phy /home/tikhon/Документы/magnolia/esp-idf/components/esp_pm /home/tikhon/Документы/magnolia/esp-idf/components/esp_psram /home/tikhon/Документы/magnolia/esp-idf/components/esp_ringbuf /home/tikhon/Документы/magnolia/esp-idf/components/esp_rom /home/tikhon/Документы/magnolia/esp-idf/components/esp_security /home/tikhon/Документы/magnolia/esp-idf/components/esp_system /home/tikhon/Документы/magnolia/esp-idf/components/esp_timer /home/tikhon/Документы/magnolia/esp-idf/components/esp_vfs_console /home/tikhon/Документы/magnolia/esp-idf/components/esp_wifi /home/tikhon/Документы/magnolia/esp-idf/components/espcoredump /home/tikhon/Документы/magnolia/applets/go/gohexdump/managed_components/espressif__cmake_utilities /home/tikhon/Документы/magnolia/applets/go/gohexdump/managed_components/espressif__elf_loader /home/tikhon/Документы/magnolia/esp-idf/components/esptool_py /home/tikhon/Документы/magnolia/esp-idf/components/fatfs /home/tikhon/Документы/magnolia/esp-idf/components/freertos /home/tikhon/Документы/magnolia/esp-idf/components/hal /home/tikhon/Документы/magnolia/esp-idf/components/heap /home/tikhon/Документы/magnolia/esp-idf/components/http_parser /home/tikhon/Документы/magnolia/esp-idf/components/idf_test /home/tikhon/Документы/magnolia/esp-idf/components/ieee802154 /home/tikhon/Документы/magnolia/esp-idf/components/json /home/tikhon/Документы/magnolia/esp-idf/components/log /home/tikhon/Документы/magnolia/esp-idf/components/lwip /home/tikhon/Документы/magnolia/applets/go/gohexdump/main /home/tikhon/Документы/magnolia/esp-idf/components/mbedtls /home/tikhon/Документы/magnolia/esp-idf/components/mqtt /home/tikhon/Документы/magnolia/esp-idf/components/newlib /home/tikhon/Документы/magnolia/esp-idf/components/nvs_flash /home/tikhon/Документы/magnolia/esp-idf/components/nvs_sec_provider /home/tikhon/Документы/magnolia/esp-idf/components/openthread /home/tikhon/Документы/magnolia/esp-idf/components/partition_table /home/tikhon/Документы/magnolia/esp-idf/components/perfmon /home/tikhon/Документы/magnolia/esp-idf/components/protobuf-c /home/tikhon/Документы/magnolia/esp-idf/components/protocomm /home/tikhon/Документы/magnolia/esp-idf/components/pthread /home/tikhon/Документы/magnolia/esp-idf/components/rt /home/tikhon/Документы/magnolia/esp-idf/components/sdmmc /home/tikhon/Документы/magnolia/esp-idf/components/soc /home/tikhon/Документы/magnolia/esp-idf/components/spi_flash /home/tikhon/Документы/magnolia/esp-idf/components/spiffs /home/tikhon/Документы/magnolia/esp-idf/components/tcp_transport /home/tikhon/Документы/magnolia/esp-idf/components/touch_element /home/tikhon/Документы/magnolia/esp-idf/components/ulp /home/tikhon/Документы/magnolia/esp-idf/components/unity /home/tikhon/Документы/magnolia/esp-idf/components/usb /home/tikhon/Документы/magnolia/esp-idf/components/vfs /home/tikhon/Документы/magnolia/esp-idf/components/wear_levelling /home/tikhon/Документы/magnolia/esp-idf/components/wifi_provisioning /home/tikhon/Документы/magnolia/esp-idf/components/wpa_supplicant /home/tikhon/Документы/magnolia/esp-idf/components/xtensa
-- Configuring done (15.8s)
-- Generating done (0.5s)
-- Performing Test C_COMPILER_SUPPORTS_WFORMAT_SIGNEDNESS - Success
-- USING O3
-- Build files have been written to: /home/tikhon/Документы/magnolia/applets/go/sleep/build
-- Adding linker script /home/tikhon/Документы/magnolia/applets/go/true/build/esp-idf/esp_system/ld/memory.ld
-- Generating done (0.5s)
-- Adding linker script /home/tikhon/Документы/magnolia/applets/go/true/build/esp-idf/esp_system/ld/sections.ld.in
-- Adding linker script /home/tikhon/Документы/magnolia/esp-idf/components/esp_rom/esp32s3/ld/esp32s3.rom.ld
-- Adding linker script /home/tikhon/Документы/magnolia/esp-idf/components/esp_rom/esp32s3/ld/esp32s3.rom.api.ld
-- Adding linker script /home/tikhon/Документы/magnolia/esp-idf/components/esp_rom/esp32s3/ld/esp32s3.rom.bt_funcs.ld
-- Adding linker script /home/tikhon/Документы/magnolia/esp-idf/components/esp_rom/esp32s3/ld/esp32s3.rom.libgcc.ld
-- Adding linker script /home/tikhon/Документы/magnolia/esp-idf/components/esp_rom/esp32s3/ld/esp32s3.rom.wdt.ld
-- Adding linker script /home/tikhon/Документы/magnolia/esp-idf/components/esp_rom/esp32s3/ld/esp32s3.rom.version.ld
-- Adding linker script /home/tikhon/Документы/magnolia/esp-idf/components/esp_rom/esp32s3/ld/esp32s3.rom.ble_master.ld
-- Adding linker script /home/tikhon/Документы/magnolia/esp-idf/components/esp_rom/esp32s3/ld/esp32s3.rom.ble_50.ld
-- Adding linker script /home/tikhon/Документы/magnolia/esp-idf/components/esp_rom/esp32s3/ld/esp32s3.rom.ble_smp.ld
-- Adding linker script /home/tikhon/Документы/magnolia/esp-idf/components/esp_rom/esp32s3/ld/esp32s3.rom.ble_dtm.ld
-- Adding linker script /home/tikhon/Документы/magnolia/esp-idf/components/esp_rom/esp32s3/ld/esp32s3.rom.ble_test.ld
-- Adding linker script /home/tikhon/Документы/magnolia/esp-idf/components/esp_rom/esp32s3/ld/esp32s3.rom.ble_scan.ld
-- Adding linker script /home/tikhon/Документы/magnolia/esp-idf/components/esp_rom/esp32s3/ld/esp32s3.rom.libc.ld
-- Adding linker script /home/tikhon/Документы/magnolia/esp-idf/components/esp_rom/esp32s3/ld/esp32s3.rom.newlib.ld
-- Adding linker script /home/tikhon/Документы/magnolia/esp-idf/components/soc/esp32s3/ld/esp32s3.peripherals.ld
+ idf.py elf
-- Build files have been written to: /home/tikhon/Документы/magnolia/applets/go/godd/build
-- Generating done (0.5s)
-- Generating done (0.5s)
-- Generating done (0.5s)
-- Build files have been written to: /home/tikhon/Документы/magnolia/applets/go/gotest/build
-- Build files have been written to: /home/tikhon/Документы/magnolia/applets/go/goargs/build
+ idf.py elf
-- Build files have been written to: /home/tikhon/Документы/magnolia/applets/mainline/xxd/build
-- Generating done (0.5s)
-- Minimal build - OFF
Executing action: reconfigure
Running cmake in directory /home/tikhon/Документы/magnolia/applets/rust/rhexdump/build
Executing "cmake -G Ninja -DPYTHON_DEPS_CHECKED=1 -DPYTHON=/home/tikhon/.espressif/python_env/idf6.0_py3.12_env/bin/python -DESP_PLATFORM=1 -DCCACHE_ENABLE=0 /home/tikhon/Документы/magnolia/applets/rust/rhexdump"...
-- Found Git: /usr/bin/git (found version "2.43.0") 
-- ELF_LOADER: 1.1.1
+ idf.py elf
-- The C compiler identification is GNU 15.1.0
-- Build files have been written to: /home/tikhon/Документы/magnolia/applets/go/pwd/build
-- Compiler supported targets: xtensa-esp-elf
-- The CXX compiler identification is GNU 15.1.0
-- Generating done (0.5s)
-- The ASM compiler identification is GNU
-- Found assembler: /home/tikhon/.espressif/tools/xtensa-esp-elf/esp-15.1.0_20250607/xtensa-esp-elf/bin/xtensa-esp32s3-elf-gcc
-- Generating done (0.6s)
-- Detecting C compiler ABI info
+ idf.py elf
+ idf.py elf
-- Build files have been written to: /home/tikhon/Документы/magnolia/applets/go/gohello/build
-- Build files have been written to: /home/tikhon/Документы/magnolia/applets/go/goxxd/build
+ idf.py elf
-- Generating done (0.6s)
-- Detecting C compiler ABI info - done
-- Check for working C compiler: /home/tikhon/.espressif/tools/xtensa-esp-elf/esp-15.1.0_20250607/xtensa-esp-elf/bin/xtensa-esp32s3-elf-gcc - skipped
-- Detecting C compile features
-- Detecting C compile features - done
Executing action: reconfigure
Running cmake in directory /home/tikhon/Документы/magnolia/applets/rust/rselftest/build
Executing "cmake -G Ninja -DPYTHON_DEPS_CHECKED=1 -DPYTHON=/home/tikhon/.espressif/python_env/idf6.0_py3.12_env/bin/python -DESP_PLATFORM=1 -DCCACHE_ENABLE=0 /home/tikhon/Документы/magnolia/applets/rust/rselftest"...
-- Found Git: /usr/bin/git (found version "2.43.0") 
-- App "uname" version: 96a69bd-dirty
-- Detecting CXX compiler ABI info
-- Build files have been written to: /home/tikhon/Документы/magnolia/applets/go/gohexdump/build
-- Detecting CXX compiler ABI info - done
+ idf.py elf
-- Check for working CXX compiler: /home/tikhon/.espressif/tools/xtensa-esp-elf/esp-15.1.0_20250607/xtensa-esp-elf/bin/xtensa-esp32s3-elf-g++ - skipped
-- Detecting CXX compile features
-- Detecting CXX compile features - done
-- Building ESP-IDF components for target esp32s3
+ idf.py elf
-- Components: app_trace app_update bootloader bootloader_support bt cmock console cxx driver efuse esp-tls esp_adc esp_app_format esp_bootloader_format esp_coex esp_common esp_driver_ana_cmpr esp_driver_bitscrambler esp_driver_cam esp_driver_dac esp_driver_gpio esp_driver_gptimer esp_driver_i2c esp_driver_i2s esp_driver_i3c esp_driver_isp esp_driver_jpeg esp_driver_ledc esp_driver_mcpwm esp_driver_parlio esp_driver_pcnt esp_driver_ppa esp_driver_rmt esp_driver_sd_intf esp_driver_sdio esp_driver_sdm esp_driver_sdmmc esp_driver_sdspi esp_driver_spi esp_driver_touch_sens esp_driver_tsens esp_driver_twai esp_driver_uart esp_driver_usb_serial_jtag esp_eth esp_event esp_gdbstub esp_hid esp_http_client esp_http_server esp_https_ota esp_https_server esp_hw_support esp_lcd esp_local_ctrl esp_mm esp_netif esp_netif_stack esp_partition esp_phy esp_pm esp_psram esp_ringbuf esp_rom esp_security esp_system esp_timer esp_vfs_console esp_wifi espcoredump espressif__cmake_utilities espressif__elf_loader esptool_py fatfs freertos hal heap http_parser idf_test ieee802154 json log lwip main mbedtls mqtt newlib nvs_flash nvs_sec_provider openthread partition_table perfmon protobuf-c protocomm pthread rt sdmmc soc spi_flash spiffs tcp_transport touch_element ulp unity usb vfs wear_levelling wifi_provisioning wpa_supplicant xtensa
-- Component paths: /home/tikhon/Документы/magnolia/esp-idf/components/app_trace /home/tikhon/Документы/magnolia/esp-idf/components/app_update /home/tikhon/Документы/magnolia/esp-idf/components/bootloader /home/tikhon/Документы/magnolia/esp-idf/components/bootloader_support /home/tikhon/Документы/magnolia/esp-idf/components/bt /home/tikhon/Документы/magnolia/esp-idf/components/cmock /home/tikhon/Документы/magnolia/esp-idf/components/console /home/tikhon/Документы/magnolia/esp-idf/components/cxx /home/tikhon/Документы/magnolia/esp-idf/components/driver /home/tikhon/Документы/magnolia/esp-idf/components/efuse /home/tikhon/Документы/magnolia/esp-idf/components/esp-tls /home/tikhon/Документы/magnolia/esp-idf/components/esp_adc /home/tikhon/Документы/magnolia/esp-idf/components/esp_app_format /home/tikhon/Документы/magnolia/esp-idf/components/esp_bootloader_format /home/tikhon/Документы/magnolia/esp-idf/components/esp_coex /home/tikhon/Документы/magnolia/esp-idf/components/esp_common /home/tikhon/Документы/magnolia/esp-idf/components/esp_driver_ana_cmpr /home/tikhon/Документы/magnolia/esp-idf/components/esp_driver_bitscrambler /home/tikhon/Документы/magnolia/esp-idf/components/esp_driver_cam /home/tikhon/Документы/magnolia/esp-idf/components/esp_driver_dac /home/tikhon/Документы/magnolia/esp-idf/components/esp_driver_gpio /home/tikhon/Документы/magnolia/esp-idf/components/esp_driver_gptimer /home/tikhon/Документы/magnolia/esp-idf/components/esp_driver_i2c /home/tikhon/Документы/magnolia/esp-idf/components/esp_driver_i2s /home/tikhon/Документы/magnolia/esp-idf/components/esp_driver_i3c /home/tikhon/Документы/magnolia/esp-idf/components/esp_driver_isp /home/tikhon/Документы/magnolia/esp-idf/components/esp_driver_jpeg /home/tikhon/Документы/magnolia/esp-idf/components/esp_driver_ledc /home/tikhon/Документы/magnolia/esp-idf/components/esp_driver_mcpwm /home/tikhon/Документы/magnolia/esp-idf/components/esp_driver_parlio /home/tikhon/Документы/magnolia/esp-idf/components/esp_driver_pcnt /home/tikhon/Документы/magnolia/esp-idf/components/esp_driver_ppa /home/tikhon/Документы/magnolia/esp-idf/components/esp_driver_rmt /home/tikhon/Документы/magnolia/esp-idf/components/esp_driver_sd_intf /home/tikhon/Документы/magnolia/esp-idf/components/esp_driver_sdio /home/tikhon/Документы/magnolia/esp-idf/components/esp_driver_sdm /home/tikhon/Документы/magnolia/esp-idf/components/esp_driver_sdmmc /home/tikhon/Документы/magnolia/esp-idf/components/esp_driver_sdspi /home/tikhon/Документы/magnolia/esp-idf/components/esp_driver_spi /home/tikhon/Документы/magnolia/esp-idf/components/esp_driver_touch_sens /home/tikhon/Документы/magnolia/esp-idf/components/esp_driver_tsens /home/tikhon/Документы/magnolia/esp-idf/components/esp_driver_twai /home/tikhon/Документы/magnolia/esp-idf/components/esp_driver_uart /home/tikhon/Документы/magnolia/esp-idf/components/esp_driver_usb_serial_jtag /home/tikhon/Документы/magnolia/esp-idf/components/esp_eth /home/tikhon/Документы/magnolia/esp-idf/components/esp_event /home/tikhon/Документы/magnolia/esp-idf/components/esp_gdbstub /home/tikhon/Документы/magnolia/esp-idf/components/esp_hid /home/tikhon/Документы/magnolia/esp-idf/components/esp_http_client /home/tikhon/Документы/magnolia/esp-idf/components/esp_http_server /home/tikhon/Документы/magnolia/esp-idf/components/esp_https_ota /home/tikhon/Документы/magnolia/esp-idf/components/esp_https_server /home/tikhon/Документы/magnolia/esp-idf/components/esp_hw_support /home/tikhon/Документы/magnolia/esp-idf/components/esp_lcd /home/tikhon/Документы/magnolia/esp-idf/components/esp_local_ctrl /home/tikhon/Документы/magnolia/esp-idf/components/esp_mm /home/tikhon/Документы/magnolia/esp-idf/components/esp_netif /home/tikhon/Документы/magnolia/esp-idf/components/esp_netif_stack /home/tikhon/Документы/magnolia/esp-idf/components/esp_partition /home/tikhon/Документы/magnolia/esp-idf/components/esp_phy /home/tikhon/Документы/magnolia/esp-idf/components/esp_pm /home/tikhon/Документы/magnolia/esp-idf/components/esp_psram /home/tikhon/Документы/magnolia/esp-idf/components/esp_ringbuf /home/tikhon/Документы/magnolia/esp-idf/components/esp_rom /home/tikhon/Документы/magnolia/esp-idf/components/esp_security /home/tikhon/Документы/magnolia/esp-idf/components/esp_system /home/tikhon/Документы/magnolia/esp-idf/components/esp_timer /home/tikhon/Документы/magnolia/esp-idf/components/esp_vfs_console /home/tikhon/Документы/magnolia/esp-idf/components/esp_wifi /home/tikhon/Документы/magnolia/esp-idf/components/espcoredump /home/tikhon/Документы/magnolia/applets/go/true/managed_components/espressif__cmake_utilities /home/tikhon/Документы/magnolia/applets/go/true/managed_components/espressif__elf_loader /home/tikhon/Документы/magnolia/esp-idf/components/esptool_py /home/tikhon/Документы/magnolia/esp-idf/components/fatfs /home/tikhon/Документы/magnolia/esp-idf/components/freertos /home/tikhon/Документы/magnolia/esp-idf/components/hal /home/tikhon/Документы/magnolia/esp-idf/components/heap /home/tikhon/Документы/magnolia/esp-idf/components/http_parser /home/tikhon/Документы/magnolia/esp-idf/components/idf_test /home/tikhon/Документы/magnolia/esp-idf/components/ieee802154 /home/tikhon/Документы/magnolia/esp-idf/components/json /home/tikhon/Документы/magnolia/esp-idf/components/log /home/tikhon/Документы/magnolia/esp-idf/components/lwip /home/tikhon/Документы/magnolia/applets/go/true/main /home/tikhon/Документы/magnolia/esp-idf/components/mbedtls /home/tikhon/Документы/magnolia/esp-idf/components/mqtt /home/tikhon/Документы/magnolia/esp-idf/components/newlib /home/tikhon/Документы/magnolia/esp-idf/components/nvs_flash /home/tikhon/Документы/magnolia/esp-idf/components/nvs_sec_provider /home/tikhon/Документы/magnolia/esp-idf/components/openthread /home/tikhon/Документы/magnolia/esp-idf/components/partition_table /home/tikhon/Документы/magnolia/esp-idf/components/perfmon /home/tikhon/Документы/magnolia/esp-idf/components/protobuf-c /home/tikhon/Документы/magnolia/esp-idf/components/protocomm /home/tikhon/Документы/magnolia/esp-idf/components/pthread /home/tikhon/Документы/magnolia/esp-idf/components/rt /home/tikhon/Документы/magnolia/esp-idf/components/sdmmc /home/tikhon/Документы/magnolia/esp-idf/components/soc /home/tikhon/Документы/magnolia/esp-idf/components/spi_flash /home/tikhon/Документы/magnolia/esp-idf/components/spiffs /home/tikhon/Документы/magnolia/esp-idf/components/tcp_transport /home/tikhon/Документы/magnolia/esp-idf/components/touch_element /home/tikhon/Документы/magnolia/esp-idf/components/ulp /home/tikhon/Документы/magnolia/esp-idf/components/unity /home/tikhon/Документы/magnolia/esp-idf/components/usb /home/tikhon/Документы/magnolia/esp-idf/components/vfs /home/tikhon/Документы/magnolia/esp-idf/components/wear_levelling /home/tikhon/Документы/magnolia/esp-idf/components/wifi_provisioning /home/tikhon/Документы/magnolia/esp-idf/components/wpa_supplicant /home/tikhon/Документы/magnolia/esp-idf/components/xtensa
-- Configuring done (12.2s)
+ idf.py elf
-- Found Python3: /home/tikhon/.espressif/python_env/idf6.0_py3.12_env/bin/python (found version "3.12.3") found components: Interpreter 
+ idf.py elf
-- Performing Test CMAKE_HAVE_LIBC_PTHREAD
-- Performing Test CMAKE_HAVE_LIBC_PTHREAD - Success
-- Found Threads: TRUE  
-- Performing Test C_COMPILER_SUPPORTS_WFORMAT_SIGNEDNESS
-- Performing Test C_COMPILER_SUPPORTS_WFORMAT_SIGNEDNESS - Success
-- USING O3
Executing action: elf
Running ninja in directory /home/tikhon/Документы/magnolia/applets/go/echo/build
Executing "ninja elf"...
[0/2] Re-checking globbed directories...
[1/1051] Generating /home/tikhon/Документы/magnolia/applets/go/echo/build/esp-idf/esp_system/ld/sections.ld.in linker script...
[2/1051] Generating /home/tikhon/Документы/magnolia/applets/go/echo/build/esp-idf/esp_system/ld/memory.ld linker script...
-- Adding linker script /home/tikhon/Документы/magnolia/applets/go/uname/build/esp-idf/esp_system/ld/memory.ld
-- Adding linker script /home/tikhon/Документы/magnolia/applets/go/uname/build/esp-idf/esp_system/ld/sections.ld.in
-- Adding linker script /home/tikhon/Документы/magnolia/esp-idf/components/esp_rom/esp32s3/ld/esp32s3.rom.ld
-- Adding linker script /home/tikhon/Документы/magnolia/esp-idf/components/esp_rom/esp32s3/ld/esp32s3.rom.api.ld
-- Adding linker script /home/tikhon/Документы/magnolia/esp-idf/components/esp_rom/esp32s3/ld/esp32s3.rom.bt_funcs.ld
-- Adding linker script /home/tikhon/Документы/magnolia/esp-idf/components/esp_rom/esp32s3/ld/esp32s3.rom.libgcc.ld
-- Adding linker script /home/tikhon/Документы/magnolia/esp-idf/components/esp_rom/esp32s3/ld/esp32s3.rom.wdt.ld
-- Adding linker script /home/tikhon/Документы/magnolia/esp-idf/components/esp_rom/esp32s3/ld/esp32s3.rom.version.ld
-- Adding linker script /home/tikhon/Документы/magnolia/esp-idf/components/esp_rom/esp32s3/ld/esp32s3.rom.ble_master.ld
-- Adding linker script /home/tikhon/Документы/magnolia/esp-idf/components/esp_rom/esp32s3/ld/esp32s3.rom.ble_50.ld
-- Adding linker script /home/tikhon/Документы/magnolia/esp-idf/components/esp_rom/esp32s3/ld/esp32s3.rom.ble_smp.ld
-- Adding linker script /home/tikhon/Документы/magnolia/esp-idf/components/esp_rom/esp32s3/ld/esp32s3.rom.ble_dtm.ld
-- Adding linker script /home/tikhon/Документы/magnolia/esp-idf/components/esp_rom/esp32s3/ld/esp32s3.rom.ble_test.ld
-- Adding linker script /home/tikhon/Документы/magnolia/esp-idf/components/esp_rom/esp32s3/ld/esp32s3.rom.ble_scan.ld
-- Adding linker script /home/tikhon/Документы/magnolia/esp-idf/components/esp_rom/esp32s3/ld/esp32s3.rom.libc.ld
-- Adding linker script /home/tikhon/Документы/magnolia/esp-idf/components/esp_rom/esp32s3/ld/esp32s3.rom.newlib.ld
-- Adding linker script /home/tikhon/Документы/magnolia/esp-idf/components/soc/esp32s3/ld/esp32s3.peripherals.ld
[3/1051] Building C object esp-idf/esp_http_server/CMakeFiles/__idf_esp_http_server.dir/src/util/ctrl_sock.c.obj
[4/1051] Building C object esp-idf/esp_http_client/CMakeFiles/__idf_esp_http_client.dir/lib/http_header.c.obj
-- Minimal build - OFF
[5/1051] Building C object esp-idf/esp_http_client/CMakeFiles/__idf_esp_http_client.dir/lib/http_utils.c.obj
Executing action: elf
Running ninja in directory /home/tikhon/Документы/magnolia/applets/go/sleep/build
Executing "ninja elf"...
[0/2] Re-checking globbed directories...
[1/1051] Generating /home/tikhon/Документы/magnolia/applets/go/sleep/build/esp-idf/esp_system/ld/memory.ld linker script...
[6/1051] Building C object esp-idf/esp_http_server/CMakeFiles/__idf_esp_http_server.dir/src/httpd_ws.c.obj
[7/1051] Building C object esp-idf/esp_http_client/CMakeFiles/__idf_esp_http_client.dir/lib/http_auth.c.obj
[8/1051] Building C object esp-idf/tcp_transport/CMakeFiles/__idf_tcp_transport.dir/transport.c.obj
[2/1051] Generating /home/tikhon/Документы/magnolia/applets/go/sleep/build/esp-idf/esp_system/ld/sections.ld.in linker script...
[9/1051] Building C object esp-idf/esp_http_server/CMakeFiles/__idf_esp_http_server.dir/src/httpd_sess.c.obj
[10/1051] Building C object esp-idf/tcp_transport/CMakeFiles/__idf_tcp_transport.dir/transport_internal.c.obj
[11/1051] Building C object esp-idf/esp_http_server/CMakeFiles/__idf_esp_http_server.dir/src/httpd_parse.c.obj
[12/1051] Building C object esp-idf/tcp_transport/CMakeFiles/__idf_tcp_transport.dir/transport_socks_proxy.c.obj
-- The C compiler identification is GNU 15.1.0
[13/1051] Building C object esp-idf/esp_http_server/CMakeFiles/__idf_esp_http_server.dir/src/httpd_uri.c.obj
[14/1051] Building C object esp-idf/esp_adc/CMakeFiles/__idf_esp_adc.dir/adc_cali.c.obj
[15/1051] Building C object esp-idf/esp_http_server/CMakeFiles/__idf_esp_http_server.dir/src/httpd_txrx.c.obj
[16/1051] Building C object esp-idf/esp_adc/CMakeFiles/__idf_esp_adc.dir/adc_oneshot.c.obj
[17/1051] Building C object esp-idf/esp_adc/CMakeFiles/__idf_esp_adc.dir/adc_cali_curve_fitting.c.obj
[18/1051] Building C object esp-idf/esp_adc/CMakeFiles/__idf_esp_adc.dir/esp32s3/curve_fitting_coefficients.c.obj
-- The CXX compiler identification is GNU 15.1.0
[3/1051] Building C object esp-idf/esp_http_server/CMakeFiles/__idf_esp_http_server.dir/src/util/ctrl_sock.c.obj
[19/1051] Building C object esp-idf/esp_adc/CMakeFiles/__idf_esp_adc.dir/adc_common.c.obj
[20/1051] Building C object esp-idf/esp_https_ota/CMakeFiles/__idf_esp_https_ota.dir/src/esp_https_ota.c.obj
-- The ASM compiler identification is GNU
-- Found assembler: /home/tikhon/.espressif/tools/xtensa-esp-elf/esp-15.1.0_20250607/xtensa-esp-elf/bin/xtensa-esp32s3-elf-gcc
[21/1051] Building C object esp-idf/esp-tls/CMakeFiles/__idf_esp-tls.dir/esp-tls-crypto/esp_tls_crypto.c.obj
[22/1051] Building C object esp-idf/esp_http_server/CMakeFiles/__idf_esp_http_server.dir/src/httpd_main.c.obj
[23/1051] Building C object esp-idf/esp-tls/CMakeFiles/__idf_esp-tls.dir/esp_tls_platform_port.c.obj
[24/1051] Building C object esp-idf/tcp_transport/CMakeFiles/__idf_tcp_transport.dir/transport_ws.c.obj
NOTICE: Processing 3 dependencies:
NOTICE: [1/3] espressif/cmake_utilities (0.5.3)
-- Detecting C compiler ABI info
[25/1051] Linking C static library esp-idf/esp_https_ota/libesp_https_ota.a
NOTICE: [2/3] espressif/elf_loader (1.1.1)
NOTICE: [3/3] idf (6.0.0)
[4/1051] Building C object esp-idf/tcp_transport/CMakeFiles/__idf_tcp_transport.dir/transport_socks_proxy.c.obj
Executing action: elf
Running ninja in directory /home/tikhon/Документы/magnolia/applets/go/godd/build
Executing "ninja elf"...
[0/2] Re-checking globbed directories...
[1/1051] Generating /home/tikhon/Документы/magnolia/applets/go/godd/build/esp-idf/esp_system/ld/memory.ld linker script...
[2/1051] Generating /home/tikhon/Документы/magnolia/applets/go/godd/build/esp-idf/esp_system/ld/sections.ld.in linker script...
[5/1051] Building C object esp-idf/esp_http_server/CMakeFiles/__idf_esp_http_server.dir/src/httpd_ws.c.obj
[6/1051] Building C object esp-idf/esp_http_client/CMakeFiles/__idf_esp_http_client.dir/lib/http_utils.c.obj
[7/1051] Building C object esp-idf/esp_http_client/CMakeFiles/__idf_esp_http_client.dir/lib/http_header.c.obj
[26/1051] Linking C static library esp-idf/esp_http_server/libesp_http_server.a
[8/1051] Building C object esp-idf/esp_http_server/CMakeFiles/__idf_esp_http_server.dir/src/httpd_parse.c.obj
[27/1051] Building C object esp-idf/esp_adc/CMakeFiles/__idf_esp_adc.dir/adc_filter.c.obj
-- Detecting C compiler ABI info - done
[28/1051] Building C object esp-idf/tcp_transport/CMakeFiles/__idf_tcp_transport.dir/transport_ssl.c.obj
[29/1051] Building C object esp-idf/esp_adc/CMakeFiles/__idf_esp_adc.dir/gdma/adc_dma.c.obj
[9/1051] Building C object esp-idf/esp_http_client/CMakeFiles/__idf_esp_http_client.dir/lib/http_auth.c.obj
-- Check for working C compiler: /home/tikhon/.espressif/tools/xtensa-esp-elf/esp-15.1.0_20250607/xtensa-esp-elf/bin/xtensa-esp32s3-elf-gcc - skipped
-- Detecting C compile features
-- Detecting C compile features - done
[30/1051] Building C object esp-idf/esp-tls/CMakeFiles/__idf_esp-tls.dir/esp_tls_error_capture.c.obj
[31/1051] Building C object esp-idf/esp_adc/CMakeFiles/__idf_esp_adc.dir/adc_monitor.c.obj
Executing action: elf
Running ninja in directory /home/tikhon/Документы/magnolia/applets/go/goargs/build
Executing "ninja elf"...
[0/2] Re-checking globbed directories...
[1/1051] Generating /home/tikhon/Документы/magnolia/applets/go/goargs/build/esp-idf/esp_system/ld/sections.ld.in linker script...
[2/1051] Generating /home/tikhon/Документы/magnolia/applets/go/goargs/build/esp-idf/esp_system/ld/memory.ld linker script...
[10/1051] Building C object esp-idf/esp_adc/CMakeFiles/__idf_esp_adc.dir/adc_cali.c.obj
-- Detecting CXX compiler ABI info
-- Minimal build - OFF
[11/1051] Building C object esp-idf/tcp_transport/CMakeFiles/__idf_tcp_transport.dir/transport_internal.c.obj
[32/1051] Building C object esp-idf/driver/CMakeFiles/__idf_driver.dir/touch_sensor/touch_sensor_common.c.obj
[12/1051] Building C object esp-idf/esp_http_server/CMakeFiles/__idf_esp_http_server.dir/src/httpd_uri.c.obj
[13/1051] Building C object esp-idf/esp_adc/CMakeFiles/__idf_esp_adc.dir/adc_common.c.obj
[14/1051] Building C object esp-idf/tcp_transport/CMakeFiles/__idf_tcp_transport.dir/transport.c.obj
[33/1051] Building C object esp-idf/esp_driver_twai/CMakeFiles/__idf_esp_driver_twai.dir/esp_twai.c.obj
[3/1051] Building C object esp-idf/esp_http_client/CMakeFiles/__idf_esp_http_client.dir/lib/http_header.c.obj
[15/1051] Building C object esp-idf/esp_adc/CMakeFiles/__idf_esp_adc.dir/esp32s3/curve_fitting_coefficients.c.obj
[16/1051] Building C object esp-idf/esp_http_server/CMakeFiles/__idf_esp_http_server.dir/src/httpd_txrx.c.obj
[34/1051] Building C object esp-idf/esp_adc/CMakeFiles/__idf_esp_adc.dir/adc_continuous.c.obj
[3/1051] Building C object esp-idf/esp_http_client/CMakeFiles/__idf_esp_http_client.dir/lib/http_utils.c.obj
[17/1051] Building C object esp-idf/esp_http_server/CMakeFiles/__idf_esp_http_server.dir/src/httpd_sess.c.obj
[18/1051] Building C object esp-idf/esp_adc/CMakeFiles/__idf_esp_adc.dir/adc_cali_curve_fitting.c.obj
[4/1051] Building C object esp-idf/esp_http_server/CMakeFiles/__idf_esp_http_server.dir/src/httpd_ws.c.obj
[19/1051] Building C object esp-idf/esp_https_ota/CMakeFiles/__idf_esp_https_ota.dir/src/esp_https_ota.c.obj
[5/1051] Building C object esp-idf/esp_http_server/CMakeFiles/__idf_esp_http_server.dir/src/httpd_uri.c.obj
[20/1051] Building C object esp-idf/esp_http_server/CMakeFiles/__idf_esp_http_server.dir/src/httpd_main.c.obj
[6/1051] Building C object esp-idf/esp_http_client/CMakeFiles/__idf_esp_http_client.dir/lib/http_header.c.obj
[21/1051] Building C object esp-idf/esp_adc/CMakeFiles/__idf_esp_adc.dir/adc_oneshot.c.obj
[35/1051] Building C object esp-idf/esp_driver_rmt/CMakeFiles/__idf_esp_driver_rmt.dir/src/rmt_encoder.c.obj
[22/1051] Linking C static library esp-idf/esp_https_ota/libesp_https_ota.a
[23/1051] Building C object esp-idf/tcp_transport/CMakeFiles/__idf_tcp_transport.dir/transport_ssl.c.obj
-- The C compiler identification is GNU 15.1.0
[7/1051] Building C object esp-idf/esp_http_client/CMakeFiles/__idf_esp_http_client.dir/lib/http_auth.c.obj
[8/1051] Building C object esp-idf/esp_http_server/CMakeFiles/__idf_esp_http_server.dir/src/util/ctrl_sock.c.obj
[4/1051] Building C object esp-idf/tcp_transport/CMakeFiles/__idf_tcp_transport.dir/transport_socks_proxy.c.obj
[24/1051] Building C object esp-idf/esp_adc/CMakeFiles/__idf_esp_adc.dir/adc_monitor.c.obj
-- Detecting CXX compiler ABI info - done
[25/1051] Building C object esp-idf/esp-tls/CMakeFiles/__idf_esp-tls.dir/esp_tls_platform_port.c.obj
[5/1051] Building C object esp-idf/esp_http_server/CMakeFiles/__idf_esp_http_server.dir/src/httpd_uri.c.obj
[26/1051] Building C object esp-idf/esp-tls/CMakeFiles/__idf_esp-tls.dir/esp-tls-crypto/esp_tls_crypto.c.obj
[9/1051] Building C object esp-idf/esp_http_server/CMakeFiles/__idf_esp_http_server.dir/src/httpd_sess.c.obj
[10/1051] Building C object esp-idf/esp_https_ota/CMakeFiles/__idf_esp_https_ota.dir/src/esp_https_ota.c.obj
-- Check for working CXX compiler: /home/tikhon/.espressif/tools/xtensa-esp-elf/esp-15.1.0_20250607/xtensa-esp-elf/bin/xtensa-esp32s3-elf-g++ - skipped
[11/1051] Building C object esp-idf/esp_adc/CMakeFiles/__idf_esp_adc.dir/adc_cali_curve_fitting.c.obj
-- Detecting CXX compile features
-- Detecting CXX compile features - done
[27/1051] Building C object esp-idf/esp_adc/CMakeFiles/__idf_esp_adc.dir/gdma/adc_dma.c.obj
[12/1051] Building C object esp-idf/tcp_transport/CMakeFiles/__idf_tcp_transport.dir/transport_socks_proxy.c.obj
[28/1051] Linking C static library esp-idf/esp_http_server/libesp_http_server.a
[13/1051] Linking C static library esp-idf/esp_https_ota/libesp_https_ota.a
[14/1051] Building C object esp-idf/esp_adc/CMakeFiles/__idf_esp_adc.dir/adc_cali.c.obj
[6/1051] Building C object esp-idf/esp_http_client/CMakeFiles/__idf_esp_http_client.dir/lib/http_utils.c.obj
[29/1051] Building C object esp-idf/esp-tls/CMakeFiles/__idf_esp-tls.dir/esp_tls_error_capture.c.obj
[7/1051] Building C object esp-idf/esp_http_server/CMakeFiles/__idf_esp_http_server.dir/src/httpd_ws.c.obj
-- The CXX compiler identification is GNU 15.1.0
[15/1051] Building C object esp-idf/esp_adc/CMakeFiles/__idf_esp_adc.dir/esp32s3/curve_fitting_coefficients.c.obj
-- Building ESP-IDF components for target esp32s3
[8/1051] Building C object esp-idf/esp_http_server/CMakeFiles/__idf_esp_http_server.dir/src/httpd_main.c.obj
[16/1051] Building C object esp-idf/tcp_transport/CMakeFiles/__idf_tcp_transport.dir/transport_internal.c.obj
[9/1051] Building C object esp-idf/esp_adc/CMakeFiles/__idf_esp_adc.dir/adc_cali.c.obj
[10/1051] Building C object esp-idf/esp_http_server/CMakeFiles/__idf_esp_http_server.dir/src/httpd_sess.c.obj
[36/1051] Building C object esp-idf/esp_driver_sdm/CMakeFiles/__idf_esp_driver_sdm.dir/src/sdm.c.obj
-- The ASM compiler identification is GNU
-- Found assembler: /home/tikhon/.espressif/tools/xtensa-esp-elf/esp-15.1.0_20250607/xtensa-esp-elf/bin/xtensa-esp32s3-elf-gcc
Executing action: elf
Running ninja in directory /home/tikhon/Документы/magnolia/applets/go/gotest/build
Executing "ninja elf"...
[0/2] Re-checking globbed directories...
[1/1051] Generating /home/tikhon/Документы/magnolia/applets/go/gotest/build/esp-idf/esp_system/ld/memory.ld linker script...
[17/1051] Building C object esp-idf/esp-tls/CMakeFiles/__idf_esp-tls.dir/esp_tls_platform_port.c.obj
[11/1051] Building C object esp-idf/esp_http_client/CMakeFiles/__idf_esp_http_client.dir/lib/http_auth.c.obj
[18/1051] Building C object esp-idf/esp-tls/CMakeFiles/__idf_esp-tls.dir/esp_tls_error_capture.c.obj
[19/1051] Building C object esp-idf/tcp_transport/CMakeFiles/__idf_tcp_transport.dir/transport_ssl.c.obj
[12/1051] Building C object esp-idf/esp_http_server/CMakeFiles/__idf_esp_http_server.dir/src/util/ctrl_sock.c.obj
[37/1051] Building C object esp-idf/esp-tls/CMakeFiles/__idf_esp-tls.dir/esp_tls.c.obj
[2/1051] Generating /home/tikhon/Документы/magnolia/applets/go/gotest/build/esp-idf/esp_system/ld/sections.ld.in linker script...
[20/1051] Building C object esp-idf/esp_http_server/CMakeFiles/__idf_esp_http_server.dir/src/httpd_txrx.c.obj
-- Detecting C compiler ABI info
[38/1051] Building C object esp-idf/esp-tls/CMakeFiles/__idf_esp-tls.dir/esp_tls_mbedtls.c.obj
[30/1051] Building C object esp-idf/esp_adc/CMakeFiles/__idf_esp_adc.dir/adc_continuous.c.obj
[13/1051] Building C object esp-idf/esp_adc/CMakeFiles/__idf_esp_adc.dir/adc_cali_curve_fitting.c.obj
[39/1051] Building C object esp-idf/driver/CMakeFiles/__idf_driver.dir/twai/twai.c.obj
[21/1051] Building C object esp-idf/esp_http_server/CMakeFiles/__idf_esp_http_server.dir/src/httpd_main.c.obj
[22/1051] Building C object esp-idf/tcp_transport/CMakeFiles/__idf_tcp_transport.dir/transport.c.obj
-- ELF_LOADER: 1.1.1
[40/1051] Building C object esp-idf/esp_driver_i2c/CMakeFiles/__idf_esp_driver_i2c.dir/i2c_common.c.obj
[23/1051] Building C object esp-idf/esp_adc/CMakeFiles/__idf_esp_adc.dir/gdma/adc_dma.c.obj
-- Generating done (2.0s)
[24/1051] Building C object esp-idf/esp_adc/CMakeFiles/__idf_esp_adc.dir/adc_common.c.obj
[14/1051] Building C object esp-idf/tcp_transport/CMakeFiles/__idf_tcp_transport.dir/transport_internal.c.obj
[25/1051] Building C object esp-idf/esp-tls/CMakeFiles/__idf_esp-tls.dir/esp-tls-crypto/esp_tls_crypto.c.obj
[15/1051] Building C object esp-idf/tcp_transport/CMakeFiles/__idf_tcp_transport.dir/transport.c.obj
[31/1051] Building C object esp-idf/esp_adc/CMakeFiles/__idf_esp_adc.dir/adc_filter.c.obj
[41/1051] Building C object esp-idf/esp_driver_sdspi/CMakeFiles/__idf_esp_driver_sdspi.dir/src/sdspi_crc.c.obj
[42/1051] Building C object esp-idf/esp_driver_tsens/CMakeFiles/__idf_esp_driver_tsens.dir/src/temperature_sensor.c.obj
[43/1051] Building C object esp-idf/esp_driver_i2c/CMakeFiles/__idf_esp_driver_i2c.dir/i2c_slave.c.obj
[16/1051] Building C object esp-idf/esp_adc/CMakeFiles/__idf_esp_adc.dir/esp32s3/curve_fitting_coefficients.c.obj
Executing action: elf
Running ninja in directory /home/tikhon/Документы/magnolia/applets/mainline/xxd/build
Executing "ninja elf"...
[1/1049] Generating /home/tikhon/Документы/magnolia/applets/mainline/xxd/build/esp-idf/esp_system/ld/memory.ld linker script...
[2/1049] Generating /home/tikhon/Документы/magnolia/applets/mainline/xxd/build/esp-idf/esp_system/ld/sections.ld.in linker script...
[32/1051] Building C object esp-idf/tcp_transport/CMakeFiles/__idf_tcp_transport.dir/transport_ws.c.obj
[17/1051] Building C object esp-idf/esp_adc/CMakeFiles/__idf_esp_adc.dir/gdma/adc_dma.c.obj
[44/1051] Building C object esp-idf/esp_driver_rmt/CMakeFiles/__idf_esp_driver_rmt.dir/src/rmt_encoder_bytes.c.obj
[45/1051] Building C object esp-idf/driver/CMakeFiles/__idf_driver.dir/i2c/i2c.c.obj
[18/1051] Building C object esp-idf/esp_adc/CMakeFiles/__idf_esp_adc.dir/adc_common.c.obj
[19/1051] Building C object esp-idf/esp_adc/CMakeFiles/__idf_esp_adc.dir/adc_oneshot.c.obj
[20/1051] Building C object esp-idf/esp-tls/CMakeFiles/__idf_esp-tls.dir/esp_tls_platform_port.c.obj
[33/1051] Building C object esp-idf/esp_driver_twai/CMakeFiles/__idf_esp_driver_twai.dir/esp_twai.c.obj
[21/1051] Building C object esp-idf/esp_adc/CMakeFiles/__idf_esp_adc.dir/adc_continuous.c.obj
-- Detecting C compiler ABI info - done
[26/1051] Building C object esp-idf/esp_http_server/CMakeFiles/__idf_esp_http_server.dir/src/httpd_parse.c.obj
[3/1049] Building C object esp-idf/esp_http_server/CMakeFiles/__idf_esp_http_server.dir/src/util/ctrl_sock.c.obj
[4/1049] Building C object esp-idf/esp_http_server/CMakeFiles/__idf_esp_http_server.dir/src/httpd_ws.c.obj
-- Build files have been written to: /home/tikhon/Документы/magnolia/applets/go/true/build
[22/1051] Building C object esp-idf/esp_http_server/CMakeFiles/__idf_esp_http_server.dir/src/httpd_parse.c.obj
[46/1051] Building C object esp-idf/esp_driver_twai/CMakeFiles/__idf_esp_driver_twai.dir/esp_twai_onchip.c.obj
[34/1051] Building C object esp-idf/esp-tls/CMakeFiles/__idf_esp-tls.dir/esp_tls_mbedtls.c.obj
-- Check for working C compiler: /home/tikhon/.espressif/tools/xtensa-esp-elf/esp-15.1.0_20250607/xtensa-esp-elf/bin/xtensa-esp32s3-elf-gcc - skipped
-- Detecting C compile features
-- Detecting C compile features - done
[47/1051] Building C object esp-idf/esp_driver_rmt/CMakeFiles/__idf_esp_driver_rmt.dir/src/rmt_common.c.obj
[27/1051] Building C object esp-idf/esp_adc/CMakeFiles/__idf_esp_adc.dir/adc_oneshot.c.obj
[23/1051] Building C object esp-idf/esp_http_server/CMakeFiles/__idf_esp_http_server.dir/src/httpd_txrx.c.obj
[48/1051] Building C object esp-idf/esp_http_client/CMakeFiles/__idf_esp_http_client.dir/esp_http_client.c.obj
[24/1051] Building C object esp-idf/esp-tls/CMakeFiles/__idf_esp-tls.dir/esp-tls-crypto/esp_tls_crypto.c.obj
[35/1051] Building C object esp-idf/driver/CMakeFiles/__idf_driver.dir/touch_sensor/touch_sensor_common.c.obj
[25/1051] Building C object esp-idf/esp_https_ota/CMakeFiles/__idf_esp_https_ota.dir/src/esp_https_ota.c.obj
[28/1051] Building C object esp-idf/esp_adc/CMakeFiles/__idf_esp_adc.dir/adc_filter.c.obj
[49/1051] Building C object esp-idf/esp_driver_rmt/CMakeFiles/__idf_esp_driver_rmt.dir/src/rmt_encoder_copy.c.obj
[5/1049] Building C object esp-idf/esp_adc/CMakeFiles/__idf_esp_adc.dir/adc_oneshot.c.obj
[29/1051] Linking C static library esp-idf/esp_http_server/libesp_http_server.a
[50/1051] Building C object esp-idf/driver/CMakeFiles/__idf_driver.dir/touch_sensor/esp32s3/touch_sensor.c.obj
-- Detecting CXX compiler ABI info
[3/1051] Building C object esp-idf/esp_http_client/CMakeFiles/__idf_esp_http_client.dir/lib/http_header.c.obj
-- ESP-TEE is currently supported only on the esp32c6;esp32h2;esp32c5 SoCs
[30/1051] Building C object esp-idf/esp_adc/CMakeFiles/__idf_esp_adc.dir/adc_monitor.c.obj
[26/1051] Linking C static library esp-idf/esp_https_ota/libesp_https_ota.a
[4/1051] Building C object esp-idf/esp_http_server/CMakeFiles/__idf_esp_http_server.dir/src/util/ctrl_sock.c.obj
[6/1049] Building C object esp-idf/esp_adc/CMakeFiles/__idf_esp_adc.dir/adc_common.c.obj
[27/1051] Building C object esp-idf/esp_adc/CMakeFiles/__idf_esp_adc.dir/adc_monitor.c.obj
[51/1051] Linking C static library esp-idf/esp_http_client/libesp_http_client.a
[7/1049] Building C object esp-idf/esp_adc/CMakeFiles/__idf_esp_adc.dir/adc_cali.c.obj
[28/1051] Building C object esp-idf/esp-tls/CMakeFiles/__idf_esp-tls.dir/esp_tls_error_capture.c.obj
[36/1051] Building C object esp-idf/esp_driver_i2c/CMakeFiles/__idf_esp_driver_i2c.dir/i2c_common.c.obj
[52/1051] Linking C static library esp-idf/tcp_transport/libtcp_transport.a
[31/1051] Building C object esp-idf/esp_adc/CMakeFiles/__idf_esp_adc.dir/adc_continuous.c.obj
[5/1051] Building C object esp-idf/esp_http_server/CMakeFiles/__idf_esp_http_server.dir/src/httpd_uri.c.obj
[29/1051] Building C object esp-idf/tcp_transport/CMakeFiles/__idf_tcp_transport.dir/transport_ssl.c.obj
[6/1051] Building C object esp-idf/esp_http_client/CMakeFiles/__idf_esp_http_client.dir/lib/http_utils.c.obj
[7/1051] Building C object esp-idf/tcp_transport/CMakeFiles/__idf_tcp_transport.dir/transport_internal.c.obj
[8/1051] Building C object esp-idf/esp_http_server/CMakeFiles/__idf_esp_http_server.dir/src/httpd_ws.c.obj
[8/1049] Building C object esp-idf/esp_http_client/CMakeFiles/__idf_esp_http_client.dir/lib/http_utils.c.obj
[30/1051] Linking C static library esp-idf/esp_http_server/libesp_http_server.a
Executing action: elf
Running ninja in directory /home/tikhon/Документы/magnolia/applets/go/pwd/build
Executing "ninja elf"...
[0/2] Re-checking globbed directories...
[37/1051] Building C object esp-idf/esp-tls/CMakeFiles/__idf_esp-tls.dir/esp_tls.c.obj
+ idf.py elf
[53/1051] Building C object esp-idf/esp_driver_sdmmc/CMakeFiles/__idf_esp_driver_sdmmc.dir/legacy/src/sdmmc_transaction.c.obj
[32/1051] Building C object esp-idf/esp_driver_twai/CMakeFiles/__idf_esp_driver_twai.dir/esp_twai.c.obj
[9/1049] Building C object esp-idf/esp_http_client/CMakeFiles/__idf_esp_http_client.dir/lib/http_header.c.obj
[38/1051] Building C object esp-idf/esp_driver_rmt/CMakeFiles/__idf_esp_driver_rmt.dir/src/rmt_common.c.obj
[54/1051] Linking C static library esp-idf/esp_adc/libesp_adc.a
-- Detecting CXX compiler ABI info - done
[55/1051] Building C object esp-idf/esp_driver_sdspi/CMakeFiles/__idf_esp_driver_sdspi.dir/src/sdspi_transaction.c.obj
Executing action: elf
Running ninja in directory /home/tikhon/Документы/magnolia/applets/go/gohello/build
Executing "ninja elf"...
[0/2] Re-checking globbed directories...
[1/1051] Generating /home/tikhon/Документы/magnolia/applets/go/gohello/build/esp-idf/esp_system/ld/sections.ld.in linker script...
[2/1051] Generating /home/tikhon/Документы/magnolia/applets/go/gohello/build/esp-idf/esp_system/ld/memory.ld linker script...
[39/1051] Building C object esp-idf/driver/CMakeFiles/__idf_driver.dir/twai/twai.c.obj
[33/1051] Building C object esp-idf/tcp_transport/CMakeFiles/__idf_tcp_transport.dir/transport_ws.c.obj
[40/1051] Building C object esp-idf/esp_http_client/CMakeFiles/__idf_esp_http_client.dir/esp_http_client.c.obj
[56/1051] Building C object esp-idf/esp_driver_rmt/CMakeFiles/__idf_esp_driver_rmt.dir/src/rmt_encoder_simple.c.obj
[1/1051] Generating /home/tikhon/Документы/magnolia/applets/go/pwd/build/esp-idf/esp_system/ld/memory.ld linker script...
-- Check for working CXX compiler: /home/tikhon/.espressif/tools/xtensa-esp-elf/esp-15.1.0_20250607/xtensa-esp-elf/bin/xtensa-esp32s3-elf-g++ - skipped
-- Detecting CXX compile features
-- Detecting CXX compile features - done
[34/1051] Building C object esp-idf/driver/CMakeFiles/__idf_driver.dir/touch_sensor/esp32s3/touch_sensor.c.obj
[2/1051] Generating /home/tikhon/Документы/magnolia/applets/go/pwd/build/esp-idf/esp_system/ld/sections.ld.in linker script...
[57/1051] Linking C static library esp-idf/esp-tls/libesp-tls.a
[9/1051] Building C object esp-idf/esp_adc/CMakeFiles/__idf_esp_adc.dir/adc_cali.c.obj
[31/1051] Building C object esp-idf/driver/CMakeFiles/__idf_driver.dir/twai/twai.c.obj
[10/1049] Building C object esp-idf/esp_adc/CMakeFiles/__idf_esp_adc.dir/adc_cali_curve_fitting.c.obj
[32/1051] Building C object esp-idf/esp_adc/CMakeFiles/__idf_esp_adc.dir/adc_filter.c.obj
[41/1051] Building C object esp-idf/esp_driver_rmt/CMakeFiles/__idf_esp_driver_rmt.dir/src/rmt_encoder.c.obj
[10/1051] Building C object esp-idf/esp_http_server/CMakeFiles/__idf_esp_http_server.dir/src/httpd_sess.c.obj
[58/1051] Building C object esp-idf/esp_driver_sd_intf/CMakeFiles/__idf_esp_driver_sd_intf.dir/sd_host.c.obj
[42/1051] Building C object esp-idf/esp_driver_sdm/CMakeFiles/__idf_esp_driver_sdm.dir/src/sdm.c.obj
[11/1051] Building C object esp-idf/esp_http_client/CMakeFiles/__idf_esp_http_client.dir/lib/http_auth.c.obj
[12/1051] Building C object esp-idf/esp_adc/CMakeFiles/__idf_esp_adc.dir/adc_cali_curve_fitting.c.obj
[43/1051] Linking C static library esp-idf/esp_http_client/libesp_http_client.a
[59/1051] Building C object esp-idf/http_parser/CMakeFiles/__idf_http_parser.dir/http_parser.c.obj
-- Building ESP-IDF components for target esp32s3
[44/1051] Building C object esp-idf/esp_driver_sdspi/CMakeFiles/__idf_esp_driver_sdspi.dir/src/sdspi_crc.c.obj
[13/1051] Building C object esp-idf/esp_adc/CMakeFiles/__idf_esp_adc.dir/adc_common.c.obj
[45/1051] Building C object esp-idf/esp_driver_i2c/CMakeFiles/__idf_esp_driver_i2c.dir/i2c_slave.c.obj
[46/1051] Building C object esp-idf/esp_driver_rmt/CMakeFiles/__idf_esp_driver_rmt.dir/src/rmt_encoder_bytes.c.obj
[14/1051] Building C object esp-idf/tcp_transport/CMakeFiles/__idf_tcp_transport.dir/transport.c.obj
[11/1049] Building C object esp-idf/esp_http_client/CMakeFiles/__idf_esp_http_client.dir/lib/http_auth.c.obj
[15/1051] Building C object esp-idf/esp_http_server/CMakeFiles/__idf_esp_http_server.dir/src/httpd_txrx.c.obj
[12/1049] Building C object esp-idf/esp_http_server/CMakeFiles/__idf_esp_http_server.dir/src/httpd_uri.c.obj
[16/1051] Building C object esp-idf/tcp_transport/CMakeFiles/__idf_tcp_transport.dir/transport_socks_proxy.c.obj
[60/1051] Building C object esp-idf/esp_driver_sdmmc/CMakeFiles/__idf_esp_driver_sdmmc.dir/legacy/src/sdmmc_host.c.obj
[47/1051] Linking C static library esp-idf/tcp_transport/libtcp_transport.a
[3/1051] Building C object esp-idf/esp_http_server/CMakeFiles/__idf_esp_http_server.dir/src/util/ctrl_sock.c.obj
[13/1049] Building C object esp-idf/tcp_transport/CMakeFiles/__idf_tcp_transport.dir/transport_internal.c.obj
[35/1051] Building C object esp-idf/driver/CMakeFiles/__idf_driver.dir/touch_sensor/touch_sensor_common.c.obj
[3/1051] Building C object esp-idf/esp_http_client/CMakeFiles/__idf_esp_http_client.dir/lib/http_utils.c.obj
[4/1051] Building C object esp-idf/esp_https_ota/CMakeFiles/__idf_esp_https_ota.dir/src/esp_https_ota.c.obj
[61/1051] Linking C static library esp-idf/http_parser/libhttp_parser.a
[48/1051] Building C object esp-idf/esp_driver_tsens/CMakeFiles/__idf_esp_driver_tsens.dir/src/temperature_sensor.c.obj
[33/1051] Building C object esp-idf/esp_driver_twai/CMakeFiles/__idf_esp_driver_twai.dir/esp_twai.c.obj
[14/1049] Building C object esp-idf/esp_adc/CMakeFiles/__idf_esp_adc.dir/esp32s3/curve_fitting_coefficients.c.obj
[15/1049] Building C object esp-idf/tcp_transport/CMakeFiles/__idf_tcp_transport.dir/transport_socks_proxy.c.obj
[36/1051] Building C object esp-idf/driver/CMakeFiles/__idf_driver.dir/twai/twai.c.obj
[16/1049] Building C object esp-idf/esp_http_server/CMakeFiles/__idf_esp_http_server.dir/src/httpd_sess.c.obj
[62/1051] Building C object esp-idf/esp_driver_sdmmc/CMakeFiles/__idf_esp_driver_sdmmc.dir/src/sd_trans_sdmmc.c.obj
[17/1051] Building C object esp-idf/esp_adc/CMakeFiles/__idf_esp_adc.dir/esp32s3/curve_fitting_coefficients.c.obj
[34/1051] Building C object esp-idf/driver/CMakeFiles/__idf_driver.dir/touch_sensor/touch_sensor_common.c.obj
[63/1051] Building C object esp-idf/sdmmc/CMakeFiles/__idf_sdmmc.dir/sd_pwr_ctrl/sd_pwr_ctrl.c.obj
[5/1051] Building C object esp-idf/esp_http_server/CMakeFiles/__idf_esp_http_server.dir/src/httpd_txrx.c.obj
[18/1051] Building C object esp-idf/esp_http_server/CMakeFiles/__idf_esp_http_server.dir/src/httpd_parse.c.obj
[17/1049] Building C object esp-idf/esp_adc/CMakeFiles/__idf_esp_adc.dir/gdma/adc_dma.c.obj
[49/1051] Building C object esp-idf/esp_driver_twai/CMakeFiles/__idf_esp_driver_twai.dir/esp_twai_onchip.c.obj
[6/1051] Linking C static library esp-idf/esp_https_ota/libesp_https_ota.a
[19/1051] Building C object esp-idf/esp-tls/CMakeFiles/__idf_esp-tls.dir/esp_tls_platform_port.c.obj
[50/1051] Linking C static library esp-idf/esp_adc/libesp_adc.a
[37/1051] Building C object esp-idf/esp_driver_i2c/CMakeFiles/__idf_esp_driver_i2c.dir/i2c_slave.c.obj
[51/1051] Building C object esp-idf/esp_driver_rmt/CMakeFiles/__idf_esp_driver_rmt.dir/src/rmt_encoder_copy.c.obj
[64/1051] Building C object esp-idf/driver/CMakeFiles/__idf_driver.dir/deprecated/rmt_legacy.c.obj
[38/1051] Building C object esp-idf/esp_driver_i2c/CMakeFiles/__idf_esp_driver_i2c.dir/i2c_common.c.obj
[20/1051] Building C object esp-idf/esp-tls/CMakeFiles/__idf_esp-tls.dir/esp_tls_error_capture.c.obj
[65/1051] Building C object esp-idf/sdmmc/CMakeFiles/__idf_sdmmc.dir/sdmmc_common.c.obj
[66/1051] Building C object esp-idf/sdmmc/CMakeFiles/__idf_sdmmc.dir/sdmmc_init.c.obj
[21/1051] Building C object esp-idf/esp_adc/CMakeFiles/__idf_esp_adc.dir/adc_monitor.c.obj
[67/1051] Building C object esp-idf/esp_driver_i2c/CMakeFiles/__idf_esp_driver_i2c.dir/i2c_master.c.obj
[35/1051] Building C object esp-idf/esp_driver_i2c/CMakeFiles/__idf_esp_driver_i2c.dir/i2c_common.c.obj
[22/1051] Building C object esp-idf/esp-tls/CMakeFiles/__idf_esp-tls.dir/esp-tls-crypto/esp_tls_crypto.c.obj
[36/1051] Building C object esp-idf/driver/CMakeFiles/__idf_driver.dir/touch_sensor/esp32s3/touch_sensor.c.obj
[23/1051] Building C object esp-idf/esp_adc/CMakeFiles/__idf_esp_adc.dir/adc_oneshot.c.obj
[24/1051] Building C object esp-idf/esp_https_ota/CMakeFiles/__idf_esp_https_ota.dir/src/esp_https_ota.c.obj
[39/1051] Building C object esp-idf/esp-tls/CMakeFiles/__idf_esp-tls.dir/esp_tls.c.obj
[25/1051] Building C object esp-idf/esp_http_server/CMakeFiles/__idf_esp_http_server.dir/src/httpd_main.c.obj
[40/1051] Building C object esp-idf/esp_driver_tsens/CMakeFiles/__idf_esp_driver_tsens.dir/src/temperature_sensor.c.obj
[18/1049] Building C object esp-idf/tcp_transport/CMakeFiles/__idf_tcp_transport.dir/transport.c.obj
[68/1051] Building C object esp-idf/esp_driver_sdspi/CMakeFiles/__idf_esp_driver_sdspi.dir/src/sdspi_host.c.obj
[41/1051] Building C object esp-idf/esp_driver_sdm/CMakeFiles/__idf_esp_driver_sdm.dir/src/sdm.c.obj
[7/1051] Building C object esp-idf/esp_http_client/CMakeFiles/__idf_esp_http_client.dir/lib/http_utils.c.obj
[19/1049] Building C object esp-idf/esp_http_server/CMakeFiles/__idf_esp_http_server.dir/src/httpd_main.c.obj
[20/1049] Building C object esp-idf/tcp_transport/CMakeFiles/__idf_tcp_transport.dir/transport_ssl.c.obj
[52/1051] Linking C static library esp-idf/esp-tls/libesp-tls.a
[37/1051] Building C object esp-idf/esp_http_client/CMakeFiles/__idf_esp_http_client.dir/esp_http_client.c.obj
[42/1051] Building C object esp-idf/esp_driver_rmt/CMakeFiles/__idf_esp_driver_rmt.dir/src/rmt_encoder.c.obj
Executing action: elf
Running ninja in directory /home/tikhon/Документы/magnolia/applets/go/goxxd/build
Executing "ninja elf"...
[0/2] Re-checking globbed directories...
[8/1051] Building C object esp-idf/esp_http_client/CMakeFiles/__idf_esp_http_client.dir/lib/http_header.c.obj
[21/1049] Building C object esp-idf/esp-tls/CMakeFiles/__idf_esp-tls.dir/esp_tls_platform_port.c.obj
[22/1049] Building C object esp-idf/esp_http_server/CMakeFiles/__idf_esp_http_server.dir/src/httpd_txrx.c.obj
[69/1051] Linking C static library esp-idf/driver/libdriver.a
[23/1049] Building C object esp-idf/esp_adc/CMakeFiles/__idf_esp_adc.dir/adc_monitor.c.obj
[38/1051] Building C object esp-idf/tcp_transport/CMakeFiles/__idf_tcp_transport.dir/transport_ws.c.obj
[24/1049] Building C object esp-idf/esp-tls/CMakeFiles/__idf_esp-tls.dir/esp-tls-crypto/esp_tls_crypto.c.obj
[26/1051] Linking C static library esp-idf/esp_https_ota/libesp_https_ota.a
[25/1049] Building C object esp-idf/esp_adc/CMakeFiles/__idf_esp_adc.dir/adc_filter.c.obj
[4/1051] Building C object esp-idf/esp_http_client/CMakeFiles/__idf_esp_http_client.dir/lib/http_header.c.obj
[43/1051] Building C object esp-idf/esp-tls/CMakeFiles/__idf_esp-tls.dir/esp_tls_mbedtls.c.obj
[70/1051] Building C object esp-idf/esp_driver_i2s/CMakeFiles/__idf_esp_driver_i2s.dir/i2s_tdm.c.obj
[53/1051] Building C object esp-idf/esp_driver_rmt/CMakeFiles/__idf_esp_driver_rmt.dir/src/rmt_encoder_simple.c.obj
[44/1051] Building C object esp-idf/esp_driver_twai/CMakeFiles/__idf_esp_driver_twai.dir/esp_twai_onchip.c.obj
[45/1051] Building C object esp-idf/esp_driver_sdspi/CMakeFiles/__idf_esp_driver_sdspi.dir/src/sdspi_crc.c.obj
[39/1051] Building C object esp-idf/esp_driver_rmt/CMakeFiles/__idf_esp_driver_rmt.dir/src/rmt_encoder_copy.c.obj
[54/1051] Building C object esp-idf/esp_driver_sdmmc/CMakeFiles/__idf_esp_driver_sdmmc.dir/legacy/src/sdmmc_transaction.c.obj
[9/1051] Building C object esp-idf/esp_adc/CMakeFiles/__idf_esp_adc.dir/adc_cali.c.obj
[40/1051] Linking C static library esp-idf/esp_http_client/libesp_http_client.a
[71/1051] Linking C static library esp-idf/esp_driver_twai/libesp_driver_twai.a
[10/1051] Building C object esp-idf/esp_http_server/CMakeFiles/__idf_esp_http_server.dir/src/httpd_ws.c.obj
[5/1051] Building C object esp-idf/esp_http_server/CMakeFiles/__idf_esp_http_server.dir/src/httpd_ws.c.obj
[11/1051] Building C object esp-idf/esp_http_server/CMakeFiles/__idf_esp_http_server.dir/src/httpd_uri.c.obj
[55/1051] Building C object esp-idf/esp_driver_sdspi/CMakeFiles/__idf_esp_driver_sdspi.dir/src/sdspi_transaction.c.obj
[12/1051] Building C object esp-idf/esp_adc/CMakeFiles/__idf_esp_adc.dir/adc_cali_curve_fitting.c.obj
[46/1051] Building C object esp-idf/esp_http_client/CMakeFiles/__idf_esp_http_client.dir/esp_http_client.c.obj
[26/1049] Building C object esp-idf/esp_http_server/CMakeFiles/__idf_esp_http_server.dir/src/httpd_parse.c.obj
[27/1051] Building C object esp-idf/esp_adc/CMakeFiles/__idf_esp_adc.dir/gdma/adc_dma.c.obj
[72/1051] Building C object esp-idf/esp_driver_rmt/CMakeFiles/__idf_esp_driver_rmt.dir/src/rmt_rx.c.obj
[56/1051] Building C object esp-idf/driver/CMakeFiles/__idf_driver.dir/touch_sensor/esp32s3/touch_sensor.c.obj
[28/1051] Linking C static library esp-idf/esp_http_server/libesp_http_server.a
[27/1049] Building C object esp-idf/esp_adc/CMakeFiles/__idf_esp_adc.dir/adc_continuous.c.obj
[28/1049] Building C object esp-idf/esp_https_ota/CMakeFiles/__idf_esp_https_ota.dir/src/esp_https_ota.c.obj
[1/1051] Generating /home/tikhon/Документы/magnolia/applets/go/goxxd/build/esp-idf/esp_system/ld/sections.ld.in linker script...
[41/1051] Linking C static library esp-idf/tcp_transport/libtcp_transport.a
[13/1051] Building C object esp-idf/esp_http_client/CMakeFiles/__idf_esp_http_client.dir/esp_http_client.c.obj
[6/1051] Building C object esp-idf/esp_http_server/CMakeFiles/__idf_esp_http_server.dir/src/util/ctrl_sock.c.obj
[29/1049] Building C object esp-idf/esp-tls/CMakeFiles/__idf_esp-tls.dir/esp_tls_error_capture.c.obj
[14/1051] Building C object esp-idf/esp_http_client/CMakeFiles/__idf_esp_http_client.dir/lib/http_auth.c.obj
[47/1051] Linking C static library esp-idf/esp_http_client/libesp_http_client.a
[30/1049] Building C object esp-idf/driver/CMakeFiles/__idf_driver.dir/touch_sensor/touch_sensor_common.c.obj
[42/1051] Building C object esp-idf/esp_driver_tsens/CMakeFiles/__idf_esp_driver_tsens.dir/src/temperature_sensor.c.obj
[73/1051] Building C object esp-idf/sdmmc/CMakeFiles/__idf_sdmmc.dir/sdmmc_mmc.c.obj
[48/1051] Building C object esp-idf/esp_driver_rmt/CMakeFiles/__idf_esp_driver_rmt.dir/src/rmt_common.c.obj
[15/1051] Building C object esp-idf/tcp_transport/CMakeFiles/__idf_tcp_transport.dir/transport_socks_proxy.c.obj
[43/1051] Building C object esp-idf/esp-tls/CMakeFiles/__idf_esp-tls.dir/esp_tls.c.obj
[57/1051] Building C object esp-idf/http_parser/CMakeFiles/__idf_http_parser.dir/http_parser.c.obj
[44/1051] Building C object esp-idf/esp_driver_ledc/CMakeFiles/__idf_esp_driver_ledc.dir/src/ledc.c.obj
[16/1051] Building C object esp-idf/tcp_transport/CMakeFiles/__idf_tcp_transport.dir/transport_internal.c.obj
[74/1051] Building C object esp-idf/esp_driver_i2s/CMakeFiles/__idf_esp_driver_i2s.dir/i2s_common.c.obj
[45/1051] Building C object esp-idf/esp_driver_sdm/CMakeFiles/__idf_esp_driver_sdm.dir/src/sdm.c.obj
[75/1051] Building C object esp-idf/sdmmc/CMakeFiles/__idf_sdmmc.dir/sdmmc_cmd.c.obj
[7/1051] Building C object esp-idf/tcp_transport/CMakeFiles/__idf_tcp_transport.dir/transport_ws.c.obj
[2/1051] Generating /home/tikhon/Документы/magnolia/applets/go/goxxd/build/esp-idf/esp_system/ld/memory.ld linker script...
[29/1051] Building C object esp-idf/driver/CMakeFiles/__idf_driver.dir/touch_sensor/touch_sensor_common.c.obj
[31/1049] Linking C static library esp-idf/esp_https_ota/libesp_https_ota.a
[46/1051] Building C object esp-idf/esp_driver_rmt/CMakeFiles/__idf_esp_driver_rmt.dir/src/rmt_common.c.obj
[47/1051] Linking C static library esp-idf/esp_adc/libesp_adc.a
[8/1051] Building C object esp-idf/tcp_transport/CMakeFiles/__idf_tcp_transport.dir/transport_socks_proxy.c.obj
[48/1051] Building C object esp-idf/esp_driver_sdspi/CMakeFiles/__idf_esp_driver_sdspi.dir/src/sdspi_crc.c.obj
[9/1051] Building C object esp-idf/esp_adc/CMakeFiles/__idf_esp_adc.dir/adc_cali.c.obj
[49/1051] Building C object esp-idf/esp_driver_rmt/CMakeFiles/__idf_esp_driver_rmt.dir/src/rmt_encoder_copy.c.obj
[17/1051] Building C object esp-idf/esp-tls/CMakeFiles/__idf_esp-tls.dir/esp_tls_platform_port.c.obj
[58/1051] Building C object esp-idf/esp_driver_sdspi/CMakeFiles/__idf_esp_driver_sdspi.dir/src/sdspi_host.c.obj
[10/1051] Building C object esp-idf/esp_http_server/CMakeFiles/__idf_esp_http_server.dir/src/httpd_sess.c.obj
[49/1051] Building C object esp-idf/esp_driver_i2c/CMakeFiles/__idf_esp_driver_i2c.dir/i2c_slave.c.obj
[59/1051] Building C object esp-idf/esp_driver_sdmmc/CMakeFiles/__idf_esp_driver_sdmmc.dir/legacy/src/sdmmc_host.c.obj
[18/1051] Building C object esp-idf/esp_http_server/CMakeFiles/__idf_esp_http_server.dir/src/httpd_sess.c.obj
[60/1051] Linking C static library esp-idf/http_parser/libhttp_parser.a
[11/1051] Building C object esp-idf/tcp_transport/CMakeFiles/__idf_tcp_transport.dir/transport_internal.c.obj
[50/1051] Linking C static library esp-idf/tcp_transport/libtcp_transport.a
[19/1051] Building C object esp-idf/esp_adc/CMakeFiles/__idf_esp_adc.dir/esp32s3/curve_fitting_coefficients.c.obj
[12/1051] Building C object esp-idf/esp_http_server/CMakeFiles/__idf_esp_http_server.dir/src/httpd_uri.c.obj
[13/1051] Building C object esp-idf/esp_http_client/CMakeFiles/__idf_esp_http_client.dir/lib/http_auth.c.obj
[51/1051] Building C object esp-idf/esp_driver_rmt/CMakeFiles/__idf_esp_driver_rmt.dir/src/rmt_encoder_bytes.c.obj
[50/1051] Building C object esp-idf/esp_driver_rmt/CMakeFiles/__idf_esp_driver_rmt.dir/src/rmt_encoder.c.obj
[30/1051] Building C object esp-idf/tcp_transport/CMakeFiles/__idf_tcp_transport.dir/transport_ssl.c.obj
[20/1051] Building C object esp-idf/esp-tls/CMakeFiles/__idf_esp-tls.dir/esp_tls_error_capture.c.obj
[31/1051] Building C object esp-idf/esp_adc/CMakeFiles/__idf_esp_adc.dir/adc_filter.c.obj
[76/1051] Building C object esp-idf/esp_driver_i2s/CMakeFiles/__idf_esp_driver_i2s.dir/i2s_platform.c.obj
[21/1051] Building C object esp-idf/esp_adc/CMakeFiles/__idf_esp_adc.dir/adc_common.c.obj
[61/1051] Building C object esp-idf/esp_driver_i2c/CMakeFiles/__idf_esp_driver_i2c.dir/i2c_master.c.obj
[32/1049] Linking C static library esp-idf/esp_http_server/libesp_http_server.a
[32/1051] Building C object esp-idf/esp_adc/CMakeFiles/__idf_esp_adc.dir/adc_continuous.c.obj
[77/1051] Building C object esp-idf/esp_driver_rmt/CMakeFiles/__idf_esp_driver_rmt.dir/src/rmt_tx.c.obj
[62/1051] Building C object esp-idf/esp_driver_sd_intf/CMakeFiles/__idf_esp_driver_sd_intf.dir/sd_host.c.obj
[22/1051] Building C object esp-idf/esp_adc/CMakeFiles/__idf_esp_adc.dir/adc_oneshot.c.obj
[14/1051] Building C object esp-idf/esp_adc/CMakeFiles/__idf_esp_adc.dir/adc_oneshot.c.obj
[23/1051] Building C object esp-idf/tcp_transport/CMakeFiles/__idf_tcp_transport.dir/transport.c.obj
[52/1051] Building C object esp-idf/esp_driver_sdspi/CMakeFiles/__idf_esp_driver_sdspi.dir/src/sdspi_transaction.c.obj
[53/1051] Linking C static library esp-idf/esp_adc/libesp_adc.a
[24/1051] Building C object esp-idf/esp-tls/CMakeFiles/__idf_esp-tls.dir/esp-tls-crypto/esp_tls_crypto.c.obj
[78/1051] Building C object esp-idf/esp_driver_ledc/CMakeFiles/__idf_esp_driver_ledc.dir/src/ledc.c.obj
[54/1051] Building C object esp-idf/esp_driver_sdmmc/CMakeFiles/__idf_esp_driver_sdmmc.dir/legacy/src/sdmmc_transaction.c.obj
[51/1051] Building C object esp-idf/esp_driver_twai/CMakeFiles/__idf_esp_driver_twai.dir/esp_twai_onchip.c.obj
[63/1051] Building C object esp-idf/driver/CMakeFiles/__idf_driver.dir/i2c/i2c.c.obj
[55/1051] Building C object esp-idf/esp_driver_rmt/CMakeFiles/__idf_esp_driver_rmt.dir/src/rmt_encoder_simple.c.obj
[79/1051] Building C object esp-idf/sdmmc/CMakeFiles/__idf_sdmmc.dir/sdmmc_io.c.obj
[33/1051] Building C object esp-idf/esp_driver_twai/CMakeFiles/__idf_esp_driver_twai.dir/esp_twai.c.obj
[64/1051] Building C object esp-idf/sdmmc/CMakeFiles/__idf_sdmmc.dir/sd_pwr_ctrl/sd_pwr_ctrl.c.obj
[80/1051] Building C object esp-idf/esp_driver_mcpwm/CMakeFiles/__idf_esp_driver_mcpwm.dir/src/mcpwm_cmpr.c.obj
[65/1051] Building C object esp-idf/sdmmc/CMakeFiles/__idf_sdmmc.dir/sdmmc_init.c.obj
[15/1051] Building C object esp-idf/esp_adc/CMakeFiles/__idf_esp_adc.dir/esp32s3/curve_fitting_coefficients.c.obj
[81/1051] Linking C static library esp-idf/esp_driver_ledc/libesp_driver_ledc.a
[16/1051] Building C object esp-idf/esp_http_server/CMakeFiles/__idf_esp_http_server.dir/src/httpd_main.c.obj
[56/1051] Building C object esp-idf/esp_driver_sd_intf/CMakeFiles/__idf_esp_driver_sd_intf.dir/sd_host.c.obj
[57/1051] Linking C static library esp-idf/esp-tls/libesp-tls.a
[66/1051] Building C object esp-idf/esp_driver_rmt/CMakeFiles/__idf_esp_driver_rmt.dir/src/rmt_rx.c.obj
[34/1051] Building C object esp-idf/tcp_transport/CMakeFiles/__idf_tcp_transport.dir/transport_ws.c.obj
[17/1051] Building C object esp-idf/esp_adc/CMakeFiles/__idf_esp_adc.dir/adc_common.c.obj
[52/1051] Building C object esp-idf/esp_driver_rmt/CMakeFiles/__idf_esp_driver_rmt.dir/src/rmt_encoder_bytes.c.obj
[82/1051] Building C object esp-idf/sdmmc/CMakeFiles/__idf_sdmmc.dir/sdmmc_sd.c.obj
[3/1051] Building C object esp-idf/tcp_transport/CMakeFiles/__idf_tcp_transport.dir/transport.c.obj
[25/1051] Building C object esp-idf/esp_http_server/CMakeFiles/__idf_esp_http_server.dir/src/httpd_main.c.obj
[53/1051] Building C object esp-idf/esp-tls/CMakeFiles/__idf_esp-tls.dir/esp_tls_mbedtls.c.obj
[83/1051] Building C object esp-idf/esp_driver_mcpwm/CMakeFiles/__idf_esp_driver_mcpwm.dir/src/mcpwm_com.c.obj
[54/1051] Building C object esp-idf/sdmmc/CMakeFiles/__idf_sdmmc.dir/sdmmc_cmd.c.obj
[18/1051] Building C object esp-idf/tcp_transport/CMakeFiles/__idf_tcp_transport.dir/transport.c.obj
[19/1051] Building C object esp-idf/esp_https_ota/CMakeFiles/__idf_esp_https_ota.dir/src/esp_https_ota.c.obj
[33/1049] Building C object esp-idf/tcp_transport/CMakeFiles/__idf_tcp_transport.dir/transport_ws.c.obj
[84/1051] Linking C static library esp-idf/esp_driver_i2c/libesp_driver_i2c.a
[26/1051] Building C object esp-idf/esp_adc/CMakeFiles/__idf_esp_adc.dir/gdma/adc_dma.c.obj
[20/1051] Building C object esp-idf/esp-tls/CMakeFiles/__idf_esp-tls.dir/esp-tls-crypto/esp_tls_crypto.c.obj
[58/1051] Building C object esp-idf/sdmmc/CMakeFiles/__idf_sdmmc.dir/sdmmc_mmc.c.obj
[85/1051] Building ASM object esp-idf/esp_gdbstub/CMakeFiles/__idf_esp_gdbstub.dir/src/port/xtensa/gdbstub-entry.S.obj
[27/1051] Building C object esp-idf/esp_http_server/CMakeFiles/__idf_esp_http_server.dir/src/httpd_parse.c.obj
[21/1051] Building C object esp-idf/esp-tls/CMakeFiles/__idf_esp-tls.dir/esp_tls_platform_port.c.obj
[55/1051] Building C object esp-idf/esp_driver_sdspi/CMakeFiles/__idf_esp_driver_sdspi.dir/src/sdspi_transaction.c.obj
[86/1051] Building C object esp-idf/esp_driver_i2s/CMakeFiles/__idf_esp_driver_i2s.dir/i2s_std.c.obj
[22/1051] Building C object esp-idf/esp_http_server/CMakeFiles/__idf_esp_http_server.dir/src/httpd_parse.c.obj
[23/1051] Building C object esp-idf/esp_adc/CMakeFiles/__idf_esp_adc.dir/adc_cali_curve_fitting.c.obj
[87/1051] Building C object esp-idf/esp_driver_mcpwm/CMakeFiles/__idf_esp_driver_mcpwm.dir/src/mcpwm_fault.c.obj
[56/1051] Building C object esp-idf/esp_driver_rmt/CMakeFiles/__idf_esp_driver_rmt.dir/src/rmt_encoder_simple.c.obj
[24/1051] Building C object esp-idf/esp_http_server/CMakeFiles/__idf_esp_http_server.dir/src/httpd_txrx.c.obj
[57/1051] Linking C static library esp-idf/esp-tls/libesp-tls.a
[88/1051] Linking C static library esp-idf/esp_driver_sdm/libesp_driver_sdm.a
[25/1051] Linking C static library esp-idf/esp_https_ota/libesp_https_ota.a
[89/1051] Building ASM object esp-idf/esp_gdbstub/CMakeFiles/__idf_esp_gdbstub.dir/src/port/xtensa/xt_debugexception.S.obj
[4/1051] Building C object esp-idf/esp_http_client/CMakeFiles/__idf_esp_http_client.dir/lib/http_header.c.obj
[26/1051] Building C object esp-idf/tcp_transport/CMakeFiles/__idf_tcp_transport.dir/transport_ssl.c.obj
[67/1051] Building C object esp-idf/sdmmc/CMakeFiles/__idf_sdmmc.dir/sdmmc_common.c.obj
[28/1051] Building C object esp-idf/tcp_transport/CMakeFiles/__idf_tcp_transport.dir/transport_ssl.c.obj
[5/1051] Building C object esp-idf/esp_http_server/CMakeFiles/__idf_esp_http_server.dir/src/util/ctrl_sock.c.obj
[34/1049] Building C object esp-idf/esp_driver_rmt/CMakeFiles/__idf_esp_driver_rmt.dir/src/rmt_encoder.c.obj
[68/1051] Building C object esp-idf/sdmmc/CMakeFiles/__idf_sdmmc.dir/sdmmc_io.c.obj
[35/1049] Building C object esp-idf/esp_driver_twai/CMakeFiles/__idf_esp_driver_twai.dir/esp_twai.c.obj
[27/1051] Building C object esp-idf/esp_adc/CMakeFiles/__idf_esp_adc.dir/gdma/adc_dma.c.obj
[29/1051] Building C object esp-idf/esp_adc/CMakeFiles/__idf_esp_adc.dir/adc_filter.c.obj
[6/1051] Building C object esp-idf/esp_http_client/CMakeFiles/__idf_esp_http_client.dir/lib/http_utils.c.obj
[90/1051] Building C object esp-idf/esp_driver_mcpwm/CMakeFiles/__idf_esp_driver_mcpwm.dir/src/mcpwm_sync.c.obj
[36/1049] Building C object esp-idf/esp_driver_i2c/CMakeFiles/__idf_esp_driver_i2c.dir/i2c_common.c.obj
[91/1051] Building C object esp-idf/esp_gdbstub/CMakeFiles/__idf_esp_gdbstub.dir/src/gdbstub_transport.c.obj
[30/1051] Linking C static library esp-idf/esp_http_server/libesp_http_server.a
[37/1049] Building C object esp-idf/esp_driver_tsens/CMakeFiles/__idf_esp_driver_tsens.dir/src/temperature_sensor.c.obj
[58/1051] Building C object esp-idf/esp_driver_sdmmc/CMakeFiles/__idf_esp_driver_sdmmc.dir/legacy/src/sdmmc_transaction.c.obj
[7/1051] Building C object esp-idf/esp_http_server/CMakeFiles/__idf_esp_http_server.dir/src/httpd_ws.c.obj
[31/1051] Building C object esp-idf/esp_adc/CMakeFiles/__idf_esp_adc.dir/adc_monitor.c.obj
[69/1051] Building C object esp-idf/esp_driver_ledc/CMakeFiles/__idf_esp_driver_ledc.dir/src/ledc.c.obj
[92/1051] Building C object esp-idf/esp_gdbstub/CMakeFiles/__idf_esp_gdbstub.dir/src/packet.c.obj
[93/1051] Linking C static library esp-idf/esp_driver_tsens/libesp_driver_tsens.a
[59/1051] Building C object esp-idf/sdmmc/CMakeFiles/__idf_sdmmc.dir/sd_pwr_ctrl/sd_pwr_ctrl.c.obj
[70/1051] Building C object esp-idf/esp_driver_sdmmc/CMakeFiles/__idf_esp_driver_sdmmc.dir/src/sd_trans_sdmmc.c.obj
[28/1051] Linking C static library esp-idf/esp_http_server/libesp_http_server.a
[59/1051] Building C object esp-idf/esp_driver_sd_intf/CMakeFiles/__idf_esp_driver_sd_intf.dir/sd_host.c.obj
[71/1051] Building C object esp-idf/sdmmc/CMakeFiles/__idf_sdmmc.dir/sdmmc_cmd.c.obj
[29/1051] Building C object esp-idf/esp-tls/CMakeFiles/__idf_esp-tls.dir/esp_tls_error_capture.c.obj
[94/1051] Building C object esp-idf/esp_driver_sdmmc/CMakeFiles/__idf_esp_driver_sdmmc.dir/src/sd_host_sdmmc.c.obj
[35/1051] Building C object esp-idf/esp_driver_i2c/CMakeFiles/__idf_esp_driver_i2c.dir/i2c_master.c.obj
[60/1051] Building C object esp-idf/esp_driver_sdmmc/CMakeFiles/__idf_esp_driver_sdmmc.dir/legacy/src/sdmmc_host.c.obj
[32/1051] Linking C static library esp-idf/esp_http_client/libesp_http_client.a
[61/1051] Building C object esp-idf/sdmmc/CMakeFiles/__idf_sdmmc.dir/sdmmc_init.c.obj
[72/1051] Building C object esp-idf/sdmmc/CMakeFiles/__idf_sdmmc.dir/sdmmc_mmc.c.obj
[8/1051] Building C object esp-idf/esp_http_client/CMakeFiles/__idf_esp_http_client.dir/lib/http_auth.c.obj
[33/1051] Building C object esp-idf/tcp_transport/CMakeFiles/__idf_tcp_transport.dir/transport_ws.c.obj
[36/1051] Building C object esp-idf/driver/CMakeFiles/__idf_driver.dir/twai/twai.c.obj
[37/1051] Building C object esp-idf/esp_driver_i2c/CMakeFiles/__idf_esp_driver_i2c.dir/i2c_common.c.obj
[95/1051] Building C object esp-idf/esp_gdbstub/CMakeFiles/__idf_esp_gdbstub.dir/src/port/xtensa/gdbstub_xtensa.c.obj
[9/1051] Building C object esp-idf/esp_http_server/CMakeFiles/__idf_esp_http_server.dir/src/httpd_uri.c.obj
[30/1051] Building C object esp-idf/esp_adc/CMakeFiles/__idf_esp_adc.dir/adc_filter.c.obj
[96/1051] Building C object esp-idf/esp_driver_mcpwm/CMakeFiles/__idf_esp_driver_mcpwm.dir/src/mcpwm_cap.c.obj
[62/1051] Building C object esp-idf/esp_driver_sdspi/CMakeFiles/__idf_esp_driver_sdspi.dir/src/sdspi_host.c.obj
[10/1051] Building C object esp-idf/esp_adc/CMakeFiles/__idf_esp_adc.dir/adc_oneshot.c.obj
[38/1049] Building C object esp-idf/esp_driver_sdm/CMakeFiles/__idf_esp_driver_sdm.dir/src/sdm.c.obj
[11/1051] Building C object esp-idf/tcp_transport/CMakeFiles/__idf_tcp_transport.dir/transport_internal.c.obj
[97/1051] Building C object esp-idf/esp_wifi/CMakeFiles/__idf_esp_wifi.dir/src/lib_printf.c.obj
[98/1051] Linking C static library esp-idf/esp_driver_rmt/libesp_driver_rmt.a
[31/1051] Building C object esp-idf/driver/CMakeFiles/__idf_driver.dir/touch_sensor/esp32s3/touch_sensor.c.obj
[12/1051] Building C object esp-idf/esp_http_server/CMakeFiles/__idf_esp_http_server.dir/src/httpd_sess.c.obj
[73/1051] Building C object esp-idf/driver/CMakeFiles/__idf_driver.dir/deprecated/rmt_legacy.c.obj
[39/1049] Building C object esp-idf/esp_driver_rmt/CMakeFiles/__idf_esp_driver_rmt.dir/src/rmt_encoder_copy.c.obj
[13/1051] Building C object esp-idf/tcp_transport/CMakeFiles/__idf_tcp_transport.dir/transport_socks_proxy.c.obj
[60/1051] Building C object esp-idf/esp_driver_sdmmc/CMakeFiles/__idf_esp_driver_sdmmc.dir/legacy/src/sdmmc_host.c.obj
NOTICE: Processing 3 dependencies:
NOTICE: [1/3] espressif/cmake_utilities (0.5.3)
[38/1051] Building C object esp-idf/esp-tls/CMakeFiles/__idf_esp-tls.dir/esp_tls_mbedtls.c.obj
[40/1049] Building C object esp-idf/esp_driver_rmt/CMakeFiles/__idf_esp_driver_rmt.dir/src/rmt_encoder_simple.c.obj
[99/1051] Linking C static library esp-idf/esp_driver_sdspi/libesp_driver_sdspi.a
NOTICE: [2/3] espressif/elf_loader (1.1.1)
NOTICE: [3/3] idf (6.0.0)
[63/1051] Building C object esp-idf/driver/CMakeFiles/__idf_driver.dir/i2c/i2c.c.obj
[14/1051] Building C object esp-idf/esp_adc/CMakeFiles/__idf_esp_adc.dir/adc_cali.c.obj
[100/1051] Building C object esp-idf/esp_driver_i2s/CMakeFiles/__idf_esp_driver_i2s.dir/i2s_pdm.c.obj
[41/1049] Building C object esp-idf/esp-tls/CMakeFiles/__idf_esp-tls.dir/esp_tls.c.obj
[61/1051] Building C object esp-idf/sdmmc/CMakeFiles/__idf_sdmmc.dir/sd_pwr_ctrl/sd_pwr_ctrl.c.obj
[74/1051] Building C object esp-idf/esp_driver_i2s/CMakeFiles/__idf_esp_driver_i2s.dir/i2s_std.c.obj
[39/1051] Building C object esp-idf/esp-tls/CMakeFiles/__idf_esp-tls.dir/esp_tls.c.obj
[34/1051] Linking C static library esp-idf/tcp_transport/libtcp_transport.a
[42/1049] Building C object esp-idf/esp-tls/CMakeFiles/__idf_esp-tls.dir/esp_tls_mbedtls.c.obj
[75/1051] Building C object esp-idf/esp_driver_i2s/CMakeFiles/__idf_esp_driver_i2s.dir/i2s_platform.c.obj
[101/1051] Building C object esp-idf/esp_driver_mcpwm/CMakeFiles/__idf_esp_driver_mcpwm.dir/src/mcpwm_gen.c.obj
[40/1051] Building C object esp-idf/esp_driver_rmt/CMakeFiles/__idf_esp_driver_rmt.dir/src/rmt_encoder.c.obj
[43/1049] Building C object esp-idf/driver/CMakeFiles/__idf_driver.dir/twai/twai.c.obj
[41/1051] Building C object esp-idf/driver/CMakeFiles/__idf_driver.dir/deprecated/rmt_legacy.c.obj
[35/1051] Building C object esp-idf/esp_driver_twai/CMakeFiles/__idf_esp_driver_twai.dir/esp_twai.c.obj
[42/1051] Building C object esp-idf/esp_driver_tsens/CMakeFiles/__idf_esp_driver_tsens.dir/src/temperature_sensor.c.obj
[76/1051] Building C object esp-idf/esp_driver_mcpwm/CMakeFiles/__idf_esp_driver_mcpwm.dir/src/mcpwm_cmpr.c.obj
[32/1051] Building C object esp-idf/esp_adc/CMakeFiles/__idf_esp_adc.dir/adc_monitor.c.obj
[44/1049] Building C object esp-idf/esp_driver_sdspi/CMakeFiles/__idf_esp_driver_sdspi.dir/src/sdspi_crc.c.obj
[36/1051] Building C object esp-idf/driver/CMakeFiles/__idf_driver.dir/touch_sensor/touch_sensor_common.c.obj
[102/1051] Building C object esp-idf/esp_driver_mcpwm/CMakeFiles/__idf_esp_driver_mcpwm.dir/src/mcpwm_oper.c.obj
[103/1051] Building C object esp-idf/esp_wifi/CMakeFiles/__idf_esp_wifi.dir/src/wifi_default_ap.c.obj
[43/1051] Building C object esp-idf/esp_driver_sdm/CMakeFiles/__idf_esp_driver_sdm.dir/src/sdm.c.obj
[64/1051] Building C object esp-idf/sdmmc/CMakeFiles/__idf_sdmmc.dir/sdmmc_common.c.obj
[104/1051] Building C object esp-idf/esp_wifi/CMakeFiles/__idf_esp_wifi.dir/src/mesh_event.c.obj
[62/1051] Building C object esp-idf/sdmmc/CMakeFiles/__idf_sdmmc.dir/sdmmc_init.c.obj
[63/1051] Building C object esp-idf/esp_driver_sdmmc/CMakeFiles/__idf_esp_driver_sdmmc.dir/src/sd_trans_sdmmc.c.obj
[105/1051] Linking C static library esp-idf/esp_driver_sdmmc/libesp_driver_sdmmc.a
[106/1051] Building C object esp-idf/esp_driver_mcpwm/CMakeFiles/__idf_esp_driver_mcpwm.dir/src/mcpwm_timer.c.obj
[65/1051] Building C object esp-idf/esp_driver_sdmmc/CMakeFiles/__idf_esp_driver_sdmmc.dir/src/sd_trans_sdmmc.c.obj
[15/1051] Building C object esp-idf/esp_adc/CMakeFiles/__idf_esp_adc.dir/adc_cali_curve_fitting.c.obj
[77/1051] Building C object esp-idf/esp_driver_mcpwm/CMakeFiles/__idf_esp_driver_mcpwm.dir/src/mcpwm_com.c.obj
[107/1051] Building C object esp-idf/esp_gdbstub/CMakeFiles/__idf_esp_gdbstub.dir/src/gdbstub.c.obj
[64/1051] Building C object esp-idf/esp_driver_sdspi/CMakeFiles/__idf_esp_driver_sdspi.dir/src/sdspi_host.c.obj
[37/1051] Building C object esp-idf/esp_adc/CMakeFiles/__idf_esp_adc.dir/adc_continuous.c.obj
[16/1051] Building C object esp-idf/esp_http_server/CMakeFiles/__idf_esp_http_server.dir/src/httpd_main.c.obj
[17/1051] Building C object esp-idf/tcp_transport/CMakeFiles/__idf_tcp_transport.dir/transport_ssl.c.obj
[44/1051] Building C object esp-idf/esp_driver_i2c/CMakeFiles/__idf_esp_driver_i2c.dir/i2c_slave.c.obj
[78/1051] Linking C static library esp-idf/driver/libdriver.a
Executing action: elf
Running ninja in directory /home/tikhon/Документы/magnolia/applets/go/gohexdump/build
Executing "ninja elf"...
[0/2] Re-checking globbed directories...
[1/1051] Generating /home/tikhon/Документы/magnolia/applets/go/gohexdump/build/esp-idf/esp_system/ld/memory.ld linker script...
[2/1051] Generating /home/tikhon/Документы/magnolia/applets/go/gohexdump/build/esp-idf/esp_system/ld/sections.ld.in linker script...
[18/1051] Building C object esp-idf/esp_adc/CMakeFiles/__idf_esp_adc.dir/adc_common.c.obj
[33/1051] Building C object esp-idf/driver/CMakeFiles/__idf_driver.dir/touch_sensor/touch_sensor_common.c.obj
[108/1051] Building C object esp-idf/esp_coex/CMakeFiles/__idf_esp_coex.dir/src/coexist_debug_diagram.c.obj
[19/1051] Building C object esp-idf/esp_adc/CMakeFiles/__idf_esp_adc.dir/esp32s3/curve_fitting_coefficients.c.obj
-- Components: app_trace app_update bootloader bootloader_support bt cmock console cxx driver efuse esp-tls esp_adc esp_app_format esp_bootloader_format esp_coex esp_common esp_driver_ana_cmpr esp_driver_bitscrambler esp_driver_cam esp_driver_dac esp_driver_gpio esp_driver_gptimer esp_driver_i2c esp_driver_i2s esp_driver_i3c esp_driver_isp esp_driver_jpeg esp_driver_ledc esp_driver_mcpwm esp_driver_parlio esp_driver_pcnt esp_driver_ppa esp_driver_rmt esp_driver_sd_intf esp_driver_sdio esp_driver_sdm esp_driver_sdmmc esp_driver_sdspi esp_driver_spi esp_driver_touch_sens esp_driver_tsens esp_driver_twai esp_driver_uart esp_driver_usb_serial_jtag esp_eth esp_event esp_gdbstub esp_hid esp_http_client esp_http_server esp_https_ota esp_https_server esp_hw_support esp_lcd esp_local_ctrl esp_mm esp_netif esp_netif_stack esp_partition esp_phy esp_pm esp_psram esp_ringbuf esp_rom esp_security esp_system esp_timer esp_vfs_console esp_wifi espcoredump espressif__cmake_utilities espressif__elf_loader esptool_py fatfs freertos hal heap http_parser idf_test ieee802154 json log lwip main mbedtls mqtt newlib nvs_flash nvs_sec_provider openthread partition_table perfmon protobuf-c protocomm pthread rt sdmmc soc spi_flash spiffs tcp_transport touch_element ulp unity usb vfs wear_levelling wifi_provisioning wpa_supplicant xtensa
-- Component paths: /home/tikhon/Документы/magnolia/esp-idf/components/app_trace /home/tikhon/Документы/magnolia/esp-idf/components/app_update /home/tikhon/Документы/magnolia/esp-idf/components/bootloader /home/tikhon/Документы/magnolia/esp-idf/components/bootloader_support /home/tikhon/Документы/magnolia/esp-idf/components/bt /home/tikhon/Документы/magnolia/esp-idf/components/cmock /home/tikhon/Документы/magnolia/esp-idf/components/console /home/tikhon/Документы/magnolia/esp-idf/components/cxx /home/tikhon/Документы/magnolia/esp-idf/components/driver /home/tikhon/Документы/magnolia/esp-idf/components/efuse /home/tikhon/Документы/magnolia/esp-idf/components/esp-tls /home/tikhon/Документы/magnolia/esp-idf/components/esp_adc /home/tikhon/Документы/magnolia/esp-idf/components/esp_app_format /home/tikhon/Документы/magnolia/esp-idf/components/esp_bootloader_format /home/tikhon/Документы/magnolia/esp-idf/components/esp_coex /home/tikhon/Документы/magnolia/esp-idf/components/esp_common /home/tikhon/Документы/magnolia/esp-idf/components/esp_driver_ana_cmpr /home/tikhon/Документы/magnolia/esp-idf/components/esp_driver_bitscrambler /home/tikhon/Документы/magnolia/esp-idf/components/esp_driver_cam /home/tikhon/Документы/magnolia/esp-idf/components/esp_driver_dac /home/tikhon/Документы/magnolia/esp-idf/components/esp_driver_gpio /home/tikhon/Документы/magnolia/esp-idf/components/esp_driver_gptimer /home/tikhon/Документы/magnolia/esp-idf/components/esp_driver_i2c /home/tikhon/Документы/magnolia/esp-idf/components/esp_driver_i2s /home/tikhon/Документы/magnolia/esp-idf/components/esp_driver_i3c /home/tikhon/Документы/magnolia/esp-idf/components/esp_driver_isp /home/tikhon/Документы/magnolia/esp-idf/components/esp_driver_jpeg /home/tikhon/Документы/magnolia/esp-idf/components/esp_driver_ledc /home/tikhon/Документы/magnolia/esp-idf/components/esp_driver_mcpwm /home/tikhon/Документы/magnolia/esp-idf/components/esp_driver_parlio /home/tikhon/Документы/magnolia/esp-idf/components/esp_driver_pcnt /home/tikhon/Документы/magnolia/esp-idf/components/esp_driver_ppa /home/tikhon/Документы/magnolia/esp-idf/components/esp_driver_rmt /home/tikhon/Документы/magnolia/esp-idf/components/esp_driver_sd_intf /home/tikhon/Документы/magnolia/esp-idf/components/esp_driver_sdio /home/tikhon/Документы/magnolia/esp-idf/components/esp_driver_sdm /home/tikhon/Документы/magnolia/esp-idf/components/esp_driver_sdmmc /home/tikhon/Документы/magnolia/esp-idf/components/esp_driver_sdspi /home/tikhon/Документы/magnolia/esp-idf/components/esp_driver_spi /home/tikhon/Документы/magnolia/esp-idf/components/esp_driver_touch_sens /home/tikhon/Документы/magnolia/esp-idf/components/esp_driver_tsens /home/tikhon/Документы/magnolia/esp-idf/components/esp_driver_twai /home/tikhon/Документы/magnolia/esp-idf/components/esp_driver_uart /home/tikhon/Документы/magnolia/esp-idf/components/esp_driver_usb_serial_jtag /home/tikhon/Документы/magnolia/esp-idf/components/esp_eth /home/tikhon/Документы/magnolia/esp-idf/components/esp_event /home/tikhon/Документы/magnolia/esp-idf/components/esp_gdbstub /home/tikhon/Документы/magnolia/esp-idf/components/esp_hid /home/tikhon/Документы/magnolia/esp-idf/components/esp_http_client /home/tikhon/Документы/magnolia/esp-idf/components/esp_http_server /home/tikhon/Документы/magnolia/esp-idf/components/esp_https_ota /home/tikhon/Документы/magnolia/esp-idf/components/esp_https_server /home/tikhon/Документы/magnolia/esp-idf/components/esp_hw_support /home/tikhon/Документы/magnolia/esp-idf/components/esp_lcd /home/tikhon/Документы/magnolia/esp-idf/components/esp_local_ctrl /home/tikhon/Документы/magnolia/esp-idf/components/esp_mm /home/tikhon/Документы/magnolia/esp-idf/components/esp_netif /home/tikhon/Документы/magnolia/esp-idf/components/esp_netif_stack /home/tikhon/Документы/magnolia/esp-idf/components/esp_partition /home/tikhon/Документы/magnolia/esp-idf/components/esp_phy /home/tikhon/Документы/magnolia/esp-idf/components/esp_pm /home/tikhon/Документы/magnolia/esp-idf/components/esp_psram /home/tikhon/Документы/magnolia/esp-idf/components/esp_ringbuf /home/tikhon/Документы/magnolia/esp-idf/components/esp_rom /home/tikhon/Документы/magnolia/esp-idf/components/esp_security /home/tikhon/Документы/magnolia/esp-idf/components/esp_system /home/tikhon/Документы/magnolia/esp-idf/components/esp_timer /home/tikhon/Документы/magnolia/esp-idf/components/esp_vfs_console /home/tikhon/Документы/magnolia/esp-idf/components/esp_wifi /home/tikhon/Документы/magnolia/esp-idf/components/espcoredump /home/tikhon/Документы/magnolia/applets/go/uname/managed_components/espressif__cmake_utilities /home/tikhon/Документы/magnolia/applets/go/uname/managed_components/espressif__elf_loader /home/tikhon/Документы/magnolia/esp-idf/components/esptool_py /home/tikhon/Документы/magnolia/esp-idf/components/fatfs /home/tikhon/Документы/magnolia/esp-idf/components/freertos /home/tikhon/Документы/magnolia/esp-idf/components/hal /home/tikhon/Документы/magnolia/esp-idf/components/heap /home/tikhon/Документы/magnolia/esp-idf/components/http_parser /home/tikhon/Документы/magnolia/esp-idf/components/idf_test /home/tikhon/Документы/magnolia/esp-idf/components/ieee802154 /home/tikhon/Документы/magnolia/esp-idf/components/json /home/tikhon/Документы/magnolia/esp-idf/components/log /home/tikhon/Документы/magnolia/esp-idf/components/lwip /home/tikhon/Документы/magnolia/applets/go/uname/main /home/tikhon/Документы/magnolia/esp-idf/components/mbedtls /home/tikhon/Документы/magnolia/esp-idf/components/mqtt /home/tikhon/Документы/magnolia/esp-idf/components/newlib /home/tikhon/Документы/magnolia/esp-idf/components/nvs_flash /home/tikhon/Документы/magnolia/esp-idf/components/nvs_sec_provider /home/tikhon/Документы/magnolia/esp-idf/components/openthread /home/tikhon/Документы/magnolia/esp-idf/components/partition_table /home/tikhon/Документы/magnolia/esp-idf/components/perfmon /home/tikhon/Документы/magnolia/esp-idf/components/protobuf-c /home/tikhon/Документы/magnolia/esp-idf/components/protocomm /home/tikhon/Документы/magnolia/esp-idf/components/pthread /home/tikhon/Документы/magnolia/esp-idf/components/rt /home/tikhon/Документы/magnolia/esp-idf/components/sdmmc /home/tikhon/Документы/magnolia/esp-idf/components/soc /home/tikhon/Документы/magnolia/esp-idf/components/spi_flash /home/tikhon/Документы/magnolia/esp-idf/components/spiffs /home/tikhon/Документы/magnolia/esp-idf/components/tcp_transport /home/tikhon/Документы/magnolia/esp-idf/components/touch_element /home/tikhon/Документы/magnolia/esp-idf/components/ulp /home/tikhon/Документы/magnolia/esp-idf/components/unity /home/tikhon/Документы/magnolia/esp-idf/components/usb /home/tikhon/Документы/magnolia/esp-idf/components/vfs /home/tikhon/Документы/magnolia/esp-idf/components/wear_levelling /home/tikhon/Документы/magnolia/esp-idf/components/wifi_provisioning /home/tikhon/Документы/magnolia/esp-idf/components/wpa_supplicant /home/tikhon/Документы/magnolia/esp-idf/components/xtensa
[45/1051] Building C object esp-idf/esp_driver_sdspi/CMakeFiles/__idf_esp_driver_sdspi.dir/src/sdspi_crc.c.obj
[66/1051] Building C object esp-idf/esp_driver_rmt/CMakeFiles/__idf_esp_driver_rmt.dir/src/rmt_rx.c.obj
[46/1051] Building C object esp-idf/esp_driver_twai/CMakeFiles/__idf_esp_driver_twai.dir/esp_twai_onchip.c.obj
[45/1049] Building C object esp-idf/esp_driver_i2c/CMakeFiles/__idf_esp_driver_i2c.dir/i2c_slave.c.obj
[34/1051] Building C object esp-idf/esp_adc/CMakeFiles/__idf_esp_adc.dir/adc_continuous.c.obj
[47/1051] Building C object esp-idf/driver/CMakeFiles/__idf_driver.dir/i2c/i2c.c.obj
[46/1049] Building C object esp-idf/esp_driver_rmt/CMakeFiles/__idf_esp_driver_rmt.dir/src/rmt_common.c.obj
[65/1051] Building C object esp-idf/esp_driver_rmt/CMakeFiles/__idf_esp_driver_rmt.dir/src/rmt_rx.c.obj
[109/1051] Linking C static library esp-idf/esp_driver_sd_intf/libesp_driver_sd_intf.a
-- Configuring done (15.1s)
[79/1051] Linking C static library esp-idf/esp_driver_twai/libesp_driver_twai.a
[80/1051] Building C object esp-idf/esp_driver_rmt/CMakeFiles/__idf_esp_driver_rmt.dir/src/rmt_tx.c.obj
[67/1051] Building C object esp-idf/esp_driver_i2s/CMakeFiles/__idf_esp_driver_i2s.dir/i2s_platform.c.obj
[66/1051] Building C object esp-idf/driver/CMakeFiles/__idf_driver.dir/i2c/i2c.c.obj
[47/1049] Building C object esp-idf/esp_driver_rmt/CMakeFiles/__idf_esp_driver_rmt.dir/src/rmt_encoder_bytes.c.obj
[38/1051] Linking C static library esp-idf/esp_adc/libesp_adc.a
[20/1051] Building C object esp-idf/esp_adc/CMakeFiles/__idf_esp_adc.dir/gdma/adc_dma.c.obj
[67/1051] Building C object esp-idf/sdmmc/CMakeFiles/__idf_sdmmc.dir/sdmmc_common.c.obj
[110/1051] Building C object esp-idf/esp_wifi/CMakeFiles/__idf_esp_wifi.dir/src/wifi_netif.c.obj
[48/1049] Building C object esp-idf/esp_driver_sdmmc/CMakeFiles/__idf_esp_driver_sdmmc.dir/legacy/src/sdmmc_host.c.obj
[49/1049] Building C object esp-idf/esp_driver_sdspi/CMakeFiles/__idf_esp_driver_sdspi.dir/src/sdspi_transaction.c.obj
[48/1051] Building C object esp-idf/esp_http_client/CMakeFiles/__idf_esp_http_client.dir/esp_http_client.c.obj
[50/1049] Building C object esp-idf/driver/CMakeFiles/__idf_driver.dir/touch_sensor/esp32s3/touch_sensor.c.obj
[111/1051] Building C object esp-idf/esp_coex/CMakeFiles/__idf_esp_coex.dir/src/coexist_debug.c.obj
[81/1051] Building C object esp-idf/esp_driver_i2s/CMakeFiles/__idf_esp_driver_i2s.dir/i2s_tdm.c.obj
[49/1051] Building C object esp-idf/esp_driver_rmt/CMakeFiles/__idf_esp_driver_rmt.dir/src/rmt_common.c.obj
[51/1049] Building C object esp-idf/esp_driver_twai/CMakeFiles/__idf_esp_driver_twai.dir/esp_twai_onchip.c.obj
[50/1051] Building C object esp-idf/esp_driver_rmt/CMakeFiles/__idf_esp_driver_rmt.dir/src/rmt_encoder_simple.c.obj
[21/1051] Building C object esp-idf/esp-tls/CMakeFiles/__idf_esp-tls.dir/esp_tls_platform_port.c.obj
[112/1051] Linking C static library esp-idf/sdmmc/libsdmmc.a
[68/1051] Building C object esp-idf/sdmmc/CMakeFiles/__idf_sdmmc.dir/sdmmc_io.c.obj
[82/1051] Linking C static library esp-idf/esp_driver_ledc/libesp_driver_ledc.a
[22/1051] Building C object esp-idf/esp-tls/CMakeFiles/__idf_esp-tls.dir/esp-tls-crypto/esp_tls_crypto.c.obj
[69/1051] Building C object esp-idf/sdmmc/CMakeFiles/__idf_sdmmc.dir/sdmmc_cmd.c.obj
[3/1051] Building C object esp-idf/esp_http_server/CMakeFiles/__idf_esp_http_server.dir/src/httpd_main.c.obj
[68/1051] Building C object esp-idf/sdmmc/CMakeFiles/__idf_sdmmc.dir/sdmmc_mmc.c.obj
[39/1051] Building C object esp-idf/driver/CMakeFiles/__idf_driver.dir/twai/twai.c.obj
[113/1051] Building C object esp-idf/esp_wifi/CMakeFiles/__idf_esp_wifi.dir/src/smartconfig.c.obj
[114/1051] Building C object esp-idf/esp_wifi/CMakeFiles/__idf_esp_wifi.dir/src/wifi_init.c.obj
[40/1051] Building C object esp-idf/esp-tls/CMakeFiles/__idf_esp-tls.dir/esp_tls_mbedtls.c.obj
[83/1051] Building C object esp-idf/esp_driver_sdmmc/CMakeFiles/__idf_esp_driver_sdmmc.dir/src/sd_host_sdmmc.c.obj
[115/1051] Building C object esp-idf/esp_wifi/CMakeFiles/__idf_esp_wifi.dir/esp32s3/esp_adapter.c.obj
[69/1051] Building C object esp-idf/esp_driver_i2c/CMakeFiles/__idf_esp_driver_i2c.dir/i2c_master.c.obj
[23/1051] Building C object esp-idf/esp_http_server/CMakeFiles/__idf_esp_http_server.dir/src/httpd_txrx.c.obj
[51/1051] Building C object esp-idf/esp_driver_rmt/CMakeFiles/__idf_esp_driver_rmt.dir/src/rmt_encoder_bytes.c.obj
[35/1051] Building C object esp-idf/esp_driver_twai/CMakeFiles/__idf_esp_driver_twai.dir/esp_twai.c.obj
[24/1051] Building C object esp-idf/esp_http_server/CMakeFiles/__idf_esp_http_server.dir/src/httpd_parse.c.obj
[52/1051] Linking C static library esp-idf/esp_http_client/libesp_http_client.a
[70/1051] Building C object esp-idf/http_parser/CMakeFiles/__idf_http_parser.dir/http_parser.c.obj
[84/1051] Building ASM object esp-idf/esp_gdbstub/CMakeFiles/__idf_esp_gdbstub.dir/src/port/xtensa/gdbstub-entry.S.obj
[52/1049] Building C object esp-idf/sdmmc/CMakeFiles/__idf_sdmmc.dir/sdmmc_common.c.obj
[116/1051] Building C object esp-idf/esp_wifi/CMakeFiles/__idf_esp_wifi.dir/src/wifi_default.c.obj
[53/1051] Building C object esp-idf/driver/CMakeFiles/__idf_driver.dir/touch_sensor/esp32s3/touch_sensor.c.obj
[117/1051] Building C object esp-idf/esp_wifi/CMakeFiles/__idf_esp_wifi.dir/regulatory/esp_wifi_regulatory.c.obj
[70/1051] Building C object esp-idf/esp_driver_i2s/CMakeFiles/__idf_esp_driver_i2s.dir/i2s_tdm.c.obj
[85/1051] Linking C static library esp-idf/esp_driver_i2c/libesp_driver_i2c.a
[86/1051] Building C object esp-idf/esp_driver_mcpwm/CMakeFiles/__idf_esp_driver_mcpwm.dir/src/mcpwm_cap.c.obj
[36/1051] Building C object esp-idf/esp_driver_i2c/CMakeFiles/__idf_esp_driver_i2c.dir/i2c_common.c.obj
[118/1051] Building C object esp-idf/esp_coex/CMakeFiles/__idf_esp_coex.dir/esp32s3/esp_coex_adapter.c.obj
[41/1051] Building C object esp-idf/esp_driver_rmt/CMakeFiles/__idf_esp_driver_rmt.dir/src/rmt_encoder.c.obj
[4/1051] Building C object esp-idf/esp_http_server/CMakeFiles/__idf_esp_http_server.dir/src/util/ctrl_sock.c.obj
[71/1051] Building C object esp-idf/http_parser/CMakeFiles/__idf_http_parser.dir/http_parser.c.obj
[87/1051] Building C object esp-idf/sdmmc/CMakeFiles/__idf_sdmmc.dir/sdmmc_sd.c.obj
[88/1051] Building C object esp-idf/esp_driver_mcpwm/CMakeFiles/__idf_esp_driver_mcpwm.dir/src/mcpwm_gen.c.obj
[119/1051] Linking C static library esp-idf/esp_driver_i2s/libesp_driver_i2s.a
[71/1051] Building C object esp-idf/sdmmc/CMakeFiles/__idf_sdmmc.dir/sdmmc_sd.c.obj
[54/1051] Building C object esp-idf/esp_driver_rmt/CMakeFiles/__idf_esp_driver_rmt.dir/src/rmt_encoder_copy.c.obj
[72/1051] Linking C static library esp-idf/http_parser/libhttp_parser.a
[89/1051] Building C object esp-idf/esp_gdbstub/CMakeFiles/__idf_esp_gdbstub.dir/src/gdbstub_transport.c.obj
[90/1051] Linking C static library esp-idf/esp_driver_sdm/libesp_driver_sdm.a
[25/1051] Building C object esp-idf/esp_adc/CMakeFiles/__idf_esp_adc.dir/adc_filter.c.obj
[26/1051] Building C object esp-idf/esp_adc/CMakeFiles/__idf_esp_adc.dir/adc_monitor.c.obj
[37/1051] Building C object esp-idf/esp_driver_i2c/CMakeFiles/__idf_esp_driver_i2c.dir/i2c_master.c.obj
[55/1051] Linking C static library esp-idf/tcp_transport/libtcp_transport.a
[91/1051] Building ASM object esp-idf/esp_gdbstub/CMakeFiles/__idf_esp_gdbstub.dir/src/port/xtensa/xt_debugexception.S.obj
[5/1051] Building C object esp-idf/esp_http_server/CMakeFiles/__idf_esp_http_server.dir/src/httpd_ws.c.obj
[38/1051] Building C object esp-idf/esp_driver_rmt/CMakeFiles/__idf_esp_driver_rmt.dir/src/rmt_encoder.c.obj
[27/1051] Building C object esp-idf/esp_https_ota/CMakeFiles/__idf_esp_https_ota.dir/src/esp_https_ota.c.obj
[92/1051] Building C object esp-idf/esp_gdbstub/CMakeFiles/__idf_esp_gdbstub.dir/src/packet.c.obj
[93/1051] Linking C static library esp-idf/esp_driver_tsens/libesp_driver_tsens.a
[72/1051] Linking C static library esp-idf/http_parser/libhttp_parser.a
[53/1049] Building C object esp-idf/esp_driver_sdmmc/CMakeFiles/__idf_esp_driver_sdmmc.dir/legacy/src/sdmmc_transaction.c.obj
[28/1051] Building C object esp-idf/esp_adc/CMakeFiles/__idf_esp_adc.dir/adc_continuous.c.obj
[54/1049] Building C object esp-idf/esp_driver_sdmmc/CMakeFiles/__idf_esp_driver_sdmmc.dir/src/sd_trans_sdmmc.c.obj
[42/1051] Building C object esp-idf/esp_driver_sdm/CMakeFiles/__idf_esp_driver_sdm.dir/src/sdm.c.obj
NOTICE: Processing 1 dependencies:
[120/1051] Linking C static library esp-idf/esp_driver_mcpwm/libesp_driver_mcpwm.a
[73/1051] Building C object esp-idf/esp_driver_i2c/CMakeFiles/__idf_esp_driver_i2c.dir/i2c_master.c.obj
[74/1051] Building C object esp-idf/esp_driver_ledc/CMakeFiles/__idf_esp_driver_ledc.dir/src/ledc.c.obj
NOTICE: [1/1] idf (6.0.0)
[55/1049] Building C object esp-idf/esp_http_client/CMakeFiles/__idf_esp_http_client.dir/esp_http_client.c.obj
[56/1051] Building C object esp-idf/esp_driver_sdspi/CMakeFiles/__idf_esp_driver_sdspi.dir/src/sdspi_transaction.c.obj
[39/1051] Building C object esp-idf/esp_driver_tsens/CMakeFiles/__idf_esp_driver_tsens.dir/src/temperature_sensor.c.obj
[75/1051] Building C object esp-idf/esp_driver_mcpwm/CMakeFiles/__idf_esp_driver_mcpwm.dir/src/mcpwm_cmpr.c.obj
[29/1051] Building C object esp-idf/esp-tls/CMakeFiles/__idf_esp-tls.dir/esp_tls_error_capture.c.obj
[57/1051] Linking C static library esp-idf/esp_adc/libesp_adc.a
[43/1051] Building C object esp-idf/driver/CMakeFiles/__idf_driver.dir/i2c/i2c.c.obj
[6/1051] Building C object esp-idf/esp_https_ota/CMakeFiles/__idf_esp_https_ota.dir/src/esp_https_ota.c.obj
[94/1051] Building C object esp-idf/esp_driver_mcpwm/CMakeFiles/__idf_esp_driver_mcpwm.dir/src/mcpwm_timer.c.obj
[76/1051] Building C object esp-idf/sdmmc/CMakeFiles/__idf_sdmmc.dir/sdmmc_sd.c.obj
[58/1051] Building C object esp-idf/esp_driver_sdmmc/CMakeFiles/__idf_esp_driver_sdmmc.dir/legacy/src/sdmmc_transaction.c.obj
[30/1051] Linking C static library esp-idf/esp_https_ota/libesp_https_ota.a
[77/1051] Building C object esp-idf/esp_driver_mcpwm/CMakeFiles/__idf_esp_driver_mcpwm.dir/src/mcpwm_fault.c.obj
[56/1049] Building C object esp-idf/esp_driver_sdspi/CMakeFiles/__idf_esp_driver_sdspi.dir/src/sdspi_host.c.obj
[7/1051] Building C object esp-idf/esp_http_server/CMakeFiles/__idf_esp_http_server.dir/src/httpd_sess.c.obj
[78/1051] Building C object esp-idf/esp_driver_i2s/CMakeFiles/__idf_esp_driver_i2s.dir/i2s_std.c.obj
[95/1051] Building C object esp-idf/esp_wifi/CMakeFiles/__idf_esp_wifi.dir/src/lib_printf.c.obj
[44/1051] Building C object esp-idf/esp_driver_rmt/CMakeFiles/__idf_esp_driver_rmt.dir/src/rmt_encoder_bytes.c.obj
[96/1051] Building C object esp-idf/esp_driver_mcpwm/CMakeFiles/__idf_esp_driver_mcpwm.dir/src/mcpwm_fault.c.obj
[57/1049] Building C object esp-idf/esp_driver_rmt/CMakeFiles/__idf_esp_driver_rmt.dir/src/rmt_rx.c.obj
[8/1051] Building C object esp-idf/tcp_transport/CMakeFiles/__idf_tcp_transport.dir/transport.c.obj
[59/1051] Building C object esp-idf/sdmmc/CMakeFiles/__idf_sdmmc.dir/sdmmc_init.c.obj
[9/1051] Building C object esp-idf/esp_http_client/CMakeFiles/__idf_esp_http_client.dir/lib/http_header.c.obj
[45/1051] Building C object esp-idf/esp_driver_i2c/CMakeFiles/__idf_esp_driver_i2c.dir/i2c_common.c.obj
[60/1051] Building C object esp-idf/esp_driver_rmt/CMakeFiles/__idf_esp_driver_rmt.dir/src/rmt_rx.c.obj
[10/1051] Building C object esp-idf/tcp_transport/CMakeFiles/__idf_tcp_transport.dir/transport_internal.c.obj
[46/1051] Building C object esp-idf/esp_driver_rmt/CMakeFiles/__idf_esp_driver_rmt.dir/src/rmt_common.c.obj
[121/1051] Building C object esp-idf/esp_driver_spi/CMakeFiles/__idf_esp_driver_spi.dir/src/gpspi/spi_slave_hd.c.obj
[73/1051] Building C object esp-idf/esp_driver_i2s/CMakeFiles/__idf_esp_driver_i2s.dir/i2s_tdm.c.obj
[11/1051] Building C object esp-idf/esp_http_server/CMakeFiles/__idf_esp_http_server.dir/src/httpd_uri.c.obj
[31/1051] Building C object esp-idf/esp_driver_i2c/CMakeFiles/__idf_esp_driver_i2c.dir/i2c_common.c.obj
[79/1051] Building C object esp-idf/esp_driver_rmt/CMakeFiles/__idf_esp_driver_rmt.dir/src/rmt_tx.c.obj
[74/1051] Building C object esp-idf/esp_driver_mcpwm/CMakeFiles/__idf_esp_driver_mcpwm.dir/src/mcpwm_gen.c.obj
[58/1049] Linking C static library esp-idf/esp_http_client/libesp_http_client.a
[12/1051] Linking C static library esp-idf/esp_https_ota/libesp_https_ota.a
[61/1051] Building C object esp-idf/esp_driver_ledc/CMakeFiles/__idf_esp_driver_ledc.dir/src/ledc.c.obj
[97/1051] Linking C static library esp-idf/esp_driver_rmt/libesp_driver_rmt.a
[47/1051] Building C object esp-idf/esp_driver_rmt/CMakeFiles/__idf_esp_driver_rmt.dir/src/rmt_encoder_copy.c.obj
[13/1051] Building C object esp-idf/esp_http_server/CMakeFiles/__idf_esp_http_server.dir/src/httpd_parse.c.obj
[62/1051] Building C object esp-idf/esp_driver_sd_intf/CMakeFiles/__idf_esp_driver_sd_intf.dir/sd_host.c.obj
[59/1049] Building C object esp-idf/sdmmc/CMakeFiles/__idf_sdmmc.dir/sdmmc_init.c.obj
[80/1051] Building ASM object esp-idf/esp_gdbstub/CMakeFiles/__idf_esp_gdbstub.dir/src/port/xtensa/gdbstub-entry.S.obj
[14/1051] Building C object esp-idf/esp_http_client/CMakeFiles/__idf_esp_http_client.dir/lib/http_utils.c.obj
[48/1051] Building C object esp-idf/esp_driver_sdspi/CMakeFiles/__idf_esp_driver_sdspi.dir/src/sdspi_crc.c.obj
[40/1051] Building C object esp-idf/esp-tls/CMakeFiles/__idf_esp-tls.dir/esp_tls_mbedtls.c.obj
[63/1051] Linking C static library esp-idf/esp-tls/libesp-tls.a
[15/1051] Building C object esp-idf/esp_http_client/CMakeFiles/__idf_esp_http_client.dir/lib/http_auth.c.obj
[75/1051] Building C object esp-idf/esp_driver_mcpwm/CMakeFiles/__idf_esp_driver_mcpwm.dir/src/mcpwm_com.c.obj
[49/1051] Building C object esp-idf/esp-tls/CMakeFiles/__idf_esp-tls.dir/esp_tls.c.obj
[76/1051] Building C object esp-idf/sdmmc/CMakeFiles/__idf_sdmmc.dir/sdmmc_io.c.obj
[81/1051] Building ASM object esp-idf/esp_gdbstub/CMakeFiles/__idf_esp_gdbstub.dir/src/port/xtensa/xt_debugexception.S.obj
[16/1051] Building C object esp-idf/esp_adc/CMakeFiles/__idf_esp_adc.dir/adc_cali.c.obj
[50/1051] Building C object esp-idf/esp_driver_sdmmc/CMakeFiles/__idf_esp_driver_sdmmc.dir/legacy/src/sdmmc_transaction.c.obj
[77/1051] Building C object esp-idf/esp_driver_i2s/CMakeFiles/__idf_esp_driver_i2s.dir/i2s_platform.c.obj
[32/1051] Building C object esp-idf/esp_driver_twai/CMakeFiles/__idf_esp_driver_twai.dir/esp_twai.c.obj
[122/1051] Building C object esp-idf/wpa_supplicant/CMakeFiles/__idf_wpa_supplicant.dir/src/ap/ieee802_1x.c.obj
[60/1049] Building C object esp-idf/sdmmc/CMakeFiles/__idf_sdmmc.dir/sd_pwr_ctrl/sd_pwr_ctrl.c.obj
[33/1051] Linking C static library esp-idf/esp_http_server/libesp_http_server.a
[78/1051] Building C object esp-idf/esp_driver_mcpwm/CMakeFiles/__idf_esp_driver_mcpwm.dir/src/mcpwm_cmpr.c.obj
[17/1051] Building C object esp-idf/esp_http_server/CMakeFiles/__idf_esp_http_server.dir/src/httpd_txrx.c.obj
[41/1051] Building C object esp-idf/esp-tls/CMakeFiles/__idf_esp-tls.dir/esp_tls.c.obj
[123/1051] Building C object esp-idf/esp_driver_pcnt/CMakeFiles/__idf_esp_driver_pcnt.dir/src/pulse_cnt.c.obj
[124/1051] Building C object esp-idf/wpa_supplicant/CMakeFiles/__idf_wpa_supplicant.dir/src/ap/sta_info.c.obj
[64/1051] Building C object esp-idf/esp_driver_sdmmc/CMakeFiles/__idf_esp_driver_sdmmc.dir/legacy/src/sdmmc_host.c.obj
[125/1051] Building C object esp-idf/wpa_supplicant/CMakeFiles/__idf_wpa_supplicant.dir/src/ap/comeback_token.c.obj
[79/1051] Building C object esp-idf/esp_driver_mcpwm/CMakeFiles/__idf_esp_driver_mcpwm.dir/src/mcpwm_fault.c.obj
[98/1051] Linking C static library esp-idf/esp_driver_sdspi/libesp_driver_sdspi.a
[61/1049] Linking C static library esp-idf/tcp_transport/libtcp_transport.a
[80/1051] Building C object esp-idf/esp_driver_sdmmc/CMakeFiles/__idf_esp_driver_sdmmc.dir/src/sd_host_sdmmc.c.obj
[65/1051] Building C object esp-idf/sdmmc/CMakeFiles/__idf_sdmmc.dir/sd_pwr_ctrl/sd_pwr_ctrl.c.obj
[99/1051] Building C object esp-idf/esp_driver_i2s/CMakeFiles/__idf_esp_driver_i2s.dir/i2s_pdm.c.obj
[62/1049] Building C object esp-idf/esp_driver_sd_intf/CMakeFiles/__idf_esp_driver_sd_intf.dir/sd_host.c.obj
[100/1051] Building C object esp-idf/esp_gdbstub/CMakeFiles/__idf_esp_gdbstub.dir/src/port/xtensa/gdbstub_xtensa.c.obj
[42/1051] Building C object esp-idf/esp_driver_rmt/CMakeFiles/__idf_esp_driver_rmt.dir/src/rmt_encoder_copy.c.obj
[126/1051] Building C object esp-idf/esp_wifi/CMakeFiles/__idf_esp_wifi.dir/src/smartconfig_ack.c.obj
[18/1051] Building C object esp-idf/esp_adc/CMakeFiles/__idf_esp_adc.dir/esp32s3/curve_fitting_coefficients.c.obj
[81/1051] Building C object esp-idf/esp_driver_i2s/CMakeFiles/__idf_esp_driver_i2s.dir/i2s_common.c.obj
[19/1051] Building C object esp-idf/tcp_transport/CMakeFiles/__idf_tcp_transport.dir/transport_socks_proxy.c.obj
[101/1051] Building C object esp-idf/esp_driver_mcpwm/CMakeFiles/__idf_esp_driver_mcpwm.dir/src/mcpwm_sync.c.obj
[20/1051] Building C object esp-idf/esp_adc/CMakeFiles/__idf_esp_adc.dir/adc_cali_curve_fitting.c.obj
[43/1051] Building C object esp-idf/esp_driver_sdm/CMakeFiles/__idf_esp_driver_sdm.dir/src/sdm.c.obj
[127/1051] Building C object esp-idf/wpa_supplicant/CMakeFiles/__idf_wpa_supplicant.dir/port/os_xtensa.c.obj
[82/1051] Building C object esp-idf/esp_driver_i2s/CMakeFiles/__idf_esp_driver_i2s.dir/i2s_pdm.c.obj
[51/1051] Linking C static library esp-idf/esp-tls/libesp-tls.a
[82/1051] Building ASM object esp-idf/esp_gdbstub/CMakeFiles/__idf_esp_gdbstub.dir/src/port/xtensa/gdbstub-entry.S.obj
[52/1051] Building C object esp-idf/esp_driver_tsens/CMakeFiles/__idf_esp_driver_tsens.dir/src/temperature_sensor.c.obj
[44/1051] Building C object esp-idf/esp_driver_rmt/CMakeFiles/__idf_esp_driver_rmt.dir/src/rmt_encoder_bytes.c.obj
[102/1051] Building C object esp-idf/esp_wifi/CMakeFiles/__idf_esp_wifi.dir/src/mesh_event.c.obj
[45/1051] Building C object esp-idf/esp_driver_sdspi/CMakeFiles/__idf_esp_driver_sdspi.dir/src/sdspi_crc.c.obj
[128/1051] Linking C static library esp-idf/esp_driver_pcnt/libesp_driver_pcnt.a
[34/1051] Building C object esp-idf/tcp_transport/CMakeFiles/__idf_tcp_transport.dir/transport_ws.c.obj
[21/1051] Linking C static library esp-idf/esp_http_server/libesp_http_server.a
[129/1051] Building C object esp-idf/esp_driver_spi/CMakeFiles/__idf_esp_driver_spi.dir/src/gpspi/spi_slave.c.obj
[103/1051] Building C object esp-idf/esp_driver_mcpwm/CMakeFiles/__idf_esp_driver_mcpwm.dir/src/mcpwm_oper.c.obj
[53/1051] Building C object esp-idf/esp_driver_rmt/CMakeFiles/__idf_esp_driver_rmt.dir/src/rmt_encoder_simple.c.obj
[83/1051] Building C object esp-idf/esp_driver_i2s/CMakeFiles/__idf_esp_driver_i2s.dir/i2s_std.c.obj
[104/1051] Building C object esp-idf/esp_driver_i2s/CMakeFiles/__idf_esp_driver_i2s.dir/i2s_common.c.obj
[105/1051] Building C object esp-idf/esp_gdbstub/CMakeFiles/__idf_esp_gdbstub.dir/src/gdbstub.c.obj
[54/1051] Building C object esp-idf/esp_driver_sdmmc/CMakeFiles/__idf_esp_driver_sdmmc.dir/legacy/src/sdmmc_host.c.obj
[83/1051] Building C object esp-idf/driver/CMakeFiles/__idf_driver.dir/deprecated/rmt_legacy.c.obj
[22/1051] Building C object esp-idf/esp-tls/CMakeFiles/__idf_esp-tls.dir/esp_tls_platform_port.c.obj
[106/1051] Building C object esp-idf/esp_wifi/CMakeFiles/__idf_esp_wifi.dir/src/smartconfig.c.obj
[35/1051] Building C object esp-idf/driver/CMakeFiles/__idf_driver.dir/touch_sensor/touch_sensor_common.c.obj
[130/1051] Building C object esp-idf/wpa_supplicant/CMakeFiles/__idf_wpa_supplicant.dir/src/common/wpa_common.c.obj
[84/1051] Building ASM object esp-idf/esp_gdbstub/CMakeFiles/__idf_esp_gdbstub.dir/src/port/xtensa/xt_debugexception.S.obj
[63/1049] Linking C static library esp-idf/esp_adc/libesp_adc.a
[107/1051] Linking C static library esp-idf/esp_driver_sdmmc/libesp_driver_sdmmc.a
[85/1051] Building C object esp-idf/esp_driver_mcpwm/CMakeFiles/__idf_esp_driver_mcpwm.dir/src/mcpwm_cap.c.obj
[64/1049] Building C object esp-idf/esp_driver_i2s/CMakeFiles/__idf_esp_driver_i2s.dir/i2s_tdm.c.obj
[84/1051] Building C object esp-idf/esp_gdbstub/CMakeFiles/__idf_esp_gdbstub.dir/src/gdbstub.c.obj
[108/1051] Building C object esp-idf/esp_coex/CMakeFiles/__idf_esp_coex.dir/src/coexist_debug_diagram.c.obj
[86/1051] Building C object esp-idf/esp_driver_mcpwm/CMakeFiles/__idf_esp_driver_mcpwm.dir/src/mcpwm_oper.c.obj
[46/1051] Building C object esp-idf/esp_driver_twai/CMakeFiles/__idf_esp_driver_twai.dir/esp_twai_onchip.c.obj
[36/1051] Building C object esp-idf/esp_http_client/CMakeFiles/__idf_esp_http_client.dir/esp_http_client.c.obj
[85/1051] Building C object esp-idf/esp_gdbstub/CMakeFiles/__idf_esp_gdbstub.dir/src/packet.c.obj
[47/1051] Building C object esp-idf/esp_driver_rmt/CMakeFiles/__idf_esp_driver_rmt.dir/src/rmt_encoder_simple.c.obj
[131/1051] Linking C static library esp-idf/esp_gdbstub/libesp_gdbstub.a
[86/1051] Building C object esp-idf/esp_driver_mcpwm/CMakeFiles/__idf_esp_driver_mcpwm.dir/src/mcpwm_com.c.obj
[48/1051] Building C object esp-idf/driver/CMakeFiles/__idf_driver.dir/twai/twai.c.obj
[87/1051] Building C object esp-idf/esp_driver_sdmmc/CMakeFiles/__idf_esp_driver_sdmmc.dir/src/sd_host_sdmmc.c.obj
[49/1051] Building C object esp-idf/esp_driver_rmt/CMakeFiles/__idf_esp_driver_rmt.dir/src/rmt_common.c.obj
[132/1051] Building C object esp-idf/wpa_supplicant/CMakeFiles/__idf_wpa_supplicant.dir/src/crypto/aes-gcm.c.obj
[87/1051] Building C object esp-idf/esp_wifi/CMakeFiles/__idf_esp_wifi.dir/src/mesh_event.c.obj
[65/1049] Linking C static library esp-idf/esp-tls/libesp-tls.a
[50/1051] Building C object esp-idf/esp_driver_i2c/CMakeFiles/__idf_esp_driver_i2c.dir/i2c_slave.c.obj
[109/1051] Linking C static library esp-idf/esp_driver_sd_intf/libesp_driver_sd_intf.a
[88/1051] Building C object esp-idf/esp_driver_i2s/CMakeFiles/__idf_esp_driver_i2s.dir/i2s_pdm.c.obj
[89/1051] Building C object esp-idf/esp_wifi/CMakeFiles/__idf_esp_wifi.dir/src/lib_printf.c.obj
[37/1051] Building C object esp-idf/esp-tls/CMakeFiles/__idf_esp-tls.dir/esp_tls_mbedtls.c.obj
[88/1051] Building C object esp-idf/esp_wifi/CMakeFiles/__idf_esp_wifi.dir/src/mesh_event.c.obj
[23/1051] Building C object esp-idf/esp_adc/CMakeFiles/__idf_esp_adc.dir/adc_oneshot.c.obj
[55/1051] Building C object esp-idf/esp_driver_i2c/CMakeFiles/__idf_esp_driver_i2c.dir/i2c_master.c.obj
[133/1051] Building C object esp-idf/wpa_supplicant/CMakeFiles/__idf_wpa_supplicant.dir/src/ap/pmksa_cache_auth.c.obj
[89/1051] Linking C static library esp-idf/driver/libdriver.a
[24/1051] Building C object esp-idf/esp-tls/CMakeFiles/__idf_esp-tls.dir/esp-tls-crypto/esp_tls_crypto.c.obj
[110/1051] Building C object esp-idf/esp_driver_pcnt/CMakeFiles/__idf_esp_driver_pcnt.dir/src/pulse_cnt.c.obj
[90/1051] Building C object esp-idf/esp_driver_rmt/CMakeFiles/__idf_esp_driver_rmt.dir/src/rmt_tx.c.obj
[66/1049] Building C object esp-idf/sdmmc/CMakeFiles/__idf_sdmmc.dir/sdmmc_cmd.c.obj
[134/1051] Building C object esp-idf/wpa_supplicant/CMakeFiles/__idf_wpa_supplicant.dir/src/ap/ap_config.c.obj
[67/1049] Building C object esp-idf/sdmmc/CMakeFiles/__idf_sdmmc.dir/sdmmc_mmc.c.obj
[111/1051] Building C object esp-idf/wpa_supplicant/CMakeFiles/__idf_wpa_supplicant.dir/port/eloop.c.obj
[90/1051] Building C object esp-idf/esp_gdbstub/CMakeFiles/__idf_esp_gdbstub.dir/src/gdbstub_transport.c.obj
[25/1051] Building C object esp-idf/esp_adc/CMakeFiles/__idf_esp_adc.dir/adc_common.c.obj
[56/1051] Building C object esp-idf/driver/CMakeFiles/__idf_driver.dir/touch_sensor/esp32s3/touch_sensor.c.obj
[66/1051] Building C object esp-idf/sdmmc/CMakeFiles/__idf_sdmmc.dir/sdmmc_sd.c.obj
[91/1051] Building C object esp-idf/driver/CMakeFiles/__idf_driver.dir/deprecated/rmt_legacy.c.obj
[38/1051] Linking C static library esp-idf/esp_http_client/libesp_http_client.a
[91/1051] Building C object esp-idf/esp_driver_mcpwm/CMakeFiles/__idf_esp_driver_mcpwm.dir/src/mcpwm_cap.c.obj
[57/1051] Building C object esp-idf/esp_driver_i2c/CMakeFiles/__idf_esp_driver_i2c.dir/i2c_slave.c.obj
[92/1051] Linking C static library esp-idf/esp_driver_twai/libesp_driver_twai.a
[67/1051] Building C object esp-idf/sdmmc/CMakeFiles/__idf_sdmmc.dir/sdmmc_common.c.obj
[112/1051] Building C object esp-idf/esp_wifi/CMakeFiles/__idf_esp_wifi.dir/src/wifi_default_ap.c.obj
[58/1051] Building C object esp-idf/esp_driver_twai/CMakeFiles/__idf_esp_driver_twai.dir/esp_twai_onchip.c.obj
[68/1051] Building C object esp-idf/http_parser/CMakeFiles/__idf_http_parser.dir/http_parser.c.obj
[92/1051] Building C object esp-idf/esp_wifi/CMakeFiles/__idf_esp_wifi.dir/src/wifi_netif.c.obj
[113/1051] Linking C static library esp-idf/sdmmc/libsdmmc.a
[59/1051] Building C object esp-idf/esp_driver_ledc/CMakeFiles/__idf_esp_driver_ledc.dir/src/ledc.c.obj
[69/1051] Building C object esp-idf/sdmmc/CMakeFiles/__idf_sdmmc.dir/sdmmc_cmd.c.obj
[70/1051] Building C object esp-idf/esp_driver_sdspi/CMakeFiles/__idf_esp_driver_sdspi.dir/src/sdspi_host.c.obj
[71/1051] Building C object esp-idf/esp_driver_sdmmc/CMakeFiles/__idf_esp_driver_sdmmc.dir/src/sd_trans_sdmmc.c.obj
[68/1049] Building C object esp-idf/esp_driver_ledc/CMakeFiles/__idf_esp_driver_ledc.dir/src/ledc.c.obj
[39/1051] Linking C static library esp-idf/tcp_transport/libtcp_transport.a
[26/1051] Building C object esp-idf/tcp_transport/CMakeFiles/__idf_tcp_transport.dir/transport_ssl.c.obj
[114/1051] Building C object esp-idf/esp_driver_spi/CMakeFiles/__idf_esp_driver_spi.dir/src/gpspi/spi_slave.c.obj
[72/1051] Linking C static library esp-idf/http_parser/libhttp_parser.a
[135/1051] Building C object esp-idf/wpa_supplicant/CMakeFiles/__idf_wpa_supplicant.dir/port/eloop.c.obj
[51/1051] Building C object esp-idf/esp_driver_sdspi/CMakeFiles/__idf_esp_driver_sdspi.dir/src/sdspi_transaction.c.obj
[52/1051] Building C object esp-idf/esp_driver_sd_intf/CMakeFiles/__idf_esp_driver_sd_intf.dir/sd_host.c.obj
[60/1051] Building C object esp-idf/sdmmc/CMakeFiles/__idf_sdmmc.dir/sdmmc_mmc.c.obj
[136/1051] Building C object esp-idf/wpa_supplicant/CMakeFiles/__idf_wpa_supplicant.dir/src/crypto/dh_group5.c.obj
[93/1051] Building C object esp-idf/esp_gdbstub/CMakeFiles/__idf_esp_gdbstub.dir/src/packet.c.obj
[115/1051] Building C object esp-idf/esp_coex/CMakeFiles/__idf_esp_coex.dir/esp32s3/esp_coex_adapter.c.obj
[137/1051] Building C object esp-idf/wpa_supplicant/CMakeFiles/__idf_wpa_supplicant.dir/src/utils/bitfield.c.obj
[116/1051] Building C object esp-idf/esp_coex/CMakeFiles/__idf_esp_coex.dir/src/coexist_debug.c.obj
[94/1051] Linking C static library esp-idf/driver/libdriver.a
[40/1051] Building C object esp-idf/esp_driver_rmt/CMakeFiles/__idf_esp_driver_rmt.dir/src/rmt_encoder.c.obj
[93/1051] Building C object esp-idf/esp_gdbstub/CMakeFiles/__idf_esp_gdbstub.dir/src/port/xtensa/gdbstub_xtensa.c.obj
[138/1051] Building C object esp-idf/esp_driver_spi/CMakeFiles/__idf_esp_driver_spi.dir/src/gpspi/spi_common.c.obj
[73/1051] Building C object esp-idf/sdmmc/CMakeFiles/__idf_sdmmc.dir/sdmmc_mmc.c.obj
[95/1051] Building C object esp-idf/esp_wifi/CMakeFiles/__idf_esp_wifi.dir/src/smartconfig.c.obj
[41/1051] Linking C static library esp-idf/esp_adc/libesp_adc.a
[94/1051] Building C object esp-idf/esp_driver_mcpwm/CMakeFiles/__idf_esp_driver_mcpwm.dir/src/mcpwm_sync.c.obj
[95/1051] Linking C static library esp-idf/esp_driver_ledc/libesp_driver_ledc.a
[69/1049] Building C object esp-idf/driver/CMakeFiles/__idf_driver.dir/i2c/i2c.c.obj
[139/1051] Building C object esp-idf/wpa_supplicant/CMakeFiles/__idf_wpa_supplicant.dir/src/crypto/sha256-tlsprf.c.obj
[61/1051] Building C object esp-idf/sdmmc/CMakeFiles/__idf_sdmmc.dir/sdmmc_io.c.obj
[96/1051] Building C object esp-idf/esp_wifi/CMakeFiles/__idf_esp_wifi.dir/src/lib_printf.c.obj
[117/1051] Building C object esp-idf/esp_wifi/CMakeFiles/__idf_esp_wifi.dir/src/wifi_netif.c.obj
[118/1051] Linking C static library esp-idf/esp_driver_i2s/libesp_driver_i2s.a
[62/1051] Building C object esp-idf/esp_driver_sdspi/CMakeFiles/__idf_esp_driver_sdspi.dir/src/sdspi_transaction.c.obj
[74/1051] Linking C static library esp-idf/driver/libdriver.a
[96/1051] Linking C static library esp-idf/esp_driver_twai/libesp_driver_twai.a
[119/1051] Building C object esp-idf/esp_wifi/CMakeFiles/__idf_esp_wifi.dir/src/wifi_init.c.obj
[97/1051] Building C object esp-idf/esp_gdbstub/CMakeFiles/__idf_esp_gdbstub.dir/src/gdbstub_transport.c.obj
[98/1051] Building C object esp-idf/esp_driver_spi/CMakeFiles/__idf_esp_driver_spi.dir/src/gpspi/spi_slave.c.obj
[63/1051] Building C object esp-idf/esp_driver_i2s/CMakeFiles/__idf_esp_driver_i2s.dir/i2s_std.c.obj
[70/1049] Building C object esp-idf/sdmmc/CMakeFiles/__idf_sdmmc.dir/sdmmc_io.c.obj
[120/1051] Building C object esp-idf/esp_wifi/CMakeFiles/__idf_esp_wifi.dir/regulatory/esp_wifi_regulatory.c.obj
[140/1051] Building C object esp-idf/wpa_supplicant/CMakeFiles/__idf_wpa_supplicant.dir/src/crypto/sha384-tlsprf.c.obj
[99/1051] Building C object esp-idf/esp_wifi/CMakeFiles/__idf_esp_wifi.dir/src/wifi_default_ap.c.obj
[97/1051] Building C object esp-idf/esp_wifi/CMakeFiles/__idf_esp_wifi.dir/src/wifi_default_ap.c.obj
[64/1051] Building C object esp-idf/sdmmc/CMakeFiles/__idf_sdmmc.dir/sd_pwr_ctrl/sd_pwr_ctrl.c.obj
[121/1051] Building C object esp-idf/wpa_supplicant/CMakeFiles/__idf_wpa_supplicant.dir/port/os_xtensa.c.obj
[100/1051] Building C object esp-idf/esp_wifi/CMakeFiles/__idf_esp_wifi.dir/esp32s3/esp_adapter.c.obj
[101/1051] Building C object esp-idf/esp_driver_mcpwm/CMakeFiles/__idf_esp_driver_mcpwm.dir/src/mcpwm_sync.c.obj
[27/1051] Building C object esp-idf/esp_adc/CMakeFiles/__idf_esp_adc.dir/gdma/adc_dma.c.obj
-- ESP-TEE is currently supported only on the esp32c6;esp32h2;esp32c5 SoCs
[98/1051] Linking C static library esp-idf/esp_driver_i2c/libesp_driver_i2c.a
[28/1051] Building C object esp-idf/esp-tls/CMakeFiles/__idf_esp-tls.dir/esp_tls_error_capture.c.obj
[42/1051] Building C object esp-idf/esp_driver_rmt/CMakeFiles/__idf_esp_driver_rmt.dir/src/rmt_rx.c.obj
[53/1051] Building C object esp-idf/sdmmc/CMakeFiles/__idf_sdmmc.dir/sdmmc_init.c.obj
[65/1051] Building C object esp-idf/esp_driver_i2s/CMakeFiles/__idf_esp_driver_i2s.dir/i2s_platform.c.obj
[102/1051] Building C object esp-idf/esp_wifi/CMakeFiles/__idf_esp_wifi.dir/src/wifi_init.c.obj
[54/1051] Building C object esp-idf/sdmmc/CMakeFiles/__idf_sdmmc.dir/sdmmc_cmd.c.obj
[75/1051] Building C object esp-idf/sdmmc/CMakeFiles/__idf_sdmmc.dir/sdmmc_io.c.obj
[122/1051] Building C object esp-idf/wpa_supplicant/CMakeFiles/__idf_wpa_supplicant.dir/src/ap/comeback_token.c.obj
[141/1051] Building C object esp-idf/wpa_supplicant/CMakeFiles/__idf_wpa_supplicant.dir/src/crypto/dh_groups.c.obj
[103/1051] Linking C static library esp-idf/esp_driver_ledc/libesp_driver_ledc.a
[99/1051] Building C object esp-idf/esp_driver_mcpwm/CMakeFiles/__idf_esp_driver_mcpwm.dir/src/mcpwm_oper.c.obj
[142/1051] Building C object esp-idf/wpa_supplicant/CMakeFiles/__idf_wpa_supplicant.dir/src/ap/wpa_auth_ie.c.obj
[76/1051] Building C object esp-idf/esp_driver_mcpwm/CMakeFiles/__idf_esp_driver_mcpwm.dir/src/mcpwm_timer.c.obj
[123/1051] Linking C static library esp-idf/esp_driver_mcpwm/libesp_driver_mcpwm.a
[29/1051] Building C object esp-idf/esp_adc/CMakeFiles/__idf_esp_adc.dir/adc_filter.c.obj
[104/1051] Building C object esp-idf/esp_coex/CMakeFiles/__idf_esp_coex.dir/src/coexist_debug_diagram.c.obj
[100/1051] Linking C static library esp-idf/esp_driver_sdm/libesp_driver_sdm.a
[77/1051] Linking C static library esp-idf/esp_driver_twai/libesp_driver_twai.a
[71/1049] Building C object esp-idf/esp_driver_i2c/CMakeFiles/__idf_esp_driver_i2c.dir/i2c_master.c.obj
[143/1051] Building C object esp-idf/wpa_supplicant/CMakeFiles/__idf_wpa_supplicant.dir/src/common/dragonfly.c.obj
[144/1051] Building C object esp-idf/wpa_supplicant/CMakeFiles/__idf_wpa_supplicant.dir/src/crypto/sha256-kdf.c.obj
[101/1051] Building C object esp-idf/esp_driver_mcpwm/CMakeFiles/__idf_esp_driver_mcpwm.dir/src/mcpwm_timer.c.obj
[105/1051] Building C object esp-idf/esp_wifi/CMakeFiles/__idf_esp_wifi.dir/src/smartconfig_ack.c.obj
[72/1049] Building C object esp-idf/esp_driver_i2s/CMakeFiles/__idf_esp_driver_i2s.dir/i2s_platform.c.obj
[78/1051] Building C object esp-idf/esp_driver_i2s/CMakeFiles/__idf_esp_driver_i2s.dir/i2s_platform.c.obj
[106/1051] Building C object esp-idf/esp_gdbstub/CMakeFiles/__idf_esp_gdbstub.dir/src/port/xtensa/gdbstub_xtensa.c.obj
[124/1051] Building C object esp-idf/esp_wifi/CMakeFiles/__idf_esp_wifi.dir/src/wifi_default.c.obj
[73/1049] Building C object esp-idf/esp_driver_i2s/CMakeFiles/__idf_esp_driver_i2s.dir/i2s_common.c.obj
[102/1051] Building C object esp-idf/esp_wifi/CMakeFiles/__idf_esp_wifi.dir/src/smartconfig.c.obj
[145/1051] Building C object esp-idf/wpa_supplicant/CMakeFiles/__idf_wpa_supplicant.dir/src/crypto/aes-siv.c.obj
[74/1049] Building C object esp-idf/esp_driver_mcpwm/CMakeFiles/__idf_esp_driver_mcpwm.dir/src/mcpwm_oper.c.obj
[146/1051] Building C object esp-idf/wpa_supplicant/CMakeFiles/__idf_wpa_supplicant.dir/src/crypto/sha1-prf.c.obj
[103/1051] Building C object esp-idf/esp_coex/CMakeFiles/__idf_esp_coex.dir/src/coexist_debug_diagram.c.obj
[125/1051] Building C object esp-idf/wpa_supplicant/CMakeFiles/__idf_wpa_supplicant.dir/src/ap/pmksa_cache_auth.c.obj
[147/1051] Building C object esp-idf/wpa_supplicant/CMakeFiles/__idf_wpa_supplicant.dir/src/crypto/crypto_ops.c.obj
[148/1051] Building C object esp-idf/wpa_supplicant/CMakeFiles/__idf_wpa_supplicant.dir/src/eap_common/eap_wsc_common.c.obj
[104/1051] Linking C static library esp-idf/esp_driver_tsens/libesp_driver_tsens.a
[66/1051] Building C object esp-idf/esp_driver_sd_intf/CMakeFiles/__idf_esp_driver_sd_intf.dir/sd_host.c.obj
[126/1051] Linking C static library esp-idf/esp_driver_pcnt/libesp_driver_pcnt.a
[79/1051] Building C object esp-idf/esp_driver_mcpwm/CMakeFiles/__idf_esp_driver_mcpwm.dir/src/mcpwm_cmpr.c.obj
[105/1051] Building C object esp-idf/esp_wifi/CMakeFiles/__idf_esp_wifi.dir/regulatory/esp_wifi_regulatory.c.obj
[55/1051] Building C object esp-idf/esp_http_client/CMakeFiles/__idf_esp_http_client.dir/esp_http_client.c.obj
[80/1051] Building C object esp-idf/esp_driver_i2s/CMakeFiles/__idf_esp_driver_i2s.dir/i2s_pdm.c.obj
[106/1051] Building C object esp-idf/esp_coex/CMakeFiles/__idf_esp_coex.dir/src/coexist_debug.c.obj
[75/1049] Building C object esp-idf/esp_driver_i2s/CMakeFiles/__idf_esp_driver_i2s.dir/i2s_std.c.obj
[149/1051] Building C object esp-idf/wpa_supplicant/CMakeFiles/__idf_wpa_supplicant.dir/src/crypto/sha1-tlsprf.c.obj
[81/1051] Linking C static library esp-idf/esp_driver_ledc/libesp_driver_ledc.a
[76/1049] Building C object esp-idf/esp_driver_mcpwm/CMakeFiles/__idf_esp_driver_mcpwm.dir/src/mcpwm_gen.c.obj
[107/1051] Building C object esp-idf/esp_wifi/CMakeFiles/__idf_esp_wifi.dir/src/wifi_init.c.obj
[67/1051] Building C object esp-idf/sdmmc/CMakeFiles/__idf_sdmmc.dir/sdmmc_common.c.obj
[107/1051] Linking C static library esp-idf/esp_driver_i2c/libesp_driver_i2c.a
[43/1051] Building C object esp-idf/driver/CMakeFiles/__idf_driver.dir/twai/twai.c.obj
[108/1051] Building C object esp-idf/esp_wifi/CMakeFiles/__idf_esp_wifi.dir/regulatory/esp_wifi_regulatory.c.obj
[56/1051] Building C object esp-idf/esp_driver_sdmmc/CMakeFiles/__idf_esp_driver_sdmmc.dir/legacy/src/sdmmc_transaction.c.obj
[109/1051] Building C object esp-idf/esp_coex/CMakeFiles/__idf_esp_coex.dir/src/coexist_debug.c.obj
[44/1051] Building C object esp-idf/esp_driver_sdm/CMakeFiles/__idf_esp_driver_sdm.dir/src/sdm.c.obj
[108/1051] Building C object esp-idf/esp_wifi/CMakeFiles/__idf_esp_wifi.dir/src/wifi_netif.c.obj
[68/1051] Building C object esp-idf/sdmmc/CMakeFiles/__idf_sdmmc.dir/sdmmc_init.c.obj
-- ESP-TEE is currently supported only on the esp32c6;esp32h2;esp32c5 SoCs
[57/1051] Linking C static library esp-idf/esp_http_client/libesp_http_client.a
[150/1051] Building C object esp-idf/wpa_supplicant/CMakeFiles/__idf_wpa_supplicant.dir/src/ap/ieee802_11.c.obj
[77/1049] Building C object esp-idf/esp_gdbstub/CMakeFiles/__idf_esp_gdbstub.dir/src/port/xtensa/gdbstub_xtensa.c.obj
[45/1051] Building C object esp-idf/esp_driver_rmt/CMakeFiles/__idf_esp_driver_rmt.dir/src/rmt_encoder_bytes.c.obj
[110/1051] Building C object esp-idf/esp_wifi/CMakeFiles/__idf_esp_wifi.dir/src/wifi_default.c.obj
[58/1051] Building C object esp-idf/driver/CMakeFiles/__idf_driver.dir/i2c/i2c.c.obj
[127/1051] Linking C static library esp-idf/esp_gdbstub/libesp_gdbstub.a
[46/1051] Building C object esp-idf/esp_driver_twai/CMakeFiles/__idf_esp_driver_twai.dir/esp_twai_onchip.c.obj
[111/1051] Linking C static library esp-idf/esp_driver_sdm/libesp_driver_sdm.a
[151/1051] Building C object esp-idf/wpa_supplicant/CMakeFiles/__idf_wpa_supplicant.dir/src/crypto/ms_funcs.c.obj
[30/1051] Building C object esp-idf/esp_adc/CMakeFiles/__idf_esp_adc.dir/adc_monitor.c.obj
[109/1051] Linking C static library esp-idf/esp_driver_rmt/libesp_driver_rmt.a
[78/1049] Building C object esp-idf/http_parser/CMakeFiles/__idf_http_parser.dir/http_parser.c.obj
[69/1051] Building C object esp-idf/driver/CMakeFiles/__idf_driver.dir/deprecated/rmt_legacy.c.obj
[59/1051] Building C object esp-idf/sdmmc/CMakeFiles/__idf_sdmmc.dir/sdmmc_io.c.obj
[82/1051] Linking C static library esp-idf/esp_driver_i2c/libesp_driver_i2c.a
[31/1051] Building C object esp-idf/driver/CMakeFiles/__idf_driver.dir/touch_sensor/touch_sensor_common.c.obj
[79/1049] Building ASM object esp-idf/esp_gdbstub/CMakeFiles/__idf_esp_gdbstub.dir/src/port/xtensa/xt_debugexception.S.obj
[152/1051] Building C object esp-idf/wpa_supplicant/CMakeFiles/__idf_wpa_supplicant.dir/src/crypto/sha1-tprf.c.obj
[128/1051] Building C object esp-idf/wpa_supplicant/CMakeFiles/__idf_wpa_supplicant.dir/src/ap/ap_config.c.obj
[83/1051] Building C object esp-idf/esp_driver_i2s/CMakeFiles/__idf_esp_driver_i2s.dir/i2s_std.c.obj
[32/1051] Building C object esp-idf/esp_driver_twai/CMakeFiles/__idf_esp_driver_twai.dir/esp_twai.c.obj
[60/1051] Linking C static library esp-idf/tcp_transport/libtcp_transport.a
[47/1051] Building C object esp-idf/esp_driver_rmt/CMakeFiles/__idf_esp_driver_rmt.dir/src/rmt_encoder_copy.c.obj
[80/1049] Building ASM object esp-idf/esp_gdbstub/CMakeFiles/__idf_esp_gdbstub.dir/src/port/xtensa/gdbstub-entry.S.obj
[61/1051] Building C object esp-idf/driver/CMakeFiles/__idf_driver.dir/deprecated/rmt_legacy.c.obj
[48/1051] Building C object esp-idf/esp-tls/CMakeFiles/__idf_esp-tls.dir/esp_tls.c.obj
[110/1051] Building C object esp-idf/esp_driver_i2s/CMakeFiles/__idf_esp_driver_i2s.dir/i2s_common.c.obj
[112/1051] Building C object esp-idf/esp_coex/CMakeFiles/__idf_esp_coex.dir/esp32s3/esp_coex_adapter.c.obj
[62/1051] Building C object esp-idf/sdmmc/CMakeFiles/__idf_sdmmc.dir/sd_pwr_ctrl/sd_pwr_ctrl.c.obj
[81/1049] Building C object esp-idf/esp_driver_mcpwm/CMakeFiles/__idf_esp_driver_mcpwm.dir/src/mcpwm_com.c.obj
[49/1051] Building C object esp-idf/esp_driver_sdspi/CMakeFiles/__idf_esp_driver_sdspi.dir/src/sdspi_crc.c.obj
[111/1051] Building C object esp-idf/esp_driver_mcpwm/CMakeFiles/__idf_esp_driver_mcpwm.dir/src/mcpwm_gen.c.obj
[129/1051] Building C object esp-idf/wpa_supplicant/CMakeFiles/__idf_wpa_supplicant.dir/src/ap/ieee802_1x.c.obj
[50/1051] Building C object esp-idf/esp_driver_i2c/CMakeFiles/__idf_esp_driver_i2c.dir/i2c_slave.c.obj
[82/1049] Linking C static library esp-idf/http_parser/libhttp_parser.a
[51/1051] Building C object esp-idf/esp_driver_sdmmc/CMakeFiles/__idf_esp_driver_sdmmc.dir/legacy/src/sdmmc_transaction.c.obj
[70/1051] Building C object esp-idf/esp_driver_sdspi/CMakeFiles/__idf_esp_driver_sdspi.dir/src/sdspi_host.c.obj
[112/1051] Building C object esp-idf/esp_wifi/CMakeFiles/__idf_esp_wifi.dir/src/wifi_default.c.obj
[84/1051] Building ASM object esp-idf/esp_gdbstub/CMakeFiles/__idf_esp_gdbstub.dir/src/port/xtensa/gdbstub-entry.S.obj
[63/1051] Building C object esp-idf/sdmmc/CMakeFiles/__idf_sdmmc.dir/sdmmc_sd.c.obj
[113/1051] Linking C static library esp-idf/esp_driver_tsens/libesp_driver_tsens.a
[85/1051] Building C object esp-idf/esp_driver_mcpwm/CMakeFiles/__idf_esp_driver_mcpwm.dir/src/mcpwm_com.c.obj
[86/1051] Linking C static library esp-idf/esp_driver_sdm/libesp_driver_sdm.a
[113/1051] Linking C static library esp-idf/esp_driver_sdspi/libesp_driver_sdspi.a
[83/1049] Building C object esp-idf/esp_driver_mcpwm/CMakeFiles/__idf_esp_driver_mcpwm.dir/src/mcpwm_cmpr.c.obj
[64/1051] Linking C static library esp-idf/esp_adc/libesp_adc.a
[130/1051] Building C object esp-idf/esp_wifi/CMakeFiles/__idf_esp_wifi.dir/src/smartconfig_ack.c.obj
[87/1051] Building C object esp-idf/esp_driver_rmt/CMakeFiles/__idf_esp_driver_rmt.dir/src/rmt_tx.c.obj
[84/1049] Building C object esp-idf/esp_driver_sdmmc/CMakeFiles/__idf_esp_driver_sdmmc.dir/src/sd_host_sdmmc.c.obj
[153/1051] Building C object esp-idf/wpa_supplicant/CMakeFiles/__idf_wpa_supplicant.dir/src/crypto/sha256-prf.c.obj
[131/1051] Building C object esp-idf/wpa_supplicant/CMakeFiles/__idf_wpa_supplicant.dir/src/ap/sta_info.c.obj
[65/1051] Building C object esp-idf/esp_driver_sdmmc/CMakeFiles/__idf_esp_driver_sdmmc.dir/legacy/src/sdmmc_host.c.obj
[85/1049] Building C object esp-idf/esp_gdbstub/CMakeFiles/__idf_esp_gdbstub.dir/src/gdbstub.c.obj
[52/1051] Linking C static library esp-idf/esp-tls/libesp-tls.a
[88/1051] Linking C static library esp-idf/esp_driver_tsens/libesp_driver_tsens.a
[71/1051] Building C object esp-idf/esp_driver_sdmmc/CMakeFiles/__idf_esp_driver_sdmmc.dir/src/sd_trans_sdmmc.c.obj
[114/1051] Building C object esp-idf/esp_driver_mcpwm/CMakeFiles/__idf_esp_driver_mcpwm.dir/src/mcpwm_timer.c.obj
[132/1051] Building C object esp-idf/esp_wifi/CMakeFiles/__idf_esp_wifi.dir/esp32s3/esp_adapter.c.obj
[86/1049] Building C object esp-idf/esp_driver_mcpwm/CMakeFiles/__idf_esp_driver_mcpwm.dir/src/mcpwm_fault.c.obj
[33/1051] Building C object esp-idf/esp_adc/CMakeFiles/__idf_esp_adc.dir/adc_continuous.c.obj
[114/1051] Building C object esp-idf/esp_driver_spi/CMakeFiles/__idf_esp_driver_spi.dir/src/gpspi/spi_slave_hd.c.obj
[89/1051] Building ASM object esp-idf/esp_gdbstub/CMakeFiles/__idf_esp_gdbstub.dir/src/port/xtensa/xt_debugexception.S.obj
[90/1051] Building C object esp-idf/esp_driver_mcpwm/CMakeFiles/__idf_esp_driver_mcpwm.dir/src/mcpwm_sync.c.obj
[154/1051] Building C object esp-idf/wpa_supplicant/CMakeFiles/__idf_wpa_supplicant.dir/src/eap_peer/eap_common.c.obj
[66/1051] Linking C static library esp-idf/esp-tls/libesp-tls.a
[91/1051] Linking C static library esp-idf/esp_driver_rmt/libesp_driver_rmt.a
[115/1051] Building C object esp-idf/wpa_supplicant/CMakeFiles/__idf_wpa_supplicant.dir/src/ap/comeback_token.c.obj
[53/1051] Building C object esp-idf/esp_driver_tsens/CMakeFiles/__idf_esp_driver_tsens.dir/src/temperature_sensor.c.obj
[54/1051] Building C object esp-idf/esp_driver_rmt/CMakeFiles/__idf_esp_driver_rmt.dir/src/rmt_encoder_simple.c.obj
[67/1051] Building C object esp-idf/esp_driver_sdspi/CMakeFiles/__idf_esp_driver_sdspi.dir/src/sdspi_host.c.obj
[133/1051] Building C object esp-idf/esp_driver_spi/CMakeFiles/__idf_esp_driver_spi.dir/src/gpspi/spi_slave_hd.c.obj
[92/1051] Building C object esp-idf/esp_driver_i2s/CMakeFiles/__idf_esp_driver_i2s.dir/i2s_tdm.c.obj
[87/1049] Building C object esp-idf/esp_wifi/CMakeFiles/__idf_esp_wifi.dir/src/lib_printf.c.obj
[116/1051] Linking C static library esp-idf/esp_driver_rmt/libesp_driver_rmt.a
[68/1051] Building C object esp-idf/esp_driver_sdmmc/CMakeFiles/__idf_esp_driver_sdmmc.dir/src/sd_trans_sdmmc.c.obj
[69/1051] Building C object esp-idf/esp_driver_ledc/CMakeFiles/__idf_esp_driver_ledc.dir/src/ledc.c.obj
[155/1051] Building C object esp-idf/wpa_supplicant/CMakeFiles/__idf_wpa_supplicant.dir/src/eap_peer/eap_tls_common.c.obj
[115/1051] Linking C static library esp-idf/esp_driver_sdmmc/libesp_driver_sdmmc.a
[156/1051] Building C object esp-idf/wpa_supplicant/CMakeFiles/__idf_wpa_supplicant.dir/src/crypto/ccmp.c.obj
[93/1051] Building C object esp-idf/esp_driver_mcpwm/CMakeFiles/__idf_esp_driver_mcpwm.dir/src/mcpwm_cap.c.obj
[88/1049] Building C object esp-idf/sdmmc/CMakeFiles/__idf_sdmmc.dir/sdmmc_sd.c.obj
[70/1051] Building C object esp-idf/sdmmc/CMakeFiles/__idf_sdmmc.dir/sdmmc_common.c.obj
[157/1051] Building C object esp-idf/wpa_supplicant/CMakeFiles/__idf_wpa_supplicant.dir/src/crypto/md4-internal.c.obj
[117/1051] Building C object esp-idf/esp_gdbstub/CMakeFiles/__idf_esp_gdbstub.dir/src/gdbstub.c.obj
[134/1051] Building C object esp-idf/esp_driver_spi/CMakeFiles/__idf_esp_driver_spi.dir/src/gpspi/spi_common.c.obj
[71/1051] Building C object esp-idf/esp_driver_rmt/CMakeFiles/__idf_esp_driver_rmt.dir/src/rmt_rx.c.obj
[89/1049] Building C object esp-idf/esp_gdbstub/CMakeFiles/__idf_esp_gdbstub.dir/src/packet.c.obj
[94/1051] Building C object esp-idf/esp_wifi/CMakeFiles/__idf_esp_wifi.dir/src/lib_printf.c.obj
[135/1051] Building C object esp-idf/wpa_supplicant/CMakeFiles/__idf_wpa_supplicant.dir/src/crypto/dh_groups.c.obj
[72/1051] Building C object esp-idf/esp_driver_mcpwm/CMakeFiles/__idf_esp_driver_mcpwm.dir/src/mcpwm_cmpr.c.obj
[55/1051] Building C object esp-idf/esp_driver_rmt/CMakeFiles/__idf_esp_driver_rmt.dir/src/rmt_common.c.obj
[56/1051] Building C object esp-idf/sdmmc/CMakeFiles/__idf_sdmmc.dir/sdmmc_init.c.obj
[118/1051] Building C object esp-idf/wpa_supplicant/CMakeFiles/__idf_wpa_supplicant.dir/src/ap/wpa_auth.c.obj
[73/1051] Building C object esp-idf/esp_driver_mcpwm/CMakeFiles/__idf_esp_driver_mcpwm.dir/src/mcpwm_cap.c.obj
[116/1051] Linking C static library esp-idf/esp_driver_sd_intf/libesp_driver_sd_intf.a
[90/1049] Building C object esp-idf/esp_driver_rmt/CMakeFiles/__idf_esp_driver_rmt.dir/src/rmt_tx.c.obj
[95/1051] Building C object esp-idf/esp_gdbstub/CMakeFiles/__idf_esp_gdbstub.dir/src/packet.c.obj
[158/1051] Building C object esp-idf/wpa_supplicant/CMakeFiles/__idf_wpa_supplicant.dir/src/crypto/sha384-prf.c.obj
[74/1051] Building C object esp-idf/sdmmc/CMakeFiles/__idf_sdmmc.dir/sdmmc_mmc.c.obj
[96/1051] Linking C static library esp-idf/esp_driver_sdspi/libesp_driver_sdspi.a
[117/1051] Building C object esp-idf/wpa_supplicant/CMakeFiles/__idf_wpa_supplicant.dir/src/ap/wpa_auth_ie.c.obj
[119/1051] Building C object esp-idf/esp_driver_spi/CMakeFiles/__idf_esp_driver_spi.dir/src/gpspi/spi_slave_hd.c.obj
[120/1051] Linking C static library esp-idf/esp_driver_sdspi/libesp_driver_sdspi.a
[136/1051] Building C object esp-idf/wpa_supplicant/CMakeFiles/__idf_wpa_supplicant.dir/src/ap/wpa_auth_ie.c.obj
[97/1051] Building C object esp-idf/esp_gdbstub/CMakeFiles/__idf_esp_gdbstub.dir/src/gdbstub_transport.c.obj
[34/1051] Building C object esp-idf/esp_driver_sdm/CMakeFiles/__idf_esp_driver_sdm.dir/src/sdm.c.obj
[91/1049] Building C object esp-idf/esp_gdbstub/CMakeFiles/__idf_esp_gdbstub.dir/src/gdbstub_transport.c.obj
[137/1051] Building C object esp-idf/wpa_supplicant/CMakeFiles/__idf_wpa_supplicant.dir/src/crypto/ms_funcs.c.obj
[35/1051] Building C object esp-idf/driver/CMakeFiles/__idf_driver.dir/twai/twai.c.obj
[159/1051] Building C object esp-idf/esp_driver_spi/CMakeFiles/__idf_esp_driver_spi.dir/src/gpspi/spi_master.c.obj
[92/1049] Building C object esp-idf/esp_wifi/CMakeFiles/__idf_esp_wifi.dir/src/mesh_event.c.obj
[138/1051] Building C object esp-idf/wpa_supplicant/CMakeFiles/__idf_wpa_supplicant.dir/src/common/dragonfly.c.obj
[118/1051] Building C object esp-idf/esp_coex/CMakeFiles/__idf_esp_coex.dir/esp32s3/esp_coex_adapter.c.obj
[121/1051] Linking C static library esp-idf/esp_driver_sdmmc/libesp_driver_sdmmc.a
[160/1051] Building C object esp-idf/wpa_supplicant/CMakeFiles/__idf_wpa_supplicant.dir/src/eap_peer/chap.c.obj
[75/1051] Building C object esp-idf/esp_driver_i2s/CMakeFiles/__idf_esp_driver_i2s.dir/i2s_pdm.c.obj
[122/1051] Building C object esp-idf/wpa_supplicant/CMakeFiles/__idf_wpa_supplicant.dir/port/os_xtensa.c.obj
[93/1049] Building C object esp-idf/esp_driver_mcpwm/CMakeFiles/__idf_esp_driver_mcpwm.dir/src/mcpwm_sync.c.obj
[161/1051] Building C object esp-idf/wpa_supplicant/CMakeFiles/__idf_wpa_supplicant.dir/src/eap_peer/eap_tls.c.obj
[72/1051] Building C object esp-idf/esp_driver_mcpwm/CMakeFiles/__idf_esp_driver_mcpwm.dir/src/mcpwm_cmpr.c.obj
[98/1051] Building C object esp-idf/esp_driver_i2s/CMakeFiles/__idf_esp_driver_i2s.dir/i2s_common.c.obj
[139/1051] Building C object esp-idf/wpa_supplicant/CMakeFiles/__idf_wpa_supplicant.dir/src/crypto/dh_group5.c.obj
[36/1051] Building C object esp-idf/tcp_transport/CMakeFiles/__idf_tcp_transport.dir/transport_ws.c.obj
[73/1051] Building C object esp-idf/esp_driver_rmt/CMakeFiles/__idf_esp_driver_rmt.dir/src/rmt_rx.c.obj
[76/1051] Building C object esp-idf/esp_driver_mcpwm/CMakeFiles/__idf_esp_driver_mcpwm.dir/src/mcpwm_oper.c.obj
[140/1051] Building C object esp-idf/wpa_supplicant/CMakeFiles/__idf_wpa_supplicant.dir/src/utils/bitfield.c.obj
[141/1051] Building C object esp-idf/wpa_supplicant/CMakeFiles/__idf_wpa_supplicant.dir/src/crypto/crypto_ops.c.obj
[123/1051] Building C object esp-idf/wpa_supplicant/CMakeFiles/__idf_wpa_supplicant.dir/src/common/wpa_common.c.obj
[77/1051] Building C object esp-idf/esp_driver_mcpwm/CMakeFiles/__idf_esp_driver_mcpwm.dir/src/mcpwm_sync.c.obj
[162/1051] Building C object esp-idf/wpa_supplicant/CMakeFiles/__idf_wpa_supplicant.dir/src/eap_peer/mschapv2.c.obj
[94/1049] Building C object esp-idf/esp_driver_mcpwm/CMakeFiles/__idf_esp_driver_mcpwm.dir/src/mcpwm_cap.c.obj
[163/1051] Building C object esp-idf/wpa_supplicant/CMakeFiles/__idf_wpa_supplicant.dir/src/ap/wpa_auth.c.obj
[124/1051] Building C object esp-idf/esp_driver_spi/CMakeFiles/__idf_esp_driver_spi.dir/src/gpspi/spi_common.c.obj
[99/1051] Building C object esp-idf/esp_wifi/CMakeFiles/__idf_esp_wifi.dir/src/mesh_event.c.obj
[125/1051] Linking C static library esp-idf/esp_driver_sd_intf/libesp_driver_sd_intf.a
[74/1051] Building C object esp-idf/sdmmc/CMakeFiles/__idf_sdmmc.dir/sdmmc_cmd.c.obj
[78/1051] Building C object esp-idf/esp_driver_mcpwm/CMakeFiles/__idf_esp_driver_mcpwm.dir/src/mcpwm_timer.c.obj
[119/1051] Building C object esp-idf/esp_wifi/CMakeFiles/__idf_esp_wifi.dir/src/smartconfig_ack.c.obj
[164/1051] Linking C static library esp-idf/esp_driver_spi/libesp_driver_spi.a
[95/1049] Building C object esp-idf/esp_driver_i2s/CMakeFiles/__idf_esp_driver_i2s.dir/i2s_pdm.c.obj
[100/1051] Building C object esp-idf/esp_wifi/CMakeFiles/__idf_esp_wifi.dir/src/wifi_netif.c.obj
[96/1049] Building C object esp-idf/driver/CMakeFiles/__idf_driver.dir/deprecated/rmt_legacy.c.obj
[120/1051] Building C object esp-idf/wpa_supplicant/CMakeFiles/__idf_wpa_supplicant.dir/port/os_xtensa.c.obj
[126/1051] Building C object esp-idf/wpa_supplicant/CMakeFiles/__idf_wpa_supplicant.dir/src/ap/ieee802_1x.c.obj
[79/1051] Building ASM object esp-idf/esp_gdbstub/CMakeFiles/__idf_esp_gdbstub.dir/src/port/xtensa/gdbstub-entry.S.obj
[101/1051] Building C object esp-idf/esp_gdbstub/CMakeFiles/__idf_esp_gdbstub.dir/src/port/xtensa/gdbstub_xtensa.c.obj
[121/1051] Linking C static library esp-idf/sdmmc/libsdmmc.a
[97/1049] Building C object esp-idf/esp_coex/CMakeFiles/__idf_esp_coex.dir/src/coexist_debug_diagram.c.obj
[127/1051] Building C object esp-idf/wpa_supplicant/CMakeFiles/__idf_wpa_supplicant.dir/src/utils/bitfield.c.obj
[122/1051] Building C object esp-idf/wpa_supplicant/CMakeFiles/__idf_wpa_supplicant.dir/src/ap/sta_info.c.obj
[98/1049] Building C object esp-idf/esp_wifi/CMakeFiles/__idf_esp_wifi.dir/src/wifi_default_ap.c.obj
[37/1051] Building C object esp-idf/esp-tls/CMakeFiles/__idf_esp-tls.dir/esp_tls_mbedtls.c.obj
[123/1051] Building C object esp-idf/esp_driver_pcnt/CMakeFiles/__idf_esp_driver_pcnt.dir/src/pulse_cnt.c.obj
[124/1051] Building C object esp-idf/esp_driver_spi/CMakeFiles/__idf_esp_driver_spi.dir/src/gpspi/spi_common.c.obj
[165/1051] Building C object esp-idf/wpa_supplicant/CMakeFiles/__idf_wpa_supplicant.dir/src/eap_peer/eap_peap_common.c.obj
[142/1051] Building C object esp-idf/wpa_supplicant/CMakeFiles/__idf_wpa_supplicant.dir/src/crypto/aes-siv.c.obj
[38/1051] Building C object esp-idf/esp_driver_i2c/CMakeFiles/__idf_esp_driver_i2c.dir/i2c_master.c.obj
[57/1051] Building C object esp-idf/driver/CMakeFiles/__idf_driver.dir/touch_sensor/esp32s3/touch_sensor.c.obj
[143/1051] Building C object esp-idf/wpa_supplicant/CMakeFiles/__idf_wpa_supplicant.dir/src/crypto/sha1-tprf.c.obj
[166/1051] Building C object esp-idf/wpa_supplicant/CMakeFiles/__idf_wpa_supplicant.dir/src/utils/ext_password.c.obj
[58/1051] Building C object esp-idf/http_parser/CMakeFiles/__idf_http_parser.dir/http_parser.c.obj
[128/1051] Building C object esp-idf/wpa_supplicant/CMakeFiles/__idf_wpa_supplicant.dir/src/ap/ap_config.c.obj
[39/1051] Building C object esp-idf/esp_http_client/CMakeFiles/__idf_esp_http_client.dir/esp_http_client.c.obj
[80/1051] Building C object esp-idf/esp_driver_rmt/CMakeFiles/__idf_esp_driver_rmt.dir/src/rmt_tx.c.obj
[75/1051] Building C object esp-idf/esp_driver_i2s/CMakeFiles/__idf_esp_driver_i2s.dir/i2s_tdm.c.obj
[59/1051] Building C object esp-idf/esp_driver_sdmmc/CMakeFiles/__idf_esp_driver_sdmmc.dir/legacy/src/sdmmc_host.c.obj
[102/1051] Building C object esp-idf/esp_wifi/CMakeFiles/__idf_esp_wifi.dir/regulatory/esp_wifi_regulatory.c.obj
[144/1051] Building C object esp-idf/wpa_supplicant/CMakeFiles/__idf_wpa_supplicant.dir/src/crypto/sha256-kdf.c.obj
[129/1051] Building C object esp-idf/wpa_supplicant/CMakeFiles/__idf_wpa_supplicant.dir/port/eloop.c.obj
[81/1051] Building ASM object esp-idf/esp_gdbstub/CMakeFiles/__idf_esp_gdbstub.dir/src/port/xtensa/xt_debugexception.S.obj
[130/1051] Linking C static library esp-idf/sdmmc/libsdmmc.a
[167/1051] Linking C static library esp-idf/esp_wifi/libesp_wifi.a
[60/1051] Building C object esp-idf/esp_driver_i2c/CMakeFiles/__idf_esp_driver_i2c.dir/i2c_master.c.obj
[125/1051] Linking C static library esp-idf/esp_driver_i2s/libesp_driver_i2s.a
[103/1051] Building C object esp-idf/esp_driver_mcpwm/CMakeFiles/__idf_esp_driver_mcpwm.dir/src/mcpwm_oper.c.obj
[61/1051] Linking C static library esp-idf/http_parser/libhttp_parser.a
[131/1051] Building C object esp-idf/wpa_supplicant/CMakeFiles/__idf_wpa_supplicant.dir/src/crypto/crypto_ops.c.obj
[168/1051] Building C object esp-idf/wpa_supplicant/CMakeFiles/__idf_wpa_supplicant.dir/src/utils/uuid.c.obj
[76/1051] Building C object esp-idf/esp_driver_i2s/CMakeFiles/__idf_esp_driver_i2s.dir/i2s_common.c.obj
[104/1051] Building C object esp-idf/esp_driver_mcpwm/CMakeFiles/__idf_esp_driver_mcpwm.dir/src/mcpwm_fault.c.obj
[169/1051] Building C object esp-idf/wpa_supplicant/CMakeFiles/__idf_wpa_supplicant.dir/src/common/ieee802_11_common.c.obj
[132/1051] Building C object esp-idf/wpa_supplicant/CMakeFiles/__idf_wpa_supplicant.dir/src/crypto/aes-gcm.c.obj
[126/1051] Building C object esp-idf/esp_wifi/CMakeFiles/__idf_esp_wifi.dir/esp32s3/esp_adapter.c.obj
[145/1051] Building C object esp-idf/wpa_supplicant/CMakeFiles/__idf_wpa_supplicant.dir/src/crypto/sha1-tlsprf.c.obj
[62/1051] Building C object esp-idf/esp_driver_sdspi/CMakeFiles/__idf_esp_driver_sdspi.dir/src/sdspi_transaction.c.obj
[82/1051] Building C object esp-idf/esp_gdbstub/CMakeFiles/__idf_esp_gdbstub.dir/src/gdbstub_transport.c.obj
[77/1051] Building C object esp-idf/esp_driver_mcpwm/CMakeFiles/__idf_esp_driver_mcpwm.dir/src/mcpwm_fault.c.obj
[133/1051] Linking C static library esp-idf/esp_driver_i2s/libesp_driver_i2s.a
[146/1051] Building C object esp-idf/wpa_supplicant/CMakeFiles/__idf_wpa_supplicant.dir/src/eap_peer/chap.c.obj
[40/1051] Linking C static library esp-idf/esp_http_client/libesp_http_client.a
[99/1049] Building C object esp-idf/esp_wifi/CMakeFiles/__idf_esp_wifi.dir/src/smartconfig.c.obj
[105/1051] Building C object esp-idf/esp_wifi/CMakeFiles/__idf_esp_wifi.dir/src/smartconfig.c.obj
[63/1051] Building C object esp-idf/esp_driver_sd_intf/CMakeFiles/__idf_esp_driver_sd_intf.dir/sd_host.c.obj
[83/1051] Building C object esp-idf/esp_driver_i2s/CMakeFiles/__idf_esp_driver_i2s.dir/i2s_std.c.obj
[170/1051] Building C object esp-idf/wpa_supplicant/CMakeFiles/__idf_wpa_supplicant.dir/src/utils/wpa_debug.c.obj
[100/1049] Building C object esp-idf/esp_wifi/CMakeFiles/__idf_esp_wifi.dir/regulatory/esp_wifi_regulatory.c.obj
[171/1051] Building C object esp-idf/wpa_supplicant/CMakeFiles/__idf_wpa_supplicant.dir/src/eap_peer/eap_fast_common.c.obj
[78/1051] Building C object esp-idf/esp_driver_mcpwm/CMakeFiles/__idf_esp_driver_mcpwm.dir/src/mcpwm_oper.c.obj
[127/1051] Building C object esp-idf/wpa_supplicant/CMakeFiles/__idf_wpa_supplicant.dir/src/ap/ap_config.c.obj
[101/1049] Linking C static library esp-idf/driver/libdriver.a
[64/1051] Building C object esp-idf/sdmmc/CMakeFiles/__idf_sdmmc.dir/sd_pwr_ctrl/sd_pwr_ctrl.c.obj
[106/1051] Building C object esp-idf/esp_coex/CMakeFiles/__idf_esp_coex.dir/src/coexist_debug_diagram.c.obj
[79/1051] Building C object esp-idf/sdmmc/CMakeFiles/__idf_sdmmc.dir/sdmmc_sd.c.obj
[41/1051] Building C object esp-idf/esp_driver_i2c/CMakeFiles/__idf_esp_driver_i2c.dir/i2c_common.c.obj
[84/1051] Building C object esp-idf/esp_gdbstub/CMakeFiles/__idf_esp_gdbstub.dir/src/gdbstub.c.obj
[80/1051] Building C object esp-idf/esp_gdbstub/CMakeFiles/__idf_esp_gdbstub.dir/src/packet.c.obj
[102/1049] Building C object esp-idf/esp_wifi/CMakeFiles/__idf_esp_wifi.dir/src/wifi_default.c.obj
[107/1051] Building C object esp-idf/esp_gdbstub/CMakeFiles/__idf_esp_gdbstub.dir/src/gdbstub.c.obj
[85/1051] Building C object esp-idf/esp_driver_i2s/CMakeFiles/__idf_esp_driver_i2s.dir/i2s_platform.c.obj
[103/1049] Building C object esp-idf/wpa_supplicant/CMakeFiles/__idf_wpa_supplicant.dir/port/eloop.c.obj
[81/1051] Building C object esp-idf/esp_driver_mcpwm/CMakeFiles/__idf_esp_driver_mcpwm.dir/src/mcpwm_com.c.obj
[147/1051] Building C object esp-idf/wpa_supplicant/CMakeFiles/__idf_wpa_supplicant.dir/src/ap/ieee802_11.c.obj
[104/1049] Building C object esp-idf/esp_coex/CMakeFiles/__idf_esp_coex.dir/src/coexist_debug.c.obj
[108/1051] Building C object esp-idf/esp_wifi/CMakeFiles/__idf_esp_wifi.dir/src/wifi_default_ap.c.obj
[134/1051] Building C object esp-idf/wpa_supplicant/CMakeFiles/__idf_wpa_supplicant.dir/src/ap/sta_info.c.obj
[172/1051] Building C object esp-idf/wpa_supplicant/CMakeFiles/__idf_wpa_supplicant.dir/src/common/sae.c.obj
[82/1051] Building C object esp-idf/http_parser/CMakeFiles/__idf_http_parser.dir/http_parser.c.obj
[135/1051] Building C object esp-idf/wpa_supplicant/CMakeFiles/__idf_wpa_supplicant.dir/src/ap/pmksa_cache_auth.c.obj
[173/1051] Building C object esp-idf/wpa_supplicant/CMakeFiles/__idf_wpa_supplicant.dir/src/rsn_supp/pmksa_cache.c.obj
[105/1049] Building C object esp-idf/wpa_supplicant/CMakeFiles/__idf_wpa_supplicant.dir/src/ap/ap_config.c.obj
[109/1051] Building C object esp-idf/esp_driver_mcpwm/CMakeFiles/__idf_esp_driver_mcpwm.dir/src/mcpwm_gen.c.obj
[128/1051] Linking C static library esp-idf/esp_driver_mcpwm/libesp_driver_mcpwm.a
[42/1051] Linking C static library esp-idf/tcp_transport/libtcp_transport.a
[83/1051] Building ASM object esp-idf/esp_gdbstub/CMakeFiles/__idf_esp_gdbstub.dir/src/port/xtensa/gdbstub-entry.S.obj
[174/1051] Building C object esp-idf/wpa_supplicant/CMakeFiles/__idf_wpa_supplicant.dir/src/eap_peer/eap_mschapv2.c.obj
[86/1051] Building C object esp-idf/esp_gdbstub/CMakeFiles/__idf_esp_gdbstub.dir/src/packet.c.obj
[136/1051] Linking C static library esp-idf/esp_driver_mcpwm/libesp_driver_mcpwm.a
[129/1051] Building C object esp-idf/wpa_supplicant/CMakeFiles/__idf_wpa_supplicant.dir/src/ap/ieee802_1x.c.obj
[84/1051] Building ASM object esp-idf/esp_gdbstub/CMakeFiles/__idf_esp_gdbstub.dir/src/port/xtensa/xt_debugexception.S.obj
[137/1051] Building C object esp-idf/esp_driver_pcnt/CMakeFiles/__idf_esp_driver_pcnt.dir/src/pulse_cnt.c.obj
[106/1049] Linking C static library esp-idf/esp_driver_twai/libesp_driver_twai.a
[148/1051] Building C object esp-idf/esp_driver_spi/CMakeFiles/__idf_esp_driver_spi.dir/src/gpspi/spi_master.c.obj
[175/1051] Building C object esp-idf/wpa_supplicant/CMakeFiles/__idf_wpa_supplicant.dir/src/utils/json.c.obj
[107/1049] Building C object esp-idf/esp_wifi/CMakeFiles/__idf_esp_wifi.dir/src/wifi_init.c.obj
[138/1051] Building C object esp-idf/wpa_supplicant/CMakeFiles/__idf_wpa_supplicant.dir/src/ap/wpa_auth_ie.c.obj
[87/1051] Building C object esp-idf/http_parser/CMakeFiles/__idf_http_parser.dir/http_parser.c.obj
[149/1051] Building C object esp-idf/wpa_supplicant/CMakeFiles/__idf_wpa_supplicant.dir/src/crypto/sha256-tlsprf.c.obj
[108/1049] Building C object esp-idf/esp_wifi/CMakeFiles/__idf_esp_wifi.dir/src/wifi_netif.c.obj
[130/1051] Building C object esp-idf/wpa_supplicant/CMakeFiles/__idf_wpa_supplicant.dir/port/eloop.c.obj
[150/1051] Building C object esp-idf/wpa_supplicant/CMakeFiles/__idf_wpa_supplicant.dir/src/crypto/aes-gcm.c.obj
[109/1049] Building C object esp-idf/esp_coex/CMakeFiles/__idf_esp_coex.dir/esp32s3/esp_coex_adapter.c.obj
[43/1051] Building C object esp-idf/esp_driver_tsens/CMakeFiles/__idf_esp_driver_tsens.dir/src/temperature_sensor.c.obj
[44/1051] Building C object esp-idf/esp_driver_rmt/CMakeFiles/__idf_esp_driver_rmt.dir/src/rmt_encoder.c.obj
[88/1051] Building C object esp-idf/esp_driver_mcpwm/CMakeFiles/__idf_esp_driver_mcpwm.dir/src/mcpwm_gen.c.obj
[131/1051] Linking C static library esp-idf/esp_driver_pcnt/libesp_driver_pcnt.a
[132/1051] Building C object esp-idf/esp_driver_spi/CMakeFiles/__idf_esp_driver_spi.dir/src/gpspi/spi_slave.c.obj
[151/1051] Building C object esp-idf/wpa_supplicant/CMakeFiles/__idf_wpa_supplicant.dir/src/crypto/ccmp.c.obj
[139/1051] Building C object esp-idf/wpa_supplicant/CMakeFiles/__idf_wpa_supplicant.dir/src/crypto/sha256-prf.c.obj
[110/1051] Building C object esp-idf/esp_wifi/CMakeFiles/__idf_esp_wifi.dir/src/wifi_init.c.obj
[133/1051] Building C object esp-idf/wpa_supplicant/CMakeFiles/__idf_wpa_supplicant.dir/src/ap/pmksa_cache_auth.c.obj
[85/1051] Building C object esp-idf/esp_driver_mcpwm/CMakeFiles/__idf_esp_driver_mcpwm.dir/src/mcpwm_sync.c.obj
[176/1051] Building C object esp-idf/wpa_supplicant/CMakeFiles/__idf_wpa_supplicant.dir/src/eap_peer/eap.c.obj
[86/1051] Linking C static library esp-idf/http_parser/libhttp_parser.a
[111/1051] Building C object esp-idf/esp_coex/CMakeFiles/__idf_esp_coex.dir/src/coexist_debug.c.obj
[89/1051] Linking C static library esp-idf/http_parser/libhttp_parser.a
[110/1049] Linking C static library esp-idf/esp_driver_ledc/libesp_driver_ledc.a
[140/1051] Linking C static library esp-idf/esp_driver_pcnt/libesp_driver_pcnt.a
[152/1051] Building C object esp-idf/wpa_supplicant/CMakeFiles/__idf_wpa_supplicant.dir/src/crypto/sha256-prf.c.obj
[45/1051] Linking C static library esp-idf/esp_adc/libesp_adc.a
[46/1051] Building C object esp-idf/esp_driver_sdspi/CMakeFiles/__idf_esp_driver_sdspi.dir/src/sdspi_crc.c.obj
[141/1051] Building C object esp-idf/wpa_supplicant/CMakeFiles/__idf_wpa_supplicant.dir/src/common/dragonfly.c.obj
[90/1051] Building C object esp-idf/esp_wifi/CMakeFiles/__idf_esp_wifi.dir/src/lib_printf.c.obj
[153/1051] Building C object esp-idf/wpa_supplicant/CMakeFiles/__idf_wpa_supplicant.dir/src/crypto/sha1-prf.c.obj
[47/1051] Building C object esp-idf/esp-tls/CMakeFiles/__idf_esp-tls.dir/esp_tls.c.obj
[134/1051] Linking C static library esp-idf/esp_gdbstub/libesp_gdbstub.a
[87/1051] Building C object esp-idf/esp_driver_spi/CMakeFiles/__idf_esp_driver_spi.dir/src/gpspi/spi_common.c.obj
[154/1051] Building C object esp-idf/wpa_supplicant/CMakeFiles/__idf_wpa_supplicant.dir/src/crypto/sha384-tlsprf.c.obj
[142/1051] Building C object esp-idf/wpa_supplicant/CMakeFiles/__idf_wpa_supplicant.dir/src/crypto/aes-siv.c.obj
[155/1051] Linking C static library esp-idf/esp_driver_spi/libesp_driver_spi.a
[135/1051] Building C object esp-idf/wpa_supplicant/CMakeFiles/__idf_wpa_supplicant.dir/src/ap/comeback_token.c.obj
[48/1051] Building C object esp-idf/esp_driver_rmt/CMakeFiles/__idf_esp_driver_rmt.dir/src/rmt_encoder_bytes.c.obj
[143/1051] Building C object esp-idf/wpa_supplicant/CMakeFiles/__idf_wpa_supplicant.dir/src/crypto/sha256-kdf.c.obj
[177/1051] Building C object esp-idf/wpa_supplicant/CMakeFiles/__idf_wpa_supplicant.dir/src/utils/base64.c.obj
[65/1051] Building C object esp-idf/sdmmc/CMakeFiles/__idf_sdmmc.dir/sdmmc_common.c.obj
[156/1051] Building C object esp-idf/wpa_supplicant/CMakeFiles/__idf_wpa_supplicant.dir/src/eap_peer/eap_tls.c.obj
[88/1051] Building C object esp-idf/esp_driver_rmt/CMakeFiles/__idf_esp_driver_rmt.dir/src/rmt_tx.c.obj
[89/1051] Building C object esp-idf/esp_gdbstub/CMakeFiles/__idf_esp_gdbstub.dir/src/port/xtensa/gdbstub_xtensa.c.obj
[144/1051] Linking C static library esp-idf/esp_gdbstub/libesp_gdbstub.a
[49/1051] Building C object esp-idf/esp_driver_rmt/CMakeFiles/__idf_esp_driver_rmt.dir/src/rmt_encoder_copy.c.obj
[91/1051] Building C object esp-idf/esp_driver_mcpwm/CMakeFiles/__idf_esp_driver_mcpwm.dir/src/mcpwm_com.c.obj
[50/1051] Building C object esp-idf/esp_driver_twai/CMakeFiles/__idf_esp_driver_twai.dir/esp_twai_onchip.c.obj
[112/1051] Building C object esp-idf/esp_wifi/CMakeFiles/__idf_esp_wifi.dir/esp32s3/esp_adapter.c.obj
[90/1051] Building C object esp-idf/esp_gdbstub/CMakeFiles/__idf_esp_gdbstub.dir/src/gdbstub_transport.c.obj
[92/1051] Building C object esp-idf/esp_driver_spi/CMakeFiles/__idf_esp_driver_spi.dir/src/gpspi/spi_slave.c.obj
[51/1051] Building C object esp-idf/esp_driver_i2c/CMakeFiles/__idf_esp_driver_i2c.dir/i2c_slave.c.obj
[157/1051] Building C object esp-idf/wpa_supplicant/CMakeFiles/__idf_wpa_supplicant.dir/src/crypto/sha384-prf.c.obj
[91/1051] Building C object esp-idf/esp_driver_mcpwm/CMakeFiles/__idf_esp_driver_mcpwm.dir/src/mcpwm_cap.c.obj
[52/1051] Linking C static library esp-idf/esp-tls/libesp-tls.a
[93/1051] Building C object esp-idf/esp_wifi/CMakeFiles/__idf_esp_wifi.dir/src/mesh_event.c.obj
[111/1049] Building C object esp-idf/esp_driver_mcpwm/CMakeFiles/__idf_esp_driver_mcpwm.dir/src/mcpwm_timer.c.obj
[53/1051] Building C object esp-idf/esp_driver_sdspi/CMakeFiles/__idf_esp_driver_sdspi.dir/src/sdspi_transaction.c.obj
[94/1051] Building C object esp-idf/esp_driver_mcpwm/CMakeFiles/__idf_esp_driver_mcpwm.dir/src/mcpwm_fault.c.obj
[145/1051] Building C object esp-idf/wpa_supplicant/CMakeFiles/__idf_wpa_supplicant.dir/src/crypto/dh_groups.c.obj
[178/1051] Building C object esp-idf/wpa_supplicant/CMakeFiles/__idf_wpa_supplicant.dir/src/eap_peer/eap_ttls.c.obj
[95/1051] Building C object esp-idf/esp_gdbstub/CMakeFiles/__idf_esp_gdbstub.dir/src/port/xtensa/gdbstub_xtensa.c.obj
[92/1051] Building C object esp-idf/esp_wifi/CMakeFiles/__idf_esp_wifi.dir/src/smartconfig.c.obj
[112/1049] Linking C static library esp-idf/esp_driver_i2c/libesp_driver_i2c.a
[113/1051] Building C object esp-idf/esp_driver_sdmmc/CMakeFiles/__idf_esp_driver_sdmmc.dir/src/sd_host_sdmmc.c.obj
[158/1051] Building C object esp-idf/wpa_supplicant/CMakeFiles/__idf_wpa_supplicant.dir/src/crypto/md4-internal.c.obj
[179/1051] Building C object esp-idf/wpa_supplicant/CMakeFiles/__idf_wpa_supplicant.dir/src/eap_peer/eap_peap.c.obj
[93/1051] Linking C static library esp-idf/driver/libdriver.a
[146/1051] Building C object esp-idf/wpa_supplicant/CMakeFiles/__idf_wpa_supplicant.dir/src/ap/ieee802_11.c.obj
[113/1049] Building C object esp-idf/esp_driver_spi/CMakeFiles/__idf_esp_driver_spi.dir/src/gpspi/spi_common.c.obj
[66/1051] Building C object esp-idf/sdmmc/CMakeFiles/__idf_sdmmc.dir/sdmmc_mmc.c.obj
[114/1051] Building C object esp-idf/esp_wifi/CMakeFiles/__idf_esp_wifi.dir/src/wifi_default.c.obj
[94/1051] Building C object esp-idf/esp_driver_mcpwm/CMakeFiles/__idf_esp_driver_mcpwm.dir/src/mcpwm_timer.c.obj
[147/1051] Building C object esp-idf/wpa_supplicant/CMakeFiles/__idf_wpa_supplicant.dir/src/crypto/dh_group5.c.obj
[96/1051] Linking C static library esp-idf/driver/libdriver.a
[115/1051] Building C object esp-idf/esp_coex/CMakeFiles/__idf_esp_coex.dir/esp32s3/esp_coex_adapter.c.obj
[95/1051] Building C object esp-idf/esp_wifi/CMakeFiles/__idf_esp_wifi.dir/src/lib_printf.c.obj
[54/1051] Building C object esp-idf/esp_driver_rmt/CMakeFiles/__idf_esp_driver_rmt.dir/src/rmt_common.c.obj
[159/1051] Building C object esp-idf/wpa_supplicant/CMakeFiles/__idf_wpa_supplicant.dir/src/common/wpa_common.c.obj
[180/1051] Building C object esp-idf/wpa_supplicant/CMakeFiles/__idf_wpa_supplicant.dir/src/common/sae_pk.c.obj
[160/1051] Linking C static library esp-idf/esp_wifi/libesp_wifi.a
[97/1051] Building C object esp-idf/esp_driver_i2s/CMakeFiles/__idf_esp_driver_i2s.dir/i2s_tdm.c.obj
[96/1051] Building C object esp-idf/esp_driver_i2s/CMakeFiles/__idf_esp_driver_i2s.dir/i2s_pdm.c.obj
[67/1051] Building C object esp-idf/sdmmc/CMakeFiles/__idf_sdmmc.dir/sdmmc_sd.c.obj
[114/1049] Linking C static library esp-idf/esp_driver_sdm/libesp_driver_sdm.a
[136/1051] Building C object esp-idf/wpa_supplicant/CMakeFiles/__idf_wpa_supplicant.dir/src/crypto/aes-siv.c.obj
[68/1051] Building C object esp-idf/esp_driver_sdmmc/CMakeFiles/__idf_esp_driver_sdmmc.dir/src/sd_trans_sdmmc.c.obj
[115/1049] Building C object esp-idf/esp_wifi/CMakeFiles/__idf_esp_wifi.dir/esp32s3/esp_adapter.c.obj
[69/1051] Building C object esp-idf/esp_driver_sdspi/CMakeFiles/__idf_esp_driver_sdspi.dir/src/sdspi_host.c.obj
[161/1051] Building C object esp-idf/wpa_supplicant/CMakeFiles/__idf_wpa_supplicant.dir/src/eap_common/eap_wsc_common.c.obj
[148/1051] Building C object esp-idf/wpa_supplicant/CMakeFiles/__idf_wpa_supplicant.dir/src/crypto/sha1-tlsprf.c.obj
[181/1051] Building C object esp-idf/wpa_supplicant/CMakeFiles/__idf_wpa_supplicant.dir/src/rsn_supp/wpa_ie.c.obj
[137/1051] Building C object esp-idf/wpa_supplicant/CMakeFiles/__idf_wpa_supplicant.dir/src/ap/ieee802_11.c.obj
[55/1051] Building C object esp-idf/esp_driver_rmt/CMakeFiles/__idf_esp_driver_rmt.dir/src/rmt_encoder_simple.c.obj
[138/1051] Building C object esp-idf/wpa_supplicant/CMakeFiles/__idf_wpa_supplicant.dir/src/crypto/sha256-kdf.c.obj
[139/1051] Building C object esp-idf/wpa_supplicant/CMakeFiles/__idf_wpa_supplicant.dir/src/utils/bitfield.c.obj
[116/1049] Building C object esp-idf/wpa_supplicant/CMakeFiles/__idf_wpa_supplicant.dir/port/os_xtensa.c.obj
[97/1051] Linking C static library esp-idf/esp_driver_twai/libesp_driver_twai.a
[117/1049] Building C object esp-idf/esp_driver_spi/CMakeFiles/__idf_esp_driver_spi.dir/src/gpspi/spi_slave.c.obj
[182/1051] Building C object esp-idf/wpa_supplicant/CMakeFiles/__idf_wpa_supplicant.dir/src/utils/wpabuf.c.obj
[140/1051] Building C object esp-idf/wpa_supplicant/CMakeFiles/__idf_wpa_supplicant.dir/src/crypto/sha1-tlsprf.c.obj
[70/1051] Building C object esp-idf/sdmmc/CMakeFiles/__idf_sdmmc.dir/sdmmc_cmd.c.obj
[56/1051] Building C object esp-idf/driver/CMakeFiles/__idf_driver.dir/i2c/i2c.c.obj
[118/1049] Linking C static library esp-idf/esp_driver_tsens/libesp_driver_tsens.a
[116/1051] Linking C static library esp-idf/esp_driver_sdmmc/libesp_driver_sdmmc.a
[149/1051] Building C object esp-idf/wpa_supplicant/CMakeFiles/__idf_wpa_supplicant.dir/src/crypto/ccmp.c.obj
[98/1051] Building C object esp-idf/esp_wifi/CMakeFiles/__idf_esp_wifi.dir/src/smartconfig.c.obj
[141/1051] Building C object esp-idf/wpa_supplicant/CMakeFiles/__idf_wpa_supplicant.dir/src/common/dragonfly.c.obj
[150/1051] Building C object esp-idf/wpa_supplicant/CMakeFiles/__idf_wpa_supplicant.dir/src/crypto/sha256-tlsprf.c.obj
[99/1051] Building C object esp-idf/esp_coex/CMakeFiles/__idf_esp_coex.dir/src/coexist_debug_diagram.c.obj
[57/1051] Building C object esp-idf/driver/CMakeFiles/__idf_driver.dir/touch_sensor/esp32s3/touch_sensor.c.obj
[98/1051] Building C object esp-idf/esp_driver_sdmmc/CMakeFiles/__idf_esp_driver_sdmmc.dir/src/sd_host_sdmmc.c.obj
[100/1051] Linking C static library esp-idf/esp_driver_twai/libesp_driver_twai.a
[162/1051] Building C object esp-idf/wpa_supplicant/CMakeFiles/__idf_wpa_supplicant.dir/src/common/ieee802_11_common.c.obj
[58/1051] Building C object esp-idf/esp_driver_rmt/CMakeFiles/__idf_esp_driver_rmt.dir/src/rmt_tx.c.obj
[99/1051] Building C object esp-idf/esp_wifi/CMakeFiles/__idf_esp_wifi.dir/src/mesh_event.c.obj
[151/1051] Building C object esp-idf/wpa_supplicant/CMakeFiles/__idf_wpa_supplicant.dir/src/crypto/sha384-tlsprf.c.obj
[117/1051] Building C object esp-idf/esp_driver_spi/CMakeFiles/__idf_esp_driver_spi.dir/src/gpspi/spi_slave_hd.c.obj
[163/1051] Building C object esp-idf/wpa_supplicant/CMakeFiles/__idf_wpa_supplicant.dir/src/eap_peer/eap_common.c.obj
[119/1049] Building C object esp-idf/esp_wifi/CMakeFiles/__idf_esp_wifi.dir/src/smartconfig_ack.c.obj
[101/1051] Building C object esp-idf/esp_wifi/CMakeFiles/__idf_esp_wifi.dir/src/wifi_default_ap.c.obj
[100/1051] Building C object esp-idf/esp_coex/CMakeFiles/__idf_esp_coex.dir/src/coexist_debug_diagram.c.obj
[183/1051] Building C object esp-idf/wpa_supplicant/CMakeFiles/__idf_wpa_supplicant.dir/esp_supplicant/src/esp_wpa2_api_port.c.obj
[101/1051] Building C object esp-idf/esp_wifi/CMakeFiles/__idf_esp_wifi.dir/src/wifi_default_ap.c.obj
[164/1051] Building C object esp-idf/wpa_supplicant/CMakeFiles/__idf_wpa_supplicant.dir/src/rsn_supp/wpa_ie.c.obj
[152/1051] Building C object esp-idf/wpa_supplicant/CMakeFiles/__idf_wpa_supplicant.dir/src/crypto/ms_funcs.c.obj
[142/1051] Building C object esp-idf/wpa_supplicant/CMakeFiles/__idf_wpa_supplicant.dir/src/crypto/aes-gcm.c.obj
[59/1051] Building C object esp-idf/sdmmc/CMakeFiles/__idf_sdmmc.dir/sd_pwr_ctrl/sd_pwr_ctrl.c.obj
[120/1049] Building C object esp-idf/wpa_supplicant/CMakeFiles/__idf_wpa_supplicant.dir/src/ap/pmksa_cache_auth.c.obj
[153/1051] Building C object esp-idf/wpa_supplicant/CMakeFiles/__idf_wpa_supplicant.dir/src/crypto/sha1-prf.c.obj
[143/1051] Building C object esp-idf/wpa_supplicant/CMakeFiles/__idf_wpa_supplicant.dir/src/crypto/ccmp.c.obj
[71/1051] Building C object esp-idf/driver/CMakeFiles/__idf_driver.dir/i2c/i2c.c.obj
[165/1051] Building C object esp-idf/wpa_supplicant/CMakeFiles/__idf_wpa_supplicant.dir/src/eap_peer/eap_peap_common.c.obj
[118/1051] Linking C static library esp-idf/esp_driver_sd_intf/libesp_driver_sd_intf.a
[102/1051] Building C object esp-idf/esp_wifi/CMakeFiles/__idf_esp_wifi.dir/src/wifi_netif.c.obj
[119/1051] Building C object esp-idf/esp_wifi/CMakeFiles/__idf_esp_wifi.dir/src/smartconfig_ack.c.obj
[102/1051] Linking C static library esp-idf/esp_driver_ledc/libesp_driver_ledc.a
[154/1051] Building C object esp-idf/wpa_supplicant/CMakeFiles/__idf_wpa_supplicant.dir/src/crypto/sha384-prf.c.obj
[103/1051] Building C object esp-idf/esp_coex/CMakeFiles/__idf_esp_coex.dir/src/coexist_debug.c.obj
[121/1049] Linking C static library esp-idf/esp_driver_rmt/libesp_driver_rmt.a
[144/1051] Building C object esp-idf/wpa_supplicant/CMakeFiles/__idf_wpa_supplicant.dir/src/crypto/crypto_ops.c.obj
[120/1051] Building C object esp-idf/wpa_supplicant/CMakeFiles/__idf_wpa_supplicant.dir/port/os_xtensa.c.obj
[122/1049] Building C object esp-idf/wpa_supplicant/CMakeFiles/__idf_wpa_supplicant.dir/src/crypto/aes-siv.c.obj
[121/1051] Building C object esp-idf/esp_driver_spi/CMakeFiles/__idf_esp_driver_spi.dir/src/gpspi/spi_slave.c.obj
[184/1051] Building C object esp-idf/wpa_supplicant/CMakeFiles/__idf_wpa_supplicant.dir/src/wps/wps_attr_process.c.obj
[103/1051] Linking C static library esp-idf/esp_driver_ledc/libesp_driver_ledc.a
[72/1051] Building C object esp-idf/sdmmc/CMakeFiles/__idf_sdmmc.dir/sdmmc_io.c.obj
[122/1051] Building C object esp-idf/wpa_supplicant/CMakeFiles/__idf_wpa_supplicant.dir/src/ap/ap_config.c.obj
[145/1051] Building C object esp-idf/wpa_supplicant/CMakeFiles/__idf_wpa_supplicant.dir/src/crypto/dh_group5.c.obj
[104/1051] Building C object esp-idf/esp_gdbstub/CMakeFiles/__idf_esp_gdbstub.dir/src/gdbstub.c.obj
[155/1051] Building C object esp-idf/wpa_supplicant/CMakeFiles/__idf_wpa_supplicant.dir/src/eap_common/eap_wsc_common.c.obj
[73/1051] Building C object esp-idf/esp_driver_i2s/CMakeFiles/__idf_esp_driver_i2s.dir/i2s_platform.c.obj
[123/1051] Building C object esp-idf/esp_driver_spi/CMakeFiles/__idf_esp_driver_spi.dir/src/gpspi/spi_common.c.obj
[185/1051] Building C object esp-idf/wpa_supplicant/CMakeFiles/__idf_wpa_supplicant.dir/src/utils/common.c.obj
[146/1051] Building C object esp-idf/wpa_supplicant/CMakeFiles/__idf_wpa_supplicant.dir/src/crypto/sha256-prf.c.obj
[105/1051] Building C object esp-idf/esp_wifi/CMakeFiles/__idf_esp_wifi.dir/src/wifi_init.c.obj
[124/1051] Building C object esp-idf/esp_driver_pcnt/CMakeFiles/__idf_esp_driver_pcnt.dir/src/pulse_cnt.c.obj
[104/1051] Building C object esp-idf/esp_wifi/CMakeFiles/__idf_esp_wifi.dir/regulatory/esp_wifi_regulatory.c.obj
[106/1051] Linking C static library esp-idf/esp_driver_i2c/libesp_driver_i2c.a
[107/1051] Building C object esp-idf/esp_driver_mcpwm/CMakeFiles/__idf_esp_driver_mcpwm.dir/src/mcpwm_gen.c.obj
[147/1051] Building C object esp-idf/esp_driver_spi/CMakeFiles/__idf_esp_driver_spi.dir/src/gpspi/spi_master.c.obj
[186/1051] Building C object esp-idf/wpa_supplicant/CMakeFiles/__idf_wpa_supplicant.dir/src/wps/wps_attr_parse.c.obj
[123/1049] Building C object esp-idf/esp_driver_pcnt/CMakeFiles/__idf_esp_driver_pcnt.dir/src/pulse_cnt.c.obj
[148/1051] Building C object esp-idf/wpa_supplicant/CMakeFiles/__idf_wpa_supplicant.dir/src/crypto/sha1-prf.c.obj
[125/1051] Linking C static library esp-idf/sdmmc/libsdmmc.a
[124/1049] Linking C static library esp-idf/esp_driver_sdspi/libesp_driver_sdspi.a
[125/1049] Building C object esp-idf/wpa_supplicant/CMakeFiles/__idf_wpa_supplicant.dir/src/ap/ieee802_1x.c.obj
[108/1051] Building C object esp-idf/esp_wifi/CMakeFiles/__idf_esp_wifi.dir/regulatory/esp_wifi_regulatory.c.obj
[149/1051] Building C object esp-idf/wpa_supplicant/CMakeFiles/__idf_wpa_supplicant.dir/src/crypto/sha256-tlsprf.c.obj
[74/1051] Building C object esp-idf/esp_driver_i2s/CMakeFiles/__idf_esp_driver_i2s.dir/i2s_std.c.obj
[187/1051] Building C object esp-idf/wpa_supplicant/CMakeFiles/__idf_wpa_supplicant.dir/src/eap_peer/eap_fast_pac.c.obj
[126/1049] Building C object esp-idf/wpa_supplicant/CMakeFiles/__idf_wpa_supplicant.dir/src/crypto/ccmp.c.obj
[127/1049] Building C object esp-idf/wpa_supplicant/CMakeFiles/__idf_wpa_supplicant.dir/src/ap/sta_info.c.obj
[60/1051] Building C object esp-idf/esp_driver_sdmmc/CMakeFiles/__idf_esp_driver_sdmmc.dir/legacy/src/sdmmc_transaction.c.obj
[156/1051] Building C object esp-idf/wpa_supplicant/CMakeFiles/__idf_wpa_supplicant.dir/src/crypto/sha1-tprf.c.obj
[109/1051] Linking C static library esp-idf/esp_driver_sdm/libesp_driver_sdm.a
[105/1051] Building C object esp-idf/esp_wifi/CMakeFiles/__idf_esp_wifi.dir/src/wifi_init.c.obj
[157/1051] Building C object esp-idf/wpa_supplicant/CMakeFiles/__idf_wpa_supplicant.dir/src/eap_peer/mschapv2.c.obj
[150/1051] Building C object esp-idf/wpa_supplicant/CMakeFiles/__idf_wpa_supplicant.dir/src/crypto/dh_groups.c.obj
[75/1051] Building C object esp-idf/esp_driver_mcpwm/CMakeFiles/__idf_esp_driver_mcpwm.dir/src/mcpwm_sync.c.obj
[128/1049] Building C object esp-idf/wpa_supplicant/CMakeFiles/__idf_wpa_supplicant.dir/src/ap/comeback_token.c.obj
[106/1051] Linking C static library esp-idf/esp_driver_i2c/libesp_driver_i2c.a
[76/1051] Building C object esp-idf/driver/CMakeFiles/__idf_driver.dir/deprecated/rmt_legacy.c.obj
[61/1051] Building C object esp-idf/esp_driver_sd_intf/CMakeFiles/__idf_esp_driver_sd_intf.dir/sd_host.c.obj
[107/1051] Building C object esp-idf/esp_coex/CMakeFiles/__idf_esp_coex.dir/src/coexist_debug.c.obj
[62/1051] Building C object esp-idf/sdmmc/CMakeFiles/__idf_sdmmc.dir/sdmmc_common.c.obj
[129/1049] Building C object esp-idf/esp_driver_spi/CMakeFiles/__idf_esp_driver_spi.dir/src/gpspi/spi_slave_hd.c.obj
[188/1051] Building C object esp-idf/wpa_supplicant/CMakeFiles/__idf_wpa_supplicant.dir/src/wps/wps.c.obj
[151/1051] Building C object esp-idf/wpa_supplicant/CMakeFiles/__idf_wpa_supplicant.dir/src/common/ieee802_11_common.c.obj
[108/1051] Building C object esp-idf/wpa_supplicant/CMakeFiles/__idf_wpa_supplicant.dir/port/eloop.c.obj
[152/1051] Linking C static library esp-idf/esp_driver_spi/libesp_driver_spi.a
[126/1051] Building C object esp-idf/wpa_supplicant/CMakeFiles/__idf_wpa_supplicant.dir/src/ap/ieee802_1x.c.obj
[153/1051] Building C object esp-idf/wpa_supplicant/CMakeFiles/__idf_wpa_supplicant.dir/src/crypto/sha384-prf.c.obj
[109/1051] Building C object esp-idf/esp_wifi/CMakeFiles/__idf_esp_wifi.dir/src/smartconfig_ack.c.obj
[158/1051] Building C object esp-idf/wpa_supplicant/CMakeFiles/__idf_wpa_supplicant.dir/src/crypto/md4-internal.c.obj
[189/1051] Building C object esp-idf/wpa_supplicant/CMakeFiles/__idf_wpa_supplicant.dir/src/wps/wps_dev_attr.c.obj
[127/1051] Linking C static library esp-idf/esp_driver_i2s/libesp_driver_i2s.a
[110/1051] Building C object esp-idf/esp_driver_sdmmc/CMakeFiles/__idf_esp_driver_sdmmc.dir/src/sd_host_sdmmc.c.obj
[159/1051] Building C object esp-idf/wpa_supplicant/CMakeFiles/__idf_wpa_supplicant.dir/src/eap_peer/chap.c.obj
[110/1051] Building C object esp-idf/esp_wifi/CMakeFiles/__idf_esp_wifi.dir/src/wifi_netif.c.obj
[130/1049] Building C object esp-idf/wpa_supplicant/CMakeFiles/__idf_wpa_supplicant.dir/src/ap/ieee802_11.c.obj
[166/1051] Building C object esp-idf/wpa_supplicant/CMakeFiles/__idf_wpa_supplicant.dir/src/eap_peer/mschapv2.c.obj
[160/1051] Building C object esp-idf/wpa_supplicant/CMakeFiles/__idf_wpa_supplicant.dir/src/eap_peer/eap_peap.c.obj
[111/1051] Linking C static library esp-idf/esp_driver_tsens/libesp_driver_tsens.a
[112/1051] Building C object esp-idf/esp_driver_pcnt/CMakeFiles/__idf_esp_driver_pcnt.dir/src/pulse_cnt.c.obj
[111/1051] Building C object esp-idf/esp_driver_i2s/CMakeFiles/__idf_esp_driver_i2s.dir/i2s_common.c.obj
[131/1049] Linking C static library esp-idf/esp_driver_sdmmc/libesp_driver_sdmmc.a
[154/1051] Building C object esp-idf/wpa_supplicant/CMakeFiles/__idf_wpa_supplicant.dir/src/common/wpa_common.c.obj
[128/1051] Building C object esp-idf/wpa_supplicant/CMakeFiles/__idf_wpa_supplicant.dir/port/eloop.c.obj
[129/1051] Building C object esp-idf/wpa_supplicant/CMakeFiles/__idf_wpa_supplicant.dir/src/ap/comeback_token.c.obj
[130/1051] Building C object esp-idf/wpa_supplicant/CMakeFiles/__idf_wpa_supplicant.dir/src/common/wpa_common.c.obj
[155/1051] Building C object esp-idf/wpa_supplicant/CMakeFiles/__idf_wpa_supplicant.dir/src/crypto/sha384-tlsprf.c.obj
[167/1051] Building C object esp-idf/wpa_supplicant/CMakeFiles/__idf_wpa_supplicant.dir/src/eap_peer/eap_fast_pac.c.obj
-- Generating done (6.3s)
[113/1051] Building C object esp-idf/esp_wifi/CMakeFiles/__idf_esp_wifi.dir/src/wifi_default.c.obj
[112/1051] Linking C static library esp-idf/esp_driver_sdm/libesp_driver_sdm.a
[161/1051] Building C object esp-idf/wpa_supplicant/CMakeFiles/__idf_wpa_supplicant.dir/src/eap_peer/eap_fast_pac.c.obj
[77/1051] Building C object esp-idf/esp_driver_mcpwm/CMakeFiles/__idf_esp_driver_mcpwm.dir/src/mcpwm_com.c.obj
[114/1051] Building C object esp-idf/esp_coex/CMakeFiles/__idf_esp_coex.dir/esp32s3/esp_coex_adapter.c.obj
[168/1051] Building C object esp-idf/wpa_supplicant/CMakeFiles/__idf_wpa_supplicant.dir/src/eap_peer/eap_ttls.c.obj
[78/1051] Building C object esp-idf/esp_driver_rmt/CMakeFiles/__idf_esp_driver_rmt.dir/src/rmt_tx.c.obj
[113/1051] Building C object esp-idf/esp_driver_pcnt/CMakeFiles/__idf_esp_driver_pcnt.dir/src/pulse_cnt.c.obj
[63/1051] Building C object esp-idf/esp_driver_sdmmc/CMakeFiles/__idf_esp_driver_sdmmc.dir/legacy/src/sdmmc_host.c.obj
[131/1051] Building C object esp-idf/wpa_supplicant/CMakeFiles/__idf_wpa_supplicant.dir/src/ap/pmksa_cache_auth.c.obj
[162/1051] Building C object esp-idf/wpa_supplicant/CMakeFiles/__idf_wpa_supplicant.dir/src/eap_peer/eap_common.c.obj
[190/1051] Building C object esp-idf/wpa_supplicant/CMakeFiles/__idf_wpa_supplicant.dir/src/wps/wps_attr_build.c.obj
[114/1051] Building C object esp-idf/wpa_supplicant/CMakeFiles/__idf_wpa_supplicant.dir/src/ap/ap_config.c.obj
[132/1049] Building C object esp-idf/wpa_supplicant/CMakeFiles/__idf_wpa_supplicant.dir/src/ap/wpa_auth_ie.c.obj
[115/1051] Building C object esp-idf/esp_wifi/CMakeFiles/__idf_esp_wifi.dir/src/wifi_default.c.obj
[116/1051] Building C object esp-idf/esp_coex/CMakeFiles/__idf_esp_coex.dir/esp32s3/esp_coex_adapter.c.obj
[156/1051] Linking C static library esp-idf/esp_wifi/libesp_wifi.a
[133/1049] Linking C static library esp-idf/esp_driver_sd_intf/libesp_driver_sd_intf.a
[132/1051] Building C object esp-idf/wpa_supplicant/CMakeFiles/__idf_wpa_supplicant.dir/src/crypto/dh_group5.c.obj
[134/1049] Building C object esp-idf/wpa_supplicant/CMakeFiles/__idf_wpa_supplicant.dir/src/crypto/crypto_ops.c.obj
[163/1051] Building C object esp-idf/wpa_supplicant/CMakeFiles/__idf_wpa_supplicant.dir/src/eap_peer/eap_peap_common.c.obj
[169/1051] Building C object esp-idf/wpa_supplicant/CMakeFiles/__idf_wpa_supplicant.dir/src/eap_peer/eap_fast_common.c.obj
[135/1049] Building C object esp-idf/wpa_supplicant/CMakeFiles/__idf_wpa_supplicant.dir/src/utils/bitfield.c.obj
[170/1051] Building C object esp-idf/wpa_supplicant/CMakeFiles/__idf_wpa_supplicant.dir/src/eap_peer/eap_mschapv2.c.obj
[191/1051] Building C object esp-idf/wpa_supplicant/CMakeFiles/__idf_wpa_supplicant.dir/src/wps/wps_enrollee.c.obj
[157/1051] Building C object esp-idf/wpa_supplicant/CMakeFiles/__idf_wpa_supplicant.dir/src/crypto/ms_funcs.c.obj
[79/1051] Linking C static library esp-idf/driver/libdriver.a
[117/1051] Linking C static library esp-idf/esp_driver_tsens/libesp_driver_tsens.a
[136/1049] Building C object esp-idf/wpa_supplicant/CMakeFiles/__idf_wpa_supplicant.dir/src/common/dragonfly.c.obj
[171/1051] Building C object esp-idf/wpa_supplicant/CMakeFiles/__idf_wpa_supplicant.dir/src/utils/ext_password.c.obj
[172/1051] Building C object esp-idf/wpa_supplicant/CMakeFiles/__idf_wpa_supplicant.dir/src/ap/wpa_auth.c.obj
[164/1051] Building C object esp-idf/esp_driver_spi/CMakeFiles/__idf_esp_driver_spi.dir/src/gpspi/spi_master.c.obj
[137/1049] Linking C static library esp-idf/sdmmc/libsdmmc.a
[115/1051] Linking C static library esp-idf/esp_driver_rmt/libesp_driver_rmt.a
[133/1051] Linking C static library esp-idf/esp_driver_mcpwm/libesp_driver_mcpwm.a
[64/1051] Building C object esp-idf/sdmmc/CMakeFiles/__idf_sdmmc.dir/sdmmc_init.c.obj
[173/1051] Building C object esp-idf/wpa_supplicant/CMakeFiles/__idf_wpa_supplicant.dir/src/eap_peer/eap_peap.c.obj
[80/1051] Building C object esp-idf/esp_driver_ledc/CMakeFiles/__idf_esp_driver_ledc.dir/src/ledc.c.obj
[65/1051] Building C object esp-idf/esp_driver_sdspi/CMakeFiles/__idf_esp_driver_sdspi.dir/src/sdspi_host.c.obj
[134/1051] Building C object esp-idf/wpa_supplicant/CMakeFiles/__idf_wpa_supplicant.dir/src/crypto/sha256-kdf.c.obj
[158/1051] Building C object esp-idf/wpa_supplicant/CMakeFiles/__idf_wpa_supplicant.dir/src/eap_common/eap_wsc_common.c.obj
[165/1051] Building C object esp-idf/wpa_supplicant/CMakeFiles/__idf_wpa_supplicant.dir/src/eap_peer/eap_ttls.c.obj
[81/1051] Building C object esp-idf/esp_driver_i2s/CMakeFiles/__idf_esp_driver_i2s.dir/i2s_tdm.c.obj
[159/1051] Building C object esp-idf/wpa_supplicant/CMakeFiles/__idf_wpa_supplicant.dir/src/crypto/sha1-tprf.c.obj
[192/1051] Building C object esp-idf/wpa_supplicant/CMakeFiles/__idf_wpa_supplicant.dir/esp_supplicant/src/esp_wpa_main.c.obj
[138/1049] Building C object esp-idf/esp_driver_spi/CMakeFiles/__idf_esp_driver_spi.dir/src/gpspi/spi_master.c.obj
[174/1051] Building C object esp-idf/wpa_supplicant/CMakeFiles/__idf_wpa_supplicant.dir/src/eap_peer/eap_fast.c.obj
[82/1051] Building C object esp-idf/esp_gdbstub/CMakeFiles/__idf_esp_gdbstub.dir/src/packet.c.obj
[166/1051] Building C object esp-idf/wpa_supplicant/CMakeFiles/__idf_wpa_supplicant.dir/src/eap_peer/eap_tls_common.c.obj
[160/1051] Building C object esp-idf/wpa_supplicant/CMakeFiles/__idf_wpa_supplicant.dir/src/eap_peer/eap_common.c.obj
[193/1051] Building C object esp-idf/wpa_supplicant/CMakeFiles/__idf_wpa_supplicant.dir/src/wps/wps_common.c.obj
[175/1051] Building C object esp-idf/wpa_supplicant/CMakeFiles/__idf_wpa_supplicant.dir/src/eap_peer/eap_tls_common.c.obj
[83/1051] Linking C static library esp-idf/esp_driver_twai/libesp_driver_twai.a
[66/1051] Building C object esp-idf/sdmmc/CMakeFiles/__idf_sdmmc.dir/sdmmc_sd.c.obj
[194/1051] Building C object esp-idf/wpa_supplicant/CMakeFiles/__idf_wpa_supplicant.dir/esp_supplicant/src/esp_wpas_glue.c.obj
[118/1051] Building C object esp-idf/wpa_supplicant/CMakeFiles/__idf_wpa_supplicant.dir/src/utils/bitfield.c.obj
[139/1049] Building C object esp-idf/wpa_supplicant/CMakeFiles/__idf_wpa_supplicant.dir/src/crypto/aes-gcm.c.obj
[135/1051] Linking C static library esp-idf/esp_driver_pcnt/libesp_driver_pcnt.a
[119/1051] Building C object esp-idf/wpa_supplicant/CMakeFiles/__idf_wpa_supplicant.dir/src/common/dragonfly.c.obj
[161/1051] Building C object esp-idf/wpa_supplicant/CMakeFiles/__idf_wpa_supplicant.dir/src/eap_peer/chap.c.obj
[116/1051] Linking C static library esp-idf/esp_driver_sdspi/libesp_driver_sdspi.a
[195/1051] Building C object esp-idf/wpa_supplicant/CMakeFiles/__idf_wpa_supplicant.dir/esp_supplicant/src/esp_owe.c.obj
[176/1051] Building C object esp-idf/wpa_supplicant/CMakeFiles/__idf_wpa_supplicant.dir/src/eap_peer/eap.c.obj
[162/1051] Building C object esp-idf/wpa_supplicant/CMakeFiles/__idf_wpa_supplicant.dir/src/eap_peer/eap_fast_common.c.obj
[167/1051] Building C object esp-idf/wpa_supplicant/CMakeFiles/__idf_wpa_supplicant.dir/src/common/ieee802_11_common.c.obj
[117/1051] Building C object esp-idf/wpa_supplicant/CMakeFiles/__idf_wpa_supplicant.dir/src/ap/ieee802_11.c.obj
[136/1051] Building C object esp-idf/wpa_supplicant/CMakeFiles/__idf_wpa_supplicant.dir/src/crypto/crypto_ops.c.obj
[140/1049] Building C object esp-idf/wpa_supplicant/CMakeFiles/__idf_wpa_supplicant.dir/src/crypto/sha256-kdf.c.obj
[120/1051] Linking C static library esp-idf/esp_driver_rmt/libesp_driver_rmt.a
[137/1051] Building C object esp-idf/wpa_supplicant/CMakeFiles/__idf_wpa_supplicant.dir/src/ap/sta_info.c.obj
[138/1051] Building C object esp-idf/wpa_supplicant/CMakeFiles/__idf_wpa_supplicant.dir/src/crypto/dh_groups.c.obj
[141/1049] Linking C static library esp-idf/esp_driver_i2s/libesp_driver_i2s.a
[163/1051] Building C object esp-idf/wpa_supplicant/CMakeFiles/__idf_wpa_supplicant.dir/src/eap_peer/eap_peap_common.c.obj
[118/1051] Building C object esp-idf/wpa_supplicant/CMakeFiles/__idf_wpa_supplicant.dir/src/ap/comeback_token.c.obj
[196/1051] Building C object esp-idf/wpa_supplicant/CMakeFiles/__idf_wpa_supplicant.dir/esp_supplicant/src/crypto/crypto_mbedtls-bignum.c.obj
[84/1051] Building ASM object esp-idf/esp_gdbstub/CMakeFiles/__idf_esp_gdbstub.dir/src/port/xtensa/gdbstub-entry.S.obj
[168/1051] Linking C static library esp-idf/esp_driver_spi/libesp_driver_spi.a
[139/1051] Building C object esp-idf/wpa_supplicant/CMakeFiles/__idf_wpa_supplicant.dir/src/utils/bitfield.c.obj
[119/1051] Building C object esp-idf/wpa_supplicant/CMakeFiles/__idf_wpa_supplicant.dir/port/os_xtensa.c.obj
[177/1051] Building C object esp-idf/wpa_supplicant/CMakeFiles/__idf_wpa_supplicant.dir/src/utils/base64.c.obj
[142/1049] Building C object esp-idf/wpa_supplicant/CMakeFiles/__idf_wpa_supplicant.dir/src/crypto/dh_group5.c.obj
[178/1051] Building C object esp-idf/wpa_supplicant/CMakeFiles/__idf_wpa_supplicant.dir/src/utils/uuid.c.obj
[85/1051] Building ASM object esp-idf/esp_gdbstub/CMakeFiles/__idf_esp_gdbstub.dir/src/port/xtensa/xt_debugexception.S.obj
[121/1051] Linking C static library esp-idf/esp_driver_sdspi/libesp_driver_sdspi.a
[120/1051] Building C object esp-idf/wpa_supplicant/CMakeFiles/__idf_wpa_supplicant.dir/src/ap/sta_info.c.obj
[143/1049] Building C object esp-idf/wpa_supplicant/CMakeFiles/__idf_wpa_supplicant.dir/src/common/wpa_common.c.obj
[140/1051] Building C object esp-idf/wpa_supplicant/CMakeFiles/__idf_wpa_supplicant.dir/src/common/dragonfly.c.obj
[144/1049] Linking C static library esp-idf/esp_driver_mcpwm/libesp_driver_mcpwm.a
[86/1051] Linking C static library esp-idf/esp_driver_ledc/libesp_driver_ledc.a
[197/1051] Building C object esp-idf/wpa_supplicant/CMakeFiles/__idf_wpa_supplicant.dir/esp_supplicant/src/esp_common.c.obj
[141/1051] Building C object esp-idf/wpa_supplicant/CMakeFiles/__idf_wpa_supplicant.dir/src/ap/wpa_auth_ie.c.obj
[142/1051] Building C object esp-idf/esp_driver_spi/CMakeFiles/__idf_esp_driver_spi.dir/src/gpspi/spi_master.c.obj
[121/1051] Linking C static library esp-idf/esp_driver_sdmmc/libesp_driver_sdmmc.a
[169/1051] Building C object esp-idf/wpa_supplicant/CMakeFiles/__idf_wpa_supplicant.dir/src/eap_peer/eap_tls.c.obj
[143/1051] Linking C static library esp-idf/esp_gdbstub/libesp_gdbstub.a
[87/1051] Building C object esp-idf/esp_driver_mcpwm/CMakeFiles/__idf_esp_driver_mcpwm.dir/src/mcpwm_cmpr.c.obj
[179/1051] Building C object esp-idf/wpa_supplicant/CMakeFiles/__idf_wpa_supplicant.dir/src/wps/wps_attr_parse.c.obj
[88/1051] Building C object esp-idf/esp_driver_mcpwm/CMakeFiles/__idf_esp_driver_mcpwm.dir/src/mcpwm_fault.c.obj
[144/1051] Building C object esp-idf/wpa_supplicant/CMakeFiles/__idf_wpa_supplicant.dir/src/crypto/sha1-prf.c.obj
[122/1051] Building C object esp-idf/esp_wifi/CMakeFiles/__idf_esp_wifi.dir/src/smartconfig_ack.c.obj
[164/1051] Building C object esp-idf/wpa_supplicant/CMakeFiles/__idf_wpa_supplicant.dir/src/crypto/md4-internal.c.obj
-- Build files have been written to: /home/tikhon/Документы/magnolia/applets/go/uname/build
[170/1051] Building C object esp-idf/wpa_supplicant/CMakeFiles/__idf_wpa_supplicant.dir/src/eap_peer/eap_fast_common.c.obj
[122/1051] Building C object esp-idf/wpa_supplicant/CMakeFiles/__idf_wpa_supplicant.dir/port/os_xtensa.c.obj
[145/1049] Building C object esp-idf/wpa_supplicant/CMakeFiles/__idf_wpa_supplicant.dir/src/common/ieee802_11_common.c.obj
[123/1051] Linking C static library esp-idf/esp_driver_sd_intf/libesp_driver_sd_intf.a
[67/1051] Building C object esp-idf/esp_driver_i2s/CMakeFiles/__idf_esp_driver_i2s.dir/i2s_std.c.obj
[123/1051] Building C object esp-idf/esp_wifi/CMakeFiles/__idf_esp_wifi.dir/esp32s3/esp_adapter.c.obj
[146/1049] Building C object esp-idf/wpa_supplicant/CMakeFiles/__idf_wpa_supplicant.dir/src/eap_peer/eap_common.c.obj
[171/1051] Building C object esp-idf/wpa_supplicant/CMakeFiles/__idf_wpa_supplicant.dir/src/eap_peer/eap_mschapv2.c.obj
[147/1049] Building C object esp-idf/wpa_supplicant/CMakeFiles/__idf_wpa_supplicant.dir/src/crypto/dh_groups.c.obj
[180/1051] Building C object esp-idf/wpa_supplicant/CMakeFiles/__idf_wpa_supplicant.dir/src/rsn_supp/pmksa_cache.c.obj
[148/1049] Linking C static library esp-idf/esp_driver_pcnt/libesp_driver_pcnt.a
[124/1051] Building C object esp-idf/esp_driver_spi/CMakeFiles/__idf_esp_driver_spi.dir/src/gpspi/spi_common.c.obj
[145/1051] Building C object esp-idf/wpa_supplicant/CMakeFiles/__idf_wpa_supplicant.dir/src/crypto/aes-siv.c.obj
[198/1051] Building C object esp-idf/wpa_supplicant/CMakeFiles/__idf_wpa_supplicant.dir/esp_supplicant/src/crypto/fastpsk.c.obj
[125/1051] Building C object esp-idf/esp_driver_spi/CMakeFiles/__idf_esp_driver_spi.dir/src/gpspi/spi_slave_hd.c.obj
[124/1051] Building C object esp-idf/wpa_supplicant/CMakeFiles/__idf_wpa_supplicant.dir/src/ap/pmksa_cache_auth.c.obj
[89/1051] Building C object esp-idf/esp_gdbstub/CMakeFiles/__idf_esp_gdbstub.dir/src/gdbstub_transport.c.obj
[68/1051] Building C object esp-idf/sdmmc/CMakeFiles/__idf_sdmmc.dir/sdmmc_mmc.c.obj
[172/1051] Linking C static library esp-idf/esp_wifi/libesp_wifi.a
[69/1051] Building C object esp-idf/esp_driver_sdmmc/CMakeFiles/__idf_esp_driver_sdmmc.dir/src/sd_trans_sdmmc.c.obj
[126/1051] Building C object esp-idf/wpa_supplicant/CMakeFiles/__idf_wpa_supplicant.dir/src/ap/ieee802_1x.c.obj
[181/1051] Building C object esp-idf/wpa_supplicant/CMakeFiles/__idf_wpa_supplicant.dir/src/common/sae_pk.c.obj
[173/1051] Building C object esp-idf/wpa_supplicant/CMakeFiles/__idf_wpa_supplicant.dir/src/wps/wps.c.obj
[70/1051] Building C object esp-idf/sdmmc/CMakeFiles/__idf_sdmmc.dir/sdmmc_cmd.c.obj
[125/1051] Building C object esp-idf/esp_wifi/CMakeFiles/__idf_esp_wifi.dir/esp32s3/esp_adapter.c.obj
[127/1051] Linking C static library esp-idf/esp_driver_sdmmc/libesp_driver_sdmmc.a
[90/1051] Linking C static library esp-idf/esp_driver_i2c/libesp_driver_i2c.a
[174/1051] Building C object esp-idf/wpa_supplicant/CMakeFiles/__idf_wpa_supplicant.dir/src/utils/ext_password.c.obj
[149/1049] Building C object esp-idf/wpa_supplicant/CMakeFiles/__idf_wpa_supplicant.dir/src/crypto/sha1-tlsprf.c.obj
[126/1051] Building C object esp-idf/esp_driver_spi/CMakeFiles/__idf_esp_driver_spi.dir/src/gpspi/spi_slave.c.obj
[150/1049] Building C object esp-idf/wpa_supplicant/CMakeFiles/__idf_wpa_supplicant.dir/src/crypto/sha256-tlsprf.c.obj
[127/1051] Building C object esp-idf/esp_driver_spi/CMakeFiles/__idf_esp_driver_spi.dir/src/gpspi/spi_slave_hd.c.obj
[175/1051] Building C object esp-idf/wpa_supplicant/CMakeFiles/__idf_wpa_supplicant.dir/src/utils/wpa_debug.c.obj
[71/1051] Building C object esp-idf/esp_driver_mcpwm/CMakeFiles/__idf_esp_driver_mcpwm.dir/src/mcpwm_com.c.obj
[91/1051] Building C object esp-idf/esp_gdbstub/CMakeFiles/__idf_esp_gdbstub.dir/src/port/xtensa/gdbstub_xtensa.c.obj
[151/1049] Building C object esp-idf/wpa_supplicant/CMakeFiles/__idf_wpa_supplicant.dir/src/crypto/sha384-tlsprf.c.obj
[165/1051] Building C object esp-idf/wpa_supplicant/CMakeFiles/__idf_wpa_supplicant.dir/src/ap/wpa_auth.c.obj
[146/1051] Linking C static library esp-idf/esp_driver_spi/libesp_driver_spi.a
[128/1051] Building C object esp-idf/wpa_supplicant/CMakeFiles/__idf_wpa_supplicant.dir/src/crypto/crypto_ops.c.obj
[128/1051] Linking C static library esp-idf/sdmmc/libsdmmc.a
[152/1049] Linking C static library esp-idf/esp_gdbstub/libesp_gdbstub.a
[129/1051] Building C object esp-idf/wpa_supplicant/CMakeFiles/__idf_wpa_supplicant.dir/port/eloop.c.obj
[166/1051] Building C object esp-idf/wpa_supplicant/CMakeFiles/__idf_wpa_supplicant.dir/src/utils/ext_password.c.obj
[72/1051] Building C object esp-idf/esp_driver_rmt/CMakeFiles/__idf_esp_driver_rmt.dir/src/rmt_rx.c.obj
[182/1051] Building C object esp-idf/wpa_supplicant/CMakeFiles/__idf_wpa_supplicant.dir/esp_supplicant/src/esp_wpas_glue.c.obj
[183/1051] Building C object esp-idf/wpa_supplicant/CMakeFiles/__idf_wpa_supplicant.dir/src/utils/wpa_debug.c.obj
[147/1051] Building C object esp-idf/wpa_supplicant/CMakeFiles/__idf_wpa_supplicant.dir/src/ap/wpa_auth.c.obj
[199/1051] Linking C static library esp-idf/esp_coex/libesp_coex.a
[153/1049] Building C object esp-idf/wpa_supplicant/CMakeFiles/__idf_wpa_supplicant.dir/src/crypto/sha1-tprf.c.obj
[148/1051] Building C object esp-idf/wpa_supplicant/CMakeFiles/__idf_wpa_supplicant.dir/src/crypto/ccmp.c.obj
[176/1051] Building C object esp-idf/wpa_supplicant/CMakeFiles/__idf_wpa_supplicant.dir/src/eap_peer/eap.c.obj
[184/1051] Building C object esp-idf/wpa_supplicant/CMakeFiles/__idf_wpa_supplicant.dir/src/utils/wpabuf.c.obj
[130/1051] Building C object esp-idf/wpa_supplicant/CMakeFiles/__idf_wpa_supplicant.dir/src/ap/ieee802_1x.c.obj
[154/1049] Building C object esp-idf/wpa_supplicant/CMakeFiles/__idf_wpa_supplicant.dir/src/crypto/sha256-prf.c.obj
[129/1051] Linking C static library esp-idf/esp_driver_sd_intf/libesp_driver_sd_intf.a
[131/1051] Building C object esp-idf/wpa_supplicant/CMakeFiles/__idf_wpa_supplicant.dir/src/ap/ap_config.c.obj
[177/1051] Building C object esp-idf/wpa_supplicant/CMakeFiles/__idf_wpa_supplicant.dir/src/utils/base64.c.obj
[92/1051] Building C object esp-idf/esp_driver_mcpwm/CMakeFiles/__idf_esp_driver_mcpwm.dir/src/mcpwm_cap.c.obj
[149/1051] Building C object esp-idf/wpa_supplicant/CMakeFiles/__idf_wpa_supplicant.dir/src/crypto/sha1-tlsprf.c.obj
[185/1051] Building C object esp-idf/wpa_supplicant/CMakeFiles/__idf_wpa_supplicant.dir/src/utils/common.c.obj
[93/1051] Linking C static library esp-idf/esp_driver_sdm/libesp_driver_sdm.a
[167/1051] Building C object esp-idf/wpa_supplicant/CMakeFiles/__idf_wpa_supplicant.dir/src/eap_peer/eap_tls_common.c.obj
[73/1051] Building C object esp-idf/esp_driver_i2s/CMakeFiles/__idf_esp_driver_i2s.dir/i2s_platform.c.obj
[178/1051] Building C object esp-idf/wpa_supplicant/CMakeFiles/__idf_wpa_supplicant.dir/src/utils/common.c.obj
[200/1051] Building C object esp-idf/wpa_supplicant/CMakeFiles/__idf_wpa_supplicant.dir/esp_supplicant/src/esp_hostap.c.obj
[150/1051] Building C object esp-idf/wpa_supplicant/CMakeFiles/__idf_wpa_supplicant.dir/src/crypto/aes-gcm.c.obj
[74/1051] Building C object esp-idf/sdmmc/CMakeFiles/__idf_sdmmc.dir/sdmmc_io.c.obj
[94/1051] Building C object esp-idf/esp_wifi/CMakeFiles/__idf_esp_wifi.dir/src/lib_printf.c.obj
[168/1051] Building C object esp-idf/wpa_supplicant/CMakeFiles/__idf_wpa_supplicant.dir/src/eap_peer/mschapv2.c.obj
[186/1051] Building C object esp-idf/wpa_supplicant/CMakeFiles/__idf_wpa_supplicant.dir/esp_supplicant/src/esp_wpa2_api_port.c.obj
[132/1051] Linking C static library esp-idf/esp_driver_i2s/libesp_driver_i2s.a
[130/1051] Building C object esp-idf/wpa_supplicant/CMakeFiles/__idf_wpa_supplicant.dir/src/ap/comeback_token.c.obj
[169/1051] Building C object esp-idf/wpa_supplicant/CMakeFiles/__idf_wpa_supplicant.dir/src/utils/wpabuf.c.obj
[187/1051] Building C object esp-idf/wpa_supplicant/CMakeFiles/__idf_wpa_supplicant.dir/src/common/sae.c.obj
[170/1051] Building C object esp-idf/wpa_supplicant/CMakeFiles/__idf_wpa_supplicant.dir/src/eap_peer/eap_tls.c.obj
[151/1051] Building C object esp-idf/wpa_supplicant/CMakeFiles/__idf_wpa_supplicant.dir/src/ap/ieee802_11.c.obj
[95/1051] Building C object esp-idf/esp_wifi/CMakeFiles/__idf_esp_wifi.dir/src/wifi_init.c.obj
[179/1051] Building C object esp-idf/wpa_supplicant/CMakeFiles/__idf_wpa_supplicant.dir/src/rsn_supp/wpa_ie.c.obj
[201/1051] Building C object esp-idf/wpa_supplicant/CMakeFiles/__idf_wpa_supplicant.dir/src/crypto/rc4.c.obj
[152/1051] Linking C static library esp-idf/esp_wifi/libesp_wifi.a
[131/1051] Linking C static library esp-idf/sdmmc/libsdmmc.a
[155/1049] Building C object esp-idf/wpa_supplicant/CMakeFiles/__idf_wpa_supplicant.dir/src/crypto/sha1-prf.c.obj
[180/1051] Building C object esp-idf/wpa_supplicant/CMakeFiles/__idf_wpa_supplicant.dir/src/rsn_supp/pmksa_cache.c.obj
[156/1049] Linking C static library esp-idf/esp_driver_spi/libesp_driver_spi.a
[96/1051] Building C object esp-idf/esp_gdbstub/CMakeFiles/__idf_esp_gdbstub.dir/src/gdbstub.c.obj
[202/1051] Building C object esp-idf/wpa_supplicant/CMakeFiles/__idf_wpa_supplicant.dir/esp_supplicant/src/crypto/crypto_mbedtls.c.obj
[188/1051] Building C object esp-idf/wpa_supplicant/CMakeFiles/__idf_wpa_supplicant.dir/src/rsn_supp/wpa.c.obj
[157/1049] Building C object esp-idf/wpa_supplicant/CMakeFiles/__idf_wpa_supplicant.dir/src/crypto/ms_funcs.c.obj
[97/1051] Building C object esp-idf/esp_driver_i2s/CMakeFiles/__idf_esp_driver_i2s.dir/i2s_pdm.c.obj
[158/1049] Building C object esp-idf/wpa_supplicant/CMakeFiles/__idf_wpa_supplicant.dir/src/crypto/sha384-prf.c.obj
[98/1051] Building C object esp-idf/esp_wifi/CMakeFiles/__idf_esp_wifi.dir/src/mesh_event.c.obj
[171/1051] Building C object esp-idf/wpa_supplicant/CMakeFiles/__idf_wpa_supplicant.dir/src/rsn_supp/wpa_ie.c.obj
[159/1049] Building C object esp-idf/wpa_supplicant/CMakeFiles/__idf_wpa_supplicant.dir/src/eap_peer/eap_peap_common.c.obj
[153/1051] Building C object esp-idf/wpa_supplicant/CMakeFiles/__idf_wpa_supplicant.dir/src/crypto/sha256-prf.c.obj
[99/1051] Building C object esp-idf/esp_driver_sdmmc/CMakeFiles/__idf_esp_driver_sdmmc.dir/src/sd_host_sdmmc.c.obj
[203/1051] Building C object esp-idf/wpa_supplicant/CMakeFiles/__idf_wpa_supplicant.dir/esp_supplicant/src/esp_wpa3.c.obj
[132/1051] Building C object esp-idf/wpa_supplicant/CMakeFiles/__idf_wpa_supplicant.dir/src/ap/sta_info.c.obj
[75/1051] Building C object esp-idf/http_parser/CMakeFiles/__idf_http_parser.dir/http_parser.c.obj
[154/1051] Building C object esp-idf/wpa_supplicant/CMakeFiles/__idf_wpa_supplicant.dir/src/crypto/sha256-tlsprf.c.obj
[100/1051] Linking C static library esp-idf/esp_driver_tsens/libesp_driver_tsens.a
[155/1051] Building C object esp-idf/wpa_supplicant/CMakeFiles/__idf_wpa_supplicant.dir/src/crypto/sha1-tprf.c.obj
[204/1051] Building C object esp-idf/wpa_supplicant/CMakeFiles/__idf_wpa_supplicant.dir/src/crypto/aes-wrap.c.obj
[133/1051] Building C object esp-idf/wpa_supplicant/CMakeFiles/__idf_wpa_supplicant.dir/src/common/dragonfly.c.obj
[133/1051] Building C object esp-idf/wpa_supplicant/CMakeFiles/__idf_wpa_supplicant.dir/src/crypto/sha256-kdf.c.obj
[101/1051] Building C object esp-idf/esp_driver_mcpwm/CMakeFiles/__idf_esp_driver_mcpwm.dir/src/mcpwm_timer.c.obj
[172/1051] Building C object esp-idf/wpa_supplicant/CMakeFiles/__idf_wpa_supplicant.dir/src/utils/base64.c.obj
[156/1051] Building C object esp-idf/wpa_supplicant/CMakeFiles/__idf_wpa_supplicant.dir/src/crypto/sha384-prf.c.obj
[134/1051] Building C object esp-idf/wpa_supplicant/CMakeFiles/__idf_wpa_supplicant.dir/src/ap/wpa_auth_ie.c.obj
[181/1051] Building C object esp-idf/wpa_supplicant/CMakeFiles/__idf_wpa_supplicant.dir/src/utils/uuid.c.obj
[102/1051] Building C object esp-idf/esp_driver_spi/CMakeFiles/__idf_esp_driver_spi.dir/src/gpspi/spi_slave_hd.c.obj
[76/1051] Building C object esp-idf/esp_driver_ledc/CMakeFiles/__idf_esp_driver_ledc.dir/src/ledc.c.obj
[135/1051] Building C object esp-idf/wpa_supplicant/CMakeFiles/__idf_wpa_supplicant.dir/src/crypto/sha256-kdf.c.obj
[103/1051] Building C object esp-idf/esp_driver_spi/CMakeFiles/__idf_esp_driver_spi.dir/src/gpspi/spi_common.c.obj
[157/1051] Building C object esp-idf/wpa_supplicant/CMakeFiles/__idf_wpa_supplicant.dir/src/crypto/ms_funcs.c.obj
[182/1051] Generating goargs_tinygo.o
[136/1051] Building C object esp-idf/wpa_supplicant/CMakeFiles/__idf_wpa_supplicant.dir/src/utils/bitfield.c.obj
[104/1051] Building C object esp-idf/esp_wifi/CMakeFiles/__idf_esp_wifi.dir/src/wifi_default.c.obj
[160/1049] Building C object esp-idf/wpa_supplicant/CMakeFiles/__idf_wpa_supplicant.dir/src/ap/wpa_auth.c.obj
[183/1051] Building C object esp-idf/wpa_supplicant/CMakeFiles/__idf_wpa_supplicant.dir/src/eap_peer/eap_fast.c.obj
[173/1051] Building C object esp-idf/wpa_supplicant/CMakeFiles/__idf_wpa_supplicant.dir/src/eap_peer/eap_mschapv2.c.obj
[134/1051] Linking C static library esp-idf/esp_driver_i2s/libesp_driver_i2s.a
[161/1049] Linking C static library esp-idf/esp_wifi/libesp_wifi.a
[189/1051] Building C object esp-idf/wpa_supplicant/CMakeFiles/__idf_wpa_supplicant.dir/src/wps/wps.c.obj
[184/1051] Building C object esp-idf/wpa_supplicant/CMakeFiles/__idf_wpa_supplicant.dir/src/common/sae_pk.c.obj
[137/1051] Linking C static library esp-idf/esp_driver_mcpwm/libesp_driver_mcpwm.a
[135/1051] Building C object esp-idf/wpa_supplicant/CMakeFiles/__idf_wpa_supplicant.dir/src/crypto/dh_group5.c.obj
[162/1049] Building C object esp-idf/wpa_supplicant/CMakeFiles/__idf_wpa_supplicant.dir/src/eap_common/eap_wsc_common.c.obj
[158/1051] Building C object esp-idf/wpa_supplicant/CMakeFiles/__idf_wpa_supplicant.dir/src/crypto/sha384-tlsprf.c.obj
[163/1049] Building C object esp-idf/wpa_supplicant/CMakeFiles/__idf_wpa_supplicant.dir/src/eap_peer/chap.c.obj
[185/1051] Building C object esp-idf/wpa_supplicant/CMakeFiles/__idf_wpa_supplicant.dir/src/utils/wpabuf.c.obj
[159/1051] Building C object esp-idf/wpa_supplicant/CMakeFiles/__idf_wpa_supplicant.dir/src/eap_common/eap_wsc_common.c.obj
[205/1051] Building C object esp-idf/wpa_supplicant/CMakeFiles/__idf_wpa_supplicant.dir/src/rsn_supp/wpa.c.obj
[77/1051] Linking C static library esp-idf/http_parser/libhttp_parser.a
[136/1051] Building C object esp-idf/wpa_supplicant/CMakeFiles/__idf_wpa_supplicant.dir/src/ap/ieee802_11.c.obj
[78/1051] Building C object esp-idf/esp_driver_mcpwm/CMakeFiles/__idf_esp_driver_mcpwm.dir/src/mcpwm_cmpr.c.obj
[137/1051] Building C object esp-idf/wpa_supplicant/CMakeFiles/__idf_wpa_supplicant.dir/src/crypto/aes-siv.c.obj
[164/1049] Building C object esp-idf/wpa_supplicant/CMakeFiles/__idf_wpa_supplicant.dir/src/crypto/md4-internal.c.obj
[138/1051] Linking C static library esp-idf/esp_driver_pcnt/libesp_driver_pcnt.a
[138/1051] Building C object esp-idf/wpa_supplicant/CMakeFiles/__idf_wpa_supplicant.dir/src/ap/pmksa_cache_auth.c.obj
[79/1051] Building C object esp-idf/esp_gdbstub/CMakeFiles/__idf_esp_gdbstub.dir/src/gdbstub_transport.c.obj
[186/1051] Building C object esp-idf/wpa_supplicant/CMakeFiles/__idf_wpa_supplicant.dir/esp_supplicant/src/esp_wpa2_api_port.c.obj
[206/1051] Building C object esp-idf/esp_netif/CMakeFiles/__idf_esp_netif.dir/esp_netif_defaults.c.obj
[105/1051] Building C object esp-idf/esp_coex/CMakeFiles/__idf_esp_coex.dir/src/coexist_debug_diagram.c.obj
[174/1051] Building C object esp-idf/wpa_supplicant/CMakeFiles/__idf_wpa_supplicant.dir/src/eap_peer/eap.c.obj
[139/1051] Building C object esp-idf/wpa_supplicant/CMakeFiles/__idf_wpa_supplicant.dir/src/crypto/sha256-prf.c.obj
[80/1051] Building C object esp-idf/esp_driver_mcpwm/CMakeFiles/__idf_esp_driver_mcpwm.dir/src/mcpwm_oper.c.obj
[106/1051] Building C object esp-idf/esp_driver_mcpwm/CMakeFiles/__idf_esp_driver_mcpwm.dir/src/mcpwm_oper.c.obj
[207/1051] Building C object esp-idf/wpa_supplicant/CMakeFiles/__idf_wpa_supplicant.dir/src/eap_peer/eap_fast.c.obj
[107/1051] Linking C static library esp-idf/esp_driver_rmt/libesp_driver_rmt.a
[208/1051] Building C object esp-idf/esp_netif/CMakeFiles/__idf_esp_netif.dir/esp_netif_handlers.c.obj
[160/1051] Building C object esp-idf/wpa_supplicant/CMakeFiles/__idf_wpa_supplicant.dir/src/eap_peer/chap.c.obj
[209/1051] Building C object esp-idf/wpa_supplicant/CMakeFiles/__idf_wpa_supplicant.dir/src/crypto/aes-unwrap.c.obj
[210/1051] Building C object esp-idf/wpa_supplicant/CMakeFiles/__idf_wpa_supplicant.dir/src/crypto/des-internal.c.obj
[139/1051] Linking C static library esp-idf/esp_driver_mcpwm/libesp_driver_mcpwm.a
[140/1051] Building C object esp-idf/wpa_supplicant/CMakeFiles/__idf_wpa_supplicant.dir/src/crypto/sha256-prf.c.obj
[141/1051] Building C object esp-idf/wpa_supplicant/CMakeFiles/__idf_wpa_supplicant.dir/src/crypto/sha1-prf.c.obj
[165/1049] Building C object esp-idf/wpa_supplicant/CMakeFiles/__idf_wpa_supplicant.dir/src/utils/ext_password.c.obj
[190/1051] Building C object esp-idf/wpa_supplicant/CMakeFiles/__idf_wpa_supplicant.dir/esp_supplicant/src/crypto/tls_mbedtls.c.obj
[108/1051] Building C object esp-idf/esp_driver_pcnt/CMakeFiles/__idf_esp_driver_pcnt.dir/src/pulse_cnt.c.obj
[81/1051] Building ASM object esp-idf/esp_gdbstub/CMakeFiles/__idf_esp_gdbstub.dir/src/port/xtensa/gdbstub-entry.S.obj
[211/1051] Building C object esp-idf/esp_netif/CMakeFiles/__idf_esp_netif.dir/esp_netif_objects.c.obj
[175/1051] Building C object esp-idf/wpa_supplicant/CMakeFiles/__idf_wpa_supplicant.dir/src/utils/wpa_debug.c.obj
[191/1051] Building C object esp-idf/wpa_supplicant/CMakeFiles/__idf_wpa_supplicant.dir/src/wps/wps_attr_process.c.obj
[109/1051] Building C object esp-idf/esp_wifi/CMakeFiles/__idf_esp_wifi.dir/src/smartconfig.c.obj
[142/1051] Building C object esp-idf/wpa_supplicant/CMakeFiles/__idf_wpa_supplicant.dir/src/crypto/ccmp.c.obj
[110/1051] Linking C static library esp-idf/esp_driver_sdspi/libesp_driver_sdspi.a
[140/1051] Linking C static library esp-idf/esp_gdbstub/libesp_gdbstub.a
[161/1051] Building C object esp-idf/wpa_supplicant/CMakeFiles/__idf_wpa_supplicant.dir/src/crypto/md4-internal.c.obj
[111/1051] Building C object esp-idf/esp_wifi/CMakeFiles/__idf_esp_wifi.dir/src/wifi_default_ap.c.obj
[82/1051] Building ASM object esp-idf/esp_gdbstub/CMakeFiles/__idf_esp_gdbstub.dir/src/port/xtensa/xt_debugexception.S.obj
[166/1049] Building C object esp-idf/wpa_supplicant/CMakeFiles/__idf_wpa_supplicant.dir/src/eap_peer/eap_tls.c.obj
[212/1051] Building C object esp-idf/wpa_supplicant/CMakeFiles/__idf_wpa_supplicant.dir/esp_supplicant/src/crypto/fastpbkdf2.c.obj
[192/1051] Building C object esp-idf/wpa_supplicant/CMakeFiles/__idf_wpa_supplicant.dir/src/utils/json.c.obj
[213/1051] Building C object esp-idf/wpa_supplicant/CMakeFiles/__idf_wpa_supplicant.dir/esp_supplicant/src/crypto/crypto_mbedtls-rsa.c.obj
[112/1051] Building C object esp-idf/esp_driver_i2s/CMakeFiles/__idf_esp_driver_i2s.dir/i2s_common.c.obj
[83/1051] Building C object esp-idf/esp_driver_i2s/CMakeFiles/__idf_esp_driver_i2s.dir/i2s_tdm.c.obj
[162/1051] Building C object esp-idf/wpa_supplicant/CMakeFiles/__idf_wpa_supplicant.dir/src/eap_peer/eap_tls_common.c.obj
[113/1051] Building C object esp-idf/esp_coex/CMakeFiles/__idf_esp_coex.dir/src/coexist_debug.c.obj
[214/1051] Building C object esp-idf/esp_netif/CMakeFiles/__idf_esp_netif.dir/lwip/esp_netif_lwip_defaults.c.obj
[143/1051] Linking C static library esp-idf/esp_driver_pcnt/libesp_driver_pcnt.a
[144/1051] Building C object esp-idf/wpa_supplicant/CMakeFiles/__idf_wpa_supplicant.dir/src/ap/wpa_auth_ie.c.obj
[114/1051] Linking C static library esp-idf/esp_driver_sdmmc/libesp_driver_sdmmc.a
[141/1051] Building C object esp-idf/wpa_supplicant/CMakeFiles/__idf_wpa_supplicant.dir/src/crypto/crypto_ops.c.obj
[84/1051] Building C object esp-idf/esp_driver_i2s/CMakeFiles/__idf_esp_driver_i2s.dir/i2s_common.c.obj
[142/1051] Building C object esp-idf/wpa_supplicant/CMakeFiles/__idf_wpa_supplicant.dir/src/crypto/sha1-prf.c.obj
[193/1051] Building C object esp-idf/wpa_supplicant/CMakeFiles/__idf_wpa_supplicant.dir/esp_supplicant/src/crypto/crypto_mbedtls-rsa.c.obj
[145/1051] Building C object esp-idf/wpa_supplicant/CMakeFiles/__idf_wpa_supplicant.dir/src/crypto/dh_groups.c.obj
[146/1051] Building C object esp-idf/wpa_supplicant/CMakeFiles/__idf_wpa_supplicant.dir/src/crypto/ms_funcs.c.obj
[143/1051] Building C object esp-idf/wpa_supplicant/CMakeFiles/__idf_wpa_supplicant.dir/src/crypto/aes-siv.c.obj
[163/1051] Building C object esp-idf/wpa_supplicant/CMakeFiles/__idf_wpa_supplicant.dir/src/eap_peer/eap_peap_common.c.obj
[115/1051] Building C object esp-idf/esp_wifi/CMakeFiles/__idf_esp_wifi.dir/src/wifi_netif.c.obj
[167/1049] Building C object esp-idf/wpa_supplicant/CMakeFiles/__idf_wpa_supplicant.dir/src/utils/wpabuf.c.obj
[116/1051] Building C object esp-idf/esp_driver_mcpwm/CMakeFiles/__idf_esp_driver_mcpwm.dir/src/mcpwm_gen.c.obj
[144/1051] Building C object esp-idf/wpa_supplicant/CMakeFiles/__idf_wpa_supplicant.dir/src/crypto/dh_groups.c.obj
[215/1051] Building C object esp-idf/wpa_supplicant/CMakeFiles/__idf_wpa_supplicant.dir/src/crypto/aes-ccm.c.obj
[85/1051] Building C object esp-idf/esp_gdbstub/CMakeFiles/__idf_esp_gdbstub.dir/src/packet.c.obj
[176/1051] Building C object esp-idf/wpa_supplicant/CMakeFiles/__idf_wpa_supplicant.dir/src/rsn_supp/pmksa_cache.c.obj
[168/1049] Building C object esp-idf/wpa_supplicant/CMakeFiles/__idf_wpa_supplicant.dir/src/eap_peer/mschapv2.c.obj
[216/1051] Building C object esp-idf/wpa_supplicant/CMakeFiles/__idf_wpa_supplicant.dir/esp_supplicant/src/esp_eap_client.c.obj
[145/1051] Building C object esp-idf/wpa_supplicant/CMakeFiles/__idf_wpa_supplicant.dir/src/crypto/dh_group5.c.obj
[177/1051] Building C object esp-idf/wpa_supplicant/CMakeFiles/__idf_wpa_supplicant.dir/src/utils/uuid.c.obj
[187/1051] Building C object esp-idf/wpa_supplicant/CMakeFiles/__idf_wpa_supplicant.dir/src/common/sae.c.obj
[86/1051] Building C object esp-idf/esp_driver_mcpwm/CMakeFiles/__idf_esp_driver_mcpwm.dir/src/mcpwm_fault.c.obj
[117/1051] Linking C static library esp-idf/esp_driver_sd_intf/libesp_driver_sd_intf.a
[188/1051] Building C object esp-idf/wpa_supplicant/CMakeFiles/__idf_wpa_supplicant.dir/src/wps/wps_attr_parse.c.obj
[146/1051] Building C object esp-idf/wpa_supplicant/CMakeFiles/__idf_wpa_supplicant.dir/src/crypto/sha1-tlsprf.c.obj
[147/1051] Building C object esp-idf/wpa_supplicant/CMakeFiles/__idf_wpa_supplicant.dir/src/crypto/ccmp.c.obj
[189/1051] Building C object esp-idf/wpa_supplicant/CMakeFiles/__idf_wpa_supplicant.dir/src/utils/json.c.obj
[118/1051] Building C object esp-idf/esp_wifi/CMakeFiles/__idf_esp_wifi.dir/regulatory/esp_wifi_regulatory.c.obj
[169/1049] Building C object esp-idf/wpa_supplicant/CMakeFiles/__idf_wpa_supplicant.dir/src/utils/base64.c.obj
[194/1051] Building C object esp-idf/wpa_supplicant/CMakeFiles/__idf_wpa_supplicant.dir/src/wps/wps_common.c.obj
[147/1051] Building C object esp-idf/wpa_supplicant/CMakeFiles/__idf_wpa_supplicant.dir/src/crypto/aes-gcm.c.obj
[170/1049] Building C object esp-idf/wpa_supplicant/CMakeFiles/__idf_wpa_supplicant.dir/src/utils/common.c.obj
[164/1051] Building C object esp-idf/wpa_supplicant/CMakeFiles/__idf_wpa_supplicant.dir/src/eap_peer/eap_common.c.obj
[119/1051] Building C object esp-idf/wpa_supplicant/CMakeFiles/__idf_wpa_supplicant.dir/port/os_xtensa.c.obj
[148/1051] Building C object esp-idf/wpa_supplicant/CMakeFiles/__idf_wpa_supplicant.dir/src/crypto/ms_funcs.c.obj
[148/1051] Building C object esp-idf/wpa_supplicant/CMakeFiles/__idf_wpa_supplicant.dir/src/crypto/sha384-tlsprf.c.obj
[217/1051] Building C object esp-idf/esp_netif/CMakeFiles/__idf_esp_netif.dir/lwip/esp_netif_sntp.c.obj
[171/1049] Building C object esp-idf/wpa_supplicant/CMakeFiles/__idf_wpa_supplicant.dir/src/utils/uuid.c.obj
[149/1051] Linking C static library esp-idf/esp_gdbstub/libesp_gdbstub.a
[195/1051] Building C object esp-idf/wpa_supplicant/CMakeFiles/__idf_wpa_supplicant.dir/src/wps/wps_dev_attr.c.obj
[178/1051] Building C object esp-idf/wpa_supplicant/CMakeFiles/__idf_wpa_supplicant.dir/src/common/sae.c.obj
[172/1049] Building C object esp-idf/wpa_supplicant/CMakeFiles/__idf_wpa_supplicant.dir/src/eap_peer/eap_mschapv2.c.obj
[150/1051] Building C object esp-idf/wpa_supplicant/CMakeFiles/__idf_wpa_supplicant.dir/src/crypto/sha1-tlsprf.c.obj
[196/1051] Building C object esp-idf/wpa_supplicant/CMakeFiles/__idf_wpa_supplicant.dir/esp_supplicant/src/esp_owe.c.obj
[190/1051] Building C object esp-idf/wpa_supplicant/CMakeFiles/__idf_wpa_supplicant.dir/src/wps/wps_attr_process.c.obj
[218/1051] Building C object esp-idf/wpa_supplicant/CMakeFiles/__idf_wpa_supplicant.dir/esp_supplicant/src/crypto/tls_mbedtls.c.obj
[197/1051] Building C object esp-idf/wpa_supplicant/CMakeFiles/__idf_wpa_supplicant.dir/esp_supplicant/src/esp_hostap.c.obj
[149/1051] Building C object esp-idf/wpa_supplicant/CMakeFiles/__idf_wpa_supplicant.dir/src/crypto/aes-gcm.c.obj
[173/1049] Building C object esp-idf/wpa_supplicant/CMakeFiles/__idf_wpa_supplicant.dir/src/rsn_supp/pmksa_cache.c.obj
[87/1051] Building C object esp-idf/esp_driver_spi/CMakeFiles/__idf_esp_driver_spi.dir/src/gpspi/spi_slave_hd.c.obj
[151/1051] Building C object esp-idf/wpa_supplicant/CMakeFiles/__idf_wpa_supplicant.dir/src/crypto/sha384-prf.c.obj
[174/1049] Building C object esp-idf/wpa_supplicant/CMakeFiles/__idf_wpa_supplicant.dir/src/common/sae.c.obj
[165/1051] Building C object esp-idf/wpa_supplicant/CMakeFiles/__idf_wpa_supplicant.dir/src/common/ieee802_11_common.c.obj
[219/1051] Building C object esp-idf/esp_netif/CMakeFiles/__idf_esp_netif.dir/lwip/netif/wlanif.c.obj
[166/1051] Building C object esp-idf/wpa_supplicant/CMakeFiles/__idf_wpa_supplicant.dir/src/utils/base64.c.obj
[120/1051] Building C object esp-idf/wpa_supplicant/CMakeFiles/__idf_wpa_supplicant.dir/src/ap/ap_config.c.obj
[198/1051] Building C object esp-idf/wpa_supplicant/CMakeFiles/__idf_wpa_supplicant.dir/esp_supplicant/src/crypto/fastpsk.c.obj
[152/1051] Building C object esp-idf/wpa_supplicant/CMakeFiles/__idf_wpa_supplicant.dir/src/common/wpa_common.c.obj
[175/1049] Building C object esp-idf/wpa_supplicant/CMakeFiles/__idf_wpa_supplicant.dir/src/eap_peer/eap_peap.c.obj
[220/1051] Building C object esp-idf/lwip/CMakeFiles/__idf_lwip.dir/lwip/src/api/if_api.c.obj
[153/1051] Building C object esp-idf/wpa_supplicant/CMakeFiles/__idf_wpa_supplicant.dir/src/crypto/sha256-tlsprf.c.obj
[150/1051] Building C object esp-idf/wpa_supplicant/CMakeFiles/__idf_wpa_supplicant.dir/src/crypto/sha256-tlsprf.c.obj
[199/1051] Building C object esp-idf/wpa_supplicant/CMakeFiles/__idf_wpa_supplicant.dir/src/wps/wps_attr_build.c.obj
[88/1051] Building C object esp-idf/esp_driver_mcpwm/CMakeFiles/__idf_esp_driver_mcpwm.dir/src/mcpwm_sync.c.obj
[121/1051] Linking C static library esp-idf/sdmmc/libsdmmc.a
[122/1051] Building C object esp-idf/esp_coex/CMakeFiles/__idf_esp_coex.dir/esp32s3/esp_coex_adapter.c.obj
[151/1051] Building C object esp-idf/wpa_supplicant/CMakeFiles/__idf_wpa_supplicant.dir/src/crypto/md4-internal.c.obj
[167/1051] Building C object esp-idf/wpa_supplicant/CMakeFiles/__idf_wpa_supplicant.dir/src/eap_peer/mschapv2.c.obj
[176/1049] Building C object esp-idf/wpa_supplicant/CMakeFiles/__idf_wpa_supplicant.dir/src/utils/wpa_debug.c.obj
[179/1051] Building C object esp-idf/wpa_supplicant/CMakeFiles/__idf_wpa_supplicant.dir/src/eap_peer/eap_peap.c.obj
[89/1051] Building C object esp-idf/esp_wifi/CMakeFiles/__idf_esp_wifi.dir/src/lib_printf.c.obj
[177/1049] Building C object esp-idf/wpa_supplicant/CMakeFiles/__idf_wpa_supplicant.dir/src/eap_peer/eap_fast_common.c.obj
[180/1051] Building C object esp-idf/wpa_supplicant/CMakeFiles/__idf_wpa_supplicant.dir/src/wps/wps_attr_parse.c.obj
[154/1051] Building C object esp-idf/esp_driver_spi/CMakeFiles/__idf_esp_driver_spi.dir/src/gpspi/spi_master.c.obj
[90/1051] Building C object esp-idf/esp_driver_mcpwm/CMakeFiles/__idf_esp_driver_mcpwm.dir/src/mcpwm_gen.c.obj
[152/1051] Building C object esp-idf/wpa_supplicant/CMakeFiles/__idf_wpa_supplicant.dir/src/eap_peer/eap_peap_common.c.obj
[200/1051] Building C object esp-idf/wpa_supplicant/CMakeFiles/__idf_wpa_supplicant.dir/esp_supplicant/src/esp_common.c.obj
[191/1051] Building C object esp-idf/wpa_supplicant/CMakeFiles/__idf_wpa_supplicant.dir/esp_supplicant/src/esp_wpas_glue.c.obj
[91/1051] Building C object esp-idf/esp_gdbstub/CMakeFiles/__idf_esp_gdbstub.dir/src/gdbstub.c.obj
[181/1051] Building C object esp-idf/wpa_supplicant/CMakeFiles/__idf_wpa_supplicant.dir/src/common/sae_pk.c.obj
[201/1051] Linking C static library esp-idf/esp_coex/libesp_coex.a
[153/1051] Building C object esp-idf/wpa_supplicant/CMakeFiles/__idf_wpa_supplicant.dir/src/crypto/sha384-tlsprf.c.obj
[155/1051] Building C object esp-idf/wpa_supplicant/CMakeFiles/__idf_wpa_supplicant.dir/src/eap_common/eap_wsc_common.c.obj
[92/1051] Building C object esp-idf/driver/CMakeFiles/__idf_driver.dir/deprecated/rmt_legacy.c.obj
[123/1051] Linking C static library esp-idf/esp_driver_i2s/libesp_driver_i2s.a
[182/1051] Building C object esp-idf/wpa_supplicant/CMakeFiles/__idf_wpa_supplicant.dir/src/utils/common.c.obj
[202/1051] Building C object esp-idf/wpa_supplicant/CMakeFiles/__idf_wpa_supplicant.dir/esp_supplicant/src/esp_wpa_main.c.obj
[93/1051] Building C object esp-idf/esp_gdbstub/CMakeFiles/__idf_esp_gdbstub.dir/src/port/xtensa/gdbstub_xtensa.c.obj
[124/1051] Building C object esp-idf/wpa_supplicant/CMakeFiles/__idf_wpa_supplicant.dir/src/utils/bitfield.c.obj
[156/1051] Building C object esp-idf/wpa_supplicant/CMakeFiles/__idf_wpa_supplicant.dir/src/common/ieee802_11_common.c.obj
[168/1051] Building C object esp-idf/wpa_supplicant/CMakeFiles/__idf_wpa_supplicant.dir/src/eap_peer/eap_tls.c.obj
[203/1051] Building C object esp-idf/esp_netif/CMakeFiles/__idf_esp_netif.dir/esp_netif_handlers.c.obj
[192/1051] Building C object esp-idf/wpa_supplicant/CMakeFiles/__idf_wpa_supplicant.dir/esp_supplicant/src/esp_owe.c.obj
[204/1051] Building C object esp-idf/wpa_supplicant/CMakeFiles/__idf_wpa_supplicant.dir/src/wps/wps_enrollee.c.obj
[94/1051] Building C object esp-idf/esp_driver_mcpwm/CMakeFiles/__idf_esp_driver_mcpwm.dir/src/mcpwm_cap.c.obj
[193/1051] Building C object esp-idf/wpa_supplicant/CMakeFiles/__idf_wpa_supplicant.dir/src/wps/wps_dev_attr.c.obj
[221/1051] Building C object esp-idf/esp_netif/CMakeFiles/__idf_esp_netif.dir/lwip/netif/esp_pbuf_ref.c.obj
[194/1051] Building C object esp-idf/wpa_supplicant/CMakeFiles/__idf_wpa_supplicant.dir/esp_supplicant/src/crypto/crypto_mbedtls-rsa.c.obj
[154/1051] Building C object esp-idf/wpa_supplicant/CMakeFiles/__idf_wpa_supplicant.dir/src/eap_peer/eap_common.c.obj
[195/1051] Building C object esp-idf/wpa_supplicant/CMakeFiles/__idf_wpa_supplicant.dir/src/wps/wps_attr_build.c.obj
[183/1051] Building C object esp-idf/wpa_supplicant/CMakeFiles/__idf_wpa_supplicant.dir/esp_supplicant/src/esp_common.c.obj
[184/1051] Building C object esp-idf/wpa_supplicant/CMakeFiles/__idf_wpa_supplicant.dir/esp_supplicant/src/esp_wpa2_api_port.c.obj
[157/1051] Linking C static library esp-idf/esp_driver_spi/libesp_driver_spi.a
[169/1051] Building C object esp-idf/wpa_supplicant/CMakeFiles/__idf_wpa_supplicant.dir/src/eap_peer/eap_fast_common.c.obj
[196/1051] Building C object esp-idf/wpa_supplicant/CMakeFiles/__idf_wpa_supplicant.dir/src/wps/wps_common.c.obj
[95/1051] Building C object esp-idf/esp_driver_spi/CMakeFiles/__idf_esp_driver_spi.dir/src/gpspi/spi_common.c.obj
[125/1051] Building C object esp-idf/wpa_supplicant/CMakeFiles/__idf_wpa_supplicant.dir/src/ap/wpa_auth_ie.c.obj
[178/1049] Building C object esp-idf/wpa_supplicant/CMakeFiles/__idf_wpa_supplicant.dir/src/wps/wps_dev_attr.c.obj
[185/1051] Building C object esp-idf/wpa_supplicant/CMakeFiles/__idf_wpa_supplicant.dir/src/wps/wps.c.obj
[205/1051] Building C object esp-idf/esp_netif/CMakeFiles/__idf_esp_netif.dir/esp_netif_defaults.c.obj
[158/1051] Building C object esp-idf/wpa_supplicant/CMakeFiles/__idf_wpa_supplicant.dir/src/eap_peer/chap.c.obj
[96/1051] Building C object esp-idf/esp_wifi/CMakeFiles/__idf_esp_wifi.dir/src/mesh_event.c.obj
[186/1051] Building C object esp-idf/wpa_supplicant/CMakeFiles/__idf_wpa_supplicant.dir/src/wps/wps_enrollee.c.obj
[197/1051] Building C object esp-idf/wpa_supplicant/CMakeFiles/__idf_wpa_supplicant.dir/esp_supplicant/src/esp_common.c.obj
[155/1051] Building C object esp-idf/wpa_supplicant/CMakeFiles/__idf_wpa_supplicant.dir/src/crypto/sha1-tprf.c.obj
[97/1051] Building C object esp-idf/esp_coex/CMakeFiles/__idf_esp_coex.dir/src/coexist_debug_diagram.c.obj
[198/1051] Building C object esp-idf/wpa_supplicant/CMakeFiles/__idf_wpa_supplicant.dir/esp_supplicant/src/crypto/fastpbkdf2.c.obj
[98/1051] Linking C static library esp-idf/driver/libdriver.a
Executing action: elf
Running ninja in directory /home/tikhon/Документы/magnolia/applets/go/true/build
Executing "ninja elf"...
[0/2] Re-checking globbed directories...
[1/1051] Generating /home/tikhon/Документы/magnolia/applets/go/true/build/esp-idf/esp_system/ld/sections.ld.in linker script...
[2/1051] Generating /home/tikhon/Документы/magnolia/applets/go/true/build/esp-idf/esp_system/ld/memory.ld linker script...
[187/1051] Building C object esp-idf/wpa_supplicant/CMakeFiles/__idf_wpa_supplicant.dir/src/eap_peer/eap_fast_pac.c.obj
[170/1051] Building C object esp-idf/wpa_supplicant/CMakeFiles/__idf_wpa_supplicant.dir/src/utils/ext_password.c.obj
[156/1051] Building C object esp-idf/wpa_supplicant/CMakeFiles/__idf_wpa_supplicant.dir/src/eap_common/eap_wsc_common.c.obj
[222/1051] Building C object esp-idf/lwip/CMakeFiles/__idf_lwip.dir/apps/sntp/sntp.c.obj
[179/1049] Building C object esp-idf/wpa_supplicant/CMakeFiles/__idf_wpa_supplicant.dir/esp_supplicant/src/esp_wpa2_api_port.c.obj
[171/1051] Building C object esp-idf/wpa_supplicant/CMakeFiles/__idf_wpa_supplicant.dir/src/rsn_supp/wpa_ie.c.obj
[99/1051] Building C object esp-idf/esp_driver_i2s/CMakeFiles/__idf_esp_driver_i2s.dir/i2s_pdm.c.obj
[223/1051] Building C object esp-idf/lwip/CMakeFiles/__idf_lwip.dir/lwip/src/api/err.c.obj
[172/1051] Building C object esp-idf/wpa_supplicant/CMakeFiles/__idf_wpa_supplicant.dir/src/eap_peer/eap_mschapv2.c.obj
[126/1051] Building C object esp-idf/esp_wifi/CMakeFiles/__idf_esp_wifi.dir/src/smartconfig_ack.c.obj
[157/1051] Building C object esp-idf/wpa_supplicant/CMakeFiles/__idf_wpa_supplicant.dir/src/eap_peer/mschapv2.c.obj
[188/1051] Building C object esp-idf/wpa_supplicant/CMakeFiles/__idf_wpa_supplicant.dir/src/wps/wps_attr_process.c.obj
[224/1051] Building C object esp-idf/wpa_supplicant/CMakeFiles/__idf_wpa_supplicant.dir/esp_supplicant/src/esp_wps.c.obj
[127/1051] Linking C static library esp-idf/esp_driver_mcpwm/libesp_driver_mcpwm.a
[173/1051] Building C object esp-idf/wpa_supplicant/CMakeFiles/__idf_wpa_supplicant.dir/src/utils/uuid.c.obj
[100/1051] Building C object esp-idf/esp_driver_sdmmc/CMakeFiles/__idf_esp_driver_sdmmc.dir/src/sd_host_sdmmc.c.obj
[199/1051] Building C object esp-idf/wpa_supplicant/CMakeFiles/__idf_wpa_supplicant.dir/esp_supplicant/src/esp_wpa_main.c.obj
[158/1051] Building C object esp-idf/wpa_supplicant/CMakeFiles/__idf_wpa_supplicant.dir/src/crypto/sha384-prf.c.obj
[159/1051] Building C object esp-idf/wpa_supplicant/CMakeFiles/__idf_wpa_supplicant.dir/src/eap_peer/eap_common.c.obj
[206/1051] Building C object esp-idf/wpa_supplicant/CMakeFiles/__idf_wpa_supplicant.dir/esp_supplicant/src/crypto/fastpbkdf2.c.obj
[189/1051] Building C object esp-idf/wpa_supplicant/CMakeFiles/__idf_wpa_supplicant.dir/esp_supplicant/src/esp_owe.c.obj
[101/1051] Building C object esp-idf/esp_wifi/CMakeFiles/__idf_esp_wifi.dir/src/wifi_default_ap.c.obj
[159/1051] Building C object esp-idf/wpa_supplicant/CMakeFiles/__idf_wpa_supplicant.dir/src/eap_peer/chap.c.obj
[160/1051] Building C object esp-idf/wpa_supplicant/CMakeFiles/__idf_wpa_supplicant.dir/src/eap_peer/eap_peap_common.c.obj
[180/1049] Building C object esp-idf/wpa_supplicant/CMakeFiles/__idf_wpa_supplicant.dir/src/eap_peer/eap.c.obj
[225/1051] Building C object esp-idf/lwip/CMakeFiles/__idf_lwip.dir/lwip/src/api/netifapi.c.obj
[161/1051] Building C object esp-idf/wpa_supplicant/CMakeFiles/__idf_wpa_supplicant.dir/src/crypto/sha1-tprf.c.obj
[128/1051] Building C object esp-idf/wpa_supplicant/CMakeFiles/__idf_wpa_supplicant.dir/src/ap/ieee802_1x.c.obj
[190/1051] Building C object esp-idf/wpa_supplicant/CMakeFiles/__idf_wpa_supplicant.dir/src/wps/wps_dev_attr.c.obj
[102/1051] Building C object esp-idf/esp_wifi/CMakeFiles/__idf_esp_wifi.dir/src/smartconfig.c.obj
[181/1049] Building C object esp-idf/wpa_supplicant/CMakeFiles/__idf_wpa_supplicant.dir/src/wps/wps_enrollee.c.obj
[160/1051] Building C object esp-idf/wpa_supplicant/CMakeFiles/__idf_wpa_supplicant.dir/src/eap_peer/eap_tls_common.c.obj
[226/1051] Building C object esp-idf/lwip/CMakeFiles/__idf_lwip.dir/lwip/src/api/netbuf.c.obj
[162/1051] Linking C static library esp-idf/esp_wifi/libesp_wifi.a
[227/1051] Building C object esp-idf/wpa_supplicant/CMakeFiles/__idf_wpa_supplicant.dir/esp_supplicant/src/crypto/crypto_mbedtls-ec.c.obj
[182/1049] Building C object esp-idf/wpa_supplicant/CMakeFiles/__idf_wpa_supplicant.dir/src/rsn_supp/wpa_ie.c.obj
[207/1051] Building C object esp-idf/wpa_supplicant/CMakeFiles/__idf_wpa_supplicant.dir/src/crypto/rc4.c.obj
[228/1051] Building C object esp-idf/esp_netif/CMakeFiles/__idf_esp_netif.dir/lwip/netif/ethernetif.c.obj
[103/1051] Linking C static library esp-idf/esp_driver_twai/libesp_driver_twai.a
[163/1051] Building C object esp-idf/wpa_supplicant/CMakeFiles/__idf_wpa_supplicant.dir/src/crypto/md4-internal.c.obj
[208/1051] Building C object esp-idf/esp_netif/CMakeFiles/__idf_esp_netif.dir/esp_netif_objects.c.obj
[191/1051] Building C object esp-idf/wpa_supplicant/CMakeFiles/__idf_wpa_supplicant.dir/src/utils/json.c.obj
[129/1051] Building C object esp-idf/wpa_supplicant/CMakeFiles/__idf_wpa_supplicant.dir/src/common/dragonfly.c.obj
[200/1051] Linking C static library esp-idf/esp_coex/libesp_coex.a
[209/1051] Building C object esp-idf/wpa_supplicant/CMakeFiles/__idf_wpa_supplicant.dir/src/crypto/aes-wrap.c.obj
[130/1051] Building C object esp-idf/esp_wifi/CMakeFiles/__idf_esp_wifi.dir/esp32s3/esp_adapter.c.obj
[210/1051] Building C object esp-idf/wpa_supplicant/CMakeFiles/__idf_wpa_supplicant.dir/src/crypto/aes-unwrap.c.obj
[104/1051] Building C object esp-idf/esp_driver_mcpwm/CMakeFiles/__idf_esp_driver_mcpwm.dir/src/mcpwm_timer.c.obj
[183/1049] Building C object esp-idf/wpa_supplicant/CMakeFiles/__idf_wpa_supplicant.dir/src/rsn_supp/wpa.c.obj
[211/1051] Building C object esp-idf/wpa_supplicant/CMakeFiles/__idf_wpa_supplicant.dir/esp_supplicant/src/crypto/crypto_mbedtls-bignum.c.obj
[161/1051] Building C object esp-idf/wpa_supplicant/CMakeFiles/__idf_wpa_supplicant.dir/src/common/wpa_common.c.obj
[105/1051] Building C object esp-idf/esp_coex/CMakeFiles/__idf_esp_coex.dir/src/coexist_debug.c.obj
[131/1051] Building C object esp-idf/wpa_supplicant/CMakeFiles/__idf_wpa_supplicant.dir/src/ap/comeback_token.c.obj
[192/1051] Building C object esp-idf/wpa_supplicant/CMakeFiles/__idf_wpa_supplicant.dir/src/eap_peer/eap_ttls.c.obj
[201/1051] Building C object esp-idf/wpa_supplicant/CMakeFiles/__idf_wpa_supplicant.dir/esp_supplicant/src/crypto/fastpsk.c.obj
[162/1051] Building C object esp-idf/wpa_supplicant/CMakeFiles/__idf_wpa_supplicant.dir/src/common/ieee802_11_common.c.obj
[132/1051] Linking C static library esp-idf/esp_driver_pcnt/libesp_driver_pcnt.a
[212/1051] Building C object esp-idf/wpa_supplicant/CMakeFiles/__idf_wpa_supplicant.dir/src/crypto/aes-ccm.c.obj
[174/1051] Building C object esp-idf/wpa_supplicant/CMakeFiles/__idf_wpa_supplicant.dir/src/utils/common.c.obj
[213/1051] Building C object esp-idf/wpa_supplicant/CMakeFiles/__idf_wpa_supplicant.dir/esp_supplicant/src/crypto/crypto_mbedtls.c.obj
[193/1051] Building C object esp-idf/wpa_supplicant/CMakeFiles/__idf_wpa_supplicant.dir/esp_supplicant/src/esp_wpa3.c.obj
[106/1051] Linking C static library esp-idf/esp_driver_ledc/libesp_driver_ledc.a
[163/1051] Building C object esp-idf/esp_driver_spi/CMakeFiles/__idf_esp_driver_spi.dir/src/gpspi/spi_master.c.obj
[202/1051] Building C object esp-idf/wpa_supplicant/CMakeFiles/__idf_wpa_supplicant.dir/src/rsn_supp/wpa.c.obj
[203/1051] Building C object esp-idf/wpa_supplicant/CMakeFiles/__idf_wpa_supplicant.dir/esp_supplicant/src/esp_wpa3.c.obj
[204/1051] Building C object esp-idf/esp_netif/CMakeFiles/__idf_esp_netif.dir/esp_netif_defaults.c.obj
[194/1051] Building C object esp-idf/wpa_supplicant/CMakeFiles/__idf_wpa_supplicant.dir/src/wps/wps_common.c.obj
[214/1051] Building C object esp-idf/wpa_supplicant/CMakeFiles/__idf_wpa_supplicant.dir/esp_supplicant/src/esp_eap_client.c.obj
[195/1051] Building C object esp-idf/wpa_supplicant/CMakeFiles/__idf_wpa_supplicant.dir/src/wps/wps_attr_build.c.obj
[133/1051] Building C object esp-idf/wpa_supplicant/CMakeFiles/__idf_wpa_supplicant.dir/src/ap/pmksa_cache_auth.c.obj
[205/1051] Building C object esp-idf/wpa_supplicant/CMakeFiles/__idf_wpa_supplicant.dir/src/wps/wps_enrollee.c.obj
-- Project sdkconfig file /home/tikhon/Документы/magnolia/applets/rust/rdd/sdkconfig
[164/1051] Building C object esp-idf/wpa_supplicant/CMakeFiles/__idf_wpa_supplicant.dir/src/eap_peer/eap_tls_common.c.obj
[215/1051] Building C object esp-idf/lwip/CMakeFiles/__idf_lwip.dir/apps/sntp/sntp.c.obj
[175/1051] Building C object esp-idf/wpa_supplicant/CMakeFiles/__idf_wpa_supplicant.dir/src/eap_peer/eap_fast.c.obj
[176/1051] Building C object esp-idf/wpa_supplicant/CMakeFiles/__idf_wpa_supplicant.dir/src/rsn_supp/pmksa_cache.c.obj
[229/1051] Building C object esp-idf/lwip/CMakeFiles/__idf_lwip.dir/lwip/src/api/tcpip.c.obj
[165/1051] Building C object esp-idf/wpa_supplicant/CMakeFiles/__idf_wpa_supplicant.dir/src/eap_peer/eap_fast_common.c.obj
[184/1049] Building C object esp-idf/wpa_supplicant/CMakeFiles/__idf_wpa_supplicant.dir/src/wps/wps_attr_parse.c.obj
[134/1051] Building C object esp-idf/wpa_supplicant/CMakeFiles/__idf_wpa_supplicant.dir/port/eloop.c.obj
[135/1051] Building C object esp-idf/esp_driver_spi/CMakeFiles/__idf_esp_driver_spi.dir/src/gpspi/spi_slave.c.obj
[216/1051] Building C object esp-idf/wpa_supplicant/CMakeFiles/__idf_wpa_supplicant.dir/src/crypto/des-internal.c.obj
[136/1051] Linking C static library esp-idf/esp_gdbstub/libesp_gdbstub.a
[166/1051] Building C object esp-idf/wpa_supplicant/CMakeFiles/__idf_wpa_supplicant.dir/src/utils/base64.c.obj
[196/1051] Building C object esp-idf/wpa_supplicant/CMakeFiles/__idf_wpa_supplicant.dir/src/crypto/rc4.c.obj
[230/1051] Building C object esp-idf/lwip/CMakeFiles/__idf_lwip.dir/lwip/src/api/api_msg.c.obj
[107/1051] Building C object esp-idf/esp_wifi/CMakeFiles/__idf_esp_wifi.dir/src/wifi_init.c.obj
[206/1051] Building C object esp-idf/wpa_supplicant/CMakeFiles/__idf_wpa_supplicant.dir/src/crypto/rc4.c.obj
[185/1049] Building C object esp-idf/wpa_supplicant/CMakeFiles/__idf_wpa_supplicant.dir/src/eap_peer/eap_tls_common.c.obj
[137/1051] Building C object esp-idf/wpa_supplicant/CMakeFiles/__idf_wpa_supplicant.dir/src/ap/sta_info.c.obj
[186/1049] Building C object esp-idf/wpa_supplicant/CMakeFiles/__idf_wpa_supplicant.dir/src/eap_peer/eap_fast_pac.c.obj
[217/1051] Building C object esp-idf/wpa_supplicant/CMakeFiles/__idf_wpa_supplicant.dir/esp_supplicant/src/esp_wpa3.c.obj
[207/1051] Building C object esp-idf/wpa_supplicant/CMakeFiles/__idf_wpa_supplicant.dir/esp_supplicant/src/esp_hostap.c.obj
[108/1051] Building C object esp-idf/esp_wifi/CMakeFiles/__idf_esp_wifi.dir/regulatory/esp_wifi_regulatory.c.obj
[167/1051] Building C object esp-idf/wpa_supplicant/CMakeFiles/__idf_wpa_supplicant.dir/src/eap_peer/eap_tls.c.obj
[231/1051] Building C object esp-idf/lwip/CMakeFiles/__idf_lwip.dir/lwip/src/api/netdb.c.obj
[218/1051] Building C object esp-idf/lwip/CMakeFiles/__idf_lwip.dir/lwip/src/api/err.c.obj
[177/1051] Building C object esp-idf/wpa_supplicant/CMakeFiles/__idf_wpa_supplicant.dir/src/utils/wpabuf.c.obj
[197/1051] Building C object esp-idf/wpa_supplicant/CMakeFiles/__idf_wpa_supplicant.dir/esp_supplicant/src/crypto/fastpsk.c.obj
[138/1051] Building C object esp-idf/wpa_supplicant/CMakeFiles/__idf_wpa_supplicant.dir/src/crypto/dh_group5.c.obj
[178/1051] Building C object esp-idf/wpa_supplicant/CMakeFiles/__idf_wpa_supplicant.dir/src/utils/wpa_debug.c.obj
[168/1051] Building C object esp-idf/wpa_supplicant/CMakeFiles/__idf_wpa_supplicant.dir/src/eap_peer/eap.c.obj
[179/1051] Building C object esp-idf/wpa_supplicant/CMakeFiles/__idf_wpa_supplicant.dir/src/common/sae.c.obj
[169/1051] Building C object esp-idf/wpa_supplicant/CMakeFiles/__idf_wpa_supplicant.dir/src/eap_peer/mschapv2.c.obj
[232/1051] Building C object esp-idf/lwip/CMakeFiles/__idf_lwip.dir/lwip/src/apps/netbiosns/netbiosns.c.obj
[180/1051] Building C object esp-idf/wpa_supplicant/CMakeFiles/__idf_wpa_supplicant.dir/src/eap_peer/eap_fast_pac.c.obj
[109/1051] Building C object esp-idf/esp_coex/CMakeFiles/__idf_esp_coex.dir/esp32s3/esp_coex_adapter.c.obj
[170/1051] Building C object esp-idf/wpa_supplicant/CMakeFiles/__idf_wpa_supplicant.dir/src/rsn_supp/wpa_ie.c.obj
[208/1051] Building C object esp-idf/esp_netif/CMakeFiles/__idf_esp_netif.dir/esp_netif_objects.c.obj
[110/1051] Linking C static library esp-idf/esp_driver_i2c/libesp_driver_i2c.a
[164/1051] Linking C static library esp-idf/esp_driver_spi/libesp_driver_spi.a
[181/1051] Building C object esp-idf/wpa_supplicant/CMakeFiles/__idf_wpa_supplicant.dir/src/eap_peer/eap.c.obj
[233/1051] Building C object esp-idf/lwip/CMakeFiles/__idf_lwip.dir/lwip/src/core/init.c.obj
[234/1051] Building C object esp-idf/lwip/CMakeFiles/__idf_lwip.dir/lwip/src/api/api_lib.c.obj
[111/1051] Building C object esp-idf/esp_wifi/CMakeFiles/__idf_esp_wifi.dir/src/wifi_netif.c.obj
[198/1051] Building C object esp-idf/wpa_supplicant/CMakeFiles/__idf_wpa_supplicant.dir/src/eap_peer/eap_fast.c.obj
[235/1051] Building C object esp-idf/lwip/CMakeFiles/__idf_lwip.dir/lwip/src/core/def.c.obj
[187/1049] Building C object esp-idf/wpa_supplicant/CMakeFiles/__idf_wpa_supplicant.dir/src/wps/wps_common.c.obj
[171/1051] Building C object esp-idf/wpa_supplicant/CMakeFiles/__idf_wpa_supplicant.dir/src/utils/wpa_debug.c.obj
[219/1051] Building C object esp-idf/esp_netif/CMakeFiles/__idf_esp_netif.dir/lwip/esp_netif_lwip_defaults.c.obj
[236/1051] Linking C static library esp-idf/wpa_supplicant/libwpa_supplicant.a
[220/1051] Building C object esp-idf/esp_netif/CMakeFiles/__idf_esp_netif.dir/lwip/netif/esp_pbuf_ref.c.obj
[139/1051] Building C object esp-idf/wpa_supplicant/CMakeFiles/__idf_wpa_supplicant.dir/src/crypto/sha256-kdf.c.obj
[112/1051] Building C object esp-idf/esp_wifi/CMakeFiles/__idf_esp_wifi.dir/src/smartconfig_ack.c.obj
[188/1049] Building C object esp-idf/wpa_supplicant/CMakeFiles/__idf_wpa_supplicant.dir/src/wps/wps.c.obj
[237/1051] Building C object esp-idf/lwip/CMakeFiles/__idf_lwip.dir/lwip/src/core/memp.c.obj
[113/1051] Building C object esp-idf/esp_wifi/CMakeFiles/__idf_esp_wifi.dir/src/wifi_default.c.obj
[172/1051] Building C object esp-idf/wpa_supplicant/CMakeFiles/__idf_wpa_supplicant.dir/src/eap_peer/eap_ttls.c.obj
[189/1049] Building C object esp-idf/wpa_supplicant/CMakeFiles/__idf_wpa_supplicant.dir/src/wps/wps_attr_process.c.obj
[182/1051] Building C object esp-idf/wpa_supplicant/CMakeFiles/__idf_wpa_supplicant.dir/src/eap_peer/eap_peap.c.obj
[140/1051] Building C object esp-idf/wpa_supplicant/CMakeFiles/__idf_wpa_supplicant.dir/src/crypto/sha1-tlsprf.c.obj
[209/1051] Building C object esp-idf/esp_netif/CMakeFiles/__idf_esp_netif.dir/lwip/netif/esp_pbuf_ref.c.obj
[114/1051] Building C object esp-idf/esp_driver_spi/CMakeFiles/__idf_esp_driver_spi.dir/src/gpspi/spi_slave.c.obj
[190/1049] Building C object esp-idf/wpa_supplicant/CMakeFiles/__idf_wpa_supplicant.dir/src/utils/json.c.obj
[165/1051] Linking C static library esp-idf/esp_wifi/libesp_wifi.a
[238/1051] Building C object esp-idf/lwip/CMakeFiles/__idf_lwip.dir/lwip/src/apps/sntp/sntp.c.obj
[210/1051] Building C object esp-idf/wpa_supplicant/CMakeFiles/__idf_wpa_supplicant.dir/src/crypto/aes-wrap.c.obj
[239/1051] Building C object esp-idf/lwip/CMakeFiles/__idf_lwip.dir/lwip/src/core/mem.c.obj
[115/1051] Linking C static library esp-idf/esp_driver_sdm/libesp_driver_sdm.a
[166/1051] Building C object esp-idf/wpa_supplicant/CMakeFiles/__idf_wpa_supplicant.dir/src/eap_peer/eap_mschapv2.c.obj
[211/1051] Building C object esp-idf/esp_netif/CMakeFiles/__idf_esp_netif.dir/lwip/esp_netif_sntp.c.obj
[116/1051] Building C object esp-idf/wpa_supplicant/CMakeFiles/__idf_wpa_supplicant.dir/port/os_xtensa.c.obj
[212/1051] Building C object esp-idf/wpa_supplicant/CMakeFiles/__idf_wpa_supplicant.dir/esp_supplicant/src/crypto/crypto_mbedtls-bignum.c.obj
[3/1051] Building C object esp-idf/esp_http_client/CMakeFiles/__idf_esp_http_client.dir/lib/http_utils.c.obj
[167/1051] Building C object esp-idf/wpa_supplicant/CMakeFiles/__idf_wpa_supplicant.dir/src/eap_peer/eap_fast_common.c.obj
[191/1049] Building C object esp-idf/wpa_supplicant/CMakeFiles/__idf_wpa_supplicant.dir/src/eap_peer/eap_ttls.c.obj
[4/1051] Building C object esp-idf/esp_http_server/CMakeFiles/__idf_esp_http_server.dir/src/httpd_uri.c.obj
[213/1051] Building C object esp-idf/wpa_supplicant/CMakeFiles/__idf_wpa_supplicant.dir/src/crypto/aes-ccm.c.obj
[141/1051] Building C object esp-idf/wpa_supplicant/CMakeFiles/__idf_wpa_supplicant.dir/src/crypto/aes-siv.c.obj
[5/1051] Building C object esp-idf/esp_http_client/CMakeFiles/__idf_esp_http_client.dir/lib/http_header.c.obj
[214/1051] Building C object esp-idf/esp_netif/CMakeFiles/__idf_esp_netif.dir/esp_netif_handlers.c.obj
[199/1051] Linking C static library esp-idf/esp_coex/libesp_coex.a
[168/1051] Building C object esp-idf/wpa_supplicant/CMakeFiles/__idf_wpa_supplicant.dir/src/eap_peer/eap_tls.c.obj
[117/1051] Linking C static library esp-idf/esp_driver_tsens/libesp_driver_tsens.a
[200/1051] Building C object esp-idf/wpa_supplicant/CMakeFiles/__idf_wpa_supplicant.dir/esp_supplicant/src/esp_wpas_glue.c.obj
[169/1051] Building C object esp-idf/wpa_supplicant/CMakeFiles/__idf_wpa_supplicant.dir/src/ap/wpa_auth.c.obj
[240/1051] Building C object esp-idf/lwip/CMakeFiles/__idf_lwip.dir/lwip/src/core/timeouts.c.obj
[215/1051] Building C object esp-idf/wpa_supplicant/CMakeFiles/__idf_wpa_supplicant.dir/src/crypto/aes-unwrap.c.obj
[183/1051] Building C object esp-idf/wpa_supplicant/CMakeFiles/__idf_wpa_supplicant.dir/esp_supplicant/src/esp_wpa2_api_port.c.obj
[170/1051] Building C object esp-idf/wpa_supplicant/CMakeFiles/__idf_wpa_supplicant.dir/src/utils/base64.c.obj
[241/1051] Building C object esp-idf/lwip/CMakeFiles/__idf_lwip.dir/lwip/src/core/stats.c.obj
[192/1049] Building C object esp-idf/wpa_supplicant/CMakeFiles/__idf_wpa_supplicant.dir/src/common/sae_pk.c.obj
[216/1051] Building C object esp-idf/esp_netif/CMakeFiles/__idf_esp_netif.dir/lwip/esp_netif_lwip_defaults.c.obj
[221/1051] Building C object esp-idf/esp_netif/CMakeFiles/__idf_esp_netif.dir/lwip/esp_netif_sntp.c.obj
[222/1051] Building C object esp-idf/esp_netif/CMakeFiles/__idf_esp_netif.dir/lwip/netif/wlanif.c.obj
[142/1051] Building C object esp-idf/wpa_supplicant/CMakeFiles/__idf_wpa_supplicant.dir/src/crypto/ccmp.c.obj
[6/1051] Building C object esp-idf/esp_http_server/CMakeFiles/__idf_esp_http_server.dir/src/util/ctrl_sock.c.obj
[242/1051] Building C object esp-idf/lwip/CMakeFiles/__idf_lwip.dir/lwip/src/core/inet_chksum.c.obj
[201/1051] Building C object esp-idf/wpa_supplicant/CMakeFiles/__idf_wpa_supplicant.dir/esp_supplicant/src/esp_hostap.c.obj
[217/1051] Building C object esp-idf/wpa_supplicant/CMakeFiles/__idf_wpa_supplicant.dir/esp_supplicant/src/crypto/tls_mbedtls.c.obj
+ idf.py elf
[243/1051] Building C object esp-idf/lwip/CMakeFiles/__idf_lwip.dir/lwip/src/core/ip.c.obj
[143/1051] Building C object esp-idf/wpa_supplicant/CMakeFiles/__idf_wpa_supplicant.dir/src/crypto/md4-internal.c.obj
[202/1051] Building C object esp-idf/wpa_supplicant/CMakeFiles/__idf_wpa_supplicant.dir/src/rsn_supp/wpa.c.obj
[218/1051] Building C object esp-idf/wpa_supplicant/CMakeFiles/__idf_wpa_supplicant.dir/src/crypto/des-internal.c.obj
[144/1051] Building C object esp-idf/wpa_supplicant/CMakeFiles/__idf_wpa_supplicant.dir/src/ap/ieee802_11.c.obj
[223/1051] Building C object esp-idf/lwip/CMakeFiles/__idf_lwip.dir/lwip/src/api/if_api.c.obj
[173/1051] Building C object esp-idf/wpa_supplicant/CMakeFiles/__idf_wpa_supplicant.dir/src/utils/ext_password.c.obj
[244/1051] Building C object esp-idf/lwip/CMakeFiles/__idf_lwip.dir/lwip/src/core/tcp_out.c.obj
[203/1051] Building C object esp-idf/wpa_supplicant/CMakeFiles/__idf_wpa_supplicant.dir/esp_supplicant/src/crypto/crypto_mbedtls-rsa.c.obj
[118/1051] Linking C static library esp-idf/esp_driver_rmt/libesp_driver_rmt.a
[219/1051] Building C object esp-idf/wpa_supplicant/CMakeFiles/__idf_wpa_supplicant.dir/esp_supplicant/src/esp_eap_client.c.obj
[7/1051] Building C object esp-idf/esp_http_server/CMakeFiles/__idf_esp_http_server.dir/src/httpd_ws.c.obj
[174/1051] Building C object esp-idf/wpa_supplicant/CMakeFiles/__idf_wpa_supplicant.dir/src/eap_peer/eap_mschapv2.c.obj
[171/1051] Building C object esp-idf/wpa_supplicant/CMakeFiles/__idf_wpa_supplicant.dir/src/utils/ext_password.c.obj
[224/1051] Building C object esp-idf/wpa_supplicant/CMakeFiles/__idf_wpa_supplicant.dir/esp_supplicant/src/crypto/crypto_mbedtls-ec.c.obj
[193/1049] Building C object esp-idf/wpa_supplicant/CMakeFiles/__idf_wpa_supplicant.dir/esp_supplicant/src/crypto/crypto_mbedtls-rsa.c.obj
[184/1051] Building C object esp-idf/wpa_supplicant/CMakeFiles/__idf_wpa_supplicant.dir/src/wps/wps_attr_build.c.obj
[175/1051] Building C object esp-idf/wpa_supplicant/CMakeFiles/__idf_wpa_supplicant.dir/src/utils/uuid.c.obj
[194/1049] Building C object esp-idf/wpa_supplicant/CMakeFiles/__idf_wpa_supplicant.dir/esp_supplicant/src/esp_owe.c.obj
[185/1051] Building C object esp-idf/wpa_supplicant/CMakeFiles/__idf_wpa_supplicant.dir/src/wps/wps_attr_process.c.obj
[220/1051] Building C object esp-idf/wpa_supplicant/CMakeFiles/__idf_wpa_supplicant.dir/esp_supplicant/src/crypto/crypto_mbedtls.c.obj
[172/1051] Building C object esp-idf/wpa_supplicant/CMakeFiles/__idf_wpa_supplicant.dir/src/eap_peer/eap.c.obj
[225/1051] Building C object esp-idf/esp_netif/CMakeFiles/__idf_esp_netif.dir/lwip/netif/ethernetif.c.obj
[195/1049] Building C object esp-idf/wpa_supplicant/CMakeFiles/__idf_wpa_supplicant.dir/esp_supplicant/src/esp_wpas_glue.c.obj
[119/1051] Building C object esp-idf/esp_driver_pcnt/CMakeFiles/__idf_esp_driver_pcnt.dir/src/pulse_cnt.c.obj
[221/1051] Building C object esp-idf/lwip/CMakeFiles/__idf_lwip.dir/lwip/src/api/netdb.c.obj
[196/1049] Building C object esp-idf/wpa_supplicant/CMakeFiles/__idf_wpa_supplicant.dir/esp_supplicant/src/esp_common.c.obj
[120/1051] Building C object esp-idf/wpa_supplicant/CMakeFiles/__idf_wpa_supplicant.dir/src/ap/ap_config.c.obj
[204/1051] Building C object esp-idf/wpa_supplicant/CMakeFiles/__idf_wpa_supplicant.dir/esp_supplicant/src/crypto/crypto_mbedtls.c.obj
[145/1051] Building C object esp-idf/wpa_supplicant/CMakeFiles/__idf_wpa_supplicant.dir/src/crypto/crypto_ops.c.obj
[205/1051] Building C object esp-idf/wpa_supplicant/CMakeFiles/__idf_wpa_supplicant.dir/esp_supplicant/src/esp_wpa_main.c.obj
[186/1051] Building C object esp-idf/wpa_supplicant/CMakeFiles/__idf_wpa_supplicant.dir/src/wps/wps.c.obj
[121/1051] Linking C static library esp-idf/esp_driver_sdspi/libesp_driver_sdspi.a
[173/1051] Building C object esp-idf/wpa_supplicant/CMakeFiles/__idf_wpa_supplicant.dir/src/eap_peer/eap_ttls.c.obj
[146/1051] Building C object esp-idf/wpa_supplicant/CMakeFiles/__idf_wpa_supplicant.dir/src/crypto/dh_groups.c.obj
[222/1051] Building C object esp-idf/lwip/CMakeFiles/__idf_lwip.dir/lwip/src/api/netifapi.c.obj
[147/1051] Building C object esp-idf/wpa_supplicant/CMakeFiles/__idf_wpa_supplicant.dir/src/crypto/sha256-tlsprf.c.obj
[245/1051] Building C object esp-idf/lwip/CMakeFiles/__idf_lwip.dir/lwip/src/core/ipv4/icmp.c.obj
[176/1051] Building C object esp-idf/wpa_supplicant/CMakeFiles/__idf_wpa_supplicant.dir/src/wps/wps.c.obj
[8/1051] Building C object esp-idf/tcp_transport/CMakeFiles/__idf_tcp_transport.dir/transport_socks_proxy.c.obj
[223/1051] Building C object esp-idf/lwip/CMakeFiles/__idf_lwip.dir/lwip/src/apps/sntp/sntp.c.obj
[197/1049] Building C object esp-idf/wpa_supplicant/CMakeFiles/__idf_wpa_supplicant.dir/src/wps/wps_attr_build.c.obj
[148/1051] Building C object esp-idf/wpa_supplicant/CMakeFiles/__idf_wpa_supplicant.dir/src/crypto/sha384-tlsprf.c.obj
[177/1051] Building C object esp-idf/wpa_supplicant/CMakeFiles/__idf_wpa_supplicant.dir/src/ap/wpa_auth.c.obj
[187/1051] Building C object esp-idf/wpa_supplicant/CMakeFiles/__idf_wpa_supplicant.dir/src/utils/json.c.obj
[122/1051] Building C object esp-idf/wpa_supplicant/CMakeFiles/__idf_wpa_supplicant.dir/src/ap/ieee802_1x.c.obj
[206/1051] Building C object esp-idf/esp_netif/CMakeFiles/__idf_esp_netif.dir/esp_netif_defaults.c.obj
[198/1049] Building C object esp-idf/wpa_supplicant/CMakeFiles/__idf_wpa_supplicant.dir/esp_supplicant/src/crypto/fastpsk.c.obj
[224/1051] Building C object esp-idf/wpa_supplicant/CMakeFiles/__idf_wpa_supplicant.dir/esp_supplicant/src/esp_wps.c.obj
[226/1051] Building C object esp-idf/lwip/CMakeFiles/__idf_lwip.dir/lwip/src/api/netbuf.c.obj
[188/1051] Building C object esp-idf/wpa_supplicant/CMakeFiles/__idf_wpa_supplicant.dir/src/wps/wps_attr_parse.c.obj
[189/1051] Building C object esp-idf/wpa_supplicant/CMakeFiles/__idf_wpa_supplicant.dir/src/eap_peer/eap_ttls.c.obj
[246/1051] Building C object esp-idf/lwip/CMakeFiles/__idf_lwip.dir/lwip/src/core/sys.c.obj
[207/1051] Building C object esp-idf/wpa_supplicant/CMakeFiles/__idf_wpa_supplicant.dir/src/crypto/aes-wrap.c.obj
[149/1051] Building C object esp-idf/wpa_supplicant/CMakeFiles/__idf_wpa_supplicant.dir/src/crypto/aes-gcm.c.obj
[208/1051] Building C object esp-idf/wpa_supplicant/CMakeFiles/__idf_wpa_supplicant.dir/src/crypto/aes-unwrap.c.obj
[227/1051] Building C object esp-idf/lwip/CMakeFiles/__idf_lwip.dir/lwip/src/api/netifapi.c.obj
[209/1051] Building C object esp-idf/esp_netif/CMakeFiles/__idf_esp_netif.dir/lwip/esp_netif_lwip_defaults.c.obj
[9/1051] Building C object esp-idf/esp_http_client/CMakeFiles/__idf_esp_http_client.dir/lib/http_auth.c.obj
[123/1051] Building C object esp-idf/esp_wifi/CMakeFiles/__idf_esp_wifi.dir/esp32s3/esp_adapter.c.obj
[178/1051] Building C object esp-idf/wpa_supplicant/CMakeFiles/__idf_wpa_supplicant.dir/src/utils/wpabuf.c.obj
[199/1049] Linking C static library esp-idf/esp_coex/libesp_coex.a
[225/1051] Building C object esp-idf/esp_netif/CMakeFiles/__idf_esp_netif.dir/lwip/netif/ethernetif.c.obj
[150/1051] Building C object esp-idf/wpa_supplicant/CMakeFiles/__idf_wpa_supplicant.dir/src/crypto/sha1-prf.c.obj
[124/1051] Linking C static library esp-idf/esp_driver_sdmmc/libesp_driver_sdmmc.a
[226/1051] Building C object esp-idf/esp_netif/CMakeFiles/__idf_esp_netif.dir/lwip/netif/wlanif.c.obj
[10/1051] Building C object esp-idf/esp_adc/CMakeFiles/__idf_esp_adc.dir/adc_cali.c.obj
[151/1051] Building C object esp-idf/wpa_supplicant/CMakeFiles/__idf_wpa_supplicant.dir/src/crypto/sha256-prf.c.obj
[174/1051] Building C object esp-idf/wpa_supplicant/CMakeFiles/__idf_wpa_supplicant.dir/src/rsn_supp/pmksa_cache.c.obj
[210/1051] Building C object esp-idf/esp_netif/CMakeFiles/__idf_esp_netif.dir/esp_netif_objects.c.obj
[247/1051] Building C object esp-idf/lwip/CMakeFiles/__idf_lwip.dir/lwip/src/core/tcp.c.obj
[152/1051] Building C object esp-idf/wpa_supplicant/CMakeFiles/__idf_wpa_supplicant.dir/src/common/wpa_common.c.obj
[190/1051] Building C object esp-idf/wpa_supplicant/CMakeFiles/__idf_wpa_supplicant.dir/src/wps/wps_dev_attr.c.obj
[248/1051] Building C object esp-idf/lwip/CMakeFiles/__idf_lwip.dir/lwip/src/core/ipv4/autoip.c.obj
[11/1051] Building C object esp-idf/esp_http_server/CMakeFiles/__idf_esp_http_server.dir/src/httpd_parse.c.obj
[211/1051] Building C object esp-idf/lwip/CMakeFiles/__idf_lwip.dir/apps/sntp/sntp.c.obj
[12/1051] Building C object esp-idf/tcp_transport/CMakeFiles/__idf_tcp_transport.dir/transport_internal.c.obj
[227/1051] Building C object esp-idf/lwip/CMakeFiles/__idf_lwip.dir/lwip/src/api/if_api.c.obj
[125/1051] Building C object esp-idf/wpa_supplicant/CMakeFiles/__idf_wpa_supplicant.dir/src/common/dragonfly.c.obj
[153/1051] Building C object esp-idf/esp_driver_spi/CMakeFiles/__idf_esp_driver_spi.dir/src/gpspi/spi_master.c.obj
[228/1051] Building C object esp-idf/lwip/CMakeFiles/__idf_lwip.dir/lwip/src/api/err.c.obj
[229/1051] Building C object esp-idf/lwip/CMakeFiles/__idf_lwip.dir/lwip/src/core/mem.c.obj
[126/1051] Linking C static library esp-idf/esp_driver_sd_intf/libesp_driver_sd_intf.a
[212/1051] Building C object esp-idf/wpa_supplicant/CMakeFiles/__idf_wpa_supplicant.dir/esp_supplicant/src/crypto/fastpbkdf2.c.obj
[179/1051] Building C object esp-idf/wpa_supplicant/CMakeFiles/__idf_wpa_supplicant.dir/src/eap_peer/eap_peap.c.obj
[191/1051] Building C object esp-idf/wpa_supplicant/CMakeFiles/__idf_wpa_supplicant.dir/src/wps/wps_common.c.obj
[249/1051] Building C object esp-idf/lwip/CMakeFiles/__idf_lwip.dir/lwip/src/core/ipv4/igmp.c.obj
[228/1051] Building C object esp-idf/lwip/CMakeFiles/__idf_lwip.dir/lwip/src/api/tcpip.c.obj
[175/1051] Building C object esp-idf/wpa_supplicant/CMakeFiles/__idf_wpa_supplicant.dir/src/utils/uuid.c.obj
[13/1051] Building C object esp-idf/esp_adc/CMakeFiles/__idf_esp_adc.dir/esp32s3/curve_fitting_coefficients.c.obj
[213/1051] Building C object esp-idf/wpa_supplicant/CMakeFiles/__idf_wpa_supplicant.dir/esp_supplicant/src/crypto/crypto_mbedtls-bignum.c.obj
[154/1051] Building C object esp-idf/wpa_supplicant/CMakeFiles/__idf_wpa_supplicant.dir/src/crypto/ms_funcs.c.obj
[180/1051] Building C object esp-idf/wpa_supplicant/CMakeFiles/__idf_wpa_supplicant.dir/src/rsn_supp/pmksa_cache.c.obj
[14/1051] Building C object esp-idf/esp_http_server/CMakeFiles/__idf_esp_http_server.dir/src/httpd_sess.c.obj
[214/1051] Building C object esp-idf/wpa_supplicant/CMakeFiles/__idf_wpa_supplicant.dir/src/crypto/aes-ccm.c.obj
[230/1051] Building C object esp-idf/lwip/CMakeFiles/__idf_lwip.dir/apps/sntp/sntp.c.obj
[181/1051] Building C object esp-idf/wpa_supplicant/CMakeFiles/__idf_wpa_supplicant.dir/esp_supplicant/src/esp_wpa2_api_port.c.obj
[155/1051] Building C object esp-idf/wpa_supplicant/CMakeFiles/__idf_wpa_supplicant.dir/src/crypto/sha384-prf.c.obj
[200/1049] Building C object esp-idf/wpa_supplicant/CMakeFiles/__idf_wpa_supplicant.dir/esp_supplicant/src/esp_wpa_main.c.obj
[229/1051] Building C object esp-idf/lwip/CMakeFiles/__idf_lwip.dir/lwip/src/api/netdb.c.obj
[176/1051] Building C object esp-idf/wpa_supplicant/CMakeFiles/__idf_wpa_supplicant.dir/src/rsn_supp/wpa_ie.c.obj
[231/1051] Building C object esp-idf/lwip/CMakeFiles/__idf_lwip.dir/lwip/src/core/ip.c.obj
[156/1051] Building C object esp-idf/wpa_supplicant/CMakeFiles/__idf_wpa_supplicant.dir/src/crypto/sha1-tprf.c.obj
[215/1051] Building C object esp-idf/esp_netif/CMakeFiles/__idf_esp_netif.dir/lwip/esp_netif_sntp.c.obj
[15/1051] Building C object esp-idf/tcp_transport/CMakeFiles/__idf_tcp_transport.dir/transport.c.obj
[182/1051] Building C object esp-idf/wpa_supplicant/CMakeFiles/__idf_wpa_supplicant.dir/src/utils/common.c.obj
[127/1051] Building C object esp-idf/wpa_supplicant/CMakeFiles/__idf_wpa_supplicant.dir/port/eloop.c.obj
[230/1051] Building C object esp-idf/lwip/CMakeFiles/__idf_lwip.dir/lwip/src/apps/netbiosns/netbiosns.c.obj
[231/1051] Building C object esp-idf/lwip/CMakeFiles/__idf_lwip.dir/lwip/src/apps/sntp/sntp.c.obj
[16/1051] Building C object esp-idf/esp-tls/CMakeFiles/__idf_esp-tls.dir/esp-tls-crypto/esp_tls_crypto.c.obj
[157/1051] Linking C static library esp-idf/esp_driver_spi/libesp_driver_spi.a
[192/1051] Building C object esp-idf/wpa_supplicant/CMakeFiles/__idf_wpa_supplicant.dir/esp_supplicant/src/esp_wpas_glue.c.obj
[128/1051] Linking C static library esp-idf/sdmmc/libsdmmc.a
[183/1051] Building C object esp-idf/wpa_supplicant/CMakeFiles/__idf_wpa_supplicant.dir/src/utils/json.c.obj
[177/1051] Building C object esp-idf/wpa_supplicant/CMakeFiles/__idf_wpa_supplicant.dir/src/utils/common.c.obj
[129/1051] Building C object esp-idf/wpa_supplicant/CMakeFiles/__idf_wpa_supplicant.dir/src/ap/pmksa_cache_auth.c.obj
[178/1051] Building C object esp-idf/wpa_supplicant/CMakeFiles/__idf_wpa_supplicant.dir/src/eap_peer/eap_peap.c.obj
[17/1051] Building C object esp-idf/esp_adc/CMakeFiles/__idf_esp_adc.dir/adc_cali_curve_fitting.c.obj
[216/1051] Building C object esp-idf/wpa_supplicant/CMakeFiles/__idf_wpa_supplicant.dir/esp_supplicant/src/crypto/tls_mbedtls.c.obj
[201/1049] Building C object esp-idf/wpa_supplicant/CMakeFiles/__idf_wpa_supplicant.dir/esp_supplicant/src/esp_hostap.c.obj
[130/1051] Building C object esp-idf/wpa_supplicant/CMakeFiles/__idf_wpa_supplicant.dir/src/ap/sta_info.c.obj
[217/1051] Building C object esp-idf/wpa_supplicant/CMakeFiles/__idf_wpa_supplicant.dir/src/crypto/des-internal.c.obj
[232/1051] Building C object esp-idf/lwip/CMakeFiles/__idf_lwip.dir/lwip/src/core/def.c.obj
[179/1051] Building C object esp-idf/wpa_supplicant/CMakeFiles/__idf_wpa_supplicant.dir/src/utils/wpa_debug.c.obj
[158/1051] Building C object esp-idf/wpa_supplicant/CMakeFiles/__idf_wpa_supplicant.dir/src/eap_peer/chap.c.obj
[232/1051] Building C object esp-idf/lwip/CMakeFiles/__idf_lwip.dir/lwip/src/core/sys.c.obj
[18/1051] Building C object esp-idf/esp_http_server/CMakeFiles/__idf_esp_http_server.dir/src/httpd_txrx.c.obj
[131/1051] Building C object esp-idf/wpa_supplicant/CMakeFiles/__idf_wpa_supplicant.dir/src/ap/comeback_token.c.obj
[233/1051] Building C object esp-idf/lwip/CMakeFiles/__idf_lwip.dir/lwip/src/api/netbuf.c.obj
[193/1051] Building C object esp-idf/wpa_supplicant/CMakeFiles/__idf_wpa_supplicant.dir/esp_supplicant/src/esp_eap_client.c.obj
[159/1051] Building C object esp-idf/wpa_supplicant/CMakeFiles/__idf_wpa_supplicant.dir/src/ap/wpa_auth.c.obj
[160/1051] Linking C static library esp-idf/esp_wifi/libesp_wifi.a
[218/1051] Building C object esp-idf/esp_netif/CMakeFiles/__idf_esp_netif.dir/esp_netif_handlers.c.obj
[250/1051] Building C object esp-idf/lwip/CMakeFiles/__idf_lwip.dir/lwip/src/core/ipv4/ip4_napt.c.obj
[19/1051] Building C object esp-idf/esp-tls/CMakeFiles/__idf_esp-tls.dir/esp_tls_platform_port.c.obj
[180/1051] Building C object esp-idf/wpa_supplicant/CMakeFiles/__idf_wpa_supplicant.dir/src/utils/wpabuf.c.obj
[20/1051] Building C object esp-idf/esp_http_server/CMakeFiles/__idf_esp_http_server.dir/src/httpd_main.c.obj
[194/1051] Building C object esp-idf/wpa_supplicant/CMakeFiles/__idf_wpa_supplicant.dir/esp_supplicant/src/esp_common.c.obj
[132/1051] Building C object esp-idf/wpa_supplicant/CMakeFiles/__idf_wpa_supplicant.dir/src/ap/wpa_auth_ie.c.obj
[184/1051] Building C object esp-idf/wpa_supplicant/CMakeFiles/__idf_wpa_supplicant.dir/src/wps/wps_attr_parse.c.obj
[21/1051] Building C object esp-idf/esp_http_client/CMakeFiles/__idf_esp_http_client.dir/esp_http_client.c.obj
[161/1051] Building C object esp-idf/wpa_supplicant/CMakeFiles/__idf_wpa_supplicant.dir/src/eap_peer/eap_peap.c.obj
[133/1051] Building C object esp-idf/wpa_supplicant/CMakeFiles/__idf_wpa_supplicant.dir/src/crypto/crypto_ops.c.obj
[134/1051] Linking C static library esp-idf/esp_driver_i2s/libesp_driver_i2s.a
[251/1051] Building C object esp-idf/lwip/CMakeFiles/__idf_lwip.dir/lwip/src/core/ipv4/dhcp.c.obj
[234/1051] Building C object esp-idf/lwip/CMakeFiles/__idf_lwip.dir/lwip/src/core/init.c.obj
[185/1051] Building C object esp-idf/wpa_supplicant/CMakeFiles/__idf_wpa_supplicant.dir/src/wps/wps_attr_process.c.obj
[233/1051] Building C object esp-idf/lwip/CMakeFiles/__idf_lwip.dir/lwip/src/core/init.c.obj
[202/1049] Building C object esp-idf/wpa_supplicant/CMakeFiles/__idf_wpa_supplicant.dir/esp_supplicant/src/crypto/crypto_mbedtls.c.obj
[181/1051] Building C object esp-idf/wpa_supplicant/CMakeFiles/__idf_wpa_supplicant.dir/src/eap_peer/eap_fast_pac.c.obj
[186/1051] Building C object esp-idf/wpa_supplicant/CMakeFiles/__idf_wpa_supplicant.dir/src/eap_peer/eap_fast_pac.c.obj
[234/1051] Building C object esp-idf/wpa_supplicant/CMakeFiles/__idf_wpa_supplicant.dir/esp_supplicant/src/esp_wps.c.obj
[252/1051] Building C object esp-idf/lwip/CMakeFiles/__idf_lwip.dir/lwip/src/core/netif.c.obj
-- Project sdkconfig file /home/tikhon/Документы/magnolia/applets/rust/rhexdump/sdkconfig
[203/1049] Building C object esp-idf/wpa_supplicant/CMakeFiles/__idf_wpa_supplicant.dir/src/eap_peer/eap_fast.c.obj
[235/1051] Building C object esp-idf/lwip/CMakeFiles/__idf_lwip.dir/lwip/src/core/ip.c.obj
[253/1051] Building C object esp-idf/lwip/CMakeFiles/__idf_lwip.dir/lwip/src/core/raw.c.obj
[219/1051] Building C object esp-idf/esp_netif/CMakeFiles/__idf_esp_netif.dir/lwip/netif/esp_pbuf_ref.c.obj
[135/1051] Building C object esp-idf/wpa_supplicant/CMakeFiles/__idf_wpa_supplicant.dir/src/utils/bitfield.c.obj
[204/1049] Building C object esp-idf/wpa_supplicant/CMakeFiles/__idf_wpa_supplicant.dir/src/crypto/rc4.c.obj
[195/1051] Building C object esp-idf/wpa_supplicant/CMakeFiles/__idf_wpa_supplicant.dir/esp_supplicant/src/esp_owe.c.obj
[205/1049] Building C object esp-idf/esp_netif/CMakeFiles/__idf_esp_netif.dir/esp_netif_objects.c.obj
[136/1051] Building C object esp-idf/wpa_supplicant/CMakeFiles/__idf_wpa_supplicant.dir/src/crypto/ms_funcs.c.obj
[196/1051] Building C object esp-idf/wpa_supplicant/CMakeFiles/__idf_wpa_supplicant.dir/esp_supplicant/src/esp_wpa_main.c.obj
[162/1051] Building C object esp-idf/wpa_supplicant/CMakeFiles/__idf_wpa_supplicant.dir/src/eap_common/eap_wsc_common.c.obj
[236/1051] Building C object esp-idf/lwip/CMakeFiles/__idf_lwip.dir/lwip/src/core/mem.c.obj
[206/1049] Building C object esp-idf/wpa_supplicant/CMakeFiles/__idf_wpa_supplicant.dir/src/crypto/des-internal.c.obj
[182/1051] Building C object esp-idf/wpa_supplicant/CMakeFiles/__idf_wpa_supplicant.dir/esp_supplicant/src/esp_wpa2_api_port.c.obj
[237/1051] Building C object esp-idf/lwip/CMakeFiles/__idf_lwip.dir/lwip/src/core/tcp.c.obj
[207/1049] Building C object esp-idf/esp_netif/CMakeFiles/__idf_esp_netif.dir/esp_netif_defaults.c.obj
[22/1051] Building C object esp-idf/esp_https_ota/CMakeFiles/__idf_esp_https_ota.dir/src/esp_https_ota.c.obj
[23/1051] Building C object esp-idf/esp_adc/CMakeFiles/__idf_esp_adc.dir/adc_common.c.obj
[208/1049] Building C object esp-idf/esp_netif/CMakeFiles/__idf_esp_netif.dir/esp_netif_handlers.c.obj
[235/1051] Building C object esp-idf/lwip/CMakeFiles/__idf_lwip.dir/lwip/src/api/tcpip.c.obj
[220/1051] Building C object esp-idf/wpa_supplicant/CMakeFiles/__idf_wpa_supplicant.dir/esp_supplicant/src/esp_eap_client.c.obj
[183/1051] Building C object esp-idf/wpa_supplicant/CMakeFiles/__idf_wpa_supplicant.dir/src/common/sae.c.obj
[163/1051] Building C object esp-idf/wpa_supplicant/CMakeFiles/__idf_wpa_supplicant.dir/src/eap_peer/eap_ttls.c.obj
[209/1049] Building C object esp-idf/wpa_supplicant/CMakeFiles/__idf_wpa_supplicant.dir/src/crypto/aes-wrap.c.obj
[187/1051] Building C object esp-idf/wpa_supplicant/CMakeFiles/__idf_wpa_supplicant.dir/src/common/sae.c.obj
[24/1051] Building C object esp-idf/esp-tls/CMakeFiles/__idf_esp-tls.dir/esp_tls_error_capture.c.obj
[254/1051] Building C object esp-idf/esp_netif/CMakeFiles/__idf_esp_netif.dir/lwip/esp_netif_lwip.c.obj
[236/1051] Building C object esp-idf/lwip/CMakeFiles/__idf_lwip.dir/lwip/src/core/def.c.obj
[197/1051] Building C object esp-idf/wpa_supplicant/CMakeFiles/__idf_wpa_supplicant.dir/esp_supplicant/src/crypto/fastpsk.c.obj
[238/1051] Building C object esp-idf/lwip/CMakeFiles/__idf_lwip.dir/lwip/src/api/api_lib.c.obj
[25/1051] Building C object esp-idf/esp_adc/CMakeFiles/__idf_esp_adc.dir/adc_oneshot.c.obj
[198/1051] Building C object esp-idf/wpa_supplicant/CMakeFiles/__idf_wpa_supplicant.dir/src/common/sae_pk.c.obj
[137/1051] Building C object esp-idf/wpa_supplicant/CMakeFiles/__idf_wpa_supplicant.dir/src/crypto/sha384-tlsprf.c.obj
[255/1051] Building C object esp-idf/lwip/CMakeFiles/__idf_lwip.dir/lwip/src/core/ipv6/icmp6.c.obj
[239/1051] Building C object esp-idf/lwip/CMakeFiles/__idf_lwip.dir/lwip/src/core/inet_chksum.c.obj
[237/1051] Building C object esp-idf/lwip/CMakeFiles/__idf_lwip.dir/lwip/src/apps/netbiosns/netbiosns.c.obj
[138/1051] Building C object esp-idf/wpa_supplicant/CMakeFiles/__idf_wpa_supplicant.dir/src/crypto/sha256-kdf.c.obj
[26/1051] Linking C static library esp-idf/esp_https_ota/libesp_https_ota.a
[188/1051] Building C object esp-idf/wpa_supplicant/CMakeFiles/__idf_wpa_supplicant.dir/esp_supplicant/src/esp_wpa_main.c.obj
[164/1051] Building C object esp-idf/wpa_supplicant/CMakeFiles/__idf_wpa_supplicant.dir/src/eap_peer/eap_peap_common.c.obj
[139/1051] Linking C static library esp-idf/esp_driver_mcpwm/libesp_driver_mcpwm.a
[256/1051] Building C object esp-idf/lwip/CMakeFiles/__idf_lwip.dir/lwip/src/core/ipv4/ip4_addr.c.obj
[27/1051] Building C object esp-idf/esp_adc/CMakeFiles/__idf_esp_adc.dir/gdma/adc_dma.c.obj
[221/1051] Building C object esp-idf/lwip/CMakeFiles/__idf_lwip.dir/lwip/src/api/netdb.c.obj
[189/1051] Building C object esp-idf/wpa_supplicant/CMakeFiles/__idf_wpa_supplicant.dir/esp_supplicant/src/esp_wpas_glue.c.obj
[238/1051] Building C object esp-idf/lwip/CMakeFiles/__idf_lwip.dir/lwip/src/core/inet_chksum.c.obj
[210/1049] Building C object esp-idf/wpa_supplicant/CMakeFiles/__idf_wpa_supplicant.dir/esp_supplicant/src/esp_wpa3.c.obj
[165/1051] Building C object esp-idf/wpa_supplicant/CMakeFiles/__idf_wpa_supplicant.dir/src/utils/base64.c.obj
[257/1051] Building C object esp-idf/lwip/CMakeFiles/__idf_lwip.dir/lwip/src/core/ipv4/ip4.c.obj
[222/1051] Building C object esp-idf/lwip/CMakeFiles/__idf_lwip.dir/lwip/src/api/tcpip.c.obj
[240/1051] Building C object esp-idf/lwip/CMakeFiles/__idf_lwip.dir/lwip/src/core/memp.c.obj
[166/1051] Building C object esp-idf/wpa_supplicant/CMakeFiles/__idf_wpa_supplicant.dir/src/common/ieee802_11_common.c.obj
[140/1051] Building C object esp-idf/wpa_supplicant/CMakeFiles/__idf_wpa_supplicant.dir/src/crypto/aes-siv.c.obj
[211/1049] Building C object esp-idf/wpa_supplicant/CMakeFiles/__idf_wpa_supplicant.dir/src/crypto/aes-unwrap.c.obj
[190/1051] Building C object esp-idf/wpa_supplicant/CMakeFiles/__idf_wpa_supplicant.dir/src/wps/wps_attr_build.c.obj
[241/1051] Building C object esp-idf/lwip/CMakeFiles/__idf_lwip.dir/lwip/src/core/timeouts.c.obj
[258/1051] Building C object esp-idf/lwip/CMakeFiles/__idf_lwip.dir/lwip/src/core/dns.c.obj
[199/1051] Linking C static library esp-idf/esp_coex/libesp_coex.a
[167/1051] Building C object esp-idf/wpa_supplicant/CMakeFiles/__idf_wpa_supplicant.dir/src/eap_peer/eap_fast_common.c.obj
[212/1049] Building C object esp-idf/wpa_supplicant/CMakeFiles/__idf_wpa_supplicant.dir/src/crypto/aes-ccm.c.obj
[259/1051] Building C object esp-idf/lwip/CMakeFiles/__idf_lwip.dir/lwip/src/core/ipv6/dhcp6.c.obj
[200/1051] Building C object esp-idf/wpa_supplicant/CMakeFiles/__idf_wpa_supplicant.dir/src/crypto/rc4.c.obj
[223/1051] Building C object esp-idf/esp_netif/CMakeFiles/__idf_esp_netif.dir/lwip/netif/ethernetif.c.obj
[260/1051] Building C object esp-idf/lwip/CMakeFiles/__idf_lwip.dir/lwip/src/core/ipv6/inet6.c.obj
[242/1051] Building C object esp-idf/lwip/CMakeFiles/__idf_lwip.dir/lwip/src/core/sys.c.obj
[261/1051] Building C object esp-idf/lwip/CMakeFiles/__idf_lwip.dir/lwip/src/core/ipv4/ip4_frag.c.obj
[168/1051] Building C object esp-idf/wpa_supplicant/CMakeFiles/__idf_wpa_supplicant.dir/src/eap_peer/eap_common.c.obj
[224/1051] Building C object esp-idf/esp_netif/CMakeFiles/__idf_esp_netif.dir/lwip/netif/wlanif.c.obj
[239/1051] Building C object esp-idf/wpa_supplicant/CMakeFiles/__idf_wpa_supplicant.dir/esp_supplicant/src/crypto/crypto_mbedtls-ec.c.obj
[225/1051] Building C object esp-idf/lwip/CMakeFiles/__idf_lwip.dir/lwip/src/api/err.c.obj
[262/1051] Building C object esp-idf/lwip/CMakeFiles/__idf_lwip.dir/lwip/src/netif/ethernet.c.obj
[28/1051] Building C object esp-idf/tcp_transport/CMakeFiles/__idf_tcp_transport.dir/transport_ssl.c.obj
[169/1051] Building C object esp-idf/wpa_supplicant/CMakeFiles/__idf_wpa_supplicant.dir/src/eap_peer/eap_tls_common.c.obj
[141/1051] Building C object esp-idf/wpa_supplicant/CMakeFiles/__idf_wpa_supplicant.dir/src/crypto/dh_groups.c.obj
[184/1051] Building C object esp-idf/wpa_supplicant/CMakeFiles/__idf_wpa_supplicant.dir/src/utils/json.c.obj
[213/1049] Building C object esp-idf/wpa_supplicant/CMakeFiles/__idf_wpa_supplicant.dir/esp_supplicant/src/crypto/crypto_mbedtls-bignum.c.obj
[170/1051] Building C object esp-idf/wpa_supplicant/CMakeFiles/__idf_wpa_supplicant.dir/src/utils/uuid.c.obj
[185/1051] Building C object esp-idf/wpa_supplicant/CMakeFiles/__idf_wpa_supplicant.dir/src/wps/wps_attr_process.c.obj
[263/1051] Building C object esp-idf/lwip/CMakeFiles/__idf_lwip.dir/lwip/src/core/ipv6/ethip6.c.obj
[29/1051] Building C object esp-idf/esp_driver_twai/CMakeFiles/__idf_esp_driver_twai.dir/esp_twai.c.obj
[240/1051] Building C object esp-idf/lwip/CMakeFiles/__idf_lwip.dir/lwip/src/core/stats.c.obj
[142/1051] Linking C static library esp-idf/esp_driver_pcnt/libesp_driver_pcnt.a
[214/1049] Building C object esp-idf/wpa_supplicant/CMakeFiles/__idf_wpa_supplicant.dir/esp_supplicant/src/crypto/fastpbkdf2.c.obj
[30/1051] Linking C static library esp-idf/esp_http_server/libesp_http_server.a
[171/1051] Building C object esp-idf/wpa_supplicant/CMakeFiles/__idf_wpa_supplicant.dir/src/eap_peer/mschapv2.c.obj
[191/1051] Building C object esp-idf/wpa_supplicant/CMakeFiles/__idf_wpa_supplicant.dir/src/wps/wps_dev_attr.c.obj
[215/1049] Building C object esp-idf/lwip/CMakeFiles/__idf_lwip.dir/lwip/src/api/err.c.obj
[216/1049] Building C object esp-idf/lwip/CMakeFiles/__idf_lwip.dir/lwip/src/api/netbuf.c.obj
[241/1051] Building C object esp-idf/lwip/CMakeFiles/__idf_lwip.dir/lwip/src/core/memp.c.obj
[264/1051] Building C object esp-idf/lwip/CMakeFiles/__idf_lwip.dir/lwip/src/core/pbuf.c.obj
[143/1051] Building C object esp-idf/wpa_supplicant/CMakeFiles/__idf_wpa_supplicant.dir/src/crypto/sha1-tlsprf.c.obj
[243/1051] Building C object esp-idf/lwip/CMakeFiles/__idf_lwip.dir/lwip/src/core/stats.c.obj
[186/1051] Building C object esp-idf/wpa_supplicant/CMakeFiles/__idf_wpa_supplicant.dir/src/wps/wps.c.obj
[265/1051] Building C object esp-idf/lwip/CMakeFiles/__idf_lwip.dir/lwip/src/core/ipv4/etharp.c.obj
[201/1051] Building C object esp-idf/wpa_supplicant/CMakeFiles/__idf_wpa_supplicant.dir/esp_supplicant/src/esp_hostap.c.obj
[144/1051] Building C object esp-idf/wpa_supplicant/CMakeFiles/__idf_wpa_supplicant.dir/src/crypto/dh_group5.c.obj
[217/1049] Building C object esp-idf/wpa_supplicant/CMakeFiles/__idf_wpa_supplicant.dir/esp_supplicant/src/crypto/tls_mbedtls.c.obj
[226/1051] Building C object esp-idf/lwip/CMakeFiles/__idf_lwip.dir/lwip/src/api/if_api.c.obj
[145/1051] Building C object esp-idf/wpa_supplicant/CMakeFiles/__idf_wpa_supplicant.dir/src/crypto/sha384-prf.c.obj
[192/1051] Building C object esp-idf/wpa_supplicant/CMakeFiles/__idf_wpa_supplicant.dir/esp_supplicant/src/esp_owe.c.obj
[244/1051] Linking C static library esp-idf/wpa_supplicant/libwpa_supplicant.a
[146/1051] Building C object esp-idf/wpa_supplicant/CMakeFiles/__idf_wpa_supplicant.dir/src/crypto/sha256-tlsprf.c.obj
[202/1051] Building C object esp-idf/wpa_supplicant/CMakeFiles/__idf_wpa_supplicant.dir/src/rsn_supp/wpa.c.obj
[147/1051] Building C object esp-idf/wpa_supplicant/CMakeFiles/__idf_wpa_supplicant.dir/src/ap/ieee802_11.c.obj
[148/1051] Building C object esp-idf/wpa_supplicant/CMakeFiles/__idf_wpa_supplicant.dir/src/crypto/ccmp.c.obj
[218/1049] Building C object esp-idf/wpa_supplicant/CMakeFiles/__idf_wpa_supplicant.dir/esp_supplicant/src/esp_eap_client.c.obj
[149/1051] Linking C static library esp-idf/esp_gdbstub/libesp_gdbstub.a
[172/1051] Building C object esp-idf/wpa_supplicant/CMakeFiles/__idf_wpa_supplicant.dir/src/eap_peer/eap_tls.c.obj
[227/1051] Building C object esp-idf/lwip/CMakeFiles/__idf_lwip.dir/lwip/src/api/netbuf.c.obj
[266/1051] Building C object esp-idf/lwip/CMakeFiles/__idf_lwip.dir/lwip/src/api/sockets.c.obj
[219/1049] Building C object esp-idf/lwip/CMakeFiles/__idf_lwip.dir/lwip/src/api/api_lib.c.obj
[31/1051] Linking C static library esp-idf/esp_http_client/libesp_http_client.a
[245/1051] Building C object esp-idf/lwip/CMakeFiles/__idf_lwip.dir/lwip/src/core/raw.c.obj
[203/1051] Building C object esp-idf/wpa_supplicant/CMakeFiles/__idf_wpa_supplicant.dir/esp_supplicant/src/esp_wpa3.c.obj
[187/1051] Building C object esp-idf/wpa_supplicant/CMakeFiles/__idf_wpa_supplicant.dir/src/wps/wps_attr_parse.c.obj
[228/1051] Building C object esp-idf/lwip/CMakeFiles/__idf_lwip.dir/lwip/src/core/dns.c.obj
[229/1051] Building C object esp-idf/lwip/CMakeFiles/__idf_lwip.dir/lwip/src/api/netifapi.c.obj
[188/1051] Building C object esp-idf/wpa_supplicant/CMakeFiles/__idf_wpa_supplicant.dir/esp_supplicant/src/esp_wpas_glue.c.obj
[230/1051] Building C object esp-idf/wpa_supplicant/CMakeFiles/__idf_wpa_supplicant.dir/esp_supplicant/src/crypto/crypto_mbedtls-ec.c.obj
[189/1051] Building C object esp-idf/wpa_supplicant/CMakeFiles/__idf_wpa_supplicant.dir/src/wps/wps_attr_build.c.obj
[242/1051] Building C object esp-idf/lwip/CMakeFiles/__idf_lwip.dir/lwip/src/api/api_lib.c.obj
[204/1051] Building C object esp-idf/wpa_supplicant/CMakeFiles/__idf_wpa_supplicant.dir/src/wps/wps_enrollee.c.obj
[150/1051] Building C object esp-idf/wpa_supplicant/CMakeFiles/__idf_wpa_supplicant.dir/src/crypto/aes-gcm.c.obj
[267/1051] Building C object esp-idf/lwip/CMakeFiles/__idf_lwip.dir/lwip/src/netif/ppp/chap-new.c.obj
[246/1051] Building C object esp-idf/lwip/CMakeFiles/__idf_lwip.dir/lwip/src/core/pbuf.c.obj
[220/1049] Building C object esp-idf/esp_netif/CMakeFiles/__idf_esp_netif.dir/lwip/esp_netif_lwip_defaults.c.obj
[243/1051] Building C object esp-idf/lwip/CMakeFiles/__idf_lwip.dir/lwip/src/core/ipv4/autoip.c.obj
[231/1051] Building C object esp-idf/lwip/CMakeFiles/__idf_lwip.dir/lwip/src/api/api_lib.c.obj
[193/1051] Building C object esp-idf/wpa_supplicant/CMakeFiles/__idf_wpa_supplicant.dir/src/wps/wps_common.c.obj
[268/1051] Building C object esp-idf/lwip/CMakeFiles/__idf_lwip.dir/lwip/src/netif/ppp/chap-md5.c.obj
[205/1051] Building C object esp-idf/esp_netif/CMakeFiles/__idf_esp_netif.dir/esp_netif_defaults.c.obj
[151/1051] Building C object esp-idf/esp_driver_spi/CMakeFiles/__idf_esp_driver_spi.dir/src/gpspi/spi_master.c.obj
[206/1051] Building C object esp-idf/wpa_supplicant/CMakeFiles/__idf_wpa_supplicant.dir/src/crypto/aes-unwrap.c.obj
[190/1051] Building C object esp-idf/wpa_supplicant/CMakeFiles/__idf_wpa_supplicant.dir/src/wps/wps_common.c.obj
[207/1051] Building C object esp-idf/wpa_supplicant/CMakeFiles/__idf_wpa_supplicant.dir/src/crypto/aes-wrap.c.obj
[32/1051] Building C object esp-idf/esp_adc/CMakeFiles/__idf_esp_adc.dir/adc_monitor.c.obj
[247/1051] Building C object esp-idf/lwip/CMakeFiles/__idf_lwip.dir/lwip/src/api/api_msg.c.obj
[269/1051] Building C object esp-idf/lwip/CMakeFiles/__idf_lwip.dir/lwip/src/core/ipv6/ip6_frag.c.obj
[152/1051] Building C object esp-idf/wpa_supplicant/CMakeFiles/__idf_wpa_supplicant.dir/src/crypto/sha256-prf.c.obj
[208/1051] Building C object esp-idf/wpa_supplicant/CMakeFiles/__idf_wpa_supplicant.dir/src/crypto/aes-ccm.c.obj
[232/1051] Building C object esp-idf/wpa_supplicant/CMakeFiles/__idf_wpa_supplicant.dir/esp_supplicant/src/esp_wps.c.obj
[270/1051] Building C object esp-idf/lwip/CMakeFiles/__idf_lwip.dir/lwip/src/netif/ppp/ecp.c.obj
[194/1051] Building C object esp-idf/wpa_supplicant/CMakeFiles/__idf_wpa_supplicant.dir/esp_supplicant/src/crypto/fastpsk.c.obj
[271/1051] Building C object esp-idf/lwip/CMakeFiles/__idf_lwip.dir/lwip/src/core/udp.c.obj
[195/1051] Building C object esp-idf/wpa_supplicant/CMakeFiles/__idf_wpa_supplicant.dir/src/eap_peer/eap_fast.c.obj
[209/1051] Building C object esp-idf/wpa_supplicant/CMakeFiles/__idf_wpa_supplicant.dir/esp_supplicant/src/crypto/crypto_mbedtls-bignum.c.obj
[173/1051] Building C object esp-idf/wpa_supplicant/CMakeFiles/__idf_wpa_supplicant.dir/src/utils/ext_password.c.obj
[153/1051] Linking C static library esp-idf/esp_driver_spi/libesp_driver_spi.a
[196/1051] Building C object esp-idf/wpa_supplicant/CMakeFiles/__idf_wpa_supplicant.dir/esp_supplicant/src/esp_common.c.obj
[210/1051] Building C object esp-idf/wpa_supplicant/CMakeFiles/__idf_wpa_supplicant.dir/esp_supplicant/src/crypto/fastpbkdf2.c.obj
[33/1051] Building C object esp-idf/esp_adc/CMakeFiles/__idf_esp_adc.dir/adc_filter.c.obj
[174/1051] Building C object esp-idf/wpa_supplicant/CMakeFiles/__idf_wpa_supplicant.dir/src/eap_peer/eap_mschapv2.c.obj
[221/1049] Building C object esp-idf/lwip/CMakeFiles/__idf_lwip.dir/apps/sntp/sntp.c.obj
[197/1051] Building C object esp-idf/wpa_supplicant/CMakeFiles/__idf_wpa_supplicant.dir/src/common/sae_pk.c.obj
[272/1051] Building C object esp-idf/lwip/CMakeFiles/__idf_lwip.dir/lwip/src/netif/ppp/demand.c.obj
[233/1051] Building C object esp-idf/lwip/CMakeFiles/__idf_lwip.dir/lwip/src/apps/netbiosns/netbiosns.c.obj
[34/1051] Building C object esp-idf/driver/CMakeFiles/__idf_driver.dir/touch_sensor/touch_sensor_common.c.obj
[222/1049] Building C object esp-idf/esp_netif/CMakeFiles/__idf_esp_netif.dir/lwip/netif/ethernetif.c.obj
[154/1051] Building C object esp-idf/wpa_supplicant/CMakeFiles/__idf_wpa_supplicant.dir/src/crypto/sha1-prf.c.obj
[223/1049] Building C object esp-idf/esp_netif/CMakeFiles/__idf_esp_netif.dir/lwip/netif/esp_pbuf_ref.c.obj
[155/1051] Building C object esp-idf/wpa_supplicant/CMakeFiles/__idf_wpa_supplicant.dir/src/common/wpa_common.c.obj
[248/1051] Building C object esp-idf/lwip/CMakeFiles/__idf_lwip.dir/lwip/src/core/ipv4/autoip.c.obj
[175/1051] Building C object esp-idf/wpa_supplicant/CMakeFiles/__idf_wpa_supplicant.dir/src/rsn_supp/wpa_ie.c.obj
[224/1049] Building C object esp-idf/esp_netif/CMakeFiles/__idf_esp_netif.dir/lwip/esp_netif_sntp.c.obj
[234/1051] Building C object esp-idf/lwip/CMakeFiles/__idf_lwip.dir/lwip/src/core/ip.c.obj
[273/1051] Building C object esp-idf/lwip/CMakeFiles/__idf_lwip.dir/lwip/src/netif/ppp/chap_ms.c.obj
[211/1051] Building C object esp-idf/esp_netif/CMakeFiles/__idf_esp_netif.dir/esp_netif_objects.c.obj
[235/1051] Building C object esp-idf/lwip/CMakeFiles/__idf_lwip.dir/lwip/src/core/init.c.obj
[236/1051] Building C object esp-idf/lwip/CMakeFiles/__idf_lwip.dir/lwip/src/core/mem.c.obj
[191/1051] Building C object esp-idf/wpa_supplicant/CMakeFiles/__idf_wpa_supplicant.dir/esp_supplicant/src/esp_owe.c.obj
[212/1051] Building C object esp-idf/wpa_supplicant/CMakeFiles/__idf_wpa_supplicant.dir/esp_supplicant/src/crypto/crypto_mbedtls-rsa.c.obj
[192/1051] Building C object esp-idf/wpa_supplicant/CMakeFiles/__idf_wpa_supplicant.dir/esp_supplicant/src/esp_common.c.obj
[176/1051] Building C object esp-idf/wpa_supplicant/CMakeFiles/__idf_wpa_supplicant.dir/src/utils/wpabuf.c.obj
[274/1051] Building C object esp-idf/lwip/CMakeFiles/__idf_lwip.dir/lwip/src/netif/bridgeif_fdb.c.obj
[156/1051] Building C object esp-idf/wpa_supplicant/CMakeFiles/__idf_wpa_supplicant.dir/src/eap_peer/chap.c.obj
[213/1051] Building C object esp-idf/esp_netif/CMakeFiles/__idf_esp_netif.dir/esp_netif_handlers.c.obj
[237/1051] Building C object esp-idf/lwip/CMakeFiles/__idf_lwip.dir/lwip/src/core/stats.c.obj
[35/1051] Building C object esp-idf/esp_adc/CMakeFiles/__idf_esp_adc.dir/adc_continuous.c.obj
[157/1051] Building C object esp-idf/wpa_supplicant/CMakeFiles/__idf_wpa_supplicant.dir/src/eap_common/eap_wsc_common.c.obj
[225/1049] Building C object esp-idf/esp_netif/CMakeFiles/__idf_esp_netif.dir/lwip/netif/wlanif.c.obj
[226/1049] Building C object esp-idf/lwip/CMakeFiles/__idf_lwip.dir/lwip/src/core/ip.c.obj
[238/1051] Building C object esp-idf/lwip/CMakeFiles/__idf_lwip.dir/lwip/src/apps/sntp/sntp.c.obj
[158/1051] Linking C static library esp-idf/esp_wifi/libesp_wifi.a
[239/1051] Building C object esp-idf/lwip/CMakeFiles/__idf_lwip.dir/lwip/src/core/inet_chksum.c.obj
[227/1049] Building C object esp-idf/lwip/CMakeFiles/__idf_lwip.dir/lwip/src/api/if_api.c.obj
[193/1051] Building C object esp-idf/wpa_supplicant/CMakeFiles/__idf_wpa_supplicant.dir/src/wps/wps_dev_attr.c.obj
[275/1051] Building C object esp-idf/lwip/CMakeFiles/__idf_lwip.dir/lwip/src/core/ipv6/ip6_addr.c.obj
[244/1051] Linking C static library esp-idf/wpa_supplicant/libwpa_supplicant.a
[214/1051] Building C object esp-idf/wpa_supplicant/CMakeFiles/__idf_wpa_supplicant.dir/esp_supplicant/src/crypto/crypto_mbedtls.c.obj
[276/1051] Building C object esp-idf/lwip/CMakeFiles/__idf_lwip.dir/lwip/src/netif/bridgeif.c.obj
[177/1051] Building C object esp-idf/wpa_supplicant/CMakeFiles/__idf_wpa_supplicant.dir/src/utils/wpa_debug.c.obj
[194/1051] Building C object esp-idf/wpa_supplicant/CMakeFiles/__idf_wpa_supplicant.dir/esp_supplicant/src/crypto/crypto_mbedtls.c.obj
[240/1051] Building C object esp-idf/lwip/CMakeFiles/__idf_lwip.dir/lwip/src/core/def.c.obj
[178/1051] Building C object esp-idf/wpa_supplicant/CMakeFiles/__idf_wpa_supplicant.dir/src/eap_peer/eap_fast_pac.c.obj
[277/1051] Building C object esp-idf/lwip/CMakeFiles/__idf_lwip.dir/lwip/src/netif/ppp/auth.c.obj
[245/1051] Building C object esp-idf/lwip/CMakeFiles/__idf_lwip.dir/lwip/src/core/timeouts.c.obj
[278/1051] Building C object esp-idf/lwip/CMakeFiles/__idf_lwip.dir/lwip/src/netif/ppp/ccp.c.obj
[179/1051] Building C object esp-idf/wpa_supplicant/CMakeFiles/__idf_wpa_supplicant.dir/src/wps/wps_attr_parse.c.obj
[195/1051] Building C object esp-idf/wpa_supplicant/CMakeFiles/__idf_wpa_supplicant.dir/src/eap_peer/eap_fast.c.obj
[279/1051] Building C object esp-idf/lwip/CMakeFiles/__idf_lwip.dir/lwip/src/core/ipv6/ip6.c.obj
[249/1051] Building C object esp-idf/lwip/CMakeFiles/__idf_lwip.dir/lwip/src/core/ipv4/ip4_napt.c.obj
[180/1051] Building C object esp-idf/wpa_supplicant/CMakeFiles/__idf_wpa_supplicant.dir/src/rsn_supp/pmksa_cache.c.obj
[159/1051] Building C object esp-idf/wpa_supplicant/CMakeFiles/__idf_wpa_supplicant.dir/src/eap_peer/eap_common.c.obj
[280/1051] Building C object esp-idf/lwip/CMakeFiles/__idf_lwip.dir/lwip/src/netif/slipif.c.obj
[250/1051] Building C object esp-idf/lwip/CMakeFiles/__idf_lwip.dir/lwip/src/core/dns.c.obj
[215/1051] Building C object esp-idf/wpa_supplicant/CMakeFiles/__idf_wpa_supplicant.dir/src/crypto/des-internal.c.obj
[160/1051] Building C object esp-idf/wpa_supplicant/CMakeFiles/__idf_wpa_supplicant.dir/src/crypto/sha1-tprf.c.obj
[246/1051] Building C object esp-idf/lwip/CMakeFiles/__idf_lwip.dir/lwip/src/core/ipv4/icmp.c.obj
[281/1051] Building C object esp-idf/lwip/CMakeFiles/__idf_lwip.dir/lwip/src/netif/ppp/ipv6cp.c.obj
[241/1051] Building C object esp-idf/lwip/CMakeFiles/__idf_lwip.dir/lwip/src/api/sockets.c.obj
[247/1051] Building C object esp-idf/lwip/CMakeFiles/__idf_lwip.dir/lwip/src/core/raw.c.obj
[282/1051] Building C object esp-idf/lwip/CMakeFiles/__idf_lwip.dir/lwip/src/netif/ppp/eui64.c.obj
[181/1051] Building C object esp-idf/wpa_supplicant/CMakeFiles/__idf_wpa_supplicant.dir/src/eap_peer/eap.c.obj
[248/1051] Building C object esp-idf/lwip/CMakeFiles/__idf_lwip.dir/lwip/src/api/api_msg.c.obj
[216/1051] Building C object esp-idf/esp_netif/CMakeFiles/__idf_esp_netif.dir/lwip/esp_netif_lwip_defaults.c.obj
[228/1049] Building C object esp-idf/lwip/CMakeFiles/__idf_lwip.dir/lwip/src/api/netifapi.c.obj
[251/1051] Building C object esp-idf/lwip/CMakeFiles/__idf_lwip.dir/lwip/src/core/ipv4/icmp.c.obj
[249/1051] Building C object esp-idf/lwip/CMakeFiles/__idf_lwip.dir/lwip/src/core/pbuf.c.obj
[283/1051] Building C object esp-idf/lwip/CMakeFiles/__idf_lwip.dir/lwip/src/netif/ppp/pppapi.c.obj
[229/1049] Building C object esp-idf/lwip/CMakeFiles/__idf_lwip.dir/lwip/src/apps/netbiosns/netbiosns.c.obj
[198/1051] Building C object esp-idf/wpa_supplicant/CMakeFiles/__idf_wpa_supplicant.dir/esp_supplicant/src/esp_hostap.c.obj
[217/1051] Building C object esp-idf/wpa_supplicant/CMakeFiles/__idf_wpa_supplicant.dir/esp_supplicant/src/crypto/tls_mbedtls.c.obj
[252/1051] Building C object esp-idf/lwip/CMakeFiles/__idf_lwip.dir/lwip/src/core/ipv6/dhcp6.c.obj
[284/1051] Building C object esp-idf/lwip/CMakeFiles/__idf_lwip.dir/lwip/src/netif/ppp/eap.c.obj
[196/1051] Building C object esp-idf/wpa_supplicant/CMakeFiles/__idf_wpa_supplicant.dir/src/common/sae_pk.c.obj
[161/1051] Building C object esp-idf/wpa_supplicant/CMakeFiles/__idf_wpa_supplicant.dir/src/eap_peer/eap_peap_common.c.obj
[242/1051] Building C object esp-idf/lwip/CMakeFiles/__idf_lwip.dir/lwip/src/core/sys.c.obj
[197/1051] Building C object esp-idf/wpa_supplicant/CMakeFiles/__idf_wpa_supplicant.dir/esp_supplicant/src/esp_wpa_main.c.obj
[218/1051] Building C object esp-idf/lwip/CMakeFiles/__idf_lwip.dir/apps/sntp/sntp.c.obj
[285/1051] Building C object esp-idf/lwip/CMakeFiles/__idf_lwip.dir/lwip/src/netif/ppp/fsm.c.obj
[162/1051] Building C object esp-idf/wpa_supplicant/CMakeFiles/__idf_wpa_supplicant.dir/src/ap/wpa_auth.c.obj
[36/1051] Building C object esp-idf/tcp_transport/CMakeFiles/__idf_tcp_transport.dir/transport_ws.c.obj
[219/1051] Building C object esp-idf/esp_netif/CMakeFiles/__idf_esp_netif.dir/lwip/netif/wlanif.c.obj
[253/1051] Building C object esp-idf/lwip/CMakeFiles/__idf_lwip.dir/lwip/src/core/ipv4/ip4_frag.c.obj
[230/1049] Building C object esp-idf/lwip/CMakeFiles/__idf_lwip.dir/lwip/src/api/tcpip.c.obj
[163/1051] Building C object esp-idf/wpa_supplicant/CMakeFiles/__idf_wpa_supplicant.dir/src/crypto/md4-internal.c.obj
[286/1051] Building C object esp-idf/lwip/CMakeFiles/__idf_lwip.dir/lwip/src/netif/ppp/upap.c.obj
[199/1051] Building C object esp-idf/wpa_supplicant/CMakeFiles/__idf_wpa_supplicant.dir/src/wps/wps_enrollee.c.obj
[198/1051] Building C object esp-idf/wpa_supplicant/CMakeFiles/__idf_wpa_supplicant.dir/esp_supplicant/src/crypto/crypto_mbedtls-rsa.c.obj
[250/1051] Building C object esp-idf/lwip/CMakeFiles/__idf_lwip.dir/lwip/src/core/ipv4/etharp.c.obj
[220/1051] Building C object esp-idf/esp_netif/CMakeFiles/__idf_esp_netif.dir/lwip/netif/esp_pbuf_ref.c.obj
[243/1051] Building C object esp-idf/lwip/CMakeFiles/__idf_lwip.dir/lwip/src/core/memp.c.obj
[199/1051] Building C object esp-idf/wpa_supplicant/CMakeFiles/__idf_wpa_supplicant.dir/esp_supplicant/src/crypto/fastpsk.c.obj
[200/1051] Building C object esp-idf/wpa_supplicant/CMakeFiles/__idf_wpa_supplicant.dir/src/crypto/aes-wrap.c.obj
[287/1051] Building C object esp-idf/lwip/CMakeFiles/__idf_lwip.dir/lwip/src/core/tcp_in.c.obj
[37/1051] Building C object esp-idf/esp-tls/CMakeFiles/__idf_esp-tls.dir/esp_tls_mbedtls.c.obj
[251/1051] Building C object esp-idf/lwip/CMakeFiles/__idf_lwip.dir/lwip/src/core/dns.c.obj
[231/1049] Building C object esp-idf/wpa_supplicant/CMakeFiles/__idf_wpa_supplicant.dir/esp_supplicant/src/esp_wps.c.obj
[201/1051] Linking C static library esp-idf/esp_coex/libesp_coex.a
[254/1051] Building C object esp-idf/lwip/CMakeFiles/__idf_lwip.dir/lwip/src/core/ipv6/ethip6.c.obj
[232/1049] Building C object esp-idf/lwip/CMakeFiles/__idf_lwip.dir/lwip/src/core/def.c.obj
[202/1051] Building C object esp-idf/wpa_supplicant/CMakeFiles/__idf_wpa_supplicant.dir/src/crypto/des-internal.c.obj
[288/1051] Building C object esp-idf/lwip/CMakeFiles/__idf_lwip.dir/lwip/src/netif/ppp/ipcp.c.obj
[233/1049] Building C object esp-idf/lwip/CMakeFiles/__idf_lwip.dir/lwip/src/apps/sntp/sntp.c.obj
[182/1051] Building C object esp-idf/wpa_supplicant/CMakeFiles/__idf_wpa_supplicant.dir/src/utils/common.c.obj
[183/1051] Building C object esp-idf/wpa_supplicant/CMakeFiles/__idf_wpa_supplicant.dir/src/wps/wps_attr_build.c.obj
[38/1051] Building C object esp-idf/esp_driver_i2c/CMakeFiles/__idf_esp_driver_i2c.dir/i2c_common.c.obj
[203/1051] Building C object esp-idf/wpa_supplicant/CMakeFiles/__idf_wpa_supplicant.dir/esp_supplicant/src/crypto/crypto_mbedtls-rsa.c.obj
[184/1051] Building C object esp-idf/wpa_supplicant/CMakeFiles/__idf_wpa_supplicant.dir/src/common/sae.c.obj
[185/1051] Building C object esp-idf/wpa_supplicant/CMakeFiles/__idf_wpa_supplicant.dir/esp_supplicant/src/esp_wpa2_api_port.c.obj
[221/1051] Building C object esp-idf/lwip/CMakeFiles/__idf_lwip.dir/lwip/src/api/err.c.obj
[289/1051] Building C object esp-idf/lwip/CMakeFiles/__idf_lwip.dir/lwip/src/core/ipv6/mld6.c.obj
[252/1051] Building C object esp-idf/lwip/CMakeFiles/__idf_lwip.dir/lwip/src/core/ipv4/igmp.c.obj
[234/1049] Building C object esp-idf/lwip/CMakeFiles/__idf_lwip.dir/lwip/src/api/netdb.c.obj
[222/1051] Building C object esp-idf/esp_netif/CMakeFiles/__idf_esp_netif.dir/lwip/esp_netif_sntp.c.obj
[255/1051] Building C object esp-idf/lwip/CMakeFiles/__idf_lwip.dir/lwip/src/core/ipv4/ip4.c.obj
[244/1051] Building C object esp-idf/lwip/CMakeFiles/__idf_lwip.dir/lwip/src/core/tcp_out.c.obj
[39/1051] Linking C static library esp-idf/tcp_transport/libtcp_transport.a
[204/1051] Building C object esp-idf/wpa_supplicant/CMakeFiles/__idf_wpa_supplicant.dir/src/crypto/rc4.c.obj
[200/1051] Building C object esp-idf/wpa_supplicant/CMakeFiles/__idf_wpa_supplicant.dir/esp_supplicant/src/esp_hostap.c.obj
[253/1051] Building C object esp-idf/lwip/CMakeFiles/__idf_lwip.dir/lwip/src/core/tcp_out.c.obj
[254/1051] Building C object esp-idf/lwip/CMakeFiles/__idf_lwip.dir/lwip/src/core/ipv4/ip4.c.obj
[186/1051] Building C object esp-idf/wpa_supplicant/CMakeFiles/__idf_wpa_supplicant.dir/src/wps/wps_attr_process.c.obj
[290/1051] Building C object esp-idf/lwip/CMakeFiles/__idf_lwip.dir/lwip/src/netif/ppp/pppos.c.obj
[201/1051] Linking C static library esp-idf/esp_coex/libesp_coex.a
[205/1051] Building C object esp-idf/esp_netif/CMakeFiles/__idf_esp_netif.dir/esp_netif_defaults.c.obj
[245/1051] Linking C static library esp-idf/wpa_supplicant/libwpa_supplicant.a
[40/1051] Building C object esp-idf/esp-tls/CMakeFiles/__idf_esp-tls.dir/esp_tls.c.obj
[291/1051] Building C object esp-idf/lwip/CMakeFiles/__idf_lwip.dir/lwip/src/netif/ppp/magic.c.obj
[164/1051] Building C object esp-idf/wpa_supplicant/CMakeFiles/__idf_wpa_supplicant.dir/src/eap_peer/mschapv2.c.obj
[165/1051] Building C object esp-idf/wpa_supplicant/CMakeFiles/__idf_wpa_supplicant.dir/src/eap_peer/eap_mschapv2.c.obj
[206/1051] Building C object esp-idf/esp_netif/CMakeFiles/__idf_esp_netif.dir/esp_netif_objects.c.obj
[292/1051] Building C object esp-idf/lwip/CMakeFiles/__idf_lwip.dir/lwip/src/netif/ppp/lcp.c.obj
[223/1051] Building C object esp-idf/wpa_supplicant/CMakeFiles/__idf_wpa_supplicant.dir/esp_supplicant/src/esp_wps.c.obj
[207/1051] Building C object esp-idf/wpa_supplicant/CMakeFiles/__idf_wpa_supplicant.dir/src/rsn_supp/wpa.c.obj
[256/1051] Building C object esp-idf/lwip/CMakeFiles/__idf_lwip.dir/lwip/src/core/netif.c.obj
[166/1051] Building C object esp-idf/wpa_supplicant/CMakeFiles/__idf_wpa_supplicant.dir/src/common/ieee802_11_common.c.obj
[293/1051] Building C object esp-idf/lwip/CMakeFiles/__idf_lwip.dir/lwip/src/netif/ppp/ppp.c.obj
[246/1051] Building C object esp-idf/lwip/CMakeFiles/__idf_lwip.dir/lwip/src/core/timeouts.c.obj
[257/1051] Building C object esp-idf/lwip/CMakeFiles/__idf_lwip.dir/lwip/src/core/udp.c.obj
[208/1051] Building C object esp-idf/wpa_supplicant/CMakeFiles/__idf_wpa_supplicant.dir/esp_supplicant/src/esp_wpa3.c.obj
[167/1051] Building C object esp-idf/wpa_supplicant/CMakeFiles/__idf_wpa_supplicant.dir/src/eap_peer/eap_tls.c.obj
[258/1051] Building C object esp-idf/lwip/CMakeFiles/__idf_lwip.dir/lwip/src/core/ipv4/igmp.c.obj
[259/1051] Building C object esp-idf/lwip/CMakeFiles/__idf_lwip.dir/lwip/src/core/ipv4/ip4_addr.c.obj
[209/1051] Building C object esp-idf/wpa_supplicant/CMakeFiles/__idf_wpa_supplicant.dir/esp_supplicant/src/crypto/crypto_mbedtls-bignum.c.obj
[294/1051] Building C object esp-idf/lwip/CMakeFiles/__idf_lwip.dir/lwip/src/netif/ppp/pppol2tp.c.obj
[295/1051] Building C object esp-idf/lwip/CMakeFiles/__idf_lwip.dir/lwip/src/netif/ppp/pppoe.c.obj
[187/1051] Building C object esp-idf/wpa_supplicant/CMakeFiles/__idf_wpa_supplicant.dir/src/utils/json.c.obj
[41/1051] Building C object esp-idf/esp_driver_tsens/CMakeFiles/__idf_esp_driver_tsens.dir/src/temperature_sensor.c.obj
[210/1051] Building C object esp-idf/wpa_supplicant/CMakeFiles/__idf_wpa_supplicant.dir/src/crypto/aes-unwrap.c.obj
[235/1049] Building C object esp-idf/lwip/CMakeFiles/__idf_lwip.dir/lwip/src/core/raw.c.obj
[224/1051] Building C object esp-idf/esp_netif/CMakeFiles/__idf_esp_netif.dir/lwip/netif/ethernetif.c.obj
[296/1051] Building C object esp-idf/lwip/CMakeFiles/__idf_lwip.dir/lwip/src/netif/ppp/mppe.c.obj
[236/1049] Building C object esp-idf/wpa_supplicant/CMakeFiles/__idf_wpa_supplicant.dir/esp_supplicant/src/crypto/crypto_mbedtls-ec.c.obj
[225/1051] Building C object esp-idf/lwip/CMakeFiles/__idf_lwip.dir/lwip/src/apps/netbiosns/netbiosns.c.obj
[247/1051] Building C object esp-idf/lwip/CMakeFiles/__idf_lwip.dir/lwip/src/core/ipv4/icmp.c.obj
[237/1049] Building C object esp-idf/lwip/CMakeFiles/__idf_lwip.dir/lwip/src/core/init.c.obj
[202/1051] Building C object esp-idf/wpa_supplicant/CMakeFiles/__idf_wpa_supplicant.dir/esp_supplicant/src/esp_wpa3.c.obj
[248/1051] Building C object esp-idf/lwip/CMakeFiles/__idf_lwip.dir/lwip/src/core/raw.c.obj
[211/1051] Building C object esp-idf/wpa_supplicant/CMakeFiles/__idf_wpa_supplicant.dir/esp_supplicant/src/crypto/tls_mbedtls.c.obj
[203/1051] Building C object esp-idf/wpa_supplicant/CMakeFiles/__idf_wpa_supplicant.dir/src/crypto/rc4.c.obj
[238/1049] Building C object esp-idf/lwip/CMakeFiles/__idf_lwip.dir/lwip/src/core/sys.c.obj
[297/1051] Building C object esp-idf/lwip/CMakeFiles/__idf_lwip.dir/port/if_index.c.obj
[239/1049] Building C object esp-idf/lwip/CMakeFiles/__idf_lwip.dir/lwip/src/core/mem.c.obj
[42/1051] Linking C static library esp-idf/esp_adc/libesp_adc.a
[204/1051] Building C object esp-idf/esp_netif/CMakeFiles/__idf_esp_netif.dir/esp_netif_defaults.c.obj
[298/1051] Building C object esp-idf/lwip/CMakeFiles/__idf_lwip.dir/lwip/src/netif/ppp/multilink.c.obj
[168/1051] Building C object esp-idf/wpa_supplicant/CMakeFiles/__idf_wpa_supplicant.dir/src/eap_peer/eap.c.obj
[205/1051] Building C object esp-idf/wpa_supplicant/CMakeFiles/__idf_wpa_supplicant.dir/src/rsn_supp/wpa.c.obj
[43/1051] Building C object esp-idf/esp_driver_i2c/CMakeFiles/__idf_esp_driver_i2c.dir/i2c_slave.c.obj
[206/1051] Building C object esp-idf/esp_netif/CMakeFiles/__idf_esp_netif.dir/esp_netif_handlers.c.obj
[44/1051] Building C object esp-idf/driver/CMakeFiles/__idf_driver.dir/touch_sensor/esp32s3/touch_sensor.c.obj
[249/1051] Building C object esp-idf/lwip/CMakeFiles/__idf_lwip.dir/lwip/src/core/ipv4/autoip.c.obj
[212/1051] Building C object esp-idf/wpa_supplicant/CMakeFiles/__idf_wpa_supplicant.dir/src/crypto/aes-ccm.c.obj
[299/1051] Building C object esp-idf/lwip/CMakeFiles/__idf_lwip.dir/port/hooks/lwip_default_hooks.c.obj
[213/1051] Building C object esp-idf/wpa_supplicant/CMakeFiles/__idf_wpa_supplicant.dir/esp_supplicant/src/crypto/fastpbkdf2.c.obj
[240/1049] Building C object esp-idf/lwip/CMakeFiles/__idf_lwip.dir/lwip/src/core/ipv4/autoip.c.obj
[207/1051] Building C object esp-idf/wpa_supplicant/CMakeFiles/__idf_wpa_supplicant.dir/src/crypto/aes-wrap.c.obj
[300/1051] Building C object esp-idf/lwip/CMakeFiles/__idf_lwip.dir/lwip/src/netif/ppp/pppcrypt.c.obj
[255/1051] Building C object esp-idf/lwip/CMakeFiles/__idf_lwip.dir/lwip/src/core/netif.c.obj
[208/1051] Building C object esp-idf/wpa_supplicant/CMakeFiles/__idf_wpa_supplicant.dir/src/crypto/aes-unwrap.c.obj
[250/1051] Building C object esp-idf/lwip/CMakeFiles/__idf_lwip.dir/lwip/src/core/netif.c.obj
[260/1051] Building C object esp-idf/lwip/CMakeFiles/__idf_lwip.dir/lwip/src/core/ipv6/ip6_frag.c.obj
[261/1051] Building C object esp-idf/lwip/CMakeFiles/__idf_lwip.dir/lwip/src/core/ipv6/mld6.c.obj
[241/1049] Building C object esp-idf/lwip/CMakeFiles/__idf_lwip.dir/lwip/src/core/memp.c.obj
[226/1051] Building C object esp-idf/lwip/CMakeFiles/__idf_lwip.dir/lwip/src/api/netdb.c.obj
[256/1051] Building C object esp-idf/lwip/CMakeFiles/__idf_lwip.dir/lwip/src/core/ipv4/ip4_napt.c.obj
[242/1049] Building C object esp-idf/lwip/CMakeFiles/__idf_lwip.dir/lwip/src/core/inet_chksum.c.obj
[209/1051] Building C object esp-idf/wpa_supplicant/CMakeFiles/__idf_wpa_supplicant.dir/esp_supplicant/src/esp_eap_client.c.obj
[45/1051] Building C object esp-idf/esp_driver_i2c/CMakeFiles/__idf_esp_driver_i2c.dir/i2c_master.c.obj
[301/1051] Building C object esp-idf/lwip/CMakeFiles/__idf_lwip.dir/lwip/src/netif/ppp/vj.c.obj
[257/1051] Building C object esp-idf/lwip/CMakeFiles/__idf_lwip.dir/lwip/src/core/ipv6/inet6.c.obj
[227/1051] Building C object esp-idf/lwip/CMakeFiles/__idf_lwip.dir/lwip/src/api/if_api.c.obj
[169/1051] Building C object esp-idf/wpa_supplicant/CMakeFiles/__idf_wpa_supplicant.dir/src/utils/common.c.obj
[214/1051] Building C object esp-idf/esp_netif/CMakeFiles/__idf_esp_netif.dir/lwip/esp_netif_lwip_defaults.c.obj
[258/1051] Building C object esp-idf/lwip/CMakeFiles/__idf_lwip.dir/lwip/src/core/ipv6/ip6_addr.c.obj
[46/1051] Building C object esp-idf/esp_driver_rmt/CMakeFiles/__idf_esp_driver_rmt.dir/src/rmt_encoder.c.obj
[188/1051] Building C object esp-idf/wpa_supplicant/CMakeFiles/__idf_wpa_supplicant.dir/src/wps/wps_dev_attr.c.obj
[262/1051] Building C object esp-idf/esp_netif/CMakeFiles/__idf_esp_netif.dir/lwip/esp_netif_lwip.c.obj
[210/1051] Building C object esp-idf/wpa_supplicant/CMakeFiles/__idf_wpa_supplicant.dir/src/wps/wps_enrollee.c.obj
[228/1051] Building C object esp-idf/lwip/CMakeFiles/__idf_lwip.dir/lwip/src/apps/sntp/sntp.c.obj
[211/1051] Building C object esp-idf/wpa_supplicant/CMakeFiles/__idf_wpa_supplicant.dir/src/crypto/aes-ccm.c.obj
[47/1051] Linking C static library esp-idf/esp-tls/libesp-tls.a
[189/1051] Building C object esp-idf/wpa_supplicant/CMakeFiles/__idf_wpa_supplicant.dir/esp_supplicant/src/esp_eap_client.c.obj
[170/1051] Building C object esp-idf/wpa_supplicant/CMakeFiles/__idf_wpa_supplicant.dir/src/rsn_supp/pmksa_cache.c.obj
[190/1051] Building C object esp-idf/wpa_supplicant/CMakeFiles/__idf_wpa_supplicant.dir/src/wps/wps.c.obj
[259/1051] Building C object esp-idf/lwip/CMakeFiles/__idf_lwip.dir/lwip/src/core/ipv6/dhcp6.c.obj
[302/1051] Building C object esp-idf/lwip/CMakeFiles/__idf_lwip.dir/port/debug/lwip_debug.c.obj
[263/1051] Building C object esp-idf/lwip/CMakeFiles/__idf_lwip.dir/lwip/src/core/ipv4/etharp.c.obj
[48/1051] Building C object esp-idf/esp_driver_rmt/CMakeFiles/__idf_esp_driver_rmt.dir/src/rmt_encoder_simple.c.obj
[171/1051] Building C object esp-idf/wpa_supplicant/CMakeFiles/__idf_wpa_supplicant.dir/src/eap_peer/eap_fast_common.c.obj
[251/1051] Building C object esp-idf/lwip/CMakeFiles/__idf_lwip.dir/lwip/src/core/pbuf.c.obj
[49/1051] Building C object esp-idf/esp_driver_sdspi/CMakeFiles/__idf_esp_driver_sdspi.dir/src/sdspi_crc.c.obj
[264/1051] Building C object esp-idf/lwip/CMakeFiles/__idf_lwip.dir/lwip/src/core/ipv6/inet6.c.obj
[212/1051] Building C object esp-idf/wpa_supplicant/CMakeFiles/__idf_wpa_supplicant.dir/esp_supplicant/src/crypto/crypto_mbedtls-bignum.c.obj
[260/1051] Building C object esp-idf/lwip/CMakeFiles/__idf_lwip.dir/lwip/src/core/ipv4/ip4_frag.c.obj
[50/1051] Building C object esp-idf/esp_driver_sdm/CMakeFiles/__idf_esp_driver_sdm.dir/src/sdm.c.obj
[229/1051] Building C object esp-idf/lwip/CMakeFiles/__idf_lwip.dir/lwip/src/api/netbuf.c.obj
[172/1051] Building C object esp-idf/wpa_supplicant/CMakeFiles/__idf_wpa_supplicant.dir/src/rsn_supp/wpa_ie.c.obj
[243/1049] Building C object esp-idf/lwip/CMakeFiles/__idf_lwip.dir/lwip/src/core/stats.c.obj
[303/1051] Building C object esp-idf/lwip/CMakeFiles/__idf_lwip.dir/port/hooks/tcp_isn_default.c.obj
[252/1051] Building C object esp-idf/lwip/CMakeFiles/__idf_lwip.dir/lwip/src/core/ipv4/etharp.c.obj
[51/1051] Building C object esp-idf/esp_driver_rmt/CMakeFiles/__idf_esp_driver_rmt.dir/src/rmt_encoder_copy.c.obj
[265/1051] Building C object esp-idf/lwip/CMakeFiles/__idf_lwip.dir/lwip/src/netif/bridgeif.c.obj
[213/1051] Building C object esp-idf/wpa_supplicant/CMakeFiles/__idf_wpa_supplicant.dir/esp_supplicant/src/crypto/tls_mbedtls.c.obj
[215/1051] Building C object esp-idf/wpa_supplicant/CMakeFiles/__idf_wpa_supplicant.dir/esp_supplicant/src/crypto/crypto_mbedtls.c.obj
[214/1051] Building C object esp-idf/wpa_supplicant/CMakeFiles/__idf_wpa_supplicant.dir/esp_supplicant/src/crypto/crypto_mbedtls-ec.c.obj
[261/1051] Building C object esp-idf/lwip/CMakeFiles/__idf_lwip.dir/lwip/src/core/udp.c.obj
[253/1051] Building C object esp-idf/lwip/CMakeFiles/__idf_lwip.dir/lwip/src/core/ipv4/ip4_napt.c.obj
[230/1051] Building C object esp-idf/lwip/CMakeFiles/__idf_lwip.dir/lwip/src/api/api_lib.c.obj
[262/1051] Building C object esp-idf/lwip/CMakeFiles/__idf_lwip.dir/lwip/src/netif/slipif.c.obj
[266/1051] Building C object esp-idf/lwip/CMakeFiles/__idf_lwip.dir/lwip/src/core/tcp_in.c.obj
[216/1051] Building C object esp-idf/wpa_supplicant/CMakeFiles/__idf_wpa_supplicant.dir/esp_supplicant/src/esp_eap_client.c.obj
[263/1051] Building C object esp-idf/lwip/CMakeFiles/__idf_lwip.dir/lwip/src/core/tcp.c.obj
[267/1051] Building C object esp-idf/lwip/CMakeFiles/__idf_lwip.dir/lwip/src/netif/bridgeif_fdb.c.obj
[215/1051] Building C object esp-idf/esp_netif/CMakeFiles/__idf_esp_netif.dir/esp_netif_objects.c.obj
[244/1049] Building C object esp-idf/lwip/CMakeFiles/__idf_lwip.dir/lwip/src/core/tcp_out.c.obj
[217/1051] Building C object esp-idf/esp_netif/CMakeFiles/__idf_esp_netif.dir/esp_netif_handlers.c.obj
[245/1049] Building C object esp-idf/lwip/CMakeFiles/__idf_lwip.dir/lwip/src/core/ipv4/ip4_napt.c.obj
[264/1051] Building C object esp-idf/lwip/CMakeFiles/__idf_lwip.dir/lwip/src/core/ipv4/ip4_addr.c.obj
[304/1051] Building C object esp-idf/lwip/CMakeFiles/__idf_lwip.dir/apps/ping/esp_ping.c.obj
[305/1051] Linking C static library esp-idf/esp_netif/libesp_netif.a
[52/1051] Building C object esp-idf/esp_driver_sdspi/CMakeFiles/__idf_esp_driver_sdspi.dir/src/sdspi_transaction.c.obj
[246/1049] Building C object esp-idf/lwip/CMakeFiles/__idf_lwip.dir/lwip/src/core/dns.c.obj
[265/1051] Building C object esp-idf/lwip/CMakeFiles/__idf_lwip.dir/lwip/src/netif/bridgeif.c.obj
[268/1051] Building C object esp-idf/lwip/CMakeFiles/__idf_lwip.dir/lwip/src/core/tcp_out.c.obj
[266/1051] Building C object esp-idf/lwip/CMakeFiles/__idf_lwip.dir/lwip/src/core/ipv6/ethip6.c.obj
[53/1051] Building C object esp-idf/driver/CMakeFiles/__idf_driver.dir/twai/twai.c.obj
[306/1051] Building C object esp-idf/lwip/CMakeFiles/__idf_lwip.dir/lwip/src/netif/ppp/utils.c.obj
[231/1051] Building C object esp-idf/lwip/CMakeFiles/__idf_lwip.dir/lwip/src/api/netifapi.c.obj
[54/1051] Building C object esp-idf/esp_driver_rmt/CMakeFiles/__idf_esp_driver_rmt.dir/src/rmt_common.c.obj
[269/1051] Building C object esp-idf/lwip/CMakeFiles/__idf_lwip.dir/lwip/src/core/ipv6/ip6_addr.c.obj
[270/1051] Building C object esp-idf/lwip/CMakeFiles/__idf_lwip.dir/lwip/src/netif/ppp/auth.c.obj
[191/1051] Building C object esp-idf/wpa_supplicant/CMakeFiles/__idf_wpa_supplicant.dir/esp_supplicant/src/esp_wpas_glue.c.obj
[173/1051] Building C object esp-idf/wpa_supplicant/CMakeFiles/__idf_wpa_supplicant.dir/src/eap_peer/eap_fast.c.obj
[218/1051] Building C object esp-idf/wpa_supplicant/CMakeFiles/__idf_wpa_supplicant.dir/esp_supplicant/src/esp_wps.c.obj
[267/1051] Building C object esp-idf/lwip/CMakeFiles/__idf_lwip.dir/lwip/src/core/ipv6/icmp6.c.obj
[307/1051] Building C object esp-idf/lwip/CMakeFiles/__idf_lwip.dir/lwip/src/netif/ppp/polarssl/des.c.obj
[308/1051] Building C object esp-idf/lwip/CMakeFiles/__idf_lwip.dir/port/sockets_ext.c.obj
[232/1051] Building C object esp-idf/lwip/CMakeFiles/__idf_lwip.dir/lwip/src/api/tcpip.c.obj
[55/1051] Building C object esp-idf/esp_driver_sd_intf/CMakeFiles/__idf_esp_driver_sd_intf.dir/sd_host.c.obj
[271/1051] Building C object esp-idf/lwip/CMakeFiles/__idf_lwip.dir/lwip/src/core/ipv6/icmp6.c.obj
[233/1051] Building C object esp-idf/wpa_supplicant/CMakeFiles/__idf_wpa_supplicant.dir/esp_supplicant/src/crypto/crypto_mbedtls-ec.c.obj
[219/1051] Building C object esp-idf/esp_netif/CMakeFiles/__idf_esp_netif.dir/lwip/netif/esp_pbuf_ref.c.obj
[254/1051] Building C object esp-idf/lwip/CMakeFiles/__idf_lwip.dir/lwip/src/core/ipv4/ip4_addr.c.obj
[309/1051] Building C object esp-idf/lwip/CMakeFiles/__idf_lwip.dir/lwip/src/netif/ppp/polarssl/arc4.c.obj
[174/1051] Building C object esp-idf/wpa_supplicant/CMakeFiles/__idf_wpa_supplicant.dir/src/utils/wpabuf.c.obj
[247/1049] Building C object esp-idf/lwip/CMakeFiles/__idf_lwip.dir/lwip/src/core/ipv4/ip4_addr.c.obj
[234/1051] Building C object esp-idf/lwip/CMakeFiles/__idf_lwip.dir/lwip/src/core/init.c.obj
[220/1051] Building C object esp-idf/esp_netif/CMakeFiles/__idf_esp_netif.dir/lwip/netif/ethernetif.c.obj
[216/1051] Building C object esp-idf/wpa_supplicant/CMakeFiles/__idf_wpa_supplicant.dir/esp_supplicant/src/crypto/fastpbkdf2.c.obj
[56/1051] Building C object esp-idf/esp_driver_rmt/CMakeFiles/__idf_esp_driver_rmt.dir/src/rmt_encoder_bytes.c.obj
[175/1051] Building C object esp-idf/wpa_supplicant/CMakeFiles/__idf_wpa_supplicant.dir/src/common/sae.c.obj
[310/1051] Building C object esp-idf/lwip/CMakeFiles/__idf_lwip.dir/port/acd_dhcp_check.c.obj
[192/1051] Building C object esp-idf/wpa_supplicant/CMakeFiles/__idf_wpa_supplicant.dir/src/common/sae_pk.c.obj
[176/1051] Building C object esp-idf/wpa_supplicant/CMakeFiles/__idf_wpa_supplicant.dir/src/utils/wpa_debug.c.obj
[221/1051] Building C object esp-idf/lwip/CMakeFiles/__idf_lwip.dir/lwip/src/api/err.c.obj
[217/1051] Building C object esp-idf/lwip/CMakeFiles/__idf_lwip.dir/lwip/src/api/api_lib.c.obj
[177/1051] Building C object esp-idf/wpa_supplicant/CMakeFiles/__idf_wpa_supplicant.dir/src/eap_peer/eap_tls_common.c.obj
[248/1049] Building C object esp-idf/lwip/CMakeFiles/__idf_lwip.dir/lwip/src/api/api_msg.c.obj
[272/1051] Building C object esp-idf/lwip/CMakeFiles/__idf_lwip.dir/lwip/src/netif/ethernet.c.obj
[249/1049] Linking C static library esp-idf/wpa_supplicant/libwpa_supplicant.a
[250/1049] Building C object esp-idf/lwip/CMakeFiles/__idf_lwip.dir/lwip/src/core/pbuf.c.obj
[193/1051] Building C object esp-idf/wpa_supplicant/CMakeFiles/__idf_wpa_supplicant.dir/src/wps/wps_common.c.obj
[235/1051] Building C object esp-idf/lwip/CMakeFiles/__idf_lwip.dir/lwip/src/core/ip.c.obj
[255/1051] Building C object esp-idf/lwip/CMakeFiles/__idf_lwip.dir/lwip/src/core/ipv4/igmp.c.obj
[268/1051] Building C object esp-idf/lwip/CMakeFiles/__idf_lwip.dir/lwip/src/netif/ppp/chap-new.c.obj
[256/1051] Building C object esp-idf/lwip/CMakeFiles/__idf_lwip.dir/lwip/src/core/ipv6/dhcp6.c.obj
[273/1051] Building C object esp-idf/lwip/CMakeFiles/__idf_lwip.dir/lwip/src/netif/ppp/chap-md5.c.obj
[311/1051] Building C object esp-idf/esp_driver_usb_serial_jtag/CMakeFiles/__idf_esp_driver_usb_serial_jtag.dir/src/usb_serial_jtag_connection_monitor.c.obj
[178/1051] Building C object esp-idf/wpa_supplicant/CMakeFiles/__idf_wpa_supplicant.dir/src/utils/base64.c.obj
[274/1051] Building C object esp-idf/lwip/CMakeFiles/__idf_lwip.dir/lwip/src/core/ipv4/dhcp.c.obj
[222/1051] Building C object esp-idf/lwip/CMakeFiles/__idf_lwip.dir/lwip/src/apps/sntp/sntp.c.obj
[218/1051] Building C object esp-idf/wpa_supplicant/CMakeFiles/__idf_wpa_supplicant.dir/src/crypto/des-internal.c.obj
[257/1051] Building C object esp-idf/lwip/CMakeFiles/__idf_lwip.dir/lwip/src/core/udp.c.obj
[194/1051] Building C object esp-idf/wpa_supplicant/CMakeFiles/__idf_wpa_supplicant.dir/esp_supplicant/src/esp_owe.c.obj
[258/1051] Building C object esp-idf/lwip/CMakeFiles/__idf_lwip.dir/lwip/src/core/ipv4/ip4_frag.c.obj
[219/1051] Building C object esp-idf/lwip/CMakeFiles/__idf_lwip.dir/lwip/src/api/err.c.obj
[275/1051] Building C object esp-idf/lwip/CMakeFiles/__idf_lwip.dir/lwip/src/netif/ppp/ccp.c.obj
[312/1051] Building C object esp-idf/lwip/CMakeFiles/__idf_lwip.dir/lwip/src/netif/ppp/polarssl/md4.c.obj
[276/1051] Building C object esp-idf/lwip/CMakeFiles/__idf_lwip.dir/lwip/src/netif/ppp/ipv6cp.c.obj
[179/1051] Building C object esp-idf/wpa_supplicant/CMakeFiles/__idf_wpa_supplicant.dir/src/utils/uuid.c.obj
[195/1051] Building C object esp-idf/wpa_supplicant/CMakeFiles/__idf_wpa_supplicant.dir/esp_supplicant/src/esp_hostap.c.obj
[269/1051] Building C object esp-idf/lwip/CMakeFiles/__idf_lwip.dir/lwip/src/core/ipv6/ip6.c.obj
[259/1051] Building C object esp-idf/lwip/CMakeFiles/__idf_lwip.dir/lwip/src/core/ipv6/ethip6.c.obj
[180/1051] Building C object esp-idf/wpa_supplicant/CMakeFiles/__idf_wpa_supplicant.dir/src/utils/json.c.obj
[313/1051] Building C object esp-idf/lwip/CMakeFiles/__idf_lwip.dir/apps/ping/ping.c.obj
[236/1051] Building C object esp-idf/lwip/CMakeFiles/__idf_lwip.dir/lwip/src/core/memp.c.obj
[260/1051] Building C object esp-idf/lwip/CMakeFiles/__idf_lwip.dir/lwip/src/api/api_msg.c.obj
[237/1051] Building C object esp-idf/lwip/CMakeFiles/__idf_lwip.dir/lwip/src/core/def.c.obj
[220/1051] Building C object esp-idf/lwip/CMakeFiles/__idf_lwip.dir/lwip/src/api/netbuf.c.obj
[277/1051] Building C object esp-idf/lwip/CMakeFiles/__idf_lwip.dir/lwip/src/netif/ppp/magic.c.obj
[181/1051] Building C object esp-idf/wpa_supplicant/CMakeFiles/__idf_wpa_supplicant.dir/src/utils/ext_password.c.obj
[314/1051] Building C object esp-idf/lwip/CMakeFiles/__idf_lwip.dir/port/esp32xx/vfs_lwip.c.obj
[261/1051] Building C object esp-idf/lwip/CMakeFiles/__idf_lwip.dir/lwip/src/core/ipv4/ip4.c.obj
[221/1051] Building C object esp-idf/wpa_supplicant/CMakeFiles/__idf_wpa_supplicant.dir/esp_supplicant/src/esp_wps.c.obj
[182/1051] Building C object esp-idf/wpa_supplicant/CMakeFiles/__idf_wpa_supplicant.dir/src/wps/wps_attr_process.c.obj
[251/1049] Building C object esp-idf/esp_netif/CMakeFiles/__idf_esp_netif.dir/lwip/esp_netif_lwip.c.obj
[278/1051] Building C object esp-idf/lwip/CMakeFiles/__idf_lwip.dir/lwip/src/netif/slipif.c.obj
[222/1051] Building C object esp-idf/esp_netif/CMakeFiles/__idf_esp_netif.dir/lwip/esp_netif_lwip_defaults.c.obj
[270/1051] Building C object esp-idf/lwip/CMakeFiles/__idf_lwip.dir/lwip/src/netif/ppp/auth.c.obj
[183/1051] Building C object esp-idf/wpa_supplicant/CMakeFiles/__idf_wpa_supplicant.dir/src/eap_peer/eap_peap.c.obj
[238/1051] Building C object esp-idf/lwip/CMakeFiles/__idf_lwip.dir/lwip/src/core/mem.c.obj
[279/1051] Building C object esp-idf/lwip/CMakeFiles/__idf_lwip.dir/lwip/src/netif/ppp/chap-new.c.obj
[271/1051] Building C object esp-idf/lwip/CMakeFiles/__idf_lwip.dir/lwip/src/core/ipv6/mld6.c.obj
[223/1051] Building C object esp-idf/esp_netif/CMakeFiles/__idf_esp_netif.dir/lwip/netif/wlanif.c.obj
[196/1051] Building C object esp-idf/wpa_supplicant/CMakeFiles/__idf_wpa_supplicant.dir/esp_supplicant/src/esp_common.c.obj
-- Compiler supported targets: xtensa-esp-elf
[272/1051] Building C object esp-idf/lwip/CMakeFiles/__idf_lwip.dir/lwip/src/netif/ppp/fsm.c.obj
[239/1051] Building C object esp-idf/lwip/CMakeFiles/__idf_lwip.dir/lwip/src/api/api_msg.c.obj
[315/1051] Building C object esp-idf/lwip/CMakeFiles/__idf_lwip.dir/lwip/src/netif/ppp/polarssl/sha1.c.obj
[273/1051] Building C object esp-idf/lwip/CMakeFiles/__idf_lwip.dir/lwip/src/netif/bridgeif_fdb.c.obj
[197/1051] Building C object esp-idf/wpa_supplicant/CMakeFiles/__idf_wpa_supplicant.dir/src/crypto/rc4.c.obj
[223/1051] Building C object esp-idf/esp_netif/CMakeFiles/__idf_esp_netif.dir/lwip/esp_netif_sntp.c.obj
[224/1051] Building C object esp-idf/lwip/CMakeFiles/__idf_lwip.dir/lwip/src/api/if_api.c.obj
[274/1051] Building C object esp-idf/lwip/CMakeFiles/__idf_lwip.dir/lwip/src/core/ipv6/ip6_frag.c.obj
[198/1051] Building C object esp-idf/wpa_supplicant/CMakeFiles/__idf_wpa_supplicant.dir/esp_supplicant/src/crypto/fastpsk.c.obj
[224/1051] Building C object esp-idf/lwip/CMakeFiles/__idf_lwip.dir/lwip/src/api/if_api.c.obj
[57/1051] Building C object esp-idf/sdmmc/CMakeFiles/__idf_sdmmc.dir/sdmmc_mmc.c.obj
[252/1049] Building C object esp-idf/lwip/CMakeFiles/__idf_lwip.dir/lwip/src/core/ipv4/icmp.c.obj
[225/1051] Building C object esp-idf/lwip/CMakeFiles/__idf_lwip.dir/lwip/src/api/api_msg.c.obj
[225/1051] Building C object esp-idf/esp_netif/CMakeFiles/__idf_esp_netif.dir/lwip/esp_netif_sntp.c.obj
[240/1051] Building C object esp-idf/lwip/CMakeFiles/__idf_lwip.dir/lwip/src/core/stats.c.obj
[199/1051] Building C object esp-idf/wpa_supplicant/CMakeFiles/__idf_wpa_supplicant.dir/src/eap_peer/eap_fast.c.obj
[253/1049] Building C object esp-idf/lwip/CMakeFiles/__idf_lwip.dir/lwip/src/core/timeouts.c.obj
[226/1051] Building C object esp-idf/esp_netif/CMakeFiles/__idf_esp_netif.dir/lwip/netif/esp_pbuf_ref.c.obj
[316/1051] Building C object esp-idf/lwip/CMakeFiles/__idf_lwip.dir/lwip/src/netif/ppp/polarssl/md5.c.obj
[280/1051] Building C object esp-idf/lwip/CMakeFiles/__idf_lwip.dir/lwip/src/netif/ppp/demand.c.obj
[226/1051] Building C object esp-idf/lwip/CMakeFiles/__idf_lwip.dir/lwip/src/core/def.c.obj
[241/1051] Linking C static library esp-idf/wpa_supplicant/libwpa_supplicant.a
[275/1051] Building C object esp-idf/lwip/CMakeFiles/__idf_lwip.dir/lwip/src/netif/ppp/chap_ms.c.obj
[281/1051] Building C object esp-idf/lwip/CMakeFiles/__idf_lwip.dir/lwip/src/netif/ppp/mppe.c.obj
[242/1051] Building C object esp-idf/lwip/CMakeFiles/__idf_lwip.dir/lwip/src/core/inet_chksum.c.obj
[227/1051] Building C object esp-idf/lwip/CMakeFiles/__idf_lwip.dir/lwip/src/core/def.c.obj
[254/1049] Building C object esp-idf/lwip/CMakeFiles/__idf_lwip.dir/lwip/src/core/ipv6/dhcp6.c.obj
[282/1051] Building C object esp-idf/lwip/CMakeFiles/__idf_lwip.dir/lwip/src/netif/ppp/chap_ms.c.obj
[243/1051] Building C object esp-idf/lwip/CMakeFiles/__idf_lwip.dir/lwip/src/core/udp.c.obj
[200/1051] Linking C static library esp-idf/esp_coex/libesp_coex.a
[276/1051] Building C object esp-idf/lwip/CMakeFiles/__idf_lwip.dir/lwip/src/netif/ppp/demand.c.obj
[227/1051] Building C object esp-idf/esp_netif/CMakeFiles/__idf_esp_netif.dir/lwip/netif/wlanif.c.obj
[283/1051] Building C object esp-idf/lwip/CMakeFiles/__idf_lwip.dir/lwip/src/netif/ppp/eap.c.obj
[244/1051] Building C object esp-idf/lwip/CMakeFiles/__idf_lwip.dir/lwip/src/core/ipv4/autoip.c.obj
[277/1051] Building C object esp-idf/lwip/CMakeFiles/__idf_lwip.dir/lwip/src/netif/ppp/lcp.c.obj
[228/1051] Building C object esp-idf/lwip/CMakeFiles/__idf_lwip.dir/apps/sntp/sntp.c.obj
[284/1051] Building C object esp-idf/lwip/CMakeFiles/__idf_lwip.dir/lwip/src/netif/ppp/eui64.c.obj
[278/1051] Building C object esp-idf/lwip/CMakeFiles/__idf_lwip.dir/lwip/src/netif/ppp/ipcp.c.obj
[58/1051] Building C object esp-idf/sdmmc/CMakeFiles/__idf_sdmmc.dir/sdmmc_cmd.c.obj
[262/1051] Building C object esp-idf/lwip/CMakeFiles/__idf_lwip.dir/lwip/src/core/ipv6/inet6.c.obj
[245/1051] Building C object esp-idf/lwip/CMakeFiles/__idf_lwip.dir/lwip/src/core/sys.c.obj
[201/1051] Building C object esp-idf/wpa_supplicant/CMakeFiles/__idf_wpa_supplicant.dir/src/rsn_supp/wpa.c.obj
[285/1051] Building C object esp-idf/lwip/CMakeFiles/__idf_lwip.dir/lwip/src/netif/ppp/fsm.c.obj
[279/1051] Building C object esp-idf/lwip/CMakeFiles/__idf_lwip.dir/lwip/src/netif/ppp/ccp.c.obj
[317/1051] Building C object esp-idf/esp_phy/CMakeFiles/__idf_esp_phy.dir/src/btbb_init.c.obj
[263/1051] Building C object esp-idf/lwip/CMakeFiles/__idf_lwip.dir/lwip/src/core/ipv6/icmp6.c.obj
[286/1051] Building C object esp-idf/lwip/CMakeFiles/__idf_lwip.dir/lwip/src/netif/ppp/lcp.c.obj
[59/1051] Building C object esp-idf/esp_driver_twai/CMakeFiles/__idf_esp_driver_twai.dir/esp_twai_onchip.c.obj
[280/1051] Building C object esp-idf/lwip/CMakeFiles/__idf_lwip.dir/lwip/src/netif/ppp/chap-md5.c.obj
[287/1051] Building C object esp-idf/lwip/CMakeFiles/__idf_lwip.dir/lwip/src/core/ipv6/ip6.c.obj
[318/1051] Building C object esp-idf/lwip/CMakeFiles/__idf_lwip.dir/port/freertos/sys_arch.c.obj
[228/1051] Building C object esp-idf/esp_netif/CMakeFiles/__idf_esp_netif.dir/lwip/netif/ethernetif.c.obj
[288/1051] Building C object esp-idf/lwip/CMakeFiles/__idf_lwip.dir/lwip/src/netif/ppp/ecp.c.obj
[246/1051] Building C object esp-idf/lwip/CMakeFiles/__idf_lwip.dir/lwip/src/core/ipv4/icmp.c.obj
[281/1051] Building C object esp-idf/lwip/CMakeFiles/__idf_lwip.dir/lwip/src/netif/ppp/pppapi.c.obj
[319/1051] Building C object esp-idf/esp_phy/CMakeFiles/__idf_esp_phy.dir/src/lib_printf.c.obj
[289/1051] Building C object esp-idf/lwip/CMakeFiles/__idf_lwip.dir/lwip/src/netif/ppp/ipcp.c.obj
[282/1051] Building C object esp-idf/lwip/CMakeFiles/__idf_lwip.dir/lwip/src/core/ipv4/dhcp.c.obj
[264/1051] Building C object esp-idf/lwip/CMakeFiles/__idf_lwip.dir/lwip/src/netif/ethernet.c.obj
[290/1051] Building C object esp-idf/lwip/CMakeFiles/__idf_lwip.dir/lwip/src/netif/ppp/pppapi.c.obj
[229/1051] Building C object esp-idf/lwip/CMakeFiles/__idf_lwip.dir/lwip/src/api/netbuf.c.obj
[230/1051] Building C object esp-idf/lwip/CMakeFiles/__idf_lwip.dir/lwip/src/core/inet_chksum.c.obj
[247/1051] Building C object esp-idf/lwip/CMakeFiles/__idf_lwip.dir/lwip/src/core/ipv4/ip4_napt.c.obj
[229/1051] Building C object esp-idf/lwip/CMakeFiles/__idf_lwip.dir/apps/sntp/sntp.c.obj
[283/1051] Building C object esp-idf/lwip/CMakeFiles/__idf_lwip.dir/lwip/src/netif/ppp/multilink.c.obj
[202/1051] Building C object esp-idf/esp_netif/CMakeFiles/__idf_esp_netif.dir/esp_netif_handlers.c.obj
[184/1051] Building C object esp-idf/wpa_supplicant/CMakeFiles/__idf_wpa_supplicant.dir/esp_supplicant/src/esp_wpa2_api_port.c.obj
[320/1051] Building C object esp-idf/esp_phy/CMakeFiles/__idf_esp_phy.dir/esp32s3/phy_init_data.c.obj
[230/1051] Building C object esp-idf/lwip/CMakeFiles/__idf_lwip.dir/lwip/src/core/init.c.obj
[255/1049] Building C object esp-idf/lwip/CMakeFiles/__idf_lwip.dir/lwip/src/core/ipv4/igmp.c.obj
[185/1051] Building C object esp-idf/wpa_supplicant/CMakeFiles/__idf_wpa_supplicant.dir/src/eap_peer/eap_fast_pac.c.obj
[284/1051] Building C object esp-idf/lwip/CMakeFiles/__idf_lwip.dir/lwip/src/core/tcp_in.c.obj
[203/1051] Building C object esp-idf/wpa_supplicant/CMakeFiles/__idf_wpa_supplicant.dir/esp_supplicant/src/esp_wpa_main.c.obj
[231/1051] Building C object esp-idf/wpa_supplicant/CMakeFiles/__idf_wpa_supplicant.dir/esp_supplicant/src/crypto/crypto_mbedtls-ec.c.obj
[60/1051] Building C object esp-idf/esp_driver_sdmmc/CMakeFiles/__idf_esp_driver_sdmmc.dir/legacy/src/sdmmc_transaction.c.obj
[256/1049] Building C object esp-idf/lwip/CMakeFiles/__idf_lwip.dir/lwip/src/core/ipv4/ip4.c.obj
[321/1051] Building C object esp-idf/vfs/CMakeFiles/__idf_vfs.dir/nullfs.c.obj
[231/1051] Building C object esp-idf/lwip/CMakeFiles/__idf_lwip.dir/lwip/src/api/netdb.c.obj
[285/1051] Building C object esp-idf/lwip/CMakeFiles/__idf_lwip.dir/lwip/src/netif/ethernet.c.obj
[232/1051] Building C object esp-idf/lwip/CMakeFiles/__idf_lwip.dir/lwip/src/api/netdb.c.obj
[265/1051] Building C object esp-idf/lwip/CMakeFiles/__idf_lwip.dir/lwip/src/core/ipv6/ip6_frag.c.obj
[286/1051] Building C object esp-idf/lwip/CMakeFiles/__idf_lwip.dir/lwip/src/netif/ppp/eap.c.obj
[266/1051] Building C object esp-idf/lwip/CMakeFiles/__idf_lwip.dir/lwip/src/netif/ppp/ccp.c.obj
[233/1051] Building C object esp-idf/lwip/CMakeFiles/__idf_lwip.dir/lwip/src/api/netifapi.c.obj
[287/1051] Building C object esp-idf/esp_netif/CMakeFiles/__idf_esp_netif.dir/lwip/esp_netif_lwip.c.obj
[257/1049] Building C object esp-idf/lwip/CMakeFiles/__idf_lwip.dir/lwip/src/core/ipv6/icmp6.c.obj
[61/1051] Building C object esp-idf/sdmmc/CMakeFiles/__idf_sdmmc.dir/sdmmc_init.c.obj
[322/1051] Building C object esp-idf/esp_phy/CMakeFiles/__idf_esp_phy.dir/src/phy_common.c.obj
[288/1051] Building C object esp-idf/lwip/CMakeFiles/__idf_lwip.dir/lwip/src/netif/ppp/ecp.c.obj
[258/1049] Building C object esp-idf/lwip/CMakeFiles/__idf_lwip.dir/lwip/src/core/ipv6/ip6.c.obj
[62/1051] Building C object esp-idf/esp_driver_sdspi/CMakeFiles/__idf_esp_driver_sdspi.dir/src/sdspi_host.c.obj
[232/1051] Building C object esp-idf/lwip/CMakeFiles/__idf_lwip.dir/lwip/src/api/netifapi.c.obj
[248/1051] Building C object esp-idf/lwip/CMakeFiles/__idf_lwip.dir/lwip/src/core/ipv6/dhcp6.c.obj
[259/1049] Building C object esp-idf/lwip/CMakeFiles/__idf_lwip.dir/lwip/src/core/ipv6/ethip6.c.obj
[289/1051] Building C object esp-idf/lwip/CMakeFiles/__idf_lwip.dir/lwip/src/netif/ppp/pppos.c.obj
[249/1051] Building C object esp-idf/lwip/CMakeFiles/__idf_lwip.dir/lwip/src/core/ipv4/ip4.c.obj
[267/1051] Building C object esp-idf/lwip/CMakeFiles/__idf_lwip.dir/lwip/src/netif/ppp/chap-new.c.obj
[260/1049] Building C object esp-idf/lwip/CMakeFiles/__idf_lwip.dir/lwip/src/core/ipv6/inet6.c.obj
[323/1051] Building C object esp-idf/esp_vfs_console/CMakeFiles/__idf_esp_vfs_console.dir/vfs_console.c.obj
[204/1051] Building C object esp-idf/wpa_supplicant/CMakeFiles/__idf_wpa_supplicant.dir/esp_supplicant/src/esp_wpa3.c.obj
[290/1051] Building C object esp-idf/lwip/CMakeFiles/__idf_lwip.dir/lwip/src/netif/ppp/eui64.c.obj
[261/1049] Building C object esp-idf/lwip/CMakeFiles/__idf_lwip.dir/lwip/src/netif/bridgeif.c.obj
[262/1049] Building C object esp-idf/lwip/CMakeFiles/__idf_lwip.dir/lwip/src/core/ipv4/ip4_frag.c.obj
[205/1051] Building C object esp-idf/esp_netif/CMakeFiles/__idf_esp_netif.dir/esp_netif_defaults.c.obj
[234/1051] Building C object esp-idf/lwip/CMakeFiles/__idf_lwip.dir/lwip/src/core/mem.c.obj
[291/1051] Building C object esp-idf/lwip/CMakeFiles/__idf_lwip.dir/lwip/src/netif/ppp/multilink.c.obj
[268/1051] Building C object esp-idf/lwip/CMakeFiles/__idf_lwip.dir/lwip/src/netif/ppp/auth.c.obj
[206/1051] Building C object esp-idf/wpa_supplicant/CMakeFiles/__idf_wpa_supplicant.dir/src/wps/wps_enrollee.c.obj
[63/1051] Building C object esp-idf/sdmmc/CMakeFiles/__idf_sdmmc.dir/sd_pwr_ctrl/sd_pwr_ctrl.c.obj
[235/1051] Building C object esp-idf/lwip/CMakeFiles/__idf_lwip.dir/lwip/src/api/tcpip.c.obj
[269/1051] Building C object esp-idf/lwip/CMakeFiles/__idf_lwip.dir/lwip/src/netif/ppp/ecp.c.obj
[292/1051] Building C object esp-idf/lwip/CMakeFiles/__idf_lwip.dir/lwip/src/api/sockets.c.obj
[236/1051] Linking C static library esp-idf/wpa_supplicant/libwpa_supplicant.a
[64/1051] Building C object esp-idf/esp_driver_sdmmc/CMakeFiles/__idf_esp_driver_sdmmc.dir/src/sd_trans_sdmmc.c.obj
[207/1051] Building C object esp-idf/wpa_supplicant/CMakeFiles/__idf_wpa_supplicant.dir/esp_supplicant/src/crypto/crypto_mbedtls-bignum.c.obj
[186/1051] Building C object esp-idf/wpa_supplicant/CMakeFiles/__idf_wpa_supplicant.dir/src/wps/wps_attr_build.c.obj
[293/1051] Building C object esp-idf/lwip/CMakeFiles/__idf_lwip.dir/lwip/src/netif/ppp/ppp.c.obj
[270/1051] Building C object esp-idf/lwip/CMakeFiles/__idf_lwip.dir/lwip/src/netif/bridgeif.c.obj
[291/1051] Building C object esp-idf/lwip/CMakeFiles/__idf_lwip.dir/lwip/src/netif/ppp/magic.c.obj
[208/1051] Building C object esp-idf/wpa_supplicant/CMakeFiles/__idf_wpa_supplicant.dir/esp_supplicant/src/crypto/crypto_mbedtls.c.obj
[292/1051] Building C object esp-idf/lwip/CMakeFiles/__idf_lwip.dir/port/hooks/tcp_isn_default.c.obj
[263/1049] Building C object esp-idf/lwip/CMakeFiles/__idf_lwip.dir/lwip/src/netif/ppp/ccp.c.obj
[294/1051] Building C object esp-idf/lwip/CMakeFiles/__idf_lwip.dir/lwip/src/netif/ppp/pppcrypt.c.obj
[233/1051] Linking C static library esp-idf/wpa_supplicant/libwpa_supplicant.a
[264/1049] Building C object esp-idf/lwip/CMakeFiles/__idf_lwip.dir/lwip/src/core/netif.c.obj
[250/1051] Building C object esp-idf/lwip/CMakeFiles/__idf_lwip.dir/lwip/src/core/pbuf.c.obj
[295/1051] Building C object esp-idf/lwip/CMakeFiles/__idf_lwip.dir/port/sockets_ext.c.obj
[187/1051] Building C object esp-idf/wpa_supplicant/CMakeFiles/__idf_wpa_supplicant.dir/src/eap_peer/eap_ttls.c.obj
[293/1051] Building C object esp-idf/lwip/CMakeFiles/__idf_lwip.dir/lwip/src/netif/ppp/mppe.c.obj
[271/1051] Building C object esp-idf/lwip/CMakeFiles/__idf_lwip.dir/lwip/src/core/tcp_in.c.obj
[265/1049] Building C object esp-idf/lwip/CMakeFiles/__idf_lwip.dir/lwip/src/core/tcp_in.c.obj
[209/1051] Building C object esp-idf/esp_netif/CMakeFiles/__idf_esp_netif.dir/esp_netif_objects.c.obj
[188/1051] Building C object esp-idf/wpa_supplicant/CMakeFiles/__idf_wpa_supplicant.dir/esp_supplicant/src/esp_eap_client.c.obj
[324/1051] Building C object esp-idf/esp_phy/CMakeFiles/__idf_esp_phy.dir/src/phy_override.c.obj
[266/1049] Building C object esp-idf/lwip/CMakeFiles/__idf_lwip.dir/lwip/src/netif/ppp/chap-new.c.obj
[237/1051] Building C object esp-idf/lwip/CMakeFiles/__idf_lwip.dir/lwip/src/core/stats.c.obj
[294/1051] Building C object esp-idf/lwip/CMakeFiles/__idf_lwip.dir/lwip/src/netif/ppp/ipv6cp.c.obj
[295/1051] Building C object esp-idf/lwip/CMakeFiles/__idf_lwip.dir/lwip/src/netif/ppp/ppp.c.obj
[272/1051] Building C object esp-idf/lwip/CMakeFiles/__idf_lwip.dir/lwip/src/core/ipv6/ip6_addr.c.obj
[251/1051] Building C object esp-idf/lwip/CMakeFiles/__idf_lwip.dir/lwip/src/core/raw.c.obj
[238/1051] Building C object esp-idf/lwip/CMakeFiles/__idf_lwip.dir/lwip/src/apps/netbiosns/netbiosns.c.obj
[210/1051] Building C object esp-idf/wpa_supplicant/CMakeFiles/__idf_wpa_supplicant.dir/esp_supplicant/src/crypto/crypto_mbedtls-rsa.c.obj
[325/1051] Building C object esp-idf/lwip/CMakeFiles/__idf_lwip.dir/apps/ping/ping_sock.c.obj
[296/1051] Building C object esp-idf/lwip/CMakeFiles/__idf_lwip.dir/port/debug/lwip_debug.c.obj
[296/1051] Building C object esp-idf/lwip/CMakeFiles/__idf_lwip.dir/lwip/src/netif/ppp/pppoe.c.obj
[273/1051] Building C object esp-idf/lwip/CMakeFiles/__idf_lwip.dir/lwip/src/netif/ppp/ipcp.c.obj
[297/1051] Building C object esp-idf/lwip/CMakeFiles/__idf_lwip.dir/port/sockets_ext.c.obj
[211/1051] Building C object esp-idf/wpa_supplicant/CMakeFiles/__idf_wpa_supplicant.dir/src/crypto/aes-wrap.c.obj
[65/1051] Building C object esp-idf/esp_driver_i2s/CMakeFiles/__idf_esp_driver_i2s.dir/i2s_platform.c.obj
[297/1051] Building C object esp-idf/lwip/CMakeFiles/__idf_lwip.dir/lwip/src/netif/ppp/pppol2tp.c.obj
[212/1051] Building C object esp-idf/esp_netif/CMakeFiles/__idf_esp_netif.dir/lwip/netif/ethernetif.c.obj
[274/1051] Building C object esp-idf/esp_netif/CMakeFiles/__idf_esp_netif.dir/lwip/esp_netif_lwip.c.obj
[66/1051] Building C object esp-idf/esp_driver_sdmmc/CMakeFiles/__idf_esp_driver_sdmmc.dir/legacy/src/sdmmc_host.c.obj
[234/1051] Building C object esp-idf/lwip/CMakeFiles/__idf_lwip.dir/lwip/src/core/raw.c.obj
[267/1049] Building C object esp-idf/lwip/CMakeFiles/__idf_lwip.dir/lwip/src/netif/ppp/eap.c.obj
[298/1051] Building C object esp-idf/lwip/CMakeFiles/__idf_lwip.dir/lwip/src/netif/ppp/pppoe.c.obj
[298/1051] Building C object esp-idf/lwip/CMakeFiles/__idf_lwip.dir/lwip/src/netif/ppp/pppos.c.obj
[213/1051] Building C object esp-idf/esp_netif/CMakeFiles/__idf_esp_netif.dir/lwip/esp_netif_lwip_defaults.c.obj
[252/1051] Building C object esp-idf/lwip/CMakeFiles/__idf_lwip.dir/lwip/src/core/ipv6/icmp6.c.obj
[239/1051] Building C object esp-idf/lwip/CMakeFiles/__idf_lwip.dir/lwip/src/core/ip.c.obj
[268/1049] Building C object esp-idf/lwip/CMakeFiles/__idf_lwip.dir/lwip/src/core/ipv4/etharp.c.obj
[189/1051] Building C object esp-idf/wpa_supplicant/CMakeFiles/__idf_wpa_supplicant.dir/src/wps/wps.c.obj
[275/1051] Building C object esp-idf/lwip/CMakeFiles/__idf_lwip.dir/lwip/src/core/ipv6/mld6.c.obj
[190/1051] Building C object esp-idf/wpa_supplicant/CMakeFiles/__idf_wpa_supplicant.dir/src/wps/wps_attr_parse.c.obj
[299/1051] Building C object esp-idf/lwip/CMakeFiles/__idf_lwip.dir/lwip/src/netif/ppp/pppol2tp.c.obj
[214/1051] Building C object esp-idf/wpa_supplicant/CMakeFiles/__idf_wpa_supplicant.dir/src/crypto/aes-unwrap.c.obj
[276/1051] Building C object esp-idf/lwip/CMakeFiles/__idf_lwip.dir/lwip/src/netif/bridgeif_fdb.c.obj
[191/1051] Building C object esp-idf/wpa_supplicant/CMakeFiles/__idf_wpa_supplicant.dir/src/wps/wps_enrollee.c.obj
[326/1051] Building C object esp-idf/vfs/CMakeFiles/__idf_vfs.dir/vfs_eventfd.c.obj
[67/1051] Building C object esp-idf/driver/CMakeFiles/__idf_driver.dir/deprecated/rmt_legacy.c.obj
[240/1051] Building C object esp-idf/lwip/CMakeFiles/__idf_lwip.dir/lwip/src/api/api_lib.c.obj
[277/1051] Building C object esp-idf/lwip/CMakeFiles/__idf_lwip.dir/lwip/src/netif/ppp/lcp.c.obj
[215/1051] Building C object esp-idf/wpa_supplicant/CMakeFiles/__idf_wpa_supplicant.dir/esp_supplicant/src/crypto/fastpbkdf2.c.obj
[235/1051] Building C object esp-idf/lwip/CMakeFiles/__idf_lwip.dir/lwip/src/core/sys.c.obj
[236/1051] Building C object esp-idf/lwip/CMakeFiles/__idf_lwip.dir/lwip/src/core/ip.c.obj
[300/1051] Building C object esp-idf/lwip/CMakeFiles/__idf_lwip.dir/lwip/src/netif/ppp/pppcrypt.c.obj
[327/1051] Building C object esp-idf/vfs/CMakeFiles/__idf_vfs.dir/vfs.c.obj
[241/1051] Building C object esp-idf/lwip/CMakeFiles/__idf_lwip.dir/lwip/src/core/init.c.obj
[299/1051] Building C object esp-idf/lwip/CMakeFiles/__idf_lwip.dir/port/hooks/tcp_isn_default.c.obj
[237/1051] Building C object esp-idf/lwip/CMakeFiles/__idf_lwip.dir/lwip/src/core/mem.c.obj
[278/1051] Building C object esp-idf/lwip/CMakeFiles/__idf_lwip.dir/lwip/src/core/tcp.c.obj
[300/1051] Building C object esp-idf/lwip/CMakeFiles/__idf_lwip.dir/lwip/src/netif/ppp/upap.c.obj
[242/1051] Building C object esp-idf/lwip/CMakeFiles/__idf_lwip.dir/lwip/src/core/pbuf.c.obj
[301/1051] Building C object esp-idf/lwip/CMakeFiles/__idf_lwip.dir/lwip/src/netif/ppp/utils.c.obj
[302/1051] Building C object esp-idf/lwip/CMakeFiles/__idf_lwip.dir/lwip/src/netif/ppp/vj.c.obj
[238/1051] Building C object esp-idf/lwip/CMakeFiles/__idf_lwip.dir/lwip/src/api/tcpip.c.obj
[279/1051] Building C object esp-idf/lwip/CMakeFiles/__idf_lwip.dir/lwip/src/netif/ppp/ppp.c.obj
[253/1051] Building C object esp-idf/lwip/CMakeFiles/__idf_lwip.dir/lwip/src/core/timeouts.c.obj
[301/1051] Building C object esp-idf/lwip/CMakeFiles/__idf_lwip.dir/lwip/src/netif/ppp/utils.c.obj
[302/1051] Building C object esp-idf/lwip/CMakeFiles/__idf_lwip.dir/lwip/src/netif/ppp/polarssl/des.c.obj
[303/1051] Building C object esp-idf/lwip/CMakeFiles/__idf_lwip.dir/lwip/src/netif/ppp/upap.c.obj
[239/1051] Building C object esp-idf/lwip/CMakeFiles/__idf_lwip.dir/lwip/src/apps/netbiosns/netbiosns.c.obj
[68/1051] Building C object esp-idf/sdmmc/CMakeFiles/__idf_sdmmc.dir/sdmmc_common.c.obj
[328/1051] Building C object esp-idf/esp_driver_usb_serial_jtag/CMakeFiles/__idf_esp_driver_usb_serial_jtag.dir/src/usb_serial_jtag.c.obj
[269/1049] Building C object esp-idf/lwip/CMakeFiles/__idf_lwip.dir/lwip/src/netif/ppp/chap-md5.c.obj
[270/1049] Building C object esp-idf/lwip/CMakeFiles/__idf_lwip.dir/lwip/src/netif/slipif.c.obj
[192/1051] Building C object esp-idf/wpa_supplicant/CMakeFiles/__idf_wpa_supplicant.dir/esp_supplicant/src/esp_wpas_glue.c.obj
[280/1051] Building C object esp-idf/lwip/CMakeFiles/__idf_lwip.dir/lwip/src/netif/ppp/chap-md5.c.obj
[193/1051] Building C object esp-idf/wpa_supplicant/CMakeFiles/__idf_wpa_supplicant.dir/src/wps/wps_common.c.obj
[271/1049] Building C object esp-idf/lwip/CMakeFiles/__idf_lwip.dir/lwip/src/core/udp.c.obj
[69/1051] Building C object esp-idf/esp_driver_mcpwm/CMakeFiles/__idf_esp_driver_mcpwm.dir/src/mcpwm_com.c.obj
[304/1051] Building C object esp-idf/lwip/CMakeFiles/__idf_lwip.dir/apps/ping/ping.c.obj
[281/1051] Building C object esp-idf/lwip/CMakeFiles/__idf_lwip.dir/lwip/src/netif/slipif.c.obj
[240/1051] Building C object esp-idf/lwip/CMakeFiles/__idf_lwip.dir/lwip/src/core/inet_chksum.c.obj
[70/1051] Building C object esp-idf/driver/CMakeFiles/__idf_driver.dir/i2c/i2c.c.obj
[272/1049] Building C object esp-idf/lwip/CMakeFiles/__idf_lwip.dir/lwip/src/core/ipv6/ip6_addr.c.obj
[194/1051] Building C object esp-idf/wpa_supplicant/CMakeFiles/__idf_wpa_supplicant.dir/esp_supplicant/src/esp_owe.c.obj
[329/1051] Building C object esp-idf/lwip/CMakeFiles/__idf_lwip.dir/lwip/src/core/ipv6/nd6.c.obj
[303/1051] Building C object esp-idf/lwip/CMakeFiles/__idf_lwip.dir/apps/ping/ping_sock.c.obj
[241/1051] Building C object esp-idf/lwip/CMakeFiles/__idf_lwip.dir/lwip/src/apps/sntp/sntp.c.obj
[273/1049] Building C object esp-idf/lwip/CMakeFiles/__idf_lwip.dir/lwip/src/core/ipv6/ip6_frag.c.obj
[254/1051] Building C object esp-idf/lwip/CMakeFiles/__idf_lwip.dir/lwip/src/core/ipv4/ip4_frag.c.obj
[305/1051] Building C object esp-idf/lwip/CMakeFiles/__idf_lwip.dir/lwip/src/netif/ppp/vj.c.obj
[195/1051] Building C object esp-idf/wpa_supplicant/CMakeFiles/__idf_wpa_supplicant.dir/src/wps/wps_dev_attr.c.obj
[274/1049] Building C object esp-idf/lwip/CMakeFiles/__idf_lwip.dir/lwip/src/core/ipv4/dhcp.c.obj
[275/1049] Building C object esp-idf/lwip/CMakeFiles/__idf_lwip.dir/lwip/src/netif/bridgeif_fdb.c.obj
[242/1051] Building C object esp-idf/lwip/CMakeFiles/__idf_lwip.dir/lwip/src/core/timeouts.c.obj
[282/1051] Building C object esp-idf/lwip/CMakeFiles/__idf_lwip.dir/lwip/src/netif/ppp/chap_ms.c.obj
[306/1051] Building C object esp-idf/lwip/CMakeFiles/__idf_lwip.dir/lwip/src/api/sockets.c.obj
[304/1051] Building C object esp-idf/lwip/CMakeFiles/__idf_lwip.dir/lwip/src/netif/ppp/polarssl/des.c.obj
[71/1051] Building C object esp-idf/http_parser/CMakeFiles/__idf_http_parser.dir/http_parser.c.obj
[216/1051] Building C object esp-idf/esp_netif/CMakeFiles/__idf_esp_netif.dir/lwip/netif/wlanif.c.obj
[307/1051] Linking C static library esp-idf/esp_netif/libesp_netif.a
[276/1049] Building C object esp-idf/lwip/CMakeFiles/__idf_lwip.dir/lwip/src/netif/ppp/auth.c.obj
[72/1051] Building C object esp-idf/esp_driver_i2s/CMakeFiles/__idf_esp_driver_i2s.dir/i2s_tdm.c.obj
[243/1051] Building C object esp-idf/lwip/CMakeFiles/__idf_lwip.dir/lwip/src/core/stats.c.obj
[283/1051] Building C object esp-idf/lwip/CMakeFiles/__idf_lwip.dir/lwip/src/core/ipv4/dhcp.c.obj
[305/1051] Building C object esp-idf/lwip/CMakeFiles/__idf_lwip.dir/port/if_index.c.obj
[284/1051] Building C object esp-idf/lwip/CMakeFiles/__idf_lwip.dir/lwip/src/netif/ppp/demand.c.obj
[255/1051] Building C object esp-idf/lwip/CMakeFiles/__idf_lwip.dir/lwip/src/core/ipv4/ip4_addr.c.obj
[306/1051] Linking C static library esp-idf/esp_netif/libesp_netif.a
[243/1051] Building C object esp-idf/lwip/CMakeFiles/__idf_lwip.dir/lwip/src/core/memp.c.obj
[196/1051] Building C object esp-idf/wpa_supplicant/CMakeFiles/__idf_wpa_supplicant.dir/esp_supplicant/src/crypto/fastpsk.c.obj
[244/1051] Building C object esp-idf/lwip/CMakeFiles/__idf_lwip.dir/lwip/src/core/memp.c.obj
[256/1051] Building C object esp-idf/lwip/CMakeFiles/__idf_lwip.dir/lwip/src/core/ipv6/ethip6.c.obj
[330/1051] Building CXX object esp-idf/nvs_flash/CMakeFiles/__idf_nvs_flash.dir/src/nvs_platform.cpp.obj
[307/1051] Building C object esp-idf/lwip/CMakeFiles/__idf_lwip.dir/port/freertos/sys_arch.c.obj
[277/1049] Building C object esp-idf/lwip/CMakeFiles/__idf_lwip.dir/lwip/src/netif/ppp/demand.c.obj
[308/1051] Building C object esp-idf/lwip/CMakeFiles/__idf_lwip.dir/port/esp32xx/vfs_lwip.c.obj
[197/1051] Building C object esp-idf/wpa_supplicant/CMakeFiles/__idf_wpa_supplicant.dir/esp_supplicant/src/esp_common.c.obj
[285/1051] Building C object esp-idf/lwip/CMakeFiles/__idf_lwip.dir/lwip/src/netif/ppp/upap.c.obj
[73/1051] Building C object esp-idf/sdmmc/CMakeFiles/__idf_sdmmc.dir/sdmmc_io.c.obj
[331/1051] Building C object esp-idf/lwip/CMakeFiles/__idf_lwip.dir/apps/dhcpserver/dhcpserver.c.obj
[244/1051] Building C object esp-idf/lwip/CMakeFiles/__idf_lwip.dir/lwip/src/core/sys.c.obj
[286/1051] Building C object esp-idf/lwip/CMakeFiles/__idf_lwip.dir/lwip/src/netif/ppp/eap.c.obj
[74/1051] Building C object esp-idf/esp_driver_mcpwm/CMakeFiles/__idf_esp_driver_mcpwm.dir/src/mcpwm_cmpr.c.obj
[308/1051] Building C object esp-idf/lwip/CMakeFiles/__idf_lwip.dir/port/debug/lwip_debug.c.obj
[278/1049] Building C object esp-idf/lwip/CMakeFiles/__idf_lwip.dir/lwip/src/core/ipv6/mld6.c.obj
[257/1051] Building C object esp-idf/lwip/CMakeFiles/__idf_lwip.dir/lwip/src/core/ipv6/ip6_addr.c.obj
[309/1051] Building C object esp-idf/lwip/CMakeFiles/__idf_lwip.dir/lwip/src/netif/ppp/polarssl/md4.c.obj
[217/1051] Building C object esp-idf/wpa_supplicant/CMakeFiles/__idf_wpa_supplicant.dir/esp_supplicant/src/crypto/tls_mbedtls.c.obj
[198/1051] Building C object esp-idf/wpa_supplicant/CMakeFiles/__idf_wpa_supplicant.dir/src/common/sae_pk.c.obj
[218/1051] Building C object esp-idf/wpa_supplicant/CMakeFiles/__idf_wpa_supplicant.dir/src/crypto/aes-ccm.c.obj
[75/1051] Linking C static library esp-idf/http_parser/libhttp_parser.a
[310/1051] Building C object esp-idf/lwip/CMakeFiles/__idf_lwip.dir/port/hooks/lwip_default_hooks.c.obj
[309/1051] Building C object esp-idf/lwip/CMakeFiles/__idf_lwip.dir/lwip/src/netif/ppp/polarssl/md4.c.obj
[258/1051] Building C object esp-idf/lwip/CMakeFiles/__idf_lwip.dir/lwip/src/core/tcp_in.c.obj
[310/1051] Building C object esp-idf/lwip/CMakeFiles/__idf_lwip.dir/port/hooks/lwip_default_hooks.c.obj
[311/1051] Building C object esp-idf/lwip/CMakeFiles/__idf_lwip.dir/lwip/src/netif/ppp/polarssl/arc4.c.obj
[219/1051] Building C object esp-idf/wpa_supplicant/CMakeFiles/__idf_wpa_supplicant.dir/src/crypto/des-internal.c.obj
[287/1051] Building C object esp-idf/lwip/CMakeFiles/__idf_lwip.dir/lwip/src/netif/ppp/multilink.c.obj
[259/1051] Building C object esp-idf/lwip/CMakeFiles/__idf_lwip.dir/lwip/src/core/ipv6/inet6.c.obj
[311/1051] Building C object esp-idf/lwip/CMakeFiles/__idf_lwip.dir/port/if_index.c.obj
[245/1051] Building C object esp-idf/lwip/CMakeFiles/__idf_lwip.dir/lwip/src/core/raw.c.obj
[288/1051] Building C object esp-idf/lwip/CMakeFiles/__idf_lwip.dir/lwip/src/netif/ppp/fsm.c.obj
[312/1051] Building C object esp-idf/lwip/CMakeFiles/__idf_lwip.dir/lwip/src/netif/ppp/polarssl/arc4.c.obj
[289/1051] Building C object esp-idf/lwip/CMakeFiles/__idf_lwip.dir/lwip/src/netif/ppp/eui64.c.obj
[220/1051] Building C object esp-idf/esp_netif/CMakeFiles/__idf_esp_netif.dir/lwip/netif/esp_pbuf_ref.c.obj
[199/1051] Building C object esp-idf/wpa_supplicant/CMakeFiles/__idf_wpa_supplicant.dir/src/crypto/aes-unwrap.c.obj
[221/1051] Building C object esp-idf/lwip/CMakeFiles/__idf_lwip.dir/lwip/src/api/err.c.obj
[279/1049] Building C object esp-idf/lwip/CMakeFiles/__idf_lwip.dir/lwip/src/netif/ethernet.c.obj
[246/1051] Building C object esp-idf/lwip/CMakeFiles/__idf_lwip.dir/lwip/src/core/ipv4/autoip.c.obj
[280/1049] Building C object esp-idf/lwip/CMakeFiles/__idf_lwip.dir/lwip/src/netif/ppp/ecp.c.obj
[313/1051] Building C object esp-idf/lwip/CMakeFiles/__idf_lwip.dir/lwip/src/netif/ppp/polarssl/sha1.c.obj
[312/1051] Building C object esp-idf/lwip/CMakeFiles/__idf_lwip.dir/port/acd_dhcp_check.c.obj
[260/1051] Building C object esp-idf/lwip/CMakeFiles/__idf_lwip.dir/lwip/src/core/dns.c.obj
[290/1051] Building C object esp-idf/lwip/CMakeFiles/__idf_lwip.dir/lwip/src/core/ipv6/ip6.c.obj
[200/1051] Building C object esp-idf/wpa_supplicant/CMakeFiles/__idf_wpa_supplicant.dir/esp_supplicant/src/esp_wpa_main.c.obj
[332/1051] Building C object esp-idf/esp_driver_usb_serial_jtag/CMakeFiles/__idf_esp_driver_usb_serial_jtag.dir/src/usb_serial_jtag_vfs.c.obj
[281/1049] Building C object esp-idf/lwip/CMakeFiles/__idf_lwip.dir/lwip/src/netif/ppp/chap_ms.c.obj
[245/1051] Building C object esp-idf/lwip/CMakeFiles/__idf_lwip.dir/lwip/src/core/dns.c.obj
[291/1051] Building C object esp-idf/lwip/CMakeFiles/__idf_lwip.dir/lwip/src/netif/ppp/ipv6cp.c.obj
[261/1051] Building C object esp-idf/lwip/CMakeFiles/__idf_lwip.dir/lwip/src/core/netif.c.obj
[201/1051] Linking C static library esp-idf/esp_coex/libesp_coex.a
[246/1051] Building C object esp-idf/lwip/CMakeFiles/__idf_lwip.dir/lwip/src/core/ipv4/autoip.c.obj
[314/1051] Building C object esp-idf/lwip/CMakeFiles/__idf_lwip.dir/apps/dhcpserver/dhcpserver.c.obj
[282/1049] Building C object esp-idf/lwip/CMakeFiles/__idf_lwip.dir/lwip/src/netif/ppp/eui64.c.obj
[292/1051] Building C object esp-idf/lwip/CMakeFiles/__idf_lwip.dir/lwip/src/netif/ppp/mppe.c.obj
[262/1051] Building C object esp-idf/lwip/CMakeFiles/__idf_lwip.dir/lwip/src/core/ipv4/etharp.c.obj
[315/1051] Building C object esp-idf/lwip/CMakeFiles/__idf_lwip.dir/port/freertos/sys_arch.c.obj
[283/1049] Building C object esp-idf/lwip/CMakeFiles/__idf_lwip.dir/lwip/src/netif/ppp/lcp.c.obj
[313/1051] Building C object esp-idf/lwip/CMakeFiles/__idf_lwip.dir/port/esp32xx/vfs_lwip.c.obj
[76/1051] Building C object esp-idf/esp_driver_rmt/CMakeFiles/__idf_esp_driver_rmt.dir/src/rmt_rx.c.obj
[284/1049] Building C object esp-idf/lwip/CMakeFiles/__idf_lwip.dir/lwip/src/netif/ppp/multilink.c.obj
[263/1051] Building C object esp-idf/lwip/CMakeFiles/__idf_lwip.dir/lwip/src/core/ipv4/igmp.c.obj
[293/1051] Building C object esp-idf/lwip/CMakeFiles/__idf_lwip.dir/lwip/src/netif/ppp/magic.c.obj
[247/1051] Building C object esp-idf/lwip/CMakeFiles/__idf_lwip.dir/lwip/src/core/timeouts.c.obj
-- App "hexdump" version: 96a69bd-dirty
[202/1051] Building C object esp-idf/esp_netif/CMakeFiles/__idf_esp_netif.dir/esp_netif_defaults.c.obj
[294/1051] Building C object esp-idf/lwip/CMakeFiles/__idf_lwip.dir/port/sockets_ext.c.obj
[77/1051] Linking C static library esp-idf/driver/libdriver.a
[316/1051] Building C object esp-idf/lwip/CMakeFiles/__idf_lwip.dir/port/acd_dhcp_check.c.obj
[203/1051] Building C object esp-idf/wpa_supplicant/CMakeFiles/__idf_wpa_supplicant.dir/esp_supplicant/src/esp_wpa3.c.obj
[285/1049] Building C object esp-idf/lwip/CMakeFiles/__idf_lwip.dir/lwip/src/netif/ppp/fsm.c.obj
[314/1051] Building C object esp-idf/lwip/CMakeFiles/__idf_lwip.dir/apps/ping/ping.c.obj
[295/1051] Building C object esp-idf/lwip/CMakeFiles/__idf_lwip.dir/lwip/src/netif/ppp/pppcrypt.c.obj
[296/1051] Building C object esp-idf/lwip/CMakeFiles/__idf_lwip.dir/lwip/src/netif/ppp/pppos.c.obj
[317/1051] Building C object esp-idf/lwip/CMakeFiles/__idf_lwip.dir/lwip/src/netif/ppp/polarssl/md5.c.obj
[286/1049] Building C object esp-idf/lwip/CMakeFiles/__idf_lwip.dir/lwip/src/core/tcp.c.obj
[264/1051] Building C object esp-idf/lwip/CMakeFiles/__idf_lwip.dir/lwip/src/netif/ppp/chap-md5.c.obj
[222/1051] Building C object esp-idf/lwip/CMakeFiles/__idf_lwip.dir/lwip/src/api/if_api.c.obj
[297/1051] Building C object esp-idf/lwip/CMakeFiles/__idf_lwip.dir/lwip/src/netif/ppp/pppapi.c.obj
[315/1051] Building C object esp-idf/lwip/CMakeFiles/__idf_lwip.dir/lwip/src/netif/ppp/polarssl/md5.c.obj
[204/1051] Building C object esp-idf/wpa_supplicant/CMakeFiles/__idf_wpa_supplicant.dir/src/crypto/des-internal.c.obj
[316/1051] Building C object esp-idf/lwip/CMakeFiles/__idf_lwip.dir/lwip/src/netif/ppp/polarssl/sha1.c.obj
[333/1051] Linking C static library esp-idf/lwip/liblwip.a
[223/1051] Building C object esp-idf/lwip/CMakeFiles/__idf_lwip.dir/apps/sntp/sntp.c.obj
[247/1051] Building C object esp-idf/lwip/CMakeFiles/__idf_lwip.dir/lwip/src/core/ipv4/ip4_napt.c.obj
[334/1051] Building C object esp-idf/esp_phy/CMakeFiles/__idf_esp_phy.dir/src/phy_init.c.obj
[317/1051] Building C object esp-idf/lwip/CMakeFiles/__idf_lwip.dir/apps/ping/esp_ping.c.obj
[298/1051] Building C object esp-idf/lwip/CMakeFiles/__idf_lwip.dir/lwip/src/netif/ppp/utils.c.obj
[287/1049] Building C object esp-idf/lwip/CMakeFiles/__idf_lwip.dir/lwip/src/netif/ppp/pppcrypt.c.obj
[78/1051] Building C object esp-idf/esp_gdbstub/CMakeFiles/__idf_esp_gdbstub.dir/src/gdbstub_transport.c.obj
[248/1051] Building C object esp-idf/lwip/CMakeFiles/__idf_lwip.dir/lwip/src/api/api_msg.c.obj
[205/1051] Building C object esp-idf/esp_netif/CMakeFiles/__idf_esp_netif.dir/esp_netif_objects.c.obj
[335/1051] Building C object esp-idf/vfs/CMakeFiles/__idf_vfs.dir/vfs_semihost.c.obj
[318/1051] Building C object esp-idf/esp_phy/CMakeFiles/__idf_esp_phy.dir/src/phy_common.c.obj
[318/1051] Building C object esp-idf/esp_phy/CMakeFiles/__idf_esp_phy.dir/src/lib_printf.c.obj
[79/1051] Building C object esp-idf/esp_driver_mcpwm/CMakeFiles/__idf_esp_driver_mcpwm.dir/src/mcpwm_gen.c.obj
[299/1051] Building C object esp-idf/lwip/CMakeFiles/__idf_lwip.dir/lwip/src/netif/ppp/pppol2tp.c.obj
[288/1049] Building C object esp-idf/lwip/CMakeFiles/__idf_lwip.dir/lwip/src/netif/ppp/pppapi.c.obj
[224/1051] Building C object esp-idf/esp_netif/CMakeFiles/__idf_esp_netif.dir/lwip/esp_netif_sntp.c.obj
[80/1051] Linking C static library esp-idf/esp_driver_twai/libesp_driver_twai.a
[319/1051] Building C object esp-idf/lwip/CMakeFiles/__idf_lwip.dir/apps/ping/esp_ping.c.obj
[289/1049] Building C object esp-idf/lwip/CMakeFiles/__idf_lwip.dir/lwip/src/netif/ppp/mppe.c.obj
[319/1051] Building C object esp-idf/esp_phy/CMakeFiles/__idf_esp_phy.dir/src/lib_printf.c.obj
[300/1051] Building C object esp-idf/lwip/CMakeFiles/__idf_lwip.dir/apps/ping/esp_ping.c.obj
[206/1051] Building C object esp-idf/wpa_supplicant/CMakeFiles/__idf_wpa_supplicant.dir/esp_supplicant/src/crypto/crypto_mbedtls-bignum.c.obj
[290/1049] Building C object esp-idf/lwip/CMakeFiles/__idf_lwip.dir/lwip/src/netif/ppp/ppp.c.obj
[336/1051] Building C object esp-idf/nvs_flash/CMakeFiles/__idf_nvs_flash.dir/src/nvs_bootloader_aes.c.obj
[248/1051] Building C object esp-idf/lwip/CMakeFiles/__idf_lwip.dir/lwip/src/core/netif.c.obj
[320/1051] Building C object esp-idf/esp_phy/CMakeFiles/__idf_esp_phy.dir/esp32s3/phy_init_data.c.obj
[301/1051] Building C object esp-idf/lwip/CMakeFiles/__idf_lwip.dir/lwip/src/netif/ppp/pppoe.c.obj
[249/1051] Building C object esp-idf/lwip/CMakeFiles/__idf_lwip.dir/lwip/src/core/ipv4/icmp.c.obj
[249/1051] Building C object esp-idf/lwip/CMakeFiles/__idf_lwip.dir/lwip/src/core/ipv4/igmp.c.obj
[225/1051] Building C object esp-idf/lwip/CMakeFiles/__idf_lwip.dir/lwip/src/api/netdb.c.obj
[302/1051] Building C object esp-idf/lwip/CMakeFiles/__idf_lwip.dir/lwip/src/netif/ppp/polarssl/md4.c.obj
-- Compiler supported targets: xtensa-esp-elf
[250/1051] Building C object esp-idf/lwip/CMakeFiles/__idf_lwip.dir/lwip/src/core/ipv4/ip4_napt.c.obj
[303/1051] Building C object esp-idf/lwip/CMakeFiles/__idf_lwip.dir/lwip/src/netif/ppp/polarssl/arc4.c.obj
[250/1051] Building C object esp-idf/lwip/CMakeFiles/__idf_lwip.dir/lwip/src/core/netif.c.obj
[207/1051] Building C object esp-idf/wpa_supplicant/CMakeFiles/__idf_wpa_supplicant.dir/esp_supplicant/src/esp_hostap.c.obj
[265/1051] Building C object esp-idf/lwip/CMakeFiles/__idf_lwip.dir/lwip/src/netif/slipif.c.obj
[321/1051] Building C object esp-idf/esp_phy/CMakeFiles/__idf_esp_phy.dir/src/btbb_init.c.obj
[251/1051] Building C object esp-idf/lwip/CMakeFiles/__idf_lwip.dir/lwip/src/core/ipv6/dhcp6.c.obj
[226/1051] Building C object esp-idf/lwip/CMakeFiles/__idf_lwip.dir/lwip/src/api/netbuf.c.obj
[322/1051] Building C object esp-idf/lwip/CMakeFiles/__idf_lwip.dir/lwip/src/core/ipv6/nd6.c.obj
[291/1049] Building C object esp-idf/lwip/CMakeFiles/__idf_lwip.dir/lwip/src/netif/ppp/magic.c.obj
[304/1051] Building C object esp-idf/lwip/CMakeFiles/__idf_lwip.dir/port/if_index.c.obj
[208/1051] Building C object esp-idf/esp_netif/CMakeFiles/__idf_esp_netif.dir/lwip/esp_netif_lwip_defaults.c.obj
[266/1051] Building C object esp-idf/lwip/CMakeFiles/__idf_lwip.dir/lwip/src/netif/ppp/auth.c.obj
[267/1051] Building C object esp-idf/lwip/CMakeFiles/__idf_lwip.dir/lwip/src/netif/ppp/ccp.c.obj
[320/1051] Building C object esp-idf/esp_phy/CMakeFiles/__idf_esp_phy.dir/esp32s3/phy_init_data.c.obj
[292/1049] Building C object esp-idf/lwip/CMakeFiles/__idf_lwip.dir/lwip/src/netif/ppp/ipcp.c.obj
[81/1051] Building C object esp-idf/esp_gdbstub/CMakeFiles/__idf_esp_gdbstub.dir/src/gdbstub.c.obj
[293/1049] Building C object esp-idf/lwip/CMakeFiles/__idf_lwip.dir/lwip/src/netif/ppp/ipv6cp.c.obj
[321/1051] Building C object esp-idf/esp_driver_usb_serial_jtag/CMakeFiles/__idf_esp_driver_usb_serial_jtag.dir/src/usb_serial_jtag_connection_monitor.c.obj
[252/1051] Building C object esp-idf/lwip/CMakeFiles/__idf_lwip.dir/lwip/src/core/udp.c.obj
[268/1051] Building C object esp-idf/lwip/CMakeFiles/__idf_lwip.dir/lwip/src/netif/bridgeif.c.obj
[294/1049] Building C object esp-idf/lwip/CMakeFiles/__idf_lwip.dir/lwip/src/api/sockets.c.obj
[227/1051] Building C object esp-idf/lwip/CMakeFiles/__idf_lwip.dir/lwip/src/api/netifapi.c.obj
[251/1051] Building C object esp-idf/lwip/CMakeFiles/__idf_lwip.dir/lwip/src/core/ipv6/icmp6.c.obj
[322/1051] Building C object esp-idf/vfs/CMakeFiles/__idf_vfs.dir/nullfs.c.obj
[295/1049] Building C object esp-idf/lwip/CMakeFiles/__idf_lwip.dir/lwip/src/netif/ppp/pppoe.c.obj
[209/1051] Building C object esp-idf/wpa_supplicant/CMakeFiles/__idf_wpa_supplicant.dir/esp_supplicant/src/crypto/crypto_mbedtls.c.obj
[253/1051] Building C object esp-idf/lwip/CMakeFiles/__idf_lwip.dir/lwip/src/core/ipv4/icmp.c.obj
[210/1051] Generating hexdump_tinygo.o
[269/1051] Building C object esp-idf/lwip/CMakeFiles/__idf_lwip.dir/lwip/src/core/ipv6/ip6_frag.c.obj
[323/1051] Building C object esp-idf/esp_vfs_console/CMakeFiles/__idf_esp_vfs_console.dir/vfs_console.c.obj
[337/1051] Linking C static library esp-idf/vfs/libvfs.a
[82/1051] Building C object esp-idf/esp_driver_i2s/CMakeFiles/__idf_esp_driver_i2s.dir/i2s_std.c.obj
[211/1051] Building C object esp-idf/wpa_supplicant/CMakeFiles/__idf_wpa_supplicant.dir/src/rsn_supp/wpa.c.obj
[228/1051] Building C object esp-idf/wpa_supplicant/CMakeFiles/__idf_wpa_supplicant.dir/esp_supplicant/src/crypto/crypto_mbedtls-ec.c.obj
[83/1051] Building ASM object esp-idf/esp_gdbstub/CMakeFiles/__idf_esp_gdbstub.dir/src/port/xtensa/gdbstub-entry.S.obj
[229/1051] Building C object esp-idf/lwip/CMakeFiles/__idf_lwip.dir/lwip/src/core/dns.c.obj
[296/1049] Building C object esp-idf/lwip/CMakeFiles/__idf_lwip.dir/lwip/src/netif/ppp/pppol2tp.c.obj
[270/1051] Building C object esp-idf/lwip/CMakeFiles/__idf_lwip.dir/lwip/src/netif/ethernet.c.obj
[84/1051] Building C object esp-idf/sdmmc/CMakeFiles/__idf_sdmmc.dir/sdmmc_sd.c.obj
[85/1051] Building ASM object esp-idf/esp_gdbstub/CMakeFiles/__idf_esp_gdbstub.dir/src/port/xtensa/xt_debugexception.S.obj
[212/1051] Building C object esp-idf/wpa_supplicant/CMakeFiles/__idf_wpa_supplicant.dir/src/crypto/aes-wrap.c.obj
[254/1051] Building C object esp-idf/lwip/CMakeFiles/__idf_lwip.dir/lwip/src/core/ipv4/ip4.c.obj
[213/1051] Building C object esp-idf/esp_netif/CMakeFiles/__idf_esp_netif.dir/lwip/netif/esp_pbuf_ref.c.obj
[338/1051] Linking C static library esp-idf/esp_vfs_console/libesp_vfs_console.a
[214/1051] Building C object esp-idf/wpa_supplicant/CMakeFiles/__idf_wpa_supplicant.dir/src/crypto/rc4.c.obj
[323/1051] Building C object esp-idf/esp_phy/CMakeFiles/__idf_esp_phy.dir/src/phy_override.c.obj
[305/1051] Linking C static library esp-idf/esp_netif/libesp_netif.a
[86/1051] Building C object esp-idf/esp_driver_mcpwm/CMakeFiles/__idf_esp_driver_mcpwm.dir/src/mcpwm_cap.c.obj
[324/1051] Building C object esp-idf/esp_phy/CMakeFiles/__idf_esp_phy.dir/src/phy_override.c.obj
[306/1051] Building C object esp-idf/lwip/CMakeFiles/__idf_lwip.dir/lwip/src/netif/ppp/vj.c.obj
-- Project sdkconfig file /home/tikhon/Документы/magnolia/applets/rust/rselftest/sdkconfig
[297/1049] Building C object esp-idf/lwip/CMakeFiles/__idf_lwip.dir/lwip/src/netif/ppp/polarssl/des.c.obj
[87/1051] Building C object esp-idf/esp_driver_mcpwm/CMakeFiles/__idf_esp_driver_mcpwm.dir/src/mcpwm_fault.c.obj
[252/1051] Building C object esp-idf/lwip/CMakeFiles/__idf_lwip.dir/lwip/src/core/pbuf.c.obj
[325/1051] Building C object esp-idf/esp_phy/CMakeFiles/__idf_esp_phy.dir/src/phy_init.c.obj
[88/1051] Building C object esp-idf/esp_driver_sdmmc/CMakeFiles/__idf_esp_driver_sdmmc.dir/src/sd_host_sdmmc.c.obj
[326/1051] Building C object esp-idf/esp_phy/CMakeFiles/__idf_esp_phy.dir/src/btbb_init.c.obj
[298/1049] Building C object esp-idf/lwip/CMakeFiles/__idf_lwip.dir/port/debug/lwip_debug.c.obj
[230/1051] Building C object esp-idf/lwip/CMakeFiles/__idf_lwip.dir/lwip/src/core/mem.c.obj
[215/1051] Building C object esp-idf/lwip/CMakeFiles/__idf_lwip.dir/apps/sntp/sntp.c.obj
[299/1049] Building C object esp-idf/lwip/CMakeFiles/__idf_lwip.dir/lwip/src/netif/ppp/pppos.c.obj
[324/1051] Building C object esp-idf/esp_driver_usb_serial_jtag/CMakeFiles/__idf_esp_driver_usb_serial_jtag.dir/src/usb_serial_jtag_connection_monitor.c.obj
[327/1051] Building C object esp-idf/esp_driver_usb_serial_jtag/CMakeFiles/__idf_esp_driver_usb_serial_jtag.dir/src/usb_serial_jtag_vfs.c.obj
[255/1051] Building C object esp-idf/lwip/CMakeFiles/__idf_lwip.dir/lwip/src/core/dns.c.obj
[271/1051] Building C object esp-idf/lwip/CMakeFiles/__idf_lwip.dir/lwip/src/netif/bridgeif_fdb.c.obj
[216/1051] Building C object esp-idf/lwip/CMakeFiles/__idf_lwip.dir/lwip/src/api/if_api.c.obj
[300/1049] Building C object esp-idf/lwip/CMakeFiles/__idf_lwip.dir/port/hooks/lwip_default_hooks.c.obj
[325/1051] Building C object esp-idf/esp_vfs_console/CMakeFiles/__idf_esp_vfs_console.dir/vfs_console.c.obj
[256/1051] Building C object esp-idf/lwip/CMakeFiles/__idf_lwip.dir/lwip/src/core/ipv4/ip4_addr.c.obj
[301/1049] Building C object esp-idf/lwip/CMakeFiles/__idf_lwip.dir/port/if_index.c.obj
[302/1049] Building C object esp-idf/lwip/CMakeFiles/__idf_lwip.dir/lwip/src/netif/ppp/upap.c.obj
[89/1051] Building C object esp-idf/esp_driver_mcpwm/CMakeFiles/__idf_esp_driver_mcpwm.dir/src/mcpwm_oper.c.obj
[272/1051] Building C object esp-idf/lwip/CMakeFiles/__idf_lwip.dir/lwip/src/netif/ppp/demand.c.obj
[326/1051] Building C object esp-idf/vfs/CMakeFiles/__idf_vfs.dir/nullfs.c.obj
[217/1051] Building C object esp-idf/lwip/CMakeFiles/__idf_lwip.dir/lwip/src/api/netbuf.c.obj
[307/1051] Building C object esp-idf/lwip/CMakeFiles/__idf_lwip.dir/lwip/src/netif/ppp/polarssl/des.c.obj
[273/1051] Building C object esp-idf/lwip/CMakeFiles/__idf_lwip.dir/lwip/src/netif/ppp/chap-new.c.obj
[257/1051] Building C object esp-idf/lwip/CMakeFiles/__idf_lwip.dir/lwip/src/core/ipv4/ip4_frag.c.obj
[303/1049] Building C object esp-idf/lwip/CMakeFiles/__idf_lwip.dir/lwip/src/netif/ppp/utils.c.obj
[218/1051] Building C object esp-idf/wpa_supplicant/CMakeFiles/__idf_wpa_supplicant.dir/src/crypto/aes-ccm.c.obj
[231/1051] Building C object esp-idf/lwip/CMakeFiles/__idf_lwip.dir/lwip/src/api/tcpip.c.obj
[339/1051] Linking C static library esp-idf/esp_driver_usb_serial_jtag/libesp_driver_usb_serial_jtag.a
[219/1051] Building C object esp-idf/esp_netif/CMakeFiles/__idf_esp_netif.dir/esp_netif_handlers.c.obj
[274/1051] Building C object esp-idf/lwip/CMakeFiles/__idf_lwip.dir/lwip/src/netif/ppp/fsm.c.obj
[308/1051] Building C object esp-idf/lwip/CMakeFiles/__idf_lwip.dir/port/hooks/tcp_isn_default.c.obj
[304/1049] Building C object esp-idf/lwip/CMakeFiles/__idf_lwip.dir/port/acd_dhcp_check.c.obj
[220/1051] Building C object esp-idf/wpa_supplicant/CMakeFiles/__idf_wpa_supplicant.dir/esp_supplicant/src/crypto/fastpbkdf2.c.obj
[340/1051] Building C object esp-idf/nvs_flash/CMakeFiles/__idf_nvs_flash.dir/src/nvs_bootloader.c.obj
[305/1049] Building C object esp-idf/lwip/CMakeFiles/__idf_lwip.dir/lwip/src/netif/ppp/vj.c.obj
[232/1051] Building C object esp-idf/lwip/CMakeFiles/__idf_lwip.dir/lwip/src/api/api_lib.c.obj
[309/1051] Building C object esp-idf/lwip/CMakeFiles/__idf_lwip.dir/lwip/src/netif/ppp/polarssl/md5.c.obj
[253/1051] Building C object esp-idf/lwip/CMakeFiles/__idf_lwip.dir/lwip/src/core/ipv6/ethip6.c.obj
[341/1051] Building CXX object esp-idf/nvs_flash/CMakeFiles/__idf_nvs_flash.dir/src/nvs_partition_manager.cpp.obj
[306/1049] Building C object esp-idf/lwip/CMakeFiles/__idf_lwip.dir/lwip/src/netif/ppp/polarssl/md5.c.obj
[310/1051] Building C object esp-idf/lwip/CMakeFiles/__idf_lwip.dir/apps/ping/ping.c.obj
[327/1051] Building C object esp-idf/esp_phy/CMakeFiles/__idf_esp_phy.dir/src/phy_common.c.obj
[275/1051] Building C object esp-idf/lwip/CMakeFiles/__idf_lwip.dir/lwip/src/core/tcp_out.c.obj
[233/1051] Building C object esp-idf/lwip/CMakeFiles/__idf_lwip.dir/lwip/src/core/def.c.obj
[254/1051] Building C object esp-idf/lwip/CMakeFiles/__idf_lwip.dir/lwip/src/core/ipv4/igmp.c.obj
[307/1049] Linking C static library esp-idf/esp_netif/libesp_netif.a
[328/1051] Building C object esp-idf/esp_driver_usb_serial_jtag/CMakeFiles/__idf_esp_driver_usb_serial_jtag.dir/src/usb_serial_jtag.c.obj
[342/1051] Building C object esp-idf/nvs_flash/CMakeFiles/__idf_nvs_flash.dir/src/nvs_bootloader_xts_aes.c.obj
[328/1051] Building C object esp-idf/esp_driver_usb_serial_jtag/CMakeFiles/__idf_esp_driver_usb_serial_jtag.dir/src/usb_serial_jtag_vfs.c.obj
[234/1051] Building C object esp-idf/lwip/CMakeFiles/__idf_lwip.dir/lwip/src/apps/netbiosns/netbiosns.c.obj
[276/1051] Building C object esp-idf/lwip/CMakeFiles/__idf_lwip.dir/lwip/src/netif/ppp/lcp.c.obj
[308/1049] Building C object esp-idf/vfs/CMakeFiles/__idf_vfs.dir/vfs_eventfd.c.obj
[311/1051] Building C object esp-idf/lwip/CMakeFiles/__idf_lwip.dir/port/hooks/lwip_default_hooks.c.obj
[221/1051] Building C object esp-idf/esp_netif/CMakeFiles/__idf_esp_netif.dir/lwip/netif/ethernetif.c.obj
[277/1051] Building C object esp-idf/lwip/CMakeFiles/__idf_lwip.dir/lwip/src/netif/ppp/eap.c.obj
[329/1051] Building C object esp-idf/lwip/CMakeFiles/__idf_lwip.dir/lwip/src/core/ipv6/nd6.c.obj
[90/1051] Building C object esp-idf/esp_wifi/CMakeFiles/__idf_esp_wifi.dir/src/lib_printf.c.obj
[309/1049] Building C object esp-idf/lwip/CMakeFiles/__idf_lwip.dir/apps/ping/esp_ping.c.obj
[278/1051] Building C object esp-idf/lwip/CMakeFiles/__idf_lwip.dir/lwip/src/core/ipv6/mld6.c.obj
[91/1051] Building C object esp-idf/esp_driver_ledc/CMakeFiles/__idf_esp_driver_ledc.dir/src/ledc.c.obj
[343/1051] Linking C static library esp-idf/esp_phy/libesp_phy.a
[235/1051] Building C object esp-idf/lwip/CMakeFiles/__idf_lwip.dir/lwip/src/apps/sntp/sntp.c.obj
[310/1049] Building C object esp-idf/lwip/CMakeFiles/__idf_lwip.dir/port/hooks/tcp_isn_default.c.obj
[329/1051] Building C object esp-idf/lwip/CMakeFiles/__idf_lwip.dir/apps/ping/ping_sock.c.obj
[312/1051] Building C object esp-idf/lwip/CMakeFiles/__idf_lwip.dir/port/debug/lwip_debug.c.obj
[279/1051] Building C object esp-idf/lwip/CMakeFiles/__idf_lwip.dir/lwip/src/netif/ppp/ipcp.c.obj
[311/1049] Building C object esp-idf/lwip/CMakeFiles/__idf_lwip.dir/lwip/src/core/ipv6/nd6.c.obj
[330/1051] Building C object esp-idf/vfs/CMakeFiles/__idf_vfs.dir/vfs_eventfd.c.obj
[255/1051] Building C object esp-idf/lwip/CMakeFiles/__idf_lwip.dir/lwip/src/core/ipv4/ip4_frag.c.obj
[280/1051] Building C object esp-idf/lwip/CMakeFiles/__idf_lwip.dir/lwip/src/core/tcp.c.obj
[92/1051] Building C object esp-idf/esp_gdbstub/CMakeFiles/__idf_esp_gdbstub.dir/src/packet.c.obj
[258/1051] Building C object esp-idf/lwip/CMakeFiles/__idf_lwip.dir/lwip/src/core/ipv6/inet6.c.obj
[256/1051] Building C object esp-idf/lwip/CMakeFiles/__idf_lwip.dir/lwip/src/core/ipv4/ip4_addr.c.obj
[344/1051] Building CXX object esp-idf/nvs_flash/CMakeFiles/__idf_nvs_flash.dir/src/nvs_encrypted_partition.cpp.obj
[257/1051] Building C object esp-idf/lwip/CMakeFiles/__idf_lwip.dir/lwip/src/core/ipv4/ip4.c.obj
[313/1051] Building C object esp-idf/lwip/CMakeFiles/__idf_lwip.dir/port/acd_dhcp_check.c.obj
[222/1051] Building C object esp-idf/wpa_supplicant/CMakeFiles/__idf_wpa_supplicant.dir/esp_supplicant/src/crypto/crypto_mbedtls-rsa.c.obj
[281/1051] Building C object esp-idf/esp_netif/CMakeFiles/__idf_esp_netif.dir/lwip/esp_netif_lwip.c.obj
[314/1051] Building C object esp-idf/lwip/CMakeFiles/__idf_lwip.dir/port/esp32xx/vfs_lwip.c.obj
[259/1051] Building C object esp-idf/lwip/CMakeFiles/__idf_lwip.dir/lwip/src/core/ipv4/etharp.c.obj
[312/1049] Building C object esp-idf/lwip/CMakeFiles/__idf_lwip.dir/port/esp32xx/vfs_lwip.c.obj
[93/1051] Building C object esp-idf/esp_driver_mcpwm/CMakeFiles/__idf_esp_driver_mcpwm.dir/src/mcpwm_sync.c.obj
[282/1051] Building C object esp-idf/lwip/CMakeFiles/__idf_lwip.dir/lwip/src/netif/ppp/chap_ms.c.obj
[258/1051] Building C object esp-idf/lwip/CMakeFiles/__idf_lwip.dir/lwip/src/core/ipv6/dhcp6.c.obj
[236/1051] Building C object esp-idf/wpa_supplicant/CMakeFiles/__idf_wpa_supplicant.dir/esp_supplicant/src/esp_wps.c.obj
[223/1051] Building C object esp-idf/lwip/CMakeFiles/__idf_lwip.dir/lwip/src/api/err.c.obj
[283/1051] Building C object esp-idf/lwip/CMakeFiles/__idf_lwip.dir/lwip/src/netif/ppp/ecp.c.obj
[315/1051] Building C object esp-idf/lwip/CMakeFiles/__idf_lwip.dir/lwip/src/netif/ppp/polarssl/sha1.c.obj
[345/1051] Building C object esp-idf/esp_event/CMakeFiles/__idf_esp_event.dir/default_event_loop.c.obj
[94/1051] Linking C static library esp-idf/esp_driver_ledc/libesp_driver_ledc.a
[284/1051] Building C object esp-idf/lwip/CMakeFiles/__idf_lwip.dir/lwip/src/netif/ppp/eui64.c.obj
[259/1051] Building C object esp-idf/lwip/CMakeFiles/__idf_lwip.dir/lwip/src/core/ipv6/inet6.c.obj
[330/1051] Building CXX object esp-idf/nvs_flash/CMakeFiles/__idf_nvs_flash.dir/src/nvs_platform.cpp.obj
[260/1051] Building C object esp-idf/lwip/CMakeFiles/__idf_lwip.dir/lwip/src/core/ipv6/ip6_addr.c.obj
[285/1051] Building C object esp-idf/lwip/CMakeFiles/__idf_lwip.dir/lwip/src/netif/ppp/pppapi.c.obj
[313/1049] Building C object esp-idf/lwip/CMakeFiles/__idf_lwip.dir/port/sockets_ext.c.obj
[331/1051] Building C object esp-idf/vfs/CMakeFiles/__idf_vfs.dir/vfs_eventfd.c.obj
[314/1049] Building C object esp-idf/lwip/CMakeFiles/__idf_lwip.dir/lwip/src/netif/ppp/polarssl/arc4.c.obj
[261/1051] Building C object esp-idf/lwip/CMakeFiles/__idf_lwip.dir/lwip/src/core/ipv6/ip6_frag.c.obj
[224/1051] Building C object esp-idf/wpa_supplicant/CMakeFiles/__idf_wpa_supplicant.dir/esp_supplicant/src/crypto/tls_mbedtls.c.obj
[95/1051] Building C object esp-idf/esp_gdbstub/CMakeFiles/__idf_esp_gdbstub.dir/src/port/xtensa/gdbstub_xtensa.c.obj
[315/1049] Building C object esp-idf/esp_phy/CMakeFiles/__idf_esp_phy.dir/src/phy_override.c.obj
[260/1051] Building C object esp-idf/lwip/CMakeFiles/__idf_lwip.dir/lwip/src/netif/bridgeif.c.obj
[237/1051] Building C object esp-idf/lwip/CMakeFiles/__idf_lwip.dir/lwip/src/core/init.c.obj
[286/1051] Building C object esp-idf/lwip/CMakeFiles/__idf_lwip.dir/lwip/src/netif/ppp/pppos.c.obj
[96/1051] Building C object esp-idf/esp_wifi/CMakeFiles/__idf_esp_wifi.dir/src/mesh_event.c.obj
[346/1051] Building C object esp-idf/esp_event/CMakeFiles/__idf_esp_event.dir/esp_event_private.c.obj
[287/1051] Building C object esp-idf/lwip/CMakeFiles/__idf_lwip.dir/lwip/src/netif/ppp/magic.c.obj
[262/1051] Building C object esp-idf/lwip/CMakeFiles/__idf_lwip.dir/lwip/src/netif/ethernet.c.obj
[238/1051] Building C object esp-idf/lwip/CMakeFiles/__idf_lwip.dir/lwip/src/core/memp.c.obj
[261/1051] Building C object esp-idf/lwip/CMakeFiles/__idf_lwip.dir/lwip/src/core/ipv4/etharp.c.obj
[225/1051] Building C object esp-idf/esp_netif/CMakeFiles/__idf_esp_netif.dir/lwip/netif/wlanif.c.obj
[263/1051] Building C object esp-idf/lwip/CMakeFiles/__idf_lwip.dir/lwip/src/core/ipv6/icmp6.c.obj
[97/1051] Building C object esp-idf/esp_driver_rmt/CMakeFiles/__idf_esp_driver_rmt.dir/src/rmt_tx.c.obj
[288/1051] Building C object esp-idf/lwip/CMakeFiles/__idf_lwip.dir/lwip/src/netif/ppp/utils.c.obj
[98/1051] Building C object esp-idf/esp_wifi/CMakeFiles/__idf_esp_wifi.dir/src/wifi_netif.c.obj
[239/1051] Building C object esp-idf/lwip/CMakeFiles/__idf_lwip.dir/lwip/src/core/ip.c.obj
[264/1051] Building C object esp-idf/lwip/CMakeFiles/__idf_lwip.dir/lwip/src/core/ipv6/ethip6.c.obj
[316/1051] Building C object esp-idf/lwip/CMakeFiles/__idf_lwip.dir/port/freertos/sys_arch.c.obj
[316/1049] Building C object esp-idf/esp_phy/CMakeFiles/__idf_esp_phy.dir/src/btbb_init.c.obj
[99/1051] Building C object esp-idf/esp_wifi/CMakeFiles/__idf_esp_wifi.dir/src/smartconfig.c.obj
[240/1051] Building C object esp-idf/lwip/CMakeFiles/__idf_lwip.dir/lwip/src/core/inet_chksum.c.obj
[347/1051] Building C object esp-idf/esp_driver_uart/CMakeFiles/__idf_esp_driver_uart.dir/src/uhci.c.obj
[317/1049] Building C object esp-idf/lwip/CMakeFiles/__idf_lwip.dir/lwip/src/netif/ppp/polarssl/md4.c.obj
[100/1051] Building C object esp-idf/esp_driver_i2s/CMakeFiles/__idf_esp_driver_i2s.dir/i2s_pdm.c.obj
[241/1051] Building C object esp-idf/lwip/CMakeFiles/__idf_lwip.dir/lwip/src/core/stats.c.obj
[331/1051] Building C object esp-idf/esp_driver_usb_serial_jtag/CMakeFiles/__idf_esp_driver_usb_serial_jtag.dir/src/usb_serial_jtag.c.obj
[289/1051] Building C object esp-idf/lwip/CMakeFiles/__idf_lwip.dir/lwip/src/core/ipv4/dhcp.c.obj
[101/1051] Linking C static library esp-idf/esp_driver_i2c/libesp_driver_i2c.a
[262/1051] Building C object esp-idf/lwip/CMakeFiles/__idf_lwip.dir/lwip/src/netif/ppp/ccp.c.obj
[265/1051] Building C object esp-idf/lwip/CMakeFiles/__idf_lwip.dir/lwip/src/netif/bridgeif.c.obj
[263/1051] Building C object esp-idf/esp_netif/CMakeFiles/__idf_esp_netif.dir/lwip/esp_netif_lwip.c.obj
[242/1051] Building C object esp-idf/lwip/CMakeFiles/__idf_lwip.dir/lwip/src/core/sys.c.obj
[332/1051] Building CXX object esp-idf/nvs_flash/CMakeFiles/__idf_nvs_flash.dir/src/nvs_platform.cpp.obj
[290/1051] Building C object esp-idf/lwip/CMakeFiles/__idf_lwip.dir/lwip/src/netif/ppp/ipv6cp.c.obj
[317/1051] Building C object esp-idf/esp_phy/CMakeFiles/__idf_esp_phy.dir/src/lib_printf.c.obj
[318/1049] Building C object esp-idf/lwip/CMakeFiles/__idf_lwip.dir/apps/ping/ping.c.obj
[319/1049] Building C object esp-idf/esp_phy/CMakeFiles/__idf_esp_phy.dir/src/lib_printf.c.obj
[318/1051] Building C object esp-idf/esp_phy/CMakeFiles/__idf_esp_phy.dir/esp32s3/phy_init_data.c.obj
[333/1051] Building C object esp-idf/esp_phy/CMakeFiles/__idf_esp_phy.dir/src/phy_init.c.obj
[226/1051] Building C object esp-idf/wpa_supplicant/CMakeFiles/__idf_wpa_supplicant.dir/esp_supplicant/src/esp_wps.c.obj
[291/1051] Building C object esp-idf/lwip/CMakeFiles/__idf_lwip.dir/lwip/src/core/ipv6/ip6.c.obj
[292/1051] Building C object esp-idf/lwip/CMakeFiles/__idf_lwip.dir/lwip/src/netif/ppp/ppp.c.obj
[320/1049] Building C object esp-idf/lwip/CMakeFiles/__idf_lwip.dir/lwip/src/netif/ppp/polarssl/sha1.c.obj
[319/1051] Building C object esp-idf/vfs/CMakeFiles/__idf_vfs.dir/nullfs.c.obj
[102/1051] Building C object esp-idf/esp_coex/CMakeFiles/__idf_esp_coex.dir/src/coexist_debug_diagram.c.obj
[266/1051] Building C object esp-idf/lwip/CMakeFiles/__idf_lwip.dir/lwip/src/core/ipv6/mld6.c.obj
[264/1051] Building C object esp-idf/lwip/CMakeFiles/__idf_lwip.dir/lwip/src/api/sockets.c.obj
[321/1049] Building C object esp-idf/esp_phy/CMakeFiles/__idf_esp_phy.dir/src/phy_init.c.obj
[332/1051] Building C object esp-idf/nvs_flash/CMakeFiles/__idf_nvs_flash.dir/src/nvs_bootloader.c.obj
[103/1051] Building C object esp-idf/esp_wifi/CMakeFiles/__idf_esp_wifi.dir/src/wifi_default_ap.c.obj
[322/1049] Building C object esp-idf/esp_phy/CMakeFiles/__idf_esp_phy.dir/esp32s3/phy_init_data.c.obj
[293/1051] Building C object esp-idf/lwip/CMakeFiles/__idf_lwip.dir/lwip/src/netif/ppp/pppcrypt.c.obj
[267/1051] Building C object esp-idf/lwip/CMakeFiles/__idf_lwip.dir/lwip/src/core/tcp.c.obj
[104/1051] Linking C static library esp-idf/esp_driver_sdm/libesp_driver_sdm.a
[323/1049] Building C object esp-idf/lwip/CMakeFiles/__idf_lwip.dir/port/freertos/sys_arch.c.obj
[320/1051] Building C object esp-idf/vfs/CMakeFiles/__idf_vfs.dir/vfs_eventfd.c.obj
[227/1051] Building C object esp-idf/esp_netif/CMakeFiles/__idf_esp_netif.dir/lwip/esp_netif_sntp.c.obj
[265/1051] Building C object esp-idf/lwip/CMakeFiles/__idf_lwip.dir/lwip/src/core/udp.c.obj
[268/1051] Building C object esp-idf/lwip/CMakeFiles/__idf_lwip.dir/lwip/src/netif/ppp/chap-new.c.obj
[333/1051] Building C object esp-idf/lwip/CMakeFiles/__idf_lwip.dir/apps/dhcpserver/dhcpserver.c.obj
[266/1051] Building C object esp-idf/lwip/CMakeFiles/__idf_lwip.dir/lwip/src/core/ipv6/ip6.c.obj
[294/1051] Building C object esp-idf/lwip/CMakeFiles/__idf_lwip.dir/port/freertos/sys_arch.c.obj
[334/1051] Building C object esp-idf/nvs_flash/CMakeFiles/__idf_nvs_flash.dir/src/nvs_bootloader_aes.c.obj
[348/1051] Building C object esp-idf/esp_driver_uart/CMakeFiles/__idf_esp_driver_uart.dir/src/uart_wakeup.c.obj
[324/1049] Building C object esp-idf/esp_driver_usb_serial_jtag/CMakeFiles/__idf_esp_driver_usb_serial_jtag.dir/src/usb_serial_jtag_connection_monitor.c.obj
[295/1051] Building C object esp-idf/lwip/CMakeFiles/__idf_lwip.dir/lwip/src/netif/ppp/mppe.c.obj
[269/1051] Building C object esp-idf/lwip/CMakeFiles/__idf_lwip.dir/lwip/src/netif/ppp/eap.c.obj
[296/1051] Building C object esp-idf/lwip/CMakeFiles/__idf_lwip.dir/lwip/src/netif/ppp/pppol2tp.c.obj
[243/1051] Building C object esp-idf/lwip/CMakeFiles/__idf_lwip.dir/lwip/src/core/tcp_in.c.obj
[270/1051] Building C object esp-idf/lwip/CMakeFiles/__idf_lwip.dir/lwip/src/core/ipv4/dhcp.c.obj
[244/1051] Building C object esp-idf/lwip/CMakeFiles/__idf_lwip.dir/lwip/src/core/raw.c.obj
[267/1051] Building C object esp-idf/lwip/CMakeFiles/__idf_lwip.dir/lwip/src/core/ipv6/ip6_addr.c.obj
[321/1051] Building C object esp-idf/lwip/CMakeFiles/__idf_lwip.dir/apps/ping/ping_sock.c.obj
[297/1051] Building C object esp-idf/lwip/CMakeFiles/__idf_lwip.dir/lwip/src/api/sockets.c.obj
[271/1051] Building C object esp-idf/lwip/CMakeFiles/__idf_lwip.dir/lwip/src/netif/ppp/auth.c.obj
[272/1051] Building C object esp-idf/lwip/CMakeFiles/__idf_lwip.dir/lwip/src/netif/ppp/chap_ms.c.obj
[268/1051] Building C object esp-idf/lwip/CMakeFiles/__idf_lwip.dir/lwip/src/core/tcp_in.c.obj
[322/1051] Building C object esp-idf/esp_vfs_console/CMakeFiles/__idf_esp_vfs_console.dir/vfs_console.c.obj
[298/1051] Building C object esp-idf/lwip/CMakeFiles/__idf_lwip.dir/lwip/src/netif/ppp/pppoe.c.obj
[273/1051] Building C object esp-idf/lwip/CMakeFiles/__idf_lwip.dir/lwip/src/netif/ppp/ecp.c.obj
[299/1051] Building C object esp-idf/lwip/CMakeFiles/__idf_lwip.dir/lwip/src/netif/ppp/multilink.c.obj
[228/1051] Building C object esp-idf/lwip/CMakeFiles/__idf_lwip.dir/lwip/src/api/tcpip.c.obj
[105/1051] Building C object esp-idf/esp_wifi/CMakeFiles/__idf_esp_wifi.dir/src/wifi_init.c.obj
[323/1051] Building C object esp-idf/esp_driver_usb_serial_jtag/CMakeFiles/__idf_esp_driver_usb_serial_jtag.dir/src/usb_serial_jtag.c.obj
[269/1051] Building C object esp-idf/lwip/CMakeFiles/__idf_lwip.dir/lwip/src/core/tcp.c.obj
[334/1051] Linking C static library esp-idf/lwip/liblwip.a
[229/1051] Building C object esp-idf/lwip/CMakeFiles/__idf_lwip.dir/lwip/src/api/netifapi.c.obj
[106/1051] Linking C static library esp-idf/esp_driver_tsens/libesp_driver_tsens.a
[274/1051] Building C object esp-idf/lwip/CMakeFiles/__idf_lwip.dir/lwip/src/core/tcp_out.c.obj
[324/1051] Building C object esp-idf/lwip/CMakeFiles/__idf_lwip.dir/apps/dhcpserver/dhcpserver.c.obj
[270/1051] Building C object esp-idf/lwip/CMakeFiles/__idf_lwip.dir/lwip/src/core/ipv6/mld6.c.obj
[325/1049] Building C object esp-idf/esp_vfs_console/CMakeFiles/__idf_esp_vfs_console.dir/vfs_console.c.obj
[107/1051] Building C object esp-idf/esp_coex/CMakeFiles/__idf_esp_coex.dir/src/coexist_debug.c.obj
[230/1051] Building C object esp-idf/lwip/CMakeFiles/__idf_lwip.dir/lwip/src/core/def.c.obj
[325/1051] Building C object esp-idf/esp_phy/CMakeFiles/__idf_esp_phy.dir/src/phy_override.c.obj
[335/1051] Building C object esp-idf/nvs_flash/CMakeFiles/__idf_nvs_flash.dir/src/nvs_bootloader_aes.c.obj
[271/1051] Building C object esp-idf/lwip/CMakeFiles/__idf_lwip.dir/lwip/src/core/ipv6/ip6_frag.c.obj
[300/1051] Building C object esp-idf/lwip/CMakeFiles/__idf_lwip.dir/lwip/src/netif/ppp/upap.c.obj
[326/1051] Building C object esp-idf/esp_driver_usb_serial_jtag/CMakeFiles/__idf_esp_driver_usb_serial_jtag.dir/src/usb_serial_jtag_connection_monitor.c.obj
[327/1051] Building C object esp-idf/esp_phy/CMakeFiles/__idf_esp_phy.dir/src/btbb_init.c.obj
[231/1051] Building C object esp-idf/lwip/CMakeFiles/__idf_lwip.dir/lwip/src/api/netdb.c.obj
[328/1051] Building C object esp-idf/esp_phy/CMakeFiles/__idf_esp_phy.dir/src/phy_common.c.obj
[272/1051] Building C object esp-idf/lwip/CMakeFiles/__idf_lwip.dir/lwip/src/netif/ppp/eui64.c.obj
[245/1051] Building C object esp-idf/lwip/CMakeFiles/__idf_lwip.dir/lwip/src/api/api_msg.c.obj
[301/1051] Building C object esp-idf/lwip/CMakeFiles/__idf_lwip.dir/port/acd_dhcp_check.c.obj
[246/1051] Linking C static library esp-idf/wpa_supplicant/libwpa_supplicant.a
[275/1051] Building C object esp-idf/lwip/CMakeFiles/__idf_lwip.dir/lwip/src/netif/slipif.c.obj
[232/1051] Building C object esp-idf/lwip/CMakeFiles/__idf_lwip.dir/lwip/src/apps/sntp/sntp.c.obj
[349/1051] Building C object esp-idf/esp_event/CMakeFiles/__idf_esp_event.dir/esp_event.c.obj
[326/1049] Building C object esp-idf/esp_phy/CMakeFiles/__idf_esp_phy.dir/src/phy_common.c.obj
[273/1051] Building C object esp-idf/lwip/CMakeFiles/__idf_lwip.dir/lwip/src/core/ipv4/dhcp.c.obj
[233/1051] Building C object esp-idf/lwip/CMakeFiles/__idf_lwip.dir/lwip/src/core/init.c.obj
[234/1051] Building C object esp-idf/lwip/CMakeFiles/__idf_lwip.dir/lwip/src/apps/netbiosns/netbiosns.c.obj
[108/1051] Building C object esp-idf/esp_driver_i2s/CMakeFiles/__idf_esp_driver_i2s.dir/i2s_common.c.obj
[109/1051] Building C object esp-idf/esp_driver_pcnt/CMakeFiles/__idf_esp_driver_pcnt.dir/src/pulse_cnt.c.obj
[329/1051] Building C object esp-idf/vfs/CMakeFiles/__idf_vfs.dir/vfs_semihost.c.obj
[276/1051] Building C object esp-idf/lwip/CMakeFiles/__idf_lwip.dir/lwip/src/netif/bridgeif_fdb.c.obj
[274/1051] Building C object esp-idf/lwip/CMakeFiles/__idf_lwip.dir/lwip/src/netif/ppp/chap-md5.c.obj
[110/1051] Linking C static library esp-idf/esp_driver_rmt/libesp_driver_rmt.a
[335/1051] Building C object esp-idf/vfs/CMakeFiles/__idf_vfs.dir/vfs_semihost.c.obj
[327/1049] Building C object esp-idf/vfs/CMakeFiles/__idf_vfs.dir/vfs.c.obj
[247/1051] Building C object esp-idf/lwip/CMakeFiles/__idf_lwip.dir/lwip/src/core/timeouts.c.obj
[111/1051] Building C object esp-idf/esp_driver_mcpwm/CMakeFiles/__idf_esp_driver_mcpwm.dir/src/mcpwm_timer.c.obj
[275/1051] Building C object esp-idf/lwip/CMakeFiles/__idf_lwip.dir/lwip/src/netif/ppp/auth.c.obj
[328/1049] Building C object esp-idf/lwip/CMakeFiles/__idf_lwip.dir/apps/ping/ping_sock.c.obj
[336/1051] Building C object esp-idf/vfs/CMakeFiles/__idf_vfs.dir/vfs_semihost.c.obj
[112/1051] Building C object esp-idf/esp_wifi/CMakeFiles/__idf_esp_wifi.dir/regulatory/esp_wifi_regulatory.c.obj
[235/1051] Building C object esp-idf/lwip/CMakeFiles/__idf_lwip.dir/lwip/src/core/mem.c.obj
[302/1051] Building C object esp-idf/lwip/CMakeFiles/__idf_lwip.dir/lwip/src/netif/ppp/vj.c.obj
[329/1049] Building C object esp-idf/vfs/CMakeFiles/__idf_vfs.dir/nullfs.c.obj
[277/1051] Building C object esp-idf/lwip/CMakeFiles/__idf_lwip.dir/lwip/src/netif/ppp/ccp.c.obj
[248/1051] Building C object esp-idf/lwip/CMakeFiles/__idf_lwip.dir/lwip/src/core/ipv4/autoip.c.obj
-- App "dd" version: 96a69bd-dirty
[303/1051] Building C object esp-idf/lwip/CMakeFiles/__idf_lwip.dir/port/hooks/tcp_isn_default.c.obj
[276/1051] Building C object esp-idf/lwip/CMakeFiles/__idf_lwip.dir/lwip/src/netif/slipif.c.obj
[278/1051] Building C object esp-idf/lwip/CMakeFiles/__idf_lwip.dir/lwip/src/netif/ppp/chap-md5.c.obj
[277/1051] Building C object esp-idf/lwip/CMakeFiles/__idf_lwip.dir/lwip/src/netif/ethernet.c.obj
[278/1051] Building C object esp-idf/lwip/CMakeFiles/__idf_lwip.dir/lwip/src/netif/bridgeif_fdb.c.obj
[236/1051] Building C object esp-idf/wpa_supplicant/CMakeFiles/__idf_wpa_supplicant.dir/esp_supplicant/src/crypto/crypto_mbedtls-ec.c.obj
[279/1051] Building C object esp-idf/lwip/CMakeFiles/__idf_lwip.dir/lwip/src/core/tcp_out.c.obj
-- Found Python3: /home/tikhon/.espressif/python_env/idf6.0_py3.12_env/bin/python (found version "3.12.3") found components: Interpreter 
[279/1051] Building C object esp-idf/lwip/CMakeFiles/__idf_lwip.dir/lwip/src/core/ipv6/ip6.c.obj
[249/1051] Building C object esp-idf/lwip/CMakeFiles/__idf_lwip.dir/lwip/src/core/pbuf.c.obj
[280/1051] Building C object esp-idf/lwip/CMakeFiles/__idf_lwip.dir/lwip/src/netif/ppp/demand.c.obj
[237/1051] Building C object esp-idf/lwip/CMakeFiles/__idf_lwip.dir/lwip/src/core/ip.c.obj
[336/1051] Building CXX object esp-idf/nvs_flash/CMakeFiles/__idf_nvs_flash.dir/src/nvs_handle_locked.cpp.obj
[113/1051] Building C object esp-idf/esp_coex/CMakeFiles/__idf_esp_coex.dir/esp32s3/esp_coex_adapter.c.obj
[304/1051] Building C object esp-idf/lwip/CMakeFiles/__idf_lwip.dir/apps/dhcpserver/dhcpserver.c.obj
[280/1051] Building C object esp-idf/lwip/CMakeFiles/__idf_lwip.dir/lwip/src/netif/ppp/ipcp.c.obj
[281/1051] Building C object esp-idf/esp_netif/CMakeFiles/__idf_esp_netif.dir/lwip/esp_netif_lwip.c.obj
[305/1051] Linking C static library esp-idf/esp_netif/libesp_netif.a
-- Performing Test CMAKE_HAVE_LIBC_PTHREAD
[330/1049] Building C object esp-idf/nvs_flash/CMakeFiles/__idf_nvs_flash.dir/src/nvs_bootloader.c.obj
[281/1051] Building C object esp-idf/lwip/CMakeFiles/__idf_lwip.dir/lwip/src/netif/ppp/chap-new.c.obj
[337/1051] Building C object esp-idf/nvs_flash/CMakeFiles/__idf_nvs_flash.dir/src/nvs_bootloader_xts_aes.c.obj
[114/1051] Linking C static library esp-idf/esp_driver_sdspi/libesp_driver_sdspi.a
[330/1051] Building C object esp-idf/esp_driver_usb_serial_jtag/CMakeFiles/__idf_esp_driver_usb_serial_jtag.dir/src/usb_serial_jtag_vfs.c.obj
[306/1051] Building C object esp-idf/lwip/CMakeFiles/__idf_lwip.dir/port/sockets_ext.c.obj
[307/1051] Building C object esp-idf/lwip/CMakeFiles/__idf_lwip.dir/lwip/src/netif/ppp/polarssl/des.c.obj
[250/1051] Building C object esp-idf/lwip/CMakeFiles/__idf_lwip.dir/lwip/src/core/netif.c.obj
[282/1051] Building C object esp-idf/lwip/CMakeFiles/__idf_lwip.dir/lwip/src/netif/ppp/demand.c.obj
[238/1051] Building C object esp-idf/lwip/CMakeFiles/__idf_lwip.dir/lwip/src/api/api_lib.c.obj
[283/1051] Building C object esp-idf/lwip/CMakeFiles/__idf_lwip.dir/lwip/src/netif/ppp/chap_ms.c.obj
[308/1051] Building C object esp-idf/lwip/CMakeFiles/__idf_lwip.dir/lwip/src/netif/ppp/polarssl/md5.c.obj
[284/1051] Building C object esp-idf/lwip/CMakeFiles/__idf_lwip.dir/lwip/src/netif/ppp/pppoe.c.obj
[115/1051] Building C object esp-idf/wpa_supplicant/CMakeFiles/__idf_wpa_supplicant.dir/src/ap/sta_info.c.obj
[282/1051] Building C object esp-idf/lwip/CMakeFiles/__idf_lwip.dir/lwip/src/netif/ppp/eui64.c.obj
[331/1049] Building CXX object esp-idf/nvs_flash/CMakeFiles/__idf_nvs_flash.dir/src/nvs_platform.cpp.obj
[309/1051] Building C object esp-idf/lwip/CMakeFiles/__idf_lwip.dir/port/if_index.c.obj
[251/1051] Building C object esp-idf/lwip/CMakeFiles/__idf_lwip.dir/lwip/src/core/ipv4/icmp.c.obj
[285/1051] Building C object esp-idf/lwip/CMakeFiles/__idf_lwip.dir/lwip/src/netif/ppp/fsm.c.obj
[310/1051] Building C object esp-idf/lwip/CMakeFiles/__idf_lwip.dir/apps/ping/ping.c.obj
[116/1051] Building C object esp-idf/esp_wifi/CMakeFiles/__idf_esp_wifi.dir/src/wifi_default.c.obj
[283/1051] Building C object esp-idf/lwip/CMakeFiles/__idf_lwip.dir/lwip/src/core/tcp_in.c.obj
[239/1051] Building C object esp-idf/lwip/CMakeFiles/__idf_lwip.dir/lwip/src/core/inet_chksum.c.obj
[338/1051] Linking C static library esp-idf/lwip/liblwip.a
[117/1051] Linking C static library esp-idf/esp_driver_sdmmc/libesp_driver_sdmmc.a
[286/1051] Building C object esp-idf/lwip/CMakeFiles/__idf_lwip.dir/lwip/src/netif/ppp/eap.c.obj
[311/1051] Building C object esp-idf/lwip/CMakeFiles/__idf_lwip.dir/lwip/src/core/ipv6/nd6.c.obj
[252/1051] Building C object esp-idf/lwip/CMakeFiles/__idf_lwip.dir/lwip/src/core/ipv4/ip4_napt.c.obj
[332/1049] Building C object esp-idf/esp_driver_usb_serial_jtag/CMakeFiles/__idf_esp_driver_usb_serial_jtag.dir/src/usb_serial_jtag.c.obj
[331/1051] Building C object esp-idf/vfs/CMakeFiles/__idf_vfs.dir/vfs.c.obj
[118/1051] Building C object esp-idf/wpa_supplicant/CMakeFiles/__idf_wpa_supplicant.dir/port/os_xtensa.c.obj
[337/1051] Building C object esp-idf/nvs_flash/CMakeFiles/__idf_nvs_flash.dir/src/nvs_bootloader_xts_aes.c.obj
[332/1051] Building CXX object esp-idf/nvs_flash/CMakeFiles/__idf_nvs_flash.dir/src/nvs_platform.cpp.obj
[333/1049] Building CXX object esp-idf/nvs_flash/CMakeFiles/__idf_nvs_flash.dir/src/nvs_handle_locked.cpp.obj
[284/1051] Building C object esp-idf/lwip/CMakeFiles/__idf_lwip.dir/lwip/src/netif/ppp/multilink.c.obj
[312/1051] Building C object esp-idf/lwip/CMakeFiles/__idf_lwip.dir/port/hooks/lwip_default_hooks.c.obj
[313/1051] Building C object esp-idf/lwip/CMakeFiles/__idf_lwip.dir/lwip/src/netif/ppp/polarssl/sha1.c.obj
[119/1051] Linking C static library esp-idf/esp_driver_sd_intf/libesp_driver_sd_intf.a
[314/1051] Building C object esp-idf/vfs/CMakeFiles/__idf_vfs.dir/vfs_semihost.c.obj
[333/1051] Building C object esp-idf/lwip/CMakeFiles/__idf_lwip.dir/lwip/src/core/ipv6/nd6.c.obj
[285/1051] Building C object esp-idf/lwip/CMakeFiles/__idf_lwip.dir/lwip/src/netif/ppp/ipcp.c.obj
[287/1051] Building C object esp-idf/lwip/CMakeFiles/__idf_lwip.dir/lwip/src/netif/ppp/ecp.c.obj
[315/1051] Building C object esp-idf/lwip/CMakeFiles/__idf_lwip.dir/port/esp32xx/vfs_lwip.c.obj
[286/1051] Building C object esp-idf/lwip/CMakeFiles/__idf_lwip.dir/lwip/src/netif/ppp/mppe.c.obj
[288/1051] Building C object esp-idf/lwip/CMakeFiles/__idf_lwip.dir/lwip/src/netif/ppp/upap.c.obj
[316/1051] Building C object esp-idf/lwip/CMakeFiles/__idf_lwip.dir/lwip/src/netif/ppp/polarssl/arc4.c.obj
[287/1051] Building C object esp-idf/lwip/CMakeFiles/__idf_lwip.dir/lwip/src/netif/ppp/lcp.c.obj
[317/1051] Building C object esp-idf/lwip/CMakeFiles/__idf_lwip.dir/lwip/src/netif/ppp/polarssl/md4.c.obj
[288/1051] Building C object esp-idf/lwip/CMakeFiles/__idf_lwip.dir/lwip/src/netif/ppp/fsm.c.obj
[240/1051] Building C object esp-idf/lwip/CMakeFiles/__idf_lwip.dir/lwip/src/core/ipv4/autoip.c.obj
[338/1051] Building C object esp-idf/esp_event/CMakeFiles/__idf_esp_event.dir/default_event_loop.c.obj
[318/1051] Building C object esp-idf/esp_phy/CMakeFiles/__idf_esp_phy.dir/src/lib_printf.c.obj
[289/1051] Building C object esp-idf/lwip/CMakeFiles/__idf_lwip.dir/lwip/src/netif/ppp/ipv6cp.c.obj
[334/1049] Building C object esp-idf/esp_driver_usb_serial_jtag/CMakeFiles/__idf_esp_driver_usb_serial_jtag.dir/src/usb_serial_jtag_vfs.c.obj
[289/1051] Building C object esp-idf/lwip/CMakeFiles/__idf_lwip.dir/lwip/src/netif/ppp/magic.c.obj
[319/1051] Building C object esp-idf/lwip/CMakeFiles/__idf_lwip.dir/apps/ping/esp_ping.c.obj
[241/1051] Building C object esp-idf/lwip/CMakeFiles/__idf_lwip.dir/lwip/src/core/memp.c.obj
[120/1051] Building C object esp-idf/esp_wifi/CMakeFiles/__idf_esp_wifi.dir/src/smartconfig_ack.c.obj
[290/1051] Building C object esp-idf/lwip/CMakeFiles/__idf_lwip.dir/lwip/src/netif/ppp/magic.c.obj
[320/1051] Building C object esp-idf/lwip/CMakeFiles/__idf_lwip.dir/port/debug/lwip_debug.c.obj
[350/1051] Building CXX object esp-idf/nvs_flash/CMakeFiles/__idf_nvs_flash.dir/src/nvs_partition.cpp.obj
[242/1051] Building C object esp-idf/lwip/CMakeFiles/__idf_lwip.dir/lwip/src/core/stats.c.obj
[290/1051] Building C object esp-idf/lwip/CMakeFiles/__idf_lwip.dir/lwip/src/netif/ppp/ipv6cp.c.obj
[121/1051] Building C object esp-idf/esp_driver_spi/CMakeFiles/__idf_esp_driver_spi.dir/src/gpspi/spi_common.c.obj
[335/1049] Building C object esp-idf/esp_event/CMakeFiles/__idf_esp_event.dir/default_event_loop.c.obj
[321/1051] Building C object esp-idf/esp_phy/CMakeFiles/__idf_esp_phy.dir/src/phy_override.c.obj
[243/1051] Building C object esp-idf/lwip/CMakeFiles/__idf_lwip.dir/lwip/src/core/sys.c.obj
[291/1051] Building C object esp-idf/lwip/CMakeFiles/__idf_lwip.dir/lwip/src/netif/ppp/lcp.c.obj
[122/1051] Linking C static library esp-idf/sdmmc/libsdmmc.a
[291/1051] Building C object esp-idf/lwip/CMakeFiles/__idf_lwip.dir/lwip/src/netif/ppp/pppapi.c.obj
[336/1049] Building C object esp-idf/nvs_flash/CMakeFiles/__idf_nvs_flash.dir/src/nvs_bootloader_aes.c.obj
[123/1051] Building C object esp-idf/esp_driver_spi/CMakeFiles/__idf_esp_driver_spi.dir/src/gpspi/spi_slave.c.obj
[322/1051] Building C object esp-idf/esp_phy/CMakeFiles/__idf_esp_phy.dir/src/btbb_init.c.obj
[292/1051] Building C object esp-idf/lwip/CMakeFiles/__idf_lwip.dir/lwip/src/netif/ppp/pppos.c.obj
-- Performing Test CMAKE_HAVE_LIBC_PTHREAD - Success
-- Found Threads: TRUE  
[339/1051] Building C object esp-idf/nvs_flash/CMakeFiles/__idf_nvs_flash.dir/src/nvs_bootloader.c.obj
[293/1051] Building C object esp-idf/lwip/CMakeFiles/__idf_lwip.dir/lwip/src/netif/ppp/ppp.c.obj
[253/1051] Building C object esp-idf/lwip/CMakeFiles/__idf_lwip.dir/lwip/src/core/ipv6/dhcp6.c.obj
[254/1051] Building C object esp-idf/lwip/CMakeFiles/__idf_lwip.dir/lwip/src/core/ipv4/igmp.c.obj
[292/1051] Building C object esp-idf/lwip/CMakeFiles/__idf_lwip.dir/lwip/src/netif/ppp/ppp.c.obj
[351/1051] Building C object esp-idf/esp_driver_gptimer/CMakeFiles/__idf_esp_driver_gptimer.dir/src/gptimer_common.c.obj
[334/1051] Building C object esp-idf/esp_phy/CMakeFiles/__idf_esp_phy.dir/src/phy_init.c.obj
[339/1051] Building C object esp-idf/esp_event/CMakeFiles/__idf_esp_event.dir/default_event_loop.c.obj
-- Performing Test C_COMPILER_SUPPORTS_WFORMAT_SIGNEDNESS
[255/1051] Building C object esp-idf/lwip/CMakeFiles/__idf_lwip.dir/lwip/src/core/ipv6/ethip6.c.obj
[293/1051] Building C object esp-idf/lwip/CMakeFiles/__idf_lwip.dir/lwip/src/netif/ppp/mppe.c.obj
[294/1051] Building C object esp-idf/lwip/CMakeFiles/__idf_lwip.dir/lwip/src/netif/ppp/pppapi.c.obj
[256/1051] Building C object esp-idf/lwip/CMakeFiles/__idf_lwip.dir/lwip/src/core/ipv4/ip4_frag.c.obj
[335/1051] Building C object esp-idf/nvs_flash/CMakeFiles/__idf_nvs_flash.dir/src/nvs_bootloader_aes.c.obj
[244/1051] Building C object esp-idf/lwip/CMakeFiles/__idf_lwip.dir/lwip/src/core/timeouts.c.obj
[323/1051] Building C object esp-idf/esp_driver_usb_serial_jtag/CMakeFiles/__idf_esp_driver_usb_serial_jtag.dir/src/usb_serial_jtag_connection_monitor.c.obj
[124/1051] Building C object esp-idf/esp_wifi/CMakeFiles/__idf_esp_wifi.dir/esp32s3/esp_adapter.c.obj
[294/1051] Building C object esp-idf/lwip/CMakeFiles/__idf_lwip.dir/lwip/src/api/sockets.c.obj
[245/1051] Building C object esp-idf/lwip/CMakeFiles/__idf_lwip.dir/lwip/src/core/ipv4/icmp.c.obj
[324/1051] Building C object esp-idf/esp_phy/CMakeFiles/__idf_esp_phy.dir/esp32s3/phy_init_data.c.obj
[295/1051] Building C object esp-idf/lwip/CMakeFiles/__idf_lwip.dir/lwip/src/netif/ppp/pppol2tp.c.obj
[295/1051] Building C object esp-idf/lwip/CMakeFiles/__idf_lwip.dir/lwip/src/netif/ppp/multilink.c.obj
[337/1049] Building C object esp-idf/nvs_flash/CMakeFiles/__idf_nvs_flash.dir/src/nvs_bootloader_xts_aes.c.obj
[296/1051] Building C object esp-idf/lwip/CMakeFiles/__idf_lwip.dir/lwip/src/netif/ppp/pppos.c.obj
[296/1051] Building C object esp-idf/lwip/CMakeFiles/__idf_lwip.dir/lwip/src/netif/ppp/pppcrypt.c.obj
[297/1051] Building C object esp-idf/lwip/CMakeFiles/__idf_lwip.dir/apps/ping/esp_ping.c.obj
[340/1051] Building C object esp-idf/esp_event/CMakeFiles/__idf_esp_event.dir/esp_event_private.c.obj
[340/1051] Building C object esp-idf/esp_event/CMakeFiles/__idf_esp_event.dir/esp_event_private.c.obj
[125/1051] Building C object esp-idf/esp_driver_spi/CMakeFiles/__idf_esp_driver_spi.dir/src/gpspi/spi_slave_hd.c.obj
[257/1051] Building C object esp-idf/lwip/CMakeFiles/__idf_lwip.dir/lwip/src/core/ipv4/ip4_addr.c.obj
[352/1051] Building CXX object esp-idf/nvs_flash/CMakeFiles/__idf_nvs_flash.dir/src/nvs_partition_lookup.cpp.obj
[341/1051] Building CXX object esp-idf/nvs_flash/CMakeFiles/__idf_nvs_flash.dir/src/nvs_partition.cpp.obj
[298/1051] Building C object esp-idf/lwip/CMakeFiles/__idf_lwip.dir/lwip/src/netif/ppp/pppoe.c.obj
[126/1051] Linking C static library esp-idf/esp_driver_i2s/libesp_driver_i2s.a
[258/1051] Building C object esp-idf/lwip/CMakeFiles/__idf_lwip.dir/lwip/src/core/ipv4/etharp.c.obj
[127/1051] Building C object esp-idf/wpa_supplicant/CMakeFiles/__idf_wpa_supplicant.dir/src/ap/ieee802_1x.c.obj
[338/1049] Building C object esp-idf/lwip/CMakeFiles/__idf_lwip.dir/apps/dhcpserver/dhcpserver.c.obj
[246/1051] Building C object esp-idf/lwip/CMakeFiles/__idf_lwip.dir/lwip/src/core/dns.c.obj
[297/1051] Building C object esp-idf/lwip/CMakeFiles/__idf_lwip.dir/lwip/src/netif/ppp/utils.c.obj
[259/1051] Building C object esp-idf/lwip/CMakeFiles/__idf_lwip.dir/lwip/src/core/ipv4/ip4.c.obj
[298/1051] Building C object esp-idf/lwip/CMakeFiles/__idf_lwip.dir/lwip/src/netif/ppp/pppcrypt.c.obj
[339/1049] Building C object esp-idf/vfs/CMakeFiles/__idf_vfs.dir/vfs_semihost.c.obj
[299/1051] Building C object esp-idf/lwip/CMakeFiles/__idf_lwip.dir/lwip/src/core/ipv6/nd6.c.obj
[260/1051] Building C object esp-idf/lwip/CMakeFiles/__idf_lwip.dir/lwip/src/core/ipv6/icmp6.c.obj
[299/1051] Building C object esp-idf/lwip/CMakeFiles/__idf_lwip.dir/lwip/src/netif/ppp/pppol2tp.c.obj
[353/1051] Building C object esp-idf/esp_timer/CMakeFiles/__idf_esp_timer.dir/src/esp_timer_init.c.obj
[247/1051] Building C object esp-idf/lwip/CMakeFiles/__idf_lwip.dir/lwip/src/api/api_msg.c.obj
[325/1051] Building C object esp-idf/vfs/CMakeFiles/__idf_vfs.dir/nullfs.c.obj
[261/1051] Building C object esp-idf/lwip/CMakeFiles/__idf_lwip.dir/lwip/src/core/ipv6/inet6.c.obj
[354/1051] Building C object esp-idf/esp_driver_gptimer/CMakeFiles/__idf_esp_driver_gptimer.dir/src/gptimer.c.obj
[300/1051] Building C object esp-idf/lwip/CMakeFiles/__idf_lwip.dir/port/debug/lwip_debug.c.obj
[326/1051] Building C object esp-idf/esp_vfs_console/CMakeFiles/__idf_esp_vfs_console.dir/vfs_console.c.obj
-- Performing Test C_COMPILER_SUPPORTS_WFORMAT_SIGNEDNESS - Success
-- USING O3
[300/1051] Building C object esp-idf/lwip/CMakeFiles/__idf_lwip.dir/port/hooks/tcp_isn_default.c.obj
[341/1051] Building CXX object esp-idf/nvs_flash/CMakeFiles/__idf_nvs_flash.dir/src/nvs_partition.cpp.obj
[301/1051] Building C object esp-idf/lwip/CMakeFiles/__idf_lwip.dir/lwip/src/netif/ppp/vj.c.obj
[248/1051] Linking C static library esp-idf/wpa_supplicant/libwpa_supplicant.a
[301/1051] Building C object esp-idf/lwip/CMakeFiles/__idf_lwip.dir/lwip/src/netif/ppp/vj.c.obj
[128/1051] Building C object esp-idf/wpa_supplicant/CMakeFiles/__idf_wpa_supplicant.dir/src/ap/ap_config.c.obj
[302/1051] Building C object esp-idf/lwip/CMakeFiles/__idf_lwip.dir/lwip/src/netif/ppp/utils.c.obj
[249/1051] Building C object esp-idf/lwip/CMakeFiles/__idf_lwip.dir/lwip/src/core/ipv6/dhcp6.c.obj
[327/1051] Building C object esp-idf/esp_phy/CMakeFiles/__idf_esp_phy.dir/src/phy_common.c.obj
[262/1051] Building C object esp-idf/lwip/CMakeFiles/__idf_lwip.dir/lwip/src/netif/slipif.c.obj
[342/1051] Building C object esp-idf/esp_driver_uart/CMakeFiles/__idf_esp_driver_uart.dir/src/uart_wakeup.c.obj
[328/1051] Building C object esp-idf/lwip/CMakeFiles/__idf_lwip.dir/apps/ping/ping_sock.c.obj
[355/1051] Building C object esp-idf/esp_ringbuf/CMakeFiles/__idf_esp_ringbuf.dir/ringbuf.c.obj
[303/1051] Building C object esp-idf/lwip/CMakeFiles/__idf_lwip.dir/port/hooks/tcp_isn_default.c.obj
[263/1051] Building C object esp-idf/lwip/CMakeFiles/__idf_lwip.dir/lwip/src/core/tcp_out.c.obj
[302/1051] Building C object esp-idf/lwip/CMakeFiles/__idf_lwip.dir/port/hooks/lwip_default_hooks.c.obj
[304/1051] Building C object esp-idf/lwip/CMakeFiles/__idf_lwip.dir/lwip/src/netif/ppp/upap.c.obj
[340/1049] Building C object esp-idf/esp_event/CMakeFiles/__idf_esp_event.dir/esp_event_private.c.obj
[129/1051] Linking C static library esp-idf/esp_driver_mcpwm/libesp_driver_mcpwm.a
[250/1051] Building C object esp-idf/lwip/CMakeFiles/__idf_lwip.dir/lwip/src/core/udp.c.obj
[336/1051] Linking C static library esp-idf/lwip/liblwip.a
[305/1051] Building C object esp-idf/lwip/CMakeFiles/__idf_lwip.dir/port/freertos/sys_arch.c.obj
[130/1051] Building C object esp-idf/wpa_supplicant/CMakeFiles/__idf_wpa_supplicant.dir/port/eloop.c.obj
[337/1051] Building C object esp-idf/nvs_flash/CMakeFiles/__idf_nvs_flash.dir/src/nvs_bootloader.c.obj
[251/1051] Building C object esp-idf/lwip/CMakeFiles/__idf_lwip.dir/lwip/src/core/raw.c.obj
[338/1051] Building C object esp-idf/nvs_flash/CMakeFiles/__idf_nvs_flash.dir/src/nvs_bootloader_xts_aes.c.obj
[264/1051] Building C object esp-idf/lwip/CMakeFiles/__idf_lwip.dir/lwip/src/core/udp.c.obj
[306/1051] Building C object esp-idf/lwip/CMakeFiles/__idf_lwip.dir/port/if_index.c.obj
[307/1051] Linking C static library esp-idf/esp_netif/libesp_netif.a
[341/1049] Building C object esp-idf/esp_driver_uart/CMakeFiles/__idf_esp_driver_uart.dir/src/uart_wakeup.c.obj
[252/1051] Building C object esp-idf/lwip/CMakeFiles/__idf_lwip.dir/lwip/src/core/ipv6/inet6.c.obj
[131/1051] Building C object esp-idf/wpa_supplicant/CMakeFiles/__idf_wpa_supplicant.dir/src/ap/comeback_token.c.obj
[342/1051] Building C object esp-idf/esp_driver_uart/CMakeFiles/__idf_esp_driver_uart.dir/src/uart_wakeup.c.obj
[329/1051] Building CXX object esp-idf/nvs_flash/CMakeFiles/__idf_nvs_flash.dir/src/nvs_partition_lookup.cpp.obj
[308/1051] Building C object esp-idf/lwip/CMakeFiles/__idf_lwip.dir/port/acd_dhcp_check.c.obj
[303/1051] Linking C static library esp-idf/esp_netif/libesp_netif.a
[304/1051] Building C object esp-idf/lwip/CMakeFiles/__idf_lwip.dir/port/if_index.c.obj
[253/1051] Building C object esp-idf/lwip/CMakeFiles/__idf_lwip.dir/lwip/src/core/pbuf.c.obj
[356/1051] Building C object esp-idf/esp_timer/CMakeFiles/__idf_esp_timer.dir/src/system_time.c.obj
[132/1051] Linking C static library esp-idf/esp_driver_pcnt/libesp_driver_pcnt.a
[343/1051] Building C object esp-idf/vfs/CMakeFiles/__idf_vfs.dir/vfs.c.obj
[305/1051] Building C object esp-idf/lwip/CMakeFiles/__idf_lwip.dir/apps/ping/ping.c.obj
[357/1051] Building C object esp-idf/esp_timer/CMakeFiles/__idf_esp_timer.dir/src/ets_timer_legacy.c.obj
[265/1051] Building C object esp-idf/lwip/CMakeFiles/__idf_lwip.dir/lwip/src/core/tcp.c.obj
[358/1051] Building C object esp-idf/esp_driver_uart/CMakeFiles/__idf_esp_driver_uart.dir/src/uart_vfs.c.obj
[343/1051] Building CXX object esp-idf/nvs_flash/CMakeFiles/__idf_nvs_flash.dir/src/nvs_types.cpp.obj
[266/1051] Building C object esp-idf/lwip/CMakeFiles/__idf_lwip.dir/lwip/src/netif/ppp/chap_ms.c.obj
[359/1051] Building C object esp-idf/esp_timer/CMakeFiles/__idf_esp_timer.dir/src/esp_timer.c.obj
[330/1051] Building C object esp-idf/esp_driver_usb_serial_jtag/CMakeFiles/__idf_esp_driver_usb_serial_jtag.dir/src/usb_serial_jtag.c.obj
[339/1051] Building C object esp-idf/esp_event/CMakeFiles/__idf_esp_event.dir/default_event_loop.c.obj
[267/1051] Building C object esp-idf/lwip/CMakeFiles/__idf_lwip.dir/lwip/src/core/ipv6/ip6_addr.c.obj
[340/1051] Linking C static library esp-idf/vfs/libvfs.a
[309/1051] Building C object esp-idf/esp_vfs_console/CMakeFiles/__idf_esp_vfs_console.dir/vfs_console.c.obj
[344/1051] Building C object esp-idf/esp_event/CMakeFiles/__idf_esp_event.dir/esp_event.c.obj
[254/1051] Building C object esp-idf/lwip/CMakeFiles/__idf_lwip.dir/lwip/src/core/ipv4/ip4_napt.c.obj
[331/1051] Building CXX object esp-idf/nvs_flash/CMakeFiles/__idf_nvs_flash.dir/src/nvs_partition.cpp.obj
[133/1051] Building C object esp-idf/wpa_supplicant/CMakeFiles/__idf_wpa_supplicant.dir/src/ap/pmksa_cache_auth.c.obj
[134/1051] Building C object esp-idf/wpa_supplicant/CMakeFiles/__idf_wpa_supplicant.dir/src/ap/wpa_auth_ie.c.obj
[268/1051] Building C object esp-idf/lwip/CMakeFiles/__idf_lwip.dir/lwip/src/netif/bridgeif.c.obj
[306/1051] Building C object esp-idf/lwip/CMakeFiles/__idf_lwip.dir/lwip/src/netif/ppp/polarssl/md4.c.obj
[332/1051] Building C object esp-idf/vfs/CMakeFiles/__idf_vfs.dir/vfs_eventfd.c.obj
[344/1051] Building CXX object esp-idf/nvs_flash/CMakeFiles/__idf_nvs_flash.dir/src/nvs_partition_lookup.cpp.obj
[310/1051] Building C object esp-idf/lwip/CMakeFiles/__idf_lwip.dir/port/esp32xx/vfs_lwip.c.obj
[341/1051] Linking C static library esp-idf/esp_vfs_console/libesp_vfs_console.a
[311/1051] Building C object esp-idf/lwip/CMakeFiles/__idf_lwip.dir/lwip/src/netif/ppp/polarssl/md5.c.obj
[307/1051] Building C object esp-idf/lwip/CMakeFiles/__idf_lwip.dir/apps/ping/esp_ping.c.obj
[308/1051] Building C object esp-idf/lwip/CMakeFiles/__idf_lwip.dir/port/sockets_ext.c.obj
[312/1051] Building C object esp-idf/lwip/CMakeFiles/__idf_lwip.dir/port/sockets_ext.c.obj
[135/1051] Building C object esp-idf/wpa_supplicant/CMakeFiles/__idf_wpa_supplicant.dir/src/common/dragonfly.c.obj
[136/1051] Linking C static library esp-idf/esp_gdbstub/libesp_gdbstub.a
[309/1051] Building C object esp-idf/lwip/CMakeFiles/__idf_lwip.dir/port/debug/lwip_debug.c.obj
[255/1051] Building C object esp-idf/lwip/CMakeFiles/__idf_lwip.dir/lwip/src/core/ipv6/ip6_addr.c.obj
[345/1051] Building C object esp-idf/vfs/CMakeFiles/__idf_vfs.dir/vfs.c.obj
[313/1051] Building C object esp-idf/lwip/CMakeFiles/__idf_lwip.dir/lwip/src/netif/ppp/polarssl/des.c.obj
[256/1051] Building C object esp-idf/lwip/CMakeFiles/__idf_lwip.dir/lwip/src/core/ipv6/ip6_frag.c.obj
-- Adding linker script /home/tikhon/Документы/magnolia/applets/rust/rhexdump/build/esp-idf/esp_system/ld/memory.ld
[269/1051] Building C object esp-idf/lwip/CMakeFiles/__idf_lwip.dir/lwip/src/core/ipv6/ip6_frag.c.obj
[310/1051] Building C object esp-idf/lwip/CMakeFiles/__idf_lwip.dir/lwip/src/netif/ppp/polarssl/arc4.c.obj
[137/1051] Building C object esp-idf/wpa_supplicant/CMakeFiles/__idf_wpa_supplicant.dir/src/utils/bitfield.c.obj
[333/1051] Building CXX object esp-idf/nvs_flash/CMakeFiles/__idf_nvs_flash.dir/src/nvs_platform.cpp.obj
[314/1051] Building C object esp-idf/lwip/CMakeFiles/__idf_lwip.dir/lwip/src/netif/ppp/polarssl/arc4.c.obj
[311/1051] Building C object esp-idf/lwip/CMakeFiles/__idf_lwip.dir/port/esp32xx/vfs_lwip.c.obj
[138/1051] Building C object esp-idf/wpa_supplicant/CMakeFiles/__idf_wpa_supplicant.dir/src/crypto/sha256-kdf.c.obj
-- Adding linker script /home/tikhon/Документы/magnolia/applets/rust/rhexdump/build/esp-idf/esp_system/ld/sections.ld.in
[270/1051] Building C object esp-idf/lwip/CMakeFiles/__idf_lwip.dir/lwip/src/core/ipv4/dhcp.c.obj
[315/1051] Building C object esp-idf/lwip/CMakeFiles/__idf_lwip.dir/port/hooks/lwip_default_hooks.c.obj
[345/1051] Linking C static library esp-idf/vfs/libvfs.a
[312/1051] Building C object esp-idf/lwip/CMakeFiles/__idf_lwip.dir/port/acd_dhcp_check.c.obj
[271/1051] Building C object esp-idf/lwip/CMakeFiles/__idf_lwip.dir/lwip/src/netif/ethernet.c.obj
[316/1051] Building C object esp-idf/lwip/CMakeFiles/__idf_lwip.dir/apps/ping/ping.c.obj
[317/1051] Building C object esp-idf/lwip/CMakeFiles/__idf_lwip.dir/lwip/src/netif/ppp/polarssl/md4.c.obj
[139/1051] Building C object esp-idf/wpa_supplicant/CMakeFiles/__idf_wpa_supplicant.dir/src/crypto/dh_groups.c.obj
[257/1051] Building C object esp-idf/lwip/CMakeFiles/__idf_lwip.dir/lwip/src/core/ipv4/ip4.c.obj
[360/1051] Building C object esp-idf/esp_timer/CMakeFiles/__idf_esp_timer.dir/src/esp_timer_impl_common.c.obj
[313/1051] Building C object esp-idf/lwip/CMakeFiles/__idf_lwip.dir/lwip/src/netif/ppp/polarssl/des.c.obj
[346/1051] Building CXX object esp-idf/nvs_flash/CMakeFiles/__idf_nvs_flash.dir/src/nvs_partition_lookup.cpp.obj
[314/1051] Building C object esp-idf/lwip/CMakeFiles/__idf_lwip.dir/lwip/src/netif/ppp/polarssl/md5.c.obj
[272/1051] Building C object esp-idf/lwip/CMakeFiles/__idf_lwip.dir/lwip/src/netif/ppp/eap.c.obj
[342/1051] Linking C static library esp-idf/esp_driver_usb_serial_jtag/libesp_driver_usb_serial_jtag.a
[315/1051] Building C object esp-idf/lwip/CMakeFiles/__idf_lwip.dir/port/freertos/sys_arch.c.obj
[140/1051] Building C object esp-idf/wpa_supplicant/CMakeFiles/__idf_wpa_supplicant.dir/src/ap/ieee802_11.c.obj
[318/1051] Building C object esp-idf/esp_phy/CMakeFiles/__idf_esp_phy.dir/src/phy_override.c.obj
[316/1051] Generating gohello_tinygo.o
[346/1051] Linking C static library esp-idf/esp_vfs_console/libesp_vfs_console.a
-- Adding linker script /home/tikhon/Документы/magnolia/esp-idf/components/esp_rom/esp32s3/ld/esp32s3.rom.ld
-- Adding linker script /home/tikhon/Документы/magnolia/esp-idf/components/esp_rom/esp32s3/ld/esp32s3.rom.api.ld
-- Adding linker script /home/tikhon/Документы/magnolia/esp-idf/components/esp_rom/esp32s3/ld/esp32s3.rom.bt_funcs.ld
-- Adding linker script /home/tikhon/Документы/magnolia/esp-idf/components/esp_rom/esp32s3/ld/esp32s3.rom.libgcc.ld
-- Adding linker script /home/tikhon/Документы/magnolia/esp-idf/components/esp_rom/esp32s3/ld/esp32s3.rom.wdt.ld
-- Adding linker script /home/tikhon/Документы/magnolia/esp-idf/components/esp_rom/esp32s3/ld/esp32s3.rom.version.ld
-- Adding linker script /home/tikhon/Документы/magnolia/esp-idf/components/esp_rom/esp32s3/ld/esp32s3.rom.ble_master.ld
-- Adding linker script /home/tikhon/Документы/magnolia/esp-idf/components/esp_rom/esp32s3/ld/esp32s3.rom.ble_50.ld
-- Adding linker script /home/tikhon/Документы/magnolia/esp-idf/components/esp_rom/esp32s3/ld/esp32s3.rom.ble_smp.ld
-- Adding linker script /home/tikhon/Документы/magnolia/esp-idf/components/esp_rom/esp32s3/ld/esp32s3.rom.ble_dtm.ld
-- Adding linker script /home/tikhon/Документы/magnolia/esp-idf/components/esp_rom/esp32s3/ld/esp32s3.rom.ble_test.ld
-- Adding linker script /home/tikhon/Документы/magnolia/esp-idf/components/esp_rom/esp32s3/ld/esp32s3.rom.ble_scan.ld
-- Adding linker script /home/tikhon/Документы/magnolia/esp-idf/components/esp_rom/esp32s3/ld/esp32s3.rom.libc.ld
-- Adding linker script /home/tikhon/Документы/magnolia/esp-idf/components/esp_rom/esp32s3/ld/esp32s3.rom.newlib.ld
[317/1051] Building C object esp-idf/vfs/CMakeFiles/__idf_vfs.dir/nullfs.c.obj
[273/1051] Building C object esp-idf/lwip/CMakeFiles/__idf_lwip.dir/lwip/src/netif/ppp/ccp.c.obj
[319/1051] Building C object esp-idf/esp_driver_usb_serial_jtag/CMakeFiles/__idf_esp_driver_usb_serial_jtag.dir/src/usb_serial_jtag.c.obj
[318/1051] Building C object esp-idf/esp_phy/CMakeFiles/__idf_esp_phy.dir/esp32s3/phy_init_data.c.obj
[347/1051] Linking C static library esp-idf/vfs/libvfs.a
[141/1051] Building C object esp-idf/wpa_supplicant/CMakeFiles/__idf_wpa_supplicant.dir/src/crypto/sha1-tlsprf.c.obj
[319/1051] Building C object esp-idf/lwip/CMakeFiles/__idf_lwip.dir/lwip/src/netif/ppp/polarssl/sha1.c.obj
[343/1051] Linking C static library esp-idf/esp_phy/libesp_phy.a
[142/1051] Building C object esp-idf/wpa_supplicant/CMakeFiles/__idf_wpa_supplicant.dir/src/crypto/ms_funcs.c.obj
[274/1051] Building C object esp-idf/lwip/CMakeFiles/__idf_lwip.dir/lwip/src/netif/ppp/auth.c.obj
-- Found Python3: /home/tikhon/.espressif/python_env/idf6.0_py3.12_env/bin/python (found version "3.12.3") found components: Interpreter 
[143/1051] Building C object esp-idf/wpa_supplicant/CMakeFiles/__idf_wpa_supplicant.dir/src/crypto/aes-siv.c.obj
[347/1051] Linking C static library esp-idf/esp_driver_usb_serial_jtag/libesp_driver_usb_serial_jtag.a
[258/1051] Building C object esp-idf/lwip/CMakeFiles/__idf_lwip.dir/lwip/src/core/ipv4/ip4_frag.c.obj
[334/1051] Building C object esp-idf/esp_phy/CMakeFiles/__idf_esp_phy.dir/src/phy_init.c.obj
[259/1051] Building C object esp-idf/lwip/CMakeFiles/__idf_lwip.dir/lwip/src/core/ipv4/ip4_addr.c.obj
[275/1051] Building C object esp-idf/lwip/CMakeFiles/__idf_lwip.dir/lwip/src/netif/ppp/ipv6cp.c.obj
[320/1051] Building C object esp-idf/lwip/CMakeFiles/__idf_lwip.dir/lwip/src/netif/ppp/polarssl/sha1.c.obj
[260/1051] Building C object esp-idf/lwip/CMakeFiles/__idf_lwip.dir/lwip/src/core/ipv4/igmp.c.obj
[320/1051] Building C object esp-idf/esp_phy/CMakeFiles/__idf_esp_phy.dir/src/phy_override.c.obj
[276/1051] Building C object esp-idf/lwip/CMakeFiles/__idf_lwip.dir/lwip/src/netif/ppp/chap-md5.c.obj
[261/1051] Building C object esp-idf/lwip/CMakeFiles/__idf_lwip.dir/lwip/src/api/sockets.c.obj
[262/1051] Building C object esp-idf/lwip/CMakeFiles/__idf_lwip.dir/lwip/src/core/ipv6/ethip6.c.obj
-- Performing Test CMAKE_HAVE_LIBC_PTHREAD
[277/1051] Building C object esp-idf/esp_netif/CMakeFiles/__idf_esp_netif.dir/lwip/esp_netif_lwip.c.obj
[348/1051] Linking C static library esp-idf/esp_vfs_console/libesp_vfs_console.a
[321/1051] Building C object esp-idf/esp_phy/CMakeFiles/__idf_esp_phy.dir/esp32s3/phy_init_data.c.obj
[321/1051] Building C object esp-idf/esp_phy/CMakeFiles/__idf_esp_phy.dir/src/phy_init.c.obj
[263/1051] Building C object esp-idf/lwip/CMakeFiles/__idf_lwip.dir/lwip/src/core/ipv6/icmp6.c.obj
[361/1051] Building C object esp-idf/esp_timer/CMakeFiles/__idf_esp_timer.dir/src/esp_timer_impl_systimer.c.obj
[264/1051] Building C object esp-idf/lwip/CMakeFiles/__idf_lwip.dir/lwip/src/core/netif.c.obj
-- Adding linker script /home/tikhon/Документы/magnolia/esp-idf/components/soc/esp32s3/ld/esp32s3.peripherals.ld
[322/1051] Building C object esp-idf/vfs/CMakeFiles/__idf_vfs.dir/vfs_semihost.c.obj
[144/1051] Building C object esp-idf/wpa_supplicant/CMakeFiles/__idf_wpa_supplicant.dir/src/crypto/sha1-tprf.c.obj
[335/1051] Linking C static library esp-idf/lwip/liblwip.a
[278/1051] Building C object esp-idf/lwip/CMakeFiles/__idf_lwip.dir/lwip/src/netif/bridgeif_fdb.c.obj
[336/1051] Building C object esp-idf/nvs_flash/CMakeFiles/__idf_nvs_flash.dir/src/nvs_bootloader_aes.c.obj
[145/1051] Building C object esp-idf/esp_driver_spi/CMakeFiles/__idf_esp_driver_spi.dir/src/gpspi/spi_master.c.obj
[279/1051] Building C object esp-idf/lwip/CMakeFiles/__idf_lwip.dir/lwip/src/core/ipv6/mld6.c.obj
[322/1051] Building C object esp-idf/esp_phy/CMakeFiles/__idf_esp_phy.dir/src/lib_printf.c.obj
[323/1051] Building C object esp-idf/esp_phy/CMakeFiles/__idf_esp_phy.dir/src/lib_printf.c.obj
[342/1049] Linking C static library esp-idf/lwip/liblwip.a
[265/1051] Building C object esp-idf/lwip/CMakeFiles/__idf_lwip.dir/lwip/src/netif/ppp/auth.c.obj
[362/1051] Building CXX object esp-idf/cxx/CMakeFiles/__idf_cxx.dir/cxx_init.cpp.obj
[344/1051] Building C object esp-idf/esp_event/CMakeFiles/__idf_esp_event.dir/esp_event_private.c.obj
[146/1051] Building C object esp-idf/wpa_supplicant/CMakeFiles/__idf_wpa_supplicant.dir/src/crypto/crypto_ops.c.obj
[348/1051] Linking C static library esp-idf/esp_phy/libesp_phy.a
[147/1051] Building C object esp-idf/wpa_supplicant/CMakeFiles/__idf_wpa_supplicant.dir/src/crypto/sha384-tlsprf.c.obj
[280/1051] Building C object esp-idf/lwip/CMakeFiles/__idf_lwip.dir/lwip/src/netif/ppp/chap-new.c.obj
[343/1049] Building CXX object esp-idf/nvs_flash/CMakeFiles/__idf_nvs_flash.dir/src/nvs_page.cpp.obj
[266/1051] Building C object esp-idf/lwip/CMakeFiles/__idf_lwip.dir/lwip/src/core/ipv4/etharp.c.obj
[281/1051] Building C object esp-idf/lwip/CMakeFiles/__idf_lwip.dir/lwip/src/netif/ppp/ipcp.c.obj
[363/1051] Building C object esp-idf/pthread/CMakeFiles/__idf_pthread.dir/pthread_cond_var.c.obj
[349/1051] Linking C static library esp-idf/esp_driver_usb_serial_jtag/libesp_driver_usb_serial_jtag.a
[349/1051] Building C object esp-idf/esp_event/CMakeFiles/__idf_esp_event.dir/esp_event.c.obj
[148/1051] Building C object esp-idf/wpa_supplicant/CMakeFiles/__idf_wpa_supplicant.dir/src/crypto/ccmp.c.obj
[345/1051] Building C object esp-idf/esp_driver_uart/CMakeFiles/__idf_esp_driver_uart.dir/src/uart_wakeup.c.obj
[337/1051] Building C object esp-idf/esp_driver_usb_serial_jtag/CMakeFiles/__idf_esp_driver_usb_serial_jtag.dir/src/usb_serial_jtag_vfs.c.obj
[149/1051] Building C object esp-idf/wpa_supplicant/CMakeFiles/__idf_wpa_supplicant.dir/src/crypto/aes-gcm.c.obj
[267/1051] Building C object esp-idf/lwip/CMakeFiles/__idf_lwip.dir/lwip/src/netif/bridgeif.c.obj
[338/1051] Building C object esp-idf/esp_event/CMakeFiles/__idf_esp_event.dir/default_event_loop.c.obj
[282/1051] Building C object esp-idf/lwip/CMakeFiles/__idf_lwip.dir/lwip/src/netif/ppp/demand.c.obj
[150/1051] Linking C static library esp-idf/esp_driver_spi/libesp_driver_spi.a
[268/1051] Building C object esp-idf/lwip/CMakeFiles/__idf_lwip.dir/lwip/src/netif/ppp/demand.c.obj
[151/1051] Building C object esp-idf/wpa_supplicant/CMakeFiles/__idf_wpa_supplicant.dir/src/crypto/sha1-prf.c.obj
[283/1051] Building C object esp-idf/lwip/CMakeFiles/__idf_lwip.dir/lwip/src/netif/ppp/ecp.c.obj
[269/1051] Building C object esp-idf/lwip/CMakeFiles/__idf_lwip.dir/lwip/src/netif/ppp/eap.c.obj
[364/1051] Building CXX object esp-idf/cxx/CMakeFiles/__idf_cxx.dir/cxx_exception_stubs.cpp.obj
[350/1051] Building C object esp-idf/esp_driver_uart/CMakeFiles/__idf_esp_driver_uart.dir/src/uart.c.obj
[270/1051] Building C object esp-idf/lwip/CMakeFiles/__idf_lwip.dir/lwip/src/netif/slipif.c.obj
[284/1051] Building C object esp-idf/lwip/CMakeFiles/__idf_lwip.dir/lwip/src/netif/ppp/multilink.c.obj
[324/1051] Building C object esp-idf/lwip/CMakeFiles/__idf_lwip.dir/apps/ping/ping_sock.c.obj
[323/1051] Building C object esp-idf/esp_phy/CMakeFiles/__idf_esp_phy.dir/src/btbb_init.c.obj
[344/1049] Linking C static library esp-idf/vfs/libvfs.a
[271/1051] Building C object esp-idf/lwip/CMakeFiles/__idf_lwip.dir/lwip/src/netif/ppp/chap-md5.c.obj
[365/1051] Building C object esp-idf/pthread/CMakeFiles/__idf_pthread.dir/pthread_semaphore.c.obj
[152/1051] Building C object esp-idf/wpa_supplicant/CMakeFiles/__idf_wpa_supplicant.dir/src/crypto/dh_group5.c.obj
[325/1051] Building C object esp-idf/esp_phy/CMakeFiles/__idf_esp_phy.dir/src/btbb_init.c.obj
[272/1051] Building C object esp-idf/lwip/CMakeFiles/__idf_lwip.dir/lwip/src/netif/ppp/eui64.c.obj
[351/1051] Linking C static library esp-idf/esp_phy/libesp_phy.a
[273/1051] Building C object esp-idf/lwip/CMakeFiles/__idf_lwip.dir/lwip/src/netif/ethernet.c.obj
[285/1051] Building C object esp-idf/lwip/CMakeFiles/__idf_lwip.dir/lwip/src/netif/ppp/eui64.c.obj
[366/1051] Building C object esp-idf/newlib/CMakeFiles/__idf_newlib.dir/src/abort.c.obj
[326/1051] Building C object esp-idf/esp_driver_usb_serial_jtag/CMakeFiles/__idf_esp_driver_usb_serial_jtag.dir/src/usb_serial_jtag_connection_monitor.c.obj
[153/1051] Linking C static library esp-idf/esp_wifi/libesp_wifi.a
[286/1051] Building C object esp-idf/lwip/CMakeFiles/__idf_lwip.dir/lwip/src/netif/ppp/magic.c.obj
[352/1051] Building C object esp-idf/esp_timer/CMakeFiles/__idf_esp_timer.dir/src/esp_timer.c.obj
[367/1051] Building C object esp-idf/esp_driver_uart/CMakeFiles/__idf_esp_driver_uart.dir/src/uart.c.obj
[274/1051] Building C object esp-idf/lwip/CMakeFiles/__idf_lwip.dir/lwip/src/core/tcp_out.c.obj
[345/1049] Linking C static library esp-idf/esp_vfs_console/libesp_vfs_console.a
[275/1051] Building C object esp-idf/lwip/CMakeFiles/__idf_lwip.dir/lwip/src/netif/ppp/fsm.c.obj
-- Performing Test CMAKE_HAVE_LIBC_PTHREAD - Success
[327/1051] Generating pwd_tinygo.o
-- Found Threads: TRUE  
[154/1051] Building C object esp-idf/wpa_supplicant/CMakeFiles/__idf_wpa_supplicant.dir/src/eap_peer/eap_tls.c.obj
[287/1051] Building C object esp-idf/lwip/CMakeFiles/__idf_lwip.dir/lwip/src/core/ipv6/ip6.c.obj
[276/1051] Building C object esp-idf/lwip/CMakeFiles/__idf_lwip.dir/lwip/src/core/tcp.c.obj
[368/1051] Building C object esp-idf/newlib/CMakeFiles/__idf_newlib.dir/src/assert.c.obj
[346/1049] Building CXX object esp-idf/nvs_flash/CMakeFiles/__idf_nvs_flash.dir/src/nvs_partition_lookup.cpp.obj
[288/1051] Building C object esp-idf/lwip/CMakeFiles/__idf_lwip.dir/lwip/src/netif/ppp/lcp.c.obj
[277/1051] Building C object esp-idf/lwip/CMakeFiles/__idf_lwip.dir/lwip/src/netif/ppp/ccp.c.obj
[369/1051] Building C object esp-idf/pthread/CMakeFiles/__idf_pthread.dir/pthread_local_storage.c.obj
[289/1051] Building C object esp-idf/lwip/CMakeFiles/__idf_lwip.dir/lwip/src/netif/ppp/pppapi.c.obj
[155/1051] Building C object esp-idf/wpa_supplicant/CMakeFiles/__idf_wpa_supplicant.dir/src/eap_peer/eap_peap_common.c.obj
[324/1051] Building C object esp-idf/lwip/CMakeFiles/__idf_lwip.dir/apps/ping/ping_sock.c.obj
[290/1051] Building C object esp-idf/lwip/CMakeFiles/__idf_lwip.dir/lwip/src/netif/ppp/fsm.c.obj
[328/1051] Building C object esp-idf/esp_phy/CMakeFiles/__idf_esp_phy.dir/src/phy_common.c.obj
[325/1051] Building C object esp-idf/esp_driver_usb_serial_jtag/CMakeFiles/__idf_esp_driver_usb_serial_jtag.dir/src/usb_serial_jtag_connection_monitor.c.obj
-- Performing Test C_COMPILER_SUPPORTS_WFORMAT_SIGNEDNESS
[339/1051] Building C object esp-idf/nvs_flash/CMakeFiles/__idf_nvs_flash.dir/src/nvs_bootloader_xts_aes.c.obj
[291/1051] Building C object esp-idf/lwip/CMakeFiles/__idf_lwip.dir/lwip/src/api/sockets.c.obj
[353/1051] Building C object esp-idf/esp_timer/CMakeFiles/__idf_esp_timer.dir/src/esp_timer_init.c.obj
[292/1051] Building C object esp-idf/lwip/CMakeFiles/__idf_lwip.dir/lwip/src/netif/ppp/utils.c.obj
[347/1049] Building C object esp-idf/esp_event/CMakeFiles/__idf_esp_event.dir/esp_event.c.obj
[329/1051] Building C object esp-idf/vfs/CMakeFiles/__idf_vfs.dir/nullfs.c.obj
[156/1051] Building C object esp-idf/wpa_supplicant/CMakeFiles/__idf_wpa_supplicant.dir/src/crypto/sha256-tlsprf.c.obj
[278/1051] Building C object esp-idf/lwip/CMakeFiles/__idf_lwip.dir/lwip/src/netif/ppp/mppe.c.obj
[293/1051] Building C object esp-idf/lwip/CMakeFiles/__idf_lwip.dir/port/hooks/tcp_isn_default.c.obj
[157/1051] Building C object esp-idf/wpa_supplicant/CMakeFiles/__idf_wpa_supplicant.dir/src/eap_peer/chap.c.obj
[348/1049] Linking C static library esp-idf/esp_driver_usb_serial_jtag/libesp_driver_usb_serial_jtag.a
[330/1051] Building C object esp-idf/vfs/CMakeFiles/__idf_vfs.dir/vfs_eventfd.c.obj
[354/1051] Building CXX object esp-idf/nvs_flash/CMakeFiles/__idf_nvs_flash.dir/src/nvs_handle_locked.cpp.obj
[346/1051] Building C object esp-idf/esp_event/CMakeFiles/__idf_esp_event.dir/esp_event.c.obj
[279/1051] Building C object esp-idf/lwip/CMakeFiles/__idf_lwip.dir/lwip/src/netif/ppp/lcp.c.obj
[294/1051] Building C object esp-idf/lwip/CMakeFiles/__idf_lwip.dir/lwip/src/netif/ppp/upap.c.obj
[280/1051] Building C object esp-idf/lwip/CMakeFiles/__idf_lwip.dir/lwip/src/netif/ppp/ecp.c.obj
[281/1051] Building C object esp-idf/lwip/CMakeFiles/__idf_lwip.dir/lwip/src/netif/ppp/ppp.c.obj
[370/1051] Building C object esp-idf/newlib/CMakeFiles/__idf_newlib.dir/src/init.c.obj
[340/1051] Building C object esp-idf/esp_event/CMakeFiles/__idf_esp_event.dir/esp_event_private.c.obj
[158/1051] Building C object esp-idf/wpa_supplicant/CMakeFiles/__idf_wpa_supplicant.dir/src/crypto/sha256-prf.c.obj
[159/1051] Building C object esp-idf/wpa_supplicant/CMakeFiles/__idf_wpa_supplicant.dir/src/common/wpa_common.c.obj
[282/1051] Building C object esp-idf/lwip/CMakeFiles/__idf_lwip.dir/lwip/src/netif/bridgeif_fdb.c.obj
[326/1051] Building C object esp-idf/esp_vfs_console/CMakeFiles/__idf_esp_vfs_console.dir/vfs_console.c.obj
[295/1051] Building C object esp-idf/lwip/CMakeFiles/__idf_lwip.dir/lwip/src/netif/ppp/ppp.c.obj
[371/1051] Building C object esp-idf/newlib/CMakeFiles/__idf_newlib.dir/src/poll.c.obj
[355/1051] Building C object esp-idf/esp_driver_gptimer/CMakeFiles/__idf_esp_driver_gptimer.dir/src/gptimer.c.obj
[327/1051] Building C object esp-idf/esp_phy/CMakeFiles/__idf_esp_phy.dir/src/phy_common.c.obj
[283/1051] Building C object esp-idf/lwip/CMakeFiles/__idf_lwip.dir/lwip/src/netif/ppp/pppol2tp.c.obj
[296/1051] Building C object esp-idf/lwip/CMakeFiles/__idf_lwip.dir/lwip/src/netif/ppp/mppe.c.obj
[297/1051] Building C object esp-idf/lwip/CMakeFiles/__idf_lwip.dir/lwip/src/netif/ppp/pppol2tp.c.obj
[298/1051] Building C object esp-idf/lwip/CMakeFiles/__idf_lwip.dir/lwip/src/netif/ppp/pppoe.c.obj
[328/1051] Building C object esp-idf/vfs/CMakeFiles/__idf_vfs.dir/vfs.c.obj
[160/1051] Building C object esp-idf/wpa_supplicant/CMakeFiles/__idf_wpa_supplicant.dir/src/crypto/sha384-prf.c.obj
[356/1051] Building C object esp-idf/esp_driver_gptimer/CMakeFiles/__idf_esp_driver_gptimer.dir/src/gptimer_common.c.obj
[357/1051] Building C object esp-idf/esp_timer/CMakeFiles/__idf_esp_timer.dir/src/esp_timer_impl_common.c.obj
[329/1051] Building C object esp-idf/lwip/CMakeFiles/__idf_lwip.dir/lwip/src/core/ipv6/nd6.c.obj
[372/1051] Building C object esp-idf/newlib/CMakeFiles/__idf_newlib.dir/src/heap.c.obj
[349/1049] Linking C static library esp-idf/esp_phy/libesp_phy.a
[284/1051] Building C object esp-idf/lwip/CMakeFiles/__idf_lwip.dir/lwip/src/core/tcp_in.c.obj
[330/1051] Building C object esp-idf/vfs/CMakeFiles/__idf_vfs.dir/vfs_eventfd.c.obj
[350/1051] Building C object esp-idf/esp_driver_gptimer/CMakeFiles/__idf_esp_driver_gptimer.dir/src/gptimer_common.c.obj
[161/1051] Building C object esp-idf/wpa_supplicant/CMakeFiles/__idf_wpa_supplicant.dir/src/eap_common/eap_wsc_common.c.obj
[285/1051] Building C object esp-idf/lwip/CMakeFiles/__idf_lwip.dir/lwip/src/netif/ppp/chap_ms.c.obj
[331/1051] Building CXX object esp-idf/nvs_flash/CMakeFiles/__idf_nvs_flash.dir/src/nvs_platform.cpp.obj
[358/1051] Building CXX object esp-idf/cxx/CMakeFiles/__idf_cxx.dir/cxx_exception_stubs.cpp.obj
[286/1051] Building C object esp-idf/lwip/CMakeFiles/__idf_lwip.dir/lwip/src/netif/ppp/chap-new.c.obj
[287/1051] Building C object esp-idf/lwip/CMakeFiles/__idf_lwip.dir/lwip/src/core/ipv6/ip6.c.obj
[162/1051] Building C object esp-idf/wpa_supplicant/CMakeFiles/__idf_wpa_supplicant.dir/src/common/ieee802_11_common.c.obj
[341/1051] Building C object esp-idf/nvs_flash/CMakeFiles/__idf_nvs_flash.dir/src/nvs_bootloader.c.obj
[299/1051] Building C object esp-idf/lwip/CMakeFiles/__idf_lwip.dir/lwip/src/netif/ppp/polarssl/arc4.c.obj
[359/1051] Building C object esp-idf/esp_timer/CMakeFiles/__idf_esp_timer.dir/src/system_time.c.obj
[373/1051] Building C object esp-idf/newlib/CMakeFiles/__idf_newlib.dir/src/locks.c.obj
[300/1051] Building C object esp-idf/lwip/CMakeFiles/__idf_lwip.dir/lwip/src/netif/ppp/pppcrypt.c.obj
[163/1051] Building C object esp-idf/wpa_supplicant/CMakeFiles/__idf_wpa_supplicant.dir/src/eap_peer/mschapv2.c.obj
[374/1051] Building C object esp-idf/newlib/CMakeFiles/__idf_newlib.dir/src/random.c.obj
[288/1051] Building C object esp-idf/lwip/CMakeFiles/__idf_lwip.dir/lwip/src/netif/ppp/upap.c.obj
[351/1051] Building C object esp-idf/esp_driver_uart/CMakeFiles/__idf_esp_driver_uart.dir/src/uart_vfs.c.obj
-- Performing Test C_COMPILER_SUPPORTS_WFORMAT_SIGNEDNESS - Success
-- USING O3
[164/1051] Building C object esp-idf/wpa_supplicant/CMakeFiles/__idf_wpa_supplicant.dir/src/crypto/md4-internal.c.obj
[289/1051] Building C object esp-idf/lwip/CMakeFiles/__idf_lwip.dir/lwip/src/netif/ppp/ipcp.c.obj
[375/1051] Building C object esp-idf/pthread/CMakeFiles/__idf_pthread.dir/pthread.c.obj
[290/1051] Building C object esp-idf/lwip/CMakeFiles/__idf_lwip.dir/lwip/src/netif/ppp/vj.c.obj
[165/1051] Building C object esp-idf/wpa_supplicant/CMakeFiles/__idf_wpa_supplicant.dir/src/eap_peer/eap_common.c.obj
[301/1051] Building C object esp-idf/lwip/CMakeFiles/__idf_lwip.dir/lwip/src/netif/ppp/pppos.c.obj
[376/1051] Building C object esp-idf/newlib/CMakeFiles/__idf_newlib.dir/src/pthread.c.obj
[360/1051] Building C object esp-idf/esp_timer/CMakeFiles/__idf_esp_timer.dir/src/ets_timer_legacy.c.obj
[291/1051] Building C object esp-idf/lwip/CMakeFiles/__idf_lwip.dir/lwip/src/netif/ppp/magic.c.obj
[302/1051] Building C object esp-idf/lwip/CMakeFiles/__idf_lwip.dir/lwip/src/netif/ppp/vj.c.obj
[350/1049] Building CXX object esp-idf/nvs_flash/CMakeFiles/__idf_nvs_flash.dir/src/nvs_partition.cpp.obj
[303/1051] Building C object esp-idf/lwip/CMakeFiles/__idf_lwip.dir/port/freertos/sys_arch.c.obj
-- Adding linker script /home/tikhon/Документы/magnolia/applets/rust/rdd/build/esp-idf/esp_system/ld/memory.ld
-- Adding linker script /home/tikhon/Документы/magnolia/applets/rust/rdd/build/esp-idf/esp_system/ld/sections.ld.in
[292/1051] Building C object esp-idf/lwip/CMakeFiles/__idf_lwip.dir/port/hooks/lwip_default_hooks.c.obj
-- Adding linker script /home/tikhon/Документы/magnolia/esp-idf/components/esp_rom/esp32s3/ld/esp32s3.rom.ld
-- Adding linker script /home/tikhon/Документы/magnolia/esp-idf/components/esp_rom/esp32s3/ld/esp32s3.rom.api.ld
-- Adding linker script /home/tikhon/Документы/magnolia/esp-idf/components/esp_rom/esp32s3/ld/esp32s3.rom.bt_funcs.ld
-- Adding linker script /home/tikhon/Документы/magnolia/esp-idf/components/esp_rom/esp32s3/ld/esp32s3.rom.libgcc.ld
-- Adding linker script /home/tikhon/Документы/magnolia/esp-idf/components/esp_rom/esp32s3/ld/esp32s3.rom.wdt.ld
-- Adding linker script /home/tikhon/Документы/magnolia/esp-idf/components/esp_rom/esp32s3/ld/esp32s3.rom.version.ld
-- Adding linker script /home/tikhon/Документы/magnolia/esp-idf/components/esp_rom/esp32s3/ld/esp32s3.rom.ble_master.ld
-- Adding linker script /home/tikhon/Документы/magnolia/esp-idf/components/esp_rom/esp32s3/ld/esp32s3.rom.ble_50.ld
-- Adding linker script /home/tikhon/Документы/magnolia/esp-idf/components/esp_rom/esp32s3/ld/esp32s3.rom.ble_smp.ld
-- Adding linker script /home/tikhon/Документы/magnolia/esp-idf/components/esp_rom/esp32s3/ld/esp32s3.rom.ble_dtm.ld
-- Adding linker script /home/tikhon/Документы/magnolia/esp-idf/components/esp_rom/esp32s3/ld/esp32s3.rom.ble_test.ld
-- Adding linker script /home/tikhon/Документы/magnolia/esp-idf/components/esp_rom/esp32s3/ld/esp32s3.rom.ble_scan.ld
[166/1051] Building C object esp-idf/wpa_supplicant/CMakeFiles/__idf_wpa_supplicant.dir/src/utils/base64.c.obj
-- Adding linker script /home/tikhon/Документы/magnolia/esp-idf/components/esp_rom/esp32s3/ld/esp32s3.rom.libc.ld
-- Adding linker script /home/tikhon/Документы/magnolia/esp-idf/components/esp_rom/esp32s3/ld/esp32s3.rom.newlib.ld
-- Adding linker script /home/tikhon/Документы/magnolia/esp-idf/components/soc/esp32s3/ld/esp32s3.peripherals.ld
[293/1051] Building C object esp-idf/lwip/CMakeFiles/__idf_lwip.dir/lwip/src/core/ipv6/mld6.c.obj
[304/1051] Building C object esp-idf/lwip/CMakeFiles/__idf_lwip.dir/lwip/src/netif/ppp/polarssl/md5.c.obj
[305/1051] Building C object esp-idf/lwip/CMakeFiles/__idf_lwip.dir/lwip/src/netif/ppp/polarssl/sha1.c.obj
[352/1051] Building C object esp-idf/esp_timer/CMakeFiles/__idf_esp_timer.dir/src/esp_timer_init.c.obj
[377/1051] Building C object esp-idf/newlib/CMakeFiles/__idf_newlib.dir/src/getentropy.c.obj
[361/1051] Building C object esp-idf/esp_driver_uart/CMakeFiles/__idf_esp_driver_uart.dir/src/uart_vfs.c.obj
[306/1051] Building C object esp-idf/lwip/CMakeFiles/__idf_lwip.dir/port/acd_dhcp_check.c.obj
[167/1051] Building C object esp-idf/wpa_supplicant/CMakeFiles/__idf_wpa_supplicant.dir/src/utils/uuid.c.obj
[294/1051] Building C object esp-idf/lwip/CMakeFiles/__idf_lwip.dir/lwip/src/netif/ppp/pppapi.c.obj
[295/1051] Building C object esp-idf/lwip/CMakeFiles/__idf_lwip.dir/port/debug/lwip_debug.c.obj
[342/1051] Building C object esp-idf/esp_driver_uart/CMakeFiles/__idf_esp_driver_uart.dir/src/uart_wakeup.c.obj
[362/1051] Building C object esp-idf/esp_ringbuf/CMakeFiles/__idf_esp_ringbuf.dir/ringbuf.c.obj
[296/1051] Building C object esp-idf/esp_netif/CMakeFiles/__idf_esp_netif.dir/lwip/esp_netif_lwip.c.obj
[378/1051] Building C object esp-idf/newlib/CMakeFiles/__idf_newlib.dir/src/time.c.obj
[307/1051] Building C object esp-idf/lwip/CMakeFiles/__idf_lwip.dir/lwip/src/netif/ppp/polarssl/des.c.obj
[308/1051] Building C object esp-idf/lwip/CMakeFiles/__idf_lwip.dir/port/esp32xx/vfs_lwip.c.obj
[297/1051] Building C object esp-idf/lwip/CMakeFiles/__idf_lwip.dir/lwip/src/core/ipv4/dhcp.c.obj
[298/1051] Building C object esp-idf/lwip/CMakeFiles/__idf_lwip.dir/port/acd_dhcp_check.c.obj
[299/1051] Building C object esp-idf/lwip/CMakeFiles/__idf_lwip.dir/lwip/src/netif/ppp/multilink.c.obj
[363/1051] Building C object esp-idf/esp_driver_uart/CMakeFiles/__idf_esp_driver_uart.dir/src/uhci.c.obj
[300/1051] Building C object esp-idf/lwip/CMakeFiles/__idf_lwip.dir/lwip/src/netif/ppp/pppoe.c.obj
[379/1051] Building C object esp-idf/newlib/CMakeFiles/__idf_newlib.dir/src/termios.c.obj
[309/1051] Linking C static library esp-idf/esp_netif/libesp_netif.a
[353/1051] Building CXX object esp-idf/nvs_flash/CMakeFiles/__idf_nvs_flash.dir/src/nvs_item_hash_list.cpp.obj
[331/1051] Building C object esp-idf/nvs_flash/CMakeFiles/__idf_nvs_flash.dir/src/nvs_bootloader.c.obj
[301/1051] Building C object esp-idf/lwip/CMakeFiles/__idf_lwip.dir/lwip/src/netif/ppp/pppos.c.obj
[310/1051] Building C object esp-idf/lwip/CMakeFiles/__idf_lwip.dir/port/if_index.c.obj
[380/1051] Building C object esp-idf/pthread/CMakeFiles/__idf_pthread.dir/pthread_rwlock.c.obj
[354/1051] Building C object esp-idf/esp_timer/CMakeFiles/__idf_esp_timer.dir/src/esp_timer.c.obj
[302/1051] Building C object esp-idf/lwip/CMakeFiles/__idf_lwip.dir/lwip/src/netif/ppp/pppcrypt.c.obj
[168/1051] Building C object esp-idf/wpa_supplicant/CMakeFiles/__idf_wpa_supplicant.dir/src/rsn_supp/wpa_ie.c.obj
[303/1051] Building C object esp-idf/lwip/CMakeFiles/__idf_lwip.dir/port/sockets_ext.c.obj
[351/1049] Building C object esp-idf/esp_driver_uart/CMakeFiles/__idf_esp_driver_uart.dir/src/uart_vfs.c.obj
[311/1051] Building C object esp-idf/lwip/CMakeFiles/__idf_lwip.dir/port/hooks/lwip_default_hooks.c.obj
[332/1051] Building CXX object esp-idf/nvs_flash/CMakeFiles/__idf_nvs_flash.dir/src/nvs_platform.cpp.obj
[304/1051] Building C object esp-idf/lwip/CMakeFiles/__idf_lwip.dir/lwip/src/netif/ppp/ipv6cp.c.obj
[347/1051] Building CXX object esp-idf/nvs_flash/CMakeFiles/__idf_nvs_flash.dir/src/nvs_partition.cpp.obj
[305/1051] Building C object esp-idf/lwip/CMakeFiles/__idf_lwip.dir/port/if_index.c.obj
[352/1049] Building C object esp-idf/esp_timer/CMakeFiles/__idf_esp_timer.dir/src/esp_timer_init.c.obj
[381/1051] Building C object esp-idf/newlib/CMakeFiles/__idf_newlib.dir/src/syscalls.c.obj
[355/1051] Building C object esp-idf/esp_driver_uart/CMakeFiles/__idf_esp_driver_uart.dir/src/uhci.c.obj
[364/1051] Building CXX object esp-idf/cxx/CMakeFiles/__idf_cxx.dir/cxx_init.cpp.obj
[332/1051] Building C object esp-idf/lwip/CMakeFiles/__idf_lwip.dir/apps/dhcpserver/dhcpserver.c.obj
[312/1051] Building C object esp-idf/vfs/CMakeFiles/__idf_vfs.dir/nullfs.c.obj
[169/1051] Building C object esp-idf/wpa_supplicant/CMakeFiles/__idf_wpa_supplicant.dir/src/common/sae.c.obj
[353/1049] Building C object esp-idf/esp_ringbuf/CMakeFiles/__idf_esp_ringbuf.dir/ringbuf.c.obj
[313/1051] Building C object esp-idf/lwip/CMakeFiles/__idf_lwip.dir/apps/ping/ping.c.obj
[382/1051] Building C object esp-idf/newlib/CMakeFiles/__idf_newlib.dir/src/reent_syscalls.c.obj
[333/1051] Building C object esp-idf/nvs_flash/CMakeFiles/__idf_nvs_flash.dir/src/nvs_bootloader_aes.c.obj
[306/1051] Building C object esp-idf/lwip/CMakeFiles/__idf_lwip.dir/lwip/src/netif/ppp/utils.c.obj
[307/1051] Linking C static library esp-idf/esp_netif/libesp_netif.a
[314/1051] Building C object esp-idf/esp_phy/CMakeFiles/__idf_esp_phy.dir/src/lib_printf.c.obj
[170/1051] Building C object esp-idf/wpa_supplicant/CMakeFiles/__idf_wpa_supplicant.dir/src/eap_peer/eap_fast_pac.c.obj
[365/1051] Building C object esp-idf/newlib/CMakeFiles/__idf_newlib.dir/src/abort.c.obj
[315/1051] Building C object esp-idf/esp_phy/CMakeFiles/__idf_esp_phy.dir/src/phy_override.c.obj
[383/1051] Building C object esp-idf/newlib/CMakeFiles/__idf_newlib.dir/src/sysconf.c.obj
[316/1051] Building C object esp-idf/lwip/CMakeFiles/__idf_lwip.dir/lwip/src/netif/ppp/polarssl/md4.c.obj
[356/1051] Building CXX object esp-idf/cxx/CMakeFiles/__idf_cxx.dir/cxx_exception_stubs.cpp.obj
[171/1051] Building C object esp-idf/wpa_supplicant/CMakeFiles/__idf_wpa_supplicant.dir/src/eap_peer/eap_mschapv2.c.obj
[334/1051] Building C object esp-idf/esp_driver_usb_serial_jtag/CMakeFiles/__idf_esp_driver_usb_serial_jtag.dir/src/usb_serial_jtag.c.obj
[366/1051] Building C object esp-idf/pthread/CMakeFiles/__idf_pthread.dir/pthread_rwlock.c.obj
[333/1051] Building C object esp-idf/esp_phy/CMakeFiles/__idf_esp_phy.dir/src/phy_init.c.obj
[308/1051] Building C object esp-idf/lwip/CMakeFiles/__idf_lwip.dir/apps/ping/ping.c.obj
[348/1051] Building CXX object esp-idf/nvs_flash/CMakeFiles/__idf_nvs_flash.dir/src/nvs_partition_lookup.cpp.obj
[334/1051] Building C object esp-idf/esp_driver_usb_serial_jtag/CMakeFiles/__idf_esp_driver_usb_serial_jtag.dir/src/usb_serial_jtag_vfs.c.obj
[384/1051] Building C object esp-idf/newlib/CMakeFiles/__idf_newlib.dir/src/newlib_init.c.obj
[354/1049] Building C object esp-idf/esp_driver_gptimer/CMakeFiles/__idf_esp_driver_gptimer.dir/src/gptimer_common.c.obj
[317/1051] Building C object esp-idf/esp_driver_usb_serial_jtag/CMakeFiles/__idf_esp_driver_usb_serial_jtag.dir/src/usb_serial_jtag_connection_monitor.c.obj
[309/1051] Building C object esp-idf/vfs/CMakeFiles/__idf_vfs.dir/nullfs.c.obj
[172/1051] Building C object esp-idf/wpa_supplicant/CMakeFiles/__idf_wpa_supplicant.dir/src/utils/wpa_debug.c.obj
[335/1051] Building C object esp-idf/esp_driver_usb_serial_jtag/CMakeFiles/__idf_esp_driver_usb_serial_jtag.dir/src/usb_serial_jtag_vfs.c.obj
[357/1051] Building C object esp-idf/esp_timer/CMakeFiles/__idf_esp_timer.dir/src/esp_timer_impl_common.c.obj
[385/1051] Building C object esp-idf/newlib/CMakeFiles/__idf_newlib.dir/src/realpath.c.obj
[367/1051] Building C object esp-idf/esp_timer/CMakeFiles/__idf_esp_timer.dir/src/esp_timer_impl_systimer.c.obj
[310/1051] Building C object esp-idf/lwip/CMakeFiles/__idf_lwip.dir/port/hooks/tcp_isn_default.c.obj
[311/1051] Building C object esp-idf/lwip/CMakeFiles/__idf_lwip.dir/lwip/src/netif/ppp/polarssl/md4.c.obj
[312/1051] Building C object esp-idf/lwip/CMakeFiles/__idf_lwip.dir/lwip/src/netif/ppp/polarssl/sha1.c.obj
[173/1051] Building C object esp-idf/wpa_supplicant/CMakeFiles/__idf_wpa_supplicant.dir/src/eap_peer/eap_tls_common.c.obj
[336/1051] Building C object esp-idf/lwip/CMakeFiles/__idf_lwip.dir/apps/dhcpserver/dhcpserver.c.obj
[337/1051] Building C object esp-idf/nvs_flash/CMakeFiles/__idf_nvs_flash.dir/src/nvs_bootloader_xts_aes.c.obj
[335/1051] Building C object esp-idf/nvs_flash/CMakeFiles/__idf_nvs_flash.dir/src/nvs_bootloader.c.obj
[338/1051] Building C object esp-idf/esp_event/CMakeFiles/__idf_esp_event.dir/default_event_loop.c.obj
[386/1051] Building C object esp-idf/newlib/CMakeFiles/__idf_newlib.dir/src/reent_init.c.obj
[313/1051] Building C object esp-idf/vfs/CMakeFiles/__idf_vfs.dir/vfs_eventfd.c.obj
[358/1051] Building C object esp-idf/esp_driver_gptimer/CMakeFiles/__idf_esp_driver_gptimer.dir/src/gptimer.c.obj
[368/1051] Building C object esp-idf/newlib/CMakeFiles/__idf_newlib.dir/src/init.c.obj
[318/1051] Building C object esp-idf/lwip/CMakeFiles/__idf_lwip.dir/apps/ping/ping_sock.c.obj
[369/1051] Building C object esp-idf/newlib/CMakeFiles/__idf_newlib.dir/src/heap.c.obj
[174/1051] Building C object esp-idf/wpa_supplicant/CMakeFiles/__idf_wpa_supplicant.dir/src/eap_peer/eap.c.obj
[355/1049] Building C object esp-idf/esp_driver_uart/CMakeFiles/__idf_esp_driver_uart.dir/src/uhci.c.obj
[175/1051] Building C object esp-idf/wpa_supplicant/CMakeFiles/__idf_wpa_supplicant.dir/src/eap_peer/eap_fast_common.c.obj
[319/1051] Building C object esp-idf/lwip/CMakeFiles/__idf_lwip.dir/port/sockets_ext.c.obj
[356/1049] Building C object esp-idf/esp_driver_gptimer/CMakeFiles/__idf_esp_driver_gptimer.dir/src/gptimer.c.obj
[359/1051] Building C object esp-idf/esp_timer/CMakeFiles/__idf_esp_timer.dir/src/ets_timer_legacy.c.obj
[387/1051] Building C object esp-idf/newlib/CMakeFiles/__idf_newlib.dir/src/flockfile.c.obj
[320/1051] Building C object esp-idf/lwip/CMakeFiles/__idf_lwip.dir/apps/ping/esp_ping.c.obj
[349/1051] Building CXX object esp-idf/nvs_flash/CMakeFiles/__idf_nvs_flash.dir/src/nvs_encrypted_partition.cpp.obj
[360/1051] Building C object esp-idf/esp_timer/CMakeFiles/__idf_esp_timer.dir/src/system_time.c.obj
[176/1051] Building C object esp-idf/wpa_supplicant/CMakeFiles/__idf_wpa_supplicant.dir/src/utils/ext_password.c.obj
[321/1051] Building C object esp-idf/esp_phy/CMakeFiles/__idf_esp_phy.dir/esp32s3/phy_init_data.c.obj
[177/1051] Building C object esp-idf/wpa_supplicant/CMakeFiles/__idf_wpa_supplicant.dir/src/utils/common.c.obj
[314/1051] Building C object esp-idf/lwip/CMakeFiles/__idf_lwip.dir/lwip/src/netif/ppp/polarssl/md5.c.obj
[322/1051] Building C object esp-idf/esp_phy/CMakeFiles/__idf_esp_phy.dir/src/btbb_init.c.obj
[336/1051] Building C object esp-idf/esp_event/CMakeFiles/__idf_esp_event.dir/default_event_loop.c.obj
[339/1051] Building CXX object esp-idf/nvs_flash/CMakeFiles/__idf_nvs_flash.dir/src/nvs_types.cpp.obj
[323/1051] Building C object esp-idf/lwip/CMakeFiles/__idf_lwip.dir/port/debug/lwip_debug.c.obj
[388/1051] Building C object esp-idf/newlib/CMakeFiles/__idf_newlib.dir/src/scandir.c.obj
[315/1051] Building C object esp-idf/lwip/CMakeFiles/__idf_lwip.dir/port/esp32xx/vfs_lwip.c.obj
[324/1051] Building C object esp-idf/esp_phy/CMakeFiles/__idf_esp_phy.dir/src/phy_common.c.obj
[389/1051] Building C object esp-idf/freertos/CMakeFiles/__idf_freertos.dir/port_common.c.obj
[357/1049] Building C object esp-idf/esp_timer/CMakeFiles/__idf_esp_timer.dir/src/system_time.c.obj
[390/1051] Building C object esp-idf/newlib/CMakeFiles/__idf_newlib.dir/src/port/esp_time_impl.c.obj
[178/1051] Building C object esp-idf/wpa_supplicant/CMakeFiles/__idf_wpa_supplicant.dir/src/wps/wps_attr_build.c.obj
[325/1051] Building C object esp-idf/esp_vfs_console/CMakeFiles/__idf_esp_vfs_console.dir/vfs_console.c.obj
[179/1051] Building C object esp-idf/wpa_supplicant/CMakeFiles/__idf_wpa_supplicant.dir/src/wps/wps_attr_parse.c.obj
[326/1051] Building C object esp-idf/esp_driver_usb_serial_jtag/CMakeFiles/__idf_esp_driver_usb_serial_jtag.dir/src/usb_serial_jtag_vfs.c.obj
[391/1051] Building C object esp-idf/freertos/CMakeFiles/__idf_freertos.dir/port_systick.c.obj
[350/1051] Building C object esp-idf/esp_timer/CMakeFiles/__idf_esp_timer.dir/src/esp_timer.c.obj
[370/1051] Building C object esp-idf/pthread/CMakeFiles/__idf_pthread.dir/pthread.c.obj
[316/1051] Building C object esp-idf/esp_phy/CMakeFiles/__idf_esp_phy.dir/src/lib_printf.c.obj
[343/1051] Building C object esp-idf/vfs/CMakeFiles/__idf_vfs.dir/vfs.c.obj
[337/1051] Building C object esp-idf/nvs_flash/CMakeFiles/__idf_nvs_flash.dir/src/nvs_bootloader_aes.c.obj
[371/1051] Building C object esp-idf/pthread/CMakeFiles/__idf_pthread.dir/pthread_local_storage.c.obj
[180/1051] Building C object esp-idf/wpa_supplicant/CMakeFiles/__idf_wpa_supplicant.dir/esp_supplicant/src/esp_wpa2_api_port.c.obj
[361/1051] Building C object esp-idf/pthread/CMakeFiles/__idf_pthread.dir/pthread_cond_var.c.obj
[358/1049] Building C object esp-idf/esp_timer/CMakeFiles/__idf_esp_timer.dir/src/ets_timer_legacy.c.obj
[372/1051] Building C object esp-idf/pthread/CMakeFiles/__idf_pthread.dir/pthread_semaphore.c.obj
[181/1051] Building C object esp-idf/wpa_supplicant/CMakeFiles/__idf_wpa_supplicant.dir/src/ap/wpa_auth.c.obj
[351/1051] Building C object esp-idf/esp_timer/CMakeFiles/__idf_esp_timer.dir/src/esp_timer_init.c.obj
[317/1051] Building C object esp-idf/lwip/CMakeFiles/__idf_lwip.dir/lwip/src/netif/ppp/polarssl/des.c.obj
[352/1051] Building C object esp-idf/esp_driver_uart/CMakeFiles/__idf_esp_driver_uart.dir/src/uhci.c.obj
[318/1051] Building C object esp-idf/lwip/CMakeFiles/__idf_lwip.dir/lwip/src/netif/ppp/polarssl/arc4.c.obj
[373/1051] Building C object esp-idf/newlib/CMakeFiles/__idf_newlib.dir/src/pthread.c.obj
[374/1051] Building C object esp-idf/newlib/CMakeFiles/__idf_newlib.dir/src/assert.c.obj
[359/1049] Building C object esp-idf/esp_timer/CMakeFiles/__idf_esp_timer.dir/src/esp_timer.c.obj
[340/1051] Building C object esp-idf/vfs/CMakeFiles/__idf_vfs.dir/vfs_semihost.c.obj
[362/1051] Building C object esp-idf/esp_ringbuf/CMakeFiles/__idf_esp_ringbuf.dir/ringbuf.c.obj
[319/1051] Building C object esp-idf/esp_driver_usb_serial_jtag/CMakeFiles/__idf_esp_driver_usb_serial_jtag.dir/src/usb_serial_jtag_connection_monitor.c.obj
[338/1051] Building C object esp-idf/nvs_flash/CMakeFiles/__idf_nvs_flash.dir/src/nvs_bootloader_xts_aes.c.obj
[363/1051] Building CXX object esp-idf/nvs_flash/CMakeFiles/__idf_nvs_flash.dir/src/nvs_types.cpp.obj
[320/1051] Building C object esp-idf/lwip/CMakeFiles/__idf_lwip.dir/lwip/src/core/ipv6/nd6.c.obj
[392/1051] Building C object esp-idf/freertos/CMakeFiles/__idf_freertos.dir/FreeRTOS-Kernel/timers.c.obj
[321/1051] Building C object esp-idf/lwip/CMakeFiles/__idf_lwip.dir/port/freertos/sys_arch.c.obj
[364/1051] Building CXX object esp-idf/cxx/CMakeFiles/__idf_cxx.dir/cxx_init.cpp.obj
[341/1051] Building C object esp-idf/esp_event/CMakeFiles/__idf_esp_event.dir/esp_event_private.c.obj
[322/1051] Building C object esp-idf/esp_phy/CMakeFiles/__idf_esp_phy.dir/esp32s3/phy_init_data.c.obj
[344/1051] Linking C static library esp-idf/vfs/libvfs.a
[375/1051] Building C object esp-idf/newlib/CMakeFiles/__idf_newlib.dir/src/getentropy.c.obj
[376/1051] Building C object esp-idf/newlib/CMakeFiles/__idf_newlib.dir/src/poll.c.obj
[339/1051] Linking C static library esp-idf/lwip/liblwip.a
[323/1051] Building C object esp-idf/esp_phy/CMakeFiles/__idf_esp_phy.dir/src/phy_override.c.obj
[360/1049] Building C object esp-idf/esp_timer/CMakeFiles/__idf_esp_timer.dir/src/esp_timer_impl_common.c.obj
[345/1051] Generating gotest_tinygo.o
[393/1051] Building C object esp-idf/freertos/CMakeFiles/__idf_freertos.dir/heap_idf.c.obj
[377/1051] Building C object esp-idf/newlib/CMakeFiles/__idf_newlib.dir/src/termios.c.obj
[324/1051] Building C object esp-idf/esp_phy/CMakeFiles/__idf_esp_phy.dir/src/btbb_init.c.obj
[327/1051] Building C object esp-idf/lwip/CMakeFiles/__idf_lwip.dir/lwip/src/core/ipv6/nd6.c.obj
[182/1051] Building C object esp-idf/wpa_supplicant/CMakeFiles/__idf_wpa_supplicant.dir/src/eap_peer/eap_peap.c.obj
[378/1051] Building C object esp-idf/pthread/CMakeFiles/__idf_pthread.dir/pthread_cond_var.c.obj
[365/1051] Building C object esp-idf/pthread/CMakeFiles/__idf_pthread.dir/pthread_rwlock.c.obj
[183/1051] Building C object esp-idf/wpa_supplicant/CMakeFiles/__idf_wpa_supplicant.dir/src/utils/wpabuf.c.obj
[328/1051] Building C object esp-idf/vfs/CMakeFiles/__idf_vfs.dir/vfs_eventfd.c.obj
[346/1051] Linking C static library esp-idf/esp_vfs_console/libesp_vfs_console.a
[394/1051] Building CXX object esp-idf/nvs_flash/CMakeFiles/__idf_nvs_flash.dir/src/nvs_cxx_api.cpp.obj
Executing action: elf
Running ninja in directory /home/tikhon/Документы/magnolia/applets/go/uname/build
Executing "ninja elf"...
[0/2] Re-checking globbed directories...
[1/1051] Generating /home/tikhon/Документы/magnolia/applets/go/uname/build/esp-idf/esp_system/ld/sections.ld.in linker script...
[2/1051] Generating /home/tikhon/Документы/magnolia/applets/go/uname/build/esp-idf/esp_system/ld/memory.ld linker script...
[361/1049] Building CXX object esp-idf/cxx/CMakeFiles/__idf_cxx.dir/cxx_exception_stubs.cpp.obj
[366/1051] Building C object esp-idf/esp_timer/CMakeFiles/__idf_esp_timer.dir/src/esp_timer_impl_systimer.c.obj
[184/1051] Building C object esp-idf/wpa_supplicant/CMakeFiles/__idf_wpa_supplicant.dir/src/rsn_supp/pmksa_cache.c.obj
[379/1051] Building C object esp-idf/newlib/CMakeFiles/__idf_newlib.dir/src/random.c.obj
[353/1051] Building C object esp-idf/esp_driver_uart/CMakeFiles/__idf_esp_driver_uart.dir/src/uart_vfs.c.obj
[325/1051] Building C object esp-idf/lwip/CMakeFiles/__idf_lwip.dir/apps/ping/esp_ping.c.obj
[362/1049] Building C object esp-idf/pthread/CMakeFiles/__idf_pthread.dir/pthread_local_storage.c.obj
[380/1051] Building C object esp-idf/newlib/CMakeFiles/__idf_newlib.dir/src/locks.c.obj
[340/1051] Building C object esp-idf/esp_event/CMakeFiles/__idf_esp_event.dir/esp_event.c.obj
[381/1051] Building C object esp-idf/newlib/CMakeFiles/__idf_newlib.dir/src/sysconf.c.obj
[367/1051] Building C object esp-idf/newlib/CMakeFiles/__idf_newlib.dir/src/abort.c.obj
[363/1049] Building CXX object esp-idf/cxx/CMakeFiles/__idf_cxx.dir/cxx_init.cpp.obj
[395/1051] Generating echo_tinygo.o
[368/1051] Building CXX object esp-idf/nvs_flash/CMakeFiles/__idf_nvs_flash.dir/src/nvs_encrypted_partition.cpp.obj
[347/1051] Linking C static library esp-idf/esp_driver_usb_serial_jtag/libesp_driver_usb_serial_jtag.a
[342/1051] Building C object esp-idf/esp_driver_uart/CMakeFiles/__idf_esp_driver_uart.dir/src/uart_wakeup.c.obj
[396/1051] Building C object esp-idf/freertos/CMakeFiles/__idf_freertos.dir/app_startup.c.obj
[397/1051] Building CXX object esp-idf/nvs_flash/CMakeFiles/__idf_nvs_flash.dir/src/nvs_types.cpp.obj
[343/1051] Linking C static library esp-idf/lwip/liblwip.a
[398/1051] Building C object esp-idf/freertos/CMakeFiles/__idf_freertos.dir/FreeRTOS-Kernel/list.c.obj
[326/1051] Building C object esp-idf/esp_vfs_console/CMakeFiles/__idf_esp_vfs_console.dir/vfs_console.c.obj
[382/1051] Building C object esp-idf/newlib/CMakeFiles/__idf_newlib.dir/src/scandir.c.obj
[354/1051] Building C object esp-idf/esp_timer/CMakeFiles/__idf_esp_timer.dir/src/ets_timer_legacy.c.obj
[327/1051] Building C object esp-idf/lwip/CMakeFiles/__idf_lwip.dir/apps/ping/ping_sock.c.obj
[348/1051] Building C object esp-idf/esp_event/CMakeFiles/__idf_esp_event.dir/esp_event.c.obj
[341/1051] Building C object esp-idf/esp_event/CMakeFiles/__idf_esp_event.dir/esp_event_private.c.obj
[328/1051] Building C object esp-idf/esp_phy/CMakeFiles/__idf_esp_phy.dir/src/phy_common.c.obj
[185/1051] Building C object esp-idf/wpa_supplicant/CMakeFiles/__idf_wpa_supplicant.dir/esp_supplicant/src/esp_common.c.obj
[399/1051] Building C object esp-idf/newlib/CMakeFiles/__idf_newlib.dir/src/stdatomic.c.obj
[349/1051] Linking C static library esp-idf/esp_phy/libesp_phy.a
[355/1051] Building C object esp-idf/esp_driver_gptimer/CMakeFiles/__idf_esp_driver_gptimer.dir/src/gptimer_common.c.obj
[3/1051] Building C object esp-idf/esp_http_client/CMakeFiles/__idf_esp_http_client.dir/lib/http_auth.c.obj
[400/1051] Building ASM object esp-idf/freertos/CMakeFiles/__idf_freertos.dir/FreeRTOS-Kernel/portable/xtensa/portasm.S.obj
[186/1051] Building C object esp-idf/wpa_supplicant/CMakeFiles/__idf_wpa_supplicant.dir/src/common/sae_pk.c.obj
[356/1051] Building C object esp-idf/esp_timer/CMakeFiles/__idf_esp_timer.dir/src/system_time.c.obj
[401/1051] Building C object esp-idf/freertos/CMakeFiles/__idf_freertos.dir/FreeRTOS-Kernel/portable/xtensa/xtensa_init.c.obj
[383/1051] Building C object esp-idf/newlib/CMakeFiles/__idf_newlib.dir/src/realpath.c.obj
[344/1051] Linking C static library esp-idf/vfs/libvfs.a
[4/1051] Building C object esp-idf/esp_http_server/CMakeFiles/__idf_esp_http_server.dir/src/util/ctrl_sock.c.obj
[369/1051] Building C object esp-idf/newlib/CMakeFiles/__idf_newlib.dir/src/assert.c.obj
[370/1051] Building C object esp-idf/pthread/CMakeFiles/__idf_pthread.dir/pthread_local_storage.c.obj
[345/1051] Building CXX object esp-idf/nvs_flash/CMakeFiles/__idf_nvs_flash.dir/src/nvs_partition_lookup.cpp.obj
[371/1051] Building C object esp-idf/newlib/CMakeFiles/__idf_newlib.dir/src/heap.c.obj
[372/1051] Building C object esp-idf/newlib/CMakeFiles/__idf_newlib.dir/src/init.c.obj
[384/1051] Building C object esp-idf/newlib/CMakeFiles/__idf_newlib.dir/src/flockfile.c.obj
[329/1051] Building C object esp-idf/esp_driver_usb_serial_jtag/CMakeFiles/__idf_esp_driver_usb_serial_jtag.dir/src/usb_serial_jtag.c.obj
[5/1051] Building C object esp-idf/esp_http_client/CMakeFiles/__idf_esp_http_client.dir/lib/http_header.c.obj
[402/1051] Building CXX object esp-idf/nvs_flash/CMakeFiles/__idf_nvs_flash.dir/src/nvs_item_hash_list.cpp.obj
[187/1051] Building C object esp-idf/wpa_supplicant/CMakeFiles/__idf_wpa_supplicant.dir/esp_supplicant/src/esp_wpas_glue.c.obj
[342/1051] Building C object esp-idf/vfs/CMakeFiles/__idf_vfs.dir/vfs.c.obj
[373/1051] Building C object esp-idf/pthread/CMakeFiles/__idf_pthread.dir/pthread_semaphore.c.obj
[403/1051] Building C object esp-idf/freertos/CMakeFiles/__idf_freertos.dir/FreeRTOS-Kernel/event_groups.c.obj
[364/1049] Building C object esp-idf/esp_timer/CMakeFiles/__idf_esp_timer.dir/src/esp_timer_impl_systimer.c.obj
[374/1051] Building C object esp-idf/newlib/CMakeFiles/__idf_newlib.dir/src/getentropy.c.obj
[385/1051] Building C object esp-idf/newlib/CMakeFiles/__idf_newlib.dir/src/reent_init.c.obj
[188/1051] Building C object esp-idf/wpa_supplicant/CMakeFiles/__idf_wpa_supplicant.dir/src/wps/wps_common.c.obj
[404/1051] Building C object esp-idf/esp_hw_support/CMakeFiles/__idf_esp_hw_support.dir/cpu.c.obj
[6/1051] Building C object esp-idf/esp_http_server/CMakeFiles/__idf_esp_http_server.dir/src/httpd_sess.c.obj
[189/1051] Building C object esp-idf/wpa_supplicant/CMakeFiles/__idf_wpa_supplicant.dir/src/eap_peer/eap_ttls.c.obj
[386/1051] Building C object esp-idf/newlib/CMakeFiles/__idf_newlib.dir/src/reent_syscalls.c.obj
[365/1049] Building C object esp-idf/newlib/CMakeFiles/__idf_newlib.dir/src/abort.c.obj
[330/1051] Building C object esp-idf/vfs/CMakeFiles/__idf_vfs.dir/vfs_semihost.c.obj
[357/1051] Building C object esp-idf/esp_timer/CMakeFiles/__idf_esp_timer.dir/src/esp_timer_impl_common.c.obj
[7/1051] Building C object esp-idf/esp_http_client/CMakeFiles/__idf_esp_http_client.dir/lib/http_utils.c.obj
[190/1051] Building C object esp-idf/wpa_supplicant/CMakeFiles/__idf_wpa_supplicant.dir/src/wps/wps_dev_attr.c.obj
[405/1051] Building C object esp-idf/esp_hw_support/CMakeFiles/__idf_esp_hw_support.dir/esp_memory_utils.c.obj
[346/1051] Linking C static library esp-idf/esp_vfs_console/libesp_vfs_console.a
[191/1051] Building C object esp-idf/wpa_supplicant/CMakeFiles/__idf_wpa_supplicant.dir/src/utils/json.c.obj
[358/1051] Building C object esp-idf/esp_ringbuf/CMakeFiles/__idf_esp_ringbuf.dir/ringbuf.c.obj
[387/1051] Building C object esp-idf/newlib/CMakeFiles/__idf_newlib.dir/src/syscalls.c.obj
[406/1051] Building C object esp-idf/esp_hw_support/CMakeFiles/__idf_esp_hw_support.dir/port/esp32s3/cpu_region_protect.c.obj
[375/1051] Building C object esp-idf/newlib/CMakeFiles/__idf_newlib.dir/src/poll.c.obj
[8/1051] Building C object esp-idf/esp_adc/CMakeFiles/__idf_esp_adc.dir/adc_common.c.obj
[366/1049] Building C object esp-idf/pthread/CMakeFiles/__idf_pthread.dir/pthread_cond_var.c.obj
[350/1051] Building C object esp-idf/esp_driver_uart/CMakeFiles/__idf_esp_driver_uart.dir/src/uhci.c.obj
[367/1049] Building C object esp-idf/newlib/CMakeFiles/__idf_newlib.dir/src/assert.c.obj
[192/1051] Building C object esp-idf/wpa_supplicant/CMakeFiles/__idf_wpa_supplicant.dir/esp_supplicant/src/esp_hostap.c.obj
[368/1049] Building C object esp-idf/newlib/CMakeFiles/__idf_newlib.dir/src/init.c.obj
[407/1051] Building C object esp-idf/freertos/CMakeFiles/__idf_freertos.dir/esp_additions/idf_additions_event_groups.c.obj
[369/1049] Building CXX object esp-idf/nvs_flash/CMakeFiles/__idf_nvs_flash.dir/src/nvs_item_hash_list.cpp.obj
[329/1051] Building C object esp-idf/lwip/CMakeFiles/__idf_lwip.dir/apps/dhcpserver/dhcpserver.c.obj
[347/1051] Linking C static library esp-idf/esp_driver_usb_serial_jtag/libesp_driver_usb_serial_jtag.a
[359/1051] Building CXX object esp-idf/cxx/CMakeFiles/__idf_cxx.dir/cxx_init.cpp.obj
[370/1049] Building C object esp-idf/newlib/CMakeFiles/__idf_newlib.dir/src/heap.c.obj
[408/1051] Building C object esp-idf/freertos/CMakeFiles/__idf_freertos.dir/FreeRTOS-Kernel/portable/xtensa/xtensa_overlay_os_hook.c.obj
[409/1051] Building C object esp-idf/esp_hw_support/CMakeFiles/__idf_esp_hw_support.dir/port/esp32s3/esp_cpu_intr.c.obj
[388/1051] Building CXX object esp-idf/cxx/CMakeFiles/__idf_cxx.dir/cxx_guards.cpp.obj
[343/1051] Building C object esp-idf/esp_driver_uart/CMakeFiles/__idf_esp_driver_uart.dir/src/uart_wakeup.c.obj
[371/1049] Building C object esp-idf/pthread/CMakeFiles/__idf_pthread.dir/pthread_semaphore.c.obj
[344/1051] Linking C static library esp-idf/vfs/libvfs.a
[331/1051] Building C object esp-idf/esp_phy/CMakeFiles/__idf_esp_phy.dir/src/phy_init.c.obj
[193/1051] Building C object esp-idf/wpa_supplicant/CMakeFiles/__idf_wpa_supplicant.dir/esp_supplicant/src/crypto/fastpsk.c.obj
[389/1051] Building C object esp-idf/newlib/CMakeFiles/__idf_newlib.dir/src/time.c.obj
[332/1051] Building C object esp-idf/lwip/CMakeFiles/__idf_lwip.dir/apps/dhcpserver/dhcpserver.c.obj
[390/1051] Building C object esp-idf/newlib/CMakeFiles/__idf_newlib.dir/src/newlib_init.c.obj
[194/1051] Building C object esp-idf/wpa_supplicant/CMakeFiles/__idf_wpa_supplicant.dir/esp_supplicant/src/esp_wpa_main.c.obj
[360/1051] Building C object esp-idf/esp_driver_gptimer/CMakeFiles/__idf_esp_driver_gptimer.dir/src/gptimer.c.obj
[351/1051] Building C object esp-idf/esp_driver_uart/CMakeFiles/__idf_esp_driver_uart.dir/src/uart_vfs.c.obj
[372/1049] Building C object esp-idf/newlib/CMakeFiles/__idf_newlib.dir/src/getentropy.c.obj
[373/1049] Building C object esp-idf/pthread/CMakeFiles/__idf_pthread.dir/pthread_rwlock.c.obj
[374/1049] Building C object esp-idf/newlib/CMakeFiles/__idf_newlib.dir/src/termios.c.obj
[376/1051] Building C object esp-idf/newlib/CMakeFiles/__idf_newlib.dir/src/sysconf.c.obj
[348/1051] Linking C static library esp-idf/esp_phy/libesp_phy.a
[345/1051] Linking C static library esp-idf/esp_vfs_console/libesp_vfs_console.a
[391/1051] Building C object esp-idf/freertos/CMakeFiles/__idf_freertos.dir/FreeRTOS-Kernel/list.c.obj
[9/1051] Building C object esp-idf/esp_http_client/CMakeFiles/__idf_esp_http_client.dir/esp_http_client.c.obj
[377/1051] Building C object esp-idf/newlib/CMakeFiles/__idf_newlib.dir/src/locks.c.obj
[392/1051] Building C object esp-idf/newlib/CMakeFiles/__idf_newlib.dir/src/port/esp_time_impl.c.obj
[375/1049] Building C object esp-idf/newlib/CMakeFiles/__idf_newlib.dir/src/random.c.obj
[333/1051] Building CXX object esp-idf/nvs_flash/CMakeFiles/__idf_nvs_flash.dir/src/nvs_platform.cpp.obj
[195/1051] Building C object esp-idf/wpa_supplicant/CMakeFiles/__idf_wpa_supplicant.dir/esp_supplicant/src/esp_owe.c.obj
[376/1049] Building C object esp-idf/newlib/CMakeFiles/__idf_newlib.dir/src/time.c.obj
[330/1051] Building C object esp-idf/esp_phy/CMakeFiles/__idf_esp_phy.dir/src/phy_init.c.obj
[196/1051] Building C object esp-idf/wpa_supplicant/CMakeFiles/__idf_wpa_supplicant.dir/src/wps/wps_attr_process.c.obj
[378/1051] Building C object esp-idf/newlib/CMakeFiles/__idf_newlib.dir/src/termios.c.obj
[410/1051] Building C object esp-idf/esp_hw_support/CMakeFiles/__idf_esp_hw_support.dir/mac_addr.c.obj
[10/1051] Building C object esp-idf/esp_http_server/CMakeFiles/__idf_esp_http_server.dir/src/httpd_main.c.obj
[377/1049] Building C object esp-idf/newlib/CMakeFiles/__idf_newlib.dir/src/locks.c.obj
[393/1051] Building C object esp-idf/freertos/CMakeFiles/__idf_freertos.dir/app_startup.c.obj
[334/1051] Linking C static library esp-idf/lwip/liblwip.a
[352/1051] Building C object esp-idf/esp_timer/CMakeFiles/__idf_esp_timer.dir/src/esp_timer_init.c.obj
[379/1051] Building C object esp-idf/pthread/CMakeFiles/__idf_pthread.dir/pthread.c.obj
[11/1051] Building C object esp-idf/esp_adc/CMakeFiles/__idf_esp_adc.dir/adc_cali.c.obj
[411/1051] Building C object esp-idf/esp_hw_support/CMakeFiles/__idf_esp_hw_support.dir/hw_random.c.obj
[394/1051] Building C object esp-idf/freertos/CMakeFiles/__idf_freertos.dir/heap_idf.c.obj
[380/1051] Building C object esp-idf/newlib/CMakeFiles/__idf_newlib.dir/src/random.c.obj
[412/1051] Building C object esp-idf/esp_hw_support/CMakeFiles/__idf_esp_hw_support.dir/clk_ctrl_os.c.obj
[12/1051] Building C object esp-idf/esp_http_server/CMakeFiles/__idf_esp_http_server.dir/src/httpd_uri.c.obj
[381/1051] Building C object esp-idf/newlib/CMakeFiles/__idf_newlib.dir/src/pthread.c.obj
[346/1051] Linking C static library esp-idf/esp_driver_usb_serial_jtag/libesp_driver_usb_serial_jtag.a
[413/1051] Building CXX object esp-idf/cxx/CMakeFiles/__idf_cxx.dir/cxx_guards.cpp.obj
[378/1049] Building C object esp-idf/newlib/CMakeFiles/__idf_newlib.dir/src/poll.c.obj
[414/1051] Building C object esp-idf/esp_hw_support/CMakeFiles/__idf_esp_hw_support.dir/revision.c.obj
[331/1051] Building C object esp-idf/esp_driver_usb_serial_jtag/CMakeFiles/__idf_esp_driver_usb_serial_jtag.dir/src/usb_serial_jtag.c.obj
[382/1051] Building C object esp-idf/newlib/CMakeFiles/__idf_newlib.dir/src/realpath.c.obj
[383/1051] Building C object esp-idf/newlib/CMakeFiles/__idf_newlib.dir/src/scandir.c.obj
[361/1051] Building CXX object esp-idf/nvs_flash/CMakeFiles/__idf_nvs_flash.dir/src/nvs_partition_manager.cpp.obj
[13/1051] Building C object esp-idf/esp_adc/CMakeFiles/__idf_esp_adc.dir/esp32s3/curve_fitting_coefficients.c.obj
[347/1051] Building C object esp-idf/esp_driver_uart/CMakeFiles/__idf_esp_driver_uart.dir/src/uart.c.obj
[362/1051] Building C object esp-idf/esp_timer/CMakeFiles/__idf_esp_timer.dir/src/esp_timer_impl_systimer.c.obj
[363/1051] Building CXX object esp-idf/cxx/CMakeFiles/__idf_cxx.dir/cxx_exception_stubs.cpp.obj
[379/1049] Building C object esp-idf/newlib/CMakeFiles/__idf_newlib.dir/src/pthread.c.obj
[353/1051] Building C object esp-idf/esp_driver_gptimer/CMakeFiles/__idf_esp_driver_gptimer.dir/src/gptimer_common.c.obj
[415/1051] Building C object esp-idf/esp_hw_support/CMakeFiles/__idf_esp_hw_support.dir/esp_gpio_reserve.c.obj
[349/1051] Building CXX object esp-idf/nvs_flash/CMakeFiles/__idf_nvs_flash.dir/src/nvs_pagemanager.cpp.obj
[395/1051] Building C object esp-idf/freertos/CMakeFiles/__idf_freertos.dir/port_common.c.obj
[416/1051] Building C object esp-idf/freertos/CMakeFiles/__idf_freertos.dir/esp_additions/idf_additions.c.obj
[14/1051] Building C object esp-idf/tcp_transport/CMakeFiles/__idf_tcp_transport.dir/transport_socks_proxy.c.obj
[197/1051] Building C object esp-idf/wpa_supplicant/CMakeFiles/__idf_wpa_supplicant.dir/src/wps/wps.c.obj
[350/1051] Building C object esp-idf/esp_event/CMakeFiles/__idf_esp_event.dir/esp_event.c.obj
[15/1051] Building C object esp-idf/esp-tls/CMakeFiles/__idf_esp-tls.dir/esp-tls-crypto/esp_tls_crypto.c.obj
[380/1049] Building C object esp-idf/newlib/CMakeFiles/__idf_newlib.dir/src/reent_syscalls.c.obj
[351/1051] Building C object esp-idf/esp_timer/CMakeFiles/__idf_esp_timer.dir/src/esp_timer_init.c.obj
[396/1051] Building CXX object esp-idf/nvs_flash/CMakeFiles/__idf_nvs_flash.dir/src/nvs_item_hash_list.cpp.obj
[16/1051] Building C object esp-idf/esp_adc/CMakeFiles/__idf_esp_adc.dir/adc_cali_curve_fitting.c.obj
[198/1051] Building C object esp-idf/wpa_supplicant/CMakeFiles/__idf_wpa_supplicant.dir/src/crypto/rc4.c.obj
[354/1051] Building C object esp-idf/esp_timer/CMakeFiles/__idf_esp_timer.dir/src/esp_timer_impl_common.c.obj
[17/1051] Building C object esp-idf/esp_http_server/CMakeFiles/__idf_esp_http_server.dir/src/httpd_ws.c.obj
[348/1051] Linking C static library esp-idf/esp_phy/libesp_phy.a
[397/1051] Building C object esp-idf/freertos/CMakeFiles/__idf_freertos.dir/FreeRTOS-Kernel/portable/xtensa/port.c.obj
[417/1051] Building C object esp-idf/esp_hw_support/CMakeFiles/__idf_esp_hw_support.dir/port/esp32s3/io_mux.c.obj
[418/1051] Building C object esp-idf/esp_hw_support/CMakeFiles/__idf_esp_hw_support.dir/esp_clk.c.obj
[18/1051] Building C object esp-idf/tcp_transport/CMakeFiles/__idf_tcp_transport.dir/transport.c.obj
[19/1051] Building C object esp-idf/esp_adc/CMakeFiles/__idf_esp_adc.dir/adc_continuous.c.obj
[364/1051] Building C object esp-idf/newlib/CMakeFiles/__idf_newlib.dir/src/init.c.obj
[381/1049] Building C object esp-idf/newlib/CMakeFiles/__idf_newlib.dir/src/flockfile.c.obj
[332/1051] Building CXX object esp-idf/nvs_flash/CMakeFiles/__idf_nvs_flash.dir/src/nvs_platform.cpp.obj
[199/1051] Linking C static library esp-idf/esp_coex/libesp_coex.a
[419/1051] Building C object esp-idf/freertos/CMakeFiles/__idf_freertos.dir/FreeRTOS-Kernel/stream_buffer.c.obj
[382/1049] Building C object esp-idf/newlib/CMakeFiles/__idf_newlib.dir/src/realpath.c.obj
[355/1051] Building C object esp-idf/esp_timer/CMakeFiles/__idf_esp_timer.dir/src/esp_timer.c.obj
[352/1051] Building C object esp-idf/esp_driver_gptimer/CMakeFiles/__idf_esp_driver_gptimer.dir/src/gptimer.c.obj
[398/1051] Building C object esp-idf/freertos/CMakeFiles/__idf_freertos.dir/FreeRTOS-Kernel/portable/xtensa/xtensa_init.c.obj
[399/1051] Building ASM object esp-idf/freertos/CMakeFiles/__idf_freertos.dir/FreeRTOS-Kernel/portable/xtensa/portasm.S.obj
[365/1051] Building C object esp-idf/pthread/CMakeFiles/__idf_pthread.dir/pthread_cond_var.c.obj
[383/1049] Building C object esp-idf/newlib/CMakeFiles/__idf_newlib.dir/src/sysconf.c.obj
-- ELF_LOADER: 1.1.1
[384/1051] Building C object esp-idf/newlib/CMakeFiles/__idf_newlib.dir/src/flockfile.c.obj
[384/1049] Building C object esp-idf/newlib/CMakeFiles/__idf_newlib.dir/src/scandir.c.obj
[333/1051] Building C object esp-idf/esp_driver_usb_serial_jtag/CMakeFiles/__idf_esp_driver_usb_serial_jtag.dir/src/usb_serial_jtag_vfs.c.obj
[385/1051] Building C object esp-idf/newlib/CMakeFiles/__idf_newlib.dir/src/syscalls.c.obj
[335/1051] Building C object esp-idf/nvs_flash/CMakeFiles/__idf_nvs_flash.dir/src/nvs_bootloader_aes.c.obj
[420/1051] Building CXX object esp-idf/nvs_flash/CMakeFiles/__idf_nvs_flash.dir/src/nvs_handle_locked.cpp.obj
[334/1051] Linking C static library esp-idf/lwip/liblwip.a
[385/1049] Building C object esp-idf/newlib/CMakeFiles/__idf_newlib.dir/src/syscalls.c.obj
[336/1051] Building C object esp-idf/nvs_flash/CMakeFiles/__idf_nvs_flash.dir/src/nvs_bootloader.c.obj
[386/1051] Building C object esp-idf/newlib/CMakeFiles/__idf_newlib.dir/src/time.c.obj
[356/1051] Building C object esp-idf/esp_driver_gptimer/CMakeFiles/__idf_esp_driver_gptimer.dir/src/gptimer.c.obj
[387/1051] Building C object esp-idf/newlib/CMakeFiles/__idf_newlib.dir/src/reent_syscalls.c.obj
[357/1051] Building C object esp-idf/esp_timer/CMakeFiles/__idf_esp_timer.dir/src/system_time.c.obj
[20/1051] Building C object esp-idf/esp_https_ota/CMakeFiles/__idf_esp_https_ota.dir/src/esp_https_ota.c.obj
[421/1051] Building CXX object esp-idf/nvs_flash/CMakeFiles/__idf_nvs_flash.dir/src/nvs_handle_simple.cpp.obj
[21/1051] Building C object esp-idf/esp_http_server/CMakeFiles/__idf_esp_http_server.dir/src/httpd_txrx.c.obj
[200/1051] Building C object esp-idf/wpa_supplicant/CMakeFiles/__idf_wpa_supplicant.dir/esp_supplicant/src/crypto/crypto_mbedtls-bignum.c.obj
[337/1051] Building C object esp-idf/nvs_flash/CMakeFiles/__idf_nvs_flash.dir/src/nvs_bootloader_xts_aes.c.obj
[22/1051] Building C object esp-idf/esp-tls/CMakeFiles/__idf_esp-tls.dir/esp_tls_error_capture.c.obj
[23/1051] Building C object esp-idf/esp_adc/CMakeFiles/__idf_esp_adc.dir/gdma/adc_dma.c.obj
[358/1051] Building C object esp-idf/esp_timer/CMakeFiles/__idf_esp_timer.dir/src/ets_timer_legacy.c.obj
[400/1051] Building C object esp-idf/freertos/CMakeFiles/__idf_freertos.dir/port_systick.c.obj
[24/1051] Building C object esp-idf/esp-tls/CMakeFiles/__idf_esp-tls.dir/esp_tls_platform_port.c.obj
[335/1051] Building C object esp-idf/nvs_flash/CMakeFiles/__idf_nvs_flash.dir/src/nvs_bootloader.c.obj
[366/1051] Building C object esp-idf/newlib/CMakeFiles/__idf_newlib.dir/src/assert.c.obj
[388/1051] Building C object esp-idf/newlib/CMakeFiles/__idf_newlib.dir/src/newlib_init.c.obj
[389/1051] Building CXX object esp-idf/nvs_flash/CMakeFiles/__idf_nvs_flash.dir/src/nvs_api.cpp.obj
[386/1049] Building C object esp-idf/newlib/CMakeFiles/__idf_newlib.dir/src/port/esp_time_impl.c.obj
[401/1051] Building C object esp-idf/freertos/CMakeFiles/__idf_freertos.dir/esp_additions/idf_additions_event_groups.c.obj
[390/1051] Building C object esp-idf/newlib/CMakeFiles/__idf_newlib.dir/src/port/esp_time_impl.c.obj
[402/1051] Building C object esp-idf/freertos/CMakeFiles/__idf_freertos.dir/FreeRTOS-Kernel/portable/xtensa/xtensa_overlay_os_hook.c.obj
[391/1051] Building C object esp-idf/newlib/CMakeFiles/__idf_newlib.dir/src/reent_init.c.obj
[25/1051] Building C object esp-idf/tcp_transport/CMakeFiles/__idf_tcp_transport.dir/transport_ssl.c.obj
[403/1051] Building C object esp-idf/newlib/CMakeFiles/__idf_newlib.dir/src/stdatomic.c.obj
[353/1051] Building C object esp-idf/esp_timer/CMakeFiles/__idf_esp_timer.dir/src/system_time.c.obj
[336/1051] Building C object esp-idf/nvs_flash/CMakeFiles/__idf_nvs_flash.dir/src/nvs_bootloader_aes.c.obj
[387/1049] Building C object esp-idf/newlib/CMakeFiles/__idf_newlib.dir/src/newlib_init.c.obj
[359/1051] Building C object esp-idf/esp_ringbuf/CMakeFiles/__idf_esp_ringbuf.dir/ringbuf.c.obj
[26/1051] Linking C static library esp-idf/esp_https_ota/libesp_https_ota.a
[388/1049] Building C object esp-idf/newlib/CMakeFiles/__idf_newlib.dir/src/reent_init.c.obj
[201/1051] Building C object esp-idf/wpa_supplicant/CMakeFiles/__idf_wpa_supplicant.dir/esp_supplicant/src/crypto/crypto_mbedtls-rsa.c.obj
[367/1051] Building C object esp-idf/pthread/CMakeFiles/__idf_pthread.dir/pthread_rwlock.c.obj
[368/1051] Building C object esp-idf/pthread/CMakeFiles/__idf_pthread.dir/pthread_local_storage.c.obj
[338/1051] Building CXX object esp-idf/nvs_flash/CMakeFiles/__idf_nvs_flash.dir/src/nvs_partition_lookup.cpp.obj
[337/1051] Building C object esp-idf/vfs/CMakeFiles/__idf_vfs.dir/vfs_semihost.c.obj
[422/1051] Building CXX object esp-idf/nvs_flash/CMakeFiles/__idf_nvs_flash.dir/src/nvs_pagemanager.cpp.obj
[404/1051] Building C object esp-idf/esp_hw_support/CMakeFiles/__idf_esp_hw_support.dir/port/esp32s3/esp_cpu_intr.c.obj
[369/1051] Building C object esp-idf/newlib/CMakeFiles/__idf_newlib.dir/src/abort.c.obj
[423/1051] Building C object esp-idf/esp_hw_support/CMakeFiles/__idf_esp_hw_support.dir/regi2c_ctrl.c.obj
[202/1051] Building C object esp-idf/wpa_supplicant/CMakeFiles/__idf_wpa_supplicant.dir/src/crypto/aes-unwrap.c.obj
[349/1051] Building CXX object esp-idf/nvs_flash/CMakeFiles/__idf_nvs_flash.dir/src/nvs_partition.cpp.obj
[392/1051] Building C object esp-idf/newlib/CMakeFiles/__idf_newlib.dir/src/stdatomic.c.obj
[405/1051] Building C object esp-idf/freertos/CMakeFiles/__idf_freertos.dir/FreeRTOS-Kernel/event_groups.c.obj
[406/1051] Building C object esp-idf/freertos/CMakeFiles/__idf_freertos.dir/esp_additions/idf_additions.c.obj
[27/1051] Building C object esp-idf/esp_adc/CMakeFiles/__idf_esp_adc.dir/adc_oneshot.c.obj
[407/1051] Building C object esp-idf/esp_hw_support/CMakeFiles/__idf_esp_hw_support.dir/esp_memory_utils.c.obj
[424/1051] Building C object esp-idf/freertos/CMakeFiles/__idf_freertos.dir/FreeRTOS-Kernel/portable/xtensa/port.c.obj
[408/1051] Building C object esp-idf/esp_hw_support/CMakeFiles/__idf_esp_hw_support.dir/port/esp32s3/cpu_region_protect.c.obj
[28/1051] Building C object esp-idf/tcp_transport/CMakeFiles/__idf_tcp_transport.dir/transport_internal.c.obj
[389/1049] Building C object esp-idf/freertos/CMakeFiles/__idf_freertos.dir/heap_idf.c.obj
[203/1051] Building C object esp-idf/wpa_supplicant/CMakeFiles/__idf_wpa_supplicant.dir/src/crypto/aes-ccm.c.obj
[409/1051] Building CXX object esp-idf/nvs_flash/CMakeFiles/__idf_nvs_flash.dir/src/nvs_page.cpp.obj
[204/1051] Building C object esp-idf/wpa_supplicant/CMakeFiles/__idf_wpa_supplicant.dir/esp_supplicant/src/crypto/tls_mbedtls.c.obj
[390/1049] Building C object esp-idf/freertos/CMakeFiles/__idf_freertos.dir/FreeRTOS-Kernel/list.c.obj
[205/1051] Building C object esp-idf/wpa_supplicant/CMakeFiles/__idf_wpa_supplicant.dir/src/eap_peer/eap_fast.c.obj
[360/1051] Building C object esp-idf/esp_timer/CMakeFiles/__idf_esp_timer.dir/src/esp_timer_impl_systimer.c.obj
[393/1051] Building C object esp-idf/freertos/CMakeFiles/__idf_freertos.dir/heap_idf.c.obj
[361/1051] Building C object esp-idf/pthread/CMakeFiles/__idf_pthread.dir/pthread_cond_var.c.obj
[206/1051] Building C object esp-idf/wpa_supplicant/CMakeFiles/__idf_wpa_supplicant.dir/esp_supplicant/src/esp_eap_client.c.obj
[425/1051] Building C object esp-idf/esp_hw_support/CMakeFiles/__idf_esp_hw_support.dir/port/esp32s3/esp_clk_tree.c.obj
[426/1051] Building C object esp-idf/esp_hw_support/CMakeFiles/__idf_esp_hw_support.dir/periph_ctrl.c.obj
[207/1051] Building C object esp-idf/wpa_supplicant/CMakeFiles/__idf_wpa_supplicant.dir/src/wps/wps_enrollee.c.obj
[391/1049] Building C object esp-idf/freertos/CMakeFiles/__idf_freertos.dir/port_systick.c.obj
[427/1051] Building C object esp-idf/esp_hw_support/CMakeFiles/__idf_esp_hw_support.dir/clk_utils.c.obj
[29/1051] Building C object esp-idf/esp_adc/CMakeFiles/__idf_esp_adc.dir/adc_monitor.c.obj
[354/1051] Building C object esp-idf/esp_timer/CMakeFiles/__idf_esp_timer.dir/src/esp_timer.c.obj
[392/1049] Building C object esp-idf/newlib/CMakeFiles/__idf_newlib.dir/src/stdatomic.c.obj
[428/1051] Building C object esp-idf/esp_hw_support/CMakeFiles/__idf_esp_hw_support.dir/rtc_module.c.obj
[350/1051] Building C object esp-idf/esp_driver_uart/CMakeFiles/__idf_esp_driver_uart.dir/src/uhci.c.obj
[362/1051] Building CXX object esp-idf/cxx/CMakeFiles/__idf_cxx.dir/cxx_guards.cpp.obj
[355/1051] Building C object esp-idf/esp_timer/CMakeFiles/__idf_esp_timer.dir/src/esp_timer_impl_common.c.obj
[338/1051] Building C object esp-idf/nvs_flash/CMakeFiles/__idf_nvs_flash.dir/src/nvs_bootloader_xts_aes.c.obj
[394/1051] Building CXX object esp-idf/cxx/CMakeFiles/__idf_cxx.dir/cxx_guards.cpp.obj
[393/1049] Building C object esp-idf/freertos/CMakeFiles/__idf_freertos.dir/app_startup.c.obj
[429/1051] Building C object esp-idf/esp_hw_support/CMakeFiles/__idf_esp_hw_support.dir/dma/esp_dma_utils.c.obj
[339/1051] Building CXX object esp-idf/nvs_flash/CMakeFiles/__idf_nvs_flash.dir/src/nvs_handle_simple.cpp.obj
[370/1051] Building C object esp-idf/newlib/CMakeFiles/__idf_newlib.dir/src/poll.c.obj
[410/1051] Building CXX object esp-idf/nvs_flash/CMakeFiles/__idf_nvs_flash.dir/src/nvs_pagemanager.cpp.obj
[430/1051] Building C object esp-idf/esp_hw_support/CMakeFiles/__idf_esp_hw_support.dir/usb_phy/usb_phy.c.obj
[208/1051] Building C object esp-idf/wpa_supplicant/CMakeFiles/__idf_wpa_supplicant.dir/esp_supplicant/src/crypto/fastpbkdf2.c.obj
[394/1049] Building C object esp-idf/esp_driver_uart/CMakeFiles/__idf_esp_driver_uart.dir/src/uart.c.obj
[30/1051] Building C object esp-idf/esp_http_server/CMakeFiles/__idf_esp_http_server.dir/src/httpd_parse.c.obj
[411/1051] Building C object esp-idf/freertos/CMakeFiles/__idf_freertos.dir/FreeRTOS-Kernel/timers.c.obj
[395/1051] Building C object esp-idf/freertos/CMakeFiles/__idf_freertos.dir/port_common.c.obj
[431/1051] Building C object esp-idf/freertos/CMakeFiles/__idf_freertos.dir/FreeRTOS-Kernel/queue.c.obj
[395/1049] Building C object esp-idf/pthread/CMakeFiles/__idf_pthread.dir/pthread.c.obj
[356/1051] Building C object esp-idf/esp_ringbuf/CMakeFiles/__idf_esp_ringbuf.dir/ringbuf.c.obj
[209/1051] Building C object esp-idf/esp_netif/CMakeFiles/__idf_esp_netif.dir/esp_netif_defaults.c.obj
[363/1051] Building CXX object esp-idf/cxx/CMakeFiles/__idf_cxx.dir/cxx_init.cpp.obj
[339/1051] Building C object esp-idf/esp_event/CMakeFiles/__idf_esp_event.dir/default_event_loop.c.obj
[432/1051] Building C object esp-idf/esp_hw_support/CMakeFiles/__idf_esp_hw_support.dir/sleep_usb.c.obj
[357/1051] Building C object esp-idf/esp_timer/CMakeFiles/__idf_esp_timer.dir/src/ets_timer_legacy.c.obj
[364/1051] Building CXX object esp-idf/cxx/CMakeFiles/__idf_cxx.dir/cxx_exception_stubs.cpp.obj
[371/1051] Building C object esp-idf/pthread/CMakeFiles/__idf_pthread.dir/pthread_semaphore.c.obj
[210/1051] Building C object esp-idf/wpa_supplicant/CMakeFiles/__idf_wpa_supplicant.dir/esp_supplicant/src/crypto/crypto_mbedtls.c.obj
[358/1051] Building C object esp-idf/esp_driver_gptimer/CMakeFiles/__idf_esp_driver_gptimer.dir/src/gptimer_common.c.obj
[372/1051] Building C object esp-idf/newlib/CMakeFiles/__idf_newlib.dir/src/heap.c.obj
[211/1051] Building C object esp-idf/wpa_supplicant/CMakeFiles/__idf_wpa_supplicant.dir/src/crypto/aes-wrap.c.obj
[433/1051] Building C object esp-idf/esp_hw_support/CMakeFiles/__idf_esp_hw_support.dir/port/esp_clk_tree_common.c.obj
[396/1051] Building C object esp-idf/freertos/CMakeFiles/__idf_freertos.dir/app_startup.c.obj
[412/1051] Building CXX object esp-idf/nvs_flash/CMakeFiles/__idf_nvs_flash.dir/src/nvs_handle_simple.cpp.obj
[212/1051] Building C object esp-idf/esp_netif/CMakeFiles/__idf_esp_netif.dir/esp_netif_handlers.c.obj
[31/1051] Linking C static library esp-idf/esp_http_server/libesp_http_server.a
[434/1051] Building C object esp-idf/esp_hw_support/CMakeFiles/__idf_esp_hw_support.dir/intr_alloc.c.obj
[396/1049] Building ASM object esp-idf/freertos/CMakeFiles/__idf_freertos.dir/FreeRTOS-Kernel/portable/xtensa/portasm.S.obj
[351/1051] Building C object esp-idf/esp_timer/CMakeFiles/__idf_esp_timer.dir/src/esp_timer_init.c.obj
[213/1051] Building C object esp-idf/esp_netif/CMakeFiles/__idf_esp_netif.dir/esp_netif_objects.c.obj
[373/1051] Building C object esp-idf/esp_driver_uart/CMakeFiles/__idf_esp_driver_uart.dir/src/uart.c.obj
[413/1051] Building C object esp-idf/esp_hw_support/CMakeFiles/__idf_esp_hw_support.dir/hw_random.c.obj
[374/1051] Building C object esp-idf/pthread/CMakeFiles/__idf_pthread.dir/pthread.c.obj
[435/1051] Building C object esp-idf/esp_hw_support/CMakeFiles/__idf_esp_hw_support.dir/dma/gdma_link.c.obj
[352/1051] Building C object esp-idf/esp_driver_gptimer/CMakeFiles/__idf_esp_driver_gptimer.dir/src/gptimer_common.c.obj
[436/1051] Building C object esp-idf/esp_hw_support/CMakeFiles/__idf_esp_hw_support.dir/spi_share_hw_ctrl.c.obj
[214/1051] Building C object esp-idf/wpa_supplicant/CMakeFiles/__idf_wpa_supplicant.dir/src/crypto/des-internal.c.obj
[414/1051] Building C object esp-idf/esp_hw_support/CMakeFiles/__idf_esp_hw_support.dir/revision.c.obj
[365/1051] Building C object esp-idf/newlib/CMakeFiles/__idf_newlib.dir/src/init.c.obj
[397/1051] Building ASM object esp-idf/freertos/CMakeFiles/__idf_freertos.dir/FreeRTOS-Kernel/portable/xtensa/portasm.S.obj
[397/1049] Building C object esp-idf/freertos/CMakeFiles/__idf_freertos.dir/port_common.c.obj
[375/1051] Building C object esp-idf/newlib/CMakeFiles/__idf_newlib.dir/src/locks.c.obj
[215/1051] Building C object esp-idf/wpa_supplicant/CMakeFiles/__idf_wpa_supplicant.dir/esp_supplicant/src/esp_wpa3.c.obj
[437/1051] Building C object esp-idf/esp_hw_support/CMakeFiles/__idf_esp_hw_support.dir/sleep_event.c.obj
[376/1051] Building CXX object esp-idf/nvs_flash/CMakeFiles/__idf_nvs_flash.dir/src/nvs_item_hash_list.cpp.obj
[398/1049] Building C object esp-idf/freertos/CMakeFiles/__idf_freertos.dir/FreeRTOS-Kernel/queue.c.obj
[359/1051] Building C object esp-idf/esp_driver_uart/CMakeFiles/__idf_esp_driver_uart.dir/src/uhci.c.obj
[216/1051] Building C object esp-idf/lwip/CMakeFiles/__idf_lwip.dir/lwip/src/api/err.c.obj
[32/1051] Building C object esp-idf/esp_adc/CMakeFiles/__idf_esp_adc.dir/adc_filter.c.obj
[438/1051] Building C object esp-idf/esp_hw_support/CMakeFiles/__idf_esp_hw_support.dir/sleep_modem.c.obj
[360/1051] Building CXX object esp-idf/nvs_flash/CMakeFiles/__idf_nvs_flash.dir/src/nvs_partition.cpp.obj
[340/1051] Building C object esp-idf/esp_event/CMakeFiles/__idf_esp_event.dir/esp_event.c.obj
[377/1051] Building CXX object esp-idf/nvs_flash/CMakeFiles/__idf_nvs_flash.dir/src/nvs_api.cpp.obj
[439/1051] Building C object esp-idf/esp_hw_support/CMakeFiles/__idf_esp_hw_support.dir/port/esp32s3/systimer.c.obj
[378/1051] Building C object esp-idf/newlib/CMakeFiles/__idf_newlib.dir/src/pthread.c.obj
[341/1051] Building C object esp-idf/esp_event/CMakeFiles/__idf_esp_event.dir/esp_event_private.c.obj
[379/1051] Building C object esp-idf/newlib/CMakeFiles/__idf_newlib.dir/src/getentropy.c.obj
[353/1051] Building CXX object esp-idf/nvs_flash/CMakeFiles/__idf_nvs_flash.dir/src/nvs_partition_lookup.cpp.obj
[415/1051] Building C object esp-idf/esp_hw_support/CMakeFiles/__idf_esp_hw_support.dir/clk_ctrl_os.c.obj
[440/1051] Building C object esp-idf/esp_hw_support/CMakeFiles/__idf_esp_hw_support.dir/sar_tsens_ctrl.c.obj
[380/1051] Building C object esp-idf/newlib/CMakeFiles/__idf_newlib.dir/src/time.c.obj
[441/1051] Building C object esp-idf/esp_hw_support/CMakeFiles/__idf_esp_hw_support.dir/sleep_wake_stub.c.obj
[33/1051] Linking C static library esp-idf/esp_http_client/libesp_http_client.a
[366/1051] Building C object esp-idf/newlib/CMakeFiles/__idf_newlib.dir/src/abort.c.obj
[416/1051] Building C object esp-idf/esp_hw_support/CMakeFiles/__idf_esp_hw_support.dir/mac_addr.c.obj
[417/1051] Building C object esp-idf/esp_hw_support/CMakeFiles/__idf_esp_hw_support.dir/esp_gpio_reserve.c.obj
[418/1051] Building C object esp-idf/freertos/CMakeFiles/__idf_freertos.dir/FreeRTOS-Kernel/stream_buffer.c.obj
[399/1049] Building C object esp-idf/freertos/CMakeFiles/__idf_freertos.dir/FreeRTOS-Kernel/portable/xtensa/xtensa_init.c.obj
[217/1051] Building C object esp-idf/esp_netif/CMakeFiles/__idf_esp_netif.dir/lwip/netif/wlanif.c.obj
[419/1051] Building C object esp-idf/esp_hw_support/CMakeFiles/__idf_esp_hw_support.dir/periph_ctrl.c.obj
[367/1051] Building C object esp-idf/pthread/CMakeFiles/__idf_pthread.dir/pthread_rwlock.c.obj
[398/1051] Building C object esp-idf/freertos/CMakeFiles/__idf_freertos.dir/port_systick.c.obj
[218/1051] Building C object esp-idf/esp_netif/CMakeFiles/__idf_esp_netif.dir/lwip/esp_netif_sntp.c.obj
[368/1051] Building C object esp-idf/newlib/CMakeFiles/__idf_newlib.dir/src/assert.c.obj
[381/1051] Building C object esp-idf/newlib/CMakeFiles/__idf_newlib.dir/src/random.c.obj
[382/1051] Building CXX object esp-idf/nvs_flash/CMakeFiles/__idf_nvs_flash.dir/src/nvs_pagemanager.cpp.obj
[383/1051] Building C object esp-idf/newlib/CMakeFiles/__idf_newlib.dir/src/syscalls.c.obj
[399/1051] Building C object esp-idf/freertos/CMakeFiles/__idf_freertos.dir/FreeRTOS-Kernel/list.c.obj
[340/1051] Building C object esp-idf/esp_driver_uart/CMakeFiles/__idf_esp_driver_uart.dir/src/uart_wakeup.c.obj
[361/1051] Building C object esp-idf/esp_driver_uart/CMakeFiles/__idf_esp_driver_uart.dir/src/uart_vfs.c.obj
[400/1049] Building C object esp-idf/freertos/CMakeFiles/__idf_freertos.dir/FreeRTOS-Kernel/timers.c.obj
[400/1051] Building C object esp-idf/freertos/CMakeFiles/__idf_freertos.dir/FreeRTOS-Kernel/event_groups.c.obj
[401/1051] Building C object esp-idf/freertos/CMakeFiles/__idf_freertos.dir/FreeRTOS-Kernel/stream_buffer.c.obj
[442/1051] Building C object esp-idf/esp_hw_support/CMakeFiles/__idf_esp_hw_support.dir/sleep_console.c.obj
[384/1051] Building C object esp-idf/newlib/CMakeFiles/__idf_newlib.dir/src/realpath.c.obj
[341/1051] Building C object esp-idf/esp_event/CMakeFiles/__idf_esp_event.dir/esp_event_private.c.obj
[402/1051] Building C object esp-idf/freertos/CMakeFiles/__idf_freertos.dir/FreeRTOS-Kernel/portable/xtensa/xtensa_init.c.obj
[219/1051] Building C object esp-idf/esp_netif/CMakeFiles/__idf_esp_netif.dir/lwip/netif/ethernetif.c.obj
[385/1051] Building C object esp-idf/newlib/CMakeFiles/__idf_newlib.dir/src/scandir.c.obj
[420/1051] Building C object esp-idf/esp_hw_support/CMakeFiles/__idf_esp_hw_support.dir/cpu.c.obj
[386/1051] Building C object esp-idf/newlib/CMakeFiles/__idf_newlib.dir/src/termios.c.obj
[443/1051] Building C object esp-idf/esp_hw_support/CMakeFiles/__idf_esp_hw_support.dir/dma/esp_async_memcpy.c.obj
[220/1051] Building C object esp-idf/esp_netif/CMakeFiles/__idf_esp_netif.dir/lwip/netif/esp_pbuf_ref.c.obj
[342/1051] Building C object esp-idf/esp_driver_uart/CMakeFiles/__idf_esp_driver_uart.dir/src/uart_wakeup.c.obj
[354/1051] Building C object esp-idf/esp_timer/CMakeFiles/__idf_esp_timer.dir/src/esp_timer_impl_common.c.obj
[387/1051] Building C object esp-idf/newlib/CMakeFiles/__idf_newlib.dir/src/sysconf.c.obj
[34/1051] Building C object esp-idf/esp_driver_i2c/CMakeFiles/__idf_esp_driver_i2c.dir/i2c_common.c.obj
[221/1051] Building C object esp-idf/lwip/CMakeFiles/__idf_lwip.dir/lwip/src/api/tcpip.c.obj
[388/1051] Building C object esp-idf/newlib/CMakeFiles/__idf_newlib.dir/src/port/esp_time_impl.c.obj
[403/1051] Building C object esp-idf/esp_hw_support/CMakeFiles/__idf_esp_hw_support.dir/port/esp32s3/esp_cpu_intr.c.obj
[342/1051] Building C object esp-idf/esp_event/CMakeFiles/__idf_esp_event.dir/default_event_loop.c.obj
[389/1051] Building C object esp-idf/newlib/CMakeFiles/__idf_newlib.dir/src/flockfile.c.obj
[401/1049] Building CXX object esp-idf/nvs_flash/CMakeFiles/__idf_nvs_flash.dir/src/nvs_storage.cpp.obj
[421/1051] Building C object esp-idf/esp_hw_support/CMakeFiles/__idf_esp_hw_support.dir/esp_clk.c.obj
[362/1051] Building C object esp-idf/esp_timer/CMakeFiles/__idf_esp_timer.dir/src/esp_timer_impl_systimer.c.obj
[390/1051] Building C object esp-idf/freertos/CMakeFiles/__idf_freertos.dir/port_common.c.obj
[355/1051] Building C object esp-idf/esp_timer/CMakeFiles/__idf_esp_timer.dir/src/system_time.c.obj
[391/1051] Building C object esp-idf/newlib/CMakeFiles/__idf_newlib.dir/src/stdatomic.c.obj
[369/1051] Building C object esp-idf/newlib/CMakeFiles/__idf_newlib.dir/src/heap.c.obj
[404/1051] Building C object esp-idf/freertos/CMakeFiles/__idf_freertos.dir/FreeRTOS-Kernel/portable/xtensa/xtensa_overlay_os_hook.c.obj
[370/1051] Building C object esp-idf/newlib/CMakeFiles/__idf_newlib.dir/src/poll.c.obj
[392/1051] Building C object esp-idf/newlib/CMakeFiles/__idf_newlib.dir/src/reent_syscalls.c.obj
[444/1051] Building C object esp-idf/esp_hw_support/CMakeFiles/__idf_esp_hw_support.dir/port/esp32s3/rtc_clk_init.c.obj
[405/1051] Building C object esp-idf/freertos/CMakeFiles/__idf_freertos.dir/FreeRTOS-Kernel/timers.c.obj
[393/1051] Building C object esp-idf/freertos/CMakeFiles/__idf_freertos.dir/heap_idf.c.obj
[343/1051] Building C object esp-idf/esp_event/CMakeFiles/__idf_esp_event.dir/esp_event.c.obj
[394/1051] Building C object esp-idf/newlib/CMakeFiles/__idf_newlib.dir/src/reent_init.c.obj
[406/1051] Building C object esp-idf/freertos/CMakeFiles/__idf_freertos.dir/esp_additions/idf_additions_event_groups.c.obj
[356/1051] Building C object esp-idf/esp_driver_uart/CMakeFiles/__idf_esp_driver_uart.dir/src/uart_vfs.c.obj
[445/1051] Building C object esp-idf/esp_hw_support/CMakeFiles/__idf_esp_hw_support.dir/port/esp32s3/rtc_sleep.c.obj
[407/1051] Building C object esp-idf/esp_hw_support/CMakeFiles/__idf_esp_hw_support.dir/cpu.c.obj
[422/1051] Building C object esp-idf/esp_hw_support/CMakeFiles/__idf_esp_hw_support.dir/port/esp32s3/io_mux.c.obj
[408/1051] Building C object esp-idf/esp_hw_support/CMakeFiles/__idf_esp_hw_support.dir/esp_memory_utils.c.obj
[423/1051] Building C object esp-idf/esp_hw_support/CMakeFiles/__idf_esp_hw_support.dir/spi_bus_lock.c.obj
[344/1051] Building CXX object esp-idf/nvs_flash/CMakeFiles/__idf_nvs_flash.dir/src/nvs_handle_locked.cpp.obj
[363/1051] Building CXX object esp-idf/cxx/CMakeFiles/__idf_cxx.dir/cxx_exception_stubs.cpp.obj
[402/1049] Building C object esp-idf/esp_hw_support/CMakeFiles/__idf_esp_hw_support.dir/cpu.c.obj
[403/1049] Building C object esp-idf/freertos/CMakeFiles/__idf_freertos.dir/FreeRTOS-Kernel/portable/xtensa/xtensa_overlay_os_hook.c.obj
[35/1051] Building C object esp-idf/esp-tls/CMakeFiles/__idf_esp-tls.dir/esp_tls.c.obj
[404/1049] Building C object esp-idf/esp_hw_support/CMakeFiles/__idf_esp_hw_support.dir/esp_memory_utils.c.obj
[405/1049] Building C object esp-idf/freertos/CMakeFiles/__idf_freertos.dir/esp_additions/idf_additions_event_groups.c.obj
[371/1051] Building C object esp-idf/pthread/CMakeFiles/__idf_pthread.dir/pthread_local_storage.c.obj
[222/1051] Building C object esp-idf/esp_netif/CMakeFiles/__idf_esp_netif.dir/lwip/esp_netif_lwip_defaults.c.obj
[406/1049] Building C object esp-idf/esp_hw_support/CMakeFiles/__idf_esp_hw_support.dir/port/esp32s3/esp_cpu_intr.c.obj
[446/1051] Building C object esp-idf/esp_hw_support/CMakeFiles/__idf_esp_hw_support.dir/port/esp32s3/rtc_init.c.obj
[407/1049] Building C object esp-idf/esp_hw_support/CMakeFiles/__idf_esp_hw_support.dir/port/esp32s3/cpu_region_protect.c.obj
[424/1051] Building C object esp-idf/freertos/CMakeFiles/__idf_freertos.dir/FreeRTOS-Kernel/queue.c.obj
[372/1051] Building C object esp-idf/newlib/CMakeFiles/__idf_newlib.dir/src/locks.c.obj
[357/1051] Building C object esp-idf/esp_timer/CMakeFiles/__idf_esp_timer.dir/src/ets_timer_legacy.c.obj
[36/1051] Building C object esp-idf/tcp_transport/CMakeFiles/__idf_tcp_transport.dir/transport_ws.c.obj
[425/1051] Building C object esp-idf/esp_hw_support/CMakeFiles/__idf_esp_hw_support.dir/regi2c_ctrl.c.obj
[409/1051] Building C object esp-idf/esp_hw_support/CMakeFiles/__idf_esp_hw_support.dir/port/esp32s3/cpu_region_protect.c.obj
[358/1051] Building C object esp-idf/esp_driver_gptimer/CMakeFiles/__idf_esp_driver_gptimer.dir/src/gptimer.c.obj
[373/1051] Building C object esp-idf/pthread/CMakeFiles/__idf_pthread.dir/pthread_semaphore.c.obj
[426/1051] Building C object esp-idf/esp_hw_support/CMakeFiles/__idf_esp_hw_support.dir/port/esp32s3/esp_clk_tree.c.obj
[395/1051] Building C object esp-idf/newlib/CMakeFiles/__idf_newlib.dir/src/newlib_init.c.obj
[345/1051] Building CXX object esp-idf/nvs_flash/CMakeFiles/__idf_nvs_flash.dir/src/nvs_partition.cpp.obj
[427/1051] Building C object esp-idf/esp_hw_support/CMakeFiles/__idf_esp_hw_support.dir/clk_utils.c.obj
[447/1051] Building C object esp-idf/esp_hw_support/CMakeFiles/__idf_esp_hw_support.dir/port/esp32s3/chip_info.c.obj
[374/1051] Building C object esp-idf/newlib/CMakeFiles/__idf_newlib.dir/src/random.c.obj
[410/1051] Building CXX object esp-idf/nvs_flash/CMakeFiles/__idf_nvs_flash.dir/src/nvs_storage.cpp.obj
[223/1051] Building C object esp-idf/lwip/CMakeFiles/__idf_lwip.dir/lwip/src/api/if_api.c.obj
[428/1051] Building C object esp-idf/esp_hw_support/CMakeFiles/__idf_esp_hw_support.dir/dma/esp_dma_utils.c.obj
[364/1051] Building CXX object esp-idf/cxx/CMakeFiles/__idf_cxx.dir/cxx_init.cpp.obj
[375/1051] Building C object esp-idf/newlib/CMakeFiles/__idf_newlib.dir/src/getentropy.c.obj
[396/1051] Building C object esp-idf/freertos/CMakeFiles/__idf_freertos.dir/FreeRTOS-Kernel/list.c.obj
[359/1051] Building CXX object esp-idf/cxx/CMakeFiles/__idf_cxx.dir/cxx_init.cpp.obj
[397/1051] Building C object esp-idf/freertos/CMakeFiles/__idf_freertos.dir/FreeRTOS-Kernel/event_groups.c.obj
[411/1051] Building CXX object esp-idf/nvs_flash/CMakeFiles/__idf_nvs_flash.dir/src/nvs_handle_simple.cpp.obj
[412/1051] Building C object esp-idf/esp_hw_support/CMakeFiles/__idf_esp_hw_support.dir/hw_random.c.obj
[343/1051] Building CXX object esp-idf/nvs_flash/CMakeFiles/__idf_nvs_flash.dir/src/nvs_cxx_api.cpp.obj
[448/1051] Building C object esp-idf/esp_hw_support/CMakeFiles/__idf_esp_hw_support.dir/esp_clock_output.c.obj
[398/1051] Building ASM object esp-idf/freertos/CMakeFiles/__idf_freertos.dir/FreeRTOS-Kernel/portable/xtensa/portasm.S.obj
[37/1051] Linking C static library esp-idf/tcp_transport/libtcp_transport.a
[344/1051] Building C object esp-idf/vfs/CMakeFiles/__idf_vfs.dir/vfs.c.obj
[449/1051] Building C object esp-idf/esp_hw_support/CMakeFiles/__idf_esp_hw_support.dir/spi_bus_lock.c.obj
[408/1049] Building CXX object esp-idf/cxx/CMakeFiles/__idf_cxx.dir/cxx_guards.cpp.obj
[360/1051] Building C object esp-idf/esp_ringbuf/CMakeFiles/__idf_esp_ringbuf.dir/ringbuf.c.obj
[413/1051] Building C object esp-idf/esp_hw_support/CMakeFiles/__idf_esp_hw_support.dir/revision.c.obj
[365/1051] Building C object esp-idf/newlib/CMakeFiles/__idf_newlib.dir/src/init.c.obj
-- Compiler supported targets: xtensa-esp-elf
[409/1049] Building C object esp-idf/freertos/CMakeFiles/__idf_freertos.dir/esp_additions/idf_additions.c.obj
[414/1051] Building C object esp-idf/esp_hw_support/CMakeFiles/__idf_esp_hw_support.dir/mac_addr.c.obj
[429/1051] Building C object esp-idf/esp_hw_support/CMakeFiles/__idf_esp_hw_support.dir/intr_alloc.c.obj
[346/1051] Building C object esp-idf/esp_driver_uart/CMakeFiles/__idf_esp_driver_uart.dir/src/uart_vfs.c.obj
[376/1051] Building CXX object esp-idf/nvs_flash/CMakeFiles/__idf_nvs_flash.dir/src/nvs_cxx_api.cpp.obj
[224/1051] Building C object esp-idf/lwip/CMakeFiles/__idf_lwip.dir/lwip/src/api/netifapi.c.obj
[430/1051] Building C object esp-idf/esp_hw_support/CMakeFiles/__idf_esp_hw_support.dir/sleep_usb.c.obj
[415/1051] Building C object esp-idf/esp_hw_support/CMakeFiles/__idf_esp_hw_support.dir/esp_gpio_reserve.c.obj
[38/1051] Linking C static library esp-idf/esp_adc/libesp_adc.a
[431/1051] Building C object esp-idf/esp_hw_support/CMakeFiles/__idf_esp_hw_support.dir/dma/gdma_link.c.obj
[366/1051] Building C object esp-idf/pthread/CMakeFiles/__idf_pthread.dir/pthread_rwlock.c.obj
[416/1051] Building C object esp-idf/esp_hw_support/CMakeFiles/__idf_esp_hw_support.dir/esp_clk.c.obj
[450/1051] Building C object esp-idf/esp_hw_support/CMakeFiles/__idf_esp_hw_support.dir/mspi_timing_tuning/mspi_timing_tuning.c.obj
[377/1051] Building C object esp-idf/newlib/CMakeFiles/__idf_newlib.dir/src/pthread.c.obj
[225/1051] Building C object esp-idf/lwip/CMakeFiles/__idf_lwip.dir/lwip/src/api/netbuf.c.obj
[410/1049] Building C object esp-idf/esp_hw_support/CMakeFiles/__idf_esp_hw_support.dir/revision.c.obj
[399/1051] Building C object esp-idf/freertos/CMakeFiles/__idf_freertos.dir/FreeRTOS-Kernel/portable/xtensa/xtensa_init.c.obj
[226/1051] Building C object esp-idf/lwip/CMakeFiles/__idf_lwip.dir/lwip/src/apps/sntp/sntp.c.obj
[367/1051] Building C object esp-idf/pthread/CMakeFiles/__idf_pthread.dir/pthread_local_storage.c.obj
[39/1051] Building C object esp-idf/driver/CMakeFiles/__idf_driver.dir/touch_sensor/touch_sensor_common.c.obj
[411/1049] Building C object esp-idf/freertos/CMakeFiles/__idf_freertos.dir/FreeRTOS-Kernel/event_groups.c.obj
[400/1051] Building C object esp-idf/freertos/CMakeFiles/__idf_freertos.dir/app_startup.c.obj
[417/1051] Building C object esp-idf/esp_hw_support/CMakeFiles/__idf_esp_hw_support.dir/clk_ctrl_os.c.obj
[432/1051] Building C object esp-idf/esp_hw_support/CMakeFiles/__idf_esp_hw_support.dir/port/esp_clk_tree_common.c.obj
[412/1049] Building C object esp-idf/freertos/CMakeFiles/__idf_freertos.dir/FreeRTOS-Kernel/stream_buffer.c.obj
[418/1051] Building C object esp-idf/esp_hw_support/CMakeFiles/__idf_esp_hw_support.dir/rtc_module.c.obj
[413/1049] Building C object esp-idf/esp_hw_support/CMakeFiles/__idf_esp_hw_support.dir/hw_random.c.obj
[227/1051] Building C object esp-idf/lwip/CMakeFiles/__idf_lwip.dir/lwip/src/apps/netbiosns/netbiosns.c.obj
[347/1051] Building CXX object esp-idf/nvs_flash/CMakeFiles/__idf_nvs_flash.dir/src/nvs_pagemanager.cpp.obj
[401/1051] Building C object esp-idf/freertos/CMakeFiles/__idf_freertos.dir/port_systick.c.obj
[40/1051] Building C object esp-idf/driver/CMakeFiles/__idf_driver.dir/i2c/i2c.c.obj
[433/1051] Building C object esp-idf/esp_hw_support/CMakeFiles/__idf_esp_hw_support.dir/rtc_module.c.obj
[368/1051] Building C object esp-idf/pthread/CMakeFiles/__idf_pthread.dir/pthread_cond_var.c.obj
[345/1051] Linking C static library esp-idf/vfs/libvfs.a
[228/1051] Building C object esp-idf/lwip/CMakeFiles/__idf_lwip.dir/lwip/src/core/ip.c.obj
[451/1051] Building CXX object esp-idf/nvs_flash/CMakeFiles/__idf_nvs_flash.dir/src/nvs_storage.cpp.obj
[414/1049] Building C object esp-idf/esp_hw_support/CMakeFiles/__idf_esp_hw_support.dir/mac_addr.c.obj
[229/1051] Building C object esp-idf/lwip/CMakeFiles/__idf_lwip.dir/apps/sntp/sntp.c.obj
[369/1051] Building C object esp-idf/pthread/CMakeFiles/__idf_pthread.dir/pthread.c.obj
[419/1051] Building C object esp-idf/esp_hw_support/CMakeFiles/__idf_esp_hw_support.dir/intr_alloc.c.obj
[361/1051] Building C object esp-idf/esp_timer/CMakeFiles/__idf_esp_timer.dir/src/esp_timer_impl_systimer.c.obj
[415/1049] Building C object esp-idf/esp_hw_support/CMakeFiles/__idf_esp_hw_support.dir/clk_ctrl_os.c.obj
[378/1051] Building C object esp-idf/newlib/CMakeFiles/__idf_newlib.dir/src/sysconf.c.obj
[452/1051] Building C object esp-idf/esp_hw_support/CMakeFiles/__idf_esp_hw_support.dir/sleep_gpio.c.obj
[420/1051] Building C object esp-idf/freertos/CMakeFiles/__idf_freertos.dir/esp_additions/idf_additions.c.obj
[362/1051] Building CXX object esp-idf/cxx/CMakeFiles/__idf_cxx.dir/cxx_exception_stubs.cpp.obj
[416/1049] Building C object esp-idf/freertos/CMakeFiles/__idf_freertos.dir/FreeRTOS-Kernel/portable/xtensa/port.c.obj
[379/1051] Building C object esp-idf/newlib/CMakeFiles/__idf_newlib.dir/src/termios.c.obj
[421/1051] Building C object esp-idf/freertos/CMakeFiles/__idf_freertos.dir/FreeRTOS-Kernel/tasks.c.obj
[417/1049] Building C object esp-idf/esp_hw_support/CMakeFiles/__idf_esp_hw_support.dir/esp_gpio_reserve.c.obj
[453/1051] Building C object esp-idf/esp_hw_support/CMakeFiles/__idf_esp_hw_support.dir/adc_share_hw_ctrl.c.obj
[363/1051] Building C object esp-idf/esp_timer/CMakeFiles/__idf_esp_timer.dir/src/esp_timer.c.obj
[454/1051] Building C object esp-idf/esp_hw_support/CMakeFiles/__idf_esp_hw_support.dir/power_supply/brownout.c.obj
[402/1051] Building C object esp-idf/freertos/CMakeFiles/__idf_freertos.dir/FreeRTOS-Kernel/portable/xtensa/port.c.obj
[348/1051] Building C object esp-idf/esp_driver_gptimer/CMakeFiles/__idf_esp_driver_gptimer.dir/src/gptimer_common.c.obj
[364/1051] Building CXX object esp-idf/cxx/CMakeFiles/__idf_cxx.dir/cxx_guards.cpp.obj
[422/1051] Building C object esp-idf/esp_hw_support/CMakeFiles/__idf_esp_hw_support.dir/periph_ctrl.c.obj
[349/1051] Building CXX object esp-idf/nvs_flash/CMakeFiles/__idf_nvs_flash.dir/src/nvs_partition_lookup.cpp.obj
[423/1051] Building C object esp-idf/esp_hw_support/CMakeFiles/__idf_esp_hw_support.dir/dma/gdma_link.c.obj
[455/1051] Building C object esp-idf/esp_hw_support/CMakeFiles/__idf_esp_hw_support.dir/port/esp32s3/rtc_time.c.obj
[456/1051] Building C object esp-idf/soc/CMakeFiles/__idf_soc.dir/lldesc.c.obj
[350/1051] Building C object esp-idf/vfs/CMakeFiles/__idf_vfs.dir/vfs.c.obj
[370/1051] Building C object esp-idf/newlib/CMakeFiles/__idf_newlib.dir/src/assert.c.obj
[403/1051] Building C object esp-idf/freertos/CMakeFiles/__idf_freertos.dir/FreeRTOS-Kernel/queue.c.obj
[424/1051] Building C object esp-idf/esp_hw_support/CMakeFiles/__idf_esp_hw_support.dir/dma/esp_dma_utils.c.obj
[380/1051] Building C object esp-idf/newlib/CMakeFiles/__idf_newlib.dir/src/realpath.c.obj
[346/1051] Linking C static library esp-idf/esp_vfs_console/libesp_vfs_console.a
[371/1051] Building C object esp-idf/newlib/CMakeFiles/__idf_newlib.dir/src/abort.c.obj
[434/1051] Building C object esp-idf/esp_hw_support/CMakeFiles/__idf_esp_hw_support.dir/sleep_modem.c.obj
[404/1051] Building C object esp-idf/freertos/CMakeFiles/__idf_freertos.dir/FreeRTOS-Kernel/stream_buffer.c.obj
[457/1051] Building C object esp-idf/soc/CMakeFiles/__idf_soc.dir/dport_access_common.c.obj
[418/1049] Building C object esp-idf/esp_hw_support/CMakeFiles/__idf_esp_hw_support.dir/dma/esp_dma_utils.c.obj
[405/1051] Building C object esp-idf/freertos/CMakeFiles/__idf_freertos.dir/FreeRTOS-Kernel/portable/xtensa/xtensa_overlay_os_hook.c.obj
[372/1051] Building C object esp-idf/newlib/CMakeFiles/__idf_newlib.dir/src/heap.c.obj
[381/1051] Building C object esp-idf/newlib/CMakeFiles/__idf_newlib.dir/src/scandir.c.obj
[419/1049] Building C object esp-idf/esp_hw_support/CMakeFiles/__idf_esp_hw_support.dir/esp_clk.c.obj
[230/1051] Building C object esp-idf/wpa_supplicant/CMakeFiles/__idf_wpa_supplicant.dir/src/rsn_supp/wpa.c.obj
[41/1051] Building C object esp-idf/esp_driver_twai/CMakeFiles/__idf_esp_driver_twai.dir/esp_twai.c.obj
[458/1051] Building C object esp-idf/soc/CMakeFiles/__idf_soc.dir/esp32s3/gpio_periph.c.obj
[406/1051] Building C object esp-idf/esp_hw_support/CMakeFiles/__idf_esp_hw_support.dir/port/esp32s3/esp_cpu_intr.c.obj
[365/1051] Building C object esp-idf/pthread/CMakeFiles/__idf_pthread.dir/pthread_semaphore.c.obj
-- ELF_LOADER: 1.1.1
[435/1051] Building C object esp-idf/esp_hw_support/CMakeFiles/__idf_esp_hw_support.dir/sleep_console.c.obj
[382/1051] Building C object esp-idf/newlib/CMakeFiles/__idf_newlib.dir/src/reent_syscalls.c.obj
[373/1051] Building C object esp-idf/newlib/CMakeFiles/__idf_newlib.dir/src/random.c.obj
[351/1051] Building C object esp-idf/esp_timer/CMakeFiles/__idf_esp_timer.dir/src/system_time.c.obj
[42/1051] Building C object esp-idf/esp_driver_sdm/CMakeFiles/__idf_esp_driver_sdm.dir/src/sdm.c.obj
[459/1051] Building C object esp-idf/soc/CMakeFiles/__idf_soc.dir/esp32s3/adc_periph.c.obj
[407/1051] Building C object esp-idf/freertos/CMakeFiles/__idf_freertos.dir/esp_additions/idf_additions_event_groups.c.obj
[436/1051] Building C object esp-idf/esp_hw_support/CMakeFiles/__idf_esp_hw_support.dir/port/esp32s3/systimer.c.obj
[43/1051] Building C object esp-idf/esp_driver_i2c/CMakeFiles/__idf_esp_driver_i2c.dir/i2c_slave.c.obj
[460/1051] Building C object esp-idf/soc/CMakeFiles/__idf_soc.dir/esp32s3/interrupts.c.obj
[352/1051] Building C object esp-idf/esp_timer/CMakeFiles/__idf_esp_timer.dir/src/esp_timer_impl_common.c.obj
[383/1051] Building C object esp-idf/pthread/CMakeFiles/__idf_pthread.dir/pthread.c.obj
[437/1051] Building C object esp-idf/esp_hw_support/CMakeFiles/__idf_esp_hw_support.dir/spi_share_hw_ctrl.c.obj
[461/1051] Building C object esp-idf/esp_hw_support/CMakeFiles/__idf_esp_hw_support.dir/mspi_timing_tuning/port/esp32s3/mspi_timing_config.c.obj
[353/1051] Linking C static library esp-idf/vfs/libvfs.a
[425/1051] Building C object esp-idf/esp_hw_support/CMakeFiles/__idf_esp_hw_support.dir/port/esp32s3/esp_clk_tree.c.obj
[462/1051] Building C object esp-idf/soc/CMakeFiles/__idf_soc.dir/esp32s3/dedic_gpio_periph.c.obj
[438/1051] Building C object esp-idf/esp_hw_support/CMakeFiles/__idf_esp_hw_support.dir/usb_phy/usb_phy.c.obj
[374/1051] Building C object esp-idf/newlib/CMakeFiles/__idf_newlib.dir/src/poll.c.obj
[384/1051] Building C object esp-idf/newlib/CMakeFiles/__idf_newlib.dir/src/flockfile.c.obj
[439/1051] Building C object esp-idf/esp_hw_support/CMakeFiles/__idf_esp_hw_support.dir/sleep_event.c.obj
[463/1051] Building C object esp-idf/esp_hw_support/CMakeFiles/__idf_esp_hw_support.dir/port/esp32s3/rtc_clk.c.obj
[420/1049] Building C object esp-idf/esp_hw_support/CMakeFiles/__idf_esp_hw_support.dir/clk_utils.c.obj
[385/1051] Building C object esp-idf/newlib/CMakeFiles/__idf_newlib.dir/src/port/esp_time_impl.c.obj
[231/1051] Building C object esp-idf/lwip/CMakeFiles/__idf_lwip.dir/lwip/src/core/init.c.obj
[464/1051] Building C object esp-idf/soc/CMakeFiles/__idf_soc.dir/esp32s3/gdma_periph.c.obj
[375/1051] Building C object esp-idf/newlib/CMakeFiles/__idf_newlib.dir/src/pthread.c.obj
[354/1051] Building C object esp-idf/esp_timer/CMakeFiles/__idf_esp_timer.dir/src/esp_timer_init.c.obj
[440/1051] Building CXX object esp-idf/nvs_flash/CMakeFiles/__idf_nvs_flash.dir/src/nvs_partition_manager.cpp.obj
[408/1051] Building C object esp-idf/esp_hw_support/CMakeFiles/__idf_esp_hw_support.dir/esp_memory_utils.c.obj
[465/1051] Building C object esp-idf/esp_hw_support/CMakeFiles/__idf_esp_hw_support.dir/port/esp_memprot_conv.c.obj
[347/1051] Linking C static library esp-idf/esp_driver_usb_serial_jtag/libesp_driver_usb_serial_jtag.a
[386/1051] Building CXX object esp-idf/nvs_flash/CMakeFiles/__idf_nvs_flash.dir/src/nvs_partition_manager.cpp.obj
[366/1051] Building C object esp-idf/pthread/CMakeFiles/__idf_pthread.dir/pthread_local_storage.c.obj
[441/1051] Building C object esp-idf/esp_hw_support/CMakeFiles/__idf_esp_hw_support.dir/dma/esp_async_memcpy.c.obj
[409/1051] Building C object esp-idf/freertos/CMakeFiles/__idf_freertos.dir/FreeRTOS-Kernel/timers.c.obj
[387/1051] Building C object esp-idf/newlib/CMakeFiles/__idf_newlib.dir/src/reent_init.c.obj
[442/1051] Building C object esp-idf/esp_hw_support/CMakeFiles/__idf_esp_hw_support.dir/sar_tsens_ctrl.c.obj
[44/1051] Building C object esp-idf/esp_driver_tsens/CMakeFiles/__idf_esp_driver_tsens.dir/src/temperature_sensor.c.obj
[421/1049] Building C object esp-idf/esp_hw_support/CMakeFiles/__idf_esp_hw_support.dir/port/esp32s3/esp_clk_tree.c.obj
[466/1051] Building C object esp-idf/soc/CMakeFiles/__idf_soc.dir/esp32s3/pcnt_periph.c.obj
[232/1051] Building C object esp-idf/lwip/CMakeFiles/__idf_lwip.dir/lwip/src/core/stats.c.obj
[233/1051] Building C object esp-idf/lwip/CMakeFiles/__idf_lwip.dir/lwip/src/core/raw.c.obj
[45/1051] Building C object esp-idf/esp_driver_i2c/CMakeFiles/__idf_esp_driver_i2c.dir/i2c_master.c.obj
[467/1051] Building C object esp-idf/esp_hw_support/CMakeFiles/__idf_esp_hw_support.dir/port/esp32s3/sar_periph_ctrl.c.obj
[388/1051] Building C object esp-idf/newlib/CMakeFiles/__idf_newlib.dir/src/syscalls.c.obj
[410/1051] Building C object esp-idf/esp_hw_support/CMakeFiles/__idf_esp_hw_support.dir/port/esp32s3/cpu_region_protect.c.obj
[46/1051] Building C object esp-idf/esp_driver_sdspi/CMakeFiles/__idf_esp_driver_sdspi.dir/src/sdspi_crc.c.obj
[426/1051] Building C object esp-idf/esp_driver_uart/CMakeFiles/__idf_esp_driver_uart.dir/src/uart.c.obj
[367/1051] Building C object esp-idf/newlib/CMakeFiles/__idf_newlib.dir/src/init.c.obj
[468/1051] Building C object esp-idf/soc/CMakeFiles/__idf_soc.dir/esp32s3/sdm_periph.c.obj
[469/1051] Building C object esp-idf/soc/CMakeFiles/__idf_soc.dir/esp32s3/uart_periph.c.obj
[389/1051] Building C object esp-idf/freertos/CMakeFiles/__idf_freertos.dir/port_common.c.obj
[427/1051] Building C object esp-idf/esp_hw_support/CMakeFiles/__idf_esp_hw_support.dir/regi2c_ctrl.c.obj
[234/1051] Building C object esp-idf/lwip/CMakeFiles/__idf_lwip.dir/lwip/src/core/def.c.obj
[47/1051] Building C object esp-idf/esp_driver_rmt/CMakeFiles/__idf_esp_driver_rmt.dir/src/rmt_encoder_simple.c.obj
[376/1051] Building C object esp-idf/pthread/CMakeFiles/__idf_pthread.dir/pthread_semaphore.c.obj
[355/1051] Linking C static library esp-idf/esp_vfs_console/libesp_vfs_console.a
[470/1051] Building C object esp-idf/esp_hw_support/CMakeFiles/__idf_esp_hw_support.dir/mspi_timing_tuning/port/esp32s3/mspi_timing_by_mspi_delay.c.obj
[235/1051] Building C object esp-idf/wpa_supplicant/CMakeFiles/__idf_wpa_supplicant.dir/esp_supplicant/src/crypto/crypto_mbedtls-ec.c.obj
[471/1051] Building C object esp-idf/soc/CMakeFiles/__idf_soc.dir/esp32s3/rmt_periph.c.obj
[348/1051] Linking C static library esp-idf/esp_phy/libesp_phy.a
[472/1051] Building C object esp-idf/esp_hw_support/CMakeFiles/__idf_esp_hw_support.dir/dma/async_memcpy_gdma.c.obj
[443/1051] Building C object esp-idf/esp_hw_support/CMakeFiles/__idf_esp_hw_support.dir/port/esp32s3/rtc_clk.c.obj
[236/1051] Building C object esp-idf/lwip/CMakeFiles/__idf_lwip.dir/lwip/src/core/mem.c.obj
[422/1049] Building C object esp-idf/esp_hw_support/CMakeFiles/__idf_esp_hw_support.dir/port/esp_clk_tree_common.c.obj
[428/1051] Building C object esp-idf/esp_hw_support/CMakeFiles/__idf_esp_hw_support.dir/clk_utils.c.obj
[411/1051] Building CXX object esp-idf/cxx/CMakeFiles/__idf_cxx.dir/cxx_guards.cpp.obj
[429/1051] Building C object esp-idf/freertos/CMakeFiles/__idf_freertos.dir/FreeRTOS-Kernel/queue.c.obj
[237/1051] Building C object esp-idf/lwip/CMakeFiles/__idf_lwip.dir/lwip/src/api/netdb.c.obj
[377/1051] Building C object esp-idf/newlib/CMakeFiles/__idf_newlib.dir/src/getentropy.c.obj
[473/1051] Building C object esp-idf/soc/CMakeFiles/__idf_soc.dir/esp32s3/i2s_periph.c.obj
[430/1051] Building C object esp-idf/freertos/CMakeFiles/__idf_freertos.dir/FreeRTOS-Kernel/portable/xtensa/port.c.obj
[412/1051] Building C object esp-idf/esp_hw_support/CMakeFiles/__idf_esp_hw_support.dir/cpu.c.obj
[349/1051] Building C object esp-idf/esp_driver_uart/CMakeFiles/__idf_esp_driver_uart.dir/src/uart_vfs.c.obj
[368/1051] Building C object esp-idf/newlib/CMakeFiles/__idf_newlib.dir/src/abort.c.obj
[369/1051] Building C object esp-idf/pthread/CMakeFiles/__idf_pthread.dir/pthread.c.obj
[474/1051] Building C object esp-idf/soc/CMakeFiles/__idf_soc.dir/esp32s3/spi_periph.c.obj
[475/1051] Building C object esp-idf/soc/CMakeFiles/__idf_soc.dir/esp32s3/ledc_periph.c.obj
[378/1051] Building C object esp-idf/newlib/CMakeFiles/__idf_newlib.dir/src/realpath.c.obj
[370/1051] Building C object esp-idf/newlib/CMakeFiles/__idf_newlib.dir/src/heap.c.obj
[238/1051] Building C object esp-idf/lwip/CMakeFiles/__idf_lwip.dir/lwip/src/core/pbuf.c.obj
[476/1051] Building C object esp-idf/soc/CMakeFiles/__idf_soc.dir/esp32s3/i2c_periph.c.obj
[350/1051] Building C object esp-idf/esp_driver_uart/CMakeFiles/__idf_esp_driver_uart.dir/src/uhci.c.obj
[413/1051] Building C object esp-idf/esp_hw_support/CMakeFiles/__idf_esp_hw_support.dir/revision.c.obj
[431/1051] Building C object esp-idf/esp_hw_support/CMakeFiles/__idf_esp_hw_support.dir/port/esp32s3/io_mux.c.obj
[477/1051] Building CXX object esp-idf/nvs_flash/CMakeFiles/__idf_nvs_flash.dir/src/nvs_page.cpp.obj
[390/1051] Building C object esp-idf/newlib/CMakeFiles/__idf_newlib.dir/src/time.c.obj
[423/1049] Building C object esp-idf/esp_hw_support/CMakeFiles/__idf_esp_hw_support.dir/rtc_module.c.obj
[356/1051] Building C object esp-idf/esp_timer/CMakeFiles/__idf_esp_timer.dir/src/ets_timer_legacy.c.obj
[379/1051] Building C object esp-idf/newlib/CMakeFiles/__idf_newlib.dir/src/termios.c.obj
[444/1051] Building C object esp-idf/esp_hw_support/CMakeFiles/__idf_esp_hw_support.dir/power_supply/brownout.c.obj
[239/1051] Building C object esp-idf/lwip/CMakeFiles/__idf_lwip.dir/lwip/src/core/memp.c.obj
[357/1051] Linking C static library esp-idf/esp_driver_usb_serial_jtag/libesp_driver_usb_serial_jtag.a
[432/1051] Building C object esp-idf/esp_hw_support/CMakeFiles/__idf_esp_hw_support.dir/port/esp_clk_tree_common.c.obj
[391/1051] Building C object esp-idf/freertos/CMakeFiles/__idf_freertos.dir/heap_idf.c.obj
[424/1049] Building C object esp-idf/esp_hw_support/CMakeFiles/__idf_esp_hw_support.dir/regi2c_ctrl.c.obj
[240/1051] Building C object esp-idf/lwip/CMakeFiles/__idf_lwip.dir/lwip/src/core/ipv4/autoip.c.obj
[478/1051] Building C object esp-idf/soc/CMakeFiles/__idf_soc.dir/esp32s3/lcd_periph.c.obj
[433/1051] Building C object esp-idf/esp_hw_support/CMakeFiles/__idf_esp_hw_support.dir/sleep_usb.c.obj
[414/1051] Building C object esp-idf/esp_hw_support/CMakeFiles/__idf_esp_hw_support.dir/esp_gpio_reserve.c.obj
[479/1051] Building C object esp-idf/soc/CMakeFiles/__idf_soc.dir/esp32s3/sdmmc_periph.c.obj
[358/1051] Building C object esp-idf/esp_timer/CMakeFiles/__idf_esp_timer.dir/src/esp_timer.c.obj
[445/1051] Building C object esp-idf/esp_hw_support/CMakeFiles/__idf_esp_hw_support.dir/sleep_gpio.c.obj
[480/1051] Building C object esp-idf/soc/CMakeFiles/__idf_soc.dir/esp32s3/twai_periph.c.obj
[371/1051] Building C object esp-idf/pthread/CMakeFiles/__idf_pthread.dir/pthread_cond_var.c.obj
[481/1051] Building C object esp-idf/esp_hw_support/CMakeFiles/__idf_esp_hw_support.dir/lowpower/port/esp32s3/sleep_cpu.c.obj
[415/1051] Building C object esp-idf/esp_hw_support/CMakeFiles/__idf_esp_hw_support.dir/hw_random.c.obj
[482/1051] Building C object esp-idf/soc/CMakeFiles/__idf_soc.dir/esp32s3/temperature_sensor_periph.c.obj
[351/1051] Building C object esp-idf/esp_timer/CMakeFiles/__idf_esp_timer.dir/src/esp_timer_init.c.obj
[483/1051] Building C object esp-idf/soc/CMakeFiles/__idf_soc.dir/esp32s3/touch_sensor_periph.c.obj
[372/1051] Building C object esp-idf/newlib/CMakeFiles/__idf_newlib.dir/src/assert.c.obj
[380/1051] Building C object esp-idf/newlib/CMakeFiles/__idf_newlib.dir/src/sysconf.c.obj
[373/1051] Building C object esp-idf/newlib/CMakeFiles/__idf_newlib.dir/src/random.c.obj
[416/1051] Building C object esp-idf/freertos/CMakeFiles/__idf_freertos.dir/esp_additions/idf_additions.c.obj
[484/1051] Building C object esp-idf/soc/CMakeFiles/__idf_soc.dir/esp32s3/timer_periph.c.obj
[241/1051] Building C object esp-idf/lwip/CMakeFiles/__idf_lwip.dir/lwip/src/core/timeouts.c.obj
[446/1051] Building C object esp-idf/esp_hw_support/CMakeFiles/__idf_esp_hw_support.dir/adc_share_hw_ctrl.c.obj
[352/1051] Building CXX object esp-idf/nvs_flash/CMakeFiles/__idf_nvs_flash.dir/src/nvs_partition.cpp.obj
[485/1051] Building C object esp-idf/soc/CMakeFiles/__idf_soc.dir/esp32s3/mcpwm_periph.c.obj
[359/1051] Building CXX object esp-idf/cxx/CMakeFiles/__idf_cxx.dir/cxx_init.cpp.obj
[48/1051] Building C object esp-idf/esp_driver_twai/CMakeFiles/__idf_esp_driver_twai.dir/esp_twai_onchip.c.obj
[486/1051] Building C object esp-idf/soc/CMakeFiles/__idf_soc.dir/esp32s3/wdt_periph.c.obj
[242/1051] Building C object esp-idf/lwip/CMakeFiles/__idf_lwip.dir/lwip/src/api/api_lib.c.obj
[447/1051] Building C object esp-idf/esp_hw_support/CMakeFiles/__idf_esp_hw_support.dir/port/esp32s3/rtc_clk_init.c.obj
[381/1051] Building C object esp-idf/newlib/CMakeFiles/__idf_newlib.dir/src/locks.c.obj
[243/1051] Building C object esp-idf/lwip/CMakeFiles/__idf_lwip.dir/lwip/src/core/inet_chksum.c.obj
[360/1051] Linking C static library esp-idf/esp_phy/libesp_phy.a
[487/1051] Building C object esp-idf/soc/CMakeFiles/__idf_soc.dir/esp32s3/usb_dwc_periph.c.obj
[392/1051] Building C object esp-idf/newlib/CMakeFiles/__idf_newlib.dir/src/newlib_init.c.obj
[434/1051] Building C object esp-idf/esp_hw_support/CMakeFiles/__idf_esp_hw_support.dir/sleep_gpio.c.obj
[417/1051] Building CXX object esp-idf/nvs_flash/CMakeFiles/__idf_nvs_flash.dir/src/nvs_cxx_api.cpp.obj
[488/1051] Building C object esp-idf/freertos/CMakeFiles/__idf_freertos.dir/FreeRTOS-Kernel/tasks.c.obj
[374/1051] Building C object esp-idf/newlib/CMakeFiles/__idf_newlib.dir/src/pthread.c.obj
[49/1051] Building C object esp-idf/esp_driver_rmt/CMakeFiles/__idf_esp_driver_rmt.dir/src/rmt_common.c.obj
[393/1051] Building C object esp-idf/newlib/CMakeFiles/__idf_newlib.dir/src/stdatomic.c.obj
[435/1051] Building C object esp-idf/esp_hw_support/CMakeFiles/__idf_esp_hw_support.dir/sar_tsens_ctrl.c.obj
[244/1051] Building C object esp-idf/lwip/CMakeFiles/__idf_lwip.dir/lwip/src/core/sys.c.obj
[489/1051] Building C object esp-idf/soc/CMakeFiles/__idf_soc.dir/esp32s3/mpi_periph.c.obj
[490/1051] Building C object esp-idf/soc/CMakeFiles/__idf_soc.dir/esp32s3/rtc_io_periph.c.obj
[375/1051] Building C object esp-idf/newlib/CMakeFiles/__idf_newlib.dir/src/getentropy.c.obj
[436/1051] Building C object esp-idf/esp_hw_support/CMakeFiles/__idf_esp_hw_support.dir/sleep_console.c.obj
[491/1051] Building C object esp-idf/soc/CMakeFiles/__idf_soc.dir/esp32s3/cam_periph.c.obj
[418/1051] Building C object esp-idf/esp_hw_support/CMakeFiles/__idf_esp_hw_support.dir/esp_clk.c.obj
[437/1051] Building CXX object esp-idf/nvs_flash/CMakeFiles/__idf_nvs_flash.dir/src/nvs_pagemanager.cpp.obj
[50/1051] Building C object esp-idf/driver/CMakeFiles/__idf_driver.dir/twai/twai.c.obj
[376/1051] Building C object esp-idf/newlib/CMakeFiles/__idf_newlib.dir/src/poll.c.obj
[394/1051] Building C object esp-idf/freertos/CMakeFiles/__idf_freertos.dir/FreeRTOS-Kernel/queue.c.obj
[492/1051] Building C object esp-idf/soc/CMakeFiles/__idf_soc.dir/esp32s3/power_supply_periph.c.obj
[438/1051] Building C object esp-idf/esp_hw_support/CMakeFiles/__idf_esp_hw_support.dir/usb_phy/usb_phy.c.obj
[361/1051] Building C object esp-idf/esp_driver_uart/CMakeFiles/__idf_esp_driver_uart.dir/src/uhci.c.obj
[382/1051] Building C object esp-idf/newlib/CMakeFiles/__idf_newlib.dir/src/time.c.obj
[419/1051] Building C object esp-idf/esp_hw_support/CMakeFiles/__idf_esp_hw_support.dir/mac_addr.c.obj
[395/1051] Building C object esp-idf/freertos/CMakeFiles/__idf_freertos.dir/FreeRTOS-Kernel/list.c.obj
[51/1051] Building C object esp-idf/esp_driver_rmt/CMakeFiles/__idf_esp_driver_rmt.dir/src/rmt_encoder_bytes.c.obj
[383/1051] Building C object esp-idf/newlib/CMakeFiles/__idf_newlib.dir/src/syscalls.c.obj
[448/1051] Building C object esp-idf/esp_hw_support/CMakeFiles/__idf_esp_hw_support.dir/port/esp32s3/chip_info.c.obj
[425/1049] Building C object esp-idf/esp_hw_support/CMakeFiles/__idf_esp_hw_support.dir/sar_tsens_ctrl.c.obj
[426/1049] Building C object esp-idf/esp_hw_support/CMakeFiles/__idf_esp_hw_support.dir/periph_ctrl.c.obj
[384/1051] Building C object esp-idf/newlib/CMakeFiles/__idf_newlib.dir/src/flockfile.c.obj
[439/1051] Building C object esp-idf/esp_hw_support/CMakeFiles/__idf_esp_hw_support.dir/port/esp32s3/systimer.c.obj
[449/1051] Building C object esp-idf/esp_hw_support/CMakeFiles/__idf_esp_hw_support.dir/port/esp32s3/rtc_sleep.c.obj
[420/1051] Building C object esp-idf/esp_hw_support/CMakeFiles/__idf_esp_hw_support.dir/clk_ctrl_os.c.obj
[427/1049] Building C object esp-idf/esp_hw_support/CMakeFiles/__idf_esp_hw_support.dir/port/esp32s3/io_mux.c.obj
[450/1051] Building C object esp-idf/esp_hw_support/CMakeFiles/__idf_esp_hw_support.dir/esp_clock_output.c.obj
[493/1051] Building C object esp-idf/log/CMakeFiles/__idf_log.dir/src/os/log_timestamp.c.obj
[428/1049] Building CXX object esp-idf/nvs_flash/CMakeFiles/__idf_nvs_flash.dir/src/nvs_types.cpp.obj
[440/1051] Building C object esp-idf/esp_hw_support/CMakeFiles/__idf_esp_hw_support.dir/sleep_wake_stub.c.obj
[494/1051] Building C object esp-idf/log/CMakeFiles/__idf_log.dir/src/util.c.obj
[385/1051] Building C object esp-idf/newlib/CMakeFiles/__idf_newlib.dir/src/reent_init.c.obj
[441/1051] Building C object esp-idf/esp_hw_support/CMakeFiles/__idf_esp_hw_support.dir/sleep_event.c.obj
[451/1051] Building C object esp-idf/esp_hw_support/CMakeFiles/__idf_esp_hw_support.dir/port/esp_memprot_conv.c.obj
[495/1051] Building C object esp-idf/heap/CMakeFiles/__idf_heap.dir/port/esp32s3/memory_layout.c.obj
[377/1051] Building C object esp-idf/newlib/CMakeFiles/__idf_newlib.dir/src/locks.c.obj
[386/1051] Building C object esp-idf/newlib/CMakeFiles/__idf_newlib.dir/src/scandir.c.obj
[396/1051] Building CXX object esp-idf/nvs_flash/CMakeFiles/__idf_nvs_flash.dir/src/nvs_pagemanager.cpp.obj
[442/1051] Building C object esp-idf/esp_hw_support/CMakeFiles/__idf_esp_hw_support.dir/sleep_modem.c.obj
[245/1051] Building C object esp-idf/lwip/CMakeFiles/__idf_lwip.dir/lwip/src/core/ipv4/igmp.c.obj
[421/1051] Building C object esp-idf/esp_hw_support/CMakeFiles/__idf_esp_hw_support.dir/regi2c_ctrl.c.obj
[362/1051] Building C object esp-idf/pthread/CMakeFiles/__idf_pthread.dir/pthread_cond_var.c.obj
[452/1051] Building C object esp-idf/esp_hw_support/CMakeFiles/__idf_esp_hw_support.dir/port/esp32s3/rtc_init.c.obj
[52/1051] Building C object esp-idf/esp_driver_rmt/CMakeFiles/__idf_esp_driver_rmt.dir/src/rmt_encoder.c.obj
[422/1051] Building C object esp-idf/esp_hw_support/CMakeFiles/__idf_esp_hw_support.dir/rtc_module.c.obj
[397/1051] Building C object esp-idf/esp_driver_uart/CMakeFiles/__idf_esp_driver_uart.dir/src/uart.c.obj
[429/1049] Building C object esp-idf/esp_hw_support/CMakeFiles/__idf_esp_hw_support.dir/sleep_usb.c.obj
[363/1051] Building C object esp-idf/pthread/CMakeFiles/__idf_pthread.dir/pthread_local_storage.c.obj
[423/1051] Building C object esp-idf/esp_hw_support/CMakeFiles/__idf_esp_hw_support.dir/periph_ctrl.c.obj
[53/1051] Building C object esp-idf/esp_driver_rmt/CMakeFiles/__idf_esp_driver_rmt.dir/src/rmt_encoder_copy.c.obj
[453/1051] Building C object esp-idf/soc/CMakeFiles/__idf_soc.dir/dport_access_common.c.obj
[398/1051] Building C object esp-idf/freertos/CMakeFiles/__idf_freertos.dir/port_systick.c.obj
[454/1051] Building C object esp-idf/soc/CMakeFiles/__idf_soc.dir/lldesc.c.obj
[54/1051] Building C object esp-idf/esp_driver_sdspi/CMakeFiles/__idf_esp_driver_sdspi.dir/src/sdspi_transaction.c.obj
[399/1051] Building C object esp-idf/freertos/CMakeFiles/__idf_freertos.dir/FreeRTOS-Kernel/timers.c.obj
[455/1051] Building C object esp-idf/esp_hw_support/CMakeFiles/__idf_esp_hw_support.dir/mspi_timing_tuning/mspi_timing_tuning.c.obj
[378/1051] Building C object esp-idf/newlib/CMakeFiles/__idf_newlib.dir/src/realpath.c.obj
[443/1051] Building C object esp-idf/esp_hw_support/CMakeFiles/__idf_esp_hw_support.dir/port/esp32s3/rtc_init.c.obj
[400/1051] Building ASM object esp-idf/freertos/CMakeFiles/__idf_freertos.dir/FreeRTOS-Kernel/portable/xtensa/portasm.S.obj
[424/1051] Building C object esp-idf/esp_hw_support/CMakeFiles/__idf_esp_hw_support.dir/sar_tsens_ctrl.c.obj
[444/1051] Building C object esp-idf/esp_hw_support/CMakeFiles/__idf_esp_hw_support.dir/adc_share_hw_ctrl.c.obj
[379/1051] Building C object esp-idf/newlib/CMakeFiles/__idf_newlib.dir/src/termios.c.obj
[246/1051] Building C object esp-idf/wpa_supplicant/CMakeFiles/__idf_wpa_supplicant.dir/esp_supplicant/src/esp_wps.c.obj
[353/1051] Building C object esp-idf/esp_driver_gptimer/CMakeFiles/__idf_esp_driver_gptimer.dir/src/gptimer_common.c.obj
[456/1051] Building CXX object esp-idf/nvs_flash/CMakeFiles/__idf_nvs_flash.dir/src/nvs_encrypted_partition.cpp.obj
[364/1051] Building C object esp-idf/newlib/CMakeFiles/__idf_newlib.dir/src/init.c.obj
[401/1051] Building C object esp-idf/freertos/CMakeFiles/__idf_freertos.dir/FreeRTOS-Kernel/portable/xtensa/xtensa_overlay_os_hook.c.obj
[496/1051] Building CXX object esp-idf/nvs_flash/CMakeFiles/__idf_nvs_flash.dir/src/nvs_api.cpp.obj
[354/1051] Building C object esp-idf/esp_timer/CMakeFiles/__idf_esp_timer.dir/src/ets_timer_legacy.c.obj
[247/1051] Building C object esp-idf/lwip/CMakeFiles/__idf_lwip.dir/lwip/src/core/netif.c.obj
[457/1051] Building C object esp-idf/soc/CMakeFiles/__idf_soc.dir/esp32s3/interrupts.c.obj
[380/1051] Building C object esp-idf/pthread/CMakeFiles/__idf_pthread.dir/pthread_rwlock.c.obj
[402/1051] Building C object esp-idf/freertos/CMakeFiles/__idf_freertos.dir/FreeRTOS-Kernel/portable/xtensa/xtensa_init.c.obj
[445/1051] Building C object esp-idf/esp_hw_support/CMakeFiles/__idf_esp_hw_support.dir/dma/async_memcpy_gdma.c.obj
[430/1049] Building C object esp-idf/esp_hw_support/CMakeFiles/__idf_esp_hw_support.dir/sleep_console.c.obj
[497/1051] Building C object esp-idf/esp_hw_support/CMakeFiles/__idf_esp_hw_support.dir/dma/gdma.c.obj
[387/1051] Building C object esp-idf/newlib/CMakeFiles/__idf_newlib.dir/src/port/esp_time_impl.c.obj
[458/1051] Building C object esp-idf/esp_hw_support/CMakeFiles/__idf_esp_hw_support.dir/port/esp32s3/rtc_time.c.obj
[498/1051] Building C object esp-idf/esp_hw_support/CMakeFiles/__idf_esp_hw_support.dir/port/esp32s3/esp_memprot.c.obj
[365/1051] Building C object esp-idf/pthread/CMakeFiles/__idf_pthread.dir/pthread_semaphore.c.obj
[431/1049] Building C object esp-idf/esp_hw_support/CMakeFiles/__idf_esp_hw_support.dir/sleep_modem.c.obj
[499/1051] Building C object esp-idf/heap/CMakeFiles/__idf_heap.dir/port/memory_layout_utils.c.obj
[366/1051] Building C object esp-idf/esp_timer/CMakeFiles/__idf_esp_timer.dir/src/esp_timer_impl_systimer.c.obj
[459/1051] Building C object esp-idf/soc/CMakeFiles/__idf_soc.dir/esp32s3/gpio_periph.c.obj
[500/1051] Building C object esp-idf/heap/CMakeFiles/__idf_heap.dir/multi_heap.c.obj
[388/1051] Building C object esp-idf/newlib/CMakeFiles/__idf_newlib.dir/src/reent_syscalls.c.obj
[432/1049] Building C object esp-idf/esp_hw_support/CMakeFiles/__idf_esp_hw_support.dir/sleep_event.c.obj
[389/1051] Building C object esp-idf/freertos/CMakeFiles/__idf_freertos.dir/app_startup.c.obj
[460/1051] Building C object esp-idf/soc/CMakeFiles/__idf_soc.dir/esp32s3/gdma_periph.c.obj
[446/1051] Building CXX object esp-idf/nvs_flash/CMakeFiles/__idf_nvs_flash.dir/src/nvs_cxx_api.cpp.obj
[433/1049] Building C object esp-idf/esp_hw_support/CMakeFiles/__idf_esp_hw_support.dir/dma/gdma_link.c.obj
[501/1051] Building C object esp-idf/log/CMakeFiles/__idf_log.dir/src/os/log_write.c.obj
[55/1051] Building C object esp-idf/esp_driver_sdmmc/CMakeFiles/__idf_esp_driver_sdmmc.dir/legacy/src/sdmmc_transaction.c.obj
[367/1051] Building C object esp-idf/pthread/CMakeFiles/__idf_pthread.dir/pthread.c.obj
[434/1049] Building C object esp-idf/esp_hw_support/CMakeFiles/__idf_esp_hw_support.dir/usb_phy/usb_phy.c.obj
[248/1051] Building C object esp-idf/lwip/CMakeFiles/__idf_lwip.dir/lwip/src/core/dns.c.obj
[461/1051] Building C object esp-idf/esp_hw_support/CMakeFiles/__idf_esp_hw_support.dir/dma/async_memcpy_gdma.c.obj
[502/1051] Building C object esp-idf/heap/CMakeFiles/__idf_heap.dir/heap_caps_init.c.obj
[447/1051] Building C object esp-idf/esp_hw_support/CMakeFiles/__idf_esp_hw_support.dir/power_supply/brownout.c.obj
[403/1051] Building C object esp-idf/freertos/CMakeFiles/__idf_freertos.dir/FreeRTOS-Kernel/portable/xtensa/port.c.obj
[368/1051] Building C object esp-idf/esp_driver_gptimer/CMakeFiles/__idf_esp_driver_gptimer.dir/src/gptimer.c.obj
[448/1051] Building C object esp-idf/esp_hw_support/CMakeFiles/__idf_esp_hw_support.dir/dma/esp_async_memcpy.c.obj
[503/1051] Building C object esp-idf/log/CMakeFiles/__idf_log.dir/src/os/util.c.obj
[381/1051] Building C object esp-idf/newlib/CMakeFiles/__idf_newlib.dir/src/reent_syscalls.c.obj
[449/1051] Building C object esp-idf/esp_hw_support/CMakeFiles/__idf_esp_hw_support.dir/port/esp32s3/chip_info.c.obj
[435/1049] Building C object esp-idf/esp_hw_support/CMakeFiles/__idf_esp_hw_support.dir/intr_alloc.c.obj
[404/1051] Building C object esp-idf/esp_hw_support/CMakeFiles/__idf_esp_hw_support.dir/port/esp32s3/esp_cpu_intr.c.obj
[462/1051] Building C object esp-idf/soc/CMakeFiles/__idf_soc.dir/esp32s3/adc_periph.c.obj
[450/1051] Building C object esp-idf/esp_hw_support/CMakeFiles/__idf_esp_hw_support.dir/spi_share_hw_ctrl.c.obj
[382/1051] Building C object esp-idf/newlib/CMakeFiles/__idf_newlib.dir/src/port/esp_time_impl.c.obj
[504/1051] Building C object esp-idf/log/CMakeFiles/__idf_log.dir/src/log_format_text.c.obj
[355/1051] Building C object esp-idf/esp_driver_gptimer/CMakeFiles/__idf_esp_driver_gptimer.dir/src/gptimer.c.obj
[425/1051] Building C object esp-idf/esp_hw_support/CMakeFiles/__idf_esp_hw_support.dir/port/esp32s3/esp_clk_tree.c.obj
[405/1051] Building C object esp-idf/esp_hw_support/CMakeFiles/__idf_esp_hw_support.dir/esp_memory_utils.c.obj
[463/1051] Building CXX object esp-idf/nvs_flash/CMakeFiles/__idf_nvs_flash.dir/src/nvs_cxx_api.cpp.obj
[390/1051] Building C object esp-idf/freertos/CMakeFiles/__idf_freertos.dir/port_systick.c.obj
[249/1051] Building C object esp-idf/lwip/CMakeFiles/__idf_lwip.dir/lwip/src/core/ipv4/ip4_napt.c.obj
[505/1051] Building C object esp-idf/log/CMakeFiles/__idf_log.dir/src/log_level/log_level.c.obj
[383/1051] Building C object esp-idf/newlib/CMakeFiles/__idf_newlib.dir/src/sysconf.c.obj
[436/1049] Building CXX object esp-idf/nvs_flash/CMakeFiles/__idf_nvs_flash.dir/src/nvs_cxx_api.cpp.obj
[56/1051] Building C object esp-idf/esp-tls/CMakeFiles/__idf_esp-tls.dir/esp_tls_mbedtls.c.obj
[391/1051] Building C object esp-idf/esp_driver_uart/CMakeFiles/__idf_esp_driver_uart.dir/src/uart.c.obj
[392/1051] Building C object esp-idf/newlib/CMakeFiles/__idf_newlib.dir/src/stdatomic.c.obj
[406/1051] Building C object esp-idf/freertos/CMakeFiles/__idf_freertos.dir/app_startup.c.obj
[356/1051] Building C object esp-idf/esp_timer/CMakeFiles/__idf_esp_timer.dir/src/esp_timer_impl_common.c.obj
[506/1051] Building C object esp-idf/log/CMakeFiles/__idf_log.dir/src/log_print.c.obj
[437/1049] Building CXX object esp-idf/nvs_flash/CMakeFiles/__idf_nvs_flash.dir/src/nvs_pagemanager.cpp.obj
[438/1049] Building C object esp-idf/esp_hw_support/CMakeFiles/__idf_esp_hw_support.dir/port/esp32s3/systimer.c.obj
[451/1051] Building C object esp-idf/esp_hw_support/CMakeFiles/__idf_esp_hw_support.dir/mspi_timing_tuning/mspi_timing_tuning.c.obj
[507/1051] Building C object esp-idf/hal/CMakeFiles/__idf_hal.dir/mpu_hal.c.obj
[452/1051] Building C object esp-idf/esp_hw_support/CMakeFiles/__idf_esp_hw_support.dir/port/esp32s3/sar_periph_ctrl.c.obj
[464/1051] Building C object esp-idf/soc/CMakeFiles/__idf_soc.dir/esp32s3/dedic_gpio_periph.c.obj
[465/1051] Building C object esp-idf/soc/CMakeFiles/__idf_soc.dir/esp32s3/ledc_periph.c.obj
[369/1051] Building C object esp-idf/newlib/CMakeFiles/__idf_newlib.dir/src/heap.c.obj
[439/1049] Building C object esp-idf/esp_hw_support/CMakeFiles/__idf_esp_hw_support.dir/spi_share_hw_ctrl.c.obj
[508/1051] Building C object esp-idf/log/CMakeFiles/__idf_log.dir/src/log.c.obj
[426/1051] Building C object esp-idf/esp_hw_support/CMakeFiles/__idf_esp_hw_support.dir/dma/esp_dma_utils.c.obj
[370/1051] Building CXX object esp-idf/cxx/CMakeFiles/__idf_cxx.dir/cxx_exception_stubs.cpp.obj
[453/1051] Building C object esp-idf/esp_hw_support/CMakeFiles/__idf_esp_hw_support.dir/mspi_timing_tuning/port/esp32s3/mspi_timing_by_mspi_delay.c.obj
[509/1051] Linking C static library esp-idf/nvs_flash/libnvs_flash.a
[466/1051] Building C object esp-idf/soc/CMakeFiles/__idf_soc.dir/esp32s3/pcnt_periph.c.obj
[250/1051] Building C object esp-idf/lwip/CMakeFiles/__idf_lwip.dir/lwip/src/core/ipv6/ethip6.c.obj
[427/1051] Building CXX object esp-idf/nvs_flash/CMakeFiles/__idf_nvs_flash.dir/src/nvs_storage.cpp.obj
[384/1051] Building C object esp-idf/newlib/CMakeFiles/__idf_newlib.dir/src/syscalls.c.obj
[510/1051] Building C object esp-idf/log/CMakeFiles/__idf_log.dir/src/log_level/tag_log_level/cache/log_binary_heap.c.obj
[467/1051] Building C object esp-idf/soc/CMakeFiles/__idf_soc.dir/esp32s3/rmt_periph.c.obj
[371/1051] Building C object esp-idf/newlib/CMakeFiles/__idf_newlib.dir/src/assert.c.obj
[407/1051] Building C object esp-idf/freertos/CMakeFiles/__idf_freertos.dir/esp_additions/idf_additions.c.obj
[357/1051] Building CXX object esp-idf/nvs_flash/CMakeFiles/__idf_nvs_flash.dir/src/nvs_storage.cpp.obj
[393/1051] Building C object esp-idf/freertos/CMakeFiles/__idf_freertos.dir/port_common.c.obj
[511/1051] Building C object esp-idf/heap/CMakeFiles/__idf_heap.dir/heap_caps_base.c.obj
[468/1051] Building C object esp-idf/esp_hw_support/CMakeFiles/__idf_esp_hw_support.dir/sleep_wake_stub.c.obj
[358/1051] Building C object esp-idf/esp_timer/CMakeFiles/__idf_esp_timer.dir/src/system_time.c.obj
[454/1051] Building C object esp-idf/esp_hw_support/CMakeFiles/__idf_esp_hw_support.dir/port/esp32s3/rtc_clk_init.c.obj
[251/1051] Building C object esp-idf/lwip/CMakeFiles/__idf_lwip.dir/lwip/src/core/tcp.c.obj
[57/1051] Building C object esp-idf/esp_driver_sdmmc/CMakeFiles/__idf_esp_driver_sdmmc.dir/legacy/src/sdmmc_host.c.obj
[469/1051] Building C object esp-idf/soc/CMakeFiles/__idf_soc.dir/esp32s3/uart_periph.c.obj
[455/1051] Building C object esp-idf/esp_hw_support/CMakeFiles/__idf_esp_hw_support.dir/spi_bus_lock.c.obj
[512/1051] Building C object esp-idf/log/CMakeFiles/__idf_log.dir/src/log_timestamp_common.c.obj
[408/1051] Building C object esp-idf/freertos/CMakeFiles/__idf_freertos.dir/esp_additions/idf_additions_event_groups.c.obj
[394/1051] Building C object esp-idf/freertos/CMakeFiles/__idf_freertos.dir/heap_idf.c.obj
[359/1051] Building C object esp-idf/esp_ringbuf/CMakeFiles/__idf_esp_ringbuf.dir/ringbuf.c.obj
[428/1051] Building C object esp-idf/esp_hw_support/CMakeFiles/__idf_esp_hw_support.dir/port/esp32s3/io_mux.c.obj
[513/1051] Building C object esp-idf/log/CMakeFiles/__idf_log.dir/src/log_level/tag_log_level/tag_log_level.c.obj
[470/1051] Building C object esp-idf/esp_hw_support/CMakeFiles/__idf_esp_hw_support.dir/mspi_timing_tuning/port/esp32s3/mspi_timing_config.c.obj
[58/1051] Building C object esp-idf/esp_driver_sdmmc/CMakeFiles/__idf_esp_driver_sdmmc.dir/src/sd_host_sdmmc.c.obj
[385/1051] Building C object esp-idf/newlib/CMakeFiles/__idf_newlib.dir/src/scandir.c.obj
[360/1051] Building CXX object esp-idf/cxx/CMakeFiles/__idf_cxx.dir/cxx_init.cpp.obj
[440/1049] Building C object esp-idf/esp_hw_support/CMakeFiles/__idf_esp_hw_support.dir/dma/esp_async_memcpy.c.obj
[252/1051] Building C object esp-idf/lwip/CMakeFiles/__idf_lwip.dir/lwip/src/core/ipv4/icmp.c.obj
[59/1051] Linking C static library esp-idf/esp-tls/libesp-tls.a
[514/1051] Building C object esp-idf/hal/CMakeFiles/__idf_hal.dir/esp32s3/efuse_hal.c.obj
[471/1051] Building C object esp-idf/esp_hw_support/CMakeFiles/__idf_esp_hw_support.dir/mspi_timing_tuning/port/esp32s3/mspi_timing_by_mspi_delay.c.obj
[429/1051] Building C object esp-idf/esp_hw_support/CMakeFiles/__idf_esp_hw_support.dir/port/esp_clk_tree_common.c.obj
[472/1051] Building C object esp-idf/esp_hw_support/CMakeFiles/__idf_esp_hw_support.dir/port/esp32s3/sar_periph_ctrl.c.obj
[430/1051] Building C object esp-idf/esp_hw_support/CMakeFiles/__idf_esp_hw_support.dir/sleep_modem.c.obj
[473/1051] Building C object esp-idf/soc/CMakeFiles/__idf_soc.dir/esp32s3/spi_periph.c.obj
[441/1049] Building C object esp-idf/esp_hw_support/CMakeFiles/__idf_esp_hw_support.dir/spi_bus_lock.c.obj
[60/1051] Building C object esp-idf/sdmmc/CMakeFiles/__idf_sdmmc.dir/sdmmc_cmd.c.obj
[456/1051] Building C object esp-idf/soc/CMakeFiles/__idf_soc.dir/lldesc.c.obj
[442/1049] Building C object esp-idf/esp_hw_support/CMakeFiles/__idf_esp_hw_support.dir/port/esp32s3/rtc_clk_init.c.obj
[474/1051] Building C object esp-idf/soc/CMakeFiles/__idf_soc.dir/esp32s3/i2s_periph.c.obj
[515/1051] Building C object esp-idf/log/CMakeFiles/__idf_log.dir/src/buffer/log_buffers.c.obj
[372/1051] Building C object esp-idf/newlib/CMakeFiles/__idf_newlib.dir/src/abort.c.obj
-- Components: app_trace app_update bootloader bootloader_support bt cmock console cxx driver efuse esp-tls esp_adc esp_app_format esp_bootloader_format esp_coex esp_common esp_driver_ana_cmpr esp_driver_bitscrambler esp_driver_cam esp_driver_dac esp_driver_gpio esp_driver_gptimer esp_driver_i2c esp_driver_i2s esp_driver_i3c esp_driver_isp esp_driver_jpeg esp_driver_ledc esp_driver_mcpwm esp_driver_parlio esp_driver_pcnt esp_driver_ppa esp_driver_rmt esp_driver_sd_intf esp_driver_sdio esp_driver_sdm esp_driver_sdmmc esp_driver_sdspi esp_driver_spi esp_driver_touch_sens esp_driver_tsens esp_driver_twai esp_driver_uart esp_driver_usb_serial_jtag esp_eth esp_event esp_gdbstub esp_hid esp_http_client esp_http_server esp_https_ota esp_https_server esp_hw_support esp_lcd esp_local_ctrl esp_mm esp_netif esp_netif_stack esp_partition esp_phy esp_pm esp_psram esp_ringbuf esp_rom esp_security esp_system esp_timer esp_vfs_console esp_wifi espcoredump espressif__cmake_utilities espressif__elf_loader esptool_py fatfs freertos hal heap http_parser idf_test ieee802154 json log lwip main mbedtls mqtt newlib nvs_flash nvs_sec_provider openthread partition_table perfmon protobuf-c protocomm pthread rt sdmmc soc spi_flash spiffs tcp_transport touch_element ulp unity usb vfs wear_levelling wifi_provisioning wpa_supplicant xtensa
-- Component paths: /home/tikhon/Документы/magnolia/esp-idf/components/app_trace /home/tikhon/Документы/magnolia/esp-idf/components/app_update /home/tikhon/Документы/magnolia/esp-idf/components/bootloader /home/tikhon/Документы/magnolia/esp-idf/components/bootloader_support /home/tikhon/Документы/magnolia/esp-idf/components/bt /home/tikhon/Документы/magnolia/esp-idf/components/cmock /home/tikhon/Документы/magnolia/esp-idf/components/console /home/tikhon/Документы/magnolia/esp-idf/components/cxx /home/tikhon/Документы/magnolia/esp-idf/components/driver /home/tikhon/Документы/magnolia/esp-idf/components/efuse /home/tikhon/Документы/magnolia/esp-idf/components/esp-tls /home/tikhon/Документы/magnolia/esp-idf/components/esp_adc /home/tikhon/Документы/magnolia/esp-idf/components/esp_app_format /home/tikhon/Документы/magnolia/esp-idf/components/esp_bootloader_format /home/tikhon/Документы/magnolia/esp-idf/components/esp_coex /home/tikhon/Документы/magnolia/esp-idf/components/esp_common /home/tikhon/Документы/magnolia/esp-idf/components/esp_driver_ana_cmpr /home/tikhon/Документы/magnolia/esp-idf/components/esp_driver_bitscrambler /home/tikhon/Документы/magnolia/esp-idf/components/esp_driver_cam /home/tikhon/Документы/magnolia/esp-idf/components/esp_driver_dac /home/tikhon/Документы/magnolia/esp-idf/components/esp_driver_gpio /home/tikhon/Документы/magnolia/esp-idf/components/esp_driver_gptimer /home/tikhon/Документы/magnolia/esp-idf/components/esp_driver_i2c /home/tikhon/Документы/magnolia/esp-idf/components/esp_driver_i2s /home/tikhon/Документы/magnolia/esp-idf/components/esp_driver_i3c /home/tikhon/Документы/magnolia/esp-idf/components/esp_driver_isp /home/tikhon/Документы/magnolia/esp-idf/components/esp_driver_jpeg /home/tikhon/Документы/magnolia/esp-idf/components/esp_driver_ledc /home/tikhon/Документы/magnolia/esp-idf/components/esp_driver_mcpwm /home/tikhon/Документы/magnolia/esp-idf/components/esp_driver_parlio /home/tikhon/Документы/magnolia/esp-idf/components/esp_driver_pcnt /home/tikhon/Документы/magnolia/esp-idf/components/esp_driver_ppa /home/tikhon/Документы/magnolia/esp-idf/components/esp_driver_rmt /home/tikhon/Документы/magnolia/esp-idf/components/esp_driver_sd_intf /home/tikhon/Документы/magnolia/esp-idf/components/esp_driver_sdio /home/tikhon/Документы/magnolia/esp-idf/components/esp_driver_sdm /home/tikhon/Документы/magnolia/esp-idf/components/esp_driver_sdmmc /home/tikhon/Документы/magnolia/esp-idf/components/esp_driver_sdspi /home/tikhon/Документы/magnolia/esp-idf/components/esp_driver_spi /home/tikhon/Документы/magnolia/esp-idf/components/esp_driver_touch_sens /home/tikhon/Документы/magnolia/esp-idf/components/esp_driver_tsens /home/tikhon/Документы/magnolia/esp-idf/components/esp_driver_twai /home/tikhon/Документы/magnolia/esp-idf/components/esp_driver_uart /home/tikhon/Документы/magnolia/esp-idf/components/esp_driver_usb_serial_jtag /home/tikhon/Документы/magnolia/esp-idf/components/esp_eth /home/tikhon/Документы/magnolia/esp-idf/components/esp_event /home/tikhon/Документы/magnolia/esp-idf/components/esp_gdbstub /home/tikhon/Документы/magnolia/esp-idf/components/esp_hid /home/tikhon/Документы/magnolia/esp-idf/components/esp_http_client /home/tikhon/Документы/magnolia/esp-idf/components/esp_http_server /home/tikhon/Документы/magnolia/esp-idf/components/esp_https_ota /home/tikhon/Документы/magnolia/esp-idf/components/esp_https_server /home/tikhon/Документы/magnolia/esp-idf/components/esp_hw_support /home/tikhon/Документы/magnolia/esp-idf/components/esp_lcd /home/tikhon/Документы/magnolia/esp-idf/components/esp_local_ctrl /home/tikhon/Документы/magnolia/esp-idf/components/esp_mm /home/tikhon/Документы/magnolia/esp-idf/components/esp_netif /home/tikhon/Документы/magnolia/esp-idf/components/esp_netif_stack /home/tikhon/Документы/magnolia/esp-idf/components/esp_partition /home/tikhon/Документы/magnolia/esp-idf/components/esp_phy /home/tikhon/Документы/magnolia/esp-idf/components/esp_pm /home/tikhon/Документы/magnolia/esp-idf/components/esp_psram /home/tikhon/Документы/magnolia/esp-idf/components/esp_ringbuf /home/tikhon/Документы/magnolia/esp-idf/components/esp_rom /home/tikhon/Документы/magnolia/esp-idf/components/esp_security /home/tikhon/Документы/magnolia/esp-idf/components/esp_system /home/tikhon/Документы/magnolia/esp-idf/components/esp_timer /home/tikhon/Документы/magnolia/esp-idf/components/esp_vfs_console /home/tikhon/Документы/magnolia/esp-idf/components/esp_wifi /home/tikhon/Документы/magnolia/esp-idf/components/espcoredump /home/tikhon/Документы/magnolia/applets/rust/rhexdump/managed_components/espressif__cmake_utilities /home/tikhon/Документы/magnolia/applets/rust/rhexdump/managed_components/espressif__elf_loader /home/tikhon/Документы/magnolia/esp-idf/components/esptool_py /home/tikhon/Документы/magnolia/esp-idf/components/fatfs /home/tikhon/Документы/magnolia/esp-idf/components/freertos /home/tikhon/Документы/magnolia/esp-idf/components/hal /home/tikhon/Документы/magnolia/esp-idf/components/heap /home/tikhon/Документы/magnolia/esp-idf/components/http_parser /home/tikhon/Документы/magnolia/esp-idf/components/idf_test /home/tikhon/Документы/magnolia/esp-idf/components/ieee802154 /home/tikhon/Документы/magnolia/esp-idf/components/json /home/tikhon/Документы/magnolia/esp-idf/components/log /home/tikhon/Документы/magnolia/esp-idf/components/lwip /home/tikhon/Документы/magnolia/applets/rust/rhexdump/main /home/tikhon/Документы/magnolia/esp-idf/components/mbedtls /home/tikhon/Документы/magnolia/esp-idf/components/mqtt /home/tikhon/Документы/magnolia/esp-idf/components/newlib /home/tikhon/Документы/magnolia/esp-idf/components/nvs_flash /home/tikhon/Документы/magnolia/esp-idf/components/nvs_sec_provider /home/tikhon/Документы/magnolia/esp-idf/components/openthread /home/tikhon/Документы/magnolia/esp-idf/components/partition_table /home/tikhon/Документы/magnolia/esp-idf/components/perfmon /home/tikhon/Документы/magnolia/esp-idf/components/protobuf-c /home/tikhon/Документы/magnolia/esp-idf/components/protocomm /home/tikhon/Документы/magnolia/esp-idf/components/pthread /home/tikhon/Документы/magnolia/esp-idf/components/rt /home/tikhon/Документы/magnolia/esp-idf/components/sdmmc /home/tikhon/Документы/magnolia/esp-idf/components/soc /home/tikhon/Документы/magnolia/esp-idf/components/spi_flash /home/tikhon/Документы/magnolia/esp-idf/components/spiffs /home/tikhon/Документы/magnolia/esp-idf/components/tcp_transport /home/tikhon/Документы/magnolia/esp-idf/components/touch_element /home/tikhon/Документы/magnolia/esp-idf/components/ulp /home/tikhon/Документы/magnolia/esp-idf/components/unity /home/tikhon/Документы/magnolia/esp-idf/components/usb /home/tikhon/Документы/magnolia/esp-idf/components/vfs /home/tikhon/Документы/magnolia/esp-idf/components/wear_levelling /home/tikhon/Документы/magnolia/esp-idf/components/wifi_provisioning /home/tikhon/Документы/magnolia/esp-idf/components/wpa_supplicant /home/tikhon/Документы/magnolia/esp-idf/components/xtensa
[457/1051] Building C object esp-idf/esp_hw_support/CMakeFiles/__idf_esp_hw_support.dir/port/esp_memprot_conv.c.obj
[395/1051] Building C object esp-idf/freertos/CMakeFiles/__idf_freertos.dir/FreeRTOS-Kernel/list.c.obj
[516/1051] Building C object esp-idf/log/CMakeFiles/__idf_log.dir/src/log_level/tag_log_level/linked_list/log_linked_list.c.obj
[443/1049] Building C object esp-idf/esp_hw_support/CMakeFiles/__idf_esp_hw_support.dir/power_supply/brownout.c.obj
[475/1051] Building C object esp-idf/soc/CMakeFiles/__idf_soc.dir/esp32s3/i2c_periph.c.obj
[386/1051] Building C object esp-idf/newlib/CMakeFiles/__idf_newlib.dir/src/flockfile.c.obj
[458/1051] Building C object esp-idf/esp_hw_support/CMakeFiles/__idf_esp_hw_support.dir/dma/gdma.c.obj
[517/1051] Building C object esp-idf/hal/CMakeFiles/__idf_hal.dir/hal_utils.c.obj
[518/1051] Building C object esp-idf/hal/CMakeFiles/__idf_hal.dir/spi_flash_encrypt_hal_iram.c.obj
[431/1051] Building C object esp-idf/esp_hw_support/CMakeFiles/__idf_esp_hw_support.dir/adc_share_hw_ctrl.c.obj
[396/1051] Building C object esp-idf/newlib/CMakeFiles/__idf_newlib.dir/src/newlib_init.c.obj
[373/1051] Building C object esp-idf/newlib/CMakeFiles/__idf_newlib.dir/src/poll.c.obj
[374/1051] Building C object esp-idf/newlib/CMakeFiles/__idf_newlib.dir/src/random.c.obj
[519/1051] Building C object esp-idf/hal/CMakeFiles/__idf_hal.dir/cache_hal.c.obj
[476/1051] Building C object esp-idf/soc/CMakeFiles/__idf_soc.dir/esp32s3/sdm_periph.c.obj
-- Configuring done (48.6s)
[459/1051] Building C object esp-idf/soc/CMakeFiles/__idf_soc.dir/dport_access_common.c.obj
[460/1051] Building C object esp-idf/soc/CMakeFiles/__idf_soc.dir/esp32s3/interrupts.c.obj
[477/1051] Building C object esp-idf/soc/CMakeFiles/__idf_soc.dir/esp32s3/lcd_periph.c.obj
[461/1051] Building C object esp-idf/soc/CMakeFiles/__idf_soc.dir/esp32s3/uart_periph.c.obj
[432/1051] Building C object esp-idf/esp_hw_support/CMakeFiles/__idf_esp_hw_support.dir/clk_utils.c.obj
[520/1051] Building C object esp-idf/hal/CMakeFiles/__idf_hal.dir/color_hal.c.obj
[253/1051] Building C object esp-idf/lwip/CMakeFiles/__idf_lwip.dir/lwip/src/core/ipv4/ip4_frag.c.obj
[478/1051] Building C object esp-idf/soc/CMakeFiles/__idf_soc.dir/esp32s3/mcpwm_periph.c.obj
[433/1051] Building C object esp-idf/esp_hw_support/CMakeFiles/__idf_esp_hw_support.dir/sleep_console.c.obj
[387/1051] Building CXX object esp-idf/nvs_flash/CMakeFiles/__idf_nvs_flash.dir/src/nvs_partition_manager.cpp.obj
[409/1051] Building C object esp-idf/freertos/CMakeFiles/__idf_freertos.dir/FreeRTOS-Kernel/event_groups.c.obj
[479/1051] Building C object esp-idf/soc/CMakeFiles/__idf_soc.dir/esp32s3/temperature_sensor_periph.c.obj
[61/1051] Building C object esp-idf/esp_driver_sd_intf/CMakeFiles/__idf_esp_driver_sd_intf.dir/sd_host.c.obj
[361/1051] Building C object esp-idf/esp_timer/CMakeFiles/__idf_esp_timer.dir/src/esp_timer.c.obj
[410/1051] Building C object esp-idf/esp_hw_support/CMakeFiles/__idf_esp_hw_support.dir/port/esp32s3/cpu_region_protect.c.obj
-- App "rselftest" version: 96a69bd-dirty
[480/1051] Building C object esp-idf/soc/CMakeFiles/__idf_soc.dir/esp32s3/touch_sensor_periph.c.obj
[434/1051] Building C object esp-idf/esp_hw_support/CMakeFiles/__idf_esp_hw_support.dir/sleep_usb.c.obj
[521/1051] Building C object esp-idf/hal/CMakeFiles/__idf_hal.dir/systimer_hal.c.obj
[522/1051] Building C object esp-idf/log/CMakeFiles/__idf_log.dir/src/os/log_lock.c.obj
[462/1051] Building C object esp-idf/soc/CMakeFiles/__idf_soc.dir/esp32s3/dedic_gpio_periph.c.obj
[481/1051] Building C object esp-idf/soc/CMakeFiles/__idf_soc.dir/esp32s3/power_supply_periph.c.obj
[254/1051] Building C object esp-idf/lwip/CMakeFiles/__idf_lwip.dir/lwip/src/core/ipv4/ip4_addr.c.obj
[375/1051] Building C object esp-idf/newlib/CMakeFiles/__idf_newlib.dir/src/getentropy.c.obj
[362/1051] Building C object esp-idf/pthread/CMakeFiles/__idf_pthread.dir/pthread.c.obj
[388/1051] Building C object esp-idf/newlib/CMakeFiles/__idf_newlib.dir/src/reent_init.c.obj
[523/1051] Linking C static library esp-idf/esp_event/libesp_event.a
[397/1051] Building C object esp-idf/freertos/CMakeFiles/__idf_freertos.dir/FreeRTOS-Kernel/stream_buffer.c.obj
[435/1051] Building C object esp-idf/esp_hw_support/CMakeFiles/__idf_esp_hw_support.dir/intr_alloc.c.obj
[482/1051] Building C object esp-idf/soc/CMakeFiles/__idf_soc.dir/esp32s3/timer_periph.c.obj
[463/1051] Building CXX object esp-idf/nvs_flash/CMakeFiles/__idf_nvs_flash.dir/src/nvs_partition_manager.cpp.obj
[376/1051] Building C object esp-idf/newlib/CMakeFiles/__idf_newlib.dir/src/termios.c.obj
[411/1051] Building C object esp-idf/esp_hw_support/CMakeFiles/__idf_esp_hw_support.dir/cpu.c.obj
[436/1051] Building C object esp-idf/esp_hw_support/CMakeFiles/__idf_esp_hw_support.dir/dma/gdma_link.c.obj
[483/1051] Building C object esp-idf/soc/CMakeFiles/__idf_soc.dir/esp32s3/twai_periph.c.obj
[412/1051] Building C object esp-idf/esp_hw_support/CMakeFiles/__idf_esp_hw_support.dir/periph_ctrl.c.obj
[464/1051] Building C object esp-idf/soc/CMakeFiles/__idf_soc.dir/esp32s3/adc_periph.c.obj
[444/1049] Building C object esp-idf/esp_hw_support/CMakeFiles/__idf_esp_hw_support.dir/sleep_gpio.c.obj
[389/1051] Building CXX object esp-idf/nvs_flash/CMakeFiles/__idf_nvs_flash.dir/src/nvs_handle_locked.cpp.obj
[437/1051] Building C object esp-idf/esp_hw_support/CMakeFiles/__idf_esp_hw_support.dir/dma/esp_async_memcpy.c.obj
[484/1051] Building C object esp-idf/soc/CMakeFiles/__idf_soc.dir/esp32s3/usb_dwc_periph.c.obj
[465/1051] Building C object esp-idf/soc/CMakeFiles/__idf_soc.dir/esp32s3/gdma_periph.c.obj
[377/1051] Building C object esp-idf/pthread/CMakeFiles/__idf_pthread.dir/pthread_rwlock.c.obj
[398/1051] Building ASM object esp-idf/freertos/CMakeFiles/__idf_freertos.dir/FreeRTOS-Kernel/portable/xtensa/portasm.S.obj
[438/1051] Building C object esp-idf/esp_hw_support/CMakeFiles/__idf_esp_hw_support.dir/port/esp32s3/systimer.c.obj
[485/1051] Building C object esp-idf/soc/CMakeFiles/__idf_soc.dir/esp32s3/sdmmc_periph.c.obj
[466/1051] Building C object esp-idf/soc/CMakeFiles/__idf_soc.dir/esp32s3/spi_periph.c.obj
[439/1051] Building C object esp-idf/esp_hw_support/CMakeFiles/__idf_esp_hw_support.dir/sleep_gpio.c.obj
[445/1049] Building C object esp-idf/esp_hw_support/CMakeFiles/__idf_esp_hw_support.dir/port/esp32s3/chip_info.c.obj
[390/1051] Building C object esp-idf/newlib/CMakeFiles/__idf_newlib.dir/src/newlib_init.c.obj
[486/1051] Building C object esp-idf/soc/CMakeFiles/__idf_soc.dir/esp32s3/wdt_periph.c.obj
[378/1051] Building C object esp-idf/newlib/CMakeFiles/__idf_newlib.dir/src/pthread.c.obj
[524/1051] Building C object esp-idf/hal/CMakeFiles/__idf_hal.dir/i2c_hal_iram.c.obj
[446/1049] Building C object esp-idf/esp_hw_support/CMakeFiles/__idf_esp_hw_support.dir/dma/gdma.c.obj
[413/1051] Building C object esp-idf/esp_hw_support/CMakeFiles/__idf_esp_hw_support.dir/hw_random.c.obj
[467/1051] Building C object esp-idf/esp_hw_support/CMakeFiles/__idf_esp_hw_support.dir/mspi_timing_tuning/port/esp32s3/mspi_timing_config.c.obj
[525/1051] Building C object esp-idf/hal/CMakeFiles/__idf_hal.dir/efuse_hal.c.obj
[468/1051] Building C object esp-idf/soc/CMakeFiles/__idf_soc.dir/esp32s3/gpio_periph.c.obj
[487/1051] Building C object esp-idf/soc/CMakeFiles/__idf_soc.dir/esp32s3/cam_periph.c.obj
[469/1051] Building C object esp-idf/soc/CMakeFiles/__idf_soc.dir/esp32s3/pcnt_periph.c.obj
[62/1051] Building C object esp-idf/sdmmc/CMakeFiles/__idf_sdmmc.dir/sd_pwr_ctrl/sd_pwr_ctrl.c.obj
[488/1051] Building C object esp-idf/soc/CMakeFiles/__idf_soc.dir/esp32s3/mpi_periph.c.obj
[470/1051] Building C object esp-idf/esp_hw_support/CMakeFiles/__idf_esp_hw_support.dir/port/esp32s3/rtc_sleep.c.obj
[414/1051] Building C object esp-idf/esp_hw_support/CMakeFiles/__idf_esp_hw_support.dir/revision.c.obj
[471/1051] Building C object esp-idf/soc/CMakeFiles/__idf_soc.dir/esp32s3/ledc_periph.c.obj
[489/1051] Building C object esp-idf/heap/CMakeFiles/__idf_heap.dir/multi_heap.c.obj
[447/1049] Building C object esp-idf/esp_hw_support/CMakeFiles/__idf_esp_hw_support.dir/mspi_timing_tuning/mspi_timing_tuning.c.obj
[526/1051] Linking C static library esp-idf/esp_driver_uart/libesp_driver_uart.a
[472/1051] Building C object esp-idf/soc/CMakeFiles/__idf_soc.dir/esp32s3/i2s_periph.c.obj
[255/1051] Building C object esp-idf/lwip/CMakeFiles/__idf_lwip.dir/lwip/src/core/ipv6/dhcp6.c.obj
[440/1051] Building C object esp-idf/esp_hw_support/CMakeFiles/__idf_esp_hw_support.dir/spi_share_hw_ctrl.c.obj
[63/1051] Building C object esp-idf/sdmmc/CMakeFiles/__idf_sdmmc.dir/sdmmc_init.c.obj
[379/1051] Building C object esp-idf/newlib/CMakeFiles/__idf_newlib.dir/src/locks.c.obj
[64/1051] Building C object esp-idf/esp_driver_sdspi/CMakeFiles/__idf_esp_driver_sdspi.dir/src/sdspi_host.c.obj
[473/1051] Building C object esp-idf/soc/CMakeFiles/__idf_soc.dir/esp32s3/i2c_periph.c.obj
[490/1051] Building C object esp-idf/log/CMakeFiles/__idf_log.dir/src/log_timestamp_common.c.obj
[448/1049] Building C object esp-idf/esp_hw_support/CMakeFiles/__idf_esp_hw_support.dir/sleep_wake_stub.c.obj
[491/1051] Building C object esp-idf/esp_hw_support/CMakeFiles/__idf_esp_hw_support.dir/lowpower/port/esp32s3/sleep_cpu.c.obj
[399/1051] Building C object esp-idf/freertos/CMakeFiles/__idf_freertos.dir/FreeRTOS-Kernel/portable/xtensa/xtensa_init.c.obj
[380/1051] Building CXX object esp-idf/cxx/CMakeFiles/__idf_cxx.dir/cxx_guards.cpp.obj
[256/1051] Building C object esp-idf/lwip/CMakeFiles/__idf_lwip.dir/lwip/src/api/sockets.c.obj
[441/1051] Building CXX object esp-idf/nvs_flash/CMakeFiles/__idf_nvs_flash.dir/src/nvs_handle_simple.cpp.obj
[492/1051] Building C object esp-idf/soc/CMakeFiles/__idf_soc.dir/esp32s3/rtc_io_periph.c.obj
[474/1051] Building C object esp-idf/soc/CMakeFiles/__idf_soc.dir/esp32s3/lcd_periph.c.obj
[449/1049] Building CXX object esp-idf/nvs_flash/CMakeFiles/__idf_nvs_flash.dir/src/nvs_partition_manager.cpp.obj
[527/1051] Building C object esp-idf/hal/CMakeFiles/__idf_hal.dir/esp32s3/clk_tree_hal.c.obj
[475/1051] Building C object esp-idf/soc/CMakeFiles/__idf_soc.dir/esp32s3/rmt_periph.c.obj
[400/1051] Building CXX object esp-idf/nvs_flash/CMakeFiles/__idf_nvs_flash.dir/src/nvs_item_hash_list.cpp.obj
[257/1051] Building C object esp-idf/lwip/CMakeFiles/__idf_lwip.dir/lwip/src/core/ipv4/ip4.c.obj
[65/1051] Building C object esp-idf/esp_driver_rmt/CMakeFiles/__idf_esp_driver_rmt.dir/src/rmt_rx.c.obj
[528/1051] Building C object esp-idf/hal/CMakeFiles/__idf_hal.dir/ledc_hal.c.obj
[493/1051] Building C object esp-idf/heap/CMakeFiles/__idf_heap.dir/heap_caps.c.obj
[363/1051] Building C object esp-idf/esp_timer/CMakeFiles/__idf_esp_timer.dir/src/esp_timer_impl_systimer.c.obj
[450/1049] Building C object esp-idf/esp_hw_support/CMakeFiles/__idf_esp_hw_support.dir/adc_share_hw_ctrl.c.obj
[258/1051] Linking C static library esp-idf/wpa_supplicant/libwpa_supplicant.a
[476/1051] Building C object esp-idf/soc/CMakeFiles/__idf_soc.dir/esp32s3/sdm_periph.c.obj
[529/1051] Building C object esp-idf/hal/CMakeFiles/__idf_hal.dir/mmu_hal.c.obj
[415/1051] Building C object esp-idf/freertos/CMakeFiles/__idf_freertos.dir/FreeRTOS-Kernel/stream_buffer.c.obj
[364/1051] Building CXX object esp-idf/cxx/CMakeFiles/__idf_cxx.dir/cxx_exception_stubs.cpp.obj
[391/1051] Building C object esp-idf/freertos/CMakeFiles/__idf_freertos.dir/heap_idf.c.obj
[477/1051] Building C object esp-idf/soc/CMakeFiles/__idf_soc.dir/esp32s3/touch_sensor_periph.c.obj
[442/1051] Building C object esp-idf/esp_hw_support/CMakeFiles/__idf_esp_hw_support.dir/esp_clock_output.c.obj
[66/1051] Building C object esp-idf/driver/CMakeFiles/__idf_driver.dir/touch_sensor/esp32s3/touch_sensor.c.obj
[416/1051] Building CXX object esp-idf/nvs_flash/CMakeFiles/__idf_nvs_flash.dir/src/nvs_storage.cpp.obj
[494/1051] Building C object esp-idf/log/CMakeFiles/__idf_log.dir/src/os/log_lock.c.obj
[530/1051] Linking C static library esp-idf/esp_ringbuf/libesp_ringbuf.a
[478/1051] Building C object esp-idf/soc/CMakeFiles/__idf_soc.dir/esp32s3/mcpwm_periph.c.obj
[531/1051] Building C object esp-idf/hal/CMakeFiles/__idf_hal.dir/timer_hal.c.obj
[479/1051] Building C object esp-idf/soc/CMakeFiles/__idf_soc.dir/esp32s3/mpi_periph.c.obj
[480/1051] Building C object esp-idf/soc/CMakeFiles/__idf_soc.dir/esp32s3/sdmmc_periph.c.obj
[417/1051] Building C object esp-idf/esp_hw_support/CMakeFiles/__idf_esp_hw_support.dir/esp_clk.c.obj
[392/1051] Building C object esp-idf/freertos/CMakeFiles/__idf_freertos.dir/app_startup.c.obj
[532/1051] Building C object esp-idf/heap/CMakeFiles/__idf_heap.dir/heap_caps.c.obj
[381/1051] Building C object esp-idf/newlib/CMakeFiles/__idf_newlib.dir/src/sysconf.c.obj
[393/1051] Building C object esp-idf/newlib/CMakeFiles/__idf_newlib.dir/src/stdatomic.c.obj
[495/1051] Building C object esp-idf/log/CMakeFiles/__idf_log.dir/src/log_format_text.c.obj
[451/1049] Building C object esp-idf/soc/CMakeFiles/__idf_soc.dir/lldesc.c.obj
[418/1051] Building C object esp-idf/esp_hw_support/CMakeFiles/__idf_esp_hw_support.dir/esp_gpio_reserve.c.obj
[481/1051] Building C object esp-idf/soc/CMakeFiles/__idf_soc.dir/esp32s3/twai_periph.c.obj
[482/1051] Building C object esp-idf/esp_hw_support/CMakeFiles/__idf_esp_hw_support.dir/esp_clock_output.c.obj
[483/1051] Building C object esp-idf/esp_hw_support/CMakeFiles/__idf_esp_hw_support.dir/port/esp32s3/rtc_clk.c.obj
[484/1051] Building C object esp-idf/soc/CMakeFiles/__idf_soc.dir/esp32s3/timer_periph.c.obj
[533/1051] Building C object esp-idf/esp_hw_support/CMakeFiles/__idf_esp_hw_support.dir/sleep_modes.c.obj
[259/1051] Building C object esp-idf/lwip/CMakeFiles/__idf_lwip.dir/lwip/src/core/udp.c.obj
[485/1051] Building C object esp-idf/soc/CMakeFiles/__idf_soc.dir/esp32s3/usb_dwc_periph.c.obj
[394/1051] Building C object esp-idf/newlib/CMakeFiles/__idf_newlib.dir/src/time.c.obj
[401/1051] Building C object esp-idf/freertos/CMakeFiles/__idf_freertos.dir/FreeRTOS-Kernel/event_groups.c.obj
[260/1051] Building C object esp-idf/lwip/CMakeFiles/__idf_lwip.dir/lwip/src/netif/bridgeif.c.obj
[534/1051] Building C object esp-idf/hal/CMakeFiles/__idf_hal.dir/pcnt_hal.c.obj
[452/1049] Building C object esp-idf/esp_hw_support/CMakeFiles/__idf_esp_hw_support.dir/port/esp_memprot_conv.c.obj
[365/1051] Building C object esp-idf/pthread/CMakeFiles/__idf_pthread.dir/pthread_cond_var.c.obj
[382/1051] Building C object esp-idf/esp_ringbuf/CMakeFiles/__idf_esp_ringbuf.dir/ringbuf.c.obj
[486/1051] Building C object esp-idf/soc/CMakeFiles/__idf_soc.dir/esp32s3/temperature_sensor_periph.c.obj
[487/1051] Building C object esp-idf/esp_hw_support/CMakeFiles/__idf_esp_hw_support.dir/port/esp32s3/rtc_time.c.obj
[496/1051] Building C object esp-idf/log/CMakeFiles/__idf_log.dir/src/util.c.obj
[402/1051] Building CXX object esp-idf/nvs_flash/CMakeFiles/__idf_nvs_flash.dir/src/nvs_partition_manager.cpp.obj
[488/1051] Building C object esp-idf/soc/CMakeFiles/__idf_soc.dir/esp32s3/wdt_periph.c.obj
[395/1051] Building C object esp-idf/freertos/CMakeFiles/__idf_freertos.dir/port_common.c.obj
[261/1051] Building C object esp-idf/lwip/CMakeFiles/__idf_lwip.dir/lwip/src/core/ipv6/inet6.c.obj
[383/1051] Building C object esp-idf/newlib/CMakeFiles/__idf_newlib.dir/src/syscalls.c.obj
[67/1051] Building C object esp-idf/sdmmc/CMakeFiles/__idf_sdmmc.dir/sdmmc_mmc.c.obj
[489/1051] Building C object esp-idf/soc/CMakeFiles/__idf_soc.dir/esp32s3/cam_periph.c.obj
[497/1051] Building C object esp-idf/log/CMakeFiles/__idf_log.dir/src/os/log_timestamp.c.obj
[535/1051] Building C object esp-idf/hal/CMakeFiles/__idf_hal.dir/rtc_io_hal.c.obj
[453/1049] Building C object esp-idf/esp_hw_support/CMakeFiles/__idf_esp_hw_support.dir/mspi_timing_tuning/port/esp32s3/mspi_timing_config.c.obj
[443/1051] Building C object esp-idf/freertos/CMakeFiles/__idf_freertos.dir/FreeRTOS-Kernel/tasks.c.obj
[490/1051] Building C object esp-idf/soc/CMakeFiles/__idf_soc.dir/esp32s3/power_supply_periph.c.obj
[454/1049] Building C object esp-idf/esp_hw_support/CMakeFiles/__idf_esp_hw_support.dir/mspi_timing_tuning/port/esp32s3/mspi_timing_by_mspi_delay.c.obj
[536/1051] Building C object esp-idf/hal/CMakeFiles/__idf_hal.dir/ledc_hal_iram.c.obj
[419/1051] Building C object esp-idf/esp_hw_support/CMakeFiles/__idf_esp_hw_support.dir/regi2c_ctrl.c.obj
[444/1051] Building C object esp-idf/esp_hw_support/CMakeFiles/__idf_esp_hw_support.dir/sleep_event.c.obj
[537/1051] Building C object esp-idf/hal/CMakeFiles/__idf_hal.dir/mcpwm_hal.c.obj
[384/1051] Building C object esp-idf/newlib/CMakeFiles/__idf_newlib.dir/src/reent_init.c.obj
[403/1051] Building C object esp-idf/freertos/CMakeFiles/__idf_freertos.dir/FreeRTOS-Kernel/portable/xtensa/port.c.obj
[538/1051] Building C object esp-idf/hal/CMakeFiles/__idf_hal.dir/uart_hal_iram.c.obj
[68/1051] Building C object esp-idf/sdmmc/CMakeFiles/__idf_sdmmc.dir/sdmmc_common.c.obj
[455/1049] Building C object esp-idf/soc/CMakeFiles/__idf_soc.dir/dport_access_common.c.obj
[498/1051] Building C object esp-idf/heap/CMakeFiles/__idf_heap.dir/port/esp32s3/memory_layout.c.obj
[491/1051] Building C object esp-idf/heap/CMakeFiles/__idf_heap.dir/port/esp32s3/memory_layout.c.obj
[539/1051] Building C object esp-idf/hal/CMakeFiles/__idf_hal.dir/gpio_hal.c.obj
[385/1051] Building C object esp-idf/newlib/CMakeFiles/__idf_newlib.dir/src/realpath.c.obj
[456/1049] Building C object esp-idf/esp_hw_support/CMakeFiles/__idf_esp_hw_support.dir/esp_clock_output.c.obj
[396/1051] Building ASM object esp-idf/freertos/CMakeFiles/__idf_freertos.dir/FreeRTOS-Kernel/portable/xtensa/portasm.S.obj
[420/1051] Building C object esp-idf/esp_hw_support/CMakeFiles/__idf_esp_hw_support.dir/mac_addr.c.obj
[445/1051] Building C object esp-idf/esp_hw_support/CMakeFiles/__idf_esp_hw_support.dir/port/esp32s3/rtc_clk_init.c.obj
[457/1049] Building C object esp-idf/esp_hw_support/CMakeFiles/__idf_esp_hw_support.dir/port/esp32s3/esp_memprot.c.obj
[499/1051] Building C object esp-idf/freertos/CMakeFiles/__idf_freertos.dir/FreeRTOS-Kernel/tasks.c.obj
[492/1051] Building C object esp-idf/soc/CMakeFiles/__idf_soc.dir/esp32s3/rtc_io_periph.c.obj
[540/1051] Building C object esp-idf/hal/CMakeFiles/__idf_hal.dir/rmt_hal.c.obj
[404/1051] Building C object esp-idf/freertos/CMakeFiles/__idf_freertos.dir/esp_additions/idf_additions_event_groups.c.obj
[366/1051] Building C object esp-idf/newlib/CMakeFiles/__idf_newlib.dir/src/assert.c.obj
[458/1049] Building C object esp-idf/esp_hw_support/CMakeFiles/__idf_esp_hw_support.dir/port/esp32s3/rtc_sleep.c.obj
[397/1051] Building CXX object esp-idf/nvs_flash/CMakeFiles/__idf_nvs_flash.dir/src/nvs_cxx_api.cpp.obj
[500/1051] Building C object esp-idf/log/CMakeFiles/__idf_log.dir/src/os/log_write.c.obj
[421/1051] Building C object esp-idf/esp_hw_support/CMakeFiles/__idf_esp_hw_support.dir/clk_ctrl_os.c.obj
[459/1049] Building C object esp-idf/soc/CMakeFiles/__idf_soc.dir/esp32s3/interrupts.c.obj
[446/1051] Building C object esp-idf/esp_hw_support/CMakeFiles/__idf_esp_hw_support.dir/spi_bus_lock.c.obj
[386/1051] Building C object esp-idf/newlib/CMakeFiles/__idf_newlib.dir/src/flockfile.c.obj
[460/1049] Building C object esp-idf/esp_hw_support/CMakeFiles/__idf_esp_hw_support.dir/dma/async_memcpy_gdma.c.obj
[493/1051] Building C object esp-idf/esp_hw_support/CMakeFiles/__idf_esp_hw_support.dir/lowpower/port/esp32s3/sleep_cpu.c.obj
[367/1051] Building C object esp-idf/newlib/CMakeFiles/__idf_newlib.dir/src/init.c.obj
[501/1051] Building C object esp-idf/log/CMakeFiles/__idf_log.dir/src/log_print.c.obj
[541/1051] Linking C static library esp-idf/esp_driver_gptimer/libesp_driver_gptimer.a
[447/1051] Building C object esp-idf/esp_hw_support/CMakeFiles/__idf_esp_hw_support.dir/usb_phy/usb_phy.c.obj
[542/1051] Building C object esp-idf/hal/CMakeFiles/__idf_hal.dir/spi_flash_hal.c.obj
[405/1051] Building C object esp-idf/freertos/CMakeFiles/__idf_freertos.dir/FreeRTOS-Kernel/portable/xtensa/xtensa_overlay_os_hook.c.obj
[368/1051] Building C object esp-idf/pthread/CMakeFiles/__idf_pthread.dir/pthread_local_storage.c.obj
[69/1051] Building C object esp-idf/esp_driver_ledc/CMakeFiles/__idf_esp_driver_ledc.dir/src/ledc.c.obj
[543/1051] Building C object esp-idf/hal/CMakeFiles/__idf_hal.dir/uhci_hal.c.obj
[369/1051] Building C object esp-idf/newlib/CMakeFiles/__idf_newlib.dir/src/abort.c.obj
[502/1051] Building C object esp-idf/log/CMakeFiles/__idf_log.dir/src/log.c.obj
[503/1051] Building C object esp-idf/log/CMakeFiles/__idf_log.dir/src/os/util.c.obj
[504/1051] Building C object esp-idf/log/CMakeFiles/__idf_log.dir/src/buffer/log_buffers.c.obj
[387/1051] Building C object esp-idf/newlib/CMakeFiles/__idf_newlib.dir/src/reent_syscalls.c.obj
[448/1051] Building C object esp-idf/esp_hw_support/CMakeFiles/__idf_esp_hw_support.dir/port/esp32s3/chip_info.c.obj
[398/1051] Building C object esp-idf/freertos/CMakeFiles/__idf_freertos.dir/FreeRTOS-Kernel/list.c.obj
[388/1051] Building C object esp-idf/freertos/CMakeFiles/__idf_freertos.dir/heap_idf.c.obj
[449/1051] Building C object esp-idf/esp_hw_support/CMakeFiles/__idf_esp_hw_support.dir/mspi_timing_tuning/mspi_timing_tuning.c.obj
[505/1051] Building C object esp-idf/heap/CMakeFiles/__idf_heap.dir/heap_caps_base.c.obj
[389/1051] Building C object esp-idf/newlib/CMakeFiles/__idf_newlib.dir/src/port/esp_time_impl.c.obj
[461/1049] Building C object esp-idf/soc/CMakeFiles/__idf_soc.dir/esp32s3/spi_periph.c.obj
[370/1051] Building C object esp-idf/pthread/CMakeFiles/__idf_pthread.dir/pthread_semaphore.c.obj
[262/1051] Building C object esp-idf/lwip/CMakeFiles/__idf_lwip.dir/lwip/src/core/ipv6/icmp6.c.obj
[462/1049] Building C object esp-idf/esp_hw_support/CMakeFiles/__idf_esp_hw_support.dir/port/esp32s3/rtc_time.c.obj
[506/1051] Building C object esp-idf/heap/CMakeFiles/__idf_heap.dir/port/memory_layout_utils.c.obj
[507/1051] Building C object esp-idf/log/CMakeFiles/__idf_log.dir/src/log_level/log_level.c.obj
[463/1049] Building C object esp-idf/soc/CMakeFiles/__idf_soc.dir/esp32s3/adc_periph.c.obj
[263/1051] Building C object esp-idf/lwip/CMakeFiles/__idf_lwip.dir/lwip/src/core/ipv4/dhcp.c.obj
[399/1051] Building C object esp-idf/freertos/CMakeFiles/__idf_freertos.dir/port_systick.c.obj
[544/1051] Building C object esp-idf/hal/CMakeFiles/__idf_hal.dir/i2c_hal.c.obj
[406/1051] Building CXX object esp-idf/nvs_flash/CMakeFiles/__idf_nvs_flash.dir/src/nvs_cxx_api.cpp.obj
[450/1051] Building C object esp-idf/esp_hw_support/CMakeFiles/__idf_esp_hw_support.dir/port/esp32s3/rtc_time.c.obj
[464/1049] Building C object esp-idf/soc/CMakeFiles/__idf_soc.dir/esp32s3/pcnt_periph.c.obj
[390/1051] Building C object esp-idf/newlib/CMakeFiles/__idf_newlib.dir/src/scandir.c.obj
[465/1049] Building C object esp-idf/soc/CMakeFiles/__idf_soc.dir/esp32s3/gdma_periph.c.obj
[545/1051] Building C object esp-idf/hal/CMakeFiles/__idf_hal.dir/sdm_hal.c.obj
[264/1051] Building C object esp-idf/lwip/CMakeFiles/__idf_lwip.dir/lwip/src/core/ipv6/mld6.c.obj
[451/1051] Building C object esp-idf/esp_hw_support/CMakeFiles/__idf_esp_hw_support.dir/sleep_wake_stub.c.obj
[494/1051] Building C object esp-idf/log/CMakeFiles/__idf_log.dir/src/util.c.obj
[452/1051] Building CXX object esp-idf/nvs_flash/CMakeFiles/__idf_nvs_flash.dir/src/nvs_types.cpp.obj
[546/1051] Building C object esp-idf/hal/CMakeFiles/__idf_hal.dir/adc_oneshot_hal.c.obj
[265/1051] Building C object esp-idf/lwip/CMakeFiles/__idf_lwip.dir/lwip/src/api/api_msg.c.obj
[422/1051] Building C object esp-idf/esp_hw_support/CMakeFiles/__idf_esp_hw_support.dir/rtc_module.c.obj
[407/1051] Building C object esp-idf/esp_hw_support/CMakeFiles/__idf_esp_hw_support.dir/esp_memory_utils.c.obj
[453/1051] Building CXX object esp-idf/nvs_flash/CMakeFiles/__idf_nvs_flash.dir/src/nvs_handle_locked.cpp.obj
[266/1051] Building C object esp-idf/lwip/CMakeFiles/__idf_lwip.dir/lwip/src/core/tcp_out.c.obj
[547/1051] Building C object esp-idf/hal/CMakeFiles/__idf_hal.dir/gdma_hal_ahb_v1.c.obj
[408/1051] Building C object esp-idf/esp_hw_support/CMakeFiles/__idf_esp_hw_support.dir/cpu.c.obj
[466/1049] Building C object esp-idf/soc/CMakeFiles/__idf_soc.dir/esp32s3/ledc_periph.c.obj
[409/1051] Building C object esp-idf/esp_hw_support/CMakeFiles/__idf_esp_hw_support.dir/port/esp32s3/esp_cpu_intr.c.obj
[371/1051] Building C object esp-idf/pthread/CMakeFiles/__idf_pthread.dir/pthread_rwlock.c.obj
[548/1051] Building C object esp-idf/hal/CMakeFiles/__idf_hal.dir/lcd_hal.c.obj
[467/1049] Building C object esp-idf/soc/CMakeFiles/__idf_soc.dir/esp32s3/uart_periph.c.obj
[391/1051] Building C object esp-idf/newlib/CMakeFiles/__idf_newlib.dir/src/time.c.obj
[267/1051] Building C object esp-idf/lwip/CMakeFiles/__idf_lwip.dir/lwip/src/core/ipv4/etharp.c.obj
[410/1051] Building C object esp-idf/esp_hw_support/CMakeFiles/__idf_esp_hw_support.dir/port/esp32s3/cpu_region_protect.c.obj
[549/1051] Building C object esp-idf/hal/CMakeFiles/__idf_hal.dir/sha_hal.c.obj
[454/1051] Building C object esp-idf/esp_hw_support/CMakeFiles/__idf_esp_hw_support.dir/port/esp_memprot_conv.c.obj
[372/1051] Building C object esp-idf/newlib/CMakeFiles/__idf_newlib.dir/src/random.c.obj
[455/1051] Building C object esp-idf/soc/CMakeFiles/__idf_soc.dir/esp32s3/interrupts.c.obj
[468/1049] Building C object esp-idf/soc/CMakeFiles/__idf_soc.dir/esp32s3/temperature_sensor_periph.c.obj
[550/1051] Building C object esp-idf/hal/CMakeFiles/__idf_hal.dir/aes_hal.c.obj
[400/1051] Building C object esp-idf/freertos/CMakeFiles/__idf_freertos.dir/FreeRTOS-Kernel/portable/xtensa/xtensa_init.c.obj
[456/1051] Building C object esp-idf/esp_hw_support/CMakeFiles/__idf_esp_hw_support.dir/power_supply/brownout.c.obj
[469/1049] Building C object esp-idf/soc/CMakeFiles/__idf_soc.dir/esp32s3/gpio_periph.c.obj
[551/1051] Building C object esp-idf/hal/CMakeFiles/__idf_hal.dir/gdma_hal_top.c.obj
[470/1049] Building C object esp-idf/soc/CMakeFiles/__idf_soc.dir/esp32s3/dedic_gpio_periph.c.obj
[471/1049] Building C object esp-idf/esp_hw_support/CMakeFiles/__idf_esp_hw_support.dir/port/esp32s3/sar_periph_ctrl.c.obj
[552/1051] Linking C static library esp-idf/esp_timer/libesp_timer.a
[495/1051] Building C object esp-idf/heap/CMakeFiles/__idf_heap.dir/port/memory_layout_utils.c.obj
[508/1051] Building C object esp-idf/hal/CMakeFiles/__idf_hal.dir/color_hal.c.obj
[472/1049] Building CXX object esp-idf/nvs_flash/CMakeFiles/__idf_nvs_flash.dir/src/nvs_handle_simple.cpp.obj
[268/1051] Building C object esp-idf/lwip/CMakeFiles/__idf_lwip.dir/lwip/src/core/ipv6/ip6_addr.c.obj
[553/1051] Building C object esp-idf/hal/CMakeFiles/__idf_hal.dir/uart_hal.c.obj
[496/1051] Building C object esp-idf/log/CMakeFiles/__idf_log.dir/src/os/util.c.obj
[373/1051] Building C object esp-idf/newlib/CMakeFiles/__idf_newlib.dir/src/heap.c.obj
[423/1051] Building C object esp-idf/esp_hw_support/CMakeFiles/__idf_esp_hw_support.dir/port/esp_clk_tree_common.c.obj
[269/1051] Building C object esp-idf/lwip/CMakeFiles/__idf_lwip.dir/lwip/src/netif/ppp/eap.c.obj
[411/1051] Building CXX object esp-idf/cxx/CMakeFiles/__idf_cxx.dir/cxx_guards.cpp.obj
[457/1051] Building C object esp-idf/esp_hw_support/CMakeFiles/__idf_esp_hw_support.dir/port/esp32s3/rtc_sleep.c.obj
[473/1049] Building C object esp-idf/soc/CMakeFiles/__idf_soc.dir/esp32s3/sdm_periph.c.obj
[70/1051] Building C object esp-idf/esp_driver_mcpwm/CMakeFiles/__idf_esp_driver_mcpwm.dir/src/mcpwm_cmpr.c.obj
[270/1051] Building C object esp-idf/lwip/CMakeFiles/__idf_lwip.dir/lwip/src/core/tcp_in.c.obj
[497/1051] Building C object esp-idf/log/CMakeFiles/__idf_log.dir/src/log_format_text.c.obj
[401/1051] Building C object esp-idf/freertos/CMakeFiles/__idf_freertos.dir/FreeRTOS-Kernel/queue.c.obj
[412/1051] Building C object esp-idf/freertos/CMakeFiles/__idf_freertos.dir/FreeRTOS-Kernel/timers.c.obj
[474/1049] Building C object esp-idf/esp_hw_support/CMakeFiles/__idf_esp_hw_support.dir/port/esp32s3/rtc_init.c.obj
[509/1051] Building C object esp-idf/hal/CMakeFiles/__idf_hal.dir/mpu_hal.c.obj
[424/1051] Building C object esp-idf/esp_hw_support/CMakeFiles/__idf_esp_hw_support.dir/port/esp32s3/esp_clk_tree.c.obj
[510/1051] Building C object esp-idf/log/CMakeFiles/__idf_log.dir/src/log_level/tag_log_level/linked_list/log_linked_list.c.obj
[271/1051] Building C object esp-idf/lwip/CMakeFiles/__idf_lwip.dir/lwip/src/netif/ppp/auth.c.obj
[498/1051] Building C object esp-idf/log/CMakeFiles/__idf_log.dir/src/log_print.c.obj
[425/1051] Building C object esp-idf/esp_hw_support/CMakeFiles/__idf_esp_hw_support.dir/dma/esp_dma_utils.c.obj
[511/1051] Building C object esp-idf/hal/CMakeFiles/__idf_hal.dir/hal_utils.c.obj
[499/1051] Building C object esp-idf/log/CMakeFiles/__idf_log.dir/src/os/log_timestamp.c.obj
[272/1051] Building C object esp-idf/lwip/CMakeFiles/__idf_lwip.dir/lwip/src/core/ipv6/ip6_frag.c.obj
[554/1051] Building C object esp-idf/hal/CMakeFiles/__idf_hal.dir/adc_hal.c.obj
[402/1051] Building C object esp-idf/freertos/CMakeFiles/__idf_freertos.dir/esp_additions/idf_additions_event_groups.c.obj
[458/1051] Building C object esp-idf/soc/CMakeFiles/__idf_soc.dir/lldesc.c.obj
[512/1051] Building C object esp-idf/hal/CMakeFiles/__idf_hal.dir/efuse_hal.c.obj
[71/1051] Building C object esp-idf/esp_driver_mcpwm/CMakeFiles/__idf_esp_driver_mcpwm.dir/src/mcpwm_gen.c.obj
[374/1051] Building C object esp-idf/newlib/CMakeFiles/__idf_newlib.dir/src/poll.c.obj
[392/1051] Building C object esp-idf/freertos/CMakeFiles/__idf_freertos.dir/FreeRTOS-Kernel/list.c.obj
[500/1051] Building C object esp-idf/heap/CMakeFiles/__idf_heap.dir/heap_caps_base.c.obj
[513/1051] Building C object esp-idf/esp_hw_support/CMakeFiles/__idf_esp_hw_support.dir/sleep_modes.c.obj
[475/1049] Building C object esp-idf/soc/CMakeFiles/__idf_soc.dir/esp32s3/i2c_periph.c.obj
[555/1051] Linking C static library esp-idf/cxx/libcxx.a
[273/1051] Building C object esp-idf/lwip/CMakeFiles/__idf_lwip.dir/lwip/src/netif/bridgeif_fdb.c.obj
[459/1051] Building C object esp-idf/esp_hw_support/CMakeFiles/__idf_esp_hw_support.dir/mspi_timing_tuning/port/esp32s3/mspi_timing_config.c.obj
[413/1051] Building C object esp-idf/esp_hw_support/CMakeFiles/__idf_esp_hw_support.dir/revision.c.obj
[476/1049] Building C object esp-idf/soc/CMakeFiles/__idf_soc.dir/esp32s3/touch_sensor_periph.c.obj
[514/1051] Building C object esp-idf/log/CMakeFiles/__idf_log.dir/src/log_level/tag_log_level/cache/log_binary_heap.c.obj
[426/1051] Building C object esp-idf/esp_hw_support/CMakeFiles/__idf_esp_hw_support.dir/sar_tsens_ctrl.c.obj
[501/1051] Building C object esp-idf/log/CMakeFiles/__idf_log.dir/src/os/log_lock.c.obj
[556/1051] Building C object esp-idf/hal/CMakeFiles/__idf_hal.dir/sdmmc_hal.c.obj
[477/1049] Building C object esp-idf/soc/CMakeFiles/__idf_soc.dir/esp32s3/i2s_periph.c.obj
[72/1051] Building C object esp-idf/esp_driver_i2s/CMakeFiles/__idf_esp_driver_i2s.dir/i2s_platform.c.obj
[460/1051] Building C object esp-idf/soc/CMakeFiles/__idf_soc.dir/dport_access_common.c.obj
[414/1051] Building CXX object esp-idf/nvs_flash/CMakeFiles/__idf_nvs_flash.dir/src/nvs_encrypted_partition.cpp.obj
[515/1051] Building C object esp-idf/hal/CMakeFiles/__idf_hal.dir/mmu_hal.c.obj
[502/1051] Building C object esp-idf/log/CMakeFiles/__idf_log.dir/src/buffer/log_buffers.c.obj
[557/1051] Building C object esp-idf/hal/CMakeFiles/__idf_hal.dir/spi_slave_hal.c.obj
[427/1051] Building CXX object esp-idf/nvs_flash/CMakeFiles/__idf_nvs_flash.dir/src/nvs_types.cpp.obj
[393/1051] Building C object esp-idf/newlib/CMakeFiles/__idf_newlib.dir/src/newlib_init.c.obj
[516/1051] Building C object esp-idf/log/CMakeFiles/__idf_log.dir/src/log_level/tag_log_level/tag_log_level.c.obj
[403/1051] Building C object esp-idf/freertos/CMakeFiles/__idf_freertos.dir/FreeRTOS-Kernel/portable/xtensa/xtensa_overlay_os_hook.c.obj
[478/1049] Building C object esp-idf/soc/CMakeFiles/__idf_soc.dir/esp32s3/twai_periph.c.obj
[461/1051] Building C object esp-idf/soc/CMakeFiles/__idf_soc.dir/esp32s3/uart_periph.c.obj
[517/1051] Building C object esp-idf/hal/CMakeFiles/__idf_hal.dir/esp32s3/efuse_hal.c.obj
[462/1051] Building C object esp-idf/esp_hw_support/CMakeFiles/__idf_esp_hw_support.dir/lowpower/port/esp32s3/sleep_cpu.c.obj
[479/1049] Building C object esp-idf/soc/CMakeFiles/__idf_soc.dir/esp32s3/rmt_periph.c.obj
[558/1051] Linking C static library esp-idf/pthread/libpthread.a
[375/1051] Building C object esp-idf/newlib/CMakeFiles/__idf_newlib.dir/src/pthread.c.obj
[415/1051] Building C object esp-idf/freertos/CMakeFiles/__idf_freertos.dir/FreeRTOS-Kernel/queue.c.obj
[503/1051] Building C object esp-idf/log/CMakeFiles/__idf_log.dir/src/log_timestamp_common.c.obj
[480/1049] Building C object esp-idf/soc/CMakeFiles/__idf_soc.dir/esp32s3/lcd_periph.c.obj
[463/1051] Building C object esp-idf/soc/CMakeFiles/__idf_soc.dir/esp32s3/gdma_periph.c.obj
[394/1051] Building C object esp-idf/freertos/CMakeFiles/__idf_freertos.dir/port_common.c.obj
[518/1051] Building C object esp-idf/heap/CMakeFiles/__idf_heap.dir/heap_caps_init.c.obj
[559/1051] Building C object esp-idf/hal/CMakeFiles/__idf_hal.dir/brownout_hal.c.obj
[274/1051] Building C object esp-idf/lwip/CMakeFiles/__idf_lwip.dir/lwip/src/netif/ethernet.c.obj
[464/1051] Building C object esp-idf/soc/CMakeFiles/__idf_soc.dir/esp32s3/dedic_gpio_periph.c.obj
[481/1049] Building C object esp-idf/soc/CMakeFiles/__idf_soc.dir/esp32s3/mpi_periph.c.obj
[416/1051] Building C object esp-idf/esp_hw_support/CMakeFiles/__idf_esp_hw_support.dir/periph_ctrl.c.obj
[376/1051] Building CXX object esp-idf/nvs_flash/CMakeFiles/__idf_nvs_flash.dir/src/nvs_item_hash_list.cpp.obj
[404/1051] Building CXX object esp-idf/nvs_flash/CMakeFiles/__idf_nvs_flash.dir/src/nvs_encrypted_partition.cpp.obj
[519/1051] Building CXX object esp-idf/nvs_flash/CMakeFiles/__idf_nvs_flash.dir/src/nvs_storage.cpp.obj
[377/1051] Building C object esp-idf/newlib/CMakeFiles/__idf_newlib.dir/src/termios.c.obj
[482/1049] Building C object esp-idf/soc/CMakeFiles/__idf_soc.dir/esp32s3/wdt_periph.c.obj
[428/1051] Building C object esp-idf/esp_hw_support/CMakeFiles/__idf_esp_hw_support.dir/clk_utils.c.obj
[275/1051] Building C object esp-idf/lwip/CMakeFiles/__idf_lwip.dir/lwip/src/netif/ppp/eui64.c.obj
[504/1051] Building C object esp-idf/log/CMakeFiles/__idf_log.dir/src/os/log_write.c.obj
[465/1051] Building C object esp-idf/soc/CMakeFiles/__idf_soc.dir/esp32s3/gpio_periph.c.obj
[417/1051] Building C object esp-idf/esp_hw_support/CMakeFiles/__idf_esp_hw_support.dir/esp_gpio_reserve.c.obj
[466/1051] Building C object esp-idf/esp_hw_support/CMakeFiles/__idf_esp_hw_support.dir/port/esp32s3/rtc_init.c.obj
[429/1051] Building C object esp-idf/esp_hw_support/CMakeFiles/__idf_esp_hw_support.dir/port/esp32s3/io_mux.c.obj
[418/1051] Building C object esp-idf/freertos/CMakeFiles/__idf_freertos.dir/esp_additions/idf_additions.c.obj
[483/1049] Building CXX object esp-idf/nvs_flash/CMakeFiles/__idf_nvs_flash.dir/src/nvs_encrypted_partition.cpp.obj
[276/1051] Building C object esp-idf/lwip/CMakeFiles/__idf_lwip.dir/lwip/src/netif/ppp/chap_ms.c.obj
[467/1051] Building C object esp-idf/soc/CMakeFiles/__idf_soc.dir/esp32s3/spi_periph.c.obj
[419/1051] Building C object esp-idf/esp_hw_support/CMakeFiles/__idf_esp_hw_support.dir/hw_random.c.obj
[277/1051] Building C object esp-idf/lwip/CMakeFiles/__idf_lwip.dir/lwip/src/netif/ppp/chap-md5.c.obj
[505/1051] Building CXX object esp-idf/nvs_flash/CMakeFiles/__idf_nvs_flash.dir/src/nvs_page.cpp.obj
[468/1051] Building C object esp-idf/soc/CMakeFiles/__idf_soc.dir/esp32s3/pcnt_periph.c.obj
[484/1049] Building C object esp-idf/esp_hw_support/CMakeFiles/__idf_esp_hw_support.dir/lowpower/port/esp32s3/sleep_cpu.c.obj
[378/1051] Building C object esp-idf/newlib/CMakeFiles/__idf_newlib.dir/src/time.c.obj
[506/1051] Building C object esp-idf/heap/CMakeFiles/__idf_heap.dir/multi_heap.c.obj
[520/1051] Building C object esp-idf/heap/CMakeFiles/__idf_heap.dir/tlsf/tlsf.c.obj
[521/1051] Building C object esp-idf/hal/CMakeFiles/__idf_hal.dir/uart_hal.c.obj
[560/1051] Building C object esp-idf/hal/CMakeFiles/__idf_hal.dir/mpi_hal.c.obj
[379/1051] Building C object esp-idf/newlib/CMakeFiles/__idf_newlib.dir/src/locks.c.obj
[507/1051] Building C object esp-idf/log/CMakeFiles/__idf_log.dir/src/log.c.obj
[73/1051] Building C object esp-idf/esp_driver_mcpwm/CMakeFiles/__idf_esp_driver_mcpwm.dir/src/mcpwm_sync.c.obj
[485/1049] Building C object esp-idf/soc/CMakeFiles/__idf_soc.dir/esp32s3/mcpwm_periph.c.obj
[561/1051] Building C object esp-idf/hal/CMakeFiles/__idf_hal.dir/i2s_hal.c.obj
[486/1049] Building C object esp-idf/soc/CMakeFiles/__idf_soc.dir/esp32s3/sdmmc_periph.c.obj
[74/1051] Building C object esp-idf/esp_driver_sdmmc/CMakeFiles/__idf_esp_driver_sdmmc.dir/src/sd_trans_sdmmc.c.obj
[380/1051] Building C object esp-idf/newlib/CMakeFiles/__idf_newlib.dir/src/getentropy.c.obj
[469/1051] Building C object esp-idf/soc/CMakeFiles/__idf_soc.dir/esp32s3/adc_periph.c.obj
[487/1049] Building C object esp-idf/soc/CMakeFiles/__idf_soc.dir/esp32s3/usb_dwc_periph.c.obj
[405/1051] Building CXX object esp-idf/nvs_flash/CMakeFiles/__idf_nvs_flash.dir/src/nvs_item_hash_list.cpp.obj
[522/1051] Building C object esp-idf/hal/CMakeFiles/__idf_hal.dir/spi_flash_encrypt_hal_iram.c.obj
[508/1051] Building C object esp-idf/log/CMakeFiles/__idf_log.dir/src/log_level/log_level.c.obj
[430/1051] Building C object esp-idf/esp_hw_support/CMakeFiles/__idf_esp_hw_support.dir/sleep_usb.c.obj
[381/1051] Building CXX object esp-idf/nvs_flash/CMakeFiles/__idf_nvs_flash.dir/src/nvs_api.cpp.obj
[488/1049] Building C object esp-idf/soc/CMakeFiles/__idf_soc.dir/esp32s3/cam_periph.c.obj
[278/1051] Building C object esp-idf/lwip/CMakeFiles/__idf_lwip.dir/lwip/src/netif/ppp/mppe.c.obj
[75/1051] Building C object esp-idf/esp_driver_i2s/CMakeFiles/__idf_esp_driver_i2s.dir/i2s_tdm.c.obj
[562/1051] Building C object esp-idf/hal/CMakeFiles/__idf_hal.dir/spi_flash_hal_iram.c.obj
[420/1051] Building C object esp-idf/esp_hw_support/CMakeFiles/__idf_esp_hw_support.dir/clk_ctrl_os.c.obj
[470/1051] Building C object esp-idf/esp_hw_support/CMakeFiles/__idf_esp_hw_support.dir/mspi_timing_tuning/port/esp32s3/mspi_timing_by_mspi_delay.c.obj
[279/1051] Building C object esp-idf/lwip/CMakeFiles/__idf_lwip.dir/lwip/src/netif/ppp/chap-new.c.obj
[489/1049] Building C object esp-idf/soc/CMakeFiles/__idf_soc.dir/esp32s3/power_supply_periph.c.obj
[471/1051] Building C object esp-idf/soc/CMakeFiles/__idf_soc.dir/esp32s3/i2s_periph.c.obj
[406/1051] Building C object esp-idf/esp_hw_support/CMakeFiles/__idf_esp_hw_support.dir/esp_memory_utils.c.obj
[431/1051] Building CXX object esp-idf/nvs_flash/CMakeFiles/__idf_nvs_flash.dir/src/nvs_item_hash_list.cpp.obj
[523/1051] Building C object esp-idf/hal/CMakeFiles/__idf_hal.dir/spi_flash_hal.c.obj
[563/1051] Linking C static library esp-idf/newlib/libnewlib.a
[509/1051] Building C object esp-idf/heap/CMakeFiles/__idf_heap.dir/heap_caps_init.c.obj
[490/1049] Building C object esp-idf/soc/CMakeFiles/__idf_soc.dir/esp32s3/timer_periph.c.obj
[407/1051] Building C object esp-idf/freertos/CMakeFiles/__idf_freertos.dir/FreeRTOS-Kernel/portable/xtensa/port.c.obj
[432/1051] Building C object esp-idf/esp_hw_support/CMakeFiles/__idf_esp_hw_support.dir/dma/gdma_link.c.obj
[421/1051] Building C object esp-idf/esp_hw_support/CMakeFiles/__idf_esp_hw_support.dir/dma/esp_dma_utils.c.obj
[491/1049] Building C object esp-idf/soc/CMakeFiles/__idf_soc.dir/esp32s3/rtc_io_periph.c.obj
[395/1051] Building C object esp-idf/newlib/CMakeFiles/__idf_newlib.dir/src/stdatomic.c.obj
[524/1051] Building C object esp-idf/hal/CMakeFiles/__idf_hal.dir/cache_hal.c.obj
[472/1051] Building C object esp-idf/soc/CMakeFiles/__idf_soc.dir/esp32s3/ledc_periph.c.obj
[280/1051] Building C object esp-idf/lwip/CMakeFiles/__idf_lwip.dir/lwip/src/netif/ppp/ccp.c.obj
[408/1051] Building C object esp-idf/esp_hw_support/CMakeFiles/__idf_esp_hw_support.dir/port/esp32s3/cpu_region_protect.c.obj
[525/1051] Building C object esp-idf/hal/CMakeFiles/__idf_hal.dir/uart_hal_iram.c.obj
[492/1049] Building C object esp-idf/heap/CMakeFiles/__idf_heap.dir/multi_heap.c.obj
[422/1051] Building CXX object esp-idf/nvs_flash/CMakeFiles/__idf_nvs_flash.dir/src/nvs_page.cpp.obj
[510/1051] Building C object esp-idf/log/CMakeFiles/__idf_log.dir/src/log_level/tag_log_level/tag_log_level.c.obj
-- Found Python3: /home/tikhon/.espressif/python_env/idf6.0_py3.12_env/bin/python (found version "3.12.3") found components: Interpreter 
[564/1051] Building C object esp-idf/hal/CMakeFiles/__idf_hal.dir/adc_hal_common.c.obj
[409/1051] Building C object esp-idf/esp_hw_support/CMakeFiles/__idf_esp_hw_support.dir/port/esp32s3/esp_cpu_intr.c.obj
[281/1051] Building C object esp-idf/lwip/CMakeFiles/__idf_lwip.dir/lwip/src/netif/slipif.c.obj
[473/1051] Building C object esp-idf/soc/CMakeFiles/__idf_soc.dir/esp32s3/mpi_periph.c.obj
[565/1051] Building C object esp-idf/hal/CMakeFiles/__idf_hal.dir/hmac_hal.c.obj
[511/1051] Building C object esp-idf/hal/CMakeFiles/__idf_hal.dir/mpu_hal.c.obj
[410/1051] Building C object esp-idf/esp_hw_support/CMakeFiles/__idf_esp_hw_support.dir/esp_clk.c.obj
[512/1051] Building C object esp-idf/hal/CMakeFiles/__idf_hal.dir/color_hal.c.obj
[474/1051] Building C object esp-idf/soc/CMakeFiles/__idf_soc.dir/esp32s3/temperature_sensor_periph.c.obj
[475/1051] Building C object esp-idf/soc/CMakeFiles/__idf_soc.dir/esp32s3/sdmmc_periph.c.obj
[76/1051] Building C object esp-idf/esp_driver_i2s/CMakeFiles/__idf_esp_driver_i2s.dir/i2s_std.c.obj
[566/1051] Building C object esp-idf/hal/CMakeFiles/__idf_hal.dir/twai_hal_sja1000.c.obj
[396/1051] Building C object esp-idf/freertos/CMakeFiles/__idf_freertos.dir/port_systick.c.obj
[513/1051] Building C object esp-idf/log/CMakeFiles/__idf_log.dir/src/log_level/tag_log_level/linked_list/log_linked_list.c.obj
[493/1049] Building C object esp-idf/heap/CMakeFiles/__idf_heap.dir/heap_caps_init.c.obj
[423/1051] Building C object esp-idf/esp_hw_support/CMakeFiles/__idf_esp_hw_support.dir/mac_addr.c.obj
[411/1051] Building C object esp-idf/freertos/CMakeFiles/__idf_freertos.dir/FreeRTOS-Kernel/stream_buffer.c.obj
[476/1051] Building C object esp-idf/soc/CMakeFiles/__idf_soc.dir/esp32s3/sdm_periph.c.obj
[567/1051] Building C object esp-idf/hal/CMakeFiles/__idf_hal.dir/spi_hal_iram.c.obj
[477/1051] Building C object esp-idf/esp_hw_support/CMakeFiles/__idf_esp_hw_support.dir/dma/async_memcpy_gdma.c.obj
[514/1051] Building C object esp-idf/hal/CMakeFiles/__idf_hal.dir/efuse_hal.c.obj
[412/1051] Building C object esp-idf/freertos/CMakeFiles/__idf_freertos.dir/FreeRTOS-Kernel/timers.c.obj
[77/1051] Building C object esp-idf/sdmmc/CMakeFiles/__idf_sdmmc.dir/sdmmc_io.c.obj
[282/1051] Building C object esp-idf/lwip/CMakeFiles/__idf_lwip.dir/lwip/src/netif/ppp/demand.c.obj
[494/1049] Building C object esp-idf/log/CMakeFiles/__idf_log.dir/src/log_print.c.obj
[515/1051] Building C object esp-idf/hal/CMakeFiles/__idf_hal.dir/hal_utils.c.obj
[478/1051] Building C object esp-idf/soc/CMakeFiles/__idf_soc.dir/esp32s3/i2c_periph.c.obj
[526/1051] Building C object esp-idf/hal/CMakeFiles/__idf_hal.dir/timer_hal.c.obj
[568/1051] Linking C static library esp-idf/freertos/libfreertos.a
[283/1051] Building C object esp-idf/lwip/CMakeFiles/__idf_lwip.dir/lwip/src/netif/ppp/ecp.c.obj
[78/1051] Building C object esp-idf/esp_driver_mcpwm/CMakeFiles/__idf_esp_driver_mcpwm.dir/src/mcpwm_fault.c.obj
[479/1051] Building C object esp-idf/soc/CMakeFiles/__idf_soc.dir/esp32s3/touch_sensor_periph.c.obj
[413/1051] Building C object esp-idf/freertos/CMakeFiles/__idf_freertos.dir/FreeRTOS-Kernel/event_groups.c.obj
[480/1051] Building C object esp-idf/esp_hw_support/CMakeFiles/__idf_esp_hw_support.dir/port/esp32s3/sar_periph_ctrl.c.obj
[516/1051] Building C object esp-idf/hal/CMakeFiles/__idf_hal.dir/esp32s3/efuse_hal.c.obj
[527/1051] Building C object esp-idf/hal/CMakeFiles/__idf_hal.dir/ledc_hal.c.obj
[382/1051] Building CXX object esp-idf/cxx/CMakeFiles/__idf_cxx.dir/cxx_guards.cpp.obj
[414/1051] Building C object esp-idf/freertos/CMakeFiles/__idf_freertos.dir/esp_additions/idf_additions.c.obj
[569/1051] Building C object esp-idf/hal/CMakeFiles/__idf_hal.dir/usb_serial_jtag_hal.c.obj
[517/1051] Linking C static library esp-idf/nvs_flash/libnvs_flash.a
[481/1051] Building C object esp-idf/soc/CMakeFiles/__idf_soc.dir/esp32s3/twai_periph.c.obj
[79/1051] Building C object esp-idf/esp_driver_rmt/CMakeFiles/__idf_esp_driver_rmt.dir/src/rmt_tx.c.obj
[415/1051] Building C object esp-idf/esp_hw_support/CMakeFiles/__idf_esp_hw_support.dir/cpu.c.obj
[433/1051] Building C object esp-idf/esp_hw_support/CMakeFiles/__idf_esp_hw_support.dir/sleep_modem.c.obj
[495/1049] Building C object esp-idf/log/CMakeFiles/__idf_log.dir/src/util.c.obj
[482/1051] Building C object esp-idf/esp_hw_support/CMakeFiles/__idf_esp_hw_support.dir/port/esp32s3/rtc_clk.c.obj
[424/1051] Building C object esp-idf/esp_hw_support/CMakeFiles/__idf_esp_hw_support.dir/esp_clk.c.obj
[518/1051] Generating sleep_tinygo.o
[570/1051] Building C object esp-idf/hal/CMakeFiles/__idf_hal.dir/cam_hal.c.obj
[483/1051] Building C object esp-idf/soc/CMakeFiles/__idf_soc.dir/esp32s3/usb_dwc_periph.c.obj
[528/1051] Building C object esp-idf/hal/CMakeFiles/__idf_hal.dir/rtc_io_hal.c.obj
[519/1051] Building C object esp-idf/log/CMakeFiles/__idf_log.dir/src/log_level/tag_log_level/cache/log_binary_heap.c.obj
[434/1051] Building CXX object esp-idf/nvs_flash/CMakeFiles/__idf_nvs_flash.dir/src/nvs_encrypted_partition.cpp.obj
[383/1051] Building C object esp-idf/newlib/CMakeFiles/__idf_newlib.dir/src/sysconf.c.obj
[284/1051] Building C object esp-idf/lwip/CMakeFiles/__idf_lwip.dir/lwip/src/netif/ppp/multilink.c.obj
[529/1051] Building C object esp-idf/hal/CMakeFiles/__idf_hal.dir/gpio_hal.c.obj
[496/1049] Building C object esp-idf/log/CMakeFiles/__idf_log.dir/src/os/log_timestamp.c.obj
[416/1051] Building C object esp-idf/esp_hw_support/CMakeFiles/__idf_esp_hw_support.dir/revision.c.obj
[384/1051] Building C object esp-idf/newlib/CMakeFiles/__idf_newlib.dir/src/realpath.c.obj
[425/1051] Building C object esp-idf/esp_hw_support/CMakeFiles/__idf_esp_hw_support.dir/regi2c_ctrl.c.obj
[571/1051] Building C object esp-idf/hal/CMakeFiles/__idf_hal.dir/spi_slave_hal_iram.c.obj
[484/1051] Building C object esp-idf/soc/CMakeFiles/__idf_soc.dir/esp32s3/lcd_periph.c.obj
[285/1051] Building C object esp-idf/lwip/CMakeFiles/__idf_lwip.dir/lwip/src/netif/ppp/pppapi.c.obj
[520/1051] Building C object esp-idf/heap/CMakeFiles/__idf_heap.dir/heap_caps.c.obj
[397/1051] Building ASM object esp-idf/freertos/CMakeFiles/__idf_freertos.dir/FreeRTOS-Kernel/portable/xtensa/portasm.S.obj
[80/1051] Building C object esp-idf/esp_driver_mcpwm/CMakeFiles/__idf_esp_driver_mcpwm.dir/src/mcpwm_com.c.obj
[485/1051] Building C object esp-idf/soc/CMakeFiles/__idf_soc.dir/esp32s3/wdt_periph.c.obj
[530/1051] Building C object esp-idf/hal/CMakeFiles/__idf_hal.dir/i2c_hal_iram.c.obj
[385/1051] Building C object esp-idf/newlib/CMakeFiles/__idf_newlib.dir/src/scandir.c.obj
[286/1051] Building C object esp-idf/lwip/CMakeFiles/__idf_lwip.dir/lwip/src/netif/ppp/ipcp.c.obj
[497/1049] Building C object esp-idf/esp_hw_support/CMakeFiles/__idf_esp_hw_support.dir/port/esp32s3/rtc_clk.c.obj
[572/1051] Building C object esp-idf/hal/CMakeFiles/__idf_hal.dir/spi_hal.c.obj
[386/1051] Building CXX object esp-idf/nvs_flash/CMakeFiles/__idf_nvs_flash.dir/src/nvs_encrypted_partition.cpp.obj
[81/1051] Building ASM object esp-idf/esp_gdbstub/CMakeFiles/__idf_esp_gdbstub.dir/src/port/xtensa/xt_debugexception.S.obj
[486/1051] Building C object esp-idf/soc/CMakeFiles/__idf_soc.dir/esp32s3/cam_periph.c.obj
[531/1051] Building C object esp-idf/esp_hw_support/CMakeFiles/__idf_esp_hw_support.dir/dma/gdma.c.obj
[521/1051] Building C object esp-idf/heap/CMakeFiles/__idf_heap.dir/tlsf/tlsf.c.obj
[287/1051] Building C object esp-idf/lwip/CMakeFiles/__idf_lwip.dir/lwip/src/netif/ppp/fsm.c.obj
[435/1051] Building C object esp-idf/esp_hw_support/CMakeFiles/__idf_esp_hw_support.dir/intr_alloc.c.obj
[532/1051] Building C object esp-idf/esp_hw_support/CMakeFiles/__idf_esp_hw_support.dir/port/esp32s3/esp_memprot.c.obj
[533/1051] Building C object esp-idf/hal/CMakeFiles/__idf_hal.dir/ledc_hal_iram.c.obj
[498/1049] Building C object esp-idf/freertos/CMakeFiles/__idf_freertos.dir/FreeRTOS-Kernel/tasks.c.obj
[573/1051] Building C object esp-idf/hal/CMakeFiles/__idf_hal.dir/spi_flash_hal_gpspi.c.obj
[436/1051] Building C object esp-idf/esp_hw_support/CMakeFiles/__idf_esp_hw_support.dir/sleep_console.c.obj
[487/1051] Building C object esp-idf/soc/CMakeFiles/__idf_soc.dir/esp32s3/power_supply_periph.c.obj
[398/1051] Building C object esp-idf/freertos/CMakeFiles/__idf_freertos.dir/FreeRTOS-Kernel/timers.c.obj
[82/1051] Building ASM object esp-idf/esp_gdbstub/CMakeFiles/__idf_esp_gdbstub.dir/src/port/xtensa/gdbstub-entry.S.obj
[499/1049] Building C object esp-idf/heap/CMakeFiles/__idf_heap.dir/port/memory_layout_utils.c.obj
[534/1051] Building C object esp-idf/hal/CMakeFiles/__idf_hal.dir/systimer_hal.c.obj
[522/1051] Linking C static library esp-idf/esp_event/libesp_event.a
[426/1051] Building C object esp-idf/esp_hw_support/CMakeFiles/__idf_esp_hw_support.dir/port/esp32s3/esp_clk_tree.c.obj
[288/1051] Building C object esp-idf/lwip/CMakeFiles/__idf_lwip.dir/lwip/src/netif/ppp/ipv6cp.c.obj
[535/1051] Building C object esp-idf/hal/CMakeFiles/__idf_hal.dir/gdma_hal_ahb_v1.c.obj
[523/1051] Building C object esp-idf/hal/CMakeFiles/__idf_hal.dir/timer_hal.c.obj
[83/1051] Building C object esp-idf/esp_driver_i2s/CMakeFiles/__idf_esp_driver_i2s.dir/i2s_pdm.c.obj
[417/1051] Building C object esp-idf/esp_hw_support/CMakeFiles/__idf_esp_hw_support.dir/esp_gpio_reserve.c.obj
[500/1049] Building C object esp-idf/heap/CMakeFiles/__idf_heap.dir/port/esp32s3/memory_layout.c.obj
[289/1051] Building C object esp-idf/lwip/CMakeFiles/__idf_lwip.dir/lwip/src/netif/ppp/magic.c.obj
[488/1051] Building C object esp-idf/soc/CMakeFiles/__idf_soc.dir/esp32s3/rtc_io_periph.c.obj
[536/1051] Building C object esp-idf/hal/CMakeFiles/__idf_hal.dir/rmt_hal.c.obj
[84/1051] Building C object esp-idf/esp_gdbstub/CMakeFiles/__idf_esp_gdbstub.dir/src/port/xtensa/gdbstub_xtensa.c.obj
[574/1051] Building C object esp-idf/esp_rom/CMakeFiles/__idf_esp_rom.dir/patches/esp_rom_crc.c.obj
[427/1051] Building CXX object esp-idf/nvs_flash/CMakeFiles/__idf_nvs_flash.dir/src/nvs_handle_simple.cpp.obj
[399/1051] Building C object esp-idf/freertos/CMakeFiles/__idf_freertos.dir/FreeRTOS-Kernel/portable/xtensa/xtensa_init.c.obj
[575/1051] Building C object esp-idf/hal/CMakeFiles/__idf_hal.dir/ds_hal.c.obj
[501/1049] Building C object esp-idf/log/CMakeFiles/__idf_log.dir/src/log_format_text.c.obj
[290/1051] Building C object esp-idf/lwip/CMakeFiles/__idf_lwip.dir/lwip/src/netif/ppp/ppp.c.obj
[537/1051] Building C object esp-idf/hal/CMakeFiles/__idf_hal.dir/uhci_hal.c.obj
[400/1051] Building C object esp-idf/freertos/CMakeFiles/__idf_freertos.dir/app_startup.c.obj
[489/1051] Building C object esp-idf/soc/CMakeFiles/__idf_soc.dir/esp32s3/rmt_periph.c.obj
[428/1051] Building C object esp-idf/esp_hw_support/CMakeFiles/__idf_esp_hw_support.dir/port/esp_clk_tree_common.c.obj
[387/1051] Building C object esp-idf/newlib/CMakeFiles/__idf_newlib.dir/src/syscalls.c.obj
[437/1051] Building C object esp-idf/esp_hw_support/CMakeFiles/__idf_esp_hw_support.dir/port/esp32s3/systimer.c.obj
[576/1051] Building C object esp-idf/hal/CMakeFiles/__idf_hal.dir/usb_wrap_hal.c.obj
[502/1049] Building C object esp-idf/log/CMakeFiles/__idf_log.dir/src/log.c.obj
[524/1051] Building C object esp-idf/hal/CMakeFiles/__idf_hal.dir/spi_flash_encrypt_hal_iram.c.obj
[291/1051] Building C object esp-idf/lwip/CMakeFiles/__idf_lwip.dir/lwip/src/netif/ppp/lcp.c.obj
[401/1051] Building C object esp-idf/freertos/CMakeFiles/__idf_freertos.dir/esp_additions/idf_additions_event_groups.c.obj
-- Performing Test CMAKE_HAVE_LIBC_PTHREAD
[503/1049] Building C object esp-idf/log/CMakeFiles/__idf_log.dir/src/log_level/log_level.c.obj
[292/1051] Building C object esp-idf/lwip/CMakeFiles/__idf_lwip.dir/lwip/src/core/ipv6/ip6.c.obj
[490/1051] Building C object esp-idf/soc/CMakeFiles/__idf_soc.dir/esp32s3/timer_periph.c.obj
[577/1051] Building C object esp-idf/hal/CMakeFiles/__idf_hal.dir/touch_sensor_hal.c.obj
[504/1049] Building C object esp-idf/log/CMakeFiles/__idf_log.dir/src/os/util.c.obj
[538/1051] Building C object esp-idf/hal/CMakeFiles/__idf_hal.dir/gdma_hal_top.c.obj
[429/1051] Building C object esp-idf/esp_hw_support/CMakeFiles/__idf_esp_hw_support.dir/rtc_module.c.obj
[418/1051] Building CXX object esp-idf/nvs_flash/CMakeFiles/__idf_nvs_flash.dir/src/nvs_pagemanager.cpp.obj
[539/1051] Building C object esp-idf/hal/CMakeFiles/__idf_hal.dir/esp32s3/clk_tree_hal.c.obj
[578/1051] Building C object esp-idf/esp_rom/CMakeFiles/__idf_esp_rom.dir/patches/esp_rom_sys.c.obj
[293/1051] Building C object esp-idf/lwip/CMakeFiles/__idf_lwip.dir/port/debug/lwip_debug.c.obj
[491/1051] Building C object esp-idf/log/CMakeFiles/__idf_log.dir/src/os/log_lock.c.obj
[540/1051] Building C object esp-idf/hal/CMakeFiles/__idf_hal.dir/pcnt_hal.c.obj
[419/1051] Building C object esp-idf/esp_hw_support/CMakeFiles/__idf_esp_hw_support.dir/hw_random.c.obj
[388/1051] Building C object esp-idf/newlib/CMakeFiles/__idf_newlib.dir/src/reent_init.c.obj
[430/1051] Building C object esp-idf/esp_hw_support/CMakeFiles/__idf_esp_hw_support.dir/sar_tsens_ctrl.c.obj
[579/1051] Building ASM object esp-idf/esp_rom/CMakeFiles/__idf_esp_rom.dir/patches/esp_rom_longjmp.S.obj
[525/1051] Building C object esp-idf/hal/CMakeFiles/__idf_hal.dir/mmu_hal.c.obj
[420/1051] Building C object esp-idf/esp_hw_support/CMakeFiles/__idf_esp_hw_support.dir/rtc_module.c.obj
[505/1049] Building C object esp-idf/log/CMakeFiles/__idf_log.dir/src/os/log_write.c.obj
[438/1051] Building C object esp-idf/esp_hw_support/CMakeFiles/__idf_esp_hw_support.dir/dma/esp_async_memcpy.c.obj
[526/1051] Building C object esp-idf/hal/CMakeFiles/__idf_hal.dir/uart_hal_iram.c.obj
[85/1051] Building C object esp-idf/http_parser/CMakeFiles/__idf_http_parser.dir/http_parser.c.obj
[389/1051] Building C object esp-idf/newlib/CMakeFiles/__idf_newlib.dir/src/reent_syscalls.c.obj
[580/1051] Building C object esp-idf/hal/CMakeFiles/__idf_hal.dir/usb_dwc_hal.c.obj
[294/1051] Building C object esp-idf/lwip/CMakeFiles/__idf_lwip.dir/lwip/src/netif/ppp/utils.c.obj
[581/1051] Building C object esp-idf/esp_rom/CMakeFiles/__idf_esp_rom.dir/patches/esp_rom_wdt.c.obj
[402/1051] Building CXX object esp-idf/nvs_flash/CMakeFiles/__idf_nvs_flash.dir/src/nvs_cxx_api.cpp.obj
[431/1051] Building C object esp-idf/esp_hw_support/CMakeFiles/__idf_esp_hw_support.dir/sleep_usb.c.obj
[527/1051] Linking C static library esp-idf/esp_driver_uart/libesp_driver_uart.a
[295/1051] Building C object esp-idf/lwip/CMakeFiles/__idf_lwip.dir/lwip/src/netif/ppp/pppol2tp.c.obj
[390/1051] Building C object esp-idf/newlib/CMakeFiles/__idf_newlib.dir/src/flockfile.c.obj
[541/1051] Building C object esp-idf/hal/CMakeFiles/__idf_hal.dir/sdmmc_hal.c.obj
[432/1051] Building C object esp-idf/esp_hw_support/CMakeFiles/__idf_esp_hw_support.dir/spi_bus_lock.c.obj
[582/1051] Building C object esp-idf/hal/CMakeFiles/__idf_hal.dir/temperature_sensor_hal.c.obj
[506/1049] Building C object esp-idf/log/CMakeFiles/__idf_log.dir/src/log_level/tag_log_level/cache/log_binary_heap.c.obj
[439/1051] Building C object esp-idf/esp_hw_support/CMakeFiles/__idf_esp_hw_support.dir/spi_bus_lock.c.obj
[528/1051] Building C object esp-idf/hal/CMakeFiles/__idf_hal.dir/pcnt_hal.c.obj
[529/1051] Building C object esp-idf/hal/CMakeFiles/__idf_hal.dir/ledc_hal.c.obj
[583/1051] Building C object esp-idf/hal/CMakeFiles/__idf_hal.dir/xt_wdt_hal.c.obj
[542/1051] Building C object esp-idf/hal/CMakeFiles/__idf_hal.dir/mcpwm_hal.c.obj
[433/1051] Building C object esp-idf/esp_hw_support/CMakeFiles/__idf_esp_hw_support.dir/spi_share_hw_ctrl.c.obj
[440/1051] Building C object esp-idf/esp_hw_support/CMakeFiles/__idf_esp_hw_support.dir/mspi_timing_tuning/mspi_timing_tuning.c.obj
[543/1051] Building C object esp-idf/hal/CMakeFiles/__idf_hal.dir/sdm_hal.c.obj
[530/1051] Building C object esp-idf/hal/CMakeFiles/__idf_hal.dir/uart_hal.c.obj
[296/1051] Building C object esp-idf/lwip/CMakeFiles/__idf_lwip.dir/lwip/src/netif/ppp/pppos.c.obj
[507/1049] Building C object esp-idf/log/CMakeFiles/__idf_log.dir/src/log_level/tag_log_level/tag_log_level.c.obj
[421/1051] Building C object esp-idf/esp_hw_support/CMakeFiles/__idf_esp_hw_support.dir/mac_addr.c.obj
[584/1051] Linking C static library esp-idf/esp_hw_support/libesp_hw_support.a
[434/1051] Building C object esp-idf/esp_hw_support/CMakeFiles/__idf_esp_hw_support.dir/port/esp32s3/io_mux.c.obj
[441/1051] Building CXX object esp-idf/nvs_flash/CMakeFiles/__idf_nvs_flash.dir/src/nvs_handle_simple.cpp.obj
[403/1051] Building C object esp-idf/freertos/CMakeFiles/__idf_freertos.dir/FreeRTOS-Kernel/event_groups.c.obj
[508/1049] Building C object esp-idf/hal/CMakeFiles/__idf_hal.dir/mpu_hal.c.obj
[391/1051] Building C object esp-idf/newlib/CMakeFiles/__idf_newlib.dir/src/port/esp_time_impl.c.obj
[585/1051] Building C object esp-idf/hal/CMakeFiles/__idf_hal.dir/esp32s3/rtc_cntl_hal.c.obj
[544/1051] Building C object esp-idf/hal/CMakeFiles/__idf_hal.dir/i2c_hal.c.obj
[442/1051] Building C object esp-idf/esp_hw_support/CMakeFiles/__idf_esp_hw_support.dir/spi_share_hw_ctrl.c.obj
[586/1051] Building C object esp-idf/esp_rom/CMakeFiles/__idf_esp_rom.dir/patches/esp_rom_efuse.c.obj
[509/1049] Building C object esp-idf/log/CMakeFiles/__idf_log.dir/src/log_level/tag_log_level/linked_list/log_linked_list.c.obj
[492/1051] Building C object esp-idf/log/CMakeFiles/__idf_log.dir/src/util.c.obj
[545/1051] Building C object esp-idf/hal/CMakeFiles/__idf_hal.dir/sha_hal.c.obj
[510/1049] Building C object esp-idf/hal/CMakeFiles/__idf_hal.dir/hal_utils.c.obj
[587/1051] Building ASM object esp-idf/esp_rom/CMakeFiles/__idf_esp_rom.dir/patches/esp_rom_cache_writeback_esp32s3.S.obj
[493/1051] Building C object esp-idf/soc/CMakeFiles/__idf_soc.dir/esp32s3/mcpwm_periph.c.obj
[404/1051] Building C object esp-idf/freertos/CMakeFiles/__idf_freertos.dir/FreeRTOS-Kernel/portable/xtensa/port.c.obj
[494/1051] Building C object esp-idf/heap/CMakeFiles/__idf_heap.dir/port/esp32s3/memory_layout.c.obj
[546/1051] Building CXX object esp-idf/nvs_flash/CMakeFiles/__idf_nvs_flash.dir/src/nvs_api.cpp.obj
[588/1051] Building C object esp-idf/esp_rom/CMakeFiles/__idf_esp_rom.dir/patches/esp_rom_spiflash.c.obj
[511/1049] Building C object esp-idf/log/CMakeFiles/__idf_log.dir/src/log_timestamp_common.c.obj
[435/1051] Building C object esp-idf/freertos/CMakeFiles/__idf_freertos.dir/FreeRTOS-Kernel/tasks.c.obj
[531/1051] Linking C static library esp-idf/esp_ringbuf/libesp_ringbuf.a
[512/1049] Building C object esp-idf/log/CMakeFiles/__idf_log.dir/src/os/log_lock.c.obj
[589/1051] Building C object esp-idf/esp_rom/CMakeFiles/__idf_esp_rom.dir/patches/esp_rom_systimer.c.obj
[443/1051] Building C object esp-idf/esp_hw_support/CMakeFiles/__idf_esp_hw_support.dir/adc_share_hw_ctrl.c.obj
[436/1051] Building C object esp-idf/esp_hw_support/CMakeFiles/__idf_esp_hw_support.dir/sleep_modem.c.obj
[86/1051] Building C object esp-idf/esp_driver_mcpwm/CMakeFiles/__idf_esp_driver_mcpwm.dir/src/mcpwm_oper.c.obj
[87/1051] Linking C static library esp-idf/http_parser/libhttp_parser.a
[532/1051] Building C object esp-idf/hal/CMakeFiles/__idf_hal.dir/spi_flash_hal.c.obj
[533/1051] Building C object esp-idf/hal/CMakeFiles/__idf_hal.dir/systimer_hal.c.obj
[422/1051] Building C object esp-idf/esp_hw_support/CMakeFiles/__idf_esp_hw_support.dir/sar_tsens_ctrl.c.obj
[513/1049] Building C object esp-idf/hal/CMakeFiles/__idf_hal.dir/color_hal.c.obj
[590/1051] Building C object esp-idf/esp_rom/CMakeFiles/__idf_esp_rom.dir/patches/esp_rom_gpio.c.obj
[534/1051] Building C object esp-idf/hal/CMakeFiles/__idf_hal.dir/gpio_hal.c.obj
[392/1051] Building C object esp-idf/newlib/CMakeFiles/__idf_newlib.dir/src/newlib_init.c.obj
[297/1051] Building C object esp-idf/lwip/CMakeFiles/__idf_lwip.dir/lwip/src/netif/ppp/pppoe.c.obj
[514/1049] Building C object esp-idf/esp_hw_support/CMakeFiles/__idf_esp_hw_support.dir/sleep_modes.c.obj
[547/1051] Building C object esp-idf/hal/CMakeFiles/__idf_hal.dir/aes_hal.c.obj
[405/1051] Building C object esp-idf/freertos/CMakeFiles/__idf_freertos.dir/FreeRTOS-Kernel/portable/xtensa/xtensa_overlay_os_hook.c.obj
[495/1051] Building C object esp-idf/esp_hw_support/CMakeFiles/__idf_esp_hw_support.dir/sleep_modes.c.obj
[88/1051] Building C object esp-idf/esp_driver_mcpwm/CMakeFiles/__idf_esp_driver_mcpwm.dir/src/mcpwm_cap.c.obj
[406/1051] Building C object esp-idf/freertos/CMakeFiles/__idf_freertos.dir/FreeRTOS-Kernel/queue.c.obj
[423/1051] Building C object esp-idf/esp_hw_support/CMakeFiles/__idf_esp_hw_support.dir/port/esp32s3/esp_clk_tree.c.obj
[393/1051] Building C object esp-idf/freertos/CMakeFiles/__idf_freertos.dir/port_systick.c.obj
[298/1051] Building C object esp-idf/lwip/CMakeFiles/__idf_lwip.dir/apps/ping/ping.c.obj
[515/1049] Building C object esp-idf/heap/CMakeFiles/__idf_heap.dir/heap_caps_base.c.obj
[516/1049] Building C object esp-idf/log/CMakeFiles/__idf_log.dir/src/buffer/log_buffers.c.obj
[517/1049] Building C object esp-idf/hal/CMakeFiles/__idf_hal.dir/efuse_hal.c.obj
[591/1051] Building C object esp-idf/esp_rom/CMakeFiles/__idf_esp_rom.dir/patches/esp_rom_serial_output.c.obj
[437/1051] Building C object esp-idf/esp_hw_support/CMakeFiles/__idf_esp_hw_support.dir/intr_alloc.c.obj
[424/1051] Building C object esp-idf/esp_hw_support/CMakeFiles/__idf_esp_hw_support.dir/periph_ctrl.c.obj
[548/1051] Building C object esp-idf/hal/CMakeFiles/__idf_hal.dir/lcd_hal.c.obj
[89/1051] Building C object esp-idf/esp_driver_pcnt/CMakeFiles/__idf_esp_driver_pcnt.dir/src/pulse_cnt.c.obj
[407/1051] Building CXX object esp-idf/nvs_flash/CMakeFiles/__idf_nvs_flash.dir/src/nvs_types.cpp.obj
[592/1051] Linking C static library esp-idf/soc/libsoc.a
[496/1051] Building C object esp-idf/heap/CMakeFiles/__idf_heap.dir/port/memory_layout_utils.c.obj
[394/1051] Building C object esp-idf/freertos/CMakeFiles/__idf_freertos.dir/app_startup.c.obj
[90/1051] Building C object esp-idf/esp_wifi/CMakeFiles/__idf_esp_wifi.dir/src/lib_printf.c.obj
[438/1051] Building C object esp-idf/esp_hw_support/CMakeFiles/__idf_esp_hw_support.dir/mspi_timing_tuning/mspi_timing_tuning.c.obj
[535/1051] Building C object esp-idf/hal/CMakeFiles/__idf_hal.dir/i2c_hal_iram.c.obj
[425/1051] Building C object esp-idf/esp_hw_support/CMakeFiles/__idf_esp_hw_support.dir/clk_ctrl_os.c.obj
[91/1051] Building C object esp-idf/sdmmc/CMakeFiles/__idf_sdmmc.dir/sdmmc_sd.c.obj
[497/1051] Building C object esp-idf/log/CMakeFiles/__idf_log.dir/src/buffer/log_buffers.c.obj
[593/1051] Building C object esp-idf/esp_rom/CMakeFiles/__idf_esp_rom.dir/patches/esp_rom_print.c.obj
[498/1051] Building C object esp-idf/heap/CMakeFiles/__idf_heap.dir/heap_caps_base.c.obj
[536/1051] Building C object esp-idf/hal/CMakeFiles/__idf_hal.dir/ledc_hal_iram.c.obj
[395/1051] Building CXX object esp-idf/nvs_flash/CMakeFiles/__idf_nvs_flash.dir/src/nvs_page.cpp.obj
[299/1051] Building C object esp-idf/lwip/CMakeFiles/__idf_lwip.dir/lwip/src/netif/ppp/upap.c.obj
[594/1051] Building C object esp-idf/esp_system/CMakeFiles/__idf_esp_system.dir/esp_system_console.c.obj
[444/1051] Building C object esp-idf/esp_hw_support/CMakeFiles/__idf_esp_hw_support.dir/sleep_event.c.obj
[426/1051] Building C object esp-idf/esp_hw_support/CMakeFiles/__idf_esp_hw_support.dir/dma/esp_dma_utils.c.obj
[537/1051] Building C object esp-idf/hal/CMakeFiles/__idf_hal.dir/cache_hal.c.obj
[499/1051] Building C object esp-idf/log/CMakeFiles/__idf_log.dir/src/log_timestamp_common.c.obj
[408/1051] Building C object esp-idf/esp_hw_support/CMakeFiles/__idf_esp_hw_support.dir/esp_memory_utils.c.obj
[439/1051] Building C object esp-idf/esp_hw_support/CMakeFiles/__idf_esp_hw_support.dir/clk_utils.c.obj
[518/1049] Building C object esp-idf/hal/CMakeFiles/__idf_hal.dir/uart_hal_iram.c.obj
[396/1051] Building C object esp-idf/freertos/CMakeFiles/__idf_freertos.dir/heap_idf.c.obj
[92/1051] Building C object esp-idf/esp_wifi/CMakeFiles/__idf_esp_wifi.dir/src/smartconfig.c.obj
[549/1051] Linking C static library esp-idf/nvs_flash/libnvs_flash.a
[538/1051] Building C object esp-idf/hal/CMakeFiles/__idf_hal.dir/rtc_io_hal.c.obj
[519/1049] Building C object esp-idf/hal/CMakeFiles/__idf_hal.dir/rtc_io_hal.c.obj
[440/1051] Building C object esp-idf/esp_hw_support/CMakeFiles/__idf_esp_hw_support.dir/port/esp32s3/systimer.c.obj
[427/1051] Building C object esp-idf/esp_hw_support/CMakeFiles/__idf_esp_hw_support.dir/regi2c_ctrl.c.obj
[539/1051] Linking C static library esp-idf/esp_driver_gptimer/libesp_driver_gptimer.a
[441/1051] Building C object esp-idf/esp_hw_support/CMakeFiles/__idf_esp_hw_support.dir/dma/gdma_link.c.obj
[397/1051] Building C object esp-idf/freertos/CMakeFiles/__idf_freertos.dir/FreeRTOS-Kernel/stream_buffer.c.obj
[500/1051] Building C object esp-idf/log/CMakeFiles/__idf_log.dir/src/log_level/log_level.c.obj
-- Performing Test CMAKE_HAVE_LIBC_PTHREAD - Success
[550/1051] Building C object esp-idf/hal/CMakeFiles/__idf_hal.dir/spi_flash_hal_iram.c.obj
[445/1051] Building CXX object esp-idf/nvs_flash/CMakeFiles/__idf_nvs_flash.dir/src/nvs_page.cpp.obj
[540/1051] Building C object esp-idf/hal/CMakeFiles/__idf_hal.dir/i2c_hal.c.obj
[501/1051] Building C object esp-idf/log/CMakeFiles/__idf_log.dir/src/os/log_timestamp.c.obj
[446/1051] Building CXX object esp-idf/nvs_flash/CMakeFiles/__idf_nvs_flash.dir/src/nvs_handle_locked.cpp.obj
[595/1051] Building C object esp-idf/esp_rom/CMakeFiles/__idf_esp_rom.dir/patches/esp_rom_cache_esp32s2_esp32s3.c.obj
-- Found Threads: TRUE  
[520/1049] Building C object esp-idf/hal/CMakeFiles/__idf_hal.dir/ledc_hal.c.obj
[442/1051] Building C object esp-idf/esp_hw_support/CMakeFiles/__idf_esp_hw_support.dir/usb_phy/usb_phy.c.obj
[409/1051] Building C object esp-idf/esp_hw_support/CMakeFiles/__idf_esp_hw_support.dir/port/esp32s3/esp_cpu_intr.c.obj
[521/1049] Building CXX object esp-idf/nvs_flash/CMakeFiles/__idf_nvs_flash.dir/src/nvs_api.cpp.obj
[410/1051] Building C object esp-idf/esp_hw_support/CMakeFiles/__idf_esp_hw_support.dir/port/esp32s3/cpu_region_protect.c.obj
[541/1051] Building C object esp-idf/hal/CMakeFiles/__idf_hal.dir/sdmmc_hal.c.obj
[551/1051] Building C object esp-idf/hal/CMakeFiles/__idf_hal.dir/hmac_hal.c.obj
[300/1051] Building C object esp-idf/lwip/CMakeFiles/__idf_lwip.dir/lwip/src/netif/ppp/pppcrypt.c.obj
[522/1049] Building C object esp-idf/hal/CMakeFiles/__idf_hal.dir/cache_hal.c.obj
[552/1051] Linking C static library esp-idf/esp_event/libesp_event.a
[502/1051] Building C object esp-idf/log/CMakeFiles/__idf_log.dir/src/log_format_text.c.obj
[443/1051] Building C object esp-idf/esp_hw_support/CMakeFiles/__idf_esp_hw_support.dir/sleep_console.c.obj
[398/1051] Building C object esp-idf/freertos/CMakeFiles/__idf_freertos.dir/FreeRTOS-Kernel/timers.c.obj
[447/1051] Building C object esp-idf/esp_hw_support/CMakeFiles/__idf_esp_hw_support.dir/usb_phy/usb_phy.c.obj
[399/1051] Building C object esp-idf/freertos/CMakeFiles/__idf_freertos.dir/port_common.c.obj
[542/1051] Building C object esp-idf/hal/CMakeFiles/__idf_hal.dir/uhci_hal.c.obj
[301/1051] Building C object esp-idf/lwip/CMakeFiles/__idf_lwip.dir/lwip/src/netif/ppp/vj.c.obj
[93/1051] Building C object esp-idf/esp_driver_i2s/CMakeFiles/__idf_esp_driver_i2s.dir/i2s_common.c.obj
[553/1051] Building C object esp-idf/hal/CMakeFiles/__idf_hal.dir/brownout_hal.c.obj
[444/1051] Building C object esp-idf/esp_hw_support/CMakeFiles/__idf_esp_hw_support.dir/sleep_event.c.obj
[94/1051] Building C object esp-idf/esp_gdbstub/CMakeFiles/__idf_esp_gdbstub.dir/src/gdbstub_transport.c.obj
[400/1051] Building C object esp-idf/newlib/CMakeFiles/__idf_newlib.dir/src/stdatomic.c.obj
-- Performing Test C_COMPILER_SUPPORTS_WFORMAT_SIGNEDNESS
[596/1051] Building C object esp-idf/hal/CMakeFiles/__idf_hal.dir/spi_slave_hd_hal.c.obj
[411/1051] Building C object esp-idf/esp_hw_support/CMakeFiles/__idf_esp_hw_support.dir/hw_random.c.obj
[554/1051] Building C object esp-idf/hal/CMakeFiles/__idf_hal.dir/adc_oneshot_hal.c.obj
[428/1051] Building C object esp-idf/esp_hw_support/CMakeFiles/__idf_esp_hw_support.dir/port/esp32s3/io_mux.c.obj
[95/1051] Building C object esp-idf/esp_gdbstub/CMakeFiles/__idf_esp_gdbstub.dir/src/packet.c.obj
[429/1051] Building C object esp-idf/esp_hw_support/CMakeFiles/__idf_esp_hw_support.dir/spi_share_hw_ctrl.c.obj
[412/1051] Building C object esp-idf/esp_hw_support/CMakeFiles/__idf_esp_hw_support.dir/cpu.c.obj
[445/1051] Building C object esp-idf/esp_hw_support/CMakeFiles/__idf_esp_hw_support.dir/dma/esp_async_memcpy.c.obj
[523/1049] Building C object esp-idf/hal/CMakeFiles/__idf_hal.dir/esp32s3/efuse_hal.c.obj
[302/1051] Building C object esp-idf/lwip/CMakeFiles/__idf_lwip.dir/port/hooks/tcp_isn_default.c.obj
[503/1051] Building CXX object esp-idf/nvs_flash/CMakeFiles/__idf_nvs_flash.dir/src/nvs_page.cpp.obj
[96/1051] Building C object esp-idf/esp_wifi/CMakeFiles/__idf_esp_wifi.dir/src/mesh_event.c.obj
[597/1051] Building C object esp-idf/esp_system/CMakeFiles/__idf_esp_system.dir/esp_err.c.obj
[543/1051] Building C object esp-idf/hal/CMakeFiles/__idf_hal.dir/gdma_hal_top.c.obj
[401/1051] Building C object esp-idf/freertos/CMakeFiles/__idf_freertos.dir/FreeRTOS-Kernel/list.c.obj
[555/1051] Building C object esp-idf/hal/CMakeFiles/__idf_hal.dir/mpi_hal.c.obj
[303/1051] Building C object esp-idf/lwip/CMakeFiles/__idf_lwip.dir/port/hooks/lwip_default_hooks.c.obj
[448/1051] Building C object esp-idf/esp_hw_support/CMakeFiles/__idf_esp_hw_support.dir/port/esp32s3/rtc_clk_init.c.obj
[449/1051] Building C object esp-idf/esp_hw_support/CMakeFiles/__idf_esp_hw_support.dir/port/esp32s3/chip_info.c.obj
[544/1051] Building C object esp-idf/hal/CMakeFiles/__idf_hal.dir/rmt_hal.c.obj
[402/1051] Building C object esp-idf/esp_driver_uart/CMakeFiles/__idf_esp_driver_uart.dir/src/uart.c.obj
[524/1049] Building C object esp-idf/hal/CMakeFiles/__idf_hal.dir/spi_flash_encrypt_hal_iram.c.obj
[413/1051] Building C object esp-idf/esp_driver_uart/CMakeFiles/__idf_esp_driver_uart.dir/src/uart.c.obj
[556/1051] Linking C static library esp-idf/esp_driver_uart/libesp_driver_uart.a
[304/1051] Building C object esp-idf/lwip/CMakeFiles/__idf_lwip.dir/port/esp32xx/vfs_lwip.c.obj
[598/1051] Building C object esp-idf/hal/CMakeFiles/__idf_hal.dir/touch_sens_hal.c.obj
[430/1051] Building C object esp-idf/esp_hw_support/CMakeFiles/__idf_esp_hw_support.dir/dma/gdma_link.c.obj
[545/1051] Building C object esp-idf/hal/CMakeFiles/__idf_hal.dir/mpi_hal.c.obj
[504/1051] Building C object esp-idf/heap/CMakeFiles/__idf_heap.dir/heap_caps.c.obj
[403/1051] Building ASM object esp-idf/freertos/CMakeFiles/__idf_freertos.dir/FreeRTOS-Kernel/portable/xtensa/portasm.S.obj
[546/1051] Building C object esp-idf/hal/CMakeFiles/__idf_hal.dir/esp32s3/clk_tree_hal.c.obj
[450/1051] Building C object esp-idf/esp_hw_support/CMakeFiles/__idf_esp_hw_support.dir/sleep_gpio.c.obj
[97/1051] Building C object esp-idf/esp_coex/CMakeFiles/__idf_esp_coex.dir/src/coexist_debug_diagram.c.obj
[505/1051] Building C object esp-idf/log/CMakeFiles/__idf_log.dir/src/log_print.c.obj
[547/1051] Building C object esp-idf/hal/CMakeFiles/__idf_hal.dir/mcpwm_hal.c.obj
[404/1051] Building CXX object esp-idf/nvs_flash/CMakeFiles/__idf_nvs_flash.dir/src/nvs_handle_locked.cpp.obj
[557/1051] Building C object esp-idf/hal/CMakeFiles/__idf_hal.dir/adc_hal_common.c.obj
[506/1051] Building C object esp-idf/log/CMakeFiles/__idf_log.dir/src/log.c.obj
[414/1051] Building CXX object esp-idf/nvs_flash/CMakeFiles/__idf_nvs_flash.dir/src/nvs_partition_manager.cpp.obj
[548/1051] Building C object esp-idf/hal/CMakeFiles/__idf_hal.dir/sdm_hal.c.obj
[405/1051] Building C object esp-idf/freertos/CMakeFiles/__idf_freertos.dir/FreeRTOS-Kernel/portable/xtensa/xtensa_init.c.obj
[431/1051] Building C object esp-idf/esp_hw_support/CMakeFiles/__idf_esp_hw_support.dir/intr_alloc.c.obj
[451/1051] Building C object esp-idf/esp_hw_support/CMakeFiles/__idf_esp_hw_support.dir/sleep_wake_stub.c.obj
[549/1051] Linking C static library esp-idf/esp_timer/libesp_timer.a
[599/1051] Building C object esp-idf/esp_system/CMakeFiles/__idf_esp_system.dir/stack_check.c.obj
[305/1051] Building C object esp-idf/lwip/CMakeFiles/__idf_lwip.dir/lwip/src/netif/ppp/polarssl/md5.c.obj
[452/1051] Building C object esp-idf/esp_hw_support/CMakeFiles/__idf_esp_hw_support.dir/port/esp32s3/sar_periph_ctrl.c.obj
[558/1051] Linking C static library esp-idf/esp_ringbuf/libesp_ringbuf.a
[559/1051] Building C object esp-idf/hal/CMakeFiles/__idf_hal.dir/touch_sensor_hal.c.obj
[525/1049] Building C object esp-idf/heap/CMakeFiles/__idf_heap.dir/heap_caps.c.obj
[507/1051] Building C object esp-idf/esp_hw_support/CMakeFiles/__idf_esp_hw_support.dir/dma/gdma.c.obj
[560/1051] Building C object esp-idf/hal/CMakeFiles/__idf_hal.dir/spi_hal.c.obj
[415/1051] Building C object esp-idf/freertos/CMakeFiles/__idf_freertos.dir/FreeRTOS-Kernel/stream_buffer.c.obj
[432/1051] Building C object esp-idf/esp_hw_support/CMakeFiles/__idf_esp_hw_support.dir/clk_utils.c.obj
[453/1051] Building C object esp-idf/soc/CMakeFiles/__idf_soc.dir/dport_access_common.c.obj
[416/1051] Building C object esp-idf/esp_hw_support/CMakeFiles/__idf_esp_hw_support.dir/revision.c.obj
[561/1051] Building C object esp-idf/hal/CMakeFiles/__idf_hal.dir/spi_slave_hal.c.obj
[306/1051] Building C object esp-idf/lwip/CMakeFiles/__idf_lwip.dir/port/sockets_ext.c.obj
[600/1051] Building C object esp-idf/esp_system/CMakeFiles/__idf_esp_system.dir/crosscore_int.c.obj
[417/1051] Building C object esp-idf/freertos/CMakeFiles/__idf_freertos.dir/esp_additions/idf_additions.c.obj
[550/1051] Linking C static library esp-idf/cxx/libcxx.a
[508/1051] Building C object esp-idf/heap/CMakeFiles/__idf_heap.dir/heap_caps_init.c.obj
[454/1051] Building C object esp-idf/esp_hw_support/CMakeFiles/__idf_esp_hw_support.dir/port/esp32s3/rtc_sleep.c.obj
[562/1051] Building C object esp-idf/hal/CMakeFiles/__idf_hal.dir/spi_slave_hal_iram.c.obj
[307/1051] Building C object esp-idf/lwip/CMakeFiles/__idf_lwip.dir/port/if_index.c.obj
[526/1049] Building C object esp-idf/hal/CMakeFiles/__idf_hal.dir/timer_hal.c.obj
[563/1051] Building C object esp-idf/hal/CMakeFiles/__idf_hal.dir/ds_hal.c.obj
[509/1051] Building C object esp-idf/log/CMakeFiles/__idf_log.dir/src/os/util.c.obj
[527/1049] Linking C static library esp-idf/nvs_flash/libnvs_flash.a
[308/1051] Building C object esp-idf/esp_netif/CMakeFiles/__idf_esp_netif.dir/lwip/esp_netif_lwip.c.obj
[309/1051] Building C object esp-idf/lwip/CMakeFiles/__idf_lwip.dir/apps/ping/esp_ping.c.obj
[510/1051] Building C object esp-idf/log/CMakeFiles/__idf_log.dir/src/log_level/tag_log_level/tag_log_level.c.obj
[455/1051] Building C object esp-idf/soc/CMakeFiles/__idf_soc.dir/lldesc.c.obj
[310/1051] Building C object esp-idf/lwip/CMakeFiles/__idf_lwip.dir/lwip/src/netif/ppp/polarssl/arc4.c.obj
[511/1051] Building C object esp-idf/log/CMakeFiles/__idf_log.dir/src/log_level/tag_log_level/linked_list/log_linked_list.c.obj
[433/1051] Building C object esp-idf/esp_hw_support/CMakeFiles/__idf_esp_hw_support.dir/sleep_usb.c.obj
[512/1051] Linking C static library esp-idf/nvs_flash/libnvs_flash.a
[564/1051] Building C object esp-idf/hal/CMakeFiles/__idf_hal.dir/usb_serial_jtag_hal.c.obj
[434/1051] Building C object esp-idf/esp_hw_support/CMakeFiles/__idf_esp_hw_support.dir/dma/esp_async_memcpy.c.obj
[311/1051] Building C object esp-idf/lwip/CMakeFiles/__idf_lwip.dir/port/acd_dhcp_check.c.obj
[418/1051] Building C object esp-idf/esp_hw_support/CMakeFiles/__idf_esp_hw_support.dir/clk_ctrl_os.c.obj
[551/1051] Building C object esp-idf/esp_hw_support/CMakeFiles/__idf_esp_hw_support.dir/sleep_modes.c.obj
[98/1051] Building C object esp-idf/esp_wifi/CMakeFiles/__idf_esp_wifi.dir/src/wifi_default_ap.c.obj
[528/1049] Building C object esp-idf/hal/CMakeFiles/__idf_hal.dir/systimer_hal.c.obj
[446/1051] Building CXX object esp-idf/nvs_flash/CMakeFiles/__idf_nvs_flash.dir/src/nvs_handle_locked.cpp.obj
[565/1051] Building C object esp-idf/hal/CMakeFiles/__idf_hal.dir/i2s_hal.c.obj
[513/1051] Building C object esp-idf/log/CMakeFiles/__idf_log.dir/src/os/log_write.c.obj
[419/1051] Building C object esp-idf/esp_hw_support/CMakeFiles/__idf_esp_hw_support.dir/esp_gpio_reserve.c.obj
[456/1051] Building C object esp-idf/freertos/CMakeFiles/__idf_freertos.dir/FreeRTOS-Kernel/tasks.c.obj
[435/1051] Building C object esp-idf/esp_hw_support/CMakeFiles/__idf_esp_hw_support.dir/sleep_modem.c.obj
[312/1051] Linking C static library esp-idf/esp_netif/libesp_netif.a
[552/1051] Building C object esp-idf/hal/CMakeFiles/__idf_hal.dir/lcd_hal.c.obj
[514/1051] Building C object esp-idf/hal/CMakeFiles/__idf_hal.dir/hal_utils.c.obj
[566/1051] Linking C static library esp-idf/esp_driver_gptimer/libesp_driver_gptimer.a
[601/1051] Building C object esp-idf/esp_system/CMakeFiles/__idf_esp_system.dir/esp_ipc.c.obj
[529/1049] Building C object esp-idf/hal/CMakeFiles/__idf_hal.dir/gpio_hal.c.obj
[457/1051] Building C object esp-idf/esp_hw_support/CMakeFiles/__idf_esp_hw_support.dir/dma/async_memcpy_gdma.c.obj
[602/1051] Building C object esp-idf/esp_system/CMakeFiles/__idf_esp_system.dir/system_time.c.obj
[99/1051] Building C object esp-idf/esp_coex/CMakeFiles/__idf_esp_coex.dir/esp32s3/esp_coex_adapter.c.obj
[436/1051] Building C object esp-idf/esp_hw_support/CMakeFiles/__idf_esp_hw_support.dir/sleep_console.c.obj
[447/1051] Building C object esp-idf/esp_hw_support/CMakeFiles/__idf_esp_hw_support.dir/port/esp32s3/chip_info.c.obj
[420/1051] Building C object esp-idf/esp_hw_support/CMakeFiles/__idf_esp_hw_support.dir/port/esp32s3/io_mux.c.obj
[515/1051] Building C object esp-idf/hal/CMakeFiles/__idf_hal.dir/mpu_hal.c.obj
[530/1049] Building C object esp-idf/hal/CMakeFiles/__idf_hal.dir/ledc_hal_iram.c.obj
[553/1051] Linking C static library esp-idf/pthread/libpthread.a
[313/1051] Building C object esp-idf/lwip/CMakeFiles/__idf_lwip.dir/port/freertos/sys_arch.c.obj
[603/1051] Building C object esp-idf/esp_system/CMakeFiles/__idf_esp_system.dir/esp_system.c.obj
[448/1051] Building C object esp-idf/esp_hw_support/CMakeFiles/__idf_esp_hw_support.dir/adc_share_hw_ctrl.c.obj
[458/1051] Building C object esp-idf/esp_hw_support/CMakeFiles/__idf_esp_hw_support.dir/port/esp_memprot_conv.c.obj
[406/1051] Building C object esp-idf/freertos/CMakeFiles/__idf_freertos.dir/FreeRTOS-Kernel/event_groups.c.obj
[531/1049] Building C object esp-idf/hal/CMakeFiles/__idf_hal.dir/spi_flash_hal.c.obj
[100/1051] Building C object esp-idf/esp_driver_mcpwm/CMakeFiles/__idf_esp_driver_mcpwm.dir/src/mcpwm_timer.c.obj
[314/1051] Building C object esp-idf/lwip/CMakeFiles/__idf_lwip.dir/apps/ping/ping_sock.c.obj
[459/1051] Building C object esp-idf/soc/CMakeFiles/__idf_soc.dir/esp32s3/gpio_periph.c.obj
[407/1051] Building C object esp-idf/esp_hw_support/CMakeFiles/__idf_esp_hw_support.dir/port/esp32s3/cpu_region_protect.c.obj
[567/1051] Building C object esp-idf/hal/CMakeFiles/__idf_hal.dir/cam_hal.c.obj
[516/1051] Building C object esp-idf/hal/CMakeFiles/__idf_hal.dir/efuse_hal.c.obj
[517/1051] Building C object esp-idf/log/CMakeFiles/__idf_log.dir/src/log_level/tag_log_level/cache/log_binary_heap.c.obj
[604/1051] Building C object esp-idf/esp_system/CMakeFiles/__idf_esp_system.dir/freertos_hooks.c.obj
-- Performing Test C_COMPILER_SUPPORTS_WFORMAT_SIGNEDNESS - Success
-- USING O3
[449/1051] Building C object esp-idf/esp_hw_support/CMakeFiles/__idf_esp_hw_support.dir/port/esp32s3/rtc_sleep.c.obj
[605/1051] Building C object esp-idf/heap/CMakeFiles/__idf_heap.dir/tlsf/tlsf.c.obj
[460/1051] Building C object esp-idf/soc/CMakeFiles/__idf_soc.dir/esp32s3/interrupts.c.obj
[408/1051] Building C object esp-idf/esp_hw_support/CMakeFiles/__idf_esp_hw_support.dir/port/esp32s3/esp_cpu_intr.c.obj
[606/1051] Building C object esp-idf/esp_system/CMakeFiles/__idf_esp_system.dir/startup.c.obj
[315/1051] Building C object esp-idf/lwip/CMakeFiles/__idf_lwip.dir/lwip/src/netif/ppp/polarssl/md4.c.obj
[554/1051] Building C object esp-idf/hal/CMakeFiles/__idf_hal.dir/spi_flash_hal_iram.c.obj
[518/1051] Building C object esp-idf/heap/CMakeFiles/__idf_heap.dir/multi_heap.c.obj
[532/1049] Building C object esp-idf/hal/CMakeFiles/__idf_hal.dir/pcnt_hal.c.obj
[568/1051] Building C object esp-idf/hal/CMakeFiles/__idf_hal.dir/temperature_sensor_hal.c.obj
[555/1051] Building C object esp-idf/hal/CMakeFiles/__idf_hal.dir/adc_hal_common.c.obj
[461/1051] Building C object esp-idf/esp_hw_support/CMakeFiles/__idf_esp_hw_support.dir/power_supply/brownout.c.obj
[533/1049] Building C object esp-idf/hal/CMakeFiles/__idf_hal.dir/esp32s3/clk_tree_hal.c.obj
[437/1051] Building C object esp-idf/esp_hw_support/CMakeFiles/__idf_esp_hw_support.dir/port/esp_clk_tree_common.c.obj
[607/1051] Building C object esp-idf/esp_system/CMakeFiles/__idf_esp_system.dir/ubsan.c.obj
[409/1051] Building C object esp-idf/freertos/CMakeFiles/__idf_freertos.dir/esp_additions/idf_additions_event_groups.c.obj
[519/1051] Building C object esp-idf/hal/CMakeFiles/__idf_hal.dir/color_hal.c.obj
[534/1049] Building C object esp-idf/hal/CMakeFiles/__idf_hal.dir/i2c_hal_iram.c.obj
[608/1051] Building C object esp-idf/esp_system/CMakeFiles/__idf_esp_system.dir/port/esp_system_chip.c.obj
-- Components: app_trace app_update bootloader bootloader_support bt cmock console cxx driver efuse esp-tls esp_adc esp_app_format esp_bootloader_format esp_coex esp_common esp_driver_ana_cmpr esp_driver_bitscrambler esp_driver_cam esp_driver_dac esp_driver_gpio esp_driver_gptimer esp_driver_i2c esp_driver_i2s esp_driver_i3c esp_driver_isp esp_driver_jpeg esp_driver_ledc esp_driver_mcpwm esp_driver_parlio esp_driver_pcnt esp_driver_ppa esp_driver_rmt esp_driver_sd_intf esp_driver_sdio esp_driver_sdm esp_driver_sdmmc esp_driver_sdspi esp_driver_spi esp_driver_touch_sens esp_driver_tsens esp_driver_twai esp_driver_uart esp_driver_usb_serial_jtag esp_eth esp_event esp_gdbstub esp_hid esp_http_client esp_http_server esp_https_ota esp_https_server esp_hw_support esp_lcd esp_local_ctrl esp_mm esp_netif esp_netif_stack esp_partition esp_phy esp_pm esp_psram esp_ringbuf esp_rom esp_security esp_system esp_timer esp_vfs_console esp_wifi espcoredump espressif__cmake_utilities espressif__elf_loader esptool_py fatfs freertos hal heap http_parser idf_test ieee802154 json log lwip main mbedtls mqtt newlib nvs_flash nvs_sec_provider openthread partition_table perfmon protobuf-c protocomm pthread rt sdmmc soc spi_flash spiffs tcp_transport touch_element ulp unity usb vfs wear_levelling wifi_provisioning wpa_supplicant xtensa
-- Component paths: /home/tikhon/Документы/magnolia/esp-idf/components/app_trace /home/tikhon/Документы/magnolia/esp-idf/components/app_update /home/tikhon/Документы/magnolia/esp-idf/components/bootloader /home/tikhon/Документы/magnolia/esp-idf/components/bootloader_support /home/tikhon/Документы/magnolia/esp-idf/components/bt /home/tikhon/Документы/magnolia/esp-idf/components/cmock /home/tikhon/Документы/magnolia/esp-idf/components/console /home/tikhon/Документы/magnolia/esp-idf/components/cxx /home/tikhon/Документы/magnolia/esp-idf/components/driver /home/tikhon/Документы/magnolia/esp-idf/components/efuse /home/tikhon/Документы/magnolia/esp-idf/components/esp-tls /home/tikhon/Документы/magnolia/esp-idf/components/esp_adc /home/tikhon/Документы/magnolia/esp-idf/components/esp_app_format /home/tikhon/Документы/magnolia/esp-idf/components/esp_bootloader_format /home/tikhon/Документы/magnolia/esp-idf/components/esp_coex /home/tikhon/Документы/magnolia/esp-idf/components/esp_common /home/tikhon/Документы/magnolia/esp-idf/components/esp_driver_ana_cmpr /home/tikhon/Документы/magnolia/esp-idf/components/esp_driver_bitscrambler /home/tikhon/Документы/magnolia/esp-idf/components/esp_driver_cam /home/tikhon/Документы/magnolia/esp-idf/components/esp_driver_dac /home/tikhon/Документы/magnolia/esp-idf/components/esp_driver_gpio /home/tikhon/Документы/magnolia/esp-idf/components/esp_driver_gptimer /home/tikhon/Документы/magnolia/esp-idf/components/esp_driver_i2c /home/tikhon/Документы/magnolia/esp-idf/components/esp_driver_i2s /home/tikhon/Документы/magnolia/esp-idf/components/esp_driver_i3c /home/tikhon/Документы/magnolia/esp-idf/components/esp_driver_isp /home/tikhon/Документы/magnolia/esp-idf/components/esp_driver_jpeg /home/tikhon/Документы/magnolia/esp-idf/components/esp_driver_ledc /home/tikhon/Документы/magnolia/esp-idf/components/esp_driver_mcpwm /home/tikhon/Документы/magnolia/esp-idf/components/esp_driver_parlio /home/tikhon/Документы/magnolia/esp-idf/components/esp_driver_pcnt /home/tikhon/Документы/magnolia/esp-idf/components/esp_driver_ppa /home/tikhon/Документы/magnolia/esp-idf/components/esp_driver_rmt /home/tikhon/Документы/magnolia/esp-idf/components/esp_driver_sd_intf /home/tikhon/Документы/magnolia/esp-idf/components/esp_driver_sdio /home/tikhon/Документы/magnolia/esp-idf/components/esp_driver_sdm /home/tikhon/Документы/magnolia/esp-idf/components/esp_driver_sdmmc /home/tikhon/Документы/magnolia/esp-idf/components/esp_driver_sdspi /home/tikhon/Документы/magnolia/esp-idf/components/esp_driver_spi /home/tikhon/Документы/magnolia/esp-idf/components/esp_driver_touch_sens /home/tikhon/Документы/magnolia/esp-idf/components/esp_driver_tsens /home/tikhon/Документы/magnolia/esp-idf/components/esp_driver_twai /home/tikhon/Документы/magnolia/esp-idf/components/esp_driver_uart /home/tikhon/Документы/magnolia/esp-idf/components/esp_driver_usb_serial_jtag /home/tikhon/Документы/magnolia/esp-idf/components/esp_eth /home/tikhon/Документы/magnolia/esp-idf/components/esp_event /home/tikhon/Документы/magnolia/esp-idf/components/esp_gdbstub /home/tikhon/Документы/magnolia/esp-idf/components/esp_hid /home/tikhon/Документы/magnolia/esp-idf/components/esp_http_client /home/tikhon/Документы/magnolia/esp-idf/components/esp_http_server /home/tikhon/Документы/magnolia/esp-idf/components/esp_https_ota /home/tikhon/Документы/magnolia/esp-idf/components/esp_https_server /home/tikhon/Документы/magnolia/esp-idf/components/esp_hw_support /home/tikhon/Документы/magnolia/esp-idf/components/esp_lcd /home/tikhon/Документы/magnolia/esp-idf/components/esp_local_ctrl /home/tikhon/Документы/magnolia/esp-idf/components/esp_mm /home/tikhon/Документы/magnolia/esp-idf/components/esp_netif /home/tikhon/Документы/magnolia/esp-idf/components/esp_netif_stack /home/tikhon/Документы/magnolia/esp-idf/components/esp_partition /home/tikhon/Документы/magnolia/esp-idf/components/esp_phy /home/tikhon/Документы/magnolia/esp-idf/components/esp_pm /home/tikhon/Документы/magnolia/esp-idf/components/esp_psram /home/tikhon/Документы/magnolia/esp-idf/components/esp_ringbuf /home/tikhon/Документы/magnolia/esp-idf/components/esp_rom /home/tikhon/Документы/magnolia/esp-idf/components/esp_security /home/tikhon/Документы/magnolia/esp-idf/components/esp_system /home/tikhon/Документы/magnolia/esp-idf/components/esp_timer /home/tikhon/Документы/magnolia/esp-idf/components/esp_vfs_console /home/tikhon/Документы/magnolia/esp-idf/components/esp_wifi /home/tikhon/Документы/magnolia/esp-idf/components/espcoredump /home/tikhon/Документы/magnolia/applets/rust/rdd/managed_components/espressif__cmake_utilities /home/tikhon/Документы/magnolia/applets/rust/rdd/managed_components/espressif__elf_loader /home/tikhon/Документы/magnolia/esp-idf/components/esptool_py /home/tikhon/Документы/magnolia/esp-idf/components/fatfs /home/tikhon/Документы/magnolia/esp-idf/components/freertos /home/tikhon/Документы/magnolia/esp-idf/components/hal /home/tikhon/Документы/magnolia/esp-idf/components/heap /home/tikhon/Документы/magnolia/esp-idf/components/http_parser /home/tikhon/Документы/magnolia/esp-idf/components/idf_test /home/tikhon/Документы/magnolia/esp-idf/components/ieee802154 /home/tikhon/Документы/magnolia/esp-idf/components/json /home/tikhon/Документы/magnolia/esp-idf/components/log /home/tikhon/Документы/magnolia/esp-idf/components/lwip /home/tikhon/Документы/magnolia/applets/rust/rdd/main /home/tikhon/Документы/magnolia/esp-idf/components/mbedtls /home/tikhon/Документы/magnolia/esp-idf/components/mqtt /home/tikhon/Документы/magnolia/esp-idf/components/newlib /home/tikhon/Документы/magnolia/esp-idf/components/nvs_flash /home/tikhon/Документы/magnolia/esp-idf/components/nvs_sec_provider /home/tikhon/Документы/magnolia/esp-idf/components/openthread /home/tikhon/Документы/magnolia/esp-idf/components/partition_table /home/tikhon/Документы/magnolia/esp-idf/components/perfmon /home/tikhon/Документы/magnolia/esp-idf/components/protobuf-c /home/tikhon/Документы/magnolia/esp-idf/components/protocomm /home/tikhon/Документы/magnolia/esp-idf/components/pthread /home/tikhon/Документы/magnolia/esp-idf/components/rt /home/tikhon/Документы/magnolia/esp-idf/components/sdmmc /home/tikhon/Документы/magnolia/esp-idf/components/soc /home/tikhon/Документы/magnolia/esp-idf/components/spi_flash /home/tikhon/Документы/magnolia/esp-idf/components/spiffs /home/tikhon/Документы/magnolia/esp-idf/components/tcp_transport /home/tikhon/Документы/magnolia/esp-idf/components/touch_element /home/tikhon/Документы/magnolia/esp-idf/components/ulp /home/tikhon/Документы/magnolia/esp-idf/components/unity /home/tikhon/Документы/magnolia/esp-idf/components/usb /home/tikhon/Документы/magnolia/esp-idf/components/vfs /home/tikhon/Документы/magnolia/esp-idf/components/wear_levelling /home/tikhon/Документы/magnolia/esp-idf/components/wifi_provisioning /home/tikhon/Документы/magnolia/esp-idf/components/wpa_supplicant /home/tikhon/Документы/magnolia/esp-idf/components/xtensa
[438/1051] Building C object esp-idf/esp_hw_support/CMakeFiles/__idf_esp_hw_support.dir/port/esp32s3/systimer.c.obj
[410/1051] Building C object esp-idf/freertos/CMakeFiles/__idf_freertos.dir/FreeRTOS-Kernel/portable/xtensa/xtensa_overlay_os_hook.c.obj
[535/1049] Building C object esp-idf/hal/CMakeFiles/__idf_hal.dir/rmt_hal.c.obj
[569/1051] Building C object esp-idf/esp_rom/CMakeFiles/__idf_esp_rom.dir/patches/esp_rom_sys.c.obj
[536/1049] Building C object esp-idf/hal/CMakeFiles/__idf_hal.dir/mmu_hal.c.obj
[462/1051] Building C object esp-idf/esp_hw_support/CMakeFiles/__idf_esp_hw_support.dir/esp_clock_output.c.obj
[570/1051] Building C object esp-idf/hal/CMakeFiles/__idf_hal.dir/adc_hal.c.obj
[101/1051] Building C object esp-idf/driver/CMakeFiles/__idf_driver.dir/deprecated/rmt_legacy.c.obj
[439/1051] Building C object esp-idf/esp_hw_support/CMakeFiles/__idf_esp_hw_support.dir/sleep_event.c.obj
[411/1051] Building C object esp-idf/esp_hw_support/CMakeFiles/__idf_esp_hw_support.dir/esp_memory_utils.c.obj
[421/1051] Building C object esp-idf/esp_hw_support/CMakeFiles/__idf_esp_hw_support.dir/periph_ctrl.c.obj
[537/1049] Building C object esp-idf/hal/CMakeFiles/__idf_hal.dir/uart_hal.c.obj
[571/1051] Building C object esp-idf/hal/CMakeFiles/__idf_hal.dir/usb_wrap_hal.c.obj
[450/1051] Building C object esp-idf/esp_hw_support/CMakeFiles/__idf_esp_hw_support.dir/port/esp32s3/sar_periph_ctrl.c.obj
[463/1051] Building C object esp-idf/soc/CMakeFiles/__idf_soc.dir/esp32s3/adc_periph.c.obj
[556/1051] Building C object esp-idf/hal/CMakeFiles/__idf_hal.dir/sha_hal.c.obj
[572/1051] Building C object esp-idf/esp_rom/CMakeFiles/__idf_esp_rom.dir/patches/esp_rom_print.c.obj
[464/1051] Building C object esp-idf/soc/CMakeFiles/__idf_soc.dir/esp32s3/gdma_periph.c.obj
[422/1051] Building C object esp-idf/esp_hw_support/CMakeFiles/__idf_esp_hw_support.dir/esp_clk.c.obj
[520/1051] Linking C static library esp-idf/esp_event/libesp_event.a
[316/1051] Building C object esp-idf/lwip/CMakeFiles/__idf_lwip.dir/lwip/src/netif/ppp/polarssl/des.c.obj
[573/1051] Building C object esp-idf/esp_rom/CMakeFiles/__idf_esp_rom.dir/patches/esp_rom_crc.c.obj
[538/1049] Linking C static library esp-idf/esp_event/libesp_event.a
[609/1051] Building ASM object esp-idf/esp_system/CMakeFiles/__idf_esp_system.dir/port/arch/xtensa/esp_ipc_isr_handler.S.obj
[465/1051] Building C object esp-idf/soc/CMakeFiles/__idf_soc.dir/esp32s3/pcnt_periph.c.obj
[574/1051] Building C object esp-idf/hal/CMakeFiles/__idf_hal.dir/twai_hal_sja1000.c.obj
[521/1051] Building C object esp-idf/hal/CMakeFiles/__idf_hal.dir/mmu_hal.c.obj
[451/1051] Building C object esp-idf/esp_hw_support/CMakeFiles/__idf_esp_hw_support.dir/port/esp32s3/rtc_clk_init.c.obj
[466/1051] Building C object esp-idf/esp_hw_support/CMakeFiles/__idf_esp_hw_support.dir/dma/gdma.c.obj
[452/1051] Building C object esp-idf/esp_hw_support/CMakeFiles/__idf_esp_hw_support.dir/mspi_timing_tuning/port/esp32s3/mspi_timing_config.c.obj
[539/1049] Building C object esp-idf/hal/CMakeFiles/__idf_hal.dir/i2c_hal.c.obj
-- Configuring done (55.0s)
[610/1051] Linking C static library esp-idf/heap/libheap.a
[540/1049] Building C object esp-idf/hal/CMakeFiles/__idf_hal.dir/sdmmc_hal.c.obj
[467/1051] Building C object esp-idf/esp_hw_support/CMakeFiles/__idf_esp_hw_support.dir/port/esp32s3/rtc_init.c.obj
[557/1051] Building C object esp-idf/hal/CMakeFiles/__idf_hal.dir/aes_hal.c.obj
[575/1051] Linking C static library esp-idf/esp_timer/libesp_timer.a
[102/1051] Building C object esp-idf/esp_wifi/CMakeFiles/__idf_esp_wifi.dir/regulatory/esp_wifi_regulatory.c.obj
[412/1051] Building C object esp-idf/esp_hw_support/CMakeFiles/__idf_esp_hw_support.dir/hw_random.c.obj
[453/1051] Building C object esp-idf/esp_hw_support/CMakeFiles/__idf_esp_hw_support.dir/port/esp_memprot_conv.c.obj
[576/1051] Building ASM object esp-idf/esp_rom/CMakeFiles/__idf_esp_rom.dir/patches/esp_rom_longjmp.S.obj
[611/1051] Building ASM object esp-idf/esp_system/CMakeFiles/__idf_esp_system.dir/port/arch/xtensa/panic_handler_asm.S.obj
[468/1051] Building C object esp-idf/soc/CMakeFiles/__idf_soc.dir/esp32s3/uart_periph.c.obj
[541/1049] Building C object esp-idf/hal/CMakeFiles/__idf_hal.dir/uhci_hal.c.obj
[577/1051] Building C object esp-idf/esp_rom/CMakeFiles/__idf_esp_rom.dir/patches/esp_rom_efuse.c.obj
[423/1051] Building C object esp-idf/esp_hw_support/CMakeFiles/__idf_esp_hw_support.dir/mac_addr.c.obj
[612/1051] Building C object esp-idf/esp_system/CMakeFiles/__idf_esp_system.dir/startup_funcs.c.obj
[454/1051] Building C object esp-idf/esp_hw_support/CMakeFiles/__idf_esp_hw_support.dir/sleep_wake_stub.c.obj
[469/1051] Building C object esp-idf/soc/CMakeFiles/__idf_soc.dir/esp32s3/ledc_periph.c.obj
[613/1051] Building ASM object esp-idf/esp_system/CMakeFiles/__idf_esp_system.dir/port/arch/xtensa/esp_ipc_isr_routines.S.obj
[317/1051] Building C object esp-idf/lwip/CMakeFiles/__idf_lwip.dir/lwip/src/netif/ppp/polarssl/sha1.c.obj
[614/1051] Building C object esp-idf/esp_system/CMakeFiles/__idf_esp_system.dir/int_wdt.c.obj
[558/1051] Linking C static library esp-idf/newlib/libnewlib.a
[470/1051] Building C object esp-idf/soc/CMakeFiles/__idf_soc.dir/esp32s3/dedic_gpio_periph.c.obj
[578/1051] Building ASM object esp-idf/esp_rom/CMakeFiles/__idf_esp_rom.dir/patches/esp_rom_cache_writeback_esp32s3.S.obj
[522/1051] Building C object esp-idf/hal/CMakeFiles/__idf_hal.dir/timer_hal.c.obj
[559/1051] Building C object esp-idf/hal/CMakeFiles/__idf_hal.dir/cam_hal.c.obj
[413/1051] Building C object esp-idf/esp_hw_support/CMakeFiles/__idf_esp_hw_support.dir/cpu.c.obj
[615/1051] Building C object esp-idf/hal/CMakeFiles/__idf_hal.dir/esp32s3/touch_sensor_hal.c.obj
[579/1051] Building C object esp-idf/hal/CMakeFiles/__idf_hal.dir/spi_flash_hal_gpspi.c.obj
[542/1049] Building C object esp-idf/heap/CMakeFiles/__idf_heap.dir/tlsf/tlsf.c.obj
[471/1051] Building C object esp-idf/esp_hw_support/CMakeFiles/__idf_esp_hw_support.dir/port/esp32s3/rtc_time.c.obj
[414/1051] Building C object esp-idf/esp_hw_support/CMakeFiles/__idf_esp_hw_support.dir/revision.c.obj
[472/1051] Building C object esp-idf/soc/CMakeFiles/__idf_soc.dir/esp32s3/sdm_periph.c.obj
[473/1051] Building C object esp-idf/soc/CMakeFiles/__idf_soc.dir/esp32s3/temperature_sensor_periph.c.obj
[560/1051] Building C object esp-idf/hal/CMakeFiles/__idf_hal.dir/adc_oneshot_hal.c.obj
[523/1051] Building C object esp-idf/hal/CMakeFiles/__idf_hal.dir/spi_flash_encrypt_hal_iram.c.obj
[580/1051] Building C object esp-idf/esp_rom/CMakeFiles/__idf_esp_rom.dir/patches/esp_rom_gpio.c.obj
[561/1051] Building C object esp-idf/hal/CMakeFiles/__idf_hal.dir/gdma_hal_ahb_v1.c.obj
[581/1051] Building C object esp-idf/hal/CMakeFiles/__idf_hal.dir/xt_wdt_hal.c.obj
[474/1051] Building C object esp-idf/esp_hw_support/CMakeFiles/__idf_esp_hw_support.dir/port/esp32s3/esp_memprot.c.obj
[318/1051] Building C object esp-idf/esp_phy/CMakeFiles/__idf_esp_phy.dir/esp32s3/phy_init_data.c.obj
[543/1049] Building C object esp-idf/hal/CMakeFiles/__idf_hal.dir/gdma_hal_top.c.obj
[455/1051] Building C object esp-idf/soc/CMakeFiles/__idf_soc.dir/esp32s3/interrupts.c.obj
[616/1051] Building ASM object esp-idf/esp_system/CMakeFiles/__idf_esp_system.dir/port/arch/xtensa/debug_helpers_asm.S.obj
[415/1051] Building C object esp-idf/esp_hw_support/CMakeFiles/__idf_esp_hw_support.dir/clk_ctrl_os.c.obj
[475/1051] Building C object esp-idf/esp_hw_support/CMakeFiles/__idf_esp_hw_support.dir/mspi_timing_tuning/port/esp32s3/mspi_timing_config.c.obj
[582/1051] Building C object esp-idf/hal/CMakeFiles/__idf_hal.dir/touch_sens_hal.c.obj
[103/1051] Building C object esp-idf/esp_gdbstub/CMakeFiles/__idf_esp_gdbstub.dir/src/gdbstub.c.obj
[440/1051] Building CXX object esp-idf/nvs_flash/CMakeFiles/__idf_nvs_flash.dir/src/nvs_page.cpp.obj
[524/1051] Building C object esp-idf/hal/CMakeFiles/__idf_hal.dir/cache_hal.c.obj
[617/1051] Building C object esp-idf/esp_system/CMakeFiles/__idf_esp_system.dir/port/arch/xtensa/esp_ipc_isr_port.c.obj
[525/1051] Building C object esp-idf/hal/CMakeFiles/__idf_hal.dir/gpio_hal.c.obj
[562/1051] Building C object esp-idf/hal/CMakeFiles/__idf_hal.dir/hmac_hal.c.obj
[618/1051] Building C object esp-idf/esp_system/CMakeFiles/__idf_esp_system.dir/xt_wdt.c.obj
[416/1051] Building C object esp-idf/esp_hw_support/CMakeFiles/__idf_esp_hw_support.dir/esp_gpio_reserve.c.obj
[456/1051] Building C object esp-idf/esp_hw_support/CMakeFiles/__idf_esp_hw_support.dir/power_supply/brownout.c.obj
[583/1051] Building C object esp-idf/esp_rom/CMakeFiles/__idf_esp_rom.dir/patches/esp_rom_systimer.c.obj
[563/1051] Building C object esp-idf/hal/CMakeFiles/__idf_hal.dir/ds_hal.c.obj
[104/1051] Linking C static library esp-idf/driver/libdriver.a
[526/1051] Building C object esp-idf/hal/CMakeFiles/__idf_hal.dir/uart_hal_iram.c.obj
[619/1051] Linking C static library esp-idf/log/liblog.a
[476/1051] Building C object esp-idf/esp_hw_support/CMakeFiles/__idf_esp_hw_support.dir/port/esp32s3/rtc_clk.c.obj
[477/1051] Building C object esp-idf/soc/CMakeFiles/__idf_soc.dir/esp32s3/i2c_periph.c.obj
[478/1051] Building C object esp-idf/soc/CMakeFiles/__idf_soc.dir/esp32s3/timer_periph.c.obj
[479/1051] Building C object esp-idf/soc/CMakeFiles/__idf_soc.dir/esp32s3/spi_periph.c.obj
[584/1051] Linking C static library esp-idf/cxx/libcxx.a
[544/1049] Building C object esp-idf/hal/CMakeFiles/__idf_hal.dir/adc_hal_common.c.obj
[105/1051] Building C object esp-idf/esp_wifi/CMakeFiles/__idf_esp_wifi.dir/src/wifi_netif.c.obj
[480/1051] Building C object esp-idf/soc/CMakeFiles/__idf_soc.dir/esp32s3/lcd_periph.c.obj
[527/1051] Linking C static library esp-idf/esp_driver_uart/libesp_driver_uart.a
[441/1051] Building C object esp-idf/esp_hw_support/CMakeFiles/__idf_esp_hw_support.dir/mspi_timing_tuning/mspi_timing_tuning.c.obj
[620/1051] Building ASM object esp-idf/esp_system/CMakeFiles/__idf_esp_system.dir/port/arch/xtensa/expression_with_stack_asm.S.obj
[545/1049] Building C object esp-idf/hal/CMakeFiles/__idf_hal.dir/aes_hal.c.obj
[424/1051] Building C object esp-idf/esp_hw_support/CMakeFiles/__idf_esp_hw_support.dir/port/esp32s3/esp_clk_tree.c.obj
[585/1051] Building C object esp-idf/esp_rom/CMakeFiles/__idf_esp_rom.dir/patches/esp_rom_serial_output.c.obj
[319/1051] Building C object esp-idf/esp_phy/CMakeFiles/__idf_esp_phy.dir/src/btbb_init.c.obj
[546/1049] Building C object esp-idf/hal/CMakeFiles/__idf_hal.dir/spi_slave_hal.c.obj
[481/1051] Building C object esp-idf/soc/CMakeFiles/__idf_soc.dir/esp32s3/touch_sensor_periph.c.obj
[621/1051] Building C object esp-idf/esp_common/CMakeFiles/__idf_esp_common.dir/src/esp_err_to_name.c.obj
[417/1051] Building C object esp-idf/freertos/CMakeFiles/__idf_freertos.dir/esp_additions/idf_additions.c.obj
-- Adding linker script /home/tikhon/Документы/magnolia/applets/rust/rselftest/build/esp-idf/esp_system/ld/memory.ld
-- Adding linker script /home/tikhon/Документы/magnolia/applets/rust/rselftest/build/esp-idf/esp_system/ld/sections.ld.in
[442/1051] Building C object esp-idf/esp_hw_support/CMakeFiles/__idf_esp_hw_support.dir/sleep_gpio.c.obj
[425/1051] Building C object esp-idf/esp_hw_support/CMakeFiles/__idf_esp_hw_support.dir/port/esp_clk_tree_common.c.obj
[586/1051] Building C object esp-idf/esp_common/CMakeFiles/__idf_esp_common.dir/src/esp_err_to_name.c.obj
[482/1051] Building C object esp-idf/esp_hw_support/CMakeFiles/__idf_esp_hw_support.dir/mspi_timing_tuning/port/esp32s3/mspi_timing_by_mspi_delay.c.obj
[547/1049] Linking C static library esp-idf/esp_driver_uart/libesp_driver_uart.a
[564/1051] Building C object esp-idf/hal/CMakeFiles/__idf_hal.dir/brownout_hal.c.obj
[457/1051] Building C object esp-idf/esp_hw_support/CMakeFiles/__idf_esp_hw_support.dir/sleep_gpio.c.obj
[458/1051] Building C object esp-idf/soc/CMakeFiles/__idf_soc.dir/dport_access_common.c.obj
[528/1051] Building C object esp-idf/hal/CMakeFiles/__idf_hal.dir/esp32s3/efuse_hal.c.obj
[529/1051] Building C object esp-idf/hal/CMakeFiles/__idf_hal.dir/ledc_hal.c.obj
[587/1051] Building C object esp-idf/hal/CMakeFiles/__idf_hal.dir/spi_slave_hd_hal.c.obj
[459/1051] Building C object esp-idf/soc/CMakeFiles/__idf_soc.dir/esp32s3/adc_periph.c.obj
[418/1051] Building CXX object esp-idf/nvs_flash/CMakeFiles/__idf_nvs_flash.dir/src/nvs_pagemanager.cpp.obj
[588/1051] Building C object esp-idf/hal/CMakeFiles/__idf_hal.dir/esp32s3/rtc_cntl_hal.c.obj
[483/1051] Building C object esp-idf/soc/CMakeFiles/__idf_soc.dir/esp32s3/rmt_periph.c.obj
[622/1051] Building C object esp-idf/esp_system/CMakeFiles/__idf_esp_system.dir/task_wdt/task_wdt_impl_timergroup.c.obj
[565/1051] Building C object esp-idf/esp_hw_support/CMakeFiles/__idf_esp_hw_support.dir/port/esp32s3/esp_memprot.c.obj
[566/1051] Building C object esp-idf/hal/CMakeFiles/__idf_hal.dir/spi_slave_hal_iram.c.obj
[484/1051] Building C object esp-idf/soc/CMakeFiles/__idf_soc.dir/esp32s3/mcpwm_periph.c.obj
[589/1051] Building C object esp-idf/hal/CMakeFiles/__idf_hal.dir/esp32s3/touch_sensor_hal.c.obj
[460/1051] Building C object esp-idf/soc/CMakeFiles/__idf_soc.dir/lldesc.c.obj
[419/1051] Building C object esp-idf/freertos/CMakeFiles/__idf_freertos.dir/FreeRTOS-Kernel/queue.c.obj
[623/1051] Building C object esp-idf/esp_system/CMakeFiles/__idf_esp_system.dir/panic.c.obj
[485/1051] Building C object esp-idf/soc/CMakeFiles/__idf_soc.dir/esp32s3/usb_dwc_periph.c.obj
[106/1051] Building C object esp-idf/esp_coex/CMakeFiles/__idf_esp_coex.dir/src/coexist_debug.c.obj
[320/1051] Building C object esp-idf/esp_phy/CMakeFiles/__idf_esp_phy.dir/src/lib_printf.c.obj
[567/1051] Linking C static library esp-idf/freertos/libfreertos.a
[461/1051] Building C object esp-idf/soc/CMakeFiles/__idf_soc.dir/esp32s3/uart_periph.c.obj
[568/1051] Building C object esp-idf/hal/CMakeFiles/__idf_hal.dir/twai_hal_sja1000.c.obj
[590/1051] Building C object esp-idf/esp_rom/CMakeFiles/__idf_esp_rom.dir/patches/esp_rom_spiflash.c.obj
[548/1049] Building C object esp-idf/hal/CMakeFiles/__idf_hal.dir/mcpwm_hal.c.obj
[486/1051] Building C object esp-idf/esp_hw_support/CMakeFiles/__idf_esp_hw_support.dir/sleep_modes.c.obj
[443/1051] Building C object esp-idf/esp_hw_support/CMakeFiles/__idf_esp_hw_support.dir/spi_bus_lock.c.obj
[591/1051] Building C object esp-idf/esp_system/CMakeFiles/__idf_esp_system.dir/esp_system_console.c.obj
[624/1051] Building C object esp-idf/esp_system/CMakeFiles/__idf_esp_system.dir/port/arch/xtensa/panic_arch.c.obj
[107/1051] Building C object esp-idf/esp_wifi/CMakeFiles/__idf_esp_wifi.dir/esp32s3/esp_adapter.c.obj
[487/1051] Building C object esp-idf/soc/CMakeFiles/__idf_soc.dir/esp32s3/i2s_periph.c.obj
[530/1051] Linking C static library esp-idf/esp_ringbuf/libesp_ringbuf.a
[426/1051] Building C object esp-idf/esp_hw_support/CMakeFiles/__idf_esp_hw_support.dir/sleep_modem.c.obj
[321/1051] Building C object esp-idf/esp_driver_usb_serial_jtag/CMakeFiles/__idf_esp_driver_usb_serial_jtag.dir/src/usb_serial_jtag_connection_monitor.c.obj
[462/1051] Building C object esp-idf/esp_hw_support/CMakeFiles/__idf_esp_hw_support.dir/esp_clock_output.c.obj
[420/1051] Building CXX object esp-idf/nvs_flash/CMakeFiles/__idf_nvs_flash.dir/src/nvs_types.cpp.obj
[625/1051] Building C object esp-idf/esp_system/CMakeFiles/__idf_esp_system.dir/port/soc/esp32s3/reset_reason.c.obj
[592/1051] Building C object esp-idf/esp_rom/CMakeFiles/__idf_esp_rom.dir/patches/esp_rom_wdt.c.obj
[569/1051] Building C object esp-idf/hal/CMakeFiles/__idf_hal.dir/adc_hal.c.obj
[549/1049] Building C object esp-idf/hal/CMakeFiles/__idf_hal.dir/lcd_hal.c.obj
[427/1051] Building C object esp-idf/esp_hw_support/CMakeFiles/__idf_esp_hw_support.dir/rtc_module.c.obj
[108/1051] Building C object esp-idf/esp_wifi/CMakeFiles/__idf_esp_wifi.dir/src/wifi_init.c.obj
[488/1051] Building C object esp-idf/soc/CMakeFiles/__idf_soc.dir/esp32s3/mpi_periph.c.obj
[626/1051] Building C object esp-idf/esp_system/CMakeFiles/__idf_esp_system.dir/port/panic_handler.c.obj
[593/1051] Building C object esp-idf/esp_rom/CMakeFiles/__idf_esp_rom.dir/patches/esp_rom_cache_esp32s2_esp32s3.c.obj
[109/1051] Building C object esp-idf/wpa_supplicant/CMakeFiles/__idf_wpa_supplicant.dir/src/ap/ieee802_1x.c.obj
[489/1051] Building C object esp-idf/soc/CMakeFiles/__idf_soc.dir/esp32s3/twai_periph.c.obj
[463/1051] Building C object esp-idf/soc/CMakeFiles/__idf_soc.dir/esp32s3/gpio_periph.c.obj
[444/1051] Building CXX object esp-idf/nvs_flash/CMakeFiles/__idf_nvs_flash.dir/src/nvs_handle_simple.cpp.obj
[110/1051] Linking C static library esp-idf/esp_driver_twai/libesp_driver_twai.a
[550/1049] Building C object esp-idf/hal/CMakeFiles/__idf_hal.dir/sdm_hal.c.obj
[464/1051] Building C object esp-idf/soc/CMakeFiles/__idf_soc.dir/esp32s3/ledc_periph.c.obj
-- Adding linker script /home/tikhon/Документы/magnolia/esp-idf/components/esp_rom/esp32s3/ld/esp32s3.rom.ld
-- Adding linker script /home/tikhon/Документы/magnolia/esp-idf/components/esp_rom/esp32s3/ld/esp32s3.rom.api.ld
-- Adding linker script /home/tikhon/Документы/magnolia/esp-idf/components/esp_rom/esp32s3/ld/esp32s3.rom.bt_funcs.ld
-- Adding linker script /home/tikhon/Документы/magnolia/esp-idf/components/esp_rom/esp32s3/ld/esp32s3.rom.libgcc.ld
-- Adding linker script /home/tikhon/Документы/magnolia/esp-idf/components/esp_rom/esp32s3/ld/esp32s3.rom.wdt.ld
-- Adding linker script /home/tikhon/Документы/magnolia/esp-idf/components/esp_rom/esp32s3/ld/esp32s3.rom.version.ld
-- Adding linker script /home/tikhon/Документы/magnolia/esp-idf/components/esp_rom/esp32s3/ld/esp32s3.rom.ble_master.ld
-- Adding linker script /home/tikhon/Документы/magnolia/esp-idf/components/esp_rom/esp32s3/ld/esp32s3.rom.ble_50.ld
-- Adding linker script /home/tikhon/Документы/magnolia/esp-idf/components/esp_rom/esp32s3/ld/esp32s3.rom.ble_smp.ld
-- Adding linker script /home/tikhon/Документы/magnolia/esp-idf/components/esp_rom/esp32s3/ld/esp32s3.rom.ble_dtm.ld
-- Adding linker script /home/tikhon/Документы/magnolia/esp-idf/components/esp_rom/esp32s3/ld/esp32s3.rom.ble_test.ld
-- Adding linker script /home/tikhon/Документы/magnolia/esp-idf/components/esp_rom/esp32s3/ld/esp32s3.rom.ble_scan.ld
-- Adding linker script /home/tikhon/Документы/magnolia/esp-idf/components/esp_rom/esp32s3/ld/esp32s3.rom.libc.ld
-- Adding linker script /home/tikhon/Документы/magnolia/esp-idf/components/esp_rom/esp32s3/ld/esp32s3.rom.newlib.ld
[490/1051] Building C object esp-idf/soc/CMakeFiles/__idf_soc.dir/esp32s3/cam_periph.c.obj
[428/1051] Building C object esp-idf/esp_hw_support/CMakeFiles/__idf_esp_hw_support.dir/dma/gdma_link.c.obj
[627/1051] Building C object esp-idf/esp_system/CMakeFiles/__idf_esp_system.dir/port/arch/xtensa/trax.c.obj
[594/1051] Building C object esp-idf/esp_system/CMakeFiles/__idf_esp_system.dir/esp_err.c.obj
[421/1051] Building C object esp-idf/esp_hw_support/CMakeFiles/__idf_esp_hw_support.dir/regi2c_ctrl.c.obj
[465/1051] Building C object esp-idf/soc/CMakeFiles/__idf_soc.dir/esp32s3/gdma_periph.c.obj
[570/1051] Building C object esp-idf/hal/CMakeFiles/__idf_hal.dir/xt_wdt_hal.c.obj
[445/1051] Building C object esp-idf/esp_hw_support/CMakeFiles/__idf_esp_hw_support.dir/adc_share_hw_ctrl.c.obj
[595/1051] Linking C static library esp-idf/pthread/libpthread.a
[466/1051] Building C object esp-idf/esp_hw_support/CMakeFiles/__idf_esp_hw_support.dir/port/esp32s3/rtc_time.c.obj
[628/1051] Building C object esp-idf/esp_system/CMakeFiles/__idf_esp_system.dir/port/arch/xtensa/debug_stubs.c.obj
[571/1051] Building C object esp-idf/hal/CMakeFiles/__idf_hal.dir/i2s_hal.c.obj
[422/1051] Building C object esp-idf/esp_hw_support/CMakeFiles/__idf_esp_hw_support.dir/esp_clk.c.obj
[111/1051] Building C object esp-idf/esp_driver_spi/CMakeFiles/__idf_esp_driver_spi.dir/src/gpspi/spi_common.c.obj
[531/1051] Building C object esp-idf/hal/CMakeFiles/__idf_hal.dir/systimer_hal.c.obj
[429/1051] Building C object esp-idf/esp_hw_support/CMakeFiles/__idf_esp_hw_support.dir/dma/esp_dma_utils.c.obj
[551/1049] Building C object esp-idf/hal/CMakeFiles/__idf_hal.dir/spi_flash_hal_iram.c.obj
[572/1051] Building C object esp-idf/hal/CMakeFiles/__idf_hal.dir/spi_slave_hal.c.obj
[467/1051] Building C object esp-idf/soc/CMakeFiles/__idf_soc.dir/esp32s3/pcnt_periph.c.obj
[491/1051] Building C object esp-idf/soc/CMakeFiles/__idf_soc.dir/esp32s3/sdmmc_periph.c.obj
[629/1051] Building ASM object esp-idf/esp_system/CMakeFiles/__idf_esp_system.dir/port/soc/esp32s3/highint_hdl.S.obj
[552/1049] Linking C static library esp-idf/esp_ringbuf/libesp_ringbuf.a
[573/1051] Building C object esp-idf/hal/CMakeFiles/__idf_hal.dir/spi_hal.c.obj
[468/1051] Building C object esp-idf/esp_hw_support/CMakeFiles/__idf_esp_hw_support.dir/port/esp32s3/esp_memprot.c.obj
[492/1051] Building C object esp-idf/soc/CMakeFiles/__idf_soc.dir/esp32s3/wdt_periph.c.obj
[322/1051] Building C object esp-idf/vfs/CMakeFiles/__idf_vfs.dir/nullfs.c.obj
[469/1051] Building C object esp-idf/soc/CMakeFiles/__idf_soc.dir/esp32s3/dedic_gpio_periph.c.obj
[493/1051] Building C object esp-idf/soc/CMakeFiles/__idf_soc.dir/esp32s3/rtc_io_periph.c.obj
[446/1051] Building C object esp-idf/esp_hw_support/CMakeFiles/__idf_esp_hw_support.dir/port/esp32s3/rtc_init.c.obj
[630/1051] Building C object esp-idf/esp_system/CMakeFiles/__idf_esp_system.dir/port/image_process.c.obj
[553/1049] Building C object esp-idf/hal/CMakeFiles/__idf_hal.dir/brownout_hal.c.obj
[494/1051] Building C object esp-idf/soc/CMakeFiles/__idf_soc.dir/esp32s3/power_supply_periph.c.obj
[495/1051] Building CXX object esp-idf/nvs_flash/CMakeFiles/__idf_nvs_flash.dir/src/nvs_api.cpp.obj
[112/1051] Linking C static library esp-idf/esp_driver_ledc/libesp_driver_ledc.a
[470/1051] Building C object esp-idf/esp_hw_support/CMakeFiles/__idf_esp_hw_support.dir/port/esp32s3/rtc_init.c.obj
[430/1051] Building C object esp-idf/esp_hw_support/CMakeFiles/__idf_esp_hw_support.dir/clk_utils.c.obj
[423/1051] Building C object esp-idf/freertos/CMakeFiles/__idf_freertos.dir/FreeRTOS-Kernel/portable/xtensa/port.c.obj
[574/1051] Building C object esp-idf/esp_rom/CMakeFiles/__idf_esp_rom.dir/patches/esp_rom_crc.c.obj
[323/1051] Building C object esp-idf/lwip/CMakeFiles/__idf_lwip.dir/lwip/src/core/ipv6/nd6.c.obj
[496/1051] Building C object esp-idf/heap/CMakeFiles/__idf_heap.dir/port/memory_layout_utils.c.obj
[471/1051] Building C object esp-idf/soc/CMakeFiles/__idf_soc.dir/esp32s3/temperature_sensor_periph.c.obj
[324/1051] Building C object esp-idf/esp_vfs_console/CMakeFiles/__idf_esp_vfs_console.dir/vfs_console.c.obj
[472/1051] Building C object esp-idf/esp_hw_support/CMakeFiles/__idf_esp_hw_support.dir/dma/async_memcpy_gdma.c.obj
[532/1051] Linking C static library esp-idf/esp_driver_gptimer/libesp_driver_gptimer.a
[497/1051] Building C object esp-idf/heap/CMakeFiles/__idf_heap.dir/port/esp32s3/memory_layout.c.obj
[431/1051] Building C object esp-idf/esp_hw_support/CMakeFiles/__idf_esp_hw_support.dir/sar_tsens_ctrl.c.obj
[631/1051] Building C object esp-idf/esp_system/CMakeFiles/__idf_esp_system.dir/port/soc/esp32s3/system_internal.c.obj
[554/1049] Building C object esp-idf/hal/CMakeFiles/__idf_hal.dir/spi_slave_hd_hal.c.obj
[473/1051] Building C object esp-idf/soc/CMakeFiles/__idf_soc.dir/esp32s3/rmt_periph.c.obj
[533/1051] Building C object esp-idf/hal/CMakeFiles/__idf_hal.dir/uhci_hal.c.obj
[474/1051] Building C object esp-idf/soc/CMakeFiles/__idf_soc.dir/esp32s3/lcd_periph.c.obj
[632/1051] Building C object esp-idf/spi_flash/CMakeFiles/__idf_spi_flash.dir/flash_brownout_hook.c.obj
[534/1051] Building C object esp-idf/hal/CMakeFiles/__idf_hal.dir/ledc_hal_iram.c.obj
[325/1051] Building C object esp-idf/esp_phy/CMakeFiles/__idf_esp_phy.dir/src/phy_override.c.obj
[555/1049] Linking C static library esp-idf/esp_driver_gptimer/libesp_driver_gptimer.a
[113/1051] Building C object esp-idf/esp_wifi/CMakeFiles/__idf_esp_wifi.dir/src/wifi_default.c.obj
[424/1051] Building C object esp-idf/esp_hw_support/CMakeFiles/__idf_esp_hw_support.dir/periph_ctrl.c.obj
[596/1051] Building C object esp-idf/hal/CMakeFiles/__idf_hal.dir/spi_hal_iram.c.obj
[556/1049] Building C object esp-idf/hal/CMakeFiles/__idf_hal.dir/mpi_hal.c.obj
[575/1051] Building C object esp-idf/hal/CMakeFiles/__idf_hal.dir/usb_serial_jtag_hal.c.obj
[535/1051] Building C object esp-idf/hal/CMakeFiles/__idf_hal.dir/esp32s3/clk_tree_hal.c.obj
[597/1051] Linking C static library esp-idf/newlib/libnewlib.a
[447/1051] Building C object esp-idf/esp_hw_support/CMakeFiles/__idf_esp_hw_support.dir/usb_phy/usb_phy.c.obj
[475/1051] Building C object esp-idf/soc/CMakeFiles/__idf_soc.dir/esp32s3/spi_periph.c.obj
[498/1051] Building C object esp-idf/log/CMakeFiles/__idf_log.dir/src/os/log_write.c.obj
[557/1049] Building C object esp-idf/hal/CMakeFiles/__idf_hal.dir/cam_hal.c.obj
[114/1051] Building C object esp-idf/wpa_supplicant/CMakeFiles/__idf_wpa_supplicant.dir/src/ap/sta_info.c.obj
[598/1051] Building C object esp-idf/esp_system/CMakeFiles/__idf_esp_system.dir/stack_check.c.obj
[536/1051] Building C object esp-idf/hal/CMakeFiles/__idf_hal.dir/i2c_hal_iram.c.obj
[476/1051] Building C object esp-idf/soc/CMakeFiles/__idf_soc.dir/esp32s3/mpi_periph.c.obj
[537/1051] Building C object esp-idf/hal/CMakeFiles/__idf_hal.dir/pcnt_hal.c.obj
[633/1051] Building C object esp-idf/esp_system/CMakeFiles/__idf_esp_system.dir/port/esp_ipc_isr.c.obj
[448/1051] Building C object esp-idf/esp_hw_support/CMakeFiles/__idf_esp_hw_support.dir/esp_clock_output.c.obj
[558/1049] Building C object esp-idf/hal/CMakeFiles/__idf_hal.dir/sha_hal.c.obj
-- Adding linker script /home/tikhon/Документы/magnolia/esp-idf/components/soc/esp32s3/ld/esp32s3.peripherals.ld
[538/1051] Building C object esp-idf/hal/CMakeFiles/__idf_hal.dir/rtc_io_hal.c.obj
[599/1051] Building C object esp-idf/hal/CMakeFiles/__idf_hal.dir/usb_dwc_hal.c.obj
[115/1051] Building C object esp-idf/esp_driver_spi/CMakeFiles/__idf_esp_driver_spi.dir/src/gpspi/spi_slave_hd.c.obj
[477/1051] Building C object esp-idf/esp_hw_support/CMakeFiles/__idf_esp_hw_support.dir/port/esp32s3/rtc_clk.c.obj
[499/1051] Building C object esp-idf/log/CMakeFiles/__idf_log.dir/src/os/util.c.obj
[634/1051] Building C object esp-idf/spi_flash/CMakeFiles/__idf_spi_flash.dir/spi_flash_chip_issi.c.obj
[449/1051] Building C object esp-idf/esp_hw_support/CMakeFiles/__idf_esp_hw_support.dir/port/esp32s3/rtc_clk_init.c.obj
[432/1051] Building C object esp-idf/esp_hw_support/CMakeFiles/__idf_esp_hw_support.dir/sleep_usb.c.obj
[425/1051] Building C object esp-idf/esp_hw_support/CMakeFiles/__idf_esp_hw_support.dir/mac_addr.c.obj
[478/1051] Building C object esp-idf/soc/CMakeFiles/__idf_soc.dir/esp32s3/i2c_periph.c.obj
[479/1051] Building C object esp-idf/soc/CMakeFiles/__idf_soc.dir/esp32s3/sdm_periph.c.obj
[480/1051] Building C object esp-idf/soc/CMakeFiles/__idf_soc.dir/esp32s3/i2s_periph.c.obj
[576/1051] Building C object esp-idf/esp_rom/CMakeFiles/__idf_esp_rom.dir/patches/esp_rom_efuse.c.obj
[450/1051] Building C object esp-idf/esp_hw_support/CMakeFiles/__idf_esp_hw_support.dir/sleep_wake_stub.c.obj
[500/1051] Building C object esp-idf/esp_hw_support/CMakeFiles/__idf_esp_hw_support.dir/lowpower/port/esp32s3/sleep_cpu.c.obj
[635/1051] Building C object esp-idf/spi_flash/CMakeFiles/__idf_spi_flash.dir/spi_flash_chip_generic.c.obj
[539/1051] Building C object esp-idf/hal/CMakeFiles/__idf_hal.dir/rmt_hal.c.obj
[481/1051] Building C object esp-idf/soc/CMakeFiles/__idf_soc.dir/esp32s3/timer_periph.c.obj
[636/1051] Building C object esp-idf/esp_system/CMakeFiles/__idf_esp_system.dir/port/soc/esp32s3/apb_backup_dma.c.obj
[433/1051] Building C object esp-idf/esp_hw_support/CMakeFiles/__idf_esp_hw_support.dir/sleep_console.c.obj
[501/1051] Building C object esp-idf/log/CMakeFiles/__idf_log.dir/src/util.c.obj
[600/1051] Building C object esp-idf/esp_system/CMakeFiles/__idf_esp_system.dir/xt_wdt.c.obj
[482/1051] Building C object esp-idf/soc/CMakeFiles/__idf_soc.dir/esp32s3/touch_sensor_periph.c.obj
[577/1051] Building C object esp-idf/esp_rom/CMakeFiles/__idf_esp_rom.dir/patches/esp_rom_sys.c.obj
[426/1051] Building C object esp-idf/esp_hw_support/CMakeFiles/__idf_esp_hw_support.dir/spi_share_hw_ctrl.c.obj
[116/1051] Building C object esp-idf/esp_wifi/CMakeFiles/__idf_esp_wifi.dir/src/smartconfig_ack.c.obj
[559/1049] Building C object esp-idf/hal/CMakeFiles/__idf_hal.dir/hmac_hal.c.obj
[540/1051] Building C object esp-idf/hal/CMakeFiles/__idf_hal.dir/spi_flash_hal.c.obj
[541/1051] Building C object esp-idf/hal/CMakeFiles/__idf_hal.dir/uart_hal.c.obj
[434/1051] Building C object esp-idf/esp_hw_support/CMakeFiles/__idf_esp_hw_support.dir/regi2c_ctrl.c.obj
[117/1051] Building C object esp-idf/wpa_supplicant/CMakeFiles/__idf_wpa_supplicant.dir/port/os_xtensa.c.obj
[483/1051] Building C object esp-idf/esp_hw_support/CMakeFiles/__idf_esp_hw_support.dir/mspi_timing_tuning/port/esp32s3/mspi_timing_by_mspi_delay.c.obj
[451/1051] Building CXX object esp-idf/nvs_flash/CMakeFiles/__idf_nvs_flash.dir/src/nvs_types.cpp.obj
[542/1051] Building C object esp-idf/hal/CMakeFiles/__idf_hal.dir/i2c_hal.c.obj
[578/1051] Building C object esp-idf/hal/CMakeFiles/__idf_hal.dir/touch_sens_hal.c.obj
[560/1049] Building C object esp-idf/hal/CMakeFiles/__idf_hal.dir/adc_oneshot_hal.c.obj
[543/1051] Linking C static library esp-idf/esp_timer/libesp_timer.a
[484/1051] Building C object esp-idf/soc/CMakeFiles/__idf_soc.dir/esp32s3/twai_periph.c.obj
[118/1051] Linking C static library esp-idf/esp_driver_i2c/libesp_driver_i2c.a
[637/1051] Linking C static library esp-idf/hal/libhal.a
[579/1051] Building C object esp-idf/hal/CMakeFiles/__idf_hal.dir/usb_wrap_hal.c.obj
[544/1051] Building C object esp-idf/hal/CMakeFiles/__idf_hal.dir/sdm_hal.c.obj
[580/1051] Building ASM object esp-idf/esp_rom/CMakeFiles/__idf_esp_rom.dir/patches/esp_rom_longjmp.S.obj
[638/1051] Building C object esp-idf/esp_system/CMakeFiles/__idf_esp_system.dir/port/arch/xtensa/expression_with_stack.c.obj
[485/1051] Building C object esp-idf/soc/CMakeFiles/__idf_soc.dir/esp32s3/usb_dwc_periph.c.obj
[119/1051] Building C object esp-idf/wpa_supplicant/CMakeFiles/__idf_wpa_supplicant.dir/src/utils/bitfield.c.obj
[601/1051] Building C object esp-idf/esp_system/CMakeFiles/__idf_esp_system.dir/startup.c.obj
[561/1049] Building C object esp-idf/hal/CMakeFiles/__idf_hal.dir/gdma_hal_ahb_v1.c.obj
[486/1051] Building C object esp-idf/soc/CMakeFiles/__idf_soc.dir/esp32s3/mcpwm_periph.c.obj
[502/1051] Linking C static library esp-idf/nvs_flash/libnvs_flash.a
[452/1051] Building C object esp-idf/esp_hw_support/CMakeFiles/__idf_esp_hw_support.dir/port/esp32s3/chip_info.c.obj
[503/1051] Building C object esp-idf/log/CMakeFiles/__idf_log.dir/src/log_print.c.obj
[562/1049] Building C object esp-idf/hal/CMakeFiles/__idf_hal.dir/usb_wrap_hal.c.obj
[504/1051] Building C object esp-idf/log/CMakeFiles/__idf_log.dir/src/log.c.obj
[602/1051] Linking C static library esp-idf/freertos/libfreertos.a
[563/1049] Building C object esp-idf/hal/CMakeFiles/__idf_hal.dir/ds_hal.c.obj
[487/1051] Building C object esp-idf/soc/CMakeFiles/__idf_soc.dir/esp32s3/cam_periph.c.obj
[545/1051] Building C object esp-idf/hal/CMakeFiles/__idf_hal.dir/spi_flash_hal_iram.c.obj
[603/1051] Building C object esp-idf/esp_system/CMakeFiles/__idf_esp_system.dir/crosscore_int.c.obj
[120/1051] Building C object esp-idf/wpa_supplicant/CMakeFiles/__idf_wpa_supplicant.dir/port/eloop.c.obj
[564/1049] Linking C static library esp-idf/esp_timer/libesp_timer.a
[546/1051] Building C object esp-idf/hal/CMakeFiles/__idf_hal.dir/mcpwm_hal.c.obj
[488/1051] Building C object esp-idf/soc/CMakeFiles/__idf_soc.dir/esp32s3/power_supply_periph.c.obj
[581/1051] Building C object esp-idf/esp_rom/CMakeFiles/__idf_esp_rom.dir/patches/esp_rom_serial_output.c.obj
[489/1051] Building C object esp-idf/soc/CMakeFiles/__idf_soc.dir/esp32s3/sdmmc_periph.c.obj
[547/1051] Building C object esp-idf/hal/CMakeFiles/__idf_hal.dir/gdma_hal_top.c.obj
[565/1049] Building C object esp-idf/hal/CMakeFiles/__idf_hal.dir/usb_serial_jtag_hal.c.obj
[505/1051] Building C object esp-idf/log/CMakeFiles/__idf_log.dir/src/buffer/log_buffers.c.obj
[582/1051] Building C object esp-idf/esp_rom/CMakeFiles/__idf_esp_rom.dir/patches/esp_rom_spiflash.c.obj
[121/1051] Building C object esp-idf/wpa_supplicant/CMakeFiles/__idf_wpa_supplicant.dir/src/ap/wpa_auth_ie.c.obj
[427/1051] Building C object esp-idf/esp_hw_support/CMakeFiles/__idf_esp_hw_support.dir/dma/esp_dma_utils.c.obj
[490/1051] Building C object esp-idf/soc/CMakeFiles/__idf_soc.dir/esp32s3/wdt_periph.c.obj
[326/1051] Building C object esp-idf/esp_phy/CMakeFiles/__idf_esp_phy.dir/src/phy_common.c.obj
[639/1051] Building C object esp-idf/spi_flash/CMakeFiles/__idf_spi_flash.dir/spi_flash_chip_boya.c.obj
[548/1051] Linking C static library esp-idf/cxx/libcxx.a
[604/1051] Building C object esp-idf/esp_system/CMakeFiles/__idf_esp_system.dir/freertos_hooks.c.obj
[491/1051] Building C object esp-idf/heap/CMakeFiles/__idf_heap.dir/port/memory_layout_utils.c.obj
[453/1051] Building CXX object esp-idf/nvs_flash/CMakeFiles/__idf_nvs_flash.dir/src/nvs_storage.cpp.obj
[583/1051] Building C object esp-idf/esp_rom/CMakeFiles/__idf_esp_rom.dir/patches/esp_rom_gpio.c.obj
[122/1051] Linking C static library esp-idf/esp_driver_sdm/libesp_driver_sdm.a
[428/1051] Building C object esp-idf/esp_hw_support/CMakeFiles/__idf_esp_hw_support.dir/clk_utils.c.obj
[640/1051] Building C object esp-idf/spi_flash/CMakeFiles/__idf_spi_flash.dir/memspi_host_driver.c.obj
[327/1051] Building C object esp-idf/esp_driver_usb_serial_jtag/CMakeFiles/__idf_esp_driver_usb_serial_jtag.dir/src/usb_serial_jtag.c.obj
[566/1049] Building C object esp-idf/hal/CMakeFiles/__idf_hal.dir/spi_hal.c.obj
[584/1051] Building C object esp-idf/esp_rom/CMakeFiles/__idf_esp_rom.dir/patches/esp_rom_print.c.obj
[605/1051] Building C object esp-idf/esp_system/CMakeFiles/__idf_esp_system.dir/esp_ipc.c.obj
[454/1051] Building C object esp-idf/freertos/CMakeFiles/__idf_freertos.dir/FreeRTOS-Kernel/tasks.c.obj
[641/1051] Building C object esp-idf/spi_flash/CMakeFiles/__idf_spi_flash.dir/spi_flash_chip_drivers.c.obj
[642/1051] Building C object esp-idf/spi_flash/CMakeFiles/__idf_spi_flash.dir/spi_flash_chip_mxic.c.obj
[567/1049] Building C object esp-idf/esp_rom/CMakeFiles/__idf_esp_rom.dir/patches/esp_rom_sys.c.obj
[643/1051] Building C object esp-idf/spi_flash/CMakeFiles/__idf_spi_flash.dir/spi_flash_chip_th.c.obj
[585/1051] Building ASM object esp-idf/esp_rom/CMakeFiles/__idf_esp_rom.dir/patches/esp_rom_cache_writeback_esp32s3.S.obj
[429/1051] Building C object esp-idf/esp_hw_support/CMakeFiles/__idf_esp_hw_support.dir/port/esp_clk_tree_common.c.obj
[606/1051] Building C object esp-idf/esp_system/CMakeFiles/__idf_esp_system.dir/port/esp_ipc_isr.c.obj
[549/1051] Building C object esp-idf/heap/CMakeFiles/__idf_heap.dir/tlsf/tlsf.c.obj
[506/1051] Building C object esp-idf/log/CMakeFiles/__idf_log.dir/src/log_timestamp_common.c.obj
[455/1051] Building C object esp-idf/esp_hw_support/CMakeFiles/__idf_esp_hw_support.dir/port/esp32s3/rtc_clk.c.obj
[607/1051] Building C object esp-idf/esp_system/CMakeFiles/__idf_esp_system.dir/esp_system.c.obj
[608/1051] Building C object esp-idf/esp_system/CMakeFiles/__idf_esp_system.dir/system_time.c.obj
[430/1051] Building C object esp-idf/esp_hw_support/CMakeFiles/__idf_esp_hw_support.dir/rtc_module.c.obj
[586/1051] Building C object esp-idf/hal/CMakeFiles/__idf_hal.dir/spi_flash_hal_gpspi.c.obj
[568/1049] Building C object esp-idf/hal/CMakeFiles/__idf_hal.dir/spi_slave_hal_iram.c.obj
[435/1051] Building C object esp-idf/esp_hw_support/CMakeFiles/__idf_esp_hw_support.dir/intr_alloc.c.obj
[609/1051] Building C object esp-idf/esp_system/CMakeFiles/__idf_esp_system.dir/task_wdt/task_wdt_impl_timergroup.c.obj
[587/1051] Building C object esp-idf/hal/CMakeFiles/__idf_hal.dir/temperature_sensor_hal.c.obj
[123/1051] Building C object esp-idf/wpa_supplicant/CMakeFiles/__idf_wpa_supplicant.dir/src/common/dragonfly.c.obj
[431/1051] Building C object esp-idf/esp_hw_support/CMakeFiles/__idf_esp_hw_support.dir/port/esp32s3/io_mux.c.obj
[456/1051] Building C object esp-idf/soc/CMakeFiles/__idf_soc.dir/dport_access_common.c.obj
[457/1051] Building C object esp-idf/esp_hw_support/CMakeFiles/__idf_esp_hw_support.dir/port/esp_memprot_conv.c.obj
[458/1051] Building C object esp-idf/soc/CMakeFiles/__idf_soc.dir/lldesc.c.obj
[436/1051] Building C object esp-idf/esp_hw_support/CMakeFiles/__idf_esp_hw_support.dir/port/esp32s3/systimer.c.obj
[507/1051] Building C object esp-idf/heap/CMakeFiles/__idf_heap.dir/heap_caps_base.c.obj
[644/1051] Linking C static library esp-idf/esp_rom/libesp_rom.a
[588/1051] Building C object esp-idf/esp_rom/CMakeFiles/__idf_esp_rom.dir/patches/esp_rom_systimer.c.obj
[459/1051] Building C object esp-idf/esp_hw_support/CMakeFiles/__idf_esp_hw_support.dir/port/esp32s3/rtc_sleep.c.obj
[569/1049] Linking C static library esp-idf/cxx/libcxx.a
[437/1051] Building C object esp-idf/esp_hw_support/CMakeFiles/__idf_esp_hw_support.dir/sleep_event.c.obj
[508/1051] Building C object esp-idf/log/CMakeFiles/__idf_log.dir/src/os/log_lock.c.obj
[509/1051] Building C object esp-idf/log/CMakeFiles/__idf_log.dir/src/log_level/log_level.c.obj
[645/1051] Building C object esp-idf/esp_system/CMakeFiles/__idf_esp_system.dir/port/arch/xtensa/debug_helpers.c.obj
[432/1051] Building C object esp-idf/esp_hw_support/CMakeFiles/__idf_esp_hw_support.dir/port/esp32s3/esp_clk_tree.c.obj
[433/1051] Building C object esp-idf/esp_hw_support/CMakeFiles/__idf_esp_hw_support.dir/sleep_usb.c.obj
[610/1051] Building ASM object esp-idf/esp_system/CMakeFiles/__idf_esp_system.dir/port/arch/xtensa/esp_ipc_isr_routines.S.obj
[492/1051] Building C object esp-idf/soc/CMakeFiles/__idf_soc.dir/esp32s3/rtc_io_periph.c.obj
[328/1051] Building C object esp-idf/vfs/CMakeFiles/__idf_vfs.dir/vfs_eventfd.c.obj
[460/1051] Building C object esp-idf/esp_hw_support/CMakeFiles/__idf_esp_hw_support.dir/mspi_timing_tuning/port/esp32s3/mspi_timing_by_mspi_delay.c.obj
[434/1051] Building C object esp-idf/esp_hw_support/CMakeFiles/__idf_esp_hw_support.dir/sar_tsens_ctrl.c.obj
[589/1051] Building C object esp-idf/hal/CMakeFiles/__idf_hal.dir/touch_sensor_hal.c.obj
[438/1051] Building CXX object esp-idf/nvs_flash/CMakeFiles/__idf_nvs_flash.dir/src/nvs_api.cpp.obj
[510/1051] Building C object esp-idf/log/CMakeFiles/__idf_log.dir/src/log_format_text.c.obj
[493/1051] Building C object esp-idf/log/CMakeFiles/__idf_log.dir/src/os/log_timestamp.c.obj
[646/1051] Building C object esp-idf/esp_system/CMakeFiles/__idf_esp_system.dir/port/soc/esp32s3/cache_err_int.c.obj
[611/1051] Building ASM object esp-idf/esp_system/CMakeFiles/__idf_esp_system.dir/port/arch/xtensa/panic_handler_asm.S.obj
[612/1051] Building ASM object esp-idf/esp_system/CMakeFiles/__idf_esp_system.dir/port/arch/xtensa/expression_with_stack_asm.S.obj
[570/1049] Building C object esp-idf/hal/CMakeFiles/__idf_hal.dir/twai_hal_sja1000.c.obj
[590/1051] Building C object esp-idf/hal/CMakeFiles/__idf_hal.dir/esp32s3/rtc_cntl_hal.c.obj
[511/1051] Linking C static library esp-idf/esp_event/libesp_event.a
[124/1051] Linking C static library esp-idf/esp_driver_tsens/libesp_driver_tsens.a
[439/1051] Building CXX object esp-idf/nvs_flash/CMakeFiles/__idf_nvs_flash.dir/src/nvs_encrypted_partition.cpp.obj
[461/1051] Building C object esp-idf/soc/CMakeFiles/__idf_soc.dir/esp32s3/interrupts.c.obj
[494/1051] Building C object esp-idf/log/CMakeFiles/__idf_log.dir/src/util.c.obj
[125/1051] Building C object esp-idf/esp_driver_spi/CMakeFiles/__idf_esp_driver_spi.dir/src/gpspi/spi_slave.c.obj
[571/1049] Building C object esp-idf/esp_rom/CMakeFiles/__idf_esp_rom.dir/patches/esp_rom_crc.c.obj
[550/1051] Linking C static library esp-idf/pthread/libpthread.a
[647/1051] Building C object esp-idf/spi_flash/CMakeFiles/__idf_spi_flash.dir/spi_flash_hpm_enable.c.obj
[591/1051] Building C object esp-idf/esp_system/CMakeFiles/__idf_esp_system.dir/esp_system_console.c.obj
[512/1051] Building C object esp-idf/log/CMakeFiles/__idf_log.dir/src/log_level/tag_log_level/tag_log_level.c.obj
[551/1051] Building C object esp-idf/hal/CMakeFiles/__idf_hal.dir/sdmmc_hal.c.obj
[440/1051] Building C object esp-idf/esp_hw_support/CMakeFiles/__idf_esp_hw_support.dir/dma/esp_async_memcpy.c.obj
[462/1051] Building C object esp-idf/soc/CMakeFiles/__idf_soc.dir/esp32s3/gdma_periph.c.obj
[592/1051] Building C object esp-idf/esp_rom/CMakeFiles/__idf_esp_rom.dir/patches/esp_rom_wdt.c.obj
[513/1051] Building C object esp-idf/log/CMakeFiles/__idf_log.dir/src/log_level/tag_log_level/linked_list/log_linked_list.c.obj
[514/1051] Building C object esp-idf/log/CMakeFiles/__idf_log.dir/src/log_level/tag_log_level/cache/log_binary_heap.c.obj
[613/1051] Building ASM object esp-idf/esp_system/CMakeFiles/__idf_esp_system.dir/port/arch/xtensa/esp_ipc_isr_handler.S.obj
[463/1051] Building C object esp-idf/soc/CMakeFiles/__idf_soc.dir/esp32s3/pcnt_periph.c.obj
[593/1051] Linking C static library esp-idf/esp_hw_support/libesp_hw_support.a
[594/1051] Building C object esp-idf/hal/CMakeFiles/__idf_hal.dir/spi_slave_hd_hal.c.obj
[464/1051] Building C object esp-idf/soc/CMakeFiles/__idf_soc.dir/esp32s3/uart_periph.c.obj
[126/1051] Building C object esp-idf/wpa_supplicant/CMakeFiles/__idf_wpa_supplicant.dir/src/ap/comeback_token.c.obj
[614/1051] Building C object esp-idf/esp_system/CMakeFiles/__idf_esp_system.dir/int_wdt.c.obj
[648/1051] Linking C static library esp-idf/esp_common/libesp_common.a
[552/1051] Building C object esp-idf/hal/CMakeFiles/__idf_hal.dir/lcd_hal.c.obj
[515/1051] Building C object esp-idf/log/CMakeFiles/__idf_log.dir/src/os/log_timestamp.c.obj
[465/1051] Building C object esp-idf/esp_hw_support/CMakeFiles/__idf_esp_hw_support.dir/port/esp32s3/sar_periph_ctrl.c.obj
[615/1051] Building C object esp-idf/esp_system/CMakeFiles/__idf_esp_system.dir/ubsan.c.obj
[595/1051] Building C object esp-idf/esp_system/CMakeFiles/__idf_esp_system.dir/startup.c.obj
[441/1051] Building CXX object esp-idf/nvs_flash/CMakeFiles/__idf_nvs_flash.dir/src/nvs_item_hash_list.cpp.obj
[495/1051] Building C object esp-idf/heap/CMakeFiles/__idf_heap.dir/port/esp32s3/memory_layout.c.obj
[649/1051] Building C object esp-idf/spi_flash/CMakeFiles/__idf_spi_flash.dir/esp32s3/spi_flash_oct_flash_init.c.obj
[572/1049] Building ASM object esp-idf/esp_rom/CMakeFiles/__idf_esp_rom.dir/patches/esp_rom_longjmp.S.obj
[516/1051] Building C object esp-idf/heap/CMakeFiles/__idf_heap.dir/heap_caps_init.c.obj
[650/1051] Building C object esp-idf/spi_flash/CMakeFiles/__idf_spi_flash.dir/spi_flash_chip_winbond.c.obj
[553/1051] Building C object esp-idf/hal/CMakeFiles/__idf_hal.dir/brownout_hal.c.obj
[616/1051] Building C object esp-idf/esp_system/CMakeFiles/__idf_esp_system.dir/startup_funcs.c.obj
[466/1051] Building C object esp-idf/soc/CMakeFiles/__idf_soc.dir/esp32s3/dedic_gpio_periph.c.obj
[127/1051] Linking C static library esp-idf/esp_driver_rmt/libesp_driver_rmt.a
[596/1051] Building C object esp-idf/hal/CMakeFiles/__idf_hal.dir/spi_hal_iram.c.obj
[573/1049] Building C object esp-idf/hal/CMakeFiles/__idf_hal.dir/esp32s3/rtc_cntl_hal.c.obj
[517/1051] Building C object esp-idf/hal/CMakeFiles/__idf_hal.dir/hal_utils.c.obj
[467/1051] Building C object esp-idf/soc/CMakeFiles/__idf_soc.dir/esp32s3/spi_periph.c.obj
[617/1051] Building C object esp-idf/esp_system/CMakeFiles/__idf_esp_system.dir/port/arch/xtensa/esp_ipc_isr_port.c.obj
[651/1051] Building C object esp-idf/spi_flash/CMakeFiles/__idf_spi_flash.dir/spi_flash_chip_gd.c.obj
[435/1051] Building C object esp-idf/esp_hw_support/CMakeFiles/__idf_esp_hw_support.dir/port/esp32s3/systimer.c.obj
[468/1051] Building C object esp-idf/soc/CMakeFiles/__idf_soc.dir/esp32s3/adc_periph.c.obj
[618/1051] Building ASM object esp-idf/esp_system/CMakeFiles/__idf_esp_system.dir/port/arch/xtensa/debug_helpers_asm.S.obj
[574/1049] Building C object esp-idf/hal/CMakeFiles/__idf_hal.dir/xt_wdt_hal.c.obj
[597/1051] Building C object esp-idf/hal/CMakeFiles/__idf_hal.dir/esp32s3/touch_sensor_hal.c.obj
[128/1051] Building C object esp-idf/wpa_supplicant/CMakeFiles/__idf_wpa_supplicant.dir/src/ap/ap_config.c.obj
[518/1051] Building C object esp-idf/hal/CMakeFiles/__idf_hal.dir/color_hal.c.obj
[436/1051] Building C object esp-idf/freertos/CMakeFiles/__idf_freertos.dir/FreeRTOS-Kernel/tasks.c.obj
[519/1051] Linking C static library esp-idf/esp_driver_uart/libesp_driver_uart.a
[129/1051] Building C object esp-idf/wpa_supplicant/CMakeFiles/__idf_wpa_supplicant.dir/src/ap/pmksa_cache_auth.c.obj
[652/1051] Building C object esp-idf/esp_mm/CMakeFiles/__idf_esp_mm.dir/port/esp32s3/ext_mem_layout.c.obj
[575/1049] Building C object esp-idf/esp_rom/CMakeFiles/__idf_esp_rom.dir/patches/esp_rom_gpio.c.obj
[619/1051] Building C object esp-idf/esp_system/CMakeFiles/__idf_esp_system.dir/task_wdt/task_wdt.c.obj
[576/1049] Building C object esp-idf/esp_rom/CMakeFiles/__idf_esp_rom.dir/patches/esp_rom_efuse.c.obj
[520/1051] Building C object esp-idf/hal/CMakeFiles/__idf_hal.dir/mpu_hal.c.obj
[496/1051] Building C object esp-idf/esp_hw_support/CMakeFiles/__idf_esp_hw_support.dir/lowpower/port/esp32s3/sleep_cpu.c.obj
[469/1051] Building C object esp-idf/esp_hw_support/CMakeFiles/__idf_esp_hw_support.dir/power_supply/brownout.c.obj
[577/1049] Building C object esp-idf/hal/CMakeFiles/__idf_hal.dir/adc_hal.c.obj
[470/1051] Building C object esp-idf/soc/CMakeFiles/__idf_soc.dir/esp32s3/ledc_periph.c.obj
[653/1051] Building C object esp-idf/esp_system/CMakeFiles/__idf_esp_system.dir/task_wdt/task_wdt.c.obj
[471/1051] Building C object esp-idf/soc/CMakeFiles/__idf_soc.dir/esp32s3/rmt_periph.c.obj
[442/1051] Building C object esp-idf/esp_hw_support/CMakeFiles/__idf_esp_hw_support.dir/spi_share_hw_ctrl.c.obj
[598/1051] Building C object esp-idf/esp_rom/CMakeFiles/__idf_esp_rom.dir/patches/esp_rom_cache_esp32s2_esp32s3.c.obj
[437/1051] Building C object esp-idf/esp_hw_support/CMakeFiles/__idf_esp_hw_support.dir/sleep_modem.c.obj
[497/1051] Building C object esp-idf/log/CMakeFiles/__idf_log.dir/src/log_timestamp_common.c.obj
[521/1051] Building C object esp-idf/hal/CMakeFiles/__idf_hal.dir/rtc_io_hal.c.obj
[578/1049] Building C object esp-idf/hal/CMakeFiles/__idf_hal.dir/touch_sensor_hal.c.obj
[554/1051] Building C object esp-idf/hal/CMakeFiles/__idf_hal.dir/adc_oneshot_hal.c.obj
[620/1051] Building C object esp-idf/esp_system/CMakeFiles/__idf_esp_system.dir/port/arch/xtensa/debug_stubs.c.obj
[654/1051] Building C object esp-idf/esp_system/CMakeFiles/__idf_esp_system.dir/port/soc/esp32s3/clk.c.obj
[329/1051] Building CXX object esp-idf/nvs_flash/CMakeFiles/__idf_nvs_flash.dir/src/nvs_partition.cpp.obj
[522/1051] Building C object esp-idf/hal/CMakeFiles/__idf_hal.dir/efuse_hal.c.obj
[130/1051] Linking C static library esp-idf/esp_driver_sdspi/libesp_driver_sdspi.a
[555/1051] Building C object esp-idf/hal/CMakeFiles/__idf_hal.dir/sha_hal.c.obj
[579/1049] Linking C static library esp-idf/pthread/libpthread.a
[443/1051] Building CXX object esp-idf/nvs_flash/CMakeFiles/__idf_nvs_flash.dir/src/nvs_storage.cpp.obj
[599/1051] Building C object esp-idf/esp_system/CMakeFiles/__idf_esp_system.dir/esp_err.c.obj
[131/1051] Building C object esp-idf/wpa_supplicant/CMakeFiles/__idf_wpa_supplicant.dir/src/crypto/crypto_ops.c.obj
[498/1051] Building C object esp-idf/log/CMakeFiles/__idf_log.dir/src/log_print.c.obj
[655/1051] Building C object esp-idf/esp_system/CMakeFiles/__idf_esp_system.dir/port/cpu_start.c.obj
[472/1051] Building C object esp-idf/soc/CMakeFiles/__idf_soc.dir/esp32s3/gpio_periph.c.obj
[556/1051] Linking C static library esp-idf/newlib/libnewlib.a
[580/1049] Building ASM object esp-idf/esp_rom/CMakeFiles/__idf_esp_rom.dir/patches/esp_rom_cache_writeback_esp32s3.S.obj
[621/1051] Building C object esp-idf/esp_system/CMakeFiles/__idf_esp_system.dir/port/arch/xtensa/expression_with_stack.c.obj
[656/1051] Building C object esp-idf/esp_mm/CMakeFiles/__idf_esp_mm.dir/esp_cache_utils.c.obj
[499/1051] Building C object esp-idf/log/CMakeFiles/__idf_log.dir/src/os/util.c.obj
[557/1051] Building C object esp-idf/hal/CMakeFiles/__idf_hal.dir/spi_slave_hal_iram.c.obj
[581/1049] Building C object esp-idf/hal/CMakeFiles/__idf_hal.dir/temperature_sensor_hal.c.obj
[622/1051] Building C object esp-idf/esp_system/CMakeFiles/__idf_esp_system.dir/port/soc/esp32s3/reset_reason.c.obj
[558/1051] Building C object esp-idf/esp_hw_support/CMakeFiles/__idf_esp_hw_support.dir/port/esp32s3/esp_memprot.c.obj
[500/1051] Building C object esp-idf/log/CMakeFiles/__idf_log.dir/src/log_format_text.c.obj
[444/1051] Building C object esp-idf/esp_hw_support/CMakeFiles/__idf_esp_hw_support.dir/adc_share_hw_ctrl.c.obj
[473/1051] Building C object esp-idf/soc/CMakeFiles/__idf_soc.dir/esp32s3/sdm_periph.c.obj
[623/1051] Building C object esp-idf/esp_system/CMakeFiles/__idf_esp_system.dir/panic.c.obj
[559/1051] Building C object esp-idf/hal/CMakeFiles/__idf_hal.dir/aes_hal.c.obj
[438/1051] Building C object esp-idf/esp_hw_support/CMakeFiles/__idf_esp_hw_support.dir/dma/esp_async_memcpy.c.obj
[501/1051] Building C object esp-idf/log/CMakeFiles/__idf_log.dir/src/buffer/log_buffers.c.obj
[624/1051] Building C object esp-idf/esp_system/CMakeFiles/__idf_esp_system.dir/port/panic_handler.c.obj
[523/1051] Building C object esp-idf/hal/CMakeFiles/__idf_hal.dir/spi_flash_hal_iram.c.obj
[600/1051] Linking C static library esp-idf/soc/libsoc.a
[582/1049] Building C object esp-idf/esp_rom/CMakeFiles/__idf_esp_rom.dir/patches/esp_rom_cache_esp32s2_esp32s3.c.obj
[474/1051] Building C object esp-idf/esp_hw_support/CMakeFiles/__idf_esp_hw_support.dir/port/esp32s3/rtc_time.c.obj
[524/1051] Building C object esp-idf/heap/CMakeFiles/__idf_heap.dir/multi_heap.c.obj
[445/1051] Building CXX object esp-idf/nvs_flash/CMakeFiles/__idf_nvs_flash.dir/src/nvs_page.cpp.obj
[560/1051] Building C object esp-idf/hal/CMakeFiles/__idf_hal.dir/gdma_hal_ahb_v1.c.obj
[502/1051] Building C object esp-idf/log/CMakeFiles/__idf_log.dir/src/log.c.obj
[475/1051] Building C object esp-idf/esp_hw_support/CMakeFiles/__idf_esp_hw_support.dir/mspi_timing_tuning/port/esp32s3/mspi_timing_config.c.obj
[625/1051] Building C object esp-idf/esp_system/CMakeFiles/__idf_esp_system.dir/port/esp_system_chip.c.obj
[561/1051] Building C object esp-idf/hal/CMakeFiles/__idf_hal.dir/mpi_hal.c.obj
[525/1051] Linking C static library esp-idf/esp_ringbuf/libesp_ringbuf.a
[583/1049] Building C object esp-idf/hal/CMakeFiles/__idf_hal.dir/spi_flash_hal_gpspi.c.obj
[446/1051] Building C object esp-idf/esp_hw_support/CMakeFiles/__idf_esp_hw_support.dir/spi_bus_lock.c.obj
[601/1051] Building C object esp-idf/hal/CMakeFiles/__idf_hal.dir/usb_dwc_hal.c.obj
[657/1051] Building C object esp-idf/bootloader_support/CMakeFiles/__idf_bootloader_support.dir/src/bootloader_random.c.obj
[658/1051] Building C object esp-idf/bootloader_support/CMakeFiles/__idf_bootloader_support.dir/src/bootloader_mem.c.obj
[132/1051] Linking C static library esp-idf/esp_driver_sdmmc/libesp_driver_sdmmc.a
[602/1051] Building C object esp-idf/esp_system/CMakeFiles/__idf_esp_system.dir/stack_check.c.obj
[584/1049] Building C object esp-idf/esp_system/CMakeFiles/__idf_esp_system.dir/esp_err.c.obj
[626/1051] Building ASM object esp-idf/esp_system/CMakeFiles/__idf_esp_system.dir/port/soc/esp32s3/highint_hdl.S.obj
[476/1051] Building C object esp-idf/soc/CMakeFiles/__idf_soc.dir/esp32s3/lcd_periph.c.obj
[330/1051] Building C object esp-idf/esp_driver_usb_serial_jtag/CMakeFiles/__idf_esp_driver_usb_serial_jtag.dir/src/usb_serial_jtag_vfs.c.obj
[627/1051] Linking C static library esp-idf/esp_hw_support/libesp_hw_support.a
[526/1051] Building C object esp-idf/heap/CMakeFiles/__idf_heap.dir/heap_caps.c.obj
[585/1049] Building C object esp-idf/hal/CMakeFiles/__idf_hal.dir/i2s_hal.c.obj
[439/1051] Building C object esp-idf/esp_hw_support/CMakeFiles/__idf_esp_hw_support.dir/dma/gdma_link.c.obj
[477/1051] Building C object esp-idf/soc/CMakeFiles/__idf_soc.dir/esp32s3/sdmmc_periph.c.obj
[586/1049] Building C object esp-idf/hal/CMakeFiles/__idf_hal.dir/touch_sens_hal.c.obj
[659/1051] Building C object esp-idf/spi_flash/CMakeFiles/__idf_spi_flash.dir/flash_ops.c.obj
[628/1051] Building C object esp-idf/spi_flash/CMakeFiles/__idf_spi_flash.dir/flash_brownout_hook.c.obj
[447/1051] Building C object esp-idf/esp_hw_support/CMakeFiles/__idf_esp_hw_support.dir/usb_phy/usb_phy.c.obj
[478/1051] Building C object esp-idf/esp_hw_support/CMakeFiles/__idf_esp_hw_support.dir/dma/async_memcpy_gdma.c.obj
[527/1051] Building C object esp-idf/hal/CMakeFiles/__idf_hal.dir/esp32s3/efuse_hal.c.obj
[629/1051] Building C object esp-idf/esp_system/CMakeFiles/__idf_esp_system.dir/port/image_process.c.obj
[587/1049] Building C object esp-idf/esp_rom/CMakeFiles/__idf_esp_rom.dir/patches/esp_rom_spiflash.c.obj
[528/1051] Building C object esp-idf/hal/CMakeFiles/__idf_hal.dir/spi_flash_encrypt_hal_iram.c.obj
[479/1051] Building C object esp-idf/soc/CMakeFiles/__idf_soc.dir/esp32s3/i2s_periph.c.obj
[660/1051] Building C object esp-idf/bootloader_support/CMakeFiles/__idf_bootloader_support.dir/src/bootloader_clock_init.c.obj
[562/1051] Building C object esp-idf/hal/CMakeFiles/__idf_hal.dir/twai_hal_sja1000.c.obj
[480/1051] Building C object esp-idf/soc/CMakeFiles/__idf_soc.dir/esp32s3/i2c_periph.c.obj
[603/1051] Building C object esp-idf/esp_system/CMakeFiles/__idf_esp_system.dir/system_time.c.obj
[503/1051] Building C object esp-idf/log/CMakeFiles/__idf_log.dir/src/log_level/log_level.c.obj
[504/1051] Building C object esp-idf/log/CMakeFiles/__idf_log.dir/src/os/log_lock.c.obj
[588/1049] Building C object esp-idf/esp_rom/CMakeFiles/__idf_esp_rom.dir/patches/esp_rom_systimer.c.obj
[481/1051] Building C object esp-idf/soc/CMakeFiles/__idf_soc.dir/esp32s3/temperature_sensor_periph.c.obj
[529/1051] Building C object esp-idf/hal/CMakeFiles/__idf_hal.dir/systimer_hal.c.obj
[448/1051] Building C object esp-idf/esp_hw_support/CMakeFiles/__idf_esp_hw_support.dir/mspi_timing_tuning/mspi_timing_tuning.c.obj
[482/1051] Building C object esp-idf/soc/CMakeFiles/__idf_soc.dir/esp32s3/touch_sensor_periph.c.obj
[530/1051] Building C object esp-idf/hal/CMakeFiles/__idf_hal.dir/mmu_hal.c.obj
[589/1049] Building C object esp-idf/esp_system/CMakeFiles/__idf_esp_system.dir/esp_system_console.c.obj
[531/1051] Linking C static library esp-idf/esp_driver_gptimer/libesp_driver_gptimer.a
[630/1051] Building C object esp-idf/esp_system/CMakeFiles/__idf_esp_system.dir/port/arch/xtensa/panic_arch.c.obj
[563/1051] Building C object esp-idf/hal/CMakeFiles/__idf_hal.dir/spi_slave_hal.c.obj
[505/1051] Building C object esp-idf/log/CMakeFiles/__idf_log.dir/src/log_level/tag_log_level/tag_log_level.c.obj
[506/1051] Building CXX object esp-idf/nvs_flash/CMakeFiles/__idf_nvs_flash.dir/src/nvs_api.cpp.obj
[590/1049] Building C object esp-idf/esp_rom/CMakeFiles/__idf_esp_rom.dir/patches/esp_rom_serial_output.c.obj
[483/1051] Building C object esp-idf/esp_hw_support/CMakeFiles/__idf_esp_hw_support.dir/lowpower/port/esp32s3/sleep_cpu.c.obj
[331/1051] Building C object esp-idf/esp_phy/CMakeFiles/__idf_esp_phy.dir/src/phy_init.c.obj
[631/1051] Building C object esp-idf/esp_system/CMakeFiles/__idf_esp_system.dir/port/arch/xtensa/trax.c.obj
[484/1051] Building C object esp-idf/soc/CMakeFiles/__idf_soc.dir/esp32s3/timer_periph.c.obj
[661/1051] Building C object esp-idf/spi_flash/CMakeFiles/__idf_spi_flash.dir/spi_flash_os_func_noos.c.obj
[591/1049] Building C object esp-idf/esp_rom/CMakeFiles/__idf_esp_rom.dir/patches/esp_rom_print.c.obj
[604/1051] Linking C static library esp-idf/heap/libheap.a
[592/1049] Linking C static library esp-idf/newlib/libnewlib.a
[485/1051] Building C object esp-idf/soc/CMakeFiles/__idf_soc.dir/esp32s3/mcpwm_periph.c.obj
[564/1051] Linking C static library esp-idf/freertos/libfreertos.a
[532/1051] Building C object esp-idf/hal/CMakeFiles/__idf_hal.dir/ledc_hal.c.obj
[449/1051] Building C object esp-idf/esp_hw_support/CMakeFiles/__idf_esp_hw_support.dir/port/esp32s3/rtc_clk_init.c.obj
[440/1051] Building C object esp-idf/esp_hw_support/CMakeFiles/__idf_esp_hw_support.dir/sleep_console.c.obj
[133/1051] Linking C static library esp-idf/esp_driver_sd_intf/libesp_driver_sd_intf.a
[486/1051] Building C object esp-idf/soc/CMakeFiles/__idf_soc.dir/esp32s3/mpi_periph.c.obj
[507/1051] Building C object esp-idf/heap/CMakeFiles/__idf_heap.dir/heap_caps_base.c.obj
[441/1051] Building C object esp-idf/esp_hw_support/CMakeFiles/__idf_esp_hw_support.dir/adc_share_hw_ctrl.c.obj
[662/1051] Linking C static library esp-idf/esp_system/libesp_system.a
[487/1051] Building C object esp-idf/soc/CMakeFiles/__idf_soc.dir/esp32s3/twai_periph.c.obj
[593/1049] Building C object esp-idf/hal/CMakeFiles/__idf_hal.dir/esp32s3/touch_sensor_hal.c.obj
[488/1051] Building C object esp-idf/soc/CMakeFiles/__idf_soc.dir/esp32s3/wdt_periph.c.obj
[565/1051] Building C object esp-idf/hal/CMakeFiles/__idf_hal.dir/adc_hal_common.c.obj
[508/1051] Building C object esp-idf/heap/CMakeFiles/__idf_heap.dir/multi_heap.c.obj
[605/1051] Building C object esp-idf/esp_system/CMakeFiles/__idf_esp_system.dir/esp_system.c.obj
[442/1051] Building C object esp-idf/esp_hw_support/CMakeFiles/__idf_esp_hw_support.dir/esp_clock_output.c.obj
[489/1051] Building C object esp-idf/soc/CMakeFiles/__idf_soc.dir/esp32s3/cam_periph.c.obj
[594/1049] Building C object esp-idf/esp_system/CMakeFiles/__idf_esp_system.dir/system_time.c.obj
[134/1051] Building C object esp-idf/wpa_supplicant/CMakeFiles/__idf_wpa_supplicant.dir/src/crypto/sha256-kdf.c.obj
[443/1051] Building C object esp-idf/esp_hw_support/CMakeFiles/__idf_esp_hw_support.dir/sleep_event.c.obj
[509/1051] Building C object esp-idf/log/CMakeFiles/__idf_log.dir/src/os/log_write.c.obj
[632/1051] Building C object esp-idf/spi_flash/CMakeFiles/__idf_spi_flash.dir/spi_flash_chip_issi.c.obj
[450/1051] Building C object esp-idf/esp_hw_support/CMakeFiles/__idf_esp_hw_support.dir/port/esp32s3/rtc_time.c.obj
[595/1049] Building C object esp-idf/esp_rom/CMakeFiles/__idf_esp_rom.dir/patches/esp_rom_wdt.c.obj
[332/1051] Building CXX object esp-idf/nvs_flash/CMakeFiles/__idf_nvs_flash.dir/src/nvs_platform.cpp.obj
[533/1051] Building C object esp-idf/hal/CMakeFiles/__idf_hal.dir/spi_flash_hal.c.obj
[135/1051] Building C object esp-idf/wpa_supplicant/CMakeFiles/__idf_wpa_supplicant.dir/src/ap/ieee802_11.c.obj
[566/1051] Building C object esp-idf/hal/CMakeFiles/__idf_hal.dir/ds_hal.c.obj
[663/1051] Building C object esp-idf/spi_flash/CMakeFiles/__idf_spi_flash.dir/spi_flash_wrap.c.obj
[510/1051] Building C object esp-idf/log/CMakeFiles/__idf_log.dir/src/log_level/tag_log_level/linked_list/log_linked_list.c.obj
[511/1051] Building C object esp-idf/hal/CMakeFiles/__idf_hal.dir/mpu_hal.c.obj
[490/1051] Building C object esp-idf/soc/CMakeFiles/__idf_soc.dir/esp32s3/usb_dwc_periph.c.obj
[534/1051] Building C object esp-idf/hal/CMakeFiles/__idf_hal.dir/timer_hal.c.obj
[491/1051] Building C object esp-idf/heap/CMakeFiles/__idf_heap.dir/heap_caps_init.c.obj
[664/1051] Building C object esp-idf/spi_flash/CMakeFiles/__idf_spi_flash.dir/flash_mmap.c.obj
[136/1051] Building C object esp-idf/wpa_supplicant/CMakeFiles/__idf_wpa_supplicant.dir/src/crypto/aes-siv.c.obj
[444/1051] Building C object esp-idf/esp_hw_support/CMakeFiles/__idf_esp_hw_support.dir/intr_alloc.c.obj
[451/1051] Building C object esp-idf/esp_hw_support/CMakeFiles/__idf_esp_hw_support.dir/port/esp32s3/chip_info.c.obj
[492/1051] Building C object esp-idf/heap/CMakeFiles/__idf_heap.dir/port/memory_layout_utils.c.obj
[606/1051] Building C object esp-idf/esp_system/CMakeFiles/__idf_esp_system.dir/ubsan.c.obj
[665/1051] Building C object esp-idf/esp_mm/CMakeFiles/__idf_esp_mm.dir/heap_align_hw.c.obj
[512/1051] Building C object esp-idf/hal/CMakeFiles/__idf_hal.dir/color_hal.c.obj
[666/1051] Building C object esp-idf/spi_flash/CMakeFiles/__idf_spi_flash.dir/spi_flash_chip_mxic_opi.c.obj
[607/1051] Building C object esp-idf/esp_system/CMakeFiles/__idf_esp_system.dir/crosscore_int.c.obj
[633/1051] Building C object esp-idf/spi_flash/CMakeFiles/__idf_spi_flash.dir/spi_flash_chip_drivers.c.obj
[445/1051] Building C object esp-idf/esp_hw_support/CMakeFiles/__idf_esp_hw_support.dir/spi_bus_lock.c.obj
[493/1051] Building C object esp-idf/soc/CMakeFiles/__idf_soc.dir/esp32s3/rtc_io_periph.c.obj
[513/1051] Building C object esp-idf/esp_hw_support/CMakeFiles/__idf_esp_hw_support.dir/dma/gdma.c.obj
[333/1051] Building C object esp-idf/nvs_flash/CMakeFiles/__idf_nvs_flash.dir/src/nvs_bootloader_aes.c.obj
[634/1051] Linking C static library esp-idf/soc/libsoc.a
[535/1051] Linking C static library esp-idf/esp_timer/libesp_timer.a
[137/1051] Linking C static library esp-idf/sdmmc/libsdmmc.a
[514/1051] Building C object esp-idf/hal/CMakeFiles/__idf_hal.dir/hal_utils.c.obj
[446/1051] Building CXX object esp-idf/nvs_flash/CMakeFiles/__idf_nvs_flash.dir/src/nvs_partition_manager.cpp.obj
[608/1051] Building C object esp-idf/esp_system/CMakeFiles/__idf_esp_system.dir/freertos_hooks.c.obj
[494/1051] Building C object esp-idf/soc/CMakeFiles/__idf_soc.dir/esp32s3/power_supply_periph.c.obj
[536/1051] Building C object esp-idf/hal/CMakeFiles/__idf_hal.dir/uart_hal_iram.c.obj
[515/1051] Building C object esp-idf/heap/CMakeFiles/__idf_heap.dir/heap_caps_init.c.obj
[537/1051] Building C object esp-idf/hal/CMakeFiles/__idf_hal.dir/ledc_hal_iram.c.obj
[567/1051] Building C object esp-idf/hal/CMakeFiles/__idf_hal.dir/spi_hal.c.obj
[452/1051] Building C object esp-idf/esp_hw_support/CMakeFiles/__idf_esp_hw_support.dir/sleep_gpio.c.obj
[635/1051] Building C object esp-idf/esp_system/CMakeFiles/__idf_esp_system.dir/port/cpu_start.c.obj
[609/1051] Linking C static library esp-idf/log/liblog.a
[334/1051] Building C object esp-idf/vfs/CMakeFiles/__idf_vfs.dir/vfs_semihost.c.obj
[610/1051] Building C object esp-idf/esp_system/CMakeFiles/__idf_esp_system.dir/xt_wdt.c.obj
[568/1051] Building C object esp-idf/hal/CMakeFiles/__idf_hal.dir/cam_hal.c.obj
[667/1051] Building C object esp-idf/spi_flash/CMakeFiles/__idf_spi_flash.dir/cache_utils.c.obj
[138/1051] Building C object esp-idf/wpa_supplicant/CMakeFiles/__idf_wpa_supplicant.dir/src/crypto/dh_group5.c.obj
[453/1051] Linking C static library esp-idf/nvs_flash/libnvs_flash.a
[495/1051] Building C object esp-idf/log/CMakeFiles/__idf_log.dir/src/os/util.c.obj
[538/1051] Building C object esp-idf/hal/CMakeFiles/__idf_hal.dir/pcnt_hal.c.obj
[516/1051] Building C object esp-idf/log/CMakeFiles/__idf_log.dir/src/log_level/tag_log_level/cache/log_binary_heap.c.obj
[611/1051] Building C object esp-idf/esp_system/CMakeFiles/__idf_esp_system.dir/esp_ipc.c.obj
[636/1051] Building C object esp-idf/esp_system/CMakeFiles/__idf_esp_system.dir/port/arch/xtensa/debug_helpers.c.obj
[668/1051] Building C object esp-idf/bootloader_support/CMakeFiles/__idf_bootloader_support.dir/src/bootloader_efuse.c.obj
[447/1051] Building CXX object esp-idf/nvs_flash/CMakeFiles/__idf_nvs_flash.dir/src/nvs_handle_simple.cpp.obj
[569/1051] Building C object esp-idf/hal/CMakeFiles/__idf_hal.dir/hmac_hal.c.obj
[637/1051] Building C object esp-idf/spi_flash/CMakeFiles/__idf_spi_flash.dir/spi_flash_chip_boya.c.obj
[496/1051] Building C object esp-idf/log/CMakeFiles/__idf_log.dir/src/log_format_text.c.obj
[539/1051] Building C object esp-idf/hal/CMakeFiles/__idf_hal.dir/esp32s3/clk_tree_hal.c.obj
[638/1051] Building C object esp-idf/esp_system/CMakeFiles/__idf_esp_system.dir/port/soc/esp32s3/apb_backup_dma.c.obj
[612/1051] Building C object esp-idf/esp_system/CMakeFiles/__idf_esp_system.dir/port/panic_handler.c.obj
[540/1051] Building C object esp-idf/hal/CMakeFiles/__idf_hal.dir/gpio_hal.c.obj
[448/1051] Building C object esp-idf/esp_hw_support/CMakeFiles/__idf_esp_hw_support.dir/mspi_timing_tuning/mspi_timing_tuning.c.obj
[139/1051] Building C object esp-idf/wpa_supplicant/CMakeFiles/__idf_wpa_supplicant.dir/src/crypto/dh_groups.c.obj
[596/1049] Building C object esp-idf/hal/CMakeFiles/__idf_hal.dir/spi_hal_iram.c.obj
[639/1051] Building C object esp-idf/spi_flash/CMakeFiles/__idf_spi_flash.dir/spi_flash_hpm_enable.c.obj
[597/1049] Linking C static library esp-idf/freertos/libfreertos.a
[613/1051] Building C object esp-idf/esp_system/CMakeFiles/__idf_esp_system.dir/int_wdt.c.obj
[570/1051] Building C object esp-idf/hal/CMakeFiles/__idf_hal.dir/usb_serial_jtag_hal.c.obj
[541/1051] Building C object esp-idf/hal/CMakeFiles/__idf_hal.dir/i2c_hal_iram.c.obj
[454/1051] Building C object esp-idf/esp_hw_support/CMakeFiles/__idf_esp_hw_support.dir/power_supply/brownout.c.obj
[640/1051] Building C object esp-idf/spi_flash/CMakeFiles/__idf_spi_flash.dir/memspi_host_driver.c.obj
[598/1049] Building C object esp-idf/esp_system/CMakeFiles/__idf_esp_system.dir/stack_check.c.obj
[641/1051] Building C object esp-idf/spi_flash/CMakeFiles/__idf_spi_flash.dir/spi_flash_chip_th.c.obj
[571/1051] Building C object esp-idf/hal/CMakeFiles/__idf_hal.dir/esp32s3/rtc_cntl_hal.c.obj
[140/1051] Building C object esp-idf/wpa_supplicant/CMakeFiles/__idf_wpa_supplicant.dir/src/crypto/ccmp.c.obj
[614/1051] Building C object esp-idf/esp_system/CMakeFiles/__idf_esp_system.dir/panic.c.obj
[455/1051] Building C object esp-idf/esp_hw_support/CMakeFiles/__idf_esp_hw_support.dir/sleep_wake_stub.c.obj
[497/1051] Building C object esp-idf/log/CMakeFiles/__idf_log.dir/src/util.c.obj
[449/1051] Building C object esp-idf/esp_hw_support/CMakeFiles/__idf_esp_hw_support.dir/sleep_modes.c.obj
[642/1051] Building C object esp-idf/spi_flash/CMakeFiles/__idf_spi_flash.dir/spi_flash_chip_gd.c.obj
[572/1051] Building C object esp-idf/hal/CMakeFiles/__idf_hal.dir/usb_wrap_hal.c.obj
[542/1051] Building C object esp-idf/hal/CMakeFiles/__idf_hal.dir/uhci_hal.c.obj
[643/1051] Building C object esp-idf/esp_system/CMakeFiles/__idf_esp_system.dir/port/soc/esp32s3/cache_err_int.c.obj
[456/1051] Building C object esp-idf/esp_hw_support/CMakeFiles/__idf_esp_hw_support.dir/dma/async_memcpy_gdma.c.obj
[498/1051] Building C object esp-idf/heap/CMakeFiles/__idf_heap.dir/port/esp32s3/memory_layout.c.obj
[543/1051] Linking C static library esp-idf/cxx/libcxx.a
[644/1051] Building C object esp-idf/spi_flash/CMakeFiles/__idf_spi_flash.dir/spi_flash_chip_mxic.c.obj
[615/1051] Building C object esp-idf/esp_system/CMakeFiles/__idf_esp_system.dir/port/esp_system_chip.c.obj
[616/1051] Building ASM object esp-idf/esp_system/CMakeFiles/__idf_esp_system.dir/port/arch/xtensa/esp_ipc_isr_routines.S.obj
[544/1051] Building C object esp-idf/hal/CMakeFiles/__idf_hal.dir/sdmmc_hal.c.obj
[141/1051] Building C object esp-idf/wpa_supplicant/CMakeFiles/__idf_wpa_supplicant.dir/src/crypto/sha384-tlsprf.c.obj
[457/1051] Building C object esp-idf/esp_hw_support/CMakeFiles/__idf_esp_hw_support.dir/port/esp_memprot_conv.c.obj
[573/1051] Building C object esp-idf/hal/CMakeFiles/__idf_hal.dir/i2s_hal.c.obj
[545/1051] Building C object esp-idf/hal/CMakeFiles/__idf_hal.dir/cache_hal.c.obj
[458/1051] Linking C static library esp-idf/esp_event/libesp_event.a
[617/1051] Building ASM object esp-idf/esp_system/CMakeFiles/__idf_esp_system.dir/port/arch/xtensa/panic_handler_asm.S.obj
[645/1051] Building C object esp-idf/spi_flash/CMakeFiles/__idf_spi_flash.dir/flash_ops.c.obj
[599/1049] Building C object esp-idf/hal/CMakeFiles/__idf_hal.dir/usb_dwc_hal.c.obj
[142/1051] Linking C static library esp-idf/esp_driver_i2s/libesp_driver_i2s.a
[546/1051] Building C object esp-idf/hal/CMakeFiles/__idf_hal.dir/rmt_hal.c.obj
[646/1051] Building C object esp-idf/esp_system/CMakeFiles/__idf_esp_system.dir/port/soc/esp32s3/system_internal.c.obj
[618/1051] Building ASM object esp-idf/esp_system/CMakeFiles/__idf_esp_system.dir/port/arch/xtensa/esp_ipc_isr_handler.S.obj
[600/1049] Building C object esp-idf/esp_system/CMakeFiles/__idf_esp_system.dir/crosscore_int.c.obj
[547/1051] Building C object esp-idf/hal/CMakeFiles/__idf_hal.dir/gdma_hal_top.c.obj
[647/1051] Linking C static library esp-idf/heap/libheap.a
[459/1051] Building C object esp-idf/soc/CMakeFiles/__idf_soc.dir/lldesc.c.obj
[574/1051] Building C object esp-idf/hal/CMakeFiles/__idf_hal.dir/adc_hal.c.obj
[499/1051] Building C object esp-idf/log/CMakeFiles/__idf_log.dir/src/log_print.c.obj
[619/1051] Building ASM object esp-idf/esp_system/CMakeFiles/__idf_esp_system.dir/port/arch/xtensa/expression_with_stack_asm.S.obj
[143/1051] Building C object esp-idf/wpa_supplicant/CMakeFiles/__idf_wpa_supplicant.dir/src/crypto/sha1-tlsprf.c.obj
[620/1051] Building ASM object esp-idf/esp_system/CMakeFiles/__idf_esp_system.dir/port/arch/xtensa/debug_helpers_asm.S.obj
[517/1051] Building C object esp-idf/hal/CMakeFiles/__idf_hal.dir/rtc_io_hal.c.obj
[601/1049] Building C object esp-idf/esp_system/CMakeFiles/__idf_esp_system.dir/esp_ipc.c.obj
[548/1051] Building C object esp-idf/hal/CMakeFiles/__idf_hal.dir/adc_oneshot_hal.c.obj
[335/1051] Building C object esp-idf/lwip/CMakeFiles/__idf_lwip.dir/apps/dhcpserver/dhcpserver.c.obj
[144/1051] Building C object esp-idf/wpa_supplicant/CMakeFiles/__idf_wpa_supplicant.dir/src/crypto/sha256-tlsprf.c.obj
[460/1051] Building C object esp-idf/esp_hw_support/CMakeFiles/__idf_esp_hw_support.dir/esp_clock_output.c.obj
[518/1051] Building C object esp-idf/heap/CMakeFiles/__idf_heap.dir/heap_caps.c.obj
[450/1051] Building C object esp-idf/esp_hw_support/CMakeFiles/__idf_esp_hw_support.dir/sleep_wake_stub.c.obj
[602/1049] Building C object esp-idf/esp_system/CMakeFiles/__idf_esp_system.dir/esp_system.c.obj
[575/1051] Building C object esp-idf/esp_rom/CMakeFiles/__idf_esp_rom.dir/patches/esp_rom_sys.c.obj
[669/1051] Building C object esp-idf/spi_flash/CMakeFiles/__idf_spi_flash.dir/spi_flash_os_func_app.c.obj
[519/1051] Building C object esp-idf/hal/CMakeFiles/__idf_hal.dir/efuse_hal.c.obj
[621/1051] Building C object esp-idf/esp_system/CMakeFiles/__idf_esp_system.dir/startup_funcs.c.obj
[549/1051] Building C object esp-idf/hal/CMakeFiles/__idf_hal.dir/i2c_hal.c.obj
[451/1051] Building C object esp-idf/esp_hw_support/CMakeFiles/__idf_esp_hw_support.dir/power_supply/brownout.c.obj
[603/1049] Building C object esp-idf/esp_system/CMakeFiles/__idf_esp_system.dir/freertos_hooks.c.obj
[461/1051] Building C object esp-idf/soc/CMakeFiles/__idf_soc.dir/dport_access_common.c.obj
[648/1051] Building C object esp-idf/spi_flash/CMakeFiles/__idf_spi_flash.dir/esp32s3/spi_flash_oct_flash_init.c.obj
[520/1051] Building C object esp-idf/hal/CMakeFiles/__idf_hal.dir/esp32s3/efuse_hal.c.obj
[576/1051] Building C object esp-idf/esp_rom/CMakeFiles/__idf_esp_rom.dir/patches/esp_rom_crc.c.obj
[452/1051] Building C object esp-idf/esp_hw_support/CMakeFiles/__idf_esp_hw_support.dir/port/esp32s3/chip_info.c.obj
[622/1051] Building C object esp-idf/esp_system/CMakeFiles/__idf_esp_system.dir/port/arch/xtensa/esp_ipc_isr_port.c.obj
[145/1051] Building C object esp-idf/wpa_supplicant/CMakeFiles/__idf_wpa_supplicant.dir/src/crypto/ms_funcs.c.obj
[521/1051] Building C object esp-idf/hal/CMakeFiles/__idf_hal.dir/spi_flash_encrypt_hal_iram.c.obj
[146/1051] Building C object esp-idf/wpa_supplicant/CMakeFiles/__idf_wpa_supplicant.dir/src/crypto/aes-gcm.c.obj
[500/1051] Building C object esp-idf/log/CMakeFiles/__idf_log.dir/src/log_level/log_level.c.obj
[453/1051] Building C object esp-idf/esp_hw_support/CMakeFiles/__idf_esp_hw_support.dir/usb_phy/usb_phy.c.obj
[522/1051] Building C object esp-idf/hal/CMakeFiles/__idf_hal.dir/systimer_hal.c.obj
[550/1051] Building C object esp-idf/hal/CMakeFiles/__idf_hal.dir/sdm_hal.c.obj
[670/1051] Building C object esp-idf/esp_mm/CMakeFiles/__idf_esp_mm.dir/esp_cache_msync.c.obj
[454/1051] Building C object esp-idf/esp_hw_support/CMakeFiles/__idf_esp_hw_support.dir/port/esp32s3/rtc_clk_init.c.obj
[462/1051] Building C object esp-idf/soc/CMakeFiles/__idf_soc.dir/esp32s3/interrupts.c.obj
[501/1051] Building C object esp-idf/log/CMakeFiles/__idf_log.dir/src/os/log_timestamp.c.obj
[551/1051] Linking C static library esp-idf/pthread/libpthread.a
[455/1051] Building C object esp-idf/esp_hw_support/CMakeFiles/__idf_esp_hw_support.dir/port/esp_memprot_conv.c.obj
[502/1051] Building C object esp-idf/log/CMakeFiles/__idf_log.dir/src/os/log_lock.c.obj
[577/1051] Building C object esp-idf/esp_rom/CMakeFiles/__idf_esp_rom.dir/patches/esp_rom_serial_output.c.obj
[671/1051] Building C object esp-idf/bootloader_support/CMakeFiles/__idf_bootloader_support.dir/src/bootloader_common.c.obj
[463/1051] Building C object esp-idf/esp_hw_support/CMakeFiles/__idf_esp_hw_support.dir/port/esp32s3/rtc_sleep.c.obj
[523/1051] Building C object esp-idf/hal/CMakeFiles/__idf_hal.dir/gpio_hal.c.obj
[552/1051] Building C object esp-idf/hal/CMakeFiles/__idf_hal.dir/uart_hal.c.obj
[649/1051] Building C object esp-idf/spi_flash/CMakeFiles/__idf_spi_flash.dir/spi_flash_chip_winbond.c.obj
[623/1051] Building C object esp-idf/esp_system/CMakeFiles/__idf_esp_system.dir/port/image_process.c.obj
[672/1051] Building C object esp-idf/bootloader_support/CMakeFiles/__idf_bootloader_support.dir/src/bootloader_common_loader.c.obj
[456/1051] Building C object esp-idf/esp_hw_support/CMakeFiles/__idf_esp_hw_support.dir/port/esp32s3/rtc_init.c.obj
[578/1051] Building C object esp-idf/hal/CMakeFiles/__idf_hal.dir/touch_sens_hal.c.obj
[503/1051] Building C object esp-idf/log/CMakeFiles/__idf_log.dir/src/buffer/log_buffers.c.obj
[673/1051] Building C object esp-idf/bootloader_support/CMakeFiles/__idf_bootloader_support.dir/src/bootloader_random_esp32s3.c.obj
[579/1051] Building C object esp-idf/esp_rom/CMakeFiles/__idf_esp_rom.dir/patches/esp_rom_efuse.c.obj
[464/1051] Building C object esp-idf/soc/CMakeFiles/__idf_soc.dir/esp32s3/gdma_periph.c.obj
[504/1051] Building C object esp-idf/esp_hw_support/CMakeFiles/__idf_esp_hw_support.dir/dma/gdma.c.obj
[674/1051] Building C object esp-idf/spi_flash/CMakeFiles/__idf_spi_flash.dir/esp_flash_spi_init.c.obj
[650/1051] Linking C static library esp-idf/log/liblog.a
[505/1051] Building C object esp-idf/log/CMakeFiles/__idf_log.dir/src/log.c.obj
[465/1051] Building C object esp-idf/soc/CMakeFiles/__idf_soc.dir/esp32s3/dedic_gpio_periph.c.obj
[524/1051] Building C object esp-idf/hal/CMakeFiles/__idf_hal.dir/mmu_hal.c.obj
[553/1051] Building C object esp-idf/hal/CMakeFiles/__idf_hal.dir/mcpwm_hal.c.obj
[675/1051] Building C object esp-idf/bootloader_support/CMakeFiles/__idf_bootloader_support.dir/src/bootloader_sha.c.obj
[580/1051] Building C object esp-idf/hal/CMakeFiles/__idf_hal.dir/touch_sensor_hal.c.obj
[457/1051] Linking C static library esp-idf/nvs_flash/libnvs_flash.a
[506/1051] Building C object esp-idf/log/CMakeFiles/__idf_log.dir/src/os/log_write.c.obj
[604/1049] Building C object esp-idf/esp_system/CMakeFiles/__idf_esp_system.dir/startup.c.obj
[581/1051] Linking C static library esp-idf/esp_hw_support/libesp_hw_support.a
[651/1051] Building C object esp-idf/esp_mm/CMakeFiles/__idf_esp_mm.dir/port/esp32s3/ext_mem_layout.c.obj
[605/1049] Building ASM object esp-idf/esp_system/CMakeFiles/__idf_esp_system.dir/port/arch/xtensa/esp_ipc_isr_routines.S.obj
[676/1051] Building C object esp-idf/spi_flash/CMakeFiles/__idf_spi_flash.dir/esp_flash_api.c.obj
[458/1051] Building C object esp-idf/soc/CMakeFiles/__idf_soc.dir/dport_access_common.c.obj
[624/1051] Building ASM object esp-idf/esp_system/CMakeFiles/__idf_esp_system.dir/port/soc/esp32s3/highint_hdl.S.obj
[466/1051] Linking C static library esp-idf/esp_driver_uart/libesp_driver_uart.a
[525/1051] Building C object esp-idf/hal/CMakeFiles/__idf_hal.dir/i2c_hal.c.obj
[582/1051] Building C object esp-idf/hal/CMakeFiles/__idf_hal.dir/xt_wdt_hal.c.obj
[147/1051] Building C object esp-idf/wpa_supplicant/CMakeFiles/__idf_wpa_supplicant.dir/src/crypto/sha256-prf.c.obj
[677/1051] Building C object esp-idf/bootloader_support/CMakeFiles/__idf_bootloader_support.dir/src/flash_encrypt.c.obj
[652/1051] Building C object esp-idf/esp_system/CMakeFiles/__idf_esp_system.dir/port/soc/esp32s3/clk.c.obj
[606/1049] Building C object esp-idf/esp_system/CMakeFiles/__idf_esp_system.dir/port/arch/xtensa/esp_ipc_isr_port.c.obj
[583/1051] Building ASM object esp-idf/esp_rom/CMakeFiles/__idf_esp_rom.dir/patches/esp_rom_longjmp.S.obj
[584/1051] Building C object esp-idf/hal/CMakeFiles/__idf_hal.dir/spi_flash_hal_gpspi.c.obj
[459/1051] Building C object esp-idf/soc/CMakeFiles/__idf_soc.dir/esp32s3/interrupts.c.obj
[585/1051] Building C object esp-idf/hal/CMakeFiles/__idf_hal.dir/esp32s3/touch_sensor_hal.c.obj
[526/1051] Building C object esp-idf/hal/CMakeFiles/__idf_hal.dir/ledc_hal.c.obj
[625/1051] Building C object esp-idf/esp_system/CMakeFiles/__idf_esp_system.dir/task_wdt/task_wdt_impl_timergroup.c.obj
[467/1051] Building C object esp-idf/soc/CMakeFiles/__idf_soc.dir/esp32s3/gpio_periph.c.obj
[607/1049] Building C object esp-idf/esp_system/CMakeFiles/__idf_esp_system.dir/ubsan.c.obj
[678/1051] Building C object esp-idf/bootloader_support/CMakeFiles/__idf_bootloader_support.dir/src/esp32s3/secure_boot_secure_features.c.obj
[608/1049] Building ASM object esp-idf/esp_system/CMakeFiles/__idf_esp_system.dir/port/arch/xtensa/esp_ipc_isr_handler.S.obj
[679/1051] Building C object esp-idf/bootloader_support/CMakeFiles/__idf_bootloader_support.dir/src/flash_partitions.c.obj
[680/1051] Building C object esp-idf/mbedtls/mbedtls/library/CMakeFiles/mbedtls.dir/debug.c.obj
[507/1051] Building C object esp-idf/log/CMakeFiles/__idf_log.dir/src/log_timestamp_common.c.obj
[508/1051] Building C object esp-idf/hal/CMakeFiles/__idf_hal.dir/mmu_hal.c.obj
[460/1051] Building C object esp-idf/esp_hw_support/CMakeFiles/__idf_esp_hw_support.dir/sleep_gpio.c.obj
[527/1051] Building C object esp-idf/hal/CMakeFiles/__idf_hal.dir/uart_hal_iram.c.obj
[468/1051] Building C object esp-idf/soc/CMakeFiles/__idf_soc.dir/esp32s3/uart_periph.c.obj
[554/1051] Linking C static library esp-idf/newlib/libnewlib.a
[336/1051] Building C object esp-idf/nvs_flash/CMakeFiles/__idf_nvs_flash.dir/src/nvs_bootloader_xts_aes.c.obj
[461/1051] Building C object esp-idf/soc/CMakeFiles/__idf_soc.dir/lldesc.c.obj
[469/1051] Building C object esp-idf/soc/CMakeFiles/__idf_soc.dir/esp32s3/adc_periph.c.obj
[528/1051] Building C object esp-idf/hal/CMakeFiles/__idf_hal.dir/timer_hal.c.obj
[681/1051] Building C object esp-idf/bootloader_support/CMakeFiles/__idf_bootloader_support.dir/src/secure_boot.c.obj
[509/1051] Building C object esp-idf/log/CMakeFiles/__idf_log.dir/src/log_level/tag_log_level/tag_log_level.c.obj
[555/1051] Building C object esp-idf/hal/CMakeFiles/__idf_hal.dir/aes_hal.c.obj
[626/1051] Building C object esp-idf/esp_system/CMakeFiles/__idf_esp_system.dir/port/arch/xtensa/panic_arch.c.obj
[148/1051] Linking C static library esp-idf/esp_driver_mcpwm/libesp_driver_mcpwm.a
[586/1051] Building C object esp-idf/esp_rom/CMakeFiles/__idf_esp_rom.dir/patches/esp_rom_gpio.c.obj
[470/1051] Building C object esp-idf/freertos/CMakeFiles/__idf_freertos.dir/FreeRTOS-Kernel/tasks.c.obj
[510/1051] Building C object esp-idf/log/CMakeFiles/__idf_log.dir/src/log_level/tag_log_level/cache/log_binary_heap.c.obj
[529/1051] Building CXX object esp-idf/nvs_flash/CMakeFiles/__idf_nvs_flash.dir/src/nvs_storage.cpp.obj
[609/1049] Building C object esp-idf/esp_system/CMakeFiles/__idf_esp_system.dir/port/esp_ipc_isr.c.obj
[471/1051] Building C object esp-idf/esp_hw_support/CMakeFiles/__idf_esp_hw_support.dir/sleep_modes.c.obj
[627/1051] Building C object esp-idf/esp_system/CMakeFiles/__idf_esp_system.dir/port/arch/xtensa/debug_stubs.c.obj
[511/1051] Building C object esp-idf/log/CMakeFiles/__idf_log.dir/src/log_level/tag_log_level/linked_list/log_linked_list.c.obj
[556/1051] Building C object esp-idf/hal/CMakeFiles/__idf_hal.dir/brownout_hal.c.obj
[587/1051] Building C object esp-idf/hal/CMakeFiles/__idf_hal.dir/spi_hal_iram.c.obj
[653/1051] Building C object esp-idf/spi_flash/CMakeFiles/__idf_spi_flash.dir/spi_flash_wrap.c.obj
[654/1051] Building C object esp-idf/bootloader_support/CMakeFiles/__idf_bootloader_support.dir/src/bootloader_clock_init.c.obj
[628/1051] Linking C static library esp-idf/hal/libhal.a
[472/1051] Building C object esp-idf/esp_hw_support/CMakeFiles/__idf_esp_hw_support.dir/mspi_timing_tuning/port/esp32s3/mspi_timing_config.c.obj
[512/1051] Building C object esp-idf/hal/CMakeFiles/__idf_hal.dir/cache_hal.c.obj
[629/1051] Building C object esp-idf/spi_flash/CMakeFiles/__idf_spi_flash.dir/flash_brownout_hook.c.obj
[610/1049] Building ASM object esp-idf/esp_system/CMakeFiles/__idf_esp_system.dir/port/arch/xtensa/panic_handler_asm.S.obj
[530/1051] Building C object esp-idf/hal/CMakeFiles/__idf_hal.dir/cache_hal.c.obj
[513/1051] Building C object esp-idf/hal/CMakeFiles/__idf_hal.dir/color_hal.c.obj
[473/1051] Building C object esp-idf/soc/CMakeFiles/__idf_soc.dir/esp32s3/pcnt_periph.c.obj
[588/1051] Building C object esp-idf/hal/CMakeFiles/__idf_hal.dir/temperature_sensor_hal.c.obj
[557/1051] Building C object esp-idf/hal/CMakeFiles/__idf_hal.dir/spi_hal.c.obj
[655/1051] Building C object esp-idf/spi_flash/CMakeFiles/__idf_spi_flash.dir/spi_flash_chip_mxic_opi.c.obj
[630/1051] Building C object esp-idf/esp_system/CMakeFiles/__idf_esp_system.dir/port/esp_ipc_isr.c.obj
[682/1051] Building C object esp-idf/bootloader_support/CMakeFiles/__idf_bootloader_support.dir/bootloader_flash/src/flash_qio_mode.c.obj
[611/1049] Building C object esp-idf/esp_system/CMakeFiles/__idf_esp_system.dir/xt_wdt.c.obj
[462/1051] Building C object esp-idf/esp_hw_support/CMakeFiles/__idf_esp_hw_support.dir/port/esp32s3/rtc_sleep.c.obj
[149/1051] Building C object esp-idf/esp_driver_spi/CMakeFiles/__idf_esp_driver_spi.dir/src/gpspi/spi_master.c.obj
[589/1051] Building C object esp-idf/esp_rom/CMakeFiles/__idf_esp_rom.dir/patches/esp_rom_spiflash.c.obj
[612/1049] Building C object esp-idf/esp_system/CMakeFiles/__idf_esp_system.dir/port/arch/xtensa/expression_with_stack.c.obj
[631/1051] Building C object esp-idf/esp_system/CMakeFiles/__idf_esp_system.dir/task_wdt/task_wdt.c.obj
[474/1051] Building C object esp-idf/esp_hw_support/CMakeFiles/__idf_esp_hw_support.dir/port/esp32s3/rtc_init.c.obj
[463/1051] Linking C static library esp-idf/esp_event/libesp_event.a
[337/1051] Building C object esp-idf/esp_event/CMakeFiles/__idf_esp_event.dir/default_event_loop.c.obj
[590/1051] Building ASM object esp-idf/esp_rom/CMakeFiles/__idf_esp_rom.dir/patches/esp_rom_cache_writeback_esp32s3.S.obj
[514/1051] Building C object esp-idf/heap/CMakeFiles/__idf_heap.dir/heap_caps_base.c.obj
[150/1051] Building C object esp-idf/wpa_supplicant/CMakeFiles/__idf_wpa_supplicant.dir/src/eap_peer/eap_mschapv2.c.obj
[613/1049] Building C object esp-idf/esp_system/CMakeFiles/__idf_esp_system.dir/int_wdt.c.obj
[475/1051] Building C object esp-idf/esp_hw_support/CMakeFiles/__idf_esp_hw_support.dir/mspi_timing_tuning/port/esp32s3/mspi_timing_by_mspi_delay.c.obj
[591/1051] Building C object esp-idf/esp_rom/CMakeFiles/__idf_esp_rom.dir/patches/esp_rom_systimer.c.obj
[683/1051] Building C object esp-idf/mbedtls/mbedtls/library/CMakeFiles/mbedtls.dir/mps_trace.c.obj
[632/1051] Building C object esp-idf/esp_system/CMakeFiles/__idf_esp_system.dir/port/soc/esp32s3/reset_reason.c.obj
[464/1051] Building C object esp-idf/soc/CMakeFiles/__idf_soc.dir/esp32s3/gpio_periph.c.obj
[515/1051] Building C object esp-idf/hal/CMakeFiles/__idf_hal.dir/mpu_hal.c.obj
[558/1051] Building C object esp-idf/hal/CMakeFiles/__idf_hal.dir/sha_hal.c.obj
[476/1051] Linking C static library esp-idf/esp_ringbuf/libesp_ringbuf.a
[684/1051] Building C object esp-idf/mbedtls/mbedtls/library/CMakeFiles/mbedtls.dir/mps_reader.c.obj
[614/1049] Linking C static library esp-idf/esp_hw_support/libesp_hw_support.a
[465/1051] Building C object esp-idf/soc/CMakeFiles/__idf_soc.dir/esp32s3/adc_periph.c.obj
[516/1051] Building CXX object esp-idf/nvs_flash/CMakeFiles/__idf_nvs_flash.dir/src/nvs_api.cpp.obj
[559/1051] Building C object esp-idf/hal/CMakeFiles/__idf_hal.dir/gdma_hal_ahb_v1.c.obj
[477/1051] Building C object esp-idf/esp_hw_support/CMakeFiles/__idf_esp_hw_support.dir/port/esp32s3/sar_periph_ctrl.c.obj
[656/1051] Building C object esp-idf/spi_flash/CMakeFiles/__idf_spi_flash.dir/spi_flash_os_func_app.c.obj
[592/1051] Building C object esp-idf/esp_system/CMakeFiles/__idf_esp_system.dir/crosscore_int.c.obj
[478/1051] Building C object esp-idf/soc/CMakeFiles/__idf_soc.dir/esp32s3/ledc_periph.c.obj
[479/1051] Building C object esp-idf/soc/CMakeFiles/__idf_soc.dir/esp32s3/rmt_periph.c.obj
[466/1051] Building C object esp-idf/soc/CMakeFiles/__idf_soc.dir/esp32s3/gdma_periph.c.obj
[633/1051] Building C object esp-idf/esp_system/CMakeFiles/__idf_esp_system.dir/port/arch/xtensa/trax.c.obj
[615/1049] Building ASM object esp-idf/esp_system/CMakeFiles/__idf_esp_system.dir/port/arch/xtensa/expression_with_stack_asm.S.obj
[151/1051] Building C object esp-idf/wpa_supplicant/CMakeFiles/__idf_wpa_supplicant.dir/src/crypto/sha384-prf.c.obj
[531/1051] Building C object esp-idf/hal/CMakeFiles/__idf_hal.dir/pcnt_hal.c.obj
[517/1051] Building C object esp-idf/hal/CMakeFiles/__idf_hal.dir/hal_utils.c.obj
[593/1051] Building C object esp-idf/esp_system/CMakeFiles/__idf_esp_system.dir/esp_ipc.c.obj
[152/1051] Building C object esp-idf/wpa_supplicant/CMakeFiles/__idf_wpa_supplicant.dir/src/ap/wpa_auth.c.obj
[594/1051] Building C object esp-idf/hal/CMakeFiles/__idf_hal.dir/spi_slave_hd_hal.c.obj
[480/1051] Building C object esp-idf/soc/CMakeFiles/__idf_soc.dir/esp32s3/i2s_periph.c.obj
[467/1051] Building C object esp-idf/esp_hw_support/CMakeFiles/__idf_esp_hw_support.dir/port/esp32s3/rtc_time.c.obj
[560/1051] Building C object esp-idf/hal/CMakeFiles/__idf_hal.dir/lcd_hal.c.obj
[657/1051] Building C object esp-idf/esp_mm/CMakeFiles/__idf_esp_mm.dir/heap_align_hw.c.obj
[481/1051] Building C object esp-idf/esp_hw_support/CMakeFiles/__idf_esp_hw_support.dir/port/esp32s3/rtc_clk.c.obj
[468/1051] Building C object esp-idf/esp_hw_support/CMakeFiles/__idf_esp_hw_support.dir/mspi_timing_tuning/port/esp32s3/mspi_timing_by_mspi_delay.c.obj
[482/1051] Building C object esp-idf/soc/CMakeFiles/__idf_soc.dir/esp32s3/spi_periph.c.obj
[532/1051] Building C object esp-idf/hal/CMakeFiles/__idf_hal.dir/ledc_hal_iram.c.obj
[533/1051] Building C object esp-idf/hal/CMakeFiles/__idf_hal.dir/spi_flash_hal.c.obj
[634/1051] Building C object esp-idf/esp_common/CMakeFiles/__idf_esp_common.dir/src/esp_err_to_name.c.obj
[469/1051] Building C object esp-idf/soc/CMakeFiles/__idf_soc.dir/esp32s3/spi_periph.c.obj
[153/1051] Linking C static library esp-idf/esp_driver_pcnt/libesp_driver_pcnt.a
[595/1051] Building C object esp-idf/esp_rom/CMakeFiles/__idf_esp_rom.dir/patches/esp_rom_print.c.obj
[658/1051] Building C object esp-idf/spi_flash/CMakeFiles/__idf_spi_flash.dir/spi_flash_os_func_noos.c.obj
[616/1049] Building C object esp-idf/esp_system/CMakeFiles/__idf_esp_system.dir/task_wdt/task_wdt_impl_timergroup.c.obj
[534/1051] Building C object esp-idf/hal/CMakeFiles/__idf_hal.dir/i2c_hal_iram.c.obj
[470/1051] Building C object esp-idf/soc/CMakeFiles/__idf_soc.dir/esp32s3/uart_periph.c.obj
[561/1051] Building C object esp-idf/hal/CMakeFiles/__idf_hal.dir/mpi_hal.c.obj
[685/1051] Linking C static library esp-idf/spi_flash/libspi_flash.a
[596/1051] Building C object esp-idf/esp_system/CMakeFiles/__idf_esp_system.dir/esp_system_console.c.obj
[483/1051] Building C object esp-idf/soc/CMakeFiles/__idf_soc.dir/esp32s3/sdm_periph.c.obj
[635/1051] Building C object esp-idf/esp_system/CMakeFiles/__idf_esp_system.dir/port/soc/esp32s3/system_internal.c.obj
[518/1051] Building C object esp-idf/esp_hw_support/CMakeFiles/__idf_esp_hw_support.dir/sleep_modes.c.obj
[471/1051] Building C object esp-idf/soc/CMakeFiles/__idf_soc.dir/esp32s3/dedic_gpio_periph.c.obj
[686/1051] Building C object esp-idf/mbedtls/mbedtls/library/CMakeFiles/mbedtls.dir/ssl_cookie.c.obj
[484/1051] Building C object esp-idf/soc/CMakeFiles/__idf_soc.dir/esp32s3/lcd_periph.c.obj
[597/1051] Building C object esp-idf/esp_rom/CMakeFiles/__idf_esp_rom.dir/patches/esp_rom_wdt.c.obj
[535/1051] Building C object esp-idf/hal/CMakeFiles/__idf_hal.dir/rmt_hal.c.obj
[154/1051] Building C object esp-idf/wpa_supplicant/CMakeFiles/__idf_wpa_supplicant.dir/src/common/ieee802_11_common.c.obj
[617/1049] Building C object esp-idf/esp_system/CMakeFiles/__idf_esp_system.dir/port/image_process.c.obj
[472/1051] Building C object esp-idf/soc/CMakeFiles/__idf_soc.dir/esp32s3/pcnt_periph.c.obj
[636/1051] Building C object esp-idf/spi_flash/CMakeFiles/__idf_spi_flash.dir/spi_flash_hpm_enable.c.obj
[598/1051] Linking C static library esp-idf/soc/libsoc.a
[659/1051] Building C object esp-idf/esp_mm/CMakeFiles/__idf_esp_mm.dir/esp_cache_utils.c.obj
[562/1051] Linking C static library esp-idf/freertos/libfreertos.a
[155/1051] Building C object esp-idf/wpa_supplicant/CMakeFiles/__idf_wpa_supplicant.dir/src/crypto/sha1-prf.c.obj
[637/1051] Building C object esp-idf/spi_flash/CMakeFiles/__idf_spi_flash.dir/spi_flash_chip_drivers.c.obj
[618/1049] Building ASM object esp-idf/esp_system/CMakeFiles/__idf_esp_system.dir/port/arch/xtensa/debug_helpers_asm.S.obj
[599/1051] Building C object esp-idf/esp_system/CMakeFiles/__idf_esp_system.dir/esp_err.c.obj
[485/1051] Building C object esp-idf/soc/CMakeFiles/__idf_soc.dir/esp32s3/timer_periph.c.obj
[519/1051] Building C object esp-idf/hal/CMakeFiles/__idf_hal.dir/efuse_hal.c.obj
[536/1051] Building C object esp-idf/hal/CMakeFiles/__idf_hal.dir/esp32s3/clk_tree_hal.c.obj
[338/1051] Building CXX object esp-idf/nvs_flash/CMakeFiles/__idf_nvs_flash.dir/src/nvs_handle_locked.cpp.obj
[156/1051] Building C object esp-idf/wpa_supplicant/CMakeFiles/__idf_wpa_supplicant.dir/src/eap_common/eap_wsc_common.c.obj
[473/1051] Linking C static library esp-idf/esp_driver_uart/libesp_driver_uart.a
[660/1051] Building C object esp-idf/spi_flash/CMakeFiles/__idf_spi_flash.dir/cache_utils.c.obj
[486/1051] Building C object esp-idf/soc/CMakeFiles/__idf_soc.dir/esp32s3/temperature_sensor_periph.c.obj
[600/1051] Building C object esp-idf/hal/CMakeFiles/__idf_hal.dir/usb_dwc_hal.c.obj
[474/1051] Building C object esp-idf/esp_hw_support/CMakeFiles/__idf_esp_hw_support.dir/mspi_timing_tuning/port/esp32s3/mspi_timing_config.c.obj
[537/1051] Building C object esp-idf/esp_hw_support/CMakeFiles/__idf_esp_hw_support.dir/sleep_modes.c.obj
[619/1049] Building ASM object esp-idf/esp_system/CMakeFiles/__idf_esp_system.dir/port/soc/esp32s3/highint_hdl.S.obj
[661/1051] Building C object esp-idf/bootloader_support/CMakeFiles/__idf_bootloader_support.dir/src/bootloader_mem.c.obj
[520/1051] Building C object esp-idf/hal/CMakeFiles/__idf_hal.dir/esp32s3/clk_tree_hal.c.obj
[638/1051] Linking C static library esp-idf/esp_rom/libesp_rom.a
[157/1051] Building C object esp-idf/wpa_supplicant/CMakeFiles/__idf_wpa_supplicant.dir/src/common/wpa_common.c.obj
[475/1051] Building C object esp-idf/esp_hw_support/CMakeFiles/__idf_esp_hw_support.dir/dma/async_memcpy_gdma.c.obj
[487/1051] Building C object esp-idf/soc/CMakeFiles/__idf_soc.dir/esp32s3/touch_sensor_periph.c.obj
[620/1049] Building C object esp-idf/esp_system/CMakeFiles/__idf_esp_system.dir/port/esp_system_chip.c.obj
[662/1051] Building C object esp-idf/spi_flash/CMakeFiles/__idf_spi_flash.dir/flash_mmap.c.obj
[538/1051] Building C object esp-idf/hal/CMakeFiles/__idf_hal.dir/uhci_hal.c.obj
[339/1051] Linking C static library esp-idf/lwip/liblwip.a
[639/1051] Building C object esp-idf/esp_system/CMakeFiles/__idf_esp_system.dir/port/cpu_start.c.obj
[621/1049] Building C object esp-idf/esp_system/CMakeFiles/__idf_esp_system.dir/startup_funcs.c.obj
[601/1051] Building C object esp-idf/esp_system/CMakeFiles/__idf_esp_system.dir/system_time.c.obj
[663/1051] Linking C static library esp-idf/hal/libhal.a
[687/1051] Building C object esp-idf/bootloader_support/CMakeFiles/__idf_bootloader_support.dir/bootloader_flash/src/bootloader_flash_config_esp32s3.c.obj
[640/1051] Building C object esp-idf/esp_system/CMakeFiles/__idf_esp_system.dir/port/arch/xtensa/expression_with_stack.c.obj
[476/1051] Building C object esp-idf/esp_hw_support/CMakeFiles/__idf_esp_hw_support.dir/port/esp32s3/sar_periph_ctrl.c.obj
[622/1049] Building C object esp-idf/esp_system/CMakeFiles/__idf_esp_system.dir/port/panic_handler.c.obj
[602/1051] Building C object esp-idf/esp_rom/CMakeFiles/__idf_esp_rom.dir/patches/esp_rom_cache_esp32s2_esp32s3.c.obj
[340/1051] Building C object esp-idf/nvs_flash/CMakeFiles/__idf_nvs_flash.dir/src/nvs_bootloader.c.obj
[539/1051] Building C object esp-idf/hal/CMakeFiles/__idf_hal.dir/mcpwm_hal.c.obj
[623/1049] Building C object esp-idf/esp_system/CMakeFiles/__idf_esp_system.dir/port/arch/xtensa/debug_stubs.c.obj
[521/1051] Building C object esp-idf/hal/CMakeFiles/__idf_hal.dir/spi_flash_hal.c.obj
[641/1051] Building C object esp-idf/esp_system/CMakeFiles/__idf_esp_system.dir/port/arch/xtensa/debug_helpers.c.obj
[477/1051] Building C object esp-idf/soc/CMakeFiles/__idf_soc.dir/esp32s3/ledc_periph.c.obj
[688/1051] Building C object esp-idf/mbedtls/mbedtls/library/CMakeFiles/mbedtls.dir/ssl_tls13_server.c.obj
[478/1051] Building C object esp-idf/soc/CMakeFiles/__idf_soc.dir/esp32s3/rmt_periph.c.obj
[522/1051] Linking C static library esp-idf/nvs_flash/libnvs_flash.a
[479/1051] Building C object esp-idf/soc/CMakeFiles/__idf_soc.dir/esp32s3/sdm_periph.c.obj
[563/1051] Building C object esp-idf/hal/CMakeFiles/__idf_hal.dir/spi_slave_hal_iram.c.obj
[540/1051] Building C object esp-idf/hal/CMakeFiles/__idf_hal.dir/uart_hal.c.obj
[624/1049] Linking C static library esp-idf/soc/libsoc.a
[488/1051] Building C object esp-idf/soc/CMakeFiles/__idf_soc.dir/esp32s3/twai_periph.c.obj
[564/1051] Building C object esp-idf/hal/CMakeFiles/__idf_hal.dir/spi_slave_hal.c.obj
[158/1051] Linking C static library esp-idf/esp_gdbstub/libesp_gdbstub.a
[480/1051] Building C object esp-idf/soc/CMakeFiles/__idf_soc.dir/esp32s3/sdmmc_periph.c.obj
[489/1051] Building C object esp-idf/esp_hw_support/CMakeFiles/__idf_esp_hw_support.dir/lowpower/port/esp32s3/sleep_cpu.c.obj
[541/1051] Linking C static library esp-idf/nvs_flash/libnvs_flash.a
[689/1051] Building C object esp-idf/mbedtls/mbedtls/library/CMakeFiles/mbedtls.dir/ssl_tls13_keys.c.obj
[481/1051] Building C object esp-idf/soc/CMakeFiles/__idf_soc.dir/esp32s3/lcd_periph.c.obj
[523/1051] Building C object esp-idf/heap/CMakeFiles/__idf_heap.dir/multi_heap.c.obj
[490/1051] Building C object esp-idf/soc/CMakeFiles/__idf_soc.dir/esp32s3/i2c_periph.c.obj
[642/1051] Building C object esp-idf/esp_system/CMakeFiles/__idf_esp_system.dir/port/soc/esp32s3/apb_backup_dma.c.obj
[542/1051] Building C object esp-idf/hal/CMakeFiles/__idf_hal.dir/sdm_hal.c.obj
[159/1051] Building C object esp-idf/wpa_supplicant/CMakeFiles/__idf_wpa_supplicant.dir/src/crypto/sha1-tprf.c.obj
[524/1051] Building C object esp-idf/hal/CMakeFiles/__idf_hal.dir/esp32s3/efuse_hal.c.obj
[543/1051] Building C object esp-idf/hal/CMakeFiles/__idf_hal.dir/gdma_hal_top.c.obj
[482/1051] Building C object esp-idf/soc/CMakeFiles/__idf_soc.dir/esp32s3/i2s_periph.c.obj
[603/1051] Building C object esp-idf/esp_system/CMakeFiles/__idf_esp_system.dir/stack_check.c.obj
[491/1051] Building C object esp-idf/soc/CMakeFiles/__idf_soc.dir/esp32s3/sdmmc_periph.c.obj
[525/1051] Building C object esp-idf/hal/CMakeFiles/__idf_hal.dir/spi_flash_encrypt_hal_iram.c.obj
[690/1051] Building C object esp-idf/esp_mm/CMakeFiles/__idf_esp_mm.dir/esp_mmu_map.c.obj
[664/1051] Building C object esp-idf/bootloader_support/CMakeFiles/__idf_bootloader_support.dir/src/bootloader_random.c.obj
[625/1049] Building C object esp-idf/spi_flash/CMakeFiles/__idf_spi_flash.dir/flash_brownout_hook.c.obj
[483/1051] Linking C static library esp-idf/esp_ringbuf/libesp_ringbuf.a
[160/1051] Building C object esp-idf/wpa_supplicant/CMakeFiles/__idf_wpa_supplicant.dir/src/eap_peer/chap.c.obj
[643/1051] Building C object esp-idf/spi_flash/CMakeFiles/__idf_spi_flash.dir/spi_flash_chip_issi.c.obj
[691/1051] Building C object esp-idf/bootloader_support/CMakeFiles/__idf_bootloader_support.dir/bootloader_flash/src/bootloader_flash.c.obj
[492/1051] Linking C static library esp-idf/esp_driver_gptimer/libesp_driver_gptimer.a
[544/1051] Building C object esp-idf/hal/CMakeFiles/__idf_hal.dir/sha_hal.c.obj
[526/1051] Building C object esp-idf/hal/CMakeFiles/__idf_hal.dir/ledc_hal_iram.c.obj
[484/1051] Building C object esp-idf/soc/CMakeFiles/__idf_soc.dir/esp32s3/i2c_periph.c.obj
[644/1051] Building C object esp-idf/esp_system/CMakeFiles/__idf_esp_system.dir/port/soc/esp32s3/cache_err_int.c.obj
[493/1051] Building C object esp-idf/soc/CMakeFiles/__idf_soc.dir/esp32s3/usb_dwc_periph.c.obj
[565/1051] Building C object esp-idf/hal/CMakeFiles/__idf_hal.dir/hmac_hal.c.obj
[161/1051] Building C object esp-idf/wpa_supplicant/CMakeFiles/__idf_wpa_supplicant.dir/src/crypto/md4-internal.c.obj
[485/1051] Building C object esp-idf/soc/CMakeFiles/__idf_soc.dir/esp32s3/temperature_sensor_periph.c.obj
[604/1051] Linking C static library esp-idf/heap/libheap.a
[566/1051] Building C object esp-idf/hal/CMakeFiles/__idf_hal.dir/twai_hal_sja1000.c.obj
[494/1051] Building C object esp-idf/soc/CMakeFiles/__idf_soc.dir/esp32s3/cam_periph.c.obj
[645/1051] Building C object esp-idf/spi_flash/CMakeFiles/__idf_spi_flash.dir/spi_flash_chip_mxic.c.obj
[527/1051] Building C object esp-idf/hal/CMakeFiles/__idf_hal.dir/spi_flash_hal_iram.c.obj
[665/1051] Linking C static library esp-idf/esp_rom/libesp_rom.a
[486/1051] Building C object esp-idf/soc/CMakeFiles/__idf_soc.dir/esp32s3/timer_periph.c.obj
[495/1051] Building C object esp-idf/soc/CMakeFiles/__idf_soc.dir/esp32s3/mcpwm_periph.c.obj
[646/1051] Building C object esp-idf/spi_flash/CMakeFiles/__idf_spi_flash.dir/spi_flash_chip_boya.c.obj
[567/1051] Building C object esp-idf/hal/CMakeFiles/__idf_hal.dir/ds_hal.c.obj
[528/1051] Building C object esp-idf/heap/CMakeFiles/__idf_heap.dir/heap_caps.c.obj
[496/1051] Building C object esp-idf/soc/CMakeFiles/__idf_soc.dir/esp32s3/mpi_periph.c.obj
[666/1051] Building C object esp-idf/bootloader_support/CMakeFiles/__idf_bootloader_support.dir/src/bootloader_efuse.c.obj
[605/1051] Building C object esp-idf/esp_system/CMakeFiles/__idf_esp_system.dir/port/panic_handler.c.obj
[692/1051] Building C object esp-idf/mbedtls/mbedtls/library/CMakeFiles/mbedtls.dir/ssl_tls13_generic.c.obj
[647/1051] Building C object esp-idf/spi_flash/CMakeFiles/__idf_spi_flash.dir/spi_flash_chip_th.c.obj
[568/1051] Building C object esp-idf/hal/CMakeFiles/__idf_hal.dir/touch_sens_hal.c.obj
[545/1051] Linking C static library esp-idf/esp_event/libesp_event.a
[529/1051] Building C object esp-idf/hal/CMakeFiles/__idf_hal.dir/uart_hal_iram.c.obj
[497/1051] Building C object esp-idf/soc/CMakeFiles/__idf_soc.dir/esp32s3/wdt_periph.c.obj
[648/1051] Linking C static library esp-idf/esp_common/libesp_common.a
[487/1051] Building C object esp-idf/soc/CMakeFiles/__idf_soc.dir/esp32s3/touch_sensor_periph.c.obj
[693/1051] Building C object esp-idf/mbedtls/mbedtls/library/CMakeFiles/mbedtls.dir/ssl_tls13_client.c.obj
[626/1049] Building C object esp-idf/esp_system/CMakeFiles/__idf_esp_system.dir/port/arch/xtensa/trax.c.obj
[667/1051] Building C object esp-idf/spi_flash/CMakeFiles/__idf_spi_flash.dir/spi_flash_chip_generic.c.obj
[530/1051] Linking C static library esp-idf/esp_event/libesp_event.a
[498/1051] Building C object esp-idf/soc/CMakeFiles/__idf_soc.dir/esp32s3/rtc_io_periph.c.obj
[488/1051] Building C object esp-idf/soc/CMakeFiles/__idf_soc.dir/esp32s3/cam_periph.c.obj
[668/1051] Building C object esp-idf/esp_mm/CMakeFiles/__idf_esp_mm.dir/esp_cache_msync.c.obj
[546/1051] Building C object esp-idf/hal/CMakeFiles/__idf_hal.dir/adc_hal.c.obj
[649/1051] Building C object esp-idf/spi_flash/CMakeFiles/__idf_spi_flash.dir/esp32s3/spi_flash_oct_flash_init.c.obj
[569/1051] Building C object esp-idf/hal/CMakeFiles/__idf_hal.dir/i2s_hal.c.obj
[694/1051] Building C object esp-idf/mbedtls/mbedtls/library/CMakeFiles/mbedtls.dir/ssl_debug_helpers_generated.c.obj
[162/1051] Building C object esp-idf/wpa_supplicant/CMakeFiles/__idf_wpa_supplicant.dir/src/eap_peer/eap_peap.c.obj
[570/1051] Building C object esp-idf/hal/CMakeFiles/__idf_hal.dir/adc_hal_common.c.obj
[531/1051] Building C object esp-idf/hal/CMakeFiles/__idf_hal.dir/ledc_hal.c.obj
[547/1051] Building C object esp-idf/hal/CMakeFiles/__idf_hal.dir/spi_flash_hal_iram.c.obj
[571/1051] Building C object esp-idf/hal/CMakeFiles/__idf_hal.dir/cam_hal.c.obj
[489/1051] Generating xxd_tinygo.o
[490/1051] Building C object esp-idf/esp_hw_support/CMakeFiles/__idf_esp_hw_support.dir/dma/gdma.c.obj
[627/1049] Building C object esp-idf/esp_system/CMakeFiles/__idf_esp_system.dir/port/soc/esp32s3/reset_reason.c.obj
[499/1051] Building C object esp-idf/soc/CMakeFiles/__idf_soc.dir/esp32s3/power_supply_periph.c.obj
[650/1051] Building C object esp-idf/spi_flash/CMakeFiles/__idf_spi_flash.dir/spi_flash_chip_gd.c.obj
[606/1051] Building C object esp-idf/esp_system/CMakeFiles/__idf_esp_system.dir/startup.c.obj
[491/1051] Building C object esp-idf/soc/CMakeFiles/__idf_soc.dir/esp32s3/mcpwm_periph.c.obj
[669/1051] Building C object esp-idf/bootloader_support/CMakeFiles/__idf_bootloader_support.dir/src/bootloader_common.c.obj
[163/1051] Linking C static library esp-idf/esp_driver_spi/libesp_driver_spi.a
[607/1051] Generating dd_tinygo.o
[695/1051] Linking C static library esp-idf/esp_mm/libesp_mm.a
[500/1051] Linking C static library esp-idf/esp_timer/libesp_timer.a
[628/1049] Building C object esp-idf/spi_flash/CMakeFiles/__idf_spi_flash.dir/esp32s3/spi_flash_oct_flash_init.c.obj
[492/1051] Building C object esp-idf/soc/CMakeFiles/__idf_soc.dir/esp32s3/mpi_periph.c.obj
[548/1051] Building C object esp-idf/hal/CMakeFiles/__idf_hal.dir/sdmmc_hal.c.obj
[572/1051] Building C object esp-idf/hal/CMakeFiles/__idf_hal.dir/usb_serial_jtag_hal.c.obj
[651/1051] Building C object esp-idf/esp_system/CMakeFiles/__idf_esp_system.dir/port/soc/esp32s3/clk.c.obj
[670/1051] Linking C static library esp-idf/esp_common/libesp_common.a
[493/1051] Building C object esp-idf/soc/CMakeFiles/__idf_soc.dir/esp32s3/twai_periph.c.obj
[608/1051] Linking C static library esp-idf/log/liblog.a
[609/1051] Building C object esp-idf/esp_system/CMakeFiles/__idf_esp_system.dir/port/arch/xtensa/esp_ipc_isr_port.c.obj
[629/1049] Linking C static library esp-idf/heap/libheap.a
[532/1051] Building C object esp-idf/hal/CMakeFiles/__idf_hal.dir/timer_hal.c.obj
[164/1051] Building C object esp-idf/wpa_supplicant/CMakeFiles/__idf_wpa_supplicant.dir/src/eap_peer/eap_fast_common.c.obj
[501/1051] Building C object esp-idf/log/CMakeFiles/__idf_log.dir/src/buffer/log_buffers.c.obj
[533/1051] Building C object esp-idf/hal/CMakeFiles/__idf_hal.dir/rtc_io_hal.c.obj
[671/1051] Building C object esp-idf/spi_flash/CMakeFiles/__idf_spi_flash.dir/esp_flash_api.c.obj
[652/1051] Building C object esp-idf/esp_mm/CMakeFiles/__idf_esp_mm.dir/port/esp32s3/ext_mem_layout.c.obj
[494/1051] Building C object esp-idf/soc/CMakeFiles/__idf_soc.dir/esp32s3/wdt_periph.c.obj
[610/1051] Building C object esp-idf/esp_system/CMakeFiles/__idf_esp_system.dir/esp_system.c.obj
[534/1051] Building C object esp-idf/hal/CMakeFiles/__idf_hal.dir/gpio_hal.c.obj
[535/1051] Building C object esp-idf/hal/CMakeFiles/__idf_hal.dir/rmt_hal.c.obj
[502/1051] Linking C static library esp-idf/cxx/libcxx.a
[653/1051] Building C object esp-idf/spi_flash/CMakeFiles/__idf_spi_flash.dir/flash_ops.c.obj
[630/1049] Building C object esp-idf/esp_system/CMakeFiles/__idf_esp_system.dir/port/soc/esp32s3/apb_backup_dma.c.obj
[495/1051] Building C object esp-idf/soc/CMakeFiles/__idf_soc.dir/esp32s3/usb_dwc_periph.c.obj
[696/1051] Building C object 'esp-idf/mbedtls/mbedtls/library/CMakeFiles/mbedtls.dir/home/tikhon/Документы/magnolia/esp-idf/components/mbedtls/port/esp_platform_time.c.obj'
[573/1051] Building C object esp-idf/esp_rom/CMakeFiles/__idf_esp_rom.dir/patches/esp_rom_serial_output.c.obj
[611/1051] Building ASM object esp-idf/esp_system/CMakeFiles/__idf_esp_system.dir/port/arch/xtensa/esp_ipc_isr_routines.S.obj
[341/1051] Building C object esp-idf/esp_event/CMakeFiles/__idf_esp_event.dir/esp_event_private.c.obj
[165/1051] Building C object esp-idf/wpa_supplicant/CMakeFiles/__idf_wpa_supplicant.dir/src/eap_peer/eap_common.c.obj
[631/1049] Building C object esp-idf/spi_flash/CMakeFiles/__idf_spi_flash.dir/spi_flash_chip_drivers.c.obj
[496/1051] Building C object esp-idf/soc/CMakeFiles/__idf_soc.dir/esp32s3/power_supply_periph.c.obj
[672/1051] Building C object esp-idf/mbedtls/mbedtls/library/CMakeFiles/mbedtls.dir/mps_trace.c.obj
[549/1051] Building C object esp-idf/hal/CMakeFiles/__idf_hal.dir/gdma_hal_ahb_v1.c.obj
[673/1051] Building C object esp-idf/mbedtls/mbedtls/library/CMakeFiles/mbedtls.dir/debug.c.obj
[574/1051] Building C object esp-idf/esp_rom/CMakeFiles/__idf_esp_rom.dir/patches/esp_rom_crc.c.obj
[632/1049] Building C object esp-idf/esp_system/CMakeFiles/__idf_esp_system.dir/panic.c.obj
[575/1051] Building C object esp-idf/hal/CMakeFiles/__idf_hal.dir/adc_hal.c.obj
[654/1051] Building C object esp-idf/spi_flash/CMakeFiles/__idf_spi_flash.dir/spi_flash_chip_winbond.c.obj
[576/1051] Linking C static library esp-idf/esp_hw_support/libesp_hw_support.a
[612/1051] Building C object esp-idf/esp_system/CMakeFiles/__idf_esp_system.dir/freertos_hooks.c.obj
[633/1049] Building C object esp-idf/esp_system/CMakeFiles/__idf_esp_system.dir/port/arch/xtensa/panic_arch.c.obj
[166/1051] Building C object esp-idf/wpa_supplicant/CMakeFiles/__idf_wpa_supplicant.dir/src/rsn_supp/wpa_ie.c.obj
[497/1051] Linking C static library esp-idf/esp_driver_gptimer/libesp_driver_gptimer.a
[498/1051] Building C object esp-idf/esp_hw_support/CMakeFiles/__idf_esp_hw_support.dir/lowpower/port/esp32s3/sleep_cpu.c.obj
[503/1051] Building C object esp-idf/heap/CMakeFiles/__idf_heap.dir/port/memory_layout_utils.c.obj
[550/1051] Building C object esp-idf/hal/CMakeFiles/__idf_hal.dir/brownout_hal.c.obj
[536/1051] Building C object esp-idf/hal/CMakeFiles/__idf_hal.dir/systimer_hal.c.obj
[537/1051] Linking C static library esp-idf/esp_driver_uart/libesp_driver_uart.a
[551/1051] Building C object esp-idf/hal/CMakeFiles/__idf_hal.dir/lcd_hal.c.obj
[499/1051] Building C object esp-idf/heap/CMakeFiles/__idf_heap.dir/multi_heap.c.obj
[577/1051] Building C object esp-idf/esp_rom/CMakeFiles/__idf_esp_rom.dir/patches/esp_rom_gpio.c.obj
[504/1051] Building C object esp-idf/log/CMakeFiles/__idf_log.dir/src/util.c.obj
[552/1051] Linking C static library esp-idf/esp_driver_uart/libesp_driver_uart.a
[634/1049] Building C object esp-idf/esp_system/CMakeFiles/__idf_esp_system.dir/task_wdt/task_wdt.c.obj
[538/1051] Building C object esp-idf/hal/CMakeFiles/__idf_hal.dir/pcnt_hal.c.obj
[167/1051] Building C object esp-idf/wpa_supplicant/CMakeFiles/__idf_wpa_supplicant.dir/src/eap_peer/eap_peap_common.c.obj
[578/1051] Building C object esp-idf/hal/CMakeFiles/__idf_hal.dir/usb_wrap_hal.c.obj
[342/1051] Building C object esp-idf/vfs/CMakeFiles/__idf_vfs.dir/vfs.c.obj
[500/1051] Building C object esp-idf/soc/CMakeFiles/__idf_soc.dir/esp32s3/rtc_io_periph.c.obj
[505/1051] Building C object esp-idf/heap/CMakeFiles/__idf_heap.dir/port/esp32s3/memory_layout.c.obj
[655/1051] Building C object esp-idf/esp_mm/CMakeFiles/__idf_esp_mm.dir/heap_align_hw.c.obj
[553/1051] Building C object esp-idf/hal/CMakeFiles/__idf_hal.dir/adc_oneshot_hal.c.obj
[635/1049] Building C object esp-idf/esp_system/CMakeFiles/__idf_esp_system.dir/port/cpu_start.c.obj
[501/1051] Building C object esp-idf/log/CMakeFiles/__idf_log.dir/src/os/log_lock.c.obj
[613/1051] Building C object esp-idf/esp_system/CMakeFiles/__idf_esp_system.dir/port/image_process.c.obj
[506/1051] Building C object esp-idf/log/CMakeFiles/__idf_log.dir/src/os/log_write.c.obj
[697/1051] Building C object esp-idf/mbedtls/mbedtls/library/CMakeFiles/mbedtls.dir/ssl_cache.c.obj
[674/1051] Building C object esp-idf/bootloader_support/CMakeFiles/__idf_bootloader_support.dir/src/bootloader_utility.c.obj
[502/1051] Building C object esp-idf/esp_hw_support/CMakeFiles/__idf_esp_hw_support.dir/port/esp32s3/rtc_clk.c.obj
[554/1051] Building C object esp-idf/hal/CMakeFiles/__idf_hal.dir/aes_hal.c.obj
[168/1051] Linking C static library esp-idf/esp_wifi/libesp_wifi.a
[579/1051] Building ASM object esp-idf/esp_rom/CMakeFiles/__idf_esp_rom.dir/patches/esp_rom_longjmp.S.obj
[636/1049] Linking C static library esp-idf/log/liblog.a
[503/1051] Building C object esp-idf/heap/CMakeFiles/__idf_heap.dir/heap_caps_init.c.obj
[614/1051] Building C object esp-idf/esp_system/CMakeFiles/__idf_esp_system.dir/ubsan.c.obj
[698/1051] Building C object esp-idf/mbedtls/mbedtls/library/CMakeFiles/mbedtls.dir/ssl_ciphersuites.c.obj
[539/1051] Building C object esp-idf/hal/CMakeFiles/__idf_hal.dir/i2c_hal_iram.c.obj
[637/1049] Building C object esp-idf/esp_common/CMakeFiles/__idf_esp_common.dir/src/esp_err_to_name.c.obj
[580/1051] Building C object esp-idf/esp_rom/CMakeFiles/__idf_esp_rom.dir/patches/esp_rom_sys.c.obj
[504/1051] Building C object esp-idf/log/CMakeFiles/__idf_log.dir/src/os/util.c.obj
[615/1051] Building ASM object esp-idf/esp_system/CMakeFiles/__idf_esp_system.dir/port/arch/xtensa/expression_with_stack_asm.S.obj
[675/1051] Building C object esp-idf/spi_flash/CMakeFiles/__idf_spi_flash.dir/esp_flash_spi_init.c.obj
[699/1051] Building C object esp-idf/mbedtls/mbedtls/library/CMakeFiles/mbedx509.dir/x509_create.c.obj
[638/1049] Building C object esp-idf/spi_flash/CMakeFiles/__idf_spi_flash.dir/spi_flash_chip_issi.c.obj
[505/1051] Building C object esp-idf/heap/CMakeFiles/__idf_heap.dir/heap_caps.c.obj
[616/1051] Building ASM object esp-idf/esp_system/CMakeFiles/__idf_esp_system.dir/port/arch/xtensa/esp_ipc_isr_handler.S.obj
[581/1051] Building C object esp-idf/hal/CMakeFiles/__idf_hal.dir/esp32s3/touch_sensor_hal.c.obj
[507/1051] Building C object esp-idf/log/CMakeFiles/__idf_log.dir/src/log_print.c.obj
[656/1051] Building C object esp-idf/bootloader_support/CMakeFiles/__idf_bootloader_support.dir/src/bootloader_mem.c.obj
[508/1051] Linking C static library esp-idf/pthread/libpthread.a
[676/1051] Building C object esp-idf/bootloader_support/CMakeFiles/__idf_bootloader_support.dir/src/flash_partitions.c.obj
[677/1051] Linking C static library esp-idf/esp_system/libesp_system.a
[700/1051] Building C object esp-idf/mbedtls/mbedtls/library/CMakeFiles/mbedtls.dir/ssl_ticket.c.obj
[617/1051] Building C object esp-idf/esp_system/CMakeFiles/__idf_esp_system.dir/port/arch/xtensa/expression_with_stack.c.obj
[582/1051] Building C object esp-idf/hal/CMakeFiles/__idf_hal.dir/spi_flash_hal_gpspi.c.obj
[639/1049] Building C object esp-idf/esp_system/CMakeFiles/__idf_esp_system.dir/port/arch/xtensa/debug_helpers.c.obj
[506/1051] Linking C static library esp-idf/esp_timer/libesp_timer.a
[509/1051] Building C object esp-idf/log/CMakeFiles/__idf_log.dir/src/log_format_text.c.obj
[657/1051] Linking C static library esp-idf/esp_system/libesp_system.a
[343/1051] Building C object esp-idf/esp_driver_uart/CMakeFiles/__idf_esp_driver_uart.dir/src/uart_wakeup.c.obj
[555/1051] Building C object esp-idf/heap/CMakeFiles/__idf_heap.dir/tlsf/tlsf.c.obj
[540/1051] Building C object esp-idf/hal/CMakeFiles/__idf_hal.dir/uhci_hal.c.obj
[678/1051] Building C object esp-idf/mbedtls/mbedtls/library/CMakeFiles/mbedtls.dir/mps_reader.c.obj
[640/1049] Building C object esp-idf/spi_flash/CMakeFiles/__idf_spi_flash.dir/spi_flash_hpm_enable.c.obj
[541/1051] Linking C static library esp-idf/esp_ringbuf/libesp_ringbuf.a
[618/1051] Building C object esp-idf/esp_system/CMakeFiles/__idf_esp_system.dir/port/esp_system_chip.c.obj
[701/1051] Building C object 'esp-idf/mbedtls/mbedtls/library/CMakeFiles/mbedtls.dir/home/tikhon/Документы/magnolia/esp-idf/components/mbedtls/port/mbedtls_debug.c.obj'
[583/1051] Building C object esp-idf/esp_rom/CMakeFiles/__idf_esp_rom.dir/patches/esp_rom_print.c.obj
[556/1051] Building C object esp-idf/hal/CMakeFiles/__idf_hal.dir/mpi_hal.c.obj
[510/1051] Building C object esp-idf/esp_hw_support/CMakeFiles/__idf_esp_hw_support.dir/dma/gdma.c.obj
[619/1051] Building ASM object esp-idf/esp_system/CMakeFiles/__idf_esp_system.dir/port/arch/xtensa/panic_handler_asm.S.obj
[584/1051] Building C object esp-idf/hal/CMakeFiles/__idf_hal.dir/xt_wdt_hal.c.obj
[507/1051] Building C object esp-idf/log/CMakeFiles/__idf_log.dir/src/util.c.obj
[679/1051] Building C object esp-idf/bootloader_support/CMakeFiles/__idf_bootloader_support.dir/src/bootloader_common_loader.c.obj
[557/1051] Building C object esp-idf/hal/CMakeFiles/__idf_hal.dir/usb_wrap_hal.c.obj
[508/1051] Building C object esp-idf/heap/CMakeFiles/__idf_heap.dir/port/esp32s3/memory_layout.c.obj
[702/1051] Building C object esp-idf/mbedtls/mbedtls/library/CMakeFiles/mbedx509.dir/x509write.c.obj
[511/1051] Building C object esp-idf/heap/CMakeFiles/__idf_heap.dir/heap_caps_base.c.obj
[542/1051] Building C object esp-idf/hal/CMakeFiles/__idf_hal.dir/sdm_hal.c.obj
[620/1051] Building ASM object esp-idf/esp_system/CMakeFiles/__idf_esp_system.dir/port/arch/xtensa/debug_helpers_asm.S.obj
[585/1051] Building C object esp-idf/hal/CMakeFiles/__idf_hal.dir/touch_sensor_hal.c.obj
[680/1051] Building C object esp-idf/bootloader_support/CMakeFiles/__idf_bootloader_support.dir/src/secure_boot.c.obj
[658/1051] Building C object esp-idf/spi_flash/CMakeFiles/__idf_spi_flash.dir/spi_flash_os_func_noos.c.obj
[169/1051] Building C object esp-idf/wpa_supplicant/CMakeFiles/__idf_wpa_supplicant.dir/src/utils/ext_password.c.obj
[641/1049] Building C object esp-idf/esp_system/CMakeFiles/__idf_esp_system.dir/port/soc/esp32s3/cache_err_int.c.obj
[681/1051] Building C object esp-idf/bootloader_support/CMakeFiles/__idf_bootloader_support.dir/src/flash_encrypt.c.obj
[344/1051] Linking C static library esp-idf/vfs/libvfs.a
[543/1051] Building C object esp-idf/hal/CMakeFiles/__idf_hal.dir/uart_hal.c.obj
[586/1051] Building C object esp-idf/esp_rom/CMakeFiles/__idf_esp_rom.dir/patches/esp_rom_efuse.c.obj
[703/1051] Building C object esp-idf/mbedtls/mbedtls/library/CMakeFiles/mbedx509.dir/x509write_csr.c.obj
[558/1051] Building C object esp-idf/hal/CMakeFiles/__idf_hal.dir/twai_hal_sja1000.c.obj
[512/1051] Building C object esp-idf/log/CMakeFiles/__idf_log.dir/src/log_level/log_level.c.obj
[682/1051] Building C object esp-idf/mbedtls/mbedtls/library/CMakeFiles/mbedtls.dir/ssl_cache.c.obj
[642/1049] Building C object esp-idf/esp_system/CMakeFiles/__idf_esp_system.dir/port/soc/esp32s3/clk.c.obj
[544/1051] Building C object esp-idf/hal/CMakeFiles/__idf_hal.dir/i2s_hal.c.obj
[170/1051] Building C object esp-idf/wpa_supplicant/CMakeFiles/__idf_wpa_supplicant.dir/src/utils/wpa_debug.c.obj
[559/1051] Linking C static library esp-idf/esp_ringbuf/libesp_ringbuf.a
[587/1051] Linking C static library esp-idf/soc/libsoc.a
[683/1051] Building C object esp-idf/bootloader_support/CMakeFiles/__idf_bootloader_support.dir/bootloader_flash/src/bootloader_flash_config_esp32s3.c.obj
[560/1051] Building C object esp-idf/hal/CMakeFiles/__idf_hal.dir/spi_slave_hal.c.obj
[588/1051] Building ASM object esp-idf/esp_rom/CMakeFiles/__idf_esp_rom.dir/patches/esp_rom_cache_writeback_esp32s3.S.obj
[704/1051] Building C object esp-idf/mbedtls/mbedtls/library/CMakeFiles/mbedtls.dir/ssl_tls12_server.c.obj
[545/1051] Building C object esp-idf/hal/CMakeFiles/__idf_hal.dir/gdma_hal_top.c.obj
[546/1051] Building C object esp-idf/hal/CMakeFiles/__idf_hal.dir/sha_hal.c.obj
[621/1051] Building C object esp-idf/esp_system/CMakeFiles/__idf_esp_system.dir/xt_wdt.c.obj
[622/1051] Linking C static library esp-idf/hal/libhal.a
[171/1051] Building C object esp-idf/wpa_supplicant/CMakeFiles/__idf_wpa_supplicant.dir/src/utils/wpabuf.c.obj
[684/1051] Building C object esp-idf/mbedtls/mbedtls/library/CMakeFiles/mbedtls.dir/ssl_cookie.c.obj
[685/1051] Building C object esp-idf/esp_mm/CMakeFiles/__idf_esp_mm.dir/esp_mmu_map.c.obj
[686/1051] Building C object esp-idf/bootloader_support/CMakeFiles/__idf_bootloader_support.dir/src/bootloader_random_esp32s3.c.obj
[623/1051] Linking C static library esp-idf/esp_rom/libesp_rom.a
[513/1051] Building C object esp-idf/log/CMakeFiles/__idf_log.dir/src/log_level/tag_log_level/linked_list/log_linked_list.c.obj
[705/1051] Building C object esp-idf/mbedtls/mbedtls/library/CMakeFiles/mbedcrypto.dir/aesni.c.obj
[687/1051] Building C object esp-idf/bootloader_support/CMakeFiles/__idf_bootloader_support.dir/src/esp32s3/secure_boot_secure_features.c.obj
[509/1051] Linking C static library esp-idf/cxx/libcxx.a
[688/1051] Linking C static library esp-idf/spi_flash/libspi_flash.a
[510/1051] Building C object esp-idf/heap/CMakeFiles/__idf_heap.dir/port/memory_layout_utils.c.obj
[659/1051] Building C object esp-idf/spi_flash/CMakeFiles/__idf_spi_flash.dir/spi_flash_chip_mxic_opi.c.obj
[514/1051] Building C object esp-idf/log/CMakeFiles/__idf_log.dir/src/log_level/tag_log_level/tag_log_level.c.obj
[547/1051] Building C object esp-idf/hal/CMakeFiles/__idf_hal.dir/i2c_hal.c.obj
[706/1051] Building C object esp-idf/mbedtls/mbedtls/library/CMakeFiles/mbedx509.dir/x509write_crt.c.obj
[589/1051] Building C object esp-idf/hal/CMakeFiles/__idf_hal.dir/temperature_sensor_hal.c.obj
[643/1049] Linking C static library esp-idf/hal/libhal.a
[590/1051] Building C object esp-idf/esp_rom/CMakeFiles/__idf_esp_rom.dir/patches/esp_rom_wdt.c.obj
[515/1051] Linking C static library esp-idf/newlib/libnewlib.a
[591/1051] Building C object esp-idf/esp_system/CMakeFiles/__idf_esp_system.dir/freertos_hooks.c.obj
[689/1051] Building C object esp-idf/mbedtls/mbedtls/library/CMakeFiles/mbedtls.dir/ssl_ciphersuites.c.obj
[511/1051] Building C object esp-idf/log/CMakeFiles/__idf_log.dir/src/log_format_text.c.obj
[690/1051] Building C object esp-idf/mbedtls/mbedtls/library/CMakeFiles/mbedtls.dir/ssl_client.c.obj
[561/1051] Linking C static library esp-idf/esp_driver_gptimer/libesp_driver_gptimer.a
[512/1051] Linking C static library esp-idf/pthread/libpthread.a
[624/1051] Building C object esp-idf/esp_system/CMakeFiles/__idf_esp_system.dir/port/arch/xtensa/trax.c.obj
[516/1051] Building C object esp-idf/log/CMakeFiles/__idf_log.dir/src/os/log_lock.c.obj
[548/1051] Linking C static library esp-idf/esp_driver_gptimer/libesp_driver_gptimer.a
[172/1051] Building C object esp-idf/wpa_supplicant/CMakeFiles/__idf_wpa_supplicant.dir/src/utils/common.c.obj
[513/1051] Building C object esp-idf/log/CMakeFiles/__idf_log.dir/src/os/log_write.c.obj
[592/1051] Building C object esp-idf/hal/CMakeFiles/__idf_hal.dir/esp32s3/rtc_cntl_hal.c.obj
[549/1051] Building C object esp-idf/hal/CMakeFiles/__idf_hal.dir/lcd_hal.c.obj
[691/1051] Linking C static library esp-idf/esp_mm/libesp_mm.a
[562/1051] Building C object esp-idf/hal/CMakeFiles/__idf_hal.dir/spi_slave_hal_iram.c.obj
[625/1051] Building C object esp-idf/esp_system/CMakeFiles/__idf_esp_system.dir/int_wdt.c.obj
[345/1051] Linking C static library esp-idf/esp_vfs_console/libesp_vfs_console.a
[173/1051] Building C object esp-idf/wpa_supplicant/CMakeFiles/__idf_wpa_supplicant.dir/src/eap_peer/mschapv2.c.obj
[593/1051] Building C object esp-idf/hal/CMakeFiles/__idf_hal.dir/usb_dwc_hal.c.obj
[707/1051] Building C object esp-idf/bootloader_support/CMakeFiles/__idf_bootloader_support.dir/src/esp_image_format.c.obj
[517/1051] Building C object esp-idf/hal/CMakeFiles/__idf_hal.dir/color_hal.c.obj
[644/1049] Building C object esp-idf/spi_flash/CMakeFiles/__idf_spi_flash.dir/spi_flash_chip_mxic.c.obj
[514/1051] Building C object esp-idf/log/CMakeFiles/__idf_log.dir/src/log.c.obj
[626/1051] Building C object esp-idf/esp_system/CMakeFiles/__idf_esp_system.dir/port/esp_ipc_isr.c.obj
[174/1051] Building C object esp-idf/wpa_supplicant/CMakeFiles/__idf_wpa_supplicant.dir/src/eap_peer/eap_tls.c.obj
[645/1049] Linking C static library esp-idf/esp_rom/libesp_rom.a
[518/1051] Building C object esp-idf/log/CMakeFiles/__idf_log.dir/src/os/util.c.obj
[708/1051] Building C object esp-idf/mbedtls/mbedtls/library/CMakeFiles/mbedtls.dir/ssl_client.c.obj
[627/1051] Building ASM object esp-idf/esp_system/CMakeFiles/__idf_esp_system.dir/port/soc/esp32s3/highint_hdl.S.obj
[563/1051] Building C object esp-idf/hal/CMakeFiles/__idf_hal.dir/ds_hal.c.obj
[594/1051] Building C object esp-idf/esp_rom/CMakeFiles/__idf_esp_rom.dir/patches/esp_rom_cache_esp32s2_esp32s3.c.obj
[595/1051] Building C object esp-idf/heap/CMakeFiles/__idf_heap.dir/tlsf/tlsf.c.obj
[515/1051] Building C object esp-idf/hal/CMakeFiles/__idf_hal.dir/hal_utils.c.obj
[550/1051] Building C object esp-idf/hal/CMakeFiles/__idf_hal.dir/aes_hal.c.obj
[628/1051] Building C object esp-idf/esp_system/CMakeFiles/__idf_esp_system.dir/port/arch/xtensa/debug_stubs.c.obj
[519/1051] Building C object esp-idf/hal/CMakeFiles/__idf_hal.dir/efuse_hal.c.obj
[564/1051] Linking C static library esp-idf/esp_timer/libesp_timer.a
[516/1051] Building C object esp-idf/log/CMakeFiles/__idf_log.dir/src/os/log_timestamp.c.obj
[660/1051] Building C object esp-idf/esp_mm/CMakeFiles/__idf_esp_mm.dir/esp_cache_utils.c.obj
[596/1051] Building C object esp-idf/esp_system/CMakeFiles/__idf_esp_system.dir/esp_system_console.c.obj
[520/1051] Building C object esp-idf/heap/CMakeFiles/__idf_heap.dir/heap_caps_init.c.obj
[646/1049] Building C object esp-idf/spi_flash/CMakeFiles/__idf_spi_flash.dir/flash_mmap.c.obj
[551/1051] Linking C static library esp-idf/esp_timer/libesp_timer.a
[629/1051] Building C object esp-idf/spi_flash/CMakeFiles/__idf_spi_flash.dir/flash_brownout_hook.c.obj
[661/1051] Building C object esp-idf/bootloader_support/CMakeFiles/__idf_bootloader_support.dir/src/bootloader_random.c.obj
[692/1051] Building C object 'esp-idf/mbedtls/mbedtls/library/CMakeFiles/mbedtls.dir/home/tikhon/Документы/magnolia/esp-idf/components/mbedtls/port/esp_platform_time.c.obj'
[517/1051] Building C object esp-idf/log/CMakeFiles/__idf_log.dir/src/log_level/tag_log_level/cache/log_binary_heap.c.obj
[518/1051] Building C object esp-idf/hal/CMakeFiles/__idf_hal.dir/mpu_hal.c.obj
[662/1051] Building C object esp-idf/bootloader_support/CMakeFiles/__idf_bootloader_support.dir/src/bootloader_efuse.c.obj
[597/1051] Building C object esp-idf/esp_system/CMakeFiles/__idf_esp_system.dir/stack_check.c.obj
[346/1051] Linking C static library esp-idf/esp_driver_usb_serial_jtag/libesp_driver_usb_serial_jtag.a
[552/1051] Building C object esp-idf/hal/CMakeFiles/__idf_hal.dir/mcpwm_hal.c.obj
[647/1049] Building C object esp-idf/spi_flash/CMakeFiles/__idf_spi_flash.dir/spi_flash_chip_winbond.c.obj
[630/1051] Building C object esp-idf/esp_system/CMakeFiles/__idf_esp_system.dir/panic.c.obj
[519/1051] Building C object esp-idf/heap/CMakeFiles/__idf_heap.dir/heap_caps_base.c.obj
[598/1051] Building C object esp-idf/esp_system/CMakeFiles/__idf_esp_system.dir/crosscore_int.c.obj
[631/1051] Building C object esp-idf/esp_system/CMakeFiles/__idf_esp_system.dir/port/soc/esp32s3/clk.c.obj
[565/1051] Building C object esp-idf/hal/CMakeFiles/__idf_hal.dir/i2s_hal.c.obj
[648/1049] Building C object esp-idf/esp_system/CMakeFiles/__idf_esp_system.dir/port/soc/esp32s3/system_internal.c.obj
[521/1051] Building C object esp-idf/log/CMakeFiles/__idf_log.dir/src/log_level/tag_log_level/cache/log_binary_heap.c.obj
[599/1051] Building C object esp-idf/esp_system/CMakeFiles/__idf_esp_system.dir/startup.c.obj
[566/1051] Linking C static library esp-idf/cxx/libcxx.a
[553/1051] Building C object esp-idf/hal/CMakeFiles/__idf_hal.dir/adc_hal_common.c.obj
[520/1051] Building C object esp-idf/log/CMakeFiles/__idf_log.dir/src/buffer/log_buffers.c.obj
[632/1051] Building C object esp-idf/esp_system/CMakeFiles/__idf_esp_system.dir/task_wdt/task_wdt_impl_timergroup.c.obj
[567/1051] Building C object esp-idf/hal/CMakeFiles/__idf_hal.dir/adc_hal_common.c.obj
[633/1051] Building C object esp-idf/esp_system/CMakeFiles/__idf_esp_system.dir/startup_funcs.c.obj
[709/1051] Building C object esp-idf/mbedtls/mbedtls/library/CMakeFiles/mbedcrypto.dir/aesce.c.obj
[600/1051] Building C object esp-idf/esp_rom/CMakeFiles/__idf_esp_rom.dir/patches/esp_rom_spiflash.c.obj
[522/1051] Building C object esp-idf/heap/CMakeFiles/__idf_heap.dir/multi_heap.c.obj
[649/1049] Linking C static library esp-idf/esp_common/libesp_common.a
[521/1051] Building C object esp-idf/log/CMakeFiles/__idf_log.dir/src/log_level/tag_log_level/linked_list/log_linked_list.c.obj
[601/1051] Building C object esp-idf/esp_rom/CMakeFiles/__idf_esp_rom.dir/patches/esp_rom_systimer.c.obj
[523/1051] Building C object esp-idf/log/CMakeFiles/__idf_log.dir/src/os/log_timestamp.c.obj
[524/1051] Linking C static library esp-idf/freertos/libfreertos.a
[634/1051] Building C object esp-idf/esp_system/CMakeFiles/__idf_esp_system.dir/port/arch/xtensa/panic_arch.c.obj
[554/1051] Linking C static library esp-idf/cxx/libcxx.a
[602/1051] Building C object esp-idf/hal/CMakeFiles/__idf_hal.dir/spi_hal_iram.c.obj
[663/1051] Building C object esp-idf/spi_flash/CMakeFiles/__idf_spi_flash.dir/cache_utils.c.obj
[635/1051] Building C object esp-idf/esp_system/CMakeFiles/__idf_esp_system.dir/port/soc/esp32s3/system_internal.c.obj
[710/1051] Building C object esp-idf/bootloader_support/CMakeFiles/__idf_bootloader_support.dir/src/bootloader_utility.c.obj
[650/1049] Building C object esp-idf/esp_mm/CMakeFiles/__idf_esp_mm.dir/port/esp32s3/ext_mem_layout.c.obj
[568/1051] Building C object esp-idf/esp_rom/CMakeFiles/__idf_esp_rom.dir/patches/esp_rom_sys.c.obj
[347/1051] Building C object esp-idf/esp_event/CMakeFiles/__idf_esp_event.dir/esp_event.c.obj
[175/1051] Building C object esp-idf/wpa_supplicant/CMakeFiles/__idf_wpa_supplicant.dir/src/utils/base64.c.obj
[664/1051] Building C object esp-idf/spi_flash/CMakeFiles/__idf_spi_flash.dir/flash_mmap.c.obj
-- Generating done (4.2s)
[555/1051] Building C object esp-idf/esp_hw_support/CMakeFiles/__idf_esp_hw_support.dir/port/esp32s3/esp_memprot.c.obj
[693/1051] Building C object esp-idf/bootloader_support/CMakeFiles/__idf_bootloader_support.dir/src/bootloader_sha.c.obj
[522/1051] Linking C static library esp-idf/newlib/libnewlib.a
[651/1049] Building C object esp-idf/spi_flash/CMakeFiles/__idf_spi_flash.dir/memspi_host_driver.c.obj
[569/1051] Building C object esp-idf/hal/CMakeFiles/__idf_hal.dir/cam_hal.c.obj
[665/1051] Building C object esp-idf/esp_mm/CMakeFiles/__idf_esp_mm.dir/esp_cache_msync.c.obj
[176/1051] Building C object esp-idf/wpa_supplicant/CMakeFiles/__idf_wpa_supplicant.dir/src/eap_peer/eap.c.obj
[711/1051] Building C object esp-idf/mbedtls/mbedtls/library/CMakeFiles/mbedcrypto.dir/bignum_core.c.obj
[694/1051] Building C object esp-idf/mbedtls/mbedtls/library/CMakeFiles/mbedtls.dir/ssl_tls13_keys.c.obj
[603/1051] Linking C static library esp-idf/heap/libheap.a
[652/1049] Building C object esp-idf/spi_flash/CMakeFiles/__idf_spi_flash.dir/esp_flash_api.c.obj
[604/1051] Building C object esp-idf/esp_system/CMakeFiles/__idf_esp_system.dir/esp_err.c.obj
[570/1051] Building C object esp-idf/hal/CMakeFiles/__idf_hal.dir/spi_flash_hal_gpspi.c.obj
[177/1051] Building C object esp-idf/wpa_supplicant/CMakeFiles/__idf_wpa_supplicant.dir/src/eap_peer/eap_fast_pac.c.obj
[525/1051] Building C object esp-idf/log/CMakeFiles/__idf_log.dir/src/log.c.obj
[556/1051] Building C object esp-idf/hal/CMakeFiles/__idf_hal.dir/sdmmc_hal.c.obj
[523/1051] Building C object esp-idf/log/CMakeFiles/__idf_log.dir/src/log_print.c.obj
[666/1051] Building C object esp-idf/spi_flash/CMakeFiles/__idf_spi_flash.dir/spi_flash_wrap.c.obj
[653/1049] Building C object esp-idf/spi_flash/CMakeFiles/__idf_spi_flash.dir/spi_flash_os_func_noos.c.obj
[348/1051] Linking C static library esp-idf/esp_phy/libesp_phy.a
[571/1051] Building C object esp-idf/hal/CMakeFiles/__idf_hal.dir/hmac_hal.c.obj
[526/1051] Building C object esp-idf/heap/CMakeFiles/__idf_heap.dir/heap_caps.c.obj
[178/1051] Building C object esp-idf/wpa_supplicant/CMakeFiles/__idf_wpa_supplicant.dir/src/eap_peer/eap_tls_common.c.obj
[557/1051] Building C object esp-idf/hal/CMakeFiles/__idf_hal.dir/spi_slave_hd_hal.c.obj
[524/1051] Building C object esp-idf/log/CMakeFiles/__idf_log.dir/src/log_timestamp_common.c.obj
[605/1051] Building C object esp-idf/esp_system/CMakeFiles/__idf_esp_system.dir/esp_system.c.obj
[179/1051] Building C object esp-idf/wpa_supplicant/CMakeFiles/__idf_wpa_supplicant.dir/src/utils/uuid.c.obj
[695/1051] Building C object esp-idf/bootloader_support/CMakeFiles/__idf_bootloader_support.dir/bootloader_flash/src/flash_qio_mode.c.obj
[667/1051] Building C object esp-idf/bootloader_support/CMakeFiles/__idf_bootloader_support.dir/src/bootloader_clock_init.c.obj
[572/1051] Building C object esp-idf/hal/CMakeFiles/__idf_hal.dir/spi_hal.c.obj
[525/1051] Building C object esp-idf/hal/CMakeFiles/__idf_hal.dir/color_hal.c.obj
[636/1051] Building C object esp-idf/esp_system/CMakeFiles/__idf_esp_system.dir/task_wdt/task_wdt.c.obj
[654/1049] Building C object esp-idf/spi_flash/CMakeFiles/__idf_spi_flash.dir/spi_flash_chip_gd.c.obj
[527/1051] Building C object esp-idf/log/CMakeFiles/__idf_log.dir/src/log_timestamp_common.c.obj
[606/1051] Building C object esp-idf/hal/CMakeFiles/__idf_hal.dir/spi_slave_hd_hal.c.obj
[668/1051] Building C object esp-idf/spi_flash/CMakeFiles/__idf_spi_flash.dir/memspi_host_driver.c.obj
[712/1051] Building C object esp-idf/mbedtls/mbedtls/library/CMakeFiles/mbedcrypto.dir/aes.c.obj
[558/1051] Building C object esp-idf/hal/CMakeFiles/__idf_hal.dir/mpi_hal.c.obj
[528/1051] Building C object esp-idf/hal/CMakeFiles/__idf_hal.dir/hal_utils.c.obj
[573/1051] Building C object esp-idf/hal/CMakeFiles/__idf_hal.dir/usb_serial_jtag_hal.c.obj
[526/1051] Building C object esp-idf/log/CMakeFiles/__idf_log.dir/src/log_level/log_level.c.obj
[637/1051] Building C object esp-idf/esp_system/CMakeFiles/__idf_esp_system.dir/port/arch/xtensa/debug_helpers.c.obj
[655/1049] Building C object esp-idf/spi_flash/CMakeFiles/__idf_spi_flash.dir/spi_flash_chip_boya.c.obj
[696/1051] Building C object esp-idf/mbedtls/mbedtls/library/CMakeFiles/mbedtls.dir/ssl_debug_helpers_generated.c.obj
[529/1051] Building C object esp-idf/hal/CMakeFiles/__idf_hal.dir/mpu_hal.c.obj
[527/1051] Building C object esp-idf/log/CMakeFiles/__idf_log.dir/src/log_level/tag_log_level/tag_log_level.c.obj
[530/1051] Building C object esp-idf/hal/CMakeFiles/__idf_hal.dir/spi_flash_encrypt_hal_iram.c.obj
[713/1051] Building C object esp-idf/mbedtls/mbedtls/library/CMakeFiles/mbedcrypto.dir/bignum_mod_raw.c.obj
[574/1051] Building C object esp-idf/esp_rom/CMakeFiles/__idf_esp_rom.dir/patches/esp_rom_crc.c.obj
[575/1051] Building C object esp-idf/hal/CMakeFiles/__idf_hal.dir/usb_dwc_hal.c.obj
[656/1049] Building C object esp-idf/spi_flash/CMakeFiles/__idf_spi_flash.dir/spi_flash_chip_mxic_opi.c.obj
[528/1051] Building C object esp-idf/hal/CMakeFiles/__idf_hal.dir/esp32s3/efuse_hal.c.obj
[576/1051] Linking C static library esp-idf/pthread/libpthread.a
[669/1051] Building C object esp-idf/spi_flash/CMakeFiles/__idf_spi_flash.dir/spi_flash_os_func_app.c.obj
[180/1051] Building C object esp-idf/wpa_supplicant/CMakeFiles/__idf_wpa_supplicant.dir/src/eap_peer/eap_ttls.c.obj
[697/1051] Building C object esp-idf/mbedtls/mbedtls/library/CMakeFiles/mbedtls.dir/ssl_tls13_generic.c.obj
[657/1049] Building C object esp-idf/spi_flash/CMakeFiles/__idf_spi_flash.dir/spi_flash_chip_th.c.obj
[529/1051] Building C object esp-idf/hal/CMakeFiles/__idf_hal.dir/efuse_hal.c.obj
[577/1051] Building C object esp-idf/hal/CMakeFiles/__idf_hal.dir/xt_wdt_hal.c.obj
[607/1051] Building C object esp-idf/esp_system/CMakeFiles/__idf_esp_system.dir/port/esp_ipc_isr.c.obj
[559/1051] Building C object esp-idf/hal/CMakeFiles/__idf_hal.dir/gdma_hal_ahb_v1.c.obj
[638/1051] Building C object esp-idf/esp_system/CMakeFiles/__idf_esp_system.dir/port/soc/esp32s3/reset_reason.c.obj
[698/1051] Building C object esp-idf/bootloader_support/CMakeFiles/__idf_bootloader_support.dir/bootloader_flash/src/bootloader_flash.c.obj
[531/1051] Building C object esp-idf/hal/CMakeFiles/__idf_hal.dir/esp32s3/efuse_hal.c.obj
[532/1051] Building C object esp-idf/hal/CMakeFiles/__idf_hal.dir/uart_hal_iram.c.obj
[639/1051] Building C object esp-idf/spi_flash/CMakeFiles/__idf_spi_flash.dir/spi_flash_chip_issi.c.obj
[670/1051] Building C object esp-idf/spi_flash/CMakeFiles/__idf_spi_flash.dir/spi_flash_chip_generic.c.obj
[658/1049] Building C object esp-idf/spi_flash/CMakeFiles/__idf_spi_flash.dir/spi_flash_chip_generic.c.obj
[659/1049] Building C object esp-idf/spi_flash/CMakeFiles/__idf_spi_flash.dir/spi_flash_wrap.c.obj
[640/1051] Building C object esp-idf/esp_system/CMakeFiles/__idf_esp_system.dir/port/soc/esp32s3/apb_backup_dma.c.obj
[714/1051] Building C object esp-idf/mbedtls/mbedtls/library/CMakeFiles/mbedcrypto.dir/asn1write.c.obj
[560/1051] Building C object esp-idf/hal/CMakeFiles/__idf_hal.dir/brownout_hal.c.obj
[608/1051] Building C object esp-idf/esp_system/CMakeFiles/__idf_esp_system.dir/esp_ipc.c.obj
[533/1051] Building C object esp-idf/hal/CMakeFiles/__idf_hal.dir/spi_flash_hal_iram.c.obj
[641/1051] Building C object esp-idf/spi_flash/CMakeFiles/__idf_spi_flash.dir/spi_flash_chip_drivers.c.obj
[578/1051] Building ASM object esp-idf/esp_rom/CMakeFiles/__idf_esp_rom.dir/patches/esp_rom_longjmp.S.obj
[349/1051] Building CXX object esp-idf/nvs_flash/CMakeFiles/__idf_nvs_flash.dir/src/nvs_partition_lookup.cpp.obj
[660/1049] Building C object esp-idf/bootloader_support/CMakeFiles/__idf_bootloader_support.dir/src/bootloader_clock_init.c.obj
[561/1051] Linking C static library esp-idf/pthread/libpthread.a
[671/1051] Building C object esp-idf/bootloader_support/CMakeFiles/__idf_bootloader_support.dir/src/secure_boot.c.obj
[562/1051] Building C object esp-idf/hal/CMakeFiles/__idf_hal.dir/adc_oneshot_hal.c.obj
[534/1051] Building C object esp-idf/hal/CMakeFiles/__idf_hal.dir/i2c_hal_iram.c.obj
[579/1051] Building C object esp-idf/hal/CMakeFiles/__idf_hal.dir/spi_slave_hd_hal.c.obj
[699/1051] Building C object 'esp-idf/mbedtls/mbedtls/library/CMakeFiles/mbedtls.dir/home/tikhon/Документы/magnolia/esp-idf/components/mbedtls/port/mbedtls_debug.c.obj'
[530/1051] Building C object esp-idf/hal/CMakeFiles/__idf_hal.dir/timer_hal.c.obj
[661/1049] Building C object esp-idf/spi_flash/CMakeFiles/__idf_spi_flash.dir/spi_flash_os_func_app.c.obj
[609/1051] Building C object esp-idf/esp_system/CMakeFiles/__idf_esp_system.dir/ubsan.c.obj
[535/1051] Building C object esp-idf/hal/CMakeFiles/__idf_hal.dir/ledc_hal_iram.c.obj
[642/1051] Building C object esp-idf/spi_flash/CMakeFiles/__idf_spi_flash.dir/spi_flash_chip_generic.c.obj
[531/1051] Linking C static library esp-idf/freertos/libfreertos.a
[662/1049] Building C object esp-idf/bootloader_support/CMakeFiles/__idf_bootloader_support.dir/src/flash_encrypt.c.obj
[610/1051] Linking C static library esp-idf/log/liblog.a
[715/1051] Linking C static library esp-idf/bootloader_support/libbootloader_support.a
[643/1051] Building C object esp-idf/esp_system/CMakeFiles/__idf_esp_system.dir/port/cpu_start.c.obj
[700/1051] Building C object esp-idf/mbedtls/mbedtls/library/CMakeFiles/mbedtls.dir/ssl_tls13_client.c.obj
[532/1051] Building C object esp-idf/hal/CMakeFiles/__idf_hal.dir/spi_flash_encrypt_hal_iram.c.obj
[536/1051] Building C object esp-idf/hal/CMakeFiles/__idf_hal.dir/cache_hal.c.obj
[580/1051] Building ASM object esp-idf/esp_rom/CMakeFiles/__idf_esp_rom.dir/patches/esp_rom_cache_writeback_esp32s3.S.obj
[611/1051] Building C object esp-idf/esp_system/CMakeFiles/__idf_esp_system.dir/int_wdt.c.obj
[672/1051] Building C object esp-idf/spi_flash/CMakeFiles/__idf_spi_flash.dir/esp_flash_spi_init.c.obj
[181/1051] Building C object esp-idf/wpa_supplicant/CMakeFiles/__idf_wpa_supplicant.dir/esp_supplicant/src/esp_wpas_glue.c.obj
[563/1051] Building C object esp-idf/hal/CMakeFiles/__idf_hal.dir/esp32s3/touch_sensor_hal.c.obj
[716/1051] Building C object esp-idf/mbedtls/mbedtls/library/CMakeFiles/mbedx509.dir/x509_csr.c.obj
[644/1051] Building C object esp-idf/spi_flash/CMakeFiles/__idf_spi_flash.dir/spi_flash_hpm_enable.c.obj
[701/1051] Building C object esp-idf/mbedtls/mbedtls/library/CMakeFiles/mbedx509.dir/x509_create.c.obj
[645/1051] Building C object esp-idf/spi_flash/CMakeFiles/__idf_spi_flash.dir/spi_flash_chip_boya.c.obj
[581/1051] Building C object esp-idf/hal/CMakeFiles/__idf_hal.dir/temperature_sensor_hal.c.obj
[582/1051] Building C object esp-idf/hal/CMakeFiles/__idf_hal.dir/touch_sensor_hal.c.obj
[612/1051] Building ASM object esp-idf/esp_system/CMakeFiles/__idf_esp_system.dir/port/arch/xtensa/esp_ipc_isr_routines.S.obj
[537/1051] Building C object esp-idf/hal/CMakeFiles/__idf_hal.dir/mmu_hal.c.obj
[533/1051] Building C object esp-idf/hal/CMakeFiles/__idf_hal.dir/rtc_io_hal.c.obj
[646/1051] Building C object esp-idf/spi_flash/CMakeFiles/__idf_spi_flash.dir/spi_flash_chip_th.c.obj
[663/1049] Building C object esp-idf/spi_flash/CMakeFiles/__idf_spi_flash.dir/flash_ops.c.obj
[673/1051] Building C object esp-idf/bootloader_support/CMakeFiles/__idf_bootloader_support.dir/src/bootloader_common.c.obj
-- Generating done (12.0s)
[613/1051] Building ASM object esp-idf/esp_system/CMakeFiles/__idf_esp_system.dir/port/arch/xtensa/esp_ipc_isr_handler.S.obj
[664/1049] Building C object esp-idf/bootloader_support/CMakeFiles/__idf_bootloader_support.dir/src/bootloader_random_esp32s3.c.obj
[583/1051] Linking C static library esp-idf/newlib/libnewlib.a
[702/1051] Building C object esp-idf/mbedtls/mbedtls/library/CMakeFiles/mbedtls.dir/ssl_tls13_server.c.obj
[647/1051] Building C object esp-idf/esp_common/CMakeFiles/__idf_esp_common.dir/src/esp_err_to_name.c.obj
[584/1051] Building C object esp-idf/esp_rom/CMakeFiles/__idf_esp_rom.dir/patches/esp_rom_efuse.c.obj
[674/1051] Building C object esp-idf/bootloader_support/CMakeFiles/__idf_bootloader_support.dir/src/bootloader_common_loader.c.obj
[703/1051] Building C object esp-idf/bootloader_support/CMakeFiles/__idf_bootloader_support.dir/src/esp_image_format.c.obj
[534/1051] Building C object esp-idf/hal/CMakeFiles/__idf_hal.dir/uart_hal_iram.c.obj
[535/1051] Building C object esp-idf/hal/CMakeFiles/__idf_hal.dir/ledc_hal.c.obj
[564/1051] Building C object esp-idf/hal/CMakeFiles/__idf_hal.dir/twai_hal_sja1000.c.obj
[648/1051] Building C object esp-idf/spi_flash/CMakeFiles/__idf_spi_flash.dir/spi_flash_chip_gd.c.obj
[717/1051] Building C object esp-idf/mbedtls/mbedtls/library/CMakeFiles/mbedcrypto.dir/camellia.c.obj
[585/1051] Building C object esp-idf/hal/CMakeFiles/__idf_hal.dir/touch_sens_hal.c.obj
[536/1051] Building C object esp-idf/hal/CMakeFiles/__idf_hal.dir/rmt_hal.c.obj
[665/1049] Building C object esp-idf/spi_flash/CMakeFiles/__idf_spi_flash.dir/cache_utils.c.obj
[675/1051] Building C object esp-idf/bootloader_support/CMakeFiles/__idf_bootloader_support.dir/src/bootloader_utility.c.obj
[718/1051] Building C object esp-idf/mbedtls/mbedtls/library/CMakeFiles/mbedx509.dir/pkcs7.c.obj
[649/1051] Building C object esp-idf/spi_flash/CMakeFiles/__idf_spi_flash.dir/esp32s3/spi_flash_oct_flash_init.c.obj
[538/1051] Building C object esp-idf/hal/CMakeFiles/__idf_hal.dir/rmt_hal.c.obj
[586/1051] Building C object esp-idf/esp_rom/CMakeFiles/__idf_esp_rom.dir/patches/esp_rom_gpio.c.obj
[565/1051] Building C object esp-idf/hal/CMakeFiles/__idf_hal.dir/spi_slave_hal_iram.c.obj
[566/1051] Building C object esp-idf/hal/CMakeFiles/__idf_hal.dir/hmac_hal.c.obj
[719/1051] Building C object esp-idf/mbedtls/mbedtls/library/CMakeFiles/mbedcrypto.dir/base64.c.obj
[587/1051] Building C object esp-idf/esp_rom/CMakeFiles/__idf_esp_rom.dir/patches/esp_rom_systimer.c.obj
[567/1051] Linking C static library esp-idf/newlib/libnewlib.a
[182/1051] Building C object esp-idf/wpa_supplicant/CMakeFiles/__idf_wpa_supplicant.dir/src/rsn_supp/pmksa_cache.c.obj
[666/1049] Linking C static library esp-idf/esp_system/libesp_system.a
[537/1051] Building C object esp-idf/hal/CMakeFiles/__idf_hal.dir/mmu_hal.c.obj
[614/1051] Building ASM object esp-idf/esp_system/CMakeFiles/__idf_esp_system.dir/port/arch/xtensa/panic_handler_asm.S.obj
[588/1051] Building C object esp-idf/esp_system/CMakeFiles/__idf_esp_system.dir/esp_system_console.c.obj
[667/1049] Building C object esp-idf/esp_mm/CMakeFiles/__idf_esp_mm.dir/heap_align_hw.c.obj
[568/1051] Building C object esp-idf/hal/CMakeFiles/__idf_hal.dir/ds_hal.c.obj
[539/1051] Building C object esp-idf/hal/CMakeFiles/__idf_hal.dir/esp32s3/clk_tree_hal.c.obj
[676/1051] Building C object esp-idf/mbedtls/mbedtls/library/CMakeFiles/mbedtls.dir/mps_reader.c.obj
-- Build files have been written to: /home/tikhon/Документы/magnolia/applets/rust/rdd/build
[650/1051] Building C object esp-idf/spi_flash/CMakeFiles/__idf_spi_flash.dir/esp_flash_spi_init.c.obj
[720/1051] Building C object esp-idf/mbedtls/mbedtls/library/CMakeFiles/mbedcrypto.dir/block_cipher.c.obj
[668/1049] Building C object esp-idf/bootloader_support/CMakeFiles/__idf_bootloader_support.dir/src/bootloader_common.c.obj
[569/1051] Building C object esp-idf/hal/CMakeFiles/__idf_hal.dir/usb_serial_jtag_hal.c.obj
[651/1051] Building C object esp-idf/spi_flash/CMakeFiles/__idf_spi_flash.dir/spi_flash_chip_mxic.c.obj
[677/1051] Building C object esp-idf/bootloader_support/CMakeFiles/__idf_bootloader_support.dir/src/esp32s3/secure_boot_secure_features.c.obj
[721/1051] Building C object esp-idf/mbedtls/mbedtls/library/CMakeFiles/mbedcrypto.dir/bignum_mod.c.obj
[615/1051] Building C object esp-idf/esp_system/CMakeFiles/__idf_esp_system.dir/system_time.c.obj
[704/1051] Building C object esp-idf/mbedtls/mbedtls/library/CMakeFiles/mbedx509.dir/x509write.c.obj
[652/1051] Linking C static library esp-idf/esp_common/libesp_common.a
[678/1051] Building C object esp-idf/mbedtls/mbedtls/library/CMakeFiles/mbedtls.dir/debug.c.obj
[589/1051] Building C object esp-idf/hal/CMakeFiles/__idf_hal.dir/spi_hal_iram.c.obj
[722/1051] Building C object esp-idf/mbedtls/mbedtls/library/CMakeFiles/mbedtls.dir/ssl_msg.c.obj
[669/1049] Building C object esp-idf/spi_flash/CMakeFiles/__idf_spi_flash.dir/esp_flash_spi_init.c.obj
[616/1051] Building ASM object esp-idf/esp_system/CMakeFiles/__idf_esp_system.dir/port/arch/xtensa/expression_with_stack_asm.S.obj
[590/1051] Building C object esp-idf/hal/CMakeFiles/__idf_hal.dir/esp32s3/rtc_cntl_hal.c.obj
[540/1051] Building C object esp-idf/hal/CMakeFiles/__idf_hal.dir/pcnt_hal.c.obj
[723/1051] Building C object esp-idf/mbedtls/mbedtls/library/CMakeFiles/mbedcrypto.dir/asn1parse.c.obj
[183/1051] Building C object esp-idf/wpa_supplicant/CMakeFiles/__idf_wpa_supplicant.dir/esp_supplicant/src/esp_wpa2_api_port.c.obj
[670/1049] Building C object esp-idf/bootloader_support/CMakeFiles/__idf_bootloader_support.dir/src/bootloader_mem.c.obj
[705/1051] Building C object esp-idf/mbedtls/mbedtls/library/CMakeFiles/mbedx509.dir/x509write_crt.c.obj
[617/1051] Building C object esp-idf/esp_system/CMakeFiles/__idf_esp_system.dir/port/arch/xtensa/esp_ipc_isr_port.c.obj
[570/1051] Building C object esp-idf/hal/CMakeFiles/__idf_hal.dir/spi_slave_hal.c.obj
[541/1051] Building C object esp-idf/hal/CMakeFiles/__idf_hal.dir/timer_hal.c.obj
[591/1051] Building C object esp-idf/esp_rom/CMakeFiles/__idf_esp_rom.dir/patches/esp_rom_spiflash.c.obj
[679/1051] Building C object esp-idf/bootloader_support/CMakeFiles/__idf_bootloader_support.dir/src/flash_partitions.c.obj
[542/1051] Building C object esp-idf/hal/CMakeFiles/__idf_hal.dir/systimer_hal.c.obj
[706/1051] Building C object esp-idf/mbedtls/mbedtls/library/CMakeFiles/mbedx509.dir/x509write_csr.c.obj
[618/1051] Building ASM object esp-idf/esp_system/CMakeFiles/__idf_esp_system.dir/port/arch/xtensa/debug_helpers_asm.S.obj
[724/1051] Building C object esp-idf/mbedtls/mbedtls/library/CMakeFiles/mbedx509.dir/x509_crl.c.obj
[571/1051] Building C object esp-idf/hal/CMakeFiles/__idf_hal.dir/cam_hal.c.obj
[184/1051] Building C object esp-idf/wpa_supplicant/CMakeFiles/__idf_wpa_supplicant.dir/esp_supplicant/src/esp_common.c.obj
[671/1049] Building C object esp-idf/bootloader_support/CMakeFiles/__idf_bootloader_support.dir/src/bootloader_random.c.obj
[592/1051] Building C object esp-idf/esp_rom/CMakeFiles/__idf_esp_rom.dir/patches/esp_rom_serial_output.c.obj
[543/1051] Building C object esp-idf/hal/CMakeFiles/__idf_hal.dir/ledc_hal.c.obj
[707/1051] Building C object esp-idf/mbedtls/mbedtls/library/CMakeFiles/mbedcrypto.dir/aesce.c.obj
[725/1051] Building C object esp-idf/mbedtls/mbedtls/library/CMakeFiles/mbedcrypto.dir/chachapoly.c.obj
[672/1049] Building C object esp-idf/bootloader_support/CMakeFiles/__idf_bootloader_support.dir/bootloader_flash/src/bootloader_flash.c.obj
[185/1051] Building C object esp-idf/wpa_supplicant/CMakeFiles/__idf_wpa_supplicant.dir/src/common/sae.c.obj
[593/1051] Building C object esp-idf/esp_rom/CMakeFiles/__idf_esp_rom.dir/patches/esp_rom_wdt.c.obj
[708/1051] Building C object esp-idf/mbedtls/mbedtls/library/CMakeFiles/mbedcrypto.dir/aesni.c.obj
[544/1051] Building C object esp-idf/hal/CMakeFiles/__idf_hal.dir/gpio_hal.c.obj
[673/1049] Building C object esp-idf/bootloader_support/CMakeFiles/__idf_bootloader_support.dir/bootloader_flash/src/flash_qio_mode.c.obj
[594/1051] Building C object esp-idf/hal/CMakeFiles/__idf_hal.dir/esp32s3/touch_sensor_hal.c.obj
[619/1051] Building C object esp-idf/esp_system/CMakeFiles/__idf_esp_system.dir/port/esp_system_chip.c.obj
[620/1051] Building C object esp-idf/esp_system/CMakeFiles/__idf_esp_system.dir/xt_wdt.c.obj
[572/1051] Building C object esp-idf/esp_rom/CMakeFiles/__idf_esp_rom.dir/patches/esp_rom_crc.c.obj
[545/1051] Building C object esp-idf/hal/CMakeFiles/__idf_hal.dir/uhci_hal.c.obj
[726/1051] Building C object 'esp-idf/mbedtls/mbedtls/library/CMakeFiles/mbedtls.dir/home/tikhon/Документы/magnolia/esp-idf/components/mbedtls/port/net_sockets.c.obj'
[595/1051] Building C object esp-idf/esp_rom/CMakeFiles/__idf_esp_rom.dir/patches/esp_rom_print.c.obj
[680/1051] Building C object esp-idf/mbedtls/mbedtls/library/CMakeFiles/mbedtls.dir/mps_trace.c.obj
[350/1051] Building C object esp-idf/esp_driver_uart/CMakeFiles/__idf_esp_driver_uart.dir/src/uart_vfs.c.obj
[653/1051] Building C object esp-idf/spi_flash/CMakeFiles/__idf_spi_flash.dir/spi_flash_chip_winbond.c.obj
[621/1051] Building ASM object esp-idf/esp_system/CMakeFiles/__idf_esp_system.dir/port/soc/esp32s3/highint_hdl.S.obj
[681/1051] Building C object esp-idf/mbedtls/mbedtls/library/CMakeFiles/mbedtls.dir/ssl_ticket.c.obj
[654/1051] Building C object esp-idf/esp_mm/CMakeFiles/__idf_esp_mm.dir/port/esp32s3/ext_mem_layout.c.obj
[674/1049] Building C object esp-idf/esp_mm/CMakeFiles/__idf_esp_mm.dir/esp_cache_utils.c.obj
[538/1051] Building C object esp-idf/hal/CMakeFiles/__idf_hal.dir/systimer_hal.c.obj
[596/1051] Linking C static library esp-idf/freertos/libfreertos.a
[622/1051] Linking C static library esp-idf/hal/libhal.a
[597/1051] Building C object esp-idf/esp_rom/CMakeFiles/__idf_esp_rom.dir/patches/esp_rom_cache_esp32s2_esp32s3.c.obj
[546/1051] Building C object esp-idf/hal/CMakeFiles/__idf_hal.dir/gdma_hal_top.c.obj
[682/1051] Building C object esp-idf/bootloader_support/CMakeFiles/__idf_bootloader_support.dir/src/flash_encrypt.c.obj
[598/1051] Building C object esp-idf/esp_system/CMakeFiles/__idf_esp_system.dir/esp_err.c.obj
[709/1051] Linking C static library esp-idf/bootloader_support/libbootloader_support.a
[539/1051] Building C object esp-idf/hal/CMakeFiles/__idf_hal.dir/cache_hal.c.obj
[573/1051] Building C object esp-idf/hal/CMakeFiles/__idf_hal.dir/spi_hal.c.obj
[683/1051] Building C object esp-idf/bootloader_support/CMakeFiles/__idf_bootloader_support.dir/src/bootloader_random_esp32s3.c.obj
[540/1051] Building C object esp-idf/hal/CMakeFiles/__idf_hal.dir/pcnt_hal.c.obj
[623/1051] Building C object esp-idf/esp_system/CMakeFiles/__idf_esp_system.dir/port/arch/xtensa/panic_arch.c.obj
[547/1051] Building C object esp-idf/hal/CMakeFiles/__idf_hal.dir/rtc_io_hal.c.obj
[675/1049] Building C object esp-idf/bootloader_support/CMakeFiles/__idf_bootloader_support.dir/src/bootloader_efuse.c.obj
[574/1051] Building C object esp-idf/hal/CMakeFiles/__idf_hal.dir/spi_flash_hal_gpspi.c.obj
[599/1051] Building C object esp-idf/esp_system/CMakeFiles/__idf_esp_system.dir/esp_system.c.obj
[548/1051] Building C object esp-idf/hal/CMakeFiles/__idf_hal.dir/spi_flash_hal.c.obj
[727/1051] Building C object esp-idf/mbedtls/mbedtls/library/CMakeFiles/mbedcrypto.dir/ecdsa.c.obj
[541/1051] Building C object esp-idf/hal/CMakeFiles/__idf_hal.dir/ledc_hal_iram.c.obj
[624/1051] Building C object esp-idf/esp_system/CMakeFiles/__idf_esp_system.dir/port/panic_handler.c.obj
[575/1051] Building C object esp-idf/hal/CMakeFiles/__idf_hal.dir/usb_wrap_hal.c.obj
[676/1049] Building C object esp-idf/bootloader_support/CMakeFiles/__idf_bootloader_support.dir/src/flash_partitions.c.obj
[684/1051] Building C object esp-idf/mbedtls/mbedtls/library/CMakeFiles/mbedtls.dir/ssl_cookie.c.obj
[600/1051] Building C object esp-idf/esp_system/CMakeFiles/__idf_esp_system.dir/panic.c.obj
[655/1051] Building C object esp-idf/esp_system/CMakeFiles/__idf_esp_system.dir/port/soc/esp32s3/cache_err_int.c.obj
[576/1051] Building C object esp-idf/esp_rom/CMakeFiles/__idf_esp_rom.dir/patches/esp_rom_sys.c.obj
[625/1051] Building C object esp-idf/esp_system/CMakeFiles/__idf_esp_system.dir/port/image_process.c.obj
[549/1051] Building C object esp-idf/hal/CMakeFiles/__idf_hal.dir/sdm_hal.c.obj
[542/1051] Building C object esp-idf/hal/CMakeFiles/__idf_hal.dir/i2c_hal_iram.c.obj
[577/1051] Building C object esp-idf/hal/CMakeFiles/__idf_hal.dir/touch_sensor_hal.c.obj
[550/1051] Building C object esp-idf/hal/CMakeFiles/__idf_hal.dir/uart_hal.c.obj
[677/1049] Building C object esp-idf/mbedtls/mbedtls/library/CMakeFiles/mbedtls.dir/mps_reader.c.obj
[578/1051] Linking C static library esp-idf/freertos/libfreertos.a
[543/1051] Building C object esp-idf/hal/CMakeFiles/__idf_hal.dir/esp32s3/clk_tree_hal.c.obj
[551/1051] Building C object esp-idf/hal/CMakeFiles/__idf_hal.dir/mcpwm_hal.c.obj
[626/1051] Building C object esp-idf/esp_system/CMakeFiles/__idf_esp_system.dir/startup_funcs.c.obj
[728/1051] Building C object esp-idf/mbedtls/mbedtls/library/CMakeFiles/mbedcrypto.dir/chacha20.c.obj
[678/1049] Building C object esp-idf/bootloader_support/CMakeFiles/__idf_bootloader_support.dir/src/esp_image_format.c.obj
[544/1051] Building C object esp-idf/hal/CMakeFiles/__idf_hal.dir/i2c_hal.c.obj
[579/1051] Building C object esp-idf/hal/CMakeFiles/__idf_hal.dir/adc_hal.c.obj
[656/1051] Building C object esp-idf/bootloader_support/CMakeFiles/__idf_bootloader_support.dir/src/bootloader_mem.c.obj
[679/1049] Building C object esp-idf/mbedtls/mbedtls/library/CMakeFiles/mbedtls.dir/debug.c.obj
[685/1051] Building C object esp-idf/bootloader_support/CMakeFiles/__idf_bootloader_support.dir/bootloader_flash/src/flash_qio_mode.c.obj
[580/1051] Building C object esp-idf/esp_rom/CMakeFiles/__idf_esp_rom.dir/patches/esp_rom_spiflash.c.obj
[729/1051] Building C object esp-idf/mbedtls/mbedtls/library/CMakeFiles/mbedtls.dir/ssl_tls12_client.c.obj
[680/1049] Building C object esp-idf/esp_mm/CMakeFiles/__idf_esp_mm.dir/esp_cache_msync.c.obj
[545/1051] Building C object esp-idf/hal/CMakeFiles/__idf_hal.dir/spi_flash_hal.c.obj
[581/1051] Building C object esp-idf/esp_rom/CMakeFiles/__idf_esp_rom.dir/patches/esp_rom_gpio.c.obj
[601/1051] Building C object esp-idf/esp_system/CMakeFiles/__idf_esp_system.dir/system_time.c.obj
[552/1051] Building C object esp-idf/hal/CMakeFiles/__idf_hal.dir/brownout_hal.c.obj
[582/1051] Building C object esp-idf/esp_rom/CMakeFiles/__idf_esp_rom.dir/patches/esp_rom_systimer.c.obj
[681/1049] Linking C static library esp-idf/spi_flash/libspi_flash.a
[686/1051] Building C object esp-idf/esp_mm/CMakeFiles/__idf_esp_mm.dir/esp_mmu_map.c.obj
[583/1051] Building C object esp-idf/hal/CMakeFiles/__idf_hal.dir/xt_wdt_hal.c.obj
[602/1051] Building C object esp-idf/esp_system/CMakeFiles/__idf_esp_system.dir/stack_check.c.obj
[553/1051] Building C object esp-idf/hal/CMakeFiles/__idf_hal.dir/gdma_hal_ahb_v1.c.obj
[546/1051] Building C object esp-idf/hal/CMakeFiles/__idf_hal.dir/gpio_hal.c.obj
[627/1051] Building C object esp-idf/esp_system/CMakeFiles/__idf_esp_system.dir/port/arch/xtensa/debug_stubs.c.obj
[351/1051] Building C object esp-idf/esp_driver_gptimer/CMakeFiles/__idf_esp_driver_gptimer.dir/src/gptimer_common.c.obj
[682/1049] Building C object esp-idf/mbedtls/mbedtls/library/CMakeFiles/mbedtls.dir/mps_trace.c.obj
[547/1051] Building C object esp-idf/hal/CMakeFiles/__idf_hal.dir/uhci_hal.c.obj
[584/1051] Building ASM object esp-idf/esp_rom/CMakeFiles/__idf_esp_rom.dir/patches/esp_rom_longjmp.S.obj
[730/1051] Building C object esp-idf/mbedtls/mbedtls/library/CMakeFiles/mbedcrypto.dir/des.c.obj
[548/1051] Building C object esp-idf/hal/CMakeFiles/__idf_hal.dir/gdma_hal_top.c.obj
[186/1051] Building C object esp-idf/wpa_supplicant/CMakeFiles/__idf_wpa_supplicant.dir/src/wps/wps_attr_process.c.obj
[710/1051] Building C object esp-idf/mbedtls/mbedtls/library/CMakeFiles/mbedx509.dir/pkcs7.c.obj
[628/1051] Building C object esp-idf/esp_system/CMakeFiles/__idf_esp_system.dir/panic.c.obj
[554/1051] Building C object esp-idf/hal/CMakeFiles/__idf_hal.dir/sdmmc_hal.c.obj
[683/1049] Building C object esp-idf/mbedtls/mbedtls/library/CMakeFiles/mbedtls.dir/ssl_cookie.c.obj
[629/1051] Linking C static library esp-idf/esp_rom/libesp_rom.a
[711/1051] Building C object esp-idf/mbedtls/mbedtls/library/CMakeFiles/mbedcrypto.dir/aes.c.obj
[585/1051] Building ASM object esp-idf/esp_rom/CMakeFiles/__idf_esp_rom.dir/patches/esp_rom_cache_writeback_esp32s3.S.obj
[187/1051] Building C object esp-idf/wpa_supplicant/CMakeFiles/__idf_wpa_supplicant.dir/src/wps/wps_attr_parse.c.obj
[549/1051] Building C object esp-idf/hal/CMakeFiles/__idf_hal.dir/sdm_hal.c.obj
[555/1051] Building C object esp-idf/esp_hw_support/CMakeFiles/__idf_esp_hw_support.dir/port/esp32s3/esp_memprot.c.obj
[657/1051] Building C object esp-idf/spi_flash/CMakeFiles/__idf_spi_flash.dir/spi_flash_os_func_noos.c.obj
[550/1051] Building C object esp-idf/hal/CMakeFiles/__idf_hal.dir/spi_flash_hal_iram.c.obj
[586/1051] Building C object esp-idf/esp_rom/CMakeFiles/__idf_esp_rom.dir/patches/esp_rom_efuse.c.obj
[731/1051] Building C object esp-idf/mbedtls/mbedtls/library/CMakeFiles/mbedcrypto.dir/ecjpake.c.obj
[684/1049] Building C object esp-idf/bootloader_support/CMakeFiles/__idf_bootloader_support.dir/src/secure_boot.c.obj
[556/1051] Building C object esp-idf/hal/CMakeFiles/__idf_hal.dir/i2s_hal.c.obj
[687/1051] Building C object esp-idf/bootloader_support/CMakeFiles/__idf_bootloader_support.dir/src/bootloader_sha.c.obj
[188/1051] Building C object esp-idf/wpa_supplicant/CMakeFiles/__idf_wpa_supplicant.dir/src/utils/json.c.obj
[557/1051] Building C object esp-idf/hal/CMakeFiles/__idf_hal.dir/i2c_hal.c.obj
[630/1051] Building C object esp-idf/spi_flash/CMakeFiles/__idf_spi_flash.dir/flash_brownout_hook.c.obj
[688/1051] Building C object esp-idf/bootloader_support/CMakeFiles/__idf_bootloader_support.dir/bootloader_flash/src/bootloader_flash_config_esp32s3.c.obj
[587/1051] Building C object esp-idf/hal/CMakeFiles/__idf_hal.dir/temperature_sensor_hal.c.obj
[551/1051] Building C object esp-idf/hal/CMakeFiles/__idf_hal.dir/uart_hal.c.obj
[603/1051] Building C object esp-idf/esp_system/CMakeFiles/__idf_esp_system.dir/esp_ipc.c.obj
[658/1051] Building C object esp-idf/spi_flash/CMakeFiles/__idf_spi_flash.dir/spi_flash_chip_mxic_opi.c.obj
[685/1049] Building C object esp-idf/bootloader_support/CMakeFiles/__idf_bootloader_support.dir/src/esp32s3/secure_boot_secure_features.c.obj
[631/1051] Building C object esp-idf/esp_system/CMakeFiles/__idf_esp_system.dir/port/arch/xtensa/trax.c.obj
[604/1051] Building C object esp-idf/esp_system/CMakeFiles/__idf_esp_system.dir/startup.c.obj
[689/1051] Building C object esp-idf/mbedtls/mbedtls/library/CMakeFiles/mbedtls.dir/ssl_tls13_client.c.obj
[632/1051] Building C object esp-idf/esp_system/CMakeFiles/__idf_esp_system.dir/port/arch/xtensa/expression_with_stack.c.obj
[605/1051] Building C object esp-idf/esp_system/CMakeFiles/__idf_esp_system.dir/port/esp_ipc_isr.c.obj
[659/1051] Building C object esp-idf/spi_flash/CMakeFiles/__idf_spi_flash.dir/spi_flash_wrap.c.obj
[686/1049] Building C object esp-idf/mbedtls/mbedtls/library/CMakeFiles/mbedtls.dir/ssl_tls13_keys.c.obj
[687/1049] Building C object esp-idf/bootloader_support/CMakeFiles/__idf_bootloader_support.dir/src/bootloader_common_loader.c.obj
[660/1051] Building C object esp-idf/spi_flash/CMakeFiles/__idf_spi_flash.dir/flash_mmap.c.obj
[690/1051] Building C object esp-idf/mbedtls/mbedtls/library/CMakeFiles/mbedtls.dir/ssl_tls13_server.c.obj
[712/1051] Building C object esp-idf/mbedtls/mbedtls/library/CMakeFiles/mbedtls.dir/ssl_ticket.c.obj
[606/1051] Building C object esp-idf/esp_system/CMakeFiles/__idf_esp_system.dir/crosscore_int.c.obj
[732/1051] Building C object esp-idf/mbedtls/mbedtls/library/CMakeFiles/mbedcrypto.dir/constant_time.c.obj
-- Build files have been written to: /home/tikhon/Документы/magnolia/applets/rust/rhexdump/build
[588/1051] Building C object esp-idf/hal/CMakeFiles/__idf_hal.dir/touch_sens_hal.c.obj
[688/1049] Building C object esp-idf/mbedtls/mbedtls/library/CMakeFiles/mbedtls.dir/ssl_client.c.obj
[633/1051] Building C object esp-idf/esp_system/CMakeFiles/__idf_esp_system.dir/port/arch/xtensa/debug_helpers.c.obj
[661/1051] Building C object esp-idf/esp_mm/CMakeFiles/__idf_esp_mm.dir/heap_align_hw.c.obj
[189/1051] Building C object esp-idf/wpa_supplicant/CMakeFiles/__idf_wpa_supplicant.dir/src/wps/wps_dev_attr.c.obj
[691/1051] Building C object esp-idf/mbedtls/mbedtls/library/CMakeFiles/mbedtls.dir/ssl_tls13_keys.c.obj
[692/1051] Building C object esp-idf/spi_flash/CMakeFiles/__idf_spi_flash.dir/esp_flash_api.c.obj
[190/1051] Building C object esp-idf/wpa_supplicant/CMakeFiles/__idf_wpa_supplicant.dir/src/wps/wps_common.c.obj
[589/1051] Building C object esp-idf/esp_rom/CMakeFiles/__idf_esp_rom.dir/patches/esp_rom_print.c.obj
[634/1051] Building C object esp-idf/esp_system/CMakeFiles/__idf_esp_system.dir/task_wdt/task_wdt_impl_timergroup.c.obj
[558/1051] Building C object esp-idf/hal/CMakeFiles/__idf_hal.dir/spi_slave_hd_hal.c.obj
[559/1051] Building C object esp-idf/hal/CMakeFiles/__idf_hal.dir/spi_slave_hal.c.obj
[552/1051] Building C object esp-idf/hal/CMakeFiles/__idf_hal.dir/mcpwm_hal.c.obj
[607/1051] Building C object esp-idf/esp_system/CMakeFiles/__idf_esp_system.dir/freertos_hooks.c.obj
[352/1051] Building C object esp-idf/esp_timer/CMakeFiles/__idf_esp_timer.dir/src/ets_timer_legacy.c.obj
[662/1051] Linking C static library esp-idf/esp_system/libesp_system.a
[635/1051] Building C object esp-idf/spi_flash/CMakeFiles/__idf_spi_flash.dir/spi_flash_chip_mxic.c.obj
[608/1051] Building ASM object esp-idf/esp_system/CMakeFiles/__idf_esp_system.dir/port/arch/xtensa/panic_handler_asm.S.obj
[590/1051] Building C object esp-idf/esp_rom/CMakeFiles/__idf_esp_rom.dir/patches/esp_rom_wdt.c.obj
[663/1051] Building C object esp-idf/spi_flash/CMakeFiles/__idf_spi_flash.dir/memspi_host_driver.c.obj
[591/1051] Building C object esp-idf/esp_system/CMakeFiles/__idf_esp_system.dir/esp_system_console.c.obj
[553/1051] Building C object esp-idf/hal/CMakeFiles/__idf_hal.dir/sdmmc_hal.c.obj
[636/1051] Building C object esp-idf/esp_system/CMakeFiles/__idf_esp_system.dir/port/soc/esp32s3/reset_reason.c.obj
[609/1051] Building C object esp-idf/esp_system/CMakeFiles/__idf_esp_system.dir/ubsan.c.obj
[664/1051] Building C object esp-idf/esp_mm/CMakeFiles/__idf_esp_mm.dir/esp_cache_utils.c.obj
[560/1051] Building C object esp-idf/hal/CMakeFiles/__idf_hal.dir/lcd_hal.c.obj
[592/1051] Building C object esp-idf/esp_rom/CMakeFiles/__idf_esp_rom.dir/patches/esp_rom_serial_output.c.obj
[689/1049] Building C object esp-idf/mbedtls/mbedtls/library/CMakeFiles/mbedtls.dir/ssl_debug_helpers_generated.c.obj
[693/1051] Building C object esp-idf/mbedtls/mbedtls/library/CMakeFiles/mbedtls.dir/ssl_debug_helpers_generated.c.obj
[191/1051] Building C object esp-idf/wpa_supplicant/CMakeFiles/__idf_wpa_supplicant.dir/src/wps/wps.c.obj
[353/1051] Building C object esp-idf/esp_timer/CMakeFiles/__idf_esp_timer.dir/src/esp_timer_init.c.obj
[733/1051] Building C object esp-idf/mbedtls/mbedtls/library/CMakeFiles/mbedcrypto.dir/ecp_curves_new.c.obj
[694/1051] Building C object esp-idf/bootloader_support/CMakeFiles/__idf_bootloader_support.dir/bootloader_flash/src/bootloader_flash.c.obj
[695/1051] Building C object esp-idf/mbedtls/mbedtls/library/CMakeFiles/mbedtls.dir/ssl_tls13_generic.c.obj
[192/1051] Building C object esp-idf/wpa_supplicant/CMakeFiles/__idf_wpa_supplicant.dir/src/wps/wps_attr_build.c.obj
[610/1051] Building ASM object esp-idf/esp_system/CMakeFiles/__idf_esp_system.dir/port/arch/xtensa/esp_ipc_isr_routines.S.obj
[665/1051] Building C object esp-idf/bootloader_support/CMakeFiles/__idf_bootloader_support.dir/src/bootloader_clock_init.c.obj
[637/1051] Building C object esp-idf/spi_flash/CMakeFiles/__idf_spi_flash.dir/spi_flash_chip_gd.c.obj
[690/1049] Building C object esp-idf/bootloader_support/CMakeFiles/__idf_bootloader_support.dir/src/bootloader_sha.c.obj
[561/1051] Building C object esp-idf/hal/CMakeFiles/__idf_hal.dir/hmac_hal.c.obj
[691/1049] Building C object esp-idf/bootloader_support/CMakeFiles/__idf_bootloader_support.dir/bootloader_flash/src/bootloader_flash_config_esp32s3.c.obj
[593/1051] Linking C static library esp-idf/esp_hw_support/libesp_hw_support.a
[193/1051] Building C object esp-idf/wpa_supplicant/CMakeFiles/__idf_wpa_supplicant.dir/esp_supplicant/src/crypto/crypto_mbedtls-bignum.c.obj
[734/1051] Building C object esp-idf/mbedtls/mbedtls/library/CMakeFiles/mbedcrypto.dir/cipher_wrap.c.obj
[638/1051] Building C object esp-idf/esp_system/CMakeFiles/__idf_esp_system.dir/port/soc/esp32s3/clk.c.obj
[611/1051] Linking C static library esp-idf/esp_hw_support/libesp_hw_support.a
[735/1051] Building C object esp-idf/mbedtls/mbedtls/library/CMakeFiles/mbedcrypto.dir/aria.c.obj
[639/1051] Building C object esp-idf/spi_flash/CMakeFiles/__idf_spi_flash.dir/spi_flash_chip_issi.c.obj
[666/1051] Building C object esp-idf/spi_flash/CMakeFiles/__idf_spi_flash.dir/flash_ops.c.obj
[594/1051] Building C object esp-idf/hal/CMakeFiles/__idf_hal.dir/esp32s3/rtc_cntl_hal.c.obj
[562/1051] Building C object esp-idf/hal/CMakeFiles/__idf_hal.dir/aes_hal.c.obj
[354/1051] Building C object esp-idf/esp_timer/CMakeFiles/__idf_esp_timer.dir/src/system_time.c.obj
[736/1051] Building C object esp-idf/mbedtls/mbedtls/library/CMakeFiles/mbedcrypto.dir/ccm.c.obj
[713/1051] Building C object 'esp-idf/mbedtls/mbedtls/library/CMakeFiles/mbedtls.dir/home/tikhon/Документы/magnolia/esp-idf/components/mbedtls/port/net_sockets.c.obj'
[612/1051] Building ASM object esp-idf/esp_system/CMakeFiles/__idf_esp_system.dir/port/arch/xtensa/expression_with_stack_asm.S.obj
[714/1051] Building C object esp-idf/mbedtls/mbedtls/library/CMakeFiles/mbedcrypto.dir/bignum_mod.c.obj
[595/1051] Building C object esp-idf/esp_system/CMakeFiles/__idf_esp_system.dir/panic.c.obj
[696/1051] Building C object esp-idf/mbedtls/mbedtls/library/CMakeFiles/mbedtls.dir/ssl_cache.c.obj
[692/1049] Building C object esp-idf/mbedtls/mbedtls/library/CMakeFiles/mbedtls.dir/ssl_tls13_server.c.obj
[715/1051] Building C object esp-idf/mbedtls/mbedtls/library/CMakeFiles/mbedcrypto.dir/asn1parse.c.obj
[667/1051] Building C object esp-idf/bootloader_support/CMakeFiles/__idf_bootloader_support.dir/src/bootloader_random.c.obj
[194/1051] Building C object esp-idf/wpa_supplicant/CMakeFiles/__idf_wpa_supplicant.dir/esp_supplicant/src/esp_owe.c.obj
[716/1051] Building C object esp-idf/mbedtls/mbedtls/library/CMakeFiles/mbedcrypto.dir/bignum_mod_raw.c.obj
[554/1051] Building C object esp-idf/hal/CMakeFiles/__idf_hal.dir/gdma_hal_ahb_v1.c.obj
[596/1051] Building C object esp-idf/esp_rom/CMakeFiles/__idf_esp_rom.dir/patches/esp_rom_cache_esp32s2_esp32s3.c.obj
[640/1051] Building C object esp-idf/esp_common/CMakeFiles/__idf_esp_common.dir/src/esp_err_to_name.c.obj
[693/1049] Building C object esp-idf/mbedtls/mbedtls/library/CMakeFiles/mbedtls.dir/ssl_tls13_client.c.obj
[697/1051] Building C object esp-idf/mbedtls/mbedtls/library/CMakeFiles/mbedtls.dir/ssl_ciphersuites.c.obj
[563/1051] Building C object esp-idf/hal/CMakeFiles/__idf_hal.dir/mpi_hal.c.obj
[597/1051] Building C object esp-idf/esp_system/CMakeFiles/__idf_esp_system.dir/system_time.c.obj
[717/1051] Building C object esp-idf/mbedtls/mbedtls/library/CMakeFiles/mbedx509.dir/x509_csr.c.obj
[641/1051] Building C object esp-idf/esp_system/CMakeFiles/__idf_esp_system.dir/port/soc/esp32s3/apb_backup_dma.c.obj
[698/1051] Building C object esp-idf/mbedtls/mbedtls/library/CMakeFiles/mbedx509.dir/x509_create.c.obj
[718/1051] Building C object esp-idf/mbedtls/mbedtls/library/CMakeFiles/mbedcrypto.dir/base64.c.obj
[737/1051] Building C object esp-idf/mbedtls/mbedtls/library/CMakeFiles/mbedcrypto.dir/ecdh.c.obj
[564/1051] Building C object esp-idf/hal/CMakeFiles/__idf_hal.dir/spi_hal.c.obj
[613/1051] Building ASM object esp-idf/esp_system/CMakeFiles/__idf_esp_system.dir/port/arch/xtensa/esp_ipc_isr_handler.S.obj
[668/1051] Building C object esp-idf/bootloader_support/CMakeFiles/__idf_bootloader_support.dir/src/flash_encrypt.c.obj
[598/1051] Building C object esp-idf/esp_common/CMakeFiles/__idf_esp_common.dir/src/esp_err_to_name.c.obj
[694/1049] Building C object esp-idf/mbedtls/mbedtls/library/CMakeFiles/mbedtls.dir/ssl_tls13_generic.c.obj
[614/1051] Building ASM object esp-idf/esp_system/CMakeFiles/__idf_esp_system.dir/port/arch/xtensa/debug_helpers_asm.S.obj
[669/1051] Building C object esp-idf/bootloader_support/CMakeFiles/__idf_bootloader_support.dir/src/bootloader_random_esp32s3.c.obj
[699/1051] Linking C static library esp-idf/spi_flash/libspi_flash.a
[719/1051] Building C object esp-idf/mbedtls/mbedtls/library/CMakeFiles/mbedcrypto.dir/chachapoly.c.obj
[642/1051] Building C object esp-idf/spi_flash/CMakeFiles/__idf_spi_flash.dir/spi_flash_chip_drivers.c.obj
[615/1051] Building C object esp-idf/esp_system/CMakeFiles/__idf_esp_system.dir/port/image_process.c.obj
[555/1051] Building C object esp-idf/hal/CMakeFiles/__idf_hal.dir/lcd_hal.c.obj
[565/1051] Building C object esp-idf/hal/CMakeFiles/__idf_hal.dir/sha_hal.c.obj
[599/1051] Building C object esp-idf/esp_system/CMakeFiles/__idf_esp_system.dir/int_wdt.c.obj
[720/1051] Building C object esp-idf/mbedtls/mbedtls/library/CMakeFiles/mbedx509.dir/x509_crl.c.obj
[616/1051] Building C object esp-idf/esp_system/CMakeFiles/__idf_esp_system.dir/port/arch/xtensa/debug_stubs.c.obj
[600/1051] Building C object esp-idf/esp_system/CMakeFiles/__idf_esp_system.dir/esp_err.c.obj
[617/1051] Building C object esp-idf/esp_system/CMakeFiles/__idf_esp_system.dir/port/arch/xtensa/esp_ipc_isr_port.c.obj
[700/1051] Building C object esp-idf/mbedtls/mbedtls/library/CMakeFiles/mbedx509.dir/x509write.c.obj
[601/1051] Building C object esp-idf/esp_system/CMakeFiles/__idf_esp_system.dir/ubsan.c.obj
[643/1051] Building C object esp-idf/spi_flash/CMakeFiles/__idf_spi_flash.dir/spi_flash_hpm_enable.c.obj
[618/1051] Building C object esp-idf/esp_system/CMakeFiles/__idf_esp_system.dir/port/arch/xtensa/trax.c.obj
[670/1051] Building C object esp-idf/bootloader_support/CMakeFiles/__idf_bootloader_support.dir/src/esp32s3/secure_boot_secure_features.c.obj
[602/1051] Building C object esp-idf/hal/CMakeFiles/__idf_hal.dir/spi_hal_iram.c.obj
[695/1049] Building C object 'esp-idf/mbedtls/mbedtls/library/CMakeFiles/mbedtls.dir/home/tikhon/Документы/magnolia/esp-idf/components/mbedtls/port/esp_platform_time.c.obj'
[619/1051] Building C object esp-idf/esp_system/CMakeFiles/__idf_esp_system.dir/port/esp_system_chip.c.obj
[603/1051] Building C object esp-idf/esp_system/CMakeFiles/__idf_esp_system.dir/stack_check.c.obj
[671/1051] Building C object esp-idf/bootloader_support/CMakeFiles/__idf_bootloader_support.dir/src/bootloader_common.c.obj
[556/1051] Building C object esp-idf/hal/CMakeFiles/__idf_hal.dir/brownout_hal.c.obj
[738/1051] Building C object esp-idf/mbedtls/mbedtls/library/CMakeFiles/mbedcrypto.dir/lmots.c.obj
[644/1051] Linking C static library esp-idf/esp_common/libesp_common.a
[721/1051] Building C object esp-idf/mbedtls/mbedtls/library/CMakeFiles/mbedcrypto.dir/asn1write.c.obj
[566/1051] Building C object esp-idf/hal/CMakeFiles/__idf_hal.dir/usb_serial_jtag_hal.c.obj
[355/1051] Building C object esp-idf/esp_driver_uart/CMakeFiles/__idf_esp_driver_uart.dir/src/uhci.c.obj
[557/1051] Building C object esp-idf/hal/CMakeFiles/__idf_hal.dir/aes_hal.c.obj
[696/1049] Building C object esp-idf/mbedtls/mbedtls/library/CMakeFiles/mbedx509.dir/x509_create.c.obj
[701/1051] Building C object 'esp-idf/mbedtls/mbedtls/library/CMakeFiles/mbedtls.dir/home/tikhon/Документы/magnolia/esp-idf/components/mbedtls/port/esp_platform_time.c.obj'
[604/1051] Linking C static library esp-idf/soc/libsoc.a
[645/1051] Building C object esp-idf/spi_flash/CMakeFiles/__idf_spi_flash.dir/spi_flash_chip_boya.c.obj
[558/1051] Building C object esp-idf/hal/CMakeFiles/__idf_hal.dir/mpi_hal.c.obj
[195/1051] Building C object esp-idf/wpa_supplicant/CMakeFiles/__idf_wpa_supplicant.dir/esp_supplicant/src/crypto/fastpsk.c.obj
[702/1051] Linking C static library esp-idf/esp_mm/libesp_mm.a
[646/1051] Building C object esp-idf/esp_system/CMakeFiles/__idf_esp_system.dir/task_wdt/task_wdt.c.obj
[567/1051] Building C object esp-idf/hal/CMakeFiles/__idf_hal.dir/usb_dwc_hal.c.obj
[672/1051] Building C object esp-idf/spi_flash/CMakeFiles/__idf_spi_flash.dir/cache_utils.c.obj
[559/1051] Building C object esp-idf/hal/CMakeFiles/__idf_hal.dir/ds_hal.c.obj
[739/1051] Building C object esp-idf/mbedtls/mbedtls/library/CMakeFiles/mbedcrypto.dir/dhm.c.obj
[196/1051] Building C object esp-idf/wpa_supplicant/CMakeFiles/__idf_wpa_supplicant.dir/src/common/sae_pk.c.obj
[722/1051] Building C object esp-idf/mbedtls/mbedtls/library/CMakeFiles/mbedcrypto.dir/block_cipher.c.obj
[673/1051] Building C object esp-idf/esp_mm/CMakeFiles/__idf_esp_mm.dir/esp_cache_msync.c.obj
[703/1051] Building C object esp-idf/mbedtls/mbedtls/library/CMakeFiles/mbedx509.dir/x509write_crt.c.obj
[356/1051] Building C object esp-idf/esp_timer/CMakeFiles/__idf_esp_timer.dir/src/esp_timer.c.obj
[605/1051] Building C object esp-idf/hal/CMakeFiles/__idf_hal.dir/usb_dwc_hal.c.obj
[647/1051] Building C object esp-idf/esp_system/CMakeFiles/__idf_esp_system.dir/port/soc/esp32s3/cache_err_int.c.obj
[723/1051] Building C object esp-idf/mbedtls/mbedtls/library/CMakeFiles/mbedcrypto.dir/chacha20.c.obj
[674/1051] Building C object esp-idf/bootloader_support/CMakeFiles/__idf_bootloader_support.dir/src/bootloader_common_loader.c.obj
[740/1051] Building C object esp-idf/mbedtls/mbedtls/library/CMakeFiles/mbedcrypto.dir/entropy_poll.c.obj
[620/1051] Building C object esp-idf/esp_system/CMakeFiles/__idf_esp_system.dir/int_wdt.c.obj
[697/1049] Building C object esp-idf/esp_mm/CMakeFiles/__idf_esp_mm.dir/esp_mmu_map.c.obj
[675/1051] Building C object esp-idf/bootloader_support/CMakeFiles/__idf_bootloader_support.dir/src/bootloader_sha.c.obj
[606/1051] Building C object esp-idf/esp_system/CMakeFiles/__idf_esp_system.dir/port/esp_system_chip.c.obj
[741/1051] Building C object esp-idf/mbedtls/mbedtls/library/CMakeFiles/mbedcrypto.dir/lms.c.obj
[648/1051] Building C object esp-idf/spi_flash/CMakeFiles/__idf_spi_flash.dir/spi_flash_wrap.c.obj
[357/1051] Building C object esp-idf/esp_ringbuf/CMakeFiles/__idf_esp_ringbuf.dir/ringbuf.c.obj
[197/1051] Building C object esp-idf/wpa_supplicant/CMakeFiles/__idf_wpa_supplicant.dir/src/eap_peer/eap_fast.c.obj
[724/1051] Building C object esp-idf/mbedtls/mbedtls/library/CMakeFiles/mbedcrypto.dir/camellia.c.obj
[698/1049] Building C object esp-idf/mbedtls/mbedtls/library/CMakeFiles/mbedtls.dir/ssl_msg.c.obj
[621/1051] Linking C static library esp-idf/soc/libsoc.a
[676/1051] Building C object esp-idf/spi_flash/CMakeFiles/__idf_spi_flash.dir/spi_flash_os_func_app.c.obj
[649/1051] Building C object esp-idf/spi_flash/CMakeFiles/__idf_spi_flash.dir/spi_flash_chip_th.c.obj
[568/1051] Building C object esp-idf/hal/CMakeFiles/__idf_hal.dir/ds_hal.c.obj
[622/1051] Building ASM object esp-idf/esp_system/CMakeFiles/__idf_esp_system.dir/port/soc/esp32s3/highint_hdl.S.obj
[560/1051] Building C object esp-idf/esp_hw_support/CMakeFiles/__idf_esp_hw_support.dir/port/esp32s3/esp_memprot.c.obj
[677/1051] Building C object esp-idf/bootloader_support/CMakeFiles/__idf_bootloader_support.dir/src/bootloader_efuse.c.obj
[725/1051] Building C object esp-idf/mbedtls/mbedtls/library/CMakeFiles/mbedcrypto.dir/des.c.obj
[678/1051] Building C object esp-idf/mbedtls/mbedtls/library/CMakeFiles/mbedtls.dir/debug.c.obj
[742/1051] Building C object esp-idf/mbedtls/mbedtls/library/CMakeFiles/mbedcrypto.dir/hkdf.c.obj
[650/1051] Building C object esp-idf/spi_flash/CMakeFiles/__idf_spi_flash.dir/esp32s3/spi_flash_oct_flash_init.c.obj
[607/1051] Building C object esp-idf/esp_system/CMakeFiles/__idf_esp_system.dir/port/esp_ipc_isr.c.obj
[561/1051] Building C object esp-idf/hal/CMakeFiles/__idf_hal.dir/spi_slave_hal.c.obj
[623/1051] Building C object esp-idf/esp_system/CMakeFiles/__idf_esp_system.dir/xt_wdt.c.obj
[569/1051] Building C object esp-idf/hal/CMakeFiles/__idf_hal.dir/adc_oneshot_hal.c.obj
[608/1051] Building ASM object esp-idf/esp_system/CMakeFiles/__idf_esp_system.dir/port/arch/xtensa/esp_ipc_isr_routines.S.obj
[704/1051] Building C object 'esp-idf/mbedtls/mbedtls/library/CMakeFiles/mbedtls.dir/home/tikhon/Документы/magnolia/esp-idf/components/mbedtls/port/mbedtls_debug.c.obj'
[562/1051] Building C object esp-idf/hal/CMakeFiles/__idf_hal.dir/sha_hal.c.obj
[624/1051] Building C object esp-idf/esp_system/CMakeFiles/__idf_esp_system.dir/port/panic_handler.c.obj
[679/1051] Building C object esp-idf/bootloader_support/CMakeFiles/__idf_bootloader_support.dir/src/flash_partitions.c.obj
[570/1051] Linking C static library esp-idf/esp_hw_support/libesp_hw_support.a
[609/1051] Building C object esp-idf/esp_system/CMakeFiles/__idf_esp_system.dir/crosscore_int.c.obj
[571/1051] Building C object esp-idf/hal/CMakeFiles/__idf_hal.dir/usb_wrap_hal.c.obj
[705/1051] Building C object esp-idf/mbedtls/mbedtls/library/CMakeFiles/mbedx509.dir/x509write_csr.c.obj
[680/1051] Building C object esp-idf/mbedtls/mbedtls/library/CMakeFiles/mbedtls.dir/ssl_cookie.c.obj
[699/1049] Building C object esp-idf/mbedtls/mbedtls/library/CMakeFiles/mbedx509.dir/x509write_csr.c.obj
[610/1051] Building C object esp-idf/esp_system/CMakeFiles/__idf_esp_system.dir/startup.c.obj
[572/1051] Building C object esp-idf/hal/CMakeFiles/__idf_hal.dir/twai_hal_sja1000.c.obj
[700/1049] Building C object esp-idf/mbedtls/mbedtls/library/CMakeFiles/mbedx509.dir/x509write.c.obj
[625/1051] Building C object esp-idf/esp_system/CMakeFiles/__idf_esp_system.dir/task_wdt/task_wdt_impl_timergroup.c.obj
[358/1051] Building CXX object esp-idf/cxx/CMakeFiles/__idf_cxx.dir/cxx_init.cpp.obj
[573/1051] Building C object esp-idf/hal/CMakeFiles/__idf_hal.dir/cam_hal.c.obj
[651/1051] Building C object esp-idf/spi_flash/CMakeFiles/__idf_spi_flash.dir/memspi_host_driver.c.obj
[198/1051] Building C object esp-idf/wpa_supplicant/CMakeFiles/__idf_wpa_supplicant.dir/esp_supplicant/src/esp_wpa_main.c.obj
[743/1051] Building C object esp-idf/mbedtls/mbedtls/library/CMakeFiles/mbedcrypto.dir/ctr_drbg.c.obj
[701/1049] Building C object esp-idf/mbedtls/mbedtls/library/CMakeFiles/mbedtls.dir/ssl_ciphersuites.c.obj
[626/1051] Building C object esp-idf/esp_system/CMakeFiles/__idf_esp_system.dir/port/arch/xtensa/expression_with_stack.c.obj
[726/1051] Building C object esp-idf/mbedtls/mbedtls/library/CMakeFiles/mbedcrypto.dir/ctr_drbg.c.obj
[611/1051] Building C object esp-idf/esp_system/CMakeFiles/__idf_esp_system.dir/port/arch/xtensa/esp_ipc_isr_port.c.obj
[702/1049] Building C object esp-idf/mbedtls/mbedtls/library/CMakeFiles/mbedx509.dir/x509_csr.c.obj
[744/1051] Building C object esp-idf/mbedtls/mbedtls/library/CMakeFiles/mbedcrypto.dir/cmac.c.obj
[563/1051] Building C object esp-idf/hal/CMakeFiles/__idf_hal.dir/adc_oneshot_hal.c.obj
[652/1051] Building C object esp-idf/esp_system/CMakeFiles/__idf_esp_system.dir/port/cpu_start.c.obj
[574/1051] Building C object esp-idf/esp_rom/CMakeFiles/__idf_esp_rom.dir/patches/esp_rom_crc.c.obj
[575/1051] Building C object esp-idf/hal/CMakeFiles/__idf_hal.dir/spi_slave_hal_iram.c.obj
[359/1051] Building C object esp-idf/esp_driver_gptimer/CMakeFiles/__idf_esp_driver_gptimer.dir/src/gptimer.c.obj
[612/1051] Building C object esp-idf/esp_system/CMakeFiles/__idf_esp_system.dir/freertos_hooks.c.obj
[653/1051] Building C object esp-idf/esp_system/CMakeFiles/__idf_esp_system.dir/port/soc/esp32s3/system_internal.c.obj
[627/1051] Building C object esp-idf/spi_flash/CMakeFiles/__idf_spi_flash.dir/flash_brownout_hook.c.obj
[681/1051] Building C object esp-idf/mbedtls/mbedtls/library/CMakeFiles/mbedtls.dir/mps_reader.c.obj
[703/1049] Building C object esp-idf/mbedtls/mbedtls/library/CMakeFiles/mbedtls.dir/ssl_cache.c.obj
[613/1051] Building C object esp-idf/esp_system/CMakeFiles/__idf_esp_system.dir/esp_system.c.obj
[704/1049] Linking C static library esp-idf/esp_mm/libesp_mm.a
[628/1051] Building C object esp-idf/esp_system/CMakeFiles/__idf_esp_system.dir/port/soc/esp32s3/reset_reason.c.obj
[706/1051] Building C object esp-idf/mbedtls/mbedtls/library/CMakeFiles/mbedcrypto.dir/aesce.c.obj
[654/1051] Building C object esp-idf/esp_mm/CMakeFiles/__idf_esp_mm.dir/port/esp32s3/ext_mem_layout.c.obj
[564/1051] Building C object esp-idf/hal/CMakeFiles/__idf_hal.dir/spi_hal.c.obj
[629/1051] Linking C static library esp-idf/heap/libheap.a
[705/1049] Building C object 'esp-idf/mbedtls/mbedtls/library/CMakeFiles/mbedtls.dir/home/tikhon/Документы/magnolia/esp-idf/components/mbedtls/port/mbedtls_debug.c.obj'
[614/1051] Building C object esp-idf/heap/CMakeFiles/__idf_heap.dir/tlsf/tlsf.c.obj
[707/1051] Building C object esp-idf/mbedtls/mbedtls/library/CMakeFiles/mbedcrypto.dir/aesni.c.obj
[576/1051] Building C object esp-idf/hal/CMakeFiles/__idf_hal.dir/xt_wdt_hal.c.obj
[615/1051] Building ASM object esp-idf/esp_system/CMakeFiles/__idf_esp_system.dir/port/arch/xtensa/esp_ipc_isr_handler.S.obj
[565/1051] Building C object esp-idf/hal/CMakeFiles/__idf_hal.dir/spi_slave_hal_iram.c.obj
[655/1051] Building C object esp-idf/spi_flash/CMakeFiles/__idf_spi_flash.dir/spi_flash_chip_winbond.c.obj
[630/1051] Building C object esp-idf/spi_flash/CMakeFiles/__idf_spi_flash.dir/esp32s3/spi_flash_oct_flash_init.c.obj
[577/1051] Building C object esp-idf/hal/CMakeFiles/__idf_hal.dir/adc_hal_common.c.obj
[566/1051] Building C object esp-idf/hal/CMakeFiles/__idf_hal.dir/twai_hal_sja1000.c.obj
[682/1051] Building C object esp-idf/mbedtls/mbedtls/library/CMakeFiles/mbedtls.dir/mps_trace.c.obj
[616/1051] Building ASM object esp-idf/esp_system/CMakeFiles/__idf_esp_system.dir/port/arch/xtensa/expression_with_stack_asm.S.obj
[708/1051] Building C object esp-idf/mbedtls/mbedtls/library/CMakeFiles/mbedtls.dir/ssl_client.c.obj
[360/1051] Building CXX object esp-idf/nvs_flash/CMakeFiles/__idf_nvs_flash.dir/src/nvs_page.cpp.obj
[706/1049] Building C object esp-idf/mbedtls/mbedtls/library/CMakeFiles/mbedx509.dir/x509write_crt.c.obj
[199/1051] Linking C static library esp-idf/esp_coex/libesp_coex.a
[727/1051] Building C object esp-idf/mbedtls/mbedtls/library/CMakeFiles/mbedcrypto.dir/dhm.c.obj
[617/1051] Building ASM object esp-idf/esp_system/CMakeFiles/__idf_esp_system.dir/port/arch/xtensa/panic_handler_asm.S.obj
[567/1051] Building C object esp-idf/hal/CMakeFiles/__idf_hal.dir/hmac_hal.c.obj
[361/1051] Building C object esp-idf/esp_timer/CMakeFiles/__idf_esp_timer.dir/src/esp_timer_impl_common.c.obj
[618/1051] Building ASM object esp-idf/esp_system/CMakeFiles/__idf_esp_system.dir/port/arch/xtensa/debug_helpers_asm.S.obj
[200/1051] Building C object esp-idf/wpa_supplicant/CMakeFiles/__idf_wpa_supplicant.dir/src/crypto/rc4.c.obj
[631/1051] Building C object esp-idf/esp_common/CMakeFiles/__idf_esp_common.dir/src/esp_err_to_name.c.obj
[728/1051] Building C object esp-idf/mbedtls/mbedtls/library/CMakeFiles/mbedcrypto.dir/constant_time.c.obj
[745/1051] Building C object esp-idf/mbedtls/mbedtls/library/CMakeFiles/mbedx509.dir/x509.c.obj
[619/1051] Building C object esp-idf/esp_system/CMakeFiles/__idf_esp_system.dir/esp_ipc.c.obj
[201/1051] Building C object esp-idf/wpa_supplicant/CMakeFiles/__idf_wpa_supplicant.dir/src/crypto/aes-wrap.c.obj
[632/1051] Building C object esp-idf/spi_flash/CMakeFiles/__idf_spi_flash.dir/spi_flash_chip_drivers.c.obj
[568/1051] Building C object esp-idf/hal/CMakeFiles/__idf_hal.dir/adc_hal_common.c.obj
[746/1051] Building C object esp-idf/mbedtls/mbedtls/library/CMakeFiles/mbedcrypto.dir/memory_buffer_alloc.c.obj
[729/1051] Building C object esp-idf/mbedtls/mbedtls/library/CMakeFiles/mbedcrypto.dir/aria.c.obj
[620/1051] Building C object esp-idf/esp_system/CMakeFiles/__idf_esp_system.dir/startup_funcs.c.obj
[747/1051] Building C object esp-idf/mbedtls/mbedtls/library/CMakeFiles/mbedcrypto.dir/hmac_drbg.c.obj
[748/1051] Building C object esp-idf/mbedtls/mbedtls/library/CMakeFiles/mbedcrypto.dir/nist_kw.c.obj
[633/1051] Building C object esp-idf/esp_system/CMakeFiles/__idf_esp_system.dir/port/arch/xtensa/panic_arch.c.obj
[578/1051] Linking C static library esp-idf/soc/libsoc.a
[579/1051] Building C object esp-idf/hal/CMakeFiles/__idf_hal.dir/adc_hal.c.obj
[569/1051] Building C object esp-idf/hal/CMakeFiles/__idf_hal.dir/spi_flash_hal_gpspi.c.obj
[202/1051] Building C object esp-idf/wpa_supplicant/CMakeFiles/__idf_wpa_supplicant.dir/src/rsn_supp/wpa.c.obj
[580/1051] Building C object esp-idf/esp_rom/CMakeFiles/__idf_esp_rom.dir/patches/esp_rom_sys.c.obj
[634/1051] Building C object esp-idf/esp_system/CMakeFiles/__idf_esp_system.dir/port/arch/xtensa/debug_helpers.c.obj
[581/1051] Building C object esp-idf/hal/CMakeFiles/__idf_hal.dir/touch_sensor_hal.c.obj
[570/1051] Building C object esp-idf/hal/CMakeFiles/__idf_hal.dir/esp32s3/touch_sensor_hal.c.obj
[707/1049] Building C object esp-idf/mbedtls/mbedtls/library/CMakeFiles/mbedcrypto.dir/aesce.c.obj
[656/1051] Building C object esp-idf/spi_flash/CMakeFiles/__idf_spi_flash.dir/spi_flash_os_func_noos.c.obj
[749/1051] Building C object esp-idf/mbedtls/mbedtls/library/CMakeFiles/mbedcrypto.dir/entropy.c.obj
[571/1051] Building C object esp-idf/hal/CMakeFiles/__idf_hal.dir/usb_serial_jtag_hal.c.obj
[582/1051] Building ASM object esp-idf/esp_rom/CMakeFiles/__idf_esp_rom.dir/patches/esp_rom_longjmp.S.obj
[730/1051] Building C object esp-idf/mbedtls/mbedtls/library/CMakeFiles/mbedcrypto.dir/cipher_wrap.c.obj
[683/1051] Building C object esp-idf/bootloader_support/CMakeFiles/__idf_bootloader_support.dir/src/secure_boot.c.obj
[635/1051] Linking C static library esp-idf/log/liblog.a
[684/1051] Building C object esp-idf/mbedtls/mbedtls/library/CMakeFiles/mbedtls.dir/ssl_cache.c.obj
[709/1051] Building C object esp-idf/bootloader_support/CMakeFiles/__idf_bootloader_support.dir/src/esp_image_format.c.obj
[636/1051] Building C object esp-idf/esp_system/CMakeFiles/__idf_esp_system.dir/startup_funcs.c.obj
[572/1051] Linking C static library esp-idf/esp_hw_support/libesp_hw_support.a
[731/1051] Building C object esp-idf/mbedtls/mbedtls/library/CMakeFiles/mbedcrypto.dir/ecjpake.c.obj
[203/1051] Building C object esp-idf/wpa_supplicant/CMakeFiles/__idf_wpa_supplicant.dir/src/crypto/des-internal.c.obj
[708/1049] Building C object esp-idf/mbedtls/mbedtls/library/CMakeFiles/mbedtls.dir/ssl_ticket.c.obj
[685/1051] Building C object esp-idf/bootloader_support/CMakeFiles/__idf_bootloader_support.dir/bootloader_flash/src/bootloader_flash.c.obj
[732/1051] Building C object esp-idf/mbedtls/mbedtls/library/CMakeFiles/mbedcrypto.dir/ecp_curves_new.c.obj
[621/1051] Linking C static library esp-idf/heap/libheap.a
[573/1051] Building C object esp-idf/hal/CMakeFiles/__idf_hal.dir/cam_hal.c.obj
[686/1051] Building C object esp-idf/bootloader_support/CMakeFiles/__idf_bootloader_support.dir/bootloader_flash/src/flash_qio_mode.c.obj
[709/1049] Building C object esp-idf/mbedtls/mbedtls/library/CMakeFiles/mbedcrypto.dir/aesni.c.obj
[637/1051] Building C object esp-idf/esp_system/CMakeFiles/__idf_esp_system.dir/port/soc/esp32s3/apb_backup_dma.c.obj
[583/1051] Building C object esp-idf/hal/CMakeFiles/__idf_hal.dir/spi_flash_hal_gpspi.c.obj
[750/1051] Building C object esp-idf/mbedtls/mbedtls/library/CMakeFiles/mbedcrypto.dir/error.c.obj
[622/1051] Building C object esp-idf/esp_system/CMakeFiles/__idf_esp_system.dir/port/arch/xtensa/debug_stubs.c.obj
[623/1051] Building C object esp-idf/esp_system/CMakeFiles/__idf_esp_system.dir/port/image_process.c.obj
[204/1051] Building C object esp-idf/wpa_supplicant/CMakeFiles/__idf_wpa_supplicant.dir/esp_supplicant/src/esp_hostap.c.obj
[584/1051] Building C object esp-idf/hal/CMakeFiles/__idf_hal.dir/touch_sens_hal.c.obj
[751/1051] Building C object esp-idf/mbedtls/mbedtls/library/CMakeFiles/mbedcrypto.dir/md5.c.obj
[574/1051] Building C object esp-idf/esp_rom/CMakeFiles/__idf_esp_rom.dir/patches/esp_rom_crc.c.obj
[585/1051] Building C object esp-idf/hal/CMakeFiles/__idf_hal.dir/temperature_sensor_hal.c.obj
[657/1051] Building C object esp-idf/esp_mm/CMakeFiles/__idf_esp_mm.dir/heap_align_hw.c.obj
[638/1051] Building C object esp-idf/spi_flash/CMakeFiles/__idf_spi_flash.dir/spi_flash_chip_issi.c.obj
[624/1051] Building ASM object esp-idf/esp_system/CMakeFiles/__idf_esp_system.dir/port/soc/esp32s3/highint_hdl.S.obj
[586/1051] Building C object esp-idf/esp_rom/CMakeFiles/__idf_esp_rom.dir/patches/esp_rom_efuse.c.obj
[575/1051] Building C object esp-idf/esp_rom/CMakeFiles/__idf_esp_rom.dir/patches/esp_rom_sys.c.obj
[752/1051] Building C object esp-idf/mbedtls/mbedtls/library/CMakeFiles/mbedcrypto.dir/padlock.c.obj
[587/1051] Building C object esp-idf/esp_rom/CMakeFiles/__idf_esp_rom.dir/patches/esp_rom_gpio.c.obj
[639/1051] Building C object esp-idf/spi_flash/CMakeFiles/__idf_spi_flash.dir/spi_flash_hpm_enable.c.obj
[625/1051] Building C object esp-idf/esp_system/CMakeFiles/__idf_esp_system.dir/port/panic_handler.c.obj
[710/1051] Building C object esp-idf/mbedtls/mbedtls/library/CMakeFiles/mbedcrypto.dir/asn1parse.c.obj
[576/1051] Building C object esp-idf/hal/CMakeFiles/__idf_hal.dir/adc_hal.c.obj
[658/1051] Building C object esp-idf/bootloader_support/CMakeFiles/__idf_bootloader_support.dir/src/bootloader_clock_init.c.obj
[588/1051] Building C object esp-idf/hal/CMakeFiles/__idf_hal.dir/esp32s3/touch_sensor_hal.c.obj
[640/1051] Building C object esp-idf/spi_flash/CMakeFiles/__idf_spi_flash.dir/spi_flash_chip_mxic.c.obj
[626/1051] Building C object esp-idf/esp_system/CMakeFiles/__idf_esp_system.dir/xt_wdt.c.obj
[589/1051] Building C object esp-idf/esp_rom/CMakeFiles/__idf_esp_rom.dir/patches/esp_rom_spiflash.c.obj
[711/1051] Building C object esp-idf/mbedtls/mbedtls/library/CMakeFiles/mbedcrypto.dir/aes.c.obj
[659/1051] Building C object esp-idf/spi_flash/CMakeFiles/__idf_spi_flash.dir/spi_flash_chip_mxic_opi.c.obj
[687/1051] Building C object esp-idf/bootloader_support/CMakeFiles/__idf_bootloader_support.dir/bootloader_flash/src/bootloader_flash_config_esp32s3.c.obj
[733/1051] Building C object esp-idf/mbedtls/mbedtls/library/CMakeFiles/mbedtls.dir/ssl_tls12_server.c.obj
[753/1051] Building C object esp-idf/mbedtls/mbedtls/library/CMakeFiles/mbedcrypto.dir/pem.c.obj
[590/1051] Building C object esp-idf/esp_rom/CMakeFiles/__idf_esp_rom.dir/patches/esp_rom_systimer.c.obj
[660/1051] Building C object esp-idf/spi_flash/CMakeFiles/__idf_spi_flash.dir/flash_ops.c.obj
[641/1051] Building C object esp-idf/esp_system/CMakeFiles/__idf_esp_system.dir/port/soc/esp32s3/cache_err_int.c.obj
[712/1051] Building C object esp-idf/mbedtls/mbedtls/library/CMakeFiles/mbedcrypto.dir/asn1write.c.obj
[627/1051] Building C object esp-idf/spi_flash/CMakeFiles/__idf_spi_flash.dir/flash_brownout_hook.c.obj
[591/1051] Building ASM object esp-idf/esp_rom/CMakeFiles/__idf_esp_rom.dir/patches/esp_rom_cache_writeback_esp32s3.S.obj
[754/1051] Building C object esp-idf/mbedtls/mbedtls/library/CMakeFiles/mbedcrypto.dir/cipher.c.obj
[362/1051] Building C object esp-idf/pthread/CMakeFiles/__idf_pthread.dir/pthread_cond_var.c.obj
[661/1051] Linking C static library esp-idf/esp_system/libesp_system.a
[577/1051] Building C object esp-idf/hal/CMakeFiles/__idf_hal.dir/usb_wrap_hal.c.obj
[592/1051] Building C object esp-idf/heap/CMakeFiles/__idf_heap.dir/tlsf/tlsf.c.obj
[205/1051] Building C object esp-idf/esp_netif/CMakeFiles/__idf_esp_netif.dir/esp_netif_defaults.c.obj
[710/1049] Building C object esp-idf/bootloader_support/CMakeFiles/__idf_bootloader_support.dir/src/bootloader_utility.c.obj
[593/1051] Building C object esp-idf/hal/CMakeFiles/__idf_hal.dir/esp32s3/rtc_cntl_hal.c.obj
[713/1051] Building C object esp-idf/mbedtls/mbedtls/library/CMakeFiles/mbedx509.dir/pkcs7.c.obj
[662/1051] Building C object esp-idf/spi_flash/CMakeFiles/__idf_spi_flash.dir/flash_mmap.c.obj
[628/1051] Building C object esp-idf/esp_system/CMakeFiles/__idf_esp_system.dir/port/arch/xtensa/trax.c.obj
[578/1051] Linking C static library esp-idf/soc/libsoc.a
[594/1051] Building C object esp-idf/esp_rom/CMakeFiles/__idf_esp_rom.dir/patches/esp_rom_serial_output.c.obj
[363/1051] Building C object esp-idf/esp_timer/CMakeFiles/__idf_esp_timer.dir/src/esp_timer_impl_systimer.c.obj
[595/1051] Building C object esp-idf/hal/CMakeFiles/__idf_hal.dir/spi_hal_iram.c.obj
[629/1051] Linking C static library esp-idf/log/liblog.a
[663/1051] Building C object esp-idf/bootloader_support/CMakeFiles/__idf_bootloader_support.dir/src/bootloader_mem.c.obj
[714/1051] Linking C static library esp-idf/bootloader_support/libbootloader_support.a
[579/1051] Building C object esp-idf/hal/CMakeFiles/__idf_hal.dir/xt_wdt_hal.c.obj
[734/1051] Building C object esp-idf/mbedtls/mbedtls/library/CMakeFiles/mbedcrypto.dir/bignum_core.c.obj
[688/1051] Building C object esp-idf/mbedtls/mbedtls/library/CMakeFiles/mbedtls.dir/ssl_tls13_keys.c.obj
[642/1051] Building C object esp-idf/spi_flash/CMakeFiles/__idf_spi_flash.dir/spi_flash_chip_gd.c.obj
[580/1051] Building C object esp-idf/esp_rom/CMakeFiles/__idf_esp_rom.dir/patches/esp_rom_serial_output.c.obj
[711/1049] Building C object esp-idf/mbedtls/mbedtls/library/CMakeFiles/mbedcrypto.dir/bignum_mod.c.obj
[596/1051] Building C object esp-idf/esp_system/CMakeFiles/__idf_esp_system.dir/esp_system_console.c.obj
[689/1051] Building C object esp-idf/mbedtls/mbedtls/library/CMakeFiles/mbedtls.dir/ssl_ciphersuites.c.obj
[643/1051] Building C object esp-idf/spi_flash/CMakeFiles/__idf_spi_flash.dir/spi_flash_chip_boya.c.obj
[690/1051] Building C object esp-idf/mbedtls/mbedtls/library/CMakeFiles/mbedtls.dir/ssl_tls13_client.c.obj
[581/1051] Building C object esp-idf/hal/CMakeFiles/__idf_hal.dir/spi_slave_hd_hal.c.obj
[582/1051] Building C object esp-idf/hal/CMakeFiles/__idf_hal.dir/temperature_sensor_hal.c.obj
[644/1051] Building C object esp-idf/spi_flash/CMakeFiles/__idf_spi_flash.dir/spi_flash_chip_th.c.obj
[691/1051] Building C object esp-idf/mbedtls/mbedtls/library/CMakeFiles/mbedtls.dir/ssl_tls13_generic.c.obj
[583/1051] Building ASM object esp-idf/esp_rom/CMakeFiles/__idf_esp_rom.dir/patches/esp_rom_longjmp.S.obj
[692/1051] Building C object esp-idf/mbedtls/mbedtls/library/CMakeFiles/mbedtls.dir/ssl_tls13_server.c.obj
[645/1051] Building C object esp-idf/esp_system/CMakeFiles/__idf_esp_system.dir/port/cpu_start.c.obj
[597/1051] Building C object esp-idf/esp_rom/CMakeFiles/__idf_esp_rom.dir/patches/esp_rom_print.c.obj
[715/1051] Building C object esp-idf/mbedtls/mbedtls/library/CMakeFiles/mbedx509.dir/x509_csr.c.obj
[693/1051] Building C object esp-idf/mbedtls/mbedtls/library/CMakeFiles/mbedtls.dir/ssl_debug_helpers_generated.c.obj
[206/1051] Building C object esp-idf/wpa_supplicant/CMakeFiles/__idf_wpa_supplicant.dir/esp_supplicant/src/crypto/crypto_mbedtls.c.obj
[694/1051] Building C object esp-idf/esp_mm/CMakeFiles/__idf_esp_mm.dir/esp_mmu_map.c.obj
[735/1051] Building C object esp-idf/mbedtls/mbedtls/library/CMakeFiles/mbedx509.dir/x509.c.obj
[664/1051] Building C object esp-idf/bootloader_support/CMakeFiles/__idf_bootloader_support.dir/src/bootloader_random.c.obj
[712/1049] Building C object esp-idf/mbedtls/mbedtls/library/CMakeFiles/mbedcrypto.dir/bignum_mod_raw.c.obj
[207/1051] Building C object esp-idf/esp_netif/CMakeFiles/__idf_esp_netif.dir/esp_netif_objects.c.obj
[646/1051] Building C object esp-idf/esp_system/CMakeFiles/__idf_esp_system.dir/task_wdt/task_wdt.c.obj
[584/1051] Building C object esp-idf/hal/CMakeFiles/__idf_hal.dir/i2s_hal.c.obj
[598/1051] Building C object esp-idf/esp_rom/CMakeFiles/__idf_esp_rom.dir/patches/esp_rom_wdt.c.obj
[208/1051] Building C object esp-idf/wpa_supplicant/CMakeFiles/__idf_wpa_supplicant.dir/esp_supplicant/src/esp_wpa3.c.obj
[755/1051] Building C object esp-idf/mbedtls/mbedtls/library/CMakeFiles/mbedcrypto.dir/ecp.c.obj
[665/1051] Building C object esp-idf/bootloader_support/CMakeFiles/__idf_bootloader_support.dir/src/secure_boot.c.obj
[695/1051] Building C object esp-idf/spi_flash/CMakeFiles/__idf_spi_flash.dir/esp_flash_api.c.obj
[599/1051] Linking C static library esp-idf/heap/libheap.a
[647/1051] Building C object esp-idf/spi_flash/CMakeFiles/__idf_spi_flash.dir/spi_flash_chip_winbond.c.obj
[666/1051] Building C object esp-idf/spi_flash/CMakeFiles/__idf_spi_flash.dir/esp_flash_api.c.obj
[585/1051] Building C object esp-idf/esp_rom/CMakeFiles/__idf_esp_rom.dir/patches/esp_rom_efuse.c.obj
[586/1051] Building C object esp-idf/esp_rom/CMakeFiles/__idf_esp_rom.dir/patches/esp_rom_systimer.c.obj
[756/1051] Building C object esp-idf/mbedtls/mbedtls/library/CMakeFiles/mbedcrypto.dir/poly1305.c.obj
[716/1051] Building C object esp-idf/mbedtls/mbedtls/library/CMakeFiles/mbedcrypto.dir/chacha20.c.obj
[630/1051] Building C object esp-idf/esp_system/CMakeFiles/__idf_esp_system.dir/port/soc/esp32s3/apb_backup_dma.c.obj
[713/1049] Linking C static library esp-idf/bootloader_support/libbootloader_support.a
[667/1051] Building C object esp-idf/esp_mm/CMakeFiles/__idf_esp_mm.dir/esp_cache_utils.c.obj
[631/1051] Building C object esp-idf/esp_system/CMakeFiles/__idf_esp_system.dir/port/arch/xtensa/panic_arch.c.obj
[736/1051] Building C object esp-idf/mbedtls/mbedtls/library/CMakeFiles/mbedcrypto.dir/ccm.c.obj
[587/1051] Building C object esp-idf/esp_rom/CMakeFiles/__idf_esp_rom.dir/patches/esp_rom_gpio.c.obj
[588/1051] Building C object esp-idf/esp_system/CMakeFiles/__idf_esp_system.dir/esp_system_console.c.obj
[717/1051] Building C object esp-idf/mbedtls/mbedtls/library/CMakeFiles/mbedcrypto.dir/bignum_mod.c.obj
[600/1051] Building C object esp-idf/esp_system/CMakeFiles/__idf_esp_system.dir/stack_check.c.obj
[364/1051] Building CXX object esp-idf/cxx/CMakeFiles/__idf_cxx.dir/cxx_exception_stubs.cpp.obj
[714/1049] Building C object esp-idf/mbedtls/mbedtls/library/CMakeFiles/mbedcrypto.dir/aria.c.obj
[718/1051] Building C object esp-idf/mbedtls/mbedtls/library/CMakeFiles/mbedcrypto.dir/bignum_mod_raw.c.obj
[648/1051] Building C object esp-idf/esp_system/CMakeFiles/__idf_esp_system.dir/port/soc/esp32s3/system_internal.c.obj
[632/1051] Building C object esp-idf/spi_flash/CMakeFiles/__idf_spi_flash.dir/spi_flash_chip_issi.c.obj
[601/1051] Building C object esp-idf/esp_system/CMakeFiles/__idf_esp_system.dir/esp_err.c.obj
[757/1051] Building C object esp-idf/mbedtls/mbedtls/library/CMakeFiles/mbedcrypto.dir/bignum.c.obj
[589/1051] Building C object esp-idf/esp_rom/CMakeFiles/__idf_esp_rom.dir/patches/esp_rom_print.c.obj
[696/1051] Building C object 'esp-idf/mbedtls/mbedtls/library/CMakeFiles/mbedtls.dir/home/tikhon/Документы/magnolia/esp-idf/components/mbedtls/port/esp_platform_time.c.obj'
[209/1051] Building C object esp-idf/wpa_supplicant/CMakeFiles/__idf_wpa_supplicant.dir/esp_supplicant/src/crypto/fastpbkdf2.c.obj
[758/1051] Building C object esp-idf/mbedtls/mbedtls/library/CMakeFiles/mbedcrypto.dir/platform.c.obj
[649/1051] Building C object esp-idf/esp_system/CMakeFiles/__idf_esp_system.dir/port/soc/esp32s3/clk.c.obj
[365/1051] Building C object esp-idf/newlib/CMakeFiles/__idf_newlib.dir/src/init.c.obj
[602/1051] Building C object esp-idf/esp_rom/CMakeFiles/__idf_esp_rom.dir/patches/esp_rom_cache_esp32s2_esp32s3.c.obj
[668/1051] Building C object esp-idf/spi_flash/CMakeFiles/__idf_spi_flash.dir/spi_flash_chip_generic.c.obj
[633/1051] Building C object esp-idf/spi_flash/CMakeFiles/__idf_spi_flash.dir/spi_flash_chip_drivers.c.obj
[719/1051] Building C object esp-idf/mbedtls/mbedtls/library/CMakeFiles/mbedcrypto.dir/block_cipher.c.obj
[590/1051] Building C object esp-idf/hal/CMakeFiles/__idf_hal.dir/touch_sens_hal.c.obj
[715/1049] Building C object esp-idf/mbedtls/mbedtls/library/CMakeFiles/mbedx509.dir/x509_crl.c.obj
[650/1051] Linking C static library esp-idf/hal/libhal.a
[737/1051] Building C object esp-idf/mbedtls/mbedtls/library/CMakeFiles/mbedcrypto.dir/entropy_poll.c.obj
[210/1051] Building C object esp-idf/wpa_supplicant/CMakeFiles/__idf_wpa_supplicant.dir/src/crypto/aes-unwrap.c.obj
[669/1051] Building C object esp-idf/bootloader_support/CMakeFiles/__idf_bootloader_support.dir/bootloader_flash/src/bootloader_flash_config_esp32s3.c.obj
[720/1051] Building C object esp-idf/mbedtls/mbedtls/library/CMakeFiles/mbedcrypto.dir/base64.c.obj
[366/1051] Building CXX object esp-idf/nvs_flash/CMakeFiles/__idf_nvs_flash.dir/src/nvs_encrypted_partition.cpp.obj
[670/1051] Building C object esp-idf/spi_flash/CMakeFiles/__idf_spi_flash.dir/spi_flash_os_func_app.c.obj
[591/1051] Building C object esp-idf/hal/CMakeFiles/__idf_hal.dir/spi_hal_iram.c.obj
[738/1051] Building C object esp-idf/mbedtls/mbedtls/library/CMakeFiles/mbedcrypto.dir/hkdf.c.obj
[697/1051] Building C object 'esp-idf/mbedtls/mbedtls/library/CMakeFiles/mbedtls.dir/home/tikhon/Документы/magnolia/esp-idf/components/mbedtls/port/mbedtls_debug.c.obj'
[721/1051] Building C object esp-idf/mbedtls/mbedtls/library/CMakeFiles/mbedcrypto.dir/camellia.c.obj
[634/1051] Building C object esp-idf/esp_system/CMakeFiles/__idf_esp_system.dir/task_wdt/task_wdt_impl_timergroup.c.obj
[592/1051] Building C object esp-idf/hal/CMakeFiles/__idf_hal.dir/esp32s3/rtc_cntl_hal.c.obj
[716/1049] Building C object esp-idf/mbedtls/mbedtls/library/CMakeFiles/mbedcrypto.dir/aes.c.obj
[698/1051] Building C object esp-idf/mbedtls/mbedtls/library/CMakeFiles/mbedx509.dir/x509_create.c.obj
[651/1051] Building C object esp-idf/esp_mm/CMakeFiles/__idf_esp_mm.dir/port/esp32s3/ext_mem_layout.c.obj
[759/1051] Building C object esp-idf/mbedtls/mbedtls/library/CMakeFiles/mbedcrypto.dir/md.c.obj
[593/1051] Building C object esp-idf/esp_rom/CMakeFiles/__idf_esp_rom.dir/patches/esp_rom_wdt.c.obj
[603/1051] Building C object esp-idf/esp_system/CMakeFiles/__idf_esp_system.dir/crosscore_int.c.obj
[722/1051] Building C object 'esp-idf/mbedtls/mbedtls/library/CMakeFiles/mbedtls.dir/home/tikhon/Документы/magnolia/esp-idf/components/mbedtls/port/net_sockets.c.obj'
[717/1049] Building C object esp-idf/mbedtls/mbedtls/library/CMakeFiles/mbedcrypto.dir/camellia.c.obj
[367/1051] Building CXX object esp-idf/nvs_flash/CMakeFiles/__idf_nvs_flash.dir/src/nvs_storage.cpp.obj
[211/1051] Building C object esp-idf/wpa_supplicant/CMakeFiles/__idf_wpa_supplicant.dir/src/wps/wps_enrollee.c.obj
[594/1051] Building C object esp-idf/esp_system/CMakeFiles/__idf_esp_system.dir/freertos_hooks.c.obj
[671/1051] Building C object esp-idf/spi_flash/CMakeFiles/__idf_spi_flash.dir/cache_utils.c.obj
[672/1051] Building C object esp-idf/bootloader_support/CMakeFiles/__idf_bootloader_support.dir/src/bootloader_efuse.c.obj
[595/1051] Building C object esp-idf/hal/CMakeFiles/__idf_hal.dir/touch_sensor_hal.c.obj
[604/1051] Building C object esp-idf/esp_system/CMakeFiles/__idf_esp_system.dir/startup.c.obj
[718/1049] Building C object esp-idf/mbedtls/mbedtls/library/CMakeFiles/mbedcrypto.dir/asn1parse.c.obj
[635/1051] Building C object esp-idf/esp_system/CMakeFiles/__idf_esp_system.dir/port/arch/xtensa/expression_with_stack.c.obj
[596/1051] Building C object esp-idf/esp_rom/CMakeFiles/__idf_esp_rom.dir/patches/esp_rom_spiflash.c.obj
[605/1051] Linking C static library esp-idf/log/liblog.a
[699/1051] Building C object esp-idf/mbedtls/mbedtls/library/CMakeFiles/mbedx509.dir/pkcs7.c.obj
[673/1051] Building C object esp-idf/mbedtls/mbedtls/library/CMakeFiles/mbedtls.dir/mps_reader.c.obj
[719/1049] Building C object esp-idf/mbedtls/mbedtls/library/CMakeFiles/mbedcrypto.dir/base64.c.obj
[760/1051] Building C object esp-idf/mbedtls/mbedtls/library/CMakeFiles/mbedcrypto.dir/platform_util.c.obj
[606/1051] Building C object esp-idf/esp_system/CMakeFiles/__idf_esp_system.dir/system_time.c.obj
[652/1051] Building C object esp-idf/spi_flash/CMakeFiles/__idf_spi_flash.dir/memspi_host_driver.c.obj
[720/1049] Building C object esp-idf/mbedtls/mbedtls/library/CMakeFiles/mbedcrypto.dir/block_cipher.c.obj
[674/1051] Building C object esp-idf/esp_mm/CMakeFiles/__idf_esp_mm.dir/esp_cache_msync.c.obj
[212/1051] Building C object esp-idf/wpa_supplicant/CMakeFiles/__idf_wpa_supplicant.dir/esp_supplicant/src/esp_eap_client.c.obj
[636/1051] Building C object esp-idf/esp_system/CMakeFiles/__idf_esp_system.dir/port/arch/xtensa/debug_helpers.c.obj
[675/1051] Building C object esp-idf/bootloader_support/CMakeFiles/__idf_bootloader_support.dir/src/bootloader_common.c.obj
[637/1051] Building C object esp-idf/spi_flash/CMakeFiles/__idf_spi_flash.dir/spi_flash_chip_mxic.c.obj
[213/1051] Building C object esp-idf/wpa_supplicant/CMakeFiles/__idf_wpa_supplicant.dir/esp_supplicant/src/crypto/crypto_mbedtls-rsa.c.obj
[597/1051] Building C object esp-idf/esp_system/CMakeFiles/__idf_esp_system.dir/startup.c.obj
[368/1051] Building CXX object esp-idf/nvs_flash/CMakeFiles/__idf_nvs_flash.dir/src/nvs_cxx_api.cpp.obj
[653/1051] Building C object esp-idf/spi_flash/CMakeFiles/__idf_spi_flash.dir/spi_flash_chip_mxic_opi.c.obj
[739/1051] Building C object esp-idf/mbedtls/mbedtls/library/CMakeFiles/mbedcrypto.dir/ecdh.c.obj
[761/1051] Building C object esp-idf/mbedtls/mbedtls/library/CMakeFiles/mbedcrypto.dir/pkcs12.c.obj
[700/1051] Building C object esp-idf/mbedtls/mbedtls/library/CMakeFiles/mbedx509.dir/x509write_crt.c.obj
[721/1049] Building C object 'esp-idf/mbedtls/mbedtls/library/CMakeFiles/mbedtls.dir/home/tikhon/Документы/magnolia/esp-idf/components/mbedtls/port/net_sockets.c.obj'
[638/1051] Building C object esp-idf/esp_system/CMakeFiles/__idf_esp_system.dir/port/soc/esp32s3/reset_reason.c.obj
[740/1051] Building C object esp-idf/mbedtls/mbedtls/library/CMakeFiles/mbedcrypto.dir/cmac.c.obj
[654/1051] Building C object esp-idf/spi_flash/CMakeFiles/__idf_spi_flash.dir/spi_flash_os_func_noos.c.obj
[598/1051] Building C object esp-idf/esp_rom/CMakeFiles/__idf_esp_rom.dir/patches/esp_rom_cache_esp32s2_esp32s3.c.obj
[369/1051] Building C object esp-idf/pthread/CMakeFiles/__idf_pthread.dir/pthread.c.obj
[723/1051] Building C object esp-idf/mbedtls/mbedtls/library/CMakeFiles/mbedx509.dir/x509_crl.c.obj
[214/1051] Building C object esp-idf/esp_netif/CMakeFiles/__idf_esp_netif.dir/esp_netif_handlers.c.obj
[607/1051] Building C object esp-idf/esp_system/CMakeFiles/__idf_esp_system.dir/esp_system.c.obj
[701/1051] Building C object esp-idf/mbedtls/mbedtls/library/CMakeFiles/mbedtls.dir/ssl_ticket.c.obj
[722/1049] Building C object esp-idf/mbedtls/mbedtls/library/CMakeFiles/mbedcrypto.dir/asn1write.c.obj
[676/1051] Building C object esp-idf/mbedtls/mbedtls/library/CMakeFiles/mbedtls.dir/debug.c.obj
[639/1051] Building C object esp-idf/esp_system/CMakeFiles/__idf_esp_system.dir/port/soc/esp32s3/clk.c.obj
[599/1051] Building C object esp-idf/esp_system/CMakeFiles/__idf_esp_system.dir/xt_wdt.c.obj
[762/1051] Building C object esp-idf/mbedtls/mbedtls/library/CMakeFiles/mbedcrypto.dir/pk_ecc.c.obj
[702/1051] Building C object esp-idf/mbedtls/mbedtls/library/CMakeFiles/mbedx509.dir/x509write_csr.c.obj
[370/1051] Building C object esp-idf/pthread/CMakeFiles/__idf_pthread.dir/pthread_semaphore.c.obj
[215/1051] Building C object esp-idf/wpa_supplicant/CMakeFiles/__idf_wpa_supplicant.dir/src/crypto/aes-ccm.c.obj
[741/1051] Building C object esp-idf/mbedtls/mbedtls/library/CMakeFiles/mbedcrypto.dir/ecdsa.c.obj
[600/1051] Building ASM object esp-idf/esp_rom/CMakeFiles/__idf_esp_rom.dir/patches/esp_rom_cache_writeback_esp32s3.S.obj
[677/1051] Building C object esp-idf/bootloader_support/CMakeFiles/__idf_bootloader_support.dir/src/esp_image_format.c.obj
[640/1051] Building C object esp-idf/esp_system/CMakeFiles/__idf_esp_system.dir/port/soc/esp32s3/system_internal.c.obj
[763/1051] Building C object esp-idf/mbedtls/mbedtls/library/CMakeFiles/mbedcrypto.dir/ecp_curves.c.obj
[703/1051] Building C object esp-idf/bootloader_support/CMakeFiles/__idf_bootloader_support.dir/src/bootloader_utility.c.obj
[742/1051] Building C object esp-idf/mbedtls/mbedtls/library/CMakeFiles/mbedtls.dir/ssl_msg.c.obj
[723/1049] Building C object esp-idf/mbedtls/mbedtls/library/CMakeFiles/mbedx509.dir/pkcs7.c.obj
[641/1051] Building C object esp-idf/spi_flash/CMakeFiles/__idf_spi_flash.dir/spi_flash_hpm_enable.c.obj
[601/1051] Building C object esp-idf/esp_system/CMakeFiles/__idf_esp_system.dir/esp_system.c.obj
[724/1051] Building C object esp-idf/mbedtls/mbedtls/library/CMakeFiles/mbedcrypto.dir/chachapoly.c.obj
[743/1051] Building C object esp-idf/mbedtls/mbedtls/library/CMakeFiles/mbedcrypto.dir/lmots.c.obj
[602/1051] Building C object esp-idf/esp_system/CMakeFiles/__idf_esp_system.dir/stack_check.c.obj
[724/1049] Building C object esp-idf/mbedtls/mbedtls/library/CMakeFiles/mbedcrypto.dir/chacha20.c.obj
[603/1051] Building C object esp-idf/esp_system/CMakeFiles/__idf_esp_system.dir/esp_err.c.obj
[725/1049] Building C object esp-idf/mbedtls/mbedtls/library/CMakeFiles/mbedcrypto.dir/chachapoly.c.obj
[655/1051] Linking C static library esp-idf/esp_rom/libesp_rom.a
[725/1051] Building C object esp-idf/mbedtls/mbedtls/library/CMakeFiles/mbedcrypto.dir/des.c.obj
[604/1051] Building C object esp-idf/hal/CMakeFiles/__idf_hal.dir/usb_dwc_hal.c.obj
[656/1051] Building C object esp-idf/bootloader_support/CMakeFiles/__idf_bootloader_support.dir/src/bootloader_random.c.obj
[764/1051] Building C object esp-idf/mbedtls/mbedtls/library/CMakeFiles/mbedcrypto.dir/psa_crypto_driver_wrappers_no_static.c.obj
[608/1051] Building C object esp-idf/esp_system/CMakeFiles/__idf_esp_system.dir/freertos_hooks.c.obj
[657/1051] Building C object esp-idf/spi_flash/CMakeFiles/__idf_spi_flash.dir/spi_flash_wrap.c.obj
[371/1051] Building C object esp-idf/pthread/CMakeFiles/__idf_pthread.dir/pthread_local_storage.c.obj
[216/1051] Building C object esp-idf/esp_netif/CMakeFiles/__idf_esp_netif.dir/lwip/esp_netif_lwip_defaults.c.obj
[744/1051] Building C object esp-idf/mbedtls/mbedtls/library/CMakeFiles/mbedtls.dir/ssl_tls12_client.c.obj
[609/1051] Linking C static library esp-idf/hal/libhal.a
[704/1051] Linking C static library esp-idf/spi_flash/libspi_flash.a
[605/1051] Building C object esp-idf/esp_system/CMakeFiles/__idf_esp_system.dir/port/esp_system_chip.c.obj
[678/1051] Building C object esp-idf/mbedtls/mbedtls/library/CMakeFiles/mbedtls.dir/mps_trace.c.obj
[217/1051] Building C object esp-idf/lwip/CMakeFiles/__idf_lwip.dir/lwip/src/api/netbuf.c.obj
[705/1051] Building C object esp-idf/mbedtls/mbedtls/library/CMakeFiles/mbedtls.dir/ssl_client.c.obj
[610/1051] Building C object esp-idf/esp_system/CMakeFiles/__idf_esp_system.dir/esp_ipc.c.obj
[679/1051] Building C object esp-idf/mbedtls/mbedtls/library/CMakeFiles/mbedtls.dir/ssl_debug_helpers_generated.c.obj
[745/1051] Building C object esp-idf/mbedtls/mbedtls/library/CMakeFiles/mbedcrypto.dir/lms.c.obj
[642/1051] Building C object esp-idf/esp_system/CMakeFiles/__idf_esp_system.dir/port/soc/esp32s3/cache_err_int.c.obj
[372/1051] Building C object esp-idf/pthread/CMakeFiles/__idf_pthread.dir/pthread_rwlock.c.obj
[706/1051] Building C object esp-idf/bootloader_support/CMakeFiles/__idf_bootloader_support.dir/src/esp_image_format.c.obj
[680/1051] Building C object esp-idf/bootloader_support/CMakeFiles/__idf_bootloader_support.dir/src/flash_partitions.c.obj
[726/1049] Building C object esp-idf/mbedtls/mbedtls/library/CMakeFiles/mbedtls.dir/ssl_tls12_server.c.obj
[746/1051] Building C object esp-idf/mbedtls/mbedtls/library/CMakeFiles/mbedcrypto.dir/padlock.c.obj
[643/1051] Building C object esp-idf/spi_flash/CMakeFiles/__idf_spi_flash.dir/spi_flash_chip_gd.c.obj
[658/1051] Building C object esp-idf/esp_mm/CMakeFiles/__idf_esp_mm.dir/heap_align_hw.c.obj
[765/1051] Building C object esp-idf/mbedtls/mbedtls/library/CMakeFiles/mbedcrypto.dir/pk.c.obj
[681/1051] Building C object esp-idf/mbedtls/mbedtls/library/CMakeFiles/mbedtls.dir/ssl_cookie.c.obj
[707/1051] Building C object esp-idf/mbedtls/mbedtls/library/CMakeFiles/mbedx509.dir/x509write.c.obj
[644/1051] Building C object esp-idf/spi_flash/CMakeFiles/__idf_spi_flash.dir/esp32s3/spi_flash_oct_flash_init.c.obj
[726/1051] Building C object esp-idf/mbedtls/mbedtls/library/CMakeFiles/mbedcrypto.dir/aria.c.obj
[727/1049] Building C object esp-idf/mbedtls/mbedtls/library/CMakeFiles/mbedcrypto.dir/ecjpake.c.obj
[373/1051] Building C object esp-idf/newlib/CMakeFiles/__idf_newlib.dir/src/abort.c.obj
[659/1051] Building C object esp-idf/spi_flash/CMakeFiles/__idf_spi_flash.dir/flash_ops.c.obj
[682/1051] Building C object esp-idf/bootloader_support/CMakeFiles/__idf_bootloader_support.dir/bootloader_flash/src/bootloader_flash.c.obj
[218/1051] Building C object esp-idf/esp_netif/CMakeFiles/__idf_esp_netif.dir/lwip/netif/wlanif.c.obj
[611/1051] Building ASM object esp-idf/esp_system/CMakeFiles/__idf_esp_system.dir/port/arch/xtensa/esp_ipc_isr_handler.S.obj
[766/1051] Building C object esp-idf/mbedtls/mbedtls/library/CMakeFiles/mbedcrypto.dir/pkwrite.c.obj
[727/1051] Building C object esp-idf/mbedtls/mbedtls/library/CMakeFiles/mbedtls.dir/ssl_msg.c.obj
[767/1051] Building C object esp-idf/mbedtls/mbedtls/library/CMakeFiles/mbedcrypto.dir/pk_wrap.c.obj
[606/1051] Building ASM object esp-idf/esp_system/CMakeFiles/__idf_esp_system.dir/port/arch/xtensa/esp_ipc_isr_handler.S.obj
[747/1051] Building C object esp-idf/mbedtls/mbedtls/library/CMakeFiles/mbedcrypto.dir/memory_buffer_alloc.c.obj
[748/1051] Building C object esp-idf/mbedtls/mbedtls/library/CMakeFiles/mbedcrypto.dir/entropy.c.obj
[645/1051] Linking C static library esp-idf/hal/libhal.a
[683/1051] Building C object esp-idf/bootloader_support/CMakeFiles/__idf_bootloader_support.dir/src/bootloader_common_loader.c.obj
[749/1051] Building C object esp-idf/mbedtls/mbedtls/library/CMakeFiles/mbedcrypto.dir/nist_kw.c.obj
[374/1051] Building C object esp-idf/newlib/CMakeFiles/__idf_newlib.dir/src/random.c.obj
[728/1051] Building C object esp-idf/mbedtls/mbedtls/library/CMakeFiles/mbedcrypto.dir/bignum.c.obj
[768/1051] Building C object esp-idf/mbedtls/mbedtls/library/CMakeFiles/mbedcrypto.dir/gcm.c.obj
[612/1051] Building C object esp-idf/esp_system/CMakeFiles/__idf_esp_system.dir/int_wdt.c.obj
[646/1051] Building C object esp-idf/spi_flash/CMakeFiles/__idf_spi_flash.dir/spi_flash_chip_generic.c.obj
[219/1051] Building C object esp-idf/wpa_supplicant/CMakeFiles/__idf_wpa_supplicant.dir/esp_supplicant/src/crypto/crypto_mbedtls-ec.c.obj
[375/1051] Building C object esp-idf/newlib/CMakeFiles/__idf_newlib.dir/src/heap.c.obj
[684/1051] Building C object esp-idf/bootloader_support/CMakeFiles/__idf_bootloader_support.dir/src/esp32s3/secure_boot_secure_features.c.obj
[607/1051] Building C object esp-idf/esp_system/CMakeFiles/__idf_esp_system.dir/crosscore_int.c.obj
[647/1051] Building C object esp-idf/spi_flash/CMakeFiles/__idf_spi_flash.dir/spi_flash_chip_boya.c.obj
[750/1051] Building C object esp-idf/mbedtls/mbedtls/library/CMakeFiles/mbedcrypto.dir/hmac_drbg.c.obj
[613/1051] Building ASM object esp-idf/esp_system/CMakeFiles/__idf_esp_system.dir/port/arch/xtensa/esp_ipc_isr_routines.S.obj
[660/1051] Linking C static library esp-idf/esp_common/libesp_common.a
[376/1051] Building C object esp-idf/newlib/CMakeFiles/__idf_newlib.dir/src/assert.c.obj
[769/1051] Building C object esp-idf/mbedtls/mbedtls/library/CMakeFiles/mbedcrypto.dir/pkcs5.c.obj
[648/1051] Building C object esp-idf/esp_system/CMakeFiles/__idf_esp_system.dir/port/cpu_start.c.obj
[608/1051] Building C object esp-idf/esp_system/CMakeFiles/__idf_esp_system.dir/ubsan.c.obj
[685/1051] Building C object esp-idf/bootloader_support/CMakeFiles/__idf_bootloader_support.dir/bootloader_flash/src/flash_qio_mode.c.obj
[614/1051] Building C object esp-idf/esp_system/CMakeFiles/__idf_esp_system.dir/ubsan.c.obj
[708/1051] Building C object esp-idf/mbedtls/mbedtls/library/CMakeFiles/mbedcrypto.dir/aesni.c.obj
[728/1049] Building C object esp-idf/mbedtls/mbedtls/library/CMakeFiles/mbedcrypto.dir/cipher.c.obj
[649/1051] Building C object esp-idf/spi_flash/CMakeFiles/__idf_spi_flash.dir/spi_flash_os_func_noos.c.obj
[751/1051] Building C object esp-idf/mbedtls/mbedtls/library/CMakeFiles/mbedcrypto.dir/cipher.c.obj
[729/1049] Building C object esp-idf/mbedtls/mbedtls/library/CMakeFiles/mbedcrypto.dir/des.c.obj
[661/1051] Building C object esp-idf/bootloader_support/CMakeFiles/__idf_bootloader_support.dir/src/bootloader_mem.c.obj
[615/1051] Linking C static library esp-idf/esp_rom/libesp_rom.a
[729/1051] Building C object esp-idf/mbedtls/mbedtls/library/CMakeFiles/mbedtls.dir/ssl_tls12_client.c.obj
[770/1051] Building C object esp-idf/mbedtls/mbedtls/library/CMakeFiles/mbedx509.dir/x509_crt.c.obj
[609/1051] Building C object esp-idf/esp_system/CMakeFiles/__idf_esp_system.dir/panic.c.obj
[686/1051] Building C object esp-idf/mbedtls/mbedtls/library/CMakeFiles/mbedtls.dir/ssl_tls13_client.c.obj
[687/1051] Building C object esp-idf/mbedtls/mbedtls/library/CMakeFiles/mbedtls.dir/ssl_tls13_keys.c.obj
[616/1051] Building C object esp-idf/esp_system/CMakeFiles/__idf_esp_system.dir/port/esp_system_chip.c.obj
[220/1051] Building C object esp-idf/esp_netif/CMakeFiles/__idf_esp_netif.dir/lwip/netif/esp_pbuf_ref.c.obj
[610/1051] Building C object esp-idf/esp_system/CMakeFiles/__idf_esp_system.dir/port/arch/xtensa/esp_ipc_isr_port.c.obj
[650/1051] Building C object esp-idf/spi_flash/CMakeFiles/__idf_spi_flash.dir/spi_flash_chip_th.c.obj
[377/1051] Building C object esp-idf/newlib/CMakeFiles/__idf_newlib.dir/src/pthread.c.obj
[611/1051] Building ASM object esp-idf/esp_system/CMakeFiles/__idf_esp_system.dir/port/arch/xtensa/esp_ipc_isr_routines.S.obj
[378/1051] Building C object esp-idf/newlib/CMakeFiles/__idf_newlib.dir/src/termios.c.obj
[651/1051] Building C object esp-idf/spi_flash/CMakeFiles/__idf_spi_flash.dir/flash_ops.c.obj
[617/1051] Building C object esp-idf/esp_system/CMakeFiles/__idf_esp_system.dir/port/arch/xtensa/esp_ipc_isr_port.c.obj
[709/1051] Building C object esp-idf/mbedtls/mbedtls/library/CMakeFiles/mbedcrypto.dir/aesce.c.obj
[612/1051] Building C object esp-idf/esp_system/CMakeFiles/__idf_esp_system.dir/system_time.c.obj
[662/1051] Building C object esp-idf/spi_flash/CMakeFiles/__idf_spi_flash.dir/spi_flash_chip_generic.c.obj
[688/1051] Building C object esp-idf/bootloader_support/CMakeFiles/__idf_bootloader_support.dir/src/flash_encrypt.c.obj
[221/1051] Building C object esp-idf/wpa_supplicant/CMakeFiles/__idf_wpa_supplicant.dir/esp_supplicant/src/crypto/tls_mbedtls.c.obj
[379/1051] Building C object esp-idf/newlib/CMakeFiles/__idf_newlib.dir/src/sysconf.c.obj
[730/1049] Building C object esp-idf/mbedtls/mbedtls/library/CMakeFiles/mbedcrypto.dir/constant_time.c.obj
[710/1051] Linking C static library esp-idf/esp_mm/libesp_mm.a
[730/1051] Building C object esp-idf/mbedtls/mbedtls/library/CMakeFiles/mbedcrypto.dir/constant_time.c.obj
[689/1051] Building C object esp-idf/spi_flash/CMakeFiles/__idf_spi_flash.dir/esp_flash_spi_init.c.obj
[613/1051] Building C object esp-idf/esp_system/CMakeFiles/__idf_esp_system.dir/port/arch/xtensa/expression_with_stack.c.obj
[752/1051] Building C object esp-idf/mbedtls/mbedtls/library/CMakeFiles/mbedcrypto.dir/md5.c.obj
[690/1051] Building C object esp-idf/bootloader_support/CMakeFiles/__idf_bootloader_support.dir/src/bootloader_random_esp32s3.c.obj
[663/1051] Building C object esp-idf/esp_mm/CMakeFiles/__idf_esp_mm.dir/esp_cache_msync.c.obj
[618/1051] Building ASM object esp-idf/esp_system/CMakeFiles/__idf_esp_system.dir/port/arch/xtensa/panic_handler_asm.S.obj
[664/1051] Building C object esp-idf/spi_flash/CMakeFiles/__idf_spi_flash.dir/flash_mmap.c.obj
[619/1051] Building ASM object esp-idf/esp_system/CMakeFiles/__idf_esp_system.dir/port/arch/xtensa/debug_helpers_asm.S.obj
[614/1051] Building ASM object esp-idf/esp_system/CMakeFiles/__idf_esp_system.dir/port/arch/xtensa/panic_handler_asm.S.obj
[771/1051] Building C object esp-idf/mbedtls/mbedtls/library/CMakeFiles/mbedcrypto.dir/oid.c.obj
[222/1051] Building C object esp-idf/esp_netif/CMakeFiles/__idf_esp_netif.dir/lwip/esp_netif_sntp.c.obj
[620/1051] Building C object esp-idf/esp_system/CMakeFiles/__idf_esp_system.dir/port/cpu_start.c.obj
[380/1051] Building C object esp-idf/newlib/CMakeFiles/__idf_newlib.dir/src/poll.c.obj
[652/1051] Building C object esp-idf/spi_flash/CMakeFiles/__idf_spi_flash.dir/spi_flash_chip_winbond.c.obj
[665/1051] Building C object esp-idf/esp_mm/CMakeFiles/__idf_esp_mm.dir/esp_cache_utils.c.obj
[753/1051] Building C object esp-idf/mbedtls/mbedtls/library/CMakeFiles/mbedcrypto.dir/pkcs5.c.obj
[615/1051] Building ASM object esp-idf/esp_system/CMakeFiles/__idf_esp_system.dir/port/arch/xtensa/debug_helpers_asm.S.obj
[754/1051] Building C object esp-idf/mbedtls/mbedtls/library/CMakeFiles/mbedcrypto.dir/bignum.c.obj
[772/1051] Building C object esp-idf/mbedtls/mbedtls/library/CMakeFiles/mbedcrypto.dir/psa_crypto_mac.c.obj
[621/1051] Building C object esp-idf/esp_system/CMakeFiles/__idf_esp_system.dir/port/arch/xtensa/debug_helpers.c.obj
[773/1051] Building C object esp-idf/mbedtls/mbedtls/library/CMakeFiles/mbedcrypto.dir/psa_crypto_client.c.obj
[731/1051] Building C object esp-idf/mbedtls/mbedtls/library/CMakeFiles/mbedcrypto.dir/ecjpake.c.obj
[666/1051] Building C object esp-idf/bootloader_support/CMakeFiles/__idf_bootloader_support.dir/src/bootloader_clock_init.c.obj
[616/1051] Building C object esp-idf/heap/CMakeFiles/__idf_heap.dir/tlsf/tlsf.c.obj
[381/1051] Building C object esp-idf/newlib/CMakeFiles/__idf_newlib.dir/src/scandir.c.obj
[653/1051] Building C object esp-idf/esp_mm/CMakeFiles/__idf_esp_mm.dir/port/esp32s3/ext_mem_layout.c.obj
[654/1051] Linking C static library esp-idf/esp_rom/libesp_rom.a
[691/1051] Building C object esp-idf/mbedtls/mbedtls/library/CMakeFiles/mbedtls.dir/ssl_tls13_server.c.obj
[382/1051] Building C object esp-idf/newlib/CMakeFiles/__idf_newlib.dir/src/getentropy.c.obj
[622/1051] Building ASM object esp-idf/esp_system/CMakeFiles/__idf_esp_system.dir/port/arch/xtensa/expression_with_stack_asm.S.obj
[755/1051] Building C object esp-idf/mbedtls/mbedtls/library/CMakeFiles/mbedcrypto.dir/error.c.obj
[617/1051] Building C object esp-idf/esp_system/CMakeFiles/__idf_esp_system.dir/esp_ipc.c.obj
[618/1051] Building C object esp-idf/esp_system/CMakeFiles/__idf_esp_system.dir/port/image_process.c.obj
[756/1051] Building C object esp-idf/mbedtls/mbedtls/library/CMakeFiles/mbedcrypto.dir/pem.c.obj
[223/1051] Building C object esp-idf/lwip/CMakeFiles/__idf_lwip.dir/lwip/src/api/err.c.obj
[655/1051] Linking C static library esp-idf/esp_common/libesp_common.a
[692/1051] Building C object esp-idf/bootloader_support/CMakeFiles/__idf_bootloader_support.dir/src/bootloader_sha.c.obj
[619/1051] Building ASM object esp-idf/esp_system/CMakeFiles/__idf_esp_system.dir/port/arch/xtensa/expression_with_stack_asm.S.obj
[757/1051] Building C object esp-idf/mbedtls/mbedtls/library/CMakeFiles/mbedcrypto.dir/platform.c.obj
[656/1051] Building C object esp-idf/esp_system/CMakeFiles/__idf_esp_system.dir/task_wdt/task_wdt.c.obj
+ idf.py elf
[623/1051] Building C object esp-idf/esp_system/CMakeFiles/__idf_esp_system.dir/startup_funcs.c.obj
[711/1051] Building C object esp-idf/mbedtls/mbedtls/library/CMakeFiles/mbedcrypto.dir/bignum_mod.c.obj
[620/1051] Building C object esp-idf/esp_system/CMakeFiles/__idf_esp_system.dir/port/arch/xtensa/debug_stubs.c.obj
[693/1051] Linking C static library esp-idf/spi_flash/libspi_flash.a
[731/1049] Building C object esp-idf/mbedtls/mbedtls/library/CMakeFiles/mbedcrypto.dir/cipher_wrap.c.obj
[758/1051] Building C object esp-idf/mbedtls/mbedtls/library/CMakeFiles/mbedcrypto.dir/gcm.c.obj
[774/1051] Building C object esp-idf/mbedtls/mbedtls/library/CMakeFiles/mbedcrypto.dir/psa_crypto_se.c.obj
[621/1051] Building C object esp-idf/esp_system/CMakeFiles/__idf_esp_system.dir/int_wdt.c.obj
[624/1051] Building C object esp-idf/esp_system/CMakeFiles/__idf_esp_system.dir/port/arch/xtensa/panic_arch.c.obj
[383/1051] Building C object esp-idf/newlib/CMakeFiles/__idf_newlib.dir/src/locks.c.obj
[694/1051] Building C object 'esp-idf/mbedtls/mbedtls/library/CMakeFiles/mbedtls.dir/home/tikhon/Документы/magnolia/esp-idf/components/mbedtls/port/esp_platform_time.c.obj'
[657/1051] Building C object esp-idf/bootloader_support/CMakeFiles/__idf_bootloader_support.dir/src/bootloader_mem.c.obj
[775/1051] Building C object esp-idf/mbedtls/mbedtls/library/CMakeFiles/mbedcrypto.dir/psa_crypto_pake.c.obj
[622/1051] Building ASM object esp-idf/esp_system/CMakeFiles/__idf_esp_system.dir/port/soc/esp32s3/highint_hdl.S.obj
[732/1049] Building C object esp-idf/mbedtls/mbedtls/library/CMakeFiles/mbedcrypto.dir/ccm.c.obj
[224/1051] Building C object esp-idf/lwip/CMakeFiles/__idf_lwip.dir/apps/sntp/sntp.c.obj
[625/1051] Building ASM object esp-idf/esp_system/CMakeFiles/__idf_esp_system.dir/port/soc/esp32s3/highint_hdl.S.obj
[732/1051] Building C object esp-idf/mbedtls/mbedtls/library/CMakeFiles/mbedcrypto.dir/cipher_wrap.c.obj
[667/1051] Building C object esp-idf/bootloader_support/CMakeFiles/__idf_bootloader_support.dir/src/bootloader_efuse.c.obj
[776/1051] Building C object esp-idf/mbedtls/mbedtls/library/CMakeFiles/mbedcrypto.dir/psa_crypto_ecp.c.obj
[695/1051] Building C object esp-idf/mbedtls/mbedtls/library/CMakeFiles/mbedtls.dir/ssl_tls13_generic.c.obj
[626/1051] Building C object esp-idf/esp_system/CMakeFiles/__idf_esp_system.dir/task_wdt/task_wdt_impl_timergroup.c.obj
[658/1051] Building C object esp-idf/spi_flash/CMakeFiles/__idf_spi_flash.dir/spi_flash_wrap.c.obj
[627/1051] Building C object esp-idf/esp_system/CMakeFiles/__idf_esp_system.dir/port/arch/xtensa/trax.c.obj
[777/1051] Building C object esp-idf/mbedtls/mbedtls/library/CMakeFiles/mbedcrypto.dir/ripemd160.c.obj
[733/1051] Building C object esp-idf/mbedtls/mbedtls/library/CMakeFiles/mbedcrypto.dir/ecdh.c.obj
[628/1051] Building C object esp-idf/esp_system/CMakeFiles/__idf_esp_system.dir/port/arch/xtensa/debug_stubs.c.obj
[623/1051] Building C object esp-idf/esp_system/CMakeFiles/__idf_esp_system.dir/port/panic_handler.c.obj
[668/1051] Building C object esp-idf/spi_flash/CMakeFiles/__idf_spi_flash.dir/cache_utils.c.obj
[696/1051] Building C object esp-idf/esp_mm/CMakeFiles/__idf_esp_mm.dir/esp_mmu_map.c.obj
[734/1051] Building C object esp-idf/mbedtls/mbedtls/library/CMakeFiles/mbedcrypto.dir/ctr_drbg.c.obj
[712/1051] Building C object esp-idf/mbedtls/mbedtls/library/CMakeFiles/mbedx509.dir/x509_crl.c.obj
[629/1051] Building C object esp-idf/esp_system/CMakeFiles/__idf_esp_system.dir/port/panic_handler.c.obj
[624/1051] Linking C static library esp-idf/heap/libheap.a
[630/1051] Building C object esp-idf/spi_flash/CMakeFiles/__idf_spi_flash.dir/flash_brownout_hook.c.obj
[713/1051] Linking C static library esp-idf/bootloader_support/libbootloader_support.a
[669/1051] Building C object esp-idf/esp_mm/CMakeFiles/__idf_esp_mm.dir/esp_mmu_map.c.obj
[735/1051] Building C object esp-idf/mbedtls/mbedtls/library/CMakeFiles/mbedcrypto.dir/ecp_curves_new.c.obj
[631/1051] Building C object esp-idf/esp_system/CMakeFiles/__idf_esp_system.dir/port/image_process.c.obj
[759/1051] Building C object esp-idf/mbedtls/mbedtls/library/CMakeFiles/mbedcrypto.dir/platform_util.c.obj
[733/1049] Building C object esp-idf/mbedtls/mbedtls/library/CMakeFiles/mbedtls.dir/ssl_tls12_client.c.obj
[697/1051] Building C object esp-idf/bootloader_support/CMakeFiles/__idf_bootloader_support.dir/src/bootloader_utility.c.obj
[760/1051] Building C object esp-idf/mbedtls/mbedtls/library/CMakeFiles/mbedcrypto.dir/ecp_curves.c.obj
[670/1051] Building C object esp-idf/bootloader_support/CMakeFiles/__idf_bootloader_support.dir/src/bootloader_common_loader.c.obj
[384/1051] Building C object esp-idf/newlib/CMakeFiles/__idf_newlib.dir/src/reent_syscalls.c.obj
[734/1049] Building C object esp-idf/mbedtls/mbedtls/library/CMakeFiles/mbedcrypto.dir/ctr_drbg.c.obj
[632/1051] Building C object esp-idf/esp_system/CMakeFiles/__idf_esp_system.dir/panic.c.obj
[625/1051] Building C object esp-idf/spi_flash/CMakeFiles/__idf_spi_flash.dir/flash_brownout_hook.c.obj
[761/1051] Building C object esp-idf/mbedtls/mbedtls/library/CMakeFiles/mbedcrypto.dir/poly1305.c.obj
[736/1051] Building C object esp-idf/mbedtls/mbedtls/library/CMakeFiles/mbedcrypto.dir/ccm.c.obj
[225/1051] Building C object esp-idf/esp_netif/CMakeFiles/__idf_esp_netif.dir/lwip/netif/ethernetif.c.obj
[633/1051] Building C object esp-idf/esp_system/CMakeFiles/__idf_esp_system.dir/port/esp_ipc_isr.c.obj
[735/1049] Building C object esp-idf/mbedtls/mbedtls/library/CMakeFiles/mbedcrypto.dir/ecp_curves_new.c.obj
[671/1051] Building C object esp-idf/bootloader_support/CMakeFiles/__idf_bootloader_support.dir/src/bootloader_common.c.obj
[698/1051] Building C object esp-idf/mbedtls/mbedtls/library/CMakeFiles/mbedx509.dir/x509_create.c.obj
[226/1051] Building C object esp-idf/lwip/CMakeFiles/__idf_lwip.dir/lwip/src/api/if_api.c.obj
[626/1051] Building C object esp-idf/esp_system/CMakeFiles/__idf_esp_system.dir/port/soc/esp32s3/system_internal.c.obj
[659/1051] Building C object esp-idf/bootloader_support/CMakeFiles/__idf_bootloader_support.dir/src/flash_encrypt.c.obj
[736/1049] Building C object esp-idf/mbedtls/mbedtls/library/CMakeFiles/mbedcrypto.dir/bignum_core.c.obj
[672/1051] Building C object esp-idf/bootloader_support/CMakeFiles/__idf_bootloader_support.dir/src/esp32s3/secure_boot_secure_features.c.obj
[699/1051] Linking C static library esp-idf/esp_mm/libesp_mm.a
[778/1051] Building C object esp-idf/mbedtls/mbedtls/library/CMakeFiles/mbedcrypto.dir/psa_crypto_rsa.c.obj
[737/1051] Building C object esp-idf/mbedtls/mbedtls/library/CMakeFiles/mbedcrypto.dir/hkdf.c.obj
[737/1049] Building C object esp-idf/mbedtls/mbedtls/library/CMakeFiles/mbedcrypto.dir/entropy_poll.c.obj
[634/1051] Building C object esp-idf/esp_system/CMakeFiles/__idf_esp_system.dir/port/soc/esp32s3/reset_reason.c.obj
[385/1051] Building C object esp-idf/newlib/CMakeFiles/__idf_newlib.dir/src/syscalls.c.obj
[714/1051] Building C object esp-idf/mbedtls/mbedtls/library/CMakeFiles/mbedcrypto.dir/bignum_mod_raw.c.obj
[673/1051] Building C object esp-idf/bootloader_support/CMakeFiles/__idf_bootloader_support.dir/src/flash_partitions.c.obj
[227/1051] Building C object esp-idf/lwip/CMakeFiles/__idf_lwip.dir/lwip/src/api/api_lib.c.obj
[738/1051] Building C object esp-idf/mbedtls/mbedtls/library/CMakeFiles/mbedcrypto.dir/lmots.c.obj
[635/1051] Building C object esp-idf/esp_system/CMakeFiles/__idf_esp_system.dir/task_wdt/task_wdt.c.obj
[660/1051] Building C object esp-idf/esp_mm/CMakeFiles/__idf_esp_mm.dir/heap_align_hw.c.obj
[627/1051] Linking C static library esp-idf/log/liblog.a
[661/1051] Building C object esp-idf/spi_flash/CMakeFiles/__idf_spi_flash.dir/cache_utils.c.obj
[674/1051] Building C object esp-idf/bootloader_support/CMakeFiles/__idf_bootloader_support.dir/src/flash_encrypt.c.obj
[779/1051] Building C object esp-idf/mbedtls/mbedtls/library/CMakeFiles/mbedcrypto.dir/psa_crypto_aead.c.obj
[762/1051] Building C object esp-idf/mbedtls/mbedtls/library/CMakeFiles/mbedx509.dir/x509_crt.c.obj
[738/1049] Building C object esp-idf/mbedtls/mbedtls/library/CMakeFiles/mbedcrypto.dir/cmac.c.obj
[700/1051] Building C object esp-idf/mbedtls/mbedtls/library/CMakeFiles/mbedtls.dir/ssl_client.c.obj
[715/1051] Building C object esp-idf/mbedtls/mbedtls/library/CMakeFiles/mbedcrypto.dir/aes.c.obj
[675/1051] Building C object esp-idf/bootloader_support/CMakeFiles/__idf_bootloader_support.dir/src/secure_boot.c.obj
[386/1051] Building C object esp-idf/newlib/CMakeFiles/__idf_newlib.dir/src/realpath.c.obj
[628/1051] Building C object esp-idf/spi_flash/CMakeFiles/__idf_spi_flash.dir/spi_flash_chip_drivers.c.obj
[780/1051] Building C object esp-idf/mbedtls/mbedtls/library/CMakeFiles/mbedcrypto.dir/psa_crypto_storage.c.obj
[716/1051] Building C object esp-idf/mbedtls/mbedtls/library/CMakeFiles/mbedtls.dir/ssl_tls12_client.c.obj
[763/1051] Building C object esp-idf/mbedtls/mbedtls/library/CMakeFiles/mbedcrypto.dir/pk_wrap.c.obj
[739/1049] Building C object esp-idf/mbedtls/mbedtls/library/CMakeFiles/mbedcrypto.dir/entropy.c.obj
[676/1051] Linking C static library esp-idf/esp_system/libesp_system.a
[781/1051] Building C object esp-idf/mbedtls/mbedtls/library/CMakeFiles/mbedcrypto.dir/psa_its_file.c.obj
[629/1051] Building C object esp-idf/esp_system/CMakeFiles/__idf_esp_system.dir/port/arch/xtensa/panic_arch.c.obj
[701/1051] Building C object esp-idf/mbedtls/mbedtls/library/CMakeFiles/mbedtls.dir/ssl_ticket.c.obj
[636/1051] Building C object esp-idf/spi_flash/CMakeFiles/__idf_spi_flash.dir/spi_flash_chip_winbond.c.obj
[387/1051] Building C object esp-idf/newlib/CMakeFiles/__idf_newlib.dir/src/flockfile.c.obj
[739/1051] Building C object esp-idf/mbedtls/mbedtls/library/CMakeFiles/mbedx509.dir/x509.c.obj
[662/1051] Building C object esp-idf/esp_mm/CMakeFiles/__idf_esp_mm.dir/esp_cache_utils.c.obj
[740/1049] Building C object esp-idf/mbedtls/mbedtls/library/CMakeFiles/mbedcrypto.dir/lmots.c.obj
[677/1051] Building C object esp-idf/spi_flash/CMakeFiles/__idf_spi_flash.dir/spi_flash_os_func_app.c.obj
[782/1051] Building C object esp-idf/mbedtls/mbedtls/library/CMakeFiles/mbedcrypto.dir/rsa_alt_helpers.c.obj
[388/1051] Generating true_tinygo.o
[630/1051] Building C object esp-idf/esp_system/CMakeFiles/__idf_esp_system.dir/port/arch/xtensa/trax.c.obj
[717/1051] Building C object esp-idf/mbedtls/mbedtls/library/CMakeFiles/mbedx509.dir/x509_csr.c.obj
[637/1051] Building C object esp-idf/esp_system/CMakeFiles/__idf_esp_system.dir/xt_wdt.c.obj
[663/1051] Building C object esp-idf/bootloader_support/CMakeFiles/__idf_bootloader_support.dir/src/secure_boot.c.obj
[740/1051] Building C object esp-idf/mbedtls/mbedtls/library/CMakeFiles/mbedcrypto.dir/lms.c.obj
[631/1051] Building C object esp-idf/esp_system/CMakeFiles/__idf_esp_system.dir/task_wdt/task_wdt_impl_timergroup.c.obj
[741/1049] Building C object esp-idf/mbedtls/mbedtls/library/CMakeFiles/mbedcrypto.dir/ecdh.c.obj
[638/1051] Building C object esp-idf/esp_system/CMakeFiles/__idf_esp_system.dir/port/arch/xtensa/expression_with_stack.c.obj
[664/1051] Building C object esp-idf/bootloader_support/CMakeFiles/__idf_bootloader_support.dir/src/bootloader_random.c.obj
[389/1051] Building C object esp-idf/newlib/CMakeFiles/__idf_newlib.dir/src/port/esp_time_impl.c.obj
[678/1051] Building C object esp-idf/bootloader_support/CMakeFiles/__idf_bootloader_support.dir/bootloader_flash/src/flash_qio_mode.c.obj
[228/1051] Building C object esp-idf/lwip/CMakeFiles/__idf_lwip.dir/lwip/src/core/memp.c.obj
[742/1049] Building C object esp-idf/mbedtls/mbedtls/library/CMakeFiles/mbedcrypto.dir/memory_buffer_alloc.c.obj
[718/1051] Building C object esp-idf/mbedtls/mbedtls/library/CMakeFiles/mbedtls.dir/ssl_tls12_server.c.obj
[702/1051] Linking C static library esp-idf/bootloader_support/libbootloader_support.a
[639/1051] Building C object esp-idf/spi_flash/CMakeFiles/__idf_spi_flash.dir/spi_flash_chip_th.c.obj
[665/1051] Building C object esp-idf/spi_flash/CMakeFiles/__idf_spi_flash.dir/flash_mmap.c.obj
[632/1051] Building C object esp-idf/esp_system/CMakeFiles/__idf_esp_system.dir/port/soc/esp32s3/reset_reason.c.obj
[783/1051] Building C object esp-idf/mbedtls/mbedtls/library/CMakeFiles/mbedcrypto.dir/version_features.c.obj
[784/1051] Building C object esp-idf/mbedtls/mbedtls/library/CMakeFiles/mbedcrypto.dir/version.c.obj
[666/1051] Building C object esp-idf/spi_flash/CMakeFiles/__idf_spi_flash.dir/memspi_host_driver.c.obj
[679/1051] Building C object esp-idf/mbedtls/mbedtls/library/CMakeFiles/mbedtls.dir/mps_reader.c.obj
[229/1051] Building C object esp-idf/lwip/CMakeFiles/__idf_lwip.dir/lwip/src/apps/netbiosns/netbiosns.c.obj
[703/1051] Building C object esp-idf/mbedtls/mbedtls/library/CMakeFiles/mbedtls.dir/ssl_cache.c.obj
[764/1051] Building C object esp-idf/mbedtls/mbedtls/library/CMakeFiles/mbedcrypto.dir/pkwrite.c.obj
[390/1051] Building C object esp-idf/newlib/CMakeFiles/__idf_newlib.dir/src/time.c.obj
[743/1049] Building C object esp-idf/mbedtls/mbedtls/library/CMakeFiles/mbedcrypto.dir/lms.c.obj
[704/1051] Building C object esp-idf/mbedtls/mbedtls/library/CMakeFiles/mbedx509.dir/x509write.c.obj
[741/1051] Building C object esp-idf/mbedtls/mbedtls/library/CMakeFiles/mbedcrypto.dir/entropy_poll.c.obj
[640/1051] Building C object esp-idf/spi_flash/CMakeFiles/__idf_spi_flash.dir/spi_flash_hpm_enable.c.obj
[719/1051] Building C object esp-idf/mbedtls/mbedtls/library/CMakeFiles/mbedcrypto.dir/asn1parse.c.obj
[633/1051] Building C object esp-idf/esp_system/CMakeFiles/__idf_esp_system.dir/port/esp_ipc_isr.c.obj
[765/1051] Building C object esp-idf/mbedtls/mbedtls/library/CMakeFiles/mbedcrypto.dir/pk_ecc.c.obj
[705/1051] Building C object esp-idf/mbedtls/mbedtls/library/CMakeFiles/mbedx509.dir/x509write_csr.c.obj
[785/1051] Building C object esp-idf/mbedtls/mbedtls/library/CMakeFiles/mbedcrypto.dir/psa_crypto_cipher.c.obj
[680/1051] Building C object esp-idf/mbedtls/mbedtls/library/CMakeFiles/mbedtls.dir/ssl_cookie.c.obj
[744/1049] Building C object esp-idf/mbedtls/mbedtls/library/CMakeFiles/mbedcrypto.dir/md5.c.obj
[720/1051] Building C object esp-idf/mbedtls/mbedtls/library/CMakeFiles/mbedcrypto.dir/block_cipher.c.obj
[634/1051] Building C object esp-idf/spi_flash/CMakeFiles/__idf_spi_flash.dir/spi_flash_chip_issi.c.obj
[681/1051] Building C object esp-idf/mbedtls/mbedtls/library/CMakeFiles/mbedtls.dir/debug.c.obj
[682/1051] Building C object esp-idf/mbedtls/mbedtls/library/CMakeFiles/mbedtls.dir/mps_trace.c.obj
[742/1051] Building C object esp-idf/mbedtls/mbedtls/library/CMakeFiles/mbedtls.dir/ssl_tls.c.obj
[635/1051] Building C object esp-idf/esp_system/CMakeFiles/__idf_esp_system.dir/port/arch/xtensa/debug_helpers.c.obj
[721/1051] Building C object esp-idf/mbedtls/mbedtls/library/CMakeFiles/mbedcrypto.dir/camellia.c.obj
[636/1051] Building C object esp-idf/esp_system/CMakeFiles/__idf_esp_system.dir/port/soc/esp32s3/apb_backup_dma.c.obj
[391/1051] Building C object esp-idf/newlib/CMakeFiles/__idf_newlib.dir/src/reent_init.c.obj
[667/1051] Building C object esp-idf/spi_flash/CMakeFiles/__idf_spi_flash.dir/esp_flash_spi_init.c.obj
[230/1051] Building C object esp-idf/lwip/CMakeFiles/__idf_lwip.dir/lwip/src/api/netifapi.c.obj
[786/1051] Building C object esp-idf/mbedtls/mbedtls/library/CMakeFiles/mbedcrypto.dir/psa_crypto_hash.c.obj
[637/1051] Building C object esp-idf/esp_common/CMakeFiles/__idf_esp_common.dir/src/esp_err_to_name.c.obj
[641/1051] Building C object esp-idf/spi_flash/CMakeFiles/__idf_spi_flash.dir/spi_flash_chip_issi.c.obj
[683/1051] Building C object esp-idf/bootloader_support/CMakeFiles/__idf_bootloader_support.dir/src/bootloader_utility.c.obj
[668/1051] Building C object esp-idf/bootloader_support/CMakeFiles/__idf_bootloader_support.dir/src/bootloader_clock_init.c.obj
[745/1049] Building C object esp-idf/mbedtls/mbedtls/library/CMakeFiles/mbedcrypto.dir/hkdf.c.obj
[669/1051] Linking C static library esp-idf/esp_system/libesp_system.a
[787/1051] Building C object esp-idf/mbedtls/mbedtls/library/CMakeFiles/mbedcrypto.dir/sha1.c.obj
[743/1051] Building C object esp-idf/mbedtls/mbedtls/library/CMakeFiles/mbedcrypto.dir/dhm.c.obj
[706/1051] Building C object 'esp-idf/mbedtls/mbedtls/library/CMakeFiles/mbedtls.dir/home/tikhon/Документы/magnolia/esp-idf/components/mbedtls/port/mbedtls_debug.c.obj'
[392/1051] Building C object esp-idf/newlib/CMakeFiles/__idf_newlib.dir/src/newlib_init.c.obj
[707/1051] Building C object esp-idf/mbedtls/mbedtls/library/CMakeFiles/mbedtls.dir/ssl_ciphersuites.c.obj
[744/1051] Building C object esp-idf/mbedtls/mbedtls/library/CMakeFiles/mbedcrypto.dir/md.c.obj
[722/1051] Building C object esp-idf/mbedtls/mbedtls/library/CMakeFiles/mbedcrypto.dir/base64.c.obj
[788/1051] Building C object esp-idf/mbedtls/mbedtls/library/CMakeFiles/mbedcrypto.dir/pkparse.c.obj
[789/1051] Building C object esp-idf/mbedtls/mbedtls/library/CMakeFiles/mbedcrypto.dir/psa_util.c.obj
[638/1051] Building C object esp-idf/spi_flash/CMakeFiles/__idf_spi_flash.dir/spi_flash_chip_winbond.c.obj
[642/1051] Building C object esp-idf/spi_flash/CMakeFiles/__idf_spi_flash.dir/spi_flash_chip_drivers.c.obj
+ idf.py elf
[745/1051] Building C object esp-idf/mbedtls/mbedtls/library/CMakeFiles/mbedtls.dir/ssl_tls12_server.c.obj
[790/1051] Building C object 'esp-idf/mbedtls/mbedtls/library/CMakeFiles/mbedcrypto.dir/home/tikhon/Документы/magnolia/esp-idf/components/mbedtls/port/aes/dma/esp_aes_gdma_impl.c.obj'
[231/1051] Building C object esp-idf/lwip/CMakeFiles/__idf_lwip.dir/lwip/src/apps/sntp/sntp.c.obj
[639/1051] Building C object esp-idf/esp_system/CMakeFiles/__idf_esp_system.dir/startup_funcs.c.obj
[640/1051] Building C object esp-idf/esp_system/CMakeFiles/__idf_esp_system.dir/task_wdt/task_wdt.c.obj
[746/1049] Building C object esp-idf/mbedtls/mbedtls/library/CMakeFiles/mbedx509.dir/x509.c.obj
[791/1051] Building C object esp-idf/mbedtls/mbedtls/library/CMakeFiles/mbedcrypto.dir/psa_crypto_ffdh.c.obj
[708/1051] Building C object esp-idf/mbedtls/mbedtls/library/CMakeFiles/mbedx509.dir/x509write_crt.c.obj
[792/1051] Building C object esp-idf/mbedtls/mbedtls/library/CMakeFiles/mbedcrypto.dir/sha256.c.obj
[746/1051] Building C object esp-idf/mbedtls/mbedtls/library/CMakeFiles/mbedcrypto.dir/bignum_core.c.obj
[670/1051] Building C object esp-idf/spi_flash/CMakeFiles/__idf_spi_flash.dir/spi_flash_os_func_app.c.obj
[709/1051] Building C object esp-idf/mbedtls/mbedtls/library/CMakeFiles/mbedcrypto.dir/aesce.c.obj
[643/1051] Building C object esp-idf/esp_system/CMakeFiles/__idf_esp_system.dir/port/soc/esp32s3/cache_err_int.c.obj
[723/1051] Building C object esp-idf/mbedtls/mbedtls/library/CMakeFiles/mbedcrypto.dir/asn1write.c.obj
[747/1049] Building C object esp-idf/mbedtls/mbedtls/library/CMakeFiles/mbedcrypto.dir/ecdsa.c.obj
[766/1051] Building C object esp-idf/mbedtls/mbedtls/library/CMakeFiles/mbedcrypto.dir/pkcs12.c.obj
[671/1051] Building C object esp-idf/mbedtls/mbedtls/library/CMakeFiles/mbedtls.dir/debug.c.obj
[684/1051] Building C object esp-idf/spi_flash/CMakeFiles/__idf_spi_flash.dir/esp_flash_spi_init.c.obj
[232/1051] Building C object esp-idf/wpa_supplicant/CMakeFiles/__idf_wpa_supplicant.dir/esp_supplicant/src/esp_wps.c.obj
[747/1051] Building C object esp-idf/mbedtls/mbedtls/library/CMakeFiles/mbedcrypto.dir/entropy.c.obj
[672/1051] Building C object esp-idf/bootloader_support/CMakeFiles/__idf_bootloader_support.dir/bootloader_flash/src/flash_qio_mode.c.obj
[641/1051] Building C object esp-idf/spi_flash/CMakeFiles/__idf_spi_flash.dir/spi_flash_hpm_enable.c.obj
[393/1051] Building C object esp-idf/freertos/CMakeFiles/__idf_freertos.dir/FreeRTOS-Kernel/timers.c.obj
[642/1051] Building C object esp-idf/esp_system/CMakeFiles/__idf_esp_system.dir/port/soc/esp32s3/clk.c.obj
[644/1051] Building C object esp-idf/spi_flash/CMakeFiles/__idf_spi_flash.dir/spi_flash_chip_gd.c.obj
[748/1051] Building C object esp-idf/mbedtls/mbedtls/library/CMakeFiles/mbedcrypto.dir/ecdsa.c.obj
[767/1051] Building C object esp-idf/mbedtls/mbedtls/library/CMakeFiles/mbedcrypto.dir/psa_crypto_client.c.obj
[643/1051] Building C object esp-idf/spi_flash/CMakeFiles/__idf_spi_flash.dir/spi_flash_chip_th.c.obj
[645/1051] Building C object esp-idf/spi_flash/CMakeFiles/__idf_spi_flash.dir/esp32s3/spi_flash_oct_flash_init.c.obj
[748/1049] Building C object esp-idf/mbedtls/mbedtls/library/CMakeFiles/mbedcrypto.dir/nist_kw.c.obj
[673/1051] Building C object esp-idf/spi_flash/CMakeFiles/__idf_spi_flash.dir/spi_flash_chip_mxic_opi.c.obj
[749/1051] Building C object esp-idf/mbedtls/mbedtls/library/CMakeFiles/mbedcrypto.dir/padlock.c.obj
[768/1051] Building C object esp-idf/mbedtls/mbedtls/library/CMakeFiles/mbedcrypto.dir/psa_crypto_driver_wrappers_no_static.c.obj
[724/1051] Building C object esp-idf/mbedtls/mbedtls/library/CMakeFiles/mbedcrypto.dir/chacha20.c.obj
[644/1051] Building C object esp-idf/esp_system/CMakeFiles/__idf_esp_system.dir/port/soc/esp32s3/cache_err_int.c.obj
[793/1051] Building C object esp-idf/mbedtls/mbedtls/library/CMakeFiles/mbedcrypto.dir/threading.c.obj
[685/1051] Building C object esp-idf/bootloader_support/CMakeFiles/__idf_bootloader_support.dir/src/bootloader_random_esp32s3.c.obj
[233/1051] Building C object esp-idf/lwip/CMakeFiles/__idf_lwip.dir/lwip/src/core/mem.c.obj
[725/1051] Building C object esp-idf/mbedtls/mbedtls/library/CMakeFiles/mbedcrypto.dir/ccm.c.obj
[645/1051] Building C object esp-idf/spi_flash/CMakeFiles/__idf_spi_flash.dir/esp32s3/spi_flash_oct_flash_init.c.obj
[394/1051] Building C object esp-idf/freertos/CMakeFiles/__idf_freertos.dir/app_startup.c.obj
[686/1051] Building C object esp-idf/mbedtls/mbedtls/library/CMakeFiles/mbedtls.dir/ssl_tls13_keys.c.obj
[646/1051] Building C object esp-idf/esp_system/CMakeFiles/__idf_esp_system.dir/port/soc/esp32s3/apb_backup_dma.c.obj
[749/1049] Building C object esp-idf/mbedtls/mbedtls/library/CMakeFiles/mbedcrypto.dir/padlock.c.obj
[794/1051] Building C object esp-idf/mbedtls/mbedtls/library/CMakeFiles/mbedtls.dir/ssl_tls.c.obj
[710/1051] Building C object esp-idf/mbedtls/mbedtls/library/CMakeFiles/mbedcrypto.dir/aesni.c.obj
[647/1051] Building C object esp-idf/spi_flash/CMakeFiles/__idf_spi_flash.dir/spi_flash_chip_mxic.c.obj
[674/1051] Building C object esp-idf/bootloader_support/CMakeFiles/__idf_bootloader_support.dir/src/bootloader_efuse.c.obj
[769/1051] Building C object esp-idf/mbedtls/mbedtls/library/CMakeFiles/mbedcrypto.dir/psa_crypto_se.c.obj
[750/1051] Building C object esp-idf/mbedtls/mbedtls/library/CMakeFiles/mbedcrypto.dir/cmac.c.obj
[726/1051] Building C object esp-idf/mbedtls/mbedtls/library/CMakeFiles/mbedcrypto.dir/chachapoly.c.obj
[795/1051] Building C object esp-idf/mbedtls/mbedtls/library/CMakeFiles/mbedcrypto.dir/timing.c.obj
[675/1051] Building C object esp-idf/bootloader_support/CMakeFiles/__idf_bootloader_support.dir/src/flash_partitions.c.obj
[796/1051] Building C object 'esp-idf/mbedtls/mbedtls/library/CMakeFiles/mbedcrypto.dir/home/tikhon/Документы/magnolia/esp-idf/components/mbedtls/port/esp_hardware.c.obj'
[687/1051] Building C object esp-idf/mbedtls/mbedtls/library/CMakeFiles/mbedtls.dir/ssl_tls13_server.c.obj
[727/1051] Building C object esp-idf/mbedtls/mbedtls/library/CMakeFiles/mbedcrypto.dir/ctr_drbg.c.obj
[751/1051] Building C object esp-idf/mbedtls/mbedtls/library/CMakeFiles/mbedcrypto.dir/memory_buffer_alloc.c.obj
[750/1049] Building C object esp-idf/mbedtls/mbedtls/library/CMakeFiles/mbedcrypto.dir/dhm.c.obj
[648/1051] Building C object esp-idf/spi_flash/CMakeFiles/__idf_spi_flash.dir/spi_flash_chip_boya.c.obj
[797/1051] Building C object esp-idf/mbedtls/mbedtls/library/CMakeFiles/mbedcrypto.dir/sha512.c.obj
[728/1051] Building C object 'esp-idf/mbedtls/mbedtls/library/CMakeFiles/mbedtls.dir/home/tikhon/Документы/magnolia/esp-idf/components/mbedtls/port/net_sockets.c.obj'
[752/1051] Building C object esp-idf/mbedtls/mbedtls/library/CMakeFiles/mbedcrypto.dir/nist_kw.c.obj
[646/1051] Building C object esp-idf/spi_flash/CMakeFiles/__idf_spi_flash.dir/spi_flash_chip_boya.c.obj
[676/1051] Building C object esp-idf/mbedtls/mbedtls/library/CMakeFiles/mbedtls.dir/mps_trace.c.obj
[770/1051] Building C object esp-idf/mbedtls/mbedtls/library/CMakeFiles/mbedcrypto.dir/md.c.obj
[798/1051] Building C object 'esp-idf/mbedtls/mbedtls/library/CMakeFiles/mbedcrypto.dir/home/tikhon/Документы/magnolia/esp-idf/components/mbedtls/port/esp_timing.c.obj'
[751/1049] Building C object esp-idf/mbedtls/mbedtls/library/CMakeFiles/mbedcrypto.dir/error.c.obj
[649/1051] Building C object esp-idf/spi_flash/CMakeFiles/__idf_spi_flash.dir/memspi_host_driver.c.obj
[688/1051] Building C object esp-idf/bootloader_support/CMakeFiles/__idf_bootloader_support.dir/src/bootloader_sha.c.obj
[799/1051] Building C object 'esp-idf/mbedtls/mbedtls/library/CMakeFiles/mbedcrypto.dir/home/tikhon/Документы/magnolia/esp-idf/components/mbedtls/port/sha/core/esp_sha_gdma_impl.c.obj'
[771/1051] Building C object esp-idf/mbedtls/mbedtls/library/CMakeFiles/mbedcrypto.dir/psa_crypto_cipher.c.obj
[753/1051] Building C object esp-idf/mbedtls/mbedtls/library/CMakeFiles/mbedcrypto.dir/md5.c.obj
[234/1051] Building C object esp-idf/lwip/CMakeFiles/__idf_lwip.dir/lwip/src/core/init.c.obj
[677/1051] Building C object esp-idf/bootloader_support/CMakeFiles/__idf_bootloader_support.dir/src/esp32s3/secure_boot_secure_features.c.obj
[800/1051] Building C object 'esp-idf/mbedtls/mbedtls/library/CMakeFiles/mbedcrypto.dir/home/tikhon/Документы/magnolia/esp-idf/components/mbedtls/port/esp_mem.c.obj'
[650/1051] Building C object esp-idf/spi_flash/CMakeFiles/__idf_spi_flash.dir/spi_flash_wrap.c.obj
[689/1051] Building C object esp-idf/mbedtls/mbedtls/library/CMakeFiles/mbedtls.dir/ssl_tls13_client.c.obj
[651/1051] Building C object esp-idf/esp_common/CMakeFiles/__idf_esp_common.dir/src/esp_err_to_name.c.obj
[235/1051] Building C object esp-idf/lwip/CMakeFiles/__idf_lwip.dir/lwip/src/core/ip.c.obj
[729/1051] Building C object esp-idf/mbedtls/mbedtls/library/CMakeFiles/mbedtls.dir/ssl_msg.c.obj
[801/1051] Building C object 'esp-idf/mbedtls/mbedtls/library/CMakeFiles/mbedcrypto.dir/home/tikhon/Документы/magnolia/esp-idf/components/mbedtls/port/aes/esp_aes_xts.c.obj'
[678/1051] Building C object esp-idf/bootloader_support/CMakeFiles/__idf_bootloader_support.dir/src/bootloader_common_loader.c.obj
[772/1051] Building C object esp-idf/mbedtls/mbedtls/library/CMakeFiles/mbedcrypto.dir/psa_crypto_pake.c.obj
[647/1051] Building C object esp-idf/spi_flash/CMakeFiles/__idf_spi_flash.dir/cache_utils.c.obj
[236/1051] Building C object esp-idf/lwip/CMakeFiles/__idf_lwip.dir/lwip/src/core/inet_chksum.c.obj
[679/1051] Building C object esp-idf/mbedtls/mbedtls/library/CMakeFiles/mbedtls.dir/mps_reader.c.obj
[730/1051] Building C object esp-idf/mbedtls/mbedtls/library/CMakeFiles/mbedcrypto.dir/aria.c.obj
[648/1051] Building C object esp-idf/spi_flash/CMakeFiles/__idf_spi_flash.dir/spi_flash_chip_gd.c.obj
[395/1051] Building C object esp-idf/freertos/CMakeFiles/__idf_freertos.dir/FreeRTOS-Kernel/event_groups.c.obj
[752/1049] Building C object esp-idf/mbedtls/mbedtls/library/CMakeFiles/mbedx509.dir/x509_crt.c.obj
[690/1051] Building C object esp-idf/bootloader_support/CMakeFiles/__idf_bootloader_support.dir/bootloader_flash/src/bootloader_flash_config_esp32s3.c.obj
[802/1051] Building C object 'esp-idf/mbedtls/mbedtls/library/CMakeFiles/mbedcrypto.dir/home/tikhon/Документы/magnolia/esp-idf/components/mbedtls/port/aes/esp_aes_common.c.obj'
[237/1051] Building C object esp-idf/lwip/CMakeFiles/__idf_lwip.dir/lwip/src/core/sys.c.obj
[754/1051] Linking CXX static library esp-idf/mbedtls/mbedtls/library/libmbedtls.a
[238/1051] Building C object esp-idf/lwip/CMakeFiles/__idf_lwip.dir/lwip/src/api/tcpip.c.obj
[649/1051] Building C object esp-idf/spi_flash/CMakeFiles/__idf_spi_flash.dir/spi_flash_chip_mxic.c.obj
[680/1051] Building C object esp-idf/esp_mm/CMakeFiles/__idf_esp_mm.dir/esp_cache_msync.c.obj
[773/1051] Building C object esp-idf/mbedtls/mbedtls/library/CMakeFiles/mbedcrypto.dir/pk.c.obj
[239/1051] Building C object esp-idf/lwip/CMakeFiles/__idf_lwip.dir/lwip/src/core/def.c.obj
[650/1051] Linking C static library esp-idf/hal/libhal.a
[731/1051] Building C object esp-idf/mbedtls/mbedtls/library/CMakeFiles/mbedcrypto.dir/des.c.obj
[652/1051] Building C object esp-idf/esp_mm/CMakeFiles/__idf_esp_mm.dir/port/esp32s3/ext_mem_layout.c.obj
[711/1051] Building C object esp-idf/mbedtls/mbedtls/library/CMakeFiles/mbedcrypto.dir/bignum_mod.c.obj
[691/1051] Building C object esp-idf/bootloader_support/CMakeFiles/__idf_bootloader_support.dir/bootloader_flash/src/bootloader_flash.c.obj
[651/1051] Building C object esp-idf/spi_flash/CMakeFiles/__idf_spi_flash.dir/flash_ops.c.obj
[732/1051] Building C object esp-idf/mbedtls/mbedtls/library/CMakeFiles/mbedcrypto.dir/ecp_curves_new.c.obj
[396/1051] Building C object esp-idf/freertos/CMakeFiles/__idf_freertos.dir/port_common.c.obj
[712/1051] Building C object esp-idf/mbedtls/mbedtls/library/CMakeFiles/mbedx509.dir/x509_crl.c.obj
[692/1051] Building C object esp-idf/mbedtls/mbedtls/library/CMakeFiles/mbedtls.dir/ssl_tls13_generic.c.obj
[652/1051] Building C object esp-idf/spi_flash/CMakeFiles/__idf_spi_flash.dir/spi_flash_wrap.c.obj
[653/1051] Linking C static library esp-idf/esp_common/libesp_common.a
[240/1051] Building C object esp-idf/lwip/CMakeFiles/__idf_lwip.dir/lwip/src/core/stats.c.obj
[753/1049] Building C object esp-idf/mbedtls/mbedtls/library/CMakeFiles/mbedcrypto.dir/pkcs12.c.obj
[653/1051] Building C object esp-idf/esp_mm/CMakeFiles/__idf_esp_mm.dir/port/esp32s3/ext_mem_layout.c.obj
[397/1051] Building C object esp-idf/newlib/CMakeFiles/__idf_newlib.dir/src/stdatomic.c.obj
[654/1051] Building C object esp-idf/esp_system/CMakeFiles/__idf_esp_system.dir/port/soc/esp32s3/system_internal.c.obj
[681/1051] Building C object esp-idf/mbedtls/mbedtls/library/CMakeFiles/mbedtls.dir/ssl_cookie.c.obj
[713/1051] Building C object esp-idf/mbedtls/mbedtls/library/CMakeFiles/mbedx509.dir/pkcs7.c.obj
[398/1051] Building C object esp-idf/freertos/CMakeFiles/__idf_freertos.dir/heap_idf.c.obj
[714/1051] Building C object esp-idf/mbedtls/mbedtls/library/CMakeFiles/mbedcrypto.dir/bignum_mod_raw.c.obj
[733/1051] Building C object esp-idf/mbedtls/mbedtls/library/CMakeFiles/mbedcrypto.dir/ecjpake.c.obj
[754/1049] Building C object esp-idf/mbedtls/mbedtls/library/CMakeFiles/mbedcrypto.dir/pk_ecc.c.obj
[399/1051] Building C object esp-idf/freertos/CMakeFiles/__idf_freertos.dir/FreeRTOS-Kernel/list.c.obj
[682/1051] Building C object esp-idf/bootloader_support/CMakeFiles/__idf_bootloader_support.dir/src/bootloader_common.c.obj
[693/1051] Building C object 'esp-idf/mbedtls/mbedtls/library/CMakeFiles/mbedtls.dir/home/tikhon/Документы/magnolia/esp-idf/components/mbedtls/port/esp_platform_time.c.obj'
[803/1051] Linking CXX static library esp-idf/mbedtls/mbedtls/library/libmbedtls.a
[755/1051] Building C object esp-idf/mbedtls/mbedtls/library/CMakeFiles/mbedcrypto.dir/hmac_drbg.c.obj
[804/1051] Building C object esp-idf/mbedtls/mbedtls/library/CMakeFiles/mbedcrypto.dir/psa_crypto_slot_management.c.obj
[694/1051] Building C object esp-idf/mbedtls/mbedtls/library/CMakeFiles/mbedtls.dir/ssl_ciphersuites.c.obj
[655/1051] Building C object esp-idf/spi_flash/CMakeFiles/__idf_spi_flash.dir/esp_flash_spi_init.c.obj
[695/1051] Building C object esp-idf/mbedtls/mbedtls/library/CMakeFiles/mbedtls.dir/ssl_debug_helpers_generated.c.obj
[656/1051] Building C object esp-idf/bootloader_support/CMakeFiles/__idf_bootloader_support.dir/src/bootloader_mem.c.obj
[400/1051] Building C object esp-idf/freertos/CMakeFiles/__idf_freertos.dir/FreeRTOS-Kernel/portable/xtensa/xtensa_init.c.obj
[241/1051] Building C object esp-idf/lwip/CMakeFiles/__idf_lwip.dir/lwip/src/api/netdb.c.obj
[774/1051] Building C object esp-idf/mbedtls/mbedtls/library/CMakeFiles/mbedcrypto.dir/psa_crypto_aead.c.obj
[654/1051] Linking C static library esp-idf/esp_rom/libesp_rom.a
[401/1051] Building ASM object esp-idf/freertos/CMakeFiles/__idf_freertos.dir/FreeRTOS-Kernel/portable/xtensa/portasm.S.obj
[683/1051] Building C object esp-idf/bootloader_support/CMakeFiles/__idf_bootloader_support.dir/src/bootloader_sha.c.obj
[715/1051] Building C object esp-idf/mbedtls/mbedtls/library/CMakeFiles/mbedx509.dir/x509_csr.c.obj
[657/1051] Building C object esp-idf/esp_mm/CMakeFiles/__idf_esp_mm.dir/esp_mmu_map.c.obj
[655/1051] Building C object esp-idf/spi_flash/CMakeFiles/__idf_spi_flash.dir/spi_flash_os_func_noos.c.obj
[775/1051] Building C object esp-idf/mbedtls/mbedtls/library/CMakeFiles/mbedcrypto.dir/ripemd160.c.obj
[696/1051] Building C object esp-idf/mbedtls/mbedtls/library/CMakeFiles/mbedx509.dir/x509.c.obj
[656/1051] Building C object esp-idf/spi_flash/CMakeFiles/__idf_spi_flash.dir/esp_flash_api.c.obj
[684/1051] Building C object esp-idf/mbedtls/mbedtls/library/CMakeFiles/mbedtls.dir/ssl_tls13_keys.c.obj
[716/1051] Building C object esp-idf/mbedtls/mbedtls/library/CMakeFiles/mbedcrypto.dir/base64.c.obj
[776/1051] Building C object esp-idf/mbedtls/mbedtls/library/CMakeFiles/mbedcrypto.dir/psa_crypto_hash.c.obj
[657/1051] Building C object esp-idf/bootloader_support/CMakeFiles/__idf_bootloader_support.dir/src/bootloader_common_loader.c.obj
[734/1051] Building C object esp-idf/mbedtls/mbedtls/library/CMakeFiles/mbedcrypto.dir/constant_time.c.obj
[697/1051] Building C object esp-idf/spi_flash/CMakeFiles/__idf_spi_flash.dir/esp_flash_api.c.obj
[402/1051] Building CXX object esp-idf/nvs_flash/CMakeFiles/__idf_nvs_flash.dir/src/nvs_item_hash_list.cpp.obj
[658/1051] Building C object esp-idf/esp_system/CMakeFiles/__idf_esp_system.dir/port/soc/esp32s3/clk.c.obj
[805/1051] Building C object 'esp-idf/mbedtls/mbedtls/library/CMakeFiles/mbedcrypto.dir/home/tikhon/Документы/magnolia/esp-idf/components/mbedtls/port/sha/esp_sha.c.obj'
[685/1051] Building C object esp-idf/bootloader_support/CMakeFiles/__idf_bootloader_support.dir/src/bootloader_random_esp32s3.c.obj
[403/1051] Building CXX object esp-idf/nvs_flash/CMakeFiles/__idf_nvs_flash.dir/src/nvs_handle_simple.cpp.obj
[735/1051] Building C object esp-idf/mbedtls/mbedtls/library/CMakeFiles/mbedtls.dir/ssl_tls.c.obj
[698/1051] Building C object esp-idf/mbedtls/mbedtls/library/CMakeFiles/mbedtls.dir/ssl_cache.c.obj
[755/1049] Building C object esp-idf/mbedtls/mbedtls/library/CMakeFiles/mbedcrypto.dir/hmac_drbg.c.obj
[699/1051] Building C object esp-idf/mbedtls/mbedtls/library/CMakeFiles/mbedx509.dir/x509write.c.obj
[659/1051] Building C object esp-idf/spi_flash/CMakeFiles/__idf_spi_flash.dir/flash_ops.c.obj
[658/1051] Building C object esp-idf/bootloader_support/CMakeFiles/__idf_bootloader_support.dir/src/bootloader_random.c.obj
[660/1051] Building C object esp-idf/spi_flash/CMakeFiles/__idf_spi_flash.dir/spi_flash_os_func_noos.c.obj
[756/1051] Building C object esp-idf/mbedtls/mbedtls/library/CMakeFiles/mbedcrypto.dir/pem.c.obj
[736/1051] Building C object esp-idf/mbedtls/mbedtls/library/CMakeFiles/mbedcrypto.dir/dhm.c.obj
[756/1049] Building C object esp-idf/mbedtls/mbedtls/library/CMakeFiles/mbedcrypto.dir/platform.c.obj
[717/1051] Building C object esp-idf/mbedtls/mbedtls/library/CMakeFiles/mbedcrypto.dir/asn1parse.c.obj
[757/1049] Building C object esp-idf/mbedtls/mbedtls/library/CMakeFiles/mbedcrypto.dir/pem.c.obj
[806/1051] Building C object 'esp-idf/mbedtls/mbedtls/library/CMakeFiles/mbedcrypto.dir/home/tikhon/Документы/magnolia/esp-idf/components/mbedtls/port/crypto_shared_gdma/esp_crypto_shared_gdma.c.obj'
[700/1051] Building C object 'esp-idf/mbedtls/mbedtls/library/CMakeFiles/mbedtls.dir/home/tikhon/Документы/magnolia/esp-idf/components/mbedtls/port/mbedtls_debug.c.obj'
[661/1051] Building C object esp-idf/esp_mm/CMakeFiles/__idf_esp_mm.dir/heap_align_hw.c.obj
[718/1051] Building C object esp-idf/mbedtls/mbedtls/library/CMakeFiles/mbedcrypto.dir/chachapoly.c.obj
[758/1049] Building C object esp-idf/mbedtls/mbedtls/library/CMakeFiles/mbedcrypto.dir/poly1305.c.obj
[659/1051] Linking C static library esp-idf/esp_common/libesp_common.a
[777/1051] Building C object esp-idf/mbedtls/mbedtls/library/CMakeFiles/mbedcrypto.dir/psa_crypto_mac.c.obj
[242/1051] Linking C static library esp-idf/wpa_supplicant/libwpa_supplicant.a
[662/1051] Building C object esp-idf/bootloader_support/CMakeFiles/__idf_bootloader_support.dir/src/bootloader_efuse.c.obj
[737/1051] Building C object esp-idf/mbedtls/mbedtls/library/CMakeFiles/mbedcrypto.dir/cipher_wrap.c.obj
[757/1051] Building C object esp-idf/mbedtls/mbedtls/library/CMakeFiles/mbedcrypto.dir/cipher.c.obj
[701/1051] Building C object esp-idf/mbedtls/mbedtls/library/CMakeFiles/mbedx509.dir/x509write_crt.c.obj
[719/1051] Building C object esp-idf/mbedtls/mbedtls/library/CMakeFiles/mbedcrypto.dir/aes.c.obj
[778/1051] Building C object esp-idf/mbedtls/mbedtls/library/CMakeFiles/mbedcrypto.dir/psa_its_file.c.obj
[758/1051] Building C object esp-idf/mbedtls/mbedtls/library/CMakeFiles/mbedcrypto.dir/pkcs12.c.obj
[702/1051] Building C object esp-idf/mbedtls/mbedtls/library/CMakeFiles/mbedx509.dir/x509_create.c.obj
-- Components: app_trace app_update bootloader bootloader_support bt cmock console cxx driver efuse esp-tls esp_adc esp_app_format esp_bootloader_format esp_coex esp_common esp_driver_ana_cmpr esp_driver_bitscrambler esp_driver_cam esp_driver_dac esp_driver_gpio esp_driver_gptimer esp_driver_i2c esp_driver_i2s esp_driver_i3c esp_driver_isp esp_driver_jpeg esp_driver_ledc esp_driver_mcpwm esp_driver_parlio esp_driver_pcnt esp_driver_ppa esp_driver_rmt esp_driver_sd_intf esp_driver_sdio esp_driver_sdm esp_driver_sdmmc esp_driver_sdspi esp_driver_spi esp_driver_touch_sens esp_driver_tsens esp_driver_twai esp_driver_uart esp_driver_usb_serial_jtag esp_eth esp_event esp_gdbstub esp_hid esp_http_client esp_http_server esp_https_ota esp_https_server esp_hw_support esp_lcd esp_local_ctrl esp_mm esp_netif esp_netif_stack esp_partition esp_phy esp_pm esp_psram esp_ringbuf esp_rom esp_security esp_system esp_timer esp_vfs_console esp_wifi espcoredump esptool_py fatfs freertos hal heap http_parser idf_test ieee802154 json log lwip main mbedtls mqtt newlib nvs_flash nvs_sec_provider openthread partition_table perfmon protobuf-c protocomm pthread rt sdmmc soc spi_flash spiffs tcp_transport touch_element ulp unity usb vfs wear_levelling wifi_provisioning wpa_supplicant xtensa
-- Component paths: /home/tikhon/Документы/magnolia/esp-idf/components/app_trace /home/tikhon/Документы/magnolia/esp-idf/components/app_update /home/tikhon/Документы/magnolia/esp-idf/components/bootloader /home/tikhon/Документы/magnolia/esp-idf/components/bootloader_support /home/tikhon/Документы/magnolia/esp-idf/components/bt /home/tikhon/Документы/magnolia/esp-idf/components/cmock /home/tikhon/Документы/magnolia/esp-idf/components/console /home/tikhon/Документы/magnolia/esp-idf/components/cxx /home/tikhon/Документы/magnolia/esp-idf/components/driver /home/tikhon/Документы/magnolia/esp-idf/components/efuse /home/tikhon/Документы/magnolia/esp-idf/components/esp-tls /home/tikhon/Документы/magnolia/esp-idf/components/esp_adc /home/tikhon/Документы/magnolia/esp-idf/components/esp_app_format /home/tikhon/Документы/magnolia/esp-idf/components/esp_bootloader_format /home/tikhon/Документы/magnolia/esp-idf/components/esp_coex /home/tikhon/Документы/magnolia/esp-idf/components/esp_common /home/tikhon/Документы/magnolia/esp-idf/components/esp_driver_ana_cmpr /home/tikhon/Документы/magnolia/esp-idf/components/esp_driver_bitscrambler /home/tikhon/Документы/magnolia/esp-idf/components/esp_driver_cam /home/tikhon/Документы/magnolia/esp-idf/components/esp_driver_dac /home/tikhon/Документы/magnolia/esp-idf/components/esp_driver_gpio /home/tikhon/Документы/magnolia/esp-idf/components/esp_driver_gptimer /home/tikhon/Документы/magnolia/esp-idf/components/esp_driver_i2c /home/tikhon/Документы/magnolia/esp-idf/components/esp_driver_i2s /home/tikhon/Документы/magnolia/esp-idf/components/esp_driver_i3c /home/tikhon/Документы/magnolia/esp-idf/components/esp_driver_isp /home/tikhon/Документы/magnolia/esp-idf/components/esp_driver_jpeg /home/tikhon/Документы/magnolia/esp-idf/components/esp_driver_ledc /home/tikhon/Документы/magnolia/esp-idf/components/esp_driver_mcpwm /home/tikhon/Документы/magnolia/esp-idf/components/esp_driver_parlio /home/tikhon/Документы/magnolia/esp-idf/components/esp_driver_pcnt /home/tikhon/Документы/magnolia/esp-idf/components/esp_driver_ppa /home/tikhon/Документы/magnolia/esp-idf/components/esp_driver_rmt /home/tikhon/Документы/magnolia/esp-idf/components/esp_driver_sd_intf /home/tikhon/Документы/magnolia/esp-idf/components/esp_driver_sdio /home/tikhon/Документы/magnolia/esp-idf/components/esp_driver_sdm /home/tikhon/Документы/magnolia/esp-idf/components/esp_driver_sdmmc /home/tikhon/Документы/magnolia/esp-idf/components/esp_driver_sdspi /home/tikhon/Документы/magnolia/esp-idf/components/esp_driver_spi /home/tikhon/Документы/magnolia/esp-idf/components/esp_driver_touch_sens /home/tikhon/Документы/magnolia/esp-idf/components/esp_driver_tsens /home/tikhon/Документы/magnolia/esp-idf/components/esp_driver_twai /home/tikhon/Документы/magnolia/esp-idf/components/esp_driver_uart /home/tikhon/Документы/magnolia/esp-idf/components/esp_driver_usb_serial_jtag /home/tikhon/Документы/magnolia/esp-idf/components/esp_eth /home/tikhon/Документы/magnolia/esp-idf/components/esp_event /home/tikhon/Документы/magnolia/esp-idf/components/esp_gdbstub /home/tikhon/Документы/magnolia/esp-idf/components/esp_hid /home/tikhon/Документы/magnolia/esp-idf/components/esp_http_client /home/tikhon/Документы/magnolia/esp-idf/components/esp_http_server /home/tikhon/Документы/magnolia/esp-idf/components/esp_https_ota /home/tikhon/Документы/magnolia/esp-idf/components/esp_https_server /home/tikhon/Документы/magnolia/esp-idf/components/esp_hw_support /home/tikhon/Документы/magnolia/esp-idf/components/esp_lcd /home/tikhon/Документы/magnolia/esp-idf/components/esp_local_ctrl /home/tikhon/Документы/magnolia/esp-idf/components/esp_mm /home/tikhon/Документы/magnolia/esp-idf/components/esp_netif /home/tikhon/Документы/magnolia/esp-idf/components/esp_netif_stack /home/tikhon/Документы/magnolia/esp-idf/components/esp_partition /home/tikhon/Документы/magnolia/esp-idf/components/esp_phy /home/tikhon/Документы/magnolia/esp-idf/components/esp_pm /home/tikhon/Документы/magnolia/esp-idf/components/esp_psram /home/tikhon/Документы/magnolia/esp-idf/components/esp_ringbuf /home/tikhon/Документы/magnolia/esp-idf/components/esp_rom /home/tikhon/Документы/magnolia/esp-idf/components/esp_security /home/tikhon/Документы/magnolia/esp-idf/components/esp_system /home/tikhon/Документы/magnolia/esp-idf/components/esp_timer /home/tikhon/Документы/magnolia/esp-idf/components/esp_vfs_console /home/tikhon/Документы/magnolia/esp-idf/components/esp_wifi /home/tikhon/Документы/magnolia/esp-idf/components/espcoredump /home/tikhon/Документы/magnolia/esp-idf/components/esptool_py /home/tikhon/Документы/magnolia/esp-idf/components/fatfs /home/tikhon/Документы/magnolia/esp-idf/components/freertos /home/tikhon/Документы/magnolia/esp-idf/components/hal /home/tikhon/Документы/magnolia/esp-idf/components/heap /home/tikhon/Документы/magnolia/esp-idf/components/http_parser /home/tikhon/Документы/magnolia/esp-idf/components/idf_test /home/tikhon/Документы/magnolia/esp-idf/components/ieee802154 /home/tikhon/Документы/magnolia/esp-idf/components/json /home/tikhon/Документы/magnolia/esp-idf/components/log /home/tikhon/Документы/magnolia/esp-idf/components/lwip /home/tikhon/Документы/magnolia/applets/rust/rselftest/main /home/tikhon/Документы/magnolia/esp-idf/components/mbedtls /home/tikhon/Документы/magnolia/esp-idf/components/mqtt /home/tikhon/Документы/magnolia/esp-idf/components/newlib /home/tikhon/Документы/magnolia/esp-idf/components/nvs_flash /home/tikhon/Документы/magnolia/esp-idf/components/nvs_sec_provider /home/tikhon/Документы/magnolia/esp-idf/components/openthread /home/tikhon/Документы/magnolia/esp-idf/components/partition_table /home/tikhon/Документы/magnolia/esp-idf/components/perfmon /home/tikhon/Документы/magnolia/esp-idf/components/protobuf-c /home/tikhon/Документы/magnolia/esp-idf/components/protocomm /home/tikhon/Документы/magnolia/esp-idf/components/pthread /home/tikhon/Документы/magnolia/esp-idf/components/rt /home/tikhon/Документы/magnolia/esp-idf/components/sdmmc /home/tikhon/Документы/magnolia/esp-idf/components/soc /home/tikhon/Документы/magnolia/esp-idf/components/spi_flash /home/tikhon/Документы/magnolia/esp-idf/components/spiffs /home/tikhon/Документы/magnolia/esp-idf/components/tcp_transport /home/tikhon/Документы/magnolia/esp-idf/components/touch_element /home/tikhon/Документы/magnolia/esp-idf/components/ulp /home/tikhon/Документы/magnolia/esp-idf/components/unity /home/tikhon/Документы/magnolia/esp-idf/components/usb /home/tikhon/Документы/magnolia/esp-idf/components/vfs /home/tikhon/Документы/magnolia/esp-idf/components/wear_levelling /home/tikhon/Документы/magnolia/esp-idf/components/wifi_provisioning /home/tikhon/Документы/magnolia/esp-idf/components/wpa_supplicant /home/tikhon/Документы/magnolia/esp-idf/components/xtensa
[720/1051] Building C object esp-idf/mbedtls/mbedtls/library/CMakeFiles/mbedcrypto.dir/chacha20.c.obj
[686/1051] Building C object esp-idf/mbedtls/mbedtls/library/CMakeFiles/mbedtls.dir/ssl_tls13_generic.c.obj
[779/1051] Building C object esp-idf/mbedtls/mbedtls/library/CMakeFiles/mbedcrypto.dir/oid.c.obj
[660/1051] Building C object esp-idf/spi_flash/CMakeFiles/__idf_spi_flash.dir/memspi_host_driver.c.obj
[759/1051] Building C object esp-idf/mbedtls/mbedtls/library/CMakeFiles/mbedcrypto.dir/error.c.obj
[721/1051] Building C object esp-idf/mbedtls/mbedtls/library/CMakeFiles/mbedcrypto.dir/camellia.c.obj
[661/1051] Building C object esp-idf/esp_mm/CMakeFiles/__idf_esp_mm.dir/heap_align_hw.c.obj
[760/1051] Building C object esp-idf/mbedtls/mbedtls/library/CMakeFiles/mbedcrypto.dir/platform.c.obj
[663/1051] Building C object esp-idf/bootloader_support/CMakeFiles/__idf_bootloader_support.dir/src/bootloader_common_loader.c.obj
[687/1051] Building C object esp-idf/spi_flash/CMakeFiles/__idf_spi_flash.dir/esp_flash_api.c.obj
[807/1051] Building C object 'esp-idf/mbedtls/mbedtls/library/CMakeFiles/mbedcrypto.dir/home/tikhon/Документы/magnolia/esp-idf/components/mbedtls/port/bignum/bignum_alt.c.obj'
[761/1051] Building C object esp-idf/mbedtls/mbedtls/library/CMakeFiles/mbedcrypto.dir/platform_util.c.obj
[662/1051] Building C object esp-idf/esp_system/CMakeFiles/__idf_esp_system.dir/port/cpu_start.c.obj
[759/1049] Building C object esp-idf/mbedtls/mbedtls/library/CMakeFiles/mbedcrypto.dir/platform_util.c.obj
[703/1051] Building C object esp-idf/mbedtls/mbedtls/library/CMakeFiles/mbedtls.dir/ssl_tls12_client.c.obj
[722/1051] Building C object esp-idf/mbedtls/mbedtls/library/CMakeFiles/mbedcrypto.dir/block_cipher.c.obj
[738/1051] Building C object esp-idf/mbedtls/mbedtls/library/CMakeFiles/mbedcrypto.dir/entropy_poll.c.obj
[762/1051] Building C object esp-idf/mbedtls/mbedtls/library/CMakeFiles/mbedcrypto.dir/poly1305.c.obj
[404/1051] Building C object esp-idf/freertos/CMakeFiles/__idf_freertos.dir/FreeRTOS-Kernel/portable/xtensa/port.c.obj
[688/1051] Building C object esp-idf/mbedtls/mbedtls/library/CMakeFiles/mbedtls.dir/ssl_tls13_server.c.obj
[780/1051] Building C object esp-idf/mbedtls/mbedtls/library/CMakeFiles/mbedcrypto.dir/psa_crypto_ffdh.c.obj
[689/1051] Building C object esp-idf/bootloader_support/CMakeFiles/__idf_bootloader_support.dir/bootloader_flash/src/bootloader_flash_config_esp32s3.c.obj
[664/1051] Building C object esp-idf/bootloader_support/CMakeFiles/__idf_bootloader_support.dir/src/bootloader_clock_init.c.obj
[739/1051] Building C object esp-idf/mbedtls/mbedtls/library/CMakeFiles/mbedcrypto.dir/bignum_core.c.obj
[763/1051] Building C object esp-idf/mbedtls/mbedtls/library/CMakeFiles/mbedcrypto.dir/oid.c.obj
[665/1051] Building C object esp-idf/spi_flash/CMakeFiles/__idf_spi_flash.dir/flash_mmap.c.obj
[405/1051] Building C object esp-idf/freertos/CMakeFiles/__idf_freertos.dir/port_systick.c.obj
[740/1051] Building C object esp-idf/mbedtls/mbedtls/library/CMakeFiles/mbedcrypto.dir/ecdh.c.obj
[663/1051] Building C object esp-idf/bootloader_support/CMakeFiles/__idf_bootloader_support.dir/src/bootloader_clock_init.c.obj
[723/1051] Building C object 'esp-idf/mbedtls/mbedtls/library/CMakeFiles/mbedtls.dir/home/tikhon/Документы/magnolia/esp-idf/components/mbedtls/port/net_sockets.c.obj'
[764/1051] Building C object esp-idf/mbedtls/mbedtls/library/CMakeFiles/mbedcrypto.dir/pk_ecc.c.obj
[808/1051] Building C object 'esp-idf/mbedtls/mbedtls/library/CMakeFiles/mbedcrypto.dir/home/tikhon/Документы/magnolia/esp-idf/components/mbedtls/port/md/esp_md.c.obj'
[724/1051] Building C object esp-idf/mbedtls/mbedtls/library/CMakeFiles/mbedcrypto.dir/asn1write.c.obj
[664/1051] Building C object esp-idf/bootloader_support/CMakeFiles/__idf_bootloader_support.dir/src/bootloader_random_esp32s3.c.obj
[690/1051] Building C object esp-idf/mbedtls/mbedtls/library/CMakeFiles/mbedtls.dir/ssl_debug_helpers_generated.c.obj
[741/1051] Building C object esp-idf/mbedtls/mbedtls/library/CMakeFiles/mbedx509.dir/x509.c.obj
[809/1051] Linking CXX static library esp-idf/mbedtls/mbedtls/library/libmbedx509.a
[781/1051] Building C object esp-idf/mbedtls/mbedtls/library/CMakeFiles/mbedcrypto.dir/threading.c.obj
-- Configuring done (69.5s)
[666/1051] Building C object esp-idf/spi_flash/CMakeFiles/__idf_spi_flash.dir/spi_flash_os_func_app.c.obj
[691/1051] Building C object esp-idf/bootloader_support/CMakeFiles/__idf_bootloader_support.dir/src/esp_image_format.c.obj
[692/1051] Building C object 'esp-idf/mbedtls/mbedtls/library/CMakeFiles/mbedtls.dir/home/tikhon/Документы/magnolia/esp-idf/components/mbedtls/port/mbedtls_debug.c.obj'
[742/1051] Building C object esp-idf/mbedtls/mbedtls/library/CMakeFiles/mbedcrypto.dir/ecdsa.c.obj
[667/1051] Building C object esp-idf/spi_flash/CMakeFiles/__idf_spi_flash.dir/spi_flash_chip_mxic_opi.c.obj
[693/1051] Building C object esp-idf/mbedtls/mbedtls/library/CMakeFiles/mbedtls.dir/ssl_cache.c.obj
[665/1051] Building C object esp-idf/spi_flash/CMakeFiles/__idf_spi_flash.dir/spi_flash_chip_mxic_opi.c.obj
[810/1051] Building C object esp-idf/mbedtls/mbedtls/library/CMakeFiles/mbedcrypto.dir/sha3.c.obj
[743/1051] Linking CXX static library esp-idf/mbedtls/mbedtls/library/libmbedtls.a
[760/1049] Building C object esp-idf/mbedtls/mbedtls/library/CMakeFiles/mbedcrypto.dir/ecp.c.obj
[668/1051] Building C object esp-idf/bootloader_support/CMakeFiles/__idf_bootloader_support.dir/src/bootloader_random.c.obj
[694/1051] Building C object esp-idf/mbedtls/mbedtls/library/CMakeFiles/mbedtls.dir/ssl_tls13_client.c.obj
[666/1051] Building C object esp-idf/bootloader_support/CMakeFiles/__idf_bootloader_support.dir/src/bootloader_mem.c.obj
[765/1051] Building C object esp-idf/mbedtls/mbedtls/library/CMakeFiles/mbedcrypto.dir/pk_wrap.c.obj
[761/1049] Building C object esp-idf/mbedtls/mbedtls/library/CMakeFiles/mbedcrypto.dir/oid.c.obj
[669/1051] Building C object esp-idf/spi_flash/CMakeFiles/__idf_spi_flash.dir/cache_utils.c.obj
[695/1051] Building C object esp-idf/mbedtls/mbedtls/library/CMakeFiles/mbedtls.dir/ssl_ciphersuites.c.obj
[704/1051] Building C object esp-idf/bootloader_support/CMakeFiles/__idf_bootloader_support.dir/src/esp_image_format.c.obj
[744/1051] Building C object esp-idf/mbedtls/mbedtls/library/CMakeFiles/mbedcrypto.dir/hkdf.c.obj
[811/1051] Building C object 'esp-idf/mbedtls/mbedtls/library/CMakeFiles/mbedcrypto.dir/home/tikhon/Документы/magnolia/esp-idf/components/mbedtls/port/aes/dma/esp_aes_dma_core.c.obj'
[812/1051] Building C object 'esp-idf/mbedtls/mbedtls/library/CMakeFiles/mbedcrypto.dir/home/tikhon/Документы/magnolia/esp-idf/components/mbedtls/port/esp_ds/esp_rsa_dec_alt.c.obj'
[762/1049] Building C object esp-idf/mbedtls/mbedtls/library/CMakeFiles/mbedcrypto.dir/pk_wrap.c.obj
[782/1051] Building C object esp-idf/mbedtls/mbedtls/library/CMakeFiles/mbedcrypto.dir/psa_crypto_ecp.c.obj
[406/1051] Building C object esp-idf/esp_hw_support/CMakeFiles/__idf_esp_hw_support.dir/port/esp32s3/esp_cpu_intr.c.obj
[705/1051] Building C object esp-idf/mbedtls/mbedtls/library/CMakeFiles/mbedx509.dir/x509write_csr.c.obj
[696/1051] Building C object 'esp-idf/mbedtls/mbedtls/library/CMakeFiles/mbedtls.dir/home/tikhon/Документы/magnolia/esp-idf/components/mbedtls/port/esp_platform_time.c.obj'
[766/1051] Building C object esp-idf/mbedtls/mbedtls/library/CMakeFiles/mbedx509.dir/x509_crt.c.obj
[767/1051] Building C object esp-idf/mbedtls/mbedtls/library/CMakeFiles/mbedcrypto.dir/gcm.c.obj
[813/1051] Building C object 'esp-idf/mbedtls/mbedtls/library/CMakeFiles/mbedcrypto.dir/home/tikhon/Документы/magnolia/esp-idf/components/mbedtls/port/sha/core/esp_sha1.c.obj'
[407/1051] Building C object esp-idf/freertos/CMakeFiles/__idf_freertos.dir/FreeRTOS-Kernel/portable/xtensa/xtensa_overlay_os_hook.c.obj
[670/1051] Linking C static library esp-idf/esp_system/libesp_system.a
[667/1051] Building C object esp-idf/spi_flash/CMakeFiles/__idf_spi_flash.dir/flash_mmap.c.obj
[408/1051] Building C object esp-idf/esp_hw_support/CMakeFiles/__idf_esp_hw_support.dir/esp_memory_utils.c.obj
[783/1051] Building C object esp-idf/mbedtls/mbedtls/library/CMakeFiles/mbedcrypto.dir/timing.c.obj
[814/1051] Building C object 'esp-idf/mbedtls/mbedtls/library/CMakeFiles/mbedcrypto.dir/home/tikhon/Документы/magnolia/esp-idf/components/mbedtls/port/sha/core/esp_sha256.c.obj'
[409/1051] Building C object esp-idf/freertos/CMakeFiles/__idf_freertos.dir/esp_additions/idf_additions_event_groups.c.obj
[784/1051] Building C object esp-idf/mbedtls/mbedtls/library/CMakeFiles/mbedcrypto.dir/sha1.c.obj
[725/1051] Building C object esp-idf/mbedtls/mbedtls/library/CMakeFiles/mbedcrypto.dir/aria.c.obj
[671/1051] Building C object esp-idf/bootloader_support/CMakeFiles/__idf_bootloader_support.dir/src/bootloader_random_esp32s3.c.obj
[745/1051] Building C object esp-idf/mbedtls/mbedtls/library/CMakeFiles/mbedcrypto.dir/bignum.c.obj
[706/1051] Linking C static library esp-idf/spi_flash/libspi_flash.a
[785/1051] Building C object esp-idf/mbedtls/mbedtls/library/CMakeFiles/mbedcrypto.dir/sha256.c.obj
[707/1051] Building C object esp-idf/mbedtls/mbedtls/library/CMakeFiles/mbedtls.dir/ssl_ticket.c.obj
[815/1051] Building C object esp-idf/mbedtls/mbedtls/3rdparty/everest/CMakeFiles/everest.dir/library/Hacl_Curve25519_joined.c.obj
[668/1051] Linking C static library esp-idf/esp_system/libesp_system.a
[672/1051] Building C object esp-idf/esp_mm/CMakeFiles/__idf_esp_mm.dir/esp_cache_utils.c.obj
[708/1051] Building C object esp-idf/mbedtls/mbedtls/library/CMakeFiles/mbedcrypto.dir/aesni.c.obj
[763/1049] Building C object esp-idf/mbedtls/mbedtls/library/CMakeFiles/mbedcrypto.dir/pkcs5.c.obj
[410/1051] Building C object esp-idf/esp_hw_support/CMakeFiles/__idf_esp_hw_support.dir/port/esp32s3/cpu_region_protect.c.obj
[673/1051] Building C object esp-idf/spi_flash/CMakeFiles/__idf_spi_flash.dir/spi_flash_chip_generic.c.obj
[746/1051] Building C object esp-idf/mbedtls/mbedtls/library/CMakeFiles/mbedcrypto.dir/memory_buffer_alloc.c.obj
[669/1051] Building C object esp-idf/bootloader_support/CMakeFiles/__idf_bootloader_support.dir/src/bootloader_efuse.c.obj
[816/1051] Building C object 'esp-idf/mbedtls/mbedtls/library/CMakeFiles/mbedcrypto.dir/home/tikhon/Документы/magnolia/esp-idf/components/mbedtls/port/esp_ds/esp_rsa_sign_alt.c.obj'
[764/1049] Building C object esp-idf/mbedtls/mbedtls/library/CMakeFiles/mbedcrypto.dir/md.c.obj
[747/1051] Building C object esp-idf/mbedtls/mbedtls/library/CMakeFiles/mbedcrypto.dir/cmac.c.obj
[670/1051] Building C object esp-idf/spi_flash/CMakeFiles/__idf_spi_flash.dir/spi_flash_chip_generic.c.obj
[709/1051] Building C object esp-idf/mbedtls/mbedtls/library/CMakeFiles/mbedcrypto.dir/aesce.c.obj
[786/1051] Building C object esp-idf/mbedtls/mbedtls/library/CMakeFiles/mbedcrypto.dir/pkparse.c.obj
[697/1051] Building C object esp-idf/esp_mm/CMakeFiles/__idf_esp_mm.dir/esp_mmu_map.c.obj
[817/1051] Building C object 'esp-idf/mbedtls/mbedtls/library/CMakeFiles/mbedcrypto.dir/home/tikhon/Документы/magnolia/esp-idf/components/mbedtls/port/esp_ds/esp_ds_common.c.obj'
[748/1051] Building C object esp-idf/mbedtls/mbedtls/library/CMakeFiles/mbedcrypto.dir/lmots.c.obj
[674/1051] Building C object esp-idf/esp_mm/CMakeFiles/__idf_esp_mm.dir/esp_cache_msync.c.obj
[787/1051] Building C object esp-idf/mbedtls/mbedtls/library/CMakeFiles/mbedcrypto.dir/psa_util.c.obj
[698/1051] Building C object esp-idf/mbedtls/mbedtls/library/CMakeFiles/mbedtls.dir/ssl_ticket.c.obj
[710/1051] Linking C static library esp-idf/esp_mm/libesp_mm.a
[726/1051] Building C object esp-idf/mbedtls/mbedtls/library/CMakeFiles/mbedcrypto.dir/des.c.obj
[788/1051] Building C object esp-idf/mbedtls/mbedtls/library/CMakeFiles/mbedcrypto.dir/psa_crypto_storage.c.obj
[699/1051] Linking C static library esp-idf/spi_flash/libspi_flash.a
[765/1049] Building C object esp-idf/mbedtls/mbedtls/library/CMakeFiles/mbedcrypto.dir/gcm.c.obj
[768/1051] Building C object esp-idf/mbedtls/mbedtls/library/CMakeFiles/mbedcrypto.dir/psa_crypto_client.c.obj
[818/1051] Building C object 'esp-idf/mbedtls/mbedtls/library/CMakeFiles/mbedcrypto.dir/home/tikhon/Документы/magnolia/esp-idf/components/mbedtls/port/aes/dma/esp_aes.c.obj'
[789/1051] Building C object 'esp-idf/mbedtls/mbedtls/library/CMakeFiles/mbedcrypto.dir/home/tikhon/Документы/magnolia/esp-idf/components/mbedtls/port/sha/core/esp_sha_gdma_impl.c.obj'
[675/1051] Building C object esp-idf/bootloader_support/CMakeFiles/__idf_bootloader_support.dir/src/esp32s3/secure_boot_secure_features.c.obj
[727/1051] Building C object esp-idf/mbedtls/mbedtls/library/CMakeFiles/mbedcrypto.dir/cipher.c.obj
[769/1051] Building C object esp-idf/mbedtls/mbedtls/library/CMakeFiles/mbedcrypto.dir/psa_crypto_ecp.c.obj
[790/1051] Building C object esp-idf/mbedtls/mbedtls/library/CMakeFiles/mbedcrypto.dir/rsa_alt_helpers.c.obj
[749/1051] Building C object esp-idf/mbedtls/mbedtls/library/CMakeFiles/mbedcrypto.dir/entropy.c.obj
[671/1051] Building C object esp-idf/esp_mm/CMakeFiles/__idf_esp_mm.dir/esp_cache_utils.c.obj
[819/1051] Building C object 'esp-idf/mbedtls/mbedtls/library/CMakeFiles/mbedcrypto.dir/home/tikhon/Документы/magnolia/esp-idf/components/mbedtls/port/bignum/esp_bignum.c.obj'
[791/1051] Building C object esp-idf/mbedtls/mbedtls/library/CMakeFiles/mbedtls.dir/ssl_tls.c.obj
[711/1051] Building C object esp-idf/mbedtls/mbedtls/library/CMakeFiles/mbedx509.dir/x509_crt.c.obj
[243/1051] Building C object esp-idf/lwip/CMakeFiles/__idf_lwip.dir/lwip/src/core/raw.c.obj
[792/1051] Building C object 'esp-idf/mbedtls/mbedtls/library/CMakeFiles/mbedcrypto.dir/home/tikhon/Документы/magnolia/esp-idf/components/mbedtls/port/esp_mem.c.obj'
[700/1051] Building C object esp-idf/bootloader_support/CMakeFiles/__idf_bootloader_support.dir/bootloader_flash/src/bootloader_flash.c.obj
[820/1051] Building C object 'esp-idf/mbedtls/mbedtls/library/CMakeFiles/mbedcrypto.dir/home/tikhon/Документы/magnolia/esp-idf/components/mbedtls/port/sha/core/esp_sha512.c.obj'
[712/1051] Building C object esp-idf/mbedtls/mbedtls/library/CMakeFiles/mbedcrypto.dir/bignum_mod.c.obj
[750/1051] Building C object esp-idf/mbedtls/mbedtls/library/CMakeFiles/mbedcrypto.dir/lms.c.obj
[770/1051] Building C object esp-idf/mbedtls/mbedtls/library/CMakeFiles/mbedcrypto.dir/pkcs5.c.obj
[793/1051] Building C object esp-idf/mbedtls/mbedtls/library/CMakeFiles/mbedcrypto.dir/psa_crypto_rsa.c.obj
[672/1051] Building C object esp-idf/mbedtls/mbedtls/library/CMakeFiles/mbedtls.dir/debug.c.obj
[244/1051] Building C object esp-idf/esp_netif/CMakeFiles/__idf_esp_netif.dir/lwip/esp_netif_lwip.c.obj
[701/1051] Building C object esp-idf/mbedtls/mbedtls/library/CMakeFiles/mbedx509.dir/x509_create.c.obj
[766/1049] Building C object esp-idf/mbedtls/mbedtls/library/CMakeFiles/mbedcrypto.dir/pkwrite.c.obj
[673/1051] Building C object esp-idf/esp_mm/CMakeFiles/__idf_esp_mm.dir/esp_cache_msync.c.obj
[245/1051] Building C object esp-idf/lwip/CMakeFiles/__idf_lwip.dir/lwip/src/core/ipv4/autoip.c.obj
[676/1051] Building C object esp-idf/mbedtls/mbedtls/library/CMakeFiles/mbedtls.dir/ssl_cookie.c.obj
[771/1051] Building C object esp-idf/mbedtls/mbedtls/library/CMakeFiles/mbedcrypto.dir/psa_crypto_mac.c.obj
[794/1051] Building C object 'esp-idf/mbedtls/mbedtls/library/CMakeFiles/mbedcrypto.dir/home/tikhon/Документы/magnolia/esp-idf/components/mbedtls/port/esp_timing.c.obj'
[674/1051] Building C object esp-idf/spi_flash/CMakeFiles/__idf_spi_flash.dir/spi_flash_os_func_app.c.obj
[795/1051] Building C object esp-idf/mbedtls/mbedtls/library/CMakeFiles/mbedcrypto.dir/sha512.c.obj
[821/1051] Building C object esp-idf/mbedtls/mbedtls/3rdparty/p256-m/CMakeFiles/p256m.dir/p256-m/p256-m.c.obj
[796/1051] Building C object esp-idf/mbedtls/mbedtls/library/CMakeFiles/mbedcrypto.dir/version.c.obj
[767/1049] Building C object esp-idf/mbedtls/mbedtls/library/CMakeFiles/mbedcrypto.dir/psa_crypto_pake.c.obj
[751/1051] Building C object esp-idf/mbedtls/mbedtls/library/CMakeFiles/mbedcrypto.dir/padlock.c.obj
[822/1051] Building C object esp-idf/mbedtls/mbedtls/3rdparty/everest/CMakeFiles/everest.dir/library/everest.c.obj
[411/1051] Building C object esp-idf/esp_hw_support/CMakeFiles/__idf_esp_hw_support.dir/cpu.c.obj
[768/1049] Building C object esp-idf/mbedtls/mbedtls/library/CMakeFiles/mbedcrypto.dir/bignum.c.obj
[677/1051] Building C object esp-idf/bootloader_support/CMakeFiles/__idf_bootloader_support.dir/src/flash_partitions.c.obj
[675/1051] Building C object esp-idf/bootloader_support/CMakeFiles/__idf_bootloader_support.dir/src/bootloader_common.c.obj
[823/1051] Building C object esp-idf/mbedtls/mbedtls/3rdparty/everest/CMakeFiles/everest.dir/library/x25519.c.obj
[702/1051] Building C object esp-idf/mbedtls/mbedtls/library/CMakeFiles/mbedx509.dir/x509write.c.obj
[824/1051] Building C object esp-idf/mbedtls/mbedtls/3rdparty/p256-m/CMakeFiles/p256m.dir/p256-m_driver_entrypoints.c.obj
[752/1051] Building C object esp-idf/mbedtls/mbedtls/library/CMakeFiles/mbedcrypto.dir/nist_kw.c.obj
[797/1051] Building C object esp-idf/mbedtls/mbedtls/library/CMakeFiles/mbedcrypto.dir/version_features.c.obj
[825/1051] Building C object 'esp-idf/mbedtls/mbedtls/library/CMakeFiles/mbedcrypto.dir/home/tikhon/Документы/magnolia/esp-idf/components/mbedtls/port/aes/esp_aes_gcm.c.obj'
[678/1051] Building C object esp-idf/mbedtls/mbedtls/library/CMakeFiles/mbedtls.dir/debug.c.obj
[412/1051] Building C object esp-idf/freertos/CMakeFiles/__idf_freertos.dir/FreeRTOS-Kernel/stream_buffer.c.obj
[769/1049] Building C object esp-idf/mbedtls/mbedtls/library/CMakeFiles/mbedcrypto.dir/psa_crypto_client.c.obj
[246/1051] Building C object esp-idf/lwip/CMakeFiles/__idf_lwip.dir/lwip/src/core/dns.c.obj
[728/1051] Building C object esp-idf/mbedtls/mbedtls/library/CMakeFiles/mbedcrypto.dir/constant_time.c.obj
[413/1051] Building C object esp-idf/freertos/CMakeFiles/__idf_freertos.dir/esp_additions/idf_additions.c.obj
[703/1051] Linking C static library esp-idf/esp_mm/libesp_mm.a
[713/1051] Building C object esp-idf/mbedtls/mbedtls/library/CMakeFiles/mbedtls.dir/ssl_client.c.obj
[247/1051] Building C object esp-idf/lwip/CMakeFiles/__idf_lwip.dir/lwip/src/core/ipv4/icmp.c.obj
[679/1051] Building C object esp-idf/bootloader_support/CMakeFiles/__idf_bootloader_support.dir/src/bootloader_common.c.obj
[704/1051] Building C object esp-idf/mbedtls/mbedtls/library/CMakeFiles/mbedx509.dir/x509write_crt.c.obj
[826/1051] Building C object 'esp-idf/mbedtls/mbedtls/library/CMakeFiles/mbedcrypto.dir/home/tikhon/Документы/magnolia/esp-idf/components/mbedtls/port/sha/core/sha.c.obj'
[770/1049] Building C object esp-idf/mbedtls/mbedtls/library/CMakeFiles/mbedcrypto.dir/psa_crypto_driver_wrappers_no_static.c.obj
[772/1051] Building C object esp-idf/mbedtls/mbedtls/library/CMakeFiles/mbedcrypto.dir/psa_crypto_se.c.obj
[714/1051] Linking C static library esp-idf/bootloader_support/libbootloader_support.a
[676/1051] Building C object esp-idf/esp_mm/CMakeFiles/__idf_esp_mm.dir/esp_mmu_map.c.obj
[414/1051] Building C object esp-idf/esp_hw_support/CMakeFiles/__idf_esp_hw_support.dir/revision.c.obj
[680/1051] Building C object esp-idf/bootloader_support/CMakeFiles/__idf_bootloader_support.dir/src/flash_encrypt.c.obj
[753/1051] Building C object esp-idf/mbedtls/mbedtls/library/CMakeFiles/mbedcrypto.dir/pkcs5.c.obj
[773/1051] Building C object esp-idf/mbedtls/mbedtls/library/CMakeFiles/mbedcrypto.dir/pkwrite.c.obj
[677/1051] Building C object esp-idf/mbedtls/mbedtls/library/CMakeFiles/mbedtls.dir/ssl_cache.c.obj
[678/1051] Building C object esp-idf/bootloader_support/CMakeFiles/__idf_bootloader_support.dir/src/esp_image_format.c.obj
[754/1051] Building C object esp-idf/mbedtls/mbedtls/library/CMakeFiles/mbedcrypto.dir/cipher.c.obj
[681/1051] Building C object esp-idf/mbedtls/mbedtls/library/CMakeFiles/mbedtls.dir/mps_reader.c.obj
[755/1051] Building C object esp-idf/mbedtls/mbedtls/library/CMakeFiles/mbedcrypto.dir/pkcs12.c.obj
[729/1051] Building C object esp-idf/mbedtls/mbedtls/library/CMakeFiles/mbedcrypto.dir/ecjpake.c.obj
[682/1051] Building C object esp-idf/mbedtls/mbedtls/library/CMakeFiles/mbedtls.dir/mps_trace.c.obj
[771/1049] Building C object esp-idf/mbedtls/mbedtls/library/CMakeFiles/mbedcrypto.dir/ecp_curves.c.obj
[774/1051] Building C object esp-idf/mbedtls/mbedtls/library/CMakeFiles/mbedcrypto.dir/psa_its_file.c.obj
[798/1051] Building C object esp-idf/mbedtls/mbedtls/library/CMakeFiles/mbedcrypto.dir/psa_crypto_slot_management.c.obj
[705/1051] Building C object esp-idf/mbedtls/mbedtls/library/CMakeFiles/mbedtls.dir/ssl_tls12_client.c.obj
[679/1051] Building C object esp-idf/bootloader_support/CMakeFiles/__idf_bootloader_support.dir/src/flash_partitions.c.obj
[415/1051] Building CXX object esp-idf/nvs_flash/CMakeFiles/__idf_nvs_flash.dir/src/nvs_api.cpp.obj
[706/1051] Building C object esp-idf/mbedtls/mbedtls/library/CMakeFiles/mbedcrypto.dir/aesni.c.obj
[683/1051] Building C object esp-idf/bootloader_support/CMakeFiles/__idf_bootloader_support.dir/src/secure_boot.c.obj
[707/1051] Building C object esp-idf/bootloader_support/CMakeFiles/__idf_bootloader_support.dir/src/bootloader_utility.c.obj
[772/1049] Building C object esp-idf/mbedtls/mbedtls/library/CMakeFiles/mbedcrypto.dir/psa_crypto_se.c.obj
[248/1051] Building C object esp-idf/lwip/CMakeFiles/__idf_lwip.dir/lwip/src/core/netif.c.obj
[680/1051] Building C object esp-idf/spi_flash/CMakeFiles/__idf_spi_flash.dir/esp_flash_spi_init.c.obj
[249/1051] Building C object esp-idf/lwip/CMakeFiles/__idf_lwip.dir/lwip/src/core/timeouts.c.obj
[708/1051] Building C object esp-idf/mbedtls/mbedtls/library/CMakeFiles/mbedx509.dir/x509write_csr.c.obj
[681/1051] Building C object esp-idf/bootloader_support/CMakeFiles/__idf_bootloader_support.dir/src/esp32s3/secure_boot_secure_features.c.obj
[799/1051] Building C object 'esp-idf/mbedtls/mbedtls/library/CMakeFiles/mbedcrypto.dir/home/tikhon/Документы/magnolia/esp-idf/components/mbedtls/port/aes/dma/esp_aes_gdma_impl.c.obj'
[773/1049] Building C object esp-idf/mbedtls/mbedtls/library/CMakeFiles/mbedcrypto.dir/pk.c.obj
[756/1051] Building C object esp-idf/mbedtls/mbedtls/library/CMakeFiles/mbedcrypto.dir/md5.c.obj
[416/1051] Building C object esp-idf/esp_driver_uart/CMakeFiles/__idf_esp_driver_uart.dir/src/uart.c.obj
[682/1051] Building C object esp-idf/bootloader_support/CMakeFiles/__idf_bootloader_support.dir/src/flash_encrypt.c.obj
[757/1051] Building C object esp-idf/mbedtls/mbedtls/library/CMakeFiles/mbedcrypto.dir/pk_ecc.c.obj
[774/1049] Building C object esp-idf/mbedtls/mbedtls/library/CMakeFiles/mbedcrypto.dir/psa_crypto_storage.c.obj
[684/1051] Building C object esp-idf/mbedtls/mbedtls/library/CMakeFiles/mbedtls.dir/ssl_client.c.obj
[715/1051] Building C object esp-idf/mbedtls/mbedtls/library/CMakeFiles/mbedcrypto.dir/bignum_mod_raw.c.obj
[417/1051] Building CXX object esp-idf/cxx/CMakeFiles/__idf_cxx.dir/cxx_guards.cpp.obj
[775/1051] Building C object esp-idf/mbedtls/mbedtls/library/CMakeFiles/mbedcrypto.dir/psa_crypto_ffdh.c.obj
[683/1051] Building C object esp-idf/mbedtls/mbedtls/library/CMakeFiles/mbedtls.dir/mps_trace.c.obj
[800/1051] Linking CXX static library esp-idf/mbedtls/mbedtls/library/libmbedtls.a
[758/1051] Building C object esp-idf/mbedtls/mbedtls/library/CMakeFiles/mbedcrypto.dir/pk.c.obj
[684/1051] Building C object esp-idf/mbedtls/mbedtls/library/CMakeFiles/mbedtls.dir/ssl_cookie.c.obj
[801/1051] Building C object 'esp-idf/mbedtls/mbedtls/library/CMakeFiles/mbedcrypto.dir/home/tikhon/Документы/magnolia/esp-idf/components/mbedtls/port/esp_hardware.c.obj'
[418/1051] Building C object esp-idf/esp_hw_support/CMakeFiles/__idf_esp_hw_support.dir/hw_random.c.obj
[716/1051] Building C object esp-idf/mbedtls/mbedtls/library/CMakeFiles/mbedcrypto.dir/ccm.c.obj
[685/1051] Building C object esp-idf/bootloader_support/CMakeFiles/__idf_bootloader_support.dir/src/secure_boot.c.obj
[686/1051] Building C object esp-idf/mbedtls/mbedtls/library/CMakeFiles/mbedtls.dir/mps_reader.c.obj
[250/1051] Building C object esp-idf/lwip/CMakeFiles/__idf_lwip.dir/lwip/src/core/tcp_in.c.obj
[419/1051] Building C object esp-idf/esp_hw_support/CMakeFiles/__idf_esp_hw_support.dir/intr_alloc.c.obj
[717/1051] Building C object esp-idf/mbedtls/mbedtls/library/CMakeFiles/mbedcrypto.dir/block_cipher.c.obj
[685/1051] Building C object esp-idf/bootloader_support/CMakeFiles/__idf_bootloader_support.dir/bootloader_flash/src/flash_qio_mode.c.obj
[420/1051] Building CXX object esp-idf/nvs_flash/CMakeFiles/__idf_nvs_flash.dir/src/nvs_types.cpp.obj
[776/1051] Building C object esp-idf/mbedtls/mbedtls/library/CMakeFiles/mbedcrypto.dir/psa_util.c.obj
[730/1051] Building C object esp-idf/mbedtls/mbedtls/library/CMakeFiles/mbedcrypto.dir/bignum_core.c.obj
[421/1051] Building C object esp-idf/esp_hw_support/CMakeFiles/__idf_esp_hw_support.dir/esp_gpio_reserve.c.obj
[759/1051] Building C object esp-idf/mbedtls/mbedtls/library/CMakeFiles/mbedcrypto.dir/poly1305.c.obj
[686/1051] Building C object esp-idf/mbedtls/mbedtls/library/CMakeFiles/mbedtls.dir/ssl_tls13_client.c.obj
[777/1051] Building C object esp-idf/mbedtls/mbedtls/library/CMakeFiles/mbedcrypto.dir/psa_crypto_hash.c.obj
[731/1051] Building C object esp-idf/mbedtls/mbedtls/library/CMakeFiles/mbedcrypto.dir/ecdsa.c.obj
[778/1051] Building C object esp-idf/mbedtls/mbedtls/library/CMakeFiles/mbedcrypto.dir/ecp_curves.c.obj
[422/1051] Building C object esp-idf/esp_hw_support/CMakeFiles/__idf_esp_hw_support.dir/mac_addr.c.obj
[718/1051] Building C object esp-idf/mbedtls/mbedtls/library/CMakeFiles/mbedcrypto.dir/aria.c.obj
[687/1051] Building C object esp-idf/mbedtls/mbedtls/library/CMakeFiles/mbedtls.dir/ssl_tls13_keys.c.obj
[709/1051] Building C object esp-idf/mbedtls/mbedtls/library/CMakeFiles/mbedcrypto.dir/aesce.c.obj
[775/1049] Building C object esp-idf/mbedtls/mbedtls/library/CMakeFiles/mbedcrypto.dir/ripemd160.c.obj
[688/1051] Building C object esp-idf/mbedtls/mbedtls/library/CMakeFiles/mbedtls.dir/ssl_tls13_server.c.obj
[719/1051] Building C object 'esp-idf/mbedtls/mbedtls/library/CMakeFiles/mbedtls.dir/home/tikhon/Документы/magnolia/esp-idf/components/mbedtls/port/net_sockets.c.obj'
[760/1051] Building C object esp-idf/mbedtls/mbedtls/library/CMakeFiles/mbedcrypto.dir/platform.c.obj
[732/1051] Building C object esp-idf/mbedtls/mbedtls/library/CMakeFiles/mbedcrypto.dir/ecp_curves_new.c.obj
[779/1051] Building C object esp-idf/mbedtls/mbedtls/library/CMakeFiles/mbedcrypto.dir/ripemd160.c.obj
[776/1049] Building C object esp-idf/mbedtls/mbedtls/library/CMakeFiles/mbedcrypto.dir/psa_crypto_hash.c.obj
[761/1051] Building C object esp-idf/mbedtls/mbedtls/library/CMakeFiles/mbedcrypto.dir/hmac_drbg.c.obj
[423/1051] Building C object esp-idf/esp_hw_support/CMakeFiles/__idf_esp_hw_support.dir/clk_ctrl_os.c.obj
[720/1051] Building C object esp-idf/mbedtls/mbedtls/library/CMakeFiles/mbedx509.dir/x509_crl.c.obj
[780/1051] Building C object esp-idf/mbedtls/mbedtls/library/CMakeFiles/mbedcrypto.dir/psa_crypto_driver_wrappers_no_static.c.obj
[721/1051] Building C object esp-idf/mbedtls/mbedtls/library/CMakeFiles/mbedcrypto.dir/asn1parse.c.obj
[687/1051] Building C object esp-idf/mbedtls/mbedtls/library/CMakeFiles/mbedtls.dir/ssl_tls13_server.c.obj
[722/1051] Building C object esp-idf/mbedtls/mbedtls/library/CMakeFiles/mbedcrypto.dir/asn1write.c.obj
[762/1051] Building C object esp-idf/mbedtls/mbedtls/library/CMakeFiles/mbedx509.dir/x509_crt.c.obj
[733/1051] Building C object esp-idf/mbedtls/mbedtls/library/CMakeFiles/mbedcrypto.dir/cipher_wrap.c.obj
[723/1051] Building C object esp-idf/mbedtls/mbedtls/library/CMakeFiles/mbedcrypto.dir/camellia.c.obj
[710/1051] Building C object esp-idf/mbedtls/mbedtls/library/CMakeFiles/mbedtls.dir/ssl_client.c.obj
[424/1051] Building CXX object esp-idf/nvs_flash/CMakeFiles/__idf_nvs_flash.dir/src/nvs_pagemanager.cpp.obj
[711/1051] Linking C static library esp-idf/bootloader_support/libbootloader_support.a
[689/1051] Building C object esp-idf/mbedtls/mbedtls/library/CMakeFiles/mbedtls.dir/ssl_ciphersuites.c.obj
[688/1051] Building C object esp-idf/bootloader_support/CMakeFiles/__idf_bootloader_support.dir/src/bootloader_sha.c.obj
[763/1051] Building C object esp-idf/mbedtls/mbedtls/library/CMakeFiles/mbedcrypto.dir/error.c.obj
[802/1051] Building C object 'esp-idf/mbedtls/mbedtls/library/CMakeFiles/mbedcrypto.dir/home/tikhon/Документы/magnolia/esp-idf/components/mbedtls/port/aes/esp_aes_xts.c.obj'
[734/1051] Building C object esp-idf/mbedtls/mbedtls/library/CMakeFiles/mbedcrypto.dir/ccm.c.obj
[781/1051] Building C object esp-idf/mbedtls/mbedtls/library/CMakeFiles/mbedcrypto.dir/psa_crypto_rsa.c.obj
[724/1051] Building C object esp-idf/mbedtls/mbedtls/library/CMakeFiles/mbedtls.dir/ssl_tls12_server.c.obj
[777/1049] Building C object esp-idf/mbedtls/mbedtls/library/CMakeFiles/mbedcrypto.dir/psa_crypto_aead.c.obj
[735/1051] Building C object esp-idf/mbedtls/mbedtls/library/CMakeFiles/mbedcrypto.dir/ecdh.c.obj
[425/1051] Building C object esp-idf/esp_hw_support/CMakeFiles/__idf_esp_hw_support.dir/regi2c_ctrl.c.obj
[803/1051] Building C object esp-idf/mbedtls/mbedtls/library/CMakeFiles/mbedcrypto.dir/ecp.c.obj
[689/1051] Building C object esp-idf/bootloader_support/CMakeFiles/__idf_bootloader_support.dir/bootloader_flash/src/flash_qio_mode.c.obj
[782/1051] Building C object esp-idf/mbedtls/mbedtls/library/CMakeFiles/mbedcrypto.dir/psa_crypto_aead.c.obj
[804/1051] Building C object 'esp-idf/mbedtls/mbedtls/library/CMakeFiles/mbedcrypto.dir/home/tikhon/Документы/magnolia/esp-idf/components/mbedtls/port/bignum/bignum_alt.c.obj'
[725/1051] Building C object esp-idf/mbedtls/mbedtls/library/CMakeFiles/mbedx509.dir/pkcs7.c.obj
[736/1051] Building C object esp-idf/mbedtls/mbedtls/library/CMakeFiles/mbedcrypto.dir/ctr_drbg.c.obj
[778/1049] Building C object esp-idf/mbedtls/mbedtls/library/CMakeFiles/mbedcrypto.dir/psa_its_file.c.obj
[805/1051] Building C object 'esp-idf/mbedtls/mbedtls/library/CMakeFiles/mbedcrypto.dir/home/tikhon/Документы/magnolia/esp-idf/components/mbedtls/port/sha/esp_sha.c.obj'
[726/1051] Building C object esp-idf/mbedtls/mbedtls/library/CMakeFiles/mbedcrypto.dir/aes.c.obj
[783/1051] Building C object esp-idf/mbedtls/mbedtls/library/CMakeFiles/mbedcrypto.dir/pk.c.obj
[690/1051] Linking C static library esp-idf/spi_flash/libspi_flash.a
[784/1051] Building C object esp-idf/mbedtls/mbedtls/library/CMakeFiles/mbedcrypto.dir/psa_crypto_pake.c.obj
[727/1051] Building C object esp-idf/mbedtls/mbedtls/library/CMakeFiles/mbedcrypto.dir/base64.c.obj
[690/1051] Building C object 'esp-idf/mbedtls/mbedtls/library/CMakeFiles/mbedtls.dir/home/tikhon/Документы/magnolia/esp-idf/components/mbedtls/port/esp_platform_time.c.obj'
[737/1051] Building C object esp-idf/mbedtls/mbedtls/library/CMakeFiles/mbedx509.dir/x509.c.obj
[426/1051] Building C object esp-idf/freertos/CMakeFiles/__idf_freertos.dir/FreeRTOS-Kernel/queue.c.obj
[691/1051] Building C object esp-idf/bootloader_support/CMakeFiles/__idf_bootloader_support.dir/bootloader_flash/src/bootloader_flash_config_esp32s3.c.obj
[728/1051] Building C object esp-idf/mbedtls/mbedtls/library/CMakeFiles/mbedx509.dir/x509_csr.c.obj
[785/1051] Building C object esp-idf/mbedtls/mbedtls/library/CMakeFiles/mbedcrypto.dir/timing.c.obj
[691/1051] Building C object esp-idf/mbedtls/mbedtls/library/CMakeFiles/mbedtls.dir/ssl_tls13_client.c.obj
[729/1051] Building C object esp-idf/mbedtls/mbedtls/library/CMakeFiles/mbedcrypto.dir/chacha20.c.obj
[730/1051] Building C object esp-idf/mbedtls/mbedtls/library/CMakeFiles/mbedcrypto.dir/chachapoly.c.obj
[779/1049] Building C object esp-idf/mbedtls/mbedtls/library/CMakeFiles/mbedcrypto.dir/pkparse.c.obj
[738/1051] Building C object esp-idf/mbedtls/mbedtls/library/CMakeFiles/mbedtls.dir/ssl_msg.c.obj
[786/1051] Building C object esp-idf/mbedtls/mbedtls/library/CMakeFiles/mbedcrypto.dir/sha1.c.obj
[806/1051] Building C object 'esp-idf/mbedtls/mbedtls/library/CMakeFiles/mbedcrypto.dir/home/tikhon/Документы/magnolia/esp-idf/components/mbedtls/port/aes/esp_aes_common.c.obj'
[764/1051] Building C object esp-idf/mbedtls/mbedtls/library/CMakeFiles/mbedcrypto.dir/pem.c.obj
[780/1049] Building C object esp-idf/mbedtls/mbedtls/library/CMakeFiles/mbedcrypto.dir/psa_crypto_cipher.c.obj
[712/1051] Building C object esp-idf/mbedtls/mbedtls/library/CMakeFiles/mbedx509.dir/x509_crl.c.obj
[781/1049] Building C object esp-idf/mbedtls/mbedtls/library/CMakeFiles/mbedcrypto.dir/psa_crypto_ffdh.c.obj
[765/1051] Building C object esp-idf/mbedtls/mbedtls/library/CMakeFiles/mbedcrypto.dir/md.c.obj
[739/1051] Building C object esp-idf/mbedtls/mbedtls/library/CMakeFiles/mbedcrypto.dir/lmots.c.obj
[251/1051] Building C object esp-idf/lwip/CMakeFiles/__idf_lwip.dir/lwip/src/core/ipv4/igmp.c.obj
[427/1051] Building C object esp-idf/esp_hw_support/CMakeFiles/__idf_esp_hw_support.dir/port/esp32s3/io_mux.c.obj
[692/1051] Building C object esp-idf/bootloader_support/CMakeFiles/__idf_bootloader_support.dir/src/bootloader_sha.c.obj
[807/1051] Building C object 'esp-idf/mbedtls/mbedtls/library/CMakeFiles/mbedcrypto.dir/home/tikhon/Документы/magnolia/esp-idf/components/mbedtls/port/crypto_shared_gdma/esp_crypto_shared_gdma.c.obj'
[692/1051] Building C object esp-idf/bootloader_support/CMakeFiles/__idf_bootloader_support.dir/bootloader_flash/src/bootloader_flash_config_esp32s3.c.obj
[693/1051] Building C object esp-idf/mbedtls/mbedtls/library/CMakeFiles/mbedtls.dir/ssl_tls13_generic.c.obj
[252/1051] Building C object esp-idf/lwip/CMakeFiles/__idf_lwip.dir/lwip/src/api/api_msg.c.obj
[766/1051] Building C object esp-idf/mbedtls/mbedtls/library/CMakeFiles/mbedcrypto.dir/platform_util.c.obj
[428/1051] Building C object esp-idf/esp_hw_support/CMakeFiles/__idf_esp_hw_support.dir/esp_clk.c.obj
[693/1051] Building C object esp-idf/mbedtls/mbedtls/library/CMakeFiles/mbedtls.dir/ssl_tls13_keys.c.obj
[253/1051] Building C object esp-idf/lwip/CMakeFiles/__idf_lwip.dir/lwip/src/core/ipv4/etharp.c.obj
[740/1051] Building C object esp-idf/mbedtls/mbedtls/library/CMakeFiles/mbedcrypto.dir/cmac.c.obj
[731/1051] Building C object esp-idf/mbedtls/mbedtls/library/CMakeFiles/mbedcrypto.dir/constant_time.c.obj
[694/1051] Building C object esp-idf/mbedtls/mbedtls/library/CMakeFiles/mbedtls.dir/ssl_tls13_generic.c.obj
[254/1051] Building C object esp-idf/lwip/CMakeFiles/__idf_lwip.dir/lwip/src/core/ipv4/ip4_napt.c.obj
[787/1051] Building C object esp-idf/mbedtls/mbedtls/library/CMakeFiles/mbedcrypto.dir/psa_crypto_storage.c.obj
[788/1051] Building C object 'esp-idf/mbedtls/mbedtls/library/CMakeFiles/mbedcrypto.dir/home/tikhon/Документы/magnolia/esp-idf/components/mbedtls/port/aes/dma/esp_aes_gdma_impl.c.obj'
[741/1051] Building C object esp-idf/mbedtls/mbedtls/library/CMakeFiles/mbedcrypto.dir/md5.c.obj
[808/1051] Linking CXX static library esp-idf/mbedtls/mbedtls/library/libmbedx509.a
[742/1051] Building C object esp-idf/mbedtls/mbedtls/library/CMakeFiles/mbedcrypto.dir/hkdf.c.obj
[694/1051] Building C object esp-idf/bootloader_support/CMakeFiles/__idf_bootloader_support.dir/bootloader_flash/src/bootloader_flash.c.obj
[695/1051] Linking C static library esp-idf/esp_mm/libesp_mm.a
[789/1051] Building C object esp-idf/mbedtls/mbedtls/library/CMakeFiles/mbedcrypto.dir/psa_crypto_cipher.c.obj
[790/1051] Building C object esp-idf/mbedtls/mbedtls/library/CMakeFiles/mbedcrypto.dir/sha3.c.obj
[713/1051] Building C object esp-idf/mbedtls/mbedtls/library/CMakeFiles/mbedcrypto.dir/asn1parse.c.obj
[695/1051] Building C object esp-idf/mbedtls/mbedtls/library/CMakeFiles/mbedtls.dir/ssl_debug_helpers_generated.c.obj
[696/1051] Building C object esp-idf/mbedtls/mbedtls/library/CMakeFiles/mbedtls.dir/ssl_ciphersuites.c.obj
[791/1051] Building C object esp-idf/mbedtls/mbedtls/library/CMakeFiles/mbedcrypto.dir/threading.c.obj
[792/1051] Building C object esp-idf/mbedtls/mbedtls/library/CMakeFiles/mbedcrypto.dir/version_features.c.obj
[714/1051] Building C object esp-idf/mbedtls/mbedtls/library/CMakeFiles/mbedcrypto.dir/asn1write.c.obj
[782/1049] Building C object esp-idf/mbedtls/mbedtls/library/CMakeFiles/mbedcrypto.dir/psa_crypto_mac.c.obj
[809/1051] Building C object 'esp-idf/mbedtls/mbedtls/library/CMakeFiles/mbedcrypto.dir/home/tikhon/Документы/magnolia/esp-idf/components/mbedtls/port/esp_ds/esp_rsa_dec_alt.c.obj'
[696/1051] Building C object esp-idf/mbedtls/mbedtls/library/CMakeFiles/mbedtls.dir/ssl_cache.c.obj
[255/1051] Building C object esp-idf/lwip/CMakeFiles/__idf_lwip.dir/lwip/src/core/ipv4/ip4_frag.c.obj
[697/1051] Building C object esp-idf/mbedtls/mbedtls/library/CMakeFiles/mbedx509.dir/x509_create.c.obj
[429/1051] Building C object esp-idf/esp_hw_support/CMakeFiles/__idf_esp_hw_support.dir/sar_tsens_ctrl.c.obj
[767/1051] Building C object esp-idf/mbedtls/mbedtls/library/CMakeFiles/mbedcrypto.dir/pkwrite.c.obj
[743/1051] Building C object esp-idf/mbedtls/mbedtls/library/CMakeFiles/mbedcrypto.dir/dhm.c.obj
[697/1051] Building C object esp-idf/mbedtls/mbedtls/library/CMakeFiles/mbedtls.dir/ssl_tls12_client.c.obj
[783/1049] Building C object esp-idf/mbedtls/mbedtls/library/CMakeFiles/mbedcrypto.dir/sha256.c.obj
[256/1051] Building C object esp-idf/lwip/CMakeFiles/__idf_lwip.dir/lwip/src/core/ipv6/dhcp6.c.obj
[698/1051] Building C object 'esp-idf/mbedtls/mbedtls/library/CMakeFiles/mbedtls.dir/home/tikhon/Документы/magnolia/esp-idf/components/mbedtls/port/esp_platform_time.c.obj'
[732/1051] Building C object esp-idf/mbedtls/mbedtls/library/CMakeFiles/mbedcrypto.dir/ecjpake.c.obj
[744/1051] Building C object esp-idf/mbedtls/mbedtls/library/CMakeFiles/mbedtls.dir/ssl_tls12_client.c.obj
[793/1051] Building C object 'esp-idf/mbedtls/mbedtls/library/CMakeFiles/mbedcrypto.dir/home/tikhon/Документы/magnolia/esp-idf/components/mbedtls/port/esp_timing.c.obj'
[430/1051] Building C object esp-idf/esp_hw_support/CMakeFiles/__idf_esp_hw_support.dir/dma/esp_dma_utils.c.obj
[768/1051] Building C object esp-idf/mbedtls/mbedtls/library/CMakeFiles/mbedcrypto.dir/gcm.c.obj
[745/1051] Building C object esp-idf/mbedtls/mbedtls/library/CMakeFiles/mbedcrypto.dir/lms.c.obj
[257/1051] Building C object esp-idf/lwip/CMakeFiles/__idf_lwip.dir/lwip/src/core/pbuf.c.obj
[698/1051] Building C object esp-idf/mbedtls/mbedtls/library/CMakeFiles/mbedx509.dir/x509_create.c.obj
[784/1049] Building C object esp-idf/mbedtls/mbedtls/library/CMakeFiles/mbedcrypto.dir/rsa_alt_helpers.c.obj
[733/1051] Building C object esp-idf/mbedtls/mbedtls/library/CMakeFiles/mbedcrypto.dir/des.c.obj
[794/1051] Building C object esp-idf/mbedtls/mbedtls/library/CMakeFiles/mbedcrypto.dir/rsa_alt_helpers.c.obj
[431/1051] Building C object esp-idf/esp_hw_support/CMakeFiles/__idf_esp_hw_support.dir/clk_utils.c.obj
[785/1049] Building C object esp-idf/mbedtls/mbedtls/library/CMakeFiles/mbedcrypto.dir/sha1.c.obj
[769/1051] Building C object esp-idf/mbedtls/mbedtls/library/CMakeFiles/mbedcrypto.dir/psa_crypto_client.c.obj
[810/1051] Building C object 'esp-idf/mbedtls/mbedtls/library/CMakeFiles/mbedcrypto.dir/home/tikhon/Документы/magnolia/esp-idf/components/mbedtls/port/esp_ds/esp_ds_common.c.obj'
[786/1049] Building C object esp-idf/mbedtls/mbedtls/library/CMakeFiles/mbedcrypto.dir/threading.c.obj
[715/1051] Building C object esp-idf/mbedtls/mbedtls/library/CMakeFiles/mbedcrypto.dir/bignum_mod.c.obj
[746/1051] Building C object esp-idf/mbedtls/mbedtls/library/CMakeFiles/mbedcrypto.dir/entropy_poll.c.obj
[795/1051] Building C object esp-idf/mbedtls/mbedtls/library/CMakeFiles/mbedcrypto.dir/version.c.obj
[734/1051] Building C object esp-idf/mbedtls/mbedtls/library/CMakeFiles/mbedtls.dir/ssl_msg.c.obj
[787/1049] Building C object 'esp-idf/mbedtls/mbedtls/library/CMakeFiles/mbedcrypto.dir/home/tikhon/Документы/magnolia/esp-idf/components/mbedtls/port/aes/dma/esp_aes_gdma_impl.c.obj'
[811/1051] Building C object 'esp-idf/mbedtls/mbedtls/library/CMakeFiles/mbedcrypto.dir/home/tikhon/Документы/magnolia/esp-idf/components/mbedtls/port/sha/core/esp_sha1.c.obj'
[699/1051] Building C object esp-idf/mbedtls/mbedtls/library/CMakeFiles/mbedx509.dir/x509write.c.obj
[716/1051] Building C object esp-idf/mbedtls/mbedtls/library/CMakeFiles/mbedcrypto.dir/bignum_mod_raw.c.obj
[788/1049] Building C object esp-idf/mbedtls/mbedtls/library/CMakeFiles/mbedcrypto.dir/timing.c.obj
[796/1051] Building C object esp-idf/mbedtls/mbedtls/library/CMakeFiles/mbedcrypto.dir/pkparse.c.obj
[432/1051] Building C object esp-idf/esp_hw_support/CMakeFiles/__idf_esp_hw_support.dir/sleep_usb.c.obj
[812/1051] Building C object 'esp-idf/mbedtls/mbedtls/library/CMakeFiles/mbedcrypto.dir/home/tikhon/Документы/magnolia/esp-idf/components/mbedtls/port/md/esp_md.c.obj'
[700/1051] Building C object 'esp-idf/mbedtls/mbedtls/library/CMakeFiles/mbedtls.dir/home/tikhon/Документы/magnolia/esp-idf/components/mbedtls/port/mbedtls_debug.c.obj'
[747/1051] Building C object esp-idf/mbedtls/mbedtls/library/CMakeFiles/mbedcrypto.dir/hmac_drbg.c.obj
[735/1051] Building C object esp-idf/mbedtls/mbedtls/library/CMakeFiles/mbedcrypto.dir/ecp_curves_new.c.obj
[789/1049] Building C object esp-idf/mbedtls/mbedtls/library/CMakeFiles/mbedcrypto.dir/psa_util.c.obj
[258/1051] Building C object esp-idf/lwip/CMakeFiles/__idf_lwip.dir/lwip/src/core/ipv6/ethip6.c.obj
[433/1051] Building C object esp-idf/esp_hw_support/CMakeFiles/__idf_esp_hw_support.dir/port/esp32s3/esp_clk_tree.c.obj
[797/1051] Building C object esp-idf/mbedtls/mbedtls/library/CMakeFiles/mbedcrypto.dir/sha512.c.obj
[790/1049] Building C object esp-idf/mbedtls/mbedtls/library/CMakeFiles/mbedcrypto.dir/version_features.c.obj
[699/1051] Building C object esp-idf/mbedtls/mbedtls/library/CMakeFiles/mbedtls.dir/ssl_debug_helpers_generated.c.obj
[717/1051] Building C object esp-idf/mbedtls/mbedtls/library/CMakeFiles/mbedcrypto.dir/base64.c.obj
[434/1051] Building C object esp-idf/esp_hw_support/CMakeFiles/__idf_esp_hw_support.dir/port/esp_clk_tree_common.c.obj
[259/1051] Building C object esp-idf/lwip/CMakeFiles/__idf_lwip.dir/lwip/src/core/ipv6/mld6.c.obj
[748/1051] Building C object esp-idf/mbedtls/mbedtls/library/CMakeFiles/mbedcrypto.dir/memory_buffer_alloc.c.obj
[718/1051] Building C object esp-idf/mbedtls/mbedtls/library/CMakeFiles/mbedcrypto.dir/block_cipher.c.obj
[798/1051] Building C object 'esp-idf/mbedtls/mbedtls/library/CMakeFiles/mbedcrypto.dir/home/tikhon/Документы/magnolia/esp-idf/components/mbedtls/port/sha/esp_sha.c.obj'
[260/1051] Building C object esp-idf/lwip/CMakeFiles/__idf_lwip.dir/lwip/src/core/ipv4/ip4_addr.c.obj
[799/1051] Building C object esp-idf/mbedtls/mbedtls/library/CMakeFiles/mbedcrypto.dir/sha256.c.obj
[791/1049] Building C object 'esp-idf/mbedtls/mbedtls/library/CMakeFiles/mbedcrypto.dir/home/tikhon/Документы/magnolia/esp-idf/components/mbedtls/port/esp_hardware.c.obj'
[700/1051] Building C object esp-idf/mbedtls/mbedtls/library/CMakeFiles/mbedtls.dir/ssl_ticket.c.obj
[719/1051] Building C object 'esp-idf/mbedtls/mbedtls/library/CMakeFiles/mbedtls.dir/home/tikhon/Документы/magnolia/esp-idf/components/mbedtls/port/net_sockets.c.obj'
[736/1051] Building C object esp-idf/mbedtls/mbedtls/library/CMakeFiles/mbedcrypto.dir/hkdf.c.obj
[792/1049] Building C object esp-idf/mbedtls/mbedtls/library/CMakeFiles/mbedcrypto.dir/version.c.obj
[435/1051] Building C object esp-idf/esp_hw_support/CMakeFiles/__idf_esp_hw_support.dir/periph_ctrl.c.obj
[800/1051] Building C object 'esp-idf/mbedtls/mbedtls/library/CMakeFiles/mbedcrypto.dir/home/tikhon/Документы/magnolia/esp-idf/components/mbedtls/port/aes/esp_aes_xts.c.obj'
[261/1051] Building C object esp-idf/lwip/CMakeFiles/__idf_lwip.dir/lwip/src/core/udp.c.obj
[813/1051] Building C object esp-idf/mbedtls/mbedtls/library/CMakeFiles/mbedcrypto.dir/sha3.c.obj
[814/1051] Building C object 'esp-idf/mbedtls/mbedtls/library/CMakeFiles/mbedcrypto.dir/home/tikhon/Документы/magnolia/esp-idf/components/mbedtls/port/aes/dma/esp_aes.c.obj'
[793/1049] Building C object esp-idf/mbedtls/mbedtls/library/CMakeFiles/mbedcrypto.dir/psa_crypto_rsa.c.obj
[720/1051] Building C object esp-idf/mbedtls/mbedtls/library/CMakeFiles/mbedcrypto.dir/aes.c.obj
[701/1051] Building C object esp-idf/mbedtls/mbedtls/library/CMakeFiles/mbedcrypto.dir/aesni.c.obj
[721/1051] Building C object esp-idf/mbedtls/mbedtls/library/CMakeFiles/mbedcrypto.dir/bignum_core.c.obj
[770/1051] Building C object esp-idf/mbedtls/mbedtls/library/CMakeFiles/mbedcrypto.dir/pk_wrap.c.obj
[702/1051] Building C object esp-idf/mbedtls/mbedtls/library/CMakeFiles/mbedx509.dir/x509write_crt.c.obj
[701/1051] Building C object esp-idf/bootloader_support/CMakeFiles/__idf_bootloader_support.dir/bootloader_flash/src/bootloader_flash.c.obj
[801/1051] Building C object 'esp-idf/mbedtls/mbedtls/library/CMakeFiles/mbedcrypto.dir/home/tikhon/Документы/magnolia/esp-idf/components/mbedtls/port/esp_ds/esp_rsa_sign_alt.c.obj'
[794/1049] Building C object esp-idf/mbedtls/mbedtls/library/CMakeFiles/mbedcrypto.dir/psa_crypto_ecp.c.obj
[436/1051] Building C object esp-idf/esp_hw_support/CMakeFiles/__idf_esp_hw_support.dir/sleep_modem.c.obj
[815/1051] Building C object 'esp-idf/mbedtls/mbedtls/library/CMakeFiles/mbedcrypto.dir/home/tikhon/Документы/magnolia/esp-idf/components/mbedtls/port/aes/dma/esp_aes_dma_core.c.obj'
[722/1051] Building C object esp-idf/mbedtls/mbedtls/library/CMakeFiles/mbedtls.dir/ssl_msg.c.obj
[703/1051] Building C object esp-idf/bootloader_support/CMakeFiles/__idf_bootloader_support.dir/src/esp_image_format.c.obj
[702/1051] Building C object esp-idf/mbedtls/mbedtls/library/CMakeFiles/mbedx509.dir/x509write.c.obj
[771/1051] Building C object esp-idf/mbedtls/mbedtls/library/CMakeFiles/mbedcrypto.dir/psa_crypto_se.c.obj
[749/1051] Building C object esp-idf/mbedtls/mbedtls/library/CMakeFiles/mbedtls.dir/ssl_tls12_server.c.obj
[437/1051] Building C object esp-idf/esp_hw_support/CMakeFiles/__idf_esp_hw_support.dir/port/esp32s3/systimer.c.obj
[262/1051] Building C object esp-idf/lwip/CMakeFiles/__idf_lwip.dir/lwip/src/core/ipv6/icmp6.c.obj
[723/1051] Building C object esp-idf/mbedtls/mbedtls/library/CMakeFiles/mbedcrypto.dir/camellia.c.obj
[802/1051] Building C object 'esp-idf/mbedtls/mbedtls/library/CMakeFiles/mbedcrypto.dir/home/tikhon/Документы/magnolia/esp-idf/components/mbedtls/port/esp_mem.c.obj'
[750/1051] Building C object esp-idf/mbedtls/mbedtls/library/CMakeFiles/mbedcrypto.dir/nist_kw.c.obj
[816/1051] Building C object 'esp-idf/mbedtls/mbedtls/library/CMakeFiles/mbedcrypto.dir/home/tikhon/Документы/magnolia/esp-idf/components/mbedtls/port/sha/core/esp_sha256.c.obj'
[704/1051] Building C object esp-idf/spi_flash/CMakeFiles/__idf_spi_flash.dir/esp_flash_api.c.obj
[817/1051] Building C object esp-idf/mbedtls/mbedtls/3rdparty/everest/CMakeFiles/everest.dir/library/x25519.c.obj
[803/1051] Building C object 'esp-idf/mbedtls/mbedtls/library/CMakeFiles/mbedcrypto.dir/home/tikhon/Документы/magnolia/esp-idf/components/mbedtls/port/sha/core/esp_sha_gdma_impl.c.obj'
[795/1049] Building C object 'esp-idf/mbedtls/mbedtls/library/CMakeFiles/mbedcrypto.dir/home/tikhon/Документы/magnolia/esp-idf/components/mbedtls/port/sha/core/esp_sha_gdma_impl.c.obj'
[705/1051] Building C object esp-idf/mbedtls/mbedtls/library/CMakeFiles/mbedtls.dir/ssl_ticket.c.obj
[263/1051] Building C object esp-idf/lwip/CMakeFiles/__idf_lwip.dir/lwip/src/netif/ppp/auth.c.obj
[804/1051] Building C object esp-idf/mbedtls/mbedtls/library/CMakeFiles/mbedcrypto.dir/psa_crypto_slot_management.c.obj
[737/1051] Building C object esp-idf/mbedtls/mbedtls/library/CMakeFiles/mbedcrypto.dir/cipher_wrap.c.obj
[264/1051] Building C object esp-idf/lwip/CMakeFiles/__idf_lwip.dir/lwip/src/core/ipv6/inet6.c.obj
[438/1051] Building C object esp-idf/esp_hw_support/CMakeFiles/__idf_esp_hw_support.dir/rtc_module.c.obj
[805/1051] Building C object 'esp-idf/mbedtls/mbedtls/library/CMakeFiles/mbedcrypto.dir/home/tikhon/Документы/magnolia/esp-idf/components/mbedtls/port/esp_hardware.c.obj'
[818/1051] Building C object esp-idf/mbedtls/mbedtls/3rdparty/p256-m/CMakeFiles/p256m.dir/p256-m/p256-m.c.obj
[819/1051] Building C object 'esp-idf/mbedtls/mbedtls/library/CMakeFiles/mbedcrypto.dir/home/tikhon/Документы/magnolia/esp-idf/components/mbedtls/port/esp_ds/esp_rsa_sign_alt.c.obj'
[706/1051] Building C object esp-idf/mbedtls/mbedtls/library/CMakeFiles/mbedx509.dir/x509_crl.c.obj
[707/1051] Building C object esp-idf/mbedtls/mbedtls/library/CMakeFiles/mbedx509.dir/x509write_csr.c.obj
[796/1049] Building C object esp-idf/mbedtls/mbedtls/library/CMakeFiles/mbedcrypto.dir/sha512.c.obj
[439/1051] Building C object esp-idf/esp_hw_support/CMakeFiles/__idf_esp_hw_support.dir/spi_bus_lock.c.obj
[738/1051] Building C object esp-idf/mbedtls/mbedtls/library/CMakeFiles/mbedcrypto.dir/entropy_poll.c.obj
[806/1051] Building C object 'esp-idf/mbedtls/mbedtls/library/CMakeFiles/mbedcrypto.dir/home/tikhon/Документы/magnolia/esp-idf/components/mbedtls/port/esp_ds/esp_rsa_dec_alt.c.obj'
[265/1051] Building C object esp-idf/lwip/CMakeFiles/__idf_lwip.dir/lwip/src/netif/bridgeif_fdb.c.obj
[703/1051] Building C object esp-idf/mbedtls/mbedtls/library/CMakeFiles/mbedx509.dir/x509write_crt.c.obj
[751/1051] Building C object esp-idf/mbedtls/mbedtls/library/CMakeFiles/mbedcrypto.dir/entropy.c.obj
[797/1049] Building C object esp-idf/mbedtls/mbedtls/library/CMakeFiles/mbedtls.dir/ssl_tls.c.obj
[739/1051] Building C object esp-idf/mbedtls/mbedtls/library/CMakeFiles/mbedcrypto.dir/lmots.c.obj
[820/1051] Building C object esp-idf/mbedtls/mbedtls/3rdparty/p256-m/CMakeFiles/p256m.dir/p256-m_driver_entrypoints.c.obj
[821/1051] Building C object esp-idf/mbedtls/mbedtls/3rdparty/everest/CMakeFiles/everest.dir/library/Hacl_Curve25519_joined.c.obj
[772/1051] Building C object esp-idf/mbedtls/mbedtls/library/CMakeFiles/mbedcrypto.dir/psa_crypto_cipher.c.obj
[752/1051] Building C object esp-idf/mbedtls/mbedtls/library/CMakeFiles/mbedcrypto.dir/padlock.c.obj
[440/1051] Building C object esp-idf/esp_hw_support/CMakeFiles/__idf_esp_hw_support.dir/sleep_console.c.obj
[724/1051] Building C object esp-idf/mbedtls/mbedtls/library/CMakeFiles/mbedtls.dir/ssl_tls12_server.c.obj
[725/1051] Building C object esp-idf/mbedtls/mbedtls/library/CMakeFiles/mbedcrypto.dir/des.c.obj
[798/1049] Building C object 'esp-idf/mbedtls/mbedtls/library/CMakeFiles/mbedcrypto.dir/home/tikhon/Документы/magnolia/esp-idf/components/mbedtls/port/esp_mem.c.obj'
[704/1051] Building C object 'esp-idf/mbedtls/mbedtls/library/CMakeFiles/mbedtls.dir/home/tikhon/Документы/magnolia/esp-idf/components/mbedtls/port/mbedtls_debug.c.obj'
[726/1051] Building C object esp-idf/mbedtls/mbedtls/library/CMakeFiles/mbedx509.dir/x509_csr.c.obj
[822/1051] Building C object esp-idf/mbedtls/mbedtls/3rdparty/everest/CMakeFiles/everest.dir/library/everest.c.obj
[823/1051] Building C object 'esp-idf/mbedtls/mbedtls/library/CMakeFiles/mbedcrypto.dir/home/tikhon/Документы/magnolia/esp-idf/components/mbedtls/port/sha/core/sha.c.obj'
[753/1051] Building C object esp-idf/mbedtls/mbedtls/library/CMakeFiles/mbedcrypto.dir/pkcs5.c.obj
[705/1051] Building C object esp-idf/mbedtls/mbedtls/library/CMakeFiles/mbedtls.dir/ssl_client.c.obj
[807/1051] Building C object 'esp-idf/mbedtls/mbedtls/library/CMakeFiles/mbedcrypto.dir/home/tikhon/Документы/magnolia/esp-idf/components/mbedtls/port/sha/core/esp_sha1.c.obj'
[441/1051] Building C object esp-idf/esp_hw_support/CMakeFiles/__idf_esp_hw_support.dir/dma/esp_async_memcpy.c.obj
[727/1051] Building C object esp-idf/mbedtls/mbedtls/library/CMakeFiles/mbedcrypto.dir/chacha20.c.obj
[773/1051] Building C object esp-idf/mbedtls/mbedtls/library/CMakeFiles/mbedcrypto.dir/psa_crypto_hash.c.obj
[808/1051] Linking CXX static library esp-idf/mbedtls/mbedtls/library/libmbedx509.a
[442/1051] Building C object esp-idf/esp_hw_support/CMakeFiles/__idf_esp_hw_support.dir/spi_share_hw_ctrl.c.obj
[706/1051] Building C object esp-idf/mbedtls/mbedtls/library/CMakeFiles/mbedx509.dir/x509write_csr.c.obj
[740/1051] Building C object esp-idf/mbedtls/mbedtls/library/CMakeFiles/mbedcrypto.dir/cmac.c.obj
[708/1051] Building C object esp-idf/mbedtls/mbedtls/library/CMakeFiles/mbedcrypto.dir/asn1parse.c.obj
[774/1051] Building C object esp-idf/mbedtls/mbedtls/library/CMakeFiles/mbedcrypto.dir/psa_crypto_driver_wrappers_no_static.c.obj
[741/1051] Building C object esp-idf/mbedtls/mbedtls/library/CMakeFiles/mbedcrypto.dir/ecdh.c.obj
[443/1051] Building C object esp-idf/esp_hw_support/CMakeFiles/__idf_esp_hw_support.dir/mspi_timing_tuning/mspi_timing_tuning.c.obj
[824/1051] Building C object 'esp-idf/mbedtls/mbedtls/library/CMakeFiles/mbedcrypto.dir/home/tikhon/Документы/magnolia/esp-idf/components/mbedtls/port/sha/core/esp_sha512.c.obj'
[728/1051] Building C object esp-idf/mbedtls/mbedtls/library/CMakeFiles/mbedcrypto.dir/aria.c.obj
[775/1051] Building C object esp-idf/mbedtls/mbedtls/library/CMakeFiles/mbedcrypto.dir/psa_crypto_aead.c.obj
[827/1051] Building C object esp-idf/mbedtls/mbedtls/library/CMakeFiles/mbedcrypto.dir/rsa.c.obj
[729/1051] Building C object esp-idf/mbedtls/mbedtls/library/CMakeFiles/mbedx509.dir/pkcs7.c.obj
[754/1051] Building C object esp-idf/mbedtls/mbedtls/library/CMakeFiles/mbedcrypto.dir/bignum.c.obj
[709/1051] Building C object esp-idf/mbedtls/mbedtls/library/CMakeFiles/mbedcrypto.dir/aesce.c.obj
[776/1051] Building C object esp-idf/mbedtls/mbedtls/library/CMakeFiles/mbedcrypto.dir/psa_crypto_pake.c.obj
[730/1051] Building C object esp-idf/mbedtls/mbedtls/library/CMakeFiles/mbedcrypto.dir/chachapoly.c.obj
[731/1051] Building C object esp-idf/mbedtls/mbedtls/library/CMakeFiles/mbedcrypto.dir/cmac.c.obj
[707/1051] Building C object esp-idf/mbedtls/mbedtls/library/CMakeFiles/mbedcrypto.dir/aesce.c.obj
[809/1051] Building C object 'esp-idf/mbedtls/mbedtls/library/CMakeFiles/mbedcrypto.dir/home/tikhon/Документы/magnolia/esp-idf/components/mbedtls/port/aes/esp_aes_common.c.obj'
[799/1049] Building C object 'esp-idf/mbedtls/mbedtls/library/CMakeFiles/mbedcrypto.dir/home/tikhon/Документы/magnolia/esp-idf/components/mbedtls/port/esp_timing.c.obj'
[708/1051] Building C object esp-idf/mbedtls/mbedtls/library/CMakeFiles/mbedcrypto.dir/aes.c.obj
[810/1051] Building C object 'esp-idf/mbedtls/mbedtls/library/CMakeFiles/mbedcrypto.dir/home/tikhon/Документы/magnolia/esp-idf/components/mbedtls/port/bignum/bignum_alt.c.obj'
[710/1051] Building C object esp-idf/mbedtls/mbedtls/library/CMakeFiles/mbedcrypto.dir/bignum_mod.c.obj
[732/1051] Building C object esp-idf/mbedtls/mbedtls/library/CMakeFiles/mbedx509.dir/x509_crt.c.obj
[444/1051] Building C object esp-idf/esp_hw_support/CMakeFiles/__idf_esp_hw_support.dir/sleep_event.c.obj
[711/1051] Building C object esp-idf/mbedtls/mbedtls/library/CMakeFiles/mbedx509.dir/x509.c.obj
[811/1051] Building C object 'esp-idf/mbedtls/mbedtls/library/CMakeFiles/mbedcrypto.dir/home/tikhon/Документы/magnolia/esp-idf/components/mbedtls/port/md/esp_md.c.obj'
[266/1051] Building C object esp-idf/lwip/CMakeFiles/__idf_lwip.dir/lwip/src/core/ipv4/ip4.c.obj
[777/1051] Building C object esp-idf/mbedtls/mbedtls/library/CMakeFiles/mbedcrypto.dir/psa_crypto_ffdh.c.obj
[267/1051] Building C object esp-idf/lwip/CMakeFiles/__idf_lwip.dir/lwip/src/netif/ppp/chap-new.c.obj
[709/1051] Building C object esp-idf/mbedtls/mbedtls/library/CMakeFiles/mbedcrypto.dir/aesni.c.obj
[445/1051] Building C object esp-idf/esp_hw_support/CMakeFiles/__idf_esp_hw_support.dir/dma/gdma_link.c.obj
[778/1051] Building C object esp-idf/mbedtls/mbedtls/library/CMakeFiles/mbedcrypto.dir/psa_crypto_mac.c.obj
[712/1051] Linking C static library esp-idf/spi_flash/libspi_flash.a
[800/1049] Building C object esp-idf/mbedtls/mbedtls/library/CMakeFiles/mbedcrypto.dir/psa_crypto_slot_management.c.obj
[779/1051] Building C object esp-idf/mbedtls/mbedtls/library/CMakeFiles/mbedcrypto.dir/ecp_curves.c.obj
[801/1049] Building C object 'esp-idf/mbedtls/mbedtls/library/CMakeFiles/mbedcrypto.dir/home/tikhon/Документы/magnolia/esp-idf/components/mbedtls/port/aes/esp_aes_xts.c.obj'
[742/1051] Building C object esp-idf/mbedtls/mbedtls/library/CMakeFiles/mbedcrypto.dir/entropy.c.obj
[780/1051] Building C object esp-idf/mbedtls/mbedtls/library/CMakeFiles/mbedcrypto.dir/oid.c.obj
[781/1051] Building C object esp-idf/mbedtls/mbedtls/library/CMakeFiles/mbedcrypto.dir/ripemd160.c.obj
[802/1049] Building C object 'esp-idf/mbedtls/mbedtls/library/CMakeFiles/mbedcrypto.dir/home/tikhon/Документы/magnolia/esp-idf/components/mbedtls/port/bignum/esp_bignum.c.obj'
[743/1051] Building C object esp-idf/mbedtls/mbedtls/library/CMakeFiles/mbedcrypto.dir/bignum_core.c.obj
[782/1051] Building C object esp-idf/mbedtls/mbedtls/library/CMakeFiles/mbedcrypto.dir/psa_crypto_ecp.c.obj
[812/1051] Building C object esp-idf/mbedtls/mbedtls/3rdparty/everest/CMakeFiles/everest.dir/library/everest.c.obj
[825/1051] Building C object 'esp-idf/mbedtls/mbedtls/library/CMakeFiles/mbedcrypto.dir/home/tikhon/Документы/magnolia/esp-idf/components/mbedtls/port/bignum/esp_bignum.c.obj'
[446/1051] Building C object esp-idf/esp_hw_support/CMakeFiles/__idf_esp_hw_support.dir/port/esp32s3/rtc_clk_init.c.obj
[755/1051] Building C object esp-idf/mbedtls/mbedtls/library/CMakeFiles/mbedcrypto.dir/error.c.obj
[803/1049] Linking CXX static library esp-idf/mbedtls/mbedtls/library/libmbedtls.a
[744/1051] Building C object esp-idf/mbedtls/mbedtls/library/CMakeFiles/mbedcrypto.dir/dhm.c.obj
[745/1051] Building C object esp-idf/mbedtls/mbedtls/library/CMakeFiles/mbedcrypto.dir/lms.c.obj
[756/1051] Building C object esp-idf/mbedtls/mbedtls/library/CMakeFiles/mbedcrypto.dir/poly1305.c.obj
[713/1051] Building C object esp-idf/bootloader_support/CMakeFiles/__idf_bootloader_support.dir/src/bootloader_utility.c.obj
[783/1051] Building C object esp-idf/mbedtls/mbedtls/library/CMakeFiles/mbedcrypto.dir/pkparse.c.obj
[733/1051] Building C object esp-idf/mbedtls/mbedtls/library/CMakeFiles/mbedcrypto.dir/constant_time.c.obj
[746/1051] Building C object esp-idf/mbedtls/mbedtls/library/CMakeFiles/mbedcrypto.dir/nist_kw.c.obj
[804/1049] Building C object 'esp-idf/mbedtls/mbedtls/library/CMakeFiles/mbedcrypto.dir/home/tikhon/Документы/magnolia/esp-idf/components/mbedtls/port/aes/esp_aes_common.c.obj'
[805/1049] Building C object esp-idf/mbedtls/mbedtls/library/CMakeFiles/mbedcrypto.dir/rsa.c.obj
[784/1051] Building C object esp-idf/mbedtls/mbedtls/library/CMakeFiles/mbedcrypto.dir/sha1.c.obj
[734/1051] Building C object esp-idf/mbedtls/mbedtls/library/CMakeFiles/mbedcrypto.dir/ccm.c.obj
[714/1051] Building C object esp-idf/mbedtls/mbedtls/library/CMakeFiles/mbedcrypto.dir/camellia.c.obj
[735/1051] Building C object esp-idf/mbedtls/mbedtls/library/CMakeFiles/mbedcrypto.dir/error.c.obj
[785/1051] Building C object esp-idf/mbedtls/mbedtls/library/CMakeFiles/mbedcrypto.dir/threading.c.obj
[747/1051] Building C object esp-idf/mbedtls/mbedtls/library/CMakeFiles/mbedcrypto.dir/padlock.c.obj
[806/1049] Building C object 'esp-idf/mbedtls/mbedtls/library/CMakeFiles/mbedcrypto.dir/home/tikhon/Документы/magnolia/esp-idf/components/mbedtls/port/sha/esp_sha.c.obj'
[715/1051] Building C object esp-idf/mbedtls/mbedtls/library/CMakeFiles/mbedcrypto.dir/aes.c.obj
[757/1051] Building C object esp-idf/mbedtls/mbedtls/library/CMakeFiles/mbedcrypto.dir/pk_ecc.c.obj
[716/1051] Linking C static library esp-idf/esp_mm/libesp_mm.a
[268/1051] Building C object esp-idf/lwip/CMakeFiles/__idf_lwip.dir/lwip/src/core/tcp_out.c.obj
[758/1051] Building C object esp-idf/mbedtls/mbedtls/library/CMakeFiles/mbedx509.dir/x509_crt.c.obj
[748/1051] Building C object esp-idf/mbedtls/mbedtls/library/CMakeFiles/mbedcrypto.dir/memory_buffer_alloc.c.obj
[813/1051] Building C object esp-idf/mbedtls/mbedtls/3rdparty/everest/CMakeFiles/everest.dir/library/Hacl_Curve25519_joined.c.obj
[447/1051] Building C object esp-idf/esp_hw_support/CMakeFiles/__idf_esp_hw_support.dir/adc_share_hw_ctrl.c.obj
[736/1051] Building C object esp-idf/mbedtls/mbedtls/library/CMakeFiles/mbedcrypto.dir/entropy_poll.c.obj
[717/1051] Building C object esp-idf/mbedtls/mbedtls/library/CMakeFiles/mbedcrypto.dir/block_cipher.c.obj
[737/1051] Building C object esp-idf/mbedtls/mbedtls/library/CMakeFiles/mbedcrypto.dir/ecjpake.c.obj
[786/1051] Building C object esp-idf/mbedtls/mbedtls/library/CMakeFiles/mbedcrypto.dir/timing.c.obj
[787/1051] Building C object esp-idf/mbedtls/mbedtls/library/CMakeFiles/mbedcrypto.dir/psa_its_file.c.obj
[814/1051] Building C object esp-idf/mbedtls/mbedtls/3rdparty/p256-m/CMakeFiles/p256m.dir/p256-m/p256-m.c.obj
[749/1051] Building C object esp-idf/mbedtls/mbedtls/library/CMakeFiles/mbedcrypto.dir/md5.c.obj
[759/1051] Building C object esp-idf/mbedtls/mbedtls/library/CMakeFiles/mbedcrypto.dir/pkwrite.c.obj
[788/1051] Building C object esp-idf/mbedtls/mbedtls/library/CMakeFiles/mbedcrypto.dir/psa_crypto_slot_management.c.obj
[269/1051] Building C object esp-idf/lwip/CMakeFiles/__idf_lwip.dir/lwip/src/netif/ethernet.c.obj
[807/1049] Linking CXX static library esp-idf/mbedtls/mbedtls/library/libmbedx509.a
[750/1051] Building C object esp-idf/mbedtls/mbedtls/library/CMakeFiles/mbedcrypto.dir/ctr_drbg.c.obj
[789/1051] Building C object esp-idf/mbedtls/mbedtls/library/CMakeFiles/mbedcrypto.dir/rsa_alt_helpers.c.obj
[751/1051] Building C object esp-idf/mbedtls/mbedtls/library/CMakeFiles/mbedcrypto.dir/ecdsa.c.obj
[718/1051] Building C object 'esp-idf/mbedtls/mbedtls/library/CMakeFiles/mbedtls.dir/home/tikhon/Документы/magnolia/esp-idf/components/mbedtls/port/net_sockets.c.obj'
[790/1051] Building C object esp-idf/mbedtls/mbedtls/library/CMakeFiles/mbedcrypto.dir/psa_crypto_storage.c.obj
[719/1051] Building C object esp-idf/mbedtls/mbedtls/library/CMakeFiles/mbedcrypto.dir/bignum_mod_raw.c.obj
[710/1051] Building C object esp-idf/mbedtls/mbedtls/library/CMakeFiles/mbedcrypto.dir/bignum_mod.c.obj
[815/1051] Building C object esp-idf/mbedtls/mbedtls/3rdparty/everest/CMakeFiles/everest.dir/library/x25519.c.obj
[808/1049] Building C object esp-idf/mbedtls/mbedtls/3rdparty/p256-m/CMakeFiles/p256m.dir/p256-m_driver_entrypoints.c.obj
[720/1051] Building C object esp-idf/mbedtls/mbedtls/library/CMakeFiles/mbedcrypto.dir/base64.c.obj
[721/1051] Building C object esp-idf/mbedtls/mbedtls/library/CMakeFiles/mbedx509.dir/pkcs7.c.obj
[816/1051] Building C object 'esp-idf/mbedtls/mbedtls/library/CMakeFiles/mbedcrypto.dir/home/tikhon/Документы/magnolia/esp-idf/components/mbedtls/port/aes/esp_aes_gcm.c.obj'
[760/1051] Building C object esp-idf/mbedtls/mbedtls/library/CMakeFiles/mbedcrypto.dir/platform.c.obj
[791/1051] Building C object 'esp-idf/mbedtls/mbedtls/library/CMakeFiles/mbedcrypto.dir/home/tikhon/Документы/magnolia/esp-idf/components/mbedtls/port/aes/dma/esp_aes_gdma_impl.c.obj'
[738/1051] Building C object esp-idf/mbedtls/mbedtls/library/CMakeFiles/mbedcrypto.dir/cipher_wrap.c.obj
[448/1051] Building C object esp-idf/esp_hw_support/CMakeFiles/__idf_esp_hw_support.dir/port/esp_memprot_conv.c.obj
[817/1051] Building C object esp-idf/mbedtls/mbedtls/library/CMakeFiles/mbedcrypto.dir/ecp.c.obj
[761/1051] Building C object esp-idf/mbedtls/mbedtls/library/CMakeFiles/mbedcrypto.dir/platform_util.c.obj
[711/1051] Building C object esp-idf/mbedtls/mbedtls/library/CMakeFiles/mbedcrypto.dir/bignum_mod_raw.c.obj
[818/1051] Building C object 'esp-idf/mbedtls/mbedtls/library/CMakeFiles/mbedcrypto.dir/home/tikhon/Документы/magnolia/esp-idf/components/mbedtls/port/crypto_shared_gdma/esp_crypto_shared_gdma.c.obj'
[792/1051] Building C object esp-idf/mbedtls/mbedtls/library/CMakeFiles/mbedcrypto.dir/version_features.c.obj
[819/1051] Building C object 'esp-idf/mbedtls/mbedtls/library/CMakeFiles/mbedcrypto.dir/home/tikhon/Документы/magnolia/esp-idf/components/mbedtls/port/esp_ds/esp_ds_common.c.obj'
[270/1051] Building C object esp-idf/lwip/CMakeFiles/__idf_lwip.dir/lwip/src/netif/bridgeif.c.obj
[739/1051] Building C object esp-idf/mbedtls/mbedtls/library/CMakeFiles/mbedcrypto.dir/ecp_curves_new.c.obj
[271/1051] Building C object esp-idf/lwip/CMakeFiles/__idf_lwip.dir/lwip/src/netif/ppp/ccp.c.obj
[809/1049] Building C object 'esp-idf/mbedtls/mbedtls/library/CMakeFiles/mbedcrypto.dir/home/tikhon/Документы/magnolia/esp-idf/components/mbedtls/port/bignum/bignum_alt.c.obj'
[820/1051] Building C object 'esp-idf/mbedtls/mbedtls/library/CMakeFiles/mbedcrypto.dir/home/tikhon/Документы/magnolia/esp-idf/components/mbedtls/port/aes/dma/esp_aes.c.obj'
[793/1051] Building C object esp-idf/mbedtls/mbedtls/library/CMakeFiles/mbedcrypto.dir/version.c.obj
[810/1049] Building C object 'esp-idf/mbedtls/mbedtls/library/CMakeFiles/mbedcrypto.dir/home/tikhon/Документы/magnolia/esp-idf/components/mbedtls/port/md/esp_md.c.obj'
[811/1049] Building C object esp-idf/mbedtls/mbedtls/3rdparty/p256-m/CMakeFiles/p256m.dir/p256-m/p256-m.c.obj
[812/1049] Building C object esp-idf/mbedtls/mbedtls/3rdparty/everest/CMakeFiles/everest.dir/library/everest.c.obj
[272/1051] Building C object esp-idf/lwip/CMakeFiles/__idf_lwip.dir/lwip/src/netif/slipif.c.obj
[762/1051] Building C object esp-idf/mbedtls/mbedtls/library/CMakeFiles/mbedcrypto.dir/pem.c.obj
[821/1051] Building C object 'esp-idf/mbedtls/mbedtls/library/CMakeFiles/mbedcrypto.dir/home/tikhon/Документы/magnolia/esp-idf/components/mbedtls/port/sha/core/esp_sha256.c.obj'
[740/1051] Building C object esp-idf/mbedtls/mbedtls/library/CMakeFiles/mbedcrypto.dir/lmots.c.obj
[813/1049] Building C object 'esp-idf/mbedtls/mbedtls/library/CMakeFiles/mbedcrypto.dir/home/tikhon/Документы/magnolia/esp-idf/components/mbedtls/port/sha/core/esp_sha1.c.obj'
[794/1051] Building C object 'esp-idf/mbedtls/mbedtls/library/CMakeFiles/mbedcrypto.dir/home/tikhon/Документы/magnolia/esp-idf/components/mbedtls/port/sha/core/esp_sha_gdma_impl.c.obj'
[273/1051] Building C object esp-idf/lwip/CMakeFiles/__idf_lwip.dir/lwip/src/netif/ppp/eui64.c.obj
[449/1051] Building C object esp-idf/esp_hw_support/CMakeFiles/__idf_esp_hw_support.dir/port/esp32s3/chip_info.c.obj
[741/1051] Building C object esp-idf/mbedtls/mbedtls/library/CMakeFiles/mbedcrypto.dir/hkdf.c.obj
[274/1051] Building C object esp-idf/lwip/CMakeFiles/__idf_lwip.dir/lwip/src/netif/ppp/chap-md5.c.obj
[450/1051] Building C object esp-idf/esp_hw_support/CMakeFiles/__idf_esp_hw_support.dir/mspi_timing_tuning/port/esp32s3/mspi_timing_config.c.obj
[763/1051] Building C object esp-idf/mbedtls/mbedtls/library/CMakeFiles/mbedcrypto.dir/pk_wrap.c.obj
[795/1051] Building C object 'esp-idf/mbedtls/mbedtls/library/CMakeFiles/mbedcrypto.dir/home/tikhon/Документы/magnolia/esp-idf/components/mbedtls/port/esp_mem.c.obj'
[742/1051] Building C object esp-idf/mbedtls/mbedtls/library/CMakeFiles/mbedcrypto.dir/ecdh.c.obj
[722/1051] Linking C static library esp-idf/bootloader_support/libbootloader_support.a
[275/1051] Building C object esp-idf/lwip/CMakeFiles/__idf_lwip.dir/lwip/src/core/ipv6/ip6_addr.c.obj
[796/1051] Building C object esp-idf/mbedtls/mbedtls/library/CMakeFiles/mbedcrypto.dir/sha256.c.obj
[814/1049] Building C object 'esp-idf/mbedtls/mbedtls/library/CMakeFiles/mbedcrypto.dir/home/tikhon/Документы/magnolia/esp-idf/components/mbedtls/port/esp_ds/esp_ds_common.c.obj'
[764/1051] Building C object esp-idf/mbedtls/mbedtls/library/CMakeFiles/mbedcrypto.dir/md.c.obj
[797/1051] Building C object esp-idf/mbedtls/mbedtls/library/CMakeFiles/mbedcrypto.dir/psa_crypto_rsa.c.obj
[276/1051] Building C object esp-idf/lwip/CMakeFiles/__idf_lwip.dir/lwip/src/core/ipv6/ip6_frag.c.obj
[712/1051] Building C object esp-idf/bootloader_support/CMakeFiles/__idf_bootloader_support.dir/src/bootloader_utility.c.obj
[277/1051] Building C object esp-idf/lwip/CMakeFiles/__idf_lwip.dir/lwip/src/core/ipv4/dhcp.c.obj
[822/1051] Building C object esp-idf/mbedtls/mbedtls/3rdparty/p256-m/CMakeFiles/p256m.dir/p256-m_driver_entrypoints.c.obj
[723/1051] Building C object esp-idf/mbedtls/mbedtls/library/CMakeFiles/mbedcrypto.dir/chachapoly.c.obj
[798/1051] Building C object 'esp-idf/mbedtls/mbedtls/library/CMakeFiles/mbedcrypto.dir/home/tikhon/Документы/magnolia/esp-idf/components/mbedtls/port/esp_timing.c.obj'
[713/1051] Building C object esp-idf/mbedtls/mbedtls/library/CMakeFiles/mbedcrypto.dir/asn1write.c.obj
[765/1051] Building C object esp-idf/mbedtls/mbedtls/library/CMakeFiles/mbedcrypto.dir/gcm.c.obj
[743/1051] Building C object esp-idf/mbedtls/mbedtls/library/CMakeFiles/mbedcrypto.dir/lms.c.obj
[752/1051] Building C object esp-idf/mbedtls/mbedtls/library/CMakeFiles/mbedcrypto.dir/cipher.c.obj
[724/1051] Building C object esp-idf/mbedtls/mbedtls/library/CMakeFiles/mbedcrypto.dir/asn1write.c.obj
[799/1051] Building C object 'esp-idf/mbedtls/mbedtls/library/CMakeFiles/mbedcrypto.dir/home/tikhon/Документы/magnolia/esp-idf/components/mbedtls/port/esp_hardware.c.obj'
[278/1051] Building C object esp-idf/lwip/CMakeFiles/__idf_lwip.dir/lwip/src/netif/ppp/ecp.c.obj
[766/1051] Building C object esp-idf/mbedtls/mbedtls/library/CMakeFiles/mbedcrypto.dir/psa_crypto_ecp.c.obj
[826/1051] Building C object 'esp-idf/mbedtls/mbedtls/library/CMakeFiles/mbedcrypto.dir/home/tikhon/Документы/magnolia/esp-idf/components/mbedtls/port/aes/esp_aes_gcm.c.obj'
[823/1051] Building C object 'esp-idf/mbedtls/mbedtls/library/CMakeFiles/mbedcrypto.dir/home/tikhon/Документы/magnolia/esp-idf/components/mbedtls/port/sha/core/esp_sha512.c.obj'
[725/1051] Building C object esp-idf/mbedtls/mbedtls/library/CMakeFiles/mbedcrypto.dir/chacha20.c.obj
[767/1051] Building C object esp-idf/mbedtls/mbedtls/library/CMakeFiles/mbedcrypto.dir/psa_crypto_driver_wrappers_no_static.c.obj
[815/1049] Building C object 'esp-idf/mbedtls/mbedtls/library/CMakeFiles/mbedcrypto.dir/home/tikhon/Документы/magnolia/esp-idf/components/mbedtls/port/aes/dma/esp_aes_dma_core.c.obj'
[816/1049] Building C object 'esp-idf/mbedtls/mbedtls/library/CMakeFiles/mbedcrypto.dir/home/tikhon/Документы/magnolia/esp-idf/components/mbedtls/port/sha/core/esp_sha256.c.obj'
[279/1051] Building C object esp-idf/lwip/CMakeFiles/__idf_lwip.dir/lwip/src/core/tcp.c.obj
[817/1049] Building C object 'esp-idf/mbedtls/mbedtls/library/CMakeFiles/mbedcrypto.dir/home/tikhon/Документы/magnolia/esp-idf/components/mbedtls/port/crypto_shared_gdma/esp_crypto_shared_gdma.c.obj'
[818/1049] Building C object esp-idf/mbedtls/mbedtls/3rdparty/everest/CMakeFiles/everest.dir/library/x25519.c.obj
[714/1051] Building C object esp-idf/mbedtls/mbedtls/library/CMakeFiles/mbedcrypto.dir/asn1parse.c.obj
[753/1051] Building C object esp-idf/mbedtls/mbedtls/library/CMakeFiles/mbedcrypto.dir/error.c.obj
[824/1051] Building C object 'esp-idf/mbedtls/mbedtls/library/CMakeFiles/mbedcrypto.dir/home/tikhon/Документы/magnolia/esp-idf/components/mbedtls/port/sha/core/sha.c.obj'
[819/1049] Building C object esp-idf/mbedtls/mbedtls/library/CMakeFiles/mbedcrypto.dir/sha3.c.obj
[754/1051] Building C object esp-idf/mbedtls/mbedtls/library/CMakeFiles/mbedcrypto.dir/pk_ecc.c.obj
[715/1051] Building C object esp-idf/mbedtls/mbedtls/library/CMakeFiles/mbedcrypto.dir/base64.c.obj
[280/1051] Building C object esp-idf/lwip/CMakeFiles/__idf_lwip.dir/lwip/src/netif/ppp/magic.c.obj
[768/1051] Building C object esp-idf/mbedtls/mbedtls/library/CMakeFiles/mbedcrypto.dir/psa_crypto_cipher.c.obj
[820/1049] Building C object 'esp-idf/mbedtls/mbedtls/library/CMakeFiles/mbedcrypto.dir/home/tikhon/Документы/magnolia/esp-idf/components/mbedtls/port/esp_ds/esp_rsa_dec_alt.c.obj'
[716/1051] Building C object esp-idf/mbedtls/mbedtls/library/CMakeFiles/mbedcrypto.dir/bignum_core.c.obj
[769/1051] Building C object esp-idf/mbedtls/mbedtls/library/CMakeFiles/mbedcrypto.dir/psa_crypto_se.c.obj
[451/1051] Building C object esp-idf/esp_hw_support/CMakeFiles/__idf_esp_hw_support.dir/power_supply/brownout.c.obj
[717/1051] Building C object esp-idf/mbedtls/mbedtls/library/CMakeFiles/mbedcrypto.dir/block_cipher.c.obj
[744/1051] Building C object esp-idf/mbedtls/mbedtls/library/CMakeFiles/mbedcrypto.dir/ctr_drbg.c.obj
[452/1051] Building C object esp-idf/esp_hw_support/CMakeFiles/__idf_esp_hw_support.dir/lowpower/port/esp32s3/sleep_cpu.c.obj
[281/1051] Building C object esp-idf/lwip/CMakeFiles/__idf_lwip.dir/lwip/src/netif/ppp/chap_ms.c.obj
[821/1049] Building C object esp-idf/mbedtls/mbedtls/3rdparty/everest/CMakeFiles/everest.dir/library/Hacl_Curve25519_joined.c.obj
[745/1051] Building C object esp-idf/mbedtls/mbedtls/library/CMakeFiles/mbedx509.dir/x509.c.obj
[453/1051] Building CXX object esp-idf/nvs_flash/CMakeFiles/__idf_nvs_flash.dir/src/nvs_partition_manager.cpp.obj
[755/1051] Building C object esp-idf/mbedtls/mbedtls/library/CMakeFiles/mbedcrypto.dir/hmac_drbg.c.obj
[718/1051] Building C object esp-idf/mbedtls/mbedtls/library/CMakeFiles/mbedcrypto.dir/camellia.c.obj
[770/1051] Building C object esp-idf/mbedtls/mbedtls/library/CMakeFiles/mbedcrypto.dir/pkcs12.c.obj
[746/1051] Building C object esp-idf/mbedtls/mbedtls/library/CMakeFiles/mbedcrypto.dir/dhm.c.obj
[454/1051] Building C object esp-idf/esp_hw_support/CMakeFiles/__idf_esp_hw_support.dir/sleep_gpio.c.obj
[800/1051] Building C object esp-idf/mbedtls/mbedtls/library/CMakeFiles/mbedcrypto.dir/sha512.c.obj
[726/1051] Building C object esp-idf/mbedtls/mbedtls/library/CMakeFiles/mbedx509.dir/x509_csr.c.obj
[825/1051] Building C object 'esp-idf/mbedtls/mbedtls/library/CMakeFiles/mbedcrypto.dir/home/tikhon/Документы/magnolia/esp-idf/components/mbedtls/port/aes/dma/esp_aes_dma_core.c.obj'
[719/1051] Linking C static library esp-idf/bootloader_support/libbootloader_support.a
[282/1051] Building C object esp-idf/lwip/CMakeFiles/__idf_lwip.dir/lwip/src/netif/ppp/pppcrypt.c.obj
[756/1051] Building C object esp-idf/mbedtls/mbedtls/library/CMakeFiles/mbedcrypto.dir/gcm.c.obj
[455/1051] Building C object esp-idf/esp_hw_support/CMakeFiles/__idf_esp_hw_support.dir/sleep_wake_stub.c.obj
[801/1051] Building C object esp-idf/mbedtls/mbedtls/library/CMakeFiles/mbedcrypto.dir/psa_util.c.obj
[720/1051] Building C object esp-idf/mbedtls/mbedtls/library/CMakeFiles/mbedx509.dir/pkcs7.c.obj
[456/1051] Building C object esp-idf/soc/CMakeFiles/__idf_soc.dir/dport_access_common.c.obj
[283/1051] Building C object esp-idf/lwip/CMakeFiles/__idf_lwip.dir/lwip/src/netif/ppp/demand.c.obj
[757/1051] Building C object esp-idf/mbedtls/mbedtls/library/CMakeFiles/mbedcrypto.dir/pem.c.obj
[727/1051] Building C object esp-idf/mbedtls/mbedtls/library/CMakeFiles/mbedcrypto.dir/constant_time.c.obj
[822/1049] Building C object 'esp-idf/mbedtls/mbedtls/library/CMakeFiles/mbedcrypto.dir/home/tikhon/Документы/magnolia/esp-idf/components/mbedtls/port/aes/esp_aes_gcm.c.obj'
[747/1051] Building C object esp-idf/mbedtls/mbedtls/library/CMakeFiles/mbedcrypto.dir/nist_kw.c.obj
[284/1051] Building C object esp-idf/lwip/CMakeFiles/__idf_lwip.dir/lwip/src/netif/ppp/ipcp.c.obj
[457/1051] Building C object esp-idf/esp_hw_support/CMakeFiles/__idf_esp_hw_support.dir/port/esp32s3/rtc_clk.c.obj
[771/1051] Building C object esp-idf/mbedtls/mbedtls/library/CMakeFiles/mbedcrypto.dir/oid.c.obj
[721/1051] Building C object esp-idf/mbedtls/mbedtls/library/CMakeFiles/mbedx509.dir/x509_csr.c.obj
[722/1051] Building C object esp-idf/mbedtls/mbedtls/library/CMakeFiles/mbedcrypto.dir/chachapoly.c.obj
[748/1051] Building C object esp-idf/mbedtls/mbedtls/library/CMakeFiles/mbedcrypto.dir/memory_buffer_alloc.c.obj
[458/1051] Building C object esp-idf/esp_hw_support/CMakeFiles/__idf_esp_hw_support.dir/usb_phy/usb_phy.c.obj
[728/1051] Building C object esp-idf/mbedtls/mbedtls/library/CMakeFiles/mbedcrypto.dir/ecjpake.c.obj
[285/1051] Building C object esp-idf/lwip/CMakeFiles/__idf_lwip.dir/lwip/src/netif/ppp/upap.c.obj
[459/1051] Building C object esp-idf/soc/CMakeFiles/__idf_soc.dir/esp32s3/interrupts.c.obj
[772/1051] Building C object esp-idf/mbedtls/mbedtls/library/CMakeFiles/mbedcrypto.dir/psa_crypto_client.c.obj
[758/1051] Building C object esp-idf/mbedtls/mbedtls/library/CMakeFiles/mbedcrypto.dir/pkcs12.c.obj
[729/1051] Building C object esp-idf/mbedtls/mbedtls/library/CMakeFiles/mbedcrypto.dir/aria.c.obj
[826/1051] Building C object 'esp-idf/mbedtls/mbedtls/library/CMakeFiles/mbedcrypto.dir/home/tikhon/Документы/magnolia/esp-idf/components/mbedtls/port/bignum/esp_bignum.c.obj'
[460/1051] Building C object esp-idf/esp_hw_support/CMakeFiles/__idf_esp_hw_support.dir/port/esp32s3/rtc_time.c.obj
[823/1049] Building C object 'esp-idf/mbedtls/mbedtls/library/CMakeFiles/mbedcrypto.dir/home/tikhon/Документы/magnolia/esp-idf/components/mbedtls/port/sha/core/sha.c.obj'
[730/1051] Building C object esp-idf/mbedtls/mbedtls/library/CMakeFiles/mbedcrypto.dir/dhm.c.obj
[773/1051] Building C object esp-idf/mbedtls/mbedtls/library/CMakeFiles/mbedcrypto.dir/psa_crypto_aead.c.obj
[286/1051] Building C object esp-idf/lwip/CMakeFiles/__idf_lwip.dir/lwip/src/netif/ppp/eap.c.obj
[749/1051] Building C object esp-idf/mbedtls/mbedtls/library/CMakeFiles/mbedcrypto.dir/md5.c.obj
[824/1049] Building C object 'esp-idf/mbedtls/mbedtls/library/CMakeFiles/mbedcrypto.dir/home/tikhon/Документы/magnolia/esp-idf/components/mbedtls/port/sha/core/esp_sha512.c.obj'
[825/1049] Building C object 'esp-idf/mbedtls/mbedtls/library/CMakeFiles/mbedcrypto.dir/home/tikhon/Документы/magnolia/esp-idf/components/mbedtls/port/aes/dma/esp_aes.c.obj'
[731/1051] Building C object esp-idf/mbedtls/mbedtls/library/CMakeFiles/mbedcrypto.dir/des.c.obj
[723/1051] Building C object esp-idf/mbedtls/mbedtls/library/CMakeFiles/mbedcrypto.dir/constant_time.c.obj
[461/1051] Building C object esp-idf/soc/CMakeFiles/__idf_soc.dir/esp32s3/dedic_gpio_periph.c.obj
[802/1051] Building C object 'esp-idf/mbedtls/mbedtls/library/CMakeFiles/mbedcrypto.dir/home/tikhon/Документы/magnolia/esp-idf/components/mbedtls/port/aes/esp_aes_xts.c.obj'
[724/1051] Building C object esp-idf/mbedtls/mbedtls/library/CMakeFiles/mbedx509.dir/x509_crl.c.obj
[732/1051] Building C object esp-idf/mbedtls/mbedtls/library/CMakeFiles/mbedcrypto.dir/ecdsa.c.obj
[462/1051] Building C object esp-idf/esp_hw_support/CMakeFiles/__idf_esp_hw_support.dir/port/esp32s3/rtc_sleep.c.obj
[725/1051] Building C object 'esp-idf/mbedtls/mbedtls/library/CMakeFiles/mbedtls.dir/home/tikhon/Документы/magnolia/esp-idf/components/mbedtls/port/net_sockets.c.obj'
[759/1051] Building C object esp-idf/mbedtls/mbedtls/library/CMakeFiles/mbedcrypto.dir/md.c.obj
[803/1051] Building C object 'esp-idf/mbedtls/mbedtls/library/CMakeFiles/mbedcrypto.dir/home/tikhon/Документы/magnolia/esp-idf/components/mbedtls/port/aes/esp_aes_common.c.obj'
[463/1051] Building C object esp-idf/soc/CMakeFiles/__idf_soc.dir/esp32s3/adc_periph.c.obj
[287/1051] Building C object esp-idf/lwip/CMakeFiles/__idf_lwip.dir/lwip/src/netif/ppp/fsm.c.obj
[750/1051] Building C object esp-idf/mbedtls/mbedtls/library/CMakeFiles/mbedcrypto.dir/entropy.c.obj
[726/1051] Building C object esp-idf/mbedtls/mbedtls/library/CMakeFiles/mbedcrypto.dir/aria.c.obj
[464/1051] Building C object esp-idf/soc/CMakeFiles/__idf_soc.dir/lldesc.c.obj
[465/1051] Building C object esp-idf/soc/CMakeFiles/__idf_soc.dir/esp32s3/gdma_periph.c.obj
[751/1051] Building C object esp-idf/mbedtls/mbedtls/library/CMakeFiles/mbedcrypto.dir/padlock.c.obj
[733/1051] Building C object esp-idf/mbedtls/mbedtls/library/CMakeFiles/mbedcrypto.dir/entropy_poll.c.obj
[760/1051] Building C object esp-idf/mbedtls/mbedtls/library/CMakeFiles/mbedcrypto.dir/platform.c.obj
[761/1051] Building C object esp-idf/mbedtls/mbedtls/library/CMakeFiles/mbedcrypto.dir/ecp_curves.c.obj
[466/1051] Linking C static library esp-idf/nvs_flash/libnvs_flash.a
[826/1049] Building C object 'esp-idf/mbedtls/mbedtls/library/CMakeFiles/mbedcrypto.dir/home/tikhon/Документы/magnolia/esp-idf/components/mbedtls/port/esp_ds/esp_rsa_sign_alt.c.obj'
[762/1051] Building C object esp-idf/mbedtls/mbedtls/library/CMakeFiles/mbedcrypto.dir/poly1305.c.obj
[752/1051] Building C object esp-idf/mbedtls/mbedtls/library/CMakeFiles/mbedcrypto.dir/hmac_drbg.c.obj
[727/1051] Building C object esp-idf/mbedtls/mbedtls/library/CMakeFiles/mbedcrypto.dir/chacha20.c.obj
[467/1051] Building C object esp-idf/soc/CMakeFiles/__idf_soc.dir/esp32s3/sdm_periph.c.obj
[804/1051] Building C object 'esp-idf/mbedtls/mbedtls/library/CMakeFiles/mbedcrypto.dir/home/tikhon/Документы/magnolia/esp-idf/components/mbedtls/port/sha/esp_sha.c.obj'
[468/1051] Building C object esp-idf/esp_hw_support/CMakeFiles/__idf_esp_hw_support.dir/port/esp32s3/rtc_init.c.obj
[469/1051] Building C object esp-idf/soc/CMakeFiles/__idf_soc.dir/esp32s3/gpio_periph.c.obj
[470/1051] Building C object esp-idf/soc/CMakeFiles/__idf_soc.dir/esp32s3/uart_periph.c.obj
[288/1051] Building C object esp-idf/lwip/CMakeFiles/__idf_lwip.dir/lwip/src/netif/ppp/multilink.c.obj
[471/1051] Building C object esp-idf/freertos/CMakeFiles/__idf_freertos.dir/FreeRTOS-Kernel/tasks.c.obj
[289/1051] Building C object esp-idf/lwip/CMakeFiles/__idf_lwip.dir/lwip/src/core/ipv6/ip6.c.obj
[763/1051] Building C object esp-idf/mbedtls/mbedtls/library/CMakeFiles/mbedcrypto.dir/psa_crypto_client.c.obj
[472/1051] Building C object esp-idf/soc/CMakeFiles/__idf_soc.dir/esp32s3/pcnt_periph.c.obj
[805/1051] Building C object esp-idf/mbedtls/mbedtls/library/CMakeFiles/mbedcrypto.dir/ecp.c.obj
[774/1051] Building C object esp-idf/mbedtls/mbedtls/library/CMakeFiles/mbedcrypto.dir/psa_crypto_pake.c.obj
[473/1051] Building C object esp-idf/soc/CMakeFiles/__idf_soc.dir/esp32s3/i2s_periph.c.obj
[806/1051] Building C object 'esp-idf/mbedtls/mbedtls/library/CMakeFiles/mbedcrypto.dir/home/tikhon/Документы/magnolia/esp-idf/components/mbedtls/port/crypto_shared_gdma/esp_crypto_shared_gdma.c.obj'
[728/1051] Building C object esp-idf/mbedtls/mbedtls/library/CMakeFiles/mbedcrypto.dir/ecdh.c.obj
[734/1051] Building C object esp-idf/mbedtls/mbedtls/library/CMakeFiles/mbedcrypto.dir/ccm.c.obj
[474/1051] Building C object esp-idf/soc/CMakeFiles/__idf_soc.dir/esp32s3/timer_periph.c.obj
[475/1051] Building C object esp-idf/soc/CMakeFiles/__idf_soc.dir/esp32s3/temperature_sensor_periph.c.obj
[775/1051] Building C object esp-idf/mbedtls/mbedtls/library/CMakeFiles/mbedcrypto.dir/psa_its_file.c.obj
[764/1051] Building C object esp-idf/mbedtls/mbedtls/library/CMakeFiles/mbedcrypto.dir/pkcs5.c.obj
[476/1051] Building C object esp-idf/soc/CMakeFiles/__idf_soc.dir/esp32s3/mcpwm_periph.c.obj
[477/1051] Building C object esp-idf/esp_hw_support/CMakeFiles/__idf_esp_hw_support.dir/port/esp32s3/sar_periph_ctrl.c.obj
[776/1051] Building C object esp-idf/mbedtls/mbedtls/library/CMakeFiles/mbedcrypto.dir/ripemd160.c.obj
[735/1051] Building C object esp-idf/mbedtls/mbedtls/library/CMakeFiles/mbedcrypto.dir/ecp_curves_new.c.obj
[290/1051] Building C object esp-idf/lwip/CMakeFiles/__idf_lwip.dir/lwip/src/netif/ppp/pppapi.c.obj
[807/1051] Building C object 'esp-idf/mbedtls/mbedtls/library/CMakeFiles/mbedcrypto.dir/home/tikhon/Документы/magnolia/esp-idf/components/mbedtls/port/bignum/bignum_alt.c.obj'
[765/1051] Building C object esp-idf/mbedtls/mbedtls/library/CMakeFiles/mbedcrypto.dir/platform_util.c.obj
[478/1051] Building C object esp-idf/esp_hw_support/CMakeFiles/__idf_esp_hw_support.dir/esp_clock_output.c.obj
[777/1051] Building C object esp-idf/mbedtls/mbedtls/library/CMakeFiles/mbedcrypto.dir/ecp_curves.c.obj
[729/1051] Building C object esp-idf/mbedtls/mbedtls/library/CMakeFiles/mbedcrypto.dir/des.c.obj
[479/1051] Building C object esp-idf/soc/CMakeFiles/__idf_soc.dir/esp32s3/ledc_periph.c.obj
[753/1051] Building C object esp-idf/mbedtls/mbedtls/library/CMakeFiles/mbedcrypto.dir/ecdsa.c.obj
[736/1051] Building C object esp-idf/mbedtls/mbedtls/library/CMakeFiles/mbedcrypto.dir/cipher_wrap.c.obj
[778/1051] Building C object esp-idf/mbedtls/mbedtls/library/CMakeFiles/mbedtls.dir/ssl_tls.c.obj
[480/1051] Building C object esp-idf/soc/CMakeFiles/__idf_soc.dir/esp32s3/spi_periph.c.obj
[291/1051] Building C object esp-idf/lwip/CMakeFiles/__idf_lwip.dir/lwip/src/netif/ppp/ppp.c.obj
[737/1051] Building C object esp-idf/mbedtls/mbedtls/library/CMakeFiles/mbedcrypto.dir/hkdf.c.obj
[779/1051] Building C object esp-idf/mbedtls/mbedtls/library/CMakeFiles/mbedcrypto.dir/psa_crypto_ffdh.c.obj
[292/1051] Building C object esp-idf/lwip/CMakeFiles/__idf_lwip.dir/lwip/src/netif/ppp/mppe.c.obj
[766/1051] Building C object esp-idf/mbedtls/mbedtls/library/CMakeFiles/mbedcrypto.dir/bignum.c.obj
[293/1051] Building C object esp-idf/lwip/CMakeFiles/__idf_lwip.dir/lwip/src/netif/ppp/utils.c.obj
[738/1051] Building C object esp-idf/mbedtls/mbedtls/library/CMakeFiles/mbedtls.dir/ssl_msg.c.obj
[481/1051] Building C object esp-idf/soc/CMakeFiles/__idf_soc.dir/esp32s3/rmt_periph.c.obj
[482/1051] Linking C static library esp-idf/esp_event/libesp_event.a
[780/1051] Building C object esp-idf/mbedtls/mbedtls/library/CMakeFiles/mbedcrypto.dir/psa_crypto_hash.c.obj
[483/1051] Building C object esp-idf/soc/CMakeFiles/__idf_soc.dir/esp32s3/lcd_periph.c.obj
[754/1051] Building C object esp-idf/mbedtls/mbedtls/library/CMakeFiles/mbedcrypto.dir/platform.c.obj
[808/1051] Building C object 'esp-idf/mbedtls/mbedtls/library/CMakeFiles/mbedcrypto.dir/home/tikhon/Документы/magnolia/esp-idf/components/mbedtls/port/esp_ds/esp_ds_common.c.obj'
[809/1051] Building C object 'esp-idf/mbedtls/mbedtls/library/CMakeFiles/mbedcrypto.dir/home/tikhon/Документы/magnolia/esp-idf/components/mbedtls/port/esp_ds/esp_rsa_dec_alt.c.obj'
[484/1051] Building C object esp-idf/soc/CMakeFiles/__idf_soc.dir/esp32s3/usb_dwc_periph.c.obj
[767/1051] Building C object esp-idf/mbedtls/mbedtls/library/CMakeFiles/mbedcrypto.dir/pk_wrap.c.obj
[294/1051] Building C object esp-idf/lwip/CMakeFiles/__idf_lwip.dir/lwip/src/netif/ppp/ipv6cp.c.obj
[739/1051] Building C object esp-idf/mbedtls/mbedtls/library/CMakeFiles/mbedcrypto.dir/cmac.c.obj
[810/1051] Linking CXX static library esp-idf/mbedtls/mbedtls/library/libmbedx509.a
[768/1051] Building C object esp-idf/mbedtls/mbedtls/library/CMakeFiles/mbedcrypto.dir/pkwrite.c.obj
[485/1051] Building C object esp-idf/soc/CMakeFiles/__idf_soc.dir/esp32s3/mpi_periph.c.obj
[827/1051] Building C object esp-idf/mbedtls/mbedtls/library/CMakeFiles/mbedcrypto.dir/rsa.c.obj
[769/1051] Building C object esp-idf/mbedtls/mbedtls/library/CMakeFiles/mbedcrypto.dir/psa_crypto_ecp.c.obj
[295/1051] Building C object esp-idf/lwip/CMakeFiles/__idf_lwip.dir/lwip/src/netif/ppp/pppos.c.obj
[730/1051] Building C object esp-idf/mbedtls/mbedtls/library/CMakeFiles/mbedcrypto.dir/ecjpake.c.obj
[781/1051] Building C object esp-idf/mbedtls/mbedtls/library/CMakeFiles/mbedcrypto.dir/sha256.c.obj
[731/1051] Building C object esp-idf/mbedtls/mbedtls/library/CMakeFiles/mbedcrypto.dir/ccm.c.obj
[486/1051] Building C object esp-idf/soc/CMakeFiles/__idf_soc.dir/esp32s3/touch_sensor_periph.c.obj
[296/1051] Building C object esp-idf/lwip/CMakeFiles/__idf_lwip.dir/lwip/src/netif/ppp/lcp.c.obj
[755/1051] Building C object esp-idf/mbedtls/mbedtls/library/CMakeFiles/mbedcrypto.dir/gcm.c.obj
[732/1051] Building C object esp-idf/mbedtls/mbedtls/library/CMakeFiles/mbedcrypto.dir/ecdsa.c.obj
[487/1051] Building C object esp-idf/soc/CMakeFiles/__idf_soc.dir/esp32s3/twai_periph.c.obj
[811/1051] Building C object 'esp-idf/mbedtls/mbedtls/library/CMakeFiles/mbedcrypto.dir/home/tikhon/Документы/magnolia/esp-idf/components/mbedtls/port/aes/dma/esp_aes.c.obj'
[488/1051] Building C object esp-idf/soc/CMakeFiles/__idf_soc.dir/esp32s3/wdt_periph.c.obj
[812/1051] Building C object 'esp-idf/mbedtls/mbedtls/library/CMakeFiles/mbedcrypto.dir/home/tikhon/Документы/magnolia/esp-idf/components/mbedtls/port/sha/core/sha.c.obj'
[740/1051] Building C object esp-idf/mbedtls/mbedtls/library/CMakeFiles/mbedtls.dir/ssl_tls12_server.c.obj
[297/1051] Building C object esp-idf/lwip/CMakeFiles/__idf_lwip.dir/lwip/src/netif/ppp/pppoe.c.obj
[756/1051] Building C object esp-idf/mbedtls/mbedtls/library/CMakeFiles/mbedcrypto.dir/poly1305.c.obj
[782/1051] Building C object esp-idf/mbedtls/mbedtls/library/CMakeFiles/mbedcrypto.dir/sha512.c.obj
[813/1051] Building C object 'esp-idf/mbedtls/mbedtls/library/CMakeFiles/mbedcrypto.dir/home/tikhon/Документы/magnolia/esp-idf/components/mbedtls/port/md/esp_md.c.obj'
[489/1051] Building C object esp-idf/soc/CMakeFiles/__idf_soc.dir/esp32s3/cam_periph.c.obj
[757/1051] Building C object esp-idf/mbedtls/mbedtls/library/CMakeFiles/mbedcrypto.dir/pk_ecc.c.obj
[298/1051] Building C object esp-idf/lwip/CMakeFiles/__idf_lwip.dir/lwip/src/netif/ppp/vj.c.obj
[490/1051] Building C object esp-idf/esp_hw_support/CMakeFiles/__idf_esp_hw_support.dir/mspi_timing_tuning/port/esp32s3/mspi_timing_by_mspi_delay.c.obj
[741/1051] Building C object esp-idf/mbedtls/mbedtls/library/CMakeFiles/mbedcrypto.dir/ctr_drbg.c.obj
[827/1051] Building C object esp-idf/mbedtls/mbedtls/library/CMakeFiles/mbedcrypto.dir/rsa.c.obj
[814/1051] Building C object esp-idf/mbedtls/mbedtls/3rdparty/everest/CMakeFiles/everest.dir/library/Hacl_Curve25519_joined.c.obj
[815/1051] Building C object 'esp-idf/mbedtls/mbedtls/library/CMakeFiles/mbedcrypto.dir/home/tikhon/Документы/magnolia/esp-idf/components/mbedtls/port/sha/core/esp_sha1.c.obj'
[783/1051] Building C object esp-idf/mbedtls/mbedtls/library/CMakeFiles/mbedcrypto.dir/pk.c.obj
[299/1051] Building C object esp-idf/lwip/CMakeFiles/__idf_lwip.dir/port/sockets_ext.c.obj
[491/1051] Building C object esp-idf/soc/CMakeFiles/__idf_soc.dir/esp32s3/i2c_periph.c.obj
[492/1051] Building C object esp-idf/soc/CMakeFiles/__idf_soc.dir/esp32s3/sdmmc_periph.c.obj
[816/1051] Building C object 'esp-idf/mbedtls/mbedtls/library/CMakeFiles/mbedcrypto.dir/home/tikhon/Документы/magnolia/esp-idf/components/mbedtls/port/aes/dma/esp_aes_dma_core.c.obj'
[493/1051] Building C object esp-idf/soc/CMakeFiles/__idf_soc.dir/esp32s3/power_supply_periph.c.obj
[784/1051] Building C object esp-idf/mbedtls/mbedtls/library/CMakeFiles/mbedcrypto.dir/sha1.c.obj
[742/1051] Building C object esp-idf/mbedtls/mbedtls/library/CMakeFiles/mbedcrypto.dir/bignum_core.c.obj
[300/1051] Building C object esp-idf/lwip/CMakeFiles/__idf_lwip.dir/lwip/src/netif/ppp/pppol2tp.c.obj
[743/1051] Building C object esp-idf/mbedtls/mbedtls/library/CMakeFiles/mbedcrypto.dir/ecdh.c.obj
[817/1051] Building C object 'esp-idf/mbedtls/mbedtls/library/CMakeFiles/mbedcrypto.dir/home/tikhon/Документы/magnolia/esp-idf/components/mbedtls/port/sha/core/esp_sha256.c.obj'
[770/1051] Building C object esp-idf/mbedtls/mbedtls/library/CMakeFiles/mbedcrypto.dir/psa_crypto_driver_wrappers_no_static.c.obj
[494/1051] Linking C static library esp-idf/esp_driver_uart/libesp_driver_uart.a
[818/1051] Building C object 'esp-idf/mbedtls/mbedtls/library/CMakeFiles/mbedcrypto.dir/home/tikhon/Документы/magnolia/esp-idf/components/mbedtls/port/esp_ds/esp_rsa_sign_alt.c.obj'
[785/1051] Building C object esp-idf/mbedtls/mbedtls/library/CMakeFiles/mbedcrypto.dir/threading.c.obj
[744/1051] Building C object esp-idf/mbedtls/mbedtls/library/CMakeFiles/mbedcrypto.dir/nist_kw.c.obj
[495/1051] Building C object esp-idf/esp_hw_support/CMakeFiles/__idf_esp_hw_support.dir/dma/async_memcpy_gdma.c.obj
[496/1051] Building C object esp-idf/soc/CMakeFiles/__idf_soc.dir/esp32s3/rtc_io_periph.c.obj
[786/1051] Building C object esp-idf/mbedtls/mbedtls/library/CMakeFiles/mbedcrypto.dir/rsa_alt_helpers.c.obj
[497/1051] Building C object esp-idf/heap/CMakeFiles/__idf_heap.dir/heap_caps_base.c.obj
[758/1051] Building C object esp-idf/mbedtls/mbedtls/library/CMakeFiles/mbedcrypto.dir/cipher.c.obj
[733/1051] Building C object esp-idf/mbedtls/mbedtls/library/CMakeFiles/mbedcrypto.dir/cipher_wrap.c.obj
[787/1051] Building C object esp-idf/mbedtls/mbedtls/library/CMakeFiles/mbedcrypto.dir/psa_crypto_slot_management.c.obj
[745/1051] Building C object esp-idf/mbedtls/mbedtls/library/CMakeFiles/mbedcrypto.dir/lms.c.obj
[771/1051] Building C object esp-idf/mbedtls/mbedtls/library/CMakeFiles/mbedcrypto.dir/psa_crypto_mac.c.obj
[819/1051] Building C object esp-idf/mbedtls/mbedtls/library/CMakeFiles/mbedcrypto.dir/sha3.c.obj
[772/1051] Building C object esp-idf/mbedtls/mbedtls/library/CMakeFiles/mbedcrypto.dir/pk.c.obj
[734/1051] Building C object esp-idf/mbedtls/mbedtls/library/CMakeFiles/mbedcrypto.dir/ecp_curves_new.c.obj
[788/1051] Linking CXX static library esp-idf/mbedtls/mbedtls/library/libmbedtls.a
[759/1051] Building C object esp-idf/mbedtls/mbedtls/library/CMakeFiles/mbedcrypto.dir/platform_util.c.obj
[789/1051] Building C object esp-idf/mbedtls/mbedtls/library/CMakeFiles/mbedcrypto.dir/version_features.c.obj
[746/1051] Building C object esp-idf/mbedtls/mbedtls/library/CMakeFiles/mbedcrypto.dir/padlock.c.obj
[735/1051] Building C object esp-idf/mbedtls/mbedtls/library/CMakeFiles/mbedtls.dir/ssl_tls12_client.c.obj
[747/1051] Building C object esp-idf/mbedtls/mbedtls/library/CMakeFiles/mbedcrypto.dir/lmots.c.obj
[773/1051] Building C object esp-idf/mbedtls/mbedtls/library/CMakeFiles/mbedcrypto.dir/psa_crypto_se.c.obj
[498/1051] Linking C static library esp-idf/esp_ringbuf/libesp_ringbuf.a
[820/1051] Building C object 'esp-idf/mbedtls/mbedtls/library/CMakeFiles/mbedcrypto.dir/home/tikhon/Документы/magnolia/esp-idf/components/mbedtls/port/bignum/esp_bignum.c.obj'
[790/1051] Building C object esp-idf/mbedtls/mbedtls/library/CMakeFiles/mbedcrypto.dir/psa_crypto_mac.c.obj
[791/1051] Building C object esp-idf/mbedtls/mbedtls/library/CMakeFiles/mbedcrypto.dir/psa_util.c.obj
[760/1051] Building C object esp-idf/mbedtls/mbedtls/library/CMakeFiles/mbedcrypto.dir/pem.c.obj
[792/1051] Building C object esp-idf/mbedtls/mbedtls/library/CMakeFiles/mbedcrypto.dir/timing.c.obj
[821/1051] Building C object esp-idf/mbedtls/mbedtls/3rdparty/everest/CMakeFiles/everest.dir/library/x25519.c.obj
[822/1051] Building C object esp-idf/mbedtls/mbedtls/3rdparty/p256-m/CMakeFiles/p256m.dir/p256-m_driver_entrypoints.c.obj
[823/1051] Building C object esp-idf/mbedtls/mbedtls/3rdparty/everest/CMakeFiles/everest.dir/library/everest.c.obj
[824/1051] Building C object 'esp-idf/mbedtls/mbedtls/library/CMakeFiles/mbedcrypto.dir/home/tikhon/Документы/magnolia/esp-idf/components/mbedtls/port/sha/core/esp_sha512.c.obj'
[499/1051] Building C object esp-idf/log/CMakeFiles/__idf_log.dir/src/util.c.obj
[761/1051] Building C object esp-idf/mbedtls/mbedtls/library/CMakeFiles/mbedcrypto.dir/pk_wrap.c.obj
[793/1051] Building C object 'esp-idf/mbedtls/mbedtls/library/CMakeFiles/mbedcrypto.dir/home/tikhon/Документы/magnolia/esp-idf/components/mbedtls/port/aes/dma/esp_aes_gdma_impl.c.obj'
[748/1051] Building C object esp-idf/mbedtls/mbedtls/library/CMakeFiles/mbedcrypto.dir/memory_buffer_alloc.c.obj
[301/1051] Building C object esp-idf/lwip/CMakeFiles/__idf_lwip.dir/port/if_index.c.obj
[794/1051] Building C object esp-idf/mbedtls/mbedtls/library/CMakeFiles/mbedcrypto.dir/pkparse.c.obj
[795/1051] Building C object esp-idf/mbedtls/mbedtls/library/CMakeFiles/mbedcrypto.dir/psa_crypto_storage.c.obj
[749/1051] Building C object esp-idf/mbedtls/mbedtls/library/CMakeFiles/mbedcrypto.dir/entropy.c.obj
[302/1051] Building C object esp-idf/lwip/CMakeFiles/__idf_lwip.dir/port/hooks/tcp_isn_default.c.obj
[796/1051] Building C object esp-idf/mbedtls/mbedtls/library/CMakeFiles/mbedcrypto.dir/version.c.obj
[774/1051] Building C object esp-idf/mbedtls/mbedtls/library/CMakeFiles/mbedcrypto.dir/psa_crypto_cipher.c.obj
[762/1051] Building C object esp-idf/mbedtls/mbedtls/library/CMakeFiles/mbedcrypto.dir/bignum.c.obj
[500/1051] Building C object esp-idf/heap/CMakeFiles/__idf_heap.dir/port/esp32s3/memory_layout.c.obj
[750/1051] Building C object esp-idf/mbedtls/mbedtls/library/CMakeFiles/mbedcrypto.dir/md5.c.obj
[736/1051] Building C object esp-idf/mbedtls/mbedtls/library/CMakeFiles/mbedcrypto.dir/entropy_poll.c.obj
[775/1051] Building C object esp-idf/mbedtls/mbedtls/library/CMakeFiles/mbedcrypto.dir/psa_crypto_hash.c.obj
[776/1051] Building C object esp-idf/mbedtls/mbedtls/library/CMakeFiles/mbedcrypto.dir/rsa_alt_helpers.c.obj
[825/1051] Building C object esp-idf/mbedtls/mbedtls/3rdparty/p256-m/CMakeFiles/p256m.dir/p256-m/p256-m.c.obj
[737/1051] Building C object esp-idf/mbedtls/mbedtls/library/CMakeFiles/mbedcrypto.dir/cmac.c.obj
[797/1051] Building C object 'esp-idf/mbedtls/mbedtls/library/CMakeFiles/mbedcrypto.dir/home/tikhon/Документы/magnolia/esp-idf/components/mbedtls/port/esp_mem.c.obj'
[303/1051] Building C object esp-idf/lwip/CMakeFiles/__idf_lwip.dir/apps/ping/ping.c.obj
[763/1051] Building C object esp-idf/mbedtls/mbedtls/library/CMakeFiles/mbedcrypto.dir/md.c.obj
[764/1051] Building C object esp-idf/mbedtls/mbedtls/library/CMakeFiles/mbedcrypto.dir/psa_crypto_ffdh.c.obj
[777/1051] Building C object esp-idf/mbedtls/mbedtls/library/CMakeFiles/mbedcrypto.dir/oid.c.obj
[778/1051] Building C object esp-idf/mbedtls/mbedtls/library/CMakeFiles/mbedcrypto.dir/psa_crypto_rsa.c.obj
[501/1051] Linking C static library esp-idf/esp_driver_gptimer/libesp_driver_gptimer.a
[502/1051] Building C object esp-idf/log/CMakeFiles/__idf_log.dir/src/log_print.c.obj
[304/1051] Building C object esp-idf/lwip/CMakeFiles/__idf_lwip.dir/lwip/src/netif/ppp/polarssl/des.c.obj
[798/1051] Building C object esp-idf/mbedtls/mbedtls/library/CMakeFiles/mbedcrypto.dir/psa_crypto_rsa.c.obj
[305/1051] Building C object esp-idf/lwip/CMakeFiles/__idf_lwip.dir/port/hooks/lwip_default_hooks.c.obj
[799/1051] Building C object esp-idf/mbedtls/mbedtls/library/CMakeFiles/mbedcrypto.dir/ecp.c.obj
[738/1051] Building C object esp-idf/mbedtls/mbedtls/library/CMakeFiles/mbedtls.dir/ssl_msg.c.obj
[779/1051] Building C object esp-idf/mbedtls/mbedtls/library/CMakeFiles/mbedcrypto.dir/psa_crypto_pake.c.obj
[503/1051] Building C object esp-idf/log/CMakeFiles/__idf_log.dir/src/log_timestamp_common.c.obj
[504/1051] Building C object esp-idf/heap/CMakeFiles/__idf_heap.dir/port/memory_layout_utils.c.obj
[306/1051] Building C object esp-idf/lwip/CMakeFiles/__idf_lwip.dir/lwip/src/api/sockets.c.obj
[739/1051] Building C object esp-idf/mbedtls/mbedtls/library/CMakeFiles/mbedcrypto.dir/ctr_drbg.c.obj
[780/1051] Building C object esp-idf/mbedtls/mbedtls/library/CMakeFiles/mbedcrypto.dir/psa_crypto_aead.c.obj
[740/1051] Building C object esp-idf/mbedtls/mbedtls/library/CMakeFiles/mbedcrypto.dir/hkdf.c.obj
[765/1051] Building C object esp-idf/mbedtls/mbedtls/library/CMakeFiles/mbedcrypto.dir/pkcs12.c.obj
[781/1051] Building C object esp-idf/mbedtls/mbedtls/library/CMakeFiles/mbedcrypto.dir/ripemd160.c.obj
[505/1051] Building C object esp-idf/log/CMakeFiles/__idf_log.dir/src/log_level/log_level.c.obj
[800/1051] Building C object 'esp-idf/mbedtls/mbedtls/library/CMakeFiles/mbedcrypto.dir/home/tikhon/Документы/magnolia/esp-idf/components/mbedtls/port/sha/core/esp_sha_gdma_impl.c.obj'
[741/1051] Building C object esp-idf/mbedtls/mbedtls/library/CMakeFiles/mbedx509.dir/x509.c.obj
[751/1051] Building C object esp-idf/mbedtls/mbedtls/library/CMakeFiles/mbedcrypto.dir/error.c.obj
[782/1051] Building C object esp-idf/mbedtls/mbedtls/library/CMakeFiles/mbedcrypto.dir/psa_crypto_ffdh.c.obj
[506/1051] Linking C static library esp-idf/esp_timer/libesp_timer.a
[752/1051] Building C object esp-idf/mbedtls/mbedtls/library/CMakeFiles/mbedcrypto.dir/ecp.c.obj
[801/1051] Building C object 'esp-idf/mbedtls/mbedtls/library/CMakeFiles/mbedcrypto.dir/home/tikhon/Документы/magnolia/esp-idf/components/mbedtls/port/esp_hardware.c.obj'
[307/1051] Linking C static library esp-idf/esp_netif/libesp_netif.a
[826/1051] Building C object 'esp-idf/mbedtls/mbedtls/library/CMakeFiles/mbedcrypto.dir/home/tikhon/Документы/magnolia/esp-idf/components/mbedtls/port/aes/esp_aes_gcm.c.obj'
[802/1051] Building C object 'esp-idf/mbedtls/mbedtls/library/CMakeFiles/mbedcrypto.dir/home/tikhon/Документы/magnolia/esp-idf/components/mbedtls/port/esp_ds/esp_rsa_sign_alt.c.obj'
[766/1051] Building C object esp-idf/mbedtls/mbedtls/library/CMakeFiles/mbedcrypto.dir/pkcs5.c.obj
[308/1051] Building C object esp-idf/lwip/CMakeFiles/__idf_lwip.dir/port/acd_dhcp_check.c.obj
[507/1051] Building C object esp-idf/log/CMakeFiles/__idf_log.dir/src/log_format_text.c.obj
[783/1051] Building C object esp-idf/mbedtls/mbedtls/library/CMakeFiles/mbedcrypto.dir/pkparse.c.obj
[753/1051] Building C object esp-idf/mbedtls/mbedtls/library/CMakeFiles/mbedcrypto.dir/cipher.c.obj
[767/1051] Building C object esp-idf/mbedtls/mbedtls/library/CMakeFiles/mbedtls.dir/ssl_tls.c.obj
[784/1051] Building C object esp-idf/mbedtls/mbedtls/library/CMakeFiles/mbedtls.dir/ssl_tls.c.obj
[508/1051] Building C object esp-idf/log/CMakeFiles/__idf_log.dir/src/os/log_lock.c.obj
[803/1051] Building C object 'esp-idf/mbedtls/mbedtls/library/CMakeFiles/mbedcrypto.dir/home/tikhon/Документы/magnolia/esp-idf/components/mbedtls/port/esp_timing.c.obj'
[754/1051] Building C object esp-idf/mbedtls/mbedtls/library/CMakeFiles/mbedcrypto.dir/pk_wrap.c.obj
[309/1051] Building C object esp-idf/lwip/CMakeFiles/__idf_lwip.dir/port/freertos/sys_arch.c.obj
[509/1051] Building C object esp-idf/log/CMakeFiles/__idf_log.dir/src/buffer/log_buffers.c.obj
[742/1051] Building C object esp-idf/mbedtls/mbedtls/library/CMakeFiles/mbedcrypto.dir/lms.c.obj
[804/1051] Building C object 'esp-idf/mbedtls/mbedtls/library/CMakeFiles/mbedcrypto.dir/home/tikhon/Документы/magnolia/esp-idf/components/mbedtls/port/aes/esp_aes_xts.c.obj'
[310/1051] Building C object esp-idf/lwip/CMakeFiles/__idf_lwip.dir/apps/ping/esp_ping.c.obj
[510/1051] Building C object esp-idf/log/CMakeFiles/__idf_log.dir/src/os/log_timestamp.c.obj
[785/1051] Building C object esp-idf/mbedtls/mbedtls/library/CMakeFiles/mbedcrypto.dir/psa_its_file.c.obj
[743/1051] Building C object esp-idf/mbedtls/mbedtls/library/CMakeFiles/mbedcrypto.dir/memory_buffer_alloc.c.obj
[786/1051] Building C object esp-idf/mbedtls/mbedtls/library/CMakeFiles/mbedcrypto.dir/sha512.c.obj
[511/1051] Building C object esp-idf/log/CMakeFiles/__idf_log.dir/src/os/util.c.obj
[311/1051] Building C object esp-idf/lwip/CMakeFiles/__idf_lwip.dir/port/esp32xx/vfs_lwip.c.obj
[512/1051] Building C object esp-idf/log/CMakeFiles/__idf_log.dir/src/log.c.obj
[787/1051] Building C object esp-idf/mbedtls/mbedtls/library/CMakeFiles/mbedcrypto.dir/sha1.c.obj
[788/1051] Building C object esp-idf/mbedtls/mbedtls/library/CMakeFiles/mbedcrypto.dir/threading.c.obj
[768/1051] Building C object esp-idf/mbedtls/mbedtls/library/CMakeFiles/mbedcrypto.dir/psa_crypto_pake.c.obj
[513/1051] Building C object esp-idf/heap/CMakeFiles/__idf_heap.dir/multi_heap.c.obj
[514/1051] Linking C static library esp-idf/cxx/libcxx.a
[755/1051] Building C object esp-idf/mbedtls/mbedtls/library/CMakeFiles/mbedcrypto.dir/bignum.c.obj
[744/1051] Building C object esp-idf/mbedtls/mbedtls/library/CMakeFiles/mbedcrypto.dir/dhm.c.obj
[769/1051] Building C object esp-idf/mbedtls/mbedtls/library/CMakeFiles/mbedcrypto.dir/oid.c.obj
[756/1051] Building C object esp-idf/mbedtls/mbedtls/library/CMakeFiles/mbedcrypto.dir/platform.c.obj
[515/1051] Building C object esp-idf/log/CMakeFiles/__idf_log.dir/src/os/log_write.c.obj
[745/1051] Building C object esp-idf/mbedtls/mbedtls/library/CMakeFiles/mbedcrypto.dir/lmots.c.obj
[312/1051] Building C object esp-idf/lwip/CMakeFiles/__idf_lwip.dir/lwip/src/netif/ppp/polarssl/arc4.c.obj
[313/1051] Building C object esp-idf/lwip/CMakeFiles/__idf_lwip.dir/port/debug/lwip_debug.c.obj
[770/1051] Building C object esp-idf/mbedtls/mbedtls/library/CMakeFiles/mbedcrypto.dir/pkwrite.c.obj
[746/1051] Building C object esp-idf/mbedtls/mbedtls/library/CMakeFiles/mbedcrypto.dir/nist_kw.c.obj
[314/1051] Building C object esp-idf/lwip/CMakeFiles/__idf_lwip.dir/lwip/src/netif/ppp/polarssl/md4.c.obj
[516/1051] Building C object esp-idf/hal/CMakeFiles/__idf_hal.dir/color_hal.c.obj
[805/1051] Building C object 'esp-idf/mbedtls/mbedtls/library/CMakeFiles/mbedcrypto.dir/home/tikhon/Документы/magnolia/esp-idf/components/mbedtls/port/aes/esp_aes_common.c.obj'
[771/1051] Building C object esp-idf/mbedtls/mbedtls/library/CMakeFiles/mbedcrypto.dir/ecp_curves.c.obj
[747/1051] Building C object esp-idf/mbedtls/mbedtls/library/CMakeFiles/mbedtls.dir/ssl_tls12_server.c.obj
[772/1051] Building C object esp-idf/mbedtls/mbedtls/library/CMakeFiles/mbedcrypto.dir/psa_crypto_client.c.obj
[789/1051] Building C object esp-idf/mbedtls/mbedtls/library/CMakeFiles/mbedcrypto.dir/timing.c.obj
[315/1051] Building C object esp-idf/lwip/CMakeFiles/__idf_lwip.dir/lwip/src/netif/ppp/polarssl/md5.c.obj
[773/1051] Building C object esp-idf/mbedtls/mbedtls/library/CMakeFiles/mbedcrypto.dir/pk.c.obj
[790/1051] Building C object esp-idf/mbedtls/mbedtls/library/CMakeFiles/mbedcrypto.dir/version.c.obj
[517/1051] Building C object esp-idf/log/CMakeFiles/__idf_log.dir/src/log_level/tag_log_level/linked_list/log_linked_list.c.obj
[806/1051] Building C object 'esp-idf/mbedtls/mbedtls/library/CMakeFiles/mbedcrypto.dir/home/tikhon/Документы/magnolia/esp-idf/components/mbedtls/port/esp_ds/esp_rsa_dec_alt.c.obj'
[316/1051] Building C object esp-idf/esp_phy/CMakeFiles/__idf_esp_phy.dir/src/phy_override.c.obj
[748/1051] Building C object esp-idf/mbedtls/mbedtls/library/CMakeFiles/mbedcrypto.dir/entropy.c.obj
[774/1051] Building C object esp-idf/mbedtls/mbedtls/library/CMakeFiles/mbedcrypto.dir/psa_crypto_aead.c.obj
[791/1051] Building C object esp-idf/mbedtls/mbedtls/library/CMakeFiles/mbedcrypto.dir/version_features.c.obj
[757/1051] Building C object esp-idf/mbedtls/mbedtls/library/CMakeFiles/mbedcrypto.dir/hmac_drbg.c.obj
[758/1051] Building C object esp-idf/mbedtls/mbedtls/library/CMakeFiles/mbedcrypto.dir/poly1305.c.obj
[749/1051] Building C object esp-idf/mbedtls/mbedtls/library/CMakeFiles/mbedcrypto.dir/bignum.c.obj
[518/1051] Building C object esp-idf/log/CMakeFiles/__idf_log.dir/src/log_level/tag_log_level/tag_log_level.c.obj
[759/1051] Building C object esp-idf/mbedtls/mbedtls/library/CMakeFiles/mbedcrypto.dir/pkwrite.c.obj
[317/1051] Building C object esp-idf/lwip/CMakeFiles/__idf_lwip.dir/lwip/src/netif/ppp/polarssl/sha1.c.obj
[775/1051] Building C object esp-idf/mbedtls/mbedtls/library/CMakeFiles/mbedcrypto.dir/ecp.c.obj
[792/1051] Building C object esp-idf/mbedtls/mbedtls/library/CMakeFiles/mbedcrypto.dir/psa_crypto_storage.c.obj
[750/1051] Building C object esp-idf/mbedtls/mbedtls/library/CMakeFiles/mbedcrypto.dir/error.c.obj
[776/1051] Building C object esp-idf/mbedtls/mbedtls/library/CMakeFiles/mbedcrypto.dir/ripemd160.c.obj
[519/1051] Building C object esp-idf/hal/CMakeFiles/__idf_hal.dir/mpu_hal.c.obj
[807/1051] Building C object 'esp-idf/mbedtls/mbedtls/library/CMakeFiles/mbedcrypto.dir/home/tikhon/Документы/magnolia/esp-idf/components/mbedtls/port/sha/esp_sha.c.obj'
[777/1051] Building C object esp-idf/mbedtls/mbedtls/library/CMakeFiles/mbedcrypto.dir/psa_crypto_hash.c.obj
[520/1051] Building C object esp-idf/hal/CMakeFiles/__idf_hal.dir/efuse_hal.c.obj
[808/1051] Building C object 'esp-idf/mbedtls/mbedtls/library/CMakeFiles/mbedcrypto.dir/home/tikhon/Документы/magnolia/esp-idf/components/mbedtls/port/sha/core/esp_sha256.c.obj'
[760/1051] Building C object esp-idf/mbedtls/mbedtls/library/CMakeFiles/mbedcrypto.dir/pk_ecc.c.obj
[778/1051] Building C object esp-idf/mbedtls/mbedtls/library/CMakeFiles/mbedcrypto.dir/psa_crypto_se.c.obj
[521/1051] Linking C static library esp-idf/pthread/libpthread.a
[793/1051] Building C object 'esp-idf/mbedtls/mbedtls/library/CMakeFiles/mbedcrypto.dir/home/tikhon/Документы/magnolia/esp-idf/components/mbedtls/port/aes/dma/esp_aes_gdma_impl.c.obj'
[779/1051] Linking CXX static library esp-idf/mbedtls/mbedtls/library/libmbedtls.a
[761/1051] Building C object esp-idf/mbedtls/mbedtls/library/CMakeFiles/mbedcrypto.dir/pkcs12.c.obj
[794/1051] Building C object 'esp-idf/mbedtls/mbedtls/library/CMakeFiles/mbedcrypto.dir/home/tikhon/Документы/magnolia/esp-idf/components/mbedtls/port/aes/dma/esp_aes_dma_core.c.obj'
[809/1051] Building C object 'esp-idf/mbedtls/mbedtls/library/CMakeFiles/mbedcrypto.dir/home/tikhon/Документы/magnolia/esp-idf/components/mbedtls/port/sha/core/sha.c.obj'
[751/1051] Building C object esp-idf/mbedtls/mbedtls/library/CMakeFiles/mbedcrypto.dir/md5.c.obj
[780/1051] Building C object esp-idf/mbedtls/mbedtls/library/CMakeFiles/mbedcrypto.dir/psa_crypto_cipher.c.obj
[522/1051] Building C object esp-idf/hal/CMakeFiles/__idf_hal.dir/esp32s3/efuse_hal.c.obj
[762/1051] Building C object esp-idf/mbedtls/mbedtls/library/CMakeFiles/mbedcrypto.dir/pkcs5.c.obj
[523/1051] Building C object esp-idf/heap/CMakeFiles/__idf_heap.dir/heap_caps_init.c.obj
[781/1051] Building C object esp-idf/mbedtls/mbedtls/library/CMakeFiles/mbedcrypto.dir/psa_crypto_driver_wrappers_no_static.c.obj
[795/1051] Building C object esp-idf/mbedtls/mbedtls/library/CMakeFiles/mbedcrypto.dir/sha256.c.obj
[318/1051] Building C object esp-idf/esp_phy/CMakeFiles/__idf_esp_phy.dir/esp32s3/phy_init_data.c.obj
[796/1051] Linking CXX static library esp-idf/mbedtls/mbedtls/library/libmbedtls.a
[763/1051] Building C object esp-idf/mbedtls/mbedtls/library/CMakeFiles/mbedcrypto.dir/gcm.c.obj
[524/1051] Building C object esp-idf/hal/CMakeFiles/__idf_hal.dir/hal_utils.c.obj
[764/1051] Building C object esp-idf/mbedtls/mbedtls/library/CMakeFiles/mbedcrypto.dir/psa_crypto_client.c.obj
[525/1051] Building C object esp-idf/log/CMakeFiles/__idf_log.dir/src/log_level/tag_log_level/cache/log_binary_heap.c.obj
[797/1051] Building C object 'esp-idf/mbedtls/mbedtls/library/CMakeFiles/mbedcrypto.dir/home/tikhon/Документы/magnolia/esp-idf/components/mbedtls/port/esp_hardware.c.obj'
[765/1051] Building C object esp-idf/mbedtls/mbedtls/library/CMakeFiles/mbedcrypto.dir/pem.c.obj
[810/1051] Building C object 'esp-idf/mbedtls/mbedtls/library/CMakeFiles/mbedcrypto.dir/home/tikhon/Документы/magnolia/esp-idf/components/mbedtls/port/bignum/bignum_alt.c.obj'
[782/1051] Building C object esp-idf/mbedtls/mbedtls/library/CMakeFiles/mbedcrypto.dir/threading.c.obj
[752/1051] Building C object esp-idf/mbedtls/mbedtls/library/CMakeFiles/mbedcrypto.dir/padlock.c.obj
[798/1051] Building C object 'esp-idf/mbedtls/mbedtls/library/CMakeFiles/mbedcrypto.dir/home/tikhon/Документы/magnolia/esp-idf/components/mbedtls/port/esp_timing.c.obj'
[811/1051] Linking CXX static library esp-idf/mbedtls/mbedtls/library/libmbedx509.a
[783/1051] Building C object esp-idf/mbedtls/mbedtls/library/CMakeFiles/mbedcrypto.dir/psa_its_file.c.obj
[799/1051] Building C object esp-idf/mbedtls/mbedtls/library/CMakeFiles/mbedcrypto.dir/psa_util.c.obj
[812/1051] Building C object 'esp-idf/mbedtls/mbedtls/library/CMakeFiles/mbedcrypto.dir/home/tikhon/Документы/magnolia/esp-idf/components/mbedtls/port/crypto_shared_gdma/esp_crypto_shared_gdma.c.obj'
[766/1051] Building C object esp-idf/mbedtls/mbedtls/library/CMakeFiles/mbedcrypto.dir/platform_util.c.obj
[784/1051] Building C object esp-idf/mbedtls/mbedtls/library/CMakeFiles/mbedcrypto.dir/psa_util.c.obj
[800/1051] Building C object 'esp-idf/mbedtls/mbedtls/library/CMakeFiles/mbedcrypto.dir/home/tikhon/Документы/magnolia/esp-idf/components/mbedtls/port/sha/core/esp_sha_gdma_impl.c.obj'
[767/1051] Building C object esp-idf/mbedtls/mbedtls/library/CMakeFiles/mbedcrypto.dir/psa_crypto_driver_wrappers_no_static.c.obj
[785/1051] Building C object esp-idf/mbedtls/mbedtls/library/CMakeFiles/mbedcrypto.dir/psa_crypto_mac.c.obj
[801/1051] Building C object 'esp-idf/mbedtls/mbedtls/library/CMakeFiles/mbedcrypto.dir/home/tikhon/Документы/magnolia/esp-idf/components/mbedtls/port/esp_mem.c.obj'
[768/1051] Building C object esp-idf/mbedtls/mbedtls/library/CMakeFiles/mbedcrypto.dir/pk.c.obj
[526/1051] Linking C static library esp-idf/newlib/libnewlib.a
[753/1051] Building C object esp-idf/mbedtls/mbedtls/library/CMakeFiles/mbedcrypto.dir/cipher.c.obj
[813/1051] Building C object 'esp-idf/mbedtls/mbedtls/library/CMakeFiles/mbedcrypto.dir/home/tikhon/Документы/magnolia/esp-idf/components/mbedtls/port/md/esp_md.c.obj'
[319/1051] Building C object esp-idf/esp_vfs_console/CMakeFiles/__idf_esp_vfs_console.dir/vfs_console.c.obj
[814/1051] Building C object esp-idf/mbedtls/mbedtls/3rdparty/everest/CMakeFiles/everest.dir/library/x25519.c.obj
[786/1051] Building C object esp-idf/mbedtls/mbedtls/library/CMakeFiles/mbedcrypto.dir/version_features.c.obj
[527/1051] Building C object esp-idf/hal/CMakeFiles/__idf_hal.dir/spi_flash_encrypt_hal_iram.c.obj
[815/1051] Building C object esp-idf/mbedtls/mbedtls/3rdparty/p256-m/CMakeFiles/p256m.dir/p256-m_driver_entrypoints.c.obj
[320/1051] Building C object esp-idf/esp_phy/CMakeFiles/__idf_esp_phy.dir/src/lib_printf.c.obj
[802/1051] Building C object 'esp-idf/mbedtls/mbedtls/library/CMakeFiles/mbedcrypto.dir/home/tikhon/Документы/magnolia/esp-idf/components/mbedtls/port/aes/esp_aes_xts.c.obj'
[769/1051] Building C object esp-idf/mbedtls/mbedtls/library/CMakeFiles/mbedcrypto.dir/psa_crypto_mac.c.obj
[816/1051] Building C object esp-idf/mbedtls/mbedtls/3rdparty/p256-m/CMakeFiles/p256m.dir/p256-m/p256-m.c.obj
[754/1051] Building C object esp-idf/mbedtls/mbedtls/library/CMakeFiles/mbedcrypto.dir/oid.c.obj
[787/1051] Building C object esp-idf/mbedtls/mbedtls/library/CMakeFiles/mbedcrypto.dir/sha1.c.obj
[803/1051] Building C object esp-idf/mbedtls/mbedtls/library/CMakeFiles/mbedcrypto.dir/ecp.c.obj
[528/1051] Building C object esp-idf/hal/CMakeFiles/__idf_hal.dir/mmu_hal.c.obj
[817/1051] Building C object 'esp-idf/mbedtls/mbedtls/library/CMakeFiles/mbedcrypto.dir/home/tikhon/Документы/magnolia/esp-idf/components/mbedtls/port/sha/core/esp_sha1.c.obj'
[755/1051] Building C object esp-idf/mbedtls/mbedtls/library/CMakeFiles/mbedcrypto.dir/pem.c.obj
[804/1051] Building C object esp-idf/mbedtls/mbedtls/library/CMakeFiles/mbedcrypto.dir/psa_crypto_slot_management.c.obj
[788/1051] Building C object esp-idf/mbedtls/mbedtls/library/CMakeFiles/mbedcrypto.dir/timing.c.obj
[756/1051] Building C object esp-idf/mbedtls/mbedtls/library/CMakeFiles/mbedcrypto.dir/hmac_drbg.c.obj
[321/1051] Building C object esp-idf/esp_phy/CMakeFiles/__idf_esp_phy.dir/src/btbb_init.c.obj
[789/1051] Building C object esp-idf/mbedtls/mbedtls/library/CMakeFiles/mbedcrypto.dir/psa_crypto_ecp.c.obj
[818/1051] Building C object esp-idf/mbedtls/mbedtls/3rdparty/everest/CMakeFiles/everest.dir/library/everest.c.obj
[529/1051] Building C object esp-idf/esp_hw_support/CMakeFiles/__idf_esp_hw_support.dir/dma/gdma.c.obj
[819/1051] Building C object 'esp-idf/mbedtls/mbedtls/library/CMakeFiles/mbedcrypto.dir/home/tikhon/Документы/magnolia/esp-idf/components/mbedtls/port/esp_ds/esp_ds_common.c.obj'
[322/1051] Building C object esp-idf/vfs/CMakeFiles/__idf_vfs.dir/vfs_semihost.c.obj
[820/1051] Building C object esp-idf/mbedtls/mbedtls/3rdparty/everest/CMakeFiles/everest.dir/library/Hacl_Curve25519_joined.c.obj
[805/1051] Building C object 'esp-idf/mbedtls/mbedtls/library/CMakeFiles/mbedcrypto.dir/home/tikhon/Документы/magnolia/esp-idf/components/mbedtls/port/crypto_shared_gdma/esp_crypto_shared_gdma.c.obj'
[770/1051] Building C object esp-idf/mbedtls/mbedtls/library/CMakeFiles/mbedcrypto.dir/md.c.obj
[530/1051] Building C object esp-idf/hal/CMakeFiles/__idf_hal.dir/systimer_hal.c.obj
[806/1051] Building C object 'esp-idf/mbedtls/mbedtls/library/CMakeFiles/mbedcrypto.dir/home/tikhon/Документы/magnolia/esp-idf/components/mbedtls/port/esp_ds/esp_ds_common.c.obj'
[790/1051] Building C object esp-idf/mbedtls/mbedtls/library/CMakeFiles/mbedcrypto.dir/sha3.c.obj
[771/1051] Building C object esp-idf/mbedtls/mbedtls/library/CMakeFiles/mbedcrypto.dir/psa_crypto_pake.c.obj
[821/1051] Building C object 'esp-idf/mbedtls/mbedtls/library/CMakeFiles/mbedcrypto.dir/home/tikhon/Документы/magnolia/esp-idf/components/mbedtls/port/aes/dma/esp_aes.c.obj'
[531/1051] Building C object esp-idf/hal/CMakeFiles/__idf_hal.dir/uart_hal_iram.c.obj
[807/1051] Building C object 'esp-idf/mbedtls/mbedtls/library/CMakeFiles/mbedcrypto.dir/home/tikhon/Документы/magnolia/esp-idf/components/mbedtls/port/aes/esp_aes_common.c.obj'
[772/1051] Building C object esp-idf/mbedtls/mbedtls/library/CMakeFiles/mbedcrypto.dir/psa_crypto_storage.c.obj
[791/1051] Building C object esp-idf/mbedtls/mbedtls/library/CMakeFiles/mbedcrypto.dir/sha512.c.obj
[808/1051] Building C object 'esp-idf/mbedtls/mbedtls/library/CMakeFiles/mbedcrypto.dir/home/tikhon/Документы/magnolia/esp-idf/components/mbedtls/port/aes/dma/esp_aes.c.obj'
[822/1051] Building C object esp-idf/mbedtls/mbedtls/library/CMakeFiles/mbedcrypto.dir/sha3.c.obj
[809/1051] Building C object 'esp-idf/mbedtls/mbedtls/library/CMakeFiles/mbedcrypto.dir/home/tikhon/Документы/magnolia/esp-idf/components/mbedtls/port/sha/esp_sha.c.obj'
[323/1051] Building C object esp-idf/lwip/CMakeFiles/__idf_lwip.dir/apps/dhcpserver/dhcpserver.c.obj
[810/1051] Building C object 'esp-idf/mbedtls/mbedtls/library/CMakeFiles/mbedcrypto.dir/home/tikhon/Документы/magnolia/esp-idf/components/mbedtls/port/sha/core/esp_sha256.c.obj'
[792/1051] Building C object esp-idf/mbedtls/mbedtls/library/CMakeFiles/mbedcrypto.dir/pkparse.c.obj
[793/1051] Building C object esp-idf/mbedtls/mbedtls/library/CMakeFiles/mbedcrypto.dir/sha256.c.obj
[823/1051] Building C object 'esp-idf/mbedtls/mbedtls/library/CMakeFiles/mbedcrypto.dir/home/tikhon/Документы/magnolia/esp-idf/components/mbedtls/port/sha/core/esp_sha512.c.obj'
[794/1051] Building C object esp-idf/mbedtls/mbedtls/library/CMakeFiles/mbedcrypto.dir/version.c.obj
[757/1051] Building C object esp-idf/mbedtls/mbedtls/library/CMakeFiles/mbedcrypto.dir/ecp_curves.c.obj
[324/1051] Building C object esp-idf/esp_driver_usb_serial_jtag/CMakeFiles/__idf_esp_driver_usb_serial_jtag.dir/src/usb_serial_jtag_connection_monitor.c.obj
[532/1051] Building C object esp-idf/hal/CMakeFiles/__idf_hal.dir/gpio_hal.c.obj
[773/1051] Building C object esp-idf/mbedtls/mbedtls/library/CMakeFiles/mbedcrypto.dir/psa_crypto_se.c.obj
[824/1051] Building C object 'esp-idf/mbedtls/mbedtls/library/CMakeFiles/mbedcrypto.dir/home/tikhon/Документы/magnolia/esp-idf/components/mbedtls/port/aes/dma/esp_aes_dma_core.c.obj'
[811/1051] Linking CXX static library esp-idf/mbedtls/mbedtls/library/libmbedx509.a
[825/1051] Building C object 'esp-idf/mbedtls/mbedtls/library/CMakeFiles/mbedcrypto.dir/home/tikhon/Документы/magnolia/esp-idf/components/mbedtls/port/aes/esp_aes_gcm.c.obj'
[774/1051] Building C object esp-idf/mbedtls/mbedtls/library/CMakeFiles/mbedcrypto.dir/psa_crypto_hash.c.obj
[812/1051] Building C object 'esp-idf/mbedtls/mbedtls/library/CMakeFiles/mbedcrypto.dir/home/tikhon/Документы/magnolia/esp-idf/components/mbedtls/port/bignum/bignum_alt.c.obj'
[533/1051] Building C object esp-idf/hal/CMakeFiles/__idf_hal.dir/i2c_hal_iram.c.obj
[795/1051] Building C object esp-idf/mbedtls/mbedtls/library/CMakeFiles/mbedcrypto.dir/psa_crypto_storage.c.obj
[796/1051] Building C object 'esp-idf/mbedtls/mbedtls/library/CMakeFiles/mbedcrypto.dir/home/tikhon/Документы/magnolia/esp-idf/components/mbedtls/port/sha/core/esp_sha_gdma_impl.c.obj'
[534/1051] Building C object esp-idf/heap/CMakeFiles/__idf_heap.dir/heap_caps.c.obj
[813/1051] Building C object esp-idf/mbedtls/mbedtls/3rdparty/everest/CMakeFiles/everest.dir/library/x25519.c.obj
[325/1051] Building C object esp-idf/esp_phy/CMakeFiles/__idf_esp_phy.dir/src/phy_common.c.obj
[535/1051] Building C object esp-idf/hal/CMakeFiles/__idf_hal.dir/cache_hal.c.obj
[797/1051] Building C object esp-idf/mbedtls/mbedtls/library/CMakeFiles/mbedcrypto.dir/psa_crypto_rsa.c.obj
[326/1051] Building C object esp-idf/lwip/CMakeFiles/__idf_lwip.dir/lwip/src/core/ipv6/nd6.c.obj
[758/1051] Building C object esp-idf/mbedtls/mbedtls/library/CMakeFiles/mbedcrypto.dir/platform.c.obj
[775/1051] Building C object esp-idf/mbedtls/mbedtls/library/CMakeFiles/mbedcrypto.dir/oid.c.obj
[798/1051] Building C object 'esp-idf/mbedtls/mbedtls/library/CMakeFiles/mbedcrypto.dir/home/tikhon/Документы/magnolia/esp-idf/components/mbedtls/port/esp_timing.c.obj'
[536/1051] Building C object esp-idf/hal/CMakeFiles/__idf_hal.dir/timer_hal.c.obj
[327/1051] Building C object esp-idf/vfs/CMakeFiles/__idf_vfs.dir/nullfs.c.obj
[537/1051] Building C object esp-idf/hal/CMakeFiles/__idf_hal.dir/esp32s3/clk_tree_hal.c.obj
[759/1051] Building C object esp-idf/mbedtls/mbedtls/library/CMakeFiles/mbedcrypto.dir/pk_ecc.c.obj
[799/1051] Building C object 'esp-idf/mbedtls/mbedtls/library/CMakeFiles/mbedcrypto.dir/home/tikhon/Документы/magnolia/esp-idf/components/mbedtls/port/aes/dma/esp_aes_gdma_impl.c.obj'
[328/1051] Building C object esp-idf/lwip/CMakeFiles/__idf_lwip.dir/apps/ping/ping_sock.c.obj
[760/1051] Building C object esp-idf/mbedtls/mbedtls/library/CMakeFiles/mbedcrypto.dir/ecp.c.obj
[538/1051] Linking C static library esp-idf/freertos/libfreertos.a
[800/1051] Building C object 'esp-idf/mbedtls/mbedtls/library/CMakeFiles/mbedcrypto.dir/home/tikhon/Документы/magnolia/esp-idf/components/mbedtls/port/sha/esp_sha.c.obj'
[761/1051] Building C object esp-idf/mbedtls/mbedtls/library/CMakeFiles/mbedcrypto.dir/platform_util.c.obj
[762/1051] Building C object esp-idf/mbedtls/mbedtls/library/CMakeFiles/mbedcrypto.dir/poly1305.c.obj
[828/1051] Building C object esp-idf/mbedtls/mbedtls/library/CMakeFiles/mbedcrypto.dir/psa_crypto.c.obj
[539/1051] Building C object esp-idf/hal/CMakeFiles/__idf_hal.dir/mcpwm_hal.c.obj
[801/1051] Building C object esp-idf/mbedtls/mbedtls/library/CMakeFiles/mbedcrypto.dir/rsa_alt_helpers.c.obj
[802/1051] Building C object 'esp-idf/mbedtls/mbedtls/library/CMakeFiles/mbedcrypto.dir/home/tikhon/Документы/magnolia/esp-idf/components/mbedtls/port/esp_mem.c.obj'
[776/1051] Building C object esp-idf/mbedtls/mbedtls/library/CMakeFiles/mbedcrypto.dir/ripemd160.c.obj
[540/1051] Building C object esp-idf/hal/CMakeFiles/__idf_hal.dir/ledc_hal_iram.c.obj
[541/1051] Building C object esp-idf/hal/CMakeFiles/__idf_hal.dir/ledc_hal.c.obj
[803/1051] Building C object 'esp-idf/mbedtls/mbedtls/library/CMakeFiles/mbedcrypto.dir/home/tikhon/Документы/magnolia/esp-idf/components/mbedtls/port/aes/esp_aes_xts.c.obj'
[814/1051] Building C object 'esp-idf/mbedtls/mbedtls/library/CMakeFiles/mbedcrypto.dir/home/tikhon/Документы/magnolia/esp-idf/components/mbedtls/port/md/esp_md.c.obj'
[777/1051] Building C object esp-idf/mbedtls/mbedtls/library/CMakeFiles/mbedcrypto.dir/ecp_curves.c.obj
[329/1051] Building C object esp-idf/esp_phy/CMakeFiles/__idf_esp_phy.dir/src/phy_init.c.obj
[804/1051] Building C object 'esp-idf/mbedtls/mbedtls/library/CMakeFiles/mbedcrypto.dir/home/tikhon/Документы/magnolia/esp-idf/components/mbedtls/port/esp_hardware.c.obj'
[542/1051] Building C object esp-idf/hal/CMakeFiles/__idf_hal.dir/spi_flash_hal_iram.c.obj
[815/1051] Building C object esp-idf/mbedtls/mbedtls/3rdparty/everest/CMakeFiles/everest.dir/library/Hacl_Curve25519_joined.c.obj
[805/1051] Building C object 'esp-idf/mbedtls/mbedtls/library/CMakeFiles/mbedcrypto.dir/home/tikhon/Документы/magnolia/esp-idf/components/mbedtls/port/esp_ds/esp_rsa_dec_alt.c.obj'
[778/1051] Building C object esp-idf/mbedtls/mbedtls/library/CMakeFiles/mbedcrypto.dir/psa_crypto_aead.c.obj
[816/1051] Building C object 'esp-idf/mbedtls/mbedtls/library/CMakeFiles/mbedcrypto.dir/home/tikhon/Документы/magnolia/esp-idf/components/mbedtls/port/sha/core/esp_sha1.c.obj'
[543/1051] Building C object esp-idf/hal/CMakeFiles/__idf_hal.dir/rtc_io_hal.c.obj
[763/1051] Building C object esp-idf/mbedtls/mbedtls/library/CMakeFiles/mbedcrypto.dir/md.c.obj
[330/1051] Building C object esp-idf/vfs/CMakeFiles/__idf_vfs.dir/vfs_eventfd.c.obj
[779/1051] Building C object esp-idf/mbedtls/mbedtls/library/CMakeFiles/mbedcrypto.dir/psa_crypto_ffdh.c.obj
[544/1051] Building C object esp-idf/esp_hw_support/CMakeFiles/__idf_esp_hw_support.dir/sleep_modes.c.obj
[780/1051] Building C object esp-idf/mbedtls/mbedtls/library/CMakeFiles/mbedcrypto.dir/sha256.c.obj
[817/1051] Building C object esp-idf/mbedtls/mbedtls/library/CMakeFiles/mbedcrypto.dir/sha3.c.obj
[764/1051] Building C object esp-idf/mbedtls/mbedtls/library/CMakeFiles/mbedcrypto.dir/pkcs12.c.obj
[828/1051] Building C object esp-idf/mbedtls/mbedtls/library/CMakeFiles/mbedcrypto.dir/psa_crypto.c.obj
[781/1051] Building C object esp-idf/mbedtls/mbedtls/library/CMakeFiles/mbedcrypto.dir/psa_its_file.c.obj
[806/1051] Building C object esp-idf/mbedtls/mbedtls/library/CMakeFiles/mbedcrypto.dir/psa_crypto_slot_management.c.obj
[765/1051] Building C object esp-idf/mbedtls/mbedtls/library/CMakeFiles/mbedcrypto.dir/pk_wrap.c.obj
[826/1051] Building C object 'esp-idf/mbedtls/mbedtls/library/CMakeFiles/mbedcrypto.dir/home/tikhon/Документы/magnolia/esp-idf/components/mbedtls/port/bignum/esp_bignum.c.obj'
[545/1051] Building C object esp-idf/hal/CMakeFiles/__idf_hal.dir/uart_hal.c.obj
[782/1051] Building C object esp-idf/mbedtls/mbedtls/library/CMakeFiles/mbedcrypto.dir/psa_util.c.obj
[766/1051] Building C object esp-idf/mbedtls/mbedtls/library/CMakeFiles/mbedcrypto.dir/gcm.c.obj
[818/1051] Building C object esp-idf/mbedtls/mbedtls/3rdparty/p256-m/CMakeFiles/p256m.dir/p256-m/p256-m.c.obj
[546/1051] Building C object esp-idf/hal/CMakeFiles/__idf_hal.dir/pcnt_hal.c.obj
[331/1051] Building C object esp-idf/esp_driver_usb_serial_jtag/CMakeFiles/__idf_esp_driver_usb_serial_jtag.dir/src/usb_serial_jtag.c.obj
[547/1051] Building C object esp-idf/hal/CMakeFiles/__idf_hal.dir/rmt_hal.c.obj
[783/1051] Building C object esp-idf/mbedtls/mbedtls/library/CMakeFiles/mbedcrypto.dir/sha512.c.obj
[548/1051] Building C object esp-idf/hal/CMakeFiles/__idf_hal.dir/sdmmc_hal.c.obj
[807/1051] Linking CXX static library esp-idf/mbedtls/mbedtls/library/libmbedx509.a
[549/1051] Building C object esp-idf/esp_hw_support/CMakeFiles/__idf_esp_hw_support.dir/port/esp32s3/esp_memprot.c.obj
[819/1051] Building C object 'esp-idf/mbedtls/mbedtls/library/CMakeFiles/mbedcrypto.dir/home/tikhon/Документы/magnolia/esp-idf/components/mbedtls/port/sha/core/esp_sha512.c.obj'
[820/1051] Building C object esp-idf/mbedtls/mbedtls/3rdparty/everest/CMakeFiles/everest.dir/library/everest.c.obj
[808/1051] Building C object 'esp-idf/mbedtls/mbedtls/library/CMakeFiles/mbedcrypto.dir/home/tikhon/Документы/magnolia/esp-idf/components/mbedtls/port/aes/esp_aes_common.c.obj'
[767/1051] Building C object esp-idf/mbedtls/mbedtls/library/CMakeFiles/mbedcrypto.dir/pkcs5.c.obj
[784/1051] Building C object esp-idf/mbedtls/mbedtls/library/CMakeFiles/mbedcrypto.dir/timing.c.obj
[550/1051] Building C object esp-idf/hal/CMakeFiles/__idf_hal.dir/sdm_hal.c.obj
[785/1051] Building C object esp-idf/mbedtls/mbedtls/library/CMakeFiles/mbedx509.dir/x509_crt.c.obj
[786/1051] Building C object esp-idf/mbedtls/mbedtls/library/CMakeFiles/mbedcrypto.dir/psa_crypto_cipher.c.obj
[821/1051] Building C object esp-idf/mbedtls/mbedtls/3rdparty/p256-m/CMakeFiles/p256m.dir/p256-m_driver_entrypoints.c.obj
[809/1051] Building C object 'esp-idf/mbedtls/mbedtls/library/CMakeFiles/mbedcrypto.dir/home/tikhon/Документы/magnolia/esp-idf/components/mbedtls/port/md/esp_md.c.obj'
[768/1051] Building C object esp-idf/mbedtls/mbedtls/library/CMakeFiles/mbedcrypto.dir/pkwrite.c.obj
[787/1051] Building C object esp-idf/mbedtls/mbedtls/library/CMakeFiles/mbedcrypto.dir/sha1.c.obj
[822/1051] Building C object 'esp-idf/mbedtls/mbedtls/library/CMakeFiles/mbedcrypto.dir/home/tikhon/Документы/magnolia/esp-idf/components/mbedtls/port/sha/core/sha.c.obj'
[551/1051] Building C object esp-idf/hal/CMakeFiles/__idf_hal.dir/uhci_hal.c.obj
[552/1051] Building C object esp-idf/hal/CMakeFiles/__idf_hal.dir/spi_flash_hal.c.obj
[788/1051] Building C object esp-idf/mbedtls/mbedtls/library/CMakeFiles/mbedcrypto.dir/version_features.c.obj
[823/1051] Building C object 'esp-idf/mbedtls/mbedtls/library/CMakeFiles/mbedcrypto.dir/home/tikhon/Документы/magnolia/esp-idf/components/mbedtls/port/esp_ds/esp_rsa_sign_alt.c.obj'
[824/1051] Building C object 'esp-idf/mbedtls/mbedtls/library/CMakeFiles/mbedcrypto.dir/home/tikhon/Документы/magnolia/esp-idf/components/mbedtls/port/esp_ds/esp_rsa_dec_alt.c.obj'
[789/1051] Building C object esp-idf/mbedtls/mbedtls/library/CMakeFiles/mbedcrypto.dir/pkparse.c.obj
[790/1051] Building C object 'esp-idf/mbedtls/mbedtls/library/CMakeFiles/mbedcrypto.dir/home/tikhon/Документы/magnolia/esp-idf/components/mbedtls/port/aes/dma/esp_aes_gdma_impl.c.obj'
[553/1051] Building C object esp-idf/hal/CMakeFiles/__idf_hal.dir/twai_hal_sja1000.c.obj
[769/1051] Building C object esp-idf/mbedtls/mbedtls/library/CMakeFiles/mbedtls.dir/ssl_tls.c.obj
[828/1051] Building C object esp-idf/mbedtls/mbedtls/library/CMakeFiles/mbedcrypto.dir/psa_crypto.c.obj
[554/1051] Building C object esp-idf/hal/CMakeFiles/__idf_hal.dir/aes_hal.c.obj
[810/1051] Building C object esp-idf/mbedtls/mbedtls/3rdparty/everest/CMakeFiles/everest.dir/library/everest.c.obj
[811/1051] Building C object 'esp-idf/mbedtls/mbedtls/library/CMakeFiles/mbedcrypto.dir/home/tikhon/Документы/magnolia/esp-idf/components/mbedtls/port/bignum/bignum_alt.c.obj'
[555/1051] Building C object esp-idf/hal/CMakeFiles/__idf_hal.dir/gdma_hal_top.c.obj
[791/1051] Building C object esp-idf/mbedtls/mbedtls/library/CMakeFiles/mbedcrypto.dir/psa_crypto_rsa.c.obj
[792/1051] Building C object 'esp-idf/mbedtls/mbedtls/library/CMakeFiles/mbedcrypto.dir/home/tikhon/Документы/magnolia/esp-idf/components/mbedtls/port/sha/core/esp_sha_gdma_impl.c.obj'
[812/1051] Building C object esp-idf/mbedtls/mbedtls/3rdparty/p256-m/CMakeFiles/p256m.dir/p256-m/p256-m.c.obj
[793/1051] Building C object esp-idf/mbedtls/mbedtls/library/CMakeFiles/mbedtls.dir/ssl_tls.c.obj
[794/1051] Building C object esp-idf/mbedtls/mbedtls/library/CMakeFiles/mbedcrypto.dir/psa_crypto_ecp.c.obj
[795/1051] Building C object esp-idf/mbedtls/mbedtls/library/CMakeFiles/mbedcrypto.dir/threading.c.obj
[796/1051] Building C object 'esp-idf/mbedtls/mbedtls/library/CMakeFiles/mbedcrypto.dir/home/tikhon/Документы/magnolia/esp-idf/components/mbedtls/port/esp_hardware.c.obj'
[813/1051] Building C object esp-idf/mbedtls/mbedtls/3rdparty/p256-m/CMakeFiles/p256m.dir/p256-m_driver_entrypoints.c.obj
[556/1051] Building C object esp-idf/hal/CMakeFiles/__idf_hal.dir/i2c_hal.c.obj
[332/1051] Linking C static library esp-idf/lwip/liblwip.a
[827/1051] Building C object esp-idf/mbedtls/mbedtls/library/CMakeFiles/mbedcrypto.dir/rsa.c.obj
[770/1051] Building C object esp-idf/mbedtls/mbedtls/library/CMakeFiles/mbedx509.dir/x509_crt.c.obj
[771/1051] Linking CXX static library esp-idf/mbedtls/mbedtls/library/libmbedtls.a
[797/1051] Building C object 'esp-idf/mbedtls/mbedtls/library/CMakeFiles/mbedcrypto.dir/home/tikhon/Документы/magnolia/esp-idf/components/mbedtls/port/esp_timing.c.obj'
[814/1051] Building C object 'esp-idf/mbedtls/mbedtls/library/CMakeFiles/mbedcrypto.dir/home/tikhon/Документы/magnolia/esp-idf/components/mbedtls/port/aes/dma/esp_aes_dma_core.c.obj'
[557/1051] Building C object esp-idf/hal/CMakeFiles/__idf_hal.dir/brownout_hal.c.obj
[772/1051] Building C object esp-idf/mbedtls/mbedtls/library/CMakeFiles/mbedcrypto.dir/psa_crypto_se.c.obj
[798/1051] Building C object esp-idf/mbedtls/mbedtls/library/CMakeFiles/mbedcrypto.dir/sha3.c.obj
[773/1051] Building C object esp-idf/mbedtls/mbedtls/library/CMakeFiles/mbedcrypto.dir/psa_crypto_mac.c.obj
[815/1051] Building C object 'esp-idf/mbedtls/mbedtls/library/CMakeFiles/mbedcrypto.dir/home/tikhon/Документы/magnolia/esp-idf/components/mbedtls/port/esp_ds/esp_rsa_sign_alt.c.obj'
[799/1051] Building C object esp-idf/mbedtls/mbedtls/library/CMakeFiles/mbedcrypto.dir/version.c.obj
[816/1051] Building C object 'esp-idf/mbedtls/mbedtls/library/CMakeFiles/mbedcrypto.dir/home/tikhon/Документы/magnolia/esp-idf/components/mbedtls/port/crypto_shared_gdma/esp_crypto_shared_gdma.c.obj'
[558/1051] Building C object esp-idf/hal/CMakeFiles/__idf_hal.dir/lcd_hal.c.obj
[800/1051] Building C object 'esp-idf/mbedtls/mbedtls/library/CMakeFiles/mbedcrypto.dir/home/tikhon/Документы/magnolia/esp-idf/components/mbedtls/port/esp_mem.c.obj'
[333/1051] Building CXX object esp-idf/nvs_flash/CMakeFiles/__idf_nvs_flash.dir/src/nvs_platform.cpp.obj
[817/1051] Building C object esp-idf/mbedtls/mbedtls/3rdparty/everest/CMakeFiles/everest.dir/library/x25519.c.obj
[801/1051] Building C object esp-idf/mbedtls/mbedtls/library/CMakeFiles/mbedcrypto.dir/rsa_alt_helpers.c.obj
[818/1051] Building C object esp-idf/mbedtls/mbedtls/3rdparty/everest/CMakeFiles/everest.dir/library/Hacl_Curve25519_joined.c.obj
[802/1051] Building C object esp-idf/mbedtls/mbedtls/library/CMakeFiles/mbedcrypto.dir/psa_crypto_slot_management.c.obj
[774/1051] Building C object esp-idf/mbedtls/mbedtls/library/CMakeFiles/mbedcrypto.dir/psa_crypto_driver_wrappers_no_static.c.obj
[803/1051] Building C object 'esp-idf/mbedtls/mbedtls/library/CMakeFiles/mbedcrypto.dir/home/tikhon/Документы/magnolia/esp-idf/components/mbedtls/port/aes/esp_aes_xts.c.obj'
[775/1051] Building C object esp-idf/mbedtls/mbedtls/library/CMakeFiles/mbedcrypto.dir/psa_crypto_cipher.c.obj
[819/1051] Building C object 'esp-idf/mbedtls/mbedtls/library/CMakeFiles/mbedcrypto.dir/home/tikhon/Документы/magnolia/esp-idf/components/mbedtls/port/sha/core/esp_sha256.c.obj'
[820/1051] Building C object 'esp-idf/mbedtls/mbedtls/library/CMakeFiles/mbedcrypto.dir/home/tikhon/Документы/magnolia/esp-idf/components/mbedtls/port/esp_ds/esp_ds_common.c.obj'
[821/1051] Building C object 'esp-idf/mbedtls/mbedtls/library/CMakeFiles/mbedcrypto.dir/home/tikhon/Документы/magnolia/esp-idf/components/mbedtls/port/sha/core/esp_sha1.c.obj'
[776/1051] Building C object esp-idf/mbedtls/mbedtls/library/CMakeFiles/mbedcrypto.dir/pk.c.obj
[804/1051] Building C object 'esp-idf/mbedtls/mbedtls/library/CMakeFiles/mbedcrypto.dir/home/tikhon/Документы/magnolia/esp-idf/components/mbedtls/port/sha/esp_sha.c.obj'
[777/1051] Building C object esp-idf/mbedtls/mbedtls/library/CMakeFiles/mbedcrypto.dir/psa_crypto_storage.c.obj
[559/1051] Building C object esp-idf/hal/CMakeFiles/__idf_hal.dir/mpi_hal.c.obj
[560/1051] Linking C static library esp-idf/esp_hw_support/libesp_hw_support.a
Executing action: elf
Running ninja in directory /home/tikhon/Документы/magnolia/applets/rust/rdd/build
Executing "ninja elf"...
[0/2] Re-checking globbed directories...
[778/1051] Building C object esp-idf/mbedtls/mbedtls/library/CMakeFiles/mbedcrypto.dir/psa_crypto_client.c.obj
[805/1051] Building C object 'esp-idf/mbedtls/mbedtls/library/CMakeFiles/mbedcrypto.dir/home/tikhon/Документы/magnolia/esp-idf/components/mbedtls/port/esp_ds/esp_rsa_sign_alt.c.obj'
[561/1051] Building C object esp-idf/hal/CMakeFiles/__idf_hal.dir/ds_hal.c.obj
[334/1051] Building C object esp-idf/esp_driver_usb_serial_jtag/CMakeFiles/__idf_esp_driver_usb_serial_jtag.dir/src/usb_serial_jtag_vfs.c.obj
[806/1051] Linking CXX static library esp-idf/mbedtls/mbedtls/library/libmbedtls.a
[829/1051] Linking CXX static library esp-idf/mbedtls/mbedtls/library/libmbedcrypto.a
[827/1051] Building C object esp-idf/mbedtls/mbedtls/library/CMakeFiles/mbedcrypto.dir/rsa.c.obj
[829/1051] Linking CXX static library esp-idf/mbedtls/mbedtls/library/libmbedcrypto.a
[825/1051] Building C object 'esp-idf/mbedtls/mbedtls/library/CMakeFiles/mbedcrypto.dir/home/tikhon/Документы/magnolia/esp-idf/components/mbedtls/port/bignum/esp_bignum.c.obj'
[562/1051] Building C object esp-idf/hal/CMakeFiles/__idf_hal.dir/spi_flash_hal_gpspi.c.obj
[779/1051] Building C object esp-idf/mbedtls/mbedtls/library/CMakeFiles/mbedcrypto.dir/psa_util.c.obj
[563/1051] Building C object esp-idf/hal/CMakeFiles/__idf_hal.dir/sha_hal.c.obj
[780/1051] Building C object esp-idf/mbedtls/mbedtls/library/CMakeFiles/mbedcrypto.dir/psa_crypto_aead.c.obj
[822/1051] Building C object 'esp-idf/mbedtls/mbedtls/library/CMakeFiles/mbedcrypto.dir/home/tikhon/Документы/magnolia/esp-idf/components/mbedtls/port/sha/core/esp_sha512.c.obj'
[807/1051] Building C object 'esp-idf/mbedtls/mbedtls/library/CMakeFiles/mbedcrypto.dir/home/tikhon/Документы/magnolia/esp-idf/components/mbedtls/port/esp_ds/esp_rsa_dec_alt.c.obj'
[808/1051] Building C object 'esp-idf/mbedtls/mbedtls/library/CMakeFiles/mbedcrypto.dir/home/tikhon/Документы/magnolia/esp-idf/components/mbedtls/port/aes/esp_aes_common.c.obj'
[781/1051] Building C object esp-idf/mbedtls/mbedtls/library/CMakeFiles/mbedcrypto.dir/psa_crypto_pake.c.obj
[335/1051] Building C object esp-idf/nvs_flash/CMakeFiles/__idf_nvs_flash.dir/src/nvs_bootloader_aes.c.obj
[809/1051] Building C object 'esp-idf/mbedtls/mbedtls/library/CMakeFiles/mbedcrypto.dir/home/tikhon/Документы/magnolia/esp-idf/components/mbedtls/port/sha/core/esp_sha1.c.obj'
[564/1051] Building C object esp-idf/hal/CMakeFiles/__idf_hal.dir/cam_hal.c.obj
[565/1051] Building C object esp-idf/hal/CMakeFiles/__idf_hal.dir/spi_hal.c.obj
[830/1051] Linking CXX static library esp-idf/mbedtls/mbedtls/3rdparty/p256-m/libp256m.a
[782/1051] Building C object esp-idf/mbedtls/mbedtls/library/CMakeFiles/mbedcrypto.dir/ripemd160.c.obj
[830/1051] Linking CXX static library esp-idf/mbedtls/mbedtls/3rdparty/p256-m/libp256m.a
[566/1051] Building C object esp-idf/hal/CMakeFiles/__idf_hal.dir/i2s_hal.c.obj
[823/1051] Building C object 'esp-idf/mbedtls/mbedtls/library/CMakeFiles/mbedcrypto.dir/home/tikhon/Документы/magnolia/esp-idf/components/mbedtls/port/aes/dma/esp_aes.c.obj'
[783/1051] Building C object esp-idf/mbedtls/mbedtls/library/CMakeFiles/mbedcrypto.dir/sha1.c.obj
[567/1051] Building C object esp-idf/hal/CMakeFiles/__idf_hal.dir/usb_serial_jtag_hal.c.obj
[784/1051] Building C object esp-idf/mbedtls/mbedtls/library/CMakeFiles/mbedcrypto.dir/psa_crypto_hash.c.obj
[568/1051] Building C object esp-idf/hal/CMakeFiles/__idf_hal.dir/gdma_hal_ahb_v1.c.obj
[810/1051] Building C object 'esp-idf/mbedtls/mbedtls/library/CMakeFiles/mbedcrypto.dir/home/tikhon/Документы/magnolia/esp-idf/components/mbedtls/port/aes/esp_aes_gcm.c.obj'
[569/1051] Building C object esp-idf/hal/CMakeFiles/__idf_hal.dir/hmac_hal.c.obj
[785/1051] Building C object esp-idf/mbedtls/mbedtls/library/CMakeFiles/mbedcrypto.dir/psa_crypto_ffdh.c.obj
[570/1051] Linking C static library esp-idf/soc/libsoc.a
[811/1051] Linking CXX static library esp-idf/mbedtls/mbedtls/library/libmbedx509.a
[812/1051] Building C object 'esp-idf/mbedtls/mbedtls/library/CMakeFiles/mbedcrypto.dir/home/tikhon/Документы/magnolia/esp-idf/components/mbedtls/port/bignum/esp_bignum.c.obj'
[813/1051] Building C object 'esp-idf/mbedtls/mbedtls/library/CMakeFiles/mbedcrypto.dir/home/tikhon/Документы/magnolia/esp-idf/components/mbedtls/port/aes/dma/esp_aes_dma_core.c.obj'
[814/1051] Building C object esp-idf/mbedtls/mbedtls/3rdparty/everest/CMakeFiles/everest.dir/library/x25519.c.obj
[786/1051] Building C object esp-idf/mbedtls/mbedtls/library/CMakeFiles/mbedcrypto.dir/timing.c.obj
[831/1051] Linking CXX static library esp-idf/mbedtls/mbedtls/3rdparty/everest/libeverest.a
[815/1051] Building C object esp-idf/mbedtls/mbedtls/3rdparty/everest/CMakeFiles/everest.dir/library/everest.c.obj
[787/1051] Building C object esp-idf/mbedtls/mbedtls/library/CMakeFiles/mbedcrypto.dir/rsa_alt_helpers.c.obj
[831/1051] Linking CXX static library esp-idf/mbedtls/mbedtls/3rdparty/everest/libeverest.a
[788/1051] Building C object esp-idf/mbedtls/mbedtls/library/CMakeFiles/mbedcrypto.dir/psa_crypto_ecp.c.obj
[824/1051] Building C object 'esp-idf/mbedtls/mbedtls/library/CMakeFiles/mbedcrypto.dir/home/tikhon/Документы/magnolia/esp-idf/components/mbedtls/port/sha/core/sha.c.obj'
[826/1051] Building C object 'esp-idf/mbedtls/mbedtls/library/CMakeFiles/mbedcrypto.dir/home/tikhon/Документы/magnolia/esp-idf/components/mbedtls/port/aes/esp_aes_gcm.c.obj'
[816/1051] Building C object 'esp-idf/mbedtls/mbedtls/library/CMakeFiles/mbedcrypto.dir/home/tikhon/Документы/magnolia/esp-idf/components/mbedtls/port/sha/core/esp_sha256.c.obj'
[571/1051] Building C object esp-idf/hal/CMakeFiles/__idf_hal.dir/adc_oneshot_hal.c.obj
[817/1051] Building C object esp-idf/mbedtls/mbedtls/3rdparty/p256-m/CMakeFiles/p256m.dir/p256-m/p256-m.c.obj
[789/1051] Building C object esp-idf/mbedtls/mbedtls/library/CMakeFiles/mbedcrypto.dir/sha512.c.obj
[572/1051] Building C object esp-idf/hal/CMakeFiles/__idf_hal.dir/spi_slave_hal.c.obj
[573/1051] Building C object esp-idf/hal/CMakeFiles/__idf_hal.dir/adc_hal_common.c.obj
[790/1051] Building C object esp-idf/mbedtls/mbedtls/library/CMakeFiles/mbedcrypto.dir/threading.c.obj
[574/1051] Building C object esp-idf/hal/CMakeFiles/__idf_hal.dir/touch_sensor_hal.c.obj
[818/1051] Building C object esp-idf/mbedtls/mbedtls/3rdparty/p256-m/CMakeFiles/p256m.dir/p256-m_driver_entrypoints.c.obj
[575/1051] Building C object esp-idf/hal/CMakeFiles/__idf_hal.dir/touch_sens_hal.c.obj
[819/1051] Building C object 'esp-idf/mbedtls/mbedtls/library/CMakeFiles/mbedcrypto.dir/home/tikhon/Документы/magnolia/esp-idf/components/mbedtls/port/md/esp_md.c.obj'
[576/1051] Building C object esp-idf/hal/CMakeFiles/__idf_hal.dir/temperature_sensor_hal.c.obj
[791/1051] Building C object esp-idf/mbedtls/mbedtls/library/CMakeFiles/mbedcrypto.dir/pkparse.c.obj
[577/1051] Building C object esp-idf/esp_rom/CMakeFiles/__idf_esp_rom.dir/patches/esp_rom_crc.c.obj
[820/1051] Building C object esp-idf/mbedtls/mbedtls/3rdparty/everest/CMakeFiles/everest.dir/library/Hacl_Curve25519_joined.c.obj
[792/1051] Building C object 'esp-idf/mbedtls/mbedtls/library/CMakeFiles/mbedcrypto.dir/home/tikhon/Документы/magnolia/esp-idf/components/mbedtls/port/esp_hardware.c.obj'
[829/1051] Linking CXX static library esp-idf/mbedtls/mbedtls/library/libmbedcrypto.a
[821/1051] Building C object 'esp-idf/mbedtls/mbedtls/library/CMakeFiles/mbedcrypto.dir/home/tikhon/Документы/magnolia/esp-idf/components/mbedtls/port/crypto_shared_gdma/esp_crypto_shared_gdma.c.obj'
[822/1051] Building C object 'esp-idf/mbedtls/mbedtls/library/CMakeFiles/mbedcrypto.dir/home/tikhon/Документы/magnolia/esp-idf/components/mbedtls/port/sha/core/esp_sha512.c.obj'
[793/1051] Building C object esp-idf/mbedtls/mbedtls/library/CMakeFiles/mbedcrypto.dir/sha256.c.obj
[823/1051] Building C object 'esp-idf/mbedtls/mbedtls/library/CMakeFiles/mbedcrypto.dir/home/tikhon/Документы/magnolia/esp-idf/components/mbedtls/port/bignum/bignum_alt.c.obj'
[794/1051] Building C object esp-idf/mbedtls/mbedtls/library/CMakeFiles/mbedcrypto.dir/version.c.obj
[578/1051] Building ASM object esp-idf/esp_rom/CMakeFiles/__idf_esp_rom.dir/patches/esp_rom_longjmp.S.obj
[795/1051] Building C object esp-idf/mbedtls/mbedtls/library/CMakeFiles/mbedcrypto.dir/version_features.c.obj
[825/1051] Building C object 'esp-idf/mbedtls/mbedtls/library/CMakeFiles/mbedcrypto.dir/home/tikhon/Документы/magnolia/esp-idf/components/mbedtls/port/bignum/esp_bignum.c.obj'
[579/1051] Building C object esp-idf/hal/CMakeFiles/__idf_hal.dir/spi_slave_hal_iram.c.obj
[580/1051] Building C object esp-idf/esp_rom/CMakeFiles/__idf_esp_rom.dir/patches/esp_rom_sys.c.obj
[581/1051] Building C object esp-idf/esp_rom/CMakeFiles/__idf_esp_rom.dir/patches/esp_rom_print.c.obj
[582/1051] Building C object esp-idf/esp_rom/CMakeFiles/__idf_esp_rom.dir/patches/esp_rom_efuse.c.obj
[583/1051] Building C object esp-idf/hal/CMakeFiles/__idf_hal.dir/usb_wrap_hal.c.obj
[826/1051] Building C object 'esp-idf/mbedtls/mbedtls/library/CMakeFiles/mbedcrypto.dir/home/tikhon/Документы/magnolia/esp-idf/components/mbedtls/port/aes/esp_aes_gcm.c.obj'
[796/1051] Building C object esp-idf/mbedtls/mbedtls/library/CMakeFiles/mbedcrypto.dir/psa_crypto_rsa.c.obj
[336/1051] Building C object esp-idf/nvs_flash/CMakeFiles/__idf_nvs_flash.dir/src/nvs_bootloader_xts_aes.c.obj
[797/1051] Building C object 'esp-idf/mbedtls/mbedtls/library/CMakeFiles/mbedcrypto.dir/home/tikhon/Документы/magnolia/esp-idf/components/mbedtls/port/esp_mem.c.obj'
[584/1051] Building C object esp-idf/hal/CMakeFiles/__idf_hal.dir/adc_hal.c.obj
[830/1051] Linking CXX static library esp-idf/mbedtls/mbedtls/3rdparty/p256-m/libp256m.a
[585/1051] Building C object esp-idf/hal/CMakeFiles/__idf_hal.dir/esp32s3/rtc_cntl_hal.c.obj
[798/1051] Building C object esp-idf/mbedtls/mbedtls/library/CMakeFiles/mbedcrypto.dir/psa_its_file.c.obj
[799/1051] Building C object 'esp-idf/mbedtls/mbedtls/library/CMakeFiles/mbedcrypto.dir/home/tikhon/Документы/magnolia/esp-idf/components/mbedtls/port/aes/dma/esp_aes_gdma_impl.c.obj'
[586/1051] Building C object esp-idf/hal/CMakeFiles/__idf_hal.dir/xt_wdt_hal.c.obj
[587/1051] Building C object esp-idf/esp_rom/CMakeFiles/__idf_esp_rom.dir/patches/esp_rom_wdt.c.obj
[588/1051] Building ASM object esp-idf/esp_rom/CMakeFiles/__idf_esp_rom.dir/patches/esp_rom_cache_writeback_esp32s3.S.obj
[337/1051] Building C object esp-idf/nvs_flash/CMakeFiles/__idf_nvs_flash.dir/src/nvs_bootloader.c.obj
[800/1051] Building C object 'esp-idf/mbedtls/mbedtls/library/CMakeFiles/mbedcrypto.dir/home/tikhon/Документы/magnolia/esp-idf/components/mbedtls/port/sha/core/esp_sha_gdma_impl.c.obj'
[589/1051] Building C object esp-idf/esp_rom/CMakeFiles/__idf_esp_rom.dir/patches/esp_rom_gpio.c.obj
[590/1051] Building C object esp-idf/esp_rom/CMakeFiles/__idf_esp_rom.dir/patches/esp_rom_systimer.c.obj
[591/1051] Building C object esp-idf/esp_system/CMakeFiles/__idf_esp_system.dir/esp_system_console.c.obj
[824/1051] Building C object 'esp-idf/mbedtls/mbedtls/library/CMakeFiles/mbedcrypto.dir/home/tikhon/Документы/magnolia/esp-idf/components/mbedtls/port/esp_ds/esp_ds_common.c.obj'
[825/1051] Building C object 'esp-idf/mbedtls/mbedtls/library/CMakeFiles/mbedcrypto.dir/home/tikhon/Документы/magnolia/esp-idf/components/mbedtls/port/aes/dma/esp_aes.c.obj'
[592/1051] Building C object esp-idf/hal/CMakeFiles/__idf_hal.dir/spi_slave_hd_hal.c.obj
[832/1051] Generating x509_crt_bundle
[801/1051] Building C object 'esp-idf/mbedtls/mbedtls/library/CMakeFiles/mbedcrypto.dir/home/tikhon/Документы/magnolia/esp-idf/components/mbedtls/port/aes/esp_aes_common.c.obj'
[831/1051] Linking CXX static library esp-idf/mbedtls/mbedtls/3rdparty/everest/libeverest.a
[593/1051] Building C object esp-idf/esp_rom/CMakeFiles/__idf_esp_rom.dir/patches/esp_rom_spiflash.c.obj
[338/1051] Building C object esp-idf/esp_event/CMakeFiles/__idf_esp_event.dir/default_event_loop.c.obj
[802/1051] Building C object 'esp-idf/mbedtls/mbedtls/library/CMakeFiles/mbedcrypto.dir/home/tikhon/Документы/magnolia/esp-idf/components/mbedtls/port/esp_timing.c.obj'
[803/1051] Building C object esp-idf/mbedtls/mbedtls/library/CMakeFiles/mbedcrypto.dir/psa_crypto_slot_management.c.obj
[594/1051] Building C object esp-idf/esp_rom/CMakeFiles/__idf_esp_rom.dir/patches/esp_rom_serial_output.c.obj
[804/1051] Building C object 'esp-idf/mbedtls/mbedtls/library/CMakeFiles/mbedcrypto.dir/home/tikhon/Документы/magnolia/esp-idf/components/mbedtls/port/sha/esp_sha.c.obj'
[595/1051] Building C object esp-idf/hal/CMakeFiles/__idf_hal.dir/usb_dwc_hal.c.obj
[826/1051] Building C object 'esp-idf/mbedtls/mbedtls/library/CMakeFiles/mbedcrypto.dir/home/tikhon/Документы/magnolia/esp-idf/components/mbedtls/port/sha/core/sha.c.obj'
[827/1051] Building C object esp-idf/mbedtls/mbedtls/library/CMakeFiles/mbedcrypto.dir/rsa.c.obj
[596/1051] Building C object esp-idf/heap/CMakeFiles/__idf_heap.dir/tlsf/tlsf.c.obj
[597/1051] Building C object esp-idf/hal/CMakeFiles/__idf_hal.dir/esp32s3/touch_sensor_hal.c.obj
[805/1051] Building C object 'esp-idf/mbedtls/mbedtls/library/CMakeFiles/mbedcrypto.dir/home/tikhon/Документы/magnolia/esp-idf/components/mbedtls/port/aes/esp_aes_xts.c.obj'
[806/1051] Building C object 'esp-idf/mbedtls/mbedtls/library/CMakeFiles/mbedcrypto.dir/home/tikhon/Документы/magnolia/esp-idf/components/mbedtls/port/sha/core/sha.c.obj'
[339/1051] Building C object esp-idf/esp_event/CMakeFiles/__idf_esp_event.dir/esp_event_private.c.obj
[807/1051] Building C object 'esp-idf/mbedtls/mbedtls/library/CMakeFiles/mbedcrypto.dir/home/tikhon/Документы/magnolia/esp-idf/components/mbedtls/port/crypto_shared_gdma/esp_crypto_shared_gdma.c.obj'
[598/1051] Building C object esp-idf/esp_system/CMakeFiles/__idf_esp_system.dir/crosscore_int.c.obj
[808/1051] Building C object 'esp-idf/mbedtls/mbedtls/library/CMakeFiles/mbedcrypto.dir/home/tikhon/Документы/magnolia/esp-idf/components/mbedtls/port/md/esp_md.c.obj'
[599/1051] Building C object esp-idf/esp_system/CMakeFiles/__idf_esp_system.dir/esp_err.c.obj
[600/1051] Building C object esp-idf/esp_system/CMakeFiles/__idf_esp_system.dir/startup.c.obj
[832/1051] Generating x509_crt_bundle
[601/1051] Building C object esp-idf/esp_system/CMakeFiles/__idf_esp_system.dir/stack_check.c.obj
[602/1051] Building C object esp-idf/esp_rom/CMakeFiles/__idf_esp_rom.dir/patches/esp_rom_cache_esp32s2_esp32s3.c.obj
[809/1051] Building C object 'esp-idf/mbedtls/mbedtls/library/CMakeFiles/mbedcrypto.dir/home/tikhon/Документы/magnolia/esp-idf/components/mbedtls/port/bignum/bignum_alt.c.obj'
[603/1051] Linking C static library esp-idf/heap/libheap.a
[810/1051] Linking CXX static library esp-idf/mbedtls/mbedtls/library/libmbedx509.a
[604/1051] Building C object esp-idf/hal/CMakeFiles/__idf_hal.dir/spi_hal_iram.c.obj
[827/1051] Building C object esp-idf/mbedtls/mbedtls/library/CMakeFiles/mbedcrypto.dir/rsa.c.obj
[605/1051] Building C object esp-idf/esp_system/CMakeFiles/__idf_esp_system.dir/panic.c.obj
[811/1051] Building C object 'esp-idf/mbedtls/mbedtls/library/CMakeFiles/mbedcrypto.dir/home/tikhon/Документы/magnolia/esp-idf/components/mbedtls/port/sha/core/esp_sha1.c.obj'
[812/1051] Building C object 'esp-idf/mbedtls/mbedtls/library/CMakeFiles/mbedcrypto.dir/home/tikhon/Документы/magnolia/esp-idf/components/mbedtls/port/esp_ds/esp_rsa_dec_alt.c.obj'
[606/1051] Building C object esp-idf/esp_system/CMakeFiles/__idf_esp_system.dir/system_time.c.obj
[340/1051] Building C object esp-idf/vfs/CMakeFiles/__idf_vfs.dir/vfs.c.obj
[813/1051] Building C object 'esp-idf/mbedtls/mbedtls/library/CMakeFiles/mbedcrypto.dir/home/tikhon/Документы/magnolia/esp-idf/components/mbedtls/port/sha/core/esp_sha256.c.obj'
[814/1051] Building C object esp-idf/mbedtls/mbedtls/3rdparty/everest/CMakeFiles/everest.dir/library/Hacl_Curve25519_joined.c.obj
[607/1051] Building C object esp-idf/esp_system/CMakeFiles/__idf_esp_system.dir/esp_ipc.c.obj
[608/1051] Building C object esp-idf/esp_system/CMakeFiles/__idf_esp_system.dir/esp_system.c.obj
[609/1051] Building C object esp-idf/esp_system/CMakeFiles/__idf_esp_system.dir/port/panic_handler.c.obj
[815/1051] Building C object 'esp-idf/mbedtls/mbedtls/library/CMakeFiles/mbedcrypto.dir/home/tikhon/Документы/magnolia/esp-idf/components/mbedtls/port/esp_ds/esp_rsa_sign_alt.c.obj'
[816/1051] Building C object esp-idf/mbedtls/mbedtls/library/CMakeFiles/mbedcrypto.dir/sha3.c.obj
[610/1051] Building C object esp-idf/esp_system/CMakeFiles/__idf_esp_system.dir/freertos_hooks.c.obj
[817/1051] Building C object 'esp-idf/mbedtls/mbedtls/library/CMakeFiles/mbedcrypto.dir/home/tikhon/Документы/magnolia/esp-idf/components/mbedtls/port/esp_ds/esp_ds_common.c.obj'
[341/1051] Linking C static library esp-idf/vfs/libvfs.a
[818/1051] Building C object 'esp-idf/mbedtls/mbedtls/library/CMakeFiles/mbedcrypto.dir/home/tikhon/Документы/magnolia/esp-idf/components/mbedtls/port/aes/dma/esp_aes.c.obj'
[819/1051] Building C object 'esp-idf/mbedtls/mbedtls/library/CMakeFiles/mbedcrypto.dir/home/tikhon/Документы/magnolia/esp-idf/components/mbedtls/port/bignum/esp_bignum.c.obj'
[611/1051] Linking C static library esp-idf/log/liblog.a
[820/1051] Building C object 'esp-idf/mbedtls/mbedtls/library/CMakeFiles/mbedcrypto.dir/home/tikhon/Документы/magnolia/esp-idf/components/mbedtls/port/aes/dma/esp_aes_dma_core.c.obj'
Command failed (2): idf.py elf
Elf target failed for rdd; running `idf.py build` instead.
+ idf.py build
[612/1051] Building ASM object esp-idf/esp_system/CMakeFiles/__idf_esp_system.dir/port/arch/xtensa/esp_ipc_isr_handler.S.obj
[613/1051] Building ASM object esp-idf/esp_system/CMakeFiles/__idf_esp_system.dir/port/arch/xtensa/esp_ipc_isr_routines.S.obj
[821/1051] Building C object esp-idf/mbedtls/mbedtls/3rdparty/everest/CMakeFiles/everest.dir/library/x25519.c.obj
[822/1051] Building C object esp-idf/mbedtls/mbedtls/3rdparty/everest/CMakeFiles/everest.dir/library/everest.c.obj
[614/1051] Building C object esp-idf/esp_system/CMakeFiles/__idf_esp_system.dir/int_wdt.c.obj
[342/1051] Linking C static library esp-idf/esp_vfs_console/libesp_vfs_console.a
[823/1051] Building C object esp-idf/mbedtls/mbedtls/3rdparty/p256-m/CMakeFiles/p256m.dir/p256-m_driver_entrypoints.c.obj
[824/1051] Building C object esp-idf/mbedtls/mbedtls/3rdparty/p256-m/CMakeFiles/p256m.dir/p256-m/p256-m.c.obj
[827/1051] Building C object esp-idf/mbedtls/mbedtls/library/CMakeFiles/mbedcrypto.dir/psa_crypto.c.obj
[825/1051] Building C object 'esp-idf/mbedtls/mbedtls/library/CMakeFiles/mbedcrypto.dir/home/tikhon/Документы/magnolia/esp-idf/components/mbedtls/port/sha/core/esp_sha512.c.obj'
[827/1049] Building C object esp-idf/mbedtls/mbedtls/library/CMakeFiles/mbedcrypto.dir/psa_crypto.c.obj
[615/1051] Building ASM object esp-idf/esp_system/CMakeFiles/__idf_esp_system.dir/port/arch/xtensa/panic_handler_asm.S.obj
[616/1051] Building C object esp-idf/esp_system/CMakeFiles/__idf_esp_system.dir/ubsan.c.obj
[833/1051] Generating ../../x509_crt_bundle.S
[832/1051] Generating x509_crt_bundle
[617/1051] Building C object esp-idf/esp_system/CMakeFiles/__idf_esp_system.dir/port/arch/xtensa/panic_arch.c.obj
[618/1051] Building ASM object esp-idf/esp_system/CMakeFiles/__idf_esp_system.dir/port/arch/xtensa/debug_helpers_asm.S.obj
[343/1051] Linking C static library esp-idf/esp_driver_usb_serial_jtag/libesp_driver_usb_serial_jtag.a
[619/1051] Building C object esp-idf/esp_system/CMakeFiles/__idf_esp_system.dir/port/esp_system_chip.c.obj
[620/1051] Building ASM object esp-idf/esp_system/CMakeFiles/__idf_esp_system.dir/port/arch/xtensa/expression_with_stack_asm.S.obj
[621/1051] Building C object esp-idf/esp_system/CMakeFiles/__idf_esp_system.dir/port/arch/xtensa/debug_stubs.c.obj
[826/1051] Building C object 'esp-idf/mbedtls/mbedtls/library/CMakeFiles/mbedcrypto.dir/home/tikhon/Документы/magnolia/esp-idf/components/mbedtls/port/aes/esp_aes_gcm.c.obj'
[344/1051] Building C object esp-idf/esp_driver_uart/CMakeFiles/__idf_esp_driver_uart.dir/src/uart_wakeup.c.obj
[622/1051] Building C object esp-idf/esp_system/CMakeFiles/__idf_esp_system.dir/port/arch/xtensa/esp_ipc_isr_port.c.obj
[345/1051] Linking C static library esp-idf/esp_phy/libesp_phy.a
[834/1051] Building C object esp-idf/esp_pm/CMakeFiles/__idf_esp_pm.dir/pm_trace.c.obj
[623/1051] Building C object esp-idf/esp_system/CMakeFiles/__idf_esp_system.dir/port/esp_ipc_isr.c.obj
[833/1051] Generating ../../x509_crt_bundle.S
[835/1051] Building ASM object esp-idf/mbedtls/CMakeFiles/__idf_mbedtls.dir/__/__/x509_crt_bundle.S.obj
[624/1051] Building ASM object esp-idf/esp_system/CMakeFiles/__idf_esp_system.dir/port/soc/esp32s3/highint_hdl.S.obj
[625/1051] Building C object esp-idf/esp_system/CMakeFiles/__idf_esp_system.dir/xt_wdt.c.obj
[828/1051] Building C object esp-idf/mbedtls/mbedtls/library/CMakeFiles/mbedcrypto.dir/rsa.c.obj
-- Generating done (5.8s)
[836/1051] Building C object esp-idf/esp_security/CMakeFiles/__idf_esp_security.dir/src/esp_crypto_lock.c.obj
[626/1051] Building C object esp-idf/esp_system/CMakeFiles/__idf_esp_system.dir/port/arch/xtensa/trax.c.obj
[627/1051] Linking C static library esp-idf/hal/libhal.a
[628/1051] Building C object esp-idf/esp_system/CMakeFiles/__idf_esp_system.dir/port/image_process.c.obj
[629/1051] Building C object esp-idf/esp_system/CMakeFiles/__idf_esp_system.dir/task_wdt/task_wdt_impl_timergroup.c.obj
[837/1051] Building C object esp-idf/esp_security/CMakeFiles/__idf_esp_security.dir/src/esp_ds.c.obj
[346/1051] Building C object esp-idf/esp_event/CMakeFiles/__idf_esp_event.dir/esp_event.c.obj
[630/1051] Building C object esp-idf/spi_flash/CMakeFiles/__idf_spi_flash.dir/flash_brownout_hook.c.obj
[838/1051] Building C object esp-idf/esp_pm/CMakeFiles/__idf_esp_pm.dir/pm_impl.c.obj
[631/1051] Building C object esp-idf/esp_system/CMakeFiles/__idf_esp_system.dir/startup_funcs.c.obj
[632/1051] Building C object esp-idf/esp_system/CMakeFiles/__idf_esp_system.dir/port/arch/xtensa/expression_with_stack.c.obj
[839/1051] Building C object esp-idf/esp_security/CMakeFiles/__idf_esp_security.dir/src/esp_hmac.c.obj
[840/1051] Building C object esp-idf/esp_driver_gpio/CMakeFiles/__idf_esp_driver_gpio.dir/src/gpio_glitch_filter_ops.c.obj
[633/1051] Building C object esp-idf/esp_system/CMakeFiles/__idf_esp_system.dir/port/soc/esp32s3/reset_reason.c.obj
[828/1049] Linking CXX static library esp-idf/mbedtls/mbedtls/library/libmbedcrypto.a
[834/1051] Building ASM object esp-idf/mbedtls/CMakeFiles/__idf_mbedtls.dir/__/__/x509_crt_bundle.S.obj
[634/1051] Building C object esp-idf/spi_flash/CMakeFiles/__idf_spi_flash.dir/spi_flash_chip_drivers.c.obj
[841/1051] Building C object esp-idf/esp_security/CMakeFiles/__idf_esp_security.dir/src/init.c.obj
[635/1051] Linking C static library esp-idf/esp_rom/libesp_rom.a
[842/1051] Building C object esp-idf/esp_pm/CMakeFiles/__idf_esp_pm.dir/pm_locks.c.obj
[636/1051] Building C object esp-idf/esp_system/CMakeFiles/__idf_esp_system.dir/port/soc/esp32s3/system_internal.c.obj
[843/1051] Building C object esp-idf/efuse/CMakeFiles/__idf_efuse.dir/esp32s3/esp_efuse_fields.c.obj
[829/1049] Linking CXX static library esp-idf/mbedtls/mbedtls/3rdparty/p256-m/libp256m.a
[347/1051] Building CXX object esp-idf/nvs_flash/CMakeFiles/__idf_nvs_flash.dir/src/nvs_partition.cpp.obj
[637/1051] Building C object esp-idf/spi_flash/CMakeFiles/__idf_spi_flash.dir/spi_flash_hpm_enable.c.obj
[844/1051] Building C object esp-idf/efuse/CMakeFiles/__idf_efuse.dir/esp32s3/esp_efuse_table.c.obj
[348/1051] Building CXX object esp-idf/nvs_flash/CMakeFiles/__idf_nvs_flash.dir/src/nvs_partition_lookup.cpp.obj
[638/1051] Building C object esp-idf/esp_system/CMakeFiles/__idf_esp_system.dir/port/soc/esp32s3/apb_backup_dma.c.obj
[833/1051] Generating ../../x509_crt_bundle.S
[835/1051] Building C object esp-idf/esp_security/CMakeFiles/__idf_esp_security.dir/src/esp_crypto_lock.c.obj
[845/1051] Building C object esp-idf/efuse/CMakeFiles/__idf_efuse.dir/src/esp_efuse_fields.c.obj
[836/1051] Building C object esp-idf/efuse/CMakeFiles/__idf_efuse.dir/esp32s3/esp_efuse_table.c.obj
[639/1051] Building C object esp-idf/esp_system/CMakeFiles/__idf_esp_system.dir/port/cpu_start.c.obj
[846/1051] Building C object esp-idf/efuse/CMakeFiles/__idf_efuse.dir/esp32s3/esp_efuse_rtc_calib.c.obj
[830/1049] Linking CXX static library esp-idf/mbedtls/mbedtls/3rdparty/everest/libeverest.a
[847/1051] Building C object esp-idf/efuse/CMakeFiles/__idf_efuse.dir/src/efuse_controller/keys/with_key_purposes/esp_efuse_api_key.c.obj
[848/1051] Building C object esp-idf/esp_security/CMakeFiles/__idf_esp_security.dir/src/esp_crypto_periph_clk.c.obj
-- Build files have been written to: /home/tikhon/Документы/magnolia/applets/rust/rselftest/build
[837/1051] Building C object esp-idf/esp_driver_gpio/CMakeFiles/__idf_esp_driver_gpio.dir/src/gpio_glitch_filter_ops.c.obj
[849/1051] Building C object esp-idf/efuse/CMakeFiles/__idf_efuse.dir/src/esp_efuse_utility.c.obj
[640/1051] Building C object esp-idf/spi_flash/CMakeFiles/__idf_spi_flash.dir/esp32s3/spi_flash_oct_flash_init.c.obj
[641/1051] Building C object esp-idf/esp_system/CMakeFiles/__idf_esp_system.dir/port/soc/esp32s3/cache_err_int.c.obj
[838/1051] Building C object esp-idf/esp_pm/CMakeFiles/__idf_esp_pm.dir/pm_trace.c.obj
[850/1051] Building C object esp-idf/xtensa/CMakeFiles/__idf_xtensa.dir/eri.c.obj
[642/1051] Building C object esp-idf/spi_flash/CMakeFiles/__idf_spi_flash.dir/spi_flash_chip_boya.c.obj
[839/1051] Building C object esp-idf/efuse/CMakeFiles/__idf_efuse.dir/esp32s3/esp_efuse_utility.c.obj
[840/1051] Building C object esp-idf/esp_pm/CMakeFiles/__idf_esp_pm.dir/pm_locks.c.obj
[841/1051] Building C object esp-idf/esp_security/CMakeFiles/__idf_esp_security.dir/src/init.c.obj
[851/1051] Building C object esp-idf/xtensa/CMakeFiles/__idf_xtensa.dir/xt_trax.c.obj
[852/1051] Building C object esp-idf/esp_bootloader_format/CMakeFiles/__idf_esp_bootloader_format.dir/esp_bootloader_desc.c.obj
[643/1051] Building C object esp-idf/esp_system/CMakeFiles/__idf_esp_system.dir/port/arch/xtensa/debug_helpers.c.obj
[842/1051] Building C object esp-idf/esp_driver_gpio/CMakeFiles/__idf_esp_driver_gpio.dir/src/dedic_gpio.c.obj
[843/1051] Building C object esp-idf/efuse/CMakeFiles/__idf_efuse.dir/esp32s3/esp_efuse_fields.c.obj
[853/1051] Building C object esp-idf/mbedtls/CMakeFiles/__idf_mbedtls.dir/esp_crt_bundle/esp_crt_bundle.c.obj
[854/1051] Building C object esp-idf/efuse/CMakeFiles/__idf_efuse.dir/esp32s3/esp_efuse_utility.c.obj
[644/1051] Building C object esp-idf/spi_flash/CMakeFiles/__idf_spi_flash.dir/spi_flash_chip_issi.c.obj
[855/1051] Building C object esp-idf/esp_driver_gpio/CMakeFiles/__idf_esp_driver_gpio.dir/src/dedic_gpio.c.obj
[645/1051] Building C object esp-idf/spi_flash/CMakeFiles/__idf_spi_flash.dir/spi_flash_chip_th.c.obj
[844/1051] Building C object esp-idf/efuse/CMakeFiles/__idf_efuse.dir/esp32s3/esp_efuse_rtc_calib.c.obj
[646/1051] Building C object esp-idf/esp_common/CMakeFiles/__idf_esp_common.dir/src/esp_err_to_name.c.obj
[647/1051] Building C object esp-idf/spi_flash/CMakeFiles/__idf_spi_flash.dir/spi_flash_chip_gd.c.obj
[856/1051] Building ASM object esp-idf/xtensa/CMakeFiles/__idf_xtensa.dir/xtensa_context.S.obj
[648/1051] Building C object esp-idf/spi_flash/CMakeFiles/__idf_spi_flash.dir/flash_mmap.c.obj
[857/1051] Building ASM object esp-idf/xtensa/CMakeFiles/__idf_xtensa.dir/xtensa_intr_asm.S.obj
[828/1051] Building C object esp-idf/mbedtls/mbedtls/library/CMakeFiles/mbedcrypto.dir/psa_crypto.c.obj
[834/1051] Building ASM object esp-idf/mbedtls/CMakeFiles/__idf_mbedtls.dir/__/__/x509_crt_bundle.S.obj
[858/1051] Building C object esp-idf/app_update/CMakeFiles/__idf_app_update.dir/esp_ota_app_desc.c.obj
[829/1051] Linking CXX static library esp-idf/mbedtls/mbedtls/library/libmbedcrypto.a
[649/1051] Building C object esp-idf/spi_flash/CMakeFiles/__idf_spi_flash.dir/spi_flash_chip_mxic.c.obj
[650/1051] Building C object esp-idf/esp_system/CMakeFiles/__idf_esp_system.dir/port/soc/esp32s3/clk.c.obj
[859/1051] Linking C static library esp-idf/mbedtls/libmbedtls.a
[845/1051] Building C object esp-idf/esp_security/CMakeFiles/__idf_esp_security.dir/src/esp_hmac.c.obj
[651/1051] Building C object esp-idf/spi_flash/CMakeFiles/__idf_spi_flash.dir/spi_flash_chip_winbond.c.obj
[827/1051] Building C object esp-idf/mbedtls/mbedtls/library/CMakeFiles/mbedcrypto.dir/rsa.c.obj
[846/1051] Building C object esp-idf/esp_security/CMakeFiles/__idf_esp_security.dir/src/esp_ds.c.obj
[835/1051] Building C object esp-idf/mbedtls/CMakeFiles/__idf_mbedtls.dir/esp_crt_bundle/esp_crt_bundle.c.obj
[860/1051] Building C object esp-idf/esp_driver_gpio/CMakeFiles/__idf_esp_driver_gpio.dir/src/gpio_pin_glitch_filter.c.obj
[652/1051] Linking C static library esp-idf/esp_common/libesp_common.a
[861/1051] Building C object esp-idf/esp_partition/CMakeFiles/__idf_esp_partition.dir/partition_target.c.obj
[653/1051] Building C object esp-idf/esp_mm/CMakeFiles/__idf_esp_mm.dir/port/esp32s3/ext_mem_layout.c.obj
[836/1051] Building C object esp-idf/esp_security/CMakeFiles/__idf_esp_security.dir/src/esp_hmac.c.obj
[862/1051] Building C object esp-idf/console/CMakeFiles/__idf_console.dir/split_argv.c.obj
[863/1051] Building ASM object esp-idf/xtensa/CMakeFiles/__idf_xtensa.dir/xtensa_vectors.S.obj
[837/1051] Building C object esp-idf/esp_security/CMakeFiles/__idf_esp_security.dir/src/esp_crypto_lock.c.obj
[847/1051] Building C object esp-idf/esp_driver_gpio/CMakeFiles/__idf_esp_driver_gpio.dir/src/gpio_pin_glitch_filter.c.obj
[830/1051] Linking CXX static library esp-idf/mbedtls/mbedtls/3rdparty/p256-m/libp256m.a
[838/1051] Building C object esp-idf/esp_pm/CMakeFiles/__idf_esp_pm.dir/pm_trace.c.obj
[864/1051] Building C object esp-idf/esp_app_format/CMakeFiles/__idf_esp_app_format.dir/esp_app_desc.c.obj
[848/1051] Building C object esp-idf/esp_security/CMakeFiles/__idf_esp_security.dir/src/esp_crypto_periph_clk.c.obj
[849/1051] Building C object esp-idf/mbedtls/CMakeFiles/__idf_mbedtls.dir/esp_crt_bundle/esp_crt_bundle.c.obj
[654/1051] Building C object esp-idf/esp_system/CMakeFiles/__idf_esp_system.dir/task_wdt/task_wdt.c.obj
[850/1051] Building C object esp-idf/efuse/CMakeFiles/__idf_efuse.dir/src/esp_efuse_fields.c.obj
[865/1051] Linking C static library esp-idf/esp_pm/libesp_pm.a
[839/1051] Building C object esp-idf/esp_security/CMakeFiles/__idf_esp_security.dir/src/esp_crypto_periph_clk.c.obj
[866/1051] Building C object esp-idf/efuse/CMakeFiles/__idf_efuse.dir/src/esp_efuse_startup.c.obj
[851/1051] Building C object esp-idf/esp_bootloader_format/CMakeFiles/__idf_esp_bootloader_format.dir/esp_bootloader_desc.c.obj
[840/1051] Building C object esp-idf/esp_pm/CMakeFiles/__idf_esp_pm.dir/pm_locks.c.obj
[852/1051] Building C object esp-idf/app_update/CMakeFiles/__idf_app_update.dir/esp_ota_app_desc.c.obj
[867/1051] Building C object esp-idf/xtensa/CMakeFiles/__idf_xtensa.dir/xtensa_intr.c.obj
[853/1051] Building C object esp-idf/xtensa/CMakeFiles/__idf_xtensa.dir/eri.c.obj
[655/1051] Building C object esp-idf/spi_flash/CMakeFiles/__idf_spi_flash.dir/flash_ops.c.obj
[841/1051] Building C object esp-idf/esp_driver_gpio/CMakeFiles/__idf_esp_driver_gpio.dir/src/gpio_glitch_filter_ops.c.obj
[842/1051] Building C object esp-idf/esp_driver_gpio/CMakeFiles/__idf_esp_driver_gpio.dir/src/gpio_pin_glitch_filter.c.obj
[828/1051] Building C object esp-idf/mbedtls/mbedtls/library/CMakeFiles/mbedcrypto.dir/psa_crypto.c.obj
[854/1051] Linking C static library esp-idf/mbedtls/libmbedtls.a
[843/1051] Linking C static library esp-idf/mbedtls/libmbedtls.a
[831/1051] Linking CXX static library esp-idf/mbedtls/mbedtls/3rdparty/everest/libeverest.a
[855/1051] Building ASM object esp-idf/xtensa/CMakeFiles/__idf_xtensa.dir/xtensa_context.S.obj
[844/1051] Building C object esp-idf/efuse/CMakeFiles/__idf_efuse.dir/esp32s3/esp_efuse_table.c.obj
[868/1051] Building C object esp-idf/console/CMakeFiles/__idf_console.dir/argtable3/arg_end.c.obj
[856/1051] Building ASM object esp-idf/xtensa/CMakeFiles/__idf_xtensa.dir/xtensa_intr_asm.S.obj
[656/1051] Building C object esp-idf/spi_flash/CMakeFiles/__idf_spi_flash.dir/memspi_host_driver.c.obj
[857/1051] Building C object esp-idf/efuse/CMakeFiles/__idf_efuse.dir/src/esp_efuse_startup.c.obj
[858/1051] Building C object esp-idf/esp_partition/CMakeFiles/__idf_esp_partition.dir/partition_target.c.obj
[859/1051] Building ASM object esp-idf/xtensa/CMakeFiles/__idf_xtensa.dir/xtensa_vectors.S.obj
[869/1051] Building C object esp-idf/esp_partition/CMakeFiles/__idf_esp_partition.dir/partition.c.obj
[349/1051] Building CXX object esp-idf/nvs_flash/CMakeFiles/__idf_nvs_flash.dir/src/nvs_pagemanager.cpp.obj
[828/1051] Building C object esp-idf/mbedtls/mbedtls/library/CMakeFiles/mbedcrypto.dir/psa_crypto.c.obj
[657/1051] Building C object esp-idf/spi_flash/CMakeFiles/__idf_spi_flash.dir/spi_flash_os_func_noos.c.obj
[845/1051] Building C object esp-idf/esp_security/CMakeFiles/__idf_esp_security.dir/src/init.c.obj
[870/1051] Building C object esp-idf/esp_driver_gpio/CMakeFiles/__idf_esp_driver_gpio.dir/src/rtc_io.c.obj
[860/1051] Building C object esp-idf/xtensa/CMakeFiles/__idf_xtensa.dir/xt_trax.c.obj
[846/1051] Building C object esp-idf/app_update/CMakeFiles/__idf_app_update.dir/esp_ota_app_desc.c.obj
[871/1051] Building C object esp-idf/console/CMakeFiles/__idf_console.dir/esp_console_repl_chip.c.obj
[861/1051] Building C object esp-idf/efuse/CMakeFiles/__idf_efuse.dir/src/esp_efuse_utility.c.obj
[658/1051] Building C object esp-idf/spi_flash/CMakeFiles/__idf_spi_flash.dir/spi_flash_wrap.c.obj
[872/1051] Building C object esp-idf/console/CMakeFiles/__idf_console.dir/argtable3/arg_date.c.obj
[659/1051] Building C object esp-idf/esp_mm/CMakeFiles/__idf_esp_mm.dir/heap_align_hw.c.obj
[873/1051] Building C object esp-idf/efuse/CMakeFiles/__idf_efuse.dir/src/esp_efuse_api.c.obj
[862/1051] Building C object esp-idf/efuse/CMakeFiles/__idf_efuse.dir/src/esp_efuse_api.c.obj
[660/1051] Building C object esp-idf/bootloader_support/CMakeFiles/__idf_bootloader_support.dir/src/bootloader_clock_init.c.obj
[874/1051] Building C object esp-idf/console/CMakeFiles/__idf_console.dir/argtable3/arg_lit.c.obj
[847/1051] Building C object esp-idf/efuse/CMakeFiles/__idf_efuse.dir/esp32s3/esp_efuse_rtc_calib.c.obj
[848/1051] Building C object esp-idf/efuse/CMakeFiles/__idf_efuse.dir/esp32s3/esp_efuse_fields.c.obj
[875/1051] Building C object esp-idf/console/CMakeFiles/__idf_console.dir/argtable3/arg_cmd.c.obj
[876/1051] Building C object esp-idf/console/CMakeFiles/__idf_console.dir/argtable3/arg_rem.c.obj
[661/1051] Building C object esp-idf/bootloader_support/CMakeFiles/__idf_bootloader_support.dir/src/bootloader_mem.c.obj
[849/1051] Building C object esp-idf/efuse/CMakeFiles/__idf_efuse.dir/esp32s3/esp_efuse_utility.c.obj
[863/1051] Building C object esp-idf/esp_app_format/CMakeFiles/__idf_esp_app_format.dir/esp_app_desc.c.obj
[662/1051] Building C object esp-idf/spi_flash/CMakeFiles/__idf_spi_flash.dir/spi_flash_chip_mxic_opi.c.obj
[850/1051] Building C object esp-idf/efuse/CMakeFiles/__idf_efuse.dir/src/esp_efuse_startup.c.obj
[877/1051] Building C object esp-idf/console/CMakeFiles/__idf_console.dir/argtable3/arg_dbl.c.obj
[663/1051] Linking C static library esp-idf/esp_system/libesp_system.a
[664/1051] Building C object esp-idf/spi_flash/CMakeFiles/__idf_spi_flash.dir/cache_utils.c.obj
[851/1051] Building C object esp-idf/esp_bootloader_format/CMakeFiles/__idf_esp_bootloader_format.dir/esp_bootloader_desc.c.obj
[852/1051] Building C object esp-idf/xtensa/CMakeFiles/__idf_xtensa.dir/eri.c.obj
[665/1051] Building C object esp-idf/bootloader_support/CMakeFiles/__idf_bootloader_support.dir/src/bootloader_random.c.obj
Executing action: elf
Running ninja in directory /home/tikhon/Документы/magnolia/applets/rust/rhexdump/build
Executing "ninja elf"...
[0/2] Re-checking globbed directories...
[864/1051] Building C object esp-idf/console/CMakeFiles/__idf_console.dir/split_argv.c.obj
[878/1051] Building C object esp-idf/console/CMakeFiles/__idf_console.dir/argtable3/arg_dstr.c.obj
[350/1051] Building C object esp-idf/esp_driver_gptimer/CMakeFiles/__idf_esp_driver_gptimer.dir/src/gptimer_common.c.obj
[666/1051] Building C object esp-idf/bootloader_support/CMakeFiles/__idf_bootloader_support.dir/src/bootloader_common.c.obj
[865/1051] Building C object esp-idf/efuse/CMakeFiles/__idf_efuse.dir/src/efuse_controller/keys/with_key_purposes/esp_efuse_api_key.c.obj
[879/1051] Building C object esp-idf/console/CMakeFiles/__idf_console.dir/argtable3/arg_utils.c.obj
[866/1051] Building C object esp-idf/console/CMakeFiles/__idf_console.dir/argtable3/arg_dbl.c.obj
[880/1051] Building C object esp-idf/console/CMakeFiles/__idf_console.dir/esp_console_common.c.obj
[867/1051] Building C object esp-idf/esp_pm/CMakeFiles/__idf_esp_pm.dir/pm_impl.c.obj
[853/1051] Building ASM object esp-idf/xtensa/CMakeFiles/__idf_xtensa.dir/xtensa_intr_asm.S.obj
[667/1051] Building C object esp-idf/spi_flash/CMakeFiles/__idf_spi_flash.dir/spi_flash_os_func_app.c.obj
[881/1051] Building C object esp-idf/console/CMakeFiles/__idf_console.dir/argtable3/arg_int.c.obj
[882/1051] Building C object esp-idf/console/CMakeFiles/__idf_console.dir/argtable3/arg_file.c.obj
[668/1051] Building C object esp-idf/esp_mm/CMakeFiles/__idf_esp_mm.dir/esp_cache_utils.c.obj
[854/1051] Building ASM object esp-idf/xtensa/CMakeFiles/__idf_xtensa.dir/xtensa_context.S.obj
[669/1051] Building C object esp-idf/esp_mm/CMakeFiles/__idf_esp_mm.dir/esp_cache_msync.c.obj
[855/1051] Building C object esp-idf/esp_security/CMakeFiles/__idf_esp_security.dir/src/esp_ds.c.obj
[883/1051] Building C object esp-idf/console/CMakeFiles/__idf_console.dir/argtable3/arg_hashtable.c.obj
[868/1051] Building C object esp-idf/esp_driver_gpio/CMakeFiles/__idf_esp_driver_gpio.dir/src/rtc_io.c.obj
[869/1051] Building C object esp-idf/console/CMakeFiles/__idf_console.dir/argtable3/arg_end.c.obj
[884/1051] Building C object esp-idf/console/CMakeFiles/__idf_console.dir/esp_console_repl_internal.c.obj
[885/1051] Building C object esp-idf/console/CMakeFiles/__idf_console.dir/commands.c.obj
[870/1051] Building C object esp-idf/xtensa/CMakeFiles/__idf_xtensa.dir/xtensa_intr.c.obj
[670/1051] Building C object esp-idf/bootloader_support/CMakeFiles/__idf_bootloader_support.dir/src/flash_partitions.c.obj
[671/1051] Building C object esp-idf/bootloader_support/CMakeFiles/__idf_bootloader_support.dir/src/secure_boot.c.obj
[856/1051] Building C object esp-idf/efuse/CMakeFiles/__idf_efuse.dir/src/esp_efuse_fields.c.obj
[672/1051] Building C object esp-idf/bootloader_support/CMakeFiles/__idf_bootloader_support.dir/src/bootloader_efuse.c.obj
[857/1051] Building ASM object esp-idf/xtensa/CMakeFiles/__idf_xtensa.dir/xtensa_vectors.S.obj
[871/1051] Building C object esp-idf/esp_partition/CMakeFiles/__idf_esp_partition.dir/partition.c.obj
[872/1051] Linking C static library esp-idf/esp_pm/libesp_pm.a
[858/1051] Building C object esp-idf/xtensa/CMakeFiles/__idf_xtensa.dir/xt_trax.c.obj
[831/1049] Generating x509_crt_bundle
[886/1051] Building C object esp-idf/console/CMakeFiles/__idf_console.dir/argtable3/arg_str.c.obj
[859/1051] Building C object esp-idf/esp_app_format/CMakeFiles/__idf_esp_app_format.dir/esp_app_desc.c.obj
[873/1051] Building C object esp-idf/console/CMakeFiles/__idf_console.dir/argtable3/arg_cmd.c.obj
[829/1051] Linking CXX static library esp-idf/mbedtls/mbedtls/library/libmbedcrypto.a
[673/1051] Building C object esp-idf/bootloader_support/CMakeFiles/__idf_bootloader_support.dir/src/bootloader_utility.c.obj
[887/1051] Building C object esp-idf/protocomm/CMakeFiles/__idf_protocomm.dir/proto-c/constants.pb-c.c.obj
[674/1051] Building C object esp-idf/bootloader_support/CMakeFiles/__idf_bootloader_support.dir/bootloader_flash/src/bootloader_flash.c.obj
[675/1051] Building C object esp-idf/bootloader_support/CMakeFiles/__idf_bootloader_support.dir/src/bootloader_sha.c.obj
[874/1051] Building C object esp-idf/console/CMakeFiles/__idf_console.dir/argtable3/arg_hashtable.c.obj
[676/1051] Building C object esp-idf/mbedtls/mbedtls/library/CMakeFiles/mbedtls.dir/mps_reader.c.obj
[888/1051] Building C object esp-idf/unity/CMakeFiles/__idf_unity.dir/unity_compat.c.obj
[677/1051] Building C object esp-idf/bootloader_support/CMakeFiles/__idf_bootloader_support.dir/src/bootloader_common_loader.c.obj
[875/1051] Building C object esp-idf/console/CMakeFiles/__idf_console.dir/esp_console_repl_chip.c.obj
[860/1051] Building C object esp-idf/esp_partition/CMakeFiles/__idf_esp_partition.dir/partition_target.c.obj
[889/1051] Building C object esp-idf/unity/CMakeFiles/__idf_unity.dir/unity_utils_freertos.c.obj
[829/1051] Linking CXX static library esp-idf/mbedtls/mbedtls/library/libmbedcrypto.a
[861/1051] Building C object esp-idf/console/CMakeFiles/__idf_console.dir/split_argv.c.obj
[678/1051] Building C object esp-idf/mbedtls/mbedtls/library/CMakeFiles/mbedtls.dir/debug.c.obj
[862/1051] Building C object esp-idf/console/CMakeFiles/__idf_console.dir/esp_console_repl_internal.c.obj
[351/1051] Building C object esp-idf/esp_driver_uart/CMakeFiles/__idf_esp_driver_uart.dir/src/uhci.c.obj
[830/1051] Linking CXX static library esp-idf/mbedtls/mbedtls/3rdparty/p256-m/libp256m.a
[876/1051] Building C object esp-idf/console/CMakeFiles/__idf_console.dir/argtable3/arg_lit.c.obj
[863/1051] Building C object esp-idf/efuse/CMakeFiles/__idf_efuse.dir/src/efuse_controller/keys/with_key_purposes/esp_efuse_api_key.c.obj
[352/1051] Building C object esp-idf/esp_driver_gptimer/CMakeFiles/__idf_esp_driver_gptimer.dir/src/gptimer.c.obj
[890/1051] Building C object esp-idf/unity/CMakeFiles/__idf_unity.dir/unity_utils_cache.c.obj
[353/1051] Building C object esp-idf/esp_driver_uart/CMakeFiles/__idf_esp_driver_uart.dir/src/uart_vfs.c.obj
[877/1051] Building C object esp-idf/console/CMakeFiles/__idf_console.dir/argtable3/arg_dstr.c.obj
[354/1051] Building C object esp-idf/esp_timer/CMakeFiles/__idf_esp_timer.dir/src/esp_timer_init.c.obj
[679/1051] Building C object esp-idf/mbedtls/mbedtls/library/CMakeFiles/mbedtls.dir/ssl_cookie.c.obj
[864/1051] Building C object esp-idf/efuse/CMakeFiles/__idf_efuse.dir/src/esp_efuse_api.c.obj
[831/1051] Linking CXX static library esp-idf/mbedtls/mbedtls/3rdparty/everest/libeverest.a
[830/1051] Linking CXX static library esp-idf/mbedtls/mbedtls/3rdparty/p256-m/libp256m.a
[680/1051] Building C object esp-idf/spi_flash/CMakeFiles/__idf_spi_flash.dir/spi_flash_chip_generic.c.obj
[865/1051] Building C object esp-idf/console/CMakeFiles/__idf_console.dir/esp_console_repl_chip.c.obj
[878/1051] Building C object esp-idf/console/CMakeFiles/__idf_console.dir/argtable3/arg_str.c.obj
[681/1051] Building C object esp-idf/mbedtls/mbedtls/library/CMakeFiles/mbedtls.dir/mps_trace.c.obj
[891/1051] Building C object esp-idf/protocomm/CMakeFiles/__idf_protocomm.dir/src/common/protocomm.c.obj
[866/1051] Building C object esp-idf/esp_pm/CMakeFiles/__idf_esp_pm.dir/pm_impl.c.obj
[879/1051] Building C object esp-idf/console/CMakeFiles/__idf_console.dir/argtable3/arg_rem.c.obj
[867/1051] Building C object esp-idf/console/CMakeFiles/__idf_console.dir/argtable3/arg_cmd.c.obj
[880/1051] Building C object esp-idf/console/CMakeFiles/__idf_console.dir/linenoise/linenoise.c.obj
[829/1051] Linking CXX static library esp-idf/mbedtls/mbedtls/library/libmbedcrypto.a
[881/1051] Building C object esp-idf/console/CMakeFiles/__idf_console.dir/argtable3/arg_date.c.obj
[682/1051] Building C object esp-idf/esp_mm/CMakeFiles/__idf_esp_mm.dir/esp_mmu_map.c.obj
[868/1051] Building C object esp-idf/xtensa/CMakeFiles/__idf_xtensa.dir/xtensa_intr.c.obj
[869/1051] Building C object esp-idf/esp_driver_gpio/CMakeFiles/__idf_esp_driver_gpio.dir/src/dedic_gpio.c.obj
[831/1051] Linking CXX static library esp-idf/mbedtls/mbedtls/3rdparty/everest/libeverest.a
[882/1051] Building C object esp-idf/console/CMakeFiles/__idf_console.dir/esp_console_repl_internal.c.obj
[870/1051] Building C object esp-idf/console/CMakeFiles/__idf_console.dir/argtable3/arg_dbl.c.obj
[883/1051] Building C object esp-idf/console/CMakeFiles/__idf_console.dir/esp_console_common.c.obj
[871/1051] Building C object esp-idf/efuse/CMakeFiles/__idf_efuse.dir/src/esp_efuse_utility.c.obj
[884/1051] Building C object esp-idf/console/CMakeFiles/__idf_console.dir/argtable3/arg_file.c.obj
[683/1051] Building C object esp-idf/spi_flash/CMakeFiles/__idf_spi_flash.dir/esp_flash_spi_init.c.obj
[892/1051] Building C object esp-idf/unity/CMakeFiles/__idf_unity.dir/port/esp/unity_utils_memory_esp.c.obj
[893/1051] Building C object esp-idf/protocomm/CMakeFiles/__idf_protocomm.dir/proto-c/session.pb-c.c.obj
[832/1049] Generating ../../x509_crt_bundle.S
[684/1051] Building C object esp-idf/mbedtls/mbedtls/library/CMakeFiles/mbedtls.dir/ssl_cache.c.obj
[685/1051] Building C object esp-idf/bootloader_support/CMakeFiles/__idf_bootloader_support.dir/src/flash_encrypt.c.obj
[894/1051] Building C object esp-idf/unity/CMakeFiles/__idf_unity.dir/unity_runner.c.obj
[686/1051] Building C object esp-idf/bootloader_support/CMakeFiles/__idf_bootloader_support.dir/src/esp32s3/secure_boot_secure_features.c.obj
[830/1051] Linking CXX static library esp-idf/mbedtls/mbedtls/3rdparty/p256-m/libp256m.a
[885/1051] Building C object esp-idf/console/CMakeFiles/__idf_console.dir/commands.c.obj
[872/1051] Building C object esp-idf/esp_partition/CMakeFiles/__idf_esp_partition.dir/partition.c.obj
[873/1051] Linking C static library esp-idf/esp_pm/libesp_pm.a
[895/1051] Building C object esp-idf/unity/CMakeFiles/__idf_unity.dir/unity_port_esp32.c.obj
[874/1051] Building C object esp-idf/console/CMakeFiles/__idf_console.dir/argtable3/arg_end.c.obj
[886/1051] Building C object esp-idf/console/CMakeFiles/__idf_console.dir/argtable3/arg_int.c.obj
[687/1051] Building C object esp-idf/bootloader_support/CMakeFiles/__idf_bootloader_support.dir/src/bootloader_random_esp32s3.c.obj
[896/1051] Building C object esp-idf/unity/CMakeFiles/__idf_unity.dir/unity_utils_memory.c.obj
[887/1051] Building C object esp-idf/console/CMakeFiles/__idf_console.dir/argtable3/arg_utils.c.obj
[888/1051] Building C object esp-idf/unity/CMakeFiles/__idf_unity.dir/unity_compat.c.obj
[897/1051] Building C object esp-idf/protocomm/CMakeFiles/__idf_protocomm.dir/proto-c/sec2.pb-c.c.obj
[688/1051] Building C object esp-idf/mbedtls/mbedtls/library/CMakeFiles/mbedtls.dir/ssl_tls13_keys.c.obj
[355/1051] Building C object esp-idf/esp_timer/CMakeFiles/__idf_esp_timer.dir/src/esp_timer.c.obj
[875/1051] Building C object esp-idf/esp_driver_gpio/CMakeFiles/__idf_esp_driver_gpio.dir/src/rtc_io.c.obj
[898/1051] Building C object esp-idf/protocomm/CMakeFiles/__idf_protocomm.dir/proto-c/sec1.pb-c.c.obj
[689/1051] Building C object esp-idf/bootloader_support/CMakeFiles/__idf_bootloader_support.dir/bootloader_flash/src/flash_qio_mode.c.obj
[889/1051] Building C object esp-idf/unity/CMakeFiles/__idf_unity.dir/port/esp/unity_utils_memory_esp.c.obj
[831/1051] Linking CXX static library esp-idf/mbedtls/mbedtls/3rdparty/everest/libeverest.a
[356/1051] Building C object esp-idf/esp_timer/CMakeFiles/__idf_esp_timer.dir/src/esp_timer_impl_common.c.obj
[899/1051] Building C object esp-idf/protocomm/CMakeFiles/__idf_protocomm.dir/proto-c/sec0.pb-c.c.obj
[900/1051] Building C object esp-idf/app_update/CMakeFiles/__idf_app_update.dir/esp_ota_ops.c.obj
[357/1051] Building C object esp-idf/esp_timer/CMakeFiles/__idf_esp_timer.dir/src/ets_timer_legacy.c.obj
[876/1051] Building C object esp-idf/console/CMakeFiles/__idf_console.dir/argtable3/arg_file.c.obj
[901/1051] Building C object esp-idf/console/CMakeFiles/__idf_console.dir/argtable3/arg_rex.c.obj
[358/1051] Building C object esp-idf/esp_timer/CMakeFiles/__idf_esp_timer.dir/src/system_time.c.obj
[690/1051] Building C object esp-idf/mbedtls/mbedtls/library/CMakeFiles/mbedtls.dir/ssl_ciphersuites.c.obj
[877/1051] Building C object esp-idf/console/CMakeFiles/__idf_console.dir/argtable3/arg_rem.c.obj
[902/1051] Building C object esp-idf/protocomm/CMakeFiles/__idf_protocomm.dir/src/transports/protocomm_console.c.obj
[691/1051] Building C object esp-idf/bootloader_support/CMakeFiles/__idf_bootloader_support.dir/bootloader_flash/src/bootloader_flash_config_esp32s3.c.obj
[359/1051] Building CXX object esp-idf/nvs_flash/CMakeFiles/__idf_nvs_flash.dir/src/nvs_encrypted_partition.cpp.obj
[832/1051] Generating x509_crt_bundle
[692/1051] Building C object esp-idf/mbedtls/mbedtls/library/CMakeFiles/mbedtls.dir/ssl_debug_helpers_generated.c.obj
[878/1051] Building C object esp-idf/console/CMakeFiles/__idf_console.dir/esp_console_common.c.obj
[879/1051] Building C object esp-idf/console/CMakeFiles/__idf_console.dir/argtable3/arg_str.c.obj
[693/1051] Building C object esp-idf/mbedtls/mbedtls/library/CMakeFiles/mbedtls.dir/ssl_tls13_server.c.obj
[880/1051] Building C object esp-idf/console/CMakeFiles/__idf_console.dir/argtable3/arg_dstr.c.obj
[833/1049] Building ASM object esp-idf/mbedtls/CMakeFiles/__idf_mbedtls.dir/__/__/x509_crt_bundle.S.obj
[890/1051] Building C object esp-idf/unity/CMakeFiles/__idf_unity.dir/unity_runner.c.obj
[694/1051] Building C object esp-idf/mbedtls/mbedtls/library/CMakeFiles/mbedtls.dir/ssl_tls13_client.c.obj
[360/1051] Building C object esp-idf/esp_driver_uart/CMakeFiles/__idf_esp_driver_uart.dir/src/uart.c.obj
[903/1051] Building C object esp-idf/esp_driver_gpio/CMakeFiles/__idf_esp_driver_gpio.dir/src/gpio.c.obj
[881/1051] Building C object esp-idf/console/CMakeFiles/__idf_console.dir/commands.c.obj
[891/1051] Building C object esp-idf/protocomm/CMakeFiles/__idf_protocomm.dir/proto-c/constants.pb-c.c.obj
[695/1051] Building C object esp-idf/mbedtls/mbedtls/library/CMakeFiles/mbedtls.dir/ssl_tls13_generic.c.obj
[882/1051] Building C object esp-idf/console/CMakeFiles/__idf_console.dir/argtable3/arg_lit.c.obj
[834/1049] Building C object esp-idf/esp_pm/CMakeFiles/__idf_esp_pm.dir/pm_trace.c.obj
[892/1051] Building C object esp-idf/unity/CMakeFiles/__idf_unity.dir/unity_utils_cache.c.obj
[696/1051] Building C object esp-idf/mbedtls/mbedtls/library/CMakeFiles/mbedtls.dir/ssl_client.c.obj
[835/1049] Building C object esp-idf/esp_security/CMakeFiles/__idf_esp_security.dir/src/esp_crypto_lock.c.obj
[904/1051] Building CXX object esp-idf/wear_levelling/CMakeFiles/__idf_wear_levelling.dir/crc32.cpp.obj
[893/1051] Building C object esp-idf/unity/CMakeFiles/__idf_unity.dir/unity_port_esp32.c.obj
[905/1051] Building C object esp-idf/console/CMakeFiles/__idf_console.dir/linenoise/linenoise.c.obj
[894/1051] Building C object esp-idf/unity/CMakeFiles/__idf_unity.dir/unity_utils_freertos.c.obj
[836/1049] Building C object esp-idf/efuse/CMakeFiles/__idf_efuse.dir/esp32s3/esp_efuse_fields.c.obj
[883/1051] Building C object esp-idf/unity/CMakeFiles/__idf_unity.dir/unity_compat.c.obj
[884/1051] Building C object esp-idf/console/CMakeFiles/__idf_console.dir/argtable3/arg_hashtable.c.obj
[837/1049] Building C object esp-idf/esp_driver_gpio/CMakeFiles/__idf_esp_driver_gpio.dir/src/gpio_glitch_filter_ops.c.obj
[895/1051] Building C object esp-idf/unity/CMakeFiles/__idf_unity.dir/unity_utils_memory.c.obj
[697/1051] Building C object 'esp-idf/mbedtls/mbedtls/library/CMakeFiles/mbedtls.dir/home/tikhon/Документы/magnolia/esp-idf/components/mbedtls/port/esp_platform_time.c.obj'
[885/1051] Building C object esp-idf/console/CMakeFiles/__idf_console.dir/argtable3/arg_date.c.obj
[906/1051] Linking C static library esp-idf/esp_driver_gpio/libesp_driver_gpio.a
[886/1051] Building C object esp-idf/console/CMakeFiles/__idf_console.dir/argtable3/arg_int.c.obj
[838/1049] Building C object esp-idf/esp_security/CMakeFiles/__idf_esp_security.dir/src/init.c.obj
[896/1051] Building C object esp-idf/protocomm/CMakeFiles/__idf_protocomm.dir/proto-c/session.pb-c.c.obj
[907/1051] Building C object esp-idf/protocomm/CMakeFiles/__idf_protocomm.dir/src/crypto/srp6a/esp_srp_mpi.c.obj
[698/1051] Building C object esp-idf/mbedtls/mbedtls/library/CMakeFiles/mbedx509.dir/x509_create.c.obj
[699/1051] Building C object esp-idf/mbedtls/mbedtls/library/CMakeFiles/mbedx509.dir/x509write_crt.c.obj
[908/1051] Building CXX object esp-idf/wear_levelling/CMakeFiles/__idf_wear_levelling.dir/Partition.cpp.obj
[887/1051] Building C object esp-idf/unity/CMakeFiles/__idf_unity.dir/unity_utils_freertos.c.obj
[361/1051] Building C object esp-idf/pthread/CMakeFiles/__idf_pthread.dir/pthread_local_storage.c.obj
[897/1051] Building C object esp-idf/protocomm/CMakeFiles/__idf_protocomm.dir/proto-c/sec0.pb-c.c.obj
[909/1051] Building C object esp-idf/console/CMakeFiles/__idf_console.dir/argtable3/argtable3.c.obj
[362/1051] Building C object esp-idf/esp_ringbuf/CMakeFiles/__idf_esp_ringbuf.dir/ringbuf.c.obj
[700/1051] Building C object 'esp-idf/mbedtls/mbedtls/library/CMakeFiles/mbedtls.dir/home/tikhon/Документы/magnolia/esp-idf/components/mbedtls/port/mbedtls_debug.c.obj'
[839/1049] Building C object esp-idf/efuse/CMakeFiles/__idf_efuse.dir/esp32s3/esp_efuse_rtc_calib.c.obj
[363/1051] Building CXX object esp-idf/nvs_flash/CMakeFiles/__idf_nvs_flash.dir/src/nvs_partition_manager.cpp.obj
[701/1051] Building C object esp-idf/mbedtls/mbedtls/library/CMakeFiles/mbedx509.dir/x509write.c.obj
[898/1051] Building C object esp-idf/esp_https_server/CMakeFiles/__idf_esp_https_server.dir/src/https_server.c.obj
[840/1049] Building C object esp-idf/esp_pm/CMakeFiles/__idf_esp_pm.dir/pm_locks.c.obj
[841/1049] Building C object esp-idf/esp_security/CMakeFiles/__idf_esp_security.dir/src/esp_hmac.c.obj
[910/1051] Building C object esp-idf/esp_https_server/CMakeFiles/__idf_esp_https_server.dir/src/https_server.c.obj
[702/1051] Building C object esp-idf/spi_flash/CMakeFiles/__idf_spi_flash.dir/esp_flash_api.c.obj
[888/1051] Building C object esp-idf/console/CMakeFiles/__idf_console.dir/argtable3/arg_utils.c.obj
[911/1051] Building CXX object esp-idf/wear_levelling/CMakeFiles/__idf_wear_levelling.dir/SPI_Flash.cpp.obj
[703/1051] Building C object esp-idf/mbedtls/mbedtls/library/CMakeFiles/mbedcrypto.dir/aesni.c.obj
[912/1051] Linking C static library esp-idf/esp_security/libesp_security.a
[842/1049] Building C object esp-idf/esp_driver_gpio/CMakeFiles/__idf_esp_driver_gpio.dir/src/dedic_gpio.c.obj
[899/1051] Building C object esp-idf/protocomm/CMakeFiles/__idf_protocomm.dir/proto-c/sec1.pb-c.c.obj
[364/1051] Building CXX object esp-idf/cxx/CMakeFiles/__idf_cxx.dir/cxx_init.cpp.obj
[889/1051] Building C object esp-idf/protocomm/CMakeFiles/__idf_protocomm.dir/proto-c/constants.pb-c.c.obj
[843/1049] Building C object esp-idf/efuse/CMakeFiles/__idf_efuse.dir/esp32s3/esp_efuse_table.c.obj
[365/1051] Building C object esp-idf/newlib/CMakeFiles/__idf_newlib.dir/src/init.c.obj
[900/1051] Building C object esp-idf/console/CMakeFiles/__idf_console.dir/argtable3/argtable3.c.obj
[704/1051] Building C object esp-idf/mbedtls/mbedtls/library/CMakeFiles/mbedtls.dir/ssl_ticket.c.obj
[901/1051] Building C object esp-idf/protocomm/CMakeFiles/__idf_protocomm.dir/proto-c/sec2.pb-c.c.obj
[366/1051] Building C object esp-idf/esp_timer/CMakeFiles/__idf_esp_timer.dir/src/esp_timer_impl_systimer.c.obj
[844/1049] Building C object esp-idf/esp_security/CMakeFiles/__idf_esp_security.dir/src/esp_crypto_periph_clk.c.obj
[902/1051] Building C object esp-idf/app_update/CMakeFiles/__idf_app_update.dir/esp_ota_ops.c.obj
[890/1051] Building C object esp-idf/unity/CMakeFiles/__idf_unity.dir/unity_utils_cache.c.obj
[705/1051] Building C object esp-idf/mbedtls/mbedtls/library/CMakeFiles/mbedx509.dir/x509write_csr.c.obj
[367/1051] Building C object esp-idf/pthread/CMakeFiles/__idf_pthread.dir/pthread_semaphore.c.obj
[913/1051] Building C object esp-idf/protocomm/CMakeFiles/__idf_protocomm.dir/src/crypto/srp6a/esp_srp.c.obj
[845/1049] Building C object esp-idf/mbedtls/CMakeFiles/__idf_mbedtls.dir/esp_crt_bundle/esp_crt_bundle.c.obj
[903/1051] Building C object esp-idf/unity/CMakeFiles/__idf_unity.dir/unity/src/unity.c.obj
[846/1049] Building C object esp-idf/esp_driver_gpio/CMakeFiles/__idf_esp_driver_gpio.dir/src/gpio_pin_glitch_filter.c.obj
[904/1051] Building CXX object esp-idf/wear_levelling/CMakeFiles/__idf_wear_levelling.dir/crc32.cpp.obj
[368/1051] Building CXX object esp-idf/cxx/CMakeFiles/__idf_cxx.dir/cxx_exception_stubs.cpp.obj
[914/1051] Linking C static library esp-idf/efuse/libefuse.a
[891/1051] Building C object esp-idf/unity/CMakeFiles/__idf_unity.dir/port/esp/unity_utils_memory_esp.c.obj
[706/1051] Building C object esp-idf/bootloader_support/CMakeFiles/__idf_bootloader_support.dir/src/esp_image_format.c.obj
[905/1051] Building C object esp-idf/console/CMakeFiles/__idf_console.dir/argtable3/arg_rex.c.obj
[847/1049] Building C object esp-idf/efuse/CMakeFiles/__idf_efuse.dir/src/esp_efuse_fields.c.obj
[892/1051] Building C object esp-idf/unity/CMakeFiles/__idf_unity.dir/unity_port_esp32.c.obj
[893/1051] Building C object esp-idf/protocomm/CMakeFiles/__idf_protocomm.dir/proto-c/session.pb-c.c.obj
[707/1051] Building C object esp-idf/mbedtls/mbedtls/library/CMakeFiles/mbedcrypto.dir/aesce.c.obj
[708/1051] Linking C static library esp-idf/spi_flash/libspi_flash.a
[906/1051] Building C object esp-idf/protocomm/CMakeFiles/__idf_protocomm.dir/src/common/protocomm.c.obj
[915/1051] Building CXX object esp-idf/wear_levelling/CMakeFiles/__idf_wear_levelling.dir/WL_Ext_Perf.cpp.obj
[848/1049] Building C object esp-idf/efuse/CMakeFiles/__idf_efuse.dir/esp32s3/esp_efuse_utility.c.obj
[894/1051] Building C object esp-idf/unity/CMakeFiles/__idf_unity.dir/unity_utils_memory.c.obj
[916/1051] Linking C static library esp-idf/esp_partition/libesp_partition.a
[849/1049] Building C object esp-idf/esp_security/CMakeFiles/__idf_esp_security.dir/src/esp_ds.c.obj
[709/1051] Building C object esp-idf/mbedtls/mbedtls/library/CMakeFiles/mbedcrypto.dir/asn1parse.c.obj
[917/1051] Building C object esp-idf/protocomm/CMakeFiles/__idf_protocomm.dir/src/transports/protocomm_httpd.c.obj
[850/1049] Building C object esp-idf/app_update/CMakeFiles/__idf_app_update.dir/esp_ota_app_desc.c.obj
[907/1051] Building C object esp-idf/protocomm/CMakeFiles/__idf_protocomm.dir/src/crypto/srp6a/esp_srp_mpi.c.obj
[895/1051] Building C object esp-idf/unity/CMakeFiles/__idf_unity.dir/unity_runner.c.obj
[851/1049] Building C object esp-idf/efuse/CMakeFiles/__idf_efuse.dir/src/esp_efuse_startup.c.obj
[852/1049] Linking C static library esp-idf/mbedtls/libmbedtls.a
[896/1051] Building C object esp-idf/console/CMakeFiles/__idf_console.dir/argtable3/arg_rex.c.obj
[853/1049] Building C object esp-idf/xtensa/CMakeFiles/__idf_xtensa.dir/eri.c.obj
[369/1051] Building CXX object esp-idf/cxx/CMakeFiles/__idf_cxx.dir/cxx_guards.cpp.obj
[854/1049] Building ASM object esp-idf/xtensa/CMakeFiles/__idf_xtensa.dir/xtensa_context.S.obj
[897/1051] Building C object esp-idf/protocomm/CMakeFiles/__idf_protocomm.dir/proto-c/sec0.pb-c.c.obj
[855/1049] Building C object esp-idf/esp_bootloader_format/CMakeFiles/__idf_esp_bootloader_format.dir/esp_bootloader_desc.c.obj
[856/1049] Building C object esp-idf/xtensa/CMakeFiles/__idf_xtensa.dir/xt_trax.c.obj
[710/1051] Building C object esp-idf/mbedtls/mbedtls/library/CMakeFiles/mbedcrypto.dir/bignum_mod.c.obj
[370/1051] Building C object esp-idf/newlib/CMakeFiles/__idf_newlib.dir/src/abort.c.obj
[857/1049] Building ASM object esp-idf/xtensa/CMakeFiles/__idf_xtensa.dir/xtensa_intr_asm.S.obj
+ idf.py elf
[898/1051] Building C object esp-idf/protocomm/CMakeFiles/__idf_protocomm.dir/src/transports/protocomm_console.c.obj
[832/1051] Generating x509_crt_bundle
[918/1051] Building C object esp-idf/app_trace/CMakeFiles/__idf_app_trace.dir/app_trace_util.c.obj
[899/1051] Building C object esp-idf/app_update/CMakeFiles/__idf_app_update.dir/esp_ota_ops.c.obj
[908/1051] Building C object esp-idf/protocomm/CMakeFiles/__idf_protocomm.dir/src/transports/protocomm_console.c.obj
[919/1051] Linking C static library esp-idf/app_update/libapp_update.a
[920/1051] Building C object esp-idf/app_trace/CMakeFiles/__idf_app_trace.dir/host_file_io.c.obj
[711/1051] Linking C static library esp-idf/esp_mm/libesp_mm.a
[371/1051] Building C object esp-idf/newlib/CMakeFiles/__idf_newlib.dir/src/heap.c.obj
[921/1051] Building CXX object esp-idf/wear_levelling/CMakeFiles/__idf_wear_levelling.dir/WL_Ext_Safe.cpp.obj
[858/1049] Building ASM object esp-idf/xtensa/CMakeFiles/__idf_xtensa.dir/xtensa_vectors.S.obj
[859/1049] Building C object esp-idf/esp_partition/CMakeFiles/__idf_esp_partition.dir/partition_target.c.obj
[909/1051] Building CXX object esp-idf/wear_levelling/CMakeFiles/__idf_wear_levelling.dir/Partition.cpp.obj
[860/1049] Building C object esp-idf/console/CMakeFiles/__idf_console.dir/split_argv.c.obj
[922/1051] Building CXX object esp-idf/wear_levelling/CMakeFiles/__idf_wear_levelling.dir/wear_levelling.cpp.obj
[900/1051] Building C object esp-idf/protocomm/CMakeFiles/__idf_protocomm.dir/proto-c/sec2.pb-c.c.obj
[372/1051] Building C object esp-idf/newlib/CMakeFiles/__idf_newlib.dir/src/assert.c.obj
[901/1051] Building C object esp-idf/protocomm/CMakeFiles/__idf_protocomm.dir/proto-c/sec1.pb-c.c.obj
[923/1051] Building C object esp-idf/cmock/CMakeFiles/__idf_cmock.dir/CMock/src/cmock.c.obj
[373/1051] Building C object esp-idf/newlib/CMakeFiles/__idf_newlib.dir/src/pthread.c.obj
[910/1051] Building C object esp-idf/app_trace/CMakeFiles/__idf_app_trace.dir/port/port_uart.c.obj
[911/1051] Building CXX object esp-idf/wear_levelling/CMakeFiles/__idf_wear_levelling.dir/SPI_Flash.cpp.obj
[374/1051] Building C object esp-idf/newlib/CMakeFiles/__idf_newlib.dir/src/poll.c.obj
[861/1049] Building C object esp-idf/efuse/CMakeFiles/__idf_efuse.dir/src/esp_efuse_api.c.obj
[912/1051] Building CXX object esp-idf/wear_levelling/CMakeFiles/__idf_wear_levelling.dir/WL_Ext_Safe.cpp.obj
[902/1051] Building C object esp-idf/console/CMakeFiles/__idf_console.dir/linenoise/linenoise.c.obj
[924/1051] Building C object esp-idf/protocomm/CMakeFiles/__idf_protocomm.dir/src/security/security2.c.obj
[913/1051] Building C object esp-idf/protocomm/CMakeFiles/__idf_protocomm.dir/src/crypto/srp6a/esp_srp.c.obj
[375/1051] Building C object esp-idf/newlib/CMakeFiles/__idf_newlib.dir/src/getentropy.c.obj
[925/1051] Linking C static library esp-idf/esp_bootloader_format/libesp_bootloader_format.a
[862/1049] Building C object esp-idf/efuse/CMakeFiles/__idf_efuse.dir/src/efuse_controller/keys/with_key_purposes/esp_efuse_api_key.c.obj
[833/1051] Generating ../../x509_crt_bundle.S
[863/1049] Building C object esp-idf/esp_pm/CMakeFiles/__idf_esp_pm.dir/pm_impl.c.obj
[903/1051] Building CXX object esp-idf/wear_levelling/CMakeFiles/__idf_wear_levelling.dir/WL_Ext_Safe.cpp.obj
[832/1051] Generating x509_crt_bundle
[904/1051] Building CXX object esp-idf/wear_levelling/CMakeFiles/__idf_wear_levelling.dir/crc32.cpp.obj
[712/1051] Building C object esp-idf/mbedtls/mbedtls/library/CMakeFiles/mbedx509.dir/x509_crl.c.obj
[864/1049] Building C object esp-idf/console/CMakeFiles/__idf_console.dir/esp_console_common.c.obj
[713/1051] Building C object esp-idf/mbedtls/mbedtls/library/CMakeFiles/mbedcrypto.dir/bignum.c.obj
[914/1051] Building C object esp-idf/esp_driver_cam/CMakeFiles/__idf_esp_driver_cam.dir/dvp_share_ctrl.c.obj
[376/1051] Building C object esp-idf/pthread/CMakeFiles/__idf_pthread.dir/pthread_cond_var.c.obj
[714/1051] Linking C static library esp-idf/bootloader_support/libbootloader_support.a
[926/1051] Building C object esp-idf/unity/CMakeFiles/__idf_unity.dir/unity/src/unity.c.obj
[927/1051] Building C object esp-idf/esp_driver_cam/CMakeFiles/__idf_esp_driver_cam.dir/esp_cam_ctlr.c.obj
[715/1051] Building C object esp-idf/mbedtls/mbedtls/library/CMakeFiles/mbedcrypto.dir/bignum_mod_raw.c.obj
[865/1049] Building C object esp-idf/esp_app_format/CMakeFiles/__idf_esp_app_format.dir/esp_app_desc.c.obj
[832/1051] Generating x509_crt_bundle
[716/1051] Building C object esp-idf/mbedtls/mbedtls/library/CMakeFiles/mbedx509.dir/x509_csr.c.obj
[928/1051] Building C object esp-idf/app_trace/CMakeFiles/__idf_app_trace.dir/port/port_uart.c.obj
[717/1051] Building C object esp-idf/mbedtls/mbedtls/library/CMakeFiles/mbedx509.dir/pkcs7.c.obj
[377/1051] Building C object esp-idf/newlib/CMakeFiles/__idf_newlib.dir/src/random.c.obj
[929/1051] Linking C static library esp-idf/esp_app_format/libesp_app_format.a
[718/1051] Building C object esp-idf/mbedtls/mbedtls/library/CMakeFiles/mbedcrypto.dir/aes.c.obj
[866/1049] Linking C static library esp-idf/esp_pm/libesp_pm.a
[915/1051] Building C object esp-idf/app_trace/CMakeFiles/__idf_app_trace.dir/host_file_io.c.obj
[916/1051] Building C object esp-idf/protocomm/CMakeFiles/__idf_protocomm.dir/src/transports/protocomm_httpd.c.obj
[719/1051] Building C object esp-idf/mbedtls/mbedtls/library/CMakeFiles/mbedcrypto.dir/chachapoly.c.obj
[833/1051] Generating ../../x509_crt_bundle.S
[378/1051] Building C object esp-idf/newlib/CMakeFiles/__idf_newlib.dir/src/termios.c.obj
[905/1051] Building C object esp-idf/esp_driver_gpio/CMakeFiles/__idf_esp_driver_gpio.dir/src/gpio.c.obj
[720/1051] Building C object esp-idf/mbedtls/mbedtls/library/CMakeFiles/mbedcrypto.dir/base64.c.obj
[930/1051] Building C object esp-idf/esp_driver_cam/CMakeFiles/__idf_esp_driver_cam.dir/dvp_share_ctrl.c.obj
[379/1051] Building C object esp-idf/pthread/CMakeFiles/__idf_pthread.dir/pthread_rwlock.c.obj
[917/1051] Building C object esp-idf/esp_driver_gpio/CMakeFiles/__idf_esp_driver_gpio.dir/src/gpio.c.obj
[867/1049] Building C object esp-idf/efuse/CMakeFiles/__idf_efuse.dir/src/esp_efuse_utility.c.obj
[918/1051] Building CXX object esp-idf/wear_levelling/CMakeFiles/__idf_wear_levelling.dir/wear_levelling.cpp.obj
[906/1051] Building C object esp-idf/console/CMakeFiles/__idf_console.dir/argtable3/argtable3.c.obj
[380/1051] Building C object esp-idf/newlib/CMakeFiles/__idf_newlib.dir/src/locks.c.obj
[834/1051] Building C object esp-idf/esp_pm/CMakeFiles/__idf_esp_pm.dir/pm_trace.c.obj
[721/1051] Building C object esp-idf/mbedtls/mbedtls/library/CMakeFiles/mbedcrypto.dir/asn1write.c.obj
[919/1051] Building C object esp-idf/app_trace/CMakeFiles/__idf_app_trace.dir/app_trace_util.c.obj
[835/1051] Building ASM object esp-idf/mbedtls/CMakeFiles/__idf_mbedtls.dir/__/__/x509_crt_bundle.S.obj
[920/1051] Building C object esp-idf/app_trace/CMakeFiles/__idf_app_trace.dir/app_trace.c.obj
[921/1051] Building C object esp-idf/cmock/CMakeFiles/__idf_cmock.dir/CMock/src/cmock.c.obj
[868/1049] Building C object esp-idf/console/CMakeFiles/__idf_console.dir/argtable3/arg_dbl.c.obj
[722/1051] Building C object 'esp-idf/mbedtls/mbedtls/library/CMakeFiles/mbedtls.dir/home/tikhon/Документы/magnolia/esp-idf/components/mbedtls/port/net_sockets.c.obj'
[381/1051] Building C object esp-idf/newlib/CMakeFiles/__idf_newlib.dir/src/syscalls.c.obj
[922/1051] Building CXX object esp-idf/wear_levelling/CMakeFiles/__idf_wear_levelling.dir/WL_Ext_Perf.cpp.obj
[723/1051] Building C object esp-idf/mbedtls/mbedtls/library/CMakeFiles/mbedcrypto.dir/cipher_wrap.c.obj
[836/1051] Building C object esp-idf/esp_security/CMakeFiles/__idf_esp_security.dir/src/esp_crypto_lock.c.obj
[869/1049] Building C object esp-idf/xtensa/CMakeFiles/__idf_xtensa.dir/xtensa_intr.c.obj
[837/1051] Building C object esp-idf/esp_driver_gpio/CMakeFiles/__idf_esp_driver_gpio.dir/src/dedic_gpio.c.obj
[907/1051] Building C object esp-idf/protocomm/CMakeFiles/__idf_protocomm.dir/src/crypto/srp6a/esp_srp_mpi.c.obj
[724/1051] Building C object esp-idf/mbedtls/mbedtls/library/CMakeFiles/mbedcrypto.dir/block_cipher.c.obj
[870/1049] Building C object esp-idf/esp_driver_gpio/CMakeFiles/__idf_esp_driver_gpio.dir/src/rtc_io.c.obj
[931/1051] Linking C static library esp-idf/xtensa/libxtensa.a
[908/1051] Linking C static library esp-idf/esp_driver_gpio/libesp_driver_gpio.a
Command failed (2): idf.py elf
Elf target failed for rhexdump; running `idf.py build` instead.
+ idf.py build
[725/1051] Building C object esp-idf/mbedtls/mbedtls/library/CMakeFiles/mbedcrypto.dir/aria.c.obj
[909/1051] Building CXX object esp-idf/wear_levelling/CMakeFiles/__idf_wear_levelling.dir/Partition.cpp.obj
[726/1051] Building C object esp-idf/mbedtls/mbedtls/library/CMakeFiles/mbedcrypto.dir/camellia.c.obj
[382/1051] Building CXX object esp-idf/nvs_flash/CMakeFiles/__idf_nvs_flash.dir/src/nvs_handle_locked.cpp.obj
[727/1051] Building C object esp-idf/mbedtls/mbedtls/library/CMakeFiles/mbedcrypto.dir/des.c.obj
[932/1051] Building C object esp-idf/esp_driver_cam/CMakeFiles/__idf_esp_driver_cam.dir/dvp/src/esp_cam_ctlr_dvp_gdma.c.obj
[871/1049] Building C object esp-idf/console/CMakeFiles/__idf_console.dir/argtable3/arg_cmd.c.obj
[383/1051] Building C object esp-idf/newlib/CMakeFiles/__idf_newlib.dir/src/sysconf.c.obj
[923/1051] Linking C static library esp-idf/esp_driver_gpio/libesp_driver_gpio.a
[872/1049] Building C object esp-idf/console/CMakeFiles/__idf_console.dir/argtable3/arg_end.c.obj
[873/1049] Building C object esp-idf/console/CMakeFiles/__idf_console.dir/commands.c.obj
[728/1051] Building C object esp-idf/mbedtls/mbedtls/library/CMakeFiles/mbedcrypto.dir/chacha20.c.obj
[874/1049] Building C object esp-idf/esp_partition/CMakeFiles/__idf_esp_partition.dir/partition.c.obj
[384/1051] Building C object esp-idf/newlib/CMakeFiles/__idf_newlib.dir/src/scandir.c.obj
[875/1049] Building C object esp-idf/console/CMakeFiles/__idf_console.dir/esp_console_repl_internal.c.obj
[933/1051] Building C object esp-idf/app_trace/CMakeFiles/__idf_app_trace.dir/app_trace.c.obj
[834/1051] Building C object esp-idf/esp_security/CMakeFiles/__idf_esp_security.dir/src/esp_crypto_lock.c.obj
[910/1051] Building CXX object esp-idf/wear_levelling/CMakeFiles/__idf_wear_levelling.dir/SPI_Flash.cpp.obj
[924/1051] Building C object esp-idf/esp_hid/CMakeFiles/__idf_esp_hid.dir/src/esp_hidd.c.obj
[934/1051] Building C object esp-idf/esp_hid/CMakeFiles/__idf_esp_hid.dir/src/esp_hidd.c.obj
[876/1049] Building C object esp-idf/console/CMakeFiles/__idf_console.dir/argtable3/arg_str.c.obj
[838/1051] Building C object esp-idf/esp_pm/CMakeFiles/__idf_esp_pm.dir/pm_locks.c.obj
[911/1051] Building C object esp-idf/protocomm/CMakeFiles/__idf_protocomm.dir/src/common/protocomm.c.obj
[835/1051] Building C object esp-idf/esp_security/CMakeFiles/__idf_esp_security.dir/src/esp_crypto_periph_clk.c.obj
[839/1051] Building C object esp-idf/efuse/CMakeFiles/__idf_efuse.dir/esp32s3/esp_efuse_fields.c.obj
[877/1049] Building C object esp-idf/console/CMakeFiles/__idf_console.dir/argtable3/arg_dstr.c.obj
[836/1051] Building ASM object esp-idf/mbedtls/CMakeFiles/__idf_mbedtls.dir/__/__/x509_crt_bundle.S.obj
[729/1051] Building C object esp-idf/mbedtls/mbedtls/library/CMakeFiles/mbedcrypto.dir/bignum_core.c.obj
[385/1051] Building C object esp-idf/newlib/CMakeFiles/__idf_newlib.dir/src/realpath.c.obj
[912/1051] Linking C static library esp-idf/esp_security/libesp_security.a
[840/1051] Building C object esp-idf/esp_driver_gpio/CMakeFiles/__idf_esp_driver_gpio.dir/src/gpio_glitch_filter_ops.c.obj
[878/1049] Building C object esp-idf/console/CMakeFiles/__idf_console.dir/esp_console_repl_chip.c.obj
[837/1051] Building C object esp-idf/esp_driver_gpio/CMakeFiles/__idf_esp_driver_gpio.dir/src/gpio_glitch_filter_ops.c.obj
[913/1051] Building C object esp-idf/protocomm/CMakeFiles/__idf_protocomm.dir/src/transports/protocomm_httpd.c.obj
[925/1051] Building C object esp-idf/esp_driver_cam/CMakeFiles/__idf_esp_driver_cam.dir/esp_cam_ctlr.c.obj
[838/1051] Building C object esp-idf/esp_pm/CMakeFiles/__idf_esp_pm.dir/pm_trace.c.obj
[926/1051] Building C object esp-idf/esp_driver_cam/CMakeFiles/__idf_esp_driver_cam.dir/dvp/src/esp_cam_ctlr_dvp_gdma.c.obj
[935/1051] Linking C static library esp-idf/esp_https_server/libesp_https_server.a
[927/1051] Linking C static library esp-idf/esp_security/libesp_security.a
[386/1051] Building C object esp-idf/newlib/CMakeFiles/__idf_newlib.dir/src/flockfile.c.obj
[839/1051] Building C object esp-idf/esp_pm/CMakeFiles/__idf_esp_pm.dir/pm_locks.c.obj
[828/1051] Building C object esp-idf/mbedtls/mbedtls/library/CMakeFiles/mbedcrypto.dir/psa_crypto.c.obj
[841/1051] Building C object esp-idf/efuse/CMakeFiles/__idf_efuse.dir/esp32s3/esp_efuse_rtc_calib.c.obj
[936/1051] Linking C static library esp-idf/unity/libunity.a
[840/1051] Building C object esp-idf/efuse/CMakeFiles/__idf_efuse.dir/esp32s3/esp_efuse_rtc_calib.c.obj
[387/1051] Building CXX object esp-idf/nvs_flash/CMakeFiles/__idf_nvs_flash.dir/src/nvs_types.cpp.obj
[914/1051] Building C object esp-idf/app_trace/CMakeFiles/__idf_app_trace.dir/app_trace_util.c.obj
[879/1049] Building C object esp-idf/console/CMakeFiles/__idf_console.dir/argtable3/arg_file.c.obj
[880/1049] Building C object esp-idf/console/CMakeFiles/__idf_console.dir/argtable3/arg_lit.c.obj
[915/1051] Building C object esp-idf/esp_driver_cam/CMakeFiles/__idf_esp_driver_cam.dir/esp_cam_ctlr.c.obj
[916/1051] Building CXX object esp-idf/wear_levelling/CMakeFiles/__idf_wear_levelling.dir/WL_Ext_Perf.cpp.obj
[730/1051] Building C object esp-idf/mbedtls/mbedtls/library/CMakeFiles/mbedcrypto.dir/constant_time.c.obj
[937/1051] Linking C static library esp-idf/console/libconsole.a
[881/1049] Building C object esp-idf/console/CMakeFiles/__idf_console.dir/argtable3/arg_rem.c.obj
[928/1051] Building C object esp-idf/esp_driver_cam/CMakeFiles/__idf_esp_driver_cam.dir/dvp/src/esp_cam_ctlr_dvp_cam.c.obj
[841/1051] Building C object esp-idf/esp_security/CMakeFiles/__idf_esp_security.dir/src/esp_hmac.c.obj
[842/1051] Building C object esp-idf/esp_security/CMakeFiles/__idf_esp_security.dir/src/esp_hmac.c.obj
[731/1051] Building C object esp-idf/mbedtls/mbedtls/library/CMakeFiles/mbedcrypto.dir/ctr_drbg.c.obj
[882/1049] Building C object esp-idf/console/CMakeFiles/__idf_console.dir/argtable3/arg_hashtable.c.obj
[929/1051] Building C object esp-idf/protocomm/CMakeFiles/__idf_protocomm.dir/src/security/security2.c.obj
[917/1051] Building C object esp-idf/app_trace/CMakeFiles/__idf_app_trace.dir/port/port_uart.c.obj
[843/1051] Building C object esp-idf/esp_driver_gpio/CMakeFiles/__idf_esp_driver_gpio.dir/src/gpio_pin_glitch_filter.c.obj
[388/1051] Building C object esp-idf/newlib/CMakeFiles/__idf_newlib.dir/src/reent_syscalls.c.obj
[938/1051] Building C object esp-idf/esp_eth/CMakeFiles/__idf_esp_eth.dir/src/esp_eth_netif_glue.c.obj
[844/1051] Building C object esp-idf/esp_security/CMakeFiles/__idf_esp_security.dir/src/init.c.obj
[918/1051] Building C object esp-idf/protocomm/CMakeFiles/__idf_protocomm.dir/src/security/security2.c.obj
[845/1051] Building C object esp-idf/efuse/CMakeFiles/__idf_efuse.dir/src/esp_efuse_fields.c.obj
[939/1051] Building C object esp-idf/esp_lcd/CMakeFiles/__idf_esp_lcd.dir/src/esp_lcd_panel_io.c.obj
[919/1051] Linking C static library esp-idf/efuse/libefuse.a
[389/1051] Building C object esp-idf/pthread/CMakeFiles/__idf_pthread.dir/pthread.c.obj
[846/1051] Building C object esp-idf/efuse/CMakeFiles/__idf_efuse.dir/esp32s3/esp_efuse_table.c.obj
[930/1051] Linking C static library esp-idf/efuse/libefuse.a
[732/1051] Building C object esp-idf/mbedtls/mbedtls/library/CMakeFiles/mbedtls.dir/ssl_tls12_client.c.obj
[940/1051] Building C object esp-idf/protobuf-c/CMakeFiles/__idf_protobuf-c.dir/protobuf-c/protobuf-c/protobuf-c.c.obj
[733/1051] Building C object esp-idf/mbedtls/mbedtls/library/CMakeFiles/mbedcrypto.dir/ecjpake.c.obj
[847/1051] Building C object esp-idf/efuse/CMakeFiles/__idf_efuse.dir/esp32s3/esp_efuse_utility.c.obj
[883/1049] Building C object esp-idf/console/CMakeFiles/__idf_console.dir/argtable3/arg_int.c.obj
[842/1051] Building C object esp-idf/efuse/CMakeFiles/__idf_efuse.dir/esp32s3/esp_efuse_table.c.obj
[390/1051] Building C object esp-idf/newlib/CMakeFiles/__idf_newlib.dir/src/time.c.obj
[920/1051] Building C object esp-idf/esp_https_server/CMakeFiles/__idf_esp_https_server.dir/src/https_server.c.obj
[884/1049] Building C object esp-idf/unity/CMakeFiles/__idf_unity.dir/unity_compat.c.obj
[843/1051] Building C object esp-idf/efuse/CMakeFiles/__idf_efuse.dir/esp32s3/esp_efuse_fields.c.obj
[734/1051] Building C object esp-idf/mbedtls/mbedtls/library/CMakeFiles/mbedcrypto.dir/ecp_curves_new.c.obj
[885/1049] Building C object esp-idf/unity/CMakeFiles/__idf_unity.dir/unity_utils_memory.c.obj
[391/1051] Building C object esp-idf/newlib/CMakeFiles/__idf_newlib.dir/src/reent_init.c.obj
[392/1051] Building C object esp-idf/newlib/CMakeFiles/__idf_newlib.dir/src/port/esp_time_impl.c.obj
[833/1051] Generating ../../x509_crt_bundle.S
[921/1051] Building CXX object esp-idf/wear_levelling/CMakeFiles/__idf_wear_levelling.dir/wear_levelling.cpp.obj
[393/1051] Building C object esp-idf/newlib/CMakeFiles/__idf_newlib.dir/src/stdatomic.c.obj
[735/1051] Building C object esp-idf/mbedtls/mbedtls/library/CMakeFiles/mbedcrypto.dir/hkdf.c.obj
[922/1051] Building C object esp-idf/protocomm/CMakeFiles/__idf_protocomm.dir/src/crypto/srp6a/esp_srp.c.obj
[844/1051] Building C object esp-idf/esp_security/CMakeFiles/__idf_esp_security.dir/src/init.c.obj
[941/1051] Building C object esp-idf/json/CMakeFiles/__idf_json.dir/cJSON/cJSON_Utils.c.obj
[923/1051] Building C object esp-idf/app_trace/CMakeFiles/__idf_app_trace.dir/app_trace.c.obj
[931/1051] Linking C static library esp-idf/esp_partition/libesp_partition.a
[848/1051] Building C object esp-idf/esp_security/CMakeFiles/__idf_esp_security.dir/src/esp_crypto_periph_clk.c.obj
[394/1051] Building C object esp-idf/newlib/CMakeFiles/__idf_newlib.dir/src/newlib_init.c.obj
[924/1051] Building C object esp-idf/app_trace/CMakeFiles/__idf_app_trace.dir/host_file_io.c.obj
[942/1051] Building C object esp-idf/esp_lcd/CMakeFiles/__idf_esp_lcd.dir/src/esp_lcd_common.c.obj
[886/1049] Building C object esp-idf/unity/CMakeFiles/__idf_unity.dir/unity_port_esp32.c.obj
[943/1051] Linking C static library esp-idf/protobuf-c/libprotobuf-c.a
[845/1051] Building C object esp-idf/app_update/CMakeFiles/__idf_app_update.dir/esp_ota_app_desc.c.obj
[925/1051] Linking C static library esp-idf/esp_partition/libesp_partition.a
[887/1049] Building C object esp-idf/protocomm/CMakeFiles/__idf_protocomm.dir/proto-c/sec0.pb-c.c.obj
[846/1051] Building C object esp-idf/esp_partition/CMakeFiles/__idf_esp_partition.dir/partition.c.obj
[849/1051] Building C object esp-idf/xtensa/CMakeFiles/__idf_xtensa.dir/eri.c.obj
[944/1051] Building C object esp-idf/esp_hid/CMakeFiles/__idf_esp_hid.dir/src/esp_hid_common.c.obj
[888/1049] Building C object esp-idf/console/CMakeFiles/__idf_console.dir/argtable3/arg_utils.c.obj
[932/1051] Building C object esp-idf/protobuf-c/CMakeFiles/__idf_protobuf-c.dir/protobuf-c/protobuf-c/protobuf-c.c.obj
[926/1051] Building C object esp-idf/cmock/CMakeFiles/__idf_cmock.dir/CMock/src/cmock.c.obj
[850/1051] Building C object esp-idf/esp_bootloader_format/CMakeFiles/__idf_esp_bootloader_format.dir/esp_bootloader_desc.c.obj
[847/1051] Building C object esp-idf/esp_driver_gpio/CMakeFiles/__idf_esp_driver_gpio.dir/src/gpio_pin_glitch_filter.c.obj
[889/1049] Building C object esp-idf/console/CMakeFiles/__idf_console.dir/argtable3/arg_date.c.obj
[851/1051] Building C object esp-idf/esp_security/CMakeFiles/__idf_esp_security.dir/src/esp_ds.c.obj
[933/1051] Building C object esp-idf/json/CMakeFiles/__idf_json.dir/cJSON/cJSON_Utils.c.obj
[848/1051] Building C object esp-idf/efuse/CMakeFiles/__idf_efuse.dir/esp32s3/esp_efuse_utility.c.obj
[927/1051] Building C object esp-idf/esp_driver_cam/CMakeFiles/__idf_esp_driver_cam.dir/dvp/src/esp_cam_ctlr_dvp_gdma.c.obj
[852/1051] Building C object esp-idf/efuse/CMakeFiles/__idf_efuse.dir/src/esp_efuse_api.c.obj
[928/1051] Building C object esp-idf/json/CMakeFiles/__idf_json.dir/cJSON/cJSON_Utils.c.obj
[934/1051] Linking C static library esp-idf/app_update/libapp_update.a
[849/1051] Building C object esp-idf/xtensa/CMakeFiles/__idf_xtensa.dir/eri.c.obj
[834/1051] Building C object esp-idf/mbedtls/CMakeFiles/__idf_mbedtls.dir/esp_crt_bundle/esp_crt_bundle.c.obj
[395/1051] Building C object esp-idf/freertos/CMakeFiles/__idf_freertos.dir/heap_idf.c.obj
[853/1051] Building C object esp-idf/xtensa/CMakeFiles/__idf_xtensa.dir/xt_trax.c.obj
[736/1051] Building C object esp-idf/mbedtls/mbedtls/library/CMakeFiles/mbedcrypto.dir/ecp_curves.c.obj
[854/1051] Building ASM object esp-idf/xtensa/CMakeFiles/__idf_xtensa.dir/xtensa_intr_asm.S.obj
[835/1051] Building ASM object esp-idf/mbedtls/CMakeFiles/__idf_mbedtls.dir/__/__/x509_crt_bundle.S.obj
[890/1049] Building C object esp-idf/unity/CMakeFiles/__idf_unity.dir/port/esp/unity_utils_memory_esp.c.obj
[855/1051] Building C object esp-idf/esp_app_format/CMakeFiles/__idf_esp_app_format.dir/esp_app_desc.c.obj
[929/1051] Linking C static library esp-idf/app_update/libapp_update.a
[891/1049] Building C object esp-idf/protocomm/CMakeFiles/__idf_protocomm.dir/proto-c/constants.pb-c.c.obj
[850/1051] Building C object esp-idf/esp_driver_gpio/CMakeFiles/__idf_esp_driver_gpio.dir/src/dedic_gpio.c.obj
[935/1051] Building C object esp-idf/esp_lcd/CMakeFiles/__idf_esp_lcd.dir/src/esp_lcd_panel_ops.c.obj
[737/1051] Building C object esp-idf/mbedtls/mbedtls/library/CMakeFiles/mbedcrypto.dir/entropy_poll.c.obj
[851/1051] Building C object esp-idf/esp_bootloader_format/CMakeFiles/__idf_esp_bootloader_format.dir/esp_bootloader_desc.c.obj
[836/1051] Building C object esp-idf/esp_security/CMakeFiles/__idf_esp_security.dir/src/esp_crypto_lock.c.obj
[856/1051] Building ASM object esp-idf/xtensa/CMakeFiles/__idf_xtensa.dir/xtensa_vectors.S.obj
[852/1051] Building ASM object esp-idf/xtensa/CMakeFiles/__idf_xtensa.dir/xtensa_context.S.obj
[936/1051] Building CXX object esp-idf/wear_levelling/CMakeFiles/__idf_wear_levelling.dir/WL_Flash.cpp.obj
[930/1051] Building C object esp-idf/unity/CMakeFiles/__idf_unity.dir/unity/src/unity.c.obj
[937/1051] Linking C static library esp-idf/esp_bootloader_format/libesp_bootloader_format.a
[892/1049] Building C object esp-idf/protobuf-c/CMakeFiles/__idf_protobuf-c.dir/protobuf-c/protobuf-c/protobuf-c.c.obj
[857/1051] Building ASM object esp-idf/xtensa/CMakeFiles/__idf_xtensa.dir/xtensa_context.S.obj
[853/1051] Building C object esp-idf/xtensa/CMakeFiles/__idf_xtensa.dir/xt_trax.c.obj
[938/1051] Building C object esp-idf/esp_lcd/CMakeFiles/__idf_esp_lcd.dir/src/esp_lcd_common.c.obj
[893/1049] Building C object esp-idf/protocomm/CMakeFiles/__idf_protocomm.dir/proto-c/session.pb-c.c.obj
[854/1051] Building C object esp-idf/esp_partition/CMakeFiles/__idf_esp_partition.dir/partition_target.c.obj
[738/1051] Building C object esp-idf/mbedtls/mbedtls/library/CMakeFiles/mbedcrypto.dir/ccm.c.obj
[894/1049] Building C object esp-idf/unity/CMakeFiles/__idf_unity.dir/unity_utils_cache.c.obj
[858/1051] Building C object esp-idf/efuse/CMakeFiles/__idf_efuse.dir/src/esp_efuse_startup.c.obj
[859/1051] Building C object esp-idf/app_update/CMakeFiles/__idf_app_update.dir/esp_ota_app_desc.c.obj
[945/1051] Linking C static library esp-idf/protocomm/libprotocomm.a
[396/1051] Building ASM object esp-idf/freertos/CMakeFiles/__idf_freertos.dir/FreeRTOS-Kernel/portable/xtensa/portasm.S.obj
[833/1051] Generating ../../x509_crt_bundle.S
[895/1049] Building C object esp-idf/app_update/CMakeFiles/__idf_app_update.dir/esp_ota_ops.c.obj
[931/1051] Building C object esp-idf/esp_driver_cam/CMakeFiles/__idf_esp_driver_cam.dir/dvp_share_ctrl.c.obj
[855/1051] Building ASM object esp-idf/xtensa/CMakeFiles/__idf_xtensa.dir/xtensa_intr_asm.S.obj
[939/1051] Building C object esp-idf/esp_eth/CMakeFiles/__idf_esp_eth.dir/src/esp_eth_netif_glue.c.obj
[932/1051] Linking C static library esp-idf/esp_bootloader_format/libesp_bootloader_format.a
[837/1051] Linking C static library esp-idf/mbedtls/libmbedtls.a
[739/1051] Building C object esp-idf/mbedtls/mbedtls/library/CMakeFiles/mbedcrypto.dir/dhm.c.obj
[856/1051] Building C object esp-idf/efuse/CMakeFiles/__idf_efuse.dir/src/esp_efuse_fields.c.obj
[740/1051] Building C object esp-idf/mbedtls/mbedtls/library/CMakeFiles/mbedcrypto.dir/ecdh.c.obj
[828/1051] Building C object esp-idf/mbedtls/mbedtls/library/CMakeFiles/mbedcrypto.dir/psa_crypto.c.obj
[397/1051] Building C object esp-idf/freertos/CMakeFiles/__idf_freertos.dir/app_startup.c.obj
[838/1051] Building C object esp-idf/esp_driver_gpio/CMakeFiles/__idf_esp_driver_gpio.dir/src/gpio_glitch_filter_ops.c.obj
[940/1051] Linking C static library esp-idf/esp_app_format/libesp_app_format.a
[741/1051] Building C object esp-idf/mbedtls/mbedtls/library/CMakeFiles/mbedtls.dir/ssl_msg.c.obj
[860/1051] Building C object esp-idf/mbedtls/CMakeFiles/__idf_mbedtls.dir/esp_crt_bundle/esp_crt_bundle.c.obj
[896/1049] Building C object esp-idf/unity/CMakeFiles/__idf_unity.dir/unity_utils_freertos.c.obj
[839/1051] Building C object esp-idf/esp_pm/CMakeFiles/__idf_esp_pm.dir/pm_trace.c.obj
[941/1051] Building C object esp-idf/esp_hid/CMakeFiles/__idf_esp_hid.dir/src/esp_hid_common.c.obj
[933/1051] Building C object esp-idf/esp_hid/CMakeFiles/__idf_esp_hid.dir/src/esp_hidd.c.obj
[398/1051] Building C object esp-idf/freertos/CMakeFiles/__idf_freertos.dir/FreeRTOS-Kernel/list.c.obj
[840/1051] Building C object esp-idf/esp_security/CMakeFiles/__idf_esp_security.dir/src/esp_crypto_periph_clk.c.obj
[857/1051] Building C object esp-idf/console/CMakeFiles/__idf_console.dir/esp_console_repl_internal.c.obj
[399/1051] Building C object esp-idf/freertos/CMakeFiles/__idf_freertos.dir/port_common.c.obj
[897/1049] Building C object esp-idf/unity/CMakeFiles/__idf_unity.dir/unity_runner.c.obj
[942/1051] Building C object esp-idf/esp_lcd/CMakeFiles/__idf_esp_lcd.dir/src/esp_lcd_panel_io.c.obj
[858/1051] Building ASM object esp-idf/xtensa/CMakeFiles/__idf_xtensa.dir/xtensa_vectors.S.obj
[742/1051] Building C object esp-idf/mbedtls/mbedtls/library/CMakeFiles/mbedcrypto.dir/lmots.c.obj
[841/1051] Building C object esp-idf/efuse/CMakeFiles/__idf_efuse.dir/esp32s3/esp_efuse_table.c.obj
[861/1051] Building C object esp-idf/efuse/CMakeFiles/__idf_efuse.dir/src/esp_efuse_utility.c.obj
[934/1051] Linking C static library esp-idf/esp_app_format/libesp_app_format.a
[943/1051] Building C object esp-idf/esp_driver_touch_sens/CMakeFiles/__idf_esp_driver_touch_sens.dir/hw_ver2/touch_version_specific.c.obj
[859/1051] Building C object esp-idf/esp_security/CMakeFiles/__idf_esp_security.dir/src/esp_ds.c.obj
[743/1051] Building C object esp-idf/mbedtls/mbedtls/library/CMakeFiles/mbedtls.dir/ssl_tls12_server.c.obj
[744/1051] Building C object esp-idf/mbedtls/mbedtls/library/CMakeFiles/mbedcrypto.dir/hmac_drbg.c.obj
[860/1051] Building C object esp-idf/efuse/CMakeFiles/__idf_efuse.dir/src/esp_efuse_startup.c.obj
[861/1051] Building C object esp-idf/mbedtls/CMakeFiles/__idf_mbedtls.dir/esp_crt_bundle/esp_crt_bundle.c.obj
[862/1051] Linking C static library esp-idf/mbedtls/libmbedtls.a
[829/1051] Linking CXX static library esp-idf/mbedtls/mbedtls/library/libmbedcrypto.a
[745/1051] Building C object esp-idf/mbedtls/mbedtls/library/CMakeFiles/mbedcrypto.dir/entropy.c.obj
[863/1051] Building C object esp-idf/console/CMakeFiles/__idf_console.dir/split_argv.c.obj
[746/1051] Building C object esp-idf/mbedtls/mbedtls/library/CMakeFiles/mbedcrypto.dir/lms.c.obj
[944/1051] Linking C static library esp-idf/xtensa/libxtensa.a
[400/1051] Building C object esp-idf/freertos/CMakeFiles/__idf_freertos.dir/FreeRTOS-Kernel/portable/xtensa/xtensa_init.c.obj
[864/1051] Building C object esp-idf/esp_partition/CMakeFiles/__idf_esp_partition.dir/partition_target.c.obj
[747/1051] Building C object esp-idf/mbedtls/mbedtls/library/CMakeFiles/mbedcrypto.dir/cmac.c.obj
[865/1051] Building C object esp-idf/esp_pm/CMakeFiles/__idf_esp_pm.dir/pm_impl.c.obj
[842/1051] Building C object esp-idf/efuse/CMakeFiles/__idf_efuse.dir/esp32s3/esp_efuse_rtc_calib.c.obj
[401/1051] Building CXX object esp-idf/nvs_flash/CMakeFiles/__idf_nvs_flash.dir/src/nvs_item_hash_list.cpp.obj
[862/1051] Building C object esp-idf/console/CMakeFiles/__idf_console.dir/argtable3/arg_cmd.c.obj
[935/1051] Linking C static library esp-idf/xtensa/libxtensa.a
[748/1051] Building C object esp-idf/mbedtls/mbedtls/library/CMakeFiles/mbedcrypto.dir/padlock.c.obj
[946/1051] Building C object esp-idf/esp_lcd/CMakeFiles/__idf_esp_lcd.dir/src/esp_lcd_panel_ops.c.obj
[402/1051] Building C object esp-idf/freertos/CMakeFiles/__idf_freertos.dir/port_systick.c.obj
[843/1051] Building C object esp-idf/esp_security/CMakeFiles/__idf_esp_security.dir/src/init.c.obj
[866/1051] Building C object esp-idf/console/CMakeFiles/__idf_console.dir/argtable3/arg_date.c.obj
[945/1051] Building C object esp-idf/esp_lcd/CMakeFiles/__idf_esp_lcd.dir/i2c/esp_lcd_panel_io_i2c_v1.c.obj
[403/1051] Building C object esp-idf/freertos/CMakeFiles/__idf_freertos.dir/FreeRTOS-Kernel/timers.c.obj
[863/1051] Building C object esp-idf/console/CMakeFiles/__idf_console.dir/split_argv.c.obj
[864/1051] Building C object esp-idf/esp_app_format/CMakeFiles/__idf_esp_app_format.dir/esp_app_desc.c.obj
[867/1051] Building C object esp-idf/console/CMakeFiles/__idf_console.dir/argtable3/arg_dbl.c.obj
[947/1051] Building C object esp-idf/esp_eth/CMakeFiles/__idf_esp_eth.dir/src/phy/esp_eth_phy_802_3.c.obj
[946/1051] Building C object esp-idf/esp_driver_touch_sens/CMakeFiles/__idf_esp_driver_touch_sens.dir/common/touch_sens_common.c.obj
[868/1051] Building C object esp-idf/xtensa/CMakeFiles/__idf_xtensa.dir/xtensa_intr.c.obj
[865/1051] Building C object esp-idf/console/CMakeFiles/__idf_console.dir/commands.c.obj
[844/1051] Building C object esp-idf/esp_pm/CMakeFiles/__idf_esp_pm.dir/pm_locks.c.obj
[845/1051] Building C object esp-idf/efuse/CMakeFiles/__idf_efuse.dir/esp32s3/esp_efuse_fields.c.obj
[947/1051] Building C object esp-idf/esp_local_ctrl/CMakeFiles/__idf_esp_local_ctrl.dir/src/esp_local_ctrl_transport_httpd.c.obj
[866/1051] Linking C static library esp-idf/mbedtls/libmbedtls.a
[830/1051] Linking CXX static library esp-idf/mbedtls/mbedtls/3rdparty/p256-m/libp256m.a
[869/1051] Building C object esp-idf/efuse/CMakeFiles/__idf_efuse.dir/src/efuse_controller/keys/with_key_purposes/esp_efuse_api_key.c.obj
[749/1051] Building C object esp-idf/mbedtls/mbedtls/library/CMakeFiles/mbedcrypto.dir/memory_buffer_alloc.c.obj
[750/1051] Building C object esp-idf/mbedtls/mbedtls/library/CMakeFiles/mbedcrypto.dir/error.c.obj
[870/1051] Linking C static library esp-idf/esp_pm/libesp_pm.a
[846/1051] Building C object esp-idf/efuse/CMakeFiles/__idf_efuse.dir/src/efuse_controller/keys/with_key_purposes/esp_efuse_api_key.c.obj
[834/1051] Building ASM object esp-idf/mbedtls/CMakeFiles/__idf_mbedtls.dir/__/__/x509_crt_bundle.S.obj
[751/1051] Building C object esp-idf/mbedtls/mbedtls/library/CMakeFiles/mbedcrypto.dir/nist_kw.c.obj
[847/1051] Building C object esp-idf/esp_partition/CMakeFiles/__idf_esp_partition.dir/partition_target.c.obj
[835/1051] Building C object esp-idf/esp_pm/CMakeFiles/__idf_esp_pm.dir/pm_impl.c.obj
[867/1051] Building C object esp-idf/efuse/CMakeFiles/__idf_efuse.dir/src/efuse_controller/keys/with_key_purposes/esp_efuse_api_key.c.obj
[836/1051] Building C object esp-idf/esp_security/CMakeFiles/__idf_esp_security.dir/src/esp_hmac.c.obj
[948/1051] Building C object esp-idf/esp_hid/CMakeFiles/__idf_esp_hid.dir/src/esp_hidh.c.obj
[898/1049] Building C object esp-idf/protocomm/CMakeFiles/__idf_protocomm.dir/proto-c/sec1.pb-c.c.obj
[868/1051] Building C object esp-idf/efuse/CMakeFiles/__idf_efuse.dir/src/esp_efuse_utility.c.obj
[848/1051] Building C object esp-idf/efuse/CMakeFiles/__idf_efuse.dir/esp32s3/esp_efuse_utility.c.obj
[837/1051] Building C object esp-idf/efuse/CMakeFiles/__idf_efuse.dir/esp32s3/esp_efuse_table.c.obj
[899/1049] Building C object esp-idf/esp_https_server/CMakeFiles/__idf_esp_https_server.dir/src/https_server.c.obj
[949/1051] Building C object esp-idf/esp_eth/CMakeFiles/__idf_esp_eth.dir/src/esp_eth.c.obj
[869/1051] Building C object esp-idf/xtensa/CMakeFiles/__idf_xtensa.dir/xtensa_intr.c.obj
[849/1051] Building C object esp-idf/esp_security/CMakeFiles/__idf_esp_security.dir/src/esp_hmac.c.obj
[870/1051] Building C object esp-idf/esp_driver_gpio/CMakeFiles/__idf_esp_driver_gpio.dir/src/gpio.c.obj
[838/1051] Building C object esp-idf/esp_security/CMakeFiles/__idf_esp_security.dir/src/esp_crypto_lock.c.obj
[839/1051] Building C object esp-idf/esp_pm/CMakeFiles/__idf_esp_pm.dir/pm_trace.c.obj
[752/1051] Building C object esp-idf/mbedtls/mbedtls/library/CMakeFiles/mbedx509.dir/x509.c.obj
[753/1051] Building C object esp-idf/mbedtls/mbedtls/library/CMakeFiles/mbedcrypto.dir/ecdsa.c.obj
[948/1051] Linking C static library esp-idf/esp_https_server/libesp_https_server.a
[871/1051] Building C object esp-idf/esp_driver_gpio/CMakeFiles/__idf_esp_driver_gpio.dir/src/rtc_io.c.obj
[936/1051] Building C object esp-idf/esp_lcd/CMakeFiles/__idf_esp_lcd.dir/src/esp_lcd_common.c.obj
[900/1049] Building C object esp-idf/protocomm/CMakeFiles/__idf_protocomm.dir/src/crypto/srp6a/esp_srp_mpi.c.obj
[754/1051] Building C object esp-idf/mbedtls/mbedtls/library/CMakeFiles/mbedcrypto.dir/md5.c.obj
[950/1051] Building CXX object esp-idf/wear_levelling/CMakeFiles/__idf_wear_levelling.dir/WL_Flash.cpp.obj
[949/1051] Linking C static library esp-idf/unity/libunity.a
[404/1051] Building C object esp-idf/esp_hw_support/CMakeFiles/__idf_esp_hw_support.dir/esp_memory_utils.c.obj
[872/1051] Building C object esp-idf/console/CMakeFiles/__idf_console.dir/argtable3/arg_cmd.c.obj
[871/1051] Building C object esp-idf/esp_pm/CMakeFiles/__idf_esp_pm.dir/pm_impl.c.obj
[840/1051] Building C object esp-idf/esp_driver_gpio/CMakeFiles/__idf_esp_driver_gpio.dir/src/gpio_glitch_filter_ops.c.obj
[951/1051] Building C object esp-idf/esp_driver_touch_sens/CMakeFiles/__idf_esp_driver_touch_sens.dir/hw_ver2/touch_version_specific.c.obj
[950/1051] Linking C static library esp-idf/protobuf-c/libprotobuf-c.a
[937/1051] Building C object esp-idf/esp_lcd/CMakeFiles/__idf_esp_lcd.dir/src/esp_lcd_panel_io.c.obj
[952/1051] Building C object esp-idf/esp_lcd/CMakeFiles/__idf_esp_lcd.dir/i2c/esp_lcd_panel_io_i2c_v2.c.obj
[831/1051] Linking CXX static library esp-idf/mbedtls/mbedtls/3rdparty/everest/libeverest.a
[850/1051] Building C object esp-idf/xtensa/CMakeFiles/__idf_xtensa.dir/eri.c.obj
[901/1049] Building CXX object esp-idf/wear_levelling/CMakeFiles/__idf_wear_levelling.dir/Partition.cpp.obj
[755/1051] Building C object esp-idf/mbedtls/mbedtls/library/CMakeFiles/mbedcrypto.dir/pkcs12.c.obj
[953/1051] Building C object esp-idf/esp_lcd/CMakeFiles/__idf_esp_lcd.dir/src/esp_lcd_panel_ssd1306.c.obj
[938/1051] Linking C static library esp-idf/console/libconsole.a
[951/1051] Linking C static library esp-idf/console/libconsole.a
[841/1051] Building C object esp-idf/esp_pm/CMakeFiles/__idf_esp_pm.dir/pm_locks.c.obj
[851/1051] Building C object esp-idf/xtensa/CMakeFiles/__idf_xtensa.dir/xt_trax.c.obj
[405/1051] Building C object esp-idf/freertos/CMakeFiles/__idf_freertos.dir/FreeRTOS-Kernel/portable/xtensa/xtensa_overlay_os_hook.c.obj
[873/1051] Building C object esp-idf/esp_partition/CMakeFiles/__idf_esp_partition.dir/partition.c.obj
[954/1051] Building C object esp-idf/esp_driver_touch_sens/CMakeFiles/__idf_esp_driver_touch_sens.dir/common/touch_sens_common.c.obj
[902/1049] Building C object esp-idf/console/CMakeFiles/__idf_console.dir/argtable3/argtable3.c.obj
[874/1051] Building C object esp-idf/console/CMakeFiles/__idf_console.dir/esp_console_repl_internal.c.obj
[406/1051] Building C object esp-idf/esp_hw_support/CMakeFiles/__idf_esp_hw_support.dir/port/esp32s3/cpu_region_protect.c.obj
[852/1051] Building C object esp-idf/efuse/CMakeFiles/__idf_efuse.dir/src/esp_efuse_fields.c.obj
[955/1051] Building C object esp-idf/esp_driver_cam/CMakeFiles/__idf_esp_driver_cam.dir/dvp/src/esp_cam_ctlr_dvp_cam.c.obj
[956/1051] Building C object esp-idf/espcoredump/CMakeFiles/__idf_espcoredump.dir/src/core_dump_flash.c.obj
[903/1049] Building C object esp-idf/esp_driver_gpio/CMakeFiles/__idf_esp_driver_gpio.dir/src/gpio.c.obj
[872/1051] Building C object esp-idf/esp_driver_gpio/CMakeFiles/__idf_esp_driver_gpio.dir/src/rtc_io.c.obj
[842/1051] Building C object esp-idf/efuse/CMakeFiles/__idf_efuse.dir/src/esp_efuse_api.c.obj
[957/1051] Building C object esp-idf/esp_lcd/CMakeFiles/__idf_esp_lcd.dir/src/esp_lcd_panel_nt35510.c.obj
[875/1051] Building C object esp-idf/console/CMakeFiles/__idf_console.dir/esp_console_repl_chip.c.obj
[904/1049] Building C object esp-idf/console/CMakeFiles/__idf_console.dir/linenoise/linenoise.c.obj
[952/1051] Building C object esp-idf/espcoredump/CMakeFiles/__idf_espcoredump.dir/src/core_dump_init.c.obj
[853/1051] Building ASM object esp-idf/xtensa/CMakeFiles/__idf_xtensa.dir/xtensa_context.S.obj
[939/1051] Linking C static library esp-idf/unity/libunity.a
[843/1051] Building C object esp-idf/efuse/CMakeFiles/__idf_efuse.dir/src/esp_efuse_fields.c.obj
[953/1051] Building C object esp-idf/esp_lcd/CMakeFiles/__idf_esp_lcd.dir/i80/esp_lcd_panel_io_i80.c.obj
[905/1049] Building C object esp-idf/protocomm/CMakeFiles/__idf_protocomm.dir/src/common/protocomm.c.obj
[876/1051] Building C object esp-idf/console/CMakeFiles/__idf_console.dir/argtable3/arg_end.c.obj
[906/1049] Building CXX object esp-idf/wear_levelling/CMakeFiles/__idf_wear_levelling.dir/crc32.cpp.obj
[907/1049] Building C object esp-idf/protocomm/CMakeFiles/__idf_protocomm.dir/proto-c/sec2.pb-c.c.obj
[954/1051] Building C object esp-idf/esp_lcd/CMakeFiles/__idf_esp_lcd.dir/src/esp_lcd_panel_st7789.c.obj
[854/1051] Building C object esp-idf/esp_driver_gpio/CMakeFiles/__idf_esp_driver_gpio.dir/src/gpio_pin_glitch_filter.c.obj
[873/1051] Building C object esp-idf/console/CMakeFiles/__idf_console.dir/argtable3/arg_dstr.c.obj
[958/1051] Building C object esp-idf/esp_lcd/CMakeFiles/__idf_esp_lcd.dir/src/esp_lcd_panel_st7789.c.obj
[874/1051] Building C object esp-idf/efuse/CMakeFiles/__idf_efuse.dir/src/esp_efuse_api.c.obj
[959/1051] Building C object esp-idf/json/CMakeFiles/__idf_json.dir/cJSON/cJSON.c.obj
[407/1051] Building C object esp-idf/esp_hw_support/CMakeFiles/__idf_esp_hw_support.dir/port/esp32s3/esp_cpu_intr.c.obj
[908/1049] Building C object esp-idf/protocomm/CMakeFiles/__idf_protocomm.dir/src/transports/protocomm_console.c.obj
[875/1051] Linking C static library esp-idf/esp_pm/libesp_pm.a
[955/1051] Building C object esp-idf/espcoredump/CMakeFiles/__idf_espcoredump.dir/src/core_dump_uart.c.obj
[408/1051] Building CXX object esp-idf/nvs_flash/CMakeFiles/__idf_nvs_flash.dir/src/nvs_cxx_api.cpp.obj
[855/1051] Building C object esp-idf/esp_bootloader_format/CMakeFiles/__idf_esp_bootloader_format.dir/esp_bootloader_desc.c.obj
[940/1051] Building C object esp-idf/esp_eth/CMakeFiles/__idf_esp_eth.dir/src/esp_eth_netif_glue.c.obj
[960/1051] Building C object esp-idf/espcoredump/CMakeFiles/__idf_espcoredump.dir/src/core_dump_init.c.obj
[956/1051] Building C object esp-idf/espcoredump/CMakeFiles/__idf_espcoredump.dir/src/core_dump_flash.c.obj
[877/1051] Building C object esp-idf/console/CMakeFiles/__idf_console.dir/esp_console_common.c.obj
[961/1051] Building C object esp-idf/espcoredump/CMakeFiles/__idf_espcoredump.dir/src/core_dump_uart.c.obj
[856/1051] Building C object esp-idf/app_update/CMakeFiles/__idf_app_update.dir/esp_ota_app_desc.c.obj
[941/1051] Linking C static library esp-idf/esp_https_server/libesp_https_server.a
[962/1051] Building C object esp-idf/espcoredump/CMakeFiles/__idf_espcoredump.dir/src/core_dump_elf.c.obj
[409/1051] Building C object esp-idf/freertos/CMakeFiles/__idf_freertos.dir/FreeRTOS-Kernel/event_groups.c.obj
[756/1051] Building C object esp-idf/mbedtls/mbedtls/library/CMakeFiles/mbedcrypto.dir/pk_ecc.c.obj
[963/1051] Building C object esp-idf/esp_lcd/CMakeFiles/__idf_esp_lcd.dir/i2c/esp_lcd_panel_io_i2c_v1.c.obj
[957/1051] Building C object esp-idf/espcoredump/CMakeFiles/__idf_espcoredump.dir/src/core_dump_common.c.obj
[878/1051] Building C object esp-idf/console/CMakeFiles/__idf_console.dir/argtable3/arg_str.c.obj
[876/1051] Building C object esp-idf/console/CMakeFiles/__idf_console.dir/argtable3/arg_dbl.c.obj
[877/1051] Building C object esp-idf/console/CMakeFiles/__idf_console.dir/argtable3/arg_hashtable.c.obj
[410/1051] Building C object esp-idf/freertos/CMakeFiles/__idf_freertos.dir/FreeRTOS-Kernel/portable/xtensa/port.c.obj
[844/1051] Building C object esp-idf/efuse/CMakeFiles/__idf_efuse.dir/esp32s3/esp_efuse_fields.c.obj
[964/1051] Building C object esp-idf/espcoredump/CMakeFiles/__idf_espcoredump.dir/src/core_dump_common.c.obj
[958/1051] Building C object esp-idf/espcoredump/CMakeFiles/__idf_espcoredump.dir/src/core_dump_elf.c.obj
[411/1051] Building C object esp-idf/freertos/CMakeFiles/__idf_freertos.dir/esp_additions/idf_additions_event_groups.c.obj
[878/1051] Building C object esp-idf/console/CMakeFiles/__idf_console.dir/esp_console_common.c.obj
[965/1051] Building C object esp-idf/espcoredump/CMakeFiles/__idf_espcoredump.dir/src/port/xtensa/core_dump_port.c.obj
[966/1051] Building C object esp-idf/espcoredump/CMakeFiles/__idf_espcoredump.dir/src/core_dump_sha.c.obj
[857/1051] Building ASM object esp-idf/xtensa/CMakeFiles/__idf_xtensa.dir/xtensa_intr_asm.S.obj
[959/1051] Building C object esp-idf/espcoredump/CMakeFiles/__idf_espcoredump.dir/src/core_dump_sha.c.obj
[879/1051] Building C object esp-idf/console/CMakeFiles/__idf_console.dir/argtable3/arg_dstr.c.obj
[880/1051] Building C object esp-idf/console/CMakeFiles/__idf_console.dir/argtable3/arg_rem.c.obj
[909/1049] Building C object esp-idf/protocomm/CMakeFiles/__idf_protocomm.dir/src/transports/protocomm_httpd.c.obj
[960/1051] Building C object esp-idf/espcoredump/CMakeFiles/__idf_espcoredump.dir/src/port/xtensa/core_dump_port.c.obj
[881/1051] Building C object esp-idf/unity/CMakeFiles/__idf_unity.dir/unity_compat.c.obj
[412/1051] Generating uname_tinygo.o
[757/1051] Building C object esp-idf/mbedtls/mbedtls/library/CMakeFiles/mbedcrypto.dir/poly1305.c.obj
[942/1051] Building C object esp-idf/esp_hid/CMakeFiles/__idf_esp_hid.dir/src/esp_hid_common.c.obj
[910/1049] Linking C static library esp-idf/esp_driver_gpio/libesp_driver_gpio.a
[961/1051] Building C object esp-idf/esp_hid/CMakeFiles/__idf_esp_hid.dir/src/esp_hidh.c.obj
[943/1051] Building C object esp-idf/esp_driver_cam/CMakeFiles/__idf_esp_driver_cam.dir/dvp/src/esp_cam_ctlr_dvp_cam.c.obj
[858/1051] Building C object esp-idf/esp_security/CMakeFiles/__idf_esp_security.dir/src/esp_ds.c.obj
[962/1051] Building C object esp-idf/esp_lcd/CMakeFiles/__idf_esp_lcd.dir/src/esp_lcd_panel_nt35510.c.obj
[413/1051] Building C object esp-idf/freertos/CMakeFiles/__idf_freertos.dir/FreeRTOS-Kernel/stream_buffer.c.obj
[963/1051] Building C object esp-idf/esp_lcd/CMakeFiles/__idf_esp_lcd.dir/src/esp_lcd_panel_ssd1306.c.obj
[758/1051] Building C object esp-idf/mbedtls/mbedtls/library/CMakeFiles/mbedcrypto.dir/cipher.c.obj
[859/1051] Building C object esp-idf/efuse/CMakeFiles/__idf_efuse.dir/src/esp_efuse_startup.c.obj
[845/1051] Building C object esp-idf/esp_security/CMakeFiles/__idf_esp_security.dir/src/init.c.obj
[879/1051] Building C object esp-idf/console/CMakeFiles/__idf_console.dir/argtable3/arg_end.c.obj
[911/1049] Building C object esp-idf/cmock/CMakeFiles/__idf_cmock.dir/CMock/src/cmock.c.obj
[964/1051] Building C object esp-idf/esp_lcd/CMakeFiles/__idf_esp_lcd.dir/i2c/esp_lcd_panel_io_i2c_v2.c.obj
[967/1051] Linking C static library esp-idf/wear_levelling/libwear_levelling.a
[759/1051] Building C object esp-idf/mbedtls/mbedtls/library/CMakeFiles/mbedcrypto.dir/platform.c.obj
[882/1051] Building C object esp-idf/console/CMakeFiles/__idf_console.dir/argtable3/arg_file.c.obj
[846/1051] Building C object esp-idf/app_update/CMakeFiles/__idf_app_update.dir/esp_ota_app_desc.c.obj
[944/1051] Building C object esp-idf/esp_lcd/CMakeFiles/__idf_esp_lcd.dir/src/esp_lcd_panel_ops.c.obj
[912/1049] Building C object esp-idf/json/CMakeFiles/__idf_json.dir/cJSON/cJSON_Utils.c.obj
[883/1051] Building C object esp-idf/console/CMakeFiles/__idf_console.dir/argtable3/arg_lit.c.obj
[913/1049] Building C object esp-idf/console/CMakeFiles/__idf_console.dir/argtable3/arg_rex.c.obj
[414/1051] Building C object esp-idf/esp_hw_support/CMakeFiles/__idf_esp_hw_support.dir/cpu.c.obj
[880/1051] Building C object esp-idf/console/CMakeFiles/__idf_console.dir/argtable3/arg_rem.c.obj
[965/1051] Linking C static library esp-idf/protocomm/libprotocomm.a
[847/1051] Building C object esp-idf/efuse/CMakeFiles/__idf_efuse.dir/esp32s3/esp_efuse_rtc_calib.c.obj
[848/1051] Building C object esp-idf/mbedtls/CMakeFiles/__idf_mbedtls.dir/esp_crt_bundle/esp_crt_bundle.c.obj
[860/1051] Building ASM object esp-idf/xtensa/CMakeFiles/__idf_xtensa.dir/xtensa_vectors.S.obj
[829/1051] Linking CXX static library esp-idf/mbedtls/mbedtls/library/libmbedcrypto.a
[884/1051] Building C object esp-idf/console/CMakeFiles/__idf_console.dir/commands.c.obj
[881/1051] Building C object esp-idf/console/CMakeFiles/__idf_console.dir/argtable3/arg_file.c.obj
[966/1051] Linking C static library esp-idf/wear_levelling/libwear_levelling.a
[861/1051] Building C object esp-idf/esp_app_format/CMakeFiles/__idf_esp_app_format.dir/esp_app_desc.c.obj
[882/1051] Building C object esp-idf/console/CMakeFiles/__idf_console.dir/argtable3/arg_lit.c.obj
[914/1049] Building CXX object esp-idf/wear_levelling/CMakeFiles/__idf_wear_levelling.dir/SPI_Flash.cpp.obj
[967/1051] Building C object esp-idf/esp_lcd/CMakeFiles/__idf_esp_lcd.dir/spi/esp_lcd_panel_io_spi.c.obj
[885/1051] Building C object esp-idf/console/CMakeFiles/__idf_console.dir/argtable3/arg_utils.c.obj
[415/1051] Building C object esp-idf/freertos/CMakeFiles/__idf_freertos.dir/esp_additions/idf_additions.c.obj
[849/1051] Building C object esp-idf/xtensa/CMakeFiles/__idf_xtensa.dir/eri.c.obj
[883/1051] Linking C static library esp-idf/esp_driver_gpio/libesp_driver_gpio.a
[968/1051] Building C object esp-idf/esp_eth/CMakeFiles/__idf_esp_eth.dir/src/esp_eth.c.obj
[760/1051] Building C object esp-idf/mbedtls/mbedtls/library/CMakeFiles/mbedcrypto.dir/platform_util.c.obj
[915/1049] Linking C static library esp-idf/esp_security/libesp_security.a
[862/1051] Building C object esp-idf/efuse/CMakeFiles/__idf_efuse.dir/src/esp_efuse_api.c.obj
[968/1051] Linking C static library esp-idf/json/libjson.a
[884/1051] Building C object esp-idf/console/CMakeFiles/__idf_console.dir/esp_console_repl_chip.c.obj
[850/1051] Building C object esp-idf/esp_bootloader_format/CMakeFiles/__idf_esp_bootloader_format.dir/esp_bootloader_desc.c.obj
[969/1051] Building C object esp-idf/fatfs/CMakeFiles/__idf_fatfs.dir/src/ffunicode.c.obj
[851/1051] Linking C static library esp-idf/mbedtls/libmbedtls.a
[416/1051] Building C object esp-idf/esp_hw_support/CMakeFiles/__idf_esp_hw_support.dir/revision.c.obj
[916/1049] Building CXX object esp-idf/wear_levelling/CMakeFiles/__idf_wear_levelling.dir/WL_Ext_Perf.cpp.obj
[885/1051] Building C object esp-idf/console/CMakeFiles/__idf_console.dir/argtable3/arg_int.c.obj
[852/1051] Building C object esp-idf/efuse/CMakeFiles/__idf_efuse.dir/esp32s3/esp_efuse_utility.c.obj
[945/1051] Building C object esp-idf/esp_lcd/CMakeFiles/__idf_esp_lcd.dir/src/esp_lcd_panel_nt35510.c.obj
[830/1051] Linking CXX static library esp-idf/mbedtls/mbedtls/3rdparty/p256-m/libp256m.a
[886/1051] Building C object esp-idf/console/CMakeFiles/__idf_console.dir/argtable3/arg_str.c.obj
[863/1051] Building C object esp-idf/esp_pm/CMakeFiles/__idf_esp_pm.dir/pm_impl.c.obj
[417/1051] Building C object esp-idf/esp_hw_support/CMakeFiles/__idf_esp_hw_support.dir/hw_random.c.obj
[886/1051] Building C object esp-idf/console/CMakeFiles/__idf_console.dir/argtable3/arg_hashtable.c.obj
[887/1051] Building C object esp-idf/console/CMakeFiles/__idf_console.dir/argtable3/arg_utils.c.obj
[970/1051] Building C object esp-idf/esp_local_ctrl/CMakeFiles/__idf_esp_local_ctrl.dir/src/esp_local_ctrl.c.obj
[761/1051] Building C object esp-idf/mbedtls/mbedtls/library/CMakeFiles/mbedcrypto.dir/pem.c.obj
[418/1051] Building C object esp-idf/esp_hw_support/CMakeFiles/__idf_esp_hw_support.dir/clk_ctrl_os.c.obj
[887/1051] Building C object esp-idf/console/CMakeFiles/__idf_console.dir/argtable3/arg_int.c.obj
[971/1051] Building C object esp-idf/fatfs/CMakeFiles/__idf_fatfs.dir/diskio/diskio_sdmmc.c.obj
[888/1051] Building C object esp-idf/console/CMakeFiles/__idf_console.dir/argtable3/arg_rex.c.obj
[917/1049] Building C object esp-idf/protocomm/CMakeFiles/__idf_protocomm.dir/src/crypto/srp6a/esp_srp.c.obj
[946/1051] Building C object esp-idf/esp_lcd/CMakeFiles/__idf_esp_lcd.dir/src/esp_lcd_panel_ssd1306.c.obj
[419/1051] Building C object esp-idf/esp_hw_support/CMakeFiles/__idf_esp_hw_support.dir/esp_gpio_reserve.c.obj
[853/1051] Building ASM object esp-idf/xtensa/CMakeFiles/__idf_xtensa.dir/xtensa_intr_asm.S.obj
[864/1051] Building C object esp-idf/esp_driver_gpio/CMakeFiles/__idf_esp_driver_gpio.dir/src/dedic_gpio.c.obj
[865/1051] Building C object esp-idf/efuse/CMakeFiles/__idf_efuse.dir/src/esp_efuse_utility.c.obj
[918/1049] Building C object esp-idf/esp_driver_cam/CMakeFiles/__idf_esp_driver_cam.dir/dvp_share_ctrl.c.obj
[947/1051] Building C object esp-idf/protobuf-c/CMakeFiles/__idf_protobuf-c.dir/protobuf-c/protobuf-c/protobuf-c.c.obj
[889/1051] Building C object esp-idf/unity/CMakeFiles/__idf_unity.dir/port/esp/unity_utils_memory_esp.c.obj
[854/1051] Building C object esp-idf/esp_security/CMakeFiles/__idf_esp_security.dir/src/esp_crypto_periph_clk.c.obj
[948/1051] Building C object esp-idf/esp_hid/CMakeFiles/__idf_esp_hid.dir/src/esp_hidh.c.obj
[890/1051] Building C object esp-idf/app_update/CMakeFiles/__idf_app_update.dir/esp_ota_ops.c.obj
[855/1051] Building C object esp-idf/efuse/CMakeFiles/__idf_efuse.dir/src/esp_efuse_startup.c.obj
[891/1051] Building C object esp-idf/unity/CMakeFiles/__idf_unity.dir/unity_compat.c.obj
[856/1051] Building ASM object esp-idf/xtensa/CMakeFiles/__idf_xtensa.dir/xtensa_context.S.obj
[888/1051] Building C object esp-idf/protocomm/CMakeFiles/__idf_protocomm.dir/proto-c/constants.pb-c.c.obj
[866/1051] Building C object esp-idf/console/CMakeFiles/__idf_console.dir/split_argv.c.obj
[972/1051] Building C object esp-idf/esp_eth/CMakeFiles/__idf_esp_eth.dir/src/phy/esp_eth_phy_802_3.c.obj
[831/1051] Linking CXX static library esp-idf/mbedtls/mbedtls/3rdparty/everest/libeverest.a
[420/1051] Building C object esp-idf/freertos/CMakeFiles/__idf_freertos.dir/FreeRTOS-Kernel/queue.c.obj
[969/1051] Building C object esp-idf/fatfs/CMakeFiles/__idf_fatfs.dir/diskio/diskio_rawflash.c.obj
[919/1049] Linking C static library esp-idf/efuse/libefuse.a
[857/1051] Linking C static library esp-idf/esp_pm/libesp_pm.a
[892/1051] Linking C static library esp-idf/esp_security/libesp_security.a
[762/1051] Building C object esp-idf/mbedtls/mbedtls/library/CMakeFiles/mbedcrypto.dir/pk_wrap.c.obj
[920/1049] Building CXX object esp-idf/wear_levelling/CMakeFiles/__idf_wear_levelling.dir/WL_Ext_Safe.cpp.obj
[949/1051] Building CXX object esp-idf/wear_levelling/CMakeFiles/__idf_wear_levelling.dir/WL_Flash.cpp.obj
[867/1051] Building C object esp-idf/xtensa/CMakeFiles/__idf_xtensa.dir/xtensa_intr.c.obj
[889/1051] Building C object esp-idf/unity/CMakeFiles/__idf_unity.dir/unity_utils_freertos.c.obj
[973/1051] Building C object esp-idf/fatfs/CMakeFiles/__idf_fatfs.dir/diskio/diskio_rawflash.c.obj
[974/1051] Building C object esp-idf/esp_local_ctrl/CMakeFiles/__idf_esp_local_ctrl.dir/src/esp_local_ctrl_handler.c.obj
[893/1051] Building C object esp-idf/protocomm/CMakeFiles/__idf_protocomm.dir/proto-c/constants.pb-c.c.obj
[763/1051] Building C object esp-idf/mbedtls/mbedtls/library/CMakeFiles/mbedcrypto.dir/psa_crypto_client.c.obj
[890/1051] Building C object esp-idf/protocomm/CMakeFiles/__idf_protocomm.dir/proto-c/sec0.pb-c.c.obj
[868/1051] Building C object esp-idf/esp_driver_gpio/CMakeFiles/__idf_esp_driver_gpio.dir/src/rtc_io.c.obj
[858/1051] Building C object esp-idf/esp_security/CMakeFiles/__idf_esp_security.dir/src/esp_ds.c.obj
[894/1051] Building C object esp-idf/unity/CMakeFiles/__idf_unity.dir/unity_port_esp32.c.obj
[975/1051] Building C object esp-idf/mqtt/CMakeFiles/__idf_mqtt.dir/esp-mqtt/lib/mqtt_outbox.c.obj
[921/1049] Building C object esp-idf/app_trace/CMakeFiles/__idf_app_trace.dir/host_file_io.c.obj
[869/1051] Building C object esp-idf/esp_partition/CMakeFiles/__idf_esp_partition.dir/partition.c.obj
[764/1051] Building C object esp-idf/mbedtls/mbedtls/library/CMakeFiles/mbedcrypto.dir/md.c.obj
[950/1051] Building C object esp-idf/esp_eth/CMakeFiles/__idf_esp_eth.dir/src/esp_eth.c.obj
[970/1051] Building C object esp-idf/fatfs/CMakeFiles/__idf_fatfs.dir/diskio/diskio_sdmmc.c.obj
[870/1051] Linking C static library esp-idf/esp_pm/libesp_pm.a
[859/1051] Building ASM object esp-idf/xtensa/CMakeFiles/__idf_xtensa.dir/xtensa_vectors.S.obj
[976/1051] Building C object esp-idf/json/CMakeFiles/__idf_json.dir/cJSON/cJSON.c.obj
[895/1051] Building C object esp-idf/unity/CMakeFiles/__idf_unity.dir/unity_utils_memory.c.obj
[871/1051] Building C object esp-idf/console/CMakeFiles/__idf_console.dir/esp_console_common.c.obj
[977/1051] Building C object esp-idf/esp_local_ctrl/CMakeFiles/__idf_esp_local_ctrl.dir/proto-c/esp_local_ctrl.pb-c.c.obj
[951/1051] Building C object esp-idf/espcoredump/CMakeFiles/__idf_espcoredump.dir/src/core_dump_init.c.obj
[952/1051] Linking C static library esp-idf/protobuf-c/libprotobuf-c.a
[860/1051] Building C object esp-idf/esp_driver_gpio/CMakeFiles/__idf_esp_driver_gpio.dir/src/gpio_pin_glitch_filter.c.obj
[421/1051] Building C object esp-idf/esp_hw_support/CMakeFiles/__idf_esp_hw_support.dir/esp_clk.c.obj
[953/1051] Building C object esp-idf/espcoredump/CMakeFiles/__idf_espcoredump.dir/src/core_dump_common.c.obj
[896/1051] Building C object esp-idf/unity/CMakeFiles/__idf_unity.dir/unity_utils_freertos.c.obj
[971/1051] Building C object esp-idf/esp_local_ctrl/CMakeFiles/__idf_esp_local_ctrl.dir/src/esp_local_ctrl.c.obj
[922/1049] Linking C static library esp-idf/esp_partition/libesp_partition.a
[872/1051] Building C object esp-idf/console/CMakeFiles/__idf_console.dir/commands.c.obj
[972/1051] Building C object esp-idf/esp_local_ctrl/CMakeFiles/__idf_esp_local_ctrl.dir/src/esp_local_ctrl_handler.c.obj
[765/1051] Building C object esp-idf/mbedtls/mbedtls/library/CMakeFiles/mbedcrypto.dir/psa_crypto_pake.c.obj
[923/1049] Building CXX object esp-idf/wear_levelling/CMakeFiles/__idf_wear_levelling.dir/wear_levelling.cpp.obj
[978/1051] Building C object esp-idf/nvs_sec_provider/CMakeFiles/__idf_nvs_sec_provider.dir/nvs_sec_provider.c.obj
[954/1051] Building C object esp-idf/esp_lcd/CMakeFiles/__idf_esp_lcd.dir/src/esp_lcd_panel_st7789.c.obj
[861/1051] Building C object esp-idf/xtensa/CMakeFiles/__idf_xtensa.dir/xt_trax.c.obj
[873/1051] Building C object esp-idf/console/CMakeFiles/__idf_console.dir/argtable3/arg_dstr.c.obj
[955/1051] Building C object esp-idf/esp_driver_touch_sens/CMakeFiles/__idf_esp_driver_touch_sens.dir/hw_ver2/touch_version_specific.c.obj
[862/1051] Building C object esp-idf/esp_app_format/CMakeFiles/__idf_esp_app_format.dir/esp_app_desc.c.obj
[874/1051] Building C object esp-idf/console/CMakeFiles/__idf_console.dir/argtable3/arg_end.c.obj
[973/1051] Building C object esp-idf/esp_local_ctrl/CMakeFiles/__idf_esp_local_ctrl.dir/src/esp_local_ctrl_transport_httpd.c.obj
[766/1051] Building C object esp-idf/mbedtls/mbedtls/library/CMakeFiles/mbedcrypto.dir/gcm.c.obj
[924/1049] Building C object esp-idf/esp_eth/CMakeFiles/__idf_esp_eth.dir/src/esp_eth_netif_glue.c.obj
[956/1051] Building C object esp-idf/esp_local_ctrl/CMakeFiles/__idf_esp_local_ctrl.dir/src/esp_local_ctrl_handler.c.obj
[891/1051] Building C object esp-idf/unity/CMakeFiles/__idf_unity.dir/unity/src/unity.c.obj
[767/1051] Building C object esp-idf/mbedtls/mbedtls/library/CMakeFiles/mbedcrypto.dir/pkcs5.c.obj
[897/1051] Building C object esp-idf/protocomm/CMakeFiles/__idf_protocomm.dir/proto-c/sec0.pb-c.c.obj
[875/1051] Building C object esp-idf/console/CMakeFiles/__idf_console.dir/argtable3/arg_dbl.c.obj
[979/1051] Linking C static library esp-idf/json/libjson.a
[957/1051] Building C object esp-idf/espcoredump/CMakeFiles/__idf_espcoredump.dir/src/core_dump_flash.c.obj
[768/1051] Building C object esp-idf/mbedtls/mbedtls/library/CMakeFiles/mbedcrypto.dir/psa_crypto_aead.c.obj
[974/1051] Building C object esp-idf/esp_local_ctrl/CMakeFiles/__idf_esp_local_ctrl.dir/proto-c/esp_local_ctrl.pb-c.c.obj
[980/1051] Building C object esp-idf/perfmon/CMakeFiles/__idf_perfmon.dir/xtensa_perfmon_masks.c.obj
[898/1051] Building C object esp-idf/unity/CMakeFiles/__idf_unity.dir/unity_runner.c.obj
[925/1049] Building C object esp-idf/app_trace/CMakeFiles/__idf_app_trace.dir/app_trace_util.c.obj
[863/1051] Building C object esp-idf/efuse/CMakeFiles/__idf_efuse.dir/src/esp_efuse_utility.c.obj
[899/1051] Building C object esp-idf/protocomm/CMakeFiles/__idf_protocomm.dir/proto-c/sec2.pb-c.c.obj
[958/1051] Building C object esp-idf/espcoredump/CMakeFiles/__idf_espcoredump.dir/src/core_dump_uart.c.obj
[892/1051] Building C object esp-idf/unity/CMakeFiles/__idf_unity.dir/unity_port_esp32.c.obj
[959/1051] Building C object esp-idf/espcoredump/CMakeFiles/__idf_espcoredump.dir/src/core_dump_sha.c.obj
[981/1051] Building C object esp-idf/rt/CMakeFiles/__idf_rt.dir/FreeRTOS_POSIX_utils.c.obj
[975/1051] Building C object esp-idf/fatfs/CMakeFiles/__idf_fatfs.dir/diskio/diskio.c.obj
[926/1049] Building C object esp-idf/unity/CMakeFiles/__idf_unity.dir/unity/src/unity.c.obj
[900/1051] Building C object esp-idf/protocomm/CMakeFiles/__idf_protocomm.dir/src/transports/protocomm_httpd.c.obj
[893/1051] Building C object esp-idf/unity/CMakeFiles/__idf_unity.dir/unity_utils_cache.c.obj
[901/1051] Building C object esp-idf/console/CMakeFiles/__idf_console.dir/argtable3/arg_date.c.obj
[982/1051] Building C object esp-idf/fatfs/CMakeFiles/__idf_fatfs.dir/diskio/diskio.c.obj
[960/1051] Building C object esp-idf/espcoredump/CMakeFiles/__idf_espcoredump.dir/src/core_dump_elf.c.obj
[976/1051] Building C object esp-idf/fatfs/CMakeFiles/__idf_fatfs.dir/port/freertos/ffsystem.c.obj
[902/1051] Linking C static library esp-idf/efuse/libefuse.a
[894/1051] Building C object esp-idf/unity/CMakeFiles/__idf_unity.dir/unity_utils_memory.c.obj
[769/1051] Building C object esp-idf/mbedtls/mbedtls/library/CMakeFiles/mbedcrypto.dir/pkwrite.c.obj
[927/1049] Building C object esp-idf/esp_driver_cam/CMakeFiles/__idf_esp_driver_cam.dir/esp_cam_ctlr.c.obj
[422/1051] Building C object esp-idf/esp_hw_support/CMakeFiles/__idf_esp_hw_support.dir/mac_addr.c.obj
[961/1051] Linking C static library esp-idf/protocomm/libprotocomm.a
[962/1051] Building C object esp-idf/espcoredump/CMakeFiles/__idf_espcoredump.dir/src/port/xtensa/core_dump_port.c.obj
[928/1049] Linking C static library esp-idf/app_update/libapp_update.a
[423/1051] Building C object esp-idf/esp_hw_support/CMakeFiles/__idf_esp_hw_support.dir/port/esp32s3/io_mux.c.obj
[977/1051] Building C object esp-idf/fatfs/CMakeFiles/__idf_fatfs.dir/src/ffunicode.c.obj
[770/1051] Building C object esp-idf/mbedtls/mbedtls/library/CMakeFiles/mbedx509.dir/x509_crt.c.obj
[903/1051] Building CXX object esp-idf/wear_levelling/CMakeFiles/__idf_wear_levelling.dir/Partition.cpp.obj
[929/1049] Building C object esp-idf/app_trace/CMakeFiles/__idf_app_trace.dir/port/port_uart.c.obj
[876/1051] Building C object esp-idf/console/CMakeFiles/__idf_console.dir/argtable3/arg_cmd.c.obj
[963/1051] Building C object esp-idf/esp_driver_touch_sens/CMakeFiles/__idf_esp_driver_touch_sens.dir/common/touch_sens_common.c.obj
[864/1051] Building C object esp-idf/esp_driver_gpio/CMakeFiles/__idf_esp_driver_gpio.dir/src/dedic_gpio.c.obj
[877/1051] Building C object esp-idf/console/CMakeFiles/__idf_console.dir/argtable3/arg_file.c.obj
[865/1051] Building C object esp-idf/console/CMakeFiles/__idf_console.dir/argtable3/arg_dbl.c.obj
[904/1051] Building CXX object esp-idf/wear_levelling/CMakeFiles/__idf_wear_levelling.dir/SPI_Flash.cpp.obj
[878/1051] Building C object esp-idf/console/CMakeFiles/__idf_console.dir/esp_console_repl_internal.c.obj
[964/1051] Building C object esp-idf/esp_lcd/CMakeFiles/__idf_esp_lcd.dir/i80/esp_lcd_panel_io_i80.c.obj
[866/1051] Building C object esp-idf/efuse/CMakeFiles/__idf_efuse.dir/src/efuse_controller/keys/with_key_purposes/esp_efuse_api_key.c.obj
[879/1051] Building C object esp-idf/console/CMakeFiles/__idf_console.dir/argtable3/arg_rem.c.obj
[930/1049] Building C object esp-idf/protocomm/CMakeFiles/__idf_protocomm.dir/src/security/security2.c.obj
[895/1051] Building C object esp-idf/unity/CMakeFiles/__idf_unity.dir/port/esp/unity_utils_memory_esp.c.obj
[905/1051] Building C object esp-idf/unity/CMakeFiles/__idf_unity.dir/unity_utils_cache.c.obj
[771/1051] Building C object esp-idf/mbedtls/mbedtls/library/CMakeFiles/mbedcrypto.dir/pk.c.obj
[931/1049] Building CXX object esp-idf/wear_levelling/CMakeFiles/__idf_wear_levelling.dir/WL_Flash.cpp.obj
[867/1051] Building C object esp-idf/esp_partition/CMakeFiles/__idf_esp_partition.dir/partition.c.obj
[906/1051] Linking C static library esp-idf/esp_partition/libesp_partition.a
[424/1051] Building CXX object esp-idf/nvs_flash/CMakeFiles/__idf_nvs_flash.dir/src/nvs_handle_simple.cpp.obj
[965/1051] Building C object esp-idf/fatfs/CMakeFiles/__idf_fatfs.dir/port/freertos/ffsystem.c.obj
[932/1049] Linking C static library esp-idf/esp_bootloader_format/libesp_bootloader_format.a
[868/1051] Building C object esp-idf/esp_partition/CMakeFiles/__idf_esp_partition.dir/partition_target.c.obj
[896/1051] Building C object esp-idf/protocomm/CMakeFiles/__idf_protocomm.dir/proto-c/sec1.pb-c.c.obj
[966/1051] Building C object esp-idf/esp_lcd/CMakeFiles/__idf_esp_lcd.dir/i2c/esp_lcd_panel_io_i2c_v2.c.obj
[897/1051] Building C object esp-idf/app_update/CMakeFiles/__idf_app_update.dir/esp_ota_ops.c.obj
[983/1051] Building C object esp-idf/perfmon/CMakeFiles/__idf_perfmon.dir/xtensa_perfmon_apis.c.obj
[880/1051] Building C object esp-idf/console/CMakeFiles/__idf_console.dir/argtable3/arg_int.c.obj
[898/1051] Building C object esp-idf/protocomm/CMakeFiles/__idf_protocomm.dir/proto-c/sec2.pb-c.c.obj
[967/1051] Building C object esp-idf/esp_eth/CMakeFiles/__idf_esp_eth.dir/src/phy/esp_eth_phy_802_3.c.obj
[984/1051] Building C object esp-idf/spiffs/CMakeFiles/__idf_spiffs.dir/spiffs/src/spiffs_gc.c.obj
[425/1051] Building C object esp-idf/esp_hw_support/CMakeFiles/__idf_esp_hw_support.dir/port/esp32s3/esp_clk_tree.c.obj
[907/1051] Building C object esp-idf/protocomm/CMakeFiles/__idf_protocomm.dir/proto-c/session.pb-c.c.obj
[968/1051] Linking C static library esp-idf/wear_levelling/libwear_levelling.a
[978/1051] Building C object esp-idf/perfmon/CMakeFiles/__idf_perfmon.dir/xtensa_perfmon_masks.c.obj
[869/1051] Building C object esp-idf/xtensa/CMakeFiles/__idf_xtensa.dir/xtensa_intr.c.obj
[985/1051] Building C object esp-idf/perfmon/CMakeFiles/__idf_perfmon.dir/xtensa_perfmon_access.c.obj
[933/1049] Building C object esp-idf/esp_driver_cam/CMakeFiles/__idf_esp_driver_cam.dir/dvp/src/esp_cam_ctlr_dvp_gdma.c.obj
[969/1051] Building C object esp-idf/esp_lcd/CMakeFiles/__idf_esp_lcd.dir/i2c/esp_lcd_panel_io_i2c_v1.c.obj
[870/1051] Building C object esp-idf/esp_driver_gpio/CMakeFiles/__idf_esp_driver_gpio.dir/src/rtc_io.c.obj
[871/1051] Building C object esp-idf/console/CMakeFiles/__idf_console.dir/split_argv.c.obj
[772/1051] Building C object esp-idf/mbedtls/mbedtls/library/CMakeFiles/mbedcrypto.dir/psa_crypto_driver_wrappers_no_static.c.obj
[986/1051] Building C object esp-idf/fatfs/CMakeFiles/__idf_fatfs.dir/port/freertos/ffsystem.c.obj
[426/1051] Building C object esp-idf/esp_hw_support/CMakeFiles/__idf_esp_hw_support.dir/rtc_module.c.obj
[908/1051] Linking C static library esp-idf/app_update/libapp_update.a
[979/1051] Building C object esp-idf/rt/CMakeFiles/__idf_rt.dir/FreeRTOS_POSIX_mqueue.c.obj
[970/1051] Building C object esp-idf/esp_local_ctrl/CMakeFiles/__idf_esp_local_ctrl.dir/src/esp_local_ctrl_transport_httpd.c.obj
[987/1051] Building C object esp-idf/mqtt/CMakeFiles/__idf_mqtt.dir/esp-mqtt/lib/platform_esp32_idf.c.obj
[909/1051] Building C object esp-idf/console/CMakeFiles/__idf_console.dir/linenoise/linenoise.c.obj
[773/1051] Building C object esp-idf/mbedtls/mbedtls/library/CMakeFiles/mbedcrypto.dir/oid.c.obj
[934/1049] Linking C static library esp-idf/esp_app_format/libesp_app_format.a
[980/1051] Building C object esp-idf/fatfs/CMakeFiles/__idf_fatfs.dir/diskio/diskio_wl.c.obj
[899/1051] Building C object esp-idf/unity/CMakeFiles/__idf_unity.dir/unity_runner.c.obj
[981/1051] Building C object esp-idf/esp_lcd/CMakeFiles/__idf_esp_lcd.dir/spi/esp_lcd_panel_io_spi.c.obj
[988/1051] Building C object esp-idf/fatfs/CMakeFiles/__idf_fatfs.dir/diskio/diskio_wl.c.obj
[427/1051] Building C object esp-idf/esp_hw_support/CMakeFiles/__idf_esp_hw_support.dir/dma/esp_dma_utils.c.obj
[881/1051] Building C object esp-idf/console/CMakeFiles/__idf_console.dir/argtable3/arg_str.c.obj
[774/1051] Building C object esp-idf/mbedtls/mbedtls/library/CMakeFiles/mbedcrypto.dir/psa_crypto_ecp.c.obj
[428/1051] Building C object esp-idf/esp_hw_support/CMakeFiles/__idf_esp_hw_support.dir/dma/gdma_link.c.obj
[775/1051] Building C object esp-idf/mbedtls/mbedtls/library/CMakeFiles/mbedcrypto.dir/psa_crypto_se.c.obj
[910/1051] Building CXX object esp-idf/wear_levelling/CMakeFiles/__idf_wear_levelling.dir/crc32.cpp.obj
[900/1051] Building C object esp-idf/protocomm/CMakeFiles/__idf_protocomm.dir/proto-c/session.pb-c.c.obj
[911/1051] Building C object esp-idf/protocomm/CMakeFiles/__idf_protocomm.dir/proto-c/sec1.pb-c.c.obj
[882/1051] Building C object esp-idf/console/CMakeFiles/__idf_console.dir/argtable3/arg_rex.c.obj
[776/1051] Building C object esp-idf/mbedtls/mbedtls/library/CMakeFiles/mbedcrypto.dir/psa_crypto_hash.c.obj
[883/1051] Building C object esp-idf/console/CMakeFiles/__idf_console.dir/argtable3/arg_utils.c.obj
[872/1051] Building C object esp-idf/console/CMakeFiles/__idf_console.dir/argtable3/arg_lit.c.obj
[884/1051] Building C object esp-idf/console/CMakeFiles/__idf_console.dir/argtable3/arg_lit.c.obj
[429/1051] Building C object esp-idf/esp_hw_support/CMakeFiles/__idf_esp_hw_support.dir/periph_ctrl.c.obj
[971/1051] Building C object esp-idf/fatfs/CMakeFiles/__idf_fatfs.dir/diskio/diskio.c.obj
[873/1051] Building C object esp-idf/console/CMakeFiles/__idf_console.dir/argtable3/arg_date.c.obj
[935/1049] Building C object esp-idf/esp_hid/CMakeFiles/__idf_esp_hid.dir/src/esp_hid_common.c.obj
[777/1051] Building C object esp-idf/mbedtls/mbedtls/library/CMakeFiles/mbedcrypto.dir/ripemd160.c.obj
[430/1051] Building C object esp-idf/esp_hw_support/CMakeFiles/__idf_esp_hw_support.dir/clk_utils.c.obj
[832/1051] Generating x509_crt_bundle
[912/1051] Linking C static library esp-idf/esp_bootloader_format/libesp_bootloader_format.a
[885/1051] Building C object esp-idf/unity/CMakeFiles/__idf_unity.dir/unity_compat.c.obj
[982/1051] Building C object esp-idf/esp_lcd/CMakeFiles/__idf_esp_lcd.dir/i80/esp_lcd_panel_io_i80.c.obj
[936/1049] Building C object esp-idf/esp_lcd/CMakeFiles/__idf_esp_lcd.dir/src/esp_lcd_panel_io.c.obj
[901/1051] Building C object esp-idf/protocomm/CMakeFiles/__idf_protocomm.dir/src/crypto/srp6a/esp_srp.c.obj
[902/1051] Building C object esp-idf/console/CMakeFiles/__idf_console.dir/linenoise/linenoise.c.obj
[989/1051] Building C object esp-idf/rt/CMakeFiles/__idf_rt.dir/FreeRTOS_POSIX_mqueue.c.obj
[431/1051] Building C object esp-idf/esp_hw_support/CMakeFiles/__idf_esp_hw_support.dir/sleep_usb.c.obj
[886/1051] Building C object esp-idf/console/CMakeFiles/__idf_console.dir/linenoise/linenoise.c.obj
[983/1051] Building C object esp-idf/perfmon/CMakeFiles/__idf_perfmon.dir/xtensa_perfmon_apis.c.obj
[937/1049] Building C object esp-idf/app_trace/CMakeFiles/__idf_app_trace.dir/app_trace.c.obj
[938/1049] Linking C static library esp-idf/xtensa/libxtensa.a
[887/1051] Building C object esp-idf/console/CMakeFiles/__idf_console.dir/esp_console_repl_chip.c.obj
[990/1051] Building C object esp-idf/mqtt/CMakeFiles/__idf_mqtt.dir/esp-mqtt/lib/mqtt_msg.c.obj
[903/1051] Building C object esp-idf/protocomm/CMakeFiles/__idf_protocomm.dir/src/crypto/srp6a/esp_srp_mpi.c.obj
[432/1051] Building C object esp-idf/esp_hw_support/CMakeFiles/__idf_esp_hw_support.dir/regi2c_ctrl.c.obj
[874/1051] Building C object esp-idf/console/CMakeFiles/__idf_console.dir/esp_console_repl_internal.c.obj
[904/1051] Building C object esp-idf/console/CMakeFiles/__idf_console.dir/argtable3/argtable3.c.obj
[875/1051] Building C object esp-idf/console/CMakeFiles/__idf_console.dir/argtable3/arg_end.c.obj
[913/1051] Building C object esp-idf/protocomm/CMakeFiles/__idf_protocomm.dir/src/common/protocomm.c.obj
[778/1051] Building C object esp-idf/mbedtls/mbedtls/library/CMakeFiles/mbedcrypto.dir/sha1.c.obj
[984/1051] Building C object esp-idf/mqtt/CMakeFiles/__idf_mqtt.dir/esp-mqtt/lib/platform_esp32_idf.c.obj
[972/1051] Building C object esp-idf/nvs_sec_provider/CMakeFiles/__idf_nvs_sec_provider.dir/nvs_sec_provider.c.obj
[985/1051] Building C object esp-idf/perfmon/CMakeFiles/__idf_perfmon.dir/xtensa_perfmon_access.c.obj
[914/1051] Building C object esp-idf/protocomm/CMakeFiles/__idf_protocomm.dir/src/transports/protocomm_console.c.obj
[939/1049] Building C object esp-idf/esp_hid/CMakeFiles/__idf_esp_hid.dir/src/esp_hidd.c.obj
[986/1051] Building C object esp-idf/fatfs/CMakeFiles/__idf_fatfs.dir/vfs/vfs_fat_spiflash.c.obj
[433/1051] Building CXX object esp-idf/nvs_flash/CMakeFiles/__idf_nvs_flash.dir/src/nvs_page.cpp.obj
[888/1051] Building C object esp-idf/console/CMakeFiles/__idf_console.dir/argtable3/arg_hashtable.c.obj
[779/1051] Building C object esp-idf/mbedtls/mbedtls/library/CMakeFiles/mbedtls.dir/ssl_tls.c.obj
[876/1051] Building C object esp-idf/console/CMakeFiles/__idf_console.dir/esp_console_common.c.obj
[905/1051] Building C object esp-idf/esp_https_server/CMakeFiles/__idf_esp_https_server.dir/src/https_server.c.obj
[906/1051] Building C object esp-idf/protocomm/CMakeFiles/__idf_protocomm.dir/src/transports/protocomm_console.c.obj
[877/1051] Building C object esp-idf/console/CMakeFiles/__idf_console.dir/argtable3/arg_cmd.c.obj
[987/1051] Building C object esp-idf/nvs_sec_provider/CMakeFiles/__idf_nvs_sec_provider.dir/nvs_sec_provider.c.obj
[991/1051] Building C object esp-idf/spiffs/CMakeFiles/__idf_spiffs.dir/spiffs_api.c.obj
[780/1051] Building C object esp-idf/mbedtls/mbedtls/library/CMakeFiles/mbedcrypto.dir/pkparse.c.obj
[907/1051] Building CXX object esp-idf/wear_levelling/CMakeFiles/__idf_wear_levelling.dir/crc32.cpp.obj
[878/1051] Building C object esp-idf/console/CMakeFiles/__idf_console.dir/argtable3/arg_dstr.c.obj
[973/1051] Building C object esp-idf/esp_local_ctrl/CMakeFiles/__idf_esp_local_ctrl.dir/proto-c/esp_local_ctrl.pb-c.c.obj
[915/1051] Linking C static library esp-idf/esp_app_format/libesp_app_format.a
[908/1051] Building C object esp-idf/console/CMakeFiles/__idf_console.dir/argtable3/arg_rex.c.obj
[781/1051] Building C object esp-idf/mbedtls/mbedtls/library/CMakeFiles/mbedcrypto.dir/psa_crypto_storage.c.obj
[434/1051] Building C object esp-idf/esp_hw_support/CMakeFiles/__idf_esp_hw_support.dir/dma/esp_async_memcpy.c.obj
[909/1051] Building C object esp-idf/protocomm/CMakeFiles/__idf_protocomm.dir/src/security/security2.c.obj
[782/1051] Building C object esp-idf/mbedtls/mbedtls/library/CMakeFiles/mbedcrypto.dir/psa_crypto_cipher.c.obj
[974/1051] Building C object esp-idf/fatfs/CMakeFiles/__idf_fatfs.dir/diskio/diskio_rawflash.c.obj
[916/1051] Building C object esp-idf/protocomm/CMakeFiles/__idf_protocomm.dir/src/crypto/srp6a/esp_srp.c.obj
[940/1049] Linking C static library esp-idf/protobuf-c/libprotobuf-c.a
[435/1051] Building C object esp-idf/esp_hw_support/CMakeFiles/__idf_esp_hw_support.dir/sar_tsens_ctrl.c.obj
[436/1051] Building C object esp-idf/esp_hw_support/CMakeFiles/__idf_esp_hw_support.dir/port/esp_clk_tree_common.c.obj
[889/1051] Building C object esp-idf/app_update/CMakeFiles/__idf_app_update.dir/esp_ota_ops.c.obj
[783/1051] Building C object esp-idf/mbedtls/mbedtls/library/CMakeFiles/mbedcrypto.dir/ecp.c.obj
[890/1051] Building C object esp-idf/unity/CMakeFiles/__idf_unity.dir/unity_utils_cache.c.obj
[917/1051] Building C object esp-idf/protocomm/CMakeFiles/__idf_protocomm.dir/src/crypto/srp6a/esp_srp_mpi.c.obj
[891/1051] Building C object esp-idf/console/CMakeFiles/__idf_console.dir/argtable3/arg_date.c.obj
[879/1051] Building C object esp-idf/console/CMakeFiles/__idf_console.dir/argtable3/arg_file.c.obj
[918/1051] Linking C static library esp-idf/xtensa/libxtensa.a
[784/1051] Building C object esp-idf/mbedtls/mbedtls/library/CMakeFiles/mbedcrypto.dir/psa_crypto_mac.c.obj
[892/1051] Building C object esp-idf/protocomm/CMakeFiles/__idf_protocomm.dir/proto-c/sec0.pb-c.c.obj
[880/1051] Building C object esp-idf/console/CMakeFiles/__idf_console.dir/argtable3/arg_str.c.obj
[941/1049] Building C object esp-idf/esp_driver_touch_sens/CMakeFiles/__idf_esp_driver_touch_sens.dir/common/touch_sens_common.c.obj
[910/1051] Building CXX object esp-idf/wear_levelling/CMakeFiles/__idf_wear_levelling.dir/SPI_Flash.cpp.obj
[988/1051] Building C object esp-idf/rt/CMakeFiles/__idf_rt.dir/FreeRTOS_POSIX_utils.c.obj
[437/1051] Building C object esp-idf/esp_hw_support/CMakeFiles/__idf_esp_hw_support.dir/sleep_modem.c.obj
[975/1051] Building C object esp-idf/perfmon/CMakeFiles/__idf_perfmon.dir/xtensa_perfmon_masks.c.obj
[919/1051] Building C object esp-idf/console/CMakeFiles/__idf_console.dir/argtable3/argtable3.c.obj
[911/1051] Building CXX object esp-idf/wear_levelling/CMakeFiles/__idf_wear_levelling.dir/Partition.cpp.obj
[893/1051] Building C object esp-idf/unity/CMakeFiles/__idf_unity.dir/unity_utils_freertos.c.obj
[881/1051] Building C object esp-idf/console/CMakeFiles/__idf_console.dir/argtable3/arg_int.c.obj
[976/1051] Building C object esp-idf/mqtt/CMakeFiles/__idf_mqtt.dir/esp-mqtt/lib/platform_esp32_idf.c.obj
[438/1051] Building C object esp-idf/esp_hw_support/CMakeFiles/__idf_esp_hw_support.dir/port/esp32s3/systimer.c.obj
[785/1051] Building C object esp-idf/mbedtls/mbedtls/library/CMakeFiles/mbedcrypto.dir/psa_crypto_ffdh.c.obj
[989/1051] Building C object esp-idf/spiffs/CMakeFiles/__idf_spiffs.dir/spiffs/src/spiffs_cache.c.obj
[894/1051] Building C object esp-idf/unity/CMakeFiles/__idf_unity.dir/unity_port_esp32.c.obj
[882/1051] Building C object esp-idf/console/CMakeFiles/__idf_console.dir/commands.c.obj
[920/1051] Building CXX object esp-idf/wear_levelling/CMakeFiles/__idf_wear_levelling.dir/WL_Ext_Perf.cpp.obj
[895/1051] Building C object esp-idf/unity/CMakeFiles/__idf_unity.dir/unity_utils_memory.c.obj
[786/1051] Building C object esp-idf/mbedtls/mbedtls/library/CMakeFiles/mbedcrypto.dir/psa_its_file.c.obj
[977/1051] Building C object esp-idf/json/CMakeFiles/__idf_json.dir/cJSON/cJSON.c.obj
[787/1051] Building C object esp-idf/mbedtls/mbedtls/library/CMakeFiles/mbedcrypto.dir/threading.c.obj
[912/1051] Building CXX object esp-idf/wear_levelling/CMakeFiles/__idf_wear_levelling.dir/WL_Ext_Safe.cpp.obj
[978/1051] Building C object esp-idf/fatfs/CMakeFiles/__idf_fatfs.dir/diskio/diskio_wl.c.obj
[942/1049] Linking C static library esp-idf/console/libconsole.a
[990/1051] Building C object esp-idf/mqtt/CMakeFiles/__idf_mqtt.dir/esp-mqtt/lib/mqtt_outbox.c.obj
[883/1051] Building C object esp-idf/console/CMakeFiles/__idf_console.dir/esp_console_repl_chip.c.obj
[896/1051] Building C object esp-idf/protocomm/CMakeFiles/__idf_protocomm.dir/proto-c/constants.pb-c.c.obj
[913/1051] Building C object esp-idf/protocomm/CMakeFiles/__idf_protocomm.dir/src/common/protocomm.c.obj
[991/1051] Building C object esp-idf/spiffs/CMakeFiles/__idf_spiffs.dir/spiffs_api.c.obj
[788/1051] Linking CXX static library esp-idf/mbedtls/mbedtls/library/libmbedtls.a
[979/1051] Building C object esp-idf/perfmon/CMakeFiles/__idf_perfmon.dir/xtensa_perfmon_apis.c.obj
[789/1051] Building C object esp-idf/mbedtls/mbedtls/library/CMakeFiles/mbedcrypto.dir/psa_util.c.obj
[884/1051] Building C object esp-idf/console/CMakeFiles/__idf_console.dir/argtable3/arg_hashtable.c.obj
[897/1051] Building C object esp-idf/protocomm/CMakeFiles/__idf_protocomm.dir/src/common/protocomm.c.obj
[439/1051] Building C object esp-idf/esp_hw_support/CMakeFiles/__idf_esp_hw_support.dir/spi_share_hw_ctrl.c.obj
[943/1049] Building C object esp-idf/esp_eth/CMakeFiles/__idf_esp_eth.dir/src/phy/esp_eth_phy_802_3.c.obj
[914/1051] Building C object esp-idf/app_trace/CMakeFiles/__idf_app_trace.dir/host_file_io.c.obj
[790/1051] Building C object esp-idf/mbedtls/mbedtls/library/CMakeFiles/mbedcrypto.dir/sha512.c.obj
Executing action: all (aliases: build)
Running ninja in directory /home/tikhon/Документы/magnolia/applets/rust/rdd/build
Executing "ninja all"...
[0/2] Re-checking globbed directories...
[885/1051] Building C object esp-idf/console/CMakeFiles/__idf_console.dir/argtable3/arg_rem.c.obj
[921/1051] Building C object esp-idf/esp_https_server/CMakeFiles/__idf_esp_https_server.dir/src/https_server.c.obj
[980/1051] Building C object esp-idf/fatfs/CMakeFiles/__idf_fatfs.dir/src/ffunicode.c.obj
[898/1051] Building C object esp-idf/unity/CMakeFiles/__idf_unity.dir/unity_runner.c.obj
[886/1051] Building C object esp-idf/unity/CMakeFiles/__idf_unity.dir/unity_compat.c.obj
[944/1049] Linking C static library esp-idf/unity/libunity.a
[922/1051] Building C object esp-idf/protocomm/CMakeFiles/__idf_protocomm.dir/src/security/security2.c.obj
[915/1051] Building C object esp-idf/cmock/CMakeFiles/__idf_cmock.dir/CMock/src/cmock.c.obj
[992/1051] Building C object esp-idf/spiffs/CMakeFiles/__idf_spiffs.dir/spiffs/src/spiffs_cache.c.obj
[899/1051] Building C object esp-idf/protocomm/CMakeFiles/__idf_protocomm.dir/src/transports/protocomm_httpd.c.obj
[440/1051] Building C object esp-idf/esp_hw_support/CMakeFiles/__idf_esp_hw_support.dir/spi_bus_lock.c.obj
[992/1051] Building C object esp-idf/mqtt/CMakeFiles/__idf_mqtt.dir/esp-mqtt/lib/mqtt_msg.c.obj
[945/1049] Linking C static library esp-idf/esp_https_server/libesp_https_server.a
[916/1051] Building C object esp-idf/app_trace/CMakeFiles/__idf_app_trace.dir/app_trace_util.c.obj
[791/1051] Building C object esp-idf/mbedtls/mbedtls/library/CMakeFiles/mbedcrypto.dir/version.c.obj
[900/1051] Building C object esp-idf/unity/CMakeFiles/__idf_unity.dir/port/esp/unity_utils_memory_esp.c.obj
[946/1049] Building C object esp-idf/esp_driver_cam/CMakeFiles/__idf_esp_driver_cam.dir/dvp/src/esp_cam_ctlr_dvp_cam.c.obj
[901/1051] Building C object esp-idf/protocomm/CMakeFiles/__idf_protocomm.dir/proto-c/sec1.pb-c.c.obj
[792/1051] Building C object esp-idf/mbedtls/mbedtls/library/CMakeFiles/mbedcrypto.dir/timing.c.obj
[993/1051] Building C object esp-idf/fatfs/CMakeFiles/__idf_fatfs.dir/vfs/vfs_fat_sdmmc.c.obj
[947/1049] Building C object esp-idf/esp_lcd/CMakeFiles/__idf_esp_lcd.dir/src/esp_lcd_common.c.obj
[441/1051] Building C object esp-idf/esp_hw_support/CMakeFiles/__idf_esp_hw_support.dir/sleep_console.c.obj
[887/1051] Building C object esp-idf/unity/CMakeFiles/__idf_unity.dir/unity_utils_freertos.c.obj
[793/1051] Building C object 'esp-idf/mbedtls/mbedtls/library/CMakeFiles/mbedcrypto.dir/home/tikhon/Документы/magnolia/esp-idf/components/mbedtls/port/esp_mem.c.obj'
[917/1051] Building C object esp-idf/esp_driver_cam/CMakeFiles/__idf_esp_driver_cam.dir/dvp_share_ctrl.c.obj
[948/1049] Building C object esp-idf/esp_lcd/CMakeFiles/__idf_esp_lcd.dir/src/esp_lcd_panel_ops.c.obj
[794/1051] Building C object esp-idf/mbedtls/mbedtls/library/CMakeFiles/mbedcrypto.dir/version_features.c.obj
[981/1051] Linking C static library esp-idf/json/libjson.a
[993/1051] Building C object esp-idf/spiffs/CMakeFiles/__idf_spiffs.dir/spiffs/src/spiffs_nucleus.c.obj
[918/1051] Building C object esp-idf/protocomm/CMakeFiles/__idf_protocomm.dir/src/transports/protocomm_httpd.c.obj
[923/1051] Building CXX object esp-idf/wear_levelling/CMakeFiles/__idf_wear_levelling.dir/WL_Ext_Safe.cpp.obj
[795/1051] Building C object esp-idf/mbedtls/mbedtls/library/CMakeFiles/mbedcrypto.dir/sha256.c.obj
[924/1051] Linking C static library esp-idf/console/libconsole.a
[949/1049] Building C object esp-idf/esp_lcd/CMakeFiles/__idf_esp_lcd.dir/spi/esp_lcd_panel_io_spi.c.obj
[919/1051] Building C object esp-idf/esp_driver_gpio/CMakeFiles/__idf_esp_driver_gpio.dir/src/gpio.c.obj
[888/1051] Building C object esp-idf/protocomm/CMakeFiles/__idf_protocomm.dir/proto-c/sec0.pb-c.c.obj
[925/1051] Building C object esp-idf/json/CMakeFiles/__idf_json.dir/cJSON/cJSON_Utils.c.obj
[950/1049] Building C object esp-idf/espcoredump/CMakeFiles/__idf_espcoredump.dir/src/core_dump_init.c.obj
[994/1051] Building C object esp-idf/esp_lcd/CMakeFiles/__idf_esp_lcd.dir/rgb/esp_lcd_panel_rgb.c.obj
[994/1051] Building C object esp-idf/fatfs/CMakeFiles/__idf_fatfs.dir/src/ff.c.obj
[926/1051] Building CXX object esp-idf/wear_levelling/CMakeFiles/__idf_wear_levelling.dir/wear_levelling.cpp.obj
[889/1051] Building C object esp-idf/console/CMakeFiles/__idf_console.dir/argtable3/arg_utils.c.obj
[796/1051] Building C object esp-idf/mbedtls/mbedtls/library/CMakeFiles/mbedcrypto.dir/psa_crypto_rsa.c.obj
[902/1051] Building C object esp-idf/protocomm/CMakeFiles/__idf_protocomm.dir/src/crypto/srp6a/esp_srp.c.obj
[951/1049] Building C object esp-idf/esp_lcd/CMakeFiles/__idf_esp_lcd.dir/src/esp_lcd_panel_nt35510.c.obj
[982/1051] Building C object esp-idf/perfmon/CMakeFiles/__idf_perfmon.dir/xtensa_perfmon_access.c.obj
[983/1051] Building C object esp-idf/esp_local_ctrl/CMakeFiles/__idf_esp_local_ctrl.dir/src/esp_local_ctrl.c.obj
[927/1051] Building C object esp-idf/app_trace/CMakeFiles/__idf_app_trace.dir/port/port_uart.c.obj
[797/1051] Building C object 'esp-idf/mbedtls/mbedtls/library/CMakeFiles/mbedcrypto.dir/home/tikhon/Документы/magnolia/esp-idf/components/mbedtls/port/sha/core/esp_sha_gdma_impl.c.obj'
[952/1049] Linking C static library esp-idf/protocomm/libprotocomm.a
[920/1051] Building CXX object esp-idf/wear_levelling/CMakeFiles/__idf_wear_levelling.dir/WL_Ext_Perf.cpp.obj
[903/1051] Building C object esp-idf/protocomm/CMakeFiles/__idf_protocomm.dir/proto-c/session.pb-c.c.obj
[928/1051] Building C object esp-idf/cmock/CMakeFiles/__idf_cmock.dir/CMock/src/cmock.c.obj
[904/1051] Building CXX object esp-idf/wear_levelling/CMakeFiles/__idf_wear_levelling.dir/crc32.cpp.obj
[798/1051] Building C object 'esp-idf/mbedtls/mbedtls/library/CMakeFiles/mbedcrypto.dir/home/tikhon/Документы/magnolia/esp-idf/components/mbedtls/port/aes/esp_aes_common.c.obj'
[984/1051] Building C object esp-idf/esp_lcd/CMakeFiles/__idf_esp_lcd.dir/spi/esp_lcd_panel_io_spi.c.obj
[929/1051] Building C object esp-idf/esp_driver_cam/CMakeFiles/__idf_esp_driver_cam.dir/dvp_share_ctrl.c.obj
[832/1051] Generating x509_crt_bundle
[953/1049] Building C object esp-idf/espcoredump/CMakeFiles/__idf_espcoredump.dir/src/core_dump_elf.c.obj
[985/1051] Building C object esp-idf/fatfs/CMakeFiles/__idf_fatfs.dir/diskio/diskio_sdmmc.c.obj
[442/1051] Building C object esp-idf/esp_hw_support/CMakeFiles/__idf_esp_hw_support.dir/sleep_event.c.obj
[954/1049] Building C object esp-idf/espcoredump/CMakeFiles/__idf_espcoredump.dir/src/core_dump_uart.c.obj
[995/1051] Building C object esp-idf/fatfs/CMakeFiles/__idf_fatfs.dir/vfs/vfs_fat_spiflash.c.obj
[955/1049] Building C object esp-idf/espcoredump/CMakeFiles/__idf_espcoredump.dir/src/core_dump_common.c.obj
[443/1051] Building C object esp-idf/esp_hw_support/CMakeFiles/__idf_esp_hw_support.dir/mspi_timing_tuning/mspi_timing_tuning.c.obj
[930/1051] Building C object esp-idf/esp_driver_cam/CMakeFiles/__idf_esp_driver_cam.dir/esp_cam_ctlr.c.obj
[921/1051] Building C object esp-idf/esp_hid/CMakeFiles/__idf_esp_hid.dir/src/esp_hidd.c.obj
[890/1051] Building C object esp-idf/protocomm/CMakeFiles/__idf_protocomm.dir/proto-c/constants.pb-c.c.obj
[799/1051] Building C object 'esp-idf/mbedtls/mbedtls/library/CMakeFiles/mbedcrypto.dir/home/tikhon/Документы/magnolia/esp-idf/components/mbedtls/port/esp_hardware.c.obj'
[995/1051] Building C object esp-idf/touch_element/CMakeFiles/__idf_touch_element.dir/touch_button.c.obj
[931/1051] Building C object esp-idf/app_trace/CMakeFiles/__idf_app_trace.dir/app_trace_util.c.obj
[996/1051] Building C object esp-idf/usb/CMakeFiles/__idf_usb.dir/usb_private.c.obj
[891/1051] Building C object esp-idf/unity/CMakeFiles/__idf_unity.dir/unity_utils_cache.c.obj
[932/1051] Building C object esp-idf/app_trace/CMakeFiles/__idf_app_trace.dir/host_file_io.c.obj
[922/1051] Building C object esp-idf/esp_driver_cam/CMakeFiles/__idf_esp_driver_cam.dir/esp_cam_ctlr.c.obj
[892/1051] Building C object esp-idf/unity/CMakeFiles/__idf_unity.dir/unity_utils_memory.c.obj
[956/1049] Building C object esp-idf/espcoredump/CMakeFiles/__idf_espcoredump.dir/src/core_dump_flash.c.obj
[923/1051] Building C object esp-idf/esp_driver_cam/CMakeFiles/__idf_esp_driver_cam.dir/dvp/src/esp_cam_ctlr_dvp_cam.c.obj
[800/1051] Building C object 'esp-idf/mbedtls/mbedtls/library/CMakeFiles/mbedcrypto.dir/home/tikhon/Документы/magnolia/esp-idf/components/mbedtls/port/aes/dma/esp_aes_gdma_impl.c.obj'
[933/1051] Linking C static library esp-idf/esp_https_server/libesp_https_server.a
[905/1051] Building C object esp-idf/protocomm/CMakeFiles/__idf_protocomm.dir/proto-c/sec2.pb-c.c.obj
[444/1051] Building C object esp-idf/esp_hw_support/CMakeFiles/__idf_esp_hw_support.dir/dma/async_memcpy_gdma.c.obj
[893/1051] Building C object esp-idf/unity/CMakeFiles/__idf_unity.dir/port/esp/unity_utils_memory_esp.c.obj
[924/1051] Building C object esp-idf/app_trace/CMakeFiles/__idf_app_trace.dir/app_trace.c.obj
[906/1051] Building C object esp-idf/console/CMakeFiles/__idf_console.dir/argtable3/argtable3.c.obj
[986/1051] Building C object esp-idf/mqtt/CMakeFiles/__idf_mqtt.dir/esp-mqtt/lib/mqtt_outbox.c.obj
[445/1051] Building C object esp-idf/esp_hw_support/CMakeFiles/__idf_esp_hw_support.dir/intr_alloc.c.obj
[801/1051] Building C object esp-idf/mbedtls/mbedtls/library/CMakeFiles/mbedcrypto.dir/psa_crypto_slot_management.c.obj
[802/1051] Building C object esp-idf/mbedtls/mbedtls/library/CMakeFiles/mbedcrypto.dir/rsa_alt_helpers.c.obj
[934/1051] Building C object esp-idf/esp_eth/CMakeFiles/__idf_esp_eth.dir/src/phy/esp_eth_phy_802_3.c.obj
[957/1049] Building C object esp-idf/esp_lcd/CMakeFiles/__idf_esp_lcd.dir/src/esp_lcd_panel_ssd1306.c.obj
[446/1051] Building C object esp-idf/freertos/CMakeFiles/__idf_freertos.dir/FreeRTOS-Kernel/tasks.c.obj
[958/1049] Building C object esp-idf/espcoredump/CMakeFiles/__idf_espcoredump.dir/src/port/xtensa/core_dump_port.c.obj
[996/1051] Building C object esp-idf/usb/CMakeFiles/__idf_usb.dir/usb_private.c.obj
[803/1051] Building C object 'esp-idf/mbedtls/mbedtls/library/CMakeFiles/mbedcrypto.dir/home/tikhon/Документы/magnolia/esp-idf/components/mbedtls/port/esp_timing.c.obj'
[925/1051] Linking C static library esp-idf/esp_driver_gpio/libesp_driver_gpio.a
[894/1051] Building C object esp-idf/protocomm/CMakeFiles/__idf_protocomm.dir/proto-c/sec1.pb-c.c.obj
[959/1049] Building C object esp-idf/esp_eth/CMakeFiles/__idf_esp_eth.dir/src/esp_eth.c.obj
[907/1051] Building C object esp-idf/protocomm/CMakeFiles/__idf_protocomm.dir/src/crypto/srp6a/esp_srp_mpi.c.obj
[833/1051] Generating ../../x509_crt_bundle.S
[926/1051] Building CXX object esp-idf/wear_levelling/CMakeFiles/__idf_wear_levelling.dir/wear_levelling.cpp.obj
[960/1049] Building C object esp-idf/espcoredump/CMakeFiles/__idf_espcoredump.dir/src/core_dump_sha.c.obj
[447/1051] Building C object esp-idf/esp_hw_support/CMakeFiles/__idf_esp_hw_support.dir/esp_clock_output.c.obj
[927/1051] Building C object esp-idf/app_trace/CMakeFiles/__idf_app_trace.dir/port/port_uart.c.obj
[895/1051] Building C object esp-idf/protocomm/CMakeFiles/__idf_protocomm.dir/src/transports/protocomm_httpd.c.obj
[987/1051] Building C object esp-idf/rt/CMakeFiles/__idf_rt.dir/FreeRTOS_POSIX_mqueue.c.obj
[961/1049] Building C object esp-idf/esp_lcd/CMakeFiles/__idf_esp_lcd.dir/i2c/esp_lcd_panel_io_i2c_v1.c.obj
[896/1051] Building C object esp-idf/console/CMakeFiles/__idf_console.dir/argtable3/arg_rex.c.obj
[448/1051] Building C object esp-idf/esp_hw_support/CMakeFiles/__idf_esp_hw_support.dir/adc_share_hw_ctrl.c.obj
[962/1049] Linking C static library esp-idf/wear_levelling/libwear_levelling.a
[804/1051] Building C object 'esp-idf/mbedtls/mbedtls/library/CMakeFiles/mbedcrypto.dir/home/tikhon/Документы/magnolia/esp-idf/components/mbedtls/port/aes/esp_aes_xts.c.obj'
[963/1049] Building C object esp-idf/fatfs/CMakeFiles/__idf_fatfs.dir/diskio/diskio.c.obj
[897/1051] Building C object esp-idf/unity/CMakeFiles/__idf_unity.dir/unity_runner.c.obj
[928/1051] Building C object esp-idf/esp_driver_cam/CMakeFiles/__idf_esp_driver_cam.dir/dvp/src/esp_cam_ctlr_dvp_gdma.c.obj
[997/1051] Building C object esp-idf/fatfs/CMakeFiles/__idf_fatfs.dir/vfs/vfs_fat_sdmmc.c.obj
[908/1051] Building CXX object esp-idf/wear_levelling/CMakeFiles/__idf_wear_levelling.dir/wear_levelling.cpp.obj
[449/1051] Building CXX object esp-idf/nvs_flash/CMakeFiles/__idf_nvs_flash.dir/src/nvs_api.cpp.obj
[898/1051] Building C object esp-idf/app_update/CMakeFiles/__idf_app_update.dir/esp_ota_ops.c.obj
[899/1051] Building C object esp-idf/unity/CMakeFiles/__idf_unity.dir/unity_port_esp32.c.obj
[909/1051] Building CXX object esp-idf/wear_levelling/CMakeFiles/__idf_wear_levelling.dir/Partition.cpp.obj
[935/1051] Building C object esp-idf/esp_driver_touch_sens/CMakeFiles/__idf_esp_driver_touch_sens.dir/hw_ver2/touch_version_specific.c.obj
[450/1051] Building C object esp-idf/esp_hw_support/CMakeFiles/__idf_esp_hw_support.dir/usb_phy/usb_phy.c.obj
[997/1051] Building C object esp-idf/spiffs/CMakeFiles/__idf_spiffs.dir/spiffs/src/spiffs_gc.c.obj
[929/1051] Building C object esp-idf/esp_eth/CMakeFiles/__idf_esp_eth.dir/src/phy/esp_eth_phy_802_3.c.obj
[930/1051] Linking C static library esp-idf/esp_security/libesp_security.a
[900/1051] Building C object esp-idf/protocomm/CMakeFiles/__idf_protocomm.dir/src/crypto/srp6a/esp_srp_mpi.c.obj
[964/1049] Building C object esp-idf/esp_lcd/CMakeFiles/__idf_esp_lcd.dir/src/esp_lcd_panel_st7789.c.obj
[910/1051] Building C object esp-idf/protocomm/CMakeFiles/__idf_protocomm.dir/src/transports/protocomm_console.c.obj
[936/1051] Building C object esp-idf/esp_driver_cam/CMakeFiles/__idf_esp_driver_cam.dir/dvp/src/esp_cam_ctlr_dvp_gdma.c.obj
[965/1049] Building C object esp-idf/esp_lcd/CMakeFiles/__idf_esp_lcd.dir/i2c/esp_lcd_panel_io_i2c_v2.c.obj
[937/1051] Building C object esp-idf/esp_driver_cam/CMakeFiles/__idf_esp_driver_cam.dir/dvp/src/esp_cam_ctlr_dvp_cam.c.obj
[451/1051] Building C object esp-idf/esp_hw_support/CMakeFiles/__idf_esp_hw_support.dir/port/esp32s3/rtc_clk_init.c.obj
[966/1049] Building C object esp-idf/fatfs/CMakeFiles/__idf_fatfs.dir/diskio/diskio_wl.c.obj
[988/1051] Building C object esp-idf/rt/CMakeFiles/__idf_rt.dir/FreeRTOS_POSIX_utils.c.obj
[901/1051] Building C object esp-idf/protocomm/CMakeFiles/__idf_protocomm.dir/proto-c/session.pb-c.c.obj
[805/1051] Building C object 'esp-idf/mbedtls/mbedtls/library/CMakeFiles/mbedcrypto.dir/home/tikhon/Документы/magnolia/esp-idf/components/mbedtls/port/sha/esp_sha.c.obj'
[452/1051] Building C object esp-idf/esp_hw_support/CMakeFiles/__idf_esp_hw_support.dir/sleep_wake_stub.c.obj
[989/1051] Building C object esp-idf/spiffs/CMakeFiles/__idf_spiffs.dir/spiffs_api.c.obj
[902/1051] Building C object esp-idf/console/CMakeFiles/__idf_console.dir/linenoise/linenoise.c.obj
[998/1051] Building C object esp-idf/esp_lcd/CMakeFiles/__idf_esp_lcd.dir/rgb/esp_lcd_panel_rgb.c.obj
[999/1051] Building C object esp-idf/touch_element/CMakeFiles/__idf_touch_element.dir/touch_button.c.obj
[903/1051] Building C object esp-idf/unity/CMakeFiles/__idf_unity.dir/unity/src/unity.c.obj
[998/1051] Building C object esp-idf/touch_element/CMakeFiles/__idf_touch_element.dir/touch_matrix.c.obj
[834/1051] Building ASM object esp-idf/mbedtls/CMakeFiles/__idf_mbedtls.dir/__/__/x509_crt_bundle.S.obj
[967/1049] Building C object esp-idf/esp_hid/CMakeFiles/__idf_esp_hid.dir/src/esp_hidh.c.obj
[911/1051] Building CXX object esp-idf/wear_levelling/CMakeFiles/__idf_wear_levelling.dir/SPI_Flash.cpp.obj
[1000/1051] Building C object esp-idf/wifi_provisioning/CMakeFiles/__idf_wifi_provisioning.dir/src/wifi_scan.c.obj
[835/1051] Building C object esp-idf/esp_security/CMakeFiles/__idf_esp_security.dir/src/esp_crypto_lock.c.obj
[999/1051] Building C object esp-idf/touch_element/CMakeFiles/__idf_touch_element.dir/touch_slider.c.obj
[453/1051] Building C object esp-idf/esp_hw_support/CMakeFiles/__idf_esp_hw_support.dir/port/esp32s3/chip_info.c.obj
[904/1051] Building CXX object esp-idf/wear_levelling/CMakeFiles/__idf_wear_levelling.dir/crc32.cpp.obj
[836/1051] Building C object esp-idf/esp_driver_gpio/CMakeFiles/__idf_esp_driver_gpio.dir/src/gpio_glitch_filter_ops.c.obj
[905/1051] Building CXX object esp-idf/wear_levelling/CMakeFiles/__idf_wear_levelling.dir/WL_Ext_Safe.cpp.obj
[454/1051] Building C object esp-idf/esp_hw_support/CMakeFiles/__idf_esp_hw_support.dir/port/esp_memprot_conv.c.obj
[912/1051] Building C object esp-idf/esp_driver_gpio/CMakeFiles/__idf_esp_driver_gpio.dir/src/gpio.c.obj
[906/1051] Building C object esp-idf/console/CMakeFiles/__idf_console.dir/argtable3/argtable3.c.obj
[455/1051] Building C object esp-idf/esp_hw_support/CMakeFiles/__idf_esp_hw_support.dir/sleep_gpio.c.obj
[931/1051] Linking C static library esp-idf/efuse/libefuse.a
[806/1051] Building C object 'esp-idf/mbedtls/mbedtls/library/CMakeFiles/mbedcrypto.dir/home/tikhon/Документы/magnolia/esp-idf/components/mbedtls/port/md/esp_md.c.obj'
[990/1051] Building C object esp-idf/spiffs/CMakeFiles/__idf_spiffs.dir/spiffs/src/spiffs_cache.c.obj
[807/1051] Building C object 'esp-idf/mbedtls/mbedtls/library/CMakeFiles/mbedcrypto.dir/home/tikhon/Документы/magnolia/esp-idf/components/mbedtls/port/bignum/bignum_alt.c.obj'
[837/1051] Building C object esp-idf/esp_pm/CMakeFiles/__idf_esp_pm.dir/pm_trace.c.obj
[907/1051] Building CXX object esp-idf/wear_levelling/CMakeFiles/__idf_wear_levelling.dir/wear_levelling.cpp.obj
[1001/1051] Building C object esp-idf/wifi_provisioning/CMakeFiles/__idf_wifi_provisioning.dir/src/wifi_ctrl.c.obj
[991/1051] Building C object esp-idf/spiffs/CMakeFiles/__idf_spiffs.dir/spiffs/src/spiffs_gc.c.obj
[456/1051] Building CXX object esp-idf/nvs_flash/CMakeFiles/__idf_nvs_flash.dir/src/nvs_storage.cpp.obj
[938/1051] Building C object esp-idf/esp_hid/CMakeFiles/__idf_esp_hid.dir/src/esp_hidd.c.obj
[992/1051] Building C object esp-idf/fatfs/CMakeFiles/__idf_fatfs.dir/vfs/vfs_fat_spiflash.c.obj
[457/1051] Building C object esp-idf/esp_hw_support/CMakeFiles/__idf_esp_hw_support.dir/port/esp32s3/sar_periph_ctrl.c.obj
[458/1051] Building C object esp-idf/soc/CMakeFiles/__idf_soc.dir/dport_access_common.c.obj
[913/1051] Building CXX object esp-idf/wear_levelling/CMakeFiles/__idf_wear_levelling.dir/WL_Ext_Perf.cpp.obj
[939/1051] Building C object esp-idf/unity/CMakeFiles/__idf_unity.dir/unity/src/unity.c.obj
[993/1051] Building C object esp-idf/mqtt/CMakeFiles/__idf_mqtt.dir/esp-mqtt/lib/mqtt_msg.c.obj
[1002/1051] Building C object esp-idf/fatfs/CMakeFiles/__idf_fatfs.dir/vfs/vfs_fat.c.obj
[808/1051] Linking CXX static library esp-idf/mbedtls/mbedtls/library/libmbedx509.a
[459/1051] Building C object esp-idf/soc/CMakeFiles/__idf_soc.dir/esp32s3/interrupts.c.obj
[833/1051] Generating ../../x509_crt_bundle.S
[914/1051] Building C object esp-idf/esp_https_server/CMakeFiles/__idf_esp_https_server.dir/src/https_server.c.obj
[932/1051] Building C object esp-idf/esp_lcd/CMakeFiles/__idf_esp_lcd.dir/src/esp_lcd_panel_io.c.obj
[460/1051] Building C object esp-idf/esp_hw_support/CMakeFiles/__idf_esp_hw_support.dir/port/esp32s3/rtc_sleep.c.obj
[940/1051] Building C object esp-idf/app_trace/CMakeFiles/__idf_app_trace.dir/app_trace.c.obj
[809/1051] Building C object 'esp-idf/mbedtls/mbedtls/library/CMakeFiles/mbedcrypto.dir/home/tikhon/Документы/magnolia/esp-idf/components/mbedtls/port/crypto_shared_gdma/esp_crypto_shared_gdma.c.obj'
[461/1051] Building C object esp-idf/soc/CMakeFiles/__idf_soc.dir/lldesc.c.obj
[941/1051] Building C object esp-idf/esp_lcd/CMakeFiles/__idf_esp_lcd.dir/src/esp_lcd_panel_io.c.obj
[968/1049] Building C object esp-idf/esp_local_ctrl/CMakeFiles/__idf_esp_local_ctrl.dir/src/esp_local_ctrl_transport_httpd.c.obj
[942/1051] Building C object esp-idf/esp_lcd/CMakeFiles/__idf_esp_lcd.dir/src/esp_lcd_common.c.obj
[810/1051] Building C object 'esp-idf/mbedtls/mbedtls/library/CMakeFiles/mbedcrypto.dir/home/tikhon/Документы/magnolia/esp-idf/components/mbedtls/port/sha/core/esp_sha1.c.obj'
[908/1051] Building C object esp-idf/protocomm/CMakeFiles/__idf_protocomm.dir/proto-c/sec2.pb-c.c.obj
[969/1049] Building C object esp-idf/json/CMakeFiles/__idf_json.dir/cJSON/cJSON.c.obj
[462/1051] Building C object esp-idf/esp_hw_support/CMakeFiles/__idf_esp_hw_support.dir/power_supply/brownout.c.obj
[915/1051] Building C object esp-idf/app_trace/CMakeFiles/__idf_app_trace.dir/host_file_io.c.obj
[933/1051] Linking C static library esp-idf/esp_partition/libesp_partition.a
[811/1051] Building C object 'esp-idf/mbedtls/mbedtls/library/CMakeFiles/mbedcrypto.dir/home/tikhon/Документы/magnolia/esp-idf/components/mbedtls/port/sha/core/sha.c.obj'
[812/1051] Building C object 'esp-idf/mbedtls/mbedtls/library/CMakeFiles/mbedcrypto.dir/home/tikhon/Документы/magnolia/esp-idf/components/mbedtls/port/sha/core/esp_sha256.c.obj'
[916/1051] Building C object esp-idf/cmock/CMakeFiles/__idf_cmock.dir/CMock/src/cmock.c.obj
[813/1051] Building C object esp-idf/mbedtls/mbedtls/library/CMakeFiles/mbedcrypto.dir/sha3.c.obj
[838/1051] Building C object esp-idf/efuse/CMakeFiles/__idf_efuse.dir/src/esp_efuse_api.c.obj
[934/1051] Building C object esp-idf/json/CMakeFiles/__idf_json.dir/cJSON/cJSON_Utils.c.obj
[463/1051] Building C object esp-idf/esp_hw_support/CMakeFiles/__idf_esp_hw_support.dir/mspi_timing_tuning/port/esp32s3/mspi_timing_config.c.obj
[1000/1051] Building C object esp-idf/usb/CMakeFiles/__idf_usb.dir/usb_helpers.c.obj
[970/1049] Building C object esp-idf/fatfs/CMakeFiles/__idf_fatfs.dir/port/freertos/ffsystem.c.obj
[917/1051] Linking C static library esp-idf/esp_driver_gpio/libesp_driver_gpio.a
[935/1051] Building C object esp-idf/esp_lcd/CMakeFiles/__idf_esp_lcd.dir/src/esp_lcd_panel_st7789.c.obj
[1003/1051] Building C object esp-idf/spiffs/CMakeFiles/__idf_spiffs.dir/spiffs/src/spiffs_check.c.obj
[1001/1051] Building C object esp-idf/spiffs/CMakeFiles/__idf_spiffs.dir/spiffs/src/spiffs_hydrogen.c.obj
[994/1051] Building C object esp-idf/fatfs/CMakeFiles/__idf_fatfs.dir/vfs/vfs_fat_sdmmc.c.obj
[814/1051] Building C object 'esp-idf/mbedtls/mbedtls/library/CMakeFiles/mbedcrypto.dir/home/tikhon/Документы/magnolia/esp-idf/components/mbedtls/port/aes/dma/esp_aes.c.obj'
[815/1051] Building C object esp-idf/mbedtls/mbedtls/3rdparty/everest/CMakeFiles/everest.dir/library/everest.c.obj
[816/1051] Building C object 'esp-idf/mbedtls/mbedtls/library/CMakeFiles/mbedcrypto.dir/home/tikhon/Документы/magnolia/esp-idf/components/mbedtls/port/esp_ds/esp_rsa_dec_alt.c.obj'
[817/1051] Building C object 'esp-idf/mbedtls/mbedtls/library/CMakeFiles/mbedcrypto.dir/home/tikhon/Документы/magnolia/esp-idf/components/mbedtls/port/esp_ds/esp_ds_common.c.obj'
[918/1051] Building C object esp-idf/app_trace/CMakeFiles/__idf_app_trace.dir/app_trace_util.c.obj
[909/1051] Building CXX object esp-idf/wear_levelling/CMakeFiles/__idf_wear_levelling.dir/Partition.cpp.obj
[464/1051] Building C object esp-idf/soc/CMakeFiles/__idf_soc.dir/esp32s3/gdma_periph.c.obj
[1004/1051] Building C object esp-idf/touch_element/CMakeFiles/__idf_touch_element.dir/touch_matrix.c.obj
[971/1049] Linking C static library esp-idf/json/libjson.a
[465/1051] Building C object esp-idf/soc/CMakeFiles/__idf_soc.dir/esp32s3/uart_periph.c.obj
[919/1051] Building CXX object esp-idf/wear_levelling/CMakeFiles/__idf_wear_levelling.dir/WL_Ext_Safe.cpp.obj
[818/1051] Building C object esp-idf/mbedtls/mbedtls/3rdparty/p256-m/CMakeFiles/p256m.dir/p256-m/p256-m.c.obj
[910/1051] Building CXX object esp-idf/wear_levelling/CMakeFiles/__idf_wear_levelling.dir/WL_Ext_Perf.cpp.obj
[936/1051] Building C object esp-idf/esp_eth/CMakeFiles/__idf_esp_eth.dir/src/esp_eth_netif_glue.c.obj
[839/1051] Building C object esp-idf/esp_security/CMakeFiles/__idf_esp_security.dir/src/init.c.obj
[972/1049] Building C object esp-idf/esp_driver_touch_sens/CMakeFiles/__idf_esp_driver_touch_sens.dir/hw_ver2/touch_version_specific.c.obj
[920/1051] Building C object esp-idf/esp_driver_cam/CMakeFiles/__idf_esp_driver_cam.dir/esp_cam_ctlr.c.obj
[466/1051] Building C object esp-idf/soc/CMakeFiles/__idf_soc.dir/esp32s3/adc_periph.c.obj
[911/1051] Building C object esp-idf/app_trace/CMakeFiles/__idf_app_trace.dir/host_file_io.c.obj
[943/1051] Linking C static library esp-idf/unity/libunity.a
[921/1051] Building C object esp-idf/esp_driver_cam/CMakeFiles/__idf_esp_driver_cam.dir/dvp_share_ctrl.c.obj
[1005/1051] Building C object esp-idf/wifi_provisioning/CMakeFiles/__idf_wifi_provisioning.dir/src/wifi_config.c.obj
[973/1049] Building C object esp-idf/esp_local_ctrl/CMakeFiles/__idf_esp_local_ctrl.dir/src/esp_local_ctrl.c.obj
[819/1051] Building C object 'esp-idf/mbedtls/mbedtls/library/CMakeFiles/mbedcrypto.dir/home/tikhon/Документы/magnolia/esp-idf/components/mbedtls/port/sha/core/esp_sha512.c.obj'
[467/1051] Building C object esp-idf/soc/CMakeFiles/__idf_soc.dir/esp32s3/gpio_periph.c.obj
[1006/1051] Building C object esp-idf/spiffs/CMakeFiles/__idf_spiffs.dir/esp_spiffs.c.obj
[468/1051] Building C object esp-idf/soc/CMakeFiles/__idf_soc.dir/esp32s3/dedic_gpio_periph.c.obj
[912/1051] Building C object esp-idf/protocomm/CMakeFiles/__idf_protocomm.dir/src/common/protocomm.c.obj
[944/1051] Building C object esp-idf/esp_eth/CMakeFiles/__idf_esp_eth.dir/src/esp_eth_netif_glue.c.obj
[1007/1051] Building C object esp-idf/usb/CMakeFiles/__idf_usb.dir/usb_helpers.c.obj
[974/1049] Building C object esp-idf/esp_local_ctrl/CMakeFiles/__idf_esp_local_ctrl.dir/src/esp_local_ctrl_handler.c.obj
[469/1051] Building C object esp-idf/soc/CMakeFiles/__idf_soc.dir/esp32s3/ledc_periph.c.obj
[995/1051] Building C object esp-idf/esp_lcd/CMakeFiles/__idf_esp_lcd.dir/rgb/esp_lcd_panel_rgb.c.obj
[840/1051] Building C object esp-idf/esp_pm/CMakeFiles/__idf_esp_pm.dir/pm_locks.c.obj
[945/1051] Building C object esp-idf/esp_hid/CMakeFiles/__idf_esp_hid.dir/src/esp_hid_common.c.obj
[975/1049] Building C object esp-idf/esp_local_ctrl/CMakeFiles/__idf_esp_local_ctrl.dir/proto-c/esp_local_ctrl.pb-c.c.obj
[820/1051] Building C object esp-idf/mbedtls/mbedtls/3rdparty/everest/CMakeFiles/everest.dir/library/Hacl_Curve25519_joined.c.obj
[841/1051] Building C object esp-idf/efuse/CMakeFiles/__idf_efuse.dir/esp32s3/esp_efuse_table.c.obj
[937/1051] Linking C static library esp-idf/app_update/libapp_update.a
[922/1051] Building C object esp-idf/app_trace/CMakeFiles/__idf_app_trace.dir/port/port_uart.c.obj
[834/1051] Building ASM object esp-idf/mbedtls/CMakeFiles/__idf_mbedtls.dir/__/__/x509_crt_bundle.S.obj
[470/1051] Building C object esp-idf/soc/CMakeFiles/__idf_soc.dir/esp32s3/pcnt_periph.c.obj
[1002/1051] Building C object esp-idf/spiffs/CMakeFiles/__idf_spiffs.dir/spiffs/src/spiffs_check.c.obj
[835/1051] Building C object esp-idf/esp_pm/CMakeFiles/__idf_esp_pm.dir/pm_locks.c.obj
[1008/1051] Building C object esp-idf/touch_element/CMakeFiles/__idf_touch_element.dir/touch_slider.c.obj
[842/1051] Building C object esp-idf/esp_security/CMakeFiles/__idf_esp_security.dir/src/esp_ds.c.obj
[1009/1051] Building C object esp-idf/usb/CMakeFiles/__idf_usb.dir/hub.c.obj
[938/1051] Building C object esp-idf/esp_lcd/CMakeFiles/__idf_esp_lcd.dir/src/esp_lcd_common.c.obj
[471/1051] Building C object esp-idf/soc/CMakeFiles/__idf_soc.dir/esp32s3/spi_periph.c.obj
[472/1051] Building C object esp-idf/soc/CMakeFiles/__idf_soc.dir/esp32s3/rmt_periph.c.obj
[821/1051] Building C object 'esp-idf/mbedtls/mbedtls/library/CMakeFiles/mbedcrypto.dir/home/tikhon/Документы/magnolia/esp-idf/components/mbedtls/port/aes/dma/esp_aes_dma_core.c.obj'
[939/1051] Building C object esp-idf/esp_lcd/CMakeFiles/__idf_esp_lcd.dir/src/esp_lcd_panel_ops.c.obj
[976/1049] Building C object esp-idf/fatfs/CMakeFiles/__idf_fatfs.dir/diskio/diskio_rawflash.c.obj
[940/1051] Building C object esp-idf/esp_lcd/CMakeFiles/__idf_esp_lcd.dir/src/esp_lcd_panel_nt35510.c.obj
[473/1051] Building C object esp-idf/esp_hw_support/CMakeFiles/__idf_esp_hw_support.dir/port/esp32s3/rtc_init.c.obj
[923/1051] Linking C static library esp-idf/esp_security/libesp_security.a
[836/1051] Building C object esp-idf/esp_security/CMakeFiles/__idf_esp_security.dir/src/esp_crypto_lock.c.obj
[843/1051] Building C object esp-idf/efuse/CMakeFiles/__idf_efuse.dir/esp32s3/esp_efuse_rtc_calib.c.obj
[474/1051] Linking C static library esp-idf/nvs_flash/libnvs_flash.a
[822/1051] Building C object esp-idf/mbedtls/mbedtls/3rdparty/p256-m/CMakeFiles/p256m.dir/p256-m_driver_entrypoints.c.obj
[823/1051] Building C object 'esp-idf/mbedtls/mbedtls/library/CMakeFiles/mbedcrypto.dir/home/tikhon/Документы/magnolia/esp-idf/components/mbedtls/port/esp_ds/esp_rsa_sign_alt.c.obj'
[1003/1051] Building C object esp-idf/wifi_provisioning/CMakeFiles/__idf_wifi_provisioning.dir/src/wifi_config.c.obj
[913/1051] Building C object esp-idf/protocomm/CMakeFiles/__idf_protocomm.dir/src/transports/protocomm_console.c.obj
[1010/1051] Building C object esp-idf/wifi_provisioning/CMakeFiles/__idf_wifi_provisioning.dir/src/scheme_softap.c.obj
[924/1051] Building C object esp-idf/esp_driver_cam/CMakeFiles/__idf_esp_driver_cam.dir/dvp/src/esp_cam_ctlr_dvp_gdma.c.obj
[475/1051] Building C object esp-idf/soc/CMakeFiles/__idf_soc.dir/esp32s3/sdm_periph.c.obj
[824/1051] Building C object 'esp-idf/mbedtls/mbedtls/library/CMakeFiles/mbedcrypto.dir/home/tikhon/Документы/magnolia/esp-idf/components/mbedtls/port/aes/esp_aes_gcm.c.obj'
[837/1051] Building C object esp-idf/esp_pm/CMakeFiles/__idf_esp_pm.dir/pm_trace.c.obj
[844/1051] Building C object esp-idf/efuse/CMakeFiles/__idf_efuse.dir/esp32s3/esp_efuse_fields.c.obj
[914/1051] Building CXX object esp-idf/wear_levelling/CMakeFiles/__idf_wear_levelling.dir/SPI_Flash.cpp.obj
[996/1051] Building C object esp-idf/touch_element/CMakeFiles/__idf_touch_element.dir/touch_button.c.obj
[825/1051] Building C object esp-idf/mbedtls/mbedtls/3rdparty/everest/CMakeFiles/everest.dir/library/x25519.c.obj
[1004/1051] Building C object esp-idf/wifi_provisioning/CMakeFiles/__idf_wifi_provisioning.dir/src/wifi_ctrl.c.obj
[476/1051] Building C object esp-idf/soc/CMakeFiles/__idf_soc.dir/esp32s3/lcd_periph.c.obj
[845/1051] Building C object esp-idf/esp_security/CMakeFiles/__idf_esp_security.dir/src/esp_crypto_periph_clk.c.obj
[477/1051] Building C object esp-idf/soc/CMakeFiles/__idf_soc.dir/esp32s3/mcpwm_periph.c.obj
[941/1051] Building C object esp-idf/esp_hid/CMakeFiles/__idf_esp_hid.dir/src/esp_hid_common.c.obj
[977/1049] Building C object esp-idf/fatfs/CMakeFiles/__idf_fatfs.dir/src/ffunicode.c.obj
[942/1051] Building C object esp-idf/esp_hid/CMakeFiles/__idf_esp_hid.dir/src/esp_hidh.c.obj
[915/1051] Building C object esp-idf/protocomm/CMakeFiles/__idf_protocomm.dir/src/crypto/srp6a/esp_srp.c.obj
[846/1051] Building C object esp-idf/efuse/CMakeFiles/__idf_efuse.dir/esp32s3/esp_efuse_utility.c.obj
[997/1051] Building C object esp-idf/spiffs/CMakeFiles/__idf_spiffs.dir/spiffs/src/spiffs_check.c.obj
[478/1051] Building C object esp-idf/soc/CMakeFiles/__idf_soc.dir/esp32s3/i2s_periph.c.obj
[943/1051] Linking C static library esp-idf/esp_bootloader_format/libesp_bootloader_format.a
[479/1051] Building C object esp-idf/soc/CMakeFiles/__idf_soc.dir/esp32s3/i2c_periph.c.obj
[847/1051] Building C object esp-idf/efuse/CMakeFiles/__idf_efuse.dir/src/esp_efuse_fields.c.obj
[916/1051] Building C object esp-idf/cmock/CMakeFiles/__idf_cmock.dir/CMock/src/cmock.c.obj
[826/1051] Building C object 'esp-idf/mbedtls/mbedtls/library/CMakeFiles/mbedcrypto.dir/home/tikhon/Документы/magnolia/esp-idf/components/mbedtls/port/bignum/esp_bignum.c.obj'
[978/1049] Building C object esp-idf/perfmon/CMakeFiles/__idf_perfmon.dir/xtensa_perfmon_masks.c.obj
[946/1051] Building C object esp-idf/esp_lcd/CMakeFiles/__idf_esp_lcd.dir/src/esp_lcd_panel_ops.c.obj
[848/1051] Building C object esp-idf/esp_pm/CMakeFiles/__idf_esp_pm.dir/pm_impl.c.obj
[480/1051] Building C object esp-idf/soc/CMakeFiles/__idf_soc.dir/esp32s3/temperature_sensor_periph.c.obj
[925/1051] Building C object esp-idf/app_trace/CMakeFiles/__idf_app_trace.dir/app_trace.c.obj
[838/1051] Building C object esp-idf/efuse/CMakeFiles/__idf_efuse.dir/src/esp_efuse_fields.c.obj
[917/1051] Building C object esp-idf/esp_https_server/CMakeFiles/__idf_esp_https_server.dir/src/https_server.c.obj
[481/1051] Building C object esp-idf/soc/CMakeFiles/__idf_soc.dir/esp32s3/touch_sensor_periph.c.obj
[849/1051] Building C object esp-idf/esp_driver_gpio/CMakeFiles/__idf_esp_driver_gpio.dir/src/gpio_pin_glitch_filter.c.obj
[979/1049] Building C object esp-idf/fatfs/CMakeFiles/__idf_fatfs.dir/diskio/diskio_sdmmc.c.obj
[850/1051] Building C object esp-idf/esp_security/CMakeFiles/__idf_esp_security.dir/src/esp_hmac.c.obj
[839/1051] Building C object esp-idf/esp_driver_gpio/CMakeFiles/__idf_esp_driver_gpio.dir/src/gpio_glitch_filter_ops.c.obj
[482/1051] Linking C static library esp-idf/esp_event/libesp_event.a
[926/1051] Building C object esp-idf/protocomm/CMakeFiles/__idf_protocomm.dir/src/security/security2.c.obj
[483/1051] Building C object esp-idf/esp_hw_support/CMakeFiles/__idf_esp_hw_support.dir/port/esp32s3/rtc_time.c.obj
[947/1051] Building CXX object esp-idf/wear_levelling/CMakeFiles/__idf_wear_levelling.dir/WL_Flash.cpp.obj
[1005/1051] Building C object esp-idf/usb/CMakeFiles/__idf_usb.dir/hub.c.obj
[918/1051] Building C object esp-idf/app_trace/CMakeFiles/__idf_app_trace.dir/port/port_uart.c.obj
[919/1051] Building C object esp-idf/app_trace/CMakeFiles/__idf_app_trace.dir/app_trace_util.c.obj
[484/1051] Building C object esp-idf/esp_hw_support/CMakeFiles/__idf_esp_hw_support.dir/mspi_timing_tuning/port/esp32s3/mspi_timing_by_mspi_delay.c.obj
[998/1051] Building C object esp-idf/touch_element/CMakeFiles/__idf_touch_element.dir/touch_slider.c.obj
[944/1051] Building C object esp-idf/espcoredump/CMakeFiles/__idf_espcoredump.dir/src/core_dump_init.c.obj
[945/1051] Linking C static library esp-idf/esp_app_format/libesp_app_format.a
[851/1051] Building ASM object esp-idf/xtensa/CMakeFiles/__idf_xtensa.dir/xtensa_intr_asm.S.obj
[927/1051] Building C object esp-idf/json/CMakeFiles/__idf_json.dir/cJSON/cJSON_Utils.c.obj
[485/1051] Building C object esp-idf/esp_hw_support/CMakeFiles/__idf_esp_hw_support.dir/lowpower/port/esp32s3/sleep_cpu.c.obj
[928/1051] Linking C static library esp-idf/efuse/libefuse.a
[980/1049] Building C object esp-idf/perfmon/CMakeFiles/__idf_perfmon.dir/xtensa_perfmon_access.c.obj
[852/1051] Building C object esp-idf/xtensa/CMakeFiles/__idf_xtensa.dir/eri.c.obj
[999/1051] Building C object esp-idf/usb/CMakeFiles/__idf_usb.dir/usb_private.c.obj
[948/1051] Building C object esp-idf/espcoredump/CMakeFiles/__idf_espcoredump.dir/src/core_dump_init.c.obj
[946/1051] Building C object esp-idf/esp_lcd/CMakeFiles/__idf_esp_lcd.dir/src/esp_lcd_panel_ssd1306.c.obj
[486/1051] Building C object esp-idf/soc/CMakeFiles/__idf_soc.dir/esp32s3/timer_periph.c.obj
[840/1051] Building C object esp-idf/esp_security/CMakeFiles/__idf_esp_security.dir/src/esp_ds.c.obj
[853/1051] Building C object esp-idf/esp_bootloader_format/CMakeFiles/__idf_esp_bootloader_format.dir/esp_bootloader_desc.c.obj
[1006/1051] Building C object esp-idf/usb/CMakeFiles/__idf_usb.dir/enum.c.obj
[1011/1051] Building C object esp-idf/usb/CMakeFiles/__idf_usb.dir/enum.c.obj
[949/1051] Building C object esp-idf/esp_lcd/CMakeFiles/__idf_esp_lcd.dir/src/esp_lcd_panel_ssd1306.c.obj
[1012/1051] Building C object esp-idf/espressif__elf_loader/CMakeFiles/__idf_espressif__elf_loader.dir/src/esp_elf_adapter.c.obj
[841/1051] Building C object esp-idf/efuse/CMakeFiles/__idf_efuse.dir/src/esp_efuse_api.c.obj
[981/1049] Building C object esp-idf/spiffs/CMakeFiles/__idf_spiffs.dir/spiffs_api.c.obj
[487/1051] Building C object esp-idf/soc/CMakeFiles/__idf_soc.dir/esp32s3/mpi_periph.c.obj
[929/1051] Building C object esp-idf/esp_eth/CMakeFiles/__idf_esp_eth.dir/src/esp_eth.c.obj
[947/1051] Building C object esp-idf/espcoredump/CMakeFiles/__idf_espcoredump.dir/src/core_dump_common.c.obj
[488/1051] Building C object esp-idf/soc/CMakeFiles/__idf_soc.dir/esp32s3/twai_periph.c.obj
[950/1051] Building C object esp-idf/esp_lcd/CMakeFiles/__idf_esp_lcd.dir/i2c/esp_lcd_panel_io_i2c_v1.c.obj
[489/1051] Building C object esp-idf/esp_hw_support/CMakeFiles/__idf_esp_hw_support.dir/port/esp32s3/rtc_clk.c.obj
[842/1051] Building C object esp-idf/mbedtls/CMakeFiles/__idf_mbedtls.dir/esp_crt_bundle/esp_crt_bundle.c.obj
[951/1051] Building C object esp-idf/esp_lcd/CMakeFiles/__idf_esp_lcd.dir/i2c/esp_lcd_panel_io_i2c_v2.c.obj
[982/1049] Building C object esp-idf/mqtt/CMakeFiles/__idf_mqtt.dir/esp-mqtt/lib/mqtt_msg.c.obj
[854/1051] Building ASM object esp-idf/xtensa/CMakeFiles/__idf_xtensa.dir/xtensa_context.S.obj
[490/1051] Building C object esp-idf/soc/CMakeFiles/__idf_soc.dir/esp32s3/sdmmc_periph.c.obj
[948/1051] Linking C static library esp-idf/xtensa/libxtensa.a
[491/1051] Building C object esp-idf/soc/CMakeFiles/__idf_soc.dir/esp32s3/wdt_periph.c.obj
[843/1051] Building C object esp-idf/efuse/CMakeFiles/__idf_efuse.dir/esp32s3/esp_efuse_rtc_calib.c.obj
[855/1051] Building C object esp-idf/efuse/CMakeFiles/__idf_efuse.dir/src/esp_efuse_startup.c.obj
[856/1051] Building C object esp-idf/app_update/CMakeFiles/__idf_app_update.dir/esp_ota_app_desc.c.obj
[952/1051] Building C object esp-idf/esp_hid/CMakeFiles/__idf_esp_hid.dir/src/esp_hidh.c.obj
[920/1051] Building C object esp-idf/esp_driver_cam/CMakeFiles/__idf_esp_driver_cam.dir/esp_cam_ctlr.c.obj
[1007/1051] Building C object esp-idf/fatfs/CMakeFiles/__idf_fatfs.dir/vfs/vfs_fat.c.obj
[921/1051] Building C object esp-idf/esp_driver_gpio/CMakeFiles/__idf_esp_driver_gpio.dir/src/gpio.c.obj
[844/1051] Building C object esp-idf/esp_security/CMakeFiles/__idf_esp_security.dir/src/esp_hmac.c.obj
[492/1051] Building C object esp-idf/soc/CMakeFiles/__idf_soc.dir/esp32s3/usb_dwc_periph.c.obj
[1000/1051] Building C object esp-idf/fatfs/CMakeFiles/__idf_fatfs.dir/vfs/vfs_fat.c.obj
[857/1051] Building C object esp-idf/xtensa/CMakeFiles/__idf_xtensa.dir/xt_trax.c.obj
[845/1051] Building C object esp-idf/efuse/CMakeFiles/__idf_efuse.dir/esp32s3/esp_efuse_table.c.obj
[953/1051] Building C object esp-idf/espcoredump/CMakeFiles/__idf_espcoredump.dir/src/core_dump_flash.c.obj
[922/1051] Building C object esp-idf/protocomm/CMakeFiles/__idf_protocomm.dir/src/security/security2.c.obj
[930/1051] Building C object esp-idf/esp_hid/CMakeFiles/__idf_esp_hid.dir/src/esp_hidd.c.obj
[493/1051] Building C object esp-idf/soc/CMakeFiles/__idf_soc.dir/esp32s3/cam_periph.c.obj
[931/1051] Linking C static library esp-idf/esp_partition/libesp_partition.a
[494/1051] Building C object esp-idf/soc/CMakeFiles/__idf_soc.dir/esp32s3/power_supply_periph.c.obj
[949/1051] Building C object esp-idf/espcoredump/CMakeFiles/__idf_espcoredump.dir/src/core_dump_flash.c.obj
[858/1051] Building ASM object esp-idf/xtensa/CMakeFiles/__idf_xtensa.dir/xtensa_vectors.S.obj
[950/1051] Building C object esp-idf/esp_lcd/CMakeFiles/__idf_esp_lcd.dir/i2c/esp_lcd_panel_io_i2c_v1.c.obj
[495/1051] Building C object esp-idf/soc/CMakeFiles/__idf_soc.dir/esp32s3/rtc_io_periph.c.obj
[1013/1051] Linking C static library esp-idf/cmock/libcmock.a
[954/1051] Building C object esp-idf/espcoredump/CMakeFiles/__idf_espcoredump.dir/src/core_dump_common.c.obj
[859/1051] Building C object esp-idf/esp_driver_gpio/CMakeFiles/__idf_esp_driver_gpio.dir/src/dedic_gpio.c.obj
[1014/1051] Building C object esp-idf/wifi_provisioning/CMakeFiles/__idf_wifi_provisioning.dir/src/scheme_console.c.obj
[496/1051] Linking C static library esp-idf/esp_driver_uart/libesp_driver_uart.a
[951/1051] Building C object esp-idf/esp_lcd/CMakeFiles/__idf_esp_lcd.dir/i2c/esp_lcd_panel_io_i2c_v2.c.obj
[983/1049] Building C object esp-idf/perfmon/CMakeFiles/__idf_perfmon.dir/xtensa_perfmon_apis.c.obj
[955/1051] Building C object esp-idf/esp_lcd/CMakeFiles/__idf_esp_lcd.dir/src/esp_lcd_panel_st7789.c.obj
[860/1051] Building C object esp-idf/mbedtls/CMakeFiles/__idf_mbedtls.dir/esp_crt_bundle/esp_crt_bundle.c.obj
[846/1051] Building C object esp-idf/esp_security/CMakeFiles/__idf_esp_security.dir/src/init.c.obj
[1008/1051] Building C object esp-idf/wifi_provisioning/CMakeFiles/__idf_wifi_provisioning.dir/src/wifi_scan.c.obj
[956/1051] Building C object esp-idf/esp_local_ctrl/CMakeFiles/__idf_esp_local_ctrl.dir/src/esp_local_ctrl_transport_httpd.c.obj
[1015/1051] Building C object esp-idf/wifi_provisioning/CMakeFiles/__idf_wifi_provisioning.dir/proto-c/wifi_ctrl.pb-c.c.obj
[957/1051] Building C object esp-idf/espcoredump/CMakeFiles/__idf_espcoredump.dir/src/port/xtensa/core_dump_port.c.obj
[932/1051] Building C object esp-idf/unity/CMakeFiles/__idf_unity.dir/unity/src/unity.c.obj
[1001/1051] Building C object esp-idf/wifi_provisioning/CMakeFiles/__idf_wifi_provisioning.dir/src/wifi_config.c.obj
[847/1051] Building C object esp-idf/efuse/CMakeFiles/__idf_efuse.dir/esp32s3/esp_efuse_fields.c.obj
[1016/1051] Building C object esp-idf/spiffs/CMakeFiles/__idf_spiffs.dir/spiffs/src/spiffs_hydrogen.c.obj
[952/1051] Building C object esp-idf/protobuf-c/CMakeFiles/__idf_protobuf-c.dir/protobuf-c/protobuf-c/protobuf-c.c.obj
[958/1051] Building C object esp-idf/esp_driver_touch_sens/CMakeFiles/__idf_esp_driver_touch_sens.dir/common/touch_sens_common.c.obj
[1009/1051] Building C object esp-idf/spiffs/CMakeFiles/__idf_spiffs.dir/esp_spiffs.c.obj
[1002/1051] Building C object esp-idf/usb/CMakeFiles/__idf_usb.dir/usb_helpers.c.obj
[923/1051] Building C object esp-idf/esp_driver_cam/CMakeFiles/__idf_esp_driver_cam.dir/dvp/src/esp_cam_ctlr_dvp_gdma.c.obj
[1017/1051] Building C object esp-idf/wifi_provisioning/CMakeFiles/__idf_wifi_provisioning.dir/src/handlers.c.obj
[1018/1051] Building C object esp-idf/wifi_provisioning/CMakeFiles/__idf_wifi_provisioning.dir/proto-c/wifi_config.pb-c.c.obj
[861/1051] Building C object esp-idf/efuse/CMakeFiles/__idf_efuse.dir/src/esp_efuse_utility.c.obj
[848/1051] Building C object esp-idf/efuse/CMakeFiles/__idf_efuse.dir/esp32s3/esp_efuse_utility.c.obj
[1019/1051] Building C object esp-idf/wifi_provisioning/CMakeFiles/__idf_wifi_provisioning.dir/proto-c/wifi_constants.pb-c.c.obj
[953/1051] Building CXX object esp-idf/wear_levelling/CMakeFiles/__idf_wear_levelling.dir/WL_Flash.cpp.obj
[959/1051] Building C object esp-idf/espcoredump/CMakeFiles/__idf_espcoredump.dir/src/core_dump_sha.c.obj
[849/1051] Building C object esp-idf/efuse/CMakeFiles/__idf_efuse.dir/src/esp_efuse_utility.c.obj
[1020/1051] Building C object esp-idf/espressif__elf_loader/CMakeFiles/__idf_espressif__elf_loader.dir/src/arch/esp_elf_xtensa.c.obj
[862/1051] Building C object esp-idf/esp_app_format/CMakeFiles/__idf_esp_app_format.dir/esp_app_desc.c.obj
[497/1051] Building C object esp-idf/heap/CMakeFiles/__idf_heap.dir/port/esp32s3/memory_layout.c.obj
[1021/1051] Linking C static library esp-idf/app_trace/libapp_trace.a
[924/1051] Building C object esp-idf/app_trace/CMakeFiles/__idf_app_trace.dir/app_trace.c.obj
[954/1051] Building C object esp-idf/espcoredump/CMakeFiles/__idf_espcoredump.dir/src/core_dump_uart.c.obj
[955/1051] Linking C static library esp-idf/esp_https_server/libesp_https_server.a
[933/1051] Linking C static library esp-idf/app_update/libapp_update.a
[956/1051] Linking C static library esp-idf/unity/libunity.a
[850/1051] Linking C static library esp-idf/mbedtls/libmbedtls.a
[863/1051] Building C object esp-idf/esp_partition/CMakeFiles/__idf_esp_partition.dir/partition_target.c.obj
[960/1051] Building C object esp-idf/esp_lcd/CMakeFiles/__idf_esp_lcd.dir/src/esp_lcd_panel_nt35510.c.obj
[864/1051] Building C object esp-idf/console/CMakeFiles/__idf_console.dir/split_argv.c.obj
[925/1051] Building C object esp-idf/esp_driver_cam/CMakeFiles/__idf_esp_driver_cam.dir/dvp_share_ctrl.c.obj
[957/1051] Building C object esp-idf/espcoredump/CMakeFiles/__idf_espcoredump.dir/src/core_dump_elf.c.obj
[961/1051] Building C object esp-idf/espcoredump/CMakeFiles/__idf_espcoredump.dir/src/core_dump_uart.c.obj
[984/1049] Building C object esp-idf/mqtt/CMakeFiles/__idf_mqtt.dir/esp-mqtt/lib/platform_esp32_idf.c.obj
[851/1051] Building C object esp-idf/esp_security/CMakeFiles/__idf_esp_security.dir/src/esp_crypto_periph_clk.c.obj
[926/1051] Linking C static library esp-idf/esp_driver_gpio/libesp_driver_gpio.a
[852/1051] Building C object esp-idf/esp_bootloader_format/CMakeFiles/__idf_esp_bootloader_format.dir/esp_bootloader_desc.c.obj
[865/1051] Linking C static library esp-idf/mbedtls/libmbedtls.a
[1022/1051] Linking C static library esp-idf/esp_driver_cam/libesp_driver_cam.a
[962/1051] Building C object esp-idf/espcoredump/CMakeFiles/__idf_espcoredump.dir/src/core_dump_elf.c.obj
[985/1049] Building C object esp-idf/mqtt/CMakeFiles/__idf_mqtt.dir/esp-mqtt/lib/mqtt_outbox.c.obj
[927/1051] Building C object esp-idf/esp_eth/CMakeFiles/__idf_esp_eth.dir/src/esp_eth_netif_glue.c.obj
[1010/1051] Building C object esp-idf/wifi_provisioning/CMakeFiles/__idf_wifi_provisioning.dir/src/scheme_console.c.obj
[498/1051] Linking C static library esp-idf/esp_ringbuf/libesp_ringbuf.a
[866/1051] Building C object esp-idf/efuse/CMakeFiles/__idf_efuse.dir/src/efuse_controller/keys/with_key_purposes/esp_efuse_api_key.c.obj
[958/1051] Building C object esp-idf/espcoredump/CMakeFiles/__idf_espcoredump.dir/src/core_dump_sha.c.obj
[1023/1051] Linking C static library esp-idf/esp_driver_touch_sens/libesp_driver_touch_sens.a
[1003/1051] Building C object esp-idf/wifi_provisioning/CMakeFiles/__idf_wifi_provisioning.dir/src/wifi_ctrl.c.obj
[963/1051] Linking C static library esp-idf/wear_levelling/libwear_levelling.a
[1011/1051] Building C object esp-idf/wifi_provisioning/CMakeFiles/__idf_wifi_provisioning.dir/proto-c/wifi_ctrl.pb-c.c.obj
[1024/1051] Linking C static library esp-idf/esp_hid/libesp_hid.a
[986/1049] Building C object esp-idf/nvs_sec_provider/CMakeFiles/__idf_nvs_sec_provider.dir/nvs_sec_provider.c.obj
[853/1051] Building C object esp-idf/app_update/CMakeFiles/__idf_app_update.dir/esp_ota_app_desc.c.obj
[959/1051] Building C object esp-idf/espcoredump/CMakeFiles/__idf_espcoredump.dir/src/port/xtensa/core_dump_port.c.obj
[1012/1051] Building C object esp-idf/wifi_provisioning/CMakeFiles/__idf_wifi_provisioning.dir/proto-c/wifi_config.pb-c.c.obj
[1004/1051] Building C object esp-idf/usb/CMakeFiles/__idf_usb.dir/hcd_dwc.c.obj
[1025/1051] Linking C static library esp-idf/esp_eth/libesp_eth.a
[987/1049] Building C object esp-idf/rt/CMakeFiles/__idf_rt.dir/FreeRTOS_POSIX_utils.c.obj
[867/1051] Building C object esp-idf/esp_driver_gpio/CMakeFiles/__idf_esp_driver_gpio.dir/src/rtc_io.c.obj
[1013/1051] Building C object esp-idf/wifi_provisioning/CMakeFiles/__idf_wifi_provisioning.dir/proto-c/wifi_constants.pb-c.c.obj
[499/1051] Building C object esp-idf/log/CMakeFiles/__idf_log.dir/src/util.c.obj
[1026/1051] Building C object esp-idf/espressif__elf_loader/CMakeFiles/__idf_espressif__elf_loader.dir/src/esp_elf_symbol.c.obj
[960/1051] Linking C static library esp-idf/console/libconsole.a
[1027/1051] Linking C static library esp-idf/nvs_sec_provider/libnvs_sec_provider.a
[868/1051] Linking C static library esp-idf/esp_pm/libesp_pm.a
[854/1051] Building C object esp-idf/xtensa/CMakeFiles/__idf_xtensa.dir/eri.c.obj
[988/1049] Building C object esp-idf/spiffs/CMakeFiles/__idf_spiffs.dir/spiffs/src/spiffs_cache.c.obj
[961/1051] Linking C static library esp-idf/protobuf-c/libprotobuf-c.a
[934/1051] Building C object esp-idf/esp_lcd/CMakeFiles/__idf_esp_lcd.dir/src/esp_lcd_common.c.obj
[964/1051] Building C object esp-idf/esp_local_ctrl/CMakeFiles/__idf_esp_local_ctrl.dir/src/esp_local_ctrl_handler.c.obj
[1028/1051] Linking C static library esp-idf/esp_local_ctrl/libesp_local_ctrl.a
[1005/1051] Building C object esp-idf/usb/CMakeFiles/__idf_usb.dir/hub.c.obj
[935/1051] Building C object esp-idf/esp_eth/CMakeFiles/__idf_esp_eth.dir/src/esp_eth_netif_glue.c.obj
[962/1051] Building C object esp-idf/esp_driver_touch_sens/CMakeFiles/__idf_esp_driver_touch_sens.dir/common/touch_sens_common.c.obj
[500/1051] Building C object esp-idf/log/CMakeFiles/__idf_log.dir/src/log_format_text.c.obj
[1029/1051] Linking C static library esp-idf/espcoredump/libespcoredump.a
[936/1051] Linking C static library esp-idf/esp_bootloader_format/libesp_bootloader_format.a
[928/1051] Linking C static library esp-idf/esp_security/libesp_security.a
[963/1051] Building C object esp-idf/esp_local_ctrl/CMakeFiles/__idf_esp_local_ctrl.dir/src/esp_local_ctrl_transport_httpd.c.obj
[855/1051] Building C object esp-idf/esp_driver_gpio/CMakeFiles/__idf_esp_driver_gpio.dir/src/gpio_pin_glitch_filter.c.obj
[501/1051] Linking C static library esp-idf/esp_driver_gptimer/libesp_driver_gptimer.a
[1030/1051] Building C object esp-idf/usb/CMakeFiles/__idf_usb.dir/usbh.c.obj
[1031/1051] Linking C static library esp-idf/fatfs/libfatfs.a
[856/1051] Building C object esp-idf/efuse/CMakeFiles/__idf_efuse.dir/src/esp_efuse_startup.c.obj
[964/1051] Linking C static library esp-idf/wear_levelling/libwear_levelling.a
[989/1049] Building C object esp-idf/fatfs/CMakeFiles/__idf_fatfs.dir/vfs/vfs_fat_sdmmc.c.obj
[1032/1051] Linking C static library esp-idf/perfmon/libperfmon.a
[502/1051] Building C object esp-idf/log/CMakeFiles/__idf_log.dir/src/log_print.c.obj
[1033/1051] Linking C static library esp-idf/esp_lcd/libesp_lcd.a
[1034/1051] Building ASM object 'esp-idf/main/CMakeFiles/__idf_main.dir/home/tikhon/Документы/magnolia/sdk/tinygo/runtime/tinygo_symbols.S.obj'
[1035/1051] Linking C static library esp-idf/rt/librt.a
[869/1051] Building C object esp-idf/xtensa/CMakeFiles/__idf_xtensa.dir/xtensa_intr.c.obj
[857/1051] Building ASM object esp-idf/xtensa/CMakeFiles/__idf_xtensa.dir/xtensa_context.S.obj
[858/1051] Building C object esp-idf/xtensa/CMakeFiles/__idf_xtensa.dir/xt_trax.c.obj
[870/1051] Building C object esp-idf/console/CMakeFiles/__idf_console.dir/argtable3/arg_dbl.c.obj
[929/1051] Building C object esp-idf/esp_hid/CMakeFiles/__idf_esp_hid.dir/src/esp_hidd.c.obj
[1036/1051] Building C object esp-idf/wifi_provisioning/CMakeFiles/__idf_wifi_provisioning.dir/proto-c/wifi_scan.pb-c.c.obj
[937/1051] Building C object esp-idf/esp_hid/CMakeFiles/__idf_esp_hid.dir/src/esp_hid_common.c.obj
[859/1051] Building ASM object esp-idf/xtensa/CMakeFiles/__idf_xtensa.dir/xtensa_intr_asm.S.obj
[503/1051] Building C object esp-idf/heap/CMakeFiles/__idf_heap.dir/port/memory_layout_utils.c.obj
[871/1051] Building C object esp-idf/console/CMakeFiles/__idf_console.dir/argtable3/arg_file.c.obj
[860/1051] Building ASM object esp-idf/xtensa/CMakeFiles/__idf_xtensa.dir/xtensa_vectors.S.obj
[1014/1051] Linking C static library esp-idf/app_trace/libapp_trace.a
[1037/1051] Linking C static library esp-idf/spiffs/libspiffs.a
[965/1051] Building C object esp-idf/fatfs/CMakeFiles/__idf_fatfs.dir/port/freertos/ffsystem.c.obj
[1015/1051] Linking C static library esp-idf/cmock/libcmock.a
[504/1051] Building C object esp-idf/log/CMakeFiles/__idf_log.dir/src/os/log_timestamp.c.obj
[1016/1051] Building C object esp-idf/espressif__elf_loader/CMakeFiles/__idf_espressif__elf_loader.dir/src/esp_elf_adapter.c.obj
[938/1051] Linking C static library esp-idf/esp_app_format/libesp_app_format.a
[872/1051] Building C object esp-idf/console/CMakeFiles/__idf_console.dir/argtable3/arg_rem.c.obj
[1017/1051] Building C object esp-idf/wifi_provisioning/CMakeFiles/__idf_wifi_provisioning.dir/src/handlers.c.obj
[965/1051] Building C object esp-idf/esp_local_ctrl/CMakeFiles/__idf_esp_local_ctrl.dir/src/esp_local_ctrl_handler.c.obj
[939/1051] Building C object esp-idf/esp_lcd/CMakeFiles/__idf_esp_lcd.dir/src/esp_lcd_panel_io.c.obj
[966/1051] Building C object esp-idf/esp_driver_touch_sens/CMakeFiles/__idf_esp_driver_touch_sens.dir/hw_ver2/touch_version_specific.c.obj
[1018/1051] Linking C static library esp-idf/esp_driver_cam/libesp_driver_cam.a
[930/1051] Building C object esp-idf/esp_hid/CMakeFiles/__idf_esp_hid.dir/src/esp_hid_common.c.obj
[505/1051] Building C object esp-idf/log/CMakeFiles/__idf_log.dir/src/os/util.c.obj
[861/1051] Building C object esp-idf/esp_pm/CMakeFiles/__idf_esp_pm.dir/pm_impl.c.obj
[931/1051] Linking C static library esp-idf/efuse/libefuse.a
[873/1051] Building C object esp-idf/esp_partition/CMakeFiles/__idf_esp_partition.dir/partition.c.obj
[506/1051] Building C object esp-idf/esp_hw_support/CMakeFiles/__idf_esp_hw_support.dir/dma/gdma.c.obj
[990/1049] Building C object esp-idf/esp_lcd/CMakeFiles/__idf_esp_lcd.dir/i80/esp_lcd_panel_io_i80.c.obj
[1019/1051] Building C object esp-idf/espressif__elf_loader/CMakeFiles/__idf_espressif__elf_loader.dir/src/arch/esp_elf_xtensa.c.obj
[1038/1051] Building C object esp-idf/espressif__elf_loader/CMakeFiles/__idf_espressif__elf_loader.dir/src/esp_elf.c.obj
[507/1051] Building C object esp-idf/heap/CMakeFiles/__idf_heap.dir/heap_caps_base.c.obj
[991/1049] Building C object esp-idf/fatfs/CMakeFiles/__idf_fatfs.dir/vfs/vfs_fat_spiflash.c.obj
[940/1051] Building C object esp-idf/esp_hid/CMakeFiles/__idf_esp_hid.dir/src/esp_hidh.c.obj
[508/1051] Building C object esp-idf/log/CMakeFiles/__idf_log.dir/src/log_timestamp_common.c.obj
[992/1049] Building C object esp-idf/rt/CMakeFiles/__idf_rt.dir/FreeRTOS_POSIX_mqueue.c.obj
[967/1051] Building C object esp-idf/esp_local_ctrl/CMakeFiles/__idf_esp_local_ctrl.dir/proto-c/esp_local_ctrl.pb-c.c.obj
[1039/1051] Building C object esp-idf/touch_element/CMakeFiles/__idf_touch_element.dir/touch_element.c.obj
[1020/1051] Linking C static library esp-idf/esp_driver_touch_sens/libesp_driver_touch_sens.a
[968/1051] Linking C static library esp-idf/protocomm/libprotocomm.a
[862/1051] Building C object esp-idf/esp_driver_gpio/CMakeFiles/__idf_esp_driver_gpio.dir/src/dedic_gpio.c.obj
[509/1051] Building C object esp-idf/log/CMakeFiles/__idf_log.dir/src/os/log_write.c.obj
[966/1051] Building C object esp-idf/esp_local_ctrl/CMakeFiles/__idf_esp_local_ctrl.dir/proto-c/esp_local_ctrl.pb-c.c.obj
[874/1051] Building C object esp-idf/console/CMakeFiles/__idf_console.dir/argtable3/arg_end.c.obj
[510/1051] Building C object esp-idf/log/CMakeFiles/__idf_log.dir/src/buffer/log_buffers.c.obj
[967/1051] Building C object esp-idf/esp_local_ctrl/CMakeFiles/__idf_esp_local_ctrl.dir/src/esp_local_ctrl.c.obj
[511/1051] Linking C static library esp-idf/esp_timer/libesp_timer.a
Command failed (2): idf.py build
Skipping failed applet build: rdd
Building applet rshello -> rshello ...
Reconfiguring applet rshello (cmake inputs changed)
+ idf.py reconfigure
[512/1051] Building C object esp-idf/log/CMakeFiles/__idf_log.dir/src/log_level/log_level.c.obj
[941/1051] Linking C static library esp-idf/xtensa/libxtensa.a
[942/1051] Building C object esp-idf/esp_lcd/CMakeFiles/__idf_esp_lcd.dir/src/esp_lcd_panel_st7789.c.obj
[1021/1051] Building C object esp-idf/fatfs/CMakeFiles/__idf_fatfs.dir/src/ff.c.obj
[875/1051] Building C object esp-idf/console/CMakeFiles/__idf_console.dir/esp_console_repl_chip.c.obj
[932/1051] Building C object esp-idf/json/CMakeFiles/__idf_json.dir/cJSON/cJSON_Utils.c.obj
[1022/1051] Linking C static library esp-idf/esp_hid/libesp_hid.a
[969/1051] Building C object esp-idf/esp_lcd/CMakeFiles/__idf_esp_lcd.dir/spi/esp_lcd_panel_io_spi.c.obj
[876/1051] Building C object esp-idf/console/CMakeFiles/__idf_console.dir/argtable3/arg_dstr.c.obj
[863/1051] Building C object esp-idf/console/CMakeFiles/__idf_console.dir/split_argv.c.obj
[933/1051] Building C object esp-idf/esp_hid/CMakeFiles/__idf_esp_hid.dir/src/esp_hidh.c.obj
[513/1051] Building C object esp-idf/log/CMakeFiles/__idf_log.dir/src/os/log_lock.c.obj
[1006/1051] Building C object esp-idf/wifi_provisioning/CMakeFiles/__idf_wifi_provisioning.dir/proto-c/wifi_constants.pb-c.c.obj
[970/1051] Building C object esp-idf/fatfs/CMakeFiles/__idf_fatfs.dir/diskio/diskio.c.obj
[514/1051] Building C object esp-idf/log/CMakeFiles/__idf_log.dir/src/log_level/tag_log_level/linked_list/log_linked_list.c.obj
[943/1051] Building C object esp-idf/esp_eth/CMakeFiles/__idf_esp_eth.dir/src/phy/esp_eth_phy_802_3.c.obj
[1007/1051] Building C object esp-idf/spiffs/CMakeFiles/__idf_spiffs.dir/esp_spiffs.c.obj
[864/1051] Building C object esp-idf/esp_partition/CMakeFiles/__idf_esp_partition.dir/partition_target.c.obj
[1023/1051] Linking C static library esp-idf/esp_eth/libesp_eth.a
[515/1051] Building C object esp-idf/log/CMakeFiles/__idf_log.dir/src/log_level/tag_log_level/tag_log_level.c.obj
[877/1051] Building C object esp-idf/console/CMakeFiles/__idf_console.dir/esp_console_repl_internal.c.obj
[1008/1051] Building C object esp-idf/wifi_provisioning/CMakeFiles/__idf_wifi_provisioning.dir/src/scheme_console.c.obj
[865/1051] Building C object esp-idf/efuse/CMakeFiles/__idf_efuse.dir/src/efuse_controller/keys/with_key_purposes/esp_efuse_api_key.c.obj
[1024/1051] Building C object esp-idf/wifi_provisioning/CMakeFiles/__idf_wifi_provisioning.dir/proto-c/wifi_scan.pb-c.c.obj
[1009/1051] Building C object esp-idf/fatfs/CMakeFiles/__idf_fatfs.dir/src/ff.c.obj
[878/1051] Building C object esp-idf/console/CMakeFiles/__idf_console.dir/argtable3/arg_cmd.c.obj
[968/1051] Building C object esp-idf/fatfs/CMakeFiles/__idf_fatfs.dir/vfs/vfs_fat_sdmmc.c.obj
[1025/1051] Linking C static library esp-idf/esp_local_ctrl/libesp_local_ctrl.a
[1026/1051] Linking C static library esp-idf/espcoredump/libespcoredump.a
[1027/1051] Linking C static library esp-idf/nvs_sec_provider/libnvs_sec_provider.a
[1010/1051] Building C object esp-idf/touch_element/CMakeFiles/__idf_touch_element.dir/touch_element.c.obj
[934/1051] Linking C static library esp-idf/esp_partition/libesp_partition.a
[1028/1051] Linking C static library esp-idf/esp_lcd/libesp_lcd.a
[866/1051] Building C object esp-idf/esp_app_format/CMakeFiles/__idf_esp_app_format.dir/esp_app_desc.c.obj
[1011/1051] Building C object esp-idf/touch_element/CMakeFiles/__idf_touch_element.dir/touch_matrix.c.obj
[1040/1051] Linking C static library esp-idf/espressif__elf_loader/libespressif__elf_loader.a
[969/1051] Building C object esp-idf/fatfs/CMakeFiles/__idf_fatfs.dir/src/ffunicode.c.obj
[867/1051] Linking C static library esp-idf/esp_pm/libesp_pm.a
[827/1051] Building C object esp-idf/mbedtls/mbedtls/library/CMakeFiles/mbedcrypto.dir/rsa.c.obj
[516/1051] Building C object esp-idf/hal/CMakeFiles/__idf_hal.dir/color_hal.c.obj
[944/1051] Linking C static library esp-idf/esp_https_server/libesp_https_server.a
[517/1051] Building C object esp-idf/log/CMakeFiles/__idf_log.dir/src/log.c.obj
[945/1051] Linking C static library esp-idf/unity/libunity.a
[935/1051] Building C object esp-idf/protobuf-c/CMakeFiles/__idf_protobuf-c.dir/protobuf-c/protobuf-c/protobuf-c.c.obj
[518/1051] Linking C static library esp-idf/cxx/libcxx.a
[879/1051] Building C object esp-idf/console/CMakeFiles/__idf_console.dir/argtable3/arg_lit.c.obj
[970/1051] Building C object esp-idf/esp_lcd/CMakeFiles/__idf_esp_lcd.dir/spi/esp_lcd_panel_io_spi.c.obj
[1041/1051] Linking C static library esp-idf/touch_element/libtouch_element.a
[971/1051] Building C object esp-idf/json/CMakeFiles/__idf_json.dir/cJSON/cJSON.c.obj
[1029/1051] Linking C static library esp-idf/perfmon/libperfmon.a
[971/1051] Building C object esp-idf/fatfs/CMakeFiles/__idf_fatfs.dir/diskio/diskio.c.obj
[1030/1051] Building C object esp-idf/touch_element/CMakeFiles/__idf_touch_element.dir/touch_element.c.obj
[936/1051] Building C object esp-idf/esp_lcd/CMakeFiles/__idf_esp_lcd.dir/src/esp_lcd_common.c.obj
[972/1051] Building C object esp-idf/esp_eth/CMakeFiles/__idf_esp_eth.dir/src/esp_eth.c.obj
[1031/1051] Linking C static library esp-idf/fatfs/libfatfs.a
[880/1051] Building C object esp-idf/console/CMakeFiles/__idf_console.dir/argtable3/arg_str.c.obj
[1032/1051] Building C object esp-idf/spiffs/CMakeFiles/__idf_spiffs.dir/spiffs/src/spiffs_nucleus.c.obj
[1012/1051] Building C object esp-idf/wifi_provisioning/CMakeFiles/__idf_wifi_provisioning.dir/proto-c/wifi_config.pb-c.c.obj
[881/1051] Building C object esp-idf/console/CMakeFiles/__idf_console.dir/argtable3/arg_utils.c.obj
[972/1051] Building C object esp-idf/protobuf-c/CMakeFiles/__idf_protobuf-c.dir/protobuf-c/protobuf-c/protobuf-c.c.obj
[946/1051] Building C object esp-idf/esp_lcd/CMakeFiles/__idf_esp_lcd.dir/src/esp_lcd_panel_ops.c.obj
[973/1051] Building C object esp-idf/fatfs/CMakeFiles/__idf_fatfs.dir/port/freertos/ffsystem.c.obj
[937/1051] Building C object esp-idf/esp_lcd/CMakeFiles/__idf_esp_lcd.dir/src/esp_lcd_panel_io.c.obj
[1033/1051] Linking C static library esp-idf/rt/librt.a
[1034/1051] Building ASM object 'esp-idf/main/CMakeFiles/__idf_main.dir/home/tikhon/Документы/magnolia/sdk/tinygo/runtime/tinygo_symbols.S.obj'
[974/1051] Building C object esp-idf/mqtt/CMakeFiles/__idf_mqtt.dir/esp-mqtt/lib/platform_esp32_idf.c.obj
[1013/1051] Building C object esp-idf/usb/CMakeFiles/__idf_usb.dir/enum.c.obj
[868/1051] Building C object esp-idf/console/CMakeFiles/__idf_console.dir/argtable3/arg_file.c.obj
[1035/1051] Building C object esp-idf/usb/CMakeFiles/__idf_usb.dir/usb_host.c.obj
[882/1051] Building C object esp-idf/unity/CMakeFiles/__idf_unity.dir/unity_utils_freertos.c.obj
[947/1051] Linking C static library esp-idf/console/libconsole.a
[975/1051] Building C object esp-idf/fatfs/CMakeFiles/__idf_fatfs.dir/diskio/diskio_sdmmc.c.obj
[1014/1051] Building C object esp-idf/spiffs/CMakeFiles/__idf_spiffs.dir/spiffs/src/spiffs_hydrogen.c.obj
[519/1051] Building C object esp-idf/hal/CMakeFiles/__idf_hal.dir/hal_utils.c.obj
[976/1051] Building C object esp-idf/fatfs/CMakeFiles/__idf_fatfs.dir/vfs/vfs_fat_spiflash.c.obj
[883/1051] Building C object esp-idf/console/CMakeFiles/__idf_console.dir/argtable3/arg_int.c.obj
[520/1051] Building C object esp-idf/hal/CMakeFiles/__idf_hal.dir/mpu_hal.c.obj
[869/1051] Building C object esp-idf/xtensa/CMakeFiles/__idf_xtensa.dir/xtensa_intr.c.obj
[977/1051] Building C object esp-idf/esp_local_ctrl/CMakeFiles/__idf_esp_local_ctrl.dir/src/esp_local_ctrl.c.obj
[973/1051] Building C object esp-idf/json/CMakeFiles/__idf_json.dir/cJSON/cJSON.c.obj
[1015/1051] Building C object esp-idf/wifi_provisioning/CMakeFiles/__idf_wifi_provisioning.dir/src/wifi_scan.c.obj
[884/1051] Building C object esp-idf/console/CMakeFiles/__idf_console.dir/esp_console_common.c.obj
[974/1051] Building C object esp-idf/esp_eth/CMakeFiles/__idf_esp_eth.dir/src/esp_eth.c.obj
[1036/1051] Building C object esp-idf/wifi_provisioning/CMakeFiles/__idf_wifi_provisioning.dir/src/scheme_softap.c.obj
[938/1051] Linking C static library esp-idf/app_update/libapp_update.a
[521/1051] Building C object esp-idf/esp_hw_support/CMakeFiles/__idf_esp_hw_support.dir/sleep_modes.c.obj
[1037/1051] Linking C static library esp-idf/touch_element/libtouch_element.a
[975/1051] Building C object esp-idf/fatfs/CMakeFiles/__idf_fatfs.dir/diskio/diskio_rawflash.c.obj
[885/1051] Building C object esp-idf/console/CMakeFiles/__idf_console.dir/argtable3/arg_date.c.obj
[978/1051] Building C object esp-idf/fatfs/CMakeFiles/__idf_fatfs.dir/src/ffunicode.c.obj
[870/1051] Building C object esp-idf/console/CMakeFiles/__idf_console.dir/argtable3/arg_int.c.obj
[1016/1051] Building C object esp-idf/wifi_provisioning/CMakeFiles/__idf_wifi_provisioning.dir/proto-c/wifi_ctrl.pb-c.c.obj
[522/1051] Building C object esp-idf/heap/CMakeFiles/__idf_heap.dir/multi_heap.c.obj
[976/1051] Linking C static library esp-idf/protobuf-c/libprotobuf-c.a
[1017/1051] Building C object esp-idf/mqtt/CMakeFiles/__idf_mqtt.dir/esp-mqtt/mqtt_client.c.obj
[871/1051] Building C object esp-idf/esp_driver_gpio/CMakeFiles/__idf_esp_driver_gpio.dir/src/rtc_io.c.obj
[1038/1051] Building C object esp-idf/usb/CMakeFiles/__idf_usb.dir/usbh.c.obj
[939/1051] Building C object esp-idf/esp_driver_touch_sens/CMakeFiles/__idf_esp_driver_touch_sens.dir/common/touch_sens_common.c.obj
[523/1051] Building C object esp-idf/log/CMakeFiles/__idf_log.dir/src/log_level/tag_log_level/cache/log_binary_heap.c.obj
[977/1051] Building C object esp-idf/fatfs/CMakeFiles/__idf_fatfs.dir/diskio/diskio_wl.c.obj
[979/1051] Building C object esp-idf/fatfs/CMakeFiles/__idf_fatfs.dir/vfs/vfs_fat_sdmmc.c.obj
[886/1051] Building C object esp-idf/unity/CMakeFiles/__idf_unity.dir/unity_compat.c.obj
[978/1051] Building C object esp-idf/perfmon/CMakeFiles/__idf_perfmon.dir/xtensa_perfmon_apis.c.obj
[1018/1051] Linking C static library esp-idf/app_trace/libapp_trace.a
[1019/1051] Linking C static library esp-idf/cmock/libcmock.a
[524/1051] Linking C static library esp-idf/pthread/libpthread.a
[948/1051] Building C object esp-idf/esp_local_ctrl/CMakeFiles/__idf_esp_local_ctrl.dir/src/esp_local_ctrl.c.obj
[940/1051] Linking C static library esp-idf/esp_bootloader_format/libesp_bootloader_format.a
[980/1051] Linking C static library esp-idf/json/libjson.a
[525/1051] Building C object esp-idf/hal/CMakeFiles/__idf_hal.dir/efuse_hal.c.obj
[1020/1051] Linking C static library esp-idf/esp_driver_cam/libesp_driver_cam.a
[949/1051] Building C object esp-idf/espcoredump/CMakeFiles/__idf_espcoredump.dir/src/core_dump_init.c.obj
[887/1051] Building C object esp-idf/console/CMakeFiles/__idf_console.dir/argtable3/arg_hashtable.c.obj
[1021/1051] Building C object esp-idf/espressif__elf_loader/CMakeFiles/__idf_espressif__elf_loader.dir/src/esp_elf_adapter.c.obj
[526/1051] Building C object esp-idf/heap/CMakeFiles/__idf_heap.dir/heap_caps_init.c.obj
[1022/1051] Building C object esp-idf/wifi_provisioning/CMakeFiles/__idf_wifi_provisioning.dir/src/handlers.c.obj
[950/1051] Building C object esp-idf/esp_lcd/CMakeFiles/__idf_esp_lcd.dir/i2c/esp_lcd_panel_io_i2c_v1.c.obj
[981/1051] Building C object esp-idf/perfmon/CMakeFiles/__idf_perfmon.dir/xtensa_perfmon_access.c.obj
[979/1051] Building C object esp-idf/perfmon/CMakeFiles/__idf_perfmon.dir/xtensa_perfmon_access.c.obj
[1023/1051] Building C object esp-idf/wifi_provisioning/CMakeFiles/__idf_wifi_provisioning.dir/proto-c/wifi_scan.pb-c.c.obj
[1039/1051] Linking C static library esp-idf/spiffs/libspiffs.a
[941/1051] Building C object esp-idf/esp_eth/CMakeFiles/__idf_esp_eth.dir/src/esp_eth.c.obj
[1024/1051] Building C object esp-idf/espressif__elf_loader/CMakeFiles/__idf_espressif__elf_loader.dir/src/arch/esp_elf_xtensa.c.obj
[980/1051] Building C object esp-idf/mqtt/CMakeFiles/__idf_mqtt.dir/esp-mqtt/lib/platform_esp32_idf.c.obj
[951/1051] Building C object esp-idf/esp_driver_touch_sens/CMakeFiles/__idf_esp_driver_touch_sens.dir/hw_ver2/touch_version_specific.c.obj
[1025/1051] Linking C static library esp-idf/esp_hid/libesp_hid.a
[527/1051] Building C object esp-idf/hal/CMakeFiles/__idf_hal.dir/spi_flash_encrypt_hal_iram.c.obj
[872/1051] Building C object esp-idf/console/CMakeFiles/__idf_console.dir/linenoise/linenoise.c.obj
[982/1051] Building C object esp-idf/fatfs/CMakeFiles/__idf_fatfs.dir/diskio/diskio_rawflash.c.obj
[993/1049] Building C object esp-idf/mqtt/CMakeFiles/__idf_mqtt.dir/esp-mqtt/mqtt_client.c.obj
[528/1051] Building C object esp-idf/hal/CMakeFiles/__idf_hal.dir/esp32s3/efuse_hal.c.obj
[888/1051] Building C object esp-idf/unity/CMakeFiles/__idf_unity.dir/unity_utils_cache.c.obj
[1042/1051] Building C object esp-idf/usb/CMakeFiles/__idf_usb.dir/hcd_dwc.c.obj
[873/1051] Building C object esp-idf/console/CMakeFiles/__idf_console.dir/argtable3/arg_dbl.c.obj
[981/1051] Building C object esp-idf/perfmon/CMakeFiles/__idf_perfmon.dir/xtensa_perfmon_masks.c.obj
[1040/1051] Building C object esp-idf/espressif__elf_loader/CMakeFiles/__idf_espressif__elf_loader.dir/src/esp_elf_symbol.c.obj
[1026/1051] Linking C static library esp-idf/esp_driver_touch_sens/libesp_driver_touch_sens.a
[952/1051] Building C object esp-idf/esp_lcd/CMakeFiles/__idf_esp_lcd.dir/i2c/esp_lcd_panel_io_i2c_v2.c.obj
[983/1051] Building C object esp-idf/fatfs/CMakeFiles/__idf_fatfs.dir/diskio/diskio_wl.c.obj
[874/1051] Building C object esp-idf/console/CMakeFiles/__idf_console.dir/argtable3/arg_end.c.obj
[942/1051] Linking C static library esp-idf/esp_app_format/libesp_app_format.a
[953/1051] Building C object esp-idf/espcoredump/CMakeFiles/__idf_espcoredump.dir/src/core_dump_common.c.obj
[875/1051] Building C object esp-idf/console/CMakeFiles/__idf_console.dir/argtable3/arg_rem.c.obj
[984/1051] Building C object esp-idf/perfmon/CMakeFiles/__idf_perfmon.dir/xtensa_perfmon_masks.c.obj
[1027/1051] Linking C static library esp-idf/esp_eth/libesp_eth.a
[982/1051] Linking C static library esp-idf/json/libjson.a
[954/1051] Building C object esp-idf/esp_lcd/CMakeFiles/__idf_esp_lcd.dir/src/esp_lcd_panel_ssd1306.c.obj
[1028/1051] Linking C static library esp-idf/espcoredump/libespcoredump.a
[1029/1051] Linking C static library esp-idf/perfmon/libperfmon.a
[955/1051] Building C object esp-idf/espcoredump/CMakeFiles/__idf_espcoredump.dir/src/core_dump_flash.c.obj
[876/1051] Building C object esp-idf/esp_partition/CMakeFiles/__idf_esp_partition.dir/partition.c.obj
[983/1051] Building C object esp-idf/fatfs/CMakeFiles/__idf_fatfs.dir/diskio/diskio_sdmmc.c.obj
[529/1051] Building C object esp-idf/hal/CMakeFiles/__idf_hal.dir/esp32s3/clk_tree_hal.c.obj
[1030/1051] Linking C static library esp-idf/esp_local_ctrl/libesp_local_ctrl.a
[889/1051] Building C object esp-idf/console/CMakeFiles/__idf_console.dir/commands.c.obj
[984/1051] Linking C static library esp-idf/protocomm/libprotocomm.a
[1031/1051] Linking C static library esp-idf/nvs_sec_provider/libnvs_sec_provider.a
[956/1051] Building C object esp-idf/espcoredump/CMakeFiles/__idf_espcoredump.dir/src/core_dump_uart.c.obj
[877/1051] Building C object esp-idf/console/CMakeFiles/__idf_console.dir/argtable3/arg_cmd.c.obj
[890/1051] Building C object esp-idf/protocomm/CMakeFiles/__idf_protocomm.dir/proto-c/constants.pb-c.c.obj
[530/1051] Linking C static library esp-idf/newlib/libnewlib.a
[1032/1051] Linking C static library esp-idf/esp_lcd/libesp_lcd.a
[1033/1051] Linking C static library esp-idf/rt/librt.a
[878/1051] Building C object esp-idf/console/CMakeFiles/__idf_console.dir/argtable3/arg_lit.c.obj
[1034/1051] Building ASM object 'esp-idf/main/CMakeFiles/__idf_main.dir/home/tikhon/Документы/magnolia/sdk/tinygo/runtime/tinygo_symbols.S.obj'
[531/1051] Building C object esp-idf/esp_hw_support/CMakeFiles/__idf_esp_hw_support.dir/port/esp32s3/esp_memprot.c.obj
[1035/1051] Building C object esp-idf/usb/CMakeFiles/__idf_usb.dir/usbh.c.obj
[994/1049] Building C object esp-idf/spiffs/CMakeFiles/__idf_spiffs.dir/spiffs/src/spiffs_gc.c.obj
[879/1051] Building C object esp-idf/console/CMakeFiles/__idf_console.dir/esp_console_repl_chip.c.obj
[1036/1051] Linking C static library esp-idf/mqtt/libmqtt.a
[532/1051] Building C object esp-idf/hal/CMakeFiles/__idf_hal.dir/uart_hal_iram.c.obj
[880/1051] Building C object esp-idf/console/CMakeFiles/__idf_console.dir/esp_console_repl_internal.c.obj
[891/1051] Building C object esp-idf/esp_driver_gpio/CMakeFiles/__idf_esp_driver_gpio.dir/src/gpio.c.obj
[957/1051] Building C object esp-idf/espcoredump/CMakeFiles/__idf_espcoredump.dir/src/core_dump_sha.c.obj
[881/1051] Building C object esp-idf/console/CMakeFiles/__idf_console.dir/argtable3/arg_dstr.c.obj
[943/1051] Building C object esp-idf/esp_lcd/CMakeFiles/__idf_esp_lcd.dir/i2c/esp_lcd_panel_io_i2c_v1.c.obj
[995/1049] Building C object esp-idf/fatfs/CMakeFiles/__idf_fatfs.dir/vfs/vfs_fat.c.obj
[958/1051] Building C object esp-idf/protobuf-c/CMakeFiles/__idf_protobuf-c.dir/protobuf-c/protobuf-c/protobuf-c.c.obj
[1037/1051] Linking C static library esp-idf/fatfs/libfatfs.a
[1043/1051] Building C object esp-idf/wifi_provisioning/CMakeFiles/__idf_wifi_provisioning.dir/src/manager.c.obj
[944/1051] Building C object esp-idf/esp_eth/CMakeFiles/__idf_esp_eth.dir/src/phy/esp_eth_phy_802_3.c.obj
[1041/1051] Building C object esp-idf/espressif__elf_loader/CMakeFiles/__idf_espressif__elf_loader.dir/src/esp_elf.c.obj
[533/1051] Building C object esp-idf/hal/CMakeFiles/__idf_hal.dir/mmu_hal.c.obj
[1038/1051] Linking C static library esp-idf/touch_element/libtouch_element.a
[959/1051] Building C object esp-idf/esp_driver_cam/CMakeFiles/__idf_esp_driver_cam.dir/dvp/src/esp_cam_ctlr_dvp_cam.c.obj
[960/1051] Building C object esp-idf/esp_lcd/CMakeFiles/__idf_esp_lcd.dir/src/esp_lcd_panel_nt35510.c.obj
[945/1051] Linking C static library esp-idf/xtensa/libxtensa.a
[882/1051] Building C object esp-idf/console/CMakeFiles/__idf_console.dir/argtable3/arg_str.c.obj
[961/1051] Building C object esp-idf/esp_local_ctrl/CMakeFiles/__idf_esp_local_ctrl.dir/src/esp_local_ctrl_handler.c.obj
[883/1051] Building C object esp-idf/console/CMakeFiles/__idf_console.dir/esp_console_common.c.obj
[892/1051] Building C object esp-idf/console/CMakeFiles/__idf_console.dir/linenoise/linenoise.c.obj
[996/1049] Building C object esp-idf/spiffs/CMakeFiles/__idf_spiffs.dir/spiffs/src/spiffs_check.c.obj
[962/1051] Building C object esp-idf/espcoredump/CMakeFiles/__idf_espcoredump.dir/src/core_dump_elf.c.obj
[893/1051] Building C object esp-idf/unity/CMakeFiles/__idf_unity.dir/unity_runner.c.obj
[946/1051] Building C object esp-idf/esp_driver_touch_sens/CMakeFiles/__idf_esp_driver_touch_sens.dir/hw_ver2/touch_version_specific.c.obj
[985/1051] Building C object esp-idf/nvs_sec_provider/CMakeFiles/__idf_nvs_sec_provider.dir/nvs_sec_provider.c.obj
[947/1051] Building C object esp-idf/esp_lcd/CMakeFiles/__idf_esp_lcd.dir/src/esp_lcd_panel_nt35510.c.obj
[884/1051] Building C object esp-idf/console/CMakeFiles/__idf_console.dir/argtable3/arg_utils.c.obj
[534/1051] Building C object esp-idf/hal/CMakeFiles/__idf_hal.dir/spi_flash_hal.c.obj
[963/1051] Building C object esp-idf/espcoredump/CMakeFiles/__idf_espcoredump.dir/src/port/xtensa/core_dump_port.c.obj
[948/1051] Building C object esp-idf/json/CMakeFiles/__idf_json.dir/cJSON/cJSON.c.obj
[949/1051] Building C object esp-idf/esp_lcd/CMakeFiles/__idf_esp_lcd.dir/src/esp_lcd_panel_ops.c.obj
[964/1051] Building C object esp-idf/json/CMakeFiles/__idf_json.dir/cJSON/cJSON.c.obj
[894/1051] Building C object esp-idf/unity/CMakeFiles/__idf_unity.dir/port/esp/unity_utils_memory_esp.c.obj
[535/1051] Building C object esp-idf/hal/CMakeFiles/__idf_hal.dir/ledc_hal.c.obj
[950/1051] Building C object esp-idf/esp_local_ctrl/CMakeFiles/__idf_esp_local_ctrl.dir/src/esp_local_ctrl.c.obj
[1044/1051] Building C object esp-idf/usb/CMakeFiles/__idf_usb.dir/usb_host.c.obj
[895/1051] Building C object esp-idf/console/CMakeFiles/__idf_console.dir/argtable3/arg_rex.c.obj
[885/1051] Building C object esp-idf/console/CMakeFiles/__idf_console.dir/commands.c.obj
[985/1051] Building C object esp-idf/esp_lcd/CMakeFiles/__idf_esp_lcd.dir/i80/esp_lcd_panel_io_i80.c.obj
[951/1051] Building C object esp-idf/esp_lcd/CMakeFiles/__idf_esp_lcd.dir/src/esp_lcd_panel_ssd1306.c.obj
[536/1051] Building C object esp-idf/hal/CMakeFiles/__idf_hal.dir/cache_hal.c.obj
[1039/1051] Building C object esp-idf/espressif__elf_loader/CMakeFiles/__idf_espressif__elf_loader.dir/src/esp_elf_symbol.c.obj
[896/1051] Building C object esp-idf/unity/CMakeFiles/__idf_unity.dir/unity_utils_memory.c.obj
[537/1051] Building C object esp-idf/hal/CMakeFiles/__idf_hal.dir/systimer_hal.c.obj
[986/1051] Building C object esp-idf/perfmon/CMakeFiles/__idf_perfmon.dir/xtensa_perfmon_apis.c.obj
[952/1051] Building C object esp-idf/esp_driver_cam/CMakeFiles/__idf_esp_driver_cam.dir/dvp/src/esp_cam_ctlr_dvp_cam.c.obj
[897/1051] Building C object esp-idf/protocomm/CMakeFiles/__idf_protocomm.dir/proto-c/sec0.pb-c.c.obj
[997/1049] Building C object esp-idf/usb/CMakeFiles/__idf_usb.dir/enum.c.obj
[953/1051] Building C object esp-idf/espcoredump/CMakeFiles/__idf_espcoredump.dir/src/core_dump_init.c.obj
[898/1051] Linking C static library esp-idf/esp_driver_gpio/libesp_driver_gpio.a
[1040/1051] Building C object esp-idf/wifi_provisioning/CMakeFiles/__idf_wifi_provisioning.dir/src/scheme_softap.c.obj
[886/1051] Building C object esp-idf/unity/CMakeFiles/__idf_unity.dir/unity_compat.c.obj
[965/1051] Linking C static library esp-idf/protobuf-c/libprotobuf-c.a
[1042/1051] Linking C static library esp-idf/espressif__elf_loader/libespressif__elf_loader.a
[538/1051] Building C object esp-idf/hal/CMakeFiles/__idf_hal.dir/gpio_hal.c.obj
[998/1049] Building C object esp-idf/usb/CMakeFiles/__idf_usb.dir/usb_private.c.obj
[539/1051] Building C object esp-idf/hal/CMakeFiles/__idf_hal.dir/timer_hal.c.obj
[999/1049] Building C object esp-idf/spiffs/CMakeFiles/__idf_spiffs.dir/spiffs/src/spiffs_hydrogen.c.obj
[828/1051] Building C object esp-idf/mbedtls/mbedtls/library/CMakeFiles/mbedcrypto.dir/psa_crypto.c.obj
[987/1051] Building C object esp-idf/nvs_sec_provider/CMakeFiles/__idf_nvs_sec_provider.dir/nvs_sec_provider.c.obj
[540/1051] Linking C static library esp-idf/freertos/libfreertos.a
[899/1051] Building C object esp-idf/unity/CMakeFiles/__idf_unity.dir/unity_port_esp32.c.obj
[1041/1051] Building C object esp-idf/espressif__elf_loader/CMakeFiles/__idf_espressif__elf_loader.dir/src/esp_elf.c.obj
[887/1051] Building C object esp-idf/unity/CMakeFiles/__idf_unity.dir/unity_utils_cache.c.obj
[954/1051] Building C object esp-idf/espcoredump/CMakeFiles/__idf_espcoredump.dir/src/core_dump_common.c.obj
[888/1051] Building C object esp-idf/console/CMakeFiles/__idf_console.dir/argtable3/arg_hashtable.c.obj
[955/1051] Linking C static library esp-idf/esp_https_server/libesp_https_server.a
[541/1051] Building C object esp-idf/hal/CMakeFiles/__idf_hal.dir/ledc_hal_iram.c.obj
[956/1051] Building C object esp-idf/espcoredump/CMakeFiles/__idf_espcoredump.dir/src/core_dump_flash.c.obj
[1045/1051] Linking C static library esp-idf/wifi_provisioning/libwifi_provisioning.a
[988/1051] Building C object esp-idf/mqtt/CMakeFiles/__idf_mqtt.dir/esp-mqtt/lib/mqtt_outbox.c.obj
[986/1051] Building C object esp-idf/mqtt/CMakeFiles/__idf_mqtt.dir/esp-mqtt/lib/mqtt_outbox.c.obj
[957/1051] Building C object esp-idf/esp_lcd/CMakeFiles/__idf_esp_lcd.dir/i2c/esp_lcd_panel_io_i2c_v2.c.obj
[966/1051] Building C object esp-idf/esp_local_ctrl/CMakeFiles/__idf_esp_local_ctrl.dir/src/esp_local_ctrl_transport_httpd.c.obj
[542/1051] Building C object esp-idf/hal/CMakeFiles/__idf_hal.dir/sdm_hal.c.obj
[900/1051] Building C object esp-idf/protocomm/CMakeFiles/__idf_protocomm.dir/proto-c/session.pb-c.c.obj
[989/1051] Building C object esp-idf/spiffs/CMakeFiles/__idf_spiffs.dir/spiffs_api.c.obj
[958/1051] Linking C static library esp-idf/protobuf-c/libprotobuf-c.a
[967/1051] Building C object esp-idf/esp_local_ctrl/CMakeFiles/__idf_esp_local_ctrl.dir/proto-c/esp_local_ctrl.pb-c.c.obj
[959/1051] Building C object esp-idf/espcoredump/CMakeFiles/__idf_espcoredump.dir/src/core_dump_uart.c.obj
[960/1051] Building C object esp-idf/espcoredump/CMakeFiles/__idf_espcoredump.dir/src/core_dump_elf.c.obj
[968/1051] Building CXX object esp-idf/wear_levelling/CMakeFiles/__idf_wear_levelling.dir/WL_Flash.cpp.obj
[889/1051] Building C object esp-idf/protocomm/CMakeFiles/__idf_protocomm.dir/proto-c/constants.pb-c.c.obj
[961/1051] Building CXX object esp-idf/wear_levelling/CMakeFiles/__idf_wear_levelling.dir/WL_Flash.cpp.obj
[969/1051] Building C object esp-idf/esp_driver_touch_sens/CMakeFiles/__idf_esp_driver_touch_sens.dir/common/touch_sens_common.c.obj
[962/1051] Building C object esp-idf/esp_lcd/CMakeFiles/__idf_esp_lcd.dir/src/esp_lcd_panel_st7789.c.obj
[1042/1051] Building C object esp-idf/usb/CMakeFiles/__idf_usb.dir/usb_host.c.obj
[543/1051] Building C object esp-idf/hal/CMakeFiles/__idf_hal.dir/i2c_hal_iram.c.obj
[987/1051] Building C object esp-idf/fatfs/CMakeFiles/__idf_fatfs.dir/vfs/vfs_fat_spiflash.c.obj
[544/1051] Building C object esp-idf/hal/CMakeFiles/__idf_hal.dir/rtc_io_hal.c.obj
[963/1051] Linking C static library esp-idf/console/libconsole.a
[901/1051] Linking C static library esp-idf/esp_security/libesp_security.a
[964/1051] Linking C static library esp-idf/unity/libunity.a
[545/1051] Building C object esp-idf/hal/CMakeFiles/__idf_hal.dir/rmt_hal.c.obj
[890/1051] Building C object esp-idf/app_update/CMakeFiles/__idf_app_update.dir/esp_ota_ops.c.obj
[902/1051] Building C object esp-idf/console/CMakeFiles/__idf_console.dir/argtable3/argtable3.c.obj
[1046/1051] Linking C static library esp-idf/usb/libusb.a
[1043/1051] Linking C static library esp-idf/espressif__elf_loader/libespressif__elf_loader.a
[1000/1049] Building C object esp-idf/touch_element/CMakeFiles/__idf_touch_element.dir/touch_matrix.c.obj
[965/1051] Building C object esp-idf/espcoredump/CMakeFiles/__idf_espcoredump.dir/src/core_dump_sha.c.obj
[970/1051] Linking C static library esp-idf/protocomm/libprotocomm.a
[546/1051] Building C object esp-idf/heap/CMakeFiles/__idf_heap.dir/heap_caps.c.obj
[903/1051] Building C object esp-idf/protocomm/CMakeFiles/__idf_protocomm.dir/proto-c/sec2.pb-c.c.obj
[966/1051] Building C object esp-idf/espcoredump/CMakeFiles/__idf_espcoredump.dir/src/port/xtensa/core_dump_port.c.obj
[967/1051] Building C object esp-idf/esp_local_ctrl/CMakeFiles/__idf_esp_local_ctrl.dir/src/esp_local_ctrl_transport_httpd.c.obj
[547/1051] Building C object esp-idf/hal/CMakeFiles/__idf_hal.dir/i2c_hal.c.obj
[891/1051] Building C object esp-idf/console/CMakeFiles/__idf_console.dir/argtable3/arg_date.c.obj
[904/1051] Building CXX object esp-idf/wear_levelling/CMakeFiles/__idf_wear_levelling.dir/WL_Ext_Perf.cpp.obj
[548/1051] Building C object esp-idf/hal/CMakeFiles/__idf_hal.dir/pcnt_hal.c.obj
[892/1051] Building C object esp-idf/unity/CMakeFiles/__idf_unity.dir/unity_utils_freertos.c.obj
[1001/1049] Building C object esp-idf/touch_element/CMakeFiles/__idf_touch_element.dir/touch_button.c.obj
[549/1051] Building C object esp-idf/hal/CMakeFiles/__idf_hal.dir/uhci_hal.c.obj
[1002/1049] Building C object esp-idf/wifi_provisioning/CMakeFiles/__idf_wifi_provisioning.dir/src/wifi_config.c.obj
[988/1051] Building C object esp-idf/spiffs/CMakeFiles/__idf_spiffs.dir/spiffs_api.c.obj
[971/1051] Linking C static library esp-idf/json/libjson.a
[893/1051] Building C object esp-idf/unity/CMakeFiles/__idf_unity.dir/unity_utils_memory.c.obj
[905/1051] Building CXX object esp-idf/wear_levelling/CMakeFiles/__idf_wear_levelling.dir/crc32.cpp.obj
[1003/1049] Building C object esp-idf/usb/CMakeFiles/__idf_usb.dir/usb_helpers.c.obj
[989/1051] Building C object esp-idf/esp_lcd/CMakeFiles/__idf_esp_lcd.dir/i80/esp_lcd_panel_io_i80.c.obj
[894/1051] Building C object esp-idf/protocomm/CMakeFiles/__idf_protocomm.dir/proto-c/session.pb-c.c.obj
[972/1051] Linking C static library esp-idf/wear_levelling/libwear_levelling.a
[550/1051] Building C object esp-idf/hal/CMakeFiles/__idf_hal.dir/gdma_hal_top.c.obj
[906/1051] Building C object esp-idf/protocomm/CMakeFiles/__idf_protocomm.dir/proto-c/sec1.pb-c.c.obj
[968/1051] Building C object esp-idf/esp_local_ctrl/CMakeFiles/__idf_esp_local_ctrl.dir/src/esp_local_ctrl_handler.c.obj
[990/1051] Building C object esp-idf/rt/CMakeFiles/__idf_rt.dir/FreeRTOS_POSIX_utils.c.obj
[969/1051] Building C object esp-idf/esp_lcd/CMakeFiles/__idf_esp_lcd.dir/i80/esp_lcd_panel_io_i80.c.obj
[551/1051] Building C object esp-idf/hal/CMakeFiles/__idf_hal.dir/mcpwm_hal.c.obj
[991/1051] Building C object esp-idf/spiffs/CMakeFiles/__idf_spiffs.dir/spiffs/src/spiffs_cache.c.obj
[895/1051] Building C object esp-idf/unity/CMakeFiles/__idf_unity.dir/unity_port_esp32.c.obj
[896/1051] Building C object esp-idf/unity/CMakeFiles/__idf_unity.dir/port/esp/unity_utils_memory_esp.c.obj
[552/1051] Linking C static library esp-idf/esp_hw_support/libesp_hw_support.a
[970/1051] Linking C static library esp-idf/wear_levelling/libwear_levelling.a
[990/1051] Building C object esp-idf/rt/CMakeFiles/__idf_rt.dir/FreeRTOS_POSIX_utils.c.obj
[553/1051] Building C object esp-idf/hal/CMakeFiles/__idf_hal.dir/spi_flash_hal_iram.c.obj
[907/1051] Linking C static library esp-idf/efuse/libefuse.a
[971/1051] Linking C static library esp-idf/json/libjson.a
[1043/1051] Building C object esp-idf/usb/CMakeFiles/__idf_usb.dir/hcd_dwc.c.obj
[554/1051] Building C object esp-idf/hal/CMakeFiles/__idf_hal.dir/sdmmc_hal.c.obj
[972/1051] Linking C static library esp-idf/protocomm/libprotocomm.a
[991/1051] Building C object esp-idf/spiffs/CMakeFiles/__idf_spiffs.dir/spiffs/src/spiffs_cache.c.obj
[897/1051] Building C object esp-idf/protocomm/CMakeFiles/__idf_protocomm.dir/proto-c/sec0.pb-c.c.obj
[1004/1049] Building C object esp-idf/usb/CMakeFiles/__idf_usb.dir/hub.c.obj
[992/1051] Building C object esp-idf/mqtt/CMakeFiles/__idf_mqtt.dir/esp-mqtt/lib/mqtt_msg.c.obj
[555/1051] Building C object esp-idf/hal/CMakeFiles/__idf_hal.dir/i2s_hal.c.obj
[908/1051] Building C object esp-idf/protocomm/CMakeFiles/__idf_protocomm.dir/src/common/protocomm.c.obj
[556/1051] Building C object esp-idf/hal/CMakeFiles/__idf_hal.dir/uart_hal.c.obj
[973/1051] Building C object esp-idf/esp_lcd/CMakeFiles/__idf_esp_lcd.dir/spi/esp_lcd_panel_io_spi.c.obj
[909/1051] Building C object esp-idf/protocomm/CMakeFiles/__idf_protocomm.dir/src/crypto/srp6a/esp_srp_mpi.c.obj
[898/1051] Building C object esp-idf/unity/CMakeFiles/__idf_unity.dir/unity_runner.c.obj
[1044/1051] Linking C static library esp-idf/usb/libusb.a
[974/1051] Building C object esp-idf/mqtt/CMakeFiles/__idf_mqtt.dir/esp-mqtt/lib/platform_esp32_idf.c.obj
[910/1051] Building C object esp-idf/protocomm/CMakeFiles/__idf_protocomm.dir/src/transports/protocomm_httpd.c.obj
[973/1051] Building C object esp-idf/esp_local_ctrl/CMakeFiles/__idf_esp_local_ctrl.dir/proto-c/esp_local_ctrl.pb-c.c.obj
[975/1051] Building C object esp-idf/fatfs/CMakeFiles/__idf_fatfs.dir/diskio/diskio_rawflash.c.obj
[911/1051] Building CXX object esp-idf/wear_levelling/CMakeFiles/__idf_wear_levelling.dir/Partition.cpp.obj
[974/1051] Building C object esp-idf/esp_lcd/CMakeFiles/__idf_esp_lcd.dir/spi/esp_lcd_panel_io_spi.c.obj
[1044/1051] Linking C static library esp-idf/usb/libusb.a
[992/1051] Building C object esp-idf/rt/CMakeFiles/__idf_rt.dir/FreeRTOS_POSIX_mqueue.c.obj
[912/1051] Building C object esp-idf/app_update/CMakeFiles/__idf_app_update.dir/esp_ota_ops.c.obj
[913/1051] Linking C static library esp-idf/esp_partition/libesp_partition.a
[976/1051] Building C object esp-idf/perfmon/CMakeFiles/__idf_perfmon.dir/xtensa_perfmon_masks.c.obj
[899/1051] Building C object esp-idf/esp_driver_gpio/CMakeFiles/__idf_esp_driver_gpio.dir/src/gpio.c.obj
[993/1051] Building C object esp-idf/rt/CMakeFiles/__idf_rt.dir/FreeRTOS_POSIX_mqueue.c.obj
Executing action: all (aliases: build)
Running ninja in directory /home/tikhon/Документы/magnolia/applets/rust/rhexdump/build
Executing "ninja all"...
[0/2] Re-checking globbed directories...
[1045/1051] Building C object esp-idf/mqtt/CMakeFiles/__idf_mqtt.dir/esp-mqtt/mqtt_client.c.obj
[977/1051] Building C object esp-idf/fatfs/CMakeFiles/__idf_fatfs.dir/diskio/diskio.c.obj
[1005/1049] Building C object esp-idf/wifi_provisioning/CMakeFiles/__idf_wifi_provisioning.dir/proto-c/wifi_constants.pb-c.c.obj
[900/1051] Building C object esp-idf/protocomm/CMakeFiles/__idf_protocomm.dir/proto-c/sec2.pb-c.c.obj
[557/1051] Linking C static library esp-idf/soc/libsoc.a
[978/1051] Building C object esp-idf/fatfs/CMakeFiles/__idf_fatfs.dir/src/ffunicode.c.obj
[901/1051] Building C object esp-idf/unity/CMakeFiles/__idf_unity.dir/unity/src/unity.c.obj
[979/1051] Building C object esp-idf/fatfs/CMakeFiles/__idf_fatfs.dir/diskio/diskio_wl.c.obj
[1006/1049] Building C object esp-idf/wifi_provisioning/CMakeFiles/__idf_wifi_provisioning.dir/src/wifi_ctrl.c.obj
[1047/1051] Building C object esp-idf/mqtt/CMakeFiles/__idf_mqtt.dir/esp-mqtt/mqtt_client.c.obj
[994/1051] Building C object esp-idf/fatfs/CMakeFiles/__idf_fatfs.dir/vfs/vfs_fat.c.obj
[980/1051] Building C object esp-idf/fatfs/CMakeFiles/__idf_fatfs.dir/port/freertos/ffsystem.c.obj
[914/1051] Building C object esp-idf/protocomm/CMakeFiles/__idf_protocomm.dir/src/transports/protocomm_console.c.obj
[1007/1049] Building C object esp-idf/spiffs/CMakeFiles/__idf_spiffs.dir/esp_spiffs.c.obj
[1045/1051] Building C object esp-idf/spiffs/CMakeFiles/__idf_spiffs.dir/spiffs/src/spiffs_nucleus.c.obj
[995/1051] Building C object esp-idf/spiffs/CMakeFiles/__idf_spiffs.dir/spiffs/src/spiffs_gc.c.obj
[915/1051] Building CXX object esp-idf/wear_levelling/CMakeFiles/__idf_wear_levelling.dir/SPI_Flash.cpp.obj
[1008/1049] Building C object esp-idf/touch_element/CMakeFiles/__idf_touch_element.dir/touch_slider.c.obj
[981/1051] Building C object esp-idf/fatfs/CMakeFiles/__idf_fatfs.dir/diskio/diskio_sdmmc.c.obj
[993/1051] Building C object esp-idf/mqtt/CMakeFiles/__idf_mqtt.dir/esp-mqtt/lib/mqtt_msg.c.obj
[902/1051] Building C object esp-idf/protocomm/CMakeFiles/__idf_protocomm.dir/proto-c/sec1.pb-c.c.obj
[558/1051] Building C object esp-idf/hal/CMakeFiles/__idf_hal.dir/brownout_hal.c.obj
[903/1051] Building CXX object esp-idf/wear_levelling/CMakeFiles/__idf_wear_levelling.dir/crc32.cpp.obj
[1046/1051] Linking C static library esp-idf/mqtt/libmqtt.a
[916/1051] Building C object esp-idf/esp_https_server/CMakeFiles/__idf_esp_https_server.dir/src/https_server.c.obj
[904/1051] Linking C static library esp-idf/esp_driver_gpio/libesp_driver_gpio.a
[917/1051] Linking C static library esp-idf/app_update/libapp_update.a
[559/1051] Building C object esp-idf/hal/CMakeFiles/__idf_hal.dir/gdma_hal_ahb_v1.c.obj
[905/1051] Building C object esp-idf/protocomm/CMakeFiles/__idf_protocomm.dir/src/crypto/srp6a/esp_srp_mpi.c.obj
[560/1051] Building C object esp-idf/hal/CMakeFiles/__idf_hal.dir/lcd_hal.c.obj
[975/1051] Building C object esp-idf/fatfs/CMakeFiles/__idf_fatfs.dir/diskio/diskio_rawflash.c.obj
[918/1051] Building C object esp-idf/unity/CMakeFiles/__idf_unity.dir/unity/src/unity.c.obj
[996/1051] Building C object esp-idf/spiffs/CMakeFiles/__idf_spiffs.dir/spiffs/src/spiffs_check.c.obj
[919/1051] Building C object esp-idf/cmock/CMakeFiles/__idf_cmock.dir/CMock/src/cmock.c.obj
[976/1051] Building C object esp-idf/fatfs/CMakeFiles/__idf_fatfs.dir/diskio/diskio.c.obj
[561/1051] Building C object esp-idf/hal/CMakeFiles/__idf_hal.dir/mpi_hal.c.obj
[562/1051] Building C object esp-idf/hal/CMakeFiles/__idf_hal.dir/aes_hal.c.obj
[563/1051] Building C object esp-idf/hal/CMakeFiles/__idf_hal.dir/sha_hal.c.obj
[977/1051] Building C object esp-idf/fatfs/CMakeFiles/__idf_fatfs.dir/port/freertos/ffsystem.c.obj
[906/1051] Building C object esp-idf/console/CMakeFiles/__idf_console.dir/argtable3/arg_rex.c.obj
[564/1051] Building C object esp-idf/hal/CMakeFiles/__idf_hal.dir/spi_slave_hal.c.obj
[982/1051] Building C object esp-idf/perfmon/CMakeFiles/__idf_perfmon.dir/xtensa_perfmon_access.c.obj
[978/1051] Building C object esp-idf/fatfs/CMakeFiles/__idf_fatfs.dir/src/ffunicode.c.obj
[1048/1051] Linking C static library esp-idf/mqtt/libmqtt.a
[565/1051] Building C object esp-idf/hal/CMakeFiles/__idf_hal.dir/adc_oneshot_hal.c.obj
[829/1051] Linking CXX static library esp-idf/mbedtls/mbedtls/library/libmbedcrypto.a
[979/1051] Building C object esp-idf/fatfs/CMakeFiles/__idf_fatfs.dir/diskio/diskio_wl.c.obj
[907/1051] Linking C static library esp-idf/esp_security/libesp_security.a
[1046/1051] Linking C static library esp-idf/spiffs/libspiffs.a
[1047/1051] Building C object esp-idf/wifi_provisioning/CMakeFiles/__idf_wifi_provisioning.dir/src/manager.c.obj
[920/1051] Linking C static library esp-idf/esp_bootloader_format/libesp_bootloader_format.a
[921/1051] Building C object esp-idf/app_trace/CMakeFiles/__idf_app_trace.dir/app_trace_util.c.obj
[1009/1049] Building C object esp-idf/espressif__elf_loader/CMakeFiles/__idf_espressif__elf_loader.dir/src/esp_elf_adapter.c.obj
[997/1051] Building C object esp-idf/usb/CMakeFiles/__idf_usb.dir/usb_private.c.obj
[980/1051] Building C object esp-idf/perfmon/CMakeFiles/__idf_perfmon.dir/xtensa_perfmon_access.c.obj
[983/1051] Building C object esp-idf/mqtt/CMakeFiles/__idf_mqtt.dir/esp-mqtt/lib/mqtt_outbox.c.obj
[1049/1051] Linking C static library esp-idf/main/libmain.a
[1010/1049] Building C object esp-idf/wifi_provisioning/CMakeFiles/__idf_wifi_provisioning.dir/src/handlers.c.obj
[566/1051] Building C object esp-idf/hal/CMakeFiles/__idf_hal.dir/adc_hal_common.c.obj
[1011/1049] Building C object esp-idf/wifi_provisioning/CMakeFiles/__idf_wifi_provisioning.dir/proto-c/wifi_ctrl.pb-c.c.obj
[908/1051] Building CXX object esp-idf/wear_levelling/CMakeFiles/__idf_wear_levelling.dir/Partition.cpp.obj
[981/1051] Building C object esp-idf/perfmon/CMakeFiles/__idf_perfmon.dir/xtensa_perfmon_masks.c.obj
[984/1051] Building C object esp-idf/perfmon/CMakeFiles/__idf_perfmon.dir/xtensa_perfmon_apis.c.obj
[567/1051] Building C object esp-idf/hal/CMakeFiles/__idf_hal.dir/spi_hal.c.obj
[1012/1049] Building C object esp-idf/wifi_provisioning/CMakeFiles/__idf_wifi_provisioning.dir/src/wifi_scan.c.obj
[982/1051] Building C object esp-idf/nvs_sec_provider/CMakeFiles/__idf_nvs_sec_provider.dir/nvs_sec_provider.c.obj
[922/1051] Linking C static library esp-idf/esp_app_format/libesp_app_format.a
[1013/1049] Building C object esp-idf/wifi_provisioning/CMakeFiles/__idf_wifi_provisioning.dir/src/scheme_console.c.obj
[568/1051] Building C object esp-idf/heap/CMakeFiles/__idf_heap.dir/tlsf/tlsf.c.obj
[994/1051] Building C object esp-idf/spiffs/CMakeFiles/__idf_spiffs.dir/spiffs/src/spiffs_gc.c.obj
[998/1051] Building C object esp-idf/touch_element/CMakeFiles/__idf_touch_element.dir/touch_slider.c.obj
[983/1051] Building C object esp-idf/fatfs/CMakeFiles/__idf_fatfs.dir/diskio/diskio_sdmmc.c.obj
[923/1051] Building C object esp-idf/esp_driver_cam/CMakeFiles/__idf_esp_driver_cam.dir/dvp_share_ctrl.c.obj
[909/1051] Building C object esp-idf/protocomm/CMakeFiles/__idf_protocomm.dir/src/transports/protocomm_console.c.obj
[1014/1049] Building C object esp-idf/touch_element/CMakeFiles/__idf_touch_element.dir/touch_element.c.obj
[984/1051] Building C object esp-idf/mqtt/CMakeFiles/__idf_mqtt.dir/esp-mqtt/lib/platform_esp32_idf.c.obj
[830/1051] Linking CXX static library esp-idf/mbedtls/mbedtls/3rdparty/p256-m/libp256m.a
[1050/1051] Build ELF: sleep.app.elf
[924/1051] Building C object esp-idf/protocomm/CMakeFiles/__idf_protocomm.dir/src/crypto/srp6a/esp_srp.c.obj
[999/1051] Building C object esp-idf/touch_element/CMakeFiles/__idf_touch_element.dir/touch_button.c.obj
[985/1051] Building C object esp-idf/spiffs/CMakeFiles/__idf_spiffs.dir/spiffs/src/spiffs_cache.c.obj
[910/1051] Building C object esp-idf/console/CMakeFiles/__idf_console.dir/argtable3/argtable3.c.obj
[1015/1049] Building C object esp-idf/wifi_provisioning/CMakeFiles/__idf_wifi_provisioning.dir/proto-c/wifi_scan.pb-c.c.obj
[1048/1051] Linking C static library esp-idf/wifi_provisioning/libwifi_provisioning.a
[925/1051] Building C object esp-idf/app_trace/CMakeFiles/__idf_app_trace.dir/host_file_io.c.obj
[1016/1049] Linking C static library esp-idf/cmock/libcmock.a
[911/1051] Building C object esp-idf/protocomm/CMakeFiles/__idf_protocomm.dir/src/common/protocomm.c.obj
[995/1051] Building C object esp-idf/usb/CMakeFiles/__idf_usb.dir/hub.c.obj
[986/1051] Building C object esp-idf/rt/CMakeFiles/__idf_rt.dir/FreeRTOS_POSIX_utils.c.obj
[926/1051] Building CXX object esp-idf/wear_levelling/CMakeFiles/__idf_wear_levelling.dir/WL_Ext_Safe.cpp.obj
[1017/1049] Building C object esp-idf/wifi_provisioning/CMakeFiles/__idf_wifi_provisioning.dir/proto-c/wifi_config.pb-c.c.obj
[912/1051] Linking C static library esp-idf/efuse/libefuse.a
[985/1051] Building C object esp-idf/mqtt/CMakeFiles/__idf_mqtt.dir/esp-mqtt/lib/mqtt_outbox.c.obj
[569/1051] Building C object esp-idf/hal/CMakeFiles/__idf_hal.dir/cam_hal.c.obj
[1018/1049] Linking C static library esp-idf/esp_driver_cam/libesp_driver_cam.a
[987/1051] Building C object esp-idf/fatfs/CMakeFiles/__idf_fatfs.dir/vfs/vfs_fat_spiflash.c.obj
[1019/1049] Linking C static library esp-idf/app_trace/libapp_trace.a
[927/1051] Building C object esp-idf/protocomm/CMakeFiles/__idf_protocomm.dir/src/security/security2.c.obj
[986/1051] Building C object esp-idf/fatfs/CMakeFiles/__idf_fatfs.dir/vfs/vfs_fat_sdmmc.c.obj
[913/1051] Building C object esp-idf/protocomm/CMakeFiles/__idf_protocomm.dir/src/crypto/srp6a/esp_srp.c.obj
[1020/1049] Linking C static library esp-idf/esp_driver_touch_sens/libesp_driver_touch_sens.a
[928/1051] Linking C static library esp-idf/xtensa/libxtensa.a
[987/1051] Building C object esp-idf/perfmon/CMakeFiles/__idf_perfmon.dir/xtensa_perfmon_apis.c.obj
[988/1051] Building C object esp-idf/fatfs/CMakeFiles/__idf_fatfs.dir/vfs/vfs_fat_sdmmc.c.obj
[570/1051] Building C object esp-idf/hal/CMakeFiles/__idf_hal.dir/spi_slave_hal_iram.c.obj
[1049/1051] Linking C static library esp-idf/main/libmain.a
[1021/1049] Building C object esp-idf/esp_lcd/CMakeFiles/__idf_esp_lcd.dir/rgb/esp_lcd_panel_rgb.c.obj
[831/1051] Linking CXX static library esp-idf/mbedtls/mbedtls/3rdparty/everest/libeverest.a
[989/1051] Building C object esp-idf/spiffs/CMakeFiles/__idf_spiffs.dir/spiffs_api.c.obj
[929/1051] Building C object esp-idf/esp_driver_cam/CMakeFiles/__idf_esp_driver_cam.dir/dvp/src/esp_cam_ctlr_dvp_gdma.c.obj
[914/1051] Building CXX object esp-idf/wear_levelling/CMakeFiles/__idf_wear_levelling.dir/WL_Ext_Perf.cpp.obj
[571/1051] Building C object esp-idf/hal/CMakeFiles/__idf_hal.dir/hmac_hal.c.obj
[1022/1049] Linking C static library esp-idf/esp_hid/libesp_hid.a
[996/1051] Building C object esp-idf/touch_element/CMakeFiles/__idf_touch_element.dir/touch_button.c.obj
[572/1051] Linking C static library esp-idf/heap/libheap.a
[930/1051] Building C object esp-idf/app_trace/CMakeFiles/__idf_app_trace.dir/port/port_uart.c.obj
[915/1051] Building CXX object esp-idf/wear_levelling/CMakeFiles/__idf_wear_levelling.dir/SPI_Flash.cpp.obj
[990/1051] Building C object esp-idf/nvs_sec_provider/CMakeFiles/__idf_nvs_sec_provider.dir/nvs_sec_provider.c.obj
[1023/1049] Linking C static library esp-idf/mqtt/libmqtt.a
[573/1051] Building C object esp-idf/hal/CMakeFiles/__idf_hal.dir/ds_hal.c.obj
[1024/1049] Linking C static library esp-idf/esp_local_ctrl/libesp_local_ctrl.a
[997/1051] Building C object esp-idf/spiffs/CMakeFiles/__idf_spiffs.dir/esp_spiffs.c.obj
[574/1051] Building C object esp-idf/hal/CMakeFiles/__idf_hal.dir/usb_serial_jtag_hal.c.obj
[1025/1049] Linking C static library esp-idf/esp_eth/libesp_eth.a
[575/1051] Building C object esp-idf/hal/CMakeFiles/__idf_hal.dir/adc_hal.c.obj
[991/1051] Building C object esp-idf/esp_lcd/CMakeFiles/__idf_esp_lcd.dir/i80/esp_lcd_panel_io_i80.c.obj
[576/1051] Building C object esp-idf/hal/CMakeFiles/__idf_hal.dir/touch_sens_hal.c.obj
[1050/1051] Build ELF: echo.app.elf
[998/1051] Building C object esp-idf/usb/CMakeFiles/__idf_usb.dir/usb_private.c.obj
[916/1051] Linking C static library esp-idf/esp_partition/libesp_partition.a
[988/1051] Building C object esp-idf/fatfs/CMakeFiles/__idf_fatfs.dir/vfs/vfs_fat_spiflash.c.obj
[577/1051] Building C object esp-idf/hal/CMakeFiles/__idf_hal.dir/usb_wrap_hal.c.obj
[1000/1051] Building C object esp-idf/usb/CMakeFiles/__idf_usb.dir/hcd_dwc.c.obj
[1026/1049] Building C object esp-idf/espressif__elf_loader/CMakeFiles/__idf_espressif__elf_loader.dir/src/arch/esp_elf_xtensa.c.obj
[1027/1049] Linking C static library esp-idf/espcoredump/libespcoredump.a
[999/1051] Building C object esp-idf/esp_lcd/CMakeFiles/__idf_esp_lcd.dir/rgb/esp_lcd_panel_rgb.c.obj
[1028/1049] Linking C static library esp-idf/nvs_sec_provider/libnvs_sec_provider.a
[1029/1049] Linking C static library esp-idf/perfmon/libperfmon.a
[931/1051] Building CXX object esp-idf/wear_levelling/CMakeFiles/__idf_wear_levelling.dir/wear_levelling.cpp.obj
[1000/1051] Building C object esp-idf/fatfs/CMakeFiles/__idf_fatfs.dir/vfs/vfs_fat.c.obj
[1030/1049] Building C object esp-idf/wifi_provisioning/CMakeFiles/__idf_wifi_provisioning.dir/src/scheme_softap.c.obj
[578/1051] Building C object esp-idf/hal/CMakeFiles/__idf_hal.dir/spi_flash_hal_gpspi.c.obj
[1001/1051] Building C object esp-idf/touch_element/CMakeFiles/__idf_touch_element.dir/touch_matrix.c.obj
[1002/1051] Building C object esp-idf/wifi_provisioning/CMakeFiles/__idf_wifi_provisioning.dir/src/wifi_config.c.obj
[1001/1051] Building C object esp-idf/usb/CMakeFiles/__idf_usb.dir/usb_helpers.c.obj
[579/1051] Linking C static library esp-idf/log/liblog.a
[1003/1051] Building C object esp-idf/usb/CMakeFiles/__idf_usb.dir/usb_helpers.c.obj
[917/1051] Building C object esp-idf/esp_https_server/CMakeFiles/__idf_esp_https_server.dir/src/https_server.c.obj
[580/1051] Building C object esp-idf/hal/CMakeFiles/__idf_hal.dir/touch_sensor_hal.c.obj
[932/1051] Linking C static library esp-idf/console/libconsole.a
[1004/1051] Building C object esp-idf/spiffs/CMakeFiles/__idf_spiffs.dir/spiffs/src/spiffs_hydrogen.c.obj
[581/1051] Building C object esp-idf/hal/CMakeFiles/__idf_hal.dir/xt_wdt_hal.c.obj
[1031/1049] Linking C static library esp-idf/rt/librt.a
[1032/1049] Building C object esp-idf/espressif__elf_loader/CMakeFiles/__idf_espressif__elf_loader.dir/src/esp_elf_symbol.c.obj
[1033/1049] Building C object esp-idf/usb/CMakeFiles/__idf_usb.dir/hcd_dwc.c.obj
[1034/1049] Linking C static library esp-idf/esp_lcd/libesp_lcd.a
[1005/1051] Building C object esp-idf/spiffs/CMakeFiles/__idf_spiffs.dir/esp_spiffs.c.obj
[918/1051] Linking C static library esp-idf/app_update/libapp_update.a
[933/1051] Linking C static library esp-idf/unity/libunity.a
[1035/1049] Linking C static library esp-idf/touch_element/libtouch_element.a
[582/1051] Building C object esp-idf/esp_rom/CMakeFiles/__idf_esp_rom.dir/patches/esp_rom_crc.c.obj
[989/1051] Building C object esp-idf/rt/CMakeFiles/__idf_rt.dir/FreeRTOS_POSIX_utils.c.obj
[583/1051] Building C object esp-idf/hal/CMakeFiles/__idf_hal.dir/spi_slave_hd_hal.c.obj
[934/1051] Building C object esp-idf/esp_driver_cam/CMakeFiles/__idf_esp_driver_cam.dir/esp_cam_ctlr.c.obj
[990/1051] Building C object esp-idf/mqtt/CMakeFiles/__idf_mqtt.dir/esp-mqtt/lib/mqtt_msg.c.obj
[1006/1051] Building C object esp-idf/wifi_provisioning/CMakeFiles/__idf_wifi_provisioning.dir/src/wifi_ctrl.c.obj
[919/1051] Building C object esp-idf/protocomm/CMakeFiles/__idf_protocomm.dir/src/transports/protocomm_httpd.c.obj
[584/1051] Building C object esp-idf/hal/CMakeFiles/__idf_hal.dir/temperature_sensor_hal.c.obj
[585/1051] Building ASM object esp-idf/esp_rom/CMakeFiles/__idf_esp_rom.dir/patches/esp_rom_longjmp.S.obj
[586/1051] Building C object esp-idf/hal/CMakeFiles/__idf_hal.dir/twai_hal_sja1000.c.obj
[920/1051] Linking C static library esp-idf/esp_bootloader_format/libesp_bootloader_format.a
[991/1051] Building C object esp-idf/spiffs/CMakeFiles/__idf_spiffs.dir/spiffs_api.c.obj
[1036/1049] Building C object esp-idf/spiffs/CMakeFiles/__idf_spiffs.dir/spiffs/src/spiffs_nucleus.c.obj
[1002/1051] Building C object esp-idf/touch_element/CMakeFiles/__idf_touch_element.dir/touch_matrix.c.obj
[921/1051] Building C object esp-idf/app_trace/CMakeFiles/__idf_app_trace.dir/host_file_io.c.obj
[1037/1049] Building C object esp-idf/espressif__elf_loader/CMakeFiles/__idf_espressif__elf_loader.dir/src/esp_elf.c.obj
[1007/1051] Building C object esp-idf/touch_element/CMakeFiles/__idf_touch_element.dir/touch_element.c.obj
[587/1051] Building C object esp-idf/esp_rom/CMakeFiles/__idf_esp_rom.dir/patches/esp_rom_sys.c.obj
[992/1051] Building C object esp-idf/mqtt/CMakeFiles/__idf_mqtt.dir/esp-mqtt/lib/mqtt_msg.c.obj
[588/1051] Building C object esp-idf/hal/CMakeFiles/__idf_hal.dir/usb_dwc_hal.c.obj
[935/1051] Linking C static library esp-idf/esp_https_server/libesp_https_server.a
[1008/1051] Building C object esp-idf/usb/CMakeFiles/__idf_usb.dir/enum.c.obj
[922/1051] Building C object esp-idf/cmock/CMakeFiles/__idf_cmock.dir/CMock/src/cmock.c.obj
[589/1051] Building C object esp-idf/hal/CMakeFiles/__idf_hal.dir/esp32s3/touch_sensor_hal.c.obj
[1038/1049] Building C object esp-idf/fatfs/CMakeFiles/__idf_fatfs.dir/src/ff.c.obj
[590/1051] Building C object esp-idf/esp_rom/CMakeFiles/__idf_esp_rom.dir/patches/esp_rom_wdt.c.obj
[591/1051] Building C object esp-idf/esp_rom/CMakeFiles/__idf_esp_rom.dir/patches/esp_rom_efuse.c.obj
[992/1051] Building C object esp-idf/spiffs/CMakeFiles/__idf_spiffs.dir/spiffs/src/spiffs_cache.c.obj
[923/1051] Building CXX object esp-idf/wear_levelling/CMakeFiles/__idf_wear_levelling.dir/WL_Ext_Safe.cpp.obj
[936/1051] Building C object esp-idf/json/CMakeFiles/__idf_json.dir/cJSON/cJSON_Utils.c.obj
[592/1051] Building C object esp-idf/esp_rom/CMakeFiles/__idf_esp_rom.dir/patches/esp_rom_systimer.c.obj
[924/1051] Linking C static library esp-idf/esp_app_format/libesp_app_format.a
[1039/1049] Building C object esp-idf/usb/CMakeFiles/__idf_usb.dir/usb_host.c.obj
[593/1051] Building C object esp-idf/esp_rom/CMakeFiles/__idf_esp_rom.dir/patches/esp_rom_cache_esp32s2_esp32s3.c.obj
[594/1051] Building ASM object esp-idf/esp_rom/CMakeFiles/__idf_esp_rom.dir/patches/esp_rom_cache_writeback_esp32s3.S.obj
[1040/1049] Linking C static library esp-idf/spiffs/libspiffs.a
[595/1051] Building C object esp-idf/esp_rom/CMakeFiles/__idf_esp_rom.dir/patches/esp_rom_gpio.c.obj
[993/1051] Building C object esp-idf/rt/CMakeFiles/__idf_rt.dir/FreeRTOS_POSIX_mqueue.c.obj
[1041/1049] Linking C static library esp-idf/espressif__elf_loader/libespressif__elf_loader.a
[596/1051] Building C object esp-idf/esp_system/CMakeFiles/__idf_esp_system.dir/esp_system_console.c.obj
[925/1051] Building C object esp-idf/app_trace/CMakeFiles/__idf_app_trace.dir/app_trace_util.c.obj
[597/1051] Building C object esp-idf/esp_rom/CMakeFiles/__idf_esp_rom.dir/patches/esp_rom_spiflash.c.obj
[926/1051] Building C object esp-idf/esp_driver_cam/CMakeFiles/__idf_esp_driver_cam.dir/dvp_share_ctrl.c.obj
[937/1051] Building C object esp-idf/esp_hid/CMakeFiles/__idf_esp_hid.dir/src/esp_hidd.c.obj
[938/1051] Building C object esp-idf/app_trace/CMakeFiles/__idf_app_trace.dir/app_trace.c.obj
[1042/1049] Linking C static library esp-idf/fatfs/libfatfs.a
[927/1051] Building C object esp-idf/json/CMakeFiles/__idf_json.dir/cJSON/cJSON.c.obj
[1003/1051] Building C object esp-idf/spiffs/CMakeFiles/__idf_spiffs.dir/spiffs/src/spiffs_check.c.obj
[993/1051] Building C object esp-idf/esp_lcd/CMakeFiles/__idf_esp_lcd.dir/rgb/esp_lcd_panel_rgb.c.obj
[598/1051] Building C object esp-idf/hal/CMakeFiles/__idf_hal.dir/spi_hal_iram.c.obj
[599/1051] Building C object esp-idf/esp_system/CMakeFiles/__idf_esp_system.dir/esp_system.c.obj
[939/1051] Building C object esp-idf/json/CMakeFiles/__idf_json.dir/cJSON/cJSON.c.obj
[928/1051] Linking C static library esp-idf/xtensa/libxtensa.a
[600/1051] Building C object esp-idf/esp_rom/CMakeFiles/__idf_esp_rom.dir/patches/esp_rom_print.c.obj
[994/1051] Building C object esp-idf/rt/CMakeFiles/__idf_rt.dir/FreeRTOS_POSIX_mqueue.c.obj
[601/1051] Building C object esp-idf/hal/CMakeFiles/__idf_hal.dir/esp32s3/rtc_cntl_hal.c.obj
[929/1051] Building CXX object esp-idf/wear_levelling/CMakeFiles/__idf_wear_levelling.dir/WL_Flash.cpp.obj
[1009/1051] Building C object esp-idf/wifi_provisioning/CMakeFiles/__idf_wifi_provisioning.dir/proto-c/wifi_constants.pb-c.c.obj
[930/1051] Building C object esp-idf/app_trace/CMakeFiles/__idf_app_trace.dir/app_trace.c.obj
[1004/1051] Building C object esp-idf/spiffs/CMakeFiles/__idf_spiffs.dir/spiffs/src/spiffs_hydrogen.c.obj
[1010/1051] Building C object esp-idf/wifi_provisioning/CMakeFiles/__idf_wifi_provisioning.dir/proto-c/wifi_config.pb-c.c.obj
[940/1051] Building C object esp-idf/esp_lcd/CMakeFiles/__idf_esp_lcd.dir/src/esp_lcd_panel_io.c.obj
[602/1051] Building C object esp-idf/esp_rom/CMakeFiles/__idf_esp_rom.dir/patches/esp_rom_serial_output.c.obj
[994/1051] Building C object esp-idf/spiffs/CMakeFiles/__idf_spiffs.dir/spiffs/src/spiffs_gc.c.obj
[1011/1051] Building C object esp-idf/wifi_provisioning/CMakeFiles/__idf_wifi_provisioning.dir/proto-c/wifi_ctrl.pb-c.c.obj
[931/1051] Building C object esp-idf/app_trace/CMakeFiles/__idf_app_trace.dir/port/port_uart.c.obj
[1047/1051] Building C object esp-idf/wifi_provisioning/CMakeFiles/__idf_wifi_provisioning.dir/src/manager.c.obj
[1012/1051] Building C object esp-idf/usb/CMakeFiles/__idf_usb.dir/hub.c.obj
[932/1051] Building C object esp-idf/protocomm/CMakeFiles/__idf_protocomm.dir/src/security/security2.c.obj
[603/1051] Building C object esp-idf/esp_system/CMakeFiles/__idf_esp_system.dir/system_time.c.obj
[941/1051] Building C object esp-idf/esp_driver_touch_sens/CMakeFiles/__idf_esp_driver_touch_sens.dir/common/touch_sens_common.c.obj
[933/1051] Building CXX object esp-idf/wear_levelling/CMakeFiles/__idf_wear_levelling.dir/wear_levelling.cpp.obj
[934/1051] Building C object esp-idf/esp_driver_cam/CMakeFiles/__idf_esp_driver_cam.dir/esp_cam_ctlr.c.obj
[604/1051] Building C object esp-idf/esp_common/CMakeFiles/__idf_esp_common.dir/src/esp_err_to_name.c.obj
[935/1051] Building C object esp-idf/esp_driver_cam/CMakeFiles/__idf_esp_driver_cam.dir/dvp/src/esp_cam_ctlr_dvp_gdma.c.obj
[605/1051] Building C object esp-idf/esp_system/CMakeFiles/__idf_esp_system.dir/ubsan.c.obj
[1005/1051] Building C object esp-idf/wifi_provisioning/CMakeFiles/__idf_wifi_provisioning.dir/src/wifi_ctrl.c.obj
[1006/1051] Building C object esp-idf/usb/CMakeFiles/__idf_usb.dir/enum.c.obj
[606/1051] Building C object esp-idf/esp_system/CMakeFiles/__idf_esp_system.dir/stack_check.c.obj
[1013/1051] Building C object esp-idf/usb/CMakeFiles/__idf_usb.dir/usb_host.c.obj
[995/1051] Building C object esp-idf/usb/CMakeFiles/__idf_usb.dir/usb_private.c.obj
[1014/1051] Building C object esp-idf/wifi_provisioning/CMakeFiles/__idf_wifi_provisioning.dir/src/wifi_scan.c.obj
[607/1051] Building C object esp-idf/esp_system/CMakeFiles/__idf_esp_system.dir/task_wdt/task_wdt_impl_timergroup.c.obj
[1015/1051] Linking C static library esp-idf/cmock/libcmock.a
[936/1051] Building C object esp-idf/esp_driver_touch_sens/CMakeFiles/__idf_esp_driver_touch_sens.dir/hw_ver2/touch_version_specific.c.obj
[608/1051] Building C object esp-idf/esp_system/CMakeFiles/__idf_esp_system.dir/esp_ipc.c.obj
[1007/1051] Building C object esp-idf/wifi_provisioning/CMakeFiles/__idf_wifi_provisioning.dir/src/wifi_config.c.obj
[1016/1051] Building C object esp-idf/espressif__elf_loader/CMakeFiles/__idf_espressif__elf_loader.dir/src/esp_elf.c.obj
[937/1051] Linking C static library esp-idf/unity/libunity.a
[938/1051] Linking C static library esp-idf/esp_https_server/libesp_https_server.a
[996/1051] Building C object esp-idf/fatfs/CMakeFiles/__idf_fatfs.dir/vfs/vfs_fat.c.obj
[995/1051] Building C object esp-idf/usb/CMakeFiles/__idf_usb.dir/usb_private.c.obj
[609/1051] Building C object esp-idf/esp_system/CMakeFiles/__idf_esp_system.dir/esp_err.c.obj
[1048/1051] Linking C static library esp-idf/wifi_provisioning/libwifi_provisioning.a
[997/1051] Building C object esp-idf/spiffs/CMakeFiles/__idf_spiffs.dir/spiffs/src/spiffs_gc.c.obj
[1017/1051] Linking C static library esp-idf/app_trace/libapp_trace.a
[610/1051] Building C object esp-idf/esp_system/CMakeFiles/__idf_esp_system.dir/startup.c.obj
[1018/1051] Building C object esp-idf/espressif__elf_loader/CMakeFiles/__idf_espressif__elf_loader.dir/src/arch/esp_elf_xtensa.c.obj
[996/1051] Building C object esp-idf/spiffs/CMakeFiles/__idf_spiffs.dir/spiffs/src/spiffs_hydrogen.c.obj
[939/1051] Linking C static library esp-idf/console/libconsole.a
[942/1051] Building C object esp-idf/esp_eth/CMakeFiles/__idf_esp_eth.dir/src/esp_eth_netif_glue.c.obj
[1008/1051] Building C object esp-idf/touch_element/CMakeFiles/__idf_touch_element.dir/touch_element.c.obj
[611/1051] Building C object esp-idf/esp_system/CMakeFiles/__idf_esp_system.dir/freertos_hooks.c.obj
[943/1051] Building C object esp-idf/esp_lcd/CMakeFiles/__idf_esp_lcd.dir/src/esp_lcd_common.c.obj
[1019/1051] Building C object esp-idf/wifi_provisioning/CMakeFiles/__idf_wifi_provisioning.dir/src/scheme_console.c.obj
[1043/1049] Building C object esp-idf/usb/CMakeFiles/__idf_usb.dir/usbh.c.obj
[612/1051] Building ASM object esp-idf/esp_system/CMakeFiles/__idf_esp_system.dir/port/arch/xtensa/esp_ipc_isr_routines.S.obj
[997/1051] Building C object esp-idf/touch_element/CMakeFiles/__idf_touch_element.dir/touch_button.c.obj
[1009/1051] Building C object esp-idf/touch_element/CMakeFiles/__idf_touch_element.dir/touch_slider.c.obj
[1020/1051] Linking C static library esp-idf/esp_driver_cam/libesp_driver_cam.a
[1021/1051] Linking C static library esp-idf/esp_driver_touch_sens/libesp_driver_touch_sens.a
[1010/1051] Building C object esp-idf/wifi_provisioning/CMakeFiles/__idf_wifi_provisioning.dir/proto-c/wifi_ctrl.pb-c.c.obj
[944/1051] Building C object esp-idf/protobuf-c/CMakeFiles/__idf_protobuf-c.dir/protobuf-c/protobuf-c/protobuf-c.c.obj
[998/1051] Building C object esp-idf/usb/CMakeFiles/__idf_usb.dir/enum.c.obj
[998/1051] Building C object esp-idf/usb/CMakeFiles/__idf_usb.dir/usb_helpers.c.obj
[613/1051] Building C object esp-idf/esp_system/CMakeFiles/__idf_esp_system.dir/port/cpu_start.c.obj
[1022/1051] Building C object esp-idf/espressif__elf_loader/CMakeFiles/__idf_espressif__elf_loader.dir/src/esp_elf_symbol.c.obj
[1023/1051] Linking C static library esp-idf/esp_eth/libesp_eth.a
[1024/1051] Linking C static library esp-idf/esp_hid/libesp_hid.a
[1025/1051] Building C object esp-idf/esp_lcd/CMakeFiles/__idf_esp_lcd.dir/rgb/esp_lcd_panel_rgb.c.obj
[614/1051] Building C object esp-idf/esp_system/CMakeFiles/__idf_esp_system.dir/crosscore_int.c.obj
[1049/1051] Linking C static library esp-idf/main/libmain.a
[945/1051] Building C object esp-idf/esp_lcd/CMakeFiles/__idf_esp_lcd.dir/src/esp_lcd_panel_nt35510.c.obj
[999/1051] Building C object esp-idf/usb/CMakeFiles/__idf_usb.dir/usb_helpers.c.obj
[1011/1051] Building C object esp-idf/wifi_provisioning/CMakeFiles/__idf_wifi_provisioning.dir/src/handlers.c.obj
[940/1051] Building C object esp-idf/esp_lcd/CMakeFiles/__idf_esp_lcd.dir/src/esp_lcd_panel_nt35510.c.obj
[1026/1051] Linking C static library esp-idf/esp_local_ctrl/libesp_local_ctrl.a
[615/1051] Building ASM object esp-idf/esp_system/CMakeFiles/__idf_esp_system.dir/port/arch/xtensa/panic_handler_asm.S.obj
[1027/1051] Building C object esp-idf/espressif__elf_loader/CMakeFiles/__idf_espressif__elf_loader.dir/src/esp_elf_adapter.c.obj
[946/1051] Building C object esp-idf/esp_lcd/CMakeFiles/__idf_esp_lcd.dir/src/esp_lcd_panel_ops.c.obj
[1028/1051] Linking C static library esp-idf/perfmon/libperfmon.a
[1029/1051] Linking C static library esp-idf/espcoredump/libespcoredump.a
[1030/1051] Linking C static library esp-idf/nvs_sec_provider/libnvs_sec_provider.a
[616/1051] Linking C static library esp-idf/hal/libhal.a
[999/1051] Building C object esp-idf/fatfs/CMakeFiles/__idf_fatfs.dir/vfs/vfs_fat.c.obj
[617/1051] Building ASM object esp-idf/esp_system/CMakeFiles/__idf_esp_system.dir/port/arch/xtensa/esp_ipc_isr_handler.S.obj
[1012/1051] Building C object esp-idf/wifi_provisioning/CMakeFiles/__idf_wifi_provisioning.dir/src/scheme_console.c.obj
[941/1051] Building C object esp-idf/json/CMakeFiles/__idf_json.dir/cJSON/cJSON_Utils.c.obj
[1031/1051] Building ASM object 'esp-idf/main/CMakeFiles/__idf_main.dir/home/tikhon/Документы/magnolia/sdk/tinygo/runtime/tinygo_symbols.S.obj'
[618/1051] Building ASM object esp-idf/esp_system/CMakeFiles/__idf_esp_system.dir/port/arch/xtensa/expression_with_stack_asm.S.obj
[942/1051] Building C object esp-idf/protobuf-c/CMakeFiles/__idf_protobuf-c.dir/protobuf-c/protobuf-c/protobuf-c.c.obj
[619/1051] Building ASM object esp-idf/esp_system/CMakeFiles/__idf_esp_system.dir/port/arch/xtensa/debug_helpers_asm.S.obj
[1032/1051] Linking C static library esp-idf/rt/librt.a
[620/1051] Building C object esp-idf/esp_system/CMakeFiles/__idf_esp_system.dir/port/arch/xtensa/esp_ipc_isr_port.c.obj
[1044/1049] Linking C static library esp-idf/usb/libusb.a
[1033/1051] Building C object esp-idf/wifi_provisioning/CMakeFiles/__idf_wifi_provisioning.dir/src/handlers.c.obj
[621/1051] Building C object esp-idf/esp_system/CMakeFiles/__idf_esp_system.dir/port/esp_system_chip.c.obj
[947/1051] Building C object esp-idf/esp_eth/CMakeFiles/__idf_esp_eth.dir/src/phy/esp_eth_phy_802_3.c.obj
[1013/1051] Linking C static library esp-idf/app_trace/libapp_trace.a
[1050/1051] Build ELF: goargs.app.elf
[622/1051] Building C object esp-idf/esp_system/CMakeFiles/__idf_esp_system.dir/xt_wdt.c.obj
[1000/1051] Building C object esp-idf/touch_element/CMakeFiles/__idf_touch_element.dir/touch_slider.c.obj
[943/1051] Building C object esp-idf/esp_lcd/CMakeFiles/__idf_esp_lcd.dir/src/esp_lcd_panel_io.c.obj
[1000/1051] Building C object esp-idf/wifi_provisioning/CMakeFiles/__idf_wifi_provisioning.dir/src/wifi_config.c.obj
[948/1051] Building C object esp-idf/esp_hid/CMakeFiles/__idf_esp_hid.dir/src/esp_hid_common.c.obj
[1034/1051] Linking C static library esp-idf/espressif__elf_loader/libespressif__elf_loader.a
[623/1051] Building C object esp-idf/esp_system/CMakeFiles/__idf_esp_system.dir/port/image_process.c.obj
[949/1051] Linking C static library esp-idf/protobuf-c/libprotobuf-c.a
[1035/1051] Linking C static library esp-idf/touch_element/libtouch_element.a
[1014/1051] Linking C static library esp-idf/cmock/libcmock.a
[1015/1051] Building C object esp-idf/wifi_provisioning/CMakeFiles/__idf_wifi_provisioning.dir/proto-c/wifi_constants.pb-c.c.obj
[944/1051] Building C object esp-idf/esp_hid/CMakeFiles/__idf_esp_hid.dir/src/esp_hidd.c.obj
[1036/1051] Linking C static library esp-idf/esp_lcd/libesp_lcd.a
[1001/1051] Building C object esp-idf/touch_element/CMakeFiles/__idf_touch_element.dir/touch_matrix.c.obj
[950/1051] Building C object esp-idf/esp_lcd/CMakeFiles/__idf_esp_lcd.dir/src/esp_lcd_panel_ssd1306.c.obj
[1016/1051] Building C object esp-idf/wifi_provisioning/CMakeFiles/__idf_wifi_provisioning.dir/proto-c/wifi_scan.pb-c.c.obj
[1017/1051] Building C object esp-idf/wifi_provisioning/CMakeFiles/__idf_wifi_provisioning.dir/src/wifi_scan.c.obj
[945/1051] Building C object esp-idf/esp_eth/CMakeFiles/__idf_esp_eth.dir/src/esp_eth_netif_glue.c.obj
[946/1051] Linking C static library esp-idf/protobuf-c/libprotobuf-c.a
[951/1051] Building C object esp-idf/esp_lcd/CMakeFiles/__idf_esp_lcd.dir/i2c/esp_lcd_panel_io_i2c_v1.c.obj
[624/1051] Linking C static library esp-idf/esp_rom/libesp_rom.a
[952/1051] Building CXX object esp-idf/wear_levelling/CMakeFiles/__idf_wear_levelling.dir/WL_Flash.cpp.obj
[947/1051] Building C object esp-idf/esp_lcd/CMakeFiles/__idf_esp_lcd.dir/src/esp_lcd_common.c.obj
[1045/1049] Building C object esp-idf/main/CMakeFiles/__idf_main.dir/main.c.obj
[625/1051] Building ASM object esp-idf/esp_system/CMakeFiles/__idf_esp_system.dir/port/soc/esp32s3/highint_hdl.S.obj
[1018/1051] Linking C static library esp-idf/esp_driver_touch_sens/libesp_driver_touch_sens.a
[953/1051] Building C object esp-idf/esp_hid/CMakeFiles/__idf_esp_hid.dir/src/esp_hidh.c.obj
[626/1051] Building C object esp-idf/esp_system/CMakeFiles/__idf_esp_system.dir/port/esp_ipc_isr.c.obj
[1037/1051] Building C object esp-idf/wifi_provisioning/CMakeFiles/__idf_wifi_provisioning.dir/proto-c/wifi_scan.pb-c.c.obj
[954/1051] Building C object esp-idf/espcoredump/CMakeFiles/__idf_espcoredump.dir/src/core_dump_init.c.obj
[1038/1051] Building C object esp-idf/usb/CMakeFiles/__idf_usb.dir/usbh.c.obj
[1019/1051] Linking C static library esp-idf/esp_driver_cam/libesp_driver_cam.a
Command failed (2): idf.py build
Skipping failed applet build: rhexdump
Building applet rusthello -> rusthello ...
Reconfiguring applet rusthello (cmake inputs changed)
+ idf.py reconfigure
[1020/1051] Linking C static library esp-idf/esp_eth/libesp_eth.a
[627/1051] Building C object esp-idf/esp_system/CMakeFiles/__idf_esp_system.dir/port/arch/xtensa/debug_stubs.c.obj
[1039/1051] Building C object esp-idf/wifi_provisioning/CMakeFiles/__idf_wifi_provisioning.dir/src/scheme_softap.c.obj
[955/1051] Building C object esp-idf/esp_driver_cam/CMakeFiles/__idf_esp_driver_cam.dir/dvp/src/esp_cam_ctlr_dvp_cam.c.obj
[832/1051] Generating x509_crt_bundle
[956/1051] Building C object esp-idf/espcoredump/CMakeFiles/__idf_espcoredump.dir/src/core_dump_common.c.obj
[1021/1051] Building C object esp-idf/espressif__elf_loader/CMakeFiles/__idf_espressif__elf_loader.dir/src/arch/esp_elf_xtensa.c.obj
[957/1051] Building C object esp-idf/espcoredump/CMakeFiles/__idf_espcoredump.dir/src/core_dump_flash.c.obj
[1002/1051] Building C object esp-idf/touch_element/CMakeFiles/__idf_touch_element.dir/touch_button.c.obj
[1022/1051] Linking C static library esp-idf/esp_hid/libesp_hid.a
[1023/1051] Building C object esp-idf/wifi_provisioning/CMakeFiles/__idf_wifi_provisioning.dir/proto-c/wifi_config.pb-c.c.obj
[1024/1051] Linking C static library esp-idf/esp_lcd/libesp_lcd.a
[628/1051] Building C object esp-idf/esp_system/CMakeFiles/__idf_esp_system.dir/panic.c.obj
[1003/1051] Building C object esp-idf/wifi_provisioning/CMakeFiles/__idf_wifi_provisioning.dir/src/wifi_ctrl.c.obj
[958/1051] Building C object esp-idf/espcoredump/CMakeFiles/__idf_espcoredump.dir/src/core_dump_uart.c.obj
[629/1051] Building C object esp-idf/esp_system/CMakeFiles/__idf_esp_system.dir/int_wdt.c.obj
[1004/1051] Building C object esp-idf/usb/CMakeFiles/__idf_usb.dir/hub.c.obj
[1025/1051] Building C object esp-idf/espressif__elf_loader/CMakeFiles/__idf_espressif__elf_loader.dir/src/esp_elf_adapter.c.obj
[959/1051] Linking C static library esp-idf/protocomm/libprotocomm.a
[630/1051] Building C object esp-idf/esp_system/CMakeFiles/__idf_esp_system.dir/port/arch/xtensa/trax.c.obj
[631/1051] Building C object esp-idf/esp_system/CMakeFiles/__idf_esp_system.dir/port/arch/xtensa/expression_with_stack.c.obj
[1026/1051] Linking C static library esp-idf/nvs_sec_provider/libnvs_sec_provider.a
[1027/1051] Building C object esp-idf/espressif__elf_loader/CMakeFiles/__idf_espressif__elf_loader.dir/src/esp_elf_symbol.c.obj
[1005/1051] Building C object esp-idf/wifi_provisioning/CMakeFiles/__idf_wifi_provisioning.dir/src/wifi_config.c.obj
[960/1051] Building C object esp-idf/espcoredump/CMakeFiles/__idf_espcoredump.dir/src/core_dump_elf.c.obj
[1028/1051] Linking C static library esp-idf/esp_local_ctrl/libesp_local_ctrl.a
[632/1051] Linking C static library esp-idf/esp_common/libesp_common.a
[1029/1051] Linking C static library esp-idf/espcoredump/libespcoredump.a
Applet sleep OK -> /home/tikhon/Документы/magnolia/rootfs/bin/gosleep
Building applet rxxd -> rxxd ...
Reconfiguring applet rxxd (cmake inputs changed)
+ idf.py reconfigure
[633/1051] Building C object esp-idf/esp_system/CMakeFiles/__idf_esp_system.dir/port/panic_handler.c.obj
[961/1051] Building C object esp-idf/esp_eth/CMakeFiles/__idf_esp_eth.dir/src/esp_eth.c.obj
[1001/1051] Building C object esp-idf/usb/CMakeFiles/__idf_usb.dir/hub.c.obj
[948/1051] Linking C static library esp-idf/protocomm/libprotocomm.a
[1002/1051] Building C object esp-idf/wifi_provisioning/CMakeFiles/__idf_wifi_provisioning.dir/src/wifi_ctrl.c.obj
[962/1051] Building C object esp-idf/espcoredump/CMakeFiles/__idf_espcoredump.dir/src/core_dump_sha.c.obj
[963/1051] Building C object esp-idf/espcoredump/CMakeFiles/__idf_espcoredump.dir/src/port/xtensa/core_dump_port.c.obj
[634/1051] Building C object esp-idf/spi_flash/CMakeFiles/__idf_spi_flash.dir/flash_brownout_hook.c.obj
[635/1051] Building C object esp-idf/spi_flash/CMakeFiles/__idf_spi_flash.dir/spi_flash_hpm_enable.c.obj
[1030/1051] Building ASM object 'esp-idf/main/CMakeFiles/__idf_main.dir/home/tikhon/Документы/magnolia/sdk/tinygo/runtime/tinygo_symbols.S.obj'
[1031/1051] Linking C static library esp-idf/rt/librt.a
[1032/1051] Linking C static library esp-idf/perfmon/libperfmon.a
[964/1051] Building C object esp-idf/esp_lcd/CMakeFiles/__idf_esp_lcd.dir/i2c/esp_lcd_panel_io_i2c_v2.c.obj
[1003/1051] Building C object esp-idf/fatfs/CMakeFiles/__idf_fatfs.dir/src/ff.c.obj
[1006/1051] Building C object esp-idf/spiffs/CMakeFiles/__idf_spiffs.dir/spiffs/src/spiffs_check.c.obj
[1040/1051] Linking C static library esp-idf/usb/libusb.a
[949/1051] Building C object esp-idf/esp_lcd/CMakeFiles/__idf_esp_lcd.dir/src/esp_lcd_panel_ops.c.obj
[1004/1051] Building C object esp-idf/wifi_provisioning/CMakeFiles/__idf_wifi_provisioning.dir/src/wifi_scan.c.obj
[965/1051] Linking C static library esp-idf/wear_levelling/libwear_levelling.a
[636/1051] Building C object esp-idf/esp_system/CMakeFiles/__idf_esp_system.dir/port/soc/esp32s3/cache_err_int.c.obj
[950/1051] Building C object esp-idf/esp_lcd/CMakeFiles/__idf_esp_lcd.dir/i2c/esp_lcd_panel_io_i2c_v2.c.obj
[637/1051] Building C object esp-idf/esp_system/CMakeFiles/__idf_esp_system.dir/port/soc/esp32s3/reset_reason.c.obj
[966/1051] Building C object esp-idf/esp_lcd/CMakeFiles/__idf_esp_lcd.dir/src/esp_lcd_panel_st7789.c.obj
[951/1051] Building C object esp-idf/esp_lcd/CMakeFiles/__idf_esp_lcd.dir/i2c/esp_lcd_panel_io_i2c_v1.c.obj
[1005/1051] Building C object esp-idf/usb/CMakeFiles/__idf_usb.dir/enum.c.obj
[638/1051] Building C object esp-idf/esp_system/CMakeFiles/__idf_esp_system.dir/port/arch/xtensa/debug_helpers.c.obj
[967/1051] Building C object esp-idf/esp_driver_touch_sens/CMakeFiles/__idf_esp_driver_touch_sens.dir/hw_ver2/touch_version_specific.c.obj
[833/1051] Generating ../../x509_crt_bundle.S
[1006/1051] Building C object esp-idf/spiffs/CMakeFiles/__idf_spiffs.dir/spiffs/src/spiffs_check.c.obj
[952/1051] Building C object esp-idf/esp_hid/CMakeFiles/__idf_esp_hid.dir/src/esp_hid_common.c.obj
[1033/1051] Linking C static library esp-idf/touch_element/libtouch_element.a
[639/1051] Building C object esp-idf/esp_system/CMakeFiles/__idf_esp_system.dir/startup_funcs.c.obj
[1007/1051] Building C object esp-idf/touch_element/CMakeFiles/__idf_touch_element.dir/touch_slider.c.obj
[953/1051] Building C object esp-idf/esp_hid/CMakeFiles/__idf_esp_hid.dir/src/esp_hidh.c.obj
[968/1051] Building C object esp-idf/fatfs/CMakeFiles/__idf_fatfs.dir/diskio/diskio_rawflash.c.obj
[954/1051] Building C object esp-idf/espcoredump/CMakeFiles/__idf_espcoredump.dir/src/core_dump_init.c.obj
[1007/1051] Building C object esp-idf/wifi_provisioning/CMakeFiles/__idf_wifi_provisioning.dir/src/wifi_scan.c.obj
[640/1051] Building C object esp-idf/spi_flash/CMakeFiles/__idf_spi_flash.dir/spi_flash_chip_drivers.c.obj
[955/1051] Building C object esp-idf/esp_lcd/CMakeFiles/__idf_esp_lcd.dir/src/esp_lcd_panel_ssd1306.c.obj
[641/1051] Building C object esp-idf/esp_system/CMakeFiles/__idf_esp_system.dir/port/arch/xtensa/panic_arch.c.obj
[642/1051] Building C object esp-idf/esp_system/CMakeFiles/__idf_esp_system.dir/port/soc/esp32s3/apb_backup_dma.c.obj
[956/1051] Building C object esp-idf/esp_lcd/CMakeFiles/__idf_esp_lcd.dir/src/esp_lcd_panel_st7789.c.obj
[957/1051] Building C object esp-idf/espcoredump/CMakeFiles/__idf_espcoredump.dir/src/core_dump_common.c.obj
[1034/1051] Building C object esp-idf/espressif__elf_loader/CMakeFiles/__idf_espressif__elf_loader.dir/src/esp_elf.c.obj
[958/1051] Building C object esp-idf/espcoredump/CMakeFiles/__idf_espcoredump.dir/src/core_dump_uart.c.obj
[1035/1051] Building C object esp-idf/wifi_provisioning/CMakeFiles/__idf_wifi_provisioning.dir/src/scheme_softap.c.obj
[959/1051] Building C object esp-idf/espcoredump/CMakeFiles/__idf_espcoredump.dir/src/core_dump_sha.c.obj
[643/1051] Building C object esp-idf/spi_flash/CMakeFiles/__idf_spi_flash.dir/spi_flash_chip_issi.c.obj
[1041/1051] Building C object esp-idf/fatfs/CMakeFiles/__idf_fatfs.dir/src/ff.c.obj
[960/1051] Building C object esp-idf/espcoredump/CMakeFiles/__idf_espcoredump.dir/src/core_dump_flash.c.obj
[969/1051] Building C object esp-idf/fatfs/CMakeFiles/__idf_fatfs.dir/port/freertos/ffsystem.c.obj
[961/1051] Building C object esp-idf/espcoredump/CMakeFiles/__idf_espcoredump.dir/src/core_dump_elf.c.obj
[970/1051] Linking C static library esp-idf/json/libjson.a
[1036/1051] Building C object esp-idf/spiffs/CMakeFiles/__idf_spiffs.dir/spiffs/src/spiffs_nucleus.c.obj
[644/1051] Building C object esp-idf/esp_system/CMakeFiles/__idf_esp_system.dir/port/soc/esp32s3/clk.c.obj
[1008/1051] Building C object esp-idf/wifi_provisioning/CMakeFiles/__idf_wifi_provisioning.dir/src/handlers.c.obj
[971/1051] Building C object esp-idf/esp_local_ctrl/CMakeFiles/__idf_esp_local_ctrl.dir/src/esp_local_ctrl_handler.c.obj
[962/1051] Building C object esp-idf/espcoredump/CMakeFiles/__idf_espcoredump.dir/src/port/xtensa/core_dump_port.c.obj
[972/1051] Building C object esp-idf/esp_local_ctrl/CMakeFiles/__idf_esp_local_ctrl.dir/src/esp_local_ctrl_transport_httpd.c.obj
[1009/1051] Building C object esp-idf/touch_element/CMakeFiles/__idf_touch_element.dir/touch_matrix.c.obj
[645/1051] Building C object esp-idf/spi_flash/CMakeFiles/__idf_spi_flash.dir/spi_flash_chip_boya.c.obj
[963/1051] Building C object esp-idf/esp_driver_cam/CMakeFiles/__idf_esp_driver_cam.dir/dvp/src/esp_cam_ctlr_dvp_cam.c.obj
[1037/1051] Linking C static library esp-idf/espressif__elf_loader/libespressif__elf_loader.a
[834/1051] Building C object esp-idf/esp_pm/CMakeFiles/__idf_esp_pm.dir/pm_trace.c.obj
[646/1051] Building C object esp-idf/spi_flash/CMakeFiles/__idf_spi_flash.dir/esp32s3/spi_flash_oct_flash_init.c.obj
[1008/1051] Building C object esp-idf/wifi_provisioning/CMakeFiles/__idf_wifi_provisioning.dir/src/handlers.c.obj
[964/1051] Linking C static library esp-idf/wear_levelling/libwear_levelling.a
[647/1051] Building C object esp-idf/spi_flash/CMakeFiles/__idf_spi_flash.dir/spi_flash_chip_th.c.obj
[1009/1051] Building C object esp-idf/wifi_provisioning/CMakeFiles/__idf_wifi_provisioning.dir/proto-c/wifi_constants.pb-c.c.obj
[1038/1051] Building C object esp-idf/fatfs/CMakeFiles/__idf_fatfs.dir/src/ff.c.obj
Applet echo OK -> /home/tikhon/Документы/magnolia/rootfs/bin/goecho
Building applet zdd -> zdd ...
+ idf.py elf
[835/1051] Building C object esp-idf/esp_security/CMakeFiles/__idf_esp_security.dir/src/esp_crypto_lock.c.obj
[965/1051] Building C object esp-idf/esp_local_ctrl/CMakeFiles/__idf_esp_local_ctrl.dir/src/esp_local_ctrl.c.obj
[1039/1051] Linking C static library esp-idf/spiffs/libspiffs.a
[973/1051] Building C object esp-idf/esp_local_ctrl/CMakeFiles/__idf_esp_local_ctrl.dir/src/esp_local_ctrl.c.obj
[648/1051] Building C object esp-idf/esp_system/CMakeFiles/__idf_esp_system.dir/port/soc/esp32s3/system_internal.c.obj
[836/1051] Building ASM object esp-idf/mbedtls/CMakeFiles/__idf_mbedtls.dir/__/__/x509_crt_bundle.S.obj
[966/1051] Building C object esp-idf/fatfs/CMakeFiles/__idf_fatfs.dir/diskio/diskio_rawflash.c.obj
[649/1051] Building C object esp-idf/spi_flash/CMakeFiles/__idf_spi_flash.dir/spi_flash_chip_gd.c.obj
[1042/1051] Linking C static library esp-idf/fatfs/libfatfs.a
[1010/1051] Building C object esp-idf/spiffs/CMakeFiles/__idf_spiffs.dir/spiffs/src/spiffs_hydrogen.c.obj
[1010/1051] Building C object esp-idf/wifi_provisioning/CMakeFiles/__idf_wifi_provisioning.dir/proto-c/wifi_constants.pb-c.c.obj
[650/1051] Building C object esp-idf/spi_flash/CMakeFiles/__idf_spi_flash.dir/spi_flash_wrap.c.obj
[1011/1051] Building C object esp-idf/wifi_provisioning/CMakeFiles/__idf_wifi_provisioning.dir/src/scheme_console.c.obj
[1040/1051] Building C object esp-idf/usb/CMakeFiles/__idf_usb.dir/usb_host.c.obj
[651/1051] Building C object esp-idf/spi_flash/CMakeFiles/__idf_spi_flash.dir/spi_flash_chip_mxic.c.obj
[1011/1051] Building C object esp-idf/spiffs/CMakeFiles/__idf_spiffs.dir/esp_spiffs.c.obj
[974/1051] Building C object esp-idf/esp_local_ctrl/CMakeFiles/__idf_esp_local_ctrl.dir/proto-c/esp_local_ctrl.pb-c.c.obj
[837/1051] Building C object esp-idf/esp_driver_gpio/CMakeFiles/__idf_esp_driver_gpio.dir/src/gpio_glitch_filter_ops.c.obj
[975/1051] Building C object esp-idf/fatfs/CMakeFiles/__idf_fatfs.dir/diskio/diskio.c.obj
[967/1051] Building C object esp-idf/esp_local_ctrl/CMakeFiles/__idf_esp_local_ctrl.dir/src/esp_local_ctrl_handler.c.obj
[976/1051] Building C object esp-idf/esp_lcd/CMakeFiles/__idf_esp_lcd.dir/spi/esp_lcd_panel_io_spi.c.obj
[1012/1051] Building C object esp-idf/espressif__elf_loader/CMakeFiles/__idf_espressif__elf_loader.dir/src/esp_elf_adapter.c.obj
[977/1051] Building C object esp-idf/perfmon/CMakeFiles/__idf_perfmon.dir/xtensa_perfmon_access.c.obj
[838/1051] Building C object esp-idf/esp_security/CMakeFiles/__idf_esp_security.dir/src/esp_ds.c.obj
[652/1051] Building C object esp-idf/esp_mm/CMakeFiles/__idf_esp_mm.dir/port/esp32s3/ext_mem_layout.c.obj
[839/1051] Building C object esp-idf/esp_security/CMakeFiles/__idf_esp_security.dir/src/esp_crypto_periph_clk.c.obj
[1013/1051] Building C object esp-idf/wifi_provisioning/CMakeFiles/__idf_wifi_provisioning.dir/proto-c/wifi_ctrl.pb-c.c.obj
[978/1051] Building C object esp-idf/fatfs/CMakeFiles/__idf_fatfs.dir/vfs/vfs_fat_sdmmc.c.obj
[1012/1051] Building C object esp-idf/espressif__elf_loader/CMakeFiles/__idf_espressif__elf_loader.dir/src/arch/esp_elf_xtensa.c.obj
[840/1051] Building C object esp-idf/esp_pm/CMakeFiles/__idf_esp_pm.dir/pm_locks.c.obj
[1041/1051] Linking C static library esp-idf/fatfs/libfatfs.a
[1013/1051] Building C object esp-idf/wifi_provisioning/CMakeFiles/__idf_wifi_provisioning.dir/proto-c/wifi_ctrl.pb-c.c.obj
[968/1051] Building C object esp-idf/esp_local_ctrl/CMakeFiles/__idf_esp_local_ctrl.dir/proto-c/esp_local_ctrl.pb-c.c.obj
[653/1051] Building C object esp-idf/spi_flash/CMakeFiles/__idf_spi_flash.dir/spi_flash_os_func_noos.c.obj
[1014/1051] Building C object esp-idf/fatfs/CMakeFiles/__idf_fatfs.dir/src/ff.c.obj
[969/1051] Building C object esp-idf/fatfs/CMakeFiles/__idf_fatfs.dir/diskio/diskio.c.obj
[1014/1051] Linking C static library esp-idf/app_trace/libapp_trace.a
[654/1051] Building C object esp-idf/esp_system/CMakeFiles/__idf_esp_system.dir/task_wdt/task_wdt.c.obj
[970/1051] Building C object esp-idf/esp_lcd/CMakeFiles/__idf_esp_lcd.dir/spi/esp_lcd_panel_io_spi.c.obj
[1015/1051] Linking C static library esp-idf/app_trace/libapp_trace.a
[1015/1051] Building C object esp-idf/wifi_provisioning/CMakeFiles/__idf_wifi_provisioning.dir/src/scheme_softap.c.obj
[1016/1051] Building C object esp-idf/wifi_provisioning/CMakeFiles/__idf_wifi_provisioning.dir/proto-c/wifi_config.pb-c.c.obj
Executing action: elf
Running ninja in directory /home/tikhon/Документы/magnolia/applets/rust/rselftest/build
Executing "ninja elf"...
[0/2] Re-checking globbed directories...
[979/1051] Building C object esp-idf/perfmon/CMakeFiles/__idf_perfmon.dir/xtensa_perfmon_masks.c.obj
[655/1051] Building C object esp-idf/esp_mm/CMakeFiles/__idf_esp_mm.dir/heap_align_hw.c.obj
[1017/1051] Building C object esp-idf/spiffs/CMakeFiles/__idf_spiffs.dir/esp_spiffs.c.obj
[1016/1051] Building C object esp-idf/touch_element/CMakeFiles/__idf_touch_element.dir/touch_element.c.obj
[1017/1051] Building C object esp-idf/wifi_provisioning/CMakeFiles/__idf_wifi_provisioning.dir/proto-c/wifi_config.pb-c.c.obj
[971/1051] Linking C static library esp-idf/json/libjson.a
[980/1051] Building C object esp-idf/fatfs/CMakeFiles/__idf_fatfs.dir/diskio/diskio_wl.c.obj
[656/1051] Building C object esp-idf/spi_flash/CMakeFiles/__idf_spi_flash.dir/spi_flash_chip_winbond.c.obj
[841/1051] Building C object esp-idf/esp_security/CMakeFiles/__idf_esp_security.dir/src/init.c.obj
[1018/1051] Linking C static library esp-idf/esp_driver_cam/libesp_driver_cam.a
[1046/1049] Building C object esp-idf/wifi_provisioning/CMakeFiles/__idf_wifi_provisioning.dir/src/manager.c.obj
[1018/1051] Linking C static library esp-idf/esp_driver_cam/libesp_driver_cam.a
[981/1051] Building C object esp-idf/fatfs/CMakeFiles/__idf_fatfs.dir/diskio/diskio_sdmmc.c.obj
[1043/1051] Building C object esp-idf/spiffs/CMakeFiles/__idf_spiffs.dir/spiffs/src/spiffs_nucleus.c.obj
[657/1051] Building C object esp-idf/spi_flash/CMakeFiles/__idf_spi_flash.dir/memspi_host_driver.c.obj
[842/1051] Building C object esp-idf/efuse/CMakeFiles/__idf_efuse.dir/esp32s3/esp_efuse_table.c.obj
[1019/1051] Building C object esp-idf/espressif__elf_loader/CMakeFiles/__idf_espressif__elf_loader.dir/src/esp_elf_adapter.c.obj
[1019/1051] Linking C static library esp-idf/cmock/libcmock.a
[843/1051] Building C object esp-idf/efuse/CMakeFiles/__idf_efuse.dir/esp32s3/esp_efuse_fields.c.obj
[1020/1051] Linking C static library esp-idf/cmock/libcmock.a
[1020/1051] Building C object esp-idf/wifi_provisioning/CMakeFiles/__idf_wifi_provisioning.dir/src/scheme_console.c.obj
[1021/1051] Linking C static library esp-idf/esp_hid/libesp_hid.a
[844/1051] Building C object esp-idf/efuse/CMakeFiles/__idf_efuse.dir/esp32s3/esp_efuse_rtc_calib.c.obj
[982/1051] Building C object esp-idf/nvs_sec_provider/CMakeFiles/__idf_nvs_sec_provider.dir/nvs_sec_provider.c.obj
[1021/1051] Linking C static library esp-idf/esp_local_ctrl/libesp_local_ctrl.a
[983/1051] Building C object esp-idf/perfmon/CMakeFiles/__idf_perfmon.dir/xtensa_perfmon_apis.c.obj
[658/1051] Building C object esp-idf/bootloader_support/CMakeFiles/__idf_bootloader_support.dir/src/bootloader_clock_init.c.obj
[1022/1051] Linking C static library esp-idf/esp_driver_touch_sens/libesp_driver_touch_sens.a
[1022/1051] Building C object esp-idf/esp_lcd/CMakeFiles/__idf_esp_lcd.dir/rgb/esp_lcd_panel_rgb.c.obj
[972/1051] Building C object esp-idf/fatfs/CMakeFiles/__idf_fatfs.dir/src/ffunicode.c.obj
[1023/1051] Building C object esp-idf/touch_element/CMakeFiles/__idf_touch_element.dir/touch_element.c.obj
[659/1051] Building C object esp-idf/spi_flash/CMakeFiles/__idf_spi_flash.dir/flash_mmap.c.obj
[984/1051] Building C object esp-idf/fatfs/CMakeFiles/__idf_fatfs.dir/src/ffunicode.c.obj
[1023/1051] Building C object esp-idf/espressif__elf_loader/CMakeFiles/__idf_espressif__elf_loader.dir/src/arch/esp_elf_xtensa.c.obj
[660/1051] Linking C static library esp-idf/esp_system/libesp_system.a
[985/1051] Building C object esp-idf/esp_lcd/CMakeFiles/__idf_esp_lcd.dir/i80/esp_lcd_panel_io_i80.c.obj
[1024/1051] Building C object esp-idf/wifi_provisioning/CMakeFiles/__idf_wifi_provisioning.dir/proto-c/wifi_scan.pb-c.c.obj
[1024/1051] Building C object esp-idf/usb/CMakeFiles/__idf_usb.dir/hcd_dwc.c.obj
[1025/1051] Linking C static library esp-idf/esp_eth/libesp_eth.a
[661/1051] Building C object esp-idf/spi_flash/CMakeFiles/__idf_spi_flash.dir/flash_ops.c.obj
[1026/1051] Linking C static library esp-idf/esp_hid/libesp_hid.a
[1027/1051] Linking C static library esp-idf/esp_driver_touch_sens/libesp_driver_touch_sens.a
[1047/1049] Linking C static library esp-idf/wifi_provisioning/libwifi_provisioning.a
[1028/1051] Linking C static library esp-idf/nvs_sec_provider/libnvs_sec_provider.a
[1025/1051] Linking C static library esp-idf/esp_eth/libesp_eth.a
[973/1051] Building C object esp-idf/esp_local_ctrl/CMakeFiles/__idf_esp_local_ctrl.dir/src/esp_local_ctrl_transport_httpd.c.obj
[845/1051] Building C object esp-idf/esp_security/CMakeFiles/__idf_esp_security.dir/src/esp_hmac.c.obj
[1026/1051] Linking C static library esp-idf/esp_local_ctrl/libesp_local_ctrl.a
[1027/1051] Building C object esp-idf/wifi_provisioning/CMakeFiles/__idf_wifi_provisioning.dir/proto-c/wifi_scan.pb-c.c.obj
[1029/1051] Linking C static library esp-idf/espcoredump/libespcoredump.a
[1028/1051] Linking C static library esp-idf/esp_lcd/libesp_lcd.a
[1029/1051] Building C object esp-idf/usb/CMakeFiles/__idf_usb.dir/usb_host.c.obj
[1030/1051] Linking C static library esp-idf/fatfs/libfatfs.a
[974/1051] Building C object esp-idf/esp_driver_touch_sens/CMakeFiles/__idf_esp_driver_touch_sens.dir/common/touch_sens_common.c.obj
[1030/1051] Linking C static library esp-idf/perfmon/libperfmon.a
[975/1051] Building C object esp-idf/fatfs/CMakeFiles/__idf_fatfs.dir/diskio/diskio_wl.c.obj
[1031/1051] Linking C static library esp-idf/espcoredump/libespcoredump.a
[1031/1051] Linking C static library esp-idf/rt/librt.a
[1032/1051] Linking C static library esp-idf/nvs_sec_provider/libnvs_sec_provider.a
[1033/1051] Building C object esp-idf/espressif__elf_loader/CMakeFiles/__idf_espressif__elf_loader.dir/src/esp_elf_symbol.c.obj
[662/1051] Building C object esp-idf/spi_flash/CMakeFiles/__idf_spi_flash.dir/spi_flash_chip_generic.c.obj
[1042/1051] Building C object esp-idf/usb/CMakeFiles/__idf_usb.dir/usbh.c.obj
[1032/1051] Linking C static library esp-idf/fatfs/libfatfs.a
[663/1051] Building C object esp-idf/esp_mm/CMakeFiles/__idf_esp_mm.dir/esp_cache_utils.c.obj
[1033/1051] Building ASM object 'esp-idf/main/CMakeFiles/__idf_main.dir/home/tikhon/Документы/magnolia/sdk/tinygo/runtime/tinygo_symbols.S.obj'
[976/1051] Building C object esp-idf/fatfs/CMakeFiles/__idf_fatfs.dir/port/freertos/ffsystem.c.obj
[1044/1051] Linking C static library esp-idf/spiffs/libspiffs.a
[1034/1051] Building C object esp-idf/espressif__elf_loader/CMakeFiles/__idf_espressif__elf_loader.dir/src/esp_elf_symbol.c.obj
[664/1051] Building C object esp-idf/spi_flash/CMakeFiles/__idf_spi_flash.dir/spi_flash_chip_mxic_opi.c.obj
[1034/1051] Linking C static library esp-idf/perfmon/libperfmon.a
[1035/1051] Building ASM object 'esp-idf/main/CMakeFiles/__idf_main.dir/home/tikhon/Документы/magnolia/sdk/tinygo/runtime/tinygo_symbols.S.obj'
[846/1051] Building C object esp-idf/efuse/CMakeFiles/__idf_efuse.dir/src/esp_efuse_fields.c.obj
[1/1046] Generating /home/tikhon/Документы/magnolia/applets/rust/rselftest/build/esp-idf/esp_system/ld/memory.ld linker script...
[986/1051] Building C object esp-idf/mqtt/CMakeFiles/__idf_mqtt.dir/esp-mqtt/lib/platform_esp32_idf.c.obj
[2/1046] Generating /home/tikhon/Документы/magnolia/applets/rust/rselftest/build/esp-idf/esp_system/ld/sections.ld.in linker script...
[1035/1051] Building C object esp-idf/mqtt/CMakeFiles/__idf_mqtt.dir/esp-mqtt/mqtt_client.c.obj
[1036/1051] Linking C static library esp-idf/rt/librt.a
[665/1051] Building C object esp-idf/esp_mm/CMakeFiles/__idf_esp_mm.dir/esp_cache_msync.c.obj
[1043/1051] Building C object esp-idf/mqtt/CMakeFiles/__idf_mqtt.dir/esp-mqtt/mqtt_client.c.obj
[847/1051] Building C object esp-idf/esp_bootloader_format/CMakeFiles/__idf_esp_bootloader_format.dir/esp_bootloader_desc.c.obj
[977/1051] Building C object esp-idf/perfmon/CMakeFiles/__idf_perfmon.dir/xtensa_perfmon_apis.c.obj
[1036/1051] Linking C static library esp-idf/esp_lcd/libesp_lcd.a
[666/1051] Building C object esp-idf/bootloader_support/CMakeFiles/__idf_bootloader_support.dir/src/bootloader_efuse.c.obj
[1037/1051] Linking C static library esp-idf/touch_element/libtouch_element.a
[848/1051] Building C object esp-idf/esp_driver_gpio/CMakeFiles/__idf_esp_driver_gpio.dir/src/gpio_pin_glitch_filter.c.obj
[978/1051] Building C object esp-idf/nvs_sec_provider/CMakeFiles/__idf_nvs_sec_provider.dir/nvs_sec_provider.c.obj
[1045/1051] Building C object esp-idf/mqtt/CMakeFiles/__idf_mqtt.dir/esp-mqtt/mqtt_client.c.obj
[849/1051] Building C object esp-idf/app_update/CMakeFiles/__idf_app_update.dir/esp_ota_app_desc.c.obj
[1048/1049] Linking C static library esp-idf/main/libmain.a
[987/1051] Building C object esp-idf/spiffs/CMakeFiles/__idf_spiffs.dir/spiffs_api.c.obj
[979/1051] Building C object esp-idf/fatfs/CMakeFiles/__idf_fatfs.dir/diskio/diskio_sdmmc.c.obj
[850/1051] Building C object esp-idf/xtensa/CMakeFiles/__idf_xtensa.dir/eri.c.obj
[1037/1051] Linking C static library esp-idf/touch_element/libtouch_element.a
[1038/1051] Building C object esp-idf/wifi_provisioning/CMakeFiles/__idf_wifi_provisioning.dir/src/scheme_softap.c.obj
[667/1051] Building C object esp-idf/spi_flash/CMakeFiles/__idf_spi_flash.dir/cache_utils.c.obj
[668/1051] Building C object esp-idf/spi_flash/CMakeFiles/__idf_spi_flash.dir/spi_flash_os_func_app.c.obj
[669/1051] Building C object esp-idf/bootloader_support/CMakeFiles/__idf_bootloader_support.dir/src/bootloader_mem.c.obj
[851/1051] Building C object esp-idf/efuse/CMakeFiles/__idf_efuse.dir/esp32s3/esp_efuse_utility.c.obj
[1038/1051] Linking C static library esp-idf/mqtt/libmqtt.a
[1039/1051] Building C object esp-idf/espressif__elf_loader/CMakeFiles/__idf_espressif__elf_loader.dir/src/esp_elf.c.obj
[1049/1049] Build ELF: xxd.app.elf
[852/1051] Building C object esp-idf/mbedtls/CMakeFiles/__idf_mbedtls.dir/esp_crt_bundle/esp_crt_bundle.c.obj
[1039/1051] Building C object esp-idf/espressif__elf_loader/CMakeFiles/__idf_espressif__elf_loader.dir/src/esp_elf.c.obj
[980/1051] Building C object esp-idf/esp_eth/CMakeFiles/__idf_esp_eth.dir/src/esp_eth.c.obj
[670/1051] Building C object esp-idf/bootloader_support/CMakeFiles/__idf_bootloader_support.dir/src/bootloader_common_loader.c.obj
[1040/1051] Building C object esp-idf/usb/CMakeFiles/__idf_usb.dir/usbh.c.obj
[1040/1051] Building C object esp-idf/usb/CMakeFiles/__idf_usb.dir/usbh.c.obj
[981/1051] Building C object esp-idf/perfmon/CMakeFiles/__idf_perfmon.dir/xtensa_perfmon_masks.c.obj
[853/1051] Building C object esp-idf/efuse/CMakeFiles/__idf_efuse.dir/src/efuse_controller/keys/with_key_purposes/esp_efuse_api_key.c.obj
[988/1051] Building C object esp-idf/spiffs/CMakeFiles/__idf_spiffs.dir/spiffs/src/spiffs_cache.c.obj
[982/1051] Building C object esp-idf/esp_lcd/CMakeFiles/__idf_esp_lcd.dir/i80/esp_lcd_panel_io_i80.c.obj
[854/1051] Building ASM object esp-idf/xtensa/CMakeFiles/__idf_xtensa.dir/xtensa_intr_asm.S.obj
[1044/1051] Linking C static library esp-idf/mqtt/libmqtt.a
[671/1051] Building C object esp-idf/bootloader_support/CMakeFiles/__idf_bootloader_support.dir/src/bootloader_random.c.obj
[1041/1051] Building C object esp-idf/wifi_provisioning/CMakeFiles/__idf_wifi_provisioning.dir/src/manager.c.obj
[983/1051] Building C object esp-idf/spiffs/CMakeFiles/__idf_spiffs.dir/spiffs_api.c.obj
[855/1051] Building ASM object esp-idf/xtensa/CMakeFiles/__idf_xtensa.dir/xtensa_context.S.obj
[672/1051] Building C object esp-idf/bootloader_support/CMakeFiles/__idf_bootloader_support.dir/src/esp32s3/secure_boot_secure_features.c.obj
[984/1051] Building C object esp-idf/mqtt/CMakeFiles/__idf_mqtt.dir/esp-mqtt/lib/platform_esp32_idf.c.obj
[856/1051] Building C object esp-idf/esp_app_format/CMakeFiles/__idf_esp_app_format.dir/esp_app_desc.c.obj
[985/1051] Building C object esp-idf/perfmon/CMakeFiles/__idf_perfmon.dir/xtensa_perfmon_access.c.obj
[986/1051] Building C object esp-idf/esp_eth/CMakeFiles/__idf_esp_eth.dir/src/phy/esp_eth_phy_802_3.c.obj
[989/1051] Building C object esp-idf/rt/CMakeFiles/__idf_rt.dir/FreeRTOS_POSIX_utils.c.obj
[1046/1051] Linking C static library esp-idf/mqtt/libmqtt.a
[857/1051] Linking C static library esp-idf/mbedtls/libmbedtls.a
Applet goargs OK -> /home/tikhon/Документы/magnolia/rootfs/bin/goargs
Building applet zhexdump -> zhexdump ...
+ idf.py elf
[1041/1051] Linking C static library esp-idf/espressif__elf_loader/libespressif__elf_loader.a
[1042/1051] Linking C static library esp-idf/espressif__elf_loader/libespressif__elf_loader.a
[858/1051] Building C object esp-idf/efuse/CMakeFiles/__idf_efuse.dir/src/esp_efuse_startup.c.obj
[987/1051] Building C object esp-idf/mqtt/CMakeFiles/__idf_mqtt.dir/esp-mqtt/lib/mqtt_outbox.c.obj
[990/1051] Building C object esp-idf/mqtt/CMakeFiles/__idf_mqtt.dir/esp-mqtt/lib/mqtt_msg.c.obj
[859/1051] Building C object esp-idf/xtensa/CMakeFiles/__idf_xtensa.dir/xt_trax.c.obj
[1043/1051] Building C object esp-idf/usb/CMakeFiles/__idf_usb.dir/usb_host.c.obj
[860/1051] Building C object esp-idf/esp_pm/CMakeFiles/__idf_esp_pm.dir/pm_impl.c.obj
[673/1051] Building C object esp-idf/bootloader_support/CMakeFiles/__idf_bootloader_support.dir/src/flash_partitions.c.obj
[674/1051] Building C object esp-idf/bootloader_support/CMakeFiles/__idf_bootloader_support.dir/src/secure_boot.c.obj
[1042/1051] Linking C static library esp-idf/usb/libusb.a
[861/1051] Building C object esp-idf/esp_driver_gpio/CMakeFiles/__idf_esp_driver_gpio.dir/src/dedic_gpio.c.obj
[675/1051] Building C object esp-idf/bootloader_support/CMakeFiles/__idf_bootloader_support.dir/bootloader_flash/src/bootloader_flash_config_esp32s3.c.obj
[862/1051] Building C object esp-idf/efuse/CMakeFiles/__idf_efuse.dir/src/esp_efuse_api.c.obj
[676/1051] Building C object esp-idf/bootloader_support/CMakeFiles/__idf_bootloader_support.dir/src/bootloader_common.c.obj
[677/1051] Building C object esp-idf/mbedtls/mbedtls/library/CMakeFiles/mbedtls.dir/mps_reader.c.obj
[863/1051] Building C object esp-idf/efuse/CMakeFiles/__idf_efuse.dir/src/esp_efuse_utility.c.obj
[991/1051] Building C object esp-idf/mqtt/CMakeFiles/__idf_mqtt.dir/esp-mqtt/lib/mqtt_outbox.c.obj
[678/1051] Building C object esp-idf/spi_flash/CMakeFiles/__idf_spi_flash.dir/esp_flash_spi_init.c.obj
[864/1051] Building ASM object esp-idf/xtensa/CMakeFiles/__idf_xtensa.dir/xtensa_vectors.S.obj
[992/1051] Building C object esp-idf/spiffs/CMakeFiles/__idf_spiffs.dir/spiffs/src/spiffs_gc.c.obj
[1044/1051] Linking C static library esp-idf/wifi_provisioning/libwifi_provisioning.a
[679/1051] Building C object esp-idf/bootloader_support/CMakeFiles/__idf_bootloader_support.dir/src/bootloader_random_esp32s3.c.obj
[680/1051] Building C object esp-idf/mbedtls/mbedtls/library/CMakeFiles/mbedtls.dir/debug.c.obj
[1043/1051] Building C object esp-idf/spiffs/CMakeFiles/__idf_spiffs.dir/spiffs/src/spiffs_nucleus.c.obj
[3/1046] Building C object esp-idf/esp_https_ota/CMakeFiles/__idf_esp_https_ota.dir/src/esp_https_ota.c.obj
[865/1051] Building C object esp-idf/esp_partition/CMakeFiles/__idf_esp_partition.dir/partition.c.obj
[866/1051] Building C object esp-idf/esp_partition/CMakeFiles/__idf_esp_partition.dir/partition_target.c.obj
[681/1051] Building C object esp-idf/mbedtls/mbedtls/library/CMakeFiles/mbedtls.dir/mps_trace.c.obj
[867/1051] Linking C static library esp-idf/esp_pm/libesp_pm.a
[868/1051] Building C object esp-idf/xtensa/CMakeFiles/__idf_xtensa.dir/xtensa_intr.c.obj
[1044/1051] Building C object esp-idf/mqtt/CMakeFiles/__idf_mqtt.dir/esp-mqtt/mqtt_client.c.obj
[1047/1051] Building C object esp-idf/wifi_provisioning/CMakeFiles/__idf_wifi_provisioning.dir/src/manager.c.obj
[993/1051] Building C object esp-idf/fatfs/CMakeFiles/__idf_fatfs.dir/vfs/vfs_fat_spiflash.c.obj
[869/1051] Building C object esp-idf/console/CMakeFiles/__idf_console.dir/split_argv.c.obj
[682/1051] Building C object esp-idf/bootloader_support/CMakeFiles/__idf_bootloader_support.dir/bootloader_flash/src/flash_qio_mode.c.obj
[683/1051] Building C object esp-idf/bootloader_support/CMakeFiles/__idf_bootloader_support.dir/src/flash_encrypt.c.obj
[994/1051] Building C object esp-idf/fatfs/CMakeFiles/__idf_fatfs.dir/vfs/vfs_fat.c.obj
[988/1051] Building C object esp-idf/mqtt/CMakeFiles/__idf_mqtt.dir/esp-mqtt/lib/mqtt_msg.c.obj
[4/1046] Linking C static library esp-idf/esp_https_ota/libesp_https_ota.a
[684/1051] Building C object esp-idf/mbedtls/mbedtls/library/CMakeFiles/mbedtls.dir/ssl_cookie.c.obj
[1045/1051] Building C object esp-idf/spiffs/CMakeFiles/__idf_spiffs.dir/spiffs/src/spiffs_nucleus.c.obj
[685/1051] Building C object esp-idf/mbedtls/mbedtls/library/CMakeFiles/mbedtls.dir/ssl_ticket.c.obj
[1045/1051] Linking C static library esp-idf/spiffs/libspiffs.a
[870/1051] Building C object esp-idf/console/CMakeFiles/__idf_console.dir/argtable3/arg_dbl.c.obj
[989/1051] Building C object esp-idf/spiffs/CMakeFiles/__idf_spiffs.dir/spiffs/src/spiffs_cache.c.obj
[686/1051] Building C object esp-idf/spi_flash/CMakeFiles/__idf_spi_flash.dir/esp_flash_api.c.obj
[687/1051] Building C object esp-idf/bootloader_support/CMakeFiles/__idf_bootloader_support.dir/src/esp_image_format.c.obj
[871/1051] Building C object esp-idf/console/CMakeFiles/__idf_console.dir/commands.c.obj
[1046/1051] Linking C static library esp-idf/mqtt/libmqtt.a
[1048/1051] Linking C static library esp-idf/wifi_provisioning/libwifi_provisioning.a
[5/1046] Building C object esp-idf/esp_http_client/CMakeFiles/__idf_esp_http_client.dir/lib/http_utils.c.obj
[990/1051] Building C object esp-idf/rt/CMakeFiles/__idf_rt.dir/FreeRTOS_POSIX_utils.c.obj
[688/1051] Building C object esp-idf/bootloader_support/CMakeFiles/__idf_bootloader_support.dir/src/bootloader_sha.c.obj
[872/1051] Building C object esp-idf/esp_driver_gpio/CMakeFiles/__idf_esp_driver_gpio.dir/src/rtc_io.c.obj
[6/1046] Building C object esp-idf/esp_http_client/CMakeFiles/__idf_esp_http_client.dir/lib/http_header.c.obj
[991/1051] Building C object esp-idf/fatfs/CMakeFiles/__idf_fatfs.dir/vfs/vfs_fat_spiflash.c.obj
Executing action: reconfigure
Running cmake in directory /home/tikhon/Документы/magnolia/applets/rust/rshello/build
Executing "cmake -G Ninja -DPYTHON_DEPS_CHECKED=1 -DPYTHON=/home/tikhon/.espressif/python_env/idf6.0_py3.12_env/bin/python -DESP_PLATFORM=1 -DCCACHE_ENABLE=0 /home/tikhon/Документы/magnolia/applets/rust/rshello"...
-- Found Git: /usr/bin/git (found version "2.43.0") 
[992/1051] Building C object esp-idf/spiffs/CMakeFiles/__idf_spiffs.dir/spiffs/src/spiffs_check.c.obj
[873/1051] Building C object esp-idf/console/CMakeFiles/__idf_console.dir/argtable3/arg_rem.c.obj
[995/1051] Building C object esp-idf/rt/CMakeFiles/__idf_rt.dir/FreeRTOS_POSIX_mqueue.c.obj
[993/1051] Building C object esp-idf/rt/CMakeFiles/__idf_rt.dir/FreeRTOS_POSIX_mqueue.c.obj
[689/1051] Building C object esp-idf/mbedtls/mbedtls/library/CMakeFiles/mbedtls.dir/ssl_tls13_keys.c.obj
[874/1051] Building C object esp-idf/console/CMakeFiles/__idf_console.dir/argtable3/arg_end.c.obj
[1046/1051] Linking C static library esp-idf/spiffs/libspiffs.a
[996/1051] Building C object esp-idf/usb/CMakeFiles/__idf_usb.dir/usb_private.c.obj
[7/1046] Building C object esp-idf/esp_http_server/CMakeFiles/__idf_esp_http_server.dir/src/httpd_ws.c.obj
[8/1046] Building C object esp-idf/esp_http_server/CMakeFiles/__idf_esp_http_server.dir/src/util/ctrl_sock.c.obj
[690/1051] Building C object esp-idf/esp_mm/CMakeFiles/__idf_esp_mm.dir/esp_mmu_map.c.obj
[875/1051] Building C object esp-idf/console/CMakeFiles/__idf_console.dir/esp_console_repl_chip.c.obj
[994/1051] Building C object esp-idf/fatfs/CMakeFiles/__idf_fatfs.dir/vfs/vfs_fat_sdmmc.c.obj
[9/1046] Building C object esp-idf/esp_http_server/CMakeFiles/__idf_esp_http_server.dir/src/httpd_uri.c.obj
[1049/1051] Linking C static library esp-idf/main/libmain.a
[691/1051] Building C object esp-idf/mbedtls/mbedtls/library/CMakeFiles/mbedtls.dir/ssl_tls13_server.c.obj
[1045/1051] Building C object esp-idf/usb/CMakeFiles/__idf_usb.dir/hcd_dwc.c.obj
[692/1051] Building C object esp-idf/mbedtls/mbedtls/library/CMakeFiles/mbedtls.dir/ssl_tls13_client.c.obj
[876/1051] Building C object esp-idf/console/CMakeFiles/__idf_console.dir/argtable3/arg_lit.c.obj
[693/1051] Building C object 'esp-idf/mbedtls/mbedtls/library/CMakeFiles/mbedtls.dir/home/tikhon/Документы/magnolia/esp-idf/components/mbedtls/port/esp_platform_time.c.obj'
[877/1051] Building C object esp-idf/console/CMakeFiles/__idf_console.dir/argtable3/arg_hashtable.c.obj
[694/1051] Building C object esp-idf/mbedtls/mbedtls/library/CMakeFiles/mbedtls.dir/ssl_tls13_generic.c.obj
[878/1051] Building C object esp-idf/console/CMakeFiles/__idf_console.dir/argtable3/arg_int.c.obj
[695/1051] Building C object esp-idf/mbedtls/mbedtls/library/CMakeFiles/mbedtls.dir/ssl_tls12_client.c.obj
[1050/1051] Build ELF: pwd.app.elf
[10/1046] Building C object esp-idf/esp_http_server/CMakeFiles/__idf_esp_http_server.dir/src/httpd_sess.c.obj
[696/1051] Linking C static library esp-idf/spi_flash/libspi_flash.a
[879/1051] Building C object esp-idf/console/CMakeFiles/__idf_console.dir/argtable3/arg_dstr.c.obj
[880/1051] Building C object esp-idf/console/CMakeFiles/__idf_console.dir/argtable3/arg_str.c.obj
[881/1051] Building C object esp-idf/console/CMakeFiles/__idf_console.dir/esp_console_repl_internal.c.obj
[11/1046] Building C object esp-idf/esp_adc/CMakeFiles/__idf_esp_adc.dir/adc_oneshot.c.obj
[882/1051] Building C object esp-idf/console/CMakeFiles/__idf_console.dir/argtable3/arg_utils.c.obj
[697/1051] Building C object esp-idf/bootloader_support/CMakeFiles/__idf_bootloader_support.dir/bootloader_flash/src/bootloader_flash.c.obj
[883/1051] Building C object esp-idf/console/CMakeFiles/__idf_console.dir/esp_console_common.c.obj
[1046/1051] Linking C static library esp-idf/usb/libusb.a
[884/1051] Building C object esp-idf/console/CMakeFiles/__idf_console.dir/argtable3/arg_cmd.c.obj
[997/1051] Building C object esp-idf/spiffs/CMakeFiles/__idf_spiffs.dir/spiffs/src/spiffs_check.c.obj
[885/1051] Building C object esp-idf/console/CMakeFiles/__idf_console.dir/argtable3/arg_file.c.obj
[886/1051] Building C object esp-idf/unity/CMakeFiles/__idf_unity.dir/unity_compat.c.obj
[698/1051] Building C object esp-idf/mbedtls/mbedtls/library/CMakeFiles/mbedtls.dir/ssl_debug_helpers_generated.c.obj
[699/1051] Building C object esp-idf/mbedtls/mbedtls/library/CMakeFiles/mbedx509.dir/pkcs7.c.obj
[998/1051] Building C object esp-idf/touch_element/CMakeFiles/__idf_touch_element.dir/touch_button.c.obj
[700/1051] Building C object esp-idf/mbedtls/mbedtls/library/CMakeFiles/mbedtls.dir/ssl_cache.c.obj
[12/1046] Building C object esp-idf/tcp_transport/CMakeFiles/__idf_tcp_transport.dir/transport_internal.c.obj
[13/1046] Building C object esp-idf/esp_adc/CMakeFiles/__idf_esp_adc.dir/adc_cali.c.obj
[14/1046] Building C object esp-idf/esp_http_client/CMakeFiles/__idf_esp_http_client.dir/lib/http_auth.c.obj
[701/1051] Linking C static library esp-idf/esp_mm/libesp_mm.a
[995/1051] Building C object esp-idf/fatfs/CMakeFiles/__idf_fatfs.dir/vfs/vfs_fat.c.obj
[15/1046] Building C object esp-idf/tcp_transport/CMakeFiles/__idf_tcp_transport.dir/transport_socks_proxy.c.obj
[999/1051] Building C object esp-idf/wifi_provisioning/CMakeFiles/__idf_wifi_provisioning.dir/src/wifi_config.c.obj
[887/1051] Building C object esp-idf/unity/CMakeFiles/__idf_unity.dir/unity_utils_memory.c.obj
[996/1051] Building C object esp-idf/usb/CMakeFiles/__idf_usb.dir/usb_private.c.obj
[997/1051] Building C object esp-idf/spiffs/CMakeFiles/__idf_spiffs.dir/spiffs/src/spiffs_gc.c.obj
[702/1051] Building C object esp-idf/mbedtls/mbedtls/library/CMakeFiles/mbedx509.dir/x509_create.c.obj
[16/1046] Building C object esp-idf/esp_adc/CMakeFiles/__idf_esp_adc.dir/adc_monitor.c.obj
[703/1051] Building C object esp-idf/mbedtls/mbedtls/library/CMakeFiles/mbedtls.dir/ssl_ciphersuites.c.obj
[888/1051] Building C object esp-idf/unity/CMakeFiles/__idf_unity.dir/unity_port_esp32.c.obj
[704/1051] Building C object esp-idf/mbedtls/mbedtls/library/CMakeFiles/mbedx509.dir/x509write_csr.c.obj
[889/1051] Building C object esp-idf/unity/CMakeFiles/__idf_unity.dir/unity_runner.c.obj
[890/1051] Building C object esp-idf/console/CMakeFiles/__idf_console.dir/argtable3/arg_date.c.obj
Applet pwd OK -> /home/tikhon/Документы/magnolia/rootfs/bin/gopwd
Building applet zigdemo -> zigdemo ...
Reconfiguring applet zigdemo (cmake inputs changed)
+ idf.py reconfigure
[1000/1051] Building C object esp-idf/spiffs/CMakeFiles/__idf_spiffs.dir/esp_spiffs.c.obj
[891/1051] Building C object esp-idf/unity/CMakeFiles/__idf_unity.dir/unity_utils_freertos.c.obj
[705/1051] Building C object esp-idf/mbedtls/mbedtls/library/CMakeFiles/mbedx509.dir/x509write_crt.c.obj
[706/1051] Building C object 'esp-idf/mbedtls/mbedtls/library/CMakeFiles/mbedtls.dir/home/tikhon/Документы/magnolia/esp-idf/components/mbedtls/port/mbedtls_debug.c.obj'
[892/1051] Building C object esp-idf/protocomm/CMakeFiles/__idf_protocomm.dir/proto-c/sec1.pb-c.c.obj
Applet xxd OK -> /home/tikhon/Документы/magnolia/rootfs/bin/xxd
Building applet zighello -> zighello ...
Reconfiguring applet zighello (cmake inputs changed)
+ idf.py reconfigure
[1047/1051] Building C object esp-idf/wifi_provisioning/CMakeFiles/__idf_wifi_provisioning.dir/src/manager.c.obj
[998/1051] Building C object esp-idf/usb/CMakeFiles/__idf_usb.dir/usb_helpers.c.obj
[707/1051] Building C object esp-idf/mbedtls/mbedtls/library/CMakeFiles/mbedx509.dir/x509write.c.obj
[1001/1051] Building C object esp-idf/wifi_provisioning/CMakeFiles/__idf_wifi_provisioning.dir/src/wifi_ctrl.c.obj
[1002/1051] Building C object esp-idf/touch_element/CMakeFiles/__idf_touch_element.dir/touch_slider.c.obj
[999/1051] Building C object esp-idf/touch_element/CMakeFiles/__idf_touch_element.dir/touch_button.c.obj
[708/1051] Building C object esp-idf/mbedtls/mbedtls/library/CMakeFiles/mbedcrypto.dir/aesce.c.obj
[893/1051] Building C object esp-idf/protocomm/CMakeFiles/__idf_protocomm.dir/proto-c/constants.pb-c.c.obj
[1003/1051] Building C object esp-idf/usb/CMakeFiles/__idf_usb.dir/usb_helpers.c.obj
[17/1046] Building C object esp-idf/tcp_transport/CMakeFiles/__idf_tcp_transport.dir/transport.c.obj
[18/1046] Building C object esp-idf/esp_adc/CMakeFiles/__idf_esp_adc.dir/esp32s3/curve_fitting_coefficients.c.obj
[709/1051] Building C object esp-idf/bootloader_support/CMakeFiles/__idf_bootloader_support.dir/src/bootloader_utility.c.obj
[710/1051] Building C object esp-idf/mbedtls/mbedtls/library/CMakeFiles/mbedtls.dir/ssl_client.c.obj
[19/1046] Building C object esp-idf/esp-tls/CMakeFiles/__idf_esp-tls.dir/esp_tls_platform_port.c.obj
[711/1051] Building C object esp-idf/mbedtls/mbedtls/library/CMakeFiles/mbedx509.dir/x509_csr.c.obj
[1000/1051] Building C object esp-idf/wifi_provisioning/CMakeFiles/__idf_wifi_provisioning.dir/src/wifi_config.c.obj
[712/1051] Building C object esp-idf/mbedtls/mbedtls/library/CMakeFiles/mbedcrypto.dir/aesni.c.obj
[20/1046] Building C object esp-idf/esp_adc/CMakeFiles/__idf_esp_adc.dir/gdma/adc_dma.c.obj
[894/1051] Building C object esp-idf/protocomm/CMakeFiles/__idf_protocomm.dir/proto-c/sec0.pb-c.c.obj
[1004/1051] Building C object esp-idf/wifi_provisioning/CMakeFiles/__idf_wifi_provisioning.dir/src/handlers.c.obj
[1001/1051] Building C object esp-idf/wifi_provisioning/CMakeFiles/__idf_wifi_provisioning.dir/src/wifi_ctrl.c.obj
[21/1046] Building C object esp-idf/esp_adc/CMakeFiles/__idf_esp_adc.dir/adc_cali_curve_fitting.c.obj
[895/1051] Building C object esp-idf/unity/CMakeFiles/__idf_unity.dir/port/esp/unity_utils_memory_esp.c.obj
[22/1046] Building C object esp-idf/esp-tls/CMakeFiles/__idf_esp-tls.dir/esp-tls-crypto/esp_tls_crypto.c.obj
[713/1051] Linking C static library esp-idf/bootloader_support/libbootloader_support.a
[714/1051] Building C object esp-idf/mbedtls/mbedtls/library/CMakeFiles/mbedcrypto.dir/bignum_mod_raw.c.obj
[715/1051] Building C object esp-idf/mbedtls/mbedtls/library/CMakeFiles/mbedcrypto.dir/bignum_mod.c.obj
[1048/1051] Linking C static library esp-idf/wifi_provisioning/libwifi_provisioning.a
[896/1051] Building C object esp-idf/protocomm/CMakeFiles/__idf_protocomm.dir/src/transports/protocomm_console.c.obj
[716/1051] Building C object esp-idf/mbedtls/mbedtls/library/CMakeFiles/mbedcrypto.dir/asn1write.c.obj
[23/1046] Building C object esp-idf/esp_http_server/CMakeFiles/__idf_esp_http_server.dir/src/httpd_main.c.obj
[897/1051] Building C object esp-idf/unity/CMakeFiles/__idf_unity.dir/unity_utils_cache.c.obj
[24/1046] Building C object esp-idf/esp_adc/CMakeFiles/__idf_esp_adc.dir/adc_common.c.obj
[898/1051] Building C object esp-idf/protocomm/CMakeFiles/__idf_protocomm.dir/proto-c/session.pb-c.c.obj
[25/1046] Building C object esp-idf/esp-tls/CMakeFiles/__idf_esp-tls.dir/esp_tls_error_capture.c.obj
[1002/1051] Building C object esp-idf/wifi_provisioning/CMakeFiles/__idf_wifi_provisioning.dir/src/wifi_scan.c.obj
[1047/1051] Building C object esp-idf/wifi_provisioning/CMakeFiles/__idf_wifi_provisioning.dir/src/manager.c.obj
[1005/1051] Building C object esp-idf/touch_element/CMakeFiles/__idf_touch_element.dir/touch_matrix.c.obj
[1006/1051] Building C object esp-idf/usb/CMakeFiles/__idf_usb.dir/enum.c.obj
[717/1051] Building C object esp-idf/mbedtls/mbedtls/library/CMakeFiles/mbedcrypto.dir/chacha20.c.obj
[1003/1051] Building C object esp-idf/wifi_provisioning/CMakeFiles/__idf_wifi_provisioning.dir/src/handlers.c.obj
[1049/1051] Linking C static library esp-idf/main/libmain.a
[1007/1051] Building C object esp-idf/esp_lcd/CMakeFiles/__idf_esp_lcd.dir/rgb/esp_lcd_panel_rgb.c.obj
[1048/1051] Linking C static library esp-idf/wifi_provisioning/libwifi_provisioning.a
[1004/1051] Building C object esp-idf/esp_lcd/CMakeFiles/__idf_esp_lcd.dir/rgb/esp_lcd_panel_rgb.c.obj
[1047/1051] Building C object esp-idf/usb/CMakeFiles/__idf_usb.dir/hcd_dwc.c.obj
[1008/1051] Building C object esp-idf/wifi_provisioning/CMakeFiles/__idf_wifi_provisioning.dir/proto-c/wifi_ctrl.pb-c.c.obj
[899/1051] Building C object esp-idf/protocomm/CMakeFiles/__idf_protocomm.dir/src/crypto/srp6a/esp_srp_mpi.c.obj
[718/1051] Building C object esp-idf/mbedtls/mbedtls/library/CMakeFiles/mbedcrypto.dir/block_cipher.c.obj
[719/1051] Building C object esp-idf/mbedtls/mbedtls/library/CMakeFiles/mbedcrypto.dir/chachapoly.c.obj
[1005/1051] Building C object esp-idf/wifi_provisioning/CMakeFiles/__idf_wifi_provisioning.dir/src/scheme_console.c.obj
[26/1046] Building C object esp-idf/esp_http_server/CMakeFiles/__idf_esp_http_server.dir/src/httpd_txrx.c.obj
[1050/1051] Build ELF: dd.app.elf
[720/1051] Building C object esp-idf/mbedtls/mbedtls/library/CMakeFiles/mbedcrypto.dir/aes.c.obj
[900/1051] Building C object esp-idf/app_update/CMakeFiles/__idf_app_update.dir/esp_ota_ops.c.obj
[1006/1051] Building C object esp-idf/usb/CMakeFiles/__idf_usb.dir/hub.c.obj
[1007/1051] Building C object esp-idf/usb/CMakeFiles/__idf_usb.dir/enum.c.obj
[27/1046] Building C object esp-idf/esp_http_server/CMakeFiles/__idf_esp_http_server.dir/src/httpd_parse.c.obj
[1049/1051] Linking C static library esp-idf/main/libmain.a
[721/1051] Building C object esp-idf/mbedtls/mbedtls/library/CMakeFiles/mbedcrypto.dir/camellia.c.obj
[722/1051] Building C object esp-idf/mbedtls/mbedtls/library/CMakeFiles/mbedcrypto.dir/asn1parse.c.obj
[901/1051] Building C object esp-idf/console/CMakeFiles/__idf_console.dir/linenoise/linenoise.c.obj
[902/1051] Building C object esp-idf/esp_driver_gpio/CMakeFiles/__idf_esp_driver_gpio.dir/src/gpio.c.obj
[723/1051] Building C object 'esp-idf/mbedtls/mbedtls/library/CMakeFiles/mbedtls.dir/home/tikhon/Документы/magnolia/esp-idf/components/mbedtls/port/net_sockets.c.obj'
[1009/1051] Building C object esp-idf/wifi_provisioning/CMakeFiles/__idf_wifi_provisioning.dir/src/scheme_softap.c.obj
[1010/1051] Building C object esp-idf/usb/CMakeFiles/__idf_usb.dir/hub.c.obj
[1048/1051] Linking C static library esp-idf/usb/libusb.a
[1050/1051] Build ELF: hexdump.app.elf
[1008/1051] Building C object esp-idf/touch_element/CMakeFiles/__idf_touch_element.dir/touch_slider.c.obj
[903/1051] Building C object esp-idf/protocomm/CMakeFiles/__idf_protocomm.dir/proto-c/sec2.pb-c.c.obj
[1011/1051] Building C object esp-idf/wifi_provisioning/CMakeFiles/__idf_wifi_provisioning.dir/proto-c/wifi_config.pb-c.c.obj
[724/1051] Building C object esp-idf/mbedtls/mbedtls/library/CMakeFiles/mbedx509.dir/x509_crl.c.obj
[725/1051] Building C object esp-idf/mbedtls/mbedtls/library/CMakeFiles/mbedtls.dir/ssl_msg.c.obj
[1012/1051] Building C object esp-idf/wifi_provisioning/CMakeFiles/__idf_wifi_provisioning.dir/src/scheme_console.c.obj
[904/1051] Building CXX object esp-idf/wear_levelling/CMakeFiles/__idf_wear_levelling.dir/crc32.cpp.obj
[726/1051] Building C object esp-idf/mbedtls/mbedtls/library/CMakeFiles/mbedcrypto.dir/base64.c.obj
[905/1051] Linking C static library esp-idf/esp_driver_gpio/libesp_driver_gpio.a
[1013/1051] Building C object esp-idf/spiffs/CMakeFiles/__idf_spiffs.dir/spiffs/src/spiffs_hydrogen.c.obj
[28/1046] Building C object esp-idf/tcp_transport/CMakeFiles/__idf_tcp_transport.dir/transport_ssl.c.obj
[1009/1051] Building C object esp-idf/wifi_provisioning/CMakeFiles/__idf_wifi_provisioning.dir/src/scheme_softap.c.obj
[1049/1051] Linking C static library esp-idf/main/libmain.a
[906/1051] Building C object esp-idf/console/CMakeFiles/__idf_console.dir/argtable3/argtable3.c.obj
[1014/1051] Building C object esp-idf/wifi_provisioning/CMakeFiles/__idf_wifi_provisioning.dir/proto-c/wifi_constants.pb-c.c.obj
[1010/1051] Building C object esp-idf/touch_element/CMakeFiles/__idf_touch_element.dir/touch_element.c.obj
[1011/1051] Building C object esp-idf/touch_element/CMakeFiles/__idf_touch_element.dir/touch_matrix.c.obj
[1012/1051] Building C object esp-idf/spiffs/CMakeFiles/__idf_spiffs.dir/spiffs/src/spiffs_hydrogen.c.obj
[29/1046] Linking C static library esp-idf/esp_http_server/libesp_http_server.a
[1015/1051] Building C object esp-idf/espressif__elf_loader/CMakeFiles/__idf_espressif__elf_loader.dir/src/esp_elf_adapter.c.obj
[30/1046] Building C object esp-idf/esp-tls/CMakeFiles/__idf_esp-tls.dir/esp_tls.c.obj
[1016/1051] Linking C static library esp-idf/cmock/libcmock.a
[1017/1051] Building C object esp-idf/wifi_provisioning/CMakeFiles/__idf_wifi_provisioning.dir/src/wifi_scan.c.obj
[907/1051] Building C object esp-idf/protocomm/CMakeFiles/__idf_protocomm.dir/src/crypto/srp6a/esp_srp.c.obj
[1018/1051] Linking C static library esp-idf/app_trace/libapp_trace.a
[727/1051] Building C object esp-idf/mbedtls/mbedtls/library/CMakeFiles/mbedcrypto.dir/dhm.c.obj
[1050/1051] Build ELF: gotest.app.elf
[908/1051] Building CXX object esp-idf/wear_levelling/CMakeFiles/__idf_wear_levelling.dir/Partition.cpp.obj
[1013/1051] Linking C static library esp-idf/cmock/libcmock.a
[1019/1051] Linking C static library esp-idf/esp_hid/libesp_hid.a
[909/1051] Linking C static library esp-idf/esp_security/libesp_security.a
[31/1046] Building C object esp-idf/esp_adc/CMakeFiles/__idf_esp_adc.dir/adc_continuous.c.obj
[1014/1051] Building C object esp-idf/wifi_provisioning/CMakeFiles/__idf_wifi_provisioning.dir/proto-c/wifi_constants.pb-c.c.obj
[1020/1051] Linking C static library esp-idf/esp_driver_cam/libesp_driver_cam.a
[728/1051] Building C object esp-idf/mbedtls/mbedtls/library/CMakeFiles/mbedcrypto.dir/cipher_wrap.c.obj
[910/1051] Building C object esp-idf/protocomm/CMakeFiles/__idf_protocomm.dir/src/common/protocomm.c.obj
[1021/1051] Linking C static library esp-idf/esp_local_ctrl/libesp_local_ctrl.a
[729/1051] Building C object esp-idf/mbedtls/mbedtls/library/CMakeFiles/mbedcrypto.dir/des.c.obj
[1022/1051] Linking C static library esp-idf/esp_driver_touch_sens/libesp_driver_touch_sens.a
[1023/1051] Linking C static library esp-idf/esp_eth/libesp_eth.a
[1015/1051] Linking C static library esp-idf/app_trace/libapp_trace.a
[1024/1051] Building C object esp-idf/mqtt/CMakeFiles/__idf_mqtt.dir/esp-mqtt/mqtt_client.c.obj
[730/1051] Building C object esp-idf/mbedtls/mbedtls/library/CMakeFiles/mbedcrypto.dir/ecjpake.c.obj
[911/1051] Building C object esp-idf/console/CMakeFiles/__idf_console.dir/argtable3/arg_rex.c.obj
[1016/1051] Building C object esp-idf/wifi_provisioning/CMakeFiles/__idf_wifi_provisioning.dir/proto-c/wifi_ctrl.pb-c.c.obj
[32/1046] Building C object esp-idf/esp_adc/CMakeFiles/__idf_esp_adc.dir/adc_filter.c.obj
[1025/1051] Linking C static library esp-idf/esp_lcd/libesp_lcd.a
[1026/1051] Building C object esp-idf/wifi_provisioning/CMakeFiles/__idf_wifi_provisioning.dir/proto-c/wifi_scan.pb-c.c.obj
[731/1051] Building C object esp-idf/mbedtls/mbedtls/library/CMakeFiles/mbedcrypto.dir/cipher.c.obj
[1017/1051] Building C object esp-idf/espressif__elf_loader/CMakeFiles/__idf_espressif__elf_loader.dir/src/esp_elf.c.obj
[1018/1051] Linking C static library esp-idf/esp_driver_cam/libesp_driver_cam.a
[732/1051] Building C object esp-idf/mbedtls/mbedtls/library/CMakeFiles/mbedcrypto.dir/constant_time.c.obj
[1027/1051] Linking C static library esp-idf/nvs_sec_provider/libnvs_sec_provider.a
[1019/1051] Building C object esp-idf/fatfs/CMakeFiles/__idf_fatfs.dir/src/ff.c.obj
[1028/1051] Linking C static library esp-idf/espcoredump/libespcoredump.a
[912/1051] Building C object esp-idf/protocomm/CMakeFiles/__idf_protocomm.dir/src/transports/protocomm_httpd.c.obj
[1029/1051] Building C object esp-idf/espressif__elf_loader/CMakeFiles/__idf_espressif__elf_loader.dir/src/arch/esp_elf_xtensa.c.obj
[1030/1051] Linking C static library esp-idf/perfmon/libperfmon.a
[1031/1051] Building C object esp-idf/usb/CMakeFiles/__idf_usb.dir/usb_host.c.obj
[1020/1051] Building C object esp-idf/spiffs/CMakeFiles/__idf_spiffs.dir/esp_spiffs.c.obj
[913/1051] Building C object esp-idf/app_trace/CMakeFiles/__idf_app_trace.dir/app_trace_util.c.obj
[1032/1051] Building ASM object 'esp-idf/main/CMakeFiles/__idf_main.dir/home/tikhon/Документы/magnolia/sdk/tinygo/runtime/tinygo_symbols.S.obj'
[1021/1051] Building C object esp-idf/espressif__elf_loader/CMakeFiles/__idf_espressif__elf_loader.dir/src/esp_elf_adapter.c.obj
[914/1051] Building CXX object esp-idf/wear_levelling/CMakeFiles/__idf_wear_levelling.dir/SPI_Flash.cpp.obj
[1033/1051] Linking C static library esp-idf/rt/librt.a
[1022/1051] Linking C static library esp-idf/esp_driver_touch_sens/libesp_driver_touch_sens.a
[915/1051] Building CXX object esp-idf/wear_levelling/CMakeFiles/__idf_wear_levelling.dir/WL_Ext_Perf.cpp.obj
[1034/1051] Building C object esp-idf/fatfs/CMakeFiles/__idf_fatfs.dir/src/ff.c.obj
[1023/1051] Building C object esp-idf/wifi_provisioning/CMakeFiles/__idf_wifi_provisioning.dir/proto-c/wifi_config.pb-c.c.obj
[1024/1051] Linking C static library esp-idf/esp_hid/libesp_hid.a
[916/1051] Linking C static library esp-idf/efuse/libefuse.a
[1035/1051] Building C object esp-idf/espressif__elf_loader/CMakeFiles/__idf_espressif__elf_loader.dir/src/esp_elf_symbol.c.obj
[1036/1051] Linking C static library esp-idf/mqtt/libmqtt.a
[1037/1051] Building C object esp-idf/touch_element/CMakeFiles/__idf_touch_element.dir/touch_element.c.obj
[1025/1051] Linking C static library esp-idf/esp_eth/libesp_eth.a
[733/1051] Building C object esp-idf/mbedtls/mbedtls/library/CMakeFiles/mbedcrypto.dir/aria.c.obj
[1026/1051] Linking C static library esp-idf/esp_lcd/libesp_lcd.a
[917/1051] Building CXX object esp-idf/wear_levelling/CMakeFiles/__idf_wear_levelling.dir/WL_Ext_Safe.cpp.obj
[1027/1051] Linking C static library esp-idf/esp_local_ctrl/libesp_local_ctrl.a
[1028/1051] Linking C static library esp-idf/nvs_sec_provider/libnvs_sec_provider.a
[1029/1051] Building C object esp-idf/espressif__elf_loader/CMakeFiles/__idf_espressif__elf_loader.dir/src/arch/esp_elf_xtensa.c.obj
[918/1051] Building C object esp-idf/app_trace/CMakeFiles/__idf_app_trace.dir/app_trace.c.obj
[1030/1051] Building C object esp-idf/espressif__elf_loader/CMakeFiles/__idf_espressif__elf_loader.dir/src/esp_elf_symbol.c.obj
[734/1051] Building C object esp-idf/mbedtls/mbedtls/library/CMakeFiles/mbedcrypto.dir/ecp_curves_new.c.obj
[735/1051] Building C object esp-idf/mbedtls/mbedtls/library/CMakeFiles/mbedcrypto.dir/ccm.c.obj
[1031/1051] Linking C static library esp-idf/espcoredump/libespcoredump.a
[33/1046] Building C object esp-idf/driver/CMakeFiles/__idf_driver.dir/touch_sensor/esp32s3/touch_sensor.c.obj
[1032/1051] Linking C static library esp-idf/perfmon/libperfmon.a
[919/1051] Building C object esp-idf/esp_https_server/CMakeFiles/__idf_esp_https_server.dir/src/https_server.c.obj
[736/1051] Building C object esp-idf/mbedtls/mbedtls/library/CMakeFiles/mbedcrypto.dir/bignum_core.c.obj
[920/1051] Linking C static library esp-idf/esp_partition/libesp_partition.a
[1033/1051] Building ASM object 'esp-idf/main/CMakeFiles/__idf_main.dir/home/tikhon/Документы/magnolia/sdk/tinygo/runtime/tinygo_symbols.S.obj'
[1034/1051] Linking C static library esp-idf/rt/librt.a
[1038/1051] Linking C static library esp-idf/touch_element/libtouch_element.a
[737/1051] Building C object esp-idf/mbedtls/mbedtls/library/CMakeFiles/mbedx509.dir/x509.c.obj
[1035/1051] Linking C static library esp-idf/touch_element/libtouch_element.a
[1036/1051] Linking C static library esp-idf/espressif__elf_loader/libespressif__elf_loader.a
[1037/1051] Building C object esp-idf/wifi_provisioning/CMakeFiles/__idf_wifi_provisioning.dir/proto-c/wifi_scan.pb-c.c.obj
[1038/1051] Linking C static library esp-idf/fatfs/libfatfs.a
Applet gohexdump OK -> /home/tikhon/Документы/magnolia/rootfs/bin/gohexdump
Building applet zigtest -> zigtest ...
Reconfiguring applet zigtest (cmake inputs changed)
+ idf.py reconfigure
[738/1051] Building C object esp-idf/mbedtls/mbedtls/library/CMakeFiles/mbedcrypto.dir/ecdsa.c.obj
[1039/1051] Linking C static library esp-idf/fatfs/libfatfs.a
[921/1051] Building C object esp-idf/app_trace/CMakeFiles/__idf_app_trace.dir/host_file_io.c.obj
[922/1051] Building C object esp-idf/esp_driver_cam/CMakeFiles/__idf_esp_driver_cam.dir/dvp/src/esp_cam_ctlr_dvp_gdma.c.obj
[739/1051] Building C object esp-idf/mbedtls/mbedtls/library/CMakeFiles/mbedcrypto.dir/lmots.c.obj
[923/1051] Linking C static library esp-idf/app_update/libapp_update.a
[1040/1051] Building C object esp-idf/espressif__elf_loader/CMakeFiles/__idf_espressif__elf_loader.dir/src/esp_elf.c.obj
[34/1046] Building C object esp-idf/driver/CMakeFiles/__idf_driver.dir/touch_sensor/touch_sensor_common.c.obj
[924/1051] Building C object esp-idf/esp_driver_cam/CMakeFiles/__idf_esp_driver_cam.dir/dvp_share_ctrl.c.obj
[925/1051] Building CXX object esp-idf/wear_levelling/CMakeFiles/__idf_wear_levelling.dir/wear_levelling.cpp.obj
[740/1051] Building C object esp-idf/mbedtls/mbedtls/library/CMakeFiles/mbedcrypto.dir/entropy_poll.c.obj
[741/1051] Building C object esp-idf/mbedtls/mbedtls/library/CMakeFiles/mbedcrypto.dir/ecdh.c.obj
[742/1051] Building C object esp-idf/mbedtls/mbedtls/library/CMakeFiles/mbedcrypto.dir/cmac.c.obj
[926/1051] Building C object esp-idf/cmock/CMakeFiles/__idf_cmock.dir/CMock/src/cmock.c.obj
[743/1051] Building C object esp-idf/mbedtls/mbedtls/library/CMakeFiles/mbedcrypto.dir/hkdf.c.obj
[35/1046] Building C object esp-idf/esp_driver_twai/CMakeFiles/__idf_esp_driver_twai.dir/esp_twai.c.obj
[36/1046] Building C object esp-idf/tcp_transport/CMakeFiles/__idf_tcp_transport.dir/transport_ws.c.obj
[927/1051] Linking C static library esp-idf/esp_bootloader_format/libesp_bootloader_format.a
[1041/1051] Linking C static library esp-idf/espressif__elf_loader/libespressif__elf_loader.a
[928/1051] Building C object esp-idf/protocomm/CMakeFiles/__idf_protocomm.dir/src/security/security2.c.obj
[37/1046] Building C object esp-idf/esp_driver_i2c/CMakeFiles/__idf_esp_driver_i2c.dir/i2c_common.c.obj
[744/1051] Building C object esp-idf/mbedtls/mbedtls/library/CMakeFiles/mbedtls.dir/ssl_tls12_server.c.obj
[929/1051] Building C object esp-idf/esp_eth/CMakeFiles/__idf_esp_eth.dir/src/esp_eth_netif_glue.c.obj
[745/1051] Building C object esp-idf/mbedtls/mbedtls/library/CMakeFiles/mbedcrypto.dir/nist_kw.c.obj
[746/1051] Building C object esp-idf/mbedtls/mbedtls/library/CMakeFiles/mbedcrypto.dir/ctr_drbg.c.obj
[747/1051] Building C object esp-idf/mbedtls/mbedtls/library/CMakeFiles/mbedcrypto.dir/lms.c.obj
[930/1051] Building C object esp-idf/app_trace/CMakeFiles/__idf_app_trace.dir/port/port_uart.c.obj
[748/1051] Building C object esp-idf/mbedtls/mbedtls/library/CMakeFiles/mbedcrypto.dir/error.c.obj
[1042/1051] Building C object esp-idf/spiffs/CMakeFiles/__idf_spiffs.dir/spiffs/src/spiffs_nucleus.c.obj
[931/1051] Linking C static library esp-idf/esp_app_format/libesp_app_format.a
[749/1051] Building C object esp-idf/mbedtls/mbedtls/library/CMakeFiles/mbedcrypto.dir/padlock.c.obj
[932/1051] Building C object esp-idf/esp_driver_cam/CMakeFiles/__idf_esp_driver_cam.dir/esp_cam_ctlr.c.obj
[750/1051] Building C object esp-idf/mbedtls/mbedtls/library/CMakeFiles/mbedcrypto.dir/memory_buffer_alloc.c.obj
Applet gotest OK -> /home/tikhon/Документы/magnolia/rootfs/bin/gotest
Building applet zxxd -> zxxd ...
+ idf.py elf
[1043/1051] Building C object esp-idf/usb/CMakeFiles/__idf_usb.dir/usbh.c.obj
[38/1046] Building C object esp-idf/esp_driver_rmt/CMakeFiles/__idf_esp_driver_rmt.dir/src/rmt_encoder.c.obj
[751/1051] Building C object esp-idf/mbedtls/mbedtls/library/CMakeFiles/mbedcrypto.dir/md5.c.obj
[933/1051] Linking C static library esp-idf/xtensa/libxtensa.a
[934/1051] Building C object esp-idf/unity/CMakeFiles/__idf_unity.dir/unity/src/unity.c.obj
[752/1051] Building C object esp-idf/mbedtls/mbedtls/library/CMakeFiles/mbedcrypto.dir/entropy.c.obj
[1044/1051] Linking C static library esp-idf/spiffs/libspiffs.a
[753/1051] Building C object esp-idf/mbedtls/mbedtls/library/CMakeFiles/mbedcrypto.dir/gcm.c.obj
[39/1046] Building C object esp-idf/esp_driver_rmt/CMakeFiles/__idf_esp_driver_rmt.dir/src/rmt_encoder_copy.c.obj
[1039/1051] Building C object esp-idf/spiffs/CMakeFiles/__idf_spiffs.dir/spiffs/src/spiffs_nucleus.c.obj
[935/1051] Building C object esp-idf/protobuf-c/CMakeFiles/__idf_protobuf-c.dir/protobuf-c/protobuf-c/protobuf-c.c.obj
[1040/1051] Building C object esp-idf/usb/CMakeFiles/__idf_usb.dir/usb_host.c.obj
Applet godd OK -> /home/tikhon/Документы/magnolia/rootfs/bin/godd
[936/1051] Linking C static library esp-idf/protobuf-c/libprotobuf-c.a
[937/1051] Building C object esp-idf/esp_lcd/CMakeFiles/__idf_esp_lcd.dir/src/esp_lcd_panel_io.c.obj
[938/1051] Building C object esp-idf/esp_hid/CMakeFiles/__idf_esp_hid.dir/src/esp_hidd.c.obj
[1041/1051] Building C object esp-idf/usb/CMakeFiles/__idf_usb.dir/usbh.c.obj
[754/1051] Building C object esp-idf/mbedtls/mbedtls/library/CMakeFiles/mbedcrypto.dir/pkcs12.c.obj
[40/1046] Building C object esp-idf/esp_driver_tsens/CMakeFiles/__idf_esp_driver_tsens.dir/src/temperature_sensor.c.obj
[939/1051] Linking C static library esp-idf/console/libconsole.a
[940/1051] Linking C static library esp-idf/unity/libunity.a
[755/1051] Building C object esp-idf/mbedtls/mbedtls/library/CMakeFiles/mbedcrypto.dir/platform.c.obj
[756/1051] Building C object esp-idf/mbedtls/mbedtls/library/CMakeFiles/mbedcrypto.dir/hmac_drbg.c.obj
[41/1046] Building C object esp-idf/http_parser/CMakeFiles/__idf_http_parser.dir/http_parser.c.obj
[941/1051] Linking C static library esp-idf/esp_https_server/libesp_https_server.a
[42/1046] Building C object esp-idf/esp_driver_rmt/CMakeFiles/__idf_esp_driver_rmt.dir/src/rmt_common.c.obj
[757/1051] Building C object esp-idf/mbedtls/mbedtls/library/CMakeFiles/mbedcrypto.dir/pk.c.obj
[43/1046] Building C object esp-idf/esp_driver_sdspi/CMakeFiles/__idf_esp_driver_sdspi.dir/src/sdspi_crc.c.obj
[1042/1051] Linking C static library esp-idf/spiffs/libspiffs.a
[44/1046] Building C object esp-idf/driver/CMakeFiles/__idf_driver.dir/twai/twai.c.obj
[45/1046] Building C object esp-idf/esp_driver_sdm/CMakeFiles/__idf_esp_driver_sdm.dir/src/sdm.c.obj
[1043/1051] Building C object esp-idf/usb/CMakeFiles/__idf_usb.dir/hcd_dwc.c.obj
[942/1051] Building C object esp-idf/json/CMakeFiles/__idf_json.dir/cJSON/cJSON_Utils.c.obj
[943/1051] Building C object esp-idf/esp_driver_touch_sens/CMakeFiles/__idf_esp_driver_touch_sens.dir/common/touch_sens_common.c.obj
[46/1046] Building C object esp-idf/esp-tls/CMakeFiles/__idf_esp-tls.dir/esp_tls_mbedtls.c.obj
[47/1046] Building C object esp-idf/esp_driver_i2c/CMakeFiles/__idf_esp_driver_i2c.dir/i2c_slave.c.obj
[1044/1051] Building C object esp-idf/mqtt/CMakeFiles/__idf_mqtt.dir/esp-mqtt/mqtt_client.c.obj
[944/1051] Building C object esp-idf/esp_driver_touch_sens/CMakeFiles/__idf_esp_driver_touch_sens.dir/hw_ver2/touch_version_specific.c.obj
[945/1051] Building C object esp-idf/esp_lcd/CMakeFiles/__idf_esp_lcd.dir/src/esp_lcd_panel_nt35510.c.obj
[946/1051] Building C object esp-idf/esp_lcd/CMakeFiles/__idf_esp_lcd.dir/src/esp_lcd_panel_ops.c.obj
[758/1051] Building C object esp-idf/mbedtls/mbedtls/library/CMakeFiles/mbedcrypto.dir/poly1305.c.obj
[759/1051] Building C object esp-idf/mbedtls/mbedtls/library/CMakeFiles/mbedcrypto.dir/pk_ecc.c.obj
[760/1051] Building C object esp-idf/mbedtls/mbedtls/library/CMakeFiles/mbedcrypto.dir/pkwrite.c.obj
[947/1051] Building C object esp-idf/esp_hid/CMakeFiles/__idf_esp_hid.dir/src/esp_hid_common.c.obj
[761/1051] Building C object esp-idf/mbedtls/mbedtls/library/CMakeFiles/mbedcrypto.dir/platform_util.c.obj
[948/1051] Building C object esp-idf/esp_lcd/CMakeFiles/__idf_esp_lcd.dir/src/esp_lcd_panel_ssd1306.c.obj
[48/1046] Building C object esp-idf/esp_driver_rmt/CMakeFiles/__idf_esp_driver_rmt.dir/src/rmt_encoder_bytes.c.obj
[949/1051] Building C object esp-idf/esp_lcd/CMakeFiles/__idf_esp_lcd.dir/src/esp_lcd_common.c.obj
[762/1051] Building C object esp-idf/mbedtls/mbedtls/library/CMakeFiles/mbedcrypto.dir/pem.c.obj
[950/1051] Linking C static library esp-idf/protocomm/libprotocomm.a
[1045/1051] Linking C static library esp-idf/mqtt/libmqtt.a
[1046/1051] Linking C static library esp-idf/usb/libusb.a
[951/1051] Building C object esp-idf/espcoredump/CMakeFiles/__idf_espcoredump.dir/src/core_dump_init.c.obj
[49/1046] Building C object esp-idf/esp_driver_sdspi/CMakeFiles/__idf_esp_driver_sdspi.dir/src/sdspi_transaction.c.obj
[952/1051] Building C object esp-idf/espcoredump/CMakeFiles/__idf_espcoredump.dir/src/core_dump_common.c.obj
[763/1051] Building C object esp-idf/mbedtls/mbedtls/library/CMakeFiles/mbedcrypto.dir/pk_wrap.c.obj
[50/1046] Building C object esp-idf/esp_driver_rmt/CMakeFiles/__idf_esp_driver_rmt.dir/src/rmt_encoder_simple.c.obj
[953/1051] Building C object esp-idf/espcoredump/CMakeFiles/__idf_espcoredump.dir/src/core_dump_flash.c.obj
[764/1051] Building C object esp-idf/mbedtls/mbedtls/library/CMakeFiles/mbedcrypto.dir/ecp_curves.c.obj
[954/1051] Building C object esp-idf/espcoredump/CMakeFiles/__idf_espcoredump.dir/src/core_dump_elf.c.obj
[955/1051] Building C object esp-idf/espcoredump/CMakeFiles/__idf_espcoredump.dir/src/core_dump_uart.c.obj
[765/1051] Building C object esp-idf/mbedtls/mbedtls/library/CMakeFiles/mbedcrypto.dir/oid.c.obj
[51/1046] Building C object esp-idf/esp_driver_twai/CMakeFiles/__idf_esp_driver_twai.dir/esp_twai_onchip.c.obj
[766/1051] Building C object esp-idf/mbedtls/mbedtls/library/CMakeFiles/mbedcrypto.dir/pkcs5.c.obj
[956/1051] Building C object esp-idf/esp_hid/CMakeFiles/__idf_esp_hid.dir/src/esp_hidh.c.obj
[767/1051] Building C object esp-idf/mbedtls/mbedtls/library/CMakeFiles/mbedx509.dir/x509_crt.c.obj
[957/1051] Building C object esp-idf/espcoredump/CMakeFiles/__idf_espcoredump.dir/src/port/xtensa/core_dump_port.c.obj
[768/1051] Building C object esp-idf/mbedtls/mbedtls/library/CMakeFiles/mbedcrypto.dir/md.c.obj
[52/1046] Building C object esp-idf/esp_driver_sdmmc/CMakeFiles/__idf_esp_driver_sdmmc.dir/src/sd_trans_sdmmc.c.obj
[769/1051] Building C object esp-idf/mbedtls/mbedtls/library/CMakeFiles/mbedcrypto.dir/psa_crypto_driver_wrappers_no_static.c.obj
[958/1051] Building C object esp-idf/json/CMakeFiles/__idf_json.dir/cJSON/cJSON.c.obj
[959/1051] Building C object esp-idf/espcoredump/CMakeFiles/__idf_espcoredump.dir/src/core_dump_sha.c.obj
[1045/1051] Building C object esp-idf/usb/CMakeFiles/__idf_usb.dir/hcd_dwc.c.obj
[53/1046] Building C object esp-idf/esp_http_client/CMakeFiles/__idf_esp_http_client.dir/esp_http_client.c.obj
[54/1046] Building C object esp-idf/esp_driver_rmt/CMakeFiles/__idf_esp_driver_rmt.dir/src/rmt_tx.c.obj
[960/1051] Building C object esp-idf/esp_lcd/CMakeFiles/__idf_esp_lcd.dir/src/esp_lcd_panel_st7789.c.obj
[55/1046] Building C object esp-idf/esp_driver_sdmmc/CMakeFiles/__idf_esp_driver_sdmmc.dir/legacy/src/sdmmc_transaction.c.obj
[56/1046] Building C object esp-idf/esp_driver_sd_intf/CMakeFiles/__idf_esp_driver_sd_intf.dir/sd_host.c.obj
[961/1051] Building C object esp-idf/esp_lcd/CMakeFiles/__idf_esp_lcd.dir/i2c/esp_lcd_panel_io_i2c_v2.c.obj
[770/1051] Building C object esp-idf/mbedtls/mbedtls/library/CMakeFiles/mbedcrypto.dir/psa_crypto_cipher.c.obj
[962/1051] Building C object esp-idf/esp_lcd/CMakeFiles/__idf_esp_lcd.dir/i2c/esp_lcd_panel_io_i2c_v1.c.obj
[771/1051] Building C object esp-idf/mbedtls/mbedtls/library/CMakeFiles/mbedcrypto.dir/bignum.c.obj
[772/1051] Building C object esp-idf/mbedtls/mbedtls/library/CMakeFiles/mbedcrypto.dir/psa_crypto_client.c.obj
[773/1051] Building C object esp-idf/mbedtls/mbedtls/library/CMakeFiles/mbedcrypto.dir/psa_crypto_se.c.obj
[963/1051] Building C object esp-idf/esp_local_ctrl/CMakeFiles/__idf_esp_local_ctrl.dir/src/esp_local_ctrl_transport_httpd.c.obj
[57/1046] Linking C static library esp-idf/esp_http_client/libesp_http_client.a
[1046/1051] Building C object esp-idf/wifi_provisioning/CMakeFiles/__idf_wifi_provisioning.dir/src/manager.c.obj
[964/1051] Building C object esp-idf/esp_driver_cam/CMakeFiles/__idf_esp_driver_cam.dir/dvp/src/esp_cam_ctlr_dvp_cam.c.obj
[774/1051] Building C object esp-idf/mbedtls/mbedtls/library/CMakeFiles/mbedcrypto.dir/psa_crypto_hash.c.obj
[775/1051] Building C object esp-idf/mbedtls/mbedtls/library/CMakeFiles/mbedcrypto.dir/psa_crypto_storage.c.obj
[58/1046] Building C object esp-idf/sdmmc/CMakeFiles/__idf_sdmmc.dir/sdmmc_init.c.obj
[59/1046] Building C object esp-idf/sdmmc/CMakeFiles/__idf_sdmmc.dir/sd_pwr_ctrl/sd_pwr_ctrl.c.obj
[965/1051] Building C object esp-idf/fatfs/CMakeFiles/__idf_fatfs.dir/diskio/diskio.c.obj
[776/1051] Building C object esp-idf/mbedtls/mbedtls/library/CMakeFiles/mbedcrypto.dir/psa_crypto_aead.c.obj
[1047/1051] Linking C static library esp-idf/usb/libusb.a
[60/1046] Linking C static library esp-idf/tcp_transport/libtcp_transport.a
[966/1051] Building C object esp-idf/esp_local_ctrl/CMakeFiles/__idf_esp_local_ctrl.dir/src/esp_local_ctrl.c.obj
[61/1046] Building C object esp-idf/sdmmc/CMakeFiles/__idf_sdmmc.dir/sdmmc_io.c.obj
[967/1051] Building C object esp-idf/fatfs/CMakeFiles/__idf_fatfs.dir/port/freertos/ffsystem.c.obj
[777/1051] Building C object esp-idf/mbedtls/mbedtls/library/CMakeFiles/mbedcrypto.dir/psa_crypto_ecp.c.obj
[778/1051] Building C object esp-idf/mbedtls/mbedtls/library/CMakeFiles/mbedcrypto.dir/psa_crypto_rsa.c.obj
[779/1051] Building C object esp-idf/mbedtls/mbedtls/library/CMakeFiles/mbedcrypto.dir/ripemd160.c.obj
[780/1051] Building C object esp-idf/mbedtls/mbedtls/library/CMakeFiles/mbedcrypto.dir/psa_crypto_pake.c.obj
[968/1051] Building C object esp-idf/esp_eth/CMakeFiles/__idf_esp_eth.dir/src/phy/esp_eth_phy_802_3.c.obj
[1047/1051] Building C object esp-idf/wifi_provisioning/CMakeFiles/__idf_wifi_provisioning.dir/src/manager.c.obj
[781/1051] Building C object esp-idf/mbedtls/mbedtls/library/CMakeFiles/mbedcrypto.dir/psa_its_file.c.obj
[62/1046] Linking C static library esp-idf/esp_adc/libesp_adc.a
[1048/1051] Linking C static library esp-idf/wifi_provisioning/libwifi_provisioning.a
[782/1051] Building C object esp-idf/mbedtls/mbedtls/library/CMakeFiles/mbedcrypto.dir/psa_crypto_mac.c.obj
[63/1046] Building C object esp-idf/esp_driver_sdmmc/CMakeFiles/__idf_esp_driver_sdmmc.dir/legacy/src/sdmmc_host.c.obj
[783/1051] Building C object esp-idf/mbedtls/mbedtls/library/CMakeFiles/mbedcrypto.dir/psa_crypto_ffdh.c.obj
[969/1051] Building C object esp-idf/esp_eth/CMakeFiles/__idf_esp_eth.dir/src/esp_eth.c.obj
[970/1051] Linking C static library esp-idf/json/libjson.a
[971/1051] Building C object esp-idf/fatfs/CMakeFiles/__idf_fatfs.dir/src/ffunicode.c.obj
[784/1051] Building C object esp-idf/mbedtls/mbedtls/library/CMakeFiles/mbedcrypto.dir/threading.c.obj
[785/1051] Building C object esp-idf/mbedtls/mbedtls/library/CMakeFiles/mbedcrypto.dir/pkparse.c.obj
[786/1051] Building C object esp-idf/mbedtls/mbedtls/library/CMakeFiles/mbedcrypto.dir/timing.c.obj
[64/1046] Linking C static library esp-idf/esp-tls/libesp-tls.a
[1048/1051] Linking C static library esp-idf/wifi_provisioning/libwifi_provisioning.a
[1049/1051] Linking C static library esp-idf/main/libmain.a
[787/1051] Building C object esp-idf/mbedtls/mbedtls/library/CMakeFiles/mbedcrypto.dir/ecp.c.obj
[972/1051] Building C object esp-idf/fatfs/CMakeFiles/__idf_fatfs.dir/diskio/diskio_wl.c.obj
[973/1051] Building C object esp-idf/esp_lcd/CMakeFiles/__idf_esp_lcd.dir/spi/esp_lcd_panel_io_spi.c.obj
[1050/1051] Build ELF: gohello.app.elf
FAILED: elf_app /home/tikhon/Документы/magnolia/applets/go/gohello/build/elf_app 
cd /home/tikhon/Документы/magnolia/applets/go/gohello/build && /home/tikhon/.espressif/tools/xtensa-esp-elf/esp-15.1.0_20250607/xtensa-esp-elf/bin/xtensa-esp32s3-elf-gcc -nostartfiles -nostdlib -fPIC -shared -e app_main -fdata-sections -ffunction-sections -Wl,--gc-sections -fvisibility=hidden -Wl,--strip-all -Wl,--strip-debug -Wl,--strip-discarded -Dmain=app_main -Wl,-z,notext -Wl,-z,noexecstack esp-idf/main/libmain.a -o gohello.app.elf && /home/tikhon/.espressif/tools/xtensa-esp-elf/esp-15.1.0_20250607/xtensa-esp-elf/bin/xtensa-esp32s3-elf-strip --strip-unneeded --remove-section=.comment --remove-section=.got.loc --remove-section=.dynamic --remove-section=.xt.lit --remove-section=.xt.prop --remove-section=.xtensa.info gohello.app.elf
/home/tikhon/.espressif/tools/xtensa-esp-elf/esp-15.1.0_20250607/xtensa-esp-elf/bin/../lib/gcc/xtensa-esp-elf/15.1.0/../../../../xtensa-esp-elf/bin/ld: warning: cannot find entry symbol app_main; not setting start address
/home/tikhon/.espressif/tools/xtensa-esp-elf/esp-15.1.0_20250607/xtensa-esp-elf/bin/xtensa-esp-elf-strip: error: the input file 'gohello.app.elf' has no sections
ninja: build stopped: subcommand failed.
[788/1051] Building C object esp-idf/mbedtls/mbedtls/library/CMakeFiles/mbedcrypto.dir/version_features.c.obj
[974/1051] Building C object esp-idf/esp_local_ctrl/CMakeFiles/__idf_esp_local_ctrl.dir/src/esp_local_ctrl_handler.c.obj
[65/1046] Linking C static library esp-idf/http_parser/libhttp_parser.a
[789/1051] Building C object esp-idf/mbedtls/mbedtls/library/CMakeFiles/mbedcrypto.dir/version.c.obj
[975/1051] Building C object esp-idf/fatfs/CMakeFiles/__idf_fatfs.dir/vfs/vfs_fat_sdmmc.c.obj
[790/1051] Building C object 'esp-idf/mbedtls/mbedtls/library/CMakeFiles/mbedcrypto.dir/home/tikhon/Документы/magnolia/esp-idf/components/mbedtls/port/aes/dma/esp_aes_gdma_impl.c.obj'
[66/1046] Building C object esp-idf/esp_driver_sdmmc/CMakeFiles/__idf_esp_driver_sdmmc.dir/src/sd_host_sdmmc.c.obj
[791/1051] Building C object esp-idf/mbedtls/mbedtls/library/CMakeFiles/mbedcrypto.dir/psa_util.c.obj
[976/1051] Building C object esp-idf/nvs_sec_provider/CMakeFiles/__idf_nvs_sec_provider.dir/nvs_sec_provider.c.obj
[1049/1051] Linking C static library esp-idf/main/libmain.a
[977/1051] Building C object esp-idf/fatfs/CMakeFiles/__idf_fatfs.dir/diskio/diskio_rawflash.c.obj
[792/1051] Building C object esp-idf/mbedtls/mbedtls/library/CMakeFiles/mbedcrypto.dir/sha1.c.obj
[793/1051] Building C object esp-idf/mbedtls/mbedtls/library/CMakeFiles/mbedcrypto.dir/sha256.c.obj
[978/1051] Building C object esp-idf/fatfs/CMakeFiles/__idf_fatfs.dir/diskio/diskio_sdmmc.c.obj
[67/1046] Building C object esp-idf/esp_driver_rmt/CMakeFiles/__idf_esp_driver_rmt.dir/src/rmt_rx.c.obj
[979/1051] Building C object esp-idf/esp_local_ctrl/CMakeFiles/__idf_esp_local_ctrl.dir/proto-c/esp_local_ctrl.pb-c.c.obj
[980/1051] Building C object esp-idf/perfmon/CMakeFiles/__idf_perfmon.dir/xtensa_perfmon_access.c.obj
[794/1051] Building C object esp-idf/mbedtls/mbedtls/library/CMakeFiles/mbedcrypto.dir/sha512.c.obj
[68/1046] Building C object esp-idf/sdmmc/CMakeFiles/__idf_sdmmc.dir/sdmmc_mmc.c.obj
[981/1051] Building CXX object esp-idf/wear_levelling/CMakeFiles/__idf_wear_levelling.dir/WL_Flash.cpp.obj
[982/1051] Building C object esp-idf/mqtt/CMakeFiles/__idf_mqtt.dir/esp-mqtt/lib/platform_esp32_idf.c.obj
[983/1051] Building C object esp-idf/fatfs/CMakeFiles/__idf_fatfs.dir/vfs/vfs_fat_spiflash.c.obj
[795/1051] Building C object 'esp-idf/mbedtls/mbedtls/library/CMakeFiles/mbedcrypto.dir/home/tikhon/Документы/magnolia/esp-idf/components/mbedtls/port/esp_hardware.c.obj'
[1050/1051] Build ELF: xxd.app.elf
[984/1051] Building C object esp-idf/perfmon/CMakeFiles/__idf_perfmon.dir/xtensa_perfmon_masks.c.obj
[796/1051] Building C object esp-idf/mbedtls/mbedtls/library/CMakeFiles/mbedcrypto.dir/sha3.c.obj
[797/1051] Building C object esp-idf/mbedtls/mbedtls/library/CMakeFiles/mbedcrypto.dir/rsa_alt_helpers.c.obj
[798/1051] Building C object 'esp-idf/mbedtls/mbedtls/library/CMakeFiles/mbedcrypto.dir/home/tikhon/Документы/magnolia/esp-idf/components/mbedtls/port/sha/core/esp_sha_gdma_impl.c.obj'
[69/1046] Building C object esp-idf/esp_driver_sdspi/CMakeFiles/__idf_esp_driver_sdspi.dir/src/sdspi_host.c.obj
[799/1051] Building C object 'esp-idf/mbedtls/mbedtls/library/CMakeFiles/mbedcrypto.dir/home/tikhon/Документы/magnolia/esp-idf/components/mbedtls/port/esp_mem.c.obj'
[800/1051] Building C object 'esp-idf/mbedtls/mbedtls/library/CMakeFiles/mbedcrypto.dir/home/tikhon/Документы/magnolia/esp-idf/components/mbedtls/port/sha/esp_sha.c.obj'
[70/1046] Building C object esp-idf/esp_driver_i2s/CMakeFiles/__idf_esp_driver_i2s.dir/i2s_tdm.c.obj
[801/1051] Building C object 'esp-idf/mbedtls/mbedtls/library/CMakeFiles/mbedcrypto.dir/home/tikhon/Документы/magnolia/esp-idf/components/mbedtls/port/aes/esp_aes_xts.c.obj'
[802/1051] Building C object 'esp-idf/mbedtls/mbedtls/library/CMakeFiles/mbedcrypto.dir/home/tikhon/Документы/magnolia/esp-idf/components/mbedtls/port/esp_timing.c.obj'
[803/1051] Building C object 'esp-idf/mbedtls/mbedtls/library/CMakeFiles/mbedcrypto.dir/home/tikhon/Документы/magnolia/esp-idf/components/mbedtls/port/aes/esp_aes_common.c.obj'
[985/1051] Linking C static library esp-idf/wear_levelling/libwear_levelling.a
[71/1046] Building C object esp-idf/esp_driver_i2c/CMakeFiles/__idf_esp_driver_i2c.dir/i2c_master.c.obj
[986/1051] Building C object esp-idf/perfmon/CMakeFiles/__idf_perfmon.dir/xtensa_perfmon_apis.c.obj
[987/1051] Building C object esp-idf/spiffs/CMakeFiles/__idf_spiffs.dir/spiffs/src/spiffs_gc.c.obj
[804/1051] Building C object esp-idf/mbedtls/mbedtls/library/CMakeFiles/mbedcrypto.dir/psa_crypto_slot_management.c.obj
[72/1046] Building C object esp-idf/sdmmc/CMakeFiles/__idf_sdmmc.dir/sdmmc_common.c.obj
[805/1051] Building C object 'esp-idf/mbedtls/mbedtls/library/CMakeFiles/mbedcrypto.dir/home/tikhon/Документы/magnolia/esp-idf/components/mbedtls/port/md/esp_md.c.obj'
[806/1051] Building C object 'esp-idf/mbedtls/mbedtls/library/CMakeFiles/mbedcrypto.dir/home/tikhon/Документы/magnolia/esp-idf/components/mbedtls/port/crypto_shared_gdma/esp_crypto_shared_gdma.c.obj'
[988/1051] Building C object esp-idf/mqtt/CMakeFiles/__idf_mqtt.dir/esp-mqtt/lib/mqtt_msg.c.obj
[989/1051] Building C object esp-idf/spiffs/CMakeFiles/__idf_spiffs.dir/spiffs_api.c.obj
[807/1051] Building C object 'esp-idf/mbedtls/mbedtls/library/CMakeFiles/mbedcrypto.dir/home/tikhon/Документы/magnolia/esp-idf/components/mbedtls/port/sha/core/esp_sha256.c.obj'
[990/1051] Building C object esp-idf/spiffs/CMakeFiles/__idf_spiffs.dir/spiffs/src/spiffs_cache.c.obj
[991/1051] Building C object esp-idf/rt/CMakeFiles/__idf_rt.dir/FreeRTOS_POSIX_utils.c.obj
[808/1051] Building C object 'esp-idf/mbedtls/mbedtls/library/CMakeFiles/mbedcrypto.dir/home/tikhon/Документы/magnolia/esp-idf/components/mbedtls/port/sha/core/esp_sha1.c.obj'
[809/1051] Building C object 'esp-idf/mbedtls/mbedtls/library/CMakeFiles/mbedcrypto.dir/home/tikhon/Документы/magnolia/esp-idf/components/mbedtls/port/bignum/bignum_alt.c.obj'
[810/1051] Building C object 'esp-idf/mbedtls/mbedtls/library/CMakeFiles/mbedcrypto.dir/home/tikhon/Документы/magnolia/esp-idf/components/mbedtls/port/esp_ds/esp_rsa_dec_alt.c.obj'
[811/1051] Building C object esp-idf/mbedtls/mbedtls/library/CMakeFiles/mbedtls.dir/ssl_tls.c.obj
[992/1051] Building C object esp-idf/mqtt/CMakeFiles/__idf_mqtt.dir/esp-mqtt/lib/mqtt_outbox.c.obj
[73/1046] Building C object esp-idf/sdmmc/CMakeFiles/__idf_sdmmc.dir/sdmmc_cmd.c.obj
[74/1046] Building C object esp-idf/esp_driver_i2s/CMakeFiles/__idf_esp_driver_i2s.dir/i2s_platform.c.obj
[812/1051] Building C object esp-idf/mbedtls/mbedtls/3rdparty/everest/CMakeFiles/everest.dir/library/everest.c.obj
[813/1051] Building C object 'esp-idf/mbedtls/mbedtls/library/CMakeFiles/mbedcrypto.dir/home/tikhon/Документы/magnolia/esp-idf/components/mbedtls/port/sha/core/esp_sha512.c.obj'
[814/1051] Building C object esp-idf/mbedtls/mbedtls/3rdparty/everest/CMakeFiles/everest.dir/library/Hacl_Curve25519_joined.c.obj
[815/1051] Building C object 'esp-idf/mbedtls/mbedtls/library/CMakeFiles/mbedcrypto.dir/home/tikhon/Документы/magnolia/esp-idf/components/mbedtls/port/sha/core/sha.c.obj'
[993/1051] Building C object esp-idf/esp_lcd/CMakeFiles/__idf_esp_lcd.dir/i80/esp_lcd_panel_io_i80.c.obj
[816/1051] Building C object 'esp-idf/mbedtls/mbedtls/library/CMakeFiles/mbedcrypto.dir/home/tikhon/Документы/magnolia/esp-idf/components/mbedtls/port/aes/esp_aes_gcm.c.obj'
[75/1046] Building C object esp-idf/driver/CMakeFiles/__idf_driver.dir/i2c/i2c.c.obj
[994/1051] Building C object esp-idf/spiffs/CMakeFiles/__idf_spiffs.dir/spiffs/src/spiffs_check.c.obj
[76/1046] Building C object esp-idf/esp_driver_mcpwm/CMakeFiles/__idf_esp_driver_mcpwm.dir/src/mcpwm_cmpr.c.obj
[817/1051] Building C object 'esp-idf/mbedtls/mbedtls/library/CMakeFiles/mbedcrypto.dir/home/tikhon/Документы/magnolia/esp-idf/components/mbedtls/port/esp_ds/esp_ds_common.c.obj'
[818/1051] Linking CXX static library esp-idf/mbedtls/mbedtls/library/libmbedtls.a
[77/1046] Building C object esp-idf/esp_driver_mcpwm/CMakeFiles/__idf_esp_driver_mcpwm.dir/src/mcpwm_com.c.obj
[78/1046] Building C object esp-idf/sdmmc/CMakeFiles/__idf_sdmmc.dir/sdmmc_sd.c.obj
[995/1051] Building C object esp-idf/rt/CMakeFiles/__idf_rt.dir/FreeRTOS_POSIX_mqueue.c.obj
[819/1051] Building C object esp-idf/mbedtls/mbedtls/3rdparty/everest/CMakeFiles/everest.dir/library/x25519.c.obj
[820/1051] Building C object esp-idf/mbedtls/mbedtls/3rdparty/p256-m/CMakeFiles/p256m.dir/p256-m/p256-m.c.obj
[79/1046] Building ASM object esp-idf/esp_gdbstub/CMakeFiles/__idf_esp_gdbstub.dir/src/port/xtensa/gdbstub-entry.S.obj
[821/1051] Building C object 'esp-idf/mbedtls/mbedtls/library/CMakeFiles/mbedcrypto.dir/home/tikhon/Документы/magnolia/esp-idf/components/mbedtls/port/aes/dma/esp_aes_dma_core.c.obj'
[822/1051] Linking CXX static library esp-idf/mbedtls/mbedtls/library/libmbedx509.a
[996/1051] Building C object esp-idf/usb/CMakeFiles/__idf_usb.dir/usb_private.c.obj
Executing action: reconfigure
Running cmake in directory /home/tikhon/Документы/magnolia/applets/rust/rxxd/build
Executing "cmake -G Ninja -DPYTHON_DEPS_CHECKED=1 -DPYTHON=/home/tikhon/.espressif/python_env/idf6.0_py3.12_env/bin/python -DESP_PLATFORM=1 -DCCACHE_ENABLE=0 /home/tikhon/Документы/magnolia/applets/rust/rxxd"...
-- Found Git: /usr/bin/git (found version "2.43.0") 
[823/1051] Building C object 'esp-idf/mbedtls/mbedtls/library/CMakeFiles/mbedcrypto.dir/home/tikhon/Документы/magnolia/esp-idf/components/mbedtls/port/aes/dma/esp_aes.c.obj'
[80/1046] Building C object esp-idf/esp_driver_mcpwm/CMakeFiles/__idf_esp_driver_mcpwm.dir/src/mcpwm_fault.c.obj
[997/1051] Building C object esp-idf/usb/CMakeFiles/__idf_usb.dir/enum.c.obj
[81/1046] Building ASM object esp-idf/esp_gdbstub/CMakeFiles/__idf_esp_gdbstub.dir/src/port/xtensa/xt_debugexception.S.obj
[824/1051] Building C object 'esp-idf/mbedtls/mbedtls/library/CMakeFiles/mbedcrypto.dir/home/tikhon/Документы/magnolia/esp-idf/components/mbedtls/port/esp_ds/esp_rsa_sign_alt.c.obj'
[82/1046] Building C object esp-idf/esp_gdbstub/CMakeFiles/__idf_esp_gdbstub.dir/src/gdbstub_transport.c.obj
[998/1051] Building C object esp-idf/touch_element/CMakeFiles/__idf_touch_element.dir/touch_matrix.c.obj
[83/1046] Building C object esp-idf/esp_driver_ledc/CMakeFiles/__idf_esp_driver_ledc.dir/src/ledc.c.obj
[825/1051] Building C object esp-idf/mbedtls/mbedtls/3rdparty/p256-m/CMakeFiles/p256m.dir/p256-m_driver_entrypoints.c.obj
[826/1051] Building C object 'esp-idf/mbedtls/mbedtls/library/CMakeFiles/mbedcrypto.dir/home/tikhon/Документы/magnolia/esp-idf/components/mbedtls/port/bignum/esp_bignum.c.obj'
[84/1046] Building C object esp-idf/esp_gdbstub/CMakeFiles/__idf_esp_gdbstub.dir/src/gdbstub.c.obj
Executing action: reconfigure
Running cmake in directory /home/tikhon/Документы/magnolia/applets/rust/rusthello/build
Executing "cmake -G Ninja -DPYTHON_DEPS_CHECKED=1 -DPYTHON=/home/tikhon/.espressif/python_env/idf6.0_py3.12_env/bin/python -DESP_PLATFORM=1 -DCCACHE_ENABLE=0 /home/tikhon/Документы/magnolia/applets/rust/rusthello"...
-- Found Git: /usr/bin/git (found version "2.43.0") 
[85/1046] Building C object esp-idf/esp_driver_i2s/CMakeFiles/__idf_esp_driver_i2s.dir/i2s_std.c.obj
[999/1051] Building C object esp-idf/touch_element/CMakeFiles/__idf_touch_element.dir/touch_button.c.obj
[86/1046] Building C object esp-idf/esp_driver_i2s/CMakeFiles/__idf_esp_driver_i2s.dir/i2s_pdm.c.obj
[1000/1051] Building C object esp-idf/fatfs/CMakeFiles/__idf_fatfs.dir/vfs/vfs_fat.c.obj
[1001/1051] Building C object esp-idf/usb/CMakeFiles/__idf_usb.dir/usb_helpers.c.obj
[87/1046] Building C object esp-idf/esp_wifi/CMakeFiles/__idf_esp_wifi.dir/src/lib_printf.c.obj
Applet goxxd OK -> /home/tikhon/Документы/magnolia/rootfs/bin/goxxd
[1002/1051] Building C object esp-idf/wifi_provisioning/CMakeFiles/__idf_wifi_provisioning.dir/src/wifi_ctrl.c.obj
[88/1046] Building C object esp-idf/esp_gdbstub/CMakeFiles/__idf_esp_gdbstub.dir/src/packet.c.obj
[89/1046] Building C object esp-idf/esp_gdbstub/CMakeFiles/__idf_esp_gdbstub.dir/src/port/xtensa/gdbstub_xtensa.c.obj
[1003/1051] Building C object esp-idf/esp_lcd/CMakeFiles/__idf_esp_lcd.dir/rgb/esp_lcd_panel_rgb.c.obj
[1004/1051] Building C object esp-idf/wifi_provisioning/CMakeFiles/__idf_wifi_provisioning.dir/src/wifi_config.c.obj
[90/1046] Building C object esp-idf/esp_driver_mcpwm/CMakeFiles/__idf_esp_driver_mcpwm.dir/src/mcpwm_sync.c.obj
[91/1046] Building C object esp-idf/esp_wifi/CMakeFiles/__idf_esp_wifi.dir/src/smartconfig.c.obj
[1005/1051] Building C object esp-idf/wifi_provisioning/CMakeFiles/__idf_wifi_provisioning.dir/src/handlers.c.obj
[92/1046] Building C object esp-idf/esp_wifi/CMakeFiles/__idf_esp_wifi.dir/src/mesh_event.c.obj
[1006/1051] Building C object esp-idf/wifi_provisioning/CMakeFiles/__idf_wifi_provisioning.dir/src/wifi_scan.c.obj
[1007/1051] Building C object esp-idf/wifi_provisioning/CMakeFiles/__idf_wifi_provisioning.dir/proto-c/wifi_config.pb-c.c.obj
[93/1046] Building C object esp-idf/esp_driver_mcpwm/CMakeFiles/__idf_esp_driver_mcpwm.dir/src/mcpwm_cap.c.obj
[94/1046] Building C object esp-idf/driver/CMakeFiles/__idf_driver.dir/deprecated/rmt_legacy.c.obj
[1008/1051] Building C object esp-idf/spiffs/CMakeFiles/__idf_spiffs.dir/esp_spiffs.c.obj
[95/1046] Building C object esp-idf/esp_driver_mcpwm/CMakeFiles/__idf_esp_driver_mcpwm.dir/src/mcpwm_gen.c.obj
[1009/1051] Building C object esp-idf/usb/CMakeFiles/__idf_usb.dir/hub.c.obj
[96/1046] Building C object esp-idf/esp_wifi/CMakeFiles/__idf_esp_wifi.dir/src/wifi_default_ap.c.obj
[1010/1051] Building C object esp-idf/touch_element/CMakeFiles/__idf_touch_element.dir/touch_slider.c.obj
[97/1046] Building C object esp-idf/esp_driver_spi/CMakeFiles/__idf_esp_driver_spi.dir/src/gpspi/spi_master.c.obj
Command failed (2): idf.py elf
Elf target failed for gohello; running `idf.py build` instead.
+ idf.py build
[98/1046] Building C object esp-idf/esp_coex/CMakeFiles/__idf_esp_coex.dir/src/coexist_debug_diagram.c.obj
[1011/1051] Building C object esp-idf/wifi_provisioning/CMakeFiles/__idf_wifi_provisioning.dir/proto-c/wifi_ctrl.pb-c.c.obj
[99/1046] Building C object esp-idf/esp_wifi/CMakeFiles/__idf_esp_wifi.dir/regulatory/esp_wifi_regulatory.c.obj
[1012/1051] Building C object esp-idf/usb/CMakeFiles/__idf_usb.dir/usbh.c.obj
[100/1046] Linking C static library esp-idf/driver/libdriver.a
-- Minimal build - OFF
[101/1046] Building C object esp-idf/esp_wifi/CMakeFiles/__idf_esp_wifi.dir/src/wifi_init.c.obj
[1013/1051] Building C object esp-idf/wifi_provisioning/CMakeFiles/__idf_wifi_provisioning.dir/proto-c/wifi_constants.pb-c.c.obj
[102/1046] Building C object esp-idf/esp_driver_mcpwm/CMakeFiles/__idf_esp_driver_mcpwm.dir/src/mcpwm_oper.c.obj
[1014/1051] Building C object esp-idf/espressif__elf_loader/CMakeFiles/__idf_espressif__elf_loader.dir/src/esp_elf_adapter.c.obj
[1015/1051] Linking C static library esp-idf/app_trace/libapp_trace.a
[103/1046] Building C object esp-idf/esp_wifi/CMakeFiles/__idf_esp_wifi.dir/src/wifi_default.c.obj
[1016/1051] Linking C static library esp-idf/cmock/libcmock.a
[104/1046] Linking C static library esp-idf/esp_driver_twai/libesp_driver_twai.a
[1017/1051] Building C object esp-idf/wifi_provisioning/CMakeFiles/__idf_wifi_provisioning.dir/proto-c/wifi_scan.pb-c.c.obj
[1018/1051] Linking C static library esp-idf/esp_driver_cam/libesp_driver_cam.a
[1019/1051] Building C object esp-idf/espressif__elf_loader/CMakeFiles/__idf_espressif__elf_loader.dir/src/esp_elf_symbol.c.obj
[105/1046] Building C object esp-idf/esp_driver_pcnt/CMakeFiles/__idf_esp_driver_pcnt.dir/src/pulse_cnt.c.obj
[1020/1051] Linking C static library esp-idf/esp_driver_touch_sens/libesp_driver_touch_sens.a
[1021/1051] Linking C static library esp-idf/esp_eth/libesp_eth.a
[1022/1051] Linking C static library esp-idf/esp_hid/libesp_hid.a
[1023/1051] Building C object esp-idf/espressif__elf_loader/CMakeFiles/__idf_espressif__elf_loader.dir/src/arch/esp_elf_xtensa.c.obj
[106/1046] Building C object esp-idf/esp_wifi/CMakeFiles/__idf_esp_wifi.dir/src/wifi_netif.c.obj
[107/1046] Linking C static library esp-idf/esp_driver_ledc/libesp_driver_ledc.a
[1024/1051] Building C object esp-idf/wifi_provisioning/CMakeFiles/__idf_wifi_provisioning.dir/src/scheme_console.c.obj
[108/1046] Building C object esp-idf/esp_wifi/CMakeFiles/__idf_esp_wifi.dir/esp32s3/esp_adapter.c.obj
[109/1046] Building C object esp-idf/esp_driver_mcpwm/CMakeFiles/__idf_esp_driver_mcpwm.dir/src/mcpwm_timer.c.obj
-- The C compiler identification is GNU 15.1.0
[110/1046] Building C object esp-idf/esp_driver_i2s/CMakeFiles/__idf_esp_driver_i2s.dir/i2s_common.c.obj
[1025/1051] Linking C static library esp-idf/esp_local_ctrl/libesp_local_ctrl.a
[1026/1051] Linking C static library esp-idf/nvs_sec_provider/libnvs_sec_provider.a
[111/1046] Building C object esp-idf/esp_coex/CMakeFiles/__idf_esp_coex.dir/src/coexist_debug.c.obj
[1027/1051] Linking C static library esp-idf/perfmon/libperfmon.a
[1028/1051] Building ASM object 'esp-idf/main/CMakeFiles/__idf_main.dir/home/tikhon/Документы/magnolia/sdk/tinygo/runtime/tinygo_symbols.S.obj'
[1029/1051] Linking C static library esp-idf/espcoredump/libespcoredump.a
[1030/1051] Linking C static library esp-idf/rt/librt.a
Executing action: reconfigure
Running cmake in directory /home/tikhon/Документы/magnolia/applets/zig/zigdemo/build
Executing "cmake -G Ninja -DPYTHON_DEPS_CHECKED=1 -DPYTHON=/home/tikhon/.espressif/python_env/idf6.0_py3.12_env/bin/python -DESP_PLATFORM=1 -DCCACHE_ENABLE=0 /home/tikhon/Документы/magnolia/applets/zig/zigdemo"...
-- Found Git: /usr/bin/git (found version "2.43.0") 
[112/1046] Building C object esp-idf/esp_driver_spi/CMakeFiles/__idf_esp_driver_spi.dir/src/gpspi/spi_slave.c.obj
[113/1046] Building C object esp-idf/esp_wifi/CMakeFiles/__idf_esp_wifi.dir/src/smartconfig_ack.c.obj
[1031/1051] Building C object esp-idf/wifi_provisioning/CMakeFiles/__idf_wifi_provisioning.dir/src/scheme_softap.c.obj
[114/1046] Linking C static library esp-idf/esp_driver_i2c/libesp_driver_i2c.a
[1032/1051] Linking C static library esp-idf/esp_lcd/libesp_lcd.a
[115/1046] Building C object esp-idf/esp_coex/CMakeFiles/__idf_esp_coex.dir/esp32s3/esp_coex_adapter.c.obj
[1033/1051] Building C object esp-idf/spiffs/CMakeFiles/__idf_spiffs.dir/spiffs/src/spiffs_hydrogen.c.obj
[116/1046] Building C object esp-idf/esp_driver_spi/CMakeFiles/__idf_esp_driver_spi.dir/src/gpspi/spi_slave_hd.c.obj
[117/1046] Linking C static library esp-idf/esp_driver_sdm/libesp_driver_sdm.a
-- The CXX compiler identification is GNU 15.1.0
[118/1046] Building C object esp-idf/wpa_supplicant/CMakeFiles/__idf_wpa_supplicant.dir/port/eloop.c.obj
[119/1046] Building C object esp-idf/wpa_supplicant/CMakeFiles/__idf_wpa_supplicant.dir/src/ap/ieee802_1x.c.obj
[1034/1051] Building C object esp-idf/espressif__elf_loader/CMakeFiles/__idf_espressif__elf_loader.dir/src/esp_elf.c.obj
Executing action: elf
Running ninja in directory /home/tikhon/Документы/magnolia/applets/zig/zhexdump/build
Executing "ninja elf"...
[0/2] Re-checking globbed directories...
[120/1046] Linking C static library esp-idf/esp_driver_tsens/libesp_driver_tsens.a
[1035/1051] Building C object esp-idf/usb/CMakeFiles/__idf_usb.dir/hcd_dwc.c.obj
[121/1046] Building C object esp-idf/wpa_supplicant/CMakeFiles/__idf_wpa_supplicant.dir/src/ap/ap_config.c.obj
-- The ASM compiler identification is GNU
-- Found assembler: /home/tikhon/.espressif/tools/xtensa-esp-elf/esp-15.1.0_20250607/xtensa-esp-elf/bin/xtensa-esp32s3-elf-gcc
[1036/1051] Linking C static library esp-idf/espressif__elf_loader/libespressif__elf_loader.a
Executing action: reconfigure
Running cmake in directory /home/tikhon/Документы/magnolia/applets/zig/zighello/build
Executing "cmake -G Ninja -DPYTHON_DEPS_CHECKED=1 -DPYTHON=/home/tikhon/.espressif/python_env/idf6.0_py3.12_env/bin/python -DESP_PLATFORM=1 -DCCACHE_ENABLE=0 /home/tikhon/Документы/magnolia/applets/zig/zighello"...
-- Found Git: /usr/bin/git (found version "2.43.0") 
[122/1046] Building C object esp-idf/wpa_supplicant/CMakeFiles/__idf_wpa_supplicant.dir/src/utils/bitfield.c.obj
[123/1046] Linking C static library esp-idf/esp_driver_rmt/libesp_driver_rmt.a
-- Detecting C compiler ABI info
[1037/1051] Building C object esp-idf/touch_element/CMakeFiles/__idf_touch_element.dir/touch_element.c.obj
[124/1046] Building C object esp-idf/wpa_supplicant/CMakeFiles/__idf_wpa_supplicant.dir/src/ap/wpa_auth_ie.c.obj
[1038/1051] Linking C static library esp-idf/touch_element/libtouch_element.a
[125/1046] Linking C static library esp-idf/esp_driver_sdspi/libesp_driver_sdspi.a
[126/1046] Building C object esp-idf/wpa_supplicant/CMakeFiles/__idf_wpa_supplicant.dir/port/os_xtensa.c.obj
[127/1046] Building C object esp-idf/wpa_supplicant/CMakeFiles/__idf_wpa_supplicant.dir/src/ap/pmksa_cache_auth.c.obj
[827/1051] Building C object esp-idf/mbedtls/mbedtls/library/CMakeFiles/mbedcrypto.dir/rsa.c.obj
[1039/1051] Building C object esp-idf/usb/CMakeFiles/__idf_usb.dir/usb_host.c.obj
[128/1046] Linking C static library esp-idf/esp_driver_sdmmc/libesp_driver_sdmmc.a
[129/1046] Building C object esp-idf/wpa_supplicant/CMakeFiles/__idf_wpa_supplicant.dir/src/crypto/sha256-kdf.c.obj
[130/1046] Building C object esp-idf/esp_driver_spi/CMakeFiles/__idf_esp_driver_spi.dir/src/gpspi/spi_common.c.obj
[1040/1051] Building C object esp-idf/wifi_provisioning/CMakeFiles/__idf_wifi_provisioning.dir/src/manager.c.obj
[131/1046] Linking C static library esp-idf/esp_driver_sd_intf/libesp_driver_sd_intf.a
[132/1046] Building C object esp-idf/wpa_supplicant/CMakeFiles/__idf_wpa_supplicant.dir/src/crypto/ccmp.c.obj
[133/1046] Building C object esp-idf/wpa_supplicant/CMakeFiles/__idf_wpa_supplicant.dir/src/crypto/aes-gcm.c.obj
[1041/1051] Building C object esp-idf/fatfs/CMakeFiles/__idf_fatfs.dir/src/ff.c.obj
-- Detecting C compiler ABI info - done
[134/1046] Building C object esp-idf/wpa_supplicant/CMakeFiles/__idf_wpa_supplicant.dir/src/crypto/aes-siv.c.obj
[1042/1051] Linking C static library esp-idf/usb/libusb.a
-- Check for working C compiler: /home/tikhon/.espressif/tools/xtensa-esp-elf/esp-15.1.0_20250607/xtensa-esp-elf/bin/xtensa-esp32s3-elf-gcc - skipped
-- Detecting C compile features
[135/1046] Building C object esp-idf/wpa_supplicant/CMakeFiles/__idf_wpa_supplicant.dir/src/crypto/crypto_ops.c.obj
-- Detecting C compile features - done
[136/1046] Building C object esp-idf/wpa_supplicant/CMakeFiles/__idf_wpa_supplicant.dir/src/ap/comeback_token.c.obj
[137/1046] Building C object esp-idf/wpa_supplicant/CMakeFiles/__idf_wpa_supplicant.dir/src/ap/sta_info.c.obj
[1043/1051] Linking C static library esp-idf/wifi_provisioning/libwifi_provisioning.a
[1/225] Linking CXX static library esp-idf/mbedtls/mbedtls/library/libmbedcrypto.a
[138/1046] Building C object esp-idf/wpa_supplicant/CMakeFiles/__idf_wpa_supplicant.dir/src/ap/ieee802_11.c.obj
-- Detecting CXX compiler ABI info
[139/1046] Linking C static library esp-idf/sdmmc/libsdmmc.a
[1044/1051] Linking C static library esp-idf/fatfs/libfatfs.a
[140/1046] Building C object esp-idf/wpa_supplicant/CMakeFiles/__idf_wpa_supplicant.dir/src/common/dragonfly.c.obj
[2/225] Linking CXX static library esp-idf/mbedtls/mbedtls/3rdparty/p256-m/libp256m.a
[141/1046] Building C object esp-idf/wpa_supplicant/CMakeFiles/__idf_wpa_supplicant.dir/src/crypto/sha256-tlsprf.c.obj
[3/225] Linking CXX static library esp-idf/mbedtls/mbedtls/3rdparty/everest/libeverest.a
[142/1046] Building C object esp-idf/wpa_supplicant/CMakeFiles/__idf_wpa_supplicant.dir/src/crypto/sha1-tlsprf.c.obj
[143/1046] Linking C static library esp-idf/esp_driver_i2s/libesp_driver_i2s.a
[144/1046] Building C object esp-idf/wpa_supplicant/CMakeFiles/__idf_wpa_supplicant.dir/src/crypto/md4-internal.c.obj
[145/1046] Building C object esp-idf/wpa_supplicant/CMakeFiles/__idf_wpa_supplicant.dir/src/crypto/sha384-prf.c.obj
[146/1046] Building C object esp-idf/wpa_supplicant/CMakeFiles/__idf_wpa_supplicant.dir/src/crypto/sha1-tprf.c.obj
[147/1046] Building C object esp-idf/wpa_supplicant/CMakeFiles/__idf_wpa_supplicant.dir/src/crypto/sha1-prf.c.obj
[148/1046] Building C object esp-idf/wpa_supplicant/CMakeFiles/__idf_wpa_supplicant.dir/src/crypto/dh_group5.c.obj
[149/1046] Building C object esp-idf/wpa_supplicant/CMakeFiles/__idf_wpa_supplicant.dir/src/eap_common/eap_wsc_common.c.obj
[150/1046] Linking C static library esp-idf/esp_driver_mcpwm/libesp_driver_mcpwm.a
[151/1046] Building C object esp-idf/wpa_supplicant/CMakeFiles/__idf_wpa_supplicant.dir/src/crypto/dh_groups.c.obj
[152/1046] Building C object esp-idf/wpa_supplicant/CMakeFiles/__idf_wpa_supplicant.dir/src/crypto/sha384-tlsprf.c.obj
-- Detecting CXX compiler ABI info - done
[1045/1051] Building C object esp-idf/mqtt/CMakeFiles/__idf_mqtt.dir/esp-mqtt/mqtt_client.c.obj
-- Check for working CXX compiler: /home/tikhon/.espressif/tools/xtensa-esp-elf/esp-15.1.0_20250607/xtensa-esp-elf/bin/xtensa-esp32s3-elf-g++ - skipped
-- Detecting CXX compile features
-- Detecting CXX compile features - done
[153/1046] Building C object esp-idf/wpa_supplicant/CMakeFiles/__idf_wpa_supplicant.dir/src/eap_peer/chap.c.obj
[154/1046] Linking C static library esp-idf/esp_driver_pcnt/libesp_driver_pcnt.a
[155/1046] Building C object esp-idf/wpa_supplicant/CMakeFiles/__idf_wpa_supplicant.dir/src/common/wpa_common.c.obj
[1046/1051] Building C object esp-idf/spiffs/CMakeFiles/__idf_spiffs.dir/spiffs/src/spiffs_nucleus.c.obj
[4/225] Generating x509_crt_bundle
[1047/1051] Linking C static library esp-idf/mqtt/libmqtt.a
[156/1046] Building C object esp-idf/wpa_supplicant/CMakeFiles/__idf_wpa_supplicant.dir/src/crypto/sha256-prf.c.obj
[828/1051] Building C object esp-idf/mbedtls/mbedtls/library/CMakeFiles/mbedcrypto.dir/psa_crypto.c.obj
-- Building ESP-IDF components for target esp32s3
[157/1046] Linking C static library esp-idf/esp_gdbstub/libesp_gdbstub.a
[158/1046] Building C object esp-idf/wpa_supplicant/CMakeFiles/__idf_wpa_supplicant.dir/src/eap_peer/eap_common.c.obj
[159/1046] Building C object esp-idf/wpa_supplicant/CMakeFiles/__idf_wpa_supplicant.dir/src/common/ieee802_11_common.c.obj
Executing action: elf
Running ninja in directory /home/tikhon/Документы/magnolia/applets/zig/zdd/build
Executing "ninja elf"...
[0/2] Re-checking globbed directories...
[1/7] Linking C static library esp-idf/wifi_provisioning/libwifi_provisioning.a
[160/1046] Building C object esp-idf/wpa_supplicant/CMakeFiles/__idf_wpa_supplicant.dir/src/eap_peer/eap_peap_common.c.obj
[1048/1051] Linking C static library esp-idf/spiffs/libspiffs.a
[161/1046] Building C object esp-idf/wpa_supplicant/CMakeFiles/__idf_wpa_supplicant.dir/src/eap_peer/mschapv2.c.obj
[162/1046] Building C object esp-idf/wpa_supplicant/CMakeFiles/__idf_wpa_supplicant.dir/src/crypto/ms_funcs.c.obj
[163/1046] Linking C static library esp-idf/esp_driver_spi/libesp_driver_spi.a
[164/1046] Building C object esp-idf/wpa_supplicant/CMakeFiles/__idf_wpa_supplicant.dir/src/eap_peer/eap_tls.c.obj
[165/1046] Building C object esp-idf/wpa_supplicant/CMakeFiles/__idf_wpa_supplicant.dir/src/eap_peer/eap_tls_common.c.obj
[1049/1051] Linking C static library esp-idf/main/libmain.a
[166/1046] Building C object esp-idf/wpa_supplicant/CMakeFiles/__idf_wpa_supplicant.dir/src/ap/wpa_auth.c.obj
[1050/1051] Build ELF: true.app.elf
[167/1046] Linking C static library esp-idf/esp_wifi/libesp_wifi.a
[168/1046] Building C object esp-idf/wpa_supplicant/CMakeFiles/__idf_wpa_supplicant.dir/src/common/sae.c.obj
[829/1051] Linking CXX static library esp-idf/mbedtls/mbedtls/library/libmbedcrypto.a
[169/1046] Building C object esp-idf/wpa_supplicant/CMakeFiles/__idf_wpa_supplicant.dir/src/eap_peer/eap_mschapv2.c.obj
[830/1051] Linking CXX static library esp-idf/mbedtls/mbedtls/3rdparty/p256-m/libp256m.a
[170/1046] Building C object esp-idf/wpa_supplicant/CMakeFiles/__idf_wpa_supplicant.dir/src/rsn_supp/pmksa_cache.c.obj
[831/1051] Linking CXX static library esp-idf/mbedtls/mbedtls/3rdparty/everest/libeverest.a
[171/1046] Building C object esp-idf/wpa_supplicant/CMakeFiles/__idf_wpa_supplicant.dir/src/utils/wpabuf.c.obj
[172/1046] Building C object esp-idf/wpa_supplicant/CMakeFiles/__idf_wpa_supplicant.dir/src/eap_peer/eap_fast_pac.c.obj
[173/1046] Building C object esp-idf/wpa_supplicant/CMakeFiles/__idf_wpa_supplicant.dir/src/eap_peer/eap_fast_common.c.obj
[174/1046] Building C object esp-idf/wpa_supplicant/CMakeFiles/__idf_wpa_supplicant.dir/src/utils/base64.c.obj
[175/1046] Building C object esp-idf/wpa_supplicant/CMakeFiles/__idf_wpa_supplicant.dir/src/eap_peer/eap.c.obj
[5/225] Generating ../../x509_crt_bundle.S
[176/1046] Building C object esp-idf/wpa_supplicant/CMakeFiles/__idf_wpa_supplicant.dir/src/utils/ext_password.c.obj
[177/1046] Building C object esp-idf/wpa_supplicant/CMakeFiles/__idf_wpa_supplicant.dir/src/utils/uuid.c.obj
[6/225] Zig build-obj: hexdump -> /home/tikhon/Документы/magnolia/applets/zig/zhexdump/build/esp-idf/main/hexdump.zig.o
FAILED: esp-idf/main/hexdump.zig.o /home/tikhon/Документы/magnolia/applets/zig/zhexdump/build/esp-idf/main/hexdump.zig.o 
cd /home/tikhon/Документы/magnolia/applets/zig/zhexdump/build/esp-idf/main && python3 /home/tikhon/Документы/magnolia/tools/zig_xtensa_toolchain.py --install-dir /home/tikhon/Документы/magnolia/build/toolchains/zig-xtensa && /home/tikhon/Документы/magnolia/build/toolchains/zig-xtensa/zig build-obj -target xtensa-freestanding-none -mcpu esp32s3 -OReleaseSmall --dep magnolia -Mroot=/home/tikhon/Документы/magnolia/applets/zig/zhexdump/main/hexdump.zig -Mmagnolia=/home/tikhon/Документы/magnolia/sdk/zig/magnolia.zig -femit-bin=/home/tikhon/Документы/magnolia/applets/zig/zhexdump/build/esp-idf/main/hexdump.zig.o && /home/tikhon/.espressif/tools/xtensa-esp-elf/esp-15.1.0_20250607/xtensa-esp-elf/bin/xtensa-esp32s3-elf-objcopy --set-section-flags .literal=alloc,load,contents,data /home/tikhon/Документы/magnolia/applets/zig/zhexdump/build/esp-idf/main/hexdump.zig.o && /home/tikhon/.espressif/tools/xtensa-esp-elf/esp-15.1.0_20250607/xtensa-esp-elf/bin/xtensa-esp32s3-elf-objcopy --set-section-flags .rodata=alloc,load,contents,data /home/tikhon/Документы/magnolia/applets/zig/zhexdump/build/esp-idf/main/hexdump.zig.o
0.14.0-dev.xtensa.2486+941677e08
/home/tikhon/Документы/magnolia/applets/zig/zhexdump/main/hexdump.zig:121:11: error: invalid escape character: 'b'
/home/tikhon/Документы/magnolia/applets/zig/zhexdump/main/hexdump.zig:208:39: error: @intCast must have a known result type
/home/tikhon/Документы/magnolia/applets/zig/zhexdump/main/hexdump.zig:208:39: note: use @as to provide explicit result type
/home/tikhon/Документы/magnolia/applets/zig/zhexdump/main/hexdump.zig:361:31: error: root source file struct 'std' has no member named 'cstr'
/home/tikhon/Документы/magnolia/build/toolchains/zig-xtensa/zig-relsafe-espressif-x86_64-linux-musl-baseline/lib/std/std.zig:1:1: note: struct declared here
/home/tikhon/Документы/magnolia/build/toolchains/zig-xtensa/zig-relsafe-espressif-x86_64-linux-musl-baseline/lib/std/posix.zig:68:21: error: struct 'posix.system__struct_1222' has no member named 'E'
/home/tikhon/Документы/magnolia/build/toolchains/zig-xtensa/zig-relsafe-espressif-x86_64-linux-musl-baseline/lib/std/posix.zig:48:13: note: struct declared here
/home/tikhon/Документы/magnolia/build/toolchains/zig-xtensa/zig-relsafe-espressif-x86_64-linux-musl-baseline/lib/std/posix.zig:4734:18: error: struct 'posix.system__struct_1222' has no member named 'MAP'
/home/tikhon/Документы/magnolia/build/toolchains/zig-xtensa/zig-relsafe-espressif-x86_64-linux-musl-baseline/lib/std/posix.zig:48:13: note: struct declared here
[178/1046] Building C object esp-idf/wpa_supplicant/CMakeFiles/__idf_wpa_supplicant.dir/src/wps/wps_attr_process.c.obj
[7/225] Building ASM object esp-idf/mbedtls/CMakeFiles/__idf_mbedtls.dir/__/__/x509_crt_bundle.S.obj
Executing action: elf
Running ninja in directory /home/tikhon/Документы/magnolia/applets/zig/zxxd/build
Executing "ninja elf"...
[0/2] Re-checking globbed directories...
[179/1046] Building C object esp-idf/wpa_supplicant/CMakeFiles/__idf_wpa_supplicant.dir/src/utils/wpa_debug.c.obj
[8/225] Building C object esp-idf/esp_security/CMakeFiles/__idf_esp_security.dir/src/esp_crypto_lock.c.obj
[180/1046] Building C object esp-idf/wpa_supplicant/CMakeFiles/__idf_wpa_supplicant.dir/src/rsn_supp/wpa_ie.c.obj
[181/1046] Building C object esp-idf/wpa_supplicant/CMakeFiles/__idf_wpa_supplicant.dir/src/eap_peer/eap_ttls.c.obj
[9/225] Building C object esp-idf/efuse/CMakeFiles/__idf_efuse.dir/esp32s3/esp_efuse_table.c.obj
[182/1046] Building C object esp-idf/wpa_supplicant/CMakeFiles/__idf_wpa_supplicant.dir/src/eap_peer/eap_peap.c.obj
[183/1046] Building C object esp-idf/wpa_supplicant/CMakeFiles/__idf_wpa_supplicant.dir/src/utils/json.c.obj
[184/1046] Building C object esp-idf/wpa_supplicant/CMakeFiles/__idf_wpa_supplicant.dir/src/wps/wps.c.obj
[10/225] Building C object esp-idf/esp_pm/CMakeFiles/__idf_esp_pm.dir/pm_trace.c.obj
[11/225] Building C object esp-idf/esp_driver_gpio/CMakeFiles/__idf_esp_driver_gpio.dir/src/gpio_glitch_filter_ops.c.obj
[185/1046] Building C object esp-idf/wpa_supplicant/CMakeFiles/__idf_wpa_supplicant.dir/src/wps/wps_attr_parse.c.obj
[186/1046] Building C object esp-idf/wpa_supplicant/CMakeFiles/__idf_wpa_supplicant.dir/esp_supplicant/src/esp_wpa2_api_port.c.obj
[12/225] Building C object esp-idf/esp_security/CMakeFiles/__idf_esp_security.dir/src/init.c.obj
[13/225] Building C object esp-idf/esp_pm/CMakeFiles/__idf_esp_pm.dir/pm_locks.c.obj
[14/225] Building C object esp-idf/efuse/CMakeFiles/__idf_efuse.dir/esp32s3/esp_efuse_fields.c.obj
[187/1046] Building C object esp-idf/wpa_supplicant/CMakeFiles/__idf_wpa_supplicant.dir/src/wps/wps_dev_attr.c.obj
[188/1046] Building C object esp-idf/wpa_supplicant/CMakeFiles/__idf_wpa_supplicant.dir/src/wps/wps_common.c.obj
Applet true OK -> /home/tikhon/Документы/magnolia/rootfs/bin/gotrue
[15/225] Building C object esp-idf/esp_driver_gpio/CMakeFiles/__idf_esp_driver_gpio.dir/src/gpio_pin_glitch_filter.c.obj
[16/225] Building C object esp-idf/esp_security/CMakeFiles/__idf_esp_security.dir/src/esp_hmac.c.obj
[17/225] Building C object esp-idf/esp_security/CMakeFiles/__idf_esp_security.dir/src/esp_crypto_periph_clk.c.obj
[18/225] Building C object esp-idf/mbedtls/CMakeFiles/__idf_mbedtls.dir/esp_crt_bundle/esp_crt_bundle.c.obj
Executing action: reconfigure
Running cmake in directory /home/tikhon/Документы/magnolia/applets/zig/zigtest/build
Executing "cmake -G Ninja -DPYTHON_DEPS_CHECKED=1 -DPYTHON=/home/tikhon/.espressif/python_env/idf6.0_py3.12_env/bin/python -DESP_PLATFORM=1 -DCCACHE_ENABLE=0 /home/tikhon/Документы/magnolia/applets/zig/zigtest"...
-- Found Git: /usr/bin/git (found version "2.43.0") 
[189/1046] Building C object esp-idf/wpa_supplicant/CMakeFiles/__idf_wpa_supplicant.dir/esp_supplicant/src/esp_owe.c.obj
[832/1051] Generating x509_crt_bundle
[190/1046] Building C object esp-idf/wpa_supplicant/CMakeFiles/__idf_wpa_supplicant.dir/src/utils/common.c.obj
[19/225] Building C object esp-idf/esp_driver_gpio/CMakeFiles/__idf_esp_driver_gpio.dir/src/rtc_io.c.obj
[191/1046] Building C object esp-idf/wpa_supplicant/CMakeFiles/__idf_wpa_supplicant.dir/src/wps/wps_attr_build.c.obj
[192/1046] Building C object esp-idf/wpa_supplicant/CMakeFiles/__idf_wpa_supplicant.dir/esp_supplicant/src/esp_wpas_glue.c.obj
[20/225] Building C object esp-idf/esp_security/CMakeFiles/__idf_esp_security.dir/src/esp_ds.c.obj
[193/1046] Building C object esp-idf/wpa_supplicant/CMakeFiles/__idf_wpa_supplicant.dir/src/eap_peer/eap_fast.c.obj
[194/1046] Building C object esp-idf/wpa_supplicant/CMakeFiles/__idf_wpa_supplicant.dir/src/common/sae_pk.c.obj
[195/1046] Building C object esp-idf/wpa_supplicant/CMakeFiles/__idf_wpa_supplicant.dir/esp_supplicant/src/esp_wpa3.c.obj
[196/1046] Building C object esp-idf/wpa_supplicant/CMakeFiles/__idf_wpa_supplicant.dir/esp_supplicant/src/esp_hostap.c.obj
[197/1046] Building C object esp-idf/wpa_supplicant/CMakeFiles/__idf_wpa_supplicant.dir/esp_supplicant/src/esp_common.c.obj
-- Minimal build - OFF
[21/225] Building C object esp-idf/esp_driver_gpio/CMakeFiles/__idf_esp_driver_gpio.dir/src/gpio.c.obj
[22/225] Building C object esp-idf/esp_pm/CMakeFiles/__idf_esp_pm.dir/pm_impl.c.obj
[833/1051] Generating ../../x509_crt_bundle.S
[198/1046] Building C object esp-idf/wpa_supplicant/CMakeFiles/__idf_wpa_supplicant.dir/esp_supplicant/src/crypto/fastpsk.c.obj
-- Minimal build - OFF
[2/7] Zig build-obj: dd -> /home/tikhon/Документы/magnolia/applets/zig/zdd/build/esp-idf/main/dd.zig.o
FAILED: esp-idf/main/dd.zig.o /home/tikhon/Документы/magnolia/applets/zig/zdd/build/esp-idf/main/dd.zig.o 
cd /home/tikhon/Документы/magnolia/applets/zig/zdd/build/esp-idf/main && python3 /home/tikhon/Документы/magnolia/tools/zig_xtensa_toolchain.py --install-dir /home/tikhon/Документы/magnolia/build/toolchains/zig-xtensa && /home/tikhon/Документы/magnolia/build/toolchains/zig-xtensa/zig build-obj -target xtensa-freestanding-none -mcpu esp32s3 -OReleaseSmall --dep magnolia -Mroot=/home/tikhon/Документы/magnolia/applets/zig/zdd/main/dd.zig -Mmagnolia=/home/tikhon/Документы/magnolia/sdk/zig/magnolia.zig -femit-bin=/home/tikhon/Документы/magnolia/applets/zig/zdd/build/esp-idf/main/dd.zig.o && /home/tikhon/.espressif/tools/xtensa-esp-elf/esp-15.1.0_20250607/xtensa-esp-elf/bin/xtensa-esp32s3-elf-objcopy --set-section-flags .literal=alloc,load,contents,data /home/tikhon/Документы/magnolia/applets/zig/zdd/build/esp-idf/main/dd.zig.o && /home/tikhon/.espressif/tools/xtensa-esp-elf/esp-15.1.0_20250607/xtensa-esp-elf/bin/xtensa-esp32s3-elf-objcopy --set-section-flags .rodata=alloc,load,contents,data /home/tikhon/Документы/magnolia/applets/zig/zdd/build/esp-idf/main/dd.zig.o
0.14.0-dev.xtensa.2486+941677e08
/home/tikhon/Документы/magnolia/build/toolchains/zig-xtensa/zig-relsafe-espressif-x86_64-linux-musl-baseline/lib/std/c.zig:9386:12: error: dependency on libc must be explicitly specified in the build command
/home/tikhon/Документы/magnolia/build/toolchains/zig-xtensa/zig-relsafe-espressif-x86_64-linux-musl-baseline/lib/std/c.zig:9388:12: error: dependency on libc must be explicitly specified in the build command
/home/tikhon/Документы/magnolia/applets/zig/zdd/main/dd.zig:252:25: error: expected type 'usize', found 'u64'
/home/tikhon/Документы/magnolia/applets/zig/zdd/main/dd.zig:252:25: note: unsigned 32-bit int cannot represent all possible unsigned 64-bit values
/home/tikhon/Документы/magnolia/build/toolchains/zig-xtensa/zig-relsafe-espressif-x86_64-linux-musl-baseline/lib/std/heap.zig:38:13: error: C allocator is only available when linking against libc
ninja: build stopped: subcommand failed.
[199/1046] Building C object esp-idf/wpa_supplicant/CMakeFiles/__idf_wpa_supplicant.dir/esp_supplicant/src/esp_wpa_main.c.obj
[23/225] Building C object esp-idf/esp_driver_gpio/CMakeFiles/__idf_esp_driver_gpio.dir/src/dedic_gpio.c.obj
ninja: build stopped: subcommand failed.
[200/1046] Building C object esp-idf/wpa_supplicant/CMakeFiles/__idf_wpa_supplicant.dir/esp_supplicant/src/crypto/tls_mbedtls.c.obj
[201/1046] Building C object esp-idf/wpa_supplicant/CMakeFiles/__idf_wpa_supplicant.dir/esp_supplicant/src/esp_eap_client.c.obj
[202/1046] Linking C static library esp-idf/esp_coex/libesp_coex.a
[834/1051] Building ASM object esp-idf/mbedtls/CMakeFiles/__idf_mbedtls.dir/__/__/x509_crt_bundle.S.obj
[203/1046] Building C object esp-idf/wpa_supplicant/CMakeFiles/__idf_wpa_supplicant.dir/esp_supplicant/src/crypto/crypto_mbedtls-rsa.c.obj
-- The C compiler identification is GNU 15.1.0
[204/1046] Building C object esp-idf/wpa_supplicant/CMakeFiles/__idf_wpa_supplicant.dir/esp_supplicant/src/crypto/crypto_mbedtls-bignum.c.obj
[205/1046] Building C object esp-idf/wpa_supplicant/CMakeFiles/__idf_wpa_supplicant.dir/src/crypto/aes-ccm.c.obj
[835/1051] Building C object esp-idf/esp_security/CMakeFiles/__idf_esp_security.dir/src/esp_crypto_lock.c.obj
-- The C compiler identification is GNU 15.1.0
[206/1046] Building C object esp-idf/wpa_supplicant/CMakeFiles/__idf_wpa_supplicant.dir/esp_supplicant/src/crypto/crypto_mbedtls.c.obj
[207/1046] Building C object esp-idf/wpa_supplicant/CMakeFiles/__idf_wpa_supplicant.dir/src/crypto/des-internal.c.obj
[208/1046] Building C object esp-idf/esp_netif/CMakeFiles/__idf_esp_netif.dir/esp_netif_defaults.c.obj
[836/1051] Building C object esp-idf/esp_driver_gpio/CMakeFiles/__idf_esp_driver_gpio.dir/src/gpio_glitch_filter_ops.c.obj
[209/1046] Building C object esp-idf/wpa_supplicant/CMakeFiles/__idf_wpa_supplicant.dir/src/crypto/aes-unwrap.c.obj
[837/1051] Building C object esp-idf/esp_pm/CMakeFiles/__idf_esp_pm.dir/pm_trace.c.obj
[838/1051] Building C object esp-idf/esp_security/CMakeFiles/__idf_esp_security.dir/src/init.c.obj
[839/1051] Building C object esp-idf/esp_pm/CMakeFiles/__idf_esp_pm.dir/pm_locks.c.obj
-- The CXX compiler identification is GNU 15.1.0
[840/1051] Building C object esp-idf/esp_security/CMakeFiles/__idf_esp_security.dir/src/esp_crypto_periph_clk.c.obj
[841/1051] Building C object esp-idf/efuse/CMakeFiles/__idf_efuse.dir/esp32s3/esp_efuse_fields.c.obj
[210/1046] Building C object esp-idf/esp_netif/CMakeFiles/__idf_esp_netif.dir/esp_netif_objects.c.obj
[211/1046] Building C object esp-idf/wpa_supplicant/CMakeFiles/__idf_wpa_supplicant.dir/src/wps/wps_enrollee.c.obj
-- Minimal build - OFF
[212/1046] Building C object esp-idf/wpa_supplicant/CMakeFiles/__idf_wpa_supplicant.dir/src/crypto/rc4.c.obj
-- The ASM compiler identification is GNU
[213/1046] Building C object esp-idf/wpa_supplicant/CMakeFiles/__idf_wpa_supplicant.dir/src/crypto/aes-wrap.c.obj
-- Found assembler: /home/tikhon/.espressif/tools/xtensa-esp-elf/esp-15.1.0_20250607/xtensa-esp-elf/bin/xtensa-esp32s3-elf-gcc
[842/1051] Building C object esp-idf/efuse/CMakeFiles/__idf_efuse.dir/esp32s3/esp_efuse_table.c.obj
Command failed (2): idf.py elf
Elf target failed for zdd; running `idf.py build` instead.
+ idf.py build
[843/1051] Building C object esp-idf/esp_driver_gpio/CMakeFiles/__idf_esp_driver_gpio.dir/src/gpio_pin_glitch_filter.c.obj
-- Detecting C compiler ABI info
[844/1051] Building C object esp-idf/efuse/CMakeFiles/__idf_efuse.dir/esp32s3/esp_efuse_rtc_calib.c.obj
[845/1051] Building C object esp-idf/esp_driver_gpio/CMakeFiles/__idf_esp_driver_gpio.dir/src/dedic_gpio.c.obj
[214/1046] Building C object esp-idf/wpa_supplicant/CMakeFiles/__idf_wpa_supplicant.dir/esp_supplicant/src/crypto/fastpbkdf2.c.obj
-- The CXX compiler identification is GNU 15.1.0
[846/1051] Building C object esp-idf/esp_security/CMakeFiles/__idf_esp_security.dir/src/esp_hmac.c.obj
[215/1046] Building C object esp-idf/wpa_supplicant/CMakeFiles/__idf_wpa_supplicant.dir/src/rsn_supp/wpa.c.obj
[847/1051] Building C object esp-idf/efuse/CMakeFiles/__idf_efuse.dir/src/esp_efuse_fields.c.obj
[848/1051] Building C object esp-idf/mbedtls/CMakeFiles/__idf_mbedtls.dir/esp_crt_bundle/esp_crt_bundle.c.obj
[849/1051] Building C object esp-idf/efuse/CMakeFiles/__idf_efuse.dir/esp32s3/esp_efuse_utility.c.obj
NOTICE: Processing 1 dependencies:
[216/1046] Building C object esp-idf/esp_netif/CMakeFiles/__idf_esp_netif.dir/lwip/netif/ethernetif.c.obj
NOTICE: [1/1] idf (6.0.0)
[850/1051] Building C object esp-idf/efuse/CMakeFiles/__idf_efuse.dir/src/esp_efuse_api.c.obj
[851/1051] Building C object esp-idf/esp_bootloader_format/CMakeFiles/__idf_esp_bootloader_format.dir/esp_bootloader_desc.c.obj
[852/1051] Building C object esp-idf/esp_security/CMakeFiles/__idf_esp_security.dir/src/esp_ds.c.obj
[217/1046] Building C object esp-idf/lwip/CMakeFiles/__idf_lwip.dir/lwip/src/api/if_api.c.obj
[853/1051] Building C object esp-idf/xtensa/CMakeFiles/__idf_xtensa.dir/eri.c.obj
[854/1051] Linking C static library esp-idf/mbedtls/libmbedtls.a
-- The ASM compiler identification is GNU
-- Found assembler: /home/tikhon/.espressif/tools/xtensa-esp-elf/esp-15.1.0_20250607/xtensa-esp-elf/bin/xtensa-esp32s3-elf-gcc
[855/1051] Building ASM object esp-idf/xtensa/CMakeFiles/__idf_xtensa.dir/xtensa_context.S.obj
[218/1046] Building C object esp-idf/esp_netif/CMakeFiles/__idf_esp_netif.dir/esp_netif_handlers.c.obj
[219/1046] Building C object esp-idf/esp_netif/CMakeFiles/__idf_esp_netif.dir/lwip/netif/esp_pbuf_ref.c.obj
-- The C compiler identification is GNU 15.1.0
[220/1046] Building C object esp-idf/lwip/CMakeFiles/__idf_lwip.dir/lwip/src/api/netbuf.c.obj
[221/1046] Building C object esp-idf/esp_netif/CMakeFiles/__idf_esp_netif.dir/lwip/netif/wlanif.c.obj
[856/1051] Building C object esp-idf/efuse/CMakeFiles/__idf_efuse.dir/src/esp_efuse_utility.c.obj
[222/1046] Building C object esp-idf/lwip/CMakeFiles/__idf_lwip.dir/apps/sntp/sntp.c.obj
[857/1051] Building C object esp-idf/app_update/CMakeFiles/__idf_app_update.dir/esp_ota_app_desc.c.obj
[858/1051] Building ASM object esp-idf/xtensa/CMakeFiles/__idf_xtensa.dir/xtensa_intr_asm.S.obj
[859/1051] Building C object esp-idf/esp_app_format/CMakeFiles/__idf_esp_app_format.dir/esp_app_desc.c.obj
-- Detecting C compiler ABI info
[860/1051] Building C object esp-idf/xtensa/CMakeFiles/__idf_xtensa.dir/xt_trax.c.obj
[223/1046] Building C object esp-idf/lwip/CMakeFiles/__idf_lwip.dir/lwip/src/api/err.c.obj
[861/1051] Building ASM object esp-idf/xtensa/CMakeFiles/__idf_xtensa.dir/xtensa_vectors.S.obj
-- Detecting C compiler ABI info - done
[224/1046] Building C object esp-idf/esp_netif/CMakeFiles/__idf_esp_netif.dir/lwip/esp_netif_lwip_defaults.c.obj
[862/1051] Building C object esp-idf/efuse/CMakeFiles/__idf_efuse.dir/src/esp_efuse_startup.c.obj
-- Minimal build - OFF
-- Check for working C compiler: /home/tikhon/.espressif/tools/xtensa-esp-elf/esp-15.1.0_20250607/xtensa-esp-elf/bin/xtensa-esp32s3-elf-gcc - skipped
-- Detecting C compile features
-- Detecting C compile features - done
[863/1051] Building C object esp-idf/app_update/CMakeFiles/__idf_app_update.dir/esp_ota_ops.c.obj
[864/1051] Building C object esp-idf/console/CMakeFiles/__idf_console.dir/split_argv.c.obj
[865/1051] Building C object esp-idf/xtensa/CMakeFiles/__idf_xtensa.dir/xtensa_intr.c.obj
-- The CXX compiler identification is GNU 15.1.0
-- Detecting CXX compiler ABI info
[866/1051] Building C object esp-idf/efuse/CMakeFiles/__idf_efuse.dir/src/efuse_controller/keys/with_key_purposes/esp_efuse_api_key.c.obj
[225/1046] Building C object esp-idf/esp_netif/CMakeFiles/__idf_esp_netif.dir/lwip/esp_netif_sntp.c.obj
[867/1051] Building C object esp-idf/esp_pm/CMakeFiles/__idf_esp_pm.dir/pm_impl.c.obj
[1/6] Zig build-obj: xxd -> /home/tikhon/Документы/magnolia/applets/zig/zxxd/build/esp-idf/main/xxd.zig.o
FAILED: esp-idf/main/xxd.zig.o /home/tikhon/Документы/magnolia/applets/zig/zxxd/build/esp-idf/main/xxd.zig.o 
cd /home/tikhon/Документы/magnolia/applets/zig/zxxd/build/esp-idf/main && python3 /home/tikhon/Документы/magnolia/tools/zig_xtensa_toolchain.py --install-dir /home/tikhon/Документы/magnolia/build/toolchains/zig-xtensa && /home/tikhon/Документы/magnolia/build/toolchains/zig-xtensa/zig build-obj -target xtensa-freestanding-none -mcpu esp32s3 -OReleaseSmall --dep magnolia -Mroot=/home/tikhon/Документы/magnolia/applets/zig/zxxd/main/xxd.zig -Mmagnolia=/home/tikhon/Документы/magnolia/sdk/zig/magnolia.zig -femit-bin=/home/tikhon/Документы/magnolia/applets/zig/zxxd/build/esp-idf/main/xxd.zig.o && /home/tikhon/.espressif/tools/xtensa-esp-elf/esp-15.1.0_20250607/xtensa-esp-elf/bin/xtensa-esp32s3-elf-objcopy --set-section-flags .literal=alloc,load,contents,data /home/tikhon/Документы/magnolia/applets/zig/zxxd/build/esp-idf/main/xxd.zig.o && /home/tikhon/.espressif/tools/xtensa-esp-elf/esp-15.1.0_20250607/xtensa-esp-elf/bin/xtensa-esp32s3-elf-objcopy --set-section-flags .rodata=alloc,load,contents,data /home/tikhon/Документы/magnolia/applets/zig/zxxd/build/esp-idf/main/xxd.zig.o
0.14.0-dev.xtensa.2486+941677e08
/home/tikhon/Документы/magnolia/build/toolchains/zig-xtensa/zig-relsafe-espressif-x86_64-linux-musl-baseline/lib/std/posix.zig:68:21: error: struct 'posix.system__struct_1222' has no member named 'E'
/home/tikhon/Документы/magnolia/build/toolchains/zig-xtensa/zig-relsafe-espressif-x86_64-linux-musl-baseline/lib/std/posix.zig:48:13: note: struct declared here
/home/tikhon/Документы/magnolia/build/toolchains/zig-xtensa/zig-relsafe-espressif-x86_64-linux-musl-baseline/lib/std/posix.zig:4734:18: error: struct 'posix.system__struct_1222' has no member named 'MAP'
/home/tikhon/Документы/magnolia/build/toolchains/zig-xtensa/zig-relsafe-espressif-x86_64-linux-musl-baseline/lib/std/posix.zig:48:13: note: struct declared here
/home/tikhon/Документы/magnolia/applets/zig/zxxd/main/xxd.zig:301:27: error: root source file struct 'std' has no member named 'cstr'
/home/tikhon/Документы/magnolia/build/toolchains/zig-xtensa/zig-relsafe-espressif-x86_64-linux-musl-baseline/lib/std/std.zig:1:1: note: struct declared here
ninja: build stopped: subcommand failed.
[226/1046] Building C object esp-idf/lwip/CMakeFiles/__idf_lwip.dir/lwip/src/api/netdb.c.obj
[868/1051] Building C object esp-idf/esp_partition/CMakeFiles/__idf_esp_partition.dir/partition_target.c.obj
[227/1046] Building C object esp-idf/wpa_supplicant/CMakeFiles/__idf_wpa_supplicant.dir/esp_supplicant/src/crypto/crypto_mbedtls-ec.c.obj
-- The ASM compiler identification is GNU
-- Found assembler: /home/tikhon/.espressif/tools/xtensa-esp-elf/esp-15.1.0_20250607/xtensa-esp-elf/bin/xtensa-esp32s3-elf-gcc
[869/1051] Building C object esp-idf/esp_partition/CMakeFiles/__idf_esp_partition.dir/partition.c.obj
[870/1051] Linking C static library esp-idf/esp_pm/libesp_pm.a
[228/1046] Building C object esp-idf/wpa_supplicant/CMakeFiles/__idf_wpa_supplicant.dir/esp_supplicant/src/esp_wps.c.obj
[871/1051] Building C object esp-idf/console/CMakeFiles/__idf_console.dir/argtable3/arg_date.c.obj
[229/1046] Building C object esp-idf/lwip/CMakeFiles/__idf_lwip.dir/lwip/src/api/tcpip.c.obj
-- The C compiler identification is GNU 15.1.0
-- Detecting C compiler ABI info
[872/1051] Building C object esp-idf/esp_driver_gpio/CMakeFiles/__idf_esp_driver_gpio.dir/src/rtc_io.c.obj
[873/1051] Building C object esp-idf/console/CMakeFiles/__idf_console.dir/argtable3/arg_end.c.obj
-- Detecting C compiler ABI info - done
[874/1051] Building C object esp-idf/console/CMakeFiles/__idf_console.dir/argtable3/arg_dbl.c.obj
[875/1051] Building C object esp-idf/console/CMakeFiles/__idf_console.dir/argtable3/arg_file.c.obj
-- Check for working C compiler: /home/tikhon/.espressif/tools/xtensa-esp-elf/esp-15.1.0_20250607/xtensa-esp-elf/bin/xtensa-esp32s3-elf-gcc - skipped
-- Detecting C compile features
-- Detecting C compile features - done
Command failed (2): idf.py elf
Elf target failed for zhexdump; running `idf.py build` instead.
+ idf.py build
[230/1046] Building C object esp-idf/lwip/CMakeFiles/__idf_lwip.dir/lwip/src/core/ip.c.obj
[876/1051] Building C object esp-idf/console/CMakeFiles/__idf_console.dir/commands.c.obj
[877/1051] Building C object esp-idf/console/CMakeFiles/__idf_console.dir/argtable3/arg_lit.c.obj
[231/1046] Building C object esp-idf/lwip/CMakeFiles/__idf_lwip.dir/lwip/src/api/netifapi.c.obj
[878/1051] Building C object esp-idf/console/CMakeFiles/__idf_console.dir/argtable3/arg_rem.c.obj
[232/1046] Building C object esp-idf/lwip/CMakeFiles/__idf_lwip.dir/lwip/src/apps/sntp/sntp.c.obj
[879/1051] Building C object esp-idf/console/CMakeFiles/__idf_console.dir/argtable3/arg_int.c.obj
[880/1051] Building C object esp-idf/console/CMakeFiles/__idf_console.dir/argtable3/arg_dstr.c.obj
-- Detecting CXX compiler ABI info
[881/1051] Building C object esp-idf/console/CMakeFiles/__idf_console.dir/argtable3/arg_cmd.c.obj
[233/1046] Building C object esp-idf/lwip/CMakeFiles/__idf_lwip.dir/lwip/src/core/mem.c.obj
[882/1051] Building C object esp-idf/console/CMakeFiles/__idf_console.dir/esp_console_common.c.obj
[234/1046] Building C object esp-idf/lwip/CMakeFiles/__idf_lwip.dir/lwip/src/core/def.c.obj
-- Detecting CXX compiler ABI info - done
-- The CXX compiler identification is GNU 15.1.0
[235/1046] Building C object esp-idf/lwip/CMakeFiles/__idf_lwip.dir/lwip/src/apps/netbiosns/netbiosns.c.obj
[236/1046] Building C object esp-idf/lwip/CMakeFiles/__idf_lwip.dir/lwip/src/core/init.c.obj
-- Check for working CXX compiler: /home/tikhon/.espressif/tools/xtensa-esp-elf/esp-15.1.0_20250607/xtensa-esp-elf/bin/xtensa-esp32s3-elf-g++ - skipped
-- Detecting CXX compile features
-- Detecting CXX compile features - done
[237/1046] Building C object esp-idf/lwip/CMakeFiles/__idf_lwip.dir/lwip/src/api/api_lib.c.obj
[883/1051] Building C object esp-idf/console/CMakeFiles/__idf_console.dir/argtable3/arg_hashtable.c.obj
[884/1051] Building C object esp-idf/console/CMakeFiles/__idf_console.dir/argtable3/arg_str.c.obj
-- Detecting C compiler ABI info - done
[238/1046] Building C object esp-idf/lwip/CMakeFiles/__idf_lwip.dir/lwip/src/api/api_msg.c.obj
[885/1051] Building C object esp-idf/unity/CMakeFiles/__idf_unity.dir/unity_compat.c.obj
[886/1051] Building C object esp-idf/console/CMakeFiles/__idf_console.dir/esp_console_repl_chip.c.obj
[239/1046] Building C object esp-idf/lwip/CMakeFiles/__idf_lwip.dir/lwip/src/core/inet_chksum.c.obj
-- The ASM compiler identification is GNU
-- Found assembler: /home/tikhon/.espressif/tools/xtensa-esp-elf/esp-15.1.0_20250607/xtensa-esp-elf/bin/xtensa-esp32s3-elf-gcc
[240/1046] Building C object esp-idf/lwip/CMakeFiles/__idf_lwip.dir/lwip/src/core/sys.c.obj
[887/1051] Building C object esp-idf/console/CMakeFiles/__idf_console.dir/esp_console_repl_internal.c.obj
-- Check for working C compiler: /home/tikhon/.espressif/tools/xtensa-esp-elf/esp-15.1.0_20250607/xtensa-esp-elf/bin/xtensa-esp32s3-elf-gcc - skipped
[888/1051] Building C object esp-idf/console/CMakeFiles/__idf_console.dir/argtable3/arg_utils.c.obj
-- Detecting C compile features
[889/1051] Building C object esp-idf/unity/CMakeFiles/__idf_unity.dir/unity_port_esp32.c.obj
-- Building ESP-IDF components for target esp32s3
-- Detecting C compile features - done
[890/1051] Building C object esp-idf/unity/CMakeFiles/__idf_unity.dir/unity_utils_memory.c.obj
[891/1051] Building C object esp-idf/unity/CMakeFiles/__idf_unity.dir/unity_utils_freertos.c.obj
-- Detecting CXX compiler ABI info - done
-- Detecting C compiler ABI info
[892/1051] Building C object esp-idf/unity/CMakeFiles/__idf_unity.dir/unity_runner.c.obj
-- Check for working CXX compiler: /home/tikhon/.espressif/tools/xtensa-esp-elf/esp-15.1.0_20250607/xtensa-esp-elf/bin/xtensa-esp32s3-elf-g++ - skipped
[241/1046] Linking C static library esp-idf/wpa_supplicant/libwpa_supplicant.a
-- Detecting CXX compile features
-- Detecting CXX compile features - done
[893/1051] Building C object esp-idf/esp_driver_gpio/CMakeFiles/__idf_esp_driver_gpio.dir/src/gpio.c.obj
[242/1046] Building C object esp-idf/lwip/CMakeFiles/__idf_lwip.dir/lwip/src/core/memp.c.obj
[894/1051] Building C object esp-idf/protocomm/CMakeFiles/__idf_protocomm.dir/proto-c/sec0.pb-c.c.obj
[243/1046] Building C object esp-idf/lwip/CMakeFiles/__idf_lwip.dir/lwip/src/core/stats.c.obj
[895/1051] Building C object esp-idf/protocomm/CMakeFiles/__idf_protocomm.dir/proto-c/constants.pb-c.c.obj
[896/1051] Building C object esp-idf/unity/CMakeFiles/__idf_unity.dir/unity_utils_cache.c.obj
-- Detecting CXX compiler ABI info
[897/1051] Building C object esp-idf/protocomm/CMakeFiles/__idf_protocomm.dir/proto-c/session.pb-c.c.obj
[244/1046] Building C object esp-idf/lwip/CMakeFiles/__idf_lwip.dir/lwip/src/core/dns.c.obj
[898/1051] Building C object esp-idf/protocomm/CMakeFiles/__idf_protocomm.dir/proto-c/sec2.pb-c.c.obj
-- Building ESP-IDF components for target esp32s3
[899/1051] Linking C static library esp-idf/esp_driver_gpio/libesp_driver_gpio.a
[900/1051] Building C object esp-idf/protocomm/CMakeFiles/__idf_protocomm.dir/src/crypto/srp6a/esp_srp_mpi.c.obj
[901/1051] Building C object esp-idf/unity/CMakeFiles/__idf_unity.dir/port/esp/unity_utils_memory_esp.c.obj
[902/1051] Building C object esp-idf/protocomm/CMakeFiles/__idf_protocomm.dir/src/transports/protocomm_console.c.obj
[903/1051] Linking C static library esp-idf/esp_security/libesp_security.a
[245/1046] Building C object esp-idf/lwip/CMakeFiles/__idf_lwip.dir/lwip/src/core/timeouts.c.obj
[904/1051] Building CXX object esp-idf/wear_levelling/CMakeFiles/__idf_wear_levelling.dir/SPI_Flash.cpp.obj
[246/1046] Building C object esp-idf/lwip/CMakeFiles/__idf_lwip.dir/lwip/src/core/ipv4/autoip.c.obj
-- Detecting C compiler ABI info - done
[905/1051] Building C object esp-idf/console/CMakeFiles/__idf_console.dir/argtable3/arg_rex.c.obj
[906/1051] Building CXX object esp-idf/wear_levelling/CMakeFiles/__idf_wear_levelling.dir/crc32.cpp.obj
[907/1051] Building C object esp-idf/esp_https_server/CMakeFiles/__idf_esp_https_server.dir/src/https_server.c.obj
[908/1051] Linking C static library esp-idf/efuse/libefuse.a
Executing action: all (aliases: build)
Running ninja in directory /home/tikhon/Документы/magnolia/applets/go/gohello/build
Executing "ninja all"...
[0/2] Re-checking globbed directories...
-- Check for working C compiler: /home/tikhon/.espressif/tools/xtensa-esp-elf/esp-15.1.0_20250607/xtensa-esp-elf/bin/xtensa-esp32s3-elf-gcc - skipped
-- Detecting C compile features
-- Detecting C compile features - done
[909/1051] Building CXX object esp-idf/wear_levelling/CMakeFiles/__idf_wear_levelling.dir/Partition.cpp.obj
[1/17] Generating project_elf_src_esp32s3.c
-- Detecting CXX compiler ABI info - done
[910/1051] Building C object esp-idf/protocomm/CMakeFiles/__idf_protocomm.dir/src/crypto/srp6a/esp_srp.c.obj
[911/1051] Linking C static library esp-idf/esp_partition/libesp_partition.a
[247/1046] Building C object esp-idf/lwip/CMakeFiles/__idf_lwip.dir/lwip/src/core/ipv4/ip4_napt.c.obj
[2/17] Build ELF: gohello.app.elf
FAILED: elf_app /home/tikhon/Документы/magnolia/applets/go/gohello/build/elf_app 
cd /home/tikhon/Документы/magnolia/applets/go/gohello/build && /home/tikhon/.espressif/tools/xtensa-esp-elf/esp-15.1.0_20250607/xtensa-esp-elf/bin/xtensa-esp32s3-elf-gcc -nostartfiles -nostdlib -fPIC -shared -e app_main -fdata-sections -ffunction-sections -Wl,--gc-sections -fvisibility=hidden -Wl,--strip-all -Wl,--strip-debug -Wl,--strip-discarded -Dmain=app_main -Wl,-z,notext -Wl,-z,noexecstack esp-idf/main/libmain.a -o gohello.app.elf && /home/tikhon/.espressif/tools/xtensa-esp-elf/esp-15.1.0_20250607/xtensa-esp-elf/bin/xtensa-esp32s3-elf-strip --strip-unneeded --remove-section=.comment --remove-section=.got.loc --remove-section=.dynamic --remove-section=.xt.lit --remove-section=.xt.prop --remove-section=.xtensa.info gohello.app.elf
/home/tikhon/.espressif/tools/xtensa-esp-elf/esp-15.1.0_20250607/xtensa-esp-elf/bin/../lib/gcc/xtensa-esp-elf/15.1.0/../../../../xtensa-esp-elf/bin/ld: warning: cannot find entry symbol app_main; not setting start address
/home/tikhon/.espressif/tools/xtensa-esp-elf/esp-15.1.0_20250607/xtensa-esp-elf/bin/xtensa-esp-elf-strip: error: the input file 'gohello.app.elf' has no sections
[912/1051] Building CXX object esp-idf/wear_levelling/CMakeFiles/__idf_wear_levelling.dir/WL_Ext_Perf.cpp.obj
-- Detecting CXX compiler ABI info
[248/1046] Building C object esp-idf/lwip/CMakeFiles/__idf_lwip.dir/lwip/src/core/ipv4/ip4.c.obj
[913/1051] Building C object esp-idf/protocomm/CMakeFiles/__idf_protocomm.dir/src/common/protocomm.c.obj
[914/1051] Linking C static library esp-idf/app_update/libapp_update.a
[915/1051] Building CXX object esp-idf/wear_levelling/CMakeFiles/__idf_wear_levelling.dir/wear_levelling.cpp.obj
-- Check for working CXX compiler: /home/tikhon/.espressif/tools/xtensa-esp-elf/esp-15.1.0_20250607/xtensa-esp-elf/bin/xtensa-esp32s3-elf-g++ - skipped
-- Detecting CXX compile features
-- Detecting CXX compile features - done
[916/1051] Building C object esp-idf/console/CMakeFiles/__idf_console.dir/linenoise/linenoise.c.obj
[249/1046] Building C object esp-idf/lwip/CMakeFiles/__idf_lwip.dir/lwip/src/core/ipv4/ip4_frag.c.obj
[250/1046] Building C object esp-idf/lwip/CMakeFiles/__idf_lwip.dir/lwip/src/core/ipv4/igmp.c.obj
[917/1051] Building C object esp-idf/console/CMakeFiles/__idf_console.dir/argtable3/argtable3.c.obj
[918/1051] Building CXX object esp-idf/wear_levelling/CMakeFiles/__idf_wear_levelling.dir/WL_Ext_Safe.cpp.obj
[251/1046] Building C object esp-idf/lwip/CMakeFiles/__idf_lwip.dir/lwip/src/core/ipv4/icmp.c.obj
[919/1051] Building C object esp-idf/protocomm/CMakeFiles/__idf_protocomm.dir/proto-c/sec1.pb-c.c.obj
[920/1051] Building C object esp-idf/app_trace/CMakeFiles/__idf_app_trace.dir/app_trace.c.obj
-- Building ESP-IDF components for target esp32s3
[921/1051] Linking C static library esp-idf/esp_bootloader_format/libesp_bootloader_format.a
Command failed (2): idf.py elf
Elf target failed for zxxd; running `idf.py build` instead.
+ idf.py build
-- ESP-TEE is currently supported only on the esp32c6;esp32h2;esp32c5 SoCs
[922/1051] Building C object esp-idf/cmock/CMakeFiles/__idf_cmock.dir/CMock/src/cmock.c.obj
[923/1051] Building C object esp-idf/unity/CMakeFiles/__idf_unity.dir/unity/src/unity.c.obj
[252/1046] Building C object esp-idf/lwip/CMakeFiles/__idf_lwip.dir/lwip/src/api/sockets.c.obj
[924/1051] Building C object esp-idf/app_trace/CMakeFiles/__idf_app_trace.dir/app_trace_util.c.obj
[925/1051] Building C object esp-idf/protocomm/CMakeFiles/__idf_protocomm.dir/src/transports/protocomm_httpd.c.obj
[253/1046] Building C object esp-idf/lwip/CMakeFiles/__idf_lwip.dir/lwip/src/core/raw.c.obj
[926/1051] Linking C static library esp-idf/esp_app_format/libesp_app_format.a
[927/1051] Building C object esp-idf/app_trace/CMakeFiles/__idf_app_trace.dir/host_file_io.c.obj
[254/1046] Building C object esp-idf/lwip/CMakeFiles/__idf_lwip.dir/lwip/src/core/ipv4/ip4_addr.c.obj
[255/1046] Building C object esp-idf/lwip/CMakeFiles/__idf_lwip.dir/lwip/src/core/ipv4/etharp.c.obj
-- Detecting CXX compiler ABI info - done
[928/1051] Building C object esp-idf/esp_driver_cam/CMakeFiles/__idf_esp_driver_cam.dir/esp_cam_ctlr.c.obj
[929/1051] Building C object esp-idf/esp_driver_cam/CMakeFiles/__idf_esp_driver_cam.dir/dvp_share_ctrl.c.obj
-- Check for working CXX compiler: /home/tikhon/.espressif/tools/xtensa-esp-elf/esp-15.1.0_20250607/xtensa-esp-elf/bin/xtensa-esp32s3-elf-g++ - skipped
[256/1046] Building C object esp-idf/lwip/CMakeFiles/__idf_lwip.dir/lwip/src/core/netif.c.obj
-- Detecting CXX compile features
-- Detecting CXX compile features - done
[257/1046] Building C object esp-idf/lwip/CMakeFiles/__idf_lwip.dir/lwip/src/core/ipv6/ethip6.c.obj
[930/1051] Linking C static library esp-idf/xtensa/libxtensa.a
[931/1051] Building C object esp-idf/esp_driver_cam/CMakeFiles/__idf_esp_driver_cam.dir/dvp/src/esp_cam_ctlr_dvp_gdma.c.obj
[258/1046] Building C object esp-idf/lwip/CMakeFiles/__idf_lwip.dir/lwip/src/core/pbuf.c.obj
[932/1051] Building C object esp-idf/app_trace/CMakeFiles/__idf_app_trace.dir/port/port_uart.c.obj
[259/1046] Building C object esp-idf/lwip/CMakeFiles/__idf_lwip.dir/lwip/src/core/ipv6/dhcp6.c.obj
[260/1046] Building C object esp-idf/lwip/CMakeFiles/__idf_lwip.dir/lwip/src/core/udp.c.obj
-- Building ESP-IDF components for target esp32s3
[261/1046] Building C object esp-idf/esp_netif/CMakeFiles/__idf_esp_netif.dir/lwip/esp_netif_lwip.c.obj
[933/1051] Linking C static library esp-idf/console/libconsole.a
[934/1051] Linking C static library esp-idf/unity/libunity.a
[262/1046] Building C object esp-idf/lwip/CMakeFiles/__idf_lwip.dir/lwip/src/core/ipv6/inet6.c.obj
[263/1046] Building C object esp-idf/lwip/CMakeFiles/__idf_lwip.dir/lwip/src/core/tcp_out.c.obj
[264/1046] Building C object esp-idf/lwip/CMakeFiles/__idf_lwip.dir/lwip/src/core/ipv6/icmp6.c.obj
[935/1051] Linking C static library esp-idf/esp_https_server/libesp_https_server.a
-- Minimal build - OFF
[265/1046] Building C object esp-idf/lwip/CMakeFiles/__idf_lwip.dir/lwip/src/netif/ppp/ccp.c.obj
[3/17] Generating ../../partition_table/partition-table.bin
Partition table binary generated. Contents:
*******************************************************************************
# ESP-IDF Partition Table
# Name, Type, SubType, Offset, Size, Flags
nvs,data,nvs,0x9000,24K,
phy_init,data,phy,0xf000,4K,
factory,app,factory,0x10000,1M,
*******************************************************************************
[936/1051] Building C object esp-idf/esp_hid/CMakeFiles/__idf_esp_hid.dir/src/esp_hidd.c.obj
[266/1046] Building C object esp-idf/lwip/CMakeFiles/__idf_lwip.dir/lwip/src/core/ipv6/ip6_frag.c.obj
[937/1051] Building C object esp-idf/esp_hid/CMakeFiles/__idf_esp_hid.dir/src/esp_hid_common.c.obj
[267/1046] Building C object esp-idf/lwip/CMakeFiles/__idf_lwip.dir/lwip/src/core/ipv6/ip6_addr.c.obj
[938/1051] Building C object esp-idf/json/CMakeFiles/__idf_json.dir/cJSON/cJSON_Utils.c.obj
[939/1051] Building C object esp-idf/protocomm/CMakeFiles/__idf_protocomm.dir/src/security/security2.c.obj
[268/1046] Building C object esp-idf/lwip/CMakeFiles/__idf_lwip.dir/lwip/src/netif/ppp/auth.c.obj
[269/1046] Building C object esp-idf/lwip/CMakeFiles/__idf_lwip.dir/lwip/src/netif/bridgeif.c.obj
[270/1046] Building C object esp-idf/lwip/CMakeFiles/__idf_lwip.dir/lwip/src/core/ipv4/dhcp.c.obj
[940/1051] Building C object esp-idf/esp_eth/CMakeFiles/__idf_esp_eth.dir/src/esp_eth_netif_glue.c.obj
[271/1046] Building C object esp-idf/lwip/CMakeFiles/__idf_lwip.dir/lwip/src/core/tcp.c.obj
-- The C compiler identification is GNU 15.1.0
[941/1051] Building C object esp-idf/esp_lcd/CMakeFiles/__idf_esp_lcd.dir/src/esp_lcd_common.c.obj
[272/1046] Building C object esp-idf/lwip/CMakeFiles/__idf_lwip.dir/lwip/src/netif/bridgeif_fdb.c.obj
[942/1051] Building C object esp-idf/esp_driver_touch_sens/CMakeFiles/__idf_esp_driver_touch_sens.dir/common/touch_sens_common.c.obj
[273/1046] Building C object esp-idf/lwip/CMakeFiles/__idf_lwip.dir/lwip/src/netif/ethernet.c.obj
[274/1046] Building C object esp-idf/lwip/CMakeFiles/__idf_lwip.dir/lwip/src/core/tcp_in.c.obj
[275/1046] Building C object esp-idf/lwip/CMakeFiles/__idf_lwip.dir/lwip/src/netif/ppp/demand.c.obj
[276/1046] Building C object esp-idf/lwip/CMakeFiles/__idf_lwip.dir/lwip/src/netif/ppp/chap-new.c.obj
[277/1046] Building C object esp-idf/lwip/CMakeFiles/__idf_lwip.dir/lwip/src/netif/ppp/chap-md5.c.obj
[278/1046] Building C object esp-idf/lwip/CMakeFiles/__idf_lwip.dir/lwip/src/netif/slipif.c.obj
[943/1051] Building C object esp-idf/esp_lcd/CMakeFiles/__idf_esp_lcd.dir/src/esp_lcd_panel_ops.c.obj
[279/1046] Building C object esp-idf/lwip/CMakeFiles/__idf_lwip.dir/lwip/src/netif/ppp/fsm.c.obj
[944/1051] Building C object esp-idf/esp_lcd/CMakeFiles/__idf_esp_lcd.dir/src/esp_lcd_panel_io.c.obj
[945/1051] Building C object esp-idf/esp_hid/CMakeFiles/__idf_esp_hid.dir/src/esp_hidh.c.obj
[280/1046] Building C object esp-idf/lwip/CMakeFiles/__idf_lwip.dir/lwip/src/netif/ppp/chap_ms.c.obj
[281/1046] Building C object esp-idf/lwip/CMakeFiles/__idf_lwip.dir/lwip/src/core/ipv6/mld6.c.obj
[282/1046] Building C object esp-idf/lwip/CMakeFiles/__idf_lwip.dir/lwip/src/netif/ppp/ecp.c.obj
[283/1046] Building C object esp-idf/lwip/CMakeFiles/__idf_lwip.dir/lwip/src/netif/ppp/eap.c.obj
[284/1046] Building C object esp-idf/lwip/CMakeFiles/__idf_lwip.dir/lwip/src/netif/ppp/eui64.c.obj
-- The CXX compiler identification is GNU 15.1.0
[285/1046] Building C object esp-idf/lwip/CMakeFiles/__idf_lwip.dir/lwip/src/core/ipv6/ip6.c.obj
[286/1046] Building C object esp-idf/lwip/CMakeFiles/__idf_lwip.dir/lwip/src/netif/ppp/magic.c.obj
[946/1051] Building C object esp-idf/esp_lcd/CMakeFiles/__idf_esp_lcd.dir/src/esp_lcd_panel_ssd1306.c.obj
[287/1046] Building C object esp-idf/lwip/CMakeFiles/__idf_lwip.dir/lwip/src/netif/ppp/ipcp.c.obj
[947/1051] Building C object esp-idf/esp_lcd/CMakeFiles/__idf_esp_lcd.dir/i2c/esp_lcd_panel_io_i2c_v2.c.obj
[288/1046] Building C object esp-idf/lwip/CMakeFiles/__idf_lwip.dir/lwip/src/netif/ppp/pppapi.c.obj
[948/1051] Building C object esp-idf/esp_eth/CMakeFiles/__idf_esp_eth.dir/src/phy/esp_eth_phy_802_3.c.obj
[949/1051] Building C object esp-idf/esp_eth/CMakeFiles/__idf_esp_eth.dir/src/esp_eth.c.obj
[950/1051] Building C object esp-idf/esp_lcd/CMakeFiles/__idf_esp_lcd.dir/src/esp_lcd_panel_st7789.c.obj
[951/1051] Building C object esp-idf/esp_lcd/CMakeFiles/__idf_esp_lcd.dir/src/esp_lcd_panel_nt35510.c.obj
[289/1046] Building C object esp-idf/lwip/CMakeFiles/__idf_lwip.dir/lwip/src/netif/ppp/ipv6cp.c.obj
-- The ASM compiler identification is GNU
-- Found assembler: /home/tikhon/.espressif/tools/xtensa-esp-elf/esp-15.1.0_20250607/xtensa-esp-elf/bin/xtensa-esp32s3-elf-gcc
[290/1046] Building C object esp-idf/lwip/CMakeFiles/__idf_lwip.dir/lwip/src/netif/ppp/pppol2tp.c.obj
[952/1051] Building C object esp-idf/esp_driver_cam/CMakeFiles/__idf_esp_driver_cam.dir/dvp/src/esp_cam_ctlr_dvp_cam.c.obj
[953/1051] Building C object esp-idf/espcoredump/CMakeFiles/__idf_espcoredump.dir/src/core_dump_init.c.obj
[954/1051] Building C object esp-idf/espcoredump/CMakeFiles/__idf_espcoredump.dir/src/core_dump_common.c.obj
[955/1051] Building C object esp-idf/espcoredump/CMakeFiles/__idf_espcoredump.dir/src/core_dump_flash.c.obj
[291/1046] Building C object esp-idf/lwip/CMakeFiles/__idf_lwip.dir/lwip/src/netif/ppp/lcp.c.obj
[956/1051] Building C object esp-idf/espcoredump/CMakeFiles/__idf_espcoredump.dir/src/core_dump_elf.c.obj
-- Detecting C compiler ABI info
[292/1046] Building C object esp-idf/lwip/CMakeFiles/__idf_lwip.dir/lwip/src/netif/ppp/ppp.c.obj
[957/1051] Building C object esp-idf/esp_lcd/CMakeFiles/__idf_esp_lcd.dir/i2c/esp_lcd_panel_io_i2c_v1.c.obj
[958/1051] Building C object esp-idf/esp_driver_touch_sens/CMakeFiles/__idf_esp_driver_touch_sens.dir/hw_ver2/touch_version_specific.c.obj
[959/1051] Building C object esp-idf/espcoredump/CMakeFiles/__idf_espcoredump.dir/src/port/xtensa/core_dump_port.c.obj
[293/1046] Building C object esp-idf/lwip/CMakeFiles/__idf_lwip.dir/lwip/src/netif/ppp/multilink.c.obj
[960/1051] Building C object esp-idf/espcoredump/CMakeFiles/__idf_espcoredump.dir/src/core_dump_sha.c.obj
[961/1051] Building C object esp-idf/espcoredump/CMakeFiles/__idf_espcoredump.dir/src/core_dump_uart.c.obj
[294/1046] Building C object esp-idf/lwip/CMakeFiles/__idf_lwip.dir/lwip/src/netif/ppp/mppe.c.obj
[962/1051] Building C object esp-idf/protobuf-c/CMakeFiles/__idf_protobuf-c.dir/protobuf-c/protobuf-c/protobuf-c.c.obj
[295/1046] Building C object esp-idf/lwip/CMakeFiles/__idf_lwip.dir/lwip/src/netif/ppp/pppcrypt.c.obj
[296/1046] Building C object esp-idf/lwip/CMakeFiles/__idf_lwip.dir/port/hooks/tcp_isn_default.c.obj
[963/1051] Building CXX object esp-idf/wear_levelling/CMakeFiles/__idf_wear_levelling.dir/WL_Flash.cpp.obj
[297/1046] Building C object esp-idf/lwip/CMakeFiles/__idf_lwip.dir/lwip/src/netif/ppp/upap.c.obj
[964/1051] Building C object esp-idf/esp_lcd/CMakeFiles/__idf_esp_lcd.dir/i80/esp_lcd_panel_io_i80.c.obj
[965/1051] Linking C static library esp-idf/protobuf-c/libprotobuf-c.a
[298/1046] Building C object esp-idf/lwip/CMakeFiles/__idf_lwip.dir/lwip/src/netif/ppp/vj.c.obj
[299/1046] Building C object esp-idf/lwip/CMakeFiles/__idf_lwip.dir/lwip/src/netif/ppp/pppos.c.obj
[966/1051] Linking C static library esp-idf/wear_levelling/libwear_levelling.a
[967/1051] Building C object esp-idf/esp_lcd/CMakeFiles/__idf_esp_lcd.dir/spi/esp_lcd_panel_io_spi.c.obj
[300/1046] Building C object esp-idf/lwip/CMakeFiles/__idf_lwip.dir/port/if_index.c.obj
[301/1046] Building C object esp-idf/lwip/CMakeFiles/__idf_lwip.dir/lwip/src/netif/ppp/pppoe.c.obj
[302/1046] Building C object esp-idf/lwip/CMakeFiles/__idf_lwip.dir/port/sockets_ext.c.obj
[968/1051] Linking C static library esp-idf/protocomm/libprotocomm.a
[969/1051] Building C object esp-idf/fatfs/CMakeFiles/__idf_fatfs.dir/src/ffunicode.c.obj
[970/1051] Building C object esp-idf/esp_local_ctrl/CMakeFiles/__idf_esp_local_ctrl.dir/proto-c/esp_local_ctrl.pb-c.c.obj
-- Detecting C compiler ABI info - done
[303/1046] Building C object esp-idf/lwip/CMakeFiles/__idf_lwip.dir/lwip/src/netif/ppp/polarssl/arc4.c.obj
[304/1046] Building C object esp-idf/lwip/CMakeFiles/__idf_lwip.dir/lwip/src/netif/ppp/polarssl/des.c.obj
-- Check for working C compiler: /home/tikhon/.espressif/tools/xtensa-esp-elf/esp-15.1.0_20250607/xtensa-esp-elf/bin/xtensa-esp32s3-elf-gcc - skipped
-- Detecting C compile features
-- Detecting C compile features - done
[305/1046] Linking C static library esp-idf/esp_netif/libesp_netif.a
[306/1046] Building C object esp-idf/lwip/CMakeFiles/__idf_lwip.dir/lwip/src/netif/ppp/utils.c.obj
[307/1046] Building C object esp-idf/lwip/CMakeFiles/__idf_lwip.dir/apps/ping/ping.c.obj
[308/1046] Building C object esp-idf/lwip/CMakeFiles/__idf_lwip.dir/lwip/src/netif/ppp/polarssl/md5.c.obj
[971/1051] Building C object esp-idf/esp_local_ctrl/CMakeFiles/__idf_esp_local_ctrl.dir/src/esp_local_ctrl.c.obj
-- Detecting CXX compiler ABI info
[309/1046] Building C object esp-idf/lwip/CMakeFiles/__idf_lwip.dir/port/freertos/sys_arch.c.obj
[310/1046] Building C object esp-idf/lwip/CMakeFiles/__idf_lwip.dir/lwip/src/netif/ppp/polarssl/md4.c.obj
[972/1051] Building C object esp-idf/fatfs/CMakeFiles/__idf_fatfs.dir/diskio/diskio_wl.c.obj
[311/1046] Building C object esp-idf/lwip/CMakeFiles/__idf_lwip.dir/port/acd_dhcp_check.c.obj
[312/1046] Building C object esp-idf/lwip/CMakeFiles/__idf_lwip.dir/port/esp32xx/vfs_lwip.c.obj
[973/1051] Building C object esp-idf/esp_local_ctrl/CMakeFiles/__idf_esp_local_ctrl.dir/src/esp_local_ctrl_handler.c.obj
[974/1051] Building C object esp-idf/fatfs/CMakeFiles/__idf_fatfs.dir/diskio/diskio_rawflash.c.obj
[975/1051] Building C object esp-idf/json/CMakeFiles/__idf_json.dir/cJSON/cJSON.c.obj
[313/1046] Building C object esp-idf/lwip/CMakeFiles/__idf_lwip.dir/port/debug/lwip_debug.c.obj
[976/1051] Building C object esp-idf/fatfs/CMakeFiles/__idf_fatfs.dir/diskio/diskio_sdmmc.c.obj
[314/1046] Building C object esp-idf/lwip/CMakeFiles/__idf_lwip.dir/lwip/src/netif/ppp/polarssl/sha1.c.obj
[977/1051] Building C object esp-idf/esp_local_ctrl/CMakeFiles/__idf_esp_local_ctrl.dir/src/esp_local_ctrl_transport_httpd.c.obj
[315/1046] Building C object esp-idf/lwip/CMakeFiles/__idf_lwip.dir/port/hooks/lwip_default_hooks.c.obj
[978/1051] Building C object esp-idf/fatfs/CMakeFiles/__idf_fatfs.dir/diskio/diskio.c.obj
[316/1046] Building C object esp-idf/lwip/CMakeFiles/__idf_lwip.dir/apps/ping/ping_sock.c.obj
[979/1051] Building C object esp-idf/fatfs/CMakeFiles/__idf_fatfs.dir/port/freertos/ffsystem.c.obj
[980/1051] Building C object esp-idf/perfmon/CMakeFiles/__idf_perfmon.dir/xtensa_perfmon_masks.c.obj
[317/1046] Building C object esp-idf/lwip/CMakeFiles/__idf_lwip.dir/lwip/src/core/ipv6/nd6.c.obj
[981/1051] Building C object esp-idf/mqtt/CMakeFiles/__idf_mqtt.dir/esp-mqtt/lib/platform_esp32_idf.c.obj
[318/1046] Building C object esp-idf/esp_phy/CMakeFiles/__idf_esp_phy.dir/src/lib_printf.c.obj
[982/1051] Linking C static library esp-idf/json/libjson.a
[983/1051] Building C object esp-idf/mqtt/CMakeFiles/__idf_mqtt.dir/esp-mqtt/lib/mqtt_msg.c.obj
NOTICE: Processing 1 dependencies:
NOTICE: [1/1] idf (6.0.0)
[319/1046] Building C object esp-idf/vfs/CMakeFiles/__idf_vfs.dir/vfs_eventfd.c.obj
-- Detecting CXX compiler ABI info - done
-- Check for working CXX compiler: /home/tikhon/.espressif/tools/xtensa-esp-elf/esp-15.1.0_20250607/xtensa-esp-elf/bin/xtensa-esp32s3-elf-g++ - skipped
-- Detecting CXX compile features
[984/1051] Building C object esp-idf/fatfs/CMakeFiles/__idf_fatfs.dir/vfs/vfs_fat_sdmmc.c.obj
-- Detecting CXX compile features - done
[985/1051] Building C object esp-idf/perfmon/CMakeFiles/__idf_perfmon.dir/xtensa_perfmon_access.c.obj
[320/1046] Building C object esp-idf/lwip/CMakeFiles/__idf_lwip.dir/apps/ping/esp_ping.c.obj
[321/1046] Building C object esp-idf/esp_phy/CMakeFiles/__idf_esp_phy.dir/esp32s3/phy_init_data.c.obj
[986/1051] Building C object esp-idf/perfmon/CMakeFiles/__idf_perfmon.dir/xtensa_perfmon_apis.c.obj
[322/1046] Building C object esp-idf/esp_vfs_console/CMakeFiles/__idf_esp_vfs_console.dir/vfs_console.c.obj
[987/1051] Building C object esp-idf/nvs_sec_provider/CMakeFiles/__idf_nvs_sec_provider.dir/nvs_sec_provider.c.obj
[988/1051] Building C object esp-idf/mqtt/CMakeFiles/__idf_mqtt.dir/esp-mqtt/lib/mqtt_outbox.c.obj
[989/1051] Building C object esp-idf/rt/CMakeFiles/__idf_rt.dir/FreeRTOS_POSIX_mqueue.c.obj
[323/1046] Building C object esp-idf/esp_phy/CMakeFiles/__idf_esp_phy.dir/src/phy_common.c.obj
[324/1046] Building C object esp-idf/esp_phy/CMakeFiles/__idf_esp_phy.dir/src/phy_override.c.obj
[325/1046] Building C object esp-idf/esp_driver_usb_serial_jtag/CMakeFiles/__idf_esp_driver_usb_serial_jtag.dir/src/usb_serial_jtag_connection_monitor.c.obj
-- Building ESP-IDF components for target esp32s3
[326/1046] Building C object esp-idf/esp_phy/CMakeFiles/__idf_esp_phy.dir/src/btbb_init.c.obj
[990/1051] Building C object esp-idf/rt/CMakeFiles/__idf_rt.dir/FreeRTOS_POSIX_utils.c.obj
[991/1051] Building C object esp-idf/spiffs/CMakeFiles/__idf_spiffs.dir/spiffs/src/spiffs_cache.c.obj
[992/1051] Building C object esp-idf/fatfs/CMakeFiles/__idf_fatfs.dir/vfs/vfs_fat.c.obj
[993/1051] Building C object esp-idf/spiffs/CMakeFiles/__idf_spiffs.dir/spiffs_api.c.obj
[327/1046] Building C object esp-idf/vfs/CMakeFiles/__idf_vfs.dir/nullfs.c.obj
[994/1051] Building C object esp-idf/fatfs/CMakeFiles/__idf_fatfs.dir/vfs/vfs_fat_spiflash.c.obj
[328/1046] Building C object esp-idf/esp_phy/CMakeFiles/__idf_esp_phy.dir/src/phy_init.c.obj
[995/1051] Building C object esp-idf/spiffs/CMakeFiles/__idf_spiffs.dir/spiffs/src/spiffs_gc.c.obj
[329/1046] Building C object esp-idf/esp_driver_usb_serial_jtag/CMakeFiles/__idf_esp_driver_usb_serial_jtag.dir/src/usb_serial_jtag.c.obj
[996/1051] Building C object esp-idf/spiffs/CMakeFiles/__idf_spiffs.dir/spiffs/src/spiffs_check.c.obj
[997/1051] Building C object esp-idf/usb/CMakeFiles/__idf_usb.dir/usb_private.c.obj
[330/1046] Building C object esp-idf/lwip/CMakeFiles/__idf_lwip.dir/apps/dhcpserver/dhcpserver.c.obj
[331/1046] Building C object esp-idf/esp_driver_usb_serial_jtag/CMakeFiles/__idf_esp_driver_usb_serial_jtag.dir/src/usb_serial_jtag_vfs.c.obj
[998/1051] Building C object esp-idf/spiffs/CMakeFiles/__idf_spiffs.dir/spiffs/src/spiffs_hydrogen.c.obj
[332/1046] Building C object esp-idf/vfs/CMakeFiles/__idf_vfs.dir/vfs_semihost.c.obj
[333/1046] Building CXX object esp-idf/nvs_flash/CMakeFiles/__idf_nvs_flash.dir/src/nvs_platform.cpp.obj
[999/1051] Building C object esp-idf/touch_element/CMakeFiles/__idf_touch_element.dir/touch_button.c.obj
[1000/1051] Building C object esp-idf/usb/CMakeFiles/__idf_usb.dir/usb_helpers.c.obj
-- ESP-TEE is currently supported only on the esp32c6;esp32h2;esp32c5 SoCs
[1001/1051] Building C object esp-idf/fatfs/CMakeFiles/__idf_fatfs.dir/src/ff.c.obj
[1002/1051] Building C object esp-idf/touch_element/CMakeFiles/__idf_touch_element.dir/touch_matrix.c.obj
[334/1046] Building C object esp-idf/nvs_flash/CMakeFiles/__idf_nvs_flash.dir/src/nvs_bootloader_aes.c.obj
[1003/1051] Building C object esp-idf/wifi_provisioning/CMakeFiles/__idf_wifi_provisioning.dir/src/wifi_ctrl.c.obj
[1004/1051] Building C object esp-idf/usb/CMakeFiles/__idf_usb.dir/hub.c.obj
[1005/1051] Building C object esp-idf/wifi_provisioning/CMakeFiles/__idf_wifi_provisioning.dir/src/wifi_config.c.obj
[335/1046] Linking C static library esp-idf/lwip/liblwip.a
[1006/1051] Building C object esp-idf/touch_element/CMakeFiles/__idf_touch_element.dir/touch_slider.c.obj
NOTICE: Processing 3 dependencies:
NOTICE: [1/3] espressif/cmake_utilities (0.5.3)
NOTICE: [2/3] espressif/elf_loader (1.1.1)
NOTICE: [3/3] idf (6.0.0)
[1007/1051] Building C object esp-idf/wifi_provisioning/CMakeFiles/__idf_wifi_provisioning.dir/src/wifi_scan.c.obj
NOTICE: Processing 3 dependencies:
NOTICE: [1/3] espressif/cmake_utilities (0.5.3)
NOTICE: [2/3] espressif/elf_loader (1.1.1)
[1008/1051] Building C object esp-idf/esp_lcd/CMakeFiles/__idf_esp_lcd.dir/rgb/esp_lcd_panel_rgb.c.obj
NOTICE: [3/3] idf (6.0.0)
[1009/1051] Building C object esp-idf/wifi_provisioning/CMakeFiles/__idf_wifi_provisioning.dir/src/scheme_console.c.obj
[336/1046] Building C object esp-idf/nvs_flash/CMakeFiles/__idf_nvs_flash.dir/src/nvs_bootloader.c.obj
[1010/1051] Building C object esp-idf/mqtt/CMakeFiles/__idf_mqtt.dir/esp-mqtt/mqtt_client.c.obj
Executing action: all (aliases: build)
Running ninja in directory /home/tikhon/Документы/magnolia/applets/zig/zdd/build
Executing "ninja all"...
[0/2] Re-checking globbed directories...
[1011/1051] Building C object esp-idf/touch_element/CMakeFiles/__idf_touch_element.dir/touch_element.c.obj
[337/1046] Building C object esp-idf/nvs_flash/CMakeFiles/__idf_nvs_flash.dir/src/nvs_bootloader_xts_aes.c.obj
[1012/1051] Building C object esp-idf/wifi_provisioning/CMakeFiles/__idf_wifi_provisioning.dir/proto-c/wifi_constants.pb-c.c.obj
[1013/1051] Building C object esp-idf/wifi_provisioning/CMakeFiles/__idf_wifi_provisioning.dir/src/handlers.c.obj
[1014/1051] Building C object esp-idf/usb/CMakeFiles/__idf_usb.dir/enum.c.obj
[1015/1051] Building C object esp-idf/wifi_provisioning/CMakeFiles/__idf_wifi_provisioning.dir/proto-c/wifi_ctrl.pb-c.c.obj
[338/1046] Building C object esp-idf/vfs/CMakeFiles/__idf_vfs.dir/vfs.c.obj
[1016/1051] Linking C static library esp-idf/cmock/libcmock.a
[1017/1051] Linking C static library esp-idf/app_trace/libapp_trace.a
[339/1046] Building C object esp-idf/esp_event/CMakeFiles/__idf_esp_event.dir/default_event_loop.c.obj
[1018/1051] Building C object esp-idf/spiffs/CMakeFiles/__idf_spiffs.dir/esp_spiffs.c.obj
[1019/1051] Linking C static library esp-idf/esp_driver_cam/libesp_driver_cam.a
[1020/1051] Linking C static library esp-idf/esp_driver_touch_sens/libesp_driver_touch_sens.a
[1021/1051] Building C object esp-idf/wifi_provisioning/CMakeFiles/__idf_wifi_provisioning.dir/proto-c/wifi_config.pb-c.c.obj
[340/1046] Linking C static library esp-idf/vfs/libvfs.a
[1022/1051] Building C object esp-idf/espressif__elf_loader/CMakeFiles/__idf_espressif__elf_loader.dir/src/esp_elf_adapter.c.obj
[1023/1051] Building C object esp-idf/espressif__elf_loader/CMakeFiles/__idf_espressif__elf_loader.dir/src/arch/esp_elf_xtensa.c.obj
[1024/1051] Linking C static library esp-idf/esp_eth/libesp_eth.a
[1025/1051] Linking C static library esp-idf/esp_hid/libesp_hid.a
[1026/1051] Linking C static library esp-idf/esp_lcd/libesp_lcd.a
[1027/1051] Linking C static library esp-idf/espcoredump/libespcoredump.a
[1028/1051] Linking C static library esp-idf/perfmon/libperfmon.a
[1029/1051] Linking C static library esp-idf/nvs_sec_provider/libnvs_sec_provider.a
[341/1046] Linking C static library esp-idf/esp_vfs_console/libesp_vfs_console.a
[1030/1051] Linking C static library esp-idf/esp_local_ctrl/libesp_local_ctrl.a
[342/1046] Building CXX object esp-idf/nvs_flash/CMakeFiles/__idf_nvs_flash.dir/src/nvs_partition.cpp.obj
[1031/1051] Linking C static library esp-idf/fatfs/libfatfs.a
[1032/1051] Linking C static library esp-idf/rt/librt.a
[1033/1051] Linking C static library esp-idf/mqtt/libmqtt.a
[1034/1051] Building ASM object 'esp-idf/main/CMakeFiles/__idf_main.dir/home/tikhon/Документы/magnolia/sdk/tinygo/runtime/tinygo_symbols.S.obj'
[1035/1051] Linking C static library esp-idf/touch_element/libtouch_element.a
[343/1046] Building C object esp-idf/esp_event/CMakeFiles/__idf_esp_event.dir/esp_event_private.c.obj
[344/1046] Linking C static library esp-idf/esp_driver_usb_serial_jtag/libesp_driver_usb_serial_jtag.a
[1036/1051] Building C object esp-idf/wifi_provisioning/CMakeFiles/__idf_wifi_provisioning.dir/proto-c/wifi_scan.pb-c.c.obj
[1037/1051] Building C object esp-idf/wifi_provisioning/CMakeFiles/__idf_wifi_provisioning.dir/src/scheme_softap.c.obj
[1038/1051] Building C object esp-idf/espressif__elf_loader/CMakeFiles/__idf_espressif__elf_loader.dir/src/esp_elf_symbol.c.obj
[345/1046] Linking C static library esp-idf/esp_phy/libesp_phy.a
[346/1046] Building C object esp-idf/esp_driver_uart/CMakeFiles/__idf_esp_driver_uart.dir/src/uart_wakeup.c.obj
[347/1046] Building CXX object esp-idf/nvs_flash/CMakeFiles/__idf_nvs_flash.dir/src/nvs_item_hash_list.cpp.obj
[1039/1051] Building C object esp-idf/espressif__elf_loader/CMakeFiles/__idf_espressif__elf_loader.dir/src/esp_elf.c.obj
NOTICE: Processing 3 dependencies:
NOTICE: [1/3] espressif/cmake_utilities (0.5.3)
NOTICE: [2/3] espressif/elf_loader (1.1.1)
NOTICE: [3/3] idf (6.0.0)
[1040/1051] Linking C static library esp-idf/espressif__elf_loader/libespressif__elf_loader.a
[1041/1051] Building C object esp-idf/usb/CMakeFiles/__idf_usb.dir/usb_host.c.obj
[348/1046] Building CXX object esp-idf/nvs_flash/CMakeFiles/__idf_nvs_flash.dir/src/nvs_partition_lookup.cpp.obj
-- ESP-TEE is currently supported only on the esp32c6;esp32h2;esp32c5 SoCs
[1042/1051] Building C object esp-idf/usb/CMakeFiles/__idf_usb.dir/usbh.c.obj
[349/1046] Building C object esp-idf/esp_event/CMakeFiles/__idf_esp_event.dir/esp_event.c.obj
Executing action: all (aliases: build)
Running ninja in directory /home/tikhon/Документы/magnolia/applets/zig/zhexdump/build
Executing "ninja all"...
[0/2] Re-checking globbed directories...
[1/211] Linking C static library esp-idf/mbedtls/libmbedtls.a
[2/211] Building C object esp-idf/esp_bootloader_format/CMakeFiles/__idf_esp_bootloader_format.dir/esp_bootloader_desc.c.obj
[3/211] Building C object esp-idf/xtensa/CMakeFiles/__idf_xtensa.dir/eri.c.obj
[4/211] Building ASM object esp-idf/xtensa/CMakeFiles/__idf_xtensa.dir/xtensa_intr_asm.S.obj
[1043/1051] Building C object esp-idf/spiffs/CMakeFiles/__idf_spiffs.dir/spiffs/src/spiffs_nucleus.c.obj
[5/211] Linking C static library esp-idf/esp_pm/libesp_pm.a
[6/211] Building C object esp-idf/app_update/CMakeFiles/__idf_app_update.dir/esp_ota_app_desc.c.obj
[7/211] Building C object esp-idf/efuse/CMakeFiles/__idf_efuse.dir/src/esp_efuse_fields.c.obj
[8/211] Building C object esp-idf/xtensa/CMakeFiles/__idf_xtensa.dir/xt_trax.c.obj
[9/211] Building ASM object esp-idf/xtensa/CMakeFiles/__idf_xtensa.dir/xtensa_context.S.obj
[10/211] Building C object esp-idf/esp_partition/CMakeFiles/__idf_esp_partition.dir/partition_target.c.obj
[11/211] Building C object esp-idf/efuse/CMakeFiles/__idf_efuse.dir/src/esp_efuse_startup.c.obj
[12/211] Building C object esp-idf/efuse/CMakeFiles/__idf_efuse.dir/esp32s3/esp_efuse_rtc_calib.c.obj
[13/211] Building C object esp-idf/esp_app_format/CMakeFiles/__idf_esp_app_format.dir/esp_app_desc.c.obj
-- ESP-TEE is currently supported only on the esp32c6;esp32h2;esp32c5 SoCs
[14/211] Building C object esp-idf/efuse/CMakeFiles/__idf_efuse.dir/esp32s3/esp_efuse_utility.c.obj
[15/211] Building ASM object esp-idf/xtensa/CMakeFiles/__idf_xtensa.dir/xtensa_vectors.S.obj
[1044/1051] Linking C static library esp-idf/spiffs/libspiffs.a
[16/211] Linking C static library esp-idf/esp_driver_gpio/libesp_driver_gpio.a
[17/211] Building C object esp-idf/console/CMakeFiles/__idf_console.dir/split_argv.c.obj
[18/211] Linking C static library esp-idf/esp_security/libesp_security.a
[1045/1051] Building C object esp-idf/wifi_provisioning/CMakeFiles/__idf_wifi_provisioning.dir/src/manager.c.obj
[19/211] Building C object esp-idf/efuse/CMakeFiles/__idf_efuse.dir/src/esp_efuse_utility.c.obj
[350/1046] Building C object esp-idf/esp_driver_gptimer/CMakeFiles/__idf_esp_driver_gptimer.dir/src/gptimer_common.c.obj
[20/211] Building C object esp-idf/xtensa/CMakeFiles/__idf_xtensa.dir/xtensa_intr.c.obj
[21/211] Building C object esp-idf/efuse/CMakeFiles/__idf_efuse.dir/src/esp_efuse_api.c.obj
[22/211] Building C object esp-idf/console/CMakeFiles/__idf_console.dir/argtable3/arg_end.c.obj
[23/211] Building C object esp-idf/esp_partition/CMakeFiles/__idf_esp_partition.dir/partition.c.obj
[1046/1051] Linking C static library esp-idf/wifi_provisioning/libwifi_provisioning.a
[24/211] Building C object esp-idf/console/CMakeFiles/__idf_console.dir/argtable3/arg_dbl.c.obj
[351/1046] Building C object esp-idf/esp_timer/CMakeFiles/__idf_esp_timer.dir/src/esp_timer_init.c.obj
[1047/1051] Building C object esp-idf/usb/CMakeFiles/__idf_usb.dir/hcd_dwc.c.obj
[352/1046] Building C object esp-idf/esp_driver_uart/CMakeFiles/__idf_esp_driver_uart.dir/src/uart_vfs.c.obj
[25/211] Building C object esp-idf/console/CMakeFiles/__idf_console.dir/argtable3/arg_dstr.c.obj
[353/1046] Building C object esp-idf/esp_driver_uart/CMakeFiles/__idf_esp_driver_uart.dir/src/uhci.c.obj
[354/1046] Building C object esp-idf/esp_timer/CMakeFiles/__idf_esp_timer.dir/src/esp_timer.c.obj
[26/211] Building C object esp-idf/console/CMakeFiles/__idf_console.dir/argtable3/arg_hashtable.c.obj
[27/211] Building C object esp-idf/console/CMakeFiles/__idf_console.dir/argtable3/arg_cmd.c.obj
[28/211] Building C object esp-idf/console/CMakeFiles/__idf_console.dir/argtable3/arg_int.c.obj
[1048/1051] Linking C static library esp-idf/usb/libusb.a
[29/211] Building C object esp-idf/console/CMakeFiles/__idf_console.dir/esp_console_common.c.obj
[30/211] Building C object esp-idf/console/CMakeFiles/__idf_console.dir/argtable3/arg_file.c.obj
[355/1046] Building CXX object esp-idf/nvs_flash/CMakeFiles/__idf_nvs_flash.dir/src/nvs_cxx_api.cpp.obj
[31/211] Building C object esp-idf/efuse/CMakeFiles/__idf_efuse.dir/src/efuse_controller/keys/with_key_purposes/esp_efuse_api_key.c.obj
[356/1046] Building C object esp-idf/esp_driver_gptimer/CMakeFiles/__idf_esp_driver_gptimer.dir/src/gptimer.c.obj
NOTICE: Processing 3 dependencies:
NOTICE: [1/3] espressif/cmake_utilities (0.5.3)
Executing action: all (aliases: build)
Running ninja in directory /home/tikhon/Документы/magnolia/applets/zig/zxxd/build
Executing "ninja all"...
[0/2] Re-checking globbed directories...
[32/211] Building C object esp-idf/console/CMakeFiles/__idf_console.dir/argtable3/arg_date.c.obj
[33/211] Building C object esp-idf/console/CMakeFiles/__idf_console.dir/esp_console_repl_internal.c.obj
NOTICE: [2/3] espressif/elf_loader (1.1.1)
[34/211] Building C object esp-idf/console/CMakeFiles/__idf_console.dir/esp_console_repl_chip.c.obj
[357/1046] Building C object esp-idf/esp_timer/CMakeFiles/__idf_esp_timer.dir/src/esp_timer_impl_common.c.obj
NOTICE: [3/3] idf (6.0.0)
[35/211] Building C object esp-idf/console/CMakeFiles/__idf_console.dir/argtable3/arg_rem.c.obj
[1049/1051] Linking C static library esp-idf/main/libmain.a
-- ESP-TEE is currently supported only on the esp32c6;esp32h2;esp32c5 SoCs
[36/211] Building C object esp-idf/console/CMakeFiles/__idf_console.dir/argtable3/arg_utils.c.obj
[37/211] Building C object esp-idf/console/CMakeFiles/__idf_console.dir/argtable3/arg_lit.c.obj
[38/211] Building C object esp-idf/console/CMakeFiles/__idf_console.dir/commands.c.obj
[1050/1051] Build ELF: uname.app.elf
[39/211] Building C object esp-idf/console/CMakeFiles/__idf_console.dir/argtable3/arg_str.c.obj
[1/14] Zig build-obj: dd -> /home/tikhon/Документы/magnolia/applets/zig/zdd/build/esp-idf/main/dd.zig.o
FAILED: esp-idf/main/dd.zig.o /home/tikhon/Документы/magnolia/applets/zig/zdd/build/esp-idf/main/dd.zig.o 
cd /home/tikhon/Документы/magnolia/applets/zig/zdd/build/esp-idf/main && python3 /home/tikhon/Документы/magnolia/tools/zig_xtensa_toolchain.py --install-dir /home/tikhon/Документы/magnolia/build/toolchains/zig-xtensa && /home/tikhon/Документы/magnolia/build/toolchains/zig-xtensa/zig build-obj -target xtensa-freestanding-none -mcpu esp32s3 -OReleaseSmall --dep magnolia -Mroot=/home/tikhon/Документы/magnolia/applets/zig/zdd/main/dd.zig -Mmagnolia=/home/tikhon/Документы/magnolia/sdk/zig/magnolia.zig -femit-bin=/home/tikhon/Документы/magnolia/applets/zig/zdd/build/esp-idf/main/dd.zig.o && /home/tikhon/.espressif/tools/xtensa-esp-elf/esp-15.1.0_20250607/xtensa-esp-elf/bin/xtensa-esp32s3-elf-objcopy --set-section-flags .literal=alloc,load,contents,data /home/tikhon/Документы/magnolia/applets/zig/zdd/build/esp-idf/main/dd.zig.o && /home/tikhon/.espressif/tools/xtensa-esp-elf/esp-15.1.0_20250607/xtensa-esp-elf/bin/xtensa-esp32s3-elf-objcopy --set-section-flags .rodata=alloc,load,contents,data /home/tikhon/Документы/magnolia/applets/zig/zdd/build/esp-idf/main/dd.zig.o
0.14.0-dev.xtensa.2486+941677e08
/home/tikhon/Документы/magnolia/build/toolchains/zig-xtensa/zig-relsafe-espressif-x86_64-linux-musl-baseline/lib/std/c.zig:9386:12: error: dependency on libc must be explicitly specified in the build command
/home/tikhon/Документы/magnolia/build/toolchains/zig-xtensa/zig-relsafe-espressif-x86_64-linux-musl-baseline/lib/std/c.zig:9388:12: error: dependency on libc must be explicitly specified in the build command
/home/tikhon/Документы/magnolia/applets/zig/zdd/main/dd.zig:252:25: error: expected type 'usize', found 'u64'
/home/tikhon/Документы/magnolia/applets/zig/zdd/main/dd.zig:252:25: note: unsigned 32-bit int cannot represent all possible unsigned 64-bit values
/home/tikhon/Документы/magnolia/build/toolchains/zig-xtensa/zig-relsafe-espressif-x86_64-linux-musl-baseline/lib/std/heap.zig:38:13: error: C allocator is only available when linking against libc
[40/211] Building C object esp-idf/console/CMakeFiles/__idf_console.dir/linenoise/linenoise.c.obj
[41/211] Building C object esp-idf/unity/CMakeFiles/__idf_unity.dir/unity_compat.c.obj
[42/211] Linking C static library esp-idf/efuse/libefuse.a
[358/1046] Building C object esp-idf/esp_timer/CMakeFiles/__idf_esp_timer.dir/src/system_time.c.obj
[43/211] Building C object esp-idf/protocomm/CMakeFiles/__idf_protocomm.dir/proto-c/constants.pb-c.c.obj
[359/1046] Building CXX object esp-idf/cxx/CMakeFiles/__idf_cxx.dir/cxx_exception_stubs.cpp.obj
[44/211] Building C object esp-idf/console/CMakeFiles/__idf_console.dir/argtable3/argtable3.c.obj
[1/14] Performing build step for 'bootloader'
[1/1] cd /home/tikhon/Документы/magnolia/applets/zig/zxxd/build/bootloader && /home/tikhon/.espressif/python_env/idf6.0_py3.12_env/bin/python /home/tikhon/Документы/magnolia/esp-idf/components/partition_table/check_sizes.py --offset 0x8000 bootloader 0x0 /home/tikhon/Документы/magnolia/applets/zig/zxxd/build/bootloader/bootloader.bin
Bootloader binary size 0x5320 bytes. 0x2ce0 bytes (35%) free.
[45/211] Building C object esp-idf/unity/CMakeFiles/__idf_unity.dir/unity_port_esp32.c.obj
[46/211] Linking C static library esp-idf/esp_partition/libesp_partition.a
[2/14] No install step for 'bootloader'
[47/211] Building C object esp-idf/unity/CMakeFiles/__idf_unity.dir/unity_utils_freertos.c.obj
[48/211] Building C object esp-idf/protocomm/CMakeFiles/__idf_protocomm.dir/proto-c/sec0.pb-c.c.obj
[360/1046] Building C object esp-idf/esp_ringbuf/CMakeFiles/__idf_esp_ringbuf.dir/ringbuf.c.obj
[49/211] Building C object esp-idf/unity/CMakeFiles/__idf_unity.dir/unity_utils_cache.c.obj
[50/211] Building C object esp-idf/unity/CMakeFiles/__idf_unity.dir/unity_utils_memory.c.obj
-- Project sdkconfig file /home/tikhon/Документы/magnolia/applets/rust/rshello/sdkconfig
[51/211] Building C object esp-idf/protocomm/CMakeFiles/__idf_protocomm.dir/proto-c/sec2.pb-c.c.obj
[52/211] Building C object esp-idf/app_update/CMakeFiles/__idf_app_update.dir/esp_ota_ops.c.obj
[53/211] Building C object esp-idf/unity/CMakeFiles/__idf_unity.dir/port/esp/unity_utils_memory_esp.c.obj
[361/1046] Building C object esp-idf/esp_timer/CMakeFiles/__idf_esp_timer.dir/src/ets_timer_legacy.c.obj
[54/211] Building C object esp-idf/unity/CMakeFiles/__idf_unity.dir/unity_runner.c.obj
[362/1046] Building CXX object esp-idf/cxx/CMakeFiles/__idf_cxx.dir/cxx_init.cpp.obj
[55/211] Building C object esp-idf/console/CMakeFiles/__idf_console.dir/argtable3/arg_rex.c.obj
[56/211] Linking C static library esp-idf/app_update/libapp_update.a
[3/14] Completed 'bootloader'
[363/1046] Building CXX object esp-idf/nvs_flash/CMakeFiles/__idf_nvs_flash.dir/src/nvs_pagemanager.cpp.obj
[57/211] Building CXX object esp-idf/wear_levelling/CMakeFiles/__idf_wear_levelling.dir/crc32.cpp.obj
[364/1046] Building C object esp-idf/esp_timer/CMakeFiles/__idf_esp_timer.dir/src/esp_timer_impl_systimer.c.obj
[58/211] Building C object esp-idf/protocomm/CMakeFiles/__idf_protocomm.dir/proto-c/sec1.pb-c.c.obj
[59/211] Building C object esp-idf/protocomm/CMakeFiles/__idf_protocomm.dir/proto-c/session.pb-c.c.obj
[60/211] Building CXX object esp-idf/wear_levelling/CMakeFiles/__idf_wear_levelling.dir/Partition.cpp.obj
[61/211] Linking C static library esp-idf/esp_bootloader_format/libesp_bootloader_format.a
[62/211] Building CXX object esp-idf/wear_levelling/CMakeFiles/__idf_wear_levelling.dir/WL_Ext_Perf.cpp.obj
[365/1046] Building C object esp-idf/pthread/CMakeFiles/__idf_pthread.dir/pthread_local_storage.c.obj
[63/211] Building C object esp-idf/protocomm/CMakeFiles/__idf_protocomm.dir/src/transports/protocomm_console.c.obj
Applet uname OK -> /home/tikhon/Документы/magnolia/rootfs/bin/gouname
[366/1046] Building C object esp-idf/newlib/CMakeFiles/__idf_newlib.dir/src/init.c.obj
[64/211] Building CXX object esp-idf/wear_levelling/CMakeFiles/__idf_wear_levelling.dir/SPI_Flash.cpp.obj
[65/211] Building CXX object esp-idf/wear_levelling/CMakeFiles/__idf_wear_levelling.dir/WL_Ext_Safe.cpp.obj
[66/211] Linking C static library esp-idf/esp_app_format/libesp_app_format.a
[367/1046] Building C object esp-idf/pthread/CMakeFiles/__idf_pthread.dir/pthread_cond_var.c.obj
[67/211] Building C object esp-idf/app_trace/CMakeFiles/__idf_app_trace.dir/app_trace_util.c.obj
[368/1046] Building C object esp-idf/newlib/CMakeFiles/__idf_newlib.dir/src/abort.c.obj
[369/1046] Building C object esp-idf/newlib/CMakeFiles/__idf_newlib.dir/src/assert.c.obj
[68/211] Building C object esp-idf/protocomm/CMakeFiles/__idf_protocomm.dir/src/crypto/srp6a/esp_srp.c.obj
[69/211] Linking C static library esp-idf/xtensa/libxtensa.a
[370/1046] Building C object esp-idf/pthread/CMakeFiles/__idf_pthread.dir/pthread_semaphore.c.obj
[70/211] Building C object esp-idf/esp_https_server/CMakeFiles/__idf_esp_https_server.dir/src/https_server.c.obj
[71/211] Building C object esp-idf/cmock/CMakeFiles/__idf_cmock.dir/CMock/src/cmock.c.obj
[371/1046] Building C object esp-idf/newlib/CMakeFiles/__idf_newlib.dir/src/heap.c.obj
[372/1046] Building C object esp-idf/newlib/CMakeFiles/__idf_newlib.dir/src/pthread.c.obj
[72/211] Building C object esp-idf/app_trace/CMakeFiles/__idf_app_trace.dir/port/port_uart.c.obj
[73/211] Building C object esp-idf/protocomm/CMakeFiles/__idf_protocomm.dir/src/crypto/srp6a/esp_srp_mpi.c.obj
[74/211] Linking C static library esp-idf/console/libconsole.a
[373/1046] Building C object esp-idf/newlib/CMakeFiles/__idf_newlib.dir/src/random.c.obj
[75/211] Building C object esp-idf/app_trace/CMakeFiles/__idf_app_trace.dir/host_file_io.c.obj
[374/1046] Building C object esp-idf/newlib/CMakeFiles/__idf_newlib.dir/src/getentropy.c.obj
[375/1046] Building C object esp-idf/newlib/CMakeFiles/__idf_newlib.dir/src/poll.c.obj
[76/211] Building C object esp-idf/app_trace/CMakeFiles/__idf_app_trace.dir/app_trace.c.obj
[376/1046] Building C object esp-idf/newlib/CMakeFiles/__idf_newlib.dir/src/termios.c.obj
[77/211] Building C object esp-idf/protocomm/CMakeFiles/__idf_protocomm.dir/src/common/protocomm.c.obj
[4/14] Zig build-obj: xxd -> /home/tikhon/Документы/magnolia/applets/zig/zxxd/build/esp-idf/main/xxd.zig.o
FAILED: esp-idf/main/xxd.zig.o /home/tikhon/Документы/magnolia/applets/zig/zxxd/build/esp-idf/main/xxd.zig.o 
cd /home/tikhon/Документы/magnolia/applets/zig/zxxd/build/esp-idf/main && python3 /home/tikhon/Документы/magnolia/tools/zig_xtensa_toolchain.py --install-dir /home/tikhon/Документы/magnolia/build/toolchains/zig-xtensa && /home/tikhon/Документы/magnolia/build/toolchains/zig-xtensa/zig build-obj -target xtensa-freestanding-none -mcpu esp32s3 -OReleaseSmall --dep magnolia -Mroot=/home/tikhon/Документы/magnolia/applets/zig/zxxd/main/xxd.zig -Mmagnolia=/home/tikhon/Документы/magnolia/sdk/zig/magnolia.zig -femit-bin=/home/tikhon/Документы/magnolia/applets/zig/zxxd/build/esp-idf/main/xxd.zig.o && /home/tikhon/.espressif/tools/xtensa-esp-elf/esp-15.1.0_20250607/xtensa-esp-elf/bin/xtensa-esp32s3-elf-objcopy --set-section-flags .literal=alloc,load,contents,data /home/tikhon/Документы/magnolia/applets/zig/zxxd/build/esp-idf/main/xxd.zig.o && /home/tikhon/.espressif/tools/xtensa-esp-elf/esp-15.1.0_20250607/xtensa-esp-elf/bin/xtensa-esp32s3-elf-objcopy --set-section-flags .rodata=alloc,load,contents,data /home/tikhon/Документы/magnolia/applets/zig/zxxd/build/esp-idf/main/xxd.zig.o
0.14.0-dev.xtensa.2486+941677e08
/home/tikhon/Документы/magnolia/build/toolchains/zig-xtensa/zig-relsafe-espressif-x86_64-linux-musl-baseline/lib/std/posix.zig:68:21: error: struct 'posix.system__struct_1222' has no member named 'E'
/home/tikhon/Документы/magnolia/build/toolchains/zig-xtensa/zig-relsafe-espressif-x86_64-linux-musl-baseline/lib/std/posix.zig:48:13: note: struct declared here
/home/tikhon/Документы/magnolia/build/toolchains/zig-xtensa/zig-relsafe-espressif-x86_64-linux-musl-baseline/lib/std/posix.zig:4734:18: error: struct 'posix.system__struct_1222' has no member named 'MAP'
/home/tikhon/Документы/magnolia/build/toolchains/zig-xtensa/zig-relsafe-espressif-x86_64-linux-musl-baseline/lib/std/posix.zig:48:13: note: struct declared here
/home/tikhon/Документы/magnolia/applets/zig/zxxd/main/xxd.zig:301:27: error: root source file struct 'std' has no member named 'cstr'
/home/tikhon/Документы/magnolia/build/toolchains/zig-xtensa/zig-relsafe-espressif-x86_64-linux-musl-baseline/lib/std/std.zig:1:1: note: struct declared here
ninja: build stopped: subcommand failed.
[78/211] Building C object esp-idf/esp_driver_cam/CMakeFiles/__idf_esp_driver_cam.dir/dvp_share_ctrl.c.obj
[79/211] Building C object esp-idf/esp_driver_cam/CMakeFiles/__idf_esp_driver_cam.dir/esp_cam_ctlr.c.obj
[377/1046] Building C object esp-idf/newlib/CMakeFiles/__idf_newlib.dir/src/locks.c.obj
[378/1046] Building C object esp-idf/pthread/CMakeFiles/__idf_pthread.dir/pthread_rwlock.c.obj
[80/211] Building CXX object esp-idf/wear_levelling/CMakeFiles/__idf_wear_levelling.dir/wear_levelling.cpp.obj
[379/1046] Building C object esp-idf/newlib/CMakeFiles/__idf_newlib.dir/src/realpath.c.obj
[81/211] Linking C static library esp-idf/esp_https_server/libesp_https_server.a
[82/211] Building C object esp-idf/protocomm/CMakeFiles/__idf_protocomm.dir/src/transports/protocomm_httpd.c.obj
[380/1046] Building C object esp-idf/esp_driver_uart/CMakeFiles/__idf_esp_driver_uart.dir/src/uart.c.obj
[83/211] Building C object esp-idf/protocomm/CMakeFiles/__idf_protocomm.dir/src/security/security2.c.obj
[84/211] Building C object esp-idf/unity/CMakeFiles/__idf_unity.dir/unity/src/unity.c.obj
[381/1046] Building CXX object esp-idf/nvs_flash/CMakeFiles/__idf_nvs_flash.dir/src/nvs_handle_simple.cpp.obj
[85/211] Building C object esp-idf/esp_driver_cam/CMakeFiles/__idf_esp_driver_cam.dir/dvp/src/esp_cam_ctlr_dvp_gdma.c.obj
[382/1046] Building C object esp-idf/newlib/CMakeFiles/__idf_newlib.dir/src/scandir.c.obj
[383/1046] Building C object esp-idf/newlib/CMakeFiles/__idf_newlib.dir/src/sysconf.c.obj
[86/211] Linking C static library esp-idf/unity/libunity.a
[384/1046] Building C object esp-idf/newlib/CMakeFiles/__idf_newlib.dir/src/port/esp_time_impl.c.obj
[385/1046] Building C object esp-idf/newlib/CMakeFiles/__idf_newlib.dir/src/time.c.obj
[87/211] Building C object esp-idf/esp_hid/CMakeFiles/__idf_esp_hid.dir/src/esp_hidd.c.obj
[88/211] Building C object esp-idf/esp_driver_touch_sens/CMakeFiles/__idf_esp_driver_touch_sens.dir/hw_ver2/touch_version_specific.c.obj
[386/1046] Building C object esp-idf/newlib/CMakeFiles/__idf_newlib.dir/src/syscalls.c.obj
[387/1046] Building C object esp-idf/newlib/CMakeFiles/__idf_newlib.dir/src/reent_syscalls.c.obj
[388/1046] Building C object esp-idf/newlib/CMakeFiles/__idf_newlib.dir/src/reent_init.c.obj
[89/211] Building C object esp-idf/esp_lcd/CMakeFiles/__idf_esp_lcd.dir/src/esp_lcd_common.c.obj
[389/1046] Building C object esp-idf/newlib/CMakeFiles/__idf_newlib.dir/src/flockfile.c.obj
[390/1046] Building C object esp-idf/pthread/CMakeFiles/__idf_pthread.dir/pthread.c.obj
[90/211] Building C object esp-idf/esp_hid/CMakeFiles/__idf_esp_hid.dir/src/esp_hidh.c.obj
[391/1046] Building CXX object esp-idf/cxx/CMakeFiles/__idf_cxx.dir/cxx_guards.cpp.obj
[91/211] Building C object esp-idf/esp_hid/CMakeFiles/__idf_esp_hid.dir/src/esp_hid_common.c.obj
Loading defaults file /home/tikhon/Документы/magnolia/applets/rust/rshello/sdkconfig.defaults...
[92/211] Building C object esp-idf/json/CMakeFiles/__idf_json.dir/cJSON/cJSON_Utils.c.obj
[93/211] Building C object esp-idf/esp_eth/CMakeFiles/__idf_esp_eth.dir/src/esp_eth_netif_glue.c.obj
[392/1046] Building C object esp-idf/newlib/CMakeFiles/__idf_newlib.dir/src/newlib_init.c.obj
[393/1046] Building CXX object esp-idf/nvs_flash/CMakeFiles/__idf_nvs_flash.dir/src/nvs_page.cpp.obj
[94/211] Building C object esp-idf/esp_driver_touch_sens/CMakeFiles/__idf_esp_driver_touch_sens.dir/common/touch_sens_common.c.obj
-- ESP-TEE is currently supported only on the esp32c6;esp32h2;esp32c5 SoCs
[95/211] Building C object esp-idf/esp_lcd/CMakeFiles/__idf_esp_lcd.dir/src/esp_lcd_panel_io.c.obj
[394/1046] Building C object esp-idf/newlib/CMakeFiles/__idf_newlib.dir/src/stdatomic.c.obj
[96/211] Building C object esp-idf/esp_lcd/CMakeFiles/__idf_esp_lcd.dir/src/esp_lcd_panel_ops.c.obj
[395/1046] Building C object esp-idf/freertos/CMakeFiles/__idf_freertos.dir/port_common.c.obj
[396/1046] Building C object esp-idf/freertos/CMakeFiles/__idf_freertos.dir/app_startup.c.obj
[97/211] Building C object esp-idf/json/CMakeFiles/__idf_json.dir/cJSON/cJSON.c.obj
[397/1046] Building C object esp-idf/freertos/CMakeFiles/__idf_freertos.dir/heap_idf.c.obj
[98/211] Building C object esp-idf/esp_driver_cam/CMakeFiles/__idf_esp_driver_cam.dir/dvp/src/esp_cam_ctlr_dvp_cam.c.obj
[99/211] Building C object esp-idf/esp_eth/CMakeFiles/__idf_esp_eth.dir/src/esp_eth.c.obj
[398/1046] Building CXX object esp-idf/nvs_flash/CMakeFiles/__idf_nvs_flash.dir/src/nvs_encrypted_partition.cpp.obj
[100/211] Building C object esp-idf/espcoredump/CMakeFiles/__idf_espcoredump.dir/src/core_dump_init.c.obj
[399/1046] Building CXX object esp-idf/nvs_flash/CMakeFiles/__idf_nvs_flash.dir/src/nvs_api.cpp.obj
[400/1046] Building CXX object esp-idf/nvs_flash/CMakeFiles/__idf_nvs_flash.dir/src/nvs_handle_locked.cpp.obj
[401/1046] Building C object esp-idf/freertos/CMakeFiles/__idf_freertos.dir/FreeRTOS-Kernel/portable/xtensa/xtensa_init.c.obj
[101/211] Building CXX object esp-idf/wear_levelling/CMakeFiles/__idf_wear_levelling.dir/WL_Flash.cpp.obj
[402/1046] Building ASM object esp-idf/freertos/CMakeFiles/__idf_freertos.dir/FreeRTOS-Kernel/portable/xtensa/portasm.S.obj
[102/211] Building C object esp-idf/espcoredump/CMakeFiles/__idf_espcoredump.dir/src/core_dump_common.c.obj
[103/211] Building C object esp-idf/espcoredump/CMakeFiles/__idf_espcoredump.dir/src/core_dump_flash.c.obj
[403/1046] Building C object esp-idf/freertos/CMakeFiles/__idf_freertos.dir/FreeRTOS-Kernel/list.c.obj
[404/1046] Building CXX object esp-idf/nvs_flash/CMakeFiles/__idf_nvs_flash.dir/src/nvs_types.cpp.obj
[104/211] Building C object esp-idf/espcoredump/CMakeFiles/__idf_espcoredump.dir/src/core_dump_uart.c.obj
[105/211] Building C object esp-idf/espcoredump/CMakeFiles/__idf_espcoredump.dir/src/port/xtensa/core_dump_port.c.obj
[106/211] Building C object esp-idf/espcoredump/CMakeFiles/__idf_espcoredump.dir/src/core_dump_sha.c.obj
[405/1046] Building CXX object esp-idf/nvs_flash/CMakeFiles/__idf_nvs_flash.dir/src/nvs_partition_manager.cpp.obj
[107/211] Building C object esp-idf/esp_eth/CMakeFiles/__idf_esp_eth.dir/src/phy/esp_eth_phy_802_3.c.obj
[108/211] Building C object esp-idf/espcoredump/CMakeFiles/__idf_espcoredump.dir/src/core_dump_elf.c.obj
[406/1046] Building C object esp-idf/freertos/CMakeFiles/__idf_freertos.dir/esp_additions/idf_additions_event_groups.c.obj
[407/1046] Building C object esp-idf/esp_hw_support/CMakeFiles/__idf_esp_hw_support.dir/port/esp32s3/cpu_region_protect.c.obj
[109/211] Linking C static library esp-idf/wear_levelling/libwear_levelling.a
[408/1046] Building C object esp-idf/freertos/CMakeFiles/__idf_freertos.dir/FreeRTOS-Kernel/event_groups.c.obj
[110/211] Building C object esp-idf/esp_lcd/CMakeFiles/__idf_esp_lcd.dir/src/esp_lcd_panel_nt35510.c.obj
[111/211] Building C object esp-idf/esp_local_ctrl/CMakeFiles/__idf_esp_local_ctrl.dir/proto-c/esp_local_ctrl.pb-c.c.obj
[112/211] Building C object esp-idf/esp_lcd/CMakeFiles/__idf_esp_lcd.dir/src/esp_lcd_panel_st7789.c.obj
[409/1046] Building C object esp-idf/freertos/CMakeFiles/__idf_freertos.dir/FreeRTOS-Kernel/stream_buffer.c.obj
[410/1046] Building C object esp-idf/esp_hw_support/CMakeFiles/__idf_esp_hw_support.dir/hw_random.c.obj
[113/211] Building C object esp-idf/esp_lcd/CMakeFiles/__idf_esp_lcd.dir/i2c/esp_lcd_panel_io_i2c_v2.c.obj
[411/1046] Building C object esp-idf/freertos/CMakeFiles/__idf_freertos.dir/port_systick.c.obj
[412/1046] Building C object esp-idf/esp_hw_support/CMakeFiles/__idf_esp_hw_support.dir/esp_memory_utils.c.obj
Command failed (2): idf.py build
Skipping failed applet build: zxxd
[413/1046] Building C object esp-idf/esp_hw_support/CMakeFiles/__idf_esp_hw_support.dir/port/esp32s3/esp_cpu_intr.c.obj
[114/211] Building C object esp-idf/esp_lcd/CMakeFiles/__idf_esp_lcd.dir/src/esp_lcd_panel_ssd1306.c.obj
[414/1046] Building C object esp-idf/freertos/CMakeFiles/__idf_freertos.dir/FreeRTOS-Kernel/portable/xtensa/xtensa_overlay_os_hook.c.obj
[115/211] Building C object esp-idf/esp_local_ctrl/CMakeFiles/__idf_esp_local_ctrl.dir/src/esp_local_ctrl_transport_httpd.c.obj
[415/1046] Building C object esp-idf/esp_hw_support/CMakeFiles/__idf_esp_hw_support.dir/clk_ctrl_os.c.obj
[116/211] Building C object esp-idf/fatfs/CMakeFiles/__idf_fatfs.dir/port/freertos/ffsystem.c.obj
[416/1046] Building C object esp-idf/esp_hw_support/CMakeFiles/__idf_esp_hw_support.dir/cpu.c.obj
[117/211] Building C object esp-idf/fatfs/CMakeFiles/__idf_fatfs.dir/src/ffunicode.c.obj
[417/1046] Building C object esp-idf/esp_hw_support/CMakeFiles/__idf_esp_hw_support.dir/revision.c.obj
[118/211] Building C object esp-idf/esp_lcd/CMakeFiles/__idf_esp_lcd.dir/i2c/esp_lcd_panel_io_i2c_v1.c.obj
[418/1046] Building C object esp-idf/freertos/CMakeFiles/__idf_freertos.dir/FreeRTOS-Kernel/timers.c.obj
[419/1046] Building C object esp-idf/esp_hw_support/CMakeFiles/__idf_esp_hw_support.dir/esp_gpio_reserve.c.obj
[119/211] Linking C static library esp-idf/json/libjson.a
[420/1046] Building C object esp-idf/esp_hw_support/CMakeFiles/__idf_esp_hw_support.dir/mac_addr.c.obj
[421/1046] Building C object esp-idf/freertos/CMakeFiles/__idf_freertos.dir/esp_additions/idf_additions.c.obj
[120/211] Building C object esp-idf/protobuf-c/CMakeFiles/__idf_protobuf-c.dir/protobuf-c/protobuf-c/protobuf-c.c.obj
[121/211] Building C object esp-idf/esp_lcd/CMakeFiles/__idf_esp_lcd.dir/spi/esp_lcd_panel_io_spi.c.obj
[122/211] Building C object esp-idf/esp_local_ctrl/CMakeFiles/__idf_esp_local_ctrl.dir/src/esp_local_ctrl.c.obj
[123/211] Linking C static library esp-idf/protobuf-c/libprotobuf-c.a
[422/1046] Building C object esp-idf/esp_hw_support/CMakeFiles/__idf_esp_hw_support.dir/port/esp32s3/esp_clk_tree.c.obj
[423/1046] Building C object esp-idf/esp_hw_support/CMakeFiles/__idf_esp_hw_support.dir/clk_utils.c.obj
[124/211] Building C object esp-idf/esp_local_ctrl/CMakeFiles/__idf_esp_local_ctrl.dir/src/esp_local_ctrl_handler.c.obj
[424/1046] Building C object esp-idf/esp_hw_support/CMakeFiles/__idf_esp_hw_support.dir/dma/esp_dma_utils.c.obj
[125/211] Building C object esp-idf/fatfs/CMakeFiles/__idf_fatfs.dir/diskio/diskio_wl.c.obj
[126/211] Building C object esp-idf/mqtt/CMakeFiles/__idf_mqtt.dir/esp-mqtt/lib/platform_esp32_idf.c.obj
[425/1046] Building C object esp-idf/esp_hw_support/CMakeFiles/__idf_esp_hw_support.dir/esp_clk.c.obj
[127/211] Building C object esp-idf/fatfs/CMakeFiles/__idf_fatfs.dir/diskio/diskio.c.obj
[128/211] Building C object esp-idf/fatfs/CMakeFiles/__idf_fatfs.dir/diskio/diskio_rawflash.c.obj
[129/211] Linking C static library esp-idf/protocomm/libprotocomm.a
[426/1046] Building C object esp-idf/esp_hw_support/CMakeFiles/__idf_esp_hw_support.dir/regi2c_ctrl.c.obj
[130/211] Building C object esp-idf/perfmon/CMakeFiles/__idf_perfmon.dir/xtensa_perfmon_access.c.obj
[427/1046] Building C object esp-idf/esp_hw_support/CMakeFiles/__idf_esp_hw_support.dir/dma/gdma_link.c.obj
[428/1046] Building C object esp-idf/freertos/CMakeFiles/__idf_freertos.dir/FreeRTOS-Kernel/portable/xtensa/port.c.obj
[131/211] Building C object esp-idf/fatfs/CMakeFiles/__idf_fatfs.dir/diskio/diskio_sdmmc.c.obj
[132/211] Building C object esp-idf/perfmon/CMakeFiles/__idf_perfmon.dir/xtensa_perfmon_masks.c.obj
[429/1046] Building C object esp-idf/esp_hw_support/CMakeFiles/__idf_esp_hw_support.dir/rtc_module.c.obj
[430/1046] Building C object esp-idf/freertos/CMakeFiles/__idf_freertos.dir/FreeRTOS-Kernel/queue.c.obj
[431/1046] Building C object esp-idf/esp_hw_support/CMakeFiles/__idf_esp_hw_support.dir/sleep_usb.c.obj
-- Compiler supported targets: xtensa-esp-elf
[432/1046] Building C object esp-idf/esp_hw_support/CMakeFiles/__idf_esp_hw_support.dir/port/esp32s3/io_mux.c.obj
[433/1046] Building C object esp-idf/esp_hw_support/CMakeFiles/__idf_esp_hw_support.dir/sleep_console.c.obj
[133/211] Building C object esp-idf/perfmon/CMakeFiles/__idf_perfmon.dir/xtensa_perfmon_apis.c.obj
[434/1046] Building C object esp-idf/esp_hw_support/CMakeFiles/__idf_esp_hw_support.dir/sar_tsens_ctrl.c.obj
[435/1046] Building C object esp-idf/esp_hw_support/CMakeFiles/__idf_esp_hw_support.dir/spi_share_hw_ctrl.c.obj
[436/1046] Building C object esp-idf/esp_hw_support/CMakeFiles/__idf_esp_hw_support.dir/intr_alloc.c.obj
[437/1046] Building C object esp-idf/esp_hw_support/CMakeFiles/__idf_esp_hw_support.dir/sleep_event.c.obj
[438/1046] Building C object esp-idf/esp_hw_support/CMakeFiles/__idf_esp_hw_support.dir/periph_ctrl.c.obj
[134/211] Building C object esp-idf/nvs_sec_provider/CMakeFiles/__idf_nvs_sec_provider.dir/nvs_sec_provider.c.obj
[135/211] Building C object esp-idf/rt/CMakeFiles/__idf_rt.dir/FreeRTOS_POSIX_utils.c.obj
[136/211] Building C object esp-idf/spiffs/CMakeFiles/__idf_spiffs.dir/spiffs/src/spiffs_cache.c.obj
[439/1046] Building C object esp-idf/esp_hw_support/CMakeFiles/__idf_esp_hw_support.dir/port/esp32s3/systimer.c.obj
[137/211] Building C object esp-idf/spiffs/CMakeFiles/__idf_spiffs.dir/spiffs_api.c.obj
[440/1046] Building C object esp-idf/esp_hw_support/CMakeFiles/__idf_esp_hw_support.dir/port/esp_clk_tree_common.c.obj
[441/1046] Building C object esp-idf/esp_hw_support/CMakeFiles/__idf_esp_hw_support.dir/adc_share_hw_ctrl.c.obj
[138/211] Building C object esp-idf/fatfs/CMakeFiles/__idf_fatfs.dir/vfs/vfs_fat.c.obj
[442/1046] Building C object esp-idf/esp_hw_support/CMakeFiles/__idf_esp_hw_support.dir/sleep_modem.c.obj
[139/211] Building C object esp-idf/spiffs/CMakeFiles/__idf_spiffs.dir/spiffs/src/spiffs_gc.c.obj
[443/1046] Building C object esp-idf/esp_hw_support/CMakeFiles/__idf_esp_hw_support.dir/dma/esp_async_memcpy.c.obj
[444/1046] Building C object esp-idf/esp_hw_support/CMakeFiles/__idf_esp_hw_support.dir/sleep_gpio.c.obj
[140/211] Building C object esp-idf/fatfs/CMakeFiles/__idf_fatfs.dir/vfs/vfs_fat_spiflash.c.obj
[141/211] Building C object esp-idf/spiffs/CMakeFiles/__idf_spiffs.dir/spiffs/src/spiffs_check.c.obj
[445/1046] Building C object esp-idf/esp_hw_support/CMakeFiles/__idf_esp_hw_support.dir/usb_phy/usb_phy.c.obj
[446/1046] Building CXX object esp-idf/nvs_flash/CMakeFiles/__idf_nvs_flash.dir/src/nvs_storage.cpp.obj
[142/211] Building C object esp-idf/mqtt/CMakeFiles/__idf_mqtt.dir/esp-mqtt/lib/mqtt_msg.c.obj
[143/211] Building C object esp-idf/mqtt/CMakeFiles/__idf_mqtt.dir/esp-mqtt/lib/mqtt_outbox.c.obj
[144/211] Building C object esp-idf/esp_lcd/CMakeFiles/__idf_esp_lcd.dir/i80/esp_lcd_panel_io_i80.c.obj
[145/211] Building C object esp-idf/fatfs/CMakeFiles/__idf_fatfs.dir/vfs/vfs_fat_sdmmc.c.obj
[146/211] Building C object esp-idf/rt/CMakeFiles/__idf_rt.dir/FreeRTOS_POSIX_mqueue.c.obj
[447/1046] Building C object esp-idf/esp_hw_support/CMakeFiles/__idf_esp_hw_support.dir/esp_clock_output.c.obj
[448/1046] Building C object esp-idf/esp_hw_support/CMakeFiles/__idf_esp_hw_support.dir/power_supply/brownout.c.obj
[449/1046] Building C object esp-idf/esp_hw_support/CMakeFiles/__idf_esp_hw_support.dir/port/esp32s3/rtc_time.c.obj
[450/1046] Linking C static library esp-idf/nvs_flash/libnvs_flash.a
[451/1046] Building C object esp-idf/esp_hw_support/CMakeFiles/__idf_esp_hw_support.dir/mspi_timing_tuning/mspi_timing_tuning.c.obj
[452/1046] Building C object esp-idf/esp_hw_support/CMakeFiles/__idf_esp_hw_support.dir/port/esp32s3/rtc_clk_init.c.obj
[453/1046] Building C object esp-idf/esp_hw_support/CMakeFiles/__idf_esp_hw_support.dir/port/esp32s3/chip_info.c.obj
[147/211] Building C object esp-idf/usb/CMakeFiles/__idf_usb.dir/usb_helpers.c.obj
[454/1046] Building C object esp-idf/esp_hw_support/CMakeFiles/__idf_esp_hw_support.dir/dma/async_memcpy_gdma.c.obj
[455/1046] Linking C static library esp-idf/esp_event/libesp_event.a
[456/1046] Building C object esp-idf/soc/CMakeFiles/__idf_soc.dir/lldesc.c.obj
-- App "rshello" version: 96a69bd-dirty
[457/1046] Building C object esp-idf/esp_hw_support/CMakeFiles/__idf_esp_hw_support.dir/port/esp32s3/rtc_sleep.c.obj
[458/1046] Building C object esp-idf/esp_hw_support/CMakeFiles/__idf_esp_hw_support.dir/port/esp_memprot_conv.c.obj
[459/1046] Building C object esp-idf/esp_hw_support/CMakeFiles/__idf_esp_hw_support.dir/sleep_wake_stub.c.obj
[460/1046] Building C object esp-idf/esp_hw_support/CMakeFiles/__idf_esp_hw_support.dir/port/esp32s3/sar_periph_ctrl.c.obj
[461/1046] Building C object esp-idf/esp_hw_support/CMakeFiles/__idf_esp_hw_support.dir/mspi_timing_tuning/port/esp32s3/mspi_timing_config.c.obj
[462/1046] Building C object esp-idf/esp_hw_support/CMakeFiles/__idf_esp_hw_support.dir/spi_bus_lock.c.obj
[148/211] Building C object esp-idf/usb/CMakeFiles/__idf_usb.dir/usb_private.c.obj
[463/1046] Building C object esp-idf/soc/CMakeFiles/__idf_soc.dir/dport_access_common.c.obj
[464/1046] Building C object esp-idf/soc/CMakeFiles/__idf_soc.dir/esp32s3/interrupts.c.obj
[465/1046] Building C object esp-idf/esp_hw_support/CMakeFiles/__idf_esp_hw_support.dir/dma/gdma.c.obj
[466/1046] Linking C static library esp-idf/esp_driver_uart/libesp_driver_uart.a
[149/211] Building C object esp-idf/usb/CMakeFiles/__idf_usb.dir/hub.c.obj
[467/1046] Building C object esp-idf/soc/CMakeFiles/__idf_soc.dir/esp32s3/gdma_periph.c.obj
[468/1046] Building C object esp-idf/soc/CMakeFiles/__idf_soc.dir/esp32s3/adc_periph.c.obj
[469/1046] Building C object esp-idf/soc/CMakeFiles/__idf_soc.dir/esp32s3/uart_periph.c.obj
[470/1046] Building C object esp-idf/soc/CMakeFiles/__idf_soc.dir/esp32s3/pcnt_periph.c.obj
[471/1046] Linking C static library esp-idf/esp_ringbuf/libesp_ringbuf.a
[472/1046] Building C object esp-idf/soc/CMakeFiles/__idf_soc.dir/esp32s3/sdm_periph.c.obj
[473/1046] Building C object esp-idf/soc/CMakeFiles/__idf_soc.dir/esp32s3/dedic_gpio_periph.c.obj
[474/1046] Building C object esp-idf/soc/CMakeFiles/__idf_soc.dir/esp32s3/ledc_periph.c.obj
[475/1046] Building C object esp-idf/soc/CMakeFiles/__idf_soc.dir/esp32s3/gpio_periph.c.obj
[150/211] Building C object esp-idf/spiffs/CMakeFiles/__idf_spiffs.dir/spiffs/src/spiffs_hydrogen.c.obj
[476/1046] Building C object esp-idf/soc/CMakeFiles/__idf_soc.dir/esp32s3/spi_periph.c.obj
[477/1046] Building C object esp-idf/soc/CMakeFiles/__idf_soc.dir/esp32s3/rmt_periph.c.obj
[478/1046] Building C object esp-idf/esp_hw_support/CMakeFiles/__idf_esp_hw_support.dir/lowpower/port/esp32s3/sleep_cpu.c.obj
[479/1046] Linking C static library esp-idf/esp_driver_gptimer/libesp_driver_gptimer.a
[480/1046] Building C object esp-idf/soc/CMakeFiles/__idf_soc.dir/esp32s3/lcd_periph.c.obj
[481/1046] Building C object esp-idf/soc/CMakeFiles/__idf_soc.dir/esp32s3/touch_sensor_periph.c.obj
[151/211] Building C object esp-idf/wifi_provisioning/CMakeFiles/__idf_wifi_provisioning.dir/src/wifi_config.c.obj
[482/1046] Building C object esp-idf/esp_hw_support/CMakeFiles/__idf_esp_hw_support.dir/port/esp32s3/rtc_init.c.obj
[483/1046] Building C object esp-idf/soc/CMakeFiles/__idf_soc.dir/esp32s3/i2s_periph.c.obj
[484/1046] Building C object esp-idf/esp_hw_support/CMakeFiles/__idf_esp_hw_support.dir/mspi_timing_tuning/port/esp32s3/mspi_timing_by_mspi_delay.c.obj
[152/211] Building C object esp-idf/wifi_provisioning/CMakeFiles/__idf_wifi_provisioning.dir/src/wifi_scan.c.obj
[485/1046] Building C object esp-idf/soc/CMakeFiles/__idf_soc.dir/esp32s3/mcpwm_periph.c.obj
[486/1046] Building C object esp-idf/soc/CMakeFiles/__idf_soc.dir/esp32s3/sdmmc_periph.c.obj
[487/1046] Building C object esp-idf/soc/CMakeFiles/__idf_soc.dir/esp32s3/twai_periph.c.obj
[488/1046] Linking C static library esp-idf/esp_timer/libesp_timer.a
[489/1046] Building C object esp-idf/soc/CMakeFiles/__idf_soc.dir/esp32s3/i2c_periph.c.obj
[490/1046] Building C object esp-idf/soc/CMakeFiles/__idf_soc.dir/esp32s3/temperature_sensor_periph.c.obj
[491/1046] Building C object esp-idf/soc/CMakeFiles/__idf_soc.dir/esp32s3/timer_periph.c.obj
[492/1046] Building C object esp-idf/soc/CMakeFiles/__idf_soc.dir/esp32s3/usb_dwc_periph.c.obj
[493/1046] Building C object esp-idf/soc/CMakeFiles/__idf_soc.dir/esp32s3/cam_periph.c.obj
[494/1046] Building C object esp-idf/soc/CMakeFiles/__idf_soc.dir/esp32s3/mpi_periph.c.obj
[495/1046] Building C object esp-idf/soc/CMakeFiles/__idf_soc.dir/esp32s3/power_supply_periph.c.obj
[496/1046] Building C object esp-idf/soc/CMakeFiles/__idf_soc.dir/esp32s3/rtc_io_periph.c.obj
[153/211] Building C object esp-idf/wifi_provisioning/CMakeFiles/__idf_wifi_provisioning.dir/src/wifi_ctrl.c.obj
[497/1046] Linking C static library esp-idf/cxx/libcxx.a
[498/1046] Building C object esp-idf/soc/CMakeFiles/__idf_soc.dir/esp32s3/wdt_periph.c.obj
[499/1046] Linking C static library esp-idf/pthread/libpthread.a
[154/211] Building C object esp-idf/usb/CMakeFiles/__idf_usb.dir/enum.c.obj
[155/211] Building C object esp-idf/touch_element/CMakeFiles/__idf_touch_element.dir/touch_button.c.obj
[500/1046] Building C object esp-idf/freertos/CMakeFiles/__idf_freertos.dir/FreeRTOS-Kernel/tasks.c.obj
[156/211] Building C object esp-idf/esp_lcd/CMakeFiles/__idf_esp_lcd.dir/rgb/esp_lcd_panel_rgb.c.obj
[501/1046] Building C object esp-idf/heap/CMakeFiles/__idf_heap.dir/heap_caps_base.c.obj
[157/211] Building C object esp-idf/touch_element/CMakeFiles/__idf_touch_element.dir/touch_matrix.c.obj
[158/211] Building C object esp-idf/fatfs/CMakeFiles/__idf_fatfs.dir/src/ff.c.obj
[159/211] Building C object esp-idf/touch_element/CMakeFiles/__idf_touch_element.dir/touch_slider.c.obj
[502/1046] Building C object esp-idf/log/CMakeFiles/__idf_log.dir/src/os/log_timestamp.c.obj
[160/211] Building C object esp-idf/spiffs/CMakeFiles/__idf_spiffs.dir/spiffs/src/spiffs_nucleus.c.obj
[161/211] Building C object esp-idf/wifi_provisioning/CMakeFiles/__idf_wifi_provisioning.dir/src/scheme_console.c.obj
[503/1046] Building C object esp-idf/log/CMakeFiles/__idf_log.dir/src/util.c.obj
[162/211] Building C object esp-idf/wifi_provisioning/CMakeFiles/__idf_wifi_provisioning.dir/proto-c/wifi_config.pb-c.c.obj
[504/1046] Building C object esp-idf/esp_hw_support/CMakeFiles/__idf_esp_hw_support.dir/port/esp32s3/rtc_clk.c.obj
[505/1046] Linking C static library esp-idf/newlib/libnewlib.a
[506/1046] Building C object esp-idf/heap/CMakeFiles/__idf_heap.dir/heap_caps_init.c.obj
[507/1046] Building C object esp-idf/heap/CMakeFiles/__idf_heap.dir/port/memory_layout_utils.c.obj
[508/1046] Building C object esp-idf/heap/CMakeFiles/__idf_heap.dir/port/esp32s3/memory_layout.c.obj
[163/211] Building C object esp-idf/espressif__elf_loader/CMakeFiles/__idf_espressif__elf_loader.dir/src/esp_elf_adapter.c.obj
[164/211] Building C object esp-idf/wifi_provisioning/CMakeFiles/__idf_wifi_provisioning.dir/proto-c/wifi_constants.pb-c.c.obj
[509/1046] Building C object esp-idf/heap/CMakeFiles/__idf_heap.dir/multi_heap.c.obj
[165/211] Building C object esp-idf/touch_element/CMakeFiles/__idf_touch_element.dir/touch_element.c.obj
[510/1046] Building C object esp-idf/log/CMakeFiles/__idf_log.dir/src/os/log_lock.c.obj
[166/211] Linking C static library esp-idf/app_trace/libapp_trace.a
[511/1046] Building C object esp-idf/log/CMakeFiles/__idf_log.dir/src/log_print.c.obj
[167/211] Building C object esp-idf/wifi_provisioning/CMakeFiles/__idf_wifi_provisioning.dir/src/handlers.c.obj
[168/211] Building C object esp-idf/usb/CMakeFiles/__idf_usb.dir/usbh.c.obj
[169/211] Building C object esp-idf/wifi_provisioning/CMakeFiles/__idf_wifi_provisioning.dir/proto-c/wifi_scan.pb-c.c.obj
[512/1046] Building C object esp-idf/log/CMakeFiles/__idf_log.dir/src/log_format_text.c.obj
[513/1046] Building C object esp-idf/log/CMakeFiles/__idf_log.dir/src/log_level/log_level.c.obj
[170/211] Building C object esp-idf/wifi_provisioning/CMakeFiles/__idf_wifi_provisioning.dir/proto-c/wifi_ctrl.pb-c.c.obj
[171/211] Linking C static library esp-idf/esp_driver_cam/libesp_driver_cam.a
[514/1046] Building C object esp-idf/log/CMakeFiles/__idf_log.dir/src/log.c.obj
[515/1046] Building C object esp-idf/log/CMakeFiles/__idf_log.dir/src/log_timestamp_common.c.obj
[172/211] Building C object esp-idf/wifi_provisioning/CMakeFiles/__idf_wifi_provisioning.dir/src/scheme_softap.c.obj
[173/211] Linking C static library esp-idf/cmock/libcmock.a
[516/1046] Building C object esp-idf/log/CMakeFiles/__idf_log.dir/src/buffer/log_buffers.c.obj
[517/1046] Building C object esp-idf/log/CMakeFiles/__idf_log.dir/src/os/util.c.obj
[518/1046] Building C object esp-idf/log/CMakeFiles/__idf_log.dir/src/os/log_write.c.obj
[174/211] Linking C static library esp-idf/esp_driver_touch_sens/libesp_driver_touch_sens.a
[519/1046] Building C object esp-idf/log/CMakeFiles/__idf_log.dir/src/log_level/tag_log_level/tag_log_level.c.obj
[175/211] Linking C static library esp-idf/esp_hid/libesp_hid.a
[520/1046] Building C object esp-idf/log/CMakeFiles/__idf_log.dir/src/log_level/tag_log_level/linked_list/log_linked_list.c.obj
[176/211] Building C object esp-idf/espressif__elf_loader/CMakeFiles/__idf_espressif__elf_loader.dir/src/arch/esp_elf_xtensa.c.obj
[177/211] Linking C static library esp-idf/esp_eth/libesp_eth.a
[521/1046] Linking C static library esp-idf/freertos/libfreertos.a
[178/211] Building C object esp-idf/spiffs/CMakeFiles/__idf_spiffs.dir/esp_spiffs.c.obj
[179/211] Building C object esp-idf/mqtt/CMakeFiles/__idf_mqtt.dir/esp-mqtt/mqtt_client.c.obj
[180/211] Linking C static library esp-idf/esp_local_ctrl/libesp_local_ctrl.a
[181/211] Linking C static library esp-idf/nvs_sec_provider/libnvs_sec_provider.a
[182/211] Linking C static library esp-idf/perfmon/libperfmon.a
-- Found Python3: /home/tikhon/.espressif/python_env/idf6.0_py3.12_env/bin/python (found version "3.12.3") found components: Interpreter 
[522/1046] Building C object esp-idf/hal/CMakeFiles/__idf_hal.dir/hal_utils.c.obj
[183/211] Linking C static library esp-idf/esp_lcd/libesp_lcd.a
[184/211] Linking C static library esp-idf/rt/librt.a
[185/211] Linking C static library esp-idf/espcoredump/libespcoredump.a
[523/1046] Building C object esp-idf/log/CMakeFiles/__idf_log.dir/src/log_level/tag_log_level/cache/log_binary_heap.c.obj
[524/1046] Building C object esp-idf/heap/CMakeFiles/__idf_heap.dir/heap_caps.c.obj
[186/211] Linking C static library esp-idf/touch_element/libtouch_element.a
[187/211] Linking C static library esp-idf/mqtt/libmqtt.a
[525/1046] Building C object esp-idf/hal/CMakeFiles/__idf_hal.dir/mpu_hal.c.obj
[526/1046] Building C object esp-idf/hal/CMakeFiles/__idf_hal.dir/color_hal.c.obj
[527/1046] Building C object esp-idf/esp_hw_support/CMakeFiles/__idf_esp_hw_support.dir/port/esp32s3/esp_memprot.c.obj
[188/211] Linking C static library esp-idf/fatfs/libfatfs.a
[189/211] Linking C static library esp-idf/spiffs/libspiffs.a
[528/1046] Building C object esp-idf/hal/CMakeFiles/__idf_hal.dir/esp32s3/efuse_hal.c.obj
[190/211] Building C object esp-idf/espressif__elf_loader/CMakeFiles/__idf_espressif__elf_loader.dir/src/esp_elf_symbol.c.obj
[191/211] Building C object esp-idf/usb/CMakeFiles/__idf_usb.dir/hcd_dwc.c.obj
[529/1046] Building C object esp-idf/hal/CMakeFiles/__idf_hal.dir/efuse_hal.c.obj
[530/1046] Building C object esp-idf/hal/CMakeFiles/__idf_hal.dir/spi_flash_encrypt_hal_iram.c.obj
[531/1046] Building C object esp-idf/esp_hw_support/CMakeFiles/__idf_esp_hw_support.dir/sleep_modes.c.obj
[532/1046] Building C object esp-idf/hal/CMakeFiles/__idf_hal.dir/mmu_hal.c.obj
[192/211] Building C object esp-idf/espressif__elf_loader/CMakeFiles/__idf_espressif__elf_loader.dir/src/esp_elf.c.obj
[533/1046] Building C object esp-idf/hal/CMakeFiles/__idf_hal.dir/ledc_hal.c.obj
-- Project sdkconfig file /home/tikhon/Документы/magnolia/applets/rust/rusthello/sdkconfig
[534/1046] Building C object esp-idf/hal/CMakeFiles/__idf_hal.dir/systimer_hal.c.obj
-- Project sdkconfig file /home/tikhon/Документы/magnolia/applets/rust/rxxd/sdkconfig
-- Project sdkconfig file /home/tikhon/Документы/magnolia/applets/zig/zighello/sdkconfig
[535/1046] Building C object esp-idf/hal/CMakeFiles/__idf_hal.dir/uart_hal.c.obj
[536/1046] Building C object esp-idf/hal/CMakeFiles/__idf_hal.dir/gpio_hal.c.obj
[193/211] Linking C static library esp-idf/espressif__elf_loader/libespressif__elf_loader.a
[537/1046] Building C object esp-idf/hal/CMakeFiles/__idf_hal.dir/cache_hal.c.obj
[538/1046] Building C object esp-idf/hal/CMakeFiles/__idf_hal.dir/spi_flash_hal.c.obj
[539/1046] Building C object esp-idf/hal/CMakeFiles/__idf_hal.dir/uart_hal_iram.c.obj
[540/1046] Building C object esp-idf/hal/CMakeFiles/__idf_hal.dir/rtc_io_hal.c.obj
[541/1046] Building C object esp-idf/hal/CMakeFiles/__idf_hal.dir/timer_hal.c.obj
[542/1046] Building C object esp-idf/hal/CMakeFiles/__idf_hal.dir/rmt_hal.c.obj
[543/1046] Building C object esp-idf/hal/CMakeFiles/__idf_hal.dir/esp32s3/clk_tree_hal.c.obj
-- Performing Test CMAKE_HAVE_LIBC_PTHREAD
[544/1046] Building C object esp-idf/hal/CMakeFiles/__idf_hal.dir/ledc_hal_iram.c.obj
[545/1046] Linking C static library esp-idf/esp_hw_support/libesp_hw_support.a
[194/211] Building C object esp-idf/usb/CMakeFiles/__idf_usb.dir/usb_host.c.obj
[546/1046] Building C object esp-idf/hal/CMakeFiles/__idf_hal.dir/sdm_hal.c.obj
[547/1046] Building C object esp-idf/hal/CMakeFiles/__idf_hal.dir/pcnt_hal.c.obj
[548/1046] Building C object esp-idf/hal/CMakeFiles/__idf_hal.dir/uhci_hal.c.obj
[549/1046] Building C object esp-idf/hal/CMakeFiles/__idf_hal.dir/i2c_hal.c.obj
[550/1046] Building C object esp-idf/hal/CMakeFiles/__idf_hal.dir/sdmmc_hal.c.obj
[551/1046] Building C object esp-idf/hal/CMakeFiles/__idf_hal.dir/i2c_hal_iram.c.obj
[195/211] Building C object esp-idf/wifi_provisioning/CMakeFiles/__idf_wifi_provisioning.dir/src/manager.c.obj
[552/1046] Building C object esp-idf/hal/CMakeFiles/__idf_hal.dir/gdma_hal_top.c.obj
[553/1046] Building C object esp-idf/hal/CMakeFiles/__idf_hal.dir/lcd_hal.c.obj
[196/211] Linking C static library esp-idf/usb/libusb.a
[2/14] Performing build step for 'bootloader'
[1/123] Building C object esp-idf/log/CMakeFiles/__idf_log.dir/src/noos/util.c.obj
[2/123] Building C object esp-idf/log/CMakeFiles/__idf_log.dir/src/noos/log_timestamp.c.obj
[3/123] Building C object esp-idf/log/CMakeFiles/__idf_log.dir/src/log_timestamp_common.c.obj
[4/123] Building ASM object esp-idf/esp_rom/CMakeFiles/__idf_esp_rom.dir/patches/esp_rom_longjmp.S.obj
[5/123] Building C object esp-idf/log/CMakeFiles/__idf_log.dir/src/log_print.c.obj
[6/123] Building C object esp-idf/esp_rom/CMakeFiles/__idf_esp_rom.dir/patches/esp_rom_sys.c.obj
[7/123] Building ASM object esp-idf/esp_rom/CMakeFiles/__idf_esp_rom.dir/patches/esp_rom_cache_writeback_esp32s3.S.obj
[8/123] Building C object esp-idf/esp_rom/CMakeFiles/__idf_esp_rom.dir/patches/esp_rom_crc.c.obj
[9/123] Building C object esp-idf/esp_rom/CMakeFiles/__idf_esp_rom.dir/patches/esp_rom_spiflash.c.obj
[10/123] Building C object esp-idf/log/CMakeFiles/__idf_log.dir/src/util.c.obj
[11/123] Building C object esp-idf/esp_rom/CMakeFiles/__idf_esp_rom.dir/patches/esp_rom_efuse.c.obj
[12/123] Building C object esp-idf/esp_rom/CMakeFiles/__idf_esp_rom.dir/patches/esp_rom_systimer.c.obj
[13/123] Building C object esp-idf/esp_rom/CMakeFiles/__idf_esp_rom.dir/patches/esp_rom_wdt.c.obj
[14/123] Building C object esp-idf/log/CMakeFiles/__idf_log.dir/src/log_format_text.c.obj
[15/123] Building C object esp-idf/esp_rom/CMakeFiles/__idf_esp_rom.dir/patches/esp_rom_gpio.c.obj
[16/123] Building C object esp-idf/log/CMakeFiles/__idf_log.dir/src/noos/log_lock.c.obj
[17/123] Building C object esp-idf/log/CMakeFiles/__idf_log.dir/src/log.c.obj
[18/123] Building C object esp-idf/esp_rom/CMakeFiles/__idf_esp_rom.dir/patches/esp_rom_serial_output.c.obj
[19/123] Building C object esp-idf/esp_common/CMakeFiles/__idf_esp_common.dir/src/esp_err_to_name.c.obj
[20/123] Building C object esp-idf/esp_hw_support/CMakeFiles/__idf_esp_hw_support.dir/port/esp32s3/cpu_region_protect.c.obj
[21/123] Building C object esp-idf/esp_hw_support/CMakeFiles/__idf_esp_hw_support.dir/port/esp32s3/esp_cpu_intr.c.obj
[22/123] Building C object esp-idf/esp_hw_support/CMakeFiles/__idf_esp_hw_support.dir/esp_memory_utils.c.obj
[23/123] Building C object esp-idf/esp_rom/CMakeFiles/__idf_esp_rom.dir/patches/esp_rom_cache_esp32s2_esp32s3.c.obj
[24/123] Building C object esp-idf/esp_hw_support/CMakeFiles/__idf_esp_hw_support.dir/port/esp32s3/chip_info.c.obj
[25/123] Building C object esp-idf/log/CMakeFiles/__idf_log.dir/src/buffer/log_buffers.c.obj
[26/123] Building C object esp-idf/esp_hw_support/CMakeFiles/__idf_esp_hw_support.dir/cpu.c.obj
[27/123] Building C object esp-idf/efuse/CMakeFiles/__idf_efuse.dir/esp32s3/esp_efuse_fields.c.obj
[28/123] Building C object esp-idf/esp_system/CMakeFiles/__idf_esp_system.dir/esp_err.c.obj
[29/123] Building C object esp-idf/efuse/CMakeFiles/__idf_efuse.dir/esp32s3/esp_efuse_utility.c.obj
[30/123] Building C object esp-idf/efuse/CMakeFiles/__idf_efuse.dir/esp32s3/esp_efuse_rtc_calib.c.obj
[31/123] Linking C static library esp-idf/log/liblog.a
[32/123] Building C object esp-idf/efuse/CMakeFiles/__idf_efuse.dir/esp32s3/esp_efuse_table.c.obj
[33/123] Building C object esp-idf/bootloader_support/CMakeFiles/__idf_bootloader_support.dir/src/bootloader_efuse.c.obj
[34/123] Building C object esp-idf/bootloader_support/CMakeFiles/__idf_bootloader_support.dir/src/bootloader_mem.c.obj
[35/123] Building C object esp-idf/esp_hw_support/CMakeFiles/__idf_esp_hw_support.dir/port/esp32s3/rtc_clk_init.c.obj
[36/123] Building C object esp-idf/bootloader_support/CMakeFiles/__idf_bootloader_support.dir/src/bootloader_clock_init.c.obj
[37/123] Building C object esp-idf/esp_hw_support/CMakeFiles/__idf_esp_hw_support.dir/port/esp32s3/rtc_sleep.c.obj
[38/123] Building C object esp-idf/bootloader_support/CMakeFiles/__idf_bootloader_support.dir/src/bootloader_random.c.obj
[39/123] Building C object esp-idf/efuse/CMakeFiles/__idf_efuse.dir/src/esp_efuse_fields.c.obj
[40/123] Building C object esp-idf/esp_rom/CMakeFiles/__idf_esp_rom.dir/patches/esp_rom_print.c.obj
[41/123] Building C object esp-idf/efuse/CMakeFiles/__idf_efuse.dir/src/efuse_controller/keys/with_key_purposes/esp_efuse_api_key.c.obj
[42/123] Building C object esp-idf/bootloader_support/CMakeFiles/__idf_bootloader_support.dir/src/bootloader_common.c.obj
[43/123] Building C object esp-idf/bootloader_support/CMakeFiles/__idf_bootloader_support.dir/src/secure_boot.c.obj
[44/123] Linking C static library esp-idf/esp_rom/libesp_rom.a
[45/123] Building C object esp-idf/bootloader_support/CMakeFiles/__idf_bootloader_support.dir/src/flash_encrypt.c.obj
[46/123] Building C object esp-idf/esp_hw_support/CMakeFiles/__idf_esp_hw_support.dir/port/esp32s3/rtc_time.c.obj
[47/123] Building C object esp-idf/bootloader_support/CMakeFiles/__idf_bootloader_support.dir/src/bootloader_clock_loader.c.obj
[48/123] Linking C static library esp-idf/esp_common/libesp_common.a
[49/123] Building C object esp-idf/bootloader_support/CMakeFiles/__idf_bootloader_support.dir/src/bootloader_common_loader.c.obj
[50/123] Building C object esp-idf/bootloader_support/CMakeFiles/__idf_bootloader_support.dir/src/bootloader_sha.c.obj
[51/123] Building C object esp-idf/bootloader_support/CMakeFiles/__idf_bootloader_support.dir/bootloader_flash/src/flash_qio_mode.c.obj
[52/123] Building C object esp-idf/bootloader_support/CMakeFiles/__idf_bootloader_support.dir/src/flash_partitions.c.obj
[53/123] Building C object esp-idf/bootloader_support/CMakeFiles/__idf_bootloader_support.dir/src/esp32s3/bootloader_soc.c.obj
[54/123] Building C object esp-idf/esp_hw_support/CMakeFiles/__idf_esp_hw_support.dir/port/esp32s3/rtc_clk.c.obj
[55/123] Building C object esp-idf/efuse/CMakeFiles/__idf_efuse.dir/src/esp_efuse_api.c.obj
[56/123] Building C object esp-idf/bootloader_support/CMakeFiles/__idf_bootloader_support.dir/src/bootloader_random_esp32s3.c.obj
[57/123] Building C object esp-idf/bootloader_support/CMakeFiles/__idf_bootloader_support.dir/bootloader_flash/src/bootloader_flash_config_esp32s3.c.obj
[58/123] Building C object esp-idf/esp_hw_support/CMakeFiles/__idf_esp_hw_support.dir/port/esp32s3/rtc_init.c.obj
[59/123] Building C object esp-idf/bootloader_support/CMakeFiles/__idf_bootloader_support.dir/src/bootloader_console_loader.c.obj
[60/123] Building C object esp-idf/esp_bootloader_format/CMakeFiles/__idf_esp_bootloader_format.dir/esp_bootloader_desc.c.obj
[61/123] Building C object esp-idf/efuse/CMakeFiles/__idf_efuse.dir/src/esp_efuse_utility.c.obj
[62/123] Building C object esp-idf/soc/CMakeFiles/__idf_soc.dir/lldesc.c.obj
[63/123] Building C object esp-idf/hal/CMakeFiles/__idf_hal.dir/hal_utils.c.obj
[64/123] Building C object esp-idf/bootloader_support/CMakeFiles/__idf_bootloader_support.dir/src/bootloader_console.c.obj
[65/123] Building C object esp-idf/bootloader_support/CMakeFiles/__idf_bootloader_support.dir/src/bootloader_panic.c.obj
[66/123] Linking C static library esp-idf/esp_hw_support/libesp_hw_support.a
[67/123] Building C object esp-idf/hal/CMakeFiles/__idf_hal.dir/mpu_hal.c.obj
[68/123] Building C object esp-idf/soc/CMakeFiles/__idf_soc.dir/esp32s3/interrupts.c.obj
[69/123] Building C object esp-idf/soc/CMakeFiles/__idf_soc.dir/esp32s3/adc_periph.c.obj
[70/123] Building C object esp-idf/soc/CMakeFiles/__idf_soc.dir/esp32s3/dedic_gpio_periph.c.obj
[71/123] Building C object esp-idf/soc/CMakeFiles/__idf_soc.dir/dport_access_common.c.obj
[72/123] Linking C static library esp-idf/esp_system/libesp_system.a
[73/123] Building C object esp-idf/hal/CMakeFiles/__idf_hal.dir/efuse_hal.c.obj
[74/123] Building C object esp-idf/soc/CMakeFiles/__idf_soc.dir/esp32s3/uart_periph.c.obj
[75/123] Building C object esp-idf/soc/CMakeFiles/__idf_soc.dir/esp32s3/gdma_periph.c.obj
[76/123] Building C object esp-idf/soc/CMakeFiles/__idf_soc.dir/esp32s3/gpio_periph.c.obj
[77/123] Building C object esp-idf/soc/CMakeFiles/__idf_soc.dir/esp32s3/pcnt_periph.c.obj
[78/123] Building C object esp-idf/bootloader_support/CMakeFiles/__idf_bootloader_support.dir/src/bootloader_init.c.obj
[79/123] Building C object esp-idf/soc/CMakeFiles/__idf_soc.dir/esp32s3/ledc_periph.c.obj
[80/123] Building C object esp-idf/hal/CMakeFiles/__idf_hal.dir/mmu_hal.c.obj
[81/123] Building C object esp-idf/hal/CMakeFiles/__idf_hal.dir/esp32s3/efuse_hal.c.obj
[82/123] Building C object esp-idf/spi_flash/CMakeFiles/__idf_spi_flash.dir/spi_flash_wrap.c.obj
[83/123] Building C object esp-idf/soc/CMakeFiles/__idf_soc.dir/esp32s3/spi_periph.c.obj
[84/123] Linking C static library esp-idf/efuse/libefuse.a
[85/123] Building C object esp-idf/soc/CMakeFiles/__idf_soc.dir/esp32s3/sdm_periph.c.obj
[86/123] Building C object esp-idf/soc/CMakeFiles/__idf_soc.dir/esp32s3/temperature_sensor_periph.c.obj
[87/123] Building C object esp-idf/soc/CMakeFiles/__idf_soc.dir/esp32s3/lcd_periph.c.obj
[88/123] Building C object esp-idf/soc/CMakeFiles/__idf_soc.dir/esp32s3/rmt_periph.c.obj
[89/123] Building C object esp-idf/soc/CMakeFiles/__idf_soc.dir/esp32s3/i2s_periph.c.obj
[90/123] Building C object esp-idf/bootloader_support/CMakeFiles/__idf_bootloader_support.dir/src/esp32s3/bootloader_esp32s3.c.obj
[91/123] Building C object esp-idf/soc/CMakeFiles/__idf_soc.dir/esp32s3/i2c_periph.c.obj
[92/123] Building C object esp-idf/soc/CMakeFiles/__idf_soc.dir/esp32s3/mcpwm_periph.c.obj
[93/123] Building C object esp-idf/soc/CMakeFiles/__idf_soc.dir/esp32s3/touch_sensor_periph.c.obj
[94/123] Building C object esp-idf/soc/CMakeFiles/__idf_soc.dir/esp32s3/mpi_periph.c.obj
[95/123] Building C object esp-idf/soc/CMakeFiles/__idf_soc.dir/esp32s3/sdmmc_periph.c.obj
[96/123] Building C object esp-idf/soc/CMakeFiles/__idf_soc.dir/esp32s3/twai_periph.c.obj
[97/123] Building C object esp-idf/soc/CMakeFiles/__idf_soc.dir/esp32s3/wdt_periph.c.obj
[98/123] Building C object esp-idf/soc/CMakeFiles/__idf_soc.dir/esp32s3/timer_periph.c.obj
[99/123] Building C object esp-idf/soc/CMakeFiles/__idf_soc.dir/esp32s3/usb_dwc_periph.c.obj
[100/123] Building C object esp-idf/soc/CMakeFiles/__idf_soc.dir/esp32s3/cam_periph.c.obj
[101/123] Building C object esp-idf/bootloader_support/CMakeFiles/__idf_bootloader_support.dir/src/esp_image_format.c.obj
[102/123] Building C object esp-idf/hal/CMakeFiles/__idf_hal.dir/cache_hal.c.obj
[103/123] Generating project_elf_src_esp32s3.c
[104/123] Building C object esp-idf/bootloader_support/CMakeFiles/__idf_bootloader_support.dir/bootloader_flash/src/bootloader_flash.c.obj
[105/123] Building C object esp-idf/soc/CMakeFiles/__idf_soc.dir/esp32s3/rtc_io_periph.c.obj
[106/123] Building C object esp-idf/soc/CMakeFiles/__idf_soc.dir/esp32s3/power_supply_periph.c.obj
[107/123] Building C object esp-idf/xtensa/CMakeFiles/__idf_xtensa.dir/eri.c.obj
[108/123] Building C object CMakeFiles/bootloader.elf.dir/project_elf_src_esp32s3.c.obj
[109/123] Building C object esp-idf/bootloader_support/CMakeFiles/__idf_bootloader_support.dir/src/bootloader_utility.c.obj
[110/123] Building C object esp-idf/xtensa/CMakeFiles/__idf_xtensa.dir/xt_trax.c.obj
[111/123] Building C object esp-idf/main/CMakeFiles/__idf_main.dir/bootloader_start.c.obj
[112/123] Linking C static library esp-idf/bootloader_support/libbootloader_support.a
[113/123] Linking C static library esp-idf/esp_bootloader_format/libesp_bootloader_format.a
[114/123] Linking C static library esp-idf/spi_flash/libspi_flash.a
[115/123] Linking C static library esp-idf/hal/libhal.a
[116/123] Building C object esp-idf/micro-ecc/CMakeFiles/__idf_micro-ecc.dir/uECC_verify_antifault.c.obj
[117/123] Linking C static library esp-idf/micro-ecc/libmicro-ecc.a
[118/123] Linking C static library esp-idf/soc/libsoc.a
[119/123] Linking C static library esp-idf/xtensa/libxtensa.a
[120/123] Linking C static library esp-idf/main/libmain.a
[121/123] Linking C executable bootloader.elf
[122/123] Generating binary image from built executable
Warning: Deprecated: Option '--flash_mode' is deprecated. Use '--flash-mode' instead.
Warning: Deprecated: Option '--flash_freq' is deprecated. Use '--flash-freq' instead.
Warning: Deprecated: Option '--flash_size' is deprecated. Use '--flash-size' instead.
esptool v5.2.dev1
Creating ESP32S3 image...
Merged 2 ELF sections.
Successfully created ESP32S3 image.
Generated /home/tikhon/Документы/magnolia/applets/zig/zdd/build/bootloader/bootloader.bin
[123/123] cd /home/tikhon/Документы/magnolia/applets/zig/zdd/build/bootloader && /home/tikhon/.espressif/python_env/idf6.0_py3.12_env/bin/python /home/tikhon/Документы/magnolia/esp-idf/components/partition_table/check_sizes.py --offset 0x8000 bootloader 0x0 /home/tikhon/Документы/magnolia/applets/zig/zdd/build/bootloader/bootloader.bin
Bootloader binary size 0x5320 bytes. 0x2ce0 bytes (35%) free.
ninja: build stopped: subcommand failed.
[554/1046] Building C object esp-idf/hal/CMakeFiles/__idf_hal.dir/gdma_hal_ahb_v1.c.obj
[555/1046] Linking C static library esp-idf/soc/libsoc.a
[556/1046] Building C object esp-idf/heap/CMakeFiles/__idf_heap.dir/tlsf/tlsf.c.obj
[197/211] Linking C static library esp-idf/wifi_provisioning/libwifi_provisioning.a
[557/1046] Building C object esp-idf/hal/CMakeFiles/__idf_hal.dir/mcpwm_hal.c.obj
[558/1046] Building C object esp-idf/hal/CMakeFiles/__idf_hal.dir/brownout_hal.c.obj
[559/1046] Building C object esp-idf/hal/CMakeFiles/__idf_hal.dir/adc_hal.c.obj
-- Performing Test CMAKE_HAVE_LIBC_PTHREAD - Success
-- Found Threads: TRUE  
[560/1046] Linking C static library esp-idf/heap/libheap.a
[561/1046] Building C object esp-idf/hal/CMakeFiles/__idf_hal.dir/aes_hal.c.obj
-- Performing Test C_COMPILER_SUPPORTS_WFORMAT_SIGNEDNESS
[562/1046] Building C object esp-idf/hal/CMakeFiles/__idf_hal.dir/mpi_hal.c.obj
[563/1046] Building C object esp-idf/hal/CMakeFiles/__idf_hal.dir/spi_flash_hal_iram.c.obj
[564/1046] Building C object esp-idf/hal/CMakeFiles/__idf_hal.dir/spi_slave_hal.c.obj
[565/1046] Building C object esp-idf/hal/CMakeFiles/__idf_hal.dir/cam_hal.c.obj
[566/1046] Building C object esp-idf/hal/CMakeFiles/__idf_hal.dir/i2s_hal.c.obj
[567/1046] Building C object esp-idf/hal/CMakeFiles/__idf_hal.dir/adc_hal_common.c.obj
[568/1046] Building C object esp-idf/hal/CMakeFiles/__idf_hal.dir/sha_hal.c.obj
[569/1046] Building C object esp-idf/hal/CMakeFiles/__idf_hal.dir/adc_oneshot_hal.c.obj
[570/1046] Building C object esp-idf/hal/CMakeFiles/__idf_hal.dir/spi_slave_hal_iram.c.obj
[571/1046] Building C object esp-idf/hal/CMakeFiles/__idf_hal.dir/ds_hal.c.obj
-- Performing Test C_COMPILER_SUPPORTS_WFORMAT_SIGNEDNESS - Success
-- USING O3
[572/1046] Building C object esp-idf/hal/CMakeFiles/__idf_hal.dir/hmac_hal.c.obj
[573/1046] Building C object esp-idf/hal/CMakeFiles/__idf_hal.dir/spi_hal.c.obj
[574/1046] Building C object esp-idf/hal/CMakeFiles/__idf_hal.dir/spi_hal_iram.c.obj
[575/1046] Building C object esp-idf/hal/CMakeFiles/__idf_hal.dir/twai_hal_sja1000.c.obj
[576/1046] Building C object esp-idf/hal/CMakeFiles/__idf_hal.dir/usb_serial_jtag_hal.c.obj
[577/1046] Building C object esp-idf/esp_rom/CMakeFiles/__idf_esp_rom.dir/patches/esp_rom_crc.c.obj
[578/1046] Building C object esp-idf/hal/CMakeFiles/__idf_hal.dir/xt_wdt_hal.c.obj
[579/1046] Linking C static library esp-idf/log/liblog.a
[198/211] Zig build-obj: hexdump -> /home/tikhon/Документы/magnolia/applets/zig/zhexdump/build/esp-idf/main/hexdump.zig.o
FAILED: esp-idf/main/hexdump.zig.o /home/tikhon/Документы/magnolia/applets/zig/zhexdump/build/esp-idf/main/hexdump.zig.o 
cd /home/tikhon/Документы/magnolia/applets/zig/zhexdump/build/esp-idf/main && python3 /home/tikhon/Документы/magnolia/tools/zig_xtensa_toolchain.py --install-dir /home/tikhon/Документы/magnolia/build/toolchains/zig-xtensa && /home/tikhon/Документы/magnolia/build/toolchains/zig-xtensa/zig build-obj -target xtensa-freestanding-none -mcpu esp32s3 -OReleaseSmall --dep magnolia -Mroot=/home/tikhon/Документы/magnolia/applets/zig/zhexdump/main/hexdump.zig -Mmagnolia=/home/tikhon/Документы/magnolia/sdk/zig/magnolia.zig -femit-bin=/home/tikhon/Документы/magnolia/applets/zig/zhexdump/build/esp-idf/main/hexdump.zig.o && /home/tikhon/.espressif/tools/xtensa-esp-elf/esp-15.1.0_20250607/xtensa-esp-elf/bin/xtensa-esp32s3-elf-objcopy --set-section-flags .literal=alloc,load,contents,data /home/tikhon/Документы/magnolia/applets/zig/zhexdump/build/esp-idf/main/hexdump.zig.o && /home/tikhon/.espressif/tools/xtensa-esp-elf/esp-15.1.0_20250607/xtensa-esp-elf/bin/xtensa-esp32s3-elf-objcopy --set-section-flags .rodata=alloc,load,contents,data /home/tikhon/Документы/magnolia/applets/zig/zhexdump/build/esp-idf/main/hexdump.zig.o
0.14.0-dev.xtensa.2486+941677e08
/home/tikhon/Документы/magnolia/applets/zig/zhexdump/main/hexdump.zig:121:11: error: invalid escape character: 'b'
/home/tikhon/Документы/magnolia/applets/zig/zhexdump/main/hexdump.zig:208:39: error: @intCast must have a known result type
/home/tikhon/Документы/magnolia/applets/zig/zhexdump/main/hexdump.zig:208:39: note: use @as to provide explicit result type
/home/tikhon/Документы/magnolia/applets/zig/zhexdump/main/hexdump.zig:361:31: error: root source file struct 'std' has no member named 'cstr'
/home/tikhon/Документы/magnolia/build/toolchains/zig-xtensa/zig-relsafe-espressif-x86_64-linux-musl-baseline/lib/std/std.zig:1:1: note: struct declared here
/home/tikhon/Документы/magnolia/build/toolchains/zig-xtensa/zig-relsafe-espressif-x86_64-linux-musl-baseline/lib/std/posix.zig:68:21: error: struct 'posix.system__struct_1222' has no member named 'E'
/home/tikhon/Документы/magnolia/build/toolchains/zig-xtensa/zig-relsafe-espressif-x86_64-linux-musl-baseline/lib/std/posix.zig:48:13: note: struct declared here
/home/tikhon/Документы/magnolia/build/toolchains/zig-xtensa/zig-relsafe-espressif-x86_64-linux-musl-baseline/lib/std/posix.zig:4734:18: error: struct 'posix.system__struct_1222' has no member named 'MAP'
/home/tikhon/Документы/magnolia/build/toolchains/zig-xtensa/zig-relsafe-espressif-x86_64-linux-musl-baseline/lib/std/posix.zig:48:13: note: struct declared here
[580/1046] Building C object esp-idf/hal/CMakeFiles/__idf_hal.dir/touch_sensor_hal.c.obj
[581/1046] Building C object esp-idf/hal/CMakeFiles/__idf_hal.dir/spi_slave_hd_hal.c.obj
[582/1046] Building ASM object esp-idf/esp_rom/CMakeFiles/__idf_esp_rom.dir/patches/esp_rom_longjmp.S.obj
[583/1046] Building C object esp-idf/hal/CMakeFiles/__idf_hal.dir/esp32s3/touch_sensor_hal.c.obj
[584/1046] Building C object esp-idf/hal/CMakeFiles/__idf_hal.dir/temperature_sensor_hal.c.obj
[585/1046] Building C object esp-idf/hal/CMakeFiles/__idf_hal.dir/spi_flash_hal_gpspi.c.obj
[586/1046] Building C object esp-idf/esp_rom/CMakeFiles/__idf_esp_rom.dir/patches/esp_rom_gpio.c.obj
[587/1046] Building C object esp-idf/esp_rom/CMakeFiles/__idf_esp_rom.dir/patches/esp_rom_sys.c.obj
[588/1046] Building C object esp-idf/esp_rom/CMakeFiles/__idf_esp_rom.dir/patches/esp_rom_systimer.c.obj
[589/1046] Building C object esp-idf/hal/CMakeFiles/__idf_hal.dir/touch_sens_hal.c.obj
[590/1046] Building C object esp-idf/esp_rom/CMakeFiles/__idf_esp_rom.dir/patches/esp_rom_efuse.c.obj
[591/1046] Building ASM object esp-idf/esp_rom/CMakeFiles/__idf_esp_rom.dir/patches/esp_rom_cache_writeback_esp32s3.S.obj
[592/1046] Building C object esp-idf/esp_rom/CMakeFiles/__idf_esp_rom.dir/patches/esp_rom_cache_esp32s2_esp32s3.c.obj
[593/1046] Building C object esp-idf/hal/CMakeFiles/__idf_hal.dir/usb_wrap_hal.c.obj
-- Adding linker script /home/tikhon/Документы/magnolia/applets/rust/rshello/build/esp-idf/esp_system/ld/memory.ld
-- Adding linker script /home/tikhon/Документы/magnolia/applets/rust/rshello/build/esp-idf/esp_system/ld/sections.ld.in
[594/1046] Building C object esp-idf/esp_rom/CMakeFiles/__idf_esp_rom.dir/patches/esp_rom_wdt.c.obj
[595/1046] Building C object esp-idf/esp_rom/CMakeFiles/__idf_esp_rom.dir/patches/esp_rom_spiflash.c.obj
-- Adding linker script /home/tikhon/Документы/magnolia/esp-idf/components/esp_rom/esp32s3/ld/esp32s3.rom.ld
-- Adding linker script /home/tikhon/Документы/magnolia/esp-idf/components/esp_rom/esp32s3/ld/esp32s3.rom.api.ld
-- Adding linker script /home/tikhon/Документы/magnolia/esp-idf/components/esp_rom/esp32s3/ld/esp32s3.rom.bt_funcs.ld
-- Adding linker script /home/tikhon/Документы/magnolia/esp-idf/components/esp_rom/esp32s3/ld/esp32s3.rom.libgcc.ld
-- Adding linker script /home/tikhon/Документы/magnolia/esp-idf/components/esp_rom/esp32s3/ld/esp32s3.rom.wdt.ld
-- Adding linker script /home/tikhon/Документы/magnolia/esp-idf/components/esp_rom/esp32s3/ld/esp32s3.rom.version.ld
-- Adding linker script /home/tikhon/Документы/magnolia/esp-idf/components/esp_rom/esp32s3/ld/esp32s3.rom.ble_master.ld
-- Adding linker script /home/tikhon/Документы/magnolia/esp-idf/components/esp_rom/esp32s3/ld/esp32s3.rom.ble_50.ld
-- Adding linker script /home/tikhon/Документы/magnolia/esp-idf/components/esp_rom/esp32s3/ld/esp32s3.rom.ble_smp.ld
-- Adding linker script /home/tikhon/Документы/magnolia/esp-idf/components/esp_rom/esp32s3/ld/esp32s3.rom.ble_dtm.ld
-- Adding linker script /home/tikhon/Документы/magnolia/esp-idf/components/esp_rom/esp32s3/ld/esp32s3.rom.ble_test.ld
-- Adding linker script /home/tikhon/Документы/magnolia/esp-idf/components/esp_rom/esp32s3/ld/esp32s3.rom.ble_scan.ld
-- Adding linker script /home/tikhon/Документы/magnolia/esp-idf/components/esp_rom/esp32s3/ld/esp32s3.rom.libc.ld
-- Adding linker script /home/tikhon/Документы/magnolia/esp-idf/components/esp_rom/esp32s3/ld/esp32s3.rom.newlib.ld
[596/1046] Building C object esp-idf/esp_rom/CMakeFiles/__idf_esp_rom.dir/patches/esp_rom_serial_output.c.obj
[597/1046] Building C object esp-idf/hal/CMakeFiles/__idf_hal.dir/esp32s3/rtc_cntl_hal.c.obj
-- Adding linker script /home/tikhon/Документы/magnolia/esp-idf/components/soc/esp32s3/ld/esp32s3.peripherals.ld
[598/1046] Building C object esp-idf/esp_rom/CMakeFiles/__idf_esp_rom.dir/patches/esp_rom_print.c.obj
[599/1046] Building C object esp-idf/esp_system/CMakeFiles/__idf_esp_system.dir/esp_system_console.c.obj
[600/1046] Building C object esp-idf/esp_system/CMakeFiles/__idf_esp_system.dir/freertos_hooks.c.obj
[601/1046] Building C object esp-idf/esp_system/CMakeFiles/__idf_esp_system.dir/crosscore_int.c.obj
[602/1046] Building C object esp-idf/esp_system/CMakeFiles/__idf_esp_system.dir/stack_check.c.obj
[603/1046] Building C object esp-idf/esp_system/CMakeFiles/__idf_esp_system.dir/esp_err.c.obj
[604/1046] Building C object esp-idf/esp_system/CMakeFiles/__idf_esp_system.dir/system_time.c.obj
[605/1046] Building C object esp-idf/hal/CMakeFiles/__idf_hal.dir/usb_dwc_hal.c.obj
[606/1046] Building C object esp-idf/esp_system/CMakeFiles/__idf_esp_system.dir/startup.c.obj
[607/1046] Building C object esp-idf/esp_system/CMakeFiles/__idf_esp_system.dir/esp_system.c.obj
[608/1046] Building C object esp-idf/esp_system/CMakeFiles/__idf_esp_system.dir/startup_funcs.c.obj
[609/1046] Building C object esp-idf/esp_system/CMakeFiles/__idf_esp_system.dir/esp_ipc.c.obj
[610/1046] Building C object esp-idf/esp_system/CMakeFiles/__idf_esp_system.dir/ubsan.c.obj
[611/1046] Building C object esp-idf/esp_system/CMakeFiles/__idf_esp_system.dir/int_wdt.c.obj
[612/1046] Building C object esp-idf/esp_system/CMakeFiles/__idf_esp_system.dir/port/panic_handler.c.obj
[613/1046] Building ASM object esp-idf/esp_system/CMakeFiles/__idf_esp_system.dir/port/arch/xtensa/esp_ipc_isr_routines.S.obj
[614/1046] Building C object esp-idf/esp_system/CMakeFiles/__idf_esp_system.dir/xt_wdt.c.obj
[615/1046] Building ASM object esp-idf/esp_system/CMakeFiles/__idf_esp_system.dir/port/arch/xtensa/esp_ipc_isr_handler.S.obj
[616/1046] Building C object esp-idf/esp_system/CMakeFiles/__idf_esp_system.dir/port/esp_system_chip.c.obj
[617/1046] Building C object esp-idf/esp_system/CMakeFiles/__idf_esp_system.dir/port/image_process.c.obj
Command failed (2): idf.py build
Skipping failed applet build: zdd
[618/1046] Building C object esp-idf/esp_system/CMakeFiles/__idf_esp_system.dir/port/esp_ipc_isr.c.obj
[619/1046] Building C object esp-idf/esp_system/CMakeFiles/__idf_esp_system.dir/port/arch/xtensa/esp_ipc_isr_port.c.obj
[620/1046] Building ASM object esp-idf/esp_system/CMakeFiles/__idf_esp_system.dir/port/arch/xtensa/panic_handler_asm.S.obj
[621/1046] Building ASM object esp-idf/esp_system/CMakeFiles/__idf_esp_system.dir/port/arch/xtensa/debug_helpers_asm.S.obj
[622/1046] Building ASM object esp-idf/esp_system/CMakeFiles/__idf_esp_system.dir/port/arch/xtensa/expression_with_stack_asm.S.obj
[623/1046] Building C object esp-idf/esp_system/CMakeFiles/__idf_esp_system.dir/port/arch/xtensa/debug_stubs.c.obj
[624/1046] Linking C static library esp-idf/hal/libhal.a
[625/1046] Building ASM object esp-idf/esp_system/CMakeFiles/__idf_esp_system.dir/port/soc/esp32s3/highint_hdl.S.obj
-- Project sdkconfig file /home/tikhon/Документы/magnolia/applets/zig/zigdemo/sdkconfig
[626/1046] Building C object esp-idf/esp_system/CMakeFiles/__idf_esp_system.dir/port/arch/xtensa/expression_with_stack.c.obj
[627/1046] Building C object esp-idf/esp_system/CMakeFiles/__idf_esp_system.dir/port/soc/esp32s3/reset_reason.c.obj
[628/1046] Building C object esp-idf/esp_system/CMakeFiles/__idf_esp_system.dir/panic.c.obj
[629/1046] Building C object esp-idf/esp_system/CMakeFiles/__idf_esp_system.dir/port/arch/xtensa/debug_helpers.c.obj
[630/1046] Building C object esp-idf/esp_system/CMakeFiles/__idf_esp_system.dir/task_wdt/task_wdt_impl_timergroup.c.obj
[631/1046] Building C object esp-idf/esp_system/CMakeFiles/__idf_esp_system.dir/port/arch/xtensa/panic_arch.c.obj
[632/1046] Building C object esp-idf/spi_flash/CMakeFiles/__idf_spi_flash.dir/flash_brownout_hook.c.obj
[633/1046] Linking C static library esp-idf/esp_rom/libesp_rom.a
[634/1046] Building C object esp-idf/esp_system/CMakeFiles/__idf_esp_system.dir/port/arch/xtensa/trax.c.obj
Loading defaults file /home/tikhon/Документы/magnolia/applets/zig/zighello/sdkconfig.defaults...
[635/1046] Building C object esp-idf/esp_common/CMakeFiles/__idf_esp_common.dir/src/esp_err_to_name.c.obj
[636/1046] Building C object esp-idf/esp_system/CMakeFiles/__idf_esp_system.dir/port/soc/esp32s3/apb_backup_dma.c.obj
[637/1046] Building C object esp-idf/spi_flash/CMakeFiles/__idf_spi_flash.dir/spi_flash_hpm_enable.c.obj
[638/1046] Building C object esp-idf/esp_system/CMakeFiles/__idf_esp_system.dir/port/soc/esp32s3/clk.c.obj
[639/1046] Building C object esp-idf/esp_system/CMakeFiles/__idf_esp_system.dir/port/soc/esp32s3/cache_err_int.c.obj
[640/1046] Linking C static library esp-idf/esp_common/libesp_common.a
[641/1046] Building C object esp-idf/spi_flash/CMakeFiles/__idf_spi_flash.dir/spi_flash_chip_drivers.c.obj
[642/1046] Building C object esp-idf/spi_flash/CMakeFiles/__idf_spi_flash.dir/spi_flash_chip_issi.c.obj
[643/1046] Building C object esp-idf/spi_flash/CMakeFiles/__idf_spi_flash.dir/spi_flash_chip_gd.c.obj
[644/1046] Building C object esp-idf/esp_system/CMakeFiles/__idf_esp_system.dir/port/cpu_start.c.obj
[645/1046] Building C object esp-idf/spi_flash/CMakeFiles/__idf_spi_flash.dir/spi_flash_chip_mxic.c.obj
[646/1046] Building C object esp-idf/esp_system/CMakeFiles/__idf_esp_system.dir/task_wdt/task_wdt.c.obj
[647/1046] Building C object esp-idf/spi_flash/CMakeFiles/__idf_spi_flash.dir/esp32s3/spi_flash_oct_flash_init.c.obj
[648/1046] Building C object esp-idf/spi_flash/CMakeFiles/__idf_spi_flash.dir/spi_flash_chip_boya.c.obj
[649/1046] Building C object esp-idf/spi_flash/CMakeFiles/__idf_spi_flash.dir/spi_flash_chip_th.c.obj
[650/1046] Building C object esp-idf/spi_flash/CMakeFiles/__idf_spi_flash.dir/spi_flash_chip_winbond.c.obj
[651/1046] Building C object esp-idf/esp_system/CMakeFiles/__idf_esp_system.dir/port/soc/esp32s3/system_internal.c.obj
-- Project sdkconfig file /home/tikhon/Документы/magnolia/applets/zig/zigtest/sdkconfig
[652/1046] Building C object esp-idf/spi_flash/CMakeFiles/__idf_spi_flash.dir/spi_flash_chip_mxic_opi.c.obj
[653/1046] Building C object esp-idf/esp_mm/CMakeFiles/__idf_esp_mm.dir/port/esp32s3/ext_mem_layout.c.obj
[654/1046] Building C object esp-idf/spi_flash/CMakeFiles/__idf_spi_flash.dir/flash_mmap.c.obj
[655/1046] Building C object esp-idf/spi_flash/CMakeFiles/__idf_spi_flash.dir/spi_flash_wrap.c.obj
[656/1046] Building C object esp-idf/spi_flash/CMakeFiles/__idf_spi_flash.dir/flash_ops.c.obj
[657/1046] Building C object esp-idf/spi_flash/CMakeFiles/__idf_spi_flash.dir/memspi_host_driver.c.obj
[658/1046] Building C object esp-idf/spi_flash/CMakeFiles/__idf_spi_flash.dir/spi_flash_os_func_noos.c.obj
[659/1046] Linking C static library esp-idf/esp_system/libesp_system.a
[660/1046] Building C object esp-idf/esp_mm/CMakeFiles/__idf_esp_mm.dir/esp_cache_utils.c.obj
[661/1046] Building C object esp-idf/spi_flash/CMakeFiles/__idf_spi_flash.dir/spi_flash_chip_generic.c.obj
[662/1046] Building C object esp-idf/bootloader_support/CMakeFiles/__idf_bootloader_support.dir/src/bootloader_clock_init.c.obj
[663/1046] Building C object esp-idf/spi_flash/CMakeFiles/__idf_spi_flash.dir/spi_flash_os_func_app.c.obj
[664/1046] Building C object esp-idf/bootloader_support/CMakeFiles/__idf_bootloader_support.dir/src/bootloader_mem.c.obj
[665/1046] Building C object esp-idf/esp_mm/CMakeFiles/__idf_esp_mm.dir/heap_align_hw.c.obj
[666/1046] Building C object esp-idf/spi_flash/CMakeFiles/__idf_spi_flash.dir/cache_utils.c.obj
[667/1046] Building C object esp-idf/bootloader_support/CMakeFiles/__idf_bootloader_support.dir/src/secure_boot.c.obj
[668/1046] Building C object esp-idf/bootloader_support/CMakeFiles/__idf_bootloader_support.dir/src/bootloader_random.c.obj
[669/1046] Building C object esp-idf/bootloader_support/CMakeFiles/__idf_bootloader_support.dir/src/bootloader_efuse.c.obj
[670/1046] Building C object esp-idf/bootloader_support/CMakeFiles/__idf_bootloader_support.dir/src/bootloader_common.c.obj
[671/1046] Building C object esp-idf/esp_mm/CMakeFiles/__idf_esp_mm.dir/esp_cache_msync.c.obj
[672/1046] Building C object esp-idf/bootloader_support/CMakeFiles/__idf_bootloader_support.dir/src/flash_encrypt.c.obj
[673/1046] Building C object esp-idf/bootloader_support/CMakeFiles/__idf_bootloader_support.dir/src/bootloader_common_loader.c.obj
[674/1046] Building C object esp-idf/spi_flash/CMakeFiles/__idf_spi_flash.dir/esp_flash_spi_init.c.obj
[675/1046] Building C object esp-idf/bootloader_support/CMakeFiles/__idf_bootloader_support.dir/src/flash_partitions.c.obj
[676/1046] Building C object esp-idf/mbedtls/mbedtls/library/CMakeFiles/mbedtls.dir/debug.c.obj
[677/1046] Building C object esp-idf/mbedtls/mbedtls/library/CMakeFiles/mbedtls.dir/mps_reader.c.obj
[678/1046] Building C object esp-idf/mbedtls/mbedtls/library/CMakeFiles/mbedtls.dir/mps_trace.c.obj
[679/1046] Building C object esp-idf/bootloader_support/CMakeFiles/__idf_bootloader_support.dir/src/esp32s3/secure_boot_secure_features.c.obj
[680/1046] Building C object esp-idf/bootloader_support/CMakeFiles/__idf_bootloader_support.dir/src/bootloader_random_esp32s3.c.obj
[681/1046] Building C object esp-idf/bootloader_support/CMakeFiles/__idf_bootloader_support.dir/bootloader_flash/src/bootloader_flash.c.obj
-- Compiler supported targets: xtensa-esp-elf
[682/1046] Building C object esp-idf/bootloader_support/CMakeFiles/__idf_bootloader_support.dir/bootloader_flash/src/flash_qio_mode.c.obj
[683/1046] Building C object esp-idf/mbedtls/mbedtls/library/CMakeFiles/mbedtls.dir/ssl_cookie.c.obj
[684/1046] Building C object esp-idf/bootloader_support/CMakeFiles/__idf_bootloader_support.dir/bootloader_flash/src/bootloader_flash_config_esp32s3.c.obj
[685/1046] Building C object esp-idf/mbedtls/mbedtls/library/CMakeFiles/mbedtls.dir/ssl_debug_helpers_generated.c.obj
[686/1046] Building C object esp-idf/esp_mm/CMakeFiles/__idf_esp_mm.dir/esp_mmu_map.c.obj
[687/1046] Building C object esp-idf/bootloader_support/CMakeFiles/__idf_bootloader_support.dir/src/bootloader_sha.c.obj
[688/1046] Building C object esp-idf/mbedtls/mbedtls/library/CMakeFiles/mbedtls.dir/ssl_tls13_client.c.obj
[689/1046] Building C object esp-idf/mbedtls/mbedtls/library/CMakeFiles/mbedtls.dir/ssl_tls13_server.c.obj
[690/1046] Building C object esp-idf/mbedtls/mbedtls/library/CMakeFiles/mbedtls.dir/ssl_tls13_generic.c.obj
[691/1046] Building C object esp-idf/mbedtls/mbedtls/library/CMakeFiles/mbedtls.dir/ssl_tls13_keys.c.obj
[692/1046] Building C object esp-idf/spi_flash/CMakeFiles/__idf_spi_flash.dir/esp_flash_api.c.obj
[693/1046] Building C object esp-idf/mbedtls/mbedtls/library/CMakeFiles/mbedtls.dir/ssl_cache.c.obj
[694/1046] Building C object esp-idf/mbedtls/mbedtls/library/CMakeFiles/mbedtls.dir/ssl_ciphersuites.c.obj
-- Compiler supported targets: xtensa-esp-elf
[695/1046] Building C object esp-idf/mbedtls/mbedtls/library/CMakeFiles/mbedtls.dir/ssl_client.c.obj
[696/1046] Building C object esp-idf/bootloader_support/CMakeFiles/__idf_bootloader_support.dir/src/esp_image_format.c.obj
[697/1046] Building C object 'esp-idf/mbedtls/mbedtls/library/CMakeFiles/mbedtls.dir/home/tikhon/Документы/magnolia/esp-idf/components/mbedtls/port/esp_platform_time.c.obj'
[698/1046] Building C object esp-idf/mbedtls/mbedtls/library/CMakeFiles/mbedx509.dir/x509_create.c.obj
[699/1046] Linking C static library esp-idf/spi_flash/libspi_flash.a
[700/1046] Building C object 'esp-idf/mbedtls/mbedtls/library/CMakeFiles/mbedtls.dir/home/tikhon/Документы/magnolia/esp-idf/components/mbedtls/port/mbedtls_debug.c.obj'
[701/1046] Building C object esp-idf/bootloader_support/CMakeFiles/__idf_bootloader_support.dir/src/bootloader_utility.c.obj
[702/1046] Building C object esp-idf/mbedtls/mbedtls/library/CMakeFiles/mbedx509.dir/x509write.c.obj
[703/1046] Linking C static library esp-idf/esp_mm/libesp_mm.a
[704/1046] Building C object esp-idf/mbedtls/mbedtls/library/CMakeFiles/mbedx509.dir/x509write_csr.c.obj
[705/1046] Building C object esp-idf/mbedtls/mbedtls/library/CMakeFiles/mbedtls.dir/ssl_ticket.c.obj
[706/1046] Building C object esp-idf/mbedtls/mbedtls/library/CMakeFiles/mbedx509.dir/x509write_crt.c.obj
-- Compiler supported targets: xtensa-esp-elf
[707/1046] Building C object esp-idf/mbedtls/mbedtls/library/CMakeFiles/mbedcrypto.dir/aesni.c.obj
[708/1046] Building C object 'esp-idf/mbedtls/mbedtls/library/CMakeFiles/mbedtls.dir/home/tikhon/Документы/magnolia/esp-idf/components/mbedtls/port/net_sockets.c.obj'
[709/1046] Building C object esp-idf/mbedtls/mbedtls/library/CMakeFiles/mbedcrypto.dir/aesce.c.obj
[710/1046] Linking C static library esp-idf/bootloader_support/libbootloader_support.a
[711/1046] Building C object esp-idf/mbedtls/mbedtls/library/CMakeFiles/mbedx509.dir/x509_crl.c.obj
[712/1046] Building C object esp-idf/mbedtls/mbedtls/library/CMakeFiles/mbedtls.dir/ssl_tls12_client.c.obj
[713/1046] Building C object esp-idf/mbedtls/mbedtls/library/CMakeFiles/mbedcrypto.dir/asn1parse.c.obj
[714/1046] Building C object esp-idf/mbedtls/mbedtls/library/CMakeFiles/mbedx509.dir/x509_csr.c.obj
[715/1046] Building C object esp-idf/mbedtls/mbedtls/library/CMakeFiles/mbedcrypto.dir/bignum_mod.c.obj
[716/1046] Building C object esp-idf/mbedtls/mbedtls/library/CMakeFiles/mbedcrypto.dir/bignum_mod_raw.c.obj
[717/1046] Building C object esp-idf/mbedtls/mbedtls/library/CMakeFiles/mbedcrypto.dir/block_cipher.c.obj
[718/1046] Building C object esp-idf/mbedtls/mbedtls/library/CMakeFiles/mbedx509.dir/pkcs7.c.obj
[719/1046] Building C object esp-idf/mbedtls/mbedtls/library/CMakeFiles/mbedcrypto.dir/camellia.c.obj
-- App "rusthello" version: 96a69bd-dirty
[720/1046] Building C object esp-idf/mbedtls/mbedtls/library/CMakeFiles/mbedcrypto.dir/aes.c.obj
[721/1046] Building C object esp-idf/mbedtls/mbedtls/library/CMakeFiles/mbedcrypto.dir/base64.c.obj
[722/1046] Building C object esp-idf/mbedtls/mbedtls/library/CMakeFiles/mbedcrypto.dir/asn1write.c.obj
[723/1046] Building C object esp-idf/mbedtls/mbedtls/library/CMakeFiles/mbedcrypto.dir/chacha20.c.obj
[724/1046] Building C object esp-idf/mbedtls/mbedtls/library/CMakeFiles/mbedcrypto.dir/chachapoly.c.obj
-- App "xxd" version: 96a69bd-dirty
[725/1046] Building C object esp-idf/mbedtls/mbedtls/library/CMakeFiles/mbedcrypto.dir/cipher_wrap.c.obj
[726/1046] Building C object esp-idf/mbedtls/mbedtls/library/CMakeFiles/mbedcrypto.dir/des.c.obj
[727/1046] Building C object esp-idf/mbedtls/mbedtls/library/CMakeFiles/mbedtls.dir/ssl_tls12_server.c.obj
[728/1046] Building C object esp-idf/mbedtls/mbedtls/library/CMakeFiles/mbedcrypto.dir/aria.c.obj
[729/1046] Building C object esp-idf/mbedtls/mbedtls/library/CMakeFiles/mbedcrypto.dir/ccm.c.obj
[730/1046] Building C object esp-idf/mbedtls/mbedtls/library/CMakeFiles/mbedtls.dir/ssl_msg.c.obj
[731/1046] Building C object esp-idf/mbedtls/mbedtls/library/CMakeFiles/mbedcrypto.dir/ecjpake.c.obj
[732/1046] Building C object esp-idf/mbedtls/mbedtls/library/CMakeFiles/mbedx509.dir/x509.c.obj
[733/1046] Building C object esp-idf/mbedtls/mbedtls/library/CMakeFiles/mbedcrypto.dir/constant_time.c.obj
[734/1046] Building C object esp-idf/mbedtls/mbedtls/library/CMakeFiles/mbedcrypto.dir/ctr_drbg.c.obj
[735/1046] Building C object esp-idf/mbedtls/mbedtls/library/CMakeFiles/mbedcrypto.dir/bignum_core.c.obj
[736/1046] Building C object esp-idf/mbedtls/mbedtls/library/CMakeFiles/mbedcrypto.dir/ecp_curves_new.c.obj
[737/1046] Building C object esp-idf/mbedtls/mbedtls/library/CMakeFiles/mbedcrypto.dir/ecdsa.c.obj
[738/1046] Building C object esp-idf/mbedtls/mbedtls/library/CMakeFiles/mbedcrypto.dir/hkdf.c.obj
[739/1046] Building C object esp-idf/mbedtls/mbedtls/library/CMakeFiles/mbedcrypto.dir/ecdh.c.obj
[740/1046] Building C object esp-idf/mbedtls/mbedtls/library/CMakeFiles/mbedcrypto.dir/entropy_poll.c.obj
-- App "zighello" version: 96a69bd-dirty
[741/1046] Building C object esp-idf/mbedtls/mbedtls/library/CMakeFiles/mbedcrypto.dir/lmots.c.obj
[742/1046] Building C object esp-idf/mbedtls/mbedtls/library/CMakeFiles/mbedcrypto.dir/dhm.c.obj
-- Components: app_trace app_update bootloader bootloader_support bt cmock console cxx driver efuse esp-tls esp_adc esp_app_format esp_bootloader_format esp_coex esp_common esp_driver_ana_cmpr esp_driver_bitscrambler esp_driver_cam esp_driver_dac esp_driver_gpio esp_driver_gptimer esp_driver_i2c esp_driver_i2s esp_driver_i3c esp_driver_isp esp_driver_jpeg esp_driver_ledc esp_driver_mcpwm esp_driver_parlio esp_driver_pcnt esp_driver_ppa esp_driver_rmt esp_driver_sd_intf esp_driver_sdio esp_driver_sdm esp_driver_sdmmc esp_driver_sdspi esp_driver_spi esp_driver_touch_sens esp_driver_tsens esp_driver_twai esp_driver_uart esp_driver_usb_serial_jtag esp_eth esp_event esp_gdbstub esp_hid esp_http_client esp_http_server esp_https_ota esp_https_server esp_hw_support esp_lcd esp_local_ctrl esp_mm esp_netif esp_netif_stack esp_partition esp_phy esp_pm esp_psram esp_ringbuf esp_rom esp_security esp_system esp_timer esp_vfs_console esp_wifi espcoredump esptool_py fatfs freertos hal heap http_parser idf_test ieee802154 json log lwip main mbedtls mqtt newlib nvs_flash nvs_sec_provider openthread partition_table perfmon protobuf-c protocomm pthread rt sdmmc soc spi_flash spiffs tcp_transport touch_element ulp unity usb vfs wear_levelling wifi_provisioning wpa_supplicant xtensa
-- Component paths: /home/tikhon/Документы/magnolia/esp-idf/components/app_trace /home/tikhon/Документы/magnolia/esp-idf/components/app_update /home/tikhon/Документы/magnolia/esp-idf/components/bootloader /home/tikhon/Документы/magnolia/esp-idf/components/bootloader_support /home/tikhon/Документы/magnolia/esp-idf/components/bt /home/tikhon/Документы/magnolia/esp-idf/components/cmock /home/tikhon/Документы/magnolia/esp-idf/components/console /home/tikhon/Документы/magnolia/esp-idf/components/cxx /home/tikhon/Документы/magnolia/esp-idf/components/driver /home/tikhon/Документы/magnolia/esp-idf/components/efuse /home/tikhon/Документы/magnolia/esp-idf/components/esp-tls /home/tikhon/Документы/magnolia/esp-idf/components/esp_adc /home/tikhon/Документы/magnolia/esp-idf/components/esp_app_format /home/tikhon/Документы/magnolia/esp-idf/components/esp_bootloader_format /home/tikhon/Документы/magnolia/esp-idf/components/esp_coex /home/tikhon/Документы/magnolia/esp-idf/components/esp_common /home/tikhon/Документы/magnolia/esp-idf/components/esp_driver_ana_cmpr /home/tikhon/Документы/magnolia/esp-idf/components/esp_driver_bitscrambler /home/tikhon/Документы/magnolia/esp-idf/components/esp_driver_cam /home/tikhon/Документы/magnolia/esp-idf/components/esp_driver_dac /home/tikhon/Документы/magnolia/esp-idf/components/esp_driver_gpio /home/tikhon/Документы/magnolia/esp-idf/components/esp_driver_gptimer /home/tikhon/Документы/magnolia/esp-idf/components/esp_driver_i2c /home/tikhon/Документы/magnolia/esp-idf/components/esp_driver_i2s /home/tikhon/Документы/magnolia/esp-idf/components/esp_driver_i3c /home/tikhon/Документы/magnolia/esp-idf/components/esp_driver_isp /home/tikhon/Документы/magnolia/esp-idf/components/esp_driver_jpeg /home/tikhon/Документы/magnolia/esp-idf/components/esp_driver_ledc /home/tikhon/Документы/magnolia/esp-idf/components/esp_driver_mcpwm /home/tikhon/Документы/magnolia/esp-idf/components/esp_driver_parlio /home/tikhon/Документы/magnolia/esp-idf/components/esp_driver_pcnt /home/tikhon/Документы/magnolia/esp-idf/components/esp_driver_ppa /home/tikhon/Документы/magnolia/esp-idf/components/esp_driver_rmt /home/tikhon/Документы/magnolia/esp-idf/components/esp_driver_sd_intf /home/tikhon/Документы/magnolia/esp-idf/components/esp_driver_sdio /home/tikhon/Документы/magnolia/esp-idf/components/esp_driver_sdm /home/tikhon/Документы/magnolia/esp-idf/components/esp_driver_sdmmc /home/tikhon/Документы/magnolia/esp-idf/components/esp_driver_sdspi /home/tikhon/Документы/magnolia/esp-idf/components/esp_driver_spi /home/tikhon/Документы/magnolia/esp-idf/components/esp_driver_touch_sens /home/tikhon/Документы/magnolia/esp-idf/components/esp_driver_tsens /home/tikhon/Документы/magnolia/esp-idf/components/esp_driver_twai /home/tikhon/Документы/magnolia/esp-idf/components/esp_driver_uart /home/tikhon/Документы/magnolia/esp-idf/components/esp_driver_usb_serial_jtag /home/tikhon/Документы/magnolia/esp-idf/components/esp_eth /home/tikhon/Документы/magnolia/esp-idf/components/esp_event /home/tikhon/Документы/magnolia/esp-idf/components/esp_gdbstub /home/tikhon/Документы/magnolia/esp-idf/components/esp_hid /home/tikhon/Документы/magnolia/esp-idf/components/esp_http_client /home/tikhon/Документы/magnolia/esp-idf/components/esp_http_server /home/tikhon/Документы/magnolia/esp-idf/components/esp_https_ota /home/tikhon/Документы/magnolia/esp-idf/components/esp_https_server /home/tikhon/Документы/magnolia/esp-idf/components/esp_hw_support /home/tikhon/Документы/magnolia/esp-idf/components/esp_lcd /home/tikhon/Документы/magnolia/esp-idf/components/esp_local_ctrl /home/tikhon/Документы/magnolia/esp-idf/components/esp_mm /home/tikhon/Документы/magnolia/esp-idf/components/esp_netif /home/tikhon/Документы/magnolia/esp-idf/components/esp_netif_stack /home/tikhon/Документы/magnolia/esp-idf/components/esp_partition /home/tikhon/Документы/magnolia/esp-idf/components/esp_phy /home/tikhon/Документы/magnolia/esp-idf/components/esp_pm /home/tikhon/Документы/magnolia/esp-idf/components/esp_psram /home/tikhon/Документы/magnolia/esp-idf/components/esp_ringbuf /home/tikhon/Документы/magnolia/esp-idf/components/esp_rom /home/tikhon/Документы/magnolia/esp-idf/components/esp_security /home/tikhon/Документы/magnolia/esp-idf/components/esp_system /home/tikhon/Документы/magnolia/esp-idf/components/esp_timer /home/tikhon/Документы/magnolia/esp-idf/components/esp_vfs_console /home/tikhon/Документы/magnolia/esp-idf/components/esp_wifi /home/tikhon/Документы/magnolia/esp-idf/components/espcoredump /home/tikhon/Документы/magnolia/esp-idf/components/esptool_py /home/tikhon/Документы/magnolia/esp-idf/components/fatfs /home/tikhon/Документы/magnolia/esp-idf/components/freertos /home/tikhon/Документы/magnolia/esp-idf/components/hal /home/tikhon/Документы/magnolia/esp-idf/components/heap /home/tikhon/Документы/magnolia/esp-idf/components/http_parser /home/tikhon/Документы/magnolia/esp-idf/components/idf_test /home/tikhon/Документы/magnolia/esp-idf/components/ieee802154 /home/tikhon/Документы/magnolia/esp-idf/components/json /home/tikhon/Документы/magnolia/esp-idf/components/log /home/tikhon/Документы/magnolia/esp-idf/components/lwip /home/tikhon/Документы/magnolia/applets/rust/rshello/main /home/tikhon/Документы/magnolia/esp-idf/components/mbedtls /home/tikhon/Документы/magnolia/esp-idf/components/mqtt /home/tikhon/Документы/magnolia/esp-idf/components/newlib /home/tikhon/Документы/magnolia/esp-idf/components/nvs_flash /home/tikhon/Документы/magnolia/esp-idf/components/nvs_sec_provider /home/tikhon/Документы/magnolia/esp-idf/components/openthread /home/tikhon/Документы/magnolia/esp-idf/components/partition_table /home/tikhon/Документы/magnolia/esp-idf/components/perfmon /home/tikhon/Документы/magnolia/esp-idf/components/protobuf-c /home/tikhon/Документы/magnolia/esp-idf/components/protocomm /home/tikhon/Документы/magnolia/esp-idf/components/pthread /home/tikhon/Документы/magnolia/esp-idf/components/rt /home/tikhon/Документы/magnolia/esp-idf/components/sdmmc /home/tikhon/Документы/magnolia/esp-idf/components/soc /home/tikhon/Документы/magnolia/esp-idf/components/spi_flash /home/tikhon/Документы/magnolia/esp-idf/components/spiffs /home/tikhon/Документы/magnolia/esp-idf/components/tcp_transport /home/tikhon/Документы/magnolia/esp-idf/components/touch_element /home/tikhon/Документы/magnolia/esp-idf/components/ulp /home/tikhon/Документы/magnolia/esp-idf/components/unity /home/tikhon/Документы/magnolia/esp-idf/components/usb /home/tikhon/Документы/magnolia/esp-idf/components/vfs /home/tikhon/Документы/magnolia/esp-idf/components/wear_levelling /home/tikhon/Документы/magnolia/esp-idf/components/wifi_provisioning /home/tikhon/Документы/magnolia/esp-idf/components/wpa_supplicant /home/tikhon/Документы/magnolia/esp-idf/components/xtensa
[743/1046] Building C object esp-idf/mbedtls/mbedtls/library/CMakeFiles/mbedcrypto.dir/cmac.c.obj
[744/1046] Building C object esp-idf/mbedtls/mbedtls/library/CMakeFiles/mbedcrypto.dir/lms.c.obj
-- Configuring done (16.9s)
[745/1046] Building C object esp-idf/mbedtls/mbedtls/library/CMakeFiles/mbedcrypto.dir/memory_buffer_alloc.c.obj
-- Compiler supported targets: xtensa-esp-elf
[746/1046] Building C object esp-idf/mbedtls/mbedtls/library/CMakeFiles/mbedcrypto.dir/cipher.c.obj
[747/1046] Building C object esp-idf/mbedtls/mbedtls/library/CMakeFiles/mbedcrypto.dir/nist_kw.c.obj
[748/1046] Building C object esp-idf/mbedtls/mbedtls/library/CMakeFiles/mbedcrypto.dir/entropy.c.obj
[749/1046] Building C object esp-idf/mbedtls/mbedtls/library/CMakeFiles/mbedcrypto.dir/hmac_drbg.c.obj
[750/1046] Building C object esp-idf/mbedtls/mbedtls/library/CMakeFiles/mbedcrypto.dir/bignum.c.obj
[751/1046] Building C object esp-idf/mbedtls/mbedtls/library/CMakeFiles/mbedcrypto.dir/padlock.c.obj
[752/1046] Building C object esp-idf/mbedtls/mbedtls/library/CMakeFiles/mbedtls.dir/ssl_tls.c.obj
[753/1046] Building C object esp-idf/mbedtls/mbedtls/library/CMakeFiles/mbedcrypto.dir/md5.c.obj
[754/1046] Building C object esp-idf/mbedtls/mbedtls/library/CMakeFiles/mbedcrypto.dir/error.c.obj
[755/1046] Building C object esp-idf/mbedtls/mbedtls/library/CMakeFiles/mbedcrypto.dir/md.c.obj
[756/1046] Building C object esp-idf/mbedtls/mbedtls/library/CMakeFiles/mbedx509.dir/x509_crt.c.obj
[757/1046] Building C object esp-idf/mbedtls/mbedtls/library/CMakeFiles/mbedcrypto.dir/pem.c.obj
[758/1046] Building C object esp-idf/mbedtls/mbedtls/library/CMakeFiles/mbedcrypto.dir/pk_ecc.c.obj
[759/1046] Building C object esp-idf/mbedtls/mbedtls/library/CMakeFiles/mbedcrypto.dir/platform_util.c.obj
[760/1046] Building C object esp-idf/mbedtls/mbedtls/library/CMakeFiles/mbedcrypto.dir/pkcs5.c.obj
[761/1046] Building C object esp-idf/mbedtls/mbedtls/library/CMakeFiles/mbedcrypto.dir/platform.c.obj
-- Found Python3: /home/tikhon/.espressif/python_env/idf6.0_py3.12_env/bin/python (found version "3.12.3") found components: Interpreter 
[762/1046] Building C object esp-idf/mbedtls/mbedtls/library/CMakeFiles/mbedcrypto.dir/gcm.c.obj
[763/1046] Linking CXX static library esp-idf/mbedtls/mbedtls/library/libmbedtls.a
-- Found Python3: /home/tikhon/.espressif/python_env/idf6.0_py3.12_env/bin/python (found version "3.12.3") found components: Interpreter 
[764/1046] Building C object esp-idf/mbedtls/mbedtls/library/CMakeFiles/mbedcrypto.dir/poly1305.c.obj
[765/1046] Building C object esp-idf/mbedtls/mbedtls/library/CMakeFiles/mbedcrypto.dir/pkwrite.c.obj
[766/1046] Building C object esp-idf/mbedtls/mbedtls/library/CMakeFiles/mbedcrypto.dir/pk_wrap.c.obj
[767/1046] Building C object esp-idf/mbedtls/mbedtls/library/CMakeFiles/mbedcrypto.dir/ecp_curves.c.obj
[768/1046] Building C object esp-idf/mbedtls/mbedtls/library/CMakeFiles/mbedcrypto.dir/pk.c.obj
[769/1046] Building C object esp-idf/mbedtls/mbedtls/library/CMakeFiles/mbedcrypto.dir/psa_crypto_driver_wrappers_no_static.c.obj
[770/1046] Building C object esp-idf/mbedtls/mbedtls/library/CMakeFiles/mbedcrypto.dir/pkcs12.c.obj
-- Compiler supported targets: xtensa-esp-elf
[771/1046] Building C object esp-idf/mbedtls/mbedtls/library/CMakeFiles/mbedcrypto.dir/psa_crypto_client.c.obj
-- Performing Test CMAKE_HAVE_LIBC_PTHREAD
[772/1046] Building C object esp-idf/mbedtls/mbedtls/library/CMakeFiles/mbedcrypto.dir/psa_crypto_hash.c.obj
[773/1046] Building C object esp-idf/mbedtls/mbedtls/library/CMakeFiles/mbedcrypto.dir/psa_crypto_se.c.obj
[774/1046] Building C object esp-idf/mbedtls/mbedtls/library/CMakeFiles/mbedcrypto.dir/oid.c.obj
[775/1046] Building C object esp-idf/mbedtls/mbedtls/library/CMakeFiles/mbedcrypto.dir/psa_crypto_pake.c.obj
-- Performing Test CMAKE_HAVE_LIBC_PTHREAD
[199/211] Performing build step for 'bootloader'
[1/123] Building C object esp-idf/log/CMakeFiles/__idf_log.dir/src/noos/log_timestamp.c.obj
[2/123] Building C object esp-idf/log/CMakeFiles/__idf_log.dir/src/noos/util.c.obj
[3/123] Building C object esp-idf/esp_rom/CMakeFiles/__idf_esp_rom.dir/patches/esp_rom_crc.c.obj
[4/123] Building C object esp-idf/log/CMakeFiles/__idf_log.dir/src/noos/log_lock.c.obj
[5/123] Building C object esp-idf/log/CMakeFiles/__idf_log.dir/src/log_timestamp_common.c.obj
[6/123] Building ASM object esp-idf/esp_rom/CMakeFiles/__idf_esp_rom.dir/patches/esp_rom_longjmp.S.obj
[7/123] Building C object esp-idf/log/CMakeFiles/__idf_log.dir/src/util.c.obj
[8/123] Building C object esp-idf/log/CMakeFiles/__idf_log.dir/src/log.c.obj
[9/123] Building ASM object esp-idf/esp_rom/CMakeFiles/__idf_esp_rom.dir/patches/esp_rom_cache_writeback_esp32s3.S.obj
[10/123] Building C object esp-idf/log/CMakeFiles/__idf_log.dir/src/log_print.c.obj
[11/123] Building C object esp-idf/esp_rom/CMakeFiles/__idf_esp_rom.dir/patches/esp_rom_sys.c.obj
[12/123] Building C object esp-idf/esp_rom/CMakeFiles/__idf_esp_rom.dir/patches/esp_rom_efuse.c.obj
[13/123] Building C object esp-idf/esp_rom/CMakeFiles/__idf_esp_rom.dir/patches/esp_rom_gpio.c.obj
[14/123] Building C object esp-idf/esp_rom/CMakeFiles/__idf_esp_rom.dir/patches/esp_rom_wdt.c.obj
[15/123] Building C object esp-idf/log/CMakeFiles/__idf_log.dir/src/log_format_text.c.obj
[16/123] Building C object esp-idf/esp_rom/CMakeFiles/__idf_esp_rom.dir/patches/esp_rom_systimer.c.obj
[17/123] Building C object esp-idf/esp_hw_support/CMakeFiles/__idf_esp_hw_support.dir/port/esp32s3/esp_cpu_intr.c.obj
[18/123] Building C object esp-idf/esp_rom/CMakeFiles/__idf_esp_rom.dir/patches/esp_rom_serial_output.c.obj
[19/123] Building C object esp-idf/esp_hw_support/CMakeFiles/__idf_esp_hw_support.dir/cpu.c.obj
[20/123] Building C object esp-idf/esp_rom/CMakeFiles/__idf_esp_rom.dir/patches/esp_rom_spiflash.c.obj
[21/123] Building C object esp-idf/log/CMakeFiles/__idf_log.dir/src/buffer/log_buffers.c.obj
[22/123] Building C object esp-idf/esp_hw_support/CMakeFiles/__idf_esp_hw_support.dir/esp_memory_utils.c.obj
[23/123] Building C object esp-idf/esp_hw_support/CMakeFiles/__idf_esp_hw_support.dir/port/esp32s3/cpu_region_protect.c.obj
[24/123] Linking C static library esp-idf/log/liblog.a
[25/123] Building C object esp-idf/esp_common/CMakeFiles/__idf_esp_common.dir/src/esp_err_to_name.c.obj
[26/123] Building C object esp-idf/esp_hw_support/CMakeFiles/__idf_esp_hw_support.dir/port/esp32s3/rtc_clk_init.c.obj
[27/123] Building C object esp-idf/esp_hw_support/CMakeFiles/__idf_esp_hw_support.dir/port/esp32s3/chip_info.c.obj
[28/123] Building C object esp-idf/esp_system/CMakeFiles/__idf_esp_system.dir/esp_err.c.obj
[29/123] Building C object esp-idf/esp_rom/CMakeFiles/__idf_esp_rom.dir/patches/esp_rom_cache_esp32s2_esp32s3.c.obj
[30/123] Building C object esp-idf/esp_hw_support/CMakeFiles/__idf_esp_hw_support.dir/port/esp32s3/rtc_sleep.c.obj
[31/123] Building C object esp-idf/efuse/CMakeFiles/__idf_efuse.dir/esp32s3/esp_efuse_fields.c.obj
[32/123] Building C object esp-idf/efuse/CMakeFiles/__idf_efuse.dir/esp32s3/esp_efuse_table.c.obj
[33/123] Building C object esp-idf/efuse/CMakeFiles/__idf_efuse.dir/esp32s3/esp_efuse_rtc_calib.c.obj
[34/123] Building C object esp-idf/esp_hw_support/CMakeFiles/__idf_esp_hw_support.dir/port/esp32s3/rtc_clk.c.obj
[35/123] Building C object esp-idf/efuse/CMakeFiles/__idf_efuse.dir/esp32s3/esp_efuse_utility.c.obj
[36/123] Building C object esp-idf/esp_rom/CMakeFiles/__idf_esp_rom.dir/patches/esp_rom_print.c.obj
[37/123] Building C object esp-idf/bootloader_support/CMakeFiles/__idf_bootloader_support.dir/src/bootloader_clock_init.c.obj
[38/123] Building C object esp-idf/efuse/CMakeFiles/__idf_efuse.dir/src/esp_efuse_fields.c.obj
[39/123] Building C object esp-idf/bootloader_support/CMakeFiles/__idf_bootloader_support.dir/src/bootloader_mem.c.obj
[40/123] Building C object esp-idf/bootloader_support/CMakeFiles/__idf_bootloader_support.dir/src/bootloader_random.c.obj
[41/123] Linking C static library esp-idf/esp_rom/libesp_rom.a
[42/123] Building C object esp-idf/bootloader_support/CMakeFiles/__idf_bootloader_support.dir/src/secure_boot.c.obj
[43/123] Building C object esp-idf/bootloader_support/CMakeFiles/__idf_bootloader_support.dir/src/bootloader_efuse.c.obj
[44/123] Linking C static library esp-idf/esp_common/libesp_common.a
[45/123] Building C object esp-idf/bootloader_support/CMakeFiles/__idf_bootloader_support.dir/bootloader_flash/src/flash_qio_mode.c.obj
[46/123] Building C object esp-idf/esp_hw_support/CMakeFiles/__idf_esp_hw_support.dir/port/esp32s3/rtc_time.c.obj
[47/123] Building C object esp-idf/bootloader_support/CMakeFiles/__idf_bootloader_support.dir/src/bootloader_common_loader.c.obj
[48/123] Building C object esp-idf/bootloader_support/CMakeFiles/__idf_bootloader_support.dir/src/bootloader_clock_loader.c.obj
[49/123] Building C object esp-idf/bootloader_support/CMakeFiles/__idf_bootloader_support.dir/src/flash_partitions.c.obj
[50/123] Building C object esp-idf/bootloader_support/CMakeFiles/__idf_bootloader_support.dir/bootloader_flash/src/bootloader_flash_config_esp32s3.c.obj
[51/123] Building C object esp-idf/esp_hw_support/CMakeFiles/__idf_esp_hw_support.dir/port/esp32s3/rtc_init.c.obj
[52/123] Building C object esp-idf/bootloader_support/CMakeFiles/__idf_bootloader_support.dir/src/bootloader_sha.c.obj
[53/123] Building C object esp-idf/bootloader_support/CMakeFiles/__idf_bootloader_support.dir/src/bootloader_console_loader.c.obj
[54/123] Building C object esp-idf/esp_bootloader_format/CMakeFiles/__idf_esp_bootloader_format.dir/esp_bootloader_desc.c.obj
[55/123] Building C object esp-idf/bootloader_support/CMakeFiles/__idf_bootloader_support.dir/src/bootloader_random_esp32s3.c.obj
[56/123] Building C object esp-idf/bootloader_support/CMakeFiles/__idf_bootloader_support.dir/src/bootloader_panic.c.obj
[57/123] Building C object esp-idf/efuse/CMakeFiles/__idf_efuse.dir/src/esp_efuse_utility.c.obj
[58/123] Building C object esp-idf/bootloader_support/CMakeFiles/__idf_bootloader_support.dir/src/esp32s3/bootloader_soc.c.obj
[59/123] Linking C static library esp-idf/esp_hw_support/libesp_hw_support.a
[60/123] Building C object esp-idf/efuse/CMakeFiles/__idf_efuse.dir/src/esp_efuse_api.c.obj
[61/123] Building C object esp-idf/efuse/CMakeFiles/__idf_efuse.dir/src/efuse_controller/keys/with_key_purposes/esp_efuse_api_key.c.obj
[62/123] Building C object esp-idf/bootloader_support/CMakeFiles/__idf_bootloader_support.dir/src/flash_encrypt.c.obj
[63/123] Linking C static library esp-idf/esp_system/libesp_system.a
[64/123] Building C object esp-idf/bootloader_support/CMakeFiles/__idf_bootloader_support.dir/src/bootloader_common.c.obj
[65/123] Building C object esp-idf/soc/CMakeFiles/__idf_soc.dir/dport_access_common.c.obj
[66/123] Building C object esp-idf/bootloader_support/CMakeFiles/__idf_bootloader_support.dir/src/bootloader_console.c.obj
[67/123] Building C object esp-idf/hal/CMakeFiles/__idf_hal.dir/mpu_hal.c.obj
[68/123] Building C object esp-idf/soc/CMakeFiles/__idf_soc.dir/esp32s3/interrupts.c.obj
[69/123] Building C object esp-idf/bootloader_support/CMakeFiles/__idf_bootloader_support.dir/src/bootloader_init.c.obj
[70/123] Building C object esp-idf/bootloader_support/CMakeFiles/__idf_bootloader_support.dir/src/esp32s3/bootloader_esp32s3.c.obj
[71/123] Building C object esp-idf/hal/CMakeFiles/__idf_hal.dir/mmu_hal.c.obj
[72/123] Building C object esp-idf/soc/CMakeFiles/__idf_soc.dir/lldesc.c.obj
[73/123] Linking C static library esp-idf/efuse/libefuse.a
[74/123] Building C object esp-idf/soc/CMakeFiles/__idf_soc.dir/esp32s3/gdma_periph.c.obj
[75/123] Building C object esp-idf/soc/CMakeFiles/__idf_soc.dir/esp32s3/uart_periph.c.obj
[76/123] Building C object esp-idf/soc/CMakeFiles/__idf_soc.dir/esp32s3/gpio_periph.c.obj
[77/123] Building C object esp-idf/soc/CMakeFiles/__idf_soc.dir/esp32s3/dedic_gpio_periph.c.obj
[78/123] Building C object esp-idf/hal/CMakeFiles/__idf_hal.dir/hal_utils.c.obj
[79/123] Building C object esp-idf/soc/CMakeFiles/__idf_soc.dir/esp32s3/spi_periph.c.obj
[80/123] Building C object esp-idf/soc/CMakeFiles/__idf_soc.dir/esp32s3/pcnt_periph.c.obj
[81/123] Building C object esp-idf/hal/CMakeFiles/__idf_hal.dir/efuse_hal.c.obj
[82/123] Building C object esp-idf/soc/CMakeFiles/__idf_soc.dir/esp32s3/adc_periph.c.obj
[83/123] Building C object esp-idf/soc/CMakeFiles/__idf_soc.dir/esp32s3/rmt_periph.c.obj
[84/123] Building C object esp-idf/soc/CMakeFiles/__idf_soc.dir/esp32s3/ledc_periph.c.obj
[85/123] Building C object esp-idf/spi_flash/CMakeFiles/__idf_spi_flash.dir/spi_flash_wrap.c.obj
[86/123] Building C object esp-idf/hal/CMakeFiles/__idf_hal.dir/esp32s3/efuse_hal.c.obj
[87/123] Building C object esp-idf/hal/CMakeFiles/__idf_hal.dir/cache_hal.c.obj
[88/123] Building C object esp-idf/soc/CMakeFiles/__idf_soc.dir/esp32s3/touch_sensor_periph.c.obj
[89/123] Building C object esp-idf/soc/CMakeFiles/__idf_soc.dir/esp32s3/i2s_periph.c.obj
[90/123] Building C object esp-idf/soc/CMakeFiles/__idf_soc.dir/esp32s3/lcd_periph.c.obj
[91/123] Building C object esp-idf/soc/CMakeFiles/__idf_soc.dir/esp32s3/sdmmc_periph.c.obj
[92/123] Building C object esp-idf/soc/CMakeFiles/__idf_soc.dir/esp32s3/sdm_periph.c.obj
[93/123] Building C object esp-idf/soc/CMakeFiles/__idf_soc.dir/esp32s3/i2c_periph.c.obj
[94/123] Building C object esp-idf/soc/CMakeFiles/__idf_soc.dir/esp32s3/temperature_sensor_periph.c.obj
[95/123] Building C object esp-idf/soc/CMakeFiles/__idf_soc.dir/esp32s3/timer_periph.c.obj
[96/123] Building C object esp-idf/soc/CMakeFiles/__idf_soc.dir/esp32s3/mpi_periph.c.obj
[97/123] Building C object esp-idf/soc/CMakeFiles/__idf_soc.dir/esp32s3/twai_periph.c.obj
[98/123] Building C object esp-idf/soc/CMakeFiles/__idf_soc.dir/esp32s3/mcpwm_periph.c.obj
[99/123] Building C object esp-idf/soc/CMakeFiles/__idf_soc.dir/esp32s3/usb_dwc_periph.c.obj
[100/123] Building C object esp-idf/xtensa/CMakeFiles/__idf_xtensa.dir/eri.c.obj
[101/123] Generating project_elf_src_esp32s3.c
[102/123] Building C object esp-idf/soc/CMakeFiles/__idf_soc.dir/esp32s3/wdt_periph.c.obj
[103/123] Building C object esp-idf/soc/CMakeFiles/__idf_soc.dir/esp32s3/rtc_io_periph.c.obj
[104/123] Building C object esp-idf/soc/CMakeFiles/__idf_soc.dir/esp32s3/cam_periph.c.obj
[105/123] Building C object esp-idf/soc/CMakeFiles/__idf_soc.dir/esp32s3/power_supply_periph.c.obj
[106/123] Building C object CMakeFiles/bootloader.elf.dir/project_elf_src_esp32s3.c.obj
[107/123] Building C object esp-idf/xtensa/CMakeFiles/__idf_xtensa.dir/xt_trax.c.obj
[108/123] Building C object esp-idf/main/CMakeFiles/__idf_main.dir/bootloader_start.c.obj
[109/123] Building C object esp-idf/bootloader_support/CMakeFiles/__idf_bootloader_support.dir/src/bootloader_utility.c.obj
[110/123] Building C object esp-idf/bootloader_support/CMakeFiles/__idf_bootloader_support.dir/bootloader_flash/src/bootloader_flash.c.obj
[111/123] Building C object esp-idf/bootloader_support/CMakeFiles/__idf_bootloader_support.dir/src/esp_image_format.c.obj
[112/123] Linking C static library esp-idf/bootloader_support/libbootloader_support.a
[113/123] Linking C static library esp-idf/esp_bootloader_format/libesp_bootloader_format.a
[114/123] Linking C static library esp-idf/spi_flash/libspi_flash.a
[115/123] Linking C static library esp-idf/hal/libhal.a
[116/123] Building C object esp-idf/micro-ecc/CMakeFiles/__idf_micro-ecc.dir/uECC_verify_antifault.c.obj
[117/123] Linking C static library esp-idf/micro-ecc/libmicro-ecc.a
[118/123] Linking C static library esp-idf/soc/libsoc.a
[119/123] Linking C static library esp-idf/xtensa/libxtensa.a
[120/123] Linking C static library esp-idf/main/libmain.a
[121/123] Linking C executable bootloader.elf
[122/123] Generating binary image from built executable
Warning: Deprecated: Option '--flash_mode' is deprecated. Use '--flash-mode' instead.
Warning: Deprecated: Option '--flash_freq' is deprecated. Use '--flash-freq' instead.
Warning: Deprecated: Option '--flash_size' is deprecated. Use '--flash-size' instead.
esptool v5.2.dev1
Creating ESP32S3 image...
Merged 2 ELF sections.
Successfully created ESP32S3 image.
Generated /home/tikhon/Документы/magnolia/applets/zig/zhexdump/build/bootloader/bootloader.bin
[123/123] cd /home/tikhon/Документы/magnolia/applets/zig/zhexdump/build/bootloader && /home/tikhon/.espressif/python_env/idf6.0_py3.12_env/bin/python /home/tikhon/Документы/magnolia/esp-idf/components/partition_table/check_sizes.py --offset 0x8000 bootloader 0x0 /home/tikhon/Документы/magnolia/applets/zig/zhexdump/build/bootloader/bootloader.bin
Bootloader binary size 0x5320 bytes. 0x2ce0 bytes (35%) free.
ninja: build stopped: subcommand failed.
[776/1046] Building C object esp-idf/mbedtls/mbedtls/library/CMakeFiles/mbedcrypto.dir/ecp.c.obj
[777/1046] Building C object esp-idf/mbedtls/mbedtls/library/CMakeFiles/mbedcrypto.dir/psa_crypto_ffdh.c.obj
-- Found Python3: /home/tikhon/.espressif/python_env/idf6.0_py3.12_env/bin/python (found version "3.12.3") found components: Interpreter 
[778/1046] Building C object esp-idf/mbedtls/mbedtls/library/CMakeFiles/mbedcrypto.dir/ripemd160.c.obj
[779/1046] Building C object esp-idf/mbedtls/mbedtls/library/CMakeFiles/mbedcrypto.dir/psa_crypto_cipher.c.obj
[780/1046] Building C object esp-idf/mbedtls/mbedtls/library/CMakeFiles/mbedcrypto.dir/psa_crypto_mac.c.obj
[781/1046] Building C object esp-idf/mbedtls/mbedtls/library/CMakeFiles/mbedcrypto.dir/psa_its_file.c.obj
[782/1046] Building C object esp-idf/mbedtls/mbedtls/library/CMakeFiles/mbedcrypto.dir/psa_crypto_aead.c.obj
[783/1046] Building C object esp-idf/mbedtls/mbedtls/library/CMakeFiles/mbedcrypto.dir/psa_crypto_storage.c.obj
[784/1046] Building C object esp-idf/mbedtls/mbedtls/library/CMakeFiles/mbedcrypto.dir/sha1.c.obj
[785/1046] Building C object esp-idf/mbedtls/mbedtls/library/CMakeFiles/mbedcrypto.dir/psa_crypto_ecp.c.obj
-- Performing Test CMAKE_HAVE_LIBC_PTHREAD - Success
-- Found Threads: TRUE  
-- Performing Test C_COMPILER_SUPPORTS_WFORMAT_SIGNEDNESS
[786/1046] Building C object esp-idf/mbedtls/mbedtls/library/CMakeFiles/mbedcrypto.dir/sha256.c.obj
-- App "zigdemo" version: 96a69bd-dirty
[787/1046] Building C object esp-idf/mbedtls/mbedtls/library/CMakeFiles/mbedcrypto.dir/psa_crypto_slot_management.c.obj
[788/1046] Building C object esp-idf/mbedtls/mbedtls/library/CMakeFiles/mbedcrypto.dir/pkparse.c.obj
[789/1046] Building C object esp-idf/mbedtls/mbedtls/library/CMakeFiles/mbedcrypto.dir/psa_util.c.obj
[790/1046] Building C object esp-idf/mbedtls/mbedtls/library/CMakeFiles/mbedcrypto.dir/version.c.obj
[791/1046] Building C object esp-idf/mbedtls/mbedtls/library/CMakeFiles/mbedcrypto.dir/timing.c.obj
-- Performing Test CMAKE_HAVE_LIBC_PTHREAD
[792/1046] Building C object esp-idf/mbedtls/mbedtls/library/CMakeFiles/mbedcrypto.dir/version_features.c.obj
-- Performing Test CMAKE_HAVE_LIBC_PTHREAD - Success
-- Found Threads: TRUE  
[793/1046] Building C object esp-idf/mbedtls/mbedtls/library/CMakeFiles/mbedcrypto.dir/rsa_alt_helpers.c.obj
-- Performing Test C_COMPILER_SUPPORTS_WFORMAT_SIGNEDNESS
[794/1046] Building C object esp-idf/mbedtls/mbedtls/library/CMakeFiles/mbedcrypto.dir/psa_crypto_rsa.c.obj
[795/1046] Building C object esp-idf/mbedtls/mbedtls/library/CMakeFiles/mbedcrypto.dir/sha512.c.obj
[796/1046] Building C object esp-idf/mbedtls/mbedtls/library/CMakeFiles/mbedcrypto.dir/threading.c.obj
[797/1046] Building C object 'esp-idf/mbedtls/mbedtls/library/CMakeFiles/mbedcrypto.dir/home/tikhon/Документы/magnolia/esp-idf/components/mbedtls/port/aes/dma/esp_aes_gdma_impl.c.obj'
[798/1046] Building C object 'esp-idf/mbedtls/mbedtls/library/CMakeFiles/mbedcrypto.dir/home/tikhon/Документы/magnolia/esp-idf/components/mbedtls/port/esp_mem.c.obj'
[799/1046] Building C object 'esp-idf/mbedtls/mbedtls/library/CMakeFiles/mbedcrypto.dir/home/tikhon/Документы/magnolia/esp-idf/components/mbedtls/port/sha/core/esp_sha_gdma_impl.c.obj'
-- Performing Test C_COMPILER_SUPPORTS_WFORMAT_SIGNEDNESS - Success
-- USING O3
[800/1046] Building C object 'esp-idf/mbedtls/mbedtls/library/CMakeFiles/mbedcrypto.dir/home/tikhon/Документы/magnolia/esp-idf/components/mbedtls/port/esp_timing.c.obj'
[801/1046] Building C object esp-idf/mbedtls/mbedtls/library/CMakeFiles/mbedcrypto.dir/sha3.c.obj
[802/1046] Building C object 'esp-idf/mbedtls/mbedtls/library/CMakeFiles/mbedcrypto.dir/home/tikhon/Документы/magnolia/esp-idf/components/mbedtls/port/esp_hardware.c.obj'
[803/1046] Building C object 'esp-idf/mbedtls/mbedtls/library/CMakeFiles/mbedcrypto.dir/home/tikhon/Документы/magnolia/esp-idf/components/mbedtls/port/aes/esp_aes_xts.c.obj'
-- Performing Test CMAKE_HAVE_LIBC_PTHREAD - Success
-- Found Threads: TRUE  
-- Performing Test C_COMPILER_SUPPORTS_WFORMAT_SIGNEDNESS - Success
-- USING O3
-- App "zigtest" version: 96a69bd-dirty
[804/1046] Building C object 'esp-idf/mbedtls/mbedtls/library/CMakeFiles/mbedcrypto.dir/home/tikhon/Документы/magnolia/esp-idf/components/mbedtls/port/crypto_shared_gdma/esp_crypto_shared_gdma.c.obj'
-- Performing Test C_COMPILER_SUPPORTS_WFORMAT_SIGNEDNESS
-- Adding linker script /home/tikhon/Документы/magnolia/applets/rust/rusthello/build/esp-idf/esp_system/ld/memory.ld
-- Adding linker script /home/tikhon/Документы/magnolia/applets/rust/rusthello/build/esp-idf/esp_system/ld/sections.ld.in
[805/1046] Building C object 'esp-idf/mbedtls/mbedtls/library/CMakeFiles/mbedcrypto.dir/home/tikhon/Документы/magnolia/esp-idf/components/mbedtls/port/sha/esp_sha.c.obj'
[806/1046] Building C object 'esp-idf/mbedtls/mbedtls/library/CMakeFiles/mbedcrypto.dir/home/tikhon/Документы/magnolia/esp-idf/components/mbedtls/port/aes/esp_aes_common.c.obj'
-- Adding linker script /home/tikhon/Документы/magnolia/esp-idf/components/esp_rom/esp32s3/ld/esp32s3.rom.ld
-- Adding linker script /home/tikhon/Документы/magnolia/esp-idf/components/esp_rom/esp32s3/ld/esp32s3.rom.api.ld
-- Adding linker script /home/tikhon/Документы/magnolia/esp-idf/components/esp_rom/esp32s3/ld/esp32s3.rom.bt_funcs.ld
-- Adding linker script /home/tikhon/Документы/magnolia/esp-idf/components/esp_rom/esp32s3/ld/esp32s3.rom.libgcc.ld
-- Adding linker script /home/tikhon/Документы/magnolia/esp-idf/components/esp_rom/esp32s3/ld/esp32s3.rom.wdt.ld
-- Adding linker script /home/tikhon/Документы/magnolia/esp-idf/components/esp_rom/esp32s3/ld/esp32s3.rom.version.ld
-- Adding linker script /home/tikhon/Документы/magnolia/esp-idf/components/esp_rom/esp32s3/ld/esp32s3.rom.ble_master.ld
-- Adding linker script /home/tikhon/Документы/magnolia/esp-idf/components/esp_rom/esp32s3/ld/esp32s3.rom.ble_50.ld
-- Adding linker script /home/tikhon/Документы/magnolia/esp-idf/components/esp_rom/esp32s3/ld/esp32s3.rom.ble_smp.ld
-- Adding linker script /home/tikhon/Документы/magnolia/esp-idf/components/esp_rom/esp32s3/ld/esp32s3.rom.ble_dtm.ld
-- Adding linker script /home/tikhon/Документы/magnolia/esp-idf/components/esp_rom/esp32s3/ld/esp32s3.rom.ble_test.ld
-- Adding linker script /home/tikhon/Документы/magnolia/esp-idf/components/esp_rom/esp32s3/ld/esp32s3.rom.ble_scan.ld
-- Adding linker script /home/tikhon/Документы/magnolia/esp-idf/components/esp_rom/esp32s3/ld/esp32s3.rom.libc.ld
-- Adding linker script /home/tikhon/Документы/magnolia/esp-idf/components/esp_rom/esp32s3/ld/esp32s3.rom.newlib.ld
[807/1046] Building C object 'esp-idf/mbedtls/mbedtls/library/CMakeFiles/mbedcrypto.dir/home/tikhon/Документы/magnolia/esp-idf/components/mbedtls/port/sha/core/esp_sha256.c.obj'
[808/1046] Building C object 'esp-idf/mbedtls/mbedtls/library/CMakeFiles/mbedcrypto.dir/home/tikhon/Документы/magnolia/esp-idf/components/mbedtls/port/sha/core/esp_sha512.c.obj'
-- Adding linker script /home/tikhon/Документы/magnolia/applets/rust/rxxd/build/esp-idf/esp_system/ld/memory.ld
-- Adding linker script /home/tikhon/Документы/magnolia/applets/rust/rxxd/build/esp-idf/esp_system/ld/sections.ld.in
-- Adding linker script /home/tikhon/Документы/magnolia/esp-idf/components/soc/esp32s3/ld/esp32s3.peripherals.ld
[809/1046] Linking CXX static library esp-idf/mbedtls/mbedtls/library/libmbedx509.a
[810/1046] Building C object 'esp-idf/mbedtls/mbedtls/library/CMakeFiles/mbedcrypto.dir/home/tikhon/Документы/magnolia/esp-idf/components/mbedtls/port/bignum/bignum_alt.c.obj'
-- Adding linker script /home/tikhon/Документы/magnolia/esp-idf/components/esp_rom/esp32s3/ld/esp32s3.rom.ld
-- Adding linker script /home/tikhon/Документы/magnolia/esp-idf/components/esp_rom/esp32s3/ld/esp32s3.rom.api.ld
-- Adding linker script /home/tikhon/Документы/magnolia/esp-idf/components/esp_rom/esp32s3/ld/esp32s3.rom.bt_funcs.ld
-- Adding linker script /home/tikhon/Документы/magnolia/esp-idf/components/esp_rom/esp32s3/ld/esp32s3.rom.libgcc.ld
-- Adding linker script /home/tikhon/Документы/magnolia/esp-idf/components/esp_rom/esp32s3/ld/esp32s3.rom.wdt.ld
-- Adding linker script /home/tikhon/Документы/magnolia/esp-idf/components/esp_rom/esp32s3/ld/esp32s3.rom.version.ld
-- Adding linker script /home/tikhon/Документы/magnolia/esp-idf/components/esp_rom/esp32s3/ld/esp32s3.rom.ble_master.ld
-- Adding linker script /home/tikhon/Документы/magnolia/esp-idf/components/esp_rom/esp32s3/ld/esp32s3.rom.ble_50.ld
-- Adding linker script /home/tikhon/Документы/magnolia/esp-idf/components/esp_rom/esp32s3/ld/esp32s3.rom.ble_smp.ld
-- Adding linker script /home/tikhon/Документы/magnolia/esp-idf/components/esp_rom/esp32s3/ld/esp32s3.rom.ble_dtm.ld
-- Adding linker script /home/tikhon/Документы/magnolia/esp-idf/components/esp_rom/esp32s3/ld/esp32s3.rom.ble_test.ld
-- Adding linker script /home/tikhon/Документы/magnolia/esp-idf/components/esp_rom/esp32s3/ld/esp32s3.rom.ble_scan.ld
-- Adding linker script /home/tikhon/Документы/magnolia/esp-idf/components/esp_rom/esp32s3/ld/esp32s3.rom.libc.ld
-- Adding linker script /home/tikhon/Документы/magnolia/esp-idf/components/esp_rom/esp32s3/ld/esp32s3.rom.newlib.ld
[811/1046] Building C object 'esp-idf/mbedtls/mbedtls/library/CMakeFiles/mbedcrypto.dir/home/tikhon/Документы/magnolia/esp-idf/components/mbedtls/port/sha/core/esp_sha1.c.obj'
[812/1046] Building C object 'esp-idf/mbedtls/mbedtls/library/CMakeFiles/mbedcrypto.dir/home/tikhon/Документы/magnolia/esp-idf/components/mbedtls/port/aes/dma/esp_aes.c.obj'
[813/1046] Building C object 'esp-idf/mbedtls/mbedtls/library/CMakeFiles/mbedcrypto.dir/home/tikhon/Документы/magnolia/esp-idf/components/mbedtls/port/md/esp_md.c.obj'
-- Performing Test C_COMPILER_SUPPORTS_WFORMAT_SIGNEDNESS - Success
-- USING O3
[814/1046] Building C object 'esp-idf/mbedtls/mbedtls/library/CMakeFiles/mbedcrypto.dir/home/tikhon/Документы/magnolia/esp-idf/components/mbedtls/port/esp_ds/esp_rsa_dec_alt.c.obj'
-- Adding linker script /home/tikhon/Документы/magnolia/esp-idf/components/soc/esp32s3/ld/esp32s3.peripherals.ld
[815/1046] Building C object 'esp-idf/mbedtls/mbedtls/library/CMakeFiles/mbedcrypto.dir/home/tikhon/Документы/magnolia/esp-idf/components/mbedtls/port/bignum/esp_bignum.c.obj'
[816/1046] Building C object 'esp-idf/mbedtls/mbedtls/library/CMakeFiles/mbedcrypto.dir/home/tikhon/Документы/magnolia/esp-idf/components/mbedtls/port/esp_ds/esp_rsa_sign_alt.c.obj'
[817/1046] Building C object esp-idf/mbedtls/mbedtls/3rdparty/everest/CMakeFiles/everest.dir/library/x25519.c.obj
Command failed (2): idf.py build
Skipping failed applet build: zhexdump
[818/1046] Building C object esp-idf/mbedtls/mbedtls/3rdparty/p256-m/CMakeFiles/p256m.dir/p256-m_driver_entrypoints.c.obj
[819/1046] Building C object 'esp-idf/mbedtls/mbedtls/library/CMakeFiles/mbedcrypto.dir/home/tikhon/Документы/magnolia/esp-idf/components/mbedtls/port/aes/dma/esp_aes_dma_core.c.obj'
[820/1046] Building C object 'esp-idf/mbedtls/mbedtls/library/CMakeFiles/mbedcrypto.dir/home/tikhon/Документы/magnolia/esp-idf/components/mbedtls/port/esp_ds/esp_ds_common.c.obj'
[821/1046] Building C object esp-idf/mbedtls/mbedtls/3rdparty/everest/CMakeFiles/everest.dir/library/Hacl_Curve25519_joined.c.obj
[822/1046] Building C object 'esp-idf/mbedtls/mbedtls/library/CMakeFiles/mbedcrypto.dir/home/tikhon/Документы/magnolia/esp-idf/components/mbedtls/port/aes/esp_aes_gcm.c.obj'
[823/1046] Building C object esp-idf/mbedtls/mbedtls/3rdparty/p256-m/CMakeFiles/p256m.dir/p256-m/p256-m.c.obj
[824/1046] Building C object esp-idf/mbedtls/mbedtls/3rdparty/everest/CMakeFiles/everest.dir/library/everest.c.obj
[825/1046] Building C object 'esp-idf/mbedtls/mbedtls/library/CMakeFiles/mbedcrypto.dir/home/tikhon/Документы/magnolia/esp-idf/components/mbedtls/port/sha/core/sha.c.obj'
-- Adding linker script /home/tikhon/Документы/magnolia/applets/zig/zighello/build/esp-idf/esp_system/ld/memory.ld
-- Adding linker script /home/tikhon/Документы/magnolia/applets/zig/zighello/build/esp-idf/esp_system/ld/sections.ld.in
-- Adding linker script /home/tikhon/Документы/magnolia/esp-idf/components/esp_rom/esp32s3/ld/esp32s3.rom.ld
-- Adding linker script /home/tikhon/Документы/magnolia/esp-idf/components/esp_rom/esp32s3/ld/esp32s3.rom.api.ld
-- Adding linker script /home/tikhon/Документы/magnolia/esp-idf/components/esp_rom/esp32s3/ld/esp32s3.rom.bt_funcs.ld
-- Adding linker script /home/tikhon/Документы/magnolia/esp-idf/components/esp_rom/esp32s3/ld/esp32s3.rom.libgcc.ld
-- Adding linker script /home/tikhon/Документы/magnolia/esp-idf/components/esp_rom/esp32s3/ld/esp32s3.rom.wdt.ld
-- Adding linker script /home/tikhon/Документы/magnolia/esp-idf/components/esp_rom/esp32s3/ld/esp32s3.rom.version.ld
-- Adding linker script /home/tikhon/Документы/magnolia/esp-idf/components/esp_rom/esp32s3/ld/esp32s3.rom.ble_master.ld
-- Adding linker script /home/tikhon/Документы/magnolia/esp-idf/components/esp_rom/esp32s3/ld/esp32s3.rom.ble_50.ld
-- Adding linker script /home/tikhon/Документы/magnolia/esp-idf/components/esp_rom/esp32s3/ld/esp32s3.rom.ble_smp.ld
-- Adding linker script /home/tikhon/Документы/magnolia/esp-idf/components/esp_rom/esp32s3/ld/esp32s3.rom.ble_dtm.ld
-- Adding linker script /home/tikhon/Документы/magnolia/esp-idf/components/esp_rom/esp32s3/ld/esp32s3.rom.ble_test.ld
-- Adding linker script /home/tikhon/Документы/magnolia/esp-idf/components/esp_rom/esp32s3/ld/esp32s3.rom.ble_scan.ld
-- Adding linker script /home/tikhon/Документы/magnolia/esp-idf/components/esp_rom/esp32s3/ld/esp32s3.rom.libc.ld
-- Adding linker script /home/tikhon/Документы/magnolia/esp-idf/components/esp_rom/esp32s3/ld/esp32s3.rom.newlib.ld
[826/1046] Building C object esp-idf/mbedtls/mbedtls/library/CMakeFiles/mbedcrypto.dir/rsa.c.obj
-- Found Python3: /home/tikhon/.espressif/python_env/idf6.0_py3.12_env/bin/python (found version "3.12.3") found components: Interpreter 
-- Adding linker script /home/tikhon/Документы/magnolia/esp-idf/components/soc/esp32s3/ld/esp32s3.peripherals.ld
-- Found Python3: /home/tikhon/.espressif/python_env/idf6.0_py3.12_env/bin/python (found version "3.12.3") found components: Interpreter 
-- Performing Test CMAKE_HAVE_LIBC_PTHREAD
-- Performing Test CMAKE_HAVE_LIBC_PTHREAD
-- Performing Test CMAKE_HAVE_LIBC_PTHREAD - Success
-- Found Threads: TRUE  
-- Performing Test C_COMPILER_SUPPORTS_WFORMAT_SIGNEDNESS
-- Performing Test CMAKE_HAVE_LIBC_PTHREAD - Success
-- Found Threads: TRUE  
-- Performing Test C_COMPILER_SUPPORTS_WFORMAT_SIGNEDNESS
-- Performing Test C_COMPILER_SUPPORTS_WFORMAT_SIGNEDNESS - Success
-- USING O3
-- Generating done (0.7s)
-- Adding linker script /home/tikhon/Документы/magnolia/applets/zig/zigdemo/build/esp-idf/esp_system/ld/memory.ld
-- Adding linker script /home/tikhon/Документы/magnolia/applets/zig/zigdemo/build/esp-idf/esp_system/ld/sections.ld.in
-- Performing Test C_COMPILER_SUPPORTS_WFORMAT_SIGNEDNESS - Success
-- USING O3
-- Adding linker script /home/tikhon/Документы/magnolia/esp-idf/components/esp_rom/esp32s3/ld/esp32s3.rom.ld
-- Adding linker script /home/tikhon/Документы/magnolia/esp-idf/components/esp_rom/esp32s3/ld/esp32s3.rom.api.ld
-- Adding linker script /home/tikhon/Документы/magnolia/esp-idf/components/esp_rom/esp32s3/ld/esp32s3.rom.bt_funcs.ld
-- Adding linker script /home/tikhon/Документы/magnolia/esp-idf/components/esp_rom/esp32s3/ld/esp32s3.rom.libgcc.ld
-- Adding linker script /home/tikhon/Документы/magnolia/esp-idf/components/esp_rom/esp32s3/ld/esp32s3.rom.wdt.ld
-- Adding linker script /home/tikhon/Документы/magnolia/esp-idf/components/esp_rom/esp32s3/ld/esp32s3.rom.version.ld
-- Adding linker script /home/tikhon/Документы/magnolia/esp-idf/components/esp_rom/esp32s3/ld/esp32s3.rom.ble_master.ld
-- Adding linker script /home/tikhon/Документы/magnolia/esp-idf/components/esp_rom/esp32s3/ld/esp32s3.rom.ble_50.ld
-- Adding linker script /home/tikhon/Документы/magnolia/esp-idf/components/esp_rom/esp32s3/ld/esp32s3.rom.ble_smp.ld
-- Adding linker script /home/tikhon/Документы/magnolia/esp-idf/components/esp_rom/esp32s3/ld/esp32s3.rom.ble_dtm.ld
-- Adding linker script /home/tikhon/Документы/magnolia/esp-idf/components/esp_rom/esp32s3/ld/esp32s3.rom.ble_test.ld
-- Adding linker script /home/tikhon/Документы/magnolia/esp-idf/components/esp_rom/esp32s3/ld/esp32s3.rom.ble_scan.ld
-- Adding linker script /home/tikhon/Документы/magnolia/esp-idf/components/esp_rom/esp32s3/ld/esp32s3.rom.libc.ld
-- Adding linker script /home/tikhon/Документы/magnolia/esp-idf/components/esp_rom/esp32s3/ld/esp32s3.rom.newlib.ld
-- Build files have been written to: /home/tikhon/Документы/magnolia/applets/rust/rshello/build
-- Adding linker script /home/tikhon/Документы/magnolia/esp-idf/components/soc/esp32s3/ld/esp32s3.peripherals.ld
-- ELF_LOADER: 1.1.1
-- Adding linker script /home/tikhon/Документы/magnolia/applets/zig/zigtest/build/esp-idf/esp_system/ld/memory.ld
-- Adding linker script /home/tikhon/Документы/magnolia/applets/zig/zigtest/build/esp-idf/esp_system/ld/sections.ld.in
-- Adding linker script /home/tikhon/Документы/magnolia/esp-idf/components/esp_rom/esp32s3/ld/esp32s3.rom.ld
-- Adding linker script /home/tikhon/Документы/magnolia/esp-idf/components/esp_rom/esp32s3/ld/esp32s3.rom.api.ld
-- Adding linker script /home/tikhon/Документы/magnolia/esp-idf/components/esp_rom/esp32s3/ld/esp32s3.rom.bt_funcs.ld
-- Adding linker script /home/tikhon/Документы/magnolia/esp-idf/components/esp_rom/esp32s3/ld/esp32s3.rom.libgcc.ld
-- Adding linker script /home/tikhon/Документы/magnolia/esp-idf/components/esp_rom/esp32s3/ld/esp32s3.rom.wdt.ld
-- Adding linker script /home/tikhon/Документы/magnolia/esp-idf/components/esp_rom/esp32s3/ld/esp32s3.rom.version.ld
-- Adding linker script /home/tikhon/Документы/magnolia/esp-idf/components/esp_rom/esp32s3/ld/esp32s3.rom.ble_master.ld
-- Adding linker script /home/tikhon/Документы/magnolia/esp-idf/components/esp_rom/esp32s3/ld/esp32s3.rom.ble_50.ld
-- Adding linker script /home/tikhon/Документы/magnolia/esp-idf/components/esp_rom/esp32s3/ld/esp32s3.rom.ble_smp.ld
-- Adding linker script /home/tikhon/Документы/magnolia/esp-idf/components/esp_rom/esp32s3/ld/esp32s3.rom.ble_dtm.ld
-- Adding linker script /home/tikhon/Документы/magnolia/esp-idf/components/esp_rom/esp32s3/ld/esp32s3.rom.ble_test.ld
-- Adding linker script /home/tikhon/Документы/magnolia/esp-idf/components/esp_rom/esp32s3/ld/esp32s3.rom.ble_scan.ld
-- Adding linker script /home/tikhon/Документы/magnolia/esp-idf/components/esp_rom/esp32s3/ld/esp32s3.rom.libc.ld
-- Adding linker script /home/tikhon/Документы/magnolia/esp-idf/components/esp_rom/esp32s3/ld/esp32s3.rom.newlib.ld
-- Adding linker script /home/tikhon/Документы/magnolia/esp-idf/components/soc/esp32s3/ld/esp32s3.peripherals.ld
-- ELF_LOADER: 1.1.1
[827/1046] Building C object esp-idf/mbedtls/mbedtls/library/CMakeFiles/mbedcrypto.dir/psa_crypto.c.obj
[828/1046] Linking CXX static library esp-idf/mbedtls/mbedtls/library/libmbedcrypto.a
[829/1046] Linking CXX static library esp-idf/mbedtls/mbedtls/3rdparty/p256-m/libp256m.a
+ idf.py elf
[830/1046] Linking CXX static library esp-idf/mbedtls/mbedtls/3rdparty/everest/libeverest.a
-- ELF_LOADER: 1.1.1
-- Components: app_trace app_update bootloader bootloader_support bt cmock console cxx driver efuse esp-tls esp_adc esp_app_format esp_bootloader_format esp_coex esp_common esp_driver_ana_cmpr esp_driver_bitscrambler esp_driver_cam esp_driver_dac esp_driver_gpio esp_driver_gptimer esp_driver_i2c esp_driver_i2s esp_driver_i3c esp_driver_isp esp_driver_jpeg esp_driver_ledc esp_driver_mcpwm esp_driver_parlio esp_driver_pcnt esp_driver_ppa esp_driver_rmt esp_driver_sd_intf esp_driver_sdio esp_driver_sdm esp_driver_sdmmc esp_driver_sdspi esp_driver_spi esp_driver_touch_sens esp_driver_tsens esp_driver_twai esp_driver_uart esp_driver_usb_serial_jtag esp_eth esp_event esp_gdbstub esp_hid esp_http_client esp_http_server esp_https_ota esp_https_server esp_hw_support esp_lcd esp_local_ctrl esp_mm esp_netif esp_netif_stack esp_partition esp_phy esp_pm esp_psram esp_ringbuf esp_rom esp_security esp_system esp_timer esp_vfs_console esp_wifi espcoredump esptool_py fatfs freertos hal heap http_parser idf_test ieee802154 json log lwip main mbedtls mqtt newlib nvs_flash nvs_sec_provider openthread partition_table perfmon protobuf-c protocomm pthread rt sdmmc soc spi_flash spiffs tcp_transport touch_element ulp unity usb vfs wear_levelling wifi_provisioning wpa_supplicant xtensa
-- Component paths: /home/tikhon/Документы/magnolia/esp-idf/components/app_trace /home/tikhon/Документы/magnolia/esp-idf/components/app_update /home/tikhon/Документы/magnolia/esp-idf/components/bootloader /home/tikhon/Документы/magnolia/esp-idf/components/bootloader_support /home/tikhon/Документы/magnolia/esp-idf/components/bt /home/tikhon/Документы/magnolia/esp-idf/components/cmock /home/tikhon/Документы/magnolia/esp-idf/components/console /home/tikhon/Документы/magnolia/esp-idf/components/cxx /home/tikhon/Документы/magnolia/esp-idf/components/driver /home/tikhon/Документы/magnolia/esp-idf/components/efuse /home/tikhon/Документы/magnolia/esp-idf/components/esp-tls /home/tikhon/Документы/magnolia/esp-idf/components/esp_adc /home/tikhon/Документы/magnolia/esp-idf/components/esp_app_format /home/tikhon/Документы/magnolia/esp-idf/components/esp_bootloader_format /home/tikhon/Документы/magnolia/esp-idf/components/esp_coex /home/tikhon/Документы/magnolia/esp-idf/components/esp_common /home/tikhon/Документы/magnolia/esp-idf/components/esp_driver_ana_cmpr /home/tikhon/Документы/magnolia/esp-idf/components/esp_driver_bitscrambler /home/tikhon/Документы/magnolia/esp-idf/components/esp_driver_cam /home/tikhon/Документы/magnolia/esp-idf/components/esp_driver_dac /home/tikhon/Документы/magnolia/esp-idf/components/esp_driver_gpio /home/tikhon/Документы/magnolia/esp-idf/components/esp_driver_gptimer /home/tikhon/Документы/magnolia/esp-idf/components/esp_driver_i2c /home/tikhon/Документы/magnolia/esp-idf/components/esp_driver_i2s /home/tikhon/Документы/magnolia/esp-idf/components/esp_driver_i3c /home/tikhon/Документы/magnolia/esp-idf/components/esp_driver_isp /home/tikhon/Документы/magnolia/esp-idf/components/esp_driver_jpeg /home/tikhon/Документы/magnolia/esp-idf/components/esp_driver_ledc /home/tikhon/Документы/magnolia/esp-idf/components/esp_driver_mcpwm /home/tikhon/Документы/magnolia/esp-idf/components/esp_driver_parlio /home/tikhon/Документы/magnolia/esp-idf/components/esp_driver_pcnt /home/tikhon/Документы/magnolia/esp-idf/components/esp_driver_ppa /home/tikhon/Документы/magnolia/esp-idf/components/esp_driver_rmt /home/tikhon/Документы/magnolia/esp-idf/components/esp_driver_sd_intf /home/tikhon/Документы/magnolia/esp-idf/components/esp_driver_sdio /home/tikhon/Документы/magnolia/esp-idf/components/esp_driver_sdm /home/tikhon/Документы/magnolia/esp-idf/components/esp_driver_sdmmc /home/tikhon/Документы/magnolia/esp-idf/components/esp_driver_sdspi /home/tikhon/Документы/magnolia/esp-idf/components/esp_driver_spi /home/tikhon/Документы/magnolia/esp-idf/components/esp_driver_touch_sens /home/tikhon/Документы/magnolia/esp-idf/components/esp_driver_tsens /home/tikhon/Документы/magnolia/esp-idf/components/esp_driver_twai /home/tikhon/Документы/magnolia/esp-idf/components/esp_driver_uart /home/tikhon/Документы/magnolia/esp-idf/components/esp_driver_usb_serial_jtag /home/tikhon/Документы/magnolia/esp-idf/components/esp_eth /home/tikhon/Документы/magnolia/esp-idf/components/esp_event /home/tikhon/Документы/magnolia/esp-idf/components/esp_gdbstub /home/tikhon/Документы/magnolia/esp-idf/components/esp_hid /home/tikhon/Документы/magnolia/esp-idf/components/esp_http_client /home/tikhon/Документы/magnolia/esp-idf/components/esp_http_server /home/tikhon/Документы/magnolia/esp-idf/components/esp_https_ota /home/tikhon/Документы/magnolia/esp-idf/components/esp_https_server /home/tikhon/Документы/magnolia/esp-idf/components/esp_hw_support /home/tikhon/Документы/magnolia/esp-idf/components/esp_lcd /home/tikhon/Документы/magnolia/esp-idf/components/esp_local_ctrl /home/tikhon/Документы/magnolia/esp-idf/components/esp_mm /home/tikhon/Документы/magnolia/esp-idf/components/esp_netif /home/tikhon/Документы/magnolia/esp-idf/components/esp_netif_stack /home/tikhon/Документы/magnolia/esp-idf/components/esp_partition /home/tikhon/Документы/magnolia/esp-idf/components/esp_phy /home/tikhon/Документы/magnolia/esp-idf/components/esp_pm /home/tikhon/Документы/magnolia/esp-idf/components/esp_psram /home/tikhon/Документы/magnolia/esp-idf/components/esp_ringbuf /home/tikhon/Документы/magnolia/esp-idf/components/esp_rom /home/tikhon/Документы/magnolia/esp-idf/components/esp_security /home/tikhon/Документы/magnolia/esp-idf/components/esp_system /home/tikhon/Документы/magnolia/esp-idf/components/esp_timer /home/tikhon/Документы/magnolia/esp-idf/components/esp_vfs_console /home/tikhon/Документы/magnolia/esp-idf/components/esp_wifi /home/tikhon/Документы/magnolia/esp-idf/components/espcoredump /home/tikhon/Документы/magnolia/esp-idf/components/esptool_py /home/tikhon/Документы/magnolia/esp-idf/components/fatfs /home/tikhon/Документы/magnolia/esp-idf/components/freertos /home/tikhon/Документы/magnolia/esp-idf/components/hal /home/tikhon/Документы/magnolia/esp-idf/components/heap /home/tikhon/Документы/magnolia/esp-idf/components/http_parser /home/tikhon/Документы/magnolia/esp-idf/components/idf_test /home/tikhon/Документы/magnolia/esp-idf/components/ieee802154 /home/tikhon/Документы/magnolia/esp-idf/components/json /home/tikhon/Документы/magnolia/esp-idf/components/log /home/tikhon/Документы/magnolia/esp-idf/components/lwip /home/tikhon/Документы/magnolia/applets/rust/rusthello/main /home/tikhon/Документы/magnolia/esp-idf/components/mbedtls /home/tikhon/Документы/magnolia/esp-idf/components/mqtt /home/tikhon/Документы/magnolia/esp-idf/components/newlib /home/tikhon/Документы/magnolia/esp-idf/components/nvs_flash /home/tikhon/Документы/magnolia/esp-idf/components/nvs_sec_provider /home/tikhon/Документы/magnolia/esp-idf/components/openthread /home/tikhon/Документы/magnolia/esp-idf/components/partition_table /home/tikhon/Документы/magnolia/esp-idf/components/perfmon /home/tikhon/Документы/magnolia/esp-idf/components/protobuf-c /home/tikhon/Документы/magnolia/esp-idf/components/protocomm /home/tikhon/Документы/magnolia/esp-idf/components/pthread /home/tikhon/Документы/magnolia/esp-idf/components/rt /home/tikhon/Документы/magnolia/esp-idf/components/sdmmc /home/tikhon/Документы/magnolia/esp-idf/components/soc /home/tikhon/Документы/magnolia/esp-idf/components/spi_flash /home/tikhon/Документы/magnolia/esp-idf/components/spiffs /home/tikhon/Документы/magnolia/esp-idf/components/tcp_transport /home/tikhon/Документы/magnolia/esp-idf/components/touch_element /home/tikhon/Документы/magnolia/esp-idf/components/ulp /home/tikhon/Документы/magnolia/esp-idf/components/unity /home/tikhon/Документы/magnolia/esp-idf/components/usb /home/tikhon/Документы/magnolia/esp-idf/components/vfs /home/tikhon/Документы/magnolia/esp-idf/components/wear_levelling /home/tikhon/Документы/magnolia/esp-idf/components/wifi_provisioning /home/tikhon/Документы/magnolia/esp-idf/components/wpa_supplicant /home/tikhon/Документы/magnolia/esp-idf/components/xtensa
-- Configuring done (14.1s)
[831/1046] Generating x509_crt_bundle
-- ELF_LOADER: 1.1.1
-- Components: app_trace app_update bootloader bootloader_support bt cmock console cxx driver efuse esp-tls esp_adc esp_app_format esp_bootloader_format esp_coex esp_common esp_driver_ana_cmpr esp_driver_bitscrambler esp_driver_cam esp_driver_dac esp_driver_gpio esp_driver_gptimer esp_driver_i2c esp_driver_i2s esp_driver_i3c esp_driver_isp esp_driver_jpeg esp_driver_ledc esp_driver_mcpwm esp_driver_parlio esp_driver_pcnt esp_driver_ppa esp_driver_rmt esp_driver_sd_intf esp_driver_sdio esp_driver_sdm esp_driver_sdmmc esp_driver_sdspi esp_driver_spi esp_driver_touch_sens esp_driver_tsens esp_driver_twai esp_driver_uart esp_driver_usb_serial_jtag esp_eth esp_event esp_gdbstub esp_hid esp_http_client esp_http_server esp_https_ota esp_https_server esp_hw_support esp_lcd esp_local_ctrl esp_mm esp_netif esp_netif_stack esp_partition esp_phy esp_pm esp_psram esp_ringbuf esp_rom esp_security esp_system esp_timer esp_vfs_console esp_wifi espcoredump espressif__cmake_utilities espressif__elf_loader esptool_py fatfs freertos hal heap http_parser idf_test ieee802154 json log lwip main mbedtls mqtt newlib nvs_flash nvs_sec_provider openthread partition_table perfmon protobuf-c protocomm pthread rt sdmmc soc spi_flash spiffs tcp_transport touch_element ulp unity usb vfs wear_levelling wifi_provisioning wpa_supplicant xtensa
-- Component paths: /home/tikhon/Документы/magnolia/esp-idf/components/app_trace /home/tikhon/Документы/magnolia/esp-idf/components/app_update /home/tikhon/Документы/magnolia/esp-idf/components/bootloader /home/tikhon/Документы/magnolia/esp-idf/components/bootloader_support /home/tikhon/Документы/magnolia/esp-idf/components/bt /home/tikhon/Документы/magnolia/esp-idf/components/cmock /home/tikhon/Документы/magnolia/esp-idf/components/console /home/tikhon/Документы/magnolia/esp-idf/components/cxx /home/tikhon/Документы/magnolia/esp-idf/components/driver /home/tikhon/Документы/magnolia/esp-idf/components/efuse /home/tikhon/Документы/magnolia/esp-idf/components/esp-tls /home/tikhon/Документы/magnolia/esp-idf/components/esp_adc /home/tikhon/Документы/magnolia/esp-idf/components/esp_app_format /home/tikhon/Документы/magnolia/esp-idf/components/esp_bootloader_format /home/tikhon/Документы/magnolia/esp-idf/components/esp_coex /home/tikhon/Документы/magnolia/esp-idf/components/esp_common /home/tikhon/Документы/magnolia/esp-idf/components/esp_driver_ana_cmpr /home/tikhon/Документы/magnolia/esp-idf/components/esp_driver_bitscrambler /home/tikhon/Документы/magnolia/esp-idf/components/esp_driver_cam /home/tikhon/Документы/magnolia/esp-idf/components/esp_driver_dac /home/tikhon/Документы/magnolia/esp-idf/components/esp_driver_gpio /home/tikhon/Документы/magnolia/esp-idf/components/esp_driver_gptimer /home/tikhon/Документы/magnolia/esp-idf/components/esp_driver_i2c /home/tikhon/Документы/magnolia/esp-idf/components/esp_driver_i2s /home/tikhon/Документы/magnolia/esp-idf/components/esp_driver_i3c /home/tikhon/Документы/magnolia/esp-idf/components/esp_driver_isp /home/tikhon/Документы/magnolia/esp-idf/components/esp_driver_jpeg /home/tikhon/Документы/magnolia/esp-idf/components/esp_driver_ledc /home/tikhon/Документы/magnolia/esp-idf/components/esp_driver_mcpwm /home/tikhon/Документы/magnolia/esp-idf/components/esp_driver_parlio /home/tikhon/Документы/magnolia/esp-idf/components/esp_driver_pcnt /home/tikhon/Документы/magnolia/esp-idf/components/esp_driver_ppa /home/tikhon/Документы/magnolia/esp-idf/components/esp_driver_rmt /home/tikhon/Документы/magnolia/esp-idf/components/esp_driver_sd_intf /home/tikhon/Документы/magnolia/esp-idf/components/esp_driver_sdio /home/tikhon/Документы/magnolia/esp-idf/components/esp_driver_sdm /home/tikhon/Документы/magnolia/esp-idf/components/esp_driver_sdmmc /home/tikhon/Документы/magnolia/esp-idf/components/esp_driver_sdspi /home/tikhon/Документы/magnolia/esp-idf/components/esp_driver_spi /home/tikhon/Документы/magnolia/esp-idf/components/esp_driver_touch_sens /home/tikhon/Документы/magnolia/esp-idf/components/esp_driver_tsens /home/tikhon/Документы/magnolia/esp-idf/components/esp_driver_twai /home/tikhon/Документы/magnolia/esp-idf/components/esp_driver_uart /home/tikhon/Документы/magnolia/esp-idf/components/esp_driver_usb_serial_jtag /home/tikhon/Документы/magnolia/esp-idf/components/esp_eth /home/tikhon/Документы/magnolia/esp-idf/components/esp_event /home/tikhon/Документы/magnolia/esp-idf/components/esp_gdbstub /home/tikhon/Документы/magnolia/esp-idf/components/esp_hid /home/tikhon/Документы/magnolia/esp-idf/components/esp_http_client /home/tikhon/Документы/magnolia/esp-idf/components/esp_http_server /home/tikhon/Документы/magnolia/esp-idf/components/esp_https_ota /home/tikhon/Документы/magnolia/esp-idf/components/esp_https_server /home/tikhon/Документы/magnolia/esp-idf/components/esp_hw_support /home/tikhon/Документы/magnolia/esp-idf/components/esp_lcd /home/tikhon/Документы/magnolia/esp-idf/components/esp_local_ctrl /home/tikhon/Документы/magnolia/esp-idf/components/esp_mm /home/tikhon/Документы/magnolia/esp-idf/components/esp_netif /home/tikhon/Документы/magnolia/esp-idf/components/esp_netif_stack /home/tikhon/Документы/magnolia/esp-idf/components/esp_partition /home/tikhon/Документы/magnolia/esp-idf/components/esp_phy /home/tikhon/Документы/magnolia/esp-idf/components/esp_pm /home/tikhon/Документы/magnolia/esp-idf/components/esp_psram /home/tikhon/Документы/magnolia/esp-idf/components/esp_ringbuf /home/tikhon/Документы/magnolia/esp-idf/components/esp_rom /home/tikhon/Документы/magnolia/esp-idf/components/esp_security /home/tikhon/Документы/magnolia/esp-idf/components/esp_system /home/tikhon/Документы/magnolia/esp-idf/components/esp_timer /home/tikhon/Документы/magnolia/esp-idf/components/esp_vfs_console /home/tikhon/Документы/magnolia/esp-idf/components/esp_wifi /home/tikhon/Документы/magnolia/esp-idf/components/espcoredump /home/tikhon/Документы/magnolia/applets/zig/zighello/managed_components/espressif__cmake_utilities /home/tikhon/Документы/magnolia/applets/zig/zighello/managed_components/espressif__elf_loader /home/tikhon/Документы/magnolia/esp-idf/components/esptool_py /home/tikhon/Документы/magnolia/esp-idf/components/fatfs /home/tikhon/Документы/magnolia/esp-idf/components/freertos /home/tikhon/Документы/magnolia/esp-idf/components/hal /home/tikhon/Документы/magnolia/esp-idf/components/heap /home/tikhon/Документы/magnolia/esp-idf/components/http_parser /home/tikhon/Документы/magnolia/esp-idf/components/idf_test /home/tikhon/Документы/magnolia/esp-idf/components/ieee802154 /home/tikhon/Документы/magnolia/esp-idf/components/json /home/tikhon/Документы/magnolia/esp-idf/components/log /home/tikhon/Документы/magnolia/esp-idf/components/lwip /home/tikhon/Документы/magnolia/applets/zig/zighello/main /home/tikhon/Документы/magnolia/esp-idf/components/mbedtls /home/tikhon/Документы/magnolia/esp-idf/components/mqtt /home/tikhon/Документы/magnolia/esp-idf/components/newlib /home/tikhon/Документы/magnolia/esp-idf/components/nvs_flash /home/tikhon/Документы/magnolia/esp-idf/components/nvs_sec_provider /home/tikhon/Документы/magnolia/esp-idf/components/openthread /home/tikhon/Документы/magnolia/esp-idf/components/partition_table /home/tikhon/Документы/magnolia/esp-idf/components/perfmon /home/tikhon/Документы/magnolia/esp-idf/components/protobuf-c /home/tikhon/Документы/magnolia/esp-idf/components/protocomm /home/tikhon/Документы/magnolia/esp-idf/components/pthread /home/tikhon/Документы/magnolia/esp-idf/components/rt /home/tikhon/Документы/magnolia/esp-idf/components/sdmmc /home/tikhon/Документы/magnolia/esp-idf/components/soc /home/tikhon/Документы/magnolia/esp-idf/components/spi_flash /home/tikhon/Документы/magnolia/esp-idf/components/spiffs /home/tikhon/Документы/magnolia/esp-idf/components/tcp_transport /home/tikhon/Документы/magnolia/esp-idf/components/touch_element /home/tikhon/Документы/magnolia/esp-idf/components/ulp /home/tikhon/Документы/magnolia/esp-idf/components/unity /home/tikhon/Документы/magnolia/esp-idf/components/usb /home/tikhon/Документы/magnolia/esp-idf/components/vfs /home/tikhon/Документы/magnolia/esp-idf/components/wear_levelling /home/tikhon/Документы/magnolia/esp-idf/components/wifi_provisioning /home/tikhon/Документы/magnolia/esp-idf/components/wpa_supplicant /home/tikhon/Документы/magnolia/esp-idf/components/xtensa
-- Components: app_trace app_update bootloader bootloader_support bt cmock console cxx driver efuse esp-tls esp_adc esp_app_format esp_bootloader_format esp_coex esp_common esp_driver_ana_cmpr esp_driver_bitscrambler esp_driver_cam esp_driver_dac esp_driver_gpio esp_driver_gptimer esp_driver_i2c esp_driver_i2s esp_driver_i3c esp_driver_isp esp_driver_jpeg esp_driver_ledc esp_driver_mcpwm esp_driver_parlio esp_driver_pcnt esp_driver_ppa esp_driver_rmt esp_driver_sd_intf esp_driver_sdio esp_driver_sdm esp_driver_sdmmc esp_driver_sdspi esp_driver_spi esp_driver_touch_sens esp_driver_tsens esp_driver_twai esp_driver_uart esp_driver_usb_serial_jtag esp_eth esp_event esp_gdbstub esp_hid esp_http_client esp_http_server esp_https_ota esp_https_server esp_hw_support esp_lcd esp_local_ctrl esp_mm esp_netif esp_netif_stack esp_partition esp_phy esp_pm esp_psram esp_ringbuf esp_rom esp_security esp_system esp_timer esp_vfs_console esp_wifi espcoredump espressif__cmake_utilities espressif__elf_loader esptool_py fatfs freertos hal heap http_parser idf_test ieee802154 json log lwip main mbedtls mqtt newlib nvs_flash nvs_sec_provider openthread partition_table perfmon protobuf-c protocomm pthread rt sdmmc soc spi_flash spiffs tcp_transport touch_element ulp unity usb vfs wear_levelling wifi_provisioning wpa_supplicant xtensa
-- Component paths: /home/tikhon/Документы/magnolia/esp-idf/components/app_trace /home/tikhon/Документы/magnolia/esp-idf/components/app_update /home/tikhon/Документы/magnolia/esp-idf/components/bootloader /home/tikhon/Документы/magnolia/esp-idf/components/bootloader_support /home/tikhon/Документы/magnolia/esp-idf/components/bt /home/tikhon/Документы/magnolia/esp-idf/components/cmock /home/tikhon/Документы/magnolia/esp-idf/components/console /home/tikhon/Документы/magnolia/esp-idf/components/cxx /home/tikhon/Документы/magnolia/esp-idf/components/driver /home/tikhon/Документы/magnolia/esp-idf/components/efuse /home/tikhon/Документы/magnolia/esp-idf/components/esp-tls /home/tikhon/Документы/magnolia/esp-idf/components/esp_adc /home/tikhon/Документы/magnolia/esp-idf/components/esp_app_format /home/tikhon/Документы/magnolia/esp-idf/components/esp_bootloader_format /home/tikhon/Документы/magnolia/esp-idf/components/esp_coex /home/tikhon/Документы/magnolia/esp-idf/components/esp_common /home/tikhon/Документы/magnolia/esp-idf/components/esp_driver_ana_cmpr /home/tikhon/Документы/magnolia/esp-idf/components/esp_driver_bitscrambler /home/tikhon/Документы/magnolia/esp-idf/components/esp_driver_cam /home/tikhon/Документы/magnolia/esp-idf/components/esp_driver_dac /home/tikhon/Документы/magnolia/esp-idf/components/esp_driver_gpio /home/tikhon/Документы/magnolia/esp-idf/components/esp_driver_gptimer /home/tikhon/Документы/magnolia/esp-idf/components/esp_driver_i2c /home/tikhon/Документы/magnolia/esp-idf/components/esp_driver_i2s /home/tikhon/Документы/magnolia/esp-idf/components/esp_driver_i3c /home/tikhon/Документы/magnolia/esp-idf/components/esp_driver_isp /home/tikhon/Документы/magnolia/esp-idf/components/esp_driver_jpeg /home/tikhon/Документы/magnolia/esp-idf/components/esp_driver_ledc /home/tikhon/Документы/magnolia/esp-idf/components/esp_driver_mcpwm /home/tikhon/Документы/magnolia/esp-idf/components/esp_driver_parlio /home/tikhon/Документы/magnolia/esp-idf/components/esp_driver_pcnt /home/tikhon/Документы/magnolia/esp-idf/components/esp_driver_ppa /home/tikhon/Документы/magnolia/esp-idf/components/esp_driver_rmt /home/tikhon/Документы/magnolia/esp-idf/components/esp_driver_sd_intf /home/tikhon/Документы/magnolia/esp-idf/components/esp_driver_sdio /home/tikhon/Документы/magnolia/esp-idf/components/esp_driver_sdm /home/tikhon/Документы/magnolia/esp-idf/components/esp_driver_sdmmc /home/tikhon/Документы/magnolia/esp-idf/components/esp_driver_sdspi /home/tikhon/Документы/magnolia/esp-idf/components/esp_driver_spi /home/tikhon/Документы/magnolia/esp-idf/components/esp_driver_touch_sens /home/tikhon/Документы/magnolia/esp-idf/components/esp_driver_tsens /home/tikhon/Документы/magnolia/esp-idf/components/esp_driver_twai /home/tikhon/Документы/magnolia/esp-idf/components/esp_driver_uart /home/tikhon/Документы/magnolia/esp-idf/components/esp_driver_usb_serial_jtag /home/tikhon/Документы/magnolia/esp-idf/components/esp_eth /home/tikhon/Документы/magnolia/esp-idf/components/esp_event /home/tikhon/Документы/magnolia/esp-idf/components/esp_gdbstub /home/tikhon/Документы/magnolia/esp-idf/components/esp_hid /home/tikhon/Документы/magnolia/esp-idf/components/esp_http_client /home/tikhon/Документы/magnolia/esp-idf/components/esp_http_server /home/tikhon/Документы/magnolia/esp-idf/components/esp_https_ota /home/tikhon/Документы/magnolia/esp-idf/components/esp_https_server /home/tikhon/Документы/magnolia/esp-idf/components/esp_hw_support /home/tikhon/Документы/magnolia/esp-idf/components/esp_lcd /home/tikhon/Документы/magnolia/esp-idf/components/esp_local_ctrl /home/tikhon/Документы/magnolia/esp-idf/components/esp_mm /home/tikhon/Документы/magnolia/esp-idf/components/esp_netif /home/tikhon/Документы/magnolia/esp-idf/components/esp_netif_stack /home/tikhon/Документы/magnolia/esp-idf/components/esp_partition /home/tikhon/Документы/magnolia/esp-idf/components/esp_phy /home/tikhon/Документы/magnolia/esp-idf/components/esp_pm /home/tikhon/Документы/magnolia/esp-idf/components/esp_psram /home/tikhon/Документы/magnolia/esp-idf/components/esp_ringbuf /home/tikhon/Документы/magnolia/esp-idf/components/esp_rom /home/tikhon/Документы/magnolia/esp-idf/components/esp_security /home/tikhon/Документы/magnolia/esp-idf/components/esp_system /home/tikhon/Документы/magnolia/esp-idf/components/esp_timer /home/tikhon/Документы/magnolia/esp-idf/components/esp_vfs_console /home/tikhon/Документы/magnolia/esp-idf/components/esp_wifi /home/tikhon/Документы/magnolia/esp-idf/components/espcoredump /home/tikhon/Документы/magnolia/applets/rust/rxxd/managed_components/espressif__cmake_utilities /home/tikhon/Документы/magnolia/applets/rust/rxxd/managed_components/espressif__elf_loader /home/tikhon/Документы/magnolia/esp-idf/components/esptool_py /home/tikhon/Документы/magnolia/esp-idf/components/fatfs /home/tikhon/Документы/magnolia/esp-idf/components/freertos /home/tikhon/Документы/magnolia/esp-idf/components/hal /home/tikhon/Документы/magnolia/esp-idf/components/heap /home/tikhon/Документы/magnolia/esp-idf/components/http_parser /home/tikhon/Документы/magnolia/esp-idf/components/idf_test /home/tikhon/Документы/magnolia/esp-idf/components/ieee802154 /home/tikhon/Документы/magnolia/esp-idf/components/json /home/tikhon/Документы/magnolia/esp-idf/components/log /home/tikhon/Документы/magnolia/esp-idf/components/lwip /home/tikhon/Документы/magnolia/applets/rust/rxxd/main /home/tikhon/Документы/magnolia/esp-idf/components/mbedtls /home/tikhon/Документы/magnolia/esp-idf/components/mqtt /home/tikhon/Документы/magnolia/esp-idf/components/newlib /home/tikhon/Документы/magnolia/esp-idf/components/nvs_flash /home/tikhon/Документы/magnolia/esp-idf/components/nvs_sec_provider /home/tikhon/Документы/magnolia/esp-idf/components/openthread /home/tikhon/Документы/magnolia/esp-idf/components/partition_table /home/tikhon/Документы/magnolia/esp-idf/components/perfmon /home/tikhon/Документы/magnolia/esp-idf/components/protobuf-c /home/tikhon/Документы/magnolia/esp-idf/components/protocomm /home/tikhon/Документы/magnolia/esp-idf/components/pthread /home/tikhon/Документы/magnolia/esp-idf/components/rt /home/tikhon/Документы/magnolia/esp-idf/components/sdmmc /home/tikhon/Документы/magnolia/esp-idf/components/soc /home/tikhon/Документы/magnolia/esp-idf/components/spi_flash /home/tikhon/Документы/magnolia/esp-idf/components/spiffs /home/tikhon/Документы/magnolia/esp-idf/components/tcp_transport /home/tikhon/Документы/magnolia/esp-idf/components/touch_element /home/tikhon/Документы/magnolia/esp-idf/components/ulp /home/tikhon/Документы/magnolia/esp-idf/components/unity /home/tikhon/Документы/magnolia/esp-idf/components/usb /home/tikhon/Документы/magnolia/esp-idf/components/vfs /home/tikhon/Документы/magnolia/esp-idf/components/wear_levelling /home/tikhon/Документы/magnolia/esp-idf/components/wifi_provisioning /home/tikhon/Документы/magnolia/esp-idf/components/wpa_supplicant /home/tikhon/Документы/magnolia/esp-idf/components/xtensa
-- Configuring done (13.2s)
-- Configuring done (14.0s)
[832/1046] Generating ../../x509_crt_bundle.S
[833/1046] Building ASM object esp-idf/mbedtls/CMakeFiles/__idf_mbedtls.dir/__/__/x509_crt_bundle.S.obj
[834/1046] Building C object esp-idf/esp_pm/CMakeFiles/__idf_esp_pm.dir/pm_locks.c.obj
[835/1046] Building C object esp-idf/esp_security/CMakeFiles/__idf_esp_security.dir/src/esp_crypto_lock.c.obj
[836/1046] Building C object esp-idf/esp_pm/CMakeFiles/__idf_esp_pm.dir/pm_trace.c.obj
[837/1046] Building C object esp-idf/esp_driver_gpio/CMakeFiles/__idf_esp_driver_gpio.dir/src/gpio_glitch_filter_ops.c.obj
[838/1046] Building C object esp-idf/efuse/CMakeFiles/__idf_efuse.dir/esp32s3/esp_efuse_table.c.obj
[839/1046] Building C object esp-idf/esp_security/CMakeFiles/__idf_esp_security.dir/src/init.c.obj
[840/1046] Building C object esp-idf/esp_security/CMakeFiles/__idf_esp_security.dir/src/esp_hmac.c.obj
[841/1046] Building C object esp-idf/esp_driver_gpio/CMakeFiles/__idf_esp_driver_gpio.dir/src/gpio_pin_glitch_filter.c.obj
[842/1046] Building C object esp-idf/efuse/CMakeFiles/__idf_efuse.dir/esp32s3/esp_efuse_rtc_calib.c.obj
[843/1046] Building C object esp-idf/mbedtls/CMakeFiles/__idf_mbedtls.dir/esp_crt_bundle/esp_crt_bundle.c.obj
[844/1046] Building C object esp-idf/efuse/CMakeFiles/__idf_efuse.dir/esp32s3/esp_efuse_fields.c.obj
[845/1046] Building C object esp-idf/efuse/CMakeFiles/__idf_efuse.dir/src/esp_efuse_startup.c.obj
[846/1046] Building C object esp-idf/esp_security/CMakeFiles/__idf_esp_security.dir/src/esp_crypto_periph_clk.c.obj
[847/1046] Linking C static library esp-idf/mbedtls/libmbedtls.a
[848/1046] Building C object esp-idf/efuse/CMakeFiles/__idf_efuse.dir/esp32s3/esp_efuse_utility.c.obj
[849/1046] Building C object esp-idf/efuse/CMakeFiles/__idf_efuse.dir/src/esp_efuse_fields.c.obj
[850/1046] Building C object esp-idf/esp_security/CMakeFiles/__idf_esp_security.dir/src/esp_ds.c.obj
[851/1046] Building C object esp-idf/xtensa/CMakeFiles/__idf_xtensa.dir/eri.c.obj
[852/1046] Building C object esp-idf/esp_driver_gpio/CMakeFiles/__idf_esp_driver_gpio.dir/src/dedic_gpio.c.obj
[853/1046] Building C object esp-idf/app_update/CMakeFiles/__idf_app_update.dir/esp_ota_app_desc.c.obj
[854/1046] Building C object esp-idf/esp_pm/CMakeFiles/__idf_esp_pm.dir/pm_impl.c.obj
[855/1046] Building ASM object esp-idf/xtensa/CMakeFiles/__idf_xtensa.dir/xtensa_intr_asm.S.obj
[856/1046] Building C object esp-idf/esp_bootloader_format/CMakeFiles/__idf_esp_bootloader_format.dir/esp_bootloader_desc.c.obj
[857/1046] Building ASM object esp-idf/xtensa/CMakeFiles/__idf_xtensa.dir/xtensa_context.S.obj
[858/1046] Building C object esp-idf/efuse/CMakeFiles/__idf_efuse.dir/src/esp_efuse_utility.c.obj
[859/1046] Building C object esp-idf/xtensa/CMakeFiles/__idf_xtensa.dir/xt_trax.c.obj
[860/1046] Building ASM object esp-idf/xtensa/CMakeFiles/__idf_xtensa.dir/xtensa_vectors.S.obj
[861/1046] Building C object esp-idf/esp_app_format/CMakeFiles/__idf_esp_app_format.dir/esp_app_desc.c.obj
[862/1046] Linking C static library esp-idf/esp_pm/libesp_pm.a
[863/1046] Building C object esp-idf/efuse/CMakeFiles/__idf_efuse.dir/src/esp_efuse_api.c.obj
[864/1046] Building C object esp-idf/esp_partition/CMakeFiles/__idf_esp_partition.dir/partition.c.obj
[865/1046] Building C object esp-idf/efuse/CMakeFiles/__idf_efuse.dir/src/efuse_controller/keys/with_key_purposes/esp_efuse_api_key.c.obj
[866/1046] Building C object esp-idf/esp_driver_gpio/CMakeFiles/__idf_esp_driver_gpio.dir/src/rtc_io.c.obj
[867/1046] Building C object esp-idf/xtensa/CMakeFiles/__idf_xtensa.dir/xtensa_intr.c.obj
[868/1046] Building C object esp-idf/esp_partition/CMakeFiles/__idf_esp_partition.dir/partition_target.c.obj
[869/1046] Building C object esp-idf/console/CMakeFiles/__idf_console.dir/split_argv.c.obj
[870/1046] Building C object esp-idf/console/CMakeFiles/__idf_console.dir/argtable3/arg_dbl.c.obj
[871/1046] Building C object esp-idf/console/CMakeFiles/__idf_console.dir/esp_console_repl_internal.c.obj
[872/1046] Building C object esp-idf/console/CMakeFiles/__idf_console.dir/esp_console_repl_chip.c.obj
[873/1046] Building C object esp-idf/console/CMakeFiles/__idf_console.dir/argtable3/arg_file.c.obj
[874/1046] Building C object esp-idf/console/CMakeFiles/__idf_console.dir/argtable3/arg_lit.c.obj
[875/1046] Building C object esp-idf/console/CMakeFiles/__idf_console.dir/argtable3/arg_dstr.c.obj
[876/1046] Building C object esp-idf/console/CMakeFiles/__idf_console.dir/argtable3/arg_end.c.obj
[877/1046] Building C object esp-idf/console/CMakeFiles/__idf_console.dir/argtable3/arg_int.c.obj
[878/1046] Building C object esp-idf/console/CMakeFiles/__idf_console.dir/esp_console_common.c.obj
[879/1046] Building C object esp-idf/console/CMakeFiles/__idf_console.dir/commands.c.obj
[880/1046] Building C object esp-idf/console/CMakeFiles/__idf_console.dir/argtable3/arg_rem.c.obj
[881/1046] Building C object esp-idf/console/CMakeFiles/__idf_console.dir/argtable3/arg_hashtable.c.obj
[882/1046] Building C object esp-idf/console/CMakeFiles/__idf_console.dir/argtable3/arg_cmd.c.obj
[883/1046] Building C object esp-idf/console/CMakeFiles/__idf_console.dir/argtable3/arg_str.c.obj
[884/1046] Building C object esp-idf/unity/CMakeFiles/__idf_unity.dir/unity_compat.c.obj
[885/1046] Building C object esp-idf/unity/CMakeFiles/__idf_unity.dir/unity_utils_cache.c.obj
-- Components: app_trace app_update bootloader bootloader_support bt cmock console cxx driver efuse esp-tls esp_adc esp_app_format esp_bootloader_format esp_coex esp_common esp_driver_ana_cmpr esp_driver_bitscrambler esp_driver_cam esp_driver_dac esp_driver_gpio esp_driver_gptimer esp_driver_i2c esp_driver_i2s esp_driver_i3c esp_driver_isp esp_driver_jpeg esp_driver_ledc esp_driver_mcpwm esp_driver_parlio esp_driver_pcnt esp_driver_ppa esp_driver_rmt esp_driver_sd_intf esp_driver_sdio esp_driver_sdm esp_driver_sdmmc esp_driver_sdspi esp_driver_spi esp_driver_touch_sens esp_driver_tsens esp_driver_twai esp_driver_uart esp_driver_usb_serial_jtag esp_eth esp_event esp_gdbstub esp_hid esp_http_client esp_http_server esp_https_ota esp_https_server esp_hw_support esp_lcd esp_local_ctrl esp_mm esp_netif esp_netif_stack esp_partition esp_phy esp_pm esp_psram esp_ringbuf esp_rom esp_security esp_system esp_timer esp_vfs_console esp_wifi espcoredump espressif__cmake_utilities espressif__elf_loader esptool_py fatfs freertos hal heap http_parser idf_test ieee802154 json log lwip main mbedtls mqtt newlib nvs_flash nvs_sec_provider openthread partition_table perfmon protobuf-c protocomm pthread rt sdmmc soc spi_flash spiffs tcp_transport touch_element ulp unity usb vfs wear_levelling wifi_provisioning wpa_supplicant xtensa
-- Component paths: /home/tikhon/Документы/magnolia/esp-idf/components/app_trace /home/tikhon/Документы/magnolia/esp-idf/components/app_update /home/tikhon/Документы/magnolia/esp-idf/components/bootloader /home/tikhon/Документы/magnolia/esp-idf/components/bootloader_support /home/tikhon/Документы/magnolia/esp-idf/components/bt /home/tikhon/Документы/magnolia/esp-idf/components/cmock /home/tikhon/Документы/magnolia/esp-idf/components/console /home/tikhon/Документы/magnolia/esp-idf/components/cxx /home/tikhon/Документы/magnolia/esp-idf/components/driver /home/tikhon/Документы/magnolia/esp-idf/components/efuse /home/tikhon/Документы/magnolia/esp-idf/components/esp-tls /home/tikhon/Документы/magnolia/esp-idf/components/esp_adc /home/tikhon/Документы/magnolia/esp-idf/components/esp_app_format /home/tikhon/Документы/magnolia/esp-idf/components/esp_bootloader_format /home/tikhon/Документы/magnolia/esp-idf/components/esp_coex /home/tikhon/Документы/magnolia/esp-idf/components/esp_common /home/tikhon/Документы/magnolia/esp-idf/components/esp_driver_ana_cmpr /home/tikhon/Документы/magnolia/esp-idf/components/esp_driver_bitscrambler /home/tikhon/Документы/magnolia/esp-idf/components/esp_driver_cam /home/tikhon/Документы/magnolia/esp-idf/components/esp_driver_dac /home/tikhon/Документы/magnolia/esp-idf/components/esp_driver_gpio /home/tikhon/Документы/magnolia/esp-idf/components/esp_driver_gptimer /home/tikhon/Документы/magnolia/esp-idf/components/esp_driver_i2c /home/tikhon/Документы/magnolia/esp-idf/components/esp_driver_i2s /home/tikhon/Документы/magnolia/esp-idf/components/esp_driver_i3c /home/tikhon/Документы/magnolia/esp-idf/components/esp_driver_isp /home/tikhon/Документы/magnolia/esp-idf/components/esp_driver_jpeg /home/tikhon/Документы/magnolia/esp-idf/components/esp_driver_ledc /home/tikhon/Документы/magnolia/esp-idf/components/esp_driver_mcpwm /home/tikhon/Документы/magnolia/esp-idf/components/esp_driver_parlio /home/tikhon/Документы/magnolia/esp-idf/components/esp_driver_pcnt /home/tikhon/Документы/magnolia/esp-idf/components/esp_driver_ppa /home/tikhon/Документы/magnolia/esp-idf/components/esp_driver_rmt /home/tikhon/Документы/magnolia/esp-idf/components/esp_driver_sd_intf /home/tikhon/Документы/magnolia/esp-idf/components/esp_driver_sdio /home/tikhon/Документы/magnolia/esp-idf/components/esp_driver_sdm /home/tikhon/Документы/magnolia/esp-idf/components/esp_driver_sdmmc /home/tikhon/Документы/magnolia/esp-idf/components/esp_driver_sdspi /home/tikhon/Документы/magnolia/esp-idf/components/esp_driver_spi /home/tikhon/Документы/magnolia/esp-idf/components/esp_driver_touch_sens /home/tikhon/Документы/magnolia/esp-idf/components/esp_driver_tsens /home/tikhon/Документы/magnolia/esp-idf/components/esp_driver_twai /home/tikhon/Документы/magnolia/esp-idf/components/esp_driver_uart /home/tikhon/Документы/magnolia/esp-idf/components/esp_driver_usb_serial_jtag /home/tikhon/Документы/magnolia/esp-idf/components/esp_eth /home/tikhon/Документы/magnolia/esp-idf/components/esp_event /home/tikhon/Документы/magnolia/esp-idf/components/esp_gdbstub /home/tikhon/Документы/magnolia/esp-idf/components/esp_hid /home/tikhon/Документы/magnolia/esp-idf/components/esp_http_client /home/tikhon/Документы/magnolia/esp-idf/components/esp_http_server /home/tikhon/Документы/magnolia/esp-idf/components/esp_https_ota /home/tikhon/Документы/magnolia/esp-idf/components/esp_https_server /home/tikhon/Документы/magnolia/esp-idf/components/esp_hw_support /home/tikhon/Документы/magnolia/esp-idf/components/esp_lcd /home/tikhon/Документы/magnolia/esp-idf/components/esp_local_ctrl /home/tikhon/Документы/magnolia/esp-idf/components/esp_mm /home/tikhon/Документы/magnolia/esp-idf/components/esp_netif /home/tikhon/Документы/magnolia/esp-idf/components/esp_netif_stack /home/tikhon/Документы/magnolia/esp-idf/components/esp_partition /home/tikhon/Документы/magnolia/esp-idf/components/esp_phy /home/tikhon/Документы/magnolia/esp-idf/components/esp_pm /home/tikhon/Документы/magnolia/esp-idf/components/esp_psram /home/tikhon/Документы/magnolia/esp-idf/components/esp_ringbuf /home/tikhon/Документы/magnolia/esp-idf/components/esp_rom /home/tikhon/Документы/magnolia/esp-idf/components/esp_security /home/tikhon/Документы/magnolia/esp-idf/components/esp_system /home/tikhon/Документы/magnolia/esp-idf/components/esp_timer /home/tikhon/Документы/magnolia/esp-idf/components/esp_vfs_console /home/tikhon/Документы/magnolia/esp-idf/components/esp_wifi /home/tikhon/Документы/magnolia/esp-idf/components/espcoredump /home/tikhon/Документы/magnolia/applets/zig/zigdemo/managed_components/espressif__cmake_utilities /home/tikhon/Документы/magnolia/applets/zig/zigdemo/managed_components/espressif__elf_loader /home/tikhon/Документы/magnolia/esp-idf/components/esptool_py /home/tikhon/Документы/magnolia/esp-idf/components/fatfs /home/tikhon/Документы/magnolia/esp-idf/components/freertos /home/tikhon/Документы/magnolia/esp-idf/components/hal /home/tikhon/Документы/magnolia/esp-idf/components/heap /home/tikhon/Документы/magnolia/esp-idf/components/http_parser /home/tikhon/Документы/magnolia/esp-idf/components/idf_test /home/tikhon/Документы/magnolia/esp-idf/components/ieee802154 /home/tikhon/Документы/magnolia/esp-idf/components/json /home/tikhon/Документы/magnolia/esp-idf/components/log /home/tikhon/Документы/magnolia/esp-idf/components/lwip /home/tikhon/Документы/magnolia/applets/zig/zigdemo/main /home/tikhon/Документы/magnolia/esp-idf/components/mbedtls /home/tikhon/Документы/magnolia/esp-idf/components/mqtt /home/tikhon/Документы/magnolia/esp-idf/components/newlib /home/tikhon/Документы/magnolia/esp-idf/components/nvs_flash /home/tikhon/Документы/magnolia/esp-idf/components/nvs_sec_provider /home/tikhon/Документы/magnolia/esp-idf/components/openthread /home/tikhon/Документы/magnolia/esp-idf/components/partition_table /home/tikhon/Документы/magnolia/esp-idf/components/perfmon /home/tikhon/Документы/magnolia/esp-idf/components/protobuf-c /home/tikhon/Документы/magnolia/esp-idf/components/protocomm /home/tikhon/Документы/magnolia/esp-idf/components/pthread /home/tikhon/Документы/magnolia/esp-idf/components/rt /home/tikhon/Документы/magnolia/esp-idf/components/sdmmc /home/tikhon/Документы/magnolia/esp-idf/components/soc /home/tikhon/Документы/magnolia/esp-idf/components/spi_flash /home/tikhon/Документы/magnolia/esp-idf/components/spiffs /home/tikhon/Документы/magnolia/esp-idf/components/tcp_transport /home/tikhon/Документы/magnolia/esp-idf/components/touch_element /home/tikhon/Документы/magnolia/esp-idf/components/ulp /home/tikhon/Документы/magnolia/esp-idf/components/unity /home/tikhon/Документы/magnolia/esp-idf/components/usb /home/tikhon/Документы/magnolia/esp-idf/components/vfs /home/tikhon/Документы/magnolia/esp-idf/components/wear_levelling /home/tikhon/Документы/magnolia/esp-idf/components/wifi_provisioning /home/tikhon/Документы/magnolia/esp-idf/components/wpa_supplicant /home/tikhon/Документы/magnolia/esp-idf/components/xtensa
[886/1046] Building C object esp-idf/console/CMakeFiles/__idf_console.dir/argtable3/arg_date.c.obj
[887/1046] Building C object esp-idf/console/CMakeFiles/__idf_console.dir/argtable3/arg_utils.c.obj
[888/1046] Building C object esp-idf/unity/CMakeFiles/__idf_unity.dir/unity_utils_freertos.c.obj
-- Configuring done (14.0s)
-- Components: app_trace app_update bootloader bootloader_support bt cmock console cxx driver efuse esp-tls esp_adc esp_app_format esp_bootloader_format esp_coex esp_common esp_driver_ana_cmpr esp_driver_bitscrambler esp_driver_cam esp_driver_dac esp_driver_gpio esp_driver_gptimer esp_driver_i2c esp_driver_i2s esp_driver_i3c esp_driver_isp esp_driver_jpeg esp_driver_ledc esp_driver_mcpwm esp_driver_parlio esp_driver_pcnt esp_driver_ppa esp_driver_rmt esp_driver_sd_intf esp_driver_sdio esp_driver_sdm esp_driver_sdmmc esp_driver_sdspi esp_driver_spi esp_driver_touch_sens esp_driver_tsens esp_driver_twai esp_driver_uart esp_driver_usb_serial_jtag esp_eth esp_event esp_gdbstub esp_hid esp_http_client esp_http_server esp_https_ota esp_https_server esp_hw_support esp_lcd esp_local_ctrl esp_mm esp_netif esp_netif_stack esp_partition esp_phy esp_pm esp_psram esp_ringbuf esp_rom esp_security esp_system esp_timer esp_vfs_console esp_wifi espcoredump espressif__cmake_utilities espressif__elf_loader esptool_py fatfs freertos hal heap http_parser idf_test ieee802154 json log lwip main mbedtls mqtt newlib nvs_flash nvs_sec_provider openthread partition_table perfmon protobuf-c protocomm pthread rt sdmmc soc spi_flash spiffs tcp_transport touch_element ulp unity usb vfs wear_levelling wifi_provisioning wpa_supplicant xtensa
-- Component paths: /home/tikhon/Документы/magnolia/esp-idf/components/app_trace /home/tikhon/Документы/magnolia/esp-idf/components/app_update /home/tikhon/Документы/magnolia/esp-idf/components/bootloader /home/tikhon/Документы/magnolia/esp-idf/components/bootloader_support /home/tikhon/Документы/magnolia/esp-idf/components/bt /home/tikhon/Документы/magnolia/esp-idf/components/cmock /home/tikhon/Документы/magnolia/esp-idf/components/console /home/tikhon/Документы/magnolia/esp-idf/components/cxx /home/tikhon/Документы/magnolia/esp-idf/components/driver /home/tikhon/Документы/magnolia/esp-idf/components/efuse /home/tikhon/Документы/magnolia/esp-idf/components/esp-tls /home/tikhon/Документы/magnolia/esp-idf/components/esp_adc /home/tikhon/Документы/magnolia/esp-idf/components/esp_app_format /home/tikhon/Документы/magnolia/esp-idf/components/esp_bootloader_format /home/tikhon/Документы/magnolia/esp-idf/components/esp_coex /home/tikhon/Документы/magnolia/esp-idf/components/esp_common /home/tikhon/Документы/magnolia/esp-idf/components/esp_driver_ana_cmpr /home/tikhon/Документы/magnolia/esp-idf/components/esp_driver_bitscrambler /home/tikhon/Документы/magnolia/esp-idf/components/esp_driver_cam /home/tikhon/Документы/magnolia/esp-idf/components/esp_driver_dac /home/tikhon/Документы/magnolia/esp-idf/components/esp_driver_gpio /home/tikhon/Документы/magnolia/esp-idf/components/esp_driver_gptimer /home/tikhon/Документы/magnolia/esp-idf/components/esp_driver_i2c /home/tikhon/Документы/magnolia/esp-idf/components/esp_driver_i2s /home/tikhon/Документы/magnolia/esp-idf/components/esp_driver_i3c /home/tikhon/Документы/magnolia/esp-idf/components/esp_driver_isp /home/tikhon/Документы/magnolia/esp-idf/components/esp_driver_jpeg /home/tikhon/Документы/magnolia/esp-idf/components/esp_driver_ledc /home/tikhon/Документы/magnolia/esp-idf/components/esp_driver_mcpwm /home/tikhon/Документы/magnolia/esp-idf/components/esp_driver_parlio /home/tikhon/Документы/magnolia/esp-idf/components/esp_driver_pcnt /home/tikhon/Документы/magnolia/esp-idf/components/esp_driver_ppa /home/tikhon/Документы/magnolia/esp-idf/components/esp_driver_rmt /home/tikhon/Документы/magnolia/esp-idf/components/esp_driver_sd_intf /home/tikhon/Документы/magnolia/esp-idf/components/esp_driver_sdio /home/tikhon/Документы/magnolia/esp-idf/components/esp_driver_sdm /home/tikhon/Документы/magnolia/esp-idf/components/esp_driver_sdmmc /home/tikhon/Документы/magnolia/esp-idf/components/esp_driver_sdspi /home/tikhon/Документы/magnolia/esp-idf/components/esp_driver_spi /home/tikhon/Документы/magnolia/esp-idf/components/esp_driver_touch_sens /home/tikhon/Документы/magnolia/esp-idf/components/esp_driver_tsens /home/tikhon/Документы/magnolia/esp-idf/components/esp_driver_twai /home/tikhon/Документы/magnolia/esp-idf/components/esp_driver_uart /home/tikhon/Документы/magnolia/esp-idf/components/esp_driver_usb_serial_jtag /home/tikhon/Документы/magnolia/esp-idf/components/esp_eth /home/tikhon/Документы/magnolia/esp-idf/components/esp_event /home/tikhon/Документы/magnolia/esp-idf/components/esp_gdbstub /home/tikhon/Документы/magnolia/esp-idf/components/esp_hid /home/tikhon/Документы/magnolia/esp-idf/components/esp_http_client /home/tikhon/Документы/magnolia/esp-idf/components/esp_http_server /home/tikhon/Документы/magnolia/esp-idf/components/esp_https_ota /home/tikhon/Документы/magnolia/esp-idf/components/esp_https_server /home/tikhon/Документы/magnolia/esp-idf/components/esp_hw_support /home/tikhon/Документы/magnolia/esp-idf/components/esp_lcd /home/tikhon/Документы/magnolia/esp-idf/components/esp_local_ctrl /home/tikhon/Документы/magnolia/esp-idf/components/esp_mm /home/tikhon/Документы/magnolia/esp-idf/components/esp_netif /home/tikhon/Документы/magnolia/esp-idf/components/esp_netif_stack /home/tikhon/Документы/magnolia/esp-idf/components/esp_partition /home/tikhon/Документы/magnolia/esp-idf/components/esp_phy /home/tikhon/Документы/magnolia/esp-idf/components/esp_pm /home/tikhon/Документы/magnolia/esp-idf/components/esp_psram /home/tikhon/Документы/magnolia/esp-idf/components/esp_ringbuf /home/tikhon/Документы/magnolia/esp-idf/components/esp_rom /home/tikhon/Документы/magnolia/esp-idf/components/esp_security /home/tikhon/Документы/magnolia/esp-idf/components/esp_system /home/tikhon/Документы/magnolia/esp-idf/components/esp_timer /home/tikhon/Документы/magnolia/esp-idf/components/esp_vfs_console /home/tikhon/Документы/magnolia/esp-idf/components/esp_wifi /home/tikhon/Документы/magnolia/esp-idf/components/espcoredump /home/tikhon/Документы/magnolia/applets/zig/zigtest/managed_components/espressif__cmake_utilities /home/tikhon/Документы/magnolia/applets/zig/zigtest/managed_components/espressif__elf_loader /home/tikhon/Документы/magnolia/esp-idf/components/esptool_py /home/tikhon/Документы/magnolia/esp-idf/components/fatfs /home/tikhon/Документы/magnolia/esp-idf/components/freertos /home/tikhon/Документы/magnolia/esp-idf/components/hal /home/tikhon/Документы/magnolia/esp-idf/components/heap /home/tikhon/Документы/magnolia/esp-idf/components/http_parser /home/tikhon/Документы/magnolia/esp-idf/components/idf_test /home/tikhon/Документы/magnolia/esp-idf/components/ieee802154 /home/tikhon/Документы/magnolia/esp-idf/components/json /home/tikhon/Документы/magnolia/esp-idf/components/log /home/tikhon/Документы/magnolia/esp-idf/components/lwip /home/tikhon/Документы/magnolia/applets/zig/zigtest/main /home/tikhon/Документы/magnolia/esp-idf/components/mbedtls /home/tikhon/Документы/magnolia/esp-idf/components/mqtt /home/tikhon/Документы/magnolia/esp-idf/components/newlib /home/tikhon/Документы/magnolia/esp-idf/components/nvs_flash /home/tikhon/Документы/magnolia/esp-idf/components/nvs_sec_provider /home/tikhon/Документы/magnolia/esp-idf/components/openthread /home/tikhon/Документы/magnolia/esp-idf/components/partition_table /home/tikhon/Документы/magnolia/esp-idf/components/perfmon /home/tikhon/Документы/magnolia/esp-idf/components/protobuf-c /home/tikhon/Документы/magnolia/esp-idf/components/protocomm /home/tikhon/Документы/magnolia/esp-idf/components/pthread /home/tikhon/Документы/magnolia/esp-idf/components/rt /home/tikhon/Документы/magnolia/esp-idf/components/sdmmc /home/tikhon/Документы/magnolia/esp-idf/components/soc /home/tikhon/Документы/magnolia/esp-idf/components/spi_flash /home/tikhon/Документы/magnolia/esp-idf/components/spiffs /home/tikhon/Документы/magnolia/esp-idf/components/tcp_transport /home/tikhon/Документы/magnolia/esp-idf/components/touch_element /home/tikhon/Документы/magnolia/esp-idf/components/ulp /home/tikhon/Документы/magnolia/esp-idf/components/unity /home/tikhon/Документы/magnolia/esp-idf/components/usb /home/tikhon/Документы/magnolia/esp-idf/components/vfs /home/tikhon/Документы/magnolia/esp-idf/components/wear_levelling /home/tikhon/Документы/magnolia/esp-idf/components/wifi_provisioning /home/tikhon/Документы/magnolia/esp-idf/components/wpa_supplicant /home/tikhon/Документы/magnolia/esp-idf/components/xtensa
[889/1046] Building C object esp-idf/app_update/CMakeFiles/__idf_app_update.dir/esp_ota_ops.c.obj
[890/1046] Building C object esp-idf/unity/CMakeFiles/__idf_unity.dir/unity_utils_memory.c.obj
[891/1046] Building C object esp-idf/unity/CMakeFiles/__idf_unity.dir/unity_port_esp32.c.obj
-- Configuring done (12.5s)
[892/1046] Building C object esp-idf/unity/CMakeFiles/__idf_unity.dir/port/esp/unity_utils_memory_esp.c.obj
[893/1046] Building C object esp-idf/protocomm/CMakeFiles/__idf_protocomm.dir/proto-c/constants.pb-c.c.obj
[894/1046] Building C object esp-idf/unity/CMakeFiles/__idf_unity.dir/unity_runner.c.obj
[895/1046] Building C object esp-idf/console/CMakeFiles/__idf_console.dir/argtable3/arg_rex.c.obj
[896/1046] Building C object esp-idf/protocomm/CMakeFiles/__idf_protocomm.dir/proto-c/session.pb-c.c.obj
[897/1046] Building C object esp-idf/protocomm/CMakeFiles/__idf_protocomm.dir/proto-c/sec1.pb-c.c.obj
[898/1046] Building C object esp-idf/console/CMakeFiles/__idf_console.dir/linenoise/linenoise.c.obj
[899/1046] Building C object esp-idf/protocomm/CMakeFiles/__idf_protocomm.dir/proto-c/sec0.pb-c.c.obj
[900/1046] Building C object esp-idf/protocomm/CMakeFiles/__idf_protocomm.dir/proto-c/sec2.pb-c.c.obj
[901/1046] Building C object esp-idf/console/CMakeFiles/__idf_console.dir/argtable3/argtable3.c.obj
[902/1046] Building CXX object esp-idf/wear_levelling/CMakeFiles/__idf_wear_levelling.dir/crc32.cpp.obj
-- Generating done (0.8s)
[903/1046] Building C object esp-idf/esp_driver_gpio/CMakeFiles/__idf_esp_driver_gpio.dir/src/gpio.c.obj
[904/1046] Building C object esp-idf/protocomm/CMakeFiles/__idf_protocomm.dir/src/crypto/srp6a/esp_srp_mpi.c.obj
[905/1046] Building C object esp-idf/protocomm/CMakeFiles/__idf_protocomm.dir/src/transports/protocomm_httpd.c.obj
[906/1046] Building C object esp-idf/protocomm/CMakeFiles/__idf_protocomm.dir/src/transports/protocomm_console.c.obj
[907/1046] Building CXX object esp-idf/wear_levelling/CMakeFiles/__idf_wear_levelling.dir/Partition.cpp.obj
[908/1046] Building C object esp-idf/protocomm/CMakeFiles/__idf_protocomm.dir/src/common/protocomm.c.obj
[909/1046] Building C object esp-idf/esp_https_server/CMakeFiles/__idf_esp_https_server.dir/src/https_server.c.obj
[910/1046] Building C object esp-idf/protocomm/CMakeFiles/__idf_protocomm.dir/src/crypto/srp6a/esp_srp.c.obj
[911/1046] Linking C static library esp-idf/esp_driver_gpio/libesp_driver_gpio.a
[912/1046] Building CXX object esp-idf/wear_levelling/CMakeFiles/__idf_wear_levelling.dir/SPI_Flash.cpp.obj
[913/1046] Building CXX object esp-idf/wear_levelling/CMakeFiles/__idf_wear_levelling.dir/WL_Ext_Safe.cpp.obj
[914/1046] Linking C static library esp-idf/esp_security/libesp_security.a
-- Build files have been written to: /home/tikhon/Документы/magnolia/applets/rust/rusthello/build
[915/1046] Building C object esp-idf/unity/CMakeFiles/__idf_unity.dir/unity/src/unity.c.obj
[916/1046] Building C object esp-idf/app_trace/CMakeFiles/__idf_app_trace.dir/host_file_io.c.obj
[917/1046] Building CXX object esp-idf/wear_levelling/CMakeFiles/__idf_wear_levelling.dir/WL_Ext_Perf.cpp.obj
[918/1046] Building C object esp-idf/app_trace/CMakeFiles/__idf_app_trace.dir/port/port_uart.c.obj
[919/1046] Building C object esp-idf/cmock/CMakeFiles/__idf_cmock.dir/CMock/src/cmock.c.obj
[920/1046] Building C object esp-idf/esp_driver_cam/CMakeFiles/__idf_esp_driver_cam.dir/dvp_share_ctrl.c.obj
[921/1046] Linking C static library esp-idf/efuse/libefuse.a
[922/1046] Building CXX object esp-idf/wear_levelling/CMakeFiles/__idf_wear_levelling.dir/wear_levelling.cpp.obj
[923/1046] Building C object esp-idf/esp_driver_cam/CMakeFiles/__idf_esp_driver_cam.dir/esp_cam_ctlr.c.obj
[924/1046] Building C object esp-idf/protocomm/CMakeFiles/__idf_protocomm.dir/src/security/security2.c.obj
[925/1046] Building C object esp-idf/app_trace/CMakeFiles/__idf_app_trace.dir/app_trace_util.c.obj
[926/1046] Building C object esp-idf/app_trace/CMakeFiles/__idf_app_trace.dir/app_trace.c.obj
[927/1046] Linking C static library esp-idf/esp_partition/libesp_partition.a
[928/1046] Building C object esp-idf/esp_driver_cam/CMakeFiles/__idf_esp_driver_cam.dir/dvp/src/esp_cam_ctlr_dvp_gdma.c.obj
[929/1046] Linking C static library esp-idf/app_update/libapp_update.a
[930/1046] Linking C static library esp-idf/esp_bootloader_format/libesp_bootloader_format.a
[931/1046] Building C object esp-idf/esp_hid/CMakeFiles/__idf_esp_hid.dir/src/esp_hidd.c.obj
-- Generating done (0.9s)
[932/1046] Linking C static library esp-idf/esp_app_format/libesp_app_format.a
[933/1046] Building C object esp-idf/esp_eth/CMakeFiles/__idf_esp_eth.dir/src/esp_eth_netif_glue.c.obj
-- Generating done (0.9s)
[934/1046] Building C object esp-idf/esp_lcd/CMakeFiles/__idf_esp_lcd.dir/src/esp_lcd_common.c.obj
[935/1046] Building C object esp-idf/esp_lcd/CMakeFiles/__idf_esp_lcd.dir/src/esp_lcd_panel_io.c.obj
[936/1046] Linking C static library esp-idf/xtensa/libxtensa.a
[937/1046] Building C object esp-idf/esp_hid/CMakeFiles/__idf_esp_hid.dir/src/esp_hidh.c.obj
[938/1046] Building C object esp-idf/esp_hid/CMakeFiles/__idf_esp_hid.dir/src/esp_hid_common.c.obj
[939/1046] Building C object esp-idf/esp_eth/CMakeFiles/__idf_esp_eth.dir/src/phy/esp_eth_phy_802_3.c.obj
[940/1046] Building C object esp-idf/json/CMakeFiles/__idf_json.dir/cJSON/cJSON_Utils.c.obj
-- Build files have been written to: /home/tikhon/Документы/magnolia/applets/rust/rxxd/build
[941/1046] Building C object esp-idf/esp_lcd/CMakeFiles/__idf_esp_lcd.dir/src/esp_lcd_panel_nt35510.c.obj
-- Build files have been written to: /home/tikhon/Документы/magnolia/applets/zig/zighello/build
[942/1046] Linking C static library esp-idf/esp_https_server/libesp_https_server.a
[943/1046] Linking C static library esp-idf/unity/libunity.a
[944/1046] Linking C static library esp-idf/console/libconsole.a
[945/1046] Building C object esp-idf/esp_driver_touch_sens/CMakeFiles/__idf_esp_driver_touch_sens.dir/hw_ver2/touch_version_specific.c.obj
[946/1046] Building C object esp-idf/json/CMakeFiles/__idf_json.dir/cJSON/cJSON.c.obj
+ idf.py elf
[947/1046] Building C object esp-idf/esp_lcd/CMakeFiles/__idf_esp_lcd.dir/src/esp_lcd_panel_ssd1306.c.obj
[948/1046] Building CXX object esp-idf/wear_levelling/CMakeFiles/__idf_wear_levelling.dir/WL_Flash.cpp.obj
[949/1046] Building C object esp-idf/esp_lcd/CMakeFiles/__idf_esp_lcd.dir/src/esp_lcd_panel_ops.c.obj
[950/1046] Building C object esp-idf/protobuf-c/CMakeFiles/__idf_protobuf-c.dir/protobuf-c/protobuf-c/protobuf-c.c.obj
[951/1046] Building C object esp-idf/esp_lcd/CMakeFiles/__idf_esp_lcd.dir/src/esp_lcd_panel_st7789.c.obj
[952/1046] Building C object esp-idf/espcoredump/CMakeFiles/__idf_espcoredump.dir/src/core_dump_init.c.obj
[953/1046] Building C object esp-idf/espcoredump/CMakeFiles/__idf_espcoredump.dir/src/core_dump_common.c.obj
[954/1046] Building C object esp-idf/espcoredump/CMakeFiles/__idf_espcoredump.dir/src/core_dump_flash.c.obj
[955/1046] Building C object esp-idf/espcoredump/CMakeFiles/__idf_espcoredump.dir/src/core_dump_elf.c.obj
[956/1046] Building C object esp-idf/espcoredump/CMakeFiles/__idf_espcoredump.dir/src/core_dump_uart.c.obj
[957/1046] Building C object esp-idf/espcoredump/CMakeFiles/__idf_espcoredump.dir/src/core_dump_sha.c.obj
[958/1046] Building C object esp-idf/espcoredump/CMakeFiles/__idf_espcoredump.dir/src/port/xtensa/core_dump_port.c.obj
[959/1046] Linking C static library esp-idf/protobuf-c/libprotobuf-c.a
[960/1046] Building C object esp-idf/esp_driver_touch_sens/CMakeFiles/__idf_esp_driver_touch_sens.dir/common/touch_sens_common.c.obj
[961/1046] Building C object esp-idf/esp_eth/CMakeFiles/__idf_esp_eth.dir/src/esp_eth.c.obj
[962/1046] Linking C static library esp-idf/wear_levelling/libwear_levelling.a
[963/1046] Building C object esp-idf/esp_local_ctrl/CMakeFiles/__idf_esp_local_ctrl.dir/src/esp_local_ctrl_transport_httpd.c.obj
[964/1046] Building C object esp-idf/esp_driver_cam/CMakeFiles/__idf_esp_driver_cam.dir/dvp/src/esp_cam_ctlr_dvp_cam.c.obj
[965/1046] Building C object esp-idf/esp_lcd/CMakeFiles/__idf_esp_lcd.dir/i2c/esp_lcd_panel_io_i2c_v1.c.obj
[966/1046] Linking C static library esp-idf/protocomm/libprotocomm.a
[967/1046] Building C object esp-idf/esp_lcd/CMakeFiles/__idf_esp_lcd.dir/i2c/esp_lcd_panel_io_i2c_v2.c.obj
[968/1046] Building C object esp-idf/esp_local_ctrl/CMakeFiles/__idf_esp_local_ctrl.dir/src/esp_local_ctrl.c.obj
[969/1046] Linking C static library esp-idf/json/libjson.a
[970/1046] Building C object esp-idf/esp_local_ctrl/CMakeFiles/__idf_esp_local_ctrl.dir/src/esp_local_ctrl_handler.c.obj
[971/1046] Building C object esp-idf/esp_local_ctrl/CMakeFiles/__idf_esp_local_ctrl.dir/proto-c/esp_local_ctrl.pb-c.c.obj
[972/1046] Building C object esp-idf/fatfs/CMakeFiles/__idf_fatfs.dir/diskio/diskio.c.obj
[973/1046] Building C object esp-idf/fatfs/CMakeFiles/__idf_fatfs.dir/diskio/diskio_wl.c.obj
[974/1046] Building C object esp-idf/esp_lcd/CMakeFiles/__idf_esp_lcd.dir/spi/esp_lcd_panel_io_spi.c.obj
[975/1046] Building C object esp-idf/fatfs/CMakeFiles/__idf_fatfs.dir/port/freertos/ffsystem.c.obj
[976/1046] Building C object esp-idf/fatfs/CMakeFiles/__idf_fatfs.dir/diskio/diskio_rawflash.c.obj
[977/1046] Building C object esp-idf/esp_lcd/CMakeFiles/__idf_esp_lcd.dir/i80/esp_lcd_panel_io_i80.c.obj
[1/3] Build Rust staticlib: /home/tikhon/Документы/magnolia/applets/rust/edit/build/libedit.a
   Compiling edit v0.1.0 (/home/tikhon/Документы/magnolia/applets/rust/edit/rust)
warning: unnecessary parentheses around method argument
    --> src/editor.rs:1379:103
     |
1379 | ...   self.undo_add(self.cur_line, vec![self.content[self.cur_line].clone()], KEY_NONE, (1isize - insert.len() as isize), true);
     |                                                                                         ^                              ^
     |
     = note: `#[warn(unused_parens)]` on by default
help: remove these parentheses
     |
1379 -                     self.undo_add(self.cur_line, vec![self.content[self.cur_line].clone()], KEY_NONE, (1isize - insert.len() as isize), true);
1379 +                     self.undo_add(self.cur_line, vec![self.content[self.cur_line].clone()], KEY_NONE, 1isize - insert.len() as isize, true);
     |

warning: value assigned to `del_all` is never read
   --> src/editor.rs:431:29
    |
431 | ...                   del_all = false;
    |                       ^^^^^^^
    |
    = help: maybe it is overwritten before being read?
    = note: `#[warn(unused_assignments)]` on by default

warning: variable does not need to be mutable
    --> src/editor.rs:1214:21
     |
1214 |                 let mut left = line[..self.col].to_vec();
     |                     ----^^^^
     |                     |
     |                     help: remove this `mut`
     |
     = note: `#[warn(unused_mut)]` on by default

warning: variable `pos` is assigned to, but never used
    --> src/editor.rs:1526:21
     |
1526 |             let mut pos = 0usize;
     |                     ^^^
     |
     = note: consider using `_pos` instead
     = note: `#[warn(unused_variables)]` on by default

warning: fields `x`, `y`, and `code` are never read
  --> src/input.rs:99:13
   |
99 |     Mouse { x: usize, y: usize, code: u8 },
   |     -----   ^         ^         ^^^^
   |     |
   |     fields in this variant
   |
   = note: `InputData` has derived impls for the traits `Debug` and `Clone`, but these are intentionally ignored during dead code analysis
   = note: `#[warn(dead_code)]` on by default

warning: `edit` (lib) generated 5 warnings (run `cargo fix --lib -p edit` to apply 2 suggestions)
    Finished `release` profile [optimized] target(s) in 3.15s
[978/1046] Building C object esp-idf/fatfs/CMakeFiles/__idf_fatfs.dir/src/ffunicode.c.obj
[979/1046] Building C object esp-idf/perfmon/CMakeFiles/__idf_perfmon.dir/xtensa_perfmon_masks.c.obj
+ idf.py elf
[980/1046] Building C object esp-idf/fatfs/CMakeFiles/__idf_fatfs.dir/diskio/diskio_sdmmc.c.obj
[981/1046] Building C object esp-idf/perfmon/CMakeFiles/__idf_perfmon.dir/xtensa_perfmon_apis.c.obj
[982/1046] Building C object esp-idf/perfmon/CMakeFiles/__idf_perfmon.dir/xtensa_perfmon_access.c.obj
[2/3] Build ELF: edit.app.elf
[983/1046] Building C object esp-idf/fatfs/CMakeFiles/__idf_fatfs.dir/vfs/vfs_fat_spiflash.c.obj
[984/1046] Building C object esp-idf/nvs_sec_provider/CMakeFiles/__idf_nvs_sec_provider.dir/nvs_sec_provider.c.obj
Executing action: elf
Running ninja in directory /home/tikhon/Документы/magnolia/applets/rust/rshello/build
Executing "ninja elf"...
[1/1045] Generating /home/tikhon/Документы/magnolia/applets/rust/rshello/build/esp-idf/esp_system/ld/memory.ld linker script...
[2/1045] Generating /home/tikhon/Документы/magnolia/applets/rust/rshello/build/esp-idf/esp_system/ld/sections.ld.in linker script...
[985/1046] Building C object esp-idf/mqtt/CMakeFiles/__idf_mqtt.dir/esp-mqtt/lib/platform_esp32_idf.c.obj
[986/1046] Building C object esp-idf/rt/CMakeFiles/__idf_rt.dir/FreeRTOS_POSIX_utils.c.obj
[987/1046] Building C object esp-idf/rt/CMakeFiles/__idf_rt.dir/FreeRTOS_POSIX_mqueue.c.obj
[988/1046] Building C object esp-idf/spiffs/CMakeFiles/__idf_spiffs.dir/spiffs/src/spiffs_cache.c.obj
+ idf.py elf
[989/1046] Building C object esp-idf/mqtt/CMakeFiles/__idf_mqtt.dir/esp-mqtt/lib/mqtt_msg.c.obj
[990/1046] Building C object esp-idf/mqtt/CMakeFiles/__idf_mqtt.dir/esp-mqtt/lib/mqtt_outbox.c.obj
[991/1046] Building C object esp-idf/fatfs/CMakeFiles/__idf_fatfs.dir/vfs/vfs_fat_sdmmc.c.obj
[992/1046] Building C object esp-idf/spiffs/CMakeFiles/__idf_spiffs.dir/spiffs/src/spiffs_gc.c.obj
[3/1045] Building C object esp-idf/esp_http_server/CMakeFiles/__idf_esp_http_server.dir/src/httpd_ws.c.obj
[993/1046] Building C object esp-idf/spiffs/CMakeFiles/__idf_spiffs.dir/spiffs_api.c.obj
-- Generating done (1.2s)
[4/1045] Building C object esp-idf/esp_http_server/CMakeFiles/__idf_esp_http_server.dir/src/httpd_txrx.c.obj
[5/1045] Building C object esp-idf/esp_http_server/CMakeFiles/__idf_esp_http_server.dir/src/util/ctrl_sock.c.obj
[6/1045] Building C object esp-idf/tcp_transport/CMakeFiles/__idf_tcp_transport.dir/transport_internal.c.obj
[7/1045] Building C object esp-idf/esp_http_server/CMakeFiles/__idf_esp_http_server.dir/src/httpd_sess.c.obj
Applet edit OK -> /home/tikhon/Документы/magnolia/rootfs/bin/edit
[8/1045] Building C object esp-idf/esp_http_client/CMakeFiles/__idf_esp_http_client.dir/lib/http_header.c.obj
[9/1045] Building C object esp-idf/esp_http_client/CMakeFiles/__idf_esp_http_client.dir/lib/http_utils.c.obj
[10/1045] Building C object esp-idf/esp_http_server/CMakeFiles/__idf_esp_http_server.dir/src/httpd_uri.c.obj
[11/1045] Building C object esp-idf/esp_adc/CMakeFiles/__idf_esp_adc.dir/adc_cali.c.obj
[994/1046] Building C object esp-idf/spiffs/CMakeFiles/__idf_spiffs.dir/esp_spiffs.c.obj
[12/1045] Building C object esp-idf/esp_http_client/CMakeFiles/__idf_esp_http_client.dir/lib/http_auth.c.obj
[13/1045] Building C object esp-idf/esp_https_ota/CMakeFiles/__idf_esp_https_ota.dir/src/esp_https_ota.c.obj
-- Build files have been written to: /home/tikhon/Документы/magnolia/applets/zig/zigdemo/build
[995/1046] Building C object esp-idf/fatfs/CMakeFiles/__idf_fatfs.dir/src/ff.c.obj
[996/1046] Building C object esp-idf/spiffs/CMakeFiles/__idf_spiffs.dir/spiffs/src/spiffs_check.c.obj
[14/1045] Building C object esp-idf/tcp_transport/CMakeFiles/__idf_tcp_transport.dir/transport_socks_proxy.c.obj
-- Generating done (1.2s)
[997/1046] Building C object esp-idf/usb/CMakeFiles/__idf_usb.dir/hub.c.obj
[15/1045] Linking C static library esp-idf/esp_https_ota/libesp_https_ota.a
[16/1045] Building C object esp-idf/esp_adc/CMakeFiles/__idf_esp_adc.dir/adc_cali_curve_fitting.c.obj
[998/1046] Building C object esp-idf/usb/CMakeFiles/__idf_usb.dir/usb_helpers.c.obj
[17/1045] Building C object esp-idf/esp_adc/CMakeFiles/__idf_esp_adc.dir/esp32s3/curve_fitting_coefficients.c.obj
[999/1046] Building C object esp-idf/touch_element/CMakeFiles/__idf_touch_element.dir/touch_button.c.obj
[1000/1046] Building C object esp-idf/esp_lcd/CMakeFiles/__idf_esp_lcd.dir/rgb/esp_lcd_panel_rgb.c.obj
[18/1045] Building C object esp-idf/esp_http_server/CMakeFiles/__idf_esp_http_server.dir/src/httpd_parse.c.obj
[19/1045] Building C object esp-idf/esp-tls/CMakeFiles/__idf_esp-tls.dir/esp-tls-crypto/esp_tls_crypto.c.obj
[20/1045] Building C object esp-idf/esp-tls/CMakeFiles/__idf_esp-tls.dir/esp_tls_platform_port.c.obj
[1001/1046] Building C object esp-idf/usb/CMakeFiles/__idf_usb.dir/usb_private.c.obj
[1002/1046] Building C object esp-idf/fatfs/CMakeFiles/__idf_fatfs.dir/vfs/vfs_fat.c.obj
-- Build files have been written to: /home/tikhon/Документы/magnolia/applets/zig/zigtest/build
[21/1045] Building C object esp-idf/esp_adc/CMakeFiles/__idf_esp_adc.dir/adc_monitor.c.obj
[22/1045] Building C object esp-idf/esp_adc/CMakeFiles/__idf_esp_adc.dir/gdma/adc_dma.c.obj
[23/1045] Building C object esp-idf/tcp_transport/CMakeFiles/__idf_tcp_transport.dir/transport.c.obj
[24/1045] Building C object esp-idf/esp_adc/CMakeFiles/__idf_esp_adc.dir/adc_common.c.obj
[1003/1046] Building C object esp-idf/usb/CMakeFiles/__idf_usb.dir/enum.c.obj
[1004/1046] Building C object esp-idf/spiffs/CMakeFiles/__idf_spiffs.dir/spiffs/src/spiffs_hydrogen.c.obj
[1005/1046] Building C object esp-idf/touch_element/CMakeFiles/__idf_touch_element.dir/touch_matrix.c.obj
[25/1045] Building C object esp-idf/esp_http_server/CMakeFiles/__idf_esp_http_server.dir/src/httpd_main.c.obj
[1006/1046] Building C object esp-idf/wifi_provisioning/CMakeFiles/__idf_wifi_provisioning.dir/src/wifi_config.c.obj
[1007/1046] Building C object esp-idf/wifi_provisioning/CMakeFiles/__idf_wifi_provisioning.dir/src/wifi_ctrl.c.obj
[26/1045] Building C object esp-idf/esp_adc/CMakeFiles/__idf_esp_adc.dir/adc_filter.c.obj
[1008/1046] Building C object esp-idf/wifi_provisioning/CMakeFiles/__idf_wifi_provisioning.dir/src/scheme_console.c.obj
[1009/1046] Building C object esp-idf/mqtt/CMakeFiles/__idf_mqtt.dir/esp-mqtt/mqtt_client.c.obj
[1010/1046] Building C object esp-idf/touch_element/CMakeFiles/__idf_touch_element.dir/touch_slider.c.obj
[27/1045] Building C object esp-idf/esp_adc/CMakeFiles/__idf_esp_adc.dir/adc_oneshot.c.obj
[1011/1046] Building C object esp-idf/wifi_provisioning/CMakeFiles/__idf_wifi_provisioning.dir/proto-c/wifi_constants.pb-c.c.obj
[28/1045] Linking C static library esp-idf/esp_http_server/libesp_http_server.a
[1012/1046] Linking C static library esp-idf/app_trace/libapp_trace.a
[1013/1046] Linking C static library esp-idf/esp_driver_cam/libesp_driver_cam.a
[29/1045] Building C object esp-idf/esp_adc/CMakeFiles/__idf_esp_adc.dir/adc_continuous.c.obj
[1014/1046] Linking C static library esp-idf/cmock/libcmock.a
[1015/1046] Linking C static library esp-idf/esp_driver_touch_sens/libesp_driver_touch_sens.a
[30/1045] Building C object esp-idf/tcp_transport/CMakeFiles/__idf_tcp_transport.dir/transport_ssl.c.obj
[31/1045] Building C object esp-idf/esp-tls/CMakeFiles/__idf_esp-tls.dir/esp_tls_error_capture.c.obj
[1016/1046] Linking C static library esp-idf/esp_eth/libesp_eth.a
[1017/1046] Linking C static library esp-idf/esp_hid/libesp_hid.a
[1018/1046] Building C object esp-idf/wifi_provisioning/CMakeFiles/__idf_wifi_provisioning.dir/src/wifi_scan.c.obj
[1019/1046] Building C object esp-idf/usb/CMakeFiles/__idf_usb.dir/usb_host.c.obj
[1020/1046] Building C object esp-idf/touch_element/CMakeFiles/__idf_touch_element.dir/touch_element.c.obj
[1021/1046] Building C object esp-idf/wifi_provisioning/CMakeFiles/__idf_wifi_provisioning.dir/src/handlers.c.obj
[1022/1046] Building C object esp-idf/wifi_provisioning/CMakeFiles/__idf_wifi_provisioning.dir/proto-c/wifi_ctrl.pb-c.c.obj
[1023/1046] Linking C static library esp-idf/esp_local_ctrl/libesp_local_ctrl.a
[32/1045] Building C object esp-idf/esp-tls/CMakeFiles/__idf_esp-tls.dir/esp_tls.c.obj
[1024/1046] Building C object esp-idf/wifi_provisioning/CMakeFiles/__idf_wifi_provisioning.dir/proto-c/wifi_config.pb-c.c.obj
[1025/1046] Linking C static library esp-idf/esp_lcd/libesp_lcd.a
[1026/1046] Linking C static library esp-idf/espcoredump/libespcoredump.a
[1027/1046] Linking C static library esp-idf/mqtt/libmqtt.a
[1028/1046] Linking C static library esp-idf/nvs_sec_provider/libnvs_sec_provider.a
[1029/1046] Linking C static library esp-idf/perfmon/libperfmon.a
[1030/1046] Linking C static library esp-idf/rt/librt.a
[1031/1046] Building C object esp-idf/main/CMakeFiles/__idf_main.dir/dummy.c.obj
[1032/1046] Linking C static library esp-idf/fatfs/libfatfs.a
[1033/1046] Linking C static library esp-idf/touch_element/libtouch_element.a
[1034/1046] Building C object esp-idf/usb/CMakeFiles/__idf_usb.dir/usbh.c.obj
[33/1045] Building C object esp-idf/tcp_transport/CMakeFiles/__idf_tcp_transport.dir/transport_ws.c.obj
[1035/1046] Building C object esp-idf/spiffs/CMakeFiles/__idf_spiffs.dir/spiffs/src/spiffs_nucleus.c.obj
[1036/1046] Building C object esp-idf/usb/CMakeFiles/__idf_usb.dir/hcd_dwc.c.obj
[1037/1046] Linking C static library esp-idf/spiffs/libspiffs.a
[34/1045] Building C object esp-idf/esp_driver_twai/CMakeFiles/__idf_esp_driver_twai.dir/esp_twai.c.obj
[35/1045] Building C object esp-idf/esp-tls/CMakeFiles/__idf_esp-tls.dir/esp_tls_mbedtls.c.obj
[36/1045] Building C object esp-idf/esp_driver_sdm/CMakeFiles/__idf_esp_driver_sdm.dir/src/sdm.c.obj
[1038/1046] Building C object esp-idf/wifi_provisioning/CMakeFiles/__idf_wifi_provisioning.dir/proto-c/wifi_scan.pb-c.c.obj
[1039/1046] Building C object esp-idf/wifi_provisioning/CMakeFiles/__idf_wifi_provisioning.dir/src/scheme_softap.c.obj
[37/1045] Building C object esp-idf/esp_http_client/CMakeFiles/__idf_esp_http_client.dir/esp_http_client.c.obj
[38/1045] Building C object esp-idf/driver/CMakeFiles/__idf_driver.dir/touch_sensor/touch_sensor_common.c.obj
[1040/1046] Linking C static library esp-idf/usb/libusb.a
[39/1045] Building C object esp-idf/esp_driver_i2c/CMakeFiles/__idf_esp_driver_i2c.dir/i2c_common.c.obj
[40/1045] Linking C static library esp-idf/esp_http_client/libesp_http_client.a
[41/1045] Building C object esp-idf/driver/CMakeFiles/__idf_driver.dir/touch_sensor/esp32s3/touch_sensor.c.obj
[42/1045] Building C object esp-idf/esp_driver_twai/CMakeFiles/__idf_esp_driver_twai.dir/esp_twai_onchip.c.obj
[43/1045] Building C object esp-idf/esp_driver_tsens/CMakeFiles/__idf_esp_driver_tsens.dir/src/temperature_sensor.c.obj
[44/1045] Linking C static library esp-idf/tcp_transport/libtcp_transport.a
[45/1045] Building C object esp-idf/esp_driver_rmt/CMakeFiles/__idf_esp_driver_rmt.dir/src/rmt_encoder.c.obj
[46/1045] Building C object esp-idf/driver/CMakeFiles/__idf_driver.dir/twai/twai.c.obj
+ idf.py elf
[47/1045] Building C object esp-idf/esp_driver_rmt/CMakeFiles/__idf_esp_driver_rmt.dir/src/rmt_encoder_copy.c.obj
[48/1045] Building C object esp-idf/esp_driver_i2c/CMakeFiles/__idf_esp_driver_i2c.dir/i2c_slave.c.obj
[49/1045] Building C object esp-idf/esp_driver_sdspi/CMakeFiles/__idf_esp_driver_sdspi.dir/src/sdspi_crc.c.obj
[50/1045] Building C object esp-idf/esp_driver_rmt/CMakeFiles/__idf_esp_driver_rmt.dir/src/rmt_encoder_bytes.c.obj
[51/1045] Building C object esp-idf/esp_driver_rmt/CMakeFiles/__idf_esp_driver_rmt.dir/src/rmt_common.c.obj
[52/1045] Linking C static library esp-idf/esp_adc/libesp_adc.a
[53/1045] Building C object esp-idf/esp_driver_rmt/CMakeFiles/__idf_esp_driver_rmt.dir/src/rmt_encoder_simple.c.obj
+ idf.py elf
[54/1045] Linking C static library esp-idf/esp-tls/libesp-tls.a
[55/1045] Building C object esp-idf/esp_driver_sd_intf/CMakeFiles/__idf_esp_driver_sd_intf.dir/sd_host.c.obj
[56/1045] Building C object esp-idf/esp_driver_sdmmc/CMakeFiles/__idf_esp_driver_sdmmc.dir/legacy/src/sdmmc_transaction.c.obj
[57/1045] Building C object esp-idf/esp_driver_sdspi/CMakeFiles/__idf_esp_driver_sdspi.dir/src/sdspi_transaction.c.obj
[1041/1046] Building C object esp-idf/wifi_provisioning/CMakeFiles/__idf_wifi_provisioning.dir/src/manager.c.obj
[58/1045] Building C object esp-idf/driver/CMakeFiles/__idf_driver.dir/i2c/i2c.c.obj
[59/1045] Building C object esp-idf/esp_driver_sdspi/CMakeFiles/__idf_esp_driver_sdspi.dir/src/sdspi_host.c.obj
[60/1045] Building C object esp-idf/sdmmc/CMakeFiles/__idf_sdmmc.dir/sdmmc_init.c.obj
[1042/1046] Linking C static library esp-idf/wifi_provisioning/libwifi_provisioning.a
[61/1045] Building C object esp-idf/sdmmc/CMakeFiles/__idf_sdmmc.dir/sd_pwr_ctrl/sd_pwr_ctrl.c.obj
[62/1045] Building C object esp-idf/sdmmc/CMakeFiles/__idf_sdmmc.dir/sdmmc_common.c.obj
[63/1045] Building C object esp-idf/esp_driver_sdmmc/CMakeFiles/__idf_esp_driver_sdmmc.dir/legacy/src/sdmmc_host.c.obj
[64/1045] Building C object esp-idf/http_parser/CMakeFiles/__idf_http_parser.dir/http_parser.c.obj
[1043/1046] Linking C static library esp-idf/main/libmain.a
[65/1045] Building C object esp-idf/esp_driver_sdmmc/CMakeFiles/__idf_esp_driver_sdmmc.dir/src/sd_trans_sdmmc.c.obj
[66/1045] Linking C static library esp-idf/http_parser/libhttp_parser.a
[67/1045] Building C object esp-idf/sdmmc/CMakeFiles/__idf_sdmmc.dir/sdmmc_mmc.c.obj
[68/1045] Building C object esp-idf/esp_driver_i2c/CMakeFiles/__idf_esp_driver_i2c.dir/i2c_master.c.obj
[69/1045] Building C object esp-idf/esp_driver_i2s/CMakeFiles/__idf_esp_driver_i2s.dir/i2s_platform.c.obj
[70/1045] Building C object esp-idf/esp_driver_rmt/CMakeFiles/__idf_esp_driver_rmt.dir/src/rmt_rx.c.obj
[71/1045] Building C object esp-idf/sdmmc/CMakeFiles/__idf_sdmmc.dir/sdmmc_sd.c.obj
[72/1045] Building C object esp-idf/esp_driver_ledc/CMakeFiles/__idf_esp_driver_ledc.dir/src/ledc.c.obj
[73/1045] Building C object esp-idf/sdmmc/CMakeFiles/__idf_sdmmc.dir/sdmmc_io.c.obj
[74/1045] Building C object esp-idf/esp_driver_rmt/CMakeFiles/__idf_esp_driver_rmt.dir/src/rmt_tx.c.obj
[75/1045] Building C object esp-idf/sdmmc/CMakeFiles/__idf_sdmmc.dir/sdmmc_cmd.c.obj
Executing action: elf
Running ninja in directory /home/tikhon/Документы/magnolia/applets/rust/rusthello/build
Executing "ninja elf"...
[0/2] Re-checking globbed directories...
[1/1046] Generating /home/tikhon/Документы/magnolia/applets/rust/rusthello/build/esp-idf/esp_system/ld/memory.ld linker script...
[2/1046] Generating /home/tikhon/Документы/magnolia/applets/rust/rusthello/build/esp-idf/esp_system/ld/sections.ld.in linker script...
[76/1045] Building C object esp-idf/driver/CMakeFiles/__idf_driver.dir/deprecated/rmt_legacy.c.obj
[77/1045] Building C object esp-idf/esp_driver_mcpwm/CMakeFiles/__idf_esp_driver_mcpwm.dir/src/mcpwm_com.c.obj
[78/1045] Linking C static library esp-idf/driver/libdriver.a
[79/1045] Building C object esp-idf/esp_driver_i2s/CMakeFiles/__idf_esp_driver_i2s.dir/i2s_std.c.obj
[80/1045] Building C object esp-idf/esp_driver_mcpwm/CMakeFiles/__idf_esp_driver_mcpwm.dir/src/mcpwm_cap.c.obj
[81/1045] Building C object esp-idf/esp_driver_mcpwm/CMakeFiles/__idf_esp_driver_mcpwm.dir/src/mcpwm_fault.c.obj
[82/1045] Building C object esp-idf/esp_driver_i2s/CMakeFiles/__idf_esp_driver_i2s.dir/i2s_tdm.c.obj
[83/1045] Linking C static library esp-idf/esp_driver_twai/libesp_driver_twai.a
[84/1045] Building C object esp-idf/esp_driver_mcpwm/CMakeFiles/__idf_esp_driver_mcpwm.dir/src/mcpwm_cmpr.c.obj
[85/1045] Building C object esp-idf/esp_driver_sdmmc/CMakeFiles/__idf_esp_driver_sdmmc.dir/src/sd_host_sdmmc.c.obj
[86/1045] Building C object esp-idf/esp_driver_i2s/CMakeFiles/__idf_esp_driver_i2s.dir/i2s_pdm.c.obj
[87/1045] Building ASM object esp-idf/esp_gdbstub/CMakeFiles/__idf_esp_gdbstub.dir/src/port/xtensa/xt_debugexception.S.obj
[88/1045] Building ASM object esp-idf/esp_gdbstub/CMakeFiles/__idf_esp_gdbstub.dir/src/port/xtensa/gdbstub-entry.S.obj
[3/1046] Building C object esp-idf/esp_http_server/CMakeFiles/__idf_esp_http_server.dir/src/util/ctrl_sock.c.obj
[89/1045] Building C object esp-idf/esp_driver_i2s/CMakeFiles/__idf_esp_driver_i2s.dir/i2s_common.c.obj
[90/1045] Building C object esp-idf/esp_driver_mcpwm/CMakeFiles/__idf_esp_driver_mcpwm.dir/src/mcpwm_sync.c.obj
[4/1046] Building C object esp-idf/esp_http_server/CMakeFiles/__idf_esp_http_server.dir/src/httpd_ws.c.obj
[91/1045] Linking C static library esp-idf/esp_driver_ledc/libesp_driver_ledc.a
[5/1046] Building C object esp-idf/esp_http_client/CMakeFiles/__idf_esp_http_client.dir/lib/http_utils.c.obj
[92/1045] Building C object esp-idf/esp_gdbstub/CMakeFiles/__idf_esp_gdbstub.dir/src/gdbstub_transport.c.obj
[93/1045] Building C object esp-idf/esp_gdbstub/CMakeFiles/__idf_esp_gdbstub.dir/src/port/xtensa/gdbstub_xtensa.c.obj
[94/1045] Building C object esp-idf/esp_driver_pcnt/CMakeFiles/__idf_esp_driver_pcnt.dir/src/pulse_cnt.c.obj
[95/1045] Linking C static library esp-idf/esp_driver_i2c/libesp_driver_i2c.a
[96/1045] Building C object esp-idf/esp_gdbstub/CMakeFiles/__idf_esp_gdbstub.dir/src/packet.c.obj
[6/1046] Building C object esp-idf/esp_http_client/CMakeFiles/__idf_esp_http_client.dir/lib/http_header.c.obj
[97/1045] Building C object esp-idf/esp_wifi/CMakeFiles/__idf_esp_wifi.dir/src/mesh_event.c.obj
[98/1045] Building C object esp-idf/esp_driver_mcpwm/CMakeFiles/__idf_esp_driver_mcpwm.dir/src/mcpwm_oper.c.obj
[99/1045] Building C object esp-idf/esp_wifi/CMakeFiles/__idf_esp_wifi.dir/src/lib_printf.c.obj
[100/1045] Building C object esp-idf/esp_driver_mcpwm/CMakeFiles/__idf_esp_driver_mcpwm.dir/src/mcpwm_gen.c.obj
[101/1045] Linking C static library esp-idf/esp_driver_sdm/libesp_driver_sdm.a
[7/1046] Building C object esp-idf/esp_adc/CMakeFiles/__idf_esp_adc.dir/adc_cali.c.obj
[102/1045] Building C object esp-idf/esp_driver_mcpwm/CMakeFiles/__idf_esp_driver_mcpwm.dir/src/mcpwm_timer.c.obj
Executing action: elf
Running ninja in directory /home/tikhon/Документы/magnolia/applets/rust/rxxd/build
Executing "ninja elf"...
[0/2] Re-checking globbed directories...
[103/1045] Building C object esp-idf/esp_wifi/CMakeFiles/__idf_esp_wifi.dir/src/wifi_init.c.obj
[104/1045] Building C object esp-idf/esp_wifi/CMakeFiles/__idf_esp_wifi.dir/src/wifi_default_ap.c.obj
[105/1045] Building C object esp-idf/esp_coex/CMakeFiles/__idf_esp_coex.dir/src/coexist_debug_diagram.c.obj
[106/1045] Linking C static library esp-idf/esp_driver_tsens/libesp_driver_tsens.a
[107/1045] Building C object esp-idf/esp_wifi/CMakeFiles/__idf_esp_wifi.dir/src/wifi_netif.c.obj
[108/1045] Building C object esp-idf/esp_wifi/CMakeFiles/__idf_esp_wifi.dir/src/smartconfig.c.obj
[8/1046] Building C object esp-idf/esp_http_server/CMakeFiles/__idf_esp_http_server.dir/src/httpd_uri.c.obj
[109/1045] Building C object esp-idf/esp_gdbstub/CMakeFiles/__idf_esp_gdbstub.dir/src/gdbstub.c.obj
[9/1046] Building C object esp-idf/esp_http_server/CMakeFiles/__idf_esp_http_server.dir/src/httpd_main.c.obj
[10/1046] Building C object esp-idf/tcp_transport/CMakeFiles/__idf_tcp_transport.dir/transport_socks_proxy.c.obj
[110/1045] Building C object esp-idf/esp_wifi/CMakeFiles/__idf_esp_wifi.dir/src/wifi_default.c.obj
[11/1046] Building C object esp-idf/esp_http_server/CMakeFiles/__idf_esp_http_server.dir/src/httpd_sess.c.obj
[12/1046] Building C object esp-idf/tcp_transport/CMakeFiles/__idf_tcp_transport.dir/transport.c.obj
[111/1045] Linking C static library esp-idf/esp_driver_rmt/libesp_driver_rmt.a
[13/1046] Building C object esp-idf/tcp_transport/CMakeFiles/__idf_tcp_transport.dir/transport_internal.c.obj
[112/1045] Building C object esp-idf/esp_wifi/CMakeFiles/__idf_esp_wifi.dir/regulatory/esp_wifi_regulatory.c.obj
[14/1046] Building C object esp-idf/esp_https_ota/CMakeFiles/__idf_esp_https_ota.dir/src/esp_https_ota.c.obj
[15/1046] Building C object esp-idf/esp_http_client/CMakeFiles/__idf_esp_http_client.dir/lib/http_auth.c.obj
[113/1045] Building C object esp-idf/esp_coex/CMakeFiles/__idf_esp_coex.dir/esp32s3/esp_coex_adapter.c.obj
[114/1045] Linking C static library esp-idf/esp_driver_sdspi/libesp_driver_sdspi.a
[16/1046] Linking C static library esp-idf/esp_https_ota/libesp_https_ota.a
[115/1045] Building C object esp-idf/esp_coex/CMakeFiles/__idf_esp_coex.dir/src/coexist_debug.c.obj
[17/1046] Building C object esp-idf/esp_adc/CMakeFiles/__idf_esp_adc.dir/esp32s3/curve_fitting_coefficients.c.obj
[116/1045] Building C object esp-idf/esp_wifi/CMakeFiles/__idf_esp_wifi.dir/esp32s3/esp_adapter.c.obj
[18/1046] Building C object esp-idf/esp_adc/CMakeFiles/__idf_esp_adc.dir/adc_common.c.obj
[19/1046] Building C object esp-idf/esp_adc/CMakeFiles/__idf_esp_adc.dir/adc_cali_curve_fitting.c.obj
[20/1046] Building C object esp-idf/tcp_transport/CMakeFiles/__idf_tcp_transport.dir/transport_ssl.c.obj
[117/1045] Building C object esp-idf/esp_driver_spi/CMakeFiles/__idf_esp_driver_spi.dir/src/gpspi/spi_slave.c.obj
[118/1045] Building C object esp-idf/wpa_supplicant/CMakeFiles/__idf_wpa_supplicant.dir/src/ap/ap_config.c.obj
[21/1046] Building C object esp-idf/esp-tls/CMakeFiles/__idf_esp-tls.dir/esp-tls-crypto/esp_tls_crypto.c.obj
[119/1045] Building C object esp-idf/wpa_supplicant/CMakeFiles/__idf_wpa_supplicant.dir/port/os_xtensa.c.obj
[22/1046] Building C object esp-idf/esp-tls/CMakeFiles/__idf_esp-tls.dir/esp_tls_platform_port.c.obj
[120/1045] Linking C static library esp-idf/esp_driver_sdmmc/libesp_driver_sdmmc.a
[23/1046] Building C object esp-idf/esp-tls/CMakeFiles/__idf_esp-tls.dir/esp_tls_error_capture.c.obj
[121/1045] Building C object esp-idf/wpa_supplicant/CMakeFiles/__idf_wpa_supplicant.dir/src/ap/ieee802_1x.c.obj
[24/1046] Building C object esp-idf/esp_http_server/CMakeFiles/__idf_esp_http_server.dir/src/httpd_parse.c.obj
[122/1045] Linking C static library esp-idf/esp_driver_sd_intf/libesp_driver_sd_intf.a
[25/1046] Building C object esp-idf/esp_http_server/CMakeFiles/__idf_esp_http_server.dir/src/httpd_txrx.c.obj
[26/1046] Building C object esp-idf/esp_adc/CMakeFiles/__idf_esp_adc.dir/adc_oneshot.c.obj
Command failed (2): idf.py elf
Elf target failed for rxxd; running `idf.py build` instead.
+ idf.py build
[123/1045] Building C object esp-idf/wpa_supplicant/CMakeFiles/__idf_wpa_supplicant.dir/src/ap/sta_info.c.obj
[27/1046] Building C object esp-idf/esp_adc/CMakeFiles/__idf_esp_adc.dir/adc_filter.c.obj
[124/1045] Building C object esp-idf/esp_driver_spi/CMakeFiles/__idf_esp_driver_spi.dir/src/gpspi/spi_master.c.obj
[28/1046] Building C object esp-idf/esp_adc/CMakeFiles/__idf_esp_adc.dir/gdma/adc_dma.c.obj
[125/1045] Building C object esp-idf/wpa_supplicant/CMakeFiles/__idf_wpa_supplicant.dir/src/ap/wpa_auth_ie.c.obj
[29/1046] Linking C static library esp-idf/esp_http_server/libesp_http_server.a
[126/1045] Building C object esp-idf/wpa_supplicant/CMakeFiles/__idf_wpa_supplicant.dir/src/utils/bitfield.c.obj
[127/1045] Linking C static library esp-idf/sdmmc/libsdmmc.a
[30/1046] Building C object esp-idf/esp_adc/CMakeFiles/__idf_esp_adc.dir/adc_monitor.c.obj
[128/1045] Building C object esp-idf/esp_wifi/CMakeFiles/__idf_esp_wifi.dir/src/smartconfig_ack.c.obj
[129/1045] Building C object esp-idf/esp_driver_spi/CMakeFiles/__idf_esp_driver_spi.dir/src/gpspi/spi_common.c.obj
[130/1045] Building C object esp-idf/wpa_supplicant/CMakeFiles/__idf_wpa_supplicant.dir/src/ap/comeback_token.c.obj
[131/1045] Building C object esp-idf/wpa_supplicant/CMakeFiles/__idf_wpa_supplicant.dir/src/ap/pmksa_cache_auth.c.obj
[132/1045] Building C object esp-idf/wpa_supplicant/CMakeFiles/__idf_wpa_supplicant.dir/src/crypto/aes-siv.c.obj
[133/1045] Linking C static library esp-idf/esp_driver_i2s/libesp_driver_i2s.a
[31/1046] Building C object esp-idf/driver/CMakeFiles/__idf_driver.dir/touch_sensor/touch_sensor_common.c.obj
[32/1046] Building C object esp-idf/esp_adc/CMakeFiles/__idf_esp_adc.dir/adc_continuous.c.obj
[134/1045] Building C object esp-idf/wpa_supplicant/CMakeFiles/__idf_wpa_supplicant.dir/port/eloop.c.obj
Executing action: elf
Running ninja in directory /home/tikhon/Документы/magnolia/applets/zig/zighello/build
Executing "ninja elf"...
[0/2] Re-checking globbed directories...
[33/1046] Building C object esp-idf/esp_driver_twai/CMakeFiles/__idf_esp_driver_twai.dir/esp_twai.c.obj
[135/1045] Building C object esp-idf/wpa_supplicant/CMakeFiles/__idf_wpa_supplicant.dir/src/common/wpa_common.c.obj
[136/1045] Building C object esp-idf/esp_driver_spi/CMakeFiles/__idf_esp_driver_spi.dir/src/gpspi/spi_slave_hd.c.obj
[137/1045] Linking C static library esp-idf/esp_driver_mcpwm/libesp_driver_mcpwm.a
[138/1045] Building C object esp-idf/wpa_supplicant/CMakeFiles/__idf_wpa_supplicant.dir/src/crypto/dh_group5.c.obj
[1/1052] Generating /home/tikhon/Документы/magnolia/applets/zig/zighello/build/esp-idf/esp_system/ld/sections.ld.in linker script...
[2/1052] Generating /home/tikhon/Документы/magnolia/applets/zig/zighello/build/esp-idf/esp_system/ld/memory.ld linker script...
[139/1045] Building C object esp-idf/wpa_supplicant/CMakeFiles/__idf_wpa_supplicant.dir/src/crypto/ms_funcs.c.obj
[140/1045] Building C object esp-idf/wpa_supplicant/CMakeFiles/__idf_wpa_supplicant.dir/src/crypto/crypto_ops.c.obj
[141/1045] Building C object esp-idf/wpa_supplicant/CMakeFiles/__idf_wpa_supplicant.dir/src/crypto/dh_groups.c.obj
[142/1045] Linking C static library esp-idf/esp_driver_pcnt/libesp_driver_pcnt.a
[143/1045] Building C object esp-idf/wpa_supplicant/CMakeFiles/__idf_wpa_supplicant.dir/src/common/dragonfly.c.obj
[144/1045] Building C object esp-idf/wpa_supplicant/CMakeFiles/__idf_wpa_supplicant.dir/src/crypto/ccmp.c.obj
[145/1045] Building C object esp-idf/wpa_supplicant/CMakeFiles/__idf_wpa_supplicant.dir/src/crypto/aes-gcm.c.obj
[146/1045] Building C object esp-idf/wpa_supplicant/CMakeFiles/__idf_wpa_supplicant.dir/src/crypto/sha1-tlsprf.c.obj
[147/1045] Linking C static library esp-idf/esp_gdbstub/libesp_gdbstub.a
[148/1045] Building C object esp-idf/wpa_supplicant/CMakeFiles/__idf_wpa_supplicant.dir/src/crypto/sha256-kdf.c.obj
[149/1045] Building C object esp-idf/wpa_supplicant/CMakeFiles/__idf_wpa_supplicant.dir/src/ap/ieee802_11.c.obj
[150/1045] Building C object esp-idf/wpa_supplicant/CMakeFiles/__idf_wpa_supplicant.dir/src/crypto/sha384-tlsprf.c.obj
[34/1046] Building C object esp-idf/tcp_transport/CMakeFiles/__idf_tcp_transport.dir/transport_ws.c.obj
[35/1046] Building C object esp-idf/esp_driver_i2c/CMakeFiles/__idf_esp_driver_i2c.dir/i2c_slave.c.obj
[151/1045] Linking C static library esp-idf/esp_driver_spi/libesp_driver_spi.a
[152/1045] Building C object esp-idf/wpa_supplicant/CMakeFiles/__idf_wpa_supplicant.dir/src/crypto/sha256-tlsprf.c.obj
[153/1045] Building C object esp-idf/wpa_supplicant/CMakeFiles/__idf_wpa_supplicant.dir/src/eap_common/eap_wsc_common.c.obj
[154/1045] Building C object esp-idf/wpa_supplicant/CMakeFiles/__idf_wpa_supplicant.dir/src/crypto/sha256-prf.c.obj
[155/1045] Building C object esp-idf/wpa_supplicant/CMakeFiles/__idf_wpa_supplicant.dir/src/crypto/sha1-prf.c.obj
[156/1045] Building C object esp-idf/wpa_supplicant/CMakeFiles/__idf_wpa_supplicant.dir/src/ap/wpa_auth.c.obj
[36/1046] Building C object esp-idf/esp_driver_i2c/CMakeFiles/__idf_esp_driver_i2c.dir/i2c_common.c.obj
[157/1045] Linking C static library esp-idf/esp_wifi/libesp_wifi.a
[3/1052] Building C object esp-idf/esp_http_client/CMakeFiles/__idf_esp_http_client.dir/lib/http_utils.c.obj
[4/1052] Building C object esp-idf/esp_http_server/CMakeFiles/__idf_esp_http_server.dir/src/util/ctrl_sock.c.obj
[5/1052] Building C object esp-idf/esp_http_server/CMakeFiles/__idf_esp_http_server.dir/src/httpd_txrx.c.obj
[158/1045] Building C object esp-idf/wpa_supplicant/CMakeFiles/__idf_wpa_supplicant.dir/src/crypto/sha1-tprf.c.obj
[6/1052] Building C object esp-idf/esp_https_ota/CMakeFiles/__idf_esp_https_ota.dir/src/esp_https_ota.c.obj
[7/1052] Building C object esp-idf/esp_http_server/CMakeFiles/__idf_esp_http_server.dir/src/httpd_ws.c.obj
[8/1052] Building C object esp-idf/esp_http_server/CMakeFiles/__idf_esp_http_server.dir/src/httpd_uri.c.obj
[37/1046] Building C object esp-idf/driver/CMakeFiles/__idf_driver.dir/twai/twai.c.obj
[38/1046] Building C object esp-idf/esp_driver_ledc/CMakeFiles/__idf_esp_driver_ledc.dir/src/ledc.c.obj
[9/1052] Building C object esp-idf/esp_adc/CMakeFiles/__idf_esp_adc.dir/adc_common.c.obj
[10/1052] Linking C static library esp-idf/esp_https_ota/libesp_https_ota.a
[159/1045] Building C object esp-idf/wpa_supplicant/CMakeFiles/__idf_wpa_supplicant.dir/src/eap_peer/eap_tls.c.obj
[11/1052] Building C object esp-idf/esp_http_client/CMakeFiles/__idf_esp_http_client.dir/lib/http_header.c.obj
[160/1045] Building C object esp-idf/wpa_supplicant/CMakeFiles/__idf_wpa_supplicant.dir/src/crypto/sha384-prf.c.obj
[12/1052] Building C object esp-idf/esp_adc/CMakeFiles/__idf_esp_adc.dir/adc_cali.c.obj
[13/1052] Building C object esp-idf/esp_http_client/CMakeFiles/__idf_esp_http_client.dir/lib/http_auth.c.obj
[39/1046] Building C object esp-idf/esp_driver_tsens/CMakeFiles/__idf_esp_driver_tsens.dir/src/temperature_sensor.c.obj
[161/1045] Building C object esp-idf/wpa_supplicant/CMakeFiles/__idf_wpa_supplicant.dir/src/crypto/md4-internal.c.obj
[14/1052] Building C object esp-idf/tcp_transport/CMakeFiles/__idf_tcp_transport.dir/transport_socks_proxy.c.obj
[15/1052] Building C object esp-idf/esp_adc/CMakeFiles/__idf_esp_adc.dir/adc_oneshot.c.obj
Executing action: elf
Running ninja in directory /home/tikhon/Документы/magnolia/applets/zig/zigdemo/build
Executing "ninja elf"...
[0/2] Re-checking globbed directories...
[162/1045] Building C object esp-idf/wpa_supplicant/CMakeFiles/__idf_wpa_supplicant.dir/src/common/ieee802_11_common.c.obj
[40/1046] Building C object esp-idf/esp-tls/CMakeFiles/__idf_esp-tls.dir/esp_tls.c.obj
[41/1046] Building C object esp-idf/esp_driver_sdm/CMakeFiles/__idf_esp_driver_sdm.dir/src/sdm.c.obj
[1/1052] Generating /home/tikhon/Документы/magnolia/applets/zig/zigdemo/build/esp-idf/esp_system/ld/memory.ld linker script...
[16/1052] Building C object esp-idf/tcp_transport/CMakeFiles/__idf_tcp_transport.dir/transport_internal.c.obj
[2/1052] Generating /home/tikhon/Документы/magnolia/applets/zig/zigdemo/build/esp-idf/esp_system/ld/sections.ld.in linker script...
[163/1045] Building C object esp-idf/wpa_supplicant/CMakeFiles/__idf_wpa_supplicant.dir/src/eap_peer/chap.c.obj
[42/1046] Building C object esp-idf/esp_driver_rmt/CMakeFiles/__idf_esp_driver_rmt.dir/src/rmt_encoder_simple.c.obj
[164/1045] Building C object esp-idf/wpa_supplicant/CMakeFiles/__idf_wpa_supplicant.dir/src/eap_peer/eap_peap_common.c.obj
[43/1046] Building C object esp-idf/esp_driver_rmt/CMakeFiles/__idf_esp_driver_rmt.dir/src/rmt_common.c.obj
[44/1046] Building C object esp-idf/esp_driver_sdspi/CMakeFiles/__idf_esp_driver_sdspi.dir/src/sdspi_crc.c.obj
[17/1052] Building C object esp-idf/esp_adc/CMakeFiles/__idf_esp_adc.dir/esp32s3/curve_fitting_coefficients.c.obj
[18/1052] Building C object esp-idf/esp_http_server/CMakeFiles/__idf_esp_http_server.dir/src/httpd_sess.c.obj
[165/1045] Building C object esp-idf/wpa_supplicant/CMakeFiles/__idf_wpa_supplicant.dir/src/eap_peer/eap_common.c.obj
[45/1046] Building C object esp-idf/esp_http_client/CMakeFiles/__idf_esp_http_client.dir/esp_http_client.c.obj
[46/1046] Building C object esp-idf/driver/CMakeFiles/__idf_driver.dir/touch_sensor/esp32s3/touch_sensor.c.obj
[19/1052] Building C object esp-idf/esp_adc/CMakeFiles/__idf_esp_adc.dir/adc_cali_curve_fitting.c.obj
[47/1046] Building C object esp-idf/esp_driver_rmt/CMakeFiles/__idf_esp_driver_rmt.dir/src/rmt_encoder_copy.c.obj
[166/1045] Building C object esp-idf/wpa_supplicant/CMakeFiles/__idf_wpa_supplicant.dir/src/eap_peer/mschapv2.c.obj
[20/1052] Building C object esp-idf/esp-tls/CMakeFiles/__idf_esp-tls.dir/esp_tls_platform_port.c.obj
[48/1046] Building C object esp-idf/esp_driver_rmt/CMakeFiles/__idf_esp_driver_rmt.dir/src/rmt_encoder_bytes.c.obj
[21/1052] Building C object esp-idf/tcp_transport/CMakeFiles/__idf_tcp_transport.dir/transport_ssl.c.obj
[49/1046] Building C object esp-idf/esp_driver_rmt/CMakeFiles/__idf_esp_driver_rmt.dir/src/rmt_encoder.c.obj
[22/1052] Building C object esp-idf/esp_adc/CMakeFiles/__idf_esp_adc.dir/adc_filter.c.obj
[50/1046] Building C object esp-idf/esp_driver_twai/CMakeFiles/__idf_esp_driver_twai.dir/esp_twai_onchip.c.obj
[23/1052] Building C object esp-idf/esp-tls/CMakeFiles/__idf_esp-tls.dir/esp-tls-crypto/esp_tls_crypto.c.obj
[24/1052] Building C object esp-idf/tcp_transport/CMakeFiles/__idf_tcp_transport.dir/transport.c.obj
[167/1045] Building C object esp-idf/wpa_supplicant/CMakeFiles/__idf_wpa_supplicant.dir/src/eap_peer/eap.c.obj
[51/1046] Linking C static library esp-idf/esp_http_client/libesp_http_client.a
[168/1045] Building C object esp-idf/wpa_supplicant/CMakeFiles/__idf_wpa_supplicant.dir/src/eap_peer/eap_fast_common.c.obj
[3/1052] Building C object esp-idf/esp_http_client/CMakeFiles/__idf_esp_http_client.dir/lib/http_header.c.obj
[169/1045] Building C object esp-idf/wpa_supplicant/CMakeFiles/__idf_wpa_supplicant.dir/src/eap_peer/eap_mschapv2.c.obj
[52/1046] Building C object esp-idf/esp-tls/CMakeFiles/__idf_esp-tls.dir/esp_tls_mbedtls.c.obj
[170/1045] Building C object esp-idf/wpa_supplicant/CMakeFiles/__idf_wpa_supplicant.dir/src/utils/wpabuf.c.obj
[53/1046] Building C object esp-idf/esp_driver_sdmmc/CMakeFiles/__idf_esp_driver_sdmmc.dir/legacy/src/sdmmc_host.c.obj
[54/1046] Linking C static library esp-idf/tcp_transport/libtcp_transport.a
[25/1052] Building C object esp-idf/esp_adc/CMakeFiles/__idf_esp_adc.dir/gdma/adc_dma.c.obj
[171/1045] Building C object esp-idf/wpa_supplicant/CMakeFiles/__idf_wpa_supplicant.dir/src/utils/common.c.obj
[55/1046] Building C object esp-idf/esp_driver_rmt/CMakeFiles/__idf_esp_driver_rmt.dir/src/rmt_rx.c.obj
[26/1052] Building C object esp-idf/esp-tls/CMakeFiles/__idf_esp-tls.dir/esp_tls_error_capture.c.obj
[27/1052] Building C object esp-idf/esp_http_server/CMakeFiles/__idf_esp_http_server.dir/src/httpd_parse.c.obj
[172/1045] Building C object esp-idf/wpa_supplicant/CMakeFiles/__idf_wpa_supplicant.dir/src/utils/base64.c.obj
[173/1045] Building C object esp-idf/wpa_supplicant/CMakeFiles/__idf_wpa_supplicant.dir/src/utils/ext_password.c.obj
[56/1046] Linking C static library esp-idf/esp_adc/libesp_adc.a
[57/1046] Building C object esp-idf/esp_driver_sdmmc/CMakeFiles/__idf_esp_driver_sdmmc.dir/legacy/src/sdmmc_transaction.c.obj
[4/1052] Building C object esp-idf/esp_http_client/CMakeFiles/__idf_esp_http_client.dir/lib/http_utils.c.obj
[28/1052] Building C object esp-idf/driver/CMakeFiles/__idf_driver.dir/touch_sensor/touch_sensor_common.c.obj
[174/1045] Building C object esp-idf/wpa_supplicant/CMakeFiles/__idf_wpa_supplicant.dir/src/eap_peer/eap_tls_common.c.obj
[29/1052] Building C object esp-idf/esp_http_server/CMakeFiles/__idf_esp_http_server.dir/src/httpd_main.c.obj
[175/1045] Building C object esp-idf/wpa_supplicant/CMakeFiles/__idf_wpa_supplicant.dir/src/utils/uuid.c.obj
[176/1045] Building C object esp-idf/wpa_supplicant/CMakeFiles/__idf_wpa_supplicant.dir/src/rsn_supp/pmksa_cache.c.obj
[177/1045] Building C object esp-idf/wpa_supplicant/CMakeFiles/__idf_wpa_supplicant.dir/src/utils/json.c.obj
[58/1046] Building C object esp-idf/esp_driver_sdspi/CMakeFiles/__idf_esp_driver_sdspi.dir/src/sdspi_transaction.c.obj
[5/1052] Building C object esp-idf/esp_http_server/CMakeFiles/__idf_esp_http_server.dir/src/httpd_ws.c.obj
[59/1046] Linking C static library esp-idf/esp-tls/libesp-tls.a
[60/1046] Building C object esp-idf/esp_driver_sd_intf/CMakeFiles/__idf_esp_driver_sd_intf.dir/sd_host.c.obj
[6/1052] Building C object esp-idf/esp_http_server/CMakeFiles/__idf_esp_http_server.dir/src/util/ctrl_sock.c.obj
[178/1045] Building C object esp-idf/wpa_supplicant/CMakeFiles/__idf_wpa_supplicant.dir/src/rsn_supp/wpa_ie.c.obj
[179/1045] Building C object esp-idf/wpa_supplicant/CMakeFiles/__idf_wpa_supplicant.dir/src/wps/wps_attr_parse.c.obj
[7/1052] Building C object esp-idf/esp_http_client/CMakeFiles/__idf_esp_http_client.dir/lib/http_auth.c.obj
[30/1052] Linking C static library esp-idf/esp_http_server/libesp_http_server.a
[180/1045] Building C object esp-idf/wpa_supplicant/CMakeFiles/__idf_wpa_supplicant.dir/src/wps/wps_attr_process.c.obj
[31/1052] Zig build-obj: zighello -> /home/tikhon/Документы/magnolia/applets/zig/zighello/build/esp-idf/main/zighello.zig.o
0.14.0-dev.xtensa.2486+941677e08
[8/1052] Building C object esp-idf/tcp_transport/CMakeFiles/__idf_tcp_transport.dir/transport_socks_proxy.c.obj
[9/1052] Building C object esp-idf/esp_adc/CMakeFiles/__idf_esp_adc.dir/adc_cali.c.obj
[181/1045] Building C object esp-idf/wpa_supplicant/CMakeFiles/__idf_wpa_supplicant.dir/src/eap_peer/eap_peap.c.obj
[61/1046] Building C object esp-idf/driver/CMakeFiles/__idf_driver.dir/deprecated/rmt_legacy.c.obj
[32/1052] Building C object esp-idf/esp_adc/CMakeFiles/__idf_esp_adc.dir/adc_monitor.c.obj
[182/1045] Building C object esp-idf/wpa_supplicant/CMakeFiles/__idf_wpa_supplicant.dir/src/eap_peer/eap_fast_pac.c.obj
[183/1045] Building C object esp-idf/wpa_supplicant/CMakeFiles/__idf_wpa_supplicant.dir/src/utils/wpa_debug.c.obj
[10/1052] Building C object esp-idf/esp_http_server/CMakeFiles/__idf_esp_http_server.dir/src/httpd_uri.c.obj
[184/1045] Building C object esp-idf/wpa_supplicant/CMakeFiles/__idf_wpa_supplicant.dir/src/eap_peer/eap_ttls.c.obj
[33/1052] Building C object esp-idf/esp_adc/CMakeFiles/__idf_esp_adc.dir/adc_continuous.c.obj
[62/1046] Building C object esp-idf/sdmmc/CMakeFiles/__idf_sdmmc.dir/sdmmc_mmc.c.obj
[63/1046] Building C object esp-idf/sdmmc/CMakeFiles/__idf_sdmmc.dir/sdmmc_common.c.obj
[64/1046] Building C object esp-idf/sdmmc/CMakeFiles/__idf_sdmmc.dir/sdmmc_init.c.obj
[34/1052] Building C object esp-idf/esp_driver_twai/CMakeFiles/__idf_esp_driver_twai.dir/esp_twai.c.obj
[65/1046] Building C object esp-idf/esp_driver_sdspi/CMakeFiles/__idf_esp_driver_sdspi.dir/src/sdspi_host.c.obj
[35/1052] Building C object esp-idf/esp_http_client/CMakeFiles/__idf_esp_http_client.dir/esp_http_client.c.obj
[66/1046] Building C object esp-idf/sdmmc/CMakeFiles/__idf_sdmmc.dir/sd_pwr_ctrl/sd_pwr_ctrl.c.obj
[67/1046] Building C object esp-idf/driver/CMakeFiles/__idf_driver.dir/i2c/i2c.c.obj
[11/1052] Building C object esp-idf/esp_http_server/CMakeFiles/__idf_esp_http_server.dir/src/httpd_sess.c.obj
[185/1045] Building C object esp-idf/wpa_supplicant/CMakeFiles/__idf_wpa_supplicant.dir/esp_supplicant/src/esp_wpa2_api_port.c.obj
[12/1052] Building C object esp-idf/esp_adc/CMakeFiles/__idf_esp_adc.dir/adc_monitor.c.obj
[186/1045] Building C object esp-idf/wpa_supplicant/CMakeFiles/__idf_wpa_supplicant.dir/src/wps/wps.c.obj
[68/1046] Building C object esp-idf/sdmmc/CMakeFiles/__idf_sdmmc.dir/sdmmc_cmd.c.obj
[187/1045] Building C object esp-idf/wpa_supplicant/CMakeFiles/__idf_wpa_supplicant.dir/src/common/sae_pk.c.obj
[36/1052] Linking C static library esp-idf/esp_http_client/libesp_http_client.a
[13/1052] Building C object esp-idf/esp_adc/CMakeFiles/__idf_esp_adc.dir/esp32s3/curve_fitting_coefficients.c.obj
[37/1052] Building C object esp-idf/tcp_transport/CMakeFiles/__idf_tcp_transport.dir/transport_ws.c.obj
[14/1052] Building C object esp-idf/tcp_transport/CMakeFiles/__idf_tcp_transport.dir/transport_internal.c.obj
[38/1052] Building C object esp-idf/driver/CMakeFiles/__idf_driver.dir/i2c/i2c.c.obj
[69/1046] Building C object esp-idf/esp_driver_i2c/CMakeFiles/__idf_esp_driver_i2c.dir/i2c_master.c.obj
[39/1052] Building C object esp-idf/driver/CMakeFiles/__idf_driver.dir/touch_sensor/esp32s3/touch_sensor.c.obj
[40/1052] Linking C static library esp-idf/tcp_transport/libtcp_transport.a
[70/1046] Building C object esp-idf/sdmmc/CMakeFiles/__idf_sdmmc.dir/sdmmc_io.c.obj
[15/1052] Building C object esp-idf/esp_adc/CMakeFiles/__idf_esp_adc.dir/adc_common.c.obj
[16/1052] Building C object esp-idf/esp_adc/CMakeFiles/__idf_esp_adc.dir/adc_cali_curve_fitting.c.obj
[71/1046] Building C object esp-idf/esp_driver_mcpwm/CMakeFiles/__idf_esp_driver_mcpwm.dir/src/mcpwm_fault.c.obj
[188/1045] Building C object esp-idf/wpa_supplicant/CMakeFiles/__idf_wpa_supplicant.dir/src/wps/wps_attr_build.c.obj
[17/1052] Building C object esp-idf/esp-tls/CMakeFiles/__idf_esp-tls.dir/esp_tls_platform_port.c.obj
[41/1052] Building C object esp-idf/esp_driver_tsens/CMakeFiles/__idf_esp_driver_tsens.dir/src/temperature_sensor.c.obj
[18/1052] Building C object esp-idf/esp_http_server/CMakeFiles/__idf_esp_http_server.dir/src/httpd_main.c.obj
[72/1046] Building C object esp-idf/esp_driver_sdmmc/CMakeFiles/__idf_esp_driver_sdmmc.dir/src/sd_trans_sdmmc.c.obj
[19/1052] Building C object esp-idf/tcp_transport/CMakeFiles/__idf_tcp_transport.dir/transport.c.obj
[189/1045] Building C object esp-idf/wpa_supplicant/CMakeFiles/__idf_wpa_supplicant.dir/src/eap_peer/eap_fast.c.obj
[42/1052] Linking C static library esp-idf/esp_adc/libesp_adc.a
[20/1052] Building C object esp-idf/esp_adc/CMakeFiles/__idf_esp_adc.dir/adc_oneshot.c.obj
[73/1046] Building C object esp-idf/esp_driver_mcpwm/CMakeFiles/__idf_esp_driver_mcpwm.dir/src/mcpwm_cap.c.obj
[21/1052] Building C object esp-idf/esp_http_server/CMakeFiles/__idf_esp_http_server.dir/src/httpd_txrx.c.obj
Executing action: elf
Running ninja in directory /home/tikhon/Документы/magnolia/applets/zig/zigtest/build
Executing "ninja elf"...
[0/2] Re-checking globbed directories...
[190/1045] Building C object esp-idf/wpa_supplicant/CMakeFiles/__idf_wpa_supplicant.dir/esp_supplicant/src/esp_wpas_glue.c.obj
[43/1052] Building C object esp-idf/driver/CMakeFiles/__idf_driver.dir/twai/twai.c.obj
[44/1052] Building C object esp-idf/esp-tls/CMakeFiles/__idf_esp-tls.dir/esp_tls_mbedtls.c.obj
[191/1045] Building C object esp-idf/wpa_supplicant/CMakeFiles/__idf_wpa_supplicant.dir/esp_supplicant/src/esp_owe.c.obj
[192/1045] Building C object esp-idf/wpa_supplicant/CMakeFiles/__idf_wpa_supplicant.dir/src/wps/wps_common.c.obj
[74/1046] Building C object esp-idf/esp_driver_i2s/CMakeFiles/__idf_esp_driver_i2s.dir/i2s_platform.c.obj
[22/1052] Building C object esp-idf/esp_http_server/CMakeFiles/__idf_esp_http_server.dir/src/httpd_parse.c.obj
[45/1052] Building C object esp-idf/esp_driver_i2c/CMakeFiles/__idf_esp_driver_i2c.dir/i2c_common.c.obj
[23/1052] Building C object esp-idf/esp-tls/CMakeFiles/__idf_esp-tls.dir/esp-tls-crypto/esp_tls_crypto.c.obj
[24/1052] Building C object esp-idf/esp_https_ota/CMakeFiles/__idf_esp_https_ota.dir/src/esp_https_ota.c.obj
[46/1052] Building C object esp-idf/esp_driver_rmt/CMakeFiles/__idf_esp_driver_rmt.dir/src/rmt_encoder.c.obj
[193/1045] Building C object esp-idf/wpa_supplicant/CMakeFiles/__idf_wpa_supplicant.dir/src/common/sae.c.obj
[47/1052] Building C object esp-idf/esp_driver_sdspi/CMakeFiles/__idf_esp_driver_sdspi.dir/src/sdspi_crc.c.obj
[25/1052] Linking C static library esp-idf/esp_https_ota/libesp_https_ota.a
[48/1052] Building C object esp-idf/esp-tls/CMakeFiles/__idf_esp-tls.dir/esp_tls.c.obj
[49/1052] Building C object esp-idf/esp_driver_rmt/CMakeFiles/__idf_esp_driver_rmt.dir/src/rmt_encoder_copy.c.obj
[75/1046] Building C object esp-idf/http_parser/CMakeFiles/__idf_http_parser.dir/http_parser.c.obj
[50/1052] Building C object esp-idf/esp_driver_rmt/CMakeFiles/__idf_esp_driver_rmt.dir/src/rmt_encoder_bytes.c.obj
[26/1052] Building C object esp-idf/esp_adc/CMakeFiles/__idf_esp_adc.dir/gdma/adc_dma.c.obj
[51/1052] Building C object esp-idf/esp_driver_i2c/CMakeFiles/__idf_esp_driver_i2c.dir/i2c_slave.c.obj
[1/1052] Generating /home/tikhon/Документы/magnolia/applets/zig/zigtest/build/esp-idf/esp_system/ld/memory.ld linker script...
[27/1052] Building C object esp-idf/esp_adc/CMakeFiles/__idf_esp_adc.dir/adc_filter.c.obj
[2/1052] Generating /home/tikhon/Документы/magnolia/applets/zig/zigtest/build/esp-idf/esp_system/ld/sections.ld.in linker script...
[28/1052] Building C object esp-idf/tcp_transport/CMakeFiles/__idf_tcp_transport.dir/transport_ssl.c.obj
[76/1046] Building C object esp-idf/esp_driver_mcpwm/CMakeFiles/__idf_esp_driver_mcpwm.dir/src/mcpwm_gen.c.obj
[52/1052] Building C object esp-idf/esp_driver_sdm/CMakeFiles/__idf_esp_driver_sdm.dir/src/sdm.c.obj
[29/1052] Linking C static library esp-idf/esp_http_server/libesp_http_server.a
[77/1046] Linking C static library esp-idf/http_parser/libhttp_parser.a
[194/1045] Building C object esp-idf/wpa_supplicant/CMakeFiles/__idf_wpa_supplicant.dir/src/crypto/rc4.c.obj
[195/1045] Building C object esp-idf/wpa_supplicant/CMakeFiles/__idf_wpa_supplicant.dir/src/rsn_supp/wpa.c.obj
[53/1052] Linking C static library esp-idf/esp-tls/libesp-tls.a
[30/1052] Building C object esp-idf/esp-tls/CMakeFiles/__idf_esp-tls.dir/esp_tls_error_capture.c.obj
[196/1045] Building C object esp-idf/wpa_supplicant/CMakeFiles/__idf_wpa_supplicant.dir/src/wps/wps_dev_attr.c.obj
[78/1046] Building C object esp-idf/esp_driver_mcpwm/CMakeFiles/__idf_esp_driver_mcpwm.dir/src/mcpwm_sync.c.obj
[197/1045] Building C object esp-idf/wpa_supplicant/CMakeFiles/__idf_wpa_supplicant.dir/esp_supplicant/src/crypto/fastpsk.c.obj
[79/1046] Building C object esp-idf/esp_gdbstub/CMakeFiles/__idf_esp_gdbstub.dir/src/gdbstub.c.obj
[54/1052] Building C object esp-idf/esp_driver_rmt/CMakeFiles/__idf_esp_driver_rmt.dir/src/rmt_common.c.obj
[80/1046] Building C object esp-idf/esp_driver_mcpwm/CMakeFiles/__idf_esp_driver_mcpwm.dir/src/mcpwm_timer.c.obj
[198/1045] Building C object esp-idf/wpa_supplicant/CMakeFiles/__idf_wpa_supplicant.dir/esp_supplicant/src/esp_wpa_main.c.obj
[55/1052] Building C object esp-idf/esp_driver_sd_intf/CMakeFiles/__idf_esp_driver_sd_intf.dir/sd_host.c.obj
[81/1046] Building ASM object esp-idf/esp_gdbstub/CMakeFiles/__idf_esp_gdbstub.dir/src/port/xtensa/gdbstub-entry.S.obj
[82/1046] Building C object esp-idf/esp_driver_i2s/CMakeFiles/__idf_esp_driver_i2s.dir/i2s_std.c.obj
[83/1046] Building C object esp-idf/esp_driver_mcpwm/CMakeFiles/__idf_esp_driver_mcpwm.dir/src/mcpwm_cmpr.c.obj
[199/1045] Building C object esp-idf/wpa_supplicant/CMakeFiles/__idf_wpa_supplicant.dir/esp_supplicant/src/esp_common.c.obj
[84/1046] Linking C static library esp-idf/driver/libdriver.a
[3/1052] Building C object esp-idf/esp_http_client/CMakeFiles/__idf_esp_http_client.dir/lib/http_header.c.obj
[200/1045] Linking C static library esp-idf/esp_coex/libesp_coex.a
[85/1046] Building ASM object esp-idf/esp_gdbstub/CMakeFiles/__idf_esp_gdbstub.dir/src/port/xtensa/xt_debugexception.S.obj
[31/1052] Zig build-obj: zigdemo -> /home/tikhon/Документы/magnolia/applets/zig/zigdemo/build/esp-idf/main/zigdemo.zig.o
0.14.0-dev.xtensa.2486+941677e08
[86/1046] Building C object esp-idf/esp_gdbstub/CMakeFiles/__idf_esp_gdbstub.dir/src/gdbstub_transport.c.obj
[56/1052] Building C object esp-idf/sdmmc/CMakeFiles/__idf_sdmmc.dir/sdmmc_init.c.obj
[87/1046] Building C object esp-idf/esp_gdbstub/CMakeFiles/__idf_esp_gdbstub.dir/src/packet.c.obj
[57/1052] Building C object esp-idf/esp_driver_rmt/CMakeFiles/__idf_esp_driver_rmt.dir/src/rmt_encoder_simple.c.obj
[201/1045] Building C object esp-idf/wpa_supplicant/CMakeFiles/__idf_wpa_supplicant.dir/esp_supplicant/src/crypto/tls_mbedtls.c.obj
[4/1052] Building C object esp-idf/esp_http_server/CMakeFiles/__idf_esp_http_server.dir/src/httpd_sess.c.obj
[88/1046] Building C object esp-idf/esp_driver_mcpwm/CMakeFiles/__idf_esp_driver_mcpwm.dir/src/mcpwm_com.c.obj
[58/1052] Building C object esp-idf/esp_driver_twai/CMakeFiles/__idf_esp_driver_twai.dir/esp_twai_onchip.c.obj
[89/1046] Linking C static library esp-idf/esp_driver_twai/libesp_driver_twai.a
[202/1045] Building C object esp-idf/esp_netif/CMakeFiles/__idf_esp_netif.dir/esp_netif_objects.c.obj
[90/1046] Building C object esp-idf/sdmmc/CMakeFiles/__idf_sdmmc.dir/sdmmc_sd.c.obj
[59/1052] Building C object esp-idf/esp_driver_sdspi/CMakeFiles/__idf_esp_driver_sdspi.dir/src/sdspi_transaction.c.obj
[203/1045] Building C object esp-idf/wpa_supplicant/CMakeFiles/__idf_wpa_supplicant.dir/esp_supplicant/src/esp_hostap.c.obj
[91/1046] Building C object esp-idf/esp_wifi/CMakeFiles/__idf_esp_wifi.dir/src/lib_printf.c.obj
[32/1052] Building C object esp-idf/tcp_transport/CMakeFiles/__idf_tcp_transport.dir/transport_ws.c.obj
[33/1052] Building C object esp-idf/driver/CMakeFiles/__idf_driver.dir/touch_sensor/touch_sensor_common.c.obj
[92/1046] Linking C static library esp-idf/esp_driver_ledc/libesp_driver_ledc.a
[60/1052] Building C object esp-idf/esp_driver_sdspi/CMakeFiles/__idf_esp_driver_sdspi.dir/src/sdspi_host.c.obj
[93/1046] Building C object esp-idf/esp_driver_i2s/CMakeFiles/__idf_esp_driver_i2s.dir/i2s_tdm.c.obj
[5/1052] Building C object esp-idf/esp_http_server/CMakeFiles/__idf_esp_http_server.dir/src/httpd_txrx.c.obj
[34/1052] Building C object esp-idf/esp_adc/CMakeFiles/__idf_esp_adc.dir/adc_continuous.c.obj
[204/1045] Building C object esp-idf/wpa_supplicant/CMakeFiles/__idf_wpa_supplicant.dir/src/wps/wps_enrollee.c.obj
[205/1045] Building C object esp-idf/esp_netif/CMakeFiles/__idf_esp_netif.dir/esp_netif_defaults.c.obj
[6/1052] Building C object esp-idf/esp_http_server/CMakeFiles/__idf_esp_http_server.dir/src/httpd_ws.c.obj
[61/1052] Building C object esp-idf/esp_driver_ledc/CMakeFiles/__idf_esp_driver_ledc.dir/src/ledc.c.obj
[62/1052] Building C object esp-idf/sdmmc/CMakeFiles/__idf_sdmmc.dir/sd_pwr_ctrl/sd_pwr_ctrl.c.obj
[206/1045] Building C object esp-idf/wpa_supplicant/CMakeFiles/__idf_wpa_supplicant.dir/esp_supplicant/src/esp_wpa3.c.obj
[207/1045] Building C object esp-idf/wpa_supplicant/CMakeFiles/__idf_wpa_supplicant.dir/src/crypto/aes-wrap.c.obj
[94/1046] Building C object esp-idf/esp_gdbstub/CMakeFiles/__idf_esp_gdbstub.dir/src/port/xtensa/gdbstub_xtensa.c.obj
[7/1052] Building C object esp-idf/esp_http_client/CMakeFiles/__idf_esp_http_client.dir/lib/http_utils.c.obj
[63/1052] Building C object esp-idf/esp_driver_sdmmc/CMakeFiles/__idf_esp_driver_sdmmc.dir/legacy/src/sdmmc_transaction.c.obj
[95/1046] Linking C static library esp-idf/esp_driver_i2c/libesp_driver_i2c.a
[208/1045] Building C object esp-idf/wpa_supplicant/CMakeFiles/__idf_wpa_supplicant.dir/esp_supplicant/src/crypto/crypto_mbedtls-bignum.c.obj
[8/1052] Building C object esp-idf/esp_http_server/CMakeFiles/__idf_esp_http_server.dir/src/util/ctrl_sock.c.obj
[9/1052] Building C object esp-idf/esp_adc/CMakeFiles/__idf_esp_adc.dir/adc_cali.c.obj
[209/1045] Building C object esp-idf/wpa_supplicant/CMakeFiles/__idf_wpa_supplicant.dir/esp_supplicant/src/crypto/crypto_mbedtls.c.obj
[210/1045] Building C object esp-idf/wpa_supplicant/CMakeFiles/__idf_wpa_supplicant.dir/src/crypto/des-internal.c.obj
[211/1045] Building C object esp-idf/wpa_supplicant/CMakeFiles/__idf_wpa_supplicant.dir/src/crypto/aes-unwrap.c.obj
[64/1052] Building C object esp-idf/sdmmc/CMakeFiles/__idf_sdmmc.dir/sdmmc_io.c.obj
[96/1046] Building C object esp-idf/esp_wifi/CMakeFiles/__idf_esp_wifi.dir/src/mesh_event.c.obj
[212/1045] Building C object esp-idf/esp_netif/CMakeFiles/__idf_esp_netif.dir/lwip/esp_netif_sntp.c.obj
[35/1052] Building C object esp-idf/esp_driver_twai/CMakeFiles/__idf_esp_driver_twai.dir/esp_twai.c.obj
[97/1046] Building C object esp-idf/esp_driver_mcpwm/CMakeFiles/__idf_esp_driver_mcpwm.dir/src/mcpwm_oper.c.obj
[98/1046] Linking C static library esp-idf/esp_driver_sdm/libesp_driver_sdm.a
[10/1052] Building C object esp-idf/esp_adc/CMakeFiles/__idf_esp_adc.dir/adc_common.c.obj
[99/1046] Building C object esp-idf/esp_driver_rmt/CMakeFiles/__idf_esp_driver_rmt.dir/src/rmt_tx.c.obj
[213/1045] Building C object esp-idf/wpa_supplicant/CMakeFiles/__idf_wpa_supplicant.dir/esp_supplicant/src/crypto/fastpbkdf2.c.obj
[11/1052] Building C object esp-idf/tcp_transport/CMakeFiles/__idf_tcp_transport.dir/transport_socks_proxy.c.obj
[214/1045] Building C object esp-idf/esp_netif/CMakeFiles/__idf_esp_netif.dir/esp_netif_handlers.c.obj
[100/1046] Building C object esp-idf/esp_wifi/CMakeFiles/__idf_esp_wifi.dir/src/smartconfig.c.obj
[215/1045] Building C object esp-idf/wpa_supplicant/CMakeFiles/__idf_wpa_supplicant.dir/esp_supplicant/src/crypto/crypto_mbedtls-rsa.c.obj
[65/1052] Building C object esp-idf/esp_driver_sdmmc/CMakeFiles/__idf_esp_driver_sdmmc.dir/legacy/src/sdmmc_host.c.obj
[12/1052] Building C object esp-idf/esp_http_client/CMakeFiles/__idf_esp_http_client.dir/lib/http_auth.c.obj
[216/1045] Building C object esp-idf/wpa_supplicant/CMakeFiles/__idf_wpa_supplicant.dir/src/crypto/aes-ccm.c.obj
[36/1052] Building C object esp-idf/esp_driver_rmt/CMakeFiles/__idf_esp_driver_rmt.dir/src/rmt_common.c.obj
[101/1046] Linking C static library esp-idf/esp_driver_tsens/libesp_driver_tsens.a
[217/1045] Building C object esp-idf/wpa_supplicant/CMakeFiles/__idf_wpa_supplicant.dir/esp_supplicant/src/esp_eap_client.c.obj
[102/1046] Building C object esp-idf/esp_driver_spi/CMakeFiles/__idf_esp_driver_spi.dir/src/gpspi/spi_common.c.obj
[218/1045] Building C object esp-idf/lwip/CMakeFiles/__idf_lwip.dir/apps/sntp/sntp.c.obj
[13/1052] Building C object esp-idf/esp_http_server/CMakeFiles/__idf_esp_http_server.dir/src/httpd_uri.c.obj
[219/1045] Building C object esp-idf/lwip/CMakeFiles/__idf_lwip.dir/lwip/src/api/netbuf.c.obj
[103/1046] Building C object esp-idf/esp_coex/CMakeFiles/__idf_esp_coex.dir/src/coexist_debug_diagram.c.obj
[104/1046] Building C object esp-idf/esp_wifi/CMakeFiles/__idf_esp_wifi.dir/src/wifi_default_ap.c.obj
[66/1052] Building C object esp-idf/esp_driver_sdmmc/CMakeFiles/__idf_esp_driver_sdmmc.dir/src/sd_trans_sdmmc.c.obj
[105/1046] Building C object esp-idf/esp_driver_sdmmc/CMakeFiles/__idf_esp_driver_sdmmc.dir/src/sd_host_sdmmc.c.obj
[37/1052] Building C object esp-idf/esp_driver_i2c/CMakeFiles/__idf_esp_driver_i2c.dir/i2c_common.c.obj
[67/1052] Building C object esp-idf/esp_driver_mcpwm/CMakeFiles/__idf_esp_driver_mcpwm.dir/src/mcpwm_cmpr.c.obj
[106/1046] Linking C static library esp-idf/esp_driver_rmt/libesp_driver_rmt.a
[38/1052] Building C object esp-idf/driver/CMakeFiles/__idf_driver.dir/twai/twai.c.obj
[14/1052] Building C object esp-idf/esp_adc/CMakeFiles/__idf_esp_adc.dir/adc_cali_curve_fitting.c.obj
[220/1045] Building C object esp-idf/lwip/CMakeFiles/__idf_lwip.dir/lwip/src/api/err.c.obj
[39/1052] Building C object esp-idf/esp_driver_i2c/CMakeFiles/__idf_esp_driver_i2c.dir/i2c_master.c.obj
[15/1052] Building C object esp-idf/esp_adc/CMakeFiles/__idf_esp_adc.dir/esp32s3/curve_fitting_coefficients.c.obj
[16/1052] Building C object esp-idf/tcp_transport/CMakeFiles/__idf_tcp_transport.dir/transport_internal.c.obj
[221/1045] Building C object esp-idf/esp_netif/CMakeFiles/__idf_esp_netif.dir/lwip/netif/esp_pbuf_ref.c.obj
[222/1045] Building C object esp-idf/esp_netif/CMakeFiles/__idf_esp_netif.dir/lwip/netif/wlanif.c.obj
[17/1052] Building C object esp-idf/esp_adc/CMakeFiles/__idf_esp_adc.dir/adc_continuous.c.obj
[107/1046] Linking C static library esp-idf/esp_driver_sdspi/libesp_driver_sdspi.a
[108/1046] Building C object esp-idf/esp_wifi/CMakeFiles/__idf_esp_wifi.dir/src/wifi_init.c.obj
[68/1052] Building C object esp-idf/sdmmc/CMakeFiles/__idf_sdmmc.dir/sdmmc_cmd.c.obj
[223/1045] Building C object esp-idf/esp_netif/CMakeFiles/__idf_esp_netif.dir/lwip/esp_netif_lwip_defaults.c.obj
[69/1052] Building C object esp-idf/driver/CMakeFiles/__idf_driver.dir/deprecated/rmt_legacy.c.obj
[109/1046] Building C object esp-idf/esp_driver_i2s/CMakeFiles/__idf_esp_driver_i2s.dir/i2s_pdm.c.obj
[40/1052] Building C object esp-idf/esp_driver_rmt/CMakeFiles/__idf_esp_driver_rmt.dir/src/rmt_encoder.c.obj
[41/1052] Building C object esp-idf/esp-tls/CMakeFiles/__idf_esp-tls.dir/esp_tls.c.obj
[110/1046] Building C object esp-idf/esp_wifi/CMakeFiles/__idf_esp_wifi.dir/src/wifi_netif.c.obj
[18/1052] Building C object esp-idf/esp_adc/CMakeFiles/__idf_esp_adc.dir/gdma/adc_dma.c.obj
[70/1052] Building C object esp-idf/sdmmc/CMakeFiles/__idf_sdmmc.dir/sdmmc_common.c.obj
[71/1052] Building C object esp-idf/esp_driver_rmt/CMakeFiles/__idf_esp_driver_rmt.dir/src/rmt_rx.c.obj
[224/1045] Building C object esp-idf/lwip/CMakeFiles/__idf_lwip.dir/lwip/src/api/if_api.c.obj
[111/1046] Linking C static library esp-idf/esp_driver_sdmmc/libesp_driver_sdmmc.a
[225/1045] Building C object esp-idf/esp_netif/CMakeFiles/__idf_esp_netif.dir/lwip/netif/ethernetif.c.obj
[42/1052] Building C object esp-idf/esp_driver_sdm/CMakeFiles/__idf_esp_driver_sdm.dir/src/sdm.c.obj
[72/1052] Building C object esp-idf/sdmmc/CMakeFiles/__idf_sdmmc.dir/sdmmc_mmc.c.obj
[43/1052] Building C object esp-idf/esp_driver_sdspi/CMakeFiles/__idf_esp_driver_sdspi.dir/src/sdspi_crc.c.obj
[112/1046] Building C object esp-idf/esp_driver_pcnt/CMakeFiles/__idf_esp_driver_pcnt.dir/src/pulse_cnt.c.obj
[19/1052] Building C object esp-idf/tcp_transport/CMakeFiles/__idf_tcp_transport.dir/transport.c.obj
[113/1046] Building C object esp-idf/esp_wifi/CMakeFiles/__idf_esp_wifi.dir/regulatory/esp_wifi_regulatory.c.obj
[44/1052] Building C object esp-idf/esp-tls/CMakeFiles/__idf_esp-tls.dir/esp_tls_mbedtls.c.obj
[20/1052] Building C object esp-idf/tcp_transport/CMakeFiles/__idf_tcp_transport.dir/transport_ssl.c.obj
[114/1046] Building C object esp-idf/esp_coex/CMakeFiles/__idf_esp_coex.dir/src/coexist_debug.c.obj
[115/1046] Linking C static library esp-idf/esp_driver_sd_intf/libesp_driver_sd_intf.a
[21/1052] Building C object esp-idf/esp_adc/CMakeFiles/__idf_esp_adc.dir/adc_oneshot.c.obj
[45/1052] Building C object esp-idf/esp_http_client/CMakeFiles/__idf_esp_http_client.dir/esp_http_client.c.obj
[22/1052] Building C object esp-idf/esp_https_ota/CMakeFiles/__idf_esp_https_ota.dir/src/esp_https_ota.c.obj
[23/1052] Building C object esp-idf/esp_http_server/CMakeFiles/__idf_esp_http_server.dir/src/httpd_parse.c.obj
[226/1045] Building C object esp-idf/lwip/CMakeFiles/__idf_lwip.dir/lwip/src/core/inet_chksum.c.obj
[24/1052] Building C object esp-idf/esp-tls/CMakeFiles/__idf_esp-tls.dir/esp-tls-crypto/esp_tls_crypto.c.obj
[46/1052] Building C object esp-idf/esp_driver_i2c/CMakeFiles/__idf_esp_driver_i2c.dir/i2c_slave.c.obj
[227/1045] Building C object esp-idf/wpa_supplicant/CMakeFiles/__idf_wpa_supplicant.dir/esp_supplicant/src/crypto/crypto_mbedtls-ec.c.obj
[25/1052] Building C object esp-idf/esp-tls/CMakeFiles/__idf_esp-tls.dir/esp_tls_platform_port.c.obj
[116/1046] Building C object esp-idf/esp_wifi/CMakeFiles/__idf_esp_wifi.dir/src/wifi_default.c.obj
[26/1052] Building C object esp-idf/esp_http_server/CMakeFiles/__idf_esp_http_server.dir/src/httpd_main.c.obj
[27/1052] Building C object esp-idf/esp-tls/CMakeFiles/__idf_esp-tls.dir/esp_tls.c.obj
[47/1052] Linking C static library esp-idf/esp_http_client/libesp_http_client.a
[73/1052] Building C object esp-idf/esp_driver_i2s/CMakeFiles/__idf_esp_driver_i2s.dir/i2s_platform.c.obj
[48/1052] Building C object esp-idf/esp_driver_twai/CMakeFiles/__idf_esp_driver_twai.dir/esp_twai_onchip.c.obj
[28/1052] Linking C static library esp-idf/esp_https_ota/libesp_https_ota.a
[117/1046] Linking C static library esp-idf/sdmmc/libsdmmc.a
[74/1052] Building C object esp-idf/esp_driver_mcpwm/CMakeFiles/__idf_esp_driver_mcpwm.dir/src/mcpwm_fault.c.obj
[228/1045] Building C object esp-idf/lwip/CMakeFiles/__idf_lwip.dir/lwip/src/core/def.c.obj
[118/1046] Building C object esp-idf/esp_driver_i2s/CMakeFiles/__idf_esp_driver_i2s.dir/i2s_common.c.obj
[229/1045] Building C object esp-idf/lwip/CMakeFiles/__idf_lwip.dir/lwip/src/core/mem.c.obj
[49/1052] Building C object esp-idf/esp_driver_rmt/CMakeFiles/__idf_esp_driver_rmt.dir/src/rmt_encoder_bytes.c.obj
[230/1045] Building C object esp-idf/lwip/CMakeFiles/__idf_lwip.dir/lwip/src/api/netifapi.c.obj
[119/1046] Building C object esp-idf/esp_coex/CMakeFiles/__idf_esp_coex.dir/esp32s3/esp_coex_adapter.c.obj
[50/1052] Building C object esp-idf/esp_driver_tsens/CMakeFiles/__idf_esp_driver_tsens.dir/src/temperature_sensor.c.obj
[29/1052] Linking C static library esp-idf/esp_http_server/libesp_http_server.a
[51/1052] Building C object esp-idf/esp_driver_sdmmc/CMakeFiles/__idf_esp_driver_sdmmc.dir/legacy/src/sdmmc_host.c.obj
[52/1052] Linking C static library esp-idf/tcp_transport/libtcp_transport.a
[75/1052] Building C object esp-idf/esp_driver_i2s/CMakeFiles/__idf_esp_driver_i2s.dir/i2s_std.c.obj
[76/1052] Building C object esp-idf/esp_driver_i2c/CMakeFiles/__idf_esp_driver_i2c.dir/i2c_master.c.obj
[53/1052] Building C object esp-idf/driver/CMakeFiles/__idf_driver.dir/touch_sensor/esp32s3/touch_sensor.c.obj
[120/1046] Building C object esp-idf/esp_wifi/CMakeFiles/__idf_esp_wifi.dir/src/smartconfig_ack.c.obj
[77/1052] Building C object esp-idf/sdmmc/CMakeFiles/__idf_sdmmc.dir/sdmmc_sd.c.obj
[231/1045] Building C object esp-idf/lwip/CMakeFiles/__idf_lwip.dir/lwip/src/apps/netbiosns/netbiosns.c.obj
[121/1046] Linking C static library esp-idf/esp_driver_i2s/libesp_driver_i2s.a
[54/1052] Building C object esp-idf/esp_driver_sdspi/CMakeFiles/__idf_esp_driver_sdspi.dir/src/sdspi_host.c.obj
[232/1045] Building C object esp-idf/wpa_supplicant/CMakeFiles/__idf_wpa_supplicant.dir/esp_supplicant/src/esp_wps.c.obj
[55/1052] Building C object esp-idf/esp_driver_rmt/CMakeFiles/__idf_esp_driver_rmt.dir/src/rmt_encoder_copy.c.obj
[56/1052] Building C object esp-idf/esp_driver_sdspi/CMakeFiles/__idf_esp_driver_sdspi.dir/src/sdspi_transaction.c.obj
[122/1046] Building C object esp-idf/wpa_supplicant/CMakeFiles/__idf_wpa_supplicant.dir/port/os_xtensa.c.obj
[78/1052] Building C object esp-idf/esp_driver_mcpwm/CMakeFiles/__idf_esp_driver_mcpwm.dir/src/mcpwm_com.c.obj
[30/1052] Zig build-obj: zigtest -> /home/tikhon/Документы/magnolia/applets/zig/zigtest/build/esp-idf/main/zigtest.zig.o
0.14.0-dev.xtensa.2486+941677e08
[79/1052] Building C object esp-idf/esp_driver_i2s/CMakeFiles/__idf_esp_driver_i2s.dir/i2s_tdm.c.obj
[31/1052] Building C object esp-idf/esp_adc/CMakeFiles/__idf_esp_adc.dir/adc_monitor.c.obj
[32/1052] Building C object esp-idf/esp-tls/CMakeFiles/__idf_esp-tls.dir/esp_tls_error_capture.c.obj
[123/1046] Building C object esp-idf/esp_driver_spi/CMakeFiles/__idf_esp_driver_spi.dir/src/gpspi/spi_slave_hd.c.obj
[233/1045] Building C object esp-idf/lwip/CMakeFiles/__idf_lwip.dir/lwip/src/core/init.c.obj
[80/1052] Building C object esp-idf/esp_driver_rmt/CMakeFiles/__idf_esp_driver_rmt.dir/src/rmt_tx.c.obj
[57/1052] Linking C static library esp-idf/esp_adc/libesp_adc.a
[81/1052] Building ASM object esp-idf/esp_gdbstub/CMakeFiles/__idf_esp_gdbstub.dir/src/port/xtensa/gdbstub-entry.S.obj
Executing action: all (aliases: build)
Running ninja in directory /home/tikhon/Документы/magnolia/applets/rust/rxxd/build
Executing "ninja all"...
[0/2] Re-checking globbed directories...
[234/1045] Building C object esp-idf/lwip/CMakeFiles/__idf_lwip.dir/lwip/src/api/tcpip.c.obj
[58/1052] Building C object esp-idf/esp_driver_rmt/CMakeFiles/__idf_esp_driver_rmt.dir/src/rmt_encoder_simple.c.obj
[33/1052] Building C object esp-idf/esp_adc/CMakeFiles/__idf_esp_adc.dir/adc_filter.c.obj
[82/1052] Building C object esp-idf/http_parser/CMakeFiles/__idf_http_parser.dir/http_parser.c.obj
[235/1045] Building C object esp-idf/lwip/CMakeFiles/__idf_lwip.dir/lwip/src/apps/sntp/sntp.c.obj
[83/1052] Building C object esp-idf/esp_gdbstub/CMakeFiles/__idf_esp_gdbstub.dir/src/gdbstub.c.obj
[84/1052] Building C object esp-idf/esp_gdbstub/CMakeFiles/__idf_esp_gdbstub.dir/src/gdbstub_transport.c.obj
[85/1052] Building ASM object esp-idf/esp_gdbstub/CMakeFiles/__idf_esp_gdbstub.dir/src/port/xtensa/xt_debugexception.S.obj
[124/1046] Building C object esp-idf/wpa_supplicant/CMakeFiles/__idf_wpa_supplicant.dir/src/common/dragonfly.c.obj
[125/1046] Building C object esp-idf/esp_driver_spi/CMakeFiles/__idf_esp_driver_spi.dir/src/gpspi/spi_slave.c.obj
[34/1052] Building C object esp-idf/esp_driver_i2c/CMakeFiles/__idf_esp_driver_i2c.dir/i2c_common.c.obj
[86/1052] Building C object esp-idf/esp_driver_sdmmc/CMakeFiles/__idf_esp_driver_sdmmc.dir/src/sd_host_sdmmc.c.obj
[236/1045] Building C object esp-idf/lwip/CMakeFiles/__idf_lwip.dir/lwip/src/api/netdb.c.obj
[126/1046] Linking C static library esp-idf/esp_driver_mcpwm/libesp_driver_mcpwm.a
[87/1052] Building C object esp-idf/esp_driver_mcpwm/CMakeFiles/__idf_esp_driver_mcpwm.dir/src/mcpwm_cap.c.obj
[237/1045] Building C object esp-idf/lwip/CMakeFiles/__idf_lwip.dir/lwip/src/core/pbuf.c.obj
[59/1052] Building C object esp-idf/esp_driver_sdmmc/CMakeFiles/__idf_esp_driver_sdmmc.dir/legacy/src/sdmmc_transaction.c.obj
[60/1052] Linking C static library esp-idf/esp-tls/libesp-tls.a
[88/1052] Building C object esp-idf/esp_gdbstub/CMakeFiles/__idf_esp_gdbstub.dir/src/packet.c.obj
[238/1045] Building C object esp-idf/lwip/CMakeFiles/__idf_lwip.dir/lwip/src/core/ip.c.obj
[127/1046] Building C object esp-idf/wpa_supplicant/CMakeFiles/__idf_wpa_supplicant.dir/src/ap/ap_config.c.obj
[89/1052] Linking C static library esp-idf/http_parser/libhttp_parser.a
[128/1046] Building C object esp-idf/esp_wifi/CMakeFiles/__idf_esp_wifi.dir/esp32s3/esp_adapter.c.obj
[61/1052] Building C object esp-idf/esp_driver_sdmmc/CMakeFiles/__idf_esp_driver_sdmmc.dir/src/sd_trans_sdmmc.c.obj
[129/1046] Building C object esp-idf/wpa_supplicant/CMakeFiles/__idf_wpa_supplicant.dir/src/ap/sta_info.c.obj
[239/1045] Building C object esp-idf/lwip/CMakeFiles/__idf_lwip.dir/lwip/src/core/sys.c.obj
[35/1052] Building C object esp-idf/esp_driver_twai/CMakeFiles/__idf_esp_driver_twai.dir/esp_twai.c.obj
[130/1046] Building C object esp-idf/wpa_supplicant/CMakeFiles/__idf_wpa_supplicant.dir/port/eloop.c.obj
[131/1046] Linking C static library esp-idf/esp_driver_pcnt/libesp_driver_pcnt.a
[240/1045] Building C object esp-idf/lwip/CMakeFiles/__idf_lwip.dir/lwip/src/api/api_lib.c.obj
[241/1045] Building C object esp-idf/lwip/CMakeFiles/__idf_lwip.dir/lwip/src/core/memp.c.obj
[132/1046] Building C object esp-idf/wpa_supplicant/CMakeFiles/__idf_wpa_supplicant.dir/src/ap/comeback_token.c.obj
[62/1052] Building C object esp-idf/sdmmc/CMakeFiles/__idf_sdmmc.dir/sd_pwr_ctrl/sd_pwr_ctrl.c.obj
[133/1046] Building C object esp-idf/wpa_supplicant/CMakeFiles/__idf_wpa_supplicant.dir/src/ap/pmksa_cache_auth.c.obj
[242/1045] Linking C static library esp-idf/wpa_supplicant/libwpa_supplicant.a
[134/1046] Linking C static library esp-idf/esp_gdbstub/libesp_gdbstub.a
[243/1045] Building C object esp-idf/lwip/CMakeFiles/__idf_lwip.dir/lwip/src/core/ipv4/autoip.c.obj
[90/1052] Building C object esp-idf/esp_driver_mcpwm/CMakeFiles/__idf_esp_driver_mcpwm.dir/src/mcpwm_timer.c.obj
[135/1046] Building C object esp-idf/wpa_supplicant/CMakeFiles/__idf_wpa_supplicant.dir/src/crypto/ccmp.c.obj
[244/1045] Building C object esp-idf/lwip/CMakeFiles/__idf_lwip.dir/lwip/src/core/stats.c.obj
[91/1052] Linking C static library esp-idf/driver/libdriver.a
[136/1046] Building C object esp-idf/wpa_supplicant/CMakeFiles/__idf_wpa_supplicant.dir/src/ap/ieee802_1x.c.obj
[92/1052] Building C object esp-idf/esp_driver_mcpwm/CMakeFiles/__idf_esp_driver_mcpwm.dir/src/mcpwm_oper.c.obj
[63/1052] Building C object esp-idf/esp_driver_rmt/CMakeFiles/__idf_esp_driver_rmt.dir/src/rmt_rx.c.obj
[93/1052] Building C object esp-idf/esp_gdbstub/CMakeFiles/__idf_esp_gdbstub.dir/src/port/xtensa/gdbstub_xtensa.c.obj
[94/1052] Building C object esp-idf/esp_wifi/CMakeFiles/__idf_esp_wifi.dir/src/lib_printf.c.obj
[137/1046] Building C object esp-idf/wpa_supplicant/CMakeFiles/__idf_wpa_supplicant.dir/src/ap/wpa_auth_ie.c.obj
[95/1052] Linking C static library esp-idf/esp_driver_twai/libesp_driver_twai.a
[96/1052] Linking C static library esp-idf/esp_driver_ledc/libesp_driver_ledc.a
[97/1052] Building C object esp-idf/esp_driver_spi/CMakeFiles/__idf_esp_driver_spi.dir/src/gpspi/spi_master.c.obj
[98/1052] Building C object esp-idf/esp_driver_mcpwm/CMakeFiles/__idf_esp_driver_mcpwm.dir/src/mcpwm_sync.c.obj
[245/1045] Building C object esp-idf/lwip/CMakeFiles/__idf_lwip.dir/lwip/src/core/ipv4/igmp.c.obj
[64/1052] Building C object esp-idf/esp_driver_sd_intf/CMakeFiles/__idf_esp_driver_sd_intf.dir/sd_host.c.obj
[36/1052] Building C object esp-idf/tcp_transport/CMakeFiles/__idf_tcp_transport.dir/transport_ws.c.obj
[246/1045] Building C object esp-idf/lwip/CMakeFiles/__idf_lwip.dir/lwip/src/core/ipv4/ip4_napt.c.obj
[65/1052] Building C object esp-idf/sdmmc/CMakeFiles/__idf_sdmmc.dir/sdmmc_init.c.obj
[37/1052] Building C object esp-idf/esp_http_client/CMakeFiles/__idf_esp_http_client.dir/esp_http_client.c.obj
[247/1045] Building C object esp-idf/lwip/CMakeFiles/__idf_lwip.dir/lwip/src/core/raw.c.obj
[99/1052] Building C object esp-idf/esp_wifi/CMakeFiles/__idf_esp_wifi.dir/src/mesh_event.c.obj
[38/1052] Building C object esp-idf/driver/CMakeFiles/__idf_driver.dir/touch_sensor/touch_sensor_common.c.obj
[39/1052] Building C object esp-idf/esp_driver_tsens/CMakeFiles/__idf_esp_driver_tsens.dir/src/temperature_sensor.c.obj
[40/1052] Building C object esp-idf/esp_driver_sdm/CMakeFiles/__idf_esp_driver_sdm.dir/src/sdm.c.obj
[100/1052] Linking C static library esp-idf/esp_driver_i2c/libesp_driver_i2c.a
[138/1046] Building C object esp-idf/esp_driver_spi/CMakeFiles/__idf_esp_driver_spi.dir/src/gpspi/spi_master.c.obj
[101/1052] Building C object esp-idf/esp_driver_i2s/CMakeFiles/__idf_esp_driver_i2s.dir/i2s_pdm.c.obj
[102/1052] Building C object esp-idf/esp_driver_i2s/CMakeFiles/__idf_esp_driver_i2s.dir/i2s_common.c.obj
[139/1046] Building C object esp-idf/wpa_supplicant/CMakeFiles/__idf_wpa_supplicant.dir/src/crypto/crypto_ops.c.obj
[103/1052] Building C object esp-idf/esp_coex/CMakeFiles/__idf_esp_coex.dir/src/coexist_debug_diagram.c.obj
[41/1052] Linking C static library esp-idf/esp_http_client/libesp_http_client.a
[140/1046] Building C object esp-idf/wpa_supplicant/CMakeFiles/__idf_wpa_supplicant.dir/src/crypto/sha256-prf.c.obj
[141/1046] Building C object esp-idf/wpa_supplicant/CMakeFiles/__idf_wpa_supplicant.dir/src/crypto/dh_group5.c.obj
[104/1052] Building C object esp-idf/esp_wifi/CMakeFiles/__idf_esp_wifi.dir/src/wifi_init.c.obj
[248/1045] Building C object esp-idf/lwip/CMakeFiles/__idf_lwip.dir/lwip/src/core/netif.c.obj
[105/1052] Building C object esp-idf/esp_wifi/CMakeFiles/__idf_esp_wifi.dir/src/wifi_default_ap.c.obj
[249/1045] Building C object esp-idf/lwip/CMakeFiles/__idf_lwip.dir/lwip/src/core/ipv6/dhcp6.c.obj
[106/1052] Linking C static library esp-idf/esp_driver_sdm/libesp_driver_sdm.a
[142/1046] Linking C static library esp-idf/esp_driver_spi/libesp_driver_spi.a
[107/1052] Building C object esp-idf/esp_wifi/CMakeFiles/__idf_esp_wifi.dir/src/smartconfig.c.obj
[250/1045] Building C object esp-idf/lwip/CMakeFiles/__idf_lwip.dir/lwip/src/core/timeouts.c.obj
[143/1046] Building C object esp-idf/wpa_supplicant/CMakeFiles/__idf_wpa_supplicant.dir/src/crypto/aes-siv.c.obj
[42/1052] Linking C static library esp-idf/tcp_transport/libtcp_transport.a
[144/1046] Building C object esp-idf/wpa_supplicant/CMakeFiles/__idf_wpa_supplicant.dir/src/crypto/sha1-tlsprf.c.obj
[43/1052] Building C object esp-idf/esp_driver_rmt/CMakeFiles/__idf_esp_driver_rmt.dir/src/rmt_encoder.c.obj
[108/1052] Building C object esp-idf/esp_wifi/CMakeFiles/__idf_esp_wifi.dir/src/wifi_default.c.obj
[109/1052] Building C object esp-idf/esp_driver_pcnt/CMakeFiles/__idf_esp_driver_pcnt.dir/src/pulse_cnt.c.obj
[145/1046] Building C object esp-idf/wpa_supplicant/CMakeFiles/__idf_wpa_supplicant.dir/src/utils/bitfield.c.obj
[146/1046] Building C object esp-idf/wpa_supplicant/CMakeFiles/__idf_wpa_supplicant.dir/src/crypto/sha256-kdf.c.obj
[147/1046] Building C object esp-idf/wpa_supplicant/CMakeFiles/__idf_wpa_supplicant.dir/src/crypto/sha256-tlsprf.c.obj
[110/1052] Linking C static library esp-idf/esp_driver_tsens/libesp_driver_tsens.a
[251/1045] Building C object esp-idf/lwip/CMakeFiles/__idf_lwip.dir/lwip/src/core/dns.c.obj
[148/1046] Building C object esp-idf/wpa_supplicant/CMakeFiles/__idf_wpa_supplicant.dir/src/crypto/sha1-prf.c.obj
[111/1052] Building C object esp-idf/esp_wifi/CMakeFiles/__idf_esp_wifi.dir/src/wifi_netif.c.obj
[44/1052] Building C object esp-idf/esp_driver_rmt/CMakeFiles/__idf_esp_driver_rmt.dir/src/rmt_encoder_bytes.c.obj
[66/1052] Building C object esp-idf/sdmmc/CMakeFiles/__idf_sdmmc.dir/sdmmc_common.c.obj
[112/1052] Building C object esp-idf/esp_driver_spi/CMakeFiles/__idf_esp_driver_spi.dir/src/gpspi/spi_slave_hd.c.obj
[149/1046] Building C object esp-idf/wpa_supplicant/CMakeFiles/__idf_wpa_supplicant.dir/src/crypto/sha384-prf.c.obj
[45/1052] Linking C static library esp-idf/esp_adc/libesp_adc.a
[113/1052] Building C object esp-idf/esp_driver_mcpwm/CMakeFiles/__idf_esp_driver_mcpwm.dir/src/mcpwm_gen.c.obj
[150/1046] Linking C static library esp-idf/esp_wifi/libesp_wifi.a
[114/1052] Building C object esp-idf/esp_coex/CMakeFiles/__idf_esp_coex.dir/src/coexist_debug.c.obj
[151/1046] Building C object esp-idf/wpa_supplicant/CMakeFiles/__idf_wpa_supplicant.dir/src/ap/ieee802_11.c.obj
[46/1052] Building C object esp-idf/esp_driver_rmt/CMakeFiles/__idf_esp_driver_rmt.dir/src/rmt_encoder_copy.c.obj
[67/1052] Building C object esp-idf/sdmmc/CMakeFiles/__idf_sdmmc.dir/sdmmc_cmd.c.obj
[68/1052] Building C object esp-idf/esp_driver_i2s/CMakeFiles/__idf_esp_driver_i2s.dir/i2s_platform.c.obj
[115/1052] Building C object esp-idf/esp_wifi/CMakeFiles/__idf_esp_wifi.dir/regulatory/esp_wifi_regulatory.c.obj
[252/1045] Building C object esp-idf/lwip/CMakeFiles/__idf_lwip.dir/lwip/src/core/ipv4/icmp.c.obj
[69/1052] Building C object esp-idf/sdmmc/CMakeFiles/__idf_sdmmc.dir/sdmmc_mmc.c.obj
[253/1045] Building C object esp-idf/lwip/CMakeFiles/__idf_lwip.dir/lwip/src/core/udp.c.obj
[116/1052] Linking C static library esp-idf/esp_driver_rmt/libesp_driver_rmt.a
[152/1046] Building C object esp-idf/wpa_supplicant/CMakeFiles/__idf_wpa_supplicant.dir/src/crypto/aes-gcm.c.obj
[47/1052] Building C object esp-idf/esp_driver_rmt/CMakeFiles/__idf_esp_driver_rmt.dir/src/rmt_common.c.obj
[48/1052] Building C object esp-idf/esp_driver_sdspi/CMakeFiles/__idf_esp_driver_sdspi.dir/src/sdspi_crc.c.obj
[254/1045] Building C object esp-idf/lwip/CMakeFiles/__idf_lwip.dir/lwip/src/api/api_msg.c.obj
[117/1052] Building C object esp-idf/esp_coex/CMakeFiles/__idf_esp_coex.dir/esp32s3/esp_coex_adapter.c.obj
[49/1052] Building C object esp-idf/driver/CMakeFiles/__idf_driver.dir/twai/twai.c.obj
[70/1052] Building C object esp-idf/esp_driver_ledc/CMakeFiles/__idf_esp_driver_ledc.dir/src/ledc.c.obj
[153/1046] Building C object esp-idf/wpa_supplicant/CMakeFiles/__idf_wpa_supplicant.dir/src/crypto/dh_groups.c.obj
[118/1052] Linking C static library esp-idf/esp_driver_sdspi/libesp_driver_sdspi.a
[255/1045] Building C object esp-idf/lwip/CMakeFiles/__idf_lwip.dir/lwip/src/core/ipv4/ip4.c.obj
[71/1052] Building C object esp-idf/sdmmc/CMakeFiles/__idf_sdmmc.dir/sdmmc_io.c.obj
[256/1045] Building C object esp-idf/lwip/CMakeFiles/__idf_lwip.dir/lwip/src/core/ipv6/ethip6.c.obj
[257/1045] Building C object esp-idf/lwip/CMakeFiles/__idf_lwip.dir/lwip/src/core/ipv4/ip4_frag.c.obj
[50/1052] Building C object esp-idf/esp_driver_rmt/CMakeFiles/__idf_esp_driver_rmt.dir/src/rmt_encoder_simple.c.obj
[119/1052] Building C object esp-idf/wpa_supplicant/CMakeFiles/__idf_wpa_supplicant.dir/src/ap/sta_info.c.obj
[51/1052] Building C object esp-idf/esp_driver_sdspi/CMakeFiles/__idf_esp_driver_sdspi.dir/src/sdspi_host.c.obj
[258/1045] Building C object esp-idf/lwip/CMakeFiles/__idf_lwip.dir/lwip/src/core/ipv6/inet6.c.obj
[52/1052] Building C object esp-idf/esp_driver_i2c/CMakeFiles/__idf_esp_driver_i2c.dir/i2c_slave.c.obj
[72/1052] Building C object esp-idf/http_parser/CMakeFiles/__idf_http_parser.dir/http_parser.c.obj
[120/1052] Linking C static library esp-idf/esp_driver_sdmmc/libesp_driver_sdmmc.a
[154/1046] Building C object esp-idf/wpa_supplicant/CMakeFiles/__idf_wpa_supplicant.dir/src/crypto/sha384-tlsprf.c.obj
[73/1052] Building C object esp-idf/driver/CMakeFiles/__idf_driver.dir/i2c/i2c.c.obj
[155/1046] Building C object esp-idf/wpa_supplicant/CMakeFiles/__idf_wpa_supplicant.dir/src/eap_peer/chap.c.obj
[156/1046] Building C object esp-idf/wpa_supplicant/CMakeFiles/__idf_wpa_supplicant.dir/src/eap_common/eap_wsc_common.c.obj
[259/1045] Building C object esp-idf/lwip/CMakeFiles/__idf_lwip.dir/lwip/src/core/ipv4/ip4_addr.c.obj
[260/1045] Building C object esp-idf/lwip/CMakeFiles/__idf_lwip.dir/lwip/src/netif/bridgeif.c.obj
[261/1045] Building C object esp-idf/lwip/CMakeFiles/__idf_lwip.dir/lwip/src/core/ipv6/ip6.c.obj
[121/1052] Building C object esp-idf/esp_wifi/CMakeFiles/__idf_esp_wifi.dir/src/smartconfig_ack.c.obj
[122/1052] Linking C static library esp-idf/esp_driver_sd_intf/libesp_driver_sd_intf.a
[74/1052] Linking C static library esp-idf/http_parser/libhttp_parser.a
[75/1052] Building C object esp-idf/esp_driver_i2s/CMakeFiles/__idf_esp_driver_i2s.dir/i2s_std.c.obj
[262/1045] Building C object esp-idf/lwip/CMakeFiles/__idf_lwip.dir/lwip/src/core/ipv6/icmp6.c.obj
[157/1046] Building C object esp-idf/wpa_supplicant/CMakeFiles/__idf_wpa_supplicant.dir/src/eap_peer/eap_peap_common.c.obj
[158/1046] Building C object esp-idf/wpa_supplicant/CMakeFiles/__idf_wpa_supplicant.dir/src/crypto/sha1-tprf.c.obj
[123/1052] Building C object esp-idf/wpa_supplicant/CMakeFiles/__idf_wpa_supplicant.dir/src/utils/bitfield.c.obj
[263/1045] Building C object esp-idf/lwip/CMakeFiles/__idf_lwip.dir/lwip/src/core/ipv4/etharp.c.obj
[53/1052] Building C object esp-idf/driver/CMakeFiles/__idf_driver.dir/touch_sensor/esp32s3/touch_sensor.c.obj
[76/1052] Building C object esp-idf/esp_driver_mcpwm/CMakeFiles/__idf_esp_driver_mcpwm.dir/src/mcpwm_cmpr.c.obj
[124/1052] Building C object esp-idf/wpa_supplicant/CMakeFiles/__idf_wpa_supplicant.dir/src/ap/pmksa_cache_auth.c.obj
[159/1046] Building C object esp-idf/wpa_supplicant/CMakeFiles/__idf_wpa_supplicant.dir/src/crypto/ms_funcs.c.obj
[54/1052] Building C object esp-idf/esp_driver_sdspi/CMakeFiles/__idf_esp_driver_sdspi.dir/src/sdspi_transaction.c.obj
[125/1052] Building C object esp-idf/wpa_supplicant/CMakeFiles/__idf_wpa_supplicant.dir/port/os_xtensa.c.obj
[160/1046] Building C object esp-idf/wpa_supplicant/CMakeFiles/__idf_wpa_supplicant.dir/src/eap_peer/mschapv2.c.obj
[161/1046] Building C object esp-idf/wpa_supplicant/CMakeFiles/__idf_wpa_supplicant.dir/src/eap_peer/eap_common.c.obj
[126/1052] Building C object esp-idf/wpa_supplicant/CMakeFiles/__idf_wpa_supplicant.dir/port/eloop.c.obj
[264/1045] Building C object esp-idf/lwip/CMakeFiles/__idf_lwip.dir/lwip/src/core/tcp_out.c.obj
[127/1052] Building C object esp-idf/wpa_supplicant/CMakeFiles/__idf_wpa_supplicant.dir/src/ap/ap_config.c.obj
[128/1052] Building C object esp-idf/wpa_supplicant/CMakeFiles/__idf_wpa_supplicant.dir/src/crypto/aes-siv.c.obj
[55/1052] Building C object esp-idf/esp_driver_twai/CMakeFiles/__idf_esp_driver_twai.dir/esp_twai_onchip.c.obj
[265/1045] Building C object esp-idf/lwip/CMakeFiles/__idf_lwip.dir/lwip/src/core/tcp_in.c.obj
[129/1052] Linking C static library esp-idf/sdmmc/libsdmmc.a
[162/1046] Building C object esp-idf/wpa_supplicant/CMakeFiles/__idf_wpa_supplicant.dir/src/common/wpa_common.c.obj
[56/1052] Building C object esp-idf/sdmmc/CMakeFiles/__idf_sdmmc.dir/sdmmc_cmd.c.obj
[266/1045] Building C object esp-idf/lwip/CMakeFiles/__idf_lwip.dir/lwip/src/core/ipv6/ip6_addr.c.obj
[163/1046] Building C object esp-idf/wpa_supplicant/CMakeFiles/__idf_wpa_supplicant.dir/src/common/ieee802_11_common.c.obj
[130/1052] Building C object esp-idf/esp_driver_spi/CMakeFiles/__idf_esp_driver_spi.dir/src/gpspi/spi_slave.c.obj
[77/1052] Building C object esp-idf/esp_driver_mcpwm/CMakeFiles/__idf_esp_driver_mcpwm.dir/src/mcpwm_com.c.obj
[164/1046] Building C object esp-idf/wpa_supplicant/CMakeFiles/__idf_wpa_supplicant.dir/src/eap_peer/eap_mschapv2.c.obj
[78/1052] Building C object esp-idf/esp_driver_i2s/CMakeFiles/__idf_esp_driver_i2s.dir/i2s_tdm.c.obj
[165/1046] Building C object esp-idf/wpa_supplicant/CMakeFiles/__idf_wpa_supplicant.dir/src/eap_peer/eap_tls_common.c.obj
[79/1052] Building C object esp-idf/esp_driver_rmt/CMakeFiles/__idf_esp_driver_rmt.dir/src/rmt_tx.c.obj
[131/1052] Building C object esp-idf/esp_wifi/CMakeFiles/__idf_esp_wifi.dir/esp32s3/esp_adapter.c.obj
[166/1046] Building C object esp-idf/wpa_supplicant/CMakeFiles/__idf_wpa_supplicant.dir/src/crypto/md4-internal.c.obj
[267/1045] Building C object esp-idf/lwip/CMakeFiles/__idf_lwip.dir/lwip/src/core/ipv4/dhcp.c.obj
[132/1052] Building C object esp-idf/wpa_supplicant/CMakeFiles/__idf_wpa_supplicant.dir/src/ap/ieee802_1x.c.obj
[57/1052] Building C object esp-idf/esp-tls/CMakeFiles/__idf_esp-tls.dir/esp_tls_mbedtls.c.obj
[58/1052] Building C object esp-idf/esp_driver_sd_intf/CMakeFiles/__idf_esp_driver_sd_intf.dir/sd_host.c.obj
[80/1052] Building C object esp-idf/esp_driver_i2s/CMakeFiles/__idf_esp_driver_i2s.dir/i2s_pdm.c.obj
[133/1052] Building C object esp-idf/wpa_supplicant/CMakeFiles/__idf_wpa_supplicant.dir/src/crypto/ccmp.c.obj
[59/1052] Building C object esp-idf/esp_driver_sdmmc/CMakeFiles/__idf_esp_driver_sdmmc.dir/legacy/src/sdmmc_transaction.c.obj
[81/1052] Building C object esp-idf/esp_gdbstub/CMakeFiles/__idf_esp_gdbstub.dir/src/gdbstub.c.obj
[82/1052] Building ASM object esp-idf/esp_gdbstub/CMakeFiles/__idf_esp_gdbstub.dir/src/port/xtensa/gdbstub-entry.S.obj
[134/1052] Linking C static library esp-idf/esp_driver_i2s/libesp_driver_i2s.a
[268/1045] Building C object esp-idf/lwip/CMakeFiles/__idf_lwip.dir/lwip/src/core/ipv6/ip6_frag.c.obj
[83/1052] Building C object esp-idf/esp_driver_mcpwm/CMakeFiles/__idf_esp_driver_mcpwm.dir/src/mcpwm_oper.c.obj
[84/1052] Building ASM object esp-idf/esp_gdbstub/CMakeFiles/__idf_esp_gdbstub.dir/src/port/xtensa/xt_debugexception.S.obj
[269/1045] Building C object esp-idf/lwip/CMakeFiles/__idf_lwip.dir/lwip/src/netif/ppp/chap_ms.c.obj
[167/1046] Building C object esp-idf/wpa_supplicant/CMakeFiles/__idf_wpa_supplicant.dir/src/eap_peer/eap_tls.c.obj
[270/1045] Building C object esp-idf/lwip/CMakeFiles/__idf_lwip.dir/lwip/src/netif/ppp/auth.c.obj
[85/1052] Building C object esp-idf/sdmmc/CMakeFiles/__idf_sdmmc.dir/sdmmc_sd.c.obj
[135/1052] Building C object esp-idf/wpa_supplicant/CMakeFiles/__idf_wpa_supplicant.dir/src/crypto/sha256-tlsprf.c.obj
[136/1052] Building C object esp-idf/wpa_supplicant/CMakeFiles/__idf_wpa_supplicant.dir/src/ap/comeback_token.c.obj
[271/1045] Building C object esp-idf/lwip/CMakeFiles/__idf_lwip.dir/lwip/src/core/ipv6/mld6.c.obj
[86/1052] Building C object esp-idf/esp_gdbstub/CMakeFiles/__idf_esp_gdbstub.dir/src/packet.c.obj
[60/1052] Linking C static library esp-idf/esp-tls/libesp-tls.a
[272/1045] Building C object esp-idf/lwip/CMakeFiles/__idf_lwip.dir/lwip/src/netif/bridgeif_fdb.c.obj
[137/1052] Building C object esp-idf/wpa_supplicant/CMakeFiles/__idf_wpa_supplicant.dir/src/common/wpa_common.c.obj
[168/1046] Building C object esp-idf/wpa_supplicant/CMakeFiles/__idf_wpa_supplicant.dir/src/utils/uuid.c.obj
[138/1052] Building C object esp-idf/wpa_supplicant/CMakeFiles/__idf_wpa_supplicant.dir/src/crypto/ms_funcs.c.obj
[87/1052] Building C object esp-idf/esp_driver_mcpwm/CMakeFiles/__idf_esp_driver_mcpwm.dir/src/mcpwm_cap.c.obj
[273/1045] Building C object esp-idf/lwip/CMakeFiles/__idf_lwip.dir/lwip/src/netif/ppp/chap-md5.c.obj
[61/1052] Building C object esp-idf/sdmmc/CMakeFiles/__idf_sdmmc.dir/sdmmc_init.c.obj
Command failed (2): idf.py build
Skipping failed applet build: rxxd
[139/1052] Linking C static library esp-idf/esp_driver_mcpwm/libesp_driver_mcpwm.a
[169/1046] Building C object esp-idf/wpa_supplicant/CMakeFiles/__idf_wpa_supplicant.dir/src/ap/wpa_auth.c.obj
[88/1052] Building C object esp-idf/esp_driver_mcpwm/CMakeFiles/__idf_esp_driver_mcpwm.dir/src/mcpwm_sync.c.obj
[274/1045] Building C object esp-idf/lwip/CMakeFiles/__idf_lwip.dir/lwip/src/netif/ppp/demand.c.obj
[89/1052] Building C object esp-idf/esp_driver_mcpwm/CMakeFiles/__idf_esp_driver_mcpwm.dir/src/mcpwm_fault.c.obj
[62/1052] Building C object esp-idf/sdmmc/CMakeFiles/__idf_sdmmc.dir/sd_pwr_ctrl/sd_pwr_ctrl.c.obj
[140/1052] Building C object esp-idf/esp_driver_spi/CMakeFiles/__idf_esp_driver_spi.dir/src/gpspi/spi_common.c.obj
[63/1052] Building C object esp-idf/sdmmc/CMakeFiles/__idf_sdmmc.dir/sdmmc_mmc.c.obj
[275/1045] Building C object esp-idf/lwip/CMakeFiles/__idf_lwip.dir/lwip/src/netif/ethernet.c.obj
[90/1052] Building C object esp-idf/esp_wifi/CMakeFiles/__idf_esp_wifi.dir/src/lib_printf.c.obj
[141/1052] Building C object esp-idf/wpa_supplicant/CMakeFiles/__idf_wpa_supplicant.dir/src/common/dragonfly.c.obj
[276/1045] Building C object esp-idf/lwip/CMakeFiles/__idf_lwip.dir/lwip/src/netif/ppp/ccp.c.obj
[142/1052] Building C object esp-idf/wpa_supplicant/CMakeFiles/__idf_wpa_supplicant.dir/src/crypto/dh_group5.c.obj
[91/1052] Building C object esp-idf/esp_driver_mcpwm/CMakeFiles/__idf_esp_driver_mcpwm.dir/src/mcpwm_gen.c.obj
[170/1046] Building C object esp-idf/wpa_supplicant/CMakeFiles/__idf_wpa_supplicant.dir/src/utils/wpa_debug.c.obj
[92/1052] Building C object esp-idf/esp_gdbstub/CMakeFiles/__idf_esp_gdbstub.dir/src/gdbstub_transport.c.obj
[171/1046] Building C object esp-idf/wpa_supplicant/CMakeFiles/__idf_wpa_supplicant.dir/src/eap_peer/eap_fast_common.c.obj
[277/1045] Building C object esp-idf/lwip/CMakeFiles/__idf_lwip.dir/lwip/src/netif/ppp/ipv6cp.c.obj
[143/1052] Building C object esp-idf/wpa_supplicant/CMakeFiles/__idf_wpa_supplicant.dir/src/ap/ieee802_11.c.obj
[172/1046] Building C object esp-idf/wpa_supplicant/CMakeFiles/__idf_wpa_supplicant.dir/src/eap_peer/eap.c.obj
[278/1045] Building C object esp-idf/lwip/CMakeFiles/__idf_lwip.dir/lwip/src/netif/ppp/chap-new.c.obj
[93/1052] Building C object esp-idf/esp_wifi/CMakeFiles/__idf_esp_wifi.dir/src/mesh_event.c.obj
[64/1052] Building C object esp-idf/esp_driver_sdmmc/CMakeFiles/__idf_esp_driver_sdmmc.dir/legacy/src/sdmmc_host.c.obj
[144/1052] Linking C static library esp-idf/esp_driver_pcnt/libesp_driver_pcnt.a
[173/1046] Building C object esp-idf/wpa_supplicant/CMakeFiles/__idf_wpa_supplicant.dir/src/utils/ext_password.c.obj
[145/1052] Building C object esp-idf/wpa_supplicant/CMakeFiles/__idf_wpa_supplicant.dir/src/crypto/sha384-tlsprf.c.obj
[146/1052] Building C object esp-idf/wpa_supplicant/CMakeFiles/__idf_wpa_supplicant.dir/src/crypto/aes-gcm.c.obj
[147/1052] Building C object esp-idf/wpa_supplicant/CMakeFiles/__idf_wpa_supplicant.dir/src/crypto/sha256-prf.c.obj
[279/1045] Building C object esp-idf/lwip/CMakeFiles/__idf_lwip.dir/lwip/src/api/sockets.c.obj
[148/1052] Building C object esp-idf/wpa_supplicant/CMakeFiles/__idf_wpa_supplicant.dir/src/crypto/crypto_ops.c.obj
[280/1045] Building C object esp-idf/lwip/CMakeFiles/__idf_lwip.dir/lwip/src/netif/slipif.c.obj
[174/1046] Building C object esp-idf/wpa_supplicant/CMakeFiles/__idf_wpa_supplicant.dir/src/rsn_supp/wpa_ie.c.obj
[149/1052] Building C object esp-idf/wpa_supplicant/CMakeFiles/__idf_wpa_supplicant.dir/src/crypto/sha256-kdf.c.obj
[281/1045] Building C object esp-idf/lwip/CMakeFiles/__idf_lwip.dir/lwip/src/netif/ppp/eap.c.obj
[150/1052] Linking C static library esp-idf/esp_gdbstub/libesp_gdbstub.a
[151/1052] Building C object esp-idf/wpa_supplicant/CMakeFiles/__idf_wpa_supplicant.dir/src/crypto/sha1-tprf.c.obj
[282/1045] Building C object esp-idf/lwip/CMakeFiles/__idf_lwip.dir/lwip/src/netif/ppp/ecp.c.obj
[65/1052] Building C object esp-idf/sdmmc/CMakeFiles/__idf_sdmmc.dir/sdmmc_sd.c.obj
[152/1052] Building C object esp-idf/wpa_supplicant/CMakeFiles/__idf_wpa_supplicant.dir/src/ap/wpa_auth_ie.c.obj
[175/1046] Building C object esp-idf/wpa_supplicant/CMakeFiles/__idf_wpa_supplicant.dir/src/rsn_supp/pmksa_cache.c.obj
[283/1045] Building C object esp-idf/lwip/CMakeFiles/__idf_lwip.dir/lwip/src/netif/ppp/ipcp.c.obj
[284/1045] Building C object esp-idf/lwip/CMakeFiles/__idf_lwip.dir/lwip/src/netif/ppp/lcp.c.obj
[94/1052] Building C object esp-idf/esp_driver_mcpwm/CMakeFiles/__idf_esp_driver_mcpwm.dir/src/mcpwm_timer.c.obj
[66/1052] Building C object esp-idf/esp_driver_sdmmc/CMakeFiles/__idf_esp_driver_sdmmc.dir/src/sd_trans_sdmmc.c.obj
[176/1046] Building C object esp-idf/wpa_supplicant/CMakeFiles/__idf_wpa_supplicant.dir/src/utils/base64.c.obj
[177/1046] Building C object esp-idf/wpa_supplicant/CMakeFiles/__idf_wpa_supplicant.dir/src/utils/wpabuf.c.obj
[67/1052] Building C object esp-idf/sdmmc/CMakeFiles/__idf_sdmmc.dir/sdmmc_io.c.obj
[285/1045] Building C object esp-idf/lwip/CMakeFiles/__idf_lwip.dir/lwip/src/netif/ppp/fsm.c.obj
[95/1052] Building C object esp-idf/esp_wifi/CMakeFiles/__idf_esp_wifi.dir/src/wifi_default_ap.c.obj
[68/1052] Building C object esp-idf/esp_driver_rmt/CMakeFiles/__idf_esp_driver_rmt.dir/src/rmt_rx.c.obj
[96/1052] Building C object esp-idf/esp_wifi/CMakeFiles/__idf_esp_wifi.dir/regulatory/esp_wifi_regulatory.c.obj
[153/1052] Linking C static library esp-idf/esp_driver_spi/libesp_driver_spi.a
[286/1045] Building C object esp-idf/lwip/CMakeFiles/__idf_lwip.dir/lwip/src/netif/ppp/eui64.c.obj
[154/1052] Building C object esp-idf/wpa_supplicant/CMakeFiles/__idf_wpa_supplicant.dir/src/eap_peer/eap_peap_common.c.obj
[69/1052] Building C object esp-idf/driver/CMakeFiles/__idf_driver.dir/deprecated/rmt_legacy.c.obj
[97/1052] Building C object esp-idf/esp_gdbstub/CMakeFiles/__idf_esp_gdbstub.dir/src/port/xtensa/gdbstub_xtensa.c.obj
[178/1046] Building C object esp-idf/wpa_supplicant/CMakeFiles/__idf_wpa_supplicant.dir/src/eap_peer/eap_ttls.c.obj
[155/1052] Building C object esp-idf/wpa_supplicant/CMakeFiles/__idf_wpa_supplicant.dir/src/crypto/sha1-tlsprf.c.obj
[287/1045] Building C object esp-idf/esp_netif/CMakeFiles/__idf_esp_netif.dir/lwip/esp_netif_lwip.c.obj
[156/1052] Building C object esp-idf/wpa_supplicant/CMakeFiles/__idf_wpa_supplicant.dir/src/crypto/sha384-prf.c.obj
[70/1052] Building C object esp-idf/driver/CMakeFiles/__idf_driver.dir/i2c/i2c.c.obj
[157/1052] Building C object esp-idf/wpa_supplicant/CMakeFiles/__idf_wpa_supplicant.dir/src/crypto/dh_groups.c.obj
[71/1052] Building C object esp-idf/esp_driver_rmt/CMakeFiles/__idf_esp_driver_rmt.dir/src/rmt_tx.c.obj
[179/1046] Building C object esp-idf/wpa_supplicant/CMakeFiles/__idf_wpa_supplicant.dir/src/utils/common.c.obj
[98/1052] Building C object esp-idf/esp_coex/CMakeFiles/__idf_esp_coex.dir/src/coexist_debug_diagram.c.obj
[288/1045] Building C object esp-idf/lwip/CMakeFiles/__idf_lwip.dir/lwip/src/netif/ppp/multilink.c.obj
[289/1045] Building C object esp-idf/lwip/CMakeFiles/__idf_lwip.dir/lwip/src/netif/ppp/magic.c.obj
[72/1052] Building C object esp-idf/sdmmc/CMakeFiles/__idf_sdmmc.dir/sdmmc_common.c.obj
[290/1045] Building C object esp-idf/lwip/CMakeFiles/__idf_lwip.dir/lwip/src/core/tcp.c.obj
[180/1046] Building C object esp-idf/wpa_supplicant/CMakeFiles/__idf_wpa_supplicant.dir/src/wps/wps_attr_build.c.obj
[291/1045] Building C object esp-idf/lwip/CMakeFiles/__idf_lwip.dir/lwip/src/netif/ppp/vj.c.obj
[158/1052] Linking C static library esp-idf/esp_wifi/libesp_wifi.a
[159/1052] Building C object esp-idf/wpa_supplicant/CMakeFiles/__idf_wpa_supplicant.dir/src/crypto/sha1-prf.c.obj
[73/1052] Building C object esp-idf/esp_driver_i2s/CMakeFiles/__idf_esp_driver_i2s.dir/i2s_platform.c.obj
[99/1052] Building C object esp-idf/esp_wifi/CMakeFiles/__idf_esp_wifi.dir/src/smartconfig.c.obj
[292/1045] Building C object esp-idf/lwip/CMakeFiles/__idf_lwip.dir/lwip/src/netif/ppp/ppp.c.obj
[100/1052] Building C object esp-idf/driver/CMakeFiles/__idf_driver.dir/deprecated/rmt_legacy.c.obj
[293/1045] Building C object esp-idf/lwip/CMakeFiles/__idf_lwip.dir/lwip/src/netif/ppp/pppcrypt.c.obj
[101/1052] Building C object esp-idf/esp_driver_sdmmc/CMakeFiles/__idf_esp_driver_sdmmc.dir/src/sd_host_sdmmc.c.obj
[102/1052] Building C object esp-idf/esp_driver_i2s/CMakeFiles/__idf_esp_driver_i2s.dir/i2s_common.c.obj
[160/1052] Building C object esp-idf/wpa_supplicant/CMakeFiles/__idf_wpa_supplicant.dir/src/eap_common/eap_wsc_common.c.obj
[103/1052] Building C object esp-idf/esp_coex/CMakeFiles/__idf_esp_coex.dir/src/coexist_debug.c.obj
[294/1045] Building C object esp-idf/lwip/CMakeFiles/__idf_lwip.dir/lwip/src/netif/ppp/pppoe.c.obj
[295/1045] Building C object esp-idf/lwip/CMakeFiles/__idf_lwip.dir/lwip/src/netif/ppp/mppe.c.obj
[296/1045] Building C object esp-idf/lwip/CMakeFiles/__idf_lwip.dir/lwip/src/netif/ppp/pppol2tp.c.obj
[161/1052] Building C object esp-idf/wpa_supplicant/CMakeFiles/__idf_wpa_supplicant.dir/src/eap_peer/eap_common.c.obj
[297/1045] Building C object esp-idf/lwip/CMakeFiles/__idf_lwip.dir/lwip/src/netif/ppp/pppapi.c.obj
[162/1052] Building C object esp-idf/wpa_supplicant/CMakeFiles/__idf_wpa_supplicant.dir/src/eap_peer/chap.c.obj
[104/1052] Building C object esp-idf/esp_driver_spi/CMakeFiles/__idf_esp_driver_spi.dir/src/gpspi/spi_master.c.obj
[105/1052] Building C object esp-idf/esp_wifi/CMakeFiles/__idf_esp_wifi.dir/src/wifi_netif.c.obj
[106/1052] Linking C static library esp-idf/driver/libdriver.a
[298/1045] Building C object esp-idf/lwip/CMakeFiles/__idf_lwip.dir/lwip/src/netif/ppp/utils.c.obj
[74/1052] Building C object esp-idf/esp_driver_mcpwm/CMakeFiles/__idf_esp_driver_mcpwm.dir/src/mcpwm_gen.c.obj
[181/1046] Building C object esp-idf/wpa_supplicant/CMakeFiles/__idf_wpa_supplicant.dir/src/eap_peer/eap_fast_pac.c.obj
[182/1046] Building C object esp-idf/wpa_supplicant/CMakeFiles/__idf_wpa_supplicant.dir/esp_supplicant/src/esp_wpa2_api_port.c.obj
[299/1045] Building C object esp-idf/lwip/CMakeFiles/__idf_lwip.dir/lwip/src/netif/ppp/upap.c.obj
[107/1052] Building C object esp-idf/esp_wifi/CMakeFiles/__idf_esp_wifi.dir/src/wifi_init.c.obj
[183/1046] Building C object esp-idf/wpa_supplicant/CMakeFiles/__idf_wpa_supplicant.dir/src/eap_peer/eap_peap.c.obj
[300/1045] Building C object esp-idf/lwip/CMakeFiles/__idf_lwip.dir/lwip/src/netif/ppp/pppos.c.obj
[163/1052] Building C object esp-idf/wpa_supplicant/CMakeFiles/__idf_wpa_supplicant.dir/src/eap_peer/eap_tls_common.c.obj
[108/1052] Linking C static library esp-idf/esp_driver_twai/libesp_driver_twai.a
[184/1046] Building C object esp-idf/wpa_supplicant/CMakeFiles/__idf_wpa_supplicant.dir/src/common/sae.c.obj
[75/1052] Building C object esp-idf/esp_driver_i2s/CMakeFiles/__idf_esp_driver_i2s.dir/i2s_std.c.obj
[164/1052] Building C object esp-idf/wpa_supplicant/CMakeFiles/__idf_wpa_supplicant.dir/src/crypto/md4-internal.c.obj
[76/1052] Building C object esp-idf/esp_driver_i2s/CMakeFiles/__idf_esp_driver_i2s.dir/i2s_common.c.obj
[165/1052] Building C object esp-idf/wpa_supplicant/CMakeFiles/__idf_wpa_supplicant.dir/src/ap/wpa_auth.c.obj
[77/1052] Building C object esp-idf/esp_driver_mcpwm/CMakeFiles/__idf_esp_driver_mcpwm.dir/src/mcpwm_sync.c.obj
[301/1045] Building C object esp-idf/lwip/CMakeFiles/__idf_lwip.dir/port/hooks/lwip_default_hooks.c.obj
[302/1045] Building C object esp-idf/lwip/CMakeFiles/__idf_lwip.dir/lwip/src/netif/ppp/polarssl/md4.c.obj
[109/1052] Linking C static library esp-idf/esp_driver_ledc/libesp_driver_ledc.a
[78/1052] Building C object esp-idf/esp_driver_i2c/CMakeFiles/__idf_esp_driver_i2c.dir/i2c_master.c.obj
[185/1046] Building C object esp-idf/wpa_supplicant/CMakeFiles/__idf_wpa_supplicant.dir/src/utils/json.c.obj
[79/1052] Building C object esp-idf/esp_gdbstub/CMakeFiles/__idf_esp_gdbstub.dir/src/gdbstub_transport.c.obj
[166/1052] Building C object esp-idf/wpa_supplicant/CMakeFiles/__idf_wpa_supplicant.dir/src/common/ieee802_11_common.c.obj
[186/1046] Building C object esp-idf/wpa_supplicant/CMakeFiles/__idf_wpa_supplicant.dir/src/wps/wps.c.obj
[110/1052] Building C object esp-idf/esp_wifi/CMakeFiles/__idf_esp_wifi.dir/src/wifi_default.c.obj
[303/1045] Building C object esp-idf/lwip/CMakeFiles/__idf_lwip.dir/lwip/src/netif/ppp/polarssl/arc4.c.obj
[80/1052] Building C object esp-idf/esp_gdbstub/CMakeFiles/__idf_esp_gdbstub.dir/src/gdbstub.c.obj
[187/1046] Building C object esp-idf/wpa_supplicant/CMakeFiles/__idf_wpa_supplicant.dir/src/wps/wps_attr_parse.c.obj
[111/1052] Building C object esp-idf/esp_wifi/CMakeFiles/__idf_esp_wifi.dir/src/smartconfig_ack.c.obj
[81/1052] Building ASM object esp-idf/esp_gdbstub/CMakeFiles/__idf_esp_gdbstub.dir/src/port/xtensa/gdbstub-entry.S.obj
[188/1046] Building C object esp-idf/wpa_supplicant/CMakeFiles/__idf_wpa_supplicant.dir/src/wps/wps_attr_process.c.obj
[82/1052] Building C object esp-idf/esp_driver_i2s/CMakeFiles/__idf_esp_driver_i2s.dir/i2s_tdm.c.obj
[112/1052] Building C object esp-idf/esp_coex/CMakeFiles/__idf_esp_coex.dir/esp32s3/esp_coex_adapter.c.obj
[83/1052] Building C object esp-idf/http_parser/CMakeFiles/__idf_http_parser.dir/http_parser.c.obj
[304/1045] Building C object esp-idf/lwip/CMakeFiles/__idf_lwip.dir/port/if_index.c.obj
[305/1045] Building C object esp-idf/lwip/CMakeFiles/__idf_lwip.dir/port/hooks/tcp_isn_default.c.obj
[167/1052] Building C object esp-idf/wpa_supplicant/CMakeFiles/__idf_wpa_supplicant.dir/src/eap_peer/mschapv2.c.obj
[113/1052] Building C object esp-idf/esp_driver_pcnt/CMakeFiles/__idf_esp_driver_pcnt.dir/src/pulse_cnt.c.obj
[306/1045] Linking C static library esp-idf/esp_netif/libesp_netif.a
[114/1052] Linking C static library esp-idf/esp_driver_i2c/libesp_driver_i2c.a
[84/1052] Building ASM object esp-idf/esp_gdbstub/CMakeFiles/__idf_esp_gdbstub.dir/src/port/xtensa/xt_debugexception.S.obj
[115/1052] Building C object esp-idf/wpa_supplicant/CMakeFiles/__idf_wpa_supplicant.dir/port/os_xtensa.c.obj
[189/1046] Building C object esp-idf/wpa_supplicant/CMakeFiles/__idf_wpa_supplicant.dir/src/wps/wps_common.c.obj
[307/1045] Building C object esp-idf/lwip/CMakeFiles/__idf_lwip.dir/port/acd_dhcp_check.c.obj
[85/1052] Building C object esp-idf/esp_driver_sdmmc/CMakeFiles/__idf_esp_driver_sdmmc.dir/src/sd_host_sdmmc.c.obj
[308/1045] Building C object esp-idf/lwip/CMakeFiles/__idf_lwip.dir/apps/ping/ping.c.obj
[86/1052] Building C object esp-idf/esp_driver_mcpwm/CMakeFiles/__idf_esp_driver_mcpwm.dir/src/mcpwm_cmpr.c.obj
[168/1052] Building C object esp-idf/wpa_supplicant/CMakeFiles/__idf_wpa_supplicant.dir/src/utils/uuid.c.obj
[309/1045] Building C object esp-idf/lwip/CMakeFiles/__idf_lwip.dir/lwip/src/netif/ppp/polarssl/md5.c.obj
[310/1045] Building C object esp-idf/lwip/CMakeFiles/__idf_lwip.dir/lwip/src/netif/ppp/polarssl/des.c.obj
[87/1052] Linking C static library esp-idf/http_parser/libhttp_parser.a
[169/1052] Building C object esp-idf/wpa_supplicant/CMakeFiles/__idf_wpa_supplicant.dir/src/utils/common.c.obj
[116/1052] Linking C static library esp-idf/esp_driver_sdm/libesp_driver_sdm.a
[190/1046] Building C object esp-idf/wpa_supplicant/CMakeFiles/__idf_wpa_supplicant.dir/src/common/sae_pk.c.obj
[170/1052] Building C object esp-idf/wpa_supplicant/CMakeFiles/__idf_wpa_supplicant.dir/src/eap_peer/eap_tls.c.obj
[171/1052] Building C object esp-idf/wpa_supplicant/CMakeFiles/__idf_wpa_supplicant.dir/src/eap_peer/eap_peap.c.obj
[311/1045] Building C object esp-idf/lwip/CMakeFiles/__idf_lwip.dir/port/sockets_ext.c.obj
[191/1046] Building C object esp-idf/wpa_supplicant/CMakeFiles/__idf_wpa_supplicant.dir/esp_supplicant/src/esp_wpas_glue.c.obj
[312/1045] Building C object esp-idf/lwip/CMakeFiles/__idf_lwip.dir/lwip/src/netif/ppp/polarssl/sha1.c.obj
[313/1045] Building C object esp-idf/lwip/CMakeFiles/__idf_lwip.dir/apps/dhcpserver/dhcpserver.c.obj
[117/1052] Linking C static library esp-idf/esp_driver_tsens/libesp_driver_tsens.a
[192/1046] Building C object esp-idf/wpa_supplicant/CMakeFiles/__idf_wpa_supplicant.dir/src/wps/wps_dev_attr.c.obj
[118/1052] Building C object esp-idf/esp_driver_spi/CMakeFiles/__idf_esp_driver_spi.dir/src/gpspi/spi_slave_hd.c.obj
[88/1052] Building C object esp-idf/esp_driver_mcpwm/CMakeFiles/__idf_esp_driver_mcpwm.dir/src/mcpwm_com.c.obj
[119/1052] Building C object esp-idf/wpa_supplicant/CMakeFiles/__idf_wpa_supplicant.dir/src/utils/bitfield.c.obj
[89/1052] Building C object esp-idf/esp_driver_ledc/CMakeFiles/__idf_esp_driver_ledc.dir/src/ledc.c.obj
[120/1052] Building C object esp-idf/esp_wifi/CMakeFiles/__idf_esp_wifi.dir/esp32s3/esp_adapter.c.obj
[90/1052] Linking C static library esp-idf/driver/libdriver.a
[314/1045] Building C object esp-idf/lwip/CMakeFiles/__idf_lwip.dir/port/esp32xx/vfs_lwip.c.obj
[193/1046] Building C object esp-idf/wpa_supplicant/CMakeFiles/__idf_wpa_supplicant.dir/esp_supplicant/src/crypto/fastpsk.c.obj
[315/1045] Building C object esp-idf/lwip/CMakeFiles/__idf_lwip.dir/port/debug/lwip_debug.c.obj
[121/1052] Building C object esp-idf/wpa_supplicant/CMakeFiles/__idf_wpa_supplicant.dir/src/ap/ap_config.c.obj
[316/1045] Building C object esp-idf/lwip/CMakeFiles/__idf_lwip.dir/apps/ping/esp_ping.c.obj
[317/1045] Building C object esp-idf/esp_phy/CMakeFiles/__idf_esp_phy.dir/src/phy_common.c.obj
[172/1052] Building C object esp-idf/wpa_supplicant/CMakeFiles/__idf_wpa_supplicant.dir/src/eap_peer/eap_mschapv2.c.obj
[91/1052] Building C object esp-idf/esp_gdbstub/CMakeFiles/__idf_esp_gdbstub.dir/src/packet.c.obj
[173/1052] Building C object esp-idf/wpa_supplicant/CMakeFiles/__idf_wpa_supplicant.dir/src/rsn_supp/pmksa_cache.c.obj
[122/1052] Linking C static library esp-idf/esp_driver_rmt/libesp_driver_rmt.a
[92/1052] Linking C static library esp-idf/esp_driver_twai/libesp_driver_twai.a
[174/1052] Building C object esp-idf/wpa_supplicant/CMakeFiles/__idf_wpa_supplicant.dir/src/eap_peer/eap_fast_common.c.obj
[93/1052] Building C object esp-idf/esp_wifi/CMakeFiles/__idf_esp_wifi.dir/src/lib_printf.c.obj
[318/1045] Building C object esp-idf/esp_phy/CMakeFiles/__idf_esp_phy.dir/src/lib_printf.c.obj
[94/1052] Building C object esp-idf/esp_driver_mcpwm/CMakeFiles/__idf_esp_driver_mcpwm.dir/src/mcpwm_cap.c.obj
[319/1045] Building C object esp-idf/esp_driver_usb_serial_jtag/CMakeFiles/__idf_esp_driver_usb_serial_jtag.dir/src/usb_serial_jtag_connection_monitor.c.obj
[194/1046] Building C object esp-idf/wpa_supplicant/CMakeFiles/__idf_wpa_supplicant.dir/esp_supplicant/src/esp_owe.c.obj
[95/1052] Building C object esp-idf/esp_driver_i2s/CMakeFiles/__idf_esp_driver_i2s.dir/i2s_pdm.c.obj
[123/1052] Building C object esp-idf/wpa_supplicant/CMakeFiles/__idf_wpa_supplicant.dir/src/ap/pmksa_cache_auth.c.obj
[175/1052] Building C object esp-idf/wpa_supplicant/CMakeFiles/__idf_wpa_supplicant.dir/src/common/sae.c.obj
[320/1045] Building C object esp-idf/vfs/CMakeFiles/__idf_vfs.dir/nullfs.c.obj
[124/1052] Linking C static library esp-idf/esp_driver_sdspi/libesp_driver_sdspi.a
[96/1052] Building C object esp-idf/esp_driver_spi/CMakeFiles/__idf_esp_driver_spi.dir/src/gpspi/spi_slave_hd.c.obj
[321/1045] Building C object esp-idf/lwip/CMakeFiles/__idf_lwip.dir/port/freertos/sys_arch.c.obj
[125/1052] Building C object esp-idf/esp_driver_spi/CMakeFiles/__idf_esp_driver_spi.dir/src/gpspi/spi_slave.c.obj
[97/1052] Building C object esp-idf/esp_driver_mcpwm/CMakeFiles/__idf_esp_driver_mcpwm.dir/src/mcpwm_fault.c.obj
[98/1052] Linking C static library esp-idf/esp_driver_ledc/libesp_driver_ledc.a
[176/1052] Building C object esp-idf/wpa_supplicant/CMakeFiles/__idf_wpa_supplicant.dir/src/utils/base64.c.obj
[322/1045] Building C object esp-idf/esp_phy/CMakeFiles/__idf_esp_phy.dir/src/phy_override.c.obj
[126/1052] Building C object esp-idf/wpa_supplicant/CMakeFiles/__idf_wpa_supplicant.dir/src/crypto/aes-siv.c.obj
[177/1052] Building C object esp-idf/wpa_supplicant/CMakeFiles/__idf_wpa_supplicant.dir/src/utils/ext_password.c.obj
[195/1046] Building C object esp-idf/wpa_supplicant/CMakeFiles/__idf_wpa_supplicant.dir/esp_supplicant/src/esp_common.c.obj
[323/1045] Building C object esp-idf/esp_vfs_console/CMakeFiles/__idf_esp_vfs_console.dir/vfs_console.c.obj
[178/1052] Building C object esp-idf/wpa_supplicant/CMakeFiles/__idf_wpa_supplicant.dir/src/eap_peer/eap.c.obj
[127/1052] Linking C static library esp-idf/esp_driver_sdmmc/libesp_driver_sdmmc.a
[324/1045] Building C object esp-idf/esp_driver_usb_serial_jtag/CMakeFiles/__idf_esp_driver_usb_serial_jtag.dir/src/usb_serial_jtag_vfs.c.obj
[128/1052] Building C object esp-idf/wpa_supplicant/CMakeFiles/__idf_wpa_supplicant.dir/src/ap/sta_info.c.obj
[99/1052] Building C object esp-idf/esp_wifi/CMakeFiles/__idf_esp_wifi.dir/src/mesh_event.c.obj
[325/1045] Building C object esp-idf/esp_phy/CMakeFiles/__idf_esp_phy.dir/esp32s3/phy_init_data.c.obj
[129/1052] Building C object esp-idf/wpa_supplicant/CMakeFiles/__idf_wpa_supplicant.dir/src/ap/ieee802_1x.c.obj
[100/1052] Building C object esp-idf/esp_gdbstub/CMakeFiles/__idf_esp_gdbstub.dir/src/port/xtensa/gdbstub_xtensa.c.obj
[326/1045] Building C object esp-idf/esp_phy/CMakeFiles/__idf_esp_phy.dir/src/phy_init.c.obj
[196/1046] Building C object esp-idf/wpa_supplicant/CMakeFiles/__idf_wpa_supplicant.dir/esp_supplicant/src/esp_wpa_main.c.obj
[101/1052] Linking C static library esp-idf/esp_driver_i2c/libesp_driver_i2c.a
[102/1052] Building C object esp-idf/esp_coex/CMakeFiles/__idf_esp_coex.dir/src/coexist_debug_diagram.c.obj
[130/1052] Building C object esp-idf/wpa_supplicant/CMakeFiles/__idf_wpa_supplicant.dir/port/eloop.c.obj
[327/1045] Building C object esp-idf/lwip/CMakeFiles/__idf_lwip.dir/apps/ping/ping_sock.c.obj
[131/1052] Building C object esp-idf/esp_driver_spi/CMakeFiles/__idf_esp_driver_spi.dir/src/gpspi/spi_common.c.obj
[132/1052] Linking C static library esp-idf/esp_driver_sd_intf/libesp_driver_sd_intf.a
[179/1052] Building C object esp-idf/wpa_supplicant/CMakeFiles/__idf_wpa_supplicant.dir/src/utils/wpa_debug.c.obj
[328/1045] Building C object esp-idf/lwip/CMakeFiles/__idf_lwip.dir/lwip/src/core/ipv6/nd6.c.obj
[103/1052] Linking C static library esp-idf/esp_driver_sdm/libesp_driver_sdm.a
[180/1052] Building C object esp-idf/wpa_supplicant/CMakeFiles/__idf_wpa_supplicant.dir/src/utils/wpabuf.c.obj
[133/1052] Building C object esp-idf/wpa_supplicant/CMakeFiles/__idf_wpa_supplicant.dir/src/ap/comeback_token.c.obj
[134/1052] Building C object esp-idf/wpa_supplicant/CMakeFiles/__idf_wpa_supplicant.dir/src/common/dragonfly.c.obj
[181/1052] Building C object esp-idf/wpa_supplicant/CMakeFiles/__idf_wpa_supplicant.dir/src/rsn_supp/wpa_ie.c.obj
[197/1046] Building C object esp-idf/wpa_supplicant/CMakeFiles/__idf_wpa_supplicant.dir/esp_supplicant/src/crypto/crypto_mbedtls.c.obj
[104/1052] Building C object esp-idf/esp_driver_pcnt/CMakeFiles/__idf_esp_driver_pcnt.dir/src/pulse_cnt.c.obj
[135/1052] Building C object esp-idf/wpa_supplicant/CMakeFiles/__idf_wpa_supplicant.dir/src/common/wpa_common.c.obj
[105/1052] Building C object esp-idf/esp_wifi/CMakeFiles/__idf_esp_wifi.dir/src/smartconfig.c.obj
[106/1052] Building C object esp-idf/esp_wifi/CMakeFiles/__idf_esp_wifi.dir/src/wifi_default_ap.c.obj
[182/1052] Building C object esp-idf/wpa_supplicant/CMakeFiles/__idf_wpa_supplicant.dir/src/eap_peer/eap_fast_pac.c.obj
[136/1052] Building C object esp-idf/wpa_supplicant/CMakeFiles/__idf_wpa_supplicant.dir/src/ap/wpa_auth_ie.c.obj
[107/1052] Building C object esp-idf/esp_driver_mcpwm/CMakeFiles/__idf_esp_driver_mcpwm.dir/src/mcpwm_timer.c.obj
[198/1046] Building C object esp-idf/wpa_supplicant/CMakeFiles/__idf_wpa_supplicant.dir/src/crypto/rc4.c.obj
[137/1052] Building C object esp-idf/wpa_supplicant/CMakeFiles/__idf_wpa_supplicant.dir/src/crypto/sha256-kdf.c.obj
[183/1052] Building C object esp-idf/wpa_supplicant/CMakeFiles/__idf_wpa_supplicant.dir/esp_supplicant/src/esp_wpa2_api_port.c.obj
[329/1045] Building C object esp-idf/esp_phy/CMakeFiles/__idf_esp_phy.dir/src/btbb_init.c.obj
[108/1052] Linking C static library esp-idf/esp_driver_tsens/libesp_driver_tsens.a
[138/1052] Linking C static library esp-idf/sdmmc/libsdmmc.a
[109/1052] Building C object esp-idf/esp_coex/CMakeFiles/__idf_esp_coex.dir/src/coexist_debug.c.obj
[110/1052] Building C object esp-idf/esp_wifi/CMakeFiles/__idf_esp_wifi.dir/src/wifi_default.c.obj
[139/1052] Building C object esp-idf/wpa_supplicant/CMakeFiles/__idf_wpa_supplicant.dir/src/crypto/sha256-prf.c.obj
[111/1052] Building C object esp-idf/esp_wifi/CMakeFiles/__idf_esp_wifi.dir/src/wifi_init.c.obj
[112/1052] Building C object esp-idf/esp_wifi/CMakeFiles/__idf_esp_wifi.dir/src/wifi_netif.c.obj
[113/1052] Building C object esp-idf/esp_coex/CMakeFiles/__idf_esp_coex.dir/esp32s3/esp_coex_adapter.c.obj
[140/1052] Building C object esp-idf/wpa_supplicant/CMakeFiles/__idf_wpa_supplicant.dir/src/crypto/dh_group5.c.obj
[330/1045] Building C object esp-idf/esp_driver_usb_serial_jtag/CMakeFiles/__idf_esp_driver_usb_serial_jtag.dir/src/usb_serial_jtag.c.obj
[199/1046] Linking C static library esp-idf/esp_coex/libesp_coex.a
[184/1052] Building C object esp-idf/wpa_supplicant/CMakeFiles/__idf_wpa_supplicant.dir/src/common/sae_pk.c.obj
[141/1052] Linking C static library esp-idf/esp_driver_i2s/libesp_driver_i2s.a
[114/1052] Linking C static library esp-idf/esp_driver_rmt/libesp_driver_rmt.a
[142/1052] Building C object esp-idf/wpa_supplicant/CMakeFiles/__idf_wpa_supplicant.dir/src/ap/ieee802_11.c.obj
[185/1052] Building C object esp-idf/wpa_supplicant/CMakeFiles/__idf_wpa_supplicant.dir/src/wps/wps.c.obj
[143/1052] Building C object esp-idf/wpa_supplicant/CMakeFiles/__idf_wpa_supplicant.dir/src/crypto/sha256-tlsprf.c.obj
[200/1046] Building C object esp-idf/wpa_supplicant/CMakeFiles/__idf_wpa_supplicant.dir/src/wps/wps_enrollee.c.obj
[115/1052] Building C object esp-idf/esp_wifi/CMakeFiles/__idf_esp_wifi.dir/regulatory/esp_wifi_regulatory.c.obj
[116/1052] Building C object esp-idf/wpa_supplicant/CMakeFiles/__idf_wpa_supplicant.dir/port/os_xtensa.c.obj
[186/1052] Building C object esp-idf/wpa_supplicant/CMakeFiles/__idf_wpa_supplicant.dir/esp_supplicant/src/esp_wpas_glue.c.obj
[201/1046] Building C object esp-idf/wpa_supplicant/CMakeFiles/__idf_wpa_supplicant.dir/esp_supplicant/src/esp_hostap.c.obj
[187/1052] Building C object esp-idf/wpa_supplicant/CMakeFiles/__idf_wpa_supplicant.dir/src/wps/wps_dev_attr.c.obj
[202/1046] Building C object esp-idf/wpa_supplicant/CMakeFiles/__idf_wpa_supplicant.dir/esp_supplicant/src/crypto/crypto_mbedtls-rsa.c.obj
[117/1052] Linking C static library esp-idf/esp_driver_sdspi/libesp_driver_sdspi.a
[203/1046] Building C object esp-idf/wpa_supplicant/CMakeFiles/__idf_wpa_supplicant.dir/src/rsn_supp/wpa.c.obj
[331/1045] Building C object esp-idf/vfs/CMakeFiles/__idf_vfs.dir/vfs_eventfd.c.obj
[118/1052] Building C object esp-idf/esp_driver_mcpwm/CMakeFiles/__idf_esp_driver_mcpwm.dir/src/mcpwm_oper.c.obj
[119/1052] Building C object esp-idf/esp_wifi/CMakeFiles/__idf_esp_wifi.dir/src/smartconfig_ack.c.obj
[204/1046] Building C object esp-idf/esp_netif/CMakeFiles/__idf_esp_netif.dir/esp_netif_defaults.c.obj
[205/1046] Building C object esp-idf/wpa_supplicant/CMakeFiles/__idf_wpa_supplicant.dir/src/eap_peer/eap_fast.c.obj
[144/1052] Building C object esp-idf/wpa_supplicant/CMakeFiles/__idf_wpa_supplicant.dir/src/ap/wpa_auth.c.obj
[206/1046] Building C object esp-idf/wpa_supplicant/CMakeFiles/__idf_wpa_supplicant.dir/esp_supplicant/src/crypto/crypto_mbedtls-bignum.c.obj
[188/1052] Building C object esp-idf/wpa_supplicant/CMakeFiles/__idf_wpa_supplicant.dir/src/wps/wps_attr_parse.c.obj
[207/1046] Building C object esp-idf/wpa_supplicant/CMakeFiles/__idf_wpa_supplicant.dir/src/crypto/aes-wrap.c.obj
[145/1052] Building C object esp-idf/wpa_supplicant/CMakeFiles/__idf_wpa_supplicant.dir/src/crypto/crypto_ops.c.obj
[120/1052] Building C object esp-idf/wpa_supplicant/CMakeFiles/__idf_wpa_supplicant.dir/src/ap/ieee802_1x.c.obj
[208/1046] Building C object esp-idf/wpa_supplicant/CMakeFiles/__idf_wpa_supplicant.dir/esp_supplicant/src/esp_wpa3.c.obj
[121/1052] Linking C static library esp-idf/esp_driver_sdmmc/libesp_driver_sdmmc.a
[209/1046] Building C object esp-idf/wpa_supplicant/CMakeFiles/__idf_wpa_supplicant.dir/src/crypto/des-internal.c.obj
[210/1046] Building C object esp-idf/wpa_supplicant/CMakeFiles/__idf_wpa_supplicant.dir/src/crypto/aes-unwrap.c.obj
[146/1052] Linking C static library esp-idf/esp_driver_mcpwm/libesp_driver_mcpwm.a
[211/1046] Building C object esp-idf/esp_netif/CMakeFiles/__idf_esp_netif.dir/esp_netif_objects.c.obj
[147/1052] Building C object esp-idf/wpa_supplicant/CMakeFiles/__idf_wpa_supplicant.dir/src/crypto/dh_groups.c.obj
[332/1045] Linking C static library esp-idf/lwip/liblwip.a
[148/1052] Building C object esp-idf/wpa_supplicant/CMakeFiles/__idf_wpa_supplicant.dir/src/crypto/aes-gcm.c.obj
[189/1052] Building C object esp-idf/wpa_supplicant/CMakeFiles/__idf_wpa_supplicant.dir/src/utils/json.c.obj
[212/1046] Building C object esp-idf/wpa_supplicant/CMakeFiles/__idf_wpa_supplicant.dir/src/crypto/aes-ccm.c.obj
[149/1052] Building C object esp-idf/wpa_supplicant/CMakeFiles/__idf_wpa_supplicant.dir/src/crypto/ccmp.c.obj
[150/1052] Building C object esp-idf/wpa_supplicant/CMakeFiles/__idf_wpa_supplicant.dir/src/crypto/sha1-tlsprf.c.obj
[213/1046] Building C object esp-idf/esp_netif/CMakeFiles/__idf_esp_netif.dir/lwip/esp_netif_lwip_defaults.c.obj
[122/1052] Linking C static library esp-idf/esp_driver_sd_intf/libesp_driver_sd_intf.a
[214/1046] Building C object esp-idf/wpa_supplicant/CMakeFiles/__idf_wpa_supplicant.dir/esp_supplicant/src/crypto/fastpbkdf2.c.obj
[151/1052] Building C object esp-idf/wpa_supplicant/CMakeFiles/__idf_wpa_supplicant.dir/src/crypto/sha1-prf.c.obj
[215/1046] Building C object esp-idf/esp_netif/CMakeFiles/__idf_esp_netif.dir/lwip/netif/wlanif.c.obj
[190/1052] Building C object esp-idf/wpa_supplicant/CMakeFiles/__idf_wpa_supplicant.dir/src/wps/wps_attr_process.c.obj
[333/1045] Building C object esp-idf/nvs_flash/CMakeFiles/__idf_nvs_flash.dir/src/nvs_bootloader.c.obj
[191/1052] Building C object esp-idf/wpa_supplicant/CMakeFiles/__idf_wpa_supplicant.dir/src/eap_peer/eap_ttls.c.obj
[152/1052] Linking C static library esp-idf/esp_driver_pcnt/libesp_driver_pcnt.a
[334/1045] Building CXX object esp-idf/nvs_flash/CMakeFiles/__idf_nvs_flash.dir/src/nvs_platform.cpp.obj
[216/1046] Building C object esp-idf/wpa_supplicant/CMakeFiles/__idf_wpa_supplicant.dir/esp_supplicant/src/esp_eap_client.c.obj
[335/1045] Building C object esp-idf/vfs/CMakeFiles/__idf_vfs.dir/vfs_semihost.c.obj
[123/1052] Linking C static library esp-idf/sdmmc/libsdmmc.a
[192/1052] Building C object esp-idf/wpa_supplicant/CMakeFiles/__idf_wpa_supplicant.dir/src/wps/wps_common.c.obj
[153/1052] Building C object esp-idf/wpa_supplicant/CMakeFiles/__idf_wpa_supplicant.dir/src/crypto/sha384-tlsprf.c.obj
[124/1052] Building C object esp-idf/wpa_supplicant/CMakeFiles/__idf_wpa_supplicant.dir/src/ap/comeback_token.c.obj
[154/1052] Building C object esp-idf/wpa_supplicant/CMakeFiles/__idf_wpa_supplicant.dir/src/eap_common/eap_wsc_common.c.obj
[193/1052] Building C object esp-idf/wpa_supplicant/CMakeFiles/__idf_wpa_supplicant.dir/src/wps/wps_enrollee.c.obj
[155/1052] Building C object esp-idf/wpa_supplicant/CMakeFiles/__idf_wpa_supplicant.dir/src/crypto/sha1-tprf.c.obj
[156/1052] Building C object esp-idf/wpa_supplicant/CMakeFiles/__idf_wpa_supplicant.dir/src/crypto/ms_funcs.c.obj
[194/1052] Building C object esp-idf/wpa_supplicant/CMakeFiles/__idf_wpa_supplicant.dir/esp_supplicant/src/esp_common.c.obj
[157/1052] Building C object esp-idf/wpa_supplicant/CMakeFiles/__idf_wpa_supplicant.dir/src/crypto/sha384-prf.c.obj
[158/1052] Linking C static library esp-idf/esp_gdbstub/libesp_gdbstub.a
[217/1046] Building C object esp-idf/lwip/CMakeFiles/__idf_lwip.dir/lwip/src/api/err.c.obj
[195/1052] Building C object esp-idf/wpa_supplicant/CMakeFiles/__idf_wpa_supplicant.dir/src/wps/wps_attr_build.c.obj
[196/1052] Building C object esp-idf/wpa_supplicant/CMakeFiles/__idf_wpa_supplicant.dir/esp_supplicant/src/esp_wpa3.c.obj
[125/1052] Linking C static library esp-idf/esp_driver_i2s/libesp_driver_i2s.a
[218/1046] Building C object esp-idf/wpa_supplicant/CMakeFiles/__idf_wpa_supplicant.dir/esp_supplicant/src/crypto/tls_mbedtls.c.obj
[219/1046] Building C object esp-idf/wpa_supplicant/CMakeFiles/__idf_wpa_supplicant.dir/esp_supplicant/src/crypto/crypto_mbedtls-ec.c.obj
[197/1052] Building C object esp-idf/wpa_supplicant/CMakeFiles/__idf_wpa_supplicant.dir/esp_supplicant/src/esp_wpa_main.c.obj
[336/1045] Building C object esp-idf/nvs_flash/CMakeFiles/__idf_nvs_flash.dir/src/nvs_bootloader_aes.c.obj
[126/1052] Building C object esp-idf/esp_driver_spi/CMakeFiles/__idf_esp_driver_spi.dir/src/gpspi/spi_slave.c.obj
[337/1045] Building C object esp-idf/esp_event/CMakeFiles/__idf_esp_event.dir/default_event_loop.c.obj
[198/1052] Building C object esp-idf/wpa_supplicant/CMakeFiles/__idf_wpa_supplicant.dir/esp_supplicant/src/esp_owe.c.obj
[159/1052] Building C object esp-idf/wpa_supplicant/CMakeFiles/__idf_wpa_supplicant.dir/src/eap_peer/chap.c.obj
[127/1052] Building C object esp-idf/esp_wifi/CMakeFiles/__idf_esp_wifi.dir/esp32s3/esp_adapter.c.obj
[160/1052] Building C object esp-idf/wpa_supplicant/CMakeFiles/__idf_wpa_supplicant.dir/src/crypto/md4-internal.c.obj
[220/1046] Building C object esp-idf/esp_netif/CMakeFiles/__idf_esp_netif.dir/esp_netif_handlers.c.obj
[199/1052] Building C object esp-idf/wpa_supplicant/CMakeFiles/__idf_wpa_supplicant.dir/esp_supplicant/src/crypto/crypto_mbedtls-rsa.c.obj
[128/1052] Building C object esp-idf/wpa_supplicant/CMakeFiles/__idf_wpa_supplicant.dir/src/ap/wpa_auth_ie.c.obj
[338/1045] Building C object esp-idf/nvs_flash/CMakeFiles/__idf_nvs_flash.dir/src/nvs_bootloader_xts_aes.c.obj
[221/1046] Building C object esp-idf/lwip/CMakeFiles/__idf_lwip.dir/lwip/src/api/if_api.c.obj
[129/1052] Building C object esp-idf/wpa_supplicant/CMakeFiles/__idf_wpa_supplicant.dir/src/ap/ap_config.c.obj
[222/1046] Building C object esp-idf/esp_netif/CMakeFiles/__idf_esp_netif.dir/lwip/netif/esp_pbuf_ref.c.obj
[161/1052] Linking C static library esp-idf/esp_driver_spi/libesp_driver_spi.a
[130/1052] Building C object esp-idf/wpa_supplicant/CMakeFiles/__idf_wpa_supplicant.dir/src/ap/sta_info.c.obj
[200/1052] Building C object esp-idf/wpa_supplicant/CMakeFiles/__idf_wpa_supplicant.dir/esp_supplicant/src/crypto/fastpsk.c.obj
[131/1052] Building C object esp-idf/wpa_supplicant/CMakeFiles/__idf_wpa_supplicant.dir/src/common/dragonfly.c.obj
[201/1052] Linking C static library esp-idf/esp_coex/libesp_coex.a
[132/1052] Linking C static library esp-idf/esp_driver_mcpwm/libesp_driver_mcpwm.a
[133/1052] Building C object esp-idf/wpa_supplicant/CMakeFiles/__idf_wpa_supplicant.dir/src/ap/pmksa_cache_auth.c.obj
[223/1046] Building C object esp-idf/lwip/CMakeFiles/__idf_lwip.dir/lwip/src/api/api_lib.c.obj
[224/1046] Building C object esp-idf/esp_netif/CMakeFiles/__idf_esp_netif.dir/lwip/netif/ethernetif.c.obj
[134/1052] Building C object esp-idf/wpa_supplicant/CMakeFiles/__idf_wpa_supplicant.dir/src/utils/bitfield.c.obj
[225/1046] Building C object esp-idf/lwip/CMakeFiles/__idf_lwip.dir/lwip/src/apps/sntp/sntp.c.obj
[162/1052] Building C object esp-idf/wpa_supplicant/CMakeFiles/__idf_wpa_supplicant.dir/src/common/ieee802_11_common.c.obj
[135/1052] Linking C static library esp-idf/esp_driver_pcnt/libesp_driver_pcnt.a
[226/1046] Building C object esp-idf/esp_netif/CMakeFiles/__idf_esp_netif.dir/lwip/esp_netif_sntp.c.obj
[136/1052] Building C object esp-idf/wpa_supplicant/CMakeFiles/__idf_wpa_supplicant.dir/src/ap/ieee802_11.c.obj
[163/1052] Building C object esp-idf/wpa_supplicant/CMakeFiles/__idf_wpa_supplicant.dir/src/eap_peer/eap_common.c.obj
[202/1052] Building C object esp-idf/wpa_supplicant/CMakeFiles/__idf_wpa_supplicant.dir/esp_supplicant/src/crypto/crypto_mbedtls.c.obj
[203/1052] Building C object esp-idf/wpa_supplicant/CMakeFiles/__idf_wpa_supplicant.dir/src/rsn_supp/wpa.c.obj
[227/1046] Building C object esp-idf/lwip/CMakeFiles/__idf_lwip.dir/lwip/src/api/netbuf.c.obj
[164/1052] Linking C static library esp-idf/esp_wifi/libesp_wifi.a
[204/1052] Building C object esp-idf/wpa_supplicant/CMakeFiles/__idf_wpa_supplicant.dir/esp_supplicant/src/crypto/fastpbkdf2.c.obj
[165/1052] Building C object esp-idf/wpa_supplicant/CMakeFiles/__idf_wpa_supplicant.dir/src/eap_peer/eap_peap_common.c.obj
[137/1052] Building C object esp-idf/wpa_supplicant/CMakeFiles/__idf_wpa_supplicant.dir/port/eloop.c.obj
[138/1052] Building C object esp-idf/esp_driver_spi/CMakeFiles/__idf_esp_driver_spi.dir/src/gpspi/spi_master.c.obj
[139/1052] Building C object esp-idf/wpa_supplicant/CMakeFiles/__idf_wpa_supplicant.dir/src/crypto/aes-siv.c.obj
[205/1052] Building C object esp-idf/esp_netif/CMakeFiles/__idf_esp_netif.dir/esp_netif_defaults.c.obj
[228/1046] Building C object esp-idf/lwip/CMakeFiles/__idf_lwip.dir/apps/sntp/sntp.c.obj
[166/1052] Building C object esp-idf/wpa_supplicant/CMakeFiles/__idf_wpa_supplicant.dir/src/eap_peer/eap_tls.c.obj
[140/1052] Building C object esp-idf/wpa_supplicant/CMakeFiles/__idf_wpa_supplicant.dir/src/crypto/sha1-tlsprf.c.obj
[206/1052] Building C object esp-idf/wpa_supplicant/CMakeFiles/__idf_wpa_supplicant.dir/src/crypto/rc4.c.obj
[141/1052] Building C object esp-idf/wpa_supplicant/CMakeFiles/__idf_wpa_supplicant.dir/src/crypto/sha256-kdf.c.obj
[142/1052] Building C object esp-idf/wpa_supplicant/CMakeFiles/__idf_wpa_supplicant.dir/src/crypto/ccmp.c.obj
[143/1052] Building C object esp-idf/esp_driver_spi/CMakeFiles/__idf_esp_driver_spi.dir/src/gpspi/spi_common.c.obj
[144/1052] Linking C static library esp-idf/esp_gdbstub/libesp_gdbstub.a
[229/1046] Building C object esp-idf/lwip/CMakeFiles/__idf_lwip.dir/lwip/src/api/netifapi.c.obj
[207/1052] Building C object esp-idf/esp_netif/CMakeFiles/__idf_esp_netif.dir/lwip/esp_netif_lwip_defaults.c.obj
[145/1052] Building C object esp-idf/wpa_supplicant/CMakeFiles/__idf_wpa_supplicant.dir/src/crypto/sha256-tlsprf.c.obj
[230/1046] Building C object esp-idf/lwip/CMakeFiles/__idf_lwip.dir/lwip/src/api/tcpip.c.obj
[208/1052] Building C object esp-idf/wpa_supplicant/CMakeFiles/__idf_wpa_supplicant.dir/esp_supplicant/src/esp_hostap.c.obj
[339/1045] Building C object esp-idf/esp_event/CMakeFiles/__idf_esp_event.dir/esp_event_private.c.obj
[209/1052] Building C object esp-idf/esp_netif/CMakeFiles/__idf_esp_netif.dir/esp_netif_objects.c.obj
[231/1046] Building C object esp-idf/lwip/CMakeFiles/__idf_lwip.dir/lwip/src/api/netdb.c.obj
[340/1045] Building CXX object esp-idf/nvs_flash/CMakeFiles/__idf_nvs_flash.dir/src/nvs_partition.cpp.obj
[232/1046] Building C object esp-idf/wpa_supplicant/CMakeFiles/__idf_wpa_supplicant.dir/esp_supplicant/src/esp_wps.c.obj
[167/1052] Building C object esp-idf/wpa_supplicant/CMakeFiles/__idf_wpa_supplicant.dir/src/utils/common.c.obj
[168/1052] Building C object esp-idf/wpa_supplicant/CMakeFiles/__idf_wpa_supplicant.dir/src/eap_peer/mschapv2.c.obj
[146/1052] Building C object esp-idf/wpa_supplicant/CMakeFiles/__idf_wpa_supplicant.dir/src/crypto/crypto_ops.c.obj
[210/1052] Building C object esp-idf/wpa_supplicant/CMakeFiles/__idf_wpa_supplicant.dir/esp_supplicant/src/crypto/crypto_mbedtls-bignum.c.obj
[169/1052] Building C object esp-idf/wpa_supplicant/CMakeFiles/__idf_wpa_supplicant.dir/src/eap_peer/eap_fast_common.c.obj
[211/1052] Building C object esp-idf/wpa_supplicant/CMakeFiles/__idf_wpa_supplicant.dir/src/crypto/aes-unwrap.c.obj
[147/1052] Linking C static library esp-idf/esp_driver_spi/libesp_driver_spi.a
[148/1052] Building C object esp-idf/wpa_supplicant/CMakeFiles/__idf_wpa_supplicant.dir/src/crypto/ms_funcs.c.obj
[212/1052] Building C object esp-idf/wpa_supplicant/CMakeFiles/__idf_wpa_supplicant.dir/src/eap_peer/eap_fast.c.obj
[149/1052] Building C object esp-idf/wpa_supplicant/CMakeFiles/__idf_wpa_supplicant.dir/src/crypto/sha384-prf.c.obj
[233/1046] Building C object esp-idf/lwip/CMakeFiles/__idf_lwip.dir/lwip/src/core/init.c.obj
[170/1052] Building C object esp-idf/wpa_supplicant/CMakeFiles/__idf_wpa_supplicant.dir/src/eap_peer/eap_tls_common.c.obj
[213/1052] Building C object esp-idf/esp_netif/CMakeFiles/__idf_esp_netif.dir/esp_netif_handlers.c.obj
[234/1046] Building C object esp-idf/lwip/CMakeFiles/__idf_lwip.dir/lwip/src/core/sys.c.obj
[150/1052] Building C object esp-idf/wpa_supplicant/CMakeFiles/__idf_wpa_supplicant.dir/src/crypto/sha384-tlsprf.c.obj
[214/1052] Building C object esp-idf/wpa_supplicant/CMakeFiles/__idf_wpa_supplicant.dir/src/crypto/aes-wrap.c.obj
[151/1052] Linking C static library esp-idf/esp_wifi/libesp_wifi.a
[341/1045] Building C object esp-idf/esp_driver_uart/CMakeFiles/__idf_esp_driver_uart.dir/src/uart_wakeup.c.obj
[171/1052] Building C object esp-idf/wpa_supplicant/CMakeFiles/__idf_wpa_supplicant.dir/src/eap_peer/eap.c.obj
[235/1046] Building C object esp-idf/lwip/CMakeFiles/__idf_lwip.dir/lwip/src/core/def.c.obj
[215/1052] Building C object esp-idf/wpa_supplicant/CMakeFiles/__idf_wpa_supplicant.dir/src/crypto/des-internal.c.obj
[172/1052] Building C object esp-idf/wpa_supplicant/CMakeFiles/__idf_wpa_supplicant.dir/src/eap_peer/eap_peap.c.obj
[236/1046] Building C object esp-idf/lwip/CMakeFiles/__idf_lwip.dir/lwip/src/api/sockets.c.obj
[342/1045] Building C object esp-idf/vfs/CMakeFiles/__idf_vfs.dir/vfs.c.obj
[216/1052] Building C object esp-idf/lwip/CMakeFiles/__idf_lwip.dir/lwip/src/api/err.c.obj
[152/1052] Building C object esp-idf/wpa_supplicant/CMakeFiles/__idf_wpa_supplicant.dir/src/crypto/dh_group5.c.obj
[217/1052] Building C object esp-idf/wpa_supplicant/CMakeFiles/__idf_wpa_supplicant.dir/esp_supplicant/src/esp_wps.c.obj
[153/1052] Building C object esp-idf/wpa_supplicant/CMakeFiles/__idf_wpa_supplicant.dir/src/common/wpa_common.c.obj
[237/1046] Building C object esp-idf/lwip/CMakeFiles/__idf_lwip.dir/lwip/src/core/ip.c.obj
[173/1052] Building C object esp-idf/wpa_supplicant/CMakeFiles/__idf_wpa_supplicant.dir/src/utils/wpa_debug.c.obj
[154/1052] Building C object esp-idf/wpa_supplicant/CMakeFiles/__idf_wpa_supplicant.dir/src/crypto/aes-gcm.c.obj
[343/1045] Building CXX object esp-idf/nvs_flash/CMakeFiles/__idf_nvs_flash.dir/src/nvs_partition_lookup.cpp.obj
[174/1052] Building C object esp-idf/wpa_supplicant/CMakeFiles/__idf_wpa_supplicant.dir/src/utils/ext_password.c.obj
[218/1052] Building C object esp-idf/wpa_supplicant/CMakeFiles/__idf_wpa_supplicant.dir/esp_supplicant/src/crypto/tls_mbedtls.c.obj
[344/1045] Building CXX object esp-idf/nvs_flash/CMakeFiles/__idf_nvs_flash.dir/src/nvs_storage.cpp.obj
[175/1052] Building C object esp-idf/wpa_supplicant/CMakeFiles/__idf_wpa_supplicant.dir/src/eap_peer/eap_fast_pac.c.obj
[345/1045] Building C object esp-idf/esp_event/CMakeFiles/__idf_esp_event.dir/esp_event.c.obj
[155/1052] Building C object esp-idf/wpa_supplicant/CMakeFiles/__idf_wpa_supplicant.dir/src/crypto/dh_groups.c.obj
[176/1052] Building C object esp-idf/wpa_supplicant/CMakeFiles/__idf_wpa_supplicant.dir/src/eap_peer/eap_mschapv2.c.obj
[219/1052] Building C object esp-idf/lwip/CMakeFiles/__idf_lwip.dir/lwip/src/api/if_api.c.obj
[238/1046] Building C object esp-idf/lwip/CMakeFiles/__idf_lwip.dir/lwip/src/core/mem.c.obj
[239/1046] Building C object esp-idf/lwip/CMakeFiles/__idf_lwip.dir/lwip/src/apps/netbiosns/netbiosns.c.obj
[346/1045] Linking C static library esp-idf/vfs/libvfs.a
[177/1052] Building C object esp-idf/wpa_supplicant/CMakeFiles/__idf_wpa_supplicant.dir/src/rsn_supp/pmksa_cache.c.obj
[220/1052] Building C object esp-idf/wpa_supplicant/CMakeFiles/__idf_wpa_supplicant.dir/esp_supplicant/src/esp_eap_client.c.obj
[221/1052] Building C object esp-idf/wpa_supplicant/CMakeFiles/__idf_wpa_supplicant.dir/src/crypto/aes-ccm.c.obj
[240/1046] Building C object esp-idf/lwip/CMakeFiles/__idf_lwip.dir/lwip/src/core/stats.c.obj
[156/1052] Building C object esp-idf/wpa_supplicant/CMakeFiles/__idf_wpa_supplicant.dir/src/crypto/sha1-prf.c.obj
[222/1052] Building C object esp-idf/lwip/CMakeFiles/__idf_lwip.dir/lwip/src/api/tcpip.c.obj
[347/1045] Linking C static library esp-idf/esp_vfs_console/libesp_vfs_console.a
[157/1052] Building C object esp-idf/wpa_supplicant/CMakeFiles/__idf_wpa_supplicant.dir/src/eap_peer/eap.c.obj
[178/1052] Building C object esp-idf/wpa_supplicant/CMakeFiles/__idf_wpa_supplicant.dir/src/utils/base64.c.obj
[158/1052] Building C object esp-idf/wpa_supplicant/CMakeFiles/__idf_wpa_supplicant.dir/src/crypto/sha256-prf.c.obj
[241/1046] Building C object esp-idf/lwip/CMakeFiles/__idf_lwip.dir/lwip/src/core/inet_chksum.c.obj
[159/1052] Building C object esp-idf/wpa_supplicant/CMakeFiles/__idf_wpa_supplicant.dir/src/eap_peer/chap.c.obj
[179/1052] Building C object esp-idf/wpa_supplicant/CMakeFiles/__idf_wpa_supplicant.dir/src/utils/uuid.c.obj
[223/1052] Building C object esp-idf/esp_netif/CMakeFiles/__idf_esp_netif.dir/lwip/netif/esp_pbuf_ref.c.obj
[242/1046] Linking C static library esp-idf/wpa_supplicant/libwpa_supplicant.a
[348/1045] Linking C static library esp-idf/esp_driver_usb_serial_jtag/libesp_driver_usb_serial_jtag.a
[243/1046] Building C object esp-idf/lwip/CMakeFiles/__idf_lwip.dir/lwip/src/core/memp.c.obj
[224/1052] Building C object esp-idf/esp_netif/CMakeFiles/__idf_esp_netif.dir/lwip/esp_netif_sntp.c.obj
[225/1052] Building C object esp-idf/lwip/CMakeFiles/__idf_lwip.dir/lwip/src/core/def.c.obj
[226/1052] Building C object esp-idf/esp_netif/CMakeFiles/__idf_esp_netif.dir/lwip/netif/wlanif.c.obj
[160/1052] Building C object esp-idf/wpa_supplicant/CMakeFiles/__idf_wpa_supplicant.dir/src/crypto/sha1-tprf.c.obj
[227/1052] Building C object esp-idf/esp_netif/CMakeFiles/__idf_esp_netif.dir/lwip/netif/ethernetif.c.obj
[349/1045] Building CXX object esp-idf/nvs_flash/CMakeFiles/__idf_nvs_flash.dir/src/nvs_item_hash_list.cpp.obj
[161/1052] Building C object esp-idf/wpa_supplicant/CMakeFiles/__idf_wpa_supplicant.dir/src/eap_common/eap_wsc_common.c.obj
[228/1052] Building C object esp-idf/lwip/CMakeFiles/__idf_lwip.dir/apps/sntp/sntp.c.obj
[162/1052] Building C object esp-idf/wpa_supplicant/CMakeFiles/__idf_wpa_supplicant.dir/src/crypto/md4-internal.c.obj
[180/1052] Building C object esp-idf/wpa_supplicant/CMakeFiles/__idf_wpa_supplicant.dir/src/utils/wpabuf.c.obj
[163/1052] Building C object esp-idf/wpa_supplicant/CMakeFiles/__idf_wpa_supplicant.dir/src/eap_peer/eap_peap_common.c.obj
[181/1052] Building C object esp-idf/wpa_supplicant/CMakeFiles/__idf_wpa_supplicant.dir/src/eap_peer/eap_ttls.c.obj
[350/1045] Linking C static library esp-idf/esp_phy/libesp_phy.a
[164/1052] Building C object esp-idf/wpa_supplicant/CMakeFiles/__idf_wpa_supplicant.dir/src/eap_peer/eap_fast_common.c.obj
[244/1046] Building C object esp-idf/lwip/CMakeFiles/__idf_lwip.dir/lwip/src/core/dns.c.obj
[182/1052] Building C object esp-idf/wpa_supplicant/CMakeFiles/__idf_wpa_supplicant.dir/src/common/sae_pk.c.obj
[183/1052] Building C object esp-idf/wpa_supplicant/CMakeFiles/__idf_wpa_supplicant.dir/src/rsn_supp/wpa_ie.c.obj
[229/1052] Building C object esp-idf/lwip/CMakeFiles/__idf_lwip.dir/lwip/src/core/ip.c.obj
[165/1052] Building C object esp-idf/wpa_supplicant/CMakeFiles/__idf_wpa_supplicant.dir/src/eap_peer/eap_tls.c.obj
[245/1046] Building C object esp-idf/lwip/CMakeFiles/__idf_lwip.dir/lwip/src/core/pbuf.c.obj
[184/1052] Building C object esp-idf/wpa_supplicant/CMakeFiles/__idf_wpa_supplicant.dir/src/wps/wps_attr_build.c.obj
[166/1052] Building C object esp-idf/wpa_supplicant/CMakeFiles/__idf_wpa_supplicant.dir/src/eap_peer/mschapv2.c.obj
[230/1052] Building C object esp-idf/lwip/CMakeFiles/__idf_lwip.dir/lwip/src/api/netbuf.c.obj
[351/1045] Building C object esp-idf/esp_timer/CMakeFiles/__idf_esp_timer.dir/src/esp_timer_init.c.obj
[246/1046] Building C object esp-idf/lwip/CMakeFiles/__idf_lwip.dir/lwip/src/core/netif.c.obj
[185/1052] Building C object esp-idf/wpa_supplicant/CMakeFiles/__idf_wpa_supplicant.dir/esp_supplicant/src/esp_wpas_glue.c.obj
[186/1052] Building C object esp-idf/wpa_supplicant/CMakeFiles/__idf_wpa_supplicant.dir/esp_supplicant/src/esp_wpa2_api_port.c.obj
[352/1045] Building C object esp-idf/esp_driver_gptimer/CMakeFiles/__idf_esp_driver_gptimer.dir/src/gptimer.c.obj
[187/1052] Building C object esp-idf/wpa_supplicant/CMakeFiles/__idf_wpa_supplicant.dir/src/utils/json.c.obj
[231/1052] Building C object esp-idf/lwip/CMakeFiles/__idf_lwip.dir/lwip/src/core/inet_chksum.c.obj
[232/1052] Building C object esp-idf/lwip/CMakeFiles/__idf_lwip.dir/lwip/src/api/netdb.c.obj
[188/1052] Building C object esp-idf/wpa_supplicant/CMakeFiles/__idf_wpa_supplicant.dir/src/wps/wps_attr_process.c.obj
[247/1046] Building C object esp-idf/lwip/CMakeFiles/__idf_lwip.dir/lwip/src/core/raw.c.obj
[167/1052] Building C object esp-idf/wpa_supplicant/CMakeFiles/__idf_wpa_supplicant.dir/src/eap_peer/eap_common.c.obj
[353/1045] Building C object esp-idf/esp_timer/CMakeFiles/__idf_esp_timer.dir/src/ets_timer_legacy.c.obj
[248/1046] Building C object esp-idf/lwip/CMakeFiles/__idf_lwip.dir/lwip/src/core/ipv4/autoip.c.obj
[189/1052] Building C object esp-idf/wpa_supplicant/CMakeFiles/__idf_wpa_supplicant.dir/src/common/sae.c.obj
[233/1052] Building C object esp-idf/lwip/CMakeFiles/__idf_lwip.dir/lwip/src/core/pbuf.c.obj
[168/1052] Building C object esp-idf/wpa_supplicant/CMakeFiles/__idf_wpa_supplicant.dir/src/utils/common.c.obj
[169/1052] Building C object esp-idf/wpa_supplicant/CMakeFiles/__idf_wpa_supplicant.dir/src/ap/wpa_auth.c.obj
[190/1052] Building C object esp-idf/wpa_supplicant/CMakeFiles/__idf_wpa_supplicant.dir/esp_supplicant/src/esp_common.c.obj
[170/1052] Building C object esp-idf/wpa_supplicant/CMakeFiles/__idf_wpa_supplicant.dir/src/common/ieee802_11_common.c.obj
[234/1052] Building C object esp-idf/lwip/CMakeFiles/__idf_lwip.dir/lwip/src/api/netifapi.c.obj
[171/1052] Building C object esp-idf/wpa_supplicant/CMakeFiles/__idf_wpa_supplicant.dir/src/eap_peer/eap_mschapv2.c.obj
[191/1052] Building C object esp-idf/wpa_supplicant/CMakeFiles/__idf_wpa_supplicant.dir/src/wps/wps.c.obj
[192/1052] Building C object esp-idf/wpa_supplicant/CMakeFiles/__idf_wpa_supplicant.dir/esp_supplicant/src/esp_owe.c.obj
[249/1046] Building C object esp-idf/lwip/CMakeFiles/__idf_lwip.dir/lwip/src/core/timeouts.c.obj
[250/1046] Building C object esp-idf/lwip/CMakeFiles/__idf_lwip.dir/lwip/src/core/ipv4/ip4_napt.c.obj
[354/1045] Building C object esp-idf/esp_timer/CMakeFiles/__idf_esp_timer.dir/src/system_time.c.obj
[251/1046] Building C object esp-idf/lwip/CMakeFiles/__idf_lwip.dir/lwip/src/core/ipv4/icmp.c.obj
[235/1052] Building C object esp-idf/lwip/CMakeFiles/__idf_lwip.dir/lwip/src/apps/netbiosns/netbiosns.c.obj
[252/1046] Building C object esp-idf/lwip/CMakeFiles/__idf_lwip.dir/lwip/src/core/ipv4/ip4_addr.c.obj
[236/1052] Building C object esp-idf/lwip/CMakeFiles/__idf_lwip.dir/lwip/src/apps/sntp/sntp.c.obj
[253/1046] Building C object esp-idf/lwip/CMakeFiles/__idf_lwip.dir/lwip/src/api/api_msg.c.obj
[237/1052] Building C object esp-idf/lwip/CMakeFiles/__idf_lwip.dir/lwip/src/core/mem.c.obj
[355/1045] Building C object esp-idf/esp_driver_uart/CMakeFiles/__idf_esp_driver_uart.dir/src/uart_vfs.c.obj
[193/1052] Building C object esp-idf/wpa_supplicant/CMakeFiles/__idf_wpa_supplicant.dir/esp_supplicant/src/crypto/tls_mbedtls.c.obj
[254/1046] Building C object esp-idf/lwip/CMakeFiles/__idf_lwip.dir/lwip/src/core/udp.c.obj
[255/1046] Building C object esp-idf/lwip/CMakeFiles/__idf_lwip.dir/lwip/src/core/ipv4/ip4_frag.c.obj
[194/1052] Building C object esp-idf/wpa_supplicant/CMakeFiles/__idf_wpa_supplicant.dir/src/wps/wps_attr_parse.c.obj
[238/1052] Building C object esp-idf/lwip/CMakeFiles/__idf_lwip.dir/lwip/src/core/init.c.obj
[172/1052] Building C object esp-idf/wpa_supplicant/CMakeFiles/__idf_wpa_supplicant.dir/src/utils/uuid.c.obj
[173/1052] Building C object esp-idf/wpa_supplicant/CMakeFiles/__idf_wpa_supplicant.dir/src/utils/base64.c.obj
[195/1052] Building C object esp-idf/wpa_supplicant/CMakeFiles/__idf_wpa_supplicant.dir/esp_supplicant/src/crypto/crypto_mbedtls.c.obj
[174/1052] Building C object esp-idf/wpa_supplicant/CMakeFiles/__idf_wpa_supplicant.dir/src/utils/wpabuf.c.obj
[356/1045] Building C object esp-idf/esp_driver_gptimer/CMakeFiles/__idf_esp_driver_gptimer.dir/src/gptimer_common.c.obj
[196/1052] Building C object esp-idf/wpa_supplicant/CMakeFiles/__idf_wpa_supplicant.dir/src/wps/wps_dev_attr.c.obj
[239/1052] Building C object esp-idf/wpa_supplicant/CMakeFiles/__idf_wpa_supplicant.dir/esp_supplicant/src/crypto/crypto_mbedtls-ec.c.obj
[240/1052] Building C object esp-idf/lwip/CMakeFiles/__idf_lwip.dir/lwip/src/core/memp.c.obj
[241/1052] Building C object esp-idf/lwip/CMakeFiles/__idf_lwip.dir/lwip/src/core/stats.c.obj
[242/1052] Building C object esp-idf/lwip/CMakeFiles/__idf_lwip.dir/lwip/src/core/timeouts.c.obj
[197/1052] Building C object esp-idf/wpa_supplicant/CMakeFiles/__idf_wpa_supplicant.dir/src/wps/wps_common.c.obj
[357/1045] Building C object esp-idf/esp_driver_uart/CMakeFiles/__idf_esp_driver_uart.dir/src/uhci.c.obj
[175/1052] Building C object esp-idf/wpa_supplicant/CMakeFiles/__idf_wpa_supplicant.dir/src/utils/wpa_debug.c.obj
[243/1052] Building C object esp-idf/lwip/CMakeFiles/__idf_lwip.dir/lwip/src/core/ipv4/autoip.c.obj
[256/1046] Building C object esp-idf/lwip/CMakeFiles/__idf_lwip.dir/lwip/src/core/tcp_out.c.obj
[244/1052] Building C object esp-idf/lwip/CMakeFiles/__idf_lwip.dir/lwip/src/core/dns.c.obj
[257/1046] Building C object esp-idf/lwip/CMakeFiles/__idf_lwip.dir/lwip/src/core/ipv4/ip4.c.obj
[176/1052] Building C object esp-idf/wpa_supplicant/CMakeFiles/__idf_wpa_supplicant.dir/src/utils/ext_password.c.obj
[358/1045] Building C object esp-idf/esp_ringbuf/CMakeFiles/__idf_esp_ringbuf.dir/ringbuf.c.obj
[359/1045] Building CXX object esp-idf/cxx/CMakeFiles/__idf_cxx.dir/cxx_exception_stubs.cpp.obj
[177/1052] Building C object esp-idf/wpa_supplicant/CMakeFiles/__idf_wpa_supplicant.dir/src/rsn_supp/pmksa_cache.c.obj
[360/1045] Building C object esp-idf/esp_timer/CMakeFiles/__idf_esp_timer.dir/src/esp_timer_impl_common.c.obj
[245/1052] Building C object esp-idf/lwip/CMakeFiles/__idf_lwip.dir/lwip/src/core/sys.c.obj
[198/1052] Building C object esp-idf/wpa_supplicant/CMakeFiles/__idf_wpa_supplicant.dir/src/crypto/aes-unwrap.c.obj
[199/1052] Building C object esp-idf/wpa_supplicant/CMakeFiles/__idf_wpa_supplicant.dir/esp_supplicant/src/crypto/fastpsk.c.obj
[258/1046] Building C object esp-idf/lwip/CMakeFiles/__idf_lwip.dir/lwip/src/core/ipv4/igmp.c.obj
[178/1052] Building C object esp-idf/wpa_supplicant/CMakeFiles/__idf_wpa_supplicant.dir/src/eap_peer/eap_tls_common.c.obj
[246/1052] Building C object esp-idf/lwip/CMakeFiles/__idf_lwip.dir/lwip/src/api/api_lib.c.obj
[259/1046] Building C object esp-idf/lwip/CMakeFiles/__idf_lwip.dir/lwip/src/core/ipv6/dhcp6.c.obj
[361/1045] Building C object esp-idf/esp_timer/CMakeFiles/__idf_esp_timer.dir/src/esp_timer.c.obj
[260/1046] Building C object esp-idf/lwip/CMakeFiles/__idf_lwip.dir/lwip/src/core/ipv6/inet6.c.obj
[261/1046] Building C object esp-idf/lwip/CMakeFiles/__idf_lwip.dir/lwip/src/core/ipv6/ethip6.c.obj
[200/1052] Building C object esp-idf/wpa_supplicant/CMakeFiles/__idf_wpa_supplicant.dir/src/crypto/rc4.c.obj
[179/1052] Building C object esp-idf/wpa_supplicant/CMakeFiles/__idf_wpa_supplicant.dir/src/rsn_supp/wpa_ie.c.obj
[262/1046] Building C object esp-idf/lwip/CMakeFiles/__idf_lwip.dir/lwip/src/netif/bridgeif.c.obj
[201/1052] Linking C static library esp-idf/esp_coex/libesp_coex.a
[202/1052] Building C object esp-idf/wpa_supplicant/CMakeFiles/__idf_wpa_supplicant.dir/esp_supplicant/src/esp_wpa_main.c.obj
[362/1045] Building C object esp-idf/pthread/CMakeFiles/__idf_pthread.dir/pthread.c.obj
[263/1046] Building C object esp-idf/lwip/CMakeFiles/__idf_lwip.dir/lwip/src/core/ipv4/etharp.c.obj
[203/1052] Building C object esp-idf/esp_netif/CMakeFiles/__idf_esp_netif.dir/esp_netif_defaults.c.obj
[204/1052] Building C object esp-idf/wpa_supplicant/CMakeFiles/__idf_wpa_supplicant.dir/src/eap_peer/eap_fast.c.obj
[205/1052] Building C object esp-idf/wpa_supplicant/CMakeFiles/__idf_wpa_supplicant.dir/src/crypto/aes-wrap.c.obj
[180/1052] Building C object esp-idf/wpa_supplicant/CMakeFiles/__idf_wpa_supplicant.dir/src/common/sae.c.obj
[206/1052] Building C object esp-idf/wpa_supplicant/CMakeFiles/__idf_wpa_supplicant.dir/esp_supplicant/src/esp_wpa3.c.obj
[207/1052] Building C object esp-idf/wpa_supplicant/CMakeFiles/__idf_wpa_supplicant.dir/esp_supplicant/src/esp_hostap.c.obj
[363/1045] Building CXX object esp-idf/cxx/CMakeFiles/__idf_cxx.dir/cxx_guards.cpp.obj
[208/1052] Building C object esp-idf/wpa_supplicant/CMakeFiles/__idf_wpa_supplicant.dir/esp_supplicant/src/crypto/crypto_mbedtls-ec.c.obj
[181/1052] Building C object esp-idf/wpa_supplicant/CMakeFiles/__idf_wpa_supplicant.dir/src/eap_peer/eap_peap.c.obj
[264/1046] Building C object esp-idf/lwip/CMakeFiles/__idf_lwip.dir/lwip/src/netif/ppp/ccp.c.obj
[209/1052] Building C object esp-idf/wpa_supplicant/CMakeFiles/__idf_wpa_supplicant.dir/esp_supplicant/src/esp_wps.c.obj
[364/1045] Building C object esp-idf/pthread/CMakeFiles/__idf_pthread.dir/pthread_semaphore.c.obj
[182/1052] Building C object esp-idf/wpa_supplicant/CMakeFiles/__idf_wpa_supplicant.dir/src/eap_peer/eap_fast_pac.c.obj
[247/1052] Linking C static library esp-idf/wpa_supplicant/libwpa_supplicant.a
[265/1046] Building C object esp-idf/lwip/CMakeFiles/__idf_lwip.dir/lwip/src/core/ipv6/ip6_frag.c.obj
[248/1052] Building C object esp-idf/lwip/CMakeFiles/__idf_lwip.dir/lwip/src/core/ipv4/ip4_napt.c.obj
[183/1052] Building C object esp-idf/wpa_supplicant/CMakeFiles/__idf_wpa_supplicant.dir/esp_supplicant/src/esp_wpa2_api_port.c.obj
[365/1045] Building CXX object esp-idf/cxx/CMakeFiles/__idf_cxx.dir/cxx_init.cpp.obj
[210/1052] Building C object esp-idf/esp_netif/CMakeFiles/__idf_esp_netif.dir/lwip/netif/wlanif.c.obj
[266/1046] Building C object esp-idf/lwip/CMakeFiles/__idf_lwip.dir/lwip/src/netif/ppp/chap_ms.c.obj
[366/1045] Building C object esp-idf/pthread/CMakeFiles/__idf_pthread.dir/pthread_rwlock.c.obj
[211/1052] Building C object esp-idf/esp_netif/CMakeFiles/__idf_esp_netif.dir/esp_netif_objects.c.obj
[249/1052] Building C object esp-idf/lwip/CMakeFiles/__idf_lwip.dir/lwip/src/core/raw.c.obj
[267/1046] Building C object esp-idf/lwip/CMakeFiles/__idf_lwip.dir/lwip/src/core/tcp.c.obj
[268/1046] Building C object esp-idf/lwip/CMakeFiles/__idf_lwip.dir/lwip/src/core/ipv6/icmp6.c.obj
[269/1046] Building C object esp-idf/esp_netif/CMakeFiles/__idf_esp_netif.dir/lwip/esp_netif_lwip.c.obj
[367/1045] Building C object esp-idf/esp_timer/CMakeFiles/__idf_esp_timer.dir/src/esp_timer_impl_systimer.c.obj
[250/1052] Building C object esp-idf/lwip/CMakeFiles/__idf_lwip.dir/lwip/src/core/ipv6/dhcp6.c.obj
[212/1052] Building C object esp-idf/wpa_supplicant/CMakeFiles/__idf_wpa_supplicant.dir/esp_supplicant/src/crypto/crypto_mbedtls-bignum.c.obj
[270/1046] Building C object esp-idf/lwip/CMakeFiles/__idf_lwip.dir/lwip/src/netif/ppp/demand.c.obj
[271/1046] Building C object esp-idf/lwip/CMakeFiles/__idf_lwip.dir/lwip/src/core/ipv6/ip6_addr.c.obj
[368/1045] Building CXX object esp-idf/nvs_flash/CMakeFiles/__idf_nvs_flash.dir/src/nvs_handle_simple.cpp.obj
[213/1052] Building C object esp-idf/wpa_supplicant/CMakeFiles/__idf_wpa_supplicant.dir/src/crypto/aes-ccm.c.obj
[214/1052] Building C object esp-idf/wpa_supplicant/CMakeFiles/__idf_wpa_supplicant.dir/src/wps/wps_enrollee.c.obj
[272/1046] Building C object esp-idf/lwip/CMakeFiles/__idf_lwip.dir/lwip/src/netif/ppp/chap-new.c.obj
[273/1046] Building C object esp-idf/lwip/CMakeFiles/__idf_lwip.dir/lwip/src/netif/bridgeif_fdb.c.obj
[369/1045] Building C object esp-idf/newlib/CMakeFiles/__idf_newlib.dir/src/heap.c.obj
[215/1052] Building C object esp-idf/lwip/CMakeFiles/__idf_lwip.dir/lwip/src/api/err.c.obj
[251/1052] Building C object esp-idf/lwip/CMakeFiles/__idf_lwip.dir/lwip/src/core/ipv4/icmp.c.obj
[252/1052] Building C object esp-idf/lwip/CMakeFiles/__idf_lwip.dir/lwip/src/core/tcp_out.c.obj
[274/1046] Building C object esp-idf/lwip/CMakeFiles/__idf_lwip.dir/lwip/src/netif/ppp/auth.c.obj
[184/1052] Building C object esp-idf/wpa_supplicant/CMakeFiles/__idf_wpa_supplicant.dir/src/wps/wps.c.obj
[275/1046] Building C object esp-idf/lwip/CMakeFiles/__idf_lwip.dir/lwip/src/netif/ethernet.c.obj
[216/1052] Building C object esp-idf/lwip/CMakeFiles/__idf_lwip.dir/lwip/src/api/if_api.c.obj
[370/1045] Building C object esp-idf/newlib/CMakeFiles/__idf_newlib.dir/src/init.c.obj
[371/1045] Building C object esp-idf/newlib/CMakeFiles/__idf_newlib.dir/src/poll.c.obj
[217/1052] Building C object esp-idf/wpa_supplicant/CMakeFiles/__idf_wpa_supplicant.dir/esp_supplicant/src/crypto/fastpbkdf2.c.obj
[253/1052] Building C object esp-idf/lwip/CMakeFiles/__idf_lwip.dir/lwip/src/core/netif.c.obj
[276/1046] Building C object esp-idf/lwip/CMakeFiles/__idf_lwip.dir/lwip/src/netif/ppp/fsm.c.obj
[185/1052] Building C object esp-idf/wpa_supplicant/CMakeFiles/__idf_wpa_supplicant.dir/src/utils/json.c.obj
[372/1045] Building C object esp-idf/newlib/CMakeFiles/__idf_newlib.dir/src/abort.c.obj
[186/1052] Building C object esp-idf/wpa_supplicant/CMakeFiles/__idf_wpa_supplicant.dir/src/wps/wps_attr_parse.c.obj
[277/1046] Building C object esp-idf/lwip/CMakeFiles/__idf_lwip.dir/lwip/src/core/ipv4/dhcp.c.obj
[218/1052] Building C object esp-idf/wpa_supplicant/CMakeFiles/__idf_wpa_supplicant.dir/src/crypto/des-internal.c.obj
[187/1052] Building C object esp-idf/wpa_supplicant/CMakeFiles/__idf_wpa_supplicant.dir/src/wps/wps_attr_process.c.obj
[278/1046] Building C object esp-idf/lwip/CMakeFiles/__idf_lwip.dir/lwip/src/core/ipv6/mld6.c.obj
[219/1052] Building C object esp-idf/lwip/CMakeFiles/__idf_lwip.dir/lwip/src/api/netbuf.c.obj
[188/1052] Building C object esp-idf/wpa_supplicant/CMakeFiles/__idf_wpa_supplicant.dir/src/wps/wps_common.c.obj
[220/1052] Building C object esp-idf/wpa_supplicant/CMakeFiles/__idf_wpa_supplicant.dir/esp_supplicant/src/crypto/crypto_mbedtls-rsa.c.obj
[279/1046] Building C object esp-idf/lwip/CMakeFiles/__idf_lwip.dir/lwip/src/netif/ppp/magic.c.obj
[254/1052] Building C object esp-idf/lwip/CMakeFiles/__idf_lwip.dir/lwip/src/core/ipv4/igmp.c.obj
[255/1052] Building C object esp-idf/lwip/CMakeFiles/__idf_lwip.dir/lwip/src/core/ipv4/ip4_frag.c.obj
[256/1052] Building C object esp-idf/lwip/CMakeFiles/__idf_lwip.dir/lwip/src/api/api_msg.c.obj
[373/1045] Building C object esp-idf/pthread/CMakeFiles/__idf_pthread.dir/pthread_cond_var.c.obj
[280/1046] Building C object esp-idf/lwip/CMakeFiles/__idf_lwip.dir/lwip/src/netif/ppp/chap-md5.c.obj
[221/1052] Building C object esp-idf/esp_netif/CMakeFiles/__idf_esp_netif.dir/esp_netif_handlers.c.obj
[281/1046] Building C object esp-idf/lwip/CMakeFiles/__idf_lwip.dir/lwip/src/netif/ppp/ipcp.c.obj
[374/1045] Building C object esp-idf/newlib/CMakeFiles/__idf_newlib.dir/src/locks.c.obj
[257/1052] Building C object esp-idf/lwip/CMakeFiles/__idf_lwip.dir/lwip/src/core/ipv4/ip4_addr.c.obj
[375/1045] Building C object esp-idf/newlib/CMakeFiles/__idf_newlib.dir/src/assert.c.obj
[189/1052] Building C object esp-idf/wpa_supplicant/CMakeFiles/__idf_wpa_supplicant.dir/src/eap_peer/eap_ttls.c.obj
[222/1052] Building C object esp-idf/esp_netif/CMakeFiles/__idf_esp_netif.dir/lwip/esp_netif_lwip_defaults.c.obj
[282/1046] Building C object esp-idf/lwip/CMakeFiles/__idf_lwip.dir/lwip/src/netif/ppp/mppe.c.obj
[190/1052] Building C object esp-idf/wpa_supplicant/CMakeFiles/__idf_wpa_supplicant.dir/esp_supplicant/src/esp_owe.c.obj
[258/1052] Building C object esp-idf/lwip/CMakeFiles/__idf_lwip.dir/lwip/src/core/ipv6/ethip6.c.obj
[376/1045] Building C object esp-idf/pthread/CMakeFiles/__idf_pthread.dir/pthread_local_storage.c.obj
[223/1052] Building C object esp-idf/lwip/CMakeFiles/__idf_lwip.dir/lwip/src/api/api_lib.c.obj
[191/1052] Building C object esp-idf/wpa_supplicant/CMakeFiles/__idf_wpa_supplicant.dir/src/common/sae_pk.c.obj
[377/1045] Building C object esp-idf/newlib/CMakeFiles/__idf_newlib.dir/src/getentropy.c.obj
[259/1052] Building C object esp-idf/lwip/CMakeFiles/__idf_lwip.dir/lwip/src/core/ipv4/etharp.c.obj
[283/1046] Building C object esp-idf/lwip/CMakeFiles/__idf_lwip.dir/lwip/src/netif/ppp/ipv6cp.c.obj
[260/1052] Building C object esp-idf/lwip/CMakeFiles/__idf_lwip.dir/lwip/src/core/ipv6/ip6_addr.c.obj
[284/1046] Building C object esp-idf/lwip/CMakeFiles/__idf_lwip.dir/lwip/src/netif/ppp/upap.c.obj
[224/1052] Building C object esp-idf/esp_netif/CMakeFiles/__idf_esp_netif.dir/lwip/netif/esp_pbuf_ref.c.obj
[225/1052] Building C object esp-idf/esp_netif/CMakeFiles/__idf_esp_netif.dir/lwip/esp_netif_sntp.c.obj
[261/1052] Building C object esp-idf/lwip/CMakeFiles/__idf_lwip.dir/lwip/src/core/ipv6/inet6.c.obj
[192/1052] Building C object esp-idf/wpa_supplicant/CMakeFiles/__idf_wpa_supplicant.dir/src/wps/wps_attr_build.c.obj
[285/1046] Building C object esp-idf/lwip/CMakeFiles/__idf_lwip.dir/lwip/src/core/ipv6/ip6.c.obj
[378/1045] Building C object esp-idf/newlib/CMakeFiles/__idf_newlib.dir/src/termios.c.obj
[286/1046] Building C object esp-idf/lwip/CMakeFiles/__idf_lwip.dir/lwip/src/core/tcp_in.c.obj
[226/1052] Building C object esp-idf/esp_netif/CMakeFiles/__idf_esp_netif.dir/lwip/netif/ethernetif.c.obj
[287/1046] Building C object esp-idf/lwip/CMakeFiles/__idf_lwip.dir/lwip/src/netif/ppp/ecp.c.obj
[379/1045] Building C object esp-idf/newlib/CMakeFiles/__idf_newlib.dir/src/time.c.obj
[227/1052] Building C object esp-idf/lwip/CMakeFiles/__idf_lwip.dir/lwip/src/core/def.c.obj
[380/1045] Building C object esp-idf/newlib/CMakeFiles/__idf_newlib.dir/src/pthread.c.obj
[288/1046] Building C object esp-idf/lwip/CMakeFiles/__idf_lwip.dir/lwip/src/netif/ppp/lcp.c.obj
[262/1052] Building C object esp-idf/lwip/CMakeFiles/__idf_lwip.dir/lwip/src/core/ipv4/ip4.c.obj
[289/1046] Building C object esp-idf/lwip/CMakeFiles/__idf_lwip.dir/lwip/src/netif/slipif.c.obj
[228/1052] Building C object esp-idf/wpa_supplicant/CMakeFiles/__idf_wpa_supplicant.dir/src/rsn_supp/wpa.c.obj
[229/1052] Building C object esp-idf/lwip/CMakeFiles/__idf_lwip.dir/lwip/src/api/netifapi.c.obj
[381/1045] Building C object esp-idf/newlib/CMakeFiles/__idf_newlib.dir/src/scandir.c.obj
[382/1045] Building C object esp-idf/newlib/CMakeFiles/__idf_newlib.dir/src/random.c.obj
[290/1046] Building C object esp-idf/lwip/CMakeFiles/__idf_lwip.dir/lwip/src/netif/ppp/eap.c.obj
[291/1046] Building C object esp-idf/lwip/CMakeFiles/__idf_lwip.dir/lwip/src/netif/ppp/utils.c.obj
[193/1052] Building C object esp-idf/wpa_supplicant/CMakeFiles/__idf_wpa_supplicant.dir/src/wps/wps_dev_attr.c.obj
[292/1046] Building C object esp-idf/lwip/CMakeFiles/__idf_lwip.dir/lwip/src/netif/ppp/eui64.c.obj
[263/1052] Building C object esp-idf/lwip/CMakeFiles/__idf_lwip.dir/lwip/src/core/ipv6/ip6_frag.c.obj
[293/1046] Building C object esp-idf/lwip/CMakeFiles/__idf_lwip.dir/lwip/src/netif/ppp/ppp.c.obj
[194/1052] Building C object esp-idf/wpa_supplicant/CMakeFiles/__idf_wpa_supplicant.dir/src/eap_peer/eap_fast.c.obj
[294/1046] Building C object esp-idf/lwip/CMakeFiles/__idf_lwip.dir/lwip/src/netif/ppp/pppapi.c.obj
[383/1045] Building C object esp-idf/newlib/CMakeFiles/__idf_newlib.dir/src/sysconf.c.obj
[264/1052] Building C object esp-idf/lwip/CMakeFiles/__idf_lwip.dir/lwip/src/netif/ppp/ccp.c.obj
[195/1052] Building C object esp-idf/wpa_supplicant/CMakeFiles/__idf_wpa_supplicant.dir/esp_supplicant/src/esp_wpas_glue.c.obj
[230/1052] Building C object esp-idf/lwip/CMakeFiles/__idf_lwip.dir/apps/sntp/sntp.c.obj
[196/1052] Building C object esp-idf/wpa_supplicant/CMakeFiles/__idf_wpa_supplicant.dir/esp_supplicant/src/esp_common.c.obj
[384/1045] Building C object esp-idf/newlib/CMakeFiles/__idf_newlib.dir/src/flockfile.c.obj
[197/1052] Building C object esp-idf/wpa_supplicant/CMakeFiles/__idf_wpa_supplicant.dir/esp_supplicant/src/crypto/fastpsk.c.obj
[265/1052] Building C object esp-idf/lwip/CMakeFiles/__idf_lwip.dir/lwip/src/core/ipv6/icmp6.c.obj
[198/1052] Building C object esp-idf/wpa_supplicant/CMakeFiles/__idf_wpa_supplicant.dir/esp_supplicant/src/crypto/tls_mbedtls.c.obj
[295/1046] Building C object esp-idf/lwip/CMakeFiles/__idf_lwip.dir/lwip/src/netif/ppp/pppcrypt.c.obj
[296/1046] Building C object esp-idf/lwip/CMakeFiles/__idf_lwip.dir/lwip/src/netif/ppp/pppoe.c.obj
[385/1045] Building C object esp-idf/newlib/CMakeFiles/__idf_newlib.dir/src/realpath.c.obj
[297/1046] Building C object esp-idf/lwip/CMakeFiles/__idf_lwip.dir/lwip/src/netif/ppp/pppos.c.obj
[298/1046] Building C object esp-idf/lwip/CMakeFiles/__idf_lwip.dir/lwip/src/netif/ppp/pppol2tp.c.obj
[386/1045] Building C object esp-idf/newlib/CMakeFiles/__idf_newlib.dir/src/reent_init.c.obj
[266/1052] Building C object esp-idf/lwip/CMakeFiles/__idf_lwip.dir/lwip/src/core/tcp_in.c.obj
[231/1052] Building C object esp-idf/wpa_supplicant/CMakeFiles/__idf_wpa_supplicant.dir/esp_supplicant/src/esp_eap_client.c.obj
[267/1052] Building C object esp-idf/lwip/CMakeFiles/__idf_lwip.dir/lwip/src/netif/bridgeif.c.obj
[299/1046] Building C object esp-idf/lwip/CMakeFiles/__idf_lwip.dir/lwip/src/netif/ppp/multilink.c.obj
[268/1052] Building C object esp-idf/lwip/CMakeFiles/__idf_lwip.dir/lwip/src/core/tcp.c.obj
[199/1052] Building C object esp-idf/wpa_supplicant/CMakeFiles/__idf_wpa_supplicant.dir/esp_supplicant/src/esp_wps.c.obj
[200/1052] Linking C static library esp-idf/esp_coex/libesp_coex.a
[269/1052] Building C object esp-idf/lwip/CMakeFiles/__idf_lwip.dir/lwip/src/netif/ethernet.c.obj
[270/1052] Building C object esp-idf/lwip/CMakeFiles/__idf_lwip.dir/lwip/src/netif/bridgeif_fdb.c.obj
[201/1052] Building C object esp-idf/wpa_supplicant/CMakeFiles/__idf_wpa_supplicant.dir/esp_supplicant/src/crypto/fastpbkdf2.c.obj
[387/1045] Building C object esp-idf/newlib/CMakeFiles/__idf_newlib.dir/src/syscalls.c.obj
[202/1052] Building C object esp-idf/wpa_supplicant/CMakeFiles/__idf_wpa_supplicant.dir/esp_supplicant/src/esp_wpa_main.c.obj
[300/1046] Building C object esp-idf/lwip/CMakeFiles/__idf_lwip.dir/port/if_index.c.obj
[271/1052] Building C object esp-idf/lwip/CMakeFiles/__idf_lwip.dir/lwip/src/core/udp.c.obj
[388/1045] Building C object esp-idf/newlib/CMakeFiles/__idf_newlib.dir/src/reent_syscalls.c.obj
[301/1046] Building C object esp-idf/lwip/CMakeFiles/__idf_lwip.dir/lwip/src/netif/ppp/vj.c.obj
[302/1046] Building C object esp-idf/lwip/CMakeFiles/__idf_lwip.dir/apps/ping/ping.c.obj
[203/1052] Building C object esp-idf/wpa_supplicant/CMakeFiles/__idf_wpa_supplicant.dir/src/crypto/des-internal.c.obj
[303/1046] Building C object esp-idf/lwip/CMakeFiles/__idf_lwip.dir/lwip/src/netif/ppp/polarssl/md4.c.obj
[389/1045] Building C object esp-idf/newlib/CMakeFiles/__idf_newlib.dir/src/port/esp_time_impl.c.obj
[304/1046] Building C object esp-idf/lwip/CMakeFiles/__idf_lwip.dir/port/acd_dhcp_check.c.obj
[272/1052] Building C object esp-idf/lwip/CMakeFiles/__idf_lwip.dir/lwip/src/netif/ppp/auth.c.obj
[305/1046] Building C object esp-idf/lwip/CMakeFiles/__idf_lwip.dir/lwip/src/netif/ppp/polarssl/arc4.c.obj
[232/1052] Building C object esp-idf/lwip/CMakeFiles/__idf_lwip.dir/lwip/src/core/ip.c.obj
[233/1052] Building C object esp-idf/lwip/CMakeFiles/__idf_lwip.dir/lwip/src/core/mem.c.obj
[390/1045] Building C object esp-idf/newlib/CMakeFiles/__idf_newlib.dir/src/newlib_init.c.obj
[391/1045] Building CXX object esp-idf/nvs_flash/CMakeFiles/__idf_nvs_flash.dir/src/nvs_encrypted_partition.cpp.obj
[234/1052] Building C object esp-idf/lwip/CMakeFiles/__idf_lwip.dir/lwip/src/apps/sntp/sntp.c.obj
[392/1045] Building C object esp-idf/freertos/CMakeFiles/__idf_freertos.dir/FreeRTOS-Kernel/list.c.obj
[306/1046] Building C object esp-idf/lwip/CMakeFiles/__idf_lwip.dir/port/sockets_ext.c.obj
[235/1052] Building C object esp-idf/lwip/CMakeFiles/__idf_lwip.dir/lwip/src/core/init.c.obj
[204/1052] Building C object esp-idf/esp_netif/CMakeFiles/__idf_esp_netif.dir/esp_netif_handlers.c.obj
[307/1046] Building C object esp-idf/lwip/CMakeFiles/__idf_lwip.dir/apps/ping/ping_sock.c.obj
[236/1052] Building C object esp-idf/lwip/CMakeFiles/__idf_lwip.dir/lwip/src/api/tcpip.c.obj
[273/1052] Building C object esp-idf/lwip/CMakeFiles/__idf_lwip.dir/lwip/src/netif/ppp/chap-md5.c.obj
[237/1052] Building C object esp-idf/lwip/CMakeFiles/__idf_lwip.dir/lwip/src/apps/netbiosns/netbiosns.c.obj
[205/1052] Building C object esp-idf/esp_netif/CMakeFiles/__idf_esp_netif.dir/esp_netif_defaults.c.obj
[238/1052] Building C object esp-idf/lwip/CMakeFiles/__idf_lwip.dir/lwip/src/core/netif.c.obj
[308/1046] Building C object esp-idf/lwip/CMakeFiles/__idf_lwip.dir/port/hooks/tcp_isn_default.c.obj
[274/1052] Building C object esp-idf/lwip/CMakeFiles/__idf_lwip.dir/lwip/src/netif/ppp/chap_ms.c.obj
[309/1046] Linking C static library esp-idf/esp_netif/libesp_netif.a
[275/1052] Building C object esp-idf/lwip/CMakeFiles/__idf_lwip.dir/lwip/src/netif/ppp/chap-new.c.obj
[206/1052] Building C object esp-idf/wpa_supplicant/CMakeFiles/__idf_wpa_supplicant.dir/src/crypto/aes-unwrap.c.obj
[239/1052] Building C object esp-idf/lwip/CMakeFiles/__idf_lwip.dir/lwip/src/core/raw.c.obj
[393/1045] Building C object esp-idf/freertos/CMakeFiles/__idf_freertos.dir/port_common.c.obj
[276/1052] Building C object esp-idf/lwip/CMakeFiles/__idf_lwip.dir/lwip/src/core/ipv4/dhcp.c.obj
[277/1052] Building C object esp-idf/lwip/CMakeFiles/__idf_lwip.dir/lwip/src/netif/slipif.c.obj
[207/1052] Building C object esp-idf/wpa_supplicant/CMakeFiles/__idf_wpa_supplicant.dir/src/rsn_supp/wpa.c.obj
[240/1052] Building C object esp-idf/lwip/CMakeFiles/__idf_lwip.dir/lwip/src/core/stats.c.obj
[208/1052] Building C object esp-idf/wpa_supplicant/CMakeFiles/__idf_wpa_supplicant.dir/esp_supplicant/src/esp_wpa3.c.obj
[209/1052] Building C object esp-idf/wpa_supplicant/CMakeFiles/__idf_wpa_supplicant.dir/src/crypto/rc4.c.obj
[241/1052] Linking C static library esp-idf/wpa_supplicant/libwpa_supplicant.a
[242/1052] Building C object esp-idf/lwip/CMakeFiles/__idf_lwip.dir/lwip/src/api/netdb.c.obj
[278/1052] Building C object esp-idf/lwip/CMakeFiles/__idf_lwip.dir/lwip/src/netif/ppp/ipv6cp.c.obj
[210/1052] Building C object esp-idf/wpa_supplicant/CMakeFiles/__idf_wpa_supplicant.dir/src/crypto/aes-wrap.c.obj
[211/1052] Building C object esp-idf/esp_netif/CMakeFiles/__idf_esp_netif.dir/esp_netif_objects.c.obj
[279/1052] Building C object esp-idf/lwip/CMakeFiles/__idf_lwip.dir/lwip/src/netif/ppp/demand.c.obj
[394/1045] Building C object esp-idf/esp_driver_uart/CMakeFiles/__idf_esp_driver_uart.dir/src/uart.c.obj
[212/1052] Building C object esp-idf/wpa_supplicant/CMakeFiles/__idf_wpa_supplicant.dir/esp_supplicant/src/crypto/crypto_mbedtls-rsa.c.obj
[395/1045] Building C object esp-idf/freertos/CMakeFiles/__idf_freertos.dir/heap_idf.c.obj
[310/1046] Building C object esp-idf/lwip/CMakeFiles/__idf_lwip.dir/port/hooks/lwip_default_hooks.c.obj
[280/1052] Building C object esp-idf/lwip/CMakeFiles/__idf_lwip.dir/lwip/src/netif/ppp/eap.c.obj
[243/1052] Building C object esp-idf/lwip/CMakeFiles/__idf_lwip.dir/lwip/src/core/inet_chksum.c.obj
[281/1052] Building C object esp-idf/lwip/CMakeFiles/__idf_lwip.dir/lwip/src/netif/ppp/ecp.c.obj
[311/1046] Building C object esp-idf/lwip/CMakeFiles/__idf_lwip.dir/apps/ping/esp_ping.c.obj
[312/1046] Building C object esp-idf/lwip/CMakeFiles/__idf_lwip.dir/port/esp32xx/vfs_lwip.c.obj
[396/1045] Building C object esp-idf/newlib/CMakeFiles/__idf_newlib.dir/src/stdatomic.c.obj
[282/1052] Building C object esp-idf/lwip/CMakeFiles/__idf_lwip.dir/lwip/src/netif/ppp/fsm.c.obj
[213/1052] Building C object esp-idf/wpa_supplicant/CMakeFiles/__idf_wpa_supplicant.dir/src/crypto/aes-ccm.c.obj
[313/1046] Building C object esp-idf/lwip/CMakeFiles/__idf_lwip.dir/lwip/src/netif/ppp/polarssl/des.c.obj
[244/1052] Building C object esp-idf/lwip/CMakeFiles/__idf_lwip.dir/lwip/src/core/memp.c.obj
[214/1052] Building C object esp-idf/wpa_supplicant/CMakeFiles/__idf_wpa_supplicant.dir/esp_supplicant/src/esp_hostap.c.obj
[314/1046] Building C object esp-idf/lwip/CMakeFiles/__idf_lwip.dir/port/freertos/sys_arch.c.obj
[283/1052] Building C object esp-idf/lwip/CMakeFiles/__idf_lwip.dir/lwip/src/core/ipv6/ip6.c.obj
[284/1052] Building C object esp-idf/lwip/CMakeFiles/__idf_lwip.dir/lwip/src/core/ipv6/mld6.c.obj
[397/1045] Building C object esp-idf/freertos/CMakeFiles/__idf_freertos.dir/FreeRTOS-Kernel/event_groups.c.obj
[285/1052] Building C object esp-idf/lwip/CMakeFiles/__idf_lwip.dir/lwip/src/netif/ppp/ipcp.c.obj
[398/1045] Building ASM object esp-idf/freertos/CMakeFiles/__idf_freertos.dir/FreeRTOS-Kernel/portable/xtensa/portasm.S.obj
[315/1046] Building C object esp-idf/esp_phy/CMakeFiles/__idf_esp_phy.dir/src/lib_printf.c.obj
[399/1045] Building C object esp-idf/freertos/CMakeFiles/__idf_freertos.dir/app_startup.c.obj
[316/1046] Building C object esp-idf/lwip/CMakeFiles/__idf_lwip.dir/lwip/src/netif/ppp/polarssl/md5.c.obj
[286/1052] Building C object esp-idf/lwip/CMakeFiles/__idf_lwip.dir/lwip/src/netif/ppp/eui64.c.obj
[215/1052] Building C object esp-idf/wpa_supplicant/CMakeFiles/__idf_wpa_supplicant.dir/esp_supplicant/src/crypto/crypto_mbedtls.c.obj
[216/1052] Building C object esp-idf/wpa_supplicant/CMakeFiles/__idf_wpa_supplicant.dir/esp_supplicant/src/crypto/crypto_mbedtls-bignum.c.obj
[317/1046] Building C object esp-idf/lwip/CMakeFiles/__idf_lwip.dir/port/debug/lwip_debug.c.obj
[217/1052] Building C object esp-idf/wpa_supplicant/CMakeFiles/__idf_wpa_supplicant.dir/src/wps/wps_enrollee.c.obj
[287/1052] Building C object esp-idf/lwip/CMakeFiles/__idf_lwip.dir/lwip/src/netif/ppp/magic.c.obj
[318/1046] Building C object esp-idf/lwip/CMakeFiles/__idf_lwip.dir/lwip/src/core/ipv6/nd6.c.obj
[400/1045] Building C object esp-idf/freertos/CMakeFiles/__idf_freertos.dir/FreeRTOS-Kernel/portable/xtensa/xtensa_init.c.obj
[288/1052] Building C object esp-idf/lwip/CMakeFiles/__idf_lwip.dir/lwip/src/netif/ppp/upap.c.obj
[401/1045] Building C object esp-idf/freertos/CMakeFiles/__idf_freertos.dir/port_systick.c.obj
[289/1052] Building C object esp-idf/lwip/CMakeFiles/__idf_lwip.dir/lwip/src/netif/ppp/lcp.c.obj
[319/1046] Building C object esp-idf/lwip/CMakeFiles/__idf_lwip.dir/lwip/src/netif/ppp/polarssl/sha1.c.obj
[245/1052] Building C object esp-idf/lwip/CMakeFiles/__idf_lwip.dir/lwip/src/core/sys.c.obj
[320/1046] Building C object esp-idf/esp_driver_usb_serial_jtag/CMakeFiles/__idf_esp_driver_usb_serial_jtag.dir/src/usb_serial_jtag_connection_monitor.c.obj
[218/1052] Building C object esp-idf/esp_netif/CMakeFiles/__idf_esp_netif.dir/lwip/esp_netif_lwip_defaults.c.obj
[246/1052] Building C object esp-idf/lwip/CMakeFiles/__idf_lwip.dir/lwip/src/core/ipv4/autoip.c.obj
[402/1045] Building C object esp-idf/freertos/CMakeFiles/__idf_freertos.dir/FreeRTOS-Kernel/tasks.c.obj
[321/1046] Building C object esp-idf/esp_phy/CMakeFiles/__idf_esp_phy.dir/esp32s3/phy_init_data.c.obj
[290/1052] Building C object esp-idf/esp_netif/CMakeFiles/__idf_esp_netif.dir/lwip/esp_netif_lwip.c.obj
[322/1046] Building C object esp-idf/esp_driver_usb_serial_jtag/CMakeFiles/__idf_esp_driver_usb_serial_jtag.dir/src/usb_serial_jtag_vfs.c.obj
[219/1052] Building C object esp-idf/lwip/CMakeFiles/__idf_lwip.dir/lwip/src/api/netifapi.c.obj
[323/1046] Building C object esp-idf/vfs/CMakeFiles/__idf_vfs.dir/nullfs.c.obj
[291/1052] Building C object esp-idf/lwip/CMakeFiles/__idf_lwip.dir/lwip/src/netif/ppp/mppe.c.obj
[292/1052] Building C object esp-idf/lwip/CMakeFiles/__idf_lwip.dir/lwip/src/netif/ppp/pppoe.c.obj
[403/1045] Building CXX object esp-idf/nvs_flash/CMakeFiles/__idf_nvs_flash.dir/src/nvs_cxx_api.cpp.obj
[404/1045] Building C object esp-idf/freertos/CMakeFiles/__idf_freertos.dir/FreeRTOS-Kernel/timers.c.obj
[293/1052] Building C object esp-idf/lwip/CMakeFiles/__idf_lwip.dir/lwip/src/netif/ppp/multilink.c.obj
[247/1052] Building C object esp-idf/lwip/CMakeFiles/__idf_lwip.dir/lwip/src/core/pbuf.c.obj
[324/1046] Building C object esp-idf/esp_vfs_console/CMakeFiles/__idf_esp_vfs_console.dir/vfs_console.c.obj
[294/1052] Building C object esp-idf/lwip/CMakeFiles/__idf_lwip.dir/lwip/src/netif/ppp/pppapi.c.obj
[405/1045] Building C object esp-idf/freertos/CMakeFiles/__idf_freertos.dir/FreeRTOS-Kernel/portable/xtensa/xtensa_overlay_os_hook.c.obj
[248/1052] Building C object esp-idf/lwip/CMakeFiles/__idf_lwip.dir/lwip/src/core/timeouts.c.obj
[220/1052] Building C object esp-idf/lwip/CMakeFiles/__idf_lwip.dir/lwip/src/api/err.c.obj
[295/1052] Building C object esp-idf/lwip/CMakeFiles/__idf_lwip.dir/lwip/src/api/sockets.c.obj
[296/1052] Building C object esp-idf/lwip/CMakeFiles/__idf_lwip.dir/lwip/src/netif/ppp/pppol2tp.c.obj
[221/1052] Building C object esp-idf/esp_netif/CMakeFiles/__idf_esp_netif.dir/lwip/netif/wlanif.c.obj
[222/1052] Building C object esp-idf/esp_netif/CMakeFiles/__idf_esp_netif.dir/lwip/netif/esp_pbuf_ref.c.obj
[223/1052] Building C object esp-idf/esp_netif/CMakeFiles/__idf_esp_netif.dir/lwip/esp_netif_sntp.c.obj
[249/1052] Building C object esp-idf/lwip/CMakeFiles/__idf_lwip.dir/lwip/src/core/ipv4/icmp.c.obj
[297/1052] Building C object esp-idf/lwip/CMakeFiles/__idf_lwip.dir/lwip/src/netif/ppp/ppp.c.obj
[298/1052] Building C object esp-idf/lwip/CMakeFiles/__idf_lwip.dir/lwip/src/netif/ppp/pppcrypt.c.obj
[406/1045] Building C object esp-idf/esp_hw_support/CMakeFiles/__idf_esp_hw_support.dir/port/esp32s3/esp_cpu_intr.c.obj
[325/1046] Building C object esp-idf/vfs/CMakeFiles/__idf_vfs.dir/vfs_eventfd.c.obj
[224/1052] Building C object esp-idf/esp_netif/CMakeFiles/__idf_esp_netif.dir/lwip/netif/ethernetif.c.obj
[299/1052] Building C object esp-idf/lwip/CMakeFiles/__idf_lwip.dir/lwip/src/netif/ppp/utils.c.obj
[250/1052] Building C object esp-idf/lwip/CMakeFiles/__idf_lwip.dir/lwip/src/core/ipv4/ip4_frag.c.obj
[225/1052] Building C object esp-idf/wpa_supplicant/CMakeFiles/__idf_wpa_supplicant.dir/esp_supplicant/src/crypto/crypto_mbedtls-ec.c.obj
[4/17] Generating esp-idf/esp_system/ld/sections.ld
ninja: build stopped: subcommand failed.
[300/1052] Building C object esp-idf/lwip/CMakeFiles/__idf_lwip.dir/port/if_index.c.obj
[326/1046] Building C object esp-idf/esp_phy/CMakeFiles/__idf_esp_phy.dir/src/btbb_init.c.obj
[226/1052] Building C object esp-idf/lwip/CMakeFiles/__idf_lwip.dir/apps/sntp/sntp.c.obj
[407/1045] Building CXX object esp-idf/nvs_flash/CMakeFiles/__idf_nvs_flash.dir/src/nvs_api.cpp.obj
[227/1052] Building C object esp-idf/wpa_supplicant/CMakeFiles/__idf_wpa_supplicant.dir/esp_supplicant/src/esp_eap_client.c.obj
[228/1052] Building C object esp-idf/lwip/CMakeFiles/__idf_lwip.dir/lwip/src/api/netbuf.c.obj
[408/1045] Building C object esp-idf/freertos/CMakeFiles/__idf_freertos.dir/esp_additions/idf_additions_event_groups.c.obj
[301/1052] Building C object esp-idf/lwip/CMakeFiles/__idf_lwip.dir/port/sockets_ext.c.obj
[229/1052] Building C object esp-idf/lwip/CMakeFiles/__idf_lwip.dir/lwip/src/api/if_api.c.obj
[251/1052] Building C object esp-idf/lwip/CMakeFiles/__idf_lwip.dir/lwip/src/core/ipv4/ip4_napt.c.obj
[302/1052] Building C object esp-idf/lwip/CMakeFiles/__idf_lwip.dir/lwip/src/netif/ppp/vj.c.obj
[252/1052] Building C object esp-idf/lwip/CMakeFiles/__idf_lwip.dir/lwip/src/core/ipv6/icmp6.c.obj
[409/1045] Building CXX object esp-idf/nvs_flash/CMakeFiles/__idf_nvs_flash.dir/src/nvs_types.cpp.obj
[327/1046] Building C object esp-idf/esp_phy/CMakeFiles/__idf_esp_phy.dir/src/phy_common.c.obj
[410/1045] Building C object esp-idf/esp_hw_support/CMakeFiles/__idf_esp_hw_support.dir/port/esp32s3/cpu_region_protect.c.obj
[303/1052] Building C object esp-idf/lwip/CMakeFiles/__idf_lwip.dir/lwip/src/netif/ppp/pppos.c.obj
[411/1045] Building C object esp-idf/esp_hw_support/CMakeFiles/__idf_esp_hw_support.dir/cpu.c.obj
[412/1045] Building C object esp-idf/esp_hw_support/CMakeFiles/__idf_esp_hw_support.dir/esp_memory_utils.c.obj
[328/1046] Building C object esp-idf/esp_phy/CMakeFiles/__idf_esp_phy.dir/src/phy_override.c.obj
[253/1052] Building C object esp-idf/lwip/CMakeFiles/__idf_lwip.dir/lwip/src/core/ipv4/ip4.c.obj
[413/1045] Building C object esp-idf/freertos/CMakeFiles/__idf_freertos.dir/FreeRTOS-Kernel/stream_buffer.c.obj
[254/1052] Building C object esp-idf/lwip/CMakeFiles/__idf_lwip.dir/lwip/src/api/api_msg.c.obj
[230/1052] Building C object esp-idf/lwip/CMakeFiles/__idf_lwip.dir/lwip/src/core/mem.c.obj
[304/1052] Building C object esp-idf/lwip/CMakeFiles/__idf_lwip.dir/lwip/src/netif/ppp/polarssl/md4.c.obj
[305/1052] Building C object esp-idf/lwip/CMakeFiles/__idf_lwip.dir/port/hooks/tcp_isn_default.c.obj
[255/1052] Building C object esp-idf/lwip/CMakeFiles/__idf_lwip.dir/lwip/src/core/dns.c.obj
[414/1045] Building C object esp-idf/freertos/CMakeFiles/__idf_freertos.dir/esp_additions/idf_additions.c.obj
[306/1052] Linking C static library esp-idf/esp_netif/libesp_netif.a
[231/1052] Building C object esp-idf/lwip/CMakeFiles/__idf_lwip.dir/lwip/src/api/tcpip.c.obj
[256/1052] Building C object esp-idf/lwip/CMakeFiles/__idf_lwip.dir/lwip/src/core/ipv4/igmp.c.obj
[232/1052] Building C object esp-idf/lwip/CMakeFiles/__idf_lwip.dir/lwip/src/api/netdb.c.obj
[415/1045] Building CXX object esp-idf/nvs_flash/CMakeFiles/__idf_nvs_flash.dir/src/nvs_partition_manager.cpp.obj
[307/1052] Building C object esp-idf/lwip/CMakeFiles/__idf_lwip.dir/port/hooks/lwip_default_hooks.c.obj
[416/1045] Building C object esp-idf/esp_hw_support/CMakeFiles/__idf_esp_hw_support.dir/revision.c.obj
[417/1045] Building C object esp-idf/freertos/CMakeFiles/__idf_freertos.dir/FreeRTOS-Kernel/portable/xtensa/port.c.obj
[308/1052] Building C object esp-idf/lwip/CMakeFiles/__idf_lwip.dir/lwip/src/netif/ppp/polarssl/sha1.c.obj
[418/1045] Building C object esp-idf/esp_hw_support/CMakeFiles/__idf_esp_hw_support.dir/rtc_module.c.obj
[257/1052] Building C object esp-idf/lwip/CMakeFiles/__idf_lwip.dir/lwip/src/core/ipv6/dhcp6.c.obj
[419/1045] Building C object esp-idf/esp_hw_support/CMakeFiles/__idf_esp_hw_support.dir/hw_random.c.obj
[233/1052] Linking C static library esp-idf/wpa_supplicant/libwpa_supplicant.a
[329/1046] Building C object esp-idf/vfs/CMakeFiles/__idf_vfs.dir/vfs_semihost.c.obj
[420/1045] Building C object esp-idf/esp_hw_support/CMakeFiles/__idf_esp_hw_support.dir/esp_gpio_reserve.c.obj
[330/1046] Building C object esp-idf/esp_driver_usb_serial_jtag/CMakeFiles/__idf_esp_driver_usb_serial_jtag.dir/src/usb_serial_jtag.c.obj
[421/1045] Building CXX object esp-idf/nvs_flash/CMakeFiles/__idf_nvs_flash.dir/src/nvs_pagemanager.cpp.obj
[309/1052] Building C object esp-idf/lwip/CMakeFiles/__idf_lwip.dir/port/acd_dhcp_check.c.obj
[258/1052] Building C object esp-idf/lwip/CMakeFiles/__idf_lwip.dir/lwip/src/core/ipv6/ethip6.c.obj
[310/1052] Building C object esp-idf/lwip/CMakeFiles/__idf_lwip.dir/lwip/src/netif/ppp/polarssl/des.c.obj
[422/1045] Building C object esp-idf/esp_hw_support/CMakeFiles/__idf_esp_hw_support.dir/clk_ctrl_os.c.obj
[423/1045] Building C object esp-idf/freertos/CMakeFiles/__idf_freertos.dir/FreeRTOS-Kernel/queue.c.obj
[424/1045] Building C object esp-idf/esp_hw_support/CMakeFiles/__idf_esp_hw_support.dir/periph_ctrl.c.obj
[311/1052] Building C object esp-idf/lwip/CMakeFiles/__idf_lwip.dir/lwip/src/netif/ppp/polarssl/md5.c.obj
[425/1045] Building C object esp-idf/esp_hw_support/CMakeFiles/__idf_esp_hw_support.dir/esp_clk.c.obj
[426/1045] Building C object esp-idf/esp_hw_support/CMakeFiles/__idf_esp_hw_support.dir/port/esp32s3/esp_clk_tree.c.obj
[312/1052] Building C object esp-idf/lwip/CMakeFiles/__idf_lwip.dir/lwip/src/netif/ppp/polarssl/arc4.c.obj
[259/1052] Building C object esp-idf/lwip/CMakeFiles/__idf_lwip.dir/lwip/src/core/ipv4/etharp.c.obj
[234/1052] Building C object esp-idf/lwip/CMakeFiles/__idf_lwip.dir/lwip/src/core/inet_chksum.c.obj
[260/1052] Building C object esp-idf/lwip/CMakeFiles/__idf_lwip.dir/lwip/src/netif/ethernet.c.obj
[313/1052] Building C object esp-idf/lwip/CMakeFiles/__idf_lwip.dir/apps/ping/esp_ping.c.obj
[235/1052] Building C object esp-idf/lwip/CMakeFiles/__idf_lwip.dir/lwip/src/core/def.c.obj
[236/1052] Building C object esp-idf/lwip/CMakeFiles/__idf_lwip.dir/lwip/src/api/api_lib.c.obj
[314/1052] Building C object esp-idf/lwip/CMakeFiles/__idf_lwip.dir/apps/ping/ping.c.obj
[261/1052] Building C object esp-idf/lwip/CMakeFiles/__idf_lwip.dir/lwip/src/core/udp.c.obj
[331/1046] Building C object esp-idf/lwip/CMakeFiles/__idf_lwip.dir/apps/dhcpserver/dhcpserver.c.obj
[262/1052] Building C object esp-idf/lwip/CMakeFiles/__idf_lwip.dir/lwip/src/core/ipv4/ip4_addr.c.obj
[332/1046] Building CXX object esp-idf/nvs_flash/CMakeFiles/__idf_nvs_flash.dir/src/nvs_platform.cpp.obj
[237/1052] Building C object esp-idf/lwip/CMakeFiles/__idf_lwip.dir/lwip/src/core/pbuf.c.obj
[263/1052] Building C object esp-idf/lwip/CMakeFiles/__idf_lwip.dir/lwip/src/core/ipv6/inet6.c.obj
[238/1052] Building C object esp-idf/lwip/CMakeFiles/__idf_lwip.dir/lwip/src/core/init.c.obj
[315/1052] Building C object esp-idf/lwip/CMakeFiles/__idf_lwip.dir/port/freertos/sys_arch.c.obj
[239/1052] Building C object esp-idf/lwip/CMakeFiles/__idf_lwip.dir/lwip/src/apps/netbiosns/netbiosns.c.obj
[316/1052] Building C object esp-idf/lwip/CMakeFiles/__idf_lwip.dir/port/esp32xx/vfs_lwip.c.obj
[240/1052] Building C object esp-idf/lwip/CMakeFiles/__idf_lwip.dir/lwip/src/core/ip.c.obj
[264/1052] Building C object esp-idf/lwip/CMakeFiles/__idf_lwip.dir/lwip/src/core/tcp_out.c.obj
[427/1045] Building C object esp-idf/esp_hw_support/CMakeFiles/__idf_esp_hw_support.dir/mac_addr.c.obj
[333/1046] Building C object esp-idf/esp_phy/CMakeFiles/__idf_esp_phy.dir/src/phy_init.c.obj
[317/1052] Building C object esp-idf/lwip/CMakeFiles/__idf_lwip.dir/apps/dhcpserver/dhcpserver.c.obj
[241/1052] Building C object esp-idf/lwip/CMakeFiles/__idf_lwip.dir/lwip/src/core/memp.c.obj
[242/1052] Building C object esp-idf/lwip/CMakeFiles/__idf_lwip.dir/lwip/src/apps/sntp/sntp.c.obj
[243/1052] Building C object esp-idf/lwip/CMakeFiles/__idf_lwip.dir/lwip/src/core/stats.c.obj
[428/1045] Building C object esp-idf/esp_hw_support/CMakeFiles/__idf_esp_hw_support.dir/dma/esp_dma_utils.c.obj
[318/1052] Building C object esp-idf/vfs/CMakeFiles/__idf_vfs.dir/nullfs.c.obj
[244/1052] Building C object esp-idf/lwip/CMakeFiles/__idf_lwip.dir/lwip/src/core/sys.c.obj
[429/1045] Building C object esp-idf/esp_hw_support/CMakeFiles/__idf_esp_hw_support.dir/port/esp32s3/io_mux.c.obj
[265/1052] Building C object esp-idf/lwip/CMakeFiles/__idf_lwip.dir/lwip/src/core/ipv6/ip6_frag.c.obj
[319/1052] Building C object esp-idf/esp_phy/CMakeFiles/__idf_esp_phy.dir/src/lib_printf.c.obj
[320/1052] Building C object esp-idf/lwip/CMakeFiles/__idf_lwip.dir/port/debug/lwip_debug.c.obj
[334/1046] Building C object esp-idf/nvs_flash/CMakeFiles/__idf_nvs_flash.dir/src/nvs_bootloader_aes.c.obj
[430/1045] Building C object esp-idf/esp_hw_support/CMakeFiles/__idf_esp_hw_support.dir/sleep_modem.c.obj
[321/1052] Building C object esp-idf/lwip/CMakeFiles/__idf_lwip.dir/apps/ping/ping_sock.c.obj
[335/1046] Building C object esp-idf/nvs_flash/CMakeFiles/__idf_nvs_flash.dir/src/nvs_bootloader.c.obj
[431/1045] Building C object esp-idf/esp_hw_support/CMakeFiles/__idf_esp_hw_support.dir/regi2c_ctrl.c.obj
[322/1052] Building C object esp-idf/esp_driver_usb_serial_jtag/CMakeFiles/__idf_esp_driver_usb_serial_jtag.dir/src/usb_serial_jtag_vfs.c.obj
[266/1052] Building C object esp-idf/lwip/CMakeFiles/__idf_lwip.dir/lwip/src/netif/bridgeif.c.obj
[432/1045] Building C object esp-idf/esp_hw_support/CMakeFiles/__idf_esp_hw_support.dir/spi_share_hw_ctrl.c.obj
[433/1045] Building C object esp-idf/esp_hw_support/CMakeFiles/__idf_esp_hw_support.dir/adc_share_hw_ctrl.c.obj
[323/1052] Building C object esp-idf/esp_phy/CMakeFiles/__idf_esp_phy.dir/esp32s3/phy_init_data.c.obj
[434/1045] Building C object esp-idf/esp_hw_support/CMakeFiles/__idf_esp_hw_support.dir/port/esp_clk_tree_common.c.obj
[324/1052] Building C object esp-idf/lwip/CMakeFiles/__idf_lwip.dir/lwip/src/core/ipv6/nd6.c.obj
[435/1045] Building C object esp-idf/esp_hw_support/CMakeFiles/__idf_esp_hw_support.dir/sleep_usb.c.obj
[325/1052] Building C object esp-idf/esp_vfs_console/CMakeFiles/__idf_esp_vfs_console.dir/vfs_console.c.obj
[436/1045] Building C object esp-idf/esp_hw_support/CMakeFiles/__idf_esp_hw_support.dir/clk_utils.c.obj
[326/1052] Building C object esp-idf/esp_driver_usb_serial_jtag/CMakeFiles/__idf_esp_driver_usb_serial_jtag.dir/src/usb_serial_jtag_connection_monitor.c.obj
[267/1052] Building C object esp-idf/lwip/CMakeFiles/__idf_lwip.dir/lwip/src/netif/ppp/ccp.c.obj
[245/1052] Building C object esp-idf/lwip/CMakeFiles/__idf_lwip.dir/lwip/src/core/ipv4/icmp.c.obj
[268/1052] Building C object esp-idf/lwip/CMakeFiles/__idf_lwip.dir/lwip/src/core/ipv6/ip6_addr.c.obj
[327/1052] Building C object esp-idf/vfs/CMakeFiles/__idf_vfs.dir/vfs_eventfd.c.obj
[269/1052] Building C object esp-idf/lwip/CMakeFiles/__idf_lwip.dir/lwip/src/netif/slipif.c.obj
[437/1045] Building C object esp-idf/esp_hw_support/CMakeFiles/__idf_esp_hw_support.dir/port/esp32s3/systimer.c.obj
Command failed (2): idf.py build
Skipping failed applet build: gohello
[438/1045] Building C object esp-idf/esp_hw_support/CMakeFiles/__idf_esp_hw_support.dir/sar_tsens_ctrl.c.obj
[439/1045] Building CXX object esp-idf/nvs_flash/CMakeFiles/__idf_nvs_flash.dir/src/nvs_handle_locked.cpp.obj
[440/1045] Building C object esp-idf/esp_hw_support/CMakeFiles/__idf_esp_hw_support.dir/dma/gdma_link.c.obj
[270/1052] Building C object esp-idf/lwip/CMakeFiles/__idf_lwip.dir/lwip/src/core/tcp_in.c.obj
[328/1052] Building C object esp-idf/esp_phy/CMakeFiles/__idf_esp_phy.dir/src/phy_override.c.obj
[441/1045] Building C object esp-idf/esp_hw_support/CMakeFiles/__idf_esp_hw_support.dir/dma/esp_async_memcpy.c.obj
[329/1052] Building C object esp-idf/esp_phy/CMakeFiles/__idf_esp_phy.dir/src/btbb_init.c.obj
[442/1045] Building C object esp-idf/esp_hw_support/CMakeFiles/__idf_esp_hw_support.dir/sleep_wake_stub.c.obj
[271/1052] Building C object esp-idf/lwip/CMakeFiles/__idf_lwip.dir/lwip/src/netif/ppp/auth.c.obj
[272/1052] Building C object esp-idf/lwip/CMakeFiles/__idf_lwip.dir/lwip/src/netif/ppp/eui64.c.obj
[443/1045] Building C object esp-idf/esp_hw_support/CMakeFiles/__idf_esp_hw_support.dir/sleep_console.c.obj
[273/1052] Building C object esp-idf/lwip/CMakeFiles/__idf_lwip.dir/lwip/src/netif/bridgeif_fdb.c.obj
[330/1052] Building C object esp-idf/esp_phy/CMakeFiles/__idf_esp_phy.dir/src/phy_common.c.obj
[274/1052] Building C object esp-idf/lwip/CMakeFiles/__idf_lwip.dir/lwip/src/netif/ppp/chap-md5.c.obj
[246/1052] Building C object esp-idf/lwip/CMakeFiles/__idf_lwip.dir/lwip/src/core/ipv4/ip4_addr.c.obj
[275/1052] Building C object esp-idf/lwip/CMakeFiles/__idf_lwip.dir/lwip/src/netif/ppp/demand.c.obj
[247/1052] Building C object esp-idf/lwip/CMakeFiles/__idf_lwip.dir/lwip/src/core/ipv4/autoip.c.obj
[276/1052] Building C object esp-idf/lwip/CMakeFiles/__idf_lwip.dir/lwip/src/netif/ppp/chap-new.c.obj
[444/1045] Building C object esp-idf/esp_hw_support/CMakeFiles/__idf_esp_hw_support.dir/sleep_event.c.obj
[248/1052] Building C object esp-idf/lwip/CMakeFiles/__idf_lwip.dir/lwip/src/core/raw.c.obj
[277/1052] Building C object esp-idf/lwip/CMakeFiles/__idf_lwip.dir/lwip/src/netif/ppp/chap_ms.c.obj
[249/1052] Building C object esp-idf/lwip/CMakeFiles/__idf_lwip.dir/lwip/src/core/timeouts.c.obj
[278/1052] Building C object esp-idf/lwip/CMakeFiles/__idf_lwip.dir/lwip/src/core/tcp.c.obj
[445/1045] Building C object esp-idf/esp_hw_support/CMakeFiles/__idf_esp_hw_support.dir/port/esp32s3/rtc_clk_init.c.obj
[331/1052] Linking C static library esp-idf/lwip/liblwip.a
[250/1052] Building C object esp-idf/lwip/CMakeFiles/__idf_lwip.dir/lwip/src/core/tcp_out.c.obj
[336/1046] Linking C static library esp-idf/lwip/liblwip.a
[446/1045] Building C object esp-idf/esp_hw_support/CMakeFiles/__idf_esp_hw_support.dir/spi_bus_lock.c.obj
[279/1052] Building C object esp-idf/lwip/CMakeFiles/__idf_lwip.dir/lwip/src/core/ipv6/mld6.c.obj
[337/1046] Building C object esp-idf/esp_event/CMakeFiles/__idf_esp_event.dir/default_event_loop.c.obj
[447/1045] Building C object esp-idf/esp_hw_support/CMakeFiles/__idf_esp_hw_support.dir/mspi_timing_tuning/mspi_timing_tuning.c.obj
[448/1045] Building C object esp-idf/esp_hw_support/CMakeFiles/__idf_esp_hw_support.dir/port/esp32s3/rtc_sleep.c.obj
[332/1052] Building C object esp-idf/vfs/CMakeFiles/__idf_vfs.dir/vfs_semihost.c.obj
[338/1046] Building C object esp-idf/nvs_flash/CMakeFiles/__idf_nvs_flash.dir/src/nvs_bootloader_xts_aes.c.obj
[333/1052] Building C object esp-idf/esp_driver_usb_serial_jtag/CMakeFiles/__idf_esp_driver_usb_serial_jtag.dir/src/usb_serial_jtag.c.obj
[251/1052] Building C object esp-idf/lwip/CMakeFiles/__idf_lwip.dir/lwip/src/core/ipv4/ip4_napt.c.obj
[280/1052] Building C object esp-idf/lwip/CMakeFiles/__idf_lwip.dir/lwip/src/core/ipv4/dhcp.c.obj
[449/1045] Building C object esp-idf/esp_hw_support/CMakeFiles/__idf_esp_hw_support.dir/intr_alloc.c.obj
[281/1052] Building C object esp-idf/lwip/CMakeFiles/__idf_lwip.dir/lwip/src/netif/ppp/eap.c.obj
[450/1045] Building C object esp-idf/esp_hw_support/CMakeFiles/__idf_esp_hw_support.dir/usb_phy/usb_phy.c.obj
[282/1052] Building C object esp-idf/lwip/CMakeFiles/__idf_lwip.dir/lwip/src/api/sockets.c.obj
[451/1045] Building C object esp-idf/esp_hw_support/CMakeFiles/__idf_esp_hw_support.dir/sleep_gpio.c.obj
[252/1052] Building C object esp-idf/lwip/CMakeFiles/__idf_lwip.dir/lwip/src/core/ipv6/icmp6.c.obj
[283/1052] Building C object esp-idf/lwip/CMakeFiles/__idf_lwip.dir/lwip/src/netif/ppp/ipv6cp.c.obj
[284/1052] Building C object esp-idf/esp_netif/CMakeFiles/__idf_esp_netif.dir/lwip/esp_netif_lwip.c.obj
[285/1052] Building C object esp-idf/lwip/CMakeFiles/__idf_lwip.dir/lwip/src/core/ipv6/ip6.c.obj
[253/1052] Building C object esp-idf/lwip/CMakeFiles/__idf_lwip.dir/lwip/src/core/ipv4/etharp.c.obj
[286/1052] Building C object esp-idf/lwip/CMakeFiles/__idf_lwip.dir/lwip/src/netif/ppp/ecp.c.obj
[254/1052] Building C object esp-idf/lwip/CMakeFiles/__idf_lwip.dir/lwip/src/core/ipv6/ethip6.c.obj
[334/1052] Building C object esp-idf/nvs_flash/CMakeFiles/__idf_nvs_flash.dir/src/nvs_bootloader_aes.c.obj
[287/1052] Building C object esp-idf/lwip/CMakeFiles/__idf_lwip.dir/lwip/src/netif/ppp/fsm.c.obj
[452/1045] Building C object esp-idf/esp_hw_support/CMakeFiles/__idf_esp_hw_support.dir/port/esp32s3/chip_info.c.obj
[339/1046] Building C object esp-idf/vfs/CMakeFiles/__idf_vfs.dir/vfs.c.obj
[288/1052] Building C object esp-idf/lwip/CMakeFiles/__idf_lwip.dir/lwip/src/netif/ppp/mppe.c.obj
[453/1045] Building C object esp-idf/soc/CMakeFiles/__idf_soc.dir/lldesc.c.obj
[289/1052] Building C object esp-idf/lwip/CMakeFiles/__idf_lwip.dir/lwip/src/netif/ppp/ipcp.c.obj
[290/1052] Building C object esp-idf/lwip/CMakeFiles/__idf_lwip.dir/lwip/src/netif/ppp/lcp.c.obj
[335/1052] Building CXX object esp-idf/nvs_flash/CMakeFiles/__idf_nvs_flash.dir/src/nvs_platform.cpp.obj
[255/1052] Building C object esp-idf/lwip/CMakeFiles/__idf_lwip.dir/lwip/src/core/ipv4/ip4.c.obj
[291/1052] Building C object esp-idf/lwip/CMakeFiles/__idf_lwip.dir/lwip/src/netif/ppp/upap.c.obj
[454/1045] Building C object esp-idf/soc/CMakeFiles/__idf_soc.dir/esp32s3/interrupts.c.obj
[256/1052] Building C object esp-idf/lwip/CMakeFiles/__idf_lwip.dir/lwip/src/api/api_msg.c.obj
[455/1045] Building C object esp-idf/esp_hw_support/CMakeFiles/__idf_esp_hw_support.dir/port/esp_memprot_conv.c.obj
[292/1052] Building C object esp-idf/lwip/CMakeFiles/__idf_lwip.dir/lwip/src/netif/ppp/ppp.c.obj
[293/1052] Building C object esp-idf/lwip/CMakeFiles/__idf_lwip.dir/lwip/src/netif/ppp/pppapi.c.obj
[340/1046] Linking C static library esp-idf/vfs/libvfs.a
[456/1045] Building C object esp-idf/esp_hw_support/CMakeFiles/__idf_esp_hw_support.dir/power_supply/brownout.c.obj
[294/1052] Building C object esp-idf/lwip/CMakeFiles/__idf_lwip.dir/lwip/src/netif/ppp/magic.c.obj
[457/1045] Building CXX object esp-idf/nvs_flash/CMakeFiles/__idf_nvs_flash.dir/src/nvs_page.cpp.obj
[295/1052] Building C object esp-idf/lwip/CMakeFiles/__idf_lwip.dir/port/if_index.c.obj
[257/1052] Building C object esp-idf/lwip/CMakeFiles/__idf_lwip.dir/lwip/src/core/ipv4/ip4_frag.c.obj
[458/1045] Building C object esp-idf/soc/CMakeFiles/__idf_soc.dir/dport_access_common.c.obj
[296/1052] Building C object esp-idf/lwip/CMakeFiles/__idf_lwip.dir/lwip/src/netif/ppp/multilink.c.obj
[258/1052] Building C object esp-idf/lwip/CMakeFiles/__idf_lwip.dir/lwip/src/core/ipv6/ip6_addr.c.obj
[459/1045] Building C object esp-idf/esp_hw_support/CMakeFiles/__idf_esp_hw_support.dir/mspi_timing_tuning/port/esp32s3/mspi_timing_config.c.obj
[297/1052] Building C object esp-idf/lwip/CMakeFiles/__idf_lwip.dir/lwip/src/netif/ppp/pppoe.c.obj
[336/1052] Building C object esp-idf/esp_phy/CMakeFiles/__idf_esp_phy.dir/src/phy_init.c.obj
[460/1045] Building C object esp-idf/esp_hw_support/CMakeFiles/__idf_esp_hw_support.dir/esp_clock_output.c.obj
[259/1052] Building C object esp-idf/lwip/CMakeFiles/__idf_lwip.dir/lwip/src/core/dns.c.obj
[461/1045] Building C object esp-idf/soc/CMakeFiles/__idf_soc.dir/esp32s3/uart_periph.c.obj
[341/1046] Building C object esp-idf/esp_event/CMakeFiles/__idf_esp_event.dir/esp_event_private.c.obj
[260/1052] Building C object esp-idf/lwip/CMakeFiles/__idf_lwip.dir/lwip/src/core/tcp.c.obj
[337/1052] Building C object esp-idf/nvs_flash/CMakeFiles/__idf_nvs_flash.dir/src/nvs_bootloader.c.obj
[342/1046] Linking C static library esp-idf/esp_vfs_console/libesp_vfs_console.a
[261/1052] Building C object esp-idf/lwip/CMakeFiles/__idf_lwip.dir/lwip/src/core/ipv6/inet6.c.obj
[338/1052] Building C object esp-idf/nvs_flash/CMakeFiles/__idf_nvs_flash.dir/src/nvs_bootloader_xts_aes.c.obj
[462/1045] Building C object esp-idf/soc/CMakeFiles/__idf_soc.dir/esp32s3/dedic_gpio_periph.c.obj
[262/1052] Building C object esp-idf/lwip/CMakeFiles/__idf_lwip.dir/lwip/src/core/ipv6/dhcp6.c.obj
[463/1045] Building C object esp-idf/soc/CMakeFiles/__idf_soc.dir/esp32s3/adc_periph.c.obj
[464/1045] Building C object esp-idf/esp_hw_support/CMakeFiles/__idf_esp_hw_support.dir/lowpower/port/esp32s3/sleep_cpu.c.obj
[465/1045] Building C object esp-idf/soc/CMakeFiles/__idf_soc.dir/esp32s3/gdma_periph.c.obj
[263/1052] Building C object esp-idf/lwip/CMakeFiles/__idf_lwip.dir/lwip/src/core/netif.c.obj
[298/1052] Building C object esp-idf/lwip/CMakeFiles/__idf_lwip.dir/lwip/src/netif/ppp/pppol2tp.c.obj
[466/1045] Linking C static library esp-idf/nvs_flash/libnvs_flash.a
[467/1045] Building C object esp-idf/soc/CMakeFiles/__idf_soc.dir/esp32s3/gpio_periph.c.obj
[468/1045] Building C object esp-idf/soc/CMakeFiles/__idf_soc.dir/esp32s3/pcnt_periph.c.obj
[343/1046] Linking C static library esp-idf/esp_driver_usb_serial_jtag/libesp_driver_usb_serial_jtag.a
[299/1052] Building C object esp-idf/lwip/CMakeFiles/__idf_lwip.dir/lwip/src/netif/ppp/pppcrypt.c.obj
[469/1045] Building C object esp-idf/esp_hw_support/CMakeFiles/__idf_esp_hw_support.dir/port/esp32s3/rtc_time.c.obj
[339/1052] Building C object esp-idf/esp_event/CMakeFiles/__idf_esp_event.dir/esp_event_private.c.obj
[264/1052] Building C object esp-idf/lwip/CMakeFiles/__idf_lwip.dir/lwip/src/core/ipv4/igmp.c.obj
[300/1052] Building C object esp-idf/lwip/CMakeFiles/__idf_lwip.dir/lwip/src/netif/ppp/pppos.c.obj
[470/1045] Building C object esp-idf/esp_hw_support/CMakeFiles/__idf_esp_hw_support.dir/dma/async_memcpy_gdma.c.obj
[471/1045] Building C object esp-idf/esp_hw_support/CMakeFiles/__idf_esp_hw_support.dir/mspi_timing_tuning/port/esp32s3/mspi_timing_by_mspi_delay.c.obj
[301/1052] Building C object esp-idf/lwip/CMakeFiles/__idf_lwip.dir/lwip/src/netif/ppp/utils.c.obj
[472/1045] Linking C static library esp-idf/esp_event/libesp_event.a
[473/1045] Building C object esp-idf/soc/CMakeFiles/__idf_soc.dir/esp32s3/ledc_periph.c.obj
[474/1045] Building C object esp-idf/esp_hw_support/CMakeFiles/__idf_esp_hw_support.dir/port/esp32s3/rtc_init.c.obj
[475/1045] Building C object esp-idf/soc/CMakeFiles/__idf_soc.dir/esp32s3/sdm_periph.c.obj
[476/1045] Building C object esp-idf/soc/CMakeFiles/__idf_soc.dir/esp32s3/temperature_sensor_periph.c.obj
[302/1052] Building C object esp-idf/lwip/CMakeFiles/__idf_lwip.dir/port/hooks/tcp_isn_default.c.obj
[477/1045] Building C object esp-idf/soc/CMakeFiles/__idf_soc.dir/esp32s3/spi_periph.c.obj
[303/1052] Building C object esp-idf/lwip/CMakeFiles/__idf_lwip.dir/port/hooks/lwip_default_hooks.c.obj
[344/1046] Linking C static library esp-idf/esp_phy/libesp_phy.a
[478/1045] Building C object esp-idf/esp_hw_support/CMakeFiles/__idf_esp_hw_support.dir/port/esp32s3/sar_periph_ctrl.c.obj
[479/1045] Building C object esp-idf/soc/CMakeFiles/__idf_soc.dir/esp32s3/rmt_periph.c.obj
[340/1052] Building C object esp-idf/esp_driver_uart/CMakeFiles/__idf_esp_driver_uart.dir/src/uart_wakeup.c.obj
[304/1052] Building C object esp-idf/lwip/CMakeFiles/__idf_lwip.dir/lwip/src/netif/ppp/vj.c.obj
[341/1052] Building C object esp-idf/esp_event/CMakeFiles/__idf_esp_event.dir/default_event_loop.c.obj
[480/1045] Building C object esp-idf/soc/CMakeFiles/__idf_soc.dir/esp32s3/i2c_periph.c.obj
[305/1052] Building C object esp-idf/lwip/CMakeFiles/__idf_lwip.dir/port/sockets_ext.c.obj
[481/1045] Building C object esp-idf/soc/CMakeFiles/__idf_soc.dir/esp32s3/lcd_periph.c.obj
[265/1052] Building C object esp-idf/esp_netif/CMakeFiles/__idf_esp_netif.dir/lwip/esp_netif_lwip.c.obj
[482/1045] Building C object esp-idf/esp_hw_support/CMakeFiles/__idf_esp_hw_support.dir/port/esp32s3/rtc_clk.c.obj
[483/1045] Building C object esp-idf/soc/CMakeFiles/__idf_soc.dir/esp32s3/mpi_periph.c.obj
[484/1045] Building C object esp-idf/soc/CMakeFiles/__idf_soc.dir/esp32s3/touch_sensor_periph.c.obj
[306/1052] Building C object esp-idf/lwip/CMakeFiles/__idf_lwip.dir/lwip/src/netif/ppp/polarssl/md5.c.obj
[485/1045] Building C object esp-idf/soc/CMakeFiles/__idf_soc.dir/esp32s3/i2s_periph.c.obj
[345/1046] Building CXX object esp-idf/nvs_flash/CMakeFiles/__idf_nvs_flash.dir/src/nvs_partition.cpp.obj
[486/1045] Linking C static library esp-idf/esp_driver_uart/libesp_driver_uart.a
[266/1052] Building C object esp-idf/lwip/CMakeFiles/__idf_lwip.dir/lwip/src/core/udp.c.obj
[487/1045] Building C object esp-idf/soc/CMakeFiles/__idf_soc.dir/esp32s3/twai_periph.c.obj
[488/1045] Building C object esp-idf/soc/CMakeFiles/__idf_soc.dir/esp32s3/usb_dwc_periph.c.obj
[267/1052] Building C object esp-idf/lwip/CMakeFiles/__idf_lwip.dir/lwip/src/netif/bridgeif.c.obj
[268/1052] Building C object esp-idf/lwip/CMakeFiles/__idf_lwip.dir/lwip/src/netif/ppp/ccp.c.obj
[307/1052] Building C object esp-idf/lwip/CMakeFiles/__idf_lwip.dir/lwip/src/netif/ppp/polarssl/arc4.c.obj
[489/1045] Building C object esp-idf/soc/CMakeFiles/__idf_soc.dir/esp32s3/timer_periph.c.obj
[490/1045] Building C object esp-idf/soc/CMakeFiles/__idf_soc.dir/esp32s3/mcpwm_periph.c.obj
[491/1045] Building C object esp-idf/soc/CMakeFiles/__idf_soc.dir/esp32s3/sdmmc_periph.c.obj
[269/1052] Building C object esp-idf/lwip/CMakeFiles/__idf_lwip.dir/lwip/src/core/ipv4/dhcp.c.obj
[270/1052] Building C object esp-idf/lwip/CMakeFiles/__idf_lwip.dir/lwip/src/core/ipv6/ip6_frag.c.obj
[492/1045] Building C object esp-idf/soc/CMakeFiles/__idf_soc.dir/esp32s3/wdt_periph.c.obj
[346/1046] Building CXX object esp-idf/nvs_flash/CMakeFiles/__idf_nvs_flash.dir/src/nvs_partition_lookup.cpp.obj
[308/1052] Linking C static library esp-idf/esp_netif/libesp_netif.a
[271/1052] Building C object esp-idf/lwip/CMakeFiles/__idf_lwip.dir/lwip/src/netif/bridgeif_fdb.c.obj
[493/1045] Building C object esp-idf/soc/CMakeFiles/__idf_soc.dir/esp32s3/cam_periph.c.obj
[309/1052] Building C object esp-idf/lwip/CMakeFiles/__idf_lwip.dir/port/debug/lwip_debug.c.obj
[272/1052] Building C object esp-idf/lwip/CMakeFiles/__idf_lwip.dir/lwip/src/netif/ppp/chap-md5.c.obj
[494/1045] Building C object esp-idf/soc/CMakeFiles/__idf_soc.dir/esp32s3/power_supply_periph.c.obj
[310/1052] Building C object esp-idf/lwip/CMakeFiles/__idf_lwip.dir/port/acd_dhcp_check.c.obj
[311/1052] Building C object esp-idf/lwip/CMakeFiles/__idf_lwip.dir/lwip/src/netif/ppp/polarssl/des.c.obj
[347/1046] Building C object esp-idf/esp_driver_uart/CMakeFiles/__idf_esp_driver_uart.dir/src/uart_wakeup.c.obj
[495/1045] Linking C static library esp-idf/esp_ringbuf/libesp_ringbuf.a
[496/1045] Building C object esp-idf/heap/CMakeFiles/__idf_heap.dir/heap_caps_init.c.obj
[312/1052] Building C object esp-idf/lwip/CMakeFiles/__idf_lwip.dir/apps/ping/esp_ping.c.obj
[273/1052] Building C object esp-idf/lwip/CMakeFiles/__idf_lwip.dir/lwip/src/netif/ppp/chap-new.c.obj
[313/1052] Building C object esp-idf/lwip/CMakeFiles/__idf_lwip.dir/apps/ping/ping.c.obj
[274/1052] Building C object esp-idf/lwip/CMakeFiles/__idf_lwip.dir/lwip/src/netif/ethernet.c.obj
[497/1045] Building C object esp-idf/soc/CMakeFiles/__idf_soc.dir/esp32s3/rtc_io_periph.c.obj
[498/1045] Building C object esp-idf/esp_hw_support/CMakeFiles/__idf_esp_hw_support.dir/dma/gdma.c.obj
[499/1045] Linking C static library esp-idf/esp_driver_gptimer/libesp_driver_gptimer.a
[275/1052] Building C object esp-idf/lwip/CMakeFiles/__idf_lwip.dir/lwip/src/netif/ppp/auth.c.obj
[348/1046] Building CXX object esp-idf/nvs_flash/CMakeFiles/__idf_nvs_flash.dir/src/nvs_item_hash_list.cpp.obj
[314/1052] Building C object esp-idf/lwip/CMakeFiles/__idf_lwip.dir/lwip/src/netif/ppp/polarssl/sha1.c.obj
[500/1045] Building C object esp-idf/heap/CMakeFiles/__idf_heap.dir/heap_caps_base.c.obj
[315/1052] Building C object esp-idf/lwip/CMakeFiles/__idf_lwip.dir/port/freertos/sys_arch.c.obj
[316/1052] Building C object esp-idf/lwip/CMakeFiles/__idf_lwip.dir/lwip/src/netif/ppp/polarssl/md4.c.obj
[501/1045] Building C object esp-idf/log/CMakeFiles/__idf_log.dir/src/util.c.obj
[276/1052] Building C object esp-idf/lwip/CMakeFiles/__idf_lwip.dir/lwip/src/netif/slipif.c.obj
[317/1052] Building C object esp-idf/lwip/CMakeFiles/__idf_lwip.dir/port/esp32xx/vfs_lwip.c.obj
[277/1052] Building C object esp-idf/lwip/CMakeFiles/__idf_lwip.dir/lwip/src/netif/ppp/chap_ms.c.obj
[342/1052] Building C object esp-idf/esp_event/CMakeFiles/__idf_esp_event.dir/esp_event.c.obj
[502/1045] Building C object esp-idf/heap/CMakeFiles/__idf_heap.dir/port/esp32s3/memory_layout.c.obj
[503/1045] Building C object esp-idf/heap/CMakeFiles/__idf_heap.dir/port/memory_layout_utils.c.obj
[278/1052] Building C object esp-idf/lwip/CMakeFiles/__idf_lwip.dir/lwip/src/netif/ppp/demand.c.obj
[504/1045] Linking C static library esp-idf/esp_timer/libesp_timer.a
[279/1052] Building C object esp-idf/lwip/CMakeFiles/__idf_lwip.dir/lwip/src/core/ipv6/mld6.c.obj
[505/1045] Building C object esp-idf/log/CMakeFiles/__idf_log.dir/src/log.c.obj
[280/1052] Building C object esp-idf/lwip/CMakeFiles/__idf_lwip.dir/lwip/src/netif/ppp/eap.c.obj
[506/1045] Building C object esp-idf/log/CMakeFiles/__idf_log.dir/src/log_print.c.obj
[507/1045] Building C object esp-idf/log/CMakeFiles/__idf_log.dir/src/os/log_lock.c.obj
[281/1052] Building C object esp-idf/lwip/CMakeFiles/__idf_lwip.dir/lwip/src/core/tcp_in.c.obj
[508/1045] Building C object esp-idf/log/CMakeFiles/__idf_log.dir/src/os/log_timestamp.c.obj
[509/1045] Building C object esp-idf/log/CMakeFiles/__idf_log.dir/src/log_level/log_level.c.obj
[318/1052] Building C object esp-idf/esp_phy/CMakeFiles/__idf_esp_phy.dir/esp32s3/phy_init_data.c.obj
[510/1045] Building C object esp-idf/log/CMakeFiles/__idf_log.dir/src/log_format_text.c.obj
[282/1052] Building C object esp-idf/lwip/CMakeFiles/__idf_lwip.dir/lwip/src/netif/ppp/fsm.c.obj
[319/1052] Building C object esp-idf/esp_phy/CMakeFiles/__idf_esp_phy.dir/src/lib_printf.c.obj
[511/1045] Building C object esp-idf/log/CMakeFiles/__idf_log.dir/src/buffer/log_buffers.c.obj
[283/1052] Building C object esp-idf/lwip/CMakeFiles/__idf_lwip.dir/lwip/src/core/ipv6/ip6.c.obj
[512/1045] Linking C static library esp-idf/cxx/libcxx.a
[284/1052] Building C object esp-idf/lwip/CMakeFiles/__idf_lwip.dir/lwip/src/netif/ppp/ecp.c.obj
[349/1046] Building C object esp-idf/esp_event/CMakeFiles/__idf_esp_event.dir/esp_event.c.obj
[285/1052] Building C object esp-idf/lwip/CMakeFiles/__idf_lwip.dir/lwip/src/netif/ppp/eui64.c.obj
[286/1052] Building C object esp-idf/lwip/CMakeFiles/__idf_lwip.dir/lwip/src/netif/ppp/ipcp.c.obj
[287/1052] Building C object esp-idf/lwip/CMakeFiles/__idf_lwip.dir/lwip/src/netif/ppp/pppoe.c.obj
[513/1045] Building C object esp-idf/log/CMakeFiles/__idf_log.dir/src/os/util.c.obj
[320/1052] Building C object esp-idf/esp_phy/CMakeFiles/__idf_esp_phy.dir/src/btbb_init.c.obj
[514/1045] Building C object esp-idf/log/CMakeFiles/__idf_log.dir/src/os/log_write.c.obj
[515/1045] Building C object esp-idf/log/CMakeFiles/__idf_log.dir/src/log_level/tag_log_level/tag_log_level.c.obj
[321/1052] Building C object esp-idf/vfs/CMakeFiles/__idf_vfs.dir/vfs_eventfd.c.obj
[516/1045] Building C object esp-idf/esp_hw_support/CMakeFiles/__idf_esp_hw_support.dir/sleep_modes.c.obj
[288/1052] Building C object esp-idf/lwip/CMakeFiles/__idf_lwip.dir/lwip/src/netif/ppp/lcp.c.obj
[517/1045] Building C object esp-idf/heap/CMakeFiles/__idf_heap.dir/multi_heap.c.obj
[322/1052] Building C object esp-idf/esp_driver_usb_serial_jtag/CMakeFiles/__idf_esp_driver_usb_serial_jtag.dir/src/usb_serial_jtag_connection_monitor.c.obj
[323/1052] Building C object esp-idf/esp_phy/CMakeFiles/__idf_esp_phy.dir/src/phy_override.c.obj
[518/1045] Building C object esp-idf/log/CMakeFiles/__idf_log.dir/src/log_timestamp_common.c.obj
[324/1052] Building C object esp-idf/esp_phy/CMakeFiles/__idf_esp_phy.dir/src/phy_common.c.obj
[289/1052] Building C object esp-idf/lwip/CMakeFiles/__idf_lwip.dir/lwip/src/netif/ppp/mppe.c.obj
[519/1045] Linking C static library esp-idf/pthread/libpthread.a
[290/1052] Building C object esp-idf/lwip/CMakeFiles/__idf_lwip.dir/lwip/src/netif/ppp/magic.c.obj
[520/1045] Building C object esp-idf/hal/CMakeFiles/__idf_hal.dir/color_hal.c.obj
[521/1045] Building C object esp-idf/hal/CMakeFiles/__idf_hal.dir/cache_hal.c.obj
[325/1052] Building C object esp-idf/lwip/CMakeFiles/__idf_lwip.dir/apps/ping/ping_sock.c.obj
[291/1052] Building C object esp-idf/lwip/CMakeFiles/__idf_lwip.dir/lwip/src/netif/ppp/upap.c.obj
[292/1052] Building C object esp-idf/lwip/CMakeFiles/__idf_lwip.dir/lwip/src/netif/ppp/multilink.c.obj
[343/1052] Building CXX object esp-idf/nvs_flash/CMakeFiles/__idf_nvs_flash.dir/src/nvs_partition_lookup.cpp.obj
[293/1052] Building C object esp-idf/lwip/CMakeFiles/__idf_lwip.dir/lwip/src/netif/ppp/ipv6cp.c.obj
[522/1045] Building C object esp-idf/log/CMakeFiles/__idf_log.dir/src/log_level/tag_log_level/linked_list/log_linked_list.c.obj
[326/1052] Building C object esp-idf/vfs/CMakeFiles/__idf_vfs.dir/nullfs.c.obj
[523/1045] Building C object esp-idf/log/CMakeFiles/__idf_log.dir/src/log_level/tag_log_level/cache/log_binary_heap.c.obj
[327/1052] Building C object esp-idf/esp_driver_usb_serial_jtag/CMakeFiles/__idf_esp_driver_usb_serial_jtag.dir/src/usb_serial_jtag.c.obj
[524/1045] Building C object esp-idf/hal/CMakeFiles/__idf_hal.dir/mpu_hal.c.obj
[525/1045] Building C object esp-idf/hal/CMakeFiles/__idf_hal.dir/hal_utils.c.obj
[328/1052] Building C object esp-idf/esp_vfs_console/CMakeFiles/__idf_esp_vfs_console.dir/vfs_console.c.obj
[526/1045] Building C object esp-idf/hal/CMakeFiles/__idf_hal.dir/mmu_hal.c.obj
[294/1052] Building C object esp-idf/lwip/CMakeFiles/__idf_lwip.dir/lwip/src/netif/ppp/pppapi.c.obj
[527/1045] Building C object esp-idf/hal/CMakeFiles/__idf_hal.dir/esp32s3/efuse_hal.c.obj
[295/1052] Building C object esp-idf/lwip/CMakeFiles/__idf_lwip.dir/lwip/src/netif/ppp/ppp.c.obj
[528/1045] Building C object esp-idf/hal/CMakeFiles/__idf_hal.dir/efuse_hal.c.obj
[529/1045] Linking C static library esp-idf/newlib/libnewlib.a
[329/1052] Building C object esp-idf/lwip/CMakeFiles/__idf_lwip.dir/lwip/src/core/ipv6/nd6.c.obj
[344/1052] Building C object esp-idf/vfs/CMakeFiles/__idf_vfs.dir/vfs.c.obj
[296/1052] Building C object esp-idf/lwip/CMakeFiles/__idf_lwip.dir/lwip/src/netif/ppp/pppol2tp.c.obj
[530/1045] Building C object esp-idf/heap/CMakeFiles/__idf_heap.dir/heap_caps.c.obj
[297/1052] Building C object esp-idf/lwip/CMakeFiles/__idf_lwip.dir/lwip/src/netif/ppp/utils.c.obj
[298/1052] Building C object esp-idf/lwip/CMakeFiles/__idf_lwip.dir/lwip/src/netif/ppp/pppos.c.obj
[299/1052] Building C object esp-idf/lwip/CMakeFiles/__idf_lwip.dir/lwip/src/api/sockets.c.obj
[330/1052] Building C object esp-idf/vfs/CMakeFiles/__idf_vfs.dir/vfs.c.obj
[531/1045] Building C object esp-idf/hal/CMakeFiles/__idf_hal.dir/uart_hal_iram.c.obj
[532/1045] Building C object esp-idf/hal/CMakeFiles/__idf_hal.dir/ledc_hal.c.obj
[300/1052] Building C object esp-idf/lwip/CMakeFiles/__idf_lwip.dir/port/esp32xx/vfs_lwip.c.obj
[301/1052] Building C object esp-idf/lwip/CMakeFiles/__idf_lwip.dir/lwip/src/netif/ppp/pppcrypt.c.obj
[345/1052] Linking C static library esp-idf/vfs/libvfs.a
[350/1046] Building C object esp-idf/esp_driver_gptimer/CMakeFiles/__idf_esp_driver_gptimer.dir/src/gptimer.c.obj
[533/1045] Building C object esp-idf/hal/CMakeFiles/__idf_hal.dir/spi_flash_encrypt_hal_iram.c.obj
[331/1052] Building CXX object esp-idf/nvs_flash/CMakeFiles/__idf_nvs_flash.dir/src/nvs_platform.cpp.obj
[302/1052] Building C object esp-idf/lwip/CMakeFiles/__idf_lwip.dir/apps/ping/ping.c.obj
[534/1045] Linking C static library esp-idf/freertos/libfreertos.a
[346/1052] Linking C static library esp-idf/esp_vfs_console/libesp_vfs_console.a
[303/1052] Building C object esp-idf/lwip/CMakeFiles/__idf_lwip.dir/lwip/src/netif/ppp/vj.c.obj
[535/1045] Building C object esp-idf/hal/CMakeFiles/__idf_hal.dir/i2c_hal_iram.c.obj
[536/1045] Building C object esp-idf/hal/CMakeFiles/__idf_hal.dir/rmt_hal.c.obj
[537/1045] Building C object esp-idf/hal/CMakeFiles/__idf_hal.dir/ledc_hal_iram.c.obj
[304/1052] Building C object esp-idf/lwip/CMakeFiles/__idf_lwip.dir/port/hooks/lwip_default_hooks.c.obj
[305/1052] Building C object esp-idf/lwip/CMakeFiles/__idf_lwip.dir/lwip/src/core/ipv6/nd6.c.obj
[351/1046] Building C object esp-idf/esp_timer/CMakeFiles/__idf_esp_timer.dir/src/esp_timer_init.c.obj
[347/1052] Linking C static library esp-idf/esp_driver_usb_serial_jtag/libesp_driver_usb_serial_jtag.a
[538/1045] Building C object esp-idf/hal/CMakeFiles/__idf_hal.dir/spi_flash_hal.c.obj
[306/1052] Building C object esp-idf/lwip/CMakeFiles/__idf_lwip.dir/lwip/src/netif/ppp/polarssl/md5.c.obj
[539/1045] Building C object esp-idf/hal/CMakeFiles/__idf_hal.dir/timer_hal.c.obj
[352/1046] Building C object esp-idf/esp_driver_gptimer/CMakeFiles/__idf_esp_driver_gptimer.dir/src/gptimer_common.c.obj
[348/1052] Building CXX object esp-idf/nvs_flash/CMakeFiles/__idf_nvs_flash.dir/src/nvs_item_hash_list.cpp.obj
[540/1045] Building C object esp-idf/hal/CMakeFiles/__idf_hal.dir/esp32s3/clk_tree_hal.c.obj
[332/1052] Building C object esp-idf/lwip/CMakeFiles/__idf_lwip.dir/apps/dhcpserver/dhcpserver.c.obj
[541/1045] Building C object esp-idf/hal/CMakeFiles/__idf_hal.dir/systimer_hal.c.obj
[542/1045] Building C object esp-idf/hal/CMakeFiles/__idf_hal.dir/mcpwm_hal.c.obj
[543/1045] Building C object esp-idf/hal/CMakeFiles/__idf_hal.dir/uhci_hal.c.obj
[333/1052] Building C object esp-idf/esp_driver_usb_serial_jtag/CMakeFiles/__idf_esp_driver_usb_serial_jtag.dir/src/usb_serial_jtag_vfs.c.obj
[334/1052] Building C object esp-idf/esp_phy/CMakeFiles/__idf_esp_phy.dir/src/phy_init.c.obj
[544/1045] Building C object esp-idf/hal/CMakeFiles/__idf_hal.dir/gdma_hal_top.c.obj
[307/1052] Linking C static library esp-idf/esp_netif/libesp_netif.a
[308/1052] Building C object esp-idf/lwip/CMakeFiles/__idf_lwip.dir/port/sockets_ext.c.obj
[349/1052] Linking C static library esp-idf/esp_phy/libesp_phy.a
[309/1052] Building C object esp-idf/lwip/CMakeFiles/__idf_lwip.dir/port/hooks/tcp_isn_default.c.obj
[350/1052] Building CXX object esp-idf/nvs_flash/CMakeFiles/__idf_nvs_flash.dir/src/nvs_partition.cpp.obj
[545/1045] Building C object esp-idf/hal/CMakeFiles/__idf_hal.dir/pcnt_hal.c.obj
[335/1052] Building C object esp-idf/vfs/CMakeFiles/__idf_vfs.dir/vfs_semihost.c.obj
[353/1046] Building C object esp-idf/esp_timer/CMakeFiles/__idf_esp_timer.dir/src/esp_timer.c.obj
[354/1046] Building C object esp-idf/esp_ringbuf/CMakeFiles/__idf_esp_ringbuf.dir/ringbuf.c.obj
[336/1052] Building C object esp-idf/nvs_flash/CMakeFiles/__idf_nvs_flash.dir/src/nvs_bootloader_xts_aes.c.obj
[546/1045] Building C object esp-idf/hal/CMakeFiles/__idf_hal.dir/rtc_io_hal.c.obj
[310/1052] Building C object esp-idf/lwip/CMakeFiles/__idf_lwip.dir/port/if_index.c.obj
[547/1045] Building C object esp-idf/hal/CMakeFiles/__idf_hal.dir/gpio_hal.c.obj
[337/1052] Building C object esp-idf/nvs_flash/CMakeFiles/__idf_nvs_flash.dir/src/nvs_bootloader_aes.c.obj
[548/1045] Building C object esp-idf/hal/CMakeFiles/__idf_hal.dir/gdma_hal_ahb_v1.c.obj
[355/1046] Building C object esp-idf/esp_timer/CMakeFiles/__idf_esp_timer.dir/src/ets_timer_legacy.c.obj
[549/1045] Building C object esp-idf/hal/CMakeFiles/__idf_hal.dir/sdmmc_hal.c.obj
[550/1045] Building C object esp-idf/hal/CMakeFiles/__idf_hal.dir/i2c_hal.c.obj
[311/1052] Building C object esp-idf/lwip/CMakeFiles/__idf_lwip.dir/lwip/src/netif/ppp/polarssl/sha1.c.obj
[356/1046] Building CXX object esp-idf/nvs_flash/CMakeFiles/__idf_nvs_flash.dir/src/nvs_api.cpp.obj
[312/1052] Building C object esp-idf/lwip/CMakeFiles/__idf_lwip.dir/lwip/src/netif/ppp/polarssl/arc4.c.obj
[551/1045] Building C object esp-idf/hal/CMakeFiles/__idf_hal.dir/uart_hal.c.obj
[552/1045] Building C object esp-idf/hal/CMakeFiles/__idf_hal.dir/sha_hal.c.obj
[313/1052] Building C object esp-idf/lwip/CMakeFiles/__idf_lwip.dir/apps/ping/ping_sock.c.obj
[553/1045] Building C object esp-idf/hal/CMakeFiles/__idf_hal.dir/sdm_hal.c.obj
[351/1052] Building C object esp-idf/esp_timer/CMakeFiles/__idf_esp_timer.dir/src/esp_timer_init.c.obj
[314/1052] Building C object esp-idf/lwip/CMakeFiles/__idf_lwip.dir/port/acd_dhcp_check.c.obj
[352/1052] Building C object esp-idf/esp_ringbuf/CMakeFiles/__idf_esp_ringbuf.dir/ringbuf.c.obj
[554/1045] Building C object esp-idf/hal/CMakeFiles/__idf_hal.dir/lcd_hal.c.obj
[315/1052] Building C object esp-idf/lwip/CMakeFiles/__idf_lwip.dir/apps/ping/esp_ping.c.obj
[555/1045] Building C object esp-idf/hal/CMakeFiles/__idf_hal.dir/adc_oneshot_hal.c.obj
[353/1052] Building C object esp-idf/esp_driver_uart/CMakeFiles/__idf_esp_driver_uart.dir/src/uhci.c.obj
[357/1046] Building C object esp-idf/esp_timer/CMakeFiles/__idf_esp_timer.dir/src/system_time.c.obj
[556/1045] Building C object esp-idf/hal/CMakeFiles/__idf_hal.dir/spi_flash_hal_iram.c.obj
[316/1052] Building C object esp-idf/lwip/CMakeFiles/__idf_lwip.dir/lwip/src/netif/ppp/polarssl/des.c.obj
[354/1052] Building C object esp-idf/esp_driver_gptimer/CMakeFiles/__idf_esp_driver_gptimer.dir/src/gptimer.c.obj
[317/1052] Building C object esp-idf/lwip/CMakeFiles/__idf_lwip.dir/lwip/src/netif/ppp/polarssl/md4.c.obj
[557/1045] Building C object esp-idf/hal/CMakeFiles/__idf_hal.dir/mpi_hal.c.obj
[558/1045] Building C object esp-idf/hal/CMakeFiles/__idf_hal.dir/brownout_hal.c.obj
[355/1052] Building C object esp-idf/esp_driver_gptimer/CMakeFiles/__idf_esp_driver_gptimer.dir/src/gptimer_common.c.obj
[358/1046] Building C object esp-idf/esp_driver_uart/CMakeFiles/__idf_esp_driver_uart.dir/src/uart_vfs.c.obj
[318/1052] Building C object esp-idf/esp_phy/CMakeFiles/__idf_esp_phy.dir/src/lib_printf.c.obj
[559/1045] Building C object esp-idf/hal/CMakeFiles/__idf_hal.dir/aes_hal.c.obj
[319/1052] Building C object esp-idf/lwip/CMakeFiles/__idf_lwip.dir/port/debug/lwip_debug.c.obj
[359/1046] Building C object esp-idf/esp_timer/CMakeFiles/__idf_esp_timer.dir/src/esp_timer_impl_common.c.obj
[360/1046] Building C object esp-idf/esp_driver_uart/CMakeFiles/__idf_esp_driver_uart.dir/src/uhci.c.obj
[320/1052] Building C object esp-idf/vfs/CMakeFiles/__idf_vfs.dir/vfs_semihost.c.obj
[361/1046] Building CXX object esp-idf/cxx/CMakeFiles/__idf_cxx.dir/cxx_init.cpp.obj
[338/1052] Building C object esp-idf/esp_event/CMakeFiles/__idf_esp_event.dir/default_event_loop.c.obj
[321/1052] Building C object esp-idf/esp_vfs_console/CMakeFiles/__idf_esp_vfs_console.dir/vfs_console.c.obj
[560/1045] Building C object esp-idf/hal/CMakeFiles/__idf_hal.dir/twai_hal_sja1000.c.obj
[339/1052] Linking C static library esp-idf/lwip/liblwip.a
[322/1052] Building C object esp-idf/lwip/CMakeFiles/__idf_lwip.dir/port/freertos/sys_arch.c.obj
[356/1052] Building C object esp-idf/esp_driver_uart/CMakeFiles/__idf_esp_driver_uart.dir/src/uart_vfs.c.obj
[323/1052] Building C object esp-idf/vfs/CMakeFiles/__idf_vfs.dir/nullfs.c.obj
[324/1052] Building C object esp-idf/esp_phy/CMakeFiles/__idf_esp_phy.dir/esp32s3/phy_init_data.c.obj
[561/1045] Building C object esp-idf/hal/CMakeFiles/__idf_hal.dir/spi_slave_hd_hal.c.obj
[562/1045] Building C object esp-idf/hal/CMakeFiles/__idf_hal.dir/spi_slave_hal.c.obj
[325/1052] Building C object esp-idf/esp_driver_usb_serial_jtag/CMakeFiles/__idf_esp_driver_usb_serial_jtag.dir/src/usb_serial_jtag_connection_monitor.c.obj
[563/1045] Building C object esp-idf/hal/CMakeFiles/__idf_hal.dir/hmac_hal.c.obj
[357/1052] Building C object esp-idf/esp_timer/CMakeFiles/__idf_esp_timer.dir/src/system_time.c.obj
[326/1052] Building C object esp-idf/vfs/CMakeFiles/__idf_vfs.dir/vfs_eventfd.c.obj
[340/1052] Building C object esp-idf/esp_event/CMakeFiles/__idf_esp_event.dir/esp_event_private.c.obj
[564/1045] Building C object esp-idf/hal/CMakeFiles/__idf_hal.dir/adc_hal_common.c.obj
[565/1045] Building C object esp-idf/hal/CMakeFiles/__idf_hal.dir/adc_hal.c.obj
[327/1052] Building C object esp-idf/esp_phy/CMakeFiles/__idf_esp_phy.dir/src/phy_override.c.obj
[328/1052] Building C object esp-idf/esp_phy/CMakeFiles/__idf_esp_phy.dir/src/phy_common.c.obj
[566/1045] Building C object esp-idf/hal/CMakeFiles/__idf_hal.dir/spi_hal.c.obj
[341/1052] Building C object esp-idf/nvs_flash/CMakeFiles/__idf_nvs_flash.dir/src/nvs_bootloader.c.obj
[358/1052] Building C object esp-idf/esp_timer/CMakeFiles/__idf_esp_timer.dir/src/esp_timer_impl_common.c.obj
[567/1045] Building C object esp-idf/hal/CMakeFiles/__idf_hal.dir/cam_hal.c.obj
[362/1046] Building CXX object esp-idf/cxx/CMakeFiles/__idf_cxx.dir/cxx_exception_stubs.cpp.obj
[568/1045] Building C object esp-idf/hal/CMakeFiles/__idf_hal.dir/usb_wrap_hal.c.obj
[359/1052] Building CXX object esp-idf/cxx/CMakeFiles/__idf_cxx.dir/cxx_exception_stubs.cpp.obj
[342/1052] Linking C static library esp-idf/vfs/libvfs.a
[569/1045] Building C object esp-idf/hal/CMakeFiles/__idf_hal.dir/spi_slave_hal_iram.c.obj
[570/1045] Building C object esp-idf/hal/CMakeFiles/__idf_hal.dir/ds_hal.c.obj
[363/1046] Building C object esp-idf/pthread/CMakeFiles/__idf_pthread.dir/pthread_local_storage.c.obj
[571/1045] Building C object esp-idf/hal/CMakeFiles/__idf_hal.dir/usb_serial_jtag_hal.c.obj
[364/1046] Building C object esp-idf/esp_timer/CMakeFiles/__idf_esp_timer.dir/src/esp_timer_impl_systimer.c.obj
[572/1045] Building C object esp-idf/esp_rom/CMakeFiles/__idf_esp_rom.dir/patches/esp_rom_sys.c.obj
[343/1052] Linking C static library esp-idf/esp_vfs_console/libesp_vfs_console.a
[573/1045] Building C object esp-idf/esp_rom/CMakeFiles/__idf_esp_rom.dir/patches/esp_rom_crc.c.obj
[360/1052] Building C object esp-idf/esp_timer/CMakeFiles/__idf_esp_timer.dir/src/esp_timer.c.obj
[574/1045] Building C object esp-idf/hal/CMakeFiles/__idf_hal.dir/touch_sens_hal.c.obj
[344/1052] Building C object esp-idf/esp_driver_uart/CMakeFiles/__idf_esp_driver_uart.dir/src/uart_wakeup.c.obj
[361/1052] Building C object esp-idf/esp_timer/CMakeFiles/__idf_esp_timer.dir/src/ets_timer_legacy.c.obj
[329/1052] Building C object esp-idf/esp_phy/CMakeFiles/__idf_esp_phy.dir/src/btbb_init.c.obj
[362/1052] Building CXX object esp-idf/cxx/CMakeFiles/__idf_cxx.dir/cxx_init.cpp.obj
[575/1045] Building C object esp-idf/hal/CMakeFiles/__idf_hal.dir/i2s_hal.c.obj
[576/1045] Building C object esp-idf/esp_rom/CMakeFiles/__idf_esp_rom.dir/patches/esp_rom_efuse.c.obj
[345/1052] Linking C static library esp-idf/esp_driver_usb_serial_jtag/libesp_driver_usb_serial_jtag.a
[577/1045] Building C object esp-idf/hal/CMakeFiles/__idf_hal.dir/temperature_sensor_hal.c.obj
[578/1045] Building ASM object esp-idf/esp_rom/CMakeFiles/__idf_esp_rom.dir/patches/esp_rom_longjmp.S.obj
[365/1046] Building C object esp-idf/newlib/CMakeFiles/__idf_newlib.dir/src/init.c.obj
[579/1045] Building C object esp-idf/heap/CMakeFiles/__idf_heap.dir/tlsf/tlsf.c.obj
[580/1045] Building C object esp-idf/hal/CMakeFiles/__idf_hal.dir/xt_wdt_hal.c.obj
[330/1052] Building C object esp-idf/esp_driver_usb_serial_jtag/CMakeFiles/__idf_esp_driver_usb_serial_jtag.dir/src/usb_serial_jtag.c.obj
[581/1045] Building C object esp-idf/esp_rom/CMakeFiles/__idf_esp_rom.dir/patches/esp_rom_spiflash.c.obj
[331/1052] Building C object esp-idf/lwip/CMakeFiles/__idf_lwip.dir/apps/dhcpserver/dhcpserver.c.obj
[582/1045] Building ASM object esp-idf/esp_rom/CMakeFiles/__idf_esp_rom.dir/patches/esp_rom_cache_writeback_esp32s3.S.obj
[363/1052] Building C object esp-idf/esp_timer/CMakeFiles/__idf_esp_timer.dir/src/esp_timer_impl_systimer.c.obj
[366/1046] Building C object esp-idf/newlib/CMakeFiles/__idf_newlib.dir/src/abort.c.obj
[583/1045] Building C object esp-idf/hal/CMakeFiles/__idf_hal.dir/touch_sensor_hal.c.obj
[367/1046] Building CXX object esp-idf/nvs_flash/CMakeFiles/__idf_nvs_flash.dir/src/nvs_handle_simple.cpp.obj
[584/1045] Building C object esp-idf/esp_rom/CMakeFiles/__idf_esp_rom.dir/patches/esp_rom_serial_output.c.obj
[585/1045] Building C object esp-idf/hal/CMakeFiles/__idf_hal.dir/spi_flash_hal_gpspi.c.obj
[586/1045] Building C object esp-idf/esp_rom/CMakeFiles/__idf_esp_rom.dir/patches/esp_rom_print.c.obj
[587/1045] Building C object esp-idf/esp_rom/CMakeFiles/__idf_esp_rom.dir/patches/esp_rom_cache_esp32s2_esp32s3.c.obj
[346/1052] Linking C static library esp-idf/esp_phy/libesp_phy.a
[588/1045] Building C object esp-idf/esp_rom/CMakeFiles/__idf_esp_rom.dir/patches/esp_rom_gpio.c.obj
[347/1052] Building CXX object esp-idf/nvs_flash/CMakeFiles/__idf_nvs_flash.dir/src/nvs_partition_lookup.cpp.obj
[589/1045] Building C object esp-idf/esp_rom/CMakeFiles/__idf_esp_rom.dir/patches/esp_rom_systimer.c.obj
[590/1045] Building C object esp-idf/esp_rom/CMakeFiles/__idf_esp_rom.dir/patches/esp_rom_wdt.c.obj
[332/1052] Building CXX object esp-idf/nvs_flash/CMakeFiles/__idf_nvs_flash.dir/src/nvs_platform.cpp.obj
[364/1052] Building C object esp-idf/pthread/CMakeFiles/__idf_pthread.dir/pthread_rwlock.c.obj
[591/1045] Building C object esp-idf/esp_system/CMakeFiles/__idf_esp_system.dir/esp_err.c.obj
[592/1045] Building C object esp-idf/esp_hw_support/CMakeFiles/__idf_esp_hw_support.dir/port/esp32s3/esp_memprot.c.obj
[593/1045] Building C object esp-idf/esp_system/CMakeFiles/__idf_esp_system.dir/esp_system_console.c.obj
[594/1045] Building C object esp-idf/hal/CMakeFiles/__idf_hal.dir/esp32s3/rtc_cntl_hal.c.obj
[333/1052] Building C object esp-idf/esp_driver_usb_serial_jtag/CMakeFiles/__idf_esp_driver_usb_serial_jtag.dir/src/usb_serial_jtag_vfs.c.obj
[365/1052] Building C object esp-idf/newlib/CMakeFiles/__idf_newlib.dir/src/init.c.obj
[368/1046] Building C object esp-idf/pthread/CMakeFiles/__idf_pthread.dir/pthread_rwlock.c.obj
[369/1046] Building C object esp-idf/newlib/CMakeFiles/__idf_newlib.dir/src/assert.c.obj
[595/1045] Building C object esp-idf/hal/CMakeFiles/__idf_hal.dir/esp32s3/touch_sensor_hal.c.obj
[370/1046] Building C object esp-idf/pthread/CMakeFiles/__idf_pthread.dir/pthread_semaphore.c.obj
[596/1045] Building C object esp-idf/hal/CMakeFiles/__idf_hal.dir/spi_hal_iram.c.obj
[371/1046] Building C object esp-idf/newlib/CMakeFiles/__idf_newlib.dir/src/heap.c.obj
[366/1052] Building C object esp-idf/pthread/CMakeFiles/__idf_pthread.dir/pthread_semaphore.c.obj
[367/1052] Building C object esp-idf/pthread/CMakeFiles/__idf_pthread.dir/pthread_local_storage.c.obj
[348/1052] Building C object esp-idf/esp_event/CMakeFiles/__idf_esp_event.dir/esp_event.c.obj
[372/1046] Building C object esp-idf/pthread/CMakeFiles/__idf_pthread.dir/pthread_cond_var.c.obj
[368/1052] Building CXX object esp-idf/nvs_flash/CMakeFiles/__idf_nvs_flash.dir/src/nvs_pagemanager.cpp.obj
[334/1052] Building C object esp-idf/nvs_flash/CMakeFiles/__idf_nvs_flash.dir/src/nvs_bootloader_aes.c.obj
[597/1045] Building C object esp-idf/esp_system/CMakeFiles/__idf_esp_system.dir/startup.c.obj
[349/1052] Building C object esp-idf/esp_driver_uart/CMakeFiles/__idf_esp_driver_uart.dir/src/uhci.c.obj
[598/1045] Building C object esp-idf/esp_system/CMakeFiles/__idf_esp_system.dir/esp_system.c.obj
[599/1045] Building C object esp-idf/esp_system/CMakeFiles/__idf_esp_system.dir/stack_check.c.obj
[373/1046] Building C object esp-idf/newlib/CMakeFiles/__idf_newlib.dir/src/pthread.c.obj
[374/1046] Building CXX object esp-idf/nvs_flash/CMakeFiles/__idf_nvs_flash.dir/src/nvs_types.cpp.obj
[375/1046] Building C object esp-idf/newlib/CMakeFiles/__idf_newlib.dir/src/getentropy.c.obj
[600/1045] Linking C static library esp-idf/esp_hw_support/libesp_hw_support.a
[601/1045] Building C object esp-idf/esp_system/CMakeFiles/__idf_esp_system.dir/crosscore_int.c.obj
[376/1046] Building CXX object esp-idf/nvs_flash/CMakeFiles/__idf_nvs_flash.dir/src/nvs_partition_manager.cpp.obj
[369/1052] Building C object esp-idf/newlib/CMakeFiles/__idf_newlib.dir/src/heap.c.obj
[335/1052] Linking C static library esp-idf/lwip/liblwip.a
[336/1052] Building C object esp-idf/esp_phy/CMakeFiles/__idf_esp_phy.dir/src/phy_init.c.obj
[377/1046] Building C object esp-idf/newlib/CMakeFiles/__idf_newlib.dir/src/poll.c.obj
[602/1045] Building C object esp-idf/esp_system/CMakeFiles/__idf_esp_system.dir/freertos_hooks.c.obj
[370/1052] Building C object esp-idf/newlib/CMakeFiles/__idf_newlib.dir/src/assert.c.obj
[378/1046] Building C object esp-idf/esp_driver_uart/CMakeFiles/__idf_esp_driver_uart.dir/src/uart.c.obj
[379/1046] Building C object esp-idf/newlib/CMakeFiles/__idf_newlib.dir/src/locks.c.obj
[350/1052] Building C object esp-idf/esp_driver_uart/CMakeFiles/__idf_esp_driver_uart.dir/src/uart_vfs.c.obj
[380/1046] Building C object esp-idf/newlib/CMakeFiles/__idf_newlib.dir/src/termios.c.obj
[371/1052] Building C object esp-idf/pthread/CMakeFiles/__idf_pthread.dir/pthread_cond_var.c.obj
[603/1045] Building C object esp-idf/hal/CMakeFiles/__idf_hal.dir/usb_dwc_hal.c.obj
[604/1045] Building C object esp-idf/esp_system/CMakeFiles/__idf_esp_system.dir/panic.c.obj
[372/1052] Building C object esp-idf/pthread/CMakeFiles/__idf_pthread.dir/pthread.c.obj
[373/1052] Building C object esp-idf/newlib/CMakeFiles/__idf_newlib.dir/src/abort.c.obj
[381/1046] Building C object esp-idf/newlib/CMakeFiles/__idf_newlib.dir/src/realpath.c.obj
[382/1046] Building C object esp-idf/newlib/CMakeFiles/__idf_newlib.dir/src/random.c.obj
[374/1052] Building CXX object esp-idf/nvs_flash/CMakeFiles/__idf_nvs_flash.dir/src/nvs_encrypted_partition.cpp.obj
[337/1052] Building C object esp-idf/nvs_flash/CMakeFiles/__idf_nvs_flash.dir/src/nvs_bootloader_xts_aes.c.obj
[375/1052] Building C object esp-idf/newlib/CMakeFiles/__idf_newlib.dir/src/random.c.obj
[338/1052] Building C object esp-idf/nvs_flash/CMakeFiles/__idf_nvs_flash.dir/src/nvs_bootloader.c.obj
[605/1045] Building C object esp-idf/esp_system/CMakeFiles/__idf_esp_system.dir/task_wdt/task_wdt_impl_timergroup.c.obj
[383/1046] Building C object esp-idf/newlib/CMakeFiles/__idf_newlib.dir/src/flockfile.c.obj
[606/1045] Building C object esp-idf/esp_system/CMakeFiles/__idf_esp_system.dir/system_time.c.obj
[607/1045] Linking C static library esp-idf/soc/libsoc.a
[376/1052] Building C object esp-idf/newlib/CMakeFiles/__idf_newlib.dir/src/termios.c.obj
[351/1052] Building CXX object esp-idf/nvs_flash/CMakeFiles/__idf_nvs_flash.dir/src/nvs_partition.cpp.obj
[384/1046] Building C object esp-idf/newlib/CMakeFiles/__idf_newlib.dir/src/syscalls.c.obj
[608/1045] Building C object esp-idf/esp_system/CMakeFiles/__idf_esp_system.dir/esp_ipc.c.obj
[377/1052] Building C object esp-idf/newlib/CMakeFiles/__idf_newlib.dir/src/poll.c.obj
[609/1045] Building C object esp-idf/esp_system/CMakeFiles/__idf_esp_system.dir/ubsan.c.obj
[378/1052] Building C object esp-idf/newlib/CMakeFiles/__idf_newlib.dir/src/pthread.c.obj
[385/1046] Building C object esp-idf/newlib/CMakeFiles/__idf_newlib.dir/src/reent_init.c.obj
[610/1045] Building C object esp-idf/esp_system/CMakeFiles/__idf_esp_system.dir/port/arch/xtensa/esp_ipc_isr_port.c.obj
[386/1046] Building C object esp-idf/newlib/CMakeFiles/__idf_newlib.dir/src/port/esp_time_impl.c.obj
[611/1045] Building C object esp-idf/esp_system/CMakeFiles/__idf_esp_system.dir/port/cpu_start.c.obj
[612/1045] Building ASM object esp-idf/esp_system/CMakeFiles/__idf_esp_system.dir/port/arch/xtensa/esp_ipc_isr_handler.S.obj
[352/1052] Building C object esp-idf/esp_driver_gptimer/CMakeFiles/__idf_esp_driver_gptimer.dir/src/gptimer.c.obj
[613/1045] Building ASM object esp-idf/esp_system/CMakeFiles/__idf_esp_system.dir/port/arch/xtensa/esp_ipc_isr_routines.S.obj
[379/1052] Building C object esp-idf/newlib/CMakeFiles/__idf_newlib.dir/src/sysconf.c.obj
[614/1045] Building C object esp-idf/esp_system/CMakeFiles/__idf_esp_system.dir/int_wdt.c.obj
[387/1046] Building C object esp-idf/newlib/CMakeFiles/__idf_newlib.dir/src/reent_syscalls.c.obj
[388/1046] Building C object esp-idf/newlib/CMakeFiles/__idf_newlib.dir/src/sysconf.c.obj
[339/1052] Building C object esp-idf/esp_event/CMakeFiles/__idf_esp_event.dir/esp_event_private.c.obj
[340/1052] Building C object esp-idf/esp_event/CMakeFiles/__idf_esp_event.dir/default_event_loop.c.obj
[615/1045] Building C object esp-idf/esp_system/CMakeFiles/__idf_esp_system.dir/xt_wdt.c.obj
[389/1046] Building CXX object esp-idf/cxx/CMakeFiles/__idf_cxx.dir/cxx_guards.cpp.obj
[390/1046] Building C object esp-idf/newlib/CMakeFiles/__idf_newlib.dir/src/scandir.c.obj
[380/1052] Building C object esp-idf/newlib/CMakeFiles/__idf_newlib.dir/src/getentropy.c.obj
[616/1045] Building ASM object esp-idf/esp_system/CMakeFiles/__idf_esp_system.dir/port/arch/xtensa/debug_helpers_asm.S.obj
[381/1052] Building C object esp-idf/newlib/CMakeFiles/__idf_newlib.dir/src/locks.c.obj
[353/1052] Building C object esp-idf/esp_timer/CMakeFiles/__idf_esp_timer.dir/src/esp_timer_init.c.obj
[382/1052] Building C object esp-idf/newlib/CMakeFiles/__idf_newlib.dir/src/time.c.obj
[617/1045] Linking C static library esp-idf/heap/libheap.a
[391/1046] Building C object esp-idf/newlib/CMakeFiles/__idf_newlib.dir/src/newlib_init.c.obj
[618/1045] Building C object esp-idf/esp_common/CMakeFiles/__idf_esp_common.dir/src/esp_err_to_name.c.obj
[619/1045] Building C object esp-idf/esp_system/CMakeFiles/__idf_esp_system.dir/port/image_process.c.obj
[392/1046] Building C object esp-idf/pthread/CMakeFiles/__idf_pthread.dir/pthread.c.obj
[620/1045] Building C object esp-idf/esp_system/CMakeFiles/__idf_esp_system.dir/startup_funcs.c.obj
[621/1045] Building C object esp-idf/esp_system/CMakeFiles/__idf_esp_system.dir/task_wdt/task_wdt.c.obj
[393/1046] Building C object esp-idf/newlib/CMakeFiles/__idf_newlib.dir/src/stdatomic.c.obj
[622/1045] Building C object esp-idf/esp_system/CMakeFiles/__idf_esp_system.dir/port/panic_handler.c.obj
[623/1045] Building C object esp-idf/esp_system/CMakeFiles/__idf_esp_system.dir/port/esp_system_chip.c.obj
[624/1045] Building ASM object esp-idf/esp_system/CMakeFiles/__idf_esp_system.dir/port/arch/xtensa/panic_handler_asm.S.obj
[625/1045] Building ASM object esp-idf/esp_system/CMakeFiles/__idf_esp_system.dir/port/arch/xtensa/expression_with_stack_asm.S.obj
[626/1045] Building ASM object esp-idf/esp_system/CMakeFiles/__idf_esp_system.dir/port/soc/esp32s3/highint_hdl.S.obj
[383/1052] Building C object esp-idf/newlib/CMakeFiles/__idf_newlib.dir/src/realpath.c.obj
[341/1052] Building C object esp-idf/esp_driver_uart/CMakeFiles/__idf_esp_driver_uart.dir/src/uart_wakeup.c.obj
[384/1052] Building C object esp-idf/newlib/CMakeFiles/__idf_newlib.dir/src/flockfile.c.obj
[385/1052] Building C object esp-idf/newlib/CMakeFiles/__idf_newlib.dir/src/port/esp_time_impl.c.obj
[627/1045] Building C object esp-idf/esp_system/CMakeFiles/__idf_esp_system.dir/port/esp_ipc_isr.c.obj
[386/1052] Building C object esp-idf/newlib/CMakeFiles/__idf_newlib.dir/src/reent_syscalls.c.obj
[394/1046] Building CXX object esp-idf/nvs_flash/CMakeFiles/__idf_nvs_flash.dir/src/nvs_handle_locked.cpp.obj
[354/1052] Building C object esp-idf/esp_driver_gptimer/CMakeFiles/__idf_esp_driver_gptimer.dir/src/gptimer_common.c.obj
[628/1045] Linking C static library esp-idf/log/liblog.a
[395/1046] Building C object esp-idf/freertos/CMakeFiles/__idf_freertos.dir/app_startup.c.obj
[355/1052] Building C object esp-idf/esp_timer/CMakeFiles/__idf_esp_timer.dir/src/system_time.c.obj
[342/1052] Building CXX object esp-idf/nvs_flash/CMakeFiles/__idf_nvs_flash.dir/src/nvs_partition_lookup.cpp.obj
[629/1045] Building C object esp-idf/esp_system/CMakeFiles/__idf_esp_system.dir/port/soc/esp32s3/reset_reason.c.obj
[387/1052] Building C object esp-idf/newlib/CMakeFiles/__idf_newlib.dir/src/syscalls.c.obj
[356/1052] Building C object esp-idf/esp_ringbuf/CMakeFiles/__idf_esp_ringbuf.dir/ringbuf.c.obj
[388/1052] Building CXX object esp-idf/nvs_flash/CMakeFiles/__idf_nvs_flash.dir/src/nvs_handle_simple.cpp.obj
[630/1045] Building C object esp-idf/esp_system/CMakeFiles/__idf_esp_system.dir/port/arch/xtensa/trax.c.obj
[631/1045] Building C object esp-idf/spi_flash/CMakeFiles/__idf_spi_flash.dir/flash_brownout_hook.c.obj
[343/1052] Building C object esp-idf/vfs/CMakeFiles/__idf_vfs.dir/vfs.c.obj
[632/1045] Building C object esp-idf/esp_system/CMakeFiles/__idf_esp_system.dir/port/arch/xtensa/debug_stubs.c.obj
[633/1045] Building C object esp-idf/esp_system/CMakeFiles/__idf_esp_system.dir/port/arch/xtensa/panic_arch.c.obj
[389/1052] Building C object esp-idf/esp_driver_uart/CMakeFiles/__idf_esp_driver_uart.dir/src/uart.c.obj
[634/1045] Building C object esp-idf/spi_flash/CMakeFiles/__idf_spi_flash.dir/spi_flash_chip_drivers.c.obj
[396/1046] Building C object esp-idf/freertos/CMakeFiles/__idf_freertos.dir/heap_idf.c.obj
[635/1045] Building C object esp-idf/spi_flash/CMakeFiles/__idf_spi_flash.dir/spi_flash_chip_issi.c.obj
[390/1052] Building C object esp-idf/newlib/CMakeFiles/__idf_newlib.dir/src/reent_init.c.obj
[636/1045] Building C object esp-idf/esp_system/CMakeFiles/__idf_esp_system.dir/port/soc/esp32s3/cache_err_int.c.obj
[391/1052] Building C object esp-idf/freertos/CMakeFiles/__idf_freertos.dir/port_common.c.obj
[357/1052] Building C object esp-idf/esp_timer/CMakeFiles/__idf_esp_timer.dir/src/ets_timer_legacy.c.obj
[358/1052] Building C object esp-idf/esp_timer/CMakeFiles/__idf_esp_timer.dir/src/esp_timer_impl_common.c.obj
[397/1046] Building CXX object esp-idf/nvs_flash/CMakeFiles/__idf_nvs_flash.dir/src/nvs_encrypted_partition.cpp.obj
[392/1052] Building C object esp-idf/newlib/CMakeFiles/__idf_newlib.dir/src/scandir.c.obj
[359/1052] Building C object esp-idf/esp_timer/CMakeFiles/__idf_esp_timer.dir/src/esp_timer.c.obj
[637/1045] Building C object esp-idf/esp_system/CMakeFiles/__idf_esp_system.dir/port/soc/esp32s3/clk.c.obj
[398/1046] Building C object esp-idf/freertos/CMakeFiles/__idf_freertos.dir/FreeRTOS-Kernel/list.c.obj
[393/1052] Building C object esp-idf/newlib/CMakeFiles/__idf_newlib.dir/src/newlib_init.c.obj
[399/1046] Building ASM object esp-idf/freertos/CMakeFiles/__idf_freertos.dir/FreeRTOS-Kernel/portable/xtensa/portasm.S.obj
[344/1052] Linking C static library esp-idf/vfs/libvfs.a
[394/1052] Building CXX object esp-idf/cxx/CMakeFiles/__idf_cxx.dir/cxx_guards.cpp.obj
[400/1046] Building C object esp-idf/newlib/CMakeFiles/__idf_newlib.dir/src/time.c.obj
[638/1045] Building C object esp-idf/spi_flash/CMakeFiles/__idf_spi_flash.dir/spi_flash_chip_winbond.c.obj
[401/1046] Building C object esp-idf/freertos/CMakeFiles/__idf_freertos.dir/port_common.c.obj
[639/1045] Building C object esp-idf/spi_flash/CMakeFiles/__idf_spi_flash.dir/spi_flash_chip_gd.c.obj
[640/1045] Building C object esp-idf/spi_flash/CMakeFiles/__idf_spi_flash.dir/spi_flash_chip_boya.c.obj
[641/1045] Building C object esp-idf/spi_flash/CMakeFiles/__idf_spi_flash.dir/spi_flash_hpm_enable.c.obj
[642/1045] Linking C static library esp-idf/hal/libhal.a
[643/1045] Building C object esp-idf/spi_flash/CMakeFiles/__idf_spi_flash.dir/spi_flash_chip_th.c.obj
[644/1045] Building C object esp-idf/esp_system/CMakeFiles/__idf_esp_system.dir/port/arch/xtensa/expression_with_stack.c.obj
[345/1052] Linking C static library esp-idf/esp_vfs_console/libesp_vfs_console.a
[402/1046] Building C object esp-idf/freertos/CMakeFiles/__idf_freertos.dir/FreeRTOS-Kernel/portable/xtensa/xtensa_init.c.obj
[645/1045] Building C object esp-idf/esp_system/CMakeFiles/__idf_esp_system.dir/port/soc/esp32s3/apb_backup_dma.c.obj
[646/1045] Building C object esp-idf/spi_flash/CMakeFiles/__idf_spi_flash.dir/memspi_host_driver.c.obj
[647/1045] Building C object esp-idf/spi_flash/CMakeFiles/__idf_spi_flash.dir/esp32s3/spi_flash_oct_flash_init.c.obj
[648/1045] Building C object esp-idf/spi_flash/CMakeFiles/__idf_spi_flash.dir/spi_flash_chip_mxic.c.obj
[403/1046] Building CXX object esp-idf/nvs_flash/CMakeFiles/__idf_nvs_flash.dir/src/nvs_page.cpp.obj
[404/1046] Building C object esp-idf/freertos/CMakeFiles/__idf_freertos.dir/FreeRTOS-Kernel/tasks.c.obj
[395/1052] Building C object esp-idf/freertos/CMakeFiles/__idf_freertos.dir/FreeRTOS-Kernel/list.c.obj
[649/1045] Linking C static library esp-idf/esp_rom/libesp_rom.a
[396/1052] Building C object esp-idf/freertos/CMakeFiles/__idf_freertos.dir/app_startup.c.obj
[360/1052] Building C object esp-idf/pthread/CMakeFiles/__idf_pthread.dir/pthread_cond_var.c.obj
[405/1046] Building C object esp-idf/freertos/CMakeFiles/__idf_freertos.dir/FreeRTOS-Kernel/event_groups.c.obj
[650/1045] Building C object esp-idf/esp_system/CMakeFiles/__idf_esp_system.dir/port/arch/xtensa/debug_helpers.c.obj
[346/1052] Linking C static library esp-idf/esp_driver_usb_serial_jtag/libesp_driver_usb_serial_jtag.a
[651/1045] Building C object esp-idf/spi_flash/CMakeFiles/__idf_spi_flash.dir/flash_ops.c.obj
[406/1046] Building C object esp-idf/freertos/CMakeFiles/__idf_freertos.dir/FreeRTOS-Kernel/portable/xtensa/xtensa_overlay_os_hook.c.obj
[407/1046] Building C object esp-idf/esp_hw_support/CMakeFiles/__idf_esp_hw_support.dir/cpu.c.obj
[397/1052] Building ASM object esp-idf/freertos/CMakeFiles/__idf_freertos.dir/FreeRTOS-Kernel/portable/xtensa/portasm.S.obj
[398/1052] Building C object esp-idf/freertos/CMakeFiles/__idf_freertos.dir/heap_idf.c.obj
[652/1045] Building C object esp-idf/spi_flash/CMakeFiles/__idf_spi_flash.dir/spi_flash_wrap.c.obj
[408/1046] Building C object esp-idf/esp_hw_support/CMakeFiles/__idf_esp_hw_support.dir/esp_memory_utils.c.obj
[361/1052] Building CXX object esp-idf/cxx/CMakeFiles/__idf_cxx.dir/cxx_init.cpp.obj
[653/1045] Linking C static library esp-idf/esp_common/libesp_common.a
[347/1052] Building CXX object esp-idf/nvs_flash/CMakeFiles/__idf_nvs_flash.dir/src/nvs_partition.cpp.obj
[654/1045] Building C object esp-idf/esp_mm/CMakeFiles/__idf_esp_mm.dir/port/esp32s3/ext_mem_layout.c.obj
[399/1052] Building C object esp-idf/freertos/CMakeFiles/__idf_freertos.dir/FreeRTOS-Kernel/portable/xtensa/xtensa_init.c.obj
[400/1052] Building C object esp-idf/newlib/CMakeFiles/__idf_newlib.dir/src/stdatomic.c.obj
[409/1046] Building C object esp-idf/esp_hw_support/CMakeFiles/__idf_esp_hw_support.dir/port/esp32s3/esp_cpu_intr.c.obj
[401/1052] Building C object esp-idf/freertos/CMakeFiles/__idf_freertos.dir/port_systick.c.obj
[655/1045] Building C object esp-idf/esp_mm/CMakeFiles/__idf_esp_mm.dir/esp_cache_msync.c.obj
[410/1046] Building C object esp-idf/freertos/CMakeFiles/__idf_freertos.dir/port_systick.c.obj
[348/1052] Linking C static library esp-idf/esp_phy/libesp_phy.a
[362/1052] Building CXX object esp-idf/cxx/CMakeFiles/__idf_cxx.dir/cxx_exception_stubs.cpp.obj
[411/1046] Building C object esp-idf/freertos/CMakeFiles/__idf_freertos.dir/esp_additions/idf_additions_event_groups.c.obj
[412/1046] Building C object esp-idf/freertos/CMakeFiles/__idf_freertos.dir/FreeRTOS-Kernel/stream_buffer.c.obj
[656/1045] Building C object esp-idf/spi_flash/CMakeFiles/__idf_spi_flash.dir/spi_flash_chip_mxic_opi.c.obj
[363/1052] Building C object esp-idf/esp_timer/CMakeFiles/__idf_esp_timer.dir/src/esp_timer_impl_systimer.c.obj
[413/1046] Building C object esp-idf/esp_hw_support/CMakeFiles/__idf_esp_hw_support.dir/port/esp32s3/cpu_region_protect.c.obj
[402/1052] Building C object esp-idf/esp_hw_support/CMakeFiles/__idf_esp_hw_support.dir/cpu.c.obj
[349/1052] Building C object esp-idf/esp_event/CMakeFiles/__idf_esp_event.dir/esp_event.c.obj
[657/1045] Building C object esp-idf/spi_flash/CMakeFiles/__idf_spi_flash.dir/spi_flash_os_func_noos.c.obj
[414/1046] Building C object esp-idf/esp_hw_support/CMakeFiles/__idf_esp_hw_support.dir/hw_random.c.obj
[415/1046] Building C object esp-idf/freertos/CMakeFiles/__idf_freertos.dir/esp_additions/idf_additions.c.obj
[658/1045] Building C object esp-idf/esp_system/CMakeFiles/__idf_esp_system.dir/port/soc/esp32s3/system_internal.c.obj
[659/1045] Building C object esp-idf/bootloader_support/CMakeFiles/__idf_bootloader_support.dir/src/bootloader_mem.c.obj
[403/1052] Building C object esp-idf/freertos/CMakeFiles/__idf_freertos.dir/esp_additions/idf_additions.c.obj
[416/1046] Building C object esp-idf/esp_hw_support/CMakeFiles/__idf_esp_hw_support.dir/periph_ctrl.c.obj
[404/1052] Building CXX object esp-idf/nvs_flash/CMakeFiles/__idf_nvs_flash.dir/src/nvs_types.cpp.obj
[417/1046] Building C object esp-idf/freertos/CMakeFiles/__idf_freertos.dir/FreeRTOS-Kernel/portable/xtensa/port.c.obj
[405/1052] Building C object esp-idf/freertos/CMakeFiles/__idf_freertos.dir/FreeRTOS-Kernel/portable/xtensa/xtensa_overlay_os_hook.c.obj
[418/1046] Building C object esp-idf/esp_hw_support/CMakeFiles/__idf_esp_hw_support.dir/revision.c.obj
[419/1046] Building C object esp-idf/esp_hw_support/CMakeFiles/__idf_esp_hw_support.dir/esp_gpio_reserve.c.obj
[420/1046] Building C object esp-idf/freertos/CMakeFiles/__idf_freertos.dir/FreeRTOS-Kernel/timers.c.obj
[660/1045] Building C object esp-idf/bootloader_support/CMakeFiles/__idf_bootloader_support.dir/src/bootloader_clock_init.c.obj
[406/1052] Building C object esp-idf/freertos/CMakeFiles/__idf_freertos.dir/esp_additions/idf_additions_event_groups.c.obj
[661/1045] Building C object esp-idf/esp_mm/CMakeFiles/__idf_esp_mm.dir/heap_align_hw.c.obj
[407/1052] Building C object esp-idf/freertos/CMakeFiles/__idf_freertos.dir/FreeRTOS-Kernel/event_groups.c.obj
[662/1045] Building C object esp-idf/spi_flash/CMakeFiles/__idf_spi_flash.dir/flash_mmap.c.obj
[350/1052] Building C object esp-idf/esp_driver_gptimer/CMakeFiles/__idf_esp_driver_gptimer.dir/src/gptimer_common.c.obj
[663/1045] Building C object esp-idf/esp_mm/CMakeFiles/__idf_esp_mm.dir/esp_cache_utils.c.obj
[408/1052] Building C object esp-idf/esp_hw_support/CMakeFiles/__idf_esp_hw_support.dir/esp_memory_utils.c.obj
[421/1046] Building C object esp-idf/freertos/CMakeFiles/__idf_freertos.dir/FreeRTOS-Kernel/queue.c.obj
[364/1052] Building C object esp-idf/newlib/CMakeFiles/__idf_newlib.dir/src/init.c.obj
[409/1052] Building C object esp-idf/esp_hw_support/CMakeFiles/__idf_esp_hw_support.dir/port/esp32s3/cpu_region_protect.c.obj
[664/1045] Building C object esp-idf/spi_flash/CMakeFiles/__idf_spi_flash.dir/cache_utils.c.obj
[665/1045] Building C object esp-idf/bootloader_support/CMakeFiles/__idf_bootloader_support.dir/src/bootloader_random.c.obj
[410/1052] Building C object esp-idf/esp_hw_support/CMakeFiles/__idf_esp_hw_support.dir/port/esp32s3/esp_cpu_intr.c.obj
[422/1046] Building C object esp-idf/esp_hw_support/CMakeFiles/__idf_esp_hw_support.dir/mac_addr.c.obj
[411/1052] Building C object esp-idf/freertos/CMakeFiles/__idf_freertos.dir/FreeRTOS-Kernel/stream_buffer.c.obj
[412/1052] Building C object esp-idf/freertos/CMakeFiles/__idf_freertos.dir/FreeRTOS-Kernel/portable/xtensa/port.c.obj
[423/1046] Building CXX object esp-idf/nvs_flash/CMakeFiles/__idf_nvs_flash.dir/src/nvs_cxx_api.cpp.obj
[666/1045] Building C object esp-idf/bootloader_support/CMakeFiles/__idf_bootloader_support.dir/src/bootloader_efuse.c.obj
[667/1045] Linking C static library esp-idf/esp_system/libesp_system.a
[424/1046] Building C object esp-idf/esp_hw_support/CMakeFiles/__idf_esp_hw_support.dir/esp_clk.c.obj
[365/1052] Building C object esp-idf/pthread/CMakeFiles/__idf_pthread.dir/pthread_local_storage.c.obj
[425/1046] Building CXX object esp-idf/nvs_flash/CMakeFiles/__idf_nvs_flash.dir/src/nvs_pagemanager.cpp.obj
[426/1046] Building C object esp-idf/esp_hw_support/CMakeFiles/__idf_esp_hw_support.dir/clk_ctrl_os.c.obj
[668/1045] Building C object esp-idf/bootloader_support/CMakeFiles/__idf_bootloader_support.dir/src/bootloader_common.c.obj
[669/1045] Building C object esp-idf/spi_flash/CMakeFiles/__idf_spi_flash.dir/spi_flash_os_func_app.c.obj
[351/1052] Building C object esp-idf/esp_driver_uart/CMakeFiles/__idf_esp_driver_uart.dir/src/uhci.c.obj
[413/1052] Building C object esp-idf/esp_hw_support/CMakeFiles/__idf_esp_hw_support.dir/revision.c.obj
[366/1052] Building C object esp-idf/pthread/CMakeFiles/__idf_pthread.dir/pthread_semaphore.c.obj
[367/1052] Building C object esp-idf/pthread/CMakeFiles/__idf_pthread.dir/pthread_rwlock.c.obj
[414/1052] Building C object esp-idf/freertos/CMakeFiles/__idf_freertos.dir/FreeRTOS-Kernel/timers.c.obj
[670/1045] Building C object esp-idf/spi_flash/CMakeFiles/__idf_spi_flash.dir/spi_flash_chip_generic.c.obj
[352/1052] Building C object esp-idf/esp_timer/CMakeFiles/__idf_esp_timer.dir/src/esp_timer_init.c.obj
[427/1046] Building C object esp-idf/esp_hw_support/CMakeFiles/__idf_esp_hw_support.dir/regi2c_ctrl.c.obj
[415/1052] Building C object esp-idf/esp_hw_support/CMakeFiles/__idf_esp_hw_support.dir/hw_random.c.obj
[428/1046] Building C object esp-idf/esp_hw_support/CMakeFiles/__idf_esp_hw_support.dir/port/esp32s3/esp_clk_tree.c.obj
[671/1045] Building C object esp-idf/spi_flash/CMakeFiles/__idf_spi_flash.dir/esp_flash_spi_init.c.obj
[353/1052] Building C object esp-idf/esp_timer/CMakeFiles/__idf_esp_timer.dir/src/esp_timer.c.obj
[416/1052] Building C object esp-idf/esp_hw_support/CMakeFiles/__idf_esp_hw_support.dir/periph_ctrl.c.obj
[429/1046] Building C object esp-idf/esp_hw_support/CMakeFiles/__idf_esp_hw_support.dir/clk_utils.c.obj
[672/1045] Building C object esp-idf/bootloader_support/CMakeFiles/__idf_bootloader_support.dir/src/bootloader_common_loader.c.obj
[673/1045] Building C object esp-idf/bootloader_support/CMakeFiles/__idf_bootloader_support.dir/bootloader_flash/src/bootloader_flash_config_esp32s3.c.obj
[417/1052] Building C object esp-idf/esp_hw_support/CMakeFiles/__idf_esp_hw_support.dir/esp_gpio_reserve.c.obj
[354/1052] Building CXX object esp-idf/nvs_flash/CMakeFiles/__idf_nvs_flash.dir/src/nvs_item_hash_list.cpp.obj
[674/1045] Building C object esp-idf/esp_mm/CMakeFiles/__idf_esp_mm.dir/esp_mmu_map.c.obj
[368/1052] Building C object esp-idf/newlib/CMakeFiles/__idf_newlib.dir/src/abort.c.obj
[430/1046] Building C object esp-idf/esp_hw_support/CMakeFiles/__idf_esp_hw_support.dir/sleep_usb.c.obj
[675/1045] Building C object esp-idf/bootloader_support/CMakeFiles/__idf_bootloader_support.dir/src/flash_partitions.c.obj
[431/1046] Building C object esp-idf/esp_hw_support/CMakeFiles/__idf_esp_hw_support.dir/rtc_module.c.obj
[369/1052] Building C object esp-idf/newlib/CMakeFiles/__idf_newlib.dir/src/locks.c.obj
[676/1045] Building C object esp-idf/bootloader_support/CMakeFiles/__idf_bootloader_support.dir/src/esp32s3/secure_boot_secure_features.c.obj
[370/1052] Building C object esp-idf/newlib/CMakeFiles/__idf_newlib.dir/src/heap.c.obj
[432/1046] Building C object esp-idf/esp_hw_support/CMakeFiles/__idf_esp_hw_support.dir/sar_tsens_ctrl.c.obj
[677/1045] Building C object esp-idf/mbedtls/mbedtls/library/CMakeFiles/mbedtls.dir/mps_trace.c.obj
[433/1046] Building C object esp-idf/esp_hw_support/CMakeFiles/__idf_esp_hw_support.dir/dma/esp_dma_utils.c.obj
[678/1045] Building C object esp-idf/bootloader_support/CMakeFiles/__idf_bootloader_support.dir/src/flash_encrypt.c.obj
[679/1045] Building C object esp-idf/bootloader_support/CMakeFiles/__idf_bootloader_support.dir/src/secure_boot.c.obj
[434/1046] Building C object esp-idf/esp_hw_support/CMakeFiles/__idf_esp_hw_support.dir/port/esp_clk_tree_common.c.obj
[435/1046] Building C object esp-idf/esp_hw_support/CMakeFiles/__idf_esp_hw_support.dir/dma/gdma_link.c.obj
[418/1052] Building C object esp-idf/esp_hw_support/CMakeFiles/__idf_esp_hw_support.dir/clk_ctrl_os.c.obj
[680/1045] Building C object esp-idf/bootloader_support/CMakeFiles/__idf_bootloader_support.dir/src/bootloader_random_esp32s3.c.obj
[436/1046] Building CXX object esp-idf/nvs_flash/CMakeFiles/__idf_nvs_flash.dir/src/nvs_storage.cpp.obj
[681/1045] Building C object esp-idf/mbedtls/mbedtls/library/CMakeFiles/mbedtls.dir/debug.c.obj
[419/1052] Building C object esp-idf/esp_hw_support/CMakeFiles/__idf_esp_hw_support.dir/mac_addr.c.obj
[371/1052] Building C object esp-idf/newlib/CMakeFiles/__idf_newlib.dir/src/assert.c.obj
[682/1045] Building C object esp-idf/mbedtls/mbedtls/library/CMakeFiles/mbedtls.dir/ssl_cookie.c.obj
[420/1052] Building CXX object esp-idf/nvs_flash/CMakeFiles/__idf_nvs_flash.dir/src/nvs_handle_locked.cpp.obj
[372/1052] Building CXX object esp-idf/nvs_flash/CMakeFiles/__idf_nvs_flash.dir/src/nvs_item_hash_list.cpp.obj
[683/1045] Building C object esp-idf/bootloader_support/CMakeFiles/__idf_bootloader_support.dir/src/bootloader_sha.c.obj
[373/1052] Building C object esp-idf/newlib/CMakeFiles/__idf_newlib.dir/src/poll.c.obj
[437/1046] Building C object esp-idf/esp_hw_support/CMakeFiles/__idf_esp_hw_support.dir/port/esp32s3/io_mux.c.obj
[684/1045] Building C object esp-idf/bootloader_support/CMakeFiles/__idf_bootloader_support.dir/src/esp_image_format.c.obj
[421/1052] Building C object esp-idf/esp_hw_support/CMakeFiles/__idf_esp_hw_support.dir/esp_clk.c.obj
[355/1052] Building C object esp-idf/esp_timer/CMakeFiles/__idf_esp_timer.dir/src/esp_timer_impl_common.c.obj
[438/1046] Building C object esp-idf/esp_hw_support/CMakeFiles/__idf_esp_hw_support.dir/sleep_modem.c.obj
[374/1052] Building CXX object esp-idf/nvs_flash/CMakeFiles/__idf_nvs_flash.dir/src/nvs_pagemanager.cpp.obj
[422/1052] Building C object esp-idf/esp_hw_support/CMakeFiles/__idf_esp_hw_support.dir/regi2c_ctrl.c.obj
[439/1046] Building C object esp-idf/esp_hw_support/CMakeFiles/__idf_esp_hw_support.dir/sleep_console.c.obj
[685/1045] Building C object esp-idf/mbedtls/mbedtls/library/CMakeFiles/mbedtls.dir/mps_reader.c.obj
[440/1046] Building C object esp-idf/esp_hw_support/CMakeFiles/__idf_esp_hw_support.dir/port/esp32s3/systimer.c.obj
[375/1052] Building C object esp-idf/pthread/CMakeFiles/__idf_pthread.dir/pthread.c.obj
[423/1052] Building C object esp-idf/freertos/CMakeFiles/__idf_freertos.dir/FreeRTOS-Kernel/queue.c.obj
[441/1046] Building C object esp-idf/esp_hw_support/CMakeFiles/__idf_esp_hw_support.dir/spi_bus_lock.c.obj
[424/1052] Building C object esp-idf/esp_hw_support/CMakeFiles/__idf_esp_hw_support.dir/intr_alloc.c.obj
[686/1045] Building C object esp-idf/mbedtls/mbedtls/library/CMakeFiles/mbedtls.dir/ssl_tls13_server.c.obj
[376/1052] Building C object esp-idf/newlib/CMakeFiles/__idf_newlib.dir/src/pthread.c.obj
[356/1052] Building C object esp-idf/esp_timer/CMakeFiles/__idf_esp_timer.dir/src/system_time.c.obj
[377/1052] Building C object esp-idf/newlib/CMakeFiles/__idf_newlib.dir/src/random.c.obj
[442/1046] Linking C static library esp-idf/nvs_flash/libnvs_flash.a
[378/1052] Building C object esp-idf/newlib/CMakeFiles/__idf_newlib.dir/src/getentropy.c.obj
[357/1052] Building C object esp-idf/esp_ringbuf/CMakeFiles/__idf_esp_ringbuf.dir/ringbuf.c.obj
[687/1045] Building C object esp-idf/mbedtls/mbedtls/library/CMakeFiles/mbedtls.dir/ssl_ciphersuites.c.obj
[358/1052] Building C object esp-idf/esp_timer/CMakeFiles/__idf_esp_timer.dir/src/ets_timer_legacy.c.obj
[425/1052] Building CXX object esp-idf/nvs_flash/CMakeFiles/__idf_nvs_flash.dir/src/nvs_page.cpp.obj
[688/1045] Building C object esp-idf/mbedtls/mbedtls/library/CMakeFiles/mbedtls.dir/ssl_tls13_keys.c.obj
[359/1052] Building C object esp-idf/esp_driver_gptimer/CMakeFiles/__idf_esp_driver_gptimer.dir/src/gptimer.c.obj
[379/1052] Building C object esp-idf/esp_driver_uart/CMakeFiles/__idf_esp_driver_uart.dir/src/uart.c.obj
[443/1046] Linking C static library esp-idf/esp_event/libesp_event.a
[380/1052] Building C object esp-idf/newlib/CMakeFiles/__idf_newlib.dir/src/termios.c.obj
[689/1045] Building C object esp-idf/bootloader_support/CMakeFiles/__idf_bootloader_support.dir/bootloader_flash/src/flash_qio_mode.c.obj
[426/1052] Building C object esp-idf/esp_hw_support/CMakeFiles/__idf_esp_hw_support.dir/port/esp32s3/io_mux.c.obj
[444/1046] Building C object esp-idf/esp_hw_support/CMakeFiles/__idf_esp_hw_support.dir/sleep_event.c.obj
[427/1052] Building CXX object esp-idf/nvs_flash/CMakeFiles/__idf_nvs_flash.dir/src/nvs_cxx_api.cpp.obj
[690/1045] Building C object esp-idf/bootloader_support/CMakeFiles/__idf_bootloader_support.dir/bootloader_flash/src/bootloader_flash.c.obj
[445/1046] Building C object esp-idf/esp_hw_support/CMakeFiles/__idf_esp_hw_support.dir/dma/esp_async_memcpy.c.obj
[691/1045] Building C object esp-idf/mbedtls/mbedtls/library/CMakeFiles/mbedtls.dir/ssl_tls13_client.c.obj
[428/1052] Building C object esp-idf/esp_hw_support/CMakeFiles/__idf_esp_hw_support.dir/sar_tsens_ctrl.c.obj
[692/1045] Building C object esp-idf/mbedtls/mbedtls/library/CMakeFiles/mbedtls.dir/ssl_tls13_generic.c.obj
[446/1046] Building C object esp-idf/esp_hw_support/CMakeFiles/__idf_esp_hw_support.dir/spi_share_hw_ctrl.c.obj
[429/1052] Building C object esp-idf/esp_hw_support/CMakeFiles/__idf_esp_hw_support.dir/rtc_module.c.obj
[447/1046] Building C object esp-idf/esp_hw_support/CMakeFiles/__idf_esp_hw_support.dir/mspi_timing_tuning/mspi_timing_tuning.c.obj
[430/1052] Building C object esp-idf/esp_hw_support/CMakeFiles/__idf_esp_hw_support.dir/port/esp32s3/esp_clk_tree.c.obj
[448/1046] Linking C static library esp-idf/esp_driver_uart/libesp_driver_uart.a
[431/1052] Building C object esp-idf/esp_hw_support/CMakeFiles/__idf_esp_hw_support.dir/clk_utils.c.obj
[381/1052] Building C object esp-idf/newlib/CMakeFiles/__idf_newlib.dir/src/realpath.c.obj
[432/1052] Building C object esp-idf/esp_hw_support/CMakeFiles/__idf_esp_hw_support.dir/spi_share_hw_ctrl.c.obj
[449/1046] Building C object esp-idf/esp_hw_support/CMakeFiles/__idf_esp_hw_support.dir/port/esp32s3/rtc_clk_init.c.obj
[433/1052] Building C object esp-idf/esp_hw_support/CMakeFiles/__idf_esp_hw_support.dir/dma/gdma_link.c.obj
[450/1046] Building C object esp-idf/esp_hw_support/CMakeFiles/__idf_esp_hw_support.dir/power_supply/brownout.c.obj
[434/1052] Building CXX object esp-idf/nvs_flash/CMakeFiles/__idf_nvs_flash.dir/src/nvs_partition_manager.cpp.obj
[451/1046] Building C object esp-idf/esp_hw_support/CMakeFiles/__idf_esp_hw_support.dir/sleep_wake_stub.c.obj
[452/1046] Building C object esp-idf/esp_hw_support/CMakeFiles/__idf_esp_hw_support.dir/adc_share_hw_ctrl.c.obj
[693/1045] Building C object esp-idf/mbedtls/mbedtls/library/CMakeFiles/mbedx509.dir/x509_create.c.obj
[435/1052] Building C object esp-idf/esp_hw_support/CMakeFiles/__idf_esp_hw_support.dir/sleep_usb.c.obj
[382/1052] Building C object esp-idf/newlib/CMakeFiles/__idf_newlib.dir/src/sysconf.c.obj
[383/1052] Building C object esp-idf/newlib/CMakeFiles/__idf_newlib.dir/src/reent_syscalls.c.obj
[436/1052] Building C object esp-idf/esp_hw_support/CMakeFiles/__idf_esp_hw_support.dir/dma/esp_dma_utils.c.obj
[453/1046] Building C object esp-idf/esp_hw_support/CMakeFiles/__idf_esp_hw_support.dir/intr_alloc.c.obj
[360/1052] Building C object esp-idf/esp_driver_uart/CMakeFiles/__idf_esp_driver_uart.dir/src/uart_vfs.c.obj
[384/1052] Building C object esp-idf/newlib/CMakeFiles/__idf_newlib.dir/src/scandir.c.obj
[385/1052] Building C object esp-idf/newlib/CMakeFiles/__idf_newlib.dir/src/flockfile.c.obj
[694/1045] Building C object esp-idf/mbedtls/mbedtls/library/CMakeFiles/mbedtls.dir/ssl_debug_helpers_generated.c.obj
[695/1045] Building C object esp-idf/mbedtls/mbedtls/library/CMakeFiles/mbedtls.dir/ssl_cache.c.obj
[386/1052] Building C object esp-idf/newlib/CMakeFiles/__idf_newlib.dir/src/syscalls.c.obj
[454/1046] Building C object esp-idf/esp_hw_support/CMakeFiles/__idf_esp_hw_support.dir/usb_phy/usb_phy.c.obj
[437/1052] Building C object esp-idf/esp_hw_support/CMakeFiles/__idf_esp_hw_support.dir/port/esp_clk_tree_common.c.obj
[455/1046] Linking C static library esp-idf/esp_ringbuf/libesp_ringbuf.a
[696/1045] Building C object 'esp-idf/mbedtls/mbedtls/library/CMakeFiles/mbedtls.dir/home/tikhon/Документы/magnolia/esp-idf/components/mbedtls/port/esp_platform_time.c.obj'
[361/1052] Building C object esp-idf/esp_timer/CMakeFiles/__idf_esp_timer.dir/src/esp_timer_impl_systimer.c.obj
[456/1046] Building C object esp-idf/esp_hw_support/CMakeFiles/__idf_esp_hw_support.dir/port/esp32s3/chip_info.c.obj
[697/1045] Building C object 'esp-idf/mbedtls/mbedtls/library/CMakeFiles/mbedtls.dir/home/tikhon/Документы/magnolia/esp-idf/components/mbedtls/port/mbedtls_debug.c.obj'
[438/1052] Building CXX object esp-idf/nvs_flash/CMakeFiles/__idf_nvs_flash.dir/src/nvs_storage.cpp.obj
[387/1052] Building CXX object esp-idf/cxx/CMakeFiles/__idf_cxx.dir/cxx_guards.cpp.obj
[439/1052] Building C object esp-idf/esp_hw_support/CMakeFiles/__idf_esp_hw_support.dir/port/esp32s3/systimer.c.obj
[388/1052] Building C object esp-idf/newlib/CMakeFiles/__idf_newlib.dir/src/port/esp_time_impl.c.obj
[440/1052] Building C object esp-idf/esp_hw_support/CMakeFiles/__idf_esp_hw_support.dir/dma/esp_async_memcpy.c.obj
[362/1052] Building C object esp-idf/pthread/CMakeFiles/__idf_pthread.dir/pthread_cond_var.c.obj
[389/1052] Building C object esp-idf/newlib/CMakeFiles/__idf_newlib.dir/src/stdatomic.c.obj
[441/1052] Building C object esp-idf/esp_hw_support/CMakeFiles/__idf_esp_hw_support.dir/sleep_modem.c.obj
[457/1046] Building C object esp-idf/esp_hw_support/CMakeFiles/__idf_esp_hw_support.dir/port/esp_memprot_conv.c.obj
[698/1045] Building C object esp-idf/mbedtls/mbedtls/library/CMakeFiles/mbedx509.dir/x509write_csr.c.obj
[458/1046] Building C object esp-idf/esp_hw_support/CMakeFiles/__idf_esp_hw_support.dir/sleep_gpio.c.obj
[459/1046] Linking C static library esp-idf/esp_driver_gptimer/libesp_driver_gptimer.a
[460/1046] Building C object esp-idf/esp_hw_support/CMakeFiles/__idf_esp_hw_support.dir/mspi_timing_tuning/port/esp32s3/mspi_timing_config.c.obj
[442/1052] Building C object esp-idf/esp_hw_support/CMakeFiles/__idf_esp_hw_support.dir/spi_bus_lock.c.obj
[461/1046] Building C object esp-idf/soc/CMakeFiles/__idf_soc.dir/lldesc.c.obj
[363/1052] Building CXX object esp-idf/nvs_flash/CMakeFiles/__idf_nvs_flash.dir/src/nvs_handle_simple.cpp.obj
[699/1045] Building C object esp-idf/spi_flash/CMakeFiles/__idf_spi_flash.dir/esp_flash_api.c.obj
[443/1052] Building C object esp-idf/esp_hw_support/CMakeFiles/__idf_esp_hw_support.dir/usb_phy/usb_phy.c.obj
[390/1052] Building C object esp-idf/newlib/CMakeFiles/__idf_newlib.dir/src/reent_init.c.obj
[700/1045] Building C object esp-idf/mbedtls/mbedtls/library/CMakeFiles/mbedx509.dir/x509write_crt.c.obj
[462/1046] Building C object esp-idf/soc/CMakeFiles/__idf_soc.dir/esp32s3/interrupts.c.obj
[391/1052] Building C object esp-idf/newlib/CMakeFiles/__idf_newlib.dir/src/newlib_init.c.obj
[364/1052] Building CXX object esp-idf/cxx/CMakeFiles/__idf_cxx.dir/cxx_exception_stubs.cpp.obj
[444/1052] Building C object esp-idf/esp_hw_support/CMakeFiles/__idf_esp_hw_support.dir/sleep_console.c.obj
[701/1045] Building C object esp-idf/mbedtls/mbedtls/library/CMakeFiles/mbedx509.dir/x509write.c.obj
[365/1052] Building CXX object esp-idf/cxx/CMakeFiles/__idf_cxx.dir/cxx_init.cpp.obj
[702/1045] Building C object esp-idf/mbedtls/mbedtls/library/CMakeFiles/mbedtls.dir/ssl_ticket.c.obj
[463/1046] Building C object esp-idf/soc/CMakeFiles/__idf_soc.dir/dport_access_common.c.obj
[445/1052] Building C object esp-idf/esp_hw_support/CMakeFiles/__idf_esp_hw_support.dir/sleep_event.c.obj
[392/1052] Building C object esp-idf/freertos/CMakeFiles/__idf_freertos.dir/app_startup.c.obj
[464/1046] Building C object esp-idf/esp_hw_support/CMakeFiles/__idf_esp_hw_support.dir/lowpower/port/esp32s3/sleep_cpu.c.obj
[465/1046] Linking C static library esp-idf/esp_timer/libesp_timer.a
[393/1052] Building C object esp-idf/newlib/CMakeFiles/__idf_newlib.dir/src/time.c.obj
[446/1052] Building C object esp-idf/esp_hw_support/CMakeFiles/__idf_esp_hw_support.dir/adc_share_hw_ctrl.c.obj
[466/1046] Building C object esp-idf/soc/CMakeFiles/__idf_soc.dir/esp32s3/gdma_periph.c.obj
[703/1045] Building C object esp-idf/mbedtls/mbedtls/library/CMakeFiles/mbedcrypto.dir/aesni.c.obj
[467/1046] Building C object esp-idf/soc/CMakeFiles/__idf_soc.dir/esp32s3/adc_periph.c.obj
[704/1045] Linking C static library esp-idf/spi_flash/libspi_flash.a
[468/1046] Building C object esp-idf/soc/CMakeFiles/__idf_soc.dir/esp32s3/gpio_periph.c.obj
[469/1046] Building C object esp-idf/soc/CMakeFiles/__idf_soc.dir/esp32s3/dedic_gpio_periph.c.obj
[470/1046] Building C object esp-idf/esp_hw_support/CMakeFiles/__idf_esp_hw_support.dir/port/esp32s3/rtc_sleep.c.obj
[394/1052] Building C object esp-idf/freertos/CMakeFiles/__idf_freertos.dir/heap_idf.c.obj
[705/1045] Building C object esp-idf/mbedtls/mbedtls/library/CMakeFiles/mbedcrypto.dir/aesce.c.obj
[471/1046] Linking C static library esp-idf/cxx/libcxx.a
[366/1052] Building CXX object esp-idf/cxx/CMakeFiles/__idf_cxx.dir/cxx_guards.cpp.obj
[472/1046] Building C object esp-idf/soc/CMakeFiles/__idf_soc.dir/esp32s3/uart_periph.c.obj
[706/1045] Building C object esp-idf/mbedtls/mbedtls/library/CMakeFiles/mbedtls.dir/ssl_client.c.obj
[473/1046] Building C object esp-idf/esp_hw_support/CMakeFiles/__idf_esp_hw_support.dir/port/esp32s3/rtc_time.c.obj
[367/1052] Building C object esp-idf/newlib/CMakeFiles/__idf_newlib.dir/src/init.c.obj
[474/1046] Building C object esp-idf/esp_hw_support/CMakeFiles/__idf_esp_hw_support.dir/esp_clock_output.c.obj
[707/1045] Building C object esp-idf/bootloader_support/CMakeFiles/__idf_bootloader_support.dir/src/bootloader_utility.c.obj
[475/1046] Building C object esp-idf/esp_hw_support/CMakeFiles/__idf_esp_hw_support.dir/port/esp32s3/sar_periph_ctrl.c.obj
[476/1046] Building C object esp-idf/soc/CMakeFiles/__idf_soc.dir/esp32s3/spi_periph.c.obj
[447/1052] Building C object esp-idf/esp_hw_support/CMakeFiles/__idf_esp_hw_support.dir/port/esp32s3/rtc_clk_init.c.obj
[395/1052] Building C object esp-idf/freertos/CMakeFiles/__idf_freertos.dir/FreeRTOS-Kernel/list.c.obj
[477/1046] Building C object esp-idf/esp_hw_support/CMakeFiles/__idf_esp_hw_support.dir/dma/async_memcpy_gdma.c.obj
[448/1052] Building C object esp-idf/esp_hw_support/CMakeFiles/__idf_esp_hw_support.dir/mspi_timing_tuning/mspi_timing_tuning.c.obj
[478/1046] Building C object esp-idf/soc/CMakeFiles/__idf_soc.dir/esp32s3/pcnt_periph.c.obj
[368/1052] Building C object esp-idf/newlib/CMakeFiles/__idf_newlib.dir/src/abort.c.obj
[708/1045] Linking C static library esp-idf/esp_mm/libesp_mm.a
[449/1052] Building C object esp-idf/esp_hw_support/CMakeFiles/__idf_esp_hw_support.dir/port/esp32s3/chip_info.c.obj
[479/1046] Linking C static library esp-idf/pthread/libpthread.a
[480/1046] Building C object esp-idf/soc/CMakeFiles/__idf_soc.dir/esp32s3/temperature_sensor_periph.c.obj
[450/1052] Building C object esp-idf/esp_hw_support/CMakeFiles/__idf_esp_hw_support.dir/port/esp32s3/rtc_init.c.obj
[481/1046] Building C object esp-idf/soc/CMakeFiles/__idf_soc.dir/esp32s3/i2c_periph.c.obj
[482/1046] Building C object esp-idf/soc/CMakeFiles/__idf_soc.dir/esp32s3/lcd_periph.c.obj
[396/1052] Building C object esp-idf/freertos/CMakeFiles/__idf_freertos.dir/port_common.c.obj
[483/1046] Building C object esp-idf/soc/CMakeFiles/__idf_soc.dir/esp32s3/i2s_periph.c.obj
[484/1046] Building C object esp-idf/soc/CMakeFiles/__idf_soc.dir/esp32s3/rmt_periph.c.obj
[369/1052] Building C object esp-idf/pthread/CMakeFiles/__idf_pthread.dir/pthread_semaphore.c.obj
[709/1045] Building C object esp-idf/mbedtls/mbedtls/library/CMakeFiles/mbedx509.dir/x509_crl.c.obj
[397/1052] Building CXX object esp-idf/nvs_flash/CMakeFiles/__idf_nvs_flash.dir/src/nvs_storage.cpp.obj
[485/1046] Building C object esp-idf/soc/CMakeFiles/__idf_soc.dir/esp32s3/sdm_periph.c.obj
[398/1052] Building CXX object esp-idf/nvs_flash/CMakeFiles/__idf_nvs_flash.dir/src/nvs_partition_manager.cpp.obj
[370/1052] Building C object esp-idf/pthread/CMakeFiles/__idf_pthread.dir/pthread_rwlock.c.obj
[486/1046] Building C object esp-idf/esp_hw_support/CMakeFiles/__idf_esp_hw_support.dir/mspi_timing_tuning/port/esp32s3/mspi_timing_by_mspi_delay.c.obj
[710/1045] Building C object 'esp-idf/mbedtls/mbedtls/library/CMakeFiles/mbedtls.dir/home/tikhon/Документы/magnolia/esp-idf/components/mbedtls/port/net_sockets.c.obj'
[711/1045] Building C object esp-idf/mbedtls/mbedtls/library/CMakeFiles/mbedcrypto.dir/asn1write.c.obj
[487/1046] Building C object esp-idf/soc/CMakeFiles/__idf_soc.dir/esp32s3/timer_periph.c.obj
[488/1046] Building C object esp-idf/soc/CMakeFiles/__idf_soc.dir/esp32s3/touch_sensor_periph.c.obj
[371/1052] Building C object esp-idf/newlib/CMakeFiles/__idf_newlib.dir/src/poll.c.obj
[489/1046] Building C object esp-idf/soc/CMakeFiles/__idf_soc.dir/esp32s3/mpi_periph.c.obj
[490/1046] Building C object esp-idf/soc/CMakeFiles/__idf_soc.dir/esp32s3/sdmmc_periph.c.obj
[451/1052] Building C object esp-idf/esp_hw_support/CMakeFiles/__idf_esp_hw_support.dir/sleep_wake_stub.c.obj
[399/1052] Building ASM object esp-idf/freertos/CMakeFiles/__idf_freertos.dir/FreeRTOS-Kernel/portable/xtensa/portasm.S.obj
[491/1046] Building C object esp-idf/esp_hw_support/CMakeFiles/__idf_esp_hw_support.dir/port/esp32s3/rtc_clk.c.obj
[372/1052] Building C object esp-idf/pthread/CMakeFiles/__idf_pthread.dir/pthread_local_storage.c.obj
[373/1052] Building C object esp-idf/newlib/CMakeFiles/__idf_newlib.dir/src/assert.c.obj
[712/1045] Linking C static library esp-idf/bootloader_support/libbootloader_support.a
[492/1046] Building C object esp-idf/soc/CMakeFiles/__idf_soc.dir/esp32s3/mcpwm_periph.c.obj
[493/1046] Building C object esp-idf/soc/CMakeFiles/__idf_soc.dir/esp32s3/twai_periph.c.obj
[494/1046] Building C object esp-idf/soc/CMakeFiles/__idf_soc.dir/esp32s3/usb_dwc_periph.c.obj
[400/1052] Building C object esp-idf/freertos/CMakeFiles/__idf_freertos.dir/FreeRTOS-Kernel/portable/xtensa/xtensa_overlay_os_hook.c.obj
[452/1052] Building C object esp-idf/esp_hw_support/CMakeFiles/__idf_esp_hw_support.dir/sleep_gpio.c.obj
[495/1046] Building C object esp-idf/soc/CMakeFiles/__idf_soc.dir/esp32s3/ledc_periph.c.obj
[713/1045] Building C object esp-idf/mbedtls/mbedtls/library/CMakeFiles/mbedx509.dir/pkcs7.c.obj
[714/1045] Building C object esp-idf/mbedtls/mbedtls/library/CMakeFiles/mbedtls.dir/ssl_tls12_client.c.obj
[496/1046] Linking C static library esp-idf/newlib/libnewlib.a
[715/1045] Building C object esp-idf/mbedtls/mbedtls/library/CMakeFiles/mbedx509.dir/x509_csr.c.obj
[453/1052] Building C object esp-idf/esp_hw_support/CMakeFiles/__idf_esp_hw_support.dir/port/esp_memprot_conv.c.obj
[497/1046] Building C object esp-idf/soc/CMakeFiles/__idf_soc.dir/esp32s3/wdt_periph.c.obj
[498/1046] Building C object esp-idf/soc/CMakeFiles/__idf_soc.dir/esp32s3/power_supply_periph.c.obj
[401/1052] Building C object esp-idf/freertos/CMakeFiles/__idf_freertos.dir/FreeRTOS-Kernel/portable/xtensa/xtensa_init.c.obj
[499/1046] Building C object esp-idf/soc/CMakeFiles/__idf_soc.dir/esp32s3/cam_periph.c.obj
[454/1052] Building C object esp-idf/esp_hw_support/CMakeFiles/__idf_esp_hw_support.dir/port/esp32s3/rtc_sleep.c.obj
[716/1045] Building C object esp-idf/mbedtls/mbedtls/library/CMakeFiles/mbedcrypto.dir/aes.c.obj
[455/1052] Building C object esp-idf/esp_hw_support/CMakeFiles/__idf_esp_hw_support.dir/mspi_timing_tuning/port/esp32s3/mspi_timing_config.c.obj
[402/1052] Building C object esp-idf/freertos/CMakeFiles/__idf_freertos.dir/port_systick.c.obj
[374/1052] Building C object esp-idf/newlib/CMakeFiles/__idf_newlib.dir/src/heap.c.obj
[456/1052] Building C object esp-idf/esp_hw_support/CMakeFiles/__idf_esp_hw_support.dir/esp_clock_output.c.obj
[500/1046] Building C object esp-idf/soc/CMakeFiles/__idf_soc.dir/esp32s3/rtc_io_periph.c.obj
[717/1045] Building C object esp-idf/mbedtls/mbedtls/library/CMakeFiles/mbedcrypto.dir/bignum_mod_raw.c.obj
[457/1052] Building C object esp-idf/esp_hw_support/CMakeFiles/__idf_esp_hw_support.dir/power_supply/brownout.c.obj
[458/1052] Building C object esp-idf/soc/CMakeFiles/__idf_soc.dir/lldesc.c.obj
[375/1052] Building C object esp-idf/newlib/CMakeFiles/__idf_newlib.dir/src/random.c.obj
[459/1052] Building C object esp-idf/soc/CMakeFiles/__idf_soc.dir/dport_access_common.c.obj
[403/1052] Building C object esp-idf/freertos/CMakeFiles/__idf_freertos.dir/FreeRTOS-Kernel/timers.c.obj
[376/1052] Building C object esp-idf/newlib/CMakeFiles/__idf_newlib.dir/src/getentropy.c.obj
[460/1052] Building C object esp-idf/soc/CMakeFiles/__idf_soc.dir/esp32s3/interrupts.c.obj
[404/1052] Building C object esp-idf/freertos/CMakeFiles/__idf_freertos.dir/esp_additions/idf_additions_event_groups.c.obj
[461/1052] Building C object esp-idf/soc/CMakeFiles/__idf_soc.dir/esp32s3/uart_periph.c.obj
[501/1046] Building C object esp-idf/heap/CMakeFiles/__idf_heap.dir/port/esp32s3/memory_layout.c.obj
[718/1045] Building C object esp-idf/mbedtls/mbedtls/library/CMakeFiles/mbedcrypto.dir/camellia.c.obj
[462/1052] Building C object esp-idf/soc/CMakeFiles/__idf_soc.dir/esp32s3/adc_periph.c.obj
[502/1046] Building C object esp-idf/log/CMakeFiles/__idf_log.dir/src/os/log_timestamp.c.obj
[405/1052] Building CXX object esp-idf/nvs_flash/CMakeFiles/__idf_nvs_flash.dir/src/nvs_handle_simple.cpp.obj
[463/1052] Building C object esp-idf/esp_hw_support/CMakeFiles/__idf_esp_hw_support.dir/port/esp32s3/sar_periph_ctrl.c.obj
[464/1052] Building CXX object esp-idf/nvs_flash/CMakeFiles/__idf_nvs_flash.dir/src/nvs_api.cpp.obj
[377/1052] Building C object esp-idf/newlib/CMakeFiles/__idf_newlib.dir/src/termios.c.obj
[503/1046] Linking C static library esp-idf/freertos/libfreertos.a
[504/1046] Building C object esp-idf/log/CMakeFiles/__idf_log.dir/src/log_timestamp_common.c.obj
[719/1045] Building C object esp-idf/mbedtls/mbedtls/library/CMakeFiles/mbedcrypto.dir/block_cipher.c.obj
[720/1045] Building C object esp-idf/mbedtls/mbedtls/library/CMakeFiles/mbedcrypto.dir/bignum_mod.c.obj
[465/1052] Building C object esp-idf/esp_hw_support/CMakeFiles/__idf_esp_hw_support.dir/port/esp32s3/rtc_time.c.obj
[406/1052] Building C object esp-idf/esp_hw_support/CMakeFiles/__idf_esp_hw_support.dir/port/esp32s3/cpu_region_protect.c.obj
[378/1052] Building C object esp-idf/newlib/CMakeFiles/__idf_newlib.dir/src/pthread.c.obj
[407/1052] Building CXX object esp-idf/nvs_flash/CMakeFiles/__idf_nvs_flash.dir/src/nvs_cxx_api.cpp.obj
[721/1045] Building C object esp-idf/mbedtls/mbedtls/library/CMakeFiles/mbedcrypto.dir/chachapoly.c.obj
[466/1052] Building C object esp-idf/soc/CMakeFiles/__idf_soc.dir/esp32s3/gdma_periph.c.obj
[505/1046] Building C object esp-idf/heap/CMakeFiles/__idf_heap.dir/heap_caps.c.obj
[408/1052] Building C object esp-idf/freertos/CMakeFiles/__idf_freertos.dir/FreeRTOS-Kernel/event_groups.c.obj
[379/1052] Building C object esp-idf/pthread/CMakeFiles/__idf_pthread.dir/pthread.c.obj
[467/1052] Building C object esp-idf/soc/CMakeFiles/__idf_soc.dir/esp32s3/spi_periph.c.obj
[722/1045] Building C object esp-idf/mbedtls/mbedtls/library/CMakeFiles/mbedcrypto.dir/aria.c.obj
[409/1052] Building C object esp-idf/esp_hw_support/CMakeFiles/__idf_esp_hw_support.dir/port/esp32s3/esp_cpu_intr.c.obj
[506/1046] Building C object esp-idf/esp_hw_support/CMakeFiles/__idf_esp_hw_support.dir/port/esp32s3/rtc_init.c.obj
[468/1052] Building C object esp-idf/soc/CMakeFiles/__idf_soc.dir/esp32s3/pcnt_periph.c.obj
[507/1046] Building C object esp-idf/log/CMakeFiles/__idf_log.dir/src/util.c.obj
[723/1045] Building C object esp-idf/mbedtls/mbedtls/library/CMakeFiles/mbedcrypto.dir/base64.c.obj
[724/1045] Building C object esp-idf/mbedtls/mbedtls/library/CMakeFiles/mbedtls.dir/ssl_tls12_server.c.obj
[469/1052] Building C object esp-idf/soc/CMakeFiles/__idf_soc.dir/esp32s3/rmt_periph.c.obj
[470/1052] Building C object esp-idf/soc/CMakeFiles/__idf_soc.dir/esp32s3/sdm_periph.c.obj
[508/1046] Building C object esp-idf/log/CMakeFiles/__idf_log.dir/src/buffer/log_buffers.c.obj
[725/1045] Building C object esp-idf/mbedtls/mbedtls/library/CMakeFiles/mbedcrypto.dir/chacha20.c.obj
[471/1052] Building C object esp-idf/soc/CMakeFiles/__idf_soc.dir/esp32s3/gpio_periph.c.obj
[509/1046] Building C object esp-idf/log/CMakeFiles/__idf_log.dir/src/os/log_lock.c.obj
[726/1045] Building C object esp-idf/mbedtls/mbedtls/library/CMakeFiles/mbedcrypto.dir/constant_time.c.obj
[472/1052] Building C object esp-idf/soc/CMakeFiles/__idf_soc.dir/esp32s3/dedic_gpio_periph.c.obj
[410/1052] Building C object esp-idf/freertos/CMakeFiles/__idf_freertos.dir/esp_additions/idf_additions.c.obj
[380/1052] Building C object esp-idf/newlib/CMakeFiles/__idf_newlib.dir/src/locks.c.obj
[411/1052] Building C object esp-idf/freertos/CMakeFiles/__idf_freertos.dir/FreeRTOS-Kernel/stream_buffer.c.obj
[510/1046] Building C object esp-idf/esp_hw_support/CMakeFiles/__idf_esp_hw_support.dir/dma/gdma.c.obj
[473/1052] Building C object esp-idf/esp_hw_support/CMakeFiles/__idf_esp_hw_support.dir/dma/async_memcpy_gdma.c.obj
[474/1052] Building C object esp-idf/soc/CMakeFiles/__idf_soc.dir/esp32s3/ledc_periph.c.obj
[381/1052] Building C object esp-idf/newlib/CMakeFiles/__idf_newlib.dir/src/scandir.c.obj
[412/1052] Building C object esp-idf/esp_hw_support/CMakeFiles/__idf_esp_hw_support.dir/cpu.c.obj
[413/1052] Building C object esp-idf/esp_hw_support/CMakeFiles/__idf_esp_hw_support.dir/esp_memory_utils.c.obj
[475/1052] Building C object esp-idf/esp_hw_support/CMakeFiles/__idf_esp_hw_support.dir/mspi_timing_tuning/port/esp32s3/mspi_timing_by_mspi_delay.c.obj
[476/1052] Linking C static library esp-idf/nvs_flash/libnvs_flash.a
[414/1052] Building C object esp-idf/esp_hw_support/CMakeFiles/__idf_esp_hw_support.dir/clk_ctrl_os.c.obj
[511/1046] Building C object esp-idf/log/CMakeFiles/__idf_log.dir/src/log_print.c.obj
[477/1052] Building C object esp-idf/soc/CMakeFiles/__idf_soc.dir/esp32s3/lcd_periph.c.obj
[512/1046] Building C object esp-idf/log/CMakeFiles/__idf_log.dir/src/log_level/log_level.c.obj
[478/1052] Building C object esp-idf/soc/CMakeFiles/__idf_soc.dir/esp32s3/temperature_sensor_periph.c.obj
[479/1052] Building C object esp-idf/soc/CMakeFiles/__idf_soc.dir/esp32s3/touch_sensor_periph.c.obj
[727/1045] Building C object esp-idf/mbedtls/mbedtls/library/CMakeFiles/mbedcrypto.dir/asn1parse.c.obj
[382/1052] Building C object esp-idf/esp_driver_uart/CMakeFiles/__idf_esp_driver_uart.dir/src/uart.c.obj
[383/1052] Building C object esp-idf/newlib/CMakeFiles/__idf_newlib.dir/src/syscalls.c.obj
[480/1052] Building C object esp-idf/soc/CMakeFiles/__idf_soc.dir/esp32s3/i2c_periph.c.obj
[513/1046] Building C object esp-idf/log/CMakeFiles/__idf_log.dir/src/log.c.obj
[514/1046] Building C object esp-idf/heap/CMakeFiles/__idf_heap.dir/port/memory_layout_utils.c.obj
[728/1045] Building C object esp-idf/mbedtls/mbedtls/library/CMakeFiles/mbedcrypto.dir/ecdh.c.obj
[515/1046] Building C object esp-idf/log/CMakeFiles/__idf_log.dir/src/log_format_text.c.obj
[481/1052] Building C object esp-idf/soc/CMakeFiles/__idf_soc.dir/esp32s3/mcpwm_periph.c.obj
[384/1052] Building C object esp-idf/newlib/CMakeFiles/__idf_newlib.dir/src/sysconf.c.obj
[415/1052] Building C object esp-idf/esp_hw_support/CMakeFiles/__idf_esp_hw_support.dir/mac_addr.c.obj
[729/1045] Building C object esp-idf/mbedtls/mbedtls/library/CMakeFiles/mbedcrypto.dir/des.c.obj
[516/1046] Building C object esp-idf/heap/CMakeFiles/__idf_heap.dir/heap_caps_init.c.obj
[385/1052] Building C object esp-idf/newlib/CMakeFiles/__idf_newlib.dir/src/realpath.c.obj
[517/1046] Building C object esp-idf/log/CMakeFiles/__idf_log.dir/src/os/util.c.obj
[416/1052] Building C object esp-idf/esp_hw_support/CMakeFiles/__idf_esp_hw_support.dir/revision.c.obj
[482/1052] Building C object esp-idf/esp_hw_support/CMakeFiles/__idf_esp_hw_support.dir/lowpower/port/esp32s3/sleep_cpu.c.obj
[730/1045] Building C object esp-idf/mbedtls/mbedtls/library/CMakeFiles/mbedcrypto.dir/ecjpake.c.obj
[483/1052] Building C object esp-idf/soc/CMakeFiles/__idf_soc.dir/esp32s3/i2s_periph.c.obj
[518/1046] Building C object esp-idf/log/CMakeFiles/__idf_log.dir/src/log_level/tag_log_level/linked_list/log_linked_list.c.obj
[484/1052] Building C object esp-idf/soc/CMakeFiles/__idf_soc.dir/esp32s3/mpi_periph.c.obj
[386/1052] Building CXX object esp-idf/nvs_flash/CMakeFiles/__idf_nvs_flash.dir/src/nvs_handle_locked.cpp.obj
[485/1052] Linking C static library esp-idf/esp_event/libesp_event.a
[417/1052] Building C object esp-idf/esp_hw_support/CMakeFiles/__idf_esp_hw_support.dir/esp_gpio_reserve.c.obj
[519/1046] Building C object esp-idf/hal/CMakeFiles/__idf_hal.dir/color_hal.c.obj
[486/1052] Building C object esp-idf/soc/CMakeFiles/__idf_soc.dir/esp32s3/power_supply_periph.c.obj
[731/1045] Building C object esp-idf/mbedtls/mbedtls/library/CMakeFiles/mbedcrypto.dir/ccm.c.obj
[520/1046] Building C object esp-idf/hal/CMakeFiles/__idf_hal.dir/esp32s3/efuse_hal.c.obj
[487/1052] Building C object esp-idf/soc/CMakeFiles/__idf_soc.dir/esp32s3/timer_periph.c.obj
[521/1046] Building C object esp-idf/log/CMakeFiles/__idf_log.dir/src/log_level/tag_log_level/tag_log_level.c.obj
[387/1052] Building C object esp-idf/newlib/CMakeFiles/__idf_newlib.dir/src/reent_syscalls.c.obj
[488/1052] Building C object esp-idf/soc/CMakeFiles/__idf_soc.dir/esp32s3/sdmmc_periph.c.obj
[489/1052] Building C object esp-idf/soc/CMakeFiles/__idf_soc.dir/esp32s3/twai_periph.c.obj
[490/1052] Building C object esp-idf/soc/CMakeFiles/__idf_soc.dir/esp32s3/wdt_periph.c.obj
[491/1052] Building C object esp-idf/soc/CMakeFiles/__idf_soc.dir/esp32s3/cam_periph.c.obj
[522/1046] Building C object esp-idf/hal/CMakeFiles/__idf_hal.dir/hal_utils.c.obj
[492/1052] Building C object esp-idf/esp_hw_support/CMakeFiles/__idf_esp_hw_support.dir/port/esp32s3/rtc_clk.c.obj
[388/1052] Building C object esp-idf/newlib/CMakeFiles/__idf_newlib.dir/src/flockfile.c.obj
[493/1052] Building C object esp-idf/soc/CMakeFiles/__idf_soc.dir/esp32s3/usb_dwc_periph.c.obj
[389/1052] Building C object esp-idf/freertos/CMakeFiles/__idf_freertos.dir/port_common.c.obj
[418/1052] Building C object esp-idf/esp_hw_support/CMakeFiles/__idf_esp_hw_support.dir/hw_random.c.obj
[494/1052] Building C object esp-idf/soc/CMakeFiles/__idf_soc.dir/esp32s3/rtc_io_periph.c.obj
[419/1052] Building C object esp-idf/freertos/CMakeFiles/__idf_freertos.dir/FreeRTOS-Kernel/queue.c.obj
[523/1046] Building C object esp-idf/log/CMakeFiles/__idf_log.dir/src/log_level/tag_log_level/cache/log_binary_heap.c.obj
[732/1045] Building C object esp-idf/mbedtls/mbedtls/library/CMakeFiles/mbedcrypto.dir/ctr_drbg.c.obj
[524/1046] Building C object esp-idf/log/CMakeFiles/__idf_log.dir/src/os/log_write.c.obj
[495/1052] Building C object esp-idf/freertos/CMakeFiles/__idf_freertos.dir/FreeRTOS-Kernel/tasks.c.obj
[733/1045] Building C object esp-idf/mbedtls/mbedtls/library/CMakeFiles/mbedcrypto.dir/cipher_wrap.c.obj
[525/1046] Building C object esp-idf/hal/CMakeFiles/__idf_hal.dir/spi_flash_encrypt_hal_iram.c.obj
[420/1052] Building CXX object esp-idf/nvs_flash/CMakeFiles/__idf_nvs_flash.dir/src/nvs_types.cpp.obj
[526/1046] Building C object esp-idf/heap/CMakeFiles/__idf_heap.dir/heap_caps_base.c.obj
[496/1052] Building C object esp-idf/log/CMakeFiles/__idf_log.dir/src/os/log_timestamp.c.obj
[390/1052] Building C object esp-idf/newlib/CMakeFiles/__idf_newlib.dir/src/reent_init.c.obj
[421/1052] Building C object esp-idf/freertos/CMakeFiles/__idf_freertos.dir/FreeRTOS-Kernel/portable/xtensa/port.c.obj
[527/1046] Building C object esp-idf/hal/CMakeFiles/__idf_hal.dir/mpu_hal.c.obj
[734/1045] Building C object esp-idf/mbedtls/mbedtls/library/CMakeFiles/mbedcrypto.dir/ecp_curves_new.c.obj
[497/1052] Linking C static library esp-idf/esp_driver_uart/libesp_driver_uart.a
[735/1045] Building C object esp-idf/mbedtls/mbedtls/library/CMakeFiles/mbedx509.dir/x509.c.obj
[391/1052] Building C object esp-idf/newlib/CMakeFiles/__idf_newlib.dir/src/newlib_init.c.obj
[392/1052] Building C object esp-idf/newlib/CMakeFiles/__idf_newlib.dir/src/port/esp_time_impl.c.obj
[393/1052] Building CXX object esp-idf/nvs_flash/CMakeFiles/__idf_nvs_flash.dir/src/nvs_types.cpp.obj
[394/1052] Building C object esp-idf/freertos/CMakeFiles/__idf_freertos.dir/heap_idf.c.obj
[528/1046] Building C object esp-idf/hal/CMakeFiles/__idf_hal.dir/efuse_hal.c.obj
[395/1052] Building C object esp-idf/freertos/CMakeFiles/__idf_freertos.dir/FreeRTOS-Kernel/list.c.obj
[498/1052] Building C object esp-idf/log/CMakeFiles/__idf_log.dir/src/log_timestamp_common.c.obj
[422/1052] Building C object esp-idf/esp_hw_support/CMakeFiles/__idf_esp_hw_support.dir/rtc_module.c.obj
[423/1052] Building CXX object esp-idf/nvs_flash/CMakeFiles/__idf_nvs_flash.dir/src/nvs_encrypted_partition.cpp.obj
[499/1052] Building C object esp-idf/log/CMakeFiles/__idf_log.dir/src/util.c.obj
[736/1045] Building C object esp-idf/mbedtls/mbedtls/library/CMakeFiles/mbedcrypto.dir/cmac.c.obj
[500/1052] Building C object esp-idf/heap/CMakeFiles/__idf_heap.dir/port/esp32s3/memory_layout.c.obj
[424/1052] Building C object esp-idf/esp_hw_support/CMakeFiles/__idf_esp_hw_support.dir/esp_clk.c.obj
[501/1052] Linking C static library esp-idf/esp_ringbuf/libesp_ringbuf.a
[737/1045] Building C object esp-idf/mbedtls/mbedtls/library/CMakeFiles/mbedcrypto.dir/entropy_poll.c.obj
[425/1052] Building C object esp-idf/esp_hw_support/CMakeFiles/__idf_esp_hw_support.dir/regi2c_ctrl.c.obj
[396/1052] Building C object esp-idf/newlib/CMakeFiles/__idf_newlib.dir/src/time.c.obj
[426/1052] Building CXX object esp-idf/nvs_flash/CMakeFiles/__idf_nvs_flash.dir/src/nvs_handle_locked.cpp.obj
[738/1045] Building C object esp-idf/mbedtls/mbedtls/library/CMakeFiles/mbedtls.dir/ssl_tls.c.obj
[529/1046] Building C object esp-idf/hal/CMakeFiles/__idf_hal.dir/spi_flash_hal_iram.c.obj
[502/1052] Building C object esp-idf/log/CMakeFiles/__idf_log.dir/src/log_print.c.obj
[427/1052] Building C object esp-idf/esp_hw_support/CMakeFiles/__idf_esp_hw_support.dir/dma/esp_dma_utils.c.obj
[739/1045] Building C object esp-idf/mbedtls/mbedtls/library/CMakeFiles/mbedcrypto.dir/hkdf.c.obj
[428/1052] Building C object esp-idf/esp_hw_support/CMakeFiles/__idf_esp_hw_support.dir/port/esp32s3/esp_clk_tree.c.obj
[397/1052] Building ASM object esp-idf/freertos/CMakeFiles/__idf_freertos.dir/FreeRTOS-Kernel/portable/xtensa/portasm.S.obj
[429/1052] Building C object esp-idf/esp_hw_support/CMakeFiles/__idf_esp_hw_support.dir/spi_bus_lock.c.obj
[740/1045] Building C object esp-idf/mbedtls/mbedtls/library/CMakeFiles/mbedcrypto.dir/bignum_core.c.obj
[530/1046] Building C object esp-idf/hal/CMakeFiles/__idf_hal.dir/systimer_hal.c.obj
[741/1045] Building C object esp-idf/mbedtls/mbedtls/library/CMakeFiles/mbedcrypto.dir/dhm.c.obj
[398/1052] Building C object esp-idf/freertos/CMakeFiles/__idf_freertos.dir/app_startup.c.obj
[430/1052] Building C object esp-idf/esp_hw_support/CMakeFiles/__idf_esp_hw_support.dir/port/esp_clk_tree_common.c.obj
[531/1046] Building C object esp-idf/heap/CMakeFiles/__idf_heap.dir/multi_heap.c.obj
[742/1045] Building C object esp-idf/mbedtls/mbedtls/library/CMakeFiles/mbedcrypto.dir/lmots.c.obj
[503/1052] Building C object esp-idf/heap/CMakeFiles/__idf_heap.dir/port/memory_layout_utils.c.obj
[399/1052] Building C object esp-idf/newlib/CMakeFiles/__idf_newlib.dir/src/stdatomic.c.obj
[400/1052] Building C object esp-idf/freertos/CMakeFiles/__idf_freertos.dir/port_systick.c.obj
[504/1052] Building C object esp-idf/log/CMakeFiles/__idf_log.dir/src/buffer/log_buffers.c.obj
[743/1045] Building C object esp-idf/mbedtls/mbedtls/library/CMakeFiles/mbedcrypto.dir/lms.c.obj
[505/1052] Building C object esp-idf/log/CMakeFiles/__idf_log.dir/src/log_format_text.c.obj
[506/1052] Building C object esp-idf/log/CMakeFiles/__idf_log.dir/src/log_level/tag_log_level/tag_log_level.c.obj
[532/1046] Building C object esp-idf/hal/CMakeFiles/__idf_hal.dir/cache_hal.c.obj
[744/1045] Building C object esp-idf/mbedtls/mbedtls/library/CMakeFiles/mbedcrypto.dir/entropy.c.obj
[431/1052] Building C object esp-idf/esp_hw_support/CMakeFiles/__idf_esp_hw_support.dir/periph_ctrl.c.obj
[507/1052] Building C object esp-idf/esp_hw_support/CMakeFiles/__idf_esp_hw_support.dir/dma/gdma.c.obj
[508/1052] Linking C static library esp-idf/esp_driver_gptimer/libesp_driver_gptimer.a
[533/1046] Building C object esp-idf/hal/CMakeFiles/__idf_hal.dir/mmu_hal.c.obj
[534/1046] Building C object esp-idf/hal/CMakeFiles/__idf_hal.dir/uart_hal_iram.c.obj
[509/1052] Building C object esp-idf/log/CMakeFiles/__idf_log.dir/src/os/util.c.obj
[432/1052] Building C object esp-idf/esp_hw_support/CMakeFiles/__idf_esp_hw_support.dir/sar_tsens_ctrl.c.obj
[535/1046] Building C object esp-idf/esp_hw_support/CMakeFiles/__idf_esp_hw_support.dir/sleep_modes.c.obj
[510/1052] Building C object esp-idf/log/CMakeFiles/__idf_log.dir/src/os/log_lock.c.obj
[433/1052] Building C object esp-idf/esp_hw_support/CMakeFiles/__idf_esp_hw_support.dir/sleep_usb.c.obj
[401/1052] Building C object esp-idf/freertos/CMakeFiles/__idf_freertos.dir/FreeRTOS-Kernel/portable/xtensa/xtensa_init.c.obj
[511/1052] Building C object esp-idf/log/CMakeFiles/__idf_log.dir/src/log_level/log_level.c.obj
[434/1052] Building C object esp-idf/esp_hw_support/CMakeFiles/__idf_esp_hw_support.dir/port/esp32s3/io_mux.c.obj
[402/1052] Building C object esp-idf/freertos/CMakeFiles/__idf_freertos.dir/FreeRTOS-Kernel/portable/xtensa/xtensa_overlay_os_hook.c.obj
[536/1046] Building C object esp-idf/hal/CMakeFiles/__idf_hal.dir/timer_hal.c.obj
[745/1045] Building C object esp-idf/mbedtls/mbedtls/library/CMakeFiles/mbedtls.dir/ssl_msg.c.obj
[537/1046] Building C object esp-idf/hal/CMakeFiles/__idf_hal.dir/gpio_hal.c.obj
[512/1052] Building C object esp-idf/log/CMakeFiles/__idf_log.dir/src/log.c.obj
[538/1046] Building C object esp-idf/hal/CMakeFiles/__idf_hal.dir/ledc_hal.c.obj
[513/1052] Building C object esp-idf/log/CMakeFiles/__idf_log.dir/src/os/log_write.c.obj
[539/1046] Building C object esp-idf/hal/CMakeFiles/__idf_hal.dir/spi_flash_hal.c.obj
[514/1052] Building C object esp-idf/hal/CMakeFiles/__idf_hal.dir/mpu_hal.c.obj
[540/1046] Building C object esp-idf/hal/CMakeFiles/__idf_hal.dir/esp32s3/clk_tree_hal.c.obj
[746/1045] Building C object esp-idf/mbedtls/mbedtls/library/CMakeFiles/mbedcrypto.dir/nist_kw.c.obj
[747/1045] Building C object esp-idf/mbedtls/mbedtls/library/CMakeFiles/mbedcrypto.dir/ecdsa.c.obj
[435/1052] Building C object esp-idf/esp_hw_support/CMakeFiles/__idf_esp_hw_support.dir/clk_utils.c.obj
[541/1046] Building C object esp-idf/hal/CMakeFiles/__idf_hal.dir/rtc_io_hal.c.obj
[403/1052] Building C object esp-idf/freertos/CMakeFiles/__idf_freertos.dir/esp_additions/idf_additions_event_groups.c.obj
[436/1052] Building C object esp-idf/esp_hw_support/CMakeFiles/__idf_esp_hw_support.dir/sleep_gpio.c.obj
[542/1046] Building C object esp-idf/hal/CMakeFiles/__idf_hal.dir/ledc_hal_iram.c.obj
[515/1052] Linking C static library esp-idf/esp_timer/libesp_timer.a
[543/1046] Building C object esp-idf/hal/CMakeFiles/__idf_hal.dir/pcnt_hal.c.obj
[748/1045] Building C object esp-idf/mbedtls/mbedtls/library/CMakeFiles/mbedcrypto.dir/memory_buffer_alloc.c.obj
[516/1052] Building C object esp-idf/heap/CMakeFiles/__idf_heap.dir/heap_caps_base.c.obj
[517/1052] Building C object esp-idf/heap/CMakeFiles/__idf_heap.dir/heap_caps_init.c.obj
[518/1052] Building C object esp-idf/log/CMakeFiles/__idf_log.dir/src/log_level/tag_log_level/linked_list/log_linked_list.c.obj
[749/1045] Building C object esp-idf/mbedtls/mbedtls/library/CMakeFiles/mbedcrypto.dir/md5.c.obj
[437/1052] Building C object esp-idf/esp_hw_support/CMakeFiles/__idf_esp_hw_support.dir/port/esp32s3/systimer.c.obj
[519/1052] Building C object esp-idf/hal/CMakeFiles/__idf_hal.dir/color_hal.c.obj
[438/1052] Building C object esp-idf/esp_hw_support/CMakeFiles/__idf_esp_hw_support.dir/sleep_modem.c.obj
[544/1046] Building C object esp-idf/hal/CMakeFiles/__idf_hal.dir/sdm_hal.c.obj
[750/1045] Building C object esp-idf/mbedtls/mbedtls/library/CMakeFiles/mbedcrypto.dir/padlock.c.obj
[439/1052] Building CXX object esp-idf/nvs_flash/CMakeFiles/__idf_nvs_flash.dir/src/nvs_page.cpp.obj
[440/1052] Building C object esp-idf/esp_hw_support/CMakeFiles/__idf_esp_hw_support.dir/sleep_console.c.obj
[751/1045] Building C object esp-idf/mbedtls/mbedtls/library/CMakeFiles/mbedcrypto.dir/gcm.c.obj
[520/1052] Building C object esp-idf/hal/CMakeFiles/__idf_hal.dir/esp32s3/efuse_hal.c.obj
[441/1052] Building C object esp-idf/esp_hw_support/CMakeFiles/__idf_esp_hw_support.dir/sleep_event.c.obj
[545/1046] Building C object esp-idf/hal/CMakeFiles/__idf_hal.dir/i2c_hal.c.obj
[404/1052] Building C object esp-idf/freertos/CMakeFiles/__idf_freertos.dir/FreeRTOS-Kernel/stream_buffer.c.obj
[521/1052] Building C object esp-idf/heap/CMakeFiles/__idf_heap.dir/multi_heap.c.obj
[546/1046] Building C object esp-idf/hal/CMakeFiles/__idf_hal.dir/rmt_hal.c.obj
[405/1052] Building C object esp-idf/freertos/CMakeFiles/__idf_freertos.dir/FreeRTOS-Kernel/event_groups.c.obj
[522/1052] Linking C static library esp-idf/cxx/libcxx.a
[547/1046] Building C object esp-idf/hal/CMakeFiles/__idf_hal.dir/i2c_hal_iram.c.obj
[752/1045] Linking CXX static library esp-idf/mbedtls/mbedtls/library/libmbedtls.a
[523/1052] Building C object esp-idf/log/CMakeFiles/__idf_log.dir/src/log_level/tag_log_level/cache/log_binary_heap.c.obj
[524/1052] Building C object esp-idf/hal/CMakeFiles/__idf_hal.dir/hal_utils.c.obj
[548/1046] Building C object esp-idf/hal/CMakeFiles/__idf_hal.dir/mcpwm_hal.c.obj
[525/1052] Building C object esp-idf/hal/CMakeFiles/__idf_hal.dir/mmu_hal.c.obj
[406/1052] Building C object esp-idf/esp_hw_support/CMakeFiles/__idf_esp_hw_support.dir/esp_memory_utils.c.obj
[442/1052] Building C object esp-idf/esp_hw_support/CMakeFiles/__idf_esp_hw_support.dir/dma/gdma_link.c.obj
[549/1046] Building C object esp-idf/hal/CMakeFiles/__idf_hal.dir/uart_hal.c.obj
[753/1045] Building C object esp-idf/mbedtls/mbedtls/library/CMakeFiles/mbedx509.dir/x509_crt.c.obj
[526/1052] Building C object esp-idf/hal/CMakeFiles/__idf_hal.dir/efuse_hal.c.obj
[407/1052] Building C object esp-idf/esp_hw_support/CMakeFiles/__idf_esp_hw_support.dir/port/esp32s3/esp_cpu_intr.c.obj
[527/1052] Building C object esp-idf/hal/CMakeFiles/__idf_hal.dir/spi_flash_hal.c.obj
[550/1046] Building C object esp-idf/hal/CMakeFiles/__idf_hal.dir/sdmmc_hal.c.obj
[754/1045] Building C object esp-idf/mbedtls/mbedtls/library/CMakeFiles/mbedcrypto.dir/pk_ecc.c.obj
[551/1046] Building C object esp-idf/hal/CMakeFiles/__idf_hal.dir/lcd_hal.c.obj
[755/1045] Building C object esp-idf/mbedtls/mbedtls/library/CMakeFiles/mbedcrypto.dir/cipher.c.obj
[408/1052] Building C object esp-idf/esp_hw_support/CMakeFiles/__idf_esp_hw_support.dir/port/esp32s3/cpu_region_protect.c.obj
[552/1046] Building C object esp-idf/hal/CMakeFiles/__idf_hal.dir/uhci_hal.c.obj
[756/1045] Building C object esp-idf/mbedtls/mbedtls/library/CMakeFiles/mbedcrypto.dir/hmac_drbg.c.obj
[528/1052] Building C object esp-idf/heap/CMakeFiles/__idf_heap.dir/heap_caps.c.obj
[443/1052] Building C object esp-idf/esp_hw_support/CMakeFiles/__idf_esp_hw_support.dir/spi_share_hw_ctrl.c.obj
[553/1046] Building C object esp-idf/hal/CMakeFiles/__idf_hal.dir/gdma_hal_top.c.obj
[444/1052] Building C object esp-idf/esp_hw_support/CMakeFiles/__idf_esp_hw_support.dir/dma/esp_async_memcpy.c.obj
[757/1045] Building C object esp-idf/mbedtls/mbedtls/library/CMakeFiles/mbedcrypto.dir/bignum.c.obj
[409/1052] Building C object esp-idf/esp_hw_support/CMakeFiles/__idf_esp_hw_support.dir/cpu.c.obj
[529/1052] Linking C static library esp-idf/pthread/libpthread.a
[530/1052] Building C object esp-idf/hal/CMakeFiles/__idf_hal.dir/systimer_hal.c.obj
[445/1052] Building C object esp-idf/esp_hw_support/CMakeFiles/__idf_esp_hw_support.dir/esp_clock_output.c.obj
[531/1052] Building C object esp-idf/hal/CMakeFiles/__idf_hal.dir/uart_hal.c.obj
[554/1046] Building C object esp-idf/hal/CMakeFiles/__idf_hal.dir/brownout_hal.c.obj
[532/1052] Building C object esp-idf/hal/CMakeFiles/__idf_hal.dir/uart_hal_iram.c.obj
[410/1052] Building C object esp-idf/freertos/CMakeFiles/__idf_freertos.dir/FreeRTOS-Kernel/queue.c.obj
[533/1052] Building C object esp-idf/hal/CMakeFiles/__idf_hal.dir/ledc_hal.c.obj
[446/1052] Building C object esp-idf/esp_hw_support/CMakeFiles/__idf_esp_hw_support.dir/adc_share_hw_ctrl.c.obj
[534/1052] Building C object esp-idf/esp_hw_support/CMakeFiles/__idf_esp_hw_support.dir/sleep_modes.c.obj
[411/1052] Building C object esp-idf/freertos/CMakeFiles/__idf_freertos.dir/FreeRTOS-Kernel/portable/xtensa/port.c.obj
[535/1052] Building C object esp-idf/hal/CMakeFiles/__idf_hal.dir/spi_flash_hal_iram.c.obj
[536/1052] Building C object esp-idf/hal/CMakeFiles/__idf_hal.dir/spi_flash_encrypt_hal_iram.c.obj
[758/1045] Building C object esp-idf/mbedtls/mbedtls/library/CMakeFiles/mbedcrypto.dir/platform.c.obj
[537/1052] Building C object esp-idf/hal/CMakeFiles/__idf_hal.dir/cache_hal.c.obj
[412/1052] Building C object esp-idf/freertos/CMakeFiles/__idf_freertos.dir/FreeRTOS-Kernel/timers.c.obj
[447/1052] Building C object esp-idf/esp_hw_support/CMakeFiles/__idf_esp_hw_support.dir/port/esp32s3/rtc_clk_init.c.obj
[555/1046] Building C object esp-idf/hal/CMakeFiles/__idf_hal.dir/adc_hal.c.obj
[538/1052] Building C object esp-idf/hal/CMakeFiles/__idf_hal.dir/esp32s3/clk_tree_hal.c.obj
[448/1052] Building C object esp-idf/esp_hw_support/CMakeFiles/__idf_esp_hw_support.dir/port/esp32s3/chip_info.c.obj
[539/1052] Building C object esp-idf/hal/CMakeFiles/__idf_hal.dir/rmt_hal.c.obj
[759/1045] Building C object esp-idf/mbedtls/mbedtls/library/CMakeFiles/mbedcrypto.dir/platform_util.c.obj
[413/1052] Building C object esp-idf/esp_hw_support/CMakeFiles/__idf_esp_hw_support.dir/hw_random.c.obj
[414/1052] Building C object esp-idf/esp_hw_support/CMakeFiles/__idf_esp_hw_support.dir/revision.c.obj
[760/1045] Building C object esp-idf/mbedtls/mbedtls/library/CMakeFiles/mbedcrypto.dir/pkcs12.c.obj
[540/1052] Building C object esp-idf/hal/CMakeFiles/__idf_hal.dir/ledc_hal_iram.c.obj
[556/1046] Building C object esp-idf/hal/CMakeFiles/__idf_hal.dir/spi_hal.c.obj
[761/1045] Building C object esp-idf/mbedtls/mbedtls/library/CMakeFiles/mbedcrypto.dir/error.c.obj
[541/1052] Linking C static library esp-idf/newlib/libnewlib.a
[762/1045] Building C object esp-idf/mbedtls/mbedtls/library/CMakeFiles/mbedcrypto.dir/pk.c.obj
[557/1046] Building C object esp-idf/hal/CMakeFiles/__idf_hal.dir/spi_slave_hal.c.obj
[763/1045] Building C object esp-idf/mbedtls/mbedtls/library/CMakeFiles/mbedcrypto.dir/poly1305.c.obj
[542/1052] Building C object esp-idf/hal/CMakeFiles/__idf_hal.dir/timer_hal.c.obj
[449/1052] Building C object esp-idf/esp_hw_support/CMakeFiles/__idf_esp_hw_support.dir/port/esp32s3/sar_periph_ctrl.c.obj
[543/1052] Building C object esp-idf/hal/CMakeFiles/__idf_hal.dir/mcpwm_hal.c.obj
[558/1046] Building C object esp-idf/hal/CMakeFiles/__idf_hal.dir/adc_hal_common.c.obj
[544/1052] Building C object esp-idf/hal/CMakeFiles/__idf_hal.dir/gpio_hal.c.obj
[559/1046] Building C object esp-idf/hal/CMakeFiles/__idf_hal.dir/i2s_hal.c.obj
[415/1052] Building C object esp-idf/freertos/CMakeFiles/__idf_freertos.dir/esp_additions/idf_additions.c.obj
[450/1052] Building C object esp-idf/esp_hw_support/CMakeFiles/__idf_esp_hw_support.dir/mspi_timing_tuning/mspi_timing_tuning.c.obj
[545/1052] Building C object esp-idf/hal/CMakeFiles/__idf_hal.dir/pcnt_hal.c.obj
[416/1052] Building C object esp-idf/esp_hw_support/CMakeFiles/__idf_esp_hw_support.dir/esp_gpio_reserve.c.obj
[451/1052] Building C object esp-idf/esp_hw_support/CMakeFiles/__idf_esp_hw_support.dir/port/esp32s3/rtc_sleep.c.obj
[546/1052] Building C object esp-idf/hal/CMakeFiles/__idf_hal.dir/sdm_hal.c.obj
[560/1046] Building C object esp-idf/hal/CMakeFiles/__idf_hal.dir/aes_hal.c.obj
[764/1045] Building C object esp-idf/mbedtls/mbedtls/library/CMakeFiles/mbedcrypto.dir/pkcs5.c.obj
[417/1052] Building CXX object esp-idf/nvs_flash/CMakeFiles/__idf_nvs_flash.dir/src/nvs_encrypted_partition.cpp.obj
[452/1052] Building C object esp-idf/esp_hw_support/CMakeFiles/__idf_esp_hw_support.dir/port/esp_memprot_conv.c.obj
[561/1046] Building C object esp-idf/hal/CMakeFiles/__idf_hal.dir/spi_slave_hal_iram.c.obj
[765/1045] Building C object esp-idf/mbedtls/mbedtls/library/CMakeFiles/mbedcrypto.dir/pem.c.obj
[547/1052] Building C object esp-idf/hal/CMakeFiles/__idf_hal.dir/sdmmc_hal.c.obj
[562/1046] Building C object esp-idf/hal/CMakeFiles/__idf_hal.dir/sha_hal.c.obj
[548/1052] Building C object esp-idf/hal/CMakeFiles/__idf_hal.dir/gdma_hal_top.c.obj
[766/1045] Building C object esp-idf/mbedtls/mbedtls/library/CMakeFiles/mbedcrypto.dir/pk_wrap.c.obj
[563/1046] Building C object esp-idf/hal/CMakeFiles/__idf_hal.dir/twai_hal_sja1000.c.obj
[564/1046] Building C object esp-idf/hal/CMakeFiles/__idf_hal.dir/gdma_hal_ahb_v1.c.obj
[549/1052] Building C object esp-idf/hal/CMakeFiles/__idf_hal.dir/uhci_hal.c.obj
[418/1052] Building C object esp-idf/esp_hw_support/CMakeFiles/__idf_esp_hw_support.dir/mac_addr.c.obj
[550/1052] Building C object esp-idf/hal/CMakeFiles/__idf_hal.dir/i2c_hal_iram.c.obj
[453/1052] Building C object esp-idf/esp_hw_support/CMakeFiles/__idf_esp_hw_support.dir/sleep_wake_stub.c.obj
[419/1052] Building C object esp-idf/esp_hw_support/CMakeFiles/__idf_esp_hw_support.dir/clk_ctrl_os.c.obj
[565/1046] Building C object esp-idf/hal/CMakeFiles/__idf_hal.dir/adc_oneshot_hal.c.obj
[551/1052] Building C object esp-idf/hal/CMakeFiles/__idf_hal.dir/i2c_hal.c.obj
[566/1046] Building C object esp-idf/hal/CMakeFiles/__idf_hal.dir/mpi_hal.c.obj
[454/1052] Building C object esp-idf/esp_hw_support/CMakeFiles/__idf_esp_hw_support.dir/usb_phy/usb_phy.c.obj
[455/1052] Building C object esp-idf/soc/CMakeFiles/__idf_soc.dir/dport_access_common.c.obj
[552/1052] Building C object esp-idf/hal/CMakeFiles/__idf_hal.dir/rtc_io_hal.c.obj
[567/1046] Building C object esp-idf/hal/CMakeFiles/__idf_hal.dir/hmac_hal.c.obj
[456/1052] Building C object esp-idf/esp_hw_support/CMakeFiles/__idf_esp_hw_support.dir/mspi_timing_tuning/port/esp32s3/mspi_timing_config.c.obj
[553/1052] Building C object esp-idf/hal/CMakeFiles/__idf_hal.dir/gdma_hal_ahb_v1.c.obj
[554/1052] Linking C static library esp-idf/freertos/libfreertos.a
[457/1052] Building C object esp-idf/soc/CMakeFiles/__idf_soc.dir/lldesc.c.obj
[767/1045] Building C object esp-idf/mbedtls/mbedtls/library/CMakeFiles/mbedcrypto.dir/oid.c.obj
[568/1046] Building C object esp-idf/esp_hw_support/CMakeFiles/__idf_esp_hw_support.dir/port/esp32s3/esp_memprot.c.obj
[768/1045] Building C object esp-idf/mbedtls/mbedtls/library/CMakeFiles/mbedcrypto.dir/psa_crypto_aead.c.obj
[458/1052] Building C object esp-idf/esp_hw_support/CMakeFiles/__idf_esp_hw_support.dir/intr_alloc.c.obj
[569/1046] Building C object esp-idf/hal/CMakeFiles/__idf_hal.dir/ds_hal.c.obj
[769/1045] Building C object esp-idf/mbedtls/mbedtls/library/CMakeFiles/mbedcrypto.dir/md.c.obj
[459/1052] Building C object esp-idf/soc/CMakeFiles/__idf_soc.dir/esp32s3/adc_periph.c.obj
[770/1045] Building C object esp-idf/mbedtls/mbedtls/library/CMakeFiles/mbedcrypto.dir/ecp_curves.c.obj
[460/1052] Building C object esp-idf/esp_hw_support/CMakeFiles/__idf_esp_hw_support.dir/dma/async_memcpy_gdma.c.obj
[771/1045] Building C object esp-idf/mbedtls/mbedtls/library/CMakeFiles/mbedcrypto.dir/pkwrite.c.obj
[570/1046] Building C object esp-idf/hal/CMakeFiles/__idf_hal.dir/touch_sensor_hal.c.obj
[461/1052] Building C object esp-idf/soc/CMakeFiles/__idf_soc.dir/esp32s3/interrupts.c.obj
[555/1052] Building C object esp-idf/hal/CMakeFiles/__idf_hal.dir/twai_hal_sja1000.c.obj
[462/1052] Building C object esp-idf/soc/CMakeFiles/__idf_soc.dir/esp32s3/gdma_periph.c.obj
[772/1045] Building C object esp-idf/mbedtls/mbedtls/library/CMakeFiles/mbedcrypto.dir/psa_crypto_client.c.obj
[571/1046] Building C object esp-idf/hal/CMakeFiles/__idf_hal.dir/spi_flash_hal_gpspi.c.obj
[773/1045] Building C object esp-idf/mbedtls/mbedtls/library/CMakeFiles/mbedcrypto.dir/psa_crypto_driver_wrappers_no_static.c.obj
[556/1052] Building C object esp-idf/hal/CMakeFiles/__idf_hal.dir/adc_hal_common.c.obj
[557/1052] Building C object esp-idf/hal/CMakeFiles/__idf_hal.dir/adc_hal.c.obj
[572/1046] Building C object esp-idf/hal/CMakeFiles/__idf_hal.dir/usb_serial_jtag_hal.c.obj
[420/1052] Building C object esp-idf/esp_hw_support/CMakeFiles/__idf_esp_hw_support.dir/sar_tsens_ctrl.c.obj
[421/1052] Building C object esp-idf/esp_hw_support/CMakeFiles/__idf_esp_hw_support.dir/rtc_module.c.obj
[573/1046] Building C object esp-idf/esp_rom/CMakeFiles/__idf_esp_rom.dir/patches/esp_rom_sys.c.obj
[463/1052] Building C object esp-idf/esp_hw_support/CMakeFiles/__idf_esp_hw_support.dir/power_supply/brownout.c.obj
[774/1045] Building C object esp-idf/mbedtls/mbedtls/library/CMakeFiles/mbedcrypto.dir/psa_crypto_ffdh.c.obj
[574/1046] Building C object esp-idf/hal/CMakeFiles/__idf_hal.dir/cam_hal.c.obj
[422/1052] Building C object esp-idf/esp_hw_support/CMakeFiles/__idf_esp_hw_support.dir/esp_clk.c.obj
[464/1052] Building C object esp-idf/soc/CMakeFiles/__idf_soc.dir/esp32s3/uart_periph.c.obj
[575/1046] Building C object esp-idf/hal/CMakeFiles/__idf_hal.dir/esp32s3/rtc_cntl_hal.c.obj
[465/1052] Building C object esp-idf/soc/CMakeFiles/__idf_soc.dir/esp32s3/spi_periph.c.obj
[558/1052] Building C object esp-idf/hal/CMakeFiles/__idf_hal.dir/lcd_hal.c.obj
[559/1052] Building C object esp-idf/hal/CMakeFiles/__idf_hal.dir/brownout_hal.c.obj
[466/1052] Building C object esp-idf/esp_hw_support/CMakeFiles/__idf_esp_hw_support.dir/port/esp32s3/rtc_time.c.obj
[576/1046] Building C object esp-idf/esp_rom/CMakeFiles/__idf_esp_rom.dir/patches/esp_rom_crc.c.obj
[423/1052] Building C object esp-idf/esp_hw_support/CMakeFiles/__idf_esp_hw_support.dir/periph_ctrl.c.obj
[775/1045] Building C object esp-idf/mbedtls/mbedtls/library/CMakeFiles/mbedcrypto.dir/psa_crypto_se.c.obj
[467/1052] Building C object esp-idf/soc/CMakeFiles/__idf_soc.dir/esp32s3/gpio_periph.c.obj
[577/1046] Building C object esp-idf/hal/CMakeFiles/__idf_hal.dir/usb_wrap_hal.c.obj
[424/1052] Building C object esp-idf/esp_hw_support/CMakeFiles/__idf_esp_hw_support.dir/regi2c_ctrl.c.obj
[776/1045] Building C object esp-idf/mbedtls/mbedtls/library/CMakeFiles/mbedcrypto.dir/psa_its_file.c.obj
[468/1052] Building C object esp-idf/soc/CMakeFiles/__idf_soc.dir/esp32s3/ledc_periph.c.obj
[560/1052] Building C object esp-idf/hal/CMakeFiles/__idf_hal.dir/aes_hal.c.obj
[469/1052] Building C object esp-idf/soc/CMakeFiles/__idf_soc.dir/esp32s3/pcnt_periph.c.obj
[561/1052] Building C object esp-idf/hal/CMakeFiles/__idf_hal.dir/spi_slave_hal_iram.c.obj
[425/1052] Building C object esp-idf/esp_hw_support/CMakeFiles/__idf_esp_hw_support.dir/dma/esp_dma_utils.c.obj
[470/1052] Building C object esp-idf/soc/CMakeFiles/__idf_soc.dir/esp32s3/dedic_gpio_periph.c.obj
[562/1052] Building C object esp-idf/hal/CMakeFiles/__idf_hal.dir/adc_oneshot_hal.c.obj
[426/1052] Building C object esp-idf/esp_hw_support/CMakeFiles/__idf_esp_hw_support.dir/port/esp32s3/io_mux.c.obj
[471/1052] Building C object esp-idf/soc/CMakeFiles/__idf_soc.dir/esp32s3/sdm_periph.c.obj
[427/1052] Building C object esp-idf/esp_hw_support/CMakeFiles/__idf_esp_hw_support.dir/port/esp32s3/esp_clk_tree.c.obj
[563/1052] Building C object esp-idf/hal/CMakeFiles/__idf_hal.dir/mpi_hal.c.obj
[578/1046] Building C object esp-idf/hal/CMakeFiles/__idf_hal.dir/xt_wdt_hal.c.obj
[564/1052] Building C object esp-idf/hal/CMakeFiles/__idf_hal.dir/sha_hal.c.obj
[472/1052] Building C object esp-idf/esp_hw_support/CMakeFiles/__idf_esp_hw_support.dir/port/esp32s3/rtc_init.c.obj
[579/1046] Linking C static library esp-idf/esp_hw_support/libesp_hw_support.a
[777/1045] Building C object esp-idf/mbedtls/mbedtls/library/CMakeFiles/mbedcrypto.dir/psa_crypto_pake.c.obj
[473/1052] Building C object esp-idf/soc/CMakeFiles/__idf_soc.dir/esp32s3/temperature_sensor_periph.c.obj
[565/1052] Building C object esp-idf/hal/CMakeFiles/__idf_hal.dir/cam_hal.c.obj
[580/1046] Building C object esp-idf/hal/CMakeFiles/__idf_hal.dir/touch_sens_hal.c.obj
[474/1052] Building C object esp-idf/soc/CMakeFiles/__idf_soc.dir/esp32s3/rmt_periph.c.obj
[778/1045] Building C object esp-idf/mbedtls/mbedtls/library/CMakeFiles/mbedcrypto.dir/ripemd160.c.obj
[581/1046] Building ASM object esp-idf/esp_rom/CMakeFiles/__idf_esp_rom.dir/patches/esp_rom_longjmp.S.obj
[566/1052] Building C object esp-idf/hal/CMakeFiles/__idf_hal.dir/usb_serial_jtag_hal.c.obj
[475/1052] Building C object esp-idf/esp_hw_support/CMakeFiles/__idf_esp_hw_support.dir/port/esp32s3/rtc_clk.c.obj
[567/1052] Building C object esp-idf/hal/CMakeFiles/__idf_hal.dir/hmac_hal.c.obj
[779/1045] Building C object esp-idf/mbedtls/mbedtls/library/CMakeFiles/mbedcrypto.dir/psa_crypto_cipher.c.obj
[476/1052] Building C object esp-idf/esp_hw_support/CMakeFiles/__idf_esp_hw_support.dir/mspi_timing_tuning/port/esp32s3/mspi_timing_by_mspi_delay.c.obj
[477/1052] Building C object esp-idf/soc/CMakeFiles/__idf_soc.dir/esp32s3/i2c_periph.c.obj
[568/1052] Building C object esp-idf/hal/CMakeFiles/__idf_hal.dir/spi_slave_hal.c.obj
[428/1052] Building CXX object esp-idf/nvs_flash/CMakeFiles/__idf_nvs_flash.dir/src/nvs_partition_manager.cpp.obj
[478/1052] Building C object esp-idf/esp_hw_support/CMakeFiles/__idf_esp_hw_support.dir/lowpower/port/esp32s3/sleep_cpu.c.obj
[582/1046] Building C object esp-idf/esp_rom/CMakeFiles/__idf_esp_rom.dir/patches/esp_rom_wdt.c.obj
[479/1052] Building C object esp-idf/soc/CMakeFiles/__idf_soc.dir/esp32s3/timer_periph.c.obj
[429/1052] Building C object esp-idf/freertos/CMakeFiles/__idf_freertos.dir/FreeRTOS-Kernel/tasks.c.obj
[480/1052] Building C object esp-idf/soc/CMakeFiles/__idf_soc.dir/esp32s3/mcpwm_periph.c.obj
[583/1046] Building C object esp-idf/heap/CMakeFiles/__idf_heap.dir/tlsf/tlsf.c.obj
[481/1052] Building C object esp-idf/soc/CMakeFiles/__idf_soc.dir/esp32s3/i2s_periph.c.obj
[584/1046] Building C object esp-idf/hal/CMakeFiles/__idf_hal.dir/temperature_sensor_hal.c.obj
[569/1052] Building C object esp-idf/hal/CMakeFiles/__idf_hal.dir/spi_slave_hd_hal.c.obj
[482/1052] Building C object esp-idf/soc/CMakeFiles/__idf_soc.dir/esp32s3/lcd_periph.c.obj
[585/1046] Building C object esp-idf/esp_rom/CMakeFiles/__idf_esp_rom.dir/patches/esp_rom_spiflash.c.obj
[483/1052] Building C object esp-idf/soc/CMakeFiles/__idf_soc.dir/esp32s3/touch_sensor_periph.c.obj
[570/1052] Building C object esp-idf/hal/CMakeFiles/__idf_hal.dir/ds_hal.c.obj
[586/1046] Building C object esp-idf/esp_rom/CMakeFiles/__idf_esp_rom.dir/patches/esp_rom_efuse.c.obj
[484/1052] Building C object esp-idf/soc/CMakeFiles/__idf_soc.dir/esp32s3/twai_periph.c.obj
[485/1052] Building C object esp-idf/soc/CMakeFiles/__idf_soc.dir/esp32s3/cam_periph.c.obj
[780/1045] Building C object esp-idf/mbedtls/mbedtls/library/CMakeFiles/mbedcrypto.dir/threading.c.obj
[486/1052] Building C object esp-idf/soc/CMakeFiles/__idf_soc.dir/esp32s3/mpi_periph.c.obj
[571/1052] Building C object esp-idf/hal/CMakeFiles/__idf_hal.dir/spi_hal.c.obj
[587/1046] Building C object esp-idf/esp_rom/CMakeFiles/__idf_esp_rom.dir/patches/esp_rom_gpio.c.obj
[487/1052] Building C object esp-idf/soc/CMakeFiles/__idf_soc.dir/esp32s3/sdmmc_periph.c.obj
[430/1052] Building C object esp-idf/esp_hw_support/CMakeFiles/__idf_esp_hw_support.dir/sleep_usb.c.obj
[588/1046] Building C object esp-idf/esp_rom/CMakeFiles/__idf_esp_rom.dir/patches/esp_rom_cache_esp32s2_esp32s3.c.obj
[488/1052] Building C object esp-idf/soc/CMakeFiles/__idf_soc.dir/esp32s3/usb_dwc_periph.c.obj
[489/1052] Building C object esp-idf/soc/CMakeFiles/__idf_soc.dir/esp32s3/power_supply_periph.c.obj
[589/1046] Building ASM object esp-idf/esp_rom/CMakeFiles/__idf_esp_rom.dir/patches/esp_rom_cache_writeback_esp32s3.S.obj
[781/1045] Building C object esp-idf/mbedtls/mbedtls/library/CMakeFiles/mbedcrypto.dir/psa_crypto_hash.c.obj
[572/1052] Building C object esp-idf/esp_rom/CMakeFiles/__idf_esp_rom.dir/patches/esp_rom_sys.c.obj
[590/1046] Building C object esp-idf/hal/CMakeFiles/__idf_hal.dir/spi_slave_hd_hal.c.obj
[591/1046] Building C object esp-idf/hal/CMakeFiles/__idf_hal.dir/esp32s3/touch_sensor_hal.c.obj
[592/1046] Building C object esp-idf/esp_rom/CMakeFiles/__idf_esp_rom.dir/patches/esp_rom_print.c.obj
[593/1046] Building C object esp-idf/esp_rom/CMakeFiles/__idf_esp_rom.dir/patches/esp_rom_serial_output.c.obj
[594/1046] Building C object esp-idf/esp_rom/CMakeFiles/__idf_esp_rom.dir/patches/esp_rom_systimer.c.obj
[595/1046] Linking C static library esp-idf/soc/libsoc.a
[490/1052] Building C object esp-idf/soc/CMakeFiles/__idf_soc.dir/esp32s3/wdt_periph.c.obj
[491/1052] Building C object esp-idf/soc/CMakeFiles/__idf_soc.dir/esp32s3/rtc_io_periph.c.obj
[573/1052] Building C object esp-idf/hal/CMakeFiles/__idf_hal.dir/spi_flash_hal_gpspi.c.obj
[782/1045] Building C object esp-idf/mbedtls/mbedtls/library/CMakeFiles/mbedcrypto.dir/psa_util.c.obj
[574/1052] Building C object esp-idf/esp_rom/CMakeFiles/__idf_esp_rom.dir/patches/esp_rom_crc.c.obj
[575/1052] Building C object esp-idf/hal/CMakeFiles/__idf_hal.dir/touch_sens_hal.c.obj
[492/1052] Building C object esp-idf/heap/CMakeFiles/__idf_heap.dir/port/memory_layout_utils.c.obj
[596/1046] Building C object esp-idf/esp_system/CMakeFiles/__idf_esp_system.dir/esp_system_console.c.obj
[783/1045] Building C object esp-idf/mbedtls/mbedtls/library/CMakeFiles/mbedcrypto.dir/sha1.c.obj
[431/1052] Building CXX object esp-idf/nvs_flash/CMakeFiles/__idf_nvs_flash.dir/src/nvs_storage.cpp.obj
[576/1052] Building ASM object esp-idf/esp_rom/CMakeFiles/__idf_esp_rom.dir/patches/esp_rom_longjmp.S.obj
[784/1045] Building C object esp-idf/mbedtls/mbedtls/library/CMakeFiles/mbedcrypto.dir/pkparse.c.obj
[577/1052] Building C object esp-idf/hal/CMakeFiles/__idf_hal.dir/usb_wrap_hal.c.obj
[432/1052] Building C object esp-idf/esp_hw_support/CMakeFiles/__idf_esp_hw_support.dir/clk_utils.c.obj
[493/1052] Building C object esp-idf/log/CMakeFiles/__idf_log.dir/src/os/util.c.obj
[578/1052] Building C object esp-idf/hal/CMakeFiles/__idf_hal.dir/temperature_sensor_hal.c.obj
[785/1045] Building C object esp-idf/mbedtls/mbedtls/library/CMakeFiles/mbedcrypto.dir/psa_crypto_ecp.c.obj
[597/1046] Building C object esp-idf/esp_system/CMakeFiles/__idf_esp_system.dir/stack_check.c.obj
[579/1052] Building C object esp-idf/esp_rom/CMakeFiles/__idf_esp_rom.dir/patches/esp_rom_gpio.c.obj
[433/1052] Building C object esp-idf/esp_hw_support/CMakeFiles/__idf_esp_hw_support.dir/intr_alloc.c.obj
[786/1045] Building C object esp-idf/mbedtls/mbedtls/library/CMakeFiles/mbedcrypto.dir/psa_crypto_mac.c.obj
[598/1046] Linking C static library esp-idf/heap/libheap.a
[787/1045] Building C object esp-idf/mbedtls/mbedtls/library/CMakeFiles/mbedcrypto.dir/rsa_alt_helpers.c.obj
[580/1052] Building C object esp-idf/esp_rom/CMakeFiles/__idf_esp_rom.dir/patches/esp_rom_efuse.c.obj
[494/1052] Building C object esp-idf/log/CMakeFiles/__idf_log.dir/src/util.c.obj
[788/1045] Building C object esp-idf/mbedtls/mbedtls/library/CMakeFiles/mbedcrypto.dir/timing.c.obj
[789/1045] Building C object esp-idf/mbedtls/mbedtls/library/CMakeFiles/mbedcrypto.dir/psa_crypto_rsa.c.obj
[581/1052] Building C object esp-idf/esp_rom/CMakeFiles/__idf_esp_rom.dir/patches/esp_rom_wdt.c.obj
[434/1052] Building C object esp-idf/esp_hw_support/CMakeFiles/__idf_esp_hw_support.dir/port/esp_clk_tree_common.c.obj
[790/1045] Building C object esp-idf/mbedtls/mbedtls/library/CMakeFiles/mbedcrypto.dir/sha256.c.obj
[435/1052] Building CXX object esp-idf/nvs_flash/CMakeFiles/__idf_nvs_flash.dir/src/nvs_api.cpp.obj
[791/1045] Building C object esp-idf/mbedtls/mbedtls/library/CMakeFiles/mbedcrypto.dir/version_features.c.obj
[436/1052] Building C object esp-idf/esp_hw_support/CMakeFiles/__idf_esp_hw_support.dir/spi_bus_lock.c.obj
[582/1052] Building C object esp-idf/esp_rom/CMakeFiles/__idf_esp_rom.dir/patches/esp_rom_systimer.c.obj
[495/1052] Building C object esp-idf/log/CMakeFiles/__idf_log.dir/src/buffer/log_buffers.c.obj
[437/1052] Building C object esp-idf/esp_hw_support/CMakeFiles/__idf_esp_hw_support.dir/dma/esp_async_memcpy.c.obj
[792/1045] Building C object esp-idf/mbedtls/mbedtls/library/CMakeFiles/mbedcrypto.dir/version.c.obj
[583/1052] Building C object esp-idf/hal/CMakeFiles/__idf_hal.dir/xt_wdt_hal.c.obj
[584/1052] Building C object esp-idf/hal/CMakeFiles/__idf_hal.dir/touch_sensor_hal.c.obj
[496/1052] Building C object esp-idf/log/CMakeFiles/__idf_log.dir/src/log_format_text.c.obj
[585/1052] Building C object esp-idf/esp_rom/CMakeFiles/__idf_esp_rom.dir/patches/esp_rom_print.c.obj
[793/1045] Building C object 'esp-idf/mbedtls/mbedtls/library/CMakeFiles/mbedcrypto.dir/home/tikhon/Документы/magnolia/esp-idf/components/mbedtls/port/esp_mem.c.obj'
[438/1052] Building C object esp-idf/esp_hw_support/CMakeFiles/__idf_esp_hw_support.dir/sleep_modem.c.obj
[497/1052] Building C object esp-idf/heap/CMakeFiles/__idf_heap.dir/heap_caps_init.c.obj
[586/1052] Building ASM object esp-idf/esp_rom/CMakeFiles/__idf_esp_rom.dir/patches/esp_rom_cache_writeback_esp32s3.S.obj
[587/1052] Building C object esp-idf/esp_rom/CMakeFiles/__idf_esp_rom.dir/patches/esp_rom_spiflash.c.obj
[599/1046] Building C object esp-idf/esp_system/CMakeFiles/__idf_esp_system.dir/crosscore_int.c.obj
[498/1052] Building C object esp-idf/heap/CMakeFiles/__idf_heap.dir/port/esp32s3/memory_layout.c.obj
[588/1052] Building C object esp-idf/hal/CMakeFiles/__idf_hal.dir/i2s_hal.c.obj
[439/1052] Building C object esp-idf/esp_hw_support/CMakeFiles/__idf_esp_hw_support.dir/port/esp32s3/systimer.c.obj
[794/1045] Building C object 'esp-idf/mbedtls/mbedtls/library/CMakeFiles/mbedcrypto.dir/home/tikhon/Документы/magnolia/esp-idf/components/mbedtls/port/esp_hardware.c.obj'
[440/1052] Building C object esp-idf/esp_hw_support/CMakeFiles/__idf_esp_hw_support.dir/dma/gdma_link.c.obj
[499/1052] Building CXX object esp-idf/nvs_flash/CMakeFiles/__idf_nvs_flash.dir/src/nvs_api.cpp.obj
[589/1052] Building C object esp-idf/esp_rom/CMakeFiles/__idf_esp_rom.dir/patches/esp_rom_serial_output.c.obj
[500/1052] Building C object esp-idf/log/CMakeFiles/__idf_log.dir/src/log_print.c.obj
[600/1046] Building C object esp-idf/esp_system/CMakeFiles/__idf_esp_system.dir/ubsan.c.obj
[795/1045] Building C object esp-idf/mbedtls/mbedtls/library/CMakeFiles/mbedcrypto.dir/sha512.c.obj
[501/1052] Building C object esp-idf/freertos/CMakeFiles/__idf_freertos.dir/FreeRTOS-Kernel/tasks.c.obj
[502/1052] Building C object esp-idf/log/CMakeFiles/__idf_log.dir/src/log_timestamp_common.c.obj
[441/1052] Building C object esp-idf/esp_hw_support/CMakeFiles/__idf_esp_hw_support.dir/sleep_console.c.obj
[601/1046] Building C object esp-idf/esp_system/CMakeFiles/__idf_esp_system.dir/esp_err.c.obj
[503/1052] Building C object esp-idf/log/CMakeFiles/__idf_log.dir/src/log.c.obj
[796/1045] Building C object esp-idf/mbedtls/mbedtls/library/CMakeFiles/mbedcrypto.dir/psa_crypto_slot_management.c.obj
[797/1045] Building C object esp-idf/mbedtls/mbedtls/library/CMakeFiles/mbedcrypto.dir/psa_crypto_storage.c.obj
[602/1046] Building C object esp-idf/esp_system/CMakeFiles/__idf_esp_system.dir/startup.c.obj
[504/1052] Building C object esp-idf/log/CMakeFiles/__idf_log.dir/src/os/log_timestamp.c.obj
[603/1046] Linking C static library esp-idf/log/liblog.a
[798/1045] Building C object 'esp-idf/mbedtls/mbedtls/library/CMakeFiles/mbedcrypto.dir/home/tikhon/Документы/magnolia/esp-idf/components/mbedtls/port/esp_timing.c.obj'
[604/1046] Building C object esp-idf/hal/CMakeFiles/__idf_hal.dir/usb_dwc_hal.c.obj
[442/1052] Building C object esp-idf/esp_hw_support/CMakeFiles/__idf_esp_hw_support.dir/adc_share_hw_ctrl.c.obj
[605/1046] Building C object esp-idf/esp_system/CMakeFiles/__idf_esp_system.dir/freertos_hooks.c.obj
[505/1052] Building C object esp-idf/log/CMakeFiles/__idf_log.dir/src/os/log_lock.c.obj
[799/1045] Building C object 'esp-idf/mbedtls/mbedtls/library/CMakeFiles/mbedcrypto.dir/home/tikhon/Документы/magnolia/esp-idf/components/mbedtls/port/sha/core/esp_sha_gdma_impl.c.obj'
[590/1052] Building C object esp-idf/esp_hw_support/CMakeFiles/__idf_esp_hw_support.dir/port/esp32s3/esp_memprot.c.obj
[443/1052] Building CXX object esp-idf/nvs_flash/CMakeFiles/__idf_nvs_flash.dir/src/nvs_cxx_api.cpp.obj
[506/1052] Building C object esp-idf/heap/CMakeFiles/__idf_heap.dir/heap_caps_base.c.obj
[591/1052] Building C object esp-idf/esp_system/CMakeFiles/__idf_esp_system.dir/esp_err.c.obj
[592/1052] Building C object esp-idf/esp_system/CMakeFiles/__idf_esp_system.dir/esp_system_console.c.obj
[593/1052] Building C object esp-idf/hal/CMakeFiles/__idf_hal.dir/esp32s3/rtc_cntl_hal.c.obj
[606/1046] Building C object esp-idf/esp_system/CMakeFiles/__idf_esp_system.dir/system_time.c.obj
[607/1046] Building C object esp-idf/hal/CMakeFiles/__idf_hal.dir/spi_hal_iram.c.obj
[507/1052] Building C object esp-idf/log/CMakeFiles/__idf_log.dir/src/log_level/log_level.c.obj
[800/1045] Building C object 'esp-idf/mbedtls/mbedtls/library/CMakeFiles/mbedcrypto.dir/home/tikhon/Документы/magnolia/esp-idf/components/mbedtls/port/aes/dma/esp_aes_gdma_impl.c.obj'
[508/1052] Building C object esp-idf/heap/CMakeFiles/__idf_heap.dir/multi_heap.c.obj
[801/1045] Building C object 'esp-idf/mbedtls/mbedtls/library/CMakeFiles/mbedcrypto.dir/home/tikhon/Документы/magnolia/esp-idf/components/mbedtls/port/aes/esp_aes_xts.c.obj'
[608/1046] Building C object esp-idf/esp_system/CMakeFiles/__idf_esp_system.dir/port/arch/xtensa/esp_ipc_isr_port.c.obj
[509/1052] Building C object esp-idf/log/CMakeFiles/__idf_log.dir/src/os/log_write.c.obj
[594/1052] Building C object esp-idf/esp_rom/CMakeFiles/__idf_esp_rom.dir/patches/esp_rom_cache_esp32s2_esp32s3.c.obj
[510/1052] Building C object esp-idf/log/CMakeFiles/__idf_log.dir/src/log_level/tag_log_level/tag_log_level.c.obj
[444/1052] Building CXX object esp-idf/nvs_flash/CMakeFiles/__idf_nvs_flash.dir/src/nvs_pagemanager.cpp.obj
[511/1052] Linking C static library esp-idf/nvs_flash/libnvs_flash.a
[802/1045] Building C object esp-idf/mbedtls/mbedtls/library/CMakeFiles/mbedcrypto.dir/ecp.c.obj
[595/1052] Building C object esp-idf/hal/CMakeFiles/__idf_hal.dir/spi_hal_iram.c.obj
[445/1052] Building C object esp-idf/esp_hw_support/CMakeFiles/__idf_esp_hw_support.dir/dma/async_memcpy_gdma.c.obj
[803/1045] Building C object 'esp-idf/mbedtls/mbedtls/library/CMakeFiles/mbedcrypto.dir/home/tikhon/Документы/magnolia/esp-idf/components/mbedtls/port/esp_ds/esp_rsa_dec_alt.c.obj'
[512/1052] Building C object esp-idf/hal/CMakeFiles/__idf_hal.dir/color_hal.c.obj
[596/1052] Building C object esp-idf/hal/CMakeFiles/__idf_hal.dir/esp32s3/touch_sensor_hal.c.obj
[804/1045] Building C object 'esp-idf/mbedtls/mbedtls/library/CMakeFiles/mbedcrypto.dir/home/tikhon/Документы/magnolia/esp-idf/components/mbedtls/port/aes/esp_aes_common.c.obj'
[446/1052] Building C object esp-idf/esp_hw_support/CMakeFiles/__idf_esp_hw_support.dir/spi_share_hw_ctrl.c.obj
[597/1052] Building C object esp-idf/esp_system/CMakeFiles/__idf_esp_system.dir/stack_check.c.obj
[609/1046] Building C object esp-idf/esp_system/CMakeFiles/__idf_esp_system.dir/esp_system.c.obj
[513/1052] Building C object esp-idf/log/CMakeFiles/__idf_log.dir/src/log_level/tag_log_level/cache/log_binary_heap.c.obj
[447/1052] Building C object esp-idf/esp_hw_support/CMakeFiles/__idf_esp_hw_support.dir/sleep_event.c.obj
[598/1052] Building C object esp-idf/esp_system/CMakeFiles/__idf_esp_system.dir/int_wdt.c.obj
[448/1052] Building C object esp-idf/esp_hw_support/CMakeFiles/__idf_esp_hw_support.dir/mspi_timing_tuning/mspi_timing_tuning.c.obj
[610/1046] Building C object esp-idf/esp_system/CMakeFiles/__idf_esp_system.dir/port/esp_system_chip.c.obj
[514/1052] Building C object esp-idf/log/CMakeFiles/__idf_log.dir/src/log_level/tag_log_level/linked_list/log_linked_list.c.obj
[611/1046] Building ASM object esp-idf/esp_system/CMakeFiles/__idf_esp_system.dir/port/arch/xtensa/esp_ipc_isr_handler.S.obj
[515/1052] Building C object esp-idf/hal/CMakeFiles/__idf_hal.dir/hal_utils.c.obj
[612/1046] Building C object esp-idf/esp_system/CMakeFiles/__idf_esp_system.dir/esp_ipc.c.obj
[599/1052] Building C object esp-idf/esp_system/CMakeFiles/__idf_esp_system.dir/crosscore_int.c.obj
[613/1046] Building ASM object esp-idf/esp_system/CMakeFiles/__idf_esp_system.dir/port/arch/xtensa/esp_ipc_isr_routines.S.obj
[600/1052] Building C object esp-idf/esp_system/CMakeFiles/__idf_esp_system.dir/esp_ipc.c.obj
[614/1046] Building C object esp-idf/esp_system/CMakeFiles/__idf_esp_system.dir/int_wdt.c.obj
[516/1052] Linking C static library esp-idf/esp_event/libesp_event.a
[615/1046] Building C object esp-idf/esp_system/CMakeFiles/__idf_esp_system.dir/xt_wdt.c.obj
[517/1052] Building C object esp-idf/hal/CMakeFiles/__idf_hal.dir/mpu_hal.c.obj
[805/1045] Building C object 'esp-idf/mbedtls/mbedtls/library/CMakeFiles/mbedcrypto.dir/home/tikhon/Документы/magnolia/esp-idf/components/mbedtls/port/sha/core/esp_sha256.c.obj'
[616/1046] Building C object esp-idf/esp_common/CMakeFiles/__idf_esp_common.dir/src/esp_err_to_name.c.obj
[601/1052] Building C object esp-idf/esp_system/CMakeFiles/__idf_esp_system.dir/startup.c.obj
[518/1052] Building C object esp-idf/hal/CMakeFiles/__idf_hal.dir/efuse_hal.c.obj
[617/1046] Building C object esp-idf/esp_system/CMakeFiles/__idf_esp_system.dir/startup_funcs.c.obj
[806/1045] Building C object 'esp-idf/mbedtls/mbedtls/library/CMakeFiles/mbedcrypto.dir/home/tikhon/Документы/magnolia/esp-idf/components/mbedtls/port/crypto_shared_gdma/esp_crypto_shared_gdma.c.obj'
[602/1052] Building C object esp-idf/esp_system/CMakeFiles/__idf_esp_system.dir/esp_system.c.obj
[519/1052] Building C object esp-idf/esp_hw_support/CMakeFiles/__idf_esp_hw_support.dir/dma/gdma.c.obj
[603/1052] Building C object esp-idf/esp_system/CMakeFiles/__idf_esp_system.dir/ubsan.c.obj
[807/1045] Building C object 'esp-idf/mbedtls/mbedtls/library/CMakeFiles/mbedcrypto.dir/home/tikhon/Документы/magnolia/esp-idf/components/mbedtls/port/sha/esp_sha.c.obj'
[604/1052] Linking C static library esp-idf/esp_hw_support/libesp_hw_support.a
[618/1046] Building ASM object esp-idf/esp_system/CMakeFiles/__idf_esp_system.dir/port/arch/xtensa/expression_with_stack_asm.S.obj
[619/1046] Building ASM object esp-idf/esp_system/CMakeFiles/__idf_esp_system.dir/port/arch/xtensa/panic_handler_asm.S.obj
[449/1052] Building C object esp-idf/esp_hw_support/CMakeFiles/__idf_esp_hw_support.dir/sleep_wake_stub.c.obj
[808/1045] Building C object esp-idf/mbedtls/mbedtls/library/CMakeFiles/mbedcrypto.dir/sha3.c.obj
[809/1045] Building C object 'esp-idf/mbedtls/mbedtls/library/CMakeFiles/mbedcrypto.dir/home/tikhon/Документы/magnolia/esp-idf/components/mbedtls/port/bignum/bignum_alt.c.obj'
[620/1046] Building ASM object esp-idf/esp_system/CMakeFiles/__idf_esp_system.dir/port/arch/xtensa/debug_helpers_asm.S.obj
[520/1052] Building C object esp-idf/hal/CMakeFiles/__idf_hal.dir/esp32s3/efuse_hal.c.obj
[450/1052] Building C object esp-idf/esp_hw_support/CMakeFiles/__idf_esp_hw_support.dir/port/esp32s3/rtc_clk_init.c.obj
[521/1052] Linking C static library esp-idf/esp_driver_uart/libesp_driver_uart.a
[451/1052] Building C object esp-idf/esp_hw_support/CMakeFiles/__idf_esp_hw_support.dir/port/esp32s3/rtc_time.c.obj
[810/1045] Building C object 'esp-idf/mbedtls/mbedtls/library/CMakeFiles/mbedcrypto.dir/home/tikhon/Документы/magnolia/esp-idf/components/mbedtls/port/md/esp_md.c.obj'
[621/1046] Building C object esp-idf/esp_system/CMakeFiles/__idf_esp_system.dir/port/image_process.c.obj
[522/1052] Building C object esp-idf/hal/CMakeFiles/__idf_hal.dir/spi_flash_encrypt_hal_iram.c.obj
[452/1052] Building C object esp-idf/esp_hw_support/CMakeFiles/__idf_esp_hw_support.dir/usb_phy/usb_phy.c.obj
[605/1052] Building C object esp-idf/hal/CMakeFiles/__idf_hal.dir/usb_dwc_hal.c.obj
[453/1052] Building C object esp-idf/esp_hw_support/CMakeFiles/__idf_esp_hw_support.dir/port/esp32s3/chip_info.c.obj
[454/1052] Building C object esp-idf/esp_hw_support/CMakeFiles/__idf_esp_hw_support.dir/sleep_gpio.c.obj
[606/1052] Building C object esp-idf/esp_system/CMakeFiles/__idf_esp_system.dir/freertos_hooks.c.obj
[455/1052] Building C object esp-idf/esp_hw_support/CMakeFiles/__idf_esp_hw_support.dir/port/esp_memprot_conv.c.obj
[622/1046] Building C object esp-idf/esp_system/CMakeFiles/__idf_esp_system.dir/panic.c.obj
[623/1046] Linking C static library esp-idf/hal/libhal.a
[607/1052] Building C object esp-idf/esp_system/CMakeFiles/__idf_esp_system.dir/system_time.c.obj
[456/1052] Building C object esp-idf/soc/CMakeFiles/__idf_soc.dir/lldesc.c.obj
[811/1045] Building C object 'esp-idf/mbedtls/mbedtls/library/CMakeFiles/mbedcrypto.dir/home/tikhon/Документы/magnolia/esp-idf/components/mbedtls/port/sha/core/esp_sha1.c.obj'
[812/1045] Linking CXX static library esp-idf/mbedtls/mbedtls/library/libmbedx509.a
[624/1046] Building C object esp-idf/esp_system/CMakeFiles/__idf_esp_system.dir/port/arch/xtensa/panic_arch.c.obj
[608/1052] Linking C static library esp-idf/soc/libsoc.a
[813/1045] Building C object esp-idf/mbedtls/mbedtls/3rdparty/p256-m/CMakeFiles/p256m.dir/p256-m_driver_entrypoints.c.obj
[523/1052] Building C object esp-idf/hal/CMakeFiles/__idf_hal.dir/spi_flash_hal_iram.c.obj
[524/1052] Linking C static library esp-idf/esp_ringbuf/libesp_ringbuf.a
[625/1046] Building C object esp-idf/esp_system/CMakeFiles/__idf_esp_system.dir/port/arch/xtensa/debug_stubs.c.obj
[814/1045] Building C object 'esp-idf/mbedtls/mbedtls/library/CMakeFiles/mbedcrypto.dir/home/tikhon/Документы/magnolia/esp-idf/components/mbedtls/port/esp_ds/esp_ds_common.c.obj'
[609/1052] Building C object esp-idf/heap/CMakeFiles/__idf_heap.dir/tlsf/tlsf.c.obj
[815/1045] Building C object 'esp-idf/mbedtls/mbedtls/library/CMakeFiles/mbedcrypto.dir/home/tikhon/Документы/magnolia/esp-idf/components/mbedtls/port/aes/dma/esp_aes_dma_core.c.obj'
[457/1052] Building C object esp-idf/esp_hw_support/CMakeFiles/__idf_esp_hw_support.dir/port/esp32s3/sar_periph_ctrl.c.obj
[626/1046] Building C object esp-idf/esp_system/CMakeFiles/__idf_esp_system.dir/port/arch/xtensa/debug_helpers.c.obj
[610/1052] Building C object esp-idf/esp_common/CMakeFiles/__idf_esp_common.dir/src/esp_err_to_name.c.obj
[525/1052] Building C object esp-idf/hal/CMakeFiles/__idf_hal.dir/mmu_hal.c.obj
[611/1052] Building ASM object esp-idf/esp_system/CMakeFiles/__idf_esp_system.dir/port/arch/xtensa/esp_ipc_isr_routines.S.obj
[627/1046] Building ASM object esp-idf/esp_system/CMakeFiles/__idf_esp_system.dir/port/soc/esp32s3/highint_hdl.S.obj
[458/1052] Building C object esp-idf/esp_hw_support/CMakeFiles/__idf_esp_hw_support.dir/port/esp32s3/rtc_sleep.c.obj
[628/1046] Building C object esp-idf/esp_system/CMakeFiles/__idf_esp_system.dir/port/panic_handler.c.obj
[526/1052] Building C object esp-idf/hal/CMakeFiles/__idf_hal.dir/uart_hal_iram.c.obj
[629/1046] Building C object esp-idf/esp_system/CMakeFiles/__idf_esp_system.dir/task_wdt/task_wdt_impl_timergroup.c.obj
[459/1052] Building C object esp-idf/esp_hw_support/CMakeFiles/__idf_esp_hw_support.dir/mspi_timing_tuning/port/esp32s3/mspi_timing_config.c.obj
[612/1052] Building ASM object esp-idf/esp_system/CMakeFiles/__idf_esp_system.dir/port/arch/xtensa/esp_ipc_isr_handler.S.obj
[630/1046] Building C object esp-idf/esp_system/CMakeFiles/__idf_esp_system.dir/port/esp_ipc_isr.c.obj
[631/1046] Building C object esp-idf/esp_system/CMakeFiles/__idf_esp_system.dir/port/soc/esp32s3/clk.c.obj
[460/1052] Building C object esp-idf/soc/CMakeFiles/__idf_soc.dir/esp32s3/gpio_periph.c.obj
[461/1052] Building C object esp-idf/soc/CMakeFiles/__idf_soc.dir/esp32s3/adc_periph.c.obj
[527/1052] Building C object esp-idf/heap/CMakeFiles/__idf_heap.dir/heap_caps.c.obj
[462/1052] Building C object esp-idf/esp_hw_support/CMakeFiles/__idf_esp_hw_support.dir/esp_clock_output.c.obj
[816/1045] Building C object 'esp-idf/mbedtls/mbedtls/library/CMakeFiles/mbedcrypto.dir/home/tikhon/Документы/magnolia/esp-idf/components/mbedtls/port/sha/core/sha.c.obj'
[817/1045] Building C object esp-idf/mbedtls/mbedtls/3rdparty/everest/CMakeFiles/everest.dir/library/x25519.c.obj
[463/1052] Building C object esp-idf/soc/CMakeFiles/__idf_soc.dir/esp32s3/interrupts.c.obj
[464/1052] Building C object esp-idf/soc/CMakeFiles/__idf_soc.dir/esp32s3/dedic_gpio_periph.c.obj
[613/1052] Building C object esp-idf/esp_system/CMakeFiles/__idf_esp_system.dir/port/arch/xtensa/esp_ipc_isr_port.c.obj
[632/1046] Building C object esp-idf/spi_flash/CMakeFiles/__idf_spi_flash.dir/flash_brownout_hook.c.obj
[528/1052] Building C object esp-idf/hal/CMakeFiles/__idf_hal.dir/cache_hal.c.obj
[818/1045] Building C object esp-idf/mbedtls/mbedtls/3rdparty/p256-m/CMakeFiles/p256m.dir/p256-m/p256-m.c.obj
[819/1045] Building C object esp-idf/mbedtls/mbedtls/3rdparty/everest/CMakeFiles/everest.dir/library/Hacl_Curve25519_joined.c.obj
[820/1045] Building C object 'esp-idf/mbedtls/mbedtls/library/CMakeFiles/mbedcrypto.dir/home/tikhon/Документы/magnolia/esp-idf/components/mbedtls/port/sha/core/esp_sha512.c.obj'
[614/1052] Building C object esp-idf/esp_system/CMakeFiles/__idf_esp_system.dir/startup_funcs.c.obj
[529/1052] Building C object esp-idf/hal/CMakeFiles/__idf_hal.dir/gpio_hal.c.obj
[633/1046] Linking C static library esp-idf/esp_rom/libesp_rom.a
[465/1052] Building C object esp-idf/soc/CMakeFiles/__idf_soc.dir/dport_access_common.c.obj
[821/1045] Building C object esp-idf/mbedtls/mbedtls/3rdparty/everest/CMakeFiles/everest.dir/library/everest.c.obj
[634/1046] Building C object esp-idf/esp_system/CMakeFiles/__idf_esp_system.dir/port/arch/xtensa/trax.c.obj
[615/1052] Building ASM object esp-idf/esp_system/CMakeFiles/__idf_esp_system.dir/port/arch/xtensa/panic_handler_asm.S.obj
[466/1052] Building C object esp-idf/soc/CMakeFiles/__idf_soc.dir/esp32s3/gdma_periph.c.obj
[467/1052] Building C object esp-idf/soc/CMakeFiles/__idf_soc.dir/esp32s3/pcnt_periph.c.obj
[530/1052] Building C object esp-idf/hal/CMakeFiles/__idf_hal.dir/systimer_hal.c.obj
[468/1052] Building C object esp-idf/esp_hw_support/CMakeFiles/__idf_esp_hw_support.dir/power_supply/brownout.c.obj
[635/1046] Building C object esp-idf/spi_flash/CMakeFiles/__idf_spi_flash.dir/spi_flash_chip_issi.c.obj
[616/1052] Linking C static library esp-idf/heap/libheap.a
[531/1052] Linking C static library esp-idf/esp_driver_gptimer/libesp_driver_gptimer.a
[532/1052] Building C object esp-idf/hal/CMakeFiles/__idf_hal.dir/esp32s3/clk_tree_hal.c.obj
[533/1052] Building C object esp-idf/esp_hw_support/CMakeFiles/__idf_esp_hw_support.dir/sleep_modes.c.obj
[617/1052] Building ASM object esp-idf/esp_system/CMakeFiles/__idf_esp_system.dir/port/arch/xtensa/expression_with_stack_asm.S.obj
[636/1046] Building C object esp-idf/esp_system/CMakeFiles/__idf_esp_system.dir/port/soc/esp32s3/reset_reason.c.obj
[822/1045] Building C object 'esp-idf/mbedtls/mbedtls/library/CMakeFiles/mbedcrypto.dir/home/tikhon/Документы/magnolia/esp-idf/components/mbedtls/port/aes/dma/esp_aes.c.obj'
[469/1052] Building C object esp-idf/soc/CMakeFiles/__idf_soc.dir/esp32s3/rmt_periph.c.obj
[534/1052] Building C object esp-idf/hal/CMakeFiles/__idf_hal.dir/ledc_hal.c.obj
[618/1052] Building ASM object esp-idf/esp_system/CMakeFiles/__idf_esp_system.dir/port/arch/xtensa/debug_helpers_asm.S.obj
[470/1052] Building C object esp-idf/soc/CMakeFiles/__idf_soc.dir/esp32s3/uart_periph.c.obj
[637/1046] Building C object esp-idf/esp_system/CMakeFiles/__idf_esp_system.dir/port/soc/esp32s3/apb_backup_dma.c.obj
[471/1052] Building C object esp-idf/soc/CMakeFiles/__idf_soc.dir/esp32s3/spi_periph.c.obj
[535/1052] Building C object esp-idf/hal/CMakeFiles/__idf_hal.dir/timer_hal.c.obj
[536/1052] Building C object esp-idf/hal/CMakeFiles/__idf_hal.dir/ledc_hal_iram.c.obj
[472/1052] Building C object esp-idf/soc/CMakeFiles/__idf_soc.dir/esp32s3/lcd_periph.c.obj
[473/1052] Building C object esp-idf/soc/CMakeFiles/__idf_soc.dir/esp32s3/ledc_periph.c.obj
[474/1052] Building C object esp-idf/soc/CMakeFiles/__idf_soc.dir/esp32s3/sdm_periph.c.obj
[638/1046] Linking C static library esp-idf/esp_common/libesp_common.a
[619/1052] Building C object esp-idf/esp_system/CMakeFiles/__idf_esp_system.dir/port/arch/xtensa/trax.c.obj
[620/1052] Building C object esp-idf/esp_system/CMakeFiles/__idf_esp_system.dir/xt_wdt.c.obj
[537/1052] Building C object esp-idf/hal/CMakeFiles/__idf_hal.dir/i2c_hal.c.obj
[639/1046] Building C object esp-idf/spi_flash/CMakeFiles/__idf_spi_flash.dir/spi_flash_chip_winbond.c.obj
[538/1052] Building C object esp-idf/hal/CMakeFiles/__idf_hal.dir/pcnt_hal.c.obj
[621/1052] Building C object esp-idf/esp_system/CMakeFiles/__idf_esp_system.dir/port/arch/xtensa/debug_stubs.c.obj
[539/1052] Building C object esp-idf/hal/CMakeFiles/__idf_hal.dir/gdma_hal_top.c.obj
[475/1052] Building C object esp-idf/soc/CMakeFiles/__idf_soc.dir/esp32s3/i2s_periph.c.obj
[640/1046] Building C object esp-idf/esp_system/CMakeFiles/__idf_esp_system.dir/port/arch/xtensa/expression_with_stack.c.obj
[622/1052] Building C object esp-idf/esp_system/CMakeFiles/__idf_esp_system.dir/port/arch/xtensa/debug_helpers.c.obj
[623/1052] Building C object esp-idf/esp_system/CMakeFiles/__idf_esp_system.dir/port/esp_system_chip.c.obj
[823/1045] Building C object 'esp-idf/mbedtls/mbedtls/library/CMakeFiles/mbedcrypto.dir/home/tikhon/Документы/magnolia/esp-idf/components/mbedtls/port/esp_ds/esp_rsa_sign_alt.c.obj'
[641/1046] Building C object esp-idf/spi_flash/CMakeFiles/__idf_spi_flash.dir/spi_flash_chip_drivers.c.obj
[476/1052] Building C object esp-idf/soc/CMakeFiles/__idf_soc.dir/esp32s3/i2c_periph.c.obj
[624/1052] Building C object esp-idf/esp_system/CMakeFiles/__idf_esp_system.dir/panic.c.obj
[540/1052] Building C object esp-idf/hal/CMakeFiles/__idf_hal.dir/spi_flash_hal.c.obj
[642/1046] Building C object esp-idf/esp_system/CMakeFiles/__idf_esp_system.dir/port/soc/esp32s3/system_internal.c.obj
[477/1052] Building C object esp-idf/soc/CMakeFiles/__idf_soc.dir/esp32s3/timer_periph.c.obj
[625/1052] Building C object esp-idf/esp_system/CMakeFiles/__idf_esp_system.dir/port/esp_ipc_isr.c.obj
[478/1052] Building C object esp-idf/soc/CMakeFiles/__idf_soc.dir/esp32s3/touch_sensor_periph.c.obj
[643/1046] Building C object esp-idf/esp_system/CMakeFiles/__idf_esp_system.dir/port/cpu_start.c.obj
[626/1052] Building C object esp-idf/esp_system/CMakeFiles/__idf_esp_system.dir/port/image_process.c.obj
[479/1052] Building C object esp-idf/soc/CMakeFiles/__idf_soc.dir/esp32s3/mpi_periph.c.obj
[541/1052] Building C object esp-idf/hal/CMakeFiles/__idf_hal.dir/uart_hal.c.obj
[542/1052] Linking C static library esp-idf/esp_timer/libesp_timer.a
[644/1046] Building C object esp-idf/esp_system/CMakeFiles/__idf_esp_system.dir/task_wdt/task_wdt.c.obj
[627/1052] Building ASM object esp-idf/esp_system/CMakeFiles/__idf_esp_system.dir/port/soc/esp32s3/highint_hdl.S.obj
[480/1052] Building C object esp-idf/soc/CMakeFiles/__idf_soc.dir/esp32s3/temperature_sensor_periph.c.obj
[645/1046] Building C object esp-idf/esp_system/CMakeFiles/__idf_esp_system.dir/port/soc/esp32s3/cache_err_int.c.obj
[481/1052] Building C object esp-idf/soc/CMakeFiles/__idf_soc.dir/esp32s3/mcpwm_periph.c.obj
[628/1052] Linking C static library esp-idf/log/liblog.a
[543/1052] Building C object esp-idf/hal/CMakeFiles/__idf_hal.dir/i2c_hal_iram.c.obj
[646/1046] Building C object esp-idf/spi_flash/CMakeFiles/__idf_spi_flash.dir/spi_flash_chip_mxic.c.obj
[629/1052] Building C object esp-idf/esp_system/CMakeFiles/__idf_esp_system.dir/port/panic_handler.c.obj
[824/1045] Building C object 'esp-idf/mbedtls/mbedtls/library/CMakeFiles/mbedcrypto.dir/home/tikhon/Документы/magnolia/esp-idf/components/mbedtls/port/bignum/esp_bignum.c.obj'
[482/1052] Building C object esp-idf/esp_hw_support/CMakeFiles/__idf_esp_hw_support.dir/port/esp32s3/rtc_init.c.obj
[544/1052] Building C object esp-idf/hal/CMakeFiles/__idf_hal.dir/sdm_hal.c.obj
[647/1046] Building C object esp-idf/spi_flash/CMakeFiles/__idf_spi_flash.dir/spi_flash_chip_th.c.obj
[483/1052] Building C object esp-idf/soc/CMakeFiles/__idf_soc.dir/esp32s3/twai_periph.c.obj
[630/1052] Building C object esp-idf/spi_flash/CMakeFiles/__idf_spi_flash.dir/flash_brownout_hook.c.obj
[545/1052] Building C object esp-idf/hal/CMakeFiles/__idf_hal.dir/sdmmc_hal.c.obj
[484/1052] Building C object esp-idf/soc/CMakeFiles/__idf_soc.dir/esp32s3/power_supply_periph.c.obj
[648/1046] Building C object esp-idf/spi_flash/CMakeFiles/__idf_spi_flash.dir/spi_flash_hpm_enable.c.obj
[485/1052] Building C object esp-idf/soc/CMakeFiles/__idf_soc.dir/esp32s3/cam_periph.c.obj
[649/1046] Building C object esp-idf/spi_flash/CMakeFiles/__idf_spi_flash.dir/spi_flash_chip_boya.c.obj
[825/1045] Building C object 'esp-idf/mbedtls/mbedtls/library/CMakeFiles/mbedcrypto.dir/home/tikhon/Документы/magnolia/esp-idf/components/mbedtls/port/aes/esp_aes_gcm.c.obj'
[486/1052] Building C object esp-idf/soc/CMakeFiles/__idf_soc.dir/esp32s3/wdt_periph.c.obj
[631/1052] Building C object esp-idf/esp_system/CMakeFiles/__idf_esp_system.dir/task_wdt/task_wdt_impl_timergroup.c.obj
[487/1052] Building C object esp-idf/soc/CMakeFiles/__idf_soc.dir/esp32s3/usb_dwc_periph.c.obj
[632/1052] Building C object esp-idf/esp_system/CMakeFiles/__idf_esp_system.dir/port/arch/xtensa/expression_with_stack.c.obj
[546/1052] Linking C static library esp-idf/cxx/libcxx.a
[547/1052] Building C object esp-idf/hal/CMakeFiles/__idf_hal.dir/rtc_io_hal.c.obj
[548/1052] Building C object esp-idf/hal/CMakeFiles/__idf_hal.dir/uhci_hal.c.obj
[650/1046] Building C object esp-idf/spi_flash/CMakeFiles/__idf_spi_flash.dir/spi_flash_chip_gd.c.obj
[488/1052] Building C object esp-idf/esp_hw_support/CMakeFiles/__idf_esp_hw_support.dir/mspi_timing_tuning/port/esp32s3/mspi_timing_by_mspi_delay.c.obj
[489/1052] Building C object esp-idf/soc/CMakeFiles/__idf_soc.dir/esp32s3/sdmmc_periph.c.obj
[651/1046] Building C object esp-idf/spi_flash/CMakeFiles/__idf_spi_flash.dir/spi_flash_wrap.c.obj
[549/1052] Building C object esp-idf/hal/CMakeFiles/__idf_hal.dir/rmt_hal.c.obj
[490/1052] Building C object esp-idf/soc/CMakeFiles/__idf_soc.dir/esp32s3/rtc_io_periph.c.obj
[491/1052] Building C object esp-idf/esp_hw_support/CMakeFiles/__idf_esp_hw_support.dir/lowpower/port/esp32s3/sleep_cpu.c.obj
[550/1052] Building C object esp-idf/hal/CMakeFiles/__idf_hal.dir/mcpwm_hal.c.obj
[492/1052] Building C object esp-idf/esp_hw_support/CMakeFiles/__idf_esp_hw_support.dir/port/esp32s3/rtc_clk.c.obj
[633/1052] Building C object esp-idf/esp_system/CMakeFiles/__idf_esp_system.dir/port/soc/esp32s3/clk.c.obj
[634/1052] Building C object esp-idf/esp_system/CMakeFiles/__idf_esp_system.dir/port/soc/esp32s3/reset_reason.c.obj
[635/1052] Building C object esp-idf/spi_flash/CMakeFiles/__idf_spi_flash.dir/spi_flash_chip_issi.c.obj
[493/1052] Building C object esp-idf/esp_hw_support/CMakeFiles/__idf_esp_hw_support.dir/sleep_modes.c.obj
[551/1052] Linking C static library esp-idf/pthread/libpthread.a
[494/1052] Building CXX object esp-idf/nvs_flash/CMakeFiles/__idf_nvs_flash.dir/src/nvs_page.cpp.obj
[652/1046] Building C object esp-idf/esp_mm/CMakeFiles/__idf_esp_mm.dir/port/esp32s3/ext_mem_layout.c.obj
[636/1052] Building C object esp-idf/spi_flash/CMakeFiles/__idf_spi_flash.dir/spi_flash_chip_drivers.c.obj
[637/1052] Building C object esp-idf/spi_flash/CMakeFiles/__idf_spi_flash.dir/spi_flash_chip_boya.c.obj
[653/1046] Linking C static library esp-idf/esp_system/libesp_system.a
[552/1052] Building C object esp-idf/esp_hw_support/CMakeFiles/__idf_esp_hw_support.dir/port/esp32s3/esp_memprot.c.obj
[495/1052] Building C object esp-idf/log/CMakeFiles/__idf_log.dir/src/buffer/log_buffers.c.obj
[654/1046] Building C object esp-idf/spi_flash/CMakeFiles/__idf_spi_flash.dir/esp32s3/spi_flash_oct_flash_init.c.obj
[496/1052] Building C object esp-idf/log/CMakeFiles/__idf_log.dir/src/util.c.obj
[553/1052] Building C object esp-idf/hal/CMakeFiles/__idf_hal.dir/lcd_hal.c.obj
[655/1046] Building C object esp-idf/spi_flash/CMakeFiles/__idf_spi_flash.dir/spi_flash_os_func_noos.c.obj
[638/1052] Building C object esp-idf/esp_system/CMakeFiles/__idf_esp_system.dir/port/arch/xtensa/panic_arch.c.obj
[497/1052] Building C object esp-idf/log/CMakeFiles/__idf_log.dir/src/os/log_timestamp.c.obj
[554/1052] Linking C static library esp-idf/newlib/libnewlib.a
[639/1052] Building C object esp-idf/spi_flash/CMakeFiles/__idf_spi_flash.dir/esp32s3/spi_flash_oct_flash_init.c.obj
[555/1052] Building C object esp-idf/hal/CMakeFiles/__idf_hal.dir/brownout_hal.c.obj
[498/1052] Building C object esp-idf/heap/CMakeFiles/__idf_heap.dir/multi_heap.c.obj
[556/1052] Building C object esp-idf/hal/CMakeFiles/__idf_hal.dir/gdma_hal_ahb_v1.c.obj
[640/1052] Building C object esp-idf/spi_flash/CMakeFiles/__idf_spi_flash.dir/spi_flash_hpm_enable.c.obj
[499/1052] Building C object esp-idf/heap/CMakeFiles/__idf_heap.dir/port/esp32s3/memory_layout.c.obj
[557/1052] Building C object esp-idf/hal/CMakeFiles/__idf_hal.dir/aes_hal.c.obj
[558/1052] Building C object esp-idf/hal/CMakeFiles/__idf_hal.dir/mpi_hal.c.obj
[641/1052] Building C object esp-idf/spi_flash/CMakeFiles/__idf_spi_flash.dir/spi_flash_chip_gd.c.obj
[500/1052] Building C object esp-idf/log/CMakeFiles/__idf_log.dir/src/log.c.obj
[642/1052] Building C object esp-idf/spi_flash/CMakeFiles/__idf_spi_flash.dir/spi_flash_chip_generic.c.obj
[656/1046] Building C object esp-idf/spi_flash/CMakeFiles/__idf_spi_flash.dir/memspi_host_driver.c.obj
[643/1052] Linking C static library esp-idf/hal/libhal.a
[559/1052] Building C object esp-idf/hal/CMakeFiles/__idf_hal.dir/sha_hal.c.obj
[560/1052] Linking C static library esp-idf/freertos/libfreertos.a
[644/1052] Building C object esp-idf/spi_flash/CMakeFiles/__idf_spi_flash.dir/spi_flash_chip_mxic.c.obj
[501/1052] Building C object esp-idf/heap/CMakeFiles/__idf_heap.dir/port/memory_layout_utils.c.obj
[502/1052] Linking C static library esp-idf/nvs_flash/libnvs_flash.a
[657/1046] Building C object esp-idf/spi_flash/CMakeFiles/__idf_spi_flash.dir/flash_mmap.c.obj
[658/1046] Building C object esp-idf/bootloader_support/CMakeFiles/__idf_bootloader_support.dir/src/bootloader_clock_init.c.obj
[659/1046] Building C object esp-idf/esp_mm/CMakeFiles/__idf_esp_mm.dir/heap_align_hw.c.obj
[645/1052] Building C object esp-idf/esp_system/CMakeFiles/__idf_esp_system.dir/port/soc/esp32s3/apb_backup_dma.c.obj
[646/1052] Building C object esp-idf/esp_system/CMakeFiles/__idf_esp_system.dir/port/cpu_start.c.obj
[503/1052] Building C object esp-idf/log/CMakeFiles/__idf_log.dir/src/log_timestamp_common.c.obj
[660/1046] Building C object esp-idf/spi_flash/CMakeFiles/__idf_spi_flash.dir/esp_flash_spi_init.c.obj
[561/1052] Building C object esp-idf/hal/CMakeFiles/__idf_hal.dir/spi_slave_hal.c.obj
[647/1052] Building C object esp-idf/esp_system/CMakeFiles/__idf_esp_system.dir/task_wdt/task_wdt.c.obj
[661/1046] Building C object esp-idf/spi_flash/CMakeFiles/__idf_spi_flash.dir/spi_flash_chip_mxic_opi.c.obj
[504/1052] Building C object esp-idf/log/CMakeFiles/__idf_log.dir/src/os/util.c.obj
[505/1052] Building C object esp-idf/log/CMakeFiles/__idf_log.dir/src/log_level/log_level.c.obj
[648/1052] Building C object esp-idf/spi_flash/CMakeFiles/__idf_spi_flash.dir/spi_flash_chip_th.c.obj
[662/1046] Building C object esp-idf/esp_mm/CMakeFiles/__idf_esp_mm.dir/esp_cache_utils.c.obj
[562/1052] Building C object esp-idf/hal/CMakeFiles/__idf_hal.dir/ds_hal.c.obj
[506/1052] Building C object esp-idf/log/CMakeFiles/__idf_log.dir/src/log_format_text.c.obj
[649/1052] Building C object esp-idf/esp_system/CMakeFiles/__idf_esp_system.dir/port/soc/esp32s3/cache_err_int.c.obj
[650/1052] Building C object esp-idf/spi_flash/CMakeFiles/__idf_spi_flash.dir/spi_flash_chip_winbond.c.obj
[507/1052] Building C object esp-idf/log/CMakeFiles/__idf_log.dir/src/log_print.c.obj
[826/1045] Building C object esp-idf/mbedtls/mbedtls/library/CMakeFiles/mbedcrypto.dir/rsa.c.obj
[663/1046] Building C object esp-idf/bootloader_support/CMakeFiles/__idf_bootloader_support.dir/src/bootloader_mem.c.obj
[651/1052] Linking C static library esp-idf/esp_rom/libesp_rom.a
[508/1052] Building C object esp-idf/heap/CMakeFiles/__idf_heap.dir/heap_caps.c.obj
[509/1052] Building C object esp-idf/log/CMakeFiles/__idf_log.dir/src/os/log_lock.c.obj
[664/1046] Building C object esp-idf/bootloader_support/CMakeFiles/__idf_bootloader_support.dir/src/bootloader_random.c.obj
[665/1046] Building C object esp-idf/esp_mm/CMakeFiles/__idf_esp_mm.dir/esp_cache_msync.c.obj
[563/1052] Building C object esp-idf/hal/CMakeFiles/__idf_hal.dir/spi_hal.c.obj
[510/1052] Building C object esp-idf/log/CMakeFiles/__idf_log.dir/src/os/log_write.c.obj
[511/1052] Building C object esp-idf/log/CMakeFiles/__idf_log.dir/src/log_level/tag_log_level/cache/log_binary_heap.c.obj
[512/1052] Linking C static library esp-idf/esp_event/libesp_event.a
[666/1046] Building C object esp-idf/spi_flash/CMakeFiles/__idf_spi_flash.dir/flash_ops.c.obj
[652/1052] Building C object esp-idf/esp_mm/CMakeFiles/__idf_esp_mm.dir/port/esp32s3/ext_mem_layout.c.obj
[667/1046] Building C object esp-idf/spi_flash/CMakeFiles/__idf_spi_flash.dir/cache_utils.c.obj
[513/1052] Building C object esp-idf/log/CMakeFiles/__idf_log.dir/src/log_level/tag_log_level/tag_log_level.c.obj
[668/1046] Building C object esp-idf/spi_flash/CMakeFiles/__idf_spi_flash.dir/spi_flash_chip_generic.c.obj
[564/1052] Building C object esp-idf/hal/CMakeFiles/__idf_hal.dir/adc_oneshot_hal.c.obj
[653/1052] Building C object esp-idf/spi_flash/CMakeFiles/__idf_spi_flash.dir/spi_flash_os_func_noos.c.obj
[565/1052] Building C object esp-idf/hal/CMakeFiles/__idf_hal.dir/usb_serial_jtag_hal.c.obj
[514/1052] Building C object esp-idf/hal/CMakeFiles/__idf_hal.dir/color_hal.c.obj
[654/1052] Linking C static library esp-idf/esp_common/libesp_common.a
[669/1046] Building C object esp-idf/bootloader_support/CMakeFiles/__idf_bootloader_support.dir/src/bootloader_common_loader.c.obj
[566/1052] Linking C static library esp-idf/esp_hw_support/libesp_hw_support.a
[515/1052] Building C object esp-idf/hal/CMakeFiles/__idf_hal.dir/efuse_hal.c.obj
[655/1052] Building C object esp-idf/esp_mm/CMakeFiles/__idf_esp_mm.dir/esp_cache_utils.c.obj
[567/1052] Building C object esp-idf/hal/CMakeFiles/__idf_hal.dir/adc_hal_common.c.obj
[568/1052] Building C object esp-idf/hal/CMakeFiles/__idf_hal.dir/hmac_hal.c.obj
[569/1052] Building C object esp-idf/hal/CMakeFiles/__idf_hal.dir/twai_hal_sja1000.c.obj
[570/1052] Building C object esp-idf/hal/CMakeFiles/__idf_hal.dir/cam_hal.c.obj
[571/1052] Building C object esp-idf/hal/CMakeFiles/__idf_hal.dir/usb_wrap_hal.c.obj
[656/1052] Building C object esp-idf/spi_flash/CMakeFiles/__idf_spi_flash.dir/spi_flash_wrap.c.obj
[657/1052] Building C object esp-idf/esp_mm/CMakeFiles/__idf_esp_mm.dir/esp_mmu_map.c.obj
[516/1052] Building C object esp-idf/hal/CMakeFiles/__idf_hal.dir/hal_utils.c.obj
[670/1046] Building C object esp-idf/bootloader_support/CMakeFiles/__idf_bootloader_support.dir/src/bootloader_sha.c.obj
[517/1052] Building C object esp-idf/log/CMakeFiles/__idf_log.dir/src/log_level/tag_log_level/linked_list/log_linked_list.c.obj
[658/1052] Building C object esp-idf/spi_flash/CMakeFiles/__idf_spi_flash.dir/memspi_host_driver.c.obj
[659/1052] Building C object esp-idf/bootloader_support/CMakeFiles/__idf_bootloader_support.dir/src/bootloader_clock_init.c.obj
[518/1052] Building C object esp-idf/hal/CMakeFiles/__idf_hal.dir/mpu_hal.c.obj
[572/1052] Building C object esp-idf/hal/CMakeFiles/__idf_hal.dir/adc_hal.c.obj
[660/1052] Building C object esp-idf/esp_system/CMakeFiles/__idf_esp_system.dir/port/soc/esp32s3/system_internal.c.obj
[573/1052] Building C object esp-idf/hal/CMakeFiles/__idf_hal.dir/spi_slave_hal_iram.c.obj
[574/1052] Building C object esp-idf/hal/CMakeFiles/__idf_hal.dir/spi_flash_hal_gpspi.c.obj
[519/1052] Linking C static library esp-idf/esp_driver_uart/libesp_driver_uart.a
[671/1046] Building C object esp-idf/bootloader_support/CMakeFiles/__idf_bootloader_support.dir/src/bootloader_efuse.c.obj
[672/1046] Building C object esp-idf/mbedtls/mbedtls/library/CMakeFiles/mbedtls.dir/debug.c.obj
[520/1052] Building C object esp-idf/esp_hw_support/CMakeFiles/__idf_esp_hw_support.dir/dma/gdma.c.obj
[521/1052] Building C object esp-idf/heap/CMakeFiles/__idf_heap.dir/heap_caps_base.c.obj
[673/1046] Building C object esp-idf/bootloader_support/CMakeFiles/__idf_bootloader_support.dir/src/flash_partitions.c.obj
[661/1052] Building C object esp-idf/spi_flash/CMakeFiles/__idf_spi_flash.dir/flash_mmap.c.obj
[575/1052] Building C object esp-idf/esp_rom/CMakeFiles/__idf_esp_rom.dir/patches/esp_rom_crc.c.obj
[522/1052] Building C object esp-idf/heap/CMakeFiles/__idf_heap.dir/heap_caps_init.c.obj
[662/1052] Building C object esp-idf/spi_flash/CMakeFiles/__idf_spi_flash.dir/spi_flash_os_func_app.c.obj
[674/1046] Building C object esp-idf/spi_flash/CMakeFiles/__idf_spi_flash.dir/spi_flash_os_func_app.c.obj
[523/1052] Building C object esp-idf/hal/CMakeFiles/__idf_hal.dir/spi_flash_encrypt_hal_iram.c.obj
[576/1052] Building C object esp-idf/esp_rom/CMakeFiles/__idf_esp_rom.dir/patches/esp_rom_serial_output.c.obj
[663/1052] Building C object esp-idf/esp_mm/CMakeFiles/__idf_esp_mm.dir/heap_align_hw.c.obj
[524/1052] Building C object esp-idf/hal/CMakeFiles/__idf_hal.dir/esp32s3/efuse_hal.c.obj
[577/1052] Linking C static library esp-idf/soc/libsoc.a
[675/1046] Building C object esp-idf/bootloader_support/CMakeFiles/__idf_bootloader_support.dir/bootloader_flash/src/flash_qio_mode.c.obj
[525/1052] Building C object esp-idf/hal/CMakeFiles/__idf_hal.dir/cache_hal.c.obj
[664/1052] Building C object esp-idf/bootloader_support/CMakeFiles/__idf_bootloader_support.dir/src/secure_boot.c.obj
[526/1052] Building C object esp-idf/hal/CMakeFiles/__idf_hal.dir/esp32s3/clk_tree_hal.c.obj
[676/1046] Building C object esp-idf/mbedtls/mbedtls/library/CMakeFiles/mbedtls.dir/mps_reader.c.obj
[677/1046] Building C object esp-idf/mbedtls/mbedtls/library/CMakeFiles/mbedtls.dir/mps_trace.c.obj
[578/1052] Building C object esp-idf/esp_rom/CMakeFiles/__idf_esp_rom.dir/patches/esp_rom_sys.c.obj
[579/1052] Building ASM object esp-idf/esp_rom/CMakeFiles/__idf_esp_rom.dir/patches/esp_rom_longjmp.S.obj
[527/1052] Linking C static library esp-idf/esp_ringbuf/libesp_ringbuf.a
[665/1052] Linking C static library esp-idf/esp_system/libesp_system.a
[528/1052] Building C object esp-idf/hal/CMakeFiles/__idf_hal.dir/uart_hal_iram.c.obj
[666/1052] Building C object esp-idf/bootloader_support/CMakeFiles/__idf_bootloader_support.dir/src/bootloader_common_loader.c.obj
[580/1052] Building C object esp-idf/hal/CMakeFiles/__idf_hal.dir/esp32s3/touch_sensor_hal.c.obj
[581/1052] Building C object esp-idf/hal/CMakeFiles/__idf_hal.dir/spi_slave_hd_hal.c.obj
[582/1052] Building C object esp-idf/esp_rom/CMakeFiles/__idf_esp_rom.dir/patches/esp_rom_efuse.c.obj
[583/1052] Building C object esp-idf/esp_rom/CMakeFiles/__idf_esp_rom.dir/patches/esp_rom_systimer.c.obj
[667/1052] Building C object esp-idf/bootloader_support/CMakeFiles/__idf_bootloader_support.dir/src/bootloader_random_esp32s3.c.obj
[529/1052] Building C object esp-idf/hal/CMakeFiles/__idf_hal.dir/systimer_hal.c.obj
[530/1052] Building C object esp-idf/hal/CMakeFiles/__idf_hal.dir/rtc_io_hal.c.obj
[584/1052] Building C object esp-idf/hal/CMakeFiles/__idf_hal.dir/touch_sensor_hal.c.obj
[531/1052] Building C object esp-idf/hal/CMakeFiles/__idf_hal.dir/rmt_hal.c.obj
[678/1046] Building C object esp-idf/bootloader_support/CMakeFiles/__idf_bootloader_support.dir/src/bootloader_common.c.obj
[668/1052] Building C object esp-idf/spi_flash/CMakeFiles/__idf_spi_flash.dir/spi_flash_chip_mxic_opi.c.obj
[532/1052] Building C object esp-idf/hal/CMakeFiles/__idf_hal.dir/spi_flash_hal.c.obj
[679/1046] Building C object esp-idf/bootloader_support/CMakeFiles/__idf_bootloader_support.dir/src/bootloader_random_esp32s3.c.obj
[585/1052] Building C object esp-idf/hal/CMakeFiles/__idf_hal.dir/i2s_hal.c.obj
[586/1052] Building C object esp-idf/esp_rom/CMakeFiles/__idf_esp_rom.dir/patches/esp_rom_gpio.c.obj
[669/1052] Building C object esp-idf/bootloader_support/CMakeFiles/__idf_bootloader_support.dir/src/bootloader_mem.c.obj
[587/1052] Building C object esp-idf/heap/CMakeFiles/__idf_heap.dir/tlsf/tlsf.c.obj
[680/1046] Building C object esp-idf/bootloader_support/CMakeFiles/__idf_bootloader_support.dir/src/esp32s3/secure_boot_secure_features.c.obj
[670/1052] Building C object esp-idf/bootloader_support/CMakeFiles/__idf_bootloader_support.dir/src/bootloader_efuse.c.obj
[533/1052] Building C object esp-idf/hal/CMakeFiles/__idf_hal.dir/ledc_hal.c.obj
[588/1052] Building C object esp-idf/esp_rom/CMakeFiles/__idf_esp_rom.dir/patches/esp_rom_spiflash.c.obj
[681/1046] Building C object esp-idf/bootloader_support/CMakeFiles/__idf_bootloader_support.dir/src/secure_boot.c.obj
[671/1052] Building C object esp-idf/bootloader_support/CMakeFiles/__idf_bootloader_support.dir/src/bootloader_random.c.obj
[534/1052] Building C object esp-idf/hal/CMakeFiles/__idf_hal.dir/ledc_hal_iram.c.obj
[535/1052] Building C object esp-idf/hal/CMakeFiles/__idf_hal.dir/i2c_hal_iram.c.obj
[536/1052] Linking C static library esp-idf/esp_driver_gptimer/libesp_driver_gptimer.a
[589/1052] Building ASM object esp-idf/esp_rom/CMakeFiles/__idf_esp_rom.dir/patches/esp_rom_cache_writeback_esp32s3.S.obj
[672/1052] Building C object esp-idf/spi_flash/CMakeFiles/__idf_spi_flash.dir/cache_utils.c.obj
[682/1046] Building C object esp-idf/mbedtls/mbedtls/library/CMakeFiles/mbedtls.dir/ssl_cookie.c.obj
[537/1052] Building C object esp-idf/hal/CMakeFiles/__idf_hal.dir/gdma_hal_top.c.obj
[590/1052] Building C object esp-idf/hal/CMakeFiles/__idf_hal.dir/touch_sens_hal.c.obj
[591/1052] Building C object esp-idf/hal/CMakeFiles/__idf_hal.dir/temperature_sensor_hal.c.obj
[683/1046] Building C object esp-idf/bootloader_support/CMakeFiles/__idf_bootloader_support.dir/src/flash_encrypt.c.obj
[538/1052] Building C object esp-idf/hal/CMakeFiles/__idf_hal.dir/mmu_hal.c.obj
[539/1052] Building C object esp-idf/hal/CMakeFiles/__idf_hal.dir/i2c_hal.c.obj
[540/1052] Building C object esp-idf/hal/CMakeFiles/__idf_hal.dir/pcnt_hal.c.obj
[592/1052] Building C object esp-idf/hal/CMakeFiles/__idf_hal.dir/xt_wdt_hal.c.obj
[593/1052] Building C object esp-idf/esp_rom/CMakeFiles/__idf_esp_rom.dir/patches/esp_rom_cache_esp32s2_esp32s3.c.obj
[673/1052] Building C object esp-idf/spi_flash/CMakeFiles/__idf_spi_flash.dir/flash_ops.c.obj
[684/1046] Building C object esp-idf/esp_mm/CMakeFiles/__idf_esp_mm.dir/esp_mmu_map.c.obj
[594/1052] Building C object esp-idf/esp_system/CMakeFiles/__idf_esp_system.dir/esp_system_console.c.obj
[595/1052] Building C object esp-idf/esp_rom/CMakeFiles/__idf_esp_rom.dir/patches/esp_rom_wdt.c.obj
[685/1046] Building C object esp-idf/bootloader_support/CMakeFiles/__idf_bootloader_support.dir/bootloader_flash/src/bootloader_flash_config_esp32s3.c.obj
[686/1046] Building C object esp-idf/bootloader_support/CMakeFiles/__idf_bootloader_support.dir/src/esp_image_format.c.obj
[541/1052] Building C object esp-idf/hal/CMakeFiles/__idf_hal.dir/uhci_hal.c.obj
[687/1046] Building C object esp-idf/mbedtls/mbedtls/library/CMakeFiles/mbedtls.dir/ssl_ciphersuites.c.obj
[688/1046] Building C object esp-idf/mbedtls/mbedtls/library/CMakeFiles/mbedtls.dir/ssl_tls13_keys.c.obj
[674/1052] Building C object esp-idf/esp_mm/CMakeFiles/__idf_esp_mm.dir/esp_cache_msync.c.obj
[596/1052] Building C object esp-idf/hal/CMakeFiles/__idf_hal.dir/usb_dwc_hal.c.obj
[597/1052] Building C object esp-idf/hal/CMakeFiles/__idf_hal.dir/esp32s3/rtc_cntl_hal.c.obj
[542/1052] Building C object esp-idf/hal/CMakeFiles/__idf_hal.dir/gpio_hal.c.obj
[675/1052] Building C object esp-idf/mbedtls/mbedtls/library/CMakeFiles/mbedtls.dir/mps_reader.c.obj
[543/1052] Linking C static library esp-idf/esp_timer/libesp_timer.a
[676/1052] Building C object esp-idf/mbedtls/mbedtls/library/CMakeFiles/mbedtls.dir/debug.c.obj
[677/1052] Building C object esp-idf/bootloader_support/CMakeFiles/__idf_bootloader_support.dir/src/flash_partitions.c.obj
[678/1052] Building C object esp-idf/bootloader_support/CMakeFiles/__idf_bootloader_support.dir/bootloader_flash/src/bootloader_flash.c.obj
[598/1052] Building C object esp-idf/esp_rom/CMakeFiles/__idf_esp_rom.dir/patches/esp_rom_print.c.obj
[599/1052] Linking C static library esp-idf/heap/libheap.a
[689/1046] Building C object esp-idf/mbedtls/mbedtls/library/CMakeFiles/mbedtls.dir/ssl_tls13_server.c.obj
[600/1052] Building C object esp-idf/esp_system/CMakeFiles/__idf_esp_system.dir/crosscore_int.c.obj
[690/1046] Building C object esp-idf/mbedtls/mbedtls/library/CMakeFiles/mbedtls.dir/ssl_cache.c.obj
[691/1046] Building C object esp-idf/mbedtls/mbedtls/library/CMakeFiles/mbedtls.dir/ssl_ticket.c.obj
[544/1052] Building C object esp-idf/hal/CMakeFiles/__idf_hal.dir/sdm_hal.c.obj
[545/1052] Building C object esp-idf/hal/CMakeFiles/__idf_hal.dir/sdmmc_hal.c.obj
[679/1052] Building C object esp-idf/mbedtls/mbedtls/library/CMakeFiles/mbedtls.dir/mps_trace.c.obj
[546/1052] Building C object esp-idf/hal/CMakeFiles/__idf_hal.dir/mcpwm_hal.c.obj
[692/1046] Building C object esp-idf/mbedtls/mbedtls/library/CMakeFiles/mbedtls.dir/ssl_debug_helpers_generated.c.obj
[680/1052] Building C object esp-idf/spi_flash/CMakeFiles/__idf_spi_flash.dir/esp_flash_spi_init.c.obj
[547/1052] Building C object esp-idf/hal/CMakeFiles/__idf_hal.dir/timer_hal.c.obj
[601/1052] Building C object esp-idf/esp_system/CMakeFiles/__idf_esp_system.dir/esp_err.c.obj
[681/1052] Building C object esp-idf/bootloader_support/CMakeFiles/__idf_bootloader_support.dir/src/flash_encrypt.c.obj
[548/1052] Linking C static library esp-idf/cxx/libcxx.a
[682/1052] Building C object esp-idf/bootloader_support/CMakeFiles/__idf_bootloader_support.dir/bootloader_flash/src/flash_qio_mode.c.obj
[683/1052] Building C object esp-idf/bootloader_support/CMakeFiles/__idf_bootloader_support.dir/src/bootloader_sha.c.obj
[549/1052] Building C object esp-idf/hal/CMakeFiles/__idf_hal.dir/uart_hal.c.obj
[684/1052] Building C object esp-idf/mbedtls/mbedtls/library/CMakeFiles/mbedtls.dir/ssl_cookie.c.obj
[693/1046] Building C object esp-idf/mbedtls/mbedtls/library/CMakeFiles/mbedtls.dir/ssl_tls13_client.c.obj
[602/1052] Building C object esp-idf/esp_system/CMakeFiles/__idf_esp_system.dir/stack_check.c.obj
[694/1046] Building C object esp-idf/mbedtls/mbedtls/library/CMakeFiles/mbedtls.dir/ssl_tls13_generic.c.obj
[550/1052] Building C object esp-idf/esp_hw_support/CMakeFiles/__idf_esp_hw_support.dir/port/esp32s3/esp_memprot.c.obj
[603/1052] Building C object esp-idf/hal/CMakeFiles/__idf_hal.dir/spi_hal_iram.c.obj
[685/1052] Building C object esp-idf/bootloader_support/CMakeFiles/__idf_bootloader_support.dir/src/bootloader_common.c.obj
[686/1052] Building C object esp-idf/bootloader_support/CMakeFiles/__idf_bootloader_support.dir/src/esp32s3/secure_boot_secure_features.c.obj
[604/1052] Building C object esp-idf/esp_system/CMakeFiles/__idf_esp_system.dir/esp_ipc.c.obj
[605/1052] Building C object esp-idf/esp_system/CMakeFiles/__idf_esp_system.dir/system_time.c.obj
[551/1052] Building C object esp-idf/hal/CMakeFiles/__idf_hal.dir/spi_flash_hal_iram.c.obj
[606/1052] Linking C static library esp-idf/log/liblog.a
[552/1052] Building C object esp-idf/hal/CMakeFiles/__idf_hal.dir/lcd_hal.c.obj
[695/1046] Building C object esp-idf/bootloader_support/CMakeFiles/__idf_bootloader_support.dir/bootloader_flash/src/bootloader_flash.c.obj
[687/1052] Building C object esp-idf/mbedtls/mbedtls/library/CMakeFiles/mbedtls.dir/ssl_tls13_client.c.obj
[553/1052] Building C object esp-idf/hal/CMakeFiles/__idf_hal.dir/twai_hal_sja1000.c.obj
[696/1046] Building C object 'esp-idf/mbedtls/mbedtls/library/CMakeFiles/mbedtls.dir/home/tikhon/Документы/magnolia/esp-idf/components/mbedtls/port/esp_platform_time.c.obj'
[607/1052] Building C object esp-idf/esp_system/CMakeFiles/__idf_esp_system.dir/esp_system.c.obj
[688/1052] Building C object esp-idf/mbedtls/mbedtls/library/CMakeFiles/mbedtls.dir/ssl_tls13_server.c.obj
[608/1052] Building C object esp-idf/esp_system/CMakeFiles/__idf_esp_system.dir/ubsan.c.obj
[697/1046] Building C object esp-idf/mbedtls/mbedtls/library/CMakeFiles/mbedx509.dir/x509_create.c.obj
[554/1052] Linking C static library esp-idf/pthread/libpthread.a
[689/1052] Building C object esp-idf/bootloader_support/CMakeFiles/__idf_bootloader_support.dir/src/esp_image_format.c.obj
[690/1052] Building C object esp-idf/mbedtls/mbedtls/library/CMakeFiles/mbedtls.dir/ssl_tls13_generic.c.obj
[555/1052] Building C object esp-idf/heap/CMakeFiles/__idf_heap.dir/tlsf/tlsf.c.obj
[556/1052] Building C object esp-idf/hal/CMakeFiles/__idf_hal.dir/spi_slave_hal.c.obj
[609/1052] Building C object esp-idf/esp_system/CMakeFiles/__idf_esp_system.dir/startup.c.obj
[557/1052] Building C object esp-idf/hal/CMakeFiles/__idf_hal.dir/gdma_hal_ahb_v1.c.obj
[610/1052] Building C object esp-idf/esp_system/CMakeFiles/__idf_esp_system.dir/freertos_hooks.c.obj
[691/1052] Building C object esp-idf/bootloader_support/CMakeFiles/__idf_bootloader_support.dir/bootloader_flash/src/bootloader_flash_config_esp32s3.c.obj
[611/1052] Building ASM object esp-idf/esp_system/CMakeFiles/__idf_esp_system.dir/port/arch/xtensa/esp_ipc_isr_routines.S.obj
[558/1052] Building C object esp-idf/hal/CMakeFiles/__idf_hal.dir/brownout_hal.c.obj
[692/1052] Building C object esp-idf/mbedtls/mbedtls/library/CMakeFiles/mbedtls.dir/ssl_ciphersuites.c.obj
[693/1052] Building C object esp-idf/mbedtls/mbedtls/library/CMakeFiles/mbedtls.dir/ssl_tls13_keys.c.obj
[559/1052] Building C object esp-idf/hal/CMakeFiles/__idf_hal.dir/aes_hal.c.obj
[694/1052] Building C object 'esp-idf/mbedtls/mbedtls/library/CMakeFiles/mbedtls.dir/home/tikhon/Документы/magnolia/esp-idf/components/mbedtls/port/mbedtls_debug.c.obj'
[698/1046] Building C object esp-idf/mbedtls/mbedtls/library/CMakeFiles/mbedx509.dir/x509write.c.obj
[560/1052] Building C object esp-idf/hal/CMakeFiles/__idf_hal.dir/mpi_hal.c.obj
[699/1046] Building C object esp-idf/mbedtls/mbedtls/library/CMakeFiles/mbedx509.dir/x509write_csr.c.obj
[695/1052] Building C object 'esp-idf/mbedtls/mbedtls/library/CMakeFiles/mbedtls.dir/home/tikhon/Документы/magnolia/esp-idf/components/mbedtls/port/esp_platform_time.c.obj'
[561/1052] Building C object esp-idf/hal/CMakeFiles/__idf_hal.dir/hmac_hal.c.obj
[612/1052] Building C object esp-idf/esp_system/CMakeFiles/__idf_esp_system.dir/task_wdt/task_wdt_impl_timergroup.c.obj
[562/1052] Building C object esp-idf/hal/CMakeFiles/__idf_hal.dir/adc_oneshot_hal.c.obj
[613/1052] Building C object esp-idf/esp_system/CMakeFiles/__idf_esp_system.dir/port/arch/xtensa/esp_ipc_isr_port.c.obj
[700/1046] Building C object esp-idf/spi_flash/CMakeFiles/__idf_spi_flash.dir/esp_flash_api.c.obj
[696/1052] Building C object esp-idf/mbedtls/mbedtls/library/CMakeFiles/mbedtls.dir/ssl_debug_helpers_generated.c.obj
[563/1052] Building C object esp-idf/hal/CMakeFiles/__idf_hal.dir/sha_hal.c.obj
[614/1052] Building ASM object esp-idf/esp_system/CMakeFiles/__idf_esp_system.dir/port/arch/xtensa/panic_handler_asm.S.obj
[615/1052] Building ASM object esp-idf/esp_system/CMakeFiles/__idf_esp_system.dir/port/arch/xtensa/esp_ipc_isr_handler.S.obj
[697/1052] Building C object esp-idf/mbedtls/mbedtls/library/CMakeFiles/mbedx509.dir/x509_create.c.obj
[564/1052] Linking C static library esp-idf/newlib/libnewlib.a
[565/1052] Building C object esp-idf/hal/CMakeFiles/__idf_hal.dir/i2s_hal.c.obj
[701/1046] Building C object esp-idf/mbedtls/mbedtls/library/CMakeFiles/mbedx509.dir/x509write_crt.c.obj
[702/1046] Building C object esp-idf/mbedtls/mbedtls/library/CMakeFiles/mbedtls.dir/ssl_client.c.obj
[616/1052] Building C object esp-idf/esp_system/CMakeFiles/__idf_esp_system.dir/int_wdt.c.obj
[566/1052] Building C object esp-idf/hal/CMakeFiles/__idf_hal.dir/spi_slave_hal_iram.c.obj
[703/1046] Building C object 'esp-idf/mbedtls/mbedtls/library/CMakeFiles/mbedtls.dir/home/tikhon/Документы/magnolia/esp-idf/components/mbedtls/port/mbedtls_debug.c.obj'
[567/1052] Building C object esp-idf/hal/CMakeFiles/__idf_hal.dir/adc_hal.c.obj
[698/1052] Building C object esp-idf/mbedtls/mbedtls/library/CMakeFiles/mbedtls.dir/ssl_client.c.obj
[617/1052] Building C object esp-idf/esp_system/CMakeFiles/__idf_esp_system.dir/xt_wdt.c.obj
[704/1046] Building C object 'esp-idf/mbedtls/mbedtls/library/CMakeFiles/mbedtls.dir/home/tikhon/Документы/magnolia/esp-idf/components/mbedtls/port/net_sockets.c.obj'
[618/1052] Linking C static library esp-idf/hal/libhal.a
[705/1046] Building C object esp-idf/bootloader_support/CMakeFiles/__idf_bootloader_support.dir/src/bootloader_utility.c.obj
[706/1046] Building C object esp-idf/mbedtls/mbedtls/library/CMakeFiles/mbedcrypto.dir/aesni.c.obj
[619/1052] Building ASM object esp-idf/esp_system/CMakeFiles/__idf_esp_system.dir/port/arch/xtensa/debug_helpers_asm.S.obj
[568/1052] Linking C static library esp-idf/freertos/libfreertos.a
[569/1052] Building C object esp-idf/hal/CMakeFiles/__idf_hal.dir/adc_hal_common.c.obj
[620/1052] Building ASM object esp-idf/esp_system/CMakeFiles/__idf_esp_system.dir/port/arch/xtensa/expression_with_stack_asm.S.obj
[570/1052] Building C object esp-idf/hal/CMakeFiles/__idf_hal.dir/spi_hal.c.obj
[699/1052] Building C object esp-idf/bootloader_support/CMakeFiles/__idf_bootloader_support.dir/src/bootloader_utility.c.obj
[571/1052] Building C object esp-idf/hal/CMakeFiles/__idf_hal.dir/ds_hal.c.obj
[621/1052] Building C object esp-idf/esp_system/CMakeFiles/__idf_esp_system.dir/port/esp_system_chip.c.obj
[572/1052] Building C object esp-idf/hal/CMakeFiles/__idf_hal.dir/touch_sens_hal.c.obj
[622/1052] Building C object esp-idf/esp_system/CMakeFiles/__idf_esp_system.dir/port/image_process.c.obj
[700/1052] Building C object esp-idf/mbedtls/mbedtls/library/CMakeFiles/mbedx509.dir/x509_csr.c.obj
[623/1052] Building C object esp-idf/esp_system/CMakeFiles/__idf_esp_system.dir/port/arch/xtensa/debug_stubs.c.obj
[701/1052] Building C object esp-idf/mbedtls/mbedtls/library/CMakeFiles/mbedx509.dir/x509write.c.obj
[624/1052] Building ASM object esp-idf/esp_system/CMakeFiles/__idf_esp_system.dir/port/soc/esp32s3/highint_hdl.S.obj
[707/1046] Linking C static library esp-idf/spi_flash/libspi_flash.a
[573/1052] Building C object esp-idf/esp_rom/CMakeFiles/__idf_esp_rom.dir/patches/esp_rom_crc.c.obj
[702/1052] Building C object esp-idf/mbedtls/mbedtls/library/CMakeFiles/mbedx509.dir/x509write_csr.c.obj
[625/1052] Linking C static library esp-idf/esp_rom/libesp_rom.a
[574/1052] Building C object esp-idf/hal/CMakeFiles/__idf_hal.dir/cam_hal.c.obj
[626/1052] Building C object esp-idf/esp_system/CMakeFiles/__idf_esp_system.dir/port/esp_ipc_isr.c.obj
[575/1052] Building C object esp-idf/hal/CMakeFiles/__idf_hal.dir/usb_serial_jtag_hal.c.obj
[576/1052] Building C object esp-idf/hal/CMakeFiles/__idf_hal.dir/usb_wrap_hal.c.obj
[703/1052] Building C object esp-idf/mbedtls/mbedtls/library/CMakeFiles/mbedx509.dir/x509write_crt.c.obj
[577/1052] Building C object esp-idf/hal/CMakeFiles/__idf_hal.dir/xt_wdt_hal.c.obj
[708/1046] Building C object esp-idf/mbedtls/mbedtls/library/CMakeFiles/mbedcrypto.dir/aesce.c.obj
[704/1052] Building C object esp-idf/mbedtls/mbedtls/library/CMakeFiles/mbedtls.dir/ssl_msg.c.obj
[578/1052] Building C object esp-idf/esp_rom/CMakeFiles/__idf_esp_rom.dir/patches/esp_rom_efuse.c.obj
[579/1052] Building C object esp-idf/esp_rom/CMakeFiles/__idf_esp_rom.dir/patches/esp_rom_serial_output.c.obj
[627/1052] Building C object esp-idf/spi_flash/CMakeFiles/__idf_spi_flash.dir/flash_brownout_hook.c.obj
[705/1052] Building C object esp-idf/mbedtls/mbedtls/library/CMakeFiles/mbedtls.dir/ssl_cache.c.obj
[628/1052] Building C object esp-idf/esp_system/CMakeFiles/__idf_esp_system.dir/port/panic_handler.c.obj
[580/1052] Building C object esp-idf/esp_rom/CMakeFiles/__idf_esp_rom.dir/patches/esp_rom_sys.c.obj
[709/1046] Building C object esp-idf/mbedtls/mbedtls/library/CMakeFiles/mbedcrypto.dir/aes.c.obj
[706/1052] Building C object esp-idf/mbedtls/mbedtls/library/CMakeFiles/mbedtls.dir/ssl_ticket.c.obj
[710/1046] Linking C static library esp-idf/esp_mm/libesp_mm.a
[629/1052] Building C object esp-idf/esp_system/CMakeFiles/__idf_esp_system.dir/port/soc/esp32s3/reset_reason.c.obj
[581/1052] Building ASM object esp-idf/esp_rom/CMakeFiles/__idf_esp_rom.dir/patches/esp_rom_longjmp.S.obj
[582/1052] Building C object esp-idf/esp_rom/CMakeFiles/__idf_esp_rom.dir/patches/esp_rom_spiflash.c.obj
[630/1052] Building C object esp-idf/esp_system/CMakeFiles/__idf_esp_system.dir/port/arch/xtensa/expression_with_stack.c.obj
[711/1046] Building C object esp-idf/mbedtls/mbedtls/library/CMakeFiles/mbedtls.dir/ssl_tls12_client.c.obj
[707/1052] Building C object esp-idf/spi_flash/CMakeFiles/__idf_spi_flash.dir/esp_flash_api.c.obj
[631/1052] Building C object esp-idf/esp_system/CMakeFiles/__idf_esp_system.dir/startup_funcs.c.obj
[632/1052] Building C object esp-idf/esp_system/CMakeFiles/__idf_esp_system.dir/port/arch/xtensa/panic_arch.c.obj
[708/1052] Building C object esp-idf/mbedtls/mbedtls/library/CMakeFiles/mbedcrypto.dir/aesni.c.obj
[633/1052] Building C object esp-idf/esp_system/CMakeFiles/__idf_esp_system.dir/port/arch/xtensa/trax.c.obj
[709/1052] Building C object esp-idf/mbedtls/mbedtls/library/CMakeFiles/mbedcrypto.dir/aesce.c.obj
[712/1046] Building C object esp-idf/mbedtls/mbedtls/library/CMakeFiles/mbedcrypto.dir/base64.c.obj
[634/1052] Building C object esp-idf/spi_flash/CMakeFiles/__idf_spi_flash.dir/spi_flash_chip_drivers.c.obj
[583/1052] Building ASM object esp-idf/esp_rom/CMakeFiles/__idf_esp_rom.dir/patches/esp_rom_cache_writeback_esp32s3.S.obj
[713/1046] Building C object esp-idf/mbedtls/mbedtls/library/CMakeFiles/mbedx509.dir/pkcs7.c.obj
[710/1052] Building C object esp-idf/mbedtls/mbedtls/library/CMakeFiles/mbedcrypto.dir/asn1parse.c.obj
[584/1052] Building C object esp-idf/esp_rom/CMakeFiles/__idf_esp_rom.dir/patches/esp_rom_gpio.c.obj
[714/1046] Building C object esp-idf/mbedtls/mbedtls/library/CMakeFiles/mbedx509.dir/x509_crl.c.obj
[585/1052] Building C object esp-idf/hal/CMakeFiles/__idf_hal.dir/temperature_sensor_hal.c.obj
[711/1052] Building C object 'esp-idf/mbedtls/mbedtls/library/CMakeFiles/mbedtls.dir/home/tikhon/Документы/magnolia/esp-idf/components/mbedtls/port/net_sockets.c.obj'
[586/1052] Building C object esp-idf/hal/CMakeFiles/__idf_hal.dir/spi_flash_hal_gpspi.c.obj
[715/1046] Building C object esp-idf/mbedtls/mbedtls/library/CMakeFiles/mbedcrypto.dir/aria.c.obj
[587/1052] Building C object esp-idf/hal/CMakeFiles/__idf_hal.dir/touch_sensor_hal.c.obj
[588/1052] Building C object esp-idf/esp_rom/CMakeFiles/__idf_esp_rom.dir/patches/esp_rom_systimer.c.obj
[635/1052] Building C object esp-idf/esp_system/CMakeFiles/__idf_esp_system.dir/panic.c.obj
[589/1052] Building C object esp-idf/esp_rom/CMakeFiles/__idf_esp_rom.dir/patches/esp_rom_cache_esp32s2_esp32s3.c.obj
[716/1046] Building C object esp-idf/mbedtls/mbedtls/library/CMakeFiles/mbedcrypto.dir/bignum_mod_raw.c.obj
[712/1052] Linking C static library esp-idf/spi_flash/libspi_flash.a
[590/1052] Building C object esp-idf/hal/CMakeFiles/__idf_hal.dir/esp32s3/rtc_cntl_hal.c.obj
[713/1052] Building C object esp-idf/mbedtls/mbedtls/library/CMakeFiles/mbedcrypto.dir/bignum_mod.c.obj
[717/1046] Linking C static library esp-idf/bootloader_support/libbootloader_support.a
[636/1052] Building C object esp-idf/spi_flash/CMakeFiles/__idf_spi_flash.dir/spi_flash_chip_issi.c.obj
[591/1052] Building C object esp-idf/esp_rom/CMakeFiles/__idf_esp_rom.dir/patches/esp_rom_wdt.c.obj
[718/1046] Building C object esp-idf/mbedtls/mbedtls/library/CMakeFiles/mbedcrypto.dir/block_cipher.c.obj
[592/1052] Building C object esp-idf/esp_system/CMakeFiles/__idf_esp_system.dir/esp_err.c.obj
[714/1052] Building C object esp-idf/mbedtls/mbedtls/library/CMakeFiles/mbedx509.dir/x509_crl.c.obj
[637/1052] Building C object esp-idf/spi_flash/CMakeFiles/__idf_spi_flash.dir/spi_flash_hpm_enable.c.obj
[593/1052] Building C object esp-idf/hal/CMakeFiles/__idf_hal.dir/esp32s3/touch_sensor_hal.c.obj
[715/1052] Building C object esp-idf/mbedtls/mbedtls/library/CMakeFiles/mbedcrypto.dir/camellia.c.obj
[719/1046] Building C object esp-idf/mbedtls/mbedtls/library/CMakeFiles/mbedcrypto.dir/bignum_mod.c.obj
[720/1046] Building C object esp-idf/mbedtls/mbedtls/library/CMakeFiles/mbedcrypto.dir/chacha20.c.obj
[716/1052] Building C object esp-idf/mbedtls/mbedtls/library/CMakeFiles/mbedcrypto.dir/bignum_mod_raw.c.obj
[594/1052] Building C object esp-idf/esp_rom/CMakeFiles/__idf_esp_rom.dir/patches/esp_rom_print.c.obj
[595/1052] Building C object esp-idf/esp_system/CMakeFiles/__idf_esp_system.dir/esp_system_console.c.obj
[638/1052] Building C object esp-idf/spi_flash/CMakeFiles/__idf_spi_flash.dir/spi_flash_chip_boya.c.obj
[721/1046] Building C object esp-idf/mbedtls/mbedtls/library/CMakeFiles/mbedx509.dir/x509_csr.c.obj
[596/1052] Linking C static library esp-idf/esp_hw_support/libesp_hw_support.a
[639/1052] Building C object esp-idf/esp_system/CMakeFiles/__idf_esp_system.dir/port/soc/esp32s3/cache_err_int.c.obj
[722/1046] Building C object esp-idf/mbedtls/mbedtls/library/CMakeFiles/mbedcrypto.dir/camellia.c.obj
[717/1052] Linking C static library esp-idf/esp_mm/libesp_mm.a
[597/1052] Building C object esp-idf/hal/CMakeFiles/__idf_hal.dir/spi_hal_iram.c.obj
[640/1052] Building C object esp-idf/spi_flash/CMakeFiles/__idf_spi_flash.dir/esp32s3/spi_flash_oct_flash_init.c.obj
[723/1046] Building C object esp-idf/mbedtls/mbedtls/library/CMakeFiles/mbedcrypto.dir/asn1parse.c.obj
[718/1052] Building C object esp-idf/mbedtls/mbedtls/library/CMakeFiles/mbedx509.dir/pkcs7.c.obj
[641/1052] Building C object esp-idf/spi_flash/CMakeFiles/__idf_spi_flash.dir/spi_flash_chip_gd.c.obj
[724/1046] Building C object esp-idf/mbedtls/mbedtls/library/CMakeFiles/mbedcrypto.dir/chachapoly.c.obj
[642/1052] Building C object esp-idf/esp_system/CMakeFiles/__idf_esp_system.dir/task_wdt/task_wdt.c.obj
[643/1052] Building C object esp-idf/esp_system/CMakeFiles/__idf_esp_system.dir/port/soc/esp32s3/clk.c.obj
[719/1052] Building C object esp-idf/mbedtls/mbedtls/library/CMakeFiles/mbedcrypto.dir/aes.c.obj
[644/1052] Building C object esp-idf/esp_system/CMakeFiles/__idf_esp_system.dir/port/soc/esp32s3/apb_backup_dma.c.obj
[720/1052] Building C object esp-idf/mbedtls/mbedtls/library/CMakeFiles/mbedcrypto.dir/block_cipher.c.obj
[598/1052] Building C object esp-idf/hal/CMakeFiles/__idf_hal.dir/spi_slave_hd_hal.c.obj
[645/1052] Building C object esp-idf/esp_system/CMakeFiles/__idf_esp_system.dir/port/cpu_start.c.obj
[646/1052] Building C object esp-idf/spi_flash/CMakeFiles/__idf_spi_flash.dir/spi_flash_chip_mxic.c.obj
[721/1052] Building C object esp-idf/mbedtls/mbedtls/library/CMakeFiles/mbedtls.dir/ssl_tls12_client.c.obj
[647/1052] Building C object esp-idf/esp_system/CMakeFiles/__idf_esp_system.dir/port/arch/xtensa/debug_helpers.c.obj
[725/1046] Building C object esp-idf/mbedtls/mbedtls/library/CMakeFiles/mbedcrypto.dir/des.c.obj
[648/1052] Building C object esp-idf/spi_flash/CMakeFiles/__idf_spi_flash.dir/spi_flash_chip_th.c.obj
[722/1052] Building C object esp-idf/mbedtls/mbedtls/library/CMakeFiles/mbedcrypto.dir/chacha20.c.obj
[599/1052] Building C object esp-idf/esp_system/CMakeFiles/__idf_esp_system.dir/ubsan.c.obj
[649/1052] Building C object esp-idf/esp_common/CMakeFiles/__idf_esp_common.dir/src/esp_err_to_name.c.obj
[600/1052] Building C object esp-idf/esp_system/CMakeFiles/__idf_esp_system.dir/crosscore_int.c.obj
[601/1052] Linking C static library esp-idf/soc/libsoc.a
[726/1046] Building C object esp-idf/mbedtls/mbedtls/library/CMakeFiles/mbedcrypto.dir/asn1write.c.obj
[650/1052] Building C object esp-idf/esp_system/CMakeFiles/__idf_esp_system.dir/port/soc/esp32s3/system_internal.c.obj
[602/1052] Building C object esp-idf/esp_system/CMakeFiles/__idf_esp_system.dir/stack_check.c.obj
[723/1052] Linking C static library esp-idf/bootloader_support/libbootloader_support.a
[603/1052] Building C object esp-idf/esp_system/CMakeFiles/__idf_esp_system.dir/xt_wdt.c.obj
[651/1052] Building C object esp-idf/spi_flash/CMakeFiles/__idf_spi_flash.dir/spi_flash_chip_winbond.c.obj
[724/1052] Building C object esp-idf/mbedtls/mbedtls/library/CMakeFiles/mbedcrypto.dir/chachapoly.c.obj
[604/1052] Building C object esp-idf/esp_system/CMakeFiles/__idf_esp_system.dir/freertos_hooks.c.obj
[605/1052] Building C object esp-idf/esp_system/CMakeFiles/__idf_esp_system.dir/esp_system.c.obj
[652/1052] Building C object esp-idf/spi_flash/CMakeFiles/__idf_spi_flash.dir/cache_utils.c.obj
[727/1046] Building C object esp-idf/mbedtls/mbedtls/library/CMakeFiles/mbedcrypto.dir/cipher_wrap.c.obj
[606/1052] Building C object esp-idf/esp_system/CMakeFiles/__idf_esp_system.dir/startup.c.obj
[653/1052] Building C object esp-idf/spi_flash/CMakeFiles/__idf_spi_flash.dir/flash_mmap.c.obj
[725/1052] Building C object esp-idf/mbedtls/mbedtls/library/CMakeFiles/mbedcrypto.dir/des.c.obj
[654/1052] Building C object esp-idf/spi_flash/CMakeFiles/__idf_spi_flash.dir/spi_flash_os_func_noos.c.obj
[607/1052] Building C object esp-idf/hal/CMakeFiles/__idf_hal.dir/usb_dwc_hal.c.obj
[655/1052] Building C object esp-idf/esp_mm/CMakeFiles/__idf_esp_mm.dir/port/esp32s3/ext_mem_layout.c.obj
[608/1052] Building C object esp-idf/esp_system/CMakeFiles/__idf_esp_system.dir/system_time.c.obj
[656/1052] Linking C static library esp-idf/esp_common/libesp_common.a
[657/1052] Building C object esp-idf/spi_flash/CMakeFiles/__idf_spi_flash.dir/spi_flash_chip_mxic_opi.c.obj
[728/1046] Building C object esp-idf/mbedtls/mbedtls/library/CMakeFiles/mbedcrypto.dir/ecdh.c.obj
[609/1052] Linking C static library esp-idf/heap/libheap.a
[729/1046] Building C object esp-idf/mbedtls/mbedtls/library/CMakeFiles/mbedcrypto.dir/ecjpake.c.obj
[730/1046] Building C object esp-idf/mbedtls/mbedtls/library/CMakeFiles/mbedcrypto.dir/ecdsa.c.obj
[610/1052] Building ASM object esp-idf/esp_system/CMakeFiles/__idf_esp_system.dir/port/arch/xtensa/esp_ipc_isr_routines.S.obj
[726/1052] Building C object esp-idf/mbedtls/mbedtls/library/CMakeFiles/mbedcrypto.dir/ccm.c.obj
[727/1052] Building C object esp-idf/mbedtls/mbedtls/library/CMakeFiles/mbedcrypto.dir/base64.c.obj
[611/1052] Building ASM object esp-idf/esp_system/CMakeFiles/__idf_esp_system.dir/port/arch/xtensa/esp_ipc_isr_handler.S.obj
[731/1046] Building C object esp-idf/mbedtls/mbedtls/library/CMakeFiles/mbedcrypto.dir/constant_time.c.obj
[728/1052] Building C object esp-idf/mbedtls/mbedtls/library/CMakeFiles/mbedcrypto.dir/constant_time.c.obj
[732/1046] Building C object esp-idf/mbedtls/mbedtls/library/CMakeFiles/mbedcrypto.dir/dhm.c.obj
[612/1052] Building C object esp-idf/esp_common/CMakeFiles/__idf_esp_common.dir/src/esp_err_to_name.c.obj
[729/1052] Building C object esp-idf/mbedtls/mbedtls/library/CMakeFiles/mbedcrypto.dir/asn1write.c.obj
[613/1052] Building C object esp-idf/esp_system/CMakeFiles/__idf_esp_system.dir/int_wdt.c.obj
[730/1052] Building C object esp-idf/mbedtls/mbedtls/library/CMakeFiles/mbedcrypto.dir/ecdh.c.obj
[658/1052] Building C object esp-idf/spi_flash/CMakeFiles/__idf_spi_flash.dir/memspi_host_driver.c.obj
[614/1052] Building C object esp-idf/esp_system/CMakeFiles/__idf_esp_system.dir/esp_ipc.c.obj
[733/1046] Building C object esp-idf/mbedtls/mbedtls/library/CMakeFiles/mbedcrypto.dir/ccm.c.obj
[615/1052] Building ASM object esp-idf/esp_system/CMakeFiles/__idf_esp_system.dir/port/arch/xtensa/panic_handler_asm.S.obj
[659/1052] Building C object esp-idf/esp_mm/CMakeFiles/__idf_esp_mm.dir/heap_align_hw.c.obj
[616/1052] Linking C static library esp-idf/log/liblog.a
[734/1046] Building C object esp-idf/mbedtls/mbedtls/library/CMakeFiles/mbedcrypto.dir/ecp_curves_new.c.obj
[617/1052] Building C object esp-idf/esp_system/CMakeFiles/__idf_esp_system.dir/port/esp_system_chip.c.obj
[618/1052] Building ASM object esp-idf/esp_system/CMakeFiles/__idf_esp_system.dir/port/arch/xtensa/expression_with_stack_asm.S.obj
[660/1052] Building C object esp-idf/spi_flash/CMakeFiles/__idf_spi_flash.dir/spi_flash_wrap.c.obj
[735/1046] Building C object esp-idf/mbedtls/mbedtls/library/CMakeFiles/mbedtls.dir/ssl_msg.c.obj
[731/1052] Building C object esp-idf/mbedtls/mbedtls/library/CMakeFiles/mbedcrypto.dir/ecp_curves_new.c.obj
[661/1052] Building C object esp-idf/bootloader_support/CMakeFiles/__idf_bootloader_support.dir/src/bootloader_clock_init.c.obj
[662/1052] Building C object esp-idf/bootloader_support/CMakeFiles/__idf_bootloader_support.dir/src/bootloader_mem.c.obj
[732/1052] Building C object esp-idf/mbedtls/mbedtls/library/CMakeFiles/mbedcrypto.dir/ctr_drbg.c.obj
[619/1052] Building C object esp-idf/esp_system/CMakeFiles/__idf_esp_system.dir/port/image_process.c.obj
[733/1052] Building C object esp-idf/mbedtls/mbedtls/library/CMakeFiles/mbedx509.dir/x509.c.obj
[620/1052] Building ASM object esp-idf/esp_system/CMakeFiles/__idf_esp_system.dir/port/arch/xtensa/debug_helpers_asm.S.obj
[621/1052] Building ASM object esp-idf/esp_system/CMakeFiles/__idf_esp_system.dir/port/soc/esp32s3/highint_hdl.S.obj
[663/1052] Linking C static library esp-idf/esp_system/libesp_system.a
[734/1052] Building C object esp-idf/mbedtls/mbedtls/library/CMakeFiles/mbedcrypto.dir/bignum_core.c.obj
[664/1052] Building C object esp-idf/esp_mm/CMakeFiles/__idf_esp_mm.dir/esp_cache_utils.c.obj
[736/1046] Building C object esp-idf/mbedtls/mbedtls/library/CMakeFiles/mbedcrypto.dir/hkdf.c.obj
[665/1052] Building C object esp-idf/bootloader_support/CMakeFiles/__idf_bootloader_support.dir/src/bootloader_random.c.obj
[622/1052] Building C object esp-idf/esp_system/CMakeFiles/__idf_esp_system.dir/port/arch/xtensa/esp_ipc_isr_port.c.obj
[623/1052] Building C object esp-idf/esp_system/CMakeFiles/__idf_esp_system.dir/port/arch/xtensa/expression_with_stack.c.obj
[735/1052] Building C object esp-idf/mbedtls/mbedtls/library/CMakeFiles/mbedcrypto.dir/ecjpake.c.obj
[737/1046] Building C object esp-idf/mbedtls/mbedtls/library/CMakeFiles/mbedcrypto.dir/bignum_core.c.obj
[738/1046] Building C object esp-idf/mbedtls/mbedtls/library/CMakeFiles/mbedcrypto.dir/entropy_poll.c.obj
[624/1052] Building C object esp-idf/esp_system/CMakeFiles/__idf_esp_system.dir/port/arch/xtensa/debug_helpers.c.obj
[625/1052] Building C object esp-idf/esp_system/CMakeFiles/__idf_esp_system.dir/port/panic_handler.c.obj
[666/1052] Building C object esp-idf/esp_mm/CMakeFiles/__idf_esp_mm.dir/esp_cache_msync.c.obj
[667/1052] Building C object esp-idf/bootloader_support/CMakeFiles/__idf_bootloader_support.dir/src/bootloader_efuse.c.obj
[736/1052] Building C object esp-idf/mbedtls/mbedtls/library/CMakeFiles/mbedcrypto.dir/entropy_poll.c.obj
[739/1046] Building C object esp-idf/mbedtls/mbedtls/library/CMakeFiles/mbedcrypto.dir/entropy.c.obj
[626/1052] Building C object esp-idf/esp_system/CMakeFiles/__idf_esp_system.dir/port/arch/xtensa/debug_stubs.c.obj
[737/1052] Building C object esp-idf/mbedtls/mbedtls/library/CMakeFiles/mbedcrypto.dir/aria.c.obj
[627/1052] Building C object esp-idf/esp_system/CMakeFiles/__idf_esp_system.dir/port/esp_ipc_isr.c.obj
[628/1052] Building C object esp-idf/esp_system/CMakeFiles/__idf_esp_system.dir/startup_funcs.c.obj
[738/1052] Building C object esp-idf/mbedtls/mbedtls/library/CMakeFiles/mbedcrypto.dir/dhm.c.obj
[629/1052] Building C object esp-idf/esp_system/CMakeFiles/__idf_esp_system.dir/port/arch/xtensa/panic_arch.c.obj
[630/1052] Building C object esp-idf/esp_system/CMakeFiles/__idf_esp_system.dir/port/arch/xtensa/trax.c.obj
[739/1052] Building C object esp-idf/mbedtls/mbedtls/library/CMakeFiles/mbedcrypto.dir/hkdf.c.obj
[631/1052] Building C object esp-idf/spi_flash/CMakeFiles/__idf_spi_flash.dir/flash_brownout_hook.c.obj
[668/1052] Building C object esp-idf/bootloader_support/CMakeFiles/__idf_bootloader_support.dir/bootloader_flash/src/bootloader_flash_config_esp32s3.c.obj
[740/1046] Building C object esp-idf/mbedtls/mbedtls/library/CMakeFiles/mbedx509.dir/x509.c.obj
[741/1046] Building C object esp-idf/mbedtls/mbedtls/library/CMakeFiles/mbedcrypto.dir/lmots.c.obj
[669/1052] Building C object esp-idf/spi_flash/CMakeFiles/__idf_spi_flash.dir/spi_flash_os_func_app.c.obj
[740/1052] Building C object esp-idf/mbedtls/mbedtls/library/CMakeFiles/mbedcrypto.dir/cipher_wrap.c.obj
[742/1046] Building C object esp-idf/mbedtls/mbedtls/library/CMakeFiles/mbedcrypto.dir/ctr_drbg.c.obj
[632/1052] Building C object esp-idf/esp_system/CMakeFiles/__idf_esp_system.dir/task_wdt/task_wdt_impl_timergroup.c.obj
[743/1046] Building C object esp-idf/mbedtls/mbedtls/library/CMakeFiles/mbedcrypto.dir/lms.c.obj
[633/1052] Building C object esp-idf/esp_system/CMakeFiles/__idf_esp_system.dir/port/soc/esp32s3/reset_reason.c.obj
[634/1052] Building C object esp-idf/spi_flash/CMakeFiles/__idf_spi_flash.dir/spi_flash_chip_issi.c.obj
[670/1052] Building C object esp-idf/bootloader_support/CMakeFiles/__idf_bootloader_support.dir/src/flash_encrypt.c.obj
[635/1052] Building C object esp-idf/esp_system/CMakeFiles/__idf_esp_system.dir/port/soc/esp32s3/apb_backup_dma.c.obj
[744/1046] Building C object esp-idf/mbedtls/mbedtls/library/CMakeFiles/mbedcrypto.dir/cmac.c.obj
[671/1052] Building C object esp-idf/bootloader_support/CMakeFiles/__idf_bootloader_support.dir/src/bootloader_common_loader.c.obj
[672/1052] Building C object esp-idf/bootloader_support/CMakeFiles/__idf_bootloader_support.dir/src/flash_partitions.c.obj
[636/1052] Building C object esp-idf/esp_system/CMakeFiles/__idf_esp_system.dir/panic.c.obj
[637/1052] Building C object esp-idf/spi_flash/CMakeFiles/__idf_spi_flash.dir/spi_flash_chip_drivers.c.obj
[673/1052] Building C object esp-idf/bootloader_support/CMakeFiles/__idf_bootloader_support.dir/src/bootloader_sha.c.obj
[741/1052] Building C object esp-idf/mbedtls/mbedtls/library/CMakeFiles/mbedcrypto.dir/ecdsa.c.obj
[674/1052] Building C object esp-idf/esp_mm/CMakeFiles/__idf_esp_mm.dir/esp_mmu_map.c.obj
[638/1052] Linking C static library esp-idf/hal/libhal.a
[675/1052] Building C object esp-idf/spi_flash/CMakeFiles/__idf_spi_flash.dir/flash_ops.c.obj
[676/1052] Building C object esp-idf/mbedtls/mbedtls/library/CMakeFiles/mbedtls.dir/mps_trace.c.obj
[742/1052] Building C object esp-idf/mbedtls/mbedtls/library/CMakeFiles/mbedcrypto.dir/lms.c.obj
[677/1052] Building C object esp-idf/spi_flash/CMakeFiles/__idf_spi_flash.dir/spi_flash_chip_generic.c.obj
[743/1052] Building C object esp-idf/mbedtls/mbedtls/library/CMakeFiles/mbedcrypto.dir/lmots.c.obj
[678/1052] Building C object esp-idf/bootloader_support/CMakeFiles/__idf_bootloader_support.dir/src/secure_boot.c.obj
[639/1052] Building C object esp-idf/spi_flash/CMakeFiles/__idf_spi_flash.dir/esp32s3/spi_flash_oct_flash_init.c.obj
[745/1046] Building C object esp-idf/mbedtls/mbedtls/library/CMakeFiles/mbedcrypto.dir/nist_kw.c.obj
[640/1052] Building C object esp-idf/spi_flash/CMakeFiles/__idf_spi_flash.dir/spi_flash_hpm_enable.c.obj
[746/1046] Building C object esp-idf/mbedtls/mbedtls/library/CMakeFiles/mbedcrypto.dir/memory_buffer_alloc.c.obj
[744/1052] Building C object esp-idf/mbedtls/mbedtls/library/CMakeFiles/mbedcrypto.dir/memory_buffer_alloc.c.obj
[747/1046] Building C object esp-idf/mbedtls/mbedtls/library/CMakeFiles/mbedcrypto.dir/error.c.obj
[641/1052] Building C object esp-idf/spi_flash/CMakeFiles/__idf_spi_flash.dir/spi_flash_chip_gd.c.obj
[748/1046] Building C object esp-idf/mbedtls/mbedtls/library/CMakeFiles/mbedcrypto.dir/padlock.c.obj
[642/1052] Building C object esp-idf/esp_system/CMakeFiles/__idf_esp_system.dir/task_wdt/task_wdt.c.obj
[643/1052] Building C object esp-idf/esp_system/CMakeFiles/__idf_esp_system.dir/port/soc/esp32s3/cache_err_int.c.obj
[644/1052] Building C object esp-idf/spi_flash/CMakeFiles/__idf_spi_flash.dir/spi_flash_chip_boya.c.obj
[679/1052] Building C object esp-idf/spi_flash/CMakeFiles/__idf_spi_flash.dir/esp_flash_spi_init.c.obj
[745/1052] Building C object esp-idf/mbedtls/mbedtls/library/CMakeFiles/mbedcrypto.dir/md5.c.obj
[680/1052] Building C object esp-idf/bootloader_support/CMakeFiles/__idf_bootloader_support.dir/src/bootloader_random_esp32s3.c.obj
[749/1046] Building C object esp-idf/mbedtls/mbedtls/library/CMakeFiles/mbedcrypto.dir/hmac_drbg.c.obj
[645/1052] Linking C static library esp-idf/esp_rom/libesp_rom.a
[646/1052] Building C object esp-idf/spi_flash/CMakeFiles/__idf_spi_flash.dir/spi_flash_chip_th.c.obj
[746/1052] Building C object esp-idf/mbedtls/mbedtls/library/CMakeFiles/mbedcrypto.dir/cmac.c.obj
[747/1052] Building C object esp-idf/mbedtls/mbedtls/library/CMakeFiles/mbedcrypto.dir/entropy.c.obj
[647/1052] Building C object esp-idf/spi_flash/CMakeFiles/__idf_spi_flash.dir/flash_mmap.c.obj
[750/1046] Building C object esp-idf/mbedtls/mbedtls/library/CMakeFiles/mbedcrypto.dir/pem.c.obj
[681/1052] Building C object esp-idf/mbedtls/mbedtls/library/CMakeFiles/mbedtls.dir/debug.c.obj
[682/1052] Building C object esp-idf/mbedtls/mbedtls/library/CMakeFiles/mbedtls.dir/mps_reader.c.obj
[751/1046] Building C object esp-idf/mbedtls/mbedtls/library/CMakeFiles/mbedcrypto.dir/md5.c.obj
[683/1052] Building C object esp-idf/mbedtls/mbedtls/library/CMakeFiles/mbedtls.dir/ssl_cookie.c.obj
[752/1046] Building C object esp-idf/mbedtls/mbedtls/library/CMakeFiles/mbedtls.dir/ssl_tls.c.obj
[648/1052] Linking C static library esp-idf/esp_common/libesp_common.a
[748/1052] Building C object esp-idf/mbedtls/mbedtls/library/CMakeFiles/mbedcrypto.dir/cipher.c.obj
[753/1046] Building C object esp-idf/mbedtls/mbedtls/library/CMakeFiles/mbedcrypto.dir/cipher.c.obj
[749/1052] Building C object esp-idf/mbedtls/mbedtls/library/CMakeFiles/mbedcrypto.dir/error.c.obj
[684/1052] Building C object esp-idf/bootloader_support/CMakeFiles/__idf_bootloader_support.dir/src/esp32s3/secure_boot_secure_features.c.obj
[649/1052] Building C object esp-idf/spi_flash/CMakeFiles/__idf_spi_flash.dir/spi_flash_chip_mxic.c.obj
[750/1052] Building C object esp-idf/mbedtls/mbedtls/library/CMakeFiles/mbedcrypto.dir/padlock.c.obj
[685/1052] Building C object esp-idf/bootloader_support/CMakeFiles/__idf_bootloader_support.dir/src/bootloader_common.c.obj
[751/1052] Building C object esp-idf/mbedtls/mbedtls/library/CMakeFiles/mbedcrypto.dir/nist_kw.c.obj
[686/1052] Building C object esp-idf/bootloader_support/CMakeFiles/__idf_bootloader_support.dir/bootloader_flash/src/flash_qio_mode.c.obj
[754/1046] Building C object esp-idf/mbedtls/mbedtls/library/CMakeFiles/mbedtls.dir/ssl_tls12_server.c.obj
[650/1052] Building C object esp-idf/esp_system/CMakeFiles/__idf_esp_system.dir/port/soc/esp32s3/system_internal.c.obj
[752/1052] Building C object esp-idf/mbedtls/mbedtls/library/CMakeFiles/mbedcrypto.dir/hmac_drbg.c.obj
[687/1052] Building C object esp-idf/mbedtls/mbedtls/library/CMakeFiles/mbedtls.dir/ssl_client.c.obj
[755/1046] Building C object esp-idf/mbedtls/mbedtls/library/CMakeFiles/mbedcrypto.dir/pkcs12.c.obj
[688/1052] Building C object esp-idf/bootloader_support/CMakeFiles/__idf_bootloader_support.dir/src/esp_image_format.c.obj
[689/1052] Building C object esp-idf/spi_flash/CMakeFiles/__idf_spi_flash.dir/esp_flash_api.c.obj
[651/1052] Building C object esp-idf/spi_flash/CMakeFiles/__idf_spi_flash.dir/flash_ops.c.obj
[690/1052] Building C object esp-idf/mbedtls/mbedtls/library/CMakeFiles/mbedtls.dir/ssl_tls13_client.c.obj
[691/1052] Building C object esp-idf/bootloader_support/CMakeFiles/__idf_bootloader_support.dir/bootloader_flash/src/bootloader_flash.c.obj
[652/1052] Building C object esp-idf/spi_flash/CMakeFiles/__idf_spi_flash.dir/spi_flash_chip_winbond.c.obj
[692/1052] Building C object esp-idf/mbedtls/mbedtls/library/CMakeFiles/mbedtls.dir/ssl_tls13_server.c.obj
[756/1046] Building C object esp-idf/mbedtls/mbedtls/library/CMakeFiles/mbedcrypto.dir/platform.c.obj
[653/1052] Building C object esp-idf/esp_system/CMakeFiles/__idf_esp_system.dir/port/cpu_start.c.obj
[693/1052] Building C object 'esp-idf/mbedtls/mbedtls/library/CMakeFiles/mbedtls.dir/home/tikhon/Документы/magnolia/esp-idf/components/mbedtls/port/mbedtls_debug.c.obj'
[654/1052] Building C object esp-idf/esp_mm/CMakeFiles/__idf_esp_mm.dir/port/esp32s3/ext_mem_layout.c.obj
[757/1046] Building C object esp-idf/mbedtls/mbedtls/library/CMakeFiles/mbedcrypto.dir/pk_ecc.c.obj
[753/1052] Building C object esp-idf/mbedtls/mbedtls/library/CMakeFiles/mbedcrypto.dir/gcm.c.obj
[694/1052] Building C object esp-idf/mbedtls/mbedtls/library/CMakeFiles/mbedtls.dir/ssl_tls13_keys.c.obj
[758/1046] Building C object esp-idf/mbedtls/mbedtls/library/CMakeFiles/mbedcrypto.dir/gcm.c.obj
[655/1052] Building C object esp-idf/esp_mm/CMakeFiles/__idf_esp_mm.dir/esp_cache_msync.c.obj
[656/1052] Building C object esp-idf/esp_system/CMakeFiles/__idf_esp_system.dir/port/soc/esp32s3/clk.c.obj
[759/1046] Linking CXX static library esp-idf/mbedtls/mbedtls/library/libmbedtls.a
[657/1052] Building C object esp-idf/spi_flash/CMakeFiles/__idf_spi_flash.dir/spi_flash_wrap.c.obj
[754/1052] Building C object esp-idf/mbedtls/mbedtls/library/CMakeFiles/mbedtls.dir/ssl_tls12_server.c.obj
[755/1052] Building C object esp-idf/mbedtls/mbedtls/library/CMakeFiles/mbedcrypto.dir/ecp.c.obj
[658/1052] Building C object esp-idf/spi_flash/CMakeFiles/__idf_spi_flash.dir/memspi_host_driver.c.obj
[695/1052] Building C object esp-idf/mbedtls/mbedtls/library/CMakeFiles/mbedtls.dir/ssl_tls13_generic.c.obj
[659/1052] Building C object esp-idf/esp_mm/CMakeFiles/__idf_esp_mm.dir/esp_cache_utils.c.obj
[827/1045] Building C object esp-idf/mbedtls/mbedtls/library/CMakeFiles/mbedcrypto.dir/psa_crypto.c.obj
[756/1052] Building C object esp-idf/mbedtls/mbedtls/library/CMakeFiles/mbedcrypto.dir/platform.c.obj
[696/1052] Linking C static library esp-idf/spi_flash/libspi_flash.a
[757/1052] Building C object esp-idf/mbedtls/mbedtls/library/CMakeFiles/mbedcrypto.dir/md.c.obj
[760/1046] Building C object esp-idf/mbedtls/mbedtls/library/CMakeFiles/mbedx509.dir/x509_crt.c.obj
[761/1046] Building C object esp-idf/mbedtls/mbedtls/library/CMakeFiles/mbedcrypto.dir/poly1305.c.obj
[762/1046] Building C object esp-idf/mbedtls/mbedtls/library/CMakeFiles/mbedcrypto.dir/platform_util.c.obj
[697/1052] Building C object esp-idf/mbedtls/mbedtls/library/CMakeFiles/mbedx509.dir/x509_create.c.obj
[660/1052] Building C object esp-idf/spi_flash/CMakeFiles/__idf_spi_flash.dir/spi_flash_chip_mxic_opi.c.obj
[763/1046] Building C object esp-idf/mbedtls/mbedtls/library/CMakeFiles/mbedcrypto.dir/pkwrite.c.obj
[661/1052] Building C object esp-idf/spi_flash/CMakeFiles/__idf_spi_flash.dir/cache_utils.c.obj
[698/1052] Building C object esp-idf/mbedtls/mbedtls/library/CMakeFiles/mbedtls.dir/ssl_cache.c.obj
[758/1052] Building C object esp-idf/mbedtls/mbedtls/library/CMakeFiles/mbedcrypto.dir/poly1305.c.obj
[662/1052] Building C object esp-idf/spi_flash/CMakeFiles/__idf_spi_flash.dir/spi_flash_os_func_noos.c.obj
[699/1052] Building C object 'esp-idf/mbedtls/mbedtls/library/CMakeFiles/mbedtls.dir/home/tikhon/Документы/magnolia/esp-idf/components/mbedtls/port/esp_platform_time.c.obj'
[764/1046] Building C object esp-idf/mbedtls/mbedtls/library/CMakeFiles/mbedcrypto.dir/md.c.obj
[759/1052] Building C object esp-idf/mbedtls/mbedtls/library/CMakeFiles/mbedcrypto.dir/platform_util.c.obj
[700/1052] Building C object esp-idf/mbedtls/mbedtls/library/CMakeFiles/mbedtls.dir/ssl_debug_helpers_generated.c.obj
[663/1052] Building C object esp-idf/spi_flash/CMakeFiles/__idf_spi_flash.dir/spi_flash_chip_generic.c.obj
[664/1052] Building C object esp-idf/esp_mm/CMakeFiles/__idf_esp_mm.dir/heap_align_hw.c.obj
[701/1052] Building C object esp-idf/mbedtls/mbedtls/library/CMakeFiles/mbedtls.dir/ssl_ciphersuites.c.obj
[760/1052] Building C object esp-idf/mbedtls/mbedtls/library/CMakeFiles/mbedcrypto.dir/pem.c.obj
[702/1052] Linking C static library esp-idf/esp_mm/libesp_mm.a
[665/1052] Building C object esp-idf/bootloader_support/CMakeFiles/__idf_bootloader_support.dir/src/flash_encrypt.c.obj
[765/1046] Building C object esp-idf/mbedtls/mbedtls/library/CMakeFiles/mbedcrypto.dir/ecp_curves.c.obj
[761/1052] Building C object esp-idf/mbedtls/mbedtls/library/CMakeFiles/mbedcrypto.dir/pk_ecc.c.obj
[766/1046] Building C object esp-idf/mbedtls/mbedtls/library/CMakeFiles/mbedcrypto.dir/pk_wrap.c.obj
[666/1052] Linking C static library esp-idf/esp_system/libesp_system.a
[667/1052] Building C object esp-idf/bootloader_support/CMakeFiles/__idf_bootloader_support.dir/src/secure_boot.c.obj
[762/1052] Building C object esp-idf/mbedtls/mbedtls/library/CMakeFiles/mbedcrypto.dir/pk.c.obj
[668/1052] Building C object esp-idf/bootloader_support/CMakeFiles/__idf_bootloader_support.dir/src/bootloader_mem.c.obj
[669/1052] Building C object esp-idf/bootloader_support/CMakeFiles/__idf_bootloader_support.dir/src/bootloader_efuse.c.obj
[763/1052] Building C object esp-idf/mbedtls/mbedtls/library/CMakeFiles/mbedcrypto.dir/ecp_curves.c.obj
[764/1052] Building C object esp-idf/mbedtls/mbedtls/library/CMakeFiles/mbedcrypto.dir/pk_wrap.c.obj
[670/1052] Building C object esp-idf/bootloader_support/CMakeFiles/__idf_bootloader_support.dir/src/bootloader_clock_init.c.obj
[703/1052] Building C object esp-idf/mbedtls/mbedtls/library/CMakeFiles/mbedx509.dir/x509write.c.obj
[671/1052] Building C object esp-idf/bootloader_support/CMakeFiles/__idf_bootloader_support.dir/src/bootloader_random.c.obj
[704/1052] Building C object esp-idf/mbedtls/mbedtls/library/CMakeFiles/mbedx509.dir/x509write_crt.c.obj
[765/1052] Building C object esp-idf/mbedtls/mbedtls/library/CMakeFiles/mbedx509.dir/x509_crt.c.obj
[705/1052] Building C object esp-idf/mbedtls/mbedtls/library/CMakeFiles/mbedx509.dir/x509write_csr.c.obj
[767/1046] Building C object esp-idf/mbedtls/mbedtls/library/CMakeFiles/mbedcrypto.dir/bignum.c.obj
[706/1052] Building C object 'esp-idf/mbedtls/mbedtls/library/CMakeFiles/mbedtls.dir/home/tikhon/Документы/magnolia/esp-idf/components/mbedtls/port/net_sockets.c.obj'
[768/1046] Building C object esp-idf/mbedtls/mbedtls/library/CMakeFiles/mbedcrypto.dir/psa_crypto_ecp.c.obj
[672/1052] Building C object esp-idf/esp_mm/CMakeFiles/__idf_esp_mm.dir/esp_mmu_map.c.obj
[766/1052] Building C object esp-idf/mbedtls/mbedtls/library/CMakeFiles/mbedcrypto.dir/psa_crypto_driver_wrappers_no_static.c.obj
[769/1046] Building C object esp-idf/mbedtls/mbedtls/library/CMakeFiles/mbedcrypto.dir/psa_crypto_mac.c.obj
[770/1046] Building C object esp-idf/mbedtls/mbedtls/library/CMakeFiles/mbedcrypto.dir/pkcs5.c.obj
[767/1052] Building C object esp-idf/mbedtls/mbedtls/library/CMakeFiles/mbedcrypto.dir/bignum.c.obj
[771/1046] Building C object esp-idf/mbedtls/mbedtls/library/CMakeFiles/mbedcrypto.dir/psa_crypto_aead.c.obj
[768/1052] Building C object esp-idf/mbedtls/mbedtls/library/CMakeFiles/mbedcrypto.dir/pkcs12.c.obj
[707/1052] Building C object esp-idf/mbedtls/mbedtls/library/CMakeFiles/mbedcrypto.dir/aesni.c.obj
[673/1052] Building C object esp-idf/bootloader_support/CMakeFiles/__idf_bootloader_support.dir/src/bootloader_common_loader.c.obj
[769/1052] Building C object esp-idf/mbedtls/mbedtls/library/CMakeFiles/mbedcrypto.dir/oid.c.obj
[772/1046] Building C object esp-idf/mbedtls/mbedtls/library/CMakeFiles/mbedcrypto.dir/psa_crypto_client.c.obj
[773/1046] Building C object esp-idf/mbedtls/mbedtls/library/CMakeFiles/mbedcrypto.dir/psa_crypto_ffdh.c.obj
[708/1052] Building C object esp-idf/mbedtls/mbedtls/library/CMakeFiles/mbedcrypto.dir/aesce.c.obj
[674/1052] Building C object esp-idf/mbedtls/mbedtls/library/CMakeFiles/mbedtls.dir/debug.c.obj
[774/1046] Building C object esp-idf/mbedtls/mbedtls/library/CMakeFiles/mbedcrypto.dir/oid.c.obj
[675/1052] Building C object esp-idf/bootloader_support/CMakeFiles/__idf_bootloader_support.dir/bootloader_flash/src/bootloader_flash.c.obj
[709/1052] Building C object esp-idf/mbedtls/mbedtls/library/CMakeFiles/mbedtls.dir/ssl_ticket.c.obj
[770/1052] Building C object esp-idf/mbedtls/mbedtls/library/CMakeFiles/mbedcrypto.dir/psa_crypto_client.c.obj
[775/1046] Building C object esp-idf/mbedtls/mbedtls/library/CMakeFiles/mbedcrypto.dir/psa_crypto_se.c.obj
[676/1052] Building C object esp-idf/bootloader_support/CMakeFiles/__idf_bootloader_support.dir/src/bootloader_sha.c.obj
[771/1052] Building C object esp-idf/mbedtls/mbedtls/library/CMakeFiles/mbedcrypto.dir/pkwrite.c.obj
[710/1052] Building C object esp-idf/bootloader_support/CMakeFiles/__idf_bootloader_support.dir/src/bootloader_utility.c.obj
[776/1046] Building C object esp-idf/mbedtls/mbedtls/library/CMakeFiles/mbedcrypto.dir/psa_crypto_driver_wrappers_no_static.c.obj
[677/1052] Building C object esp-idf/mbedtls/mbedtls/library/CMakeFiles/mbedtls.dir/mps_reader.c.obj
[777/1046] Building C object esp-idf/mbedtls/mbedtls/library/CMakeFiles/mbedcrypto.dir/pk.c.obj
[772/1052] Building C object esp-idf/mbedtls/mbedtls/library/CMakeFiles/mbedcrypto.dir/pkcs5.c.obj
[678/1052] Building C object esp-idf/spi_flash/CMakeFiles/__idf_spi_flash.dir/spi_flash_os_func_app.c.obj
[679/1052] Building C object esp-idf/bootloader_support/CMakeFiles/__idf_bootloader_support.dir/bootloader_flash/src/flash_qio_mode.c.obj
[680/1052] Building C object esp-idf/bootloader_support/CMakeFiles/__idf_bootloader_support.dir/src/flash_partitions.c.obj
[773/1052] Building C object esp-idf/mbedtls/mbedtls/library/CMakeFiles/mbedcrypto.dir/psa_crypto_se.c.obj
[681/1052] Building C object esp-idf/bootloader_support/CMakeFiles/__idf_bootloader_support.dir/src/bootloader_random_esp32s3.c.obj
[682/1052] Building C object esp-idf/mbedtls/mbedtls/library/CMakeFiles/mbedtls.dir/mps_trace.c.obj
[683/1052] Building C object esp-idf/bootloader_support/CMakeFiles/__idf_bootloader_support.dir/src/esp32s3/secure_boot_secure_features.c.obj
[711/1052] Building C object esp-idf/mbedtls/mbedtls/library/CMakeFiles/mbedcrypto.dir/bignum_mod.c.obj
[684/1052] Building C object esp-idf/bootloader_support/CMakeFiles/__idf_bootloader_support.dir/src/bootloader_common.c.obj
[712/1052] Building C object esp-idf/mbedtls/mbedtls/library/CMakeFiles/mbedcrypto.dir/asn1write.c.obj
[778/1046] Building C object esp-idf/mbedtls/mbedtls/library/CMakeFiles/mbedcrypto.dir/psa_crypto_pake.c.obj
[779/1046] Building C object esp-idf/mbedtls/mbedtls/library/CMakeFiles/mbedcrypto.dir/psa_crypto_hash.c.obj
[774/1052] Building C object esp-idf/mbedtls/mbedtls/library/CMakeFiles/mbedcrypto.dir/psa_crypto_cipher.c.obj
[828/1045] Linking CXX static library esp-idf/mbedtls/mbedtls/library/libmbedcrypto.a
[685/1052] Building C object esp-idf/mbedtls/mbedtls/library/CMakeFiles/mbedtls.dir/ssl_ciphersuites.c.obj
[780/1046] Building C object esp-idf/mbedtls/mbedtls/library/CMakeFiles/mbedcrypto.dir/ripemd160.c.obj
[713/1052] Building C object esp-idf/mbedtls/mbedtls/library/CMakeFiles/mbedcrypto.dir/bignum_mod_raw.c.obj
[781/1046] Building C object esp-idf/mbedtls/mbedtls/library/CMakeFiles/mbedcrypto.dir/ecp.c.obj
[686/1052] Building C object esp-idf/mbedtls/mbedtls/library/CMakeFiles/mbedtls.dir/ssl_tls13_server.c.obj
[775/1052] Building C object esp-idf/mbedtls/mbedtls/library/CMakeFiles/mbedcrypto.dir/psa_crypto_aead.c.obj
[714/1052] Linking C static library esp-idf/bootloader_support/libbootloader_support.a
[782/1046] Building C object esp-idf/mbedtls/mbedtls/library/CMakeFiles/mbedcrypto.dir/psa_util.c.obj
[715/1052] Building C object esp-idf/mbedtls/mbedtls/library/CMakeFiles/mbedcrypto.dir/asn1parse.c.obj
[783/1046] Building C object esp-idf/mbedtls/mbedtls/library/CMakeFiles/mbedcrypto.dir/psa_its_file.c.obj
[776/1052] Building C object esp-idf/mbedtls/mbedtls/library/CMakeFiles/mbedcrypto.dir/psa_crypto_ffdh.c.obj
[687/1052] Building C object esp-idf/spi_flash/CMakeFiles/__idf_spi_flash.dir/esp_flash_spi_init.c.obj
[777/1052] Building C object esp-idf/mbedtls/mbedtls/library/CMakeFiles/mbedtls.dir/ssl_tls.c.obj
[784/1046] Building C object esp-idf/mbedtls/mbedtls/library/CMakeFiles/mbedcrypto.dir/psa_crypto_slot_management.c.obj
[785/1046] Building C object esp-idf/mbedtls/mbedtls/library/CMakeFiles/mbedcrypto.dir/threading.c.obj
[829/1045] Linking CXX static library esp-idf/mbedtls/mbedtls/3rdparty/p256-m/libp256m.a
[688/1052] Building C object esp-idf/mbedtls/mbedtls/library/CMakeFiles/mbedtls.dir/ssl_cookie.c.obj
[786/1046] Building C object esp-idf/mbedtls/mbedtls/library/CMakeFiles/mbedcrypto.dir/sha256.c.obj
[778/1052] Building C object esp-idf/mbedtls/mbedtls/library/CMakeFiles/mbedcrypto.dir/pkparse.c.obj
[779/1052] Building C object esp-idf/mbedtls/mbedtls/library/CMakeFiles/mbedcrypto.dir/psa_crypto_hash.c.obj
[787/1046] Building C object esp-idf/mbedtls/mbedtls/library/CMakeFiles/mbedcrypto.dir/psa_crypto_storage.c.obj
[788/1046] Building C object esp-idf/mbedtls/mbedtls/library/CMakeFiles/mbedcrypto.dir/timing.c.obj
[716/1052] Building C object esp-idf/mbedtls/mbedtls/library/CMakeFiles/mbedcrypto.dir/aes.c.obj
[780/1052] Building C object esp-idf/mbedtls/mbedtls/library/CMakeFiles/mbedcrypto.dir/psa_crypto_pake.c.obj
[717/1052] Building C object esp-idf/mbedtls/mbedtls/library/CMakeFiles/mbedx509.dir/pkcs7.c.obj
[781/1052] Building C object esp-idf/mbedtls/mbedtls/library/CMakeFiles/mbedcrypto.dir/ripemd160.c.obj
[782/1052] Building C object esp-idf/mbedtls/mbedtls/library/CMakeFiles/mbedcrypto.dir/psa_crypto_mac.c.obj
[689/1052] Building C object esp-idf/mbedtls/mbedtls/library/CMakeFiles/mbedtls.dir/ssl_tls13_client.c.obj
[718/1052] Building C object esp-idf/mbedtls/mbedtls/library/CMakeFiles/mbedcrypto.dir/block_cipher.c.obj
[789/1046] Building C object esp-idf/mbedtls/mbedtls/library/CMakeFiles/mbedcrypto.dir/version_features.c.obj
[690/1052] Building C object esp-idf/mbedtls/mbedtls/library/CMakeFiles/mbedtls.dir/ssl_tls13_keys.c.obj
[719/1052] Building C object esp-idf/mbedtls/mbedtls/library/CMakeFiles/mbedcrypto.dir/camellia.c.obj
[783/1052] Building C object esp-idf/mbedtls/mbedtls/library/CMakeFiles/mbedcrypto.dir/sha1.c.obj
[720/1052] Building C object esp-idf/mbedtls/mbedtls/library/CMakeFiles/mbedcrypto.dir/base64.c.obj
[790/1046] Building C object esp-idf/mbedtls/mbedtls/library/CMakeFiles/mbedcrypto.dir/version.c.obj
[721/1052] Building C object esp-idf/mbedtls/mbedtls/library/CMakeFiles/mbedtls.dir/ssl_tls.c.obj
[791/1046] Building C object 'esp-idf/mbedtls/mbedtls/library/CMakeFiles/mbedcrypto.dir/home/tikhon/Документы/magnolia/esp-idf/components/mbedtls/port/esp_mem.c.obj'
[830/1045] Linking CXX static library esp-idf/mbedtls/mbedtls/3rdparty/everest/libeverest.a
[792/1046] Building C object esp-idf/mbedtls/mbedtls/library/CMakeFiles/mbedcrypto.dir/sha1.c.obj
[722/1052] Building C object esp-idf/mbedtls/mbedtls/library/CMakeFiles/mbedcrypto.dir/chacha20.c.obj
[691/1052] Building C object esp-idf/bootloader_support/CMakeFiles/__idf_bootloader_support.dir/bootloader_flash/src/bootloader_flash_config_esp32s3.c.obj
[793/1046] Building C object 'esp-idf/mbedtls/mbedtls/library/CMakeFiles/mbedcrypto.dir/home/tikhon/Документы/magnolia/esp-idf/components/mbedtls/port/esp_hardware.c.obj'
[692/1052] Building C object esp-idf/mbedtls/mbedtls/library/CMakeFiles/mbedtls.dir/ssl_ticket.c.obj
[794/1046] Building C object 'esp-idf/mbedtls/mbedtls/library/CMakeFiles/mbedcrypto.dir/home/tikhon/Документы/magnolia/esp-idf/components/mbedtls/port/aes/dma/esp_aes_gdma_impl.c.obj'
[693/1052] Building C object 'esp-idf/mbedtls/mbedtls/library/CMakeFiles/mbedtls.dir/home/tikhon/Документы/magnolia/esp-idf/components/mbedtls/port/esp_platform_time.c.obj'
[723/1052] Building C object esp-idf/mbedtls/mbedtls/library/CMakeFiles/mbedx509.dir/x509_crl.c.obj
[784/1052] Building C object esp-idf/mbedtls/mbedtls/library/CMakeFiles/mbedcrypto.dir/version.c.obj
[694/1052] Building C object esp-idf/mbedtls/mbedtls/library/CMakeFiles/mbedtls.dir/ssl_tls13_generic.c.obj
[795/1046] Building C object esp-idf/mbedtls/mbedtls/library/CMakeFiles/mbedcrypto.dir/psa_crypto_cipher.c.obj
[785/1052] Building C object esp-idf/mbedtls/mbedtls/library/CMakeFiles/mbedcrypto.dir/sha256.c.obj
[786/1052] Building C object esp-idf/mbedtls/mbedtls/library/CMakeFiles/mbedcrypto.dir/sha512.c.obj
[796/1046] Building C object 'esp-idf/mbedtls/mbedtls/library/CMakeFiles/mbedcrypto.dir/home/tikhon/Документы/magnolia/esp-idf/components/mbedtls/port/sha/core/esp_sha_gdma_impl.c.obj'
[797/1046] Building C object esp-idf/mbedtls/mbedtls/library/CMakeFiles/mbedcrypto.dir/pkparse.c.obj
[724/1052] Building C object esp-idf/mbedtls/mbedtls/library/CMakeFiles/mbedcrypto.dir/chachapoly.c.obj
[787/1052] Building C object esp-idf/mbedtls/mbedtls/library/CMakeFiles/mbedcrypto.dir/psa_crypto_ecp.c.obj
[788/1052] Building C object esp-idf/mbedtls/mbedtls/library/CMakeFiles/mbedcrypto.dir/version_features.c.obj
[798/1046] Building C object esp-idf/mbedtls/mbedtls/library/CMakeFiles/mbedcrypto.dir/sha512.c.obj
[789/1052] Building C object esp-idf/mbedtls/mbedtls/library/CMakeFiles/mbedcrypto.dir/threading.c.obj
[799/1046] Building C object esp-idf/mbedtls/mbedtls/library/CMakeFiles/mbedcrypto.dir/rsa_alt_helpers.c.obj
[790/1052] Linking CXX static library esp-idf/mbedtls/mbedtls/library/libmbedtls.a
[791/1052] Building C object esp-idf/mbedtls/mbedtls/library/CMakeFiles/mbedcrypto.dir/psa_its_file.c.obj
[792/1052] Building C object esp-idf/mbedtls/mbedtls/library/CMakeFiles/mbedcrypto.dir/timing.c.obj
[695/1052] Building C object esp-idf/mbedtls/mbedtls/library/CMakeFiles/mbedtls.dir/ssl_debug_helpers_generated.c.obj
[696/1052] Building C object esp-idf/mbedtls/mbedtls/library/CMakeFiles/mbedtls.dir/ssl_cache.c.obj
[725/1052] Building C object esp-idf/mbedtls/mbedtls/library/CMakeFiles/mbedcrypto.dir/des.c.obj
[800/1046] Building C object 'esp-idf/mbedtls/mbedtls/library/CMakeFiles/mbedcrypto.dir/home/tikhon/Документы/magnolia/esp-idf/components/mbedtls/port/aes/dma/esp_aes_dma_core.c.obj'
[697/1052] Building C object esp-idf/mbedtls/mbedtls/library/CMakeFiles/mbedtls.dir/ssl_client.c.obj
[793/1052] Building C object 'esp-idf/mbedtls/mbedtls/library/CMakeFiles/mbedcrypto.dir/home/tikhon/Документы/magnolia/esp-idf/components/mbedtls/port/esp_mem.c.obj'
[698/1052] Building C object esp-idf/mbedtls/mbedtls/library/CMakeFiles/mbedx509.dir/pkcs7.c.obj
[699/1052] Building C object esp-idf/mbedtls/mbedtls/library/CMakeFiles/mbedx509.dir/x509_create.c.obj
[726/1052] Building C object esp-idf/mbedtls/mbedtls/library/CMakeFiles/mbedx509.dir/x509_csr.c.obj
[794/1052] Building C object 'esp-idf/mbedtls/mbedtls/library/CMakeFiles/mbedcrypto.dir/home/tikhon/Документы/magnolia/esp-idf/components/mbedtls/port/esp_hardware.c.obj'
[700/1052] Building C object esp-idf/mbedtls/mbedtls/library/CMakeFiles/mbedtls.dir/ssl_tls12_client.c.obj
[801/1046] Building C object 'esp-idf/mbedtls/mbedtls/library/CMakeFiles/mbedcrypto.dir/home/tikhon/Документы/magnolia/esp-idf/components/mbedtls/port/bignum/bignum_alt.c.obj'
[795/1052] Building C object 'esp-idf/mbedtls/mbedtls/library/CMakeFiles/mbedcrypto.dir/home/tikhon/Документы/magnolia/esp-idf/components/mbedtls/port/esp_timing.c.obj'
[796/1052] Building C object esp-idf/mbedtls/mbedtls/library/CMakeFiles/mbedcrypto.dir/psa_util.c.obj
[727/1052] Building C object esp-idf/mbedtls/mbedtls/library/CMakeFiles/mbedcrypto.dir/ctr_drbg.c.obj
[802/1046] Building C object 'esp-idf/mbedtls/mbedtls/library/CMakeFiles/mbedcrypto.dir/home/tikhon/Документы/magnolia/esp-idf/components/mbedtls/port/aes/esp_aes_xts.c.obj'
[728/1052] Building C object esp-idf/mbedtls/mbedtls/library/CMakeFiles/mbedcrypto.dir/aria.c.obj
[797/1052] Building C object 'esp-idf/mbedtls/mbedtls/library/CMakeFiles/mbedcrypto.dir/home/tikhon/Документы/magnolia/esp-idf/components/mbedtls/port/sha/core/esp_sha_gdma_impl.c.obj'
[803/1046] Building C object esp-idf/mbedtls/mbedtls/library/CMakeFiles/mbedcrypto.dir/psa_crypto_rsa.c.obj
[729/1052] Building C object esp-idf/mbedtls/mbedtls/library/CMakeFiles/mbedcrypto.dir/dhm.c.obj
[798/1052] Building C object 'esp-idf/mbedtls/mbedtls/library/CMakeFiles/mbedcrypto.dir/home/tikhon/Документы/magnolia/esp-idf/components/mbedtls/port/aes/dma/esp_aes_gdma_impl.c.obj'
[701/1052] Building C object 'esp-idf/mbedtls/mbedtls/library/CMakeFiles/mbedtls.dir/home/tikhon/Документы/magnolia/esp-idf/components/mbedtls/port/mbedtls_debug.c.obj'
[702/1052] Building C object esp-idf/mbedtls/mbedtls/library/CMakeFiles/mbedcrypto.dir/aesni.c.obj
[799/1052] Building C object esp-idf/mbedtls/mbedtls/library/CMakeFiles/mbedcrypto.dir/rsa_alt_helpers.c.obj
[804/1046] Building C object 'esp-idf/mbedtls/mbedtls/library/CMakeFiles/mbedcrypto.dir/home/tikhon/Документы/magnolia/esp-idf/components/mbedtls/port/esp_timing.c.obj'
[800/1052] Building C object esp-idf/mbedtls/mbedtls/library/CMakeFiles/mbedcrypto.dir/sha3.c.obj
[801/1052] Building C object esp-idf/mbedtls/mbedtls/library/CMakeFiles/mbedcrypto.dir/psa_crypto_storage.c.obj
[805/1046] Building C object 'esp-idf/mbedtls/mbedtls/library/CMakeFiles/mbedcrypto.dir/home/tikhon/Документы/magnolia/esp-idf/components/mbedtls/port/esp_ds/esp_ds_common.c.obj'
[730/1052] Building C object esp-idf/mbedtls/mbedtls/library/CMakeFiles/mbedcrypto.dir/ecdsa.c.obj
[806/1046] Building C object 'esp-idf/mbedtls/mbedtls/library/CMakeFiles/mbedcrypto.dir/home/tikhon/Документы/magnolia/esp-idf/components/mbedtls/port/sha/esp_sha.c.obj'
[802/1052] Building C object esp-idf/mbedtls/mbedtls/library/CMakeFiles/mbedcrypto.dir/psa_crypto_slot_management.c.obj
[703/1052] Building C object esp-idf/mbedtls/mbedtls/library/CMakeFiles/mbedx509.dir/x509write.c.obj
[803/1052] Building C object esp-idf/mbedtls/mbedtls/library/CMakeFiles/mbedcrypto.dir/psa_crypto_rsa.c.obj
[704/1052] Building C object esp-idf/mbedtls/mbedtls/library/CMakeFiles/mbedx509.dir/x509write_crt.c.obj
[705/1052] Building C object esp-idf/mbedtls/mbedtls/library/CMakeFiles/mbedx509.dir/x509write_csr.c.obj
[804/1052] Building C object 'esp-idf/mbedtls/mbedtls/library/CMakeFiles/mbedcrypto.dir/home/tikhon/Документы/magnolia/esp-idf/components/mbedtls/port/aes/esp_aes_xts.c.obj'
[731/1052] Building C object esp-idf/mbedtls/mbedtls/library/CMakeFiles/mbedcrypto.dir/ecdh.c.obj
[732/1052] Building C object esp-idf/mbedtls/mbedtls/library/CMakeFiles/mbedcrypto.dir/constant_time.c.obj
[805/1052] Building C object 'esp-idf/mbedtls/mbedtls/library/CMakeFiles/mbedcrypto.dir/home/tikhon/Документы/magnolia/esp-idf/components/mbedtls/port/aes/esp_aes_common.c.obj'
[733/1052] Building C object esp-idf/mbedtls/mbedtls/library/CMakeFiles/mbedtls.dir/ssl_tls12_client.c.obj
[706/1052] Building C object esp-idf/mbedtls/mbedtls/library/CMakeFiles/mbedcrypto.dir/aes.c.obj
[806/1052] Building C object 'esp-idf/mbedtls/mbedtls/library/CMakeFiles/mbedcrypto.dir/home/tikhon/Документы/magnolia/esp-idf/components/mbedtls/port/bignum/bignum_alt.c.obj'
[734/1052] Building C object esp-idf/mbedtls/mbedtls/library/CMakeFiles/mbedcrypto.dir/ecjpake.c.obj
[707/1052] Building C object esp-idf/spi_flash/CMakeFiles/__idf_spi_flash.dir/esp_flash_api.c.obj
[807/1052] Building C object 'esp-idf/mbedtls/mbedtls/library/CMakeFiles/mbedcrypto.dir/home/tikhon/Документы/magnolia/esp-idf/components/mbedtls/port/esp_ds/esp_rsa_dec_alt.c.obj'
[807/1046] Building C object 'esp-idf/mbedtls/mbedtls/library/CMakeFiles/mbedcrypto.dir/home/tikhon/Документы/magnolia/esp-idf/components/mbedtls/port/esp_ds/esp_rsa_sign_alt.c.obj'
[808/1046] Building C object esp-idf/mbedtls/mbedtls/library/CMakeFiles/mbedcrypto.dir/rsa.c.obj
[809/1046] Building C object esp-idf/mbedtls/mbedtls/library/CMakeFiles/mbedcrypto.dir/sha3.c.obj
[735/1052] Building C object esp-idf/mbedtls/mbedtls/library/CMakeFiles/mbedcrypto.dir/cipher_wrap.c.obj
[708/1052] Building C object esp-idf/mbedtls/mbedtls/library/CMakeFiles/mbedcrypto.dir/aesce.c.obj
[810/1046] Building C object 'esp-idf/mbedtls/mbedtls/library/CMakeFiles/mbedcrypto.dir/home/tikhon/Документы/magnolia/esp-idf/components/mbedtls/port/aes/esp_aes_common.c.obj'
[811/1046] Linking CXX static library esp-idf/mbedtls/mbedtls/library/libmbedx509.a
[812/1046] Building C object esp-idf/mbedtls/mbedtls/3rdparty/p256-m/CMakeFiles/p256m.dir/p256-m_driver_entrypoints.c.obj
[813/1046] Building C object 'esp-idf/mbedtls/mbedtls/library/CMakeFiles/mbedcrypto.dir/home/tikhon/Документы/magnolia/esp-idf/components/mbedtls/port/esp_ds/esp_rsa_dec_alt.c.obj'
[736/1052] Building C object esp-idf/mbedtls/mbedtls/library/CMakeFiles/mbedcrypto.dir/bignum_core.c.obj
[814/1046] Building C object 'esp-idf/mbedtls/mbedtls/library/CMakeFiles/mbedcrypto.dir/home/tikhon/Документы/magnolia/esp-idf/components/mbedtls/port/aes/dma/esp_aes.c.obj'
[808/1052] Building C object 'esp-idf/mbedtls/mbedtls/library/CMakeFiles/mbedcrypto.dir/home/tikhon/Документы/magnolia/esp-idf/components/mbedtls/port/md/esp_md.c.obj'
[809/1052] Linking CXX static library esp-idf/mbedtls/mbedtls/library/libmbedx509.a
[810/1052] Building C object 'esp-idf/mbedtls/mbedtls/library/CMakeFiles/mbedcrypto.dir/home/tikhon/Документы/magnolia/esp-idf/components/mbedtls/port/sha/esp_sha.c.obj'
[815/1046] Building C object 'esp-idf/mbedtls/mbedtls/library/CMakeFiles/mbedcrypto.dir/home/tikhon/Документы/magnolia/esp-idf/components/mbedtls/port/md/esp_md.c.obj'
[737/1052] Building C object esp-idf/mbedtls/mbedtls/library/CMakeFiles/mbedcrypto.dir/cmac.c.obj
[738/1052] Building C object esp-idf/mbedtls/mbedtls/library/CMakeFiles/mbedcrypto.dir/cipher.c.obj
[739/1052] Building C object esp-idf/mbedtls/mbedtls/library/CMakeFiles/mbedcrypto.dir/entropy.c.obj
[740/1052] Building C object esp-idf/mbedtls/mbedtls/library/CMakeFiles/mbedcrypto.dir/entropy_poll.c.obj
[741/1052] Building C object esp-idf/mbedtls/mbedtls/library/CMakeFiles/mbedcrypto.dir/ecp_curves_new.c.obj
[811/1052] Building C object esp-idf/mbedtls/mbedtls/3rdparty/p256-m/CMakeFiles/p256m.dir/p256-m_driver_entrypoints.c.obj
[812/1052] Building C object 'esp-idf/mbedtls/mbedtls/library/CMakeFiles/mbedcrypto.dir/home/tikhon/Документы/magnolia/esp-idf/components/mbedtls/port/aes/dma/esp_aes.c.obj'
[709/1052] Building C object esp-idf/mbedtls/mbedtls/library/CMakeFiles/mbedcrypto.dir/bignum_mod.c.obj
[816/1046] Building C object 'esp-idf/mbedtls/mbedtls/library/CMakeFiles/mbedcrypto.dir/home/tikhon/Документы/magnolia/esp-idf/components/mbedtls/port/aes/esp_aes_gcm.c.obj'
[817/1046] Building C object esp-idf/mbedtls/mbedtls/3rdparty/everest/CMakeFiles/everest.dir/library/x25519.c.obj
[813/1052] Building C object esp-idf/mbedtls/mbedtls/3rdparty/p256-m/CMakeFiles/p256m.dir/p256-m/p256-m.c.obj
[814/1052] Building C object esp-idf/mbedtls/mbedtls/3rdparty/everest/CMakeFiles/everest.dir/library/everest.c.obj
[742/1052] Building C object esp-idf/mbedtls/mbedtls/library/CMakeFiles/mbedcrypto.dir/hkdf.c.obj
[815/1052] Building C object 'esp-idf/mbedtls/mbedtls/library/CMakeFiles/mbedcrypto.dir/home/tikhon/Документы/magnolia/esp-idf/components/mbedtls/port/sha/core/sha.c.obj'
[710/1052] Linking C static library esp-idf/spi_flash/libspi_flash.a
[711/1052] Building C object esp-idf/mbedtls/mbedtls/library/CMakeFiles/mbedx509.dir/x509.c.obj
[743/1052] Building C object esp-idf/mbedtls/mbedtls/library/CMakeFiles/mbedcrypto.dir/ccm.c.obj
[818/1046] Building C object 'esp-idf/mbedtls/mbedtls/library/CMakeFiles/mbedcrypto.dir/home/tikhon/Документы/magnolia/esp-idf/components/mbedtls/port/sha/core/esp_sha1.c.obj'
[712/1052] Building C object esp-idf/bootloader_support/CMakeFiles/__idf_bootloader_support.dir/src/esp_image_format.c.obj
[744/1052] Building C object esp-idf/mbedtls/mbedtls/library/CMakeFiles/mbedtls.dir/ssl_msg.c.obj
[745/1052] Building C object esp-idf/mbedtls/mbedtls/library/CMakeFiles/mbedcrypto.dir/lms.c.obj
[819/1046] Building C object 'esp-idf/mbedtls/mbedtls/library/CMakeFiles/mbedcrypto.dir/home/tikhon/Документы/magnolia/esp-idf/components/mbedtls/port/sha/core/esp_sha256.c.obj'
[713/1052] Linking C static library esp-idf/esp_mm/libesp_mm.a
[820/1046] Building C object 'esp-idf/mbedtls/mbedtls/library/CMakeFiles/mbedcrypto.dir/home/tikhon/Документы/magnolia/esp-idf/components/mbedtls/port/crypto_shared_gdma/esp_crypto_shared_gdma.c.obj'
[714/1052] Building C object esp-idf/mbedtls/mbedtls/library/CMakeFiles/mbedcrypto.dir/block_cipher.c.obj
[746/1052] Building C object esp-idf/mbedtls/mbedtls/library/CMakeFiles/mbedcrypto.dir/memory_buffer_alloc.c.obj
[816/1052] Building C object esp-idf/mbedtls/mbedtls/3rdparty/everest/CMakeFiles/everest.dir/library/x25519.c.obj
[747/1052] Building C object esp-idf/mbedtls/mbedtls/library/CMakeFiles/mbedtls.dir/ssl_tls12_server.c.obj
[817/1052] Building C object 'esp-idf/mbedtls/mbedtls/library/CMakeFiles/mbedcrypto.dir/home/tikhon/Документы/magnolia/esp-idf/components/mbedtls/port/sha/core/esp_sha1.c.obj'
[818/1052] Building C object 'esp-idf/mbedtls/mbedtls/library/CMakeFiles/mbedcrypto.dir/home/tikhon/Документы/magnolia/esp-idf/components/mbedtls/port/bignum/esp_bignum.c.obj'
[748/1052] Building C object esp-idf/mbedtls/mbedtls/library/CMakeFiles/mbedcrypto.dir/hmac_drbg.c.obj
[819/1052] Building C object esp-idf/mbedtls/mbedtls/3rdparty/everest/CMakeFiles/everest.dir/library/Hacl_Curve25519_joined.c.obj
[715/1052] Building C object esp-idf/mbedtls/mbedtls/library/CMakeFiles/mbedcrypto.dir/bignum_mod_raw.c.obj
[821/1046] Building C object 'esp-idf/mbedtls/mbedtls/library/CMakeFiles/mbedcrypto.dir/home/tikhon/Документы/magnolia/esp-idf/components/mbedtls/port/bignum/esp_bignum.c.obj'
[822/1046] Building C object esp-idf/mbedtls/mbedtls/3rdparty/everest/CMakeFiles/everest.dir/library/Hacl_Curve25519_joined.c.obj
[823/1046] Building C object 'esp-idf/mbedtls/mbedtls/library/CMakeFiles/mbedcrypto.dir/home/tikhon/Документы/magnolia/esp-idf/components/mbedtls/port/sha/core/esp_sha512.c.obj'
[749/1052] Building C object esp-idf/mbedtls/mbedtls/library/CMakeFiles/mbedcrypto.dir/lmots.c.obj
[716/1052] Building C object esp-idf/mbedtls/mbedtls/library/CMakeFiles/mbedx509.dir/x509_crl.c.obj
[824/1046] Building C object 'esp-idf/mbedtls/mbedtls/library/CMakeFiles/mbedcrypto.dir/home/tikhon/Документы/magnolia/esp-idf/components/mbedtls/port/sha/core/sha.c.obj'
[750/1052] Building C object esp-idf/mbedtls/mbedtls/library/CMakeFiles/mbedcrypto.dir/padlock.c.obj
[820/1052] Building C object 'esp-idf/mbedtls/mbedtls/library/CMakeFiles/mbedcrypto.dir/home/tikhon/Документы/magnolia/esp-idf/components/mbedtls/port/esp_ds/esp_rsa_sign_alt.c.obj'
[821/1052] Building C object 'esp-idf/mbedtls/mbedtls/library/CMakeFiles/mbedcrypto.dir/home/tikhon/Документы/magnolia/esp-idf/components/mbedtls/port/crypto_shared_gdma/esp_crypto_shared_gdma.c.obj'
[822/1052] Building C object 'esp-idf/mbedtls/mbedtls/library/CMakeFiles/mbedcrypto.dir/home/tikhon/Документы/magnolia/esp-idf/components/mbedtls/port/sha/core/esp_sha256.c.obj'
[751/1052] Building C object esp-idf/mbedtls/mbedtls/library/CMakeFiles/mbedcrypto.dir/nist_kw.c.obj
[825/1046] Building C object esp-idf/mbedtls/mbedtls/3rdparty/everest/CMakeFiles/everest.dir/library/everest.c.obj
[752/1052] Building C object esp-idf/mbedtls/mbedtls/library/CMakeFiles/mbedx509.dir/x509.c.obj
[717/1052] Building C object esp-idf/mbedtls/mbedtls/library/CMakeFiles/mbedcrypto.dir/chacha20.c.obj
[753/1052] Building C object esp-idf/mbedtls/mbedtls/library/CMakeFiles/mbedcrypto.dir/md5.c.obj
[718/1052] Building C object esp-idf/mbedtls/mbedtls/library/CMakeFiles/mbedcrypto.dir/asn1parse.c.obj
[754/1052] Building C object esp-idf/mbedtls/mbedtls/library/CMakeFiles/mbedcrypto.dir/md.c.obj
[719/1052] Building C object esp-idf/mbedtls/mbedtls/library/CMakeFiles/mbedcrypto.dir/asn1write.c.obj
[755/1052] Building C object esp-idf/mbedtls/mbedtls/library/CMakeFiles/mbedx509.dir/x509_crt.c.obj
[826/1046] Building C object esp-idf/mbedtls/mbedtls/3rdparty/p256-m/CMakeFiles/p256m.dir/p256-m/p256-m.c.obj
[720/1052] Building C object esp-idf/bootloader_support/CMakeFiles/__idf_bootloader_support.dir/src/bootloader_utility.c.obj
[721/1052] Building C object esp-idf/mbedtls/mbedtls/library/CMakeFiles/mbedx509.dir/x509_csr.c.obj
[722/1052] Building C object esp-idf/mbedtls/mbedtls/library/CMakeFiles/mbedcrypto.dir/chachapoly.c.obj
[823/1052] Building C object 'esp-idf/mbedtls/mbedtls/library/CMakeFiles/mbedcrypto.dir/home/tikhon/Документы/magnolia/esp-idf/components/mbedtls/port/sha/core/esp_sha512.c.obj'
[824/1052] Building C object 'esp-idf/mbedtls/mbedtls/library/CMakeFiles/mbedcrypto.dir/home/tikhon/Документы/magnolia/esp-idf/components/mbedtls/port/esp_ds/esp_ds_common.c.obj'
[756/1052] Linking CXX static library esp-idf/mbedtls/mbedtls/library/libmbedtls.a
[723/1052] Building C object esp-idf/mbedtls/mbedtls/library/CMakeFiles/mbedcrypto.dir/camellia.c.obj
[724/1052] Building C object esp-idf/mbedtls/mbedtls/library/CMakeFiles/mbedcrypto.dir/base64.c.obj
[825/1052] Building C object 'esp-idf/mbedtls/mbedtls/library/CMakeFiles/mbedcrypto.dir/home/tikhon/Документы/magnolia/esp-idf/components/mbedtls/port/aes/dma/esp_aes_dma_core.c.obj'
[725/1052] Building C object esp-idf/mbedtls/mbedtls/library/CMakeFiles/mbedcrypto.dir/des.c.obj
[757/1052] Building C object esp-idf/mbedtls/mbedtls/library/CMakeFiles/mbedcrypto.dir/error.c.obj
[758/1052] Building C object esp-idf/mbedtls/mbedtls/library/CMakeFiles/mbedcrypto.dir/pk_ecc.c.obj
[726/1052] Building C object 'esp-idf/mbedtls/mbedtls/library/CMakeFiles/mbedtls.dir/home/tikhon/Документы/magnolia/esp-idf/components/mbedtls/port/net_sockets.c.obj'
[759/1052] Building C object esp-idf/mbedtls/mbedtls/library/CMakeFiles/mbedcrypto.dir/platform.c.obj
[760/1052] Building C object esp-idf/mbedtls/mbedtls/library/CMakeFiles/mbedcrypto.dir/pem.c.obj
[727/1052] Building C object esp-idf/mbedtls/mbedtls/library/CMakeFiles/mbedcrypto.dir/ccm.c.obj
[761/1052] Building C object esp-idf/mbedtls/mbedtls/library/CMakeFiles/mbedcrypto.dir/platform_util.c.obj
[728/1052] Linking C static library esp-idf/bootloader_support/libbootloader_support.a
[831/1045] Generating x509_crt_bundle
[762/1052] Building C object esp-idf/mbedtls/mbedtls/library/CMakeFiles/mbedcrypto.dir/poly1305.c.obj
[729/1052] Building C object esp-idf/mbedtls/mbedtls/library/CMakeFiles/mbedcrypto.dir/constant_time.c.obj
[763/1052] Building C object esp-idf/mbedtls/mbedtls/library/CMakeFiles/mbedcrypto.dir/ecp_curves.c.obj
[730/1052] Building C object esp-idf/mbedtls/mbedtls/library/CMakeFiles/mbedcrypto.dir/aria.c.obj
[731/1052] Building C object esp-idf/mbedtls/mbedtls/library/CMakeFiles/mbedcrypto.dir/ecjpake.c.obj
[764/1052] Building C object esp-idf/mbedtls/mbedtls/library/CMakeFiles/mbedcrypto.dir/pk_wrap.c.obj
[732/1052] Building C object esp-idf/mbedtls/mbedtls/library/CMakeFiles/mbedcrypto.dir/cmac.c.obj
[765/1052] Building C object esp-idf/mbedtls/mbedtls/library/CMakeFiles/mbedcrypto.dir/pk.c.obj
[766/1052] Building C object esp-idf/mbedtls/mbedtls/library/CMakeFiles/mbedcrypto.dir/ecp.c.obj
[767/1052] Building C object esp-idf/mbedtls/mbedtls/library/CMakeFiles/mbedcrypto.dir/pkwrite.c.obj
[826/1052] Building C object 'esp-idf/mbedtls/mbedtls/library/CMakeFiles/mbedcrypto.dir/home/tikhon/Документы/magnolia/esp-idf/components/mbedtls/port/aes/esp_aes_gcm.c.obj'
[768/1052] Building C object esp-idf/mbedtls/mbedtls/library/CMakeFiles/mbedcrypto.dir/psa_crypto_driver_wrappers_no_static.c.obj
[733/1052] Building C object esp-idf/mbedtls/mbedtls/library/CMakeFiles/mbedtls.dir/ssl_msg.c.obj
[769/1052] Building C object esp-idf/mbedtls/mbedtls/library/CMakeFiles/mbedcrypto.dir/psa_crypto_cipher.c.obj
[770/1052] Building C object esp-idf/mbedtls/mbedtls/library/CMakeFiles/mbedcrypto.dir/pkcs12.c.obj
[734/1052] Building C object esp-idf/mbedtls/mbedtls/library/CMakeFiles/mbedcrypto.dir/bignum_core.c.obj
[771/1052] Building C object esp-idf/mbedtls/mbedtls/library/CMakeFiles/mbedcrypto.dir/psa_crypto_client.c.obj
[772/1052] Building C object esp-idf/mbedtls/mbedtls/library/CMakeFiles/mbedcrypto.dir/gcm.c.obj
[773/1052] Building C object esp-idf/mbedtls/mbedtls/library/CMakeFiles/mbedcrypto.dir/psa_crypto_aead.c.obj
[735/1052] Building C object esp-idf/mbedtls/mbedtls/library/CMakeFiles/mbedcrypto.dir/cipher_wrap.c.obj
[736/1052] Building C object esp-idf/mbedtls/mbedtls/library/CMakeFiles/mbedcrypto.dir/ecdh.c.obj
[774/1052] Building C object esp-idf/mbedtls/mbedtls/library/CMakeFiles/mbedcrypto.dir/psa_crypto_hash.c.obj
[775/1052] Building C object esp-idf/mbedtls/mbedtls/library/CMakeFiles/mbedcrypto.dir/pkcs5.c.obj
[737/1052] Building C object esp-idf/mbedtls/mbedtls/library/CMakeFiles/mbedcrypto.dir/ecdsa.c.obj
[738/1052] Building C object esp-idf/mbedtls/mbedtls/library/CMakeFiles/mbedcrypto.dir/entropy_poll.c.obj
[739/1052] Building C object esp-idf/mbedtls/mbedtls/library/CMakeFiles/mbedcrypto.dir/dhm.c.obj
[740/1052] Building C object esp-idf/mbedtls/mbedtls/library/CMakeFiles/mbedcrypto.dir/ecp_curves_new.c.obj
[827/1052] Building C object esp-idf/mbedtls/mbedtls/library/CMakeFiles/mbedcrypto.dir/rsa.c.obj
[776/1052] Building C object esp-idf/mbedtls/mbedtls/library/CMakeFiles/mbedcrypto.dir/psa_crypto_se.c.obj
[777/1052] Building C object esp-idf/mbedtls/mbedtls/library/CMakeFiles/mbedcrypto.dir/pkparse.c.obj
[741/1052] Building C object esp-idf/mbedtls/mbedtls/library/CMakeFiles/mbedcrypto.dir/bignum.c.obj
[778/1052] Building C object esp-idf/mbedtls/mbedtls/library/CMakeFiles/mbedcrypto.dir/psa_crypto_pake.c.obj
[742/1052] Building C object esp-idf/mbedtls/mbedtls/library/CMakeFiles/mbedtls.dir/ssl_tls12_server.c.obj
[743/1052] Building C object esp-idf/mbedtls/mbedtls/library/CMakeFiles/mbedcrypto.dir/lms.c.obj
[779/1052] Building C object esp-idf/mbedtls/mbedtls/library/CMakeFiles/mbedcrypto.dir/psa_crypto_mac.c.obj
[780/1052] Building C object esp-idf/mbedtls/mbedtls/library/CMakeFiles/mbedcrypto.dir/psa_crypto_storage.c.obj
[744/1052] Building C object esp-idf/mbedtls/mbedtls/library/CMakeFiles/mbedcrypto.dir/memory_buffer_alloc.c.obj
[781/1052] Building C object esp-idf/mbedtls/mbedtls/library/CMakeFiles/mbedcrypto.dir/psa_its_file.c.obj
[745/1052] Building C object esp-idf/mbedtls/mbedtls/library/CMakeFiles/mbedcrypto.dir/entropy.c.obj
[782/1052] Building C object esp-idf/mbedtls/mbedtls/library/CMakeFiles/mbedcrypto.dir/sha1.c.obj
[746/1052] Building C object esp-idf/mbedtls/mbedtls/library/CMakeFiles/mbedcrypto.dir/md5.c.obj
[747/1052] Building C object esp-idf/mbedtls/mbedtls/library/CMakeFiles/mbedcrypto.dir/nist_kw.c.obj
[748/1052] Building C object esp-idf/mbedtls/mbedtls/library/CMakeFiles/mbedcrypto.dir/lmots.c.obj
[783/1052] Building C object esp-idf/mbedtls/mbedtls/library/CMakeFiles/mbedcrypto.dir/bignum.c.obj
[784/1052] Building C object esp-idf/mbedtls/mbedtls/library/CMakeFiles/mbedcrypto.dir/ripemd160.c.obj
[749/1052] Building C object esp-idf/mbedtls/mbedtls/library/CMakeFiles/mbedcrypto.dir/ctr_drbg.c.obj
[750/1052] Building C object esp-idf/mbedtls/mbedtls/library/CMakeFiles/mbedcrypto.dir/hkdf.c.obj
[785/1052] Building C object esp-idf/mbedtls/mbedtls/library/CMakeFiles/mbedcrypto.dir/threading.c.obj
[751/1052] Building C object esp-idf/mbedtls/mbedtls/library/CMakeFiles/mbedcrypto.dir/padlock.c.obj
[786/1052] Building C object esp-idf/mbedtls/mbedtls/library/CMakeFiles/mbedcrypto.dir/psa_crypto_slot_management.c.obj
[787/1052] Building C object esp-idf/mbedtls/mbedtls/library/CMakeFiles/mbedcrypto.dir/sha256.c.obj
[788/1052] Building C object esp-idf/mbedtls/mbedtls/library/CMakeFiles/mbedcrypto.dir/version_features.c.obj
[789/1052] Building C object esp-idf/mbedtls/mbedtls/library/CMakeFiles/mbedcrypto.dir/rsa_alt_helpers.c.obj
[790/1052] Building C object esp-idf/mbedtls/mbedtls/library/CMakeFiles/mbedcrypto.dir/timing.c.obj
[791/1052] Building C object esp-idf/mbedtls/mbedtls/library/CMakeFiles/mbedcrypto.dir/version.c.obj
[792/1052] Building C object esp-idf/mbedtls/mbedtls/library/CMakeFiles/mbedcrypto.dir/psa_crypto_rsa.c.obj
[752/1052] Building C object esp-idf/mbedtls/mbedtls/library/CMakeFiles/mbedcrypto.dir/hmac_drbg.c.obj
[832/1045] Generating ../../x509_crt_bundle.S
[793/1052] Building C object esp-idf/mbedtls/mbedtls/library/CMakeFiles/mbedcrypto.dir/psa_util.c.obj
[794/1052] Building C object esp-idf/mbedtls/mbedtls/library/CMakeFiles/mbedcrypto.dir/sha512.c.obj
[795/1052] Building C object esp-idf/mbedtls/mbedtls/library/CMakeFiles/mbedcrypto.dir/oid.c.obj
[753/1052] Building C object esp-idf/mbedtls/mbedtls/library/CMakeFiles/mbedcrypto.dir/cipher.c.obj
[796/1052] Building C object 'esp-idf/mbedtls/mbedtls/library/CMakeFiles/mbedcrypto.dir/home/tikhon/Документы/magnolia/esp-idf/components/mbedtls/port/aes/dma/esp_aes_gdma_impl.c.obj'
[797/1052] Building C object esp-idf/mbedtls/mbedtls/library/CMakeFiles/mbedcrypto.dir/psa_crypto_ffdh.c.obj
[798/1052] Building C object 'esp-idf/mbedtls/mbedtls/library/CMakeFiles/mbedcrypto.dir/home/tikhon/Документы/magnolia/esp-idf/components/mbedtls/port/sha/core/esp_sha_gdma_impl.c.obj'
[799/1052] Building C object 'esp-idf/mbedtls/mbedtls/library/CMakeFiles/mbedcrypto.dir/home/tikhon/Документы/magnolia/esp-idf/components/mbedtls/port/esp_hardware.c.obj'
[754/1052] Building C object esp-idf/mbedtls/mbedtls/library/CMakeFiles/mbedcrypto.dir/gcm.c.obj
[755/1052] Building C object esp-idf/mbedtls/mbedtls/library/CMakeFiles/mbedcrypto.dir/md.c.obj
[800/1052] Building C object 'esp-idf/mbedtls/mbedtls/library/CMakeFiles/mbedcrypto.dir/home/tikhon/Документы/magnolia/esp-idf/components/mbedtls/port/esp_mem.c.obj'
[801/1052] Building C object esp-idf/mbedtls/mbedtls/library/CMakeFiles/mbedcrypto.dir/psa_crypto_ecp.c.obj
[802/1052] Building C object 'esp-idf/mbedtls/mbedtls/library/CMakeFiles/mbedcrypto.dir/home/tikhon/Документы/magnolia/esp-idf/components/mbedtls/port/aes/esp_aes_xts.c.obj'
[756/1052] Building C object esp-idf/mbedtls/mbedtls/library/CMakeFiles/mbedcrypto.dir/pk_wrap.c.obj
[803/1052] Building C object 'esp-idf/mbedtls/mbedtls/library/CMakeFiles/mbedcrypto.dir/home/tikhon/Документы/magnolia/esp-idf/components/mbedtls/port/aes/esp_aes_common.c.obj'
[804/1052] Building C object 'esp-idf/mbedtls/mbedtls/library/CMakeFiles/mbedcrypto.dir/home/tikhon/Документы/magnolia/esp-idf/components/mbedtls/port/esp_timing.c.obj'
[805/1052] Building C object 'esp-idf/mbedtls/mbedtls/library/CMakeFiles/mbedcrypto.dir/home/tikhon/Документы/magnolia/esp-idf/components/mbedtls/port/sha/esp_sha.c.obj'
[806/1052] Building C object 'esp-idf/mbedtls/mbedtls/library/CMakeFiles/mbedcrypto.dir/home/tikhon/Документы/magnolia/esp-idf/components/mbedtls/port/crypto_shared_gdma/esp_crypto_shared_gdma.c.obj'
[757/1052] Building C object esp-idf/mbedtls/mbedtls/library/CMakeFiles/mbedcrypto.dir/pk_ecc.c.obj
[833/1045] Building ASM object esp-idf/mbedtls/CMakeFiles/__idf_mbedtls.dir/__/__/x509_crt_bundle.S.obj
[758/1052] Building C object esp-idf/mbedtls/mbedtls/library/CMakeFiles/mbedx509.dir/x509_crt.c.obj
[834/1045] Building C object esp-idf/esp_driver_gpio/CMakeFiles/__idf_esp_driver_gpio.dir/src/gpio_glitch_filter_ops.c.obj
[759/1052] Building C object esp-idf/mbedtls/mbedtls/library/CMakeFiles/mbedcrypto.dir/platform.c.obj
[835/1045] Building C object esp-idf/esp_pm/CMakeFiles/__idf_esp_pm.dir/pm_trace.c.obj
[760/1052] Building C object esp-idf/mbedtls/mbedtls/library/CMakeFiles/mbedcrypto.dir/pkwrite.c.obj
[807/1052] Building C object 'esp-idf/mbedtls/mbedtls/library/CMakeFiles/mbedcrypto.dir/home/tikhon/Документы/magnolia/esp-idf/components/mbedtls/port/sha/core/esp_sha1.c.obj'
[836/1045] Building C object esp-idf/esp_security/CMakeFiles/__idf_esp_security.dir/src/esp_crypto_lock.c.obj
[808/1052] Linking CXX static library esp-idf/mbedtls/mbedtls/library/libmbedx509.a
[809/1052] Building C object esp-idf/mbedtls/mbedtls/library/CMakeFiles/mbedcrypto.dir/sha3.c.obj
[837/1045] Building C object esp-idf/efuse/CMakeFiles/__idf_efuse.dir/esp32s3/esp_efuse_table.c.obj
[761/1052] Building C object esp-idf/mbedtls/mbedtls/library/CMakeFiles/mbedcrypto.dir/poly1305.c.obj
[762/1052] Building C object esp-idf/mbedtls/mbedtls/library/CMakeFiles/mbedcrypto.dir/ecp_curves.c.obj
[763/1052] Building C object esp-idf/mbedtls/mbedtls/library/CMakeFiles/mbedcrypto.dir/pkcs5.c.obj
[838/1045] Building C object esp-idf/efuse/CMakeFiles/__idf_efuse.dir/esp32s3/esp_efuse_rtc_calib.c.obj
[764/1052] Building C object esp-idf/mbedtls/mbedtls/library/CMakeFiles/mbedcrypto.dir/platform_util.c.obj
[839/1045] Building C object esp-idf/efuse/CMakeFiles/__idf_efuse.dir/esp32s3/esp_efuse_fields.c.obj
[765/1052] Building C object esp-idf/mbedtls/mbedtls/library/CMakeFiles/mbedcrypto.dir/pem.c.obj
[840/1045] Building C object esp-idf/mbedtls/CMakeFiles/__idf_mbedtls.dir/esp_crt_bundle/esp_crt_bundle.c.obj
[810/1052] Building C object 'esp-idf/mbedtls/mbedtls/library/CMakeFiles/mbedcrypto.dir/home/tikhon/Документы/magnolia/esp-idf/components/mbedtls/port/md/esp_md.c.obj'
[841/1045] Building C object esp-idf/esp_security/CMakeFiles/__idf_esp_security.dir/src/esp_crypto_periph_clk.c.obj
[766/1052] Building C object esp-idf/mbedtls/mbedtls/library/CMakeFiles/mbedcrypto.dir/pkcs12.c.obj
[842/1045] Building C object esp-idf/esp_security/CMakeFiles/__idf_esp_security.dir/src/init.c.obj
[811/1052] Building C object 'esp-idf/mbedtls/mbedtls/library/CMakeFiles/mbedcrypto.dir/home/tikhon/Документы/magnolia/esp-idf/components/mbedtls/port/bignum/bignum_alt.c.obj'
[843/1045] Building C object esp-idf/esp_security/CMakeFiles/__idf_esp_security.dir/src/esp_hmac.c.obj
[767/1052] Building C object esp-idf/mbedtls/mbedtls/library/CMakeFiles/mbedcrypto.dir/oid.c.obj
[812/1052] Building C object 'esp-idf/mbedtls/mbedtls/library/CMakeFiles/mbedcrypto.dir/home/tikhon/Документы/magnolia/esp-idf/components/mbedtls/port/esp_ds/esp_ds_common.c.obj'
[813/1052] Building C object esp-idf/mbedtls/mbedtls/3rdparty/everest/CMakeFiles/everest.dir/library/everest.c.obj
[844/1045] Building C object esp-idf/efuse/CMakeFiles/__idf_efuse.dir/esp32s3/esp_efuse_utility.c.obj
[814/1052] Building C object esp-idf/mbedtls/mbedtls/3rdparty/everest/CMakeFiles/everest.dir/library/x25519.c.obj
[768/1052] Building C object esp-idf/mbedtls/mbedtls/library/CMakeFiles/mbedcrypto.dir/psa_crypto_driver_wrappers_no_static.c.obj
[815/1052] Building C object 'esp-idf/mbedtls/mbedtls/library/CMakeFiles/mbedcrypto.dir/home/tikhon/Документы/magnolia/esp-idf/components/mbedtls/port/aes/dma/esp_aes.c.obj'
[845/1045] Building C object esp-idf/esp_pm/CMakeFiles/__idf_esp_pm.dir/pm_locks.c.obj
[846/1045] Building C object esp-idf/esp_driver_gpio/CMakeFiles/__idf_esp_driver_gpio.dir/src/gpio_pin_glitch_filter.c.obj
[816/1052] Building C object 'esp-idf/mbedtls/mbedtls/library/CMakeFiles/mbedcrypto.dir/home/tikhon/Документы/magnolia/esp-idf/components/mbedtls/port/sha/core/esp_sha256.c.obj'
[817/1052] Building C object esp-idf/mbedtls/mbedtls/3rdparty/p256-m/CMakeFiles/p256m.dir/p256-m/p256-m.c.obj
[818/1052] Building C object 'esp-idf/mbedtls/mbedtls/library/CMakeFiles/mbedcrypto.dir/home/tikhon/Документы/magnolia/esp-idf/components/mbedtls/port/sha/core/esp_sha512.c.obj'
[847/1045] Linking C static library esp-idf/mbedtls/libmbedtls.a
[769/1052] Building C object esp-idf/mbedtls/mbedtls/library/CMakeFiles/mbedcrypto.dir/error.c.obj
[819/1052] Building C object esp-idf/mbedtls/mbedtls/3rdparty/p256-m/CMakeFiles/p256m.dir/p256-m_driver_entrypoints.c.obj
[848/1045] Building C object esp-idf/efuse/CMakeFiles/__idf_efuse.dir/src/esp_efuse_utility.c.obj
[820/1052] Building C object 'esp-idf/mbedtls/mbedtls/library/CMakeFiles/mbedcrypto.dir/home/tikhon/Документы/magnolia/esp-idf/components/mbedtls/port/esp_ds/esp_rsa_dec_alt.c.obj'
[828/1052] Building C object esp-idf/mbedtls/mbedtls/library/CMakeFiles/mbedcrypto.dir/psa_crypto.c.obj
[770/1052] Building C object esp-idf/mbedtls/mbedtls/library/CMakeFiles/mbedcrypto.dir/psa_crypto_aead.c.obj
[771/1052] Building C object esp-idf/mbedtls/mbedtls/library/CMakeFiles/mbedcrypto.dir/psa_crypto_client.c.obj
[821/1052] Building C object esp-idf/mbedtls/mbedtls/3rdparty/everest/CMakeFiles/everest.dir/library/Hacl_Curve25519_joined.c.obj
[772/1052] Building C object esp-idf/mbedtls/mbedtls/library/CMakeFiles/mbedcrypto.dir/psa_crypto_se.c.obj
[849/1045] Building C object esp-idf/efuse/CMakeFiles/__idf_efuse.dir/src/esp_efuse_startup.c.obj
[850/1045] Building C object esp-idf/esp_driver_gpio/CMakeFiles/__idf_esp_driver_gpio.dir/src/rtc_io.c.obj
[851/1045] Building C object esp-idf/xtensa/CMakeFiles/__idf_xtensa.dir/eri.c.obj
[822/1052] Building C object 'esp-idf/mbedtls/mbedtls/library/CMakeFiles/mbedcrypto.dir/home/tikhon/Документы/magnolia/esp-idf/components/mbedtls/port/aes/esp_aes_gcm.c.obj'
[852/1045] Building C object esp-idf/app_update/CMakeFiles/__idf_app_update.dir/esp_ota_app_desc.c.obj
[773/1052] Building C object esp-idf/mbedtls/mbedtls/library/CMakeFiles/mbedcrypto.dir/psa_crypto_ecp.c.obj
[853/1045] Building C object esp-idf/esp_security/CMakeFiles/__idf_esp_security.dir/src/esp_ds.c.obj
[823/1052] Building C object 'esp-idf/mbedtls/mbedtls/library/CMakeFiles/mbedcrypto.dir/home/tikhon/Документы/magnolia/esp-idf/components/mbedtls/port/sha/core/sha.c.obj'
[774/1052] Building C object esp-idf/mbedtls/mbedtls/library/CMakeFiles/mbedcrypto.dir/psa_crypto_ffdh.c.obj
[854/1045] Building C object esp-idf/efuse/CMakeFiles/__idf_efuse.dir/src/esp_efuse_fields.c.obj
[855/1045] Building C object esp-idf/esp_bootloader_format/CMakeFiles/__idf_esp_bootloader_format.dir/esp_bootloader_desc.c.obj
[824/1052] Building C object 'esp-idf/mbedtls/mbedtls/library/CMakeFiles/mbedcrypto.dir/home/tikhon/Документы/magnolia/esp-idf/components/mbedtls/port/aes/dma/esp_aes_dma_core.c.obj'
[856/1045] Building C object esp-idf/xtensa/CMakeFiles/__idf_xtensa.dir/xt_trax.c.obj
[775/1052] Building C object esp-idf/mbedtls/mbedtls/library/CMakeFiles/mbedcrypto.dir/psa_crypto_mac.c.obj
[857/1045] Building ASM object esp-idf/xtensa/CMakeFiles/__idf_xtensa.dir/xtensa_intr_asm.S.obj
[858/1045] Building C object esp-idf/esp_partition/CMakeFiles/__idf_esp_partition.dir/partition_target.c.obj
[776/1052] Building C object esp-idf/mbedtls/mbedtls/library/CMakeFiles/mbedcrypto.dir/psa_crypto_cipher.c.obj
[859/1045] Building ASM object esp-idf/xtensa/CMakeFiles/__idf_xtensa.dir/xtensa_context.S.obj
[777/1052] Building C object esp-idf/mbedtls/mbedtls/library/CMakeFiles/mbedcrypto.dir/psa_crypto_hash.c.obj
[778/1052] Building C object esp-idf/mbedtls/mbedtls/library/CMakeFiles/mbedcrypto.dir/pkparse.c.obj
[779/1052] Building C object esp-idf/mbedtls/mbedtls/library/CMakeFiles/mbedcrypto.dir/psa_crypto_pake.c.obj
[780/1052] Building C object esp-idf/mbedtls/mbedtls/library/CMakeFiles/mbedcrypto.dir/psa_its_file.c.obj
[860/1045] Building ASM object esp-idf/xtensa/CMakeFiles/__idf_xtensa.dir/xtensa_vectors.S.obj
[781/1052] Building C object esp-idf/mbedtls/mbedtls/library/CMakeFiles/mbedcrypto.dir/ripemd160.c.obj
[861/1045] Building C object esp-idf/efuse/CMakeFiles/__idf_efuse.dir/src/efuse_controller/keys/with_key_purposes/esp_efuse_api_key.c.obj
[862/1045] Building C object esp-idf/esp_app_format/CMakeFiles/__idf_esp_app_format.dir/esp_app_desc.c.obj
[863/1045] Building C object esp-idf/efuse/CMakeFiles/__idf_efuse.dir/src/esp_efuse_api.c.obj
[825/1052] Building C object 'esp-idf/mbedtls/mbedtls/library/CMakeFiles/mbedcrypto.dir/home/tikhon/Документы/magnolia/esp-idf/components/mbedtls/port/esp_ds/esp_rsa_sign_alt.c.obj'
[782/1052] Building C object esp-idf/mbedtls/mbedtls/library/CMakeFiles/mbedcrypto.dir/psa_crypto_storage.c.obj
[783/1052] Building C object esp-idf/mbedtls/mbedtls/library/CMakeFiles/mbedcrypto.dir/pk.c.obj
[864/1045] Building C object esp-idf/console/CMakeFiles/__idf_console.dir/split_argv.c.obj
[784/1052] Building C object esp-idf/mbedtls/mbedtls/library/CMakeFiles/mbedcrypto.dir/psa_crypto_rsa.c.obj
[865/1045] Building C object esp-idf/xtensa/CMakeFiles/__idf_xtensa.dir/xtensa_intr.c.obj
[785/1052] Building C object esp-idf/mbedtls/mbedtls/library/CMakeFiles/mbedcrypto.dir/threading.c.obj
[786/1052] Building C object esp-idf/mbedtls/mbedtls/library/CMakeFiles/mbedcrypto.dir/rsa_alt_helpers.c.obj
[787/1052] Building C object esp-idf/mbedtls/mbedtls/library/CMakeFiles/mbedcrypto.dir/sha1.c.obj
[788/1052] Building C object esp-idf/mbedtls/mbedtls/library/CMakeFiles/mbedcrypto.dir/timing.c.obj
[789/1052] Building C object esp-idf/mbedtls/mbedtls/library/CMakeFiles/mbedcrypto.dir/sha256.c.obj
[790/1052] Building C object esp-idf/mbedtls/mbedtls/library/CMakeFiles/mbedcrypto.dir/ecp.c.obj
[866/1045] Building C object esp-idf/console/CMakeFiles/__idf_console.dir/commands.c.obj
[867/1045] Building C object esp-idf/console/CMakeFiles/__idf_console.dir/argtable3/arg_dbl.c.obj
[791/1052] Building C object esp-idf/mbedtls/mbedtls/library/CMakeFiles/mbedcrypto.dir/version.c.obj
[792/1052] Building C object esp-idf/mbedtls/mbedtls/library/CMakeFiles/mbedcrypto.dir/psa_util.c.obj
[793/1052] Building C object esp-idf/mbedtls/mbedtls/library/CMakeFiles/mbedcrypto.dir/version_features.c.obj
[794/1052] Building C object 'esp-idf/mbedtls/mbedtls/library/CMakeFiles/mbedcrypto.dir/home/tikhon/Документы/magnolia/esp-idf/components/mbedtls/port/sha/core/esp_sha_gdma_impl.c.obj'
[868/1045] Building C object esp-idf/console/CMakeFiles/__idf_console.dir/esp_console_repl_internal.c.obj
[829/1052] Linking CXX static library esp-idf/mbedtls/mbedtls/library/libmbedcrypto.a
[826/1052] Building C object 'esp-idf/mbedtls/mbedtls/library/CMakeFiles/mbedcrypto.dir/home/tikhon/Документы/magnolia/esp-idf/components/mbedtls/port/bignum/esp_bignum.c.obj'
[795/1052] Building C object 'esp-idf/mbedtls/mbedtls/library/CMakeFiles/mbedcrypto.dir/home/tikhon/Документы/magnolia/esp-idf/components/mbedtls/port/aes/dma/esp_aes_gdma_impl.c.obj'
[869/1045] Building C object esp-idf/console/CMakeFiles/__idf_console.dir/argtable3/arg_dstr.c.obj
[870/1045] Building C object esp-idf/esp_partition/CMakeFiles/__idf_esp_partition.dir/partition.c.obj
[871/1045] Building C object esp-idf/console/CMakeFiles/__idf_console.dir/argtable3/arg_file.c.obj
[872/1045] Building C object esp-idf/esp_pm/CMakeFiles/__idf_esp_pm.dir/pm_impl.c.obj
[827/1052] Building C object esp-idf/mbedtls/mbedtls/library/CMakeFiles/mbedcrypto.dir/rsa.c.obj
[873/1045] Building C object esp-idf/console/CMakeFiles/__idf_console.dir/argtable3/arg_date.c.obj
[796/1052] Building C object 'esp-idf/mbedtls/mbedtls/library/CMakeFiles/mbedcrypto.dir/home/tikhon/Документы/magnolia/esp-idf/components/mbedtls/port/aes/esp_aes_xts.c.obj'
[874/1045] Building C object esp-idf/console/CMakeFiles/__idf_console.dir/argtable3/arg_cmd.c.obj
[830/1052] Linking CXX static library esp-idf/mbedtls/mbedtls/3rdparty/p256-m/libp256m.a
[797/1052] Building C object esp-idf/mbedtls/mbedtls/library/CMakeFiles/mbedcrypto.dir/sha512.c.obj
[875/1045] Building C object esp-idf/console/CMakeFiles/__idf_console.dir/esp_console_repl_chip.c.obj
[798/1052] Building C object 'esp-idf/mbedtls/mbedtls/library/CMakeFiles/mbedcrypto.dir/home/tikhon/Документы/magnolia/esp-idf/components/mbedtls/port/esp_mem.c.obj'
[799/1052] Building C object 'esp-idf/mbedtls/mbedtls/library/CMakeFiles/mbedcrypto.dir/home/tikhon/Документы/magnolia/esp-idf/components/mbedtls/port/esp_timing.c.obj'
[800/1052] Building C object 'esp-idf/mbedtls/mbedtls/library/CMakeFiles/mbedcrypto.dir/home/tikhon/Документы/magnolia/esp-idf/components/mbedtls/port/esp_hardware.c.obj'
[876/1045] Building C object esp-idf/console/CMakeFiles/__idf_console.dir/argtable3/arg_end.c.obj
[877/1045] Building C object esp-idf/console/CMakeFiles/__idf_console.dir/argtable3/arg_int.c.obj
[801/1052] Building C object esp-idf/mbedtls/mbedtls/library/CMakeFiles/mbedcrypto.dir/psa_crypto_slot_management.c.obj
[831/1052] Linking CXX static library esp-idf/mbedtls/mbedtls/3rdparty/everest/libeverest.a
[878/1045] Linking C static library esp-idf/esp_pm/libesp_pm.a
[879/1045] Building C object esp-idf/console/CMakeFiles/__idf_console.dir/argtable3/arg_utils.c.obj
[880/1045] Building C object esp-idf/console/CMakeFiles/__idf_console.dir/argtable3/arg_rem.c.obj
[802/1052] Building C object esp-idf/mbedtls/mbedtls/library/CMakeFiles/mbedcrypto.dir/sha3.c.obj
[803/1052] Building C object esp-idf/mbedtls/mbedtls/library/CMakeFiles/mbedtls.dir/ssl_tls.c.obj
[881/1045] Building C object esp-idf/esp_driver_gpio/CMakeFiles/__idf_esp_driver_gpio.dir/src/dedic_gpio.c.obj
[804/1052] Building C object 'esp-idf/mbedtls/mbedtls/library/CMakeFiles/mbedcrypto.dir/home/tikhon/Документы/magnolia/esp-idf/components/mbedtls/port/sha/esp_sha.c.obj'
[805/1052] Building C object 'esp-idf/mbedtls/mbedtls/library/CMakeFiles/mbedcrypto.dir/home/tikhon/Документы/magnolia/esp-idf/components/mbedtls/port/aes/dma/esp_aes_dma_core.c.obj'
[882/1045] Building C object esp-idf/console/CMakeFiles/__idf_console.dir/argtable3/arg_lit.c.obj
[883/1045] Building C object esp-idf/unity/CMakeFiles/__idf_unity.dir/unity_compat.c.obj
[884/1045] Building C object esp-idf/console/CMakeFiles/__idf_console.dir/esp_console_common.c.obj
[885/1045] Building C object esp-idf/console/CMakeFiles/__idf_console.dir/argtable3/arg_str.c.obj
[806/1052] Building C object 'esp-idf/mbedtls/mbedtls/library/CMakeFiles/mbedcrypto.dir/home/tikhon/Документы/magnolia/esp-idf/components/mbedtls/port/sha/core/esp_sha256.c.obj'
[886/1045] Building C object esp-idf/console/CMakeFiles/__idf_console.dir/argtable3/arg_hashtable.c.obj
[807/1052] Linking CXX static library esp-idf/mbedtls/mbedtls/library/libmbedtls.a
[808/1052] Building C object 'esp-idf/mbedtls/mbedtls/library/CMakeFiles/mbedcrypto.dir/home/tikhon/Документы/magnolia/esp-idf/components/mbedtls/port/aes/esp_aes_common.c.obj'
[809/1052] Building C object 'esp-idf/mbedtls/mbedtls/library/CMakeFiles/mbedcrypto.dir/home/tikhon/Документы/magnolia/esp-idf/components/mbedtls/port/sha/core/esp_sha1.c.obj'
[810/1052] Building C object 'esp-idf/mbedtls/mbedtls/library/CMakeFiles/mbedcrypto.dir/home/tikhon/Документы/magnolia/esp-idf/components/mbedtls/port/md/esp_md.c.obj'
[887/1045] Building C object esp-idf/app_update/CMakeFiles/__idf_app_update.dir/esp_ota_ops.c.obj
[888/1045] Building C object esp-idf/unity/CMakeFiles/__idf_unity.dir/unity_utils_cache.c.obj
[889/1045] Building C object esp-idf/unity/CMakeFiles/__idf_unity.dir/unity_utils_memory.c.obj
[811/1052] Building C object 'esp-idf/mbedtls/mbedtls/library/CMakeFiles/mbedcrypto.dir/home/tikhon/Документы/magnolia/esp-idf/components/mbedtls/port/crypto_shared_gdma/esp_crypto_shared_gdma.c.obj'
[812/1052] Building C object 'esp-idf/mbedtls/mbedtls/library/CMakeFiles/mbedcrypto.dir/home/tikhon/Документы/magnolia/esp-idf/components/mbedtls/port/esp_ds/esp_rsa_sign_alt.c.obj'
[813/1052] Building C object 'esp-idf/mbedtls/mbedtls/library/CMakeFiles/mbedcrypto.dir/home/tikhon/Документы/magnolia/esp-idf/components/mbedtls/port/sha/core/esp_sha512.c.obj'
[814/1052] Linking CXX static library esp-idf/mbedtls/mbedtls/library/libmbedx509.a
[890/1045] Building C object esp-idf/unity/CMakeFiles/__idf_unity.dir/unity_utils_freertos.c.obj
[815/1052] Building C object 'esp-idf/mbedtls/mbedtls/library/CMakeFiles/mbedcrypto.dir/home/tikhon/Документы/magnolia/esp-idf/components/mbedtls/port/bignum/bignum_alt.c.obj'
[816/1052] Building C object 'esp-idf/mbedtls/mbedtls/library/CMakeFiles/mbedcrypto.dir/home/tikhon/Документы/magnolia/esp-idf/components/mbedtls/port/esp_ds/esp_rsa_dec_alt.c.obj'
[891/1045] Building C object esp-idf/unity/CMakeFiles/__idf_unity.dir/unity_port_esp32.c.obj
[817/1052] Building C object esp-idf/mbedtls/mbedtls/3rdparty/everest/CMakeFiles/everest.dir/library/Hacl_Curve25519_joined.c.obj
[892/1045] Building C object esp-idf/unity/CMakeFiles/__idf_unity.dir/port/esp/unity_utils_memory_esp.c.obj
[818/1052] Building C object esp-idf/mbedtls/mbedtls/3rdparty/p256-m/CMakeFiles/p256m.dir/p256-m_driver_entrypoints.c.obj
[893/1045] Building C object esp-idf/protocomm/CMakeFiles/__idf_protocomm.dir/proto-c/constants.pb-c.c.obj
[819/1052] Building C object 'esp-idf/mbedtls/mbedtls/library/CMakeFiles/mbedcrypto.dir/home/tikhon/Документы/magnolia/esp-idf/components/mbedtls/port/esp_ds/esp_ds_common.c.obj'
[894/1045] Building C object esp-idf/console/CMakeFiles/__idf_console.dir/linenoise/linenoise.c.obj
[820/1052] Building C object esp-idf/mbedtls/mbedtls/3rdparty/everest/CMakeFiles/everest.dir/library/x25519.c.obj
[821/1052] Building C object 'esp-idf/mbedtls/mbedtls/library/CMakeFiles/mbedcrypto.dir/home/tikhon/Документы/magnolia/esp-idf/components/mbedtls/port/sha/core/sha.c.obj'
[822/1052] Building C object 'esp-idf/mbedtls/mbedtls/library/CMakeFiles/mbedcrypto.dir/home/tikhon/Документы/magnolia/esp-idf/components/mbedtls/port/bignum/esp_bignum.c.obj'
[823/1052] Building C object esp-idf/mbedtls/mbedtls/3rdparty/p256-m/CMakeFiles/p256m.dir/p256-m/p256-m.c.obj
[824/1052] Building C object 'esp-idf/mbedtls/mbedtls/library/CMakeFiles/mbedcrypto.dir/home/tikhon/Документы/magnolia/esp-idf/components/mbedtls/port/aes/esp_aes_gcm.c.obj'
[895/1045] Building C object esp-idf/protocomm/CMakeFiles/__idf_protocomm.dir/proto-c/sec1.pb-c.c.obj
[896/1045] Building C object esp-idf/unity/CMakeFiles/__idf_unity.dir/unity_runner.c.obj
[897/1045] Building C object esp-idf/protocomm/CMakeFiles/__idf_protocomm.dir/proto-c/session.pb-c.c.obj
[898/1045] Building C object esp-idf/protocomm/CMakeFiles/__idf_protocomm.dir/proto-c/sec0.pb-c.c.obj
[899/1045] Building C object esp-idf/console/CMakeFiles/__idf_console.dir/argtable3/arg_rex.c.obj
[825/1052] Building C object 'esp-idf/mbedtls/mbedtls/library/CMakeFiles/mbedcrypto.dir/home/tikhon/Документы/magnolia/esp-idf/components/mbedtls/port/aes/dma/esp_aes.c.obj'
[900/1045] Building C object esp-idf/protocomm/CMakeFiles/__idf_protocomm.dir/proto-c/sec2.pb-c.c.obj
[901/1045] Building C object esp-idf/protocomm/CMakeFiles/__idf_protocomm.dir/src/common/protocomm.c.obj
[902/1045] Building C object esp-idf/console/CMakeFiles/__idf_console.dir/argtable3/argtable3.c.obj
[826/1052] Building C object esp-idf/mbedtls/mbedtls/3rdparty/everest/CMakeFiles/everest.dir/library/everest.c.obj
[832/1052] Generating x509_crt_bundle
[903/1045] Building C object esp-idf/protocomm/CMakeFiles/__idf_protocomm.dir/src/transports/protocomm_console.c.obj
[904/1045] Building C object esp-idf/protocomm/CMakeFiles/__idf_protocomm.dir/src/crypto/srp6a/esp_srp_mpi.c.obj
[905/1045] Building CXX object esp-idf/wear_levelling/CMakeFiles/__idf_wear_levelling.dir/Partition.cpp.obj
[906/1045] Building CXX object esp-idf/wear_levelling/CMakeFiles/__idf_wear_levelling.dir/SPI_Flash.cpp.obj
[907/1045] Building CXX object esp-idf/wear_levelling/CMakeFiles/__idf_wear_levelling.dir/crc32.cpp.obj
[908/1045] Building C object esp-idf/protocomm/CMakeFiles/__idf_protocomm.dir/src/transports/protocomm_httpd.c.obj
[909/1045] Building C object esp-idf/protocomm/CMakeFiles/__idf_protocomm.dir/src/crypto/srp6a/esp_srp.c.obj
[827/1052] Building C object esp-idf/mbedtls/mbedtls/library/CMakeFiles/mbedcrypto.dir/rsa.c.obj
[910/1045] Building CXX object esp-idf/wear_levelling/CMakeFiles/__idf_wear_levelling.dir/WL_Ext_Perf.cpp.obj
[911/1045] Building CXX object esp-idf/wear_levelling/CMakeFiles/__idf_wear_levelling.dir/wear_levelling.cpp.obj
[833/1052] Generating ../../x509_crt_bundle.S
[912/1045] Building C object esp-idf/esp_https_server/CMakeFiles/__idf_esp_https_server.dir/src/https_server.c.obj
[913/1045] Building C object esp-idf/app_trace/CMakeFiles/__idf_app_trace.dir/app_trace_util.c.obj
[914/1045] Building C object esp-idf/protocomm/CMakeFiles/__idf_protocomm.dir/src/security/security2.c.obj
[915/1045] Building C object esp-idf/app_trace/CMakeFiles/__idf_app_trace.dir/port/port_uart.c.obj
[916/1045] Building C object esp-idf/app_trace/CMakeFiles/__idf_app_trace.dir/host_file_io.c.obj
[917/1045] Building C object esp-idf/cmock/CMakeFiles/__idf_cmock.dir/CMock/src/cmock.c.obj
[918/1045] Building C object esp-idf/esp_driver_gpio/CMakeFiles/__idf_esp_driver_gpio.dir/src/gpio.c.obj
[919/1045] Building C object esp-idf/app_trace/CMakeFiles/__idf_app_trace.dir/app_trace.c.obj
[920/1045] Building CXX object esp-idf/wear_levelling/CMakeFiles/__idf_wear_levelling.dir/WL_Ext_Safe.cpp.obj
[827/1046] Building C object esp-idf/mbedtls/mbedtls/library/CMakeFiles/mbedcrypto.dir/psa_crypto.c.obj
[834/1052] Building ASM object esp-idf/mbedtls/CMakeFiles/__idf_mbedtls.dir/__/__/x509_crt_bundle.S.obj
[835/1052] Building C object esp-idf/esp_driver_gpio/CMakeFiles/__idf_esp_driver_gpio.dir/src/gpio_glitch_filter_ops.c.obj
[836/1052] Building C object esp-idf/esp_security/CMakeFiles/__idf_esp_security.dir/src/init.c.obj
[921/1045] Building C object esp-idf/esp_driver_cam/CMakeFiles/__idf_esp_driver_cam.dir/esp_cam_ctlr.c.obj
[837/1052] Building C object esp-idf/esp_pm/CMakeFiles/__idf_esp_pm.dir/pm_trace.c.obj
[922/1045] Building C object esp-idf/esp_driver_cam/CMakeFiles/__idf_esp_driver_cam.dir/dvp_share_ctrl.c.obj
[923/1045] Building C object esp-idf/esp_driver_cam/CMakeFiles/__idf_esp_driver_cam.dir/dvp/src/esp_cam_ctlr_dvp_gdma.c.obj
[838/1052] Building C object esp-idf/esp_security/CMakeFiles/__idf_esp_security.dir/src/esp_crypto_lock.c.obj
[924/1045] Building C object esp-idf/protobuf-c/CMakeFiles/__idf_protobuf-c.dir/protobuf-c/protobuf-c/protobuf-c.c.obj
[839/1052] Building C object esp-idf/esp_security/CMakeFiles/__idf_esp_security.dir/src/esp_hmac.c.obj
[925/1045] Linking C static library esp-idf/esp_driver_gpio/libesp_driver_gpio.a
[926/1045] Building C object esp-idf/json/CMakeFiles/__idf_json.dir/cJSON/cJSON_Utils.c.obj
[840/1052] Building C object esp-idf/efuse/CMakeFiles/__idf_efuse.dir/esp32s3/esp_efuse_fields.c.obj
[841/1052] Building C object esp-idf/esp_security/CMakeFiles/__idf_esp_security.dir/src/esp_ds.c.obj
[842/1052] Building C object esp-idf/esp_pm/CMakeFiles/__idf_esp_pm.dir/pm_locks.c.obj
[843/1052] Building C object esp-idf/efuse/CMakeFiles/__idf_efuse.dir/src/esp_efuse_fields.c.obj
[927/1045] Linking C static library esp-idf/esp_security/libesp_security.a
[844/1052] Building C object esp-idf/esp_security/CMakeFiles/__idf_esp_security.dir/src/esp_crypto_periph_clk.c.obj
[845/1052] Building C object esp-idf/efuse/CMakeFiles/__idf_efuse.dir/esp32s3/esp_efuse_rtc_calib.c.obj
[846/1052] Building C object esp-idf/efuse/CMakeFiles/__idf_efuse.dir/esp32s3/esp_efuse_table.c.obj
[928/1045] Building C object esp-idf/unity/CMakeFiles/__idf_unity.dir/unity/src/unity.c.obj
[847/1052] Building C object esp-idf/efuse/CMakeFiles/__idf_efuse.dir/src/esp_efuse_startup.c.obj
[848/1052] Building C object esp-idf/xtensa/CMakeFiles/__idf_xtensa.dir/eri.c.obj
[849/1052] Building C object esp-idf/esp_driver_gpio/CMakeFiles/__idf_esp_driver_gpio.dir/src/gpio_pin_glitch_filter.c.obj
[850/1052] Building C object esp-idf/efuse/CMakeFiles/__idf_efuse.dir/esp32s3/esp_efuse_utility.c.obj
[929/1045] Linking C static library esp-idf/efuse/libefuse.a
[851/1052] Building C object esp-idf/efuse/CMakeFiles/__idf_efuse.dir/src/efuse_controller/keys/with_key_purposes/esp_efuse_api_key.c.obj
[852/1052] Building ASM object esp-idf/xtensa/CMakeFiles/__idf_xtensa.dir/xtensa_context.S.obj
[930/1045] Building C object esp-idf/esp_hid/CMakeFiles/__idf_esp_hid.dir/src/esp_hid_common.c.obj
[931/1045] Building C object esp-idf/esp_hid/CMakeFiles/__idf_esp_hid.dir/src/esp_hidd.c.obj
[853/1052] Building C object esp-idf/mbedtls/CMakeFiles/__idf_mbedtls.dir/esp_crt_bundle/esp_crt_bundle.c.obj
[854/1052] Building C object esp-idf/esp_bootloader_format/CMakeFiles/__idf_esp_bootloader_format.dir/esp_bootloader_desc.c.obj
[932/1045] Building C object esp-idf/esp_eth/CMakeFiles/__idf_esp_eth.dir/src/esp_eth_netif_glue.c.obj
[855/1052] Building C object esp-idf/esp_pm/CMakeFiles/__idf_esp_pm.dir/pm_impl.c.obj
[856/1052] Building C object esp-idf/efuse/CMakeFiles/__idf_efuse.dir/src/esp_efuse_api.c.obj
[857/1052] Building C object esp-idf/app_update/CMakeFiles/__idf_app_update.dir/esp_ota_app_desc.c.obj
[933/1045] Linking C static library esp-idf/esp_partition/libesp_partition.a
[858/1052] Building ASM object esp-idf/xtensa/CMakeFiles/__idf_xtensa.dir/xtensa_intr_asm.S.obj
[934/1045] Building C object esp-idf/esp_lcd/CMakeFiles/__idf_esp_lcd.dir/src/esp_lcd_panel_io.c.obj
[935/1045] Building C object esp-idf/esp_lcd/CMakeFiles/__idf_esp_lcd.dir/src/esp_lcd_common.c.obj
[859/1052] Building C object esp-idf/xtensa/CMakeFiles/__idf_xtensa.dir/xt_trax.c.obj
[860/1052] Building ASM object esp-idf/xtensa/CMakeFiles/__idf_xtensa.dir/xtensa_vectors.S.obj
[936/1045] Building C object esp-idf/esp_lcd/CMakeFiles/__idf_esp_lcd.dir/src/esp_lcd_panel_nt35510.c.obj
[861/1052] Building C object esp-idf/efuse/CMakeFiles/__idf_efuse.dir/src/esp_efuse_utility.c.obj
[862/1052] Linking C static library esp-idf/mbedtls/libmbedtls.a
[828/1046] Linking CXX static library esp-idf/mbedtls/mbedtls/library/libmbedcrypto.a
[937/1045] Linking C static library esp-idf/app_update/libapp_update.a
[863/1052] Building C object esp-idf/xtensa/CMakeFiles/__idf_xtensa.dir/xtensa_intr.c.obj
[938/1045] Building C object esp-idf/json/CMakeFiles/__idf_json.dir/cJSON/cJSON.c.obj
[939/1045] Building CXX object esp-idf/wear_levelling/CMakeFiles/__idf_wear_levelling.dir/WL_Flash.cpp.obj
[864/1052] Linking C static library esp-idf/esp_pm/libesp_pm.a
[865/1052] Building C object esp-idf/esp_partition/CMakeFiles/__idf_esp_partition.dir/partition_target.c.obj
[866/1052] Building C object esp-idf/esp_app_format/CMakeFiles/__idf_esp_app_format.dir/esp_app_desc.c.obj
[829/1046] Linking CXX static library esp-idf/mbedtls/mbedtls/3rdparty/p256-m/libp256m.a
[867/1052] Building C object esp-idf/esp_driver_gpio/CMakeFiles/__idf_esp_driver_gpio.dir/src/dedic_gpio.c.obj
[868/1052] Building C object esp-idf/esp_driver_gpio/CMakeFiles/__idf_esp_driver_gpio.dir/src/rtc_io.c.obj
[940/1045] Building C object esp-idf/esp_eth/CMakeFiles/__idf_esp_eth.dir/src/phy/esp_eth_phy_802_3.c.obj
[941/1045] Building C object esp-idf/esp_lcd/CMakeFiles/__idf_esp_lcd.dir/src/esp_lcd_panel_st7789.c.obj
[869/1052] Building C object esp-idf/console/CMakeFiles/__idf_console.dir/argtable3/arg_dbl.c.obj
[942/1045] Linking C static library esp-idf/esp_bootloader_format/libesp_bootloader_format.a
[943/1045] Building C object esp-idf/esp_lcd/CMakeFiles/__idf_esp_lcd.dir/src/esp_lcd_panel_ops.c.obj
[870/1052] Building C object esp-idf/esp_partition/CMakeFiles/__idf_esp_partition.dir/partition.c.obj
[944/1045] Building C object esp-idf/esp_driver_touch_sens/CMakeFiles/__idf_esp_driver_touch_sens.dir/common/touch_sens_common.c.obj
[871/1052] Building C object esp-idf/console/CMakeFiles/__idf_console.dir/split_argv.c.obj
[830/1046] Linking CXX static library esp-idf/mbedtls/mbedtls/3rdparty/everest/libeverest.a
[945/1045] Linking C static library esp-idf/esp_app_format/libesp_app_format.a
[872/1052] Building C object esp-idf/console/CMakeFiles/__idf_console.dir/argtable3/arg_end.c.obj
[946/1045] Building C object esp-idf/esp_hid/CMakeFiles/__idf_esp_hid.dir/src/esp_hidh.c.obj
[947/1045] Building C object esp-idf/espcoredump/CMakeFiles/__idf_espcoredump.dir/src/core_dump_init.c.obj
[948/1045] Building C object esp-idf/espcoredump/CMakeFiles/__idf_espcoredump.dir/src/core_dump_common.c.obj
[873/1052] Building C object esp-idf/console/CMakeFiles/__idf_console.dir/argtable3/arg_lit.c.obj
[874/1052] Building C object esp-idf/console/CMakeFiles/__idf_console.dir/argtable3/arg_cmd.c.obj
[949/1045] Building C object esp-idf/esp_driver_cam/CMakeFiles/__idf_esp_driver_cam.dir/dvp/src/esp_cam_ctlr_dvp_cam.c.obj
[875/1052] Building C object esp-idf/console/CMakeFiles/__idf_console.dir/argtable3/arg_dstr.c.obj
[950/1045] Building C object esp-idf/esp_driver_touch_sens/CMakeFiles/__idf_esp_driver_touch_sens.dir/hw_ver2/touch_version_specific.c.obj
[951/1045] Building C object esp-idf/esp_lcd/CMakeFiles/__idf_esp_lcd.dir/src/esp_lcd_panel_ssd1306.c.obj
[952/1045] Building C object esp-idf/esp_eth/CMakeFiles/__idf_esp_eth.dir/src/esp_eth.c.obj
[876/1052] Building C object esp-idf/console/CMakeFiles/__idf_console.dir/commands.c.obj
[953/1045] Building C object esp-idf/espcoredump/CMakeFiles/__idf_espcoredump.dir/src/core_dump_uart.c.obj
[954/1045] Building C object esp-idf/espcoredump/CMakeFiles/__idf_espcoredump.dir/src/core_dump_elf.c.obj
[955/1045] Building C object esp-idf/espcoredump/CMakeFiles/__idf_espcoredump.dir/src/core_dump_flash.c.obj
[956/1045] Linking C static library esp-idf/xtensa/libxtensa.a
[957/1045] Building C object esp-idf/espcoredump/CMakeFiles/__idf_espcoredump.dir/src/port/xtensa/core_dump_port.c.obj
[958/1045] Building C object esp-idf/espcoredump/CMakeFiles/__idf_espcoredump.dir/src/core_dump_sha.c.obj
[877/1052] Building C object esp-idf/console/CMakeFiles/__idf_console.dir/argtable3/arg_str.c.obj
[878/1052] Building C object esp-idf/console/CMakeFiles/__idf_console.dir/argtable3/arg_file.c.obj
[879/1052] Building C object esp-idf/console/CMakeFiles/__idf_console.dir/argtable3/arg_rem.c.obj
[880/1052] Building C object esp-idf/console/CMakeFiles/__idf_console.dir/esp_console_repl_internal.c.obj
[881/1052] Building C object esp-idf/unity/CMakeFiles/__idf_unity.dir/unity_compat.c.obj
[882/1052] Building C object esp-idf/console/CMakeFiles/__idf_console.dir/esp_console_common.c.obj
[959/1045] Building C object esp-idf/esp_local_ctrl/CMakeFiles/__idf_esp_local_ctrl.dir/proto-c/esp_local_ctrl.pb-c.c.obj
[960/1045] Building C object esp-idf/esp_local_ctrl/CMakeFiles/__idf_esp_local_ctrl.dir/src/esp_local_ctrl.c.obj
[961/1045] Building C object esp-idf/esp_lcd/CMakeFiles/__idf_esp_lcd.dir/spi/esp_lcd_panel_io_spi.c.obj
[962/1045] Linking C static library esp-idf/protobuf-c/libprotobuf-c.a
[963/1045] Linking C static library esp-idf/console/libconsole.a
[883/1052] Building C object esp-idf/console/CMakeFiles/__idf_console.dir/esp_console_repl_chip.c.obj
[964/1045] Linking C static library esp-idf/esp_https_server/libesp_https_server.a
[965/1045] Building C object esp-idf/esp_lcd/CMakeFiles/__idf_esp_lcd.dir/i2c/esp_lcd_panel_io_i2c_v1.c.obj
[966/1045] Linking C static library esp-idf/unity/libunity.a
[884/1052] Building C object esp-idf/console/CMakeFiles/__idf_console.dir/argtable3/arg_utils.c.obj
[967/1045] Building C object esp-idf/esp_local_ctrl/CMakeFiles/__idf_esp_local_ctrl.dir/src/esp_local_ctrl_transport_httpd.c.obj
[885/1052] Building C object esp-idf/console/CMakeFiles/__idf_console.dir/argtable3/arg_int.c.obj
[886/1052] Building C object esp-idf/unity/CMakeFiles/__idf_unity.dir/unity_utils_cache.c.obj
[887/1052] Building C object esp-idf/console/CMakeFiles/__idf_console.dir/argtable3/arg_hashtable.c.obj
[968/1045] Linking C static library esp-idf/protocomm/libprotocomm.a
[969/1045] Linking C static library esp-idf/wear_levelling/libwear_levelling.a
[970/1045] Building C object esp-idf/fatfs/CMakeFiles/__idf_fatfs.dir/src/ffunicode.c.obj
[888/1052] Building C object esp-idf/unity/CMakeFiles/__idf_unity.dir/unity_utils_memory.c.obj
[971/1045] Building C object esp-idf/esp_lcd/CMakeFiles/__idf_esp_lcd.dir/i2c/esp_lcd_panel_io_i2c_v2.c.obj
[889/1052] Building C object esp-idf/console/CMakeFiles/__idf_console.dir/argtable3/arg_date.c.obj
[972/1045] Building C object esp-idf/fatfs/CMakeFiles/__idf_fatfs.dir/diskio/diskio_wl.c.obj
[890/1052] Building C object esp-idf/console/CMakeFiles/__idf_console.dir/linenoise/linenoise.c.obj
[973/1045] Linking C static library esp-idf/json/libjson.a
[974/1045] Building C object esp-idf/fatfs/CMakeFiles/__idf_fatfs.dir/diskio/diskio_rawflash.c.obj
[891/1052] Building C object esp-idf/unity/CMakeFiles/__idf_unity.dir/unity_utils_freertos.c.obj
[975/1045] Building C object esp-idf/fatfs/CMakeFiles/__idf_fatfs.dir/port/freertos/ffsystem.c.obj
[892/1052] Building C object esp-idf/console/CMakeFiles/__idf_console.dir/argtable3/arg_rex.c.obj
[893/1052] Building C object esp-idf/unity/CMakeFiles/__idf_unity.dir/unity_runner.c.obj
[976/1045] Building C object esp-idf/esp_lcd/CMakeFiles/__idf_esp_lcd.dir/i80/esp_lcd_panel_io_i80.c.obj
[894/1052] Building C object esp-idf/protocomm/CMakeFiles/__idf_protocomm.dir/proto-c/constants.pb-c.c.obj
[977/1045] Building C object esp-idf/esp_local_ctrl/CMakeFiles/__idf_esp_local_ctrl.dir/src/esp_local_ctrl_handler.c.obj
[895/1052] Building C object esp-idf/protocomm/CMakeFiles/__idf_protocomm.dir/proto-c/sec0.pb-c.c.obj
[896/1052] Building C object esp-idf/app_update/CMakeFiles/__idf_app_update.dir/esp_ota_ops.c.obj
[897/1052] Building C object esp-idf/unity/CMakeFiles/__idf_unity.dir/port/esp/unity_utils_memory_esp.c.obj
[898/1052] Building C object esp-idf/protocomm/CMakeFiles/__idf_protocomm.dir/proto-c/sec1.pb-c.c.obj
[978/1045] Building C object esp-idf/fatfs/CMakeFiles/__idf_fatfs.dir/diskio/diskio_sdmmc.c.obj
[899/1052] Building C object esp-idf/esp_driver_gpio/CMakeFiles/__idf_esp_driver_gpio.dir/src/gpio.c.obj
[900/1052] Building C object esp-idf/unity/CMakeFiles/__idf_unity.dir/unity_port_esp32.c.obj
[979/1045] Building C object esp-idf/fatfs/CMakeFiles/__idf_fatfs.dir/diskio/diskio.c.obj
[901/1052] Building C object esp-idf/console/CMakeFiles/__idf_console.dir/argtable3/argtable3.c.obj
[980/1045] Building C object esp-idf/perfmon/CMakeFiles/__idf_perfmon.dir/xtensa_perfmon_masks.c.obj
[902/1052] Building C object esp-idf/protocomm/CMakeFiles/__idf_protocomm.dir/proto-c/session.pb-c.c.obj
[981/1045] Building C object esp-idf/perfmon/CMakeFiles/__idf_perfmon.dir/xtensa_perfmon_apis.c.obj
[982/1045] Building C object esp-idf/mqtt/CMakeFiles/__idf_mqtt.dir/esp-mqtt/lib/platform_esp32_idf.c.obj
[983/1045] Building C object esp-idf/nvs_sec_provider/CMakeFiles/__idf_nvs_sec_provider.dir/nvs_sec_provider.c.obj
[903/1052] Building CXX object esp-idf/wear_levelling/CMakeFiles/__idf_wear_levelling.dir/crc32.cpp.obj
[904/1052] Building C object esp-idf/protocomm/CMakeFiles/__idf_protocomm.dir/src/transports/protocomm_console.c.obj
[831/1046] Generating x509_crt_bundle
[905/1052] Linking C static library esp-idf/esp_driver_gpio/libesp_driver_gpio.a
[984/1045] Building C object esp-idf/perfmon/CMakeFiles/__idf_perfmon.dir/xtensa_perfmon_access.c.obj
[906/1052] Building C object esp-idf/protocomm/CMakeFiles/__idf_protocomm.dir/src/crypto/srp6a/esp_srp_mpi.c.obj
[907/1052] Linking C static library esp-idf/esp_security/libesp_security.a
[985/1045] Building C object esp-idf/spiffs/CMakeFiles/__idf_spiffs.dir/spiffs_api.c.obj
[908/1052] Building CXX object esp-idf/wear_levelling/CMakeFiles/__idf_wear_levelling.dir/Partition.cpp.obj
[986/1045] Building C object esp-idf/rt/CMakeFiles/__idf_rt.dir/FreeRTOS_POSIX_mqueue.c.obj
[909/1052] Building C object esp-idf/protocomm/CMakeFiles/__idf_protocomm.dir/src/common/protocomm.c.obj
[910/1052] Building CXX object esp-idf/wear_levelling/CMakeFiles/__idf_wear_levelling.dir/wear_levelling.cpp.obj
[987/1045] Building C object esp-idf/spiffs/CMakeFiles/__idf_spiffs.dir/spiffs/src/spiffs_cache.c.obj
[911/1052] Building C object esp-idf/protocomm/CMakeFiles/__idf_protocomm.dir/proto-c/sec2.pb-c.c.obj
[988/1045] Building C object esp-idf/fatfs/CMakeFiles/__idf_fatfs.dir/vfs/vfs_fat_spiflash.c.obj
[912/1052] Linking C static library esp-idf/efuse/libefuse.a
[913/1052] Building CXX object esp-idf/wear_levelling/CMakeFiles/__idf_wear_levelling.dir/WL_Ext_Safe.cpp.obj
[989/1045] Building C object esp-idf/mqtt/CMakeFiles/__idf_mqtt.dir/esp-mqtt/lib/mqtt_msg.c.obj
[914/1052] Building CXX object esp-idf/wear_levelling/CMakeFiles/__idf_wear_levelling.dir/SPI_Flash.cpp.obj
[990/1045] Building C object esp-idf/rt/CMakeFiles/__idf_rt.dir/FreeRTOS_POSIX_utils.c.obj
[915/1052] Building C object esp-idf/protocomm/CMakeFiles/__idf_protocomm.dir/src/security/security2.c.obj
[916/1052] Linking C static library esp-idf/esp_partition/libesp_partition.a
[917/1052] Building C object esp-idf/protocomm/CMakeFiles/__idf_protocomm.dir/src/crypto/srp6a/esp_srp.c.obj
[918/1052] Building CXX object esp-idf/wear_levelling/CMakeFiles/__idf_wear_levelling.dir/WL_Ext_Perf.cpp.obj
[991/1045] Building C object esp-idf/mqtt/CMakeFiles/__idf_mqtt.dir/esp-mqtt/lib/mqtt_outbox.c.obj
[992/1045] Building C object esp-idf/spiffs/CMakeFiles/__idf_spiffs.dir/spiffs/src/spiffs_gc.c.obj
[919/1052] Building C object esp-idf/protocomm/CMakeFiles/__idf_protocomm.dir/src/transports/protocomm_httpd.c.obj
[920/1052] Linking C static library esp-idf/app_update/libapp_update.a
[832/1046] Generating ../../x509_crt_bundle.S
[921/1052] Building C object esp-idf/cmock/CMakeFiles/__idf_cmock.dir/CMock/src/cmock.c.obj
[993/1045] Building C object esp-idf/fatfs/CMakeFiles/__idf_fatfs.dir/vfs/vfs_fat_sdmmc.c.obj
[922/1052] Linking C static library esp-idf/esp_bootloader_format/libesp_bootloader_format.a
[923/1052] Building C object esp-idf/json/CMakeFiles/__idf_json.dir/cJSON/cJSON_Utils.c.obj
[994/1045] Building C object esp-idf/spiffs/CMakeFiles/__idf_spiffs.dir/spiffs/src/spiffs_check.c.obj
[924/1052] Building C object esp-idf/app_trace/CMakeFiles/__idf_app_trace.dir/host_file_io.c.obj
[925/1052] Building C object esp-idf/app_trace/CMakeFiles/__idf_app_trace.dir/app_trace_util.c.obj
[995/1045] Building C object esp-idf/touch_element/CMakeFiles/__idf_touch_element.dir/touch_button.c.obj
[926/1052] Linking C static library esp-idf/esp_app_format/libesp_app_format.a
[927/1052] Building C object esp-idf/esp_driver_cam/CMakeFiles/__idf_esp_driver_cam.dir/esp_cam_ctlr.c.obj
[928/1052] Building C object esp-idf/esp_https_server/CMakeFiles/__idf_esp_https_server.dir/src/https_server.c.obj
[929/1052] Building C object esp-idf/app_trace/CMakeFiles/__idf_app_trace.dir/app_trace.c.obj
[930/1052] Linking C static library esp-idf/xtensa/libxtensa.a
[833/1046] Building C object esp-idf/esp_security/CMakeFiles/__idf_esp_security.dir/src/esp_crypto_lock.c.obj
[931/1052] Building C object esp-idf/app_trace/CMakeFiles/__idf_app_trace.dir/port/port_uart.c.obj
[834/1046] Building C object esp-idf/esp_pm/CMakeFiles/__idf_esp_pm.dir/pm_trace.c.obj
[996/1045] Building C object esp-idf/usb/CMakeFiles/__idf_usb.dir/usb_private.c.obj
[932/1052] Building C object esp-idf/esp_driver_cam/CMakeFiles/__idf_esp_driver_cam.dir/dvp_share_ctrl.c.obj
[933/1052] Building C object esp-idf/esp_driver_cam/CMakeFiles/__idf_esp_driver_cam.dir/dvp/src/esp_cam_ctlr_dvp_gdma.c.obj
[835/1046] Building ASM object esp-idf/mbedtls/CMakeFiles/__idf_mbedtls.dir/__/__/x509_crt_bundle.S.obj
[934/1052] Linking C static library esp-idf/esp_https_server/libesp_https_server.a
[828/1052] Building C object esp-idf/mbedtls/mbedtls/library/CMakeFiles/mbedcrypto.dir/psa_crypto.c.obj
[836/1046] Building C object esp-idf/esp_driver_gpio/CMakeFiles/__idf_esp_driver_gpio.dir/src/gpio_glitch_filter_ops.c.obj
[837/1046] Building C object esp-idf/esp_pm/CMakeFiles/__idf_esp_pm.dir/pm_impl.c.obj
[838/1046] Building C object esp-idf/esp_security/CMakeFiles/__idf_esp_security.dir/src/init.c.obj
[935/1052] Building C object esp-idf/esp_eth/CMakeFiles/__idf_esp_eth.dir/src/esp_eth_netif_glue.c.obj
[997/1045] Building C object esp-idf/usb/CMakeFiles/__idf_usb.dir/usb_helpers.c.obj
[936/1052] Linking C static library esp-idf/console/libconsole.a
[839/1046] Building C object esp-idf/efuse/CMakeFiles/__idf_efuse.dir/esp32s3/esp_efuse_rtc_calib.c.obj
[840/1046] Building C object esp-idf/efuse/CMakeFiles/__idf_efuse.dir/esp32s3/esp_efuse_table.c.obj
[998/1045] Building C object esp-idf/fatfs/CMakeFiles/__idf_fatfs.dir/vfs/vfs_fat.c.obj
[937/1052] Building C object esp-idf/esp_lcd/CMakeFiles/__idf_esp_lcd.dir/src/esp_lcd_panel_io.c.obj
[999/1045] Building C object esp-idf/spiffs/CMakeFiles/__idf_spiffs.dir/spiffs/src/spiffs_hydrogen.c.obj
[841/1046] Building C object esp-idf/efuse/CMakeFiles/__idf_efuse.dir/esp32s3/esp_efuse_fields.c.obj
[842/1046] Building C object esp-idf/esp_pm/CMakeFiles/__idf_esp_pm.dir/pm_locks.c.obj
[1000/1045] Building C object esp-idf/usb/CMakeFiles/__idf_usb.dir/enum.c.obj
[843/1046] Building C object esp-idf/esp_security/CMakeFiles/__idf_esp_security.dir/src/esp_hmac.c.obj
[938/1052] Building C object esp-idf/unity/CMakeFiles/__idf_unity.dir/unity/src/unity.c.obj
[939/1052] Building C object esp-idf/esp_hid/CMakeFiles/__idf_esp_hid.dir/src/esp_hid_common.c.obj
[1001/1045] Building C object esp-idf/usb/CMakeFiles/__idf_usb.dir/hub.c.obj
[844/1046] Building C object esp-idf/esp_security/CMakeFiles/__idf_esp_security.dir/src/esp_crypto_periph_clk.c.obj
[1002/1045] Building C object esp-idf/touch_element/CMakeFiles/__idf_touch_element.dir/touch_slider.c.obj
[1003/1045] Building C object esp-idf/touch_element/CMakeFiles/__idf_touch_element.dir/touch_matrix.c.obj
[940/1052] Building C object esp-idf/esp_hid/CMakeFiles/__idf_esp_hid.dir/src/esp_hidd.c.obj
[941/1052] Building C object esp-idf/esp_lcd/CMakeFiles/__idf_esp_lcd.dir/src/esp_lcd_common.c.obj
[1004/1045] Building C object esp-idf/esp_lcd/CMakeFiles/__idf_esp_lcd.dir/rgb/esp_lcd_panel_rgb.c.obj
[845/1046] Building C object esp-idf/efuse/CMakeFiles/__idf_efuse.dir/src/esp_efuse_startup.c.obj
[1005/1045] Building C object esp-idf/wifi_provisioning/CMakeFiles/__idf_wifi_provisioning.dir/src/wifi_ctrl.c.obj
[1006/1045] Building C object esp-idf/wifi_provisioning/CMakeFiles/__idf_wifi_provisioning.dir/src/wifi_scan.c.obj
[942/1052] Building C object esp-idf/esp_lcd/CMakeFiles/__idf_esp_lcd.dir/src/esp_lcd_panel_st7789.c.obj
[943/1052] Building C object esp-idf/esp_lcd/CMakeFiles/__idf_esp_lcd.dir/src/esp_lcd_panel_ops.c.obj
[944/1052] Linking C static library esp-idf/unity/libunity.a
[846/1046] Building C object esp-idf/esp_driver_gpio/CMakeFiles/__idf_esp_driver_gpio.dir/src/gpio_pin_glitch_filter.c.obj
[1007/1045] Building C object esp-idf/fatfs/CMakeFiles/__idf_fatfs.dir/src/ff.c.obj
[847/1046] Building C object esp-idf/esp_bootloader_format/CMakeFiles/__idf_esp_bootloader_format.dir/esp_bootloader_desc.c.obj
[848/1046] Building C object esp-idf/esp_driver_gpio/CMakeFiles/__idf_esp_driver_gpio.dir/src/gpio.c.obj
[1008/1045] Building C object esp-idf/wifi_provisioning/CMakeFiles/__idf_wifi_provisioning.dir/src/wifi_config.c.obj
[849/1046] Building C object esp-idf/esp_security/CMakeFiles/__idf_esp_security.dir/src/esp_ds.c.obj
[850/1046] Building C object esp-idf/efuse/CMakeFiles/__idf_efuse.dir/src/esp_efuse_utility.c.obj
[851/1046] Building C object esp-idf/efuse/CMakeFiles/__idf_efuse.dir/esp32s3/esp_efuse_utility.c.obj
[852/1046] Building C object esp-idf/efuse/CMakeFiles/__idf_efuse.dir/src/esp_efuse_fields.c.obj
[853/1046] Building C object esp-idf/app_update/CMakeFiles/__idf_app_update.dir/esp_ota_app_desc.c.obj
[1009/1045] Building C object esp-idf/spiffs/CMakeFiles/__idf_spiffs.dir/esp_spiffs.c.obj
[945/1052] Building C object esp-idf/protobuf-c/CMakeFiles/__idf_protobuf-c.dir/protobuf-c/protobuf-c/protobuf-c.c.obj
[854/1046] Building C object esp-idf/xtensa/CMakeFiles/__idf_xtensa.dir/eri.c.obj
[1010/1045] Linking C static library esp-idf/cmock/libcmock.a
[855/1046] Building C object esp-idf/mbedtls/CMakeFiles/__idf_mbedtls.dir/esp_crt_bundle/esp_crt_bundle.c.obj
[946/1052] Building C object esp-idf/esp_lcd/CMakeFiles/__idf_esp_lcd.dir/src/esp_lcd_panel_ssd1306.c.obj
[856/1046] Building ASM object esp-idf/xtensa/CMakeFiles/__idf_xtensa.dir/xtensa_intr_asm.S.obj
[857/1046] Building C object esp-idf/esp_app_format/CMakeFiles/__idf_esp_app_format.dir/esp_app_desc.c.obj
[829/1052] Linking CXX static library esp-idf/mbedtls/mbedtls/library/libmbedcrypto.a
[1011/1045] Building C object esp-idf/wifi_provisioning/CMakeFiles/__idf_wifi_provisioning.dir/proto-c/wifi_constants.pb-c.c.obj
[1012/1045] Linking C static library esp-idf/app_trace/libapp_trace.a
[947/1052] Building C object esp-idf/json/CMakeFiles/__idf_json.dir/cJSON/cJSON.c.obj
[858/1046] Building C object esp-idf/esp_partition/CMakeFiles/__idf_esp_partition.dir/partition_target.c.obj
[859/1046] Building ASM object esp-idf/xtensa/CMakeFiles/__idf_xtensa.dir/xtensa_context.S.obj
[860/1046] Building C object esp-idf/esp_partition/CMakeFiles/__idf_esp_partition.dir/partition.c.obj
[861/1046] Building C object esp-idf/esp_driver_gpio/CMakeFiles/__idf_esp_driver_gpio.dir/src/rtc_io.c.obj
[948/1052] Building C object esp-idf/esp_driver_touch_sens/CMakeFiles/__idf_esp_driver_touch_sens.dir/hw_ver2/touch_version_specific.c.obj
[1013/1045] Linking C static library esp-idf/esp_driver_cam/libesp_driver_cam.a
[862/1046] Building C object esp-idf/efuse/CMakeFiles/__idf_efuse.dir/src/efuse_controller/keys/with_key_purposes/esp_efuse_api_key.c.obj
[949/1052] Linking C static library esp-idf/protobuf-c/libprotobuf-c.a
[1014/1045] Linking C static library esp-idf/esp_driver_touch_sens/libesp_driver_touch_sens.a
[1015/1045] Building C object esp-idf/wifi_provisioning/CMakeFiles/__idf_wifi_provisioning.dir/src/scheme_softap.c.obj
[863/1046] Building C object esp-idf/esp_driver_gpio/CMakeFiles/__idf_esp_driver_gpio.dir/src/dedic_gpio.c.obj
[864/1046] Linking C static library esp-idf/mbedtls/libmbedtls.a
[1016/1045] Linking C static library esp-idf/esp_hid/libesp_hid.a
[1017/1045] Building C object esp-idf/wifi_provisioning/CMakeFiles/__idf_wifi_provisioning.dir/proto-c/wifi_ctrl.pb-c.c.obj
[865/1046] Building C object esp-idf/xtensa/CMakeFiles/__idf_xtensa.dir/xt_trax.c.obj
[950/1052] Building C object esp-idf/espcoredump/CMakeFiles/__idf_espcoredump.dir/src/core_dump_init.c.obj
[1018/1045] Building C object esp-idf/wifi_provisioning/CMakeFiles/__idf_wifi_provisioning.dir/src/scheme_console.c.obj
[1019/1045] Building C object esp-idf/wifi_provisioning/CMakeFiles/__idf_wifi_provisioning.dir/proto-c/wifi_scan.pb-c.c.obj
[830/1052] Linking CXX static library esp-idf/mbedtls/mbedtls/3rdparty/p256-m/libp256m.a
[866/1046] Building ASM object esp-idf/xtensa/CMakeFiles/__idf_xtensa.dir/xtensa_vectors.S.obj
[1020/1045] Linking C static library esp-idf/esp_eth/libesp_eth.a
[951/1052] Building C object esp-idf/esp_lcd/CMakeFiles/__idf_esp_lcd.dir/i2c/esp_lcd_panel_io_i2c_v1.c.obj
[952/1052] Building CXX object esp-idf/wear_levelling/CMakeFiles/__idf_wear_levelling.dir/WL_Flash.cpp.obj
[1021/1045] Linking C static library esp-idf/perfmon/libperfmon.a
[1022/1045] Linking C static library esp-idf/rt/librt.a
[867/1046] Linking C static library esp-idf/esp_pm/libesp_pm.a
[1023/1045] Linking C static library esp-idf/espcoredump/libespcoredump.a
[831/1052] Linking CXX static library esp-idf/mbedtls/mbedtls/3rdparty/everest/libeverest.a
[953/1052] Linking C static library esp-idf/protocomm/libprotocomm.a
[868/1046] Building C object esp-idf/console/CMakeFiles/__idf_console.dir/esp_console_repl_internal.c.obj
[954/1052] Building C object esp-idf/espcoredump/CMakeFiles/__idf_espcoredump.dir/src/core_dump_flash.c.obj
[1024/1045] Linking C static library esp-idf/nvs_sec_provider/libnvs_sec_provider.a
[1025/1045] Linking C static library esp-idf/esp_lcd/libesp_lcd.a
[869/1046] Building C object esp-idf/efuse/CMakeFiles/__idf_efuse.dir/src/esp_efuse_api.c.obj
[870/1046] Building C object esp-idf/console/CMakeFiles/__idf_console.dir/split_argv.c.obj
[955/1052] Building C object esp-idf/espcoredump/CMakeFiles/__idf_espcoredump.dir/src/core_dump_common.c.obj
[871/1046] Building C object esp-idf/console/CMakeFiles/__idf_console.dir/argtable3/arg_cmd.c.obj
[1026/1045] Linking C static library esp-idf/esp_local_ctrl/libesp_local_ctrl.a
[1027/1045] Linking C static library esp-idf/fatfs/libfatfs.a
[956/1052] Building C object esp-idf/espcoredump/CMakeFiles/__idf_espcoredump.dir/src/core_dump_uart.c.obj
[957/1052] Building C object esp-idf/espcoredump/CMakeFiles/__idf_espcoredump.dir/src/core_dump_elf.c.obj
[958/1052] Building C object esp-idf/espcoredump/CMakeFiles/__idf_espcoredump.dir/src/core_dump_sha.c.obj
[959/1052] Building C object esp-idf/esp_eth/CMakeFiles/__idf_esp_eth.dir/src/phy/esp_eth_phy_802_3.c.obj
[1028/1045] Building C object esp-idf/touch_element/CMakeFiles/__idf_touch_element.dir/touch_element.c.obj
[872/1046] Linking C static library esp-idf/esp_driver_gpio/libesp_driver_gpio.a
[1029/1045] Building C object esp-idf/wifi_provisioning/CMakeFiles/__idf_wifi_provisioning.dir/src/handlers.c.obj
[960/1052] Building C object esp-idf/esp_hid/CMakeFiles/__idf_esp_hid.dir/src/esp_hidh.c.obj
[961/1052] Building C object esp-idf/esp_driver_touch_sens/CMakeFiles/__idf_esp_driver_touch_sens.dir/common/touch_sens_common.c.obj
[962/1052] Building C object esp-idf/esp_lcd/CMakeFiles/__idf_esp_lcd.dir/src/esp_lcd_panel_nt35510.c.obj
[873/1046] Building C object esp-idf/console/CMakeFiles/__idf_console.dir/esp_console_repl_chip.c.obj
[874/1046] Building C object esp-idf/console/CMakeFiles/__idf_console.dir/argtable3/arg_end.c.obj
[1030/1045] Building C object esp-idf/wifi_provisioning/CMakeFiles/__idf_wifi_provisioning.dir/proto-c/wifi_config.pb-c.c.obj
[963/1052] Building C object esp-idf/espcoredump/CMakeFiles/__idf_espcoredump.dir/src/port/xtensa/core_dump_port.c.obj
[964/1052] Linking C static library esp-idf/wear_levelling/libwear_levelling.a
[1031/1045] Building C object esp-idf/main/CMakeFiles/__idf_main.dir/main.c.obj
[875/1046] Building C object esp-idf/xtensa/CMakeFiles/__idf_xtensa.dir/xtensa_intr.c.obj
[1032/1045] Linking C static library esp-idf/touch_element/libtouch_element.a
[876/1046] Building C object esp-idf/console/CMakeFiles/__idf_console.dir/argtable3/arg_dstr.c.obj
[877/1046] Building C object esp-idf/console/CMakeFiles/__idf_console.dir/argtable3/arg_lit.c.obj
[878/1046] Building C object esp-idf/console/CMakeFiles/__idf_console.dir/argtable3/arg_dbl.c.obj
[965/1052] Building C object esp-idf/esp_lcd/CMakeFiles/__idf_esp_lcd.dir/spi/esp_lcd_panel_io_spi.c.obj
[879/1046] Building C object esp-idf/console/CMakeFiles/__idf_console.dir/argtable3/arg_int.c.obj
[966/1052] Building C object esp-idf/esp_lcd/CMakeFiles/__idf_esp_lcd.dir/i2c/esp_lcd_panel_io_i2c_v2.c.obj
[880/1046] Linking C static library esp-idf/esp_security/libesp_security.a
[881/1046] Building C object esp-idf/console/CMakeFiles/__idf_console.dir/argtable3/arg_file.c.obj
[967/1052] Building C object esp-idf/fatfs/CMakeFiles/__idf_fatfs.dir/diskio/diskio.c.obj
[882/1046] Building C object esp-idf/console/CMakeFiles/__idf_console.dir/esp_console_common.c.obj
[883/1046] Building C object esp-idf/console/CMakeFiles/__idf_console.dir/argtable3/arg_rem.c.obj
[884/1046] Building C object esp-idf/console/CMakeFiles/__idf_console.dir/argtable3/arg_date.c.obj
[832/1052] Generating x509_crt_bundle
[885/1046] Building C object esp-idf/console/CMakeFiles/__idf_console.dir/argtable3/arg_utils.c.obj
[968/1052] Building C object esp-idf/esp_driver_cam/CMakeFiles/__idf_esp_driver_cam.dir/dvp/src/esp_cam_ctlr_dvp_cam.c.obj
[886/1046] Building C object esp-idf/console/CMakeFiles/__idf_console.dir/argtable3/arg_str.c.obj
[969/1052] Building C object esp-idf/esp_local_ctrl/CMakeFiles/__idf_esp_local_ctrl.dir/src/esp_local_ctrl_handler.c.obj
[887/1046] Building C object esp-idf/console/CMakeFiles/__idf_console.dir/argtable3/arg_hashtable.c.obj
[828/1052] Building C object esp-idf/mbedtls/mbedtls/library/CMakeFiles/mbedcrypto.dir/psa_crypto.c.obj
[970/1052] Linking C static library esp-idf/json/libjson.a
[1033/1045] Building C object esp-idf/spiffs/CMakeFiles/__idf_spiffs.dir/spiffs/src/spiffs_nucleus.c.obj
[888/1046] Linking C static library esp-idf/efuse/libefuse.a
[889/1046] Building C object esp-idf/unity/CMakeFiles/__idf_unity.dir/unity_compat.c.obj
[890/1046] Building C object esp-idf/console/CMakeFiles/__idf_console.dir/commands.c.obj
[971/1052] Building C object esp-idf/esp_local_ctrl/CMakeFiles/__idf_esp_local_ctrl.dir/src/esp_local_ctrl_transport_httpd.c.obj
[891/1046] Building C object esp-idf/unity/CMakeFiles/__idf_unity.dir/unity_utils_cache.c.obj
[892/1046] Building C object esp-idf/unity/CMakeFiles/__idf_unity.dir/unity_runner.c.obj
[972/1052] Building C object esp-idf/esp_local_ctrl/CMakeFiles/__idf_esp_local_ctrl.dir/src/esp_local_ctrl.c.obj
[893/1046] Linking C static library esp-idf/esp_partition/libesp_partition.a
[894/1046] Building C object esp-idf/unity/CMakeFiles/__idf_unity.dir/unity_port_esp32.c.obj
[973/1052] Building C object esp-idf/fatfs/CMakeFiles/__idf_fatfs.dir/port/freertos/ffsystem.c.obj
[1034/1045] Linking C static library esp-idf/spiffs/libspiffs.a
[895/1046] Building C object esp-idf/console/CMakeFiles/__idf_console.dir/linenoise/linenoise.c.obj
[974/1052] Building C object esp-idf/fatfs/CMakeFiles/__idf_fatfs.dir/src/ffunicode.c.obj
[975/1052] Building C object esp-idf/fatfs/CMakeFiles/__idf_fatfs.dir/diskio/diskio_rawflash.c.obj
[896/1046] Building C object esp-idf/protocomm/CMakeFiles/__idf_protocomm.dir/proto-c/constants.pb-c.c.obj
[976/1052] Building C object esp-idf/fatfs/CMakeFiles/__idf_fatfs.dir/diskio/diskio_wl.c.obj
[977/1052] Building C object esp-idf/esp_local_ctrl/CMakeFiles/__idf_esp_local_ctrl.dir/proto-c/esp_local_ctrl.pb-c.c.obj
[897/1046] Building C object esp-idf/unity/CMakeFiles/__idf_unity.dir/port/esp/unity_utils_memory_esp.c.obj
[898/1046] Building C object esp-idf/protocomm/CMakeFiles/__idf_protocomm.dir/proto-c/session.pb-c.c.obj
[899/1046] Building C object esp-idf/unity/CMakeFiles/__idf_unity.dir/unity_utils_freertos.c.obj
[1035/1045] Building C object esp-idf/usb/CMakeFiles/__idf_usb.dir/usbh.c.obj
[900/1046] Building C object esp-idf/unity/CMakeFiles/__idf_unity.dir/unity_utils_memory.c.obj
[901/1046] Building C object esp-idf/protocomm/CMakeFiles/__idf_protocomm.dir/proto-c/sec1.pb-c.c.obj
[978/1052] Building C object esp-idf/esp_eth/CMakeFiles/__idf_esp_eth.dir/src/esp_eth.c.obj
[979/1052] Building C object esp-idf/mqtt/CMakeFiles/__idf_mqtt.dir/esp-mqtt/lib/platform_esp32_idf.c.obj
[902/1046] Building C object esp-idf/console/CMakeFiles/__idf_console.dir/argtable3/arg_rex.c.obj
[980/1052] Building C object esp-idf/fatfs/CMakeFiles/__idf_fatfs.dir/diskio/diskio_sdmmc.c.obj
[829/1052] Linking CXX static library esp-idf/mbedtls/mbedtls/library/libmbedcrypto.a
[981/1052] Building C object esp-idf/fatfs/CMakeFiles/__idf_fatfs.dir/vfs/vfs_fat_sdmmc.c.obj
[982/1052] Building C object esp-idf/perfmon/CMakeFiles/__idf_perfmon.dir/xtensa_perfmon_masks.c.obj
[903/1046] Building C object esp-idf/protocomm/CMakeFiles/__idf_protocomm.dir/proto-c/sec0.pb-c.c.obj
[904/1046] Building C object esp-idf/esp_https_server/CMakeFiles/__idf_esp_https_server.dir/src/https_server.c.obj
[1036/1045] Building C object esp-idf/wifi_provisioning/CMakeFiles/__idf_wifi_provisioning.dir/src/manager.c.obj
[905/1046] Building C object esp-idf/protocomm/CMakeFiles/__idf_protocomm.dir/src/common/protocomm.c.obj
[1037/1045] Building C object esp-idf/usb/CMakeFiles/__idf_usb.dir/usb_host.c.obj
[830/1052] Linking CXX static library esp-idf/mbedtls/mbedtls/3rdparty/p256-m/libp256m.a
[983/1052] Building C object esp-idf/esp_lcd/CMakeFiles/__idf_esp_lcd.dir/i80/esp_lcd_panel_io_i80.c.obj
[984/1052] Building C object esp-idf/perfmon/CMakeFiles/__idf_perfmon.dir/xtensa_perfmon_access.c.obj
[985/1052] Building C object esp-idf/rt/CMakeFiles/__idf_rt.dir/FreeRTOS_POSIX_utils.c.obj
[906/1046] Building CXX object esp-idf/wear_levelling/CMakeFiles/__idf_wear_levelling.dir/crc32.cpp.obj
[907/1046] Building C object esp-idf/app_update/CMakeFiles/__idf_app_update.dir/esp_ota_ops.c.obj
[908/1046] Building C object esp-idf/console/CMakeFiles/__idf_console.dir/argtable3/argtable3.c.obj
[986/1052] Building C object esp-idf/perfmon/CMakeFiles/__idf_perfmon.dir/xtensa_perfmon_apis.c.obj
[1038/1045] Linking C static library esp-idf/wifi_provisioning/libwifi_provisioning.a
[1039/1045] Building C object esp-idf/mqtt/CMakeFiles/__idf_mqtt.dir/esp-mqtt/mqtt_client.c.obj
[831/1052] Linking CXX static library esp-idf/mbedtls/mbedtls/3rdparty/everest/libeverest.a
[909/1046] Building C object esp-idf/protocomm/CMakeFiles/__idf_protocomm.dir/src/crypto/srp6a/esp_srp_mpi.c.obj
[833/1052] Generating ../../x509_crt_bundle.S
[910/1046] Building C object esp-idf/protocomm/CMakeFiles/__idf_protocomm.dir/proto-c/sec2.pb-c.c.obj
[911/1046] Building CXX object esp-idf/wear_levelling/CMakeFiles/__idf_wear_levelling.dir/SPI_Flash.cpp.obj
[987/1052] Building C object esp-idf/nvs_sec_provider/CMakeFiles/__idf_nvs_sec_provider.dir/nvs_sec_provider.c.obj
[912/1046] Linking C static library esp-idf/app_update/libapp_update.a
[1040/1045] Linking C static library esp-idf/mqtt/libmqtt.a
[913/1046] Building CXX object esp-idf/wear_levelling/CMakeFiles/__idf_wear_levelling.dir/Partition.cpp.obj
[988/1052] Building C object esp-idf/fatfs/CMakeFiles/__idf_fatfs.dir/vfs/vfs_fat_spiflash.c.obj
[914/1046] Building C object esp-idf/unity/CMakeFiles/__idf_unity.dir/unity/src/unity.c.obj
[915/1046] Building CXX object esp-idf/wear_levelling/CMakeFiles/__idf_wear_levelling.dir/wear_levelling.cpp.obj
[916/1046] Linking C static library esp-idf/esp_bootloader_format/libesp_bootloader_format.a
[989/1052] Building C object esp-idf/mqtt/CMakeFiles/__idf_mqtt.dir/esp-mqtt/lib/mqtt_outbox.c.obj
[917/1046] Building C object esp-idf/protocomm/CMakeFiles/__idf_protocomm.dir/src/transports/protocomm_console.c.obj
[990/1052] Building C object esp-idf/mqtt/CMakeFiles/__idf_mqtt.dir/esp-mqtt/lib/mqtt_msg.c.obj
[991/1052] Building C object esp-idf/rt/CMakeFiles/__idf_rt.dir/FreeRTOS_POSIX_mqueue.c.obj
[834/1052] Building ASM object esp-idf/mbedtls/CMakeFiles/__idf_mbedtls.dir/__/__/x509_crt_bundle.S.obj
[992/1052] Building C object esp-idf/esp_lcd/CMakeFiles/__idf_esp_lcd.dir/rgb/esp_lcd_panel_rgb.c.obj
[993/1052] Building C object esp-idf/spiffs/CMakeFiles/__idf_spiffs.dir/spiffs_api.c.obj
[918/1046] Building CXX object esp-idf/wear_levelling/CMakeFiles/__idf_wear_levelling.dir/WL_Ext_Perf.cpp.obj
[994/1052] Building C object esp-idf/spiffs/CMakeFiles/__idf_spiffs.dir/spiffs/src/spiffs_cache.c.obj
[919/1046] Linking C static library esp-idf/esp_app_format/libesp_app_format.a
[920/1046] Building C object esp-idf/protocomm/CMakeFiles/__idf_protocomm.dir/src/crypto/srp6a/esp_srp.c.obj
[835/1052] Building C object esp-idf/esp_pm/CMakeFiles/__idf_esp_pm.dir/pm_trace.c.obj
[921/1046] Building CXX object esp-idf/wear_levelling/CMakeFiles/__idf_wear_levelling.dir/WL_Ext_Safe.cpp.obj
[836/1052] Building C object esp-idf/esp_security/CMakeFiles/__idf_esp_security.dir/src/esp_hmac.c.obj
[837/1052] Building C object esp-idf/esp_security/CMakeFiles/__idf_esp_security.dir/src/esp_crypto_lock.c.obj
[838/1052] Building C object esp-idf/efuse/CMakeFiles/__idf_efuse.dir/esp32s3/esp_efuse_fields.c.obj
[922/1046] Building C object esp-idf/app_trace/CMakeFiles/__idf_app_trace.dir/host_file_io.c.obj
[923/1046] Linking C static library esp-idf/xtensa/libxtensa.a
[924/1046] Building C object esp-idf/app_trace/CMakeFiles/__idf_app_trace.dir/app_trace_util.c.obj
[839/1052] Building C object esp-idf/esp_security/CMakeFiles/__idf_esp_security.dir/src/esp_ds.c.obj
[995/1052] Building C object esp-idf/spiffs/CMakeFiles/__idf_spiffs.dir/spiffs/src/spiffs_hydrogen.c.obj
[840/1052] Building C object esp-idf/esp_security/CMakeFiles/__idf_esp_security.dir/src/init.c.obj
[841/1052] Building C object esp-idf/esp_driver_gpio/CMakeFiles/__idf_esp_driver_gpio.dir/src/gpio_glitch_filter_ops.c.obj
[842/1052] Building C object esp-idf/esp_pm/CMakeFiles/__idf_esp_pm.dir/pm_locks.c.obj
[925/1046] Building C object esp-idf/protocomm/CMakeFiles/__idf_protocomm.dir/src/security/security2.c.obj
[926/1046] Building C object esp-idf/protocomm/CMakeFiles/__idf_protocomm.dir/src/transports/protocomm_httpd.c.obj
[1041/1045] Building C object esp-idf/usb/CMakeFiles/__idf_usb.dir/hcd_dwc.c.obj
[996/1052] Building C object esp-idf/fatfs/CMakeFiles/__idf_fatfs.dir/vfs/vfs_fat.c.obj
[927/1046] Building C object esp-idf/app_trace/CMakeFiles/__idf_app_trace.dir/app_trace.c.obj
[997/1052] Building C object esp-idf/usb/CMakeFiles/__idf_usb.dir/usb_private.c.obj
[843/1052] Building C object esp-idf/efuse/CMakeFiles/__idf_efuse.dir/esp32s3/esp_efuse_rtc_calib.c.obj
[928/1046] Building C object esp-idf/cmock/CMakeFiles/__idf_cmock.dir/CMock/src/cmock.c.obj
[929/1046] Linking C static library esp-idf/unity/libunity.a
[844/1052] Building C object esp-idf/efuse/CMakeFiles/__idf_efuse.dir/esp32s3/esp_efuse_table.c.obj
[930/1046] Building C object esp-idf/esp_driver_cam/CMakeFiles/__idf_esp_driver_cam.dir/dvp_share_ctrl.c.obj
[845/1052] Building C object esp-idf/efuse/CMakeFiles/__idf_efuse.dir/esp32s3/esp_efuse_utility.c.obj
[931/1046] Linking C static library esp-idf/console/libconsole.a
[846/1052] Building C object esp-idf/efuse/CMakeFiles/__idf_efuse.dir/src/esp_efuse_utility.c.obj
[932/1046] Building C object esp-idf/esp_driver_cam/CMakeFiles/__idf_esp_driver_cam.dir/esp_cam_ctlr.c.obj
[933/1046] Building C object esp-idf/app_trace/CMakeFiles/__idf_app_trace.dir/port/port_uart.c.obj
[847/1052] Building C object esp-idf/efuse/CMakeFiles/__idf_efuse.dir/src/efuse_controller/keys/with_key_purposes/esp_efuse_api_key.c.obj
[998/1052] Building C object esp-idf/usb/CMakeFiles/__idf_usb.dir/enum.c.obj
[848/1052] Building C object esp-idf/esp_bootloader_format/CMakeFiles/__idf_esp_bootloader_format.dir/esp_bootloader_desc.c.obj
[849/1052] Building C object esp-idf/esp_driver_gpio/CMakeFiles/__idf_esp_driver_gpio.dir/src/rtc_io.c.obj
[850/1052] Building C object esp-idf/esp_security/CMakeFiles/__idf_esp_security.dir/src/esp_crypto_periph_clk.c.obj
[1042/1045] Linking C static library esp-idf/usb/libusb.a
[999/1052] Building C object esp-idf/spiffs/CMakeFiles/__idf_spiffs.dir/spiffs/src/spiffs_gc.c.obj
[934/1046] Linking C static library esp-idf/esp_https_server/libesp_https_server.a
[851/1052] Building ASM object esp-idf/xtensa/CMakeFiles/__idf_xtensa.dir/xtensa_context.S.obj
[852/1052] Building C object esp-idf/esp_app_format/CMakeFiles/__idf_esp_app_format.dir/esp_app_desc.c.obj
[832/1052] Generating x509_crt_bundle
[853/1052] Building C object esp-idf/efuse/CMakeFiles/__idf_efuse.dir/src/esp_efuse_startup.c.obj
[935/1046] Building C object esp-idf/esp_eth/CMakeFiles/__idf_esp_eth.dir/src/esp_eth_netif_glue.c.obj
[854/1052] Building C object esp-idf/xtensa/CMakeFiles/__idf_xtensa.dir/eri.c.obj
[1000/1052] Building C object esp-idf/spiffs/CMakeFiles/__idf_spiffs.dir/esp_spiffs.c.obj
[936/1046] Building C object esp-idf/esp_driver_cam/CMakeFiles/__idf_esp_driver_cam.dir/dvp/src/esp_cam_ctlr_dvp_gdma.c.obj
[855/1052] Building C object esp-idf/esp_driver_gpio/CMakeFiles/__idf_esp_driver_gpio.dir/src/gpio_pin_glitch_filter.c.obj
[1001/1052] Building C object esp-idf/wifi_provisioning/CMakeFiles/__idf_wifi_provisioning.dir/src/wifi_config.c.obj
[856/1052] Building C object esp-idf/esp_partition/CMakeFiles/__idf_esp_partition.dir/partition_target.c.obj
[1043/1045] Linking C static library esp-idf/main/libmain.a
[857/1052] Building C object esp-idf/app_update/CMakeFiles/__idf_app_update.dir/esp_ota_app_desc.c.obj
[858/1052] Building ASM object esp-idf/xtensa/CMakeFiles/__idf_xtensa.dir/xtensa_intr_asm.S.obj
[1002/1052] Building C object esp-idf/spiffs/CMakeFiles/__idf_spiffs.dir/spiffs/src/spiffs_check.c.obj
[859/1052] Building C object esp-idf/efuse/CMakeFiles/__idf_efuse.dir/src/esp_efuse_fields.c.obj
[860/1052] Building C object esp-idf/esp_pm/CMakeFiles/__idf_esp_pm.dir/pm_impl.c.obj
[861/1052] Building C object esp-idf/xtensa/CMakeFiles/__idf_xtensa.dir/xt_trax.c.obj
[937/1046] Building C object esp-idf/json/CMakeFiles/__idf_json.dir/cJSON/cJSON_Utils.c.obj
[862/1052] Building ASM object esp-idf/xtensa/CMakeFiles/__idf_xtensa.dir/xtensa_vectors.S.obj
[863/1052] Building C object esp-idf/mbedtls/CMakeFiles/__idf_mbedtls.dir/esp_crt_bundle/esp_crt_bundle.c.obj
[1003/1052] Building C object esp-idf/touch_element/CMakeFiles/__idf_touch_element.dir/touch_button.c.obj
[938/1046] Building CXX object esp-idf/wear_levelling/CMakeFiles/__idf_wear_levelling.dir/WL_Flash.cpp.obj
[1004/1052] Building C object esp-idf/usb/CMakeFiles/__idf_usb.dir/usb_helpers.c.obj
[1005/1052] Building C object esp-idf/wifi_provisioning/CMakeFiles/__idf_wifi_provisioning.dir/src/wifi_scan.c.obj
[939/1046] Building C object esp-idf/esp_hid/CMakeFiles/__idf_esp_hid.dir/src/esp_hidd.c.obj
[864/1052] Building C object esp-idf/esp_partition/CMakeFiles/__idf_esp_partition.dir/partition.c.obj
[1006/1052] Building C object esp-idf/touch_element/CMakeFiles/__idf_touch_element.dir/touch_matrix.c.obj
[833/1052] Generating ../../x509_crt_bundle.S
[865/1052] Linking C static library esp-idf/mbedtls/libmbedtls.a
[866/1052] Building C object esp-idf/esp_driver_gpio/CMakeFiles/__idf_esp_driver_gpio.dir/src/dedic_gpio.c.obj
[867/1052] Building C object esp-idf/console/CMakeFiles/__idf_console.dir/split_argv.c.obj
[868/1052] Building C object esp-idf/xtensa/CMakeFiles/__idf_xtensa.dir/xtensa_intr.c.obj
[869/1052] Building C object esp-idf/console/CMakeFiles/__idf_console.dir/argtable3/arg_dbl.c.obj
[940/1046] Building C object esp-idf/esp_eth/CMakeFiles/__idf_esp_eth.dir/src/esp_eth.c.obj
[870/1052] Linking C static library esp-idf/esp_pm/libesp_pm.a
[941/1046] Building C object esp-idf/esp_lcd/CMakeFiles/__idf_esp_lcd.dir/src/esp_lcd_common.c.obj
[942/1046] Building C object esp-idf/esp_lcd/CMakeFiles/__idf_esp_lcd.dir/src/esp_lcd_panel_nt35510.c.obj
[1007/1052] Building C object esp-idf/wifi_provisioning/CMakeFiles/__idf_wifi_provisioning.dir/proto-c/wifi_config.pb-c.c.obj
[871/1052] Building C object esp-idf/efuse/CMakeFiles/__idf_efuse.dir/src/esp_efuse_api.c.obj
[872/1052] Building C object esp-idf/console/CMakeFiles/__idf_console.dir/argtable3/arg_date.c.obj
[1008/1052] Building C object esp-idf/touch_element/CMakeFiles/__idf_touch_element.dir/touch_slider.c.obj
[943/1046] Building C object esp-idf/esp_hid/CMakeFiles/__idf_esp_hid.dir/src/esp_hidh.c.obj
[944/1046] Building C object esp-idf/esp_eth/CMakeFiles/__idf_esp_eth.dir/src/phy/esp_eth_phy_802_3.c.obj
[1009/1052] Building C object esp-idf/wifi_provisioning/CMakeFiles/__idf_wifi_provisioning.dir/src/wifi_ctrl.c.obj
[945/1046] Building C object esp-idf/esp_lcd/CMakeFiles/__idf_esp_lcd.dir/src/esp_lcd_panel_ops.c.obj
[834/1052] Building C object esp-idf/esp_driver_gpio/CMakeFiles/__idf_esp_driver_gpio.dir/src/gpio_glitch_filter_ops.c.obj
[873/1052] Building C object esp-idf/app_update/CMakeFiles/__idf_app_update.dir/esp_ota_ops.c.obj
[835/1052] Building ASM object esp-idf/mbedtls/CMakeFiles/__idf_mbedtls.dir/__/__/x509_crt_bundle.S.obj
[874/1052] Building C object esp-idf/console/CMakeFiles/__idf_console.dir/argtable3/arg_hashtable.c.obj
[1010/1052] Building C object esp-idf/usb/CMakeFiles/__idf_usb.dir/hub.c.obj
[875/1052] Building C object esp-idf/console/CMakeFiles/__idf_console.dir/argtable3/arg_end.c.obj
[946/1046] Building C object esp-idf/esp_lcd/CMakeFiles/__idf_esp_lcd.dir/src/esp_lcd_panel_st7789.c.obj
[947/1046] Building C object esp-idf/esp_lcd/CMakeFiles/__idf_esp_lcd.dir/src/esp_lcd_panel_io.c.obj
[876/1052] Building C object esp-idf/console/CMakeFiles/__idf_console.dir/argtable3/arg_cmd.c.obj
[836/1052] Building C object esp-idf/esp_security/CMakeFiles/__idf_esp_security.dir/src/esp_crypto_lock.c.obj
[948/1046] Building C object esp-idf/esp_lcd/CMakeFiles/__idf_esp_lcd.dir/i2c/esp_lcd_panel_io_i2c_v2.c.obj
[877/1052] Building C object esp-idf/console/CMakeFiles/__idf_console.dir/linenoise/linenoise.c.obj
[837/1052] Building C object esp-idf/esp_pm/CMakeFiles/__idf_esp_pm.dir/pm_trace.c.obj
[878/1052] Building C object esp-idf/console/CMakeFiles/__idf_console.dir/argtable3/arg_int.c.obj
[1011/1052] Building C object esp-idf/wifi_provisioning/CMakeFiles/__idf_wifi_provisioning.dir/proto-c/wifi_constants.pb-c.c.obj
[838/1052] Building C object esp-idf/mbedtls/CMakeFiles/__idf_mbedtls.dir/esp_crt_bundle/esp_crt_bundle.c.obj
[879/1052] Building C object esp-idf/console/CMakeFiles/__idf_console.dir/argtable3/arg_rem.c.obj
[1012/1052] Building C object esp-idf/fatfs/CMakeFiles/__idf_fatfs.dir/src/ff.c.obj
[1013/1052] Building C object esp-idf/espressif__elf_loader/CMakeFiles/__idf_espressif__elf_loader.dir/src/esp_elf_adapter.c.obj
[839/1052] Building C object esp-idf/esp_pm/CMakeFiles/__idf_esp_pm.dir/pm_locks.c.obj
[880/1052] Building C object esp-idf/console/CMakeFiles/__idf_console.dir/argtable3/arg_dstr.c.obj
[840/1052] Building C object esp-idf/esp_security/CMakeFiles/__idf_esp_security.dir/src/esp_hmac.c.obj
[1014/1052] Building C object esp-idf/wifi_provisioning/CMakeFiles/__idf_wifi_provisioning.dir/src/scheme_console.c.obj
[881/1052] Building C object esp-idf/console/CMakeFiles/__idf_console.dir/esp_console_repl_internal.c.obj
[841/1052] Building C object esp-idf/efuse/CMakeFiles/__idf_efuse.dir/esp32s3/esp_efuse_fields.c.obj
[949/1046] Building C object esp-idf/esp_hid/CMakeFiles/__idf_esp_hid.dir/src/esp_hid_common.c.obj
[882/1052] Building C object esp-idf/console/CMakeFiles/__idf_console.dir/argtable3/arg_lit.c.obj
[1015/1052] Building C object esp-idf/wifi_provisioning/CMakeFiles/__idf_wifi_provisioning.dir/src/handlers.c.obj
[842/1052] Building C object esp-idf/efuse/CMakeFiles/__idf_efuse.dir/esp32s3/esp_efuse_rtc_calib.c.obj
[950/1046] Building C object esp-idf/espcoredump/CMakeFiles/__idf_espcoredump.dir/src/core_dump_common.c.obj
[883/1052] Building C object esp-idf/console/CMakeFiles/__idf_console.dir/argtable3/arg_file.c.obj
[951/1046] Building C object esp-idf/espcoredump/CMakeFiles/__idf_espcoredump.dir/src/core_dump_init.c.obj
[884/1052] Building C object esp-idf/console/CMakeFiles/__idf_console.dir/argtable3/arg_utils.c.obj
[1016/1052] Linking C static library esp-idf/cmock/libcmock.a
[885/1052] Building C object esp-idf/console/CMakeFiles/__idf_console.dir/argtable3/arg_str.c.obj
[1017/1052] Linking C static library esp-idf/app_trace/libapp_trace.a
[886/1052] Building C object esp-idf/console/CMakeFiles/__idf_console.dir/esp_console_common.c.obj
[952/1046] Building C object esp-idf/espcoredump/CMakeFiles/__idf_espcoredump.dir/src/core_dump_flash.c.obj
[1018/1052] Building C object esp-idf/wifi_provisioning/CMakeFiles/__idf_wifi_provisioning.dir/proto-c/wifi_ctrl.pb-c.c.obj
[953/1046] Building C object esp-idf/esp_lcd/CMakeFiles/__idf_esp_lcd.dir/src/esp_lcd_panel_ssd1306.c.obj
[843/1052] Linking C static library esp-idf/mbedtls/libmbedtls.a
[954/1046] Building C object esp-idf/esp_lcd/CMakeFiles/__idf_esp_lcd.dir/i2c/esp_lcd_panel_io_i2c_v1.c.obj
[1019/1052] Linking C static library esp-idf/esp_driver_cam/libesp_driver_cam.a
[1020/1052] Linking C static library esp-idf/esp_driver_touch_sens/libesp_driver_touch_sens.a
[955/1046] Building C object esp-idf/espcoredump/CMakeFiles/__idf_espcoredump.dir/src/core_dump_uart.c.obj
[844/1052] Building C object esp-idf/efuse/CMakeFiles/__idf_efuse.dir/esp32s3/esp_efuse_table.c.obj
[887/1052] Building C object esp-idf/console/CMakeFiles/__idf_console.dir/commands.c.obj
[888/1052] Building C object esp-idf/console/CMakeFiles/__idf_console.dir/argtable3/argtable3.c.obj
[956/1046] Building C object esp-idf/espcoredump/CMakeFiles/__idf_espcoredump.dir/src/core_dump_elf.c.obj
[845/1052] Building C object esp-idf/efuse/CMakeFiles/__idf_efuse.dir/src/esp_efuse_startup.c.obj
[1021/1052] Linking C static library esp-idf/esp_eth/libesp_eth.a
[846/1052] Building C object esp-idf/esp_security/CMakeFiles/__idf_esp_security.dir/src/init.c.obj
[1022/1052] Building C object esp-idf/mqtt/CMakeFiles/__idf_mqtt.dir/esp-mqtt/mqtt_client.c.obj
[1023/1052] Building C object esp-idf/touch_element/CMakeFiles/__idf_touch_element.dir/touch_element.c.obj
[1024/1052] Linking C static library esp-idf/esp_hid/libesp_hid.a
[889/1052] Building C object esp-idf/console/CMakeFiles/__idf_console.dir/esp_console_repl_chip.c.obj
[957/1046] Building C object esp-idf/espcoredump/CMakeFiles/__idf_espcoredump.dir/src/core_dump_sha.c.obj
[1025/1052] Building C object esp-idf/espressif__elf_loader/CMakeFiles/__idf_espressif__elf_loader.dir/src/arch/esp_elf_xtensa.c.obj
[890/1052] Building C object esp-idf/unity/CMakeFiles/__idf_unity.dir/port/esp/unity_utils_memory_esp.c.obj
[847/1052] Building C object esp-idf/esp_security/CMakeFiles/__idf_esp_security.dir/src/esp_crypto_periph_clk.c.obj
[1026/1052] Linking C static library esp-idf/esp_lcd/libesp_lcd.a
[891/1052] Building C object esp-idf/unity/CMakeFiles/__idf_unity.dir/unity_compat.c.obj
[1027/1052] Linking C static library esp-idf/esp_local_ctrl/libesp_local_ctrl.a
[958/1046] Building C object esp-idf/espcoredump/CMakeFiles/__idf_espcoredump.dir/src/port/xtensa/core_dump_port.c.obj
[1028/1052] Linking C static library esp-idf/rt/librt.a
[1029/1052] Linking C static library esp-idf/nvs_sec_provider/libnvs_sec_provider.a
[892/1052] Building C object esp-idf/protocomm/CMakeFiles/__idf_protocomm.dir/proto-c/constants.pb-c.c.obj
[1030/1052] Building C object esp-idf/main/CMakeFiles/__idf_main.dir/dummy.c.obj
[1031/1052] Linking C static library esp-idf/mqtt/libmqtt.a
[959/1046] Linking C static library esp-idf/wear_levelling/libwear_levelling.a
[1032/1052] Linking C static library esp-idf/espcoredump/libespcoredump.a
[1033/1052] Linking C static library esp-idf/perfmon/libperfmon.a
[848/1052] Building C object esp-idf/app_update/CMakeFiles/__idf_app_update.dir/esp_ota_app_desc.c.obj
[1034/1052] Linking C static library esp-idf/fatfs/libfatfs.a
[849/1052] Building C object esp-idf/xtensa/CMakeFiles/__idf_xtensa.dir/eri.c.obj
[1035/1052] Linking C static library esp-idf/touch_element/libtouch_element.a
[1036/1052] Building C object esp-idf/espressif__elf_loader/CMakeFiles/__idf_espressif__elf_loader.dir/src/esp_elf.c.obj
[893/1052] Building C object esp-idf/unity/CMakeFiles/__idf_unity.dir/unity_utils_cache.c.obj
[850/1052] Building C object esp-idf/esp_driver_gpio/CMakeFiles/__idf_esp_driver_gpio.dir/src/gpio_pin_glitch_filter.c.obj
[894/1052] Building C object esp-idf/protocomm/CMakeFiles/__idf_protocomm.dir/proto-c/session.pb-c.c.obj
[1037/1052] Building C object esp-idf/wifi_provisioning/CMakeFiles/__idf_wifi_provisioning.dir/proto-c/wifi_scan.pb-c.c.obj
[851/1052] Building C object esp-idf/esp_bootloader_format/CMakeFiles/__idf_esp_bootloader_format.dir/esp_bootloader_desc.c.obj
[1038/1052] Building C object esp-idf/espressif__elf_loader/CMakeFiles/__idf_espressif__elf_loader.dir/src/esp_elf_symbol.c.obj
[1039/1052] Building C object esp-idf/wifi_provisioning/CMakeFiles/__idf_wifi_provisioning.dir/src/scheme_softap.c.obj
[852/1052] Building C object esp-idf/esp_driver_gpio/CMakeFiles/__idf_esp_driver_gpio.dir/src/dedic_gpio.c.obj
[853/1052] Building C object esp-idf/efuse/CMakeFiles/__idf_efuse.dir/esp32s3/esp_efuse_utility.c.obj
[854/1052] Building C object esp-idf/efuse/CMakeFiles/__idf_efuse.dir/src/esp_efuse_fields.c.obj
[855/1052] Building C object esp-idf/esp_security/CMakeFiles/__idf_esp_security.dir/src/esp_ds.c.obj
[960/1046] Building C object esp-idf/esp_local_ctrl/CMakeFiles/__idf_esp_local_ctrl.dir/src/esp_local_ctrl_handler.c.obj
[895/1052] Building C object esp-idf/unity/CMakeFiles/__idf_unity.dir/unity_utils_freertos.c.obj
[856/1052] Building C object esp-idf/xtensa/CMakeFiles/__idf_xtensa.dir/xt_trax.c.obj
[857/1052] Building ASM object esp-idf/xtensa/CMakeFiles/__idf_xtensa.dir/xtensa_intr_asm.S.obj
[896/1052] Building C object esp-idf/unity/CMakeFiles/__idf_unity.dir/unity_runner.c.obj
[961/1046] Building C object esp-idf/esp_driver_cam/CMakeFiles/__idf_esp_driver_cam.dir/dvp/src/esp_cam_ctlr_dvp_cam.c.obj
[897/1052] Building C object esp-idf/unity/CMakeFiles/__idf_unity.dir/unity_utils_memory.c.obj
[858/1052] Building ASM object esp-idf/xtensa/CMakeFiles/__idf_xtensa.dir/xtensa_context.S.obj
[898/1052] Building C object esp-idf/protocomm/CMakeFiles/__idf_protocomm.dir/proto-c/sec0.pb-c.c.obj
[899/1052] Building C object esp-idf/unity/CMakeFiles/__idf_unity.dir/unity_port_esp32.c.obj
[900/1052] Building C object esp-idf/protocomm/CMakeFiles/__idf_protocomm.dir/src/transports/protocomm_console.c.obj
[962/1046] Building C object esp-idf/esp_local_ctrl/CMakeFiles/__idf_esp_local_ctrl.dir/src/esp_local_ctrl_transport_httpd.c.obj
[859/1052] Building C object esp-idf/esp_partition/CMakeFiles/__idf_esp_partition.dir/partition_target.c.obj
[963/1046] Building C object esp-idf/fatfs/CMakeFiles/__idf_fatfs.dir/diskio/diskio_rawflash.c.obj
[1040/1052] Building C object esp-idf/usb/CMakeFiles/__idf_usb.dir/usbh.c.obj
[1041/1052] Linking C static library esp-idf/espressif__elf_loader/libespressif__elf_loader.a
[860/1052] Building C object esp-idf/efuse/CMakeFiles/__idf_efuse.dir/src/efuse_controller/keys/with_key_purposes/esp_efuse_api_key.c.obj
[1042/1052] Building C object 'esp-idf/main/CMakeFiles/__idf_main.dir/home/tikhon/Документы/magnolia/sdk/zig/magnolia_shim.c.obj'
[964/1046] Building C object esp-idf/esp_local_ctrl/CMakeFiles/__idf_esp_local_ctrl.dir/proto-c/esp_local_ctrl.pb-c.c.obj
[965/1046] Building C object esp-idf/protobuf-c/CMakeFiles/__idf_protobuf-c.dir/protobuf-c/protobuf-c/protobuf-c.c.obj
[861/1052] Building ASM object esp-idf/xtensa/CMakeFiles/__idf_xtensa.dir/xtensa_vectors.S.obj
[966/1046] Building C object esp-idf/esp_driver_touch_sens/CMakeFiles/__idf_esp_driver_touch_sens.dir/common/touch_sens_common.c.obj
[901/1052] Building CXX object esp-idf/wear_levelling/CMakeFiles/__idf_wear_levelling.dir/Partition.cpp.obj
[967/1046] Building C object esp-idf/esp_local_ctrl/CMakeFiles/__idf_esp_local_ctrl.dir/src/esp_local_ctrl.c.obj
[862/1052] Building C object esp-idf/efuse/CMakeFiles/__idf_efuse.dir/src/esp_efuse_api.c.obj
[902/1052] Building CXX object esp-idf/wear_levelling/CMakeFiles/__idf_wear_levelling.dir/crc32.cpp.obj
[968/1046] Building C object esp-idf/esp_driver_touch_sens/CMakeFiles/__idf_esp_driver_touch_sens.dir/hw_ver2/touch_version_specific.c.obj
[863/1052] Building C object esp-idf/esp_pm/CMakeFiles/__idf_esp_pm.dir/pm_impl.c.obj
[903/1052] Building C object esp-idf/protocomm/CMakeFiles/__idf_protocomm.dir/src/crypto/srp6a/esp_srp_mpi.c.obj
[969/1046] Linking C static library esp-idf/protobuf-c/libprotobuf-c.a
[970/1046] Building C object esp-idf/fatfs/CMakeFiles/__idf_fatfs.dir/diskio/diskio.c.obj
[864/1052] Building C object esp-idf/esp_app_format/CMakeFiles/__idf_esp_app_format.dir/esp_app_desc.c.obj
[865/1052] Building C object esp-idf/console/CMakeFiles/__idf_console.dir/split_argv.c.obj
[866/1052] Building C object esp-idf/console/CMakeFiles/__idf_console.dir/argtable3/arg_cmd.c.obj
[971/1046] Building C object esp-idf/fatfs/CMakeFiles/__idf_fatfs.dir/src/ffunicode.c.obj
[972/1046] Building C object esp-idf/json/CMakeFiles/__idf_json.dir/cJSON/cJSON.c.obj
[867/1052] Linking C static library esp-idf/esp_pm/libesp_pm.a
[973/1046] Building C object esp-idf/fatfs/CMakeFiles/__idf_fatfs.dir/diskio/diskio_sdmmc.c.obj
[868/1052] Building C object esp-idf/efuse/CMakeFiles/__idf_efuse.dir/src/esp_efuse_utility.c.obj
[904/1052] Building C object esp-idf/protocomm/CMakeFiles/__idf_protocomm.dir/proto-c/sec2.pb-c.c.obj
[905/1052] Building C object esp-idf/protocomm/CMakeFiles/__idf_protocomm.dir/src/transports/protocomm_httpd.c.obj
[869/1052] Building C object esp-idf/xtensa/CMakeFiles/__idf_xtensa.dir/xtensa_intr.c.obj
[870/1052] Building C object esp-idf/esp_partition/CMakeFiles/__idf_esp_partition.dir/partition.c.obj
[906/1052] Building C object esp-idf/protocomm/CMakeFiles/__idf_protocomm.dir/proto-c/sec1.pb-c.c.obj
[974/1046] Linking C static library esp-idf/json/libjson.a
[907/1052] Building CXX object esp-idf/wear_levelling/CMakeFiles/__idf_wear_levelling.dir/SPI_Flash.cpp.obj
[975/1046] Building C object esp-idf/fatfs/CMakeFiles/__idf_fatfs.dir/port/freertos/ffsystem.c.obj
[871/1052] Building C object esp-idf/console/CMakeFiles/__idf_console.dir/esp_console_repl_internal.c.obj
[976/1046] Building C object esp-idf/fatfs/CMakeFiles/__idf_fatfs.dir/diskio/diskio_wl.c.obj
[977/1046] Linking C static library esp-idf/protocomm/libprotocomm.a
[872/1052] Building C object esp-idf/console/CMakeFiles/__idf_console.dir/commands.c.obj
[978/1046] Building C object esp-idf/mqtt/CMakeFiles/__idf_mqtt.dir/esp-mqtt/lib/mqtt_outbox.c.obj
[908/1052] Building C object esp-idf/console/CMakeFiles/__idf_console.dir/argtable3/arg_rex.c.obj
[909/1052] Building C object esp-idf/protocomm/CMakeFiles/__idf_protocomm.dir/src/common/protocomm.c.obj
[873/1052] Building C object esp-idf/console/CMakeFiles/__idf_console.dir/argtable3/arg_dbl.c.obj
[979/1046] Building C object esp-idf/esp_lcd/CMakeFiles/__idf_esp_lcd.dir/spi/esp_lcd_panel_io_spi.c.obj
[874/1052] Building C object esp-idf/console/CMakeFiles/__idf_console.dir/argtable3/arg_end.c.obj
[910/1052] Building CXX object esp-idf/wear_levelling/CMakeFiles/__idf_wear_levelling.dir/wear_levelling.cpp.obj
[980/1046] Building C object esp-idf/perfmon/CMakeFiles/__idf_perfmon.dir/xtensa_perfmon_apis.c.obj
[875/1052] Building C object esp-idf/console/CMakeFiles/__idf_console.dir/argtable3/arg_dstr.c.obj
[911/1052] Building CXX object esp-idf/wear_levelling/CMakeFiles/__idf_wear_levelling.dir/WL_Ext_Perf.cpp.obj
[876/1052] Building C object esp-idf/console/CMakeFiles/__idf_console.dir/argtable3/arg_int.c.obj
[877/1052] Building C object esp-idf/console/CMakeFiles/__idf_console.dir/argtable3/arg_rem.c.obj
[878/1052] Building C object esp-idf/console/CMakeFiles/__idf_console.dir/esp_console_repl_chip.c.obj
[981/1046] Building C object esp-idf/perfmon/CMakeFiles/__idf_perfmon.dir/xtensa_perfmon_masks.c.obj
[1043/1052] Building C object esp-idf/usb/CMakeFiles/__idf_usb.dir/usb_host.c.obj
[879/1052] Building C object esp-idf/esp_driver_gpio/CMakeFiles/__idf_esp_driver_gpio.dir/src/rtc_io.c.obj
[982/1046] Building C object esp-idf/spiffs/CMakeFiles/__idf_spiffs.dir/spiffs_api.c.obj
[983/1046] Building C object esp-idf/perfmon/CMakeFiles/__idf_perfmon.dir/xtensa_perfmon_access.c.obj
[1044/1052] Building C object esp-idf/spiffs/CMakeFiles/__idf_spiffs.dir/spiffs/src/spiffs_nucleus.c.obj
[984/1046] Building C object esp-idf/mqtt/CMakeFiles/__idf_mqtt.dir/esp-mqtt/lib/platform_esp32_idf.c.obj
[912/1052] Building CXX object esp-idf/wear_levelling/CMakeFiles/__idf_wear_levelling.dir/WL_Ext_Safe.cpp.obj
[880/1052] Building C object esp-idf/console/CMakeFiles/__idf_console.dir/argtable3/arg_lit.c.obj
[881/1052] Building C object esp-idf/console/CMakeFiles/__idf_console.dir/esp_console_common.c.obj
[913/1052] Building C object esp-idf/esp_driver_cam/CMakeFiles/__idf_esp_driver_cam.dir/esp_cam_ctlr.c.obj
[882/1052] Building C object esp-idf/esp_driver_gpio/CMakeFiles/__idf_esp_driver_gpio.dir/src/gpio.c.obj
[985/1046] Building C object esp-idf/rt/CMakeFiles/__idf_rt.dir/FreeRTOS_POSIX_mqueue.c.obj
[883/1052] Building C object esp-idf/console/CMakeFiles/__idf_console.dir/argtable3/arg_file.c.obj
[884/1052] Building C object esp-idf/console/CMakeFiles/__idf_console.dir/argtable3/arg_hashtable.c.obj
[914/1052] Building C object esp-idf/protocomm/CMakeFiles/__idf_protocomm.dir/src/crypto/srp6a/esp_srp.c.obj
[915/1052] Building C object esp-idf/app_trace/CMakeFiles/__idf_app_trace.dir/host_file_io.c.obj
[986/1046] Building C object esp-idf/mqtt/CMakeFiles/__idf_mqtt.dir/esp-mqtt/lib/mqtt_msg.c.obj
[885/1052] Building C object esp-idf/app_update/CMakeFiles/__idf_app_update.dir/esp_ota_ops.c.obj
[916/1052] Building C object esp-idf/esp_driver_gpio/CMakeFiles/__idf_esp_driver_gpio.dir/src/gpio.c.obj
[886/1052] Building C object esp-idf/console/CMakeFiles/__idf_console.dir/argtable3/arg_utils.c.obj
[887/1052] Building C object esp-idf/console/CMakeFiles/__idf_console.dir/argtable3/arg_str.c.obj
[917/1052] Building C object esp-idf/cmock/CMakeFiles/__idf_cmock.dir/CMock/src/cmock.c.obj
[987/1046] Building C object esp-idf/fatfs/CMakeFiles/__idf_fatfs.dir/vfs/vfs_fat_spiflash.c.obj
[918/1052] Building C object esp-idf/app_trace/CMakeFiles/__idf_app_trace.dir/app_trace_util.c.obj
[888/1052] Linking C static library esp-idf/esp_driver_gpio/libesp_driver_gpio.a
[919/1052] Building C object esp-idf/esp_https_server/CMakeFiles/__idf_esp_https_server.dir/src/https_server.c.obj
[988/1046] Building C object esp-idf/nvs_sec_provider/CMakeFiles/__idf_nvs_sec_provider.dir/nvs_sec_provider.c.obj
[889/1052] Building C object esp-idf/unity/CMakeFiles/__idf_unity.dir/unity_compat.c.obj
[1045/1052] Linking C static library esp-idf/spiffs/libspiffs.a
[989/1046] Building C object esp-idf/rt/CMakeFiles/__idf_rt.dir/FreeRTOS_POSIX_utils.c.obj
[920/1052] Building C object esp-idf/unity/CMakeFiles/__idf_unity.dir/unity/src/unity.c.obj
[921/1052] Linking C static library esp-idf/esp_driver_gpio/libesp_driver_gpio.a
[890/1052] Building C object esp-idf/protocomm/CMakeFiles/__idf_protocomm.dir/proto-c/constants.pb-c.c.obj
[922/1052] Building C object esp-idf/protocomm/CMakeFiles/__idf_protocomm.dir/src/security/security2.c.obj
[891/1052] Building C object esp-idf/unity/CMakeFiles/__idf_unity.dir/unity_utils_cache.c.obj
[990/1046] Building C object esp-idf/esp_lcd/CMakeFiles/__idf_esp_lcd.dir/i80/esp_lcd_panel_io_i80.c.obj
[892/1052] Building C object esp-idf/console/CMakeFiles/__idf_console.dir/argtable3/arg_date.c.obj
[893/1052] Linking C static library esp-idf/esp_security/libesp_security.a
[923/1052] Building C object esp-idf/app_trace/CMakeFiles/__idf_app_trace.dir/port/port_uart.c.obj
[991/1046] Building C object esp-idf/spiffs/CMakeFiles/__idf_spiffs.dir/spiffs/src/spiffs_cache.c.obj
[924/1052] Building C object esp-idf/esp_driver_cam/CMakeFiles/__idf_esp_driver_cam.dir/dvp_share_ctrl.c.obj
[925/1052] Building C object esp-idf/app_trace/CMakeFiles/__idf_app_trace.dir/app_trace.c.obj
[894/1052] Building C object esp-idf/console/CMakeFiles/__idf_console.dir/argtable3/argtable3.c.obj
[926/1052] Linking C static library esp-idf/esp_security/libesp_security.a
[927/1052] Building C object esp-idf/esp_driver_cam/CMakeFiles/__idf_esp_driver_cam.dir/dvp/src/esp_cam_ctlr_dvp_gdma.c.obj
[895/1052] Building C object esp-idf/unity/CMakeFiles/__idf_unity.dir/port/esp/unity_utils_memory_esp.c.obj
[896/1052] Building C object esp-idf/protocomm/CMakeFiles/__idf_protocomm.dir/proto-c/sec0.pb-c.c.obj
[928/1052] Building C object esp-idf/json/CMakeFiles/__idf_json.dir/cJSON/cJSON_Utils.c.obj
[897/1052] Building C object esp-idf/unity/CMakeFiles/__idf_unity.dir/unity_utils_freertos.c.obj
[898/1052] Building C object esp-idf/unity/CMakeFiles/__idf_unity.dir/unity_port_esp32.c.obj
[929/1052] Building C object esp-idf/esp_hid/CMakeFiles/__idf_esp_hid.dir/src/esp_hid_common.c.obj
[992/1046] Building C object esp-idf/esp_lcd/CMakeFiles/__idf_esp_lcd.dir/rgb/esp_lcd_panel_rgb.c.obj
[899/1052] Building C object esp-idf/unity/CMakeFiles/__idf_unity.dir/unity_utils_memory.c.obj
[900/1052] Building C object esp-idf/protocomm/CMakeFiles/__idf_protocomm.dir/src/transports/protocomm_console.c.obj
[901/1052] Linking C static library esp-idf/efuse/libefuse.a
[930/1052] Building C object esp-idf/esp_eth/CMakeFiles/__idf_esp_eth.dir/src/esp_eth_netif_glue.c.obj
[993/1046] Building C object esp-idf/fatfs/CMakeFiles/__idf_fatfs.dir/vfs/vfs_fat_sdmmc.c.obj
[931/1052] Linking C static library esp-idf/efuse/libefuse.a
[902/1052] Linking C static library esp-idf/esp_partition/libesp_partition.a
[903/1052] Building C object esp-idf/unity/CMakeFiles/__idf_unity.dir/unity_runner.c.obj
[904/1052] Building C object esp-idf/console/CMakeFiles/__idf_console.dir/linenoise/linenoise.c.obj
[905/1052] Building C object esp-idf/protocomm/CMakeFiles/__idf_protocomm.dir/proto-c/sec2.pb-c.c.obj
[906/1052] Building C object esp-idf/protocomm/CMakeFiles/__idf_protocomm.dir/proto-c/session.pb-c.c.obj
[932/1052] Linking C static library esp-idf/esp_partition/libesp_partition.a
[933/1052] Building C object esp-idf/esp_hid/CMakeFiles/__idf_esp_hid.dir/src/esp_hidd.c.obj
[907/1052] Linking C static library esp-idf/app_update/libapp_update.a
[908/1052] Building C object esp-idf/protocomm/CMakeFiles/__idf_protocomm.dir/proto-c/sec1.pb-c.c.obj
[934/1052] Building C object esp-idf/esp_lcd/CMakeFiles/__idf_esp_lcd.dir/src/esp_lcd_common.c.obj
[909/1052] Building C object esp-idf/protocomm/CMakeFiles/__idf_protocomm.dir/src/transports/protocomm_httpd.c.obj
[910/1052] Building CXX object esp-idf/wear_levelling/CMakeFiles/__idf_wear_levelling.dir/crc32.cpp.obj
[935/1052] Building C object esp-idf/esp_lcd/CMakeFiles/__idf_esp_lcd.dir/src/esp_lcd_panel_ssd1306.c.obj
[911/1052] Linking C static library esp-idf/esp_bootloader_format/libesp_bootloader_format.a
[936/1052] Linking C static library esp-idf/app_update/libapp_update.a
[912/1052] Building C object esp-idf/esp_https_server/CMakeFiles/__idf_esp_https_server.dir/src/https_server.c.obj
[1046/1052] Building C object esp-idf/usb/CMakeFiles/__idf_usb.dir/hcd_dwc.c.obj
[994/1046] Building C object esp-idf/fatfs/CMakeFiles/__idf_fatfs.dir/vfs/vfs_fat.c.obj
[937/1052] Building C object esp-idf/esp_lcd/CMakeFiles/__idf_esp_lcd.dir/src/esp_lcd_panel_ops.c.obj
[913/1052] Building CXX object esp-idf/wear_levelling/CMakeFiles/__idf_wear_levelling.dir/Partition.cpp.obj
[995/1046] Building C object esp-idf/spiffs/CMakeFiles/__idf_spiffs.dir/spiffs/src/spiffs_check.c.obj
[914/1052] Linking C static library esp-idf/esp_app_format/libesp_app_format.a
[996/1046] Building C object esp-idf/spiffs/CMakeFiles/__idf_spiffs.dir/spiffs/src/spiffs_gc.c.obj
[915/1052] Building C object esp-idf/protocomm/CMakeFiles/__idf_protocomm.dir/src/crypto/srp6a/esp_srp_mpi.c.obj
[938/1052] Linking C static library esp-idf/esp_bootloader_format/libesp_bootloader_format.a
[916/1052] Building C object esp-idf/console/CMakeFiles/__idf_console.dir/argtable3/arg_rex.c.obj
[917/1052] Building CXX object esp-idf/wear_levelling/CMakeFiles/__idf_wear_levelling.dir/SPI_Flash.cpp.obj
[997/1046] Building C object esp-idf/usb/CMakeFiles/__idf_usb.dir/usb_helpers.c.obj
[918/1052] Building C object esp-idf/protocomm/CMakeFiles/__idf_protocomm.dir/src/crypto/srp6a/esp_srp.c.obj
[1047/1052] Building C object esp-idf/wifi_provisioning/CMakeFiles/__idf_wifi_provisioning.dir/src/manager.c.obj
[939/1052] Building C object esp-idf/esp_lcd/CMakeFiles/__idf_esp_lcd.dir/i2c/esp_lcd_panel_io_i2c_v2.c.obj
[1048/1052] Linking C static library esp-idf/usb/libusb.a
[940/1052] Building C object esp-idf/esp_hid/CMakeFiles/__idf_esp_hid.dir/src/esp_hidh.c.obj
[919/1052] Building CXX object esp-idf/wear_levelling/CMakeFiles/__idf_wear_levelling.dir/WL_Ext_Safe.cpp.obj
[998/1046] Building C object esp-idf/fatfs/CMakeFiles/__idf_fatfs.dir/src/ff.c.obj
[920/1052] Building CXX object esp-idf/wear_levelling/CMakeFiles/__idf_wear_levelling.dir/wear_levelling.cpp.obj
[941/1052] Building C object esp-idf/esp_lcd/CMakeFiles/__idf_esp_lcd.dir/src/esp_lcd_panel_io.c.obj
[921/1052] Linking C static library esp-idf/xtensa/libxtensa.a
[942/1052] Linking C static library esp-idf/esp_app_format/libesp_app_format.a
[999/1046] Building C object esp-idf/touch_element/CMakeFiles/__idf_touch_element.dir/touch_button.c.obj
[943/1052] Building CXX object esp-idf/wear_levelling/CMakeFiles/__idf_wear_levelling.dir/WL_Flash.cpp.obj
[922/1052] Building C object esp-idf/protocomm/CMakeFiles/__idf_protocomm.dir/src/common/protocomm.c.obj
[1000/1046] Building C object esp-idf/usb/CMakeFiles/__idf_usb.dir/usb_private.c.obj
[923/1052] Building C object esp-idf/cmock/CMakeFiles/__idf_cmock.dir/CMock/src/cmock.c.obj
[924/1052] Building C object esp-idf/protocomm/CMakeFiles/__idf_protocomm.dir/src/security/security2.c.obj
[925/1052] Building C object esp-idf/app_trace/CMakeFiles/__idf_app_trace.dir/host_file_io.c.obj
[926/1052] Building CXX object esp-idf/wear_levelling/CMakeFiles/__idf_wear_levelling.dir/WL_Ext_Perf.cpp.obj
[1049/1052] Linking C static library esp-idf/wifi_provisioning/libwifi_provisioning.a
[927/1052] Building C object esp-idf/app_trace/CMakeFiles/__idf_app_trace.dir/app_trace_util.c.obj
[944/1052] Linking C static library esp-idf/xtensa/libxtensa.a
[1001/1046] Building C object esp-idf/touch_element/CMakeFiles/__idf_touch_element.dir/touch_slider.c.obj
[928/1052] Building C object esp-idf/esp_driver_cam/CMakeFiles/__idf_esp_driver_cam.dir/dvp/src/esp_cam_ctlr_dvp_gdma.c.obj
[945/1052] Building C object esp-idf/esp_eth/CMakeFiles/__idf_esp_eth.dir/src/phy/esp_eth_phy_802_3.c.obj
[946/1052] Building C object esp-idf/esp_lcd/CMakeFiles/__idf_esp_lcd.dir/i2c/esp_lcd_panel_io_i2c_v1.c.obj
[929/1052] Building C object esp-idf/app_trace/CMakeFiles/__idf_app_trace.dir/port/port_uart.c.obj
[1050/1052] Linking C static library esp-idf/main/libmain.a
[930/1052] Linking C static library esp-idf/console/libconsole.a
[931/1052] Building C object esp-idf/esp_driver_cam/CMakeFiles/__idf_esp_driver_cam.dir/esp_cam_ctlr.c.obj
[932/1052] Building C object esp-idf/esp_driver_cam/CMakeFiles/__idf_esp_driver_cam.dir/dvp_share_ctrl.c.obj
[1002/1046] Building C object esp-idf/usb/CMakeFiles/__idf_usb.dir/enum.c.obj
[933/1052] Building C object esp-idf/json/CMakeFiles/__idf_json.dir/cJSON/cJSON_Utils.c.obj
[1003/1046] Building C object esp-idf/wifi_provisioning/CMakeFiles/__idf_wifi_provisioning.dir/src/wifi_config.c.obj
[947/1052] Building C object esp-idf/esp_driver_cam/CMakeFiles/__idf_esp_driver_cam.dir/dvp/src/esp_cam_ctlr_dvp_cam.c.obj
[1051/1052] Build ELF: zighello.app.elf
[934/1052] Linking C static library esp-idf/esp_https_server/libesp_https_server.a
[948/1052] Linking C static library esp-idf/unity/libunity.a
[949/1052] Building C object esp-idf/esp_eth/CMakeFiles/__idf_esp_eth.dir/src/esp_eth.c.obj
[1004/1046] Building C object esp-idf/wifi_provisioning/CMakeFiles/__idf_wifi_provisioning.dir/src/wifi_ctrl.c.obj
[950/1052] Linking C static library esp-idf/console/libconsole.a
[951/1052] Building C object esp-idf/espcoredump/CMakeFiles/__idf_espcoredump.dir/src/core_dump_init.c.obj
[935/1052] Building C object esp-idf/esp_hid/CMakeFiles/__idf_esp_hid.dir/src/esp_hidd.c.obj
[952/1052] Building C object esp-idf/esp_local_ctrl/CMakeFiles/__idf_esp_local_ctrl.dir/src/esp_local_ctrl_handler.c.obj
[953/1052] Linking C static library esp-idf/esp_https_server/libesp_https_server.a
[954/1052] Building C object esp-idf/esp_lcd/CMakeFiles/__idf_esp_lcd.dir/src/esp_lcd_panel_st7789.c.obj
[955/1052] Building C object esp-idf/espcoredump/CMakeFiles/__idf_espcoredump.dir/src/core_dump_common.c.obj
[956/1052] Building C object esp-idf/espcoredump/CMakeFiles/__idf_espcoredump.dir/src/core_dump_flash.c.obj
[957/1052] Building C object esp-idf/espcoredump/CMakeFiles/__idf_espcoredump.dir/src/core_dump_uart.c.obj
[1005/1046] Building C object esp-idf/touch_element/CMakeFiles/__idf_touch_element.dir/touch_matrix.c.obj
[958/1052] Building C object esp-idf/esp_lcd/CMakeFiles/__idf_esp_lcd.dir/src/esp_lcd_panel_nt35510.c.obj
[959/1052] Building C object esp-idf/espcoredump/CMakeFiles/__idf_espcoredump.dir/src/core_dump_elf.c.obj
[936/1052] Building C object esp-idf/unity/CMakeFiles/__idf_unity.dir/unity/src/unity.c.obj
[960/1052] Building C object esp-idf/espcoredump/CMakeFiles/__idf_espcoredump.dir/src/core_dump_sha.c.obj
[961/1052] Building C object esp-idf/esp_driver_touch_sens/CMakeFiles/__idf_esp_driver_touch_sens.dir/hw_ver2/touch_version_specific.c.obj
[962/1052] Building C object esp-idf/espcoredump/CMakeFiles/__idf_espcoredump.dir/src/port/xtensa/core_dump_port.c.obj
[963/1052] Linking C static library esp-idf/wear_levelling/libwear_levelling.a
[1006/1046] Building C object esp-idf/usb/CMakeFiles/__idf_usb.dir/hub.c.obj
[937/1052] Building C object esp-idf/esp_lcd/CMakeFiles/__idf_esp_lcd.dir/src/esp_lcd_panel_io.c.obj
[1007/1046] Building C object esp-idf/spiffs/CMakeFiles/__idf_spiffs.dir/esp_spiffs.c.obj
[964/1052] Building C object esp-idf/esp_local_ctrl/CMakeFiles/__idf_esp_local_ctrl.dir/src/esp_local_ctrl_transport_httpd.c.obj
[1008/1046] Building C object esp-idf/wifi_provisioning/CMakeFiles/__idf_wifi_provisioning.dir/proto-c/wifi_scan.pb-c.c.obj
[965/1052] Building C object esp-idf/protobuf-c/CMakeFiles/__idf_protobuf-c.dir/protobuf-c/protobuf-c/protobuf-c.c.obj
[938/1052] Building C object esp-idf/esp_lcd/CMakeFiles/__idf_esp_lcd.dir/src/esp_lcd_panel_nt35510.c.obj
[1009/1046] Building C object esp-idf/spiffs/CMakeFiles/__idf_spiffs.dir/spiffs/src/spiffs_hydrogen.c.obj
[1010/1046] Building C object esp-idf/usb/CMakeFiles/__idf_usb.dir/hcd_dwc.c.obj
[966/1052] Building C object esp-idf/esp_local_ctrl/CMakeFiles/__idf_esp_local_ctrl.dir/proto-c/esp_local_ctrl.pb-c.c.obj
[939/1052] Building C object esp-idf/app_trace/CMakeFiles/__idf_app_trace.dir/app_trace.c.obj
[1011/1046] Linking C static library esp-idf/app_trace/libapp_trace.a
[940/1052] Linking C static library esp-idf/unity/libunity.a
[1012/1046] Building C object esp-idf/touch_element/CMakeFiles/__idf_touch_element.dir/touch_element.c.obj
[941/1052] Building C object esp-idf/esp_eth/CMakeFiles/__idf_esp_eth.dir/src/esp_eth_netif_glue.c.obj
[967/1052] Building C object esp-idf/fatfs/CMakeFiles/__idf_fatfs.dir/port/freertos/ffsystem.c.obj
[968/1052] Building C object esp-idf/fatfs/CMakeFiles/__idf_fatfs.dir/diskio/diskio_rawflash.c.obj
[1013/1046] Linking C static library esp-idf/cmock/libcmock.a
[969/1052] Building C object esp-idf/esp_driver_touch_sens/CMakeFiles/__idf_esp_driver_touch_sens.dir/common/touch_sens_common.c.obj
[1014/1046] Building C object esp-idf/wifi_provisioning/CMakeFiles/__idf_wifi_provisioning.dir/src/manager.c.obj
[1015/1046] Linking C static library esp-idf/esp_driver_cam/libesp_driver_cam.a
[1016/1046] Building C object esp-idf/wifi_provisioning/CMakeFiles/__idf_wifi_provisioning.dir/src/handlers.c.obj
[970/1052] Building C object esp-idf/fatfs/CMakeFiles/__idf_fatfs.dir/src/ffunicode.c.obj
[942/1052] Building C object esp-idf/esp_lcd/CMakeFiles/__idf_esp_lcd.dir/src/esp_lcd_common.c.obj
[1017/1046] Linking C static library esp-idf/esp_driver_touch_sens/libesp_driver_touch_sens.a
[1018/1046] Linking C static library esp-idf/esp_eth/libesp_eth.a
[1019/1046] Building C object esp-idf/wifi_provisioning/CMakeFiles/__idf_wifi_provisioning.dir/proto-c/wifi_constants.pb-c.c.obj
[1020/1046] Building C object esp-idf/wifi_provisioning/CMakeFiles/__idf_wifi_provisioning.dir/src/scheme_console.c.obj
[971/1052] Building C object esp-idf/esp_lcd/CMakeFiles/__idf_esp_lcd.dir/spi/esp_lcd_panel_io_spi.c.obj
[1021/1046] Building C object esp-idf/wifi_provisioning/CMakeFiles/__idf_wifi_provisioning.dir/proto-c/wifi_ctrl.pb-c.c.obj
[972/1052] Linking C static library esp-idf/protobuf-c/libprotobuf-c.a
[943/1052] Building C object esp-idf/esp_hid/CMakeFiles/__idf_esp_hid.dir/src/esp_hid_common.c.obj
[1022/1046] Building C object esp-idf/wifi_provisioning/CMakeFiles/__idf_wifi_provisioning.dir/src/wifi_scan.c.obj
Applet zighello OK -> /home/tikhon/Документы/magnolia/rootfs/bin/zighello
[1023/1046] Linking C static library esp-idf/esp_hid/libesp_hid.a
[1024/1046] Linking C static library esp-idf/esp_local_ctrl/libesp_local_ctrl.a
[944/1052] Building C object esp-idf/esp_lcd/CMakeFiles/__idf_esp_lcd.dir/src/esp_lcd_panel_ops.c.obj
[1025/1046] Linking C static library esp-idf/espcoredump/libespcoredump.a
[1026/1046] Linking C static library esp-idf/nvs_sec_provider/libnvs_sec_provider.a
[1027/1046] Linking C static library esp-idf/rt/librt.a
[1028/1046] Linking C static library esp-idf/perfmon/libperfmon.a
[1029/1046] Building C object esp-idf/main/CMakeFiles/__idf_main.dir/dummy.c.obj
[945/1052] Building C object esp-idf/esp_eth/CMakeFiles/__idf_esp_eth.dir/src/phy/esp_eth_phy_802_3.c.obj
[1030/1046] Linking C static library esp-idf/touch_element/libtouch_element.a
[1031/1046] Building C object esp-idf/wifi_provisioning/CMakeFiles/__idf_wifi_provisioning.dir/proto-c/wifi_config.pb-c.c.obj
[973/1052] Building C object esp-idf/esp_local_ctrl/CMakeFiles/__idf_esp_local_ctrl.dir/src/esp_local_ctrl.c.obj
[1032/1046] Linking C static library esp-idf/esp_lcd/libesp_lcd.a
[1033/1046] Linking C static library esp-idf/fatfs/libfatfs.a
[974/1052] Building C object esp-idf/nvs_sec_provider/CMakeFiles/__idf_nvs_sec_provider.dir/nvs_sec_provider.c.obj
[975/1052] Building C object esp-idf/fatfs/CMakeFiles/__idf_fatfs.dir/diskio/diskio.c.obj
[976/1052] Building C object esp-idf/fatfs/CMakeFiles/__idf_fatfs.dir/diskio/diskio_wl.c.obj
[977/1052] Linking C static library esp-idf/protocomm/libprotocomm.a
[1034/1046] Building C object esp-idf/spiffs/CMakeFiles/__idf_spiffs.dir/spiffs/src/spiffs_nucleus.c.obj
[978/1052] Building C object esp-idf/fatfs/CMakeFiles/__idf_fatfs.dir/diskio/diskio_sdmmc.c.obj
[946/1052] Building C object esp-idf/esp_lcd/CMakeFiles/__idf_esp_lcd.dir/src/esp_lcd_panel_ssd1306.c.obj
[979/1052] Building C object esp-idf/json/CMakeFiles/__idf_json.dir/cJSON/cJSON.c.obj
[980/1052] Building C object esp-idf/perfmon/CMakeFiles/__idf_perfmon.dir/xtensa_perfmon_access.c.obj
[947/1052] Building C object esp-idf/esp_hid/CMakeFiles/__idf_esp_hid.dir/src/esp_hidh.c.obj
[1035/1046] Building C object esp-idf/usb/CMakeFiles/__idf_usb.dir/usb_host.c.obj
[981/1052] Building C object esp-idf/perfmon/CMakeFiles/__idf_perfmon.dir/xtensa_perfmon_masks.c.obj
[1036/1046] Linking C static library esp-idf/spiffs/libspiffs.a
[982/1052] Building C object esp-idf/mqtt/CMakeFiles/__idf_mqtt.dir/esp-mqtt/lib/mqtt_outbox.c.obj
[983/1052] Linking C static library esp-idf/json/libjson.a
[948/1052] Building C object esp-idf/esp_lcd/CMakeFiles/__idf_esp_lcd.dir/src/esp_lcd_panel_st7789.c.obj
[949/1052] Building C object esp-idf/espcoredump/CMakeFiles/__idf_espcoredump.dir/src/core_dump_init.c.obj
[950/1052] Building C object esp-idf/protobuf-c/CMakeFiles/__idf_protobuf-c.dir/protobuf-c/protobuf-c/protobuf-c.c.obj
[951/1052] Building C object esp-idf/esp_lcd/CMakeFiles/__idf_esp_lcd.dir/i2c/esp_lcd_panel_io_i2c_v1.c.obj
[984/1052] Building C object esp-idf/mqtt/CMakeFiles/__idf_mqtt.dir/esp-mqtt/lib/mqtt_msg.c.obj
[985/1052] Building C object esp-idf/mqtt/CMakeFiles/__idf_mqtt.dir/esp-mqtt/lib/platform_esp32_idf.c.obj
[952/1052] Building C object esp-idf/espcoredump/CMakeFiles/__idf_espcoredump.dir/src/core_dump_flash.c.obj
[953/1052] Building C object esp-idf/espcoredump/CMakeFiles/__idf_espcoredump.dir/src/core_dump_common.c.obj
[954/1052] Building C object esp-idf/esp_lcd/CMakeFiles/__idf_esp_lcd.dir/i2c/esp_lcd_panel_io_i2c_v2.c.obj
[1037/1046] Building C object esp-idf/wifi_provisioning/CMakeFiles/__idf_wifi_provisioning.dir/src/scheme_softap.c.obj
[955/1052] Building C object esp-idf/esp_local_ctrl/CMakeFiles/__idf_esp_local_ctrl.dir/proto-c/esp_local_ctrl.pb-c.c.obj
[956/1052] Building C object esp-idf/espcoredump/CMakeFiles/__idf_espcoredump.dir/src/core_dump_uart.c.obj
[986/1052] Building C object esp-idf/fatfs/CMakeFiles/__idf_fatfs.dir/vfs/vfs_fat_spiflash.c.obj
[957/1052] Building C object esp-idf/espcoredump/CMakeFiles/__idf_espcoredump.dir/src/core_dump_elf.c.obj
[958/1052] Building C object esp-idf/esp_driver_touch_sens/CMakeFiles/__idf_esp_driver_touch_sens.dir/hw_ver2/touch_version_specific.c.obj
[959/1052] Linking C static library esp-idf/protobuf-c/libprotobuf-c.a
[987/1052] Building C object esp-idf/perfmon/CMakeFiles/__idf_perfmon.dir/xtensa_perfmon_apis.c.obj
[960/1052] Building C object esp-idf/espcoredump/CMakeFiles/__idf_espcoredump.dir/src/core_dump_sha.c.obj
[961/1052] Building C object esp-idf/espcoredump/CMakeFiles/__idf_espcoredump.dir/src/port/xtensa/core_dump_port.c.obj
[988/1052] Building C object esp-idf/spiffs/CMakeFiles/__idf_spiffs.dir/spiffs_api.c.obj
[989/1052] Building C object esp-idf/esp_lcd/CMakeFiles/__idf_esp_lcd.dir/i80/esp_lcd_panel_io_i80.c.obj
[990/1052] Building C object esp-idf/spiffs/CMakeFiles/__idf_spiffs.dir/spiffs/src/spiffs_cache.c.obj
[962/1052] Building C object esp-idf/esp_local_ctrl/CMakeFiles/__idf_esp_local_ctrl.dir/src/esp_local_ctrl.c.obj
[991/1052] Building C object esp-idf/rt/CMakeFiles/__idf_rt.dir/FreeRTOS_POSIX_utils.c.obj
[963/1052] Building C object esp-idf/esp_eth/CMakeFiles/__idf_esp_eth.dir/src/esp_eth.c.obj
[992/1052] Building C object esp-idf/esp_lcd/CMakeFiles/__idf_esp_lcd.dir/rgb/esp_lcd_panel_rgb.c.obj
[1038/1046] Linking C static library esp-idf/wifi_provisioning/libwifi_provisioning.a
[964/1052] Building C object esp-idf/esp_driver_touch_sens/CMakeFiles/__idf_esp_driver_touch_sens.dir/common/touch_sens_common.c.obj
[965/1052] Building C object esp-idf/esp_local_ctrl/CMakeFiles/__idf_esp_local_ctrl.dir/src/esp_local_ctrl_handler.c.obj
[966/1052] Building C object esp-idf/esp_local_ctrl/CMakeFiles/__idf_esp_local_ctrl.dir/src/esp_local_ctrl_transport_httpd.c.obj
[967/1052] Building C object esp-idf/esp_driver_cam/CMakeFiles/__idf_esp_driver_cam.dir/dvp/src/esp_cam_ctlr_dvp_cam.c.obj
[993/1052] Building C object esp-idf/spiffs/CMakeFiles/__idf_spiffs.dir/spiffs/src/spiffs_gc.c.obj
[968/1052] Building C object esp-idf/fatfs/CMakeFiles/__idf_fatfs.dir/port/freertos/ffsystem.c.obj
[994/1052] Building C object esp-idf/fatfs/CMakeFiles/__idf_fatfs.dir/vfs/vfs_fat_sdmmc.c.obj
[969/1052] Building C object esp-idf/json/CMakeFiles/__idf_json.dir/cJSON/cJSON.c.obj
[970/1052] Linking C static library esp-idf/protocomm/libprotocomm.a
[971/1052] Building C object esp-idf/fatfs/CMakeFiles/__idf_fatfs.dir/diskio/diskio.c.obj
[972/1052] Linking C static library esp-idf/json/libjson.a
[973/1052] Building CXX object esp-idf/wear_levelling/CMakeFiles/__idf_wear_levelling.dir/WL_Flash.cpp.obj
[1039/1046] Building C object esp-idf/usb/CMakeFiles/__idf_usb.dir/usbh.c.obj
[974/1052] Building C object esp-idf/fatfs/CMakeFiles/__idf_fatfs.dir/diskio/diskio_rawflash.c.obj
[975/1052] Building C object esp-idf/fatfs/CMakeFiles/__idf_fatfs.dir/diskio/diskio_wl.c.obj
[976/1052] Building C object esp-idf/fatfs/CMakeFiles/__idf_fatfs.dir/src/ffunicode.c.obj
[995/1052] Building C object esp-idf/spiffs/CMakeFiles/__idf_spiffs.dir/spiffs/src/spiffs_check.c.obj
[996/1052] Building C object esp-idf/spiffs/CMakeFiles/__idf_spiffs.dir/spiffs/src/spiffs_hydrogen.c.obj
[997/1052] Building C object esp-idf/rt/CMakeFiles/__idf_rt.dir/FreeRTOS_POSIX_mqueue.c.obj
[977/1052] Building C object esp-idf/esp_lcd/CMakeFiles/__idf_esp_lcd.dir/i80/esp_lcd_panel_io_i80.c.obj
[1040/1046] Building C object esp-idf/mqtt/CMakeFiles/__idf_mqtt.dir/esp-mqtt/mqtt_client.c.obj
[998/1052] Building C object esp-idf/usb/CMakeFiles/__idf_usb.dir/usb_private.c.obj
[978/1052] Linking C static library esp-idf/wear_levelling/libwear_levelling.a
[1041/1046] Linking C static library esp-idf/usb/libusb.a
[979/1052] Building C object esp-idf/perfmon/CMakeFiles/__idf_perfmon.dir/xtensa_perfmon_access.c.obj
[980/1052] Building C object esp-idf/esp_lcd/CMakeFiles/__idf_esp_lcd.dir/spi/esp_lcd_panel_io_spi.c.obj
[981/1052] Building C object esp-idf/mqtt/CMakeFiles/__idf_mqtt.dir/esp-mqtt/lib/platform_esp32_idf.c.obj
[999/1052] Building C object esp-idf/usb/CMakeFiles/__idf_usb.dir/usb_helpers.c.obj
[1042/1046] Linking C static library esp-idf/mqtt/libmqtt.a
[982/1052] Building C object esp-idf/perfmon/CMakeFiles/__idf_perfmon.dir/xtensa_perfmon_masks.c.obj
[983/1052] Building C object esp-idf/mqtt/CMakeFiles/__idf_mqtt.dir/esp-mqtt/lib/mqtt_outbox.c.obj
[984/1052] Building C object esp-idf/fatfs/CMakeFiles/__idf_fatfs.dir/diskio/diskio_sdmmc.c.obj
[1000/1052] Building C object esp-idf/spiffs/CMakeFiles/__idf_spiffs.dir/esp_spiffs.c.obj
[1043/1046] Linking C static library esp-idf/main/libmain.a
[985/1052] Building C object esp-idf/mqtt/CMakeFiles/__idf_mqtt.dir/esp-mqtt/lib/mqtt_msg.c.obj
[1001/1052] Building C object esp-idf/fatfs/CMakeFiles/__idf_fatfs.dir/vfs/vfs_fat.c.obj
[986/1052] Building C object esp-idf/nvs_sec_provider/CMakeFiles/__idf_nvs_sec_provider.dir/nvs_sec_provider.c.obj
[1002/1052] Building C object esp-idf/wifi_provisioning/CMakeFiles/__idf_wifi_provisioning.dir/src/wifi_ctrl.c.obj
[987/1052] Building C object esp-idf/perfmon/CMakeFiles/__idf_perfmon.dir/xtensa_perfmon_apis.c.obj
[988/1052] Building C object esp-idf/fatfs/CMakeFiles/__idf_fatfs.dir/vfs/vfs_fat_spiflash.c.obj
[1003/1052] Building C object esp-idf/touch_element/CMakeFiles/__idf_touch_element.dir/touch_element.c.obj
[1004/1052] Building C object esp-idf/touch_element/CMakeFiles/__idf_touch_element.dir/touch_button.c.obj
[989/1052] Building C object esp-idf/esp_lcd/CMakeFiles/__idf_esp_lcd.dir/rgb/esp_lcd_panel_rgb.c.obj
[1005/1052] Building C object esp-idf/usb/CMakeFiles/__idf_usb.dir/hub.c.obj
[990/1052] Building C object esp-idf/spiffs/CMakeFiles/__idf_spiffs.dir/spiffs/src/spiffs_cache.c.obj
[991/1052] Building C object esp-idf/spiffs/CMakeFiles/__idf_spiffs.dir/spiffs/src/spiffs_gc.c.obj
[1006/1052] Building C object esp-idf/wifi_provisioning/CMakeFiles/__idf_wifi_provisioning.dir/src/wifi_scan.c.obj
[1007/1052] Building C object esp-idf/wifi_provisioning/CMakeFiles/__idf_wifi_provisioning.dir/src/wifi_config.c.obj
[1008/1052] Building C object esp-idf/touch_element/CMakeFiles/__idf_touch_element.dir/touch_slider.c.obj
[992/1052] Building C object esp-idf/rt/CMakeFiles/__idf_rt.dir/FreeRTOS_POSIX_utils.c.obj
[1009/1052] Building C object esp-idf/wifi_provisioning/CMakeFiles/__idf_wifi_provisioning.dir/src/scheme_console.c.obj
[993/1052] Building C object esp-idf/fatfs/CMakeFiles/__idf_fatfs.dir/vfs/vfs_fat.c.obj
[994/1052] Building C object esp-idf/spiffs/CMakeFiles/__idf_spiffs.dir/spiffs_api.c.obj
[1010/1052] Building C object esp-idf/touch_element/CMakeFiles/__idf_touch_element.dir/touch_matrix.c.obj
[1011/1052] Building C object esp-idf/wifi_provisioning/CMakeFiles/__idf_wifi_provisioning.dir/src/handlers.c.obj
[1012/1052] Building C object esp-idf/fatfs/CMakeFiles/__idf_fatfs.dir/src/ff.c.obj
[995/1052] Building C object esp-idf/fatfs/CMakeFiles/__idf_fatfs.dir/vfs/vfs_fat_sdmmc.c.obj
[1013/1052] Building C object esp-idf/wifi_provisioning/CMakeFiles/__idf_wifi_provisioning.dir/proto-c/wifi_ctrl.pb-c.c.obj
[1014/1052] Building C object esp-idf/usb/CMakeFiles/__idf_usb.dir/enum.c.obj
[1015/1052] Building C object esp-idf/wifi_provisioning/CMakeFiles/__idf_wifi_provisioning.dir/proto-c/wifi_constants.pb-c.c.obj
[996/1052] Building C object esp-idf/rt/CMakeFiles/__idf_rt.dir/FreeRTOS_POSIX_mqueue.c.obj
[1016/1052] Building C object esp-idf/espressif__elf_loader/CMakeFiles/__idf_espressif__elf_loader.dir/src/esp_elf_adapter.c.obj
[1017/1052] Linking C static library esp-idf/app_trace/libapp_trace.a
[997/1052] Building C object esp-idf/usb/CMakeFiles/__idf_usb.dir/usb_private.c.obj
[1018/1052] Linking C static library esp-idf/cmock/libcmock.a
[1019/1052] Linking C static library esp-idf/esp_driver_cam/libesp_driver_cam.a
[1020/1052] Building C object esp-idf/wifi_provisioning/CMakeFiles/__idf_wifi_provisioning.dir/proto-c/wifi_config.pb-c.c.obj
[1021/1052] Linking C static library esp-idf/esp_driver_touch_sens/libesp_driver_touch_sens.a
[1022/1052] Linking C static library esp-idf/esp_eth/libesp_eth.a
[1023/1052] Building C object esp-idf/espressif__elf_loader/CMakeFiles/__idf_espressif__elf_loader.dir/src/arch/esp_elf_xtensa.c.obj
[1024/1052] Linking C static library esp-idf/esp_hid/libesp_hid.a
[1025/1052] Linking C static library esp-idf/esp_local_ctrl/libesp_local_ctrl.a
[1026/1052] Linking C static library esp-idf/espcoredump/libespcoredump.a
[1027/1052] Building C object esp-idf/main/CMakeFiles/__idf_main.dir/dummy.c.obj
[1028/1052] Linking C static library esp-idf/nvs_sec_provider/libnvs_sec_provider.a
[1029/1052] Linking C static library esp-idf/touch_element/libtouch_element.a
[1030/1052] Linking C static library esp-idf/perfmon/libperfmon.a
[998/1052] Building C object esp-idf/touch_element/CMakeFiles/__idf_touch_element.dir/touch_button.c.obj
[1031/1052] Linking C static library esp-idf/fatfs/libfatfs.a
[1032/1052] Linking C static library esp-idf/esp_lcd/libesp_lcd.a
[999/1052] Building C object esp-idf/usb/CMakeFiles/__idf_usb.dir/usb_helpers.c.obj
[1033/1052] Linking C static library esp-idf/rt/librt.a
[1034/1052] Building C object esp-idf/espressif__elf_loader/CMakeFiles/__idf_espressif__elf_loader.dir/src/esp_elf_symbol.c.obj
[1035/1052] Building C object esp-idf/wifi_provisioning/CMakeFiles/__idf_wifi_provisioning.dir/proto-c/wifi_scan.pb-c.c.obj
[1000/1052] Building C object esp-idf/spiffs/CMakeFiles/__idf_spiffs.dir/spiffs/src/spiffs_hydrogen.c.obj
[1001/1052] Building C object esp-idf/touch_element/CMakeFiles/__idf_touch_element.dir/touch_matrix.c.obj
[1036/1052] Building C object esp-idf/espressif__elf_loader/CMakeFiles/__idf_espressif__elf_loader.dir/src/esp_elf.c.obj
[1037/1052] Building C object esp-idf/usb/CMakeFiles/__idf_usb.dir/usb_host.c.obj
[1002/1052] Building C object esp-idf/wifi_provisioning/CMakeFiles/__idf_wifi_provisioning.dir/src/wifi_config.c.obj
[1038/1052] Building C object 'esp-idf/main/CMakeFiles/__idf_main.dir/home/tikhon/Документы/magnolia/sdk/zig/magnolia_shim.c.obj'
[1003/1052] Building C object esp-idf/wifi_provisioning/CMakeFiles/__idf_wifi_provisioning.dir/src/wifi_scan.c.obj
[1004/1052] Building C object esp-idf/spiffs/CMakeFiles/__idf_spiffs.dir/spiffs/src/spiffs_check.c.obj
[1039/1052] Linking C static library esp-idf/espressif__elf_loader/libespressif__elf_loader.a
[1005/1052] Building C object esp-idf/touch_element/CMakeFiles/__idf_touch_element.dir/touch_element.c.obj
[1040/1052] Building C object esp-idf/wifi_provisioning/CMakeFiles/__idf_wifi_provisioning.dir/src/scheme_softap.c.obj
[1006/1052] Building C object esp-idf/fatfs/CMakeFiles/__idf_fatfs.dir/src/ff.c.obj
[1007/1052] Building C object esp-idf/spiffs/CMakeFiles/__idf_spiffs.dir/esp_spiffs.c.obj
[1008/1052] Building C object esp-idf/wifi_provisioning/CMakeFiles/__idf_wifi_provisioning.dir/src/wifi_ctrl.c.obj
[1009/1052] Building C object esp-idf/usb/CMakeFiles/__idf_usb.dir/hub.c.obj
[1010/1052] Building C object esp-idf/wifi_provisioning/CMakeFiles/__idf_wifi_provisioning.dir/src/handlers.c.obj
[1011/1052] Building C object esp-idf/wifi_provisioning/CMakeFiles/__idf_wifi_provisioning.dir/proto-c/wifi_ctrl.pb-c.c.obj
[1012/1052] Building C object esp-idf/wifi_provisioning/CMakeFiles/__idf_wifi_provisioning.dir/proto-c/wifi_constants.pb-c.c.obj
[1013/1052] Building C object esp-idf/touch_element/CMakeFiles/__idf_touch_element.dir/touch_slider.c.obj
[1014/1052] Building C object esp-idf/usb/CMakeFiles/__idf_usb.dir/enum.c.obj
[1041/1052] Building C object esp-idf/spiffs/CMakeFiles/__idf_spiffs.dir/spiffs/src/spiffs_nucleus.c.obj
[1042/1052] Building C object esp-idf/usb/CMakeFiles/__idf_usb.dir/usbh.c.obj
[1015/1052] Building C object esp-idf/wifi_provisioning/CMakeFiles/__idf_wifi_provisioning.dir/proto-c/wifi_scan.pb-c.c.obj
[1016/1052] Linking C static library esp-idf/app_trace/libapp_trace.a
[1017/1052] Building C object esp-idf/wifi_provisioning/CMakeFiles/__idf_wifi_provisioning.dir/proto-c/wifi_config.pb-c.c.obj
[1018/1052] Linking C static library esp-idf/cmock/libcmock.a
[1019/1052] Building C object esp-idf/espressif__elf_loader/CMakeFiles/__idf_espressif__elf_loader.dir/src/esp_elf_adapter.c.obj
[1020/1052] Building C object esp-idf/wifi_provisioning/CMakeFiles/__idf_wifi_provisioning.dir/src/scheme_console.c.obj
[1021/1052] Building C object esp-idf/mqtt/CMakeFiles/__idf_mqtt.dir/esp-mqtt/mqtt_client.c.obj
[1022/1052] Linking C static library esp-idf/esp_driver_cam/libesp_driver_cam.a
[1043/1052] Linking C static library esp-idf/spiffs/libspiffs.a
[1023/1052] Linking C static library esp-idf/esp_driver_touch_sens/libesp_driver_touch_sens.a
[1024/1052] Building C object esp-idf/espressif__elf_loader/CMakeFiles/__idf_espressif__elf_loader.dir/src/arch/esp_elf_xtensa.c.obj
[1025/1052] Linking C static library esp-idf/esp_eth/libesp_eth.a
[1026/1052] Linking C static library esp-idf/esp_hid/libesp_hid.a
[1027/1052] Building C object esp-idf/usb/CMakeFiles/__idf_usb.dir/usbh.c.obj
[1028/1052] Linking C static library esp-idf/mqtt/libmqtt.a
[1029/1052] Linking C static library esp-idf/espcoredump/libespcoredump.a
[1030/1052] Linking C static library esp-idf/nvs_sec_provider/libnvs_sec_provider.a
[1031/1052] Linking C static library esp-idf/esp_lcd/libesp_lcd.a
[1032/1052] Linking C static library esp-idf/perfmon/libperfmon.a
[1033/1052] Linking C static library esp-idf/esp_local_ctrl/libesp_local_ctrl.a
[1034/1052] Building C object esp-idf/main/CMakeFiles/__idf_main.dir/dummy.c.obj
[1035/1052] Building C object esp-idf/wifi_provisioning/CMakeFiles/__idf_wifi_provisioning.dir/src/scheme_softap.c.obj
[1036/1052] Building C object esp-idf/espressif__elf_loader/CMakeFiles/__idf_espressif__elf_loader.dir/src/esp_elf_symbol.c.obj
[1037/1052] Linking C static library esp-idf/fatfs/libfatfs.a
[1038/1052] Building C object esp-idf/espressif__elf_loader/CMakeFiles/__idf_espressif__elf_loader.dir/src/esp_elf.c.obj
[1039/1052] Linking C static library esp-idf/touch_element/libtouch_element.a
[1040/1052] Linking C static library esp-idf/rt/librt.a
[1041/1052] Building C object esp-idf/usb/CMakeFiles/__idf_usb.dir/usb_host.c.obj
[1042/1052] Building C object esp-idf/spiffs/CMakeFiles/__idf_spiffs.dir/spiffs/src/spiffs_nucleus.c.obj
[1043/1052] Building C object 'esp-idf/main/CMakeFiles/__idf_main.dir/home/tikhon/Документы/magnolia/sdk/zig/magnolia_shim.c.obj'
[1044/1052] Building C object esp-idf/mqtt/CMakeFiles/__idf_mqtt.dir/esp-mqtt/mqtt_client.c.obj
[1044/1052] Linking C static library esp-idf/espressif__elf_loader/libespressif__elf_loader.a
[1045/1052] Building C object esp-idf/usb/CMakeFiles/__idf_usb.dir/hcd_dwc.c.obj
[1045/1052] Linking C static library esp-idf/spiffs/libspiffs.a
[1046/1052] Linking C static library esp-idf/mqtt/libmqtt.a
[1047/1052] Building C object esp-idf/wifi_provisioning/CMakeFiles/__idf_wifi_provisioning.dir/src/manager.c.obj
[1048/1052] Linking C static library esp-idf/usb/libusb.a
[1046/1052] Building C object esp-idf/usb/CMakeFiles/__idf_usb.dir/hcd_dwc.c.obj
[1049/1052] Linking C static library esp-idf/wifi_provisioning/libwifi_provisioning.a
[1047/1052] Linking C static library esp-idf/usb/libusb.a
[1050/1052] Linking C static library esp-idf/main/libmain.a
[1051/1052] Build ELF: zigdemo.app.elf
/home/tikhon/.espressif/tools/xtensa-esp-elf/esp-15.1.0_20250607/xtensa-esp-elf/bin/../lib/gcc/xtensa-esp-elf/15.1.0/../../../../xtensa-esp-elf/bin/ld: warning: zigdemo.app.elf has a LOAD segment with RWX permissions
[1048/1052] Building C object esp-idf/wifi_provisioning/CMakeFiles/__idf_wifi_provisioning.dir/src/manager.c.obj
[1049/1052] Linking C static library esp-idf/wifi_provisioning/libwifi_provisioning.a
[1050/1052] Linking C static library esp-idf/main/libmain.a
[1051/1052] Build ELF: zigtest.app.elf
/home/tikhon/.espressif/tools/xtensa-esp-elf/esp-15.1.0_20250607/xtensa-esp-elf/bin/../lib/gcc/xtensa-esp-elf/15.1.0/../../../../xtensa-esp-elf/bin/ld: warning: zigtest.app.elf has a LOAD segment with RWX permissions
Applet zigdemo OK -> /home/tikhon/Документы/magnolia/rootfs/bin/zigdemo
Applet zigtest OK -> /home/tikhon/Документы/magnolia/rootfs/bin/zigtest
[1044/1045] Build Rust staticlib: /home/tikhon/Документы/magnolia/applets/rust/rshello/build/librshello.a
   Compiling compiler_builtins v0.1.160 (/home/tikhon/.rustup/toolchains/esp/lib/rustlib/src/rust/library/compiler-builtins/compiler-builtins)
   Compiling core v0.0.0 (/home/tikhon/.rustup/toolchains/esp/lib/rustlib/src/rust/library/core)
   Compiling rshello v0.1.0 (/home/tikhon/Документы/magnolia/applets/rust/rshello/rust)
    Finished `release` profile [optimized] target(s) in 45.64s
[1045/1045] Build ELF: rshello.app.elf
/home/tikhon/.espressif/tools/xtensa-esp-elf/esp-15.1.0_20250607/xtensa-esp-elf/bin/../lib/gcc/xtensa-esp-elf/15.1.0/../../../../xtensa-esp-elf/bin/ld: warning: main.c.obj: missing .note.GNU-stack section implies executable stack
/home/tikhon/.espressif/tools/xtensa-esp-elf/esp-15.1.0_20250607/xtensa-esp-elf/bin/../lib/gcc/xtensa-esp-elf/15.1.0/../../../../xtensa-esp-elf/bin/ld: NOTE: This behaviour is deprecated and will be removed in a future version of the linker
Applet rshello OK -> /home/tikhon/Документы/magnolia/rootfs/bin/rshello
[1044/1046] Build Rust staticlib: /home/tikhon/Документы/magnolia/applets/rust/rselftest/build/librselftest.a
   Compiling compiler_builtins v0.1.160 (/home/tikhon/.rustup/toolchains/esp/lib/rustlib/src/rust/library/compiler-builtins/compiler-builtins)
   Compiling core v0.0.0 (/home/tikhon/.rustup/toolchains/esp/lib/rustlib/src/rust/library/core)
   Compiling alloc v0.0.0 (/home/tikhon/.rustup/toolchains/esp/lib/rustlib/src/rust/library/alloc)
   Compiling magnolia-applet-sys v0.1.0 (/home/tikhon/Документы/magnolia/sdk/rust/magnolia-applet-sys)
   Compiling magnolia-applet v0.1.0 (/home/tikhon/Документы/magnolia/sdk/rust/magnolia-applet)
   Compiling rselftest v0.1.0 (/home/tikhon/Документы/magnolia/applets/rust/rselftest/rust)
    Finished `release` profile [optimized] target(s) in 1m 02s
[1045/1046] Build ELF: rselftest.app.elf
/home/tikhon/.espressif/tools/xtensa-esp-elf/esp-15.1.0_20250607/xtensa-esp-elf/bin/../lib/gcc/xtensa-esp-elf/15.1.0/../../../../xtensa-esp-elf/bin/ld: warning: rselftest.app.elf has a LOAD segment with RWX permissions
Applet rselftest OK -> /home/tikhon/Документы/magnolia/rootfs/bin/rselftest
[1044/1046] Build Rust staticlib: /home/tikhon/Документы/magnolia/applets/rust/rusthello/build/librusthello.a
   Compiling compiler_builtins v0.1.160 (/home/tikhon/.rustup/toolchains/esp/lib/rustlib/src/rust/library/compiler-builtins/compiler-builtins)
   Compiling core v0.0.0 (/home/tikhon/.rustup/toolchains/esp/lib/rustlib/src/rust/library/core)
   Compiling alloc v0.0.0 (/home/tikhon/.rustup/toolchains/esp/lib/rustlib/src/rust/library/alloc)
   Compiling magnolia-applet-sys v0.1.0 (/home/tikhon/Документы/magnolia/sdk/rust/magnolia-applet-sys)
   Compiling magnolia-applet v0.1.0 (/home/tikhon/Документы/magnolia/sdk/rust/magnolia-applet)
   Compiling rusthello v0.1.0 (/home/tikhon/Документы/magnolia/applets/rust/rusthello/rust)
    Finished `release` profile [optimized] target(s) in 45.41s
[1045/1046] Build ELF: rusthello.app.elf
/home/tikhon/.espressif/tools/xtensa-esp-elf/esp-15.1.0_20250607/xtensa-esp-elf/bin/../lib/gcc/xtensa-esp-elf/15.1.0/../../../../xtensa-esp-elf/bin/ld: warning: rusthello.app.elf has a LOAD segment with RWX permissions
Applet rusthello OK -> /home/tikhon/Документы/magnolia/rootfs/bin/rusthello
+ /home/tikhon/Документы/magnolia/build/littlefs_mkimage create /home/tikhon/Документы/magnolia/rootfs /home/tikhon/Документы/magnolia/build/vfs.bin --block-size=4096 --fs-size=2097152 --read-size=128 --prog-size=128 --cache-size=512 --lookahead-size=64
LittleFS image OK size=2097152 -> /home/tikhon/Документы/magnolia/build/vfs.bin
bash -lc 'source esp-idf/export.sh >/dev/null 2>&1 && python3 tools/applets.py build  '
Building applet cat -> cat ...
Building applet cd -> cd ...
+ idf.py elf
Building applet chmod -> chmod ...
Building applet chown -> chown ...
Building applet cp -> cp ...
Building applet cut -> cut ...
Building applet date -> date ...
+ idf.py elf
+ idf.py elf
Building applet df -> df ...
Building applet dd -> dd ...
+ idf.py elf
Building applet echo -> echo ...
Building applet du -> du ...
+ idf.py elf
+ idf.py elf
+ idf.py elf
Building applet false -> false ...
Building applet free -> free ...
Building applet env -> env ...
+ idf.py elf
Building applet elftest -> elftest ...
+ idf.py elf
+ idf.py elf
Reconfiguring applet free (cmake inputs changed)
+ idf.py reconfigure
Building applet head -> head ...
Reconfiguring applet elftest (cmake inputs changed)
+ idf.py reconfigure
+ idf.py elf
+ idf.py elf
+ idf.py elf
+ idf.py elf
Executing action: reconfigure
Running cmake in directory /home/tikhon/Документы/magnolia/applets/mainline/free/build
Executing "cmake -G Ninja -DPYTHON_DEPS_CHECKED=1 -DPYTHON=/home/tikhon/.espressif/python_env/idf6.0_py3.12_env/bin/python -DESP_PLATFORM=1 -DCCACHE_ENABLE=0 /home/tikhon/Документы/magnolia/applets/mainline/free"...
-- Found Git: /usr/bin/git (found version "2.43.0") 
Executing action: reconfigure
Running cmake in directory /home/tikhon/Документы/magnolia/applets/mainline/elftest/build
Executing "cmake -G Ninja -DPYTHON_DEPS_CHECKED=1 -DPYTHON=/home/tikhon/.espressif/python_env/idf6.0_py3.12_env/bin/python -DESP_PLATFORM=1 -DCCACHE_ENABLE=0 /home/tikhon/Документы/magnolia/applets/mainline/elftest"...
-- Found Git: /usr/bin/git (found version "2.43.0") 
Executing action: elf
Running ninja in directory /home/tikhon/Документы/magnolia/applets/mainline/dd/build
Executing "ninja elf"...
[1/1] Build ELF: dd.app.elf
Executing action: elf
Running ninja in directory /home/tikhon/Документы/magnolia/applets/mainline/cd/build
Executing "ninja elf"...
[1/1] Build ELF: cd.app.elf
Executing action: elf
Running ninja in directory /home/tikhon/Документы/magnolia/applets/mainline/cut/build
Executing "ninja elf"...
[1/1] Build ELF: cut.app.elf
Executing action: elf
Running ninja in directory /home/tikhon/Документы/magnolia/applets/mainline/cp/build
Executing "ninja elf"...
[1/1] Build ELF: cp.app.elf
Executing action: elf
Running ninja in directory /home/tikhon/Документы/magnolia/applets/mainline/cat/build
Executing "ninja elf"...
[1/1] Build ELF: cat.app.elf
Executing action: elf
Running ninja in directory /home/tikhon/Документы/magnolia/applets/mainline/chmod/build
Executing "ninja elf"...
[1/1] Build ELF: chmod.app.elf
Executing action: elf
Running ninja in directory /home/tikhon/Документы/magnolia/applets/mainline/date/build
Executing "ninja elf"...
[1/1] Build ELF: date.app.elf
Executing action: elf
Running ninja in directory /home/tikhon/Документы/magnolia/applets/mainline/echo/build
Executing "ninja elf"...
[1/1] Build ELF: echo.app.elf
Executing action: elf
Running ninja in directory /home/tikhon/Документы/magnolia/applets/mainline/false/build
Executing "ninja elf"...
[1/1] Build ELF: false.app.elf
Executing action: elf
Running ninja in directory /home/tikhon/Документы/magnolia/applets/mainline/df/build
Executing "ninja elf"...
[1/1] Build ELF: df.app.elf
Executing action: elf
Running ninja in directory /home/tikhon/Документы/magnolia/applets/mainline/head/build
Executing "ninja elf"...
[1/1] Build ELF: head.app.elf
Executing action: elf
Running ninja in directory /home/tikhon/Документы/magnolia/applets/mainline/chown/build
Executing "ninja elf"...
[1/1] Build ELF: chown.app.elf
Executing action: elf
Running ninja in directory /home/tikhon/Документы/magnolia/applets/mainline/env/build
Executing "ninja elf"...
[1/1] Build ELF: env.app.elf
Executing action: elf
Running ninja in directory /home/tikhon/Документы/magnolia/applets/mainline/du/build
Executing "ninja elf"...
[1/1] Build ELF: du.app.elf
Applet cd OK -> /home/tikhon/Документы/magnolia/rootfs/bin/cd
Building applet hexdump -> hexdump ...
+ idf.py elf
Applet cut OK -> /home/tikhon/Документы/magnolia/rootfs/bin/cut
Building applet init -> init ...
+ idf.py elf
Applet dd OK -> /home/tikhon/Документы/magnolia/rootfs/bin/dd
Building applet kill -> kill ...
+ idf.py elf
Applet cp OK -> /home/tikhon/Документы/magnolia/rootfs/bin/cp
Building applet ln -> ln ...
+ idf.py elf
Applet cat OK -> /home/tikhon/Документы/magnolia/rootfs/bin/cat
Building applet login -> login ...
+ idf.py elf
Applet chmod OK -> /home/tikhon/Документы/magnolia/rootfs/bin/chmod
Building applet ls -> ls ...
+ idf.py elf
Applet date OK -> /home/tikhon/Документы/magnolia/rootfs/bin/date
Building applet medit -> medit ...
+ idf.py elf
Applet df OK -> /home/tikhon/Документы/magnolia/rootfs/bin/df
Building applet mkdir -> mkdir ...
+ idf.py elf
Applet false OK -> /home/tikhon/Документы/magnolia/rootfs/bin/false
Building applet mv -> mv ...
Applet echo OK -> /home/tikhon/Документы/magnolia/rootfs/bin/echo
Building applet ps -> ps ...
+ idf.py elf
+ idf.py elf
Applet chown OK -> /home/tikhon/Документы/magnolia/rootfs/bin/chown
Building applet pwd -> pwd ...
+ idf.py elf
Applet head OK -> /home/tikhon/Документы/magnolia/rootfs/bin/head
Building applet rm -> rm ...
+ idf.py elf
Applet env OK -> /home/tikhon/Документы/magnolia/rootfs/bin/env
Building applet sh -> sh ...
+ idf.py elf
Applet du OK -> /home/tikhon/Документы/magnolia/rootfs/bin/du
Building applet shell -> shell ...
+ idf.py elf
-- Minimal build - OFF
-- Minimal build - OFF
-- The C compiler identification is GNU 15.1.0
-- The C compiler identification is GNU 15.1.0
-- The CXX compiler identification is GNU 15.1.0
-- The CXX compiler identification is GNU 15.1.0
-- The ASM compiler identification is GNU
-- Found assembler: /home/tikhon/.espressif/tools/xtensa-esp-elf/esp-15.1.0_20250607/xtensa-esp-elf/bin/xtensa-esp32s3-elf-gcc
-- The ASM compiler identification is GNU
-- Found assembler: /home/tikhon/.espressif/tools/xtensa-esp-elf/esp-15.1.0_20250607/xtensa-esp-elf/bin/xtensa-esp32s3-elf-gcc
-- Detecting C compiler ABI info
-- Detecting C compiler ABI info
-- Detecting C compiler ABI info - done
-- Check for working C compiler: /home/tikhon/.espressif/tools/xtensa-esp-elf/esp-15.1.0_20250607/xtensa-esp-elf/bin/xtensa-esp32s3-elf-gcc - skipped
-- Detecting C compile features
-- Detecting C compile features - done
-- Detecting C compiler ABI info - done
-- Check for working C compiler: /home/tikhon/.espressif/tools/xtensa-esp-elf/esp-15.1.0_20250607/xtensa-esp-elf/bin/xtensa-esp32s3-elf-gcc - skipped
-- Detecting C compile features
-- Detecting C compile features - done
-- Detecting CXX compiler ABI info
-- Detecting CXX compiler ABI info
-- Detecting CXX compiler ABI info - done
-- Check for working CXX compiler: /home/tikhon/.espressif/tools/xtensa-esp-elf/esp-15.1.0_20250607/xtensa-esp-elf/bin/xtensa-esp32s3-elf-g++ - skipped
-- Detecting CXX compile features
-- Detecting CXX compile features - done
-- Detecting CXX compiler ABI info - done
Executing action: elf
Running ninja in directory /home/tikhon/Документы/magnolia/applets/mainline/hexdump/build
Executing "ninja elf"...
[1/1] Build ELF: hexdump.app.elf
-- Check for working CXX compiler: /home/tikhon/.espressif/tools/xtensa-esp-elf/esp-15.1.0_20250607/xtensa-esp-elf/bin/xtensa-esp32s3-elf-g++ - skipped
-- Detecting CXX compile features
-- Detecting CXX compile features - done
Executing action: elf
Running ninja in directory /home/tikhon/Документы/magnolia/applets/mainline/ls/build
Executing "ninja elf"...
[1/1] Build ELF: ls.app.elf
Executing action: elf
Running ninja in directory /home/tikhon/Документы/magnolia/applets/mainline/init/build
Executing "ninja elf"...
[1/1] Build ELF: init.app.elf
Executing action: elf
Running ninja in directory /home/tikhon/Документы/magnolia/applets/mainline/mv/build
Executing "ninja elf"...
[1/1] Build ELF: mv.app.elf
-- Building ESP-IDF components for target esp32s3
Executing action: elf
Running ninja in directory /home/tikhon/Документы/magnolia/applets/mainline/kill/build
Executing "ninja elf"...
[1/1] Build ELF: kill.app.elf
Executing action: elf
Running ninja in directory /home/tikhon/Документы/magnolia/applets/mainline/ln/build
Executing "ninja elf"...
[1/1] Build ELF: ln.app.elf
Executing action: elf
Running ninja in directory /home/tikhon/Документы/magnolia/applets/mainline/login/build
Executing "ninja elf"...
[1/1] Build ELF: login.app.elf
-- Building ESP-IDF components for target esp32s3
Executing action: elf
Running ninja in directory /home/tikhon/Документы/magnolia/applets/mainline/ps/build
Executing "ninja elf"...
[1/1] Build ELF: ps.app.elf
Executing action: elf
Running ninja in directory /home/tikhon/Документы/magnolia/applets/mainline/medit/build
Executing "ninja elf"...
[1/1] Build ELF: medit.app.elf
Executing action: elf
Running ninja in directory /home/tikhon/Документы/magnolia/applets/mainline/mkdir/build
Executing "ninja elf"...
[1/1] Build ELF: mkdir.app.elf
Executing action: elf
Running ninja in directory /home/tikhon/Документы/magnolia/applets/mainline/sh/build
Executing "ninja elf"...
[1/1] Build ELF: sh.app.elf
Applet hexdump OK -> /home/tikhon/Документы/magnolia/rootfs/bin/hexdump
Building applet sleep -> sleep ...
+ idf.py elf
Executing action: elf
Running ninja in directory /home/tikhon/Документы/magnolia/applets/mainline/rm/build
Executing "ninja elf"...
[1/1] Build ELF: rm.app.elf
Applet kill OK -> /home/tikhon/Документы/magnolia/rootfs/bin/kill
Building applet sort -> sort ...
+ idf.py elf
Applet mv OK -> /home/tikhon/Документы/magnolia/rootfs/bin/mv
Building applet tail -> tail ...
Executing action: elf
Running ninja in directory /home/tikhon/Документы/magnolia/applets/mainline/shell/build
Executing "ninja elf"...
[1/1] Build ELF: shell.app.elf
+ idf.py elf
Applet ls OK -> /home/tikhon/Документы/magnolia/rootfs/bin/ls
Building applet tee -> tee ...
+ idf.py elf
Applet init OK -> /home/tikhon/Документы/magnolia/rootfs/bin/init
Building applet test -> test ...
Executing action: elf
Running ninja in directory /home/tikhon/Документы/magnolia/applets/mainline/pwd/build
Executing "ninja elf"...
[1/1] Build ELF: pwd.app.elf
+ idf.py elf
Applet login OK -> /home/tikhon/Документы/magnolia/rootfs/bin/login
Applet ps OK -> /home/tikhon/Документы/magnolia/rootfs/bin/ps
Building applet touch -> touch ...
+ idf.py elf
Building applet tr -> tr ...
+ idf.py elf
Applet ln OK -> /home/tikhon/Документы/magnolia/rootfs/bin/ln
Building applet true -> true ...
+ idf.py elf
Applet medit OK -> /home/tikhon/Документы/magnolia/rootfs/bin/medit
Building applet uname -> uname ...
+ idf.py elf
Applet mkdir OK -> /home/tikhon/Документы/magnolia/rootfs/bin/mkdir
Building applet user -> user ...
+ idf.py elf
Applet sh OK -> /home/tikhon/Документы/magnolia/rootfs/bin/sh
Building applet vi -> vi ...
+ idf.py elf
Applet rm OK -> /home/tikhon/Документы/magnolia/rootfs/bin/rm
Building applet xxd -> xxd ...
+ idf.py elf
Applet pwd OK -> /home/tikhon/Документы/magnolia/rootfs/bin/pwd
Building applet echo -> goecho ...
+ idf.py elf
Applet shell OK -> /home/tikhon/Документы/magnolia/rootfs/bin/shell
Building applet false -> gofalse ...
Reconfiguring applet false (cmake inputs changed)
+ idf.py reconfigure
-- ESP-TEE is currently supported only on the esp32c6;esp32h2;esp32c5 SoCs
Executing action: elf
Running ninja in directory /home/tikhon/Документы/magnolia/applets/mainline/test/build
Executing "ninja elf"...
[1/1] Build ELF: test.app.elf
Executing action: elf
Running ninja in directory /home/tikhon/Документы/magnolia/applets/mainline/sleep/build
Executing "ninja elf"...
[1/1] Build ELF: sleep.app.elf
Executing action: elf
Running ninja in directory /home/tikhon/Документы/magnolia/applets/mainline/touch/build
Executing "ninja elf"...
[1/1] Build ELF: touch.app.elf
Executing action: elf
Running ninja in directory /home/tikhon/Документы/magnolia/applets/mainline/tee/build
Executing "ninja elf"...
[1/1] Build ELF: tee.app.elf
Executing action: elf
Running ninja in directory /home/tikhon/Документы/magnolia/applets/mainline/tail/build
Executing "ninja elf"...
[1/1] Build ELF: tail.app.elf
Executing action: elf
Running ninja in directory /home/tikhon/Документы/magnolia/applets/mainline/sort/build
Executing "ninja elf"...
[1/1] Build ELF: sort.app.elf
Executing action: elf
Running ninja in directory /home/tikhon/Документы/magnolia/applets/mainline/tr/build
Executing "ninja elf"...
[1/1] Build ELF: tr.app.elf
Executing action: elf
Running ninja in directory /home/tikhon/Документы/magnolia/applets/mainline/true/build
Executing "ninja elf"...
[1/1] Build ELF: true.app.elf
Executing action: elf
Running ninja in directory /home/tikhon/Документы/magnolia/applets/mainline/uname/build
Executing "ninja elf"...
[1/1] Build ELF: uname.app.elf
Executing action: elf
Running ninja in directory /home/tikhon/Документы/magnolia/applets/mainline/user/build
Executing "ninja elf"...
[1/1] Build ELF: user.app.elf
Applet test OK -> /home/tikhon/Документы/magnolia/rootfs/bin/test
Building applet goargs -> goargs ...
+ idf.py elf
Executing action: elf
Running ninja in directory /home/tikhon/Документы/magnolia/applets/go/echo/build
Executing "ninja elf"...
[0/2] Re-checking globbed directories...
[1/2] Re-running CMake...
Applet tee OK -> /home/tikhon/Документы/magnolia/rootfs/bin/tee
Building applet godd -> godd ...
+ idf.py elf
Executing action: elf
Running ninja in directory /home/tikhon/Документы/magnolia/applets/mainline/vi/build
Executing "ninja elf"...
[1/1] Build ELF: vi.app.elf
Executing action: elf
Running ninja in directory /home/tikhon/Документы/magnolia/applets/mainline/xxd/build
Executing "ninja elf"...
[1/1] Build ELF: xxd.app.elf
Applet touch OK -> /home/tikhon/Документы/magnolia/rootfs/bin/touch
Building applet gohello -> gohello ...
+ idf.py elf
Applet sleep OK -> /home/tikhon/Документы/magnolia/rootfs/bin/sleep
Building applet gohexdump -> gohexdump ...
+ idf.py elf
Applet tail OK -> /home/tikhon/Документы/magnolia/rootfs/bin/tail
Building applet gotest -> gotest ...
Applet true OK -> /home/tikhon/Документы/magnolia/rootfs/bin/true
Building applet goxxd -> goxxd ...
+ idf.py elf
+ idf.py elf
Executing action: reconfigure
Running cmake in directory /home/tikhon/Документы/magnolia/applets/go/false/build
Executing "cmake -G Ninja -DPYTHON_DEPS_CHECKED=1 -DPYTHON=/home/tikhon/.espressif/python_env/idf6.0_py3.12_env/bin/python -DESP_PLATFORM=1 -DCCACHE_ENABLE=0 /home/tikhon/Документы/magnolia/applets/go/false"...
-- Found Git: /usr/bin/git (found version "2.43.0") 
Applet tr OK -> /home/tikhon/Документы/magnolia/rootfs/bin/tr
Building applet pwd -> gopwd ...
+ idf.py elf
Applet sort OK -> /home/tikhon/Документы/magnolia/rootfs/bin/sort
Building applet sleep -> gosleep ...
+ idf.py elf
Applet uname OK -> /home/tikhon/Документы/magnolia/rootfs/bin/uname
Building applet true -> gotrue ...
+ idf.py elf
Applet user OK -> /home/tikhon/Документы/magnolia/rootfs/bin/user
Building applet uname -> gouname ...
+ idf.py elf
Applet vi OK -> /home/tikhon/Документы/magnolia/rootfs/bin/vi
Building applet edit -> edit ...
+ idf.py elf
Applet xxd OK -> /home/tikhon/Документы/magnolia/rootfs/bin/xxd
Building applet rdd -> rdd ...
+ idf.py elf
-- Project sdkconfig file /home/tikhon/Документы/magnolia/applets/mainline/free/sdkconfig
-- Minimal build - OFF
-- Minimal build - OFF
-- The C compiler identification is GNU 15.1.0
-- Building ESP-IDF components for target esp32s3
-- The CXX compiler identification is GNU 15.1.0
-- The ASM compiler identification is GNU
-- Found assembler: /home/tikhon/.espressif/tools/xtensa-esp-elf/esp-15.1.0_20250607/xtensa-esp-elf/bin/xtensa-esp32s3-elf-gcc
-- Detecting C compiler ABI info
Executing action: elf
Running ninja in directory /home/tikhon/Документы/magnolia/applets/go/goargs/build
Executing "ninja elf"...
[0/2] Re-checking globbed directories...
[1/2] Re-running CMake...
Executing action: elf
Running ninja in directory /home/tikhon/Документы/magnolia/applets/go/godd/build
Executing "ninja elf"...
[0/2] Re-checking globbed directories...
[1/2] Re-running CMake...
Executing action: elf
Running ninja in directory /home/tikhon/Документы/magnolia/applets/go/gohexdump/build
Executing "ninja elf"...
[0/2] Re-checking globbed directories...
[1/2] Re-running CMake...
-- Detecting C compiler ABI info - done
Executing action: elf
Running ninja in directory /home/tikhon/Документы/magnolia/applets/go/goxxd/build
Executing "ninja elf"...
[0/2] Re-checking globbed directories...
[1/2] Re-running CMake...
Executing action: elf
Running ninja in directory /home/tikhon/Документы/magnolia/applets/go/gohello/build
Executing "ninja elf"...
[0/2] Re-checking globbed directories...
[1/2] Re-running CMake...
-- Check for working C compiler: /home/tikhon/.espressif/tools/xtensa-esp-elf/esp-15.1.0_20250607/xtensa-esp-elf/bin/xtensa-esp32s3-elf-gcc - skipped
-- Detecting C compile features
-- Detecting C compile features - done
-- Compiler supported targets: xtensa-esp-elf
Executing action: elf
Running ninja in directory /home/tikhon/Документы/magnolia/applets/go/sleep/build
Executing "ninja elf"...
[0/2] Re-checking globbed directories...
[1/2] Re-running CMake...
-- Detecting CXX compiler ABI info
Executing action: elf
Running ninja in directory /home/tikhon/Документы/magnolia/applets/go/pwd/build
Executing "ninja elf"...
[0/2] Re-checking globbed directories...
[1/2] Re-running CMake...
Executing action: elf
Running ninja in directory /home/tikhon/Документы/magnolia/applets/go/true/build
Executing "ninja elf"...
[0/2] Re-checking globbed directories...
[1/2] Re-running CMake...
Executing action: elf
Running ninja in directory /home/tikhon/Документы/magnolia/applets/go/uname/build
Executing "ninja elf"...
[0/2] Re-checking globbed directories...
[1/2] Re-running CMake...
Executing action: elf
Running ninja in directory /home/tikhon/Документы/magnolia/applets/go/gotest/build
Executing "ninja elf"...
[0/2] Re-checking globbed directories...
[1/2] Re-running CMake...
Executing action: elf
Running ninja in directory /home/tikhon/Документы/magnolia/applets/rust/edit/build
Executing "ninja elf"...
[0/2] Re-checking globbed directories...
[1/2] Re-running CMake...
-- Detecting CXX compiler ABI info - done
-- Check for working CXX compiler: /home/tikhon/.espressif/tools/xtensa-esp-elf/esp-15.1.0_20250607/xtensa-esp-elf/bin/xtensa-esp32s3-elf-g++ - skipped
NOTICE: Processing 3 dependencies:
NOTICE: [1/3] espressif/cmake_utilities (0.5.3)
-- Detecting CXX compile features
-- Detecting CXX compile features - done
Executing action: elf
Running ninja in directory /home/tikhon/Документы/magnolia/applets/rust/rdd/build
Executing "ninja elf"...
[0/2] Re-checking globbed directories...
[1/2] Re-running CMake...
-- Building ESP-IDF components for target esp32s3
-- App "free" version: 96a69bd-dirty
-- Configuring incomplete, errors occurred!
-- Found Python3: /home/tikhon/.espressif/python_env/idf6.0_py3.12_env/bin/python (found version "3.12.3") found components: Interpreter 
-- Performing Test CMAKE_HAVE_LIBC_PTHREAD
Command failed (2): idf.py reconfigure
Skipping failed applet reconfigure: elftest
Building applet rhexdump -> rhexdump ...
+ idf.py elf
-- Performing Test CMAKE_HAVE_LIBC_PTHREAD - Success
-- Found Threads: TRUE  
-- Performing Test C_COMPILER_SUPPORTS_WFORMAT_SIGNEDNESS
-- Performing Test C_COMPILER_SUPPORTS_WFORMAT_SIGNEDNESS - Success
-- USING O3
-- Adding linker script /home/tikhon/Документы/magnolia/applets/mainline/free/build/esp-idf/esp_system/ld/memory.ld
-- Adding linker script /home/tikhon/Документы/magnolia/applets/mainline/free/build/esp-idf/esp_system/ld/sections.ld.in
-- Adding linker script /home/tikhon/Документы/magnolia/esp-idf/components/esp_rom/esp32s3/ld/esp32s3.rom.ld
-- Adding linker script /home/tikhon/Документы/magnolia/esp-idf/components/esp_rom/esp32s3/ld/esp32s3.rom.api.ld
-- Adding linker script /home/tikhon/Документы/magnolia/esp-idf/components/esp_rom/esp32s3/ld/esp32s3.rom.bt_funcs.ld
-- Adding linker script /home/tikhon/Документы/magnolia/esp-idf/components/esp_rom/esp32s3/ld/esp32s3.rom.libgcc.ld
-- Adding linker script /home/tikhon/Документы/magnolia/esp-idf/components/esp_rom/esp32s3/ld/esp32s3.rom.wdt.ld
-- Adding linker script /home/tikhon/Документы/magnolia/esp-idf/components/esp_rom/esp32s3/ld/esp32s3.rom.version.ld
-- Adding linker script /home/tikhon/Документы/magnolia/esp-idf/components/esp_rom/esp32s3/ld/esp32s3.rom.ble_master.ld
-- Adding linker script /home/tikhon/Документы/magnolia/esp-idf/components/esp_rom/esp32s3/ld/esp32s3.rom.ble_50.ld
-- Adding linker script /home/tikhon/Документы/magnolia/esp-idf/components/esp_rom/esp32s3/ld/esp32s3.rom.ble_smp.ld
-- Adding linker script /home/tikhon/Документы/magnolia/esp-idf/components/esp_rom/esp32s3/ld/esp32s3.rom.ble_dtm.ld
-- Adding linker script /home/tikhon/Документы/magnolia/esp-idf/components/esp_rom/esp32s3/ld/esp32s3.rom.ble_test.ld
-- Adding linker script /home/tikhon/Документы/magnolia/esp-idf/components/esp_rom/esp32s3/ld/esp32s3.rom.ble_scan.ld
-- Adding linker script /home/tikhon/Документы/magnolia/esp-idf/components/esp_rom/esp32s3/ld/esp32s3.rom.libc.ld
-- Adding linker script /home/tikhon/Документы/magnolia/esp-idf/components/esp_rom/esp32s3/ld/esp32s3.rom.newlib.ld
-- Adding linker script /home/tikhon/Документы/magnolia/esp-idf/components/soc/esp32s3/ld/esp32s3.peripherals.ld
-- Minimal build - OFF
-- Minimal build - OFF
-- Minimal build - OFF
-- Minimal build - OFF
-- Minimal build - OFF
-- Minimal build - OFF
-- Building ESP-IDF components for target esp32s3
-- Building ESP-IDF components for target esp32s3
-- Building ESP-IDF components for target esp32s3
-- Building ESP-IDF components for target esp32s3
-- Minimal build - OFF
-- Building ESP-IDF components for target esp32s3
-- Building ESP-IDF components for target esp32s3
-- Minimal build - OFF
-- Building ESP-IDF components for target esp32s3
-- Minimal build - OFF
-- Building ESP-IDF components for target esp32s3
-- Minimal build - OFF
-- Building ESP-IDF components for target esp32s3
-- Building ESP-IDF components for target esp32s3
NOTICE: Processing 3 dependencies:
NOTICE: [1/3] espressif/cmake_utilities (0.5.3)
NOTICE: [2/3] espressif/elf_loader (1.1.1)
NOTICE: [3/3] idf (6.0.0)
NOTICE: Processing 3 dependencies:
NOTICE: [1/3] espressif/cmake_utilities (0.5.3)
-- Minimal build - OFF
NOTICE: [2/3] espressif/elf_loader (1.1.1)
NOTICE: [3/3] idf (6.0.0)
-- Minimal build - OFF
-- Building ESP-IDF components for target esp32s3
-- Building ESP-IDF components for target esp32s3
-- Configuring incomplete, errors occurred!
-- ESP-TEE is currently supported only on the esp32c6;esp32h2;esp32c5 SoCs
-- ESP-TEE is currently supported only on the esp32c6;esp32h2;esp32c5 SoCs
Command failed (2): idf.py reconfigure
Skipping failed applet reconfigure: free
Building applet rselftest -> rselftest ...
+ idf.py elf
NOTICE: Processing 1 dependencies:
NOTICE: [1/1] idf (6.0.0)
Executing action: elf
Running ninja in directory /home/tikhon/Документы/magnolia/applets/rust/rhexdump/build
Executing "ninja elf"...
[0/2] Re-checking globbed directories...
[1/2] Re-running CMake...
-- ESP-TEE is currently supported only on the esp32c6;esp32h2;esp32c5 SoCs
NOTICE: Processing 3 dependencies:
NOTICE: [1/3] espressif/cmake_utilities (0.5.3)
NOTICE: [2/3] espressif/elf_loader (1.1.1)
NOTICE: Processing 3 dependencies:
NOTICE: [1/3] espressif/cmake_utilities (0.5.3)
NOTICE: Processing 3 dependencies:
NOTICE: [3/3] idf (6.0.0)
NOTICE: [2/3] espressif/elf_loader (1.1.1)
NOTICE: [3/3] idf (6.0.0)
NOTICE: [1/3] espressif/cmake_utilities (0.5.3)
NOTICE: [2/3] espressif/elf_loader (1.1.1)
NOTICE: [3/3] idf (6.0.0)
NOTICE: Processing 3 dependencies:
NOTICE: [1/3] espressif/cmake_utilities (0.5.3)
NOTICE: [2/3] espressif/elf_loader (1.1.1)
NOTICE: [3/3] idf (6.0.0)
NOTICE: Processing 3 dependencies:
NOTICE: [1/3] espressif/cmake_utilities (0.5.3)
NOTICE: [2/3] espressif/elf_loader (1.1.1)
NOTICE: Processing 3 dependencies:
NOTICE: [1/3] espressif/cmake_utilities (0.5.3)
NOTICE: Processing 3 dependencies:
NOTICE: [1/3] espressif/cmake_utilities (0.5.3)
NOTICE: [3/3] idf (6.0.0)
NOTICE: [2/3] espressif/elf_loader (1.1.1)
NOTICE: [2/3] espressif/elf_loader (1.1.1)
NOTICE: Processing 3 dependencies:
NOTICE: [1/3] espressif/cmake_utilities (0.5.3)
NOTICE: [3/3] idf (6.0.0)
NOTICE: [3/3] idf (6.0.0)
NOTICE: [2/3] espressif/elf_loader (1.1.1)
NOTICE: Processing 3 dependencies:
NOTICE: [1/3] espressif/cmake_utilities (0.5.3)
NOTICE: [3/3] idf (6.0.0)
NOTICE: [2/3] espressif/elf_loader (1.1.1)
NOTICE: [3/3] idf (6.0.0)
NOTICE: Processing 3 dependencies:
NOTICE: [1/3] espressif/cmake_utilities (0.5.3)
NOTICE: [2/3] espressif/elf_loader (1.1.1)
NOTICE: Processing 3 dependencies:
NOTICE: [1/3] espressif/cmake_utilities (0.5.3)
NOTICE: [2/3] espressif/elf_loader (1.1.1)
NOTICE: [3/3] idf (6.0.0)
NOTICE: [3/3] idf (6.0.0)
-- Project sdkconfig file /home/tikhon/Документы/magnolia/applets/go/echo/sdkconfig
Executing action: elf
Running ninja in directory /home/tikhon/Документы/magnolia/applets/rust/rselftest/build
Executing "ninja elf"...
[0/2] Re-checking globbed directories...
[1/2] Re-running CMake...
-- Project sdkconfig file /home/tikhon/Документы/magnolia/applets/go/false/sdkconfig
-- Minimal build - OFF
-- ESP-TEE is currently supported only on the esp32c6;esp32h2;esp32c5 SoCs
-- ESP-TEE is currently supported only on the esp32c6;esp32h2;esp32c5 SoCs
-- ESP-TEE is currently supported only on the esp32c6;esp32h2;esp32c5 SoCs
-- Building ESP-IDF components for target esp32s3
-- ESP-TEE is currently supported only on the esp32c6;esp32h2;esp32c5 SoCs
-- ESP-TEE is currently supported only on the esp32c6;esp32h2;esp32c5 SoCs
-- ESP-TEE is currently supported only on the esp32c6;esp32h2;esp32c5 SoCs
-- ESP-TEE is currently supported only on the esp32c6;esp32h2;esp32c5 SoCs
-- ESP-TEE is currently supported only on the esp32c6;esp32h2;esp32c5 SoCs
-- ESP-TEE is currently supported only on the esp32c6;esp32h2;esp32c5 SoCs
-- ESP-TEE is currently supported only on the esp32c6;esp32h2;esp32c5 SoCs
-- ESP-TEE is currently supported only on the esp32c6;esp32h2;esp32c5 SoCs
-- Project sdkconfig file /home/tikhon/Документы/magnolia/applets/rust/edit/sdkconfig
-- Compiler supported targets: xtensa-esp-elf
-- Compiler supported targets: xtensa-esp-elf
-- App "echo" version: 96a69bd-dirty
-- App "false" version: 96a69bd-dirty
-- Minimal build - OFF
-- Compiler supported targets: xtensa-esp-elf
-- Building ESP-IDF components for target esp32s3
-- App "edit" version: 96a69bd-dirty
-- Found Python3: /home/tikhon/.espressif/python_env/idf6.0_py3.12_env/bin/python (found version "3.12.3") found components: Interpreter 
-- USING O3
-- Performing Test CMAKE_HAVE_LIBC_PTHREAD
-- Adding linker script /home/tikhon/Документы/magnolia/applets/go/echo/build/esp-idf/esp_system/ld/memory.ld
-- Adding linker script /home/tikhon/Документы/magnolia/applets/go/echo/build/esp-idf/esp_system/ld/sections.ld.in
-- Project sdkconfig file /home/tikhon/Документы/magnolia/applets/go/uname/sdkconfig
-- Adding linker script /home/tikhon/Документы/magnolia/esp-idf/components/esp_rom/esp32s3/ld/esp32s3.rom.ld
-- Adding linker script /home/tikhon/Документы/magnolia/esp-idf/components/esp_rom/esp32s3/ld/esp32s3.rom.api.ld
-- Adding linker script /home/tikhon/Документы/magnolia/esp-idf/components/esp_rom/esp32s3/ld/esp32s3.rom.bt_funcs.ld
-- Adding linker script /home/tikhon/Документы/magnolia/esp-idf/components/esp_rom/esp32s3/ld/esp32s3.rom.libgcc.ld
-- Adding linker script /home/tikhon/Документы/magnolia/esp-idf/components/esp_rom/esp32s3/ld/esp32s3.rom.wdt.ld
-- Adding linker script /home/tikhon/Документы/magnolia/esp-idf/components/esp_rom/esp32s3/ld/esp32s3.rom.version.ld
-- Adding linker script /home/tikhon/Документы/magnolia/esp-idf/components/esp_rom/esp32s3/ld/esp32s3.rom.ble_master.ld
-- Adding linker script /home/tikhon/Документы/magnolia/esp-idf/components/esp_rom/esp32s3/ld/esp32s3.rom.ble_50.ld
-- Adding linker script /home/tikhon/Документы/magnolia/esp-idf/components/esp_rom/esp32s3/ld/esp32s3.rom.ble_smp.ld
-- Adding linker script /home/tikhon/Документы/magnolia/esp-idf/components/esp_rom/esp32s3/ld/esp32s3.rom.ble_dtm.ld
-- Adding linker script /home/tikhon/Документы/magnolia/esp-idf/components/esp_rom/esp32s3/ld/esp32s3.rom.ble_test.ld
-- Adding linker script /home/tikhon/Документы/magnolia/esp-idf/components/esp_rom/esp32s3/ld/esp32s3.rom.ble_scan.ld
-- Adding linker script /home/tikhon/Документы/magnolia/esp-idf/components/esp_rom/esp32s3/ld/esp32s3.rom.libc.ld
-- Adding linker script /home/tikhon/Документы/magnolia/esp-idf/components/esp_rom/esp32s3/ld/esp32s3.rom.newlib.ld
-- Adding linker script /home/tikhon/Документы/magnolia/esp-idf/components/soc/esp32s3/ld/esp32s3.peripherals.ld
-- Project sdkconfig file /home/tikhon/Документы/magnolia/applets/go/godd/sdkconfig
-- Project sdkconfig file /home/tikhon/Документы/magnolia/applets/rust/rdd/sdkconfig
-- Project sdkconfig file /home/tikhon/Документы/magnolia/applets/go/sleep/sdkconfig
-- Project sdkconfig file /home/tikhon/Документы/magnolia/applets/go/gotest/sdkconfig
-- Performing Test CMAKE_HAVE_LIBC_PTHREAD - Success
-- Found Threads: TRUE  
-- Project sdkconfig file /home/tikhon/Документы/magnolia/applets/go/gohello/sdkconfig
-- Performing Test C_COMPILER_SUPPORTS_WFORMAT_SIGNEDNESS
-- Project sdkconfig file /home/tikhon/Документы/magnolia/applets/go/pwd/sdkconfig
-- Project sdkconfig file /home/tikhon/Документы/magnolia/applets/go/goxxd/sdkconfig
NOTICE: Processing 3 dependencies:
NOTICE: [1/3] espressif/cmake_utilities (0.5.3)
NOTICE: [2/3] espressif/elf_loader (1.1.1)
NOTICE: [3/3] idf (6.0.0)
-- Project sdkconfig file /home/tikhon/Документы/magnolia/applets/go/goargs/sdkconfig
NOTICE: Processing 1 dependencies:
NOTICE: [1/1] idf (6.0.0)
-- Project sdkconfig file /home/tikhon/Документы/magnolia/applets/go/true/sdkconfig
-- Project sdkconfig file /home/tikhon/Документы/magnolia/applets/go/gohexdump/sdkconfig
-- Performing Test C_COMPILER_SUPPORTS_WFORMAT_SIGNEDNESS - Success
-- USING O3
-- USING O3
-- Adding linker script /home/tikhon/Документы/magnolia/applets/rust/edit/build/esp-idf/esp_system/ld/memory.ld
-- Adding linker script /home/tikhon/Документы/magnolia/applets/go/false/build/esp-idf/esp_system/ld/memory.ld
-- Adding linker script /home/tikhon/Документы/magnolia/applets/go/false/build/esp-idf/esp_system/ld/sections.ld.in
-- Adding linker script /home/tikhon/Документы/magnolia/applets/rust/edit/build/esp-idf/esp_system/ld/sections.ld.in
-- Adding linker script /home/tikhon/Документы/magnolia/esp-idf/components/esp_rom/esp32s3/ld/esp32s3.rom.ld
-- Adding linker script /home/tikhon/Документы/magnolia/esp-idf/components/esp_rom/esp32s3/ld/esp32s3.rom.api.ld
-- Adding linker script /home/tikhon/Документы/magnolia/esp-idf/components/esp_rom/esp32s3/ld/esp32s3.rom.bt_funcs.ld
-- Adding linker script /home/tikhon/Документы/magnolia/esp-idf/components/esp_rom/esp32s3/ld/esp32s3.rom.libgcc.ld
-- Adding linker script /home/tikhon/Документы/magnolia/esp-idf/components/esp_rom/esp32s3/ld/esp32s3.rom.wdt.ld
-- Adding linker script /home/tikhon/Документы/magnolia/esp-idf/components/esp_rom/esp32s3/ld/esp32s3.rom.version.ld
-- Adding linker script /home/tikhon/Документы/magnolia/esp-idf/components/esp_rom/esp32s3/ld/esp32s3.rom.ble_master.ld
-- Adding linker script /home/tikhon/Документы/magnolia/esp-idf/components/esp_rom/esp32s3/ld/esp32s3.rom.ble_50.ld
-- Adding linker script /home/tikhon/Документы/magnolia/esp-idf/components/esp_rom/esp32s3/ld/esp32s3.rom.ble_smp.ld
-- Adding linker script /home/tikhon/Документы/magnolia/esp-idf/components/esp_rom/esp32s3/ld/esp32s3.rom.ble_dtm.ld
-- Adding linker script /home/tikhon/Документы/magnolia/esp-idf/components/esp_rom/esp32s3/ld/esp32s3.rom.ble_test.ld
-- Adding linker script /home/tikhon/Документы/magnolia/esp-idf/components/esp_rom/esp32s3/ld/esp32s3.rom.ble_scan.ld
-- Adding linker script /home/tikhon/Документы/magnolia/esp-idf/components/esp_rom/esp32s3/ld/esp32s3.rom.libc.ld
-- Adding linker script /home/tikhon/Документы/magnolia/esp-idf/components/esp_rom/esp32s3/ld/esp32s3.rom.newlib.ld
-- Adding linker script /home/tikhon/Документы/magnolia/esp-idf/components/esp_rom/esp32s3/ld/esp32s3.rom.ld
-- Adding linker script /home/tikhon/Документы/magnolia/esp-idf/components/esp_rom/esp32s3/ld/esp32s3.rom.api.ld
-- Adding linker script /home/tikhon/Документы/magnolia/esp-idf/components/esp_rom/esp32s3/ld/esp32s3.rom.bt_funcs.ld
-- Adding linker script /home/tikhon/Документы/magnolia/esp-idf/components/esp_rom/esp32s3/ld/esp32s3.rom.libgcc.ld
-- Adding linker script /home/tikhon/Документы/magnolia/esp-idf/components/esp_rom/esp32s3/ld/esp32s3.rom.wdt.ld
-- Adding linker script /home/tikhon/Документы/magnolia/esp-idf/components/esp_rom/esp32s3/ld/esp32s3.rom.version.ld
-- Adding linker script /home/tikhon/Документы/magnolia/esp-idf/components/esp_rom/esp32s3/ld/esp32s3.rom.ble_master.ld
-- Adding linker script /home/tikhon/Документы/magnolia/esp-idf/components/esp_rom/esp32s3/ld/esp32s3.rom.ble_50.ld
-- Adding linker script /home/tikhon/Документы/magnolia/esp-idf/components/esp_rom/esp32s3/ld/esp32s3.rom.ble_smp.ld
-- Adding linker script /home/tikhon/Документы/magnolia/esp-idf/components/esp_rom/esp32s3/ld/esp32s3.rom.ble_dtm.ld
-- Adding linker script /home/tikhon/Документы/magnolia/esp-idf/components/esp_rom/esp32s3/ld/esp32s3.rom.ble_test.ld
-- Adding linker script /home/tikhon/Документы/magnolia/esp-idf/components/esp_rom/esp32s3/ld/esp32s3.rom.ble_scan.ld
-- Adding linker script /home/tikhon/Документы/magnolia/esp-idf/components/esp_rom/esp32s3/ld/esp32s3.rom.libc.ld
-- Adding linker script /home/tikhon/Документы/magnolia/esp-idf/components/esp_rom/esp32s3/ld/esp32s3.rom.newlib.ld
-- Adding linker script /home/tikhon/Документы/magnolia/esp-idf/components/soc/esp32s3/ld/esp32s3.peripherals.ld
-- Adding linker script /home/tikhon/Документы/magnolia/esp-idf/components/soc/esp32s3/ld/esp32s3.peripherals.ld
-- ESP-TEE is currently supported only on the esp32c6;esp32h2;esp32c5 SoCs
-- ELF_LOADER: 1.1.1
-- ESP-TEE is currently supported only on the esp32c6;esp32h2;esp32c5 SoCs
Loading defaults file /home/tikhon/Документы/magnolia/applets/go/gohello/sdkconfig.defaults...
-- ELF_LOADER: 1.1.1
-- Compiler supported targets: xtensa-esp-elf
-- Compiler supported targets: xtensa-esp-elf
-- Compiler supported targets: xtensa-esp-elf
-- Components: app_trace app_update bootloader bootloader_support bt cmock console cxx driver efuse esp-tls esp_adc esp_app_format esp_bootloader_format esp_coex esp_common esp_driver_ana_cmpr esp_driver_bitscrambler esp_driver_cam esp_driver_dac esp_driver_gpio esp_driver_gptimer esp_driver_i2c esp_driver_i2s esp_driver_i3c esp_driver_isp esp_driver_jpeg esp_driver_ledc esp_driver_mcpwm esp_driver_parlio esp_driver_pcnt esp_driver_ppa esp_driver_rmt esp_driver_sd_intf esp_driver_sdio esp_driver_sdm esp_driver_sdmmc esp_driver_sdspi esp_driver_spi esp_driver_touch_sens esp_driver_tsens esp_driver_twai esp_driver_uart esp_driver_usb_serial_jtag esp_eth esp_event esp_gdbstub esp_hid esp_http_client esp_http_server esp_https_ota esp_https_server esp_hw_support esp_lcd esp_local_ctrl esp_mm esp_netif esp_netif_stack esp_partition esp_phy esp_pm esp_psram esp_ringbuf esp_rom esp_security esp_system esp_timer esp_vfs_console esp_wifi espcoredump espressif__cmake_utilities espressif__elf_loader esptool_py fatfs freertos hal heap http_parser idf_test ieee802154 json log lwip main mbedtls mqtt newlib nvs_flash nvs_sec_provider openthread partition_table perfmon protobuf-c protocomm pthread rt sdmmc soc spi_flash spiffs tcp_transport touch_element ulp unity usb vfs wear_levelling wifi_provisioning wpa_supplicant xtensa
-- Component paths: /home/tikhon/Документы/magnolia/esp-idf/components/app_trace /home/tikhon/Документы/magnolia/esp-idf/components/app_update /home/tikhon/Документы/magnolia/esp-idf/components/bootloader /home/tikhon/Документы/magnolia/esp-idf/components/bootloader_support /home/tikhon/Документы/magnolia/esp-idf/components/bt /home/tikhon/Документы/magnolia/esp-idf/components/cmock /home/tikhon/Документы/magnolia/esp-idf/components/console /home/tikhon/Документы/magnolia/esp-idf/components/cxx /home/tikhon/Документы/magnolia/esp-idf/components/driver /home/tikhon/Документы/magnolia/esp-idf/components/efuse /home/tikhon/Документы/magnolia/esp-idf/components/esp-tls /home/tikhon/Документы/magnolia/esp-idf/components/esp_adc /home/tikhon/Документы/magnolia/esp-idf/components/esp_app_format /home/tikhon/Документы/magnolia/esp-idf/components/esp_bootloader_format /home/tikhon/Документы/magnolia/esp-idf/components/esp_coex /home/tikhon/Документы/magnolia/esp-idf/components/esp_common /home/tikhon/Документы/magnolia/esp-idf/components/esp_driver_ana_cmpr /home/tikhon/Документы/magnolia/esp-idf/components/esp_driver_bitscrambler /home/tikhon/Документы/magnolia/esp-idf/components/esp_driver_cam /home/tikhon/Документы/magnolia/esp-idf/components/esp_driver_dac /home/tikhon/Документы/magnolia/esp-idf/components/esp_driver_gpio /home/tikhon/Документы/magnolia/esp-idf/components/esp_driver_gptimer /home/tikhon/Документы/magnolia/esp-idf/components/esp_driver_i2c /home/tikhon/Документы/magnolia/esp-idf/components/esp_driver_i2s /home/tikhon/Документы/magnolia/esp-idf/components/esp_driver_i3c /home/tikhon/Документы/magnolia/esp-idf/components/esp_driver_isp /home/tikhon/Документы/magnolia/esp-idf/components/esp_driver_jpeg /home/tikhon/Документы/magnolia/esp-idf/components/esp_driver_ledc /home/tikhon/Документы/magnolia/esp-idf/components/esp_driver_mcpwm /home/tikhon/Документы/magnolia/esp-idf/components/esp_driver_parlio /home/tikhon/Документы/magnolia/esp-idf/components/esp_driver_pcnt /home/tikhon/Документы/magnolia/esp-idf/components/esp_driver_ppa /home/tikhon/Документы/magnolia/esp-idf/components/esp_driver_rmt /home/tikhon/Документы/magnolia/esp-idf/components/esp_driver_sd_intf /home/tikhon/Документы/magnolia/esp-idf/components/esp_driver_sdio /home/tikhon/Документы/magnolia/esp-idf/components/esp_driver_sdm /home/tikhon/Документы/magnolia/esp-idf/components/esp_driver_sdmmc /home/tikhon/Документы/magnolia/esp-idf/components/esp_driver_sdspi /home/tikhon/Документы/magnolia/esp-idf/components/esp_driver_spi /home/tikhon/Документы/magnolia/esp-idf/components/esp_driver_touch_sens /home/tikhon/Документы/magnolia/esp-idf/components/esp_driver_tsens /home/tikhon/Документы/magnolia/esp-idf/components/esp_driver_twai /home/tikhon/Документы/magnolia/esp-idf/components/esp_driver_uart /home/tikhon/Документы/magnolia/esp-idf/components/esp_driver_usb_serial_jtag /home/tikhon/Документы/magnolia/esp-idf/components/esp_eth /home/tikhon/Документы/magnolia/esp-idf/components/esp_event /home/tikhon/Документы/magnolia/esp-idf/components/esp_gdbstub /home/tikhon/Документы/magnolia/esp-idf/components/esp_hid /home/tikhon/Документы/magnolia/esp-idf/components/esp_http_client /home/tikhon/Документы/magnolia/esp-idf/components/esp_http_server /home/tikhon/Документы/magnolia/esp-idf/components/esp_https_ota /home/tikhon/Документы/magnolia/esp-idf/components/esp_https_server /home/tikhon/Документы/magnolia/esp-idf/components/esp_hw_support /home/tikhon/Документы/magnolia/esp-idf/components/esp_lcd /home/tikhon/Документы/magnolia/esp-idf/components/esp_local_ctrl /home/tikhon/Документы/magnolia/esp-idf/components/esp_mm /home/tikhon/Документы/magnolia/esp-idf/components/esp_netif /home/tikhon/Документы/magnolia/esp-idf/components/esp_netif_stack /home/tikhon/Документы/magnolia/esp-idf/components/esp_partition /home/tikhon/Документы/magnolia/esp-idf/components/esp_phy /home/tikhon/Документы/magnolia/esp-idf/components/esp_pm /home/tikhon/Документы/magnolia/esp-idf/components/esp_psram /home/tikhon/Документы/magnolia/esp-idf/components/esp_ringbuf /home/tikhon/Документы/magnolia/esp-idf/components/esp_rom /home/tikhon/Документы/magnolia/esp-idf/components/esp_security /home/tikhon/Документы/magnolia/esp-idf/components/esp_system /home/tikhon/Документы/magnolia/esp-idf/components/esp_timer /home/tikhon/Документы/magnolia/esp-idf/components/esp_vfs_console /home/tikhon/Документы/magnolia/esp-idf/components/esp_wifi /home/tikhon/Документы/magnolia/esp-idf/components/espcoredump /home/tikhon/Документы/magnolia/applets/go/echo/managed_components/espressif__cmake_utilities /home/tikhon/Документы/magnolia/applets/go/echo/managed_components/espressif__elf_loader /home/tikhon/Документы/magnolia/esp-idf/components/esptool_py /home/tikhon/Документы/magnolia/esp-idf/components/fatfs /home/tikhon/Документы/magnolia/esp-idf/components/freertos /home/tikhon/Документы/magnolia/esp-idf/components/hal /home/tikhon/Документы/magnolia/esp-idf/components/heap /home/tikhon/Документы/magnolia/esp-idf/components/http_parser /home/tikhon/Документы/magnolia/esp-idf/components/idf_test /home/tikhon/Документы/magnolia/esp-idf/components/ieee802154 /home/tikhon/Документы/magnolia/esp-idf/components/json /home/tikhon/Документы/magnolia/esp-idf/components/log /home/tikhon/Документы/magnolia/esp-idf/components/lwip /home/tikhon/Документы/magnolia/applets/go/echo/main /home/tikhon/Документы/magnolia/esp-idf/components/mbedtls /home/tikhon/Документы/magnolia/esp-idf/components/mqtt /home/tikhon/Документы/magnolia/esp-idf/components/newlib /home/tikhon/Документы/magnolia/esp-idf/components/nvs_flash /home/tikhon/Документы/magnolia/esp-idf/components/nvs_sec_provider /home/tikhon/Документы/magnolia/esp-idf/components/openthread /home/tikhon/Документы/magnolia/esp-idf/components/partition_table /home/tikhon/Документы/magnolia/esp-idf/components/perfmon /home/tikhon/Документы/magnolia/esp-idf/components/protobuf-c /home/tikhon/Документы/magnolia/esp-idf/components/protocomm /home/tikhon/Документы/magnolia/esp-idf/components/pthread /home/tikhon/Документы/magnolia/esp-idf/components/rt /home/tikhon/Документы/magnolia/esp-idf/components/sdmmc /home/tikhon/Документы/magnolia/esp-idf/components/soc /home/tikhon/Документы/magnolia/esp-idf/components/spi_flash /home/tikhon/Документы/magnolia/esp-idf/components/spiffs /home/tikhon/Документы/magnolia/esp-idf/components/tcp_transport /home/tikhon/Документы/magnolia/esp-idf/components/touch_element /home/tikhon/Документы/magnolia/esp-idf/components/ulp /home/tikhon/Документы/magnolia/esp-idf/components/unity /home/tikhon/Документы/magnolia/esp-idf/components/usb /home/tikhon/Документы/magnolia/esp-idf/components/vfs /home/tikhon/Документы/magnolia/esp-idf/components/wear_levelling /home/tikhon/Документы/magnolia/esp-idf/components/wifi_provisioning /home/tikhon/Документы/magnolia/esp-idf/components/wpa_supplicant /home/tikhon/Документы/magnolia/esp-idf/components/xtensa
-- Compiler supported targets: xtensa-esp-elf
-- Compiler supported targets: xtensa-esp-elf
-- Configuring done (4.6s)
-- Compiler supported targets: xtensa-esp-elf
-- Compiler supported targets: xtensa-esp-elf
-- Compiler supported targets: xtensa-esp-elf
-- Compiler supported targets: xtensa-esp-elf
-- Compiler supported targets: xtensa-esp-elf
-- App "dd" version: 96a69bd-dirty
-- Compiler supported targets: xtensa-esp-elf
-- App "gotest" version: 96a69bd-dirty
-- App "sleep" version: 96a69bd-dirty
-- App "uname" version: 96a69bd-dirty
-- App "gohello" version: 96a69bd-dirty
-- App "dd" version: 96a69bd-dirty
-- App "pwd" version: 96a69bd-dirty
-- App "goargs" version: 96a69bd-dirty
-- App "hexdump" version: 96a69bd-dirty
-- App "xxd" version: 96a69bd-dirty
-- Components: app_trace app_update bootloader bootloader_support bt cmock console cxx driver efuse esp-tls esp_adc esp_app_format esp_bootloader_format esp_coex esp_common esp_driver_ana_cmpr esp_driver_bitscrambler esp_driver_cam esp_driver_dac esp_driver_gpio esp_driver_gptimer esp_driver_i2c esp_driver_i2s esp_driver_i3c esp_driver_isp esp_driver_jpeg esp_driver_ledc esp_driver_mcpwm esp_driver_parlio esp_driver_pcnt esp_driver_ppa esp_driver_rmt esp_driver_sd_intf esp_driver_sdio esp_driver_sdm esp_driver_sdmmc esp_driver_sdspi esp_driver_spi esp_driver_touch_sens esp_driver_tsens esp_driver_twai esp_driver_uart esp_driver_usb_serial_jtag esp_eth esp_event esp_gdbstub esp_hid esp_http_client esp_http_server esp_https_ota esp_https_server esp_hw_support esp_lcd esp_local_ctrl esp_mm esp_netif esp_netif_stack esp_partition esp_phy esp_pm esp_psram esp_ringbuf esp_rom esp_security esp_system esp_timer esp_vfs_console esp_wifi espcoredump esptool_py fatfs freertos hal heap http_parser idf_test ieee802154 json log lwip main mbedtls mqtt newlib nvs_flash nvs_sec_provider openthread partition_table perfmon protobuf-c protocomm pthread rt sdmmc soc spi_flash spiffs tcp_transport touch_element ulp unity usb vfs wear_levelling wifi_provisioning wpa_supplicant xtensa
-- Component paths: /home/tikhon/Документы/magnolia/esp-idf/components/app_trace /home/tikhon/Документы/magnolia/esp-idf/components/app_update /home/tikhon/Документы/magnolia/esp-idf/components/bootloader /home/tikhon/Документы/magnolia/esp-idf/components/bootloader_support /home/tikhon/Документы/magnolia/esp-idf/components/bt /home/tikhon/Документы/magnolia/esp-idf/components/cmock /home/tikhon/Документы/magnolia/esp-idf/components/console /home/tikhon/Документы/magnolia/esp-idf/components/cxx /home/tikhon/Документы/magnolia/esp-idf/components/driver /home/tikhon/Документы/magnolia/esp-idf/components/efuse /home/tikhon/Документы/magnolia/esp-idf/components/esp-tls /home/tikhon/Документы/magnolia/esp-idf/components/esp_adc /home/tikhon/Документы/magnolia/esp-idf/components/esp_app_format /home/tikhon/Документы/magnolia/esp-idf/components/esp_bootloader_format /home/tikhon/Документы/magnolia/esp-idf/components/esp_coex /home/tikhon/Документы/magnolia/esp-idf/components/esp_common /home/tikhon/Документы/magnolia/esp-idf/components/esp_driver_ana_cmpr /home/tikhon/Документы/magnolia/esp-idf/components/esp_driver_bitscrambler /home/tikhon/Документы/magnolia/esp-idf/components/esp_driver_cam /home/tikhon/Документы/magnolia/esp-idf/components/esp_driver_dac /home/tikhon/Документы/magnolia/esp-idf/components/esp_driver_gpio /home/tikhon/Документы/magnolia/esp-idf/components/esp_driver_gptimer /home/tikhon/Документы/magnolia/esp-idf/components/esp_driver_i2c /home/tikhon/Документы/magnolia/esp-idf/components/esp_driver_i2s /home/tikhon/Документы/magnolia/esp-idf/components/esp_driver_i3c /home/tikhon/Документы/magnolia/esp-idf/components/esp_driver_isp /home/tikhon/Документы/magnolia/esp-idf/components/esp_driver_jpeg /home/tikhon/Документы/magnolia/esp-idf/components/esp_driver_ledc /home/tikhon/Документы/magnolia/esp-idf/components/esp_driver_mcpwm /home/tikhon/Документы/magnolia/esp-idf/components/esp_driver_parlio /home/tikhon/Документы/magnolia/esp-idf/components/esp_driver_pcnt /home/tikhon/Документы/magnolia/esp-idf/components/esp_driver_ppa /home/tikhon/Документы/magnolia/esp-idf/components/esp_driver_rmt /home/tikhon/Документы/magnolia/esp-idf/components/esp_driver_sd_intf /home/tikhon/Документы/magnolia/esp-idf/components/esp_driver_sdio /home/tikhon/Документы/magnolia/esp-idf/components/esp_driver_sdm /home/tikhon/Документы/magnolia/esp-idf/components/esp_driver_sdmmc /home/tikhon/Документы/magnolia/esp-idf/components/esp_driver_sdspi /home/tikhon/Документы/magnolia/esp-idf/components/esp_driver_spi /home/tikhon/Документы/magnolia/esp-idf/components/esp_driver_touch_sens /home/tikhon/Документы/magnolia/esp-idf/components/esp_driver_tsens /home/tikhon/Документы/magnolia/esp-idf/components/esp_driver_twai /home/tikhon/Документы/magnolia/esp-idf/components/esp_driver_uart /home/tikhon/Документы/magnolia/esp-idf/components/esp_driver_usb_serial_jtag /home/tikhon/Документы/magnolia/esp-idf/components/esp_eth /home/tikhon/Документы/magnolia/esp-idf/components/esp_event /home/tikhon/Документы/magnolia/esp-idf/components/esp_gdbstub /home/tikhon/Документы/magnolia/esp-idf/components/esp_hid /home/tikhon/Документы/magnolia/esp-idf/components/esp_http_client /home/tikhon/Документы/magnolia/esp-idf/components/esp_http_server /home/tikhon/Документы/magnolia/esp-idf/components/esp_https_ota /home/tikhon/Документы/magnolia/esp-idf/components/esp_https_server /home/tikhon/Документы/magnolia/esp-idf/components/esp_hw_support /home/tikhon/Документы/magnolia/esp-idf/components/esp_lcd /home/tikhon/Документы/magnolia/esp-idf/components/esp_local_ctrl /home/tikhon/Документы/magnolia/esp-idf/components/esp_mm /home/tikhon/Документы/magnolia/esp-idf/components/esp_netif /home/tikhon/Документы/magnolia/esp-idf/components/esp_netif_stack /home/tikhon/Документы/magnolia/esp-idf/components/esp_partition /home/tikhon/Документы/magnolia/esp-idf/components/esp_phy /home/tikhon/Документы/magnolia/esp-idf/components/esp_pm /home/tikhon/Документы/magnolia/esp-idf/components/esp_psram /home/tikhon/Документы/magnolia/esp-idf/components/esp_ringbuf /home/tikhon/Документы/magnolia/esp-idf/components/esp_rom /home/tikhon/Документы/magnolia/esp-idf/components/esp_security /home/tikhon/Документы/magnolia/esp-idf/components/esp_system /home/tikhon/Документы/magnolia/esp-idf/components/esp_timer /home/tikhon/Документы/magnolia/esp-idf/components/esp_vfs_console /home/tikhon/Документы/magnolia/esp-idf/components/esp_wifi /home/tikhon/Документы/magnolia/esp-idf/components/espcoredump /home/tikhon/Документы/magnolia/esp-idf/components/esptool_py /home/tikhon/Документы/magnolia/esp-idf/components/fatfs /home/tikhon/Документы/magnolia/esp-idf/components/freertos /home/tikhon/Документы/magnolia/esp-idf/components/hal /home/tikhon/Документы/magnolia/esp-idf/components/heap /home/tikhon/Документы/magnolia/esp-idf/components/http_parser /home/tikhon/Документы/magnolia/esp-idf/components/idf_test /home/tikhon/Документы/magnolia/esp-idf/components/ieee802154 /home/tikhon/Документы/magnolia/esp-idf/components/json /home/tikhon/Документы/magnolia/esp-idf/components/log /home/tikhon/Документы/magnolia/esp-idf/components/lwip /home/tikhon/Документы/magnolia/applets/rust/edit/main /home/tikhon/Документы/magnolia/esp-idf/components/mbedtls /home/tikhon/Документы/magnolia/esp-idf/components/mqtt /home/tikhon/Документы/magnolia/esp-idf/components/newlib /home/tikhon/Документы/magnolia/esp-idf/components/nvs_flash /home/tikhon/Документы/magnolia/esp-idf/components/nvs_sec_provider /home/tikhon/Документы/magnolia/esp-idf/components/openthread /home/tikhon/Документы/magnolia/esp-idf/components/partition_table /home/tikhon/Документы/magnolia/esp-idf/components/perfmon /home/tikhon/Документы/magnolia/esp-idf/components/protobuf-c /home/tikhon/Документы/magnolia/esp-idf/components/protocomm /home/tikhon/Документы/magnolia/esp-idf/components/pthread /home/tikhon/Документы/magnolia/esp-idf/components/rt /home/tikhon/Документы/magnolia/esp-idf/components/sdmmc /home/tikhon/Документы/magnolia/esp-idf/components/soc /home/tikhon/Документы/magnolia/esp-idf/components/spi_flash /home/tikhon/Документы/magnolia/esp-idf/components/spiffs /home/tikhon/Документы/magnolia/esp-idf/components/tcp_transport /home/tikhon/Документы/magnolia/esp-idf/components/touch_element /home/tikhon/Документы/magnolia/esp-idf/components/ulp /home/tikhon/Документы/magnolia/esp-idf/components/unity /home/tikhon/Документы/magnolia/esp-idf/components/usb /home/tikhon/Документы/magnolia/esp-idf/components/vfs /home/tikhon/Документы/magnolia/esp-idf/components/wear_levelling /home/tikhon/Документы/magnolia/esp-idf/components/wifi_provisioning /home/tikhon/Документы/magnolia/esp-idf/components/wpa_supplicant /home/tikhon/Документы/magnolia/esp-idf/components/xtensa
-- Components: app_trace app_update bootloader bootloader_support bt cmock console cxx driver efuse esp-tls esp_adc esp_app_format esp_bootloader_format esp_coex esp_common esp_driver_ana_cmpr esp_driver_bitscrambler esp_driver_cam esp_driver_dac esp_driver_gpio esp_driver_gptimer esp_driver_i2c esp_driver_i2s esp_driver_i3c esp_driver_isp esp_driver_jpeg esp_driver_ledc esp_driver_mcpwm esp_driver_parlio esp_driver_pcnt esp_driver_ppa esp_driver_rmt esp_driver_sd_intf esp_driver_sdio esp_driver_sdm esp_driver_sdmmc esp_driver_sdspi esp_driver_spi esp_driver_touch_sens esp_driver_tsens esp_driver_twai esp_driver_uart esp_driver_usb_serial_jtag esp_eth esp_event esp_gdbstub esp_hid esp_http_client esp_http_server esp_https_ota esp_https_server esp_hw_support esp_lcd esp_local_ctrl esp_mm esp_netif esp_netif_stack esp_partition esp_phy esp_pm esp_psram esp_ringbuf esp_rom esp_security esp_system esp_timer esp_vfs_console esp_wifi espcoredump espressif__cmake_utilities espressif__elf_loader esptool_py fatfs freertos hal heap http_parser idf_test ieee802154 json log lwip main mbedtls mqtt newlib nvs_flash nvs_sec_provider openthread partition_table perfmon protobuf-c protocomm pthread rt sdmmc soc spi_flash spiffs tcp_transport touch_element ulp unity usb vfs wear_levelling wifi_provisioning wpa_supplicant xtensa
-- Component paths: /home/tikhon/Документы/magnolia/esp-idf/components/app_trace /home/tikhon/Документы/magnolia/esp-idf/components/app_update /home/tikhon/Документы/magnolia/esp-idf/components/bootloader /home/tikhon/Документы/magnolia/esp-idf/components/bootloader_support /home/tikhon/Документы/magnolia/esp-idf/components/bt /home/tikhon/Документы/magnolia/esp-idf/components/cmock /home/tikhon/Документы/magnolia/esp-idf/components/console /home/tikhon/Документы/magnolia/esp-idf/components/cxx /home/tikhon/Документы/magnolia/esp-idf/components/driver /home/tikhon/Документы/magnolia/esp-idf/components/efuse /home/tikhon/Документы/magnolia/esp-idf/components/esp-tls /home/tikhon/Документы/magnolia/esp-idf/components/esp_adc /home/tikhon/Документы/magnolia/esp-idf/components/esp_app_format /home/tikhon/Документы/magnolia/esp-idf/components/esp_bootloader_format /home/tikhon/Документы/magnolia/esp-idf/components/esp_coex /home/tikhon/Документы/magnolia/esp-idf/components/esp_common /home/tikhon/Документы/magnolia/esp-idf/components/esp_driver_ana_cmpr /home/tikhon/Документы/magnolia/esp-idf/components/esp_driver_bitscrambler /home/tikhon/Документы/magnolia/esp-idf/components/esp_driver_cam /home/tikhon/Документы/magnolia/esp-idf/components/esp_driver_dac /home/tikhon/Документы/magnolia/esp-idf/components/esp_driver_gpio /home/tikhon/Документы/magnolia/esp-idf/components/esp_driver_gptimer /home/tikhon/Документы/magnolia/esp-idf/components/esp_driver_i2c /home/tikhon/Документы/magnolia/esp-idf/components/esp_driver_i2s /home/tikhon/Документы/magnolia/esp-idf/components/esp_driver_i3c /home/tikhon/Документы/magnolia/esp-idf/components/esp_driver_isp /home/tikhon/Документы/magnolia/esp-idf/components/esp_driver_jpeg /home/tikhon/Документы/magnolia/esp-idf/components/esp_driver_ledc /home/tikhon/Документы/magnolia/esp-idf/components/esp_driver_mcpwm /home/tikhon/Документы/magnolia/esp-idf/components/esp_driver_parlio /home/tikhon/Документы/magnolia/esp-idf/components/esp_driver_pcnt /home/tikhon/Документы/magnolia/esp-idf/components/esp_driver_ppa /home/tikhon/Документы/magnolia/esp-idf/components/esp_driver_rmt /home/tikhon/Документы/magnolia/esp-idf/components/esp_driver_sd_intf /home/tikhon/Документы/magnolia/esp-idf/components/esp_driver_sdio /home/tikhon/Документы/magnolia/esp-idf/components/esp_driver_sdm /home/tikhon/Документы/magnolia/esp-idf/components/esp_driver_sdmmc /home/tikhon/Документы/magnolia/esp-idf/components/esp_driver_sdspi /home/tikhon/Документы/magnolia/esp-idf/components/esp_driver_spi /home/tikhon/Документы/magnolia/esp-idf/components/esp_driver_touch_sens /home/tikhon/Документы/magnolia/esp-idf/components/esp_driver_tsens /home/tikhon/Документы/magnolia/esp-idf/components/esp_driver_twai /home/tikhon/Документы/magnolia/esp-idf/components/esp_driver_uart /home/tikhon/Документы/magnolia/esp-idf/components/esp_driver_usb_serial_jtag /home/tikhon/Документы/magnolia/esp-idf/components/esp_eth /home/tikhon/Документы/magnolia/esp-idf/components/esp_event /home/tikhon/Документы/magnolia/esp-idf/components/esp_gdbstub /home/tikhon/Документы/magnolia/esp-idf/components/esp_hid /home/tikhon/Документы/magnolia/esp-idf/components/esp_http_client /home/tikhon/Документы/magnolia/esp-idf/components/esp_http_server /home/tikhon/Документы/magnolia/esp-idf/components/esp_https_ota /home/tikhon/Документы/magnolia/esp-idf/components/esp_https_server /home/tikhon/Документы/magnolia/esp-idf/components/esp_hw_support /home/tikhon/Документы/magnolia/esp-idf/components/esp_lcd /home/tikhon/Документы/magnolia/esp-idf/components/esp_local_ctrl /home/tikhon/Документы/magnolia/esp-idf/components/esp_mm /home/tikhon/Документы/magnolia/esp-idf/components/esp_netif /home/tikhon/Документы/magnolia/esp-idf/components/esp_netif_stack /home/tikhon/Документы/magnolia/esp-idf/components/esp_partition /home/tikhon/Документы/magnolia/esp-idf/components/esp_phy /home/tikhon/Документы/magnolia/esp-idf/components/esp_pm /home/tikhon/Документы/magnolia/esp-idf/components/esp_psram /home/tikhon/Документы/magnolia/esp-idf/components/esp_ringbuf /home/tikhon/Документы/magnolia/esp-idf/components/esp_rom /home/tikhon/Документы/magnolia/esp-idf/components/esp_security /home/tikhon/Документы/magnolia/esp-idf/components/esp_system /home/tikhon/Документы/magnolia/esp-idf/components/esp_timer /home/tikhon/Документы/magnolia/esp-idf/components/esp_vfs_console /home/tikhon/Документы/magnolia/esp-idf/components/esp_wifi /home/tikhon/Документы/magnolia/esp-idf/components/espcoredump /home/tikhon/Документы/magnolia/applets/go/false/managed_components/espressif__cmake_utilities /home/tikhon/Документы/magnolia/applets/go/false/managed_components/espressif__elf_loader /home/tikhon/Документы/magnolia/esp-idf/components/esptool_py /home/tikhon/Документы/magnolia/esp-idf/components/fatfs /home/tikhon/Документы/magnolia/esp-idf/components/freertos /home/tikhon/Документы/magnolia/esp-idf/components/hal /home/tikhon/Документы/magnolia/esp-idf/components/heap /home/tikhon/Документы/magnolia/esp-idf/components/http_parser /home/tikhon/Документы/magnolia/esp-idf/components/idf_test /home/tikhon/Документы/magnolia/esp-idf/components/ieee802154 /home/tikhon/Документы/magnolia/esp-idf/components/json /home/tikhon/Документы/magnolia/esp-idf/components/log /home/tikhon/Документы/magnolia/esp-idf/components/lwip /home/tikhon/Документы/magnolia/applets/go/false/main /home/tikhon/Документы/magnolia/esp-idf/components/mbedtls /home/tikhon/Документы/magnolia/esp-idf/components/mqtt /home/tikhon/Документы/magnolia/esp-idf/components/newlib /home/tikhon/Документы/magnolia/esp-idf/components/nvs_flash /home/tikhon/Документы/magnolia/esp-idf/components/nvs_sec_provider /home/tikhon/Документы/magnolia/esp-idf/components/openthread /home/tikhon/Документы/magnolia/esp-idf/components/partition_table /home/tikhon/Документы/magnolia/esp-idf/components/perfmon /home/tikhon/Документы/magnolia/esp-idf/components/protobuf-c /home/tikhon/Документы/magnolia/esp-idf/components/protocomm /home/tikhon/Документы/magnolia/esp-idf/components/pthread /home/tikhon/Документы/magnolia/esp-idf/components/rt /home/tikhon/Документы/magnolia/esp-idf/components/sdmmc /home/tikhon/Документы/magnolia/esp-idf/components/soc /home/tikhon/Документы/magnolia/esp-idf/components/spi_flash /home/tikhon/Документы/magnolia/esp-idf/components/spiffs /home/tikhon/Документы/magnolia/esp-idf/components/tcp_transport /home/tikhon/Документы/magnolia/esp-idf/components/touch_element /home/tikhon/Документы/magnolia/esp-idf/components/ulp /home/tikhon/Документы/magnolia/esp-idf/components/unity /home/tikhon/Документы/magnolia/esp-idf/components/usb /home/tikhon/Документы/magnolia/esp-idf/components/vfs /home/tikhon/Документы/magnolia/esp-idf/components/wear_levelling /home/tikhon/Документы/magnolia/esp-idf/components/wifi_provisioning /home/tikhon/Документы/magnolia/esp-idf/components/wpa_supplicant /home/tikhon/Документы/magnolia/esp-idf/components/xtensa
-- Configuring done (3.7s)
-- Configuring done (4.9s)
-- App "true" version: 96a69bd-dirty
-- USING O3
-- Adding linker script /home/tikhon/Документы/magnolia/applets/go/godd/build/esp-idf/esp_system/ld/memory.ld
-- Adding linker script /home/tikhon/Документы/magnolia/applets/go/godd/build/esp-idf/esp_system/ld/sections.ld.in
-- Adding linker script /home/tikhon/Документы/magnolia/esp-idf/components/esp_rom/esp32s3/ld/esp32s3.rom.ld
-- Adding linker script /home/tikhon/Документы/magnolia/esp-idf/components/esp_rom/esp32s3/ld/esp32s3.rom.api.ld
-- Adding linker script /home/tikhon/Документы/magnolia/esp-idf/components/esp_rom/esp32s3/ld/esp32s3.rom.bt_funcs.ld
-- Adding linker script /home/tikhon/Документы/magnolia/esp-idf/components/esp_rom/esp32s3/ld/esp32s3.rom.libgcc.ld
-- Adding linker script /home/tikhon/Документы/magnolia/esp-idf/components/esp_rom/esp32s3/ld/esp32s3.rom.wdt.ld
-- Adding linker script /home/tikhon/Документы/magnolia/esp-idf/components/esp_rom/esp32s3/ld/esp32s3.rom.version.ld
-- Adding linker script /home/tikhon/Документы/magnolia/esp-idf/components/esp_rom/esp32s3/ld/esp32s3.rom.ble_master.ld
-- Adding linker script /home/tikhon/Документы/magnolia/esp-idf/components/esp_rom/esp32s3/ld/esp32s3.rom.ble_50.ld
-- Adding linker script /home/tikhon/Документы/magnolia/esp-idf/components/esp_rom/esp32s3/ld/esp32s3.rom.ble_smp.ld
-- Adding linker script /home/tikhon/Документы/magnolia/esp-idf/components/esp_rom/esp32s3/ld/esp32s3.rom.ble_dtm.ld
-- Adding linker script /home/tikhon/Документы/magnolia/esp-idf/components/esp_rom/esp32s3/ld/esp32s3.rom.ble_test.ld
-- Adding linker script /home/tikhon/Документы/magnolia/esp-idf/components/esp_rom/esp32s3/ld/esp32s3.rom.ble_scan.ld
-- Adding linker script /home/tikhon/Документы/magnolia/esp-idf/components/esp_rom/esp32s3/ld/esp32s3.rom.libc.ld
-- Adding linker script /home/tikhon/Документы/magnolia/esp-idf/components/esp_rom/esp32s3/ld/esp32s3.rom.newlib.ld
-- USING O3
-- Adding linker script /home/tikhon/Документы/magnolia/esp-idf/components/soc/esp32s3/ld/esp32s3.peripherals.ld
-- USING O3
-- USING O3
-- USING O3
-- USING O3
-- Adding linker script /home/tikhon/Документы/magnolia/applets/go/uname/build/esp-idf/esp_system/ld/memory.ld
-- Adding linker script /home/tikhon/Документы/magnolia/applets/go/uname/build/esp-idf/esp_system/ld/sections.ld.in
-- Adding linker script /home/tikhon/Документы/magnolia/applets/rust/rdd/build/esp-idf/esp_system/ld/memory.ld
-- Adding linker script /home/tikhon/Документы/magnolia/applets/rust/rdd/build/esp-idf/esp_system/ld/sections.ld.in
-- Adding linker script /home/tikhon/Документы/magnolia/applets/go/gotest/build/esp-idf/esp_system/ld/memory.ld
-- Adding linker script /home/tikhon/Документы/magnolia/applets/go/gotest/build/esp-idf/esp_system/ld/sections.ld.in
-- USING O3
-- Adding linker script /home/tikhon/Документы/magnolia/esp-idf/components/esp_rom/esp32s3/ld/esp32s3.rom.ld
-- Adding linker script /home/tikhon/Документы/magnolia/esp-idf/components/esp_rom/esp32s3/ld/esp32s3.rom.api.ld
-- Adding linker script /home/tikhon/Документы/magnolia/esp-idf/components/esp_rom/esp32s3/ld/esp32s3.rom.bt_funcs.ld
-- Adding linker script /home/tikhon/Документы/magnolia/esp-idf/components/esp_rom/esp32s3/ld/esp32s3.rom.libgcc.ld
-- Adding linker script /home/tikhon/Документы/magnolia/esp-idf/components/esp_rom/esp32s3/ld/esp32s3.rom.wdt.ld
-- Adding linker script /home/tikhon/Документы/magnolia/esp-idf/components/esp_rom/esp32s3/ld/esp32s3.rom.version.ld
-- Adding linker script /home/tikhon/Документы/magnolia/esp-idf/components/esp_rom/esp32s3/ld/esp32s3.rom.ble_master.ld
-- Adding linker script /home/tikhon/Документы/magnolia/esp-idf/components/esp_rom/esp32s3/ld/esp32s3.rom.ble_50.ld
-- Adding linker script /home/tikhon/Документы/magnolia/esp-idf/components/esp_rom/esp32s3/ld/esp32s3.rom.ble_smp.ld
-- Adding linker script /home/tikhon/Документы/magnolia/esp-idf/components/esp_rom/esp32s3/ld/esp32s3.rom.ble_dtm.ld
-- Adding linker script /home/tikhon/Документы/magnolia/esp-idf/components/esp_rom/esp32s3/ld/esp32s3.rom.ble_test.ld
-- Adding linker script /home/tikhon/Документы/magnolia/esp-idf/components/esp_rom/esp32s3/ld/esp32s3.rom.ble_scan.ld
-- Adding linker script /home/tikhon/Документы/magnolia/esp-idf/components/esp_rom/esp32s3/ld/esp32s3.rom.libc.ld
-- Adding linker script /home/tikhon/Документы/magnolia/esp-idf/components/esp_rom/esp32s3/ld/esp32s3.rom.newlib.ld
-- Adding linker script /home/tikhon/Документы/magnolia/esp-idf/components/esp_rom/esp32s3/ld/esp32s3.rom.ld
-- Adding linker script /home/tikhon/Документы/magnolia/esp-idf/components/esp_rom/esp32s3/ld/esp32s3.rom.api.ld
-- Adding linker script /home/tikhon/Документы/magnolia/esp-idf/components/esp_rom/esp32s3/ld/esp32s3.rom.bt_funcs.ld
-- Adding linker script /home/tikhon/Документы/magnolia/esp-idf/components/esp_rom/esp32s3/ld/esp32s3.rom.libgcc.ld
-- Adding linker script /home/tikhon/Документы/magnolia/esp-idf/components/esp_rom/esp32s3/ld/esp32s3.rom.wdt.ld
-- Adding linker script /home/tikhon/Документы/magnolia/esp-idf/components/esp_rom/esp32s3/ld/esp32s3.rom.version.ld
-- Adding linker script /home/tikhon/Документы/magnolia/esp-idf/components/esp_rom/esp32s3/ld/esp32s3.rom.ble_master.ld
-- Adding linker script /home/tikhon/Документы/magnolia/esp-idf/components/esp_rom/esp32s3/ld/esp32s3.rom.ble_50.ld
-- Adding linker script /home/tikhon/Документы/magnolia/esp-idf/components/esp_rom/esp32s3/ld/esp32s3.rom.ble_smp.ld
-- Adding linker script /home/tikhon/Документы/magnolia/esp-idf/components/esp_rom/esp32s3/ld/esp32s3.rom.ble_dtm.ld
-- Adding linker script /home/tikhon/Документы/magnolia/esp-idf/components/esp_rom/esp32s3/ld/esp32s3.rom.ble_test.ld
-- Adding linker script /home/tikhon/Документы/magnolia/esp-idf/components/esp_rom/esp32s3/ld/esp32s3.rom.ble_scan.ld
-- Adding linker script /home/tikhon/Документы/magnolia/esp-idf/components/esp_rom/esp32s3/ld/esp32s3.rom.libc.ld
-- Adding linker script /home/tikhon/Документы/magnolia/esp-idf/components/esp_rom/esp32s3/ld/esp32s3.rom.newlib.ld
-- Adding linker script /home/tikhon/Документы/magnolia/esp-idf/components/esp_rom/esp32s3/ld/esp32s3.rom.ld
-- Adding linker script /home/tikhon/Документы/magnolia/esp-idf/components/esp_rom/esp32s3/ld/esp32s3.rom.api.ld
-- Adding linker script /home/tikhon/Документы/magnolia/esp-idf/components/esp_rom/esp32s3/ld/esp32s3.rom.bt_funcs.ld
-- Adding linker script /home/tikhon/Документы/magnolia/esp-idf/components/esp_rom/esp32s3/ld/esp32s3.rom.libgcc.ld
-- Adding linker script /home/tikhon/Документы/magnolia/esp-idf/components/esp_rom/esp32s3/ld/esp32s3.rom.wdt.ld
-- Adding linker script /home/tikhon/Документы/magnolia/esp-idf/components/esp_rom/esp32s3/ld/esp32s3.rom.version.ld
-- Adding linker script /home/tikhon/Документы/magnolia/esp-idf/components/esp_rom/esp32s3/ld/esp32s3.rom.ble_master.ld
-- Adding linker script /home/tikhon/Документы/magnolia/esp-idf/components/esp_rom/esp32s3/ld/esp32s3.rom.ble_50.ld
-- Adding linker script /home/tikhon/Документы/magnolia/esp-idf/components/esp_rom/esp32s3/ld/esp32s3.rom.ble_smp.ld
-- Adding linker script /home/tikhon/Документы/magnolia/esp-idf/components/esp_rom/esp32s3/ld/esp32s3.rom.ble_dtm.ld
-- Adding linker script /home/tikhon/Документы/magnolia/esp-idf/components/esp_rom/esp32s3/ld/esp32s3.rom.ble_test.ld
-- Adding linker script /home/tikhon/Документы/magnolia/esp-idf/components/esp_rom/esp32s3/ld/esp32s3.rom.ble_scan.ld
-- Adding linker script /home/tikhon/Документы/magnolia/esp-idf/components/esp_rom/esp32s3/ld/esp32s3.rom.libc.ld
-- Adding linker script /home/tikhon/Документы/magnolia/esp-idf/components/esp_rom/esp32s3/ld/esp32s3.rom.newlib.ld
-- Adding linker script /home/tikhon/Документы/magnolia/applets/go/sleep/build/esp-idf/esp_system/ld/memory.ld
-- Adding linker script /home/tikhon/Документы/magnolia/applets/go/gohello/build/esp-idf/esp_system/ld/memory.ld
-- Adding linker script /home/tikhon/Документы/magnolia/applets/go/gohello/build/esp-idf/esp_system/ld/sections.ld.in
-- Adding linker script /home/tikhon/Документы/magnolia/applets/go/sleep/build/esp-idf/esp_system/ld/sections.ld.in
-- Adding linker script /home/tikhon/Документы/magnolia/esp-idf/components/soc/esp32s3/ld/esp32s3.peripherals.ld
-- USING O3
-- Adding linker script /home/tikhon/Документы/magnolia/applets/go/pwd/build/esp-idf/esp_system/ld/memory.ld
-- Adding linker script /home/tikhon/Документы/magnolia/applets/go/pwd/build/esp-idf/esp_system/ld/sections.ld.in
-- Adding linker script /home/tikhon/Документы/magnolia/esp-idf/components/esp_rom/esp32s3/ld/esp32s3.rom.ld
-- Adding linker script /home/tikhon/Документы/magnolia/esp-idf/components/esp_rom/esp32s3/ld/esp32s3.rom.api.ld
-- Adding linker script /home/tikhon/Документы/magnolia/esp-idf/components/esp_rom/esp32s3/ld/esp32s3.rom.bt_funcs.ld
-- Adding linker script /home/tikhon/Документы/magnolia/esp-idf/components/soc/esp32s3/ld/esp32s3.peripherals.ld
-- Adding linker script /home/tikhon/Документы/magnolia/esp-idf/components/esp_rom/esp32s3/ld/esp32s3.rom.libgcc.ld
-- Adding linker script /home/tikhon/Документы/magnolia/esp-idf/components/esp_rom/esp32s3/ld/esp32s3.rom.wdt.ld
-- Adding linker script /home/tikhon/Документы/magnolia/esp-idf/components/esp_rom/esp32s3/ld/esp32s3.rom.version.ld
-- Adding linker script /home/tikhon/Документы/magnolia/esp-idf/components/esp_rom/esp32s3/ld/esp32s3.rom.ble_master.ld
-- Adding linker script /home/tikhon/Документы/magnolia/esp-idf/components/esp_rom/esp32s3/ld/esp32s3.rom.ble_50.ld
-- Adding linker script /home/tikhon/Документы/magnolia/esp-idf/components/esp_rom/esp32s3/ld/esp32s3.rom.ble_smp.ld
-- Adding linker script /home/tikhon/Документы/magnolia/esp-idf/components/esp_rom/esp32s3/ld/esp32s3.rom.ble_dtm.ld
-- Adding linker script /home/tikhon/Документы/magnolia/esp-idf/components/esp_rom/esp32s3/ld/esp32s3.rom.ble_test.ld
-- Adding linker script /home/tikhon/Документы/magnolia/esp-idf/components/esp_rom/esp32s3/ld/esp32s3.rom.ble_scan.ld
-- Adding linker script /home/tikhon/Документы/magnolia/esp-idf/components/esp_rom/esp32s3/ld/esp32s3.rom.libc.ld
-- Adding linker script /home/tikhon/Документы/magnolia/esp-idf/components/esp_rom/esp32s3/ld/esp32s3.rom.newlib.ld
-- Adding linker script /home/tikhon/Документы/magnolia/esp-idf/components/soc/esp32s3/ld/esp32s3.peripherals.ld
-- Adding linker script /home/tikhon/Документы/magnolia/esp-idf/components/esp_rom/esp32s3/ld/esp32s3.rom.ld
-- USING O3
-- Adding linker script /home/tikhon/Документы/magnolia/esp-idf/components/esp_rom/esp32s3/ld/esp32s3.rom.api.ld
-- Adding linker script /home/tikhon/Документы/magnolia/esp-idf/components/esp_rom/esp32s3/ld/esp32s3.rom.bt_funcs.ld
-- Adding linker script /home/tikhon/Документы/magnolia/esp-idf/components/esp_rom/esp32s3/ld/esp32s3.rom.libgcc.ld
-- Adding linker script /home/tikhon/Документы/magnolia/esp-idf/components/esp_rom/esp32s3/ld/esp32s3.rom.wdt.ld
-- Adding linker script /home/tikhon/Документы/magnolia/esp-idf/components/esp_rom/esp32s3/ld/esp32s3.rom.version.ld
-- Adding linker script /home/tikhon/Документы/magnolia/esp-idf/components/esp_rom/esp32s3/ld/esp32s3.rom.ble_master.ld
-- Adding linker script /home/tikhon/Документы/magnolia/esp-idf/components/esp_rom/esp32s3/ld/esp32s3.rom.ble_50.ld
-- Adding linker script /home/tikhon/Документы/magnolia/esp-idf/components/esp_rom/esp32s3/ld/esp32s3.rom.ble_smp.ld
-- Adding linker script /home/tikhon/Документы/magnolia/esp-idf/components/esp_rom/esp32s3/ld/esp32s3.rom.ble_dtm.ld
-- Adding linker script /home/tikhon/Документы/magnolia/esp-idf/components/esp_rom/esp32s3/ld/esp32s3.rom.ble_test.ld
-- Adding linker script /home/tikhon/Документы/magnolia/esp-idf/components/esp_rom/esp32s3/ld/esp32s3.rom.ble_scan.ld
-- Adding linker script /home/tikhon/Документы/magnolia/esp-idf/components/esp_rom/esp32s3/ld/esp32s3.rom.libc.ld
-- Adding linker script /home/tikhon/Документы/magnolia/esp-idf/components/esp_rom/esp32s3/ld/esp32s3.rom.newlib.ld
-- Adding linker script /home/tikhon/Документы/magnolia/esp-idf/components/soc/esp32s3/ld/esp32s3.peripherals.ld
-- Adding linker script /home/tikhon/Документы/magnolia/applets/go/goargs/build/esp-idf/esp_system/ld/memory.ld
-- Adding linker script /home/tikhon/Документы/magnolia/applets/go/goargs/build/esp-idf/esp_system/ld/sections.ld.in
-- Adding linker script /home/tikhon/Документы/magnolia/esp-idf/components/soc/esp32s3/ld/esp32s3.peripherals.ld
-- USING O3
-- Adding linker script /home/tikhon/Документы/magnolia/esp-idf/components/esp_rom/esp32s3/ld/esp32s3.rom.ld
-- Adding linker script /home/tikhon/Документы/magnolia/esp-idf/components/esp_rom/esp32s3/ld/esp32s3.rom.api.ld
-- Adding linker script /home/tikhon/Документы/magnolia/esp-idf/components/esp_rom/esp32s3/ld/esp32s3.rom.bt_funcs.ld
-- Adding linker script /home/tikhon/Документы/magnolia/esp-idf/components/esp_rom/esp32s3/ld/esp32s3.rom.libgcc.ld
-- Adding linker script /home/tikhon/Документы/magnolia/esp-idf/components/esp_rom/esp32s3/ld/esp32s3.rom.wdt.ld
-- Adding linker script /home/tikhon/Документы/magnolia/esp-idf/components/esp_rom/esp32s3/ld/esp32s3.rom.version.ld
-- Adding linker script /home/tikhon/Документы/magnolia/esp-idf/components/esp_rom/esp32s3/ld/esp32s3.rom.ble_master.ld
-- Adding linker script /home/tikhon/Документы/magnolia/esp-idf/components/esp_rom/esp32s3/ld/esp32s3.rom.ble_50.ld
-- Adding linker script /home/tikhon/Документы/magnolia/esp-idf/components/esp_rom/esp32s3/ld/esp32s3.rom.ble_smp.ld
-- Adding linker script /home/tikhon/Документы/magnolia/esp-idf/components/esp_rom/esp32s3/ld/esp32s3.rom.ble_dtm.ld
-- Adding linker script /home/tikhon/Документы/magnolia/esp-idf/components/esp_rom/esp32s3/ld/esp32s3.rom.ble_test.ld
-- Adding linker script /home/tikhon/Документы/magnolia/esp-idf/components/esp_rom/esp32s3/ld/esp32s3.rom.ble_scan.ld
-- Adding linker script /home/tikhon/Документы/magnolia/esp-idf/components/esp_rom/esp32s3/ld/esp32s3.rom.libc.ld
-- Adding linker script /home/tikhon/Документы/magnolia/esp-idf/components/esp_rom/esp32s3/ld/esp32s3.rom.newlib.ld
-- Adding linker script /home/tikhon/Документы/magnolia/applets/go/gohexdump/build/esp-idf/esp_system/ld/memory.ld
-- Adding linker script /home/tikhon/Документы/magnolia/esp-idf/components/esp_rom/esp32s3/ld/esp32s3.rom.ld
-- Adding linker script /home/tikhon/Документы/magnolia/esp-idf/components/esp_rom/esp32s3/ld/esp32s3.rom.api.ld
-- Adding linker script /home/tikhon/Документы/magnolia/applets/go/gohexdump/build/esp-idf/esp_system/ld/sections.ld.in
-- Adding linker script /home/tikhon/Документы/magnolia/esp-idf/components/esp_rom/esp32s3/ld/esp32s3.rom.bt_funcs.ld
-- Adding linker script /home/tikhon/Документы/magnolia/esp-idf/components/esp_rom/esp32s3/ld/esp32s3.rom.libgcc.ld
-- Adding linker script /home/tikhon/Документы/magnolia/esp-idf/components/esp_rom/esp32s3/ld/esp32s3.rom.wdt.ld
-- Adding linker script /home/tikhon/Документы/magnolia/esp-idf/components/esp_rom/esp32s3/ld/esp32s3.rom.version.ld
-- Adding linker script /home/tikhon/Документы/magnolia/esp-idf/components/esp_rom/esp32s3/ld/esp32s3.rom.ble_master.ld
-- Adding linker script /home/tikhon/Документы/magnolia/esp-idf/components/esp_rom/esp32s3/ld/esp32s3.rom.ble_50.ld
-- Adding linker script /home/tikhon/Документы/magnolia/esp-idf/components/esp_rom/esp32s3/ld/esp32s3.rom.ble_smp.ld
-- Adding linker script /home/tikhon/Документы/magnolia/esp-idf/components/esp_rom/esp32s3/ld/esp32s3.rom.ble_dtm.ld
-- Adding linker script /home/tikhon/Документы/magnolia/esp-idf/components/esp_rom/esp32s3/ld/esp32s3.rom.ble_test.ld
-- Adding linker script /home/tikhon/Документы/magnolia/esp-idf/components/esp_rom/esp32s3/ld/esp32s3.rom.ble_scan.ld
-- Adding linker script /home/tikhon/Документы/magnolia/esp-idf/components/esp_rom/esp32s3/ld/esp32s3.rom.libc.ld
-- Adding linker script /home/tikhon/Документы/magnolia/esp-idf/components/esp_rom/esp32s3/ld/esp32s3.rom.ld
-- Adding linker script /home/tikhon/Документы/magnolia/esp-idf/components/esp_rom/esp32s3/ld/esp32s3.rom.api.ld
-- Adding linker script /home/tikhon/Документы/magnolia/esp-idf/components/esp_rom/esp32s3/ld/esp32s3.rom.bt_funcs.ld
-- Adding linker script /home/tikhon/Документы/magnolia/esp-idf/components/esp_rom/esp32s3/ld/esp32s3.rom.libgcc.ld
-- Adding linker script /home/tikhon/Документы/magnolia/esp-idf/components/esp_rom/esp32s3/ld/esp32s3.rom.wdt.ld
-- Adding linker script /home/tikhon/Документы/magnolia/esp-idf/components/esp_rom/esp32s3/ld/esp32s3.rom.version.ld
-- Adding linker script /home/tikhon/Документы/magnolia/esp-idf/components/esp_rom/esp32s3/ld/esp32s3.rom.ble_master.ld
-- Adding linker script /home/tikhon/Документы/magnolia/esp-idf/components/esp_rom/esp32s3/ld/esp32s3.rom.ble_50.ld
-- Adding linker script /home/tikhon/Документы/magnolia/esp-idf/components/esp_rom/esp32s3/ld/esp32s3.rom.ble_smp.ld
-- Adding linker script /home/tikhon/Документы/magnolia/esp-idf/components/esp_rom/esp32s3/ld/esp32s3.rom.ble_dtm.ld
-- Adding linker script /home/tikhon/Документы/magnolia/esp-idf/components/esp_rom/esp32s3/ld/esp32s3.rom.ble_test.ld
-- Adding linker script /home/tikhon/Документы/magnolia/esp-idf/components/esp_rom/esp32s3/ld/esp32s3.rom.ble_scan.ld
-- Adding linker script /home/tikhon/Документы/magnolia/esp-idf/components/esp_rom/esp32s3/ld/esp32s3.rom.libc.ld
-- Adding linker script /home/tikhon/Документы/magnolia/esp-idf/components/esp_rom/esp32s3/ld/esp32s3.rom.newlib.ld
-- Adding linker script /home/tikhon/Документы/magnolia/esp-idf/components/soc/esp32s3/ld/esp32s3.peripherals.ld
-- Adding linker script /home/tikhon/Документы/magnolia/applets/go/goxxd/build/esp-idf/esp_system/ld/memory.ld
-- Adding linker script /home/tikhon/Документы/magnolia/applets/go/goxxd/build/esp-idf/esp_system/ld/sections.ld.in
-- Adding linker script /home/tikhon/Документы/magnolia/esp-idf/components/soc/esp32s3/ld/esp32s3.peripherals.ld
-- Adding linker script /home/tikhon/Документы/magnolia/esp-idf/components/esp_rom/esp32s3/ld/esp32s3.rom.newlib.ld
-- USING O3
-- Adding linker script /home/tikhon/Документы/magnolia/esp-idf/components/esp_rom/esp32s3/ld/esp32s3.rom.ld
-- Adding linker script /home/tikhon/Документы/magnolia/esp-idf/components/esp_rom/esp32s3/ld/esp32s3.rom.api.ld
-- Adding linker script /home/tikhon/Документы/magnolia/esp-idf/components/esp_rom/esp32s3/ld/esp32s3.rom.bt_funcs.ld
-- Adding linker script /home/tikhon/Документы/magnolia/esp-idf/components/esp_rom/esp32s3/ld/esp32s3.rom.libgcc.ld
-- Adding linker script /home/tikhon/Документы/magnolia/esp-idf/components/esp_rom/esp32s3/ld/esp32s3.rom.wdt.ld
-- Adding linker script /home/tikhon/Документы/magnolia/esp-idf/components/esp_rom/esp32s3/ld/esp32s3.rom.version.ld
-- Adding linker script /home/tikhon/Документы/magnolia/esp-idf/components/esp_rom/esp32s3/ld/esp32s3.rom.ble_master.ld
-- Adding linker script /home/tikhon/Документы/magnolia/esp-idf/components/esp_rom/esp32s3/ld/esp32s3.rom.ble_50.ld
-- Adding linker script /home/tikhon/Документы/magnolia/esp-idf/components/esp_rom/esp32s3/ld/esp32s3.rom.ble_smp.ld
-- Adding linker script /home/tikhon/Документы/magnolia/esp-idf/components/esp_rom/esp32s3/ld/esp32s3.rom.ble_dtm.ld
-- Adding linker script /home/tikhon/Документы/magnolia/esp-idf/components/esp_rom/esp32s3/ld/esp32s3.rom.ble_test.ld
-- Adding linker script /home/tikhon/Документы/magnolia/esp-idf/components/esp_rom/esp32s3/ld/esp32s3.rom.ble_scan.ld
-- Adding linker script /home/tikhon/Документы/magnolia/esp-idf/components/esp_rom/esp32s3/ld/esp32s3.rom.libc.ld
-- Adding linker script /home/tikhon/Документы/magnolia/esp-idf/components/esp_rom/esp32s3/ld/esp32s3.rom.newlib.ld
-- Adding linker script /home/tikhon/Документы/magnolia/esp-idf/components/soc/esp32s3/ld/esp32s3.peripherals.ld
-- Adding linker script /home/tikhon/Документы/magnolia/applets/go/true/build/esp-idf/esp_system/ld/memory.ld
-- Adding linker script /home/tikhon/Документы/magnolia/applets/go/true/build/esp-idf/esp_system/ld/sections.ld.in
-- Adding linker script /home/tikhon/Документы/magnolia/esp-idf/components/esp_rom/esp32s3/ld/esp32s3.rom.ld
-- Adding linker script /home/tikhon/Документы/magnolia/esp-idf/components/esp_rom/esp32s3/ld/esp32s3.rom.api.ld
-- Adding linker script /home/tikhon/Документы/magnolia/esp-idf/components/esp_rom/esp32s3/ld/esp32s3.rom.bt_funcs.ld
-- Adding linker script /home/tikhon/Документы/magnolia/esp-idf/components/esp_rom/esp32s3/ld/esp32s3.rom.libgcc.ld
-- Adding linker script /home/tikhon/Документы/magnolia/esp-idf/components/esp_rom/esp32s3/ld/esp32s3.rom.wdt.ld
-- Adding linker script /home/tikhon/Документы/magnolia/esp-idf/components/esp_rom/esp32s3/ld/esp32s3.rom.version.ld
-- Adding linker script /home/tikhon/Документы/magnolia/esp-idf/components/esp_rom/esp32s3/ld/esp32s3.rom.ble_master.ld
-- Adding linker script /home/tikhon/Документы/magnolia/esp-idf/components/esp_rom/esp32s3/ld/esp32s3.rom.ble_50.ld
-- Adding linker script /home/tikhon/Документы/magnolia/esp-idf/components/esp_rom/esp32s3/ld/esp32s3.rom.ble_smp.ld
-- Adding linker script /home/tikhon/Документы/magnolia/esp-idf/components/esp_rom/esp32s3/ld/esp32s3.rom.ble_dtm.ld
-- Adding linker script /home/tikhon/Документы/magnolia/esp-idf/components/esp_rom/esp32s3/ld/esp32s3.rom.ble_test.ld
-- Adding linker script /home/tikhon/Документы/magnolia/esp-idf/components/esp_rom/esp32s3/ld/esp32s3.rom.ble_scan.ld
-- Adding linker script /home/tikhon/Документы/magnolia/esp-idf/components/esp_rom/esp32s3/ld/esp32s3.rom.libc.ld
-- Adding linker script /home/tikhon/Документы/magnolia/esp-idf/components/esp_rom/esp32s3/ld/esp32s3.rom.newlib.ld
-- Adding linker script /home/tikhon/Документы/magnolia/esp-idf/components/soc/esp32s3/ld/esp32s3.peripherals.ld
-- Adding linker script /home/tikhon/Документы/magnolia/esp-idf/components/soc/esp32s3/ld/esp32s3.peripherals.ld
-- Project sdkconfig file /home/tikhon/Документы/magnolia/applets/rust/rselftest/sdkconfig
-- Project sdkconfig file /home/tikhon/Документы/magnolia/applets/rust/rhexdump/sdkconfig
-- ELF_LOADER: 1.1.1
-- Generating done (0.6s)
-- Build files have been written to: /home/tikhon/Документы/magnolia/applets/go/echo/build
-- ELF_LOADER: 1.1.1
-- ELF_LOADER: 1.1.1
-- ELF_LOADER: 1.1.1
-- ELF_LOADER: 1.1.1
-- ELF_LOADER: 1.1.1
-- ELF_LOADER: 1.1.1
-- ELF_LOADER: 1.1.1
[0/4] Re-checking globbed directories...
[1/4] Build ELF: echo.app.elf
-- ELF_LOADER: 1.1.1
-- ELF_LOADER: 1.1.1
-- ELF_LOADER: 1.1.1
-- Generating done (0.6s)
-- Generating done (0.6s)
-- Build files have been written to: /home/tikhon/Документы/magnolia/applets/rust/edit/build
Applet echo OK -> /home/tikhon/Документы/magnolia/rootfs/bin/goecho
Building applet rshello -> rshello ...
-- Components: app_trace app_update bootloader bootloader_support bt cmock console cxx driver efuse esp-tls esp_adc esp_app_format esp_bootloader_format esp_coex esp_common esp_driver_ana_cmpr esp_driver_bitscrambler esp_driver_cam esp_driver_dac esp_driver_gpio esp_driver_gptimer esp_driver_i2c esp_driver_i2s esp_driver_i3c esp_driver_isp esp_driver_jpeg esp_driver_ledc esp_driver_mcpwm esp_driver_parlio esp_driver_pcnt esp_driver_ppa esp_driver_rmt esp_driver_sd_intf esp_driver_sdio esp_driver_sdm esp_driver_sdmmc esp_driver_sdspi esp_driver_spi esp_driver_touch_sens esp_driver_tsens esp_driver_twai esp_driver_uart esp_driver_usb_serial_jtag esp_eth esp_event esp_gdbstub esp_hid esp_http_client esp_http_server esp_https_ota esp_https_server esp_hw_support esp_lcd esp_local_ctrl esp_mm esp_netif esp_netif_stack esp_partition esp_phy esp_pm esp_psram esp_ringbuf esp_rom esp_security esp_system esp_timer esp_vfs_console esp_wifi espcoredump espressif__cmake_utilities espressif__elf_loader esptool_py fatfs freertos hal heap http_parser idf_test ieee802154 json log lwip main mbedtls mqtt newlib nvs_flash nvs_sec_provider openthread partition_table perfmon protobuf-c protocomm pthread rt sdmmc soc spi_flash spiffs tcp_transport touch_element ulp unity usb vfs wear_levelling wifi_provisioning wpa_supplicant xtensa
-- Component paths: /home/tikhon/Документы/magnolia/esp-idf/components/app_trace /home/tikhon/Документы/magnolia/esp-idf/components/app_update /home/tikhon/Документы/magnolia/esp-idf/components/bootloader /home/tikhon/Документы/magnolia/esp-idf/components/bootloader_support /home/tikhon/Документы/magnolia/esp-idf/components/bt /home/tikhon/Документы/magnolia/esp-idf/components/cmock /home/tikhon/Документы/magnolia/esp-idf/components/console /home/tikhon/Документы/magnolia/esp-idf/components/cxx /home/tikhon/Документы/magnolia/esp-idf/components/driver /home/tikhon/Документы/magnolia/esp-idf/components/efuse /home/tikhon/Документы/magnolia/esp-idf/components/esp-tls /home/tikhon/Документы/magnolia/esp-idf/components/esp_adc /home/tikhon/Документы/magnolia/esp-idf/components/esp_app_format /home/tikhon/Документы/magnolia/esp-idf/components/esp_bootloader_format /home/tikhon/Документы/magnolia/esp-idf/components/esp_coex /home/tikhon/Документы/magnolia/esp-idf/components/esp_common /home/tikhon/Документы/magnolia/esp-idf/components/esp_driver_ana_cmpr /home/tikhon/Документы/magnolia/esp-idf/components/esp_driver_bitscrambler /home/tikhon/Документы/magnolia/esp-idf/components/esp_driver_cam /home/tikhon/Документы/magnolia/esp-idf/components/esp_driver_dac /home/tikhon/Документы/magnolia/esp-idf/components/esp_driver_gpio /home/tikhon/Документы/magnolia/esp-idf/components/esp_driver_gptimer /home/tikhon/Документы/magnolia/esp-idf/components/esp_driver_i2c /home/tikhon/Документы/magnolia/esp-idf/components/esp_driver_i2s /home/tikhon/Документы/magnolia/esp-idf/components/esp_driver_i3c /home/tikhon/Документы/magnolia/esp-idf/components/esp_driver_isp /home/tikhon/Документы/magnolia/esp-idf/components/esp_driver_jpeg /home/tikhon/Документы/magnolia/esp-idf/components/esp_driver_ledc /home/tikhon/Документы/magnolia/esp-idf/components/esp_driver_mcpwm /home/tikhon/Документы/magnolia/esp-idf/components/esp_driver_parlio /home/tikhon/Документы/magnolia/esp-idf/components/esp_driver_pcnt /home/tikhon/Документы/magnolia/esp-idf/components/esp_driver_ppa /home/tikhon/Документы/magnolia/esp-idf/components/esp_driver_rmt /home/tikhon/Документы/magnolia/esp-idf/components/esp_driver_sd_intf /home/tikhon/Документы/magnolia/esp-idf/components/esp_driver_sdio /home/tikhon/Документы/magnolia/esp-idf/components/esp_driver_sdm /home/tikhon/Документы/magnolia/esp-idf/components/esp_driver_sdmmc /home/tikhon/Документы/magnolia/esp-idf/components/esp_driver_sdspi /home/tikhon/Документы/magnolia/esp-idf/components/esp_driver_spi /home/tikhon/Документы/magnolia/esp-idf/components/esp_driver_touch_sens /home/tikhon/Документы/magnolia/esp-idf/components/esp_driver_tsens /home/tikhon/Документы/magnolia/esp-idf/components/esp_driver_twai /home/tikhon/Документы/magnolia/esp-idf/components/esp_driver_uart /home/tikhon/Документы/magnolia/esp-idf/components/esp_driver_usb_serial_jtag /home/tikhon/Документы/magnolia/esp-idf/components/esp_eth /home/tikhon/Документы/magnolia/esp-idf/components/esp_event /home/tikhon/Документы/magnolia/esp-idf/components/esp_gdbstub /home/tikhon/Документы/magnolia/esp-idf/components/esp_hid /home/tikhon/Документы/magnolia/esp-idf/components/esp_http_client /home/tikhon/Документы/magnolia/esp-idf/components/esp_http_server /home/tikhon/Документы/magnolia/esp-idf/components/esp_https_ota /home/tikhon/Документы/magnolia/esp-idf/components/esp_https_server /home/tikhon/Документы/magnolia/esp-idf/components/esp_hw_support /home/tikhon/Документы/magnolia/esp-idf/components/esp_lcd /home/tikhon/Документы/magnolia/esp-idf/components/esp_local_ctrl /home/tikhon/Документы/magnolia/esp-idf/components/esp_mm /home/tikhon/Документы/magnolia/esp-idf/components/esp_netif /home/tikhon/Документы/magnolia/esp-idf/components/esp_netif_stack /home/tikhon/Документы/magnolia/esp-idf/components/esp_partition /home/tikhon/Документы/magnolia/esp-idf/components/esp_phy /home/tikhon/Документы/magnolia/esp-idf/components/esp_pm /home/tikhon/Документы/magnolia/esp-idf/components/esp_psram /home/tikhon/Документы/magnolia/esp-idf/components/esp_ringbuf /home/tikhon/Документы/magnolia/esp-idf/components/esp_rom /home/tikhon/Документы/magnolia/esp-idf/components/esp_security /home/tikhon/Документы/magnolia/esp-idf/components/esp_system /home/tikhon/Документы/magnolia/esp-idf/components/esp_timer /home/tikhon/Документы/magnolia/esp-idf/components/esp_vfs_console /home/tikhon/Документы/magnolia/esp-idf/components/esp_wifi /home/tikhon/Документы/magnolia/esp-idf/components/espcoredump /home/tikhon/Документы/magnolia/applets/go/godd/managed_components/espressif__cmake_utilities /home/tikhon/Документы/magnolia/applets/go/godd/managed_components/espressif__elf_loader /home/tikhon/Документы/magnolia/esp-idf/components/esptool_py /home/tikhon/Документы/magnolia/esp-idf/components/fatfs /home/tikhon/Документы/magnolia/esp-idf/components/freertos /home/tikhon/Документы/magnolia/esp-idf/components/hal /home/tikhon/Документы/magnolia/esp-idf/components/heap /home/tikhon/Документы/magnolia/esp-idf/components/http_parser /home/tikhon/Документы/magnolia/esp-idf/components/idf_test /home/tikhon/Документы/magnolia/esp-idf/components/ieee802154 /home/tikhon/Документы/magnolia/esp-idf/components/json /home/tikhon/Документы/magnolia/esp-idf/components/log /home/tikhon/Документы/magnolia/esp-idf/components/lwip /home/tikhon/Документы/magnolia/applets/go/godd/main /home/tikhon/Документы/magnolia/esp-idf/components/mbedtls /home/tikhon/Документы/magnolia/esp-idf/components/mqtt /home/tikhon/Документы/magnolia/esp-idf/components/newlib /home/tikhon/Документы/magnolia/esp-idf/components/nvs_flash /home/tikhon/Документы/magnolia/esp-idf/components/nvs_sec_provider /home/tikhon/Документы/magnolia/esp-idf/components/openthread /home/tikhon/Документы/magnolia/esp-idf/components/partition_table /home/tikhon/Документы/magnolia/esp-idf/components/perfmon /home/tikhon/Документы/magnolia/esp-idf/components/protobuf-c /home/tikhon/Документы/magnolia/esp-idf/components/protocomm /home/tikhon/Документы/magnolia/esp-idf/components/pthread /home/tikhon/Документы/magnolia/esp-idf/components/rt /home/tikhon/Документы/magnolia/esp-idf/components/sdmmc /home/tikhon/Документы/magnolia/esp-idf/components/soc /home/tikhon/Документы/magnolia/esp-idf/components/spi_flash /home/tikhon/Документы/magnolia/esp-idf/components/spiffs /home/tikhon/Документы/magnolia/esp-idf/components/tcp_transport /home/tikhon/Документы/magnolia/esp-idf/components/touch_element /home/tikhon/Документы/magnolia/esp-idf/components/ulp /home/tikhon/Документы/magnolia/esp-idf/components/unity /home/tikhon/Документы/magnolia/esp-idf/components/usb /home/tikhon/Документы/magnolia/esp-idf/components/vfs /home/tikhon/Документы/magnolia/esp-idf/components/wear_levelling /home/tikhon/Документы/magnolia/esp-idf/components/wifi_provisioning /home/tikhon/Документы/magnolia/esp-idf/components/wpa_supplicant /home/tikhon/Документы/magnolia/esp-idf/components/xtensa
+ idf.py elf
-- Configuring done (4.7s)
-- Build files have been written to: /home/tikhon/Документы/magnolia/applets/go/false/build
[0/4] Re-checking globbed directories...
-- Components: app_trace app_update bootloader bootloader_support bt cmock console cxx driver efuse esp-tls esp_adc esp_app_format esp_bootloader_format esp_coex esp_common esp_driver_ana_cmpr esp_driver_bitscrambler esp_driver_cam esp_driver_dac esp_driver_gpio esp_driver_gptimer esp_driver_i2c esp_driver_i2s esp_driver_i3c esp_driver_isp esp_driver_jpeg esp_driver_ledc esp_driver_mcpwm esp_driver_parlio esp_driver_pcnt esp_driver_ppa esp_driver_rmt esp_driver_sd_intf esp_driver_sdio esp_driver_sdm esp_driver_sdmmc esp_driver_sdspi esp_driver_spi esp_driver_touch_sens esp_driver_tsens esp_driver_twai esp_driver_uart esp_driver_usb_serial_jtag esp_eth esp_event esp_gdbstub esp_hid esp_http_client esp_http_server esp_https_ota esp_https_server esp_hw_support esp_lcd esp_local_ctrl esp_mm esp_netif esp_netif_stack esp_partition esp_phy esp_pm esp_psram esp_ringbuf esp_rom esp_security esp_system esp_timer esp_vfs_console esp_wifi espcoredump espressif__cmake_utilities espressif__elf_loader esptool_py fatfs freertos hal heap http_parser idf_test ieee802154 json log lwip main mbedtls mqtt newlib nvs_flash nvs_sec_provider openthread partition_table perfmon protobuf-c protocomm pthread rt sdmmc soc spi_flash spiffs tcp_transport touch_element ulp unity usb vfs wear_levelling wifi_provisioning wpa_supplicant xtensa
-- Component paths: /home/tikhon/Документы/magnolia/esp-idf/components/app_trace /home/tikhon/Документы/magnolia/esp-idf/components/app_update /home/tikhon/Документы/magnolia/esp-idf/components/bootloader /home/tikhon/Документы/magnolia/esp-idf/components/bootloader_support /home/tikhon/Документы/magnolia/esp-idf/components/bt /home/tikhon/Документы/magnolia/esp-idf/components/cmock /home/tikhon/Документы/magnolia/esp-idf/components/console /home/tikhon/Документы/magnolia/esp-idf/components/cxx /home/tikhon/Документы/magnolia/esp-idf/components/driver /home/tikhon/Документы/magnolia/esp-idf/components/efuse /home/tikhon/Документы/magnolia/esp-idf/components/esp-tls /home/tikhon/Документы/magnolia/esp-idf/components/esp_adc /home/tikhon/Документы/magnolia/esp-idf/components/esp_app_format /home/tikhon/Документы/magnolia/esp-idf/components/esp_bootloader_format /home/tikhon/Документы/magnolia/esp-idf/components/esp_coex /home/tikhon/Документы/magnolia/esp-idf/components/esp_common /home/tikhon/Документы/magnolia/esp-idf/components/esp_driver_ana_cmpr /home/tikhon/Документы/magnolia/esp-idf/components/esp_driver_bitscrambler /home/tikhon/Документы/magnolia/esp-idf/components/esp_driver_cam /home/tikhon/Документы/magnolia/esp-idf/components/esp_driver_dac /home/tikhon/Документы/magnolia/esp-idf/components/esp_driver_gpio /home/tikhon/Документы/magnolia/esp-idf/components/esp_driver_gptimer /home/tikhon/Документы/magnolia/esp-idf/components/esp_driver_i2c /home/tikhon/Документы/magnolia/esp-idf/components/esp_driver_i2s /home/tikhon/Документы/magnolia/esp-idf/components/esp_driver_i3c /home/tikhon/Документы/magnolia/esp-idf/components/esp_driver_isp /home/tikhon/Документы/magnolia/esp-idf/components/esp_driver_jpeg /home/tikhon/Документы/magnolia/esp-idf/components/esp_driver_ledc /home/tikhon/Документы/magnolia/esp-idf/components/esp_driver_mcpwm /home/tikhon/Документы/magnolia/esp-idf/components/esp_driver_parlio /home/tikhon/Документы/magnolia/esp-idf/components/esp_driver_pcnt /home/tikhon/Документы/magnolia/esp-idf/components/esp_driver_ppa /home/tikhon/Документы/magnolia/esp-idf/components/esp_driver_rmt /home/tikhon/Документы/magnolia/esp-idf/components/esp_driver_sd_intf /home/tikhon/Документы/magnolia/esp-idf/components/esp_driver_sdio /home/tikhon/Документы/magnolia/esp-idf/components/esp_driver_sdm /home/tikhon/Документы/magnolia/esp-idf/components/esp_driver_sdmmc /home/tikhon/Документы/magnolia/esp-idf/components/esp_driver_sdspi /home/tikhon/Документы/magnolia/esp-idf/components/esp_driver_spi /home/tikhon/Документы/magnolia/esp-idf/components/esp_driver_touch_sens /home/tikhon/Документы/magnolia/esp-idf/components/esp_driver_tsens /home/tikhon/Документы/magnolia/esp-idf/components/esp_driver_twai /home/tikhon/Документы/magnolia/esp-idf/components/esp_driver_uart /home/tikhon/Документы/magnolia/esp-idf/components/esp_driver_usb_serial_jtag /home/tikhon/Документы/magnolia/esp-idf/components/esp_eth /home/tikhon/Документы/magnolia/esp-idf/components/esp_event /home/tikhon/Документы/magnolia/esp-idf/components/esp_gdbstub /home/tikhon/Документы/magnolia/esp-idf/components/esp_hid /home/tikhon/Документы/magnolia/esp-idf/components/esp_http_client /home/tikhon/Документы/magnolia/esp-idf/components/esp_http_server /home/tikhon/Документы/magnolia/esp-idf/components/esp_https_ota /home/tikhon/Документы/magnolia/esp-idf/components/esp_https_server /home/tikhon/Документы/magnolia/esp-idf/components/esp_hw_support /home/tikhon/Документы/magnolia/esp-idf/components/esp_lcd /home/tikhon/Документы/magnolia/esp-idf/components/esp_local_ctrl /home/tikhon/Документы/magnolia/esp-idf/components/esp_mm /home/tikhon/Документы/magnolia/esp-idf/components/esp_netif /home/tikhon/Документы/magnolia/esp-idf/components/esp_netif_stack /home/tikhon/Документы/magnolia/esp-idf/components/esp_partition /home/tikhon/Документы/magnolia/esp-idf/components/esp_phy /home/tikhon/Документы/magnolia/esp-idf/components/esp_pm /home/tikhon/Документы/magnolia/esp-idf/components/esp_psram /home/tikhon/Документы/magnolia/esp-idf/components/esp_ringbuf /home/tikhon/Документы/magnolia/esp-idf/components/esp_rom /home/tikhon/Документы/magnolia/esp-idf/components/esp_security /home/tikhon/Документы/magnolia/esp-idf/components/esp_system /home/tikhon/Документы/magnolia/esp-idf/components/esp_timer /home/tikhon/Документы/magnolia/esp-idf/components/esp_vfs_console /home/tikhon/Документы/magnolia/esp-idf/components/esp_wifi /home/tikhon/Документы/magnolia/esp-idf/components/espcoredump /home/tikhon/Документы/magnolia/applets/rust/rdd/managed_components/espressif__cmake_utilities /home/tikhon/Документы/magnolia/applets/rust/rdd/managed_components/espressif__elf_loader /home/tikhon/Документы/magnolia/esp-idf/components/esptool_py /home/tikhon/Документы/magnolia/esp-idf/components/fatfs /home/tikhon/Документы/magnolia/esp-idf/components/freertos /home/tikhon/Документы/magnolia/esp-idf/components/hal /home/tikhon/Документы/magnolia/esp-idf/components/heap /home/tikhon/Документы/magnolia/esp-idf/components/http_parser /home/tikhon/Документы/magnolia/esp-idf/components/idf_test /home/tikhon/Документы/magnolia/esp-idf/components/ieee802154 /home/tikhon/Документы/magnolia/esp-idf/components/json /home/tikhon/Документы/magnolia/esp-idf/components/log /home/tikhon/Документы/magnolia/esp-idf/components/lwip /home/tikhon/Документы/magnolia/applets/rust/rdd/main /home/tikhon/Документы/magnolia/esp-idf/components/mbedtls /home/tikhon/Документы/magnolia/esp-idf/components/mqtt /home/tikhon/Документы/magnolia/esp-idf/components/newlib /home/tikhon/Документы/magnolia/esp-idf/components/nvs_flash /home/tikhon/Документы/magnolia/esp-idf/components/nvs_sec_provider /home/tikhon/Документы/magnolia/esp-idf/components/openthread /home/tikhon/Документы/magnolia/esp-idf/components/partition_table /home/tikhon/Документы/magnolia/esp-idf/components/perfmon /home/tikhon/Документы/magnolia/esp-idf/components/protobuf-c /home/tikhon/Документы/magnolia/esp-idf/components/protocomm /home/tikhon/Документы/magnolia/esp-idf/components/pthread /home/tikhon/Документы/magnolia/esp-idf/components/rt /home/tikhon/Документы/magnolia/esp-idf/components/sdmmc /home/tikhon/Документы/magnolia/esp-idf/components/soc /home/tikhon/Документы/magnolia/esp-idf/components/spi_flash /home/tikhon/Документы/magnolia/esp-idf/components/spiffs /home/tikhon/Документы/magnolia/esp-idf/components/tcp_transport /home/tikhon/Документы/magnolia/esp-idf/components/touch_element /home/tikhon/Документы/magnolia/esp-idf/components/ulp /home/tikhon/Документы/magnolia/esp-idf/components/unity /home/tikhon/Документы/magnolia/esp-idf/components/usb /home/tikhon/Документы/magnolia/esp-idf/components/vfs /home/tikhon/Документы/magnolia/esp-idf/components/wear_levelling /home/tikhon/Документы/magnolia/esp-idf/components/wifi_provisioning /home/tikhon/Документы/magnolia/esp-idf/components/wpa_supplicant /home/tikhon/Документы/magnolia/esp-idf/components/xtensa
-- Configuring done (4.6s)
-- Components: app_trace app_update bootloader bootloader_support bt cmock console cxx driver efuse esp-tls esp_adc esp_app_format esp_bootloader_format esp_coex esp_common esp_driver_ana_cmpr esp_driver_bitscrambler esp_driver_cam esp_driver_dac esp_driver_gpio esp_driver_gptimer esp_driver_i2c esp_driver_i2s esp_driver_i3c esp_driver_isp esp_driver_jpeg esp_driver_ledc esp_driver_mcpwm esp_driver_parlio esp_driver_pcnt esp_driver_ppa esp_driver_rmt esp_driver_sd_intf esp_driver_sdio esp_driver_sdm esp_driver_sdmmc esp_driver_sdspi esp_driver_spi esp_driver_touch_sens esp_driver_tsens esp_driver_twai esp_driver_uart esp_driver_usb_serial_jtag esp_eth esp_event esp_gdbstub esp_hid esp_http_client esp_http_server esp_https_ota esp_https_server esp_hw_support esp_lcd esp_local_ctrl esp_mm esp_netif esp_netif_stack esp_partition esp_phy esp_pm esp_psram esp_ringbuf esp_rom esp_security esp_system esp_timer esp_vfs_console esp_wifi espcoredump espressif__cmake_utilities espressif__elf_loader esptool_py fatfs freertos hal heap http_parser idf_test ieee802154 json log lwip main mbedtls mqtt newlib nvs_flash nvs_sec_provider openthread partition_table perfmon protobuf-c protocomm pthread rt sdmmc soc spi_flash spiffs tcp_transport touch_element ulp unity usb vfs wear_levelling wifi_provisioning wpa_supplicant xtensa
-- Component paths: /home/tikhon/Документы/magnolia/esp-idf/components/app_trace /home/tikhon/Документы/magnolia/esp-idf/components/app_update /home/tikhon/Документы/magnolia/esp-idf/components/bootloader /home/tikhon/Документы/magnolia/esp-idf/components/bootloader_support /home/tikhon/Документы/magnolia/esp-idf/components/bt /home/tikhon/Документы/magnolia/esp-idf/components/cmock /home/tikhon/Документы/magnolia/esp-idf/components/console /home/tikhon/Документы/magnolia/esp-idf/components/cxx /home/tikhon/Документы/magnolia/esp-idf/components/driver /home/tikhon/Документы/magnolia/esp-idf/components/efuse /home/tikhon/Документы/magnolia/esp-idf/components/esp-tls /home/tikhon/Документы/magnolia/esp-idf/components/esp_adc /home/tikhon/Документы/magnolia/esp-idf/components/esp_app_format /home/tikhon/Документы/magnolia/esp-idf/components/esp_bootloader_format /home/tikhon/Документы/magnolia/esp-idf/components/esp_coex /home/tikhon/Документы/magnolia/esp-idf/components/esp_common /home/tikhon/Документы/magnolia/esp-idf/components/esp_driver_ana_cmpr /home/tikhon/Документы/magnolia/esp-idf/components/esp_driver_bitscrambler /home/tikhon/Документы/magnolia/esp-idf/components/esp_driver_cam /home/tikhon/Документы/magnolia/esp-idf/components/esp_driver_dac /home/tikhon/Документы/magnolia/esp-idf/components/esp_driver_gpio /home/tikhon/Документы/magnolia/esp-idf/components/esp_driver_gptimer /home/tikhon/Документы/magnolia/esp-idf/components/esp_driver_i2c /home/tikhon/Документы/magnolia/esp-idf/components/esp_driver_i2s /home/tikhon/Документы/magnolia/esp-idf/components/esp_driver_i3c /home/tikhon/Документы/magnolia/esp-idf/components/esp_driver_isp /home/tikhon/Документы/magnolia/esp-idf/components/esp_driver_jpeg /home/tikhon/Документы/magnolia/esp-idf/components/esp_driver_ledc /home/tikhon/Документы/magnolia/esp-idf/components/esp_driver_mcpwm /home/tikhon/Документы/magnolia/esp-idf/components/esp_driver_parlio /home/tikhon/Документы/magnolia/esp-idf/components/esp_driver_pcnt /home/tikhon/Документы/magnolia/esp-idf/components/esp_driver_ppa /home/tikhon/Документы/magnolia/esp-idf/components/esp_driver_rmt /home/tikhon/Документы/magnolia/esp-idf/components/esp_driver_sd_intf /home/tikhon/Документы/magnolia/esp-idf/components/esp_driver_sdio /home/tikhon/Документы/magnolia/esp-idf/components/esp_driver_sdm /home/tikhon/Документы/magnolia/esp-idf/components/esp_driver_sdmmc /home/tikhon/Документы/magnolia/esp-idf/components/esp_driver_sdspi /home/tikhon/Документы/magnolia/esp-idf/components/esp_driver_spi /home/tikhon/Документы/magnolia/esp-idf/components/esp_driver_touch_sens /home/tikhon/Документы/magnolia/esp-idf/components/esp_driver_tsens /home/tikhon/Документы/magnolia/esp-idf/components/esp_driver_twai /home/tikhon/Документы/magnolia/esp-idf/components/esp_driver_uart /home/tikhon/Документы/magnolia/esp-idf/components/esp_driver_usb_serial_jtag /home/tikhon/Документы/magnolia/esp-idf/components/esp_eth /home/tikhon/Документы/magnolia/esp-idf/components/esp_event /home/tikhon/Документы/magnolia/esp-idf/components/esp_gdbstub /home/tikhon/Документы/magnolia/esp-idf/components/esp_hid /home/tikhon/Документы/magnolia/esp-idf/components/esp_http_client /home/tikhon/Документы/magnolia/esp-idf/components/esp_http_server /home/tikhon/Документы/magnolia/esp-idf/components/esp_https_ota /home/tikhon/Документы/magnolia/esp-idf/components/esp_https_server /home/tikhon/Документы/magnolia/esp-idf/components/esp_hw_support /home/tikhon/Документы/magnolia/esp-idf/components/esp_lcd /home/tikhon/Документы/magnolia/esp-idf/components/esp_local_ctrl /home/tikhon/Документы/magnolia/esp-idf/components/esp_mm /home/tikhon/Документы/magnolia/esp-idf/components/esp_netif /home/tikhon/Документы/magnolia/esp-idf/components/esp_netif_stack /home/tikhon/Документы/magnolia/esp-idf/components/esp_partition /home/tikhon/Документы/magnolia/esp-idf/components/esp_phy /home/tikhon/Документы/magnolia/esp-idf/components/esp_pm /home/tikhon/Документы/magnolia/esp-idf/components/esp_psram /home/tikhon/Документы/magnolia/esp-idf/components/esp_ringbuf /home/tikhon/Документы/magnolia/esp-idf/components/esp_rom /home/tikhon/Документы/magnolia/esp-idf/components/esp_security /home/tikhon/Документы/magnolia/esp-idf/components/esp_system /home/tikhon/Документы/magnolia/esp-idf/components/esp_timer /home/tikhon/Документы/magnolia/esp-idf/components/esp_vfs_console /home/tikhon/Документы/magnolia/esp-idf/components/esp_wifi /home/tikhon/Документы/magnolia/esp-idf/components/espcoredump /home/tikhon/Документы/magnolia/applets/go/gotest/managed_components/espressif__cmake_utilities /home/tikhon/Документы/magnolia/applets/go/gotest/managed_components/espressif__elf_loader /home/tikhon/Документы/magnolia/esp-idf/components/esptool_py /home/tikhon/Документы/magnolia/esp-idf/components/fatfs /home/tikhon/Документы/magnolia/esp-idf/components/freertos /home/tikhon/Документы/magnolia/esp-idf/components/hal /home/tikhon/Документы/magnolia/esp-idf/components/heap /home/tikhon/Документы/magnolia/esp-idf/components/http_parser /home/tikhon/Документы/magnolia/esp-idf/components/idf_test /home/tikhon/Документы/magnolia/esp-idf/components/ieee802154 /home/tikhon/Документы/magnolia/esp-idf/components/json /home/tikhon/Документы/magnolia/esp-idf/components/log /home/tikhon/Документы/magnolia/esp-idf/components/lwip /home/tikhon/Документы/magnolia/applets/go/gotest/main /home/tikhon/Документы/magnolia/esp-idf/components/mbedtls /home/tikhon/Документы/magnolia/esp-idf/components/mqtt /home/tikhon/Документы/magnolia/esp-idf/components/newlib /home/tikhon/Документы/magnolia/esp-idf/components/nvs_flash /home/tikhon/Документы/magnolia/esp-idf/components/nvs_sec_provider /home/tikhon/Документы/magnolia/esp-idf/components/openthread /home/tikhon/Документы/magnolia/esp-idf/components/partition_table /home/tikhon/Документы/magnolia/esp-idf/components/perfmon /home/tikhon/Документы/magnolia/esp-idf/components/protobuf-c /home/tikhon/Документы/magnolia/esp-idf/components/protocomm /home/tikhon/Документы/magnolia/esp-idf/components/pthread /home/tikhon/Документы/magnolia/esp-idf/components/rt /home/tikhon/Документы/magnolia/esp-idf/components/sdmmc /home/tikhon/Документы/magnolia/esp-idf/components/soc /home/tikhon/Документы/magnolia/esp-idf/components/spi_flash /home/tikhon/Документы/magnolia/esp-idf/components/spiffs /home/tikhon/Документы/magnolia/esp-idf/components/tcp_transport /home/tikhon/Документы/magnolia/esp-idf/components/touch_element /home/tikhon/Документы/magnolia/esp-idf/components/ulp /home/tikhon/Документы/magnolia/esp-idf/components/unity /home/tikhon/Документы/magnolia/esp-idf/components/usb /home/tikhon/Документы/magnolia/esp-idf/components/vfs /home/tikhon/Документы/magnolia/esp-idf/components/wear_levelling /home/tikhon/Документы/magnolia/esp-idf/components/wifi_provisioning /home/tikhon/Документы/magnolia/esp-idf/components/wpa_supplicant /home/tikhon/Документы/magnolia/esp-idf/components/xtensa
-- Components: app_trace app_update bootloader bootloader_support bt cmock console cxx driver efuse esp-tls esp_adc esp_app_format esp_bootloader_format esp_coex esp_common esp_driver_ana_cmpr esp_driver_bitscrambler esp_driver_cam esp_driver_dac esp_driver_gpio esp_driver_gptimer esp_driver_i2c esp_driver_i2s esp_driver_i3c esp_driver_isp esp_driver_jpeg esp_driver_ledc esp_driver_mcpwm esp_driver_parlio esp_driver_pcnt esp_driver_ppa esp_driver_rmt esp_driver_sd_intf esp_driver_sdio esp_driver_sdm esp_driver_sdmmc esp_driver_sdspi esp_driver_spi esp_driver_touch_sens esp_driver_tsens esp_driver_twai esp_driver_uart esp_driver_usb_serial_jtag esp_eth esp_event esp_gdbstub esp_hid esp_http_client esp_http_server esp_https_ota esp_https_server esp_hw_support esp_lcd esp_local_ctrl esp_mm esp_netif esp_netif_stack esp_partition esp_phy esp_pm esp_psram esp_ringbuf esp_rom esp_security esp_system esp_timer esp_vfs_console esp_wifi espcoredump espressif__cmake_utilities espressif__elf_loader esptool_py fatfs freertos hal heap http_parser idf_test ieee802154 json log lwip main mbedtls mqtt newlib nvs_flash nvs_sec_provider openthread partition_table perfmon protobuf-c protocomm pthread rt sdmmc soc spi_flash spiffs tcp_transport touch_element ulp unity usb vfs wear_levelling wifi_provisioning wpa_supplicant xtensa
-- Component paths: /home/tikhon/Документы/magnolia/esp-idf/components/app_trace /home/tikhon/Документы/magnolia/esp-idf/components/app_update /home/tikhon/Документы/magnolia/esp-idf/components/bootloader /home/tikhon/Документы/magnolia/esp-idf/components/bootloader_support /home/tikhon/Документы/magnolia/esp-idf/components/bt /home/tikhon/Документы/magnolia/esp-idf/components/cmock /home/tikhon/Документы/magnolia/esp-idf/components/console /home/tikhon/Документы/magnolia/esp-idf/components/cxx /home/tikhon/Документы/magnolia/esp-idf/components/driver /home/tikhon/Документы/magnolia/esp-idf/components/efuse /home/tikhon/Документы/magnolia/esp-idf/components/esp-tls /home/tikhon/Документы/magnolia/esp-idf/components/esp_adc /home/tikhon/Документы/magnolia/esp-idf/components/esp_app_format /home/tikhon/Документы/magnolia/esp-idf/components/esp_bootloader_format /home/tikhon/Документы/magnolia/esp-idf/components/esp_coex /home/tikhon/Документы/magnolia/esp-idf/components/esp_common /home/tikhon/Документы/magnolia/esp-idf/components/esp_driver_ana_cmpr /home/tikhon/Документы/magnolia/esp-idf/components/esp_driver_bitscrambler /home/tikhon/Документы/magnolia/esp-idf/components/esp_driver_cam /home/tikhon/Документы/magnolia/esp-idf/components/esp_driver_dac /home/tikhon/Документы/magnolia/esp-idf/components/esp_driver_gpio /home/tikhon/Документы/magnolia/esp-idf/components/esp_driver_gptimer /home/tikhon/Документы/magnolia/esp-idf/components/esp_driver_i2c /home/tikhon/Документы/magnolia/esp-idf/components/esp_driver_i2s /home/tikhon/Документы/magnolia/esp-idf/components/esp_driver_i3c /home/tikhon/Документы/magnolia/esp-idf/components/esp_driver_isp /home/tikhon/Документы/magnolia/esp-idf/components/esp_driver_jpeg /home/tikhon/Документы/magnolia/esp-idf/components/esp_driver_ledc /home/tikhon/Документы/magnolia/esp-idf/components/esp_driver_mcpwm /home/tikhon/Документы/magnolia/esp-idf/components/esp_driver_parlio /home/tikhon/Документы/magnolia/esp-idf/components/esp_driver_pcnt /home/tikhon/Документы/magnolia/esp-idf/components/esp_driver_ppa /home/tikhon/Документы/magnolia/esp-idf/components/esp_driver_rmt /home/tikhon/Документы/magnolia/esp-idf/components/esp_driver_sd_intf /home/tikhon/Документы/magnolia/esp-idf/components/esp_driver_sdio /home/tikhon/Документы/magnolia/esp-idf/components/esp_driver_sdm /home/tikhon/Документы/magnolia/esp-idf/components/esp_driver_sdmmc /home/tikhon/Документы/magnolia/esp-idf/components/esp_driver_sdspi /home/tikhon/Документы/magnolia/esp-idf/components/esp_driver_spi /home/tikhon/Документы/magnolia/esp-idf/components/esp_driver_touch_sens /home/tikhon/Документы/magnolia/esp-idf/components/esp_driver_tsens /home/tikhon/Документы/magnolia/esp-idf/components/esp_driver_twai /home/tikhon/Документы/magnolia/esp-idf/components/esp_driver_uart /home/tikhon/Документы/magnolia/esp-idf/components/esp_driver_usb_serial_jtag /home/tikhon/Документы/magnolia/esp-idf/components/esp_eth /home/tikhon/Документы/magnolia/esp-idf/components/esp_event /home/tikhon/Документы/magnolia/esp-idf/components/esp_gdbstub /home/tikhon/Документы/magnolia/esp-idf/components/esp_hid /home/tikhon/Документы/magnolia/esp-idf/components/esp_http_client /home/tikhon/Документы/magnolia/esp-idf/components/esp_http_server /home/tikhon/Документы/magnolia/esp-idf/components/esp_https_ota /home/tikhon/Документы/magnolia/esp-idf/components/esp_https_server /home/tikhon/Документы/magnolia/esp-idf/components/esp_hw_support /home/tikhon/Документы/magnolia/esp-idf/components/esp_lcd /home/tikhon/Документы/magnolia/esp-idf/components/esp_local_ctrl /home/tikhon/Документы/magnolia/esp-idf/components/esp_mm /home/tikhon/Документы/magnolia/esp-idf/components/esp_netif /home/tikhon/Документы/magnolia/esp-idf/components/esp_netif_stack /home/tikhon/Документы/magnolia/esp-idf/components/esp_partition /home/tikhon/Документы/magnolia/esp-idf/components/esp_phy /home/tikhon/Документы/magnolia/esp-idf/components/esp_pm /home/tikhon/Документы/magnolia/esp-idf/components/esp_psram /home/tikhon/Документы/magnolia/esp-idf/components/esp_ringbuf /home/tikhon/Документы/magnolia/esp-idf/components/esp_rom /home/tikhon/Документы/magnolia/esp-idf/components/esp_security /home/tikhon/Документы/magnolia/esp-idf/components/esp_system /home/tikhon/Документы/magnolia/esp-idf/components/esp_timer /home/tikhon/Документы/magnolia/esp-idf/components/esp_vfs_console /home/tikhon/Документы/magnolia/esp-idf/components/esp_wifi /home/tikhon/Документы/magnolia/esp-idf/components/espcoredump /home/tikhon/Документы/magnolia/applets/go/goargs/managed_components/espressif__cmake_utilities /home/tikhon/Документы/magnolia/applets/go/goargs/managed_components/espressif__elf_loader /home/tikhon/Документы/magnolia/esp-idf/components/esptool_py /home/tikhon/Документы/magnolia/esp-idf/components/fatfs /home/tikhon/Документы/magnolia/esp-idf/components/freertos /home/tikhon/Документы/magnolia/esp-idf/components/hal /home/tikhon/Документы/magnolia/esp-idf/components/heap /home/tikhon/Документы/magnolia/esp-idf/components/http_parser /home/tikhon/Документы/magnolia/esp-idf/components/idf_test /home/tikhon/Документы/magnolia/esp-idf/components/ieee802154 /home/tikhon/Документы/magnolia/esp-idf/components/json /home/tikhon/Документы/magnolia/esp-idf/components/log /home/tikhon/Документы/magnolia/esp-idf/components/lwip /home/tikhon/Документы/magnolia/applets/go/goargs/main /home/tikhon/Документы/magnolia/esp-idf/components/mbedtls /home/tikhon/Документы/magnolia/esp-idf/components/mqtt /home/tikhon/Документы/magnolia/esp-idf/components/newlib /home/tikhon/Документы/magnolia/esp-idf/components/nvs_flash /home/tikhon/Документы/magnolia/esp-idf/components/nvs_sec_provider /home/tikhon/Документы/magnolia/esp-idf/components/openthread /home/tikhon/Документы/magnolia/esp-idf/components/partition_table /home/tikhon/Документы/magnolia/esp-idf/components/perfmon /home/tikhon/Документы/magnolia/esp-idf/components/protobuf-c /home/tikhon/Документы/magnolia/esp-idf/components/protocomm /home/tikhon/Документы/magnolia/esp-idf/components/pthread /home/tikhon/Документы/magnolia/esp-idf/components/rt /home/tikhon/Документы/magnolia/esp-idf/components/sdmmc /home/tikhon/Документы/magnolia/esp-idf/components/soc /home/tikhon/Документы/magnolia/esp-idf/components/spi_flash /home/tikhon/Документы/magnolia/esp-idf/components/spiffs /home/tikhon/Документы/magnolia/esp-idf/components/tcp_transport /home/tikhon/Документы/magnolia/esp-idf/components/touch_element /home/tikhon/Документы/magnolia/esp-idf/components/ulp /home/tikhon/Документы/magnolia/esp-idf/components/unity /home/tikhon/Документы/magnolia/esp-idf/components/usb /home/tikhon/Документы/magnolia/esp-idf/components/vfs /home/tikhon/Документы/magnolia/esp-idf/components/wear_levelling /home/tikhon/Документы/magnolia/esp-idf/components/wifi_provisioning /home/tikhon/Документы/magnolia/esp-idf/components/wpa_supplicant /home/tikhon/Документы/magnolia/esp-idf/components/xtensa
-- Configuring done (4.8s)
-- Configuring done (4.9s)
-- Components: app_trace app_update bootloader bootloader_support bt cmock console cxx driver efuse esp-tls esp_adc esp_app_format esp_bootloader_format esp_coex esp_common esp_driver_ana_cmpr esp_driver_bitscrambler esp_driver_cam esp_driver_dac esp_driver_gpio esp_driver_gptimer esp_driver_i2c esp_driver_i2s esp_driver_i3c esp_driver_isp esp_driver_jpeg esp_driver_ledc esp_driver_mcpwm esp_driver_parlio esp_driver_pcnt esp_driver_ppa esp_driver_rmt esp_driver_sd_intf esp_driver_sdio esp_driver_sdm esp_driver_sdmmc esp_driver_sdspi esp_driver_spi esp_driver_touch_sens esp_driver_tsens esp_driver_twai esp_driver_uart esp_driver_usb_serial_jtag esp_eth esp_event esp_gdbstub esp_hid esp_http_client esp_http_server esp_https_ota esp_https_server esp_hw_support esp_lcd esp_local_ctrl esp_mm esp_netif esp_netif_stack esp_partition esp_phy esp_pm esp_psram esp_ringbuf esp_rom esp_security esp_system esp_timer esp_vfs_console esp_wifi espcoredump espressif__cmake_utilities espressif__elf_loader esptool_py fatfs freertos hal heap http_parser idf_test ieee802154 json log lwip main mbedtls mqtt newlib nvs_flash nvs_sec_provider openthread partition_table perfmon protobuf-c protocomm pthread rt sdmmc soc spi_flash spiffs tcp_transport touch_element ulp unity usb vfs wear_levelling wifi_provisioning wpa_supplicant xtensa
-- Component paths: /home/tikhon/Документы/magnolia/esp-idf/components/app_trace /home/tikhon/Документы/magnolia/esp-idf/components/app_update /home/tikhon/Документы/magnolia/esp-idf/components/bootloader /home/tikhon/Документы/magnolia/esp-idf/components/bootloader_support /home/tikhon/Документы/magnolia/esp-idf/components/bt /home/tikhon/Документы/magnolia/esp-idf/components/cmock /home/tikhon/Документы/magnolia/esp-idf/components/console /home/tikhon/Документы/magnolia/esp-idf/components/cxx /home/tikhon/Документы/magnolia/esp-idf/components/driver /home/tikhon/Документы/magnolia/esp-idf/components/efuse /home/tikhon/Документы/magnolia/esp-idf/components/esp-tls /home/tikhon/Документы/magnolia/esp-idf/components/esp_adc /home/tikhon/Документы/magnolia/esp-idf/components/esp_app_format /home/tikhon/Документы/magnolia/esp-idf/components/esp_bootloader_format /home/tikhon/Документы/magnolia/esp-idf/components/esp_coex /home/tikhon/Документы/magnolia/esp-idf/components/esp_common /home/tikhon/Документы/magnolia/esp-idf/components/esp_driver_ana_cmpr /home/tikhon/Документы/magnolia/esp-idf/components/esp_driver_bitscrambler /home/tikhon/Документы/magnolia/esp-idf/components/esp_driver_cam /home/tikhon/Документы/magnolia/esp-idf/components/esp_driver_dac /home/tikhon/Документы/magnolia/esp-idf/components/esp_driver_gpio /home/tikhon/Документы/magnolia/esp-idf/components/esp_driver_gptimer /home/tikhon/Документы/magnolia/esp-idf/components/esp_driver_i2c /home/tikhon/Документы/magnolia/esp-idf/components/esp_driver_i2s /home/tikhon/Документы/magnolia/esp-idf/components/esp_driver_i3c /home/tikhon/Документы/magnolia/esp-idf/components/esp_driver_isp /home/tikhon/Документы/magnolia/esp-idf/components/esp_driver_jpeg /home/tikhon/Документы/magnolia/esp-idf/components/esp_driver_ledc /home/tikhon/Документы/magnolia/esp-idf/components/esp_driver_mcpwm /home/tikhon/Документы/magnolia/esp-idf/components/esp_driver_parlio /home/tikhon/Документы/magnolia/esp-idf/components/esp_driver_pcnt /home/tikhon/Документы/magnolia/esp-idf/components/esp_driver_ppa /home/tikhon/Документы/magnolia/esp-idf/components/esp_driver_rmt /home/tikhon/Документы/magnolia/esp-idf/components/esp_driver_sd_intf /home/tikhon/Документы/magnolia/esp-idf/components/esp_driver_sdio /home/tikhon/Документы/magnolia/esp-idf/components/esp_driver_sdm /home/tikhon/Документы/magnolia/esp-idf/components/esp_driver_sdmmc /home/tikhon/Документы/magnolia/esp-idf/components/esp_driver_sdspi /home/tikhon/Документы/magnolia/esp-idf/components/esp_driver_spi /home/tikhon/Документы/magnolia/esp-idf/components/esp_driver_touch_sens /home/tikhon/Документы/magnolia/esp-idf/components/esp_driver_tsens /home/tikhon/Документы/magnolia/esp-idf/components/esp_driver_twai /home/tikhon/Документы/magnolia/esp-idf/components/esp_driver_uart /home/tikhon/Документы/magnolia/esp-idf/components/esp_driver_usb_serial_jtag /home/tikhon/Документы/magnolia/esp-idf/components/esp_eth /home/tikhon/Документы/magnolia/esp-idf/components/esp_event /home/tikhon/Документы/magnolia/esp-idf/components/esp_gdbstub /home/tikhon/Документы/magnolia/esp-idf/components/esp_hid /home/tikhon/Документы/magnolia/esp-idf/components/esp_http_client /home/tikhon/Документы/magnolia/esp-idf/components/esp_http_server /home/tikhon/Документы/magnolia/esp-idf/components/esp_https_ota /home/tikhon/Документы/magnolia/esp-idf/components/esp_https_server /home/tikhon/Документы/magnolia/esp-idf/components/esp_hw_support /home/tikhon/Документы/magnolia/esp-idf/components/esp_lcd /home/tikhon/Документы/magnolia/esp-idf/components/esp_local_ctrl /home/tikhon/Документы/magnolia/esp-idf/components/esp_mm /home/tikhon/Документы/magnolia/esp-idf/components/esp_netif /home/tikhon/Документы/magnolia/esp-idf/components/esp_netif_stack /home/tikhon/Документы/magnolia/esp-idf/components/esp_partition /home/tikhon/Документы/magnolia/esp-idf/components/esp_phy /home/tikhon/Документы/magnolia/esp-idf/components/esp_pm /home/tikhon/Документы/magnolia/esp-idf/components/esp_psram /home/tikhon/Документы/magnolia/esp-idf/components/esp_ringbuf /home/tikhon/Документы/magnolia/esp-idf/components/esp_rom /home/tikhon/Документы/magnolia/esp-idf/components/esp_security /home/tikhon/Документы/magnolia/esp-idf/components/esp_system /home/tikhon/Документы/magnolia/esp-idf/components/esp_timer /home/tikhon/Документы/magnolia/esp-idf/components/esp_vfs_console /home/tikhon/Документы/magnolia/esp-idf/components/esp_wifi /home/tikhon/Документы/magnolia/esp-idf/components/espcoredump /home/tikhon/Документы/magnolia/applets/go/pwd/managed_components/espressif__cmake_utilities /home/tikhon/Документы/magnolia/applets/go/pwd/managed_components/espressif__elf_loader /home/tikhon/Документы/magnolia/esp-idf/components/esptool_py /home/tikhon/Документы/magnolia/esp-idf/components/fatfs /home/tikhon/Документы/magnolia/esp-idf/components/freertos /home/tikhon/Документы/magnolia/esp-idf/components/hal /home/tikhon/Документы/magnolia/esp-idf/components/heap /home/tikhon/Документы/magnolia/esp-idf/components/http_parser /home/tikhon/Документы/magnolia/esp-idf/components/idf_test /home/tikhon/Документы/magnolia/esp-idf/components/ieee802154 /home/tikhon/Документы/magnolia/esp-idf/components/json /home/tikhon/Документы/magnolia/esp-idf/components/log /home/tikhon/Документы/magnolia/esp-idf/components/lwip /home/tikhon/Документы/magnolia/applets/go/pwd/main /home/tikhon/Документы/magnolia/esp-idf/components/mbedtls /home/tikhon/Документы/magnolia/esp-idf/components/mqtt /home/tikhon/Документы/magnolia/esp-idf/components/newlib /home/tikhon/Документы/magnolia/esp-idf/components/nvs_flash /home/tikhon/Документы/magnolia/esp-idf/components/nvs_sec_provider /home/tikhon/Документы/magnolia/esp-idf/components/openthread /home/tikhon/Документы/magnolia/esp-idf/components/partition_table /home/tikhon/Документы/magnolia/esp-idf/components/perfmon /home/tikhon/Документы/magnolia/esp-idf/components/protobuf-c /home/tikhon/Документы/magnolia/esp-idf/components/protocomm /home/tikhon/Документы/magnolia/esp-idf/components/pthread /home/tikhon/Документы/magnolia/esp-idf/components/rt /home/tikhon/Документы/magnolia/esp-idf/components/sdmmc /home/tikhon/Документы/magnolia/esp-idf/components/soc /home/tikhon/Документы/magnolia/esp-idf/components/spi_flash /home/tikhon/Документы/magnolia/esp-idf/components/spiffs /home/tikhon/Документы/magnolia/esp-idf/components/tcp_transport /home/tikhon/Документы/magnolia/esp-idf/components/touch_element /home/tikhon/Документы/magnolia/esp-idf/components/ulp /home/tikhon/Документы/magnolia/esp-idf/components/unity /home/tikhon/Документы/magnolia/esp-idf/components/usb /home/tikhon/Документы/magnolia/esp-idf/components/vfs /home/tikhon/Документы/magnolia/esp-idf/components/wear_levelling /home/tikhon/Документы/magnolia/esp-idf/components/wifi_provisioning /home/tikhon/Документы/magnolia/esp-idf/components/wpa_supplicant /home/tikhon/Документы/magnolia/esp-idf/components/xtensa
-- Components: app_trace app_update bootloader bootloader_support bt cmock console cxx driver efuse esp-tls esp_adc esp_app_format esp_bootloader_format esp_coex esp_common esp_driver_ana_cmpr esp_driver_bitscrambler esp_driver_cam esp_driver_dac esp_driver_gpio esp_driver_gptimer esp_driver_i2c esp_driver_i2s esp_driver_i3c esp_driver_isp esp_driver_jpeg esp_driver_ledc esp_driver_mcpwm esp_driver_parlio esp_driver_pcnt esp_driver_ppa esp_driver_rmt esp_driver_sd_intf esp_driver_sdio esp_driver_sdm esp_driver_sdmmc esp_driver_sdspi esp_driver_spi esp_driver_touch_sens esp_driver_tsens esp_driver_twai esp_driver_uart esp_driver_usb_serial_jtag esp_eth esp_event esp_gdbstub esp_hid esp_http_client esp_http_server esp_https_ota esp_https_server esp_hw_support esp_lcd esp_local_ctrl esp_mm esp_netif esp_netif_stack esp_partition esp_phy esp_pm esp_psram esp_ringbuf esp_rom esp_security esp_system esp_timer esp_vfs_console esp_wifi espcoredump espressif__cmake_utilities espressif__elf_loader esptool_py fatfs freertos hal heap http_parser idf_test ieee802154 json log lwip main mbedtls mqtt newlib nvs_flash nvs_sec_provider openthread partition_table perfmon protobuf-c protocomm pthread rt sdmmc soc spi_flash spiffs tcp_transport touch_element ulp unity usb vfs wear_levelling wifi_provisioning wpa_supplicant xtensa
-- Component paths: /home/tikhon/Документы/magnolia/esp-idf/components/app_trace /home/tikhon/Документы/magnolia/esp-idf/components/app_update /home/tikhon/Документы/magnolia/esp-idf/components/bootloader /home/tikhon/Документы/magnolia/esp-idf/components/bootloader_support /home/tikhon/Документы/magnolia/esp-idf/components/bt /home/tikhon/Документы/magnolia/esp-idf/components/cmock /home/tikhon/Документы/magnolia/esp-idf/components/console /home/tikhon/Документы/magnolia/esp-idf/components/cxx /home/tikhon/Документы/magnolia/esp-idf/components/driver /home/tikhon/Документы/magnolia/esp-idf/components/efuse /home/tikhon/Документы/magnolia/esp-idf/components/esp-tls /home/tikhon/Документы/magnolia/esp-idf/components/esp_adc /home/tikhon/Документы/magnolia/esp-idf/components/esp_app_format /home/tikhon/Документы/magnolia/esp-idf/components/esp_bootloader_format /home/tikhon/Документы/magnolia/esp-idf/components/esp_coex /home/tikhon/Документы/magnolia/esp-idf/components/esp_common /home/tikhon/Документы/magnolia/esp-idf/components/esp_driver_ana_cmpr /home/tikhon/Документы/magnolia/esp-idf/components/esp_driver_bitscrambler /home/tikhon/Документы/magnolia/esp-idf/components/esp_driver_cam /home/tikhon/Документы/magnolia/esp-idf/components/esp_driver_dac /home/tikhon/Документы/magnolia/esp-idf/components/esp_driver_gpio /home/tikhon/Документы/magnolia/esp-idf/components/esp_driver_gptimer /home/tikhon/Документы/magnolia/esp-idf/components/esp_driver_i2c /home/tikhon/Документы/magnolia/esp-idf/components/esp_driver_i2s /home/tikhon/Документы/magnolia/esp-idf/components/esp_driver_i3c /home/tikhon/Документы/magnolia/esp-idf/components/esp_driver_isp /home/tikhon/Документы/magnolia/esp-idf/components/esp_driver_jpeg /home/tikhon/Документы/magnolia/esp-idf/components/esp_driver_ledc /home/tikhon/Документы/magnolia/esp-idf/components/esp_driver_mcpwm /home/tikhon/Документы/magnolia/esp-idf/components/esp_driver_parlio /home/tikhon/Документы/magnolia/esp-idf/components/esp_driver_pcnt /home/tikhon/Документы/magnolia/esp-idf/components/esp_driver_ppa /home/tikhon/Документы/magnolia/esp-idf/components/esp_driver_rmt /home/tikhon/Документы/magnolia/esp-idf/components/esp_driver_sd_intf /home/tikhon/Документы/magnolia/esp-idf/components/esp_driver_sdio /home/tikhon/Документы/magnolia/esp-idf/components/esp_driver_sdm /home/tikhon/Документы/magnolia/esp-idf/components/esp_driver_sdmmc /home/tikhon/Документы/magnolia/esp-idf/components/esp_driver_sdspi /home/tikhon/Документы/magnolia/esp-idf/components/esp_driver_spi /home/tikhon/Документы/magnolia/esp-idf/components/esp_driver_touch_sens /home/tikhon/Документы/magnolia/esp-idf/components/esp_driver_tsens /home/tikhon/Документы/magnolia/esp-idf/components/esp_driver_twai /home/tikhon/Документы/magnolia/esp-idf/components/esp_driver_uart /home/tikhon/Документы/magnolia/esp-idf/components/esp_driver_usb_serial_jtag /home/tikhon/Документы/magnolia/esp-idf/components/esp_eth /home/tikhon/Документы/magnolia/esp-idf/components/esp_event /home/tikhon/Документы/magnolia/esp-idf/components/esp_gdbstub /home/tikhon/Документы/magnolia/esp-idf/components/esp_hid /home/tikhon/Документы/magnolia/esp-idf/components/esp_http_client /home/tikhon/Документы/magnolia/esp-idf/components/esp_http_server /home/tikhon/Документы/magnolia/esp-idf/components/esp_https_ota /home/tikhon/Документы/magnolia/esp-idf/components/esp_https_server /home/tikhon/Документы/magnolia/esp-idf/components/esp_hw_support /home/tikhon/Документы/magnolia/esp-idf/components/esp_lcd /home/tikhon/Документы/magnolia/esp-idf/components/esp_local_ctrl /home/tikhon/Документы/magnolia/esp-idf/components/esp_mm /home/tikhon/Документы/magnolia/esp-idf/components/esp_netif /home/tikhon/Документы/magnolia/esp-idf/components/esp_netif_stack /home/tikhon/Документы/magnolia/esp-idf/components/esp_partition /home/tikhon/Документы/magnolia/esp-idf/components/esp_phy /home/tikhon/Документы/magnolia/esp-idf/components/esp_pm /home/tikhon/Документы/magnolia/esp-idf/components/esp_psram /home/tikhon/Документы/magnolia/esp-idf/components/esp_ringbuf /home/tikhon/Документы/magnolia/esp-idf/components/esp_rom /home/tikhon/Документы/magnolia/esp-idf/components/esp_security /home/tikhon/Документы/magnolia/esp-idf/components/esp_system /home/tikhon/Документы/magnolia/esp-idf/components/esp_timer /home/tikhon/Документы/magnolia/esp-idf/components/esp_vfs_console /home/tikhon/Документы/magnolia/esp-idf/components/esp_wifi /home/tikhon/Документы/magnolia/esp-idf/components/espcoredump /home/tikhon/Документы/magnolia/applets/go/uname/managed_components/espressif__cmake_utilities /home/tikhon/Документы/magnolia/applets/go/uname/managed_components/espressif__elf_loader /home/tikhon/Документы/magnolia/esp-idf/components/esptool_py /home/tikhon/Документы/magnolia/esp-idf/components/fatfs /home/tikhon/Документы/magnolia/esp-idf/components/freertos /home/tikhon/Документы/magnolia/esp-idf/components/hal /home/tikhon/Документы/magnolia/esp-idf/components/heap /home/tikhon/Документы/magnolia/esp-idf/components/http_parser /home/tikhon/Документы/magnolia/esp-idf/components/idf_test /home/tikhon/Документы/magnolia/esp-idf/components/ieee802154 /home/tikhon/Документы/magnolia/esp-idf/components/json /home/tikhon/Документы/magnolia/esp-idf/components/log /home/tikhon/Документы/magnolia/esp-idf/components/lwip /home/tikhon/Документы/magnolia/applets/go/uname/main /home/tikhon/Документы/magnolia/esp-idf/components/mbedtls /home/tikhon/Документы/magnolia/esp-idf/components/mqtt /home/tikhon/Документы/magnolia/esp-idf/components/newlib /home/tikhon/Документы/magnolia/esp-idf/components/nvs_flash /home/tikhon/Документы/magnolia/esp-idf/components/nvs_sec_provider /home/tikhon/Документы/magnolia/esp-idf/components/openthread /home/tikhon/Документы/magnolia/esp-idf/components/partition_table /home/tikhon/Документы/magnolia/esp-idf/components/perfmon /home/tikhon/Документы/magnolia/esp-idf/components/protobuf-c /home/tikhon/Документы/magnolia/esp-idf/components/protocomm /home/tikhon/Документы/magnolia/esp-idf/components/pthread /home/tikhon/Документы/magnolia/esp-idf/components/rt /home/tikhon/Документы/magnolia/esp-idf/components/sdmmc /home/tikhon/Документы/magnolia/esp-idf/components/soc /home/tikhon/Документы/magnolia/esp-idf/components/spi_flash /home/tikhon/Документы/magnolia/esp-idf/components/spiffs /home/tikhon/Документы/magnolia/esp-idf/components/tcp_transport /home/tikhon/Документы/magnolia/esp-idf/components/touch_element /home/tikhon/Документы/magnolia/esp-idf/components/ulp /home/tikhon/Документы/magnolia/esp-idf/components/unity /home/tikhon/Документы/magnolia/esp-idf/components/usb /home/tikhon/Документы/magnolia/esp-idf/components/vfs /home/tikhon/Документы/magnolia/esp-idf/components/wear_levelling /home/tikhon/Документы/magnolia/esp-idf/components/wifi_provisioning /home/tikhon/Документы/magnolia/esp-idf/components/wpa_supplicant /home/tikhon/Документы/magnolia/esp-idf/components/xtensa
-- Configuring done (4.7s)
-- Configuring done (4.8s)
-- Components: app_trace app_update bootloader bootloader_support bt cmock console cxx driver efuse esp-tls esp_adc esp_app_format esp_bootloader_format esp_coex esp_common esp_driver_ana_cmpr esp_driver_bitscrambler esp_driver_cam esp_driver_dac esp_driver_gpio esp_driver_gptimer esp_driver_i2c esp_driver_i2s esp_driver_i3c esp_driver_isp esp_driver_jpeg esp_driver_ledc esp_driver_mcpwm esp_driver_parlio esp_driver_pcnt esp_driver_ppa esp_driver_rmt esp_driver_sd_intf esp_driver_sdio esp_driver_sdm esp_driver_sdmmc esp_driver_sdspi esp_driver_spi esp_driver_touch_sens esp_driver_tsens esp_driver_twai esp_driver_uart esp_driver_usb_serial_jtag esp_eth esp_event esp_gdbstub esp_hid esp_http_client esp_http_server esp_https_ota esp_https_server esp_hw_support esp_lcd esp_local_ctrl esp_mm esp_netif esp_netif_stack esp_partition esp_phy esp_pm esp_psram esp_ringbuf esp_rom esp_security esp_system esp_timer esp_vfs_console esp_wifi espcoredump espressif__cmake_utilities espressif__elf_loader esptool_py fatfs freertos hal heap http_parser idf_test ieee802154 json log lwip main mbedtls mqtt newlib nvs_flash nvs_sec_provider openthread partition_table perfmon protobuf-c protocomm pthread rt sdmmc soc spi_flash spiffs tcp_transport touch_element ulp unity usb vfs wear_levelling wifi_provisioning wpa_supplicant xtensa
-- Component paths: /home/tikhon/Документы/magnolia/esp-idf/components/app_trace /home/tikhon/Документы/magnolia/esp-idf/components/app_update /home/tikhon/Документы/magnolia/esp-idf/components/bootloader /home/tikhon/Документы/magnolia/esp-idf/components/bootloader_support /home/tikhon/Документы/magnolia/esp-idf/components/bt /home/tikhon/Документы/magnolia/esp-idf/components/cmock /home/tikhon/Документы/magnolia/esp-idf/components/console /home/tikhon/Документы/magnolia/esp-idf/components/cxx /home/tikhon/Документы/magnolia/esp-idf/components/driver /home/tikhon/Документы/magnolia/esp-idf/components/efuse /home/tikhon/Документы/magnolia/esp-idf/components/esp-tls /home/tikhon/Документы/magnolia/esp-idf/components/esp_adc /home/tikhon/Документы/magnolia/esp-idf/components/esp_app_format /home/tikhon/Документы/magnolia/esp-idf/components/esp_bootloader_format /home/tikhon/Документы/magnolia/esp-idf/components/esp_coex /home/tikhon/Документы/magnolia/esp-idf/components/esp_common /home/tikhon/Документы/magnolia/esp-idf/components/esp_driver_ana_cmpr /home/tikhon/Документы/magnolia/esp-idf/components/esp_driver_bitscrambler /home/tikhon/Документы/magnolia/esp-idf/components/esp_driver_cam /home/tikhon/Документы/magnolia/esp-idf/components/esp_driver_dac /home/tikhon/Документы/magnolia/esp-idf/components/esp_driver_gpio /home/tikhon/Документы/magnolia/esp-idf/components/esp_driver_gptimer /home/tikhon/Документы/magnolia/esp-idf/components/esp_driver_i2c /home/tikhon/Документы/magnolia/esp-idf/components/esp_driver_i2s /home/tikhon/Документы/magnolia/esp-idf/components/esp_driver_i3c /home/tikhon/Документы/magnolia/esp-idf/components/esp_driver_isp /home/tikhon/Документы/magnolia/esp-idf/components/esp_driver_jpeg /home/tikhon/Документы/magnolia/esp-idf/components/esp_driver_ledc /home/tikhon/Документы/magnolia/esp-idf/components/esp_driver_mcpwm /home/tikhon/Документы/magnolia/esp-idf/components/esp_driver_parlio /home/tikhon/Документы/magnolia/esp-idf/components/esp_driver_pcnt /home/tikhon/Документы/magnolia/esp-idf/components/esp_driver_ppa /home/tikhon/Документы/magnolia/esp-idf/components/esp_driver_rmt /home/tikhon/Документы/magnolia/esp-idf/components/esp_driver_sd_intf /home/tikhon/Документы/magnolia/esp-idf/components/esp_driver_sdio /home/tikhon/Документы/magnolia/esp-idf/components/esp_driver_sdm /home/tikhon/Документы/magnolia/esp-idf/components/esp_driver_sdmmc /home/tikhon/Документы/magnolia/esp-idf/components/esp_driver_sdspi /home/tikhon/Документы/magnolia/esp-idf/components/esp_driver_spi /home/tikhon/Документы/magnolia/esp-idf/components/esp_driver_touch_sens /home/tikhon/Документы/magnolia/esp-idf/components/esp_driver_tsens /home/tikhon/Документы/magnolia/esp-idf/components/esp_driver_twai /home/tikhon/Документы/magnolia/esp-idf/components/esp_driver_uart /home/tikhon/Документы/magnolia/esp-idf/components/esp_driver_usb_serial_jtag /home/tikhon/Документы/magnolia/esp-idf/components/esp_eth /home/tikhon/Документы/magnolia/esp-idf/components/esp_event /home/tikhon/Документы/magnolia/esp-idf/components/esp_gdbstub /home/tikhon/Документы/magnolia/esp-idf/components/esp_hid /home/tikhon/Документы/magnolia/esp-idf/components/esp_http_client /home/tikhon/Документы/magnolia/esp-idf/components/esp_http_server /home/tikhon/Документы/magnolia/esp-idf/components/esp_https_ota /home/tikhon/Документы/magnolia/esp-idf/components/esp_https_server /home/tikhon/Документы/magnolia/esp-idf/components/esp_hw_support /home/tikhon/Документы/magnolia/esp-idf/components/esp_lcd /home/tikhon/Документы/magnolia/esp-idf/components/esp_local_ctrl /home/tikhon/Документы/magnolia/esp-idf/components/esp_mm /home/tikhon/Документы/magnolia/esp-idf/components/esp_netif /home/tikhon/Документы/magnolia/esp-idf/components/esp_netif_stack /home/tikhon/Документы/magnolia/esp-idf/components/esp_partition /home/tikhon/Документы/magnolia/esp-idf/components/esp_phy /home/tikhon/Документы/magnolia/esp-idf/components/esp_pm /home/tikhon/Документы/magnolia/esp-idf/components/esp_psram /home/tikhon/Документы/magnolia/esp-idf/components/esp_ringbuf /home/tikhon/Документы/magnolia/esp-idf/components/esp_rom /home/tikhon/Документы/magnolia/esp-idf/components/esp_security /home/tikhon/Документы/magnolia/esp-idf/components/esp_system /home/tikhon/Документы/magnolia/esp-idf/components/esp_timer /home/tikhon/Документы/magnolia/esp-idf/components/esp_vfs_console /home/tikhon/Документы/magnolia/esp-idf/components/esp_wifi /home/tikhon/Документы/magnolia/esp-idf/components/espcoredump /home/tikhon/Документы/magnolia/applets/go/true/managed_components/espressif__cmake_utilities /home/tikhon/Документы/magnolia/applets/go/true/managed_components/espressif__elf_loader /home/tikhon/Документы/magnolia/esp-idf/components/esptool_py /home/tikhon/Документы/magnolia/esp-idf/components/fatfs /home/tikhon/Документы/magnolia/esp-idf/components/freertos /home/tikhon/Документы/magnolia/esp-idf/components/hal /home/tikhon/Документы/magnolia/esp-idf/components/heap /home/tikhon/Документы/magnolia/esp-idf/components/http_parser /home/tikhon/Документы/magnolia/esp-idf/components/idf_test /home/tikhon/Документы/magnolia/esp-idf/components/ieee802154 /home/tikhon/Документы/magnolia/esp-idf/components/json /home/tikhon/Документы/magnolia/esp-idf/components/log /home/tikhon/Документы/magnolia/esp-idf/components/lwip /home/tikhon/Документы/magnolia/applets/go/true/main /home/tikhon/Документы/magnolia/esp-idf/components/mbedtls /home/tikhon/Документы/magnolia/esp-idf/components/mqtt /home/tikhon/Документы/magnolia/esp-idf/components/newlib /home/tikhon/Документы/magnolia/esp-idf/components/nvs_flash /home/tikhon/Документы/magnolia/esp-idf/components/nvs_sec_provider /home/tikhon/Документы/magnolia/esp-idf/components/openthread /home/tikhon/Документы/magnolia/esp-idf/components/partition_table /home/tikhon/Документы/magnolia/esp-idf/components/perfmon /home/tikhon/Документы/magnolia/esp-idf/components/protobuf-c /home/tikhon/Документы/magnolia/esp-idf/components/protocomm /home/tikhon/Документы/magnolia/esp-idf/components/pthread /home/tikhon/Документы/magnolia/esp-idf/components/rt /home/tikhon/Документы/magnolia/esp-idf/components/sdmmc /home/tikhon/Документы/magnolia/esp-idf/components/soc /home/tikhon/Документы/magnolia/esp-idf/components/spi_flash /home/tikhon/Документы/magnolia/esp-idf/components/spiffs /home/tikhon/Документы/magnolia/esp-idf/components/tcp_transport /home/tikhon/Документы/magnolia/esp-idf/components/touch_element /home/tikhon/Документы/magnolia/esp-idf/components/ulp /home/tikhon/Документы/magnolia/esp-idf/components/unity /home/tikhon/Документы/magnolia/esp-idf/components/usb /home/tikhon/Документы/magnolia/esp-idf/components/vfs /home/tikhon/Документы/magnolia/esp-idf/components/wear_levelling /home/tikhon/Документы/magnolia/esp-idf/components/wifi_provisioning /home/tikhon/Документы/magnolia/esp-idf/components/wpa_supplicant /home/tikhon/Документы/magnolia/esp-idf/components/xtensa
-- Configuring done (4.8s)
[1/4] Build ELF: edit.app.elf
-- Compiler supported targets: xtensa-esp-elf
-- Compiler supported targets: xtensa-esp-elf
-- Components: app_trace app_update bootloader bootloader_support bt cmock console cxx driver efuse esp-tls esp_adc esp_app_format esp_bootloader_format esp_coex esp_common esp_driver_ana_cmpr esp_driver_bitscrambler esp_driver_cam esp_driver_dac esp_driver_gpio esp_driver_gptimer esp_driver_i2c esp_driver_i2s esp_driver_i3c esp_driver_isp esp_driver_jpeg esp_driver_ledc esp_driver_mcpwm esp_driver_parlio esp_driver_pcnt esp_driver_ppa esp_driver_rmt esp_driver_sd_intf esp_driver_sdio esp_driver_sdm esp_driver_sdmmc esp_driver_sdspi esp_driver_spi esp_driver_touch_sens esp_driver_tsens esp_driver_twai esp_driver_uart esp_driver_usb_serial_jtag esp_eth esp_event esp_gdbstub esp_hid esp_http_client esp_http_server esp_https_ota esp_https_server esp_hw_support esp_lcd esp_local_ctrl esp_mm esp_netif esp_netif_stack esp_partition esp_phy esp_pm esp_psram esp_ringbuf esp_rom esp_security esp_system esp_timer esp_vfs_console esp_wifi espcoredump espressif__cmake_utilities espressif__elf_loader esptool_py fatfs freertos hal heap http_parser idf_test ieee802154 json log lwip main mbedtls mqtt newlib nvs_flash nvs_sec_provider openthread partition_table perfmon protobuf-c protocomm pthread rt sdmmc soc spi_flash spiffs tcp_transport touch_element ulp unity usb vfs wear_levelling wifi_provisioning wpa_supplicant xtensa
-- Component paths: /home/tikhon/Документы/magnolia/esp-idf/components/app_trace /home/tikhon/Документы/magnolia/esp-idf/components/app_update /home/tikhon/Документы/magnolia/esp-idf/components/bootloader /home/tikhon/Документы/magnolia/esp-idf/components/bootloader_support /home/tikhon/Документы/magnolia/esp-idf/components/bt /home/tikhon/Документы/magnolia/esp-idf/components/cmock /home/tikhon/Документы/magnolia/esp-idf/components/console /home/tikhon/Документы/magnolia/esp-idf/components/cxx /home/tikhon/Документы/magnolia/esp-idf/components/driver /home/tikhon/Документы/magnolia/esp-idf/components/efuse /home/tikhon/Документы/magnolia/esp-idf/components/esp-tls /home/tikhon/Документы/magnolia/esp-idf/components/esp_adc /home/tikhon/Документы/magnolia/esp-idf/components/esp_app_format /home/tikhon/Документы/magnolia/esp-idf/components/esp_bootloader_format /home/tikhon/Документы/magnolia/esp-idf/components/esp_coex /home/tikhon/Документы/magnolia/esp-idf/components/esp_common /home/tikhon/Документы/magnolia/esp-idf/components/esp_driver_ana_cmpr /home/tikhon/Документы/magnolia/esp-idf/components/esp_driver_bitscrambler /home/tikhon/Документы/magnolia/esp-idf/components/esp_driver_cam /home/tikhon/Документы/magnolia/esp-idf/components/esp_driver_dac /home/tikhon/Документы/magnolia/esp-idf/components/esp_driver_gpio /home/tikhon/Документы/magnolia/esp-idf/components/esp_driver_gptimer /home/tikhon/Документы/magnolia/esp-idf/components/esp_driver_i2c /home/tikhon/Документы/magnolia/esp-idf/components/esp_driver_i2s /home/tikhon/Документы/magnolia/esp-idf/components/esp_driver_i3c /home/tikhon/Документы/magnolia/esp-idf/components/esp_driver_isp /home/tikhon/Документы/magnolia/esp-idf/components/esp_driver_jpeg /home/tikhon/Документы/magnolia/esp-idf/components/esp_driver_ledc /home/tikhon/Документы/magnolia/esp-idf/components/esp_driver_mcpwm /home/tikhon/Документы/magnolia/esp-idf/components/esp_driver_parlio /home/tikhon/Документы/magnolia/esp-idf/components/esp_driver_pcnt /home/tikhon/Документы/magnolia/esp-idf/components/esp_driver_ppa /home/tikhon/Документы/magnolia/esp-idf/components/esp_driver_rmt /home/tikhon/Документы/magnolia/esp-idf/components/esp_driver_sd_intf /home/tikhon/Документы/magnolia/esp-idf/components/esp_driver_sdio /home/tikhon/Документы/magnolia/esp-idf/components/esp_driver_sdm /home/tikhon/Документы/magnolia/esp-idf/components/esp_driver_sdmmc /home/tikhon/Документы/magnolia/esp-idf/components/esp_driver_sdspi /home/tikhon/Документы/magnolia/esp-idf/components/esp_driver_spi /home/tikhon/Документы/magnolia/esp-idf/components/esp_driver_touch_sens /home/tikhon/Документы/magnolia/esp-idf/components/esp_driver_tsens /home/tikhon/Документы/magnolia/esp-idf/components/esp_driver_twai /home/tikhon/Документы/magnolia/esp-idf/components/esp_driver_uart /home/tikhon/Документы/magnolia/esp-idf/components/esp_driver_usb_serial_jtag /home/tikhon/Документы/magnolia/esp-idf/components/esp_eth /home/tikhon/Документы/magnolia/esp-idf/components/esp_event /home/tikhon/Документы/magnolia/esp-idf/components/esp_gdbstub /home/tikhon/Документы/magnolia/esp-idf/components/esp_hid /home/tikhon/Документы/magnolia/esp-idf/components/esp_http_client /home/tikhon/Документы/magnolia/esp-idf/components/esp_http_server /home/tikhon/Документы/magnolia/esp-idf/components/esp_https_ota /home/tikhon/Документы/magnolia/esp-idf/components/esp_https_server /home/tikhon/Документы/magnolia/esp-idf/components/esp_hw_support /home/tikhon/Документы/magnolia/esp-idf/components/esp_lcd /home/tikhon/Документы/magnolia/esp-idf/components/esp_local_ctrl /home/tikhon/Документы/magnolia/esp-idf/components/esp_mm /home/tikhon/Документы/magnolia/esp-idf/components/esp_netif /home/tikhon/Документы/magnolia/esp-idf/components/esp_netif_stack /home/tikhon/Документы/magnolia/esp-idf/components/esp_partition /home/tikhon/Документы/magnolia/esp-idf/components/esp_phy /home/tikhon/Документы/magnolia/esp-idf/components/esp_pm /home/tikhon/Документы/magnolia/esp-idf/components/esp_psram /home/tikhon/Документы/magnolia/esp-idf/components/esp_ringbuf /home/tikhon/Документы/magnolia/esp-idf/components/esp_rom /home/tikhon/Документы/magnolia/esp-idf/components/esp_security /home/tikhon/Документы/magnolia/esp-idf/components/esp_system /home/tikhon/Документы/magnolia/esp-idf/components/esp_timer /home/tikhon/Документы/magnolia/esp-idf/components/esp_vfs_console /home/tikhon/Документы/magnolia/esp-idf/components/esp_wifi /home/tikhon/Документы/magnolia/esp-idf/components/espcoredump /home/tikhon/Документы/magnolia/applets/go/goxxd/managed_components/espressif__cmake_utilities /home/tikhon/Документы/magnolia/applets/go/goxxd/managed_components/espressif__elf_loader /home/tikhon/Документы/magnolia/esp-idf/components/esptool_py /home/tikhon/Документы/magnolia/esp-idf/components/fatfs /home/tikhon/Документы/magnolia/esp-idf/components/freertos /home/tikhon/Документы/magnolia/esp-idf/components/hal /home/tikhon/Документы/magnolia/esp-idf/components/heap /home/tikhon/Документы/magnolia/esp-idf/components/http_parser /home/tikhon/Документы/magnolia/esp-idf/components/idf_test /home/tikhon/Документы/magnolia/esp-idf/components/ieee802154 /home/tikhon/Документы/magnolia/esp-idf/components/json /home/tikhon/Документы/magnolia/esp-idf/components/log /home/tikhon/Документы/magnolia/esp-idf/components/lwip /home/tikhon/Документы/magnolia/applets/go/goxxd/main /home/tikhon/Документы/magnolia/esp-idf/components/mbedtls /home/tikhon/Документы/magnolia/esp-idf/components/mqtt /home/tikhon/Документы/magnolia/esp-idf/components/newlib /home/tikhon/Документы/magnolia/esp-idf/components/nvs_flash /home/tikhon/Документы/magnolia/esp-idf/components/nvs_sec_provider /home/tikhon/Документы/magnolia/esp-idf/components/openthread /home/tikhon/Документы/magnolia/esp-idf/components/partition_table /home/tikhon/Документы/magnolia/esp-idf/components/perfmon /home/tikhon/Документы/magnolia/esp-idf/components/protobuf-c /home/tikhon/Документы/magnolia/esp-idf/components/protocomm /home/tikhon/Документы/magnolia/esp-idf/components/pthread /home/tikhon/Документы/magnolia/esp-idf/components/rt /home/tikhon/Документы/magnolia/esp-idf/components/sdmmc /home/tikhon/Документы/magnolia/esp-idf/components/soc /home/tikhon/Документы/magnolia/esp-idf/components/spi_flash /home/tikhon/Документы/magnolia/esp-idf/components/spiffs /home/tikhon/Документы/magnolia/esp-idf/components/tcp_transport /home/tikhon/Документы/magnolia/esp-idf/components/touch_element /home/tikhon/Документы/magnolia/esp-idf/components/ulp /home/tikhon/Документы/magnolia/esp-idf/components/unity /home/tikhon/Документы/magnolia/esp-idf/components/usb /home/tikhon/Документы/magnolia/esp-idf/components/vfs /home/tikhon/Документы/magnolia/esp-idf/components/wear_levelling /home/tikhon/Документы/magnolia/esp-idf/components/wifi_provisioning /home/tikhon/Документы/magnolia/esp-idf/components/wpa_supplicant /home/tikhon/Документы/magnolia/esp-idf/components/xtensa
-- Configuring done (4.9s)
-- Components: app_trace app_update bootloader bootloader_support bt cmock console cxx driver efuse esp-tls esp_adc esp_app_format esp_bootloader_format esp_coex esp_common esp_driver_ana_cmpr esp_driver_bitscrambler esp_driver_cam esp_driver_dac esp_driver_gpio esp_driver_gptimer esp_driver_i2c esp_driver_i2s esp_driver_i3c esp_driver_isp esp_driver_jpeg esp_driver_ledc esp_driver_mcpwm esp_driver_parlio esp_driver_pcnt esp_driver_ppa esp_driver_rmt esp_driver_sd_intf esp_driver_sdio esp_driver_sdm esp_driver_sdmmc esp_driver_sdspi esp_driver_spi esp_driver_touch_sens esp_driver_tsens esp_driver_twai esp_driver_uart esp_driver_usb_serial_jtag esp_eth esp_event esp_gdbstub esp_hid esp_http_client esp_http_server esp_https_ota esp_https_server esp_hw_support esp_lcd esp_local_ctrl esp_mm esp_netif esp_netif_stack esp_partition esp_phy esp_pm esp_psram esp_ringbuf esp_rom esp_security esp_system esp_timer esp_vfs_console esp_wifi espcoredump espressif__cmake_utilities espressif__elf_loader esptool_py fatfs freertos hal heap http_parser idf_test ieee802154 json log lwip main mbedtls mqtt newlib nvs_flash nvs_sec_provider openthread partition_table perfmon protobuf-c protocomm pthread rt sdmmc soc spi_flash spiffs tcp_transport touch_element ulp unity usb vfs wear_levelling wifi_provisioning wpa_supplicant xtensa
-- Component paths: /home/tikhon/Документы/magnolia/esp-idf/components/app_trace /home/tikhon/Документы/magnolia/esp-idf/components/app_update /home/tikhon/Документы/magnolia/esp-idf/components/bootloader /home/tikhon/Документы/magnolia/esp-idf/components/bootloader_support /home/tikhon/Документы/magnolia/esp-idf/components/bt /home/tikhon/Документы/magnolia/esp-idf/components/cmock /home/tikhon/Документы/magnolia/esp-idf/components/console /home/tikhon/Документы/magnolia/esp-idf/components/cxx /home/tikhon/Документы/magnolia/esp-idf/components/driver /home/tikhon/Документы/magnolia/esp-idf/components/efuse /home/tikhon/Документы/magnolia/esp-idf/components/esp-tls /home/tikhon/Документы/magnolia/esp-idf/components/esp_adc /home/tikhon/Документы/magnolia/esp-idf/components/esp_app_format /home/tikhon/Документы/magnolia/esp-idf/components/esp_bootloader_format /home/tikhon/Документы/magnolia/esp-idf/components/esp_coex /home/tikhon/Документы/magnolia/esp-idf/components/esp_common /home/tikhon/Документы/magnolia/esp-idf/components/esp_driver_ana_cmpr /home/tikhon/Документы/magnolia/esp-idf/components/esp_driver_bitscrambler /home/tikhon/Документы/magnolia/esp-idf/components/esp_driver_cam /home/tikhon/Документы/magnolia/esp-idf/components/esp_driver_dac /home/tikhon/Документы/magnolia/esp-idf/components/esp_driver_gpio /home/tikhon/Документы/magnolia/esp-idf/components/esp_driver_gptimer /home/tikhon/Документы/magnolia/esp-idf/components/esp_driver_i2c /home/tikhon/Документы/magnolia/esp-idf/components/esp_driver_i2s /home/tikhon/Документы/magnolia/esp-idf/components/esp_driver_i3c /home/tikhon/Документы/magnolia/esp-idf/components/esp_driver_isp /home/tikhon/Документы/magnolia/esp-idf/components/esp_driver_jpeg /home/tikhon/Документы/magnolia/esp-idf/components/esp_driver_ledc /home/tikhon/Документы/magnolia/esp-idf/components/esp_driver_mcpwm /home/tikhon/Документы/magnolia/esp-idf/components/esp_driver_parlio /home/tikhon/Документы/magnolia/esp-idf/components/esp_driver_pcnt /home/tikhon/Документы/magnolia/esp-idf/components/esp_driver_ppa /home/tikhon/Документы/magnolia/esp-idf/components/esp_driver_rmt /home/tikhon/Документы/magnolia/esp-idf/components/esp_driver_sd_intf /home/tikhon/Документы/magnolia/esp-idf/components/esp_driver_sdio /home/tikhon/Документы/magnolia/esp-idf/components/esp_driver_sdm /home/tikhon/Документы/magnolia/esp-idf/components/esp_driver_sdmmc /home/tikhon/Документы/magnolia/esp-idf/components/esp_driver_sdspi /home/tikhon/Документы/magnolia/esp-idf/components/esp_driver_spi /home/tikhon/Документы/magnolia/esp-idf/components/esp_driver_touch_sens /home/tikhon/Документы/magnolia/esp-idf/components/esp_driver_tsens /home/tikhon/Документы/magnolia/esp-idf/components/esp_driver_twai /home/tikhon/Документы/magnolia/esp-idf/components/esp_driver_uart /home/tikhon/Документы/magnolia/esp-idf/components/esp_driver_usb_serial_jtag /home/tikhon/Документы/magnolia/esp-idf/components/esp_eth /home/tikhon/Документы/magnolia/esp-idf/components/esp_event /home/tikhon/Документы/magnolia/esp-idf/components/esp_gdbstub /home/tikhon/Документы/magnolia/esp-idf/components/esp_hid /home/tikhon/Документы/magnolia/esp-idf/components/esp_http_client /home/tikhon/Документы/magnolia/esp-idf/components/esp_http_server /home/tikhon/Документы/magnolia/esp-idf/components/esp_https_ota /home/tikhon/Документы/magnolia/esp-idf/components/esp_https_server /home/tikhon/Документы/magnolia/esp-idf/components/esp_hw_support /home/tikhon/Документы/magnolia/esp-idf/components/esp_lcd /home/tikhon/Документы/magnolia/esp-idf/components/esp_local_ctrl /home/tikhon/Документы/magnolia/esp-idf/components/esp_mm /home/tikhon/Документы/magnolia/esp-idf/components/esp_netif /home/tikhon/Документы/magnolia/esp-idf/components/esp_netif_stack /home/tikhon/Документы/magnolia/esp-idf/components/esp_partition /home/tikhon/Документы/magnolia/esp-idf/components/esp_phy /home/tikhon/Документы/magnolia/esp-idf/components/esp_pm /home/tikhon/Документы/magnolia/esp-idf/components/esp_psram /home/tikhon/Документы/magnolia/esp-idf/components/esp_ringbuf /home/tikhon/Документы/magnolia/esp-idf/components/esp_rom /home/tikhon/Документы/magnolia/esp-idf/components/esp_security /home/tikhon/Документы/magnolia/esp-idf/components/esp_system /home/tikhon/Документы/magnolia/esp-idf/components/esp_timer /home/tikhon/Документы/magnolia/esp-idf/components/esp_vfs_console /home/tikhon/Документы/magnolia/esp-idf/components/esp_wifi /home/tikhon/Документы/magnolia/esp-idf/components/espcoredump /home/tikhon/Документы/magnolia/applets/go/sleep/managed_components/espressif__cmake_utilities /home/tikhon/Документы/magnolia/applets/go/sleep/managed_components/espressif__elf_loader /home/tikhon/Документы/magnolia/esp-idf/components/esptool_py /home/tikhon/Документы/magnolia/esp-idf/components/fatfs /home/tikhon/Документы/magnolia/esp-idf/components/freertos /home/tikhon/Документы/magnolia/esp-idf/components/hal /home/tikhon/Документы/magnolia/esp-idf/components/heap /home/tikhon/Документы/magnolia/esp-idf/components/http_parser /home/tikhon/Документы/magnolia/esp-idf/components/idf_test /home/tikhon/Документы/magnolia/esp-idf/components/ieee802154 /home/tikhon/Документы/magnolia/esp-idf/components/json /home/tikhon/Документы/magnolia/esp-idf/components/log /home/tikhon/Документы/magnolia/esp-idf/components/lwip /home/tikhon/Документы/magnolia/applets/go/sleep/main /home/tikhon/Документы/magnolia/esp-idf/components/mbedtls /home/tikhon/Документы/magnolia/esp-idf/components/mqtt /home/tikhon/Документы/magnolia/esp-idf/components/newlib /home/tikhon/Документы/magnolia/esp-idf/components/nvs_flash /home/tikhon/Документы/magnolia/esp-idf/components/nvs_sec_provider /home/tikhon/Документы/magnolia/esp-idf/components/openthread /home/tikhon/Документы/magnolia/esp-idf/components/partition_table /home/tikhon/Документы/magnolia/esp-idf/components/perfmon /home/tikhon/Документы/magnolia/esp-idf/components/protobuf-c /home/tikhon/Документы/magnolia/esp-idf/components/protocomm /home/tikhon/Документы/magnolia/esp-idf/components/pthread /home/tikhon/Документы/magnolia/esp-idf/components/rt /home/tikhon/Документы/magnolia/esp-idf/components/sdmmc /home/tikhon/Документы/magnolia/esp-idf/components/soc /home/tikhon/Документы/magnolia/esp-idf/components/spi_flash /home/tikhon/Документы/magnolia/esp-idf/components/spiffs /home/tikhon/Документы/magnolia/esp-idf/components/tcp_transport /home/tikhon/Документы/magnolia/esp-idf/components/touch_element /home/tikhon/Документы/magnolia/esp-idf/components/ulp /home/tikhon/Документы/magnolia/esp-idf/components/unity /home/tikhon/Документы/magnolia/esp-idf/components/usb /home/tikhon/Документы/magnolia/esp-idf/components/vfs /home/tikhon/Документы/magnolia/esp-idf/components/wear_levelling /home/tikhon/Документы/magnolia/esp-idf/components/wifi_provisioning /home/tikhon/Документы/magnolia/esp-idf/components/wpa_supplicant /home/tikhon/Документы/magnolia/esp-idf/components/xtensa
+ idf.py elf
-- Configuring done (4.9s)
-- Components: app_trace app_update bootloader bootloader_support bt cmock console cxx driver efuse esp-tls esp_adc esp_app_format esp_bootloader_format esp_coex esp_common esp_driver_ana_cmpr esp_driver_bitscrambler esp_driver_cam esp_driver_dac esp_driver_gpio esp_driver_gptimer esp_driver_i2c esp_driver_i2s esp_driver_i3c esp_driver_isp esp_driver_jpeg esp_driver_ledc esp_driver_mcpwm esp_driver_parlio esp_driver_pcnt esp_driver_ppa esp_driver_rmt esp_driver_sd_intf esp_driver_sdio esp_driver_sdm esp_driver_sdmmc esp_driver_sdspi esp_driver_spi esp_driver_touch_sens esp_driver_tsens esp_driver_twai esp_driver_uart esp_driver_usb_serial_jtag esp_eth esp_event esp_gdbstub esp_hid esp_http_client esp_http_server esp_https_ota esp_https_server esp_hw_support esp_lcd esp_local_ctrl esp_mm esp_netif esp_netif_stack esp_partition esp_phy esp_pm esp_psram esp_ringbuf esp_rom esp_security esp_system esp_timer esp_vfs_console esp_wifi espcoredump espressif__cmake_utilities espressif__elf_loader esptool_py fatfs freertos hal heap http_parser idf_test ieee802154 json log lwip main mbedtls mqtt newlib nvs_flash nvs_sec_provider openthread partition_table perfmon protobuf-c protocomm pthread rt sdmmc soc spi_flash spiffs tcp_transport touch_element ulp unity usb vfs wear_levelling wifi_provisioning wpa_supplicant xtensa
-- Component paths: /home/tikhon/Документы/magnolia/esp-idf/components/app_trace /home/tikhon/Документы/magnolia/esp-idf/components/app_update /home/tikhon/Документы/magnolia/esp-idf/components/bootloader /home/tikhon/Документы/magnolia/esp-idf/components/bootloader_support /home/tikhon/Документы/magnolia/esp-idf/components/bt /home/tikhon/Документы/magnolia/esp-idf/components/cmock /home/tikhon/Документы/magnolia/esp-idf/components/console /home/tikhon/Документы/magnolia/esp-idf/components/cxx /home/tikhon/Документы/magnolia/esp-idf/components/driver /home/tikhon/Документы/magnolia/esp-idf/components/efuse /home/tikhon/Документы/magnolia/esp-idf/components/esp-tls /home/tikhon/Документы/magnolia/esp-idf/components/esp_adc /home/tikhon/Документы/magnolia/esp-idf/components/esp_app_format /home/tikhon/Документы/magnolia/esp-idf/components/esp_bootloader_format /home/tikhon/Документы/magnolia/esp-idf/components/esp_coex /home/tikhon/Документы/magnolia/esp-idf/components/esp_common /home/tikhon/Документы/magnolia/esp-idf/components/esp_driver_ana_cmpr /home/tikhon/Документы/magnolia/esp-idf/components/esp_driver_bitscrambler /home/tikhon/Документы/magnolia/esp-idf/components/esp_driver_cam /home/tikhon/Документы/magnolia/esp-idf/components/esp_driver_dac /home/tikhon/Документы/magnolia/esp-idf/components/esp_driver_gpio /home/tikhon/Документы/magnolia/esp-idf/components/esp_driver_gptimer /home/tikhon/Документы/magnolia/esp-idf/components/esp_driver_i2c /home/tikhon/Документы/magnolia/esp-idf/components/esp_driver_i2s /home/tikhon/Документы/magnolia/esp-idf/components/esp_driver_i3c /home/tikhon/Документы/magnolia/esp-idf/components/esp_driver_isp /home/tikhon/Документы/magnolia/esp-idf/components/esp_driver_jpeg /home/tikhon/Документы/magnolia/esp-idf/components/esp_driver_ledc /home/tikhon/Документы/magnolia/esp-idf/components/esp_driver_mcpwm /home/tikhon/Документы/magnolia/esp-idf/components/esp_driver_parlio /home/tikhon/Документы/magnolia/esp-idf/components/esp_driver_pcnt /home/tikhon/Документы/magnolia/esp-idf/components/esp_driver_ppa /home/tikhon/Документы/magnolia/esp-idf/components/esp_driver_rmt /home/tikhon/Документы/magnolia/esp-idf/components/esp_driver_sd_intf /home/tikhon/Документы/magnolia/esp-idf/components/esp_driver_sdio /home/tikhon/Документы/magnolia/esp-idf/components/esp_driver_sdm /home/tikhon/Документы/magnolia/esp-idf/components/esp_driver_sdmmc /home/tikhon/Документы/magnolia/esp-idf/components/esp_driver_sdspi /home/tikhon/Документы/magnolia/esp-idf/components/esp_driver_spi /home/tikhon/Документы/magnolia/esp-idf/components/esp_driver_touch_sens /home/tikhon/Документы/magnolia/esp-idf/components/esp_driver_tsens /home/tikhon/Документы/magnolia/esp-idf/components/esp_driver_twai /home/tikhon/Документы/magnolia/esp-idf/components/esp_driver_uart /home/tikhon/Документы/magnolia/esp-idf/components/esp_driver_usb_serial_jtag /home/tikhon/Документы/magnolia/esp-idf/components/esp_eth /home/tikhon/Документы/magnolia/esp-idf/components/esp_event /home/tikhon/Документы/magnolia/esp-idf/components/esp_gdbstub /home/tikhon/Документы/magnolia/esp-idf/components/esp_hid /home/tikhon/Документы/magnolia/esp-idf/components/esp_http_client /home/tikhon/Документы/magnolia/esp-idf/components/esp_http_server /home/tikhon/Документы/magnolia/esp-idf/components/esp_https_ota /home/tikhon/Документы/magnolia/esp-idf/components/esp_https_server /home/tikhon/Документы/magnolia/esp-idf/components/esp_hw_support /home/tikhon/Документы/magnolia/esp-idf/components/esp_lcd /home/tikhon/Документы/magnolia/esp-idf/components/esp_local_ctrl /home/tikhon/Документы/magnolia/esp-idf/components/esp_mm /home/tikhon/Документы/magnolia/esp-idf/components/esp_netif /home/tikhon/Документы/magnolia/esp-idf/components/esp_netif_stack /home/tikhon/Документы/magnolia/esp-idf/components/esp_partition /home/tikhon/Документы/magnolia/esp-idf/components/esp_phy /home/tikhon/Документы/magnolia/esp-idf/components/esp_pm /home/tikhon/Документы/magnolia/esp-idf/components/esp_psram /home/tikhon/Документы/magnolia/esp-idf/components/esp_ringbuf /home/tikhon/Документы/magnolia/esp-idf/components/esp_rom /home/tikhon/Документы/magnolia/esp-idf/components/esp_security /home/tikhon/Документы/magnolia/esp-idf/components/esp_system /home/tikhon/Документы/magnolia/esp-idf/components/esp_timer /home/tikhon/Документы/magnolia/esp-idf/components/esp_vfs_console /home/tikhon/Документы/magnolia/esp-idf/components/esp_wifi /home/tikhon/Документы/magnolia/esp-idf/components/espcoredump /home/tikhon/Документы/magnolia/applets/go/gohello/managed_components/espressif__cmake_utilities /home/tikhon/Документы/magnolia/applets/go/gohello/managed_components/espressif__elf_loader /home/tikhon/Документы/magnolia/esp-idf/components/esptool_py /home/tikhon/Документы/magnolia/esp-idf/components/fatfs /home/tikhon/Документы/magnolia/esp-idf/components/freertos /home/tikhon/Документы/magnolia/esp-idf/components/hal /home/tikhon/Документы/magnolia/esp-idf/components/heap /home/tikhon/Документы/magnolia/esp-idf/components/http_parser /home/tikhon/Документы/magnolia/esp-idf/components/idf_test /home/tikhon/Документы/magnolia/esp-idf/components/ieee802154 /home/tikhon/Документы/magnolia/esp-idf/components/json /home/tikhon/Документы/magnolia/esp-idf/components/log /home/tikhon/Документы/magnolia/esp-idf/components/lwip /home/tikhon/Документы/magnolia/applets/go/gohello/main /home/tikhon/Документы/magnolia/esp-idf/components/mbedtls /home/tikhon/Документы/magnolia/esp-idf/components/mqtt /home/tikhon/Документы/magnolia/esp-idf/components/newlib /home/tikhon/Документы/magnolia/esp-idf/components/nvs_flash /home/tikhon/Документы/magnolia/esp-idf/components/nvs_sec_provider /home/tikhon/Документы/magnolia/esp-idf/components/openthread /home/tikhon/Документы/magnolia/esp-idf/components/partition_table /home/tikhon/Документы/magnolia/esp-idf/components/perfmon /home/tikhon/Документы/magnolia/esp-idf/components/protobuf-c /home/tikhon/Документы/magnolia/esp-idf/components/protocomm /home/tikhon/Документы/magnolia/esp-idf/components/pthread /home/tikhon/Документы/magnolia/esp-idf/components/rt /home/tikhon/Документы/magnolia/esp-idf/components/sdmmc /home/tikhon/Документы/magnolia/esp-idf/components/soc /home/tikhon/Документы/magnolia/esp-idf/components/spi_flash /home/tikhon/Документы/magnolia/esp-idf/components/spiffs /home/tikhon/Документы/magnolia/esp-idf/components/tcp_transport /home/tikhon/Документы/magnolia/esp-idf/components/touch_element /home/tikhon/Документы/magnolia/esp-idf/components/ulp /home/tikhon/Документы/magnolia/esp-idf/components/unity /home/tikhon/Документы/magnolia/esp-idf/components/usb /home/tikhon/Документы/magnolia/esp-idf/components/vfs /home/tikhon/Документы/magnolia/esp-idf/components/wear_levelling /home/tikhon/Документы/magnolia/esp-idf/components/wifi_provisioning /home/tikhon/Документы/magnolia/esp-idf/components/wpa_supplicant /home/tikhon/Документы/magnolia/esp-idf/components/xtensa
-- Components: app_trace app_update bootloader bootloader_support bt cmock console cxx driver efuse esp-tls esp_adc esp_app_format esp_bootloader_format esp_coex esp_common esp_driver_ana_cmpr esp_driver_bitscrambler esp_driver_cam esp_driver_dac esp_driver_gpio esp_driver_gptimer esp_driver_i2c esp_driver_i2s esp_driver_i3c esp_driver_isp esp_driver_jpeg esp_driver_ledc esp_driver_mcpwm esp_driver_parlio esp_driver_pcnt esp_driver_ppa esp_driver_rmt esp_driver_sd_intf esp_driver_sdio esp_driver_sdm esp_driver_sdmmc esp_driver_sdspi esp_driver_spi esp_driver_touch_sens esp_driver_tsens esp_driver_twai esp_driver_uart esp_driver_usb_serial_jtag esp_eth esp_event esp_gdbstub esp_hid esp_http_client esp_http_server esp_https_ota esp_https_server esp_hw_support esp_lcd esp_local_ctrl esp_mm esp_netif esp_netif_stack esp_partition esp_phy esp_pm esp_psram esp_ringbuf esp_rom esp_security esp_system esp_timer esp_vfs_console esp_wifi espcoredump espressif__cmake_utilities espressif__elf_loader esptool_py fatfs freertos hal heap http_parser idf_test ieee802154 json log lwip main mbedtls mqtt newlib nvs_flash nvs_sec_provider openthread partition_table perfmon protobuf-c protocomm pthread rt sdmmc soc spi_flash spiffs tcp_transport touch_element ulp unity usb vfs wear_levelling wifi_provisioning wpa_supplicant xtensa
-- Component paths: /home/tikhon/Документы/magnolia/esp-idf/components/app_trace /home/tikhon/Документы/magnolia/esp-idf/components/app_update /home/tikhon/Документы/magnolia/esp-idf/components/bootloader /home/tikhon/Документы/magnolia/esp-idf/components/bootloader_support /home/tikhon/Документы/magnolia/esp-idf/components/bt /home/tikhon/Документы/magnolia/esp-idf/components/cmock /home/tikhon/Документы/magnolia/esp-idf/components/console /home/tikhon/Документы/magnolia/esp-idf/components/cxx /home/tikhon/Документы/magnolia/esp-idf/components/driver /home/tikhon/Документы/magnolia/esp-idf/components/efuse /home/tikhon/Документы/magnolia/esp-idf/components/esp-tls /home/tikhon/Документы/magnolia/esp-idf/components/esp_adc /home/tikhon/Документы/magnolia/esp-idf/components/esp_app_format /home/tikhon/Документы/magnolia/esp-idf/components/esp_bootloader_format /home/tikhon/Документы/magnolia/esp-idf/components/esp_coex /home/tikhon/Документы/magnolia/esp-idf/components/esp_common /home/tikhon/Документы/magnolia/esp-idf/components/esp_driver_ana_cmpr /home/tikhon/Документы/magnolia/esp-idf/components/esp_driver_bitscrambler /home/tikhon/Документы/magnolia/esp-idf/components/esp_driver_cam /home/tikhon/Документы/magnolia/esp-idf/components/esp_driver_dac /home/tikhon/Документы/magnolia/esp-idf/components/esp_driver_gpio /home/tikhon/Документы/magnolia/esp-idf/components/esp_driver_gptimer /home/tikhon/Документы/magnolia/esp-idf/components/esp_driver_i2c /home/tikhon/Документы/magnolia/esp-idf/components/esp_driver_i2s /home/tikhon/Документы/magnolia/esp-idf/components/esp_driver_i3c /home/tikhon/Документы/magnolia/esp-idf/components/esp_driver_isp /home/tikhon/Документы/magnolia/esp-idf/components/esp_driver_jpeg /home/tikhon/Документы/magnolia/esp-idf/components/esp_driver_ledc /home/tikhon/Документы/magnolia/esp-idf/components/esp_driver_mcpwm /home/tikhon/Документы/magnolia/esp-idf/components/esp_driver_parlio /home/tikhon/Документы/magnolia/esp-idf/components/esp_driver_pcnt /home/tikhon/Документы/magnolia/esp-idf/components/esp_driver_ppa /home/tikhon/Документы/magnolia/esp-idf/components/esp_driver_rmt /home/tikhon/Документы/magnolia/esp-idf/components/esp_driver_sd_intf /home/tikhon/Документы/magnolia/esp-idf/components/esp_driver_sdio /home/tikhon/Документы/magnolia/esp-idf/components/esp_driver_sdm /home/tikhon/Документы/magnolia/esp-idf/components/esp_driver_sdmmc /home/tikhon/Документы/magnolia/esp-idf/components/esp_driver_sdspi /home/tikhon/Документы/magnolia/esp-idf/components/esp_driver_spi /home/tikhon/Документы/magnolia/esp-idf/components/esp_driver_touch_sens /home/tikhon/Документы/magnolia/esp-idf/components/esp_driver_tsens /home/tikhon/Документы/magnolia/esp-idf/components/esp_driver_twai /home/tikhon/Документы/magnolia/esp-idf/components/esp_driver_uart /home/tikhon/Документы/magnolia/esp-idf/components/esp_driver_usb_serial_jtag /home/tikhon/Документы/magnolia/esp-idf/components/esp_eth /home/tikhon/Документы/magnolia/esp-idf/components/esp_event /home/tikhon/Документы/magnolia/esp-idf/components/esp_gdbstub /home/tikhon/Документы/magnolia/esp-idf/components/esp_hid /home/tikhon/Документы/magnolia/esp-idf/components/esp_http_client /home/tikhon/Документы/magnolia/esp-idf/components/esp_http_server /home/tikhon/Документы/magnolia/esp-idf/components/esp_https_ota /home/tikhon/Документы/magnolia/esp-idf/components/esp_https_server /home/tikhon/Документы/magnolia/esp-idf/components/esp_hw_support /home/tikhon/Документы/magnolia/esp-idf/components/esp_lcd /home/tikhon/Документы/magnolia/esp-idf/components/esp_local_ctrl /home/tikhon/Документы/magnolia/esp-idf/components/esp_mm /home/tikhon/Документы/magnolia/esp-idf/components/esp_netif /home/tikhon/Документы/magnolia/esp-idf/components/esp_netif_stack /home/tikhon/Документы/magnolia/esp-idf/components/esp_partition /home/tikhon/Документы/magnolia/esp-idf/components/esp_phy /home/tikhon/Документы/magnolia/esp-idf/components/esp_pm /home/tikhon/Документы/magnolia/esp-idf/components/esp_psram /home/tikhon/Документы/magnolia/esp-idf/components/esp_ringbuf /home/tikhon/Документы/magnolia/esp-idf/components/esp_rom /home/tikhon/Документы/magnolia/esp-idf/components/esp_security /home/tikhon/Документы/magnolia/esp-idf/components/esp_system /home/tikhon/Документы/magnolia/esp-idf/components/esp_timer /home/tikhon/Документы/magnolia/esp-idf/components/esp_vfs_console /home/tikhon/Документы/magnolia/esp-idf/components/esp_wifi /home/tikhon/Документы/magnolia/esp-idf/components/espcoredump /home/tikhon/Документы/magnolia/applets/go/gohexdump/managed_components/espressif__cmake_utilities /home/tikhon/Документы/magnolia/applets/go/gohexdump/managed_components/espressif__elf_loader /home/tikhon/Документы/magnolia/esp-idf/components/esptool_py /home/tikhon/Документы/magnolia/esp-idf/components/fatfs /home/tikhon/Документы/magnolia/esp-idf/components/freertos /home/tikhon/Документы/magnolia/esp-idf/components/hal /home/tikhon/Документы/magnolia/esp-idf/components/heap /home/tikhon/Документы/magnolia/esp-idf/components/http_parser /home/tikhon/Документы/magnolia/esp-idf/components/idf_test /home/tikhon/Документы/magnolia/esp-idf/components/ieee802154 /home/tikhon/Документы/magnolia/esp-idf/components/json /home/tikhon/Документы/magnolia/esp-idf/components/log /home/tikhon/Документы/magnolia/esp-idf/components/lwip /home/tikhon/Документы/magnolia/applets/go/gohexdump/main /home/tikhon/Документы/magnolia/esp-idf/components/mbedtls /home/tikhon/Документы/magnolia/esp-idf/components/mqtt /home/tikhon/Документы/magnolia/esp-idf/components/newlib /home/tikhon/Документы/magnolia/esp-idf/components/nvs_flash /home/tikhon/Документы/magnolia/esp-idf/components/nvs_sec_provider /home/tikhon/Документы/magnolia/esp-idf/components/openthread /home/tikhon/Документы/magnolia/esp-idf/components/partition_table /home/tikhon/Документы/magnolia/esp-idf/components/perfmon /home/tikhon/Документы/magnolia/esp-idf/components/protobuf-c /home/tikhon/Документы/magnolia/esp-idf/components/protocomm /home/tikhon/Документы/magnolia/esp-idf/components/pthread /home/tikhon/Документы/magnolia/esp-idf/components/rt /home/tikhon/Документы/magnolia/esp-idf/components/sdmmc /home/tikhon/Документы/magnolia/esp-idf/components/soc /home/tikhon/Документы/magnolia/esp-idf/components/spi_flash /home/tikhon/Документы/magnolia/esp-idf/components/spiffs /home/tikhon/Документы/magnolia/esp-idf/components/tcp_transport /home/tikhon/Документы/magnolia/esp-idf/components/touch_element /home/tikhon/Документы/magnolia/esp-idf/components/ulp /home/tikhon/Документы/magnolia/esp-idf/components/unity /home/tikhon/Документы/magnolia/esp-idf/components/usb /home/tikhon/Документы/magnolia/esp-idf/components/vfs /home/tikhon/Документы/magnolia/esp-idf/components/wear_levelling /home/tikhon/Документы/magnolia/esp-idf/components/wifi_provisioning /home/tikhon/Документы/magnolia/esp-idf/components/wpa_supplicant /home/tikhon/Документы/magnolia/esp-idf/components/xtensa
-- Configuring done (5.0s)
-- Configuring done (5.0s)
-- App "rselftest" version: 96a69bd-dirty
-- App "hexdump" version: 96a69bd-dirty
Applet edit OK -> /home/tikhon/Документы/magnolia/rootfs/bin/edit
Building applet rusthello -> rusthello ...
+ idf.py elf
-- Generating done (0.5s)
-- USING O3
-- Build files have been written to: /home/tikhon/Документы/magnolia/applets/go/godd/build
-- Adding linker script /home/tikhon/Документы/magnolia/applets/rust/rhexdump/build/esp-idf/esp_system/ld/memory.ld
-- Adding linker script /home/tikhon/Документы/magnolia/applets/rust/rhexdump/build/esp-idf/esp_system/ld/sections.ld.in
-- Generating done (0.5s)
-- USING O3
-- Adding linker script /home/tikhon/Документы/magnolia/esp-idf/components/esp_rom/esp32s3/ld/esp32s3.rom.ld
-- Adding linker script /home/tikhon/Документы/magnolia/esp-idf/components/esp_rom/esp32s3/ld/esp32s3.rom.api.ld
-- Adding linker script /home/tikhon/Документы/magnolia/esp-idf/components/esp_rom/esp32s3/ld/esp32s3.rom.bt_funcs.ld
-- Adding linker script /home/tikhon/Документы/magnolia/esp-idf/components/esp_rom/esp32s3/ld/esp32s3.rom.libgcc.ld
-- Adding linker script /home/tikhon/Документы/magnolia/esp-idf/components/esp_rom/esp32s3/ld/esp32s3.rom.wdt.ld
-- Adding linker script /home/tikhon/Документы/magnolia/esp-idf/components/esp_rom/esp32s3/ld/esp32s3.rom.version.ld
-- Adding linker script /home/tikhon/Документы/magnolia/esp-idf/components/esp_rom/esp32s3/ld/esp32s3.rom.ble_master.ld
-- Adding linker script /home/tikhon/Документы/magnolia/esp-idf/components/esp_rom/esp32s3/ld/esp32s3.rom.ble_50.ld
-- Adding linker script /home/tikhon/Документы/magnolia/esp-idf/components/esp_rom/esp32s3/ld/esp32s3.rom.ble_smp.ld
-- Adding linker script /home/tikhon/Документы/magnolia/esp-idf/components/esp_rom/esp32s3/ld/esp32s3.rom.ble_dtm.ld
-- Adding linker script /home/tikhon/Документы/magnolia/esp-idf/components/esp_rom/esp32s3/ld/esp32s3.rom.ble_test.ld
-- Adding linker script /home/tikhon/Документы/magnolia/esp-idf/components/esp_rom/esp32s3/ld/esp32s3.rom.ble_scan.ld
-- Adding linker script /home/tikhon/Документы/magnolia/esp-idf/components/esp_rom/esp32s3/ld/esp32s3.rom.libc.ld
-- Adding linker script /home/tikhon/Документы/magnolia/esp-idf/components/esp_rom/esp32s3/ld/esp32s3.rom.newlib.ld
-- Generating done (0.5s)
-- Build files have been written to: /home/tikhon/Документы/magnolia/applets/rust/rdd/build
-- Generating done (0.5s)
-- Adding linker script /home/tikhon/Документы/magnolia/esp-idf/components/soc/esp32s3/ld/esp32s3.peripherals.ld
-- Adding linker script /home/tikhon/Документы/magnolia/applets/rust/rselftest/build/esp-idf/esp_system/ld/memory.ld
-- Adding linker script /home/tikhon/Документы/magnolia/applets/rust/rselftest/build/esp-idf/esp_system/ld/sections.ld.in
-- Build files have been written to: /home/tikhon/Документы/magnolia/applets/go/goargs/build
-- Build files have been written to: /home/tikhon/Документы/magnolia/applets/go/pwd/build
-- Adding linker script /home/tikhon/Документы/magnolia/esp-idf/components/esp_rom/esp32s3/ld/esp32s3.rom.ld
-- Adding linker script /home/tikhon/Документы/magnolia/esp-idf/components/esp_rom/esp32s3/ld/esp32s3.rom.api.ld
-- Adding linker script /home/tikhon/Документы/magnolia/esp-idf/components/esp_rom/esp32s3/ld/esp32s3.rom.bt_funcs.ld
-- Adding linker script /home/tikhon/Документы/magnolia/esp-idf/components/esp_rom/esp32s3/ld/esp32s3.rom.libgcc.ld
-- Adding linker script /home/tikhon/Документы/magnolia/esp-idf/components/esp_rom/esp32s3/ld/esp32s3.rom.wdt.ld
-- Adding linker script /home/tikhon/Документы/magnolia/esp-idf/components/esp_rom/esp32s3/ld/esp32s3.rom.version.ld
-- Adding linker script /home/tikhon/Документы/magnolia/esp-idf/components/esp_rom/esp32s3/ld/esp32s3.rom.ble_master.ld
-- Adding linker script /home/tikhon/Документы/magnolia/esp-idf/components/esp_rom/esp32s3/ld/esp32s3.rom.ble_50.ld
-- Adding linker script /home/tikhon/Документы/magnolia/esp-idf/components/esp_rom/esp32s3/ld/esp32s3.rom.ble_smp.ld
-- Adding linker script /home/tikhon/Документы/magnolia/esp-idf/components/esp_rom/esp32s3/ld/esp32s3.rom.ble_dtm.ld
-- Adding linker script /home/tikhon/Документы/magnolia/esp-idf/components/esp_rom/esp32s3/ld/esp32s3.rom.ble_test.ld
-- Adding linker script /home/tikhon/Документы/magnolia/esp-idf/components/esp_rom/esp32s3/ld/esp32s3.rom.ble_scan.ld
-- Adding linker script /home/tikhon/Документы/magnolia/esp-idf/components/esp_rom/esp32s3/ld/esp32s3.rom.libc.ld
-- Adding linker script /home/tikhon/Документы/magnolia/esp-idf/components/esp_rom/esp32s3/ld/esp32s3.rom.newlib.ld
-- Generating done (0.5s)
-- Adding linker script /home/tikhon/Документы/magnolia/esp-idf/components/soc/esp32s3/ld/esp32s3.peripherals.ld
-- Generating done (0.5s)
-- Build files have been written to: /home/tikhon/Документы/magnolia/applets/go/uname/build
[0/4] Re-checking globbed directories...
-- Build files have been written to: /home/tikhon/Документы/magnolia/applets/go/true/build
-- Generating done (0.5s)
[0/4] Re-checking globbed directories...
[0/4] Re-checking globbed directories...
-- Generating done (0.7s)
-- Build files have been written to: /home/tikhon/Документы/magnolia/applets/go/gohexdump/build
[1/4] Build ELF: dd.app.elf
[0/4] Re-checking globbed directories...
-- Build files have been written to: /home/tikhon/Документы/magnolia/applets/go/gotest/build
-- Generating done (0.6s)
[1/1053] Generating /home/tikhon/Документы/magnolia/applets/rust/rdd/build/esp-idf/esp_system/ld/memory.ld linker script...
[2/1053] Generating /home/tikhon/Документы/magnolia/applets/rust/rdd/build/esp-idf/esp_system/ld/sections.ld.in linker script...
[0/4] Re-checking globbed directories...
[0/4] Re-checking globbed directories...
-- Build files have been written to: /home/tikhon/Документы/magnolia/applets/go/goxxd/build
[1/4] Build ELF: pwd.app.elf
-- Generating done (0.6s)
[1/4] Build ELF: goargs.app.elf
-- Build files have been written to: /home/tikhon/Документы/magnolia/applets/go/sleep/build
[1/4] Build ELF: uname.app.elf
[0/4] Re-checking globbed directories...
-- Generating done (0.6s)
[1/4] Build ELF: true.app.elf
[0/4] Re-checking globbed directories...
[3/1053] Building C object esp-idf/esp_http_client/CMakeFiles/__idf_esp_http_client.dir/lib/http_header.c.obj
-- Build files have been written to: /home/tikhon/Документы/magnolia/applets/go/gohello/build
[4/1053] Building C object esp-idf/esp_http_server/CMakeFiles/__idf_esp_http_server.dir/src/httpd_ws.c.obj
[5/1053] Building C object esp-idf/esp_http_client/CMakeFiles/__idf_esp_http_client.dir/lib/http_utils.c.obj
[1/4] Build ELF: hexdump.app.elf
Executing action: elf
Running ninja in directory /home/tikhon/Документы/magnolia/applets/rust/rshello/build
Executing "ninja elf"...
[1/1] Build ELF: rshello.app.elf
/home/tikhon/.espressif/tools/xtensa-esp-elf/esp-15.1.0_20250607/xtensa-esp-elf/bin/../lib/gcc/xtensa-esp-elf/15.1.0/../../../../xtensa-esp-elf/bin/ld: warning: main.c.obj: missing .note.GNU-stack section implies executable stack
/home/tikhon/.espressif/tools/xtensa-esp-elf/esp-15.1.0_20250607/xtensa-esp-elf/bin/../lib/gcc/xtensa-esp-elf/15.1.0/../../../../xtensa-esp-elf/bin/ld: NOTE: This behaviour is deprecated and will be removed in a future version of the linker
Applet godd OK -> /home/tikhon/Документы/magnolia/rootfs/bin/godd
Building applet rxxd -> rxxd ...
+ idf.py elf
[6/1053] Building C object esp-idf/tcp_transport/CMakeFiles/__idf_tcp_transport.dir/transport.c.obj
[0/4] Re-checking globbed directories...
[7/1053] Building C object esp-idf/tcp_transport/CMakeFiles/__idf_tcp_transport.dir/transport_socks_proxy.c.obj
[1/4] Build ELF: gotest.app.elf
[8/1053] Building C object esp-idf/esp_https_ota/CMakeFiles/__idf_esp_https_ota.dir/src/esp_https_ota.c.obj
[9/1053] Building C object esp-idf/esp_adc/CMakeFiles/__idf_esp_adc.dir/adc_cali.c.obj
Applet goargs OK -> /home/tikhon/Документы/magnolia/rootfs/bin/goargs
Building applet zdd -> zdd ...
+ idf.py elf
[10/1053] Building C object esp-idf/esp_http_server/CMakeFiles/__idf_esp_http_server.dir/src/httpd_sess.c.obj
[11/1053] Building C object esp-idf/tcp_transport/CMakeFiles/__idf_tcp_transport.dir/transport_internal.c.obj
-- ELF_LOADER: 1.1.1
[12/1053] Building C object esp-idf/esp_http_server/CMakeFiles/__idf_esp_http_server.dir/src/util/ctrl_sock.c.obj
[13/1053] Linking C static library esp-idf/esp_https_ota/libesp_https_ota.a
[14/1053] Building C object esp-idf/esp_http_server/CMakeFiles/__idf_esp_http_server.dir/src/httpd_txrx.c.obj
[0/4] Re-checking globbed directories...
[15/1053] Building C object esp-idf/esp_http_server/CMakeFiles/__idf_esp_http_server.dir/src/httpd_parse.c.obj
[16/1053] Building C object esp-idf/esp_adc/CMakeFiles/__idf_esp_adc.dir/adc_common.c.obj
[17/1053] Building C object esp-idf/esp_adc/CMakeFiles/__idf_esp_adc.dir/esp32s3/curve_fitting_coefficients.c.obj
[1/4] Build ELF: xxd.app.elf
[18/1053] Building C object esp-idf/esp_http_server/CMakeFiles/__idf_esp_http_server.dir/src/httpd_main.c.obj
Applet true OK -> /home/tikhon/Документы/magnolia/rootfs/bin/gotrue
Building applet zhexdump -> zhexdump ...
+ idf.py elf
Applet uname OK -> /home/tikhon/Документы/magnolia/rootfs/bin/gouname
Building applet zigdemo -> zigdemo ...
+ idf.py elf
[19/1053] Building C object esp-idf/esp_http_client/CMakeFiles/__idf_esp_http_client.dir/lib/http_auth.c.obj
[20/1053] Building C object esp-idf/esp_adc/CMakeFiles/__idf_esp_adc.dir/adc_cali_curve_fitting.c.obj
Applet pwd OK -> /home/tikhon/Документы/magnolia/rootfs/bin/gopwd
Building applet zighello -> zighello ...
+ idf.py elf
[21/1053] Building C object esp-idf/esp_http_server/CMakeFiles/__idf_esp_http_server.dir/src/httpd_uri.c.obj
[22/1053] Building C object esp-idf/esp-tls/CMakeFiles/__idf_esp-tls.dir/esp_tls_platform_port.c.obj
[23/1053] Building C object esp-idf/tcp_transport/CMakeFiles/__idf_tcp_transport.dir/transport_ssl.c.obj
[24/1053] Building C object esp-idf/esp-tls/CMakeFiles/__idf_esp-tls.dir/esp-tls-crypto/esp_tls_crypto.c.obj
[25/1053] Building C object esp-idf/esp_adc/CMakeFiles/__idf_esp_adc.dir/adc_oneshot.c.obj
[1/4] Build ELF: sleep.app.elf
[26/1053] Linking C static library esp-idf/esp_http_server/libesp_http_server.a
Applet gohexdump OK -> /home/tikhon/Документы/magnolia/rootfs/bin/gohexdump
Building applet zigtest -> zigtest ...
+ idf.py elf
[27/1053] Building C object esp-idf/esp_adc/CMakeFiles/__idf_esp_adc.dir/gdma/adc_dma.c.obj
[28/1053] Building C object esp-idf/esp_adc/CMakeFiles/__idf_esp_adc.dir/adc_monitor.c.obj
[29/1053] Building C object esp-idf/esp_adc/CMakeFiles/__idf_esp_adc.dir/adc_filter.c.obj
[30/1053] Building C object esp-idf/esp-tls/CMakeFiles/__idf_esp-tls.dir/esp_tls_error_capture.c.obj
[31/1053] Building C object esp-idf/tcp_transport/CMakeFiles/__idf_tcp_transport.dir/transport_ws.c.obj
[0/4] Re-checking globbed directories...
[32/1053] Building C object esp-idf/esp_adc/CMakeFiles/__idf_esp_adc.dir/adc_continuous.c.obj
Executing action: elf
Running ninja in directory /home/tikhon/Документы/magnolia/applets/go/false/build
Executing "ninja elf"...
[0/2] Re-checking globbed directories...
Applet rshello OK -> /home/tikhon/Документы/magnolia/rootfs/bin/rshello
Building applet zxxd -> zxxd ...
+ idf.py elf
[1/1051] Generating /home/tikhon/Документы/magnolia/applets/go/false/build/esp-idf/esp_system/ld/sections.ld.in linker script...
Applet gotest OK -> /home/tikhon/Документы/magnolia/rootfs/bin/gotest
[33/1053] Building C object esp-idf/driver/CMakeFiles/__idf_driver.dir/touch_sensor/touch_sensor_common.c.obj
[2/1051] Generating /home/tikhon/Документы/magnolia/applets/go/false/build/esp-idf/esp_system/ld/memory.ld linker script...
[1/4] Build ELF: gohello.app.elf
FAILED: elf_app /home/tikhon/Документы/magnolia/applets/go/gohello/build/elf_app 
cd /home/tikhon/Документы/magnolia/applets/go/gohello/build && /home/tikhon/.espressif/tools/xtensa-esp-elf/esp-15.1.0_20250607/xtensa-esp-elf/bin/xtensa-esp32s3-elf-gcc -nostartfiles -nostdlib -fPIC -shared -e app_main -fdata-sections -ffunction-sections -Wl,--gc-sections -fvisibility=hidden -Wl,--strip-all -Wl,--strip-debug -Wl,--strip-discarded -Dmain=app_main -Wl,-z,notext -Wl,-z,noexecstack esp-idf/main/libmain.a -o gohello.app.elf && /home/tikhon/.espressif/tools/xtensa-esp-elf/esp-15.1.0_20250607/xtensa-esp-elf/bin/xtensa-esp32s3-elf-strip --strip-unneeded --remove-section=.comment --remove-section=.got.loc --remove-section=.dynamic --remove-section=.xt.lit --remove-section=.xt.prop --remove-section=.xtensa.info gohello.app.elf
/home/tikhon/.espressif/tools/xtensa-esp-elf/esp-15.1.0_20250607/xtensa-esp-elf/bin/../lib/gcc/xtensa-esp-elf/15.1.0/../../../../xtensa-esp-elf/bin/ld: warning: cannot find entry symbol app_main; not setting start address
/home/tikhon/.espressif/tools/xtensa-esp-elf/esp-15.1.0_20250607/xtensa-esp-elf/bin/xtensa-esp-elf-strip: error: the input file 'gohello.app.elf' has no sections
ninja: build stopped: subcommand failed.
Applet goxxd OK -> /home/tikhon/Документы/magnolia/rootfs/bin/goxxd
[34/1053] Building C object esp-idf/esp_driver_twai/CMakeFiles/__idf_esp_driver_twai.dir/esp_twai.c.obj
[35/1053] Building C object esp-idf/esp_driver_tsens/CMakeFiles/__idf_esp_driver_tsens.dir/src/temperature_sensor.c.obj
[36/1053] Building C object esp-idf/esp_http_client/CMakeFiles/__idf_esp_http_client.dir/esp_http_client.c.obj
[37/1053] Building C object esp-idf/esp-tls/CMakeFiles/__idf_esp-tls.dir/esp_tls_mbedtls.c.obj
[38/1053] Linking C static library esp-idf/esp_http_client/libesp_http_client.a
[39/1053] Building C object esp-idf/esp_driver_i2c/CMakeFiles/__idf_esp_driver_i2c.dir/i2c_slave.c.obj
[40/1053] Building C object esp-idf/esp_driver_rmt/CMakeFiles/__idf_esp_driver_rmt.dir/src/rmt_encoder.c.obj
Applet sleep OK -> /home/tikhon/Документы/magnolia/rootfs/bin/gosleep
[3/1051] Building C object esp-idf/esp_http_client/CMakeFiles/__idf_esp_http_client.dir/lib/http_utils.c.obj
[41/1053] Building C object esp-idf/esp_driver_i2c/CMakeFiles/__idf_esp_driver_i2c.dir/i2c_common.c.obj
[42/1053] Linking C static library esp-idf/tcp_transport/libtcp_transport.a
[43/1053] Building C object esp-idf/esp_driver_sdm/CMakeFiles/__idf_esp_driver_sdm.dir/src/sdm.c.obj
[44/1053] Building C object esp-idf/esp-tls/CMakeFiles/__idf_esp-tls.dir/esp_tls.c.obj
[4/1051] Building C object esp-idf/esp_http_server/CMakeFiles/__idf_esp_http_server.dir/src/util/ctrl_sock.c.obj
[5/1051] Building C object esp-idf/esp_http_client/CMakeFiles/__idf_esp_http_client.dir/lib/http_header.c.obj
[45/1053] Building C object esp-idf/driver/CMakeFiles/__idf_driver.dir/twai/twai.c.obj
[46/1053] Building C object esp-idf/esp_driver_sdspi/CMakeFiles/__idf_esp_driver_sdspi.dir/src/sdspi_crc.c.obj
[6/1051] Building C object esp-idf/tcp_transport/CMakeFiles/__idf_tcp_transport.dir/transport_socks_proxy.c.obj
[47/1053] Linking C static library esp-idf/esp_adc/libesp_adc.a
[7/1051] Building C object esp-idf/esp_http_server/CMakeFiles/__idf_esp_http_server.dir/src/httpd_ws.c.obj
[48/1053] Linking C static library esp-idf/esp-tls/libesp-tls.a
[49/1053] Building C object esp-idf/esp_driver_rmt/CMakeFiles/__idf_esp_driver_rmt.dir/src/rmt_encoder_bytes.c.obj
Executing action: elf
Running ninja in directory /home/tikhon/Документы/magnolia/applets/rust/rusthello/build
Executing "ninja elf"...
[0/2] Re-checking globbed directories...
[1/2] Re-running CMake...
[8/1051] Building C object esp-idf/esp_adc/CMakeFiles/__idf_esp_adc.dir/adc_cali.c.obj
[9/1051] Building C object esp-idf/esp_http_server/CMakeFiles/__idf_esp_http_server.dir/src/httpd_parse.c.obj
[10/1051] Building C object esp-idf/esp_adc/CMakeFiles/__idf_esp_adc.dir/adc_oneshot.c.obj
-- Components: app_trace app_update bootloader bootloader_support bt cmock console cxx driver efuse esp-tls esp_adc esp_app_format esp_bootloader_format esp_coex esp_common esp_driver_ana_cmpr esp_driver_bitscrambler esp_driver_cam esp_driver_dac esp_driver_gpio esp_driver_gptimer esp_driver_i2c esp_driver_i2s esp_driver_i3c esp_driver_isp esp_driver_jpeg esp_driver_ledc esp_driver_mcpwm esp_driver_parlio esp_driver_pcnt esp_driver_ppa esp_driver_rmt esp_driver_sd_intf esp_driver_sdio esp_driver_sdm esp_driver_sdmmc esp_driver_sdspi esp_driver_spi esp_driver_touch_sens esp_driver_tsens esp_driver_twai esp_driver_uart esp_driver_usb_serial_jtag esp_eth esp_event esp_gdbstub esp_hid esp_http_client esp_http_server esp_https_ota esp_https_server esp_hw_support esp_lcd esp_local_ctrl esp_mm esp_netif esp_netif_stack esp_partition esp_phy esp_pm esp_psram esp_ringbuf esp_rom esp_security esp_system esp_timer esp_vfs_console esp_wifi espcoredump esptool_py fatfs freertos hal heap http_parser idf_test ieee802154 json log lwip main mbedtls mqtt newlib nvs_flash nvs_sec_provider openthread partition_table perfmon protobuf-c protocomm pthread rt sdmmc soc spi_flash spiffs tcp_transport touch_element ulp unity usb vfs wear_levelling wifi_provisioning wpa_supplicant xtensa
-- Component paths: /home/tikhon/Документы/magnolia/esp-idf/components/app_trace /home/tikhon/Документы/magnolia/esp-idf/components/app_update /home/tikhon/Документы/magnolia/esp-idf/components/bootloader /home/tikhon/Документы/magnolia/esp-idf/components/bootloader_support /home/tikhon/Документы/magnolia/esp-idf/components/bt /home/tikhon/Документы/magnolia/esp-idf/components/cmock /home/tikhon/Документы/magnolia/esp-idf/components/console /home/tikhon/Документы/magnolia/esp-idf/components/cxx /home/tikhon/Документы/magnolia/esp-idf/components/driver /home/tikhon/Документы/magnolia/esp-idf/components/efuse /home/tikhon/Документы/magnolia/esp-idf/components/esp-tls /home/tikhon/Документы/magnolia/esp-idf/components/esp_adc /home/tikhon/Документы/magnolia/esp-idf/components/esp_app_format /home/tikhon/Документы/magnolia/esp-idf/components/esp_bootloader_format /home/tikhon/Документы/magnolia/esp-idf/components/esp_coex /home/tikhon/Документы/magnolia/esp-idf/components/esp_common /home/tikhon/Документы/magnolia/esp-idf/components/esp_driver_ana_cmpr /home/tikhon/Документы/magnolia/esp-idf/components/esp_driver_bitscrambler /home/tikhon/Документы/magnolia/esp-idf/components/esp_driver_cam /home/tikhon/Документы/magnolia/esp-idf/components/esp_driver_dac /home/tikhon/Документы/magnolia/esp-idf/components/esp_driver_gpio /home/tikhon/Документы/magnolia/esp-idf/components/esp_driver_gptimer /home/tikhon/Документы/magnolia/esp-idf/components/esp_driver_i2c /home/tikhon/Документы/magnolia/esp-idf/components/esp_driver_i2s /home/tikhon/Документы/magnolia/esp-idf/components/esp_driver_i3c /home/tikhon/Документы/magnolia/esp-idf/components/esp_driver_isp /home/tikhon/Документы/magnolia/esp-idf/components/esp_driver_jpeg /home/tikhon/Документы/magnolia/esp-idf/components/esp_driver_ledc /home/tikhon/Документы/magnolia/esp-idf/components/esp_driver_mcpwm /home/tikhon/Документы/magnolia/esp-idf/components/esp_driver_parlio /home/tikhon/Документы/magnolia/esp-idf/components/esp_driver_pcnt /home/tikhon/Документы/magnolia/esp-idf/components/esp_driver_ppa /home/tikhon/Документы/magnolia/esp-idf/components/esp_driver_rmt /home/tikhon/Документы/magnolia/esp-idf/components/esp_driver_sd_intf /home/tikhon/Документы/magnolia/esp-idf/components/esp_driver_sdio /home/tikhon/Документы/magnolia/esp-idf/components/esp_driver_sdm /home/tikhon/Документы/magnolia/esp-idf/components/esp_driver_sdmmc /home/tikhon/Документы/magnolia/esp-idf/components/esp_driver_sdspi /home/tikhon/Документы/magnolia/esp-idf/components/esp_driver_spi /home/tikhon/Документы/magnolia/esp-idf/components/esp_driver_touch_sens /home/tikhon/Документы/magnolia/esp-idf/components/esp_driver_tsens /home/tikhon/Документы/magnolia/esp-idf/components/esp_driver_twai /home/tikhon/Документы/magnolia/esp-idf/components/esp_driver_uart /home/tikhon/Документы/magnolia/esp-idf/components/esp_driver_usb_serial_jtag /home/tikhon/Документы/magnolia/esp-idf/components/esp_eth /home/tikhon/Документы/magnolia/esp-idf/components/esp_event /home/tikhon/Документы/magnolia/esp-idf/components/esp_gdbstub /home/tikhon/Документы/magnolia/esp-idf/components/esp_hid /home/tikhon/Документы/magnolia/esp-idf/components/esp_http_client /home/tikhon/Документы/magnolia/esp-idf/components/esp_http_server /home/tikhon/Документы/magnolia/esp-idf/components/esp_https_ota /home/tikhon/Документы/magnolia/esp-idf/components/esp_https_server /home/tikhon/Документы/magnolia/esp-idf/components/esp_hw_support /home/tikhon/Документы/magnolia/esp-idf/components/esp_lcd /home/tikhon/Документы/magnolia/esp-idf/components/esp_local_ctrl /home/tikhon/Документы/magnolia/esp-idf/components/esp_mm /home/tikhon/Документы/magnolia/esp-idf/components/esp_netif /home/tikhon/Документы/magnolia/esp-idf/components/esp_netif_stack /home/tikhon/Документы/magnolia/esp-idf/components/esp_partition /home/tikhon/Документы/magnolia/esp-idf/components/esp_phy /home/tikhon/Документы/magnolia/esp-idf/components/esp_pm /home/tikhon/Документы/magnolia/esp-idf/components/esp_psram /home/tikhon/Документы/magnolia/esp-idf/components/esp_ringbuf /home/tikhon/Документы/magnolia/esp-idf/components/esp_rom /home/tikhon/Документы/magnolia/esp-idf/components/esp_security /home/tikhon/Документы/magnolia/esp-idf/components/esp_system /home/tikhon/Документы/magnolia/esp-idf/components/esp_timer /home/tikhon/Документы/magnolia/esp-idf/components/esp_vfs_console /home/tikhon/Документы/magnolia/esp-idf/components/esp_wifi /home/tikhon/Документы/magnolia/esp-idf/components/espcoredump /home/tikhon/Документы/magnolia/esp-idf/components/esptool_py /home/tikhon/Документы/magnolia/esp-idf/components/fatfs /home/tikhon/Документы/magnolia/esp-idf/components/freertos /home/tikhon/Документы/magnolia/esp-idf/components/hal /home/tikhon/Документы/magnolia/esp-idf/components/heap /home/tikhon/Документы/magnolia/esp-idf/components/http_parser /home/tikhon/Документы/magnolia/esp-idf/components/idf_test /home/tikhon/Документы/magnolia/esp-idf/components/ieee802154 /home/tikhon/Документы/magnolia/esp-idf/components/json /home/tikhon/Документы/magnolia/esp-idf/components/log /home/tikhon/Документы/magnolia/esp-idf/components/lwip /home/tikhon/Документы/magnolia/applets/rust/rselftest/main /home/tikhon/Документы/magnolia/esp-idf/components/mbedtls /home/tikhon/Документы/magnolia/esp-idf/components/mqtt /home/tikhon/Документы/magnolia/esp-idf/components/newlib /home/tikhon/Документы/magnolia/esp-idf/components/nvs_flash /home/tikhon/Документы/magnolia/esp-idf/components/nvs_sec_provider /home/tikhon/Документы/magnolia/esp-idf/components/openthread /home/tikhon/Документы/magnolia/esp-idf/components/partition_table /home/tikhon/Документы/magnolia/esp-idf/components/perfmon /home/tikhon/Документы/magnolia/esp-idf/components/protobuf-c /home/tikhon/Документы/magnolia/esp-idf/components/protocomm /home/tikhon/Документы/magnolia/esp-idf/components/pthread /home/tikhon/Документы/magnolia/esp-idf/components/rt /home/tikhon/Документы/magnolia/esp-idf/components/sdmmc /home/tikhon/Документы/magnolia/esp-idf/components/soc /home/tikhon/Документы/magnolia/esp-idf/components/spi_flash /home/tikhon/Документы/magnolia/esp-idf/components/spiffs /home/tikhon/Документы/magnolia/esp-idf/components/tcp_transport /home/tikhon/Документы/magnolia/esp-idf/components/touch_element /home/tikhon/Документы/magnolia/esp-idf/components/ulp /home/tikhon/Документы/magnolia/esp-idf/components/unity /home/tikhon/Документы/magnolia/esp-idf/components/usb /home/tikhon/Документы/magnolia/esp-idf/components/vfs /home/tikhon/Документы/magnolia/esp-idf/components/wear_levelling /home/tikhon/Документы/magnolia/esp-idf/components/wifi_provisioning /home/tikhon/Документы/magnolia/esp-idf/components/wpa_supplicant /home/tikhon/Документы/magnolia/esp-idf/components/xtensa
[50/1053] Building C object esp-idf/esp_driver_sdmmc/CMakeFiles/__idf_esp_driver_sdmmc.dir/legacy/src/sdmmc_transaction.c.obj
[51/1053] Building C object esp-idf/esp_driver_rmt/CMakeFiles/__idf_esp_driver_rmt.dir/src/rmt_encoder_simple.c.obj
-- Configuring done (5.3s)
[52/1053] Building C object esp-idf/esp_driver_sdspi/CMakeFiles/__idf_esp_driver_sdspi.dir/src/sdspi_host.c.obj
[11/1051] Building C object esp-idf/tcp_transport/CMakeFiles/__idf_tcp_transport.dir/transport_ssl.c.obj
[53/1053] Building C object esp-idf/esp_driver_rmt/CMakeFiles/__idf_esp_driver_rmt.dir/src/rmt_rx.c.obj
[54/1053] Building C object esp-idf/esp_driver_rmt/CMakeFiles/__idf_esp_driver_rmt.dir/src/rmt_encoder_copy.c.obj
[55/1053] Building C object esp-idf/esp_driver_twai/CMakeFiles/__idf_esp_driver_twai.dir/esp_twai_onchip.c.obj
[12/1051] Building C object esp-idf/esp_http_client/CMakeFiles/__idf_esp_http_client.dir/lib/http_auth.c.obj
[13/1051] Building C object esp-idf/esp_http_server/CMakeFiles/__idf_esp_http_server.dir/src/httpd_uri.c.obj
[14/1051] Building C object esp-idf/esp_adc/CMakeFiles/__idf_esp_adc.dir/adc_common.c.obj
[15/1051] Building C object esp-idf/esp_adc/CMakeFiles/__idf_esp_adc.dir/adc_cali_curve_fitting.c.obj
[16/1051] Building C object esp-idf/esp_adc/CMakeFiles/__idf_esp_adc.dir/adc_continuous.c.obj
[17/1051] Building C object esp-idf/esp_http_server/CMakeFiles/__idf_esp_http_server.dir/src/httpd_sess.c.obj
[18/1051] Building C object esp-idf/tcp_transport/CMakeFiles/__idf_tcp_transport.dir/transport.c.obj
[56/1053] Building C object esp-idf/esp_driver_rmt/CMakeFiles/__idf_esp_driver_rmt.dir/src/rmt_common.c.obj
[19/1051] Building C object esp-idf/tcp_transport/CMakeFiles/__idf_tcp_transport.dir/transport_internal.c.obj
[20/1051] Building C object esp-idf/esp_adc/CMakeFiles/__idf_esp_adc.dir/esp32s3/curve_fitting_coefficients.c.obj
[21/1051] Building C object esp-idf/esp_adc/CMakeFiles/__idf_esp_adc.dir/gdma/adc_dma.c.obj
[22/1051] Building C object esp-idf/esp-tls/CMakeFiles/__idf_esp-tls.dir/esp-tls-crypto/esp_tls_crypto.c.obj
[23/1051] Building C object esp-idf/esp-tls/CMakeFiles/__idf_esp-tls.dir/esp_tls_platform_port.c.obj
[24/1051] Building C object esp-idf/esp_http_server/CMakeFiles/__idf_esp_http_server.dir/src/httpd_txrx.c.obj
[57/1053] Building C object esp-idf/esp_driver_sdspi/CMakeFiles/__idf_esp_driver_sdspi.dir/src/sdspi_transaction.c.obj
-- Components: app_trace app_update bootloader bootloader_support bt cmock console cxx driver efuse esp-tls esp_adc esp_app_format esp_bootloader_format esp_coex esp_common esp_driver_ana_cmpr esp_driver_bitscrambler esp_driver_cam esp_driver_dac esp_driver_gpio esp_driver_gptimer esp_driver_i2c esp_driver_i2s esp_driver_i3c esp_driver_isp esp_driver_jpeg esp_driver_ledc esp_driver_mcpwm esp_driver_parlio esp_driver_pcnt esp_driver_ppa esp_driver_rmt esp_driver_sd_intf esp_driver_sdio esp_driver_sdm esp_driver_sdmmc esp_driver_sdspi esp_driver_spi esp_driver_touch_sens esp_driver_tsens esp_driver_twai esp_driver_uart esp_driver_usb_serial_jtag esp_eth esp_event esp_gdbstub esp_hid esp_http_client esp_http_server esp_https_ota esp_https_server esp_hw_support esp_lcd esp_local_ctrl esp_mm esp_netif esp_netif_stack esp_partition esp_phy esp_pm esp_psram esp_ringbuf esp_rom esp_security esp_system esp_timer esp_vfs_console esp_wifi espcoredump espressif__cmake_utilities espressif__elf_loader esptool_py fatfs freertos hal heap http_parser idf_test ieee802154 json log lwip main mbedtls mqtt newlib nvs_flash nvs_sec_provider openthread partition_table perfmon protobuf-c protocomm pthread rt sdmmc soc spi_flash spiffs tcp_transport touch_element ulp unity usb vfs wear_levelling wifi_provisioning wpa_supplicant xtensa
-- Component paths: /home/tikhon/Документы/magnolia/esp-idf/components/app_trace /home/tikhon/Документы/magnolia/esp-idf/components/app_update /home/tikhon/Документы/magnolia/esp-idf/components/bootloader /home/tikhon/Документы/magnolia/esp-idf/components/bootloader_support /home/tikhon/Документы/magnolia/esp-idf/components/bt /home/tikhon/Документы/magnolia/esp-idf/components/cmock /home/tikhon/Документы/magnolia/esp-idf/components/console /home/tikhon/Документы/magnolia/esp-idf/components/cxx /home/tikhon/Документы/magnolia/esp-idf/components/driver /home/tikhon/Документы/magnolia/esp-idf/components/efuse /home/tikhon/Документы/magnolia/esp-idf/components/esp-tls /home/tikhon/Документы/magnolia/esp-idf/components/esp_adc /home/tikhon/Документы/magnolia/esp-idf/components/esp_app_format /home/tikhon/Документы/magnolia/esp-idf/components/esp_bootloader_format /home/tikhon/Документы/magnolia/esp-idf/components/esp_coex /home/tikhon/Документы/magnolia/esp-idf/components/esp_common /home/tikhon/Документы/magnolia/esp-idf/components/esp_driver_ana_cmpr /home/tikhon/Документы/magnolia/esp-idf/components/esp_driver_bitscrambler /home/tikhon/Документы/magnolia/esp-idf/components/esp_driver_cam /home/tikhon/Документы/magnolia/esp-idf/components/esp_driver_dac /home/tikhon/Документы/magnolia/esp-idf/components/esp_driver_gpio /home/tikhon/Документы/magnolia/esp-idf/components/esp_driver_gptimer /home/tikhon/Документы/magnolia/esp-idf/components/esp_driver_i2c /home/tikhon/Документы/magnolia/esp-idf/components/esp_driver_i2s /home/tikhon/Документы/magnolia/esp-idf/components/esp_driver_i3c /home/tikhon/Документы/magnolia/esp-idf/components/esp_driver_isp /home/tikhon/Документы/magnolia/esp-idf/components/esp_driver_jpeg /home/tikhon/Документы/magnolia/esp-idf/components/esp_driver_ledc /home/tikhon/Документы/magnolia/esp-idf/components/esp_driver_mcpwm /home/tikhon/Документы/magnolia/esp-idf/components/esp_driver_parlio /home/tikhon/Документы/magnolia/esp-idf/components/esp_driver_pcnt /home/tikhon/Документы/magnolia/esp-idf/components/esp_driver_ppa /home/tikhon/Документы/magnolia/esp-idf/components/esp_driver_rmt /home/tikhon/Документы/magnolia/esp-idf/components/esp_driver_sd_intf /home/tikhon/Документы/magnolia/esp-idf/components/esp_driver_sdio /home/tikhon/Документы/magnolia/esp-idf/components/esp_driver_sdm /home/tikhon/Документы/magnolia/esp-idf/components/esp_driver_sdmmc /home/tikhon/Документы/magnolia/esp-idf/components/esp_driver_sdspi /home/tikhon/Документы/magnolia/esp-idf/components/esp_driver_spi /home/tikhon/Документы/magnolia/esp-idf/components/esp_driver_touch_sens /home/tikhon/Документы/magnolia/esp-idf/components/esp_driver_tsens /home/tikhon/Документы/magnolia/esp-idf/components/esp_driver_twai /home/tikhon/Документы/magnolia/esp-idf/components/esp_driver_uart /home/tikhon/Документы/magnolia/esp-idf/components/esp_driver_usb_serial_jtag /home/tikhon/Документы/magnolia/esp-idf/components/esp_eth /home/tikhon/Документы/magnolia/esp-idf/components/esp_event /home/tikhon/Документы/magnolia/esp-idf/components/esp_gdbstub /home/tikhon/Документы/magnolia/esp-idf/components/esp_hid /home/tikhon/Документы/magnolia/esp-idf/components/esp_http_client /home/tikhon/Документы/magnolia/esp-idf/components/esp_http_server /home/tikhon/Документы/magnolia/esp-idf/components/esp_https_ota /home/tikhon/Документы/magnolia/esp-idf/components/esp_https_server /home/tikhon/Документы/magnolia/esp-idf/components/esp_hw_support /home/tikhon/Документы/magnolia/esp-idf/components/esp_lcd /home/tikhon/Документы/magnolia/esp-idf/components/esp_local_ctrl /home/tikhon/Документы/magnolia/esp-idf/components/esp_mm /home/tikhon/Документы/magnolia/esp-idf/components/esp_netif /home/tikhon/Документы/magnolia/esp-idf/components/esp_netif_stack /home/tikhon/Документы/magnolia/esp-idf/components/esp_partition /home/tikhon/Документы/magnolia/esp-idf/components/esp_phy /home/tikhon/Документы/magnolia/esp-idf/components/esp_pm /home/tikhon/Документы/magnolia/esp-idf/components/esp_psram /home/tikhon/Документы/magnolia/esp-idf/components/esp_ringbuf /home/tikhon/Документы/magnolia/esp-idf/components/esp_rom /home/tikhon/Документы/magnolia/esp-idf/components/esp_security /home/tikhon/Документы/magnolia/esp-idf/components/esp_system /home/tikhon/Документы/magnolia/esp-idf/components/esp_timer /home/tikhon/Документы/magnolia/esp-idf/components/esp_vfs_console /home/tikhon/Документы/magnolia/esp-idf/components/esp_wifi /home/tikhon/Документы/magnolia/esp-idf/components/espcoredump /home/tikhon/Документы/magnolia/applets/rust/rhexdump/managed_components/espressif__cmake_utilities /home/tikhon/Документы/magnolia/applets/rust/rhexdump/managed_components/espressif__elf_loader /home/tikhon/Документы/magnolia/esp-idf/components/esptool_py /home/tikhon/Документы/magnolia/esp-idf/components/fatfs /home/tikhon/Документы/magnolia/esp-idf/components/freertos /home/tikhon/Документы/magnolia/esp-idf/components/hal /home/tikhon/Документы/magnolia/esp-idf/components/heap /home/tikhon/Документы/magnolia/esp-idf/components/http_parser /home/tikhon/Документы/magnolia/esp-idf/components/idf_test /home/tikhon/Документы/magnolia/esp-idf/components/ieee802154 /home/tikhon/Документы/magnolia/esp-idf/components/json /home/tikhon/Документы/magnolia/esp-idf/components/log /home/tikhon/Документы/magnolia/esp-idf/components/lwip /home/tikhon/Документы/magnolia/applets/rust/rhexdump/main /home/tikhon/Документы/magnolia/esp-idf/components/mbedtls /home/tikhon/Документы/magnolia/esp-idf/components/mqtt /home/tikhon/Документы/magnolia/esp-idf/components/newlib /home/tikhon/Документы/magnolia/esp-idf/components/nvs_flash /home/tikhon/Документы/magnolia/esp-idf/components/nvs_sec_provider /home/tikhon/Документы/magnolia/esp-idf/components/openthread /home/tikhon/Документы/magnolia/esp-idf/components/partition_table /home/tikhon/Документы/magnolia/esp-idf/components/perfmon /home/tikhon/Документы/magnolia/esp-idf/components/protobuf-c /home/tikhon/Документы/magnolia/esp-idf/components/protocomm /home/tikhon/Документы/magnolia/esp-idf/components/pthread /home/tikhon/Документы/magnolia/esp-idf/components/rt /home/tikhon/Документы/magnolia/esp-idf/components/sdmmc /home/tikhon/Документы/magnolia/esp-idf/components/soc /home/tikhon/Документы/magnolia/esp-idf/components/spi_flash /home/tikhon/Документы/magnolia/esp-idf/components/spiffs /home/tikhon/Документы/magnolia/esp-idf/components/tcp_transport /home/tikhon/Документы/magnolia/esp-idf/components/touch_element /home/tikhon/Документы/magnolia/esp-idf/components/ulp /home/tikhon/Документы/magnolia/esp-idf/components/unity /home/tikhon/Документы/magnolia/esp-idf/components/usb /home/tikhon/Документы/magnolia/esp-idf/components/vfs /home/tikhon/Документы/magnolia/esp-idf/components/wear_levelling /home/tikhon/Документы/magnolia/esp-idf/components/wifi_provisioning /home/tikhon/Документы/magnolia/esp-idf/components/wpa_supplicant /home/tikhon/Документы/magnolia/esp-idf/components/xtensa
Command failed (2): idf.py elf
Elf target failed for gohello; running `idf.py build` instead.
+ idf.py build
-- Configuring done (6.1s)
[58/1053] Building C object esp-idf/esp_driver_sdmmc/CMakeFiles/__idf_esp_driver_sdmmc.dir/src/sd_trans_sdmmc.c.obj
[59/1053] Building C object esp-idf/esp_driver_sdmmc/CMakeFiles/__idf_esp_driver_sdmmc.dir/legacy/src/sdmmc_host.c.obj
[25/1051] Building C object esp-idf/esp_http_server/CMakeFiles/__idf_esp_http_server.dir/src/httpd_main.c.obj
[26/1051] Building C object esp-idf/esp_https_ota/CMakeFiles/__idf_esp_https_ota.dir/src/esp_https_ota.c.obj
[60/1053] Building C object esp-idf/esp_driver_i2c/CMakeFiles/__idf_esp_driver_i2c.dir/i2c_master.c.obj
[27/1051] Building C object esp-idf/esp-tls/CMakeFiles/__idf_esp-tls.dir/esp_tls_error_capture.c.obj
[61/1053] Building C object esp-idf/esp_driver_sd_intf/CMakeFiles/__idf_esp_driver_sd_intf.dir/sd_host.c.obj
[62/1053] Building C object esp-idf/driver/CMakeFiles/__idf_driver.dir/i2c/i2c.c.obj
[63/1053] Building C object esp-idf/sdmmc/CMakeFiles/__idf_sdmmc.dir/sdmmc_init.c.obj
[28/1051] Linking C static library esp-idf/esp_https_ota/libesp_https_ota.a
[64/1053] Building C object esp-idf/driver/CMakeFiles/__idf_driver.dir/deprecated/rmt_legacy.c.obj
[29/1051] Building C object esp-idf/esp_adc/CMakeFiles/__idf_esp_adc.dir/adc_filter.c.obj
[65/1053] Building C object esp-idf/sdmmc/CMakeFiles/__idf_sdmmc.dir/sd_pwr_ctrl/sd_pwr_ctrl.c.obj
[66/1053] Building C object esp-idf/driver/CMakeFiles/__idf_driver.dir/touch_sensor/esp32s3/touch_sensor.c.obj
[30/1051] Linking C static library esp-idf/esp_http_server/libesp_http_server.a
[31/1051] Building C object esp-idf/esp_driver_twai/CMakeFiles/__idf_esp_driver_twai.dir/esp_twai.c.obj
[67/1053] Building C object esp-idf/sdmmc/CMakeFiles/__idf_sdmmc.dir/sdmmc_io.c.obj
[68/1053] Building C object esp-idf/sdmmc/CMakeFiles/__idf_sdmmc.dir/sdmmc_mmc.c.obj
[69/1053] Building C object esp-idf/sdmmc/CMakeFiles/__idf_sdmmc.dir/sdmmc_common.c.obj
[32/1051] Building C object esp-idf/esp_adc/CMakeFiles/__idf_esp_adc.dir/adc_monitor.c.obj
[33/1051] Building C object esp-idf/driver/CMakeFiles/__idf_driver.dir/touch_sensor/touch_sensor_common.c.obj
[70/1053] Building C object esp-idf/esp_driver_ledc/CMakeFiles/__idf_esp_driver_ledc.dir/src/ledc.c.obj
[34/1051] Building C object esp-idf/tcp_transport/CMakeFiles/__idf_tcp_transport.dir/transport_ws.c.obj
[71/1053] Building C object esp-idf/http_parser/CMakeFiles/__idf_http_parser.dir/http_parser.c.obj
[72/1053] Building C object esp-idf/sdmmc/CMakeFiles/__idf_sdmmc.dir/sdmmc_sd.c.obj
[73/1053] Linking C static library esp-idf/http_parser/libhttp_parser.a
[74/1053] Building C object esp-idf/esp_driver_rmt/CMakeFiles/__idf_esp_driver_rmt.dir/src/rmt_tx.c.obj
[75/1053] Building C object esp-idf/sdmmc/CMakeFiles/__idf_sdmmc.dir/sdmmc_cmd.c.obj
[35/1051] Building C object esp-idf/driver/CMakeFiles/__idf_driver.dir/twai/twai.c.obj
[76/1053] Building C object esp-idf/esp_driver_mcpwm/CMakeFiles/__idf_esp_driver_mcpwm.dir/src/mcpwm_cmpr.c.obj
[77/1053] Building C object esp-idf/esp_driver_i2s/CMakeFiles/__idf_esp_driver_i2s.dir/i2s_platform.c.obj
[36/1051] Building C object esp-idf/esp_driver_tsens/CMakeFiles/__idf_esp_driver_tsens.dir/src/temperature_sensor.c.obj
[78/1053] Linking C static library esp-idf/driver/libdriver.a
[79/1053] Linking C static library esp-idf/esp_driver_twai/libesp_driver_twai.a
[80/1053] Building C object esp-idf/esp_driver_i2s/CMakeFiles/__idf_esp_driver_i2s.dir/i2s_tdm.c.obj
[81/1053] Building C object esp-idf/esp_driver_mcpwm/CMakeFiles/__idf_esp_driver_mcpwm.dir/src/mcpwm_com.c.obj
[82/1053] Linking C static library esp-idf/esp_driver_ledc/libesp_driver_ledc.a
[83/1053] Building C object esp-idf/esp_driver_mcpwm/CMakeFiles/__idf_esp_driver_mcpwm.dir/src/mcpwm_cap.c.obj
[37/1051] Building C object esp-idf/esp_driver_rmt/CMakeFiles/__idf_esp_driver_rmt.dir/src/rmt_encoder.c.obj
[84/1053] Building C object esp-idf/esp_driver_mcpwm/CMakeFiles/__idf_esp_driver_mcpwm.dir/src/mcpwm_oper.c.obj
[85/1053] Building ASM object esp-idf/esp_gdbstub/CMakeFiles/__idf_esp_gdbstub.dir/src/port/xtensa/gdbstub-entry.S.obj
[86/1053] Building C object esp-idf/esp_gdbstub/CMakeFiles/__idf_esp_gdbstub.dir/src/gdbstub_transport.c.obj
[38/1051] Building C object esp-idf/esp_driver_rmt/CMakeFiles/__idf_esp_driver_rmt.dir/src/rmt_common.c.obj
[87/1053] Linking C static library esp-idf/esp_driver_i2c/libesp_driver_i2c.a
[88/1053] Building ASM object esp-idf/esp_gdbstub/CMakeFiles/__idf_esp_gdbstub.dir/src/port/xtensa/xt_debugexception.S.obj
[39/1051] Building C object esp-idf/esp_driver_rmt/CMakeFiles/__idf_esp_driver_rmt.dir/src/rmt_encoder_copy.c.obj
[89/1053] Building C object esp-idf/esp_gdbstub/CMakeFiles/__idf_esp_gdbstub.dir/src/packet.c.obj
[90/1053] Building C object esp-idf/esp_driver_i2s/CMakeFiles/__idf_esp_driver_i2s.dir/i2s_std.c.obj
[91/1053] Building C object esp-idf/esp_driver_mcpwm/CMakeFiles/__idf_esp_driver_mcpwm.dir/src/mcpwm_fault.c.obj
[92/1053] Building C object esp-idf/esp_driver_sdmmc/CMakeFiles/__idf_esp_driver_sdmmc.dir/src/sd_host_sdmmc.c.obj
[93/1053] Building C object esp-idf/esp_gdbstub/CMakeFiles/__idf_esp_gdbstub.dir/src/gdbstub.c.obj
[94/1053] Building C object esp-idf/esp_driver_i2s/CMakeFiles/__idf_esp_driver_i2s.dir/i2s_pdm.c.obj
[95/1053] Building C object esp-idf/esp_driver_mcpwm/CMakeFiles/__idf_esp_driver_mcpwm.dir/src/mcpwm_sync.c.obj
[96/1053] Linking C static library esp-idf/esp_driver_sdm/libesp_driver_sdm.a
[40/1051] Building C object esp-idf/esp_driver_i2c/CMakeFiles/__idf_esp_driver_i2c.dir/i2c_common.c.obj
[41/1051] Building C object esp-idf/esp_driver_rmt/CMakeFiles/__idf_esp_driver_rmt.dir/src/rmt_encoder_bytes.c.obj
[42/1051] Building C object esp-idf/esp_http_client/CMakeFiles/__idf_esp_http_client.dir/esp_http_client.c.obj
[97/1053] Linking C static library esp-idf/esp_driver_tsens/libesp_driver_tsens.a
[98/1053] Building C object esp-idf/esp_driver_mcpwm/CMakeFiles/__idf_esp_driver_mcpwm.dir/src/mcpwm_timer.c.obj
[99/1053] Building C object esp-idf/esp_wifi/CMakeFiles/__idf_esp_wifi.dir/src/lib_printf.c.obj
[100/1053] Building C object esp-idf/esp_wifi/CMakeFiles/__idf_esp_wifi.dir/src/wifi_default_ap.c.obj
[43/1051] Building C object esp-idf/esp_driver_i2c/CMakeFiles/__idf_esp_driver_i2c.dir/i2c_slave.c.obj
[101/1053] Building C object esp-idf/esp_wifi/CMakeFiles/__idf_esp_wifi.dir/src/mesh_event.c.obj
[44/1051] Building C object esp-idf/esp_driver_sdspi/CMakeFiles/__idf_esp_driver_sdspi.dir/src/sdspi_crc.c.obj
[45/1051] Building C object esp-idf/esp_driver_sdm/CMakeFiles/__idf_esp_driver_sdm.dir/src/sdm.c.obj
[46/1051] Building C object esp-idf/esp-tls/CMakeFiles/__idf_esp-tls.dir/esp_tls_mbedtls.c.obj
[102/1053] Linking C static library esp-idf/esp_driver_rmt/libesp_driver_rmt.a
[47/1051] Linking C static library esp-idf/esp_http_client/libesp_http_client.a
[103/1053] Building C object esp-idf/esp_wifi/CMakeFiles/__idf_esp_wifi.dir/src/smartconfig.c.obj
[48/1051] Building C object esp-idf/esp-tls/CMakeFiles/__idf_esp-tls.dir/esp_tls.c.obj
[104/1053] Building C object esp-idf/esp_wifi/CMakeFiles/__idf_esp_wifi.dir/src/wifi_init.c.obj
[105/1053] Building C object esp-idf/esp_coex/CMakeFiles/__idf_esp_coex.dir/src/coexist_debug_diagram.c.obj
[49/1051] Linking C static library esp-idf/tcp_transport/libtcp_transport.a
[50/1051] Building C object esp-idf/esp_driver_twai/CMakeFiles/__idf_esp_driver_twai.dir/esp_twai_onchip.c.obj
[106/1053] Building C object esp-idf/esp_coex/CMakeFiles/__idf_esp_coex.dir/esp32s3/esp_coex_adapter.c.obj
[107/1053] Linking C static library esp-idf/esp_driver_sdspi/libesp_driver_sdspi.a
[108/1053] Building C object esp-idf/esp_wifi/CMakeFiles/__idf_esp_wifi.dir/src/wifi_default.c.obj
[109/1053] Building C object esp-idf/esp_wifi/CMakeFiles/__idf_esp_wifi.dir/src/wifi_netif.c.obj
[110/1053] Building C object esp-idf/esp_gdbstub/CMakeFiles/__idf_esp_gdbstub.dir/src/port/xtensa/gdbstub_xtensa.c.obj
[51/1051] Building C object esp-idf/driver/CMakeFiles/__idf_driver.dir/deprecated/rmt_legacy.c.obj
[52/1051] Linking C static library esp-idf/esp_adc/libesp_adc.a
[111/1053] Linking C static library esp-idf/esp_driver_sdmmc/libesp_driver_sdmmc.a
[112/1053] Building C object esp-idf/esp_wifi/CMakeFiles/__idf_esp_wifi.dir/regulatory/esp_wifi_regulatory.c.obj
[53/1051] Building C object esp-idf/driver/CMakeFiles/__idf_driver.dir/touch_sensor/esp32s3/touch_sensor.c.obj
[113/1053] Building C object esp-idf/esp_coex/CMakeFiles/__idf_esp_coex.dir/src/coexist_debug.c.obj
[54/1051] Building C object esp-idf/esp_driver_sdspi/CMakeFiles/__idf_esp_driver_sdspi.dir/src/sdspi_transaction.c.obj
[114/1053] Linking C static library esp-idf/esp_driver_sd_intf/libesp_driver_sd_intf.a
[55/1051] Building C object esp-idf/esp_driver_rmt/CMakeFiles/__idf_esp_driver_rmt.dir/src/rmt_encoder_simple.c.obj
[115/1053] Building C object esp-idf/esp_wifi/CMakeFiles/__idf_esp_wifi.dir/src/smartconfig_ack.c.obj
[116/1053] Building C object esp-idf/esp_wifi/CMakeFiles/__idf_esp_wifi.dir/esp32s3/esp_adapter.c.obj
[56/1051] Linking C static library esp-idf/esp-tls/libesp-tls.a
[117/1053] Linking C static library esp-idf/sdmmc/libsdmmc.a
[118/1053] Building C object esp-idf/esp_driver_pcnt/CMakeFiles/__idf_esp_driver_pcnt.dir/src/pulse_cnt.c.obj
[57/1051] Building C object esp-idf/esp_driver_sdmmc/CMakeFiles/__idf_esp_driver_sdmmc.dir/legacy/src/sdmmc_transaction.c.obj
[119/1053] Building C object esp-idf/esp_driver_i2s/CMakeFiles/__idf_esp_driver_i2s.dir/i2s_common.c.obj
[120/1053] Building C object esp-idf/wpa_supplicant/CMakeFiles/__idf_wpa_supplicant.dir/src/ap/ap_config.c.obj
[58/1051] Building C object esp-idf/esp_driver_sd_intf/CMakeFiles/__idf_esp_driver_sd_intf.dir/sd_host.c.obj
[121/1053] Building C object esp-idf/wpa_supplicant/CMakeFiles/__idf_wpa_supplicant.dir/port/os_xtensa.c.obj
[122/1053] Linking C static library esp-idf/esp_driver_i2s/libesp_driver_i2s.a
[59/1051] Building C object esp-idf/sdmmc/CMakeFiles/__idf_sdmmc.dir/sdmmc_common.c.obj
[60/1051] Building C object esp-idf/sdmmc/CMakeFiles/__idf_sdmmc.dir/sd_pwr_ctrl/sd_pwr_ctrl.c.obj
[123/1053] Building C object esp-idf/wpa_supplicant/CMakeFiles/__idf_wpa_supplicant.dir/src/ap/ieee802_1x.c.obj
[124/1053] Building C object esp-idf/esp_driver_spi/CMakeFiles/__idf_esp_driver_spi.dir/src/gpspi/spi_slave.c.obj
[125/1053] Building C object esp-idf/esp_driver_mcpwm/CMakeFiles/__idf_esp_driver_mcpwm.dir/src/mcpwm_gen.c.obj
[126/1053] Building C object esp-idf/wpa_supplicant/CMakeFiles/__idf_wpa_supplicant.dir/port/eloop.c.obj
[61/1051] Building C object esp-idf/esp_driver_sdmmc/CMakeFiles/__idf_esp_driver_sdmmc.dir/legacy/src/sdmmc_host.c.obj
[127/1053] Building C object esp-idf/esp_driver_spi/CMakeFiles/__idf_esp_driver_spi.dir/src/gpspi/spi_slave_hd.c.obj
[62/1051] Building C object esp-idf/esp_driver_rmt/CMakeFiles/__idf_esp_driver_rmt.dir/src/rmt_rx.c.obj
[128/1053] Building C object esp-idf/wpa_supplicant/CMakeFiles/__idf_wpa_supplicant.dir/src/ap/pmksa_cache_auth.c.obj
[129/1053] Linking C static library esp-idf/esp_driver_mcpwm/libesp_driver_mcpwm.a
[63/1051] Building C object esp-idf/sdmmc/CMakeFiles/__idf_sdmmc.dir/sdmmc_mmc.c.obj
[64/1051] Building C object esp-idf/sdmmc/CMakeFiles/__idf_sdmmc.dir/sdmmc_init.c.obj
[65/1051] Building C object esp-idf/driver/CMakeFiles/__idf_driver.dir/i2c/i2c.c.obj
[130/1053] Building C object esp-idf/wpa_supplicant/CMakeFiles/__idf_wpa_supplicant.dir/src/ap/comeback_token.c.obj
[131/1053] Building C object esp-idf/wpa_supplicant/CMakeFiles/__idf_wpa_supplicant.dir/src/utils/bitfield.c.obj
[132/1053] Linking C static library esp-idf/esp_driver_pcnt/libesp_driver_pcnt.a
[133/1053] Building C object esp-idf/wpa_supplicant/CMakeFiles/__idf_wpa_supplicant.dir/src/common/dragonfly.c.obj
[66/1051] Building C object esp-idf/esp_driver_rmt/CMakeFiles/__idf_esp_driver_rmt.dir/src/rmt_tx.c.obj
[134/1053] Building C object esp-idf/wpa_supplicant/CMakeFiles/__idf_wpa_supplicant.dir/src/ap/sta_info.c.obj
[67/1051] Building C object esp-idf/esp_driver_sdspi/CMakeFiles/__idf_esp_driver_sdspi.dir/src/sdspi_host.c.obj
[135/1053] Linking C static library esp-idf/esp_gdbstub/libesp_gdbstub.a
[136/1053] Building C object esp-idf/wpa_supplicant/CMakeFiles/__idf_wpa_supplicant.dir/src/crypto/aes-gcm.c.obj
[137/1053] Building C object esp-idf/wpa_supplicant/CMakeFiles/__idf_wpa_supplicant.dir/src/crypto/sha256-kdf.c.obj
[138/1053] Building C object esp-idf/wpa_supplicant/CMakeFiles/__idf_wpa_supplicant.dir/src/crypto/crypto_ops.c.obj
[68/1051] Building C object esp-idf/sdmmc/CMakeFiles/__idf_sdmmc.dir/sdmmc_io.c.obj
[139/1053] Building C object esp-idf/wpa_supplicant/CMakeFiles/__idf_wpa_supplicant.dir/src/crypto/ccmp.c.obj
[69/1051] Building C object esp-idf/esp_driver_sdmmc/CMakeFiles/__idf_esp_driver_sdmmc.dir/src/sd_trans_sdmmc.c.obj
[140/1053] Building C object esp-idf/wpa_supplicant/CMakeFiles/__idf_wpa_supplicant.dir/src/common/wpa_common.c.obj
[70/1051] Building C object esp-idf/esp_driver_ledc/CMakeFiles/__idf_esp_driver_ledc.dir/src/ledc.c.obj
[71/1051] Building C object esp-idf/sdmmc/CMakeFiles/__idf_sdmmc.dir/sdmmc_cmd.c.obj
[141/1053] Building C object esp-idf/esp_driver_spi/CMakeFiles/__idf_esp_driver_spi.dir/src/gpspi/spi_common.c.obj
[142/1053] Building C object esp-idf/wpa_supplicant/CMakeFiles/__idf_wpa_supplicant.dir/src/crypto/sha256-tlsprf.c.obj
[143/1053] Building C object esp-idf/wpa_supplicant/CMakeFiles/__idf_wpa_supplicant.dir/src/ap/wpa_auth_ie.c.obj
[144/1053] Building C object esp-idf/wpa_supplicant/CMakeFiles/__idf_wpa_supplicant.dir/src/crypto/dh_groups.c.obj
[145/1053] Building C object esp-idf/wpa_supplicant/CMakeFiles/__idf_wpa_supplicant.dir/src/crypto/sha384-tlsprf.c.obj
[72/1051] Building C object esp-idf/esp_driver_i2s/CMakeFiles/__idf_esp_driver_i2s.dir/i2s_platform.c.obj
Executing action: elf
Running ninja in directory /home/tikhon/Документы/magnolia/applets/rust/rxxd/build
Executing "ninja elf"...
[0/2] Re-checking globbed directories...
[1/2] Re-running CMake...
[146/1053] Building C object esp-idf/wpa_supplicant/CMakeFiles/__idf_wpa_supplicant.dir/src/crypto/aes-siv.c.obj
[73/1051] Building C object esp-idf/esp_driver_i2s/CMakeFiles/__idf_esp_driver_i2s.dir/i2s_common.c.obj
[147/1053] Building C object esp-idf/wpa_supplicant/CMakeFiles/__idf_wpa_supplicant.dir/src/crypto/sha384-prf.c.obj
[74/1051] Building C object esp-idf/esp_driver_mcpwm/CMakeFiles/__idf_esp_driver_mcpwm.dir/src/mcpwm_com.c.obj
[75/1051] Building C object esp-idf/esp_driver_i2s/CMakeFiles/__idf_esp_driver_i2s.dir/i2s_tdm.c.obj
[76/1051] Building C object esp-idf/esp_driver_i2c/CMakeFiles/__idf_esp_driver_i2c.dir/i2c_master.c.obj
[77/1051] Building C object esp-idf/esp_driver_i2s/CMakeFiles/__idf_esp_driver_i2s.dir/i2s_std.c.obj
[148/1053] Building C object esp-idf/wpa_supplicant/CMakeFiles/__idf_wpa_supplicant.dir/src/ap/ieee802_11.c.obj
[78/1051] Building C object esp-idf/http_parser/CMakeFiles/__idf_http_parser.dir/http_parser.c.obj
[149/1053] Building C object esp-idf/wpa_supplicant/CMakeFiles/__idf_wpa_supplicant.dir/src/crypto/sha1-tlsprf.c.obj
[150/1053] Building C object esp-idf/wpa_supplicant/CMakeFiles/__idf_wpa_supplicant.dir/src/crypto/dh_group5.c.obj
[79/1051] Building ASM object esp-idf/esp_gdbstub/CMakeFiles/__idf_esp_gdbstub.dir/src/port/xtensa/gdbstub-entry.S.obj
Executing action: all (aliases: build)
Running ninja in directory /home/tikhon/Документы/magnolia/applets/go/gohello/build
Executing "ninja all"...
[0/2] Re-checking globbed directories...
[151/1053] Building C object esp-idf/wpa_supplicant/CMakeFiles/__idf_wpa_supplicant.dir/src/crypto/sha1-prf.c.obj
[80/1051] Building C object esp-idf/sdmmc/CMakeFiles/__idf_sdmmc.dir/sdmmc_sd.c.obj
[1/14] Building C object CMakeFiles/gohello.elf.dir/project_elf_src_esp32s3.c.obj
[2/14] Build ELF: gohello.app.elf
FAILED: elf_app /home/tikhon/Документы/magnolia/applets/go/gohello/build/elf_app 
cd /home/tikhon/Документы/magnolia/applets/go/gohello/build && /home/tikhon/.espressif/tools/xtensa-esp-elf/esp-15.1.0_20250607/xtensa-esp-elf/bin/xtensa-esp32s3-elf-gcc -nostartfiles -nostdlib -fPIC -shared -e app_main -fdata-sections -ffunction-sections -Wl,--gc-sections -fvisibility=hidden -Wl,--strip-all -Wl,--strip-debug -Wl,--strip-discarded -Dmain=app_main -Wl,-z,notext -Wl,-z,noexecstack esp-idf/main/libmain.a -o gohello.app.elf && /home/tikhon/.espressif/tools/xtensa-esp-elf/esp-15.1.0_20250607/xtensa-esp-elf/bin/xtensa-esp32s3-elf-strip --strip-unneeded --remove-section=.comment --remove-section=.got.loc --remove-section=.dynamic --remove-section=.xt.lit --remove-section=.xt.prop --remove-section=.xtensa.info gohello.app.elf
/home/tikhon/.espressif/tools/xtensa-esp-elf/esp-15.1.0_20250607/xtensa-esp-elf/bin/../lib/gcc/xtensa-esp-elf/15.1.0/../../../../xtensa-esp-elf/bin/ld: warning: cannot find entry symbol app_main; not setting start address
/home/tikhon/.espressif/tools/xtensa-esp-elf/esp-15.1.0_20250607/xtensa-esp-elf/bin/xtensa-esp-elf-strip: error: the input file 'gohello.app.elf' has no sections
[3/14] Creating directories for 'bootloader'
[152/1053] Building C object esp-idf/wpa_supplicant/CMakeFiles/__idf_wpa_supplicant.dir/src/crypto/sha256-prf.c.obj
[81/1051] Building C object esp-idf/esp_driver_mcpwm/CMakeFiles/__idf_esp_driver_mcpwm.dir/src/mcpwm_cmpr.c.obj
[82/1051] Linking C static library esp-idf/http_parser/libhttp_parser.a
[153/1053] Building C object esp-idf/wpa_supplicant/CMakeFiles/__idf_wpa_supplicant.dir/src/crypto/ms_funcs.c.obj
[154/1053] Building C object esp-idf/wpa_supplicant/CMakeFiles/__idf_wpa_supplicant.dir/src/crypto/sha1-tprf.c.obj
-- Minimal build - OFF
[83/1051] Building C object esp-idf/esp_gdbstub/CMakeFiles/__idf_esp_gdbstub.dir/src/packet.c.obj
[84/1051] Building ASM object esp-idf/esp_gdbstub/CMakeFiles/__idf_esp_gdbstub.dir/src/port/xtensa/xt_debugexception.S.obj
[155/1053] Building C object esp-idf/wpa_supplicant/CMakeFiles/__idf_wpa_supplicant.dir/src/ap/wpa_auth.c.obj
[85/1051] Building C object esp-idf/esp_gdbstub/CMakeFiles/__idf_esp_gdbstub.dir/src/gdbstub_transport.c.obj
[86/1051] Linking C static library esp-idf/driver/libdriver.a
[156/1053] Building C object esp-idf/wpa_supplicant/CMakeFiles/__idf_wpa_supplicant.dir/src/eap_peer/chap.c.obj
[87/1051] Building C object esp-idf/esp_driver_mcpwm/CMakeFiles/__idf_esp_driver_mcpwm.dir/src/mcpwm_timer.c.obj
[157/1053] Building C object esp-idf/wpa_supplicant/CMakeFiles/__idf_wpa_supplicant.dir/src/eap_peer/eap_tls.c.obj
[88/1051] Building C object esp-idf/esp_gdbstub/CMakeFiles/__idf_esp_gdbstub.dir/src/gdbstub.c.obj
-- Building ESP-IDF components for target esp32s3
[89/1051] Building C object esp-idf/esp_driver_mcpwm/CMakeFiles/__idf_esp_driver_mcpwm.dir/src/mcpwm_cap.c.obj
[90/1051] Linking C static library esp-idf/esp_driver_twai/libesp_driver_twai.a
Executing action: elf
Running ninja in directory /home/tikhon/Документы/magnolia/applets/zig/zdd/build
Executing "ninja elf"...
[0/2] Re-checking globbed directories...
[158/1053] Building C object esp-idf/wpa_supplicant/CMakeFiles/__idf_wpa_supplicant.dir/src/eap_peer/eap_peap_common.c.obj
[159/1053] Building C object esp-idf/wpa_supplicant/CMakeFiles/__idf_wpa_supplicant.dir/src/eap_common/eap_wsc_common.c.obj
[160/1053] Building C object esp-idf/wpa_supplicant/CMakeFiles/__idf_wpa_supplicant.dir/src/eap_peer/eap_mschapv2.c.obj
[161/1053] Building C object esp-idf/wpa_supplicant/CMakeFiles/__idf_wpa_supplicant.dir/src/eap_peer/eap_fast_common.c.obj
[91/1051] Building C object esp-idf/esp_gdbstub/CMakeFiles/__idf_esp_gdbstub.dir/src/port/xtensa/gdbstub_xtensa.c.obj
[92/1051] Building C object esp-idf/esp_driver_mcpwm/CMakeFiles/__idf_esp_driver_mcpwm.dir/src/mcpwm_fault.c.obj
[93/1051] Building C object esp-idf/esp_driver_mcpwm/CMakeFiles/__idf_esp_driver_mcpwm.dir/src/mcpwm_sync.c.obj
[94/1051] Building C object esp-idf/esp_wifi/CMakeFiles/__idf_esp_wifi.dir/src/lib_printf.c.obj
-- Generating done (2.4s)
[95/1051] Building C object esp-idf/esp_driver_i2s/CMakeFiles/__idf_esp_driver_i2s.dir/i2s_pdm.c.obj
[162/1053] Building C object esp-idf/wpa_supplicant/CMakeFiles/__idf_wpa_supplicant.dir/src/eap_peer/eap_common.c.obj
[163/1053] Building C object esp-idf/wpa_supplicant/CMakeFiles/__idf_wpa_supplicant.dir/src/common/ieee802_11_common.c.obj
Executing action: elf
Running ninja in directory /home/tikhon/Документы/magnolia/applets/zig/zxxd/build
Executing "ninja elf"...
[0/2] Re-checking globbed directories...
[164/1053] Building C object esp-idf/wpa_supplicant/CMakeFiles/__idf_wpa_supplicant.dir/src/crypto/md4-internal.c.obj
[96/1051] Building C object esp-idf/esp_wifi/CMakeFiles/__idf_esp_wifi.dir/src/mesh_event.c.obj
[97/1051] Linking C static library esp-idf/esp_driver_ledc/libesp_driver_ledc.a
Executing action: elf
Running ninja in directory /home/tikhon/Документы/magnolia/applets/zig/zhexdump/build
Executing "ninja elf"...
[0/2] Re-checking globbed directories...
[98/1051] Building C object esp-idf/esp_driver_sdmmc/CMakeFiles/__idf_esp_driver_sdmmc.dir/src/sd_host_sdmmc.c.obj
-- Build files have been written to: /home/tikhon/Документы/magnolia/applets/rust/rselftest/build
[99/1051] Building C object esp-idf/esp_wifi/CMakeFiles/__idf_esp_wifi.dir/src/wifi_init.c.obj
[165/1053] Building C object esp-idf/wpa_supplicant/CMakeFiles/__idf_wpa_supplicant.dir/src/eap_peer/mschapv2.c.obj
[166/1053] Building C object esp-idf/esp_driver_spi/CMakeFiles/__idf_esp_driver_spi.dir/src/gpspi/spi_master.c.obj
[100/1051] Linking C static library esp-idf/esp_driver_i2c/libesp_driver_i2c.a
[101/1051] Building C object esp-idf/esp_wifi/CMakeFiles/__idf_esp_wifi.dir/src/wifi_default_ap.c.obj
[102/1051] Building C object esp-idf/esp_driver_mcpwm/CMakeFiles/__idf_esp_driver_mcpwm.dir/src/mcpwm_gen.c.obj
[103/1051] Building C object esp-idf/esp_coex/CMakeFiles/__idf_esp_coex.dir/src/coexist_debug_diagram.c.obj
[167/1053] Building C object esp-idf/wpa_supplicant/CMakeFiles/__idf_wpa_supplicant.dir/src/eap_peer/eap_tls_common.c.obj
[168/1053] Building C object esp-idf/wpa_supplicant/CMakeFiles/__idf_wpa_supplicant.dir/src/utils/ext_password.c.obj
[169/1053] Linking C static library esp-idf/esp_driver_spi/libesp_driver_spi.a
[104/1051] Linking C static library esp-idf/esp_driver_sdm/libesp_driver_sdm.a
[170/1053] Building C object esp-idf/wpa_supplicant/CMakeFiles/__idf_wpa_supplicant.dir/src/utils/wpabuf.c.obj
[105/1051] Building C object esp-idf/esp_wifi/CMakeFiles/__idf_esp_wifi.dir/src/smartconfig_ack.c.obj
[106/1051] Building C object esp-idf/esp_wifi/CMakeFiles/__idf_esp_wifi.dir/src/wifi_netif.c.obj
[171/1053] Building C object esp-idf/wpa_supplicant/CMakeFiles/__idf_wpa_supplicant.dir/src/utils/base64.c.obj
[107/1051] Building C object esp-idf/esp_coex/CMakeFiles/__idf_esp_coex.dir/src/coexist_debug.c.obj
[172/1053] Linking C static library esp-idf/esp_wifi/libesp_wifi.a
[108/1051] Linking C static library esp-idf/esp_driver_tsens/libesp_driver_tsens.a
[173/1053] Building C object esp-idf/wpa_supplicant/CMakeFiles/__idf_wpa_supplicant.dir/src/eap_peer/eap.c.obj
[109/1051] Building C object esp-idf/esp_wifi/CMakeFiles/__idf_esp_wifi.dir/src/smartconfig.c.obj
[174/1053] Building C object esp-idf/wpa_supplicant/CMakeFiles/__idf_wpa_supplicant.dir/src/utils/wpa_debug.c.obj
[110/1051] Building C object esp-idf/esp_driver_pcnt/CMakeFiles/__idf_esp_driver_pcnt.dir/src/pulse_cnt.c.obj
[175/1053] Building C object esp-idf/wpa_supplicant/CMakeFiles/__idf_wpa_supplicant.dir/src/rsn_supp/wpa_ie.c.obj
[111/1051] Building C object esp-idf/esp_wifi/CMakeFiles/__idf_esp_wifi.dir/regulatory/esp_wifi_regulatory.c.obj
[176/1053] Building C object esp-idf/wpa_supplicant/CMakeFiles/__idf_wpa_supplicant.dir/src/eap_peer/eap_peap.c.obj
[177/1053] Building C object esp-idf/wpa_supplicant/CMakeFiles/__idf_wpa_supplicant.dir/src/eap_peer/eap_fast_pac.c.obj
[112/1051] Linking C static library esp-idf/esp_driver_rmt/libesp_driver_rmt.a
[113/1051] Building C object esp-idf/esp_wifi/CMakeFiles/__idf_esp_wifi.dir/src/wifi_default.c.obj
[114/1051] Building C object esp-idf/esp_driver_spi/CMakeFiles/__idf_esp_driver_spi.dir/src/gpspi/spi_master.c.obj
[178/1053] Building C object esp-idf/wpa_supplicant/CMakeFiles/__idf_wpa_supplicant.dir/src/utils/uuid.c.obj
[179/1053] Building C object esp-idf/wpa_supplicant/CMakeFiles/__idf_wpa_supplicant.dir/src/wps/wps_attr_process.c.obj
[115/1051] Linking C static library esp-idf/esp_driver_sdspi/libesp_driver_sdspi.a
[116/1051] Building C object esp-idf/wpa_supplicant/CMakeFiles/__idf_wpa_supplicant.dir/src/ap/ap_config.c.obj
[117/1051] Building C object esp-idf/esp_driver_mcpwm/CMakeFiles/__idf_esp_driver_mcpwm.dir/src/mcpwm_oper.c.obj
[180/1053] Building C object esp-idf/wpa_supplicant/CMakeFiles/__idf_wpa_supplicant.dir/esp_supplicant/src/esp_wpa2_api_port.c.obj
[118/1051] Building C object esp-idf/esp_coex/CMakeFiles/__idf_esp_coex.dir/esp32s3/esp_coex_adapter.c.obj
[119/1051] Linking C static library esp-idf/esp_driver_sdmmc/libesp_driver_sdmmc.a
[120/1051] Building C object esp-idf/wpa_supplicant/CMakeFiles/__idf_wpa_supplicant.dir/src/ap/ieee802_1x.c.obj
[181/1053] Building C object esp-idf/wpa_supplicant/CMakeFiles/__idf_wpa_supplicant.dir/src/rsn_supp/pmksa_cache.c.obj
[182/1053] Building C object esp-idf/wpa_supplicant/CMakeFiles/__idf_wpa_supplicant.dir/src/utils/common.c.obj
[121/1051] Building C object esp-idf/wpa_supplicant/CMakeFiles/__idf_wpa_supplicant.dir/src/ap/sta_info.c.obj
-- Generating done (2.2s)
[183/1053] Building C object esp-idf/wpa_supplicant/CMakeFiles/__idf_wpa_supplicant.dir/src/wps/wps_common.c.obj
[184/1053] Building C object esp-idf/wpa_supplicant/CMakeFiles/__idf_wpa_supplicant.dir/src/eap_peer/eap_ttls.c.obj
[122/1051] Linking C static library esp-idf/esp_driver_sd_intf/libesp_driver_sd_intf.a
[185/1053] Building C object esp-idf/wpa_supplicant/CMakeFiles/__idf_wpa_supplicant.dir/src/common/sae_pk.c.obj
[186/1053] Building C object esp-idf/wpa_supplicant/CMakeFiles/__idf_wpa_supplicant.dir/src/wps/wps.c.obj
[123/1051] Linking C static library esp-idf/sdmmc/libsdmmc.a
[124/1051] Building C object esp-idf/esp_driver_spi/CMakeFiles/__idf_esp_driver_spi.dir/src/gpspi/spi_slave_hd.c.obj
-- Build files have been written to: /home/tikhon/Документы/magnolia/applets/rust/rhexdump/build
Executing action: elf
Running ninja in directory /home/tikhon/Документы/magnolia/applets/zig/zigtest/build
Executing "ninja elf"...
[0/2] Re-checking globbed directories...
[1/2] Build ELF: zigtest.app.elf
/home/tikhon/.espressif/tools/xtensa-esp-elf/esp-15.1.0_20250607/xtensa-esp-elf/bin/../lib/gcc/xtensa-esp-elf/15.1.0/../../../../xtensa-esp-elf/bin/ld: warning: zigtest.app.elf has a LOAD segment with RWX permissions
[187/1053] Building C object esp-idf/wpa_supplicant/CMakeFiles/__idf_wpa_supplicant.dir/esp_supplicant/src/esp_common.c.obj
[125/1051] Building C object esp-idf/wpa_supplicant/CMakeFiles/__idf_wpa_supplicant.dir/port/os_xtensa.c.obj
[0/4] Re-checking globbed directories...
[126/1051] Linking C static library esp-idf/esp_driver_i2s/libesp_driver_i2s.a
[188/1053] Building C object esp-idf/wpa_supplicant/CMakeFiles/__idf_wpa_supplicant.dir/src/common/sae.c.obj
Executing action: elf
Running ninja in directory /home/tikhon/Документы/magnolia/applets/zig/zighello/build
Executing "ninja elf"...
[0/2] Re-checking globbed directories...
[127/1051] Building C object esp-idf/esp_driver_spi/CMakeFiles/__idf_esp_driver_spi.dir/src/gpspi/spi_common.c.obj
[128/1051] Building C object esp-idf/wpa_supplicant/CMakeFiles/__idf_wpa_supplicant.dir/src/common/dragonfly.c.obj
[189/1053] Building C object esp-idf/wpa_supplicant/CMakeFiles/__idf_wpa_supplicant.dir/src/wps/wps_attr_parse.c.obj
[129/1051] Building C object esp-idf/wpa_supplicant/CMakeFiles/__idf_wpa_supplicant.dir/src/ap/wpa_auth_ie.c.obj
[130/1051] Building C object esp-idf/wpa_supplicant/CMakeFiles/__idf_wpa_supplicant.dir/src/crypto/aes-siv.c.obj
[131/1051] Building C object esp-idf/esp_wifi/CMakeFiles/__idf_esp_wifi.dir/esp32s3/esp_adapter.c.obj
[1/2] Build ELF: zighello.app.elf
[132/1051] Building C object esp-idf/wpa_supplicant/CMakeFiles/__idf_wpa_supplicant.dir/src/ap/comeback_token.c.obj
[133/1051] Building C object esp-idf/wpa_supplicant/CMakeFiles/__idf_wpa_supplicant.dir/src/utils/bitfield.c.obj
[134/1051] Linking C static library esp-idf/esp_driver_mcpwm/libesp_driver_mcpwm.a
[190/1053] Building C object esp-idf/wpa_supplicant/CMakeFiles/__idf_wpa_supplicant.dir/src/utils/json.c.obj
[135/1051] Building C object esp-idf/wpa_supplicant/CMakeFiles/__idf_wpa_supplicant.dir/src/crypto/sha256-kdf.c.obj
[191/1053] Building C object esp-idf/wpa_supplicant/CMakeFiles/__idf_wpa_supplicant.dir/esp_supplicant/src/esp_owe.c.obj
[136/1051] Building C object esp-idf/wpa_supplicant/CMakeFiles/__idf_wpa_supplicant.dir/src/crypto/ccmp.c.obj
[1/4] Build ELF: rselftest.app.elf
/home/tikhon/.espressif/tools/xtensa-esp-elf/esp-15.1.0_20250607/xtensa-esp-elf/bin/../lib/gcc/xtensa-esp-elf/15.1.0/../../../../xtensa-esp-elf/bin/ld: warning: rselftest.app.elf has a LOAD segment with RWX permissions
[192/1053] Building C object esp-idf/wpa_supplicant/CMakeFiles/__idf_wpa_supplicant.dir/esp_supplicant/src/esp_hostap.c.obj
[137/1051] Building C object esp-idf/wpa_supplicant/CMakeFiles/__idf_wpa_supplicant.dir/port/eloop.c.obj
[193/1053] Building C object esp-idf/wpa_supplicant/CMakeFiles/__idf_wpa_supplicant.dir/esp_supplicant/src/esp_wpas_glue.c.obj
Executing action: elf
Running ninja in directory /home/tikhon/Документы/magnolia/applets/zig/zigdemo/build
Executing "ninja elf"...
[0/2] Re-checking globbed directories...
[1/2] Build ELF: zigdemo.app.elf
/home/tikhon/.espressif/tools/xtensa-esp-elf/esp-15.1.0_20250607/xtensa-esp-elf/bin/../lib/gcc/xtensa-esp-elf/15.1.0/../../../../xtensa-esp-elf/bin/ld: warning: zigdemo.app.elf has a LOAD segment with RWX permissions
[138/1051] Linking C static library esp-idf/esp_driver_pcnt/libesp_driver_pcnt.a
[1/6] Zig build-obj: dd -> /home/tikhon/Документы/magnolia/applets/zig/zdd/build/esp-idf/main/dd.zig.o
FAILED: esp-idf/main/dd.zig.o /home/tikhon/Документы/magnolia/applets/zig/zdd/build/esp-idf/main/dd.zig.o 
cd /home/tikhon/Документы/magnolia/applets/zig/zdd/build/esp-idf/main && python3 /home/tikhon/Документы/magnolia/tools/zig_xtensa_toolchain.py --install-dir /home/tikhon/Документы/magnolia/build/toolchains/zig-xtensa && /home/tikhon/Документы/magnolia/build/toolchains/zig-xtensa/zig build-obj -target xtensa-freestanding-none -mcpu esp32s3 -OReleaseSmall --dep magnolia -Mroot=/home/tikhon/Документы/magnolia/applets/zig/zdd/main/dd.zig -Mmagnolia=/home/tikhon/Документы/magnolia/sdk/zig/magnolia.zig -femit-bin=/home/tikhon/Документы/magnolia/applets/zig/zdd/build/esp-idf/main/dd.zig.o && /home/tikhon/.espressif/tools/xtensa-esp-elf/esp-15.1.0_20250607/xtensa-esp-elf/bin/xtensa-esp32s3-elf-objcopy --set-section-flags .literal=alloc,load,contents,data /home/tikhon/Документы/magnolia/applets/zig/zdd/build/esp-idf/main/dd.zig.o && /home/tikhon/.espressif/tools/xtensa-esp-elf/esp-15.1.0_20250607/xtensa-esp-elf/bin/xtensa-esp32s3-elf-objcopy --set-section-flags .rodata=alloc,load,contents,data /home/tikhon/Документы/magnolia/applets/zig/zdd/build/esp-idf/main/dd.zig.o
0.14.0-dev.xtensa.2486+941677e08
/home/tikhon/Документы/magnolia/build/toolchains/zig-xtensa/zig-relsafe-espressif-x86_64-linux-musl-baseline/lib/std/c.zig:9386:12: error: dependency on libc must be explicitly specified in the build command
/home/tikhon/Документы/magnolia/build/toolchains/zig-xtensa/zig-relsafe-espressif-x86_64-linux-musl-baseline/lib/std/c.zig:9388:12: error: dependency on libc must be explicitly specified in the build command
/home/tikhon/Документы/magnolia/applets/zig/zdd/main/dd.zig:252:25: error: expected type 'usize', found 'u64'
/home/tikhon/Документы/magnolia/applets/zig/zdd/main/dd.zig:252:25: note: unsigned 32-bit int cannot represent all possible unsigned 64-bit values
/home/tikhon/Документы/magnolia/build/toolchains/zig-xtensa/zig-relsafe-espressif-x86_64-linux-musl-baseline/lib/std/heap.zig:38:13: error: C allocator is only available when linking against libc
ninja: build stopped: subcommand failed.
[139/1051] Building C object esp-idf/esp_driver_spi/CMakeFiles/__idf_esp_driver_spi.dir/src/gpspi/spi_slave.c.obj
[194/1053] Building C object esp-idf/wpa_supplicant/CMakeFiles/__idf_wpa_supplicant.dir/src/wps/wps_dev_attr.c.obj
[140/1051] Building C object esp-idf/wpa_supplicant/CMakeFiles/__idf_wpa_supplicant.dir/src/ap/pmksa_cache_auth.c.obj
[141/1051] Building C object esp-idf/wpa_supplicant/CMakeFiles/__idf_wpa_supplicant.dir/src/crypto/dh_group5.c.obj
[142/1051] Linking C static library esp-idf/esp_gdbstub/libesp_gdbstub.a
[195/1053] Building C object esp-idf/wpa_supplicant/CMakeFiles/__idf_wpa_supplicant.dir/esp_supplicant/src/crypto/fastpsk.c.obj
[143/1051] Building C object esp-idf/wpa_supplicant/CMakeFiles/__idf_wpa_supplicant.dir/src/crypto/crypto_ops.c.obj
[144/1051] Building C object esp-idf/wpa_supplicant/CMakeFiles/__idf_wpa_supplicant.dir/src/ap/ieee802_11.c.obj
[196/1053] Building C object esp-idf/wpa_supplicant/CMakeFiles/__idf_wpa_supplicant.dir/esp_supplicant/src/esp_eap_client.c.obj
[197/1053] Building C object esp-idf/wpa_supplicant/CMakeFiles/__idf_wpa_supplicant.dir/esp_supplicant/src/crypto/crypto_mbedtls.c.obj
[198/1053] Building C object esp-idf/wpa_supplicant/CMakeFiles/__idf_wpa_supplicant.dir/src/wps/wps_attr_build.c.obj
[4/14] Linking CXX executable gohello.elf
FAILED: gohello.elf 
: && /home/tikhon/.espressif/tools/xtensa-esp-elf/esp-15.1.0_20250607/xtensa-esp-elf/bin/xtensa-esp32s3-elf-g++ -mlongcalls -fno-builtin-memcpy -fno-builtin-memset -fno-builtin-bzero -nostartfiles    -Wl,--cref -Wl,--defsym=IDF_TARGET_ESP32S3=0 -Wl,--Map=/home/tikhon/Документы/magnolia/applets/go/gohello/build/gohello.map -Wl,--no-warn-rwx-segments -Wl,--orphan-handling=error -fno-rtti -fno-lto -Wl,--gc-sections -Wl,--warn-common -T esp32s3.peripherals.ld -T esp32s3.rom.ld -T esp32s3.rom.api.ld -T esp32s3.rom.bt_funcs.ld -T esp32s3.rom.libgcc.ld -T esp32s3.rom.wdt.ld -T esp32s3.rom.version.ld -T esp32s3.rom.ble_master.ld -T esp32s3.rom.ble_50.ld -T esp32s3.rom.ble_smp.ld -T esp32s3.rom.ble_dtm.ld -T esp32s3.rom.ble_test.ld -T esp32s3.rom.ble_scan.ld -T esp32s3.rom.libc.ld -T esp32s3.rom.newlib.ld -T memory.ld -T sections.ld CMakeFiles/gohello.elf.dir/project_elf_src_esp32s3.c.obj -o gohello.elf -L/home/tikhon/Документы/magnolia/esp-idf/components/soc/esp32s3/ld   -L/home/tikhon/Документы/magnolia/esp-idf/components/esp_rom/esp32s3/ld   -L/home/tikhon/Документы/magnolia/applets/go/gohello/build/esp-idf/esp_system/ld   -L/home/tikhon/Документы/magnolia/esp-idf/components/esp_phy/lib/esp32s3   -L/home/tikhon/Документы/magnolia/esp-idf/components/esp_wifi/lib/esp32s3 esp-idf/xtensa/libxtensa.a  esp-idf/esp_app_format/libesp_app_format.a  esp-idf/esp_bootloader_format/libesp_bootloader_format.a  esp-idf/app_update/libapp_update.a  esp-idf/esp_partition/libesp_partition.a  esp-idf/efuse/libefuse.a  esp-idf/esp_security/libesp_security.a  esp-idf/esp_driver_gpio/libesp_driver_gpio.a  esp-idf/esp_pm/libesp_pm.a  esp-idf/mbedtls/libmbedtls.a  esp-idf/bootloader_support/libbootloader_support.a  esp-idf/esp_mm/libesp_mm.a  esp-idf/spi_flash/libspi_flash.a  esp-idf/esp_system/libesp_system.a  esp-idf/esp_common/libesp_common.a  esp-idf/esp_rom/libesp_rom.a  esp-idf/hal/libhal.a  esp-idf/log/liblog.a  esp-idf/heap/libheap.a  esp-idf/soc/libsoc.a  esp-idf/esp_hw_support/libesp_hw_support.a  esp-idf/freertos/libfreertos.a  esp-idf/newlib/libnewlib.a  esp-idf/pthread/libpthread.a  esp-idf/cxx/libcxx.a  esp-idf/esp_timer/libesp_timer.a  esp-idf/esp_driver_gptimer/libesp_driver_gptimer.a  esp-idf/esp_ringbuf/libesp_ringbuf.a  esp-idf/esp_driver_uart/libesp_driver_uart.a  esp-idf/app_trace/libapp_trace.a  esp-idf/esp_event/libesp_event.a  esp-idf/nvs_flash/libnvs_flash.a  esp-idf/esp_phy/libesp_phy.a  esp-idf/esp_driver_usb_serial_jtag/libesp_driver_usb_serial_jtag.a  esp-idf/esp_vfs_console/libesp_vfs_console.a  esp-idf/vfs/libvfs.a  esp-idf/lwip/liblwip.a  esp-idf/esp_netif/libesp_netif.a  esp-idf/wpa_supplicant/libwpa_supplicant.a  esp-idf/esp_coex/libesp_coex.a  esp-idf/esp_wifi/libesp_wifi.a  esp-idf/esp_driver_spi/libesp_driver_spi.a  esp-idf/esp_gdbstub/libesp_gdbstub.a  esp-idf/unity/libunity.a  esp-idf/cmock/libcmock.a  esp-idf/console/libconsole.a  esp-idf/esp_driver_pcnt/libesp_driver_pcnt.a  esp-idf/esp_driver_mcpwm/libesp_driver_mcpwm.a  esp-idf/esp_driver_i2s/libesp_driver_i2s.a  esp-idf/sdmmc/libsdmmc.a  esp-idf/esp_driver_sd_intf/libesp_driver_sd_intf.a  esp-idf/esp_driver_sdmmc/libesp_driver_sdmmc.a  esp-idf/esp_driver_sdspi/libesp_driver_sdspi.a  esp-idf/esp_driver_rmt/libesp_driver_rmt.a  esp-idf/esp_driver_tsens/libesp_driver_tsens.a  esp-idf/esp_driver_sdm/libesp_driver_sdm.a  esp-idf/esp_driver_i2c/libesp_driver_i2c.a  esp-idf/esp_driver_ledc/libesp_driver_ledc.a  esp-idf/esp_driver_twai/libesp_driver_twai.a  esp-idf/driver/libdriver.a  esp-idf/http_parser/libhttp_parser.a  esp-idf/esp-tls/libesp-tls.a  esp-idf/esp_adc/libesp_adc.a  esp-idf/esp_driver_cam/libesp_driver_cam.a  esp-idf/esp_driver_touch_sens/libesp_driver_touch_sens.a  esp-idf/esp_eth/libesp_eth.a  esp-idf/esp_hid/libesp_hid.a  esp-idf/tcp_transport/libtcp_transport.a  esp-idf/esp_http_client/libesp_http_client.a  esp-idf/esp_http_server/libesp_http_server.a  esp-idf/esp_https_ota/libesp_https_ota.a  esp-idf/esp_https_server/libesp_https_server.a  esp-idf/esp_lcd/libesp_lcd.a  esp-idf/protobuf-c/libprotobuf-c.a  esp-idf/protocomm/libprotocomm.a  esp-idf/esp_local_ctrl/libesp_local_ctrl.a  esp-idf/espcoredump/libespcoredump.a  esp-idf/wear_levelling/libwear_levelling.a  esp-idf/fatfs/libfatfs.a  esp-idf/json/libjson.a  esp-idf/mqtt/libmqtt.a  esp-idf/nvs_sec_provider/libnvs_sec_provider.a  esp-idf/perfmon/libperfmon.a  esp-idf/rt/librt.a  esp-idf/spiffs/libspiffs.a  esp-idf/touch_element/libtouch_element.a  esp-idf/usb/libusb.a  esp-idf/wifi_provisioning/libwifi_provisioning.a  esp-idf/espressif__elf_loader/libespressif__elf_loader.a  esp-idf/main/libmain.a  esp-idf/app_trace/libapp_trace.a  esp-idf/cmock/libcmock.a  esp-idf/unity/libunity.a  esp-idf/esp_driver_cam/libesp_driver_cam.a  esp-idf/esp_driver_touch_sens/libesp_driver_touch_sens.a  esp-idf/esp_eth/libesp_eth.a  esp-idf/esp_hid/libesp_hid.a  esp-idf/esp_lcd/libesp_lcd.a  esp-idf/esp_local_ctrl/libesp_local_ctrl.a  esp-idf/esp_https_server/libesp_https_server.a  esp-idf/espcoredump/libespcoredump.a  -u esp_system_include_coredump_init  esp-idf/fatfs/libfatfs.a  esp-idf/wear_levelling/libwear_levelling.a  esp-idf/mqtt/libmqtt.a  esp-idf/nvs_sec_provider/libnvs_sec_provider.a  -u nvs_sec_provider_include_impl  esp-idf/perfmon/libperfmon.a  esp-idf/rt/librt.a  esp-idf/spiffs/libspiffs.a  esp-idf/touch_element/libtouch_element.a  esp-idf/usb/libusb.a  esp-idf/wifi_provisioning/libwifi_provisioning.a  esp-idf/protocomm/libprotocomm.a  esp-idf/console/libconsole.a  esp-idf/protobuf-c/libprotobuf-c.a  esp-idf/json/libjson.a  esp-idf/espressif__elf_loader/libespressif__elf_loader.a  esp-idf/xtensa/libxtensa.a  esp-idf/esp_app_format/libesp_app_format.a  esp-idf/esp_bootloader_format/libesp_bootloader_format.a  esp-idf/app_update/libapp_update.a  esp-idf/esp_partition/libesp_partition.a  esp-idf/efuse/libefuse.a  esp-idf/esp_security/libesp_security.a  esp-idf/esp_driver_gpio/libesp_driver_gpio.a  esp-idf/esp_pm/libesp_pm.a  esp-idf/mbedtls/libmbedtls.a  esp-idf/bootloader_support/libbootloader_support.a  esp-idf/esp_mm/libesp_mm.a  esp-idf/spi_flash/libspi_flash.a  esp-idf/esp_system/libesp_system.a  esp-idf/esp_common/libesp_common.a  esp-idf/esp_rom/libesp_rom.a  esp-idf/hal/libhal.a  esp-idf/log/liblog.a  esp-idf/heap/libheap.a  esp-idf/soc/libsoc.a  esp-idf/esp_hw_support/libesp_hw_support.a  esp-idf/freertos/libfreertos.a  esp-idf/newlib/libnewlib.a  esp-idf/pthread/libpthread.a  esp-idf/cxx/libcxx.a  esp-idf/esp_timer/libesp_timer.a  esp-idf/esp_driver_gptimer/libesp_driver_gptimer.a  esp-idf/esp_ringbuf/libesp_ringbuf.a  esp-idf/esp_driver_uart/libesp_driver_uart.a  esp-idf/esp_event/libesp_event.a  esp-idf/nvs_flash/libnvs_flash.a  esp-idf/esp_phy/libesp_phy.a  esp-idf/esp_driver_usb_serial_jtag/libesp_driver_usb_serial_jtag.a  esp-idf/esp_vfs_console/libesp_vfs_console.a  esp-idf/vfs/libvfs.a  esp-idf/lwip/liblwip.a  esp-idf/esp_netif/libesp_netif.a  esp-idf/wpa_supplicant/libwpa_supplicant.a  esp-idf/esp_coex/libesp_coex.a  esp-idf/esp_wifi/libesp_wifi.a  esp-idf/esp_driver_spi/libesp_driver_spi.a  esp-idf/esp_gdbstub/libesp_gdbstub.a  esp-idf/esp_driver_pcnt/libesp_driver_pcnt.a  esp-idf/esp_driver_mcpwm/libesp_driver_mcpwm.a  esp-idf/esp_driver_i2s/libesp_driver_i2s.a  esp-idf/sdmmc/libsdmmc.a  esp-idf/esp_driver_sd_intf/libesp_driver_sd_intf.a  esp-idf/esp_driver_sdmmc/libesp_driver_sdmmc.a  esp-idf/esp_driver_sdspi/libesp_driver_sdspi.a  esp-idf/esp_driver_rmt/libesp_driver_rmt.a  esp-idf/esp_driver_tsens/libesp_driver_tsens.a  esp-idf/esp_driver_sdm/libesp_driver_sdm.a  esp-idf/esp_driver_i2c/libesp_driver_i2c.a  esp-idf/esp_driver_ledc/libesp_driver_ledc.a  esp-idf/esp_driver_twai/libesp_driver_twai.a  esp-idf/driver/libdriver.a  esp-idf/http_parser/libhttp_parser.a  esp-idf/esp-tls/libesp-tls.a  esp-idf/esp_adc/libesp_adc.a  esp-idf/tcp_transport/libtcp_transport.a  esp-idf/esp_http_client/libesp_http_client.a  esp-idf/esp_http_server/libesp_http_server.a  esp-idf/esp_https_ota/libesp_https_ota.a  esp-idf/mbedtls/mbedtls/library/libmbedtls.a  esp-idf/mbedtls/mbedtls/library/libmbedcrypto.a  esp-idf/mbedtls/mbedtls/library/libmbedx509.a  esp-idf/mbedtls/mbedtls/3rdparty/everest/libeverest.a  esp-idf/mbedtls/mbedtls/3rdparty/p256-m/libp256m.a  /home/tikhon/Документы/magnolia/esp-idf/components/esp_wifi/lib/esp32s3/libcore.a  /home/tikhon/Документы/magnolia/esp-idf/components/esp_wifi/lib/esp32s3/libespnow.a  /home/tikhon/Документы/magnolia/esp-idf/components/esp_wifi/lib/esp32s3/libmesh.a  /home/tikhon/Документы/magnolia/esp-idf/components/esp_wifi/lib/esp32s3/libnet80211.a  /home/tikhon/Документы/magnolia/esp-idf/components/esp_wifi/lib/esp32s3/libpp.a  /home/tikhon/Документы/magnolia/esp-idf/components/esp_wifi/lib/esp32s3/libsmartconfig.a  /home/tikhon/Документы/magnolia/esp-idf/components/esp_wifi/lib/esp32s3/libwapi.a  esp-idf/xtensa/libxtensa.a  esp-idf/esp_app_format/libesp_app_format.a  esp-idf/esp_bootloader_format/libesp_bootloader_format.a  esp-idf/app_update/libapp_update.a  esp-idf/esp_partition/libesp_partition.a  esp-idf/efuse/libefuse.a  esp-idf/esp_security/libesp_security.a  esp-idf/esp_driver_gpio/libesp_driver_gpio.a  esp-idf/esp_pm/libesp_pm.a  esp-idf/mbedtls/libmbedtls.a  esp-idf/bootloader_support/libbootloader_support.a  esp-idf/esp_mm/libesp_mm.a  esp-idf/spi_flash/libspi_flash.a  esp-idf/esp_system/libesp_system.a  esp-idf/esp_common/libesp_common.a  esp-idf/esp_rom/libesp_rom.a  esp-idf/hal/libhal.a  esp-idf/log/liblog.a  esp-idf/heap/libheap.a  esp-idf/soc/libsoc.a  esp-idf/esp_hw_support/libesp_hw_support.a  esp-idf/freertos/libfreertos.a  esp-idf/newlib/libnewlib.a  esp-idf/pthread/libpthread.a  esp-idf/cxx/libcxx.a  esp-idf/esp_timer/libesp_timer.a  esp-idf/esp_driver_gptimer/libesp_driver_gptimer.a  esp-idf/esp_ringbuf/libesp_ringbuf.a  esp-idf/esp_driver_uart/libesp_driver_uart.a  esp-idf/esp_event/libesp_event.a  esp-idf/nvs_flash/libnvs_flash.a  esp-idf/esp_phy/libesp_phy.a  esp-idf/esp_driver_usb_serial_jtag/libesp_driver_usb_serial_jtag.a  esp-idf/esp_vfs_console/libesp_vfs_console.a  esp-idf/vfs/libvfs.a  esp-idf/lwip/liblwip.a  esp-idf/esp_netif/libesp_netif.a  esp-idf/wpa_supplicant/libwpa_supplicant.a  esp-idf/esp_coex/libesp_coex.a  esp-idf/esp_wifi/libesp_wifi.a  esp-idf/esp_driver_spi/libesp_driver_spi.a  esp-idf/esp_gdbstub/libesp_gdbstub.a  esp-idf/esp_driver_pcnt/libesp_driver_pcnt.a  esp-idf/esp_driver_mcpwm/libesp_driver_mcpwm.a  esp-idf/esp_driver_i2s/libesp_driver_i2s.a  esp-idf/sdmmc/libsdmmc.a  esp-idf/esp_driver_sd_intf/libesp_driver_sd_intf.a  esp-idf/esp_driver_sdmmc/libesp_driver_sdmmc.a  esp-idf/esp_driver_sdspi/libesp_driver_sdspi.a  esp-idf/esp_driver_rmt/libesp_driver_rmt.a  esp-idf/esp_driver_tsens/libesp_driver_tsens.a  esp-idf/esp_driver_sdm/libesp_driver_sdm.a  esp-idf/esp_driver_i2c/libesp_driver_i2c.a  esp-idf/esp_driver_ledc/libesp_driver_ledc.a  esp-idf/esp_driver_twai/libesp_driver_twai.a  esp-idf/driver/libdriver.a  esp-idf/http_parser/libhttp_parser.a  esp-idf/esp-tls/libesp-tls.a  esp-idf/esp_adc/libesp_adc.a  esp-idf/tcp_transport/libtcp_transport.a  esp-idf/esp_http_client/libesp_http_client.a  esp-idf/esp_http_server/libesp_http_server.a  esp-idf/esp_https_ota/libesp_https_ota.a  esp-idf/mbedtls/mbedtls/library/libmbedtls.a  esp-idf/mbedtls/mbedtls/library/libmbedcrypto.a  esp-idf/mbedtls/mbedtls/library/libmbedx509.a  esp-idf/mbedtls/mbedtls/3rdparty/everest/libeverest.a  esp-idf/mbedtls/mbedtls/3rdparty/p256-m/libp256m.a  /home/tikhon/Документы/magnolia/esp-idf/components/esp_wifi/lib/esp32s3/libcore.a  /home/tikhon/Документы/magnolia/esp-idf/components/esp_wifi/lib/esp32s3/libespnow.a  /home/tikhon/Документы/magnolia/esp-idf/components/esp_wifi/lib/esp32s3/libmesh.a  /home/tikhon/Документы/magnolia/esp-idf/components/esp_wifi/lib/esp32s3/libnet80211.a  /home/tikhon/Документы/magnolia/esp-idf/components/esp_wifi/lib/esp32s3/libpp.a  /home/tikhon/Документы/magnolia/esp-idf/components/esp_wifi/lib/esp32s3/libsmartconfig.a  /home/tikhon/Документы/magnolia/esp-idf/components/esp_wifi/lib/esp32s3/libwapi.a  esp-idf/xtensa/libxtensa.a  esp-idf/esp_app_format/libesp_app_format.a  esp-idf/esp_bootloader_format/libesp_bootloader_format.a  esp-idf/app_update/libapp_update.a  esp-idf/esp_partition/libesp_partition.a  esp-idf/efuse/libefuse.a  esp-idf/esp_security/libesp_security.a  esp-idf/esp_driver_gpio/libesp_driver_gpio.a  esp-idf/esp_pm/libesp_pm.a  esp-idf/mbedtls/libmbedtls.a  esp-idf/bootloader_support/libbootloader_support.a  esp-idf/esp_mm/libesp_mm.a  esp-idf/spi_flash/libspi_flash.a  esp-idf/esp_system/libesp_system.a  esp-idf/esp_common/libesp_common.a  esp-idf/esp_rom/libesp_rom.a  esp-idf/hal/libhal.a  esp-idf/log/liblog.a  esp-idf/heap/libheap.a  esp-idf/soc/libsoc.a  esp-idf/esp_hw_support/libesp_hw_support.a  esp-idf/freertos/libfreertos.a  esp-idf/newlib/libnewlib.a  esp-idf/pthread/libpthread.a  esp-idf/cxx/libcxx.a  esp-idf/esp_timer/libesp_timer.a  esp-idf/esp_driver_gptimer/libesp_driver_gptimer.a  esp-idf/esp_ringbuf/libesp_ringbuf.a  esp-idf/esp_driver_uart/libesp_driver_uart.a  esp-idf/esp_event/libesp_event.a  esp-idf/nvs_flash/libnvs_flash.a  esp-idf/esp_phy/libesp_phy.a  esp-idf/esp_driver_usb_serial_jtag/libesp_driver_usb_serial_jtag.a  esp-idf/esp_vfs_console/libesp_vfs_console.a  esp-idf/vfs/libvfs.a  esp-idf/lwip/liblwip.a  esp-idf/esp_netif/libesp_netif.a  esp-idf/wpa_supplicant/libwpa_supplicant.a  esp-idf/esp_coex/libesp_coex.a  esp-idf/esp_wifi/libesp_wifi.a  esp-idf/esp_driver_spi/libesp_driver_spi.a  esp-idf/esp_gdbstub/libesp_gdbstub.a  esp-idf/esp_driver_pcnt/libesp_driver_pcnt.a  esp-idf/esp_driver_mcpwm/libesp_driver_mcpwm.a  esp-idf/esp_driver_i2s/libesp_driver_i2s.a  esp-idf/sdmmc/libsdmmc.a  esp-idf/esp_driver_sd_intf/libesp_driver_sd_intf.a  esp-idf/esp_driver_sdmmc/libesp_driver_sdmmc.a  esp-idf/esp_driver_sdspi/libesp_driver_sdspi.a  esp-idf/esp_driver_rmt/libesp_driver_rmt.a  esp-idf/esp_driver_tsens/libesp_driver_tsens.a  esp-idf/esp_driver_sdm/libesp_driver_sdm.a  esp-idf/esp_driver_i2c/libesp_driver_i2c.a  esp-idf/esp_driver_ledc/libesp_driver_ledc.a  esp-idf/esp_driver_twai/libesp_driver_twai.a  esp-idf/driver/libdriver.a  esp-idf/http_parser/libhttp_parser.a  esp-idf/esp-tls/libesp-tls.a  esp-idf/esp_adc/libesp_adc.a  esp-idf/tcp_transport/libtcp_transport.a  esp-idf/esp_http_client/libesp_http_client.a  esp-idf/esp_http_server/libesp_http_server.a  esp-idf/esp_https_ota/libesp_https_ota.a  esp-idf/mbedtls/mbedtls/library/libmbedtls.a  esp-idf/mbedtls/mbedtls/library/libmbedcrypto.a  esp-idf/mbedtls/mbedtls/library/libmbedx509.a  esp-idf/mbedtls/mbedtls/3rdparty/everest/libeverest.a  esp-idf/mbedtls/mbedtls/3rdparty/p256-m/libp256m.a  /home/tikhon/Документы/magnolia/esp-idf/components/esp_wifi/lib/esp32s3/libcore.a  /home/tikhon/Документы/magnolia/esp-idf/components/esp_wifi/lib/esp32s3/libespnow.a  /home/tikhon/Документы/magnolia/esp-idf/components/esp_wifi/lib/esp32s3/libmesh.a  /home/tikhon/Документы/magnolia/esp-idf/components/esp_wifi/lib/esp32s3/libnet80211.a  /home/tikhon/Документы/magnolia/esp-idf/components/esp_wifi/lib/esp32s3/libpp.a  /home/tikhon/Документы/magnolia/esp-idf/components/esp_wifi/lib/esp32s3/libsmartconfig.a  /home/tikhon/Документы/magnolia/esp-idf/components/esp_wifi/lib/esp32s3/libwapi.a  esp-idf/xtensa/libxtensa.a  esp-idf/esp_app_format/libesp_app_format.a  esp-idf/esp_bootloader_format/libesp_bootloader_format.a  esp-idf/app_update/libapp_update.a  esp-idf/esp_partition/libesp_partition.a  esp-idf/efuse/libefuse.a  esp-idf/esp_security/libesp_security.a  esp-idf/esp_driver_gpio/libesp_driver_gpio.a  esp-idf/esp_pm/libesp_pm.a  esp-idf/mbedtls/libmbedtls.a  esp-idf/bootloader_support/libbootloader_support.a  esp-idf/esp_mm/libesp_mm.a  esp-idf/spi_flash/libspi_flash.a  esp-idf/esp_system/libesp_system.a  esp-idf/esp_common/libesp_common.a  esp-idf/esp_rom/libesp_rom.a  esp-idf/hal/libhal.a  esp-idf/log/liblog.a  esp-idf/heap/libheap.a  esp-idf/soc/libsoc.a  esp-idf/esp_hw_support/libesp_hw_support.a  esp-idf/freertos/libfreertos.a  esp-idf/newlib/libnewlib.a  esp-idf/pthread/libpthread.a  esp-idf/cxx/libcxx.a  esp-idf/esp_timer/libesp_timer.a  esp-idf/esp_driver_gptimer/libesp_driver_gptimer.a  esp-idf/esp_ringbuf/libesp_ringbuf.a  esp-idf/esp_driver_uart/libesp_driver_uart.a  esp-idf/esp_event/libesp_event.a  esp-idf/nvs_flash/libnvs_flash.a  esp-idf/esp_phy/libesp_phy.a  esp-idf/esp_driver_usb_serial_jtag/libesp_driver_usb_serial_jtag.a  esp-idf/esp_vfs_console/libesp_vfs_console.a  esp-idf/vfs/libvfs.a  esp-idf/lwip/liblwip.a  esp-idf/esp_netif/libesp_netif.a  esp-idf/wpa_supplicant/libwpa_supplicant.a  esp-idf/esp_coex/libesp_coex.a  esp-idf/esp_wifi/libesp_wifi.a  esp-idf/esp_driver_spi/libesp_driver_spi.a  esp-idf/esp_gdbstub/libesp_gdbstub.a  esp-idf/esp_driver_pcnt/libesp_driver_pcnt.a  esp-idf/esp_driver_mcpwm/libesp_driver_mcpwm.a  esp-idf/esp_driver_i2s/libesp_driver_i2s.a  esp-idf/sdmmc/libsdmmc.a  esp-idf/esp_driver_sd_intf/libesp_driver_sd_intf.a  esp-idf/esp_driver_sdmmc/libesp_driver_sdmmc.a  esp-idf/esp_driver_sdspi/libesp_driver_sdspi.a  esp-idf/esp_driver_rmt/libesp_driver_rmt.a  esp-idf/esp_driver_tsens/libesp_driver_tsens.a  esp-idf/esp_driver_sdm/libesp_driver_sdm.a  esp-idf/esp_driver_i2c/libesp_driver_i2c.a  esp-idf/esp_driver_ledc/libesp_driver_ledc.a  esp-idf/esp_driver_twai/libesp_driver_twai.a  esp-idf/driver/libdriver.a  esp-idf/http_parser/libhttp_parser.a  esp-idf/esp-tls/libesp-tls.a  esp-idf/esp_adc/libesp_adc.a  esp-idf/tcp_transport/libtcp_transport.a  esp-idf/esp_http_client/libesp_http_client.a  esp-idf/esp_http_server/libesp_http_server.a  esp-idf/esp_https_ota/libesp_https_ota.a  esp-idf/mbedtls/mbedtls/library/libmbedtls.a  esp-idf/mbedtls/mbedtls/library/libmbedcrypto.a  esp-idf/mbedtls/mbedtls/library/libmbedx509.a  esp-idf/mbedtls/mbedtls/3rdparty/everest/libeverest.a  esp-idf/mbedtls/mbedtls/3rdparty/p256-m/libp256m.a  /home/tikhon/Документы/magnolia/esp-idf/components/esp_wifi/lib/esp32s3/libcore.a  /home/tikhon/Документы/magnolia/esp-idf/components/esp_wifi/lib/esp32s3/libespnow.a  /home/tikhon/Документы/magnolia/esp-idf/components/esp_wifi/lib/esp32s3/libmesh.a  /home/tikhon/Документы/magnolia/esp-idf/components/esp_wifi/lib/esp32s3/libnet80211.a  /home/tikhon/Документы/magnolia/esp-idf/components/esp_wifi/lib/esp32s3/libpp.a  /home/tikhon/Документы/magnolia/esp-idf/components/esp_wifi/lib/esp32s3/libsmartconfig.a  /home/tikhon/Документы/magnolia/esp-idf/components/esp_wifi/lib/esp32s3/libwapi.a  esp-idf/xtensa/libxtensa.a  esp-idf/esp_app_format/libesp_app_format.a  esp-idf/esp_bootloader_format/libesp_bootloader_format.a  esp-idf/app_update/libapp_update.a  esp-idf/esp_partition/libesp_partition.a  esp-idf/efuse/libefuse.a  esp-idf/esp_security/libesp_security.a  esp-idf/esp_driver_gpio/libesp_driver_gpio.a  esp-idf/esp_pm/libesp_pm.a  esp-idf/mbedtls/libmbedtls.a  esp-idf/bootloader_support/libbootloader_support.a  esp-idf/esp_mm/libesp_mm.a  esp-idf/spi_flash/libspi_flash.a  esp-idf/esp_system/libesp_system.a  esp-idf/esp_common/libesp_common.a  esp-idf/esp_rom/libesp_rom.a  esp-idf/hal/libhal.a  esp-idf/log/liblog.a  esp-idf/heap/libheap.a  esp-idf/soc/libsoc.a  esp-idf/esp_hw_support/libesp_hw_support.a  esp-idf/freertos/libfreertos.a  esp-idf/newlib/libnewlib.a  esp-idf/pthread/libpthread.a  esp-idf/cxx/libcxx.a  esp-idf/esp_timer/libesp_timer.a  esp-idf/esp_driver_gptimer/libesp_driver_gptimer.a  esp-idf/esp_ringbuf/libesp_ringbuf.a  esp-idf/esp_driver_uart/libesp_driver_uart.a  esp-idf/esp_event/libesp_event.a  esp-idf/nvs_flash/libnvs_flash.a  esp-idf/esp_phy/libesp_phy.a  esp-idf/esp_driver_usb_serial_jtag/libesp_driver_usb_serial_jtag.a  esp-idf/esp_vfs_console/libesp_vfs_console.a  esp-idf/vfs/libvfs.a  esp-idf/lwip/liblwip.a  esp-idf/esp_netif/libesp_netif.a  esp-idf/wpa_supplicant/libwpa_supplicant.a  esp-idf/esp_coex/libesp_coex.a  esp-idf/esp_wifi/libesp_wifi.a  esp-idf/esp_driver_spi/libesp_driver_spi.a  esp-idf/esp_gdbstub/libesp_gdbstub.a  esp-idf/esp_driver_pcnt/libesp_driver_pcnt.a  esp-idf/esp_driver_mcpwm/libesp_driver_mcpwm.a  esp-idf/esp_driver_i2s/libesp_driver_i2s.a  esp-idf/sdmmc/libsdmmc.a  esp-idf/esp_driver_sd_intf/libesp_driver_sd_intf.a  esp-idf/esp_driver_sdmmc/libesp_driver_sdmmc.a  esp-idf/esp_driver_sdspi/libesp_driver_sdspi.a  esp-idf/esp_driver_rmt/libesp_driver_rmt.a  esp-idf/esp_driver_tsens/libesp_driver_tsens.a  esp-idf/esp_driver_sdm/libesp_driver_sdm.a  esp-idf/esp_driver_i2c/libesp_driver_i2c.a  esp-idf/esp_driver_ledc/libesp_driver_ledc.a  esp-idf/esp_driver_twai/libesp_driver_twai.a  esp-idf/driver/libdriver.a  esp-idf/http_parser/libhttp_parser.a  esp-idf/esp-tls/libesp-tls.a  esp-idf/esp_adc/libesp_adc.a  esp-idf/tcp_transport/libtcp_transport.a  esp-idf/esp_http_client/libesp_http_client.a  esp-idf/esp_http_server/libesp_http_server.a  esp-idf/esp_https_ota/libesp_https_ota.a  esp-idf/mbedtls/mbedtls/library/libmbedtls.a  esp-idf/mbedtls/mbedtls/library/libmbedcrypto.a  esp-idf/mbedtls/mbedtls/library/libmbedx509.a  esp-idf/mbedtls/mbedtls/3rdparty/everest/libeverest.a  esp-idf/mbedtls/mbedtls/3rdparty/p256-m/libp256m.a  /home/tikhon/Документы/magnolia/esp-idf/components/esp_wifi/lib/esp32s3/libcore.a  /home/tikhon/Документы/magnolia/esp-idf/components/esp_wifi/lib/esp32s3/libespnow.a  /home/tikhon/Документы/magnolia/esp-idf/components/esp_wifi/lib/esp32s3/libmesh.a  /home/tikhon/Документы/magnolia/esp-idf/components/esp_wifi/lib/esp32s3/libnet80211.a  /home/tikhon/Документы/magnolia/esp-idf/components/esp_wifi/lib/esp32s3/libpp.a  /home/tikhon/Документы/magnolia/esp-idf/components/esp_wifi/lib/esp32s3/libsmartconfig.a  /home/tikhon/Документы/magnolia/esp-idf/components/esp_wifi/lib/esp32s3/libwapi.a  esp-idf/xtensa/libxtensa.a  esp-idf/esp_app_format/libesp_app_format.a  esp-idf/esp_bootloader_format/libesp_bootloader_format.a  esp-idf/app_update/libapp_update.a  esp-idf/esp_partition/libesp_partition.a  esp-idf/efuse/libefuse.a  esp-idf/esp_security/libesp_security.a  esp-idf/esp_driver_gpio/libesp_driver_gpio.a  esp-idf/esp_pm/libesp_pm.a  esp-idf/mbedtls/libmbedtls.a  esp-idf/bootloader_support/libbootloader_support.a  esp-idf/esp_mm/libesp_mm.a  esp-idf/spi_flash/libspi_flash.a  esp-idf/esp_system/libesp_system.a  esp-idf/esp_common/libesp_common.a  esp-idf/esp_rom/libesp_rom.a  esp-idf/hal/libhal.a  esp-idf/log/liblog.a  esp-idf/heap/libheap.a  esp-idf/soc/libsoc.a  esp-idf/esp_hw_support/libesp_hw_support.a  esp-idf/freertos/libfreertos.a  esp-idf/newlib/libnewlib.a  esp-idf/pthread/libpthread.a  esp-idf/cxx/libcxx.a  esp-idf/esp_timer/libesp_timer.a  esp-idf/esp_driver_gptimer/libesp_driver_gptimer.a  esp-idf/esp_ringbuf/libesp_ringbuf.a  esp-idf/esp_driver_uart/libesp_driver_uart.a  esp-idf/esp_event/libesp_event.a  esp-idf/nvs_flash/libnvs_flash.a  esp-idf/esp_phy/libesp_phy.a  esp-idf/esp_driver_usb_serial_jtag/libesp_driver_usb_serial_jtag.a  esp-idf/esp_vfs_console/libesp_vfs_console.a  esp-idf/vfs/libvfs.a  esp-idf/lwip/liblwip.a  esp-idf/esp_netif/libesp_netif.a  esp-idf/wpa_supplicant/libwpa_supplicant.a  esp-idf/esp_coex/libesp_coex.a  esp-idf/esp_wifi/libesp_wifi.a  esp-idf/esp_driver_spi/libesp_driver_spi.a  esp-idf/esp_gdbstub/libesp_gdbstub.a  esp-idf/esp_driver_pcnt/libesp_driver_pcnt.a  esp-idf/esp_driver_mcpwm/libesp_driver_mcpwm.a  esp-idf/esp_driver_i2s/libesp_driver_i2s.a  esp-idf/sdmmc/libsdmmc.a  esp-idf/esp_driver_sd_intf/libesp_driver_sd_intf.a  esp-idf/esp_driver_sdmmc/libesp_driver_sdmmc.a  esp-idf/esp_driver_sdspi/libesp_driver_sdspi.a  esp-idf/esp_driver_rmt/libesp_driver_rmt.a  esp-idf/esp_driver_tsens/libesp_driver_tsens.a  esp-idf/esp_driver_sdm/libesp_driver_sdm.a  esp-idf/esp_driver_i2c/libesp_driver_i2c.a  esp-idf/esp_driver_ledc/libesp_driver_ledc.a  esp-idf/esp_driver_twai/libesp_driver_twai.a  esp-idf/driver/libdriver.a  esp-idf/http_parser/libhttp_parser.a  esp-idf/esp-tls/libesp-tls.a  esp-idf/esp_adc/libesp_adc.a  esp-idf/tcp_transport/libtcp_transport.a  esp-idf/esp_http_client/libesp_http_client.a  esp-idf/esp_http_server/libesp_http_server.a  esp-idf/esp_https_ota/libesp_https_ota.a  esp-idf/mbedtls/mbedtls/library/libmbedtls.a  esp-idf/mbedtls/mbedtls/library/libmbedcrypto.a  esp-idf/mbedtls/mbedtls/library/libmbedx509.a  esp-idf/mbedtls/mbedtls/3rdparty/everest/libeverest.a  esp-idf/mbedtls/mbedtls/3rdparty/p256-m/libp256m.a  /home/tikhon/Документы/magnolia/esp-idf/components/esp_wifi/lib/esp32s3/libcore.a  /home/tikhon/Документы/magnolia/esp-idf/components/esp_wifi/lib/esp32s3/libespnow.a  /home/tikhon/Документы/magnolia/esp-idf/components/esp_wifi/lib/esp32s3/libmesh.a  /home/tikhon/Документы/magnolia/esp-idf/components/esp_wifi/lib/esp32s3/libnet80211.a  /home/tikhon/Документы/magnolia/esp-idf/components/esp_wifi/lib/esp32s3/libpp.a  /home/tikhon/Документы/magnolia/esp-idf/components/esp_wifi/lib/esp32s3/libsmartconfig.a  /home/tikhon/Документы/magnolia/esp-idf/components/esp_wifi/lib/esp32s3/libwapi.a  /home/tikhon/Документы/magnolia/esp-idf/components/xtensa/esp32s3/libxt_hal.a  -u esp_app_desc  -u esp_efuse_startup_include_func  -u esp_security_init_include_impl  -u ld_include_highint_hdl  -u start_app  -u start_app_other_cores  -u __ubsan_include  -u esp_system_include_startup_funcs  -Wl,--wrap=longjmp  -u __assert_func  -u esp_sleep_gpio_include  -Wl,--undefined=FreeRTOS_openocd_params  -u app_main  -lc  -lm  -u esp_libc_include_heap_impl  -u esp_libc_include_reent_syscalls_impl  -u esp_libc_include_syscalls_impl  -u esp_libc_include_pthread_impl  -u esp_libc_include_assert_impl  -u esp_libc_include_getentropy_impl  -u esp_libc_include_init_funcs  -u esp_libc_init_funcs  -u pthread_include_pthread_impl  -u pthread_include_pthread_cond_var_impl  -u pthread_include_pthread_local_storage_impl  -u pthread_include_pthread_rwlock_impl  -u pthread_include_pthread_semaphore_impl  -Wl,--wrap=__register_frame_info_bases  -Wl,--wrap=__register_frame_info  -Wl,--wrap=__register_frame  -Wl,--wrap=__register_frame_info_table_bases  -Wl,--wrap=__register_frame_info_table  -Wl,--wrap=__register_frame_table  -Wl,--wrap=__deregister_frame_info_bases  -Wl,--wrap=__deregister_frame_info  -Wl,--wrap=_Unwind_Find_FDE  -Wl,--wrap=_Unwind_GetGR  -Wl,--wrap=_Unwind_GetCFA  -Wl,--wrap=_Unwind_GetIP  -Wl,--wrap=_Unwind_GetIPInfo  -Wl,--wrap=_Unwind_GetRegionStart  -Wl,--wrap=_Unwind_GetDataRelBase  -Wl,--wrap=_Unwind_GetTextRelBase  -Wl,--wrap=_Unwind_SetIP  -Wl,--wrap=_Unwind_SetGR  -Wl,--wrap=_Unwind_GetLanguageSpecificData  -Wl,--wrap=_Unwind_FindEnclosingFunction  -Wl,--wrap=_Unwind_Resume  -Wl,--wrap=_Unwind_RaiseException  -Wl,--wrap=_Unwind_DeleteException  -Wl,--wrap=_Unwind_ForcedUnwind  -Wl,--wrap=_Unwind_Resume_or_Rethrow  -Wl,--wrap=_Unwind_Backtrace  -Wl,--wrap=__cxa_call_unexpected  -Wl,--wrap=__gxx_personality_v0  -Wl,--wrap=__cxa_throw  -Wl,--wrap=__cxa_allocate_exception  -lstdc++  esp-idf/pthread/libpthread.a  esp-idf/newlib/libnewlib.a  -u __cxa_guard_dummy  -u __cxx_init_dummy  -lgcc  esp-idf/cxx/libcxx.a  -u __cxx_fatal_exception  -u esp_timer_init_include_func  -u uart_vfs_include_dev_init  -u include_esp_phy_override  -lphy  -lbtbb  esp-idf/esp_phy/libesp_phy.a  -lphy  -lbtbb  esp-idf/esp_phy/libesp_phy.a  -lphy  -lbtbb  -u usb_serial_jtag_vfs_include_dev_init  -u usb_serial_jtag_connection_monitor_include  -u esp_vfs_include_console_register  -u vfs_include_syscalls_impl  -u esp_vfs_include_nullfs_register && :
/home/tikhon/.espressif/tools/xtensa-esp-elf/esp-15.1.0_20250607/xtensa-esp-elf/bin/../lib/gcc/xtensa-esp-elf/15.1.0/../../../../xtensa-esp-elf/bin/ld: warning: _floatsidf.o: missing .note.GNU-stack section implies executable stack
/home/tikhon/.espressif/tools/xtensa-esp-elf/esp-15.1.0_20250607/xtensa-esp-elf/bin/../lib/gcc/xtensa-esp-elf/15.1.0/../../../../xtensa-esp-elf/bin/ld: NOTE: This behaviour is deprecated and will be removed in a future version of the linker
/home/tikhon/.espressif/tools/xtensa-esp-elf/esp-15.1.0_20250607/xtensa-esp-elf/bin/../lib/gcc/xtensa-esp-elf/15.1.0/../../../../xtensa-esp-elf/bin/ld: esp-idf/freertos/libfreertos.a(app_startup.c.obj):(.literal.main_task+0x34): undefined reference to `app_main'
collect2: error: ld returned 1 exit status
ninja: build stopped: subcommand failed.
[145/1051] Building C object esp-idf/wpa_supplicant/CMakeFiles/__idf_wpa_supplicant.dir/src/crypto/sha384-tlsprf.c.obj
[146/1051] Building C object esp-idf/wpa_supplicant/CMakeFiles/__idf_wpa_supplicant.dir/src/crypto/dh_groups.c.obj
[199/1053] Building C object esp-idf/wpa_supplicant/CMakeFiles/__idf_wpa_supplicant.dir/esp_supplicant/src/esp_wpa_main.c.obj
[147/1051] Linking C static library esp-idf/esp_driver_spi/libesp_driver_spi.a
[148/1051] Building C object esp-idf/wpa_supplicant/CMakeFiles/__idf_wpa_supplicant.dir/src/crypto/sha256-tlsprf.c.obj
[149/1051] Building C object esp-idf/wpa_supplicant/CMakeFiles/__idf_wpa_supplicant.dir/src/crypto/aes-gcm.c.obj
[1/6] Zig build-obj: hexdump -> /home/tikhon/Документы/magnolia/applets/zig/zhexdump/build/esp-idf/main/hexdump.zig.o
FAILED: esp-idf/main/hexdump.zig.o /home/tikhon/Документы/magnolia/applets/zig/zhexdump/build/esp-idf/main/hexdump.zig.o 
cd /home/tikhon/Документы/magnolia/applets/zig/zhexdump/build/esp-idf/main && python3 /home/tikhon/Документы/magnolia/tools/zig_xtensa_toolchain.py --install-dir /home/tikhon/Документы/magnolia/build/toolchains/zig-xtensa && /home/tikhon/Документы/magnolia/build/toolchains/zig-xtensa/zig build-obj -target xtensa-freestanding-none -mcpu esp32s3 -OReleaseSmall --dep magnolia -Mroot=/home/tikhon/Документы/magnolia/applets/zig/zhexdump/main/hexdump.zig -Mmagnolia=/home/tikhon/Документы/magnolia/sdk/zig/magnolia.zig -femit-bin=/home/tikhon/Документы/magnolia/applets/zig/zhexdump/build/esp-idf/main/hexdump.zig.o && /home/tikhon/.espressif/tools/xtensa-esp-elf/esp-15.1.0_20250607/xtensa-esp-elf/bin/xtensa-esp32s3-elf-objcopy --set-section-flags .literal=alloc,load,contents,data /home/tikhon/Документы/magnolia/applets/zig/zhexdump/build/esp-idf/main/hexdump.zig.o && /home/tikhon/.espressif/tools/xtensa-esp-elf/esp-15.1.0_20250607/xtensa-esp-elf/bin/xtensa-esp32s3-elf-objcopy --set-section-flags .rodata=alloc,load,contents,data /home/tikhon/Документы/magnolia/applets/zig/zhexdump/build/esp-idf/main/hexdump.zig.o
0.14.0-dev.xtensa.2486+941677e08
/home/tikhon/Документы/magnolia/applets/zig/zhexdump/main/hexdump.zig:121:11: error: invalid escape character: 'b'
/home/tikhon/Документы/magnolia/applets/zig/zhexdump/main/hexdump.zig:208:39: error: @intCast must have a known result type
/home/tikhon/Документы/magnolia/applets/zig/zhexdump/main/hexdump.zig:208:39: note: use @as to provide explicit result type
/home/tikhon/Документы/magnolia/applets/zig/zhexdump/main/hexdump.zig:361:31: error: root source file struct 'std' has no member named 'cstr'
/home/tikhon/Документы/magnolia/build/toolchains/zig-xtensa/zig-relsafe-espressif-x86_64-linux-musl-baseline/lib/std/std.zig:1:1: note: struct declared here
/home/tikhon/Документы/magnolia/build/toolchains/zig-xtensa/zig-relsafe-espressif-x86_64-linux-musl-baseline/lib/std/posix.zig:68:21: error: struct 'posix.system__struct_1222' has no member named 'E'
/home/tikhon/Документы/magnolia/build/toolchains/zig-xtensa/zig-relsafe-espressif-x86_64-linux-musl-baseline/lib/std/posix.zig:48:13: note: struct declared here
/home/tikhon/Документы/magnolia/build/toolchains/zig-xtensa/zig-relsafe-espressif-x86_64-linux-musl-baseline/lib/std/posix.zig:4734:18: error: struct 'posix.system__struct_1222' has no member named 'MAP'
/home/tikhon/Документы/magnolia/build/toolchains/zig-xtensa/zig-relsafe-espressif-x86_64-linux-musl-baseline/lib/std/posix.zig:48:13: note: struct declared here
ninja: build stopped: subcommand failed.
[200/1053] Linking C static library esp-idf/esp_coex/libesp_coex.a
[150/1051] Building C object esp-idf/wpa_supplicant/CMakeFiles/__idf_wpa_supplicant.dir/src/crypto/sha1-tlsprf.c.obj
[151/1051] Building C object esp-idf/wpa_supplicant/CMakeFiles/__idf_wpa_supplicant.dir/src/common/wpa_common.c.obj
[152/1051] Building C object esp-idf/wpa_supplicant/CMakeFiles/__idf_wpa_supplicant.dir/src/crypto/ms_funcs.c.obj
[201/1053] Building C object esp-idf/wpa_supplicant/CMakeFiles/__idf_wpa_supplicant.dir/src/crypto/rc4.c.obj
[153/1051] Building C object esp-idf/wpa_supplicant/CMakeFiles/__idf_wpa_supplicant.dir/src/common/sae.c.obj
[154/1051] Building C object esp-idf/wpa_supplicant/CMakeFiles/__idf_wpa_supplicant.dir/src/crypto/sha256-prf.c.obj
[202/1053] Building C object esp-idf/wpa_supplicant/CMakeFiles/__idf_wpa_supplicant.dir/src/wps/wps_enrollee.c.obj
[203/1053] Building C object esp-idf/wpa_supplicant/CMakeFiles/__idf_wpa_supplicant.dir/esp_supplicant/src/esp_wpa3.c.obj
[155/1051] Linking C static library esp-idf/esp_wifi/libesp_wifi.a
[204/1053] Building C object esp-idf/wpa_supplicant/CMakeFiles/__idf_wpa_supplicant.dir/src/rsn_supp/wpa.c.obj
[205/1053] Building C object esp-idf/wpa_supplicant/CMakeFiles/__idf_wpa_supplicant.dir/esp_supplicant/src/crypto/crypto_mbedtls-bignum.c.obj
[156/1051] Building C object esp-idf/wpa_supplicant/CMakeFiles/__idf_wpa_supplicant.dir/src/crypto/sha1-prf.c.obj
[206/1053] Building C object esp-idf/wpa_supplicant/CMakeFiles/__idf_wpa_supplicant.dir/src/crypto/aes-ccm.c.obj
[157/1051] Building C object esp-idf/wpa_supplicant/CMakeFiles/__idf_wpa_supplicant.dir/src/crypto/sha384-prf.c.obj
Applet zigtest OK -> /home/tikhon/Документы/magnolia/rootfs/bin/zigtest
[158/1051] Building C object esp-idf/wpa_supplicant/CMakeFiles/__idf_wpa_supplicant.dir/src/crypto/md4-internal.c.obj
[207/1053] Building C object esp-idf/wpa_supplicant/CMakeFiles/__idf_wpa_supplicant.dir/esp_supplicant/src/crypto/crypto_mbedtls-rsa.c.obj
[159/1051] Building C object esp-idf/wpa_supplicant/CMakeFiles/__idf_wpa_supplicant.dir/src/eap_common/eap_wsc_common.c.obj
[1/6] Zig build-obj: xxd -> /home/tikhon/Документы/magnolia/applets/zig/zxxd/build/esp-idf/main/xxd.zig.o
FAILED: esp-idf/main/xxd.zig.o /home/tikhon/Документы/magnolia/applets/zig/zxxd/build/esp-idf/main/xxd.zig.o 
cd /home/tikhon/Документы/magnolia/applets/zig/zxxd/build/esp-idf/main && python3 /home/tikhon/Документы/magnolia/tools/zig_xtensa_toolchain.py --install-dir /home/tikhon/Документы/magnolia/build/toolchains/zig-xtensa && /home/tikhon/Документы/magnolia/build/toolchains/zig-xtensa/zig build-obj -target xtensa-freestanding-none -mcpu esp32s3 -OReleaseSmall --dep magnolia -Mroot=/home/tikhon/Документы/magnolia/applets/zig/zxxd/main/xxd.zig -Mmagnolia=/home/tikhon/Документы/magnolia/sdk/zig/magnolia.zig -femit-bin=/home/tikhon/Документы/magnolia/applets/zig/zxxd/build/esp-idf/main/xxd.zig.o && /home/tikhon/.espressif/tools/xtensa-esp-elf/esp-15.1.0_20250607/xtensa-esp-elf/bin/xtensa-esp32s3-elf-objcopy --set-section-flags .literal=alloc,load,contents,data /home/tikhon/Документы/magnolia/applets/zig/zxxd/build/esp-idf/main/xxd.zig.o && /home/tikhon/.espressif/tools/xtensa-esp-elf/esp-15.1.0_20250607/xtensa-esp-elf/bin/xtensa-esp32s3-elf-objcopy --set-section-flags .rodata=alloc,load,contents,data /home/tikhon/Документы/magnolia/applets/zig/zxxd/build/esp-idf/main/xxd.zig.o
0.14.0-dev.xtensa.2486+941677e08
/home/tikhon/Документы/magnolia/build/toolchains/zig-xtensa/zig-relsafe-espressif-x86_64-linux-musl-baseline/lib/std/posix.zig:68:21: error: struct 'posix.system__struct_1222' has no member named 'E'
/home/tikhon/Документы/magnolia/build/toolchains/zig-xtensa/zig-relsafe-espressif-x86_64-linux-musl-baseline/lib/std/posix.zig:48:13: note: struct declared here
/home/tikhon/Документы/magnolia/build/toolchains/zig-xtensa/zig-relsafe-espressif-x86_64-linux-musl-baseline/lib/std/posix.zig:4734:18: error: struct 'posix.system__struct_1222' has no member named 'MAP'
/home/tikhon/Документы/magnolia/build/toolchains/zig-xtensa/zig-relsafe-espressif-x86_64-linux-musl-baseline/lib/std/posix.zig:48:13: note: struct declared here
/home/tikhon/Документы/magnolia/applets/zig/zxxd/main/xxd.zig:301:27: error: root source file struct 'std' has no member named 'cstr'
/home/tikhon/Документы/magnolia/build/toolchains/zig-xtensa/zig-relsafe-espressif-x86_64-linux-musl-baseline/lib/std/std.zig:1:1: note: struct declared here
ninja: build stopped: subcommand failed.
[208/1053] Building C object esp-idf/wpa_supplicant/CMakeFiles/__idf_wpa_supplicant.dir/esp_supplicant/src/crypto/tls_mbedtls.c.obj
[0/4] Re-checking globbed directories...
[209/1053] Building C object esp-idf/esp_netif/CMakeFiles/__idf_esp_netif.dir/esp_netif_objects.c.obj
[210/1053] Building C object esp-idf/wpa_supplicant/CMakeFiles/__idf_wpa_supplicant.dir/src/crypto/aes-wrap.c.obj
[211/1053] Building C object esp-idf/esp_netif/CMakeFiles/__idf_esp_netif.dir/esp_netif_defaults.c.obj
[160/1051] Building C object esp-idf/wpa_supplicant/CMakeFiles/__idf_wpa_supplicant.dir/src/common/ieee802_11_common.c.obj
[212/1053] Building C object esp-idf/esp_netif/CMakeFiles/__idf_esp_netif.dir/esp_netif_handlers.c.obj
[213/1053] Building C object esp-idf/wpa_supplicant/CMakeFiles/__idf_wpa_supplicant.dir/src/crypto/aes-unwrap.c.obj
[214/1053] Building C object esp-idf/wpa_supplicant/CMakeFiles/__idf_wpa_supplicant.dir/src/crypto/des-internal.c.obj
Applet rselftest OK -> /home/tikhon/Документы/magnolia/rootfs/bin/rselftest
[161/1051] Building C object esp-idf/wpa_supplicant/CMakeFiles/__idf_wpa_supplicant.dir/src/eap_peer/chap.c.obj
[162/1051] Building C object esp-idf/wpa_supplicant/CMakeFiles/__idf_wpa_supplicant.dir/src/eap_peer/eap_tls.c.obj
[163/1051] Building C object esp-idf/wpa_supplicant/CMakeFiles/__idf_wpa_supplicant.dir/src/crypto/sha1-tprf.c.obj
[215/1053] Building C object esp-idf/esp_netif/CMakeFiles/__idf_esp_netif.dir/lwip/esp_netif_lwip_defaults.c.obj
[164/1051] Building C object esp-idf/wpa_supplicant/CMakeFiles/__idf_wpa_supplicant.dir/src/eap_peer/eap_common.c.obj
[216/1053] Building C object esp-idf/wpa_supplicant/CMakeFiles/__idf_wpa_supplicant.dir/src/eap_peer/eap_fast.c.obj
Applet zighello OK -> /home/tikhon/Документы/magnolia/rootfs/bin/zighello
[217/1053] Building C object esp-idf/wpa_supplicant/CMakeFiles/__idf_wpa_supplicant.dir/esp_supplicant/src/crypto/fastpbkdf2.c.obj
[1/1053] Generating /home/tikhon/Документы/magnolia/applets/rust/rhexdump/build/esp-idf/esp_system/ld/sections.ld.in linker script...
[218/1053] Building C object esp-idf/esp_netif/CMakeFiles/__idf_esp_netif.dir/lwip/netif/esp_pbuf_ref.c.obj
[2/1053] Generating /home/tikhon/Документы/magnolia/applets/rust/rhexdump/build/esp-idf/esp_system/ld/memory.ld linker script...
[165/1051] Building C object esp-idf/wpa_supplicant/CMakeFiles/__idf_wpa_supplicant.dir/src/eap_peer/eap_peap_common.c.obj
NOTICE: Processing 1 dependencies:
NOTICE: [1/1] idf (6.0.0)
[166/1051] Building C object esp-idf/wpa_supplicant/CMakeFiles/__idf_wpa_supplicant.dir/src/eap_peer/mschapv2.c.obj
[219/1053] Building C object esp-idf/lwip/CMakeFiles/__idf_lwip.dir/apps/sntp/sntp.c.obj
[220/1053] Building C object esp-idf/esp_netif/CMakeFiles/__idf_esp_netif.dir/lwip/esp_netif_sntp.c.obj
[167/1051] Building C object esp-idf/wpa_supplicant/CMakeFiles/__idf_wpa_supplicant.dir/src/eap_peer/eap_mschapv2.c.obj
[221/1053] Building C object esp-idf/wpa_supplicant/CMakeFiles/__idf_wpa_supplicant.dir/esp_supplicant/src/crypto/crypto_mbedtls-ec.c.obj
[168/1051] Building C object esp-idf/wpa_supplicant/CMakeFiles/__idf_wpa_supplicant.dir/src/utils/ext_password.c.obj
[222/1053] Building C object esp-idf/esp_netif/CMakeFiles/__idf_esp_netif.dir/lwip/netif/wlanif.c.obj
[169/1051] Building C object esp-idf/wpa_supplicant/CMakeFiles/__idf_wpa_supplicant.dir/src/utils/uuid.c.obj
[170/1051] Building C object esp-idf/wpa_supplicant/CMakeFiles/__idf_wpa_supplicant.dir/src/utils/wpabuf.c.obj
[171/1051] Building C object esp-idf/wpa_supplicant/CMakeFiles/__idf_wpa_supplicant.dir/src/eap_peer/eap_fast_common.c.obj
[223/1053] Building C object esp-idf/lwip/CMakeFiles/__idf_lwip.dir/lwip/src/api/err.c.obj
Applet zigdemo OK -> /home/tikhon/Документы/magnolia/rootfs/bin/zigdemo
[224/1053] Building C object esp-idf/lwip/CMakeFiles/__idf_lwip.dir/lwip/src/api/netdb.c.obj
[172/1051] Building C object esp-idf/wpa_supplicant/CMakeFiles/__idf_wpa_supplicant.dir/src/utils/common.c.obj
[225/1053] Building C object esp-idf/esp_netif/CMakeFiles/__idf_esp_netif.dir/lwip/netif/ethernetif.c.obj
[3/1053] Building C object esp-idf/esp_http_client/CMakeFiles/__idf_esp_http_client.dir/lib/http_utils.c.obj
[4/1053] Building C object esp-idf/esp_http_server/CMakeFiles/__idf_esp_http_server.dir/src/httpd_uri.c.obj
[226/1053] Building C object esp-idf/lwip/CMakeFiles/__idf_lwip.dir/lwip/src/api/netbuf.c.obj
[5/1053] Building C object esp-idf/esp_http_server/CMakeFiles/__idf_esp_http_server.dir/src/httpd_sess.c.obj
[173/1051] Building C object esp-idf/wpa_supplicant/CMakeFiles/__idf_wpa_supplicant.dir/src/eap_peer/eap_fast_pac.c.obj
[227/1053] Building C object esp-idf/lwip/CMakeFiles/__idf_lwip.dir/lwip/src/api/if_api.c.obj
[174/1051] Building C object esp-idf/wpa_supplicant/CMakeFiles/__idf_wpa_supplicant.dir/src/ap/wpa_auth.c.obj
[228/1053] Building C object esp-idf/lwip/CMakeFiles/__idf_lwip.dir/lwip/src/apps/netbiosns/netbiosns.c.obj
[175/1051] Building C object esp-idf/wpa_supplicant/CMakeFiles/__idf_wpa_supplicant.dir/src/utils/base64.c.obj
Command failed (2): idf.py elf
Elf target failed for zhexdump; running `idf.py build` instead.
+ idf.py build
[176/1051] Building C object esp-idf/wpa_supplicant/CMakeFiles/__idf_wpa_supplicant.dir/src/eap_peer/eap.c.obj
[229/1053] Building C object esp-idf/lwip/CMakeFiles/__idf_lwip.dir/lwip/src/api/api_lib.c.obj
[177/1051] Building C object esp-idf/wpa_supplicant/CMakeFiles/__idf_wpa_supplicant.dir/src/eap_peer/eap_ttls.c.obj
[178/1051] Building C object esp-idf/wpa_supplicant/CMakeFiles/__idf_wpa_supplicant.dir/src/rsn_supp/pmksa_cache.c.obj
[230/1053] Building C object esp-idf/lwip/CMakeFiles/__idf_lwip.dir/lwip/src/core/mem.c.obj
[231/1053] Building C object esp-idf/wpa_supplicant/CMakeFiles/__idf_wpa_supplicant.dir/esp_supplicant/src/esp_wps.c.obj
[232/1053] Building C object esp-idf/lwip/CMakeFiles/__idf_lwip.dir/lwip/src/api/netifapi.c.obj
[179/1051] Building C object esp-idf/wpa_supplicant/CMakeFiles/__idf_wpa_supplicant.dir/src/wps/wps_attr_process.c.obj
[6/1053] Building C object esp-idf/tcp_transport/CMakeFiles/__idf_tcp_transport.dir/transport_internal.c.obj
[233/1053] Building C object esp-idf/lwip/CMakeFiles/__idf_lwip.dir/lwip/src/core/def.c.obj
[7/1053] Building C object esp-idf/esp_http_client/CMakeFiles/__idf_esp_http_client.dir/lib/http_header.c.obj
[180/1051] Building C object esp-idf/wpa_supplicant/CMakeFiles/__idf_wpa_supplicant.dir/src/rsn_supp/wpa_ie.c.obj
[8/1053] Building C object esp-idf/esp_http_server/CMakeFiles/__idf_esp_http_server.dir/src/util/ctrl_sock.c.obj
[9/1053] Building C object esp-idf/esp_adc/CMakeFiles/__idf_esp_adc.dir/adc_cali.c.obj
[234/1053] Building C object esp-idf/lwip/CMakeFiles/__idf_lwip.dir/lwip/src/core/init.c.obj
[10/1053] Building C object esp-idf/esp_adc/CMakeFiles/__idf_esp_adc.dir/adc_common.c.obj
Command failed (2): idf.py elf
Elf target failed for zdd; running `idf.py build` instead.
+ idf.py build
[235/1053] Building C object esp-idf/lwip/CMakeFiles/__idf_lwip.dir/lwip/src/api/tcpip.c.obj
[236/1053] Building C object esp-idf/lwip/CMakeFiles/__idf_lwip.dir/lwip/src/apps/sntp/sntp.c.obj
[237/1053] Building C object esp-idf/lwip/CMakeFiles/__idf_lwip.dir/lwip/src/api/api_msg.c.obj
[11/1053] Building C object esp-idf/esp_http_server/CMakeFiles/__idf_esp_http_server.dir/src/httpd_ws.c.obj
[238/1053] Building C object esp-idf/lwip/CMakeFiles/__idf_lwip.dir/lwip/src/core/sys.c.obj
[181/1051] Building C object esp-idf/wpa_supplicant/CMakeFiles/__idf_wpa_supplicant.dir/src/eap_peer/eap_tls_common.c.obj
[182/1051] Building C object esp-idf/wpa_supplicant/CMakeFiles/__idf_wpa_supplicant.dir/src/utils/wpa_debug.c.obj
[183/1051] Building C object esp-idf/wpa_supplicant/CMakeFiles/__idf_wpa_supplicant.dir/src/wps/wps_common.c.obj
[12/1053] Building C object esp-idf/esp_adc/CMakeFiles/__idf_esp_adc.dir/esp32s3/curve_fitting_coefficients.c.obj
[184/1051] Building C object esp-idf/wpa_supplicant/CMakeFiles/__idf_wpa_supplicant.dir/esp_supplicant/src/esp_wpa2_api_port.c.obj
[239/1053] Building C object esp-idf/lwip/CMakeFiles/__idf_lwip.dir/lwip/src/core/ip.c.obj
[13/1053] Building C object esp-idf/esp_adc/CMakeFiles/__idf_esp_adc.dir/gdma/adc_dma.c.obj
[185/1051] Building C object esp-idf/wpa_supplicant/CMakeFiles/__idf_wpa_supplicant.dir/esp_supplicant/src/esp_wpas_glue.c.obj
Command failed (2): idf.py build
Skipping failed applet build: gohello
[14/1053] Building C object esp-idf/tcp_transport/CMakeFiles/__idf_tcp_transport.dir/transport_socks_proxy.c.obj
[15/1053] Building C object esp-idf/esp_http_client/CMakeFiles/__idf_esp_http_client.dir/lib/http_auth.c.obj
Command failed (2): idf.py elf
Elf target failed for zxxd; running `idf.py build` instead.
+ idf.py build
[186/1051] Building C object esp-idf/wpa_supplicant/CMakeFiles/__idf_wpa_supplicant.dir/src/eap_peer/eap_peap.c.obj
[16/1053] Building C object esp-idf/esp_http_server/CMakeFiles/__idf_esp_http_server.dir/src/httpd_main.c.obj
[240/1053] Building C object esp-idf/lwip/CMakeFiles/__idf_lwip.dir/lwip/src/core/inet_chksum.c.obj
[17/1053] Building C object esp-idf/esp_adc/CMakeFiles/__idf_esp_adc.dir/adc_monitor.c.obj
[241/1053] Building C object esp-idf/lwip/CMakeFiles/__idf_lwip.dir/lwip/src/core/memp.c.obj
[187/1051] Building C object esp-idf/wpa_supplicant/CMakeFiles/__idf_wpa_supplicant.dir/src/utils/json.c.obj
[242/1053] Building C object esp-idf/lwip/CMakeFiles/__idf_lwip.dir/lwip/src/core/stats.c.obj
[243/1053] Linking C static library esp-idf/wpa_supplicant/libwpa_supplicant.a
[188/1051] Building C object esp-idf/wpa_supplicant/CMakeFiles/__idf_wpa_supplicant.dir/src/wps/wps_attr_parse.c.obj
[18/1053] Building C object esp-idf/esp_adc/CMakeFiles/__idf_esp_adc.dir/adc_filter.c.obj
[19/1053] Building C object esp-idf/esp_adc/CMakeFiles/__idf_esp_adc.dir/adc_continuous.c.obj
[20/1053] Building C object esp-idf/esp-tls/CMakeFiles/__idf_esp-tls.dir/esp_tls_platform_port.c.obj
[21/1053] Building C object esp-idf/esp_adc/CMakeFiles/__idf_esp_adc.dir/adc_oneshot.c.obj
[22/1053] Building C object esp-idf/tcp_transport/CMakeFiles/__idf_tcp_transport.dir/transport.c.obj
[23/1053] Building C object esp-idf/esp_adc/CMakeFiles/__idf_esp_adc.dir/adc_cali_curve_fitting.c.obj
[244/1053] Building C object esp-idf/lwip/CMakeFiles/__idf_lwip.dir/lwip/src/core/timeouts.c.obj
[189/1051] Building C object esp-idf/wpa_supplicant/CMakeFiles/__idf_wpa_supplicant.dir/src/wps/wps_attr_build.c.obj
[245/1053] Building C object esp-idf/lwip/CMakeFiles/__idf_lwip.dir/lwip/src/core/ipv4/autoip.c.obj
[190/1051] Building C object esp-idf/wpa_supplicant/CMakeFiles/__idf_wpa_supplicant.dir/esp_supplicant/src/esp_eap_client.c.obj
[191/1051] Building C object esp-idf/wpa_supplicant/CMakeFiles/__idf_wpa_supplicant.dir/esp_supplicant/src/esp_wpa3.c.obj
[24/1053] Building C object esp-idf/esp_http_server/CMakeFiles/__idf_esp_http_server.dir/src/httpd_txrx.c.obj
-- Minimal build - OFF
[192/1051] Building C object esp-idf/wpa_supplicant/CMakeFiles/__idf_wpa_supplicant.dir/src/wps/wps.c.obj
[246/1053] Building C object esp-idf/lwip/CMakeFiles/__idf_lwip.dir/lwip/src/core/ipv4/icmp.c.obj
[25/1053] Building C object esp-idf/esp-tls/CMakeFiles/__idf_esp-tls.dir/esp-tls-crypto/esp_tls_crypto.c.obj
[26/1053] Building C object esp-idf/esp_http_server/CMakeFiles/__idf_esp_http_server.dir/src/httpd_parse.c.obj
[27/1053] Building C object esp-idf/esp_https_ota/CMakeFiles/__idf_esp_https_ota.dir/src/esp_https_ota.c.obj
[193/1051] Building C object esp-idf/wpa_supplicant/CMakeFiles/__idf_wpa_supplicant.dir/src/eap_peer/eap_fast.c.obj
[194/1051] Building C object esp-idf/wpa_supplicant/CMakeFiles/__idf_wpa_supplicant.dir/src/common/sae_pk.c.obj
[195/1051] Building C object esp-idf/wpa_supplicant/CMakeFiles/__idf_wpa_supplicant.dir/esp_supplicant/src/esp_owe.c.obj
[196/1051] Building C object esp-idf/wpa_supplicant/CMakeFiles/__idf_wpa_supplicant.dir/src/rsn_supp/wpa.c.obj
[247/1053] Building C object esp-idf/lwip/CMakeFiles/__idf_lwip.dir/lwip/src/core/ipv4/etharp.c.obj
[28/1053] Linking C static library esp-idf/esp_https_ota/libesp_https_ota.a
[248/1053] Building C object esp-idf/lwip/CMakeFiles/__idf_lwip.dir/lwip/src/core/raw.c.obj
[197/1051] Building C object esp-idf/wpa_supplicant/CMakeFiles/__idf_wpa_supplicant.dir/src/wps/wps_dev_attr.c.obj
[198/1051] Building C object esp-idf/wpa_supplicant/CMakeFiles/__idf_wpa_supplicant.dir/esp_supplicant/src/crypto/fastpsk.c.obj
[249/1053] Building C object esp-idf/lwip/CMakeFiles/__idf_lwip.dir/lwip/src/core/pbuf.c.obj
-- Building ESP-IDF components for target esp32s3
[199/1051] Building C object esp-idf/wpa_supplicant/CMakeFiles/__idf_wpa_supplicant.dir/esp_supplicant/src/esp_common.c.obj
[250/1053] Building C object esp-idf/lwip/CMakeFiles/__idf_lwip.dir/lwip/src/core/ipv4/ip4_frag.c.obj
[251/1053] Building C object esp-idf/lwip/CMakeFiles/__idf_lwip.dir/lwip/src/core/dns.c.obj
[29/1053] Building C object esp-idf/esp-tls/CMakeFiles/__idf_esp-tls.dir/esp_tls.c.obj
-- ESP-TEE is currently supported only on the esp32c6;esp32h2;esp32c5 SoCs
[200/1051] Linking C static library esp-idf/esp_coex/libesp_coex.a
[252/1053] Building C object esp-idf/lwip/CMakeFiles/__idf_lwip.dir/lwip/src/core/netif.c.obj
[30/1053] Linking C static library esp-idf/esp_http_server/libesp_http_server.a
[253/1053] Building C object esp-idf/lwip/CMakeFiles/__idf_lwip.dir/lwip/src/core/ipv4/igmp.c.obj
[31/1053] Building C object esp-idf/esp-tls/CMakeFiles/__idf_esp-tls.dir/esp_tls_error_capture.c.obj
[201/1051] Building C object esp-idf/wpa_supplicant/CMakeFiles/__idf_wpa_supplicant.dir/esp_supplicant/src/crypto/crypto_mbedtls.c.obj
[32/1053] Building C object esp-idf/tcp_transport/CMakeFiles/__idf_tcp_transport.dir/transport_ssl.c.obj
[254/1053] Building C object esp-idf/lwip/CMakeFiles/__idf_lwip.dir/lwip/src/core/ipv4/ip4_napt.c.obj
[202/1051] Building C object esp-idf/esp_netif/CMakeFiles/__idf_esp_netif.dir/esp_netif_objects.c.obj
[203/1051] Building C object esp-idf/wpa_supplicant/CMakeFiles/__idf_wpa_supplicant.dir/esp_supplicant/src/esp_wpa_main.c.obj
[204/1051] Building C object esp-idf/wpa_supplicant/CMakeFiles/__idf_wpa_supplicant.dir/src/crypto/rc4.c.obj
[255/1053] Building C object esp-idf/lwip/CMakeFiles/__idf_lwip.dir/lwip/src/core/ipv6/icmp6.c.obj
[256/1053] Building C object esp-idf/lwip/CMakeFiles/__idf_lwip.dir/lwip/src/core/ipv4/ip4_addr.c.obj
[205/1051] Building C object esp-idf/wpa_supplicant/CMakeFiles/__idf_wpa_supplicant.dir/esp_supplicant/src/esp_hostap.c.obj
[206/1051] Building C object esp-idf/esp_netif/CMakeFiles/__idf_esp_netif.dir/esp_netif_defaults.c.obj
[257/1053] Building C object esp-idf/lwip/CMakeFiles/__idf_lwip.dir/lwip/src/core/udp.c.obj
[258/1053] Building C object esp-idf/lwip/CMakeFiles/__idf_lwip.dir/lwip/src/core/ipv6/dhcp6.c.obj
[207/1051] Building C object esp-idf/wpa_supplicant/CMakeFiles/__idf_wpa_supplicant.dir/src/crypto/aes-ccm.c.obj
[259/1053] Building C object esp-idf/lwip/CMakeFiles/__idf_lwip.dir/lwip/src/core/ipv4/ip4.c.obj
[33/1053] Building C object esp-idf/driver/CMakeFiles/__idf_driver.dir/touch_sensor/touch_sensor_common.c.obj
[260/1053] Building C object esp-idf/lwip/CMakeFiles/__idf_lwip.dir/lwip/src/core/ipv6/ethip6.c.obj
[208/1051] Building C object esp-idf/wpa_supplicant/CMakeFiles/__idf_wpa_supplicant.dir/src/crypto/aes-wrap.c.obj
[261/1053] Building C object esp-idf/lwip/CMakeFiles/__idf_lwip.dir/lwip/src/core/ipv6/inet6.c.obj
[209/1051] Building C object esp-idf/esp_netif/CMakeFiles/__idf_esp_netif.dir/esp_netif_handlers.c.obj
[34/1053] Building C object esp-idf/esp_driver_twai/CMakeFiles/__idf_esp_driver_twai.dir/esp_twai.c.obj
[210/1051] Building C object esp-idf/wpa_supplicant/CMakeFiles/__idf_wpa_supplicant.dir/esp_supplicant/src/crypto/crypto_mbedtls-bignum.c.obj
[35/1053] Building C object esp-idf/tcp_transport/CMakeFiles/__idf_tcp_transport.dir/transport_ws.c.obj
[36/1053] Building C object esp-idf/esp_driver_tsens/CMakeFiles/__idf_esp_driver_tsens.dir/src/temperature_sensor.c.obj
[211/1051] Building C object esp-idf/wpa_supplicant/CMakeFiles/__idf_wpa_supplicant.dir/esp_supplicant/src/crypto/tls_mbedtls.c.obj
[262/1053] Building C object esp-idf/lwip/CMakeFiles/__idf_lwip.dir/lwip/src/netif/slipif.c.obj
[212/1051] Building C object esp-idf/wpa_supplicant/CMakeFiles/__idf_wpa_supplicant.dir/src/crypto/aes-unwrap.c.obj
[263/1053] Building C object esp-idf/lwip/CMakeFiles/__idf_lwip.dir/lwip/src/core/tcp_out.c.obj
[213/1051] Building C object esp-idf/wpa_supplicant/CMakeFiles/__idf_wpa_supplicant.dir/esp_supplicant/src/crypto/fastpbkdf2.c.obj
[264/1053] Building C object esp-idf/lwip/CMakeFiles/__idf_lwip.dir/lwip/src/core/ipv6/ip6_addr.c.obj
[214/1051] Building C object esp-idf/wpa_supplicant/CMakeFiles/__idf_wpa_supplicant.dir/src/wps/wps_enrollee.c.obj
[265/1053] Building C object esp-idf/lwip/CMakeFiles/__idf_lwip.dir/lwip/src/netif/ppp/ccp.c.obj
[215/1051] Building C object esp-idf/esp_netif/CMakeFiles/__idf_esp_netif.dir/lwip/esp_netif_sntp.c.obj
[266/1053] Building C object esp-idf/lwip/CMakeFiles/__idf_lwip.dir/lwip/src/core/tcp_in.c.obj
[267/1053] Building C object esp-idf/lwip/CMakeFiles/__idf_lwip.dir/lwip/src/core/ipv6/ip6_frag.c.obj
[37/1053] Building C object esp-idf/esp_driver_i2c/CMakeFiles/__idf_esp_driver_i2c.dir/i2c_common.c.obj
[216/1051] Building C object esp-idf/wpa_supplicant/CMakeFiles/__idf_wpa_supplicant.dir/src/crypto/des-internal.c.obj
[217/1051] Building C object esp-idf/esp_netif/CMakeFiles/__idf_esp_netif.dir/lwip/netif/esp_pbuf_ref.c.obj
[218/1051] Building C object esp-idf/lwip/CMakeFiles/__idf_lwip.dir/lwip/src/api/err.c.obj
[219/1051] Building C object esp-idf/wpa_supplicant/CMakeFiles/__idf_wpa_supplicant.dir/esp_supplicant/src/crypto/crypto_mbedtls-rsa.c.obj
[268/1053] Building C object esp-idf/lwip/CMakeFiles/__idf_lwip.dir/lwip/src/netif/bridgeif.c.obj
[220/1051] Building C object esp-idf/esp_netif/CMakeFiles/__idf_esp_netif.dir/lwip/netif/ethernetif.c.obj
[269/1053] Building C object esp-idf/lwip/CMakeFiles/__idf_lwip.dir/lwip/src/netif/ppp/auth.c.obj
[270/1053] Building C object esp-idf/lwip/CMakeFiles/__idf_lwip.dir/lwip/src/netif/bridgeif_fdb.c.obj
[38/1053] Building C object esp-idf/driver/CMakeFiles/__idf_driver.dir/twai/twai.c.obj
[39/1053] Building C object esp-idf/esp_driver_i2c/CMakeFiles/__idf_esp_driver_i2c.dir/i2c_slave.c.obj
[271/1053] Building C object esp-idf/lwip/CMakeFiles/__idf_lwip.dir/lwip/src/core/ipv4/dhcp.c.obj
[40/1053] Building C object esp-idf/esp_driver_sdm/CMakeFiles/__idf_esp_driver_sdm.dir/src/sdm.c.obj
[221/1051] Building C object esp-idf/lwip/CMakeFiles/__idf_lwip.dir/lwip/src/api/if_api.c.obj
[272/1053] Building C object esp-idf/lwip/CMakeFiles/__idf_lwip.dir/lwip/src/netif/ethernet.c.obj
[222/1051] Building C object esp-idf/esp_netif/CMakeFiles/__idf_esp_netif.dir/lwip/netif/wlanif.c.obj
[273/1053] Building C object esp-idf/lwip/CMakeFiles/__idf_lwip.dir/lwip/src/core/tcp.c.obj
[274/1053] Building C object esp-idf/lwip/CMakeFiles/__idf_lwip.dir/lwip/src/core/ipv6/ip6.c.obj
[41/1053] Building C object esp-idf/esp_http_client/CMakeFiles/__idf_esp_http_client.dir/esp_http_client.c.obj
[223/1051] Building C object esp-idf/esp_netif/CMakeFiles/__idf_esp_netif.dir/lwip/esp_netif_lwip_defaults.c.obj
[275/1053] Building C object esp-idf/lwip/CMakeFiles/__idf_lwip.dir/lwip/src/netif/ppp/chap-md5.c.obj
[276/1053] Building C object esp-idf/esp_netif/CMakeFiles/__idf_esp_netif.dir/lwip/esp_netif_lwip.c.obj
[224/1051] Building C object esp-idf/lwip/CMakeFiles/__idf_lwip.dir/lwip/src/api/netdb.c.obj
[277/1053] Building C object esp-idf/lwip/CMakeFiles/__idf_lwip.dir/lwip/src/core/ipv6/mld6.c.obj
[42/1053] Building C object esp-idf/esp_driver_rmt/CMakeFiles/__idf_esp_driver_rmt.dir/src/rmt_encoder.c.obj
[278/1053] Building C object esp-idf/lwip/CMakeFiles/__idf_lwip.dir/lwip/src/netif/ppp/chap-new.c.obj
[279/1053] Building C object esp-idf/lwip/CMakeFiles/__idf_lwip.dir/lwip/src/netif/ppp/chap_ms.c.obj
[43/1053] Building C object esp-idf/esp_driver_sdspi/CMakeFiles/__idf_esp_driver_sdspi.dir/src/sdspi_crc.c.obj
[44/1053] Building C object esp-idf/esp_driver_twai/CMakeFiles/__idf_esp_driver_twai.dir/esp_twai_onchip.c.obj
[280/1053] Building C object esp-idf/lwip/CMakeFiles/__idf_lwip.dir/lwip/src/netif/ppp/demand.c.obj
[281/1053] Building C object esp-idf/lwip/CMakeFiles/__idf_lwip.dir/lwip/src/netif/ppp/magic.c.obj
[282/1053] Building C object esp-idf/lwip/CMakeFiles/__idf_lwip.dir/lwip/src/netif/ppp/eap.c.obj
[225/1051] Building C object esp-idf/lwip/CMakeFiles/__idf_lwip.dir/lwip/src/api/tcpip.c.obj
[226/1051] Building C object esp-idf/lwip/CMakeFiles/__idf_lwip.dir/lwip/src/api/netifapi.c.obj
[45/1053] Linking C static library esp-idf/esp_http_client/libesp_http_client.a
[283/1053] Building C object esp-idf/lwip/CMakeFiles/__idf_lwip.dir/lwip/src/netif/ppp/pppoe.c.obj
[227/1051] Building C object esp-idf/wpa_supplicant/CMakeFiles/__idf_wpa_supplicant.dir/esp_supplicant/src/esp_wps.c.obj
[46/1053] Building C object esp-idf/esp-tls/CMakeFiles/__idf_esp-tls.dir/esp_tls_mbedtls.c.obj
[284/1053] Building C object esp-idf/lwip/CMakeFiles/__idf_lwip.dir/lwip/src/netif/ppp/ecp.c.obj
[285/1053] Building C object esp-idf/lwip/CMakeFiles/__idf_lwip.dir/lwip/src/netif/ppp/pppcrypt.c.obj
[286/1053] Building C object esp-idf/lwip/CMakeFiles/__idf_lwip.dir/lwip/src/netif/ppp/ipv6cp.c.obj
[287/1053] Building C object esp-idf/lwip/CMakeFiles/__idf_lwip.dir/lwip/src/netif/ppp/eui64.c.obj
[47/1053] Building C object esp-idf/esp_driver_rmt/CMakeFiles/__idf_esp_driver_rmt.dir/src/rmt_encoder_copy.c.obj
[48/1053] Linking C static library esp-idf/tcp_transport/libtcp_transport.a
[228/1051] Building C object esp-idf/lwip/CMakeFiles/__idf_lwip.dir/apps/sntp/sntp.c.obj
[288/1053] Building C object esp-idf/lwip/CMakeFiles/__idf_lwip.dir/lwip/src/netif/ppp/ipcp.c.obj
[49/1053] Building C object esp-idf/esp_driver_rmt/CMakeFiles/__idf_esp_driver_rmt.dir/src/rmt_encoder_bytes.c.obj
[229/1051] Building C object esp-idf/lwip/CMakeFiles/__idf_lwip.dir/lwip/src/api/netbuf.c.obj
[289/1053] Building C object esp-idf/lwip/CMakeFiles/__idf_lwip.dir/lwip/src/netif/ppp/fsm.c.obj
[290/1053] Building C object esp-idf/lwip/CMakeFiles/__idf_lwip.dir/lwip/src/netif/ppp/pppos.c.obj
[230/1051] Building C object esp-idf/wpa_supplicant/CMakeFiles/__idf_wpa_supplicant.dir/esp_supplicant/src/crypto/crypto_mbedtls-ec.c.obj
[291/1053] Building C object esp-idf/lwip/CMakeFiles/__idf_lwip.dir/lwip/src/netif/ppp/mppe.c.obj
[50/1053] Building C object esp-idf/esp_driver_sdspi/CMakeFiles/__idf_esp_driver_sdspi.dir/src/sdspi_transaction.c.obj
[51/1053] Linking C static library esp-idf/esp_adc/libesp_adc.a
[231/1051] Building C object esp-idf/lwip/CMakeFiles/__idf_lwip.dir/lwip/src/core/def.c.obj
[52/1053] Building C object esp-idf/esp_driver_rmt/CMakeFiles/__idf_esp_driver_rmt.dir/src/rmt_common.c.obj
[232/1051] Building C object esp-idf/lwip/CMakeFiles/__idf_lwip.dir/lwip/src/core/init.c.obj
[233/1051] Building C object esp-idf/lwip/CMakeFiles/__idf_lwip.dir/lwip/src/core/mem.c.obj
[53/1053] Building C object esp-idf/esp_driver_rmt/CMakeFiles/__idf_esp_driver_rmt.dir/src/rmt_encoder_simple.c.obj
[54/1053] Building C object esp-idf/driver/CMakeFiles/__idf_driver.dir/deprecated/rmt_legacy.c.obj
[234/1051] Building C object esp-idf/lwip/CMakeFiles/__idf_lwip.dir/lwip/src/core/inet_chksum.c.obj
[235/1051] Building C object esp-idf/lwip/CMakeFiles/__idf_lwip.dir/lwip/src/core/ip.c.obj
[292/1053] Building C object esp-idf/lwip/CMakeFiles/__idf_lwip.dir/lwip/src/netif/ppp/lcp.c.obj
[55/1053] Linking C static library esp-idf/esp-tls/libesp-tls.a
[293/1053] Building C object esp-idf/lwip/CMakeFiles/__idf_lwip.dir/port/hooks/lwip_default_hooks.c.obj
[294/1053] Building C object esp-idf/lwip/CMakeFiles/__idf_lwip.dir/lwip/src/netif/ppp/ppp.c.obj
[295/1053] Building C object esp-idf/lwip/CMakeFiles/__idf_lwip.dir/port/hooks/tcp_isn_default.c.obj
[56/1053] Building C object esp-idf/esp_driver_sdmmc/CMakeFiles/__idf_esp_driver_sdmmc.dir/legacy/src/sdmmc_transaction.c.obj
[296/1053] Building C object esp-idf/lwip/CMakeFiles/__idf_lwip.dir/lwip/src/netif/ppp/upap.c.obj
[297/1053] Building C object esp-idf/lwip/CMakeFiles/__idf_lwip.dir/lwip/src/netif/ppp/multilink.c.obj
[298/1053] Building C object esp-idf/lwip/CMakeFiles/__idf_lwip.dir/lwip/src/netif/ppp/pppol2tp.c.obj
[299/1053] Building C object esp-idf/lwip/CMakeFiles/__idf_lwip.dir/lwip/src/netif/ppp/pppapi.c.obj
[57/1053] Building C object esp-idf/driver/CMakeFiles/__idf_driver.dir/touch_sensor/esp32s3/touch_sensor.c.obj
[236/1051] Building C object esp-idf/lwip/CMakeFiles/__idf_lwip.dir/lwip/src/apps/sntp/sntp.c.obj
[237/1051] Building C object esp-idf/lwip/CMakeFiles/__idf_lwip.dir/lwip/src/apps/netbiosns/netbiosns.c.obj
[300/1053] Building C object esp-idf/lwip/CMakeFiles/__idf_lwip.dir/lwip/src/netif/ppp/vj.c.obj
[58/1053] Building C object esp-idf/esp_driver_sdmmc/CMakeFiles/__idf_esp_driver_sdmmc.dir/src/sd_trans_sdmmc.c.obj
[238/1051] Building C object esp-idf/lwip/CMakeFiles/__idf_lwip.dir/lwip/src/api/api_msg.c.obj
[239/1051] Building C object esp-idf/lwip/CMakeFiles/__idf_lwip.dir/lwip/src/api/sockets.c.obj
[301/1053] Building C object esp-idf/lwip/CMakeFiles/__idf_lwip.dir/lwip/src/api/sockets.c.obj
[240/1051] Building C object esp-idf/lwip/CMakeFiles/__idf_lwip.dir/lwip/src/core/sys.c.obj
[241/1051] Building C object esp-idf/lwip/CMakeFiles/__idf_lwip.dir/lwip/src/api/api_lib.c.obj
[59/1053] Building C object esp-idf/esp_driver_sdmmc/CMakeFiles/__idf_esp_driver_sdmmc.dir/legacy/src/sdmmc_host.c.obj
[242/1051] Building C object esp-idf/lwip/CMakeFiles/__idf_lwip.dir/lwip/src/core/stats.c.obj
[302/1053] Building C object esp-idf/lwip/CMakeFiles/__idf_lwip.dir/lwip/src/netif/ppp/utils.c.obj
[60/1053] Building C object esp-idf/sdmmc/CMakeFiles/__idf_sdmmc.dir/sdmmc_init.c.obj
[243/1051] Building C object esp-idf/lwip/CMakeFiles/__idf_lwip.dir/lwip/src/core/memp.c.obj
[244/1051] Linking C static library esp-idf/wpa_supplicant/libwpa_supplicant.a
[303/1053] Building C object esp-idf/lwip/CMakeFiles/__idf_lwip.dir/port/sockets_ext.c.obj
[245/1051] Building C object esp-idf/lwip/CMakeFiles/__idf_lwip.dir/lwip/src/core/pbuf.c.obj
[61/1053] Building C object esp-idf/esp_driver_rmt/CMakeFiles/__idf_esp_driver_rmt.dir/src/rmt_rx.c.obj
[304/1053] Building C object esp-idf/lwip/CMakeFiles/__idf_lwip.dir/lwip/src/netif/ppp/polarssl/des.c.obj
[62/1053] Building C object esp-idf/sdmmc/CMakeFiles/__idf_sdmmc.dir/sd_pwr_ctrl/sd_pwr_ctrl.c.obj
[305/1053] Building C object esp-idf/lwip/CMakeFiles/__idf_lwip.dir/lwip/src/netif/ppp/polarssl/arc4.c.obj
[306/1053] Building C object esp-idf/lwip/CMakeFiles/__idf_lwip.dir/port/acd_dhcp_check.c.obj
[246/1051] Building C object esp-idf/lwip/CMakeFiles/__idf_lwip.dir/lwip/src/core/raw.c.obj
[63/1053] Building C object esp-idf/esp_driver_sd_intf/CMakeFiles/__idf_esp_driver_sd_intf.dir/sd_host.c.obj
[307/1053] Building C object esp-idf/lwip/CMakeFiles/__idf_lwip.dir/port/if_index.c.obj
[64/1053] Building C object esp-idf/esp_driver_i2c/CMakeFiles/__idf_esp_driver_i2c.dir/i2c_master.c.obj
[308/1053] Building C object esp-idf/lwip/CMakeFiles/__idf_lwip.dir/lwip/src/netif/ppp/polarssl/md5.c.obj
[309/1053] Building C object esp-idf/lwip/CMakeFiles/__idf_lwip.dir/lwip/src/netif/ppp/polarssl/sha1.c.obj
[310/1053] Linking C static library esp-idf/esp_netif/libesp_netif.a
[311/1053] Building C object esp-idf/lwip/CMakeFiles/__idf_lwip.dir/lwip/src/netif/ppp/polarssl/md4.c.obj
[312/1053] Building C object esp-idf/lwip/CMakeFiles/__idf_lwip.dir/apps/ping/ping.c.obj
[65/1053] Building C object esp-idf/esp_driver_sdspi/CMakeFiles/__idf_esp_driver_sdspi.dir/src/sdspi_host.c.obj
[247/1051] Building C object esp-idf/lwip/CMakeFiles/__idf_lwip.dir/lwip/src/core/ipv4/igmp.c.obj
[66/1053] Building C object esp-idf/sdmmc/CMakeFiles/__idf_sdmmc.dir/sdmmc_mmc.c.obj
[248/1051] Building C object esp-idf/lwip/CMakeFiles/__idf_lwip.dir/lwip/src/core/ipv4/autoip.c.obj
[67/1053] Building C object esp-idf/driver/CMakeFiles/__idf_driver.dir/i2c/i2c.c.obj
[313/1053] Building C object esp-idf/lwip/CMakeFiles/__idf_lwip.dir/port/esp32xx/vfs_lwip.c.obj
[249/1051] Building C object esp-idf/lwip/CMakeFiles/__idf_lwip.dir/lwip/src/core/ipv4/etharp.c.obj
[314/1053] Building C object esp-idf/lwip/CMakeFiles/__idf_lwip.dir/lwip/src/core/ipv6/nd6.c.obj
[315/1053] Building C object esp-idf/lwip/CMakeFiles/__idf_lwip.dir/apps/ping/esp_ping.c.obj
[250/1051] Building C object esp-idf/lwip/CMakeFiles/__idf_lwip.dir/lwip/src/core/netif.c.obj
[316/1053] Building C object esp-idf/lwip/CMakeFiles/__idf_lwip.dir/port/debug/lwip_debug.c.obj
[317/1053] Building C object esp-idf/esp_phy/CMakeFiles/__idf_esp_phy.dir/src/lib_printf.c.obj
[251/1051] Building C object esp-idf/lwip/CMakeFiles/__idf_lwip.dir/lwip/src/core/ipv4/ip4.c.obj
[318/1053] Building C object esp-idf/lwip/CMakeFiles/__idf_lwip.dir/port/freertos/sys_arch.c.obj
[68/1053] Building C object esp-idf/esp_driver_i2s/CMakeFiles/__idf_esp_driver_i2s.dir/i2s_platform.c.obj
[69/1053] Building C object esp-idf/http_parser/CMakeFiles/__idf_http_parser.dir/http_parser.c.obj
[252/1051] Building C object esp-idf/lwip/CMakeFiles/__idf_lwip.dir/lwip/src/core/timeouts.c.obj
[70/1053] Building C object esp-idf/sdmmc/CMakeFiles/__idf_sdmmc.dir/sdmmc_common.c.obj
[319/1053] Building C object esp-idf/vfs/CMakeFiles/__idf_vfs.dir/nullfs.c.obj
[253/1051] Building C object esp-idf/lwip/CMakeFiles/__idf_lwip.dir/lwip/src/core/ipv4/ip4_napt.c.obj
[320/1053] Building C object esp-idf/esp_phy/CMakeFiles/__idf_esp_phy.dir/esp32s3/phy_init_data.c.obj
[254/1051] Building C object esp-idf/lwip/CMakeFiles/__idf_lwip.dir/lwip/src/core/ipv4/icmp.c.obj
[321/1053] Building C object esp-idf/esp_vfs_console/CMakeFiles/__idf_esp_vfs_console.dir/vfs_console.c.obj
[71/1053] Building C object esp-idf/esp_driver_sdmmc/CMakeFiles/__idf_esp_driver_sdmmc.dir/src/sd_host_sdmmc.c.obj
[322/1053] Building C object esp-idf/vfs/CMakeFiles/__idf_vfs.dir/vfs_eventfd.c.obj
[323/1053] Building C object esp-idf/esp_driver_usb_serial_jtag/CMakeFiles/__idf_esp_driver_usb_serial_jtag.dir/src/usb_serial_jtag_connection_monitor.c.obj
[72/1053] Linking C static library esp-idf/http_parser/libhttp_parser.a
[73/1053] Building C object esp-idf/esp_driver_mcpwm/CMakeFiles/__idf_esp_driver_mcpwm.dir/src/mcpwm_com.c.obj
[255/1051] Building C object esp-idf/lwip/CMakeFiles/__idf_lwip.dir/lwip/src/core/ipv4/ip4_frag.c.obj
[256/1051] Building C object esp-idf/lwip/CMakeFiles/__idf_lwip.dir/lwip/src/core/dns.c.obj
[324/1053] Building C object esp-idf/esp_driver_usb_serial_jtag/CMakeFiles/__idf_esp_driver_usb_serial_jtag.dir/src/usb_serial_jtag.c.obj
[74/1053] Building C object esp-idf/sdmmc/CMakeFiles/__idf_sdmmc.dir/sdmmc_cmd.c.obj
[75/1053] Building C object esp-idf/sdmmc/CMakeFiles/__idf_sdmmc.dir/sdmmc_io.c.obj
[76/1053] Linking C static library esp-idf/driver/libdriver.a
[325/1053] Building C object esp-idf/esp_phy/CMakeFiles/__idf_esp_phy.dir/src/phy_override.c.obj
[257/1051] Building C object esp-idf/lwip/CMakeFiles/__idf_lwip.dir/lwip/src/core/ipv6/ethip6.c.obj
[258/1051] Building C object esp-idf/lwip/CMakeFiles/__idf_lwip.dir/lwip/src/core/ipv6/dhcp6.c.obj
[259/1051] Building C object esp-idf/lwip/CMakeFiles/__idf_lwip.dir/lwip/src/core/ipv4/ip4_addr.c.obj
[326/1053] Building C object esp-idf/esp_phy/CMakeFiles/__idf_esp_phy.dir/src/btbb_init.c.obj
[327/1053] Building C object esp-idf/lwip/CMakeFiles/__idf_lwip.dir/apps/ping/ping_sock.c.obj
[260/1051] Building C object esp-idf/lwip/CMakeFiles/__idf_lwip.dir/lwip/src/core/tcp.c.obj
[77/1053] Linking C static library esp-idf/esp_driver_twai/libesp_driver_twai.a
[261/1051] Building C object esp-idf/lwip/CMakeFiles/__idf_lwip.dir/lwip/src/core/ipv6/inet6.c.obj
[328/1053] Building C object esp-idf/esp_phy/CMakeFiles/__idf_esp_phy.dir/src/phy_init.c.obj
[78/1053] Building C object esp-idf/esp_driver_mcpwm/CMakeFiles/__idf_esp_driver_mcpwm.dir/src/mcpwm_fault.c.obj
[329/1053] Building C object esp-idf/esp_phy/CMakeFiles/__idf_esp_phy.dir/src/phy_common.c.obj
[262/1051] Building C object esp-idf/lwip/CMakeFiles/__idf_lwip.dir/lwip/src/core/ipv6/icmp6.c.obj
[263/1051] Building C object esp-idf/lwip/CMakeFiles/__idf_lwip.dir/lwip/src/core/ipv6/ip6_addr.c.obj
[79/1053] Building C object esp-idf/esp_driver_i2s/CMakeFiles/__idf_esp_driver_i2s.dir/i2s_tdm.c.obj
[264/1051] Building C object esp-idf/esp_netif/CMakeFiles/__idf_esp_netif.dir/lwip/esp_netif_lwip.c.obj
[330/1053] Building C object esp-idf/esp_driver_usb_serial_jtag/CMakeFiles/__idf_esp_driver_usb_serial_jtag.dir/src/usb_serial_jtag_vfs.c.obj
[80/1053] Building C object esp-idf/esp_driver_mcpwm/CMakeFiles/__idf_esp_driver_mcpwm.dir/src/mcpwm_cmpr.c.obj
[265/1051] Building C object esp-idf/lwip/CMakeFiles/__idf_lwip.dir/lwip/src/core/ipv6/ip6_frag.c.obj
[266/1051] Building C object esp-idf/lwip/CMakeFiles/__idf_lwip.dir/lwip/src/netif/ethernet.c.obj
[81/1053] Building C object esp-idf/esp_driver_ledc/CMakeFiles/__idf_esp_driver_ledc.dir/src/ledc.c.obj
[267/1051] Building C object esp-idf/lwip/CMakeFiles/__idf_lwip.dir/lwip/src/core/udp.c.obj
[82/1053] Building C object esp-idf/esp_driver_i2s/CMakeFiles/__idf_esp_driver_i2s.dir/i2s_std.c.obj
[268/1051] Building C object esp-idf/lwip/CMakeFiles/__idf_lwip.dir/lwip/src/netif/bridgeif_fdb.c.obj
[331/1053] Building C object esp-idf/lwip/CMakeFiles/__idf_lwip.dir/apps/dhcpserver/dhcpserver.c.obj
[83/1053] Linking C static library esp-idf/esp_driver_ledc/libesp_driver_ledc.a
[84/1053] Building C object esp-idf/esp_gdbstub/CMakeFiles/__idf_esp_gdbstub.dir/src/packet.c.obj
[85/1053] Building ASM object esp-idf/esp_gdbstub/CMakeFiles/__idf_esp_gdbstub.dir/src/port/xtensa/gdbstub-entry.S.obj
[86/1053] Building C object esp-idf/esp_driver_mcpwm/CMakeFiles/__idf_esp_driver_mcpwm.dir/src/mcpwm_oper.c.obj
[269/1051] Building C object esp-idf/lwip/CMakeFiles/__idf_lwip.dir/lwip/src/netif/bridgeif.c.obj
[87/1053] Building C object esp-idf/sdmmc/CMakeFiles/__idf_sdmmc.dir/sdmmc_sd.c.obj
[332/1053] Building C object esp-idf/vfs/CMakeFiles/__idf_vfs.dir/vfs_semihost.c.obj
[88/1053] Building ASM object esp-idf/esp_gdbstub/CMakeFiles/__idf_esp_gdbstub.dir/src/port/xtensa/xt_debugexception.S.obj
[270/1051] Building C object esp-idf/lwip/CMakeFiles/__idf_lwip.dir/lwip/src/netif/ppp/ccp.c.obj
[271/1051] Building C object esp-idf/lwip/CMakeFiles/__idf_lwip.dir/lwip/src/core/tcp_out.c.obj
[272/1051] Building C object esp-idf/lwip/CMakeFiles/__idf_lwip.dir/lwip/src/netif/ppp/chap_ms.c.obj
[89/1053] Building C object esp-idf/esp_driver_rmt/CMakeFiles/__idf_esp_driver_rmt.dir/src/rmt_tx.c.obj
[90/1053] Linking C static library esp-idf/esp_driver_i2c/libesp_driver_i2c.a
[273/1051] Building C object esp-idf/lwip/CMakeFiles/__idf_lwip.dir/lwip/src/netif/ppp/auth.c.obj
[333/1053] Building CXX object esp-idf/nvs_flash/CMakeFiles/__idf_nvs_flash.dir/src/nvs_platform.cpp.obj
[274/1051] Building C object esp-idf/lwip/CMakeFiles/__idf_lwip.dir/lwip/src/core/ipv6/mld6.c.obj
[275/1051] Building C object esp-idf/lwip/CMakeFiles/__idf_lwip.dir/lwip/src/netif/ppp/chap-md5.c.obj
[91/1053] Linking C static library esp-idf/esp_driver_sdm/libesp_driver_sdm.a
[92/1053] Building C object esp-idf/esp_wifi/CMakeFiles/__idf_esp_wifi.dir/src/mesh_event.c.obj
[334/1053] Building C object esp-idf/nvs_flash/CMakeFiles/__idf_nvs_flash.dir/src/nvs_bootloader_aes.c.obj
[276/1051] Building C object esp-idf/lwip/CMakeFiles/__idf_lwip.dir/lwip/src/netif/ppp/ecp.c.obj
[335/1053] Linking C static library esp-idf/lwip/liblwip.a
[277/1051] Building C object esp-idf/lwip/CMakeFiles/__idf_lwip.dir/lwip/src/netif/ppp/lcp.c.obj
[93/1053] Linking C static library esp-idf/esp_driver_tsens/libesp_driver_tsens.a
[278/1051] Building C object esp-idf/lwip/CMakeFiles/__idf_lwip.dir/lwip/src/netif/ppp/eap.c.obj
[94/1053] Building C object esp-idf/esp_driver_mcpwm/CMakeFiles/__idf_esp_driver_mcpwm.dir/src/mcpwm_timer.c.obj
[279/1051] Building C object esp-idf/lwip/CMakeFiles/__idf_lwip.dir/lwip/src/netif/slipif.c.obj
[95/1053] Building C object esp-idf/esp_driver_i2s/CMakeFiles/__idf_esp_driver_i2s.dir/i2s_common.c.obj
[336/1053] Building C object esp-idf/nvs_flash/CMakeFiles/__idf_nvs_flash.dir/src/nvs_bootloader.c.obj
[96/1053] Building C object esp-idf/esp_gdbstub/CMakeFiles/__idf_esp_gdbstub.dir/src/gdbstub_transport.c.obj
NOTICE: Processing 3 dependencies:
NOTICE: [1/3] espressif/cmake_utilities (0.5.3)
NOTICE: [2/3] espressif/elf_loader (1.1.1)
NOTICE: [3/3] idf (6.0.0)
[280/1051] Building C object esp-idf/lwip/CMakeFiles/__idf_lwip.dir/lwip/src/netif/ppp/chap-new.c.obj
[281/1051] Building C object esp-idf/lwip/CMakeFiles/__idf_lwip.dir/lwip/src/netif/ppp/eui64.c.obj
[97/1053] Building C object esp-idf/esp_gdbstub/CMakeFiles/__idf_esp_gdbstub.dir/src/gdbstub.c.obj
[98/1053] Building C object esp-idf/esp_wifi/CMakeFiles/__idf_esp_wifi.dir/src/lib_printf.c.obj
[337/1053] Building C object esp-idf/nvs_flash/CMakeFiles/__idf_nvs_flash.dir/src/nvs_bootloader_xts_aes.c.obj
[99/1053] Building C object esp-idf/esp_driver_i2s/CMakeFiles/__idf_esp_driver_i2s.dir/i2s_pdm.c.obj
[282/1051] Building C object esp-idf/lwip/CMakeFiles/__idf_lwip.dir/lwip/src/core/tcp_in.c.obj
[283/1051] Building C object esp-idf/lwip/CMakeFiles/__idf_lwip.dir/lwip/src/netif/ppp/ipv6cp.c.obj
[284/1051] Building C object esp-idf/lwip/CMakeFiles/__idf_lwip.dir/lwip/src/netif/ppp/mppe.c.obj
[100/1053] Linking C static library esp-idf/esp_driver_rmt/libesp_driver_rmt.a
[285/1051] Building C object esp-idf/lwip/CMakeFiles/__idf_lwip.dir/lwip/src/netif/ppp/ipcp.c.obj
[101/1053] Building C object esp-idf/esp_driver_mcpwm/CMakeFiles/__idf_esp_driver_mcpwm.dir/src/mcpwm_cap.c.obj
[286/1051] Building C object esp-idf/lwip/CMakeFiles/__idf_lwip.dir/lwip/src/netif/ppp/demand.c.obj
[287/1051] Building C object esp-idf/lwip/CMakeFiles/__idf_lwip.dir/lwip/src/netif/ppp/pppcrypt.c.obj
[288/1051] Building C object esp-idf/lwip/CMakeFiles/__idf_lwip.dir/lwip/src/netif/ppp/multilink.c.obj
[289/1051] Generating false_tinygo.o
[290/1051] Building C object esp-idf/lwip/CMakeFiles/__idf_lwip.dir/lwip/src/core/ipv4/dhcp.c.obj
[291/1051] Building C object esp-idf/lwip/CMakeFiles/__idf_lwip.dir/lwip/src/netif/ppp/magic.c.obj
[102/1053] Linking C static library esp-idf/esp_driver_sdspi/libesp_driver_sdspi.a
[292/1051] Building C object esp-idf/lwip/CMakeFiles/__idf_lwip.dir/lwip/src/netif/ppp/pppos.c.obj
[103/1053] Building C object esp-idf/esp_driver_mcpwm/CMakeFiles/__idf_esp_driver_mcpwm.dir/src/mcpwm_sync.c.obj
[338/1053] Building C object esp-idf/esp_event/CMakeFiles/__idf_esp_event.dir/default_event_loop.c.obj
[293/1051] Building C object esp-idf/lwip/CMakeFiles/__idf_lwip.dir/lwip/src/core/ipv6/ip6.c.obj
[294/1051] Building C object esp-idf/lwip/CMakeFiles/__idf_lwip.dir/lwip/src/netif/ppp/fsm.c.obj
[104/1053] Building C object esp-idf/esp_gdbstub/CMakeFiles/__idf_esp_gdbstub.dir/src/port/xtensa/gdbstub_xtensa.c.obj
[105/1053] Building C object esp-idf/esp_driver_spi/CMakeFiles/__idf_esp_driver_spi.dir/src/gpspi/spi_common.c.obj
[295/1051] Building C object esp-idf/lwip/CMakeFiles/__idf_lwip.dir/lwip/src/netif/ppp/pppol2tp.c.obj
[339/1053] Building C object esp-idf/esp_event/CMakeFiles/__idf_esp_event.dir/esp_event_private.c.obj
[296/1051] Building C object esp-idf/lwip/CMakeFiles/__idf_lwip.dir/lwip/src/netif/ppp/ppp.c.obj
[297/1051] Building C object esp-idf/lwip/CMakeFiles/__idf_lwip.dir/lwip/src/netif/ppp/vj.c.obj
[106/1053] Building C object esp-idf/esp_wifi/CMakeFiles/__idf_esp_wifi.dir/src/smartconfig.c.obj
[107/1053] Building C object esp-idf/esp_driver_mcpwm/CMakeFiles/__idf_esp_driver_mcpwm.dir/src/mcpwm_gen.c.obj
[108/1053] Linking C static library esp-idf/esp_driver_sdmmc/libesp_driver_sdmmc.a
[109/1053] Building C object esp-idf/esp_coex/CMakeFiles/__idf_esp_coex.dir/src/coexist_debug_diagram.c.obj
[298/1051] Building C object esp-idf/lwip/CMakeFiles/__idf_lwip.dir/lwip/src/netif/ppp/pppapi.c.obj
[110/1053] Building C object esp-idf/esp_wifi/CMakeFiles/__idf_esp_wifi.dir/src/wifi_default_ap.c.obj
[299/1051] Building C object esp-idf/lwip/CMakeFiles/__idf_lwip.dir/lwip/src/netif/ppp/pppoe.c.obj
[300/1051] Building C object esp-idf/lwip/CMakeFiles/__idf_lwip.dir/port/hooks/tcp_isn_default.c.obj
[111/1053] Linking C static library esp-idf/esp_driver_sd_intf/libesp_driver_sd_intf.a
[340/1053] Building C object esp-idf/esp_driver_uart/CMakeFiles/__idf_esp_driver_uart.dir/src/uart_wakeup.c.obj
[301/1051] Building C object esp-idf/lwip/CMakeFiles/__idf_lwip.dir/port/hooks/lwip_default_hooks.c.obj
[112/1053] Building C object esp-idf/esp_coex/CMakeFiles/__idf_esp_coex.dir/src/coexist_debug.c.obj
[113/1053] Building C object esp-idf/esp_wifi/CMakeFiles/__idf_esp_wifi.dir/src/wifi_init.c.obj
[302/1051] Building C object esp-idf/lwip/CMakeFiles/__idf_lwip.dir/lwip/src/netif/ppp/utils.c.obj
[114/1053] Linking C static library esp-idf/sdmmc/libsdmmc.a
[303/1051] Building C object esp-idf/lwip/CMakeFiles/__idf_lwip.dir/lwip/src/netif/ppp/upap.c.obj
[115/1053] Building C object esp-idf/esp_coex/CMakeFiles/__idf_esp_coex.dir/esp32s3/esp_coex_adapter.c.obj
[116/1053] Building C object esp-idf/esp_wifi/CMakeFiles/__idf_esp_wifi.dir/regulatory/esp_wifi_regulatory.c.obj
[304/1051] Building C object esp-idf/lwip/CMakeFiles/__idf_lwip.dir/port/sockets_ext.c.obj
[305/1051] Building C object esp-idf/lwip/CMakeFiles/__idf_lwip.dir/port/debug/lwip_debug.c.obj
[306/1051] Building C object esp-idf/lwip/CMakeFiles/__idf_lwip.dir/port/if_index.c.obj
[307/1051] Building C object esp-idf/lwip/CMakeFiles/__idf_lwip.dir/port/acd_dhcp_check.c.obj
[308/1051] Linking C static library esp-idf/esp_netif/libesp_netif.a
[117/1053] Building C object esp-idf/esp_wifi/CMakeFiles/__idf_esp_wifi.dir/src/wifi_netif.c.obj
[118/1053] Building C object esp-idf/esp_wifi/CMakeFiles/__idf_esp_wifi.dir/src/wifi_default.c.obj
[119/1053] Linking C static library esp-idf/esp_driver_i2s/libesp_driver_i2s.a
[309/1051] Building C object esp-idf/lwip/CMakeFiles/__idf_lwip.dir/apps/ping/ping_sock.c.obj
[120/1053] Building C object esp-idf/esp_driver_pcnt/CMakeFiles/__idf_esp_driver_pcnt.dir/src/pulse_cnt.c.obj
[310/1051] Building C object esp-idf/lwip/CMakeFiles/__idf_lwip.dir/lwip/src/netif/ppp/polarssl/arc4.c.obj
[311/1051] Building C object esp-idf/lwip/CMakeFiles/__idf_lwip.dir/lwip/src/netif/ppp/polarssl/des.c.obj
Executing action: all (aliases: build)
Running ninja in directory /home/tikhon/Документы/magnolia/applets/zig/zdd/build
Executing "ninja all"...
[0/2] Re-checking globbed directories...
[341/1053] Building C object esp-idf/vfs/CMakeFiles/__idf_vfs.dir/vfs.c.obj
[312/1051] Building C object esp-idf/lwip/CMakeFiles/__idf_lwip.dir/lwip/src/netif/ppp/polarssl/md4.c.obj
[313/1051] Building C object esp-idf/lwip/CMakeFiles/__idf_lwip.dir/apps/ping/ping.c.obj
[314/1051] Building C object esp-idf/lwip/CMakeFiles/__idf_lwip.dir/port/esp32xx/vfs_lwip.c.obj
[121/1053] Building C object esp-idf/wpa_supplicant/CMakeFiles/__idf_wpa_supplicant.dir/src/ap/ap_config.c.obj
[342/1053] Building C object esp-idf/esp_event/CMakeFiles/__idf_esp_event.dir/esp_event.c.obj
[315/1051] Building C object esp-idf/lwip/CMakeFiles/__idf_lwip.dir/lwip/src/netif/ppp/polarssl/sha1.c.obj
[316/1051] Building C object esp-idf/lwip/CMakeFiles/__idf_lwip.dir/apps/ping/esp_ping.c.obj
[317/1051] Building C object esp-idf/lwip/CMakeFiles/__idf_lwip.dir/lwip/src/netif/ppp/polarssl/md5.c.obj
[122/1053] Linking C static library esp-idf/esp_driver_mcpwm/libesp_driver_mcpwm.a
[343/1053] Linking C static library esp-idf/vfs/libvfs.a
[318/1051] Building C object esp-idf/lwip/CMakeFiles/__idf_lwip.dir/port/freertos/sys_arch.c.obj
[319/1051] Building C object esp-idf/esp_phy/CMakeFiles/__idf_esp_phy.dir/src/lib_printf.c.obj
[344/1053] Linking C static library esp-idf/esp_vfs_console/libesp_vfs_console.a
[123/1053] Linking C static library esp-idf/esp_driver_pcnt/libesp_driver_pcnt.a
[320/1051] Building C object esp-idf/esp_phy/CMakeFiles/__idf_esp_phy.dir/src/phy_override.c.obj
[124/1053] Building C object esp-idf/wpa_supplicant/CMakeFiles/__idf_wpa_supplicant.dir/port/os_xtensa.c.obj
[345/1053] Linking C static library esp-idf/esp_driver_usb_serial_jtag/libesp_driver_usb_serial_jtag.a
-- ESP-TEE is currently supported only on the esp32c6;esp32h2;esp32c5 SoCs
[321/1051] Building C object esp-idf/lwip/CMakeFiles/__idf_lwip.dir/lwip/src/core/ipv6/nd6.c.obj
[322/1051] Building C object esp-idf/esp_phy/CMakeFiles/__idf_esp_phy.dir/esp32s3/phy_init_data.c.obj
[125/1053] Building C object esp-idf/esp_wifi/CMakeFiles/__idf_esp_wifi.dir/src/smartconfig_ack.c.obj
[126/1053] Building C object esp-idf/esp_driver_spi/CMakeFiles/__idf_esp_driver_spi.dir/src/gpspi/spi_slave.c.obj
[127/1053] Linking C static library esp-idf/esp_gdbstub/libesp_gdbstub.a
Executing action: all (aliases: build)
Running ninja in directory /home/tikhon/Документы/magnolia/applets/zig/zhexdump/build
Executing "ninja all"...
[0/2] Re-checking globbed directories...
[346/1053] Linking C static library esp-idf/esp_phy/libesp_phy.a
[128/1053] Building C object esp-idf/wpa_supplicant/CMakeFiles/__idf_wpa_supplicant.dir/src/ap/ieee802_1x.c.obj
[323/1051] Building C object esp-idf/esp_vfs_console/CMakeFiles/__idf_esp_vfs_console.dir/vfs_console.c.obj
[347/1053] Building C object esp-idf/esp_driver_uart/CMakeFiles/__idf_esp_driver_uart.dir/src/uhci.c.obj
[129/1053] Building C object esp-idf/wpa_supplicant/CMakeFiles/__idf_wpa_supplicant.dir/src/ap/sta_info.c.obj
[130/1053] Building C object esp-idf/esp_wifi/CMakeFiles/__idf_esp_wifi.dir/esp32s3/esp_adapter.c.obj
[324/1051] Building C object esp-idf/vfs/CMakeFiles/__idf_vfs.dir/nullfs.c.obj
[131/1053] Building C object esp-idf/wpa_supplicant/CMakeFiles/__idf_wpa_supplicant.dir/src/ap/pmksa_cache_auth.c.obj
[325/1051] Building C object esp-idf/lwip/CMakeFiles/__idf_lwip.dir/apps/dhcpserver/dhcpserver.c.obj
Executing action: all (aliases: build)
Running ninja in directory /home/tikhon/Документы/magnolia/applets/zig/zxxd/build
Executing "ninja all"...
[0/2] Re-checking globbed directories...
[326/1051] Building C object esp-idf/esp_phy/CMakeFiles/__idf_esp_phy.dir/src/phy_common.c.obj
[132/1053] Building C object esp-idf/wpa_supplicant/CMakeFiles/__idf_wpa_supplicant.dir/src/ap/comeback_token.c.obj
[327/1051] Building C object esp-idf/esp_phy/CMakeFiles/__idf_esp_phy.dir/src/btbb_init.c.obj
[328/1051] Building C object esp-idf/esp_driver_usb_serial_jtag/CMakeFiles/__idf_esp_driver_usb_serial_jtag.dir/src/usb_serial_jtag_connection_monitor.c.obj
[329/1051] Building C object esp-idf/esp_phy/CMakeFiles/__idf_esp_phy.dir/src/phy_init.c.obj
[133/1053] Building C object esp-idf/wpa_supplicant/CMakeFiles/__idf_wpa_supplicant.dir/src/common/dragonfly.c.obj
[134/1053] Building C object esp-idf/esp_driver_spi/CMakeFiles/__idf_esp_driver_spi.dir/src/gpspi/spi_slave_hd.c.obj
[1/14] Performing build step for 'bootloader'
[1/1] cd /home/tikhon/Документы/magnolia/applets/zig/zdd/build/bootloader && /home/tikhon/.espressif/python_env/idf6.0_py3.12_env/bin/python /home/tikhon/Документы/magnolia/esp-idf/components/partition_table/check_sizes.py --offset 0x8000 bootloader 0x0 /home/tikhon/Документы/magnolia/applets/zig/zdd/build/bootloader/bootloader.bin
Bootloader binary size 0x5320 bytes. 0x2ce0 bytes (35%) free.
[1/14] Performing build step for 'bootloader'
[1/1] cd /home/tikhon/Документы/magnolia/applets/zig/zhexdump/build/bootloader && /home/tikhon/.espressif/python_env/idf6.0_py3.12_env/bin/python /home/tikhon/Документы/magnolia/esp-idf/components/partition_table/check_sizes.py --offset 0x8000 bootloader 0x0 /home/tikhon/Документы/magnolia/applets/zig/zhexdump/build/bootloader/bootloader.bin
Bootloader binary size 0x5320 bytes. 0x2ce0 bytes (35%) free.
[135/1053] Building C object esp-idf/wpa_supplicant/CMakeFiles/__idf_wpa_supplicant.dir/port/eloop.c.obj
[136/1053] Building C object esp-idf/wpa_supplicant/CMakeFiles/__idf_wpa_supplicant.dir/src/ap/wpa_auth_ie.c.obj
[2/14] No install step for 'bootloader'
[2/14] No install step for 'bootloader'
[330/1051] Building C object esp-idf/esp_driver_usb_serial_jtag/CMakeFiles/__idf_esp_driver_usb_serial_jtag.dir/src/usb_serial_jtag.c.obj
[348/1053] Building CXX object esp-idf/nvs_flash/CMakeFiles/__idf_nvs_flash.dir/src/nvs_partition_lookup.cpp.obj
[349/1053] Building CXX object esp-idf/nvs_flash/CMakeFiles/__idf_nvs_flash.dir/src/nvs_partition.cpp.obj
[3/14] Completed 'bootloader'
[137/1053] Building C object esp-idf/wpa_supplicant/CMakeFiles/__idf_wpa_supplicant.dir/src/crypto/aes-siv.c.obj
[3/14] Completed 'bootloader'
[331/1051] Building C object esp-idf/vfs/CMakeFiles/__idf_vfs.dir/vfs_eventfd.c.obj
[138/1053] Building C object esp-idf/wpa_supplicant/CMakeFiles/__idf_wpa_supplicant.dir/src/utils/bitfield.c.obj
[139/1053] Building C object esp-idf/wpa_supplicant/CMakeFiles/__idf_wpa_supplicant.dir/src/crypto/sha256-kdf.c.obj
[140/1053] Building C object esp-idf/wpa_supplicant/CMakeFiles/__idf_wpa_supplicant.dir/src/crypto/dh_group5.c.obj
[332/1051] Building CXX object esp-idf/nvs_flash/CMakeFiles/__idf_nvs_flash.dir/src/nvs_platform.cpp.obj
[141/1053] Building C object esp-idf/esp_driver_spi/CMakeFiles/__idf_esp_driver_spi.dir/src/gpspi/spi_master.c.obj
[142/1053] Building C object esp-idf/wpa_supplicant/CMakeFiles/__idf_wpa_supplicant.dir/src/crypto/crypto_ops.c.obj
[333/1051] Linking C static library esp-idf/lwip/liblwip.a
[143/1053] Building C object esp-idf/wpa_supplicant/CMakeFiles/__idf_wpa_supplicant.dir/src/ap/ieee802_11.c.obj
[144/1053] Building C object esp-idf/wpa_supplicant/CMakeFiles/__idf_wpa_supplicant.dir/src/crypto/dh_groups.c.obj
[145/1053] Building C object esp-idf/wpa_supplicant/CMakeFiles/__idf_wpa_supplicant.dir/src/crypto/sha384-tlsprf.c.obj
[350/1053] Building C object esp-idf/esp_timer/CMakeFiles/__idf_esp_timer.dir/src/esp_timer.c.obj
[146/1053] Building C object esp-idf/wpa_supplicant/CMakeFiles/__idf_wpa_supplicant.dir/src/crypto/sha256-prf.c.obj
[1/14] Performing build step for 'bootloader'
[1/1] cd /home/tikhon/Документы/magnolia/applets/zig/zxxd/build/bootloader && /home/tikhon/.espressif/python_env/idf6.0_py3.12_env/bin/python /home/tikhon/Документы/magnolia/esp-idf/components/partition_table/check_sizes.py --offset 0x8000 bootloader 0x0 /home/tikhon/Документы/magnolia/applets/zig/zxxd/build/bootloader/bootloader.bin
Bootloader binary size 0x5320 bytes. 0x2ce0 bytes (35%) free.
[147/1053] Linking C static library esp-idf/esp_driver_spi/libesp_driver_spi.a
[2/14] No install step for 'bootloader'
[148/1053] Building C object esp-idf/wpa_supplicant/CMakeFiles/__idf_wpa_supplicant.dir/src/crypto/sha256-tlsprf.c.obj
[149/1053] Building C object esp-idf/wpa_supplicant/CMakeFiles/__idf_wpa_supplicant.dir/src/crypto/ccmp.c.obj
[150/1053] Building C object esp-idf/wpa_supplicant/CMakeFiles/__idf_wpa_supplicant.dir/src/crypto/sha1-tlsprf.c.obj
[151/1053] Building C object esp-idf/wpa_supplicant/CMakeFiles/__idf_wpa_supplicant.dir/src/crypto/sha1-tprf.c.obj
[152/1053] Building C object esp-idf/wpa_supplicant/CMakeFiles/__idf_wpa_supplicant.dir/src/crypto/aes-gcm.c.obj
[153/1053] Building C object esp-idf/wpa_supplicant/CMakeFiles/__idf_wpa_supplicant.dir/src/common/wpa_common.c.obj
[334/1051] Building C object esp-idf/esp_driver_usb_serial_jtag/CMakeFiles/__idf_esp_driver_usb_serial_jtag.dir/src/usb_serial_jtag_vfs.c.obj
[335/1051] Building C object esp-idf/nvs_flash/CMakeFiles/__idf_nvs_flash.dir/src/nvs_bootloader_aes.c.obj
[351/1053] Building C object esp-idf/esp_driver_uart/CMakeFiles/__idf_esp_driver_uart.dir/src/uart_vfs.c.obj
[154/1053] Linking C static library esp-idf/esp_wifi/libesp_wifi.a
[352/1053] Building C object esp-idf/esp_driver_gptimer/CMakeFiles/__idf_esp_driver_gptimer.dir/src/gptimer_common.c.obj
[353/1053] Building C object esp-idf/esp_timer/CMakeFiles/__idf_esp_timer.dir/src/esp_timer_init.c.obj
[3/14] Completed 'bootloader'
[155/1053] Building C object esp-idf/wpa_supplicant/CMakeFiles/__idf_wpa_supplicant.dir/src/eap_peer/eap_tls.c.obj
[336/1051] Building C object esp-idf/esp_event/CMakeFiles/__idf_esp_event.dir/default_event_loop.c.obj
[156/1053] Building C object esp-idf/wpa_supplicant/CMakeFiles/__idf_wpa_supplicant.dir/src/eap_peer/eap.c.obj
[354/1053] Building C object esp-idf/esp_timer/CMakeFiles/__idf_esp_timer.dir/src/system_time.c.obj
[157/1053] Building C object esp-idf/wpa_supplicant/CMakeFiles/__idf_wpa_supplicant.dir/src/crypto/sha1-prf.c.obj
[158/1053] Building C object esp-idf/wpa_supplicant/CMakeFiles/__idf_wpa_supplicant.dir/src/crypto/sha384-prf.c.obj
[337/1051] Building C object esp-idf/vfs/CMakeFiles/__idf_vfs.dir/vfs_semihost.c.obj
[159/1053] Building C object esp-idf/wpa_supplicant/CMakeFiles/__idf_wpa_supplicant.dir/src/eap_peer/chap.c.obj
[355/1053] Building C object esp-idf/esp_timer/CMakeFiles/__idf_esp_timer.dir/src/ets_timer_legacy.c.obj
[356/1053] Building C object esp-idf/esp_ringbuf/CMakeFiles/__idf_esp_ringbuf.dir/ringbuf.c.obj
[160/1053] Building C object esp-idf/wpa_supplicant/CMakeFiles/__idf_wpa_supplicant.dir/src/eap_common/eap_wsc_common.c.obj
[161/1053] Building C object esp-idf/wpa_supplicant/CMakeFiles/__idf_wpa_supplicant.dir/src/crypto/ms_funcs.c.obj
[162/1053] Building C object esp-idf/wpa_supplicant/CMakeFiles/__idf_wpa_supplicant.dir/src/crypto/md4-internal.c.obj
[163/1053] Building C object esp-idf/wpa_supplicant/CMakeFiles/__idf_wpa_supplicant.dir/src/eap_peer/eap_peap_common.c.obj
[338/1051] Building C object esp-idf/nvs_flash/CMakeFiles/__idf_nvs_flash.dir/src/nvs_bootloader_xts_aes.c.obj
[357/1053] Building CXX object esp-idf/nvs_flash/CMakeFiles/__idf_nvs_flash.dir/src/nvs_partition_manager.cpp.obj
[358/1053] Building C object esp-idf/esp_timer/CMakeFiles/__idf_esp_timer.dir/src/esp_timer_impl_common.c.obj
[339/1051] Building CXX object esp-idf/nvs_flash/CMakeFiles/__idf_nvs_flash.dir/src/nvs_partition.cpp.obj
[164/1053] Building C object esp-idf/wpa_supplicant/CMakeFiles/__idf_wpa_supplicant.dir/src/eap_peer/eap_mschapv2.c.obj
[4/14] Zig build-obj: dd -> /home/tikhon/Документы/magnolia/applets/zig/zdd/build/esp-idf/main/dd.zig.o
FAILED: esp-idf/main/dd.zig.o /home/tikhon/Документы/magnolia/applets/zig/zdd/build/esp-idf/main/dd.zig.o 
cd /home/tikhon/Документы/magnolia/applets/zig/zdd/build/esp-idf/main && python3 /home/tikhon/Документы/magnolia/tools/zig_xtensa_toolchain.py --install-dir /home/tikhon/Документы/magnolia/build/toolchains/zig-xtensa && /home/tikhon/Документы/magnolia/build/toolchains/zig-xtensa/zig build-obj -target xtensa-freestanding-none -mcpu esp32s3 -OReleaseSmall --dep magnolia -Mroot=/home/tikhon/Документы/magnolia/applets/zig/zdd/main/dd.zig -Mmagnolia=/home/tikhon/Документы/magnolia/sdk/zig/magnolia.zig -femit-bin=/home/tikhon/Документы/magnolia/applets/zig/zdd/build/esp-idf/main/dd.zig.o && /home/tikhon/.espressif/tools/xtensa-esp-elf/esp-15.1.0_20250607/xtensa-esp-elf/bin/xtensa-esp32s3-elf-objcopy --set-section-flags .literal=alloc,load,contents,data /home/tikhon/Документы/magnolia/applets/zig/zdd/build/esp-idf/main/dd.zig.o && /home/tikhon/.espressif/tools/xtensa-esp-elf/esp-15.1.0_20250607/xtensa-esp-elf/bin/xtensa-esp32s3-elf-objcopy --set-section-flags .rodata=alloc,load,contents,data /home/tikhon/Документы/magnolia/applets/zig/zdd/build/esp-idf/main/dd.zig.o
0.14.0-dev.xtensa.2486+941677e08
/home/tikhon/Документы/magnolia/build/toolchains/zig-xtensa/zig-relsafe-espressif-x86_64-linux-musl-baseline/lib/std/c.zig:9386:12: error: dependency on libc must be explicitly specified in the build command
/home/tikhon/Документы/magnolia/build/toolchains/zig-xtensa/zig-relsafe-espressif-x86_64-linux-musl-baseline/lib/std/c.zig:9388:12: error: dependency on libc must be explicitly specified in the build command
/home/tikhon/Документы/magnolia/applets/zig/zdd/main/dd.zig:252:25: error: expected type 'usize', found 'u64'
/home/tikhon/Документы/magnolia/applets/zig/zdd/main/dd.zig:252:25: note: unsigned 32-bit int cannot represent all possible unsigned 64-bit values
/home/tikhon/Документы/magnolia/build/toolchains/zig-xtensa/zig-relsafe-espressif-x86_64-linux-musl-baseline/lib/std/heap.zig:38:13: error: C allocator is only available when linking against libc
ninja: build stopped: subcommand failed.
[359/1053] Building C object esp-idf/esp_driver_gptimer/CMakeFiles/__idf_esp_driver_gptimer.dir/src/gptimer.c.obj
[340/1051] Building CXX object esp-idf/nvs_flash/CMakeFiles/__idf_nvs_flash.dir/src/nvs_partition_lookup.cpp.obj
[165/1053] Building C object esp-idf/wpa_supplicant/CMakeFiles/__idf_wpa_supplicant.dir/src/common/sae.c.obj
[166/1053] Building C object esp-idf/wpa_supplicant/CMakeFiles/__idf_wpa_supplicant.dir/src/ap/wpa_auth.c.obj
[360/1053] Building CXX object esp-idf/cxx/CMakeFiles/__idf_cxx.dir/cxx_init.cpp.obj
[167/1053] Building C object esp-idf/wpa_supplicant/CMakeFiles/__idf_wpa_supplicant.dir/src/eap_peer/mschapv2.c.obj
[361/1053] Building CXX object esp-idf/nvs_flash/CMakeFiles/__idf_nvs_flash.dir/src/nvs_handle_simple.cpp.obj
[341/1051] Building C object esp-idf/nvs_flash/CMakeFiles/__idf_nvs_flash.dir/src/nvs_bootloader.c.obj
[342/1051] Building C object esp-idf/vfs/CMakeFiles/__idf_vfs.dir/vfs.c.obj
[343/1051] Building C object esp-idf/esp_event/CMakeFiles/__idf_esp_event.dir/esp_event_private.c.obj
[168/1053] Building C object esp-idf/wpa_supplicant/CMakeFiles/__idf_wpa_supplicant.dir/src/eap_peer/eap_common.c.obj
[169/1053] Building C object esp-idf/wpa_supplicant/CMakeFiles/__idf_wpa_supplicant.dir/src/eap_peer/eap_fast_common.c.obj
[170/1053] Building C object esp-idf/wpa_supplicant/CMakeFiles/__idf_wpa_supplicant.dir/src/utils/uuid.c.obj
[171/1053] Building C object esp-idf/wpa_supplicant/CMakeFiles/__idf_wpa_supplicant.dir/src/common/ieee802_11_common.c.obj
[4/14] Zig build-obj: hexdump -> /home/tikhon/Документы/magnolia/applets/zig/zhexdump/build/esp-idf/main/hexdump.zig.o
FAILED: esp-idf/main/hexdump.zig.o /home/tikhon/Документы/magnolia/applets/zig/zhexdump/build/esp-idf/main/hexdump.zig.o 
cd /home/tikhon/Документы/magnolia/applets/zig/zhexdump/build/esp-idf/main && python3 /home/tikhon/Документы/magnolia/tools/zig_xtensa_toolchain.py --install-dir /home/tikhon/Документы/magnolia/build/toolchains/zig-xtensa && /home/tikhon/Документы/magnolia/build/toolchains/zig-xtensa/zig build-obj -target xtensa-freestanding-none -mcpu esp32s3 -OReleaseSmall --dep magnolia -Mroot=/home/tikhon/Документы/magnolia/applets/zig/zhexdump/main/hexdump.zig -Mmagnolia=/home/tikhon/Документы/magnolia/sdk/zig/magnolia.zig -femit-bin=/home/tikhon/Документы/magnolia/applets/zig/zhexdump/build/esp-idf/main/hexdump.zig.o && /home/tikhon/.espressif/tools/xtensa-esp-elf/esp-15.1.0_20250607/xtensa-esp-elf/bin/xtensa-esp32s3-elf-objcopy --set-section-flags .literal=alloc,load,contents,data /home/tikhon/Документы/magnolia/applets/zig/zhexdump/build/esp-idf/main/hexdump.zig.o && /home/tikhon/.espressif/tools/xtensa-esp-elf/esp-15.1.0_20250607/xtensa-esp-elf/bin/xtensa-esp32s3-elf-objcopy --set-section-flags .rodata=alloc,load,contents,data /home/tikhon/Документы/magnolia/applets/zig/zhexdump/build/esp-idf/main/hexdump.zig.o
0.14.0-dev.xtensa.2486+941677e08
/home/tikhon/Документы/magnolia/applets/zig/zhexdump/main/hexdump.zig:121:11: error: invalid escape character: 'b'
/home/tikhon/Документы/magnolia/applets/zig/zhexdump/main/hexdump.zig:208:39: error: @intCast must have a known result type
/home/tikhon/Документы/magnolia/applets/zig/zhexdump/main/hexdump.zig:208:39: note: use @as to provide explicit result type
/home/tikhon/Документы/magnolia/applets/zig/zhexdump/main/hexdump.zig:361:31: error: root source file struct 'std' has no member named 'cstr'
/home/tikhon/Документы/magnolia/build/toolchains/zig-xtensa/zig-relsafe-espressif-x86_64-linux-musl-baseline/lib/std/std.zig:1:1: note: struct declared here
/home/tikhon/Документы/magnolia/build/toolchains/zig-xtensa/zig-relsafe-espressif-x86_64-linux-musl-baseline/lib/std/posix.zig:68:21: error: struct 'posix.system__struct_1222' has no member named 'E'
/home/tikhon/Документы/magnolia/build/toolchains/zig-xtensa/zig-relsafe-espressif-x86_64-linux-musl-baseline/lib/std/posix.zig:48:13: note: struct declared here
/home/tikhon/Документы/magnolia/build/toolchains/zig-xtensa/zig-relsafe-espressif-x86_64-linux-musl-baseline/lib/std/posix.zig:4734:18: error: struct 'posix.system__struct_1222' has no member named 'MAP'
/home/tikhon/Документы/magnolia/build/toolchains/zig-xtensa/zig-relsafe-espressif-x86_64-linux-musl-baseline/lib/std/posix.zig:48:13: note: struct declared here
ninja: build stopped: subcommand failed.
[344/1051] Linking C static library esp-idf/vfs/libvfs.a
[362/1053] Building C object esp-idf/esp_timer/CMakeFiles/__idf_esp_timer.dir/src/esp_timer_impl_systimer.c.obj
[363/1053] Building C object esp-idf/pthread/CMakeFiles/__idf_pthread.dir/pthread_cond_var.c.obj
[172/1053] Building C object esp-idf/wpa_supplicant/CMakeFiles/__idf_wpa_supplicant.dir/src/eap_peer/eap_peap.c.obj
[173/1053] Building C object esp-idf/wpa_supplicant/CMakeFiles/__idf_wpa_supplicant.dir/src/utils/base64.c.obj
[345/1051] Building C object esp-idf/esp_driver_uart/CMakeFiles/__idf_esp_driver_uart.dir/src/uart_wakeup.c.obj
[346/1051] Linking C static library esp-idf/esp_vfs_console/libesp_vfs_console.a
[347/1051] Building C object esp-idf/esp_event/CMakeFiles/__idf_esp_event.dir/esp_event.c.obj
[364/1053] Building CXX object esp-idf/cxx/CMakeFiles/__idf_cxx.dir/cxx_exception_stubs.cpp.obj
[365/1053] Building C object esp-idf/newlib/CMakeFiles/__idf_newlib.dir/src/init.c.obj
[174/1053] Building C object esp-idf/wpa_supplicant/CMakeFiles/__idf_wpa_supplicant.dir/src/utils/ext_password.c.obj
[175/1053] Building C object esp-idf/wpa_supplicant/CMakeFiles/__idf_wpa_supplicant.dir/src/utils/wpabuf.c.obj
[348/1051] Linking C static library esp-idf/esp_driver_usb_serial_jtag/libesp_driver_usb_serial_jtag.a
[366/1053] Building C object esp-idf/pthread/CMakeFiles/__idf_pthread.dir/pthread.c.obj
[367/1053] Building C object esp-idf/newlib/CMakeFiles/__idf_newlib.dir/src/abort.c.obj
[176/1053] Building C object esp-idf/wpa_supplicant/CMakeFiles/__idf_wpa_supplicant.dir/src/eap_peer/eap_tls_common.c.obj
Command failed (2): idf.py build
Skipping failed applet build: zdd
[368/1053] Building C object esp-idf/pthread/CMakeFiles/__idf_pthread.dir/pthread_rwlock.c.obj
[177/1053] Building C object esp-idf/wpa_supplicant/CMakeFiles/__idf_wpa_supplicant.dir/src/rsn_supp/wpa_ie.c.obj
[369/1053] Building C object esp-idf/newlib/CMakeFiles/__idf_newlib.dir/src/assert.c.obj
[349/1051] Linking C static library esp-idf/esp_phy/libesp_phy.a
[178/1053] Building C object esp-idf/wpa_supplicant/CMakeFiles/__idf_wpa_supplicant.dir/src/rsn_supp/pmksa_cache.c.obj
[350/1051] Building C object esp-idf/esp_driver_gptimer/CMakeFiles/__idf_esp_driver_gptimer.dir/src/gptimer_common.c.obj
[4/14] Zig build-obj: xxd -> /home/tikhon/Документы/magnolia/applets/zig/zxxd/build/esp-idf/main/xxd.zig.o
FAILED: esp-idf/main/xxd.zig.o /home/tikhon/Документы/magnolia/applets/zig/zxxd/build/esp-idf/main/xxd.zig.o 
cd /home/tikhon/Документы/magnolia/applets/zig/zxxd/build/esp-idf/main && python3 /home/tikhon/Документы/magnolia/tools/zig_xtensa_toolchain.py --install-dir /home/tikhon/Документы/magnolia/build/toolchains/zig-xtensa && /home/tikhon/Документы/magnolia/build/toolchains/zig-xtensa/zig build-obj -target xtensa-freestanding-none -mcpu esp32s3 -OReleaseSmall --dep magnolia -Mroot=/home/tikhon/Документы/magnolia/applets/zig/zxxd/main/xxd.zig -Mmagnolia=/home/tikhon/Документы/magnolia/sdk/zig/magnolia.zig -femit-bin=/home/tikhon/Документы/magnolia/applets/zig/zxxd/build/esp-idf/main/xxd.zig.o && /home/tikhon/.espressif/tools/xtensa-esp-elf/esp-15.1.0_20250607/xtensa-esp-elf/bin/xtensa-esp32s3-elf-objcopy --set-section-flags .literal=alloc,load,contents,data /home/tikhon/Документы/magnolia/applets/zig/zxxd/build/esp-idf/main/xxd.zig.o && /home/tikhon/.espressif/tools/xtensa-esp-elf/esp-15.1.0_20250607/xtensa-esp-elf/bin/xtensa-esp32s3-elf-objcopy --set-section-flags .rodata=alloc,load,contents,data /home/tikhon/Документы/magnolia/applets/zig/zxxd/build/esp-idf/main/xxd.zig.o
0.14.0-dev.xtensa.2486+941677e08
/home/tikhon/Документы/magnolia/build/toolchains/zig-xtensa/zig-relsafe-espressif-x86_64-linux-musl-baseline/lib/std/posix.zig:68:21: error: struct 'posix.system__struct_1222' has no member named 'E'
/home/tikhon/Документы/magnolia/build/toolchains/zig-xtensa/zig-relsafe-espressif-x86_64-linux-musl-baseline/lib/std/posix.zig:48:13: note: struct declared here
/home/tikhon/Документы/magnolia/build/toolchains/zig-xtensa/zig-relsafe-espressif-x86_64-linux-musl-baseline/lib/std/posix.zig:4734:18: error: struct 'posix.system__struct_1222' has no member named 'MAP'
/home/tikhon/Документы/magnolia/build/toolchains/zig-xtensa/zig-relsafe-espressif-x86_64-linux-musl-baseline/lib/std/posix.zig:48:13: note: struct declared here
/home/tikhon/Документы/magnolia/applets/zig/zxxd/main/xxd.zig:301:27: error: root source file struct 'std' has no member named 'cstr'
/home/tikhon/Документы/magnolia/build/toolchains/zig-xtensa/zig-relsafe-espressif-x86_64-linux-musl-baseline/lib/std/std.zig:1:1: note: struct declared here
ninja: build stopped: subcommand failed.
[370/1053] Building C object esp-idf/pthread/CMakeFiles/__idf_pthread.dir/pthread_local_storage.c.obj
[179/1053] Building C object esp-idf/wpa_supplicant/CMakeFiles/__idf_wpa_supplicant.dir/src/utils/wpa_debug.c.obj
[371/1053] Building C object esp-idf/newlib/CMakeFiles/__idf_newlib.dir/src/pthread.c.obj
[372/1053] Building C object esp-idf/newlib/CMakeFiles/__idf_newlib.dir/src/heap.c.obj
[180/1053] Building C object esp-idf/wpa_supplicant/CMakeFiles/__idf_wpa_supplicant.dir/src/utils/common.c.obj
[373/1053] Building CXX object esp-idf/nvs_flash/CMakeFiles/__idf_nvs_flash.dir/src/nvs_handle_locked.cpp.obj
[181/1053] Building C object esp-idf/wpa_supplicant/CMakeFiles/__idf_wpa_supplicant.dir/esp_supplicant/src/esp_wpa2_api_port.c.obj
[374/1053] Building C object esp-idf/newlib/CMakeFiles/__idf_newlib.dir/src/getentropy.c.obj
[351/1051] Building C object esp-idf/esp_ringbuf/CMakeFiles/__idf_esp_ringbuf.dir/ringbuf.c.obj
[375/1053] Building C object esp-idf/newlib/CMakeFiles/__idf_newlib.dir/src/termios.c.obj
[376/1053] Building C object esp-idf/newlib/CMakeFiles/__idf_newlib.dir/src/poll.c.obj
[377/1053] Building C object esp-idf/newlib/CMakeFiles/__idf_newlib.dir/src/random.c.obj
[182/1053] Building C object esp-idf/wpa_supplicant/CMakeFiles/__idf_wpa_supplicant.dir/src/utils/json.c.obj
[378/1053] Building C object esp-idf/pthread/CMakeFiles/__idf_pthread.dir/pthread_semaphore.c.obj
[352/1051] Building C object esp-idf/esp_timer/CMakeFiles/__idf_esp_timer.dir/src/esp_timer_init.c.obj
[379/1053] Building C object esp-idf/newlib/CMakeFiles/__idf_newlib.dir/src/locks.c.obj
[183/1053] Building C object esp-idf/wpa_supplicant/CMakeFiles/__idf_wpa_supplicant.dir/src/wps/wps_attr_parse.c.obj
[184/1053] Building C object esp-idf/wpa_supplicant/CMakeFiles/__idf_wpa_supplicant.dir/src/wps/wps_attr_process.c.obj
[380/1053] Building CXX object esp-idf/nvs_flash/CMakeFiles/__idf_nvs_flash.dir/src/nvs_encrypted_partition.cpp.obj
[185/1053] Building C object esp-idf/wpa_supplicant/CMakeFiles/__idf_wpa_supplicant.dir/src/eap_peer/eap_fast_pac.c.obj
[353/1051] Building C object esp-idf/esp_timer/CMakeFiles/__idf_esp_timer.dir/src/esp_timer.c.obj
[381/1053] Building C object esp-idf/newlib/CMakeFiles/__idf_newlib.dir/src/syscalls.c.obj
[186/1053] Building C object esp-idf/wpa_supplicant/CMakeFiles/__idf_wpa_supplicant.dir/src/eap_peer/eap_ttls.c.obj
[354/1051] Building C object esp-idf/esp_timer/CMakeFiles/__idf_esp_timer.dir/src/ets_timer_legacy.c.obj
[382/1053] Building C object esp-idf/newlib/CMakeFiles/__idf_newlib.dir/src/time.c.obj
[187/1053] Building C object esp-idf/wpa_supplicant/CMakeFiles/__idf_wpa_supplicant.dir/src/wps/wps_dev_attr.c.obj
[383/1053] Building C object esp-idf/newlib/CMakeFiles/__idf_newlib.dir/src/realpath.c.obj
[188/1053] Building C object esp-idf/wpa_supplicant/CMakeFiles/__idf_wpa_supplicant.dir/src/eap_peer/eap_fast.c.obj
[355/1051] Building C object esp-idf/esp_driver_gptimer/CMakeFiles/__idf_esp_driver_gptimer.dir/src/gptimer.c.obj
-- Project sdkconfig file /home/tikhon/Документы/magnolia/applets/rust/rusthello/sdkconfig
[384/1053] Building C object esp-idf/newlib/CMakeFiles/__idf_newlib.dir/src/stdatomic.c.obj
[385/1053] Building C object esp-idf/newlib/CMakeFiles/__idf_newlib.dir/src/reent_syscalls.c.obj
[386/1053] Building C object esp-idf/newlib/CMakeFiles/__idf_newlib.dir/src/sysconf.c.obj
Command failed (2): idf.py build
Skipping failed applet build: zhexdump
[189/1053] Building C object esp-idf/wpa_supplicant/CMakeFiles/__idf_wpa_supplicant.dir/src/wps/wps_common.c.obj
[387/1053] Building C object esp-idf/newlib/CMakeFiles/__idf_newlib.dir/src/flockfile.c.obj
[356/1051] Building C object esp-idf/esp_timer/CMakeFiles/__idf_esp_timer.dir/src/system_time.c.obj
[388/1053] Building C object esp-idf/newlib/CMakeFiles/__idf_newlib.dir/src/scandir.c.obj
[389/1053] Building C object esp-idf/newlib/CMakeFiles/__idf_newlib.dir/src/port/esp_time_impl.c.obj
[190/1053] Building C object esp-idf/wpa_supplicant/CMakeFiles/__idf_wpa_supplicant.dir/src/wps/wps.c.obj
[191/1053] Building C object esp-idf/wpa_supplicant/CMakeFiles/__idf_wpa_supplicant.dir/src/wps/wps_attr_build.c.obj
[390/1053] Building C object esp-idf/newlib/CMakeFiles/__idf_newlib.dir/src/newlib_init.c.obj
[192/1053] Building C object esp-idf/wpa_supplicant/CMakeFiles/__idf_wpa_supplicant.dir/esp_supplicant/src/esp_owe.c.obj
[357/1051] Building C object esp-idf/esp_timer/CMakeFiles/__idf_esp_timer.dir/src/esp_timer_impl_common.c.obj
[358/1051] Building C object esp-idf/esp_driver_uart/CMakeFiles/__idf_esp_driver_uart.dir/src/uart_vfs.c.obj
[391/1053] Building C object esp-idf/newlib/CMakeFiles/__idf_newlib.dir/src/reent_init.c.obj
[359/1051] Building C object esp-idf/esp_driver_uart/CMakeFiles/__idf_esp_driver_uart.dir/src/uhci.c.obj
[193/1053] Building C object esp-idf/wpa_supplicant/CMakeFiles/__idf_wpa_supplicant.dir/esp_supplicant/src/esp_common.c.obj
[360/1051] Building C object esp-idf/esp_timer/CMakeFiles/__idf_esp_timer.dir/src/esp_timer_impl_systimer.c.obj
[392/1053] Building C object esp-idf/freertos/CMakeFiles/__idf_freertos.dir/app_startup.c.obj
[194/1053] Building C object esp-idf/wpa_supplicant/CMakeFiles/__idf_wpa_supplicant.dir/esp_supplicant/src/crypto/fastpsk.c.obj
[195/1053] Building C object esp-idf/wpa_supplicant/CMakeFiles/__idf_wpa_supplicant.dir/esp_supplicant/src/esp_wpas_glue.c.obj
[196/1053] Building C object esp-idf/wpa_supplicant/CMakeFiles/__idf_wpa_supplicant.dir/src/wps/wps_enrollee.c.obj
[197/1053] Building C object esp-idf/wpa_supplicant/CMakeFiles/__idf_wpa_supplicant.dir/esp_supplicant/src/esp_wps.c.obj
[393/1053] Building C object esp-idf/freertos/CMakeFiles/__idf_freertos.dir/heap_idf.c.obj
[394/1053] Building C object esp-idf/freertos/CMakeFiles/__idf_freertos.dir/port_systick.c.obj
[395/1053] Building CXX object esp-idf/nvs_flash/CMakeFiles/__idf_nvs_flash.dir/src/nvs_types.cpp.obj
[396/1053] Building C object esp-idf/esp_driver_uart/CMakeFiles/__idf_esp_driver_uart.dir/src/uart.c.obj
[397/1053] Building C object esp-idf/freertos/CMakeFiles/__idf_freertos.dir/port_common.c.obj
[398/1053] Building C object esp-idf/freertos/CMakeFiles/__idf_freertos.dir/FreeRTOS-Kernel/list.c.obj
[361/1051] Building CXX object esp-idf/cxx/CMakeFiles/__idf_cxx.dir/cxx_exception_stubs.cpp.obj
[198/1053] Building C object esp-idf/wpa_supplicant/CMakeFiles/__idf_wpa_supplicant.dir/src/common/sae_pk.c.obj
[399/1053] Building CXX object esp-idf/nvs_flash/CMakeFiles/__idf_nvs_flash.dir/src/nvs_item_hash_list.cpp.obj
[362/1051] Building C object esp-idf/esp_driver_uart/CMakeFiles/__idf_esp_driver_uart.dir/src/uart.c.obj
[400/1053] Building CXX object esp-idf/nvs_flash/CMakeFiles/__idf_nvs_flash.dir/src/nvs_cxx_api.cpp.obj
[199/1053] Building C object esp-idf/wpa_supplicant/CMakeFiles/__idf_wpa_supplicant.dir/src/crypto/rc4.c.obj
[401/1053] Building C object esp-idf/freertos/CMakeFiles/__idf_freertos.dir/FreeRTOS-Kernel/portable/xtensa/xtensa_init.c.obj
[402/1053] Building CXX object esp-idf/cxx/CMakeFiles/__idf_cxx.dir/cxx_guards.cpp.obj
[200/1053] Linking C static library esp-idf/esp_coex/libesp_coex.a
[403/1053] Building ASM object esp-idf/freertos/CMakeFiles/__idf_freertos.dir/FreeRTOS-Kernel/portable/xtensa/portasm.S.obj
[201/1053] Building C object esp-idf/wpa_supplicant/CMakeFiles/__idf_wpa_supplicant.dir/esp_supplicant/src/crypto/crypto_mbedtls-rsa.c.obj
[363/1051] Building CXX object esp-idf/cxx/CMakeFiles/__idf_cxx.dir/cxx_init.cpp.obj
[202/1053] Building C object esp-idf/wpa_supplicant/CMakeFiles/__idf_wpa_supplicant.dir/esp_supplicant/src/esp_wpa_main.c.obj
[404/1053] Building C object esp-idf/esp_hw_support/CMakeFiles/__idf_esp_hw_support.dir/port/esp32s3/esp_cpu_intr.c.obj
[203/1053] Building C object esp-idf/wpa_supplicant/CMakeFiles/__idf_wpa_supplicant.dir/esp_supplicant/src/esp_hostap.c.obj
[405/1053] Building C object esp-idf/freertos/CMakeFiles/__idf_freertos.dir/FreeRTOS-Kernel/portable/xtensa/xtensa_overlay_os_hook.c.obj
[364/1051] Building CXX object esp-idf/nvs_flash/CMakeFiles/__idf_nvs_flash.dir/src/nvs_cxx_api.cpp.obj
[406/1053] Building C object esp-idf/esp_hw_support/CMakeFiles/__idf_esp_hw_support.dir/esp_memory_utils.c.obj
[407/1053] Building C object esp-idf/esp_hw_support/CMakeFiles/__idf_esp_hw_support.dir/port/esp32s3/cpu_region_protect.c.obj
[408/1053] Building C object esp-idf/freertos/CMakeFiles/__idf_freertos.dir/FreeRTOS-Kernel/event_groups.c.obj
[204/1053] Building C object esp-idf/esp_netif/CMakeFiles/__idf_esp_netif.dir/esp_netif_handlers.c.obj
[205/1053] Building C object esp-idf/wpa_supplicant/CMakeFiles/__idf_wpa_supplicant.dir/src/crypto/aes-wrap.c.obj
[365/1051] Building CXX object esp-idf/cxx/CMakeFiles/__idf_cxx.dir/cxx_guards.cpp.obj
[409/1053] Building C object esp-idf/freertos/CMakeFiles/__idf_freertos.dir/esp_additions/idf_additions.c.obj
[410/1053] Building C object esp-idf/freertos/CMakeFiles/__idf_freertos.dir/esp_additions/idf_additions_event_groups.c.obj
[366/1051] Building C object esp-idf/newlib/CMakeFiles/__idf_newlib.dir/src/init.c.obj
[206/1053] Building C object esp-idf/wpa_supplicant/CMakeFiles/__idf_wpa_supplicant.dir/esp_supplicant/src/crypto/crypto_mbedtls.c.obj
[411/1053] Building C object esp-idf/esp_hw_support/CMakeFiles/__idf_esp_hw_support.dir/cpu.c.obj
[207/1053] Building C object esp-idf/esp_netif/CMakeFiles/__idf_esp_netif.dir/esp_netif_defaults.c.obj
[367/1051] Building C object esp-idf/pthread/CMakeFiles/__idf_pthread.dir/pthread_rwlock.c.obj
[208/1053] Building C object esp-idf/wpa_supplicant/CMakeFiles/__idf_wpa_supplicant.dir/src/rsn_supp/wpa.c.obj
[209/1053] Building C object esp-idf/wpa_supplicant/CMakeFiles/__idf_wpa_supplicant.dir/esp_supplicant/src/crypto/fastpbkdf2.c.obj
Command failed (2): idf.py build
Skipping failed applet build: zxxd
[412/1053] Building C object esp-idf/freertos/CMakeFiles/__idf_freertos.dir/FreeRTOS-Kernel/portable/xtensa/port.c.obj
[210/1053] Building C object esp-idf/wpa_supplicant/CMakeFiles/__idf_wpa_supplicant.dir/src/crypto/des-internal.c.obj
[211/1053] Building C object esp-idf/wpa_supplicant/CMakeFiles/__idf_wpa_supplicant.dir/esp_supplicant/src/crypto/crypto_mbedtls-bignum.c.obj
[413/1053] Building C object esp-idf/esp_hw_support/CMakeFiles/__idf_esp_hw_support.dir/revision.c.obj
[368/1051] Building C object esp-idf/pthread/CMakeFiles/__idf_pthread.dir/pthread_local_storage.c.obj
[212/1053] Building C object esp-idf/wpa_supplicant/CMakeFiles/__idf_wpa_supplicant.dir/esp_supplicant/src/crypto/tls_mbedtls.c.obj
[369/1051] Building C object esp-idf/pthread/CMakeFiles/__idf_pthread.dir/pthread_cond_var.c.obj
[414/1053] Building C object esp-idf/esp_hw_support/CMakeFiles/__idf_esp_hw_support.dir/clk_ctrl_os.c.obj
[370/1051] Building C object esp-idf/newlib/CMakeFiles/__idf_newlib.dir/src/abort.c.obj
[371/1051] Building C object esp-idf/newlib/CMakeFiles/__idf_newlib.dir/src/assert.c.obj
[213/1053] Building C object esp-idf/esp_netif/CMakeFiles/__idf_esp_netif.dir/esp_netif_objects.c.obj
[214/1053] Building C object esp-idf/wpa_supplicant/CMakeFiles/__idf_wpa_supplicant.dir/esp_supplicant/src/esp_wpa3.c.obj
[415/1053] Building C object esp-idf/esp_hw_support/CMakeFiles/__idf_esp_hw_support.dir/esp_gpio_reserve.c.obj
[215/1053] Building C object esp-idf/wpa_supplicant/CMakeFiles/__idf_wpa_supplicant.dir/src/crypto/aes-unwrap.c.obj
[416/1053] Building C object esp-idf/freertos/CMakeFiles/__idf_freertos.dir/FreeRTOS-Kernel/timers.c.obj
[417/1053] Building C object esp-idf/esp_hw_support/CMakeFiles/__idf_esp_hw_support.dir/mac_addr.c.obj
[372/1051] Building C object esp-idf/pthread/CMakeFiles/__idf_pthread.dir/pthread.c.obj
[216/1053] Building C object esp-idf/esp_netif/CMakeFiles/__idf_esp_netif.dir/lwip/esp_netif_lwip_defaults.c.obj
[217/1053] Building C object esp-idf/wpa_supplicant/CMakeFiles/__idf_wpa_supplicant.dir/src/crypto/aes-ccm.c.obj
[373/1051] Building C object esp-idf/newlib/CMakeFiles/__idf_newlib.dir/src/poll.c.obj
[374/1051] Building C object esp-idf/newlib/CMakeFiles/__idf_newlib.dir/src/pthread.c.obj
[418/1053] Building CXX object esp-idf/nvs_flash/CMakeFiles/__idf_nvs_flash.dir/src/nvs_pagemanager.cpp.obj
[375/1051] Building C object esp-idf/pthread/CMakeFiles/__idf_pthread.dir/pthread_semaphore.c.obj
[376/1051] Building C object esp-idf/newlib/CMakeFiles/__idf_newlib.dir/src/locks.c.obj
[419/1053] Building C object esp-idf/freertos/CMakeFiles/__idf_freertos.dir/FreeRTOS-Kernel/stream_buffer.c.obj
[420/1053] Building C object esp-idf/esp_hw_support/CMakeFiles/__idf_esp_hw_support.dir/hw_random.c.obj
[218/1053] Building C object esp-idf/esp_netif/CMakeFiles/__idf_esp_netif.dir/lwip/netif/wlanif.c.obj
[421/1053] Building CXX object esp-idf/nvs_flash/CMakeFiles/__idf_nvs_flash.dir/src/nvs_page.cpp.obj
[377/1051] Building CXX object esp-idf/nvs_flash/CMakeFiles/__idf_nvs_flash.dir/src/nvs_pagemanager.cpp.obj
[219/1053] Building C object esp-idf/esp_netif/CMakeFiles/__idf_esp_netif.dir/lwip/netif/ethernetif.c.obj
[378/1051] Building C object esp-idf/newlib/CMakeFiles/__idf_newlib.dir/src/heap.c.obj
[379/1051] Building C object esp-idf/newlib/CMakeFiles/__idf_newlib.dir/src/random.c.obj
[422/1053] Building C object esp-idf/esp_hw_support/CMakeFiles/__idf_esp_hw_support.dir/regi2c_ctrl.c.obj
[380/1051] Building C object esp-idf/newlib/CMakeFiles/__idf_newlib.dir/src/getentropy.c.obj
[220/1053] Building C object esp-idf/wpa_supplicant/CMakeFiles/__idf_wpa_supplicant.dir/esp_supplicant/src/esp_eap_client.c.obj
[423/1053] Building C object esp-idf/esp_hw_support/CMakeFiles/__idf_esp_hw_support.dir/periph_ctrl.c.obj
[221/1053] Building C object esp-idf/lwip/CMakeFiles/__idf_lwip.dir/lwip/src/api/netifapi.c.obj
[424/1053] Building C object esp-idf/freertos/CMakeFiles/__idf_freertos.dir/FreeRTOS-Kernel/queue.c.obj
[222/1053] Building C object esp-idf/wpa_supplicant/CMakeFiles/__idf_wpa_supplicant.dir/esp_supplicant/src/crypto/crypto_mbedtls-ec.c.obj
[381/1051] Building C object esp-idf/newlib/CMakeFiles/__idf_newlib.dir/src/termios.c.obj
[382/1051] Building C object esp-idf/newlib/CMakeFiles/__idf_newlib.dir/src/sysconf.c.obj
[425/1053] Building C object esp-idf/esp_hw_support/CMakeFiles/__idf_esp_hw_support.dir/esp_clk.c.obj
[383/1051] Building C object esp-idf/newlib/CMakeFiles/__idf_newlib.dir/src/syscalls.c.obj
[384/1051] Building C object esp-idf/newlib/CMakeFiles/__idf_newlib.dir/src/scandir.c.obj
[385/1051] Building C object esp-idf/newlib/CMakeFiles/__idf_newlib.dir/src/reent_syscalls.c.obj
[426/1053] Building C object esp-idf/esp_hw_support/CMakeFiles/__idf_esp_hw_support.dir/intr_alloc.c.obj
[223/1053] Building C object esp-idf/esp_netif/CMakeFiles/__idf_esp_netif.dir/lwip/netif/esp_pbuf_ref.c.obj
[427/1053] Building C object esp-idf/esp_hw_support/CMakeFiles/__idf_esp_hw_support.dir/port/esp32s3/io_mux.c.obj
[224/1053] Building C object esp-idf/lwip/CMakeFiles/__idf_lwip.dir/lwip/src/api/err.c.obj
[428/1053] Building C object esp-idf/esp_hw_support/CMakeFiles/__idf_esp_hw_support.dir/rtc_module.c.obj
[386/1051] Building C object esp-idf/newlib/CMakeFiles/__idf_newlib.dir/src/flockfile.c.obj
[225/1053] Building C object esp-idf/lwip/CMakeFiles/__idf_lwip.dir/lwip/src/api/netbuf.c.obj
[429/1053] Building C object esp-idf/esp_hw_support/CMakeFiles/__idf_esp_hw_support.dir/dma/gdma_link.c.obj
[430/1053] Building C object esp-idf/esp_hw_support/CMakeFiles/__idf_esp_hw_support.dir/port/esp_clk_tree_common.c.obj
[226/1053] Building C object esp-idf/lwip/CMakeFiles/__idf_lwip.dir/lwip/src/apps/sntp/sntp.c.obj
[387/1051] Building C object esp-idf/newlib/CMakeFiles/__idf_newlib.dir/src/realpath.c.obj
[388/1051] Building C object esp-idf/newlib/CMakeFiles/__idf_newlib.dir/src/reent_init.c.obj
[227/1053] Building C object esp-idf/lwip/CMakeFiles/__idf_lwip.dir/lwip/src/api/netdb.c.obj
[228/1053] Building C object esp-idf/esp_netif/CMakeFiles/__idf_esp_netif.dir/lwip/esp_netif_sntp.c.obj
[389/1051] Building C object esp-idf/newlib/CMakeFiles/__idf_newlib.dir/src/port/esp_time_impl.c.obj
[229/1053] Building C object esp-idf/lwip/CMakeFiles/__idf_lwip.dir/lwip/src/api/if_api.c.obj
[230/1053] Linking C static library esp-idf/wpa_supplicant/libwpa_supplicant.a
[431/1053] Building C object esp-idf/esp_hw_support/CMakeFiles/__idf_esp_hw_support.dir/sleep_modem.c.obj
[432/1053] Building C object esp-idf/esp_hw_support/CMakeFiles/__idf_esp_hw_support.dir/sleep_usb.c.obj
[390/1051] Building C object esp-idf/newlib/CMakeFiles/__idf_newlib.dir/src/newlib_init.c.obj
[433/1053] Building C object esp-idf/esp_hw_support/CMakeFiles/__idf_esp_hw_support.dir/dma/esp_dma_utils.c.obj
[391/1051] Building C object esp-idf/newlib/CMakeFiles/__idf_newlib.dir/src/time.c.obj
[231/1053] Building C object esp-idf/lwip/CMakeFiles/__idf_lwip.dir/lwip/src/api/tcpip.c.obj
[434/1053] Building C object esp-idf/esp_hw_support/CMakeFiles/__idf_esp_hw_support.dir/port/esp32s3/esp_clk_tree.c.obj
[435/1053] Building C object esp-idf/esp_hw_support/CMakeFiles/__idf_esp_hw_support.dir/clk_utils.c.obj
[436/1053] Building C object esp-idf/esp_hw_support/CMakeFiles/__idf_esp_hw_support.dir/sleep_console.c.obj
[437/1053] Building C object esp-idf/esp_hw_support/CMakeFiles/__idf_esp_hw_support.dir/port/esp32s3/systimer.c.obj
[232/1053] Building C object esp-idf/lwip/CMakeFiles/__idf_lwip.dir/lwip/src/core/inet_chksum.c.obj
[438/1053] Building C object esp-idf/esp_hw_support/CMakeFiles/__idf_esp_hw_support.dir/sar_tsens_ctrl.c.obj
[233/1053] Building C object esp-idf/lwip/CMakeFiles/__idf_lwip.dir/apps/sntp/sntp.c.obj
[392/1051] Building CXX object esp-idf/nvs_flash/CMakeFiles/__idf_nvs_flash.dir/src/nvs_api.cpp.obj
[439/1053] Building C object esp-idf/esp_hw_support/CMakeFiles/__idf_esp_hw_support.dir/spi_share_hw_ctrl.c.obj
[393/1051] Building C object esp-idf/freertos/CMakeFiles/__idf_freertos.dir/port_systick.c.obj
[440/1053] Building CXX object esp-idf/nvs_flash/CMakeFiles/__idf_nvs_flash.dir/src/nvs_storage.cpp.obj
[394/1051] Building C object esp-idf/freertos/CMakeFiles/__idf_freertos.dir/heap_idf.c.obj
[395/1051] Building C object esp-idf/freertos/CMakeFiles/__idf_freertos.dir/app_startup.c.obj
[396/1051] Building C object esp-idf/newlib/CMakeFiles/__idf_newlib.dir/src/stdatomic.c.obj
[234/1053] Building C object esp-idf/lwip/CMakeFiles/__idf_lwip.dir/lwip/src/apps/netbiosns/netbiosns.c.obj
[441/1053] Building C object esp-idf/esp_hw_support/CMakeFiles/__idf_esp_hw_support.dir/dma/esp_async_memcpy.c.obj
[235/1053] Building C object esp-idf/lwip/CMakeFiles/__idf_lwip.dir/lwip/src/core/def.c.obj
[397/1051] Building C object esp-idf/freertos/CMakeFiles/__idf_freertos.dir/FreeRTOS-Kernel/list.c.obj
[442/1053] Building C object esp-idf/esp_hw_support/CMakeFiles/__idf_esp_hw_support.dir/sleep_event.c.obj
[398/1051] Building C object esp-idf/freertos/CMakeFiles/__idf_freertos.dir/port_common.c.obj
[399/1051] Building C object esp-idf/freertos/CMakeFiles/__idf_freertos.dir/FreeRTOS-Kernel/portable/xtensa/xtensa_init.c.obj
[443/1053] Building C object esp-idf/esp_hw_support/CMakeFiles/__idf_esp_hw_support.dir/mspi_timing_tuning/mspi_timing_tuning.c.obj
[236/1053] Building C object esp-idf/lwip/CMakeFiles/__idf_lwip.dir/lwip/src/api/api_lib.c.obj
[400/1051] Building CXX object esp-idf/nvs_flash/CMakeFiles/__idf_nvs_flash.dir/src/nvs_item_hash_list.cpp.obj
[401/1051] Building ASM object esp-idf/freertos/CMakeFiles/__idf_freertos.dir/FreeRTOS-Kernel/portable/xtensa/portasm.S.obj
[444/1053] Building C object esp-idf/esp_hw_support/CMakeFiles/__idf_esp_hw_support.dir/spi_bus_lock.c.obj
[237/1053] Building C object esp-idf/lwip/CMakeFiles/__idf_lwip.dir/lwip/src/core/stats.c.obj
[445/1053] Building C object esp-idf/esp_hw_support/CMakeFiles/__idf_esp_hw_support.dir/usb_phy/usb_phy.c.obj
[446/1053] Building C object esp-idf/esp_hw_support/CMakeFiles/__idf_esp_hw_support.dir/adc_share_hw_ctrl.c.obj
[238/1053] Building C object esp-idf/lwip/CMakeFiles/__idf_lwip.dir/lwip/src/core/pbuf.c.obj
[239/1053] Building C object esp-idf/lwip/CMakeFiles/__idf_lwip.dir/lwip/src/core/mem.c.obj
[402/1051] Building CXX object esp-idf/nvs_flash/CMakeFiles/__idf_nvs_flash.dir/src/nvs_encrypted_partition.cpp.obj
[240/1053] Building C object esp-idf/lwip/CMakeFiles/__idf_lwip.dir/lwip/src/core/init.c.obj
[447/1053] Building C object esp-idf/esp_hw_support/CMakeFiles/__idf_esp_hw_support.dir/sleep_wake_stub.c.obj
[403/1051] Building C object esp-idf/freertos/CMakeFiles/__idf_freertos.dir/FreeRTOS-Kernel/portable/xtensa/xtensa_overlay_os_hook.c.obj
[241/1053] Building C object esp-idf/lwip/CMakeFiles/__idf_lwip.dir/lwip/src/core/memp.c.obj
[404/1051] Building CXX object esp-idf/nvs_flash/CMakeFiles/__idf_nvs_flash.dir/src/nvs_types.cpp.obj
[242/1053] Building C object esp-idf/lwip/CMakeFiles/__idf_lwip.dir/lwip/src/core/ip.c.obj
[448/1053] Building C object esp-idf/esp_hw_support/CMakeFiles/__idf_esp_hw_support.dir/port/esp32s3/rtc_clk_init.c.obj
[243/1053] Building C object esp-idf/lwip/CMakeFiles/__idf_lwip.dir/lwip/src/core/sys.c.obj
[244/1053] Building C object esp-idf/lwip/CMakeFiles/__idf_lwip.dir/lwip/src/core/netif.c.obj
[405/1051] Building C object esp-idf/freertos/CMakeFiles/__idf_freertos.dir/esp_additions/idf_additions.c.obj
[406/1051] Building C object esp-idf/esp_hw_support/CMakeFiles/__idf_esp_hw_support.dir/cpu.c.obj
[407/1051] Building C object esp-idf/esp_hw_support/CMakeFiles/__idf_esp_hw_support.dir/esp_memory_utils.c.obj
[408/1051] Building CXX object esp-idf/nvs_flash/CMakeFiles/__idf_nvs_flash.dir/src/nvs_handle_simple.cpp.obj
[409/1051] Building C object esp-idf/esp_hw_support/CMakeFiles/__idf_esp_hw_support.dir/port/esp32s3/cpu_region_protect.c.obj
[410/1051] Building C object esp-idf/esp_hw_support/CMakeFiles/__idf_esp_hw_support.dir/port/esp32s3/esp_cpu_intr.c.obj
[411/1051] Building CXX object esp-idf/nvs_flash/CMakeFiles/__idf_nvs_flash.dir/src/nvs_page.cpp.obj
[449/1053] Building C object esp-idf/esp_hw_support/CMakeFiles/__idf_esp_hw_support.dir/port/esp32s3/chip_info.c.obj
[245/1053] Building C object esp-idf/lwip/CMakeFiles/__idf_lwip.dir/lwip/src/core/ipv4/ip4_napt.c.obj
[246/1053] Building C object esp-idf/lwip/CMakeFiles/__idf_lwip.dir/lwip/src/core/dns.c.obj
[412/1051] Building C object esp-idf/freertos/CMakeFiles/__idf_freertos.dir/FreeRTOS-Kernel/timers.c.obj
[247/1053] Building C object esp-idf/lwip/CMakeFiles/__idf_lwip.dir/lwip/src/api/sockets.c.obj
[450/1053] Building C object esp-idf/esp_hw_support/CMakeFiles/__idf_esp_hw_support.dir/sleep_gpio.c.obj
[413/1051] Building C object esp-idf/freertos/CMakeFiles/__idf_freertos.dir/FreeRTOS-Kernel/event_groups.c.obj
[248/1053] Building C object esp-idf/lwip/CMakeFiles/__idf_lwip.dir/lwip/src/core/raw.c.obj
[451/1053] Building C object esp-idf/esp_hw_support/CMakeFiles/__idf_esp_hw_support.dir/power_supply/brownout.c.obj
[452/1053] Building CXX object esp-idf/nvs_flash/CMakeFiles/__idf_nvs_flash.dir/src/nvs_api.cpp.obj
[249/1053] Building C object esp-idf/lwip/CMakeFiles/__idf_lwip.dir/lwip/src/core/ipv4/autoip.c.obj
[414/1051] Building C object esp-idf/esp_hw_support/CMakeFiles/__idf_esp_hw_support.dir/esp_clk.c.obj
[415/1051] Building C object esp-idf/esp_hw_support/CMakeFiles/__idf_esp_hw_support.dir/revision.c.obj
[453/1053] Building C object esp-idf/esp_hw_support/CMakeFiles/__idf_esp_hw_support.dir/port/esp_memprot_conv.c.obj
[454/1053] Building C object esp-idf/esp_hw_support/CMakeFiles/__idf_esp_hw_support.dir/port/esp32s3/rtc_sleep.c.obj
[455/1053] Building C object esp-idf/esp_hw_support/CMakeFiles/__idf_esp_hw_support.dir/mspi_timing_tuning/port/esp32s3/mspi_timing_config.c.obj
[416/1051] Building C object esp-idf/freertos/CMakeFiles/__idf_freertos.dir/FreeRTOS-Kernel/portable/xtensa/port.c.obj
[417/1051] Building C object esp-idf/freertos/CMakeFiles/__idf_freertos.dir/esp_additions/idf_additions_event_groups.c.obj
[418/1051] Building C object esp-idf/freertos/CMakeFiles/__idf_freertos.dir/FreeRTOS-Kernel/queue.c.obj
[456/1053] Building C object esp-idf/soc/CMakeFiles/__idf_soc.dir/lldesc.c.obj
[419/1051] Building C object esp-idf/esp_hw_support/CMakeFiles/__idf_esp_hw_support.dir/mac_addr.c.obj
[420/1051] Building C object esp-idf/esp_hw_support/CMakeFiles/__idf_esp_hw_support.dir/regi2c_ctrl.c.obj
[421/1051] Building C object esp-idf/esp_hw_support/CMakeFiles/__idf_esp_hw_support.dir/esp_gpio_reserve.c.obj
[422/1051] Building C object esp-idf/esp_hw_support/CMakeFiles/__idf_esp_hw_support.dir/clk_ctrl_os.c.obj
[457/1053] Building C object esp-idf/esp_hw_support/CMakeFiles/__idf_esp_hw_support.dir/port/esp32s3/rtc_clk.c.obj
[458/1053] Building C object esp-idf/soc/CMakeFiles/__idf_soc.dir/dport_access_common.c.obj
[459/1053] Building C object esp-idf/soc/CMakeFiles/__idf_soc.dir/esp32s3/interrupts.c.obj
[250/1053] Building C object esp-idf/lwip/CMakeFiles/__idf_lwip.dir/lwip/src/core/ipv4/icmp.c.obj
[251/1053] Building C object esp-idf/lwip/CMakeFiles/__idf_lwip.dir/lwip/src/api/api_msg.c.obj
[460/1053] Linking C static library esp-idf/nvs_flash/libnvs_flash.a
[461/1053] Building C object esp-idf/soc/CMakeFiles/__idf_soc.dir/esp32s3/uart_periph.c.obj
[462/1053] Building C object esp-idf/esp_hw_support/CMakeFiles/__idf_esp_hw_support.dir/port/esp32s3/sar_periph_ctrl.c.obj
[463/1053] Building C object esp-idf/soc/CMakeFiles/__idf_soc.dir/esp32s3/gpio_periph.c.obj
[252/1053] Building C object esp-idf/lwip/CMakeFiles/__idf_lwip.dir/lwip/src/core/timeouts.c.obj
[464/1053] Building C object esp-idf/esp_hw_support/CMakeFiles/__idf_esp_hw_support.dir/mspi_timing_tuning/port/esp32s3/mspi_timing_by_mspi_delay.c.obj
[423/1051] Building C object esp-idf/esp_hw_support/CMakeFiles/__idf_esp_hw_support.dir/hw_random.c.obj
[465/1053] Building C object esp-idf/soc/CMakeFiles/__idf_soc.dir/esp32s3/adc_periph.c.obj
[466/1053] Building C object esp-idf/soc/CMakeFiles/__idf_soc.dir/esp32s3/dedic_gpio_periph.c.obj
[253/1053] Building C object esp-idf/lwip/CMakeFiles/__idf_lwip.dir/lwip/src/core/ipv4/igmp.c.obj
[467/1053] Building C object esp-idf/soc/CMakeFiles/__idf_soc.dir/esp32s3/gdma_periph.c.obj
[468/1053] Building C object esp-idf/esp_hw_support/CMakeFiles/__idf_esp_hw_support.dir/port/esp32s3/rtc_init.c.obj
[469/1053] Building C object esp-idf/esp_hw_support/CMakeFiles/__idf_esp_hw_support.dir/lowpower/port/esp32s3/sleep_cpu.c.obj
[424/1051] Building C object esp-idf/esp_hw_support/CMakeFiles/__idf_esp_hw_support.dir/port/esp_clk_tree_common.c.obj
[470/1053] Linking C static library esp-idf/esp_event/libesp_event.a
[425/1051] Building C object esp-idf/esp_hw_support/CMakeFiles/__idf_esp_hw_support.dir/sar_tsens_ctrl.c.obj
[471/1053] Building C object esp-idf/soc/CMakeFiles/__idf_soc.dir/esp32s3/ledc_periph.c.obj
[472/1053] Building C object esp-idf/freertos/CMakeFiles/__idf_freertos.dir/FreeRTOS-Kernel/tasks.c.obj
[473/1053] Building C object esp-idf/soc/CMakeFiles/__idf_soc.dir/esp32s3/pcnt_periph.c.obj
[426/1051] Building C object esp-idf/esp_hw_support/CMakeFiles/__idf_esp_hw_support.dir/clk_utils.c.obj
[474/1053] Building C object esp-idf/esp_hw_support/CMakeFiles/__idf_esp_hw_support.dir/port/esp32s3/rtc_time.c.obj
[475/1053] Building C object esp-idf/soc/CMakeFiles/__idf_soc.dir/esp32s3/timer_periph.c.obj
[254/1053] Building C object esp-idf/lwip/CMakeFiles/__idf_lwip.dir/lwip/src/core/ipv6/icmp6.c.obj
[476/1053] Building C object esp-idf/soc/CMakeFiles/__idf_soc.dir/esp32s3/rmt_periph.c.obj
[255/1053] Building C object esp-idf/lwip/CMakeFiles/__idf_lwip.dir/lwip/src/core/ipv6/inet6.c.obj
[427/1051] Building CXX object esp-idf/nvs_flash/CMakeFiles/__idf_nvs_flash.dir/src/nvs_handle_locked.cpp.obj
[477/1053] Building C object esp-idf/soc/CMakeFiles/__idf_soc.dir/esp32s3/spi_periph.c.obj
[478/1053] Building C object esp-idf/esp_hw_support/CMakeFiles/__idf_esp_hw_support.dir/esp_clock_output.c.obj
[256/1053] Building C object esp-idf/lwip/CMakeFiles/__idf_lwip.dir/lwip/src/core/ipv6/dhcp6.c.obj
[479/1053] Building C object esp-idf/soc/CMakeFiles/__idf_soc.dir/esp32s3/sdm_periph.c.obj
[428/1051] Building C object esp-idf/esp_hw_support/CMakeFiles/__idf_esp_hw_support.dir/rtc_module.c.obj
[257/1053] Building C object esp-idf/lwip/CMakeFiles/__idf_lwip.dir/lwip/src/core/ipv6/ethip6.c.obj
[258/1053] Building C object esp-idf/lwip/CMakeFiles/__idf_lwip.dir/lwip/src/core/ipv4/ip4.c.obj
[480/1053] Building C object esp-idf/esp_hw_support/CMakeFiles/__idf_esp_hw_support.dir/dma/async_memcpy_gdma.c.obj
[481/1053] Building C object esp-idf/soc/CMakeFiles/__idf_soc.dir/esp32s3/i2s_periph.c.obj
[482/1053] Building C object esp-idf/soc/CMakeFiles/__idf_soc.dir/esp32s3/i2c_periph.c.obj
[483/1053] Linking C static library esp-idf/esp_driver_uart/libesp_driver_uart.a
[484/1053] Building C object esp-idf/soc/CMakeFiles/__idf_soc.dir/esp32s3/mcpwm_periph.c.obj
[259/1053] Building C object esp-idf/lwip/CMakeFiles/__idf_lwip.dir/lwip/src/core/ipv4/ip4_frag.c.obj
[485/1053] Building C object esp-idf/soc/CMakeFiles/__idf_soc.dir/esp32s3/sdmmc_periph.c.obj
[429/1051] Building C object esp-idf/esp_hw_support/CMakeFiles/__idf_esp_hw_support.dir/sleep_modem.c.obj
[260/1053] Building C object esp-idf/lwip/CMakeFiles/__idf_lwip.dir/lwip/src/core/ipv4/ip4_addr.c.obj
[486/1053] Building C object esp-idf/soc/CMakeFiles/__idf_soc.dir/esp32s3/touch_sensor_periph.c.obj
[487/1053] Building C object esp-idf/soc/CMakeFiles/__idf_soc.dir/esp32s3/temperature_sensor_periph.c.obj
[430/1051] Building C object esp-idf/esp_hw_support/CMakeFiles/__idf_esp_hw_support.dir/sleep_usb.c.obj
[261/1053] Building C object esp-idf/lwip/CMakeFiles/__idf_lwip.dir/lwip/src/core/udp.c.obj
[488/1053] Building C object esp-idf/soc/CMakeFiles/__idf_soc.dir/esp32s3/lcd_periph.c.obj
[431/1051] Building C object esp-idf/esp_hw_support/CMakeFiles/__idf_esp_hw_support.dir/dma/esp_dma_utils.c.obj
[489/1053] Building C object esp-idf/soc/CMakeFiles/__idf_soc.dir/esp32s3/mpi_periph.c.obj
[432/1051] Building C object esp-idf/esp_hw_support/CMakeFiles/__idf_esp_hw_support.dir/spi_bus_lock.c.obj
[490/1053] Building C object esp-idf/soc/CMakeFiles/__idf_soc.dir/esp32s3/twai_periph.c.obj
[433/1051] Building C object esp-idf/esp_hw_support/CMakeFiles/__idf_esp_hw_support.dir/periph_ctrl.c.obj
[434/1051] Building C object esp-idf/esp_hw_support/CMakeFiles/__idf_esp_hw_support.dir/port/esp32s3/io_mux.c.obj
[491/1053] Building C object esp-idf/soc/CMakeFiles/__idf_soc.dir/esp32s3/wdt_periph.c.obj
[435/1051] Building C object esp-idf/freertos/CMakeFiles/__idf_freertos.dir/FreeRTOS-Kernel/stream_buffer.c.obj
[436/1051] Building C object esp-idf/esp_hw_support/CMakeFiles/__idf_esp_hw_support.dir/port/esp32s3/esp_clk_tree.c.obj
[492/1053] Building C object esp-idf/soc/CMakeFiles/__idf_soc.dir/esp32s3/usb_dwc_periph.c.obj
[493/1053] Building C object esp-idf/soc/CMakeFiles/__idf_soc.dir/esp32s3/rtc_io_periph.c.obj
[437/1051] Building C object esp-idf/esp_hw_support/CMakeFiles/__idf_esp_hw_support.dir/dma/gdma_link.c.obj
[494/1053] Building C object esp-idf/soc/CMakeFiles/__idf_soc.dir/esp32s3/cam_periph.c.obj
[495/1053] Building C object esp-idf/soc/CMakeFiles/__idf_soc.dir/esp32s3/power_supply_periph.c.obj
[262/1053] Building C object esp-idf/lwip/CMakeFiles/__idf_lwip.dir/lwip/src/core/ipv4/etharp.c.obj
[496/1053] Linking C static library esp-idf/esp_ringbuf/libesp_ringbuf.a
[438/1051] Building C object esp-idf/esp_hw_support/CMakeFiles/__idf_esp_hw_support.dir/spi_share_hw_ctrl.c.obj
[263/1053] Building C object esp-idf/esp_netif/CMakeFiles/__idf_esp_netif.dir/lwip/esp_netif_lwip.c.obj
[497/1053] Building C object esp-idf/heap/CMakeFiles/__idf_heap.dir/port/esp32s3/memory_layout.c.obj
[439/1051] Building CXX object esp-idf/nvs_flash/CMakeFiles/__idf_nvs_flash.dir/src/nvs_partition_manager.cpp.obj
[264/1053] Building C object esp-idf/lwip/CMakeFiles/__idf_lwip.dir/lwip/src/core/ipv6/ip6_addr.c.obj
[440/1051] Building C object esp-idf/esp_hw_support/CMakeFiles/__idf_esp_hw_support.dir/port/esp32s3/systimer.c.obj
[498/1053] Building C object esp-idf/log/CMakeFiles/__idf_log.dir/src/util.c.obj
[499/1053] Linking C static library esp-idf/esp_driver_gptimer/libesp_driver_gptimer.a
[265/1053] Building C object esp-idf/lwip/CMakeFiles/__idf_lwip.dir/lwip/src/netif/ethernet.c.obj
[441/1051] Building C object esp-idf/esp_hw_support/CMakeFiles/__idf_esp_hw_support.dir/sleep_console.c.obj
[442/1051] Building C object esp-idf/esp_hw_support/CMakeFiles/__idf_esp_hw_support.dir/dma/esp_async_memcpy.c.obj
[266/1053] Building C object esp-idf/lwip/CMakeFiles/__idf_lwip.dir/lwip/src/netif/bridgeif.c.obj
[500/1053] Building C object esp-idf/log/CMakeFiles/__idf_log.dir/src/log_timestamp_common.c.obj
[443/1051] Building CXX object esp-idf/nvs_flash/CMakeFiles/__idf_nvs_flash.dir/src/nvs_storage.cpp.obj
[267/1053] Building C object esp-idf/lwip/CMakeFiles/__idf_lwip.dir/lwip/src/netif/ppp/auth.c.obj
[501/1053] Building C object esp-idf/log/CMakeFiles/__idf_log.dir/src/os/log_lock.c.obj
[502/1053] Building C object esp-idf/log/CMakeFiles/__idf_log.dir/src/os/log_timestamp.c.obj
[444/1051] Building C object esp-idf/esp_hw_support/CMakeFiles/__idf_esp_hw_support.dir/adc_share_hw_ctrl.c.obj
[268/1053] Building C object esp-idf/lwip/CMakeFiles/__idf_lwip.dir/lwip/src/core/ipv6/ip6_frag.c.obj
[445/1051] Building C object esp-idf/esp_hw_support/CMakeFiles/__idf_esp_hw_support.dir/sleep_event.c.obj
[269/1053] Building C object esp-idf/lwip/CMakeFiles/__idf_lwip.dir/lwip/src/netif/ppp/chap-md5.c.obj
[503/1053] Building C object esp-idf/heap/CMakeFiles/__idf_heap.dir/port/memory_layout_utils.c.obj
[446/1051] Building C object esp-idf/esp_hw_support/CMakeFiles/__idf_esp_hw_support.dir/port/esp32s3/rtc_clk_init.c.obj
[504/1053] Linking C static library esp-idf/esp_timer/libesp_timer.a
[270/1053] Building C object esp-idf/lwip/CMakeFiles/__idf_lwip.dir/lwip/src/netif/bridgeif_fdb.c.obj
[447/1051] Building C object esp-idf/esp_hw_support/CMakeFiles/__idf_esp_hw_support.dir/intr_alloc.c.obj
[505/1053] Building C object esp-idf/log/CMakeFiles/__idf_log.dir/src/log_print.c.obj
[506/1053] Building C object esp-idf/log/CMakeFiles/__idf_log.dir/src/buffer/log_buffers.c.obj
[507/1053] Building C object esp-idf/log/CMakeFiles/__idf_log.dir/src/log_format_text.c.obj
[508/1053] Building C object esp-idf/log/CMakeFiles/__idf_log.dir/src/os/util.c.obj
[509/1053] Building C object esp-idf/heap/CMakeFiles/__idf_heap.dir/heap_caps_base.c.obj
[510/1053] Building C object esp-idf/esp_hw_support/CMakeFiles/__idf_esp_hw_support.dir/dma/gdma.c.obj
[271/1053] Building C object esp-idf/lwip/CMakeFiles/__idf_lwip.dir/lwip/src/netif/ppp/ccp.c.obj
[448/1051] Building C object esp-idf/esp_hw_support/CMakeFiles/__idf_esp_hw_support.dir/mspi_timing_tuning/mspi_timing_tuning.c.obj
[511/1053] Linking C static library esp-idf/cxx/libcxx.a
[512/1053] Building C object esp-idf/esp_hw_support/CMakeFiles/__idf_esp_hw_support.dir/sleep_modes.c.obj
[513/1053] Building C object esp-idf/heap/CMakeFiles/__idf_heap.dir/heap_caps_init.c.obj
[449/1051] Building C object esp-idf/esp_hw_support/CMakeFiles/__idf_esp_hw_support.dir/sleep_wake_stub.c.obj
[514/1053] Building C object esp-idf/log/CMakeFiles/__idf_log.dir/src/log.c.obj
[515/1053] Building C object esp-idf/log/CMakeFiles/__idf_log.dir/src/log_level/log_level.c.obj
[272/1053] Building C object esp-idf/lwip/CMakeFiles/__idf_lwip.dir/lwip/src/core/ipv6/ip6.c.obj
[516/1053] Building C object esp-idf/log/CMakeFiles/__idf_log.dir/src/os/log_write.c.obj
[450/1051] Building C object esp-idf/esp_hw_support/CMakeFiles/__idf_esp_hw_support.dir/port/esp32s3/chip_info.c.obj
[517/1053] Building C object esp-idf/log/CMakeFiles/__idf_log.dir/src/log_level/tag_log_level/cache/log_binary_heap.c.obj
[451/1051] Building C object esp-idf/esp_hw_support/CMakeFiles/__idf_esp_hw_support.dir/esp_clock_output.c.obj
[518/1053] Building C object esp-idf/log/CMakeFiles/__idf_log.dir/src/log_level/tag_log_level/tag_log_level.c.obj
[452/1051] Building C object esp-idf/esp_hw_support/CMakeFiles/__idf_esp_hw_support.dir/usb_phy/usb_phy.c.obj
[273/1053] Building C object esp-idf/lwip/CMakeFiles/__idf_lwip.dir/lwip/src/netif/slipif.c.obj
[274/1053] Building C object esp-idf/lwip/CMakeFiles/__idf_lwip.dir/lwip/src/netif/ppp/chap-new.c.obj
[453/1051] Linking C static library esp-idf/nvs_flash/libnvs_flash.a
[519/1053] Building C object esp-idf/hal/CMakeFiles/__idf_hal.dir/mpu_hal.c.obj
[520/1053] Building C object esp-idf/heap/CMakeFiles/__idf_heap.dir/multi_heap.c.obj
[521/1053] Building C object esp-idf/log/CMakeFiles/__idf_log.dir/src/log_level/tag_log_level/linked_list/log_linked_list.c.obj
[275/1053] Building C object esp-idf/lwip/CMakeFiles/__idf_lwip.dir/lwip/src/netif/ppp/demand.c.obj
[522/1053] Building C object esp-idf/hal/CMakeFiles/__idf_hal.dir/hal_utils.c.obj
[276/1053] Building C object esp-idf/lwip/CMakeFiles/__idf_lwip.dir/lwip/src/netif/ppp/chap_ms.c.obj
[523/1053] Linking C static library esp-idf/pthread/libpthread.a
[524/1053] Building C object esp-idf/hal/CMakeFiles/__idf_hal.dir/color_hal.c.obj
[454/1051] Building C object esp-idf/soc/CMakeFiles/__idf_soc.dir/lldesc.c.obj
[525/1053] Building C object esp-idf/hal/CMakeFiles/__idf_hal.dir/efuse_hal.c.obj
[277/1053] Building C object esp-idf/lwip/CMakeFiles/__idf_lwip.dir/lwip/src/core/ipv6/mld6.c.obj
[526/1053] Building C object esp-idf/hal/CMakeFiles/__idf_hal.dir/esp32s3/efuse_hal.c.obj
[455/1051] Building C object esp-idf/esp_hw_support/CMakeFiles/__idf_esp_hw_support.dir/port/esp32s3/sar_periph_ctrl.c.obj
[278/1053] Building C object esp-idf/lwip/CMakeFiles/__idf_lwip.dir/lwip/src/netif/ppp/fsm.c.obj
[456/1051] Building C object esp-idf/esp_hw_support/CMakeFiles/__idf_esp_hw_support.dir/power_supply/brownout.c.obj
[279/1053] Building C object esp-idf/lwip/CMakeFiles/__idf_lwip.dir/lwip/src/netif/ppp/eap.c.obj
[280/1053] Building C object esp-idf/lwip/CMakeFiles/__idf_lwip.dir/lwip/src/netif/ppp/eui64.c.obj
[281/1053] Building C object esp-idf/lwip/CMakeFiles/__idf_lwip.dir/lwip/src/netif/ppp/ipcp.c.obj
[457/1051] Building C object esp-idf/esp_hw_support/CMakeFiles/__idf_esp_hw_support.dir/sleep_gpio.c.obj
[458/1051] Building C object esp-idf/esp_hw_support/CMakeFiles/__idf_esp_hw_support.dir/port/esp32s3/rtc_sleep.c.obj
[459/1051] Linking C static library esp-idf/esp_event/libesp_event.a
[282/1053] Building C object esp-idf/lwip/CMakeFiles/__idf_lwip.dir/lwip/src/core/tcp.c.obj
[283/1053] Building C object esp-idf/lwip/CMakeFiles/__idf_lwip.dir/lwip/src/netif/ppp/ecp.c.obj
[460/1051] Building C object esp-idf/soc/CMakeFiles/__idf_soc.dir/dport_access_common.c.obj
[461/1051] Building C object esp-idf/esp_hw_support/CMakeFiles/__idf_esp_hw_support.dir/port/esp32s3/rtc_init.c.obj
[462/1051] Building C object esp-idf/esp_hw_support/CMakeFiles/__idf_esp_hw_support.dir/port/esp_memprot_conv.c.obj
[284/1053] Building C object esp-idf/lwip/CMakeFiles/__idf_lwip.dir/lwip/src/netif/ppp/ppp.c.obj
[463/1051] Building C object esp-idf/esp_hw_support/CMakeFiles/__idf_esp_hw_support.dir/mspi_timing_tuning/port/esp32s3/mspi_timing_config.c.obj
[527/1053] Building C object esp-idf/hal/CMakeFiles/__idf_hal.dir/spi_flash_hal.c.obj
[464/1051] Building C object esp-idf/soc/CMakeFiles/__idf_soc.dir/esp32s3/interrupts.c.obj
[528/1053] Linking C static library esp-idf/newlib/libnewlib.a
[465/1051] Building C object esp-idf/soc/CMakeFiles/__idf_soc.dir/esp32s3/uart_periph.c.obj
[529/1053] Building C object esp-idf/hal/CMakeFiles/__idf_hal.dir/ledc_hal.c.obj
[285/1053] Building C object esp-idf/lwip/CMakeFiles/__idf_lwip.dir/lwip/src/core/tcp_out.c.obj
[286/1053] Building C object esp-idf/lwip/CMakeFiles/__idf_lwip.dir/lwip/src/core/tcp_in.c.obj
[530/1053] Building C object esp-idf/hal/CMakeFiles/__idf_hal.dir/spi_flash_encrypt_hal_iram.c.obj
[466/1051] Building C object esp-idf/soc/CMakeFiles/__idf_soc.dir/esp32s3/dedic_gpio_periph.c.obj
[467/1051] Building C object esp-idf/esp_hw_support/CMakeFiles/__idf_esp_hw_support.dir/port/esp32s3/rtc_time.c.obj
[531/1053] Building C object esp-idf/heap/CMakeFiles/__idf_heap.dir/heap_caps.c.obj
[468/1051] Linking C static library esp-idf/esp_driver_uart/libesp_driver_uart.a
[469/1051] Building C object esp-idf/soc/CMakeFiles/__idf_soc.dir/esp32s3/gdma_periph.c.obj
[287/1053] Building C object esp-idf/lwip/CMakeFiles/__idf_lwip.dir/lwip/src/netif/ppp/magic.c.obj
[470/1051] Building C object esp-idf/soc/CMakeFiles/__idf_soc.dir/esp32s3/adc_periph.c.obj
[288/1053] Building C object esp-idf/lwip/CMakeFiles/__idf_lwip.dir/lwip/src/netif/ppp/ipv6cp.c.obj
[289/1053] Building C object esp-idf/lwip/CMakeFiles/__idf_lwip.dir/lwip/src/netif/ppp/pppoe.c.obj
[290/1053] Building C object esp-idf/lwip/CMakeFiles/__idf_lwip.dir/lwip/src/core/ipv4/dhcp.c.obj
[471/1051] Building C object esp-idf/soc/CMakeFiles/__idf_soc.dir/esp32s3/gpio_periph.c.obj
[532/1053] Building C object esp-idf/hal/CMakeFiles/__idf_hal.dir/systimer_hal.c.obj
[472/1051] Building C object esp-idf/soc/CMakeFiles/__idf_soc.dir/esp32s3/pcnt_periph.c.obj
[533/1053] Building C object esp-idf/hal/CMakeFiles/__idf_hal.dir/mmu_hal.c.obj
[473/1051] Linking C static library esp-idf/esp_ringbuf/libesp_ringbuf.a
[291/1053] Building C object esp-idf/lwip/CMakeFiles/__idf_lwip.dir/lwip/src/netif/ppp/lcp.c.obj
[534/1053] Building C object esp-idf/hal/CMakeFiles/__idf_hal.dir/uart_hal_iram.c.obj
[292/1053] Building C object esp-idf/lwip/CMakeFiles/__idf_lwip.dir/lwip/src/netif/ppp/multilink.c.obj
[535/1053] Building C object esp-idf/hal/CMakeFiles/__idf_hal.dir/timer_hal.c.obj
[474/1051] Building C object esp-idf/soc/CMakeFiles/__idf_soc.dir/esp32s3/rmt_periph.c.obj
[536/1053] Building C object esp-idf/hal/CMakeFiles/__idf_hal.dir/ledc_hal_iram.c.obj
[475/1051] Building C object esp-idf/soc/CMakeFiles/__idf_soc.dir/esp32s3/spi_periph.c.obj
[293/1053] Building C object esp-idf/lwip/CMakeFiles/__idf_lwip.dir/lwip/src/netif/ppp/pppos.c.obj
[476/1051] Building C object esp-idf/soc/CMakeFiles/__idf_soc.dir/esp32s3/ledc_periph.c.obj
[537/1053] Building C object esp-idf/hal/CMakeFiles/__idf_hal.dir/rtc_io_hal.c.obj
[294/1053] Building C object esp-idf/lwip/CMakeFiles/__idf_lwip.dir/lwip/src/netif/ppp/mppe.c.obj
[477/1051] Building C object esp-idf/soc/CMakeFiles/__idf_soc.dir/esp32s3/i2s_periph.c.obj
[295/1053] Building C object esp-idf/lwip/CMakeFiles/__idf_lwip.dir/lwip/src/netif/ppp/upap.c.obj
[538/1053] Building C object esp-idf/hal/CMakeFiles/__idf_hal.dir/pcnt_hal.c.obj
[478/1051] Building C object esp-idf/esp_hw_support/CMakeFiles/__idf_esp_hw_support.dir/dma/async_memcpy_gdma.c.obj
[296/1053] Building C object esp-idf/lwip/CMakeFiles/__idf_lwip.dir/lwip/src/netif/ppp/pppapi.c.obj
[479/1051] Building C object esp-idf/esp_hw_support/CMakeFiles/__idf_esp_hw_support.dir/port/esp32s3/rtc_clk.c.obj
[480/1051] Building C object esp-idf/soc/CMakeFiles/__idf_soc.dir/esp32s3/sdm_periph.c.obj
[481/1051] Linking C static library esp-idf/esp_driver_gptimer/libesp_driver_gptimer.a
[297/1053] Building C object esp-idf/lwip/CMakeFiles/__idf_lwip.dir/lwip/src/core/ipv6/nd6.c.obj
[539/1053] Building C object esp-idf/hal/CMakeFiles/__idf_hal.dir/rmt_hal.c.obj
[298/1053] Building C object esp-idf/lwip/CMakeFiles/__idf_lwip.dir/lwip/src/netif/ppp/pppcrypt.c.obj
[482/1051] Building C object esp-idf/soc/CMakeFiles/__idf_soc.dir/esp32s3/i2c_periph.c.obj
[540/1053] Building C object esp-idf/hal/CMakeFiles/__idf_hal.dir/uart_hal.c.obj
[483/1051] Building C object esp-idf/soc/CMakeFiles/__idf_soc.dir/esp32s3/temperature_sensor_periph.c.obj
-- Compiler supported targets: xtensa-esp-elf
[484/1051] Building C object esp-idf/soc/CMakeFiles/__idf_soc.dir/esp32s3/lcd_periph.c.obj
[541/1053] Linking C static library esp-idf/freertos/libfreertos.a
[542/1053] Building C object esp-idf/hal/CMakeFiles/__idf_hal.dir/gpio_hal.c.obj
[485/1051] Building C object esp-idf/soc/CMakeFiles/__idf_soc.dir/esp32s3/timer_periph.c.obj
[486/1051] Building C object esp-idf/soc/CMakeFiles/__idf_soc.dir/esp32s3/mcpwm_periph.c.obj
[543/1053] Building C object esp-idf/hal/CMakeFiles/__idf_hal.dir/gdma_hal_top.c.obj
[487/1051] Building C object esp-idf/soc/CMakeFiles/__idf_soc.dir/esp32s3/touch_sensor_periph.c.obj
[488/1051] Building C object esp-idf/soc/CMakeFiles/__idf_soc.dir/esp32s3/sdmmc_periph.c.obj
[544/1053] Building C object esp-idf/hal/CMakeFiles/__idf_hal.dir/cache_hal.c.obj
[489/1051] Building C object esp-idf/soc/CMakeFiles/__idf_soc.dir/esp32s3/twai_periph.c.obj
[490/1051] Building C object esp-idf/soc/CMakeFiles/__idf_soc.dir/esp32s3/usb_dwc_periph.c.obj
[545/1053] Building C object esp-idf/hal/CMakeFiles/__idf_hal.dir/esp32s3/clk_tree_hal.c.obj
[546/1053] Building C object esp-idf/hal/CMakeFiles/__idf_hal.dir/i2c_hal.c.obj
[491/1051] Building C object esp-idf/soc/CMakeFiles/__idf_soc.dir/esp32s3/mpi_periph.c.obj
[547/1053] Building C object esp-idf/hal/CMakeFiles/__idf_hal.dir/i2c_hal_iram.c.obj
[548/1053] Building C object esp-idf/hal/CMakeFiles/__idf_hal.dir/mcpwm_hal.c.obj
[492/1051] Building C object esp-idf/esp_hw_support/CMakeFiles/__idf_esp_hw_support.dir/mspi_timing_tuning/port/esp32s3/mspi_timing_by_mspi_delay.c.obj
[299/1053] Building C object esp-idf/lwip/CMakeFiles/__idf_lwip.dir/port/hooks/tcp_isn_default.c.obj
[493/1051] Linking C static library esp-idf/esp_timer/libesp_timer.a
[300/1053] Building C object esp-idf/lwip/CMakeFiles/__idf_lwip.dir/lwip/src/netif/ppp/pppol2tp.c.obj
-- Project sdkconfig file /home/tikhon/Документы/magnolia/applets/rust/rxxd/sdkconfig
[549/1053] Building C object esp-idf/hal/CMakeFiles/__idf_hal.dir/sdm_hal.c.obj
[301/1053] Building C object esp-idf/lwip/CMakeFiles/__idf_lwip.dir/port/esp32xx/vfs_lwip.c.obj
[494/1051] Building C object esp-idf/soc/CMakeFiles/__idf_soc.dir/esp32s3/cam_periph.c.obj
[302/1053] Building C object esp-idf/lwip/CMakeFiles/__idf_lwip.dir/lwip/src/netif/ppp/vj.c.obj
[495/1051] Building C object esp-idf/soc/CMakeFiles/__idf_soc.dir/esp32s3/wdt_periph.c.obj
[496/1051] Building C object esp-idf/soc/CMakeFiles/__idf_soc.dir/esp32s3/power_supply_periph.c.obj
[303/1053] Building C object esp-idf/lwip/CMakeFiles/__idf_lwip.dir/lwip/src/netif/ppp/polarssl/arc4.c.obj
[550/1053] Building C object esp-idf/hal/CMakeFiles/__idf_hal.dir/sdmmc_hal.c.obj
[304/1053] Building C object esp-idf/lwip/CMakeFiles/__idf_lwip.dir/lwip/src/netif/ppp/utils.c.obj
[551/1053] Building C object esp-idf/hal/CMakeFiles/__idf_hal.dir/uhci_hal.c.obj
[497/1051] Building C object esp-idf/soc/CMakeFiles/__idf_soc.dir/esp32s3/rtc_io_periph.c.obj
[305/1053] Building C object esp-idf/lwip/CMakeFiles/__idf_lwip.dir/port/hooks/lwip_default_hooks.c.obj
[498/1051] Building C object esp-idf/esp_hw_support/CMakeFiles/__idf_esp_hw_support.dir/port/esp32s3/esp_memprot.c.obj
[306/1053] Building C object esp-idf/lwip/CMakeFiles/__idf_lwip.dir/port/if_index.c.obj
[499/1051] Linking C static library esp-idf/cxx/libcxx.a
[307/1053] Building C object esp-idf/lwip/CMakeFiles/__idf_lwip.dir/lwip/src/netif/ppp/polarssl/md4.c.obj
[500/1051] Building C object esp-idf/esp_hw_support/CMakeFiles/__idf_esp_hw_support.dir/dma/gdma.c.obj
[308/1053] Building C object esp-idf/lwip/CMakeFiles/__idf_lwip.dir/port/freertos/sys_arch.c.obj
[501/1051] Building C object esp-idf/esp_hw_support/CMakeFiles/__idf_esp_hw_support.dir/lowpower/port/esp32s3/sleep_cpu.c.obj
[502/1051] Building C object esp-idf/log/CMakeFiles/__idf_log.dir/src/os/log_lock.c.obj
[552/1053] Building C object esp-idf/esp_hw_support/CMakeFiles/__idf_esp_hw_support.dir/port/esp32s3/esp_memprot.c.obj
[309/1053] Linking C static library esp-idf/esp_netif/libesp_netif.a
[503/1051] Building C object esp-idf/heap/CMakeFiles/__idf_heap.dir/port/esp32s3/memory_layout.c.obj
[310/1053] Building C object esp-idf/lwip/CMakeFiles/__idf_lwip.dir/lwip/src/netif/ppp/polarssl/des.c.obj
[504/1051] Building C object esp-idf/esp_hw_support/CMakeFiles/__idf_esp_hw_support.dir/sleep_modes.c.obj
[505/1051] Building C object esp-idf/log/CMakeFiles/__idf_log.dir/src/buffer/log_buffers.c.obj
[311/1053] Building C object esp-idf/lwip/CMakeFiles/__idf_lwip.dir/port/acd_dhcp_check.c.obj
[553/1053] Building C object esp-idf/hal/CMakeFiles/__idf_hal.dir/spi_flash_hal_iram.c.obj
[506/1051] Linking C static library esp-idf/pthread/libpthread.a
[312/1053] Building C object esp-idf/lwip/CMakeFiles/__idf_lwip.dir/port/debug/lwip_debug.c.obj
[507/1051] Building C object esp-idf/log/CMakeFiles/__idf_log.dir/src/os/util.c.obj
[508/1051] Building C object esp-idf/log/CMakeFiles/__idf_log.dir/src/util.c.obj
[509/1051] Building C object esp-idf/log/CMakeFiles/__idf_log.dir/src/log_format_text.c.obj
[510/1051] Building C object esp-idf/log/CMakeFiles/__idf_log.dir/src/log_timestamp_common.c.obj
[554/1053] Building C object esp-idf/hal/CMakeFiles/__idf_hal.dir/adc_oneshot_hal.c.obj
[555/1053] Building C object esp-idf/hal/CMakeFiles/__idf_hal.dir/lcd_hal.c.obj
[511/1051] Building C object esp-idf/heap/CMakeFiles/__idf_heap.dir/heap_caps_init.c.obj
[556/1053] Building C object esp-idf/hal/CMakeFiles/__idf_hal.dir/sha_hal.c.obj
[557/1053] Building C object esp-idf/hal/CMakeFiles/__idf_hal.dir/spi_slave_hal.c.obj
[558/1053] Building C object esp-idf/hal/CMakeFiles/__idf_hal.dir/brownout_hal.c.obj
[559/1053] Building C object esp-idf/hal/CMakeFiles/__idf_hal.dir/spi_hal.c.obj
[313/1053] Building C object esp-idf/lwip/CMakeFiles/__idf_lwip.dir/port/sockets_ext.c.obj
[560/1053] Building C object esp-idf/hal/CMakeFiles/__idf_hal.dir/aes_hal.c.obj
[314/1053] Building C object esp-idf/lwip/CMakeFiles/__idf_lwip.dir/lwip/src/netif/ppp/polarssl/sha1.c.obj
[512/1051] Building C object esp-idf/log/CMakeFiles/__idf_log.dir/src/log_level/log_level.c.obj
[513/1051] Building C object esp-idf/heap/CMakeFiles/__idf_heap.dir/port/memory_layout_utils.c.obj
[315/1053] Building C object esp-idf/esp_phy/CMakeFiles/__idf_esp_phy.dir/src/lib_printf.c.obj
[316/1053] Building C object esp-idf/lwip/CMakeFiles/__idf_lwip.dir/lwip/src/netif/ppp/polarssl/md5.c.obj
[514/1051] Building C object esp-idf/hal/CMakeFiles/__idf_hal.dir/hal_utils.c.obj
[515/1051] Building C object esp-idf/log/CMakeFiles/__idf_log.dir/src/log_print.c.obj
[516/1051] Building C object esp-idf/log/CMakeFiles/__idf_log.dir/src/log_level/tag_log_level/tag_log_level.c.obj
[517/1051] Linking C static library esp-idf/newlib/libnewlib.a
[561/1053] Building C object esp-idf/hal/CMakeFiles/__idf_hal.dir/gdma_hal_ahb_v1.c.obj
[317/1053] Building C object esp-idf/lwip/CMakeFiles/__idf_lwip.dir/apps/ping/esp_ping.c.obj
[518/1051] Building C object esp-idf/log/CMakeFiles/__idf_log.dir/src/log.c.obj
[318/1053] Building C object esp-idf/lwip/CMakeFiles/__idf_lwip.dir/apps/ping/ping.c.obj
[519/1051] Building C object esp-idf/log/CMakeFiles/__idf_log.dir/src/os/log_write.c.obj
[520/1051] Building C object esp-idf/log/CMakeFiles/__idf_log.dir/src/os/log_timestamp.c.obj
[521/1051] Building C object esp-idf/log/CMakeFiles/__idf_log.dir/src/log_level/tag_log_level/linked_list/log_linked_list.c.obj
[562/1053] Building C object esp-idf/hal/CMakeFiles/__idf_hal.dir/mpi_hal.c.obj
[319/1053] Building C object esp-idf/esp_phy/CMakeFiles/__idf_esp_phy.dir/esp32s3/phy_init_data.c.obj
[522/1051] Building C object esp-idf/hal/CMakeFiles/__idf_hal.dir/mpu_hal.c.obj
[320/1053] Building C object esp-idf/esp_driver_usb_serial_jtag/CMakeFiles/__idf_esp_driver_usb_serial_jtag.dir/src/usb_serial_jtag.c.obj
[563/1053] Linking C static library esp-idf/esp_hw_support/libesp_hw_support.a
[321/1053] Building C object esp-idf/vfs/CMakeFiles/__idf_vfs.dir/vfs_eventfd.c.obj
[523/1051] Building C object esp-idf/log/CMakeFiles/__idf_log.dir/src/log_level/tag_log_level/cache/log_binary_heap.c.obj
[322/1053] Building C object esp-idf/esp_vfs_console/CMakeFiles/__idf_esp_vfs_console.dir/vfs_console.c.obj
[323/1053] Building C object esp-idf/esp_phy/CMakeFiles/__idf_esp_phy.dir/src/phy_override.c.obj
[524/1051] Building C object esp-idf/hal/CMakeFiles/__idf_hal.dir/efuse_hal.c.obj
[525/1051] Building C object esp-idf/hal/CMakeFiles/__idf_hal.dir/color_hal.c.obj
[564/1053] Building C object esp-idf/hal/CMakeFiles/__idf_hal.dir/adc_hal_common.c.obj
[565/1053] Building C object esp-idf/hal/CMakeFiles/__idf_hal.dir/spi_slave_hal_iram.c.obj
[526/1051] Building C object esp-idf/heap/CMakeFiles/__idf_heap.dir/heap_caps_base.c.obj
[324/1053] Building C object esp-idf/esp_driver_usb_serial_jtag/CMakeFiles/__idf_esp_driver_usb_serial_jtag.dir/src/usb_serial_jtag_connection_monitor.c.obj
[566/1053] Building C object esp-idf/hal/CMakeFiles/__idf_hal.dir/usb_serial_jtag_hal.c.obj
[567/1053] Building C object esp-idf/hal/CMakeFiles/__idf_hal.dir/cam_hal.c.obj
[568/1053] Building C object esp-idf/hal/CMakeFiles/__idf_hal.dir/hmac_hal.c.obj
[527/1051] Building C object esp-idf/heap/CMakeFiles/__idf_heap.dir/multi_heap.c.obj
[528/1051] Building C object esp-idf/hal/CMakeFiles/__idf_hal.dir/spi_flash_hal.c.obj
[569/1053] Building C object esp-idf/hal/CMakeFiles/__idf_hal.dir/ds_hal.c.obj
[325/1053] Building C object esp-idf/vfs/CMakeFiles/__idf_vfs.dir/nullfs.c.obj
[529/1051] Building C object esp-idf/hal/CMakeFiles/__idf_hal.dir/spi_flash_encrypt_hal_iram.c.obj
[570/1053] Building C object esp-idf/hal/CMakeFiles/__idf_hal.dir/twai_hal_sja1000.c.obj
[530/1051] Building C object esp-idf/hal/CMakeFiles/__idf_hal.dir/esp32s3/efuse_hal.c.obj
[571/1053] Building C object esp-idf/hal/CMakeFiles/__idf_hal.dir/adc_hal.c.obj
[531/1051] Building C object esp-idf/hal/CMakeFiles/__idf_hal.dir/mmu_hal.c.obj
[572/1053] Linking C static library esp-idf/soc/libsoc.a
[532/1051] Building C object esp-idf/freertos/CMakeFiles/__idf_freertos.dir/FreeRTOS-Kernel/tasks.c.obj
[533/1051] Building C object esp-idf/hal/CMakeFiles/__idf_hal.dir/uart_hal.c.obj
[534/1051] Building C object esp-idf/hal/CMakeFiles/__idf_hal.dir/ledc_hal.c.obj
[535/1051] Building C object esp-idf/hal/CMakeFiles/__idf_hal.dir/rtc_io_hal.c.obj
[573/1053] Building C object esp-idf/hal/CMakeFiles/__idf_hal.dir/spi_hal_iram.c.obj
[574/1053] Building C object esp-idf/hal/CMakeFiles/__idf_hal.dir/i2s_hal.c.obj
[575/1053] Building C object esp-idf/hal/CMakeFiles/__idf_hal.dir/usb_wrap_hal.c.obj
[576/1053] Building C object esp-idf/esp_rom/CMakeFiles/__idf_esp_rom.dir/patches/esp_rom_crc.c.obj
[577/1053] Building C object esp-idf/hal/CMakeFiles/__idf_hal.dir/xt_wdt_hal.c.obj
[326/1053] Building C object esp-idf/esp_phy/CMakeFiles/__idf_esp_phy.dir/src/btbb_init.c.obj
[578/1053] Building C object esp-idf/hal/CMakeFiles/__idf_hal.dir/temperature_sensor_hal.c.obj
[536/1051] Building C object esp-idf/hal/CMakeFiles/__idf_hal.dir/uart_hal_iram.c.obj
[537/1051] Building C object esp-idf/hal/CMakeFiles/__idf_hal.dir/timer_hal.c.obj
[579/1053] Building C object esp-idf/hal/CMakeFiles/__idf_hal.dir/touch_sens_hal.c.obj
[327/1053] Building C object esp-idf/lwip/CMakeFiles/__idf_lwip.dir/apps/ping/ping_sock.c.obj
[538/1051] Building C object esp-idf/hal/CMakeFiles/__idf_hal.dir/i2c_hal_iram.c.obj
[328/1053] Building C object esp-idf/esp_driver_usb_serial_jtag/CMakeFiles/__idf_esp_driver_usb_serial_jtag.dir/src/usb_serial_jtag_vfs.c.obj
[580/1053] Building C object esp-idf/hal/CMakeFiles/__idf_hal.dir/spi_flash_hal_gpspi.c.obj
[539/1051] Building C object esp-idf/hal/CMakeFiles/__idf_hal.dir/ledc_hal_iram.c.obj
[581/1053] Building C object esp-idf/esp_rom/CMakeFiles/__idf_esp_rom.dir/patches/esp_rom_sys.c.obj
[582/1053] Building ASM object esp-idf/esp_rom/CMakeFiles/__idf_esp_rom.dir/patches/esp_rom_longjmp.S.obj
[540/1051] Building C object esp-idf/hal/CMakeFiles/__idf_hal.dir/pcnt_hal.c.obj
[583/1053] Building C object esp-idf/esp_rom/CMakeFiles/__idf_esp_rom.dir/patches/esp_rom_efuse.c.obj
-- App "rusthello" version: 96a69bd-dirty
[541/1051] Building C object esp-idf/hal/CMakeFiles/__idf_hal.dir/i2c_hal.c.obj
[584/1053] Building C object esp-idf/esp_rom/CMakeFiles/__idf_esp_rom.dir/patches/esp_rom_gpio.c.obj
[329/1053] Building C object esp-idf/esp_phy/CMakeFiles/__idf_esp_phy.dir/src/phy_common.c.obj
[542/1051] Building C object esp-idf/hal/CMakeFiles/__idf_hal.dir/systimer_hal.c.obj
[543/1051] Building C object esp-idf/hal/CMakeFiles/__idf_hal.dir/gpio_hal.c.obj
[544/1051] Building C object esp-idf/hal/CMakeFiles/__idf_hal.dir/rmt_hal.c.obj
[585/1053] Building C object esp-idf/esp_rom/CMakeFiles/__idf_esp_rom.dir/patches/esp_rom_serial_output.c.obj
[545/1051] Linking C static library esp-idf/freertos/libfreertos.a
[586/1053] Building ASM object esp-idf/esp_rom/CMakeFiles/__idf_esp_rom.dir/patches/esp_rom_cache_writeback_esp32s3.S.obj
[546/1051] Building C object esp-idf/hal/CMakeFiles/__idf_hal.dir/cache_hal.c.obj
[547/1051] Building C object esp-idf/hal/CMakeFiles/__idf_hal.dir/uhci_hal.c.obj
[587/1053] Building C object esp-idf/hal/CMakeFiles/__idf_hal.dir/esp32s3/rtc_cntl_hal.c.obj
[548/1051] Building C object esp-idf/hal/CMakeFiles/__idf_hal.dir/esp32s3/clk_tree_hal.c.obj
[588/1053] Building C object esp-idf/hal/CMakeFiles/__idf_hal.dir/esp32s3/touch_sensor_hal.c.obj
[549/1051] Building C object esp-idf/heap/CMakeFiles/__idf_heap.dir/heap_caps.c.obj
[589/1053] Building C object esp-idf/hal/CMakeFiles/__idf_hal.dir/spi_slave_hd_hal.c.obj
[330/1053] Building C object esp-idf/lwip/CMakeFiles/__idf_lwip.dir/apps/dhcpserver/dhcpserver.c.obj
[590/1053] Building C object esp-idf/esp_rom/CMakeFiles/__idf_esp_rom.dir/patches/esp_rom_print.c.obj
[591/1053] Building C object esp-idf/hal/CMakeFiles/__idf_hal.dir/touch_sensor_hal.c.obj
[592/1053] Building C object esp-idf/esp_rom/CMakeFiles/__idf_esp_rom.dir/patches/esp_rom_systimer.c.obj
[550/1051] Building C object esp-idf/hal/CMakeFiles/__idf_hal.dir/gdma_hal_top.c.obj
[593/1053] Building C object esp-idf/heap/CMakeFiles/__idf_heap.dir/tlsf/tlsf.c.obj
[594/1053] Building C object esp-idf/esp_rom/CMakeFiles/__idf_esp_rom.dir/patches/esp_rom_spiflash.c.obj
[595/1053] Building C object esp-idf/esp_rom/CMakeFiles/__idf_esp_rom.dir/patches/esp_rom_wdt.c.obj
[551/1051] Building C object esp-idf/hal/CMakeFiles/__idf_hal.dir/sdm_hal.c.obj
[596/1053] Building C object esp-idf/hal/CMakeFiles/__idf_hal.dir/usb_dwc_hal.c.obj
[597/1053] Building C object esp-idf/esp_system/CMakeFiles/__idf_esp_system.dir/esp_system_console.c.obj
[552/1051] Building C object esp-idf/hal/CMakeFiles/__idf_hal.dir/sdmmc_hal.c.obj
[598/1053] Building C object esp-idf/esp_system/CMakeFiles/__idf_esp_system.dir/esp_err.c.obj
[553/1051] Building C object esp-idf/hal/CMakeFiles/__idf_hal.dir/mcpwm_hal.c.obj
[331/1053] Building CXX object esp-idf/nvs_flash/CMakeFiles/__idf_nvs_flash.dir/src/nvs_platform.cpp.obj
[332/1053] Building C object esp-idf/esp_phy/CMakeFiles/__idf_esp_phy.dir/src/phy_init.c.obj
[599/1053] Building C object esp-idf/esp_rom/CMakeFiles/__idf_esp_rom.dir/patches/esp_rom_cache_esp32s2_esp32s3.c.obj
[600/1053] Building C object esp-idf/esp_system/CMakeFiles/__idf_esp_system.dir/ubsan.c.obj
[601/1053] Linking C static library esp-idf/heap/libheap.a
[554/1051] Building C object esp-idf/hal/CMakeFiles/__idf_hal.dir/sha_hal.c.obj
[555/1051] Building C object esp-idf/hal/CMakeFiles/__idf_hal.dir/spi_flash_hal_iram.c.obj
[556/1051] Building C object esp-idf/hal/CMakeFiles/__idf_hal.dir/lcd_hal.c.obj
[557/1051] Linking C static library esp-idf/esp_hw_support/libesp_hw_support.a
[602/1053] Building C object esp-idf/esp_system/CMakeFiles/__idf_esp_system.dir/crosscore_int.c.obj
[558/1051] Building C object esp-idf/hal/CMakeFiles/__idf_hal.dir/aes_hal.c.obj
[559/1051] Building C object esp-idf/hal/CMakeFiles/__idf_hal.dir/brownout_hal.c.obj
[603/1053] Building C object esp-idf/esp_system/CMakeFiles/__idf_esp_system.dir/stack_check.c.obj
[604/1053] Building C object esp-idf/esp_system/CMakeFiles/__idf_esp_system.dir/esp_ipc.c.obj
[560/1051] Building C object esp-idf/hal/CMakeFiles/__idf_hal.dir/adc_oneshot_hal.c.obj
[605/1053] Building C object esp-idf/esp_system/CMakeFiles/__idf_esp_system.dir/esp_system.c.obj
[561/1051] Building C object esp-idf/hal/CMakeFiles/__idf_hal.dir/spi_slave_hal.c.obj
[333/1053] Building C object esp-idf/vfs/CMakeFiles/__idf_vfs.dir/vfs_semihost.c.obj
[606/1053] Building C object esp-idf/esp_system/CMakeFiles/__idf_esp_system.dir/startup.c.obj
[562/1051] Building C object esp-idf/hal/CMakeFiles/__idf_hal.dir/spi_hal.c.obj
[607/1053] Building C object esp-idf/esp_system/CMakeFiles/__idf_esp_system.dir/freertos_hooks.c.obj
[608/1053] Linking C static library esp-idf/log/liblog.a
[563/1051] Building C object esp-idf/hal/CMakeFiles/__idf_hal.dir/gdma_hal_ahb_v1.c.obj
[564/1051] Building C object esp-idf/hal/CMakeFiles/__idf_hal.dir/mpi_hal.c.obj
[609/1053] Building C object esp-idf/esp_system/CMakeFiles/__idf_esp_system.dir/system_time.c.obj
[334/1053] Linking C static library esp-idf/lwip/liblwip.a
[610/1053] Building C object esp-idf/esp_system/CMakeFiles/__idf_esp_system.dir/port/arch/xtensa/esp_ipc_isr_port.c.obj
[565/1051] Linking C static library esp-idf/soc/libsoc.a
[566/1051] Building C object esp-idf/hal/CMakeFiles/__idf_hal.dir/hmac_hal.c.obj
[567/1051] Building C object esp-idf/hal/CMakeFiles/__idf_hal.dir/spi_slave_hal_iram.c.obj
[568/1051] Building C object esp-idf/hal/CMakeFiles/__idf_hal.dir/twai_hal_sja1000.c.obj
[611/1053] Building ASM object esp-idf/esp_system/CMakeFiles/__idf_esp_system.dir/port/arch/xtensa/esp_ipc_isr_routines.S.obj
[569/1051] Building C object esp-idf/hal/CMakeFiles/__idf_hal.dir/usb_serial_jtag_hal.c.obj
[612/1053] Building ASM object esp-idf/esp_system/CMakeFiles/__idf_esp_system.dir/port/arch/xtensa/esp_ipc_isr_handler.S.obj
[570/1051] Building C object esp-idf/heap/CMakeFiles/__idf_heap.dir/tlsf/tlsf.c.obj
[335/1053] Building C object esp-idf/nvs_flash/CMakeFiles/__idf_nvs_flash.dir/src/nvs_bootloader_aes.c.obj
[613/1053] Building C object esp-idf/esp_system/CMakeFiles/__idf_esp_system.dir/xt_wdt.c.obj
[571/1051] Building C object esp-idf/hal/CMakeFiles/__idf_hal.dir/adc_hal_common.c.obj
[614/1053] Building C object esp-idf/esp_system/CMakeFiles/__idf_esp_system.dir/int_wdt.c.obj
[615/1053] Building ASM object esp-idf/esp_system/CMakeFiles/__idf_esp_system.dir/port/arch/xtensa/panic_handler_asm.S.obj
[572/1051] Building C object esp-idf/hal/CMakeFiles/__idf_hal.dir/ds_hal.c.obj
[573/1051] Building C object esp-idf/hal/CMakeFiles/__idf_hal.dir/adc_hal.c.obj
[336/1053] Building C object esp-idf/nvs_flash/CMakeFiles/__idf_nvs_flash.dir/src/nvs_bootloader_xts_aes.c.obj
[616/1053] Building ASM object esp-idf/esp_system/CMakeFiles/__idf_esp_system.dir/port/arch/xtensa/expression_with_stack_asm.S.obj
[574/1051] Building C object esp-idf/hal/CMakeFiles/__idf_hal.dir/esp32s3/touch_sensor_hal.c.obj
[617/1053] Linking C static library esp-idf/hal/libhal.a
[618/1053] Building ASM object esp-idf/esp_system/CMakeFiles/__idf_esp_system.dir/port/arch/xtensa/debug_helpers_asm.S.obj
[575/1051] Building C object esp-idf/hal/CMakeFiles/__idf_hal.dir/cam_hal.c.obj
[576/1051] Linking C static library esp-idf/heap/libheap.a
[577/1051] Building C object esp-idf/esp_rom/CMakeFiles/__idf_esp_rom.dir/patches/esp_rom_crc.c.obj
[578/1051] Building C object esp-idf/hal/CMakeFiles/__idf_hal.dir/spi_slave_hd_hal.c.obj
[619/1053] Building C object esp-idf/esp_system/CMakeFiles/__idf_esp_system.dir/panic.c.obj
[620/1053] Building C object esp-idf/esp_system/CMakeFiles/__idf_esp_system.dir/port/cpu_start.c.obj
[621/1053] Building C object esp-idf/esp_system/CMakeFiles/__idf_esp_system.dir/port/esp_system_chip.c.obj
[579/1051] Building C object esp-idf/hal/CMakeFiles/__idf_hal.dir/i2s_hal.c.obj
[580/1051] Building C object esp-idf/hal/CMakeFiles/__idf_hal.dir/spi_hal_iram.c.obj
[622/1053] Building C object esp-idf/esp_system/CMakeFiles/__idf_esp_system.dir/port/esp_ipc_isr.c.obj
[581/1051] Building C object esp-idf/hal/CMakeFiles/__idf_hal.dir/xt_wdt_hal.c.obj
[582/1051] Building C object esp-idf/hal/CMakeFiles/__idf_hal.dir/usb_wrap_hal.c.obj
[583/1051] Building C object esp-idf/esp_rom/CMakeFiles/__idf_esp_rom.dir/patches/esp_rom_sys.c.obj
[623/1053] Building C object esp-idf/esp_system/CMakeFiles/__idf_esp_system.dir/port/panic_handler.c.obj
[584/1051] Building C object esp-idf/hal/CMakeFiles/__idf_hal.dir/touch_sens_hal.c.obj
[337/1053] Building CXX object esp-idf/nvs_flash/CMakeFiles/__idf_nvs_flash.dir/src/nvs_partition_lookup.cpp.obj
[624/1053] Building C object esp-idf/esp_system/CMakeFiles/__idf_esp_system.dir/port/image_process.c.obj
[625/1053] Linking C static library esp-idf/esp_rom/libesp_rom.a
[338/1053] Building C object esp-idf/esp_event/CMakeFiles/__idf_esp_event.dir/default_event_loop.c.obj
[585/1051] Building ASM object esp-idf/esp_rom/CMakeFiles/__idf_esp_rom.dir/patches/esp_rom_longjmp.S.obj
[626/1053] Building C object esp-idf/esp_system/CMakeFiles/__idf_esp_system.dir/startup_funcs.c.obj
[586/1051] Building C object esp-idf/hal/CMakeFiles/__idf_hal.dir/usb_dwc_hal.c.obj
[587/1051] Building C object esp-idf/hal/CMakeFiles/__idf_hal.dir/esp32s3/rtc_cntl_hal.c.obj
[588/1051] Building C object esp-idf/esp_rom/CMakeFiles/__idf_esp_rom.dir/patches/esp_rom_spiflash.c.obj
[589/1051] Linking C static library esp-idf/log/liblog.a
[627/1053] Building C object esp-idf/esp_system/CMakeFiles/__idf_esp_system.dir/port/arch/xtensa/expression_with_stack.c.obj
[590/1051] Building C object esp-idf/hal/CMakeFiles/__idf_hal.dir/temperature_sensor_hal.c.obj
[591/1051] Building C object esp-idf/esp_rom/CMakeFiles/__idf_esp_rom.dir/patches/esp_rom_systimer.c.obj
[628/1053] Building C object esp-idf/esp_system/CMakeFiles/__idf_esp_system.dir/port/arch/xtensa/debug_stubs.c.obj
[629/1053] Building ASM object esp-idf/esp_system/CMakeFiles/__idf_esp_system.dir/port/soc/esp32s3/highint_hdl.S.obj
[592/1051] Building C object esp-idf/esp_rom/CMakeFiles/__idf_esp_rom.dir/patches/esp_rom_efuse.c.obj
[630/1053] Building C object esp-idf/esp_system/CMakeFiles/__idf_esp_system.dir/port/arch/xtensa/trax.c.obj
[593/1051] Building ASM object esp-idf/esp_rom/CMakeFiles/__idf_esp_rom.dir/patches/esp_rom_cache_writeback_esp32s3.S.obj
[339/1053] Building C object esp-idf/nvs_flash/CMakeFiles/__idf_nvs_flash.dir/src/nvs_bootloader.c.obj
[631/1053] Building C object esp-idf/spi_flash/CMakeFiles/__idf_spi_flash.dir/flash_brownout_hook.c.obj
[594/1051] Building C object esp-idf/hal/CMakeFiles/__idf_hal.dir/spi_flash_hal_gpspi.c.obj
[632/1053] Building C object esp-idf/esp_system/CMakeFiles/__idf_esp_system.dir/task_wdt/task_wdt_impl_timergroup.c.obj
[595/1051] Building C object esp-idf/hal/CMakeFiles/__idf_hal.dir/touch_sensor_hal.c.obj
[596/1051] Building C object esp-idf/esp_rom/CMakeFiles/__idf_esp_rom.dir/patches/esp_rom_gpio.c.obj
[597/1051] Building C object esp-idf/esp_system/CMakeFiles/__idf_esp_system.dir/esp_system_console.c.obj
[598/1051] Building C object esp-idf/esp_rom/CMakeFiles/__idf_esp_rom.dir/patches/esp_rom_serial_output.c.obj
[633/1053] Building C object esp-idf/spi_flash/CMakeFiles/__idf_spi_flash.dir/esp32s3/spi_flash_oct_flash_init.c.obj
[634/1053] Building C object esp-idf/esp_system/CMakeFiles/__idf_esp_system.dir/port/arch/xtensa/panic_arch.c.obj
[599/1051] Building C object esp-idf/esp_rom/CMakeFiles/__idf_esp_rom.dir/patches/esp_rom_wdt.c.obj
[635/1053] Building C object esp-idf/esp_system/CMakeFiles/__idf_esp_system.dir/port/soc/esp32s3/reset_reason.c.obj
[600/1051] Building C object esp-idf/esp_system/CMakeFiles/__idf_esp_system.dir/esp_err.c.obj
[636/1053] Building C object esp-idf/esp_system/CMakeFiles/__idf_esp_system.dir/task_wdt/task_wdt.c.obj
[601/1051] Building C object esp-idf/esp_system/CMakeFiles/__idf_esp_system.dir/esp_ipc.c.obj
[637/1053] Building C object esp-idf/esp_system/CMakeFiles/__idf_esp_system.dir/port/arch/xtensa/debug_helpers.c.obj
[638/1053] Building C object esp-idf/spi_flash/CMakeFiles/__idf_spi_flash.dir/spi_flash_chip_drivers.c.obj
[639/1053] Building C object esp-idf/spi_flash/CMakeFiles/__idf_spi_flash.dir/spi_flash_chip_issi.c.obj
[602/1051] Building C object esp-idf/esp_rom/CMakeFiles/__idf_esp_rom.dir/patches/esp_rom_cache_esp32s2_esp32s3.c.obj
[603/1051] Building C object esp-idf/esp_system/CMakeFiles/__idf_esp_system.dir/stack_check.c.obj
[604/1051] Building C object esp-idf/esp_rom/CMakeFiles/__idf_esp_rom.dir/patches/esp_rom_print.c.obj
[340/1053] Building C object esp-idf/esp_event/CMakeFiles/__idf_esp_event.dir/esp_event_private.c.obj
[640/1053] Building C object esp-idf/spi_flash/CMakeFiles/__idf_spi_flash.dir/spi_flash_chip_mxic.c.obj
[641/1053] Building C object esp-idf/esp_common/CMakeFiles/__idf_esp_common.dir/src/esp_err_to_name.c.obj
[605/1051] Building C object esp-idf/esp_system/CMakeFiles/__idf_esp_system.dir/ubsan.c.obj
[606/1051] Building C object esp-idf/esp_system/CMakeFiles/__idf_esp_system.dir/freertos_hooks.c.obj
[642/1053] Building C object esp-idf/esp_system/CMakeFiles/__idf_esp_system.dir/port/soc/esp32s3/apb_backup_dma.c.obj
[643/1053] Building C object esp-idf/spi_flash/CMakeFiles/__idf_spi_flash.dir/spi_flash_chip_th.c.obj
[644/1053] Building C object esp-idf/spi_flash/CMakeFiles/__idf_spi_flash.dir/spi_flash_hpm_enable.c.obj
[645/1053] Building C object esp-idf/spi_flash/CMakeFiles/__idf_spi_flash.dir/spi_flash_chip_gd.c.obj
[646/1053] Building C object esp-idf/spi_flash/CMakeFiles/__idf_spi_flash.dir/spi_flash_chip_boya.c.obj
[647/1053] Linking C static library esp-idf/esp_common/libesp_common.a
[648/1053] Building C object esp-idf/esp_system/CMakeFiles/__idf_esp_system.dir/port/soc/esp32s3/system_internal.c.obj
[607/1051] Building C object esp-idf/esp_system/CMakeFiles/__idf_esp_system.dir/crosscore_int.c.obj
[608/1051] Building C object esp-idf/esp_system/CMakeFiles/__idf_esp_system.dir/startup.c.obj
[649/1053] Building C object esp-idf/esp_system/CMakeFiles/__idf_esp_system.dir/port/soc/esp32s3/cache_err_int.c.obj
[609/1051] Building C object esp-idf/esp_system/CMakeFiles/__idf_esp_system.dir/esp_system.c.obj
[341/1053] Building CXX object esp-idf/nvs_flash/CMakeFiles/__idf_nvs_flash.dir/src/nvs_partition.cpp.obj
[610/1051] Building C object esp-idf/esp_system/CMakeFiles/__idf_esp_system.dir/system_time.c.obj
[342/1053] Building C object esp-idf/esp_driver_uart/CMakeFiles/__idf_esp_driver_uart.dir/src/uart_wakeup.c.obj
[611/1051] Building C object esp-idf/esp_system/CMakeFiles/__idf_esp_system.dir/port/arch/xtensa/esp_ipc_isr_port.c.obj
[650/1053] Building C object esp-idf/esp_mm/CMakeFiles/__idf_esp_mm.dir/port/esp32s3/ext_mem_layout.c.obj
[612/1051] Building C object esp-idf/esp_system/CMakeFiles/__idf_esp_system.dir/port/panic_handler.c.obj
[613/1051] Building C object esp-idf/esp_system/CMakeFiles/__idf_esp_system.dir/port/image_process.c.obj
[614/1051] Building C object esp-idf/esp_system/CMakeFiles/__idf_esp_system.dir/port/esp_system_chip.c.obj
-- USING O3
[651/1053] Building C object esp-idf/spi_flash/CMakeFiles/__idf_spi_flash.dir/spi_flash_wrap.c.obj
[615/1051] Linking C static library esp-idf/hal/libhal.a
[616/1051] Building ASM object esp-idf/esp_system/CMakeFiles/__idf_esp_system.dir/port/arch/xtensa/esp_ipc_isr_routines.S.obj
[652/1053] Building C object esp-idf/esp_system/CMakeFiles/__idf_esp_system.dir/port/soc/esp32s3/clk.c.obj
[617/1051] Building ASM object esp-idf/esp_system/CMakeFiles/__idf_esp_system.dir/port/arch/xtensa/expression_with_stack_asm.S.obj
[653/1053] Building C object esp-idf/spi_flash/CMakeFiles/__idf_spi_flash.dir/spi_flash_chip_winbond.c.obj
[618/1051] Building ASM object esp-idf/esp_system/CMakeFiles/__idf_esp_system.dir/port/arch/xtensa/esp_ipc_isr_handler.S.obj
[619/1051] Building C object esp-idf/esp_system/CMakeFiles/__idf_esp_system.dir/xt_wdt.c.obj
[343/1053] Building C object esp-idf/vfs/CMakeFiles/__idf_vfs.dir/vfs.c.obj
[620/1051] Building C object esp-idf/esp_system/CMakeFiles/__idf_esp_system.dir/panic.c.obj
[621/1051] Building ASM object esp-idf/esp_system/CMakeFiles/__idf_esp_system.dir/port/arch/xtensa/panic_handler_asm.S.obj
-- Adding linker script /home/tikhon/Документы/magnolia/applets/rust/rusthello/build/esp-idf/esp_system/ld/memory.ld
-- Adding linker script /home/tikhon/Документы/magnolia/applets/rust/rusthello/build/esp-idf/esp_system/ld/sections.ld.in
[654/1053] Building C object esp-idf/spi_flash/CMakeFiles/__idf_spi_flash.dir/spi_flash_os_func_noos.c.obj
[622/1051] Linking C static library esp-idf/esp_rom/libesp_rom.a
[623/1051] Building C object esp-idf/esp_system/CMakeFiles/__idf_esp_system.dir/int_wdt.c.obj
[624/1051] Building ASM object esp-idf/esp_system/CMakeFiles/__idf_esp_system.dir/port/arch/xtensa/debug_helpers_asm.S.obj
-- Adding linker script /home/tikhon/Документы/magnolia/esp-idf/components/esp_rom/esp32s3/ld/esp32s3.rom.ld
-- Adding linker script /home/tikhon/Документы/magnolia/esp-idf/components/esp_rom/esp32s3/ld/esp32s3.rom.api.ld
-- Adding linker script /home/tikhon/Документы/magnolia/esp-idf/components/esp_rom/esp32s3/ld/esp32s3.rom.bt_funcs.ld
-- Adding linker script /home/tikhon/Документы/magnolia/esp-idf/components/esp_rom/esp32s3/ld/esp32s3.rom.libgcc.ld
-- Adding linker script /home/tikhon/Документы/magnolia/esp-idf/components/esp_rom/esp32s3/ld/esp32s3.rom.wdt.ld
-- Adding linker script /home/tikhon/Документы/magnolia/esp-idf/components/esp_rom/esp32s3/ld/esp32s3.rom.version.ld
-- Adding linker script /home/tikhon/Документы/magnolia/esp-idf/components/esp_rom/esp32s3/ld/esp32s3.rom.ble_master.ld
-- Adding linker script /home/tikhon/Документы/magnolia/esp-idf/components/esp_rom/esp32s3/ld/esp32s3.rom.ble_50.ld
-- Adding linker script /home/tikhon/Документы/magnolia/esp-idf/components/esp_rom/esp32s3/ld/esp32s3.rom.ble_smp.ld
[625/1051] Building C object esp-idf/esp_system/CMakeFiles/__idf_esp_system.dir/port/esp_ipc_isr.c.obj
-- Adding linker script /home/tikhon/Документы/magnolia/esp-idf/components/esp_rom/esp32s3/ld/esp32s3.rom.ble_dtm.ld
-- Adding linker script /home/tikhon/Документы/magnolia/esp-idf/components/esp_rom/esp32s3/ld/esp32s3.rom.ble_test.ld
-- Adding linker script /home/tikhon/Документы/magnolia/esp-idf/components/esp_rom/esp32s3/ld/esp32s3.rom.ble_scan.ld
-- Adding linker script /home/tikhon/Документы/magnolia/esp-idf/components/esp_rom/esp32s3/ld/esp32s3.rom.libc.ld
-- Adding linker script /home/tikhon/Документы/magnolia/esp-idf/components/esp_rom/esp32s3/ld/esp32s3.rom.newlib.ld
[655/1053] Building C object esp-idf/spi_flash/CMakeFiles/__idf_spi_flash.dir/flash_mmap.c.obj
[626/1051] Building C object esp-idf/esp_system/CMakeFiles/__idf_esp_system.dir/startup_funcs.c.obj
[627/1051] Building C object esp-idf/esp_system/CMakeFiles/__idf_esp_system.dir/port/arch/xtensa/debug_stubs.c.obj
[656/1053] Building C object esp-idf/esp_mm/CMakeFiles/__idf_esp_mm.dir/heap_align_hw.c.obj
[628/1051] Building C object esp-idf/spi_flash/CMakeFiles/__idf_spi_flash.dir/flash_brownout_hook.c.obj
[629/1051] Building ASM object esp-idf/esp_system/CMakeFiles/__idf_esp_system.dir/port/soc/esp32s3/highint_hdl.S.obj
[657/1053] Building C object esp-idf/spi_flash/CMakeFiles/__idf_spi_flash.dir/memspi_host_driver.c.obj
[630/1051] Building C object esp-idf/esp_system/CMakeFiles/__idf_esp_system.dir/port/arch/xtensa/expression_with_stack.c.obj
[344/1053] Linking C static library esp-idf/vfs/libvfs.a
[631/1051] Building C object esp-idf/esp_system/CMakeFiles/__idf_esp_system.dir/port/arch/xtensa/trax.c.obj
-- Adding linker script /home/tikhon/Документы/magnolia/esp-idf/components/soc/esp32s3/ld/esp32s3.peripherals.ld
[345/1053] Building C object esp-idf/esp_event/CMakeFiles/__idf_esp_event.dir/esp_event.c.obj
[632/1051] Building C object esp-idf/esp_system/CMakeFiles/__idf_esp_system.dir/task_wdt/task_wdt.c.obj
[658/1053] Building C object esp-idf/spi_flash/CMakeFiles/__idf_spi_flash.dir/spi_flash_chip_mxic_opi.c.obj
[659/1053] Building C object esp-idf/spi_flash/CMakeFiles/__idf_spi_flash.dir/cache_utils.c.obj
[346/1053] Linking C static library esp-idf/esp_vfs_console/libesp_vfs_console.a
[660/1053] Building C object esp-idf/esp_mm/CMakeFiles/__idf_esp_mm.dir/esp_cache_msync.c.obj
[661/1053] Linking C static library esp-idf/esp_system/libesp_system.a
[662/1053] Building C object esp-idf/bootloader_support/CMakeFiles/__idf_bootloader_support.dir/src/bootloader_clock_init.c.obj
[633/1051] Building C object esp-idf/esp_system/CMakeFiles/__idf_esp_system.dir/task_wdt/task_wdt_impl_timergroup.c.obj
[663/1053] Building C object esp-idf/esp_mm/CMakeFiles/__idf_esp_mm.dir/esp_cache_utils.c.obj
[634/1051] Building C object esp-idf/esp_system/CMakeFiles/__idf_esp_system.dir/port/arch/xtensa/panic_arch.c.obj
[664/1053] Building C object esp-idf/spi_flash/CMakeFiles/__idf_spi_flash.dir/flash_ops.c.obj
[665/1053] Building C object esp-idf/bootloader_support/CMakeFiles/__idf_bootloader_support.dir/src/bootloader_mem.c.obj
[635/1051] Building C object esp-idf/spi_flash/CMakeFiles/__idf_spi_flash.dir/spi_flash_chip_drivers.c.obj
[666/1053] Building C object esp-idf/bootloader_support/CMakeFiles/__idf_bootloader_support.dir/src/bootloader_common_loader.c.obj
[347/1053] Linking C static library esp-idf/esp_driver_usb_serial_jtag/libesp_driver_usb_serial_jtag.a
[636/1051] Building C object esp-idf/esp_system/CMakeFiles/__idf_esp_system.dir/port/soc/esp32s3/reset_reason.c.obj
[637/1051] Building C object esp-idf/spi_flash/CMakeFiles/__idf_spi_flash.dir/spi_flash_chip_mxic.c.obj
[667/1053] Building C object esp-idf/bootloader_support/CMakeFiles/__idf_bootloader_support.dir/src/bootloader_random.c.obj
[638/1051] Building C object esp-idf/esp_system/CMakeFiles/__idf_esp_system.dir/port/cpu_start.c.obj
[639/1051] Building C object esp-idf/spi_flash/CMakeFiles/__idf_spi_flash.dir/spi_flash_chip_issi.c.obj
[668/1053] Building C object esp-idf/bootloader_support/CMakeFiles/__idf_bootloader_support.dir/src/bootloader_efuse.c.obj
[640/1051] Building C object esp-idf/esp_system/CMakeFiles/__idf_esp_system.dir/port/soc/esp32s3/apb_backup_dma.c.obj
[641/1051] Building C object esp-idf/spi_flash/CMakeFiles/__idf_spi_flash.dir/spi_flash_chip_th.c.obj
[669/1053] Building C object esp-idf/spi_flash/CMakeFiles/__idf_spi_flash.dir/spi_flash_chip_generic.c.obj
[348/1053] Linking C static library esp-idf/esp_phy/libesp_phy.a
[642/1051] Building C object esp-idf/spi_flash/CMakeFiles/__idf_spi_flash.dir/esp32s3/spi_flash_oct_flash_init.c.obj
[670/1053] Building C object esp-idf/bootloader_support/CMakeFiles/__idf_bootloader_support.dir/src/bootloader_common.c.obj
[643/1051] Building C object esp-idf/spi_flash/CMakeFiles/__idf_spi_flash.dir/spi_flash_hpm_enable.c.obj
[644/1051] Building C object esp-idf/spi_flash/CMakeFiles/__idf_spi_flash.dir/spi_flash_chip_gd.c.obj
[349/1053] Building C object esp-idf/esp_ringbuf/CMakeFiles/__idf_esp_ringbuf.dir/ringbuf.c.obj
[671/1053] Building C object esp-idf/spi_flash/CMakeFiles/__idf_spi_flash.dir/spi_flash_os_func_app.c.obj
[645/1051] Building C object esp-idf/spi_flash/CMakeFiles/__idf_spi_flash.dir/spi_flash_chip_boya.c.obj
[672/1053] Building C object esp-idf/bootloader_support/CMakeFiles/__idf_bootloader_support.dir/bootloader_flash/src/flash_qio_mode.c.obj
[673/1053] Building C object esp-idf/bootloader_support/CMakeFiles/__idf_bootloader_support.dir/src/flash_partitions.c.obj
[646/1051] Building C object esp-idf/esp_system/CMakeFiles/__idf_esp_system.dir/port/soc/esp32s3/cache_err_int.c.obj
[674/1053] Building C object esp-idf/bootloader_support/CMakeFiles/__idf_bootloader_support.dir/src/secure_boot.c.obj
[675/1053] Building C object esp-idf/spi_flash/CMakeFiles/__idf_spi_flash.dir/esp_flash_spi_init.c.obj
[676/1053] Building C object esp-idf/bootloader_support/CMakeFiles/__idf_bootloader_support.dir/bootloader_flash/src/bootloader_flash.c.obj
[677/1053] Building C object esp-idf/esp_mm/CMakeFiles/__idf_esp_mm.dir/esp_mmu_map.c.obj
[647/1051] Building C object esp-idf/esp_system/CMakeFiles/__idf_esp_system.dir/port/arch/xtensa/debug_helpers.c.obj
[648/1051] Building C object esp-idf/esp_common/CMakeFiles/__idf_esp_common.dir/src/esp_err_to_name.c.obj
[678/1053] Building C object esp-idf/bootloader_support/CMakeFiles/__idf_bootloader_support.dir/src/esp32s3/secure_boot_secure_features.c.obj
[679/1053] Building C object esp-idf/mbedtls/mbedtls/library/CMakeFiles/mbedtls.dir/debug.c.obj
[680/1053] Building C object esp-idf/mbedtls/mbedtls/library/CMakeFiles/mbedtls.dir/mps_reader.c.obj
[649/1051] Building C object esp-idf/esp_mm/CMakeFiles/__idf_esp_mm.dir/port/esp32s3/ext_mem_layout.c.obj
[681/1053] Building C object esp-idf/bootloader_support/CMakeFiles/__idf_bootloader_support.dir/src/bootloader_sha.c.obj
[650/1051] Building C object esp-idf/spi_flash/CMakeFiles/__idf_spi_flash.dir/memspi_host_driver.c.obj
[682/1053] Building C object esp-idf/mbedtls/mbedtls/library/CMakeFiles/mbedtls.dir/mps_trace.c.obj
[651/1051] Building C object esp-idf/spi_flash/CMakeFiles/__idf_spi_flash.dir/spi_flash_chip_winbond.c.obj
[350/1053] Building CXX object esp-idf/nvs_flash/CMakeFiles/__idf_nvs_flash.dir/src/nvs_item_hash_list.cpp.obj
[652/1051] Linking C static library esp-idf/esp_common/libesp_common.a
[653/1051] Building C object esp-idf/esp_system/CMakeFiles/__idf_esp_system.dir/port/soc/esp32s3/clk.c.obj
[351/1053] Building C object esp-idf/esp_driver_uart/CMakeFiles/__idf_esp_driver_uart.dir/src/uhci.c.obj
[654/1051] Building C object esp-idf/spi_flash/CMakeFiles/__idf_spi_flash.dir/flash_ops.c.obj
[683/1053] Building C object esp-idf/mbedtls/mbedtls/library/CMakeFiles/mbedtls.dir/ssl_ciphersuites.c.obj
[655/1051] Building C object esp-idf/esp_system/CMakeFiles/__idf_esp_system.dir/port/soc/esp32s3/system_internal.c.obj
[684/1053] Building C object esp-idf/mbedtls/mbedtls/library/CMakeFiles/mbedtls.dir/ssl_cookie.c.obj
[656/1051] Building C object esp-idf/spi_flash/CMakeFiles/__idf_spi_flash.dir/spi_flash_os_func_noos.c.obj
[657/1051] Building C object esp-idf/esp_mm/CMakeFiles/__idf_esp_mm.dir/heap_align_hw.c.obj
[685/1053] Building C object esp-idf/bootloader_support/CMakeFiles/__idf_bootloader_support.dir/src/bootloader_random_esp32s3.c.obj
-- Compiler supported targets: xtensa-esp-elf
[686/1053] Building C object esp-idf/bootloader_support/CMakeFiles/__idf_bootloader_support.dir/src/flash_encrypt.c.obj
[658/1051] Building C object esp-idf/spi_flash/CMakeFiles/__idf_spi_flash.dir/flash_mmap.c.obj
[352/1053] Building C object esp-idf/esp_driver_gptimer/CMakeFiles/__idf_esp_driver_gptimer.dir/src/gptimer_common.c.obj
[687/1053] Building C object esp-idf/bootloader_support/CMakeFiles/__idf_bootloader_support.dir/bootloader_flash/src/bootloader_flash_config_esp32s3.c.obj
[659/1051] Building C object esp-idf/spi_flash/CMakeFiles/__idf_spi_flash.dir/spi_flash_wrap.c.obj
[660/1051] Building C object esp-idf/bootloader_support/CMakeFiles/__idf_bootloader_support.dir/src/bootloader_clock_init.c.obj
[688/1053] Building C object esp-idf/mbedtls/mbedtls/library/CMakeFiles/mbedtls.dir/ssl_tls13_server.c.obj
[689/1053] Building C object esp-idf/mbedtls/mbedtls/library/CMakeFiles/mbedtls.dir/ssl_tls13_client.c.obj
[690/1053] Building C object esp-idf/mbedtls/mbedtls/library/CMakeFiles/mbedtls.dir/ssl_tls13_keys.c.obj
[353/1053] Building C object esp-idf/esp_timer/CMakeFiles/__idf_esp_timer.dir/src/esp_timer_init.c.obj
[661/1051] Building C object esp-idf/spi_flash/CMakeFiles/__idf_spi_flash.dir/spi_flash_os_func_app.c.obj
[354/1053] Building CXX object esp-idf/nvs_flash/CMakeFiles/__idf_nvs_flash.dir/src/nvs_cxx_api.cpp.obj
[662/1051] Building C object esp-idf/spi_flash/CMakeFiles/__idf_spi_flash.dir/esp_flash_spi_init.c.obj
[691/1053] Building C object esp-idf/mbedtls/mbedtls/library/CMakeFiles/mbedtls.dir/ssl_cache.c.obj
[663/1051] Linking C static library esp-idf/esp_system/libesp_system.a
[692/1053] Building C object esp-idf/mbedtls/mbedtls/library/CMakeFiles/mbedtls.dir/ssl_client.c.obj
[664/1051] Building C object esp-idf/bootloader_support/CMakeFiles/__idf_bootloader_support.dir/src/bootloader_mem.c.obj
[355/1053] Building C object esp-idf/esp_timer/CMakeFiles/__idf_esp_timer.dir/src/system_time.c.obj
[693/1053] Building C object 'esp-idf/mbedtls/mbedtls/library/CMakeFiles/mbedtls.dir/home/tikhon/Документы/magnolia/esp-idf/components/mbedtls/port/esp_platform_time.c.obj'
[356/1053] Building C object esp-idf/esp_driver_gptimer/CMakeFiles/__idf_esp_driver_gptimer.dir/src/gptimer.c.obj
[694/1053] Building C object esp-idf/mbedtls/mbedtls/library/CMakeFiles/mbedtls.dir/ssl_debug_helpers_generated.c.obj
[665/1051] Building C object esp-idf/spi_flash/CMakeFiles/__idf_spi_flash.dir/cache_utils.c.obj
[666/1051] Building C object esp-idf/spi_flash/CMakeFiles/__idf_spi_flash.dir/spi_flash_chip_generic.c.obj
[695/1053] Building C object esp-idf/mbedtls/mbedtls/library/CMakeFiles/mbedtls.dir/ssl_tls13_generic.c.obj
[357/1053] Building C object esp-idf/esp_driver_uart/CMakeFiles/__idf_esp_driver_uart.dir/src/uart_vfs.c.obj
[358/1053] Building C object esp-idf/esp_timer/CMakeFiles/__idf_esp_timer.dir/src/esp_timer.c.obj
[667/1051] Building C object esp-idf/spi_flash/CMakeFiles/__idf_spi_flash.dir/spi_flash_chip_mxic_opi.c.obj
[668/1051] Building C object esp-idf/bootloader_support/CMakeFiles/__idf_bootloader_support.dir/src/bootloader_common_loader.c.obj
[669/1051] Building C object esp-idf/bootloader_support/CMakeFiles/__idf_bootloader_support.dir/src/bootloader_efuse.c.obj
[359/1053] Building C object esp-idf/esp_timer/CMakeFiles/__idf_esp_timer.dir/src/esp_timer_impl_common.c.obj
[360/1053] Building C object esp-idf/esp_timer/CMakeFiles/__idf_esp_timer.dir/src/ets_timer_legacy.c.obj
[670/1051] Building C object esp-idf/bootloader_support/CMakeFiles/__idf_bootloader_support.dir/src/bootloader_random.c.obj
[696/1053] Building C object esp-idf/mbedtls/mbedtls/library/CMakeFiles/mbedx509.dir/x509_create.c.obj
[671/1051] Building C object esp-idf/bootloader_support/CMakeFiles/__idf_bootloader_support.dir/src/flash_encrypt.c.obj
[672/1051] Building C object esp-idf/bootloader_support/CMakeFiles/__idf_bootloader_support.dir/src/secure_boot.c.obj
[673/1051] Building C object esp-idf/mbedtls/mbedtls/library/CMakeFiles/mbedtls.dir/mps_reader.c.obj
[697/1053] Building C object esp-idf/spi_flash/CMakeFiles/__idf_spi_flash.dir/esp_flash_api.c.obj
[698/1053] Building C object 'esp-idf/mbedtls/mbedtls/library/CMakeFiles/mbedtls.dir/home/tikhon/Документы/magnolia/esp-idf/components/mbedtls/port/mbedtls_debug.c.obj'
[699/1053] Building C object esp-idf/mbedtls/mbedtls/library/CMakeFiles/mbedx509.dir/x509write.c.obj
[674/1051] Building C object esp-idf/bootloader_support/CMakeFiles/__idf_bootloader_support.dir/src/flash_partitions.c.obj
[700/1053] Building C object esp-idf/mbedtls/mbedtls/library/CMakeFiles/mbedx509.dir/x509write_crt.c.obj
[675/1051] Building C object esp-idf/esp_mm/CMakeFiles/__idf_esp_mm.dir/esp_cache_utils.c.obj
[676/1051] Building C object esp-idf/mbedtls/mbedtls/library/CMakeFiles/mbedtls.dir/mps_trace.c.obj
[701/1053] Building C object esp-idf/mbedtls/mbedtls/library/CMakeFiles/mbedtls.dir/ssl_msg.c.obj
[677/1051] Building C object esp-idf/mbedtls/mbedtls/library/CMakeFiles/mbedtls.dir/debug.c.obj
[702/1053] Building C object esp-idf/bootloader_support/CMakeFiles/__idf_bootloader_support.dir/src/bootloader_utility.c.obj
[703/1053] Building C object esp-idf/mbedtls/mbedtls/library/CMakeFiles/mbedx509.dir/x509write_csr.c.obj
[678/1051] Building C object esp-idf/esp_mm/CMakeFiles/__idf_esp_mm.dir/esp_cache_msync.c.obj
[679/1051] Building C object esp-idf/bootloader_support/CMakeFiles/__idf_bootloader_support.dir/bootloader_flash/src/bootloader_flash_config_esp32s3.c.obj
[704/1053] Linking C static library esp-idf/spi_flash/libspi_flash.a
[680/1051] Building C object esp-idf/bootloader_support/CMakeFiles/__idf_bootloader_support.dir/src/bootloader_common.c.obj
[681/1051] Building C object esp-idf/mbedtls/mbedtls/library/CMakeFiles/mbedtls.dir/ssl_cookie.c.obj
[361/1053] Building CXX object esp-idf/nvs_flash/CMakeFiles/__idf_nvs_flash.dir/src/nvs_types.cpp.obj
[705/1053] Building C object esp-idf/bootloader_support/CMakeFiles/__idf_bootloader_support.dir/src/esp_image_format.c.obj
[682/1051] Building C object esp-idf/bootloader_support/CMakeFiles/__idf_bootloader_support.dir/src/bootloader_random_esp32s3.c.obj
[706/1053] Building C object esp-idf/mbedtls/mbedtls/library/CMakeFiles/mbedcrypto.dir/aesni.c.obj
[683/1051] Building C object esp-idf/bootloader_support/CMakeFiles/__idf_bootloader_support.dir/src/bootloader_sha.c.obj
[362/1053] Building C object esp-idf/pthread/CMakeFiles/__idf_pthread.dir/pthread_local_storage.c.obj
[684/1051] Building C object esp-idf/bootloader_support/CMakeFiles/__idf_bootloader_support.dir/bootloader_flash/src/flash_qio_mode.c.obj
[363/1053] Building CXX object esp-idf/cxx/CMakeFiles/__idf_cxx.dir/cxx_exception_stubs.cpp.obj
[707/1053] Building C object esp-idf/mbedtls/mbedtls/library/CMakeFiles/mbedtls.dir/ssl_ticket.c.obj
[708/1053] Building C object esp-idf/mbedtls/mbedtls/library/CMakeFiles/mbedx509.dir/x509_crl.c.obj
[685/1051] Building C object esp-idf/bootloader_support/CMakeFiles/__idf_bootloader_support.dir/src/esp32s3/secure_boot_secure_features.c.obj
[364/1053] Building CXX object esp-idf/cxx/CMakeFiles/__idf_cxx.dir/cxx_init.cpp.obj
[709/1053] Building C object esp-idf/mbedtls/mbedtls/library/CMakeFiles/mbedcrypto.dir/aesce.c.obj
[686/1051] Building C object esp-idf/mbedtls/mbedtls/library/CMakeFiles/mbedtls.dir/ssl_cache.c.obj
[710/1053] Linking C static library esp-idf/esp_mm/libesp_mm.a
[687/1051] Building C object esp-idf/mbedtls/mbedtls/library/CMakeFiles/mbedtls.dir/ssl_debug_helpers_generated.c.obj
[711/1053] Building C object esp-idf/mbedtls/mbedtls/library/CMakeFiles/mbedx509.dir/pkcs7.c.obj
[365/1053] Building C object esp-idf/pthread/CMakeFiles/__idf_pthread.dir/pthread.c.obj
[688/1051] Building C object esp-idf/mbedtls/mbedtls/library/CMakeFiles/mbedtls.dir/ssl_tls13_keys.c.obj
[712/1053] Building C object esp-idf/mbedtls/mbedtls/library/CMakeFiles/mbedcrypto.dir/asn1parse.c.obj
[713/1053] Building C object esp-idf/mbedtls/mbedtls/library/CMakeFiles/mbedcrypto.dir/bignum_mod.c.obj
[366/1053] Building C object esp-idf/newlib/CMakeFiles/__idf_newlib.dir/src/abort.c.obj
[714/1053] Building C object 'esp-idf/mbedtls/mbedtls/library/CMakeFiles/mbedtls.dir/home/tikhon/Документы/magnolia/esp-idf/components/mbedtls/port/net_sockets.c.obj'
[367/1053] Building C object esp-idf/esp_driver_uart/CMakeFiles/__idf_esp_driver_uart.dir/src/uart.c.obj
[689/1051] Building C object esp-idf/mbedtls/mbedtls/library/CMakeFiles/mbedtls.dir/ssl_tls13_client.c.obj
[690/1051] Building C object esp-idf/mbedtls/mbedtls/library/CMakeFiles/mbedtls.dir/ssl_client.c.obj
[691/1051] Building C object esp-idf/esp_mm/CMakeFiles/__idf_esp_mm.dir/esp_mmu_map.c.obj
[368/1053] Building C object esp-idf/pthread/CMakeFiles/__idf_pthread.dir/pthread_semaphore.c.obj
[692/1051] Building C object esp-idf/mbedtls/mbedtls/library/CMakeFiles/mbedtls.dir/ssl_tls13_server.c.obj
[369/1053] Building C object esp-idf/newlib/CMakeFiles/__idf_newlib.dir/src/init.c.obj
[715/1053] Linking C static library esp-idf/bootloader_support/libbootloader_support.a
[693/1051] Building C object esp-idf/mbedtls/mbedtls/library/CMakeFiles/mbedtls.dir/ssl_ciphersuites.c.obj
[716/1053] Building C object esp-idf/mbedtls/mbedtls/library/CMakeFiles/mbedcrypto.dir/bignum_mod_raw.c.obj
[694/1051] Building C object 'esp-idf/mbedtls/mbedtls/library/CMakeFiles/mbedtls.dir/home/tikhon/Документы/magnolia/esp-idf/components/mbedtls/port/esp_platform_time.c.obj'
[717/1053] Building C object esp-idf/mbedtls/mbedtls/library/CMakeFiles/mbedcrypto.dir/camellia.c.obj
[695/1051] Building C object esp-idf/spi_flash/CMakeFiles/__idf_spi_flash.dir/esp_flash_api.c.obj
[370/1053] Building C object esp-idf/esp_timer/CMakeFiles/__idf_esp_timer.dir/src/esp_timer_impl_systimer.c.obj
[696/1051] Building C object esp-idf/mbedtls/mbedtls/library/CMakeFiles/mbedtls.dir/ssl_tls13_generic.c.obj
[718/1053] Building C object esp-idf/mbedtls/mbedtls/library/CMakeFiles/mbedcrypto.dir/aria.c.obj
[371/1053] Building C object esp-idf/newlib/CMakeFiles/__idf_newlib.dir/src/assert.c.obj
[719/1053] Building C object esp-idf/mbedtls/mbedtls/library/CMakeFiles/mbedcrypto.dir/block_cipher.c.obj
[720/1053] Building C object esp-idf/mbedtls/mbedtls/library/CMakeFiles/mbedcrypto.dir/asn1write.c.obj
[697/1051] Building C object esp-idf/mbedtls/mbedtls/library/CMakeFiles/mbedx509.dir/x509_create.c.obj
[372/1053] Building C object esp-idf/pthread/CMakeFiles/__idf_pthread.dir/pthread_rwlock.c.obj
[721/1053] Building C object esp-idf/mbedtls/mbedtls/library/CMakeFiles/mbedcrypto.dir/aes.c.obj
-- App "xxd" version: 96a69bd-dirty
[722/1053] Building C object esp-idf/mbedtls/mbedtls/library/CMakeFiles/mbedx509.dir/x509_csr.c.obj
[723/1053] Building C object esp-idf/mbedtls/mbedtls/library/CMakeFiles/mbedcrypto.dir/chachapoly.c.obj
[373/1053] Building C object esp-idf/pthread/CMakeFiles/__idf_pthread.dir/pthread_cond_var.c.obj
[374/1053] Building C object esp-idf/newlib/CMakeFiles/__idf_newlib.dir/src/heap.c.obj
[698/1051] Building C object esp-idf/mbedtls/mbedtls/library/CMakeFiles/mbedx509.dir/x509write.c.obj
[375/1053] Building C object esp-idf/newlib/CMakeFiles/__idf_newlib.dir/src/poll.c.obj
[724/1053] Building C object esp-idf/mbedtls/mbedtls/library/CMakeFiles/mbedcrypto.dir/chacha20.c.obj
[699/1051] Building C object esp-idf/bootloader_support/CMakeFiles/__idf_bootloader_support.dir/src/esp_image_format.c.obj
[725/1053] Building C object esp-idf/mbedtls/mbedtls/library/CMakeFiles/mbedcrypto.dir/base64.c.obj
[700/1051] Building C object 'esp-idf/mbedtls/mbedtls/library/CMakeFiles/mbedtls.dir/home/tikhon/Документы/magnolia/esp-idf/components/mbedtls/port/mbedtls_debug.c.obj'
[376/1053] Building C object esp-idf/newlib/CMakeFiles/__idf_newlib.dir/src/pthread.c.obj
[701/1051] Linking C static library esp-idf/spi_flash/libspi_flash.a
[377/1053] Building C object esp-idf/newlib/CMakeFiles/__idf_newlib.dir/src/random.c.obj
[702/1051] Building C object esp-idf/bootloader_support/CMakeFiles/__idf_bootloader_support.dir/bootloader_flash/src/bootloader_flash.c.obj
[726/1053] Building C object esp-idf/mbedtls/mbedtls/library/CMakeFiles/mbedcrypto.dir/des.c.obj
[378/1053] Building C object esp-idf/newlib/CMakeFiles/__idf_newlib.dir/src/getentropy.c.obj
[379/1053] Building C object esp-idf/newlib/CMakeFiles/__idf_newlib.dir/src/termios.c.obj
[703/1051] Building C object esp-idf/mbedtls/mbedtls/library/CMakeFiles/mbedtls.dir/ssl_ticket.c.obj
[704/1051] Building C object esp-idf/mbedtls/mbedtls/library/CMakeFiles/mbedx509.dir/x509write_crt.c.obj
[380/1053] Building C object esp-idf/newlib/CMakeFiles/__idf_newlib.dir/src/locks.c.obj
[705/1051] Building C object 'esp-idf/mbedtls/mbedtls/library/CMakeFiles/mbedtls.dir/home/tikhon/Документы/magnolia/esp-idf/components/mbedtls/port/net_sockets.c.obj'
[706/1051] Linking C static library esp-idf/esp_mm/libesp_mm.a
[707/1051] Building C object esp-idf/mbedtls/mbedtls/library/CMakeFiles/mbedcrypto.dir/aesni.c.obj
[727/1053] Building C object esp-idf/mbedtls/mbedtls/library/CMakeFiles/mbedcrypto.dir/constant_time.c.obj
[708/1051] Building C object esp-idf/mbedtls/mbedtls/library/CMakeFiles/mbedx509.dir/x509write_csr.c.obj
[709/1051] Building C object esp-idf/bootloader_support/CMakeFiles/__idf_bootloader_support.dir/src/bootloader_utility.c.obj
[710/1051] Building C object esp-idf/mbedtls/mbedtls/library/CMakeFiles/mbedcrypto.dir/aesce.c.obj
[381/1053] Building C object esp-idf/newlib/CMakeFiles/__idf_newlib.dir/src/sysconf.c.obj
[728/1053] Building C object esp-idf/mbedtls/mbedtls/library/CMakeFiles/mbedcrypto.dir/ecjpake.c.obj
[711/1051] Building C object esp-idf/mbedtls/mbedtls/library/CMakeFiles/mbedtls.dir/ssl_msg.c.obj
[729/1053] Building C object esp-idf/mbedtls/mbedtls/library/CMakeFiles/mbedx509.dir/x509.c.obj
[382/1053] Building C object esp-idf/newlib/CMakeFiles/__idf_newlib.dir/src/realpath.c.obj
[383/1053] Building C object esp-idf/newlib/CMakeFiles/__idf_newlib.dir/src/scandir.c.obj
[730/1053] Building C object esp-idf/mbedtls/mbedtls/library/CMakeFiles/mbedtls.dir/ssl_tls12_server.c.obj
[384/1053] Building C object esp-idf/newlib/CMakeFiles/__idf_newlib.dir/src/reent_syscalls.c.obj
[731/1053] Building C object esp-idf/mbedtls/mbedtls/library/CMakeFiles/mbedtls.dir/ssl_tls12_client.c.obj
[712/1051] Building C object esp-idf/mbedtls/mbedtls/library/CMakeFiles/mbedcrypto.dir/bignum_mod_raw.c.obj
[732/1053] Building C object esp-idf/mbedtls/mbedtls/library/CMakeFiles/mbedcrypto.dir/cipher_wrap.c.obj
[713/1051] Building C object esp-idf/mbedtls/mbedtls/library/CMakeFiles/mbedcrypto.dir/asn1parse.c.obj
[385/1053] Building C object esp-idf/newlib/CMakeFiles/__idf_newlib.dir/src/syscalls.c.obj
[733/1053] Building C object esp-idf/mbedtls/mbedtls/library/CMakeFiles/mbedcrypto.dir/ecdh.c.obj
[714/1051] Building C object esp-idf/mbedtls/mbedtls/library/CMakeFiles/mbedx509.dir/x509_csr.c.obj
[386/1053] Building C object esp-idf/newlib/CMakeFiles/__idf_newlib.dir/src/flockfile.c.obj
[715/1051] Linking C static library esp-idf/bootloader_support/libbootloader_support.a
[387/1053] Building CXX object esp-idf/nvs_flash/CMakeFiles/__idf_nvs_flash.dir/src/nvs_handle_simple.cpp.obj
[716/1051] Building C object esp-idf/mbedtls/mbedtls/library/CMakeFiles/mbedx509.dir/x509_crl.c.obj
[734/1053] Building C object esp-idf/mbedtls/mbedtls/library/CMakeFiles/mbedcrypto.dir/ccm.c.obj
[717/1051] Building C object esp-idf/mbedtls/mbedtls/library/CMakeFiles/mbedcrypto.dir/block_cipher.c.obj
[388/1053] Building CXX object esp-idf/nvs_flash/CMakeFiles/__idf_nvs_flash.dir/src/nvs_encrypted_partition.cpp.obj
[718/1051] Building C object esp-idf/mbedtls/mbedtls/library/CMakeFiles/mbedx509.dir/pkcs7.c.obj
[389/1053] Building C object esp-idf/newlib/CMakeFiles/__idf_newlib.dir/src/port/esp_time_impl.c.obj
[735/1053] Building C object esp-idf/mbedtls/mbedtls/library/CMakeFiles/mbedcrypto.dir/ecp_curves_new.c.obj
[719/1051] Building C object esp-idf/mbedtls/mbedtls/library/CMakeFiles/mbedcrypto.dir/bignum_mod.c.obj
[736/1053] Building C object esp-idf/mbedtls/mbedtls/library/CMakeFiles/mbedcrypto.dir/ctr_drbg.c.obj
[737/1053] Building C object esp-idf/mbedtls/mbedtls/library/CMakeFiles/mbedcrypto.dir/entropy_poll.c.obj
[738/1053] Building C object esp-idf/mbedtls/mbedtls/library/CMakeFiles/mbedcrypto.dir/hkdf.c.obj
[390/1053] Building C object esp-idf/newlib/CMakeFiles/__idf_newlib.dir/src/reent_init.c.obj
[720/1051] Building C object esp-idf/mbedtls/mbedtls/library/CMakeFiles/mbedcrypto.dir/chacha20.c.obj
[739/1053] Building C object esp-idf/mbedtls/mbedtls/library/CMakeFiles/mbedcrypto.dir/bignum_core.c.obj
[391/1053] Building C object esp-idf/freertos/CMakeFiles/__idf_freertos.dir/heap_idf.c.obj
[740/1053] Building C object esp-idf/mbedtls/mbedtls/library/CMakeFiles/mbedcrypto.dir/dhm.c.obj
[392/1053] Building CXX object esp-idf/cxx/CMakeFiles/__idf_cxx.dir/cxx_guards.cpp.obj
[393/1053] Building C object esp-idf/newlib/CMakeFiles/__idf_newlib.dir/src/stdatomic.c.obj
[721/1051] Building C object esp-idf/mbedtls/mbedtls/library/CMakeFiles/mbedcrypto.dir/camellia.c.obj
[722/1051] Building C object esp-idf/mbedtls/mbedtls/library/CMakeFiles/mbedcrypto.dir/chachapoly.c.obj
[394/1053] Building C object esp-idf/newlib/CMakeFiles/__idf_newlib.dir/src/time.c.obj
[723/1051] Building C object esp-idf/mbedtls/mbedtls/library/CMakeFiles/mbedcrypto.dir/aes.c.obj
[741/1053] Building C object esp-idf/mbedtls/mbedtls/library/CMakeFiles/mbedcrypto.dir/cipher.c.obj
[395/1053] Building C object esp-idf/newlib/CMakeFiles/__idf_newlib.dir/src/newlib_init.c.obj
[742/1053] Building C object esp-idf/mbedtls/mbedtls/library/CMakeFiles/mbedcrypto.dir/ecdsa.c.obj
[743/1053] Building C object esp-idf/mbedtls/mbedtls/library/CMakeFiles/mbedcrypto.dir/cmac.c.obj
[724/1051] Building C object esp-idf/mbedtls/mbedtls/library/CMakeFiles/mbedcrypto.dir/asn1write.c.obj
[725/1051] Building C object esp-idf/mbedtls/mbedtls/library/CMakeFiles/mbedcrypto.dir/bignum_core.c.obj
[744/1053] Building C object esp-idf/mbedtls/mbedtls/library/CMakeFiles/mbedcrypto.dir/lmots.c.obj
[726/1051] Building C object esp-idf/mbedtls/mbedtls/library/CMakeFiles/mbedtls.dir/ssl_tls12_client.c.obj
[745/1053] Building C object esp-idf/mbedtls/mbedtls/library/CMakeFiles/mbedcrypto.dir/memory_buffer_alloc.c.obj
[727/1051] Building C object esp-idf/mbedtls/mbedtls/library/CMakeFiles/mbedcrypto.dir/base64.c.obj
[746/1053] Building C object esp-idf/mbedtls/mbedtls/library/CMakeFiles/mbedcrypto.dir/lms.c.obj
[728/1051] Building C object esp-idf/mbedtls/mbedtls/library/CMakeFiles/mbedcrypto.dir/constant_time.c.obj
[729/1051] Building C object esp-idf/mbedtls/mbedtls/library/CMakeFiles/mbedcrypto.dir/cipher_wrap.c.obj
[396/1053] Building ASM object esp-idf/freertos/CMakeFiles/__idf_freertos.dir/FreeRTOS-Kernel/portable/xtensa/portasm.S.obj
[747/1053] Building C object esp-idf/mbedtls/mbedtls/library/CMakeFiles/mbedcrypto.dir/entropy.c.obj
[397/1053] Building C object esp-idf/freertos/CMakeFiles/__idf_freertos.dir/port_common.c.obj
[748/1053] Building C object esp-idf/mbedtls/mbedtls/library/CMakeFiles/mbedcrypto.dir/nist_kw.c.obj
[398/1053] Building C object esp-idf/freertos/CMakeFiles/__idf_freertos.dir/app_startup.c.obj
[730/1051] Building C object esp-idf/mbedtls/mbedtls/library/CMakeFiles/mbedcrypto.dir/des.c.obj
[399/1053] Building CXX object esp-idf/nvs_flash/CMakeFiles/__idf_nvs_flash.dir/src/nvs_page.cpp.obj
[731/1051] Building C object esp-idf/mbedtls/mbedtls/library/CMakeFiles/mbedcrypto.dir/aria.c.obj
[749/1053] Building C object esp-idf/mbedtls/mbedtls/library/CMakeFiles/mbedcrypto.dir/md5.c.obj
[400/1053] Building C object esp-idf/freertos/CMakeFiles/__idf_freertos.dir/FreeRTOS-Kernel/list.c.obj
[750/1053] Building C object esp-idf/mbedtls/mbedtls/library/CMakeFiles/mbedcrypto.dir/padlock.c.obj
[732/1051] Building C object esp-idf/mbedtls/mbedtls/library/CMakeFiles/mbedx509.dir/x509.c.obj
[733/1051] Building C object esp-idf/mbedtls/mbedtls/library/CMakeFiles/mbedcrypto.dir/ecjpake.c.obj
[401/1053] Building CXX object esp-idf/nvs_flash/CMakeFiles/__idf_nvs_flash.dir/src/nvs_pagemanager.cpp.obj
[734/1051] Building C object esp-idf/mbedtls/mbedtls/library/CMakeFiles/mbedcrypto.dir/ecp_curves_new.c.obj
[402/1053] Building C object esp-idf/freertos/CMakeFiles/__idf_freertos.dir/FreeRTOS-Kernel/portable/xtensa/xtensa_init.c.obj
[751/1053] Building C object esp-idf/mbedtls/mbedtls/library/CMakeFiles/mbedcrypto.dir/hmac_drbg.c.obj
[403/1053] Building CXX object esp-idf/nvs_flash/CMakeFiles/__idf_nvs_flash.dir/src/nvs_handle_locked.cpp.obj
[404/1053] Building C object esp-idf/freertos/CMakeFiles/__idf_freertos.dir/port_systick.c.obj
[752/1053] Building C object esp-idf/mbedtls/mbedtls/library/CMakeFiles/mbedcrypto.dir/bignum.c.obj
[753/1053] Building C object esp-idf/mbedtls/mbedtls/library/CMakeFiles/mbedcrypto.dir/error.c.obj
[405/1053] Building C object esp-idf/freertos/CMakeFiles/__idf_freertos.dir/FreeRTOS-Kernel/stream_buffer.c.obj
[754/1053] Building C object esp-idf/mbedtls/mbedtls/library/CMakeFiles/mbedcrypto.dir/md.c.obj
[735/1051] Building C object esp-idf/mbedtls/mbedtls/library/CMakeFiles/mbedcrypto.dir/ecdsa.c.obj
[755/1053] Building C object esp-idf/mbedtls/mbedtls/library/CMakeFiles/mbedcrypto.dir/pk.c.obj
[736/1051] Building C object esp-idf/mbedtls/mbedtls/library/CMakeFiles/mbedcrypto.dir/ctr_drbg.c.obj
[756/1053] Building C object esp-idf/mbedtls/mbedtls/library/CMakeFiles/mbedcrypto.dir/pk_ecc.c.obj
[406/1053] Building C object esp-idf/freertos/CMakeFiles/__idf_freertos.dir/FreeRTOS-Kernel/queue.c.obj
[737/1051] Building C object esp-idf/mbedtls/mbedtls/library/CMakeFiles/mbedcrypto.dir/entropy_poll.c.obj
[738/1051] Building C object esp-idf/mbedtls/mbedtls/library/CMakeFiles/mbedcrypto.dir/hkdf.c.obj
[407/1053] Building C object esp-idf/freertos/CMakeFiles/__idf_freertos.dir/esp_additions/idf_additions.c.obj
[739/1051] Building C object esp-idf/mbedtls/mbedtls/library/CMakeFiles/mbedcrypto.dir/ecdh.c.obj
[408/1053] Building C object esp-idf/freertos/CMakeFiles/__idf_freertos.dir/FreeRTOS-Kernel/event_groups.c.obj
[409/1053] Building C object esp-idf/freertos/CMakeFiles/__idf_freertos.dir/FreeRTOS-Kernel/portable/xtensa/xtensa_overlay_os_hook.c.obj
[410/1053] Building C object esp-idf/esp_hw_support/CMakeFiles/__idf_esp_hw_support.dir/esp_memory_utils.c.obj
[740/1051] Building C object esp-idf/mbedtls/mbedtls/library/CMakeFiles/mbedtls.dir/ssl_tls12_server.c.obj
[411/1053] Building C object esp-idf/esp_hw_support/CMakeFiles/__idf_esp_hw_support.dir/port/esp32s3/cpu_region_protect.c.obj
[741/1051] Building C object esp-idf/mbedtls/mbedtls/library/CMakeFiles/mbedcrypto.dir/ccm.c.obj
[742/1051] Building C object esp-idf/mbedtls/mbedtls/library/CMakeFiles/mbedcrypto.dir/lmots.c.obj
[757/1053] Building C object esp-idf/mbedtls/mbedtls/library/CMakeFiles/mbedx509.dir/x509_crt.c.obj
[758/1053] Building C object esp-idf/mbedtls/mbedtls/library/CMakeFiles/mbedcrypto.dir/ecp_curves.c.obj
[743/1051] Building C object esp-idf/mbedtls/mbedtls/library/CMakeFiles/mbedcrypto.dir/cmac.c.obj
-- USING O3
[759/1053] Building C object esp-idf/mbedtls/mbedtls/library/CMakeFiles/mbedcrypto.dir/gcm.c.obj
[412/1053] Building C object esp-idf/freertos/CMakeFiles/__idf_freertos.dir/esp_additions/idf_additions_event_groups.c.obj
[744/1051] Building C object esp-idf/mbedtls/mbedtls/library/CMakeFiles/mbedcrypto.dir/memory_buffer_alloc.c.obj
[760/1053] Building C object esp-idf/mbedtls/mbedtls/library/CMakeFiles/mbedcrypto.dir/pkcs5.c.obj
[413/1053] Building C object esp-idf/esp_hw_support/CMakeFiles/__idf_esp_hw_support.dir/clk_ctrl_os.c.obj
[414/1053] Building C object esp-idf/esp_hw_support/CMakeFiles/__idf_esp_hw_support.dir/port/esp32s3/esp_cpu_intr.c.obj
[761/1053] Building C object esp-idf/mbedtls/mbedtls/library/CMakeFiles/mbedcrypto.dir/platform_util.c.obj
[762/1053] Building C object esp-idf/mbedtls/mbedtls/library/CMakeFiles/mbedcrypto.dir/poly1305.c.obj
[745/1051] Building C object esp-idf/mbedtls/mbedtls/library/CMakeFiles/mbedcrypto.dir/nist_kw.c.obj
[746/1051] Building C object esp-idf/mbedtls/mbedtls/library/CMakeFiles/mbedcrypto.dir/lms.c.obj
[763/1053] Building C object esp-idf/mbedtls/mbedtls/library/CMakeFiles/mbedcrypto.dir/platform.c.obj
[415/1053] Building C object esp-idf/esp_hw_support/CMakeFiles/__idf_esp_hw_support.dir/revision.c.obj
[764/1053] Building C object esp-idf/mbedtls/mbedtls/library/CMakeFiles/mbedcrypto.dir/pem.c.obj
-- Adding linker script /home/tikhon/Документы/magnolia/applets/rust/rxxd/build/esp-idf/esp_system/ld/memory.ld
-- Adding linker script /home/tikhon/Документы/magnolia/applets/rust/rxxd/build/esp-idf/esp_system/ld/sections.ld.in
[416/1053] Building C object esp-idf/esp_hw_support/CMakeFiles/__idf_esp_hw_support.dir/esp_gpio_reserve.c.obj
[747/1051] Building C object esp-idf/mbedtls/mbedtls/library/CMakeFiles/mbedcrypto.dir/dhm.c.obj
[748/1051] Building C object esp-idf/mbedtls/mbedtls/library/CMakeFiles/mbedcrypto.dir/md5.c.obj
[417/1053] Building C object esp-idf/esp_hw_support/CMakeFiles/__idf_esp_hw_support.dir/cpu.c.obj
[765/1053] Building C object esp-idf/mbedtls/mbedtls/library/CMakeFiles/mbedcrypto.dir/pkcs12.c.obj
[418/1053] Building C object esp-idf/esp_hw_support/CMakeFiles/__idf_esp_hw_support.dir/hw_random.c.obj
-- Adding linker script /home/tikhon/Документы/magnolia/esp-idf/components/esp_rom/esp32s3/ld/esp32s3.rom.ld
[419/1053] Building C object esp-idf/esp_hw_support/CMakeFiles/__idf_esp_hw_support.dir/regi2c_ctrl.c.obj
-- Adding linker script /home/tikhon/Документы/magnolia/esp-idf/components/esp_rom/esp32s3/ld/esp32s3.rom.api.ld
[749/1051] Building C object esp-idf/mbedtls/mbedtls/library/CMakeFiles/mbedcrypto.dir/padlock.c.obj
-- Adding linker script /home/tikhon/Документы/magnolia/esp-idf/components/esp_rom/esp32s3/ld/esp32s3.rom.bt_funcs.ld
[420/1053] Building C object esp-idf/freertos/CMakeFiles/__idf_freertos.dir/FreeRTOS-Kernel/timers.c.obj
[766/1053] Building C object esp-idf/mbedtls/mbedtls/library/CMakeFiles/mbedcrypto.dir/oid.c.obj
-- Adding linker script /home/tikhon/Документы/magnolia/esp-idf/components/esp_rom/esp32s3/ld/esp32s3.rom.libgcc.ld
-- Adding linker script /home/tikhon/Документы/magnolia/esp-idf/components/esp_rom/esp32s3/ld/esp32s3.rom.wdt.ld
-- Adding linker script /home/tikhon/Документы/magnolia/esp-idf/components/esp_rom/esp32s3/ld/esp32s3.rom.version.ld
-- Adding linker script /home/tikhon/Документы/magnolia/esp-idf/components/esp_rom/esp32s3/ld/esp32s3.rom.ble_master.ld
-- Adding linker script /home/tikhon/Документы/magnolia/esp-idf/components/esp_rom/esp32s3/ld/esp32s3.rom.ble_50.ld
-- Adding linker script /home/tikhon/Документы/magnolia/esp-idf/components/esp_rom/esp32s3/ld/esp32s3.rom.ble_smp.ld
-- Adding linker script /home/tikhon/Документы/magnolia/esp-idf/components/esp_rom/esp32s3/ld/esp32s3.rom.ble_dtm.ld
-- Adding linker script /home/tikhon/Документы/magnolia/esp-idf/components/esp_rom/esp32s3/ld/esp32s3.rom.ble_test.ld
-- Adding linker script /home/tikhon/Документы/magnolia/esp-idf/components/esp_rom/esp32s3/ld/esp32s3.rom.ble_scan.ld
-- Adding linker script /home/tikhon/Документы/magnolia/esp-idf/components/esp_rom/esp32s3/ld/esp32s3.rom.libc.ld
-- Adding linker script /home/tikhon/Документы/magnolia/esp-idf/components/esp_rom/esp32s3/ld/esp32s3.rom.newlib.ld
[421/1053] Building C object esp-idf/freertos/CMakeFiles/__idf_freertos.dir/FreeRTOS-Kernel/portable/xtensa/port.c.obj
[767/1053] Building C object esp-idf/mbedtls/mbedtls/library/CMakeFiles/mbedcrypto.dir/pkparse.c.obj
[422/1053] Building C object esp-idf/esp_hw_support/CMakeFiles/__idf_esp_hw_support.dir/sar_tsens_ctrl.c.obj
[750/1051] Building C object esp-idf/mbedtls/mbedtls/library/CMakeFiles/mbedcrypto.dir/entropy.c.obj
[751/1051] Building C object esp-idf/mbedtls/mbedtls/library/CMakeFiles/mbedcrypto.dir/oid.c.obj
[768/1053] Building C object esp-idf/mbedtls/mbedtls/library/CMakeFiles/mbedcrypto.dir/pk_wrap.c.obj
[752/1051] Building C object esp-idf/mbedtls/mbedtls/library/CMakeFiles/mbedcrypto.dir/error.c.obj
-- Adding linker script /home/tikhon/Документы/magnolia/esp-idf/components/soc/esp32s3/ld/esp32s3.peripherals.ld
[769/1053] Building C object esp-idf/mbedtls/mbedtls/library/CMakeFiles/mbedcrypto.dir/psa_crypto_hash.c.obj
[423/1053] Building C object esp-idf/esp_hw_support/CMakeFiles/__idf_esp_hw_support.dir/dma/esp_dma_utils.c.obj
[424/1053] Building C object esp-idf/esp_hw_support/CMakeFiles/__idf_esp_hw_support.dir/esp_clk.c.obj
[753/1051] Building C object esp-idf/mbedtls/mbedtls/library/CMakeFiles/mbedcrypto.dir/cipher.c.obj
[425/1053] Building C object esp-idf/esp_hw_support/CMakeFiles/__idf_esp_hw_support.dir/mac_addr.c.obj
[426/1053] Building C object esp-idf/esp_hw_support/CMakeFiles/__idf_esp_hw_support.dir/periph_ctrl.c.obj
[427/1053] Building C object esp-idf/esp_hw_support/CMakeFiles/__idf_esp_hw_support.dir/rtc_module.c.obj
[770/1053] Building C object esp-idf/mbedtls/mbedtls/library/CMakeFiles/mbedcrypto.dir/psa_crypto_aead.c.obj
[754/1051] Building C object esp-idf/mbedtls/mbedtls/library/CMakeFiles/mbedcrypto.dir/md.c.obj
[771/1053] Building C object esp-idf/mbedtls/mbedtls/library/CMakeFiles/mbedcrypto.dir/psa_crypto_driver_wrappers_no_static.c.obj
[428/1053] Building C object esp-idf/esp_hw_support/CMakeFiles/__idf_esp_hw_support.dir/port/esp32s3/esp_clk_tree.c.obj
[772/1053] Building C object esp-idf/mbedtls/mbedtls/library/CMakeFiles/mbedcrypto.dir/psa_crypto_pake.c.obj
[773/1053] Building C object esp-idf/mbedtls/mbedtls/library/CMakeFiles/mbedcrypto.dir/psa_crypto_client.c.obj
[755/1051] Building C object esp-idf/mbedtls/mbedtls/library/CMakeFiles/mbedcrypto.dir/pem.c.obj
[429/1053] Building CXX object esp-idf/nvs_flash/CMakeFiles/__idf_nvs_flash.dir/src/nvs_storage.cpp.obj
[774/1053] Building C object esp-idf/mbedtls/mbedtls/library/CMakeFiles/mbedcrypto.dir/psa_crypto_se.c.obj
[430/1053] Building C object esp-idf/esp_hw_support/CMakeFiles/__idf_esp_hw_support.dir/sleep_usb.c.obj
[756/1051] Building C object esp-idf/mbedtls/mbedtls/library/CMakeFiles/mbedcrypto.dir/gcm.c.obj
[757/1051] Building C object esp-idf/mbedtls/mbedtls/library/CMakeFiles/mbedcrypto.dir/hmac_drbg.c.obj
[775/1053] Building C object esp-idf/mbedtls/mbedtls/library/CMakeFiles/mbedcrypto.dir/psa_crypto_cipher.c.obj
[758/1051] Building C object esp-idf/mbedtls/mbedtls/library/CMakeFiles/mbedcrypto.dir/pk_ecc.c.obj
[776/1053] Building C object esp-idf/mbedtls/mbedtls/library/CMakeFiles/mbedcrypto.dir/ripemd160.c.obj
-- Components: app_trace app_update bootloader bootloader_support bt cmock console cxx driver efuse esp-tls esp_adc esp_app_format esp_bootloader_format esp_coex esp_common esp_driver_ana_cmpr esp_driver_bitscrambler esp_driver_cam esp_driver_dac esp_driver_gpio esp_driver_gptimer esp_driver_i2c esp_driver_i2s esp_driver_i3c esp_driver_isp esp_driver_jpeg esp_driver_ledc esp_driver_mcpwm esp_driver_parlio esp_driver_pcnt esp_driver_ppa esp_driver_rmt esp_driver_sd_intf esp_driver_sdio esp_driver_sdm esp_driver_sdmmc esp_driver_sdspi esp_driver_spi esp_driver_touch_sens esp_driver_tsens esp_driver_twai esp_driver_uart esp_driver_usb_serial_jtag esp_eth esp_event esp_gdbstub esp_hid esp_http_client esp_http_server esp_https_ota esp_https_server esp_hw_support esp_lcd esp_local_ctrl esp_mm esp_netif esp_netif_stack esp_partition esp_phy esp_pm esp_psram esp_ringbuf esp_rom esp_security esp_system esp_timer esp_vfs_console esp_wifi espcoredump esptool_py fatfs freertos hal heap http_parser idf_test ieee802154 json log lwip main mbedtls mqtt newlib nvs_flash nvs_sec_provider openthread partition_table perfmon protobuf-c protocomm pthread rt sdmmc soc spi_flash spiffs tcp_transport touch_element ulp unity usb vfs wear_levelling wifi_provisioning wpa_supplicant xtensa
-- Component paths: /home/tikhon/Документы/magnolia/esp-idf/components/app_trace /home/tikhon/Документы/magnolia/esp-idf/components/app_update /home/tikhon/Документы/magnolia/esp-idf/components/bootloader /home/tikhon/Документы/magnolia/esp-idf/components/bootloader_support /home/tikhon/Документы/magnolia/esp-idf/components/bt /home/tikhon/Документы/magnolia/esp-idf/components/cmock /home/tikhon/Документы/magnolia/esp-idf/components/console /home/tikhon/Документы/magnolia/esp-idf/components/cxx /home/tikhon/Документы/magnolia/esp-idf/components/driver /home/tikhon/Документы/magnolia/esp-idf/components/efuse /home/tikhon/Документы/magnolia/esp-idf/components/esp-tls /home/tikhon/Документы/magnolia/esp-idf/components/esp_adc /home/tikhon/Документы/magnolia/esp-idf/components/esp_app_format /home/tikhon/Документы/magnolia/esp-idf/components/esp_bootloader_format /home/tikhon/Документы/magnolia/esp-idf/components/esp_coex /home/tikhon/Документы/magnolia/esp-idf/components/esp_common /home/tikhon/Документы/magnolia/esp-idf/components/esp_driver_ana_cmpr /home/tikhon/Документы/magnolia/esp-idf/components/esp_driver_bitscrambler /home/tikhon/Документы/magnolia/esp-idf/components/esp_driver_cam /home/tikhon/Документы/magnolia/esp-idf/components/esp_driver_dac /home/tikhon/Документы/magnolia/esp-idf/components/esp_driver_gpio /home/tikhon/Документы/magnolia/esp-idf/components/esp_driver_gptimer /home/tikhon/Документы/magnolia/esp-idf/components/esp_driver_i2c /home/tikhon/Документы/magnolia/esp-idf/components/esp_driver_i2s /home/tikhon/Документы/magnolia/esp-idf/components/esp_driver_i3c /home/tikhon/Документы/magnolia/esp-idf/components/esp_driver_isp /home/tikhon/Документы/magnolia/esp-idf/components/esp_driver_jpeg /home/tikhon/Документы/magnolia/esp-idf/components/esp_driver_ledc /home/tikhon/Документы/magnolia/esp-idf/components/esp_driver_mcpwm /home/tikhon/Документы/magnolia/esp-idf/components/esp_driver_parlio /home/tikhon/Документы/magnolia/esp-idf/components/esp_driver_pcnt /home/tikhon/Документы/magnolia/esp-idf/components/esp_driver_ppa /home/tikhon/Документы/magnolia/esp-idf/components/esp_driver_rmt /home/tikhon/Документы/magnolia/esp-idf/components/esp_driver_sd_intf /home/tikhon/Документы/magnolia/esp-idf/components/esp_driver_sdio /home/tikhon/Документы/magnolia/esp-idf/components/esp_driver_sdm /home/tikhon/Документы/magnolia/esp-idf/components/esp_driver_sdmmc /home/tikhon/Документы/magnolia/esp-idf/components/esp_driver_sdspi /home/tikhon/Документы/magnolia/esp-idf/components/esp_driver_spi /home/tikhon/Документы/magnolia/esp-idf/components/esp_driver_touch_sens /home/tikhon/Документы/magnolia/esp-idf/components/esp_driver_tsens /home/tikhon/Документы/magnolia/esp-idf/components/esp_driver_twai /home/tikhon/Документы/magnolia/esp-idf/components/esp_driver_uart /home/tikhon/Документы/magnolia/esp-idf/components/esp_driver_usb_serial_jtag /home/tikhon/Документы/magnolia/esp-idf/components/esp_eth /home/tikhon/Документы/magnolia/esp-idf/components/esp_event /home/tikhon/Документы/magnolia/esp-idf/components/esp_gdbstub /home/tikhon/Документы/magnolia/esp-idf/components/esp_hid /home/tikhon/Документы/magnolia/esp-idf/components/esp_http_client /home/tikhon/Документы/magnolia/esp-idf/components/esp_http_server /home/tikhon/Документы/magnolia/esp-idf/components/esp_https_ota /home/tikhon/Документы/magnolia/esp-idf/components/esp_https_server /home/tikhon/Документы/magnolia/esp-idf/components/esp_hw_support /home/tikhon/Документы/magnolia/esp-idf/components/esp_lcd /home/tikhon/Документы/magnolia/esp-idf/components/esp_local_ctrl /home/tikhon/Документы/magnolia/esp-idf/components/esp_mm /home/tikhon/Документы/magnolia/esp-idf/components/esp_netif /home/tikhon/Документы/magnolia/esp-idf/components/esp_netif_stack /home/tikhon/Документы/magnolia/esp-idf/components/esp_partition /home/tikhon/Документы/magnolia/esp-idf/components/esp_phy /home/tikhon/Документы/magnolia/esp-idf/components/esp_pm /home/tikhon/Документы/magnolia/esp-idf/components/esp_psram /home/tikhon/Документы/magnolia/esp-idf/components/esp_ringbuf /home/tikhon/Документы/magnolia/esp-idf/components/esp_rom /home/tikhon/Документы/magnolia/esp-idf/components/esp_security /home/tikhon/Документы/magnolia/esp-idf/components/esp_system /home/tikhon/Документы/magnolia/esp-idf/components/esp_timer /home/tikhon/Документы/magnolia/esp-idf/components/esp_vfs_console /home/tikhon/Документы/magnolia/esp-idf/components/esp_wifi /home/tikhon/Документы/magnolia/esp-idf/components/espcoredump /home/tikhon/Документы/magnolia/esp-idf/components/esptool_py /home/tikhon/Документы/magnolia/esp-idf/components/fatfs /home/tikhon/Документы/magnolia/esp-idf/components/freertos /home/tikhon/Документы/magnolia/esp-idf/components/hal /home/tikhon/Документы/magnolia/esp-idf/components/heap /home/tikhon/Документы/magnolia/esp-idf/components/http_parser /home/tikhon/Документы/magnolia/esp-idf/components/idf_test /home/tikhon/Документы/magnolia/esp-idf/components/ieee802154 /home/tikhon/Документы/magnolia/esp-idf/components/json /home/tikhon/Документы/magnolia/esp-idf/components/log /home/tikhon/Документы/magnolia/esp-idf/components/lwip /home/tikhon/Документы/magnolia/applets/rust/rusthello/main /home/tikhon/Документы/magnolia/esp-idf/components/mbedtls /home/tikhon/Документы/magnolia/esp-idf/components/mqtt /home/tikhon/Документы/magnolia/esp-idf/components/newlib /home/tikhon/Документы/magnolia/esp-idf/components/nvs_flash /home/tikhon/Документы/magnolia/esp-idf/components/nvs_sec_provider /home/tikhon/Документы/magnolia/esp-idf/components/openthread /home/tikhon/Документы/magnolia/esp-idf/components/partition_table /home/tikhon/Документы/magnolia/esp-idf/components/perfmon /home/tikhon/Документы/magnolia/esp-idf/components/protobuf-c /home/tikhon/Документы/magnolia/esp-idf/components/protocomm /home/tikhon/Документы/magnolia/esp-idf/components/pthread /home/tikhon/Документы/magnolia/esp-idf/components/rt /home/tikhon/Документы/magnolia/esp-idf/components/sdmmc /home/tikhon/Документы/magnolia/esp-idf/components/soc /home/tikhon/Документы/magnolia/esp-idf/components/spi_flash /home/tikhon/Документы/magnolia/esp-idf/components/spiffs /home/tikhon/Документы/magnolia/esp-idf/components/tcp_transport /home/tikhon/Документы/magnolia/esp-idf/components/touch_element /home/tikhon/Документы/magnolia/esp-idf/components/ulp /home/tikhon/Документы/magnolia/esp-idf/components/unity /home/tikhon/Документы/magnolia/esp-idf/components/usb /home/tikhon/Документы/magnolia/esp-idf/components/vfs /home/tikhon/Документы/magnolia/esp-idf/components/wear_levelling /home/tikhon/Документы/magnolia/esp-idf/components/wifi_provisioning /home/tikhon/Документы/magnolia/esp-idf/components/wpa_supplicant /home/tikhon/Документы/magnolia/esp-idf/components/xtensa
[759/1051] Building C object esp-idf/mbedtls/mbedtls/library/CMakeFiles/mbedcrypto.dir/poly1305.c.obj
[777/1053] Building C object esp-idf/mbedtls/mbedtls/library/CMakeFiles/mbedcrypto.dir/pkwrite.c.obj
-- Configuring done (17.5s)
[778/1053] Building C object esp-idf/mbedtls/mbedtls/library/CMakeFiles/mbedcrypto.dir/psa_its_file.c.obj
[779/1053] Building C object esp-idf/mbedtls/mbedtls/library/CMakeFiles/mbedcrypto.dir/psa_crypto_ffdh.c.obj
[760/1051] Building C object esp-idf/mbedtls/mbedtls/library/CMakeFiles/mbedcrypto.dir/platform_util.c.obj
[780/1053] Building C object esp-idf/mbedtls/mbedtls/library/CMakeFiles/mbedcrypto.dir/psa_crypto_storage.c.obj
[431/1053] Building C object esp-idf/esp_hw_support/CMakeFiles/__idf_esp_hw_support.dir/port/esp_clk_tree_common.c.obj
[761/1051] Building C object esp-idf/mbedtls/mbedtls/library/CMakeFiles/mbedcrypto.dir/bignum.c.obj
[781/1053] Building C object esp-idf/mbedtls/mbedtls/library/CMakeFiles/mbedcrypto.dir/ecp.c.obj
[432/1053] Building C object esp-idf/esp_hw_support/CMakeFiles/__idf_esp_hw_support.dir/adc_share_hw_ctrl.c.obj
[433/1053] Building C object esp-idf/esp_hw_support/CMakeFiles/__idf_esp_hw_support.dir/clk_utils.c.obj
[434/1053] Building C object esp-idf/esp_hw_support/CMakeFiles/__idf_esp_hw_support.dir/sleep_event.c.obj
[435/1053] Building C object esp-idf/esp_hw_support/CMakeFiles/__idf_esp_hw_support.dir/dma/gdma_link.c.obj
[762/1051] Building C object esp-idf/mbedtls/mbedtls/library/CMakeFiles/mbedcrypto.dir/platform.c.obj
[436/1053] Building C object esp-idf/esp_hw_support/CMakeFiles/__idf_esp_hw_support.dir/port/esp32s3/io_mux.c.obj
[437/1053] Building CXX object esp-idf/nvs_flash/CMakeFiles/__idf_nvs_flash.dir/src/nvs_api.cpp.obj
[782/1053] Building C object esp-idf/mbedtls/mbedtls/library/CMakeFiles/mbedcrypto.dir/psa_crypto_ecp.c.obj
[763/1051] Building C object esp-idf/mbedtls/mbedtls/library/CMakeFiles/mbedcrypto.dir/pk_wrap.c.obj
[764/1051] Building C object esp-idf/mbedtls/mbedtls/library/CMakeFiles/mbedcrypto.dir/pkcs12.c.obj
[765/1051] Building C object esp-idf/mbedtls/mbedtls/library/CMakeFiles/mbedcrypto.dir/psa_crypto_client.c.obj
[783/1053] Building C object esp-idf/mbedtls/mbedtls/library/CMakeFiles/mbedcrypto.dir/threading.c.obj
[438/1053] Building C object esp-idf/esp_hw_support/CMakeFiles/__idf_esp_hw_support.dir/sleep_console.c.obj
[439/1053] Building C object esp-idf/esp_hw_support/CMakeFiles/__idf_esp_hw_support.dir/sleep_modem.c.obj
[784/1053] Building C object esp-idf/mbedtls/mbedtls/library/CMakeFiles/mbedcrypto.dir/sha512.c.obj
[766/1051] Building C object esp-idf/mbedtls/mbedtls/library/CMakeFiles/mbedx509.dir/x509_crt.c.obj
[440/1053] Building C object esp-idf/esp_hw_support/CMakeFiles/__idf_esp_hw_support.dir/spi_share_hw_ctrl.c.obj
[785/1053] Building C object esp-idf/mbedtls/mbedtls/library/CMakeFiles/mbedcrypto.dir/version_features.c.obj
[786/1053] Building C object esp-idf/mbedtls/mbedtls/library/CMakeFiles/mbedcrypto.dir/timing.c.obj
[441/1053] Building C object esp-idf/esp_hw_support/CMakeFiles/__idf_esp_hw_support.dir/port/esp32s3/systimer.c.obj
[442/1053] Building C object esp-idf/esp_hw_support/CMakeFiles/__idf_esp_hw_support.dir/spi_bus_lock.c.obj
[787/1053] Building C object esp-idf/mbedtls/mbedtls/library/CMakeFiles/mbedtls.dir/ssl_tls.c.obj
[767/1051] Building C object esp-idf/mbedtls/mbedtls/library/CMakeFiles/mbedcrypto.dir/pkcs5.c.obj
[788/1053] Building C object esp-idf/mbedtls/mbedtls/library/CMakeFiles/mbedcrypto.dir/version.c.obj
[789/1053] Building C object 'esp-idf/mbedtls/mbedtls/library/CMakeFiles/mbedcrypto.dir/home/tikhon/Документы/magnolia/esp-idf/components/mbedtls/port/aes/dma/esp_aes_gdma_impl.c.obj'
[443/1053] Building C object esp-idf/esp_hw_support/CMakeFiles/__idf_esp_hw_support.dir/intr_alloc.c.obj
[768/1051] Building C object esp-idf/mbedtls/mbedtls/library/CMakeFiles/mbedcrypto.dir/psa_crypto_pake.c.obj
[769/1051] Building C object esp-idf/mbedtls/mbedtls/library/CMakeFiles/mbedcrypto.dir/psa_crypto_se.c.obj
[790/1053] Building C object esp-idf/mbedtls/mbedtls/library/CMakeFiles/mbedcrypto.dir/psa_crypto_mac.c.obj
[791/1053] Building C object esp-idf/mbedtls/mbedtls/library/CMakeFiles/mbedcrypto.dir/sha1.c.obj
[792/1053] Building C object esp-idf/mbedtls/mbedtls/library/CMakeFiles/mbedcrypto.dir/sha256.c.obj
[444/1053] Building C object esp-idf/esp_hw_support/CMakeFiles/__idf_esp_hw_support.dir/dma/esp_async_memcpy.c.obj
[793/1053] Building C object esp-idf/mbedtls/mbedtls/library/CMakeFiles/mbedcrypto.dir/psa_crypto_rsa.c.obj
[794/1053] Building C object esp-idf/mbedtls/mbedtls/library/CMakeFiles/mbedcrypto.dir/rsa_alt_helpers.c.obj
[795/1053] Building C object 'esp-idf/mbedtls/mbedtls/library/CMakeFiles/mbedcrypto.dir/home/tikhon/Документы/magnolia/esp-idf/components/mbedtls/port/esp_mem.c.obj'
[445/1053] Building C object esp-idf/esp_hw_support/CMakeFiles/__idf_esp_hw_support.dir/port/esp32s3/rtc_clk_init.c.obj
[796/1053] Building C object 'esp-idf/mbedtls/mbedtls/library/CMakeFiles/mbedcrypto.dir/home/tikhon/Документы/magnolia/esp-idf/components/mbedtls/port/sha/core/esp_sha_gdma_impl.c.obj'
[797/1053] Building C object esp-idf/mbedtls/mbedtls/library/CMakeFiles/mbedcrypto.dir/psa_crypto_slot_management.c.obj
[770/1051] Building C object esp-idf/mbedtls/mbedtls/library/CMakeFiles/mbedcrypto.dir/psa_crypto_ffdh.c.obj
[798/1053] Building C object esp-idf/mbedtls/mbedtls/library/CMakeFiles/mbedcrypto.dir/psa_util.c.obj
[446/1053] Building C object esp-idf/esp_hw_support/CMakeFiles/__idf_esp_hw_support.dir/sleep_wake_stub.c.obj
[799/1053] Building C object 'esp-idf/mbedtls/mbedtls/library/CMakeFiles/mbedcrypto.dir/home/tikhon/Документы/magnolia/esp-idf/components/mbedtls/port/esp_timing.c.obj'
[771/1051] Building C object esp-idf/mbedtls/mbedtls/library/CMakeFiles/mbedcrypto.dir/psa_crypto_hash.c.obj
[800/1053] Linking CXX static library esp-idf/mbedtls/mbedtls/library/libmbedtls.a
[447/1053] Building C object esp-idf/esp_hw_support/CMakeFiles/__idf_esp_hw_support.dir/mspi_timing_tuning/mspi_timing_tuning.c.obj
[772/1051] Building C object esp-idf/mbedtls/mbedtls/library/CMakeFiles/mbedcrypto.dir/psa_crypto_aead.c.obj
[801/1053] Building C object 'esp-idf/mbedtls/mbedtls/library/CMakeFiles/mbedcrypto.dir/home/tikhon/Документы/magnolia/esp-idf/components/mbedtls/port/crypto_shared_gdma/esp_crypto_shared_gdma.c.obj'
[448/1053] Building C object esp-idf/esp_hw_support/CMakeFiles/__idf_esp_hw_support.dir/usb_phy/usb_phy.c.obj
[802/1053] Building C object 'esp-idf/mbedtls/mbedtls/library/CMakeFiles/mbedcrypto.dir/home/tikhon/Документы/magnolia/esp-idf/components/mbedtls/port/aes/esp_aes_xts.c.obj'
[803/1053] Building C object 'esp-idf/mbedtls/mbedtls/library/CMakeFiles/mbedcrypto.dir/home/tikhon/Документы/magnolia/esp-idf/components/mbedtls/port/esp_hardware.c.obj'
[773/1051] Building C object esp-idf/mbedtls/mbedtls/library/CMakeFiles/mbedcrypto.dir/ecp_curves.c.obj
[774/1051] Building C object esp-idf/mbedtls/mbedtls/library/CMakeFiles/mbedcrypto.dir/psa_crypto_cipher.c.obj
[449/1053] Building C object esp-idf/esp_hw_support/CMakeFiles/__idf_esp_hw_support.dir/esp_clock_output.c.obj
[775/1051] Building C object esp-idf/mbedtls/mbedtls/library/CMakeFiles/mbedcrypto.dir/psa_crypto_driver_wrappers_no_static.c.obj
[450/1053] Building C object esp-idf/esp_hw_support/CMakeFiles/__idf_esp_hw_support.dir/port/esp32s3/chip_info.c.obj
[804/1053] Building C object 'esp-idf/mbedtls/mbedtls/library/CMakeFiles/mbedcrypto.dir/home/tikhon/Документы/magnolia/esp-idf/components/mbedtls/port/aes/esp_aes_common.c.obj'
[776/1051] Building C object esp-idf/mbedtls/mbedtls/library/CMakeFiles/mbedcrypto.dir/psa_crypto_ecp.c.obj
[777/1051] Building C object esp-idf/mbedtls/mbedtls/library/CMakeFiles/mbedcrypto.dir/pkwrite.c.obj
[805/1053] Building C object 'esp-idf/mbedtls/mbedtls/library/CMakeFiles/mbedcrypto.dir/home/tikhon/Документы/magnolia/esp-idf/components/mbedtls/port/sha/esp_sha.c.obj'
[806/1053] Building C object esp-idf/mbedtls/mbedtls/library/CMakeFiles/mbedcrypto.dir/sha3.c.obj
[807/1053] Building C object 'esp-idf/mbedtls/mbedtls/library/CMakeFiles/mbedcrypto.dir/home/tikhon/Документы/magnolia/esp-idf/components/mbedtls/port/esp_ds/esp_rsa_dec_alt.c.obj'
[451/1053] Building C object esp-idf/esp_hw_support/CMakeFiles/__idf_esp_hw_support.dir/port/esp32s3/rtc_init.c.obj
[778/1051] Building C object esp-idf/mbedtls/mbedtls/library/CMakeFiles/mbedcrypto.dir/ripemd160.c.obj
[808/1053] Building C object 'esp-idf/mbedtls/mbedtls/library/CMakeFiles/mbedcrypto.dir/home/tikhon/Документы/magnolia/esp-idf/components/mbedtls/port/md/esp_md.c.obj'
[779/1051] Building C object esp-idf/mbedtls/mbedtls/library/CMakeFiles/mbedcrypto.dir/sha512.c.obj
[780/1051] Building C object esp-idf/mbedtls/mbedtls/library/CMakeFiles/mbedcrypto.dir/psa_crypto_slot_management.c.obj
[809/1053] Building C object 'esp-idf/mbedtls/mbedtls/library/CMakeFiles/mbedcrypto.dir/home/tikhon/Документы/magnolia/esp-idf/components/mbedtls/port/sha/core/esp_sha512.c.obj'
[810/1053] Building C object 'esp-idf/mbedtls/mbedtls/library/CMakeFiles/mbedcrypto.dir/home/tikhon/Документы/magnolia/esp-idf/components/mbedtls/port/sha/core/sha.c.obj'
[452/1053] Building C object esp-idf/esp_hw_support/CMakeFiles/__idf_esp_hw_support.dir/mspi_timing_tuning/port/esp32s3/mspi_timing_config.c.obj
[811/1053] Linking CXX static library esp-idf/mbedtls/mbedtls/library/libmbedx509.a
[781/1051] Building C object esp-idf/mbedtls/mbedtls/library/CMakeFiles/mbedcrypto.dir/ecp.c.obj
[453/1053] Building C object esp-idf/esp_hw_support/CMakeFiles/__idf_esp_hw_support.dir/port/esp32s3/sar_periph_ctrl.c.obj
[812/1053] Building C object 'esp-idf/mbedtls/mbedtls/library/CMakeFiles/mbedcrypto.dir/home/tikhon/Документы/magnolia/esp-idf/components/mbedtls/port/bignum/esp_bignum.c.obj'
[454/1053] Building C object esp-idf/esp_hw_support/CMakeFiles/__idf_esp_hw_support.dir/power_supply/brownout.c.obj
[782/1051] Building C object esp-idf/mbedtls/mbedtls/library/CMakeFiles/mbedcrypto.dir/rsa_alt_helpers.c.obj
[455/1053] Building C object esp-idf/esp_hw_support/CMakeFiles/__idf_esp_hw_support.dir/port/esp_memprot_conv.c.obj
[813/1053] Building C object 'esp-idf/mbedtls/mbedtls/library/CMakeFiles/mbedcrypto.dir/home/tikhon/Документы/magnolia/esp-idf/components/mbedtls/port/bignum/bignum_alt.c.obj'
[814/1053] Building C object 'esp-idf/mbedtls/mbedtls/library/CMakeFiles/mbedcrypto.dir/home/tikhon/Документы/magnolia/esp-idf/components/mbedtls/port/aes/dma/esp_aes.c.obj'
[456/1053] Building C object esp-idf/esp_hw_support/CMakeFiles/__idf_esp_hw_support.dir/port/esp32s3/rtc_sleep.c.obj
[783/1051] Building C object esp-idf/mbedtls/mbedtls/library/CMakeFiles/mbedcrypto.dir/psa_its_file.c.obj
[784/1051] Building C object esp-idf/mbedtls/mbedtls/library/CMakeFiles/mbedcrypto.dir/threading.c.obj
[457/1053] Building C object esp-idf/esp_hw_support/CMakeFiles/__idf_esp_hw_support.dir/port/esp32s3/rtc_time.c.obj
[785/1051] Building C object esp-idf/mbedtls/mbedtls/library/CMakeFiles/mbedcrypto.dir/pk.c.obj
[458/1053] Building C object esp-idf/soc/CMakeFiles/__idf_soc.dir/dport_access_common.c.obj
[459/1053] Building C object esp-idf/soc/CMakeFiles/__idf_soc.dir/lldesc.c.obj
[815/1053] Building C object 'esp-idf/mbedtls/mbedtls/library/CMakeFiles/mbedcrypto.dir/home/tikhon/Документы/magnolia/esp-idf/components/mbedtls/port/sha/core/esp_sha1.c.obj'
[816/1053] Building C object esp-idf/mbedtls/mbedtls/3rdparty/everest/CMakeFiles/everest.dir/library/Hacl_Curve25519_joined.c.obj
[460/1053] Building CXX object esp-idf/nvs_flash/CMakeFiles/__idf_nvs_flash.dir/src/nvs_partition_manager.cpp.obj
[786/1051] Building C object esp-idf/mbedtls/mbedtls/library/CMakeFiles/mbedcrypto.dir/timing.c.obj
[461/1053] Building C object esp-idf/esp_hw_support/CMakeFiles/__idf_esp_hw_support.dir/sleep_gpio.c.obj
[817/1053] Building C object esp-idf/mbedtls/mbedtls/3rdparty/everest/CMakeFiles/everest.dir/library/everest.c.obj
[787/1051] Building C object esp-idf/mbedtls/mbedtls/library/CMakeFiles/mbedcrypto.dir/psa_crypto_mac.c.obj
[788/1051] Building C object esp-idf/mbedtls/mbedtls/library/CMakeFiles/mbedcrypto.dir/pkparse.c.obj
[462/1053] Building C object esp-idf/soc/CMakeFiles/__idf_soc.dir/esp32s3/interrupts.c.obj
[818/1053] Building C object esp-idf/mbedtls/mbedtls/3rdparty/p256-m/CMakeFiles/p256m.dir/p256-m_driver_entrypoints.c.obj
[819/1053] Building C object esp-idf/mbedtls/mbedtls/3rdparty/p256-m/CMakeFiles/p256m.dir/p256-m/p256-m.c.obj
[463/1053] Building C object esp-idf/soc/CMakeFiles/__idf_soc.dir/esp32s3/dedic_gpio_periph.c.obj
[789/1051] Building C object 'esp-idf/mbedtls/mbedtls/library/CMakeFiles/mbedcrypto.dir/home/tikhon/Документы/magnolia/esp-idf/components/mbedtls/port/aes/dma/esp_aes_gdma_impl.c.obj'
[820/1053] Building C object 'esp-idf/mbedtls/mbedtls/library/CMakeFiles/mbedcrypto.dir/home/tikhon/Документы/magnolia/esp-idf/components/mbedtls/port/aes/esp_aes_gcm.c.obj'
[464/1053] Building C object esp-idf/soc/CMakeFiles/__idf_soc.dir/esp32s3/spi_periph.c.obj
[821/1053] Building C object 'esp-idf/mbedtls/mbedtls/library/CMakeFiles/mbedcrypto.dir/home/tikhon/Документы/magnolia/esp-idf/components/mbedtls/port/sha/core/esp_sha256.c.obj'
[465/1053] Building C object esp-idf/soc/CMakeFiles/__idf_soc.dir/esp32s3/adc_periph.c.obj
[790/1051] Building C object esp-idf/mbedtls/mbedtls/library/CMakeFiles/mbedcrypto.dir/sha256.c.obj
[466/1053] Building C object esp-idf/soc/CMakeFiles/__idf_soc.dir/esp32s3/gdma_periph.c.obj
[467/1053] Building C object esp-idf/soc/CMakeFiles/__idf_soc.dir/esp32s3/pcnt_periph.c.obj
[791/1051] Building C object esp-idf/mbedtls/mbedtls/library/CMakeFiles/mbedcrypto.dir/version_features.c.obj
[822/1053] Building C object 'esp-idf/mbedtls/mbedtls/library/CMakeFiles/mbedcrypto.dir/home/tikhon/Документы/magnolia/esp-idf/components/mbedtls/port/aes/dma/esp_aes_dma_core.c.obj'
[823/1053] Building C object 'esp-idf/mbedtls/mbedtls/library/CMakeFiles/mbedcrypto.dir/home/tikhon/Документы/magnolia/esp-idf/components/mbedtls/port/esp_ds/esp_ds_common.c.obj'
[468/1053] Linking C static library esp-idf/nvs_flash/libnvs_flash.a
[792/1051] Building C object esp-idf/mbedtls/mbedtls/library/CMakeFiles/mbedcrypto.dir/psa_crypto_rsa.c.obj
[469/1053] Building C object esp-idf/esp_hw_support/CMakeFiles/__idf_esp_hw_support.dir/sleep_modes.c.obj
[793/1051] Building C object esp-idf/mbedtls/mbedtls/library/CMakeFiles/mbedtls.dir/ssl_tls.c.obj
[470/1053] Building C object esp-idf/soc/CMakeFiles/__idf_soc.dir/esp32s3/uart_periph.c.obj
[824/1053] Building C object esp-idf/mbedtls/mbedtls/3rdparty/everest/CMakeFiles/everest.dir/library/x25519.c.obj
[794/1051] Building C object esp-idf/mbedtls/mbedtls/library/CMakeFiles/mbedcrypto.dir/sha1.c.obj
[471/1053] Building C object esp-idf/soc/CMakeFiles/__idf_soc.dir/esp32s3/i2s_periph.c.obj
[472/1053] Building C object esp-idf/esp_hw_support/CMakeFiles/__idf_esp_hw_support.dir/lowpower/port/esp32s3/sleep_cpu.c.obj
[795/1051] Building C object esp-idf/mbedtls/mbedtls/library/CMakeFiles/mbedcrypto.dir/version.c.obj
[473/1053] Building C object esp-idf/soc/CMakeFiles/__idf_soc.dir/esp32s3/rmt_periph.c.obj
[474/1053] Building C object esp-idf/soc/CMakeFiles/__idf_soc.dir/esp32s3/sdm_periph.c.obj
[796/1051] Building C object 'esp-idf/mbedtls/mbedtls/library/CMakeFiles/mbedcrypto.dir/home/tikhon/Документы/magnolia/esp-idf/components/mbedtls/port/esp_mem.c.obj'
[797/1051] Building C object 'esp-idf/mbedtls/mbedtls/library/CMakeFiles/mbedcrypto.dir/home/tikhon/Документы/magnolia/esp-idf/components/mbedtls/port/esp_hardware.c.obj'
[475/1053] Building C object esp-idf/soc/CMakeFiles/__idf_soc.dir/esp32s3/gpio_periph.c.obj
[476/1053] Building C object esp-idf/soc/CMakeFiles/__idf_soc.dir/esp32s3/i2c_periph.c.obj
[477/1053] Building C object esp-idf/esp_hw_support/CMakeFiles/__idf_esp_hw_support.dir/mspi_timing_tuning/port/esp32s3/mspi_timing_by_mspi_delay.c.obj
[478/1053] Linking C static library esp-idf/esp_event/libesp_event.a
[479/1053] Building C object esp-idf/soc/CMakeFiles/__idf_soc.dir/esp32s3/temperature_sensor_periph.c.obj
[798/1051] Building C object 'esp-idf/mbedtls/mbedtls/library/CMakeFiles/mbedcrypto.dir/home/tikhon/Документы/magnolia/esp-idf/components/mbedtls/port/esp_timing.c.obj'
[480/1053] Building C object esp-idf/soc/CMakeFiles/__idf_soc.dir/esp32s3/lcd_periph.c.obj
[481/1053] Building C object esp-idf/soc/CMakeFiles/__idf_soc.dir/esp32s3/ledc_periph.c.obj
[825/1053] Building C object 'esp-idf/mbedtls/mbedtls/library/CMakeFiles/mbedcrypto.dir/home/tikhon/Документы/magnolia/esp-idf/components/mbedtls/port/esp_ds/esp_rsa_sign_alt.c.obj'
[482/1053] Building C object esp-idf/soc/CMakeFiles/__idf_soc.dir/esp32s3/touch_sensor_periph.c.obj
[799/1051] Building C object esp-idf/mbedtls/mbedtls/library/CMakeFiles/mbedcrypto.dir/psa_crypto_storage.c.obj
[483/1053] Building C object esp-idf/soc/CMakeFiles/__idf_soc.dir/esp32s3/timer_periph.c.obj
[800/1051] Building C object 'esp-idf/mbedtls/mbedtls/library/CMakeFiles/mbedcrypto.dir/home/tikhon/Документы/magnolia/esp-idf/components/mbedtls/port/sha/core/esp_sha_gdma_impl.c.obj'
[484/1053] Building C object esp-idf/soc/CMakeFiles/__idf_soc.dir/esp32s3/twai_periph.c.obj
[485/1053] Building C object esp-idf/soc/CMakeFiles/__idf_soc.dir/esp32s3/mpi_periph.c.obj
[801/1051] Building C object esp-idf/mbedtls/mbedtls/library/CMakeFiles/mbedcrypto.dir/psa_util.c.obj
[486/1053] Building C object esp-idf/soc/CMakeFiles/__idf_soc.dir/esp32s3/mcpwm_periph.c.obj
[802/1051] Linking CXX static library esp-idf/mbedtls/mbedtls/library/libmbedtls.a
[487/1053] Building C object esp-idf/soc/CMakeFiles/__idf_soc.dir/esp32s3/usb_dwc_periph.c.obj
[488/1053] Building C object esp-idf/soc/CMakeFiles/__idf_soc.dir/esp32s3/power_supply_periph.c.obj
[803/1051] Building C object 'esp-idf/mbedtls/mbedtls/library/CMakeFiles/mbedcrypto.dir/home/tikhon/Документы/magnolia/esp-idf/components/mbedtls/port/aes/esp_aes_xts.c.obj'
[489/1053] Linking C static library esp-idf/esp_driver_uart/libesp_driver_uart.a
[804/1051] Building C object 'esp-idf/mbedtls/mbedtls/library/CMakeFiles/mbedcrypto.dir/home/tikhon/Документы/magnolia/esp-idf/components/mbedtls/port/aes/esp_aes_common.c.obj'
[490/1053] Building C object esp-idf/soc/CMakeFiles/__idf_soc.dir/esp32s3/rtc_io_periph.c.obj
[491/1053] Building C object esp-idf/soc/CMakeFiles/__idf_soc.dir/esp32s3/sdmmc_periph.c.obj
[492/1053] Building C object esp-idf/soc/CMakeFiles/__idf_soc.dir/esp32s3/cam_periph.c.obj
[493/1053] Building C object esp-idf/esp_hw_support/CMakeFiles/__idf_esp_hw_support.dir/dma/async_memcpy_gdma.c.obj
-- ELF_LOADER: 1.1.1
[494/1053] Building C object esp-idf/soc/CMakeFiles/__idf_soc.dir/esp32s3/wdt_periph.c.obj
[805/1051] Building C object 'esp-idf/mbedtls/mbedtls/library/CMakeFiles/mbedcrypto.dir/home/tikhon/Документы/magnolia/esp-idf/components/mbedtls/port/sha/esp_sha.c.obj'
[806/1051] Building C object 'esp-idf/mbedtls/mbedtls/library/CMakeFiles/mbedcrypto.dir/home/tikhon/Документы/magnolia/esp-idf/components/mbedtls/port/esp_ds/esp_ds_common.c.obj'
[495/1053] Linking C static library esp-idf/esp_ringbuf/libesp_ringbuf.a
[496/1053] Building C object esp-idf/heap/CMakeFiles/__idf_heap.dir/port/esp32s3/memory_layout.c.obj
[807/1051] Building C object 'esp-idf/mbedtls/mbedtls/library/CMakeFiles/mbedcrypto.dir/home/tikhon/Документы/magnolia/esp-idf/components/mbedtls/port/bignum/esp_bignum.c.obj'
[497/1053] Linking C static library esp-idf/esp_driver_gptimer/libesp_driver_gptimer.a
[498/1053] Building C object esp-idf/log/CMakeFiles/__idf_log.dir/src/os/log_lock.c.obj
[808/1051] Building C object 'esp-idf/mbedtls/mbedtls/library/CMakeFiles/mbedcrypto.dir/home/tikhon/Документы/magnolia/esp-idf/components/mbedtls/port/sha/core/sha.c.obj'
[499/1053] Building C object esp-idf/log/CMakeFiles/__idf_log.dir/src/os/log_timestamp.c.obj
[809/1051] Building C object 'esp-idf/mbedtls/mbedtls/library/CMakeFiles/mbedcrypto.dir/home/tikhon/Документы/magnolia/esp-idf/components/mbedtls/port/crypto_shared_gdma/esp_crypto_shared_gdma.c.obj'
[810/1051] Building C object 'esp-idf/mbedtls/mbedtls/library/CMakeFiles/mbedcrypto.dir/home/tikhon/Документы/magnolia/esp-idf/components/mbedtls/port/sha/core/esp_sha256.c.obj'
[500/1053] Building C object esp-idf/esp_hw_support/CMakeFiles/__idf_esp_hw_support.dir/port/esp32s3/rtc_clk.c.obj
[811/1051] Linking CXX static library esp-idf/mbedtls/mbedtls/library/libmbedx509.a
[501/1053] Building C object esp-idf/log/CMakeFiles/__idf_log.dir/src/buffer/log_buffers.c.obj
[812/1051] Building C object 'esp-idf/mbedtls/mbedtls/library/CMakeFiles/mbedcrypto.dir/home/tikhon/Документы/magnolia/esp-idf/components/mbedtls/port/bignum/bignum_alt.c.obj'
[502/1053] Building C object esp-idf/log/CMakeFiles/__idf_log.dir/src/util.c.obj
[503/1053] Linking C static library esp-idf/esp_timer/libesp_timer.a
[813/1051] Building C object 'esp-idf/mbedtls/mbedtls/library/CMakeFiles/mbedcrypto.dir/home/tikhon/Документы/magnolia/esp-idf/components/mbedtls/port/md/esp_md.c.obj'
[814/1051] Building C object esp-idf/mbedtls/mbedtls/library/CMakeFiles/mbedcrypto.dir/sha3.c.obj
[504/1053] Building C object esp-idf/log/CMakeFiles/__idf_log.dir/src/log_timestamp_common.c.obj
[815/1051] Building C object 'esp-idf/mbedtls/mbedtls/library/CMakeFiles/mbedcrypto.dir/home/tikhon/Документы/magnolia/esp-idf/components/mbedtls/port/esp_ds/esp_rsa_sign_alt.c.obj'
[816/1051] Building C object 'esp-idf/mbedtls/mbedtls/library/CMakeFiles/mbedcrypto.dir/home/tikhon/Документы/magnolia/esp-idf/components/mbedtls/port/aes/dma/esp_aes.c.obj'
[505/1053] Linking C static library esp-idf/cxx/libcxx.a
[817/1051] Building C object esp-idf/mbedtls/mbedtls/3rdparty/everest/CMakeFiles/everest.dir/library/Hacl_Curve25519_joined.c.obj
[818/1051] Building C object 'esp-idf/mbedtls/mbedtls/library/CMakeFiles/mbedcrypto.dir/home/tikhon/Документы/magnolia/esp-idf/components/mbedtls/port/sha/core/esp_sha1.c.obj'
[506/1053] Building C object esp-idf/heap/CMakeFiles/__idf_heap.dir/port/memory_layout_utils.c.obj
[819/1051] Building C object 'esp-idf/mbedtls/mbedtls/library/CMakeFiles/mbedcrypto.dir/home/tikhon/Документы/magnolia/esp-idf/components/mbedtls/port/esp_ds/esp_rsa_dec_alt.c.obj'
[820/1051] Building C object 'esp-idf/mbedtls/mbedtls/library/CMakeFiles/mbedcrypto.dir/home/tikhon/Документы/magnolia/esp-idf/components/mbedtls/port/aes/esp_aes_gcm.c.obj'
[507/1053] Building C object esp-idf/heap/CMakeFiles/__idf_heap.dir/multi_heap.c.obj
[821/1051] Building C object 'esp-idf/mbedtls/mbedtls/library/CMakeFiles/mbedcrypto.dir/home/tikhon/Документы/magnolia/esp-idf/components/mbedtls/port/sha/core/esp_sha512.c.obj'
[508/1053] Building C object esp-idf/log/CMakeFiles/__idf_log.dir/src/log_print.c.obj
[509/1053] Building C object esp-idf/log/CMakeFiles/__idf_log.dir/src/log_level/log_level.c.obj
[510/1053] Building C object esp-idf/freertos/CMakeFiles/__idf_freertos.dir/FreeRTOS-Kernel/tasks.c.obj
[822/1051] Building C object esp-idf/mbedtls/mbedtls/3rdparty/everest/CMakeFiles/everest.dir/library/everest.c.obj
[511/1053] Building C object esp-idf/heap/CMakeFiles/__idf_heap.dir/heap_caps_init.c.obj
[823/1051] Building C object esp-idf/mbedtls/mbedtls/3rdparty/p256-m/CMakeFiles/p256m.dir/p256-m/p256-m.c.obj
[824/1051] Building C object esp-idf/mbedtls/mbedtls/3rdparty/p256-m/CMakeFiles/p256m.dir/p256-m_driver_entrypoints.c.obj
[825/1051] Building C object esp-idf/mbedtls/mbedtls/3rdparty/everest/CMakeFiles/everest.dir/library/x25519.c.obj
[826/1051] Building C object 'esp-idf/mbedtls/mbedtls/library/CMakeFiles/mbedcrypto.dir/home/tikhon/Документы/magnolia/esp-idf/components/mbedtls/port/aes/dma/esp_aes_dma_core.c.obj'
[512/1053] Building C object esp-idf/log/CMakeFiles/__idf_log.dir/src/os/log_write.c.obj
[513/1053] Building C object esp-idf/log/CMakeFiles/__idf_log.dir/src/log.c.obj
[514/1053] Building C object esp-idf/log/CMakeFiles/__idf_log.dir/src/os/util.c.obj
[515/1053] Building C object esp-idf/log/CMakeFiles/__idf_log.dir/src/log_format_text.c.obj
[516/1053] Building C object esp-idf/log/CMakeFiles/__idf_log.dir/src/log_level/tag_log_level/linked_list/log_linked_list.c.obj
[517/1053] Building C object esp-idf/heap/CMakeFiles/__idf_heap.dir/heap_caps.c.obj
[518/1053] Linking C static library esp-idf/pthread/libpthread.a
[519/1053] Building C object esp-idf/esp_hw_support/CMakeFiles/__idf_esp_hw_support.dir/dma/gdma.c.obj
[520/1053] Building C object esp-idf/heap/CMakeFiles/__idf_heap.dir/heap_caps_base.c.obj
[521/1053] Building C object esp-idf/log/CMakeFiles/__idf_log.dir/src/log_level/tag_log_level/tag_log_level.c.obj
[522/1053] Building C object esp-idf/log/CMakeFiles/__idf_log.dir/src/log_level/tag_log_level/cache/log_binary_heap.c.obj
[523/1053] Building C object esp-idf/hal/CMakeFiles/__idf_hal.dir/efuse_hal.c.obj
[524/1053] Building C object esp-idf/hal/CMakeFiles/__idf_hal.dir/hal_utils.c.obj
[826/1053] Building C object esp-idf/mbedtls/mbedtls/library/CMakeFiles/mbedcrypto.dir/rsa.c.obj
[525/1053] Building C object esp-idf/hal/CMakeFiles/__idf_hal.dir/esp32s3/efuse_hal.c.obj
[526/1053] Building C object esp-idf/hal/CMakeFiles/__idf_hal.dir/mpu_hal.c.obj
[527/1053] Building C object esp-idf/hal/CMakeFiles/__idf_hal.dir/color_hal.c.obj
[528/1053] Building C object esp-idf/hal/CMakeFiles/__idf_hal.dir/spi_flash_encrypt_hal_iram.c.obj
[529/1053] Linking C static library esp-idf/newlib/libnewlib.a
[530/1053] Building C object esp-idf/hal/CMakeFiles/__idf_hal.dir/mmu_hal.c.obj
-- Generating done (0.9s)
[531/1053] Building C object esp-idf/hal/CMakeFiles/__idf_hal.dir/timer_hal.c.obj
-- Build files have been written to: /home/tikhon/Документы/magnolia/applets/rust/rusthello/build
[532/1053] Building C object esp-idf/hal/CMakeFiles/__idf_hal.dir/ledc_hal_iram.c.obj
[533/1053] Linking C static library esp-idf/freertos/libfreertos.a
[534/1053] Building C object esp-idf/hal/CMakeFiles/__idf_hal.dir/ledc_hal.c.obj
[535/1053] Building C object esp-idf/hal/CMakeFiles/__idf_hal.dir/cache_hal.c.obj
[536/1053] Building C object esp-idf/hal/CMakeFiles/__idf_hal.dir/rtc_io_hal.c.obj
[537/1053] Building C object esp-idf/hal/CMakeFiles/__idf_hal.dir/systimer_hal.c.obj
[538/1053] Building C object esp-idf/hal/CMakeFiles/__idf_hal.dir/uart_hal_iram.c.obj
[539/1053] Building C object esp-idf/hal/CMakeFiles/__idf_hal.dir/gpio_hal.c.obj
[540/1053] Building C object esp-idf/hal/CMakeFiles/__idf_hal.dir/esp32s3/clk_tree_hal.c.obj
[541/1053] Building C object esp-idf/hal/CMakeFiles/__idf_hal.dir/i2c_hal_iram.c.obj
[542/1053] Building C object esp-idf/hal/CMakeFiles/__idf_hal.dir/rmt_hal.c.obj
[543/1053] Building C object esp-idf/hal/CMakeFiles/__idf_hal.dir/spi_flash_hal.c.obj
[544/1053] Building C object esp-idf/hal/CMakeFiles/__idf_hal.dir/i2c_hal.c.obj
[545/1053] Building C object esp-idf/hal/CMakeFiles/__idf_hal.dir/uhci_hal.c.obj
[546/1053] Building C object esp-idf/hal/CMakeFiles/__idf_hal.dir/pcnt_hal.c.obj
[547/1053] Building C object esp-idf/hal/CMakeFiles/__idf_hal.dir/uart_hal.c.obj
[548/1053] Building C object esp-idf/hal/CMakeFiles/__idf_hal.dir/sdm_hal.c.obj
[827/1051] Building C object esp-idf/mbedtls/mbedtls/library/CMakeFiles/mbedcrypto.dir/rsa.c.obj
[549/1053] Building C object esp-idf/hal/CMakeFiles/__idf_hal.dir/gdma_hal_top.c.obj
[550/1053] Building C object esp-idf/hal/CMakeFiles/__idf_hal.dir/mcpwm_hal.c.obj
[551/1053] Building C object esp-idf/hal/CMakeFiles/__idf_hal.dir/spi_flash_hal_iram.c.obj
[552/1053] Building C object esp-idf/heap/CMakeFiles/__idf_heap.dir/tlsf/tlsf.c.obj
[553/1053] Building C object esp-idf/hal/CMakeFiles/__idf_hal.dir/sdmmc_hal.c.obj
[554/1053] Building C object esp-idf/hal/CMakeFiles/__idf_hal.dir/lcd_hal.c.obj
[555/1053] Building C object esp-idf/hal/CMakeFiles/__idf_hal.dir/gdma_hal_ahb_v1.c.obj
[556/1053] Building C object esp-idf/hal/CMakeFiles/__idf_hal.dir/mpi_hal.c.obj
[557/1053] Building C object esp-idf/hal/CMakeFiles/__idf_hal.dir/aes_hal.c.obj
[0/4] Re-checking globbed directories...
[558/1053] Building C object esp-idf/hal/CMakeFiles/__idf_hal.dir/brownout_hal.c.obj
[559/1053] Building C object esp-idf/hal/CMakeFiles/__idf_hal.dir/spi_slave_hal.c.obj
[560/1053] Building C object esp-idf/hal/CMakeFiles/__idf_hal.dir/sha_hal.c.obj
[561/1053] Building C object esp-idf/hal/CMakeFiles/__idf_hal.dir/twai_hal_sja1000.c.obj
[562/1053] Building C object esp-idf/hal/CMakeFiles/__idf_hal.dir/adc_oneshot_hal.c.obj
[563/1053] Building C object esp-idf/hal/CMakeFiles/__idf_hal.dir/adc_hal.c.obj
[564/1053] Building C object esp-idf/hal/CMakeFiles/__idf_hal.dir/adc_hal_common.c.obj
[565/1053] Building C object esp-idf/hal/CMakeFiles/__idf_hal.dir/hmac_hal.c.obj
[566/1053] Building C object esp-idf/hal/CMakeFiles/__idf_hal.dir/ds_hal.c.obj
[567/1053] Building C object esp-idf/esp_hw_support/CMakeFiles/__idf_esp_hw_support.dir/port/esp32s3/esp_memprot.c.obj
[568/1053] Building C object esp-idf/hal/CMakeFiles/__idf_hal.dir/i2s_hal.c.obj
[569/1053] Building C object esp-idf/hal/CMakeFiles/__idf_hal.dir/cam_hal.c.obj
[570/1053] Building C object esp-idf/hal/CMakeFiles/__idf_hal.dir/usb_serial_jtag_hal.c.obj
[571/1053] Building C object esp-idf/hal/CMakeFiles/__idf_hal.dir/spi_slave_hal_iram.c.obj
[572/1053] Building C object esp-idf/hal/CMakeFiles/__idf_hal.dir/spi_flash_hal_gpspi.c.obj
[1/4] Build ELF: rusthello.app.elf
/home/tikhon/.espressif/tools/xtensa-esp-elf/esp-15.1.0_20250607/xtensa-esp-elf/bin/../lib/gcc/xtensa-esp-elf/15.1.0/../../../../xtensa-esp-elf/bin/ld: warning: rusthello.app.elf has a LOAD segment with RWX permissions
[573/1053] Building C object esp-idf/esp_rom/CMakeFiles/__idf_esp_rom.dir/patches/esp_rom_sys.c.obj
[574/1053] Building C object esp-idf/hal/CMakeFiles/__idf_hal.dir/spi_hal.c.obj
[575/1053] Building C object esp-idf/hal/CMakeFiles/__idf_hal.dir/temperature_sensor_hal.c.obj
[576/1053] Building C object esp-idf/esp_rom/CMakeFiles/__idf_esp_rom.dir/patches/esp_rom_crc.c.obj
[577/1053] Building C object esp-idf/hal/CMakeFiles/__idf_hal.dir/touch_sensor_hal.c.obj
[578/1053] Building C object esp-idf/hal/CMakeFiles/__idf_hal.dir/usb_wrap_hal.c.obj
[579/1053] Building C object esp-idf/hal/CMakeFiles/__idf_hal.dir/xt_wdt_hal.c.obj
[580/1053] Building C object esp-idf/hal/CMakeFiles/__idf_hal.dir/esp32s3/rtc_cntl_hal.c.obj
[581/1053] Building C object esp-idf/hal/CMakeFiles/__idf_hal.dir/spi_slave_hd_hal.c.obj
[582/1053] Linking C static library esp-idf/esp_hw_support/libesp_hw_support.a
[583/1053] Building ASM object esp-idf/esp_rom/CMakeFiles/__idf_esp_rom.dir/patches/esp_rom_longjmp.S.obj
[584/1053] Building C object esp-idf/hal/CMakeFiles/__idf_hal.dir/touch_sens_hal.c.obj
[585/1053] Building ASM object esp-idf/esp_rom/CMakeFiles/__idf_esp_rom.dir/patches/esp_rom_cache_writeback_esp32s3.S.obj
[586/1053] Building C object esp-idf/esp_rom/CMakeFiles/__idf_esp_rom.dir/patches/esp_rom_print.c.obj
[587/1053] Building C object esp-idf/esp_rom/CMakeFiles/__idf_esp_rom.dir/patches/esp_rom_serial_output.c.obj
[588/1053] Building C object esp-idf/esp_rom/CMakeFiles/__idf_esp_rom.dir/patches/esp_rom_wdt.c.obj
[589/1053] Building C object esp-idf/esp_rom/CMakeFiles/__idf_esp_rom.dir/patches/esp_rom_systimer.c.obj
[590/1053] Building C object esp-idf/esp_rom/CMakeFiles/__idf_esp_rom.dir/patches/esp_rom_cache_esp32s2_esp32s3.c.obj
[591/1053] Building C object esp-idf/hal/CMakeFiles/__idf_hal.dir/spi_hal_iram.c.obj
[592/1053] Building C object esp-idf/esp_rom/CMakeFiles/__idf_esp_rom.dir/patches/esp_rom_efuse.c.obj
[593/1053] Building C object esp-idf/esp_rom/CMakeFiles/__idf_esp_rom.dir/patches/esp_rom_gpio.c.obj
[594/1053] Building C object esp-idf/hal/CMakeFiles/__idf_hal.dir/esp32s3/touch_sensor_hal.c.obj
[595/1053] Building C object esp-idf/esp_rom/CMakeFiles/__idf_esp_rom.dir/patches/esp_rom_spiflash.c.obj
[596/1053] Building C object esp-idf/esp_system/CMakeFiles/__idf_esp_system.dir/esp_system_console.c.obj
[597/1053] Linking C static library esp-idf/soc/libsoc.a
[598/1053] Building C object esp-idf/hal/CMakeFiles/__idf_hal.dir/usb_dwc_hal.c.obj
[599/1053] Building C object esp-idf/esp_system/CMakeFiles/__idf_esp_system.dir/esp_err.c.obj
[600/1053] Building C object esp-idf/esp_system/CMakeFiles/__idf_esp_system.dir/crosscore_int.c.obj
-- Components: app_trace app_update bootloader bootloader_support bt cmock console cxx driver efuse esp-tls esp_adc esp_app_format esp_bootloader_format esp_coex esp_common esp_driver_ana_cmpr esp_driver_bitscrambler esp_driver_cam esp_driver_dac esp_driver_gpio esp_driver_gptimer esp_driver_i2c esp_driver_i2s esp_driver_i3c esp_driver_isp esp_driver_jpeg esp_driver_ledc esp_driver_mcpwm esp_driver_parlio esp_driver_pcnt esp_driver_ppa esp_driver_rmt esp_driver_sd_intf esp_driver_sdio esp_driver_sdm esp_driver_sdmmc esp_driver_sdspi esp_driver_spi esp_driver_touch_sens esp_driver_tsens esp_driver_twai esp_driver_uart esp_driver_usb_serial_jtag esp_eth esp_event esp_gdbstub esp_hid esp_http_client esp_http_server esp_https_ota esp_https_server esp_hw_support esp_lcd esp_local_ctrl esp_mm esp_netif esp_netif_stack esp_partition esp_phy esp_pm esp_psram esp_ringbuf esp_rom esp_security esp_system esp_timer esp_vfs_console esp_wifi espcoredump espressif__cmake_utilities espressif__elf_loader esptool_py fatfs freertos hal heap http_parser idf_test ieee802154 json log lwip main mbedtls mqtt newlib nvs_flash nvs_sec_provider openthread partition_table perfmon protobuf-c protocomm pthread rt sdmmc soc spi_flash spiffs tcp_transport touch_element ulp unity usb vfs wear_levelling wifi_provisioning wpa_supplicant xtensa
-- Component paths: /home/tikhon/Документы/magnolia/esp-idf/components/app_trace /home/tikhon/Документы/magnolia/esp-idf/components/app_update /home/tikhon/Документы/magnolia/esp-idf/components/bootloader /home/tikhon/Документы/magnolia/esp-idf/components/bootloader_support /home/tikhon/Документы/magnolia/esp-idf/components/bt /home/tikhon/Документы/magnolia/esp-idf/components/cmock /home/tikhon/Документы/magnolia/esp-idf/components/console /home/tikhon/Документы/magnolia/esp-idf/components/cxx /home/tikhon/Документы/magnolia/esp-idf/components/driver /home/tikhon/Документы/magnolia/esp-idf/components/efuse /home/tikhon/Документы/magnolia/esp-idf/components/esp-tls /home/tikhon/Документы/magnolia/esp-idf/components/esp_adc /home/tikhon/Документы/magnolia/esp-idf/components/esp_app_format /home/tikhon/Документы/magnolia/esp-idf/components/esp_bootloader_format /home/tikhon/Документы/magnolia/esp-idf/components/esp_coex /home/tikhon/Документы/magnolia/esp-idf/components/esp_common /home/tikhon/Документы/magnolia/esp-idf/components/esp_driver_ana_cmpr /home/tikhon/Документы/magnolia/esp-idf/components/esp_driver_bitscrambler /home/tikhon/Документы/magnolia/esp-idf/components/esp_driver_cam /home/tikhon/Документы/magnolia/esp-idf/components/esp_driver_dac /home/tikhon/Документы/magnolia/esp-idf/components/esp_driver_gpio /home/tikhon/Документы/magnolia/esp-idf/components/esp_driver_gptimer /home/tikhon/Документы/magnolia/esp-idf/components/esp_driver_i2c /home/tikhon/Документы/magnolia/esp-idf/components/esp_driver_i2s /home/tikhon/Документы/magnolia/esp-idf/components/esp_driver_i3c /home/tikhon/Документы/magnolia/esp-idf/components/esp_driver_isp /home/tikhon/Документы/magnolia/esp-idf/components/esp_driver_jpeg /home/tikhon/Документы/magnolia/esp-idf/components/esp_driver_ledc /home/tikhon/Документы/magnolia/esp-idf/components/esp_driver_mcpwm /home/tikhon/Документы/magnolia/esp-idf/components/esp_driver_parlio /home/tikhon/Документы/magnolia/esp-idf/components/esp_driver_pcnt /home/tikhon/Документы/magnolia/esp-idf/components/esp_driver_ppa /home/tikhon/Документы/magnolia/esp-idf/components/esp_driver_rmt /home/tikhon/Документы/magnolia/esp-idf/components/esp_driver_sd_intf /home/tikhon/Документы/magnolia/esp-idf/components/esp_driver_sdio /home/tikhon/Документы/magnolia/esp-idf/components/esp_driver_sdm /home/tikhon/Документы/magnolia/esp-idf/components/esp_driver_sdmmc /home/tikhon/Документы/magnolia/esp-idf/components/esp_driver_sdspi /home/tikhon/Документы/magnolia/esp-idf/components/esp_driver_spi /home/tikhon/Документы/magnolia/esp-idf/components/esp_driver_touch_sens /home/tikhon/Документы/magnolia/esp-idf/components/esp_driver_tsens /home/tikhon/Документы/magnolia/esp-idf/components/esp_driver_twai /home/tikhon/Документы/magnolia/esp-idf/components/esp_driver_uart /home/tikhon/Документы/magnolia/esp-idf/components/esp_driver_usb_serial_jtag /home/tikhon/Документы/magnolia/esp-idf/components/esp_eth /home/tikhon/Документы/magnolia/esp-idf/components/esp_event /home/tikhon/Документы/magnolia/esp-idf/components/esp_gdbstub /home/tikhon/Документы/magnolia/esp-idf/components/esp_hid /home/tikhon/Документы/magnolia/esp-idf/components/esp_http_client /home/tikhon/Документы/magnolia/esp-idf/components/esp_http_server /home/tikhon/Документы/magnolia/esp-idf/components/esp_https_ota /home/tikhon/Документы/magnolia/esp-idf/components/esp_https_server /home/tikhon/Документы/magnolia/esp-idf/components/esp_hw_support /home/tikhon/Документы/magnolia/esp-idf/components/esp_lcd /home/tikhon/Документы/magnolia/esp-idf/components/esp_local_ctrl /home/tikhon/Документы/magnolia/esp-idf/components/esp_mm /home/tikhon/Документы/magnolia/esp-idf/components/esp_netif /home/tikhon/Документы/magnolia/esp-idf/components/esp_netif_stack /home/tikhon/Документы/magnolia/esp-idf/components/esp_partition /home/tikhon/Документы/magnolia/esp-idf/components/esp_phy /home/tikhon/Документы/magnolia/esp-idf/components/esp_pm /home/tikhon/Документы/magnolia/esp-idf/components/esp_psram /home/tikhon/Документы/magnolia/esp-idf/components/esp_ringbuf /home/tikhon/Документы/magnolia/esp-idf/components/esp_rom /home/tikhon/Документы/magnolia/esp-idf/components/esp_security /home/tikhon/Документы/magnolia/esp-idf/components/esp_system /home/tikhon/Документы/magnolia/esp-idf/components/esp_timer /home/tikhon/Документы/magnolia/esp-idf/components/esp_vfs_console /home/tikhon/Документы/magnolia/esp-idf/components/esp_wifi /home/tikhon/Документы/magnolia/esp-idf/components/espcoredump /home/tikhon/Документы/magnolia/applets/rust/rxxd/managed_components/espressif__cmake_utilities /home/tikhon/Документы/magnolia/applets/rust/rxxd/managed_components/espressif__elf_loader /home/tikhon/Документы/magnolia/esp-idf/components/esptool_py /home/tikhon/Документы/magnolia/esp-idf/components/fatfs /home/tikhon/Документы/magnolia/esp-idf/components/freertos /home/tikhon/Документы/magnolia/esp-idf/components/hal /home/tikhon/Документы/magnolia/esp-idf/components/heap /home/tikhon/Документы/magnolia/esp-idf/components/http_parser /home/tikhon/Документы/magnolia/esp-idf/components/idf_test /home/tikhon/Документы/magnolia/esp-idf/components/ieee802154 /home/tikhon/Документы/magnolia/esp-idf/components/json /home/tikhon/Документы/magnolia/esp-idf/components/log /home/tikhon/Документы/magnolia/esp-idf/components/lwip /home/tikhon/Документы/magnolia/applets/rust/rxxd/main /home/tikhon/Документы/magnolia/esp-idf/components/mbedtls /home/tikhon/Документы/magnolia/esp-idf/components/mqtt /home/tikhon/Документы/magnolia/esp-idf/components/newlib /home/tikhon/Документы/magnolia/esp-idf/components/nvs_flash /home/tikhon/Документы/magnolia/esp-idf/components/nvs_sec_provider /home/tikhon/Документы/magnolia/esp-idf/components/openthread /home/tikhon/Документы/magnolia/esp-idf/components/partition_table /home/tikhon/Документы/magnolia/esp-idf/components/perfmon /home/tikhon/Документы/magnolia/esp-idf/components/protobuf-c /home/tikhon/Документы/magnolia/esp-idf/components/protocomm /home/tikhon/Документы/magnolia/esp-idf/components/pthread /home/tikhon/Документы/magnolia/esp-idf/components/rt /home/tikhon/Документы/magnolia/esp-idf/components/sdmmc /home/tikhon/Документы/magnolia/esp-idf/components/soc /home/tikhon/Документы/magnolia/esp-idf/components/spi_flash /home/tikhon/Документы/magnolia/esp-idf/components/spiffs /home/tikhon/Документы/magnolia/esp-idf/components/tcp_transport /home/tikhon/Документы/magnolia/esp-idf/components/touch_element /home/tikhon/Документы/magnolia/esp-idf/components/ulp /home/tikhon/Документы/magnolia/esp-idf/components/unity /home/tikhon/Документы/magnolia/esp-idf/components/usb /home/tikhon/Документы/magnolia/esp-idf/components/vfs /home/tikhon/Документы/magnolia/esp-idf/components/wear_levelling /home/tikhon/Документы/magnolia/esp-idf/components/wifi_provisioning /home/tikhon/Документы/magnolia/esp-idf/components/wpa_supplicant /home/tikhon/Документы/magnolia/esp-idf/components/xtensa
-- Configuring done (16.8s)
[601/1053] Building C object esp-idf/esp_system/CMakeFiles/__idf_esp_system.dir/stack_check.c.obj
[602/1053] Linking C static library esp-idf/heap/libheap.a
[603/1053] Building C object esp-idf/esp_system/CMakeFiles/__idf_esp_system.dir/esp_ipc.c.obj
[604/1053] Building C object esp-idf/esp_system/CMakeFiles/__idf_esp_system.dir/esp_system.c.obj
[605/1053] Building C object esp-idf/esp_system/CMakeFiles/__idf_esp_system.dir/freertos_hooks.c.obj
[606/1053] Building C object esp-idf/esp_system/CMakeFiles/__idf_esp_system.dir/system_time.c.obj
[607/1053] Building C object esp-idf/esp_system/CMakeFiles/__idf_esp_system.dir/int_wdt.c.obj
[608/1053] Linking C static library esp-idf/log/liblog.a
Applet rusthello OK -> /home/tikhon/Документы/magnolia/rootfs/bin/rusthello
[609/1053] Building C object esp-idf/esp_system/CMakeFiles/__idf_esp_system.dir/port/panic_handler.c.obj
[610/1053] Building C object esp-idf/esp_system/CMakeFiles/__idf_esp_system.dir/port/esp_system_chip.c.obj
[611/1053] Building C object esp-idf/esp_system/CMakeFiles/__idf_esp_system.dir/startup.c.obj
[612/1053] Building C object esp-idf/esp_system/CMakeFiles/__idf_esp_system.dir/port/arch/xtensa/esp_ipc_isr_port.c.obj
[613/1053] Building C object esp-idf/esp_system/CMakeFiles/__idf_esp_system.dir/xt_wdt.c.obj
[614/1053] Building C object esp-idf/esp_common/CMakeFiles/__idf_esp_common.dir/src/esp_err_to_name.c.obj
[615/1053] Building ASM object esp-idf/esp_system/CMakeFiles/__idf_esp_system.dir/port/arch/xtensa/esp_ipc_isr_routines.S.obj
[616/1053] Building C object esp-idf/esp_system/CMakeFiles/__idf_esp_system.dir/ubsan.c.obj
[617/1053] Building ASM object esp-idf/esp_system/CMakeFiles/__idf_esp_system.dir/port/arch/xtensa/esp_ipc_isr_handler.S.obj
[618/1053] Building ASM object esp-idf/esp_system/CMakeFiles/__idf_esp_system.dir/port/arch/xtensa/panic_handler_asm.S.obj
[619/1053] Building ASM object esp-idf/esp_system/CMakeFiles/__idf_esp_system.dir/port/arch/xtensa/expression_with_stack_asm.S.obj
[620/1053] Building C object esp-idf/esp_system/CMakeFiles/__idf_esp_system.dir/port/image_process.c.obj
[621/1053] Building ASM object esp-idf/esp_system/CMakeFiles/__idf_esp_system.dir/port/arch/xtensa/debug_helpers_asm.S.obj
[622/1053] Building C object esp-idf/esp_system/CMakeFiles/__idf_esp_system.dir/task_wdt/task_wdt_impl_timergroup.c.obj
[828/1051] Building C object esp-idf/mbedtls/mbedtls/library/CMakeFiles/mbedcrypto.dir/psa_crypto.c.obj
[623/1053] Building C object esp-idf/esp_system/CMakeFiles/__idf_esp_system.dir/port/esp_ipc_isr.c.obj
[624/1053] Building C object esp-idf/esp_system/CMakeFiles/__idf_esp_system.dir/port/arch/xtensa/debug_stubs.c.obj
[625/1053] Building C object esp-idf/esp_system/CMakeFiles/__idf_esp_system.dir/panic.c.obj
[626/1053] Building ASM object esp-idf/esp_system/CMakeFiles/__idf_esp_system.dir/port/soc/esp32s3/highint_hdl.S.obj
[627/1053] Building C object esp-idf/esp_system/CMakeFiles/__idf_esp_system.dir/port/arch/xtensa/panic_arch.c.obj
[628/1053] Building C object esp-idf/esp_system/CMakeFiles/__idf_esp_system.dir/port/arch/xtensa/expression_with_stack.c.obj
[629/1053] Building C object esp-idf/spi_flash/CMakeFiles/__idf_spi_flash.dir/flash_brownout_hook.c.obj
[630/1053] Building C object esp-idf/esp_system/CMakeFiles/__idf_esp_system.dir/startup_funcs.c.obj
[631/1053] Building C object esp-idf/esp_system/CMakeFiles/__idf_esp_system.dir/task_wdt/task_wdt.c.obj
[632/1053] Linking C static library esp-idf/hal/libhal.a
[633/1053] Building C object esp-idf/esp_system/CMakeFiles/__idf_esp_system.dir/port/cpu_start.c.obj
[634/1053] Building C object esp-idf/esp_system/CMakeFiles/__idf_esp_system.dir/port/soc/esp32s3/apb_backup_dma.c.obj
[635/1053] Building C object esp-idf/esp_system/CMakeFiles/__idf_esp_system.dir/port/arch/xtensa/debug_helpers.c.obj
[636/1053] Building C object esp-idf/esp_system/CMakeFiles/__idf_esp_system.dir/port/arch/xtensa/trax.c.obj
[637/1053] Building C object esp-idf/esp_system/CMakeFiles/__idf_esp_system.dir/port/soc/esp32s3/reset_reason.c.obj
[638/1053] Building C object esp-idf/spi_flash/CMakeFiles/__idf_spi_flash.dir/spi_flash_chip_issi.c.obj
[639/1053] Building C object esp-idf/spi_flash/CMakeFiles/__idf_spi_flash.dir/spi_flash_hpm_enable.c.obj
[827/1053] Building C object esp-idf/mbedtls/mbedtls/library/CMakeFiles/mbedcrypto.dir/psa_crypto.c.obj
[640/1053] Building C object esp-idf/spi_flash/CMakeFiles/__idf_spi_flash.dir/spi_flash_chip_drivers.c.obj
[641/1053] Linking C static library esp-idf/esp_rom/libesp_rom.a
[642/1053] Building C object esp-idf/spi_flash/CMakeFiles/__idf_spi_flash.dir/esp32s3/spi_flash_oct_flash_init.c.obj
[643/1053] Building C object esp-idf/esp_system/CMakeFiles/__idf_esp_system.dir/port/soc/esp32s3/system_internal.c.obj
[644/1053] Building C object esp-idf/spi_flash/CMakeFiles/__idf_spi_flash.dir/spi_flash_chip_boya.c.obj
[645/1053] Building C object esp-idf/spi_flash/CMakeFiles/__idf_spi_flash.dir/spi_flash_chip_gd.c.obj
[829/1051] Linking CXX static library esp-idf/mbedtls/mbedtls/library/libmbedcrypto.a
[646/1053] Building C object esp-idf/esp_system/CMakeFiles/__idf_esp_system.dir/port/soc/esp32s3/clk.c.obj
[647/1053] Building C object esp-idf/spi_flash/CMakeFiles/__idf_spi_flash.dir/spi_flash_chip_th.c.obj
[648/1053] Building C object esp-idf/spi_flash/CMakeFiles/__idf_spi_flash.dir/spi_flash_chip_winbond.c.obj
[649/1053] Linking C static library esp-idf/esp_common/libesp_common.a
[650/1053] Building C object esp-idf/esp_system/CMakeFiles/__idf_esp_system.dir/port/soc/esp32s3/cache_err_int.c.obj
[830/1051] Linking CXX static library esp-idf/mbedtls/mbedtls/3rdparty/p256-m/libp256m.a
[651/1053] Building C object esp-idf/spi_flash/CMakeFiles/__idf_spi_flash.dir/spi_flash_chip_mxic.c.obj
[652/1053] Building C object esp-idf/esp_mm/CMakeFiles/__idf_esp_mm.dir/port/esp32s3/ext_mem_layout.c.obj
[831/1051] Linking CXX static library esp-idf/mbedtls/mbedtls/3rdparty/everest/libeverest.a
[653/1053] Building C object esp-idf/spi_flash/CMakeFiles/__idf_spi_flash.dir/memspi_host_driver.c.obj
[654/1053] Building C object esp-idf/spi_flash/CMakeFiles/__idf_spi_flash.dir/spi_flash_chip_generic.c.obj
[655/1053] Building C object esp-idf/spi_flash/CMakeFiles/__idf_spi_flash.dir/spi_flash_chip_mxic_opi.c.obj
[656/1053] Building C object esp-idf/spi_flash/CMakeFiles/__idf_spi_flash.dir/spi_flash_os_func_noos.c.obj
[657/1053] Building C object esp-idf/spi_flash/CMakeFiles/__idf_spi_flash.dir/flash_mmap.c.obj
[658/1053] Building C object esp-idf/esp_mm/CMakeFiles/__idf_esp_mm.dir/esp_cache_utils.c.obj
[659/1053] Building C object esp-idf/spi_flash/CMakeFiles/__idf_spi_flash.dir/spi_flash_wrap.c.obj
[660/1053] Linking C static library esp-idf/esp_system/libesp_system.a
[661/1053] Building C object esp-idf/esp_mm/CMakeFiles/__idf_esp_mm.dir/heap_align_hw.c.obj
[662/1053] Building C object esp-idf/spi_flash/CMakeFiles/__idf_spi_flash.dir/spi_flash_os_func_app.c.obj
[828/1053] Linking CXX static library esp-idf/mbedtls/mbedtls/library/libmbedcrypto.a
[663/1053] Building C object esp-idf/spi_flash/CMakeFiles/__idf_spi_flash.dir/flash_ops.c.obj
[664/1053] Building C object esp-idf/bootloader_support/CMakeFiles/__idf_bootloader_support.dir/src/bootloader_mem.c.obj
[665/1053] Building C object esp-idf/esp_mm/CMakeFiles/__idf_esp_mm.dir/esp_cache_msync.c.obj
[666/1053] Building C object esp-idf/spi_flash/CMakeFiles/__idf_spi_flash.dir/cache_utils.c.obj
[667/1053] Building C object esp-idf/bootloader_support/CMakeFiles/__idf_bootloader_support.dir/src/bootloader_clock_init.c.obj
[829/1053] Linking CXX static library esp-idf/mbedtls/mbedtls/3rdparty/p256-m/libp256m.a
[668/1053] Building C object esp-idf/bootloader_support/CMakeFiles/__idf_bootloader_support.dir/src/bootloader_efuse.c.obj
[669/1053] Building C object esp-idf/bootloader_support/CMakeFiles/__idf_bootloader_support.dir/src/bootloader_random.c.obj
[670/1053] Building C object esp-idf/spi_flash/CMakeFiles/__idf_spi_flash.dir/esp_flash_spi_init.c.obj
[832/1051] Generating x509_crt_bundle
[830/1053] Linking CXX static library esp-idf/mbedtls/mbedtls/3rdparty/everest/libeverest.a
[671/1053] Building C object esp-idf/bootloader_support/CMakeFiles/__idf_bootloader_support.dir/src/flash_partitions.c.obj
[672/1053] Building C object esp-idf/bootloader_support/CMakeFiles/__idf_bootloader_support.dir/src/bootloader_common_loader.c.obj
[673/1053] Building C object esp-idf/bootloader_support/CMakeFiles/__idf_bootloader_support.dir/src/bootloader_common.c.obj
[674/1053] Building C object esp-idf/mbedtls/mbedtls/library/CMakeFiles/mbedtls.dir/debug.c.obj
[675/1053] Building C object esp-idf/mbedtls/mbedtls/library/CMakeFiles/mbedtls.dir/mps_reader.c.obj
[676/1053] Building C object esp-idf/bootloader_support/CMakeFiles/__idf_bootloader_support.dir/src/bootloader_sha.c.obj
[677/1053] Building C object esp-idf/bootloader_support/CMakeFiles/__idf_bootloader_support.dir/src/esp32s3/secure_boot_secure_features.c.obj
[678/1053] Building C object esp-idf/bootloader_support/CMakeFiles/__idf_bootloader_support.dir/src/flash_encrypt.c.obj
[679/1053] Building C object esp-idf/mbedtls/mbedtls/library/CMakeFiles/mbedtls.dir/mps_trace.c.obj
[680/1053] Building C object esp-idf/spi_flash/CMakeFiles/__idf_spi_flash.dir/esp_flash_api.c.obj
[681/1053] Building C object esp-idf/bootloader_support/CMakeFiles/__idf_bootloader_support.dir/src/secure_boot.c.obj
[682/1053] Building C object esp-idf/bootloader_support/CMakeFiles/__idf_bootloader_support.dir/bootloader_flash/src/bootloader_flash_config_esp32s3.c.obj
[683/1053] Building C object esp-idf/bootloader_support/CMakeFiles/__idf_bootloader_support.dir/src/bootloader_random_esp32s3.c.obj
[684/1053] Building C object esp-idf/bootloader_support/CMakeFiles/__idf_bootloader_support.dir/bootloader_flash/src/bootloader_flash.c.obj
[685/1053] Building C object esp-idf/bootloader_support/CMakeFiles/__idf_bootloader_support.dir/bootloader_flash/src/flash_qio_mode.c.obj
[686/1053] Building C object esp-idf/esp_mm/CMakeFiles/__idf_esp_mm.dir/esp_mmu_map.c.obj
[687/1053] Building C object esp-idf/mbedtls/mbedtls/library/CMakeFiles/mbedtls.dir/ssl_cookie.c.obj
[833/1051] Generating ../../x509_crt_bundle.S
[688/1053] Linking C static library esp-idf/spi_flash/libspi_flash.a
[689/1053] Building C object esp-idf/mbedtls/mbedtls/library/CMakeFiles/mbedtls.dir/ssl_cache.c.obj
[690/1053] Building C object esp-idf/mbedtls/mbedtls/library/CMakeFiles/mbedtls.dir/ssl_ciphersuites.c.obj
[691/1053] Building C object esp-idf/mbedtls/mbedtls/library/CMakeFiles/mbedtls.dir/ssl_tls13_keys.c.obj
[692/1053] Building C object esp-idf/mbedtls/mbedtls/library/CMakeFiles/mbedtls.dir/ssl_tls13_server.c.obj
[693/1053] Building C object esp-idf/mbedtls/mbedtls/library/CMakeFiles/mbedtls.dir/ssl_tls13_client.c.obj
[694/1053] Building C object esp-idf/mbedtls/mbedtls/library/CMakeFiles/mbedtls.dir/ssl_debug_helpers_generated.c.obj
[695/1053] Linking C static library esp-idf/esp_mm/libesp_mm.a
[696/1053] Building C object esp-idf/bootloader_support/CMakeFiles/__idf_bootloader_support.dir/src/esp_image_format.c.obj
[697/1053] Building C object esp-idf/mbedtls/mbedtls/library/CMakeFiles/mbedtls.dir/ssl_tls13_generic.c.obj
[698/1053] Building C object esp-idf/mbedtls/mbedtls/library/CMakeFiles/mbedtls.dir/ssl_client.c.obj
[834/1051] Building ASM object esp-idf/mbedtls/CMakeFiles/__idf_mbedtls.dir/__/__/x509_crt_bundle.S.obj
[835/1051] Building C object esp-idf/esp_pm/CMakeFiles/__idf_esp_pm.dir/pm_trace.c.obj
[699/1053] Building C object esp-idf/mbedtls/mbedtls/library/CMakeFiles/mbedtls.dir/ssl_ticket.c.obj
[836/1051] Building C object esp-idf/esp_driver_gpio/CMakeFiles/__idf_esp_driver_gpio.dir/src/gpio_glitch_filter_ops.c.obj
[837/1051] Building C object esp-idf/esp_security/CMakeFiles/__idf_esp_security.dir/src/esp_crypto_lock.c.obj
[700/1053] Building C object 'esp-idf/mbedtls/mbedtls/library/CMakeFiles/mbedtls.dir/home/tikhon/Документы/magnolia/esp-idf/components/mbedtls/port/mbedtls_debug.c.obj'
[701/1053] Building C object 'esp-idf/mbedtls/mbedtls/library/CMakeFiles/mbedtls.dir/home/tikhon/Документы/magnolia/esp-idf/components/mbedtls/port/esp_platform_time.c.obj'
[702/1053] Building C object esp-idf/mbedtls/mbedtls/library/CMakeFiles/mbedx509.dir/x509_create.c.obj
[703/1053] Building C object esp-idf/bootloader_support/CMakeFiles/__idf_bootloader_support.dir/src/bootloader_utility.c.obj
[838/1051] Building C object esp-idf/esp_security/CMakeFiles/__idf_esp_security.dir/src/init.c.obj
[704/1053] Building C object esp-idf/mbedtls/mbedtls/library/CMakeFiles/mbedx509.dir/x509write_crt.c.obj
[705/1053] Building C object esp-idf/mbedtls/mbedtls/library/CMakeFiles/mbedx509.dir/x509write.c.obj
[706/1053] Building C object esp-idf/mbedtls/mbedtls/library/CMakeFiles/mbedx509.dir/x509write_csr.c.obj
[839/1051] Building C object esp-idf/esp_security/CMakeFiles/__idf_esp_security.dir/src/esp_crypto_periph_clk.c.obj
[840/1051] Building C object esp-idf/esp_security/CMakeFiles/__idf_esp_security.dir/src/esp_hmac.c.obj
[707/1053] Building C object esp-idf/mbedtls/mbedtls/library/CMakeFiles/mbedcrypto.dir/aesce.c.obj
[841/1051] Building C object esp-idf/esp_pm/CMakeFiles/__idf_esp_pm.dir/pm_locks.c.obj
[842/1051] Building C object esp-idf/efuse/CMakeFiles/__idf_efuse.dir/esp32s3/esp_efuse_fields.c.obj
[843/1051] Building C object esp-idf/efuse/CMakeFiles/__idf_efuse.dir/esp32s3/esp_efuse_rtc_calib.c.obj
[844/1051] Building C object esp-idf/efuse/CMakeFiles/__idf_efuse.dir/esp32s3/esp_efuse_table.c.obj
[708/1053] Building C object esp-idf/mbedtls/mbedtls/library/CMakeFiles/mbedcrypto.dir/aesni.c.obj
[709/1053] Building C object esp-idf/mbedtls/mbedtls/library/CMakeFiles/mbedx509.dir/x509_csr.c.obj
[831/1053] Generating x509_crt_bundle
[845/1051] Building C object esp-idf/efuse/CMakeFiles/__idf_efuse.dir/esp32s3/esp_efuse_utility.c.obj
-- Generating done (0.7s)
[710/1053] Building C object esp-idf/mbedtls/mbedtls/library/CMakeFiles/mbedcrypto.dir/aes.c.obj
[711/1053] Linking C static library esp-idf/bootloader_support/libbootloader_support.a
[846/1051] Building C object esp-idf/efuse/CMakeFiles/__idf_efuse.dir/src/esp_efuse_fields.c.obj
[847/1051] Building C object esp-idf/efuse/CMakeFiles/__idf_efuse.dir/src/esp_efuse_startup.c.obj
[848/1051] Building C object esp-idf/app_update/CMakeFiles/__idf_app_update.dir/esp_ota_app_desc.c.obj
-- Build files have been written to: /home/tikhon/Документы/magnolia/applets/rust/rxxd/build
[849/1051] Building C object esp-idf/mbedtls/CMakeFiles/__idf_mbedtls.dir/esp_crt_bundle/esp_crt_bundle.c.obj
[850/1051] Building C object esp-idf/esp_driver_gpio/CMakeFiles/__idf_esp_driver_gpio.dir/src/gpio_pin_glitch_filter.c.obj
[712/1053] Building C object esp-idf/mbedtls/mbedtls/library/CMakeFiles/mbedcrypto.dir/bignum_mod_raw.c.obj
[851/1051] Building C object esp-idf/esp_security/CMakeFiles/__idf_esp_security.dir/src/esp_ds.c.obj
[852/1051] Building C object esp-idf/xtensa/CMakeFiles/__idf_xtensa.dir/eri.c.obj
[853/1051] Building C object esp-idf/esp_bootloader_format/CMakeFiles/__idf_esp_bootloader_format.dir/esp_bootloader_desc.c.obj
[854/1051] Building C object esp-idf/xtensa/CMakeFiles/__idf_xtensa.dir/xt_trax.c.obj
[855/1051] Building C object esp-idf/esp_pm/CMakeFiles/__idf_esp_pm.dir/pm_impl.c.obj
[856/1051] Building C object esp-idf/efuse/CMakeFiles/__idf_efuse.dir/src/efuse_controller/keys/with_key_purposes/esp_efuse_api_key.c.obj
[857/1051] Linking C static library esp-idf/mbedtls/libmbedtls.a
[713/1053] Building C object esp-idf/mbedtls/mbedtls/library/CMakeFiles/mbedcrypto.dir/bignum_mod.c.obj
[858/1051] Building C object esp-idf/esp_driver_gpio/CMakeFiles/__idf_esp_driver_gpio.dir/src/rtc_io.c.obj
[859/1051] Building C object esp-idf/efuse/CMakeFiles/__idf_efuse.dir/src/esp_efuse_api.c.obj
[714/1053] Building C object esp-idf/mbedtls/mbedtls/library/CMakeFiles/mbedx509.dir/x509_crl.c.obj
[860/1051] Building C object esp-idf/esp_app_format/CMakeFiles/__idf_esp_app_format.dir/esp_app_desc.c.obj
[715/1053] Building C object esp-idf/mbedtls/mbedtls/library/CMakeFiles/mbedcrypto.dir/asn1write.c.obj
[861/1051] Building ASM object esp-idf/xtensa/CMakeFiles/__idf_xtensa.dir/xtensa_context.S.obj
[716/1053] Building C object esp-idf/mbedtls/mbedtls/library/CMakeFiles/mbedx509.dir/pkcs7.c.obj
[862/1051] Building ASM object esp-idf/xtensa/CMakeFiles/__idf_xtensa.dir/xtensa_intr_asm.S.obj
[863/1051] Building C object esp-idf/efuse/CMakeFiles/__idf_efuse.dir/src/esp_efuse_utility.c.obj
[864/1051] Building ASM object esp-idf/xtensa/CMakeFiles/__idf_xtensa.dir/xtensa_vectors.S.obj
[717/1053] Building C object esp-idf/mbedtls/mbedtls/library/CMakeFiles/mbedtls.dir/ssl_msg.c.obj
[718/1053] Building C object esp-idf/mbedtls/mbedtls/library/CMakeFiles/mbedcrypto.dir/camellia.c.obj
[865/1051] Linking C static library esp-idf/esp_pm/libesp_pm.a
[719/1053] Building C object esp-idf/mbedtls/mbedtls/library/CMakeFiles/mbedtls.dir/ssl_tls12_client.c.obj
[720/1053] Building C object esp-idf/mbedtls/mbedtls/library/CMakeFiles/mbedcrypto.dir/block_cipher.c.obj
[866/1051] Building C object esp-idf/esp_partition/CMakeFiles/__idf_esp_partition.dir/partition_target.c.obj
[721/1053] Building C object esp-idf/mbedtls/mbedtls/library/CMakeFiles/mbedcrypto.dir/chacha20.c.obj
[722/1053] Building C object esp-idf/mbedtls/mbedtls/library/CMakeFiles/mbedcrypto.dir/chachapoly.c.obj
[867/1051] Building C object esp-idf/esp_driver_gpio/CMakeFiles/__idf_esp_driver_gpio.dir/src/dedic_gpio.c.obj
[723/1053] Building C object esp-idf/mbedtls/mbedtls/library/CMakeFiles/mbedcrypto.dir/asn1parse.c.obj
[724/1053] Building C object esp-idf/mbedtls/mbedtls/library/CMakeFiles/mbedcrypto.dir/base64.c.obj
[868/1051] Building C object esp-idf/esp_partition/CMakeFiles/__idf_esp_partition.dir/partition.c.obj
[869/1051] Building C object esp-idf/console/CMakeFiles/__idf_console.dir/commands.c.obj
[725/1053] Building C object esp-idf/mbedtls/mbedtls/library/CMakeFiles/mbedcrypto.dir/aria.c.obj
[870/1051] Building C object esp-idf/console/CMakeFiles/__idf_console.dir/argtable3/arg_cmd.c.obj
[726/1053] Building C object 'esp-idf/mbedtls/mbedtls/library/CMakeFiles/mbedtls.dir/home/tikhon/Документы/magnolia/esp-idf/components/mbedtls/port/net_sockets.c.obj'
[871/1051] Building C object esp-idf/console/CMakeFiles/__idf_console.dir/argtable3/arg_end.c.obj
[872/1051] Building C object esp-idf/console/CMakeFiles/__idf_console.dir/split_argv.c.obj
[873/1051] Building C object esp-idf/console/CMakeFiles/__idf_console.dir/esp_console_repl_internal.c.obj
[874/1051] Building C object esp-idf/xtensa/CMakeFiles/__idf_xtensa.dir/xtensa_intr.c.obj
[727/1053] Building C object esp-idf/mbedtls/mbedtls/library/CMakeFiles/mbedcrypto.dir/bignum_core.c.obj
[728/1053] Building C object esp-idf/mbedtls/mbedtls/library/CMakeFiles/mbedcrypto.dir/constant_time.c.obj
[875/1051] Building C object esp-idf/console/CMakeFiles/__idf_console.dir/argtable3/arg_file.c.obj
[729/1053] Building C object esp-idf/mbedtls/mbedtls/library/CMakeFiles/mbedcrypto.dir/des.c.obj
[876/1051] Building C object esp-idf/console/CMakeFiles/__idf_console.dir/argtable3/arg_dbl.c.obj
[832/1053] Generating ../../x509_crt_bundle.S
[877/1051] Building C object esp-idf/esp_driver_gpio/CMakeFiles/__idf_esp_driver_gpio.dir/src/gpio.c.obj
[730/1053] Building C object esp-idf/mbedtls/mbedtls/library/CMakeFiles/mbedx509.dir/x509.c.obj
[878/1051] Building C object esp-idf/console/CMakeFiles/__idf_console.dir/argtable3/arg_int.c.obj
[879/1051] Building C object esp-idf/console/CMakeFiles/__idf_console.dir/esp_console_repl_chip.c.obj
[731/1053] Building C object esp-idf/mbedtls/mbedtls/library/CMakeFiles/mbedtls.dir/ssl_tls12_server.c.obj
[0/4] Re-checking globbed directories...
[880/1051] Building C object esp-idf/console/CMakeFiles/__idf_console.dir/argtable3/arg_rem.c.obj
[732/1053] Building C object esp-idf/mbedtls/mbedtls/library/CMakeFiles/mbedcrypto.dir/ecjpake.c.obj
[881/1051] Building C object esp-idf/console/CMakeFiles/__idf_console.dir/argtable3/arg_lit.c.obj
[882/1051] Linking C static library esp-idf/esp_driver_gpio/libesp_driver_gpio.a
[883/1051] Building C object esp-idf/console/CMakeFiles/__idf_console.dir/argtable3/arg_dstr.c.obj
[733/1053] Building C object esp-idf/mbedtls/mbedtls/library/CMakeFiles/mbedcrypto.dir/ccm.c.obj
[884/1051] Building C object esp-idf/console/CMakeFiles/__idf_console.dir/esp_console_common.c.obj
[885/1051] Building C object esp-idf/console/CMakeFiles/__idf_console.dir/argtable3/arg_hashtable.c.obj
[833/1053] Building ASM object esp-idf/mbedtls/CMakeFiles/__idf_mbedtls.dir/__/__/x509_crt_bundle.S.obj
[734/1053] Building C object esp-idf/mbedtls/mbedtls/library/CMakeFiles/mbedcrypto.dir/ecdh.c.obj
[886/1051] Linking C static library esp-idf/esp_security/libesp_security.a
[887/1051] Building C object esp-idf/console/CMakeFiles/__idf_console.dir/argtable3/arg_str.c.obj
[888/1051] Building C object esp-idf/unity/CMakeFiles/__idf_unity.dir/unity_compat.c.obj
[735/1053] Building C object esp-idf/mbedtls/mbedtls/library/CMakeFiles/mbedcrypto.dir/ctr_drbg.c.obj
[736/1053] Building C object esp-idf/mbedtls/mbedtls/library/CMakeFiles/mbedcrypto.dir/ecp_curves_new.c.obj
[889/1051] Building C object esp-idf/console/CMakeFiles/__idf_console.dir/argtable3/arg_utils.c.obj
[737/1053] Building C object esp-idf/mbedtls/mbedtls/library/CMakeFiles/mbedcrypto.dir/cmac.c.obj
[834/1053] Building C object esp-idf/esp_driver_gpio/CMakeFiles/__idf_esp_driver_gpio.dir/src/gpio_glitch_filter_ops.c.obj
[835/1053] Building C object esp-idf/esp_pm/CMakeFiles/__idf_esp_pm.dir/pm_locks.c.obj
[738/1053] Building C object esp-idf/mbedtls/mbedtls/library/CMakeFiles/mbedcrypto.dir/cipher_wrap.c.obj
[836/1053] Building C object esp-idf/esp_pm/CMakeFiles/__idf_esp_pm.dir/pm_trace.c.obj
[837/1053] Building C object esp-idf/esp_security/CMakeFiles/__idf_esp_security.dir/src/esp_crypto_lock.c.obj
[890/1051] Building C object esp-idf/console/CMakeFiles/__idf_console.dir/argtable3/arg_date.c.obj
[838/1053] Building C object esp-idf/esp_driver_gpio/CMakeFiles/__idf_esp_driver_gpio.dir/src/gpio_pin_glitch_filter.c.obj
[839/1053] Building C object esp-idf/efuse/CMakeFiles/__idf_efuse.dir/esp32s3/esp_efuse_table.c.obj
[739/1053] Building C object esp-idf/mbedtls/mbedtls/library/CMakeFiles/mbedcrypto.dir/entropy_poll.c.obj
[891/1051] Building C object esp-idf/protocomm/CMakeFiles/__idf_protocomm.dir/proto-c/constants.pb-c.c.obj
[740/1053] Building C object esp-idf/mbedtls/mbedtls/library/CMakeFiles/mbedcrypto.dir/dhm.c.obj
[1/1053] Generating /home/tikhon/Документы/magnolia/applets/rust/rxxd/build/esp-idf/esp_system/ld/memory.ld linker script...
[2/1053] Generating /home/tikhon/Документы/magnolia/applets/rust/rxxd/build/esp-idf/esp_system/ld/sections.ld.in linker script...
[741/1053] Building C object esp-idf/mbedtls/mbedtls/library/CMakeFiles/mbedcrypto.dir/hkdf.c.obj
[892/1051] Linking C static library esp-idf/efuse/libefuse.a
[742/1053] Building C object esp-idf/mbedtls/mbedtls/library/CMakeFiles/mbedcrypto.dir/lmots.c.obj
[743/1053] Building C object esp-idf/mbedtls/mbedtls/library/CMakeFiles/mbedcrypto.dir/ecdsa.c.obj
[840/1053] Building C object esp-idf/esp_security/CMakeFiles/__idf_esp_security.dir/src/init.c.obj
[841/1053] Building C object esp-idf/esp_security/CMakeFiles/__idf_esp_security.dir/src/esp_crypto_periph_clk.c.obj
[893/1051] Building C object esp-idf/unity/CMakeFiles/__idf_unity.dir/unity_port_esp32.c.obj
[744/1053] Building C object esp-idf/mbedtls/mbedtls/library/CMakeFiles/mbedcrypto.dir/lms.c.obj
[894/1051] Building C object esp-idf/unity/CMakeFiles/__idf_unity.dir/unity_utils_cache.c.obj
[842/1053] Building C object esp-idf/esp_security/CMakeFiles/__idf_esp_security.dir/src/esp_hmac.c.obj
[895/1051] Building C object esp-idf/unity/CMakeFiles/__idf_unity.dir/unity_utils_memory.c.obj
[843/1053] Building C object esp-idf/mbedtls/CMakeFiles/__idf_mbedtls.dir/esp_crt_bundle/esp_crt_bundle.c.obj
[896/1051] Linking C static library esp-idf/esp_partition/libesp_partition.a
[745/1053] Building C object esp-idf/mbedtls/mbedtls/library/CMakeFiles/mbedx509.dir/x509_crt.c.obj
[897/1051] Building C object esp-idf/app_update/CMakeFiles/__idf_app_update.dir/esp_ota_ops.c.obj
[844/1053] Building C object esp-idf/efuse/CMakeFiles/__idf_efuse.dir/esp32s3/esp_efuse_fields.c.obj
[845/1053] Building C object esp-idf/efuse/CMakeFiles/__idf_efuse.dir/esp32s3/esp_efuse_rtc_calib.c.obj
[898/1051] Building C object esp-idf/unity/CMakeFiles/__idf_unity.dir/unity_utils_freertos.c.obj
[746/1053] Building C object esp-idf/mbedtls/mbedtls/library/CMakeFiles/mbedcrypto.dir/memory_buffer_alloc.c.obj
[747/1053] Building C object esp-idf/mbedtls/mbedtls/library/CMakeFiles/mbedcrypto.dir/hmac_drbg.c.obj
[899/1051] Building C object esp-idf/unity/CMakeFiles/__idf_unity.dir/unity_runner.c.obj
[846/1053] Building C object esp-idf/esp_security/CMakeFiles/__idf_esp_security.dir/src/esp_ds.c.obj
[900/1051] Building C object esp-idf/unity/CMakeFiles/__idf_unity.dir/port/esp/unity_utils_memory_esp.c.obj
[748/1053] Building C object esp-idf/mbedtls/mbedtls/library/CMakeFiles/mbedcrypto.dir/nist_kw.c.obj
[847/1053] Linking C static library esp-idf/mbedtls/libmbedtls.a
[901/1051] Building C object esp-idf/protocomm/CMakeFiles/__idf_protocomm.dir/proto-c/sec0.pb-c.c.obj
[902/1051] Building C object esp-idf/console/CMakeFiles/__idf_console.dir/linenoise/linenoise.c.obj
[749/1053] Building C object esp-idf/mbedtls/mbedtls/library/CMakeFiles/mbedcrypto.dir/bignum.c.obj
[903/1051] Building C object esp-idf/console/CMakeFiles/__idf_console.dir/argtable3/arg_rex.c.obj
[750/1053] Building C object esp-idf/mbedtls/mbedtls/library/CMakeFiles/mbedcrypto.dir/entropy.c.obj
[904/1051] Linking C static library esp-idf/app_update/libapp_update.a
[751/1053] Building C object esp-idf/mbedtls/mbedtls/library/CMakeFiles/mbedcrypto.dir/md5.c.obj
[848/1053] Building C object esp-idf/efuse/CMakeFiles/__idf_efuse.dir/esp32s3/esp_efuse_utility.c.obj
[905/1051] Building C object esp-idf/protocomm/CMakeFiles/__idf_protocomm.dir/proto-c/session.pb-c.c.obj
[849/1053] Building C object esp-idf/efuse/CMakeFiles/__idf_efuse.dir/src/esp_efuse_fields.c.obj
[752/1053] Building C object esp-idf/mbedtls/mbedtls/library/CMakeFiles/mbedcrypto.dir/padlock.c.obj
[850/1053] Building C object esp-idf/esp_bootloader_format/CMakeFiles/__idf_esp_bootloader_format.dir/esp_bootloader_desc.c.obj
[906/1051] Linking C static library esp-idf/esp_bootloader_format/libesp_bootloader_format.a
[851/1053] Building C object esp-idf/efuse/CMakeFiles/__idf_efuse.dir/src/esp_efuse_utility.c.obj
[753/1053] Building C object esp-idf/mbedtls/mbedtls/library/CMakeFiles/mbedcrypto.dir/pem.c.obj
[852/1053] Building C object esp-idf/xtensa/CMakeFiles/__idf_xtensa.dir/eri.c.obj
[853/1053] Building C object esp-idf/efuse/CMakeFiles/__idf_efuse.dir/src/esp_efuse_startup.c.obj
[907/1051] Building C object esp-idf/protocomm/CMakeFiles/__idf_protocomm.dir/proto-c/sec2.pb-c.c.obj
[854/1053] Building C object esp-idf/xtensa/CMakeFiles/__idf_xtensa.dir/xt_trax.c.obj
[908/1051] Building C object esp-idf/console/CMakeFiles/__idf_console.dir/argtable3/argtable3.c.obj
[855/1053] Building ASM object esp-idf/xtensa/CMakeFiles/__idf_xtensa.dir/xtensa_intr_asm.S.obj
[754/1053] Building C object esp-idf/mbedtls/mbedtls/library/CMakeFiles/mbedcrypto.dir/cipher.c.obj
[856/1053] Building ASM object esp-idf/xtensa/CMakeFiles/__idf_xtensa.dir/xtensa_context.S.obj
[909/1051] Building C object esp-idf/protocomm/CMakeFiles/__idf_protocomm.dir/proto-c/sec1.pb-c.c.obj
[857/1053] Building C object esp-idf/app_update/CMakeFiles/__idf_app_update.dir/esp_ota_app_desc.c.obj
[755/1053] Building C object esp-idf/mbedtls/mbedtls/library/CMakeFiles/mbedcrypto.dir/error.c.obj
[910/1051] Building C object esp-idf/protocomm/CMakeFiles/__idf_protocomm.dir/src/crypto/srp6a/esp_srp_mpi.c.obj
[3/1053] Building C object esp-idf/esp_http_client/CMakeFiles/__idf_esp_http_client.dir/lib/http_utils.c.obj
[911/1051] Linking C static library esp-idf/esp_app_format/libesp_app_format.a
[858/1053] Building C object esp-idf/efuse/CMakeFiles/__idf_efuse.dir/src/esp_efuse_api.c.obj
[912/1051] Building CXX object esp-idf/wear_levelling/CMakeFiles/__idf_wear_levelling.dir/crc32.cpp.obj
[859/1053] Building ASM object esp-idf/xtensa/CMakeFiles/__idf_xtensa.dir/xtensa_vectors.S.obj
[4/1053] Building C object esp-idf/esp_http_client/CMakeFiles/__idf_esp_http_client.dir/lib/http_header.c.obj
[860/1053] Building C object esp-idf/esp_partition/CMakeFiles/__idf_esp_partition.dir/partition.c.obj
[756/1053] Building C object esp-idf/mbedtls/mbedtls/library/CMakeFiles/mbedcrypto.dir/platform.c.obj
[913/1051] Building CXX object esp-idf/wear_levelling/CMakeFiles/__idf_wear_levelling.dir/Partition.cpp.obj
[861/1053] Building C object esp-idf/esp_app_format/CMakeFiles/__idf_esp_app_format.dir/esp_app_desc.c.obj
[862/1053] Building C object esp-idf/esp_pm/CMakeFiles/__idf_esp_pm.dir/pm_impl.c.obj
[863/1053] Building C object esp-idf/esp_partition/CMakeFiles/__idf_esp_partition.dir/partition_target.c.obj
[864/1053] Building C object esp-idf/xtensa/CMakeFiles/__idf_xtensa.dir/xtensa_intr.c.obj
[865/1053] Building C object esp-idf/esp_driver_gpio/CMakeFiles/__idf_esp_driver_gpio.dir/src/rtc_io.c.obj
[914/1051] Linking C static library esp-idf/xtensa/libxtensa.a
[757/1053] Building C object esp-idf/mbedtls/mbedtls/library/CMakeFiles/mbedcrypto.dir/ecp_curves.c.obj
[758/1053] Building C object esp-idf/mbedtls/mbedtls/library/CMakeFiles/mbedcrypto.dir/platform_util.c.obj
[915/1051] Building C object esp-idf/protocomm/CMakeFiles/__idf_protocomm.dir/src/transports/protocomm_httpd.c.obj
[759/1053] Building C object esp-idf/mbedtls/mbedtls/library/CMakeFiles/mbedcrypto.dir/poly1305.c.obj
[916/1051] Building CXX object esp-idf/wear_levelling/CMakeFiles/__idf_wear_levelling.dir/SPI_Flash.cpp.obj
[866/1053] Building C object esp-idf/esp_driver_gpio/CMakeFiles/__idf_esp_driver_gpio.dir/src/dedic_gpio.c.obj
[760/1053] Building C object esp-idf/mbedtls/mbedtls/library/CMakeFiles/mbedcrypto.dir/pk_ecc.c.obj
[917/1051] Building C object esp-idf/protocomm/CMakeFiles/__idf_protocomm.dir/src/transports/protocomm_console.c.obj
[867/1053] Linking C static library esp-idf/esp_pm/libesp_pm.a
[918/1051] Building C object esp-idf/unity/CMakeFiles/__idf_unity.dir/unity/src/unity.c.obj
[919/1051] Building C object esp-idf/protocomm/CMakeFiles/__idf_protocomm.dir/src/common/protocomm.c.obj
[761/1053] Building C object esp-idf/mbedtls/mbedtls/library/CMakeFiles/mbedcrypto.dir/pkcs12.c.obj
[868/1053] Building C object esp-idf/console/CMakeFiles/__idf_console.dir/split_argv.c.obj
[869/1053] Building C object esp-idf/efuse/CMakeFiles/__idf_efuse.dir/src/efuse_controller/keys/with_key_purposes/esp_efuse_api_key.c.obj
[5/1053] Building C object esp-idf/esp_http_server/CMakeFiles/__idf_esp_http_server.dir/src/httpd_ws.c.obj
[6/1053] Building C object esp-idf/esp_http_client/CMakeFiles/__idf_esp_http_client.dir/lib/http_auth.c.obj
[870/1053] Building C object esp-idf/console/CMakeFiles/__idf_console.dir/commands.c.obj
[920/1051] Linking C static library esp-idf/console/libconsole.a
[762/1053] Building C object esp-idf/mbedtls/mbedtls/library/CMakeFiles/mbedcrypto.dir/md.c.obj
[921/1051] Building C object esp-idf/app_trace/CMakeFiles/__idf_app_trace.dir/host_file_io.c.obj
[7/1053] Building C object esp-idf/esp_http_server/CMakeFiles/__idf_esp_http_server.dir/src/util/ctrl_sock.c.obj
[922/1051] Linking C static library esp-idf/unity/libunity.a
[871/1053] Building C object esp-idf/console/CMakeFiles/__idf_console.dir/argtable3/arg_end.c.obj
[872/1053] Building C object esp-idf/console/CMakeFiles/__idf_console.dir/argtable3/arg_dbl.c.obj
[923/1051] Building CXX object esp-idf/wear_levelling/CMakeFiles/__idf_wear_levelling.dir/WL_Ext_Perf.cpp.obj
[924/1051] Building CXX object esp-idf/wear_levelling/CMakeFiles/__idf_wear_levelling.dir/WL_Ext_Safe.cpp.obj
[873/1053] Building C object esp-idf/console/CMakeFiles/__idf_console.dir/argtable3/arg_rem.c.obj
[925/1051] Building C object esp-idf/cmock/CMakeFiles/__idf_cmock.dir/CMock/src/cmock.c.obj
[874/1053] Building C object esp-idf/console/CMakeFiles/__idf_console.dir/esp_console_repl_internal.c.obj
[8/1053] Building C object esp-idf/tcp_transport/CMakeFiles/__idf_tcp_transport.dir/transport_socks_proxy.c.obj
[926/1051] Building C object esp-idf/esp_https_server/CMakeFiles/__idf_esp_https_server.dir/src/https_server.c.obj
[875/1053] Building C object esp-idf/console/CMakeFiles/__idf_console.dir/argtable3/arg_cmd.c.obj
[876/1053] Building C object esp-idf/console/CMakeFiles/__idf_console.dir/argtable3/arg_date.c.obj
[877/1053] Building C object esp-idf/console/CMakeFiles/__idf_console.dir/argtable3/arg_lit.c.obj
[9/1053] Building C object esp-idf/esp_https_ota/CMakeFiles/__idf_esp_https_ota.dir/src/esp_https_ota.c.obj
[10/1053] Building C object esp-idf/tcp_transport/CMakeFiles/__idf_tcp_transport.dir/transport_ssl.c.obj
[763/1053] Building C object esp-idf/mbedtls/mbedtls/library/CMakeFiles/mbedcrypto.dir/pk_wrap.c.obj
[878/1053] Building C object esp-idf/console/CMakeFiles/__idf_console.dir/esp_console_common.c.obj
[764/1053] Building C object esp-idf/mbedtls/mbedtls/library/CMakeFiles/mbedcrypto.dir/psa_crypto_driver_wrappers_no_static.c.obj
[765/1053] Building C object esp-idf/mbedtls/mbedtls/library/CMakeFiles/mbedcrypto.dir/pkcs5.c.obj
[766/1053] Building C object esp-idf/mbedtls/mbedtls/library/CMakeFiles/mbedcrypto.dir/gcm.c.obj
[767/1053] Building C object esp-idf/mbedtls/mbedtls/library/CMakeFiles/mbedcrypto.dir/pk.c.obj
[11/1053] Building C object esp-idf/esp_http_server/CMakeFiles/__idf_esp_http_server.dir/src/httpd_txrx.c.obj
[927/1051] Building CXX object esp-idf/wear_levelling/CMakeFiles/__idf_wear_levelling.dir/wear_levelling.cpp.obj
[879/1053] Building C object esp-idf/console/CMakeFiles/__idf_console.dir/argtable3/arg_dstr.c.obj
[928/1051] Building C object esp-idf/esp_driver_cam/CMakeFiles/__idf_esp_driver_cam.dir/esp_cam_ctlr.c.obj
[880/1053] Building C object esp-idf/console/CMakeFiles/__idf_console.dir/esp_console_repl_chip.c.obj
[12/1053] Linking C static library esp-idf/esp_https_ota/libesp_https_ota.a
[929/1051] Building CXX object esp-idf/wear_levelling/CMakeFiles/__idf_wear_levelling.dir/WL_Flash.cpp.obj
[881/1053] Building C object esp-idf/console/CMakeFiles/__idf_console.dir/argtable3/arg_int.c.obj
[930/1051] Building C object esp-idf/app_trace/CMakeFiles/__idf_app_trace.dir/app_trace_util.c.obj
[931/1051] Building C object esp-idf/protocomm/CMakeFiles/__idf_protocomm.dir/src/crypto/srp6a/esp_srp.c.obj
[768/1053] Building C object esp-idf/mbedtls/mbedtls/library/CMakeFiles/mbedcrypto.dir/psa_crypto_client.c.obj
[13/1053] Building C object esp-idf/esp_http_server/CMakeFiles/__idf_esp_http_server.dir/src/httpd_sess.c.obj
[882/1053] Building C object esp-idf/console/CMakeFiles/__idf_console.dir/argtable3/arg_file.c.obj
[883/1053] Building C object esp-idf/console/CMakeFiles/__idf_console.dir/argtable3/arg_str.c.obj
[14/1053] Building C object esp-idf/esp_adc/CMakeFiles/__idf_esp_adc.dir/adc_cali.c.obj
[769/1053] Building C object esp-idf/mbedtls/mbedtls/library/CMakeFiles/mbedtls.dir/ssl_tls.c.obj
[770/1053] Building C object esp-idf/mbedtls/mbedtls/library/CMakeFiles/mbedcrypto.dir/pkwrite.c.obj
[771/1053] Building C object esp-idf/mbedtls/mbedtls/library/CMakeFiles/mbedcrypto.dir/psa_crypto_cipher.c.obj
[15/1053] Building C object esp-idf/esp_http_server/CMakeFiles/__idf_esp_http_server.dir/src/httpd_uri.c.obj
[884/1053] Building C object esp-idf/unity/CMakeFiles/__idf_unity.dir/unity_compat.c.obj
[772/1053] Building C object esp-idf/mbedtls/mbedtls/library/CMakeFiles/mbedcrypto.dir/oid.c.obj
[16/1053] Building C object esp-idf/esp_adc/CMakeFiles/__idf_esp_adc.dir/adc_common.c.obj
[932/1051] Building C object esp-idf/esp_driver_cam/CMakeFiles/__idf_esp_driver_cam.dir/dvp_share_ctrl.c.obj
[17/1053] Building C object esp-idf/esp_adc/CMakeFiles/__idf_esp_adc.dir/adc_cali_curve_fitting.c.obj
[933/1051] Linking C static library esp-idf/esp_https_server/libesp_https_server.a
[18/1053] Building C object esp-idf/tcp_transport/CMakeFiles/__idf_tcp_transport.dir/transport_internal.c.obj
[773/1053] Building C object esp-idf/mbedtls/mbedtls/library/CMakeFiles/mbedcrypto.dir/pkparse.c.obj
[774/1053] Building C object esp-idf/mbedtls/mbedtls/library/CMakeFiles/mbedcrypto.dir/psa_crypto_se.c.obj
[19/1053] Building C object esp-idf/esp_adc/CMakeFiles/__idf_esp_adc.dir/esp32s3/curve_fitting_coefficients.c.obj
[885/1053] Building C object esp-idf/unity/CMakeFiles/__idf_unity.dir/unity_utils_memory.c.obj
[775/1053] Building C object esp-idf/mbedtls/mbedtls/library/CMakeFiles/mbedcrypto.dir/psa_crypto_hash.c.obj
[934/1051] Building C object esp-idf/app_trace/CMakeFiles/__idf_app_trace.dir/port/port_uart.c.obj
[776/1053] Building C object esp-idf/mbedtls/mbedtls/library/CMakeFiles/mbedcrypto.dir/psa_crypto_pake.c.obj
[886/1053] Building C object esp-idf/console/CMakeFiles/__idf_console.dir/argtable3/arg_utils.c.obj
[935/1051] Building C object esp-idf/app_trace/CMakeFiles/__idf_app_trace.dir/app_trace.c.obj
[777/1053] Linking CXX static library esp-idf/mbedtls/mbedtls/library/libmbedtls.a
[887/1053] Building C object esp-idf/console/CMakeFiles/__idf_console.dir/argtable3/arg_hashtable.c.obj
[778/1053] Building C object esp-idf/mbedtls/mbedtls/library/CMakeFiles/mbedcrypto.dir/psa_crypto_aead.c.obj
[888/1053] Building C object esp-idf/unity/CMakeFiles/__idf_unity.dir/unity_runner.c.obj
[936/1051] Building C object esp-idf/esp_driver_cam/CMakeFiles/__idf_esp_driver_cam.dir/dvp/src/esp_cam_ctlr_dvp_gdma.c.obj
[20/1053] Building C object esp-idf/esp_adc/CMakeFiles/__idf_esp_adc.dir/adc_monitor.c.obj
[21/1053] Building C object esp-idf/esp_http_server/CMakeFiles/__idf_esp_http_server.dir/src/httpd_main.c.obj
[937/1051] Building C object esp-idf/protocomm/CMakeFiles/__idf_protocomm.dir/src/security/security2.c.obj
[889/1053] Building C object esp-idf/unity/CMakeFiles/__idf_unity.dir/port/esp/unity_utils_memory_esp.c.obj
[779/1053] Building C object esp-idf/mbedtls/mbedtls/library/CMakeFiles/mbedcrypto.dir/psa_crypto_storage.c.obj
[22/1053] Building C object esp-idf/esp-tls/CMakeFiles/__idf_esp-tls.dir/esp_tls_platform_port.c.obj
[23/1053] Building C object esp-idf/esp-tls/CMakeFiles/__idf_esp-tls.dir/esp-tls-crypto/esp_tls_crypto.c.obj
[780/1053] Building C object esp-idf/mbedtls/mbedtls/library/CMakeFiles/mbedcrypto.dir/psa_crypto_ffdh.c.obj
[890/1053] Building C object esp-idf/protocomm/CMakeFiles/__idf_protocomm.dir/proto-c/constants.pb-c.c.obj
[781/1053] Building C object esp-idf/mbedtls/mbedtls/library/CMakeFiles/mbedcrypto.dir/ripemd160.c.obj
[891/1053] Building C object esp-idf/unity/CMakeFiles/__idf_unity.dir/unity_utils_cache.c.obj
[24/1053] Building C object esp-idf/tcp_transport/CMakeFiles/__idf_tcp_transport.dir/transport.c.obj
[892/1053] Building C object esp-idf/unity/CMakeFiles/__idf_unity.dir/unity_port_esp32.c.obj
[893/1053] Building C object esp-idf/unity/CMakeFiles/__idf_unity.dir/unity_utils_freertos.c.obj
[782/1053] Building C object esp-idf/mbedtls/mbedtls/library/CMakeFiles/mbedcrypto.dir/psa_util.c.obj
[783/1053] Building C object esp-idf/mbedtls/mbedtls/library/CMakeFiles/mbedcrypto.dir/psa_crypto_ecp.c.obj
[784/1053] Building C object esp-idf/mbedtls/mbedtls/library/CMakeFiles/mbedcrypto.dir/psa_crypto_slot_management.c.obj
[25/1053] Building C object esp-idf/esp_adc/CMakeFiles/__idf_esp_adc.dir/adc_oneshot.c.obj
[785/1053] Building C object esp-idf/mbedtls/mbedtls/library/CMakeFiles/mbedcrypto.dir/psa_crypto_mac.c.obj
[26/1053] Building C object esp-idf/esp-tls/CMakeFiles/__idf_esp-tls.dir/esp_tls_error_capture.c.obj
[894/1053] Building C object esp-idf/console/CMakeFiles/__idf_console.dir/argtable3/arg_rex.c.obj
[786/1053] Building C object esp-idf/mbedtls/mbedtls/library/CMakeFiles/mbedcrypto.dir/timing.c.obj
[938/1051] Building C object esp-idf/json/CMakeFiles/__idf_json.dir/cJSON/cJSON_Utils.c.obj
[895/1053] Building C object esp-idf/protocomm/CMakeFiles/__idf_protocomm.dir/proto-c/session.pb-c.c.obj
[787/1053] Building C object esp-idf/mbedtls/mbedtls/library/CMakeFiles/mbedcrypto.dir/version_features.c.obj
[788/1053] Building C object esp-idf/mbedtls/mbedtls/library/CMakeFiles/mbedcrypto.dir/psa_its_file.c.obj
[939/1051] Building C object esp-idf/esp_lcd/CMakeFiles/__idf_esp_lcd.dir/src/esp_lcd_panel_io.c.obj
[940/1051] Building C object esp-idf/esp_hid/CMakeFiles/__idf_esp_hid.dir/src/esp_hidd.c.obj
[27/1053] Building C object esp-idf/esp_adc/CMakeFiles/__idf_esp_adc.dir/adc_filter.c.obj
[789/1053] Building C object esp-idf/mbedtls/mbedtls/library/CMakeFiles/mbedcrypto.dir/sha256.c.obj
[28/1053] Building C object esp-idf/esp_http_server/CMakeFiles/__idf_esp_http_server.dir/src/httpd_parse.c.obj
[896/1053] Building C object esp-idf/protocomm/CMakeFiles/__idf_protocomm.dir/src/transports/protocomm_console.c.obj
[790/1053] Building C object esp-idf/mbedtls/mbedtls/library/CMakeFiles/mbedcrypto.dir/rsa_alt_helpers.c.obj
[791/1053] Building C object esp-idf/mbedtls/mbedtls/library/CMakeFiles/mbedcrypto.dir/version.c.obj
[941/1051] Building C object esp-idf/esp_hid/CMakeFiles/__idf_esp_hid.dir/src/esp_hid_common.c.obj
[792/1053] Building C object esp-idf/mbedtls/mbedtls/library/CMakeFiles/mbedcrypto.dir/threading.c.obj
[942/1051] Building C object esp-idf/esp_lcd/CMakeFiles/__idf_esp_lcd.dir/src/esp_lcd_common.c.obj
[943/1051] Building C object esp-idf/esp_eth/CMakeFiles/__idf_esp_eth.dir/src/esp_eth_netif_glue.c.obj
[897/1053] Building C object esp-idf/app_update/CMakeFiles/__idf_app_update.dir/esp_ota_ops.c.obj
[793/1053] Building C object 'esp-idf/mbedtls/mbedtls/library/CMakeFiles/mbedcrypto.dir/home/tikhon/Документы/magnolia/esp-idf/components/mbedtls/port/esp_mem.c.obj'
[794/1053] Building C object 'esp-idf/mbedtls/mbedtls/library/CMakeFiles/mbedcrypto.dir/home/tikhon/Документы/magnolia/esp-idf/components/mbedtls/port/esp_timing.c.obj'
[29/1053] Building C object esp-idf/esp_adc/CMakeFiles/__idf_esp_adc.dir/adc_continuous.c.obj
[795/1053] Building C object esp-idf/mbedtls/mbedtls/library/CMakeFiles/mbedcrypto.dir/sha1.c.obj
[898/1053] Building C object esp-idf/protocomm/CMakeFiles/__idf_protocomm.dir/src/crypto/srp6a/esp_srp_mpi.c.obj
[796/1053] Building C object esp-idf/mbedtls/mbedtls/library/CMakeFiles/mbedcrypto.dir/psa_crypto_rsa.c.obj
[30/1053] Building C object esp-idf/esp_adc/CMakeFiles/__idf_esp_adc.dir/gdma/adc_dma.c.obj
[944/1051] Building C object esp-idf/esp_hid/CMakeFiles/__idf_esp_hid.dir/src/esp_hidh.c.obj
[899/1053] Building C object esp-idf/console/CMakeFiles/__idf_console.dir/linenoise/linenoise.c.obj
[797/1053] Building C object 'esp-idf/mbedtls/mbedtls/library/CMakeFiles/mbedcrypto.dir/home/tikhon/Документы/magnolia/esp-idf/components/mbedtls/port/crypto_shared_gdma/esp_crypto_shared_gdma.c.obj'
[31/1053] Linking C static library esp-idf/esp_http_server/libesp_http_server.a
[900/1053] Building C object esp-idf/esp_https_server/CMakeFiles/__idf_esp_https_server.dir/src/https_server.c.obj
[901/1053] Building C object esp-idf/console/CMakeFiles/__idf_console.dir/argtable3/argtable3.c.obj
[902/1053] Building C object esp-idf/protocomm/CMakeFiles/__idf_protocomm.dir/proto-c/sec0.pb-c.c.obj
[903/1053] Building C object esp-idf/protocomm/CMakeFiles/__idf_protocomm.dir/proto-c/sec2.pb-c.c.obj
[945/1051] Building C object esp-idf/esp_eth/CMakeFiles/__idf_esp_eth.dir/src/esp_eth.c.obj
[798/1053] Building C object 'esp-idf/mbedtls/mbedtls/library/CMakeFiles/mbedcrypto.dir/home/tikhon/Документы/magnolia/esp-idf/components/mbedtls/port/sha/core/esp_sha_gdma_impl.c.obj'
[799/1053] Building C object 'esp-idf/mbedtls/mbedtls/library/CMakeFiles/mbedcrypto.dir/home/tikhon/Документы/magnolia/esp-idf/components/mbedtls/port/aes/dma/esp_aes_gdma_impl.c.obj'
[800/1053] Building C object 'esp-idf/mbedtls/mbedtls/library/CMakeFiles/mbedcrypto.dir/home/tikhon/Документы/magnolia/esp-idf/components/mbedtls/port/esp_hardware.c.obj'
[904/1053] Building C object esp-idf/protocomm/CMakeFiles/__idf_protocomm.dir/src/common/protocomm.c.obj
[905/1053] Building C object esp-idf/protocomm/CMakeFiles/__idf_protocomm.dir/src/security/security2.c.obj
[801/1053] Building C object 'esp-idf/mbedtls/mbedtls/library/CMakeFiles/mbedcrypto.dir/home/tikhon/Документы/magnolia/esp-idf/components/mbedtls/port/aes/esp_aes_common.c.obj'
[906/1053] Building CXX object esp-idf/wear_levelling/CMakeFiles/__idf_wear_levelling.dir/crc32.cpp.obj
[802/1053] Building C object esp-idf/mbedtls/mbedtls/library/CMakeFiles/mbedcrypto.dir/sha512.c.obj
[907/1053] Building C object esp-idf/protocomm/CMakeFiles/__idf_protocomm.dir/proto-c/sec1.pb-c.c.obj
[803/1053] Building C object esp-idf/mbedtls/mbedtls/library/CMakeFiles/mbedcrypto.dir/ecp.c.obj
[908/1053] Building CXX object esp-idf/wear_levelling/CMakeFiles/__idf_wear_levelling.dir/Partition.cpp.obj
[946/1051] Building C object esp-idf/esp_lcd/CMakeFiles/__idf_esp_lcd.dir/src/esp_lcd_panel_nt35510.c.obj
[909/1053] Building C object esp-idf/esp_driver_gpio/CMakeFiles/__idf_esp_driver_gpio.dir/src/gpio.c.obj
[910/1053] Building C object esp-idf/unity/CMakeFiles/__idf_unity.dir/unity/src/unity.c.obj
[911/1053] Building CXX object esp-idf/wear_levelling/CMakeFiles/__idf_wear_levelling.dir/SPI_Flash.cpp.obj
[947/1051] Building C object esp-idf/esp_lcd/CMakeFiles/__idf_esp_lcd.dir/src/esp_lcd_panel_ops.c.obj
[912/1053] Building CXX object esp-idf/wear_levelling/CMakeFiles/__idf_wear_levelling.dir/wear_levelling.cpp.obj
[948/1051] Building C object esp-idf/esp_driver_cam/CMakeFiles/__idf_esp_driver_cam.dir/dvp/src/esp_cam_ctlr_dvp_cam.c.obj
[804/1053] Building C object 'esp-idf/mbedtls/mbedtls/library/CMakeFiles/mbedcrypto.dir/home/tikhon/Документы/magnolia/esp-idf/components/mbedtls/port/aes/esp_aes_xts.c.obj'
[32/1053] Building C object esp-idf/esp_http_client/CMakeFiles/__idf_esp_http_client.dir/esp_http_client.c.obj
[805/1053] Building C object 'esp-idf/mbedtls/mbedtls/library/CMakeFiles/mbedcrypto.dir/home/tikhon/Документы/magnolia/esp-idf/components/mbedtls/port/bignum/bignum_alt.c.obj'
[913/1053] Building C object esp-idf/cmock/CMakeFiles/__idf_cmock.dir/CMock/src/cmock.c.obj
[33/1053] Building C object esp-idf/tcp_transport/CMakeFiles/__idf_tcp_transport.dir/transport_ws.c.obj
[949/1051] Building C object esp-idf/json/CMakeFiles/__idf_json.dir/cJSON/cJSON.c.obj
[950/1051] Building C object esp-idf/espcoredump/CMakeFiles/__idf_espcoredump.dir/src/core_dump_init.c.obj
[914/1053] Building C object esp-idf/app_trace/CMakeFiles/__idf_app_trace.dir/app_trace.c.obj
[951/1051] Building C object esp-idf/esp_lcd/CMakeFiles/__idf_esp_lcd.dir/src/esp_lcd_panel_st7789.c.obj
[915/1053] Linking C static library esp-idf/esp_driver_gpio/libesp_driver_gpio.a
[952/1051] Building C object esp-idf/protobuf-c/CMakeFiles/__idf_protobuf-c.dir/protobuf-c/protobuf-c/protobuf-c.c.obj
[806/1053] Building C object 'esp-idf/mbedtls/mbedtls/library/CMakeFiles/mbedcrypto.dir/home/tikhon/Документы/magnolia/esp-idf/components/mbedtls/port/bignum/esp_bignum.c.obj'
[34/1053] Linking C static library esp-idf/esp_http_client/libesp_http_client.a
[916/1053] Building C object esp-idf/protocomm/CMakeFiles/__idf_protocomm.dir/src/crypto/srp6a/esp_srp.c.obj
[807/1053] Building C object 'esp-idf/mbedtls/mbedtls/library/CMakeFiles/mbedcrypto.dir/home/tikhon/Документы/magnolia/esp-idf/components/mbedtls/port/sha/esp_sha.c.obj'
[953/1051] Building C object esp-idf/espcoredump/CMakeFiles/__idf_espcoredump.dir/src/core_dump_common.c.obj
[35/1053] Building C object esp-idf/esp_driver_twai/CMakeFiles/__idf_esp_driver_twai.dir/esp_twai.c.obj
[808/1053] Building C object 'esp-idf/mbedtls/mbedtls/library/CMakeFiles/mbedcrypto.dir/home/tikhon/Документы/magnolia/esp-idf/components/mbedtls/port/esp_ds/esp_rsa_dec_alt.c.obj'
[954/1051] Building C object esp-idf/esp_lcd/CMakeFiles/__idf_esp_lcd.dir/src/esp_lcd_panel_ssd1306.c.obj
[809/1053] Building C object esp-idf/mbedtls/mbedtls/library/CMakeFiles/mbedcrypto.dir/sha3.c.obj
[955/1051] Building C object esp-idf/esp_local_ctrl/CMakeFiles/__idf_esp_local_ctrl.dir/src/esp_local_ctrl.c.obj
[956/1051] Building C object esp-idf/espcoredump/CMakeFiles/__idf_espcoredump.dir/src/core_dump_flash.c.obj
[957/1051] Building C object esp-idf/espcoredump/CMakeFiles/__idf_espcoredump.dir/src/core_dump_uart.c.obj
[810/1053] Building C object 'esp-idf/mbedtls/mbedtls/library/CMakeFiles/mbedcrypto.dir/home/tikhon/Документы/magnolia/esp-idf/components/mbedtls/port/esp_ds/esp_rsa_sign_alt.c.obj'
[917/1053] Linking C static library esp-idf/esp_security/libesp_security.a
[958/1051] Building C object esp-idf/espcoredump/CMakeFiles/__idf_espcoredump.dir/src/core_dump_elf.c.obj
[36/1053] Building C object esp-idf/esp-tls/CMakeFiles/__idf_esp-tls.dir/esp_tls.c.obj
[918/1053] Building C object esp-idf/protocomm/CMakeFiles/__idf_protocomm.dir/src/transports/protocomm_httpd.c.obj
[811/1053] Building C object 'esp-idf/mbedtls/mbedtls/library/CMakeFiles/mbedcrypto.dir/home/tikhon/Документы/magnolia/esp-idf/components/mbedtls/port/sha/core/esp_sha1.c.obj'
[812/1053] Building C object 'esp-idf/mbedtls/mbedtls/library/CMakeFiles/mbedcrypto.dir/home/tikhon/Документы/magnolia/esp-idf/components/mbedtls/port/sha/core/esp_sha256.c.obj'
[813/1053] Linking CXX static library esp-idf/mbedtls/mbedtls/library/libmbedx509.a
[959/1051] Building C object esp-idf/esp_lcd/CMakeFiles/__idf_esp_lcd.dir/i2c/esp_lcd_panel_io_i2c_v1.c.obj
[919/1053] Building C object esp-idf/esp_driver_cam/CMakeFiles/__idf_esp_driver_cam.dir/dvp_share_ctrl.c.obj
[920/1053] Building C object esp-idf/app_trace/CMakeFiles/__idf_app_trace.dir/app_trace_util.c.obj
[960/1051] Linking C static library esp-idf/protobuf-c/libprotobuf-c.a
[814/1053] Building C object 'esp-idf/mbedtls/mbedtls/library/CMakeFiles/mbedcrypto.dir/home/tikhon/Документы/magnolia/esp-idf/components/mbedtls/port/aes/dma/esp_aes.c.obj'
[921/1053] Building C object esp-idf/app_trace/CMakeFiles/__idf_app_trace.dir/host_file_io.c.obj
[37/1053] Building C object esp-idf/driver/CMakeFiles/__idf_driver.dir/touch_sensor/touch_sensor_common.c.obj
[961/1051] Building C object esp-idf/espcoredump/CMakeFiles/__idf_espcoredump.dir/src/core_dump_sha.c.obj
[962/1051] Building C object esp-idf/esp_driver_touch_sens/CMakeFiles/__idf_esp_driver_touch_sens.dir/hw_ver2/touch_version_specific.c.obj
[922/1053] Building C object esp-idf/app_trace/CMakeFiles/__idf_app_trace.dir/port/port_uart.c.obj
[815/1053] Building C object 'esp-idf/mbedtls/mbedtls/library/CMakeFiles/mbedcrypto.dir/home/tikhon/Документы/magnolia/esp-idf/components/mbedtls/port/aes/dma/esp_aes_dma_core.c.obj'
[816/1053] Building C object 'esp-idf/mbedtls/mbedtls/library/CMakeFiles/mbedcrypto.dir/home/tikhon/Документы/magnolia/esp-idf/components/mbedtls/port/md/esp_md.c.obj'
[817/1053] Building C object 'esp-idf/mbedtls/mbedtls/library/CMakeFiles/mbedcrypto.dir/home/tikhon/Документы/magnolia/esp-idf/components/mbedtls/port/aes/esp_aes_gcm.c.obj'
[38/1053] Building C object esp-idf/driver/CMakeFiles/__idf_driver.dir/twai/twai.c.obj
[39/1053] Linking C static library esp-idf/tcp_transport/libtcp_transport.a
[963/1051] Building C object esp-idf/espcoredump/CMakeFiles/__idf_espcoredump.dir/src/port/xtensa/core_dump_port.c.obj
[964/1051] Building C object esp-idf/esp_local_ctrl/CMakeFiles/__idf_esp_local_ctrl.dir/proto-c/esp_local_ctrl.pb-c.c.obj
[818/1053] Building C object 'esp-idf/mbedtls/mbedtls/library/CMakeFiles/mbedcrypto.dir/home/tikhon/Документы/magnolia/esp-idf/components/mbedtls/port/esp_ds/esp_ds_common.c.obj'
[923/1053] Building C object esp-idf/esp_driver_cam/CMakeFiles/__idf_esp_driver_cam.dir/esp_cam_ctlr.c.obj
[965/1051] Building C object esp-idf/esp_eth/CMakeFiles/__idf_esp_eth.dir/src/phy/esp_eth_phy_802_3.c.obj
[966/1051] Building C object esp-idf/esp_lcd/CMakeFiles/__idf_esp_lcd.dir/i2c/esp_lcd_panel_io_i2c_v2.c.obj
[819/1053] Building C object esp-idf/mbedtls/mbedtls/3rdparty/everest/CMakeFiles/everest.dir/library/x25519.c.obj
[967/1051] Building C object esp-idf/esp_local_ctrl/CMakeFiles/__idf_esp_local_ctrl.dir/src/esp_local_ctrl_handler.c.obj
[968/1051] Linking C static library esp-idf/wear_levelling/libwear_levelling.a
[924/1053] Building CXX object esp-idf/wear_levelling/CMakeFiles/__idf_wear_levelling.dir/WL_Ext_Perf.cpp.obj
[969/1051] Building C object esp-idf/esp_driver_touch_sens/CMakeFiles/__idf_esp_driver_touch_sens.dir/common/touch_sens_common.c.obj
[40/1053] Linking C static library esp-idf/esp_adc/libesp_adc.a
[970/1051] Building C object esp-idf/esp_local_ctrl/CMakeFiles/__idf_esp_local_ctrl.dir/src/esp_local_ctrl_transport_httpd.c.obj
[820/1053] Building C object 'esp-idf/mbedtls/mbedtls/library/CMakeFiles/mbedcrypto.dir/home/tikhon/Документы/magnolia/esp-idf/components/mbedtls/port/sha/core/sha.c.obj'
[821/1053] Building C object 'esp-idf/mbedtls/mbedtls/library/CMakeFiles/mbedcrypto.dir/home/tikhon/Документы/magnolia/esp-idf/components/mbedtls/port/sha/core/esp_sha512.c.obj'
[822/1053] Building C object esp-idf/mbedtls/mbedtls/3rdparty/everest/CMakeFiles/everest.dir/library/Hacl_Curve25519_joined.c.obj
[925/1053] Linking C static library esp-idf/efuse/libefuse.a
[971/1051] Linking C static library esp-idf/protocomm/libprotocomm.a
[972/1051] Building C object esp-idf/fatfs/CMakeFiles/__idf_fatfs.dir/diskio/diskio_rawflash.c.obj
[926/1053] Building CXX object esp-idf/wear_levelling/CMakeFiles/__idf_wear_levelling.dir/WL_Ext_Safe.cpp.obj
[823/1053] Building C object esp-idf/mbedtls/mbedtls/3rdparty/p256-m/CMakeFiles/p256m.dir/p256-m/p256-m.c.obj
[41/1053] Building C object esp-idf/esp_driver_tsens/CMakeFiles/__idf_esp_driver_tsens.dir/src/temperature_sensor.c.obj
[973/1051] Linking C static library esp-idf/json/libjson.a
[824/1053] Building C object esp-idf/mbedtls/mbedtls/3rdparty/p256-m/CMakeFiles/p256m.dir/p256-m_driver_entrypoints.c.obj
[927/1053] Building C object esp-idf/esp_driver_cam/CMakeFiles/__idf_esp_driver_cam.dir/dvp/src/esp_cam_ctlr_dvp_gdma.c.obj
[928/1053] Linking C static library esp-idf/esp_partition/libesp_partition.a
[42/1053] Building C object esp-idf/esp_driver_sdm/CMakeFiles/__idf_esp_driver_sdm.dir/src/sdm.c.obj
[974/1051] Building C object esp-idf/esp_lcd/CMakeFiles/__idf_esp_lcd.dir/spi/esp_lcd_panel_io_spi.c.obj
[929/1053] Building C object esp-idf/esp_hid/CMakeFiles/__idf_esp_hid.dir/src/esp_hidd.c.obj
[825/1053] Building C object esp-idf/mbedtls/mbedtls/3rdparty/everest/CMakeFiles/everest.dir/library/everest.c.obj
[43/1053] Building C object esp-idf/esp_driver_i2c/CMakeFiles/__idf_esp_driver_i2c.dir/i2c_common.c.obj
[930/1053] Building C object esp-idf/esp_driver_touch_sens/CMakeFiles/__idf_esp_driver_touch_sens.dir/common/touch_sens_common.c.obj
[931/1053] Linking C static library esp-idf/app_update/libapp_update.a
[975/1051] Building C object esp-idf/fatfs/CMakeFiles/__idf_fatfs.dir/diskio/diskio_wl.c.obj
[44/1053] Building C object esp-idf/esp_driver_twai/CMakeFiles/__idf_esp_driver_twai.dir/esp_twai_onchip.c.obj
[45/1053] Building C object esp-idf/esp_driver_sdspi/CMakeFiles/__idf_esp_driver_sdspi.dir/src/sdspi_crc.c.obj
[976/1051] Building C object esp-idf/fatfs/CMakeFiles/__idf_fatfs.dir/diskio/diskio.c.obj
[977/1051] Building C object esp-idf/perfmon/CMakeFiles/__idf_perfmon.dir/xtensa_perfmon_masks.c.obj
[46/1053] Building C object esp-idf/esp_driver_i2c/CMakeFiles/__idf_esp_driver_i2c.dir/i2c_slave.c.obj
[978/1051] Building C object esp-idf/fatfs/CMakeFiles/__idf_fatfs.dir/port/freertos/ffsystem.c.obj
[932/1053] Building C object esp-idf/json/CMakeFiles/__idf_json.dir/cJSON/cJSON_Utils.c.obj
[933/1053] Linking C static library esp-idf/esp_bootloader_format/libesp_bootloader_format.a
[826/1053] Building C object esp-idf/mbedtls/mbedtls/library/CMakeFiles/mbedcrypto.dir/rsa.c.obj
[979/1051] Building C object esp-idf/mqtt/CMakeFiles/__idf_mqtt.dir/esp-mqtt/lib/mqtt_outbox.c.obj
[980/1051] Building C object esp-idf/fatfs/CMakeFiles/__idf_fatfs.dir/diskio/diskio_sdmmc.c.obj
[934/1053] Linking C static library esp-idf/esp_app_format/libesp_app_format.a
[981/1051] Building C object esp-idf/perfmon/CMakeFiles/__idf_perfmon.dir/xtensa_perfmon_access.c.obj
[47/1053] Building C object esp-idf/esp_driver_rmt/CMakeFiles/__idf_esp_driver_rmt.dir/src/rmt_encoder_simple.c.obj
[982/1051] Building C object esp-idf/fatfs/CMakeFiles/__idf_fatfs.dir/src/ffunicode.c.obj
[935/1053] Building C object esp-idf/esp_driver_cam/CMakeFiles/__idf_esp_driver_cam.dir/dvp/src/esp_cam_ctlr_dvp_cam.c.obj
[983/1051] Building C object esp-idf/nvs_sec_provider/CMakeFiles/__idf_nvs_sec_provider.dir/nvs_sec_provider.c.obj
[936/1053] Building C object esp-idf/esp_lcd/CMakeFiles/__idf_esp_lcd.dir/src/esp_lcd_panel_io.c.obj
[48/1053] Building C object esp-idf/esp_driver_rmt/CMakeFiles/__idf_esp_driver_rmt.dir/src/rmt_encoder_bytes.c.obj
[937/1053] Building C object esp-idf/esp_lcd/CMakeFiles/__idf_esp_lcd.dir/src/esp_lcd_panel_nt35510.c.obj
[938/1053] Building C object esp-idf/esp_lcd/CMakeFiles/__idf_esp_lcd.dir/src/esp_lcd_common.c.obj
[984/1051] Building C object esp-idf/mqtt/CMakeFiles/__idf_mqtt.dir/esp-mqtt/lib/platform_esp32_idf.c.obj
[985/1051] Building C object esp-idf/perfmon/CMakeFiles/__idf_perfmon.dir/xtensa_perfmon_apis.c.obj
[49/1053] Building C object esp-idf/esp_driver_rmt/CMakeFiles/__idf_esp_driver_rmt.dir/src/rmt_encoder.c.obj
[939/1053] Linking C static library esp-idf/xtensa/libxtensa.a
[940/1053] Building C object esp-idf/esp_eth/CMakeFiles/__idf_esp_eth.dir/src/esp_eth_netif_glue.c.obj
[50/1053] Building C object esp-idf/esp_driver_rmt/CMakeFiles/__idf_esp_driver_rmt.dir/src/rmt_encoder_copy.c.obj
[986/1051] Building C object esp-idf/mqtt/CMakeFiles/__idf_mqtt.dir/esp-mqtt/lib/mqtt_msg.c.obj
[51/1053] Building C object esp-idf/driver/CMakeFiles/__idf_driver.dir/touch_sensor/esp32s3/touch_sensor.c.obj
[52/1053] Building C object esp-idf/esp-tls/CMakeFiles/__idf_esp-tls.dir/esp_tls_mbedtls.c.obj
[987/1051] Building C object esp-idf/spiffs/CMakeFiles/__idf_spiffs.dir/spiffs_api.c.obj
[941/1053] Building C object esp-idf/esp_lcd/CMakeFiles/__idf_esp_lcd.dir/src/esp_lcd_panel_ssd1306.c.obj
[53/1053] Building C object esp-idf/esp_driver_sdspi/CMakeFiles/__idf_esp_driver_sdspi.dir/src/sdspi_transaction.c.obj
[942/1053] Linking C static library esp-idf/console/libconsole.a
[54/1053] Building C object esp-idf/esp_driver_sdmmc/CMakeFiles/__idf_esp_driver_sdmmc.dir/legacy/src/sdmmc_transaction.c.obj
[943/1053] Linking C static library esp-idf/unity/libunity.a
[988/1051] Building C object esp-idf/rt/CMakeFiles/__idf_rt.dir/FreeRTOS_POSIX_mqueue.c.obj
[55/1053] Building C object esp-idf/esp_driver_ledc/CMakeFiles/__idf_esp_driver_ledc.dir/src/ledc.c.obj
[944/1053] Building C object esp-idf/esp_hid/CMakeFiles/__idf_esp_hid.dir/src/esp_hid_common.c.obj
[56/1053] Building C object esp-idf/esp_driver_rmt/CMakeFiles/__idf_esp_driver_rmt.dir/src/rmt_common.c.obj
[57/1053] Linking C static library esp-idf/esp-tls/libesp-tls.a
[989/1051] Building C object esp-idf/spiffs/CMakeFiles/__idf_spiffs.dir/spiffs/src/spiffs_cache.c.obj
[945/1053] Linking C static library esp-idf/esp_https_server/libesp_https_server.a
[946/1053] Building C object esp-idf/protobuf-c/CMakeFiles/__idf_protobuf-c.dir/protobuf-c/protobuf-c/protobuf-c.c.obj
[990/1051] Building C object esp-idf/rt/CMakeFiles/__idf_rt.dir/FreeRTOS_POSIX_utils.c.obj
[991/1051] Building C object esp-idf/spiffs/CMakeFiles/__idf_spiffs.dir/spiffs/src/spiffs_gc.c.obj
[947/1053] Building C object esp-idf/esp_lcd/CMakeFiles/__idf_esp_lcd.dir/i2c/esp_lcd_panel_io_i2c_v2.c.obj
[948/1053] Building C object esp-idf/esp_driver_touch_sens/CMakeFiles/__idf_esp_driver_touch_sens.dir/hw_ver2/touch_version_specific.c.obj
[949/1053] Building C object esp-idf/esp_lcd/CMakeFiles/__idf_esp_lcd.dir/src/esp_lcd_panel_st7789.c.obj
[992/1051] Building C object esp-idf/esp_lcd/CMakeFiles/__idf_esp_lcd.dir/i80/esp_lcd_panel_io_i80.c.obj
[950/1053] Building C object esp-idf/esp_lcd/CMakeFiles/__idf_esp_lcd.dir/src/esp_lcd_panel_ops.c.obj
[993/1051] Building C object esp-idf/esp_lcd/CMakeFiles/__idf_esp_lcd.dir/rgb/esp_lcd_panel_rgb.c.obj
[951/1053] Building CXX object esp-idf/wear_levelling/CMakeFiles/__idf_wear_levelling.dir/WL_Flash.cpp.obj
[994/1051] Building C object esp-idf/fatfs/CMakeFiles/__idf_fatfs.dir/vfs/vfs_fat_spiflash.c.obj
[952/1053] Building C object esp-idf/esp_hid/CMakeFiles/__idf_esp_hid.dir/src/esp_hidh.c.obj
[953/1053] Linking C static library esp-idf/protobuf-c/libprotobuf-c.a
[995/1051] Building C object esp-idf/fatfs/CMakeFiles/__idf_fatfs.dir/vfs/vfs_fat_sdmmc.c.obj
[954/1053] Building C object esp-idf/espcoredump/CMakeFiles/__idf_espcoredump.dir/src/core_dump_common.c.obj
[955/1053] Building C object esp-idf/espcoredump/CMakeFiles/__idf_espcoredump.dir/src/core_dump_init.c.obj
[58/1053] Building C object esp-idf/esp_driver_sdmmc/CMakeFiles/__idf_esp_driver_sdmmc.dir/legacy/src/sdmmc_host.c.obj
[59/1053] Building C object esp-idf/esp_driver_sd_intf/CMakeFiles/__idf_esp_driver_sd_intf.dir/sd_host.c.obj
[956/1053] Building C object esp-idf/espcoredump/CMakeFiles/__idf_espcoredump.dir/src/core_dump_uart.c.obj
[957/1053] Building C object esp-idf/espcoredump/CMakeFiles/__idf_espcoredump.dir/src/core_dump_flash.c.obj
[996/1051] Building C object esp-idf/touch_element/CMakeFiles/__idf_touch_element.dir/touch_button.c.obj
[958/1053] Building C object esp-idf/espcoredump/CMakeFiles/__idf_espcoredump.dir/src/core_dump_sha.c.obj
[60/1053] Building C object esp-idf/sdmmc/CMakeFiles/__idf_sdmmc.dir/sdmmc_init.c.obj
[959/1053] Building C object esp-idf/espcoredump/CMakeFiles/__idf_espcoredump.dir/src/port/xtensa/core_dump_port.c.obj
[997/1051] Building C object esp-idf/fatfs/CMakeFiles/__idf_fatfs.dir/src/ff.c.obj
[960/1053] Building C object esp-idf/espcoredump/CMakeFiles/__idf_espcoredump.dir/src/core_dump_elf.c.obj
[961/1053] Linking C static library esp-idf/wear_levelling/libwear_levelling.a
[998/1051] Building C object esp-idf/usb/CMakeFiles/__idf_usb.dir/usb_private.c.obj
[61/1053] Building C object esp-idf/esp_driver_i2c/CMakeFiles/__idf_esp_driver_i2c.dir/i2c_master.c.obj
[62/1053] Building C object esp-idf/esp_driver_sdmmc/CMakeFiles/__idf_esp_driver_sdmmc.dir/src/sd_trans_sdmmc.c.obj
[63/1053] Building C object esp-idf/http_parser/CMakeFiles/__idf_http_parser.dir/http_parser.c.obj
[962/1053] Linking C static library esp-idf/protocomm/libprotocomm.a
[963/1053] Building C object esp-idf/esp_lcd/CMakeFiles/__idf_esp_lcd.dir/i2c/esp_lcd_panel_io_i2c_v1.c.obj
[964/1053] Building C object esp-idf/esp_eth/CMakeFiles/__idf_esp_eth.dir/src/phy/esp_eth_phy_802_3.c.obj
[64/1053] Linking C static library esp-idf/http_parser/libhttp_parser.a
[965/1053] Building C object esp-idf/fatfs/CMakeFiles/__idf_fatfs.dir/diskio/diskio_rawflash.c.obj
[966/1053] Building C object esp-idf/esp_lcd/CMakeFiles/__idf_esp_lcd.dir/spi/esp_lcd_panel_io_spi.c.obj
[65/1053] Building C object esp-idf/sdmmc/CMakeFiles/__idf_sdmmc.dir/sd_pwr_ctrl/sd_pwr_ctrl.c.obj
[967/1053] Building C object esp-idf/esp_eth/CMakeFiles/__idf_esp_eth.dir/src/esp_eth.c.obj
[66/1053] Building C object esp-idf/sdmmc/CMakeFiles/__idf_sdmmc.dir/sdmmc_cmd.c.obj
[968/1053] Building C object esp-idf/esp_local_ctrl/CMakeFiles/__idf_esp_local_ctrl.dir/src/esp_local_ctrl_transport_httpd.c.obj
[969/1053] Building C object esp-idf/fatfs/CMakeFiles/__idf_fatfs.dir/diskio/diskio.c.obj
[970/1053] Building C object esp-idf/fatfs/CMakeFiles/__idf_fatfs.dir/port/freertos/ffsystem.c.obj
[971/1053] Building C object esp-idf/json/CMakeFiles/__idf_json.dir/cJSON/cJSON.c.obj
[999/1051] Building C object esp-idf/mqtt/CMakeFiles/__idf_mqtt.dir/esp-mqtt/mqtt_client.c.obj
[972/1053] Building C object esp-idf/esp_local_ctrl/CMakeFiles/__idf_esp_local_ctrl.dir/src/esp_local_ctrl_handler.c.obj
[1000/1051] Building C object esp-idf/fatfs/CMakeFiles/__idf_fatfs.dir/vfs/vfs_fat.c.obj
[1001/1051] Building C object esp-idf/spiffs/CMakeFiles/__idf_spiffs.dir/esp_spiffs.c.obj
[973/1053] Building C object esp-idf/esp_local_ctrl/CMakeFiles/__idf_esp_local_ctrl.dir/proto-c/esp_local_ctrl.pb-c.c.obj
[67/1053] Building C object esp-idf/sdmmc/CMakeFiles/__idf_sdmmc.dir/sdmmc_mmc.c.obj
[68/1053] Building C object esp-idf/sdmmc/CMakeFiles/__idf_sdmmc.dir/sdmmc_io.c.obj
[1002/1051] Building C object esp-idf/wifi_provisioning/CMakeFiles/__idf_wifi_provisioning.dir/src/wifi_ctrl.c.obj
[69/1053] Building C object esp-idf/driver/CMakeFiles/__idf_driver.dir/i2c/i2c.c.obj
[70/1053] Building C object esp-idf/sdmmc/CMakeFiles/__idf_sdmmc.dir/sdmmc_common.c.obj
[974/1053] Building C object esp-idf/fatfs/CMakeFiles/__idf_fatfs.dir/diskio/diskio_sdmmc.c.obj
[975/1053] Linking C static library esp-idf/json/libjson.a
[976/1053] Building C object esp-idf/perfmon/CMakeFiles/__idf_perfmon.dir/xtensa_perfmon_access.c.obj
[977/1053] Building C object esp-idf/fatfs/CMakeFiles/__idf_fatfs.dir/diskio/diskio_wl.c.obj
[71/1053] Building C object esp-idf/esp_driver_sdspi/CMakeFiles/__idf_esp_driver_sdspi.dir/src/sdspi_host.c.obj
[72/1053] Building C object esp-idf/esp_driver_rmt/CMakeFiles/__idf_esp_driver_rmt.dir/src/rmt_rx.c.obj
[978/1053] Building C object esp-idf/fatfs/CMakeFiles/__idf_fatfs.dir/src/ffunicode.c.obj
[1003/1051] Building C object esp-idf/usb/CMakeFiles/__idf_usb.dir/hub.c.obj
[979/1053] Building C object esp-idf/mqtt/CMakeFiles/__idf_mqtt.dir/esp-mqtt/lib/mqtt_outbox.c.obj
[980/1053] Building C object esp-idf/esp_local_ctrl/CMakeFiles/__idf_esp_local_ctrl.dir/src/esp_local_ctrl.c.obj
[981/1053] Building C object esp-idf/perfmon/CMakeFiles/__idf_perfmon.dir/xtensa_perfmon_apis.c.obj
[1004/1051] Building C object esp-idf/touch_element/CMakeFiles/__idf_touch_element.dir/touch_slider.c.obj
[982/1053] Building C object esp-idf/perfmon/CMakeFiles/__idf_perfmon.dir/xtensa_perfmon_masks.c.obj
[1005/1051] Building C object esp-idf/usb/CMakeFiles/__idf_usb.dir/usb_helpers.c.obj
[1006/1051] Building C object esp-idf/wifi_provisioning/CMakeFiles/__idf_wifi_provisioning.dir/src/wifi_scan.c.obj
[1007/1051] Building C object esp-idf/spiffs/CMakeFiles/__idf_spiffs.dir/spiffs/src/spiffs_check.c.obj
[983/1053] Building C object esp-idf/mqtt/CMakeFiles/__idf_mqtt.dir/esp-mqtt/lib/platform_esp32_idf.c.obj
[1008/1051] Building C object esp-idf/spiffs/CMakeFiles/__idf_spiffs.dir/spiffs/src/spiffs_hydrogen.c.obj
[1009/1051] Building C object esp-idf/wifi_provisioning/CMakeFiles/__idf_wifi_provisioning.dir/src/wifi_config.c.obj
[984/1053] Building C object esp-idf/esp_lcd/CMakeFiles/__idf_esp_lcd.dir/i80/esp_lcd_panel_io_i80.c.obj
[985/1053] Building C object esp-idf/fatfs/CMakeFiles/__idf_fatfs.dir/vfs/vfs_fat_spiflash.c.obj
[73/1053] Building C object esp-idf/sdmmc/CMakeFiles/__idf_sdmmc.dir/sdmmc_sd.c.obj
[1010/1051] Building C object esp-idf/touch_element/CMakeFiles/__idf_touch_element.dir/touch_matrix.c.obj
[986/1053] Building C object esp-idf/rt/CMakeFiles/__idf_rt.dir/FreeRTOS_POSIX_utils.c.obj
[987/1053] Building C object esp-idf/rt/CMakeFiles/__idf_rt.dir/FreeRTOS_POSIX_mqueue.c.obj
[1011/1051] Building C object esp-idf/usb/CMakeFiles/__idf_usb.dir/enum.c.obj
[988/1053] Building C object esp-idf/spiffs/CMakeFiles/__idf_spiffs.dir/spiffs/src/spiffs_cache.c.obj
[1012/1051] Building C object esp-idf/wifi_provisioning/CMakeFiles/__idf_wifi_provisioning.dir/proto-c/wifi_ctrl.pb-c.c.obj
[74/1053] Building C object esp-idf/esp_driver_i2s/CMakeFiles/__idf_esp_driver_i2s.dir/i2s_std.c.obj
[75/1053] Building C object esp-idf/esp_driver_i2s/CMakeFiles/__idf_esp_driver_i2s.dir/i2s_platform.c.obj
[1013/1051] Linking C static library esp-idf/app_trace/libapp_trace.a
[1014/1051] Linking C static library esp-idf/cmock/libcmock.a
[76/1053] Building C object esp-idf/esp_driver_mcpwm/CMakeFiles/__idf_esp_driver_mcpwm.dir/src/mcpwm_com.c.obj
[1015/1051] Building C object esp-idf/espressif__elf_loader/CMakeFiles/__idf_espressif__elf_loader.dir/src/esp_elf_adapter.c.obj
[989/1053] Building C object esp-idf/nvs_sec_provider/CMakeFiles/__idf_nvs_sec_provider.dir/nvs_sec_provider.c.obj
[1016/1051] Building C object esp-idf/wifi_provisioning/CMakeFiles/__idf_wifi_provisioning.dir/proto-c/wifi_constants.pb-c.c.obj
[1017/1051] Building C object esp-idf/wifi_provisioning/CMakeFiles/__idf_wifi_provisioning.dir/src/scheme_console.c.obj
[990/1053] Building C object esp-idf/mqtt/CMakeFiles/__idf_mqtt.dir/esp-mqtt/lib/mqtt_msg.c.obj
[1018/1051] Linking C static library esp-idf/esp_driver_cam/libesp_driver_cam.a
[1019/1051] Building C object esp-idf/touch_element/CMakeFiles/__idf_touch_element.dir/touch_element.c.obj
[991/1053] Building C object esp-idf/spiffs/CMakeFiles/__idf_spiffs.dir/spiffs/src/spiffs_check.c.obj
[1020/1051] Building C object esp-idf/wifi_provisioning/CMakeFiles/__idf_wifi_provisioning.dir/src/handlers.c.obj
[1021/1051] Building C object esp-idf/wifi_provisioning/CMakeFiles/__idf_wifi_provisioning.dir/proto-c/wifi_config.pb-c.c.obj
[1022/1051] Linking C static library esp-idf/esp_driver_touch_sens/libesp_driver_touch_sens.a
[1023/1051] Linking C static library esp-idf/esp_eth/libesp_eth.a
[1024/1051] Building C object esp-idf/espressif__elf_loader/CMakeFiles/__idf_espressif__elf_loader.dir/src/esp_elf.c.obj
[992/1053] Building C object esp-idf/spiffs/CMakeFiles/__idf_spiffs.dir/spiffs_api.c.obj
[1025/1051] Building C object esp-idf/espressif__elf_loader/CMakeFiles/__idf_espressif__elf_loader.dir/src/arch/esp_elf_xtensa.c.obj
[1026/1051] Linking C static library esp-idf/esp_hid/libesp_hid.a
[77/1053] Building C object esp-idf/esp_driver_i2s/CMakeFiles/__idf_esp_driver_i2s.dir/i2s_tdm.c.obj
[1027/1051] Building C object esp-idf/wifi_provisioning/CMakeFiles/__idf_wifi_provisioning.dir/proto-c/wifi_scan.pb-c.c.obj
[78/1053] Building C object esp-idf/esp_driver_mcpwm/CMakeFiles/__idf_esp_driver_mcpwm.dir/src/mcpwm_cmpr.c.obj
[1028/1051] Linking C static library esp-idf/nvs_sec_provider/libnvs_sec_provider.a
[1029/1051] Linking C static library esp-idf/espcoredump/libespcoredump.a
[1030/1051] Linking C static library esp-idf/rt/librt.a
[1031/1051] Building C object esp-idf/wifi_provisioning/CMakeFiles/__idf_wifi_provisioning.dir/src/scheme_softap.c.obj
[1032/1051] Linking C static library esp-idf/esp_local_ctrl/libesp_local_ctrl.a
[1033/1051] Linking C static library esp-idf/mqtt/libmqtt.a
[1034/1051] Linking C static library esp-idf/esp_lcd/libesp_lcd.a
[1035/1051] Linking C static library esp-idf/fatfs/libfatfs.a
[1036/1051] Linking C static library esp-idf/perfmon/libperfmon.a
[1037/1051] Building C object esp-idf/espressif__elf_loader/CMakeFiles/__idf_espressif__elf_loader.dir/src/esp_elf_symbol.c.obj
[1038/1051] Building ASM object 'esp-idf/main/CMakeFiles/__idf_main.dir/home/tikhon/Документы/magnolia/sdk/tinygo/runtime/tinygo_symbols.S.obj'
[79/1053] Building C object esp-idf/esp_gdbstub/CMakeFiles/__idf_esp_gdbstub.dir/src/gdbstub_transport.c.obj
[1039/1051] Linking C static library esp-idf/touch_element/libtouch_element.a
[80/1053] Building C object esp-idf/esp_driver_mcpwm/CMakeFiles/__idf_esp_driver_mcpwm.dir/src/mcpwm_fault.c.obj
[993/1053] Building C object esp-idf/fatfs/CMakeFiles/__idf_fatfs.dir/vfs/vfs_fat.c.obj
[81/1053] Building ASM object esp-idf/esp_gdbstub/CMakeFiles/__idf_esp_gdbstub.dir/src/port/xtensa/gdbstub-entry.S.obj
[82/1053] Building ASM object esp-idf/esp_gdbstub/CMakeFiles/__idf_esp_gdbstub.dir/src/port/xtensa/xt_debugexception.S.obj
[994/1053] Building C object esp-idf/touch_element/CMakeFiles/__idf_touch_element.dir/touch_matrix.c.obj
[995/1053] Building C object esp-idf/fatfs/CMakeFiles/__idf_fatfs.dir/vfs/vfs_fat_sdmmc.c.obj
[1040/1051] Building C object esp-idf/spiffs/CMakeFiles/__idf_spiffs.dir/spiffs/src/spiffs_nucleus.c.obj
[83/1053] Building C object esp-idf/esp_driver_mcpwm/CMakeFiles/__idf_esp_driver_mcpwm.dir/src/mcpwm_cap.c.obj
[996/1053] Building C object esp-idf/usb/CMakeFiles/__idf_usb.dir/usb_helpers.c.obj
[1041/1051] Building C object esp-idf/usb/CMakeFiles/__idf_usb.dir/usbh.c.obj
[1042/1051] Linking C static library esp-idf/espressif__elf_loader/libespressif__elf_loader.a
[84/1053] Building C object esp-idf/esp_driver_i2s/CMakeFiles/__idf_esp_driver_i2s.dir/i2s_pdm.c.obj
[85/1053] Building C object esp-idf/esp_driver_rmt/CMakeFiles/__idf_esp_driver_rmt.dir/src/rmt_tx.c.obj
[997/1053] Building C object esp-idf/spiffs/CMakeFiles/__idf_spiffs.dir/spiffs/src/spiffs_gc.c.obj
[86/1053] Building C object esp-idf/esp_driver_mcpwm/CMakeFiles/__idf_esp_driver_mcpwm.dir/src/mcpwm_oper.c.obj
[998/1053] Building C object esp-idf/fatfs/CMakeFiles/__idf_fatfs.dir/src/ff.c.obj
[87/1053] Building C object esp-idf/esp_driver_mcpwm/CMakeFiles/__idf_esp_driver_mcpwm.dir/src/mcpwm_gen.c.obj
[999/1053] Building C object esp-idf/touch_element/CMakeFiles/__idf_touch_element.dir/touch_slider.c.obj
[88/1053] Building C object esp-idf/esp_gdbstub/CMakeFiles/__idf_esp_gdbstub.dir/src/packet.c.obj
[1043/1051] Linking C static library esp-idf/spiffs/libspiffs.a
[1000/1053] Building C object esp-idf/touch_element/CMakeFiles/__idf_touch_element.dir/touch_button.c.obj
[1001/1053] Building C object esp-idf/usb/CMakeFiles/__idf_usb.dir/usb_private.c.obj
[89/1053] Building C object esp-idf/esp_wifi/CMakeFiles/__idf_esp_wifi.dir/src/lib_printf.c.obj
[90/1053] Building C object esp-idf/esp_driver_sdmmc/CMakeFiles/__idf_esp_driver_sdmmc.dir/src/sd_host_sdmmc.c.obj
[91/1053] Building C object esp-idf/esp_driver_mcpwm/CMakeFiles/__idf_esp_driver_mcpwm.dir/src/mcpwm_sync.c.obj
[92/1053] Building C object esp-idf/driver/CMakeFiles/__idf_driver.dir/deprecated/rmt_legacy.c.obj
[93/1053] Building C object esp-idf/esp_wifi/CMakeFiles/__idf_esp_wifi.dir/src/mesh_event.c.obj
[1002/1053] Building C object esp-idf/spiffs/CMakeFiles/__idf_spiffs.dir/spiffs/src/spiffs_hydrogen.c.obj
[1003/1053] Building C object esp-idf/usb/CMakeFiles/__idf_usb.dir/hub.c.obj
[1004/1053] Building C object esp-idf/wifi_provisioning/CMakeFiles/__idf_wifi_provisioning.dir/src/wifi_scan.c.obj
[1005/1053] Building C object esp-idf/wifi_provisioning/CMakeFiles/__idf_wifi_provisioning.dir/src/wifi_ctrl.c.obj
[94/1053] Building C object esp-idf/esp_driver_mcpwm/CMakeFiles/__idf_esp_driver_mcpwm.dir/src/mcpwm_timer.c.obj
[95/1053] Building C object esp-idf/esp_driver_i2s/CMakeFiles/__idf_esp_driver_i2s.dir/i2s_common.c.obj
[96/1053] Linking C static library esp-idf/driver/libdriver.a
[1006/1053] Building C object esp-idf/usb/CMakeFiles/__idf_usb.dir/enum.c.obj
[97/1053] Building C object esp-idf/esp_gdbstub/CMakeFiles/__idf_esp_gdbstub.dir/src/port/xtensa/gdbstub_xtensa.c.obj
[1007/1053] Building C object esp-idf/wifi_provisioning/CMakeFiles/__idf_wifi_provisioning.dir/src/wifi_config.c.obj
[1044/1051] Building C object esp-idf/usb/CMakeFiles/__idf_usb.dir/hcd_dwc.c.obj
[98/1053] Building C object esp-idf/esp_gdbstub/CMakeFiles/__idf_esp_gdbstub.dir/src/gdbstub.c.obj
[99/1053] Linking C static library esp-idf/esp_driver_twai/libesp_driver_twai.a
[100/1053] Building C object esp-idf/esp_wifi/CMakeFiles/__idf_esp_wifi.dir/src/smartconfig.c.obj
[101/1053] Building C object esp-idf/esp_wifi/CMakeFiles/__idf_esp_wifi.dir/regulatory/esp_wifi_regulatory.c.obj
[102/1053] Building C object esp-idf/esp_wifi/CMakeFiles/__idf_esp_wifi.dir/src/wifi_init.c.obj
[103/1053] Building C object esp-idf/esp_coex/CMakeFiles/__idf_esp_coex.dir/src/coexist_debug_diagram.c.obj
[104/1053] Building C object esp-idf/esp_wifi/CMakeFiles/__idf_esp_wifi.dir/src/wifi_default.c.obj
[1008/1053] Building C object esp-idf/wifi_provisioning/CMakeFiles/__idf_wifi_provisioning.dir/proto-c/wifi_constants.pb-c.c.obj
[1045/1051] Building C object esp-idf/wifi_provisioning/CMakeFiles/__idf_wifi_provisioning.dir/src/manager.c.obj
[105/1053] Linking C static library esp-idf/esp_driver_ledc/libesp_driver_ledc.a
[1009/1053] Building C object esp-idf/esp_lcd/CMakeFiles/__idf_esp_lcd.dir/rgb/esp_lcd_panel_rgb.c.obj
[106/1053] Building C object esp-idf/esp_wifi/CMakeFiles/__idf_esp_wifi.dir/src/wifi_default_ap.c.obj
[107/1053] Building C object esp-idf/esp_coex/CMakeFiles/__idf_esp_coex.dir/src/coexist_debug.c.obj
[1010/1053] Building C object esp-idf/wifi_provisioning/CMakeFiles/__idf_wifi_provisioning.dir/src/scheme_console.c.obj
[1011/1053] Building C object esp-idf/wifi_provisioning/CMakeFiles/__idf_wifi_provisioning.dir/src/scheme_softap.c.obj
[108/1053] Building C object esp-idf/esp_driver_spi/CMakeFiles/__idf_esp_driver_spi.dir/src/gpspi/spi_slave_hd.c.obj
[827/1053] Building C object esp-idf/mbedtls/mbedtls/library/CMakeFiles/mbedcrypto.dir/psa_crypto.c.obj
[1012/1053] Building C object esp-idf/wifi_provisioning/CMakeFiles/__idf_wifi_provisioning.dir/proto-c/wifi_ctrl.pb-c.c.obj
[1013/1053] Building C object esp-idf/wifi_provisioning/CMakeFiles/__idf_wifi_provisioning.dir/proto-c/wifi_config.pb-c.c.obj
[1014/1053] Building C object esp-idf/wifi_provisioning/CMakeFiles/__idf_wifi_provisioning.dir/proto-c/wifi_scan.pb-c.c.obj
[109/1053] Building C object esp-idf/esp_driver_spi/CMakeFiles/__idf_esp_driver_spi.dir/src/gpspi/spi_common.c.obj
[110/1053] Linking C static library esp-idf/esp_driver_i2c/libesp_driver_i2c.a
[1015/1053] Linking C static library esp-idf/app_trace/libapp_trace.a
[1016/1053] Building C object esp-idf/spiffs/CMakeFiles/__idf_spiffs.dir/esp_spiffs.c.obj
[111/1053] Building C object esp-idf/esp_wifi/CMakeFiles/__idf_esp_wifi.dir/src/wifi_netif.c.obj
[1046/1051] Linking C static library esp-idf/wifi_provisioning/libwifi_provisioning.a
[1017/1053] Linking C static library esp-idf/esp_driver_cam/libesp_driver_cam.a
[1047/1051] Building C object esp-idf/usb/CMakeFiles/__idf_usb.dir/usb_host.c.obj
[1018/1053] Building C object esp-idf/espressif__elf_loader/CMakeFiles/__idf_espressif__elf_loader.dir/src/esp_elf_adapter.c.obj
[1019/1053] Linking C static library esp-idf/cmock/libcmock.a
[1020/1053] Building C object esp-idf/wifi_provisioning/CMakeFiles/__idf_wifi_provisioning.dir/src/handlers.c.obj
[1021/1053] Linking C static library esp-idf/esp_driver_touch_sens/libesp_driver_touch_sens.a
[112/1053] Linking C static library esp-idf/esp_driver_sdm/libesp_driver_sdm.a
[113/1053] Building C object esp-idf/wpa_supplicant/CMakeFiles/__idf_wpa_supplicant.dir/port/os_xtensa.c.obj
[1022/1053] Linking C static library esp-idf/esp_eth/libesp_eth.a
[1023/1053] Linking C static library esp-idf/esp_hid/libesp_hid.a
[1024/1053] Building C object esp-idf/espressif__elf_loader/CMakeFiles/__idf_espressif__elf_loader.dir/src/esp_elf_symbol.c.obj
[1025/1053] Linking C static library esp-idf/nvs_sec_provider/libnvs_sec_provider.a
[114/1053] Building C object esp-idf/esp_coex/CMakeFiles/__idf_esp_coex.dir/esp32s3/esp_coex_adapter.c.obj
[1026/1053] Building C object esp-idf/espressif__elf_loader/CMakeFiles/__idf_espressif__elf_loader.dir/src/arch/esp_elf_xtensa.c.obj
[115/1053] Linking C static library esp-idf/esp_driver_tsens/libesp_driver_tsens.a
[1027/1053] Linking C static library esp-idf/esp_lcd/libesp_lcd.a
[116/1053] Building C object esp-idf/esp_driver_spi/CMakeFiles/__idf_esp_driver_spi.dir/src/gpspi/spi_slave.c.obj
[1028/1053] Linking C static library esp-idf/espcoredump/libespcoredump.a
[117/1053] Building C object esp-idf/esp_driver_pcnt/CMakeFiles/__idf_esp_driver_pcnt.dir/src/pulse_cnt.c.obj
[1029/1053] Linking C static library esp-idf/perfmon/libperfmon.a
[1030/1053] Linking C static library esp-idf/esp_local_ctrl/libesp_local_ctrl.a
[1031/1053] Building C object esp-idf/main/CMakeFiles/__idf_main.dir/dummy.c.obj
[1032/1053] Building C object esp-idf/touch_element/CMakeFiles/__idf_touch_element.dir/touch_element.c.obj
[1033/1053] Linking C static library esp-idf/rt/librt.a
[1048/1051] Linking C static library esp-idf/usb/libusb.a
[118/1053] Linking C static library esp-idf/esp_driver_rmt/libesp_driver_rmt.a
[1034/1053] Linking C static library esp-idf/fatfs/libfatfs.a
[119/1053] Building C object esp-idf/wpa_supplicant/CMakeFiles/__idf_wpa_supplicant.dir/src/ap/ieee802_1x.c.obj
[120/1053] Building C object esp-idf/wpa_supplicant/CMakeFiles/__idf_wpa_supplicant.dir/src/ap/pmksa_cache_auth.c.obj
[828/1053] Linking CXX static library esp-idf/mbedtls/mbedtls/library/libmbedcrypto.a
[1049/1051] Linking C static library esp-idf/main/libmain.a
[121/1053] Linking C static library esp-idf/esp_driver_sdspi/libesp_driver_sdspi.a
[1035/1053] Linking C static library esp-idf/touch_element/libtouch_element.a
[122/1053] Building C object esp-idf/wpa_supplicant/CMakeFiles/__idf_wpa_supplicant.dir/src/ap/ap_config.c.obj
[1050/1051] Build ELF: false.app.elf
[829/1053] Linking CXX static library esp-idf/mbedtls/mbedtls/3rdparty/p256-m/libp256m.a
[123/1053] Building C object esp-idf/wpa_supplicant/CMakeFiles/__idf_wpa_supplicant.dir/src/ap/comeback_token.c.obj
[124/1053] Linking C static library esp-idf/esp_driver_sdmmc/libesp_driver_sdmmc.a
[125/1053] Building C object esp-idf/wpa_supplicant/CMakeFiles/__idf_wpa_supplicant.dir/port/eloop.c.obj
[1036/1053] Building C object esp-idf/usb/CMakeFiles/__idf_usb.dir/usb_host.c.obj
[1037/1053] Building C object esp-idf/espressif__elf_loader/CMakeFiles/__idf_espressif__elf_loader.dir/src/esp_elf.c.obj
[830/1053] Linking CXX static library esp-idf/mbedtls/mbedtls/3rdparty/everest/libeverest.a
[126/1053] Linking C static library esp-idf/esp_driver_sd_intf/libesp_driver_sd_intf.a
[127/1053] Building C object esp-idf/esp_wifi/CMakeFiles/__idf_esp_wifi.dir/src/smartconfig_ack.c.obj
[128/1053] Building C object esp-idf/wpa_supplicant/CMakeFiles/__idf_wpa_supplicant.dir/src/ap/sta_info.c.obj
[129/1053] Building C object esp-idf/wpa_supplicant/CMakeFiles/__idf_wpa_supplicant.dir/src/ap/ieee802_11.c.obj
[1038/1053] Building C object esp-idf/usb/CMakeFiles/__idf_usb.dir/usbh.c.obj
[130/1053] Linking C static library esp-idf/sdmmc/libsdmmc.a
[131/1053] Building C object esp-idf/wpa_supplicant/CMakeFiles/__idf_wpa_supplicant.dir/src/crypto/sha256-kdf.c.obj
[1039/1053] Linking C static library esp-idf/espressif__elf_loader/libespressif__elf_loader.a
[132/1053] Building C object esp-idf/esp_wifi/CMakeFiles/__idf_esp_wifi.dir/esp32s3/esp_adapter.c.obj
[133/1053] Building C object esp-idf/wpa_supplicant/CMakeFiles/__idf_wpa_supplicant.dir/src/crypto/aes-siv.c.obj
[134/1053] Building C object esp-idf/wpa_supplicant/CMakeFiles/__idf_wpa_supplicant.dir/src/ap/wpa_auth_ie.c.obj
[135/1053] Building C object esp-idf/wpa_supplicant/CMakeFiles/__idf_wpa_supplicant.dir/src/utils/bitfield.c.obj
[1040/1053] Building C object esp-idf/spiffs/CMakeFiles/__idf_spiffs.dir/spiffs/src/spiffs_nucleus.c.obj
[136/1053] Building C object esp-idf/wpa_supplicant/CMakeFiles/__idf_wpa_supplicant.dir/src/crypto/ccmp.c.obj
[137/1053] Building C object esp-idf/wpa_supplicant/CMakeFiles/__idf_wpa_supplicant.dir/src/crypto/crypto_ops.c.obj
[138/1053] Linking C static library esp-idf/esp_driver_i2s/libesp_driver_i2s.a
[1041/1053] Building C object esp-idf/wifi_provisioning/CMakeFiles/__idf_wifi_provisioning.dir/src/manager.c.obj
[139/1053] Building C object esp-idf/wpa_supplicant/CMakeFiles/__idf_wpa_supplicant.dir/src/crypto/dh_group5.c.obj
[1042/1053] Linking C static library esp-idf/spiffs/libspiffs.a
[140/1053] Building C object esp-idf/wpa_supplicant/CMakeFiles/__idf_wpa_supplicant.dir/src/common/dragonfly.c.obj
[141/1053] Building C object esp-idf/wpa_supplicant/CMakeFiles/__idf_wpa_supplicant.dir/src/common/wpa_common.c.obj
[142/1053] Linking C static library esp-idf/esp_driver_mcpwm/libesp_driver_mcpwm.a
[143/1053] Building C object esp-idf/wpa_supplicant/CMakeFiles/__idf_wpa_supplicant.dir/src/crypto/sha256-tlsprf.c.obj
[144/1053] Building C object esp-idf/esp_driver_spi/CMakeFiles/__idf_esp_driver_spi.dir/src/gpspi/spi_master.c.obj
[145/1053] Linking C static library esp-idf/esp_driver_pcnt/libesp_driver_pcnt.a
[146/1053] Building C object esp-idf/wpa_supplicant/CMakeFiles/__idf_wpa_supplicant.dir/src/crypto/sha1-prf.c.obj
[147/1053] Building C object esp-idf/wpa_supplicant/CMakeFiles/__idf_wpa_supplicant.dir/src/crypto/sha384-tlsprf.c.obj
[148/1053] Building C object esp-idf/wpa_supplicant/CMakeFiles/__idf_wpa_supplicant.dir/src/crypto/dh_groups.c.obj
[1043/1053] Building C object esp-idf/usb/CMakeFiles/__idf_usb.dir/hcd_dwc.c.obj
[1044/1053] Linking C static library esp-idf/wifi_provisioning/libwifi_provisioning.a
[831/1053] Generating x509_crt_bundle
Applet false OK -> /home/tikhon/Документы/magnolia/rootfs/bin/gofalse
[149/1053] Building C object esp-idf/wpa_supplicant/CMakeFiles/__idf_wpa_supplicant.dir/src/crypto/aes-gcm.c.obj
[150/1053] Building C object esp-idf/wpa_supplicant/CMakeFiles/__idf_wpa_supplicant.dir/src/crypto/sha1-tprf.c.obj
[151/1053] Building C object esp-idf/wpa_supplicant/CMakeFiles/__idf_wpa_supplicant.dir/src/crypto/sha1-tlsprf.c.obj
[152/1053] Linking C static library esp-idf/esp_gdbstub/libesp_gdbstub.a
[1045/1053] Linking C static library esp-idf/usb/libusb.a
[153/1053] Building C object esp-idf/wpa_supplicant/CMakeFiles/__idf_wpa_supplicant.dir/src/ap/wpa_auth.c.obj
[154/1053] Building C object esp-idf/wpa_supplicant/CMakeFiles/__idf_wpa_supplicant.dir/src/crypto/md4-internal.c.obj
[155/1053] Building C object esp-idf/wpa_supplicant/CMakeFiles/__idf_wpa_supplicant.dir/src/crypto/sha384-prf.c.obj
[156/1053] Building C object esp-idf/wpa_supplicant/CMakeFiles/__idf_wpa_supplicant.dir/src/eap_common/eap_wsc_common.c.obj
[157/1053] Linking C static library esp-idf/esp_driver_spi/libesp_driver_spi.a
[158/1053] Building C object esp-idf/wpa_supplicant/CMakeFiles/__idf_wpa_supplicant.dir/src/eap_peer/eap_common.c.obj
[159/1053] Building C object esp-idf/wpa_supplicant/CMakeFiles/__idf_wpa_supplicant.dir/src/crypto/sha256-prf.c.obj
[160/1053] Building C object esp-idf/wpa_supplicant/CMakeFiles/__idf_wpa_supplicant.dir/src/eap_peer/chap.c.obj
[161/1053] Building C object esp-idf/wpa_supplicant/CMakeFiles/__idf_wpa_supplicant.dir/src/crypto/ms_funcs.c.obj
[162/1053] Linking C static library esp-idf/esp_wifi/libesp_wifi.a
[163/1053] Building C object esp-idf/wpa_supplicant/CMakeFiles/__idf_wpa_supplicant.dir/src/eap_peer/eap_peap_common.c.obj
[164/1053] Building C object esp-idf/wpa_supplicant/CMakeFiles/__idf_wpa_supplicant.dir/src/common/ieee802_11_common.c.obj
[165/1053] Building C object esp-idf/wpa_supplicant/CMakeFiles/__idf_wpa_supplicant.dir/src/eap_peer/eap_tls.c.obj
[832/1053] Generating ../../x509_crt_bundle.S
[166/1053] Building C object esp-idf/wpa_supplicant/CMakeFiles/__idf_wpa_supplicant.dir/src/eap_peer/mschapv2.c.obj
[167/1053] Building C object esp-idf/wpa_supplicant/CMakeFiles/__idf_wpa_supplicant.dir/src/eap_peer/eap.c.obj
[168/1053] Building C object esp-idf/wpa_supplicant/CMakeFiles/__idf_wpa_supplicant.dir/src/eap_peer/eap_mschapv2.c.obj
[1046/1053] Building C object esp-idf/mqtt/CMakeFiles/__idf_mqtt.dir/esp-mqtt/mqtt_client.c.obj
[169/1053] Building C object esp-idf/wpa_supplicant/CMakeFiles/__idf_wpa_supplicant.dir/src/eap_peer/eap_fast_common.c.obj
[170/1053] Building C object esp-idf/wpa_supplicant/CMakeFiles/__idf_wpa_supplicant.dir/src/utils/base64.c.obj
[833/1053] Building C object esp-idf/esp_security/CMakeFiles/__idf_esp_security.dir/src/esp_crypto_lock.c.obj
[834/1053] Building ASM object esp-idf/mbedtls/CMakeFiles/__idf_mbedtls.dir/__/__/x509_crt_bundle.S.obj
[171/1053] Building C object esp-idf/wpa_supplicant/CMakeFiles/__idf_wpa_supplicant.dir/src/eap_peer/eap_peap.c.obj
[172/1053] Building C object esp-idf/wpa_supplicant/CMakeFiles/__idf_wpa_supplicant.dir/src/utils/uuid.c.obj
[835/1053] Building C object esp-idf/esp_pm/CMakeFiles/__idf_esp_pm.dir/pm_trace.c.obj
[836/1053] Building C object esp-idf/esp_driver_gpio/CMakeFiles/__idf_esp_driver_gpio.dir/src/gpio_glitch_filter_ops.c.obj
[1047/1053] Linking C static library esp-idf/mqtt/libmqtt.a
[173/1053] Building C object esp-idf/wpa_supplicant/CMakeFiles/__idf_wpa_supplicant.dir/src/utils/ext_password.c.obj
[174/1053] Building C object esp-idf/wpa_supplicant/CMakeFiles/__idf_wpa_supplicant.dir/src/rsn_supp/pmksa_cache.c.obj
[837/1053] Building C object esp-idf/efuse/CMakeFiles/__idf_efuse.dir/esp32s3/esp_efuse_fields.c.obj
[1048/1053] Linking C static library esp-idf/main/libmain.a
[838/1053] Building C object esp-idf/efuse/CMakeFiles/__idf_efuse.dir/esp32s3/esp_efuse_table.c.obj
[175/1053] Building C object esp-idf/wpa_supplicant/CMakeFiles/__idf_wpa_supplicant.dir/src/rsn_supp/wpa_ie.c.obj
[176/1053] Building C object esp-idf/wpa_supplicant/CMakeFiles/__idf_wpa_supplicant.dir/src/eap_peer/eap_tls_common.c.obj
[177/1053] Building C object esp-idf/wpa_supplicant/CMakeFiles/__idf_wpa_supplicant.dir/src/utils/common.c.obj
[839/1053] Building C object esp-idf/esp_security/CMakeFiles/__idf_esp_security.dir/src/esp_ds.c.obj
[840/1053] Building C object esp-idf/esp_pm/CMakeFiles/__idf_esp_pm.dir/pm_locks.c.obj
[841/1053] Building C object esp-idf/mbedtls/CMakeFiles/__idf_mbedtls.dir/esp_crt_bundle/esp_crt_bundle.c.obj
[842/1053] Building C object esp-idf/esp_security/CMakeFiles/__idf_esp_security.dir/src/esp_hmac.c.obj
[178/1053] Building C object esp-idf/wpa_supplicant/CMakeFiles/__idf_wpa_supplicant.dir/src/common/sae.c.obj
[843/1053] Building C object esp-idf/efuse/CMakeFiles/__idf_efuse.dir/esp32s3/esp_efuse_utility.c.obj
[844/1053] Building C object esp-idf/esp_security/CMakeFiles/__idf_esp_security.dir/src/esp_crypto_periph_clk.c.obj
[845/1053] Building C object esp-idf/efuse/CMakeFiles/__idf_efuse.dir/esp32s3/esp_efuse_rtc_calib.c.obj
[179/1053] Building C object esp-idf/wpa_supplicant/CMakeFiles/__idf_wpa_supplicant.dir/src/eap_peer/eap_ttls.c.obj
[180/1053] Building C object esp-idf/wpa_supplicant/CMakeFiles/__idf_wpa_supplicant.dir/src/utils/wpabuf.c.obj
[846/1053] Linking C static library esp-idf/mbedtls/libmbedtls.a
[847/1053] Building C object esp-idf/esp_security/CMakeFiles/__idf_esp_security.dir/src/init.c.obj
[848/1053] Building C object esp-idf/efuse/CMakeFiles/__idf_efuse.dir/src/esp_efuse_fields.c.obj
[849/1053] Building C object esp-idf/efuse/CMakeFiles/__idf_efuse.dir/src/esp_efuse_utility.c.obj
[850/1053] Building C object esp-idf/esp_driver_gpio/CMakeFiles/__idf_esp_driver_gpio.dir/src/dedic_gpio.c.obj
[851/1053] Building C object esp-idf/esp_driver_gpio/CMakeFiles/__idf_esp_driver_gpio.dir/src/gpio_pin_glitch_filter.c.obj
[852/1053] Building C object esp-idf/xtensa/CMakeFiles/__idf_xtensa.dir/eri.c.obj
[853/1053] Building C object esp-idf/esp_bootloader_format/CMakeFiles/__idf_esp_bootloader_format.dir/esp_bootloader_desc.c.obj
[854/1053] Building C object esp-idf/xtensa/CMakeFiles/__idf_xtensa.dir/xt_trax.c.obj
[855/1053] Building C object esp-idf/app_update/CMakeFiles/__idf_app_update.dir/esp_ota_app_desc.c.obj
[181/1053] Building C object esp-idf/wpa_supplicant/CMakeFiles/__idf_wpa_supplicant.dir/esp_supplicant/src/esp_wpa2_api_port.c.obj
[856/1053] Building C object esp-idf/efuse/CMakeFiles/__idf_efuse.dir/src/esp_efuse_startup.c.obj
[182/1053] Building C object esp-idf/wpa_supplicant/CMakeFiles/__idf_wpa_supplicant.dir/src/utils/json.c.obj
[857/1053] Building ASM object esp-idf/xtensa/CMakeFiles/__idf_xtensa.dir/xtensa_context.S.obj
[858/1053] Building ASM object esp-idf/xtensa/CMakeFiles/__idf_xtensa.dir/xtensa_intr_asm.S.obj
[183/1053] Building C object esp-idf/wpa_supplicant/CMakeFiles/__idf_wpa_supplicant.dir/src/utils/wpa_debug.c.obj
[184/1053] Building C object esp-idf/wpa_supplicant/CMakeFiles/__idf_wpa_supplicant.dir/src/eap_peer/eap_fast.c.obj
[185/1053] Building C object esp-idf/wpa_supplicant/CMakeFiles/__idf_wpa_supplicant.dir/src/eap_peer/eap_fast_pac.c.obj
[186/1053] Building C object esp-idf/wpa_supplicant/CMakeFiles/__idf_wpa_supplicant.dir/src/wps/wps_common.c.obj
[187/1053] Building C object esp-idf/wpa_supplicant/CMakeFiles/__idf_wpa_supplicant.dir/src/wps/wps_attr_build.c.obj
[859/1053] Building ASM object esp-idf/xtensa/CMakeFiles/__idf_xtensa.dir/xtensa_vectors.S.obj
[860/1053] Building C object esp-idf/esp_partition/CMakeFiles/__idf_esp_partition.dir/partition_target.c.obj
[188/1053] Building C object esp-idf/wpa_supplicant/CMakeFiles/__idf_wpa_supplicant.dir/src/wps/wps_attr_process.c.obj
[861/1053] Building C object esp-idf/esp_pm/CMakeFiles/__idf_esp_pm.dir/pm_impl.c.obj
[189/1053] Building C object esp-idf/wpa_supplicant/CMakeFiles/__idf_wpa_supplicant.dir/src/wps/wps_attr_parse.c.obj
[862/1053] Building C object esp-idf/esp_app_format/CMakeFiles/__idf_esp_app_format.dir/esp_app_desc.c.obj
[863/1053] Building C object esp-idf/console/CMakeFiles/__idf_console.dir/split_argv.c.obj
[864/1053] Building C object esp-idf/esp_driver_gpio/CMakeFiles/__idf_esp_driver_gpio.dir/src/rtc_io.c.obj
[865/1053] Building C object esp-idf/esp_partition/CMakeFiles/__idf_esp_partition.dir/partition.c.obj
[190/1053] Building C object esp-idf/wpa_supplicant/CMakeFiles/__idf_wpa_supplicant.dir/src/wps/wps_dev_attr.c.obj
[866/1053] Building C object esp-idf/efuse/CMakeFiles/__idf_efuse.dir/src/esp_efuse_api.c.obj
[867/1053] Linking C static library esp-idf/esp_pm/libesp_pm.a
[868/1053] Building C object esp-idf/efuse/CMakeFiles/__idf_efuse.dir/src/efuse_controller/keys/with_key_purposes/esp_efuse_api_key.c.obj
[869/1053] Building C object esp-idf/console/CMakeFiles/__idf_console.dir/esp_console_repl_chip.c.obj
[191/1053] Building C object esp-idf/wpa_supplicant/CMakeFiles/__idf_wpa_supplicant.dir/src/wps/wps.c.obj
[870/1053] Building C object esp-idf/console/CMakeFiles/__idf_console.dir/esp_console_common.c.obj
[871/1053] Building C object esp-idf/xtensa/CMakeFiles/__idf_xtensa.dir/xtensa_intr.c.obj
[872/1053] Building C object esp-idf/console/CMakeFiles/__idf_console.dir/argtable3/arg_dbl.c.obj
[873/1053] Building C object esp-idf/console/CMakeFiles/__idf_console.dir/commands.c.obj
[874/1053] Building C object esp-idf/console/CMakeFiles/__idf_console.dir/esp_console_repl_internal.c.obj
[192/1053] Building C object esp-idf/wpa_supplicant/CMakeFiles/__idf_wpa_supplicant.dir/src/common/sae_pk.c.obj
[875/1053] Building C object esp-idf/console/CMakeFiles/__idf_console.dir/argtable3/arg_cmd.c.obj
[876/1053] Building C object esp-idf/console/CMakeFiles/__idf_console.dir/argtable3/arg_dstr.c.obj
[193/1053] Building C object esp-idf/wpa_supplicant/CMakeFiles/__idf_wpa_supplicant.dir/esp_supplicant/src/crypto/fastpsk.c.obj
[877/1053] Building C object esp-idf/console/CMakeFiles/__idf_console.dir/argtable3/arg_rem.c.obj
[194/1053] Building C object esp-idf/wpa_supplicant/CMakeFiles/__idf_wpa_supplicant.dir/esp_supplicant/src/esp_wpas_glue.c.obj
[878/1053] Building C object esp-idf/esp_driver_gpio/CMakeFiles/__idf_esp_driver_gpio.dir/src/gpio.c.obj
[879/1053] Building C object esp-idf/console/CMakeFiles/__idf_console.dir/argtable3/arg_lit.c.obj
[880/1053] Building C object esp-idf/console/CMakeFiles/__idf_console.dir/argtable3/arg_file.c.obj
[881/1053] Building C object esp-idf/console/CMakeFiles/__idf_console.dir/argtable3/arg_date.c.obj
[882/1053] Building C object esp-idf/console/CMakeFiles/__idf_console.dir/argtable3/arg_end.c.obj
[195/1053] Building C object esp-idf/wpa_supplicant/CMakeFiles/__idf_wpa_supplicant.dir/esp_supplicant/src/esp_owe.c.obj
[883/1053] Building C object esp-idf/console/CMakeFiles/__idf_console.dir/argtable3/arg_hashtable.c.obj
[884/1053] Building C object esp-idf/console/CMakeFiles/__idf_console.dir/argtable3/arg_utils.c.obj
[885/1053] Building C object esp-idf/console/CMakeFiles/__idf_console.dir/argtable3/arg_int.c.obj
[886/1053] Linking C static library esp-idf/esp_driver_gpio/libesp_driver_gpio.a
[196/1053] Building C object esp-idf/wpa_supplicant/CMakeFiles/__idf_wpa_supplicant.dir/src/wps/wps_enrollee.c.obj
[197/1053] Building C object esp-idf/wpa_supplicant/CMakeFiles/__idf_wpa_supplicant.dir/esp_supplicant/src/esp_eap_client.c.obj
[887/1053] Building C object esp-idf/console/CMakeFiles/__idf_console.dir/argtable3/arg_str.c.obj
[198/1053] Building C object esp-idf/wpa_supplicant/CMakeFiles/__idf_wpa_supplicant.dir/esp_supplicant/src/crypto/tls_mbedtls.c.obj
[888/1053] Building C object esp-idf/unity/CMakeFiles/__idf_unity.dir/unity_compat.c.obj
[889/1053] Building C object esp-idf/unity/CMakeFiles/__idf_unity.dir/port/esp/unity_utils_memory_esp.c.obj
[199/1053] Building C object esp-idf/wpa_supplicant/CMakeFiles/__idf_wpa_supplicant.dir/esp_supplicant/src/esp_common.c.obj
[890/1053] Linking C static library esp-idf/esp_security/libesp_security.a
[891/1053] Building C object esp-idf/unity/CMakeFiles/__idf_unity.dir/unity_utils_cache.c.obj
[200/1053] Linking C static library esp-idf/esp_coex/libesp_coex.a
[892/1053] Building C object esp-idf/unity/CMakeFiles/__idf_unity.dir/unity_port_esp32.c.obj
[893/1053] Building C object esp-idf/unity/CMakeFiles/__idf_unity.dir/unity_runner.c.obj
[201/1053] Building C object esp-idf/wpa_supplicant/CMakeFiles/__idf_wpa_supplicant.dir/esp_supplicant/src/crypto/crypto_mbedtls-bignum.c.obj
[202/1053] Building C object esp-idf/wpa_supplicant/CMakeFiles/__idf_wpa_supplicant.dir/esp_supplicant/src/crypto/crypto_mbedtls-rsa.c.obj
[894/1053] Building C object esp-idf/unity/CMakeFiles/__idf_unity.dir/unity_utils_freertos.c.obj
[203/1053] Building C object esp-idf/wpa_supplicant/CMakeFiles/__idf_wpa_supplicant.dir/esp_supplicant/src/esp_wpa_main.c.obj
[204/1053] Building C object esp-idf/wpa_supplicant/CMakeFiles/__idf_wpa_supplicant.dir/esp_supplicant/src/esp_hostap.c.obj
[895/1053] Building C object esp-idf/unity/CMakeFiles/__idf_unity.dir/unity_utils_memory.c.obj
[896/1053] Building C object esp-idf/protocomm/CMakeFiles/__idf_protocomm.dir/proto-c/constants.pb-c.c.obj
[205/1053] Building C object esp-idf/wpa_supplicant/CMakeFiles/__idf_wpa_supplicant.dir/src/crypto/aes-wrap.c.obj
[897/1053] Building C object esp-idf/app_update/CMakeFiles/__idf_app_update.dir/esp_ota_ops.c.obj
[206/1053] Building C object esp-idf/wpa_supplicant/CMakeFiles/__idf_wpa_supplicant.dir/src/crypto/rc4.c.obj
[898/1053] Building C object esp-idf/protocomm/CMakeFiles/__idf_protocomm.dir/proto-c/sec0.pb-c.c.obj
[899/1053] Linking C static library esp-idf/efuse/libefuse.a
[900/1053] Building C object esp-idf/protocomm/CMakeFiles/__idf_protocomm.dir/proto-c/session.pb-c.c.obj
[207/1053] Building C object esp-idf/esp_netif/CMakeFiles/__idf_esp_netif.dir/esp_netif_objects.c.obj
[208/1053] Building C object esp-idf/esp_netif/CMakeFiles/__idf_esp_netif.dir/esp_netif_defaults.c.obj
[209/1053] Building C object esp-idf/wpa_supplicant/CMakeFiles/__idf_wpa_supplicant.dir/src/crypto/des-internal.c.obj
[210/1053] Building C object esp-idf/wpa_supplicant/CMakeFiles/__idf_wpa_supplicant.dir/src/rsn_supp/wpa.c.obj
[211/1053] Building C object esp-idf/wpa_supplicant/CMakeFiles/__idf_wpa_supplicant.dir/esp_supplicant/src/esp_wpa3.c.obj
[901/1053] Linking C static library esp-idf/esp_partition/libesp_partition.a
[902/1053] Building C object esp-idf/unity/CMakeFiles/__idf_unity.dir/unity/src/unity.c.obj
[903/1053] Building C object esp-idf/protocomm/CMakeFiles/__idf_protocomm.dir/proto-c/sec1.pb-c.c.obj
[904/1053] Building C object esp-idf/console/CMakeFiles/__idf_console.dir/linenoise/linenoise.c.obj
[212/1053] Building C object esp-idf/wpa_supplicant/CMakeFiles/__idf_wpa_supplicant.dir/esp_supplicant/src/crypto/crypto_mbedtls.c.obj
[213/1053] Building C object esp-idf/esp_netif/CMakeFiles/__idf_esp_netif.dir/esp_netif_handlers.c.obj
[905/1053] Linking C static library esp-idf/app_update/libapp_update.a
[214/1053] Building C object esp-idf/wpa_supplicant/CMakeFiles/__idf_wpa_supplicant.dir/src/crypto/aes-unwrap.c.obj
[215/1053] Building C object esp-idf/wpa_supplicant/CMakeFiles/__idf_wpa_supplicant.dir/esp_supplicant/src/crypto/fastpbkdf2.c.obj
[216/1053] Building C object esp-idf/lwip/CMakeFiles/__idf_lwip.dir/apps/sntp/sntp.c.obj
[217/1053] Building C object esp-idf/esp_netif/CMakeFiles/__idf_esp_netif.dir/lwip/netif/wlanif.c.obj
[906/1053] Building C object esp-idf/protocomm/CMakeFiles/__idf_protocomm.dir/src/common/protocomm.c.obj
[218/1053] Building C object esp-idf/esp_netif/CMakeFiles/__idf_esp_netif.dir/lwip/netif/ethernetif.c.obj
[907/1053] Building CXX object esp-idf/wear_levelling/CMakeFiles/__idf_wear_levelling.dir/Partition.cpp.obj
[908/1053] Building CXX object esp-idf/wear_levelling/CMakeFiles/__idf_wear_levelling.dir/SPI_Flash.cpp.obj
[909/1053] Building C object esp-idf/protocomm/CMakeFiles/__idf_protocomm.dir/src/crypto/srp6a/esp_srp_mpi.c.obj
[910/1053] Linking C static library esp-idf/esp_bootloader_format/libesp_bootloader_format.a
[911/1053] Building C object esp-idf/console/CMakeFiles/__idf_console.dir/argtable3/arg_rex.c.obj
[912/1053] Building C object esp-idf/protocomm/CMakeFiles/__idf_protocomm.dir/proto-c/sec2.pb-c.c.obj
[913/1053] Building C object esp-idf/console/CMakeFiles/__idf_console.dir/argtable3/argtable3.c.obj
[914/1053] Building C object esp-idf/protocomm/CMakeFiles/__idf_protocomm.dir/src/security/security2.c.obj
[219/1053] Building C object esp-idf/esp_netif/CMakeFiles/__idf_esp_netif.dir/lwip/esp_netif_lwip_defaults.c.obj
[915/1053] Building CXX object esp-idf/wear_levelling/CMakeFiles/__idf_wear_levelling.dir/crc32.cpp.obj
[220/1053] Building C object esp-idf/esp_netif/CMakeFiles/__idf_esp_netif.dir/lwip/netif/esp_pbuf_ref.c.obj
[916/1053] Linking C static library esp-idf/esp_app_format/libesp_app_format.a
[221/1053] Building C object esp-idf/wpa_supplicant/CMakeFiles/__idf_wpa_supplicant.dir/src/crypto/aes-ccm.c.obj
[917/1053] Building CXX object esp-idf/wear_levelling/CMakeFiles/__idf_wear_levelling.dir/WL_Ext_Perf.cpp.obj
[222/1053] Building C object esp-idf/lwip/CMakeFiles/__idf_lwip.dir/lwip/src/api/err.c.obj
[223/1053] Building C object esp-idf/esp_netif/CMakeFiles/__idf_esp_netif.dir/lwip/esp_netif_sntp.c.obj
[918/1053] Building C object esp-idf/protocomm/CMakeFiles/__idf_protocomm.dir/src/transports/protocomm_console.c.obj
[919/1053] Linking C static library esp-idf/xtensa/libxtensa.a
[224/1053] Building C object esp-idf/lwip/CMakeFiles/__idf_lwip.dir/lwip/src/api/if_api.c.obj
[920/1053] Building CXX object esp-idf/wear_levelling/CMakeFiles/__idf_wear_levelling.dir/wear_levelling.cpp.obj
[921/1053] Building CXX object esp-idf/wear_levelling/CMakeFiles/__idf_wear_levelling.dir/WL_Ext_Safe.cpp.obj
[922/1053] Building C object esp-idf/app_trace/CMakeFiles/__idf_app_trace.dir/app_trace_util.c.obj
[923/1053] Building C object esp-idf/app_trace/CMakeFiles/__idf_app_trace.dir/host_file_io.c.obj
[924/1053] Building C object esp-idf/esp_driver_cam/CMakeFiles/__idf_esp_driver_cam.dir/dvp_share_ctrl.c.obj
[925/1053] Building C object esp-idf/cmock/CMakeFiles/__idf_cmock.dir/CMock/src/cmock.c.obj
[926/1053] Building C object esp-idf/esp_https_server/CMakeFiles/__idf_esp_https_server.dir/src/https_server.c.obj
[927/1053] Linking C static library esp-idf/console/libconsole.a
[928/1053] Building C object esp-idf/protocomm/CMakeFiles/__idf_protocomm.dir/src/transports/protocomm_httpd.c.obj
[929/1053] Building C object esp-idf/app_trace/CMakeFiles/__idf_app_trace.dir/port/port_uart.c.obj
[930/1053] Linking C static library esp-idf/unity/libunity.a
[225/1053] Building C object esp-idf/wpa_supplicant/CMakeFiles/__idf_wpa_supplicant.dir/esp_supplicant/src/esp_wps.c.obj
[931/1053] Building C object esp-idf/protocomm/CMakeFiles/__idf_protocomm.dir/src/crypto/srp6a/esp_srp.c.obj
[226/1053] Building C object esp-idf/lwip/CMakeFiles/__idf_lwip.dir/lwip/src/api/netbuf.c.obj
[932/1053] Linking C static library esp-idf/esp_https_server/libesp_https_server.a
[227/1053] Building C object esp-idf/lwip/CMakeFiles/__idf_lwip.dir/lwip/src/core/init.c.obj
[933/1053] Building C object esp-idf/esp_driver_cam/CMakeFiles/__idf_esp_driver_cam.dir/esp_cam_ctlr.c.obj
[228/1053] Building C object esp-idf/lwip/CMakeFiles/__idf_lwip.dir/lwip/src/api/netifapi.c.obj
[934/1053] Building C object esp-idf/json/CMakeFiles/__idf_json.dir/cJSON/cJSON_Utils.c.obj
[229/1053] Building C object esp-idf/lwip/CMakeFiles/__idf_lwip.dir/lwip/src/core/ip.c.obj
[230/1053] Building C object esp-idf/lwip/CMakeFiles/__idf_lwip.dir/lwip/src/core/inet_chksum.c.obj
[935/1053] Building C object esp-idf/esp_hid/CMakeFiles/__idf_esp_hid.dir/src/esp_hidd.c.obj
[231/1053] Building C object esp-idf/lwip/CMakeFiles/__idf_lwip.dir/lwip/src/api/api_lib.c.obj
[232/1053] Building C object esp-idf/lwip/CMakeFiles/__idf_lwip.dir/lwip/src/apps/sntp/sntp.c.obj
[233/1053] Building C object esp-idf/lwip/CMakeFiles/__idf_lwip.dir/lwip/src/api/netdb.c.obj
[936/1053] Building C object esp-idf/esp_driver_cam/CMakeFiles/__idf_esp_driver_cam.dir/dvp/src/esp_cam_ctlr_dvp_gdma.c.obj
[234/1053] Building C object esp-idf/lwip/CMakeFiles/__idf_lwip.dir/lwip/src/api/api_msg.c.obj
[235/1053] Building C object esp-idf/lwip/CMakeFiles/__idf_lwip.dir/lwip/src/core/def.c.obj
[937/1053] Building C object esp-idf/app_trace/CMakeFiles/__idf_app_trace.dir/app_trace.c.obj
[236/1053] Building C object esp-idf/lwip/CMakeFiles/__idf_lwip.dir/lwip/src/apps/netbiosns/netbiosns.c.obj
[237/1053] Building C object esp-idf/lwip/CMakeFiles/__idf_lwip.dir/lwip/src/core/mem.c.obj
[238/1053] Building C object esp-idf/wpa_supplicant/CMakeFiles/__idf_wpa_supplicant.dir/esp_supplicant/src/crypto/crypto_mbedtls-ec.c.obj
[239/1053] Building C object esp-idf/lwip/CMakeFiles/__idf_lwip.dir/lwip/src/api/tcpip.c.obj
[938/1053] Building C object esp-idf/esp_lcd/CMakeFiles/__idf_esp_lcd.dir/src/esp_lcd_common.c.obj
[939/1053] Building C object esp-idf/esp_lcd/CMakeFiles/__idf_esp_lcd.dir/src/esp_lcd_panel_io.c.obj
[240/1053] Building C object esp-idf/lwip/CMakeFiles/__idf_lwip.dir/lwip/src/core/stats.c.obj
[940/1053] Building C object esp-idf/esp_hid/CMakeFiles/__idf_esp_hid.dir/src/esp_hidh.c.obj
[941/1053] Building C object esp-idf/protobuf-c/CMakeFiles/__idf_protobuf-c.dir/protobuf-c/protobuf-c/protobuf-c.c.obj
[942/1053] Building C object esp-idf/esp_eth/CMakeFiles/__idf_esp_eth.dir/src/esp_eth_netif_glue.c.obj
[943/1053] Linking C static library esp-idf/protobuf-c/libprotobuf-c.a
[944/1053] Building C object esp-idf/esp_hid/CMakeFiles/__idf_esp_hid.dir/src/esp_hid_common.c.obj
[241/1053] Building C object esp-idf/lwip/CMakeFiles/__idf_lwip.dir/lwip/src/core/pbuf.c.obj
[242/1053] Linking C static library esp-idf/wpa_supplicant/libwpa_supplicant.a
[243/1053] Building C object esp-idf/lwip/CMakeFiles/__idf_lwip.dir/lwip/src/core/memp.c.obj
[244/1053] Building C object esp-idf/lwip/CMakeFiles/__idf_lwip.dir/lwip/src/core/sys.c.obj
[245/1053] Building C object esp-idf/lwip/CMakeFiles/__idf_lwip.dir/lwip/src/core/timeouts.c.obj
[945/1053] Linking C static library esp-idf/protocomm/libprotocomm.a
[246/1053] Building C object esp-idf/lwip/CMakeFiles/__idf_lwip.dir/lwip/src/core/raw.c.obj
[247/1053] Building C object esp-idf/lwip/CMakeFiles/__idf_lwip.dir/lwip/src/core/ipv4/autoip.c.obj
[946/1053] Building C object esp-idf/esp_driver_cam/CMakeFiles/__idf_esp_driver_cam.dir/dvp/src/esp_cam_ctlr_dvp_cam.c.obj
[947/1053] Building C object esp-idf/esp_lcd/CMakeFiles/__idf_esp_lcd.dir/src/esp_lcd_panel_ops.c.obj
[948/1053] Building C object esp-idf/esp_lcd/CMakeFiles/__idf_esp_lcd.dir/i2c/esp_lcd_panel_io_i2c_v1.c.obj
[949/1053] Building C object esp-idf/esp_lcd/CMakeFiles/__idf_esp_lcd.dir/src/esp_lcd_panel_ssd1306.c.obj
[950/1053] Building C object esp-idf/esp_lcd/CMakeFiles/__idf_esp_lcd.dir/src/esp_lcd_panel_st7789.c.obj
[248/1053] Building C object esp-idf/lwip/CMakeFiles/__idf_lwip.dir/lwip/src/core/netif.c.obj
[951/1053] Building C object esp-idf/esp_lcd/CMakeFiles/__idf_esp_lcd.dir/src/esp_lcd_panel_nt35510.c.obj
[249/1053] Building C object esp-idf/lwip/CMakeFiles/__idf_lwip.dir/lwip/src/core/dns.c.obj
[952/1053] Building C object esp-idf/espcoredump/CMakeFiles/__idf_espcoredump.dir/src/core_dump_init.c.obj
[953/1053] Building C object esp-idf/json/CMakeFiles/__idf_json.dir/cJSON/cJSON.c.obj
[954/1053] Building C object esp-idf/espcoredump/CMakeFiles/__idf_espcoredump.dir/src/core_dump_common.c.obj
[955/1053] Building C object esp-idf/espcoredump/CMakeFiles/__idf_espcoredump.dir/src/core_dump_flash.c.obj
[956/1053] Building C object esp-idf/esp_lcd/CMakeFiles/__idf_esp_lcd.dir/i2c/esp_lcd_panel_io_i2c_v2.c.obj
[250/1053] Building C object esp-idf/lwip/CMakeFiles/__idf_lwip.dir/lwip/src/core/ipv4/ip4_frag.c.obj
[957/1053] Building C object esp-idf/espcoredump/CMakeFiles/__idf_espcoredump.dir/src/core_dump_uart.c.obj
[958/1053] Building C object esp-idf/espcoredump/CMakeFiles/__idf_espcoredump.dir/src/core_dump_sha.c.obj
[959/1053] Building C object esp-idf/esp_driver_touch_sens/CMakeFiles/__idf_esp_driver_touch_sens.dir/common/touch_sens_common.c.obj
[251/1053] Building C object esp-idf/lwip/CMakeFiles/__idf_lwip.dir/lwip/src/core/ipv6/dhcp6.c.obj
[960/1053] Building C object esp-idf/espcoredump/CMakeFiles/__idf_espcoredump.dir/src/core_dump_elf.c.obj
[252/1053] Building C object esp-idf/lwip/CMakeFiles/__idf_lwip.dir/lwip/src/core/ipv4/ip4_napt.c.obj
[961/1053] Building C object esp-idf/espcoredump/CMakeFiles/__idf_espcoredump.dir/src/port/xtensa/core_dump_port.c.obj
[962/1053] Building C object esp-idf/esp_eth/CMakeFiles/__idf_esp_eth.dir/src/esp_eth.c.obj
[963/1053] Building C object esp-idf/esp_eth/CMakeFiles/__idf_esp_eth.dir/src/phy/esp_eth_phy_802_3.c.obj
[253/1053] Building C object esp-idf/lwip/CMakeFiles/__idf_lwip.dir/lwip/src/core/ipv4/etharp.c.obj
[254/1053] Building C object esp-idf/lwip/CMakeFiles/__idf_lwip.dir/lwip/src/core/ipv4/icmp.c.obj
[964/1053] Building C object esp-idf/esp_driver_touch_sens/CMakeFiles/__idf_esp_driver_touch_sens.dir/hw_ver2/touch_version_specific.c.obj
[255/1053] Building C object esp-idf/lwip/CMakeFiles/__idf_lwip.dir/lwip/src/core/ipv4/ip4_addr.c.obj
[256/1053] Building C object esp-idf/lwip/CMakeFiles/__idf_lwip.dir/lwip/src/core/ipv6/inet6.c.obj
[965/1053] Building CXX object esp-idf/wear_levelling/CMakeFiles/__idf_wear_levelling.dir/WL_Flash.cpp.obj
[257/1053] Building C object esp-idf/lwip/CMakeFiles/__idf_lwip.dir/lwip/src/core/ipv4/ip4.c.obj
[966/1053] Building C object esp-idf/esp_local_ctrl/CMakeFiles/__idf_esp_local_ctrl.dir/proto-c/esp_local_ctrl.pb-c.c.obj
[258/1053] Building C object esp-idf/esp_netif/CMakeFiles/__idf_esp_netif.dir/lwip/esp_netif_lwip.c.obj
[259/1053] Building C object esp-idf/lwip/CMakeFiles/__idf_lwip.dir/lwip/src/core/ipv6/icmp6.c.obj
[260/1053] Building C object esp-idf/lwip/CMakeFiles/__idf_lwip.dir/lwip/src/core/udp.c.obj
[967/1053] Building C object esp-idf/esp_local_ctrl/CMakeFiles/__idf_esp_local_ctrl.dir/src/esp_local_ctrl_transport_httpd.c.obj
[261/1053] Building C object esp-idf/lwip/CMakeFiles/__idf_lwip.dir/lwip/src/core/tcp_in.c.obj
[262/1053] Building C object esp-idf/lwip/CMakeFiles/__idf_lwip.dir/lwip/src/core/ipv4/dhcp.c.obj
[968/1053] Linking C static library esp-idf/wear_levelling/libwear_levelling.a
[969/1053] Building C object esp-idf/fatfs/CMakeFiles/__idf_fatfs.dir/diskio/diskio.c.obj
[263/1053] Building C object esp-idf/lwip/CMakeFiles/__idf_lwip.dir/lwip/src/core/ipv6/ethip6.c.obj
[970/1053] Building C object esp-idf/fatfs/CMakeFiles/__idf_fatfs.dir/diskio/diskio_rawflash.c.obj
[971/1053] Building C object esp-idf/fatfs/CMakeFiles/__idf_fatfs.dir/diskio/diskio_sdmmc.c.obj
[972/1053] Building C object esp-idf/esp_lcd/CMakeFiles/__idf_esp_lcd.dir/spi/esp_lcd_panel_io_spi.c.obj
[973/1053] Building C object esp-idf/esp_local_ctrl/CMakeFiles/__idf_esp_local_ctrl.dir/src/esp_local_ctrl_handler.c.obj
[264/1053] Building C object esp-idf/lwip/CMakeFiles/__idf_lwip.dir/lwip/src/core/ipv4/igmp.c.obj
[974/1053] Building C object esp-idf/fatfs/CMakeFiles/__idf_fatfs.dir/port/freertos/ffsystem.c.obj
[975/1053] Building C object esp-idf/fatfs/CMakeFiles/__idf_fatfs.dir/src/ffunicode.c.obj
[265/1053] Building C object esp-idf/lwip/CMakeFiles/__idf_lwip.dir/lwip/src/core/tcp_out.c.obj
[976/1053] Building C object esp-idf/esp_local_ctrl/CMakeFiles/__idf_esp_local_ctrl.dir/src/esp_local_ctrl.c.obj
[266/1053] Building C object esp-idf/lwip/CMakeFiles/__idf_lwip.dir/lwip/src/core/ipv6/ip6_addr.c.obj
[977/1053] Linking C static library esp-idf/json/libjson.a
[267/1053] Building C object esp-idf/lwip/CMakeFiles/__idf_lwip.dir/lwip/src/netif/ethernet.c.obj
[978/1053] Building C object esp-idf/fatfs/CMakeFiles/__idf_fatfs.dir/diskio/diskio_wl.c.obj
[268/1053] Building C object esp-idf/lwip/CMakeFiles/__idf_lwip.dir/lwip/src/netif/bridgeif.c.obj
[979/1053] Building C object esp-idf/perfmon/CMakeFiles/__idf_perfmon.dir/xtensa_perfmon_masks.c.obj
[269/1053] Building C object esp-idf/lwip/CMakeFiles/__idf_lwip.dir/lwip/src/netif/bridgeif_fdb.c.obj
[270/1053] Building C object esp-idf/lwip/CMakeFiles/__idf_lwip.dir/lwip/src/netif/ppp/ccp.c.obj
[980/1053] Building C object esp-idf/perfmon/CMakeFiles/__idf_perfmon.dir/xtensa_perfmon_access.c.obj
[981/1053] Building C object esp-idf/perfmon/CMakeFiles/__idf_perfmon.dir/xtensa_perfmon_apis.c.obj
[271/1053] Building C object esp-idf/lwip/CMakeFiles/__idf_lwip.dir/lwip/src/core/ipv6/ip6_frag.c.obj
[272/1053] Building C object esp-idf/lwip/CMakeFiles/__idf_lwip.dir/lwip/src/netif/ppp/chap-md5.c.obj
[273/1053] Building C object esp-idf/lwip/CMakeFiles/__idf_lwip.dir/lwip/src/core/ipv6/mld6.c.obj
[982/1053] Building C object esp-idf/mqtt/CMakeFiles/__idf_mqtt.dir/esp-mqtt/lib/platform_esp32_idf.c.obj
[274/1053] Building C object esp-idf/lwip/CMakeFiles/__idf_lwip.dir/lwip/src/netif/ppp/demand.c.obj
[983/1053] Building C object esp-idf/fatfs/CMakeFiles/__idf_fatfs.dir/vfs/vfs_fat_spiflash.c.obj
[275/1053] Building C object esp-idf/lwip/CMakeFiles/__idf_lwip.dir/lwip/src/netif/ppp/auth.c.obj
[984/1053] Building C object esp-idf/nvs_sec_provider/CMakeFiles/__idf_nvs_sec_provider.dir/nvs_sec_provider.c.obj
[276/1053] Building C object esp-idf/lwip/CMakeFiles/__idf_lwip.dir/lwip/src/netif/ppp/eui64.c.obj
[985/1053] Building C object esp-idf/rt/CMakeFiles/__idf_rt.dir/FreeRTOS_POSIX_utils.c.obj
[277/1053] Building C object esp-idf/lwip/CMakeFiles/__idf_lwip.dir/lwip/src/netif/ppp/ecp.c.obj
[278/1053] Building C object esp-idf/lwip/CMakeFiles/__idf_lwip.dir/lwip/src/netif/ppp/chap-new.c.obj
[986/1053] Building C object esp-idf/spiffs/CMakeFiles/__idf_spiffs.dir/spiffs_api.c.obj
[279/1053] Building C object esp-idf/lwip/CMakeFiles/__idf_lwip.dir/lwip/src/netif/ppp/lcp.c.obj
[280/1053] Building C object esp-idf/lwip/CMakeFiles/__idf_lwip.dir/lwip/src/netif/ppp/chap_ms.c.obj
[987/1053] Building C object esp-idf/esp_lcd/CMakeFiles/__idf_esp_lcd.dir/i80/esp_lcd_panel_io_i80.c.obj
[281/1053] Building C object esp-idf/lwip/CMakeFiles/__idf_lwip.dir/lwip/src/api/sockets.c.obj
[282/1053] Building C object esp-idf/lwip/CMakeFiles/__idf_lwip.dir/lwip/src/core/ipv6/ip6.c.obj
[283/1053] Building C object esp-idf/lwip/CMakeFiles/__idf_lwip.dir/lwip/src/netif/slipif.c.obj
[284/1053] Building C object esp-idf/lwip/CMakeFiles/__idf_lwip.dir/lwip/src/core/tcp.c.obj
[285/1053] Building C object esp-idf/lwip/CMakeFiles/__idf_lwip.dir/lwip/src/netif/ppp/ipcp.c.obj
[286/1053] Building C object esp-idf/lwip/CMakeFiles/__idf_lwip.dir/lwip/src/netif/ppp/ppp.c.obj
[988/1053] Building C object esp-idf/spiffs/CMakeFiles/__idf_spiffs.dir/spiffs/src/spiffs_cache.c.obj
[287/1053] Building C object esp-idf/lwip/CMakeFiles/__idf_lwip.dir/lwip/src/netif/ppp/eap.c.obj
[288/1053] Building C object esp-idf/lwip/CMakeFiles/__idf_lwip.dir/lwip/src/netif/ppp/pppcrypt.c.obj
[289/1053] Building C object esp-idf/lwip/CMakeFiles/__idf_lwip.dir/lwip/src/netif/ppp/fsm.c.obj
[290/1053] Building C object esp-idf/lwip/CMakeFiles/__idf_lwip.dir/lwip/src/netif/ppp/magic.c.obj
[989/1053] Building C object esp-idf/mqtt/CMakeFiles/__idf_mqtt.dir/esp-mqtt/lib/mqtt_msg.c.obj
[291/1053] Building C object esp-idf/lwip/CMakeFiles/__idf_lwip.dir/lwip/src/netif/ppp/pppapi.c.obj
[990/1053] Building C object esp-idf/mqtt/CMakeFiles/__idf_mqtt.dir/esp-mqtt/lib/mqtt_outbox.c.obj
[292/1053] Building C object esp-idf/lwip/CMakeFiles/__idf_lwip.dir/lwip/src/netif/ppp/mppe.c.obj
[991/1053] Building C object esp-idf/fatfs/CMakeFiles/__idf_fatfs.dir/vfs/vfs_fat_sdmmc.c.obj
[293/1053] Building C object esp-idf/lwip/CMakeFiles/__idf_lwip.dir/lwip/src/netif/ppp/multilink.c.obj
[992/1053] Building C object esp-idf/rt/CMakeFiles/__idf_rt.dir/FreeRTOS_POSIX_mqueue.c.obj
[294/1053] Building C object esp-idf/lwip/CMakeFiles/__idf_lwip.dir/lwip/src/netif/ppp/pppoe.c.obj
[295/1053] Building C object esp-idf/lwip/CMakeFiles/__idf_lwip.dir/lwip/src/netif/ppp/ipv6cp.c.obj
[296/1053] Building C object esp-idf/lwip/CMakeFiles/__idf_lwip.dir/lwip/src/netif/ppp/pppos.c.obj
[297/1053] Building C object esp-idf/lwip/CMakeFiles/__idf_lwip.dir/lwip/src/netif/ppp/pppol2tp.c.obj
[993/1053] Building C object esp-idf/spiffs/CMakeFiles/__idf_spiffs.dir/spiffs/src/spiffs_gc.c.obj
[298/1053] Building C object esp-idf/lwip/CMakeFiles/__idf_lwip.dir/lwip/src/netif/ppp/upap.c.obj
[299/1053] Building C object esp-idf/lwip/CMakeFiles/__idf_lwip.dir/port/hooks/tcp_isn_default.c.obj
[300/1053] Building C object esp-idf/lwip/CMakeFiles/__idf_lwip.dir/port/hooks/lwip_default_hooks.c.obj
[301/1053] Building C object esp-idf/lwip/CMakeFiles/__idf_lwip.dir/lwip/src/netif/ppp/vj.c.obj
[302/1053] Building C object esp-idf/lwip/CMakeFiles/__idf_lwip.dir/lwip/src/netif/ppp/utils.c.obj
[303/1053] Building C object esp-idf/lwip/CMakeFiles/__idf_lwip.dir/apps/ping/esp_ping.c.obj
[994/1053] Building C object esp-idf/touch_element/CMakeFiles/__idf_touch_element.dir/touch_button.c.obj
[995/1053] Building C object esp-idf/fatfs/CMakeFiles/__idf_fatfs.dir/vfs/vfs_fat.c.obj
[996/1053] Building C object esp-idf/usb/CMakeFiles/__idf_usb.dir/usb_helpers.c.obj
[304/1053] Building C object esp-idf/lwip/CMakeFiles/__idf_lwip.dir/lwip/src/core/ipv6/nd6.c.obj
[305/1053] Building C object esp-idf/lwip/CMakeFiles/__idf_lwip.dir/lwip/src/netif/ppp/polarssl/arc4.c.obj
[306/1053] Building C object esp-idf/lwip/CMakeFiles/__idf_lwip.dir/lwip/src/netif/ppp/polarssl/des.c.obj
[307/1053] Building C object esp-idf/lwip/CMakeFiles/__idf_lwip.dir/lwip/src/netif/ppp/polarssl/md4.c.obj
[997/1053] Building C object esp-idf/spiffs/CMakeFiles/__idf_spiffs.dir/spiffs/src/spiffs_check.c.obj
[308/1053] Linking C static library esp-idf/esp_netif/libesp_netif.a
[309/1053] Building C object esp-idf/lwip/CMakeFiles/__idf_lwip.dir/port/debug/lwip_debug.c.obj
[998/1053] Building C object esp-idf/spiffs/CMakeFiles/__idf_spiffs.dir/spiffs/src/spiffs_hydrogen.c.obj
[310/1053] Building C object esp-idf/lwip/CMakeFiles/__idf_lwip.dir/apps/ping/ping_sock.c.obj
[311/1053] Building C object esp-idf/lwip/CMakeFiles/__idf_lwip.dir/port/if_index.c.obj
[999/1053] Building C object esp-idf/usb/CMakeFiles/__idf_usb.dir/usb_private.c.obj
[312/1053] Building C object esp-idf/lwip/CMakeFiles/__idf_lwip.dir/apps/ping/ping.c.obj
[313/1053] Building C object esp-idf/lwip/CMakeFiles/__idf_lwip.dir/port/sockets_ext.c.obj
[314/1053] Building C object esp-idf/lwip/CMakeFiles/__idf_lwip.dir/lwip/src/netif/ppp/polarssl/md5.c.obj
[315/1053] Building C object esp-idf/lwip/CMakeFiles/__idf_lwip.dir/port/acd_dhcp_check.c.obj
[316/1053] Building C object esp-idf/lwip/CMakeFiles/__idf_lwip.dir/lwip/src/netif/ppp/polarssl/sha1.c.obj
[317/1053] Building C object esp-idf/lwip/CMakeFiles/__idf_lwip.dir/port/esp32xx/vfs_lwip.c.obj
[1000/1053] Building C object esp-idf/fatfs/CMakeFiles/__idf_fatfs.dir/src/ff.c.obj
[1001/1053] Building C object esp-idf/usb/CMakeFiles/__idf_usb.dir/enum.c.obj
[1002/1053] Building C object esp-idf/touch_element/CMakeFiles/__idf_touch_element.dir/touch_slider.c.obj
[1003/1053] Building C object esp-idf/wifi_provisioning/CMakeFiles/__idf_wifi_provisioning.dir/src/wifi_config.c.obj
[318/1053] Building C object esp-idf/esp_phy/CMakeFiles/__idf_esp_phy.dir/src/lib_printf.c.obj
[1004/1053] Building C object esp-idf/touch_element/CMakeFiles/__idf_touch_element.dir/touch_element.c.obj
[319/1053] Building C object esp-idf/lwip/CMakeFiles/__idf_lwip.dir/port/freertos/sys_arch.c.obj
[320/1053] Building C object esp-idf/esp_phy/CMakeFiles/__idf_esp_phy.dir/esp32s3/phy_init_data.c.obj
[1005/1053] Building C object esp-idf/spiffs/CMakeFiles/__idf_spiffs.dir/esp_spiffs.c.obj
[1006/1053] Building C object esp-idf/esp_lcd/CMakeFiles/__idf_esp_lcd.dir/rgb/esp_lcd_panel_rgb.c.obj
[321/1053] Building C object esp-idf/esp_phy/CMakeFiles/__idf_esp_phy.dir/src/btbb_init.c.obj
[1007/1053] Building C object esp-idf/usb/CMakeFiles/__idf_usb.dir/hub.c.obj
[322/1053] Building C object esp-idf/esp_vfs_console/CMakeFiles/__idf_esp_vfs_console.dir/vfs_console.c.obj
[1008/1053] Building C object esp-idf/touch_element/CMakeFiles/__idf_touch_element.dir/touch_matrix.c.obj
[1009/1053] Building C object esp-idf/wifi_provisioning/CMakeFiles/__idf_wifi_provisioning.dir/src/wifi_ctrl.c.obj
[323/1053] Building C object esp-idf/esp_driver_usb_serial_jtag/CMakeFiles/__idf_esp_driver_usb_serial_jtag.dir/src/usb_serial_jtag_connection_monitor.c.obj
[324/1053] Building C object esp-idf/esp_phy/CMakeFiles/__idf_esp_phy.dir/src/phy_common.c.obj
[325/1053] Building C object esp-idf/esp_phy/CMakeFiles/__idf_esp_phy.dir/src/phy_override.c.obj
[326/1053] Building C object esp-idf/vfs/CMakeFiles/__idf_vfs.dir/vfs_eventfd.c.obj
[1010/1053] Building C object esp-idf/wifi_provisioning/CMakeFiles/__idf_wifi_provisioning.dir/src/wifi_scan.c.obj
[1011/1053] Building C object esp-idf/wifi_provisioning/CMakeFiles/__idf_wifi_provisioning.dir/proto-c/wifi_constants.pb-c.c.obj
[327/1053] Building C object esp-idf/vfs/CMakeFiles/__idf_vfs.dir/nullfs.c.obj
[1012/1053] Building C object esp-idf/wifi_provisioning/CMakeFiles/__idf_wifi_provisioning.dir/proto-c/wifi_ctrl.pb-c.c.obj
[1013/1053] Linking C static library esp-idf/app_trace/libapp_trace.a
[1014/1053] Building C object esp-idf/wifi_provisioning/CMakeFiles/__idf_wifi_provisioning.dir/src/scheme_console.c.obj
[328/1053] Building C object esp-idf/esp_driver_usb_serial_jtag/CMakeFiles/__idf_esp_driver_usb_serial_jtag.dir/src/usb_serial_jtag.c.obj
[1015/1053] Building C object esp-idf/wifi_provisioning/CMakeFiles/__idf_wifi_provisioning.dir/proto-c/wifi_scan.pb-c.c.obj
[1016/1053] Building C object esp-idf/espressif__elf_loader/CMakeFiles/__idf_espressif__elf_loader.dir/src/esp_elf_adapter.c.obj
[1017/1053] Building C object esp-idf/wifi_provisioning/CMakeFiles/__idf_wifi_provisioning.dir/proto-c/wifi_config.pb-c.c.obj
[329/1053] Building C object esp-idf/esp_phy/CMakeFiles/__idf_esp_phy.dir/src/phy_init.c.obj
[1018/1053] Building C object esp-idf/wifi_provisioning/CMakeFiles/__idf_wifi_provisioning.dir/src/handlers.c.obj
[1019/1053] Linking C static library esp-idf/cmock/libcmock.a
[1020/1053] Linking C static library esp-idf/esp_driver_cam/libesp_driver_cam.a
[1021/1053] Linking C static library esp-idf/esp_driver_touch_sens/libesp_driver_touch_sens.a
[1022/1053] Building C object esp-idf/wifi_provisioning/CMakeFiles/__idf_wifi_provisioning.dir/src/scheme_softap.c.obj
[1023/1053] Building C object esp-idf/espressif__elf_loader/CMakeFiles/__idf_espressif__elf_loader.dir/src/esp_elf_symbol.c.obj
[1024/1053] Building C object esp-idf/espressif__elf_loader/CMakeFiles/__idf_espressif__elf_loader.dir/src/arch/esp_elf_xtensa.c.obj
[330/1053] Building C object esp-idf/esp_driver_usb_serial_jtag/CMakeFiles/__idf_esp_driver_usb_serial_jtag.dir/src/usb_serial_jtag_vfs.c.obj
[1025/1053] Linking C static library esp-idf/esp_hid/libesp_hid.a
[1026/1053] Linking C static library esp-idf/esp_eth/libesp_eth.a
[1027/1053] Linking C static library esp-idf/espcoredump/libespcoredump.a
[1028/1053] Linking C static library esp-idf/esp_lcd/libesp_lcd.a
[1029/1053] Linking C static library esp-idf/esp_local_ctrl/libesp_local_ctrl.a
[1030/1053] Linking C static library esp-idf/nvs_sec_provider/libnvs_sec_provider.a
[331/1053] Building C object esp-idf/vfs/CMakeFiles/__idf_vfs.dir/vfs_semihost.c.obj
[1031/1053] Linking C static library esp-idf/perfmon/libperfmon.a
[1032/1053] Linking C static library esp-idf/fatfs/libfatfs.a
[332/1053] Building C object esp-idf/lwip/CMakeFiles/__idf_lwip.dir/apps/dhcpserver/dhcpserver.c.obj
[1033/1053] Building C object esp-idf/main/CMakeFiles/__idf_main.dir/dummy.c.obj
[1034/1053] Building C object esp-idf/spiffs/CMakeFiles/__idf_spiffs.dir/spiffs/src/spiffs_nucleus.c.obj
[1035/1053] Linking C static library esp-idf/rt/librt.a
[1036/1053] Linking C static library esp-idf/touch_element/libtouch_element.a
[1037/1053] Building C object esp-idf/usb/CMakeFiles/__idf_usb.dir/usb_host.c.obj
[333/1053] Building CXX object esp-idf/nvs_flash/CMakeFiles/__idf_nvs_flash.dir/src/nvs_platform.cpp.obj
[1038/1053] Linking C static library esp-idf/spiffs/libspiffs.a
[334/1053] Building C object esp-idf/nvs_flash/CMakeFiles/__idf_nvs_flash.dir/src/nvs_bootloader_aes.c.obj
[1039/1053] Building C object esp-idf/usb/CMakeFiles/__idf_usb.dir/usbh.c.obj
[335/1053] Building C object esp-idf/nvs_flash/CMakeFiles/__idf_nvs_flash.dir/src/nvs_bootloader.c.obj
[1040/1053] Building C object esp-idf/espressif__elf_loader/CMakeFiles/__idf_espressif__elf_loader.dir/src/esp_elf.c.obj
[336/1053] Building C object esp-idf/nvs_flash/CMakeFiles/__idf_nvs_flash.dir/src/nvs_bootloader_xts_aes.c.obj
[337/1053] Linking C static library esp-idf/lwip/liblwip.a
[338/1053] Building C object esp-idf/vfs/CMakeFiles/__idf_vfs.dir/vfs.c.obj
[1041/1053] Linking C static library esp-idf/espressif__elf_loader/libespressif__elf_loader.a
[1042/1053] Building C object esp-idf/wifi_provisioning/CMakeFiles/__idf_wifi_provisioning.dir/src/manager.c.obj
[339/1053] Linking C static library esp-idf/vfs/libvfs.a
[340/1053] Building CXX object esp-idf/nvs_flash/CMakeFiles/__idf_nvs_flash.dir/src/nvs_partition_lookup.cpp.obj
[1043/1053] Linking C static library esp-idf/wifi_provisioning/libwifi_provisioning.a
[341/1053] Linking C static library esp-idf/esp_vfs_console/libesp_vfs_console.a
[342/1053] Building C object esp-idf/esp_event/CMakeFiles/__idf_esp_event.dir/default_event_loop.c.obj
[343/1053] Building C object esp-idf/esp_event/CMakeFiles/__idf_esp_event.dir/esp_event_private.c.obj
[344/1053] Linking C static library esp-idf/esp_driver_usb_serial_jtag/libesp_driver_usb_serial_jtag.a
[1044/1053] Building C object esp-idf/mqtt/CMakeFiles/__idf_mqtt.dir/esp-mqtt/mqtt_client.c.obj
[345/1053] Linking C static library esp-idf/esp_phy/libesp_phy.a
[1045/1053] Linking C static library esp-idf/mqtt/libmqtt.a
[1046/1053] Building C object esp-idf/usb/CMakeFiles/__idf_usb.dir/hcd_dwc.c.obj
[346/1053] Building C object esp-idf/esp_driver_uart/CMakeFiles/__idf_esp_driver_uart.dir/src/uart_wakeup.c.obj
[347/1053] Building CXX object esp-idf/nvs_flash/CMakeFiles/__idf_nvs_flash.dir/src/nvs_partition.cpp.obj
[1047/1053] Linking C static library esp-idf/usb/libusb.a
[1048/1053] Linking C static library esp-idf/main/libmain.a
[348/1053] Building C object esp-idf/esp_event/CMakeFiles/__idf_esp_event.dir/esp_event.c.obj
[349/1053] Building C object esp-idf/esp_driver_uart/CMakeFiles/__idf_esp_driver_uart.dir/src/uart_vfs.c.obj
[350/1053] Building C object esp-idf/esp_driver_uart/CMakeFiles/__idf_esp_driver_uart.dir/src/uhci.c.obj
[351/1053] Building C object esp-idf/esp_driver_gptimer/CMakeFiles/__idf_esp_driver_gptimer.dir/src/gptimer.c.obj
[352/1053] Building C object esp-idf/esp_timer/CMakeFiles/__idf_esp_timer.dir/src/esp_timer_init.c.obj
[353/1053] Building C object esp-idf/esp_driver_gptimer/CMakeFiles/__idf_esp_driver_gptimer.dir/src/gptimer_common.c.obj
[354/1053] Building C object esp-idf/esp_timer/CMakeFiles/__idf_esp_timer.dir/src/esp_timer.c.obj
[355/1053] Building CXX object esp-idf/nvs_flash/CMakeFiles/__idf_nvs_flash.dir/src/nvs_cxx_api.cpp.obj
[356/1053] Building C object esp-idf/esp_ringbuf/CMakeFiles/__idf_esp_ringbuf.dir/ringbuf.c.obj
[357/1053] Building CXX object esp-idf/nvs_flash/CMakeFiles/__idf_nvs_flash.dir/src/nvs_handle_simple.cpp.obj
[358/1053] Building C object esp-idf/esp_timer/CMakeFiles/__idf_esp_timer.dir/src/system_time.c.obj
[359/1053] Building C object esp-idf/esp_timer/CMakeFiles/__idf_esp_timer.dir/src/ets_timer_legacy.c.obj
[360/1053] Building CXX object esp-idf/nvs_flash/CMakeFiles/__idf_nvs_flash.dir/src/nvs_page.cpp.obj
[361/1053] Building C object esp-idf/esp_timer/CMakeFiles/__idf_esp_timer.dir/src/esp_timer_impl_common.c.obj
[362/1053] Building CXX object esp-idf/cxx/CMakeFiles/__idf_cxx.dir/cxx_init.cpp.obj
[363/1053] Building CXX object esp-idf/cxx/CMakeFiles/__idf_cxx.dir/cxx_exception_stubs.cpp.obj
[364/1053] Building CXX object esp-idf/nvs_flash/CMakeFiles/__idf_nvs_flash.dir/src/nvs_item_hash_list.cpp.obj
[365/1053] Building CXX object esp-idf/nvs_flash/CMakeFiles/__idf_nvs_flash.dir/src/nvs_pagemanager.cpp.obj
[366/1053] Building C object esp-idf/esp_timer/CMakeFiles/__idf_esp_timer.dir/src/esp_timer_impl_systimer.c.obj
[367/1053] Building C object esp-idf/newlib/CMakeFiles/__idf_newlib.dir/src/init.c.obj
[368/1053] Building C object esp-idf/newlib/CMakeFiles/__idf_newlib.dir/src/abort.c.obj
[369/1053] Building CXX object esp-idf/nvs_flash/CMakeFiles/__idf_nvs_flash.dir/src/nvs_encrypted_partition.cpp.obj
[370/1053] Building C object esp-idf/newlib/CMakeFiles/__idf_newlib.dir/src/heap.c.obj
[371/1053] Building C object esp-idf/newlib/CMakeFiles/__idf_newlib.dir/src/assert.c.obj
[372/1053] Building C object esp-idf/pthread/CMakeFiles/__idf_pthread.dir/pthread_local_storage.c.obj
[373/1053] Building C object esp-idf/esp_driver_uart/CMakeFiles/__idf_esp_driver_uart.dir/src/uart.c.obj
[374/1053] Building CXX object esp-idf/nvs_flash/CMakeFiles/__idf_nvs_flash.dir/src/nvs_handle_locked.cpp.obj
[375/1053] Building C object esp-idf/pthread/CMakeFiles/__idf_pthread.dir/pthread_rwlock.c.obj
[376/1053] Building C object esp-idf/newlib/CMakeFiles/__idf_newlib.dir/src/termios.c.obj
[377/1053] Building C object esp-idf/pthread/CMakeFiles/__idf_pthread.dir/pthread.c.obj
[378/1053] Building C object esp-idf/pthread/CMakeFiles/__idf_pthread.dir/pthread_cond_var.c.obj
[379/1053] Building C object esp-idf/newlib/CMakeFiles/__idf_newlib.dir/src/getentropy.c.obj
[380/1053] Building C object esp-idf/newlib/CMakeFiles/__idf_newlib.dir/src/pthread.c.obj
[381/1053] Building CXX object esp-idf/nvs_flash/CMakeFiles/__idf_nvs_flash.dir/src/nvs_types.cpp.obj
[382/1053] Building C object esp-idf/newlib/CMakeFiles/__idf_newlib.dir/src/poll.c.obj
[383/1053] Building C object esp-idf/pthread/CMakeFiles/__idf_pthread.dir/pthread_semaphore.c.obj
[384/1053] Building C object esp-idf/newlib/CMakeFiles/__idf_newlib.dir/src/random.c.obj
[385/1053] Building C object esp-idf/newlib/CMakeFiles/__idf_newlib.dir/src/locks.c.obj
[386/1053] Building C object esp-idf/newlib/CMakeFiles/__idf_newlib.dir/src/sysconf.c.obj
[387/1053] Building CXX object esp-idf/nvs_flash/CMakeFiles/__idf_nvs_flash.dir/src/nvs_partition_manager.cpp.obj
[388/1053] Building C object esp-idf/newlib/CMakeFiles/__idf_newlib.dir/src/realpath.c.obj
[389/1053] Building C object esp-idf/newlib/CMakeFiles/__idf_newlib.dir/src/flockfile.c.obj
[390/1053] Building C object esp-idf/newlib/CMakeFiles/__idf_newlib.dir/src/reent_init.c.obj
[391/1053] Building C object esp-idf/newlib/CMakeFiles/__idf_newlib.dir/src/scandir.c.obj
[392/1053] Building C object esp-idf/newlib/CMakeFiles/__idf_newlib.dir/src/syscalls.c.obj
[393/1053] Building C object esp-idf/newlib/CMakeFiles/__idf_newlib.dir/src/reent_syscalls.c.obj
[394/1053] Building C object esp-idf/newlib/CMakeFiles/__idf_newlib.dir/src/port/esp_time_impl.c.obj
[395/1053] Building C object esp-idf/newlib/CMakeFiles/__idf_newlib.dir/src/newlib_init.c.obj
[396/1053] Building CXX object esp-idf/nvs_flash/CMakeFiles/__idf_nvs_flash.dir/src/nvs_storage.cpp.obj
[397/1053] Building C object esp-idf/freertos/CMakeFiles/__idf_freertos.dir/FreeRTOS-Kernel/list.c.obj
[398/1053] Building C object esp-idf/freertos/CMakeFiles/__idf_freertos.dir/app_startup.c.obj
[399/1053] Building C object esp-idf/newlib/CMakeFiles/__idf_newlib.dir/src/stdatomic.c.obj
[400/1053] Building ASM object esp-idf/freertos/CMakeFiles/__idf_freertos.dir/FreeRTOS-Kernel/portable/xtensa/portasm.S.obj
[401/1053] Building C object esp-idf/freertos/CMakeFiles/__idf_freertos.dir/heap_idf.c.obj
[402/1053] Building C object esp-idf/freertos/CMakeFiles/__idf_freertos.dir/FreeRTOS-Kernel/portable/xtensa/xtensa_init.c.obj
[403/1053] Building CXX object esp-idf/cxx/CMakeFiles/__idf_cxx.dir/cxx_guards.cpp.obj
[404/1053] Building C object esp-idf/newlib/CMakeFiles/__idf_newlib.dir/src/time.c.obj
[405/1053] Building C object esp-idf/freertos/CMakeFiles/__idf_freertos.dir/port_common.c.obj
[406/1053] Building C object esp-idf/esp_hw_support/CMakeFiles/__idf_esp_hw_support.dir/esp_memory_utils.c.obj
[407/1053] Building C object esp-idf/freertos/CMakeFiles/__idf_freertos.dir/FreeRTOS-Kernel/event_groups.c.obj
[408/1053] Building C object esp-idf/freertos/CMakeFiles/__idf_freertos.dir/port_systick.c.obj
[409/1053] Building C object esp-idf/esp_hw_support/CMakeFiles/__idf_esp_hw_support.dir/port/esp32s3/cpu_region_protect.c.obj
[410/1053] Building C object esp-idf/freertos/CMakeFiles/__idf_freertos.dir/esp_additions/idf_additions_event_groups.c.obj
[411/1053] Building C object esp-idf/freertos/CMakeFiles/__idf_freertos.dir/FreeRTOS-Kernel/portable/xtensa/xtensa_overlay_os_hook.c.obj
[412/1053] Building C object esp-idf/esp_hw_support/CMakeFiles/__idf_esp_hw_support.dir/port/esp32s3/esp_cpu_intr.c.obj
[413/1053] Building C object esp-idf/freertos/CMakeFiles/__idf_freertos.dir/FreeRTOS-Kernel/timers.c.obj
[414/1053] Building C object esp-idf/esp_hw_support/CMakeFiles/__idf_esp_hw_support.dir/revision.c.obj
[415/1053] Building C object esp-idf/freertos/CMakeFiles/__idf_freertos.dir/FreeRTOS-Kernel/stream_buffer.c.obj
[416/1053] Building C object esp-idf/freertos/CMakeFiles/__idf_freertos.dir/esp_additions/idf_additions.c.obj
[417/1053] Building C object esp-idf/esp_hw_support/CMakeFiles/__idf_esp_hw_support.dir/cpu.c.obj
[418/1053] Building C object esp-idf/esp_hw_support/CMakeFiles/__idf_esp_hw_support.dir/hw_random.c.obj
[419/1053] Building C object esp-idf/freertos/CMakeFiles/__idf_freertos.dir/FreeRTOS-Kernel/portable/xtensa/port.c.obj
[420/1053] Building C object esp-idf/freertos/CMakeFiles/__idf_freertos.dir/FreeRTOS-Kernel/queue.c.obj
[421/1053] Building C object esp-idf/esp_hw_support/CMakeFiles/__idf_esp_hw_support.dir/clk_ctrl_os.c.obj
[422/1053] Building C object esp-idf/esp_hw_support/CMakeFiles/__idf_esp_hw_support.dir/esp_clk.c.obj
[423/1053] Building C object esp-idf/esp_hw_support/CMakeFiles/__idf_esp_hw_support.dir/esp_gpio_reserve.c.obj
[424/1053] Building C object esp-idf/esp_hw_support/CMakeFiles/__idf_esp_hw_support.dir/mac_addr.c.obj
[425/1053] Building C object esp-idf/esp_hw_support/CMakeFiles/__idf_esp_hw_support.dir/regi2c_ctrl.c.obj
[426/1053] Building C object esp-idf/esp_hw_support/CMakeFiles/__idf_esp_hw_support.dir/rtc_module.c.obj
[427/1053] Building C object esp-idf/esp_hw_support/CMakeFiles/__idf_esp_hw_support.dir/dma/esp_dma_utils.c.obj
[428/1053] Building C object esp-idf/esp_hw_support/CMakeFiles/__idf_esp_hw_support.dir/clk_utils.c.obj
[429/1053] Building C object esp-idf/esp_hw_support/CMakeFiles/__idf_esp_hw_support.dir/periph_ctrl.c.obj
[430/1053] Building C object esp-idf/esp_hw_support/CMakeFiles/__idf_esp_hw_support.dir/sar_tsens_ctrl.c.obj
[431/1053] Building C object esp-idf/esp_hw_support/CMakeFiles/__idf_esp_hw_support.dir/port/esp32s3/io_mux.c.obj
[432/1053] Building C object esp-idf/esp_hw_support/CMakeFiles/__idf_esp_hw_support.dir/sleep_usb.c.obj
[433/1053] Building C object esp-idf/esp_hw_support/CMakeFiles/__idf_esp_hw_support.dir/port/esp32s3/esp_clk_tree.c.obj
[434/1053] Building C object esp-idf/esp_hw_support/CMakeFiles/__idf_esp_hw_support.dir/sleep_modem.c.obj
[435/1053] Building CXX object esp-idf/nvs_flash/CMakeFiles/__idf_nvs_flash.dir/src/nvs_api.cpp.obj
[436/1053] Building C object esp-idf/esp_hw_support/CMakeFiles/__idf_esp_hw_support.dir/dma/gdma_link.c.obj
[437/1053] Building C object esp-idf/esp_hw_support/CMakeFiles/__idf_esp_hw_support.dir/port/esp_clk_tree_common.c.obj
[438/1053] Building C object esp-idf/esp_hw_support/CMakeFiles/__idf_esp_hw_support.dir/sleep_console.c.obj
[439/1053] Building C object esp-idf/esp_hw_support/CMakeFiles/__idf_esp_hw_support.dir/spi_share_hw_ctrl.c.obj
[440/1053] Building C object esp-idf/esp_hw_support/CMakeFiles/__idf_esp_hw_support.dir/port/esp32s3/systimer.c.obj
[441/1053] Building C object esp-idf/esp_hw_support/CMakeFiles/__idf_esp_hw_support.dir/spi_bus_lock.c.obj
[442/1053] Building C object esp-idf/esp_hw_support/CMakeFiles/__idf_esp_hw_support.dir/intr_alloc.c.obj
[443/1053] Building C object esp-idf/esp_hw_support/CMakeFiles/__idf_esp_hw_support.dir/adc_share_hw_ctrl.c.obj
[444/1053] Building C object esp-idf/esp_hw_support/CMakeFiles/__idf_esp_hw_support.dir/dma/esp_async_memcpy.c.obj
[445/1053] Linking C static library esp-idf/nvs_flash/libnvs_flash.a
[446/1053] Building C object esp-idf/esp_hw_support/CMakeFiles/__idf_esp_hw_support.dir/sleep_event.c.obj
[447/1053] Building C object esp-idf/esp_hw_support/CMakeFiles/__idf_esp_hw_support.dir/usb_phy/usb_phy.c.obj
[448/1053] Linking C static library esp-idf/esp_event/libesp_event.a
[449/1053] Building C object esp-idf/esp_hw_support/CMakeFiles/__idf_esp_hw_support.dir/port/esp32s3/rtc_clk_init.c.obj
[450/1053] Building C object esp-idf/esp_hw_support/CMakeFiles/__idf_esp_hw_support.dir/sleep_wake_stub.c.obj
[451/1053] Building C object esp-idf/esp_hw_support/CMakeFiles/__idf_esp_hw_support.dir/mspi_timing_tuning/mspi_timing_tuning.c.obj
[452/1053] Building C object esp-idf/esp_hw_support/CMakeFiles/__idf_esp_hw_support.dir/port/esp32s3/chip_info.c.obj
[453/1053] Linking C static library esp-idf/esp_driver_uart/libesp_driver_uart.a
[454/1053] Building C object esp-idf/esp_hw_support/CMakeFiles/__idf_esp_hw_support.dir/sleep_gpio.c.obj
[455/1053] Building C object esp-idf/freertos/CMakeFiles/__idf_freertos.dir/FreeRTOS-Kernel/tasks.c.obj
[456/1053] Building C object esp-idf/esp_hw_support/CMakeFiles/__idf_esp_hw_support.dir/power_supply/brownout.c.obj
[457/1053] Building C object esp-idf/esp_hw_support/CMakeFiles/__idf_esp_hw_support.dir/esp_clock_output.c.obj
[458/1053] Building C object esp-idf/esp_hw_support/CMakeFiles/__idf_esp_hw_support.dir/dma/async_memcpy_gdma.c.obj
[459/1053] Building C object esp-idf/esp_hw_support/CMakeFiles/__idf_esp_hw_support.dir/port/esp32s3/rtc_sleep.c.obj
[460/1053] Building C object esp-idf/esp_hw_support/CMakeFiles/__idf_esp_hw_support.dir/port/esp32s3/rtc_clk.c.obj
[461/1053] Building C object esp-idf/esp_hw_support/CMakeFiles/__idf_esp_hw_support.dir/port/esp_memprot_conv.c.obj
[462/1053] Building C object esp-idf/soc/CMakeFiles/__idf_soc.dir/lldesc.c.obj
[463/1053] Linking C static library esp-idf/esp_ringbuf/libesp_ringbuf.a
[464/1053] Building C object esp-idf/soc/CMakeFiles/__idf_soc.dir/dport_access_common.c.obj
[465/1053] Building C object esp-idf/esp_hw_support/CMakeFiles/__idf_esp_hw_support.dir/mspi_timing_tuning/port/esp32s3/mspi_timing_config.c.obj
[466/1053] Building C object esp-idf/soc/CMakeFiles/__idf_soc.dir/esp32s3/gdma_periph.c.obj
[467/1053] Building C object esp-idf/soc/CMakeFiles/__idf_soc.dir/esp32s3/interrupts.c.obj
[468/1053] Building C object esp-idf/esp_hw_support/CMakeFiles/__idf_esp_hw_support.dir/port/esp32s3/rtc_time.c.obj
[469/1053] Building C object esp-idf/soc/CMakeFiles/__idf_soc.dir/esp32s3/gpio_periph.c.obj
[470/1053] Building C object esp-idf/soc/CMakeFiles/__idf_soc.dir/esp32s3/adc_periph.c.obj
[471/1053] Building C object esp-idf/soc/CMakeFiles/__idf_soc.dir/esp32s3/uart_periph.c.obj
[472/1053] Building C object esp-idf/esp_hw_support/CMakeFiles/__idf_esp_hw_support.dir/port/esp32s3/rtc_init.c.obj
[473/1053] Building C object esp-idf/esp_hw_support/CMakeFiles/__idf_esp_hw_support.dir/port/esp32s3/sar_periph_ctrl.c.obj
[474/1053] Building C object esp-idf/esp_hw_support/CMakeFiles/__idf_esp_hw_support.dir/mspi_timing_tuning/port/esp32s3/mspi_timing_by_mspi_delay.c.obj
[475/1053] Linking C static library esp-idf/esp_driver_gptimer/libesp_driver_gptimer.a
[476/1053] Building C object esp-idf/soc/CMakeFiles/__idf_soc.dir/esp32s3/dedic_gpio_periph.c.obj
[477/1053] Building C object esp-idf/soc/CMakeFiles/__idf_soc.dir/esp32s3/spi_periph.c.obj
[478/1053] Building C object esp-idf/soc/CMakeFiles/__idf_soc.dir/esp32s3/i2s_periph.c.obj
[479/1053] Building C object esp-idf/soc/CMakeFiles/__idf_soc.dir/esp32s3/pcnt_periph.c.obj
[480/1053] Building C object esp-idf/soc/CMakeFiles/__idf_soc.dir/esp32s3/sdm_periph.c.obj
[481/1053] Building C object esp-idf/soc/CMakeFiles/__idf_soc.dir/esp32s3/lcd_periph.c.obj
[482/1053] Building C object esp-idf/soc/CMakeFiles/__idf_soc.dir/esp32s3/ledc_periph.c.obj
[483/1053] Building C object esp-idf/soc/CMakeFiles/__idf_soc.dir/esp32s3/rmt_periph.c.obj
[484/1053] Building C object esp-idf/soc/CMakeFiles/__idf_soc.dir/esp32s3/mcpwm_periph.c.obj
[485/1053] Building C object esp-idf/esp_hw_support/CMakeFiles/__idf_esp_hw_support.dir/lowpower/port/esp32s3/sleep_cpu.c.obj
[486/1053] Building C object esp-idf/soc/CMakeFiles/__idf_soc.dir/esp32s3/i2c_periph.c.obj
[487/1053] Linking C static library esp-idf/esp_timer/libesp_timer.a
[488/1053] Building C object esp-idf/soc/CMakeFiles/__idf_soc.dir/esp32s3/mpi_periph.c.obj
[489/1053] Building C object esp-idf/soc/CMakeFiles/__idf_soc.dir/esp32s3/temperature_sensor_periph.c.obj
[490/1053] Building C object esp-idf/soc/CMakeFiles/__idf_soc.dir/esp32s3/touch_sensor_periph.c.obj
[491/1053] Building C object esp-idf/soc/CMakeFiles/__idf_soc.dir/esp32s3/timer_periph.c.obj
[492/1053] Building C object esp-idf/soc/CMakeFiles/__idf_soc.dir/esp32s3/sdmmc_periph.c.obj
[493/1053] Building C object esp-idf/soc/CMakeFiles/__idf_soc.dir/esp32s3/twai_periph.c.obj
[494/1053] Building C object esp-idf/soc/CMakeFiles/__idf_soc.dir/esp32s3/usb_dwc_periph.c.obj
[495/1053] Building C object esp-idf/soc/CMakeFiles/__idf_soc.dir/esp32s3/wdt_periph.c.obj
[496/1053] Linking C static library esp-idf/cxx/libcxx.a
[497/1053] Building C object esp-idf/soc/CMakeFiles/__idf_soc.dir/esp32s3/cam_periph.c.obj
[498/1053] Building C object esp-idf/soc/CMakeFiles/__idf_soc.dir/esp32s3/power_supply_periph.c.obj
[499/1053] Building C object esp-idf/soc/CMakeFiles/__idf_soc.dir/esp32s3/rtc_io_periph.c.obj
[500/1053] Building C object esp-idf/esp_hw_support/CMakeFiles/__idf_esp_hw_support.dir/sleep_modes.c.obj
[501/1053] Building C object esp-idf/esp_hw_support/CMakeFiles/__idf_esp_hw_support.dir/dma/gdma.c.obj
[502/1053] Linking C static library esp-idf/pthread/libpthread.a
[503/1053] Building C object esp-idf/heap/CMakeFiles/__idf_heap.dir/port/memory_layout_utils.c.obj
[504/1053] Building C object esp-idf/log/CMakeFiles/__idf_log.dir/src/os/log_lock.c.obj
[505/1053] Building C object esp-idf/log/CMakeFiles/__idf_log.dir/src/util.c.obj
[506/1053] Building C object esp-idf/heap/CMakeFiles/__idf_heap.dir/port/esp32s3/memory_layout.c.obj
[507/1053] Building C object esp-idf/log/CMakeFiles/__idf_log.dir/src/log_print.c.obj
[508/1053] Linking C static library esp-idf/newlib/libnewlib.a
[509/1053] Building C object esp-idf/log/CMakeFiles/__idf_log.dir/src/log_format_text.c.obj
[510/1053] Building C object esp-idf/heap/CMakeFiles/__idf_heap.dir/heap_caps_base.c.obj
[511/1053] Building C object esp-idf/log/CMakeFiles/__idf_log.dir/src/buffer/log_buffers.c.obj
[512/1053] Building C object esp-idf/log/CMakeFiles/__idf_log.dir/src/os/util.c.obj
[513/1053] Building C object esp-idf/log/CMakeFiles/__idf_log.dir/src/os/log_timestamp.c.obj
[514/1053] Building C object esp-idf/log/CMakeFiles/__idf_log.dir/src/os/log_write.c.obj
[515/1053] Building C object esp-idf/log/CMakeFiles/__idf_log.dir/src/log_timestamp_common.c.obj
[516/1053] Building C object esp-idf/log/CMakeFiles/__idf_log.dir/src/log_level/log_level.c.obj
[517/1053] Building C object esp-idf/log/CMakeFiles/__idf_log.dir/src/log_level/tag_log_level/tag_log_level.c.obj
[518/1053] Linking C static library esp-idf/freertos/libfreertos.a
[519/1053] Building C object esp-idf/log/CMakeFiles/__idf_log.dir/src/log.c.obj
[520/1053] Building C object esp-idf/heap/CMakeFiles/__idf_heap.dir/multi_heap.c.obj
[521/1053] Building C object esp-idf/log/CMakeFiles/__idf_log.dir/src/log_level/tag_log_level/linked_list/log_linked_list.c.obj
[522/1053] Building C object esp-idf/heap/CMakeFiles/__idf_heap.dir/heap_caps_init.c.obj
[523/1053] Building C object esp-idf/hal/CMakeFiles/__idf_hal.dir/hal_utils.c.obj
[524/1053] Building C object esp-idf/hal/CMakeFiles/__idf_hal.dir/mpu_hal.c.obj
[525/1053] Building C object esp-idf/hal/CMakeFiles/__idf_hal.dir/color_hal.c.obj
[526/1053] Building C object esp-idf/hal/CMakeFiles/__idf_hal.dir/efuse_hal.c.obj
[527/1053] Building C object esp-idf/log/CMakeFiles/__idf_log.dir/src/log_level/tag_log_level/cache/log_binary_heap.c.obj
[528/1053] Building C object esp-idf/heap/CMakeFiles/__idf_heap.dir/heap_caps.c.obj
[529/1053] Building C object esp-idf/hal/CMakeFiles/__idf_hal.dir/esp32s3/efuse_hal.c.obj
[530/1053] Building C object esp-idf/hal/CMakeFiles/__idf_hal.dir/spi_flash_encrypt_hal_iram.c.obj
[531/1053] Building C object esp-idf/hal/CMakeFiles/__idf_hal.dir/mmu_hal.c.obj
[532/1053] Building C object esp-idf/esp_hw_support/CMakeFiles/__idf_esp_hw_support.dir/port/esp32s3/esp_memprot.c.obj
[533/1053] Building C object esp-idf/hal/CMakeFiles/__idf_hal.dir/ledc_hal.c.obj
[534/1053] Building C object esp-idf/hal/CMakeFiles/__idf_hal.dir/cache_hal.c.obj
[535/1053] Building C object esp-idf/hal/CMakeFiles/__idf_hal.dir/spi_flash_hal.c.obj
[536/1053] Building C object esp-idf/hal/CMakeFiles/__idf_hal.dir/esp32s3/clk_tree_hal.c.obj
[537/1053] Building C object esp-idf/hal/CMakeFiles/__idf_hal.dir/uart_hal_iram.c.obj
[538/1053] Building C object esp-idf/hal/CMakeFiles/__idf_hal.dir/rtc_io_hal.c.obj
[539/1053] Building C object esp-idf/hal/CMakeFiles/__idf_hal.dir/ledc_hal_iram.c.obj
[540/1053] Building C object esp-idf/hal/CMakeFiles/__idf_hal.dir/i2c_hal_iram.c.obj
[541/1053] Building C object esp-idf/hal/CMakeFiles/__idf_hal.dir/systimer_hal.c.obj
[542/1053] Building C object esp-idf/hal/CMakeFiles/__idf_hal.dir/timer_hal.c.obj
[543/1053] Building C object esp-idf/hal/CMakeFiles/__idf_hal.dir/gpio_hal.c.obj
[544/1053] Building C object esp-idf/hal/CMakeFiles/__idf_hal.dir/pcnt_hal.c.obj
[545/1053] Building C object esp-idf/hal/CMakeFiles/__idf_hal.dir/sdm_hal.c.obj
[546/1053] Building C object esp-idf/hal/CMakeFiles/__idf_hal.dir/uhci_hal.c.obj
[547/1053] Building C object esp-idf/hal/CMakeFiles/__idf_hal.dir/uart_hal.c.obj
[548/1053] Building C object esp-idf/hal/CMakeFiles/__idf_hal.dir/rmt_hal.c.obj
[549/1053] Building C object esp-idf/hal/CMakeFiles/__idf_hal.dir/sdmmc_hal.c.obj
[550/1053] Building C object esp-idf/hal/CMakeFiles/__idf_hal.dir/spi_flash_hal_iram.c.obj
[551/1053] Linking C static library esp-idf/esp_hw_support/libesp_hw_support.a
[552/1053] Building C object esp-idf/hal/CMakeFiles/__idf_hal.dir/gdma_hal_top.c.obj
[553/1053] Building C object esp-idf/hal/CMakeFiles/__idf_hal.dir/i2c_hal.c.obj
[554/1053] Building C object esp-idf/hal/CMakeFiles/__idf_hal.dir/mcpwm_hal.c.obj
[555/1053] Building C object esp-idf/hal/CMakeFiles/__idf_hal.dir/lcd_hal.c.obj
[556/1053] Building C object esp-idf/hal/CMakeFiles/__idf_hal.dir/gdma_hal_ahb_v1.c.obj
[557/1053] Building C object esp-idf/hal/CMakeFiles/__idf_hal.dir/brownout_hal.c.obj
[558/1053] Building C object esp-idf/hal/CMakeFiles/__idf_hal.dir/sha_hal.c.obj
[559/1053] Building C object esp-idf/hal/CMakeFiles/__idf_hal.dir/mpi_hal.c.obj
[560/1053] Building C object esp-idf/hal/CMakeFiles/__idf_hal.dir/adc_hal_common.c.obj
[561/1053] Linking C static library esp-idf/soc/libsoc.a
[562/1053] Building C object esp-idf/hal/CMakeFiles/__idf_hal.dir/adc_oneshot_hal.c.obj
[563/1053] Building C object esp-idf/hal/CMakeFiles/__idf_hal.dir/aes_hal.c.obj
[564/1053] Building C object esp-idf/hal/CMakeFiles/__idf_hal.dir/i2s_hal.c.obj
[565/1053] Building C object esp-idf/hal/CMakeFiles/__idf_hal.dir/twai_hal_sja1000.c.obj
[566/1053] Building C object esp-idf/hal/CMakeFiles/__idf_hal.dir/hmac_hal.c.obj
[567/1053] Building C object esp-idf/hal/CMakeFiles/__idf_hal.dir/spi_hal.c.obj
[568/1053] Building C object esp-idf/hal/CMakeFiles/__idf_hal.dir/spi_slave_hal.c.obj
[569/1053] Building C object esp-idf/hal/CMakeFiles/__idf_hal.dir/cam_hal.c.obj
[570/1053] Building C object esp-idf/heap/CMakeFiles/__idf_heap.dir/tlsf/tlsf.c.obj
[571/1053] Building C object esp-idf/hal/CMakeFiles/__idf_hal.dir/adc_hal.c.obj
[572/1053] Building C object esp-idf/hal/CMakeFiles/__idf_hal.dir/ds_hal.c.obj
[573/1053] Building C object esp-idf/hal/CMakeFiles/__idf_hal.dir/usb_serial_jtag_hal.c.obj
[574/1053] Building C object esp-idf/hal/CMakeFiles/__idf_hal.dir/spi_slave_hal_iram.c.obj
[575/1053] Building C object esp-idf/esp_rom/CMakeFiles/__idf_esp_rom.dir/patches/esp_rom_crc.c.obj
[576/1053] Building C object esp-idf/hal/CMakeFiles/__idf_hal.dir/usb_wrap_hal.c.obj
[577/1053] Building C object esp-idf/hal/CMakeFiles/__idf_hal.dir/xt_wdt_hal.c.obj
[578/1053] Building C object esp-idf/hal/CMakeFiles/__idf_hal.dir/spi_flash_hal_gpspi.c.obj
[579/1053] Building C object esp-idf/hal/CMakeFiles/__idf_hal.dir/touch_sensor_hal.c.obj
[580/1053] Building C object esp-idf/hal/CMakeFiles/__idf_hal.dir/temperature_sensor_hal.c.obj
[581/1053] Building C object esp-idf/hal/CMakeFiles/__idf_hal.dir/touch_sens_hal.c.obj
[582/1053] Building C object esp-idf/esp_rom/CMakeFiles/__idf_esp_rom.dir/patches/esp_rom_sys.c.obj
[583/1053] Linking C static library esp-idf/heap/libheap.a
[584/1053] Building ASM object esp-idf/esp_rom/CMakeFiles/__idf_esp_rom.dir/patches/esp_rom_longjmp.S.obj
[585/1053] Building C object esp-idf/esp_rom/CMakeFiles/__idf_esp_rom.dir/patches/esp_rom_serial_output.c.obj
[586/1053] Building C object esp-idf/esp_rom/CMakeFiles/__idf_esp_rom.dir/patches/esp_rom_efuse.c.obj
[587/1053] Building ASM object esp-idf/esp_rom/CMakeFiles/__idf_esp_rom.dir/patches/esp_rom_cache_writeback_esp32s3.S.obj
[588/1053] Building C object esp-idf/hal/CMakeFiles/__idf_hal.dir/esp32s3/rtc_cntl_hal.c.obj
[589/1053] Building C object esp-idf/esp_rom/CMakeFiles/__idf_esp_rom.dir/patches/esp_rom_spiflash.c.obj
[590/1053] Building C object esp-idf/esp_rom/CMakeFiles/__idf_esp_rom.dir/patches/esp_rom_gpio.c.obj
[591/1053] Building C object esp-idf/esp_rom/CMakeFiles/__idf_esp_rom.dir/patches/esp_rom_systimer.c.obj
[592/1053] Building C object esp-idf/hal/CMakeFiles/__idf_hal.dir/spi_slave_hd_hal.c.obj
[593/1053] Building C object esp-idf/hal/CMakeFiles/__idf_hal.dir/esp32s3/touch_sensor_hal.c.obj
[594/1053] Building C object esp-idf/hal/CMakeFiles/__idf_hal.dir/spi_hal_iram.c.obj
[595/1053] Building C object esp-idf/esp_rom/CMakeFiles/__idf_esp_rom.dir/patches/esp_rom_print.c.obj
[596/1053] Building C object esp-idf/esp_rom/CMakeFiles/__idf_esp_rom.dir/patches/esp_rom_wdt.c.obj
[597/1053] Linking C static library esp-idf/log/liblog.a
[598/1053] Building C object esp-idf/esp_system/CMakeFiles/__idf_esp_system.dir/esp_system_console.c.obj
[599/1053] Building C object esp-idf/esp_rom/CMakeFiles/__idf_esp_rom.dir/patches/esp_rom_cache_esp32s2_esp32s3.c.obj
[600/1053] Building C object esp-idf/hal/CMakeFiles/__idf_hal.dir/usb_dwc_hal.c.obj
[601/1053] Building C object esp-idf/esp_system/CMakeFiles/__idf_esp_system.dir/esp_err.c.obj
[602/1053] Building C object esp-idf/esp_system/CMakeFiles/__idf_esp_system.dir/startup.c.obj
[603/1053] Building C object esp-idf/esp_system/CMakeFiles/__idf_esp_system.dir/crosscore_int.c.obj
[604/1053] Building C object esp-idf/esp_system/CMakeFiles/__idf_esp_system.dir/esp_system.c.obj
[605/1053] Building C object esp-idf/esp_system/CMakeFiles/__idf_esp_system.dir/stack_check.c.obj
[606/1053] Building C object esp-idf/esp_system/CMakeFiles/__idf_esp_system.dir/esp_ipc.c.obj
[607/1053] Building C object esp-idf/esp_system/CMakeFiles/__idf_esp_system.dir/freertos_hooks.c.obj
[608/1053] Building C object esp-idf/esp_system/CMakeFiles/__idf_esp_system.dir/system_time.c.obj
[609/1053] Linking C static library esp-idf/hal/libhal.a
[610/1053] Building C object esp-idf/esp_system/CMakeFiles/__idf_esp_system.dir/port/arch/xtensa/esp_ipc_isr_port.c.obj
[611/1053] Building C object esp-idf/esp_system/CMakeFiles/__idf_esp_system.dir/panic.c.obj
[612/1053] Building ASM object esp-idf/esp_system/CMakeFiles/__idf_esp_system.dir/port/arch/xtensa/esp_ipc_isr_handler.S.obj
[613/1053] Building C object esp-idf/esp_system/CMakeFiles/__idf_esp_system.dir/ubsan.c.obj
[614/1053] Building ASM object esp-idf/esp_system/CMakeFiles/__idf_esp_system.dir/port/arch/xtensa/esp_ipc_isr_routines.S.obj
[615/1053] Building C object esp-idf/esp_system/CMakeFiles/__idf_esp_system.dir/int_wdt.c.obj
[616/1053] Building C object esp-idf/esp_system/CMakeFiles/__idf_esp_system.dir/xt_wdt.c.obj
[617/1053] Building C object esp-idf/esp_system/CMakeFiles/__idf_esp_system.dir/task_wdt/task_wdt_impl_timergroup.c.obj
[618/1053] Linking C static library esp-idf/esp_rom/libesp_rom.a
[619/1053] Building ASM object esp-idf/esp_system/CMakeFiles/__idf_esp_system.dir/port/arch/xtensa/panic_handler_asm.S.obj
[620/1053] Building C object esp-idf/esp_system/CMakeFiles/__idf_esp_system.dir/port/esp_ipc_isr.c.obj
[621/1053] Building ASM object esp-idf/esp_system/CMakeFiles/__idf_esp_system.dir/port/arch/xtensa/expression_with_stack_asm.S.obj
[622/1053] Building C object esp-idf/esp_system/CMakeFiles/__idf_esp_system.dir/startup_funcs.c.obj
[623/1053] Building C object esp-idf/esp_system/CMakeFiles/__idf_esp_system.dir/port/image_process.c.obj
[624/1053] Building C object esp-idf/esp_system/CMakeFiles/__idf_esp_system.dir/port/panic_handler.c.obj
[625/1053] Building C object esp-idf/esp_system/CMakeFiles/__idf_esp_system.dir/port/esp_system_chip.c.obj
[626/1053] Building ASM object esp-idf/esp_system/CMakeFiles/__idf_esp_system.dir/port/arch/xtensa/debug_helpers_asm.S.obj
[627/1053] Building C object esp-idf/esp_common/CMakeFiles/__idf_esp_common.dir/src/esp_err_to_name.c.obj
[628/1053] Building C object esp-idf/esp_system/CMakeFiles/__idf_esp_system.dir/port/arch/xtensa/debug_stubs.c.obj
[629/1053] Building C object esp-idf/esp_system/CMakeFiles/__idf_esp_system.dir/port/arch/xtensa/trax.c.obj
[630/1053] Building C object esp-idf/esp_system/CMakeFiles/__idf_esp_system.dir/port/arch/xtensa/panic_arch.c.obj
[631/1053] Building C object esp-idf/esp_system/CMakeFiles/__idf_esp_system.dir/port/arch/xtensa/expression_with_stack.c.obj
[632/1053] Building ASM object esp-idf/esp_system/CMakeFiles/__idf_esp_system.dir/port/soc/esp32s3/highint_hdl.S.obj
[633/1053] Building C object esp-idf/esp_system/CMakeFiles/__idf_esp_system.dir/task_wdt/task_wdt.c.obj
[634/1053] Building C object esp-idf/esp_system/CMakeFiles/__idf_esp_system.dir/port/cpu_start.c.obj
[635/1053] Building C object esp-idf/esp_system/CMakeFiles/__idf_esp_system.dir/port/soc/esp32s3/reset_reason.c.obj
[636/1053] Building C object esp-idf/spi_flash/CMakeFiles/__idf_spi_flash.dir/flash_brownout_hook.c.obj
[637/1053] Linking C static library esp-idf/esp_common/libesp_common.a
[638/1053] Building C object esp-idf/esp_system/CMakeFiles/__idf_esp_system.dir/port/arch/xtensa/debug_helpers.c.obj
[639/1053] Building C object esp-idf/esp_system/CMakeFiles/__idf_esp_system.dir/port/soc/esp32s3/apb_backup_dma.c.obj
[640/1053] Building C object esp-idf/spi_flash/CMakeFiles/__idf_spi_flash.dir/spi_flash_hpm_enable.c.obj
[641/1053] Building C object esp-idf/spi_flash/CMakeFiles/__idf_spi_flash.dir/spi_flash_chip_issi.c.obj
[642/1053] Building C object esp-idf/spi_flash/CMakeFiles/__idf_spi_flash.dir/spi_flash_chip_boya.c.obj
[643/1053] Building C object esp-idf/spi_flash/CMakeFiles/__idf_spi_flash.dir/spi_flash_chip_drivers.c.obj
[644/1053] Building C object esp-idf/esp_system/CMakeFiles/__idf_esp_system.dir/port/soc/esp32s3/system_internal.c.obj
[645/1053] Building C object esp-idf/esp_system/CMakeFiles/__idf_esp_system.dir/port/soc/esp32s3/cache_err_int.c.obj
[646/1053] Building C object esp-idf/spi_flash/CMakeFiles/__idf_spi_flash.dir/esp32s3/spi_flash_oct_flash_init.c.obj
[647/1053] Building C object esp-idf/spi_flash/CMakeFiles/__idf_spi_flash.dir/spi_flash_chip_th.c.obj
[648/1053] Building C object esp-idf/esp_system/CMakeFiles/__idf_esp_system.dir/port/soc/esp32s3/clk.c.obj
[649/1053] Building C object esp-idf/spi_flash/CMakeFiles/__idf_spi_flash.dir/spi_flash_chip_mxic.c.obj
[650/1053] Building C object esp-idf/spi_flash/CMakeFiles/__idf_spi_flash.dir/spi_flash_chip_gd.c.obj
[651/1053] Building C object esp-idf/spi_flash/CMakeFiles/__idf_spi_flash.dir/spi_flash_chip_mxic_opi.c.obj
[652/1053] Building C object esp-idf/esp_mm/CMakeFiles/__idf_esp_mm.dir/port/esp32s3/ext_mem_layout.c.obj
[653/1053] Building C object esp-idf/spi_flash/CMakeFiles/__idf_spi_flash.dir/memspi_host_driver.c.obj
[654/1053] Building C object esp-idf/spi_flash/CMakeFiles/__idf_spi_flash.dir/spi_flash_os_func_noos.c.obj
[655/1053] Building C object esp-idf/spi_flash/CMakeFiles/__idf_spi_flash.dir/spi_flash_chip_winbond.c.obj
[656/1053] Building C object esp-idf/spi_flash/CMakeFiles/__idf_spi_flash.dir/spi_flash_wrap.c.obj
[657/1053] Linking C static library esp-idf/esp_system/libesp_system.a
[658/1053] Building C object esp-idf/spi_flash/CMakeFiles/__idf_spi_flash.dir/flash_mmap.c.obj
[659/1053] Building C object esp-idf/spi_flash/CMakeFiles/__idf_spi_flash.dir/flash_ops.c.obj
[660/1053] Building C object esp-idf/spi_flash/CMakeFiles/__idf_spi_flash.dir/cache_utils.c.obj
[661/1053] Building C object esp-idf/bootloader_support/CMakeFiles/__idf_bootloader_support.dir/src/bootloader_mem.c.obj
[662/1053] Building C object esp-idf/esp_mm/CMakeFiles/__idf_esp_mm.dir/heap_align_hw.c.obj
[663/1053] Building C object esp-idf/spi_flash/CMakeFiles/__idf_spi_flash.dir/spi_flash_chip_generic.c.obj
[664/1053] Building C object esp-idf/bootloader_support/CMakeFiles/__idf_bootloader_support.dir/src/bootloader_clock_init.c.obj
[665/1053] Building C object esp-idf/esp_mm/CMakeFiles/__idf_esp_mm.dir/esp_cache_utils.c.obj
[666/1053] Building C object esp-idf/bootloader_support/CMakeFiles/__idf_bootloader_support.dir/src/bootloader_random.c.obj
[667/1053] Building C object esp-idf/spi_flash/CMakeFiles/__idf_spi_flash.dir/spi_flash_os_func_app.c.obj
[668/1053] Building C object esp-idf/esp_mm/CMakeFiles/__idf_esp_mm.dir/esp_cache_msync.c.obj
[669/1053] Building C object esp-idf/bootloader_support/CMakeFiles/__idf_bootloader_support.dir/src/bootloader_efuse.c.obj
[670/1053] Building C object esp-idf/bootloader_support/CMakeFiles/__idf_bootloader_support.dir/src/secure_boot.c.obj
[671/1053] Building C object esp-idf/bootloader_support/CMakeFiles/__idf_bootloader_support.dir/src/flash_encrypt.c.obj
[672/1053] Building C object esp-idf/bootloader_support/CMakeFiles/__idf_bootloader_support.dir/src/bootloader_common.c.obj
[673/1053] Building C object esp-idf/esp_mm/CMakeFiles/__idf_esp_mm.dir/esp_mmu_map.c.obj
[674/1053] Building C object esp-idf/bootloader_support/CMakeFiles/__idf_bootloader_support.dir/src/flash_partitions.c.obj
[675/1053] Building C object esp-idf/mbedtls/mbedtls/library/CMakeFiles/mbedtls.dir/debug.c.obj
[676/1053] Building C object esp-idf/bootloader_support/CMakeFiles/__idf_bootloader_support.dir/src/bootloader_common_loader.c.obj
[677/1053] Building C object esp-idf/bootloader_support/CMakeFiles/__idf_bootloader_support.dir/src/bootloader_random_esp32s3.c.obj
[678/1053] Building C object esp-idf/mbedtls/mbedtls/library/CMakeFiles/mbedtls.dir/mps_reader.c.obj
[679/1053] Building C object esp-idf/spi_flash/CMakeFiles/__idf_spi_flash.dir/esp_flash_api.c.obj
[680/1053] Building C object esp-idf/mbedtls/mbedtls/library/CMakeFiles/mbedtls.dir/mps_trace.c.obj
[681/1053] Building C object esp-idf/bootloader_support/CMakeFiles/__idf_bootloader_support.dir/src/esp32s3/secure_boot_secure_features.c.obj
[682/1053] Building C object esp-idf/spi_flash/CMakeFiles/__idf_spi_flash.dir/esp_flash_spi_init.c.obj
[683/1053] Building C object esp-idf/bootloader_support/CMakeFiles/__idf_bootloader_support.dir/bootloader_flash/src/flash_qio_mode.c.obj
[684/1053] Building C object esp-idf/bootloader_support/CMakeFiles/__idf_bootloader_support.dir/bootloader_flash/src/bootloader_flash_config_esp32s3.c.obj
[685/1053] Building C object esp-idf/mbedtls/mbedtls/library/CMakeFiles/mbedtls.dir/ssl_cookie.c.obj
[686/1053] Building C object esp-idf/bootloader_support/CMakeFiles/__idf_bootloader_support.dir/src/bootloader_sha.c.obj
[687/1053] Building C object esp-idf/bootloader_support/CMakeFiles/__idf_bootloader_support.dir/bootloader_flash/src/bootloader_flash.c.obj
[688/1053] Building C object esp-idf/mbedtls/mbedtls/library/CMakeFiles/mbedtls.dir/ssl_tls13_keys.c.obj
[689/1053] Building C object esp-idf/mbedtls/mbedtls/library/CMakeFiles/mbedtls.dir/ssl_cache.c.obj
[690/1053] Building C object esp-idf/mbedtls/mbedtls/library/CMakeFiles/mbedtls.dir/ssl_ciphersuites.c.obj
[691/1053] Linking C static library esp-idf/spi_flash/libspi_flash.a
[692/1053] Building C object esp-idf/mbedtls/mbedtls/library/CMakeFiles/mbedtls.dir/ssl_tls13_client.c.obj
[693/1053] Building C object esp-idf/mbedtls/mbedtls/library/CMakeFiles/mbedtls.dir/ssl_tls13_server.c.obj
[694/1053] Building C object esp-idf/mbedtls/mbedtls/library/CMakeFiles/mbedtls.dir/ssl_tls13_generic.c.obj
[695/1053] Building C object esp-idf/bootloader_support/CMakeFiles/__idf_bootloader_support.dir/src/bootloader_utility.c.obj
[696/1053] Building C object esp-idf/mbedtls/mbedtls/library/CMakeFiles/mbedtls.dir/ssl_debug_helpers_generated.c.obj
[697/1053] Building C object esp-idf/bootloader_support/CMakeFiles/__idf_bootloader_support.dir/src/esp_image_format.c.obj
[698/1053] Building C object 'esp-idf/mbedtls/mbedtls/library/CMakeFiles/mbedtls.dir/home/tikhon/Документы/magnolia/esp-idf/components/mbedtls/port/esp_platform_time.c.obj'
[699/1053] Linking C static library esp-idf/esp_mm/libesp_mm.a
[700/1053] Building C object esp-idf/mbedtls/mbedtls/library/CMakeFiles/mbedtls.dir/ssl_client.c.obj
[701/1053] Building C object esp-idf/mbedtls/mbedtls/library/CMakeFiles/mbedtls.dir/ssl_ticket.c.obj
[702/1053] Building C object 'esp-idf/mbedtls/mbedtls/library/CMakeFiles/mbedtls.dir/home/tikhon/Документы/magnolia/esp-idf/components/mbedtls/port/mbedtls_debug.c.obj'
[703/1053] Building C object esp-idf/mbedtls/mbedtls/library/CMakeFiles/mbedx509.dir/x509_create.c.obj
[704/1053] Building C object esp-idf/mbedtls/mbedtls/library/CMakeFiles/mbedx509.dir/x509write_crt.c.obj
[705/1053] Building C object esp-idf/mbedtls/mbedtls/library/CMakeFiles/mbedx509.dir/x509write_csr.c.obj
[706/1053] Building C object esp-idf/mbedtls/mbedtls/library/CMakeFiles/mbedx509.dir/x509write.c.obj
[707/1053] Linking C static library esp-idf/bootloader_support/libbootloader_support.a
[708/1053] Building C object esp-idf/mbedtls/mbedtls/library/CMakeFiles/mbedcrypto.dir/aesce.c.obj
[709/1053] Building C object esp-idf/mbedtls/mbedtls/library/CMakeFiles/mbedcrypto.dir/aesni.c.obj
[710/1053] Building C object esp-idf/mbedtls/mbedtls/library/CMakeFiles/mbedx509.dir/pkcs7.c.obj
[711/1053] Building C object esp-idf/mbedtls/mbedtls/library/CMakeFiles/mbedcrypto.dir/aes.c.obj
[712/1053] Building C object esp-idf/mbedtls/mbedtls/library/CMakeFiles/mbedtls.dir/ssl_tls12_client.c.obj
[713/1053] Building C object esp-idf/mbedtls/mbedtls/library/CMakeFiles/mbedx509.dir/x509_csr.c.obj
[714/1053] Building C object 'esp-idf/mbedtls/mbedtls/library/CMakeFiles/mbedtls.dir/home/tikhon/Документы/magnolia/esp-idf/components/mbedtls/port/net_sockets.c.obj'
[715/1053] Building C object esp-idf/mbedtls/mbedtls/library/CMakeFiles/mbedcrypto.dir/base64.c.obj
[716/1053] Building C object esp-idf/mbedtls/mbedtls/library/CMakeFiles/mbedcrypto.dir/bignum_mod.c.obj
[717/1053] Building C object esp-idf/mbedtls/mbedtls/library/CMakeFiles/mbedcrypto.dir/block_cipher.c.obj
[718/1053] Building C object esp-idf/mbedtls/mbedtls/library/CMakeFiles/mbedcrypto.dir/asn1parse.c.obj
[719/1053] Building C object esp-idf/mbedtls/mbedtls/library/CMakeFiles/mbedcrypto.dir/asn1write.c.obj
[720/1053] Building C object esp-idf/mbedtls/mbedtls/library/CMakeFiles/mbedcrypto.dir/bignum_mod_raw.c.obj
[721/1053] Building C object esp-idf/mbedtls/mbedtls/library/CMakeFiles/mbedx509.dir/x509_crl.c.obj
[722/1053] Building C object esp-idf/mbedtls/mbedtls/library/CMakeFiles/mbedcrypto.dir/aria.c.obj
[723/1053] Building C object esp-idf/mbedtls/mbedtls/library/CMakeFiles/mbedtls.dir/ssl_msg.c.obj
[724/1053] Building C object esp-idf/mbedtls/mbedtls/library/CMakeFiles/mbedcrypto.dir/camellia.c.obj
[725/1053] Building C object esp-idf/mbedtls/mbedtls/library/CMakeFiles/mbedcrypto.dir/chacha20.c.obj
[726/1053] Building C object esp-idf/mbedtls/mbedtls/library/CMakeFiles/mbedcrypto.dir/chachapoly.c.obj
[727/1053] Building C object esp-idf/mbedtls/mbedtls/library/CMakeFiles/mbedtls.dir/ssl_tls12_server.c.obj
[728/1053] Building C object esp-idf/mbedtls/mbedtls/library/CMakeFiles/mbedcrypto.dir/des.c.obj
[729/1053] Building C object esp-idf/mbedtls/mbedtls/library/CMakeFiles/mbedx509.dir/x509.c.obj
[730/1053] Building C object esp-idf/mbedtls/mbedtls/library/CMakeFiles/mbedcrypto.dir/constant_time.c.obj
[731/1053] Building C object esp-idf/mbedtls/mbedtls/library/CMakeFiles/mbedcrypto.dir/ecdh.c.obj
[732/1053] Building C object esp-idf/mbedtls/mbedtls/library/CMakeFiles/mbedcrypto.dir/bignum_core.c.obj
[733/1053] Building C object esp-idf/mbedtls/mbedtls/library/CMakeFiles/mbedcrypto.dir/ecjpake.c.obj
[734/1053] Building C object esp-idf/mbedtls/mbedtls/library/CMakeFiles/mbedcrypto.dir/cipher_wrap.c.obj
[735/1053] Building C object esp-idf/mbedtls/mbedtls/library/CMakeFiles/mbedcrypto.dir/ccm.c.obj
[736/1053] Building C object esp-idf/mbedtls/mbedtls/library/CMakeFiles/mbedcrypto.dir/dhm.c.obj
[737/1053] Building C object esp-idf/mbedtls/mbedtls/library/CMakeFiles/mbedcrypto.dir/ctr_drbg.c.obj
[738/1053] Building C object esp-idf/mbedtls/mbedtls/library/CMakeFiles/mbedcrypto.dir/ecdsa.c.obj
[739/1053] Building C object esp-idf/mbedtls/mbedtls/library/CMakeFiles/mbedcrypto.dir/ecp_curves_new.c.obj
[740/1053] Building C object esp-idf/mbedtls/mbedtls/library/CMakeFiles/mbedcrypto.dir/entropy_poll.c.obj
[741/1053] Building C object esp-idf/mbedtls/mbedtls/library/CMakeFiles/mbedcrypto.dir/cipher.c.obj
[742/1053] Building C object esp-idf/mbedtls/mbedtls/library/CMakeFiles/mbedcrypto.dir/hkdf.c.obj
[743/1053] Building C object esp-idf/mbedtls/mbedtls/library/CMakeFiles/mbedcrypto.dir/lmots.c.obj
[744/1053] Building C object esp-idf/mbedtls/mbedtls/library/CMakeFiles/mbedcrypto.dir/lms.c.obj
[745/1053] Building C object esp-idf/mbedtls/mbedtls/library/CMakeFiles/mbedx509.dir/x509_crt.c.obj
[746/1053] Building C object esp-idf/mbedtls/mbedtls/library/CMakeFiles/mbedcrypto.dir/cmac.c.obj
[747/1053] Building C object esp-idf/mbedtls/mbedtls/library/CMakeFiles/mbedcrypto.dir/memory_buffer_alloc.c.obj
[748/1053] Building C object esp-idf/mbedtls/mbedtls/library/CMakeFiles/mbedcrypto.dir/nist_kw.c.obj
[749/1053] Building C object esp-idf/mbedtls/mbedtls/library/CMakeFiles/mbedcrypto.dir/entropy.c.obj
[750/1053] Building C object esp-idf/mbedtls/mbedtls/library/CMakeFiles/mbedcrypto.dir/hmac_drbg.c.obj
[751/1053] Building C object esp-idf/mbedtls/mbedtls/library/CMakeFiles/mbedcrypto.dir/padlock.c.obj
[752/1053] Building C object esp-idf/mbedtls/mbedtls/library/CMakeFiles/mbedcrypto.dir/md5.c.obj
[753/1053] Building C object esp-idf/mbedtls/mbedtls/library/CMakeFiles/mbedcrypto.dir/error.c.obj
[754/1053] Building C object esp-idf/mbedtls/mbedtls/library/CMakeFiles/mbedtls.dir/ssl_tls.c.obj
[755/1053] Building C object esp-idf/mbedtls/mbedtls/library/CMakeFiles/mbedcrypto.dir/platform.c.obj
[756/1053] Building C object esp-idf/mbedtls/mbedtls/library/CMakeFiles/mbedcrypto.dir/md.c.obj
[757/1053] Building C object esp-idf/mbedtls/mbedtls/library/CMakeFiles/mbedcrypto.dir/ecp_curves.c.obj
[758/1053] Building C object esp-idf/mbedtls/mbedtls/library/CMakeFiles/mbedcrypto.dir/pk_wrap.c.obj
[759/1053] Building C object esp-idf/mbedtls/mbedtls/library/CMakeFiles/mbedcrypto.dir/bignum.c.obj
[760/1053] Building C object esp-idf/mbedtls/mbedtls/library/CMakeFiles/mbedcrypto.dir/pkcs12.c.obj
[761/1053] Building C object esp-idf/mbedtls/mbedtls/library/CMakeFiles/mbedcrypto.dir/platform_util.c.obj
[762/1053] Building C object esp-idf/mbedtls/mbedtls/library/CMakeFiles/mbedcrypto.dir/pk_ecc.c.obj
[763/1053] Linking CXX static library esp-idf/mbedtls/mbedtls/library/libmbedtls.a
[764/1053] Building C object esp-idf/mbedtls/mbedtls/library/CMakeFiles/mbedcrypto.dir/gcm.c.obj
[765/1053] Building C object esp-idf/mbedtls/mbedtls/library/CMakeFiles/mbedcrypto.dir/poly1305.c.obj
[766/1053] Building C object esp-idf/mbedtls/mbedtls/library/CMakeFiles/mbedcrypto.dir/pem.c.obj
[767/1053] Building C object esp-idf/mbedtls/mbedtls/library/CMakeFiles/mbedcrypto.dir/pk.c.obj
[768/1053] Building C object esp-idf/mbedtls/mbedtls/library/CMakeFiles/mbedcrypto.dir/pkwrite.c.obj
[769/1053] Building C object esp-idf/mbedtls/mbedtls/library/CMakeFiles/mbedcrypto.dir/pkcs5.c.obj
[770/1053] Building C object esp-idf/mbedtls/mbedtls/library/CMakeFiles/mbedcrypto.dir/psa_crypto_client.c.obj
[771/1053] Building C object esp-idf/mbedtls/mbedtls/library/CMakeFiles/mbedcrypto.dir/psa_crypto_driver_wrappers_no_static.c.obj
[772/1053] Building C object esp-idf/mbedtls/mbedtls/library/CMakeFiles/mbedcrypto.dir/psa_crypto_cipher.c.obj
[773/1053] Building C object esp-idf/mbedtls/mbedtls/library/CMakeFiles/mbedcrypto.dir/oid.c.obj
[774/1053] Building C object esp-idf/mbedtls/mbedtls/library/CMakeFiles/mbedcrypto.dir/pkparse.c.obj
[775/1053] Building C object esp-idf/mbedtls/mbedtls/library/CMakeFiles/mbedcrypto.dir/psa_crypto_hash.c.obj
[776/1053] Building C object esp-idf/mbedtls/mbedtls/library/CMakeFiles/mbedcrypto.dir/psa_crypto_se.c.obj
[777/1053] Building C object esp-idf/mbedtls/mbedtls/library/CMakeFiles/mbedcrypto.dir/psa_crypto_ecp.c.obj
[778/1053] Building C object esp-idf/mbedtls/mbedtls/library/CMakeFiles/mbedcrypto.dir/psa_crypto_ffdh.c.obj
[779/1053] Building C object esp-idf/mbedtls/mbedtls/library/CMakeFiles/mbedcrypto.dir/psa_crypto_pake.c.obj
[780/1053] Building C object esp-idf/mbedtls/mbedtls/library/CMakeFiles/mbedcrypto.dir/psa_crypto_aead.c.obj
[781/1053] Building C object esp-idf/mbedtls/mbedtls/library/CMakeFiles/mbedcrypto.dir/ecp.c.obj
[782/1053] Building C object esp-idf/mbedtls/mbedtls/library/CMakeFiles/mbedcrypto.dir/ripemd160.c.obj
[783/1053] Building C object esp-idf/mbedtls/mbedtls/library/CMakeFiles/mbedcrypto.dir/psa_crypto_storage.c.obj
[784/1053] Building C object esp-idf/mbedtls/mbedtls/library/CMakeFiles/mbedcrypto.dir/psa_its_file.c.obj
[785/1053] Building C object esp-idf/mbedtls/mbedtls/library/CMakeFiles/mbedcrypto.dir/sha1.c.obj
[786/1053] Building C object esp-idf/mbedtls/mbedtls/library/CMakeFiles/mbedcrypto.dir/threading.c.obj
[787/1053] Building C object esp-idf/mbedtls/mbedtls/library/CMakeFiles/mbedcrypto.dir/version.c.obj
[788/1053] Building C object esp-idf/mbedtls/mbedtls/library/CMakeFiles/mbedcrypto.dir/psa_crypto_mac.c.obj
[789/1053] Building C object esp-idf/mbedtls/mbedtls/library/CMakeFiles/mbedcrypto.dir/timing.c.obj
[790/1053] Building C object esp-idf/mbedtls/mbedtls/library/CMakeFiles/mbedcrypto.dir/psa_util.c.obj
[791/1053] Building C object esp-idf/mbedtls/mbedtls/library/CMakeFiles/mbedcrypto.dir/version_features.c.obj
[792/1053] Building C object esp-idf/mbedtls/mbedtls/library/CMakeFiles/mbedcrypto.dir/sha256.c.obj
[793/1053] Building C object esp-idf/mbedtls/mbedtls/library/CMakeFiles/mbedcrypto.dir/psa_crypto_slot_management.c.obj
[794/1053] Building C object 'esp-idf/mbedtls/mbedtls/library/CMakeFiles/mbedcrypto.dir/home/tikhon/Документы/magnolia/esp-idf/components/mbedtls/port/sha/core/esp_sha_gdma_impl.c.obj'
[795/1053] Building C object 'esp-idf/mbedtls/mbedtls/library/CMakeFiles/mbedcrypto.dir/home/tikhon/Документы/magnolia/esp-idf/components/mbedtls/port/esp_hardware.c.obj'
[796/1053] Building C object 'esp-idf/mbedtls/mbedtls/library/CMakeFiles/mbedcrypto.dir/home/tikhon/Документы/magnolia/esp-idf/components/mbedtls/port/esp_mem.c.obj'
[797/1053] Building C object esp-idf/mbedtls/mbedtls/library/CMakeFiles/mbedcrypto.dir/psa_crypto_rsa.c.obj
[798/1053] Building C object esp-idf/mbedtls/mbedtls/library/CMakeFiles/mbedcrypto.dir/sha512.c.obj
[799/1053] Building C object 'esp-idf/mbedtls/mbedtls/library/CMakeFiles/mbedcrypto.dir/home/tikhon/Документы/magnolia/esp-idf/components/mbedtls/port/aes/dma/esp_aes_gdma_impl.c.obj'
[800/1053] Building C object esp-idf/mbedtls/mbedtls/library/CMakeFiles/mbedcrypto.dir/rsa_alt_helpers.c.obj
[801/1053] Building C object 'esp-idf/mbedtls/mbedtls/library/CMakeFiles/mbedcrypto.dir/home/tikhon/Документы/magnolia/esp-idf/components/mbedtls/port/esp_timing.c.obj'
[802/1053] Building C object 'esp-idf/mbedtls/mbedtls/library/CMakeFiles/mbedcrypto.dir/home/tikhon/Документы/magnolia/esp-idf/components/mbedtls/port/aes/esp_aes_xts.c.obj'
[803/1053] Building C object 'esp-idf/mbedtls/mbedtls/library/CMakeFiles/mbedcrypto.dir/home/tikhon/Документы/magnolia/esp-idf/components/mbedtls/port/aes/esp_aes_common.c.obj'
[804/1053] Building C object 'esp-idf/mbedtls/mbedtls/library/CMakeFiles/mbedcrypto.dir/home/tikhon/Документы/magnolia/esp-idf/components/mbedtls/port/crypto_shared_gdma/esp_crypto_shared_gdma.c.obj'
[805/1053] Building C object 'esp-idf/mbedtls/mbedtls/library/CMakeFiles/mbedcrypto.dir/home/tikhon/Документы/magnolia/esp-idf/components/mbedtls/port/bignum/bignum_alt.c.obj'
[806/1053] Building C object 'esp-idf/mbedtls/mbedtls/library/CMakeFiles/mbedcrypto.dir/home/tikhon/Документы/magnolia/esp-idf/components/mbedtls/port/sha/esp_sha.c.obj'
[807/1053] Building C object esp-idf/mbedtls/mbedtls/library/CMakeFiles/mbedcrypto.dir/sha3.c.obj
[808/1053] Building C object 'esp-idf/mbedtls/mbedtls/library/CMakeFiles/mbedcrypto.dir/home/tikhon/Документы/magnolia/esp-idf/components/mbedtls/port/aes/dma/esp_aes_dma_core.c.obj'
[809/1053] Building C object 'esp-idf/mbedtls/mbedtls/library/CMakeFiles/mbedcrypto.dir/home/tikhon/Документы/magnolia/esp-idf/components/mbedtls/port/aes/dma/esp_aes.c.obj'
[810/1053] Building C object 'esp-idf/mbedtls/mbedtls/library/CMakeFiles/mbedcrypto.dir/home/tikhon/Документы/magnolia/esp-idf/components/mbedtls/port/sha/core/esp_sha256.c.obj'
[811/1053] Building C object 'esp-idf/mbedtls/mbedtls/library/CMakeFiles/mbedcrypto.dir/home/tikhon/Документы/magnolia/esp-idf/components/mbedtls/port/esp_ds/esp_rsa_sign_alt.c.obj'
[812/1053] Building C object 'esp-idf/mbedtls/mbedtls/library/CMakeFiles/mbedcrypto.dir/home/tikhon/Документы/magnolia/esp-idf/components/mbedtls/port/bignum/esp_bignum.c.obj'
[813/1053] Linking CXX static library esp-idf/mbedtls/mbedtls/library/libmbedx509.a
[814/1053] Building C object 'esp-idf/mbedtls/mbedtls/library/CMakeFiles/mbedcrypto.dir/home/tikhon/Документы/magnolia/esp-idf/components/mbedtls/port/esp_ds/esp_ds_common.c.obj'
[815/1053] Building C object 'esp-idf/mbedtls/mbedtls/library/CMakeFiles/mbedcrypto.dir/home/tikhon/Документы/magnolia/esp-idf/components/mbedtls/port/sha/core/esp_sha1.c.obj'
[816/1053] Building C object 'esp-idf/mbedtls/mbedtls/library/CMakeFiles/mbedcrypto.dir/home/tikhon/Документы/magnolia/esp-idf/components/mbedtls/port/esp_ds/esp_rsa_dec_alt.c.obj'
[817/1053] Building C object 'esp-idf/mbedtls/mbedtls/library/CMakeFiles/mbedcrypto.dir/home/tikhon/Документы/magnolia/esp-idf/components/mbedtls/port/md/esp_md.c.obj'
[818/1053] Building C object 'esp-idf/mbedtls/mbedtls/library/CMakeFiles/mbedcrypto.dir/home/tikhon/Документы/magnolia/esp-idf/components/mbedtls/port/sha/core/esp_sha512.c.obj'
[819/1053] Building C object 'esp-idf/mbedtls/mbedtls/library/CMakeFiles/mbedcrypto.dir/home/tikhon/Документы/magnolia/esp-idf/components/mbedtls/port/sha/core/sha.c.obj'
[820/1053] Building C object esp-idf/mbedtls/mbedtls/3rdparty/p256-m/CMakeFiles/p256m.dir/p256-m_driver_entrypoints.c.obj
[821/1053] Building C object esp-idf/mbedtls/mbedtls/3rdparty/everest/CMakeFiles/everest.dir/library/x25519.c.obj
[822/1053] Building C object esp-idf/mbedtls/mbedtls/3rdparty/p256-m/CMakeFiles/p256m.dir/p256-m/p256-m.c.obj
[823/1053] Building C object esp-idf/mbedtls/mbedtls/3rdparty/everest/CMakeFiles/everest.dir/library/Hacl_Curve25519_joined.c.obj
[824/1053] Building C object esp-idf/mbedtls/mbedtls/3rdparty/everest/CMakeFiles/everest.dir/library/everest.c.obj
[825/1053] Building C object 'esp-idf/mbedtls/mbedtls/library/CMakeFiles/mbedcrypto.dir/home/tikhon/Документы/magnolia/esp-idf/components/mbedtls/port/aes/esp_aes_gcm.c.obj'
[826/1053] Building C object esp-idf/mbedtls/mbedtls/library/CMakeFiles/mbedcrypto.dir/rsa.c.obj
[827/1053] Building C object esp-idf/mbedtls/mbedtls/library/CMakeFiles/mbedcrypto.dir/psa_crypto.c.obj
[828/1053] Linking CXX static library esp-idf/mbedtls/mbedtls/library/libmbedcrypto.a
[829/1053] Linking CXX static library esp-idf/mbedtls/mbedtls/3rdparty/p256-m/libp256m.a
[830/1053] Linking CXX static library esp-idf/mbedtls/mbedtls/3rdparty/everest/libeverest.a
[831/1053] Generating x509_crt_bundle
[832/1053] Generating ../../x509_crt_bundle.S
[833/1053] Building ASM object esp-idf/mbedtls/CMakeFiles/__idf_mbedtls.dir/__/__/x509_crt_bundle.S.obj
[834/1053] Building C object esp-idf/esp_driver_gpio/CMakeFiles/__idf_esp_driver_gpio.dir/src/gpio_glitch_filter_ops.c.obj
[835/1053] Building C object esp-idf/esp_security/CMakeFiles/__idf_esp_security.dir/src/esp_crypto_lock.c.obj
[836/1053] Building C object esp-idf/esp_pm/CMakeFiles/__idf_esp_pm.dir/pm_trace.c.obj
[837/1053] Building C object esp-idf/esp_security/CMakeFiles/__idf_esp_security.dir/src/init.c.obj
[838/1053] Building C object esp-idf/esp_security/CMakeFiles/__idf_esp_security.dir/src/esp_hmac.c.obj
[839/1053] Building C object esp-idf/esp_driver_gpio/CMakeFiles/__idf_esp_driver_gpio.dir/src/gpio_pin_glitch_filter.c.obj
[840/1053] Building C object esp-idf/esp_security/CMakeFiles/__idf_esp_security.dir/src/esp_crypto_periph_clk.c.obj
[841/1053] Building C object esp-idf/efuse/CMakeFiles/__idf_efuse.dir/esp32s3/esp_efuse_rtc_calib.c.obj
[842/1053] Building C object esp-idf/esp_pm/CMakeFiles/__idf_esp_pm.dir/pm_locks.c.obj
[843/1053] Building C object esp-idf/efuse/CMakeFiles/__idf_efuse.dir/esp32s3/esp_efuse_table.c.obj
[844/1053] Building C object esp-idf/esp_security/CMakeFiles/__idf_esp_security.dir/src/esp_ds.c.obj
[845/1053] Building C object esp-idf/efuse/CMakeFiles/__idf_efuse.dir/esp32s3/esp_efuse_fields.c.obj
[846/1053] Building C object esp-idf/mbedtls/CMakeFiles/__idf_mbedtls.dir/esp_crt_bundle/esp_crt_bundle.c.obj
[847/1053] Building C object esp-idf/efuse/CMakeFiles/__idf_efuse.dir/src/esp_efuse_fields.c.obj
[848/1053] Building C object esp-idf/efuse/CMakeFiles/__idf_efuse.dir/esp32s3/esp_efuse_utility.c.obj
[849/1053] Building C object esp-idf/esp_pm/CMakeFiles/__idf_esp_pm.dir/pm_impl.c.obj
[850/1053] Building C object esp-idf/esp_bootloader_format/CMakeFiles/__idf_esp_bootloader_format.dir/esp_bootloader_desc.c.obj
[851/1053] Building C object esp-idf/app_update/CMakeFiles/__idf_app_update.dir/esp_ota_app_desc.c.obj
[852/1053] Building C object esp-idf/xtensa/CMakeFiles/__idf_xtensa.dir/eri.c.obj
[853/1053] Linking C static library esp-idf/mbedtls/libmbedtls.a
[854/1053] Building C object esp-idf/esp_driver_gpio/CMakeFiles/__idf_esp_driver_gpio.dir/src/rtc_io.c.obj
[855/1053] Building C object esp-idf/efuse/CMakeFiles/__idf_efuse.dir/src/esp_efuse_startup.c.obj
[856/1053] Building ASM object esp-idf/xtensa/CMakeFiles/__idf_xtensa.dir/xtensa_context.S.obj
[857/1053] Building ASM object esp-idf/xtensa/CMakeFiles/__idf_xtensa.dir/xtensa_intr_asm.S.obj
[858/1053] Building C object esp-idf/esp_driver_gpio/CMakeFiles/__idf_esp_driver_gpio.dir/src/dedic_gpio.c.obj
[859/1053] Building ASM object esp-idf/xtensa/CMakeFiles/__idf_xtensa.dir/xtensa_vectors.S.obj
[860/1053] Building C object esp-idf/xtensa/CMakeFiles/__idf_xtensa.dir/xt_trax.c.obj
[861/1053] Building C object esp-idf/efuse/CMakeFiles/__idf_efuse.dir/src/esp_efuse_api.c.obj
[862/1053] Linking C static library esp-idf/esp_pm/libesp_pm.a
[863/1053] Building C object esp-idf/esp_app_format/CMakeFiles/__idf_esp_app_format.dir/esp_app_desc.c.obj
[864/1053] Building C object esp-idf/esp_partition/CMakeFiles/__idf_esp_partition.dir/partition_target.c.obj
[865/1053] Building C object esp-idf/efuse/CMakeFiles/__idf_efuse.dir/src/efuse_controller/keys/with_key_purposes/esp_efuse_api_key.c.obj
[866/1053] Building C object esp-idf/xtensa/CMakeFiles/__idf_xtensa.dir/xtensa_intr.c.obj
[867/1053] Building C object esp-idf/efuse/CMakeFiles/__idf_efuse.dir/src/esp_efuse_utility.c.obj
[868/1053] Building C object esp-idf/esp_partition/CMakeFiles/__idf_esp_partition.dir/partition.c.obj
[869/1053] Building C object esp-idf/console/CMakeFiles/__idf_console.dir/split_argv.c.obj
[870/1053] Building C object esp-idf/console/CMakeFiles/__idf_console.dir/argtable3/arg_end.c.obj
[871/1053] Building C object esp-idf/console/CMakeFiles/__idf_console.dir/argtable3/arg_cmd.c.obj
[872/1053] Building C object esp-idf/console/CMakeFiles/__idf_console.dir/esp_console_common.c.obj
[873/1053] Building C object esp-idf/console/CMakeFiles/__idf_console.dir/argtable3/arg_dstr.c.obj
[874/1053] Building C object esp-idf/console/CMakeFiles/__idf_console.dir/esp_console_repl_internal.c.obj
[875/1053] Building C object esp-idf/console/CMakeFiles/__idf_console.dir/commands.c.obj
[876/1053] Building C object esp-idf/console/CMakeFiles/__idf_console.dir/argtable3/arg_dbl.c.obj
[877/1053] Building C object esp-idf/console/CMakeFiles/__idf_console.dir/esp_console_repl_chip.c.obj
[878/1053] Building C object esp-idf/console/CMakeFiles/__idf_console.dir/argtable3/arg_rem.c.obj
[879/1053] Building C object esp-idf/console/CMakeFiles/__idf_console.dir/argtable3/arg_file.c.obj
[880/1053] Building C object esp-idf/console/CMakeFiles/__idf_console.dir/argtable3/arg_lit.c.obj
[881/1053] Building C object esp-idf/console/CMakeFiles/__idf_console.dir/argtable3/arg_int.c.obj
[882/1053] Building C object esp-idf/console/CMakeFiles/__idf_console.dir/argtable3/arg_str.c.obj
[883/1053] Building C object esp-idf/unity/CMakeFiles/__idf_unity.dir/unity_compat.c.obj
[884/1053] Building C object esp-idf/console/CMakeFiles/__idf_console.dir/argtable3/arg_date.c.obj
[885/1053] Building C object esp-idf/console/CMakeFiles/__idf_console.dir/argtable3/arg_hashtable.c.obj
[886/1053] Building C object esp-idf/app_update/CMakeFiles/__idf_app_update.dir/esp_ota_ops.c.obj
[887/1053] Building C object esp-idf/unity/CMakeFiles/__idf_unity.dir/unity_utils_cache.c.obj
[888/1053] Building C object esp-idf/console/CMakeFiles/__idf_console.dir/argtable3/arg_utils.c.obj
[889/1053] Building C object esp-idf/console/CMakeFiles/__idf_console.dir/linenoise/linenoise.c.obj
[890/1053] Building C object esp-idf/unity/CMakeFiles/__idf_unity.dir/unity_utils_freertos.c.obj
[891/1053] Building C object esp-idf/unity/CMakeFiles/__idf_unity.dir/unity_port_esp32.c.obj
[892/1053] Building C object esp-idf/unity/CMakeFiles/__idf_unity.dir/unity_utils_memory.c.obj
[893/1053] Building C object esp-idf/unity/CMakeFiles/__idf_unity.dir/port/esp/unity_utils_memory_esp.c.obj
[894/1053] Building C object esp-idf/esp_driver_gpio/CMakeFiles/__idf_esp_driver_gpio.dir/src/gpio.c.obj
[895/1053] Building C object esp-idf/unity/CMakeFiles/__idf_unity.dir/unity_runner.c.obj
[896/1053] Building C object esp-idf/protocomm/CMakeFiles/__idf_protocomm.dir/proto-c/constants.pb-c.c.obj
[897/1053] Building C object esp-idf/console/CMakeFiles/__idf_console.dir/argtable3/argtable3.c.obj
[898/1053] Building C object esp-idf/protocomm/CMakeFiles/__idf_protocomm.dir/proto-c/session.pb-c.c.obj
[899/1053] Linking C static library esp-idf/esp_driver_gpio/libesp_driver_gpio.a
[900/1053] Building C object esp-idf/protocomm/CMakeFiles/__idf_protocomm.dir/proto-c/sec0.pb-c.c.obj
[901/1053] Building C object esp-idf/console/CMakeFiles/__idf_console.dir/argtable3/arg_rex.c.obj
[902/1053] Building C object esp-idf/protocomm/CMakeFiles/__idf_protocomm.dir/proto-c/sec2.pb-c.c.obj
[903/1053] Building C object esp-idf/protocomm/CMakeFiles/__idf_protocomm.dir/src/common/protocomm.c.obj
[904/1053] Building C object esp-idf/protocomm/CMakeFiles/__idf_protocomm.dir/src/transports/protocomm_console.c.obj
[905/1053] Building C object esp-idf/protocomm/CMakeFiles/__idf_protocomm.dir/src/crypto/srp6a/esp_srp_mpi.c.obj
[906/1053] Linking C static library esp-idf/esp_security/libesp_security.a
[907/1053] Building CXX object esp-idf/wear_levelling/CMakeFiles/__idf_wear_levelling.dir/crc32.cpp.obj
[908/1053] Building C object esp-idf/protocomm/CMakeFiles/__idf_protocomm.dir/proto-c/sec1.pb-c.c.obj
[909/1053] Building CXX object esp-idf/wear_levelling/CMakeFiles/__idf_wear_levelling.dir/Partition.cpp.obj
[910/1053] Building CXX object esp-idf/wear_levelling/CMakeFiles/__idf_wear_levelling.dir/SPI_Flash.cpp.obj
[911/1053] Building C object esp-idf/protocomm/CMakeFiles/__idf_protocomm.dir/src/transports/protocomm_httpd.c.obj
[912/1053] Linking C static library esp-idf/efuse/libefuse.a
[913/1053] Building C object esp-idf/protocomm/CMakeFiles/__idf_protocomm.dir/src/crypto/srp6a/esp_srp.c.obj
[914/1053] Building C object esp-idf/esp_https_server/CMakeFiles/__idf_esp_https_server.dir/src/https_server.c.obj
[915/1053] Building CXX object esp-idf/wear_levelling/CMakeFiles/__idf_wear_levelling.dir/WL_Ext_Safe.cpp.obj
[916/1053] Building C object esp-idf/protocomm/CMakeFiles/__idf_protocomm.dir/src/security/security2.c.obj
[917/1053] Building C object esp-idf/app_trace/CMakeFiles/__idf_app_trace.dir/app_trace_util.c.obj
[918/1053] Building C object esp-idf/app_trace/CMakeFiles/__idf_app_trace.dir/host_file_io.c.obj
[919/1053] Building CXX object esp-idf/wear_levelling/CMakeFiles/__idf_wear_levelling.dir/WL_Ext_Perf.cpp.obj
[920/1053] Building C object esp-idf/unity/CMakeFiles/__idf_unity.dir/unity/src/unity.c.obj
[921/1053] Linking C static library esp-idf/esp_partition/libesp_partition.a
[922/1053] Building CXX object esp-idf/wear_levelling/CMakeFiles/__idf_wear_levelling.dir/wear_levelling.cpp.obj
[923/1053] Building C object esp-idf/app_trace/CMakeFiles/__idf_app_trace.dir/port/port_uart.c.obj
[924/1053] Building C object esp-idf/cmock/CMakeFiles/__idf_cmock.dir/CMock/src/cmock.c.obj
[925/1053] Building C object esp-idf/app_trace/CMakeFiles/__idf_app_trace.dir/app_trace.c.obj
[926/1053] Linking C static library esp-idf/app_update/libapp_update.a
[927/1053] Building C object esp-idf/esp_driver_cam/CMakeFiles/__idf_esp_driver_cam.dir/esp_cam_ctlr.c.obj
[928/1053] Building C object esp-idf/esp_driver_cam/CMakeFiles/__idf_esp_driver_cam.dir/dvp/src/esp_cam_ctlr_dvp_gdma.c.obj
[929/1053] Linking C static library esp-idf/esp_bootloader_format/libesp_bootloader_format.a
[930/1053] Building C object esp-idf/esp_driver_cam/CMakeFiles/__idf_esp_driver_cam.dir/dvp_share_ctrl.c.obj
[931/1053] Building C object esp-idf/esp_hid/CMakeFiles/__idf_esp_hid.dir/src/esp_hidd.c.obj
[932/1053] Linking C static library esp-idf/esp_app_format/libesp_app_format.a
[933/1053] Building C object esp-idf/json/CMakeFiles/__idf_json.dir/cJSON/cJSON_Utils.c.obj
[934/1053] Building C object esp-idf/esp_eth/CMakeFiles/__idf_esp_eth.dir/src/esp_eth_netif_glue.c.obj
[935/1053] Linking C static library esp-idf/xtensa/libxtensa.a
[936/1053] Building C object esp-idf/protobuf-c/CMakeFiles/__idf_protobuf-c.dir/protobuf-c/protobuf-c/protobuf-c.c.obj
[937/1053] Building C object esp-idf/esp_lcd/CMakeFiles/__idf_esp_lcd.dir/src/esp_lcd_panel_io.c.obj
[938/1053] Building CXX object esp-idf/wear_levelling/CMakeFiles/__idf_wear_levelling.dir/WL_Flash.cpp.obj
[939/1053] Building C object esp-idf/esp_lcd/CMakeFiles/__idf_esp_lcd.dir/src/esp_lcd_common.c.obj
[940/1053] Building C object esp-idf/esp_driver_cam/CMakeFiles/__idf_esp_driver_cam.dir/dvp/src/esp_cam_ctlr_dvp_cam.c.obj
[941/1053] Building C object esp-idf/esp_hid/CMakeFiles/__idf_esp_hid.dir/src/esp_hid_common.c.obj
[942/1053] Linking C static library esp-idf/console/libconsole.a
[943/1053] Linking C static library esp-idf/protobuf-c/libprotobuf-c.a
[944/1053] Linking C static library esp-idf/esp_https_server/libesp_https_server.a
[945/1053] Building C object esp-idf/esp_lcd/CMakeFiles/__idf_esp_lcd.dir/src/esp_lcd_panel_nt35510.c.obj
[946/1053] Linking C static library esp-idf/unity/libunity.a
[947/1053] Building C object esp-idf/esp_hid/CMakeFiles/__idf_esp_hid.dir/src/esp_hidh.c.obj
[948/1053] Building C object esp-idf/esp_lcd/CMakeFiles/__idf_esp_lcd.dir/src/esp_lcd_panel_ops.c.obj
[949/1053] Building C object esp-idf/esp_lcd/CMakeFiles/__idf_esp_lcd.dir/src/esp_lcd_panel_ssd1306.c.obj
[950/1053] Building C object esp-idf/esp_lcd/CMakeFiles/__idf_esp_lcd.dir/src/esp_lcd_panel_st7789.c.obj
[951/1053] Building C object esp-idf/esp_driver_touch_sens/CMakeFiles/__idf_esp_driver_touch_sens.dir/common/touch_sens_common.c.obj
[952/1053] Building C object esp-idf/espcoredump/CMakeFiles/__idf_espcoredump.dir/src/core_dump_init.c.obj
[953/1053] Linking C static library esp-idf/protocomm/libprotocomm.a
[954/1053] Building C object esp-idf/esp_driver_touch_sens/CMakeFiles/__idf_esp_driver_touch_sens.dir/hw_ver2/touch_version_specific.c.obj
[955/1053] Building C object esp-idf/espcoredump/CMakeFiles/__idf_espcoredump.dir/src/core_dump_common.c.obj
[956/1053] Building C object esp-idf/espcoredump/CMakeFiles/__idf_espcoredump.dir/src/core_dump_flash.c.obj
[957/1053] Building C object esp-idf/espcoredump/CMakeFiles/__idf_espcoredump.dir/src/core_dump_uart.c.obj
[958/1053] Building C object esp-idf/esp_lcd/CMakeFiles/__idf_esp_lcd.dir/i2c/esp_lcd_panel_io_i2c_v2.c.obj
[959/1053] Building C object esp-idf/espcoredump/CMakeFiles/__idf_espcoredump.dir/src/port/xtensa/core_dump_port.c.obj
[960/1053] Building C object esp-idf/espcoredump/CMakeFiles/__idf_espcoredump.dir/src/core_dump_elf.c.obj
[961/1053] Building C object esp-idf/espcoredump/CMakeFiles/__idf_espcoredump.dir/src/core_dump_sha.c.obj
[962/1053] Building C object esp-idf/json/CMakeFiles/__idf_json.dir/cJSON/cJSON.c.obj
[963/1053] Building C object esp-idf/esp_eth/CMakeFiles/__idf_esp_eth.dir/src/phy/esp_eth_phy_802_3.c.obj
[964/1053] Linking C static library esp-idf/wear_levelling/libwear_levelling.a
[965/1053] Building C object esp-idf/esp_local_ctrl/CMakeFiles/__idf_esp_local_ctrl.dir/src/esp_local_ctrl_handler.c.obj
[966/1053] Building C object esp-idf/esp_lcd/CMakeFiles/__idf_esp_lcd.dir/i2c/esp_lcd_panel_io_i2c_v1.c.obj
[967/1053] Building C object esp-idf/esp_local_ctrl/CMakeFiles/__idf_esp_local_ctrl.dir/src/esp_local_ctrl_transport_httpd.c.obj
[968/1053] Building C object esp-idf/fatfs/CMakeFiles/__idf_fatfs.dir/diskio/diskio.c.obj
[969/1053] Building C object esp-idf/esp_eth/CMakeFiles/__idf_esp_eth.dir/src/esp_eth.c.obj
[970/1053] Building C object esp-idf/fatfs/CMakeFiles/__idf_fatfs.dir/diskio/diskio_rawflash.c.obj
[971/1053] Building C object esp-idf/esp_local_ctrl/CMakeFiles/__idf_esp_local_ctrl.dir/src/esp_local_ctrl.c.obj
[972/1053] Building C object esp-idf/esp_local_ctrl/CMakeFiles/__idf_esp_local_ctrl.dir/proto-c/esp_local_ctrl.pb-c.c.obj
[973/1053] Building C object esp-idf/esp_lcd/CMakeFiles/__idf_esp_lcd.dir/spi/esp_lcd_panel_io_spi.c.obj
[974/1053] Linking C static library esp-idf/json/libjson.a
[975/1053] Building C object esp-idf/fatfs/CMakeFiles/__idf_fatfs.dir/diskio/diskio_wl.c.obj
[976/1053] Building C object esp-idf/fatfs/CMakeFiles/__idf_fatfs.dir/diskio/diskio_sdmmc.c.obj
[977/1053] Building C object esp-idf/fatfs/CMakeFiles/__idf_fatfs.dir/src/ffunicode.c.obj
[978/1053] Building C object esp-idf/fatfs/CMakeFiles/__idf_fatfs.dir/port/freertos/ffsystem.c.obj
[979/1053] Building C object esp-idf/perfmon/CMakeFiles/__idf_perfmon.dir/xtensa_perfmon_masks.c.obj
[980/1053] Building C object esp-idf/perfmon/CMakeFiles/__idf_perfmon.dir/xtensa_perfmon_access.c.obj
[981/1053] Building C object esp-idf/mqtt/CMakeFiles/__idf_mqtt.dir/esp-mqtt/lib/platform_esp32_idf.c.obj
[982/1053] Building C object esp-idf/perfmon/CMakeFiles/__idf_perfmon.dir/xtensa_perfmon_apis.c.obj
[983/1053] Building C object esp-idf/nvs_sec_provider/CMakeFiles/__idf_nvs_sec_provider.dir/nvs_sec_provider.c.obj
[984/1053] Building C object esp-idf/esp_lcd/CMakeFiles/__idf_esp_lcd.dir/i80/esp_lcd_panel_io_i80.c.obj
[985/1053] Building C object esp-idf/rt/CMakeFiles/__idf_rt.dir/FreeRTOS_POSIX_utils.c.obj
[986/1053] Building C object esp-idf/mqtt/CMakeFiles/__idf_mqtt.dir/esp-mqtt/lib/mqtt_outbox.c.obj
[987/1053] Building C object esp-idf/fatfs/CMakeFiles/__idf_fatfs.dir/vfs/vfs_fat_sdmmc.c.obj
[988/1053] Building C object esp-idf/spiffs/CMakeFiles/__idf_spiffs.dir/spiffs/src/spiffs_cache.c.obj
[989/1053] Building C object esp-idf/rt/CMakeFiles/__idf_rt.dir/FreeRTOS_POSIX_mqueue.c.obj
[990/1053] Building C object esp-idf/fatfs/CMakeFiles/__idf_fatfs.dir/vfs/vfs_fat_spiflash.c.obj
[991/1053] Building C object esp-idf/spiffs/CMakeFiles/__idf_spiffs.dir/spiffs_api.c.obj
[992/1053] Building C object esp-idf/mqtt/CMakeFiles/__idf_mqtt.dir/esp-mqtt/lib/mqtt_msg.c.obj
[993/1053] Building C object esp-idf/spiffs/CMakeFiles/__idf_spiffs.dir/spiffs/src/spiffs_gc.c.obj
[994/1053] Building C object esp-idf/fatfs/CMakeFiles/__idf_fatfs.dir/vfs/vfs_fat.c.obj
[995/1053] Building C object esp-idf/spiffs/CMakeFiles/__idf_spiffs.dir/spiffs/src/spiffs_check.c.obj
[996/1053] Building C object esp-idf/touch_element/CMakeFiles/__idf_touch_element.dir/touch_button.c.obj
[997/1053] Building C object esp-idf/esp_lcd/CMakeFiles/__idf_esp_lcd.dir/rgb/esp_lcd_panel_rgb.c.obj
[998/1053] Building C object esp-idf/usb/CMakeFiles/__idf_usb.dir/usb_helpers.c.obj
[999/1053] Building C object esp-idf/usb/CMakeFiles/__idf_usb.dir/usb_private.c.obj
[1000/1053] Building C object esp-idf/usb/CMakeFiles/__idf_usb.dir/enum.c.obj
[1001/1053] Building C object esp-idf/touch_element/CMakeFiles/__idf_touch_element.dir/touch_matrix.c.obj
[1002/1053] Building C object esp-idf/fatfs/CMakeFiles/__idf_fatfs.dir/src/ff.c.obj
[1003/1053] Building C object esp-idf/spiffs/CMakeFiles/__idf_spiffs.dir/esp_spiffs.c.obj
[1004/1053] Building C object esp-idf/usb/CMakeFiles/__idf_usb.dir/hub.c.obj
[1005/1053] Building C object esp-idf/touch_element/CMakeFiles/__idf_touch_element.dir/touch_slider.c.obj
[1006/1053] Building C object esp-idf/spiffs/CMakeFiles/__idf_spiffs.dir/spiffs/src/spiffs_hydrogen.c.obj
[1007/1053] Building C object esp-idf/touch_element/CMakeFiles/__idf_touch_element.dir/touch_element.c.obj
[1008/1053] Building C object esp-idf/wifi_provisioning/CMakeFiles/__idf_wifi_provisioning.dir/src/wifi_ctrl.c.obj
[1009/1053] Building C object esp-idf/wifi_provisioning/CMakeFiles/__idf_wifi_provisioning.dir/src/wifi_scan.c.obj
[1010/1053] Building C object esp-idf/wifi_provisioning/CMakeFiles/__idf_wifi_provisioning.dir/src/wifi_config.c.obj
[1011/1053] Building C object esp-idf/wifi_provisioning/CMakeFiles/__idf_wifi_provisioning.dir/src/handlers.c.obj
[1012/1053] Building C object esp-idf/wifi_provisioning/CMakeFiles/__idf_wifi_provisioning.dir/proto-c/wifi_ctrl.pb-c.c.obj
[1013/1053] Building C object esp-idf/wifi_provisioning/CMakeFiles/__idf_wifi_provisioning.dir/proto-c/wifi_constants.pb-c.c.obj
[1014/1053] Building C object esp-idf/wifi_provisioning/CMakeFiles/__idf_wifi_provisioning.dir/proto-c/wifi_config.pb-c.c.obj
[1015/1053] Linking C static library esp-idf/cmock/libcmock.a
[1016/1053] Building C object esp-idf/espressif__elf_loader/CMakeFiles/__idf_espressif__elf_loader.dir/src/esp_elf_adapter.c.obj
[1017/1053] Linking C static library esp-idf/app_trace/libapp_trace.a
[1018/1053] Linking C static library esp-idf/esp_driver_cam/libesp_driver_cam.a
[1019/1053] Building C object esp-idf/wifi_provisioning/CMakeFiles/__idf_wifi_provisioning.dir/proto-c/wifi_scan.pb-c.c.obj
[1020/1053] Building C object esp-idf/espressif__elf_loader/CMakeFiles/__idf_espressif__elf_loader.dir/src/arch/esp_elf_xtensa.c.obj
[1021/1053] Linking C static library esp-idf/esp_driver_touch_sens/libesp_driver_touch_sens.a
[1022/1053] Linking C static library esp-idf/esp_eth/libesp_eth.a
[1023/1053] Linking C static library esp-idf/esp_hid/libesp_hid.a
[1024/1053] Building C object esp-idf/wifi_provisioning/CMakeFiles/__idf_wifi_provisioning.dir/src/scheme_softap.c.obj
[1025/1053] Linking C static library esp-idf/rt/librt.a
[1026/1053] Building C object esp-idf/wifi_provisioning/CMakeFiles/__idf_wifi_provisioning.dir/src/scheme_console.c.obj
[1027/1053] Linking C static library esp-idf/perfmon/libperfmon.a
[1028/1053] Linking C static library esp-idf/espcoredump/libespcoredump.a
[1029/1053] Linking C static library esp-idf/esp_local_ctrl/libesp_local_ctrl.a
[1030/1053] Building C object esp-idf/mqtt/CMakeFiles/__idf_mqtt.dir/esp-mqtt/mqtt_client.c.obj
[1031/1053] Linking C static library esp-idf/esp_lcd/libesp_lcd.a
[1032/1053] Linking C static library esp-idf/nvs_sec_provider/libnvs_sec_provider.a
[1033/1053] Building C object esp-idf/espressif__elf_loader/CMakeFiles/__idf_espressif__elf_loader.dir/src/esp_elf_symbol.c.obj
[1034/1053] Linking C static library esp-idf/fatfs/libfatfs.a
[1035/1053] Building C object esp-idf/main/CMakeFiles/__idf_main.dir/dummy.c.obj
[1036/1053] Building C object esp-idf/usb/CMakeFiles/__idf_usb.dir/usbh.c.obj
[1037/1053] Linking C static library esp-idf/touch_element/libtouch_element.a
[1038/1053] Linking C static library esp-idf/mqtt/libmqtt.a
[1039/1053] Building C object esp-idf/spiffs/CMakeFiles/__idf_spiffs.dir/spiffs/src/spiffs_nucleus.c.obj
[1040/1053] Building C object esp-idf/espressif__elf_loader/CMakeFiles/__idf_espressif__elf_loader.dir/src/esp_elf.c.obj
[1041/1053] Linking C static library esp-idf/spiffs/libspiffs.a
[1042/1053] Linking C static library esp-idf/espressif__elf_loader/libespressif__elf_loader.a
[1043/1053] Building C object esp-idf/usb/CMakeFiles/__idf_usb.dir/usb_host.c.obj
[1044/1053] Building C object esp-idf/usb/CMakeFiles/__idf_usb.dir/hcd_dwc.c.obj
[1045/1053] Building C object esp-idf/wifi_provisioning/CMakeFiles/__idf_wifi_provisioning.dir/src/manager.c.obj
[1046/1053] Linking C static library esp-idf/usb/libusb.a
[1047/1053] Linking C static library esp-idf/wifi_provisioning/libwifi_provisioning.a
[1048/1053] Linking C static library esp-idf/main/libmain.a
[1049/1053] Build Rust staticlib: /home/tikhon/Документы/magnolia/applets/rust/rdd/build/libdd.a
FAILED: libdd.a /home/tikhon/Документы/magnolia/applets/rust/rdd/build/libdd.a 
cd /home/tikhon/Документы/magnolia/applets/rust/rdd/build && /usr/bin/cmake -E env CARGO_TARGET_DIR=/home/tikhon/Документы/magnolia/applets/rust/rdd/build/rust_target bash -lc "set -euo pipefail;                  if [ -n \"/home/tikhon/export-esp.sh\" ] && [ -f \"/home/tikhon/export-esp.sh\" ]; then . \"/home/tikhon/export-esp.sh\" >/dev/null 2>&1; fi;                  RUSTFLAGS='-C panic=abort' cargo +esp build  --locked                    -Zbuild-std=core,alloc,compiler_builtins -Zbuild-std-features=compiler-builtins-mem                    --manifest-path '/home/tikhon/Документы/magnolia/applets/rust/rdd/rust/Cargo.toml' --release --target 'xtensa-esp32s3-none-elf'" && /usr/bin/cmake -E copy_if_different /home/tikhon/Документы/magnolia/applets/rust/rdd/build/rust_target/xtensa-esp32s3-none-elf/release/libdd.a /home/tikhon/Документы/magnolia/applets/rust/rdd/build/libdd.a && bash -lc "set -euo pipefail;                  tmp='/home/tikhon/Документы/magnolia/applets/rust/rdd/build/rust_fixup_dd';                  rm -rf \"\$tmp\"; mkdir -p \"\$tmp\";                  cd \"\$tmp\";                  '/home/tikhon/.espressif/tools/xtensa-esp-elf/esp-15.1.0_20250607/xtensa-esp-elf/bin/xtensa-esp32s3-elf-ar' x '/home/tikhon/Документы/magnolia/applets/rust/rdd/build/libdd.a';                  for obj in *.o; do                    [ -f \"\$obj\" ] || continue;                    for sec in \$(LC_ALL=C readelf -S -W \"\$obj\" | sed -n 's/^[[:space:]]*\\[[[:space:]]*[0-9]\\+\\][[:space:]]\\+\\([^ ]\\+\\).*/\\1/p'); do                      case \"\$sec\" in                        .literal*|.rodata*) '/home/tikhon/.espressif/tools/xtensa-esp-elf/esp-15.1.0_20250607/xtensa-esp-elf/bin/xtensa-esp32s3-elf-objcopy' --set-section-flags \"\$sec\"=alloc,load,contents,data \"\$obj\" || true ;;                      esac;                    done;                  done;                  '/home/tikhon/.espressif/tools/xtensa-esp-elf/esp-15.1.0_20250607/xtensa-esp-elf/bin/xtensa-esp32s3-elf-ar' rcs '/home/tikhon/Документы/magnolia/applets/rust/rdd/build/libdd.a' *.o"
   Compiling compiler_builtins v0.1.160 (/home/tikhon/.rustup/toolchains/esp/lib/rustlib/src/rust/library/compiler-builtins/compiler-builtins)
   Compiling core v0.0.0 (/home/tikhon/.rustup/toolchains/esp/lib/rustlib/src/rust/library/core)
   Compiling alloc v0.0.0 (/home/tikhon/.rustup/toolchains/esp/lib/rustlib/src/rust/library/alloc)
   Compiling magnolia-applet-sys v0.1.0 (/home/tikhon/Документы/magnolia/sdk/rust/magnolia-applet-sys)
   Compiling magnolia-applet v0.1.0 (/home/tikhon/Документы/magnolia/sdk/rust/magnolia-applet)
   Compiling dd v0.1.0 (/home/tikhon/Документы/magnolia/applets/rust/rdd/rust)
error: cannot find macro `vec` in this scope
   --> src/lib.rs:293:20
    |
293 |     let mut obuf = vec![0u8; obs as usize];
    |                    ^^^
    |
help: consider importing this macro
    |
  5 + use alloc::vec;
    |

error: cannot find macro `vec` in this scope
   --> src/lib.rs:292:20
    |
292 |     let mut ibuf = vec![0u8; ibs as usize];
    |                    ^^^
    |
help: consider importing this macro
    |
  5 + use alloc::vec;
    |

error: cannot find macro `vec` in this scope
   --> src/lib.rs:125:17
    |
125 |     let zeros = vec![0u8; obs];
    |                 ^^^
    |
help: consider importing this macro
    |
  5 + use alloc::vec;
    |

error: cannot find macro `vec` in this scope
   --> src/lib.rs:100:19
    |
100 |     let mut buf = vec![0u8; ibs];
    |                   ^^^
    |
help: consider importing this macro
    |
  5 + use alloc::vec;
    |

error: could not compile `dd` (lib) due to 4 previous errors
ninja: build stopped: subcommand failed.
Command failed (2): idf.py elf
Elf target failed for rdd; running `idf.py build` instead.
+ idf.py build
[1049/1053] Build Rust staticlib: /home/tikhon/Документы/magnolia/applets/rust/rhexdump/build/libhexdump.a
FAILED: libhexdump.a /home/tikhon/Документы/magnolia/applets/rust/rhexdump/build/libhexdump.a 
cd /home/tikhon/Документы/magnolia/applets/rust/rhexdump/build && /usr/bin/cmake -E env CARGO_TARGET_DIR=/home/tikhon/Документы/magnolia/applets/rust/rhexdump/build/rust_target bash -lc "set -euo pipefail;                  if [ -n \"/home/tikhon/export-esp.sh\" ] && [ -f \"/home/tikhon/export-esp.sh\" ]; then . \"/home/tikhon/export-esp.sh\" >/dev/null 2>&1; fi;                  RUSTFLAGS='-C panic=abort' cargo +esp build  --locked                    -Zbuild-std=core,alloc,compiler_builtins -Zbuild-std-features=compiler-builtins-mem                    --manifest-path '/home/tikhon/Документы/magnolia/applets/rust/rhexdump/rust/Cargo.toml' --release --target 'xtensa-esp32s3-none-elf'" && /usr/bin/cmake -E copy_if_different /home/tikhon/Документы/magnolia/applets/rust/rhexdump/build/rust_target/xtensa-esp32s3-none-elf/release/libhexdump.a /home/tikhon/Документы/magnolia/applets/rust/rhexdump/build/libhexdump.a && bash -lc "set -euo pipefail;                  tmp='/home/tikhon/Документы/magnolia/applets/rust/rhexdump/build/rust_fixup_hexdump';                  rm -rf \"\$tmp\"; mkdir -p \"\$tmp\";                  cd \"\$tmp\";                  '/home/tikhon/.espressif/tools/xtensa-esp-elf/esp-15.1.0_20250607/xtensa-esp-elf/bin/xtensa-esp32s3-elf-ar' x '/home/tikhon/Документы/magnolia/applets/rust/rhexdump/build/libhexdump.a';                  for obj in *.o; do                    [ -f \"\$obj\" ] || continue;                    for sec in \$(LC_ALL=C readelf -S -W \"\$obj\" | sed -n 's/^[[:space:]]*\\[[[:space:]]*[0-9]\\+\\][[:space:]]\\+\\([^ ]\\+\\).*/\\1/p'); do                      case \"\$sec\" in                        .literal*|.rodata*) '/home/tikhon/.espressif/tools/xtensa-esp-elf/esp-15.1.0_20250607/xtensa-esp-elf/bin/xtensa-esp32s3-elf-objcopy' --set-section-flags \"\$sec\"=alloc,load,contents,data \"\$obj\" || true ;;                      esac;                    done;                  done;                  '/home/tikhon/.espressif/tools/xtensa-esp-elf/esp-15.1.0_20250607/xtensa-esp-elf/bin/xtensa-esp32s3-elf-ar' rcs '/home/tikhon/Документы/magnolia/applets/rust/rhexdump/build/libhexdump.a' *.o"
   Compiling compiler_builtins v0.1.160 (/home/tikhon/.rustup/toolchains/esp/lib/rustlib/src/rust/library/compiler-builtins/compiler-builtins)
   Compiling core v0.0.0 (/home/tikhon/.rustup/toolchains/esp/lib/rustlib/src/rust/library/core)
   Compiling alloc v0.0.0 (/home/tikhon/.rustup/toolchains/esp/lib/rustlib/src/rust/library/alloc)
   Compiling magnolia-applet-sys v0.1.0 (/home/tikhon/Документы/magnolia/sdk/rust/magnolia-applet-sys)
   Compiling magnolia-applet v0.1.0 (/home/tikhon/Документы/magnolia/sdk/rust/magnolia-applet)
   Compiling hexdump v0.1.0 (/home/tikhon/Документы/magnolia/applets/rust/rhexdump/rust)
error: unknown byte escape: `b`
   --> src/lib.rs:139:12
    |
139 |         b'\b' => {
    |            ^ unknown byte escape
    |
    = help: for more information, visit <https://doc.rust-lang.org/reference/tokens.html#literals>

error: unknown byte escape: `f`
   --> src/lib.rs:143:12
    |
143 |         b'\f' => {
    |            ^ unknown byte escape
    |
    = help: for more information, visit <https://doc.rust-lang.org/reference/tokens.html#literals>

error: unknown byte escape: `v`
   --> src/lib.rs:147:12
    |
147 |         b'\v' => {
    |            ^ unknown byte escape
    |
    = help: for more information, visit <https://doc.rust-lang.org/reference/tokens.html#literals>

error: cannot find macro `format` in this scope
   --> src/lib.rs:232:37
    |
232 | ...                   let s = format!("{:0width$}", word, width = width);
    |                               ^^^^^^
    |
help: consider importing this macro
    |
  5 + use alloc::format;
    |

error: cannot find macro `format` in this scope
   --> src/lib.rs:176:36
    |
176 |                     line.push_str(&format!("{:02x} ", buf[i]));
    |                                    ^^^^^^
    |
help: consider importing this macro
    |
  5 + use alloc::format;
    |

error[E0382]: use of moved value
   --> src/lib.rs:297:21
    |
297 |         if let Some(rem) = remaining {
    |                     ^^^ value moved here, in previous iteration of loop
...
316 |         if let Some(rem) = remaining {
    |                     --- value moved here, in previous iteration of loop
    |
    = note: move occurs because value has type `&mut u64`, which does not implement the `Copy` trait
help: borrow this binding in the pattern to avoid moving the value
    |
316 |         if let Some(ref rem) = remaining {
    |                     +++
help: borrow this binding in the pattern to avoid moving the value
    |
297 |         if let Some(ref rem) = remaining {
    |                     +++

error[E0382]: use of moved value
   --> src/lib.rs:316:21
    |
297 |         if let Some(rem) = remaining {
    |                     --- value moved here
...
316 |         if let Some(rem) = remaining {
    |                     ^^^ value used here after move
    |
    = note: move occurs because value has type `&mut u64`, which does not implement the `Copy` trait
help: borrow this binding in the pattern to avoid moving the value
    |
297 |         if let Some(ref rem) = remaining {
    |                     +++

For more information about this error, try `rustc --explain E0382`.
error: could not compile `hexdump` (lib) due to 7 previous errors
ninja: build stopped: subcommand failed.
Command failed (2): idf.py elf
Elf target failed for rhexdump; running `idf.py build` instead.
+ idf.py build
Executing action: all (aliases: build)
Running ninja in directory /home/tikhon/Документы/magnolia/applets/rust/rdd/build
Executing "ninja all"...
[0/2] Re-checking globbed directories...
[1/18] Generating project_elf_src_esp32s3.c
[2/18] Generating ../../partition_table/partition-table.bin
Partition table binary generated. Contents:
*******************************************************************************
# ESP-IDF Partition Table
# Name, Type, SubType, Offset, Size, Flags
nvs,data,nvs,0x9000,24K,
phy_init,data,phy,0xf000,4K,
factory,app,factory,0x10000,1M,
*******************************************************************************
[3/18] Creating directories for 'bootloader'
[4/18] No download step for 'bootloader'
[5/18] No update step for 'bootloader'
[6/18] No patch step for 'bootloader'
[7/18] Build Rust staticlib: /home/tikhon/Документы/magnolia/applets/rust/rdd/build/libdd.a
FAILED: libdd.a /home/tikhon/Документы/magnolia/applets/rust/rdd/build/libdd.a 
cd /home/tikhon/Документы/magnolia/applets/rust/rdd/build && /usr/bin/cmake -E env CARGO_TARGET_DIR=/home/tikhon/Документы/magnolia/applets/rust/rdd/build/rust_target bash -lc "set -euo pipefail;                  if [ -n \"/home/tikhon/export-esp.sh\" ] && [ -f \"/home/tikhon/export-esp.sh\" ]; then . \"/home/tikhon/export-esp.sh\" >/dev/null 2>&1; fi;                  RUSTFLAGS='-C panic=abort' cargo +esp build  --locked                    -Zbuild-std=core,alloc,compiler_builtins -Zbuild-std-features=compiler-builtins-mem                    --manifest-path '/home/tikhon/Документы/magnolia/applets/rust/rdd/rust/Cargo.toml' --release --target 'xtensa-esp32s3-none-elf'" && /usr/bin/cmake -E copy_if_different /home/tikhon/Документы/magnolia/applets/rust/rdd/build/rust_target/xtensa-esp32s3-none-elf/release/libdd.a /home/tikhon/Документы/magnolia/applets/rust/rdd/build/libdd.a && bash -lc "set -euo pipefail;                  tmp='/home/tikhon/Документы/magnolia/applets/rust/rdd/build/rust_fixup_dd';                  rm -rf \"\$tmp\"; mkdir -p \"\$tmp\";                  cd \"\$tmp\";                  '/home/tikhon/.espressif/tools/xtensa-esp-elf/esp-15.1.0_20250607/xtensa-esp-elf/bin/xtensa-esp32s3-elf-ar' x '/home/tikhon/Документы/magnolia/applets/rust/rdd/build/libdd.a';                  for obj in *.o; do                    [ -f \"\$obj\" ] || continue;                    for sec in \$(LC_ALL=C readelf -S -W \"\$obj\" | sed -n 's/^[[:space:]]*\\[[[:space:]]*[0-9]\\+\\][[:space:]]\\+\\([^ ]\\+\\).*/\\1/p'); do                      case \"\$sec\" in                        .literal*|.rodata*) '/home/tikhon/.espressif/tools/xtensa-esp-elf/esp-15.1.0_20250607/xtensa-esp-elf/bin/xtensa-esp32s3-elf-objcopy' --set-section-flags \"\$sec\"=alloc,load,contents,data \"\$obj\" || true ;;                      esac;                    done;                  done;                  '/home/tikhon/.espressif/tools/xtensa-esp-elf/esp-15.1.0_20250607/xtensa-esp-elf/bin/xtensa-esp32s3-elf-ar' rcs '/home/tikhon/Документы/magnolia/applets/rust/rdd/build/libdd.a' *.o"
   Compiling dd v0.1.0 (/home/tikhon/Документы/magnolia/applets/rust/rdd/rust)
error: cannot find macro `vec` in this scope
   --> src/lib.rs:293:20
    |
293 |     let mut obuf = vec![0u8; obs as usize];
    |                    ^^^
    |
help: consider importing this macro
    |
  5 + use alloc::vec;
    |

error: cannot find macro `vec` in this scope
   --> src/lib.rs:292:20
    |
292 |     let mut ibuf = vec![0u8; ibs as usize];
    |                    ^^^
    |
help: consider importing this macro
    |
  5 + use alloc::vec;
    |

error: cannot find macro `vec` in this scope
   --> src/lib.rs:125:17
    |
125 |     let zeros = vec![0u8; obs];
    |                 ^^^
    |
help: consider importing this macro
    |
  5 + use alloc::vec;
    |

error: cannot find macro `vec` in this scope
   --> src/lib.rs:100:19
    |
100 |     let mut buf = vec![0u8; ibs];
    |                   ^^^
    |
help: consider importing this macro
    |
  5 + use alloc::vec;
    |

error: could not compile `dd` (lib) due to 4 previous errors
Executing action: all (aliases: build)
Running ninja in directory /home/tikhon/Документы/magnolia/applets/rust/rhexdump/build
Executing "ninja all"...
[0/2] Re-checking globbed directories...
[1/18] Generating project_elf_src_esp32s3.c
[2/18] Generating ../../partition_table/partition-table.bin
Partition table binary generated. Contents:
*******************************************************************************
# ESP-IDF Partition Table
# Name, Type, SubType, Offset, Size, Flags
nvs,data,nvs,0x9000,24K,
phy_init,data,phy,0xf000,4K,
factory,app,factory,0x10000,1M,
*******************************************************************************
[3/18] Creating directories for 'bootloader'
[4/18] No download step for 'bootloader'
[5/18] No update step for 'bootloader'
[6/18] No patch step for 'bootloader'
[7/18] Build Rust staticlib: /home/tikhon/Документы/magnolia/applets/rust/rhexdump/build/libhexdump.a
FAILED: libhexdump.a /home/tikhon/Документы/magnolia/applets/rust/rhexdump/build/libhexdump.a 
cd /home/tikhon/Документы/magnolia/applets/rust/rhexdump/build && /usr/bin/cmake -E env CARGO_TARGET_DIR=/home/tikhon/Документы/magnolia/applets/rust/rhexdump/build/rust_target bash -lc "set -euo pipefail;                  if [ -n \"/home/tikhon/export-esp.sh\" ] && [ -f \"/home/tikhon/export-esp.sh\" ]; then . \"/home/tikhon/export-esp.sh\" >/dev/null 2>&1; fi;                  RUSTFLAGS='-C panic=abort' cargo +esp build  --locked                    -Zbuild-std=core,alloc,compiler_builtins -Zbuild-std-features=compiler-builtins-mem                    --manifest-path '/home/tikhon/Документы/magnolia/applets/rust/rhexdump/rust/Cargo.toml' --release --target 'xtensa-esp32s3-none-elf'" && /usr/bin/cmake -E copy_if_different /home/tikhon/Документы/magnolia/applets/rust/rhexdump/build/rust_target/xtensa-esp32s3-none-elf/release/libhexdump.a /home/tikhon/Документы/magnolia/applets/rust/rhexdump/build/libhexdump.a && bash -lc "set -euo pipefail;                  tmp='/home/tikhon/Документы/magnolia/applets/rust/rhexdump/build/rust_fixup_hexdump';                  rm -rf \"\$tmp\"; mkdir -p \"\$tmp\";                  cd \"\$tmp\";                  '/home/tikhon/.espressif/tools/xtensa-esp-elf/esp-15.1.0_20250607/xtensa-esp-elf/bin/xtensa-esp32s3-elf-ar' x '/home/tikhon/Документы/magnolia/applets/rust/rhexdump/build/libhexdump.a';                  for obj in *.o; do                    [ -f \"\$obj\" ] || continue;                    for sec in \$(LC_ALL=C readelf -S -W \"\$obj\" | sed -n 's/^[[:space:]]*\\[[[:space:]]*[0-9]\\+\\][[:space:]]\\+\\([^ ]\\+\\).*/\\1/p'); do                      case \"\$sec\" in                        .literal*|.rodata*) '/home/tikhon/.espressif/tools/xtensa-esp-elf/esp-15.1.0_20250607/xtensa-esp-elf/bin/xtensa-esp32s3-elf-objcopy' --set-section-flags \"\$sec\"=alloc,load,contents,data \"\$obj\" || true ;;                      esac;                    done;                  done;                  '/home/tikhon/.espressif/tools/xtensa-esp-elf/esp-15.1.0_20250607/xtensa-esp-elf/bin/xtensa-esp32s3-elf-ar' rcs '/home/tikhon/Документы/magnolia/applets/rust/rhexdump/build/libhexdump.a' *.o"
   Compiling hexdump v0.1.0 (/home/tikhon/Документы/magnolia/applets/rust/rhexdump/rust)
error: unknown byte escape: `b`
   --> src/lib.rs:139:12
    |
139 |         b'\b' => {
    |            ^ unknown byte escape
    |
    = help: for more information, visit <https://doc.rust-lang.org/reference/tokens.html#literals>

error: unknown byte escape: `f`
   --> src/lib.rs:143:12
    |
143 |         b'\f' => {
    |            ^ unknown byte escape
    |
    = help: for more information, visit <https://doc.rust-lang.org/reference/tokens.html#literals>

error: unknown byte escape: `v`
   --> src/lib.rs:147:12
    |
147 |         b'\v' => {
    |            ^ unknown byte escape
    |
    = help: for more information, visit <https://doc.rust-lang.org/reference/tokens.html#literals>

error: cannot find macro `format` in this scope
   --> src/lib.rs:232:37
    |
232 | ...                   let s = format!("{:0width$}", word, width = width);
    |                               ^^^^^^
    |
help: consider importing this macro
    |
  5 + use alloc::format;
    |

error: cannot find macro `format` in this scope
   --> src/lib.rs:176:36
    |
176 |                     line.push_str(&format!("{:02x} ", buf[i]));
    |                                    ^^^^^^
    |
help: consider importing this macro
    |
  5 + use alloc::format;
    |

error[E0382]: use of moved value
   --> src/lib.rs:297:21
    |
297 |         if let Some(rem) = remaining {
    |                     ^^^ value moved here, in previous iteration of loop
...
316 |         if let Some(rem) = remaining {
    |                     --- value moved here, in previous iteration of loop
    |
    = note: move occurs because value has type `&mut u64`, which does not implement the `Copy` trait
help: borrow this binding in the pattern to avoid moving the value
    |
316 |         if let Some(ref rem) = remaining {
    |                     +++
help: borrow this binding in the pattern to avoid moving the value
    |
297 |         if let Some(ref rem) = remaining {
    |                     +++

error[E0382]: use of moved value
   --> src/lib.rs:316:21
    |
297 |         if let Some(rem) = remaining {
    |                     --- value moved here
...
316 |         if let Some(rem) = remaining {
    |                     ^^^ value used here after move
    |
    = note: move occurs because value has type `&mut u64`, which does not implement the `Copy` trait
help: borrow this binding in the pattern to avoid moving the value
    |
297 |         if let Some(ref rem) = remaining {
    |                     +++

For more information about this error, try `rustc --explain E0382`.
error: could not compile `hexdump` (lib) due to 7 previous errors
[8/18] Performing configure step for 'bootloader'
-- Found Git: /usr/bin/git (found version "2.43.0") 
-- Minimal build - OFF
-- The C compiler identification is GNU 15.1.0
-- The CXX compiler identification is GNU 15.1.0
-- The ASM compiler identification is GNU
-- Found assembler: /home/tikhon/.espressif/tools/xtensa-esp-elf/esp-15.1.0_20250607/xtensa-esp-elf/bin/xtensa-esp32s3-elf-gcc
-- Detecting C compiler ABI info
-- Detecting C compiler ABI info - done
-- Check for working C compiler: /home/tikhon/.espressif/tools/xtensa-esp-elf/esp-15.1.0_20250607/xtensa-esp-elf/bin/xtensa-esp32s3-elf-gcc - skipped
-- Detecting C compile features
-- Detecting C compile features - done
-- Detecting CXX compiler ABI info
-- Detecting CXX compiler ABI info - done
-- Check for working CXX compiler: /home/tikhon/.espressif/tools/xtensa-esp-elf/esp-15.1.0_20250607/xtensa-esp-elf/bin/xtensa-esp32s3-elf-g++ - skipped
-- Detecting CXX compile features
-- Detecting CXX compile features - done
-- Building ESP-IDF components for target esp32s3
-- ESP-TEE is currently supported only on the esp32c6;esp32h2;esp32c5 SoCs
-- Project sdkconfig file /home/tikhon/Документы/magnolia/applets/rust/rdd/sdkconfig
info: Default value for ESP_PERIPH_CTRL_FUNC_IN_IRAM in sdkconfig is y but it is n according to Kconfig.
Using default value from sdkconfig (y).
info: Default value for GDMA_CTRL_FUNC_IN_IRAM in sdkconfig is y but it is n according to Kconfig.
Using default value from sdkconfig (y).
Configuration Report                                                            
 ────────────────────────────────────────────────────────────────────────────── 
   Parser Version: 1                                                            
   Verbosity: default                                                           
   Defaults policy: sdkconfig                                                   
   Status: Finished with notifications                                          
                                                                                
  Default Value Mismatch                                                        
   ──────────────────────────────────────────────────────────────────────────   
    Using sdkconfig default values                                              
    Choice symbols with different default selection between sdkconfig and       
    Kconfig                                                                     
    LIBC_STDOUT_LINE_ENDING: Kconfig default selection: choice                  
    deselected, sdkconfig default selection: LIBC_STDOUT_LINE_ENDING_CRLF       
    LIBC_STDIN_LINE_ENDING: Kconfig default selection: choice deselected,       
    sdkconfig default selection: LIBC_STDIN_LINE_ENDING_CR                      
   ──────────────────────────────────────────────────────────────────────────   
 ────────────────────────────────────────────────────────────────────────────── 
-- Compiler supported targets: xtensa-esp-elf
-- Adding linker script /home/tikhon/Документы/magnolia/esp-idf/components/soc/esp32s3/ld/esp32s3.peripherals.ld
-- Bootloader project name: "bootloader" version: 1
-- Adding linker script /home/tikhon/Документы/magnolia/esp-idf/components/esp_rom/esp32s3/ld/esp32s3.rom.ld
-- Adding linker script /home/tikhon/Документы/magnolia/esp-idf/components/esp_rom/esp32s3/ld/esp32s3.rom.api.ld
-- Adding linker script /home/tikhon/Документы/magnolia/esp-idf/components/esp_rom/esp32s3/ld/esp32s3.rom.bt_funcs.ld
-- Adding linker script /home/tikhon/Документы/magnolia/esp-idf/components/esp_rom/esp32s3/ld/esp32s3.rom.libgcc.ld
-- Adding linker script /home/tikhon/Документы/magnolia/esp-idf/components/esp_rom/esp32s3/ld/esp32s3.rom.wdt.ld
-- Adding linker script /home/tikhon/Документы/magnolia/esp-idf/components/esp_rom/esp32s3/ld/esp32s3.rom.version.ld
-- Adding linker script /home/tikhon/Документы/magnolia/esp-idf/components/esp_rom/esp32s3/ld/esp32s3.rom.libc.ld
-- Adding linker script /home/tikhon/Документы/magnolia/esp-idf/components/esp_rom/esp32s3/ld/esp32s3.rom.newlib.ld
-- Adding linker script /home/tikhon/Документы/magnolia/esp-idf/components/bootloader/subproject/main/ld/esp32s3/bootloader.rom.ld
-- Components: bootloader bootloader_support efuse esp_app_format esp_bootloader_format esp_common esp_hw_support esp_rom esp_system esptool_py freertos hal log main micro-ecc newlib partition_table soc spi_flash xtensa
-- Component paths: /home/tikhon/Документы/magnolia/esp-idf/components/bootloader /home/tikhon/Документы/magnolia/esp-idf/components/bootloader_support /home/tikhon/Документы/magnolia/esp-idf/components/efuse /home/tikhon/Документы/magnolia/esp-idf/components/esp_app_format /home/tikhon/Документы/magnolia/esp-idf/components/esp_bootloader_format /home/tikhon/Документы/magnolia/esp-idf/components/esp_common /home/tikhon/Документы/magnolia/esp-idf/components/esp_hw_support /home/tikhon/Документы/magnolia/esp-idf/components/esp_rom /home/tikhon/Документы/magnolia/esp-idf/components/esp_system /home/tikhon/Документы/magnolia/esp-idf/components/esptool_py /home/tikhon/Документы/magnolia/esp-idf/components/freertos /home/tikhon/Документы/magnolia/esp-idf/components/hal /home/tikhon/Документы/magnolia/esp-idf/components/log /home/tikhon/Документы/magnolia/esp-idf/components/bootloader/subproject/main /home/tikhon/Документы/magnolia/esp-idf/components/bootloader/subproject/components/micro-ecc /home/tikhon/Документы/magnolia/esp-idf/components/newlib /home/tikhon/Документы/magnolia/esp-idf/components/partition_table /home/tikhon/Документы/magnolia/esp-idf/components/soc /home/tikhon/Документы/magnolia/esp-idf/components/spi_flash /home/tikhon/Документы/magnolia/esp-idf/components/xtensa
-- Adding linker script /home/tikhon/Документы/magnolia/esp-idf/components/bootloader/subproject/main/ld/esp32s3/bootloader.ld
-- Configuring done (1.9s)
-- Generating done (0.0s)
-- Build files have been written to: /home/tikhon/Документы/magnolia/applets/rust/rdd/build/bootloader
[8/18] Performing configure step for 'bootloader'
-- Found Git: /usr/bin/git (found version "2.43.0") 
-- Minimal build - OFF
-- The C compiler identification is GNU 15.1.0
-- The CXX compiler identification is GNU 15.1.0
-- The ASM compiler identification is GNU
-- Found assembler: /home/tikhon/.espressif/tools/xtensa-esp-elf/esp-15.1.0_20250607/xtensa-esp-elf/bin/xtensa-esp32s3-elf-gcc
-- Detecting C compiler ABI info
-- Detecting C compiler ABI info - done
-- Check for working C compiler: /home/tikhon/.espressif/tools/xtensa-esp-elf/esp-15.1.0_20250607/xtensa-esp-elf/bin/xtensa-esp32s3-elf-gcc - skipped
-- Detecting C compile features
-- Detecting C compile features - done
-- Detecting CXX compiler ABI info
-- Detecting CXX compiler ABI info - done
-- Check for working CXX compiler: /home/tikhon/.espressif/tools/xtensa-esp-elf/esp-15.1.0_20250607/xtensa-esp-elf/bin/xtensa-esp32s3-elf-g++ - skipped
-- Detecting CXX compile features
-- Detecting CXX compile features - done
-- Building ESP-IDF components for target esp32s3
-- ESP-TEE is currently supported only on the esp32c6;esp32h2;esp32c5 SoCs
-- Project sdkconfig file /home/tikhon/Документы/magnolia/applets/rust/rhexdump/sdkconfig
info: Default value for ESP_PERIPH_CTRL_FUNC_IN_IRAM in sdkconfig is y but it is n according to Kconfig.
Using default value from sdkconfig (y).
info: Default value for GDMA_CTRL_FUNC_IN_IRAM in sdkconfig is y but it is n according to Kconfig.
Using default value from sdkconfig (y).
Configuration Report                                                            
 ────────────────────────────────────────────────────────────────────────────── 
   Parser Version: 1                                                            
   Verbosity: default                                                           
   Defaults policy: sdkconfig                                                   
   Status: Finished with notifications                                          
                                                                                
  Default Value Mismatch                                                        
   ──────────────────────────────────────────────────────────────────────────   
    Using sdkconfig default values                                              
    Choice symbols with different default selection between sdkconfig and       
    Kconfig                                                                     
    LIBC_STDOUT_LINE_ENDING: Kconfig default selection: choice                  
    deselected, sdkconfig default selection: LIBC_STDOUT_LINE_ENDING_CRLF       
    LIBC_STDIN_LINE_ENDING: Kconfig default selection: choice deselected,       
    sdkconfig default selection: LIBC_STDIN_LINE_ENDING_CR                      
   ──────────────────────────────────────────────────────────────────────────   
 ────────────────────────────────────────────────────────────────────────────── 
-- Compiler supported targets: xtensa-esp-elf
-- Adding linker script /home/tikhon/Документы/magnolia/esp-idf/components/soc/esp32s3/ld/esp32s3.peripherals.ld
-- Bootloader project name: "bootloader" version: 1
-- Adding linker script /home/tikhon/Документы/magnolia/esp-idf/components/esp_rom/esp32s3/ld/esp32s3.rom.ld
-- Adding linker script /home/tikhon/Документы/magnolia/esp-idf/components/esp_rom/esp32s3/ld/esp32s3.rom.api.ld
-- Adding linker script /home/tikhon/Документы/magnolia/esp-idf/components/esp_rom/esp32s3/ld/esp32s3.rom.bt_funcs.ld
-- Adding linker script /home/tikhon/Документы/magnolia/esp-idf/components/esp_rom/esp32s3/ld/esp32s3.rom.libgcc.ld
-- Adding linker script /home/tikhon/Документы/magnolia/esp-idf/components/esp_rom/esp32s3/ld/esp32s3.rom.wdt.ld
-- Adding linker script /home/tikhon/Документы/magnolia/esp-idf/components/esp_rom/esp32s3/ld/esp32s3.rom.version.ld
-- Adding linker script /home/tikhon/Документы/magnolia/esp-idf/components/esp_rom/esp32s3/ld/esp32s3.rom.libc.ld
-- Adding linker script /home/tikhon/Документы/magnolia/esp-idf/components/esp_rom/esp32s3/ld/esp32s3.rom.newlib.ld
-- Adding linker script /home/tikhon/Документы/magnolia/esp-idf/components/bootloader/subproject/main/ld/esp32s3/bootloader.rom.ld
-- Components: bootloader bootloader_support efuse esp_app_format esp_bootloader_format esp_common esp_hw_support esp_rom esp_system esptool_py freertos hal log main micro-ecc newlib partition_table soc spi_flash xtensa
-- Component paths: /home/tikhon/Документы/magnolia/esp-idf/components/bootloader /home/tikhon/Документы/magnolia/esp-idf/components/bootloader_support /home/tikhon/Документы/magnolia/esp-idf/components/efuse /home/tikhon/Документы/magnolia/esp-idf/components/esp_app_format /home/tikhon/Документы/magnolia/esp-idf/components/esp_bootloader_format /home/tikhon/Документы/magnolia/esp-idf/components/esp_common /home/tikhon/Документы/magnolia/esp-idf/components/esp_hw_support /home/tikhon/Документы/magnolia/esp-idf/components/esp_rom /home/tikhon/Документы/magnolia/esp-idf/components/esp_system /home/tikhon/Документы/magnolia/esp-idf/components/esptool_py /home/tikhon/Документы/magnolia/esp-idf/components/freertos /home/tikhon/Документы/magnolia/esp-idf/components/hal /home/tikhon/Документы/magnolia/esp-idf/components/log /home/tikhon/Документы/magnolia/esp-idf/components/bootloader/subproject/main /home/tikhon/Документы/magnolia/esp-idf/components/bootloader/subproject/components/micro-ecc /home/tikhon/Документы/magnolia/esp-idf/components/newlib /home/tikhon/Документы/magnolia/esp-idf/components/partition_table /home/tikhon/Документы/magnolia/esp-idf/components/soc /home/tikhon/Документы/magnolia/esp-idf/components/spi_flash /home/tikhon/Документы/magnolia/esp-idf/components/xtensa
-- Adding linker script /home/tikhon/Документы/magnolia/esp-idf/components/bootloader/subproject/main/ld/esp32s3/bootloader.ld
-- Configuring done (1.9s)
-- Generating done (0.0s)
-- Build files have been written to: /home/tikhon/Документы/magnolia/applets/rust/rhexdump/build/bootloader
[1049/1053] Build Rust staticlib: /home/tikhon/Документы/magnolia/applets/rust/rxxd/build/libxxd.a
FAILED: libxxd.a /home/tikhon/Документы/magnolia/applets/rust/rxxd/build/libxxd.a 
cd /home/tikhon/Документы/magnolia/applets/rust/rxxd/build && /usr/bin/cmake -E env CARGO_TARGET_DIR=/home/tikhon/Документы/magnolia/applets/rust/rxxd/build/rust_target bash -lc "set -euo pipefail;                  if [ -n \"/home/tikhon/export-esp.sh\" ] && [ -f \"/home/tikhon/export-esp.sh\" ]; then . \"/home/tikhon/export-esp.sh\" >/dev/null 2>&1; fi;                  RUSTFLAGS='-C panic=abort' cargo +esp build                      -Zbuild-std=core,alloc,compiler_builtins -Zbuild-std-features=compiler-builtins-mem                    --manifest-path '/home/tikhon/Документы/magnolia/applets/rust/rxxd/rust/Cargo.toml' --release --target 'xtensa-esp32s3-none-elf'" && /usr/bin/cmake -E copy_if_different /home/tikhon/Документы/magnolia/applets/rust/rxxd/build/rust_target/xtensa-esp32s3-none-elf/release/libxxd.a /home/tikhon/Документы/magnolia/applets/rust/rxxd/build/libxxd.a && bash -lc "set -euo pipefail;                  tmp='/home/tikhon/Документы/magnolia/applets/rust/rxxd/build/rust_fixup_xxd';                  rm -rf \"\$tmp\"; mkdir -p \"\$tmp\";                  cd \"\$tmp\";                  '/home/tikhon/.espressif/tools/xtensa-esp-elf/esp-15.1.0_20250607/xtensa-esp-elf/bin/xtensa-esp32s3-elf-ar' x '/home/tikhon/Документы/magnolia/applets/rust/rxxd/build/libxxd.a';                  for obj in *.o; do                    [ -f \"\$obj\" ] || continue;                    for sec in \$(LC_ALL=C readelf -S -W \"\$obj\" | sed -n 's/^[[:space:]]*\\[[[:space:]]*[0-9]\\+\\][[:space:]]\\+\\([^ ]\\+\\).*/\\1/p'); do                      case \"\$sec\" in                        .literal*|.rodata*) '/home/tikhon/.espressif/tools/xtensa-esp-elf/esp-15.1.0_20250607/xtensa-esp-elf/bin/xtensa-esp32s3-elf-objcopy' --set-section-flags \"\$sec\"=alloc,load,contents,data \"\$obj\" || true ;;                      esac;                    done;                  done;                  '/home/tikhon/.espressif/tools/xtensa-esp-elf/esp-15.1.0_20250607/xtensa-esp-elf/bin/xtensa-esp32s3-elf-ar' rcs '/home/tikhon/Документы/magnolia/applets/rust/rxxd/build/libxxd.a' *.o"
     Locking 2 packages to latest compatible versions
   Compiling compiler_builtins v0.1.160 (/home/tikhon/.rustup/toolchains/esp/lib/rustlib/src/rust/library/compiler-builtins/compiler-builtins)
   Compiling core v0.0.0 (/home/tikhon/.rustup/toolchains/esp/lib/rustlib/src/rust/library/core)
   Compiling alloc v0.0.0 (/home/tikhon/.rustup/toolchains/esp/lib/rustlib/src/rust/library/alloc)
   Compiling magnolia-applet-sys v0.1.0 (/home/tikhon/Документы/magnolia/sdk/rust/magnolia-applet-sys)
   Compiling magnolia-applet v0.1.0 (/home/tikhon/Документы/magnolia/sdk/rust/magnolia-applet)
   Compiling xxd v0.1.0 (/home/tikhon/Документы/magnolia/applets/rust/rxxd/rust)
error: cannot find macro `format` in this scope
   --> src/lib.rs:234:28
    |
234 |             line.push_str(&format!("{:08x}: ", offset));
    |                            ^^^^^^
    |
help: consider importing this macro
    |
  5 + use alloc::format;
    |

error: cannot find macro `vec` in this scope
   --> src/lib.rs:210:19
    |
210 |     let mut buf = vec![0u8; columns.max(1)];
    |                   ^^^
    |
help: consider importing this macro
    |
  5 + use alloc::vec;
    |

error: could not compile `xxd` (lib) due to 2 previous errors
ninja: build stopped: subcommand failed.
Command failed (2): idf.py elf
Elf target failed for rxxd; running `idf.py build` instead.
+ idf.py build
Executing action: all (aliases: build)
Running ninja in directory /home/tikhon/Документы/magnolia/applets/rust/rxxd/build
Executing "ninja all"...
[0/2] Re-checking globbed directories...
[1/18] Generating project_elf_src_esp32s3.c
[2/18] Generating ../../partition_table/partition-table.bin
Partition table binary generated. Contents:
*******************************************************************************
# ESP-IDF Partition Table
# Name, Type, SubType, Offset, Size, Flags
nvs,data,nvs,0x9000,24K,
phy_init,data,phy,0xf000,4K,
factory,app,factory,0x10000,1M,
*******************************************************************************
[3/18] Creating directories for 'bootloader'
[4/18] No download step for 'bootloader'
[5/18] No update step for 'bootloader'
[6/18] No patch step for 'bootloader'
[7/18] Build Rust staticlib: /home/tikhon/Документы/magnolia/applets/rust/rxxd/build/libxxd.a
FAILED: libxxd.a /home/tikhon/Документы/magnolia/applets/rust/rxxd/build/libxxd.a 
cd /home/tikhon/Документы/magnolia/applets/rust/rxxd/build && /usr/bin/cmake -E env CARGO_TARGET_DIR=/home/tikhon/Документы/magnolia/applets/rust/rxxd/build/rust_target bash -lc "set -euo pipefail;                  if [ -n \"/home/tikhon/export-esp.sh\" ] && [ -f \"/home/tikhon/export-esp.sh\" ]; then . \"/home/tikhon/export-esp.sh\" >/dev/null 2>&1; fi;                  RUSTFLAGS='-C panic=abort' cargo +esp build                      -Zbuild-std=core,alloc,compiler_builtins -Zbuild-std-features=compiler-builtins-mem                    --manifest-path '/home/tikhon/Документы/magnolia/applets/rust/rxxd/rust/Cargo.toml' --release --target 'xtensa-esp32s3-none-elf'" && /usr/bin/cmake -E copy_if_different /home/tikhon/Документы/magnolia/applets/rust/rxxd/build/rust_target/xtensa-esp32s3-none-elf/release/libxxd.a /home/tikhon/Документы/magnolia/applets/rust/rxxd/build/libxxd.a && bash -lc "set -euo pipefail;                  tmp='/home/tikhon/Документы/magnolia/applets/rust/rxxd/build/rust_fixup_xxd';                  rm -rf \"\$tmp\"; mkdir -p \"\$tmp\";                  cd \"\$tmp\";                  '/home/tikhon/.espressif/tools/xtensa-esp-elf/esp-15.1.0_20250607/xtensa-esp-elf/bin/xtensa-esp32s3-elf-ar' x '/home/tikhon/Документы/magnolia/applets/rust/rxxd/build/libxxd.a';                  for obj in *.o; do                    [ -f \"\$obj\" ] || continue;                    for sec in \$(LC_ALL=C readelf -S -W \"\$obj\" | sed -n 's/^[[:space:]]*\\[[[:space:]]*[0-9]\\+\\][[:space:]]\\+\\([^ ]\\+\\).*/\\1/p'); do                      case \"\$sec\" in                        .literal*|.rodata*) '/home/tikhon/.espressif/tools/xtensa-esp-elf/esp-15.1.0_20250607/xtensa-esp-elf/bin/xtensa-esp32s3-elf-objcopy' --set-section-flags \"\$sec\"=alloc,load,contents,data \"\$obj\" || true ;;                      esac;                    done;                  done;                  '/home/tikhon/.espressif/tools/xtensa-esp-elf/esp-15.1.0_20250607/xtensa-esp-elf/bin/xtensa-esp32s3-elf-ar' rcs '/home/tikhon/Документы/magnolia/applets/rust/rxxd/build/libxxd.a' *.o"
   Compiling xxd v0.1.0 (/home/tikhon/Документы/magnolia/applets/rust/rxxd/rust)
error: cannot find macro `format` in this scope
   --> src/lib.rs:234:28
    |
234 |             line.push_str(&format!("{:08x}: ", offset));
    |                            ^^^^^^
    |
help: consider importing this macro
    |
  5 + use alloc::format;
    |

error: cannot find macro `vec` in this scope
   --> src/lib.rs:210:19
    |
210 |     let mut buf = vec![0u8; columns.max(1)];
    |                   ^^^
    |
help: consider importing this macro
    |
  5 + use alloc::vec;
    |

error: could not compile `xxd` (lib) due to 2 previous errors
[9/18] Generating esp-idf/esp_system/ld/sections.ld
ninja: build stopped: subcommand failed.
Command failed (2): idf.py build
Skipping failed applet build: rdd
[9/18] Generating esp-idf/esp_system/ld/sections.ld
ninja: build stopped: subcommand failed.
Command failed (2): idf.py build
Skipping failed applet build: rhexdump
[8/18] Performing configure step for 'bootloader'
-- Found Git: /usr/bin/git (found version "2.43.0") 
-- Minimal build - OFF
-- The C compiler identification is GNU 15.1.0
-- The CXX compiler identification is GNU 15.1.0
-- The ASM compiler identification is GNU
-- Found assembler: /home/tikhon/.espressif/tools/xtensa-esp-elf/esp-15.1.0_20250607/xtensa-esp-elf/bin/xtensa-esp32s3-elf-gcc
-- Detecting C compiler ABI info
-- Detecting C compiler ABI info - done
-- Check for working C compiler: /home/tikhon/.espressif/tools/xtensa-esp-elf/esp-15.1.0_20250607/xtensa-esp-elf/bin/xtensa-esp32s3-elf-gcc - skipped
-- Detecting C compile features
-- Detecting C compile features - done
-- Detecting CXX compiler ABI info
-- Detecting CXX compiler ABI info - done
-- Check for working CXX compiler: /home/tikhon/.espressif/tools/xtensa-esp-elf/esp-15.1.0_20250607/xtensa-esp-elf/bin/xtensa-esp32s3-elf-g++ - skipped
-- Detecting CXX compile features
-- Detecting CXX compile features - done
-- Building ESP-IDF components for target esp32s3
-- ESP-TEE is currently supported only on the esp32c6;esp32h2;esp32c5 SoCs
-- Project sdkconfig file /home/tikhon/Документы/magnolia/applets/rust/rxxd/sdkconfig
info: Default value for ESP_PERIPH_CTRL_FUNC_IN_IRAM in sdkconfig is y but it is n according to Kconfig.
Using default value from sdkconfig (y).
info: Default value for GDMA_CTRL_FUNC_IN_IRAM in sdkconfig is y but it is n according to Kconfig.
Using default value from sdkconfig (y).
Configuration Report                                                            
 ────────────────────────────────────────────────────────────────────────────── 
   Parser Version: 1                                                            
   Verbosity: default                                                           
   Defaults policy: sdkconfig                                                   
   Status: Finished with notifications                                          
                                                                                
  Default Value Mismatch                                                        
   ──────────────────────────────────────────────────────────────────────────   
    Using sdkconfig default values                                              
    Choice symbols with different default selection between sdkconfig and       
    Kconfig                                                                     
    LIBC_STDOUT_LINE_ENDING: Kconfig default selection: choice                  
    deselected, sdkconfig default selection: LIBC_STDOUT_LINE_ENDING_CRLF       
    LIBC_STDIN_LINE_ENDING: Kconfig default selection: choice deselected,       
    sdkconfig default selection: LIBC_STDIN_LINE_ENDING_CR                      
   ──────────────────────────────────────────────────────────────────────────   
 ────────────────────────────────────────────────────────────────────────────── 
-- Compiler supported targets: xtensa-esp-elf
-- Adding linker script /home/tikhon/Документы/magnolia/esp-idf/components/soc/esp32s3/ld/esp32s3.peripherals.ld
-- Bootloader project name: "bootloader" version: 1
-- Adding linker script /home/tikhon/Документы/magnolia/esp-idf/components/esp_rom/esp32s3/ld/esp32s3.rom.ld
-- Adding linker script /home/tikhon/Документы/magnolia/esp-idf/components/esp_rom/esp32s3/ld/esp32s3.rom.api.ld
-- Adding linker script /home/tikhon/Документы/magnolia/esp-idf/components/esp_rom/esp32s3/ld/esp32s3.rom.bt_funcs.ld
-- Adding linker script /home/tikhon/Документы/magnolia/esp-idf/components/esp_rom/esp32s3/ld/esp32s3.rom.libgcc.ld
-- Adding linker script /home/tikhon/Документы/magnolia/esp-idf/components/esp_rom/esp32s3/ld/esp32s3.rom.wdt.ld
-- Adding linker script /home/tikhon/Документы/magnolia/esp-idf/components/esp_rom/esp32s3/ld/esp32s3.rom.version.ld
-- Adding linker script /home/tikhon/Документы/magnolia/esp-idf/components/esp_rom/esp32s3/ld/esp32s3.rom.libc.ld
-- Adding linker script /home/tikhon/Документы/magnolia/esp-idf/components/esp_rom/esp32s3/ld/esp32s3.rom.newlib.ld
-- Adding linker script /home/tikhon/Документы/magnolia/esp-idf/components/bootloader/subproject/main/ld/esp32s3/bootloader.rom.ld
-- Components: bootloader bootloader_support efuse esp_app_format esp_bootloader_format esp_common esp_hw_support esp_rom esp_system esptool_py freertos hal log main micro-ecc newlib partition_table soc spi_flash xtensa
-- Component paths: /home/tikhon/Документы/magnolia/esp-idf/components/bootloader /home/tikhon/Документы/magnolia/esp-idf/components/bootloader_support /home/tikhon/Документы/magnolia/esp-idf/components/efuse /home/tikhon/Документы/magnolia/esp-idf/components/esp_app_format /home/tikhon/Документы/magnolia/esp-idf/components/esp_bootloader_format /home/tikhon/Документы/magnolia/esp-idf/components/esp_common /home/tikhon/Документы/magnolia/esp-idf/components/esp_hw_support /home/tikhon/Документы/magnolia/esp-idf/components/esp_rom /home/tikhon/Документы/magnolia/esp-idf/components/esp_system /home/tikhon/Документы/magnolia/esp-idf/components/esptool_py /home/tikhon/Документы/magnolia/esp-idf/components/freertos /home/tikhon/Документы/magnolia/esp-idf/components/hal /home/tikhon/Документы/magnolia/esp-idf/components/log /home/tikhon/Документы/magnolia/esp-idf/components/bootloader/subproject/main /home/tikhon/Документы/magnolia/esp-idf/components/bootloader/subproject/components/micro-ecc /home/tikhon/Документы/magnolia/esp-idf/components/newlib /home/tikhon/Документы/magnolia/esp-idf/components/partition_table /home/tikhon/Документы/magnolia/esp-idf/components/soc /home/tikhon/Документы/magnolia/esp-idf/components/spi_flash /home/tikhon/Документы/magnolia/esp-idf/components/xtensa
-- Adding linker script /home/tikhon/Документы/magnolia/esp-idf/components/bootloader/subproject/main/ld/esp32s3/bootloader.ld
-- Configuring done (1.8s)
-- Generating done (0.0s)
-- Build files have been written to: /home/tikhon/Документы/magnolia/applets/rust/rxxd/build/bootloader
[9/18] Generating esp-idf/esp_system/ld/sections.ld
ninja: build stopped: subcommand failed.
Command failed (2): idf.py build
Skipping failed applet build: rxxd
+ /home/tikhon/Документы/magnolia/build/littlefs_mkimage create /home/tikhon/Документы/magnolia/rootfs /home/tikhon/Документы/magnolia/build/vfs.bin --block-size=4096 --fs-size=2097152 --read-size=128 --prog-size=128 --cache-size=512 --lookahead-size=64
LittleFS image OK size=2097152 -> /home/tikhon/Документы/magnolia/build/vfs.bin
bash -lc 'source esp-idf/export.sh >/dev/null 2>&1 && python3 tools/applets.py build  '
Building applet cat -> cat ...
Building applet cd -> cd ...
Building applet chmod -> chmod ...
Building applet chown -> chown ...
+ idf.py elf
+ idf.py elf
Building applet cp -> cp ...
+ idf.py elf
Building applet cut -> cut ...
+ idf.py elf
Building applet date -> date ...
Building applet dd -> dd ...
Building applet df -> df ...
+ idf.py elf
Building applet du -> du ...
Building applet echo -> echo ...
Building applet elftest -> elftest ...
+ idf.py elf
+ idf.py elf
Building applet false -> false ...
Building applet free -> free ...
+ idf.py elf
+ idf.py elf
Building applet head -> head ...
Building applet env -> env ...
+ idf.py elf
Reconfiguring applet free (cmake inputs changed)
+ idf.py reconfigure
Reconfiguring applet elftest (cmake inputs changed)
+ idf.py reconfigure
+ idf.py elf
+ idf.py elf
+ idf.py elf
+ idf.py elf
Executing action: elf
Running ninja in directory /home/tikhon/Документы/magnolia/applets/mainline/cat/build
Executing "ninja elf"...
[1/1] Build ELF: cat.app.elf
Executing action: elf
Running ninja in directory /home/tikhon/Документы/magnolia/applets/mainline/chmod/build
Executing "ninja elf"...
[1/1] Build ELF: chmod.app.elf
Executing action: reconfigure
Running cmake in directory /home/tikhon/Документы/magnolia/applets/mainline/free/build
Executing "cmake -G Ninja -DPYTHON_DEPS_CHECKED=1 -DPYTHON=/home/tikhon/.espressif/python_env/idf6.0_py3.12_env/bin/python -DESP_PLATFORM=1 -DCCACHE_ENABLE=0 /home/tikhon/Документы/magnolia/applets/mainline/free"...
-- Found Git: /usr/bin/git (found version "2.43.0") 
Executing action: reconfigure
Running cmake in directory /home/tikhon/Документы/magnolia/applets/mainline/elftest/build
Executing "cmake -G Ninja -DPYTHON_DEPS_CHECKED=1 -DPYTHON=/home/tikhon/.espressif/python_env/idf6.0_py3.12_env/bin/python -DESP_PLATFORM=1 -DCCACHE_ENABLE=0 /home/tikhon/Документы/magnolia/applets/mainline/elftest"...
-- Found Git: /usr/bin/git (found version "2.43.0") 
Executing action: elf
Running ninja in directory /home/tikhon/Документы/magnolia/applets/mainline/cp/build
Executing "ninja elf"...
[1/1] Build ELF: cp.app.elf
Executing action: elf
Running ninja in directory /home/tikhon/Документы/magnolia/applets/mainline/echo/build
Executing "ninja elf"...
[1/1] Build ELF: echo.app.elf
Executing action: elf
Running ninja in directory /home/tikhon/Документы/magnolia/applets/mainline/df/build
Executing "ninja elf"...
[1/1] Build ELF: df.app.elf
Executing action: elf
Running ninja in directory /home/tikhon/Документы/magnolia/applets/mainline/env/build
Executing "ninja elf"...
[1/1] Build ELF: env.app.elf
Executing action: elf
Running ninja in directory /home/tikhon/Документы/magnolia/applets/mainline/cut/build
Executing "ninja elf"...
[1/1] Build ELF: cut.app.elf
Applet cat OK -> /home/tikhon/Документы/magnolia/rootfs/bin/cat
Building applet hexdump -> hexdump ...
+ idf.py elf
Executing action: elf
Running ninja in directory /home/tikhon/Документы/magnolia/applets/mainline/date/build
Executing "ninja elf"...
[1/1] Build ELF: date.app.elf
Applet cp OK -> /home/tikhon/Документы/magnolia/rootfs/bin/cp
Building applet init -> init ...
+ idf.py elf
Executing action: elf
Running ninja in directory /home/tikhon/Документы/magnolia/applets/mainline/dd/build
Executing "ninja elf"...
[1/1] Build ELF: dd.app.elf
Executing action: elf
Running ninja in directory /home/tikhon/Документы/magnolia/applets/mainline/head/build
Executing "ninja elf"...
[1/1] Build ELF: head.app.elf
Executing action: elf
Running ninja in directory /home/tikhon/Документы/magnolia/applets/mainline/false/build
Executing "ninja elf"...
[1/1] Build ELF: false.app.elf
Applet chmod OK -> /home/tikhon/Документы/magnolia/rootfs/bin/chmod
Building applet kill -> kill ...
+ idf.py elf
Executing action: elf
Running ninja in directory /home/tikhon/Документы/magnolia/applets/mainline/cd/build
Executing "ninja elf"...
[1/1] Build ELF: cd.app.elf
Executing action: elf
Running ninja in directory /home/tikhon/Документы/magnolia/applets/mainline/chown/build
Executing "ninja elf"...
[1/1] Build ELF: chown.app.elf
Applet df OK -> /home/tikhon/Документы/magnolia/rootfs/bin/df
Building applet ln -> ln ...
+ idf.py elf
Applet echo OK -> /home/tikhon/Документы/magnolia/rootfs/bin/echo
Building applet login -> login ...
+ idf.py elf
Applet env OK -> /home/tikhon/Документы/magnolia/rootfs/bin/env
Building applet ls -> ls ...
+ idf.py elf
Executing action: elf
Running ninja in directory /home/tikhon/Документы/magnolia/applets/mainline/du/build
Executing "ninja elf"...
[1/1] Build ELF: du.app.elf
Applet cut OK -> /home/tikhon/Документы/magnolia/rootfs/bin/cut
Building applet medit -> medit ...
+ idf.py elf
Applet date OK -> /home/tikhon/Документы/magnolia/rootfs/bin/date
Building applet mkdir -> mkdir ...
+ idf.py elf
Applet head OK -> /home/tikhon/Документы/magnolia/rootfs/bin/head
Applet dd OK -> /home/tikhon/Документы/magnolia/rootfs/bin/dd
Building applet ps -> ps ...
Building applet mv -> mv ...
+ idf.py elf
+ idf.py elf
Applet false OK -> /home/tikhon/Документы/magnolia/rootfs/bin/false
Building applet pwd -> pwd ...
+ idf.py elf
Applet cd OK -> /home/tikhon/Документы/magnolia/rootfs/bin/cd
Building applet rm -> rm ...
+ idf.py elf
Applet chown OK -> /home/tikhon/Документы/magnolia/rootfs/bin/chown
Building applet sh -> sh ...
+ idf.py elf
Applet du OK -> /home/tikhon/Документы/magnolia/rootfs/bin/du
Building applet shell -> shell ...
+ idf.py elf
-- Minimal build - OFF
-- Minimal build - OFF
-- The C compiler identification is GNU 15.1.0
-- The C compiler identification is GNU 15.1.0
-- The CXX compiler identification is GNU 15.1.0
-- The CXX compiler identification is GNU 15.1.0
-- The ASM compiler identification is GNU
-- Found assembler: /home/tikhon/.espressif/tools/xtensa-esp-elf/esp-15.1.0_20250607/xtensa-esp-elf/bin/xtensa-esp32s3-elf-gcc
-- The ASM compiler identification is GNU
-- Found assembler: /home/tikhon/.espressif/tools/xtensa-esp-elf/esp-15.1.0_20250607/xtensa-esp-elf/bin/xtensa-esp32s3-elf-gcc
-- Detecting C compiler ABI info
-- Detecting C compiler ABI info
-- Detecting C compiler ABI info - done
Executing action: elf
Running ninja in directory /home/tikhon/Документы/magnolia/applets/mainline/hexdump/build
Executing "ninja elf"...
[1/1] Build ELF: hexdump.app.elf
-- Detecting C compiler ABI info - done
-- Check for working C compiler: /home/tikhon/.espressif/tools/xtensa-esp-elf/esp-15.1.0_20250607/xtensa-esp-elf/bin/xtensa-esp32s3-elf-gcc - skipped
-- Detecting C compile features
-- Detecting C compile features - done
-- Check for working C compiler: /home/tikhon/.espressif/tools/xtensa-esp-elf/esp-15.1.0_20250607/xtensa-esp-elf/bin/xtensa-esp32s3-elf-gcc - skipped
-- Detecting C compile features
-- Detecting C compile features - done
-- Detecting CXX compiler ABI info
-- Detecting CXX compiler ABI info
Executing action: elf
Running ninja in directory /home/tikhon/Документы/magnolia/applets/mainline/init/build
Executing "ninja elf"...
[1/1] Build ELF: init.app.elf
Executing action: elf
Running ninja in directory /home/tikhon/Документы/magnolia/applets/mainline/medit/build
Executing "ninja elf"...
[1/1] Build ELF: medit.app.elf
Executing action: elf
Running ninja in directory /home/tikhon/Документы/magnolia/applets/mainline/kill/build
Executing "ninja elf"...
[1/1] Build ELF: kill.app.elf
Executing action: elf
Running ninja in directory /home/tikhon/Документы/magnolia/applets/mainline/ls/build
Executing "ninja elf"...
[1/1] Build ELF: ls.app.elf
Executing action: elf
Running ninja in directory /home/tikhon/Документы/magnolia/applets/mainline/mkdir/build
Executing "ninja elf"...
[1/1] Build ELF: mkdir.app.elf
Executing action: elf
Running ninja in directory /home/tikhon/Документы/magnolia/applets/mainline/login/build
Executing "ninja elf"...
[1/1] Build ELF: login.app.elf
-- Detecting CXX compiler ABI info - done
Executing action: elf
Running ninja in directory /home/tikhon/Документы/magnolia/applets/mainline/ln/build
Executing "ninja elf"...
[1/1] Build ELF: ln.app.elf
-- Detecting CXX compiler ABI info - done
-- Check for working CXX compiler: /home/tikhon/.espressif/tools/xtensa-esp-elf/esp-15.1.0_20250607/xtensa-esp-elf/bin/xtensa-esp32s3-elf-g++ - skipped
-- Detecting CXX compile features
-- Detecting CXX compile features - done
-- Check for working CXX compiler: /home/tikhon/.espressif/tools/xtensa-esp-elf/esp-15.1.0_20250607/xtensa-esp-elf/bin/xtensa-esp32s3-elf-g++ - skipped
-- Detecting CXX compile features
-- Detecting CXX compile features - done
-- Building ESP-IDF components for target esp32s3
-- Building ESP-IDF components for target esp32s3
Executing action: elf
Running ninja in directory /home/tikhon/Документы/magnolia/applets/mainline/mv/build
Executing "ninja elf"...
[1/1] Build ELF: mv.app.elf
Applet hexdump OK -> /home/tikhon/Документы/magnolia/rootfs/bin/hexdump
Building applet sleep -> sleep ...
+ idf.py elf
Applet init OK -> /home/tikhon/Документы/magnolia/rootfs/bin/init
Building applet sort -> sort ...
+ idf.py elf
Applet mkdir OK -> /home/tikhon/Документы/magnolia/rootfs/bin/mkdir
Building applet tail -> tail ...
+ idf.py elf
Applet medit OK -> /home/tikhon/Документы/magnolia/rootfs/bin/medit
Building applet tee -> tee ...
+ idf.py elf
Executing action: elf
Running ninja in directory /home/tikhon/Документы/magnolia/applets/mainline/ps/build
Executing "ninja elf"...
[1/1] Build ELF: ps.app.elf
Applet login OK -> /home/tikhon/Документы/magnolia/rootfs/bin/login
Building applet test -> test ...
+ idf.py elf
Applet ls OK -> /home/tikhon/Документы/magnolia/rootfs/bin/ls
Building applet touch -> touch ...
+ idf.py elf
Applet kill OK -> /home/tikhon/Документы/magnolia/rootfs/bin/kill
Building applet tr -> tr ...
+ idf.py elf
Executing action: elf
Running ninja in directory /home/tikhon/Документы/magnolia/applets/mainline/sh/build
Executing "ninja elf"...
[1/1] Build ELF: sh.app.elf
Executing action: elf
Running ninja in directory /home/tikhon/Документы/magnolia/applets/mainline/rm/build
Executing "ninja elf"...
[1/1] Build ELF: rm.app.elf
Executing action: elf
Running ninja in directory /home/tikhon/Документы/magnolia/applets/mainline/pwd/build
Executing "ninja elf"...
[1/1] Build ELF: pwd.app.elf
Applet ln OK -> /home/tikhon/Документы/magnolia/rootfs/bin/ln
Building applet true -> true ...
+ idf.py elf
Executing action: elf
Running ninja in directory /home/tikhon/Документы/magnolia/applets/mainline/shell/build
Executing "ninja elf"...
[1/1] Build ELF: shell.app.elf
Applet mv OK -> /home/tikhon/Документы/magnolia/rootfs/bin/mv
Building applet uname -> uname ...
+ idf.py elf
Applet ps OK -> /home/tikhon/Документы/magnolia/rootfs/bin/ps
Building applet user -> user ...
+ idf.py elf
Applet pwd OK -> /home/tikhon/Документы/magnolia/rootfs/bin/pwd
Building applet vi -> vi ...
+ idf.py elf
Applet sh OK -> /home/tikhon/Документы/magnolia/rootfs/bin/sh
Building applet xxd -> xxd ...
+ idf.py elf
Applet rm OK -> /home/tikhon/Документы/magnolia/rootfs/bin/rm
Building applet echo -> goecho ...
+ idf.py elf
Applet shell OK -> /home/tikhon/Документы/magnolia/rootfs/bin/shell
Building applet false -> gofalse ...
+ idf.py elf
-- ESP-TEE is currently supported only on the esp32c6;esp32h2;esp32c5 SoCs
Executing action: elf
Running ninja in directory /home/tikhon/Документы/magnolia/applets/mainline/sort/build
Executing "ninja elf"...
[1/1] Build ELF: sort.app.elf
Executing action: elf
Running ninja in directory /home/tikhon/Документы/magnolia/applets/mainline/sleep/build
Executing "ninja elf"...
[1/1] Build ELF: sleep.app.elf
Executing action: elf
Running ninja in directory /home/tikhon/Документы/magnolia/applets/mainline/test/build
Executing "ninja elf"...
[1/1] Build ELF: test.app.elf
Executing action: elf
Running ninja in directory /home/tikhon/Документы/magnolia/applets/mainline/true/build
Executing "ninja elf"...
[1/1] Build ELF: true.app.elf
Executing action: elf
Running ninja in directory /home/tikhon/Документы/magnolia/applets/mainline/tee/build
Executing "ninja elf"...
[1/1] Build ELF: tee.app.elf
Executing action: elf
Running ninja in directory /home/tikhon/Документы/magnolia/applets/mainline/touch/build
Executing "ninja elf"...
[1/1] Build ELF: touch.app.elf
Executing action: elf
Running ninja in directory /home/tikhon/Документы/magnolia/applets/mainline/tr/build
Executing "ninja elf"...
[1/1] Build ELF: tr.app.elf
Applet sort OK -> /home/tikhon/Документы/magnolia/rootfs/bin/sort
Building applet goargs -> goargs ...
Applet sleep OK -> /home/tikhon/Документы/magnolia/rootfs/bin/sleep
Executing action: elf
Running ninja in directory /home/tikhon/Документы/magnolia/applets/mainline/user/build
Executing "ninja elf"...
[1/1] Build ELF: user.app.elf
Building applet godd -> godd ...
+ idf.py elf
+ idf.py elf
Executing action: elf
Running ninja in directory /home/tikhon/Документы/magnolia/applets/go/echo/build
Executing "ninja elf"...
[0/2] Re-checking globbed directories...
Executing action: elf
Running ninja in directory /home/tikhon/Документы/magnolia/applets/mainline/tail/build
Executing "ninja elf"...
[1/1] Build ELF: tail.app.elf
Applet true OK -> /home/tikhon/Документы/magnolia/rootfs/bin/true
Building applet gohello -> gohello ...
+ idf.py elf
Applet test OK -> /home/tikhon/Документы/magnolia/rootfs/bin/test
Building applet gohexdump -> gohexdump ...
+ idf.py elf
[1/2] Build ELF: echo.app.elf
Applet touch OK -> /home/tikhon/Документы/magnolia/rootfs/bin/touch
Building applet gotest -> gotest ...
+ idf.py elf
Applet tr OK -> /home/tikhon/Документы/magnolia/rootfs/bin/tr
Building applet goxxd -> goxxd ...
+ idf.py elf
Applet tee OK -> /home/tikhon/Документы/magnolia/rootfs/bin/tee
Building applet pwd -> gopwd ...
+ idf.py elf
Executing action: elf
Running ninja in directory /home/tikhon/Документы/magnolia/applets/go/false/build
Executing "ninja elf"...
[0/2] Re-checking globbed directories...
Executing action: elf
Running ninja in directory /home/tikhon/Документы/magnolia/applets/mainline/vi/build
Executing "ninja elf"...
[1/1] Build ELF: vi.app.elf
Applet user OK -> /home/tikhon/Документы/magnolia/rootfs/bin/user
Building applet sleep -> gosleep ...
+ idf.py elf
[1/2] Build ELF: false.app.elf
Executing action: elf
Running ninja in directory /home/tikhon/Документы/magnolia/applets/mainline/uname/build
Executing "ninja elf"...
[1/1] Build ELF: uname.app.elf
Executing action: elf
Running ninja in directory /home/tikhon/Документы/magnolia/applets/mainline/xxd/build
Executing "ninja elf"...
[1/1] Build ELF: xxd.app.elf
Applet echo OK -> /home/tikhon/Документы/magnolia/rootfs/bin/goecho
Building applet true -> gotrue ...
+ idf.py elf
Applet tail OK -> /home/tikhon/Документы/magnolia/rootfs/bin/tail
Building applet uname -> gouname ...
+ idf.py elf
Applet false OK -> /home/tikhon/Документы/magnolia/rootfs/bin/gofalse
Building applet edit -> edit ...
+ idf.py elf
Applet vi OK -> /home/tikhon/Документы/magnolia/rootfs/bin/vi
Building applet rdd -> rdd ...
+ idf.py elf
Applet xxd OK -> /home/tikhon/Документы/magnolia/rootfs/bin/xxd
Building applet rhexdump -> rhexdump ...
+ idf.py elf
Applet uname OK -> /home/tikhon/Документы/magnolia/rootfs/bin/uname
Building applet rselftest -> rselftest ...
+ idf.py elf
-- Project sdkconfig file /home/tikhon/Документы/magnolia/applets/mainline/free/sdkconfig
Executing action: elf
Running ninja in directory /home/tikhon/Документы/magnolia/applets/go/godd/build
Executing "ninja elf"...
[0/2] Re-checking globbed directories...
Executing action: elf
Running ninja in directory /home/tikhon/Документы/magnolia/applets/go/goargs/build
Executing "ninja elf"...
[0/2] Re-checking globbed directories...
[1/2] Build ELF: dd.app.elf
[1/2] Build ELF: goargs.app.elf
Executing action: elf
Running ninja in directory /home/tikhon/Документы/magnolia/applets/go/gohexdump/build
Executing "ninja elf"...
[0/2] Re-checking globbed directories...
[1/2] Build ELF: hexdump.app.elf
Executing action: elf
Running ninja in directory /home/tikhon/Документы/magnolia/applets/go/goxxd/build
Executing "ninja elf"...
[0/2] Re-checking globbed directories...
Applet goargs OK -> /home/tikhon/Документы/magnolia/rootfs/bin/goargs
Building applet rshello -> rshello ...
+ idf.py elf
Executing action: elf
Running ninja in directory /home/tikhon/Документы/magnolia/applets/go/pwd/build
Executing "ninja elf"...
[0/2] Re-checking globbed directories...
Executing action: elf
Running ninja in directory /home/tikhon/Документы/magnolia/applets/go/gotest/build
Executing "ninja elf"...
[0/2] Re-checking globbed directories...
Applet godd OK -> /home/tikhon/Документы/magnolia/rootfs/bin/godd
Building applet rusthello -> rusthello ...
[1/2] Build ELF: xxd.app.elf
+ idf.py elf
[1/2] Build ELF: pwd.app.elf
[1/2] Build ELF: gotest.app.elf
Executing action: elf
Running ninja in directory /home/tikhon/Документы/magnolia/applets/go/sleep/build
Executing "ninja elf"...
[0/2] Re-checking globbed directories...
Executing action: elf
Running ninja in directory /home/tikhon/Документы/magnolia/applets/go/gohello/build
Executing "ninja elf"...
[0/2] Re-checking globbed directories...
-- Compiler supported targets: xtensa-esp-elf
Executing action: elf
Running ninja in directory /home/tikhon/Документы/magnolia/applets/go/true/build
Executing "ninja elf"...
[0/2] Re-checking globbed directories...
[1/2] Build ELF: sleep.app.elf
[1/2] Build ELF: true.app.elf
Applet gohexdump OK -> /home/tikhon/Документы/magnolia/rootfs/bin/gohexdump
Building applet rxxd -> rxxd ...
+ idf.py elf
Applet goxxd OK -> /home/tikhon/Документы/magnolia/rootfs/bin/goxxd
Building applet zdd -> zdd ...
+ idf.py elf
Applet gotest OK -> /home/tikhon/Документы/magnolia/rootfs/bin/gotest
Building applet zhexdump -> zhexdump ...
+ idf.py elf
Executing action: elf
Running ninja in directory /home/tikhon/Документы/magnolia/applets/go/uname/build
Executing "ninja elf"...
[0/2] Re-checking globbed directories...
Applet pwd OK -> /home/tikhon/Документы/magnolia/rootfs/bin/gopwd
Building applet zigdemo -> zigdemo ...
+ idf.py elf
Executing action: elf
Running ninja in directory /home/tikhon/Документы/magnolia/applets/rust/edit/build
Executing "ninja elf"...
[0/2] Re-checking globbed directories...
[1/2] Build ELF: uname.app.elf
Executing action: elf
Running ninja in directory /home/tikhon/Документы/magnolia/applets/rust/rhexdump/build
Executing "ninja elf"...
[0/2] Re-checking globbed directories...
Executing action: elf
Running ninja in directory /home/tikhon/Документы/magnolia/applets/rust/rdd/build
Executing "ninja elf"...
[0/2] Re-checking globbed directories...
Applet true OK -> /home/tikhon/Документы/magnolia/rootfs/bin/gotrue
Building applet zighello -> zighello ...
-- App "free" version: 96a69bd-dirty
+ idf.py elf
[1/2] Build ELF: edit.app.elf
Applet sleep OK -> /home/tikhon/Документы/magnolia/rootfs/bin/gosleep
Building applet zigtest -> zigtest ...
+ idf.py elf
Executing action: elf
Running ninja in directory /home/tikhon/Документы/magnolia/applets/rust/rselftest/build
Executing "ninja elf"...
[0/2] Re-checking globbed directories...
[1/2] Build ELF: rselftest.app.elf
/home/tikhon/.espressif/tools/xtensa-esp-elf/esp-15.1.0_20250607/xtensa-esp-elf/bin/../lib/gcc/xtensa-esp-elf/15.1.0/../../../../xtensa-esp-elf/bin/ld: warning: rselftest.app.elf has a LOAD segment with RWX permissions
Applet uname OK -> /home/tikhon/Документы/magnolia/rootfs/bin/gouname
Building applet zxxd -> zxxd ...
+ idf.py elf
Applet edit OK -> /home/tikhon/Документы/magnolia/rootfs/bin/edit
[1/3] Build Rust staticlib: /home/tikhon/Документы/magnolia/applets/rust/rdd/build/libdd.a
FAILED: libdd.a /home/tikhon/Документы/magnolia/applets/rust/rdd/build/libdd.a 
cd /home/tikhon/Документы/magnolia/applets/rust/rdd/build && /usr/bin/cmake -E env CARGO_TARGET_DIR=/home/tikhon/Документы/magnolia/applets/rust/rdd/build/rust_target bash -lc "set -euo pipefail;                  if [ -n \"/home/tikhon/export-esp.sh\" ] && [ -f \"/home/tikhon/export-esp.sh\" ]; then . \"/home/tikhon/export-esp.sh\" >/dev/null 2>&1; fi;                  RUSTFLAGS='-C panic=abort' cargo +esp build  --locked                    -Zbuild-std=core,alloc,compiler_builtins -Zbuild-std-features=compiler-builtins-mem                    --manifest-path '/home/tikhon/Документы/magnolia/applets/rust/rdd/rust/Cargo.toml' --release --target 'xtensa-esp32s3-none-elf'" && /usr/bin/cmake -E copy_if_different /home/tikhon/Документы/magnolia/applets/rust/rdd/build/rust_target/xtensa-esp32s3-none-elf/release/libdd.a /home/tikhon/Документы/magnolia/applets/rust/rdd/build/libdd.a && bash -lc "set -euo pipefail;                  tmp='/home/tikhon/Документы/magnolia/applets/rust/rdd/build/rust_fixup_dd';                  rm -rf \"\$tmp\"; mkdir -p \"\$tmp\";                  cd \"\$tmp\";                  '/home/tikhon/.espressif/tools/xtensa-esp-elf/esp-15.1.0_20250607/xtensa-esp-elf/bin/xtensa-esp32s3-elf-ar' x '/home/tikhon/Документы/magnolia/applets/rust/rdd/build/libdd.a';                  for obj in *.o; do                    [ -f \"\$obj\" ] || continue;                    for sec in \$(LC_ALL=C readelf -S -W \"\$obj\" | sed -n 's/^[[:space:]]*\\[[[:space:]]*[0-9]\\+\\][[:space:]]\\+\\([^ ]\\+\\).*/\\1/p'); do                      case \"\$sec\" in                        .literal*|.rodata*) '/home/tikhon/.espressif/tools/xtensa-esp-elf/esp-15.1.0_20250607/xtensa-esp-elf/bin/xtensa-esp32s3-elf-objcopy' --set-section-flags \"\$sec\"=alloc,load,contents,data \"\$obj\" || true ;;                      esac;                    done;                  done;                  '/home/tikhon/.espressif/tools/xtensa-esp-elf/esp-15.1.0_20250607/xtensa-esp-elf/bin/xtensa-esp32s3-elf-ar' rcs '/home/tikhon/Документы/magnolia/applets/rust/rdd/build/libdd.a' *.o"
   Compiling dd v0.1.0 (/home/tikhon/Документы/magnolia/applets/rust/rdd/rust)
error: cannot find macro `vec` in this scope
   --> src/lib.rs:293:20
    |
293 |     let mut obuf = vec![0u8; obs as usize];
    |                    ^^^
    |
help: consider importing this macro
    |
  5 + use alloc::vec;
    |

error: cannot find macro `vec` in this scope
   --> src/lib.rs:292:20
    |
292 |     let mut ibuf = vec![0u8; ibs as usize];
    |                    ^^^
    |
help: consider importing this macro
    |
  5 + use alloc::vec;
    |

error: cannot find macro `vec` in this scope
   --> src/lib.rs:125:17
    |
125 |     let zeros = vec![0u8; obs];
    |                 ^^^
    |
help: consider importing this macro
    |
  5 + use alloc::vec;
    |

error: cannot find macro `vec` in this scope
   --> src/lib.rs:100:19
    |
100 |     let mut buf = vec![0u8; ibs];
    |                   ^^^
    |
help: consider importing this macro
    |
  5 + use alloc::vec;
    |

error: could not compile `dd` (lib) due to 4 previous errors
ninja: build stopped: subcommand failed.
-- Found Python3: /home/tikhon/.espressif/python_env/idf6.0_py3.12_env/bin/python (found version "3.12.3") found components: Interpreter 
[1/3] Build Rust staticlib: /home/tikhon/Документы/magnolia/applets/rust/rhexdump/build/libhexdump.a
FAILED: libhexdump.a /home/tikhon/Документы/magnolia/applets/rust/rhexdump/build/libhexdump.a 
cd /home/tikhon/Документы/magnolia/applets/rust/rhexdump/build && /usr/bin/cmake -E env CARGO_TARGET_DIR=/home/tikhon/Документы/magnolia/applets/rust/rhexdump/build/rust_target bash -lc "set -euo pipefail;                  if [ -n \"/home/tikhon/export-esp.sh\" ] && [ -f \"/home/tikhon/export-esp.sh\" ]; then . \"/home/tikhon/export-esp.sh\" >/dev/null 2>&1; fi;                  RUSTFLAGS='-C panic=abort' cargo +esp build  --locked                    -Zbuild-std=core,alloc,compiler_builtins -Zbuild-std-features=compiler-builtins-mem                    --manifest-path '/home/tikhon/Документы/magnolia/applets/rust/rhexdump/rust/Cargo.toml' --release --target 'xtensa-esp32s3-none-elf'" && /usr/bin/cmake -E copy_if_different /home/tikhon/Документы/magnolia/applets/rust/rhexdump/build/rust_target/xtensa-esp32s3-none-elf/release/libhexdump.a /home/tikhon/Документы/magnolia/applets/rust/rhexdump/build/libhexdump.a && bash -lc "set -euo pipefail;                  tmp='/home/tikhon/Документы/magnolia/applets/rust/rhexdump/build/rust_fixup_hexdump';                  rm -rf \"\$tmp\"; mkdir -p \"\$tmp\";                  cd \"\$tmp\";                  '/home/tikhon/.espressif/tools/xtensa-esp-elf/esp-15.1.0_20250607/xtensa-esp-elf/bin/xtensa-esp32s3-elf-ar' x '/home/tikhon/Документы/magnolia/applets/rust/rhexdump/build/libhexdump.a';                  for obj in *.o; do                    [ -f \"\$obj\" ] || continue;                    for sec in \$(LC_ALL=C readelf -S -W \"\$obj\" | sed -n 's/^[[:space:]]*\\[[[:space:]]*[0-9]\\+\\][[:space:]]\\+\\([^ ]\\+\\).*/\\1/p'); do                      case \"\$sec\" in                        .literal*|.rodata*) '/home/tikhon/.espressif/tools/xtensa-esp-elf/esp-15.1.0_20250607/xtensa-esp-elf/bin/xtensa-esp32s3-elf-objcopy' --set-section-flags \"\$sec\"=alloc,load,contents,data \"\$obj\" || true ;;                      esac;                    done;                  done;                  '/home/tikhon/.espressif/tools/xtensa-esp-elf/esp-15.1.0_20250607/xtensa-esp-elf/bin/xtensa-esp32s3-elf-ar' rcs '/home/tikhon/Документы/magnolia/applets/rust/rhexdump/build/libhexdump.a' *.o"
    Blocking waiting for file lock on package cache
   Compiling hexdump v0.1.0 (/home/tikhon/Документы/magnolia/applets/rust/rhexdump/rust)
error: unknown byte escape: `b`
   --> src/lib.rs:139:12
    |
139 |         b'\b' => {
    |            ^ unknown byte escape
    |
    = help: for more information, visit <https://doc.rust-lang.org/reference/tokens.html#literals>

error: unknown byte escape: `f`
   --> src/lib.rs:143:12
    |
143 |         b'\f' => {
    |            ^ unknown byte escape
    |
    = help: for more information, visit <https://doc.rust-lang.org/reference/tokens.html#literals>

error: unknown byte escape: `v`
   --> src/lib.rs:147:12
    |
147 |         b'\v' => {
    |            ^ unknown byte escape
    |
    = help: for more information, visit <https://doc.rust-lang.org/reference/tokens.html#literals>

error: cannot find macro `format` in this scope
   --> src/lib.rs:232:37
    |
232 | ...                   let s = format!("{:0width$}", word, width = width);
    |                               ^^^^^^
    |
help: consider importing this macro
    |
  5 + use alloc::format;
    |

error: cannot find macro `format` in this scope
   --> src/lib.rs:176:36
    |
176 |                     line.push_str(&format!("{:02x} ", buf[i]));
    |                                    ^^^^^^
    |
help: consider importing this macro
    |
  5 + use alloc::format;
    |

error[E0382]: use of moved value
   --> src/lib.rs:297:21
    |
297 |         if let Some(rem) = remaining {
    |                     ^^^ value moved here, in previous iteration of loop
...
316 |         if let Some(rem) = remaining {
    |                     --- value moved here, in previous iteration of loop
    |
    = note: move occurs because value has type `&mut u64`, which does not implement the `Copy` trait
help: borrow this binding in the pattern to avoid moving the value
    |
316 |         if let Some(ref rem) = remaining {
    |                     +++
help: borrow this binding in the pattern to avoid moving the value
    |
297 |         if let Some(ref rem) = remaining {
    |                     +++

error[E0382]: use of moved value
   --> src/lib.rs:316:21
    |
297 |         if let Some(rem) = remaining {
    |                     --- value moved here
...
316 |         if let Some(rem) = remaining {
    |                     ^^^ value used here after move
    |
    = note: move occurs because value has type `&mut u64`, which does not implement the `Copy` trait
help: borrow this binding in the pattern to avoid moving the value
    |
297 |         if let Some(ref rem) = remaining {
    |                     +++

For more information about this error, try `rustc --explain E0382`.
error: could not compile `hexdump` (lib) due to 7 previous errors
ninja: build stopped: subcommand failed.
Applet rselftest OK -> /home/tikhon/Документы/magnolia/rootfs/bin/rselftest
-- Performing Test CMAKE_HAVE_LIBC_PTHREAD
-- Performing Test CMAKE_HAVE_LIBC_PTHREAD - Success
-- Found Threads: TRUE  
-- Performing Test C_COMPILER_SUPPORTS_WFORMAT_SIGNEDNESS
Command failed (2): idf.py elf
Elf target failed for rdd; running `idf.py build` instead.
+ idf.py build
-- Performing Test C_COMPILER_SUPPORTS_WFORMAT_SIGNEDNESS - Success
-- USING O3
-- Adding linker script /home/tikhon/Документы/magnolia/applets/mainline/free/build/esp-idf/esp_system/ld/memory.ld
-- Adding linker script /home/tikhon/Документы/magnolia/applets/mainline/free/build/esp-idf/esp_system/ld/sections.ld.in
-- Adding linker script /home/tikhon/Документы/magnolia/esp-idf/components/esp_rom/esp32s3/ld/esp32s3.rom.ld
-- Adding linker script /home/tikhon/Документы/magnolia/esp-idf/components/esp_rom/esp32s3/ld/esp32s3.rom.api.ld
-- Adding linker script /home/tikhon/Документы/magnolia/esp-idf/components/esp_rom/esp32s3/ld/esp32s3.rom.bt_funcs.ld
-- Adding linker script /home/tikhon/Документы/magnolia/esp-idf/components/esp_rom/esp32s3/ld/esp32s3.rom.libgcc.ld
-- Adding linker script /home/tikhon/Документы/magnolia/esp-idf/components/esp_rom/esp32s3/ld/esp32s3.rom.wdt.ld
-- Adding linker script /home/tikhon/Документы/magnolia/esp-idf/components/esp_rom/esp32s3/ld/esp32s3.rom.version.ld
-- Adding linker script /home/tikhon/Документы/magnolia/esp-idf/components/esp_rom/esp32s3/ld/esp32s3.rom.ble_master.ld
-- Adding linker script /home/tikhon/Документы/magnolia/esp-idf/components/esp_rom/esp32s3/ld/esp32s3.rom.ble_50.ld
-- Adding linker script /home/tikhon/Документы/magnolia/esp-idf/components/esp_rom/esp32s3/ld/esp32s3.rom.ble_smp.ld
-- Adding linker script /home/tikhon/Документы/magnolia/esp-idf/components/esp_rom/esp32s3/ld/esp32s3.rom.ble_dtm.ld
-- Adding linker script /home/tikhon/Документы/magnolia/esp-idf/components/esp_rom/esp32s3/ld/esp32s3.rom.ble_test.ld
-- Adding linker script /home/tikhon/Документы/magnolia/esp-idf/components/esp_rom/esp32s3/ld/esp32s3.rom.ble_scan.ld
-- Adding linker script /home/tikhon/Документы/magnolia/esp-idf/components/esp_rom/esp32s3/ld/esp32s3.rom.libc.ld
-- Adding linker script /home/tikhon/Документы/magnolia/esp-idf/components/esp_rom/esp32s3/ld/esp32s3.rom.newlib.ld
Command failed (2): idf.py elf
Elf target failed for rhexdump; running `idf.py build` instead.
+ idf.py build
-- Adding linker script /home/tikhon/Документы/magnolia/esp-idf/components/soc/esp32s3/ld/esp32s3.peripherals.ld
Executing action: elf
Running ninja in directory /home/tikhon/Документы/magnolia/applets/rust/rusthello/build
Executing "ninja elf"...
[0/2] Re-checking globbed directories...
[1/2] Build ELF: rusthello.app.elf
/home/tikhon/.espressif/tools/xtensa-esp-elf/esp-15.1.0_20250607/xtensa-esp-elf/bin/../lib/gcc/xtensa-esp-elf/15.1.0/../../../../xtensa-esp-elf/bin/ld: warning: rusthello.app.elf has a LOAD segment with RWX permissions
Executing action: elf
Running ninja in directory /home/tikhon/Документы/magnolia/applets/rust/rshello/build
Executing "ninja elf"...
[1/1] Build ELF: rshello.app.elf
/home/tikhon/.espressif/tools/xtensa-esp-elf/esp-15.1.0_20250607/xtensa-esp-elf/bin/../lib/gcc/xtensa-esp-elf/15.1.0/../../../../xtensa-esp-elf/bin/ld: warning: main.c.obj: missing .note.GNU-stack section implies executable stack
/home/tikhon/.espressif/tools/xtensa-esp-elf/esp-15.1.0_20250607/xtensa-esp-elf/bin/../lib/gcc/xtensa-esp-elf/15.1.0/../../../../xtensa-esp-elf/bin/ld: NOTE: This behaviour is deprecated and will be removed in a future version of the linker
-- Configuring incomplete, errors occurred!
Executing action: elf
Running ninja in directory /home/tikhon/Документы/magnolia/applets/rust/rxxd/build
Executing "ninja elf"...
[0/2] Re-checking globbed directories...
Applet rusthello OK -> /home/tikhon/Документы/magnolia/rootfs/bin/rusthello
Applet rshello OK -> /home/tikhon/Документы/magnolia/rootfs/bin/rshello
NOTICE: Processing 3 dependencies:
NOTICE: [1/3] espressif/cmake_utilities (0.5.3)
Executing action: elf
Running ninja in directory /home/tikhon/Документы/magnolia/applets/zig/zhexdump/build
Executing "ninja elf"...
[0/2] Re-checking globbed directories...
Executing action: elf
Running ninja in directory /home/tikhon/Документы/magnolia/applets/zig/zdd/build
Executing "ninja elf"...
[0/2] Re-checking globbed directories...
Executing action: elf
Running ninja in directory /home/tikhon/Документы/magnolia/applets/zig/zigdemo/build
Executing "ninja elf"...
[0/2] Re-checking globbed directories...
[1/2] Build ELF: zigdemo.app.elf
/home/tikhon/.espressif/tools/xtensa-esp-elf/esp-15.1.0_20250607/xtensa-esp-elf/bin/../lib/gcc/xtensa-esp-elf/15.1.0/../../../../xtensa-esp-elf/bin/ld: warning: zigdemo.app.elf has a LOAD segment with RWX permissions
Executing action: elf
Running ninja in directory /home/tikhon/Документы/magnolia/applets/zig/zighello/build
Executing "ninja elf"...
[0/2] Re-checking globbed directories...
Executing action: elf
Running ninja in directory /home/tikhon/Документы/magnolia/applets/zig/zigtest/build
Executing "ninja elf"...
[0/2] Re-checking globbed directories...
[1/2] Build ELF: zighello.app.elf
[1/2] Build ELF: zigtest.app.elf
/home/tikhon/.espressif/tools/xtensa-esp-elf/esp-15.1.0_20250607/xtensa-esp-elf/bin/../lib/gcc/xtensa-esp-elf/15.1.0/../../../../xtensa-esp-elf/bin/ld: warning: zigtest.app.elf has a LOAD segment with RWX permissions
-- Configuring incomplete, errors occurred!
Command failed (2): idf.py reconfigure
Skipping failed applet reconfigure: free
Executing action: elf
Running ninja in directory /home/tikhon/Документы/magnolia/applets/zig/zxxd/build
Executing "ninja elf"...
[0/2] Re-checking globbed directories...
[1/3] Build Rust staticlib: /home/tikhon/Документы/magnolia/applets/rust/rxxd/build/libxxd.a
FAILED: libxxd.a /home/tikhon/Документы/magnolia/applets/rust/rxxd/build/libxxd.a 
cd /home/tikhon/Документы/magnolia/applets/rust/rxxd/build && /usr/bin/cmake -E env CARGO_TARGET_DIR=/home/tikhon/Документы/magnolia/applets/rust/rxxd/build/rust_target bash -lc "set -euo pipefail;                  if [ -n \"/home/tikhon/export-esp.sh\" ] && [ -f \"/home/tikhon/export-esp.sh\" ]; then . \"/home/tikhon/export-esp.sh\" >/dev/null 2>&1; fi;                  RUSTFLAGS='-C panic=abort' cargo +esp build                      -Zbuild-std=core,alloc,compiler_builtins -Zbuild-std-features=compiler-builtins-mem                    --manifest-path '/home/tikhon/Документы/magnolia/applets/rust/rxxd/rust/Cargo.toml' --release --target 'xtensa-esp32s3-none-elf'" && /usr/bin/cmake -E copy_if_different /home/tikhon/Документы/magnolia/applets/rust/rxxd/build/rust_target/xtensa-esp32s3-none-elf/release/libxxd.a /home/tikhon/Документы/magnolia/applets/rust/rxxd/build/libxxd.a && bash -lc "set -euo pipefail;                  tmp='/home/tikhon/Документы/magnolia/applets/rust/rxxd/build/rust_fixup_xxd';                  rm -rf \"\$tmp\"; mkdir -p \"\$tmp\";                  cd \"\$tmp\";                  '/home/tikhon/.espressif/tools/xtensa-esp-elf/esp-15.1.0_20250607/xtensa-esp-elf/bin/xtensa-esp32s3-elf-ar' x '/home/tikhon/Документы/magnolia/applets/rust/rxxd/build/libxxd.a';                  for obj in *.o; do                    [ -f \"\$obj\" ] || continue;                    for sec in \$(LC_ALL=C readelf -S -W \"\$obj\" | sed -n 's/^[[:space:]]*\\[[[:space:]]*[0-9]\\+\\][[:space:]]\\+\\([^ ]\\+\\).*/\\1/p'); do                      case \"\$sec\" in                        .literal*|.rodata*) '/home/tikhon/.espressif/tools/xtensa-esp-elf/esp-15.1.0_20250607/xtensa-esp-elf/bin/xtensa-esp32s3-elf-objcopy' --set-section-flags \"\$sec\"=alloc,load,contents,data \"\$obj\" || true ;;                      esac;                    done;                  done;                  '/home/tikhon/.espressif/tools/xtensa-esp-elf/esp-15.1.0_20250607/xtensa-esp-elf/bin/xtensa-esp32s3-elf-ar' rcs '/home/tikhon/Документы/magnolia/applets/rust/rxxd/build/libxxd.a' *.o"
   Compiling xxd v0.1.0 (/home/tikhon/Документы/magnolia/applets/rust/rxxd/rust)
error: cannot find macro `format` in this scope
   --> src/lib.rs:234:28
    |
234 |             line.push_str(&format!("{:08x}: ", offset));
    |                            ^^^^^^
    |
help: consider importing this macro
    |
  5 + use alloc::format;
    |

error: cannot find macro `vec` in this scope
   --> src/lib.rs:210:19
    |
210 |     let mut buf = vec![0u8; columns.max(1)];
    |                   ^^^
    |
help: consider importing this macro
    |
  5 + use alloc::vec;
    |

error: could not compile `xxd` (lib) due to 2 previous errors
ninja: build stopped: subcommand failed.
Applet zigdemo OK -> /home/tikhon/Документы/magnolia/rootfs/bin/zigdemo
Applet zighello OK -> /home/tikhon/Документы/magnolia/rootfs/bin/zighello
Applet zigtest OK -> /home/tikhon/Документы/magnolia/rootfs/bin/zigtest
Command failed (2): idf.py reconfigure
Skipping failed applet reconfigure: elftest
[1/6] Zig build-obj: hexdump -> /home/tikhon/Документы/magnolia/applets/zig/zhexdump/build/esp-idf/main/hexdump.zig.o
FAILED: esp-idf/main/hexdump.zig.o /home/tikhon/Документы/magnolia/applets/zig/zhexdump/build/esp-idf/main/hexdump.zig.o 
cd /home/tikhon/Документы/magnolia/applets/zig/zhexdump/build/esp-idf/main && python3 /home/tikhon/Документы/magnolia/tools/zig_xtensa_toolchain.py --install-dir /home/tikhon/Документы/magnolia/build/toolchains/zig-xtensa && /home/tikhon/Документы/magnolia/build/toolchains/zig-xtensa/zig build-obj -target xtensa-freestanding-none -mcpu esp32s3 -OReleaseSmall --dep magnolia -Mroot=/home/tikhon/Документы/magnolia/applets/zig/zhexdump/main/hexdump.zig -Mmagnolia=/home/tikhon/Документы/magnolia/sdk/zig/magnolia.zig -femit-bin=/home/tikhon/Документы/magnolia/applets/zig/zhexdump/build/esp-idf/main/hexdump.zig.o && /home/tikhon/.espressif/tools/xtensa-esp-elf/esp-15.1.0_20250607/xtensa-esp-elf/bin/xtensa-esp32s3-elf-objcopy --set-section-flags .literal=alloc,load,contents,data /home/tikhon/Документы/magnolia/applets/zig/zhexdump/build/esp-idf/main/hexdump.zig.o && /home/tikhon/.espressif/tools/xtensa-esp-elf/esp-15.1.0_20250607/xtensa-esp-elf/bin/xtensa-esp32s3-elf-objcopy --set-section-flags .rodata=alloc,load,contents,data /home/tikhon/Документы/magnolia/applets/zig/zhexdump/build/esp-idf/main/hexdump.zig.o
0.14.0-dev.xtensa.2486+941677e08
/home/tikhon/Документы/magnolia/build/toolchains/zig-xtensa/zig-relsafe-espressif-x86_64-linux-musl-baseline/lib/std/c.zig:9386:12: error: dependency on libc must be explicitly specified in the build command
/home/tikhon/Документы/magnolia/build/toolchains/zig-xtensa/zig-relsafe-espressif-x86_64-linux-musl-baseline/lib/std/c.zig:9388:12: error: dependency on libc must be explicitly specified in the build command
/home/tikhon/Документы/magnolia/build/toolchains/zig-xtensa/zig-relsafe-espressif-x86_64-linux-musl-baseline/lib/std/heap.zig:38:13: error: C allocator is only available when linking against libc
/home/tikhon/Документы/magnolia/applets/zig/zhexdump/main/hexdump.zig:287:20: error: root source file struct 'mem' has no member named 'copy'
/home/tikhon/Документы/magnolia/build/toolchains/zig-xtensa/zig-relsafe-espressif-x86_64-linux-musl-baseline/lib/std/mem.zig:1:1: note: struct declared here
ninja: build stopped: subcommand failed.
Executing action: all (aliases: build)
Running ninja in directory /home/tikhon/Документы/magnolia/applets/rust/rdd/build
Executing "ninja all"...
[0/2] Re-checking globbed directories...
[1/6] Zig build-obj: dd -> /home/tikhon/Документы/magnolia/applets/zig/zdd/build/esp-idf/main/dd.zig.o
FAILED: esp-idf/main/dd.zig.o /home/tikhon/Документы/magnolia/applets/zig/zdd/build/esp-idf/main/dd.zig.o 
cd /home/tikhon/Документы/magnolia/applets/zig/zdd/build/esp-idf/main && python3 /home/tikhon/Документы/magnolia/tools/zig_xtensa_toolchain.py --install-dir /home/tikhon/Документы/magnolia/build/toolchains/zig-xtensa && /home/tikhon/Документы/magnolia/build/toolchains/zig-xtensa/zig build-obj -target xtensa-freestanding-none -mcpu esp32s3 -OReleaseSmall --dep magnolia -Mroot=/home/tikhon/Документы/magnolia/applets/zig/zdd/main/dd.zig -Mmagnolia=/home/tikhon/Документы/magnolia/sdk/zig/magnolia.zig -femit-bin=/home/tikhon/Документы/magnolia/applets/zig/zdd/build/esp-idf/main/dd.zig.o && /home/tikhon/.espressif/tools/xtensa-esp-elf/esp-15.1.0_20250607/xtensa-esp-elf/bin/xtensa-esp32s3-elf-objcopy --set-section-flags .literal=alloc,load,contents,data /home/tikhon/Документы/magnolia/applets/zig/zdd/build/esp-idf/main/dd.zig.o && /home/tikhon/.espressif/tools/xtensa-esp-elf/esp-15.1.0_20250607/xtensa-esp-elf/bin/xtensa-esp32s3-elf-objcopy --set-section-flags .rodata=alloc,load,contents,data /home/tikhon/Документы/magnolia/applets/zig/zdd/build/esp-idf/main/dd.zig.o
0.14.0-dev.xtensa.2486+941677e08
/home/tikhon/Документы/magnolia/build/toolchains/zig-xtensa/zig-relsafe-espressif-x86_64-linux-musl-baseline/lib/std/c.zig:9386:12: error: dependency on libc must be explicitly specified in the build command
/home/tikhon/Документы/magnolia/build/toolchains/zig-xtensa/zig-relsafe-espressif-x86_64-linux-musl-baseline/lib/std/c.zig:9388:12: error: dependency on libc must be explicitly specified in the build command
/home/tikhon/Документы/magnolia/applets/zig/zdd/main/dd.zig:252:25: error: expected type 'usize', found 'u64'
/home/tikhon/Документы/magnolia/applets/zig/zdd/main/dd.zig:252:25: note: unsigned 32-bit int cannot represent all possible unsigned 64-bit values
/home/tikhon/Документы/magnolia/build/toolchains/zig-xtensa/zig-relsafe-espressif-x86_64-linux-musl-baseline/lib/std/heap.zig:38:13: error: C allocator is only available when linking against libc
ninja: build stopped: subcommand failed.
Command failed (2): idf.py elf
Elf target failed for rxxd; running `idf.py build` instead.
+ idf.py build
[1/10] Building C object CMakeFiles/dd.elf.dir/project_elf_src_esp32s3.c.obj
Executing action: all (aliases: build)
Running ninja in directory /home/tikhon/Документы/magnolia/applets/rust/rhexdump/build
Executing "ninja all"...
[0/2] Re-checking globbed directories...
[1/10] Building C object CMakeFiles/hexdump.elf.dir/project_elf_src_esp32s3.c.obj
[1/6] Zig build-obj: xxd -> /home/tikhon/Документы/magnolia/applets/zig/zxxd/build/esp-idf/main/xxd.zig.o
FAILED: esp-idf/main/xxd.zig.o /home/tikhon/Документы/magnolia/applets/zig/zxxd/build/esp-idf/main/xxd.zig.o 
cd /home/tikhon/Документы/magnolia/applets/zig/zxxd/build/esp-idf/main && python3 /home/tikhon/Документы/magnolia/tools/zig_xtensa_toolchain.py --install-dir /home/tikhon/Документы/magnolia/build/toolchains/zig-xtensa && /home/tikhon/Документы/magnolia/build/toolchains/zig-xtensa/zig build-obj -target xtensa-freestanding-none -mcpu esp32s3 -OReleaseSmall --dep magnolia -Mroot=/home/tikhon/Документы/magnolia/applets/zig/zxxd/main/xxd.zig -Mmagnolia=/home/tikhon/Документы/magnolia/sdk/zig/magnolia.zig -femit-bin=/home/tikhon/Документы/magnolia/applets/zig/zxxd/build/esp-idf/main/xxd.zig.o && /home/tikhon/.espressif/tools/xtensa-esp-elf/esp-15.1.0_20250607/xtensa-esp-elf/bin/xtensa-esp32s3-elf-objcopy --set-section-flags .literal=alloc,load,contents,data /home/tikhon/Документы/magnolia/applets/zig/zxxd/build/esp-idf/main/xxd.zig.o && /home/tikhon/.espressif/tools/xtensa-esp-elf/esp-15.1.0_20250607/xtensa-esp-elf/bin/xtensa-esp32s3-elf-objcopy --set-section-flags .rodata=alloc,load,contents,data /home/tikhon/Документы/magnolia/applets/zig/zxxd/build/esp-idf/main/xxd.zig.o
0.14.0-dev.xtensa.2486+941677e08
/home/tikhon/Документы/magnolia/build/toolchains/zig-xtensa/zig-relsafe-espressif-x86_64-linux-musl-baseline/lib/std/posix.zig:68:21: error: struct 'posix.system__struct_1222' has no member named 'E'
/home/tikhon/Документы/magnolia/build/toolchains/zig-xtensa/zig-relsafe-espressif-x86_64-linux-musl-baseline/lib/std/posix.zig:48:13: note: struct declared here
/home/tikhon/Документы/magnolia/build/toolchains/zig-xtensa/zig-relsafe-espressif-x86_64-linux-musl-baseline/lib/std/posix.zig:4734:18: error: struct 'posix.system__struct_1222' has no member named 'MAP'
/home/tikhon/Документы/magnolia/build/toolchains/zig-xtensa/zig-relsafe-espressif-x86_64-linux-musl-baseline/lib/std/posix.zig:48:13: note: struct declared here
/home/tikhon/Документы/magnolia/applets/zig/zxxd/main/xxd.zig:301:27: error: root source file struct 'std' has no member named 'cstr'
/home/tikhon/Документы/magnolia/build/toolchains/zig-xtensa/zig-relsafe-espressif-x86_64-linux-musl-baseline/lib/std/std.zig:1:1: note: struct declared here
ninja: build stopped: subcommand failed.
Command failed (2): idf.py elf
Elf target failed for zhexdump; running `idf.py build` instead.
+ idf.py build
Command failed (2): idf.py elf
Elf target failed for zdd; running `idf.py build` instead.
+ idf.py build
[2/10] Build Rust staticlib: /home/tikhon/Документы/magnolia/applets/rust/rdd/build/libdd.a
FAILED: libdd.a /home/tikhon/Документы/magnolia/applets/rust/rdd/build/libdd.a 
cd /home/tikhon/Документы/magnolia/applets/rust/rdd/build && /usr/bin/cmake -E env CARGO_TARGET_DIR=/home/tikhon/Документы/magnolia/applets/rust/rdd/build/rust_target bash -lc "set -euo pipefail;                  if [ -n \"/home/tikhon/export-esp.sh\" ] && [ -f \"/home/tikhon/export-esp.sh\" ]; then . \"/home/tikhon/export-esp.sh\" >/dev/null 2>&1; fi;                  RUSTFLAGS='-C panic=abort' cargo +esp build  --locked                    -Zbuild-std=core,alloc,compiler_builtins -Zbuild-std-features=compiler-builtins-mem                    --manifest-path '/home/tikhon/Документы/magnolia/applets/rust/rdd/rust/Cargo.toml' --release --target 'xtensa-esp32s3-none-elf'" && /usr/bin/cmake -E copy_if_different /home/tikhon/Документы/magnolia/applets/rust/rdd/build/rust_target/xtensa-esp32s3-none-elf/release/libdd.a /home/tikhon/Документы/magnolia/applets/rust/rdd/build/libdd.a && bash -lc "set -euo pipefail;                  tmp='/home/tikhon/Документы/magnolia/applets/rust/rdd/build/rust_fixup_dd';                  rm -rf \"\$tmp\"; mkdir -p \"\$tmp\";                  cd \"\$tmp\";                  '/home/tikhon/.espressif/tools/xtensa-esp-elf/esp-15.1.0_20250607/xtensa-esp-elf/bin/xtensa-esp32s3-elf-ar' x '/home/tikhon/Документы/magnolia/applets/rust/rdd/build/libdd.a';                  for obj in *.o; do                    [ -f \"\$obj\" ] || continue;                    for sec in \$(LC_ALL=C readelf -S -W \"\$obj\" | sed -n 's/^[[:space:]]*\\[[[:space:]]*[0-9]\\+\\][[:space:]]\\+\\([^ ]\\+\\).*/\\1/p'); do                      case \"\$sec\" in                        .literal*|.rodata*) '/home/tikhon/.espressif/tools/xtensa-esp-elf/esp-15.1.0_20250607/xtensa-esp-elf/bin/xtensa-esp32s3-elf-objcopy' --set-section-flags \"\$sec\"=alloc,load,contents,data \"\$obj\" || true ;;                      esac;                    done;                  done;                  '/home/tikhon/.espressif/tools/xtensa-esp-elf/esp-15.1.0_20250607/xtensa-esp-elf/bin/xtensa-esp32s3-elf-ar' rcs '/home/tikhon/Документы/magnolia/applets/rust/rdd/build/libdd.a' *.o"
   Compiling dd v0.1.0 (/home/tikhon/Документы/magnolia/applets/rust/rdd/rust)
error: cannot find macro `vec` in this scope
   --> src/lib.rs:293:20
    |
293 |     let mut obuf = vec![0u8; obs as usize];
    |                    ^^^
    |
help: consider importing this macro
    |
  5 + use alloc::vec;
    |

error: cannot find macro `vec` in this scope
   --> src/lib.rs:292:20
    |
292 |     let mut ibuf = vec![0u8; ibs as usize];
    |                    ^^^
    |
help: consider importing this macro
    |
  5 + use alloc::vec;
    |

error: cannot find macro `vec` in this scope
   --> src/lib.rs:125:17
    |
125 |     let zeros = vec![0u8; obs];
    |                 ^^^
    |
help: consider importing this macro
    |
  5 + use alloc::vec;
    |

error: cannot find macro `vec` in this scope
   --> src/lib.rs:100:19
    |
100 |     let mut buf = vec![0u8; ibs];
    |                   ^^^
    |
help: consider importing this macro
    |
  5 + use alloc::vec;
    |

error: could not compile `dd` (lib) due to 4 previous errors
Command failed (2): idf.py elf
Elf target failed for zxxd; running `idf.py build` instead.
+ idf.py build
[2/10] Build Rust staticlib: /home/tikhon/Документы/magnolia/applets/rust/rhexdump/build/libhexdump.a
FAILED: libhexdump.a /home/tikhon/Документы/magnolia/applets/rust/rhexdump/build/libhexdump.a 
cd /home/tikhon/Документы/magnolia/applets/rust/rhexdump/build && /usr/bin/cmake -E env CARGO_TARGET_DIR=/home/tikhon/Документы/magnolia/applets/rust/rhexdump/build/rust_target bash -lc "set -euo pipefail;                  if [ -n \"/home/tikhon/export-esp.sh\" ] && [ -f \"/home/tikhon/export-esp.sh\" ]; then . \"/home/tikhon/export-esp.sh\" >/dev/null 2>&1; fi;                  RUSTFLAGS='-C panic=abort' cargo +esp build  --locked                    -Zbuild-std=core,alloc,compiler_builtins -Zbuild-std-features=compiler-builtins-mem                    --manifest-path '/home/tikhon/Документы/magnolia/applets/rust/rhexdump/rust/Cargo.toml' --release --target 'xtensa-esp32s3-none-elf'" && /usr/bin/cmake -E copy_if_different /home/tikhon/Документы/magnolia/applets/rust/rhexdump/build/rust_target/xtensa-esp32s3-none-elf/release/libhexdump.a /home/tikhon/Документы/magnolia/applets/rust/rhexdump/build/libhexdump.a && bash -lc "set -euo pipefail;                  tmp='/home/tikhon/Документы/magnolia/applets/rust/rhexdump/build/rust_fixup_hexdump';                  rm -rf \"\$tmp\"; mkdir -p \"\$tmp\";                  cd \"\$tmp\";                  '/home/tikhon/.espressif/tools/xtensa-esp-elf/esp-15.1.0_20250607/xtensa-esp-elf/bin/xtensa-esp32s3-elf-ar' x '/home/tikhon/Документы/magnolia/applets/rust/rhexdump/build/libhexdump.a';                  for obj in *.o; do                    [ -f \"\$obj\" ] || continue;                    for sec in \$(LC_ALL=C readelf -S -W \"\$obj\" | sed -n 's/^[[:space:]]*\\[[[:space:]]*[0-9]\\+\\][[:space:]]\\+\\([^ ]\\+\\).*/\\1/p'); do                      case \"\$sec\" in                        .literal*|.rodata*) '/home/tikhon/.espressif/tools/xtensa-esp-elf/esp-15.1.0_20250607/xtensa-esp-elf/bin/xtensa-esp32s3-elf-objcopy' --set-section-flags \"\$sec\"=alloc,load,contents,data \"\$obj\" || true ;;                      esac;                    done;                  done;                  '/home/tikhon/.espressif/tools/xtensa-esp-elf/esp-15.1.0_20250607/xtensa-esp-elf/bin/xtensa-esp32s3-elf-ar' rcs '/home/tikhon/Документы/magnolia/applets/rust/rhexdump/build/libhexdump.a' *.o"
   Compiling hexdump v0.1.0 (/home/tikhon/Документы/magnolia/applets/rust/rhexdump/rust)
error: unknown byte escape: `b`
   --> src/lib.rs:139:12
    |
139 |         b'\b' => {
    |            ^ unknown byte escape
    |
    = help: for more information, visit <https://doc.rust-lang.org/reference/tokens.html#literals>

error: unknown byte escape: `f`
   --> src/lib.rs:143:12
    |
143 |         b'\f' => {
    |            ^ unknown byte escape
    |
    = help: for more information, visit <https://doc.rust-lang.org/reference/tokens.html#literals>

error: unknown byte escape: `v`
   --> src/lib.rs:147:12
    |
147 |         b'\v' => {
    |            ^ unknown byte escape
    |
    = help: for more information, visit <https://doc.rust-lang.org/reference/tokens.html#literals>

error: cannot find macro `format` in this scope
   --> src/lib.rs:232:37
    |
232 | ...                   let s = format!("{:0width$}", word, width = width);
    |                               ^^^^^^
    |
help: consider importing this macro
    |
  5 + use alloc::format;
    |

error: cannot find macro `format` in this scope
   --> src/lib.rs:176:36
    |
176 |                     line.push_str(&format!("{:02x} ", buf[i]));
    |                                    ^^^^^^
    |
help: consider importing this macro
    |
  5 + use alloc::format;
    |

error[E0382]: use of moved value
   --> src/lib.rs:297:21
    |
297 |         if let Some(rem) = remaining {
    |                     ^^^ value moved here, in previous iteration of loop
...
316 |         if let Some(rem) = remaining {
    |                     --- value moved here, in previous iteration of loop
    |
    = note: move occurs because value has type `&mut u64`, which does not implement the `Copy` trait
help: borrow this binding in the pattern to avoid moving the value
    |
316 |         if let Some(ref rem) = remaining {
    |                     +++
help: borrow this binding in the pattern to avoid moving the value
    |
297 |         if let Some(ref rem) = remaining {
    |                     +++

error[E0382]: use of moved value
   --> src/lib.rs:316:21
    |
297 |         if let Some(rem) = remaining {
    |                     --- value moved here
...
316 |         if let Some(rem) = remaining {
    |                     ^^^ value used here after move
    |
    = note: move occurs because value has type `&mut u64`, which does not implement the `Copy` trait
help: borrow this binding in the pattern to avoid moving the value
    |
297 |         if let Some(ref rem) = remaining {
    |                     +++

For more information about this error, try `rustc --explain E0382`.
error: could not compile `hexdump` (lib) due to 7 previous errors
[3/10] Linking CXX executable dd.elf
FAILED: dd.elf 
: && /home/tikhon/.espressif/tools/xtensa-esp-elf/esp-15.1.0_20250607/xtensa-esp-elf/bin/xtensa-esp32s3-elf-g++ -mlongcalls -fno-builtin-memcpy -fno-builtin-memset -fno-builtin-bzero -nostartfiles    -Wl,--cref -Wl,--defsym=IDF_TARGET_ESP32S3=0 -Wl,--Map=/home/tikhon/Документы/magnolia/applets/rust/rdd/build/dd.map -Wl,--no-warn-rwx-segments -Wl,--orphan-handling=error -fno-rtti -fno-lto -Wl,--gc-sections -Wl,--warn-common -T esp32s3.peripherals.ld -T esp32s3.rom.ld -T esp32s3.rom.api.ld -T esp32s3.rom.bt_funcs.ld -T esp32s3.rom.libgcc.ld -T esp32s3.rom.wdt.ld -T esp32s3.rom.version.ld -T esp32s3.rom.ble_master.ld -T esp32s3.rom.ble_50.ld -T esp32s3.rom.ble_smp.ld -T esp32s3.rom.ble_dtm.ld -T esp32s3.rom.ble_test.ld -T esp32s3.rom.ble_scan.ld -T esp32s3.rom.libc.ld -T esp32s3.rom.newlib.ld -T memory.ld -T sections.ld CMakeFiles/dd.elf.dir/project_elf_src_esp32s3.c.obj -o dd.elf -L/home/tikhon/Документы/magnolia/esp-idf/components/soc/esp32s3/ld   -L/home/tikhon/Документы/magnolia/esp-idf/components/esp_rom/esp32s3/ld   -L/home/tikhon/Документы/magnolia/applets/rust/rdd/build/esp-idf/esp_system/ld   -L/home/tikhon/Документы/magnolia/esp-idf/components/esp_phy/lib/esp32s3   -L/home/tikhon/Документы/magnolia/esp-idf/components/esp_wifi/lib/esp32s3 esp-idf/xtensa/libxtensa.a  esp-idf/esp_app_format/libesp_app_format.a  esp-idf/esp_bootloader_format/libesp_bootloader_format.a  esp-idf/app_update/libapp_update.a  esp-idf/esp_partition/libesp_partition.a  esp-idf/efuse/libefuse.a  esp-idf/esp_security/libesp_security.a  esp-idf/esp_driver_gpio/libesp_driver_gpio.a  esp-idf/esp_pm/libesp_pm.a  esp-idf/mbedtls/libmbedtls.a  esp-idf/bootloader_support/libbootloader_support.a  esp-idf/esp_mm/libesp_mm.a  esp-idf/spi_flash/libspi_flash.a  esp-idf/esp_system/libesp_system.a  esp-idf/esp_common/libesp_common.a  esp-idf/esp_rom/libesp_rom.a  esp-idf/hal/libhal.a  esp-idf/log/liblog.a  esp-idf/heap/libheap.a  esp-idf/soc/libsoc.a  esp-idf/esp_hw_support/libesp_hw_support.a  esp-idf/freertos/libfreertos.a  esp-idf/newlib/libnewlib.a  esp-idf/pthread/libpthread.a  esp-idf/cxx/libcxx.a  esp-idf/esp_timer/libesp_timer.a  esp-idf/esp_driver_gptimer/libesp_driver_gptimer.a  esp-idf/esp_ringbuf/libesp_ringbuf.a  esp-idf/esp_driver_uart/libesp_driver_uart.a  esp-idf/app_trace/libapp_trace.a  esp-idf/esp_event/libesp_event.a  esp-idf/nvs_flash/libnvs_flash.a  esp-idf/esp_phy/libesp_phy.a  esp-idf/esp_driver_usb_serial_jtag/libesp_driver_usb_serial_jtag.a  esp-idf/esp_vfs_console/libesp_vfs_console.a  esp-idf/vfs/libvfs.a  esp-idf/lwip/liblwip.a  esp-idf/esp_netif/libesp_netif.a  esp-idf/wpa_supplicant/libwpa_supplicant.a  esp-idf/esp_coex/libesp_coex.a  esp-idf/esp_wifi/libesp_wifi.a  esp-idf/esp_driver_spi/libesp_driver_spi.a  esp-idf/esp_gdbstub/libesp_gdbstub.a  esp-idf/unity/libunity.a  esp-idf/cmock/libcmock.a  esp-idf/console/libconsole.a  esp-idf/esp_driver_pcnt/libesp_driver_pcnt.a  esp-idf/esp_driver_mcpwm/libesp_driver_mcpwm.a  esp-idf/esp_driver_i2s/libesp_driver_i2s.a  esp-idf/sdmmc/libsdmmc.a  esp-idf/esp_driver_sd_intf/libesp_driver_sd_intf.a  esp-idf/esp_driver_sdmmc/libesp_driver_sdmmc.a  esp-idf/esp_driver_sdspi/libesp_driver_sdspi.a  esp-idf/esp_driver_rmt/libesp_driver_rmt.a  esp-idf/esp_driver_tsens/libesp_driver_tsens.a  esp-idf/esp_driver_sdm/libesp_driver_sdm.a  esp-idf/esp_driver_i2c/libesp_driver_i2c.a  esp-idf/esp_driver_ledc/libesp_driver_ledc.a  esp-idf/esp_driver_twai/libesp_driver_twai.a  esp-idf/driver/libdriver.a  esp-idf/http_parser/libhttp_parser.a  esp-idf/esp-tls/libesp-tls.a  esp-idf/esp_adc/libesp_adc.a  esp-idf/esp_driver_cam/libesp_driver_cam.a  esp-idf/esp_driver_touch_sens/libesp_driver_touch_sens.a  esp-idf/esp_eth/libesp_eth.a  esp-idf/esp_hid/libesp_hid.a  esp-idf/tcp_transport/libtcp_transport.a  esp-idf/esp_http_client/libesp_http_client.a  esp-idf/esp_http_server/libesp_http_server.a  esp-idf/esp_https_ota/libesp_https_ota.a  esp-idf/esp_https_server/libesp_https_server.a  esp-idf/esp_lcd/libesp_lcd.a  esp-idf/protobuf-c/libprotobuf-c.a  esp-idf/protocomm/libprotocomm.a  esp-idf/esp_local_ctrl/libesp_local_ctrl.a  esp-idf/espcoredump/libespcoredump.a  esp-idf/wear_levelling/libwear_levelling.a  esp-idf/fatfs/libfatfs.a  esp-idf/json/libjson.a  esp-idf/mqtt/libmqtt.a  esp-idf/nvs_sec_provider/libnvs_sec_provider.a  esp-idf/perfmon/libperfmon.a  esp-idf/rt/librt.a  esp-idf/spiffs/libspiffs.a  esp-idf/touch_element/libtouch_element.a  esp-idf/usb/libusb.a  esp-idf/wifi_provisioning/libwifi_provisioning.a  esp-idf/espressif__elf_loader/libespressif__elf_loader.a  esp-idf/main/libmain.a  esp-idf/app_trace/libapp_trace.a  esp-idf/cmock/libcmock.a  esp-idf/unity/libunity.a  esp-idf/esp_driver_cam/libesp_driver_cam.a  esp-idf/esp_driver_touch_sens/libesp_driver_touch_sens.a  esp-idf/esp_eth/libesp_eth.a  esp-idf/esp_hid/libesp_hid.a  esp-idf/esp_lcd/libesp_lcd.a  esp-idf/esp_local_ctrl/libesp_local_ctrl.a  esp-idf/esp_https_server/libesp_https_server.a  esp-idf/espcoredump/libespcoredump.a  -u esp_system_include_coredump_init  esp-idf/fatfs/libfatfs.a  esp-idf/wear_levelling/libwear_levelling.a  esp-idf/mqtt/libmqtt.a  esp-idf/nvs_sec_provider/libnvs_sec_provider.a  -u nvs_sec_provider_include_impl  esp-idf/perfmon/libperfmon.a  esp-idf/rt/librt.a  esp-idf/spiffs/libspiffs.a  esp-idf/touch_element/libtouch_element.a  esp-idf/usb/libusb.a  esp-idf/wifi_provisioning/libwifi_provisioning.a  esp-idf/protocomm/libprotocomm.a  esp-idf/console/libconsole.a  esp-idf/protobuf-c/libprotobuf-c.a  esp-idf/json/libjson.a  esp-idf/espressif__elf_loader/libespressif__elf_loader.a  esp-idf/xtensa/libxtensa.a  esp-idf/esp_app_format/libesp_app_format.a  esp-idf/esp_bootloader_format/libesp_bootloader_format.a  esp-idf/app_update/libapp_update.a  esp-idf/esp_partition/libesp_partition.a  esp-idf/efuse/libefuse.a  esp-idf/esp_security/libesp_security.a  esp-idf/esp_driver_gpio/libesp_driver_gpio.a  esp-idf/esp_pm/libesp_pm.a  esp-idf/mbedtls/libmbedtls.a  esp-idf/bootloader_support/libbootloader_support.a  esp-idf/esp_mm/libesp_mm.a  esp-idf/spi_flash/libspi_flash.a  esp-idf/esp_system/libesp_system.a  esp-idf/esp_common/libesp_common.a  esp-idf/esp_rom/libesp_rom.a  esp-idf/hal/libhal.a  esp-idf/log/liblog.a  esp-idf/heap/libheap.a  esp-idf/soc/libsoc.a  esp-idf/esp_hw_support/libesp_hw_support.a  esp-idf/freertos/libfreertos.a  esp-idf/newlib/libnewlib.a  esp-idf/pthread/libpthread.a  esp-idf/cxx/libcxx.a  esp-idf/esp_timer/libesp_timer.a  esp-idf/esp_driver_gptimer/libesp_driver_gptimer.a  esp-idf/esp_ringbuf/libesp_ringbuf.a  esp-idf/esp_driver_uart/libesp_driver_uart.a  esp-idf/esp_event/libesp_event.a  esp-idf/nvs_flash/libnvs_flash.a  esp-idf/esp_phy/libesp_phy.a  esp-idf/esp_driver_usb_serial_jtag/libesp_driver_usb_serial_jtag.a  esp-idf/esp_vfs_console/libesp_vfs_console.a  esp-idf/vfs/libvfs.a  esp-idf/lwip/liblwip.a  esp-idf/esp_netif/libesp_netif.a  esp-idf/wpa_supplicant/libwpa_supplicant.a  esp-idf/esp_coex/libesp_coex.a  esp-idf/esp_wifi/libesp_wifi.a  esp-idf/esp_driver_spi/libesp_driver_spi.a  esp-idf/esp_gdbstub/libesp_gdbstub.a  esp-idf/esp_driver_pcnt/libesp_driver_pcnt.a  esp-idf/esp_driver_mcpwm/libesp_driver_mcpwm.a  esp-idf/esp_driver_i2s/libesp_driver_i2s.a  esp-idf/sdmmc/libsdmmc.a  esp-idf/esp_driver_sd_intf/libesp_driver_sd_intf.a  esp-idf/esp_driver_sdmmc/libesp_driver_sdmmc.a  esp-idf/esp_driver_sdspi/libesp_driver_sdspi.a  esp-idf/esp_driver_rmt/libesp_driver_rmt.a  esp-idf/esp_driver_tsens/libesp_driver_tsens.a  esp-idf/esp_driver_sdm/libesp_driver_sdm.a  esp-idf/esp_driver_i2c/libesp_driver_i2c.a  esp-idf/esp_driver_ledc/libesp_driver_ledc.a  esp-idf/esp_driver_twai/libesp_driver_twai.a  esp-idf/driver/libdriver.a  esp-idf/http_parser/libhttp_parser.a  esp-idf/esp-tls/libesp-tls.a  esp-idf/esp_adc/libesp_adc.a  esp-idf/tcp_transport/libtcp_transport.a  esp-idf/esp_http_client/libesp_http_client.a  esp-idf/esp_http_server/libesp_http_server.a  esp-idf/esp_https_ota/libesp_https_ota.a  esp-idf/mbedtls/mbedtls/library/libmbedtls.a  esp-idf/mbedtls/mbedtls/library/libmbedcrypto.a  esp-idf/mbedtls/mbedtls/library/libmbedx509.a  esp-idf/mbedtls/mbedtls/3rdparty/everest/libeverest.a  esp-idf/mbedtls/mbedtls/3rdparty/p256-m/libp256m.a  /home/tikhon/Документы/magnolia/esp-idf/components/esp_wifi/lib/esp32s3/libcore.a  /home/tikhon/Документы/magnolia/esp-idf/components/esp_wifi/lib/esp32s3/libespnow.a  /home/tikhon/Документы/magnolia/esp-idf/components/esp_wifi/lib/esp32s3/libmesh.a  /home/tikhon/Документы/magnolia/esp-idf/components/esp_wifi/lib/esp32s3/libnet80211.a  /home/tikhon/Документы/magnolia/esp-idf/components/esp_wifi/lib/esp32s3/libpp.a  /home/tikhon/Документы/magnolia/esp-idf/components/esp_wifi/lib/esp32s3/libsmartconfig.a  /home/tikhon/Документы/magnolia/esp-idf/components/esp_wifi/lib/esp32s3/libwapi.a  esp-idf/xtensa/libxtensa.a  esp-idf/esp_app_format/libesp_app_format.a  esp-idf/esp_bootloader_format/libesp_bootloader_format.a  esp-idf/app_update/libapp_update.a  esp-idf/esp_partition/libesp_partition.a  esp-idf/efuse/libefuse.a  esp-idf/esp_security/libesp_security.a  esp-idf/esp_driver_gpio/libesp_driver_gpio.a  esp-idf/esp_pm/libesp_pm.a  esp-idf/mbedtls/libmbedtls.a  esp-idf/bootloader_support/libbootloader_support.a  esp-idf/esp_mm/libesp_mm.a  esp-idf/spi_flash/libspi_flash.a  esp-idf/esp_system/libesp_system.a  esp-idf/esp_common/libesp_common.a  esp-idf/esp_rom/libesp_rom.a  esp-idf/hal/libhal.a  esp-idf/log/liblog.a  esp-idf/heap/libheap.a  esp-idf/soc/libsoc.a  esp-idf/esp_hw_support/libesp_hw_support.a  esp-idf/freertos/libfreertos.a  esp-idf/newlib/libnewlib.a  esp-idf/pthread/libpthread.a  esp-idf/cxx/libcxx.a  esp-idf/esp_timer/libesp_timer.a  esp-idf/esp_driver_gptimer/libesp_driver_gptimer.a  esp-idf/esp_ringbuf/libesp_ringbuf.a  esp-idf/esp_driver_uart/libesp_driver_uart.a  esp-idf/esp_event/libesp_event.a  esp-idf/nvs_flash/libnvs_flash.a  esp-idf/esp_phy/libesp_phy.a  esp-idf/esp_driver_usb_serial_jtag/libesp_driver_usb_serial_jtag.a  esp-idf/esp_vfs_console/libesp_vfs_console.a  esp-idf/vfs/libvfs.a  esp-idf/lwip/liblwip.a  esp-idf/esp_netif/libesp_netif.a  esp-idf/wpa_supplicant/libwpa_supplicant.a  esp-idf/esp_coex/libesp_coex.a  esp-idf/esp_wifi/libesp_wifi.a  esp-idf/esp_driver_spi/libesp_driver_spi.a  esp-idf/esp_gdbstub/libesp_gdbstub.a  esp-idf/esp_driver_pcnt/libesp_driver_pcnt.a  esp-idf/esp_driver_mcpwm/libesp_driver_mcpwm.a  esp-idf/esp_driver_i2s/libesp_driver_i2s.a  esp-idf/sdmmc/libsdmmc.a  esp-idf/esp_driver_sd_intf/libesp_driver_sd_intf.a  esp-idf/esp_driver_sdmmc/libesp_driver_sdmmc.a  esp-idf/esp_driver_sdspi/libesp_driver_sdspi.a  esp-idf/esp_driver_rmt/libesp_driver_rmt.a  esp-idf/esp_driver_tsens/libesp_driver_tsens.a  esp-idf/esp_driver_sdm/libesp_driver_sdm.a  esp-idf/esp_driver_i2c/libesp_driver_i2c.a  esp-idf/esp_driver_ledc/libesp_driver_ledc.a  esp-idf/esp_driver_twai/libesp_driver_twai.a  esp-idf/driver/libdriver.a  esp-idf/http_parser/libhttp_parser.a  esp-idf/esp-tls/libesp-tls.a  esp-idf/esp_adc/libesp_adc.a  esp-idf/tcp_transport/libtcp_transport.a  esp-idf/esp_http_client/libesp_http_client.a  esp-idf/esp_http_server/libesp_http_server.a  esp-idf/esp_https_ota/libesp_https_ota.a  esp-idf/mbedtls/mbedtls/library/libmbedtls.a  esp-idf/mbedtls/mbedtls/library/libmbedcrypto.a  esp-idf/mbedtls/mbedtls/library/libmbedx509.a  esp-idf/mbedtls/mbedtls/3rdparty/everest/libeverest.a  esp-idf/mbedtls/mbedtls/3rdparty/p256-m/libp256m.a  /home/tikhon/Документы/magnolia/esp-idf/components/esp_wifi/lib/esp32s3/libcore.a  /home/tikhon/Документы/magnolia/esp-idf/components/esp_wifi/lib/esp32s3/libespnow.a  /home/tikhon/Документы/magnolia/esp-idf/components/esp_wifi/lib/esp32s3/libmesh.a  /home/tikhon/Документы/magnolia/esp-idf/components/esp_wifi/lib/esp32s3/libnet80211.a  /home/tikhon/Документы/magnolia/esp-idf/components/esp_wifi/lib/esp32s3/libpp.a  /home/tikhon/Документы/magnolia/esp-idf/components/esp_wifi/lib/esp32s3/libsmartconfig.a  /home/tikhon/Документы/magnolia/esp-idf/components/esp_wifi/lib/esp32s3/libwapi.a  esp-idf/xtensa/libxtensa.a  esp-idf/esp_app_format/libesp_app_format.a  esp-idf/esp_bootloader_format/libesp_bootloader_format.a  esp-idf/app_update/libapp_update.a  esp-idf/esp_partition/libesp_partition.a  esp-idf/efuse/libefuse.a  esp-idf/esp_security/libesp_security.a  esp-idf/esp_driver_gpio/libesp_driver_gpio.a  esp-idf/esp_pm/libesp_pm.a  esp-idf/mbedtls/libmbedtls.a  esp-idf/bootloader_support/libbootloader_support.a  esp-idf/esp_mm/libesp_mm.a  esp-idf/spi_flash/libspi_flash.a  esp-idf/esp_system/libesp_system.a  esp-idf/esp_common/libesp_common.a  esp-idf/esp_rom/libesp_rom.a  esp-idf/hal/libhal.a  esp-idf/log/liblog.a  esp-idf/heap/libheap.a  esp-idf/soc/libsoc.a  esp-idf/esp_hw_support/libesp_hw_support.a  esp-idf/freertos/libfreertos.a  esp-idf/newlib/libnewlib.a  esp-idf/pthread/libpthread.a  esp-idf/cxx/libcxx.a  esp-idf/esp_timer/libesp_timer.a  esp-idf/esp_driver_gptimer/libesp_driver_gptimer.a  esp-idf/esp_ringbuf/libesp_ringbuf.a  esp-idf/esp_driver_uart/libesp_driver_uart.a  esp-idf/esp_event/libesp_event.a  esp-idf/nvs_flash/libnvs_flash.a  esp-idf/esp_phy/libesp_phy.a  esp-idf/esp_driver_usb_serial_jtag/libesp_driver_usb_serial_jtag.a  esp-idf/esp_vfs_console/libesp_vfs_console.a  esp-idf/vfs/libvfs.a  esp-idf/lwip/liblwip.a  esp-idf/esp_netif/libesp_netif.a  esp-idf/wpa_supplicant/libwpa_supplicant.a  esp-idf/esp_coex/libesp_coex.a  esp-idf/esp_wifi/libesp_wifi.a  esp-idf/esp_driver_spi/libesp_driver_spi.a  esp-idf/esp_gdbstub/libesp_gdbstub.a  esp-idf/esp_driver_pcnt/libesp_driver_pcnt.a  esp-idf/esp_driver_mcpwm/libesp_driver_mcpwm.a  esp-idf/esp_driver_i2s/libesp_driver_i2s.a  esp-idf/sdmmc/libsdmmc.a  esp-idf/esp_driver_sd_intf/libesp_driver_sd_intf.a  esp-idf/esp_driver_sdmmc/libesp_driver_sdmmc.a  esp-idf/esp_driver_sdspi/libesp_driver_sdspi.a  esp-idf/esp_driver_rmt/libesp_driver_rmt.a  esp-idf/esp_driver_tsens/libesp_driver_tsens.a  esp-idf/esp_driver_sdm/libesp_driver_sdm.a  esp-idf/esp_driver_i2c/libesp_driver_i2c.a  esp-idf/esp_driver_ledc/libesp_driver_ledc.a  esp-idf/esp_driver_twai/libesp_driver_twai.a  esp-idf/driver/libdriver.a  esp-idf/http_parser/libhttp_parser.a  esp-idf/esp-tls/libesp-tls.a  esp-idf/esp_adc/libesp_adc.a  esp-idf/tcp_transport/libtcp_transport.a  esp-idf/esp_http_client/libesp_http_client.a  esp-idf/esp_http_server/libesp_http_server.a  esp-idf/esp_https_ota/libesp_https_ota.a  esp-idf/mbedtls/mbedtls/library/libmbedtls.a  esp-idf/mbedtls/mbedtls/library/libmbedcrypto.a  esp-idf/mbedtls/mbedtls/library/libmbedx509.a  esp-idf/mbedtls/mbedtls/3rdparty/everest/libeverest.a  esp-idf/mbedtls/mbedtls/3rdparty/p256-m/libp256m.a  /home/tikhon/Документы/magnolia/esp-idf/components/esp_wifi/lib/esp32s3/libcore.a  /home/tikhon/Документы/magnolia/esp-idf/components/esp_wifi/lib/esp32s3/libespnow.a  /home/tikhon/Документы/magnolia/esp-idf/components/esp_wifi/lib/esp32s3/libmesh.a  /home/tikhon/Документы/magnolia/esp-idf/components/esp_wifi/lib/esp32s3/libnet80211.a  /home/tikhon/Документы/magnolia/esp-idf/components/esp_wifi/lib/esp32s3/libpp.a  /home/tikhon/Документы/magnolia/esp-idf/components/esp_wifi/lib/esp32s3/libsmartconfig.a  /home/tikhon/Документы/magnolia/esp-idf/components/esp_wifi/lib/esp32s3/libwapi.a  esp-idf/xtensa/libxtensa.a  esp-idf/esp_app_format/libesp_app_format.a  esp-idf/esp_bootloader_format/libesp_bootloader_format.a  esp-idf/app_update/libapp_update.a  esp-idf/esp_partition/libesp_partition.a  esp-idf/efuse/libefuse.a  esp-idf/esp_security/libesp_security.a  esp-idf/esp_driver_gpio/libesp_driver_gpio.a  esp-idf/esp_pm/libesp_pm.a  esp-idf/mbedtls/libmbedtls.a  esp-idf/bootloader_support/libbootloader_support.a  esp-idf/esp_mm/libesp_mm.a  esp-idf/spi_flash/libspi_flash.a  esp-idf/esp_system/libesp_system.a  esp-idf/esp_common/libesp_common.a  esp-idf/esp_rom/libesp_rom.a  esp-idf/hal/libhal.a  esp-idf/log/liblog.a  esp-idf/heap/libheap.a  esp-idf/soc/libsoc.a  esp-idf/esp_hw_support/libesp_hw_support.a  esp-idf/freertos/libfreertos.a  esp-idf/newlib/libnewlib.a  esp-idf/pthread/libpthread.a  esp-idf/cxx/libcxx.a  esp-idf/esp_timer/libesp_timer.a  esp-idf/esp_driver_gptimer/libesp_driver_gptimer.a  esp-idf/esp_ringbuf/libesp_ringbuf.a  esp-idf/esp_driver_uart/libesp_driver_uart.a  esp-idf/esp_event/libesp_event.a  esp-idf/nvs_flash/libnvs_flash.a  esp-idf/esp_phy/libesp_phy.a  esp-idf/esp_driver_usb_serial_jtag/libesp_driver_usb_serial_jtag.a  esp-idf/esp_vfs_console/libesp_vfs_console.a  esp-idf/vfs/libvfs.a  esp-idf/lwip/liblwip.a  esp-idf/esp_netif/libesp_netif.a  esp-idf/wpa_supplicant/libwpa_supplicant.a  esp-idf/esp_coex/libesp_coex.a  esp-idf/esp_wifi/libesp_wifi.a  esp-idf/esp_driver_spi/libesp_driver_spi.a  esp-idf/esp_gdbstub/libesp_gdbstub.a  esp-idf/esp_driver_pcnt/libesp_driver_pcnt.a  esp-idf/esp_driver_mcpwm/libesp_driver_mcpwm.a  esp-idf/esp_driver_i2s/libesp_driver_i2s.a  esp-idf/sdmmc/libsdmmc.a  esp-idf/esp_driver_sd_intf/libesp_driver_sd_intf.a  esp-idf/esp_driver_sdmmc/libesp_driver_sdmmc.a  esp-idf/esp_driver_sdspi/libesp_driver_sdspi.a  esp-idf/esp_driver_rmt/libesp_driver_rmt.a  esp-idf/esp_driver_tsens/libesp_driver_tsens.a  esp-idf/esp_driver_sdm/libesp_driver_sdm.a  esp-idf/esp_driver_i2c/libesp_driver_i2c.a  esp-idf/esp_driver_ledc/libesp_driver_ledc.a  esp-idf/esp_driver_twai/libesp_driver_twai.a  esp-idf/driver/libdriver.a  esp-idf/http_parser/libhttp_parser.a  esp-idf/esp-tls/libesp-tls.a  esp-idf/esp_adc/libesp_adc.a  esp-idf/tcp_transport/libtcp_transport.a  esp-idf/esp_http_client/libesp_http_client.a  esp-idf/esp_http_server/libesp_http_server.a  esp-idf/esp_https_ota/libesp_https_ota.a  esp-idf/mbedtls/mbedtls/library/libmbedtls.a  esp-idf/mbedtls/mbedtls/library/libmbedcrypto.a  esp-idf/mbedtls/mbedtls/library/libmbedx509.a  esp-idf/mbedtls/mbedtls/3rdparty/everest/libeverest.a  esp-idf/mbedtls/mbedtls/3rdparty/p256-m/libp256m.a  /home/tikhon/Документы/magnolia/esp-idf/components/esp_wifi/lib/esp32s3/libcore.a  /home/tikhon/Документы/magnolia/esp-idf/components/esp_wifi/lib/esp32s3/libespnow.a  /home/tikhon/Документы/magnolia/esp-idf/components/esp_wifi/lib/esp32s3/libmesh.a  /home/tikhon/Документы/magnolia/esp-idf/components/esp_wifi/lib/esp32s3/libnet80211.a  /home/tikhon/Документы/magnolia/esp-idf/components/esp_wifi/lib/esp32s3/libpp.a  /home/tikhon/Документы/magnolia/esp-idf/components/esp_wifi/lib/esp32s3/libsmartconfig.a  /home/tikhon/Документы/magnolia/esp-idf/components/esp_wifi/lib/esp32s3/libwapi.a  esp-idf/xtensa/libxtensa.a  esp-idf/esp_app_format/libesp_app_format.a  esp-idf/esp_bootloader_format/libesp_bootloader_format.a  esp-idf/app_update/libapp_update.a  esp-idf/esp_partition/libesp_partition.a  esp-idf/efuse/libefuse.a  esp-idf/esp_security/libesp_security.a  esp-idf/esp_driver_gpio/libesp_driver_gpio.a  esp-idf/esp_pm/libesp_pm.a  esp-idf/mbedtls/libmbedtls.a  esp-idf/bootloader_support/libbootloader_support.a  esp-idf/esp_mm/libesp_mm.a  esp-idf/spi_flash/libspi_flash.a  esp-idf/esp_system/libesp_system.a  esp-idf/esp_common/libesp_common.a  esp-idf/esp_rom/libesp_rom.a  esp-idf/hal/libhal.a  esp-idf/log/liblog.a  esp-idf/heap/libheap.a  esp-idf/soc/libsoc.a  esp-idf/esp_hw_support/libesp_hw_support.a  esp-idf/freertos/libfreertos.a  esp-idf/newlib/libnewlib.a  esp-idf/pthread/libpthread.a  esp-idf/cxx/libcxx.a  esp-idf/esp_timer/libesp_timer.a  esp-idf/esp_driver_gptimer/libesp_driver_gptimer.a  esp-idf/esp_ringbuf/libesp_ringbuf.a  esp-idf/esp_driver_uart/libesp_driver_uart.a  esp-idf/esp_event/libesp_event.a  esp-idf/nvs_flash/libnvs_flash.a  esp-idf/esp_phy/libesp_phy.a  esp-idf/esp_driver_usb_serial_jtag/libesp_driver_usb_serial_jtag.a  esp-idf/esp_vfs_console/libesp_vfs_console.a  esp-idf/vfs/libvfs.a  esp-idf/lwip/liblwip.a  esp-idf/esp_netif/libesp_netif.a  esp-idf/wpa_supplicant/libwpa_supplicant.a  esp-idf/esp_coex/libesp_coex.a  esp-idf/esp_wifi/libesp_wifi.a  esp-idf/esp_driver_spi/libesp_driver_spi.a  esp-idf/esp_gdbstub/libesp_gdbstub.a  esp-idf/esp_driver_pcnt/libesp_driver_pcnt.a  esp-idf/esp_driver_mcpwm/libesp_driver_mcpwm.a  esp-idf/esp_driver_i2s/libesp_driver_i2s.a  esp-idf/sdmmc/libsdmmc.a  esp-idf/esp_driver_sd_intf/libesp_driver_sd_intf.a  esp-idf/esp_driver_sdmmc/libesp_driver_sdmmc.a  esp-idf/esp_driver_sdspi/libesp_driver_sdspi.a  esp-idf/esp_driver_rmt/libesp_driver_rmt.a  esp-idf/esp_driver_tsens/libesp_driver_tsens.a  esp-idf/esp_driver_sdm/libesp_driver_sdm.a  esp-idf/esp_driver_i2c/libesp_driver_i2c.a  esp-idf/esp_driver_ledc/libesp_driver_ledc.a  esp-idf/esp_driver_twai/libesp_driver_twai.a  esp-idf/driver/libdriver.a  esp-idf/http_parser/libhttp_parser.a  esp-idf/esp-tls/libesp-tls.a  esp-idf/esp_adc/libesp_adc.a  esp-idf/tcp_transport/libtcp_transport.a  esp-idf/esp_http_client/libesp_http_client.a  esp-idf/esp_http_server/libesp_http_server.a  esp-idf/esp_https_ota/libesp_https_ota.a  esp-idf/mbedtls/mbedtls/library/libmbedtls.a  esp-idf/mbedtls/mbedtls/library/libmbedcrypto.a  esp-idf/mbedtls/mbedtls/library/libmbedx509.a  esp-idf/mbedtls/mbedtls/3rdparty/everest/libeverest.a  esp-idf/mbedtls/mbedtls/3rdparty/p256-m/libp256m.a  /home/tikhon/Документы/magnolia/esp-idf/components/esp_wifi/lib/esp32s3/libcore.a  /home/tikhon/Документы/magnolia/esp-idf/components/esp_wifi/lib/esp32s3/libespnow.a  /home/tikhon/Документы/magnolia/esp-idf/components/esp_wifi/lib/esp32s3/libmesh.a  /home/tikhon/Документы/magnolia/esp-idf/components/esp_wifi/lib/esp32s3/libnet80211.a  /home/tikhon/Документы/magnolia/esp-idf/components/esp_wifi/lib/esp32s3/libpp.a  /home/tikhon/Документы/magnolia/esp-idf/components/esp_wifi/lib/esp32s3/libsmartconfig.a  /home/tikhon/Документы/magnolia/esp-idf/components/esp_wifi/lib/esp32s3/libwapi.a  esp-idf/xtensa/libxtensa.a  esp-idf/esp_app_format/libesp_app_format.a  esp-idf/esp_bootloader_format/libesp_bootloader_format.a  esp-idf/app_update/libapp_update.a  esp-idf/esp_partition/libesp_partition.a  esp-idf/efuse/libefuse.a  esp-idf/esp_security/libesp_security.a  esp-idf/esp_driver_gpio/libesp_driver_gpio.a  esp-idf/esp_pm/libesp_pm.a  esp-idf/mbedtls/libmbedtls.a  esp-idf/bootloader_support/libbootloader_support.a  esp-idf/esp_mm/libesp_mm.a  esp-idf/spi_flash/libspi_flash.a  esp-idf/esp_system/libesp_system.a  esp-idf/esp_common/libesp_common.a  esp-idf/esp_rom/libesp_rom.a  esp-idf/hal/libhal.a  esp-idf/log/liblog.a  esp-idf/heap/libheap.a  esp-idf/soc/libsoc.a  esp-idf/esp_hw_support/libesp_hw_support.a  esp-idf/freertos/libfreertos.a  esp-idf/newlib/libnewlib.a  esp-idf/pthread/libpthread.a  esp-idf/cxx/libcxx.a  esp-idf/esp_timer/libesp_timer.a  esp-idf/esp_driver_gptimer/libesp_driver_gptimer.a  esp-idf/esp_ringbuf/libesp_ringbuf.a  esp-idf/esp_driver_uart/libesp_driver_uart.a  esp-idf/esp_event/libesp_event.a  esp-idf/nvs_flash/libnvs_flash.a  esp-idf/esp_phy/libesp_phy.a  esp-idf/esp_driver_usb_serial_jtag/libesp_driver_usb_serial_jtag.a  esp-idf/esp_vfs_console/libesp_vfs_console.a  esp-idf/vfs/libvfs.a  esp-idf/lwip/liblwip.a  esp-idf/esp_netif/libesp_netif.a  esp-idf/wpa_supplicant/libwpa_supplicant.a  esp-idf/esp_coex/libesp_coex.a  esp-idf/esp_wifi/libesp_wifi.a  esp-idf/esp_driver_spi/libesp_driver_spi.a  esp-idf/esp_gdbstub/libesp_gdbstub.a  esp-idf/esp_driver_pcnt/libesp_driver_pcnt.a  esp-idf/esp_driver_mcpwm/libesp_driver_mcpwm.a  esp-idf/esp_driver_i2s/libesp_driver_i2s.a  esp-idf/sdmmc/libsdmmc.a  esp-idf/esp_driver_sd_intf/libesp_driver_sd_intf.a  esp-idf/esp_driver_sdmmc/libesp_driver_sdmmc.a  esp-idf/esp_driver_sdspi/libesp_driver_sdspi.a  esp-idf/esp_driver_rmt/libesp_driver_rmt.a  esp-idf/esp_driver_tsens/libesp_driver_tsens.a  esp-idf/esp_driver_sdm/libesp_driver_sdm.a  esp-idf/esp_driver_i2c/libesp_driver_i2c.a  esp-idf/esp_driver_ledc/libesp_driver_ledc.a  esp-idf/esp_driver_twai/libesp_driver_twai.a  esp-idf/driver/libdriver.a  esp-idf/http_parser/libhttp_parser.a  esp-idf/esp-tls/libesp-tls.a  esp-idf/esp_adc/libesp_adc.a  esp-idf/tcp_transport/libtcp_transport.a  esp-idf/esp_http_client/libesp_http_client.a  esp-idf/esp_http_server/libesp_http_server.a  esp-idf/esp_https_ota/libesp_https_ota.a  esp-idf/mbedtls/mbedtls/library/libmbedtls.a  esp-idf/mbedtls/mbedtls/library/libmbedcrypto.a  esp-idf/mbedtls/mbedtls/library/libmbedx509.a  esp-idf/mbedtls/mbedtls/3rdparty/everest/libeverest.a  esp-idf/mbedtls/mbedtls/3rdparty/p256-m/libp256m.a  /home/tikhon/Документы/magnolia/esp-idf/components/esp_wifi/lib/esp32s3/libcore.a  /home/tikhon/Документы/magnolia/esp-idf/components/esp_wifi/lib/esp32s3/libespnow.a  /home/tikhon/Документы/magnolia/esp-idf/components/esp_wifi/lib/esp32s3/libmesh.a  /home/tikhon/Документы/magnolia/esp-idf/components/esp_wifi/lib/esp32s3/libnet80211.a  /home/tikhon/Документы/magnolia/esp-idf/components/esp_wifi/lib/esp32s3/libpp.a  /home/tikhon/Документы/magnolia/esp-idf/components/esp_wifi/lib/esp32s3/libsmartconfig.a  /home/tikhon/Документы/magnolia/esp-idf/components/esp_wifi/lib/esp32s3/libwapi.a  /home/tikhon/Документы/magnolia/esp-idf/components/xtensa/esp32s3/libxt_hal.a  -u esp_app_desc  -u esp_efuse_startup_include_func  -u esp_security_init_include_impl  -u ld_include_highint_hdl  -u start_app  -u start_app_other_cores  -u __ubsan_include  -u esp_system_include_startup_funcs  -Wl,--wrap=longjmp  -u __assert_func  -u esp_sleep_gpio_include  -Wl,--undefined=FreeRTOS_openocd_params  -u app_main  -lc  -lm  -u esp_libc_include_heap_impl  -u esp_libc_include_reent_syscalls_impl  -u esp_libc_include_syscalls_impl  -u esp_libc_include_pthread_impl  -u esp_libc_include_assert_impl  -u esp_libc_include_getentropy_impl  -u esp_libc_include_init_funcs  -u esp_libc_init_funcs  -u pthread_include_pthread_impl  -u pthread_include_pthread_cond_var_impl  -u pthread_include_pthread_local_storage_impl  -u pthread_include_pthread_rwlock_impl  -u pthread_include_pthread_semaphore_impl  -Wl,--wrap=__register_frame_info_bases  -Wl,--wrap=__register_frame_info  -Wl,--wrap=__register_frame  -Wl,--wrap=__register_frame_info_table_bases  -Wl,--wrap=__register_frame_info_table  -Wl,--wrap=__register_frame_table  -Wl,--wrap=__deregister_frame_info_bases  -Wl,--wrap=__deregister_frame_info  -Wl,--wrap=_Unwind_Find_FDE  -Wl,--wrap=_Unwind_GetGR  -Wl,--wrap=_Unwind_GetCFA  -Wl,--wrap=_Unwind_GetIP  -Wl,--wrap=_Unwind_GetIPInfo  -Wl,--wrap=_Unwind_GetRegionStart  -Wl,--wrap=_Unwind_GetDataRelBase  -Wl,--wrap=_Unwind_GetTextRelBase  -Wl,--wrap=_Unwind_SetIP  -Wl,--wrap=_Unwind_SetGR  -Wl,--wrap=_Unwind_GetLanguageSpecificData  -Wl,--wrap=_Unwind_FindEnclosingFunction  -Wl,--wrap=_Unwind_Resume  -Wl,--wrap=_Unwind_RaiseException  -Wl,--wrap=_Unwind_DeleteException  -Wl,--wrap=_Unwind_ForcedUnwind  -Wl,--wrap=_Unwind_Resume_or_Rethrow  -Wl,--wrap=_Unwind_Backtrace  -Wl,--wrap=__cxa_call_unexpected  -Wl,--wrap=__gxx_personality_v0  -Wl,--wrap=__cxa_throw  -Wl,--wrap=__cxa_allocate_exception  -lstdc++  esp-idf/pthread/libpthread.a  esp-idf/newlib/libnewlib.a  -u __cxa_guard_dummy  -u __cxx_init_dummy  -lgcc  esp-idf/cxx/libcxx.a  -u __cxx_fatal_exception  -u esp_timer_init_include_func  -u uart_vfs_include_dev_init  -u include_esp_phy_override  -lphy  -lbtbb  esp-idf/esp_phy/libesp_phy.a  -lphy  -lbtbb  esp-idf/esp_phy/libesp_phy.a  -lphy  -lbtbb  -u usb_serial_jtag_vfs_include_dev_init  -u usb_serial_jtag_connection_monitor_include  -u esp_vfs_include_console_register  -u vfs_include_syscalls_impl  -u esp_vfs_include_nullfs_register && :
/home/tikhon/.espressif/tools/xtensa-esp-elf/esp-15.1.0_20250607/xtensa-esp-elf/bin/../lib/gcc/xtensa-esp-elf/15.1.0/../../../../xtensa-esp-elf/bin/ld: esp-idf/freertos/libfreertos.a(app_startup.c.obj):(.literal.main_task+0x34): undefined reference to `app_main'
collect2: error: ld returned 1 exit status
[3/10] Linking CXX executable hexdump.elf
FAILED: hexdump.elf 
: && /home/tikhon/.espressif/tools/xtensa-esp-elf/esp-15.1.0_20250607/xtensa-esp-elf/bin/xtensa-esp32s3-elf-g++ -mlongcalls -fno-builtin-memcpy -fno-builtin-memset -fno-builtin-bzero -nostartfiles    -Wl,--cref -Wl,--defsym=IDF_TARGET_ESP32S3=0 -Wl,--Map=/home/tikhon/Документы/magnolia/applets/rust/rhexdump/build/hexdump.map -Wl,--no-warn-rwx-segments -Wl,--orphan-handling=error -fno-rtti -fno-lto -Wl,--gc-sections -Wl,--warn-common -T esp32s3.peripherals.ld -T esp32s3.rom.ld -T esp32s3.rom.api.ld -T esp32s3.rom.bt_funcs.ld -T esp32s3.rom.libgcc.ld -T esp32s3.rom.wdt.ld -T esp32s3.rom.version.ld -T esp32s3.rom.ble_master.ld -T esp32s3.rom.ble_50.ld -T esp32s3.rom.ble_smp.ld -T esp32s3.rom.ble_dtm.ld -T esp32s3.rom.ble_test.ld -T esp32s3.rom.ble_scan.ld -T esp32s3.rom.libc.ld -T esp32s3.rom.newlib.ld -T memory.ld -T sections.ld CMakeFiles/hexdump.elf.dir/project_elf_src_esp32s3.c.obj -o hexdump.elf -L/home/tikhon/Документы/magnolia/esp-idf/components/soc/esp32s3/ld   -L/home/tikhon/Документы/magnolia/esp-idf/components/esp_rom/esp32s3/ld   -L/home/tikhon/Документы/magnolia/applets/rust/rhexdump/build/esp-idf/esp_system/ld   -L/home/tikhon/Документы/magnolia/esp-idf/components/esp_phy/lib/esp32s3   -L/home/tikhon/Документы/magnolia/esp-idf/components/esp_wifi/lib/esp32s3 esp-idf/xtensa/libxtensa.a  esp-idf/esp_app_format/libesp_app_format.a  esp-idf/esp_bootloader_format/libesp_bootloader_format.a  esp-idf/app_update/libapp_update.a  esp-idf/esp_partition/libesp_partition.a  esp-idf/efuse/libefuse.a  esp-idf/esp_security/libesp_security.a  esp-idf/esp_driver_gpio/libesp_driver_gpio.a  esp-idf/esp_pm/libesp_pm.a  esp-idf/mbedtls/libmbedtls.a  esp-idf/bootloader_support/libbootloader_support.a  esp-idf/esp_mm/libesp_mm.a  esp-idf/spi_flash/libspi_flash.a  esp-idf/esp_system/libesp_system.a  esp-idf/esp_common/libesp_common.a  esp-idf/esp_rom/libesp_rom.a  esp-idf/hal/libhal.a  esp-idf/log/liblog.a  esp-idf/heap/libheap.a  esp-idf/soc/libsoc.a  esp-idf/esp_hw_support/libesp_hw_support.a  esp-idf/freertos/libfreertos.a  esp-idf/newlib/libnewlib.a  esp-idf/pthread/libpthread.a  esp-idf/cxx/libcxx.a  esp-idf/esp_timer/libesp_timer.a  esp-idf/esp_driver_gptimer/libesp_driver_gptimer.a  esp-idf/esp_ringbuf/libesp_ringbuf.a  esp-idf/esp_driver_uart/libesp_driver_uart.a  esp-idf/app_trace/libapp_trace.a  esp-idf/esp_event/libesp_event.a  esp-idf/nvs_flash/libnvs_flash.a  esp-idf/esp_phy/libesp_phy.a  esp-idf/esp_driver_usb_serial_jtag/libesp_driver_usb_serial_jtag.a  esp-idf/esp_vfs_console/libesp_vfs_console.a  esp-idf/vfs/libvfs.a  esp-idf/lwip/liblwip.a  esp-idf/esp_netif/libesp_netif.a  esp-idf/wpa_supplicant/libwpa_supplicant.a  esp-idf/esp_coex/libesp_coex.a  esp-idf/esp_wifi/libesp_wifi.a  esp-idf/esp_driver_spi/libesp_driver_spi.a  esp-idf/esp_gdbstub/libesp_gdbstub.a  esp-idf/unity/libunity.a  esp-idf/cmock/libcmock.a  esp-idf/console/libconsole.a  esp-idf/esp_driver_pcnt/libesp_driver_pcnt.a  esp-idf/esp_driver_mcpwm/libesp_driver_mcpwm.a  esp-idf/esp_driver_i2s/libesp_driver_i2s.a  esp-idf/sdmmc/libsdmmc.a  esp-idf/esp_driver_sd_intf/libesp_driver_sd_intf.a  esp-idf/esp_driver_sdmmc/libesp_driver_sdmmc.a  esp-idf/esp_driver_sdspi/libesp_driver_sdspi.a  esp-idf/esp_driver_rmt/libesp_driver_rmt.a  esp-idf/esp_driver_tsens/libesp_driver_tsens.a  esp-idf/esp_driver_sdm/libesp_driver_sdm.a  esp-idf/esp_driver_i2c/libesp_driver_i2c.a  esp-idf/esp_driver_ledc/libesp_driver_ledc.a  esp-idf/esp_driver_twai/libesp_driver_twai.a  esp-idf/driver/libdriver.a  esp-idf/http_parser/libhttp_parser.a  esp-idf/esp-tls/libesp-tls.a  esp-idf/esp_adc/libesp_adc.a  esp-idf/esp_driver_cam/libesp_driver_cam.a  esp-idf/esp_driver_touch_sens/libesp_driver_touch_sens.a  esp-idf/esp_eth/libesp_eth.a  esp-idf/esp_hid/libesp_hid.a  esp-idf/tcp_transport/libtcp_transport.a  esp-idf/esp_http_client/libesp_http_client.a  esp-idf/esp_http_server/libesp_http_server.a  esp-idf/esp_https_ota/libesp_https_ota.a  esp-idf/esp_https_server/libesp_https_server.a  esp-idf/esp_lcd/libesp_lcd.a  esp-idf/protobuf-c/libprotobuf-c.a  esp-idf/protocomm/libprotocomm.a  esp-idf/esp_local_ctrl/libesp_local_ctrl.a  esp-idf/espcoredump/libespcoredump.a  esp-idf/wear_levelling/libwear_levelling.a  esp-idf/fatfs/libfatfs.a  esp-idf/json/libjson.a  esp-idf/mqtt/libmqtt.a  esp-idf/nvs_sec_provider/libnvs_sec_provider.a  esp-idf/perfmon/libperfmon.a  esp-idf/rt/librt.a  esp-idf/spiffs/libspiffs.a  esp-idf/touch_element/libtouch_element.a  esp-idf/usb/libusb.a  esp-idf/wifi_provisioning/libwifi_provisioning.a  esp-idf/espressif__elf_loader/libespressif__elf_loader.a  esp-idf/main/libmain.a  esp-idf/app_trace/libapp_trace.a  esp-idf/cmock/libcmock.a  esp-idf/unity/libunity.a  esp-idf/esp_driver_cam/libesp_driver_cam.a  esp-idf/esp_driver_touch_sens/libesp_driver_touch_sens.a  esp-idf/esp_eth/libesp_eth.a  esp-idf/esp_hid/libesp_hid.a  esp-idf/esp_lcd/libesp_lcd.a  esp-idf/esp_local_ctrl/libesp_local_ctrl.a  esp-idf/esp_https_server/libesp_https_server.a  esp-idf/espcoredump/libespcoredump.a  -u esp_system_include_coredump_init  esp-idf/fatfs/libfatfs.a  esp-idf/wear_levelling/libwear_levelling.a  esp-idf/mqtt/libmqtt.a  esp-idf/nvs_sec_provider/libnvs_sec_provider.a  -u nvs_sec_provider_include_impl  esp-idf/perfmon/libperfmon.a  esp-idf/rt/librt.a  esp-idf/spiffs/libspiffs.a  esp-idf/touch_element/libtouch_element.a  esp-idf/usb/libusb.a  esp-idf/wifi_provisioning/libwifi_provisioning.a  esp-idf/protocomm/libprotocomm.a  esp-idf/console/libconsole.a  esp-idf/protobuf-c/libprotobuf-c.a  esp-idf/json/libjson.a  esp-idf/espressif__elf_loader/libespressif__elf_loader.a  esp-idf/xtensa/libxtensa.a  esp-idf/esp_app_format/libesp_app_format.a  esp-idf/esp_bootloader_format/libesp_bootloader_format.a  esp-idf/app_update/libapp_update.a  esp-idf/esp_partition/libesp_partition.a  esp-idf/efuse/libefuse.a  esp-idf/esp_security/libesp_security.a  esp-idf/esp_driver_gpio/libesp_driver_gpio.a  esp-idf/esp_pm/libesp_pm.a  esp-idf/mbedtls/libmbedtls.a  esp-idf/bootloader_support/libbootloader_support.a  esp-idf/esp_mm/libesp_mm.a  esp-idf/spi_flash/libspi_flash.a  esp-idf/esp_system/libesp_system.a  esp-idf/esp_common/libesp_common.a  esp-idf/esp_rom/libesp_rom.a  esp-idf/hal/libhal.a  esp-idf/log/liblog.a  esp-idf/heap/libheap.a  esp-idf/soc/libsoc.a  esp-idf/esp_hw_support/libesp_hw_support.a  esp-idf/freertos/libfreertos.a  esp-idf/newlib/libnewlib.a  esp-idf/pthread/libpthread.a  esp-idf/cxx/libcxx.a  esp-idf/esp_timer/libesp_timer.a  esp-idf/esp_driver_gptimer/libesp_driver_gptimer.a  esp-idf/esp_ringbuf/libesp_ringbuf.a  esp-idf/esp_driver_uart/libesp_driver_uart.a  esp-idf/esp_event/libesp_event.a  esp-idf/nvs_flash/libnvs_flash.a  esp-idf/esp_phy/libesp_phy.a  esp-idf/esp_driver_usb_serial_jtag/libesp_driver_usb_serial_jtag.a  esp-idf/esp_vfs_console/libesp_vfs_console.a  esp-idf/vfs/libvfs.a  esp-idf/lwip/liblwip.a  esp-idf/esp_netif/libesp_netif.a  esp-idf/wpa_supplicant/libwpa_supplicant.a  esp-idf/esp_coex/libesp_coex.a  esp-idf/esp_wifi/libesp_wifi.a  esp-idf/esp_driver_spi/libesp_driver_spi.a  esp-idf/esp_gdbstub/libesp_gdbstub.a  esp-idf/esp_driver_pcnt/libesp_driver_pcnt.a  esp-idf/esp_driver_mcpwm/libesp_driver_mcpwm.a  esp-idf/esp_driver_i2s/libesp_driver_i2s.a  esp-idf/sdmmc/libsdmmc.a  esp-idf/esp_driver_sd_intf/libesp_driver_sd_intf.a  esp-idf/esp_driver_sdmmc/libesp_driver_sdmmc.a  esp-idf/esp_driver_sdspi/libesp_driver_sdspi.a  esp-idf/esp_driver_rmt/libesp_driver_rmt.a  esp-idf/esp_driver_tsens/libesp_driver_tsens.a  esp-idf/esp_driver_sdm/libesp_driver_sdm.a  esp-idf/esp_driver_i2c/libesp_driver_i2c.a  esp-idf/esp_driver_ledc/libesp_driver_ledc.a  esp-idf/esp_driver_twai/libesp_driver_twai.a  esp-idf/driver/libdriver.a  esp-idf/http_parser/libhttp_parser.a  esp-idf/esp-tls/libesp-tls.a  esp-idf/esp_adc/libesp_adc.a  esp-idf/tcp_transport/libtcp_transport.a  esp-idf/esp_http_client/libesp_http_client.a  esp-idf/esp_http_server/libesp_http_server.a  esp-idf/esp_https_ota/libesp_https_ota.a  esp-idf/mbedtls/mbedtls/library/libmbedtls.a  esp-idf/mbedtls/mbedtls/library/libmbedcrypto.a  esp-idf/mbedtls/mbedtls/library/libmbedx509.a  esp-idf/mbedtls/mbedtls/3rdparty/everest/libeverest.a  esp-idf/mbedtls/mbedtls/3rdparty/p256-m/libp256m.a  /home/tikhon/Документы/magnolia/esp-idf/components/esp_wifi/lib/esp32s3/libcore.a  /home/tikhon/Документы/magnolia/esp-idf/components/esp_wifi/lib/esp32s3/libespnow.a  /home/tikhon/Документы/magnolia/esp-idf/components/esp_wifi/lib/esp32s3/libmesh.a  /home/tikhon/Документы/magnolia/esp-idf/components/esp_wifi/lib/esp32s3/libnet80211.a  /home/tikhon/Документы/magnolia/esp-idf/components/esp_wifi/lib/esp32s3/libpp.a  /home/tikhon/Документы/magnolia/esp-idf/components/esp_wifi/lib/esp32s3/libsmartconfig.a  /home/tikhon/Документы/magnolia/esp-idf/components/esp_wifi/lib/esp32s3/libwapi.a  esp-idf/xtensa/libxtensa.a  esp-idf/esp_app_format/libesp_app_format.a  esp-idf/esp_bootloader_format/libesp_bootloader_format.a  esp-idf/app_update/libapp_update.a  esp-idf/esp_partition/libesp_partition.a  esp-idf/efuse/libefuse.a  esp-idf/esp_security/libesp_security.a  esp-idf/esp_driver_gpio/libesp_driver_gpio.a  esp-idf/esp_pm/libesp_pm.a  esp-idf/mbedtls/libmbedtls.a  esp-idf/bootloader_support/libbootloader_support.a  esp-idf/esp_mm/libesp_mm.a  esp-idf/spi_flash/libspi_flash.a  esp-idf/esp_system/libesp_system.a  esp-idf/esp_common/libesp_common.a  esp-idf/esp_rom/libesp_rom.a  esp-idf/hal/libhal.a  esp-idf/log/liblog.a  esp-idf/heap/libheap.a  esp-idf/soc/libsoc.a  esp-idf/esp_hw_support/libesp_hw_support.a  esp-idf/freertos/libfreertos.a  esp-idf/newlib/libnewlib.a  esp-idf/pthread/libpthread.a  esp-idf/cxx/libcxx.a  esp-idf/esp_timer/libesp_timer.a  esp-idf/esp_driver_gptimer/libesp_driver_gptimer.a  esp-idf/esp_ringbuf/libesp_ringbuf.a  esp-idf/esp_driver_uart/libesp_driver_uart.a  esp-idf/esp_event/libesp_event.a  esp-idf/nvs_flash/libnvs_flash.a  esp-idf/esp_phy/libesp_phy.a  esp-idf/esp_driver_usb_serial_jtag/libesp_driver_usb_serial_jtag.a  esp-idf/esp_vfs_console/libesp_vfs_console.a  esp-idf/vfs/libvfs.a  esp-idf/lwip/liblwip.a  esp-idf/esp_netif/libesp_netif.a  esp-idf/wpa_supplicant/libwpa_supplicant.a  esp-idf/esp_coex/libesp_coex.a  esp-idf/esp_wifi/libesp_wifi.a  esp-idf/esp_driver_spi/libesp_driver_spi.a  esp-idf/esp_gdbstub/libesp_gdbstub.a  esp-idf/esp_driver_pcnt/libesp_driver_pcnt.a  esp-idf/esp_driver_mcpwm/libesp_driver_mcpwm.a  esp-idf/esp_driver_i2s/libesp_driver_i2s.a  esp-idf/sdmmc/libsdmmc.a  esp-idf/esp_driver_sd_intf/libesp_driver_sd_intf.a  esp-idf/esp_driver_sdmmc/libesp_driver_sdmmc.a  esp-idf/esp_driver_sdspi/libesp_driver_sdspi.a  esp-idf/esp_driver_rmt/libesp_driver_rmt.a  esp-idf/esp_driver_tsens/libesp_driver_tsens.a  esp-idf/esp_driver_sdm/libesp_driver_sdm.a  esp-idf/esp_driver_i2c/libesp_driver_i2c.a  esp-idf/esp_driver_ledc/libesp_driver_ledc.a  esp-idf/esp_driver_twai/libesp_driver_twai.a  esp-idf/driver/libdriver.a  esp-idf/http_parser/libhttp_parser.a  esp-idf/esp-tls/libesp-tls.a  esp-idf/esp_adc/libesp_adc.a  esp-idf/tcp_transport/libtcp_transport.a  esp-idf/esp_http_client/libesp_http_client.a  esp-idf/esp_http_server/libesp_http_server.a  esp-idf/esp_https_ota/libesp_https_ota.a  esp-idf/mbedtls/mbedtls/library/libmbedtls.a  esp-idf/mbedtls/mbedtls/library/libmbedcrypto.a  esp-idf/mbedtls/mbedtls/library/libmbedx509.a  esp-idf/mbedtls/mbedtls/3rdparty/everest/libeverest.a  esp-idf/mbedtls/mbedtls/3rdparty/p256-m/libp256m.a  /home/tikhon/Документы/magnolia/esp-idf/components/esp_wifi/lib/esp32s3/libcore.a  /home/tikhon/Документы/magnolia/esp-idf/components/esp_wifi/lib/esp32s3/libespnow.a  /home/tikhon/Документы/magnolia/esp-idf/components/esp_wifi/lib/esp32s3/libmesh.a  /home/tikhon/Документы/magnolia/esp-idf/components/esp_wifi/lib/esp32s3/libnet80211.a  /home/tikhon/Документы/magnolia/esp-idf/components/esp_wifi/lib/esp32s3/libpp.a  /home/tikhon/Документы/magnolia/esp-idf/components/esp_wifi/lib/esp32s3/libsmartconfig.a  /home/tikhon/Документы/magnolia/esp-idf/components/esp_wifi/lib/esp32s3/libwapi.a  esp-idf/xtensa/libxtensa.a  esp-idf/esp_app_format/libesp_app_format.a  esp-idf/esp_bootloader_format/libesp_bootloader_format.a  esp-idf/app_update/libapp_update.a  esp-idf/esp_partition/libesp_partition.a  esp-idf/efuse/libefuse.a  esp-idf/esp_security/libesp_security.a  esp-idf/esp_driver_gpio/libesp_driver_gpio.a  esp-idf/esp_pm/libesp_pm.a  esp-idf/mbedtls/libmbedtls.a  esp-idf/bootloader_support/libbootloader_support.a  esp-idf/esp_mm/libesp_mm.a  esp-idf/spi_flash/libspi_flash.a  esp-idf/esp_system/libesp_system.a  esp-idf/esp_common/libesp_common.a  esp-idf/esp_rom/libesp_rom.a  esp-idf/hal/libhal.a  esp-idf/log/liblog.a  esp-idf/heap/libheap.a  esp-idf/soc/libsoc.a  esp-idf/esp_hw_support/libesp_hw_support.a  esp-idf/freertos/libfreertos.a  esp-idf/newlib/libnewlib.a  esp-idf/pthread/libpthread.a  esp-idf/cxx/libcxx.a  esp-idf/esp_timer/libesp_timer.a  esp-idf/esp_driver_gptimer/libesp_driver_gptimer.a  esp-idf/esp_ringbuf/libesp_ringbuf.a  esp-idf/esp_driver_uart/libesp_driver_uart.a  esp-idf/esp_event/libesp_event.a  esp-idf/nvs_flash/libnvs_flash.a  esp-idf/esp_phy/libesp_phy.a  esp-idf/esp_driver_usb_serial_jtag/libesp_driver_usb_serial_jtag.a  esp-idf/esp_vfs_console/libesp_vfs_console.a  esp-idf/vfs/libvfs.a  esp-idf/lwip/liblwip.a  esp-idf/esp_netif/libesp_netif.a  esp-idf/wpa_supplicant/libwpa_supplicant.a  esp-idf/esp_coex/libesp_coex.a  esp-idf/esp_wifi/libesp_wifi.a  esp-idf/esp_driver_spi/libesp_driver_spi.a  esp-idf/esp_gdbstub/libesp_gdbstub.a  esp-idf/esp_driver_pcnt/libesp_driver_pcnt.a  esp-idf/esp_driver_mcpwm/libesp_driver_mcpwm.a  esp-idf/esp_driver_i2s/libesp_driver_i2s.a  esp-idf/sdmmc/libsdmmc.a  esp-idf/esp_driver_sd_intf/libesp_driver_sd_intf.a  esp-idf/esp_driver_sdmmc/libesp_driver_sdmmc.a  esp-idf/esp_driver_sdspi/libesp_driver_sdspi.a  esp-idf/esp_driver_rmt/libesp_driver_rmt.a  esp-idf/esp_driver_tsens/libesp_driver_tsens.a  esp-idf/esp_driver_sdm/libesp_driver_sdm.a  esp-idf/esp_driver_i2c/libesp_driver_i2c.a  esp-idf/esp_driver_ledc/libesp_driver_ledc.a  esp-idf/esp_driver_twai/libesp_driver_twai.a  esp-idf/driver/libdriver.a  esp-idf/http_parser/libhttp_parser.a  esp-idf/esp-tls/libesp-tls.a  esp-idf/esp_adc/libesp_adc.a  esp-idf/tcp_transport/libtcp_transport.a  esp-idf/esp_http_client/libesp_http_client.a  esp-idf/esp_http_server/libesp_http_server.a  esp-idf/esp_https_ota/libesp_https_ota.a  esp-idf/mbedtls/mbedtls/library/libmbedtls.a  esp-idf/mbedtls/mbedtls/library/libmbedcrypto.a  esp-idf/mbedtls/mbedtls/library/libmbedx509.a  esp-idf/mbedtls/mbedtls/3rdparty/everest/libeverest.a  esp-idf/mbedtls/mbedtls/3rdparty/p256-m/libp256m.a  /home/tikhon/Документы/magnolia/esp-idf/components/esp_wifi/lib/esp32s3/libcore.a  /home/tikhon/Документы/magnolia/esp-idf/components/esp_wifi/lib/esp32s3/libespnow.a  /home/tikhon/Документы/magnolia/esp-idf/components/esp_wifi/lib/esp32s3/libmesh.a  /home/tikhon/Документы/magnolia/esp-idf/components/esp_wifi/lib/esp32s3/libnet80211.a  /home/tikhon/Документы/magnolia/esp-idf/components/esp_wifi/lib/esp32s3/libpp.a  /home/tikhon/Документы/magnolia/esp-idf/components/esp_wifi/lib/esp32s3/libsmartconfig.a  /home/tikhon/Документы/magnolia/esp-idf/components/esp_wifi/lib/esp32s3/libwapi.a  esp-idf/xtensa/libxtensa.a  esp-idf/esp_app_format/libesp_app_format.a  esp-idf/esp_bootloader_format/libesp_bootloader_format.a  esp-idf/app_update/libapp_update.a  esp-idf/esp_partition/libesp_partition.a  esp-idf/efuse/libefuse.a  esp-idf/esp_security/libesp_security.a  esp-idf/esp_driver_gpio/libesp_driver_gpio.a  esp-idf/esp_pm/libesp_pm.a  esp-idf/mbedtls/libmbedtls.a  esp-idf/bootloader_support/libbootloader_support.a  esp-idf/esp_mm/libesp_mm.a  esp-idf/spi_flash/libspi_flash.a  esp-idf/esp_system/libesp_system.a  esp-idf/esp_common/libesp_common.a  esp-idf/esp_rom/libesp_rom.a  esp-idf/hal/libhal.a  esp-idf/log/liblog.a  esp-idf/heap/libheap.a  esp-idf/soc/libsoc.a  esp-idf/esp_hw_support/libesp_hw_support.a  esp-idf/freertos/libfreertos.a  esp-idf/newlib/libnewlib.a  esp-idf/pthread/libpthread.a  esp-idf/cxx/libcxx.a  esp-idf/esp_timer/libesp_timer.a  esp-idf/esp_driver_gptimer/libesp_driver_gptimer.a  esp-idf/esp_ringbuf/libesp_ringbuf.a  esp-idf/esp_driver_uart/libesp_driver_uart.a  esp-idf/esp_event/libesp_event.a  esp-idf/nvs_flash/libnvs_flash.a  esp-idf/esp_phy/libesp_phy.a  esp-idf/esp_driver_usb_serial_jtag/libesp_driver_usb_serial_jtag.a  esp-idf/esp_vfs_console/libesp_vfs_console.a  esp-idf/vfs/libvfs.a  esp-idf/lwip/liblwip.a  esp-idf/esp_netif/libesp_netif.a  esp-idf/wpa_supplicant/libwpa_supplicant.a  esp-idf/esp_coex/libesp_coex.a  esp-idf/esp_wifi/libesp_wifi.a  esp-idf/esp_driver_spi/libesp_driver_spi.a  esp-idf/esp_gdbstub/libesp_gdbstub.a  esp-idf/esp_driver_pcnt/libesp_driver_pcnt.a  esp-idf/esp_driver_mcpwm/libesp_driver_mcpwm.a  esp-idf/esp_driver_i2s/libesp_driver_i2s.a  esp-idf/sdmmc/libsdmmc.a  esp-idf/esp_driver_sd_intf/libesp_driver_sd_intf.a  esp-idf/esp_driver_sdmmc/libesp_driver_sdmmc.a  esp-idf/esp_driver_sdspi/libesp_driver_sdspi.a  esp-idf/esp_driver_rmt/libesp_driver_rmt.a  esp-idf/esp_driver_tsens/libesp_driver_tsens.a  esp-idf/esp_driver_sdm/libesp_driver_sdm.a  esp-idf/esp_driver_i2c/libesp_driver_i2c.a  esp-idf/esp_driver_ledc/libesp_driver_ledc.a  esp-idf/esp_driver_twai/libesp_driver_twai.a  esp-idf/driver/libdriver.a  esp-idf/http_parser/libhttp_parser.a  esp-idf/esp-tls/libesp-tls.a  esp-idf/esp_adc/libesp_adc.a  esp-idf/tcp_transport/libtcp_transport.a  esp-idf/esp_http_client/libesp_http_client.a  esp-idf/esp_http_server/libesp_http_server.a  esp-idf/esp_https_ota/libesp_https_ota.a  esp-idf/mbedtls/mbedtls/library/libmbedtls.a  esp-idf/mbedtls/mbedtls/library/libmbedcrypto.a  esp-idf/mbedtls/mbedtls/library/libmbedx509.a  esp-idf/mbedtls/mbedtls/3rdparty/everest/libeverest.a  esp-idf/mbedtls/mbedtls/3rdparty/p256-m/libp256m.a  /home/tikhon/Документы/magnolia/esp-idf/components/esp_wifi/lib/esp32s3/libcore.a  /home/tikhon/Документы/magnolia/esp-idf/components/esp_wifi/lib/esp32s3/libespnow.a  /home/tikhon/Документы/magnolia/esp-idf/components/esp_wifi/lib/esp32s3/libmesh.a  /home/tikhon/Документы/magnolia/esp-idf/components/esp_wifi/lib/esp32s3/libnet80211.a  /home/tikhon/Документы/magnolia/esp-idf/components/esp_wifi/lib/esp32s3/libpp.a  /home/tikhon/Документы/magnolia/esp-idf/components/esp_wifi/lib/esp32s3/libsmartconfig.a  /home/tikhon/Документы/magnolia/esp-idf/components/esp_wifi/lib/esp32s3/libwapi.a  esp-idf/xtensa/libxtensa.a  esp-idf/esp_app_format/libesp_app_format.a  esp-idf/esp_bootloader_format/libesp_bootloader_format.a  esp-idf/app_update/libapp_update.a  esp-idf/esp_partition/libesp_partition.a  esp-idf/efuse/libefuse.a  esp-idf/esp_security/libesp_security.a  esp-idf/esp_driver_gpio/libesp_driver_gpio.a  esp-idf/esp_pm/libesp_pm.a  esp-idf/mbedtls/libmbedtls.a  esp-idf/bootloader_support/libbootloader_support.a  esp-idf/esp_mm/libesp_mm.a  esp-idf/spi_flash/libspi_flash.a  esp-idf/esp_system/libesp_system.a  esp-idf/esp_common/libesp_common.a  esp-idf/esp_rom/libesp_rom.a  esp-idf/hal/libhal.a  esp-idf/log/liblog.a  esp-idf/heap/libheap.a  esp-idf/soc/libsoc.a  esp-idf/esp_hw_support/libesp_hw_support.a  esp-idf/freertos/libfreertos.a  esp-idf/newlib/libnewlib.a  esp-idf/pthread/libpthread.a  esp-idf/cxx/libcxx.a  esp-idf/esp_timer/libesp_timer.a  esp-idf/esp_driver_gptimer/libesp_driver_gptimer.a  esp-idf/esp_ringbuf/libesp_ringbuf.a  esp-idf/esp_driver_uart/libesp_driver_uart.a  esp-idf/esp_event/libesp_event.a  esp-idf/nvs_flash/libnvs_flash.a  esp-idf/esp_phy/libesp_phy.a  esp-idf/esp_driver_usb_serial_jtag/libesp_driver_usb_serial_jtag.a  esp-idf/esp_vfs_console/libesp_vfs_console.a  esp-idf/vfs/libvfs.a  esp-idf/lwip/liblwip.a  esp-idf/esp_netif/libesp_netif.a  esp-idf/wpa_supplicant/libwpa_supplicant.a  esp-idf/esp_coex/libesp_coex.a  esp-idf/esp_wifi/libesp_wifi.a  esp-idf/esp_driver_spi/libesp_driver_spi.a  esp-idf/esp_gdbstub/libesp_gdbstub.a  esp-idf/esp_driver_pcnt/libesp_driver_pcnt.a  esp-idf/esp_driver_mcpwm/libesp_driver_mcpwm.a  esp-idf/esp_driver_i2s/libesp_driver_i2s.a  esp-idf/sdmmc/libsdmmc.a  esp-idf/esp_driver_sd_intf/libesp_driver_sd_intf.a  esp-idf/esp_driver_sdmmc/libesp_driver_sdmmc.a  esp-idf/esp_driver_sdspi/libesp_driver_sdspi.a  esp-idf/esp_driver_rmt/libesp_driver_rmt.a  esp-idf/esp_driver_tsens/libesp_driver_tsens.a  esp-idf/esp_driver_sdm/libesp_driver_sdm.a  esp-idf/esp_driver_i2c/libesp_driver_i2c.a  esp-idf/esp_driver_ledc/libesp_driver_ledc.a  esp-idf/esp_driver_twai/libesp_driver_twai.a  esp-idf/driver/libdriver.a  esp-idf/http_parser/libhttp_parser.a  esp-idf/esp-tls/libesp-tls.a  esp-idf/esp_adc/libesp_adc.a  esp-idf/tcp_transport/libtcp_transport.a  esp-idf/esp_http_client/libesp_http_client.a  esp-idf/esp_http_server/libesp_http_server.a  esp-idf/esp_https_ota/libesp_https_ota.a  esp-idf/mbedtls/mbedtls/library/libmbedtls.a  esp-idf/mbedtls/mbedtls/library/libmbedcrypto.a  esp-idf/mbedtls/mbedtls/library/libmbedx509.a  esp-idf/mbedtls/mbedtls/3rdparty/everest/libeverest.a  esp-idf/mbedtls/mbedtls/3rdparty/p256-m/libp256m.a  /home/tikhon/Документы/magnolia/esp-idf/components/esp_wifi/lib/esp32s3/libcore.a  /home/tikhon/Документы/magnolia/esp-idf/components/esp_wifi/lib/esp32s3/libespnow.a  /home/tikhon/Документы/magnolia/esp-idf/components/esp_wifi/lib/esp32s3/libmesh.a  /home/tikhon/Документы/magnolia/esp-idf/components/esp_wifi/lib/esp32s3/libnet80211.a  /home/tikhon/Документы/magnolia/esp-idf/components/esp_wifi/lib/esp32s3/libpp.a  /home/tikhon/Документы/magnolia/esp-idf/components/esp_wifi/lib/esp32s3/libsmartconfig.a  /home/tikhon/Документы/magnolia/esp-idf/components/esp_wifi/lib/esp32s3/libwapi.a  esp-idf/xtensa/libxtensa.a  esp-idf/esp_app_format/libesp_app_format.a  esp-idf/esp_bootloader_format/libesp_bootloader_format.a  esp-idf/app_update/libapp_update.a  esp-idf/esp_partition/libesp_partition.a  esp-idf/efuse/libefuse.a  esp-idf/esp_security/libesp_security.a  esp-idf/esp_driver_gpio/libesp_driver_gpio.a  esp-idf/esp_pm/libesp_pm.a  esp-idf/mbedtls/libmbedtls.a  esp-idf/bootloader_support/libbootloader_support.a  esp-idf/esp_mm/libesp_mm.a  esp-idf/spi_flash/libspi_flash.a  esp-idf/esp_system/libesp_system.a  esp-idf/esp_common/libesp_common.a  esp-idf/esp_rom/libesp_rom.a  esp-idf/hal/libhal.a  esp-idf/log/liblog.a  esp-idf/heap/libheap.a  esp-idf/soc/libsoc.a  esp-idf/esp_hw_support/libesp_hw_support.a  esp-idf/freertos/libfreertos.a  esp-idf/newlib/libnewlib.a  esp-idf/pthread/libpthread.a  esp-idf/cxx/libcxx.a  esp-idf/esp_timer/libesp_timer.a  esp-idf/esp_driver_gptimer/libesp_driver_gptimer.a  esp-idf/esp_ringbuf/libesp_ringbuf.a  esp-idf/esp_driver_uart/libesp_driver_uart.a  esp-idf/esp_event/libesp_event.a  esp-idf/nvs_flash/libnvs_flash.a  esp-idf/esp_phy/libesp_phy.a  esp-idf/esp_driver_usb_serial_jtag/libesp_driver_usb_serial_jtag.a  esp-idf/esp_vfs_console/libesp_vfs_console.a  esp-idf/vfs/libvfs.a  esp-idf/lwip/liblwip.a  esp-idf/esp_netif/libesp_netif.a  esp-idf/wpa_supplicant/libwpa_supplicant.a  esp-idf/esp_coex/libesp_coex.a  esp-idf/esp_wifi/libesp_wifi.a  esp-idf/esp_driver_spi/libesp_driver_spi.a  esp-idf/esp_gdbstub/libesp_gdbstub.a  esp-idf/esp_driver_pcnt/libesp_driver_pcnt.a  esp-idf/esp_driver_mcpwm/libesp_driver_mcpwm.a  esp-idf/esp_driver_i2s/libesp_driver_i2s.a  esp-idf/sdmmc/libsdmmc.a  esp-idf/esp_driver_sd_intf/libesp_driver_sd_intf.a  esp-idf/esp_driver_sdmmc/libesp_driver_sdmmc.a  esp-idf/esp_driver_sdspi/libesp_driver_sdspi.a  esp-idf/esp_driver_rmt/libesp_driver_rmt.a  esp-idf/esp_driver_tsens/libesp_driver_tsens.a  esp-idf/esp_driver_sdm/libesp_driver_sdm.a  esp-idf/esp_driver_i2c/libesp_driver_i2c.a  esp-idf/esp_driver_ledc/libesp_driver_ledc.a  esp-idf/esp_driver_twai/libesp_driver_twai.a  esp-idf/driver/libdriver.a  esp-idf/http_parser/libhttp_parser.a  esp-idf/esp-tls/libesp-tls.a  esp-idf/esp_adc/libesp_adc.a  esp-idf/tcp_transport/libtcp_transport.a  esp-idf/esp_http_client/libesp_http_client.a  esp-idf/esp_http_server/libesp_http_server.a  esp-idf/esp_https_ota/libesp_https_ota.a  esp-idf/mbedtls/mbedtls/library/libmbedtls.a  esp-idf/mbedtls/mbedtls/library/libmbedcrypto.a  esp-idf/mbedtls/mbedtls/library/libmbedx509.a  esp-idf/mbedtls/mbedtls/3rdparty/everest/libeverest.a  esp-idf/mbedtls/mbedtls/3rdparty/p256-m/libp256m.a  /home/tikhon/Документы/magnolia/esp-idf/components/esp_wifi/lib/esp32s3/libcore.a  /home/tikhon/Документы/magnolia/esp-idf/components/esp_wifi/lib/esp32s3/libespnow.a  /home/tikhon/Документы/magnolia/esp-idf/components/esp_wifi/lib/esp32s3/libmesh.a  /home/tikhon/Документы/magnolia/esp-idf/components/esp_wifi/lib/esp32s3/libnet80211.a  /home/tikhon/Документы/magnolia/esp-idf/components/esp_wifi/lib/esp32s3/libpp.a  /home/tikhon/Документы/magnolia/esp-idf/components/esp_wifi/lib/esp32s3/libsmartconfig.a  /home/tikhon/Документы/magnolia/esp-idf/components/esp_wifi/lib/esp32s3/libwapi.a  /home/tikhon/Документы/magnolia/esp-idf/components/xtensa/esp32s3/libxt_hal.a  -u esp_app_desc  -u esp_efuse_startup_include_func  -u esp_security_init_include_impl  -u ld_include_highint_hdl  -u start_app  -u start_app_other_cores  -u __ubsan_include  -u esp_system_include_startup_funcs  -Wl,--wrap=longjmp  -u __assert_func  -u esp_sleep_gpio_include  -Wl,--undefined=FreeRTOS_openocd_params  -u app_main  -lc  -lm  -u esp_libc_include_heap_impl  -u esp_libc_include_reent_syscalls_impl  -u esp_libc_include_syscalls_impl  -u esp_libc_include_pthread_impl  -u esp_libc_include_assert_impl  -u esp_libc_include_getentropy_impl  -u esp_libc_include_init_funcs  -u esp_libc_init_funcs  -u pthread_include_pthread_impl  -u pthread_include_pthread_cond_var_impl  -u pthread_include_pthread_local_storage_impl  -u pthread_include_pthread_rwlock_impl  -u pthread_include_pthread_semaphore_impl  -Wl,--wrap=__register_frame_info_bases  -Wl,--wrap=__register_frame_info  -Wl,--wrap=__register_frame  -Wl,--wrap=__register_frame_info_table_bases  -Wl,--wrap=__register_frame_info_table  -Wl,--wrap=__register_frame_table  -Wl,--wrap=__deregister_frame_info_bases  -Wl,--wrap=__deregister_frame_info  -Wl,--wrap=_Unwind_Find_FDE  -Wl,--wrap=_Unwind_GetGR  -Wl,--wrap=_Unwind_GetCFA  -Wl,--wrap=_Unwind_GetIP  -Wl,--wrap=_Unwind_GetIPInfo  -Wl,--wrap=_Unwind_GetRegionStart  -Wl,--wrap=_Unwind_GetDataRelBase  -Wl,--wrap=_Unwind_GetTextRelBase  -Wl,--wrap=_Unwind_SetIP  -Wl,--wrap=_Unwind_SetGR  -Wl,--wrap=_Unwind_GetLanguageSpecificData  -Wl,--wrap=_Unwind_FindEnclosingFunction  -Wl,--wrap=_Unwind_Resume  -Wl,--wrap=_Unwind_RaiseException  -Wl,--wrap=_Unwind_DeleteException  -Wl,--wrap=_Unwind_ForcedUnwind  -Wl,--wrap=_Unwind_Resume_or_Rethrow  -Wl,--wrap=_Unwind_Backtrace  -Wl,--wrap=__cxa_call_unexpected  -Wl,--wrap=__gxx_personality_v0  -Wl,--wrap=__cxa_throw  -Wl,--wrap=__cxa_allocate_exception  -lstdc++  esp-idf/pthread/libpthread.a  esp-idf/newlib/libnewlib.a  -u __cxa_guard_dummy  -u __cxx_init_dummy  -lgcc  esp-idf/cxx/libcxx.a  -u __cxx_fatal_exception  -u esp_timer_init_include_func  -u uart_vfs_include_dev_init  -u include_esp_phy_override  -lphy  -lbtbb  esp-idf/esp_phy/libesp_phy.a  -lphy  -lbtbb  esp-idf/esp_phy/libesp_phy.a  -lphy  -lbtbb  -u usb_serial_jtag_vfs_include_dev_init  -u usb_serial_jtag_connection_monitor_include  -u esp_vfs_include_console_register  -u vfs_include_syscalls_impl  -u esp_vfs_include_nullfs_register && :
/home/tikhon/.espressif/tools/xtensa-esp-elf/esp-15.1.0_20250607/xtensa-esp-elf/bin/../lib/gcc/xtensa-esp-elf/15.1.0/../../../../xtensa-esp-elf/bin/ld: esp-idf/freertos/libfreertos.a(app_startup.c.obj):(.literal.main_task+0x34): undefined reference to `app_main'
collect2: error: ld returned 1 exit status
Executing action: all (aliases: build)
Running ninja in directory /home/tikhon/Документы/magnolia/applets/rust/rxxd/build
Executing "ninja all"...
[0/2] Re-checking globbed directories...
[1/10] Building C object CMakeFiles/xxd.elf.dir/project_elf_src_esp32s3.c.obj
Executing action: all (aliases: build)
Running ninja in directory /home/tikhon/Документы/magnolia/applets/zig/zhexdump/build
Executing "ninja all"...
[0/2] Re-checking globbed directories...
[2/10] Build Rust staticlib: /home/tikhon/Документы/magnolia/applets/rust/rxxd/build/libxxd.a
FAILED: libxxd.a /home/tikhon/Документы/magnolia/applets/rust/rxxd/build/libxxd.a 
cd /home/tikhon/Документы/magnolia/applets/rust/rxxd/build && /usr/bin/cmake -E env CARGO_TARGET_DIR=/home/tikhon/Документы/magnolia/applets/rust/rxxd/build/rust_target bash -lc "set -euo pipefail;                  if [ -n \"/home/tikhon/export-esp.sh\" ] && [ -f \"/home/tikhon/export-esp.sh\" ]; then . \"/home/tikhon/export-esp.sh\" >/dev/null 2>&1; fi;                  RUSTFLAGS='-C panic=abort' cargo +esp build                      -Zbuild-std=core,alloc,compiler_builtins -Zbuild-std-features=compiler-builtins-mem                    --manifest-path '/home/tikhon/Документы/magnolia/applets/rust/rxxd/rust/Cargo.toml' --release --target 'xtensa-esp32s3-none-elf'" && /usr/bin/cmake -E copy_if_different /home/tikhon/Документы/magnolia/applets/rust/rxxd/build/rust_target/xtensa-esp32s3-none-elf/release/libxxd.a /home/tikhon/Документы/magnolia/applets/rust/rxxd/build/libxxd.a && bash -lc "set -euo pipefail;                  tmp='/home/tikhon/Документы/magnolia/applets/rust/rxxd/build/rust_fixup_xxd';                  rm -rf \"\$tmp\"; mkdir -p \"\$tmp\";                  cd \"\$tmp\";                  '/home/tikhon/.espressif/tools/xtensa-esp-elf/esp-15.1.0_20250607/xtensa-esp-elf/bin/xtensa-esp32s3-elf-ar' x '/home/tikhon/Документы/magnolia/applets/rust/rxxd/build/libxxd.a';                  for obj in *.o; do                    [ -f \"\$obj\" ] || continue;                    for sec in \$(LC_ALL=C readelf -S -W \"\$obj\" | sed -n 's/^[[:space:]]*\\[[[:space:]]*[0-9]\\+\\][[:space:]]\\+\\([^ ]\\+\\).*/\\1/p'); do                      case \"\$sec\" in                        .literal*|.rodata*) '/home/tikhon/.espressif/tools/xtensa-esp-elf/esp-15.1.0_20250607/xtensa-esp-elf/bin/xtensa-esp32s3-elf-objcopy' --set-section-flags \"\$sec\"=alloc,load,contents,data \"\$obj\" || true ;;                      esac;                    done;                  done;                  '/home/tikhon/.espressif/tools/xtensa-esp-elf/esp-15.1.0_20250607/xtensa-esp-elf/bin/xtensa-esp32s3-elf-ar' rcs '/home/tikhon/Документы/magnolia/applets/rust/rxxd/build/libxxd.a' *.o"
   Compiling xxd v0.1.0 (/home/tikhon/Документы/magnolia/applets/rust/rxxd/rust)
error: cannot find macro `format` in this scope
   --> src/lib.rs:234:28
    |
234 |             line.push_str(&format!("{:08x}: ", offset));
    |                            ^^^^^^
    |
help: consider importing this macro
    |
  5 + use alloc::format;
    |

error: cannot find macro `vec` in this scope
   --> src/lib.rs:210:19
    |
210 |     let mut buf = vec![0u8; columns.max(1)];
    |                   ^^^
    |
help: consider importing this macro
    |
  5 + use alloc::vec;
    |

error: could not compile `xxd` (lib) due to 2 previous errors
[1/14] Performing build step for 'bootloader'
[1/1] cd /home/tikhon/Документы/magnolia/applets/zig/zhexdump/build/bootloader && /home/tikhon/.espressif/python_env/idf6.0_py3.12_env/bin/python /home/tikhon/Документы/magnolia/esp-idf/components/partition_table/check_sizes.py --offset 0x8000 bootloader 0x0 /home/tikhon/Документы/magnolia/applets/zig/zhexdump/build/bootloader/bootloader.bin
Bootloader binary size 0x5320 bytes. 0x2ce0 bytes (35%) free.
[2/14] No install step for 'bootloader'
[3/14] Completed 'bootloader'
[4/10] Performing build step for 'bootloader'
[1/123] Building C object esp-idf/log/CMakeFiles/__idf_log.dir/src/noos/util.c.obj
[2/123] Building C object esp-idf/log/CMakeFiles/__idf_log.dir/src/noos/log_lock.c.obj
[3/123] Building C object esp-idf/log/CMakeFiles/__idf_log.dir/src/util.c.obj
[4/123] Building C object esp-idf/esp_rom/CMakeFiles/__idf_esp_rom.dir/patches/esp_rom_crc.c.obj
[5/123] Building ASM object esp-idf/esp_rom/CMakeFiles/__idf_esp_rom.dir/patches/esp_rom_longjmp.S.obj
[6/123] Building C object esp-idf/log/CMakeFiles/__idf_log.dir/src/log_timestamp_common.c.obj
[7/123] Building C object esp-idf/log/CMakeFiles/__idf_log.dir/src/noos/log_timestamp.c.obj
[8/123] Building C object esp-idf/log/CMakeFiles/__idf_log.dir/src/log.c.obj
[9/123] Building C object esp-idf/esp_rom/CMakeFiles/__idf_esp_rom.dir/patches/esp_rom_gpio.c.obj
[10/123] Building C object esp-idf/esp_rom/CMakeFiles/__idf_esp_rom.dir/patches/esp_rom_systimer.c.obj
[11/123] Building C object esp-idf/esp_rom/CMakeFiles/__idf_esp_rom.dir/patches/esp_rom_efuse.c.obj
[12/123] Building C object esp-idf/log/CMakeFiles/__idf_log.dir/src/buffer/log_buffers.c.obj
[13/123] Building C object esp-idf/log/CMakeFiles/__idf_log.dir/src/log_print.c.obj
[14/123] Building C object esp-idf/log/CMakeFiles/__idf_log.dir/src/log_format_text.c.obj
[15/123] Building ASM object esp-idf/esp_rom/CMakeFiles/__idf_esp_rom.dir/patches/esp_rom_cache_writeback_esp32s3.S.obj
[16/123] Building C object esp-idf/esp_rom/CMakeFiles/__idf_esp_rom.dir/patches/esp_rom_sys.c.obj
[17/123] Building C object esp-idf/esp_rom/CMakeFiles/__idf_esp_rom.dir/patches/esp_rom_serial_output.c.obj
[18/123] Building C object esp-idf/esp_rom/CMakeFiles/__idf_esp_rom.dir/patches/esp_rom_spiflash.c.obj
[19/123] Building C object esp-idf/esp_hw_support/CMakeFiles/__idf_esp_hw_support.dir/esp_memory_utils.c.obj
[20/123] Building C object esp-idf/esp_rom/CMakeFiles/__idf_esp_rom.dir/patches/esp_rom_wdt.c.obj
[21/123] Building C object esp-idf/esp_hw_support/CMakeFiles/__idf_esp_hw_support.dir/port/esp32s3/cpu_region_protect.c.obj
[22/123] Building C object esp-idf/esp_hw_support/CMakeFiles/__idf_esp_hw_support.dir/port/esp32s3/esp_cpu_intr.c.obj
[23/123] Linking C static library esp-idf/log/liblog.a
[24/123] Building C object esp-idf/esp_common/CMakeFiles/__idf_esp_common.dir/src/esp_err_to_name.c.obj
[25/123] Building C object esp-idf/esp_hw_support/CMakeFiles/__idf_esp_hw_support.dir/port/esp32s3/chip_info.c.obj
[26/123] Building C object esp-idf/esp_rom/CMakeFiles/__idf_esp_rom.dir/patches/esp_rom_cache_esp32s2_esp32s3.c.obj
[27/123] Building C object esp-idf/esp_hw_support/CMakeFiles/__idf_esp_hw_support.dir/cpu.c.obj
[28/123] Building C object esp-idf/esp_system/CMakeFiles/__idf_esp_system.dir/esp_err.c.obj
[29/123] Building C object esp-idf/esp_hw_support/CMakeFiles/__idf_esp_hw_support.dir/port/esp32s3/rtc_clk_init.c.obj
[30/123] Building C object esp-idf/esp_hw_support/CMakeFiles/__idf_esp_hw_support.dir/port/esp32s3/rtc_sleep.c.obj
[31/123] Building C object esp-idf/efuse/CMakeFiles/__idf_efuse.dir/esp32s3/esp_efuse_table.c.obj
[32/123] Building C object esp-idf/bootloader_support/CMakeFiles/__idf_bootloader_support.dir/src/bootloader_mem.c.obj
[33/123] Building C object esp-idf/efuse/CMakeFiles/__idf_efuse.dir/src/esp_efuse_fields.c.obj
[34/123] Building C object esp-idf/efuse/CMakeFiles/__idf_efuse.dir/esp32s3/esp_efuse_fields.c.obj
[35/123] Building C object esp-idf/esp_hw_support/CMakeFiles/__idf_esp_hw_support.dir/port/esp32s3/rtc_time.c.obj
[36/123] Building C object esp-idf/bootloader_support/CMakeFiles/__idf_bootloader_support.dir/src/bootloader_clock_init.c.obj
[37/123] Building C object esp-idf/efuse/CMakeFiles/__idf_efuse.dir/esp32s3/esp_efuse_rtc_calib.c.obj
[38/123] Building C object esp-idf/bootloader_support/CMakeFiles/__idf_bootloader_support.dir/src/bootloader_efuse.c.obj
[39/123] Building C object esp-idf/bootloader_support/CMakeFiles/__idf_bootloader_support.dir/src/secure_boot.c.obj
[40/123] Building C object esp-idf/esp_rom/CMakeFiles/__idf_esp_rom.dir/patches/esp_rom_print.c.obj
[41/123] Building C object esp-idf/efuse/CMakeFiles/__idf_efuse.dir/src/efuse_controller/keys/with_key_purposes/esp_efuse_api_key.c.obj
[42/123] Building C object esp-idf/bootloader_support/CMakeFiles/__idf_bootloader_support.dir/src/bootloader_common.c.obj
[43/123] Building C object esp-idf/bootloader_support/CMakeFiles/__idf_bootloader_support.dir/src/bootloader_random.c.obj
[44/123] Building C object esp-idf/efuse/CMakeFiles/__idf_efuse.dir/esp32s3/esp_efuse_utility.c.obj
[45/123] Building C object esp-idf/efuse/CMakeFiles/__idf_efuse.dir/src/esp_efuse_utility.c.obj
[46/123] Linking C static library esp-idf/esp_rom/libesp_rom.a
[47/123] Building C object esp-idf/bootloader_support/CMakeFiles/__idf_bootloader_support.dir/src/bootloader_console_loader.c.obj
[48/123] Building C object esp-idf/esp_hw_support/CMakeFiles/__idf_esp_hw_support.dir/port/esp32s3/rtc_clk.c.obj
[49/123] Building C object esp-idf/bootloader_support/CMakeFiles/__idf_bootloader_support.dir/src/bootloader_sha.c.obj
[50/123] Building C object esp-idf/bootloader_support/CMakeFiles/__idf_bootloader_support.dir/src/bootloader_random_esp32s3.c.obj
[51/123] Building C object esp-idf/bootloader_support/CMakeFiles/__idf_bootloader_support.dir/src/bootloader_clock_loader.c.obj
[52/123] Linking C static library esp-idf/esp_common/libesp_common.a
[53/123] Building C object esp-idf/bootloader_support/CMakeFiles/__idf_bootloader_support.dir/src/esp32s3/bootloader_soc.c.obj
[54/123] Building C object esp-idf/bootloader_support/CMakeFiles/__idf_bootloader_support.dir/src/flash_encrypt.c.obj
[55/123] Building C object esp-idf/bootloader_support/CMakeFiles/__idf_bootloader_support.dir/src/flash_partitions.c.obj
[56/123] Building C object esp-idf/bootloader_support/CMakeFiles/__idf_bootloader_support.dir/src/bootloader_console.c.obj
[57/123] Building C object esp-idf/efuse/CMakeFiles/__idf_efuse.dir/src/esp_efuse_api.c.obj
[58/123] Building C object esp-idf/bootloader_support/CMakeFiles/__idf_bootloader_support.dir/src/bootloader_panic.c.obj
[59/123] Building C object esp-idf/esp_hw_support/CMakeFiles/__idf_esp_hw_support.dir/port/esp32s3/rtc_init.c.obj
[60/123] Building C object esp-idf/bootloader_support/CMakeFiles/__idf_bootloader_support.dir/src/bootloader_common_loader.c.obj
[61/123] Building C object esp-idf/bootloader_support/CMakeFiles/__idf_bootloader_support.dir/src/bootloader_init.c.obj
[62/123] Building C object esp-idf/esp_bootloader_format/CMakeFiles/__idf_esp_bootloader_format.dir/esp_bootloader_desc.c.obj
[63/123] Building C object esp-idf/bootloader_support/CMakeFiles/__idf_bootloader_support.dir/src/esp32s3/bootloader_esp32s3.c.obj
[64/123] Building C object esp-idf/hal/CMakeFiles/__idf_hal.dir/efuse_hal.c.obj
[65/123] Building C object esp-idf/soc/CMakeFiles/__idf_soc.dir/lldesc.c.obj
[66/123] Building C object esp-idf/bootloader_support/CMakeFiles/__idf_bootloader_support.dir/bootloader_flash/src/bootloader_flash_config_esp32s3.c.obj
[67/123] Building C object esp-idf/hal/CMakeFiles/__idf_hal.dir/esp32s3/efuse_hal.c.obj
[68/123] Linking C static library esp-idf/esp_hw_support/libesp_hw_support.a
[69/123] Building C object esp-idf/hal/CMakeFiles/__idf_hal.dir/hal_utils.c.obj
[70/123] Building C object esp-idf/hal/CMakeFiles/__idf_hal.dir/mpu_hal.c.obj
[71/123] Building C object esp-idf/soc/CMakeFiles/__idf_soc.dir/dport_access_common.c.obj
[72/123] Building C object esp-idf/soc/CMakeFiles/__idf_soc.dir/esp32s3/interrupts.c.obj
[73/123] Building C object esp-idf/soc/CMakeFiles/__idf_soc.dir/esp32s3/uart_periph.c.obj
[74/123] Building C object esp-idf/soc/CMakeFiles/__idf_soc.dir/esp32s3/dedic_gpio_periph.c.obj
[75/123] Building C object esp-idf/spi_flash/CMakeFiles/__idf_spi_flash.dir/spi_flash_wrap.c.obj
[76/123] Building C object esp-idf/soc/CMakeFiles/__idf_soc.dir/esp32s3/gdma_periph.c.obj
[77/123] Building C object esp-idf/bootloader_support/CMakeFiles/__idf_bootloader_support.dir/bootloader_flash/src/flash_qio_mode.c.obj
[78/123] Building C object esp-idf/soc/CMakeFiles/__idf_soc.dir/esp32s3/gpio_periph.c.obj
[79/123] Building C object esp-idf/soc/CMakeFiles/__idf_soc.dir/esp32s3/adc_periph.c.obj
[80/123] Linking C static library esp-idf/esp_system/libesp_system.a
[81/123] Building C object esp-idf/soc/CMakeFiles/__idf_soc.dir/esp32s3/ledc_periph.c.obj
[82/123] Building C object esp-idf/soc/CMakeFiles/__idf_soc.dir/esp32s3/pcnt_periph.c.obj
[83/123] Building C object esp-idf/soc/CMakeFiles/__idf_soc.dir/esp32s3/i2s_periph.c.obj
[84/123] Building C object esp-idf/soc/CMakeFiles/__idf_soc.dir/esp32s3/lcd_periph.c.obj
[85/123] Building C object esp-idf/soc/CMakeFiles/__idf_soc.dir/esp32s3/rmt_periph.c.obj
[86/123] Building C object esp-idf/soc/CMakeFiles/__idf_soc.dir/esp32s3/spi_periph.c.obj
[87/123] Building C object esp-idf/soc/CMakeFiles/__idf_soc.dir/esp32s3/sdm_periph.c.obj
[88/123] Building C object esp-idf/soc/CMakeFiles/__idf_soc.dir/esp32s3/timer_periph.c.obj
[89/123] Linking C static library esp-idf/efuse/libefuse.a
[90/123] Building C object esp-idf/soc/CMakeFiles/__idf_soc.dir/esp32s3/i2c_periph.c.obj
[91/123] Building C object esp-idf/soc/CMakeFiles/__idf_soc.dir/esp32s3/temperature_sensor_periph.c.obj
[92/123] Building C object esp-idf/soc/CMakeFiles/__idf_soc.dir/esp32s3/mcpwm_periph.c.obj
[93/123] Building C object esp-idf/soc/CMakeFiles/__idf_soc.dir/esp32s3/mpi_periph.c.obj
[94/123] Building C object esp-idf/soc/CMakeFiles/__idf_soc.dir/esp32s3/touch_sensor_periph.c.obj
[95/123] Building C object esp-idf/soc/CMakeFiles/__idf_soc.dir/esp32s3/usb_dwc_periph.c.obj
[96/123] Building C object esp-idf/soc/CMakeFiles/__idf_soc.dir/esp32s3/sdmmc_periph.c.obj
[97/123] Building C object esp-idf/soc/CMakeFiles/__idf_soc.dir/esp32s3/twai_periph.c.obj
[98/123] Building C object esp-idf/hal/CMakeFiles/__idf_hal.dir/mmu_hal.c.obj
[99/123] Building C object esp-idf/soc/CMakeFiles/__idf_soc.dir/esp32s3/cam_periph.c.obj
[100/123] Generating project_elf_src_esp32s3.c
[101/123] Building C object esp-idf/soc/CMakeFiles/__idf_soc.dir/esp32s3/power_supply_periph.c.obj
[102/123] Building C object esp-idf/xtensa/CMakeFiles/__idf_xtensa.dir/eri.c.obj
[103/123] Building C object esp-idf/hal/CMakeFiles/__idf_hal.dir/cache_hal.c.obj
[104/123] Building C object esp-idf/soc/CMakeFiles/__idf_soc.dir/esp32s3/wdt_periph.c.obj
[105/123] Building C object esp-idf/soc/CMakeFiles/__idf_soc.dir/esp32s3/rtc_io_periph.c.obj
[106/123] Building C object esp-idf/bootloader_support/CMakeFiles/__idf_bootloader_support.dir/src/bootloader_utility.c.obj
[107/123] Building C object esp-idf/bootloader_support/CMakeFiles/__idf_bootloader_support.dir/src/esp_image_format.c.obj
[108/123] Building C object CMakeFiles/bootloader.elf.dir/project_elf_src_esp32s3.c.obj
[109/123] Building C object esp-idf/xtensa/CMakeFiles/__idf_xtensa.dir/xt_trax.c.obj
[110/123] Building C object esp-idf/main/CMakeFiles/__idf_main.dir/bootloader_start.c.obj
[111/123] Building C object esp-idf/bootloader_support/CMakeFiles/__idf_bootloader_support.dir/bootloader_flash/src/bootloader_flash.c.obj
[112/123] Linking C static library esp-idf/bootloader_support/libbootloader_support.a
[113/123] Linking C static library esp-idf/esp_bootloader_format/libesp_bootloader_format.a
[114/123] Linking C static library esp-idf/spi_flash/libspi_flash.a
[115/123] Linking C static library esp-idf/hal/libhal.a
[116/123] Building C object esp-idf/micro-ecc/CMakeFiles/__idf_micro-ecc.dir/uECC_verify_antifault.c.obj
[117/123] Linking C static library esp-idf/micro-ecc/libmicro-ecc.a
[118/123] Linking C static library esp-idf/soc/libsoc.a
[119/123] Linking C static library esp-idf/xtensa/libxtensa.a
[120/123] Linking C static library esp-idf/main/libmain.a
[121/123] Linking C executable bootloader.elf
[122/123] Generating binary image from built executable
Warning: Deprecated: Option '--flash_mode' is deprecated. Use '--flash-mode' instead.
Warning: Deprecated: Option '--flash_freq' is deprecated. Use '--flash-freq' instead.
Warning: Deprecated: Option '--flash_size' is deprecated. Use '--flash-size' instead.
esptool v5.2.dev1
Creating ESP32S3 image...
Merged 2 ELF sections.
Successfully created ESP32S3 image.
Generated /home/tikhon/Документы/magnolia/applets/rust/rdd/build/bootloader/bootloader.bin
[123/123] cd /home/tikhon/Документы/magnolia/applets/rust/rdd/build/bootloader && /home/tikhon/.espressif/python_env/idf6.0_py3.12_env/bin/python /home/tikhon/Документы/magnolia/esp-idf/components/partition_table/check_sizes.py --offset 0x8000 bootloader 0x0 /home/tikhon/Документы/magnolia/applets/rust/rdd/build/bootloader/bootloader.bin
Bootloader binary size 0x5320 bytes. 0x2ce0 bytes (35%) free.
ninja: build stopped: subcommand failed.
Executing action: all (aliases: build)
Running ninja in directory /home/tikhon/Документы/magnolia/applets/zig/zdd/build
Executing "ninja all"...
[0/2] Re-checking globbed directories...
Executing action: all (aliases: build)
Running ninja in directory /home/tikhon/Документы/magnolia/applets/zig/zxxd/build
Executing "ninja all"...
[0/2] Re-checking globbed directories...
[1/14] Performing build step for 'bootloader'
[1/1] cd /home/tikhon/Документы/magnolia/applets/zig/zdd/build/bootloader && /home/tikhon/.espressif/python_env/idf6.0_py3.12_env/bin/python /home/tikhon/Документы/magnolia/esp-idf/components/partition_table/check_sizes.py --offset 0x8000 bootloader 0x0 /home/tikhon/Документы/magnolia/applets/zig/zdd/build/bootloader/bootloader.bin
Bootloader binary size 0x5320 bytes. 0x2ce0 bytes (35%) free.
[4/10] Performing build step for 'bootloader'
[1/123] Building C object esp-idf/log/CMakeFiles/__idf_log.dir/src/noos/log_lock.c.obj
[2/123] Building C object esp-idf/log/CMakeFiles/__idf_log.dir/src/noos/util.c.obj
[3/123] Building C object esp-idf/log/CMakeFiles/__idf_log.dir/src/util.c.obj
[4/123] Building ASM object esp-idf/esp_rom/CMakeFiles/__idf_esp_rom.dir/patches/esp_rom_longjmp.S.obj
[5/123] Building C object esp-idf/esp_rom/CMakeFiles/__idf_esp_rom.dir/patches/esp_rom_crc.c.obj
[6/123] Building C object esp-idf/esp_rom/CMakeFiles/__idf_esp_rom.dir/patches/esp_rom_serial_output.c.obj
[2/14] No install step for 'bootloader'
[7/123] Building C object esp-idf/log/CMakeFiles/__idf_log.dir/src/log_timestamp_common.c.obj
[8/123] Building ASM object esp-idf/esp_rom/CMakeFiles/__idf_esp_rom.dir/patches/esp_rom_cache_writeback_esp32s3.S.obj
[9/123] Building C object esp-idf/esp_rom/CMakeFiles/__idf_esp_rom.dir/patches/esp_rom_efuse.c.obj
[10/123] Building C object esp-idf/log/CMakeFiles/__idf_log.dir/src/noos/log_timestamp.c.obj
[11/123] Building C object esp-idf/esp_rom/CMakeFiles/__idf_esp_rom.dir/patches/esp_rom_gpio.c.obj
[12/123] Building C object esp-idf/esp_rom/CMakeFiles/__idf_esp_rom.dir/patches/esp_rom_systimer.c.obj
[13/123] Building C object esp-idf/esp_hw_support/CMakeFiles/__idf_esp_hw_support.dir/port/esp32s3/esp_cpu_intr.c.obj
[14/123] Building C object esp-idf/log/CMakeFiles/__idf_log.dir/src/log_print.c.obj
[15/123] Building C object esp-idf/esp_common/CMakeFiles/__idf_esp_common.dir/src/esp_err_to_name.c.obj
[16/123] Building C object esp-idf/log/CMakeFiles/__idf_log.dir/src/log.c.obj
[17/123] Building C object esp-idf/esp_rom/CMakeFiles/__idf_esp_rom.dir/patches/esp_rom_spiflash.c.obj
[18/123] Building C object esp-idf/esp_hw_support/CMakeFiles/__idf_esp_hw_support.dir/esp_memory_utils.c.obj
[19/123] Building C object esp-idf/log/CMakeFiles/__idf_log.dir/src/buffer/log_buffers.c.obj
[20/123] Building C object esp-idf/log/CMakeFiles/__idf_log.dir/src/log_format_text.c.obj
[21/123] Building C object esp-idf/esp_rom/CMakeFiles/__idf_esp_rom.dir/patches/esp_rom_sys.c.obj
[22/123] Building C object esp-idf/esp_rom/CMakeFiles/__idf_esp_rom.dir/patches/esp_rom_wdt.c.obj
[23/123] Building C object esp-idf/esp_hw_support/CMakeFiles/__idf_esp_hw_support.dir/port/esp32s3/cpu_region_protect.c.obj
[24/123] Building C object esp-idf/esp_rom/CMakeFiles/__idf_esp_rom.dir/patches/esp_rom_cache_esp32s2_esp32s3.c.obj
[25/123] Building C object esp-idf/esp_hw_support/CMakeFiles/__idf_esp_hw_support.dir/port/esp32s3/rtc_clk_init.c.obj
[26/123] Building C object esp-idf/esp_hw_support/CMakeFiles/__idf_esp_hw_support.dir/cpu.c.obj
[27/123] Linking C static library esp-idf/log/liblog.a
[28/123] Building C object esp-idf/efuse/CMakeFiles/__idf_efuse.dir/esp32s3/esp_efuse_fields.c.obj
[29/123] Building C object esp-idf/efuse/CMakeFiles/__idf_efuse.dir/esp32s3/esp_efuse_rtc_calib.c.obj
[30/123] Building C object esp-idf/esp_hw_support/CMakeFiles/__idf_esp_hw_support.dir/port/esp32s3/chip_info.c.obj
[31/123] Building C object esp-idf/esp_system/CMakeFiles/__idf_esp_system.dir/esp_err.c.obj
[32/123] Building C object esp-idf/efuse/CMakeFiles/__idf_efuse.dir/esp32s3/esp_efuse_table.c.obj
[33/123] Building C object esp-idf/efuse/CMakeFiles/__idf_efuse.dir/esp32s3/esp_efuse_utility.c.obj
[34/123] Building C object esp-idf/esp_hw_support/CMakeFiles/__idf_esp_hw_support.dir/port/esp32s3/rtc_time.c.obj
[35/123] Building C object esp-idf/bootloader_support/CMakeFiles/__idf_bootloader_support.dir/src/bootloader_mem.c.obj
[36/123] Building C object esp-idf/efuse/CMakeFiles/__idf_efuse.dir/src/esp_efuse_fields.c.obj
[37/123] Building C object esp-idf/bootloader_support/CMakeFiles/__idf_bootloader_support.dir/src/bootloader_random.c.obj
[38/123] Building C object esp-idf/bootloader_support/CMakeFiles/__idf_bootloader_support.dir/src/secure_boot.c.obj
[39/123] Building C object esp-idf/bootloader_support/CMakeFiles/__idf_bootloader_support.dir/src/bootloader_efuse.c.obj
[40/123] Building C object esp-idf/bootloader_support/CMakeFiles/__idf_bootloader_support.dir/src/bootloader_clock_init.c.obj
[41/123] Building C object esp-idf/efuse/CMakeFiles/__idf_efuse.dir/src/esp_efuse_api.c.obj
[42/123] Building C object esp-idf/bootloader_support/CMakeFiles/__idf_bootloader_support.dir/src/flash_encrypt.c.obj
[43/123] Building C object esp-idf/esp_hw_support/CMakeFiles/__idf_esp_hw_support.dir/port/esp32s3/rtc_sleep.c.obj
[44/123] Building C object esp-idf/esp_rom/CMakeFiles/__idf_esp_rom.dir/patches/esp_rom_print.c.obj
[45/123] Building C object esp-idf/bootloader_support/CMakeFiles/__idf_bootloader_support.dir/src/flash_partitions.c.obj
[46/123] Building C object esp-idf/bootloader_support/CMakeFiles/__idf_bootloader_support.dir/src/bootloader_sha.c.obj
[47/123] Building C object esp-idf/bootloader_support/CMakeFiles/__idf_bootloader_support.dir/src/bootloader_common.c.obj
[48/123] Building C object esp-idf/esp_hw_support/CMakeFiles/__idf_esp_hw_support.dir/port/esp32s3/rtc_clk.c.obj
[49/123] Linking C static library esp-idf/esp_rom/libesp_rom.a
[50/123] Building C object esp-idf/efuse/CMakeFiles/__idf_efuse.dir/src/esp_efuse_utility.c.obj
[51/123] Building C object esp-idf/efuse/CMakeFiles/__idf_efuse.dir/src/efuse_controller/keys/with_key_purposes/esp_efuse_api_key.c.obj
[52/123] Building C object esp-idf/bootloader_support/CMakeFiles/__idf_bootloader_support.dir/src/bootloader_console_loader.c.obj
[53/123] Building C object esp-idf/bootloader_support/CMakeFiles/__idf_bootloader_support.dir/src/bootloader_clock_loader.c.obj
[54/123] Building C object esp-idf/bootloader_support/CMakeFiles/__idf_bootloader_support.dir/src/bootloader_random_esp32s3.c.obj
[55/123] Building C object esp-idf/esp_hw_support/CMakeFiles/__idf_esp_hw_support.dir/port/esp32s3/rtc_init.c.obj
[56/123] Building C object esp-idf/bootloader_support/CMakeFiles/__idf_bootloader_support.dir/bootloader_flash/src/bootloader_flash_config_esp32s3.c.obj
[57/123] Linking C static library esp-idf/esp_common/libesp_common.a
[58/123] Building C object esp-idf/bootloader_support/CMakeFiles/__idf_bootloader_support.dir/src/esp32s3/bootloader_soc.c.obj
[59/123] Building C object esp-idf/bootloader_support/CMakeFiles/__idf_bootloader_support.dir/src/bootloader_common_loader.c.obj
[60/123] Building C object esp-idf/bootloader_support/CMakeFiles/__idf_bootloader_support.dir/bootloader_flash/src/flash_qio_mode.c.obj
[61/123] Building C object esp-idf/esp_bootloader_format/CMakeFiles/__idf_esp_bootloader_format.dir/esp_bootloader_desc.c.obj
[62/123] Building C object esp-idf/bootloader_support/CMakeFiles/__idf_bootloader_support.dir/src/bootloader_console.c.obj
[63/123] Building C object esp-idf/spi_flash/CMakeFiles/__idf_spi_flash.dir/spi_flash_wrap.c.obj
[64/123] Linking C static library esp-idf/esp_hw_support/libesp_hw_support.a
[65/123] Building C object esp-idf/soc/CMakeFiles/__idf_soc.dir/dport_access_common.c.obj
[66/123] Building C object esp-idf/bootloader_support/CMakeFiles/__idf_bootloader_support.dir/src/bootloader_panic.c.obj
[67/123] Building C object esp-idf/hal/CMakeFiles/__idf_hal.dir/esp32s3/efuse_hal.c.obj
[68/123] Building C object esp-idf/hal/CMakeFiles/__idf_hal.dir/mpu_hal.c.obj
[69/123] Building C object esp-idf/soc/CMakeFiles/__idf_soc.dir/lldesc.c.obj
[70/123] Building C object esp-idf/soc/CMakeFiles/__idf_soc.dir/esp32s3/interrupts.c.obj
[71/123] Building C object esp-idf/hal/CMakeFiles/__idf_hal.dir/efuse_hal.c.obj
[72/123] Building C object esp-idf/bootloader_support/CMakeFiles/__idf_bootloader_support.dir/src/bootloader_utility.c.obj
[73/123] Building C object esp-idf/bootloader_support/CMakeFiles/__idf_bootloader_support.dir/src/bootloader_init.c.obj
[74/123] Linking C static library esp-idf/esp_system/libesp_system.a
[75/123] Building C object esp-idf/soc/CMakeFiles/__idf_soc.dir/esp32s3/pcnt_periph.c.obj
[76/123] Building C object esp-idf/hal/CMakeFiles/__idf_hal.dir/hal_utils.c.obj
[77/123] Building C object esp-idf/soc/CMakeFiles/__idf_soc.dir/esp32s3/gdma_periph.c.obj
[78/123] Building C object esp-idf/soc/CMakeFiles/__idf_soc.dir/esp32s3/adc_periph.c.obj
[79/123] Building C object esp-idf/hal/CMakeFiles/__idf_hal.dir/mmu_hal.c.obj
[80/123] Building C object esp-idf/soc/CMakeFiles/__idf_soc.dir/esp32s3/gpio_periph.c.obj
[81/123] Building C object esp-idf/soc/CMakeFiles/__idf_soc.dir/esp32s3/uart_periph.c.obj
[82/123] Building C object esp-idf/soc/CMakeFiles/__idf_soc.dir/esp32s3/dedic_gpio_periph.c.obj
[83/123] Building C object esp-idf/soc/CMakeFiles/__idf_soc.dir/esp32s3/ledc_periph.c.obj
[84/123] Building C object esp-idf/bootloader_support/CMakeFiles/__idf_bootloader_support.dir/src/esp32s3/bootloader_esp32s3.c.obj
[85/123] Building C object esp-idf/soc/CMakeFiles/__idf_soc.dir/esp32s3/rmt_periph.c.obj
[86/123] Building C object esp-idf/soc/CMakeFiles/__idf_soc.dir/esp32s3/sdm_periph.c.obj
[87/123] Linking C static library esp-idf/efuse/libefuse.a
[88/123] Building C object esp-idf/soc/CMakeFiles/__idf_soc.dir/esp32s3/timer_periph.c.obj
[89/123] Building C object esp-idf/soc/CMakeFiles/__idf_soc.dir/esp32s3/spi_periph.c.obj
[90/123] Building C object esp-idf/soc/CMakeFiles/__idf_soc.dir/esp32s3/temperature_sensor_periph.c.obj
[91/123] Building C object esp-idf/soc/CMakeFiles/__idf_soc.dir/esp32s3/lcd_periph.c.obj
[92/123] Building C object esp-idf/soc/CMakeFiles/__idf_soc.dir/esp32s3/i2s_periph.c.obj
[93/123] Building C object esp-idf/soc/CMakeFiles/__idf_soc.dir/esp32s3/sdmmc_periph.c.obj
[94/123] Building C object esp-idf/hal/CMakeFiles/__idf_hal.dir/cache_hal.c.obj
[95/123] Building C object esp-idf/soc/CMakeFiles/__idf_soc.dir/esp32s3/i2c_periph.c.obj
[96/123] Building C object esp-idf/soc/CMakeFiles/__idf_soc.dir/esp32s3/twai_periph.c.obj
[97/123] Building C object esp-idf/soc/CMakeFiles/__idf_soc.dir/esp32s3/wdt_periph.c.obj
[98/123] Building C object esp-idf/soc/CMakeFiles/__idf_soc.dir/esp32s3/mcpwm_periph.c.obj
[99/123] Building C object esp-idf/soc/CMakeFiles/__idf_soc.dir/esp32s3/touch_sensor_periph.c.obj
[100/123] Generating project_elf_src_esp32s3.c
[101/123] Building C object esp-idf/soc/CMakeFiles/__idf_soc.dir/esp32s3/usb_dwc_periph.c.obj
[102/123] Building C object esp-idf/soc/CMakeFiles/__idf_soc.dir/esp32s3/cam_periph.c.obj
[103/123] Building C object esp-idf/xtensa/CMakeFiles/__idf_xtensa.dir/eri.c.obj
[104/123] Building C object esp-idf/soc/CMakeFiles/__idf_soc.dir/esp32s3/power_supply_periph.c.obj
[105/123] Building C object esp-idf/soc/CMakeFiles/__idf_soc.dir/esp32s3/mpi_periph.c.obj
[106/123] Building C object esp-idf/xtensa/CMakeFiles/__idf_xtensa.dir/xt_trax.c.obj
[107/123] Building C object CMakeFiles/bootloader.elf.dir/project_elf_src_esp32s3.c.obj
[108/123] Building C object esp-idf/bootloader_support/CMakeFiles/__idf_bootloader_support.dir/bootloader_flash/src/bootloader_flash.c.obj
[109/123] Building C object esp-idf/soc/CMakeFiles/__idf_soc.dir/esp32s3/rtc_io_periph.c.obj
[110/123] Building C object esp-idf/main/CMakeFiles/__idf_main.dir/bootloader_start.c.obj
[111/123] Building C object esp-idf/bootloader_support/CMakeFiles/__idf_bootloader_support.dir/src/esp_image_format.c.obj
[112/123] Linking C static library esp-idf/bootloader_support/libbootloader_support.a
[113/123] Linking C static library esp-idf/esp_bootloader_format/libesp_bootloader_format.a
[114/123] Linking C static library esp-idf/spi_flash/libspi_flash.a
[115/123] Linking C static library esp-idf/hal/libhal.a
[116/123] Building C object esp-idf/micro-ecc/CMakeFiles/__idf_micro-ecc.dir/uECC_verify_antifault.c.obj
[117/123] Linking C static library esp-idf/micro-ecc/libmicro-ecc.a
[118/123] Linking C static library esp-idf/soc/libsoc.a
[119/123] Linking C static library esp-idf/xtensa/libxtensa.a
[120/123] Linking C static library esp-idf/main/libmain.a
[121/123] Linking C executable bootloader.elf
[122/123] Generating binary image from built executable
Warning: Deprecated: Option '--flash_mode' is deprecated. Use '--flash-mode' instead.
Warning: Deprecated: Option '--flash_freq' is deprecated. Use '--flash-freq' instead.
Warning: Deprecated: Option '--flash_size' is deprecated. Use '--flash-size' instead.
esptool v5.2.dev1
Creating ESP32S3 image...
Merged 2 ELF sections.
Successfully created ESP32S3 image.
Generated /home/tikhon/Документы/magnolia/applets/rust/rhexdump/build/bootloader/bootloader.bin
[123/123] cd /home/tikhon/Документы/magnolia/applets/rust/rhexdump/build/bootloader && /home/tikhon/.espressif/python_env/idf6.0_py3.12_env/bin/python /home/tikhon/Документы/magnolia/esp-idf/components/partition_table/check_sizes.py --offset 0x8000 bootloader 0x0 /home/tikhon/Документы/magnolia/applets/rust/rhexdump/build/bootloader/bootloader.bin
Bootloader binary size 0x5320 bytes. 0x2ce0 bytes (35%) free.
ninja: build stopped: subcommand failed.
[3/10] Linking CXX executable xxd.elf
FAILED: xxd.elf 
: && /home/tikhon/.espressif/tools/xtensa-esp-elf/esp-15.1.0_20250607/xtensa-esp-elf/bin/xtensa-esp32s3-elf-g++ -mlongcalls -fno-builtin-memcpy -fno-builtin-memset -fno-builtin-bzero -nostartfiles    -Wl,--cref -Wl,--defsym=IDF_TARGET_ESP32S3=0 -Wl,--Map=/home/tikhon/Документы/magnolia/applets/rust/rxxd/build/xxd.map -Wl,--no-warn-rwx-segments -Wl,--orphan-handling=error -fno-rtti -fno-lto -Wl,--gc-sections -Wl,--warn-common -T esp32s3.peripherals.ld -T esp32s3.rom.ld -T esp32s3.rom.api.ld -T esp32s3.rom.bt_funcs.ld -T esp32s3.rom.libgcc.ld -T esp32s3.rom.wdt.ld -T esp32s3.rom.version.ld -T esp32s3.rom.ble_master.ld -T esp32s3.rom.ble_50.ld -T esp32s3.rom.ble_smp.ld -T esp32s3.rom.ble_dtm.ld -T esp32s3.rom.ble_test.ld -T esp32s3.rom.ble_scan.ld -T esp32s3.rom.libc.ld -T esp32s3.rom.newlib.ld -T memory.ld -T sections.ld CMakeFiles/xxd.elf.dir/project_elf_src_esp32s3.c.obj -o xxd.elf -L/home/tikhon/Документы/magnolia/esp-idf/components/soc/esp32s3/ld   -L/home/tikhon/Документы/magnolia/esp-idf/components/esp_rom/esp32s3/ld   -L/home/tikhon/Документы/magnolia/applets/rust/rxxd/build/esp-idf/esp_system/ld   -L/home/tikhon/Документы/magnolia/esp-idf/components/esp_phy/lib/esp32s3   -L/home/tikhon/Документы/magnolia/esp-idf/components/esp_wifi/lib/esp32s3 esp-idf/xtensa/libxtensa.a  esp-idf/esp_app_format/libesp_app_format.a  esp-idf/esp_bootloader_format/libesp_bootloader_format.a  esp-idf/app_update/libapp_update.a  esp-idf/esp_partition/libesp_partition.a  esp-idf/efuse/libefuse.a  esp-idf/esp_security/libesp_security.a  esp-idf/esp_driver_gpio/libesp_driver_gpio.a  esp-idf/esp_pm/libesp_pm.a  esp-idf/mbedtls/libmbedtls.a  esp-idf/bootloader_support/libbootloader_support.a  esp-idf/esp_mm/libesp_mm.a  esp-idf/spi_flash/libspi_flash.a  esp-idf/esp_system/libesp_system.a  esp-idf/esp_common/libesp_common.a  esp-idf/esp_rom/libesp_rom.a  esp-idf/hal/libhal.a  esp-idf/log/liblog.a  esp-idf/heap/libheap.a  esp-idf/soc/libsoc.a  esp-idf/esp_hw_support/libesp_hw_support.a  esp-idf/freertos/libfreertos.a  esp-idf/newlib/libnewlib.a  esp-idf/pthread/libpthread.a  esp-idf/cxx/libcxx.a  esp-idf/esp_timer/libesp_timer.a  esp-idf/esp_driver_gptimer/libesp_driver_gptimer.a  esp-idf/esp_ringbuf/libesp_ringbuf.a  esp-idf/esp_driver_uart/libesp_driver_uart.a  esp-idf/app_trace/libapp_trace.a  esp-idf/esp_event/libesp_event.a  esp-idf/nvs_flash/libnvs_flash.a  esp-idf/esp_phy/libesp_phy.a  esp-idf/esp_driver_usb_serial_jtag/libesp_driver_usb_serial_jtag.a  esp-idf/esp_vfs_console/libesp_vfs_console.a  esp-idf/vfs/libvfs.a  esp-idf/lwip/liblwip.a  esp-idf/esp_netif/libesp_netif.a  esp-idf/wpa_supplicant/libwpa_supplicant.a  esp-idf/esp_coex/libesp_coex.a  esp-idf/esp_wifi/libesp_wifi.a  esp-idf/esp_driver_spi/libesp_driver_spi.a  esp-idf/esp_gdbstub/libesp_gdbstub.a  esp-idf/unity/libunity.a  esp-idf/cmock/libcmock.a  esp-idf/console/libconsole.a  esp-idf/esp_driver_pcnt/libesp_driver_pcnt.a  esp-idf/esp_driver_mcpwm/libesp_driver_mcpwm.a  esp-idf/esp_driver_i2s/libesp_driver_i2s.a  esp-idf/sdmmc/libsdmmc.a  esp-idf/esp_driver_sd_intf/libesp_driver_sd_intf.a  esp-idf/esp_driver_sdmmc/libesp_driver_sdmmc.a  esp-idf/esp_driver_sdspi/libesp_driver_sdspi.a  esp-idf/esp_driver_rmt/libesp_driver_rmt.a  esp-idf/esp_driver_tsens/libesp_driver_tsens.a  esp-idf/esp_driver_sdm/libesp_driver_sdm.a  esp-idf/esp_driver_i2c/libesp_driver_i2c.a  esp-idf/esp_driver_ledc/libesp_driver_ledc.a  esp-idf/esp_driver_twai/libesp_driver_twai.a  esp-idf/driver/libdriver.a  esp-idf/http_parser/libhttp_parser.a  esp-idf/esp-tls/libesp-tls.a  esp-idf/esp_adc/libesp_adc.a  esp-idf/esp_driver_cam/libesp_driver_cam.a  esp-idf/esp_driver_touch_sens/libesp_driver_touch_sens.a  esp-idf/esp_eth/libesp_eth.a  esp-idf/esp_hid/libesp_hid.a  esp-idf/tcp_transport/libtcp_transport.a  esp-idf/esp_http_client/libesp_http_client.a  esp-idf/esp_http_server/libesp_http_server.a  esp-idf/esp_https_ota/libesp_https_ota.a  esp-idf/esp_https_server/libesp_https_server.a  esp-idf/esp_lcd/libesp_lcd.a  esp-idf/protobuf-c/libprotobuf-c.a  esp-idf/protocomm/libprotocomm.a  esp-idf/esp_local_ctrl/libesp_local_ctrl.a  esp-idf/espcoredump/libespcoredump.a  esp-idf/wear_levelling/libwear_levelling.a  esp-idf/fatfs/libfatfs.a  esp-idf/json/libjson.a  esp-idf/mqtt/libmqtt.a  esp-idf/nvs_sec_provider/libnvs_sec_provider.a  esp-idf/perfmon/libperfmon.a  esp-idf/rt/librt.a  esp-idf/spiffs/libspiffs.a  esp-idf/touch_element/libtouch_element.a  esp-idf/usb/libusb.a  esp-idf/wifi_provisioning/libwifi_provisioning.a  esp-idf/espressif__elf_loader/libespressif__elf_loader.a  esp-idf/main/libmain.a  esp-idf/app_trace/libapp_trace.a  esp-idf/cmock/libcmock.a  esp-idf/unity/libunity.a  esp-idf/esp_driver_cam/libesp_driver_cam.a  esp-idf/esp_driver_touch_sens/libesp_driver_touch_sens.a  esp-idf/esp_eth/libesp_eth.a  esp-idf/esp_hid/libesp_hid.a  esp-idf/esp_lcd/libesp_lcd.a  esp-idf/esp_local_ctrl/libesp_local_ctrl.a  esp-idf/esp_https_server/libesp_https_server.a  esp-idf/espcoredump/libespcoredump.a  -u esp_system_include_coredump_init  esp-idf/fatfs/libfatfs.a  esp-idf/wear_levelling/libwear_levelling.a  esp-idf/mqtt/libmqtt.a  esp-idf/nvs_sec_provider/libnvs_sec_provider.a  -u nvs_sec_provider_include_impl  esp-idf/perfmon/libperfmon.a  esp-idf/rt/librt.a  esp-idf/spiffs/libspiffs.a  esp-idf/touch_element/libtouch_element.a  esp-idf/usb/libusb.a  esp-idf/wifi_provisioning/libwifi_provisioning.a  esp-idf/protocomm/libprotocomm.a  esp-idf/console/libconsole.a  esp-idf/protobuf-c/libprotobuf-c.a  esp-idf/json/libjson.a  esp-idf/espressif__elf_loader/libespressif__elf_loader.a  esp-idf/xtensa/libxtensa.a  esp-idf/esp_app_format/libesp_app_format.a  esp-idf/esp_bootloader_format/libesp_bootloader_format.a  esp-idf/app_update/libapp_update.a  esp-idf/esp_partition/libesp_partition.a  esp-idf/efuse/libefuse.a  esp-idf/esp_security/libesp_security.a  esp-idf/esp_driver_gpio/libesp_driver_gpio.a  esp-idf/esp_pm/libesp_pm.a  esp-idf/mbedtls/libmbedtls.a  esp-idf/bootloader_support/libbootloader_support.a  esp-idf/esp_mm/libesp_mm.a  esp-idf/spi_flash/libspi_flash.a  esp-idf/esp_system/libesp_system.a  esp-idf/esp_common/libesp_common.a  esp-idf/esp_rom/libesp_rom.a  esp-idf/hal/libhal.a  esp-idf/log/liblog.a  esp-idf/heap/libheap.a  esp-idf/soc/libsoc.a  esp-idf/esp_hw_support/libesp_hw_support.a  esp-idf/freertos/libfreertos.a  esp-idf/newlib/libnewlib.a  esp-idf/pthread/libpthread.a  esp-idf/cxx/libcxx.a  esp-idf/esp_timer/libesp_timer.a  esp-idf/esp_driver_gptimer/libesp_driver_gptimer.a  esp-idf/esp_ringbuf/libesp_ringbuf.a  esp-idf/esp_driver_uart/libesp_driver_uart.a  esp-idf/esp_event/libesp_event.a  esp-idf/nvs_flash/libnvs_flash.a  esp-idf/esp_phy/libesp_phy.a  esp-idf/esp_driver_usb_serial_jtag/libesp_driver_usb_serial_jtag.a  esp-idf/esp_vfs_console/libesp_vfs_console.a  esp-idf/vfs/libvfs.a  esp-idf/lwip/liblwip.a  esp-idf/esp_netif/libesp_netif.a  esp-idf/wpa_supplicant/libwpa_supplicant.a  esp-idf/esp_coex/libesp_coex.a  esp-idf/esp_wifi/libesp_wifi.a  esp-idf/esp_driver_spi/libesp_driver_spi.a  esp-idf/esp_gdbstub/libesp_gdbstub.a  esp-idf/esp_driver_pcnt/libesp_driver_pcnt.a  esp-idf/esp_driver_mcpwm/libesp_driver_mcpwm.a  esp-idf/esp_driver_i2s/libesp_driver_i2s.a  esp-idf/sdmmc/libsdmmc.a  esp-idf/esp_driver_sd_intf/libesp_driver_sd_intf.a  esp-idf/esp_driver_sdmmc/libesp_driver_sdmmc.a  esp-idf/esp_driver_sdspi/libesp_driver_sdspi.a  esp-idf/esp_driver_rmt/libesp_driver_rmt.a  esp-idf/esp_driver_tsens/libesp_driver_tsens.a  esp-idf/esp_driver_sdm/libesp_driver_sdm.a  esp-idf/esp_driver_i2c/libesp_driver_i2c.a  esp-idf/esp_driver_ledc/libesp_driver_ledc.a  esp-idf/esp_driver_twai/libesp_driver_twai.a  esp-idf/driver/libdriver.a  esp-idf/http_parser/libhttp_parser.a  esp-idf/esp-tls/libesp-tls.a  esp-idf/esp_adc/libesp_adc.a  esp-idf/tcp_transport/libtcp_transport.a  esp-idf/esp_http_client/libesp_http_client.a  esp-idf/esp_http_server/libesp_http_server.a  esp-idf/esp_https_ota/libesp_https_ota.a  esp-idf/mbedtls/mbedtls/library/libmbedtls.a  esp-idf/mbedtls/mbedtls/library/libmbedcrypto.a  esp-idf/mbedtls/mbedtls/library/libmbedx509.a  esp-idf/mbedtls/mbedtls/3rdparty/everest/libeverest.a  esp-idf/mbedtls/mbedtls/3rdparty/p256-m/libp256m.a  /home/tikhon/Документы/magnolia/esp-idf/components/esp_wifi/lib/esp32s3/libcore.a  /home/tikhon/Документы/magnolia/esp-idf/components/esp_wifi/lib/esp32s3/libespnow.a  /home/tikhon/Документы/magnolia/esp-idf/components/esp_wifi/lib/esp32s3/libmesh.a  /home/tikhon/Документы/magnolia/esp-idf/components/esp_wifi/lib/esp32s3/libnet80211.a  /home/tikhon/Документы/magnolia/esp-idf/components/esp_wifi/lib/esp32s3/libpp.a  /home/tikhon/Документы/magnolia/esp-idf/components/esp_wifi/lib/esp32s3/libsmartconfig.a  /home/tikhon/Документы/magnolia/esp-idf/components/esp_wifi/lib/esp32s3/libwapi.a  esp-idf/xtensa/libxtensa.a  esp-idf/esp_app_format/libesp_app_format.a  esp-idf/esp_bootloader_format/libesp_bootloader_format.a  esp-idf/app_update/libapp_update.a  esp-idf/esp_partition/libesp_partition.a  esp-idf/efuse/libefuse.a  esp-idf/esp_security/libesp_security.a  esp-idf/esp_driver_gpio/libesp_driver_gpio.a  esp-idf/esp_pm/libesp_pm.a  esp-idf/mbedtls/libmbedtls.a  esp-idf/bootloader_support/libbootloader_support.a  esp-idf/esp_mm/libesp_mm.a  esp-idf/spi_flash/libspi_flash.a  esp-idf/esp_system/libesp_system.a  esp-idf/esp_common/libesp_common.a  esp-idf/esp_rom/libesp_rom.a  esp-idf/hal/libhal.a  esp-idf/log/liblog.a  esp-idf/heap/libheap.a  esp-idf/soc/libsoc.a  esp-idf/esp_hw_support/libesp_hw_support.a  esp-idf/freertos/libfreertos.a  esp-idf/newlib/libnewlib.a  esp-idf/pthread/libpthread.a  esp-idf/cxx/libcxx.a  esp-idf/esp_timer/libesp_timer.a  esp-idf/esp_driver_gptimer/libesp_driver_gptimer.a  esp-idf/esp_ringbuf/libesp_ringbuf.a  esp-idf/esp_driver_uart/libesp_driver_uart.a  esp-idf/esp_event/libesp_event.a  esp-idf/nvs_flash/libnvs_flash.a  esp-idf/esp_phy/libesp_phy.a  esp-idf/esp_driver_usb_serial_jtag/libesp_driver_usb_serial_jtag.a  esp-idf/esp_vfs_console/libesp_vfs_console.a  esp-idf/vfs/libvfs.a  esp-idf/lwip/liblwip.a  esp-idf/esp_netif/libesp_netif.a  esp-idf/wpa_supplicant/libwpa_supplicant.a  esp-idf/esp_coex/libesp_coex.a  esp-idf/esp_wifi/libesp_wifi.a  esp-idf/esp_driver_spi/libesp_driver_spi.a  esp-idf/esp_gdbstub/libesp_gdbstub.a  esp-idf/esp_driver_pcnt/libesp_driver_pcnt.a  esp-idf/esp_driver_mcpwm/libesp_driver_mcpwm.a  esp-idf/esp_driver_i2s/libesp_driver_i2s.a  esp-idf/sdmmc/libsdmmc.a  esp-idf/esp_driver_sd_intf/libesp_driver_sd_intf.a  esp-idf/esp_driver_sdmmc/libesp_driver_sdmmc.a  esp-idf/esp_driver_sdspi/libesp_driver_sdspi.a  esp-idf/esp_driver_rmt/libesp_driver_rmt.a  esp-idf/esp_driver_tsens/libesp_driver_tsens.a  esp-idf/esp_driver_sdm/libesp_driver_sdm.a  esp-idf/esp_driver_i2c/libesp_driver_i2c.a  esp-idf/esp_driver_ledc/libesp_driver_ledc.a  esp-idf/esp_driver_twai/libesp_driver_twai.a  esp-idf/driver/libdriver.a  esp-idf/http_parser/libhttp_parser.a  esp-idf/esp-tls/libesp-tls.a  esp-idf/esp_adc/libesp_adc.a  esp-idf/tcp_transport/libtcp_transport.a  esp-idf/esp_http_client/libesp_http_client.a  esp-idf/esp_http_server/libesp_http_server.a  esp-idf/esp_https_ota/libesp_https_ota.a  esp-idf/mbedtls/mbedtls/library/libmbedtls.a  esp-idf/mbedtls/mbedtls/library/libmbedcrypto.a  esp-idf/mbedtls/mbedtls/library/libmbedx509.a  esp-idf/mbedtls/mbedtls/3rdparty/everest/libeverest.a  esp-idf/mbedtls/mbedtls/3rdparty/p256-m/libp256m.a  /home/tikhon/Документы/magnolia/esp-idf/components/esp_wifi/lib/esp32s3/libcore.a  /home/tikhon/Документы/magnolia/esp-idf/components/esp_wifi/lib/esp32s3/libespnow.a  /home/tikhon/Документы/magnolia/esp-idf/components/esp_wifi/lib/esp32s3/libmesh.a  /home/tikhon/Документы/magnolia/esp-idf/components/esp_wifi/lib/esp32s3/libnet80211.a  /home/tikhon/Документы/magnolia/esp-idf/components/esp_wifi/lib/esp32s3/libpp.a  /home/tikhon/Документы/magnolia/esp-idf/components/esp_wifi/lib/esp32s3/libsmartconfig.a  /home/tikhon/Документы/magnolia/esp-idf/components/esp_wifi/lib/esp32s3/libwapi.a  esp-idf/xtensa/libxtensa.a  esp-idf/esp_app_format/libesp_app_format.a  esp-idf/esp_bootloader_format/libesp_bootloader_format.a  esp-idf/app_update/libapp_update.a  esp-idf/esp_partition/libesp_partition.a  esp-idf/efuse/libefuse.a  esp-idf/esp_security/libesp_security.a  esp-idf/esp_driver_gpio/libesp_driver_gpio.a  esp-idf/esp_pm/libesp_pm.a  esp-idf/mbedtls/libmbedtls.a  esp-idf/bootloader_support/libbootloader_support.a  esp-idf/esp_mm/libesp_mm.a  esp-idf/spi_flash/libspi_flash.a  esp-idf/esp_system/libesp_system.a  esp-idf/esp_common/libesp_common.a  esp-idf/esp_rom/libesp_rom.a  esp-idf/hal/libhal.a  esp-idf/log/liblog.a  esp-idf/heap/libheap.a  esp-idf/soc/libsoc.a  esp-idf/esp_hw_support/libesp_hw_support.a  esp-idf/freertos/libfreertos.a  esp-idf/newlib/libnewlib.a  esp-idf/pthread/libpthread.a  esp-idf/cxx/libcxx.a  esp-idf/esp_timer/libesp_timer.a  esp-idf/esp_driver_gptimer/libesp_driver_gptimer.a  esp-idf/esp_ringbuf/libesp_ringbuf.a  esp-idf/esp_driver_uart/libesp_driver_uart.a  esp-idf/esp_event/libesp_event.a  esp-idf/nvs_flash/libnvs_flash.a  esp-idf/esp_phy/libesp_phy.a  esp-idf/esp_driver_usb_serial_jtag/libesp_driver_usb_serial_jtag.a  esp-idf/esp_vfs_console/libesp_vfs_console.a  esp-idf/vfs/libvfs.a  esp-idf/lwip/liblwip.a  esp-idf/esp_netif/libesp_netif.a  esp-idf/wpa_supplicant/libwpa_supplicant.a  esp-idf/esp_coex/libesp_coex.a  esp-idf/esp_wifi/libesp_wifi.a  esp-idf/esp_driver_spi/libesp_driver_spi.a  esp-idf/esp_gdbstub/libesp_gdbstub.a  esp-idf/esp_driver_pcnt/libesp_driver_pcnt.a  esp-idf/esp_driver_mcpwm/libesp_driver_mcpwm.a  esp-idf/esp_driver_i2s/libesp_driver_i2s.a  esp-idf/sdmmc/libsdmmc.a  esp-idf/esp_driver_sd_intf/libesp_driver_sd_intf.a  esp-idf/esp_driver_sdmmc/libesp_driver_sdmmc.a  esp-idf/esp_driver_sdspi/libesp_driver_sdspi.a  esp-idf/esp_driver_rmt/libesp_driver_rmt.a  esp-idf/esp_driver_tsens/libesp_driver_tsens.a  esp-idf/esp_driver_sdm/libesp_driver_sdm.a  esp-idf/esp_driver_i2c/libesp_driver_i2c.a  esp-idf/esp_driver_ledc/libesp_driver_ledc.a  esp-idf/esp_driver_twai/libesp_driver_twai.a  esp-idf/driver/libdriver.a  esp-idf/http_parser/libhttp_parser.a  esp-idf/esp-tls/libesp-tls.a  esp-idf/esp_adc/libesp_adc.a  esp-idf/tcp_transport/libtcp_transport.a  esp-idf/esp_http_client/libesp_http_client.a  esp-idf/esp_http_server/libesp_http_server.a  esp-idf/esp_https_ota/libesp_https_ota.a  esp-idf/mbedtls/mbedtls/library/libmbedtls.a  esp-idf/mbedtls/mbedtls/library/libmbedcrypto.a  esp-idf/mbedtls/mbedtls/library/libmbedx509.a  esp-idf/mbedtls/mbedtls/3rdparty/everest/libeverest.a  esp-idf/mbedtls/mbedtls/3rdparty/p256-m/libp256m.a  /home/tikhon/Документы/magnolia/esp-idf/components/esp_wifi/lib/esp32s3/libcore.a  /home/tikhon/Документы/magnolia/esp-idf/components/esp_wifi/lib/esp32s3/libespnow.a  /home/tikhon/Документы/magnolia/esp-idf/components/esp_wifi/lib/esp32s3/libmesh.a  /home/tikhon/Документы/magnolia/esp-idf/components/esp_wifi/lib/esp32s3/libnet80211.a  /home/tikhon/Документы/magnolia/esp-idf/components/esp_wifi/lib/esp32s3/libpp.a  /home/tikhon/Документы/magnolia/esp-idf/components/esp_wifi/lib/esp32s3/libsmartconfig.a  /home/tikhon/Документы/magnolia/esp-idf/components/esp_wifi/lib/esp32s3/libwapi.a  esp-idf/xtensa/libxtensa.a  esp-idf/esp_app_format/libesp_app_format.a  esp-idf/esp_bootloader_format/libesp_bootloader_format.a  esp-idf/app_update/libapp_update.a  esp-idf/esp_partition/libesp_partition.a  esp-idf/efuse/libefuse.a  esp-idf/esp_security/libesp_security.a  esp-idf/esp_driver_gpio/libesp_driver_gpio.a  esp-idf/esp_pm/libesp_pm.a  esp-idf/mbedtls/libmbedtls.a  esp-idf/bootloader_support/libbootloader_support.a  esp-idf/esp_mm/libesp_mm.a  esp-idf/spi_flash/libspi_flash.a  esp-idf/esp_system/libesp_system.a  esp-idf/esp_common/libesp_common.a  esp-idf/esp_rom/libesp_rom.a  esp-idf/hal/libhal.a  esp-idf/log/liblog.a  esp-idf/heap/libheap.a  esp-idf/soc/libsoc.a  esp-idf/esp_hw_support/libesp_hw_support.a  esp-idf/freertos/libfreertos.a  esp-idf/newlib/libnewlib.a  esp-idf/pthread/libpthread.a  esp-idf/cxx/libcxx.a  esp-idf/esp_timer/libesp_timer.a  esp-idf/esp_driver_gptimer/libesp_driver_gptimer.a  esp-idf/esp_ringbuf/libesp_ringbuf.a  esp-idf/esp_driver_uart/libesp_driver_uart.a  esp-idf/esp_event/libesp_event.a  esp-idf/nvs_flash/libnvs_flash.a  esp-idf/esp_phy/libesp_phy.a  esp-idf/esp_driver_usb_serial_jtag/libesp_driver_usb_serial_jtag.a  esp-idf/esp_vfs_console/libesp_vfs_console.a  esp-idf/vfs/libvfs.a  esp-idf/lwip/liblwip.a  esp-idf/esp_netif/libesp_netif.a  esp-idf/wpa_supplicant/libwpa_supplicant.a  esp-idf/esp_coex/libesp_coex.a  esp-idf/esp_wifi/libesp_wifi.a  esp-idf/esp_driver_spi/libesp_driver_spi.a  esp-idf/esp_gdbstub/libesp_gdbstub.a  esp-idf/esp_driver_pcnt/libesp_driver_pcnt.a  esp-idf/esp_driver_mcpwm/libesp_driver_mcpwm.a  esp-idf/esp_driver_i2s/libesp_driver_i2s.a  esp-idf/sdmmc/libsdmmc.a  esp-idf/esp_driver_sd_intf/libesp_driver_sd_intf.a  esp-idf/esp_driver_sdmmc/libesp_driver_sdmmc.a  esp-idf/esp_driver_sdspi/libesp_driver_sdspi.a  esp-idf/esp_driver_rmt/libesp_driver_rmt.a  esp-idf/esp_driver_tsens/libesp_driver_tsens.a  esp-idf/esp_driver_sdm/libesp_driver_sdm.a  esp-idf/esp_driver_i2c/libesp_driver_i2c.a  esp-idf/esp_driver_ledc/libesp_driver_ledc.a  esp-idf/esp_driver_twai/libesp_driver_twai.a  esp-idf/driver/libdriver.a  esp-idf/http_parser/libhttp_parser.a  esp-idf/esp-tls/libesp-tls.a  esp-idf/esp_adc/libesp_adc.a  esp-idf/tcp_transport/libtcp_transport.a  esp-idf/esp_http_client/libesp_http_client.a  esp-idf/esp_http_server/libesp_http_server.a  esp-idf/esp_https_ota/libesp_https_ota.a  esp-idf/mbedtls/mbedtls/library/libmbedtls.a  esp-idf/mbedtls/mbedtls/library/libmbedcrypto.a  esp-idf/mbedtls/mbedtls/library/libmbedx509.a  esp-idf/mbedtls/mbedtls/3rdparty/everest/libeverest.a  esp-idf/mbedtls/mbedtls/3rdparty/p256-m/libp256m.a  /home/tikhon/Документы/magnolia/esp-idf/components/esp_wifi/lib/esp32s3/libcore.a  /home/tikhon/Документы/magnolia/esp-idf/components/esp_wifi/lib/esp32s3/libespnow.a  /home/tikhon/Документы/magnolia/esp-idf/components/esp_wifi/lib/esp32s3/libmesh.a  /home/tikhon/Документы/magnolia/esp-idf/components/esp_wifi/lib/esp32s3/libnet80211.a  /home/tikhon/Документы/magnolia/esp-idf/components/esp_wifi/lib/esp32s3/libpp.a  /home/tikhon/Документы/magnolia/esp-idf/components/esp_wifi/lib/esp32s3/libsmartconfig.a  /home/tikhon/Документы/magnolia/esp-idf/components/esp_wifi/lib/esp32s3/libwapi.a  esp-idf/xtensa/libxtensa.a  esp-idf/esp_app_format/libesp_app_format.a  esp-idf/esp_bootloader_format/libesp_bootloader_format.a  esp-idf/app_update/libapp_update.a  esp-idf/esp_partition/libesp_partition.a  esp-idf/efuse/libefuse.a  esp-idf/esp_security/libesp_security.a  esp-idf/esp_driver_gpio/libesp_driver_gpio.a  esp-idf/esp_pm/libesp_pm.a  esp-idf/mbedtls/libmbedtls.a  esp-idf/bootloader_support/libbootloader_support.a  esp-idf/esp_mm/libesp_mm.a  esp-idf/spi_flash/libspi_flash.a  esp-idf/esp_system/libesp_system.a  esp-idf/esp_common/libesp_common.a  esp-idf/esp_rom/libesp_rom.a  esp-idf/hal/libhal.a  esp-idf/log/liblog.a  esp-idf/heap/libheap.a  esp-idf/soc/libsoc.a  esp-idf/esp_hw_support/libesp_hw_support.a  esp-idf/freertos/libfreertos.a  esp-idf/newlib/libnewlib.a  esp-idf/pthread/libpthread.a  esp-idf/cxx/libcxx.a  esp-idf/esp_timer/libesp_timer.a  esp-idf/esp_driver_gptimer/libesp_driver_gptimer.a  esp-idf/esp_ringbuf/libesp_ringbuf.a  esp-idf/esp_driver_uart/libesp_driver_uart.a  esp-idf/esp_event/libesp_event.a  esp-idf/nvs_flash/libnvs_flash.a  esp-idf/esp_phy/libesp_phy.a  esp-idf/esp_driver_usb_serial_jtag/libesp_driver_usb_serial_jtag.a  esp-idf/esp_vfs_console/libesp_vfs_console.a  esp-idf/vfs/libvfs.a  esp-idf/lwip/liblwip.a  esp-idf/esp_netif/libesp_netif.a  esp-idf/wpa_supplicant/libwpa_supplicant.a  esp-idf/esp_coex/libesp_coex.a  esp-idf/esp_wifi/libesp_wifi.a  esp-idf/esp_driver_spi/libesp_driver_spi.a  esp-idf/esp_gdbstub/libesp_gdbstub.a  esp-idf/esp_driver_pcnt/libesp_driver_pcnt.a  esp-idf/esp_driver_mcpwm/libesp_driver_mcpwm.a  esp-idf/esp_driver_i2s/libesp_driver_i2s.a  esp-idf/sdmmc/libsdmmc.a  esp-idf/esp_driver_sd_intf/libesp_driver_sd_intf.a  esp-idf/esp_driver_sdmmc/libesp_driver_sdmmc.a  esp-idf/esp_driver_sdspi/libesp_driver_sdspi.a  esp-idf/esp_driver_rmt/libesp_driver_rmt.a  esp-idf/esp_driver_tsens/libesp_driver_tsens.a  esp-idf/esp_driver_sdm/libesp_driver_sdm.a  esp-idf/esp_driver_i2c/libesp_driver_i2c.a  esp-idf/esp_driver_ledc/libesp_driver_ledc.a  esp-idf/esp_driver_twai/libesp_driver_twai.a  esp-idf/driver/libdriver.a  esp-idf/http_parser/libhttp_parser.a  esp-idf/esp-tls/libesp-tls.a  esp-idf/esp_adc/libesp_adc.a  esp-idf/tcp_transport/libtcp_transport.a  esp-idf/esp_http_client/libesp_http_client.a  esp-idf/esp_http_server/libesp_http_server.a  esp-idf/esp_https_ota/libesp_https_ota.a  esp-idf/mbedtls/mbedtls/library/libmbedtls.a  esp-idf/mbedtls/mbedtls/library/libmbedcrypto.a  esp-idf/mbedtls/mbedtls/library/libmbedx509.a  esp-idf/mbedtls/mbedtls/3rdparty/everest/libeverest.a  esp-idf/mbedtls/mbedtls/3rdparty/p256-m/libp256m.a  /home/tikhon/Документы/magnolia/esp-idf/components/esp_wifi/lib/esp32s3/libcore.a  /home/tikhon/Документы/magnolia/esp-idf/components/esp_wifi/lib/esp32s3/libespnow.a  /home/tikhon/Документы/magnolia/esp-idf/components/esp_wifi/lib/esp32s3/libmesh.a  /home/tikhon/Документы/magnolia/esp-idf/components/esp_wifi/lib/esp32s3/libnet80211.a  /home/tikhon/Документы/magnolia/esp-idf/components/esp_wifi/lib/esp32s3/libpp.a  /home/tikhon/Документы/magnolia/esp-idf/components/esp_wifi/lib/esp32s3/libsmartconfig.a  /home/tikhon/Документы/magnolia/esp-idf/components/esp_wifi/lib/esp32s3/libwapi.a  esp-idf/xtensa/libxtensa.a  esp-idf/esp_app_format/libesp_app_format.a  esp-idf/esp_bootloader_format/libesp_bootloader_format.a  esp-idf/app_update/libapp_update.a  esp-idf/esp_partition/libesp_partition.a  esp-idf/efuse/libefuse.a  esp-idf/esp_security/libesp_security.a  esp-idf/esp_driver_gpio/libesp_driver_gpio.a  esp-idf/esp_pm/libesp_pm.a  esp-idf/mbedtls/libmbedtls.a  esp-idf/bootloader_support/libbootloader_support.a  esp-idf/esp_mm/libesp_mm.a  esp-idf/spi_flash/libspi_flash.a  esp-idf/esp_system/libesp_system.a  esp-idf/esp_common/libesp_common.a  esp-idf/esp_rom/libesp_rom.a  esp-idf/hal/libhal.a  esp-idf/log/liblog.a  esp-idf/heap/libheap.a  esp-idf/soc/libsoc.a  esp-idf/esp_hw_support/libesp_hw_support.a  esp-idf/freertos/libfreertos.a  esp-idf/newlib/libnewlib.a  esp-idf/pthread/libpthread.a  esp-idf/cxx/libcxx.a  esp-idf/esp_timer/libesp_timer.a  esp-idf/esp_driver_gptimer/libesp_driver_gptimer.a  esp-idf/esp_ringbuf/libesp_ringbuf.a  esp-idf/esp_driver_uart/libesp_driver_uart.a  esp-idf/esp_event/libesp_event.a  esp-idf/nvs_flash/libnvs_flash.a  esp-idf/esp_phy/libesp_phy.a  esp-idf/esp_driver_usb_serial_jtag/libesp_driver_usb_serial_jtag.a  esp-idf/esp_vfs_console/libesp_vfs_console.a  esp-idf/vfs/libvfs.a  esp-idf/lwip/liblwip.a  esp-idf/esp_netif/libesp_netif.a  esp-idf/wpa_supplicant/libwpa_supplicant.a  esp-idf/esp_coex/libesp_coex.a  esp-idf/esp_wifi/libesp_wifi.a  esp-idf/esp_driver_spi/libesp_driver_spi.a  esp-idf/esp_gdbstub/libesp_gdbstub.a  esp-idf/esp_driver_pcnt/libesp_driver_pcnt.a  esp-idf/esp_driver_mcpwm/libesp_driver_mcpwm.a  esp-idf/esp_driver_i2s/libesp_driver_i2s.a  esp-idf/sdmmc/libsdmmc.a  esp-idf/esp_driver_sd_intf/libesp_driver_sd_intf.a  esp-idf/esp_driver_sdmmc/libesp_driver_sdmmc.a  esp-idf/esp_driver_sdspi/libesp_driver_sdspi.a  esp-idf/esp_driver_rmt/libesp_driver_rmt.a  esp-idf/esp_driver_tsens/libesp_driver_tsens.a  esp-idf/esp_driver_sdm/libesp_driver_sdm.a  esp-idf/esp_driver_i2c/libesp_driver_i2c.a  esp-idf/esp_driver_ledc/libesp_driver_ledc.a  esp-idf/esp_driver_twai/libesp_driver_twai.a  esp-idf/driver/libdriver.a  esp-idf/http_parser/libhttp_parser.a  esp-idf/esp-tls/libesp-tls.a  esp-idf/esp_adc/libesp_adc.a  esp-idf/tcp_transport/libtcp_transport.a  esp-idf/esp_http_client/libesp_http_client.a  esp-idf/esp_http_server/libesp_http_server.a  esp-idf/esp_https_ota/libesp_https_ota.a  esp-idf/mbedtls/mbedtls/library/libmbedtls.a  esp-idf/mbedtls/mbedtls/library/libmbedcrypto.a  esp-idf/mbedtls/mbedtls/library/libmbedx509.a  esp-idf/mbedtls/mbedtls/3rdparty/everest/libeverest.a  esp-idf/mbedtls/mbedtls/3rdparty/p256-m/libp256m.a  /home/tikhon/Документы/magnolia/esp-idf/components/esp_wifi/lib/esp32s3/libcore.a  /home/tikhon/Документы/magnolia/esp-idf/components/esp_wifi/lib/esp32s3/libespnow.a  /home/tikhon/Документы/magnolia/esp-idf/components/esp_wifi/lib/esp32s3/libmesh.a  /home/tikhon/Документы/magnolia/esp-idf/components/esp_wifi/lib/esp32s3/libnet80211.a  /home/tikhon/Документы/magnolia/esp-idf/components/esp_wifi/lib/esp32s3/libpp.a  /home/tikhon/Документы/magnolia/esp-idf/components/esp_wifi/lib/esp32s3/libsmartconfig.a  /home/tikhon/Документы/magnolia/esp-idf/components/esp_wifi/lib/esp32s3/libwapi.a  /home/tikhon/Документы/magnolia/esp-idf/components/xtensa/esp32s3/libxt_hal.a  -u esp_app_desc  -u esp_efuse_startup_include_func  -u esp_security_init_include_impl  -u ld_include_highint_hdl  -u start_app  -u start_app_other_cores  -u __ubsan_include  -u esp_system_include_startup_funcs  -Wl,--wrap=longjmp  -u __assert_func  -u esp_sleep_gpio_include  -Wl,--undefined=FreeRTOS_openocd_params  -u app_main  -lc  -lm  -u esp_libc_include_heap_impl  -u esp_libc_include_reent_syscalls_impl  -u esp_libc_include_syscalls_impl  -u esp_libc_include_pthread_impl  -u esp_libc_include_assert_impl  -u esp_libc_include_getentropy_impl  -u esp_libc_include_init_funcs  -u esp_libc_init_funcs  -u pthread_include_pthread_impl  -u pthread_include_pthread_cond_var_impl  -u pthread_include_pthread_local_storage_impl  -u pthread_include_pthread_rwlock_impl  -u pthread_include_pthread_semaphore_impl  -Wl,--wrap=__register_frame_info_bases  -Wl,--wrap=__register_frame_info  -Wl,--wrap=__register_frame  -Wl,--wrap=__register_frame_info_table_bases  -Wl,--wrap=__register_frame_info_table  -Wl,--wrap=__register_frame_table  -Wl,--wrap=__deregister_frame_info_bases  -Wl,--wrap=__deregister_frame_info  -Wl,--wrap=_Unwind_Find_FDE  -Wl,--wrap=_Unwind_GetGR  -Wl,--wrap=_Unwind_GetCFA  -Wl,--wrap=_Unwind_GetIP  -Wl,--wrap=_Unwind_GetIPInfo  -Wl,--wrap=_Unwind_GetRegionStart  -Wl,--wrap=_Unwind_GetDataRelBase  -Wl,--wrap=_Unwind_GetTextRelBase  -Wl,--wrap=_Unwind_SetIP  -Wl,--wrap=_Unwind_SetGR  -Wl,--wrap=_Unwind_GetLanguageSpecificData  -Wl,--wrap=_Unwind_FindEnclosingFunction  -Wl,--wrap=_Unwind_Resume  -Wl,--wrap=_Unwind_RaiseException  -Wl,--wrap=_Unwind_DeleteException  -Wl,--wrap=_Unwind_ForcedUnwind  -Wl,--wrap=_Unwind_Resume_or_Rethrow  -Wl,--wrap=_Unwind_Backtrace  -Wl,--wrap=__cxa_call_unexpected  -Wl,--wrap=__gxx_personality_v0  -Wl,--wrap=__cxa_throw  -Wl,--wrap=__cxa_allocate_exception  -lstdc++  esp-idf/pthread/libpthread.a  esp-idf/newlib/libnewlib.a  -u __cxa_guard_dummy  -u __cxx_init_dummy  -lgcc  esp-idf/cxx/libcxx.a  -u __cxx_fatal_exception  -u esp_timer_init_include_func  -u uart_vfs_include_dev_init  -u include_esp_phy_override  -lphy  -lbtbb  esp-idf/esp_phy/libesp_phy.a  -lphy  -lbtbb  esp-idf/esp_phy/libesp_phy.a  -lphy  -lbtbb  -u usb_serial_jtag_vfs_include_dev_init  -u usb_serial_jtag_connection_monitor_include  -u esp_vfs_include_console_register  -u vfs_include_syscalls_impl  -u esp_vfs_include_nullfs_register && :
/home/tikhon/.espressif/tools/xtensa-esp-elf/esp-15.1.0_20250607/xtensa-esp-elf/bin/../lib/gcc/xtensa-esp-elf/15.1.0/../../../../xtensa-esp-elf/bin/ld: esp-idf/freertos/libfreertos.a(app_startup.c.obj):(.literal.main_task+0x34): undefined reference to `app_main'
collect2: error: ld returned 1 exit status
[3/14] Completed 'bootloader'
[1/14] Performing build step for 'bootloader'
[1/1] cd /home/tikhon/Документы/magnolia/applets/zig/zxxd/build/bootloader && /home/tikhon/.espressif/python_env/idf6.0_py3.12_env/bin/python /home/tikhon/Документы/magnolia/esp-idf/components/partition_table/check_sizes.py --offset 0x8000 bootloader 0x0 /home/tikhon/Документы/magnolia/applets/zig/zxxd/build/bootloader/bootloader.bin
Bootloader binary size 0x5320 bytes. 0x2ce0 bytes (35%) free.
[2/14] No install step for 'bootloader'
Command failed (2): idf.py build
Skipping failed applet build: rdd
[3/14] Completed 'bootloader'
[1/4] Generating gohello_tinygo.o
[4/14] Zig build-obj: hexdump -> /home/tikhon/Документы/magnolia/applets/zig/zhexdump/build/esp-idf/main/hexdump.zig.o
FAILED: esp-idf/main/hexdump.zig.o /home/tikhon/Документы/magnolia/applets/zig/zhexdump/build/esp-idf/main/hexdump.zig.o 
cd /home/tikhon/Документы/magnolia/applets/zig/zhexdump/build/esp-idf/main && python3 /home/tikhon/Документы/magnolia/tools/zig_xtensa_toolchain.py --install-dir /home/tikhon/Документы/magnolia/build/toolchains/zig-xtensa && /home/tikhon/Документы/magnolia/build/toolchains/zig-xtensa/zig build-obj -target xtensa-freestanding-none -mcpu esp32s3 -OReleaseSmall --dep magnolia -Mroot=/home/tikhon/Документы/magnolia/applets/zig/zhexdump/main/hexdump.zig -Mmagnolia=/home/tikhon/Документы/magnolia/sdk/zig/magnolia.zig -femit-bin=/home/tikhon/Документы/magnolia/applets/zig/zhexdump/build/esp-idf/main/hexdump.zig.o && /home/tikhon/.espressif/tools/xtensa-esp-elf/esp-15.1.0_20250607/xtensa-esp-elf/bin/xtensa-esp32s3-elf-objcopy --set-section-flags .literal=alloc,load,contents,data /home/tikhon/Документы/magnolia/applets/zig/zhexdump/build/esp-idf/main/hexdump.zig.o && /home/tikhon/.espressif/tools/xtensa-esp-elf/esp-15.1.0_20250607/xtensa-esp-elf/bin/xtensa-esp32s3-elf-objcopy --set-section-flags .rodata=alloc,load,contents,data /home/tikhon/Документы/magnolia/applets/zig/zhexdump/build/esp-idf/main/hexdump.zig.o
0.14.0-dev.xtensa.2486+941677e08
/home/tikhon/Документы/magnolia/build/toolchains/zig-xtensa/zig-relsafe-espressif-x86_64-linux-musl-baseline/lib/std/c.zig:9386:12: error: dependency on libc must be explicitly specified in the build command
/home/tikhon/Документы/magnolia/build/toolchains/zig-xtensa/zig-relsafe-espressif-x86_64-linux-musl-baseline/lib/std/c.zig:9388:12: error: dependency on libc must be explicitly specified in the build command
/home/tikhon/Документы/magnolia/build/toolchains/zig-xtensa/zig-relsafe-espressif-x86_64-linux-musl-baseline/lib/std/heap.zig:38:13: error: C allocator is only available when linking against libc
/home/tikhon/Документы/magnolia/applets/zig/zhexdump/main/hexdump.zig:287:20: error: root source file struct 'mem' has no member named 'copy'
/home/tikhon/Документы/magnolia/build/toolchains/zig-xtensa/zig-relsafe-espressif-x86_64-linux-musl-baseline/lib/std/mem.zig:1:1: note: struct declared here
ninja: build stopped: subcommand failed.
[2/4] Linking C static library esp-idf/main/libmain.a
[3/4] Build ELF: gohello.app.elf
Command failed (2): idf.py build
Skipping failed applet build: rhexdump
[4/14] Zig build-obj: dd -> /home/tikhon/Документы/magnolia/applets/zig/zdd/build/esp-idf/main/dd.zig.o
FAILED: esp-idf/main/dd.zig.o /home/tikhon/Документы/magnolia/applets/zig/zdd/build/esp-idf/main/dd.zig.o 
cd /home/tikhon/Документы/magnolia/applets/zig/zdd/build/esp-idf/main && python3 /home/tikhon/Документы/magnolia/tools/zig_xtensa_toolchain.py --install-dir /home/tikhon/Документы/magnolia/build/toolchains/zig-xtensa && /home/tikhon/Документы/magnolia/build/toolchains/zig-xtensa/zig build-obj -target xtensa-freestanding-none -mcpu esp32s3 -OReleaseSmall --dep magnolia -Mroot=/home/tikhon/Документы/magnolia/applets/zig/zdd/main/dd.zig -Mmagnolia=/home/tikhon/Документы/magnolia/sdk/zig/magnolia.zig -femit-bin=/home/tikhon/Документы/magnolia/applets/zig/zdd/build/esp-idf/main/dd.zig.o && /home/tikhon/.espressif/tools/xtensa-esp-elf/esp-15.1.0_20250607/xtensa-esp-elf/bin/xtensa-esp32s3-elf-objcopy --set-section-flags .literal=alloc,load,contents,data /home/tikhon/Документы/magnolia/applets/zig/zdd/build/esp-idf/main/dd.zig.o && /home/tikhon/.espressif/tools/xtensa-esp-elf/esp-15.1.0_20250607/xtensa-esp-elf/bin/xtensa-esp32s3-elf-objcopy --set-section-flags .rodata=alloc,load,contents,data /home/tikhon/Документы/magnolia/applets/zig/zdd/build/esp-idf/main/dd.zig.o
0.14.0-dev.xtensa.2486+941677e08
/home/tikhon/Документы/magnolia/build/toolchains/zig-xtensa/zig-relsafe-espressif-x86_64-linux-musl-baseline/lib/std/c.zig:9386:12: error: dependency on libc must be explicitly specified in the build command
/home/tikhon/Документы/magnolia/build/toolchains/zig-xtensa/zig-relsafe-espressif-x86_64-linux-musl-baseline/lib/std/c.zig:9388:12: error: dependency on libc must be explicitly specified in the build command
/home/tikhon/Документы/magnolia/applets/zig/zdd/main/dd.zig:252:25: error: expected type 'usize', found 'u64'
/home/tikhon/Документы/magnolia/applets/zig/zdd/main/dd.zig:252:25: note: unsigned 32-bit int cannot represent all possible unsigned 64-bit values
/home/tikhon/Документы/magnolia/build/toolchains/zig-xtensa/zig-relsafe-espressif-x86_64-linux-musl-baseline/lib/std/heap.zig:38:13: error: C allocator is only available when linking against libc
ninja: build stopped: subcommand failed.
[4/14] Zig build-obj: xxd -> /home/tikhon/Документы/magnolia/applets/zig/zxxd/build/esp-idf/main/xxd.zig.o
FAILED: esp-idf/main/xxd.zig.o /home/tikhon/Документы/magnolia/applets/zig/zxxd/build/esp-idf/main/xxd.zig.o 
cd /home/tikhon/Документы/magnolia/applets/zig/zxxd/build/esp-idf/main && python3 /home/tikhon/Документы/magnolia/tools/zig_xtensa_toolchain.py --install-dir /home/tikhon/Документы/magnolia/build/toolchains/zig-xtensa && /home/tikhon/Документы/magnolia/build/toolchains/zig-xtensa/zig build-obj -target xtensa-freestanding-none -mcpu esp32s3 -OReleaseSmall --dep magnolia -Mroot=/home/tikhon/Документы/magnolia/applets/zig/zxxd/main/xxd.zig -Mmagnolia=/home/tikhon/Документы/magnolia/sdk/zig/magnolia.zig -femit-bin=/home/tikhon/Документы/magnolia/applets/zig/zxxd/build/esp-idf/main/xxd.zig.o && /home/tikhon/.espressif/tools/xtensa-esp-elf/esp-15.1.0_20250607/xtensa-esp-elf/bin/xtensa-esp32s3-elf-objcopy --set-section-flags .literal=alloc,load,contents,data /home/tikhon/Документы/magnolia/applets/zig/zxxd/build/esp-idf/main/xxd.zig.o && /home/tikhon/.espressif/tools/xtensa-esp-elf/esp-15.1.0_20250607/xtensa-esp-elf/bin/xtensa-esp32s3-elf-objcopy --set-section-flags .rodata=alloc,load,contents,data /home/tikhon/Документы/magnolia/applets/zig/zxxd/build/esp-idf/main/xxd.zig.o
0.14.0-dev.xtensa.2486+941677e08
/home/tikhon/Документы/magnolia/build/toolchains/zig-xtensa/zig-relsafe-espressif-x86_64-linux-musl-baseline/lib/std/posix.zig:68:21: error: struct 'posix.system__struct_1222' has no member named 'E'
/home/tikhon/Документы/magnolia/build/toolchains/zig-xtensa/zig-relsafe-espressif-x86_64-linux-musl-baseline/lib/std/posix.zig:48:13: note: struct declared here
/home/tikhon/Документы/magnolia/build/toolchains/zig-xtensa/zig-relsafe-espressif-x86_64-linux-musl-baseline/lib/std/posix.zig:4734:18: error: struct 'posix.system__struct_1222' has no member named 'MAP'
/home/tikhon/Документы/magnolia/build/toolchains/zig-xtensa/zig-relsafe-espressif-x86_64-linux-musl-baseline/lib/std/posix.zig:48:13: note: struct declared here
/home/tikhon/Документы/magnolia/applets/zig/zxxd/main/xxd.zig:301:27: error: root source file struct 'std' has no member named 'cstr'
/home/tikhon/Документы/magnolia/build/toolchains/zig-xtensa/zig-relsafe-espressif-x86_64-linux-musl-baseline/lib/std/std.zig:1:1: note: struct declared here
ninja: build stopped: subcommand failed.
Applet gohello OK -> /home/tikhon/Документы/magnolia/rootfs/bin/gohello
Command failed (2): idf.py build
Skipping failed applet build: zhexdump
Command failed (2): idf.py build
Skipping failed applet build: zdd
Command failed (2): idf.py build
Skipping failed applet build: zxxd
[4/10] Performing build step for 'bootloader'
[1/123] Building C object esp-idf/log/CMakeFiles/__idf_log.dir/src/noos/util.c.obj
[2/123] Building C object esp-idf/esp_rom/CMakeFiles/__idf_esp_rom.dir/patches/esp_rom_crc.c.obj
[3/123] Building C object esp-idf/log/CMakeFiles/__idf_log.dir/src/log_print.c.obj
[4/123] Building ASM object esp-idf/esp_rom/CMakeFiles/__idf_esp_rom.dir/patches/esp_rom_longjmp.S.obj
[5/123] Building C object esp-idf/log/CMakeFiles/__idf_log.dir/src/log_format_text.c.obj
[6/123] Building C object esp-idf/log/CMakeFiles/__idf_log.dir/src/util.c.obj
[7/123] Building C object esp-idf/esp_rom/CMakeFiles/__idf_esp_rom.dir/patches/esp_rom_sys.c.obj
[8/123] Building C object esp-idf/log/CMakeFiles/__idf_log.dir/src/noos/log_lock.c.obj
[9/123] Building ASM object esp-idf/esp_rom/CMakeFiles/__idf_esp_rom.dir/patches/esp_rom_cache_writeback_esp32s3.S.obj
[10/123] Building C object esp-idf/log/CMakeFiles/__idf_log.dir/src/log.c.obj
[11/123] Building C object esp-idf/log/CMakeFiles/__idf_log.dir/src/log_timestamp_common.c.obj
[12/123] Building C object esp-idf/esp_rom/CMakeFiles/__idf_esp_rom.dir/patches/esp_rom_efuse.c.obj
[13/123] Building C object esp-idf/esp_rom/CMakeFiles/__idf_esp_rom.dir/patches/esp_rom_gpio.c.obj
[14/123] Building C object esp-idf/esp_rom/CMakeFiles/__idf_esp_rom.dir/patches/esp_rom_systimer.c.obj
[15/123] Building C object esp-idf/esp_rom/CMakeFiles/__idf_esp_rom.dir/patches/esp_rom_serial_output.c.obj
[16/123] Building C object esp-idf/log/CMakeFiles/__idf_log.dir/src/buffer/log_buffers.c.obj
[17/123] Building C object esp-idf/log/CMakeFiles/__idf_log.dir/src/noos/log_timestamp.c.obj
[18/123] Building C object esp-idf/esp_rom/CMakeFiles/__idf_esp_rom.dir/patches/esp_rom_wdt.c.obj
[19/123] Building C object esp-idf/esp_common/CMakeFiles/__idf_esp_common.dir/src/esp_err_to_name.c.obj
[20/123] Building C object esp-idf/esp_hw_support/CMakeFiles/__idf_esp_hw_support.dir/port/esp32s3/esp_cpu_intr.c.obj
[21/123] Building C object esp-idf/esp_rom/CMakeFiles/__idf_esp_rom.dir/patches/esp_rom_cache_esp32s2_esp32s3.c.obj
[22/123] Building C object esp-idf/esp_rom/CMakeFiles/__idf_esp_rom.dir/patches/esp_rom_spiflash.c.obj
[23/123] Building C object esp-idf/esp_hw_support/CMakeFiles/__idf_esp_hw_support.dir/esp_memory_utils.c.obj
[24/123] Building C object esp-idf/esp_hw_support/CMakeFiles/__idf_esp_hw_support.dir/port/esp32s3/cpu_region_protect.c.obj
[25/123] Linking C static library esp-idf/log/liblog.a
[26/123] Building C object esp-idf/efuse/CMakeFiles/__idf_efuse.dir/esp32s3/esp_efuse_table.c.obj
[27/123] Building C object esp-idf/esp_hw_support/CMakeFiles/__idf_esp_hw_support.dir/port/esp32s3/chip_info.c.obj
[28/123] Building C object esp-idf/esp_hw_support/CMakeFiles/__idf_esp_hw_support.dir/port/esp32s3/rtc_clk_init.c.obj
[29/123] Building C object esp-idf/esp_hw_support/CMakeFiles/__idf_esp_hw_support.dir/cpu.c.obj
[30/123] Building C object esp-idf/esp_system/CMakeFiles/__idf_esp_system.dir/esp_err.c.obj
[31/123] Building C object esp-idf/efuse/CMakeFiles/__idf_efuse.dir/esp32s3/esp_efuse_fields.c.obj
[32/123] Building C object esp-idf/efuse/CMakeFiles/__idf_efuse.dir/src/esp_efuse_fields.c.obj
[33/123] Building C object esp-idf/efuse/CMakeFiles/__idf_efuse.dir/esp32s3/esp_efuse_rtc_calib.c.obj
[34/123] Building C object esp-idf/esp_rom/CMakeFiles/__idf_esp_rom.dir/patches/esp_rom_print.c.obj
[35/123] Building C object esp-idf/bootloader_support/CMakeFiles/__idf_bootloader_support.dir/src/bootloader_clock_init.c.obj
[36/123] Building C object esp-idf/bootloader_support/CMakeFiles/__idf_bootloader_support.dir/src/bootloader_random.c.obj
[37/123] Building C object esp-idf/efuse/CMakeFiles/__idf_efuse.dir/esp32s3/esp_efuse_utility.c.obj
[38/123] Building C object esp-idf/bootloader_support/CMakeFiles/__idf_bootloader_support.dir/src/bootloader_mem.c.obj
[39/123] Building C object esp-idf/bootloader_support/CMakeFiles/__idf_bootloader_support.dir/src/secure_boot.c.obj
[40/123] Building C object esp-idf/esp_hw_support/CMakeFiles/__idf_esp_hw_support.dir/port/esp32s3/rtc_sleep.c.obj
[41/123] Building C object esp-idf/bootloader_support/CMakeFiles/__idf_bootloader_support.dir/src/bootloader_efuse.c.obj
[42/123] Linking C static library esp-idf/esp_rom/libesp_rom.a
[43/123] Building C object esp-idf/efuse/CMakeFiles/__idf_efuse.dir/src/esp_efuse_api.c.obj
[44/123] Building C object esp-idf/esp_hw_support/CMakeFiles/__idf_esp_hw_support.dir/port/esp32s3/rtc_init.c.obj
[45/123] Linking C static library esp-idf/esp_common/libesp_common.a
[46/123] Building C object esp-idf/bootloader_support/CMakeFiles/__idf_bootloader_support.dir/src/bootloader_clock_loader.c.obj
[47/123] Building C object esp-idf/bootloader_support/CMakeFiles/__idf_bootloader_support.dir/src/flash_partitions.c.obj
[48/123] Building C object esp-idf/esp_hw_support/CMakeFiles/__idf_esp_hw_support.dir/port/esp32s3/rtc_time.c.obj
[49/123] Building C object esp-idf/bootloader_support/CMakeFiles/__idf_bootloader_support.dir/src/bootloader_common.c.obj
[50/123] Building C object esp-idf/bootloader_support/CMakeFiles/__idf_bootloader_support.dir/src/bootloader_random_esp32s3.c.obj
[51/123] Building C object esp-idf/efuse/CMakeFiles/__idf_efuse.dir/src/esp_efuse_utility.c.obj
[52/123] Building C object esp-idf/bootloader_support/CMakeFiles/__idf_bootloader_support.dir/src/bootloader_sha.c.obj
[53/123] Building C object esp-idf/bootloader_support/CMakeFiles/__idf_bootloader_support.dir/src/bootloader_common_loader.c.obj
[54/123] Building C object esp-idf/efuse/CMakeFiles/__idf_efuse.dir/src/efuse_controller/keys/with_key_purposes/esp_efuse_api_key.c.obj
[55/123] Building C object esp-idf/bootloader_support/CMakeFiles/__idf_bootloader_support.dir/bootloader_flash/src/flash_qio_mode.c.obj
[56/123] Building C object esp-idf/bootloader_support/CMakeFiles/__idf_bootloader_support.dir/src/bootloader_console_loader.c.obj
[57/123] Building C object esp-idf/esp_bootloader_format/CMakeFiles/__idf_esp_bootloader_format.dir/esp_bootloader_desc.c.obj
[58/123] Building C object esp-idf/bootloader_support/CMakeFiles/__idf_bootloader_support.dir/src/bootloader_console.c.obj
[59/123] Building C object esp-idf/bootloader_support/CMakeFiles/__idf_bootloader_support.dir/src/flash_encrypt.c.obj
[60/123] Building C object esp-idf/bootloader_support/CMakeFiles/__idf_bootloader_support.dir/src/esp32s3/bootloader_soc.c.obj
[61/123] Building C object esp-idf/esp_hw_support/CMakeFiles/__idf_esp_hw_support.dir/port/esp32s3/rtc_clk.c.obj
[62/123] Building C object esp-idf/hal/CMakeFiles/__idf_hal.dir/mpu_hal.c.obj
[63/123] Building C object esp-idf/soc/CMakeFiles/__idf_soc.dir/dport_access_common.c.obj
[64/123] Building C object esp-idf/bootloader_support/CMakeFiles/__idf_bootloader_support.dir/bootloader_flash/src/bootloader_flash_config_esp32s3.c.obj
[65/123] Building C object esp-idf/spi_flash/CMakeFiles/__idf_spi_flash.dir/spi_flash_wrap.c.obj
[66/123] Building C object esp-idf/bootloader_support/CMakeFiles/__idf_bootloader_support.dir/src/bootloader_panic.c.obj
[67/123] Building C object esp-idf/hal/CMakeFiles/__idf_hal.dir/efuse_hal.c.obj
[68/123] Building C object esp-idf/soc/CMakeFiles/__idf_soc.dir/esp32s3/interrupts.c.obj
[69/123] Building C object esp-idf/soc/CMakeFiles/__idf_soc.dir/esp32s3/gpio_periph.c.obj
[70/123] Building C object esp-idf/soc/CMakeFiles/__idf_soc.dir/lldesc.c.obj
[71/123] Building C object esp-idf/hal/CMakeFiles/__idf_hal.dir/esp32s3/efuse_hal.c.obj
[72/123] Linking C static library esp-idf/esp_hw_support/libesp_hw_support.a
[73/123] Building C object esp-idf/bootloader_support/CMakeFiles/__idf_bootloader_support.dir/src/bootloader_init.c.obj
[74/123] Building C object esp-idf/bootloader_support/CMakeFiles/__idf_bootloader_support.dir/src/esp32s3/bootloader_esp32s3.c.obj
[75/123] Building C object esp-idf/hal/CMakeFiles/__idf_hal.dir/hal_utils.c.obj
[76/123] Building C object esp-idf/soc/CMakeFiles/__idf_soc.dir/esp32s3/adc_periph.c.obj
[77/123] Building C object esp-idf/soc/CMakeFiles/__idf_soc.dir/esp32s3/gdma_periph.c.obj
[78/123] Building C object esp-idf/soc/CMakeFiles/__idf_soc.dir/esp32s3/dedic_gpio_periph.c.obj
[79/123] Building C object esp-idf/soc/CMakeFiles/__idf_soc.dir/esp32s3/ledc_periph.c.obj
[80/123] Linking C static library esp-idf/esp_system/libesp_system.a
[81/123] Building C object esp-idf/bootloader_support/CMakeFiles/__idf_bootloader_support.dir/src/bootloader_utility.c.obj
[82/123] Building C object esp-idf/soc/CMakeFiles/__idf_soc.dir/esp32s3/rmt_periph.c.obj
[83/123] Building C object esp-idf/soc/CMakeFiles/__idf_soc.dir/esp32s3/pcnt_periph.c.obj
[84/123] Building C object esp-idf/soc/CMakeFiles/__idf_soc.dir/esp32s3/spi_periph.c.obj
[85/123] Building C object esp-idf/soc/CMakeFiles/__idf_soc.dir/esp32s3/i2s_periph.c.obj
[86/123] Building C object esp-idf/soc/CMakeFiles/__idf_soc.dir/esp32s3/uart_periph.c.obj
[87/123] Building C object esp-idf/soc/CMakeFiles/__idf_soc.dir/esp32s3/i2c_periph.c.obj
[88/123] Building C object esp-idf/soc/CMakeFiles/__idf_soc.dir/esp32s3/temperature_sensor_periph.c.obj
[89/123] Building C object esp-idf/soc/CMakeFiles/__idf_soc.dir/esp32s3/lcd_periph.c.obj
[90/123] Building C object esp-idf/soc/CMakeFiles/__idf_soc.dir/esp32s3/sdm_periph.c.obj
[91/123] Building C object esp-idf/soc/CMakeFiles/__idf_soc.dir/esp32s3/mcpwm_periph.c.obj
[92/123] Building C object esp-idf/bootloader_support/CMakeFiles/__idf_bootloader_support.dir/bootloader_flash/src/bootloader_flash.c.obj
[93/123] Building C object esp-idf/hal/CMakeFiles/__idf_hal.dir/cache_hal.c.obj
[94/123] Building C object esp-idf/soc/CMakeFiles/__idf_soc.dir/esp32s3/touch_sensor_periph.c.obj
[95/123] Building C object esp-idf/soc/CMakeFiles/__idf_soc.dir/esp32s3/usb_dwc_periph.c.obj
[96/123] Building C object esp-idf/soc/CMakeFiles/__idf_soc.dir/esp32s3/timer_periph.c.obj
[97/123] Building C object esp-idf/soc/CMakeFiles/__idf_soc.dir/esp32s3/sdmmc_periph.c.obj
[98/123] Building C object esp-idf/soc/CMakeFiles/__idf_soc.dir/esp32s3/twai_periph.c.obj
[99/123] Building C object esp-idf/soc/CMakeFiles/__idf_soc.dir/esp32s3/cam_periph.c.obj
[100/123] Building C object esp-idf/soc/CMakeFiles/__idf_soc.dir/esp32s3/mpi_periph.c.obj
[101/123] Building C object esp-idf/xtensa/CMakeFiles/__idf_xtensa.dir/eri.c.obj
[102/123] Building C object esp-idf/soc/CMakeFiles/__idf_soc.dir/esp32s3/power_supply_periph.c.obj
[103/123] Generating project_elf_src_esp32s3.c
[104/123] Building C object esp-idf/hal/CMakeFiles/__idf_hal.dir/mmu_hal.c.obj
[105/123] Linking C static library esp-idf/efuse/libefuse.a
[106/123] Building C object esp-idf/soc/CMakeFiles/__idf_soc.dir/esp32s3/rtc_io_periph.c.obj
[107/123] Building C object esp-idf/soc/CMakeFiles/__idf_soc.dir/esp32s3/wdt_periph.c.obj
[108/123] Building C object CMakeFiles/bootloader.elf.dir/project_elf_src_esp32s3.c.obj
[109/123] Building C object esp-idf/bootloader_support/CMakeFiles/__idf_bootloader_support.dir/src/esp_image_format.c.obj
[110/123] Building C object esp-idf/xtensa/CMakeFiles/__idf_xtensa.dir/xt_trax.c.obj
[111/123] Building C object esp-idf/main/CMakeFiles/__idf_main.dir/bootloader_start.c.obj
[112/123] Linking C static library esp-idf/bootloader_support/libbootloader_support.a
[113/123] Linking C static library esp-idf/esp_bootloader_format/libesp_bootloader_format.a
[114/123] Linking C static library esp-idf/spi_flash/libspi_flash.a
[115/123] Linking C static library esp-idf/hal/libhal.a
[116/123] Building C object esp-idf/micro-ecc/CMakeFiles/__idf_micro-ecc.dir/uECC_verify_antifault.c.obj
[117/123] Linking C static library esp-idf/micro-ecc/libmicro-ecc.a
[118/123] Linking C static library esp-idf/soc/libsoc.a
[119/123] Linking C static library esp-idf/xtensa/libxtensa.a
[120/123] Linking C static library esp-idf/main/libmain.a
[121/123] Linking C executable bootloader.elf
[122/123] Generating binary image from built executable
Warning: Deprecated: Option '--flash_mode' is deprecated. Use '--flash-mode' instead.
Warning: Deprecated: Option '--flash_freq' is deprecated. Use '--flash-freq' instead.
Warning: Deprecated: Option '--flash_size' is deprecated. Use '--flash-size' instead.
esptool v5.2.dev1
Creating ESP32S3 image...
Merged 2 ELF sections.
Successfully created ESP32S3 image.
Generated /home/tikhon/Документы/magnolia/applets/rust/rxxd/build/bootloader/bootloader.bin
[123/123] cd /home/tikhon/Документы/magnolia/applets/rust/rxxd/build/bootloader && /home/tikhon/.espressif/python_env/idf6.0_py3.12_env/bin/python /home/tikhon/Документы/magnolia/esp-idf/components/partition_table/check_sizes.py --offset 0x8000 bootloader 0x0 /home/tikhon/Документы/magnolia/applets/rust/rxxd/build/bootloader/bootloader.bin
Bootloader binary size 0x5320 bytes. 0x2ce0 bytes (35%) free.
ninja: build stopped: subcommand failed.
Command failed (2): idf.py build
Skipping failed applet build: rxxd
+ /home/tikhon/Документы/magnolia/build/littlefs_mkimage create /home/tikhon/Документы/magnolia/rootfs /home/tikhon/Документы/magnolia/build/vfs.bin --block-size=4096 --fs-size=2097152 --read-size=128 --prog-size=128 --cache-size=512 --lookahead-size=64
LittleFS image OK size=2097152 -> /home/tikhon/Документы/magnolia/build/vfs.bin
bash -lc 'source esp-idf/export.sh >/dev/null 2>&1 && python3 tools/applets.py build  '
Building applet cat -> cat ...
Building applet cd -> cd ...
Building applet chmod -> chmod ...
Building applet chown -> chown ...
+ idf.py elf
Building applet cp -> cp ...
+ idf.py elf
+ idf.py elf
+ idf.py elf
Building applet date -> date ...
Building applet cut -> cut ...
+ idf.py elf
Building applet dd -> dd ...
Building applet df -> df ...
Building applet du -> du ...
Building applet elftest -> elftest ...
+ idf.py elf
Building applet env -> env ...
+ idf.py elf
+ idf.py elf
Reconfiguring applet elftest (cmake inputs changed)
+ idf.py reconfigure
Building applet head -> head ...
+ idf.py elf
+ idf.py elf
Building applet echo -> echo ...
Building applet free -> free ...
Building applet false -> false ...
+ idf.py elf
Reconfiguring applet free (cmake inputs changed)
+ idf.py reconfigure
+ idf.py elf
+ idf.py elf
+ idf.py elf
Executing action: elf
Running ninja in directory /home/tikhon/Документы/magnolia/applets/mainline/cut/build
Executing "ninja elf"...
[1/1] Build ELF: cut.app.elf
Executing action: elf
Running ninja in directory /home/tikhon/Документы/magnolia/applets/mainline/cp/build
Executing "ninja elf"...
[1/1] Build ELF: cp.app.elf
Executing action: reconfigure
Running cmake in directory /home/tikhon/Документы/magnolia/applets/mainline/free/build
Executing "cmake -G Ninja -DPYTHON_DEPS_CHECKED=1 -DPYTHON=/home/tikhon/.espressif/python_env/idf6.0_py3.12_env/bin/python -DESP_PLATFORM=1 -DCCACHE_ENABLE=0 /home/tikhon/Документы/magnolia/applets/mainline/free"...
-- Found Git: /usr/bin/git (found version "2.43.0") 
Executing action: elf
Running ninja in directory /home/tikhon/Документы/magnolia/applets/mainline/chmod/build
Executing "ninja elf"...
[1/1] Build ELF: chmod.app.elf
Executing action: elf
Running ninja in directory /home/tikhon/Документы/magnolia/applets/mainline/chown/build
Executing "ninja elf"...
[1/1] Build ELF: chown.app.elf
Executing action: elf
Running ninja in directory /home/tikhon/Документы/magnolia/applets/mainline/false/build
Executing "ninja elf"...
[1/1] Build ELF: false.app.elf
Executing action: elf
Running ninja in directory /home/tikhon/Документы/magnolia/applets/mainline/cd/build
Executing "ninja elf"...
[1/1] Build ELF: cd.app.elf
Executing action: elf
Running ninja in directory /home/tikhon/Документы/magnolia/applets/mainline/cat/build
Executing "ninja elf"...
[1/1] Build ELF: cat.app.elf
Executing action: elf
Running ninja in directory /home/tikhon/Документы/magnolia/applets/mainline/date/build
Executing "ninja elf"...
[1/1] Build ELF: date.app.elf
Executing action: elf
Running ninja in directory /home/tikhon/Документы/magnolia/applets/mainline/head/build
Executing "ninja elf"...
[1/1] Build ELF: head.app.elf
Executing action: elf
Running ninja in directory /home/tikhon/Документы/magnolia/applets/mainline/dd/build
Executing "ninja elf"...
[1/1] Build ELF: dd.app.elf
Executing action: elf
Running ninja in directory /home/tikhon/Документы/magnolia/applets/mainline/df/build
Executing "ninja elf"...
[1/1] Build ELF: df.app.elf
Executing action: reconfigure
Running cmake in directory /home/tikhon/Документы/magnolia/applets/mainline/elftest/build
Executing "cmake -G Ninja -DPYTHON_DEPS_CHECKED=1 -DPYTHON=/home/tikhon/.espressif/python_env/idf6.0_py3.12_env/bin/python -DESP_PLATFORM=1 -DCCACHE_ENABLE=0 /home/tikhon/Документы/magnolia/applets/mainline/elftest"...
-- Found Git: /usr/bin/git (found version "2.43.0") 
Executing action: elf
Running ninja in directory /home/tikhon/Документы/magnolia/applets/mainline/env/build
Executing "ninja elf"...
[1/1] Build ELF: env.app.elf
Executing action: elf
Running ninja in directory /home/tikhon/Документы/magnolia/applets/mainline/echo/build
Executing "ninja elf"...
[1/1] Build ELF: echo.app.elf
Applet cut OK -> /home/tikhon/Документы/magnolia/rootfs/bin/cut
Building applet hexdump -> hexdump ...
+ idf.py elf
Applet chown OK -> /home/tikhon/Документы/magnolia/rootfs/bin/chown
Building applet init -> init ...
+ idf.py elf
Applet cp OK -> /home/tikhon/Документы/magnolia/rootfs/bin/cp
Building applet kill -> kill ...
+ idf.py elf
Applet chmod OK -> /home/tikhon/Документы/magnolia/rootfs/bin/chmod
Building applet ln -> ln ...
+ idf.py elf
Applet cd OK -> /home/tikhon/Документы/magnolia/rootfs/bin/cd
Building applet login -> login ...
+ idf.py elf
Applet false OK -> /home/tikhon/Документы/magnolia/rootfs/bin/false
Applet date OK -> /home/tikhon/Документы/magnolia/rootfs/bin/date
Building applet ls -> ls ...
Building applet medit -> medit ...
+ idf.py elf
+ idf.py elf
Applet cat OK -> /home/tikhon/Документы/magnolia/rootfs/bin/cat
Applet head OK -> /home/tikhon/Документы/magnolia/rootfs/bin/head
Building applet mv -> mv ...
Building applet mkdir -> mkdir ...
+ idf.py elf
+ idf.py elf
Applet df OK -> /home/tikhon/Документы/magnolia/rootfs/bin/df
Building applet ps -> ps ...
+ idf.py elf
Applet dd OK -> /home/tikhon/Документы/magnolia/rootfs/bin/dd
Building applet pwd -> pwd ...
+ idf.py elf
Applet env OK -> /home/tikhon/Документы/magnolia/rootfs/bin/env
Building applet rm -> rm ...
+ idf.py elf
Applet echo OK -> /home/tikhon/Документы/magnolia/rootfs/bin/echo
Building applet sh -> sh ...
+ idf.py elf
Executing action: elf
Running ninja in directory /home/tikhon/Документы/magnolia/applets/mainline/du/build
Executing "ninja elf"...
[1/1] Build ELF: du.app.elf
Applet du OK -> /home/tikhon/Документы/magnolia/rootfs/bin/du
Building applet shell -> shell ...
+ idf.py elf
-- Minimal build - OFF
-- Minimal build - OFF
-- The C compiler identification is GNU 15.1.0
-- The C compiler identification is GNU 15.1.0
-- The CXX compiler identification is GNU 15.1.0
-- The CXX compiler identification is GNU 15.1.0
-- The ASM compiler identification is GNU
-- Found assembler: /home/tikhon/.espressif/tools/xtensa-esp-elf/esp-15.1.0_20250607/xtensa-esp-elf/bin/xtensa-esp32s3-elf-gcc
Executing action: elf
Running ninja in directory /home/tikhon/Документы/magnolia/applets/mainline/init/build
Executing "ninja elf"...
[1/1] Build ELF: init.app.elf
-- The ASM compiler identification is GNU
-- Found assembler: /home/tikhon/.espressif/tools/xtensa-esp-elf/esp-15.1.0_20250607/xtensa-esp-elf/bin/xtensa-esp32s3-elf-gcc
Executing action: elf
Running ninja in directory /home/tikhon/Документы/magnolia/applets/mainline/hexdump/build
Executing "ninja elf"...
[1/1] Build ELF: hexdump.app.elf
-- Detecting C compiler ABI info
-- Detecting C compiler ABI info
Executing action: elf
Running ninja in directory /home/tikhon/Документы/magnolia/applets/mainline/login/build
Executing "ninja elf"...
[1/1] Build ELF: login.app.elf
Executing action: elf
Running ninja in directory /home/tikhon/Документы/magnolia/applets/mainline/mv/build
Executing "ninja elf"...
[1/1] Build ELF: mv.app.elf
Executing action: elf
Running ninja in directory /home/tikhon/Документы/magnolia/applets/mainline/kill/build
Executing "ninja elf"...
[1/1] Build ELF: kill.app.elf
Executing action: elf
Running ninja in directory /home/tikhon/Документы/magnolia/applets/mainline/pwd/build
Executing "ninja elf"...
[1/1] Build ELF: pwd.app.elf
Executing action: elf
Running ninja in directory /home/tikhon/Документы/magnolia/applets/mainline/ps/build
Executing "ninja elf"...
[1/1] Build ELF: ps.app.elf
-- Detecting C compiler ABI info - done
-- Detecting C compiler ABI info - done
-- Check for working C compiler: /home/tikhon/.espressif/tools/xtensa-esp-elf/esp-15.1.0_20250607/xtensa-esp-elf/bin/xtensa-esp32s3-elf-gcc - skipped
-- Detecting C compile features
-- Detecting C compile features - done
-- Check for working C compiler: /home/tikhon/.espressif/tools/xtensa-esp-elf/esp-15.1.0_20250607/xtensa-esp-elf/bin/xtensa-esp32s3-elf-gcc - skipped
-- Detecting C compile features
-- Detecting C compile features - done
-- Detecting CXX compiler ABI info
Executing action: elf
Running ninja in directory /home/tikhon/Документы/magnolia/applets/mainline/rm/build
Executing "ninja elf"...
[1/1] Build ELF: rm.app.elf
-- Detecting CXX compiler ABI info
Executing action: elf
Running ninja in directory /home/tikhon/Документы/magnolia/applets/mainline/medit/build
Executing "ninja elf"...
[1/1] Build ELF: medit.app.elf
Applet hexdump OK -> /home/tikhon/Документы/magnolia/rootfs/bin/hexdump
Building applet sleep -> sleep ...
Applet init OK -> /home/tikhon/Документы/magnolia/rootfs/bin/init
Building applet sort -> sort ...
+ idf.py elf
+ idf.py elf
Executing action: elf
Running ninja in directory /home/tikhon/Документы/magnolia/applets/mainline/ln/build
Executing "ninja elf"...
[1/1] Build ELF: ln.app.elf
Executing action: elf
Running ninja in directory /home/tikhon/Документы/magnolia/applets/mainline/ls/build
Executing "ninja elf"...
[1/1] Build ELF: ls.app.elf
Executing action: elf
Running ninja in directory /home/tikhon/Документы/magnolia/applets/mainline/mkdir/build
Executing "ninja elf"...
[1/1] Build ELF: mkdir.app.elf
Executing action: elf
Running ninja in directory /home/tikhon/Документы/magnolia/applets/mainline/sh/build
Executing "ninja elf"...
[1/1] Build ELF: sh.app.elf
-- Detecting CXX compiler ABI info - done
-- Detecting CXX compiler ABI info - done
Applet mv OK -> /home/tikhon/Документы/magnolia/rootfs/bin/mv
Building applet tail -> tail ...
+ idf.py elf
-- Check for working CXX compiler: /home/tikhon/.espressif/tools/xtensa-esp-elf/esp-15.1.0_20250607/xtensa-esp-elf/bin/xtensa-esp32s3-elf-g++ - skipped
-- Detecting CXX compile features
-- Detecting CXX compile features - done
Applet ps OK -> /home/tikhon/Документы/magnolia/rootfs/bin/ps
Building applet tee -> tee ...
+ idf.py elf
Applet pwd OK -> /home/tikhon/Документы/magnolia/rootfs/bin/pwd
Building applet test -> test ...
+ idf.py elf
-- Check for working CXX compiler: /home/tikhon/.espressif/tools/xtensa-esp-elf/esp-15.1.0_20250607/xtensa-esp-elf/bin/xtensa-esp32s3-elf-g++ - skipped
-- Detecting CXX compile features
-- Detecting CXX compile features - done
Applet login OK -> /home/tikhon/Документы/magnolia/rootfs/bin/login
Building applet touch -> touch ...
+ idf.py elf
Applet kill OK -> /home/tikhon/Документы/magnolia/rootfs/bin/kill
Building applet tr -> tr ...
+ idf.py elf
-- Building ESP-IDF components for target esp32s3
Applet rm OK -> /home/tikhon/Документы/magnolia/rootfs/bin/rm
-- Building ESP-IDF components for target esp32s3
Building applet true -> true ...
+ idf.py elf
Applet ln OK -> /home/tikhon/Документы/magnolia/rootfs/bin/ln
Building applet uname -> uname ...
+ idf.py elf
Applet ls OK -> /home/tikhon/Документы/magnolia/rootfs/bin/ls
Building applet user -> user ...
+ idf.py elf
Applet mkdir OK -> /home/tikhon/Документы/magnolia/rootfs/bin/mkdir
Building applet vi -> vi ...
+ idf.py elf
Applet medit OK -> /home/tikhon/Документы/magnolia/rootfs/bin/medit
Building applet xxd -> xxd ...
+ idf.py elf
Executing action: elf
Running ninja in directory /home/tikhon/Документы/magnolia/applets/mainline/shell/build
Executing "ninja elf"...
[1/1] Build ELF: shell.app.elf
Applet sh OK -> /home/tikhon/Документы/magnolia/rootfs/bin/sh
Building applet echo -> goecho ...
+ idf.py elf
Applet shell OK -> /home/tikhon/Документы/magnolia/rootfs/bin/shell
Building applet false -> gofalse ...
+ idf.py elf
-- ESP-TEE is currently supported only on the esp32c6;esp32h2;esp32c5 SoCs
Executing action: elf
Running ninja in directory /home/tikhon/Документы/magnolia/applets/mainline/sleep/build
Executing "ninja elf"...
[1/1] Build ELF: sleep.app.elf
Executing action: elf
Running ninja in directory /home/tikhon/Документы/magnolia/applets/mainline/tail/build
Executing "ninja elf"...
[1/1] Build ELF: tail.app.elf
Executing action: elf
Running ninja in directory /home/tikhon/Документы/magnolia/applets/mainline/sort/build
Executing "ninja elf"...
[1/1] Build ELF: sort.app.elf
Executing action: elf
Running ninja in directory /home/tikhon/Документы/magnolia/applets/mainline/tee/build
Executing "ninja elf"...
[1/1] Build ELF: tee.app.elf
Executing action: elf
Running ninja in directory /home/tikhon/Документы/magnolia/applets/mainline/tr/build
Executing "ninja elf"...
[1/1] Build ELF: tr.app.elf
Executing action: elf
Running ninja in directory /home/tikhon/Документы/magnolia/applets/go/echo/build
Executing "ninja elf"...
[0/2] Re-checking globbed directories...
Applet sleep OK -> /home/tikhon/Документы/magnolia/rootfs/bin/sleep
Building applet goargs -> goargs ...
+ idf.py elf
Executing action: elf
Running ninja in directory /home/tikhon/Документы/magnolia/applets/mainline/touch/build
Executing "ninja elf"...
[1/1] Build ELF: touch.app.elf
Applet tail OK -> /home/tikhon/Документы/magnolia/rootfs/bin/tail
Building applet godd -> godd ...
Executing action: elf
Running ninja in directory /home/tikhon/Документы/magnolia/applets/mainline/user/build
Executing "ninja elf"...
[1/1] Build ELF: user.app.elf
+ idf.py elf
[1/2] Build ELF: echo.app.elf
Executing action: elf
Running ninja in directory /home/tikhon/Документы/magnolia/applets/mainline/test/build
Executing "ninja elf"...
[1/1] Build ELF: test.app.elf
Applet tee OK -> /home/tikhon/Документы/magnolia/rootfs/bin/tee
Building applet gohello -> gohello ...
+ idf.py elf
Applet sort OK -> /home/tikhon/Документы/magnolia/rootfs/bin/sort
Building applet gohexdump -> gohexdump ...
+ idf.py elf
Executing action: elf
Running ninja in directory /home/tikhon/Документы/magnolia/applets/mainline/true/build
Executing "ninja elf"...
[1/1] Build ELF: true.app.elf
Applet tr OK -> /home/tikhon/Документы/magnolia/rootfs/bin/tr
Building applet gotest -> gotest ...
+ idf.py elf
Executing action: elf
Running ninja in directory /home/tikhon/Документы/magnolia/applets/mainline/xxd/build
Executing "ninja elf"...
[1/1] Build ELF: xxd.app.elf
Executing action: elf
Running ninja in directory /home/tikhon/Документы/magnolia/applets/mainline/vi/build
Executing "ninja elf"...
[1/1] Build ELF: vi.app.elf
Executing action: elf
Running ninja in directory /home/tikhon/Документы/magnolia/applets/mainline/uname/build
Executing "ninja elf"...
[1/1] Build ELF: uname.app.elf
NOTICE: Processing 3 dependencies:
NOTICE: [1/3] espressif/cmake_utilities (0.5.3)
NOTICE: [2/3] espressif/elf_loader (1.1.1)
NOTICE: [3/3] idf (6.0.0)
Executing action: elf
Running ninja in directory /home/tikhon/Документы/magnolia/applets/go/false/build
Executing "ninja elf"...
[0/2] Re-checking globbed directories...
Applet touch OK -> /home/tikhon/Документы/magnolia/rootfs/bin/touch
[1/2] Build ELF: false.app.elf
Building applet goxxd -> goxxd ...
+ idf.py elf
Applet user OK -> /home/tikhon/Документы/magnolia/rootfs/bin/user
Building applet pwd -> gopwd ...
+ idf.py elf
Applet echo OK -> /home/tikhon/Документы/magnolia/rootfs/bin/goecho
Building applet sleep -> gosleep ...
+ idf.py elf
Applet true OK -> /home/tikhon/Документы/magnolia/rootfs/bin/true
Building applet true -> gotrue ...
+ idf.py elf
Applet test OK -> /home/tikhon/Документы/magnolia/rootfs/bin/test
Building applet uname -> gouname ...
+ idf.py elf
Applet xxd OK -> /home/tikhon/Документы/magnolia/rootfs/bin/xxd
Building applet edit -> edit ...
+ idf.py elf
Applet uname OK -> /home/tikhon/Документы/magnolia/rootfs/bin/uname
Building applet rdd -> rdd ...
+ idf.py elf
Applet vi OK -> /home/tikhon/Документы/magnolia/rootfs/bin/vi
Building applet rhexdump -> rhexdump ...
+ idf.py elf
-- ESP-TEE is currently supported only on the esp32c6;esp32h2;esp32c5 SoCs
Applet false OK -> /home/tikhon/Документы/magnolia/rootfs/bin/gofalse
Building applet rselftest -> rselftest ...
+ idf.py elf
-- Project sdkconfig file /home/tikhon/Документы/magnolia/applets/mainline/free/sdkconfig
Executing action: elf
Running ninja in directory /home/tikhon/Документы/magnolia/applets/go/goargs/build
Executing "ninja elf"...
[0/2] Re-checking globbed directories...
[1/2] Build ELF: goargs.app.elf
Executing action: elf
Running ninja in directory /home/tikhon/Документы/magnolia/applets/go/gotest/build
Executing "ninja elf"...
[0/2] Re-checking globbed directories...
Executing action: elf
Running ninja in directory /home/tikhon/Документы/magnolia/applets/go/godd/build
Executing "ninja elf"...
[0/2] Re-checking globbed directories...
[1/2] Build ELF: gotest.app.elf
Executing action: elf
Running ninja in directory /home/tikhon/Документы/magnolia/applets/go/gohexdump/build
Executing "ninja elf"...
[0/2] Re-checking globbed directories...
Applet goargs OK -> /home/tikhon/Документы/magnolia/rootfs/bin/goargs
Building applet rshello -> rshello ...
+ idf.py elf
[1/2] Build ELF: dd.app.elf
[1/2] Build ELF: hexdump.app.elf
Executing action: elf
Running ninja in directory /home/tikhon/Документы/magnolia/applets/rust/edit/build
Executing "ninja elf"...
[0/2] Re-checking globbed directories...
Executing action: elf
Running ninja in directory /home/tikhon/Документы/magnolia/applets/go/gohello/build
Executing "ninja elf"...
[0/2] Re-checking globbed directories...
Executing action: elf
Running ninja in directory /home/tikhon/Документы/magnolia/applets/rust/rhexdump/build
Executing "ninja elf"...
[0/2] Re-checking globbed directories...
[1/2] Build ELF: gohello.app.elf
Executing action: elf
Running ninja in directory /home/tikhon/Документы/magnolia/applets/go/goxxd/build
Executing "ninja elf"...
[0/2] Re-checking globbed directories...
Applet gotest OK -> /home/tikhon/Документы/magnolia/rootfs/bin/gotest
Building applet rusthello -> rusthello ...
+ idf.py elf
Executing action: elf
Running ninja in directory /home/tikhon/Документы/magnolia/applets/rust/rdd/build
Executing "ninja elf"...
[0/2] Re-checking globbed directories...
[1/2] Build ELF: edit.app.elf
[1/2] Build ELF: xxd.app.elf
Executing action: elf
Running ninja in directory /home/tikhon/Документы/magnolia/applets/go/true/build
Executing "ninja elf"...
[0/2] Re-checking globbed directories...
Executing action: elf
Running ninja in directory /home/tikhon/Документы/magnolia/applets/go/sleep/build
Executing "ninja elf"...
[0/2] Re-checking globbed directories...
Executing action: elf
Running ninja in directory /home/tikhon/Документы/magnolia/applets/go/pwd/build
Executing "ninja elf"...
[0/2] Re-checking globbed directories...
Applet godd OK -> /home/tikhon/Документы/magnolia/rootfs/bin/godd
Building applet rxxd -> rxxd ...
+ idf.py elf
[1/2] Build ELF: pwd.app.elf
[1/2] Build ELF: true.app.elf
-- Compiler supported targets: xtensa-esp-elf
[1/2] Build ELF: sleep.app.elf
Applet gohexdump OK -> /home/tikhon/Документы/magnolia/rootfs/bin/gohexdump
Building applet zdd -> zdd ...
+ idf.py elf
Executing action: elf
Running ninja in directory /home/tikhon/Документы/magnolia/applets/go/uname/build
Executing "ninja elf"...
[0/2] Re-checking globbed directories...
[1/2] Build ELF: uname.app.elf
-- Project sdkconfig file /home/tikhon/Документы/magnolia/applets/mainline/elftest/sdkconfig
Applet gohello OK -> /home/tikhon/Документы/magnolia/rootfs/bin/gohello
Building applet zhexdump -> zhexdump ...
+ idf.py elf
Applet edit OK -> /home/tikhon/Документы/magnolia/rootfs/bin/edit
Building applet zigdemo -> zigdemo ...
+ idf.py elf
Applet goxxd OK -> /home/tikhon/Документы/magnolia/rootfs/bin/goxxd
Building applet zighello -> zighello ...
+ idf.py elf
Executing action: elf
Running ninja in directory /home/tikhon/Документы/magnolia/applets/rust/rselftest/build
Executing "ninja elf"...
[0/2] Re-checking globbed directories...
[1/2] Build ELF: rselftest.app.elf
/home/tikhon/.espressif/tools/xtensa-esp-elf/esp-15.1.0_20250607/xtensa-esp-elf/bin/../lib/gcc/xtensa-esp-elf/15.1.0/../../../../xtensa-esp-elf/bin/ld: warning: rselftest.app.elf has a LOAD segment with RWX permissions
Applet pwd OK -> /home/tikhon/Документы/magnolia/rootfs/bin/gopwd
Building applet zigtest -> zigtest ...
+ idf.py elf
Applet sleep OK -> /home/tikhon/Документы/magnolia/rootfs/bin/gosleep
Building applet zxxd -> zxxd ...
+ idf.py elf
Applet true OK -> /home/tikhon/Документы/magnolia/rootfs/bin/gotrue
-- App "free" version: 96a69bd-dirty
Applet uname OK -> /home/tikhon/Документы/magnolia/rootfs/bin/gouname
[1/3] Build Rust staticlib: /home/tikhon/Документы/magnolia/applets/rust/rhexdump/build/libhexdump.a
FAILED: libhexdump.a /home/tikhon/Документы/magnolia/applets/rust/rhexdump/build/libhexdump.a 
cd /home/tikhon/Документы/magnolia/applets/rust/rhexdump/build && /usr/bin/cmake -E env CARGO_TARGET_DIR=/home/tikhon/Документы/magnolia/applets/rust/rhexdump/build/rust_target bash -lc "set -euo pipefail;                  if [ -n \"/home/tikhon/export-esp.sh\" ] && [ -f \"/home/tikhon/export-esp.sh\" ]; then . \"/home/tikhon/export-esp.sh\" >/dev/null 2>&1; fi;                  RUSTFLAGS='-C panic=abort' cargo +esp build  --locked                    -Zbuild-std=core,alloc,compiler_builtins -Zbuild-std-features=compiler-builtins-mem                    --manifest-path '/home/tikhon/Документы/magnolia/applets/rust/rhexdump/rust/Cargo.toml' --release --target 'xtensa-esp32s3-none-elf'" && /usr/bin/cmake -E copy_if_different /home/tikhon/Документы/magnolia/applets/rust/rhexdump/build/rust_target/xtensa-esp32s3-none-elf/release/libhexdump.a /home/tikhon/Документы/magnolia/applets/rust/rhexdump/build/libhexdump.a && bash -lc "set -euo pipefail;                  tmp='/home/tikhon/Документы/magnolia/applets/rust/rhexdump/build/rust_fixup_hexdump';                  rm -rf \"\$tmp\"; mkdir -p \"\$tmp\";                  cd \"\$tmp\";                  '/home/tikhon/.espressif/tools/xtensa-esp-elf/esp-15.1.0_20250607/xtensa-esp-elf/bin/xtensa-esp32s3-elf-ar' x '/home/tikhon/Документы/magnolia/applets/rust/rhexdump/build/libhexdump.a';                  for obj in *.o; do                    [ -f \"\$obj\" ] || continue;                    for sec in \$(LC_ALL=C readelf -S -W \"\$obj\" | sed -n 's/^[[:space:]]*\\[[[:space:]]*[0-9]\\+\\][[:space:]]\\+\\([^ ]\\+\\).*/\\1/p'); do                      case \"\$sec\" in                        .literal*|.rodata*) '/home/tikhon/.espressif/tools/xtensa-esp-elf/esp-15.1.0_20250607/xtensa-esp-elf/bin/xtensa-esp32s3-elf-objcopy' --set-section-flags \"\$sec\"=alloc,load,contents,data \"\$obj\" || true ;;                      esac;                    done;                  done;                  '/home/tikhon/.espressif/tools/xtensa-esp-elf/esp-15.1.0_20250607/xtensa-esp-elf/bin/xtensa-esp32s3-elf-ar' rcs '/home/tikhon/Документы/magnolia/applets/rust/rhexdump/build/libhexdump.a' *.o"
   Compiling hexdump v0.1.0 (/home/tikhon/Документы/magnolia/applets/rust/rhexdump/rust)
error: unknown byte escape: `b`
   --> src/lib.rs:139:12
    |
139 |         b'\b' => {
    |            ^ unknown byte escape
    |
    = help: for more information, visit <https://doc.rust-lang.org/reference/tokens.html#literals>

error: unknown byte escape: `f`
   --> src/lib.rs:143:12
    |
143 |         b'\f' => {
    |            ^ unknown byte escape
    |
    = help: for more information, visit <https://doc.rust-lang.org/reference/tokens.html#literals>

error: unknown byte escape: `v`
   --> src/lib.rs:147:12
    |
147 |         b'\v' => {
    |            ^ unknown byte escape
    |
    = help: for more information, visit <https://doc.rust-lang.org/reference/tokens.html#literals>

error: cannot find macro `format` in this scope
   --> src/lib.rs:232:37
    |
232 | ...                   let s = format!("{:0width$}", word, width = width);
    |                               ^^^^^^
    |
help: consider importing this macro
    |
  5 + use alloc::format;
    |

error: cannot find macro `format` in this scope
   --> src/lib.rs:176:36
    |
176 |                     line.push_str(&format!("{:02x} ", buf[i]));
    |                                    ^^^^^^
    |
help: consider importing this macro
    |
  5 + use alloc::format;
    |

error[E0382]: use of moved value
   --> src/lib.rs:297:21
    |
297 |         if let Some(rem) = remaining {
    |                     ^^^ value moved here, in previous iteration of loop
...
316 |         if let Some(rem) = remaining {
    |                     --- value moved here, in previous iteration of loop
    |
    = note: move occurs because value has type `&mut u64`, which does not implement the `Copy` trait
help: borrow this binding in the pattern to avoid moving the value
    |
316 |         if let Some(ref rem) = remaining {
    |                     +++
help: borrow this binding in the pattern to avoid moving the value
    |
297 |         if let Some(ref rem) = remaining {
    |                     +++

error[E0382]: use of moved value
   --> src/lib.rs:316:21
    |
297 |         if let Some(rem) = remaining {
    |                     --- value moved here
...
316 |         if let Some(rem) = remaining {
    |                     ^^^ value used here after move
    |
    = note: move occurs because value has type `&mut u64`, which does not implement the `Copy` trait
help: borrow this binding in the pattern to avoid moving the value
    |
297 |         if let Some(ref rem) = remaining {
    |                     +++

For more information about this error, try `rustc --explain E0382`.
error: could not compile `hexdump` (lib) due to 7 previous errors
ninja: build stopped: subcommand failed.
Applet rselftest OK -> /home/tikhon/Документы/magnolia/rootfs/bin/rselftest
-- Found Python3: /home/tikhon/.espressif/python_env/idf6.0_py3.12_env/bin/python (found version "3.12.3") found components: Interpreter 
Command failed (2): idf.py elf
Elf target failed for rhexdump; running `idf.py build` instead.
+ idf.py build
-- Performing Test CMAKE_HAVE_LIBC_PTHREAD
-- Performing Test CMAKE_HAVE_LIBC_PTHREAD - Success
-- Found Threads: TRUE  
-- Performing Test C_COMPILER_SUPPORTS_WFORMAT_SIGNEDNESS
-- Performing Test C_COMPILER_SUPPORTS_WFORMAT_SIGNEDNESS - Success
-- USING O3
-- Adding linker script /home/tikhon/Документы/magnolia/applets/mainline/free/build/esp-idf/esp_system/ld/memory.ld
-- Adding linker script /home/tikhon/Документы/magnolia/applets/mainline/free/build/esp-idf/esp_system/ld/sections.ld.in
-- Adding linker script /home/tikhon/Документы/magnolia/esp-idf/components/esp_rom/esp32s3/ld/esp32s3.rom.ld
-- Adding linker script /home/tikhon/Документы/magnolia/esp-idf/components/esp_rom/esp32s3/ld/esp32s3.rom.api.ld
-- Adding linker script /home/tikhon/Документы/magnolia/esp-idf/components/esp_rom/esp32s3/ld/esp32s3.rom.bt_funcs.ld
-- Adding linker script /home/tikhon/Документы/magnolia/esp-idf/components/esp_rom/esp32s3/ld/esp32s3.rom.libgcc.ld
-- Adding linker script /home/tikhon/Документы/magnolia/esp-idf/components/esp_rom/esp32s3/ld/esp32s3.rom.wdt.ld
-- Adding linker script /home/tikhon/Документы/magnolia/esp-idf/components/esp_rom/esp32s3/ld/esp32s3.rom.version.ld
-- Adding linker script /home/tikhon/Документы/magnolia/esp-idf/components/esp_rom/esp32s3/ld/esp32s3.rom.ble_master.ld
-- Adding linker script /home/tikhon/Документы/magnolia/esp-idf/components/esp_rom/esp32s3/ld/esp32s3.rom.ble_50.ld
-- Adding linker script /home/tikhon/Документы/magnolia/esp-idf/components/esp_rom/esp32s3/ld/esp32s3.rom.ble_smp.ld
-- Adding linker script /home/tikhon/Документы/magnolia/esp-idf/components/esp_rom/esp32s3/ld/esp32s3.rom.ble_dtm.ld
-- Adding linker script /home/tikhon/Документы/magnolia/esp-idf/components/esp_rom/esp32s3/ld/esp32s3.rom.ble_test.ld
-- Adding linker script /home/tikhon/Документы/magnolia/esp-idf/components/esp_rom/esp32s3/ld/esp32s3.rom.ble_scan.ld
-- Adding linker script /home/tikhon/Документы/magnolia/esp-idf/components/esp_rom/esp32s3/ld/esp32s3.rom.libc.ld
-- Adding linker script /home/tikhon/Документы/magnolia/esp-idf/components/esp_rom/esp32s3/ld/esp32s3.rom.newlib.ld
-- Adding linker script /home/tikhon/Документы/magnolia/esp-idf/components/soc/esp32s3/ld/esp32s3.peripherals.ld
Executing action: elf
Running ninja in directory /home/tikhon/Документы/magnolia/applets/rust/rshello/build
Executing "ninja elf"...
[1/1] Build ELF: rshello.app.elf
/home/tikhon/.espressif/tools/xtensa-esp-elf/esp-15.1.0_20250607/xtensa-esp-elf/bin/../lib/gcc/xtensa-esp-elf/15.1.0/../../../../xtensa-esp-elf/bin/ld: warning: main.c.obj: missing .note.GNU-stack section implies executable stack
/home/tikhon/.espressif/tools/xtensa-esp-elf/esp-15.1.0_20250607/xtensa-esp-elf/bin/../lib/gcc/xtensa-esp-elf/15.1.0/../../../../xtensa-esp-elf/bin/ld: NOTE: This behaviour is deprecated and will be removed in a future version of the linker
-- Compiler supported targets: xtensa-esp-elf
Executing action: elf
Running ninja in directory /home/tikhon/Документы/magnolia/applets/rust/rusthello/build
Executing "ninja elf"...
[0/2] Re-checking globbed directories...
Applet rshello OK -> /home/tikhon/Документы/magnolia/rootfs/bin/rshello
-- App "elftest" version: 96a69bd-dirty
[1/2] Build ELF: rusthello.app.elf
/home/tikhon/.espressif/tools/xtensa-esp-elf/esp-15.1.0_20250607/xtensa-esp-elf/bin/../lib/gcc/xtensa-esp-elf/15.1.0/../../../../xtensa-esp-elf/bin/ld: warning: rusthello.app.elf has a LOAD segment with RWX permissions
Executing action: elf
Running ninja in directory /home/tikhon/Документы/magnolia/applets/rust/rxxd/build
Executing "ninja elf"...
[0/2] Re-checking globbed directories...
Executing action: elf
Running ninja in directory /home/tikhon/Документы/magnolia/applets/zig/zdd/build
Executing "ninja elf"...
[0/2] Re-checking globbed directories...
Executing action: elf
Running ninja in directory /home/tikhon/Документы/magnolia/applets/zig/zigdemo/build
Executing "ninja elf"...
[0/2] Re-checking globbed directories...
[1/2] Build ELF: zigdemo.app.elf
/home/tikhon/.espressif/tools/xtensa-esp-elf/esp-15.1.0_20250607/xtensa-esp-elf/bin/../lib/gcc/xtensa-esp-elf/15.1.0/../../../../xtensa-esp-elf/bin/ld: warning: zigdemo.app.elf has a LOAD segment with RWX permissions
Executing action: elf
Running ninja in directory /home/tikhon/Документы/magnolia/applets/zig/zighello/build
Executing "ninja elf"...
[0/2] Re-checking globbed directories...
Executing action: elf
Running ninja in directory /home/tikhon/Документы/magnolia/applets/zig/zhexdump/build
Executing "ninja elf"...
[0/2] Re-checking globbed directories...
[1/2] Build ELF: zighello.app.elf
Applet rusthello OK -> /home/tikhon/Документы/magnolia/rootfs/bin/rusthello
Executing action: elf
Running ninja in directory /home/tikhon/Документы/magnolia/applets/zig/zxxd/build
Executing "ninja elf"...
[0/2] Re-checking globbed directories...
Executing action: elf
Running ninja in directory /home/tikhon/Документы/magnolia/applets/zig/zigtest/build
Executing "ninja elf"...
[0/2] Re-checking globbed directories...
[1/2] Build ELF: zigtest.app.elf
-- Found Python3: /home/tikhon/.espressif/python_env/idf6.0_py3.12_env/bin/python (found version "3.12.3") found components: Interpreter 
/home/tikhon/.espressif/tools/xtensa-esp-elf/esp-15.1.0_20250607/xtensa-esp-elf/bin/../lib/gcc/xtensa-esp-elf/15.1.0/../../../../xtensa-esp-elf/bin/ld: warning: zigtest.app.elf has a LOAD segment with RWX permissions
Applet zigdemo OK -> /home/tikhon/Документы/magnolia/rootfs/bin/zigdemo
-- Performing Test CMAKE_HAVE_LIBC_PTHREAD
[1/3] Build Rust staticlib: /home/tikhon/Документы/magnolia/applets/rust/rxxd/build/libxxd.a
FAILED: libxxd.a /home/tikhon/Документы/magnolia/applets/rust/rxxd/build/libxxd.a 
cd /home/tikhon/Документы/magnolia/applets/rust/rxxd/build && /usr/bin/cmake -E env CARGO_TARGET_DIR=/home/tikhon/Документы/magnolia/applets/rust/rxxd/build/rust_target bash -lc "set -euo pipefail;                  if [ -n \"/home/tikhon/export-esp.sh\" ] && [ -f \"/home/tikhon/export-esp.sh\" ]; then . \"/home/tikhon/export-esp.sh\" >/dev/null 2>&1; fi;                  RUSTFLAGS='-C panic=abort' cargo +esp build                      -Zbuild-std=core,alloc,compiler_builtins -Zbuild-std-features=compiler-builtins-mem                    --manifest-path '/home/tikhon/Документы/magnolia/applets/rust/rxxd/rust/Cargo.toml' --release --target 'xtensa-esp32s3-none-elf'" && /usr/bin/cmake -E copy_if_different /home/tikhon/Документы/magnolia/applets/rust/rxxd/build/rust_target/xtensa-esp32s3-none-elf/release/libxxd.a /home/tikhon/Документы/magnolia/applets/rust/rxxd/build/libxxd.a && bash -lc "set -euo pipefail;                  tmp='/home/tikhon/Документы/magnolia/applets/rust/rxxd/build/rust_fixup_xxd';                  rm -rf \"\$tmp\"; mkdir -p \"\$tmp\";                  cd \"\$tmp\";                  '/home/tikhon/.espressif/tools/xtensa-esp-elf/esp-15.1.0_20250607/xtensa-esp-elf/bin/xtensa-esp32s3-elf-ar' x '/home/tikhon/Документы/magnolia/applets/rust/rxxd/build/libxxd.a';                  for obj in *.o; do                    [ -f \"\$obj\" ] || continue;                    for sec in \$(LC_ALL=C readelf -S -W \"\$obj\" | sed -n 's/^[[:space:]]*\\[[[:space:]]*[0-9]\\+\\][[:space:]]\\+\\([^ ]\\+\\).*/\\1/p'); do                      case \"\$sec\" in                        .literal*|.rodata*) '/home/tikhon/.espressif/tools/xtensa-esp-elf/esp-15.1.0_20250607/xtensa-esp-elf/bin/xtensa-esp32s3-elf-objcopy' --set-section-flags \"\$sec\"=alloc,load,contents,data \"\$obj\" || true ;;                      esac;                    done;                  done;                  '/home/tikhon/.espressif/tools/xtensa-esp-elf/esp-15.1.0_20250607/xtensa-esp-elf/bin/xtensa-esp32s3-elf-ar' rcs '/home/tikhon/Документы/magnolia/applets/rust/rxxd/build/libxxd.a' *.o"
   Compiling xxd v0.1.0 (/home/tikhon/Документы/magnolia/applets/rust/rxxd/rust)
error: cannot find macro `format` in this scope
   --> src/lib.rs:235:28
    |
235 |             line.push_str(&format!("{:08x}: ", offset));
    |                            ^^^^^^
    |
help: consider importing this macro
    |
  5 + use alloc::format;
    |

error: could not compile `xxd` (lib) due to 1 previous error
ninja: build stopped: subcommand failed.
Applet zighello OK -> /home/tikhon/Документы/magnolia/rootfs/bin/zighello
-- Performing Test CMAKE_HAVE_LIBC_PTHREAD - Success
-- Found Threads: TRUE  
Applet zigtest OK -> /home/tikhon/Документы/magnolia/rootfs/bin/zigtest
-- Performing Test C_COMPILER_SUPPORTS_WFORMAT_SIGNEDNESS
Executing action: all (aliases: build)
Running ninja in directory /home/tikhon/Документы/magnolia/applets/rust/rhexdump/build
Executing "ninja all"...
[0/2] Re-checking globbed directories...
-- Components: app_trace app_update bootloader bootloader_support bt cmock console cxx driver efuse esp-tls esp_adc esp_app_format esp_bootloader_format esp_coex esp_common esp_driver_ana_cmpr esp_driver_bitscrambler esp_driver_cam esp_driver_dac esp_driver_gpio esp_driver_gptimer esp_driver_i2c esp_driver_i2s esp_driver_i3c esp_driver_isp esp_driver_jpeg esp_driver_ledc esp_driver_mcpwm esp_driver_parlio esp_driver_pcnt esp_driver_ppa esp_driver_rmt esp_driver_sd_intf esp_driver_sdio esp_driver_sdm esp_driver_sdmmc esp_driver_sdspi esp_driver_spi esp_driver_touch_sens esp_driver_tsens esp_driver_twai esp_driver_uart esp_driver_usb_serial_jtag esp_eth esp_event esp_gdbstub esp_hid esp_http_client esp_http_server esp_https_ota esp_https_server esp_hw_support esp_lcd esp_local_ctrl esp_mm esp_netif esp_netif_stack esp_partition esp_phy esp_pm esp_psram esp_ringbuf esp_rom esp_security esp_system esp_timer esp_vfs_console esp_wifi espcoredump esptool_py fatfs freertos hal heap http_parser idf_test ieee802154 json log lwip main mbedtls mqtt newlib nvs_flash nvs_sec_provider openthread partition_table perfmon protobuf-c protocomm pthread rt sdmmc soc spi_flash spiffs tcp_transport touch_element ulp unity usb vfs wear_levelling wifi_provisioning wpa_supplicant xtensa
-- Performing Test C_COMPILER_SUPPORTS_WFORMAT_SIGNEDNESS - Success
-- USING O3
-- Component paths: /home/tikhon/Документы/magnolia/esp-idf/components/app_trace /home/tikhon/Документы/magnolia/esp-idf/components/app_update /home/tikhon/Документы/magnolia/esp-idf/components/bootloader /home/tikhon/Документы/magnolia/esp-idf/components/bootloader_support /home/tikhon/Документы/magnolia/esp-idf/components/bt /home/tikhon/Документы/magnolia/esp-idf/components/cmock /home/tikhon/Документы/magnolia/esp-idf/components/console /home/tikhon/Документы/magnolia/esp-idf/components/cxx /home/tikhon/Документы/magnolia/esp-idf/components/driver /home/tikhon/Документы/magnolia/esp-idf/components/efuse /home/tikhon/Документы/magnolia/esp-idf/components/esp-tls /home/tikhon/Документы/magnolia/esp-idf/components/esp_adc /home/tikhon/Документы/magnolia/esp-idf/components/esp_app_format /home/tikhon/Документы/magnolia/esp-idf/components/esp_bootloader_format /home/tikhon/Документы/magnolia/esp-idf/components/esp_coex /home/tikhon/Документы/magnolia/esp-idf/components/esp_common /home/tikhon/Документы/magnolia/esp-idf/components/esp_driver_ana_cmpr /home/tikhon/Документы/magnolia/esp-idf/components/esp_driver_bitscrambler /home/tikhon/Документы/magnolia/esp-idf/components/esp_driver_cam /home/tikhon/Документы/magnolia/esp-idf/components/esp_driver_dac /home/tikhon/Документы/magnolia/esp-idf/components/esp_driver_gpio /home/tikhon/Документы/magnolia/esp-idf/components/esp_driver_gptimer /home/tikhon/Документы/magnolia/esp-idf/components/esp_driver_i2c /home/tikhon/Документы/magnolia/esp-idf/components/esp_driver_i2s /home/tikhon/Документы/magnolia/esp-idf/components/esp_driver_i3c /home/tikhon/Документы/magnolia/esp-idf/components/esp_driver_isp /home/tikhon/Документы/magnolia/esp-idf/components/esp_driver_jpeg /home/tikhon/Документы/magnolia/esp-idf/components/esp_driver_ledc /home/tikhon/Документы/magnolia/esp-idf/components/esp_driver_mcpwm /home/tikhon/Документы/magnolia/esp-idf/components/esp_driver_parlio /home/tikhon/Документы/magnolia/esp-idf/components/esp_driver_pcnt /home/tikhon/Документы/magnolia/esp-idf/components/esp_driver_ppa /home/tikhon/Документы/magnolia/esp-idf/components/esp_driver_rmt /home/tikhon/Документы/magnolia/esp-idf/components/esp_driver_sd_intf /home/tikhon/Документы/magnolia/esp-idf/components/esp_driver_sdio /home/tikhon/Документы/magnolia/esp-idf/components/esp_driver_sdm /home/tikhon/Документы/magnolia/esp-idf/components/esp_driver_sdmmc /home/tikhon/Документы/magnolia/esp-idf/components/esp_driver_sdspi /home/tikhon/Документы/magnolia/esp-idf/components/esp_driver_spi /home/tikhon/Документы/magnolia/esp-idf/components/esp_driver_touch_sens /home/tikhon/Документы/magnolia/esp-idf/components/esp_driver_tsens /home/tikhon/Документы/magnolia/esp-idf/components/esp_driver_twai /home/tikhon/Документы/magnolia/esp-idf/components/esp_driver_uart /home/tikhon/Документы/magnolia/esp-idf/components/esp_driver_usb_serial_jtag /home/tikhon/Документы/magnolia/esp-idf/components/esp_eth /home/tikhon/Документы/magnolia/esp-idf/components/esp_event /home/tikhon/Документы/magnolia/esp-idf/components/esp_gdbstub /home/tikhon/Документы/magnolia/esp-idf/components/esp_hid /home/tikhon/Документы/magnolia/esp-idf/components/esp_http_client /home/tikhon/Документы/magnolia/esp-idf/components/esp_http_server /home/tikhon/Документы/magnolia/esp-idf/components/esp_https_ota /home/tikhon/Документы/magnolia/esp-idf/components/esp_https_server /home/tikhon/Документы/magnolia/esp-idf/components/esp_hw_support /home/tikhon/Документы/magnolia/esp-idf/components/esp_lcd /home/tikhon/Документы/magnolia/esp-idf/components/esp_local_ctrl /home/tikhon/Документы/magnolia/esp-idf/components/esp_mm /home/tikhon/Документы/magnolia/esp-idf/components/esp_netif /home/tikhon/Документы/magnolia/esp-idf/components/esp_netif_stack /home/tikhon/Документы/magnolia/esp-idf/components/esp_partition /home/tikhon/Документы/magnolia/esp-idf/components/esp_phy /home/tikhon/Документы/magnolia/esp-idf/components/esp_pm /home/tikhon/Документы/magnolia/esp-idf/components/esp_psram /home/tikhon/Документы/magnolia/esp-idf/components/esp_ringbuf /home/tikhon/Документы/magnolia/esp-idf/components/esp_rom /home/tikhon/Документы/magnolia/esp-idf/components/esp_security /home/tikhon/Документы/magnolia/esp-idf/components/esp_system /home/tikhon/Документы/magnolia/esp-idf/components/esp_timer /home/tikhon/Документы/magnolia/esp-idf/components/esp_vfs_console /home/tikhon/Документы/magnolia/esp-idf/components/esp_wifi /home/tikhon/Документы/magnolia/esp-idf/components/espcoredump /home/tikhon/Документы/magnolia/esp-idf/components/esptool_py /home/tikhon/Документы/magnolia/esp-idf/components/fatfs /home/tikhon/Документы/magnolia/esp-idf/components/freertos /home/tikhon/Документы/magnolia/esp-idf/components/hal /home/tikhon/Документы/magnolia/esp-idf/components/heap /home/tikhon/Документы/magnolia/esp-idf/components/http_parser /home/tikhon/Документы/magnolia/esp-idf/components/idf_test /home/tikhon/Документы/magnolia/esp-idf/components/ieee802154 /home/tikhon/Документы/magnolia/esp-idf/components/json /home/tikhon/Документы/magnolia/esp-idf/components/log /home/tikhon/Документы/magnolia/esp-idf/components/lwip /home/tikhon/Документы/magnolia/applets/mainline/free/main /home/tikhon/Документы/magnolia/esp-idf/components/mbedtls /home/tikhon/Документы/magnolia/esp-idf/components/mqtt /home/tikhon/Документы/magnolia/esp-idf/components/newlib /home/tikhon/Документы/magnolia/esp-idf/components/nvs_flash /home/tikhon/Документы/magnolia/esp-idf/components/nvs_sec_provider /home/tikhon/Документы/magnolia/esp-idf/components/openthread /home/tikhon/Документы/magnolia/esp-idf/components/partition_table /home/tikhon/Документы/magnolia/esp-idf/components/perfmon /home/tikhon/Документы/magnolia/esp-idf/components/protobuf-c /home/tikhon/Документы/magnolia/esp-idf/components/protocomm /home/tikhon/Документы/magnolia/esp-idf/components/pthread /home/tikhon/Документы/magnolia/esp-idf/components/rt /home/tikhon/Документы/magnolia/esp-idf/components/sdmmc /home/tikhon/Документы/magnolia/esp-idf/components/soc /home/tikhon/Документы/magnolia/esp-idf/components/spi_flash /home/tikhon/Документы/magnolia/esp-idf/components/spiffs /home/tikhon/Документы/magnolia/esp-idf/components/tcp_transport /home/tikhon/Документы/magnolia/esp-idf/components/touch_element /home/tikhon/Документы/magnolia/esp-idf/components/ulp /home/tikhon/Документы/magnolia/esp-idf/components/unity /home/tikhon/Документы/magnolia/esp-idf/components/usb /home/tikhon/Документы/magnolia/esp-idf/components/vfs /home/tikhon/Документы/magnolia/esp-idf/components/wear_levelling /home/tikhon/Документы/magnolia/esp-idf/components/wifi_provisioning /home/tikhon/Документы/magnolia/esp-idf/components/wpa_supplicant /home/tikhon/Документы/magnolia/esp-idf/components/xtensa
-- Configuring done (5.6s)
[1/6] Zig build-obj: dd -> /home/tikhon/Документы/magnolia/applets/zig/zdd/build/esp-idf/main/dd.zig.o
FAILED: esp-idf/main/dd.zig.o /home/tikhon/Документы/magnolia/applets/zig/zdd/build/esp-idf/main/dd.zig.o 
cd /home/tikhon/Документы/magnolia/applets/zig/zdd/build/esp-idf/main && python3 /home/tikhon/Документы/magnolia/tools/zig_xtensa_toolchain.py --install-dir /home/tikhon/Документы/magnolia/build/toolchains/zig-xtensa && /home/tikhon/Документы/magnolia/build/toolchains/zig-xtensa/zig build-obj -target xtensa-freestanding-none -mcpu esp32s3 -OReleaseSmall --dep magnolia -Mroot=/home/tikhon/Документы/magnolia/applets/zig/zdd/main/dd.zig -Mmagnolia=/home/tikhon/Документы/magnolia/sdk/zig/magnolia.zig -femit-bin=/home/tikhon/Документы/magnolia/applets/zig/zdd/build/esp-idf/main/dd.zig.o && /home/tikhon/.espressif/tools/xtensa-esp-elf/esp-15.1.0_20250607/xtensa-esp-elf/bin/xtensa-esp32s3-elf-objcopy --set-section-flags .literal=alloc,load,contents,data /home/tikhon/Документы/magnolia/applets/zig/zdd/build/esp-idf/main/dd.zig.o && /home/tikhon/.espressif/tools/xtensa-esp-elf/esp-15.1.0_20250607/xtensa-esp-elf/bin/xtensa-esp32s3-elf-objcopy --set-section-flags .rodata=alloc,load,contents,data /home/tikhon/Документы/magnolia/applets/zig/zdd/build/esp-idf/main/dd.zig.o
0.14.0-dev.xtensa.2486+941677e08
/home/tikhon/Документы/magnolia/build/toolchains/zig-xtensa/zig-relsafe-espressif-x86_64-linux-musl-baseline/lib/std/c.zig:9386:12: error: dependency on libc must be explicitly specified in the build command
/home/tikhon/Документы/magnolia/build/toolchains/zig-xtensa/zig-relsafe-espressif-x86_64-linux-musl-baseline/lib/std/c.zig:9388:12: error: dependency on libc must be explicitly specified in the build command
/home/tikhon/Документы/magnolia/applets/zig/zdd/main/dd.zig:252:25: error: expected type 'usize', found 'u64'
/home/tikhon/Документы/magnolia/applets/zig/zdd/main/dd.zig:252:25: note: unsigned 32-bit int cannot represent all possible unsigned 64-bit values
/home/tikhon/Документы/magnolia/build/toolchains/zig-xtensa/zig-relsafe-espressif-x86_64-linux-musl-baseline/lib/std/heap.zig:38:13: error: C allocator is only available when linking against libc
ninja: build stopped: subcommand failed.
-- Adding linker script /home/tikhon/Документы/magnolia/applets/mainline/elftest/build/esp-idf/esp_system/ld/memory.ld
-- Adding linker script /home/tikhon/Документы/magnolia/applets/mainline/elftest/build/esp-idf/esp_system/ld/sections.ld.in
[1/9] Performing build step for 'bootloader'
[1/1] cd /home/tikhon/Документы/magnolia/applets/rust/rhexdump/build/bootloader && /home/tikhon/.espressif/python_env/idf6.0_py3.12_env/bin/python /home/tikhon/Документы/magnolia/esp-idf/components/partition_table/check_sizes.py --offset 0x8000 bootloader 0x0 /home/tikhon/Документы/magnolia/applets/rust/rhexdump/build/bootloader/bootloader.bin
Bootloader binary size 0x5320 bytes. 0x2ce0 bytes (35%) free.
-- Adding linker script /home/tikhon/Документы/magnolia/esp-idf/components/esp_rom/esp32s3/ld/esp32s3.rom.ld
-- Adding linker script /home/tikhon/Документы/magnolia/esp-idf/components/esp_rom/esp32s3/ld/esp32s3.rom.api.ld
-- Adding linker script /home/tikhon/Документы/magnolia/esp-idf/components/esp_rom/esp32s3/ld/esp32s3.rom.bt_funcs.ld
-- Adding linker script /home/tikhon/Документы/magnolia/esp-idf/components/esp_rom/esp32s3/ld/esp32s3.rom.libgcc.ld
-- Adding linker script /home/tikhon/Документы/magnolia/esp-idf/components/esp_rom/esp32s3/ld/esp32s3.rom.wdt.ld
-- Adding linker script /home/tikhon/Документы/magnolia/esp-idf/components/esp_rom/esp32s3/ld/esp32s3.rom.version.ld
-- Adding linker script /home/tikhon/Документы/magnolia/esp-idf/components/esp_rom/esp32s3/ld/esp32s3.rom.ble_master.ld
-- Adding linker script /home/tikhon/Документы/magnolia/esp-idf/components/esp_rom/esp32s3/ld/esp32s3.rom.ble_50.ld
-- Adding linker script /home/tikhon/Документы/magnolia/esp-idf/components/esp_rom/esp32s3/ld/esp32s3.rom.ble_smp.ld
-- Adding linker script /home/tikhon/Документы/magnolia/esp-idf/components/esp_rom/esp32s3/ld/esp32s3.rom.ble_dtm.ld
-- Adding linker script /home/tikhon/Документы/magnolia/esp-idf/components/esp_rom/esp32s3/ld/esp32s3.rom.ble_test.ld
-- Adding linker script /home/tikhon/Документы/magnolia/esp-idf/components/esp_rom/esp32s3/ld/esp32s3.rom.ble_scan.ld
-- Adding linker script /home/tikhon/Документы/magnolia/esp-idf/components/esp_rom/esp32s3/ld/esp32s3.rom.libc.ld
-- Adding linker script /home/tikhon/Документы/magnolia/esp-idf/components/esp_rom/esp32s3/ld/esp32s3.rom.newlib.ld
[2/9] No install step for 'bootloader'
Command failed (2): idf.py elf
Elf target failed for rxxd; running `idf.py build` instead.
+ idf.py build
-- Adding linker script /home/tikhon/Документы/magnolia/esp-idf/components/soc/esp32s3/ld/esp32s3.peripherals.ld
[1/6] Zig build-obj: hexdump -> /home/tikhon/Документы/magnolia/applets/zig/zhexdump/build/esp-idf/main/hexdump.zig.o
FAILED: esp-idf/main/hexdump.zig.o /home/tikhon/Документы/magnolia/applets/zig/zhexdump/build/esp-idf/main/hexdump.zig.o 
cd /home/tikhon/Документы/magnolia/applets/zig/zhexdump/build/esp-idf/main && python3 /home/tikhon/Документы/magnolia/tools/zig_xtensa_toolchain.py --install-dir /home/tikhon/Документы/magnolia/build/toolchains/zig-xtensa && /home/tikhon/Документы/magnolia/build/toolchains/zig-xtensa/zig build-obj -target xtensa-freestanding-none -mcpu esp32s3 -OReleaseSmall --dep magnolia -Mroot=/home/tikhon/Документы/magnolia/applets/zig/zhexdump/main/hexdump.zig -Mmagnolia=/home/tikhon/Документы/magnolia/sdk/zig/magnolia.zig -femit-bin=/home/tikhon/Документы/magnolia/applets/zig/zhexdump/build/esp-idf/main/hexdump.zig.o && /home/tikhon/.espressif/tools/xtensa-esp-elf/esp-15.1.0_20250607/xtensa-esp-elf/bin/xtensa-esp32s3-elf-objcopy --set-section-flags .literal=alloc,load,contents,data /home/tikhon/Документы/magnolia/applets/zig/zhexdump/build/esp-idf/main/hexdump.zig.o && /home/tikhon/.espressif/tools/xtensa-esp-elf/esp-15.1.0_20250607/xtensa-esp-elf/bin/xtensa-esp32s3-elf-objcopy --set-section-flags .rodata=alloc,load,contents,data /home/tikhon/Документы/magnolia/applets/zig/zhexdump/build/esp-idf/main/hexdump.zig.o
0.14.0-dev.xtensa.2486+941677e08
/home/tikhon/Документы/magnolia/build/toolchains/zig-xtensa/zig-relsafe-espressif-x86_64-linux-musl-baseline/lib/std/c.zig:9386:12: error: dependency on libc must be explicitly specified in the build command
/home/tikhon/Документы/magnolia/build/toolchains/zig-xtensa/zig-relsafe-espressif-x86_64-linux-musl-baseline/lib/std/c.zig:9388:12: error: dependency on libc must be explicitly specified in the build command
/home/tikhon/Документы/magnolia/build/toolchains/zig-xtensa/zig-relsafe-espressif-x86_64-linux-musl-baseline/lib/std/heap.zig:38:13: error: C allocator is only available when linking against libc
/home/tikhon/Документы/magnolia/applets/zig/zhexdump/main/hexdump.zig:287:20: error: root source file struct 'mem' has no member named 'copy'
/home/tikhon/Документы/magnolia/build/toolchains/zig-xtensa/zig-relsafe-espressif-x86_64-linux-musl-baseline/lib/std/mem.zig:1:1: note: struct declared here
ninja: build stopped: subcommand failed.
[3/9] Completed 'bootloader'
[1/6] Zig build-obj: xxd -> /home/tikhon/Документы/magnolia/applets/zig/zxxd/build/esp-idf/main/xxd.zig.o
FAILED: esp-idf/main/xxd.zig.o /home/tikhon/Документы/magnolia/applets/zig/zxxd/build/esp-idf/main/xxd.zig.o 
cd /home/tikhon/Документы/magnolia/applets/zig/zxxd/build/esp-idf/main && python3 /home/tikhon/Документы/magnolia/tools/zig_xtensa_toolchain.py --install-dir /home/tikhon/Документы/magnolia/build/toolchains/zig-xtensa && /home/tikhon/Документы/magnolia/build/toolchains/zig-xtensa/zig build-obj -target xtensa-freestanding-none -mcpu esp32s3 -OReleaseSmall --dep magnolia -Mroot=/home/tikhon/Документы/magnolia/applets/zig/zxxd/main/xxd.zig -Mmagnolia=/home/tikhon/Документы/magnolia/sdk/zig/magnolia.zig -femit-bin=/home/tikhon/Документы/magnolia/applets/zig/zxxd/build/esp-idf/main/xxd.zig.o && /home/tikhon/.espressif/tools/xtensa-esp-elf/esp-15.1.0_20250607/xtensa-esp-elf/bin/xtensa-esp32s3-elf-objcopy --set-section-flags .literal=alloc,load,contents,data /home/tikhon/Документы/magnolia/applets/zig/zxxd/build/esp-idf/main/xxd.zig.o && /home/tikhon/.espressif/tools/xtensa-esp-elf/esp-15.1.0_20250607/xtensa-esp-elf/bin/xtensa-esp32s3-elf-objcopy --set-section-flags .rodata=alloc,load,contents,data /home/tikhon/Документы/magnolia/applets/zig/zxxd/build/esp-idf/main/xxd.zig.o
0.14.0-dev.xtensa.2486+941677e08
/home/tikhon/Документы/magnolia/build/toolchains/zig-xtensa/zig-relsafe-espressif-x86_64-linux-musl-baseline/lib/std/posix.zig:68:21: error: struct 'posix.system__struct_1222' has no member named 'E'
/home/tikhon/Документы/magnolia/build/toolchains/zig-xtensa/zig-relsafe-espressif-x86_64-linux-musl-baseline/lib/std/posix.zig:48:13: note: struct declared here
/home/tikhon/Документы/magnolia/build/toolchains/zig-xtensa/zig-relsafe-espressif-x86_64-linux-musl-baseline/lib/std/posix.zig:4734:18: error: struct 'posix.system__struct_1222' has no member named 'MAP'
/home/tikhon/Документы/magnolia/build/toolchains/zig-xtensa/zig-relsafe-espressif-x86_64-linux-musl-baseline/lib/std/posix.zig:48:13: note: struct declared here
/home/tikhon/Документы/magnolia/applets/zig/zxxd/main/xxd.zig:301:27: error: root source file struct 'std' has no member named 'cstr'
/home/tikhon/Документы/magnolia/build/toolchains/zig-xtensa/zig-relsafe-espressif-x86_64-linux-musl-baseline/lib/std/std.zig:1:1: note: struct declared here
ninja: build stopped: subcommand failed.
[4/9] Build Rust staticlib: /home/tikhon/Документы/magnolia/applets/rust/rhexdump/build/libhexdump.a
FAILED: libhexdump.a /home/tikhon/Документы/magnolia/applets/rust/rhexdump/build/libhexdump.a 
cd /home/tikhon/Документы/magnolia/applets/rust/rhexdump/build && /usr/bin/cmake -E env CARGO_TARGET_DIR=/home/tikhon/Документы/magnolia/applets/rust/rhexdump/build/rust_target bash -lc "set -euo pipefail;                  if [ -n \"/home/tikhon/export-esp.sh\" ] && [ -f \"/home/tikhon/export-esp.sh\" ]; then . \"/home/tikhon/export-esp.sh\" >/dev/null 2>&1; fi;                  RUSTFLAGS='-C panic=abort' cargo +esp build  --locked                    -Zbuild-std=core,alloc,compiler_builtins -Zbuild-std-features=compiler-builtins-mem                    --manifest-path '/home/tikhon/Документы/magnolia/applets/rust/rhexdump/rust/Cargo.toml' --release --target 'xtensa-esp32s3-none-elf'" && /usr/bin/cmake -E copy_if_different /home/tikhon/Документы/magnolia/applets/rust/rhexdump/build/rust_target/xtensa-esp32s3-none-elf/release/libhexdump.a /home/tikhon/Документы/magnolia/applets/rust/rhexdump/build/libhexdump.a && bash -lc "set -euo pipefail;                  tmp='/home/tikhon/Документы/magnolia/applets/rust/rhexdump/build/rust_fixup_hexdump';                  rm -rf \"\$tmp\"; mkdir -p \"\$tmp\";                  cd \"\$tmp\";                  '/home/tikhon/.espressif/tools/xtensa-esp-elf/esp-15.1.0_20250607/xtensa-esp-elf/bin/xtensa-esp32s3-elf-ar' x '/home/tikhon/Документы/magnolia/applets/rust/rhexdump/build/libhexdump.a';                  for obj in *.o; do                    [ -f \"\$obj\" ] || continue;                    for sec in \$(LC_ALL=C readelf -S -W \"\$obj\" | sed -n 's/^[[:space:]]*\\[[[:space:]]*[0-9]\\+\\][[:space:]]\\+\\([^ ]\\+\\).*/\\1/p'); do                      case \"\$sec\" in                        .literal*|.rodata*) '/home/tikhon/.espressif/tools/xtensa-esp-elf/esp-15.1.0_20250607/xtensa-esp-elf/bin/xtensa-esp32s3-elf-objcopy' --set-section-flags \"\$sec\"=alloc,load,contents,data \"\$obj\" || true ;;                      esac;                    done;                  done;                  '/home/tikhon/.espressif/tools/xtensa-esp-elf/esp-15.1.0_20250607/xtensa-esp-elf/bin/xtensa-esp32s3-elf-ar' rcs '/home/tikhon/Документы/magnolia/applets/rust/rhexdump/build/libhexdump.a' *.o"
   Compiling hexdump v0.1.0 (/home/tikhon/Документы/magnolia/applets/rust/rhexdump/rust)
error: unknown byte escape: `b`
   --> src/lib.rs:139:12
    |
139 |         b'\b' => {
    |            ^ unknown byte escape
    |
    = help: for more information, visit <https://doc.rust-lang.org/reference/tokens.html#literals>

error: unknown byte escape: `f`
   --> src/lib.rs:143:12
    |
143 |         b'\f' => {
    |            ^ unknown byte escape
    |
    = help: for more information, visit <https://doc.rust-lang.org/reference/tokens.html#literals>

error: unknown byte escape: `v`
   --> src/lib.rs:147:12
    |
147 |         b'\v' => {
    |            ^ unknown byte escape
    |
    = help: for more information, visit <https://doc.rust-lang.org/reference/tokens.html#literals>

error: cannot find macro `format` in this scope
   --> src/lib.rs:232:37
    |
232 | ...                   let s = format!("{:0width$}", word, width = width);
    |                               ^^^^^^
    |
help: consider importing this macro
    |
  5 + use alloc::format;
    |

error: cannot find macro `format` in this scope
   --> src/lib.rs:176:36
    |
176 |                     line.push_str(&format!("{:02x} ", buf[i]));
    |                                    ^^^^^^
    |
help: consider importing this macro
    |
  5 + use alloc::format;
    |

error[E0382]: use of moved value
   --> src/lib.rs:297:21
    |
297 |         if let Some(rem) = remaining {
    |                     ^^^ value moved here, in previous iteration of loop
...
316 |         if let Some(rem) = remaining {
    |                     --- value moved here, in previous iteration of loop
    |
    = note: move occurs because value has type `&mut u64`, which does not implement the `Copy` trait
help: borrow this binding in the pattern to avoid moving the value
    |
316 |         if let Some(ref rem) = remaining {
    |                     +++
help: borrow this binding in the pattern to avoid moving the value
    |
297 |         if let Some(ref rem) = remaining {
    |                     +++

error[E0382]: use of moved value
   --> src/lib.rs:316:21
    |
297 |         if let Some(rem) = remaining {
    |                     --- value moved here
...
316 |         if let Some(rem) = remaining {
    |                     ^^^ value used here after move
    |
    = note: move occurs because value has type `&mut u64`, which does not implement the `Copy` trait
help: borrow this binding in the pattern to avoid moving the value
    |
297 |         if let Some(ref rem) = remaining {
    |                     +++

For more information about this error, try `rustc --explain E0382`.
error: could not compile `hexdump` (lib) due to 7 previous errors
Command failed (2): idf.py elf
Elf target failed for zdd; running `idf.py build` instead.
+ idf.py build
Command failed (2): idf.py elf
Elf target failed for zhexdump; running `idf.py build` instead.
+ idf.py build
Command failed (2): idf.py elf
Elf target failed for zxxd; running `idf.py build` instead.
+ idf.py build
-- ELF_LOADER: 1.1.1
[5/9] Linking CXX executable hexdump.elf
FAILED: hexdump.elf 
: && /home/tikhon/.espressif/tools/xtensa-esp-elf/esp-15.1.0_20250607/xtensa-esp-elf/bin/xtensa-esp32s3-elf-g++ -mlongcalls -fno-builtin-memcpy -fno-builtin-memset -fno-builtin-bzero -nostartfiles    -Wl,--cref -Wl,--defsym=IDF_TARGET_ESP32S3=0 -Wl,--Map=/home/tikhon/Документы/magnolia/applets/rust/rhexdump/build/hexdump.map -Wl,--no-warn-rwx-segments -Wl,--orphan-handling=error -fno-rtti -fno-lto -Wl,--gc-sections -Wl,--warn-common -T esp32s3.peripherals.ld -T esp32s3.rom.ld -T esp32s3.rom.api.ld -T esp32s3.rom.bt_funcs.ld -T esp32s3.rom.libgcc.ld -T esp32s3.rom.wdt.ld -T esp32s3.rom.version.ld -T esp32s3.rom.ble_master.ld -T esp32s3.rom.ble_50.ld -T esp32s3.rom.ble_smp.ld -T esp32s3.rom.ble_dtm.ld -T esp32s3.rom.ble_test.ld -T esp32s3.rom.ble_scan.ld -T esp32s3.rom.libc.ld -T esp32s3.rom.newlib.ld -T memory.ld -T sections.ld CMakeFiles/hexdump.elf.dir/project_elf_src_esp32s3.c.obj -o hexdump.elf -L/home/tikhon/Документы/magnolia/esp-idf/components/soc/esp32s3/ld   -L/home/tikhon/Документы/magnolia/esp-idf/components/esp_rom/esp32s3/ld   -L/home/tikhon/Документы/magnolia/applets/rust/rhexdump/build/esp-idf/esp_system/ld   -L/home/tikhon/Документы/magnolia/esp-idf/components/esp_phy/lib/esp32s3   -L/home/tikhon/Документы/magnolia/esp-idf/components/esp_wifi/lib/esp32s3 esp-idf/xtensa/libxtensa.a  esp-idf/esp_app_format/libesp_app_format.a  esp-idf/esp_bootloader_format/libesp_bootloader_format.a  esp-idf/app_update/libapp_update.a  esp-idf/esp_partition/libesp_partition.a  esp-idf/efuse/libefuse.a  esp-idf/esp_security/libesp_security.a  esp-idf/esp_driver_gpio/libesp_driver_gpio.a  esp-idf/esp_pm/libesp_pm.a  esp-idf/mbedtls/libmbedtls.a  esp-idf/bootloader_support/libbootloader_support.a  esp-idf/esp_mm/libesp_mm.a  esp-idf/spi_flash/libspi_flash.a  esp-idf/esp_system/libesp_system.a  esp-idf/esp_common/libesp_common.a  esp-idf/esp_rom/libesp_rom.a  esp-idf/hal/libhal.a  esp-idf/log/liblog.a  esp-idf/heap/libheap.a  esp-idf/soc/libsoc.a  esp-idf/esp_hw_support/libesp_hw_support.a  esp-idf/freertos/libfreertos.a  esp-idf/newlib/libnewlib.a  esp-idf/pthread/libpthread.a  esp-idf/cxx/libcxx.a  esp-idf/esp_timer/libesp_timer.a  esp-idf/esp_driver_gptimer/libesp_driver_gptimer.a  esp-idf/esp_ringbuf/libesp_ringbuf.a  esp-idf/esp_driver_uart/libesp_driver_uart.a  esp-idf/app_trace/libapp_trace.a  esp-idf/esp_event/libesp_event.a  esp-idf/nvs_flash/libnvs_flash.a  esp-idf/esp_phy/libesp_phy.a  esp-idf/esp_driver_usb_serial_jtag/libesp_driver_usb_serial_jtag.a  esp-idf/esp_vfs_console/libesp_vfs_console.a  esp-idf/vfs/libvfs.a  esp-idf/lwip/liblwip.a  esp-idf/esp_netif/libesp_netif.a  esp-idf/wpa_supplicant/libwpa_supplicant.a  esp-idf/esp_coex/libesp_coex.a  esp-idf/esp_wifi/libesp_wifi.a  esp-idf/esp_driver_spi/libesp_driver_spi.a  esp-idf/esp_gdbstub/libesp_gdbstub.a  esp-idf/unity/libunity.a  esp-idf/cmock/libcmock.a  esp-idf/console/libconsole.a  esp-idf/esp_driver_pcnt/libesp_driver_pcnt.a  esp-idf/esp_driver_mcpwm/libesp_driver_mcpwm.a  esp-idf/esp_driver_i2s/libesp_driver_i2s.a  esp-idf/sdmmc/libsdmmc.a  esp-idf/esp_driver_sd_intf/libesp_driver_sd_intf.a  esp-idf/esp_driver_sdmmc/libesp_driver_sdmmc.a  esp-idf/esp_driver_sdspi/libesp_driver_sdspi.a  esp-idf/esp_driver_rmt/libesp_driver_rmt.a  esp-idf/esp_driver_tsens/libesp_driver_tsens.a  esp-idf/esp_driver_sdm/libesp_driver_sdm.a  esp-idf/esp_driver_i2c/libesp_driver_i2c.a  esp-idf/esp_driver_ledc/libesp_driver_ledc.a  esp-idf/esp_driver_twai/libesp_driver_twai.a  esp-idf/driver/libdriver.a  esp-idf/http_parser/libhttp_parser.a  esp-idf/esp-tls/libesp-tls.a  esp-idf/esp_adc/libesp_adc.a  esp-idf/esp_driver_cam/libesp_driver_cam.a  esp-idf/esp_driver_touch_sens/libesp_driver_touch_sens.a  esp-idf/esp_eth/libesp_eth.a  esp-idf/esp_hid/libesp_hid.a  esp-idf/tcp_transport/libtcp_transport.a  esp-idf/esp_http_client/libesp_http_client.a  esp-idf/esp_http_server/libesp_http_server.a  esp-idf/esp_https_ota/libesp_https_ota.a  esp-idf/esp_https_server/libesp_https_server.a  esp-idf/esp_lcd/libesp_lcd.a  esp-idf/protobuf-c/libprotobuf-c.a  esp-idf/protocomm/libprotocomm.a  esp-idf/esp_local_ctrl/libesp_local_ctrl.a  esp-idf/espcoredump/libespcoredump.a  esp-idf/wear_levelling/libwear_levelling.a  esp-idf/fatfs/libfatfs.a  esp-idf/json/libjson.a  esp-idf/mqtt/libmqtt.a  esp-idf/nvs_sec_provider/libnvs_sec_provider.a  esp-idf/perfmon/libperfmon.a  esp-idf/rt/librt.a  esp-idf/spiffs/libspiffs.a  esp-idf/touch_element/libtouch_element.a  esp-idf/usb/libusb.a  esp-idf/wifi_provisioning/libwifi_provisioning.a  esp-idf/espressif__elf_loader/libespressif__elf_loader.a  esp-idf/main/libmain.a  esp-idf/app_trace/libapp_trace.a  esp-idf/cmock/libcmock.a  esp-idf/unity/libunity.a  esp-idf/esp_driver_cam/libesp_driver_cam.a  esp-idf/esp_driver_touch_sens/libesp_driver_touch_sens.a  esp-idf/esp_eth/libesp_eth.a  esp-idf/esp_hid/libesp_hid.a  esp-idf/esp_lcd/libesp_lcd.a  esp-idf/esp_local_ctrl/libesp_local_ctrl.a  esp-idf/esp_https_server/libesp_https_server.a  esp-idf/espcoredump/libespcoredump.a  -u esp_system_include_coredump_init  esp-idf/fatfs/libfatfs.a  esp-idf/wear_levelling/libwear_levelling.a  esp-idf/mqtt/libmqtt.a  esp-idf/nvs_sec_provider/libnvs_sec_provider.a  -u nvs_sec_provider_include_impl  esp-idf/perfmon/libperfmon.a  esp-idf/rt/librt.a  esp-idf/spiffs/libspiffs.a  esp-idf/touch_element/libtouch_element.a  esp-idf/usb/libusb.a  esp-idf/wifi_provisioning/libwifi_provisioning.a  esp-idf/protocomm/libprotocomm.a  esp-idf/console/libconsole.a  esp-idf/protobuf-c/libprotobuf-c.a  esp-idf/json/libjson.a  esp-idf/espressif__elf_loader/libespressif__elf_loader.a  esp-idf/xtensa/libxtensa.a  esp-idf/esp_app_format/libesp_app_format.a  esp-idf/esp_bootloader_format/libesp_bootloader_format.a  esp-idf/app_update/libapp_update.a  esp-idf/esp_partition/libesp_partition.a  esp-idf/efuse/libefuse.a  esp-idf/esp_security/libesp_security.a  esp-idf/esp_driver_gpio/libesp_driver_gpio.a  esp-idf/esp_pm/libesp_pm.a  esp-idf/mbedtls/libmbedtls.a  esp-idf/bootloader_support/libbootloader_support.a  esp-idf/esp_mm/libesp_mm.a  esp-idf/spi_flash/libspi_flash.a  esp-idf/esp_system/libesp_system.a  esp-idf/esp_common/libesp_common.a  esp-idf/esp_rom/libesp_rom.a  esp-idf/hal/libhal.a  esp-idf/log/liblog.a  esp-idf/heap/libheap.a  esp-idf/soc/libsoc.a  esp-idf/esp_hw_support/libesp_hw_support.a  esp-idf/freertos/libfreertos.a  esp-idf/newlib/libnewlib.a  esp-idf/pthread/libpthread.a  esp-idf/cxx/libcxx.a  esp-idf/esp_timer/libesp_timer.a  esp-idf/esp_driver_gptimer/libesp_driver_gptimer.a  esp-idf/esp_ringbuf/libesp_ringbuf.a  esp-idf/esp_driver_uart/libesp_driver_uart.a  esp-idf/esp_event/libesp_event.a  esp-idf/nvs_flash/libnvs_flash.a  esp-idf/esp_phy/libesp_phy.a  esp-idf/esp_driver_usb_serial_jtag/libesp_driver_usb_serial_jtag.a  esp-idf/esp_vfs_console/libesp_vfs_console.a  esp-idf/vfs/libvfs.a  esp-idf/lwip/liblwip.a  esp-idf/esp_netif/libesp_netif.a  esp-idf/wpa_supplicant/libwpa_supplicant.a  esp-idf/esp_coex/libesp_coex.a  esp-idf/esp_wifi/libesp_wifi.a  esp-idf/esp_driver_spi/libesp_driver_spi.a  esp-idf/esp_gdbstub/libesp_gdbstub.a  esp-idf/esp_driver_pcnt/libesp_driver_pcnt.a  esp-idf/esp_driver_mcpwm/libesp_driver_mcpwm.a  esp-idf/esp_driver_i2s/libesp_driver_i2s.a  esp-idf/sdmmc/libsdmmc.a  esp-idf/esp_driver_sd_intf/libesp_driver_sd_intf.a  esp-idf/esp_driver_sdmmc/libesp_driver_sdmmc.a  esp-idf/esp_driver_sdspi/libesp_driver_sdspi.a  esp-idf/esp_driver_rmt/libesp_driver_rmt.a  esp-idf/esp_driver_tsens/libesp_driver_tsens.a  esp-idf/esp_driver_sdm/libesp_driver_sdm.a  esp-idf/esp_driver_i2c/libesp_driver_i2c.a  esp-idf/esp_driver_ledc/libesp_driver_ledc.a  esp-idf/esp_driver_twai/libesp_driver_twai.a  esp-idf/driver/libdriver.a  esp-idf/http_parser/libhttp_parser.a  esp-idf/esp-tls/libesp-tls.a  esp-idf/esp_adc/libesp_adc.a  esp-idf/tcp_transport/libtcp_transport.a  esp-idf/esp_http_client/libesp_http_client.a  esp-idf/esp_http_server/libesp_http_server.a  esp-idf/esp_https_ota/libesp_https_ota.a  esp-idf/mbedtls/mbedtls/library/libmbedtls.a  esp-idf/mbedtls/mbedtls/library/libmbedcrypto.a  esp-idf/mbedtls/mbedtls/library/libmbedx509.a  esp-idf/mbedtls/mbedtls/3rdparty/everest/libeverest.a  esp-idf/mbedtls/mbedtls/3rdparty/p256-m/libp256m.a  /home/tikhon/Документы/magnolia/esp-idf/components/esp_wifi/lib/esp32s3/libcore.a  /home/tikhon/Документы/magnolia/esp-idf/components/esp_wifi/lib/esp32s3/libespnow.a  /home/tikhon/Документы/magnolia/esp-idf/components/esp_wifi/lib/esp32s3/libmesh.a  /home/tikhon/Документы/magnolia/esp-idf/components/esp_wifi/lib/esp32s3/libnet80211.a  /home/tikhon/Документы/magnolia/esp-idf/components/esp_wifi/lib/esp32s3/libpp.a  /home/tikhon/Документы/magnolia/esp-idf/components/esp_wifi/lib/esp32s3/libsmartconfig.a  /home/tikhon/Документы/magnolia/esp-idf/components/esp_wifi/lib/esp32s3/libwapi.a  esp-idf/xtensa/libxtensa.a  esp-idf/esp_app_format/libesp_app_format.a  esp-idf/esp_bootloader_format/libesp_bootloader_format.a  esp-idf/app_update/libapp_update.a  esp-idf/esp_partition/libesp_partition.a  esp-idf/efuse/libefuse.a  esp-idf/esp_security/libesp_security.a  esp-idf/esp_driver_gpio/libesp_driver_gpio.a  esp-idf/esp_pm/libesp_pm.a  esp-idf/mbedtls/libmbedtls.a  esp-idf/bootloader_support/libbootloader_support.a  esp-idf/esp_mm/libesp_mm.a  esp-idf/spi_flash/libspi_flash.a  esp-idf/esp_system/libesp_system.a  esp-idf/esp_common/libesp_common.a  esp-idf/esp_rom/libesp_rom.a  esp-idf/hal/libhal.a  esp-idf/log/liblog.a  esp-idf/heap/libheap.a  esp-idf/soc/libsoc.a  esp-idf/esp_hw_support/libesp_hw_support.a  esp-idf/freertos/libfreertos.a  esp-idf/newlib/libnewlib.a  esp-idf/pthread/libpthread.a  esp-idf/cxx/libcxx.a  esp-idf/esp_timer/libesp_timer.a  esp-idf/esp_driver_gptimer/libesp_driver_gptimer.a  esp-idf/esp_ringbuf/libesp_ringbuf.a  esp-idf/esp_driver_uart/libesp_driver_uart.a  esp-idf/esp_event/libesp_event.a  esp-idf/nvs_flash/libnvs_flash.a  esp-idf/esp_phy/libesp_phy.a  esp-idf/esp_driver_usb_serial_jtag/libesp_driver_usb_serial_jtag.a  esp-idf/esp_vfs_console/libesp_vfs_console.a  esp-idf/vfs/libvfs.a  esp-idf/lwip/liblwip.a  esp-idf/esp_netif/libesp_netif.a  esp-idf/wpa_supplicant/libwpa_supplicant.a  esp-idf/esp_coex/libesp_coex.a  esp-idf/esp_wifi/libesp_wifi.a  esp-idf/esp_driver_spi/libesp_driver_spi.a  esp-idf/esp_gdbstub/libesp_gdbstub.a  esp-idf/esp_driver_pcnt/libesp_driver_pcnt.a  esp-idf/esp_driver_mcpwm/libesp_driver_mcpwm.a  esp-idf/esp_driver_i2s/libesp_driver_i2s.a  esp-idf/sdmmc/libsdmmc.a  esp-idf/esp_driver_sd_intf/libesp_driver_sd_intf.a  esp-idf/esp_driver_sdmmc/libesp_driver_sdmmc.a  esp-idf/esp_driver_sdspi/libesp_driver_sdspi.a  esp-idf/esp_driver_rmt/libesp_driver_rmt.a  esp-idf/esp_driver_tsens/libesp_driver_tsens.a  esp-idf/esp_driver_sdm/libesp_driver_sdm.a  esp-idf/esp_driver_i2c/libesp_driver_i2c.a  esp-idf/esp_driver_ledc/libesp_driver_ledc.a  esp-idf/esp_driver_twai/libesp_driver_twai.a  esp-idf/driver/libdriver.a  esp-idf/http_parser/libhttp_parser.a  esp-idf/esp-tls/libesp-tls.a  esp-idf/esp_adc/libesp_adc.a  esp-idf/tcp_transport/libtcp_transport.a  esp-idf/esp_http_client/libesp_http_client.a  esp-idf/esp_http_server/libesp_http_server.a  esp-idf/esp_https_ota/libesp_https_ota.a  esp-idf/mbedtls/mbedtls/library/libmbedtls.a  esp-idf/mbedtls/mbedtls/library/libmbedcrypto.a  esp-idf/mbedtls/mbedtls/library/libmbedx509.a  esp-idf/mbedtls/mbedtls/3rdparty/everest/libeverest.a  esp-idf/mbedtls/mbedtls/3rdparty/p256-m/libp256m.a  /home/tikhon/Документы/magnolia/esp-idf/components/esp_wifi/lib/esp32s3/libcore.a  /home/tikhon/Документы/magnolia/esp-idf/components/esp_wifi/lib/esp32s3/libespnow.a  /home/tikhon/Документы/magnolia/esp-idf/components/esp_wifi/lib/esp32s3/libmesh.a  /home/tikhon/Документы/magnolia/esp-idf/components/esp_wifi/lib/esp32s3/libnet80211.a  /home/tikhon/Документы/magnolia/esp-idf/components/esp_wifi/lib/esp32s3/libpp.a  /home/tikhon/Документы/magnolia/esp-idf/components/esp_wifi/lib/esp32s3/libsmartconfig.a  /home/tikhon/Документы/magnolia/esp-idf/components/esp_wifi/lib/esp32s3/libwapi.a  esp-idf/xtensa/libxtensa.a  esp-idf/esp_app_format/libesp_app_format.a  esp-idf/esp_bootloader_format/libesp_bootloader_format.a  esp-idf/app_update/libapp_update.a  esp-idf/esp_partition/libesp_partition.a  esp-idf/efuse/libefuse.a  esp-idf/esp_security/libesp_security.a  esp-idf/esp_driver_gpio/libesp_driver_gpio.a  esp-idf/esp_pm/libesp_pm.a  esp-idf/mbedtls/libmbedtls.a  esp-idf/bootloader_support/libbootloader_support.a  esp-idf/esp_mm/libesp_mm.a  esp-idf/spi_flash/libspi_flash.a  esp-idf/esp_system/libesp_system.a  esp-idf/esp_common/libesp_common.a  esp-idf/esp_rom/libesp_rom.a  esp-idf/hal/libhal.a  esp-idf/log/liblog.a  esp-idf/heap/libheap.a  esp-idf/soc/libsoc.a  esp-idf/esp_hw_support/libesp_hw_support.a  esp-idf/freertos/libfreertos.a  esp-idf/newlib/libnewlib.a  esp-idf/pthread/libpthread.a  esp-idf/cxx/libcxx.a  esp-idf/esp_timer/libesp_timer.a  esp-idf/esp_driver_gptimer/libesp_driver_gptimer.a  esp-idf/esp_ringbuf/libesp_ringbuf.a  esp-idf/esp_driver_uart/libesp_driver_uart.a  esp-idf/esp_event/libesp_event.a  esp-idf/nvs_flash/libnvs_flash.a  esp-idf/esp_phy/libesp_phy.a  esp-idf/esp_driver_usb_serial_jtag/libesp_driver_usb_serial_jtag.a  esp-idf/esp_vfs_console/libesp_vfs_console.a  esp-idf/vfs/libvfs.a  esp-idf/lwip/liblwip.a  esp-idf/esp_netif/libesp_netif.a  esp-idf/wpa_supplicant/libwpa_supplicant.a  esp-idf/esp_coex/libesp_coex.a  esp-idf/esp_wifi/libesp_wifi.a  esp-idf/esp_driver_spi/libesp_driver_spi.a  esp-idf/esp_gdbstub/libesp_gdbstub.a  esp-idf/esp_driver_pcnt/libesp_driver_pcnt.a  esp-idf/esp_driver_mcpwm/libesp_driver_mcpwm.a  esp-idf/esp_driver_i2s/libesp_driver_i2s.a  esp-idf/sdmmc/libsdmmc.a  esp-idf/esp_driver_sd_intf/libesp_driver_sd_intf.a  esp-idf/esp_driver_sdmmc/libesp_driver_sdmmc.a  esp-idf/esp_driver_sdspi/libesp_driver_sdspi.a  esp-idf/esp_driver_rmt/libesp_driver_rmt.a  esp-idf/esp_driver_tsens/libesp_driver_tsens.a  esp-idf/esp_driver_sdm/libesp_driver_sdm.a  esp-idf/esp_driver_i2c/libesp_driver_i2c.a  esp-idf/esp_driver_ledc/libesp_driver_ledc.a  esp-idf/esp_driver_twai/libesp_driver_twai.a  esp-idf/driver/libdriver.a  esp-idf/http_parser/libhttp_parser.a  esp-idf/esp-tls/libesp-tls.a  esp-idf/esp_adc/libesp_adc.a  esp-idf/tcp_transport/libtcp_transport.a  esp-idf/esp_http_client/libesp_http_client.a  esp-idf/esp_http_server/libesp_http_server.a  esp-idf/esp_https_ota/libesp_https_ota.a  esp-idf/mbedtls/mbedtls/library/libmbedtls.a  esp-idf/mbedtls/mbedtls/library/libmbedcrypto.a  esp-idf/mbedtls/mbedtls/library/libmbedx509.a  esp-idf/mbedtls/mbedtls/3rdparty/everest/libeverest.a  esp-idf/mbedtls/mbedtls/3rdparty/p256-m/libp256m.a  /home/tikhon/Документы/magnolia/esp-idf/components/esp_wifi/lib/esp32s3/libcore.a  /home/tikhon/Документы/magnolia/esp-idf/components/esp_wifi/lib/esp32s3/libespnow.a  /home/tikhon/Документы/magnolia/esp-idf/components/esp_wifi/lib/esp32s3/libmesh.a  /home/tikhon/Документы/magnolia/esp-idf/components/esp_wifi/lib/esp32s3/libnet80211.a  /home/tikhon/Документы/magnolia/esp-idf/components/esp_wifi/lib/esp32s3/libpp.a  /home/tikhon/Документы/magnolia/esp-idf/components/esp_wifi/lib/esp32s3/libsmartconfig.a  /home/tikhon/Документы/magnolia/esp-idf/components/esp_wifi/lib/esp32s3/libwapi.a  esp-idf/xtensa/libxtensa.a  esp-idf/esp_app_format/libesp_app_format.a  esp-idf/esp_bootloader_format/libesp_bootloader_format.a  esp-idf/app_update/libapp_update.a  esp-idf/esp_partition/libesp_partition.a  esp-idf/efuse/libefuse.a  esp-idf/esp_security/libesp_security.a  esp-idf/esp_driver_gpio/libesp_driver_gpio.a  esp-idf/esp_pm/libesp_pm.a  esp-idf/mbedtls/libmbedtls.a  esp-idf/bootloader_support/libbootloader_support.a  esp-idf/esp_mm/libesp_mm.a  esp-idf/spi_flash/libspi_flash.a  esp-idf/esp_system/libesp_system.a  esp-idf/esp_common/libesp_common.a  esp-idf/esp_rom/libesp_rom.a  esp-idf/hal/libhal.a  esp-idf/log/liblog.a  esp-idf/heap/libheap.a  esp-idf/soc/libsoc.a  esp-idf/esp_hw_support/libesp_hw_support.a  esp-idf/freertos/libfreertos.a  esp-idf/newlib/libnewlib.a  esp-idf/pthread/libpthread.a  esp-idf/cxx/libcxx.a  esp-idf/esp_timer/libesp_timer.a  esp-idf/esp_driver_gptimer/libesp_driver_gptimer.a  esp-idf/esp_ringbuf/libesp_ringbuf.a  esp-idf/esp_driver_uart/libesp_driver_uart.a  esp-idf/esp_event/libesp_event.a  esp-idf/nvs_flash/libnvs_flash.a  esp-idf/esp_phy/libesp_phy.a  esp-idf/esp_driver_usb_serial_jtag/libesp_driver_usb_serial_jtag.a  esp-idf/esp_vfs_console/libesp_vfs_console.a  esp-idf/vfs/libvfs.a  esp-idf/lwip/liblwip.a  esp-idf/esp_netif/libesp_netif.a  esp-idf/wpa_supplicant/libwpa_supplicant.a  esp-idf/esp_coex/libesp_coex.a  esp-idf/esp_wifi/libesp_wifi.a  esp-idf/esp_driver_spi/libesp_driver_spi.a  esp-idf/esp_gdbstub/libesp_gdbstub.a  esp-idf/esp_driver_pcnt/libesp_driver_pcnt.a  esp-idf/esp_driver_mcpwm/libesp_driver_mcpwm.a  esp-idf/esp_driver_i2s/libesp_driver_i2s.a  esp-idf/sdmmc/libsdmmc.a  esp-idf/esp_driver_sd_intf/libesp_driver_sd_intf.a  esp-idf/esp_driver_sdmmc/libesp_driver_sdmmc.a  esp-idf/esp_driver_sdspi/libesp_driver_sdspi.a  esp-idf/esp_driver_rmt/libesp_driver_rmt.a  esp-idf/esp_driver_tsens/libesp_driver_tsens.a  esp-idf/esp_driver_sdm/libesp_driver_sdm.a  esp-idf/esp_driver_i2c/libesp_driver_i2c.a  esp-idf/esp_driver_ledc/libesp_driver_ledc.a  esp-idf/esp_driver_twai/libesp_driver_twai.a  esp-idf/driver/libdriver.a  esp-idf/http_parser/libhttp_parser.a  esp-idf/esp-tls/libesp-tls.a  esp-idf/esp_adc/libesp_adc.a  esp-idf/tcp_transport/libtcp_transport.a  esp-idf/esp_http_client/libesp_http_client.a  esp-idf/esp_http_server/libesp_http_server.a  esp-idf/esp_https_ota/libesp_https_ota.a  esp-idf/mbedtls/mbedtls/library/libmbedtls.a  esp-idf/mbedtls/mbedtls/library/libmbedcrypto.a  esp-idf/mbedtls/mbedtls/library/libmbedx509.a  esp-idf/mbedtls/mbedtls/3rdparty/everest/libeverest.a  esp-idf/mbedtls/mbedtls/3rdparty/p256-m/libp256m.a  /home/tikhon/Документы/magnolia/esp-idf/components/esp_wifi/lib/esp32s3/libcore.a  /home/tikhon/Документы/magnolia/esp-idf/components/esp_wifi/lib/esp32s3/libespnow.a  /home/tikhon/Документы/magnolia/esp-idf/components/esp_wifi/lib/esp32s3/libmesh.a  /home/tikhon/Документы/magnolia/esp-idf/components/esp_wifi/lib/esp32s3/libnet80211.a  /home/tikhon/Документы/magnolia/esp-idf/components/esp_wifi/lib/esp32s3/libpp.a  /home/tikhon/Документы/magnolia/esp-idf/components/esp_wifi/lib/esp32s3/libsmartconfig.a  /home/tikhon/Документы/magnolia/esp-idf/components/esp_wifi/lib/esp32s3/libwapi.a  esp-idf/xtensa/libxtensa.a  esp-idf/esp_app_format/libesp_app_format.a  esp-idf/esp_bootloader_format/libesp_bootloader_format.a  esp-idf/app_update/libapp_update.a  esp-idf/esp_partition/libesp_partition.a  esp-idf/efuse/libefuse.a  esp-idf/esp_security/libesp_security.a  esp-idf/esp_driver_gpio/libesp_driver_gpio.a  esp-idf/esp_pm/libesp_pm.a  esp-idf/mbedtls/libmbedtls.a  esp-idf/bootloader_support/libbootloader_support.a  esp-idf/esp_mm/libesp_mm.a  esp-idf/spi_flash/libspi_flash.a  esp-idf/esp_system/libesp_system.a  esp-idf/esp_common/libesp_common.a  esp-idf/esp_rom/libesp_rom.a  esp-idf/hal/libhal.a  esp-idf/log/liblog.a  esp-idf/heap/libheap.a  esp-idf/soc/libsoc.a  esp-idf/esp_hw_support/libesp_hw_support.a  esp-idf/freertos/libfreertos.a  esp-idf/newlib/libnewlib.a  esp-idf/pthread/libpthread.a  esp-idf/cxx/libcxx.a  esp-idf/esp_timer/libesp_timer.a  esp-idf/esp_driver_gptimer/libesp_driver_gptimer.a  esp-idf/esp_ringbuf/libesp_ringbuf.a  esp-idf/esp_driver_uart/libesp_driver_uart.a  esp-idf/esp_event/libesp_event.a  esp-idf/nvs_flash/libnvs_flash.a  esp-idf/esp_phy/libesp_phy.a  esp-idf/esp_driver_usb_serial_jtag/libesp_driver_usb_serial_jtag.a  esp-idf/esp_vfs_console/libesp_vfs_console.a  esp-idf/vfs/libvfs.a  esp-idf/lwip/liblwip.a  esp-idf/esp_netif/libesp_netif.a  esp-idf/wpa_supplicant/libwpa_supplicant.a  esp-idf/esp_coex/libesp_coex.a  esp-idf/esp_wifi/libesp_wifi.a  esp-idf/esp_driver_spi/libesp_driver_spi.a  esp-idf/esp_gdbstub/libesp_gdbstub.a  esp-idf/esp_driver_pcnt/libesp_driver_pcnt.a  esp-idf/esp_driver_mcpwm/libesp_driver_mcpwm.a  esp-idf/esp_driver_i2s/libesp_driver_i2s.a  esp-idf/sdmmc/libsdmmc.a  esp-idf/esp_driver_sd_intf/libesp_driver_sd_intf.a  esp-idf/esp_driver_sdmmc/libesp_driver_sdmmc.a  esp-idf/esp_driver_sdspi/libesp_driver_sdspi.a  esp-idf/esp_driver_rmt/libesp_driver_rmt.a  esp-idf/esp_driver_tsens/libesp_driver_tsens.a  esp-idf/esp_driver_sdm/libesp_driver_sdm.a  esp-idf/esp_driver_i2c/libesp_driver_i2c.a  esp-idf/esp_driver_ledc/libesp_driver_ledc.a  esp-idf/esp_driver_twai/libesp_driver_twai.a  esp-idf/driver/libdriver.a  esp-idf/http_parser/libhttp_parser.a  esp-idf/esp-tls/libesp-tls.a  esp-idf/esp_adc/libesp_adc.a  esp-idf/tcp_transport/libtcp_transport.a  esp-idf/esp_http_client/libesp_http_client.a  esp-idf/esp_http_server/libesp_http_server.a  esp-idf/esp_https_ota/libesp_https_ota.a  esp-idf/mbedtls/mbedtls/library/libmbedtls.a  esp-idf/mbedtls/mbedtls/library/libmbedcrypto.a  esp-idf/mbedtls/mbedtls/library/libmbedx509.a  esp-idf/mbedtls/mbedtls/3rdparty/everest/libeverest.a  esp-idf/mbedtls/mbedtls/3rdparty/p256-m/libp256m.a  /home/tikhon/Документы/magnolia/esp-idf/components/esp_wifi/lib/esp32s3/libcore.a  /home/tikhon/Документы/magnolia/esp-idf/components/esp_wifi/lib/esp32s3/libespnow.a  /home/tikhon/Документы/magnolia/esp-idf/components/esp_wifi/lib/esp32s3/libmesh.a  /home/tikhon/Документы/magnolia/esp-idf/components/esp_wifi/lib/esp32s3/libnet80211.a  /home/tikhon/Документы/magnolia/esp-idf/components/esp_wifi/lib/esp32s3/libpp.a  /home/tikhon/Документы/magnolia/esp-idf/components/esp_wifi/lib/esp32s3/libsmartconfig.a  /home/tikhon/Документы/magnolia/esp-idf/components/esp_wifi/lib/esp32s3/libwapi.a  esp-idf/xtensa/libxtensa.a  esp-idf/esp_app_format/libesp_app_format.a  esp-idf/esp_bootloader_format/libesp_bootloader_format.a  esp-idf/app_update/libapp_update.a  esp-idf/esp_partition/libesp_partition.a  esp-idf/efuse/libefuse.a  esp-idf/esp_security/libesp_security.a  esp-idf/esp_driver_gpio/libesp_driver_gpio.a  esp-idf/esp_pm/libesp_pm.a  esp-idf/mbedtls/libmbedtls.a  esp-idf/bootloader_support/libbootloader_support.a  esp-idf/esp_mm/libesp_mm.a  esp-idf/spi_flash/libspi_flash.a  esp-idf/esp_system/libesp_system.a  esp-idf/esp_common/libesp_common.a  esp-idf/esp_rom/libesp_rom.a  esp-idf/hal/libhal.a  esp-idf/log/liblog.a  esp-idf/heap/libheap.a  esp-idf/soc/libsoc.a  esp-idf/esp_hw_support/libesp_hw_support.a  esp-idf/freertos/libfreertos.a  esp-idf/newlib/libnewlib.a  esp-idf/pthread/libpthread.a  esp-idf/cxx/libcxx.a  esp-idf/esp_timer/libesp_timer.a  esp-idf/esp_driver_gptimer/libesp_driver_gptimer.a  esp-idf/esp_ringbuf/libesp_ringbuf.a  esp-idf/esp_driver_uart/libesp_driver_uart.a  esp-idf/esp_event/libesp_event.a  esp-idf/nvs_flash/libnvs_flash.a  esp-idf/esp_phy/libesp_phy.a  esp-idf/esp_driver_usb_serial_jtag/libesp_driver_usb_serial_jtag.a  esp-idf/esp_vfs_console/libesp_vfs_console.a  esp-idf/vfs/libvfs.a  esp-idf/lwip/liblwip.a  esp-idf/esp_netif/libesp_netif.a  esp-idf/wpa_supplicant/libwpa_supplicant.a  esp-idf/esp_coex/libesp_coex.a  esp-idf/esp_wifi/libesp_wifi.a  esp-idf/esp_driver_spi/libesp_driver_spi.a  esp-idf/esp_gdbstub/libesp_gdbstub.a  esp-idf/esp_driver_pcnt/libesp_driver_pcnt.a  esp-idf/esp_driver_mcpwm/libesp_driver_mcpwm.a  esp-idf/esp_driver_i2s/libesp_driver_i2s.a  esp-idf/sdmmc/libsdmmc.a  esp-idf/esp_driver_sd_intf/libesp_driver_sd_intf.a  esp-idf/esp_driver_sdmmc/libesp_driver_sdmmc.a  esp-idf/esp_driver_sdspi/libesp_driver_sdspi.a  esp-idf/esp_driver_rmt/libesp_driver_rmt.a  esp-idf/esp_driver_tsens/libesp_driver_tsens.a  esp-idf/esp_driver_sdm/libesp_driver_sdm.a  esp-idf/esp_driver_i2c/libesp_driver_i2c.a  esp-idf/esp_driver_ledc/libesp_driver_ledc.a  esp-idf/esp_driver_twai/libesp_driver_twai.a  esp-idf/driver/libdriver.a  esp-idf/http_parser/libhttp_parser.a  esp-idf/esp-tls/libesp-tls.a  esp-idf/esp_adc/libesp_adc.a  esp-idf/tcp_transport/libtcp_transport.a  esp-idf/esp_http_client/libesp_http_client.a  esp-idf/esp_http_server/libesp_http_server.a  esp-idf/esp_https_ota/libesp_https_ota.a  esp-idf/mbedtls/mbedtls/library/libmbedtls.a  esp-idf/mbedtls/mbedtls/library/libmbedcrypto.a  esp-idf/mbedtls/mbedtls/library/libmbedx509.a  esp-idf/mbedtls/mbedtls/3rdparty/everest/libeverest.a  esp-idf/mbedtls/mbedtls/3rdparty/p256-m/libp256m.a  /home/tikhon/Документы/magnolia/esp-idf/components/esp_wifi/lib/esp32s3/libcore.a  /home/tikhon/Документы/magnolia/esp-idf/components/esp_wifi/lib/esp32s3/libespnow.a  /home/tikhon/Документы/magnolia/esp-idf/components/esp_wifi/lib/esp32s3/libmesh.a  /home/tikhon/Документы/magnolia/esp-idf/components/esp_wifi/lib/esp32s3/libnet80211.a  /home/tikhon/Документы/magnolia/esp-idf/components/esp_wifi/lib/esp32s3/libpp.a  /home/tikhon/Документы/magnolia/esp-idf/components/esp_wifi/lib/esp32s3/libsmartconfig.a  /home/tikhon/Документы/magnolia/esp-idf/components/esp_wifi/lib/esp32s3/libwapi.a  /home/tikhon/Документы/magnolia/esp-idf/components/xtensa/esp32s3/libxt_hal.a  -u esp_app_desc  -u esp_efuse_startup_include_func  -u esp_security_init_include_impl  -u ld_include_highint_hdl  -u start_app  -u start_app_other_cores  -u __ubsan_include  -u esp_system_include_startup_funcs  -Wl,--wrap=longjmp  -u __assert_func  -u esp_sleep_gpio_include  -Wl,--undefined=FreeRTOS_openocd_params  -u app_main  -lc  -lm  -u esp_libc_include_heap_impl  -u esp_libc_include_reent_syscalls_impl  -u esp_libc_include_syscalls_impl  -u esp_libc_include_pthread_impl  -u esp_libc_include_assert_impl  -u esp_libc_include_getentropy_impl  -u esp_libc_include_init_funcs  -u esp_libc_init_funcs  -u pthread_include_pthread_impl  -u pthread_include_pthread_cond_var_impl  -u pthread_include_pthread_local_storage_impl  -u pthread_include_pthread_rwlock_impl  -u pthread_include_pthread_semaphore_impl  -Wl,--wrap=__register_frame_info_bases  -Wl,--wrap=__register_frame_info  -Wl,--wrap=__register_frame  -Wl,--wrap=__register_frame_info_table_bases  -Wl,--wrap=__register_frame_info_table  -Wl,--wrap=__register_frame_table  -Wl,--wrap=__deregister_frame_info_bases  -Wl,--wrap=__deregister_frame_info  -Wl,--wrap=_Unwind_Find_FDE  -Wl,--wrap=_Unwind_GetGR  -Wl,--wrap=_Unwind_GetCFA  -Wl,--wrap=_Unwind_GetIP  -Wl,--wrap=_Unwind_GetIPInfo  -Wl,--wrap=_Unwind_GetRegionStart  -Wl,--wrap=_Unwind_GetDataRelBase  -Wl,--wrap=_Unwind_GetTextRelBase  -Wl,--wrap=_Unwind_SetIP  -Wl,--wrap=_Unwind_SetGR  -Wl,--wrap=_Unwind_GetLanguageSpecificData  -Wl,--wrap=_Unwind_FindEnclosingFunction  -Wl,--wrap=_Unwind_Resume  -Wl,--wrap=_Unwind_RaiseException  -Wl,--wrap=_Unwind_DeleteException  -Wl,--wrap=_Unwind_ForcedUnwind  -Wl,--wrap=_Unwind_Resume_or_Rethrow  -Wl,--wrap=_Unwind_Backtrace  -Wl,--wrap=__cxa_call_unexpected  -Wl,--wrap=__gxx_personality_v0  -Wl,--wrap=__cxa_throw  -Wl,--wrap=__cxa_allocate_exception  -lstdc++  esp-idf/pthread/libpthread.a  esp-idf/newlib/libnewlib.a  -u __cxa_guard_dummy  -u __cxx_init_dummy  -lgcc  esp-idf/cxx/libcxx.a  -u __cxx_fatal_exception  -u esp_timer_init_include_func  -u uart_vfs_include_dev_init  -u include_esp_phy_override  -lphy  -lbtbb  esp-idf/esp_phy/libesp_phy.a  -lphy  -lbtbb  esp-idf/esp_phy/libesp_phy.a  -lphy  -lbtbb  -u usb_serial_jtag_vfs_include_dev_init  -u usb_serial_jtag_connection_monitor_include  -u esp_vfs_include_console_register  -u vfs_include_syscalls_impl  -u esp_vfs_include_nullfs_register && :
/home/tikhon/.espressif/tools/xtensa-esp-elf/esp-15.1.0_20250607/xtensa-esp-elf/bin/../lib/gcc/xtensa-esp-elf/15.1.0/../../../../xtensa-esp-elf/bin/ld: esp-idf/freertos/libfreertos.a(app_startup.c.obj):(.literal.main_task+0x34): undefined reference to `app_main'
collect2: error: ld returned 1 exit status
ninja: build stopped: subcommand failed.
-- Generating done (0.4s)
Command failed (2): idf.py build
Skipping failed applet build: rhexdump
-- Build files have been written to: /home/tikhon/Документы/magnolia/applets/mainline/free/build
-- Components: app_trace app_update bootloader bootloader_support bt cmock console cxx driver efuse esp-tls esp_adc esp_app_format esp_bootloader_format esp_coex esp_common esp_driver_ana_cmpr esp_driver_bitscrambler esp_driver_cam esp_driver_dac esp_driver_gpio esp_driver_gptimer esp_driver_i2c esp_driver_i2s esp_driver_i3c esp_driver_isp esp_driver_jpeg esp_driver_ledc esp_driver_mcpwm esp_driver_parlio esp_driver_pcnt esp_driver_ppa esp_driver_rmt esp_driver_sd_intf esp_driver_sdio esp_driver_sdm esp_driver_sdmmc esp_driver_sdspi esp_driver_spi esp_driver_touch_sens esp_driver_tsens esp_driver_twai esp_driver_uart esp_driver_usb_serial_jtag esp_eth esp_event esp_gdbstub esp_hid esp_http_client esp_http_server esp_https_ota esp_https_server esp_hw_support esp_lcd esp_local_ctrl esp_mm esp_netif esp_netif_stack esp_partition esp_phy esp_pm esp_psram esp_ringbuf esp_rom esp_security esp_system esp_timer esp_vfs_console esp_wifi espcoredump espressif__cmake_utilities espressif__elf_loader esptool_py fatfs freertos hal heap http_parser idf_test ieee802154 json log lwip main mbedtls mqtt newlib nvs_flash nvs_sec_provider openthread partition_table perfmon protobuf-c protocomm pthread rt sdmmc soc spi_flash spiffs tcp_transport touch_element ulp unity usb vfs wear_levelling wifi_provisioning wpa_supplicant xtensa
-- Component paths: /home/tikhon/Документы/magnolia/esp-idf/components/app_trace /home/tikhon/Документы/magnolia/esp-idf/components/app_update /home/tikhon/Документы/magnolia/esp-idf/components/bootloader /home/tikhon/Документы/magnolia/esp-idf/components/bootloader_support /home/tikhon/Документы/magnolia/esp-idf/components/bt /home/tikhon/Документы/magnolia/esp-idf/components/cmock /home/tikhon/Документы/magnolia/esp-idf/components/console /home/tikhon/Документы/magnolia/esp-idf/components/cxx /home/tikhon/Документы/magnolia/esp-idf/components/driver /home/tikhon/Документы/magnolia/esp-idf/components/efuse /home/tikhon/Документы/magnolia/esp-idf/components/esp-tls /home/tikhon/Документы/magnolia/esp-idf/components/esp_adc /home/tikhon/Документы/magnolia/esp-idf/components/esp_app_format /home/tikhon/Документы/magnolia/esp-idf/components/esp_bootloader_format /home/tikhon/Документы/magnolia/esp-idf/components/esp_coex /home/tikhon/Документы/magnolia/esp-idf/components/esp_common /home/tikhon/Документы/magnolia/esp-idf/components/esp_driver_ana_cmpr /home/tikhon/Документы/magnolia/esp-idf/components/esp_driver_bitscrambler /home/tikhon/Документы/magnolia/esp-idf/components/esp_driver_cam /home/tikhon/Документы/magnolia/esp-idf/components/esp_driver_dac /home/tikhon/Документы/magnolia/esp-idf/components/esp_driver_gpio /home/tikhon/Документы/magnolia/esp-idf/components/esp_driver_gptimer /home/tikhon/Документы/magnolia/esp-idf/components/esp_driver_i2c /home/tikhon/Документы/magnolia/esp-idf/components/esp_driver_i2s /home/tikhon/Документы/magnolia/esp-idf/components/esp_driver_i3c /home/tikhon/Документы/magnolia/esp-idf/components/esp_driver_isp /home/tikhon/Документы/magnolia/esp-idf/components/esp_driver_jpeg /home/tikhon/Документы/magnolia/esp-idf/components/esp_driver_ledc /home/tikhon/Документы/magnolia/esp-idf/components/esp_driver_mcpwm /home/tikhon/Документы/magnolia/esp-idf/components/esp_driver_parlio /home/tikhon/Документы/magnolia/esp-idf/components/esp_driver_pcnt /home/tikhon/Документы/magnolia/esp-idf/components/esp_driver_ppa /home/tikhon/Документы/magnolia/esp-idf/components/esp_driver_rmt /home/tikhon/Документы/magnolia/esp-idf/components/esp_driver_sd_intf /home/tikhon/Документы/magnolia/esp-idf/components/esp_driver_sdio /home/tikhon/Документы/magnolia/esp-idf/components/esp_driver_sdm /home/tikhon/Документы/magnolia/esp-idf/components/esp_driver_sdmmc /home/tikhon/Документы/magnolia/esp-idf/components/esp_driver_sdspi /home/tikhon/Документы/magnolia/esp-idf/components/esp_driver_spi /home/tikhon/Документы/magnolia/esp-idf/components/esp_driver_touch_sens /home/tikhon/Документы/magnolia/esp-idf/components/esp_driver_tsens /home/tikhon/Документы/magnolia/esp-idf/components/esp_driver_twai /home/tikhon/Документы/magnolia/esp-idf/components/esp_driver_uart /home/tikhon/Документы/magnolia/esp-idf/components/esp_driver_usb_serial_jtag /home/tikhon/Документы/magnolia/esp-idf/components/esp_eth /home/tikhon/Документы/magnolia/esp-idf/components/esp_event /home/tikhon/Документы/magnolia/esp-idf/components/esp_gdbstub /home/tikhon/Документы/magnolia/esp-idf/components/esp_hid /home/tikhon/Документы/magnolia/esp-idf/components/esp_http_client /home/tikhon/Документы/magnolia/esp-idf/components/esp_http_server /home/tikhon/Документы/magnolia/esp-idf/components/esp_https_ota /home/tikhon/Документы/magnolia/esp-idf/components/esp_https_server /home/tikhon/Документы/magnolia/esp-idf/components/esp_hw_support /home/tikhon/Документы/magnolia/esp-idf/components/esp_lcd /home/tikhon/Документы/magnolia/esp-idf/components/esp_local_ctrl /home/tikhon/Документы/magnolia/esp-idf/components/esp_mm /home/tikhon/Документы/magnolia/esp-idf/components/esp_netif /home/tikhon/Документы/magnolia/esp-idf/components/esp_netif_stack /home/tikhon/Документы/magnolia/esp-idf/components/esp_partition /home/tikhon/Документы/magnolia/esp-idf/components/esp_phy /home/tikhon/Документы/magnolia/esp-idf/components/esp_pm /home/tikhon/Документы/magnolia/esp-idf/components/esp_psram /home/tikhon/Документы/magnolia/esp-idf/components/esp_ringbuf /home/tikhon/Документы/magnolia/esp-idf/components/esp_rom /home/tikhon/Документы/magnolia/esp-idf/components/esp_security /home/tikhon/Документы/magnolia/esp-idf/components/esp_system /home/tikhon/Документы/magnolia/esp-idf/components/esp_timer /home/tikhon/Документы/magnolia/esp-idf/components/esp_vfs_console /home/tikhon/Документы/magnolia/esp-idf/components/esp_wifi /home/tikhon/Документы/magnolia/esp-idf/components/espcoredump /home/tikhon/Документы/magnolia/applets/mainline/elftest/managed_components/espressif__cmake_utilities /home/tikhon/Документы/magnolia/applets/mainline/elftest/managed_components/espressif__elf_loader /home/tikhon/Документы/magnolia/esp-idf/components/esptool_py /home/tikhon/Документы/magnolia/esp-idf/components/fatfs /home/tikhon/Документы/magnolia/esp-idf/components/freertos /home/tikhon/Документы/magnolia/esp-idf/components/hal /home/tikhon/Документы/magnolia/esp-idf/components/heap /home/tikhon/Документы/magnolia/esp-idf/components/http_parser /home/tikhon/Документы/magnolia/esp-idf/components/idf_test /home/tikhon/Документы/magnolia/esp-idf/components/ieee802154 /home/tikhon/Документы/magnolia/esp-idf/components/json /home/tikhon/Документы/magnolia/esp-idf/components/log /home/tikhon/Документы/magnolia/esp-idf/components/lwip /home/tikhon/Документы/magnolia/applets/mainline/elftest/main /home/tikhon/Документы/magnolia/esp-idf/components/mbedtls /home/tikhon/Документы/magnolia/esp-idf/components/mqtt /home/tikhon/Документы/magnolia/esp-idf/components/newlib /home/tikhon/Документы/magnolia/esp-idf/components/nvs_flash /home/tikhon/Документы/magnolia/esp-idf/components/nvs_sec_provider /home/tikhon/Документы/magnolia/esp-idf/components/openthread /home/tikhon/Документы/magnolia/esp-idf/components/partition_table /home/tikhon/Документы/magnolia/esp-idf/components/perfmon /home/tikhon/Документы/magnolia/esp-idf/components/protobuf-c /home/tikhon/Документы/magnolia/esp-idf/components/protocomm /home/tikhon/Документы/magnolia/esp-idf/components/pthread /home/tikhon/Документы/magnolia/esp-idf/components/rt /home/tikhon/Документы/magnolia/esp-idf/components/sdmmc /home/tikhon/Документы/magnolia/esp-idf/components/soc /home/tikhon/Документы/magnolia/esp-idf/components/spi_flash /home/tikhon/Документы/magnolia/esp-idf/components/spiffs /home/tikhon/Документы/magnolia/esp-idf/components/tcp_transport /home/tikhon/Документы/magnolia/esp-idf/components/touch_element /home/tikhon/Документы/magnolia/esp-idf/components/ulp /home/tikhon/Документы/magnolia/esp-idf/components/unity /home/tikhon/Документы/magnolia/esp-idf/components/usb /home/tikhon/Документы/magnolia/esp-idf/components/vfs /home/tikhon/Документы/magnolia/esp-idf/components/wear_levelling /home/tikhon/Документы/magnolia/esp-idf/components/wifi_provisioning /home/tikhon/Документы/magnolia/esp-idf/components/wpa_supplicant /home/tikhon/Документы/magnolia/esp-idf/components/xtensa
-- Configuring done (6.1s)
+ idf.py elf
Executing action: all (aliases: build)
Running ninja in directory /home/tikhon/Документы/magnolia/applets/rust/rxxd/build
Executing "ninja all"...
[0/2] Re-checking globbed directories...
[1/9] Performing build step for 'bootloader'
[1/1] cd /home/tikhon/Документы/magnolia/applets/rust/rxxd/build/bootloader && /home/tikhon/.espressif/python_env/idf6.0_py3.12_env/bin/python /home/tikhon/Документы/magnolia/esp-idf/components/partition_table/check_sizes.py --offset 0x8000 bootloader 0x0 /home/tikhon/Документы/magnolia/applets/rust/rxxd/build/bootloader/bootloader.bin
Bootloader binary size 0x5320 bytes. 0x2ce0 bytes (35%) free.
[2/9] No install step for 'bootloader'
[3/9] Completed 'bootloader'
Executing action: all (aliases: build)
Running ninja in directory /home/tikhon/Документы/magnolia/applets/zig/zdd/build
Executing "ninja all"...
[0/2] Re-checking globbed directories...
Executing action: all (aliases: build)
Running ninja in directory /home/tikhon/Документы/magnolia/applets/zig/zhexdump/build
Executing "ninja all"...
[0/2] Re-checking globbed directories...
[1/14] Performing build step for 'bootloader'
[1/1] cd /home/tikhon/Документы/magnolia/applets/zig/zdd/build/bootloader && /home/tikhon/.espressif/python_env/idf6.0_py3.12_env/bin/python /home/tikhon/Документы/magnolia/esp-idf/components/partition_table/check_sizes.py --offset 0x8000 bootloader 0x0 /home/tikhon/Документы/magnolia/applets/zig/zdd/build/bootloader/bootloader.bin
Bootloader binary size 0x5320 bytes. 0x2ce0 bytes (35%) free.
[2/14] No install step for 'bootloader'
[4/9] Build Rust staticlib: /home/tikhon/Документы/magnolia/applets/rust/rxxd/build/libxxd.a
FAILED: libxxd.a /home/tikhon/Документы/magnolia/applets/rust/rxxd/build/libxxd.a 
cd /home/tikhon/Документы/magnolia/applets/rust/rxxd/build && /usr/bin/cmake -E env CARGO_TARGET_DIR=/home/tikhon/Документы/magnolia/applets/rust/rxxd/build/rust_target bash -lc "set -euo pipefail;                  if [ -n \"/home/tikhon/export-esp.sh\" ] && [ -f \"/home/tikhon/export-esp.sh\" ]; then . \"/home/tikhon/export-esp.sh\" >/dev/null 2>&1; fi;                  RUSTFLAGS='-C panic=abort' cargo +esp build                      -Zbuild-std=core,alloc,compiler_builtins -Zbuild-std-features=compiler-builtins-mem                    --manifest-path '/home/tikhon/Документы/magnolia/applets/rust/rxxd/rust/Cargo.toml' --release --target 'xtensa-esp32s3-none-elf'" && /usr/bin/cmake -E copy_if_different /home/tikhon/Документы/magnolia/applets/rust/rxxd/build/rust_target/xtensa-esp32s3-none-elf/release/libxxd.a /home/tikhon/Документы/magnolia/applets/rust/rxxd/build/libxxd.a && bash -lc "set -euo pipefail;                  tmp='/home/tikhon/Документы/magnolia/applets/rust/rxxd/build/rust_fixup_xxd';                  rm -rf \"\$tmp\"; mkdir -p \"\$tmp\";                  cd \"\$tmp\";                  '/home/tikhon/.espressif/tools/xtensa-esp-elf/esp-15.1.0_20250607/xtensa-esp-elf/bin/xtensa-esp32s3-elf-ar' x '/home/tikhon/Документы/magnolia/applets/rust/rxxd/build/libxxd.a';                  for obj in *.o; do                    [ -f \"\$obj\" ] || continue;                    for sec in \$(LC_ALL=C readelf -S -W \"\$obj\" | sed -n 's/^[[:space:]]*\\[[[:space:]]*[0-9]\\+\\][[:space:]]\\+\\([^ ]\\+\\).*/\\1/p'); do                      case \"\$sec\" in                        .literal*|.rodata*) '/home/tikhon/.espressif/tools/xtensa-esp-elf/esp-15.1.0_20250607/xtensa-esp-elf/bin/xtensa-esp32s3-elf-objcopy' --set-section-flags \"\$sec\"=alloc,load,contents,data \"\$obj\" || true ;;                      esac;                    done;                  done;                  '/home/tikhon/.espressif/tools/xtensa-esp-elf/esp-15.1.0_20250607/xtensa-esp-elf/bin/xtensa-esp32s3-elf-ar' rcs '/home/tikhon/Документы/magnolia/applets/rust/rxxd/build/libxxd.a' *.o"
   Compiling xxd v0.1.0 (/home/tikhon/Документы/magnolia/applets/rust/rxxd/rust)
error: cannot find macro `format` in this scope
   --> src/lib.rs:235:28
    |
235 |             line.push_str(&format!("{:08x}: ", offset));
    |                            ^^^^^^
    |
help: consider importing this macro
    |
  5 + use alloc::format;
    |

error: could not compile `xxd` (lib) due to 1 previous error
[1/14] Performing build step for 'bootloader'
[1/1] cd /home/tikhon/Документы/magnolia/applets/zig/zhexdump/build/bootloader && /home/tikhon/.espressif/python_env/idf6.0_py3.12_env/bin/python /home/tikhon/Документы/magnolia/esp-idf/components/partition_table/check_sizes.py --offset 0x8000 bootloader 0x0 /home/tikhon/Документы/magnolia/applets/zig/zhexdump/build/bootloader/bootloader.bin
Bootloader binary size 0x5320 bytes. 0x2ce0 bytes (35%) free.
[2/14] No install step for 'bootloader'
[3/14] Completed 'bootloader'
Executing action: all (aliases: build)
Running ninja in directory /home/tikhon/Документы/magnolia/applets/zig/zxxd/build
Executing "ninja all"...
[0/2] Re-checking globbed directories...
[3/14] Completed 'bootloader'
[1/14] Performing build step for 'bootloader'
[1/1] cd /home/tikhon/Документы/magnolia/applets/zig/zxxd/build/bootloader && /home/tikhon/.espressif/python_env/idf6.0_py3.12_env/bin/python /home/tikhon/Документы/magnolia/esp-idf/components/partition_table/check_sizes.py --offset 0x8000 bootloader 0x0 /home/tikhon/Документы/magnolia/applets/zig/zxxd/build/bootloader/bootloader.bin
Bootloader binary size 0x5320 bytes. 0x2ce0 bytes (35%) free.
[2/14] No install step for 'bootloader'
[3/14] Completed 'bootloader'
[5/9] Linking CXX executable xxd.elf
FAILED: xxd.elf 
: && /home/tikhon/.espressif/tools/xtensa-esp-elf/esp-15.1.0_20250607/xtensa-esp-elf/bin/xtensa-esp32s3-elf-g++ -mlongcalls -fno-builtin-memcpy -fno-builtin-memset -fno-builtin-bzero -nostartfiles    -Wl,--cref -Wl,--defsym=IDF_TARGET_ESP32S3=0 -Wl,--Map=/home/tikhon/Документы/magnolia/applets/rust/rxxd/build/xxd.map -Wl,--no-warn-rwx-segments -Wl,--orphan-handling=error -fno-rtti -fno-lto -Wl,--gc-sections -Wl,--warn-common -T esp32s3.peripherals.ld -T esp32s3.rom.ld -T esp32s3.rom.api.ld -T esp32s3.rom.bt_funcs.ld -T esp32s3.rom.libgcc.ld -T esp32s3.rom.wdt.ld -T esp32s3.rom.version.ld -T esp32s3.rom.ble_master.ld -T esp32s3.rom.ble_50.ld -T esp32s3.rom.ble_smp.ld -T esp32s3.rom.ble_dtm.ld -T esp32s3.rom.ble_test.ld -T esp32s3.rom.ble_scan.ld -T esp32s3.rom.libc.ld -T esp32s3.rom.newlib.ld -T memory.ld -T sections.ld CMakeFiles/xxd.elf.dir/project_elf_src_esp32s3.c.obj -o xxd.elf -L/home/tikhon/Документы/magnolia/esp-idf/components/soc/esp32s3/ld   -L/home/tikhon/Документы/magnolia/esp-idf/components/esp_rom/esp32s3/ld   -L/home/tikhon/Документы/magnolia/applets/rust/rxxd/build/esp-idf/esp_system/ld   -L/home/tikhon/Документы/magnolia/esp-idf/components/esp_phy/lib/esp32s3   -L/home/tikhon/Документы/magnolia/esp-idf/components/esp_wifi/lib/esp32s3 esp-idf/xtensa/libxtensa.a  esp-idf/esp_app_format/libesp_app_format.a  esp-idf/esp_bootloader_format/libesp_bootloader_format.a  esp-idf/app_update/libapp_update.a  esp-idf/esp_partition/libesp_partition.a  esp-idf/efuse/libefuse.a  esp-idf/esp_security/libesp_security.a  esp-idf/esp_driver_gpio/libesp_driver_gpio.a  esp-idf/esp_pm/libesp_pm.a  esp-idf/mbedtls/libmbedtls.a  esp-idf/bootloader_support/libbootloader_support.a  esp-idf/esp_mm/libesp_mm.a  esp-idf/spi_flash/libspi_flash.a  esp-idf/esp_system/libesp_system.a  esp-idf/esp_common/libesp_common.a  esp-idf/esp_rom/libesp_rom.a  esp-idf/hal/libhal.a  esp-idf/log/liblog.a  esp-idf/heap/libheap.a  esp-idf/soc/libsoc.a  esp-idf/esp_hw_support/libesp_hw_support.a  esp-idf/freertos/libfreertos.a  esp-idf/newlib/libnewlib.a  esp-idf/pthread/libpthread.a  esp-idf/cxx/libcxx.a  esp-idf/esp_timer/libesp_timer.a  esp-idf/esp_driver_gptimer/libesp_driver_gptimer.a  esp-idf/esp_ringbuf/libesp_ringbuf.a  esp-idf/esp_driver_uart/libesp_driver_uart.a  esp-idf/app_trace/libapp_trace.a  esp-idf/esp_event/libesp_event.a  esp-idf/nvs_flash/libnvs_flash.a  esp-idf/esp_phy/libesp_phy.a  esp-idf/esp_driver_usb_serial_jtag/libesp_driver_usb_serial_jtag.a  esp-idf/esp_vfs_console/libesp_vfs_console.a  esp-idf/vfs/libvfs.a  esp-idf/lwip/liblwip.a  esp-idf/esp_netif/libesp_netif.a  esp-idf/wpa_supplicant/libwpa_supplicant.a  esp-idf/esp_coex/libesp_coex.a  esp-idf/esp_wifi/libesp_wifi.a  esp-idf/esp_driver_spi/libesp_driver_spi.a  esp-idf/esp_gdbstub/libesp_gdbstub.a  esp-idf/unity/libunity.a  esp-idf/cmock/libcmock.a  esp-idf/console/libconsole.a  esp-idf/esp_driver_pcnt/libesp_driver_pcnt.a  esp-idf/esp_driver_mcpwm/libesp_driver_mcpwm.a  esp-idf/esp_driver_i2s/libesp_driver_i2s.a  esp-idf/sdmmc/libsdmmc.a  esp-idf/esp_driver_sd_intf/libesp_driver_sd_intf.a  esp-idf/esp_driver_sdmmc/libesp_driver_sdmmc.a  esp-idf/esp_driver_sdspi/libesp_driver_sdspi.a  esp-idf/esp_driver_rmt/libesp_driver_rmt.a  esp-idf/esp_driver_tsens/libesp_driver_tsens.a  esp-idf/esp_driver_sdm/libesp_driver_sdm.a  esp-idf/esp_driver_i2c/libesp_driver_i2c.a  esp-idf/esp_driver_ledc/libesp_driver_ledc.a  esp-idf/esp_driver_twai/libesp_driver_twai.a  esp-idf/driver/libdriver.a  esp-idf/http_parser/libhttp_parser.a  esp-idf/esp-tls/libesp-tls.a  esp-idf/esp_adc/libesp_adc.a  esp-idf/esp_driver_cam/libesp_driver_cam.a  esp-idf/esp_driver_touch_sens/libesp_driver_touch_sens.a  esp-idf/esp_eth/libesp_eth.a  esp-idf/esp_hid/libesp_hid.a  esp-idf/tcp_transport/libtcp_transport.a  esp-idf/esp_http_client/libesp_http_client.a  esp-idf/esp_http_server/libesp_http_server.a  esp-idf/esp_https_ota/libesp_https_ota.a  esp-idf/esp_https_server/libesp_https_server.a  esp-idf/esp_lcd/libesp_lcd.a  esp-idf/protobuf-c/libprotobuf-c.a  esp-idf/protocomm/libprotocomm.a  esp-idf/esp_local_ctrl/libesp_local_ctrl.a  esp-idf/espcoredump/libespcoredump.a  esp-idf/wear_levelling/libwear_levelling.a  esp-idf/fatfs/libfatfs.a  esp-idf/json/libjson.a  esp-idf/mqtt/libmqtt.a  esp-idf/nvs_sec_provider/libnvs_sec_provider.a  esp-idf/perfmon/libperfmon.a  esp-idf/rt/librt.a  esp-idf/spiffs/libspiffs.a  esp-idf/touch_element/libtouch_element.a  esp-idf/usb/libusb.a  esp-idf/wifi_provisioning/libwifi_provisioning.a  esp-idf/espressif__elf_loader/libespressif__elf_loader.a  esp-idf/main/libmain.a  esp-idf/app_trace/libapp_trace.a  esp-idf/cmock/libcmock.a  esp-idf/unity/libunity.a  esp-idf/esp_driver_cam/libesp_driver_cam.a  esp-idf/esp_driver_touch_sens/libesp_driver_touch_sens.a  esp-idf/esp_eth/libesp_eth.a  esp-idf/esp_hid/libesp_hid.a  esp-idf/esp_lcd/libesp_lcd.a  esp-idf/esp_local_ctrl/libesp_local_ctrl.a  esp-idf/esp_https_server/libesp_https_server.a  esp-idf/espcoredump/libespcoredump.a  -u esp_system_include_coredump_init  esp-idf/fatfs/libfatfs.a  esp-idf/wear_levelling/libwear_levelling.a  esp-idf/mqtt/libmqtt.a  esp-idf/nvs_sec_provider/libnvs_sec_provider.a  -u nvs_sec_provider_include_impl  esp-idf/perfmon/libperfmon.a  esp-idf/rt/librt.a  esp-idf/spiffs/libspiffs.a  esp-idf/touch_element/libtouch_element.a  esp-idf/usb/libusb.a  esp-idf/wifi_provisioning/libwifi_provisioning.a  esp-idf/protocomm/libprotocomm.a  esp-idf/console/libconsole.a  esp-idf/protobuf-c/libprotobuf-c.a  esp-idf/json/libjson.a  esp-idf/espressif__elf_loader/libespressif__elf_loader.a  esp-idf/xtensa/libxtensa.a  esp-idf/esp_app_format/libesp_app_format.a  esp-idf/esp_bootloader_format/libesp_bootloader_format.a  esp-idf/app_update/libapp_update.a  esp-idf/esp_partition/libesp_partition.a  esp-idf/efuse/libefuse.a  esp-idf/esp_security/libesp_security.a  esp-idf/esp_driver_gpio/libesp_driver_gpio.a  esp-idf/esp_pm/libesp_pm.a  esp-idf/mbedtls/libmbedtls.a  esp-idf/bootloader_support/libbootloader_support.a  esp-idf/esp_mm/libesp_mm.a  esp-idf/spi_flash/libspi_flash.a  esp-idf/esp_system/libesp_system.a  esp-idf/esp_common/libesp_common.a  esp-idf/esp_rom/libesp_rom.a  esp-idf/hal/libhal.a  esp-idf/log/liblog.a  esp-idf/heap/libheap.a  esp-idf/soc/libsoc.a  esp-idf/esp_hw_support/libesp_hw_support.a  esp-idf/freertos/libfreertos.a  esp-idf/newlib/libnewlib.a  esp-idf/pthread/libpthread.a  esp-idf/cxx/libcxx.a  esp-idf/esp_timer/libesp_timer.a  esp-idf/esp_driver_gptimer/libesp_driver_gptimer.a  esp-idf/esp_ringbuf/libesp_ringbuf.a  esp-idf/esp_driver_uart/libesp_driver_uart.a  esp-idf/esp_event/libesp_event.a  esp-idf/nvs_flash/libnvs_flash.a  esp-idf/esp_phy/libesp_phy.a  esp-idf/esp_driver_usb_serial_jtag/libesp_driver_usb_serial_jtag.a  esp-idf/esp_vfs_console/libesp_vfs_console.a  esp-idf/vfs/libvfs.a  esp-idf/lwip/liblwip.a  esp-idf/esp_netif/libesp_netif.a  esp-idf/wpa_supplicant/libwpa_supplicant.a  esp-idf/esp_coex/libesp_coex.a  esp-idf/esp_wifi/libesp_wifi.a  esp-idf/esp_driver_spi/libesp_driver_spi.a  esp-idf/esp_gdbstub/libesp_gdbstub.a  esp-idf/esp_driver_pcnt/libesp_driver_pcnt.a  esp-idf/esp_driver_mcpwm/libesp_driver_mcpwm.a  esp-idf/esp_driver_i2s/libesp_driver_i2s.a  esp-idf/sdmmc/libsdmmc.a  esp-idf/esp_driver_sd_intf/libesp_driver_sd_intf.a  esp-idf/esp_driver_sdmmc/libesp_driver_sdmmc.a  esp-idf/esp_driver_sdspi/libesp_driver_sdspi.a  esp-idf/esp_driver_rmt/libesp_driver_rmt.a  esp-idf/esp_driver_tsens/libesp_driver_tsens.a  esp-idf/esp_driver_sdm/libesp_driver_sdm.a  esp-idf/esp_driver_i2c/libesp_driver_i2c.a  esp-idf/esp_driver_ledc/libesp_driver_ledc.a  esp-idf/esp_driver_twai/libesp_driver_twai.a  esp-idf/driver/libdriver.a  esp-idf/http_parser/libhttp_parser.a  esp-idf/esp-tls/libesp-tls.a  esp-idf/esp_adc/libesp_adc.a  esp-idf/tcp_transport/libtcp_transport.a  esp-idf/esp_http_client/libesp_http_client.a  esp-idf/esp_http_server/libesp_http_server.a  esp-idf/esp_https_ota/libesp_https_ota.a  esp-idf/mbedtls/mbedtls/library/libmbedtls.a  esp-idf/mbedtls/mbedtls/library/libmbedcrypto.a  esp-idf/mbedtls/mbedtls/library/libmbedx509.a  esp-idf/mbedtls/mbedtls/3rdparty/everest/libeverest.a  esp-idf/mbedtls/mbedtls/3rdparty/p256-m/libp256m.a  /home/tikhon/Документы/magnolia/esp-idf/components/esp_wifi/lib/esp32s3/libcore.a  /home/tikhon/Документы/magnolia/esp-idf/components/esp_wifi/lib/esp32s3/libespnow.a  /home/tikhon/Документы/magnolia/esp-idf/components/esp_wifi/lib/esp32s3/libmesh.a  /home/tikhon/Документы/magnolia/esp-idf/components/esp_wifi/lib/esp32s3/libnet80211.a  /home/tikhon/Документы/magnolia/esp-idf/components/esp_wifi/lib/esp32s3/libpp.a  /home/tikhon/Документы/magnolia/esp-idf/components/esp_wifi/lib/esp32s3/libsmartconfig.a  /home/tikhon/Документы/magnolia/esp-idf/components/esp_wifi/lib/esp32s3/libwapi.a  esp-idf/xtensa/libxtensa.a  esp-idf/esp_app_format/libesp_app_format.a  esp-idf/esp_bootloader_format/libesp_bootloader_format.a  esp-idf/app_update/libapp_update.a  esp-idf/esp_partition/libesp_partition.a  esp-idf/efuse/libefuse.a  esp-idf/esp_security/libesp_security.a  esp-idf/esp_driver_gpio/libesp_driver_gpio.a  esp-idf/esp_pm/libesp_pm.a  esp-idf/mbedtls/libmbedtls.a  esp-idf/bootloader_support/libbootloader_support.a  esp-idf/esp_mm/libesp_mm.a  esp-idf/spi_flash/libspi_flash.a  esp-idf/esp_system/libesp_system.a  esp-idf/esp_common/libesp_common.a  esp-idf/esp_rom/libesp_rom.a  esp-idf/hal/libhal.a  esp-idf/log/liblog.a  esp-idf/heap/libheap.a  esp-idf/soc/libsoc.a  esp-idf/esp_hw_support/libesp_hw_support.a  esp-idf/freertos/libfreertos.a  esp-idf/newlib/libnewlib.a  esp-idf/pthread/libpthread.a  esp-idf/cxx/libcxx.a  esp-idf/esp_timer/libesp_timer.a  esp-idf/esp_driver_gptimer/libesp_driver_gptimer.a  esp-idf/esp_ringbuf/libesp_ringbuf.a  esp-idf/esp_driver_uart/libesp_driver_uart.a  esp-idf/esp_event/libesp_event.a  esp-idf/nvs_flash/libnvs_flash.a  esp-idf/esp_phy/libesp_phy.a  esp-idf/esp_driver_usb_serial_jtag/libesp_driver_usb_serial_jtag.a  esp-idf/esp_vfs_console/libesp_vfs_console.a  esp-idf/vfs/libvfs.a  esp-idf/lwip/liblwip.a  esp-idf/esp_netif/libesp_netif.a  esp-idf/wpa_supplicant/libwpa_supplicant.a  esp-idf/esp_coex/libesp_coex.a  esp-idf/esp_wifi/libesp_wifi.a  esp-idf/esp_driver_spi/libesp_driver_spi.a  esp-idf/esp_gdbstub/libesp_gdbstub.a  esp-idf/esp_driver_pcnt/libesp_driver_pcnt.a  esp-idf/esp_driver_mcpwm/libesp_driver_mcpwm.a  esp-idf/esp_driver_i2s/libesp_driver_i2s.a  esp-idf/sdmmc/libsdmmc.a  esp-idf/esp_driver_sd_intf/libesp_driver_sd_intf.a  esp-idf/esp_driver_sdmmc/libesp_driver_sdmmc.a  esp-idf/esp_driver_sdspi/libesp_driver_sdspi.a  esp-idf/esp_driver_rmt/libesp_driver_rmt.a  esp-idf/esp_driver_tsens/libesp_driver_tsens.a  esp-idf/esp_driver_sdm/libesp_driver_sdm.a  esp-idf/esp_driver_i2c/libesp_driver_i2c.a  esp-idf/esp_driver_ledc/libesp_driver_ledc.a  esp-idf/esp_driver_twai/libesp_driver_twai.a  esp-idf/driver/libdriver.a  esp-idf/http_parser/libhttp_parser.a  esp-idf/esp-tls/libesp-tls.a  esp-idf/esp_adc/libesp_adc.a  esp-idf/tcp_transport/libtcp_transport.a  esp-idf/esp_http_client/libesp_http_client.a  esp-idf/esp_http_server/libesp_http_server.a  esp-idf/esp_https_ota/libesp_https_ota.a  esp-idf/mbedtls/mbedtls/library/libmbedtls.a  esp-idf/mbedtls/mbedtls/library/libmbedcrypto.a  esp-idf/mbedtls/mbedtls/library/libmbedx509.a  esp-idf/mbedtls/mbedtls/3rdparty/everest/libeverest.a  esp-idf/mbedtls/mbedtls/3rdparty/p256-m/libp256m.a  /home/tikhon/Документы/magnolia/esp-idf/components/esp_wifi/lib/esp32s3/libcore.a  /home/tikhon/Документы/magnolia/esp-idf/components/esp_wifi/lib/esp32s3/libespnow.a  /home/tikhon/Документы/magnolia/esp-idf/components/esp_wifi/lib/esp32s3/libmesh.a  /home/tikhon/Документы/magnolia/esp-idf/components/esp_wifi/lib/esp32s3/libnet80211.a  /home/tikhon/Документы/magnolia/esp-idf/components/esp_wifi/lib/esp32s3/libpp.a  /home/tikhon/Документы/magnolia/esp-idf/components/esp_wifi/lib/esp32s3/libsmartconfig.a  /home/tikhon/Документы/magnolia/esp-idf/components/esp_wifi/lib/esp32s3/libwapi.a  esp-idf/xtensa/libxtensa.a  esp-idf/esp_app_format/libesp_app_format.a  esp-idf/esp_bootloader_format/libesp_bootloader_format.a  esp-idf/app_update/libapp_update.a  esp-idf/esp_partition/libesp_partition.a  esp-idf/efuse/libefuse.a  esp-idf/esp_security/libesp_security.a  esp-idf/esp_driver_gpio/libesp_driver_gpio.a  esp-idf/esp_pm/libesp_pm.a  esp-idf/mbedtls/libmbedtls.a  esp-idf/bootloader_support/libbootloader_support.a  esp-idf/esp_mm/libesp_mm.a  esp-idf/spi_flash/libspi_flash.a  esp-idf/esp_system/libesp_system.a  esp-idf/esp_common/libesp_common.a  esp-idf/esp_rom/libesp_rom.a  esp-idf/hal/libhal.a  esp-idf/log/liblog.a  esp-idf/heap/libheap.a  esp-idf/soc/libsoc.a  esp-idf/esp_hw_support/libesp_hw_support.a  esp-idf/freertos/libfreertos.a  esp-idf/newlib/libnewlib.a  esp-idf/pthread/libpthread.a  esp-idf/cxx/libcxx.a  esp-idf/esp_timer/libesp_timer.a  esp-idf/esp_driver_gptimer/libesp_driver_gptimer.a  esp-idf/esp_ringbuf/libesp_ringbuf.a  esp-idf/esp_driver_uart/libesp_driver_uart.a  esp-idf/esp_event/libesp_event.a  esp-idf/nvs_flash/libnvs_flash.a  esp-idf/esp_phy/libesp_phy.a  esp-idf/esp_driver_usb_serial_jtag/libesp_driver_usb_serial_jtag.a  esp-idf/esp_vfs_console/libesp_vfs_console.a  esp-idf/vfs/libvfs.a  esp-idf/lwip/liblwip.a  esp-idf/esp_netif/libesp_netif.a  esp-idf/wpa_supplicant/libwpa_supplicant.a  esp-idf/esp_coex/libesp_coex.a  esp-idf/esp_wifi/libesp_wifi.a  esp-idf/esp_driver_spi/libesp_driver_spi.a  esp-idf/esp_gdbstub/libesp_gdbstub.a  esp-idf/esp_driver_pcnt/libesp_driver_pcnt.a  esp-idf/esp_driver_mcpwm/libesp_driver_mcpwm.a  esp-idf/esp_driver_i2s/libesp_driver_i2s.a  esp-idf/sdmmc/libsdmmc.a  esp-idf/esp_driver_sd_intf/libesp_driver_sd_intf.a  esp-idf/esp_driver_sdmmc/libesp_driver_sdmmc.a  esp-idf/esp_driver_sdspi/libesp_driver_sdspi.a  esp-idf/esp_driver_rmt/libesp_driver_rmt.a  esp-idf/esp_driver_tsens/libesp_driver_tsens.a  esp-idf/esp_driver_sdm/libesp_driver_sdm.a  esp-idf/esp_driver_i2c/libesp_driver_i2c.a  esp-idf/esp_driver_ledc/libesp_driver_ledc.a  esp-idf/esp_driver_twai/libesp_driver_twai.a  esp-idf/driver/libdriver.a  esp-idf/http_parser/libhttp_parser.a  esp-idf/esp-tls/libesp-tls.a  esp-idf/esp_adc/libesp_adc.a  esp-idf/tcp_transport/libtcp_transport.a  esp-idf/esp_http_client/libesp_http_client.a  esp-idf/esp_http_server/libesp_http_server.a  esp-idf/esp_https_ota/libesp_https_ota.a  esp-idf/mbedtls/mbedtls/library/libmbedtls.a  esp-idf/mbedtls/mbedtls/library/libmbedcrypto.a  esp-idf/mbedtls/mbedtls/library/libmbedx509.a  esp-idf/mbedtls/mbedtls/3rdparty/everest/libeverest.a  esp-idf/mbedtls/mbedtls/3rdparty/p256-m/libp256m.a  /home/tikhon/Документы/magnolia/esp-idf/components/esp_wifi/lib/esp32s3/libcore.a  /home/tikhon/Документы/magnolia/esp-idf/components/esp_wifi/lib/esp32s3/libespnow.a  /home/tikhon/Документы/magnolia/esp-idf/components/esp_wifi/lib/esp32s3/libmesh.a  /home/tikhon/Документы/magnolia/esp-idf/components/esp_wifi/lib/esp32s3/libnet80211.a  /home/tikhon/Документы/magnolia/esp-idf/components/esp_wifi/lib/esp32s3/libpp.a  /home/tikhon/Документы/magnolia/esp-idf/components/esp_wifi/lib/esp32s3/libsmartconfig.a  /home/tikhon/Документы/magnolia/esp-idf/components/esp_wifi/lib/esp32s3/libwapi.a  esp-idf/xtensa/libxtensa.a  esp-idf/esp_app_format/libesp_app_format.a  esp-idf/esp_bootloader_format/libesp_bootloader_format.a  esp-idf/app_update/libapp_update.a  esp-idf/esp_partition/libesp_partition.a  esp-idf/efuse/libefuse.a  esp-idf/esp_security/libesp_security.a  esp-idf/esp_driver_gpio/libesp_driver_gpio.a  esp-idf/esp_pm/libesp_pm.a  esp-idf/mbedtls/libmbedtls.a  esp-idf/bootloader_support/libbootloader_support.a  esp-idf/esp_mm/libesp_mm.a  esp-idf/spi_flash/libspi_flash.a  esp-idf/esp_system/libesp_system.a  esp-idf/esp_common/libesp_common.a  esp-idf/esp_rom/libesp_rom.a  esp-idf/hal/libhal.a  esp-idf/log/liblog.a  esp-idf/heap/libheap.a  esp-idf/soc/libsoc.a  esp-idf/esp_hw_support/libesp_hw_support.a  esp-idf/freertos/libfreertos.a  esp-idf/newlib/libnewlib.a  esp-idf/pthread/libpthread.a  esp-idf/cxx/libcxx.a  esp-idf/esp_timer/libesp_timer.a  esp-idf/esp_driver_gptimer/libesp_driver_gptimer.a  esp-idf/esp_ringbuf/libesp_ringbuf.a  esp-idf/esp_driver_uart/libesp_driver_uart.a  esp-idf/esp_event/libesp_event.a  esp-idf/nvs_flash/libnvs_flash.a  esp-idf/esp_phy/libesp_phy.a  esp-idf/esp_driver_usb_serial_jtag/libesp_driver_usb_serial_jtag.a  esp-idf/esp_vfs_console/libesp_vfs_console.a  esp-idf/vfs/libvfs.a  esp-idf/lwip/liblwip.a  esp-idf/esp_netif/libesp_netif.a  esp-idf/wpa_supplicant/libwpa_supplicant.a  esp-idf/esp_coex/libesp_coex.a  esp-idf/esp_wifi/libesp_wifi.a  esp-idf/esp_driver_spi/libesp_driver_spi.a  esp-idf/esp_gdbstub/libesp_gdbstub.a  esp-idf/esp_driver_pcnt/libesp_driver_pcnt.a  esp-idf/esp_driver_mcpwm/libesp_driver_mcpwm.a  esp-idf/esp_driver_i2s/libesp_driver_i2s.a  esp-idf/sdmmc/libsdmmc.a  esp-idf/esp_driver_sd_intf/libesp_driver_sd_intf.a  esp-idf/esp_driver_sdmmc/libesp_driver_sdmmc.a  esp-idf/esp_driver_sdspi/libesp_driver_sdspi.a  esp-idf/esp_driver_rmt/libesp_driver_rmt.a  esp-idf/esp_driver_tsens/libesp_driver_tsens.a  esp-idf/esp_driver_sdm/libesp_driver_sdm.a  esp-idf/esp_driver_i2c/libesp_driver_i2c.a  esp-idf/esp_driver_ledc/libesp_driver_ledc.a  esp-idf/esp_driver_twai/libesp_driver_twai.a  esp-idf/driver/libdriver.a  esp-idf/http_parser/libhttp_parser.a  esp-idf/esp-tls/libesp-tls.a  esp-idf/esp_adc/libesp_adc.a  esp-idf/tcp_transport/libtcp_transport.a  esp-idf/esp_http_client/libesp_http_client.a  esp-idf/esp_http_server/libesp_http_server.a  esp-idf/esp_https_ota/libesp_https_ota.a  esp-idf/mbedtls/mbedtls/library/libmbedtls.a  esp-idf/mbedtls/mbedtls/library/libmbedcrypto.a  esp-idf/mbedtls/mbedtls/library/libmbedx509.a  esp-idf/mbedtls/mbedtls/3rdparty/everest/libeverest.a  esp-idf/mbedtls/mbedtls/3rdparty/p256-m/libp256m.a  /home/tikhon/Документы/magnolia/esp-idf/components/esp_wifi/lib/esp32s3/libcore.a  /home/tikhon/Документы/magnolia/esp-idf/components/esp_wifi/lib/esp32s3/libespnow.a  /home/tikhon/Документы/magnolia/esp-idf/components/esp_wifi/lib/esp32s3/libmesh.a  /home/tikhon/Документы/magnolia/esp-idf/components/esp_wifi/lib/esp32s3/libnet80211.a  /home/tikhon/Документы/magnolia/esp-idf/components/esp_wifi/lib/esp32s3/libpp.a  /home/tikhon/Документы/magnolia/esp-idf/components/esp_wifi/lib/esp32s3/libsmartconfig.a  /home/tikhon/Документы/magnolia/esp-idf/components/esp_wifi/lib/esp32s3/libwapi.a  esp-idf/xtensa/libxtensa.a  esp-idf/esp_app_format/libesp_app_format.a  esp-idf/esp_bootloader_format/libesp_bootloader_format.a  esp-idf/app_update/libapp_update.a  esp-idf/esp_partition/libesp_partition.a  esp-idf/efuse/libefuse.a  esp-idf/esp_security/libesp_security.a  esp-idf/esp_driver_gpio/libesp_driver_gpio.a  esp-idf/esp_pm/libesp_pm.a  esp-idf/mbedtls/libmbedtls.a  esp-idf/bootloader_support/libbootloader_support.a  esp-idf/esp_mm/libesp_mm.a  esp-idf/spi_flash/libspi_flash.a  esp-idf/esp_system/libesp_system.a  esp-idf/esp_common/libesp_common.a  esp-idf/esp_rom/libesp_rom.a  esp-idf/hal/libhal.a  esp-idf/log/liblog.a  esp-idf/heap/libheap.a  esp-idf/soc/libsoc.a  esp-idf/esp_hw_support/libesp_hw_support.a  esp-idf/freertos/libfreertos.a  esp-idf/newlib/libnewlib.a  esp-idf/pthread/libpthread.a  esp-idf/cxx/libcxx.a  esp-idf/esp_timer/libesp_timer.a  esp-idf/esp_driver_gptimer/libesp_driver_gptimer.a  esp-idf/esp_ringbuf/libesp_ringbuf.a  esp-idf/esp_driver_uart/libesp_driver_uart.a  esp-idf/esp_event/libesp_event.a  esp-idf/nvs_flash/libnvs_flash.a  esp-idf/esp_phy/libesp_phy.a  esp-idf/esp_driver_usb_serial_jtag/libesp_driver_usb_serial_jtag.a  esp-idf/esp_vfs_console/libesp_vfs_console.a  esp-idf/vfs/libvfs.a  esp-idf/lwip/liblwip.a  esp-idf/esp_netif/libesp_netif.a  esp-idf/wpa_supplicant/libwpa_supplicant.a  esp-idf/esp_coex/libesp_coex.a  esp-idf/esp_wifi/libesp_wifi.a  esp-idf/esp_driver_spi/libesp_driver_spi.a  esp-idf/esp_gdbstub/libesp_gdbstub.a  esp-idf/esp_driver_pcnt/libesp_driver_pcnt.a  esp-idf/esp_driver_mcpwm/libesp_driver_mcpwm.a  esp-idf/esp_driver_i2s/libesp_driver_i2s.a  esp-idf/sdmmc/libsdmmc.a  esp-idf/esp_driver_sd_intf/libesp_driver_sd_intf.a  esp-idf/esp_driver_sdmmc/libesp_driver_sdmmc.a  esp-idf/esp_driver_sdspi/libesp_driver_sdspi.a  esp-idf/esp_driver_rmt/libesp_driver_rmt.a  esp-idf/esp_driver_tsens/libesp_driver_tsens.a  esp-idf/esp_driver_sdm/libesp_driver_sdm.a  esp-idf/esp_driver_i2c/libesp_driver_i2c.a  esp-idf/esp_driver_ledc/libesp_driver_ledc.a  esp-idf/esp_driver_twai/libesp_driver_twai.a  esp-idf/driver/libdriver.a  esp-idf/http_parser/libhttp_parser.a  esp-idf/esp-tls/libesp-tls.a  esp-idf/esp_adc/libesp_adc.a  esp-idf/tcp_transport/libtcp_transport.a  esp-idf/esp_http_client/libesp_http_client.a  esp-idf/esp_http_server/libesp_http_server.a  esp-idf/esp_https_ota/libesp_https_ota.a  esp-idf/mbedtls/mbedtls/library/libmbedtls.a  esp-idf/mbedtls/mbedtls/library/libmbedcrypto.a  esp-idf/mbedtls/mbedtls/library/libmbedx509.a  esp-idf/mbedtls/mbedtls/3rdparty/everest/libeverest.a  esp-idf/mbedtls/mbedtls/3rdparty/p256-m/libp256m.a  /home/tikhon/Документы/magnolia/esp-idf/components/esp_wifi/lib/esp32s3/libcore.a  /home/tikhon/Документы/magnolia/esp-idf/components/esp_wifi/lib/esp32s3/libespnow.a  /home/tikhon/Документы/magnolia/esp-idf/components/esp_wifi/lib/esp32s3/libmesh.a  /home/tikhon/Документы/magnolia/esp-idf/components/esp_wifi/lib/esp32s3/libnet80211.a  /home/tikhon/Документы/magnolia/esp-idf/components/esp_wifi/lib/esp32s3/libpp.a  /home/tikhon/Документы/magnolia/esp-idf/components/esp_wifi/lib/esp32s3/libsmartconfig.a  /home/tikhon/Документы/magnolia/esp-idf/components/esp_wifi/lib/esp32s3/libwapi.a  esp-idf/xtensa/libxtensa.a  esp-idf/esp_app_format/libesp_app_format.a  esp-idf/esp_bootloader_format/libesp_bootloader_format.a  esp-idf/app_update/libapp_update.a  esp-idf/esp_partition/libesp_partition.a  esp-idf/efuse/libefuse.a  esp-idf/esp_security/libesp_security.a  esp-idf/esp_driver_gpio/libesp_driver_gpio.a  esp-idf/esp_pm/libesp_pm.a  esp-idf/mbedtls/libmbedtls.a  esp-idf/bootloader_support/libbootloader_support.a  esp-idf/esp_mm/libesp_mm.a  esp-idf/spi_flash/libspi_flash.a  esp-idf/esp_system/libesp_system.a  esp-idf/esp_common/libesp_common.a  esp-idf/esp_rom/libesp_rom.a  esp-idf/hal/libhal.a  esp-idf/log/liblog.a  esp-idf/heap/libheap.a  esp-idf/soc/libsoc.a  esp-idf/esp_hw_support/libesp_hw_support.a  esp-idf/freertos/libfreertos.a  esp-idf/newlib/libnewlib.a  esp-idf/pthread/libpthread.a  esp-idf/cxx/libcxx.a  esp-idf/esp_timer/libesp_timer.a  esp-idf/esp_driver_gptimer/libesp_driver_gptimer.a  esp-idf/esp_ringbuf/libesp_ringbuf.a  esp-idf/esp_driver_uart/libesp_driver_uart.a  esp-idf/esp_event/libesp_event.a  esp-idf/nvs_flash/libnvs_flash.a  esp-idf/esp_phy/libesp_phy.a  esp-idf/esp_driver_usb_serial_jtag/libesp_driver_usb_serial_jtag.a  esp-idf/esp_vfs_console/libesp_vfs_console.a  esp-idf/vfs/libvfs.a  esp-idf/lwip/liblwip.a  esp-idf/esp_netif/libesp_netif.a  esp-idf/wpa_supplicant/libwpa_supplicant.a  esp-idf/esp_coex/libesp_coex.a  esp-idf/esp_wifi/libesp_wifi.a  esp-idf/esp_driver_spi/libesp_driver_spi.a  esp-idf/esp_gdbstub/libesp_gdbstub.a  esp-idf/esp_driver_pcnt/libesp_driver_pcnt.a  esp-idf/esp_driver_mcpwm/libesp_driver_mcpwm.a  esp-idf/esp_driver_i2s/libesp_driver_i2s.a  esp-idf/sdmmc/libsdmmc.a  esp-idf/esp_driver_sd_intf/libesp_driver_sd_intf.a  esp-idf/esp_driver_sdmmc/libesp_driver_sdmmc.a  esp-idf/esp_driver_sdspi/libesp_driver_sdspi.a  esp-idf/esp_driver_rmt/libesp_driver_rmt.a  esp-idf/esp_driver_tsens/libesp_driver_tsens.a  esp-idf/esp_driver_sdm/libesp_driver_sdm.a  esp-idf/esp_driver_i2c/libesp_driver_i2c.a  esp-idf/esp_driver_ledc/libesp_driver_ledc.a  esp-idf/esp_driver_twai/libesp_driver_twai.a  esp-idf/driver/libdriver.a  esp-idf/http_parser/libhttp_parser.a  esp-idf/esp-tls/libesp-tls.a  esp-idf/esp_adc/libesp_adc.a  esp-idf/tcp_transport/libtcp_transport.a  esp-idf/esp_http_client/libesp_http_client.a  esp-idf/esp_http_server/libesp_http_server.a  esp-idf/esp_https_ota/libesp_https_ota.a  esp-idf/mbedtls/mbedtls/library/libmbedtls.a  esp-idf/mbedtls/mbedtls/library/libmbedcrypto.a  esp-idf/mbedtls/mbedtls/library/libmbedx509.a  esp-idf/mbedtls/mbedtls/3rdparty/everest/libeverest.a  esp-idf/mbedtls/mbedtls/3rdparty/p256-m/libp256m.a  /home/tikhon/Документы/magnolia/esp-idf/components/esp_wifi/lib/esp32s3/libcore.a  /home/tikhon/Документы/magnolia/esp-idf/components/esp_wifi/lib/esp32s3/libespnow.a  /home/tikhon/Документы/magnolia/esp-idf/components/esp_wifi/lib/esp32s3/libmesh.a  /home/tikhon/Документы/magnolia/esp-idf/components/esp_wifi/lib/esp32s3/libnet80211.a  /home/tikhon/Документы/magnolia/esp-idf/components/esp_wifi/lib/esp32s3/libpp.a  /home/tikhon/Документы/magnolia/esp-idf/components/esp_wifi/lib/esp32s3/libsmartconfig.a  /home/tikhon/Документы/magnolia/esp-idf/components/esp_wifi/lib/esp32s3/libwapi.a  /home/tikhon/Документы/magnolia/esp-idf/components/xtensa/esp32s3/libxt_hal.a  -u esp_app_desc  -u esp_efuse_startup_include_func  -u esp_security_init_include_impl  -u ld_include_highint_hdl  -u start_app  -u start_app_other_cores  -u __ubsan_include  -u esp_system_include_startup_funcs  -Wl,--wrap=longjmp  -u __assert_func  -u esp_sleep_gpio_include  -Wl,--undefined=FreeRTOS_openocd_params  -u app_main  -lc  -lm  -u esp_libc_include_heap_impl  -u esp_libc_include_reent_syscalls_impl  -u esp_libc_include_syscalls_impl  -u esp_libc_include_pthread_impl  -u esp_libc_include_assert_impl  -u esp_libc_include_getentropy_impl  -u esp_libc_include_init_funcs  -u esp_libc_init_funcs  -u pthread_include_pthread_impl  -u pthread_include_pthread_cond_var_impl  -u pthread_include_pthread_local_storage_impl  -u pthread_include_pthread_rwlock_impl  -u pthread_include_pthread_semaphore_impl  -Wl,--wrap=__register_frame_info_bases  -Wl,--wrap=__register_frame_info  -Wl,--wrap=__register_frame  -Wl,--wrap=__register_frame_info_table_bases  -Wl,--wrap=__register_frame_info_table  -Wl,--wrap=__register_frame_table  -Wl,--wrap=__deregister_frame_info_bases  -Wl,--wrap=__deregister_frame_info  -Wl,--wrap=_Unwind_Find_FDE  -Wl,--wrap=_Unwind_GetGR  -Wl,--wrap=_Unwind_GetCFA  -Wl,--wrap=_Unwind_GetIP  -Wl,--wrap=_Unwind_GetIPInfo  -Wl,--wrap=_Unwind_GetRegionStart  -Wl,--wrap=_Unwind_GetDataRelBase  -Wl,--wrap=_Unwind_GetTextRelBase  -Wl,--wrap=_Unwind_SetIP  -Wl,--wrap=_Unwind_SetGR  -Wl,--wrap=_Unwind_GetLanguageSpecificData  -Wl,--wrap=_Unwind_FindEnclosingFunction  -Wl,--wrap=_Unwind_Resume  -Wl,--wrap=_Unwind_RaiseException  -Wl,--wrap=_Unwind_DeleteException  -Wl,--wrap=_Unwind_ForcedUnwind  -Wl,--wrap=_Unwind_Resume_or_Rethrow  -Wl,--wrap=_Unwind_Backtrace  -Wl,--wrap=__cxa_call_unexpected  -Wl,--wrap=__gxx_personality_v0  -Wl,--wrap=__cxa_throw  -Wl,--wrap=__cxa_allocate_exception  -lstdc++  esp-idf/pthread/libpthread.a  esp-idf/newlib/libnewlib.a  -u __cxa_guard_dummy  -u __cxx_init_dummy  -lgcc  esp-idf/cxx/libcxx.a  -u __cxx_fatal_exception  -u esp_timer_init_include_func  -u uart_vfs_include_dev_init  -u include_esp_phy_override  -lphy  -lbtbb  esp-idf/esp_phy/libesp_phy.a  -lphy  -lbtbb  esp-idf/esp_phy/libesp_phy.a  -lphy  -lbtbb  -u usb_serial_jtag_vfs_include_dev_init  -u usb_serial_jtag_connection_monitor_include  -u esp_vfs_include_console_register  -u vfs_include_syscalls_impl  -u esp_vfs_include_nullfs_register && :
/home/tikhon/.espressif/tools/xtensa-esp-elf/esp-15.1.0_20250607/xtensa-esp-elf/bin/../lib/gcc/xtensa-esp-elf/15.1.0/../../../../xtensa-esp-elf/bin/ld: esp-idf/freertos/libfreertos.a(app_startup.c.obj):(.literal.main_task+0x34): undefined reference to `app_main'
collect2: error: ld returned 1 exit status
ninja: build stopped: subcommand failed.
[4/14] Zig build-obj: dd -> /home/tikhon/Документы/magnolia/applets/zig/zdd/build/esp-idf/main/dd.zig.o
FAILED: esp-idf/main/dd.zig.o /home/tikhon/Документы/magnolia/applets/zig/zdd/build/esp-idf/main/dd.zig.o 
cd /home/tikhon/Документы/magnolia/applets/zig/zdd/build/esp-idf/main && python3 /home/tikhon/Документы/magnolia/tools/zig_xtensa_toolchain.py --install-dir /home/tikhon/Документы/magnolia/build/toolchains/zig-xtensa && /home/tikhon/Документы/magnolia/build/toolchains/zig-xtensa/zig build-obj -target xtensa-freestanding-none -mcpu esp32s3 -OReleaseSmall --dep magnolia -Mroot=/home/tikhon/Документы/magnolia/applets/zig/zdd/main/dd.zig -Mmagnolia=/home/tikhon/Документы/magnolia/sdk/zig/magnolia.zig -femit-bin=/home/tikhon/Документы/magnolia/applets/zig/zdd/build/esp-idf/main/dd.zig.o && /home/tikhon/.espressif/tools/xtensa-esp-elf/esp-15.1.0_20250607/xtensa-esp-elf/bin/xtensa-esp32s3-elf-objcopy --set-section-flags .literal=alloc,load,contents,data /home/tikhon/Документы/magnolia/applets/zig/zdd/build/esp-idf/main/dd.zig.o && /home/tikhon/.espressif/tools/xtensa-esp-elf/esp-15.1.0_20250607/xtensa-esp-elf/bin/xtensa-esp32s3-elf-objcopy --set-section-flags .rodata=alloc,load,contents,data /home/tikhon/Документы/magnolia/applets/zig/zdd/build/esp-idf/main/dd.zig.o
0.14.0-dev.xtensa.2486+941677e08
/home/tikhon/Документы/magnolia/build/toolchains/zig-xtensa/zig-relsafe-espressif-x86_64-linux-musl-baseline/lib/std/c.zig:9386:12: error: dependency on libc must be explicitly specified in the build command
/home/tikhon/Документы/magnolia/build/toolchains/zig-xtensa/zig-relsafe-espressif-x86_64-linux-musl-baseline/lib/std/c.zig:9388:12: error: dependency on libc must be explicitly specified in the build command
/home/tikhon/Документы/magnolia/applets/zig/zdd/main/dd.zig:252:25: error: expected type 'usize', found 'u64'
/home/tikhon/Документы/magnolia/applets/zig/zdd/main/dd.zig:252:25: note: unsigned 32-bit int cannot represent all possible unsigned 64-bit values
/home/tikhon/Документы/magnolia/build/toolchains/zig-xtensa/zig-relsafe-espressif-x86_64-linux-musl-baseline/lib/std/heap.zig:38:13: error: C allocator is only available when linking against libc
ninja: build stopped: subcommand failed.
-- Generating done (0.5s)
[4/14] Zig build-obj: hexdump -> /home/tikhon/Документы/magnolia/applets/zig/zhexdump/build/esp-idf/main/hexdump.zig.o
FAILED: esp-idf/main/hexdump.zig.o /home/tikhon/Документы/magnolia/applets/zig/zhexdump/build/esp-idf/main/hexdump.zig.o 
cd /home/tikhon/Документы/magnolia/applets/zig/zhexdump/build/esp-idf/main && python3 /home/tikhon/Документы/magnolia/tools/zig_xtensa_toolchain.py --install-dir /home/tikhon/Документы/magnolia/build/toolchains/zig-xtensa && /home/tikhon/Документы/magnolia/build/toolchains/zig-xtensa/zig build-obj -target xtensa-freestanding-none -mcpu esp32s3 -OReleaseSmall --dep magnolia -Mroot=/home/tikhon/Документы/magnolia/applets/zig/zhexdump/main/hexdump.zig -Mmagnolia=/home/tikhon/Документы/magnolia/sdk/zig/magnolia.zig -femit-bin=/home/tikhon/Документы/magnolia/applets/zig/zhexdump/build/esp-idf/main/hexdump.zig.o && /home/tikhon/.espressif/tools/xtensa-esp-elf/esp-15.1.0_20250607/xtensa-esp-elf/bin/xtensa-esp32s3-elf-objcopy --set-section-flags .literal=alloc,load,contents,data /home/tikhon/Документы/magnolia/applets/zig/zhexdump/build/esp-idf/main/hexdump.zig.o && /home/tikhon/.espressif/tools/xtensa-esp-elf/esp-15.1.0_20250607/xtensa-esp-elf/bin/xtensa-esp32s3-elf-objcopy --set-section-flags .rodata=alloc,load,contents,data /home/tikhon/Документы/magnolia/applets/zig/zhexdump/build/esp-idf/main/hexdump.zig.o
0.14.0-dev.xtensa.2486+941677e08
/home/tikhon/Документы/magnolia/build/toolchains/zig-xtensa/zig-relsafe-espressif-x86_64-linux-musl-baseline/lib/std/c.zig:9386:12: error: dependency on libc must be explicitly specified in the build command
/home/tikhon/Документы/magnolia/build/toolchains/zig-xtensa/zig-relsafe-espressif-x86_64-linux-musl-baseline/lib/std/c.zig:9388:12: error: dependency on libc must be explicitly specified in the build command
/home/tikhon/Документы/magnolia/build/toolchains/zig-xtensa/zig-relsafe-espressif-x86_64-linux-musl-baseline/lib/std/heap.zig:38:13: error: C allocator is only available when linking against libc
/home/tikhon/Документы/magnolia/applets/zig/zhexdump/main/hexdump.zig:287:20: error: root source file struct 'mem' has no member named 'copy'
/home/tikhon/Документы/magnolia/build/toolchains/zig-xtensa/zig-relsafe-espressif-x86_64-linux-musl-baseline/lib/std/mem.zig:1:1: note: struct declared here
ninja: build stopped: subcommand failed.
-- Build files have been written to: /home/tikhon/Документы/magnolia/applets/mainline/elftest/build
[4/14] Zig build-obj: xxd -> /home/tikhon/Документы/magnolia/applets/zig/zxxd/build/esp-idf/main/xxd.zig.o
FAILED: esp-idf/main/xxd.zig.o /home/tikhon/Документы/magnolia/applets/zig/zxxd/build/esp-idf/main/xxd.zig.o 
cd /home/tikhon/Документы/magnolia/applets/zig/zxxd/build/esp-idf/main && python3 /home/tikhon/Документы/magnolia/tools/zig_xtensa_toolchain.py --install-dir /home/tikhon/Документы/magnolia/build/toolchains/zig-xtensa && /home/tikhon/Документы/magnolia/build/toolchains/zig-xtensa/zig build-obj -target xtensa-freestanding-none -mcpu esp32s3 -OReleaseSmall --dep magnolia -Mroot=/home/tikhon/Документы/magnolia/applets/zig/zxxd/main/xxd.zig -Mmagnolia=/home/tikhon/Документы/magnolia/sdk/zig/magnolia.zig -femit-bin=/home/tikhon/Документы/magnolia/applets/zig/zxxd/build/esp-idf/main/xxd.zig.o && /home/tikhon/.espressif/tools/xtensa-esp-elf/esp-15.1.0_20250607/xtensa-esp-elf/bin/xtensa-esp32s3-elf-objcopy --set-section-flags .literal=alloc,load,contents,data /home/tikhon/Документы/magnolia/applets/zig/zxxd/build/esp-idf/main/xxd.zig.o && /home/tikhon/.espressif/tools/xtensa-esp-elf/esp-15.1.0_20250607/xtensa-esp-elf/bin/xtensa-esp32s3-elf-objcopy --set-section-flags .rodata=alloc,load,contents,data /home/tikhon/Документы/magnolia/applets/zig/zxxd/build/esp-idf/main/xxd.zig.o
0.14.0-dev.xtensa.2486+941677e08
/home/tikhon/Документы/magnolia/build/toolchains/zig-xtensa/zig-relsafe-espressif-x86_64-linux-musl-baseline/lib/std/posix.zig:68:21: error: struct 'posix.system__struct_1222' has no member named 'E'
/home/tikhon/Документы/magnolia/build/toolchains/zig-xtensa/zig-relsafe-espressif-x86_64-linux-musl-baseline/lib/std/posix.zig:48:13: note: struct declared here
/home/tikhon/Документы/magnolia/build/toolchains/zig-xtensa/zig-relsafe-espressif-x86_64-linux-musl-baseline/lib/std/posix.zig:4734:18: error: struct 'posix.system__struct_1222' has no member named 'MAP'
/home/tikhon/Документы/magnolia/build/toolchains/zig-xtensa/zig-relsafe-espressif-x86_64-linux-musl-baseline/lib/std/posix.zig:48:13: note: struct declared here
/home/tikhon/Документы/magnolia/applets/zig/zxxd/main/xxd.zig:301:27: error: root source file struct 'std' has no member named 'cstr'
/home/tikhon/Документы/magnolia/build/toolchains/zig-xtensa/zig-relsafe-espressif-x86_64-linux-musl-baseline/lib/std/std.zig:1:1: note: struct declared here
ninja: build stopped: subcommand failed.
Command failed (2): idf.py build
Skipping failed applet build: rxxd
Command failed (2): idf.py build
Skipping failed applet build: zdd
Command failed (2): idf.py build
Skipping failed applet build: zhexdump
Command failed (2): idf.py build
Skipping failed applet build: zxxd
+ idf.py elf
Executing action: elf
Running ninja in directory /home/tikhon/Документы/magnolia/applets/mainline/free/build
Executing "ninja elf"...
[1/1044] Generating /home/tikhon/Документы/magnolia/applets/mainline/free/build/esp-idf/esp_system/ld/memory.ld linker script...
[2/1044] Generating /home/tikhon/Документы/magnolia/applets/mainline/free/build/esp-idf/esp_system/ld/sections.ld.in linker script...
[3/1044] Building C object esp-idf/esp_http_client/CMakeFiles/__idf_esp_http_client.dir/lib/http_header.c.obj
[4/1044] Building C object esp-idf/esp_http_client/CMakeFiles/__idf_esp_http_client.dir/lib/http_auth.c.obj
[5/1044] Building C object esp-idf/esp_http_client/CMakeFiles/__idf_esp_http_client.dir/lib/http_utils.c.obj
[6/1044] Building C object esp-idf/esp_http_server/CMakeFiles/__idf_esp_http_server.dir/src/httpd_ws.c.obj
[7/1044] Building C object esp-idf/esp_http_server/CMakeFiles/__idf_esp_http_server.dir/src/httpd_sess.c.obj
[8/1044] Building C object esp-idf/esp_http_server/CMakeFiles/__idf_esp_http_server.dir/src/httpd_uri.c.obj
[9/1044] Building C object esp-idf/esp_http_server/CMakeFiles/__idf_esp_http_server.dir/src/util/ctrl_sock.c.obj
[10/1044] Building C object esp-idf/esp_http_server/CMakeFiles/__idf_esp_http_server.dir/src/httpd_txrx.c.obj
[11/1044] Building C object esp-idf/tcp_transport/CMakeFiles/__idf_tcp_transport.dir/transport_socks_proxy.c.obj
[12/1044] Building C object esp-idf/esp_adc/CMakeFiles/__idf_esp_adc.dir/adc_cali.c.obj
[13/1044] Building C object esp-idf/tcp_transport/CMakeFiles/__idf_tcp_transport.dir/transport_internal.c.obj
[14/1044] Building C object esp-idf/tcp_transport/CMakeFiles/__idf_tcp_transport.dir/transport.c.obj
[15/1044] Building C object esp-idf/esp_https_ota/CMakeFiles/__idf_esp_https_ota.dir/src/esp_https_ota.c.obj
[16/1044] Building C object esp-idf/esp_adc/CMakeFiles/__idf_esp_adc.dir/adc_common.c.obj
[17/1044] Building C object esp-idf/esp_adc/CMakeFiles/__idf_esp_adc.dir/adc_oneshot.c.obj
[18/1044] Building C object esp-idf/esp_adc/CMakeFiles/__idf_esp_adc.dir/esp32s3/curve_fitting_coefficients.c.obj
[19/1044] Building C object esp-idf/esp-tls/CMakeFiles/__idf_esp-tls.dir/esp_tls_platform_port.c.obj
[20/1044] Building C object esp-idf/esp_adc/CMakeFiles/__idf_esp_adc.dir/adc_cali_curve_fitting.c.obj
[21/1044] Linking C static library esp-idf/esp_https_ota/libesp_https_ota.a
[22/1044] Building C object esp-idf/esp-tls/CMakeFiles/__idf_esp-tls.dir/esp-tls-crypto/esp_tls_crypto.c.obj
[23/1044] Building C object esp-idf/esp_http_server/CMakeFiles/__idf_esp_http_server.dir/src/httpd_main.c.obj
[24/1044] Building C object esp-idf/esp_adc/CMakeFiles/__idf_esp_adc.dir/adc_monitor.c.obj
[25/1044] Building C object esp-idf/tcp_transport/CMakeFiles/__idf_tcp_transport.dir/transport_ssl.c.obj
[26/1044] Building C object esp-idf/esp_adc/CMakeFiles/__idf_esp_adc.dir/gdma/adc_dma.c.obj
[27/1044] Building C object esp-idf/esp-tls/CMakeFiles/__idf_esp-tls.dir/esp_tls_error_capture.c.obj
[28/1044] Building C object esp-idf/esp_adc/CMakeFiles/__idf_esp_adc.dir/adc_filter.c.obj
[29/1044] Building C object esp-idf/esp_http_server/CMakeFiles/__idf_esp_http_server.dir/src/httpd_parse.c.obj
[30/1044] Building C object esp-idf/esp_adc/CMakeFiles/__idf_esp_adc.dir/adc_continuous.c.obj
[31/1044] Linking C static library esp-idf/esp_http_server/libesp_http_server.a
[32/1044] Building C object esp-idf/tcp_transport/CMakeFiles/__idf_tcp_transport.dir/transport_ws.c.obj
[33/1044] Building C object esp-idf/esp_driver_twai/CMakeFiles/__idf_esp_driver_twai.dir/esp_twai.c.obj
[34/1044] Building C object esp-idf/driver/CMakeFiles/__idf_driver.dir/touch_sensor/touch_sensor_common.c.obj
[35/1044] Building C object esp-idf/esp_driver_twai/CMakeFiles/__idf_esp_driver_twai.dir/esp_twai_onchip.c.obj
[36/1044] Building C object esp-idf/esp_driver_rmt/CMakeFiles/__idf_esp_driver_rmt.dir/src/rmt_encoder.c.obj
[37/1044] Building C object esp-idf/esp-tls/CMakeFiles/__idf_esp-tls.dir/esp_tls_mbedtls.c.obj
[38/1044] Building C object esp-idf/esp_driver_i2c/CMakeFiles/__idf_esp_driver_i2c.dir/i2c_common.c.obj
[39/1044] Building C object esp-idf/esp-tls/CMakeFiles/__idf_esp-tls.dir/esp_tls.c.obj
[40/1044] Building C object esp-idf/esp_driver_sdm/CMakeFiles/__idf_esp_driver_sdm.dir/src/sdm.c.obj
[41/1044] Building C object esp-idf/esp_driver_tsens/CMakeFiles/__idf_esp_driver_tsens.dir/src/temperature_sensor.c.obj
[42/1044] Building C object esp-idf/driver/CMakeFiles/__idf_driver.dir/twai/twai.c.obj
[43/1044] Building C object esp-idf/esp_driver_sdspi/CMakeFiles/__idf_esp_driver_sdspi.dir/src/sdspi_crc.c.obj
[44/1044] Building C object esp-idf/esp_http_client/CMakeFiles/__idf_esp_http_client.dir/esp_http_client.c.obj
[45/1044] Building C object esp-idf/esp_driver_i2c/CMakeFiles/__idf_esp_driver_i2c.dir/i2c_slave.c.obj
[46/1044] Building C object esp-idf/esp_driver_rmt/CMakeFiles/__idf_esp_driver_rmt.dir/src/rmt_common.c.obj
[47/1044] Building C object esp-idf/esp_driver_rmt/CMakeFiles/__idf_esp_driver_rmt.dir/src/rmt_encoder_bytes.c.obj
[48/1044] Building C object esp-idf/driver/CMakeFiles/__idf_driver.dir/touch_sensor/esp32s3/touch_sensor.c.obj
[49/1044] Linking C static library esp-idf/esp_http_client/libesp_http_client.a
[50/1044] Building C object esp-idf/esp_driver_rmt/CMakeFiles/__idf_esp_driver_rmt.dir/src/rmt_encoder_simple.c.obj
[51/1044] Linking C static library esp-idf/tcp_transport/libtcp_transport.a
[52/1044] Building C object esp-idf/driver/CMakeFiles/__idf_driver.dir/i2c/i2c.c.obj
[53/1044] Building C object esp-idf/esp_driver_sdmmc/CMakeFiles/__idf_esp_driver_sdmmc.dir/legacy/src/sdmmc_transaction.c.obj
[54/1044] Building C object esp-idf/esp_driver_rmt/CMakeFiles/__idf_esp_driver_rmt.dir/src/rmt_encoder_copy.c.obj
[55/1044] Linking C static library esp-idf/esp_adc/libesp_adc.a
[56/1044] Building C object esp-idf/esp_driver_sd_intf/CMakeFiles/__idf_esp_driver_sd_intf.dir/sd_host.c.obj
[57/1044] Building C object esp-idf/esp_driver_sdspi/CMakeFiles/__idf_esp_driver_sdspi.dir/src/sdspi_transaction.c.obj
[58/1044] Building C object esp-idf/esp_driver_sdmmc/CMakeFiles/__idf_esp_driver_sdmmc.dir/legacy/src/sdmmc_host.c.obj
[59/1044] Building C object esp-idf/esp_driver_ledc/CMakeFiles/__idf_esp_driver_ledc.dir/src/ledc.c.obj
[60/1044] Linking C static library esp-idf/esp-tls/libesp-tls.a
[61/1044] Building C object esp-idf/esp_driver_i2c/CMakeFiles/__idf_esp_driver_i2c.dir/i2c_master.c.obj
[62/1044] Building C object esp-idf/sdmmc/CMakeFiles/__idf_sdmmc.dir/sdmmc_init.c.obj
[63/1044] Building C object esp-idf/sdmmc/CMakeFiles/__idf_sdmmc.dir/sd_pwr_ctrl/sd_pwr_ctrl.c.obj
[64/1044] Building C object esp-idf/esp_driver_sdmmc/CMakeFiles/__idf_esp_driver_sdmmc.dir/src/sd_trans_sdmmc.c.obj
[65/1044] Building C object esp-idf/esp_driver_sdspi/CMakeFiles/__idf_esp_driver_sdspi.dir/src/sdspi_host.c.obj
[66/1044] Building C object esp-idf/sdmmc/CMakeFiles/__idf_sdmmc.dir/sdmmc_mmc.c.obj
[67/1044] Building C object esp-idf/driver/CMakeFiles/__idf_driver.dir/deprecated/rmt_legacy.c.obj
[68/1044] Building C object esp-idf/sdmmc/CMakeFiles/__idf_sdmmc.dir/sdmmc_io.c.obj
[69/1044] Building C object esp-idf/sdmmc/CMakeFiles/__idf_sdmmc.dir/sdmmc_cmd.c.obj
[70/1044] Building C object esp-idf/esp_driver_i2s/CMakeFiles/__idf_esp_driver_i2s.dir/i2s_platform.c.obj
[71/1044] Building C object esp-idf/sdmmc/CMakeFiles/__idf_sdmmc.dir/sdmmc_common.c.obj
[72/1044] Building C object esp-idf/http_parser/CMakeFiles/__idf_http_parser.dir/http_parser.c.obj
[73/1044] Building C object esp-idf/esp_driver_rmt/CMakeFiles/__idf_esp_driver_rmt.dir/src/rmt_rx.c.obj
[74/1044] Linking C static library esp-idf/http_parser/libhttp_parser.a
[75/1044] Building C object esp-idf/esp_driver_i2s/CMakeFiles/__idf_esp_driver_i2s.dir/i2s_tdm.c.obj
[76/1044] Building C object esp-idf/esp_driver_mcpwm/CMakeFiles/__idf_esp_driver_mcpwm.dir/src/mcpwm_cmpr.c.obj
[77/1044] Building C object esp-idf/esp_driver_rmt/CMakeFiles/__idf_esp_driver_rmt.dir/src/rmt_tx.c.obj
[78/1044] Building C object esp-idf/esp_driver_i2s/CMakeFiles/__idf_esp_driver_i2s.dir/i2s_pdm.c.obj
[79/1044] Building C object esp-idf/esp_driver_mcpwm/CMakeFiles/__idf_esp_driver_mcpwm.dir/src/mcpwm_com.c.obj
[80/1044] Linking C static library esp-idf/driver/libdriver.a
[81/1044] Building ASM object esp-idf/esp_gdbstub/CMakeFiles/__idf_esp_gdbstub.dir/src/port/xtensa/gdbstub-entry.S.obj
[82/1044] Building C object esp-idf/esp_driver_mcpwm/CMakeFiles/__idf_esp_driver_mcpwm.dir/src/mcpwm_fault.c.obj
[83/1044] Building C object esp-idf/esp_driver_i2s/CMakeFiles/__idf_esp_driver_i2s.dir/i2s_std.c.obj
[84/1044] Building C object esp-idf/esp_gdbstub/CMakeFiles/__idf_esp_gdbstub.dir/src/packet.c.obj
[85/1044] Building ASM object esp-idf/esp_gdbstub/CMakeFiles/__idf_esp_gdbstub.dir/src/port/xtensa/xt_debugexception.S.obj
[86/1044] Building C object esp-idf/esp_driver_mcpwm/CMakeFiles/__idf_esp_driver_mcpwm.dir/src/mcpwm_cap.c.obj
[87/1044] Building C object esp-idf/sdmmc/CMakeFiles/__idf_sdmmc.dir/sdmmc_sd.c.obj
[88/1044] Linking C static library esp-idf/esp_driver_twai/libesp_driver_twai.a
[89/1044] Building C object esp-idf/esp_gdbstub/CMakeFiles/__idf_esp_gdbstub.dir/src/port/xtensa/gdbstub_xtensa.c.obj
[90/1044] Building C object esp-idf/esp_driver_mcpwm/CMakeFiles/__idf_esp_driver_mcpwm.dir/src/mcpwm_sync.c.obj
[91/1044] Building C object esp-idf/esp_driver_i2s/CMakeFiles/__idf_esp_driver_i2s.dir/i2s_common.c.obj
[92/1044] Building C object esp-idf/esp_driver_mcpwm/CMakeFiles/__idf_esp_driver_mcpwm.dir/src/mcpwm_gen.c.obj
[93/1044] Linking C static library esp-idf/esp_driver_ledc/libesp_driver_ledc.a
[94/1044] Building C object esp-idf/esp_driver_sdmmc/CMakeFiles/__idf_esp_driver_sdmmc.dir/src/sd_host_sdmmc.c.obj
[95/1044] Building C object esp-idf/esp_gdbstub/CMakeFiles/__idf_esp_gdbstub.dir/src/gdbstub_transport.c.obj
[96/1044] Building C object esp-idf/esp_wifi/CMakeFiles/__idf_esp_wifi.dir/src/mesh_event.c.obj
[97/1044] Building C object esp-idf/esp_wifi/CMakeFiles/__idf_esp_wifi.dir/src/lib_printf.c.obj
[98/1044] Linking C static library esp-idf/esp_driver_i2c/libesp_driver_i2c.a
[99/1044] Building C object esp-idf/esp_driver_mcpwm/CMakeFiles/__idf_esp_driver_mcpwm.dir/src/mcpwm_oper.c.obj
[100/1044] Building C object esp-idf/esp_coex/CMakeFiles/__idf_esp_coex.dir/src/coexist_debug_diagram.c.obj
[101/1044] Building C object esp-idf/esp_gdbstub/CMakeFiles/__idf_esp_gdbstub.dir/src/gdbstub.c.obj
Executing action: elf
Running ninja in directory /home/tikhon/Документы/magnolia/applets/mainline/elftest/build
Executing "ninja elf"...
[1/1049] Generating /home/tikhon/Документы/magnolia/applets/mainline/elftest/build/esp-idf/esp_system/ld/memory.ld linker script...
[102/1044] Linking C static library esp-idf/esp_driver_sdm/libesp_driver_sdm.a
[103/1044] Building C object esp-idf/esp_wifi/CMakeFiles/__idf_esp_wifi.dir/regulatory/esp_wifi_regulatory.c.obj
[104/1044] Building C object esp-idf/esp_driver_mcpwm/CMakeFiles/__idf_esp_driver_mcpwm.dir/src/mcpwm_timer.c.obj
[2/1049] Generating /home/tikhon/Документы/magnolia/applets/mainline/elftest/build/esp-idf/esp_system/ld/sections.ld.in linker script...
[105/1044] Building C object esp-idf/esp_wifi/CMakeFiles/__idf_esp_wifi.dir/src/wifi_default_ap.c.obj
[106/1044] Building C object esp-idf/esp_wifi/CMakeFiles/__idf_esp_wifi.dir/src/smartconfig.c.obj
[107/1044] Linking C static library esp-idf/esp_driver_tsens/libesp_driver_tsens.a
[108/1044] Building C object esp-idf/esp_wifi/CMakeFiles/__idf_esp_wifi.dir/src/wifi_init.c.obj
[109/1044] Building C object esp-idf/esp_coex/CMakeFiles/__idf_esp_coex.dir/src/coexist_debug.c.obj
[110/1044] Building C object esp-idf/esp_driver_pcnt/CMakeFiles/__idf_esp_driver_pcnt.dir/src/pulse_cnt.c.obj
[111/1044] Linking C static library esp-idf/esp_driver_rmt/libesp_driver_rmt.a
[112/1044] Building C object esp-idf/wpa_supplicant/CMakeFiles/__idf_wpa_supplicant.dir/port/os_xtensa.c.obj
[113/1044] Building C object esp-idf/esp_wifi/CMakeFiles/__idf_esp_wifi.dir/src/wifi_netif.c.obj
[114/1044] Linking C static library esp-idf/esp_driver_sdspi/libesp_driver_sdspi.a
[115/1044] Building C object esp-idf/esp_coex/CMakeFiles/__idf_esp_coex.dir/esp32s3/esp_coex_adapter.c.obj
[116/1044] Linking C static library esp-idf/esp_driver_sdmmc/libesp_driver_sdmmc.a
[117/1044] Building C object esp-idf/esp_driver_spi/CMakeFiles/__idf_esp_driver_spi.dir/src/gpspi/spi_slave_hd.c.obj
[118/1044] Building C object esp-idf/esp_wifi/CMakeFiles/__idf_esp_wifi.dir/src/wifi_default.c.obj
[119/1044] Linking C static library esp-idf/esp_driver_sd_intf/libesp_driver_sd_intf.a
[120/1044] Building C object esp-idf/wpa_supplicant/CMakeFiles/__idf_wpa_supplicant.dir/src/ap/ieee802_1x.c.obj
[3/1049] Building C object esp-idf/esp_http_client/CMakeFiles/__idf_esp_http_client.dir/lib/http_utils.c.obj
[4/1049] Building C object esp-idf/esp_http_server/CMakeFiles/__idf_esp_http_server.dir/src/httpd_ws.c.obj
[5/1049] Building C object esp-idf/esp_http_client/CMakeFiles/__idf_esp_http_client.dir/lib/http_header.c.obj
[121/1044] Linking C static library esp-idf/sdmmc/libsdmmc.a
[6/1049] Building C object esp-idf/esp_http_server/CMakeFiles/__idf_esp_http_server.dir/src/util/ctrl_sock.c.obj
[122/1044] Building C object esp-idf/esp_driver_spi/CMakeFiles/__idf_esp_driver_spi.dir/src/gpspi/spi_slave.c.obj
[123/1044] Building C object esp-idf/wpa_supplicant/CMakeFiles/__idf_wpa_supplicant.dir/src/ap/sta_info.c.obj
[124/1044] Building C object esp-idf/wpa_supplicant/CMakeFiles/__idf_wpa_supplicant.dir/src/ap/ap_config.c.obj
[125/1044] Building C object esp-idf/esp_wifi/CMakeFiles/__idf_esp_wifi.dir/src/smartconfig_ack.c.obj
[126/1044] Building C object esp-idf/esp_wifi/CMakeFiles/__idf_esp_wifi.dir/esp32s3/esp_adapter.c.obj
[127/1044] Building C object esp-idf/wpa_supplicant/CMakeFiles/__idf_wpa_supplicant.dir/port/eloop.c.obj
[128/1044] Linking C static library esp-idf/esp_driver_i2s/libesp_driver_i2s.a
[7/1049] Building C object esp-idf/esp_adc/CMakeFiles/__idf_esp_adc.dir/adc_cali.c.obj
[8/1049] Building C object esp-idf/esp_https_ota/CMakeFiles/__idf_esp_https_ota.dir/src/esp_https_ota.c.obj
[129/1044] Building C object esp-idf/wpa_supplicant/CMakeFiles/__idf_wpa_supplicant.dir/src/ap/wpa_auth_ie.c.obj
[9/1049] Building C object esp-idf/esp_http_server/CMakeFiles/__idf_esp_http_server.dir/src/httpd_uri.c.obj
[130/1044] Building C object esp-idf/esp_driver_spi/CMakeFiles/__idf_esp_driver_spi.dir/src/gpspi/spi_common.c.obj
[131/1044] Building C object esp-idf/wpa_supplicant/CMakeFiles/__idf_wpa_supplicant.dir/src/ap/pmksa_cache_auth.c.obj
[10/1049] Building C object esp-idf/esp_http_server/CMakeFiles/__idf_esp_http_server.dir/src/httpd_main.c.obj
[132/1044] Linking C static library esp-idf/esp_driver_mcpwm/libesp_driver_mcpwm.a
[133/1044] Building C object esp-idf/wpa_supplicant/CMakeFiles/__idf_wpa_supplicant.dir/src/ap/ieee802_11.c.obj
[134/1044] Building C object esp-idf/wpa_supplicant/CMakeFiles/__idf_wpa_supplicant.dir/src/ap/comeback_token.c.obj
[11/1049] Linking C static library esp-idf/esp_https_ota/libesp_https_ota.a
[135/1044] Building C object esp-idf/wpa_supplicant/CMakeFiles/__idf_wpa_supplicant.dir/src/crypto/sha256-kdf.c.obj
[136/1044] Building C object esp-idf/wpa_supplicant/CMakeFiles/__idf_wpa_supplicant.dir/src/utils/bitfield.c.obj
[12/1049] Building C object esp-idf/esp_adc/CMakeFiles/__idf_esp_adc.dir/adc_cali_curve_fitting.c.obj
[13/1049] Building C object esp-idf/esp_http_client/CMakeFiles/__idf_esp_http_client.dir/lib/http_auth.c.obj
[137/1044] Linking C static library esp-idf/esp_driver_pcnt/libesp_driver_pcnt.a
[14/1049] Building C object esp-idf/esp_adc/CMakeFiles/__idf_esp_adc.dir/adc_oneshot.c.obj
[15/1049] Building C object esp-idf/esp_http_server/CMakeFiles/__idf_esp_http_server.dir/src/httpd_txrx.c.obj
[138/1044] Building C object esp-idf/wpa_supplicant/CMakeFiles/__idf_wpa_supplicant.dir/src/crypto/crypto_ops.c.obj
[16/1049] Building C object esp-idf/tcp_transport/CMakeFiles/__idf_tcp_transport.dir/transport_socks_proxy.c.obj
[139/1044] Building C object esp-idf/wpa_supplicant/CMakeFiles/__idf_wpa_supplicant.dir/src/crypto/aes-siv.c.obj
[17/1049] Building C object esp-idf/tcp_transport/CMakeFiles/__idf_tcp_transport.dir/transport_internal.c.obj
[18/1049] Building C object esp-idf/esp_http_server/CMakeFiles/__idf_esp_http_server.dir/src/httpd_sess.c.obj
[19/1049] Building C object esp-idf/esp_adc/CMakeFiles/__idf_esp_adc.dir/esp32s3/curve_fitting_coefficients.c.obj
[140/1044] Building C object esp-idf/wpa_supplicant/CMakeFiles/__idf_wpa_supplicant.dir/src/crypto/sha256-tlsprf.c.obj
[141/1044] Building C object esp-idf/wpa_supplicant/CMakeFiles/__idf_wpa_supplicant.dir/src/crypto/ccmp.c.obj
[142/1044] Linking C static library esp-idf/esp_gdbstub/libesp_gdbstub.a
[143/1044] Building C object esp-idf/wpa_supplicant/CMakeFiles/__idf_wpa_supplicant.dir/src/common/dragonfly.c.obj
[20/1049] Building C object esp-idf/tcp_transport/CMakeFiles/__idf_tcp_transport.dir/transport.c.obj
[144/1044] Building C object esp-idf/wpa_supplicant/CMakeFiles/__idf_wpa_supplicant.dir/src/crypto/dh_group5.c.obj
[21/1049] Building C object esp-idf/esp-tls/CMakeFiles/__idf_esp-tls.dir/esp-tls-crypto/esp_tls_crypto.c.obj
[22/1049] Building C object esp-idf/tcp_transport/CMakeFiles/__idf_tcp_transport.dir/transport_ws.c.obj
[23/1049] Building C object esp-idf/esp_adc/CMakeFiles/__idf_esp_adc.dir/adc_common.c.obj
[145/1044] Building C object esp-idf/wpa_supplicant/CMakeFiles/__idf_wpa_supplicant.dir/src/crypto/aes-gcm.c.obj
[146/1044] Building C object esp-idf/wpa_supplicant/CMakeFiles/__idf_wpa_supplicant.dir/src/crypto/sha384-tlsprf.c.obj
[24/1049] Building C object esp-idf/esp-tls/CMakeFiles/__idf_esp-tls.dir/esp_tls_platform_port.c.obj
[25/1049] Building C object esp-idf/esp_http_client/CMakeFiles/__idf_esp_http_client.dir/esp_http_client.c.obj
[147/1044] Building C object esp-idf/wpa_supplicant/CMakeFiles/__idf_wpa_supplicant.dir/src/crypto/dh_groups.c.obj
[26/1049] Building C object esp-idf/esp_http_server/CMakeFiles/__idf_esp_http_server.dir/src/httpd_parse.c.obj
[148/1044] Building C object esp-idf/wpa_supplicant/CMakeFiles/__idf_wpa_supplicant.dir/src/crypto/sha1-prf.c.obj
[149/1044] Building C object esp-idf/wpa_supplicant/CMakeFiles/__idf_wpa_supplicant.dir/src/crypto/sha1-tlsprf.c.obj
[27/1049] Building C object esp-idf/esp-tls/CMakeFiles/__idf_esp-tls.dir/esp_tls_error_capture.c.obj
[28/1049] Building C object esp-idf/tcp_transport/CMakeFiles/__idf_tcp_transport.dir/transport_ssl.c.obj
[150/1044] Building C object esp-idf/wpa_supplicant/CMakeFiles/__idf_wpa_supplicant.dir/src/crypto/sha256-prf.c.obj
[151/1044] Building C object esp-idf/wpa_supplicant/CMakeFiles/__idf_wpa_supplicant.dir/src/crypto/ms_funcs.c.obj
[29/1049] Building C object esp-idf/esp_adc/CMakeFiles/__idf_esp_adc.dir/adc_monitor.c.obj
[30/1049] Building C object esp-idf/esp_adc/CMakeFiles/__idf_esp_adc.dir/gdma/adc_dma.c.obj
[31/1049] Linking C static library esp-idf/esp_http_server/libesp_http_server.a
[152/1044] Building C object esp-idf/wpa_supplicant/CMakeFiles/__idf_wpa_supplicant.dir/src/eap_peer/chap.c.obj
[153/1044] Building C object esp-idf/wpa_supplicant/CMakeFiles/__idf_wpa_supplicant.dir/src/common/wpa_common.c.obj
[154/1044] Building C object esp-idf/wpa_supplicant/CMakeFiles/__idf_wpa_supplicant.dir/src/crypto/sha1-tprf.c.obj
[32/1049] Linking C static library esp-idf/esp_http_client/libesp_http_client.a
[155/1044] Building C object esp-idf/wpa_supplicant/CMakeFiles/__idf_wpa_supplicant.dir/src/crypto/sha384-prf.c.obj
[156/1044] Building C object esp-idf/wpa_supplicant/CMakeFiles/__idf_wpa_supplicant.dir/src/eap_common/eap_wsc_common.c.obj
[33/1049] Building C object esp-idf/esp_adc/CMakeFiles/__idf_esp_adc.dir/adc_continuous.c.obj
[157/1044] Building C object esp-idf/wpa_supplicant/CMakeFiles/__idf_wpa_supplicant.dir/src/eap_peer/eap_common.c.obj
[34/1049] Building C object esp-idf/esp_adc/CMakeFiles/__idf_esp_adc.dir/adc_filter.c.obj
[158/1044] Building C object esp-idf/esp_driver_spi/CMakeFiles/__idf_esp_driver_spi.dir/src/gpspi/spi_master.c.obj
[35/1049] Linking C static library esp-idf/tcp_transport/libtcp_transport.a
[159/1044] Building C object esp-idf/wpa_supplicant/CMakeFiles/__idf_wpa_supplicant.dir/src/crypto/md4-internal.c.obj
[160/1044] Building C object esp-idf/wpa_supplicant/CMakeFiles/__idf_wpa_supplicant.dir/src/common/ieee802_11_common.c.obj
[161/1044] Linking C static library esp-idf/esp_driver_spi/libesp_driver_spi.a
[162/1044] Building C object esp-idf/wpa_supplicant/CMakeFiles/__idf_wpa_supplicant.dir/src/eap_peer/eap_peap_common.c.obj
[36/1049] Linking C static library esp-idf/esp_adc/libesp_adc.a
[37/1049] Building C object esp-idf/driver/CMakeFiles/__idf_driver.dir/touch_sensor/touch_sensor_common.c.obj
[38/1049] Building C object esp-idf/esp_driver_sdm/CMakeFiles/__idf_esp_driver_sdm.dir/src/sdm.c.obj
[39/1049] Building C object esp-idf/esp_driver_twai/CMakeFiles/__idf_esp_driver_twai.dir/esp_twai.c.obj
[163/1044] Building C object esp-idf/wpa_supplicant/CMakeFiles/__idf_wpa_supplicant.dir/src/eap_peer/eap_mschapv2.c.obj
[164/1044] Linking C static library esp-idf/esp_wifi/libesp_wifi.a
[165/1044] Building C object esp-idf/wpa_supplicant/CMakeFiles/__idf_wpa_supplicant.dir/src/eap_peer/mschapv2.c.obj
[166/1044] Building C object esp-idf/wpa_supplicant/CMakeFiles/__idf_wpa_supplicant.dir/src/eap_peer/eap_tls.c.obj
[167/1044] Building C object esp-idf/wpa_supplicant/CMakeFiles/__idf_wpa_supplicant.dir/src/utils/ext_password.c.obj
[40/1049] Building C object esp-idf/esp-tls/CMakeFiles/__idf_esp-tls.dir/esp_tls_mbedtls.c.obj
[168/1044] Building C object esp-idf/wpa_supplicant/CMakeFiles/__idf_wpa_supplicant.dir/src/eap_peer/eap_fast_common.c.obj
[169/1044] Building C object esp-idf/wpa_supplicant/CMakeFiles/__idf_wpa_supplicant.dir/src/rsn_supp/pmksa_cache.c.obj
[41/1049] Building C object esp-idf/esp_driver_i2c/CMakeFiles/__idf_esp_driver_i2c.dir/i2c_common.c.obj
[170/1044] Building C object esp-idf/wpa_supplicant/CMakeFiles/__idf_wpa_supplicant.dir/src/common/sae.c.obj
[42/1049] Building C object esp-idf/esp_driver_rmt/CMakeFiles/__idf_esp_driver_rmt.dir/src/rmt_encoder.c.obj
[171/1044] Building C object esp-idf/wpa_supplicant/CMakeFiles/__idf_wpa_supplicant.dir/src/rsn_supp/wpa_ie.c.obj
[43/1049] Building C object esp-idf/esp-tls/CMakeFiles/__idf_esp-tls.dir/esp_tls.c.obj
[44/1049] Building C object esp-idf/esp_driver_i2c/CMakeFiles/__idf_esp_driver_i2c.dir/i2c_slave.c.obj
[45/1049] Building C object esp-idf/esp_driver_rmt/CMakeFiles/__idf_esp_driver_rmt.dir/src/rmt_encoder_simple.c.obj
[46/1049] Building C object esp-idf/esp_driver_sdspi/CMakeFiles/__idf_esp_driver_sdspi.dir/src/sdspi_crc.c.obj
[172/1044] Building C object esp-idf/wpa_supplicant/CMakeFiles/__idf_wpa_supplicant.dir/src/eap_peer/eap.c.obj
[173/1044] Building C object esp-idf/wpa_supplicant/CMakeFiles/__idf_wpa_supplicant.dir/src/eap_peer/eap_peap.c.obj
[47/1049] Linking C static library esp-idf/esp-tls/libesp-tls.a
[174/1044] Building C object esp-idf/wpa_supplicant/CMakeFiles/__idf_wpa_supplicant.dir/src/utils/common.c.obj
[48/1049] Building C object esp-idf/esp_driver_tsens/CMakeFiles/__idf_esp_driver_tsens.dir/src/temperature_sensor.c.obj
[49/1049] Building C object esp-idf/driver/CMakeFiles/__idf_driver.dir/twai/twai.c.obj
[175/1044] Building C object esp-idf/wpa_supplicant/CMakeFiles/__idf_wpa_supplicant.dir/src/utils/base64.c.obj
[176/1044] Building C object esp-idf/wpa_supplicant/CMakeFiles/__idf_wpa_supplicant.dir/src/eap_peer/eap_tls_common.c.obj
[50/1049] Building C object esp-idf/esp_driver_rmt/CMakeFiles/__idf_esp_driver_rmt.dir/src/rmt_encoder_copy.c.obj
[177/1044] Building C object esp-idf/wpa_supplicant/CMakeFiles/__idf_wpa_supplicant.dir/src/utils/wpabuf.c.obj
[51/1049] Building C object esp-idf/esp_driver_rmt/CMakeFiles/__idf_esp_driver_rmt.dir/src/rmt_common.c.obj
[52/1049] Building C object esp-idf/driver/CMakeFiles/__idf_driver.dir/touch_sensor/esp32s3/touch_sensor.c.obj
[53/1049] Building C object esp-idf/esp_driver_rmt/CMakeFiles/__idf_esp_driver_rmt.dir/src/rmt_encoder_bytes.c.obj
[178/1044] Building C object esp-idf/wpa_supplicant/CMakeFiles/__idf_wpa_supplicant.dir/src/eap_peer/eap_ttls.c.obj
[54/1049] Building C object esp-idf/esp_driver_sdmmc/CMakeFiles/__idf_esp_driver_sdmmc.dir/legacy/src/sdmmc_transaction.c.obj
[179/1044] Building C object esp-idf/wpa_supplicant/CMakeFiles/__idf_wpa_supplicant.dir/src/ap/wpa_auth.c.obj
[180/1044] Building C object esp-idf/wpa_supplicant/CMakeFiles/__idf_wpa_supplicant.dir/src/utils/uuid.c.obj
[55/1049] Building C object esp-idf/esp_driver_twai/CMakeFiles/__idf_esp_driver_twai.dir/esp_twai_onchip.c.obj
[181/1044] Building C object esp-idf/wpa_supplicant/CMakeFiles/__idf_wpa_supplicant.dir/src/eap_peer/eap_fast_pac.c.obj
[182/1044] Building C object esp-idf/wpa_supplicant/CMakeFiles/__idf_wpa_supplicant.dir/src/utils/wpa_debug.c.obj
[183/1044] Building C object esp-idf/wpa_supplicant/CMakeFiles/__idf_wpa_supplicant.dir/esp_supplicant/src/esp_wpa2_api_port.c.obj
[56/1049] Building C object esp-idf/esp_driver_ledc/CMakeFiles/__idf_esp_driver_ledc.dir/src/ledc.c.obj
[57/1049] Building C object esp-idf/esp_driver_sdspi/CMakeFiles/__idf_esp_driver_sdspi.dir/src/sdspi_transaction.c.obj
[184/1044] Building C object esp-idf/wpa_supplicant/CMakeFiles/__idf_wpa_supplicant.dir/src/utils/json.c.obj
[185/1044] Building C object esp-idf/wpa_supplicant/CMakeFiles/__idf_wpa_supplicant.dir/src/wps/wps_attr_process.c.obj
[186/1044] Building C object esp-idf/wpa_supplicant/CMakeFiles/__idf_wpa_supplicant.dir/src/wps/wps.c.obj
[58/1049] Building C object esp-idf/esp_driver_sd_intf/CMakeFiles/__idf_esp_driver_sd_intf.dir/sd_host.c.obj
[187/1044] Building C object esp-idf/wpa_supplicant/CMakeFiles/__idf_wpa_supplicant.dir/src/wps/wps_attr_parse.c.obj
[59/1049] Building C object esp-idf/esp_driver_sdmmc/CMakeFiles/__idf_esp_driver_sdmmc.dir/src/sd_trans_sdmmc.c.obj
[188/1044] Building C object esp-idf/wpa_supplicant/CMakeFiles/__idf_wpa_supplicant.dir/src/wps/wps_attr_build.c.obj
[60/1049] Building C object esp-idf/sdmmc/CMakeFiles/__idf_sdmmc.dir/sdmmc_init.c.obj
[61/1049] Building C object esp-idf/esp_driver_sdmmc/CMakeFiles/__idf_esp_driver_sdmmc.dir/legacy/src/sdmmc_host.c.obj
[62/1049] Building C object esp-idf/sdmmc/CMakeFiles/__idf_sdmmc.dir/sd_pwr_ctrl/sd_pwr_ctrl.c.obj
[63/1049] Building C object esp-idf/driver/CMakeFiles/__idf_driver.dir/i2c/i2c.c.obj
[189/1044] Building C object esp-idf/wpa_supplicant/CMakeFiles/__idf_wpa_supplicant.dir/src/eap_peer/eap_fast.c.obj
[190/1044] Building C object esp-idf/wpa_supplicant/CMakeFiles/__idf_wpa_supplicant.dir/src/wps/wps_dev_attr.c.obj
[64/1049] Building C object esp-idf/sdmmc/CMakeFiles/__idf_sdmmc.dir/sdmmc_mmc.c.obj
[191/1044] Building C object esp-idf/wpa_supplicant/CMakeFiles/__idf_wpa_supplicant.dir/src/wps/wps_common.c.obj
[65/1049] Building C object esp-idf/sdmmc/CMakeFiles/__idf_sdmmc.dir/sdmmc_io.c.obj
[192/1044] Building C object esp-idf/wpa_supplicant/CMakeFiles/__idf_wpa_supplicant.dir/esp_supplicant/src/esp_owe.c.obj
[66/1049] Building C object esp-idf/sdmmc/CMakeFiles/__idf_sdmmc.dir/sdmmc_common.c.obj
[193/1044] Building C object esp-idf/wpa_supplicant/CMakeFiles/__idf_wpa_supplicant.dir/src/common/sae_pk.c.obj
[194/1044] Building C object esp-idf/wpa_supplicant/CMakeFiles/__idf_wpa_supplicant.dir/src/wps/wps_enrollee.c.obj
[67/1049] Building C object esp-idf/esp_driver_rmt/CMakeFiles/__idf_esp_driver_rmt.dir/src/rmt_rx.c.obj
[68/1049] Building C object esp-idf/esp_driver_i2c/CMakeFiles/__idf_esp_driver_i2c.dir/i2c_master.c.obj
[195/1044] Building C object esp-idf/wpa_supplicant/CMakeFiles/__idf_wpa_supplicant.dir/esp_supplicant/src/esp_common.c.obj
[69/1049] Building C object esp-idf/esp_driver_sdspi/CMakeFiles/__idf_esp_driver_sdspi.dir/src/sdspi_host.c.obj
[196/1044] Building C object esp-idf/wpa_supplicant/CMakeFiles/__idf_wpa_supplicant.dir/esp_supplicant/src/esp_wpas_glue.c.obj
[197/1044] Building C object esp-idf/wpa_supplicant/CMakeFiles/__idf_wpa_supplicant.dir/esp_supplicant/src/esp_wpa_main.c.obj
[70/1049] Building C object esp-idf/driver/CMakeFiles/__idf_driver.dir/deprecated/rmt_legacy.c.obj
[198/1044] Building C object esp-idf/wpa_supplicant/CMakeFiles/__idf_wpa_supplicant.dir/esp_supplicant/src/crypto/fastpsk.c.obj
[199/1044] Building C object esp-idf/wpa_supplicant/CMakeFiles/__idf_wpa_supplicant.dir/src/crypto/aes-unwrap.c.obj
[200/1044] Linking C static library esp-idf/esp_coex/libesp_coex.a
[201/1044] Building C object esp-idf/wpa_supplicant/CMakeFiles/__idf_wpa_supplicant.dir/esp_supplicant/src/esp_wpa3.c.obj
[71/1049] Building C object esp-idf/http_parser/CMakeFiles/__idf_http_parser.dir/http_parser.c.obj
[202/1044] Building C object esp-idf/wpa_supplicant/CMakeFiles/__idf_wpa_supplicant.dir/esp_supplicant/src/esp_hostap.c.obj
[203/1044] Building C object esp-idf/wpa_supplicant/CMakeFiles/__idf_wpa_supplicant.dir/src/crypto/rc4.c.obj
[204/1044] Building C object esp-idf/wpa_supplicant/CMakeFiles/__idf_wpa_supplicant.dir/esp_supplicant/src/crypto/crypto_mbedtls-rsa.c.obj
[72/1049] Building C object esp-idf/sdmmc/CMakeFiles/__idf_sdmmc.dir/sdmmc_sd.c.obj
[73/1049] Building C object esp-idf/esp_driver_rmt/CMakeFiles/__idf_esp_driver_rmt.dir/src/rmt_tx.c.obj
[205/1044] Building C object esp-idf/wpa_supplicant/CMakeFiles/__idf_wpa_supplicant.dir/src/crypto/aes-wrap.c.obj
[74/1049] Building C object esp-idf/esp_driver_i2s/CMakeFiles/__idf_esp_driver_i2s.dir/i2s_platform.c.obj
[75/1049] Building C object esp-idf/sdmmc/CMakeFiles/__idf_sdmmc.dir/sdmmc_cmd.c.obj
[206/1044] Building C object esp-idf/esp_netif/CMakeFiles/__idf_esp_netif.dir/esp_netif_handlers.c.obj
[76/1049] Linking C static library esp-idf/http_parser/libhttp_parser.a
[77/1049] Building C object esp-idf/esp_driver_mcpwm/CMakeFiles/__idf_esp_driver_mcpwm.dir/src/mcpwm_cmpr.c.obj
[207/1044] Building C object esp-idf/wpa_supplicant/CMakeFiles/__idf_wpa_supplicant.dir/src/crypto/aes-ccm.c.obj
[208/1044] Building C object esp-idf/esp_netif/CMakeFiles/__idf_esp_netif.dir/esp_netif_defaults.c.obj
[209/1044] Building C object esp-idf/wpa_supplicant/CMakeFiles/__idf_wpa_supplicant.dir/esp_supplicant/src/crypto/crypto_mbedtls.c.obj
[78/1049] Building C object esp-idf/esp_driver_i2s/CMakeFiles/__idf_esp_driver_i2s.dir/i2s_std.c.obj
[210/1044] Building C object esp-idf/wpa_supplicant/CMakeFiles/__idf_wpa_supplicant.dir/esp_supplicant/src/crypto/crypto_mbedtls-bignum.c.obj
[79/1049] Building C object esp-idf/esp_driver_i2s/CMakeFiles/__idf_esp_driver_i2s.dir/i2s_tdm.c.obj
[211/1044] Building C object esp-idf/esp_netif/CMakeFiles/__idf_esp_netif.dir/lwip/esp_netif_lwip_defaults.c.obj
[80/1049] Building C object esp-idf/esp_driver_sdmmc/CMakeFiles/__idf_esp_driver_sdmmc.dir/src/sd_host_sdmmc.c.obj
[212/1044] Building C object esp-idf/wpa_supplicant/CMakeFiles/__idf_wpa_supplicant.dir/src/rsn_supp/wpa.c.obj
[213/1044] Building C object esp-idf/wpa_supplicant/CMakeFiles/__idf_wpa_supplicant.dir/esp_supplicant/src/crypto/fastpbkdf2.c.obj
[81/1049] Building ASM object esp-idf/esp_gdbstub/CMakeFiles/__idf_esp_gdbstub.dir/src/port/xtensa/gdbstub-entry.S.obj
[82/1049] Linking C static library esp-idf/driver/libdriver.a
[83/1049] Building ASM object esp-idf/esp_gdbstub/CMakeFiles/__idf_esp_gdbstub.dir/src/port/xtensa/xt_debugexception.S.obj
[84/1049] Building C object esp-idf/esp_gdbstub/CMakeFiles/__idf_esp_gdbstub.dir/src/packet.c.obj
[214/1044] Building C object esp-idf/esp_netif/CMakeFiles/__idf_esp_netif.dir/esp_netif_objects.c.obj
[215/1044] Building C object esp-idf/wpa_supplicant/CMakeFiles/__idf_wpa_supplicant.dir/src/crypto/des-internal.c.obj
[85/1049] Building C object esp-idf/esp_driver_mcpwm/CMakeFiles/__idf_esp_driver_mcpwm.dir/src/mcpwm_gen.c.obj
[216/1044] Building C object esp-idf/esp_netif/CMakeFiles/__idf_esp_netif.dir/lwip/netif/esp_pbuf_ref.c.obj
[86/1049] Building C object esp-idf/esp_driver_mcpwm/CMakeFiles/__idf_esp_driver_mcpwm.dir/src/mcpwm_com.c.obj
[87/1049] Building C object esp-idf/esp_driver_mcpwm/CMakeFiles/__idf_esp_driver_mcpwm.dir/src/mcpwm_cap.c.obj
[88/1049] Building C object esp-idf/esp_driver_mcpwm/CMakeFiles/__idf_esp_driver_mcpwm.dir/src/mcpwm_fault.c.obj
[89/1049] Linking C static library esp-idf/esp_driver_twai/libesp_driver_twai.a
[90/1049] Building C object esp-idf/esp_gdbstub/CMakeFiles/__idf_esp_gdbstub.dir/src/port/xtensa/gdbstub_xtensa.c.obj
[217/1044] Building C object esp-idf/esp_netif/CMakeFiles/__idf_esp_netif.dir/lwip/netif/ethernetif.c.obj
[218/1044] Building C object esp-idf/wpa_supplicant/CMakeFiles/__idf_wpa_supplicant.dir/esp_supplicant/src/esp_eap_client.c.obj
[219/1044] Building C object esp-idf/wpa_supplicant/CMakeFiles/__idf_wpa_supplicant.dir/esp_supplicant/src/crypto/tls_mbedtls.c.obj
[220/1044] Building C object esp-idf/esp_netif/CMakeFiles/__idf_esp_netif.dir/lwip/esp_netif_sntp.c.obj
[91/1049] Building C object esp-idf/esp_driver_mcpwm/CMakeFiles/__idf_esp_driver_mcpwm.dir/src/mcpwm_timer.c.obj
[92/1049] Building C object esp-idf/esp_driver_mcpwm/CMakeFiles/__idf_esp_driver_mcpwm.dir/src/mcpwm_oper.c.obj
[221/1044] Building C object esp-idf/esp_netif/CMakeFiles/__idf_esp_netif.dir/lwip/netif/wlanif.c.obj
[222/1044] Building C object esp-idf/lwip/CMakeFiles/__idf_lwip.dir/lwip/src/api/err.c.obj
[93/1049] Linking C static library esp-idf/esp_driver_ledc/libesp_driver_ledc.a
[223/1044] Building C object esp-idf/lwip/CMakeFiles/__idf_lwip.dir/lwip/src/api/if_api.c.obj
[94/1049] Building C object esp-idf/esp_wifi/CMakeFiles/__idf_esp_wifi.dir/src/lib_printf.c.obj
[95/1049] Building C object esp-idf/esp_gdbstub/CMakeFiles/__idf_esp_gdbstub.dir/src/gdbstub_transport.c.obj
[96/1049] Building C object esp-idf/esp_driver_mcpwm/CMakeFiles/__idf_esp_driver_mcpwm.dir/src/mcpwm_sync.c.obj
[97/1049] Building C object esp-idf/esp_gdbstub/CMakeFiles/__idf_esp_gdbstub.dir/src/gdbstub.c.obj
[98/1049] Linking C static library esp-idf/esp_driver_i2c/libesp_driver_i2c.a
[224/1044] Building C object esp-idf/lwip/CMakeFiles/__idf_lwip.dir/lwip/src/api/netbuf.c.obj
[99/1049] Building C object esp-idf/esp_wifi/CMakeFiles/__idf_esp_wifi.dir/src/mesh_event.c.obj
[100/1049] Building C object esp-idf/esp_wifi/CMakeFiles/__idf_esp_wifi.dir/src/wifi_default.c.obj
[101/1049] Building C object esp-idf/esp_driver_i2s/CMakeFiles/__idf_esp_driver_i2s.dir/i2s_common.c.obj
[102/1049] Linking C static library esp-idf/esp_driver_sdm/libesp_driver_sdm.a
[103/1049] Building C object esp-idf/esp_wifi/CMakeFiles/__idf_esp_wifi.dir/src/smartconfig.c.obj
[104/1049] Building C object esp-idf/esp_wifi/CMakeFiles/__idf_esp_wifi.dir/src/wifi_default_ap.c.obj
[105/1049] Building C object esp-idf/esp_wifi/CMakeFiles/__idf_esp_wifi.dir/src/wifi_netif.c.obj
[106/1049] Building C object esp-idf/esp_coex/CMakeFiles/__idf_esp_coex.dir/src/coexist_debug_diagram.c.obj
[107/1049] Building C object esp-idf/esp_coex/CMakeFiles/__idf_esp_coex.dir/src/coexist_debug.c.obj
[225/1044] Building C object esp-idf/lwip/CMakeFiles/__idf_lwip.dir/lwip/src/api/netifapi.c.obj
[108/1049] Building C object esp-idf/esp_wifi/CMakeFiles/__idf_esp_wifi.dir/regulatory/esp_wifi_regulatory.c.obj
[109/1049] Building C object esp-idf/esp_driver_spi/CMakeFiles/__idf_esp_driver_spi.dir/src/gpspi/spi_slave.c.obj
[226/1044] Building C object esp-idf/lwip/CMakeFiles/__idf_lwip.dir/apps/sntp/sntp.c.obj
[110/1049] Linking C static library esp-idf/esp_driver_tsens/libesp_driver_tsens.a
[227/1044] Building C object esp-idf/lwip/CMakeFiles/__idf_lwip.dir/lwip/src/api/tcpip.c.obj
[111/1049] Building C object esp-idf/esp_driver_i2s/CMakeFiles/__idf_esp_driver_i2s.dir/i2s_pdm.c.obj
[228/1044] Building C object esp-idf/lwip/CMakeFiles/__idf_lwip.dir/lwip/src/api/netdb.c.obj
[112/1049] Building C object esp-idf/esp_wifi/CMakeFiles/__idf_esp_wifi.dir/src/wifi_init.c.obj
[229/1044] Building C object esp-idf/lwip/CMakeFiles/__idf_lwip.dir/lwip/src/core/init.c.obj
[230/1044] Building C object esp-idf/lwip/CMakeFiles/__idf_lwip.dir/lwip/src/core/inet_chksum.c.obj
[113/1049] Building C object esp-idf/esp_driver_pcnt/CMakeFiles/__idf_esp_driver_pcnt.dir/src/pulse_cnt.c.obj
[231/1044] Building C object esp-idf/lwip/CMakeFiles/__idf_lwip.dir/lwip/src/core/def.c.obj
[114/1049] Building C object esp-idf/esp_coex/CMakeFiles/__idf_esp_coex.dir/esp32s3/esp_coex_adapter.c.obj
[232/1044] Building C object esp-idf/lwip/CMakeFiles/__idf_lwip.dir/lwip/src/core/ip.c.obj
[233/1044] Building C object esp-idf/lwip/CMakeFiles/__idf_lwip.dir/lwip/src/apps/netbiosns/netbiosns.c.obj
[115/1049] Building C object esp-idf/esp_wifi/CMakeFiles/__idf_esp_wifi.dir/esp32s3/esp_adapter.c.obj
[234/1044] Building C object esp-idf/wpa_supplicant/CMakeFiles/__idf_wpa_supplicant.dir/esp_supplicant/src/esp_wps.c.obj
[116/1049] Linking C static library esp-idf/esp_driver_rmt/libesp_driver_rmt.a
[235/1044] Building C object esp-idf/wpa_supplicant/CMakeFiles/__idf_wpa_supplicant.dir/esp_supplicant/src/crypto/crypto_mbedtls-ec.c.obj
[236/1044] Building C object esp-idf/lwip/CMakeFiles/__idf_lwip.dir/lwip/src/apps/sntp/sntp.c.obj
[237/1044] Building C object esp-idf/lwip/CMakeFiles/__idf_lwip.dir/lwip/src/core/mem.c.obj
[117/1049] Building C object esp-idf/esp_driver_spi/CMakeFiles/__idf_esp_driver_spi.dir/src/gpspi/spi_common.c.obj
[118/1049] Linking C static library esp-idf/esp_driver_sdspi/libesp_driver_sdspi.a
[119/1049] Building C object esp-idf/wpa_supplicant/CMakeFiles/__idf_wpa_supplicant.dir/src/ap/ap_config.c.obj
[238/1044] Building C object esp-idf/lwip/CMakeFiles/__idf_lwip.dir/lwip/src/core/stats.c.obj
[120/1049] Building C object esp-idf/wpa_supplicant/CMakeFiles/__idf_wpa_supplicant.dir/port/os_xtensa.c.obj
[121/1049] Building C object esp-idf/esp_wifi/CMakeFiles/__idf_esp_wifi.dir/src/smartconfig_ack.c.obj
[122/1049] Building C object esp-idf/wpa_supplicant/CMakeFiles/__idf_wpa_supplicant.dir/src/ap/pmksa_cache_auth.c.obj
[123/1049] Linking C static library esp-idf/esp_driver_sdmmc/libesp_driver_sdmmc.a
[239/1044] Building C object esp-idf/lwip/CMakeFiles/__idf_lwip.dir/lwip/src/api/api_msg.c.obj
[240/1044] Building C object esp-idf/lwip/CMakeFiles/__idf_lwip.dir/lwip/src/api/api_lib.c.obj
[124/1049] Building C object esp-idf/wpa_supplicant/CMakeFiles/__idf_wpa_supplicant.dir/src/ap/ieee802_1x.c.obj
[125/1049] Building C object esp-idf/esp_driver_spi/CMakeFiles/__idf_esp_driver_spi.dir/src/gpspi/spi_slave_hd.c.obj
[241/1044] Building C object esp-idf/lwip/CMakeFiles/__idf_lwip.dir/lwip/src/core/memp.c.obj
[242/1044] Building C object esp-idf/lwip/CMakeFiles/__idf_lwip.dir/lwip/src/core/sys.c.obj
[243/1044] Building C object esp-idf/lwip/CMakeFiles/__idf_lwip.dir/lwip/src/core/ipv4/autoip.c.obj
[126/1049] Linking C static library esp-idf/esp_driver_sd_intf/libesp_driver_sd_intf.a
[127/1049] Building C object esp-idf/wpa_supplicant/CMakeFiles/__idf_wpa_supplicant.dir/src/utils/bitfield.c.obj
[128/1049] Building C object esp-idf/wpa_supplicant/CMakeFiles/__idf_wpa_supplicant.dir/src/ap/comeback_token.c.obj
[244/1044] Building C object esp-idf/lwip/CMakeFiles/__idf_lwip.dir/lwip/src/core/timeouts.c.obj
[129/1049] Building C object esp-idf/wpa_supplicant/CMakeFiles/__idf_wpa_supplicant.dir/src/ap/wpa_auth_ie.c.obj
[130/1049] Building C object esp-idf/wpa_supplicant/CMakeFiles/__idf_wpa_supplicant.dir/port/eloop.c.obj
[131/1049] Linking C static library esp-idf/sdmmc/libsdmmc.a
[132/1049] Building C object esp-idf/wpa_supplicant/CMakeFiles/__idf_wpa_supplicant.dir/src/common/dragonfly.c.obj
[133/1049] Building C object esp-idf/wpa_supplicant/CMakeFiles/__idf_wpa_supplicant.dir/src/crypto/dh_group5.c.obj
[134/1049] Building C object esp-idf/wpa_supplicant/CMakeFiles/__idf_wpa_supplicant.dir/src/crypto/sha256-kdf.c.obj
[135/1049] Building C object esp-idf/wpa_supplicant/CMakeFiles/__idf_wpa_supplicant.dir/src/ap/sta_info.c.obj
[245/1044] Linking C static library esp-idf/wpa_supplicant/libwpa_supplicant.a
[136/1049] Building C object esp-idf/wpa_supplicant/CMakeFiles/__idf_wpa_supplicant.dir/src/ap/ieee802_11.c.obj
[137/1049] Linking C static library esp-idf/esp_driver_i2s/libesp_driver_i2s.a
[246/1044] Building C object esp-idf/lwip/CMakeFiles/__idf_lwip.dir/lwip/src/core/dns.c.obj
[247/1044] Building C object esp-idf/lwip/CMakeFiles/__idf_lwip.dir/lwip/src/core/pbuf.c.obj
[138/1049] Building C object esp-idf/wpa_supplicant/CMakeFiles/__idf_wpa_supplicant.dir/src/crypto/aes-siv.c.obj
[139/1049] Building C object esp-idf/wpa_supplicant/CMakeFiles/__idf_wpa_supplicant.dir/src/crypto/ccmp.c.obj
[248/1044] Building C object esp-idf/lwip/CMakeFiles/__idf_lwip.dir/lwip/src/core/ipv4/ip4_napt.c.obj
[249/1044] Building C object esp-idf/lwip/CMakeFiles/__idf_lwip.dir/lwip/src/core/ipv4/ip4_addr.c.obj
[140/1049] Building C object esp-idf/wpa_supplicant/CMakeFiles/__idf_wpa_supplicant.dir/src/crypto/sha256-tlsprf.c.obj
[141/1049] Building C object esp-idf/wpa_supplicant/CMakeFiles/__idf_wpa_supplicant.dir/src/common/wpa_common.c.obj
[142/1049] Building C object esp-idf/wpa_supplicant/CMakeFiles/__idf_wpa_supplicant.dir/src/crypto/sha384-tlsprf.c.obj
[250/1044] Building C object esp-idf/lwip/CMakeFiles/__idf_lwip.dir/lwip/src/core/raw.c.obj
[143/1049] Linking C static library esp-idf/esp_driver_mcpwm/libesp_driver_mcpwm.a
[251/1044] Building C object esp-idf/lwip/CMakeFiles/__idf_lwip.dir/lwip/src/core/ipv4/icmp.c.obj
[144/1049] Building C object esp-idf/wpa_supplicant/CMakeFiles/__idf_wpa_supplicant.dir/src/crypto/ms_funcs.c.obj
[252/1044] Building C object esp-idf/lwip/CMakeFiles/__idf_lwip.dir/lwip/src/core/ipv4/etharp.c.obj
[253/1044] Building C object esp-idf/lwip/CMakeFiles/__idf_lwip.dir/lwip/src/core/netif.c.obj
[145/1049] Building C object esp-idf/wpa_supplicant/CMakeFiles/__idf_wpa_supplicant.dir/src/crypto/sha1-prf.c.obj
[146/1049] Linking C static library esp-idf/esp_driver_pcnt/libesp_driver_pcnt.a
[254/1044] Building C object esp-idf/lwip/CMakeFiles/__idf_lwip.dir/lwip/src/core/ipv6/dhcp6.c.obj
[147/1049] Building C object esp-idf/wpa_supplicant/CMakeFiles/__idf_wpa_supplicant.dir/src/crypto/sha1-tprf.c.obj
[255/1044] Building C object esp-idf/lwip/CMakeFiles/__idf_lwip.dir/lwip/src/core/udp.c.obj
[148/1049] Building C object esp-idf/wpa_supplicant/CMakeFiles/__idf_wpa_supplicant.dir/src/crypto/crypto_ops.c.obj
[149/1049] Building C object esp-idf/wpa_supplicant/CMakeFiles/__idf_wpa_supplicant.dir/src/crypto/aes-gcm.c.obj
[150/1049] Building C object esp-idf/wpa_supplicant/CMakeFiles/__idf_wpa_supplicant.dir/src/crypto/md4-internal.c.obj
[151/1049] Building C object esp-idf/wpa_supplicant/CMakeFiles/__idf_wpa_supplicant.dir/src/crypto/sha1-tlsprf.c.obj
[256/1044] Building C object esp-idf/lwip/CMakeFiles/__idf_lwip.dir/lwip/src/core/ipv6/ethip6.c.obj
[152/1049] Building C object esp-idf/wpa_supplicant/CMakeFiles/__idf_wpa_supplicant.dir/src/crypto/sha256-prf.c.obj
[153/1049] Linking C static library esp-idf/esp_gdbstub/libesp_gdbstub.a
[154/1049] Building C object esp-idf/wpa_supplicant/CMakeFiles/__idf_wpa_supplicant.dir/src/crypto/sha384-prf.c.obj
[155/1049] Building C object esp-idf/esp_driver_spi/CMakeFiles/__idf_esp_driver_spi.dir/src/gpspi/spi_master.c.obj
[257/1044] Building C object esp-idf/lwip/CMakeFiles/__idf_lwip.dir/lwip/src/core/ipv4/ip4.c.obj
[156/1049] Building C object esp-idf/wpa_supplicant/CMakeFiles/__idf_wpa_supplicant.dir/src/common/sae.c.obj
[258/1044] Building C object esp-idf/lwip/CMakeFiles/__idf_lwip.dir/lwip/src/core/ipv6/inet6.c.obj
[259/1044] Building C object esp-idf/lwip/CMakeFiles/__idf_lwip.dir/lwip/src/core/tcp_out.c.obj
[260/1044] Building C object esp-idf/lwip/CMakeFiles/__idf_lwip.dir/lwip/src/core/ipv4/dhcp.c.obj
[157/1049] Building C object esp-idf/wpa_supplicant/CMakeFiles/__idf_wpa_supplicant.dir/src/eap_common/eap_wsc_common.c.obj
[261/1044] Building C object esp-idf/lwip/CMakeFiles/__idf_lwip.dir/lwip/src/core/ipv6/ip6_frag.c.obj
[158/1049] Building C object esp-idf/wpa_supplicant/CMakeFiles/__idf_wpa_supplicant.dir/src/crypto/dh_groups.c.obj
[159/1049] Building C object esp-idf/wpa_supplicant/CMakeFiles/__idf_wpa_supplicant.dir/src/eap_peer/chap.c.obj
[262/1044] Building C object esp-idf/lwip/CMakeFiles/__idf_lwip.dir/lwip/src/core/ipv6/ip6_addr.c.obj
[263/1044] Building C object esp-idf/lwip/CMakeFiles/__idf_lwip.dir/lwip/src/core/ipv6/icmp6.c.obj
[160/1049] Linking C static library esp-idf/esp_driver_spi/libesp_driver_spi.a
[161/1049] Building C object esp-idf/wpa_supplicant/CMakeFiles/__idf_wpa_supplicant.dir/src/common/ieee802_11_common.c.obj
[264/1044] Building C object esp-idf/lwip/CMakeFiles/__idf_lwip.dir/lwip/src/core/tcp.c.obj
[162/1049] Building C object esp-idf/wpa_supplicant/CMakeFiles/__idf_wpa_supplicant.dir/src/eap_peer/eap_tls.c.obj
[265/1044] Building C object esp-idf/lwip/CMakeFiles/__idf_lwip.dir/lwip/src/core/tcp_in.c.obj
[163/1049] Building C object esp-idf/wpa_supplicant/CMakeFiles/__idf_wpa_supplicant.dir/src/eap_peer/mschapv2.c.obj
[266/1044] Building C object esp-idf/lwip/CMakeFiles/__idf_lwip.dir/lwip/src/core/ipv4/ip4_frag.c.obj
[267/1044] Building C object esp-idf/lwip/CMakeFiles/__idf_lwip.dir/lwip/src/netif/ethernet.c.obj
[164/1049] Building C object esp-idf/wpa_supplicant/CMakeFiles/__idf_wpa_supplicant.dir/src/eap_peer/eap_fast_common.c.obj
[165/1049] Linking C static library esp-idf/esp_wifi/libesp_wifi.a
[268/1044] Building C object esp-idf/lwip/CMakeFiles/__idf_lwip.dir/lwip/src/core/ipv4/igmp.c.obj
[269/1044] Building C object esp-idf/lwip/CMakeFiles/__idf_lwip.dir/lwip/src/netif/ppp/chap_ms.c.obj
[270/1044] Building C object esp-idf/lwip/CMakeFiles/__idf_lwip.dir/lwip/src/netif/ppp/chap-md5.c.obj
[271/1044] Building C object esp-idf/lwip/CMakeFiles/__idf_lwip.dir/lwip/src/netif/ppp/auth.c.obj
[272/1044] Building C object esp-idf/lwip/CMakeFiles/__idf_lwip.dir/lwip/src/netif/ppp/demand.c.obj
[273/1044] Building C object esp-idf/lwip/CMakeFiles/__idf_lwip.dir/lwip/src/core/ipv6/mld6.c.obj
[274/1044] Building C object esp-idf/lwip/CMakeFiles/__idf_lwip.dir/lwip/src/netif/slipif.c.obj
[275/1044] Building C object esp-idf/lwip/CMakeFiles/__idf_lwip.dir/lwip/src/netif/ppp/ccp.c.obj
[276/1044] Building C object esp-idf/lwip/CMakeFiles/__idf_lwip.dir/lwip/src/netif/ppp/eap.c.obj
[277/1044] Building C object esp-idf/lwip/CMakeFiles/__idf_lwip.dir/lwip/src/netif/ppp/eui64.c.obj
[278/1044] Building C object esp-idf/lwip/CMakeFiles/__idf_lwip.dir/lwip/src/netif/bridgeif.c.obj
[166/1049] Building C object esp-idf/wpa_supplicant/CMakeFiles/__idf_wpa_supplicant.dir/src/utils/ext_password.c.obj
[279/1044] Building C object esp-idf/lwip/CMakeFiles/__idf_lwip.dir/lwip/src/netif/bridgeif_fdb.c.obj
[280/1044] Building C object esp-idf/lwip/CMakeFiles/__idf_lwip.dir/lwip/src/netif/ppp/ecp.c.obj
[167/1049] Building C object esp-idf/wpa_supplicant/CMakeFiles/__idf_wpa_supplicant.dir/src/ap/wpa_auth.c.obj
[168/1049] Building C object esp-idf/wpa_supplicant/CMakeFiles/__idf_wpa_supplicant.dir/src/utils/base64.c.obj
[169/1049] Building C object esp-idf/wpa_supplicant/CMakeFiles/__idf_wpa_supplicant.dir/src/eap_peer/eap_peap_common.c.obj
[170/1049] Building C object esp-idf/wpa_supplicant/CMakeFiles/__idf_wpa_supplicant.dir/src/eap_peer/eap_common.c.obj
[171/1049] Building C object esp-idf/wpa_supplicant/CMakeFiles/__idf_wpa_supplicant.dir/src/utils/uuid.c.obj
[281/1044] Building C object esp-idf/lwip/CMakeFiles/__idf_lwip.dir/lwip/src/netif/ppp/fsm.c.obj
[282/1044] Building C object esp-idf/lwip/CMakeFiles/__idf_lwip.dir/lwip/src/api/sockets.c.obj
[172/1049] Building C object esp-idf/wpa_supplicant/CMakeFiles/__idf_wpa_supplicant.dir/src/eap_peer/eap_tls_common.c.obj
[283/1044] Building C object esp-idf/lwip/CMakeFiles/__idf_lwip.dir/lwip/src/netif/ppp/lcp.c.obj
[284/1044] Building C object esp-idf/esp_netif/CMakeFiles/__idf_esp_netif.dir/lwip/esp_netif_lwip.c.obj
[285/1044] Building C object esp-idf/lwip/CMakeFiles/__idf_lwip.dir/lwip/src/netif/ppp/chap-new.c.obj
[173/1049] Building C object esp-idf/wpa_supplicant/CMakeFiles/__idf_wpa_supplicant.dir/src/utils/common.c.obj
[286/1044] Building C object esp-idf/lwip/CMakeFiles/__idf_lwip.dir/lwip/src/netif/ppp/multilink.c.obj
[287/1044] Building C object esp-idf/lwip/CMakeFiles/__idf_lwip.dir/lwip/src/netif/ppp/pppapi.c.obj
[288/1044] Building C object esp-idf/lwip/CMakeFiles/__idf_lwip.dir/lwip/src/netif/ppp/ipv6cp.c.obj
[174/1049] Building C object esp-idf/wpa_supplicant/CMakeFiles/__idf_wpa_supplicant.dir/src/rsn_supp/pmksa_cache.c.obj
[289/1044] Building C object esp-idf/lwip/CMakeFiles/__idf_lwip.dir/lwip/src/netif/ppp/ppp.c.obj
[175/1049] Building C object esp-idf/wpa_supplicant/CMakeFiles/__idf_wpa_supplicant.dir/src/eap_peer/eap_mschapv2.c.obj
[290/1044] Building C object esp-idf/lwip/CMakeFiles/__idf_lwip.dir/lwip/src/netif/ppp/pppoe.c.obj
[291/1044] Building C object esp-idf/lwip/CMakeFiles/__idf_lwip.dir/lwip/src/netif/ppp/pppol2tp.c.obj
[176/1049] Building C object esp-idf/wpa_supplicant/CMakeFiles/__idf_wpa_supplicant.dir/src/eap_peer/eap.c.obj
[292/1044] Building C object esp-idf/lwip/CMakeFiles/__idf_lwip.dir/lwip/src/netif/ppp/magic.c.obj
[293/1044] Building C object esp-idf/lwip/CMakeFiles/__idf_lwip.dir/lwip/src/netif/ppp/upap.c.obj
[294/1044] Building C object esp-idf/lwip/CMakeFiles/__idf_lwip.dir/lwip/src/netif/ppp/ipcp.c.obj
[177/1049] Building C object esp-idf/wpa_supplicant/CMakeFiles/__idf_wpa_supplicant.dir/src/eap_peer/eap_fast_pac.c.obj
[295/1044] Building C object esp-idf/lwip/CMakeFiles/__idf_lwip.dir/lwip/src/netif/ppp/pppcrypt.c.obj
[296/1044] Building C object esp-idf/lwip/CMakeFiles/__idf_lwip.dir/lwip/src/netif/ppp/utils.c.obj
[297/1044] Building C object esp-idf/lwip/CMakeFiles/__idf_lwip.dir/lwip/src/netif/ppp/vj.c.obj
[298/1044] Building C object esp-idf/lwip/CMakeFiles/__idf_lwip.dir/lwip/src/netif/ppp/pppos.c.obj
[178/1049] Building C object esp-idf/wpa_supplicant/CMakeFiles/__idf_wpa_supplicant.dir/src/eap_peer/eap_peap.c.obj
[179/1049] Building C object esp-idf/wpa_supplicant/CMakeFiles/__idf_wpa_supplicant.dir/src/rsn_supp/wpa_ie.c.obj
[299/1044] Building C object esp-idf/lwip/CMakeFiles/__idf_lwip.dir/lwip/src/netif/ppp/mppe.c.obj
[180/1049] Building C object esp-idf/wpa_supplicant/CMakeFiles/__idf_wpa_supplicant.dir/src/utils/wpabuf.c.obj
[300/1044] Building C object esp-idf/lwip/CMakeFiles/__idf_lwip.dir/port/if_index.c.obj
[301/1044] Building C object esp-idf/lwip/CMakeFiles/__idf_lwip.dir/port/hooks/tcp_isn_default.c.obj
[302/1044] Building C object esp-idf/lwip/CMakeFiles/__idf_lwip.dir/port/sockets_ext.c.obj
[303/1044] Building C object esp-idf/lwip/CMakeFiles/__idf_lwip.dir/lwip/src/netif/ppp/polarssl/arc4.c.obj
[304/1044] Building C object esp-idf/lwip/CMakeFiles/__idf_lwip.dir/lwip/src/core/ipv6/ip6.c.obj
[305/1044] Building C object esp-idf/lwip/CMakeFiles/__idf_lwip.dir/port/freertos/sys_arch.c.obj
[181/1049] Building C object esp-idf/wpa_supplicant/CMakeFiles/__idf_wpa_supplicant.dir/esp_supplicant/src/esp_wpa2_api_port.c.obj
[182/1049] Building C object esp-idf/wpa_supplicant/CMakeFiles/__idf_wpa_supplicant.dir/src/utils/wpa_debug.c.obj
[306/1044] Linking C static library esp-idf/esp_netif/libesp_netif.a
[307/1044] Building C object esp-idf/lwip/CMakeFiles/__idf_lwip.dir/port/hooks/lwip_default_hooks.c.obj
[183/1049] Building C object esp-idf/wpa_supplicant/CMakeFiles/__idf_wpa_supplicant.dir/src/wps/wps_common.c.obj
[308/1044] Building C object esp-idf/lwip/CMakeFiles/__idf_lwip.dir/lwip/src/netif/ppp/polarssl/md4.c.obj
[309/1044] Building C object esp-idf/lwip/CMakeFiles/__idf_lwip.dir/port/esp32xx/vfs_lwip.c.obj
[310/1044] Building C object esp-idf/lwip/CMakeFiles/__idf_lwip.dir/port/debug/lwip_debug.c.obj
[311/1044] Building C object esp-idf/lwip/CMakeFiles/__idf_lwip.dir/lwip/src/netif/ppp/polarssl/des.c.obj
[312/1044] Building C object esp-idf/lwip/CMakeFiles/__idf_lwip.dir/port/acd_dhcp_check.c.obj
[313/1044] Building C object esp-idf/lwip/CMakeFiles/__idf_lwip.dir/lwip/src/netif/ppp/polarssl/md5.c.obj
[314/1044] Building C object esp-idf/lwip/CMakeFiles/__idf_lwip.dir/apps/ping/esp_ping.c.obj
[184/1049] Building C object esp-idf/wpa_supplicant/CMakeFiles/__idf_wpa_supplicant.dir/src/wps/wps_attr_process.c.obj
[315/1044] Building C object esp-idf/lwip/CMakeFiles/__idf_lwip.dir/apps/ping/ping.c.obj
[185/1049] Building C object esp-idf/wpa_supplicant/CMakeFiles/__idf_wpa_supplicant.dir/esp_supplicant/src/esp_wpa_main.c.obj
[316/1044] Building C object esp-idf/lwip/CMakeFiles/__idf_lwip.dir/lwip/src/netif/ppp/polarssl/sha1.c.obj
[186/1049] Building C object esp-idf/wpa_supplicant/CMakeFiles/__idf_wpa_supplicant.dir/src/utils/json.c.obj
[187/1049] Building C object esp-idf/wpa_supplicant/CMakeFiles/__idf_wpa_supplicant.dir/esp_supplicant/src/esp_wpas_glue.c.obj
[317/1044] Building C object esp-idf/esp_phy/CMakeFiles/__idf_esp_phy.dir/esp32s3/phy_init_data.c.obj
[188/1049] Building C object esp-idf/wpa_supplicant/CMakeFiles/__idf_wpa_supplicant.dir/src/wps/wps.c.obj
[189/1049] Building C object esp-idf/wpa_supplicant/CMakeFiles/__idf_wpa_supplicant.dir/src/wps/wps_dev_attr.c.obj
[318/1044] Building C object esp-idf/esp_phy/CMakeFiles/__idf_esp_phy.dir/src/lib_printf.c.obj
[190/1049] Building C object esp-idf/wpa_supplicant/CMakeFiles/__idf_wpa_supplicant.dir/src/wps/wps_attr_parse.c.obj
[191/1049] Building C object esp-idf/wpa_supplicant/CMakeFiles/__idf_wpa_supplicant.dir/esp_supplicant/src/esp_common.c.obj
[192/1049] Building C object esp-idf/wpa_supplicant/CMakeFiles/__idf_wpa_supplicant.dir/esp_supplicant/src/esp_owe.c.obj
[193/1049] Building C object esp-idf/wpa_supplicant/CMakeFiles/__idf_wpa_supplicant.dir/src/wps/wps_attr_build.c.obj
[194/1049] Building C object esp-idf/wpa_supplicant/CMakeFiles/__idf_wpa_supplicant.dir/src/common/sae_pk.c.obj
[195/1049] Building C object esp-idf/wpa_supplicant/CMakeFiles/__idf_wpa_supplicant.dir/src/eap_peer/eap_ttls.c.obj
[319/1044] Building C object esp-idf/esp_driver_usb_serial_jtag/CMakeFiles/__idf_esp_driver_usb_serial_jtag.dir/src/usb_serial_jtag_connection_monitor.c.obj
[320/1044] Building C object esp-idf/esp_phy/CMakeFiles/__idf_esp_phy.dir/src/phy_override.c.obj
[321/1044] Building C object esp-idf/esp_phy/CMakeFiles/__idf_esp_phy.dir/src/phy_common.c.obj
[322/1044] Building C object esp-idf/vfs/CMakeFiles/__idf_vfs.dir/nullfs.c.obj
[323/1044] Building C object esp-idf/esp_vfs_console/CMakeFiles/__idf_esp_vfs_console.dir/vfs_console.c.obj
[324/1044] Building C object esp-idf/vfs/CMakeFiles/__idf_vfs.dir/vfs_semihost.c.obj
[196/1049] Building C object esp-idf/wpa_supplicant/CMakeFiles/__idf_wpa_supplicant.dir/src/eap_peer/eap_fast.c.obj
[325/1044] Building C object esp-idf/esp_driver_usb_serial_jtag/CMakeFiles/__idf_esp_driver_usb_serial_jtag.dir/src/usb_serial_jtag.c.obj
[326/1044] Building C object esp-idf/vfs/CMakeFiles/__idf_vfs.dir/vfs_eventfd.c.obj
[197/1049] Building C object esp-idf/wpa_supplicant/CMakeFiles/__idf_wpa_supplicant.dir/esp_supplicant/src/crypto/fastpsk.c.obj
[198/1049] Building C object esp-idf/wpa_supplicant/CMakeFiles/__idf_wpa_supplicant.dir/esp_supplicant/src/esp_hostap.c.obj
[199/1049] Building C object esp-idf/wpa_supplicant/CMakeFiles/__idf_wpa_supplicant.dir/esp_supplicant/src/esp_eap_client.c.obj
[327/1044] Building C object esp-idf/esp_phy/CMakeFiles/__idf_esp_phy.dir/src/btbb_init.c.obj
[200/1049] Building C object esp-idf/wpa_supplicant/CMakeFiles/__idf_wpa_supplicant.dir/src/crypto/rc4.c.obj
[201/1049] Linking C static library esp-idf/esp_coex/libesp_coex.a
[328/1044] Building C object esp-idf/lwip/CMakeFiles/__idf_lwip.dir/apps/ping/ping_sock.c.obj
[329/1044] Building C object esp-idf/lwip/CMakeFiles/__idf_lwip.dir/apps/dhcpserver/dhcpserver.c.obj
[202/1049] Building C object esp-idf/wpa_supplicant/CMakeFiles/__idf_wpa_supplicant.dir/esp_supplicant/src/crypto/fastpbkdf2.c.obj
[203/1049] Building C object esp-idf/wpa_supplicant/CMakeFiles/__idf_wpa_supplicant.dir/src/rsn_supp/wpa.c.obj
[204/1049] Building C object esp-idf/wpa_supplicant/CMakeFiles/__idf_wpa_supplicant.dir/src/crypto/aes-ccm.c.obj
[330/1044] Building CXX object esp-idf/nvs_flash/CMakeFiles/__idf_nvs_flash.dir/src/nvs_platform.cpp.obj
[205/1049] Building C object esp-idf/esp_netif/CMakeFiles/__idf_esp_netif.dir/esp_netif_defaults.c.obj
[206/1049] Building C object esp-idf/wpa_supplicant/CMakeFiles/__idf_wpa_supplicant.dir/src/crypto/aes-unwrap.c.obj
[207/1049] Building C object esp-idf/esp_netif/CMakeFiles/__idf_esp_netif.dir/esp_netif_objects.c.obj
[208/1049] Building C object esp-idf/wpa_supplicant/CMakeFiles/__idf_wpa_supplicant.dir/src/crypto/aes-wrap.c.obj
[209/1049] Building C object esp-idf/wpa_supplicant/CMakeFiles/__idf_wpa_supplicant.dir/esp_supplicant/src/crypto/crypto_mbedtls.c.obj
[210/1049] Building C object esp-idf/esp_netif/CMakeFiles/__idf_esp_netif.dir/esp_netif_handlers.c.obj
[211/1049] Building C object esp-idf/wpa_supplicant/CMakeFiles/__idf_wpa_supplicant.dir/src/crypto/des-internal.c.obj
[331/1044] Building C object esp-idf/esp_driver_usb_serial_jtag/CMakeFiles/__idf_esp_driver_usb_serial_jtag.dir/src/usb_serial_jtag_vfs.c.obj
[332/1044] Building C object esp-idf/lwip/CMakeFiles/__idf_lwip.dir/lwip/src/core/ipv6/nd6.c.obj
[212/1049] Building C object esp-idf/wpa_supplicant/CMakeFiles/__idf_wpa_supplicant.dir/src/wps/wps_enrollee.c.obj
[213/1049] Building C object esp-idf/wpa_supplicant/CMakeFiles/__idf_wpa_supplicant.dir/esp_supplicant/src/esp_wpa3.c.obj
[214/1049] Building C object esp-idf/esp_netif/CMakeFiles/__idf_esp_netif.dir/lwip/netif/wlanif.c.obj
[333/1044] Building C object esp-idf/nvs_flash/CMakeFiles/__idf_nvs_flash.dir/src/nvs_bootloader.c.obj
[215/1049] Building C object esp-idf/wpa_supplicant/CMakeFiles/__idf_wpa_supplicant.dir/esp_supplicant/src/crypto/crypto_mbedtls-bignum.c.obj
[216/1049] Building C object esp-idf/wpa_supplicant/CMakeFiles/__idf_wpa_supplicant.dir/esp_supplicant/src/crypto/tls_mbedtls.c.obj
[217/1049] Building C object esp-idf/esp_netif/CMakeFiles/__idf_esp_netif.dir/lwip/esp_netif_lwip_defaults.c.obj
[334/1044] Building C object esp-idf/nvs_flash/CMakeFiles/__idf_nvs_flash.dir/src/nvs_bootloader_aes.c.obj
[218/1049] Building C object esp-idf/esp_netif/CMakeFiles/__idf_esp_netif.dir/lwip/netif/ethernetif.c.obj
[219/1049] Building C object esp-idf/esp_netif/CMakeFiles/__idf_esp_netif.dir/lwip/esp_netif_sntp.c.obj
[220/1049] Building C object esp-idf/lwip/CMakeFiles/__idf_lwip.dir/lwip/src/api/if_api.c.obj
[335/1044] Building C object esp-idf/esp_phy/CMakeFiles/__idf_esp_phy.dir/src/phy_init.c.obj
[221/1049] Building C object esp-idf/lwip/CMakeFiles/__idf_lwip.dir/lwip/src/api/err.c.obj
[222/1049] Building C object esp-idf/lwip/CMakeFiles/__idf_lwip.dir/lwip/src/api/netbuf.c.obj
[223/1049] Building C object esp-idf/esp_netif/CMakeFiles/__idf_esp_netif.dir/lwip/netif/esp_pbuf_ref.c.obj
[336/1044] Linking C static library esp-idf/lwip/liblwip.a
[224/1049] Building C object esp-idf/lwip/CMakeFiles/__idf_lwip.dir/apps/sntp/sntp.c.obj
[225/1049] Building C object esp-idf/wpa_supplicant/CMakeFiles/__idf_wpa_supplicant.dir/esp_supplicant/src/crypto/crypto_mbedtls-rsa.c.obj
[337/1044] Building C object esp-idf/nvs_flash/CMakeFiles/__idf_nvs_flash.dir/src/nvs_bootloader_xts_aes.c.obj
[226/1049] Building C object esp-idf/lwip/CMakeFiles/__idf_lwip.dir/lwip/src/core/def.c.obj
[338/1044] Building C object esp-idf/esp_event/CMakeFiles/__idf_esp_event.dir/default_event_loop.c.obj
[227/1049] Building C object esp-idf/lwip/CMakeFiles/__idf_lwip.dir/lwip/src/api/tcpip.c.obj
[228/1049] Building C object esp-idf/lwip/CMakeFiles/__idf_lwip.dir/lwip/src/core/init.c.obj
[339/1044] Building CXX object esp-idf/nvs_flash/CMakeFiles/__idf_nvs_flash.dir/src/nvs_partition.cpp.obj
[229/1049] Building C object esp-idf/lwip/CMakeFiles/__idf_lwip.dir/lwip/src/core/ip.c.obj
[230/1049] Building C object esp-idf/lwip/CMakeFiles/__idf_lwip.dir/lwip/src/api/netifapi.c.obj
[231/1049] Building C object esp-idf/wpa_supplicant/CMakeFiles/__idf_wpa_supplicant.dir/esp_supplicant/src/esp_wps.c.obj
[232/1049] Building C object esp-idf/lwip/CMakeFiles/__idf_lwip.dir/lwip/src/apps/sntp/sntp.c.obj
[233/1049] Building C object esp-idf/lwip/CMakeFiles/__idf_lwip.dir/lwip/src/apps/netbiosns/netbiosns.c.obj
[340/1044] Building C object esp-idf/esp_event/CMakeFiles/__idf_esp_event.dir/esp_event_private.c.obj
[234/1049] Building C object esp-idf/lwip/CMakeFiles/__idf_lwip.dir/lwip/src/api/netdb.c.obj
[235/1049] Building C object esp-idf/lwip/CMakeFiles/__idf_lwip.dir/lwip/src/api/api_lib.c.obj
[236/1049] Building C object esp-idf/lwip/CMakeFiles/__idf_lwip.dir/lwip/src/core/memp.c.obj
[237/1049] Building C object esp-idf/lwip/CMakeFiles/__idf_lwip.dir/lwip/src/core/mem.c.obj
[238/1049] Building C object esp-idf/lwip/CMakeFiles/__idf_lwip.dir/lwip/src/core/stats.c.obj
[341/1044] Building C object esp-idf/esp_driver_uart/CMakeFiles/__idf_esp_driver_uart.dir/src/uart_wakeup.c.obj
[239/1049] Building C object esp-idf/lwip/CMakeFiles/__idf_lwip.dir/lwip/src/core/inet_chksum.c.obj
[240/1049] Building C object esp-idf/lwip/CMakeFiles/__idf_lwip.dir/lwip/src/core/sys.c.obj
[342/1044] Building CXX object esp-idf/nvs_flash/CMakeFiles/__idf_nvs_flash.dir/src/nvs_partition_lookup.cpp.obj
[343/1044] Building C object esp-idf/esp_event/CMakeFiles/__idf_esp_event.dir/esp_event.c.obj
[241/1049] Building C object esp-idf/wpa_supplicant/CMakeFiles/__idf_wpa_supplicant.dir/esp_supplicant/src/crypto/crypto_mbedtls-ec.c.obj
[242/1049] Building C object esp-idf/lwip/CMakeFiles/__idf_lwip.dir/lwip/src/core/dns.c.obj
[243/1049] Building C object esp-idf/lwip/CMakeFiles/__idf_lwip.dir/lwip/src/core/ipv4/autoip.c.obj
[344/1044] Building C object esp-idf/vfs/CMakeFiles/__idf_vfs.dir/vfs.c.obj
[244/1049] Building C object esp-idf/lwip/CMakeFiles/__idf_lwip.dir/lwip/src/core/ipv4/icmp.c.obj
[345/1044] Linking C static library esp-idf/vfs/libvfs.a
[245/1049] Building C object esp-idf/lwip/CMakeFiles/__idf_lwip.dir/lwip/src/api/api_msg.c.obj
[246/1049] Building C object esp-idf/lwip/CMakeFiles/__idf_lwip.dir/lwip/src/core/timeouts.c.obj
[247/1049] Building C object esp-idf/lwip/CMakeFiles/__idf_lwip.dir/lwip/src/core/raw.c.obj
[346/1044] Linking C static library esp-idf/esp_vfs_console/libesp_vfs_console.a
[248/1049] Building C object esp-idf/lwip/CMakeFiles/__idf_lwip.dir/lwip/src/core/pbuf.c.obj
[249/1049] Building C object esp-idf/lwip/CMakeFiles/__idf_lwip.dir/lwip/src/core/ipv4/ip4_napt.c.obj
[250/1049] Building C object esp-idf/lwip/CMakeFiles/__idf_lwip.dir/lwip/src/core/ipv4/etharp.c.obj
[251/1049] Linking C static library esp-idf/wpa_supplicant/libwpa_supplicant.a
[347/1044] Linking C static library esp-idf/esp_driver_usb_serial_jtag/libesp_driver_usb_serial_jtag.a
[252/1049] Building C object esp-idf/lwip/CMakeFiles/__idf_lwip.dir/lwip/src/core/ipv6/dhcp6.c.obj
[253/1049] Building C object esp-idf/esp_netif/CMakeFiles/__idf_esp_netif.dir/lwip/esp_netif_lwip.c.obj
[254/1049] Building C object esp-idf/lwip/CMakeFiles/__idf_lwip.dir/lwip/src/core/ipv4/ip4_addr.c.obj
[255/1049] Building C object esp-idf/lwip/CMakeFiles/__idf_lwip.dir/lwip/src/core/ipv4/ip4_frag.c.obj
[256/1049] Building C object esp-idf/lwip/CMakeFiles/__idf_lwip.dir/lwip/src/core/ipv6/ethip6.c.obj
[257/1049] Building C object esp-idf/lwip/CMakeFiles/__idf_lwip.dir/lwip/src/core/udp.c.obj
[348/1044] Linking C static library esp-idf/esp_phy/libesp_phy.a
[258/1049] Building C object esp-idf/lwip/CMakeFiles/__idf_lwip.dir/lwip/src/core/ipv4/dhcp.c.obj
[259/1049] Building C object esp-idf/lwip/CMakeFiles/__idf_lwip.dir/lwip/src/core/ipv6/inet6.c.obj
[349/1044] Building C object esp-idf/esp_driver_uart/CMakeFiles/__idf_esp_driver_uart.dir/src/uhci.c.obj
[260/1049] Building C object esp-idf/lwip/CMakeFiles/__idf_lwip.dir/lwip/src/core/ipv4/igmp.c.obj
[261/1049] Building C object esp-idf/lwip/CMakeFiles/__idf_lwip.dir/lwip/src/core/ipv4/ip4.c.obj
[350/1044] Building C object esp-idf/esp_driver_gptimer/CMakeFiles/__idf_esp_driver_gptimer.dir/src/gptimer_common.c.obj
[262/1049] Building C object esp-idf/lwip/CMakeFiles/__idf_lwip.dir/lwip/src/core/ipv6/icmp6.c.obj
[351/1044] Building C object esp-idf/esp_driver_uart/CMakeFiles/__idf_esp_driver_uart.dir/src/uart_vfs.c.obj
[263/1049] Building C object esp-idf/lwip/CMakeFiles/__idf_lwip.dir/lwip/src/core/netif.c.obj
[264/1049] Building C object esp-idf/lwip/CMakeFiles/__idf_lwip.dir/lwip/src/netif/bridgeif.c.obj
[352/1044] Building C object esp-idf/esp_driver_gptimer/CMakeFiles/__idf_esp_driver_gptimer.dir/src/gptimer.c.obj
[265/1049] Building C object esp-idf/lwip/CMakeFiles/__idf_lwip.dir/lwip/src/netif/ethernet.c.obj
[266/1049] Building C object esp-idf/lwip/CMakeFiles/__idf_lwip.dir/lwip/src/netif/ppp/ccp.c.obj
[267/1049] Building C object esp-idf/lwip/CMakeFiles/__idf_lwip.dir/lwip/src/core/ipv6/ip6_addr.c.obj
[353/1044] Building C object esp-idf/esp_timer/CMakeFiles/__idf_esp_timer.dir/src/esp_timer_init.c.obj
[268/1049] Building C object esp-idf/lwip/CMakeFiles/__idf_lwip.dir/lwip/src/core/tcp_out.c.obj
[354/1044] Building C object esp-idf/esp_timer/CMakeFiles/__idf_esp_timer.dir/src/ets_timer_legacy.c.obj
[269/1049] Building C object esp-idf/lwip/CMakeFiles/__idf_lwip.dir/lwip/src/core/ipv6/ip6_frag.c.obj
[355/1044] Building C object esp-idf/esp_timer/CMakeFiles/__idf_esp_timer.dir/src/system_time.c.obj
[270/1049] Building C object esp-idf/lwip/CMakeFiles/__idf_lwip.dir/lwip/src/netif/ppp/chap-md5.c.obj
[356/1044] Building C object esp-idf/esp_ringbuf/CMakeFiles/__idf_esp_ringbuf.dir/ringbuf.c.obj
[271/1049] Building C object esp-idf/lwip/CMakeFiles/__idf_lwip.dir/lwip/src/core/ipv6/mld6.c.obj
[272/1049] Building C object esp-idf/lwip/CMakeFiles/__idf_lwip.dir/lwip/src/core/tcp_in.c.obj
[273/1049] Building C object esp-idf/lwip/CMakeFiles/__idf_lwip.dir/lwip/src/netif/ppp/auth.c.obj
[274/1049] Building C object esp-idf/lwip/CMakeFiles/__idf_lwip.dir/lwip/src/netif/bridgeif_fdb.c.obj
[357/1044] Building C object esp-idf/esp_timer/CMakeFiles/__idf_esp_timer.dir/src/esp_timer_impl_common.c.obj
[275/1049] Building C object esp-idf/lwip/CMakeFiles/__idf_lwip.dir/lwip/src/netif/slipif.c.obj
[358/1044] Building CXX object esp-idf/nvs_flash/CMakeFiles/__idf_nvs_flash.dir/src/nvs_encrypted_partition.cpp.obj
[276/1049] Building C object esp-idf/lwip/CMakeFiles/__idf_lwip.dir/lwip/src/netif/ppp/fsm.c.obj
[359/1044] Building CXX object esp-idf/nvs_flash/CMakeFiles/__idf_nvs_flash.dir/src/nvs_pagemanager.cpp.obj
[360/1044] Building CXX object esp-idf/nvs_flash/CMakeFiles/__idf_nvs_flash.dir/src/nvs_partition_manager.cpp.obj
[277/1049] Building C object esp-idf/lwip/CMakeFiles/__idf_lwip.dir/lwip/src/netif/ppp/chap_ms.c.obj
[278/1049] Building C object esp-idf/lwip/CMakeFiles/__idf_lwip.dir/lwip/src/netif/ppp/eui64.c.obj
[279/1049] Building C object esp-idf/lwip/CMakeFiles/__idf_lwip.dir/lwip/src/netif/ppp/multilink.c.obj
[361/1044] Building C object esp-idf/esp_timer/CMakeFiles/__idf_esp_timer.dir/src/esp_timer.c.obj
[280/1049] Building C object esp-idf/lwip/CMakeFiles/__idf_lwip.dir/lwip/src/netif/ppp/ipcp.c.obj
[281/1049] Building C object esp-idf/lwip/CMakeFiles/__idf_lwip.dir/lwip/src/netif/ppp/demand.c.obj
[282/1049] Building C object esp-idf/lwip/CMakeFiles/__idf_lwip.dir/lwip/src/netif/ppp/ecp.c.obj
[283/1049] Building C object esp-idf/lwip/CMakeFiles/__idf_lwip.dir/lwip/src/core/ipv6/ip6.c.obj
[284/1049] Building C object esp-idf/lwip/CMakeFiles/__idf_lwip.dir/lwip/src/netif/ppp/chap-new.c.obj
[285/1049] Building C object esp-idf/lwip/CMakeFiles/__idf_lwip.dir/lwip/src/netif/ppp/eap.c.obj
[286/1049] Building C object esp-idf/lwip/CMakeFiles/__idf_lwip.dir/lwip/src/netif/ppp/mppe.c.obj
[287/1049] Building C object esp-idf/lwip/CMakeFiles/__idf_lwip.dir/lwip/src/netif/ppp/pppcrypt.c.obj
[288/1049] Building C object esp-idf/lwip/CMakeFiles/__idf_lwip.dir/lwip/src/core/tcp.c.obj
[362/1044] Building CXX object esp-idf/cxx/CMakeFiles/__idf_cxx.dir/cxx_init.cpp.obj
[363/1044] Building C object esp-idf/esp_timer/CMakeFiles/__idf_esp_timer.dir/src/esp_timer_impl_systimer.c.obj
[289/1049] Building C object esp-idf/lwip/CMakeFiles/__idf_lwip.dir/lwip/src/core/ipv6/nd6.c.obj
[290/1049] Building C object esp-idf/lwip/CMakeFiles/__idf_lwip.dir/lwip/src/netif/ppp/ppp.c.obj
[364/1044] Building CXX object esp-idf/nvs_flash/CMakeFiles/__idf_nvs_flash.dir/src/nvs_cxx_api.cpp.obj
[291/1049] Building C object esp-idf/lwip/CMakeFiles/__idf_lwip.dir/lwip/src/netif/ppp/pppapi.c.obj
[365/1044] Building C object esp-idf/pthread/CMakeFiles/__idf_pthread.dir/pthread_cond_var.c.obj
[292/1049] Building C object esp-idf/lwip/CMakeFiles/__idf_lwip.dir/lwip/src/netif/ppp/pppol2tp.c.obj
[293/1049] Building C object esp-idf/lwip/CMakeFiles/__idf_lwip.dir/lwip/src/netif/ppp/lcp.c.obj
[294/1049] Building C object esp-idf/lwip/CMakeFiles/__idf_lwip.dir/lwip/src/netif/ppp/ipv6cp.c.obj
[295/1049] Building C object esp-idf/lwip/CMakeFiles/__idf_lwip.dir/lwip/src/netif/ppp/magic.c.obj
[366/1044] Building C object esp-idf/pthread/CMakeFiles/__idf_pthread.dir/pthread_local_storage.c.obj
[296/1049] Building C object esp-idf/lwip/CMakeFiles/__idf_lwip.dir/lwip/src/netif/ppp/pppoe.c.obj
[367/1044] Building C object esp-idf/newlib/CMakeFiles/__idf_newlib.dir/src/abort.c.obj
[368/1044] Building CXX object esp-idf/cxx/CMakeFiles/__idf_cxx.dir/cxx_exception_stubs.cpp.obj
[369/1044] Building C object esp-idf/pthread/CMakeFiles/__idf_pthread.dir/pthread_semaphore.c.obj
[370/1044] Building C object esp-idf/pthread/CMakeFiles/__idf_pthread.dir/pthread_rwlock.c.obj
[371/1044] Building C object esp-idf/newlib/CMakeFiles/__idf_newlib.dir/src/init.c.obj
[297/1049] Building C object esp-idf/lwip/CMakeFiles/__idf_lwip.dir/lwip/src/netif/ppp/vj.c.obj
[372/1044] Building C object esp-idf/newlib/CMakeFiles/__idf_newlib.dir/src/assert.c.obj
[298/1049] Building C object esp-idf/lwip/CMakeFiles/__idf_lwip.dir/lwip/src/netif/ppp/utils.c.obj
[299/1049] Building C object esp-idf/lwip/CMakeFiles/__idf_lwip.dir/port/if_index.c.obj
[373/1044] Building C object esp-idf/newlib/CMakeFiles/__idf_newlib.dir/src/getentropy.c.obj
[374/1044] Building C object esp-idf/newlib/CMakeFiles/__idf_newlib.dir/src/poll.c.obj
[300/1049] Building C object esp-idf/lwip/CMakeFiles/__idf_lwip.dir/port/hooks/tcp_isn_default.c.obj
[301/1049] Building C object esp-idf/lwip/CMakeFiles/__idf_lwip.dir/apps/ping/ping.c.obj
[375/1044] Building C object esp-idf/newlib/CMakeFiles/__idf_newlib.dir/src/pthread.c.obj
[302/1049] Building C object esp-idf/lwip/CMakeFiles/__idf_lwip.dir/lwip/src/netif/ppp/pppos.c.obj
[376/1044] Building C object esp-idf/pthread/CMakeFiles/__idf_pthread.dir/pthread.c.obj
[303/1049] Building C object esp-idf/lwip/CMakeFiles/__idf_lwip.dir/port/sockets_ext.c.obj
[377/1044] Building C object esp-idf/newlib/CMakeFiles/__idf_newlib.dir/src/heap.c.obj
[378/1044] Building C object esp-idf/newlib/CMakeFiles/__idf_newlib.dir/src/termios.c.obj
[304/1049] Building C object esp-idf/lwip/CMakeFiles/__idf_lwip.dir/apps/ping/esp_ping.c.obj
[305/1049] Building C object esp-idf/lwip/CMakeFiles/__idf_lwip.dir/lwip/src/netif/ppp/polarssl/arc4.c.obj
[379/1044] Building CXX object esp-idf/nvs_flash/CMakeFiles/__idf_nvs_flash.dir/src/nvs_types.cpp.obj
[306/1049] Building C object esp-idf/lwip/CMakeFiles/__idf_lwip.dir/port/acd_dhcp_check.c.obj
[307/1049] Building C object esp-idf/lwip/CMakeFiles/__idf_lwip.dir/lwip/src/netif/ppp/upap.c.obj
[380/1044] Building CXX object esp-idf/nvs_flash/CMakeFiles/__idf_nvs_flash.dir/src/nvs_item_hash_list.cpp.obj
[381/1044] Building C object esp-idf/newlib/CMakeFiles/__idf_newlib.dir/src/realpath.c.obj
[382/1044] Building C object esp-idf/newlib/CMakeFiles/__idf_newlib.dir/src/random.c.obj
[308/1049] Building C object esp-idf/lwip/CMakeFiles/__idf_lwip.dir/lwip/src/netif/ppp/polarssl/md5.c.obj
[309/1049] Linking C static library esp-idf/esp_netif/libesp_netif.a
[383/1044] Building C object esp-idf/newlib/CMakeFiles/__idf_newlib.dir/src/sysconf.c.obj
[310/1049] Building C object esp-idf/lwip/CMakeFiles/__idf_lwip.dir/lwip/src/netif/ppp/polarssl/md4.c.obj
[311/1049] Building C object esp-idf/lwip/CMakeFiles/__idf_lwip.dir/lwip/src/netif/ppp/polarssl/sha1.c.obj
[384/1044] Building C object esp-idf/newlib/CMakeFiles/__idf_newlib.dir/src/syscalls.c.obj
[385/1044] Building C object esp-idf/newlib/CMakeFiles/__idf_newlib.dir/src/locks.c.obj
[312/1049] Building C object esp-idf/lwip/CMakeFiles/__idf_lwip.dir/port/freertos/sys_arch.c.obj
[386/1044] Building C object esp-idf/newlib/CMakeFiles/__idf_newlib.dir/src/reent_syscalls.c.obj
[387/1044] Building C object esp-idf/newlib/CMakeFiles/__idf_newlib.dir/src/scandir.c.obj
[313/1049] Building C object esp-idf/lwip/CMakeFiles/__idf_lwip.dir/port/esp32xx/vfs_lwip.c.obj
[388/1044] Building C object esp-idf/newlib/CMakeFiles/__idf_newlib.dir/src/reent_init.c.obj
[389/1044] Building C object esp-idf/newlib/CMakeFiles/__idf_newlib.dir/src/flockfile.c.obj
[314/1049] Building C object esp-idf/lwip/CMakeFiles/__idf_lwip.dir/lwip/src/netif/ppp/polarssl/des.c.obj
[390/1044] Building CXX object esp-idf/nvs_flash/CMakeFiles/__idf_nvs_flash.dir/src/nvs_handle_locked.cpp.obj
[315/1049] Building C object esp-idf/esp_phy/CMakeFiles/__idf_esp_phy.dir/src/lib_printf.c.obj
[391/1044] Building C object esp-idf/newlib/CMakeFiles/__idf_newlib.dir/src/stdatomic.c.obj
[392/1044] Building C object esp-idf/newlib/CMakeFiles/__idf_newlib.dir/src/time.c.obj
[393/1044] Building C object esp-idf/newlib/CMakeFiles/__idf_newlib.dir/src/newlib_init.c.obj
[394/1044] Building C object esp-idf/freertos/CMakeFiles/__idf_freertos.dir/port_common.c.obj
[316/1049] Building C object esp-idf/esp_vfs_console/CMakeFiles/__idf_esp_vfs_console.dir/vfs_console.c.obj
[317/1049] Building C object esp-idf/lwip/CMakeFiles/__idf_lwip.dir/port/debug/lwip_debug.c.obj
[395/1044] Building C object esp-idf/newlib/CMakeFiles/__idf_newlib.dir/src/port/esp_time_impl.c.obj
[318/1049] Building C object esp-idf/lwip/CMakeFiles/__idf_lwip.dir/lwip/src/api/sockets.c.obj
[396/1044] Building C object esp-idf/freertos/CMakeFiles/__idf_freertos.dir/app_startup.c.obj
[319/1049] Building C object esp-idf/lwip/CMakeFiles/__idf_lwip.dir/port/hooks/lwip_default_hooks.c.obj
[320/1049] Building C object esp-idf/esp_phy/CMakeFiles/__idf_esp_phy.dir/src/phy_common.c.obj
[397/1044] Building ASM object esp-idf/freertos/CMakeFiles/__idf_freertos.dir/FreeRTOS-Kernel/portable/xtensa/portasm.S.obj
[321/1049] Building C object esp-idf/esp_phy/CMakeFiles/__idf_esp_phy.dir/esp32s3/phy_init_data.c.obj
[322/1049] Building C object esp-idf/lwip/CMakeFiles/__idf_lwip.dir/apps/ping/ping_sock.c.obj
[398/1044] Building C object esp-idf/freertos/CMakeFiles/__idf_freertos.dir/port_systick.c.obj
[399/1044] Building CXX object esp-idf/nvs_flash/CMakeFiles/__idf_nvs_flash.dir/src/nvs_handle_simple.cpp.obj
[323/1049] Building C object esp-idf/lwip/CMakeFiles/__idf_lwip.dir/apps/dhcpserver/dhcpserver.c.obj
[400/1044] Building C object esp-idf/freertos/CMakeFiles/__idf_freertos.dir/heap_idf.c.obj
[324/1049] Building C object esp-idf/esp_driver_usb_serial_jtag/CMakeFiles/__idf_esp_driver_usb_serial_jtag.dir/src/usb_serial_jtag_connection_monitor.c.obj
[325/1049] Building C object esp-idf/vfs/CMakeFiles/__idf_vfs.dir/nullfs.c.obj
[401/1044] Building C object esp-idf/freertos/CMakeFiles/__idf_freertos.dir/FreeRTOS-Kernel/event_groups.c.obj
[402/1044] Building C object esp-idf/freertos/CMakeFiles/__idf_freertos.dir/FreeRTOS-Kernel/list.c.obj
[326/1049] Building C object esp-idf/esp_phy/CMakeFiles/__idf_esp_phy.dir/src/phy_init.c.obj
[403/1044] Building C object esp-idf/freertos/CMakeFiles/__idf_freertos.dir/FreeRTOS-Kernel/portable/xtensa/xtensa_init.c.obj
[404/1044] Building C object esp-idf/esp_driver_uart/CMakeFiles/__idf_esp_driver_uart.dir/src/uart.c.obj
[405/1044] Building C object esp-idf/freertos/CMakeFiles/__idf_freertos.dir/esp_additions/idf_additions_event_groups.c.obj
[406/1044] Building C object esp-idf/freertos/CMakeFiles/__idf_freertos.dir/FreeRTOS-Kernel/timers.c.obj
[327/1049] Building C object esp-idf/esp_phy/CMakeFiles/__idf_esp_phy.dir/src/btbb_init.c.obj
[407/1044] Building C object esp-idf/esp_hw_support/CMakeFiles/__idf_esp_hw_support.dir/port/esp32s3/cpu_region_protect.c.obj
[328/1049] Building C object esp-idf/esp_phy/CMakeFiles/__idf_esp_phy.dir/src/phy_override.c.obj
[408/1044] Building C object esp-idf/esp_hw_support/CMakeFiles/__idf_esp_hw_support.dir/esp_memory_utils.c.obj
[409/1044] Building C object esp-idf/freertos/CMakeFiles/__idf_freertos.dir/esp_additions/idf_additions.c.obj
[410/1044] Building C object esp-idf/freertos/CMakeFiles/__idf_freertos.dir/FreeRTOS-Kernel/portable/xtensa/xtensa_overlay_os_hook.c.obj
[411/1044] Building C object esp-idf/esp_hw_support/CMakeFiles/__idf_esp_hw_support.dir/port/esp32s3/esp_cpu_intr.c.obj
[412/1044] Building C object esp-idf/freertos/CMakeFiles/__idf_freertos.dir/FreeRTOS-Kernel/stream_buffer.c.obj
[413/1044] Building C object esp-idf/freertos/CMakeFiles/__idf_freertos.dir/FreeRTOS-Kernel/portable/xtensa/port.c.obj
[329/1049] Linking C static library esp-idf/lwip/liblwip.a
[414/1044] Building C object esp-idf/esp_hw_support/CMakeFiles/__idf_esp_hw_support.dir/cpu.c.obj
[415/1044] Building C object esp-idf/esp_hw_support/CMakeFiles/__idf_esp_hw_support.dir/revision.c.obj
[330/1049] Building C object esp-idf/vfs/CMakeFiles/__idf_vfs.dir/vfs_semihost.c.obj
[331/1049] Building C object esp-idf/vfs/CMakeFiles/__idf_vfs.dir/vfs_eventfd.c.obj
[332/1049] Building C object esp-idf/esp_driver_usb_serial_jtag/CMakeFiles/__idf_esp_driver_usb_serial_jtag.dir/src/usb_serial_jtag.c.obj
[333/1049] Building C object esp-idf/esp_driver_usb_serial_jtag/CMakeFiles/__idf_esp_driver_usb_serial_jtag.dir/src/usb_serial_jtag_vfs.c.obj
[416/1044] Building C object esp-idf/esp_hw_support/CMakeFiles/__idf_esp_hw_support.dir/esp_gpio_reserve.c.obj
[417/1044] Building CXX object esp-idf/nvs_flash/CMakeFiles/__idf_nvs_flash.dir/src/nvs_page.cpp.obj
[418/1044] Building C object esp-idf/esp_hw_support/CMakeFiles/__idf_esp_hw_support.dir/clk_ctrl_os.c.obj
[334/1049] Building CXX object esp-idf/nvs_flash/CMakeFiles/__idf_nvs_flash.dir/src/nvs_platform.cpp.obj
[419/1044] Building C object esp-idf/esp_hw_support/CMakeFiles/__idf_esp_hw_support.dir/hw_random.c.obj
[420/1044] Building C object esp-idf/esp_hw_support/CMakeFiles/__idf_esp_hw_support.dir/sar_tsens_ctrl.c.obj
[421/1044] Building C object esp-idf/esp_hw_support/CMakeFiles/__idf_esp_hw_support.dir/mac_addr.c.obj
[422/1044] Building C object esp-idf/esp_hw_support/CMakeFiles/__idf_esp_hw_support.dir/port/esp32s3/esp_clk_tree.c.obj
[335/1049] Building C object esp-idf/nvs_flash/CMakeFiles/__idf_nvs_flash.dir/src/nvs_bootloader_aes.c.obj
[336/1049] Building C object esp-idf/nvs_flash/CMakeFiles/__idf_nvs_flash.dir/src/nvs_bootloader_xts_aes.c.obj
[423/1044] Building C object esp-idf/esp_hw_support/CMakeFiles/__idf_esp_hw_support.dir/periph_ctrl.c.obj
[424/1044] Building C object esp-idf/esp_hw_support/CMakeFiles/__idf_esp_hw_support.dir/dma/esp_dma_utils.c.obj
[425/1044] Building CXX object esp-idf/cxx/CMakeFiles/__idf_cxx.dir/cxx_guards.cpp.obj
[426/1044] Building C object esp-idf/freertos/CMakeFiles/__idf_freertos.dir/FreeRTOS-Kernel/queue.c.obj
[427/1044] Building C object esp-idf/esp_hw_support/CMakeFiles/__idf_esp_hw_support.dir/rtc_module.c.obj
[428/1044] Building CXX object esp-idf/nvs_flash/CMakeFiles/__idf_nvs_flash.dir/src/nvs_storage.cpp.obj
[429/1044] Building C object esp-idf/esp_hw_support/CMakeFiles/__idf_esp_hw_support.dir/esp_clk.c.obj
[430/1044] Building C object esp-idf/esp_hw_support/CMakeFiles/__idf_esp_hw_support.dir/port/esp32s3/io_mux.c.obj
[337/1049] Building C object esp-idf/esp_event/CMakeFiles/__idf_esp_event.dir/default_event_loop.c.obj
[431/1044] Building C object esp-idf/esp_hw_support/CMakeFiles/__idf_esp_hw_support.dir/sleep_usb.c.obj
[338/1049] Building C object esp-idf/vfs/CMakeFiles/__idf_vfs.dir/vfs.c.obj
[432/1044] Building C object esp-idf/esp_hw_support/CMakeFiles/__idf_esp_hw_support.dir/regi2c_ctrl.c.obj
[433/1044] Building C object esp-idf/esp_hw_support/CMakeFiles/__idf_esp_hw_support.dir/port/esp_clk_tree_common.c.obj
[339/1049] Building C object esp-idf/nvs_flash/CMakeFiles/__idf_nvs_flash.dir/src/nvs_bootloader.c.obj
[340/1049] Linking C static library esp-idf/vfs/libvfs.a
[434/1044] Building C object esp-idf/esp_hw_support/CMakeFiles/__idf_esp_hw_support.dir/sleep_modem.c.obj
[435/1044] Building C object esp-idf/esp_hw_support/CMakeFiles/__idf_esp_hw_support.dir/clk_utils.c.obj
[436/1044] Building C object esp-idf/esp_hw_support/CMakeFiles/__idf_esp_hw_support.dir/adc_share_hw_ctrl.c.obj
[437/1044] Building C object esp-idf/esp_hw_support/CMakeFiles/__idf_esp_hw_support.dir/dma/gdma_link.c.obj
[438/1044] Building C object esp-idf/esp_hw_support/CMakeFiles/__idf_esp_hw_support.dir/dma/esp_async_memcpy.c.obj
[439/1044] Building C object esp-idf/esp_hw_support/CMakeFiles/__idf_esp_hw_support.dir/sleep_event.c.obj
[341/1049] Linking C static library esp-idf/esp_vfs_console/libesp_vfs_console.a
[440/1044] Building C object esp-idf/esp_hw_support/CMakeFiles/__idf_esp_hw_support.dir/intr_alloc.c.obj
[441/1044] Building C object esp-idf/esp_hw_support/CMakeFiles/__idf_esp_hw_support.dir/port/esp32s3/systimer.c.obj
[442/1044] Building C object esp-idf/esp_hw_support/CMakeFiles/__idf_esp_hw_support.dir/sleep_console.c.obj
[342/1049] Building C object esp-idf/esp_event/CMakeFiles/__idf_esp_event.dir/esp_event_private.c.obj
[343/1049] Building C object esp-idf/esp_driver_uart/CMakeFiles/__idf_esp_driver_uart.dir/src/uart_wakeup.c.obj
[344/1049] Linking C static library esp-idf/esp_driver_usb_serial_jtag/libesp_driver_usb_serial_jtag.a
[443/1044] Building C object esp-idf/esp_hw_support/CMakeFiles/__idf_esp_hw_support.dir/spi_share_hw_ctrl.c.obj
[345/1049] Linking C static library esp-idf/esp_phy/libesp_phy.a
[444/1044] Building C object esp-idf/esp_hw_support/CMakeFiles/__idf_esp_hw_support.dir/port/esp32s3/rtc_clk_init.c.obj
[445/1044] Building C object esp-idf/esp_hw_support/CMakeFiles/__idf_esp_hw_support.dir/port/esp32s3/rtc_time.c.obj
[446/1044] Building C object esp-idf/esp_hw_support/CMakeFiles/__idf_esp_hw_support.dir/mspi_timing_tuning/mspi_timing_tuning.c.obj
[447/1044] Building C object esp-idf/esp_hw_support/CMakeFiles/__idf_esp_hw_support.dir/power_supply/brownout.c.obj
[346/1049] Building C object esp-idf/esp_event/CMakeFiles/__idf_esp_event.dir/esp_event.c.obj
[448/1044] Building C object esp-idf/esp_hw_support/CMakeFiles/__idf_esp_hw_support.dir/dma/async_memcpy_gdma.c.obj
[347/1049] Building CXX object esp-idf/nvs_flash/CMakeFiles/__idf_nvs_flash.dir/src/nvs_partition.cpp.obj
[449/1044] Building CXX object esp-idf/nvs_flash/CMakeFiles/__idf_nvs_flash.dir/src/nvs_api.cpp.obj
[450/1044] Building C object esp-idf/esp_hw_support/CMakeFiles/__idf_esp_hw_support.dir/port/esp32s3/chip_info.c.obj
[451/1044] Building C object esp-idf/esp_hw_support/CMakeFiles/__idf_esp_hw_support.dir/spi_bus_lock.c.obj
[452/1044] Building C object esp-idf/esp_hw_support/CMakeFiles/__idf_esp_hw_support.dir/sleep_wake_stub.c.obj
[453/1044] Building C object esp-idf/esp_hw_support/CMakeFiles/__idf_esp_hw_support.dir/port/esp_memprot_conv.c.obj
[454/1044] Building C object esp-idf/esp_hw_support/CMakeFiles/__idf_esp_hw_support.dir/esp_clock_output.c.obj
[455/1044] Building C object esp-idf/esp_hw_support/CMakeFiles/__idf_esp_hw_support.dir/port/esp32s3/rtc_sleep.c.obj
[456/1044] Building C object esp-idf/esp_hw_support/CMakeFiles/__idf_esp_hw_support.dir/sleep_gpio.c.obj
[457/1044] Building C object esp-idf/esp_hw_support/CMakeFiles/__idf_esp_hw_support.dir/port/esp32s3/sar_periph_ctrl.c.obj
[458/1044] Building C object esp-idf/soc/CMakeFiles/__idf_soc.dir/dport_access_common.c.obj
[459/1044] Building C object esp-idf/soc/CMakeFiles/__idf_soc.dir/esp32s3/interrupts.c.obj
[460/1044] Building C object esp-idf/esp_hw_support/CMakeFiles/__idf_esp_hw_support.dir/port/esp32s3/rtc_clk.c.obj
[461/1044] Building C object esp-idf/esp_hw_support/CMakeFiles/__idf_esp_hw_support.dir/mspi_timing_tuning/port/esp32s3/mspi_timing_config.c.obj
[462/1044] Building C object esp-idf/esp_hw_support/CMakeFiles/__idf_esp_hw_support.dir/port/esp32s3/rtc_init.c.obj
[463/1044] Linking C static library esp-idf/nvs_flash/libnvs_flash.a
[464/1044] Building C object esp-idf/soc/CMakeFiles/__idf_soc.dir/lldesc.c.obj
[465/1044] Building C object esp-idf/soc/CMakeFiles/__idf_soc.dir/esp32s3/gpio_periph.c.obj
[466/1044] Building C object esp-idf/soc/CMakeFiles/__idf_soc.dir/esp32s3/adc_periph.c.obj
[467/1044] Building C object esp-idf/soc/CMakeFiles/__idf_soc.dir/esp32s3/uart_periph.c.obj
[468/1044] Building C object esp-idf/soc/CMakeFiles/__idf_soc.dir/esp32s3/dedic_gpio_periph.c.obj
[469/1044] Building C object esp-idf/soc/CMakeFiles/__idf_soc.dir/esp32s3/gdma_periph.c.obj
[470/1044] Building C object esp-idf/soc/CMakeFiles/__idf_soc.dir/esp32s3/pcnt_periph.c.obj
[471/1044] Linking C static library esp-idf/esp_event/libesp_event.a
[472/1044] Building C object esp-idf/soc/CMakeFiles/__idf_soc.dir/esp32s3/sdm_periph.c.obj
[473/1044] Building C object esp-idf/soc/CMakeFiles/__idf_soc.dir/esp32s3/lcd_periph.c.obj
[474/1044] Building C object esp-idf/soc/CMakeFiles/__idf_soc.dir/esp32s3/i2c_periph.c.obj
[475/1044] Building C object esp-idf/soc/CMakeFiles/__idf_soc.dir/esp32s3/ledc_periph.c.obj
[476/1044] Building C object esp-idf/soc/CMakeFiles/__idf_soc.dir/esp32s3/temperature_sensor_periph.c.obj
[348/1049] Building C object esp-idf/esp_driver_gptimer/CMakeFiles/__idf_esp_driver_gptimer.dir/src/gptimer_common.c.obj
[477/1044] Building C object esp-idf/soc/CMakeFiles/__idf_soc.dir/esp32s3/timer_periph.c.obj
[478/1044] Building C object esp-idf/esp_hw_support/CMakeFiles/__idf_esp_hw_support.dir/sleep_modes.c.obj
[479/1044] Building C object esp-idf/soc/CMakeFiles/__idf_soc.dir/esp32s3/touch_sensor_periph.c.obj
[480/1044] Building C object esp-idf/soc/CMakeFiles/__idf_soc.dir/esp32s3/mcpwm_periph.c.obj
[481/1044] Building C object esp-idf/soc/CMakeFiles/__idf_soc.dir/esp32s3/mpi_periph.c.obj
[482/1044] Building C object esp-idf/esp_hw_support/CMakeFiles/__idf_esp_hw_support.dir/usb_phy/usb_phy.c.obj
[483/1044] Building C object esp-idf/soc/CMakeFiles/__idf_soc.dir/esp32s3/rmt_periph.c.obj
[484/1044] Building C object esp-idf/soc/CMakeFiles/__idf_soc.dir/esp32s3/i2s_periph.c.obj
[485/1044] Linking C static library esp-idf/esp_driver_uart/libesp_driver_uart.a
[349/1049] Building CXX object esp-idf/nvs_flash/CMakeFiles/__idf_nvs_flash.dir/src/nvs_partition_lookup.cpp.obj
[486/1044] Building C object esp-idf/soc/CMakeFiles/__idf_soc.dir/esp32s3/sdmmc_periph.c.obj
[487/1044] Building C object esp-idf/esp_hw_support/CMakeFiles/__idf_esp_hw_support.dir/mspi_timing_tuning/port/esp32s3/mspi_timing_by_mspi_delay.c.obj
[488/1044] Building C object esp-idf/soc/CMakeFiles/__idf_soc.dir/esp32s3/wdt_periph.c.obj
[489/1044] Building C object esp-idf/soc/CMakeFiles/__idf_soc.dir/esp32s3/spi_periph.c.obj
[490/1044] Building C object esp-idf/soc/CMakeFiles/__idf_soc.dir/esp32s3/twai_periph.c.obj
[491/1044] Building C object esp-idf/soc/CMakeFiles/__idf_soc.dir/esp32s3/usb_dwc_periph.c.obj
[492/1044] Linking C static library esp-idf/esp_ringbuf/libesp_ringbuf.a
[493/1044] Building C object esp-idf/soc/CMakeFiles/__idf_soc.dir/esp32s3/cam_periph.c.obj
[494/1044] Building C object esp-idf/soc/CMakeFiles/__idf_soc.dir/esp32s3/power_supply_periph.c.obj
[495/1044] Building C object esp-idf/soc/CMakeFiles/__idf_soc.dir/esp32s3/rtc_io_periph.c.obj
[496/1044] Linking C static library esp-idf/esp_driver_gptimer/libesp_driver_gptimer.a
[497/1044] Building C object esp-idf/log/CMakeFiles/__idf_log.dir/src/util.c.obj
[498/1044] Building C object esp-idf/heap/CMakeFiles/__idf_heap.dir/port/esp32s3/memory_layout.c.obj
[499/1044] Building C object esp-idf/heap/CMakeFiles/__idf_heap.dir/port/memory_layout_utils.c.obj
[500/1044] Linking C static library esp-idf/esp_timer/libesp_timer.a
[501/1044] Building C object esp-idf/heap/CMakeFiles/__idf_heap.dir/multi_heap.c.obj
[350/1049] Building C object esp-idf/esp_timer/CMakeFiles/__idf_esp_timer.dir/src/esp_timer_init.c.obj
[502/1044] Building C object esp-idf/freertos/CMakeFiles/__idf_freertos.dir/FreeRTOS-Kernel/tasks.c.obj
[503/1044] Building C object esp-idf/log/CMakeFiles/__idf_log.dir/src/log_timestamp_common.c.obj
[504/1044] Building C object esp-idf/heap/CMakeFiles/__idf_heap.dir/heap_caps_init.c.obj
[505/1044] Building C object esp-idf/log/CMakeFiles/__idf_log.dir/src/log_print.c.obj
[506/1044] Building C object esp-idf/esp_hw_support/CMakeFiles/__idf_esp_hw_support.dir/lowpower/port/esp32s3/sleep_cpu.c.obj
[507/1044] Linking C static library esp-idf/cxx/libcxx.a
[508/1044] Building C object esp-idf/log/CMakeFiles/__idf_log.dir/src/buffer/log_buffers.c.obj
[509/1044] Building C object esp-idf/log/CMakeFiles/__idf_log.dir/src/os/log_write.c.obj
[351/1049] Building C object esp-idf/esp_driver_uart/CMakeFiles/__idf_esp_driver_uart.dir/src/uart_vfs.c.obj
[352/1049] Building C object esp-idf/esp_timer/CMakeFiles/__idf_esp_timer.dir/src/esp_timer.c.obj
[510/1044] Building C object esp-idf/log/CMakeFiles/__idf_log.dir/src/os/util.c.obj
[511/1044] Building C object esp-idf/log/CMakeFiles/__idf_log.dir/src/log_level/tag_log_level/tag_log_level.c.obj
[353/1049] Building C object esp-idf/esp_driver_gptimer/CMakeFiles/__idf_esp_driver_gptimer.dir/src/gptimer.c.obj
[512/1044] Building C object esp-idf/heap/CMakeFiles/__idf_heap.dir/heap_caps_base.c.obj
[513/1044] Building C object esp-idf/log/CMakeFiles/__idf_log.dir/src/log_format_text.c.obj
[514/1044] Building C object esp-idf/log/CMakeFiles/__idf_log.dir/src/log_level/log_level.c.obj
[515/1044] Building C object esp-idf/log/CMakeFiles/__idf_log.dir/src/log_level/tag_log_level/linked_list/log_linked_list.c.obj
[354/1049] Building C object esp-idf/esp_driver_uart/CMakeFiles/__idf_esp_driver_uart.dir/src/uart.c.obj
[516/1044] Building C object esp-idf/log/CMakeFiles/__idf_log.dir/src/log.c.obj
[517/1044] Building C object esp-idf/hal/CMakeFiles/__idf_hal.dir/hal_utils.c.obj
[518/1044] Building C object esp-idf/log/CMakeFiles/__idf_log.dir/src/os/log_lock.c.obj
[519/1044] Linking C static library esp-idf/pthread/libpthread.a
[520/1044] Building C object esp-idf/hal/CMakeFiles/__idf_hal.dir/mpu_hal.c.obj
[521/1044] Building C object esp-idf/log/CMakeFiles/__idf_log.dir/src/log_level/tag_log_level/cache/log_binary_heap.c.obj
[522/1044] Building C object esp-idf/log/CMakeFiles/__idf_log.dir/src/os/log_timestamp.c.obj
[355/1049] Building C object esp-idf/esp_timer/CMakeFiles/__idf_esp_timer.dir/src/system_time.c.obj
[523/1044] Building C object esp-idf/esp_hw_support/CMakeFiles/__idf_esp_hw_support.dir/port/esp32s3/esp_memprot.c.obj
[524/1044] Building C object esp-idf/esp_hw_support/CMakeFiles/__idf_esp_hw_support.dir/dma/gdma.c.obj
[525/1044] Linking C static library esp-idf/newlib/libnewlib.a
[356/1049] Building C object esp-idf/esp_timer/CMakeFiles/__idf_esp_timer.dir/src/esp_timer_impl_common.c.obj
[526/1044] Building C object esp-idf/hal/CMakeFiles/__idf_hal.dir/color_hal.c.obj
[527/1044] Building C object esp-idf/hal/CMakeFiles/__idf_hal.dir/esp32s3/efuse_hal.c.obj
[528/1044] Building C object esp-idf/hal/CMakeFiles/__idf_hal.dir/uart_hal_iram.c.obj
[357/1049] Building C object esp-idf/esp_ringbuf/CMakeFiles/__idf_esp_ringbuf.dir/ringbuf.c.obj
[529/1044] Building C object esp-idf/hal/CMakeFiles/__idf_hal.dir/efuse_hal.c.obj
[530/1044] Building C object esp-idf/hal/CMakeFiles/__idf_hal.dir/gpio_hal.c.obj
[531/1044] Building C object esp-idf/hal/CMakeFiles/__idf_hal.dir/spi_flash_encrypt_hal_iram.c.obj
[358/1049] Building C object esp-idf/esp_driver_uart/CMakeFiles/__idf_esp_driver_uart.dir/src/uhci.c.obj
[532/1044] Building C object esp-idf/hal/CMakeFiles/__idf_hal.dir/esp32s3/clk_tree_hal.c.obj
[533/1044] Linking C static library esp-idf/freertos/libfreertos.a
[534/1044] Building C object esp-idf/hal/CMakeFiles/__idf_hal.dir/ledc_hal.c.obj
[535/1044] Building C object esp-idf/hal/CMakeFiles/__idf_hal.dir/spi_flash_hal.c.obj
[536/1044] Building C object esp-idf/hal/CMakeFiles/__idf_hal.dir/mmu_hal.c.obj
[359/1049] Building C object esp-idf/esp_timer/CMakeFiles/__idf_esp_timer.dir/src/ets_timer_legacy.c.obj
[537/1044] Building C object esp-idf/hal/CMakeFiles/__idf_hal.dir/systimer_hal.c.obj
[360/1049] Building CXX object esp-idf/cxx/CMakeFiles/__idf_cxx.dir/cxx_exception_stubs.cpp.obj
[538/1044] Building C object esp-idf/hal/CMakeFiles/__idf_hal.dir/ledc_hal_iram.c.obj
[539/1044] Building C object esp-idf/hal/CMakeFiles/__idf_hal.dir/pcnt_hal.c.obj
[540/1044] Building C object esp-idf/hal/CMakeFiles/__idf_hal.dir/rmt_hal.c.obj
[541/1044] Building C object esp-idf/hal/CMakeFiles/__idf_hal.dir/timer_hal.c.obj
[361/1049] Building CXX object esp-idf/nvs_flash/CMakeFiles/__idf_nvs_flash.dir/src/nvs_encrypted_partition.cpp.obj
[542/1044] Building C object esp-idf/hal/CMakeFiles/__idf_hal.dir/rtc_io_hal.c.obj
[543/1044] Building C object esp-idf/hal/CMakeFiles/__idf_hal.dir/uhci_hal.c.obj
[544/1044] Building C object esp-idf/hal/CMakeFiles/__idf_hal.dir/uart_hal.c.obj
[545/1044] Building C object esp-idf/hal/CMakeFiles/__idf_hal.dir/i2c_hal_iram.c.obj
[546/1044] Building C object esp-idf/heap/CMakeFiles/__idf_heap.dir/heap_caps.c.obj
[547/1044] Building C object esp-idf/hal/CMakeFiles/__idf_hal.dir/sdmmc_hal.c.obj
[548/1044] Building C object esp-idf/hal/CMakeFiles/__idf_hal.dir/mcpwm_hal.c.obj
[549/1044] Linking C static library esp-idf/esp_hw_support/libesp_hw_support.a
[550/1044] Building C object esp-idf/heap/CMakeFiles/__idf_heap.dir/tlsf/tlsf.c.obj
[551/1044] Building C object esp-idf/hal/CMakeFiles/__idf_hal.dir/sdm_hal.c.obj
[552/1044] Building C object esp-idf/hal/CMakeFiles/__idf_hal.dir/gdma_hal_top.c.obj
[362/1049] Building C object esp-idf/pthread/CMakeFiles/__idf_pthread.dir/pthread_rwlock.c.obj
[553/1044] Building C object esp-idf/hal/CMakeFiles/__idf_hal.dir/i2c_hal.c.obj
[363/1049] Building CXX object esp-idf/cxx/CMakeFiles/__idf_cxx.dir/cxx_init.cpp.obj
[554/1044] Building C object esp-idf/hal/CMakeFiles/__idf_hal.dir/aes_hal.c.obj
[364/1049] Building C object esp-idf/esp_timer/CMakeFiles/__idf_esp_timer.dir/src/esp_timer_impl_systimer.c.obj
[555/1044] Building C object esp-idf/hal/CMakeFiles/__idf_hal.dir/lcd_hal.c.obj
[556/1044] Linking C static library esp-idf/soc/libsoc.a
[557/1044] Building C object esp-idf/hal/CMakeFiles/__idf_hal.dir/adc_hal_common.c.obj
[558/1044] Building C object esp-idf/hal/CMakeFiles/__idf_hal.dir/mpi_hal.c.obj
[365/1049] Building C object esp-idf/pthread/CMakeFiles/__idf_pthread.dir/pthread_local_storage.c.obj
[559/1044] Building C object esp-idf/hal/CMakeFiles/__idf_hal.dir/cache_hal.c.obj
[560/1044] Building C object esp-idf/hal/CMakeFiles/__idf_hal.dir/adc_oneshot_hal.c.obj
[561/1044] Building C object esp-idf/hal/CMakeFiles/__idf_hal.dir/gdma_hal_ahb_v1.c.obj
[366/1049] Building C object esp-idf/pthread/CMakeFiles/__idf_pthread.dir/pthread_cond_var.c.obj
[562/1044] Building C object esp-idf/hal/CMakeFiles/__idf_hal.dir/spi_hal.c.obj
[367/1049] Building CXX object esp-idf/nvs_flash/CMakeFiles/__idf_nvs_flash.dir/src/nvs_item_hash_list.cpp.obj
[368/1049] Building C object esp-idf/pthread/CMakeFiles/__idf_pthread.dir/pthread_semaphore.c.obj
[369/1049] Building C object esp-idf/newlib/CMakeFiles/__idf_newlib.dir/src/init.c.obj
[563/1044] Building C object esp-idf/hal/CMakeFiles/__idf_hal.dir/brownout_hal.c.obj
[564/1044] Building C object esp-idf/hal/CMakeFiles/__idf_hal.dir/twai_hal_sja1000.c.obj
[370/1049] Building C object esp-idf/newlib/CMakeFiles/__idf_newlib.dir/src/assert.c.obj
[565/1044] Building C object esp-idf/hal/CMakeFiles/__idf_hal.dir/hmac_hal.c.obj
[566/1044] Linking C static library esp-idf/heap/libheap.a
[371/1049] Building C object esp-idf/newlib/CMakeFiles/__idf_newlib.dir/src/abort.c.obj
[567/1044] Building C object esp-idf/hal/CMakeFiles/__idf_hal.dir/sha_hal.c.obj
[372/1049] Building C object esp-idf/newlib/CMakeFiles/__idf_newlib.dir/src/heap.c.obj
[568/1044] Building C object esp-idf/hal/CMakeFiles/__idf_hal.dir/usb_serial_jtag_hal.c.obj
[373/1049] Building C object esp-idf/pthread/CMakeFiles/__idf_pthread.dir/pthread.c.obj
[374/1049] Building C object esp-idf/newlib/CMakeFiles/__idf_newlib.dir/src/poll.c.obj
[569/1044] Building C object esp-idf/hal/CMakeFiles/__idf_hal.dir/ds_hal.c.obj
[375/1049] Building CXX object esp-idf/cxx/CMakeFiles/__idf_cxx.dir/cxx_guards.cpp.obj
[376/1049] Building C object esp-idf/newlib/CMakeFiles/__idf_newlib.dir/src/termios.c.obj
[570/1044] Building C object esp-idf/hal/CMakeFiles/__idf_hal.dir/spi_slave_hal.c.obj
[377/1049] Building C object esp-idf/newlib/CMakeFiles/__idf_newlib.dir/src/random.c.obj
[378/1049] Building C object esp-idf/newlib/CMakeFiles/__idf_newlib.dir/src/getentropy.c.obj
[571/1044] Linking C static library esp-idf/log/liblog.a
[572/1044] Building C object esp-idf/hal/CMakeFiles/__idf_hal.dir/temperature_sensor_hal.c.obj
[573/1044] Building C object esp-idf/hal/CMakeFiles/__idf_hal.dir/spi_flash_hal_gpspi.c.obj
[574/1044] Building C object esp-idf/hal/CMakeFiles/__idf_hal.dir/touch_sensor_hal.c.obj
[379/1049] Building C object esp-idf/newlib/CMakeFiles/__idf_newlib.dir/src/pthread.c.obj
[575/1044] Building C object esp-idf/hal/CMakeFiles/__idf_hal.dir/xt_wdt_hal.c.obj
[380/1049] Building C object esp-idf/newlib/CMakeFiles/__idf_newlib.dir/src/locks.c.obj
[576/1044] Building C object esp-idf/hal/CMakeFiles/__idf_hal.dir/cam_hal.c.obj
[577/1044] Building C object esp-idf/hal/CMakeFiles/__idf_hal.dir/adc_hal.c.obj
[578/1044] Building C object esp-idf/esp_rom/CMakeFiles/__idf_esp_rom.dir/patches/esp_rom_sys.c.obj
[381/1049] Building C object esp-idf/newlib/CMakeFiles/__idf_newlib.dir/src/scandir.c.obj
[382/1049] Building C object esp-idf/newlib/CMakeFiles/__idf_newlib.dir/src/realpath.c.obj
[579/1044] Building C object esp-idf/hal/CMakeFiles/__idf_hal.dir/spi_hal_iram.c.obj
[580/1044] Building C object esp-idf/hal/CMakeFiles/__idf_hal.dir/i2s_hal.c.obj
[581/1044] Building C object esp-idf/hal/CMakeFiles/__idf_hal.dir/spi_flash_hal_iram.c.obj
[383/1049] Building CXX object esp-idf/nvs_flash/CMakeFiles/__idf_nvs_flash.dir/src/nvs_handle_simple.cpp.obj
[582/1044] Building C object esp-idf/hal/CMakeFiles/__idf_hal.dir/spi_slave_hal_iram.c.obj
[384/1049] Building C object esp-idf/newlib/CMakeFiles/__idf_newlib.dir/src/time.c.obj
[583/1044] Building ASM object esp-idf/esp_rom/CMakeFiles/__idf_esp_rom.dir/patches/esp_rom_longjmp.S.obj
[385/1049] Building C object esp-idf/newlib/CMakeFiles/__idf_newlib.dir/src/sysconf.c.obj
[584/1044] Building C object esp-idf/hal/CMakeFiles/__idf_hal.dir/esp32s3/rtc_cntl_hal.c.obj
[585/1044] Building C object esp-idf/hal/CMakeFiles/__idf_hal.dir/usb_wrap_hal.c.obj
[586/1044] Building C object esp-idf/esp_rom/CMakeFiles/__idf_esp_rom.dir/patches/esp_rom_crc.c.obj
[386/1049] Building C object esp-idf/newlib/CMakeFiles/__idf_newlib.dir/src/syscalls.c.obj
[587/1044] Building C object esp-idf/esp_rom/CMakeFiles/__idf_esp_rom.dir/patches/esp_rom_serial_output.c.obj
[588/1044] Building C object esp-idf/esp_rom/CMakeFiles/__idf_esp_rom.dir/patches/esp_rom_wdt.c.obj
[589/1044] Building ASM object esp-idf/esp_rom/CMakeFiles/__idf_esp_rom.dir/patches/esp_rom_cache_writeback_esp32s3.S.obj
[387/1049] Building C object esp-idf/newlib/CMakeFiles/__idf_newlib.dir/src/stdatomic.c.obj
[590/1044] Building C object esp-idf/hal/CMakeFiles/__idf_hal.dir/esp32s3/touch_sensor_hal.c.obj
[388/1049] Building C object esp-idf/newlib/CMakeFiles/__idf_newlib.dir/src/reent_syscalls.c.obj
[591/1044] Building C object esp-idf/hal/CMakeFiles/__idf_hal.dir/touch_sens_hal.c.obj
[389/1049] Building C object esp-idf/newlib/CMakeFiles/__idf_newlib.dir/src/reent_init.c.obj
[592/1044] Building C object esp-idf/hal/CMakeFiles/__idf_hal.dir/usb_dwc_hal.c.obj
[390/1049] Building C object esp-idf/newlib/CMakeFiles/__idf_newlib.dir/src/port/esp_time_impl.c.obj
[593/1044] Building C object esp-idf/esp_rom/CMakeFiles/__idf_esp_rom.dir/patches/esp_rom_efuse.c.obj
[594/1044] Building C object esp-idf/esp_rom/CMakeFiles/__idf_esp_rom.dir/patches/esp_rom_gpio.c.obj
[595/1044] Building C object esp-idf/esp_rom/CMakeFiles/__idf_esp_rom.dir/patches/esp_rom_systimer.c.obj
[391/1049] Building C object esp-idf/newlib/CMakeFiles/__idf_newlib.dir/src/flockfile.c.obj
[596/1044] Building C object esp-idf/esp_system/CMakeFiles/__idf_esp_system.dir/esp_system_console.c.obj
[597/1044] Building C object esp-idf/esp_rom/CMakeFiles/__idf_esp_rom.dir/patches/esp_rom_spiflash.c.obj
[392/1049] Building CXX object esp-idf/nvs_flash/CMakeFiles/__idf_nvs_flash.dir/src/nvs_cxx_api.cpp.obj
[393/1049] Building C object esp-idf/newlib/CMakeFiles/__idf_newlib.dir/src/newlib_init.c.obj
[598/1044] Building C object esp-idf/esp_rom/CMakeFiles/__idf_esp_rom.dir/patches/esp_rom_print.c.obj
[599/1044] Building C object esp-idf/hal/CMakeFiles/__idf_hal.dir/spi_slave_hd_hal.c.obj
[600/1044] Building C object esp-idf/esp_rom/CMakeFiles/__idf_esp_rom.dir/patches/esp_rom_cache_esp32s2_esp32s3.c.obj
[601/1044] Building C object esp-idf/esp_system/CMakeFiles/__idf_esp_system.dir/stack_check.c.obj
[394/1049] Building C object esp-idf/freertos/CMakeFiles/__idf_freertos.dir/port_common.c.obj
[602/1044] Building C object esp-idf/esp_system/CMakeFiles/__idf_esp_system.dir/esp_err.c.obj
[603/1044] Building C object esp-idf/esp_system/CMakeFiles/__idf_esp_system.dir/int_wdt.c.obj
[604/1044] Building C object esp-idf/esp_system/CMakeFiles/__idf_esp_system.dir/ubsan.c.obj
[395/1049] Building C object esp-idf/freertos/CMakeFiles/__idf_freertos.dir/app_startup.c.obj
[605/1044] Building C object esp-idf/esp_system/CMakeFiles/__idf_esp_system.dir/esp_system.c.obj
[396/1049] Building C object esp-idf/freertos/CMakeFiles/__idf_freertos.dir/FreeRTOS-Kernel/list.c.obj
[397/1049] Building ASM object esp-idf/freertos/CMakeFiles/__idf_freertos.dir/FreeRTOS-Kernel/portable/xtensa/portasm.S.obj
[606/1044] Building C object esp-idf/esp_system/CMakeFiles/__idf_esp_system.dir/freertos_hooks.c.obj
[398/1049] Building C object esp-idf/freertos/CMakeFiles/__idf_freertos.dir/heap_idf.c.obj
[399/1049] Building C object esp-idf/freertos/CMakeFiles/__idf_freertos.dir/port_systick.c.obj
[607/1044] Building C object esp-idf/esp_system/CMakeFiles/__idf_esp_system.dir/startup.c.obj
[608/1044] Building C object esp-idf/esp_system/CMakeFiles/__idf_esp_system.dir/esp_ipc.c.obj
[609/1044] Building C object esp-idf/esp_system/CMakeFiles/__idf_esp_system.dir/system_time.c.obj
[610/1044] Building C object esp-idf/esp_system/CMakeFiles/__idf_esp_system.dir/crosscore_int.c.obj
[611/1044] Linking C static library esp-idf/hal/libhal.a
[400/1049] Building C object esp-idf/freertos/CMakeFiles/__idf_freertos.dir/FreeRTOS-Kernel/portable/xtensa/xtensa_init.c.obj
[612/1044] Building ASM object esp-idf/esp_system/CMakeFiles/__idf_esp_system.dir/port/arch/xtensa/esp_ipc_isr_routines.S.obj
[613/1044] Building C object esp-idf/esp_system/CMakeFiles/__idf_esp_system.dir/xt_wdt.c.obj
[614/1044] Building ASM object esp-idf/esp_system/CMakeFiles/__idf_esp_system.dir/port/arch/xtensa/esp_ipc_isr_handler.S.obj
[615/1044] Building C object esp-idf/esp_system/CMakeFiles/__idf_esp_system.dir/task_wdt/task_wdt_impl_timergroup.c.obj
[401/1049] Building C object esp-idf/freertos/CMakeFiles/__idf_freertos.dir/FreeRTOS-Kernel/event_groups.c.obj
[616/1044] Building C object esp-idf/esp_system/CMakeFiles/__idf_esp_system.dir/panic.c.obj
[617/1044] Building C object esp-idf/esp_system/CMakeFiles/__idf_esp_system.dir/port/arch/xtensa/esp_ipc_isr_port.c.obj
[618/1044] Building C object esp-idf/esp_system/CMakeFiles/__idf_esp_system.dir/port/esp_ipc_isr.c.obj
[402/1049] Building C object esp-idf/esp_hw_support/CMakeFiles/__idf_esp_hw_support.dir/cpu.c.obj
[619/1044] Building ASM object esp-idf/esp_system/CMakeFiles/__idf_esp_system.dir/port/arch/xtensa/panic_handler_asm.S.obj
[620/1044] Linking C static library esp-idf/esp_rom/libesp_rom.a
[621/1044] Building C object esp-idf/esp_system/CMakeFiles/__idf_esp_system.dir/startup_funcs.c.obj
[622/1044] Building ASM object esp-idf/esp_system/CMakeFiles/__idf_esp_system.dir/port/arch/xtensa/expression_with_stack_asm.S.obj
[623/1044] Building ASM object esp-idf/esp_system/CMakeFiles/__idf_esp_system.dir/port/arch/xtensa/debug_helpers_asm.S.obj
[403/1049] Building C object esp-idf/freertos/CMakeFiles/__idf_freertos.dir/FreeRTOS-Kernel/portable/xtensa/port.c.obj
[624/1044] Building C object esp-idf/esp_system/CMakeFiles/__idf_esp_system.dir/port/esp_system_chip.c.obj
[625/1044] Building C object esp-idf/esp_system/CMakeFiles/__idf_esp_system.dir/port/image_process.c.obj
[404/1049] Building CXX object esp-idf/nvs_flash/CMakeFiles/__idf_nvs_flash.dir/src/nvs_types.cpp.obj
[405/1049] Building C object esp-idf/esp_hw_support/CMakeFiles/__idf_esp_hw_support.dir/port/esp32s3/esp_cpu_intr.c.obj
[626/1044] Building ASM object esp-idf/esp_system/CMakeFiles/__idf_esp_system.dir/port/soc/esp32s3/highint_hdl.S.obj
[406/1049] Building C object esp-idf/freertos/CMakeFiles/__idf_freertos.dir/FreeRTOS-Kernel/portable/xtensa/xtensa_overlay_os_hook.c.obj
[407/1049] Building C object esp-idf/esp_hw_support/CMakeFiles/__idf_esp_hw_support.dir/esp_memory_utils.c.obj
[408/1049] Building C object esp-idf/esp_hw_support/CMakeFiles/__idf_esp_hw_support.dir/port/esp32s3/cpu_region_protect.c.obj
[627/1044] Building C object esp-idf/esp_system/CMakeFiles/__idf_esp_system.dir/port/panic_handler.c.obj
[409/1049] Building CXX object esp-idf/nvs_flash/CMakeFiles/__idf_nvs_flash.dir/src/nvs_handle_locked.cpp.obj
[628/1044] Building C object esp-idf/esp_common/CMakeFiles/__idf_esp_common.dir/src/esp_err_to_name.c.obj
[629/1044] Building C object esp-idf/esp_system/CMakeFiles/__idf_esp_system.dir/port/arch/xtensa/expression_with_stack.c.obj
[410/1049] Building C object esp-idf/freertos/CMakeFiles/__idf_freertos.dir/esp_additions/idf_additions_event_groups.c.obj
[630/1044] Building C object esp-idf/esp_system/CMakeFiles/__idf_esp_system.dir/port/arch/xtensa/debug_stubs.c.obj
[631/1044] Building C object esp-idf/esp_system/CMakeFiles/__idf_esp_system.dir/port/arch/xtensa/panic_arch.c.obj
[632/1044] Building C object esp-idf/spi_flash/CMakeFiles/__idf_spi_flash.dir/flash_brownout_hook.c.obj
[411/1049] Building C object esp-idf/freertos/CMakeFiles/__idf_freertos.dir/esp_additions/idf_additions.c.obj
[633/1044] Building C object esp-idf/esp_system/CMakeFiles/__idf_esp_system.dir/port/arch/xtensa/trax.c.obj
[634/1044] Linking C static library esp-idf/esp_common/libesp_common.a
[412/1049] Building C object esp-idf/esp_hw_support/CMakeFiles/__idf_esp_hw_support.dir/revision.c.obj
[413/1049] Building CXX object esp-idf/nvs_flash/CMakeFiles/__idf_nvs_flash.dir/src/nvs_pagemanager.cpp.obj
[414/1049] Building C object esp-idf/freertos/CMakeFiles/__idf_freertos.dir/FreeRTOS-Kernel/timers.c.obj
[635/1044] Building C object esp-idf/esp_system/CMakeFiles/__idf_esp_system.dir/port/soc/esp32s3/apb_backup_dma.c.obj
[636/1044] Building C object esp-idf/esp_system/CMakeFiles/__idf_esp_system.dir/port/cpu_start.c.obj
[637/1044] Building C object esp-idf/spi_flash/CMakeFiles/__idf_spi_flash.dir/spi_flash_hpm_enable.c.obj
[638/1044] Building C object esp-idf/spi_flash/CMakeFiles/__idf_spi_flash.dir/spi_flash_chip_issi.c.obj
[415/1049] Building C object esp-idf/freertos/CMakeFiles/__idf_freertos.dir/FreeRTOS-Kernel/stream_buffer.c.obj
[639/1044] Building C object esp-idf/esp_system/CMakeFiles/__idf_esp_system.dir/port/soc/esp32s3/cache_err_int.c.obj
[416/1049] Building C object esp-idf/esp_hw_support/CMakeFiles/__idf_esp_hw_support.dir/esp_gpio_reserve.c.obj
[640/1044] Building C object esp-idf/esp_system/CMakeFiles/__idf_esp_system.dir/task_wdt/task_wdt.c.obj
[641/1044] Building C object esp-idf/spi_flash/CMakeFiles/__idf_spi_flash.dir/spi_flash_chip_gd.c.obj
[642/1044] Building C object esp-idf/esp_system/CMakeFiles/__idf_esp_system.dir/port/soc/esp32s3/reset_reason.c.obj
[643/1044] Building C object esp-idf/spi_flash/CMakeFiles/__idf_spi_flash.dir/spi_flash_chip_mxic.c.obj
[417/1049] Building C object esp-idf/esp_hw_support/CMakeFiles/__idf_esp_hw_support.dir/esp_clk.c.obj
[644/1044] Building C object esp-idf/spi_flash/CMakeFiles/__idf_spi_flash.dir/esp32s3/spi_flash_oct_flash_init.c.obj
[418/1049] Building C object esp-idf/freertos/CMakeFiles/__idf_freertos.dir/FreeRTOS-Kernel/queue.c.obj
[645/1044] Building C object esp-idf/spi_flash/CMakeFiles/__idf_spi_flash.dir/spi_flash_chip_boya.c.obj
[419/1049] Building C object esp-idf/esp_hw_support/CMakeFiles/__idf_esp_hw_support.dir/clk_ctrl_os.c.obj
[646/1044] Building C object esp-idf/spi_flash/CMakeFiles/__idf_spi_flash.dir/spi_flash_chip_drivers.c.obj
[647/1044] Building C object esp-idf/spi_flash/CMakeFiles/__idf_spi_flash.dir/spi_flash_chip_winbond.c.obj
[420/1049] Building C object esp-idf/esp_hw_support/CMakeFiles/__idf_esp_hw_support.dir/mac_addr.c.obj
[421/1049] Building C object esp-idf/esp_hw_support/CMakeFiles/__idf_esp_hw_support.dir/hw_random.c.obj
[648/1044] Building C object esp-idf/esp_system/CMakeFiles/__idf_esp_system.dir/port/soc/esp32s3/system_internal.c.obj
[649/1044] Building C object esp-idf/spi_flash/CMakeFiles/__idf_spi_flash.dir/spi_flash_chip_th.c.obj
[422/1049] Building C object esp-idf/esp_hw_support/CMakeFiles/__idf_esp_hw_support.dir/rtc_module.c.obj
[423/1049] Building C object esp-idf/esp_hw_support/CMakeFiles/__idf_esp_hw_support.dir/sar_tsens_ctrl.c.obj
[424/1049] Building C object esp-idf/esp_hw_support/CMakeFiles/__idf_esp_hw_support.dir/periph_ctrl.c.obj
[650/1044] Building C object esp-idf/esp_system/CMakeFiles/__idf_esp_system.dir/port/soc/esp32s3/clk.c.obj
[425/1049] Building C object esp-idf/esp_hw_support/CMakeFiles/__idf_esp_hw_support.dir/port/esp32s3/esp_clk_tree.c.obj
[651/1044] Building C object esp-idf/spi_flash/CMakeFiles/__idf_spi_flash.dir/cache_utils.c.obj
[652/1044] Building C object esp-idf/esp_system/CMakeFiles/__idf_esp_system.dir/port/arch/xtensa/debug_helpers.c.obj
[426/1049] Building CXX object esp-idf/nvs_flash/CMakeFiles/__idf_nvs_flash.dir/src/nvs_page.cpp.obj
[653/1044] Building C object esp-idf/esp_mm/CMakeFiles/__idf_esp_mm.dir/port/esp32s3/ext_mem_layout.c.obj
[427/1049] Building C object esp-idf/esp_hw_support/CMakeFiles/__idf_esp_hw_support.dir/dma/esp_dma_utils.c.obj
[654/1044] Building C object esp-idf/spi_flash/CMakeFiles/__idf_spi_flash.dir/spi_flash_chip_mxic_opi.c.obj
[655/1044] Building C object esp-idf/esp_mm/CMakeFiles/__idf_esp_mm.dir/heap_align_hw.c.obj
[428/1049] Building CXX object esp-idf/nvs_flash/CMakeFiles/__idf_nvs_flash.dir/src/nvs_partition_manager.cpp.obj
[429/1049] Building C object esp-idf/esp_hw_support/CMakeFiles/__idf_esp_hw_support.dir/regi2c_ctrl.c.obj
[656/1044] Building C object esp-idf/spi_flash/CMakeFiles/__idf_spi_flash.dir/spi_flash_wrap.c.obj
[657/1044] Building C object esp-idf/spi_flash/CMakeFiles/__idf_spi_flash.dir/memspi_host_driver.c.obj
[658/1044] Building C object esp-idf/esp_mm/CMakeFiles/__idf_esp_mm.dir/esp_cache_utils.c.obj
[659/1044] Building C object esp-idf/spi_flash/CMakeFiles/__idf_spi_flash.dir/flash_mmap.c.obj
[660/1044] Building C object esp-idf/spi_flash/CMakeFiles/__idf_spi_flash.dir/spi_flash_os_func_noos.c.obj
[430/1049] Building C object esp-idf/esp_hw_support/CMakeFiles/__idf_esp_hw_support.dir/sleep_usb.c.obj
[661/1044] Building C object esp-idf/spi_flash/CMakeFiles/__idf_spi_flash.dir/spi_flash_chip_generic.c.obj
[431/1049] Building C object esp-idf/esp_hw_support/CMakeFiles/__idf_esp_hw_support.dir/port/esp32s3/io_mux.c.obj
[432/1049] Building C object esp-idf/esp_hw_support/CMakeFiles/__idf_esp_hw_support.dir/port/esp_clk_tree_common.c.obj
[433/1049] Building C object esp-idf/esp_hw_support/CMakeFiles/__idf_esp_hw_support.dir/clk_utils.c.obj
[434/1049] Building C object esp-idf/esp_hw_support/CMakeFiles/__idf_esp_hw_support.dir/sleep_console.c.obj
[662/1044] Building C object esp-idf/bootloader_support/CMakeFiles/__idf_bootloader_support.dir/src/bootloader_clock_init.c.obj
[663/1044] Building C object esp-idf/bootloader_support/CMakeFiles/__idf_bootloader_support.dir/src/bootloader_mem.c.obj
[664/1044] Building C object esp-idf/bootloader_support/CMakeFiles/__idf_bootloader_support.dir/src/bootloader_random.c.obj
[435/1049] Building C object esp-idf/esp_hw_support/CMakeFiles/__idf_esp_hw_support.dir/sleep_modem.c.obj
[436/1049] Building C object esp-idf/esp_hw_support/CMakeFiles/__idf_esp_hw_support.dir/adc_share_hw_ctrl.c.obj
[665/1044] Linking C static library esp-idf/esp_system/libesp_system.a
[666/1044] Building C object esp-idf/spi_flash/CMakeFiles/__idf_spi_flash.dir/flash_ops.c.obj
[667/1044] Building C object esp-idf/bootloader_support/CMakeFiles/__idf_bootloader_support.dir/src/bootloader_common.c.obj
[437/1049] Building C object esp-idf/esp_hw_support/CMakeFiles/__idf_esp_hw_support.dir/port/esp32s3/systimer.c.obj
[668/1044] Building C object esp-idf/bootloader_support/CMakeFiles/__idf_bootloader_support.dir/src/bootloader_efuse.c.obj
[669/1044] Building C object esp-idf/bootloader_support/CMakeFiles/__idf_bootloader_support.dir/src/secure_boot.c.obj
[670/1044] Building C object esp-idf/esp_mm/CMakeFiles/__idf_esp_mm.dir/esp_cache_msync.c.obj
[438/1049] Building C object esp-idf/esp_hw_support/CMakeFiles/__idf_esp_hw_support.dir/intr_alloc.c.obj
[671/1044] Building C object esp-idf/bootloader_support/CMakeFiles/__idf_bootloader_support.dir/src/flash_partitions.c.obj
[439/1049] Building C object esp-idf/esp_hw_support/CMakeFiles/__idf_esp_hw_support.dir/sleep_event.c.obj
[440/1049] Building C object esp-idf/esp_hw_support/CMakeFiles/__idf_esp_hw_support.dir/dma/esp_async_memcpy.c.obj
[672/1044] Building C object esp-idf/mbedtls/mbedtls/library/CMakeFiles/mbedtls.dir/mps_reader.c.obj
[673/1044] Building C object esp-idf/bootloader_support/CMakeFiles/__idf_bootloader_support.dir/src/flash_encrypt.c.obj
[441/1049] Building C object esp-idf/esp_hw_support/CMakeFiles/__idf_esp_hw_support.dir/spi_bus_lock.c.obj
[674/1044] Building C object esp-idf/spi_flash/CMakeFiles/__idf_spi_flash.dir/spi_flash_os_func_app.c.obj
[442/1049] Building C object esp-idf/freertos/CMakeFiles/__idf_freertos.dir/FreeRTOS-Kernel/tasks.c.obj
[675/1044] Building C object esp-idf/bootloader_support/CMakeFiles/__idf_bootloader_support.dir/src/esp32s3/secure_boot_secure_features.c.obj
[443/1049] Building C object esp-idf/esp_hw_support/CMakeFiles/__idf_esp_hw_support.dir/sleep_wake_stub.c.obj
[676/1044] Building C object esp-idf/mbedtls/mbedtls/library/CMakeFiles/mbedtls.dir/mps_trace.c.obj
[677/1044] Building C object esp-idf/mbedtls/mbedtls/library/CMakeFiles/mbedtls.dir/debug.c.obj
[444/1049] Building C object esp-idf/esp_hw_support/CMakeFiles/__idf_esp_hw_support.dir/dma/gdma_link.c.obj
[445/1049] Building C object esp-idf/esp_hw_support/CMakeFiles/__idf_esp_hw_support.dir/spi_share_hw_ctrl.c.obj
[446/1049] Building CXX object esp-idf/nvs_flash/CMakeFiles/__idf_nvs_flash.dir/src/nvs_api.cpp.obj
[678/1044] Building C object esp-idf/spi_flash/CMakeFiles/__idf_spi_flash.dir/esp_flash_spi_init.c.obj
[679/1044] Building C object esp-idf/bootloader_support/CMakeFiles/__idf_bootloader_support.dir/src/bootloader_sha.c.obj
[680/1044] Building C object esp-idf/bootloader_support/CMakeFiles/__idf_bootloader_support.dir/src/bootloader_common_loader.c.obj
[681/1044] Building C object esp-idf/bootloader_support/CMakeFiles/__idf_bootloader_support.dir/src/bootloader_random_esp32s3.c.obj
[682/1044] Building C object esp-idf/mbedtls/mbedtls/library/CMakeFiles/mbedtls.dir/ssl_cookie.c.obj
[447/1049] Building C object esp-idf/esp_hw_support/CMakeFiles/__idf_esp_hw_support.dir/port/esp32s3/rtc_clk_init.c.obj
[683/1044] Building C object esp-idf/bootloader_support/CMakeFiles/__idf_bootloader_support.dir/bootloader_flash/src/bootloader_flash_config_esp32s3.c.obj
[448/1049] Building C object esp-idf/esp_hw_support/CMakeFiles/__idf_esp_hw_support.dir/power_supply/brownout.c.obj
[449/1049] Building C object esp-idf/esp_hw_support/CMakeFiles/__idf_esp_hw_support.dir/mspi_timing_tuning/mspi_timing_tuning.c.obj
[684/1044] Building C object esp-idf/bootloader_support/CMakeFiles/__idf_bootloader_support.dir/bootloader_flash/src/bootloader_flash.c.obj
[450/1049] Building C object esp-idf/esp_hw_support/CMakeFiles/__idf_esp_hw_support.dir/sleep_gpio.c.obj
[451/1049] Building C object esp-idf/esp_hw_support/CMakeFiles/__idf_esp_hw_support.dir/esp_clock_output.c.obj
[685/1044] Building C object esp-idf/mbedtls/mbedtls/library/CMakeFiles/mbedtls.dir/ssl_tls13_server.c.obj
[452/1049] Building C object esp-idf/esp_hw_support/CMakeFiles/__idf_esp_hw_support.dir/port/esp_memprot_conv.c.obj
[453/1049] Building C object esp-idf/esp_hw_support/CMakeFiles/__idf_esp_hw_support.dir/port/esp32s3/chip_info.c.obj
[686/1044] Building C object esp-idf/mbedtls/mbedtls/library/CMakeFiles/mbedtls.dir/ssl_debug_helpers_generated.c.obj
[454/1049] Building C object esp-idf/esp_hw_support/CMakeFiles/__idf_esp_hw_support.dir/port/esp32s3/rtc_sleep.c.obj
[687/1044] Building C object esp-idf/esp_mm/CMakeFiles/__idf_esp_mm.dir/esp_mmu_map.c.obj
[688/1044] Building C object esp-idf/mbedtls/mbedtls/library/CMakeFiles/mbedtls.dir/ssl_tls13_keys.c.obj
[689/1044] Building C object esp-idf/bootloader_support/CMakeFiles/__idf_bootloader_support.dir/bootloader_flash/src/flash_qio_mode.c.obj
[455/1049] Building C object esp-idf/soc/CMakeFiles/__idf_soc.dir/dport_access_common.c.obj
[690/1044] Building C object esp-idf/mbedtls/mbedtls/library/CMakeFiles/mbedtls.dir/ssl_tls13_client.c.obj
[456/1049] Building C object esp-idf/soc/CMakeFiles/__idf_soc.dir/lldesc.c.obj
[457/1049] Building C object esp-idf/soc/CMakeFiles/__idf_soc.dir/esp32s3/interrupts.c.obj
[458/1049] Building C object esp-idf/esp_hw_support/CMakeFiles/__idf_esp_hw_support.dir/usb_phy/usb_phy.c.obj
[459/1049] Building C object esp-idf/soc/CMakeFiles/__idf_soc.dir/esp32s3/uart_periph.c.obj
[691/1044] Building C object esp-idf/mbedtls/mbedtls/library/CMakeFiles/mbedtls.dir/ssl_ticket.c.obj
[692/1044] Building C object esp-idf/mbedtls/mbedtls/library/CMakeFiles/mbedtls.dir/ssl_cache.c.obj
[693/1044] Building C object esp-idf/spi_flash/CMakeFiles/__idf_spi_flash.dir/esp_flash_api.c.obj
[694/1044] Building C object esp-idf/mbedtls/mbedtls/library/CMakeFiles/mbedtls.dir/ssl_ciphersuites.c.obj
[695/1044] Building C object esp-idf/mbedtls/mbedtls/library/CMakeFiles/mbedtls.dir/ssl_tls13_generic.c.obj
[460/1049] Building C object esp-idf/soc/CMakeFiles/__idf_soc.dir/esp32s3/dedic_gpio_periph.c.obj
[461/1049] Building C object esp-idf/esp_hw_support/CMakeFiles/__idf_esp_hw_support.dir/port/esp32s3/rtc_time.c.obj
[462/1049] Building C object esp-idf/esp_hw_support/CMakeFiles/__idf_esp_hw_support.dir/mspi_timing_tuning/port/esp32s3/mspi_timing_config.c.obj
[696/1044] Building C object 'esp-idf/mbedtls/mbedtls/library/CMakeFiles/mbedtls.dir/home/tikhon/Документы/magnolia/esp-idf/components/mbedtls/port/esp_platform_time.c.obj'
[463/1049] Building C object esp-idf/soc/CMakeFiles/__idf_soc.dir/esp32s3/gdma_periph.c.obj
[464/1049] Building C object esp-idf/esp_hw_support/CMakeFiles/__idf_esp_hw_support.dir/port/esp32s3/rtc_init.c.obj
[465/1049] Building C object esp-idf/soc/CMakeFiles/__idf_soc.dir/esp32s3/adc_periph.c.obj
[466/1049] Building C object esp-idf/soc/CMakeFiles/__idf_soc.dir/esp32s3/gpio_periph.c.obj
[467/1049] Building C object esp-idf/esp_hw_support/CMakeFiles/__idf_esp_hw_support.dir/lowpower/port/esp32s3/sleep_cpu.c.obj
[697/1044] Building C object 'esp-idf/mbedtls/mbedtls/library/CMakeFiles/mbedtls.dir/home/tikhon/Документы/magnolia/esp-idf/components/mbedtls/port/mbedtls_debug.c.obj'
[468/1049] Building C object esp-idf/soc/CMakeFiles/__idf_soc.dir/esp32s3/ledc_periph.c.obj
[469/1049] Building C object esp-idf/soc/CMakeFiles/__idf_soc.dir/esp32s3/spi_periph.c.obj
[470/1049] Building C object esp-idf/esp_hw_support/CMakeFiles/__idf_esp_hw_support.dir/mspi_timing_tuning/port/esp32s3/mspi_timing_by_mspi_delay.c.obj
[471/1049] Building C object esp-idf/soc/CMakeFiles/__idf_soc.dir/esp32s3/rmt_periph.c.obj
[698/1044] Building C object esp-idf/bootloader_support/CMakeFiles/__idf_bootloader_support.dir/src/bootloader_utility.c.obj
[699/1044] Building C object esp-idf/mbedtls/mbedtls/library/CMakeFiles/mbedx509.dir/x509_create.c.obj
[472/1049] Building C object esp-idf/soc/CMakeFiles/__idf_soc.dir/esp32s3/pcnt_periph.c.obj
[473/1049] Building C object esp-idf/soc/CMakeFiles/__idf_soc.dir/esp32s3/sdm_periph.c.obj
[474/1049] Building C object esp-idf/esp_hw_support/CMakeFiles/__idf_esp_hw_support.dir/dma/async_memcpy_gdma.c.obj
[475/1049] Building C object esp-idf/soc/CMakeFiles/__idf_soc.dir/esp32s3/i2c_periph.c.obj
[476/1049] Building C object esp-idf/soc/CMakeFiles/__idf_soc.dir/esp32s3/timer_periph.c.obj
[477/1049] Building C object esp-idf/soc/CMakeFiles/__idf_soc.dir/esp32s3/lcd_periph.c.obj
[700/1044] Linking C static library esp-idf/spi_flash/libspi_flash.a
[701/1044] Building C object esp-idf/mbedtls/mbedtls/library/CMakeFiles/mbedx509.dir/x509write_crt.c.obj
[702/1044] Building C object esp-idf/mbedtls/mbedtls/library/CMakeFiles/mbedx509.dir/x509write.c.obj
[478/1049] Building C object esp-idf/esp_hw_support/CMakeFiles/__idf_esp_hw_support.dir/dma/gdma.c.obj
[479/1049] Building C object esp-idf/esp_hw_support/CMakeFiles/__idf_esp_hw_support.dir/port/esp32s3/sar_periph_ctrl.c.obj
[480/1049] Building C object esp-idf/soc/CMakeFiles/__idf_soc.dir/esp32s3/temperature_sensor_periph.c.obj
[481/1049] Building C object esp-idf/soc/CMakeFiles/__idf_soc.dir/esp32s3/mcpwm_periph.c.obj
[482/1049] Building C object esp-idf/soc/CMakeFiles/__idf_soc.dir/esp32s3/touch_sensor_periph.c.obj
[483/1049] Building C object esp-idf/soc/CMakeFiles/__idf_soc.dir/esp32s3/i2s_periph.c.obj
[703/1044] Building C object esp-idf/mbedtls/mbedtls/library/CMakeFiles/mbedtls.dir/ssl_client.c.obj
[484/1049] Building C object esp-idf/soc/CMakeFiles/__idf_soc.dir/esp32s3/mpi_periph.c.obj
[704/1044] Building C object esp-idf/mbedtls/mbedtls/library/CMakeFiles/mbedx509.dir/x509write_csr.c.obj
[485/1049] Building C object esp-idf/soc/CMakeFiles/__idf_soc.dir/esp32s3/twai_periph.c.obj
[486/1049] Building C object esp-idf/soc/CMakeFiles/__idf_soc.dir/esp32s3/usb_dwc_periph.c.obj
[487/1049] Building C object esp-idf/soc/CMakeFiles/__idf_soc.dir/esp32s3/cam_periph.c.obj
[705/1044] Linking C static library esp-idf/esp_mm/libesp_mm.a
[706/1044] Building C object esp-idf/bootloader_support/CMakeFiles/__idf_bootloader_support.dir/src/esp_image_format.c.obj
[707/1044] Building C object esp-idf/mbedtls/mbedtls/library/CMakeFiles/mbedx509.dir/x509_crl.c.obj
[488/1049] Building C object esp-idf/esp_hw_support/CMakeFiles/__idf_esp_hw_support.dir/sleep_modes.c.obj
[708/1044] Building C object esp-idf/mbedtls/mbedtls/library/CMakeFiles/mbedx509.dir/pkcs7.c.obj
[489/1049] Building C object esp-idf/soc/CMakeFiles/__idf_soc.dir/esp32s3/sdmmc_periph.c.obj
[709/1044] Building C object esp-idf/mbedtls/mbedtls/library/CMakeFiles/mbedcrypto.dir/aesce.c.obj
[490/1049] Building C object esp-idf/soc/CMakeFiles/__idf_soc.dir/esp32s3/power_supply_periph.c.obj
[710/1044] Building C object esp-idf/mbedtls/mbedtls/library/CMakeFiles/mbedcrypto.dir/aesni.c.obj
[491/1049] Building C object esp-idf/soc/CMakeFiles/__idf_soc.dir/esp32s3/wdt_periph.c.obj
[492/1049] Building C object esp-idf/heap/CMakeFiles/__idf_heap.dir/port/esp32s3/memory_layout.c.obj
[493/1049] Building C object esp-idf/esp_hw_support/CMakeFiles/__idf_esp_hw_support.dir/port/esp32s3/rtc_clk.c.obj
[494/1049] Building C object esp-idf/soc/CMakeFiles/__idf_soc.dir/esp32s3/rtc_io_periph.c.obj
[711/1044] Building C object esp-idf/mbedtls/mbedtls/library/CMakeFiles/mbedcrypto.dir/bignum_mod.c.obj
[495/1049] Building C object esp-idf/heap/CMakeFiles/__idf_heap.dir/heap_caps_base.c.obj
[496/1049] Building C object esp-idf/log/CMakeFiles/__idf_log.dir/src/util.c.obj
[497/1049] Building C object esp-idf/log/CMakeFiles/__idf_log.dir/src/os/log_timestamp.c.obj
[498/1049] Building C object esp-idf/heap/CMakeFiles/__idf_heap.dir/port/memory_layout_utils.c.obj
[712/1044] Linking C static library esp-idf/bootloader_support/libbootloader_support.a
[713/1044] Building C object esp-idf/mbedtls/mbedtls/library/CMakeFiles/mbedcrypto.dir/bignum_mod_raw.c.obj
[714/1044] Building C object esp-idf/mbedtls/mbedtls/library/CMakeFiles/mbedcrypto.dir/aes.c.obj
[499/1049] Building C object esp-idf/log/CMakeFiles/__idf_log.dir/src/log_format_text.c.obj
[715/1044] Building C object esp-idf/mbedtls/mbedtls/library/CMakeFiles/mbedx509.dir/x509_csr.c.obj
[716/1044] Building C object esp-idf/mbedtls/mbedtls/library/CMakeFiles/mbedtls.dir/ssl_tls12_client.c.obj
[500/1049] Building C object esp-idf/log/CMakeFiles/__idf_log.dir/src/os/log_write.c.obj
[501/1049] Building C object esp-idf/log/CMakeFiles/__idf_log.dir/src/os/log_lock.c.obj
[502/1049] Building C object esp-idf/log/CMakeFiles/__idf_log.dir/src/log_print.c.obj
[503/1049] Building C object esp-idf/heap/CMakeFiles/__idf_heap.dir/heap_caps_init.c.obj
[504/1049] Building C object esp-idf/log/CMakeFiles/__idf_log.dir/src/os/util.c.obj
[717/1044] Building C object esp-idf/mbedtls/mbedtls/library/CMakeFiles/mbedcrypto.dir/block_cipher.c.obj
[505/1049] Building C object esp-idf/log/CMakeFiles/__idf_log.dir/src/log_level/log_level.c.obj
[506/1049] Building C object esp-idf/log/CMakeFiles/__idf_log.dir/src/log.c.obj
[718/1044] Building C object esp-idf/mbedtls/mbedtls/library/CMakeFiles/mbedcrypto.dir/camellia.c.obj
[507/1049] Building C object esp-idf/log/CMakeFiles/__idf_log.dir/src/buffer/log_buffers.c.obj
[508/1049] Building C object esp-idf/log/CMakeFiles/__idf_log.dir/src/log_timestamp_common.c.obj
[719/1044] Building C object esp-idf/mbedtls/mbedtls/library/CMakeFiles/mbedcrypto.dir/asn1parse.c.obj
[720/1044] Building C object esp-idf/mbedtls/mbedtls/library/CMakeFiles/mbedcrypto.dir/asn1write.c.obj
[509/1049] Building C object esp-idf/log/CMakeFiles/__idf_log.dir/src/log_level/tag_log_level/linked_list/log_linked_list.c.obj
[721/1044] Building C object esp-idf/mbedtls/mbedtls/library/CMakeFiles/mbedcrypto.dir/base64.c.obj
[510/1049] Building C object esp-idf/log/CMakeFiles/__idf_log.dir/src/log_level/tag_log_level/tag_log_level.c.obj
[722/1044] Building C object esp-idf/mbedtls/mbedtls/library/CMakeFiles/mbedcrypto.dir/chacha20.c.obj
[511/1049] Building C object esp-idf/hal/CMakeFiles/__idf_hal.dir/hal_utils.c.obj
[723/1044] Building C object esp-idf/mbedtls/mbedtls/library/CMakeFiles/mbedtls.dir/ssl_tls12_server.c.obj
[512/1049] Building C object esp-idf/hal/CMakeFiles/__idf_hal.dir/color_hal.c.obj
[724/1044] Building C object esp-idf/mbedtls/mbedtls/library/CMakeFiles/mbedcrypto.dir/chachapoly.c.obj
[725/1044] Building C object esp-idf/mbedtls/mbedtls/library/CMakeFiles/mbedtls.dir/ssl_msg.c.obj
[513/1049] Building C object esp-idf/hal/CMakeFiles/__idf_hal.dir/mpu_hal.c.obj
[726/1044] Building C object esp-idf/mbedtls/mbedtls/library/CMakeFiles/mbedcrypto.dir/ccm.c.obj
[514/1049] Building C object esp-idf/heap/CMakeFiles/__idf_heap.dir/multi_heap.c.obj
[727/1044] Building C object esp-idf/mbedtls/mbedtls/library/CMakeFiles/mbedcrypto.dir/des.c.obj
[515/1049] Building C object esp-idf/hal/CMakeFiles/__idf_hal.dir/spi_flash_encrypt_hal_iram.c.obj
[516/1049] Building C object esp-idf/hal/CMakeFiles/__idf_hal.dir/efuse_hal.c.obj
[517/1049] Building C object esp-idf/log/CMakeFiles/__idf_log.dir/src/log_level/tag_log_level/cache/log_binary_heap.c.obj
[728/1044] Building C object esp-idf/mbedtls/mbedtls/library/CMakeFiles/mbedcrypto.dir/aria.c.obj
[729/1044] Building C object 'esp-idf/mbedtls/mbedtls/library/CMakeFiles/mbedtls.dir/home/tikhon/Документы/magnolia/esp-idf/components/mbedtls/port/net_sockets.c.obj'
[730/1044] Building C object esp-idf/mbedtls/mbedtls/library/CMakeFiles/mbedcrypto.dir/ctr_drbg.c.obj
[518/1049] Building CXX object esp-idf/nvs_flash/CMakeFiles/__idf_nvs_flash.dir/src/nvs_storage.cpp.obj
[519/1049] Building C object esp-idf/heap/CMakeFiles/__idf_heap.dir/heap_caps.c.obj
[731/1044] Building C object esp-idf/mbedtls/mbedtls/library/CMakeFiles/mbedcrypto.dir/ecjpake.c.obj
[520/1049] Building C object esp-idf/hal/CMakeFiles/__idf_hal.dir/esp32s3/efuse_hal.c.obj
[521/1049] Building C object esp-idf/hal/CMakeFiles/__idf_hal.dir/uart_hal_iram.c.obj
[522/1049] Building C object esp-idf/hal/CMakeFiles/__idf_hal.dir/cache_hal.c.obj
[523/1049] Building C object esp-idf/hal/CMakeFiles/__idf_hal.dir/systimer_hal.c.obj
[732/1044] Building C object esp-idf/mbedtls/mbedtls/library/CMakeFiles/mbedcrypto.dir/dhm.c.obj
[733/1044] Building C object esp-idf/mbedtls/mbedtls/library/CMakeFiles/mbedx509.dir/x509.c.obj
[734/1044] Building C object esp-idf/mbedtls/mbedtls/library/CMakeFiles/mbedcrypto.dir/constant_time.c.obj
[524/1049] Building C object esp-idf/hal/CMakeFiles/__idf_hal.dir/esp32s3/clk_tree_hal.c.obj
[525/1049] Building C object esp-idf/hal/CMakeFiles/__idf_hal.dir/gpio_hal.c.obj
[526/1049] Building C object esp-idf/hal/CMakeFiles/__idf_hal.dir/timer_hal.c.obj
[735/1044] Building C object esp-idf/mbedtls/mbedtls/library/CMakeFiles/mbedcrypto.dir/bignum_core.c.obj
[527/1049] Building C object esp-idf/hal/CMakeFiles/__idf_hal.dir/mmu_hal.c.obj
[736/1044] Building C object esp-idf/mbedtls/mbedtls/library/CMakeFiles/mbedcrypto.dir/hkdf.c.obj
[528/1049] Linking C static library esp-idf/nvs_flash/libnvs_flash.a
[529/1049] Building C object esp-idf/hal/CMakeFiles/__idf_hal.dir/rtc_io_hal.c.obj
[530/1049] Building C object esp-idf/hal/CMakeFiles/__idf_hal.dir/ledc_hal.c.obj
[531/1049] Building C object esp-idf/hal/CMakeFiles/__idf_hal.dir/spi_flash_hal.c.obj
[737/1044] Building C object esp-idf/mbedtls/mbedtls/library/CMakeFiles/mbedcrypto.dir/ecp_curves_new.c.obj
[738/1044] Building C object esp-idf/mbedtls/mbedtls/library/CMakeFiles/mbedcrypto.dir/entropy_poll.c.obj
[739/1044] Building C object esp-idf/mbedtls/mbedtls/library/CMakeFiles/mbedcrypto.dir/cipher_wrap.c.obj
[532/1049] Building C object esp-idf/hal/CMakeFiles/__idf_hal.dir/pcnt_hal.c.obj
[533/1049] Building C object esp-idf/hal/CMakeFiles/__idf_hal.dir/mcpwm_hal.c.obj
[740/1044] Building C object esp-idf/mbedtls/mbedtls/library/CMakeFiles/mbedcrypto.dir/lms.c.obj
[534/1049] Linking C static library esp-idf/esp_event/libesp_event.a
[741/1044] Building C object esp-idf/mbedtls/mbedtls/library/CMakeFiles/mbedx509.dir/x509_crt.c.obj
[535/1049] Building C object esp-idf/hal/CMakeFiles/__idf_hal.dir/ledc_hal_iram.c.obj
[536/1049] Building C object esp-idf/hal/CMakeFiles/__idf_hal.dir/sdm_hal.c.obj
[742/1044] Building C object esp-idf/mbedtls/mbedtls/library/CMakeFiles/mbedcrypto.dir/lmots.c.obj
[537/1049] Building C object esp-idf/hal/CMakeFiles/__idf_hal.dir/gdma_hal_top.c.obj
[743/1044] Building C object esp-idf/mbedtls/mbedtls/library/CMakeFiles/mbedcrypto.dir/ecdh.c.obj
[538/1049] Building C object esp-idf/hal/CMakeFiles/__idf_hal.dir/spi_flash_hal_iram.c.obj
[539/1049] Building C object esp-idf/hal/CMakeFiles/__idf_hal.dir/rmt_hal.c.obj
[744/1044] Building C object esp-idf/mbedtls/mbedtls/library/CMakeFiles/mbedcrypto.dir/ecdsa.c.obj
[540/1049] Building C object esp-idf/hal/CMakeFiles/__idf_hal.dir/i2c_hal_iram.c.obj
[745/1044] Building C object esp-idf/mbedtls/mbedtls/library/CMakeFiles/mbedcrypto.dir/cipher.c.obj
[746/1044] Building C object esp-idf/mbedtls/mbedtls/library/CMakeFiles/mbedcrypto.dir/cmac.c.obj
[541/1049] Building C object esp-idf/hal/CMakeFiles/__idf_hal.dir/gdma_hal_ahb_v1.c.obj
[542/1049] Building C object esp-idf/hal/CMakeFiles/__idf_hal.dir/i2c_hal.c.obj
[747/1044] Building C object esp-idf/mbedtls/mbedtls/library/CMakeFiles/mbedcrypto.dir/nist_kw.c.obj
[543/1049] Building C object esp-idf/hal/CMakeFiles/__idf_hal.dir/uhci_hal.c.obj
[544/1049] Linking C static library esp-idf/esp_driver_uart/libesp_driver_uart.a
[748/1044] Building C object esp-idf/mbedtls/mbedtls/library/CMakeFiles/mbedcrypto.dir/memory_buffer_alloc.c.obj
[749/1044] Building C object esp-idf/mbedtls/mbedtls/library/CMakeFiles/mbedcrypto.dir/hmac_drbg.c.obj
[545/1049] Building C object esp-idf/hal/CMakeFiles/__idf_hal.dir/uart_hal.c.obj
[750/1044] Building C object esp-idf/mbedtls/mbedtls/library/CMakeFiles/mbedcrypto.dir/entropy.c.obj
[546/1049] Building C object esp-idf/hal/CMakeFiles/__idf_hal.dir/lcd_hal.c.obj
[751/1044] Building C object esp-idf/mbedtls/mbedtls/library/CMakeFiles/mbedcrypto.dir/padlock.c.obj
[547/1049] Building C object esp-idf/hal/CMakeFiles/__idf_hal.dir/mpi_hal.c.obj
[548/1049] Building C object esp-idf/hal/CMakeFiles/__idf_hal.dir/aes_hal.c.obj
[549/1049] Linking C static library esp-idf/esp_ringbuf/libesp_ringbuf.a
[550/1049] Building C object esp-idf/hal/CMakeFiles/__idf_hal.dir/adc_oneshot_hal.c.obj
[551/1049] Building C object esp-idf/hal/CMakeFiles/__idf_hal.dir/brownout_hal.c.obj
[752/1044] Building C object esp-idf/mbedtls/mbedtls/library/CMakeFiles/mbedcrypto.dir/pem.c.obj
[552/1049] Building C object esp-idf/hal/CMakeFiles/__idf_hal.dir/sdmmc_hal.c.obj
[753/1044] Building C object esp-idf/mbedtls/mbedtls/library/CMakeFiles/mbedcrypto.dir/pk_wrap.c.obj
[553/1049] Linking C static library esp-idf/esp_driver_gptimer/libesp_driver_gptimer.a
[754/1044] Building C object esp-idf/mbedtls/mbedtls/library/CMakeFiles/mbedcrypto.dir/md5.c.obj
[554/1049] Building C object esp-idf/hal/CMakeFiles/__idf_hal.dir/spi_slave_hal.c.obj
[555/1049] Building C object esp-idf/hal/CMakeFiles/__idf_hal.dir/sha_hal.c.obj
[755/1044] Building C object esp-idf/mbedtls/mbedtls/library/CMakeFiles/mbedcrypto.dir/error.c.obj
[756/1044] Building C object esp-idf/mbedtls/mbedtls/library/CMakeFiles/mbedcrypto.dir/bignum.c.obj
[556/1049] Building C object esp-idf/hal/CMakeFiles/__idf_hal.dir/twai_hal_sja1000.c.obj
[557/1049] Linking C static library esp-idf/esp_timer/libesp_timer.a
[558/1049] Building C object esp-idf/hal/CMakeFiles/__idf_hal.dir/hmac_hal.c.obj
[559/1049] Building C object esp-idf/hal/CMakeFiles/__idf_hal.dir/ds_hal.c.obj
[757/1044] Building C object esp-idf/mbedtls/mbedtls/library/CMakeFiles/mbedcrypto.dir/poly1305.c.obj
[560/1049] Building C object esp-idf/hal/CMakeFiles/__idf_hal.dir/usb_serial_jtag_hal.c.obj
[758/1044] Building C object esp-idf/mbedtls/mbedtls/library/CMakeFiles/mbedcrypto.dir/pk_ecc.c.obj
[561/1049] Building C object esp-idf/hal/CMakeFiles/__idf_hal.dir/spi_slave_hal_iram.c.obj
[759/1044] Building C object esp-idf/mbedtls/mbedtls/library/CMakeFiles/mbedcrypto.dir/pkcs5.c.obj
[562/1049] Linking C static library esp-idf/cxx/libcxx.a
[563/1049] Building C object esp-idf/hal/CMakeFiles/__idf_hal.dir/spi_hal.c.obj
[760/1044] Building C object esp-idf/mbedtls/mbedtls/library/CMakeFiles/mbedcrypto.dir/ecp_curves.c.obj
[564/1049] Building C object esp-idf/hal/CMakeFiles/__idf_hal.dir/cam_hal.c.obj
[761/1044] Building C object esp-idf/mbedtls/mbedtls/library/CMakeFiles/mbedcrypto.dir/platform_util.c.obj
[762/1044] Building C object esp-idf/mbedtls/mbedtls/library/CMakeFiles/mbedcrypto.dir/platform.c.obj
[763/1044] Building C object esp-idf/mbedtls/mbedtls/library/CMakeFiles/mbedcrypto.dir/pkcs12.c.obj
[764/1044] Building C object esp-idf/mbedtls/mbedtls/library/CMakeFiles/mbedcrypto.dir/psa_crypto_client.c.obj
[565/1049] Building C object esp-idf/hal/CMakeFiles/__idf_hal.dir/adc_hal_common.c.obj
[765/1044] Building C object esp-idf/mbedtls/mbedtls/library/CMakeFiles/mbedcrypto.dir/oid.c.obj
[566/1049] Linking C static library esp-idf/pthread/libpthread.a
[567/1049] Building C object esp-idf/esp_hw_support/CMakeFiles/__idf_esp_hw_support.dir/port/esp32s3/esp_memprot.c.obj
[766/1044] Building C object esp-idf/mbedtls/mbedtls/library/CMakeFiles/mbedcrypto.dir/pk.c.obj
[767/1044] Building C object esp-idf/mbedtls/mbedtls/library/CMakeFiles/mbedcrypto.dir/psa_crypto_aead.c.obj
[568/1049] Building C object esp-idf/hal/CMakeFiles/__idf_hal.dir/i2s_hal.c.obj
[569/1049] Building C object esp-idf/hal/CMakeFiles/__idf_hal.dir/temperature_sensor_hal.c.obj
[570/1049] Building C object esp-idf/hal/CMakeFiles/__idf_hal.dir/adc_hal.c.obj
[571/1049] Building C object esp-idf/hal/CMakeFiles/__idf_hal.dir/spi_flash_hal_gpspi.c.obj
[768/1044] Building C object esp-idf/mbedtls/mbedtls/library/CMakeFiles/mbedcrypto.dir/pkwrite.c.obj
[572/1049] Building C object esp-idf/hal/CMakeFiles/__idf_hal.dir/spi_slave_hd_hal.c.obj
[573/1049] Building C object esp-idf/hal/CMakeFiles/__idf_hal.dir/xt_wdt_hal.c.obj
[769/1044] Building C object esp-idf/mbedtls/mbedtls/library/CMakeFiles/mbedcrypto.dir/gcm.c.obj
[574/1049] Building C object esp-idf/hal/CMakeFiles/__idf_hal.dir/usb_wrap_hal.c.obj
[575/1049] Building C object esp-idf/hal/CMakeFiles/__idf_hal.dir/esp32s3/touch_sensor_hal.c.obj
[770/1044] Building C object esp-idf/mbedtls/mbedtls/library/CMakeFiles/mbedcrypto.dir/md.c.obj
[576/1049] Building C object esp-idf/hal/CMakeFiles/__idf_hal.dir/touch_sens_hal.c.obj
[771/1044] Building C object esp-idf/mbedtls/mbedtls/library/CMakeFiles/mbedcrypto.dir/pkparse.c.obj
[577/1049] Building C object esp-idf/esp_rom/CMakeFiles/__idf_esp_rom.dir/patches/esp_rom_crc.c.obj
[772/1044] Building C object esp-idf/mbedtls/mbedtls/library/CMakeFiles/mbedcrypto.dir/psa_crypto_se.c.obj
[773/1044] Building C object esp-idf/mbedtls/mbedtls/library/CMakeFiles/mbedcrypto.dir/psa_crypto_driver_wrappers_no_static.c.obj
[578/1049] Building ASM object esp-idf/esp_rom/CMakeFiles/__idf_esp_rom.dir/patches/esp_rom_longjmp.S.obj
[579/1049] Building C object esp-idf/esp_rom/CMakeFiles/__idf_esp_rom.dir/patches/esp_rom_sys.c.obj
[580/1049] Linking C static library esp-idf/newlib/libnewlib.a
[581/1049] Building C object esp-idf/hal/CMakeFiles/__idf_hal.dir/spi_hal_iram.c.obj
[774/1044] Building C object esp-idf/mbedtls/mbedtls/library/CMakeFiles/mbedcrypto.dir/psa_crypto_cipher.c.obj
[582/1049] Building ASM object esp-idf/esp_rom/CMakeFiles/__idf_esp_rom.dir/patches/esp_rom_cache_writeback_esp32s3.S.obj
[583/1049] Building C object esp-idf/hal/CMakeFiles/__idf_hal.dir/touch_sensor_hal.c.obj
[775/1044] Building C object esp-idf/mbedtls/mbedtls/library/CMakeFiles/mbedcrypto.dir/psa_crypto_hash.c.obj
[776/1044] Building C object esp-idf/mbedtls/mbedtls/library/CMakeFiles/mbedcrypto.dir/psa_crypto_pake.c.obj
[584/1049] Building C object esp-idf/esp_rom/CMakeFiles/__idf_esp_rom.dir/patches/esp_rom_efuse.c.obj
[777/1044] Building C object esp-idf/mbedtls/mbedtls/library/CMakeFiles/mbedcrypto.dir/psa_crypto_ffdh.c.obj
[585/1049] Linking C static library esp-idf/freertos/libfreertos.a
[586/1049] Building C object esp-idf/esp_rom/CMakeFiles/__idf_esp_rom.dir/patches/esp_rom_spiflash.c.obj
[587/1049] Building C object esp-idf/esp_rom/CMakeFiles/__idf_esp_rom.dir/patches/esp_rom_gpio.c.obj
[778/1044] Building C object esp-idf/mbedtls/mbedtls/library/CMakeFiles/mbedcrypto.dir/ripemd160.c.obj
[588/1049] Building C object esp-idf/esp_rom/CMakeFiles/__idf_esp_rom.dir/patches/esp_rom_print.c.obj
[589/1049] Building C object esp-idf/esp_rom/CMakeFiles/__idf_esp_rom.dir/patches/esp_rom_serial_output.c.obj
[590/1049] Building C object esp-idf/esp_rom/CMakeFiles/__idf_esp_rom.dir/patches/esp_rom_systimer.c.obj
[591/1049] Building C object esp-idf/esp_rom/CMakeFiles/__idf_esp_rom.dir/patches/esp_rom_cache_esp32s2_esp32s3.c.obj
[592/1049] Building C object esp-idf/hal/CMakeFiles/__idf_hal.dir/usb_dwc_hal.c.obj
[593/1049] Building C object esp-idf/hal/CMakeFiles/__idf_hal.dir/esp32s3/rtc_cntl_hal.c.obj
[594/1049] Building C object esp-idf/esp_system/CMakeFiles/__idf_esp_system.dir/esp_system_console.c.obj
[779/1044] Building C object esp-idf/mbedtls/mbedtls/library/CMakeFiles/mbedcrypto.dir/psa_util.c.obj
[595/1049] Building C object esp-idf/heap/CMakeFiles/__idf_heap.dir/tlsf/tlsf.c.obj
[596/1049] Building C object esp-idf/esp_rom/CMakeFiles/__idf_esp_rom.dir/patches/esp_rom_wdt.c.obj
[597/1049] Building C object esp-idf/esp_system/CMakeFiles/__idf_esp_system.dir/crosscore_int.c.obj
[598/1049] Building C object esp-idf/esp_system/CMakeFiles/__idf_esp_system.dir/esp_ipc.c.obj
[780/1044] Building C object esp-idf/mbedtls/mbedtls/library/CMakeFiles/mbedcrypto.dir/sha1.c.obj
[781/1044] Building C object esp-idf/mbedtls/mbedtls/library/CMakeFiles/mbedcrypto.dir/psa_crypto_storage.c.obj
[782/1044] Building C object esp-idf/mbedtls/mbedtls/library/CMakeFiles/mbedcrypto.dir/psa_its_file.c.obj
[599/1049] Building C object esp-idf/esp_system/CMakeFiles/__idf_esp_system.dir/stack_check.c.obj
[600/1049] Building C object esp-idf/esp_system/CMakeFiles/__idf_esp_system.dir/esp_err.c.obj
[601/1049] Linking C static library esp-idf/esp_hw_support/libesp_hw_support.a
[783/1044] Building C object esp-idf/mbedtls/mbedtls/library/CMakeFiles/mbedcrypto.dir/sha256.c.obj
[602/1049] Building C object esp-idf/esp_system/CMakeFiles/__idf_esp_system.dir/system_time.c.obj
[784/1044] Building C object esp-idf/mbedtls/mbedtls/library/CMakeFiles/mbedcrypto.dir/version.c.obj
[785/1044] Building C object esp-idf/mbedtls/mbedtls/library/CMakeFiles/mbedcrypto.dir/ecp.c.obj
[786/1044] Building C object esp-idf/mbedtls/mbedtls/library/CMakeFiles/mbedcrypto.dir/threading.c.obj
[787/1044] Building C object esp-idf/mbedtls/mbedtls/library/CMakeFiles/mbedcrypto.dir/psa_crypto_slot_management.c.obj
[788/1044] Building C object esp-idf/mbedtls/mbedtls/library/CMakeFiles/mbedcrypto.dir/timing.c.obj
[789/1044] Building C object esp-idf/mbedtls/mbedtls/library/CMakeFiles/mbedcrypto.dir/rsa_alt_helpers.c.obj
[603/1049] Building C object esp-idf/esp_system/CMakeFiles/__idf_esp_system.dir/esp_system.c.obj
[790/1044] Building C object esp-idf/mbedtls/mbedtls/library/CMakeFiles/mbedcrypto.dir/sha512.c.obj
[791/1044] Building C object esp-idf/mbedtls/mbedtls/library/CMakeFiles/mbedcrypto.dir/psa_crypto_ecp.c.obj
[792/1044] Building C object esp-idf/mbedtls/mbedtls/library/CMakeFiles/mbedcrypto.dir/psa_crypto_rsa.c.obj
[793/1044] Building C object 'esp-idf/mbedtls/mbedtls/library/CMakeFiles/mbedcrypto.dir/home/tikhon/Документы/magnolia/esp-idf/components/mbedtls/port/aes/dma/esp_aes_gdma_impl.c.obj'
[604/1049] Building C object esp-idf/esp_system/CMakeFiles/__idf_esp_system.dir/startup.c.obj
[794/1044] Building C object 'esp-idf/mbedtls/mbedtls/library/CMakeFiles/mbedcrypto.dir/home/tikhon/Документы/magnolia/esp-idf/components/mbedtls/port/sha/core/esp_sha_gdma_impl.c.obj'
[795/1044] Building C object esp-idf/mbedtls/mbedtls/library/CMakeFiles/mbedcrypto.dir/psa_crypto_mac.c.obj
[796/1044] Building C object esp-idf/mbedtls/mbedtls/library/CMakeFiles/mbedcrypto.dir/version_features.c.obj
[605/1049] Building C object esp-idf/esp_system/CMakeFiles/__idf_esp_system.dir/ubsan.c.obj
[606/1049] Building C object esp-idf/esp_system/CMakeFiles/__idf_esp_system.dir/port/esp_system_chip.c.obj
[607/1049] Building C object esp-idf/esp_system/CMakeFiles/__idf_esp_system.dir/port/arch/xtensa/esp_ipc_isr_port.c.obj
[608/1049] Linking C static library esp-idf/soc/libsoc.a
[609/1049] Building C object esp-idf/esp_system/CMakeFiles/__idf_esp_system.dir/freertos_hooks.c.obj
[610/1049] Building C object esp-idf/esp_system/CMakeFiles/__idf_esp_system.dir/panic.c.obj
[797/1044] Building C object esp-idf/mbedtls/mbedtls/library/CMakeFiles/mbedtls.dir/ssl_tls.c.obj
[611/1049] Building C object esp-idf/esp_system/CMakeFiles/__idf_esp_system.dir/startup_funcs.c.obj
[798/1044] Building C object 'esp-idf/mbedtls/mbedtls/library/CMakeFiles/mbedcrypto.dir/home/tikhon/Документы/magnolia/esp-idf/components/mbedtls/port/esp_mem.c.obj'
[612/1049] Building ASM object esp-idf/esp_system/CMakeFiles/__idf_esp_system.dir/port/arch/xtensa/esp_ipc_isr_handler.S.obj
[613/1049] Building C object esp-idf/esp_system/CMakeFiles/__idf_esp_system.dir/xt_wdt.c.obj
[614/1049] Building C object esp-idf/esp_system/CMakeFiles/__idf_esp_system.dir/port/panic_handler.c.obj
[615/1049] Building C object esp-idf/esp_system/CMakeFiles/__idf_esp_system.dir/port/image_process.c.obj
[799/1044] Building C object 'esp-idf/mbedtls/mbedtls/library/CMakeFiles/mbedcrypto.dir/home/tikhon/Документы/magnolia/esp-idf/components/mbedtls/port/esp_timing.c.obj'
[616/1049] Building ASM object esp-idf/esp_system/CMakeFiles/__idf_esp_system.dir/port/arch/xtensa/esp_ipc_isr_routines.S.obj
[617/1049] Building ASM object esp-idf/esp_system/CMakeFiles/__idf_esp_system.dir/port/arch/xtensa/panic_handler_asm.S.obj
[800/1044] Building C object 'esp-idf/mbedtls/mbedtls/library/CMakeFiles/mbedcrypto.dir/home/tikhon/Документы/magnolia/esp-idf/components/mbedtls/port/esp_hardware.c.obj'
[618/1049] Linking C static library esp-idf/heap/libheap.a
[801/1044] Building C object 'esp-idf/mbedtls/mbedtls/library/CMakeFiles/mbedcrypto.dir/home/tikhon/Документы/magnolia/esp-idf/components/mbedtls/port/aes/esp_aes_common.c.obj'
[619/1049] Building C object esp-idf/esp_system/CMakeFiles/__idf_esp_system.dir/int_wdt.c.obj
[620/1049] Building ASM object esp-idf/esp_system/CMakeFiles/__idf_esp_system.dir/port/arch/xtensa/expression_with_stack_asm.S.obj
[621/1049] Building C object esp-idf/esp_system/CMakeFiles/__idf_esp_system.dir/port/esp_ipc_isr.c.obj
[802/1044] Building C object 'esp-idf/mbedtls/mbedtls/library/CMakeFiles/mbedcrypto.dir/home/tikhon/Документы/magnolia/esp-idf/components/mbedtls/port/aes/esp_aes_xts.c.obj'
[622/1049] Building ASM object esp-idf/esp_system/CMakeFiles/__idf_esp_system.dir/port/arch/xtensa/debug_helpers_asm.S.obj
[803/1044] Linking CXX static library esp-idf/mbedtls/mbedtls/library/libmbedtls.a
[623/1049] Building C object esp-idf/esp_system/CMakeFiles/__idf_esp_system.dir/port/arch/xtensa/panic_arch.c.obj
[624/1049] Building ASM object esp-idf/esp_system/CMakeFiles/__idf_esp_system.dir/port/soc/esp32s3/highint_hdl.S.obj
[625/1049] Building C object esp-idf/esp_system/CMakeFiles/__idf_esp_system.dir/port/arch/xtensa/debug_stubs.c.obj
[626/1049] Building C object esp-idf/esp_system/CMakeFiles/__idf_esp_system.dir/task_wdt/task_wdt_impl_timergroup.c.obj
[804/1044] Building C object 'esp-idf/mbedtls/mbedtls/library/CMakeFiles/mbedcrypto.dir/home/tikhon/Документы/magnolia/esp-idf/components/mbedtls/port/sha/esp_sha.c.obj'
[627/1049] Building C object esp-idf/esp_system/CMakeFiles/__idf_esp_system.dir/port/arch/xtensa/expression_with_stack.c.obj
[628/1049] Building C object esp-idf/esp_system/CMakeFiles/__idf_esp_system.dir/port/arch/xtensa/trax.c.obj
[629/1049] Building C object esp-idf/spi_flash/CMakeFiles/__idf_spi_flash.dir/flash_brownout_hook.c.obj
[630/1049] Building C object esp-idf/esp_common/CMakeFiles/__idf_esp_common.dir/src/esp_err_to_name.c.obj
[631/1049] Linking C static library esp-idf/log/liblog.a
[805/1044] Building C object 'esp-idf/mbedtls/mbedtls/library/CMakeFiles/mbedcrypto.dir/home/tikhon/Документы/magnolia/esp-idf/components/mbedtls/port/esp_ds/esp_rsa_dec_alt.c.obj'
[806/1044] Building C object 'esp-idf/mbedtls/mbedtls/library/CMakeFiles/mbedcrypto.dir/home/tikhon/Документы/magnolia/esp-idf/components/mbedtls/port/esp_ds/esp_ds_common.c.obj'
[807/1044] Building C object 'esp-idf/mbedtls/mbedtls/library/CMakeFiles/mbedcrypto.dir/home/tikhon/Документы/magnolia/esp-idf/components/mbedtls/port/bignum/bignum_alt.c.obj'
[808/1044] Building C object 'esp-idf/mbedtls/mbedtls/library/CMakeFiles/mbedcrypto.dir/home/tikhon/Документы/magnolia/esp-idf/components/mbedtls/port/crypto_shared_gdma/esp_crypto_shared_gdma.c.obj'
[809/1044] Linking CXX static library esp-idf/mbedtls/mbedtls/library/libmbedx509.a
[810/1044] Building C object 'esp-idf/mbedtls/mbedtls/library/CMakeFiles/mbedcrypto.dir/home/tikhon/Документы/magnolia/esp-idf/components/mbedtls/port/sha/core/esp_sha1.c.obj'
[811/1044] Building C object 'esp-idf/mbedtls/mbedtls/library/CMakeFiles/mbedcrypto.dir/home/tikhon/Документы/magnolia/esp-idf/components/mbedtls/port/md/esp_md.c.obj'
[632/1049] Building C object esp-idf/spi_flash/CMakeFiles/__idf_spi_flash.dir/spi_flash_chip_drivers.c.obj
[633/1049] Building C object esp-idf/spi_flash/CMakeFiles/__idf_spi_flash.dir/spi_flash_chip_boya.c.obj
[634/1049] Building C object esp-idf/spi_flash/CMakeFiles/__idf_spi_flash.dir/spi_flash_hpm_enable.c.obj
[812/1044] Building C object 'esp-idf/mbedtls/mbedtls/library/CMakeFiles/mbedcrypto.dir/home/tikhon/Документы/magnolia/esp-idf/components/mbedtls/port/bignum/esp_bignum.c.obj'
[813/1044] Building C object esp-idf/mbedtls/mbedtls/library/CMakeFiles/mbedcrypto.dir/sha3.c.obj
[635/1049] Building C object esp-idf/esp_system/CMakeFiles/__idf_esp_system.dir/task_wdt/task_wdt.c.obj
[814/1044] Building C object 'esp-idf/mbedtls/mbedtls/library/CMakeFiles/mbedcrypto.dir/home/tikhon/Документы/magnolia/esp-idf/components/mbedtls/port/sha/core/esp_sha256.c.obj'
[636/1049] Building C object esp-idf/spi_flash/CMakeFiles/__idf_spi_flash.dir/spi_flash_chip_issi.c.obj
[637/1049] Building C object esp-idf/esp_system/CMakeFiles/__idf_esp_system.dir/port/soc/esp32s3/apb_backup_dma.c.obj
[815/1044] Building C object esp-idf/mbedtls/mbedtls/3rdparty/p256-m/CMakeFiles/p256m.dir/p256-m_driver_entrypoints.c.obj
[816/1044] Building C object esp-idf/mbedtls/mbedtls/3rdparty/everest/CMakeFiles/everest.dir/library/x25519.c.obj
[817/1044] Building C object 'esp-idf/mbedtls/mbedtls/library/CMakeFiles/mbedcrypto.dir/home/tikhon/Документы/magnolia/esp-idf/components/mbedtls/port/aes/dma/esp_aes_dma_core.c.obj'
[638/1049] Building C object esp-idf/esp_system/CMakeFiles/__idf_esp_system.dir/port/arch/xtensa/debug_helpers.c.obj
[818/1044] Building C object esp-idf/mbedtls/mbedtls/3rdparty/everest/CMakeFiles/everest.dir/library/Hacl_Curve25519_joined.c.obj
[819/1044] Building C object esp-idf/mbedtls/mbedtls/3rdparty/everest/CMakeFiles/everest.dir/library/everest.c.obj
[639/1049] Building C object esp-idf/spi_flash/CMakeFiles/__idf_spi_flash.dir/esp32s3/spi_flash_oct_flash_init.c.obj
[640/1049] Building C object esp-idf/spi_flash/CMakeFiles/__idf_spi_flash.dir/spi_flash_chip_mxic.c.obj
[641/1049] Building C object esp-idf/esp_system/CMakeFiles/__idf_esp_system.dir/port/soc/esp32s3/reset_reason.c.obj
[642/1049] Building C object esp-idf/spi_flash/CMakeFiles/__idf_spi_flash.dir/spi_flash_chip_winbond.c.obj
[820/1044] Building C object 'esp-idf/mbedtls/mbedtls/library/CMakeFiles/mbedcrypto.dir/home/tikhon/Документы/magnolia/esp-idf/components/mbedtls/port/aes/dma/esp_aes.c.obj'
[643/1049] Linking C static library esp-idf/hal/libhal.a
[821/1044] Building C object esp-idf/mbedtls/mbedtls/3rdparty/p256-m/CMakeFiles/p256m.dir/p256-m/p256-m.c.obj
[644/1049] Building C object esp-idf/spi_flash/CMakeFiles/__idf_spi_flash.dir/spi_flash_chip_th.c.obj
[822/1044] Building C object 'esp-idf/mbedtls/mbedtls/library/CMakeFiles/mbedcrypto.dir/home/tikhon/Документы/magnolia/esp-idf/components/mbedtls/port/aes/esp_aes_gcm.c.obj'
[645/1049] Building C object esp-idf/esp_system/CMakeFiles/__idf_esp_system.dir/port/soc/esp32s3/cache_err_int.c.obj
[646/1049] Building C object esp-idf/spi_flash/CMakeFiles/__idf_spi_flash.dir/spi_flash_chip_gd.c.obj
[647/1049] Building C object esp-idf/esp_system/CMakeFiles/__idf_esp_system.dir/port/soc/esp32s3/clk.c.obj
[823/1044] Building C object 'esp-idf/mbedtls/mbedtls/library/CMakeFiles/mbedcrypto.dir/home/tikhon/Документы/magnolia/esp-idf/components/mbedtls/port/sha/core/esp_sha512.c.obj'
[824/1044] Building C object 'esp-idf/mbedtls/mbedtls/library/CMakeFiles/mbedcrypto.dir/home/tikhon/Документы/magnolia/esp-idf/components/mbedtls/port/sha/core/sha.c.obj'
[825/1044] Building C object 'esp-idf/mbedtls/mbedtls/library/CMakeFiles/mbedcrypto.dir/home/tikhon/Документы/magnolia/esp-idf/components/mbedtls/port/esp_ds/esp_rsa_sign_alt.c.obj'
[648/1049] Building C object esp-idf/esp_system/CMakeFiles/__idf_esp_system.dir/port/cpu_start.c.obj
[649/1049] Linking C static library esp-idf/esp_rom/libesp_rom.a
[650/1049] Building C object esp-idf/spi_flash/CMakeFiles/__idf_spi_flash.dir/spi_flash_wrap.c.obj
[651/1049] Building C object esp-idf/esp_mm/CMakeFiles/__idf_esp_mm.dir/port/esp32s3/ext_mem_layout.c.obj
[652/1049] Building C object esp-idf/spi_flash/CMakeFiles/__idf_spi_flash.dir/spi_flash_os_func_noos.c.obj
[653/1049] Building C object esp-idf/esp_system/CMakeFiles/__idf_esp_system.dir/port/soc/esp32s3/system_internal.c.obj
[654/1049] Building C object esp-idf/spi_flash/CMakeFiles/__idf_spi_flash.dir/memspi_host_driver.c.obj
[655/1049] Building C object esp-idf/spi_flash/CMakeFiles/__idf_spi_flash.dir/spi_flash_chip_mxic_opi.c.obj
[656/1049] Linking C static library esp-idf/esp_common/libesp_common.a
[657/1049] Building C object esp-idf/spi_flash/CMakeFiles/__idf_spi_flash.dir/flash_mmap.c.obj
[658/1049] Building C object esp-idf/spi_flash/CMakeFiles/__idf_spi_flash.dir/cache_utils.c.obj
[659/1049] Building C object esp-idf/spi_flash/CMakeFiles/__idf_spi_flash.dir/flash_ops.c.obj
[660/1049] Building C object esp-idf/esp_mm/CMakeFiles/__idf_esp_mm.dir/esp_cache_msync.c.obj
[661/1049] Building C object esp-idf/esp_mm/CMakeFiles/__idf_esp_mm.dir/esp_cache_utils.c.obj
[662/1049] Building C object esp-idf/spi_flash/CMakeFiles/__idf_spi_flash.dir/spi_flash_os_func_app.c.obj
[663/1049] Building C object esp-idf/esp_mm/CMakeFiles/__idf_esp_mm.dir/heap_align_hw.c.obj
[664/1049] Building C object esp-idf/bootloader_support/CMakeFiles/__idf_bootloader_support.dir/src/bootloader_mem.c.obj
[665/1049] Building C object esp-idf/spi_flash/CMakeFiles/__idf_spi_flash.dir/spi_flash_chip_generic.c.obj
[666/1049] Building C object esp-idf/bootloader_support/CMakeFiles/__idf_bootloader_support.dir/src/bootloader_efuse.c.obj
[667/1049] Building C object esp-idf/bootloader_support/CMakeFiles/__idf_bootloader_support.dir/src/bootloader_random.c.obj
[668/1049] Building C object esp-idf/bootloader_support/CMakeFiles/__idf_bootloader_support.dir/src/bootloader_clock_init.c.obj
[669/1049] Linking C static library esp-idf/esp_system/libesp_system.a
[670/1049] Building C object esp-idf/bootloader_support/CMakeFiles/__idf_bootloader_support.dir/src/bootloader_common_loader.c.obj
[671/1049] Building C object esp-idf/bootloader_support/CMakeFiles/__idf_bootloader_support.dir/src/bootloader_common.c.obj
[672/1049] Building C object esp-idf/bootloader_support/CMakeFiles/__idf_bootloader_support.dir/src/secure_boot.c.obj
[673/1049] Building C object esp-idf/spi_flash/CMakeFiles/__idf_spi_flash.dir/esp_flash_spi_init.c.obj
[674/1049] Building C object esp-idf/bootloader_support/CMakeFiles/__idf_bootloader_support.dir/src/flash_partitions.c.obj
[675/1049] Building C object esp-idf/mbedtls/mbedtls/library/CMakeFiles/mbedtls.dir/mps_reader.c.obj
[676/1049] Building C object esp-idf/mbedtls/mbedtls/library/CMakeFiles/mbedtls.dir/debug.c.obj
[677/1049] Building C object esp-idf/bootloader_support/CMakeFiles/__idf_bootloader_support.dir/src/esp32s3/secure_boot_secure_features.c.obj
[678/1049] Building C object esp-idf/esp_mm/CMakeFiles/__idf_esp_mm.dir/esp_mmu_map.c.obj
[826/1044] Building C object esp-idf/mbedtls/mbedtls/library/CMakeFiles/mbedcrypto.dir/rsa.c.obj
[679/1049] Building C object esp-idf/bootloader_support/CMakeFiles/__idf_bootloader_support.dir/bootloader_flash/src/bootloader_flash_config_esp32s3.c.obj
[680/1049] Building C object esp-idf/mbedtls/mbedtls/library/CMakeFiles/mbedtls.dir/ssl_cookie.c.obj
[681/1049] Building C object esp-idf/bootloader_support/CMakeFiles/__idf_bootloader_support.dir/src/bootloader_sha.c.obj
[682/1049] Building C object esp-idf/bootloader_support/CMakeFiles/__idf_bootloader_support.dir/src/flash_encrypt.c.obj
[683/1049] Building C object esp-idf/mbedtls/mbedtls/library/CMakeFiles/mbedtls.dir/mps_trace.c.obj
[684/1049] Building C object esp-idf/bootloader_support/CMakeFiles/__idf_bootloader_support.dir/src/bootloader_random_esp32s3.c.obj
[685/1049] Building C object esp-idf/bootloader_support/CMakeFiles/__idf_bootloader_support.dir/bootloader_flash/src/bootloader_flash.c.obj
[686/1049] Building C object esp-idf/bootloader_support/CMakeFiles/__idf_bootloader_support.dir/bootloader_flash/src/flash_qio_mode.c.obj
[687/1049] Building C object esp-idf/mbedtls/mbedtls/library/CMakeFiles/mbedtls.dir/ssl_tls13_client.c.obj
[688/1049] Building C object esp-idf/mbedtls/mbedtls/library/CMakeFiles/mbedtls.dir/ssl_tls13_keys.c.obj
[689/1049] Building C object esp-idf/spi_flash/CMakeFiles/__idf_spi_flash.dir/esp_flash_api.c.obj
[690/1049] Building C object esp-idf/mbedtls/mbedtls/library/CMakeFiles/mbedtls.dir/ssl_tls13_server.c.obj
[691/1049] Building C object esp-idf/mbedtls/mbedtls/library/CMakeFiles/mbedtls.dir/ssl_ciphersuites.c.obj
[692/1049] Building C object esp-idf/mbedtls/mbedtls/library/CMakeFiles/mbedtls.dir/ssl_tls13_generic.c.obj
[693/1049] Building C object esp-idf/bootloader_support/CMakeFiles/__idf_bootloader_support.dir/src/esp_image_format.c.obj
[694/1049] Building C object esp-idf/mbedtls/mbedtls/library/CMakeFiles/mbedtls.dir/ssl_debug_helpers_generated.c.obj
[695/1049] Building C object esp-idf/mbedtls/mbedtls/library/CMakeFiles/mbedtls.dir/ssl_cache.c.obj
[827/1044] Building C object esp-idf/mbedtls/mbedtls/library/CMakeFiles/mbedcrypto.dir/psa_crypto.c.obj
[696/1049] Building C object esp-idf/bootloader_support/CMakeFiles/__idf_bootloader_support.dir/src/bootloader_utility.c.obj
[697/1049] Building C object 'esp-idf/mbedtls/mbedtls/library/CMakeFiles/mbedtls.dir/home/tikhon/Документы/magnolia/esp-idf/components/mbedtls/port/mbedtls_debug.c.obj'
[698/1049] Linking C static library esp-idf/spi_flash/libspi_flash.a
[699/1049] Building C object esp-idf/mbedtls/mbedtls/library/CMakeFiles/mbedx509.dir/x509_create.c.obj
[700/1049] Building C object 'esp-idf/mbedtls/mbedtls/library/CMakeFiles/mbedtls.dir/home/tikhon/Документы/magnolia/esp-idf/components/mbedtls/port/esp_platform_time.c.obj'
[701/1049] Building C object esp-idf/mbedtls/mbedtls/library/CMakeFiles/mbedx509.dir/x509write.c.obj
[702/1049] Building C object esp-idf/mbedtls/mbedtls/library/CMakeFiles/mbedtls.dir/ssl_client.c.obj
[703/1049] Building C object esp-idf/mbedtls/mbedtls/library/CMakeFiles/mbedx509.dir/x509write_crt.c.obj
[704/1049] Linking C static library esp-idf/esp_mm/libesp_mm.a
[705/1049] Building C object esp-idf/mbedtls/mbedtls/library/CMakeFiles/mbedx509.dir/x509write_csr.c.obj
[706/1049] Building C object esp-idf/mbedtls/mbedtls/library/CMakeFiles/mbedcrypto.dir/aesce.c.obj
[707/1049] Building C object esp-idf/mbedtls/mbedtls/library/CMakeFiles/mbedcrypto.dir/aesni.c.obj
[708/1049] Linking C static library esp-idf/bootloader_support/libbootloader_support.a
[709/1049] Building C object esp-idf/mbedtls/mbedtls/library/CMakeFiles/mbedx509.dir/pkcs7.c.obj
[710/1049] Building C object esp-idf/mbedtls/mbedtls/library/CMakeFiles/mbedcrypto.dir/aes.c.obj
[711/1049] Building C object esp-idf/mbedtls/mbedtls/library/CMakeFiles/mbedx509.dir/x509_crl.c.obj
[712/1049] Building C object esp-idf/mbedtls/mbedtls/library/CMakeFiles/mbedx509.dir/x509_csr.c.obj
[713/1049] Building C object esp-idf/mbedtls/mbedtls/library/CMakeFiles/mbedtls.dir/ssl_msg.c.obj
[714/1049] Building C object 'esp-idf/mbedtls/mbedtls/library/CMakeFiles/mbedtls.dir/home/tikhon/Документы/magnolia/esp-idf/components/mbedtls/port/net_sockets.c.obj'
[828/1044] Linking CXX static library esp-idf/mbedtls/mbedtls/library/libmbedcrypto.a
[715/1049] Building C object esp-idf/mbedtls/mbedtls/library/CMakeFiles/mbedcrypto.dir/base64.c.obj
[716/1049] Building C object esp-idf/mbedtls/mbedtls/library/CMakeFiles/mbedtls.dir/ssl_ticket.c.obj
[717/1049] Building C object esp-idf/mbedtls/mbedtls/library/CMakeFiles/mbedcrypto.dir/asn1parse.c.obj
[718/1049] Building C object esp-idf/mbedtls/mbedtls/library/CMakeFiles/mbedcrypto.dir/bignum_mod.c.obj
[719/1049] Building C object esp-idf/mbedtls/mbedtls/library/CMakeFiles/mbedcrypto.dir/chacha20.c.obj
[829/1044] Linking CXX static library esp-idf/mbedtls/mbedtls/3rdparty/p256-m/libp256m.a
[720/1049] Building C object esp-idf/mbedtls/mbedtls/library/CMakeFiles/mbedcrypto.dir/asn1write.c.obj
[721/1049] Building C object esp-idf/mbedtls/mbedtls/library/CMakeFiles/mbedcrypto.dir/bignum_mod_raw.c.obj
[722/1049] Building C object esp-idf/mbedtls/mbedtls/library/CMakeFiles/mbedtls.dir/ssl_tls12_client.c.obj
[723/1049] Building C object esp-idf/mbedtls/mbedtls/library/CMakeFiles/mbedcrypto.dir/chachapoly.c.obj
[724/1049] Building C object esp-idf/mbedtls/mbedtls/library/CMakeFiles/mbedcrypto.dir/camellia.c.obj
[725/1049] Building C object esp-idf/mbedtls/mbedtls/library/CMakeFiles/mbedcrypto.dir/aria.c.obj
[726/1049] Building C object esp-idf/mbedtls/mbedtls/library/CMakeFiles/mbedcrypto.dir/block_cipher.c.obj
[727/1049] Building C object esp-idf/mbedtls/mbedtls/library/CMakeFiles/mbedcrypto.dir/des.c.obj
[830/1044] Linking CXX static library esp-idf/mbedtls/mbedtls/3rdparty/everest/libeverest.a
[728/1049] Building C object esp-idf/mbedtls/mbedtls/library/CMakeFiles/mbedcrypto.dir/ecjpake.c.obj
[729/1049] Building C object esp-idf/mbedtls/mbedtls/library/CMakeFiles/mbedcrypto.dir/cipher_wrap.c.obj
[730/1049] Building C object esp-idf/mbedtls/mbedtls/library/CMakeFiles/mbedcrypto.dir/bignum_core.c.obj
[731/1049] Building C object esp-idf/mbedtls/mbedtls/library/CMakeFiles/mbedcrypto.dir/ccm.c.obj
[732/1049] Building C object esp-idf/mbedtls/mbedtls/library/CMakeFiles/mbedcrypto.dir/constant_time.c.obj
[733/1049] Building C object esp-idf/mbedtls/mbedtls/library/CMakeFiles/mbedtls.dir/ssl_tls12_server.c.obj
[734/1049] Building C object esp-idf/mbedtls/mbedtls/library/CMakeFiles/mbedx509.dir/x509_crt.c.obj
[735/1049] Building C object esp-idf/mbedtls/mbedtls/library/CMakeFiles/mbedcrypto.dir/ecdsa.c.obj
[736/1049] Building C object esp-idf/mbedtls/mbedtls/library/CMakeFiles/mbedcrypto.dir/cmac.c.obj
[737/1049] Building C object esp-idf/mbedtls/mbedtls/library/CMakeFiles/mbedcrypto.dir/ecp_curves_new.c.obj
[738/1049] Building C object esp-idf/mbedtls/mbedtls/library/CMakeFiles/mbedcrypto.dir/entropy_poll.c.obj
[739/1049] Building C object esp-idf/mbedtls/mbedtls/library/CMakeFiles/mbedcrypto.dir/ctr_drbg.c.obj
[740/1049] Building C object esp-idf/mbedtls/mbedtls/library/CMakeFiles/mbedcrypto.dir/dhm.c.obj
[741/1049] Building C object esp-idf/mbedtls/mbedtls/library/CMakeFiles/mbedx509.dir/x509.c.obj
[742/1049] Building C object esp-idf/mbedtls/mbedtls/library/CMakeFiles/mbedcrypto.dir/hkdf.c.obj
[743/1049] Building C object esp-idf/mbedtls/mbedtls/library/CMakeFiles/mbedcrypto.dir/ecdh.c.obj
[744/1049] Building C object esp-idf/mbedtls/mbedtls/library/CMakeFiles/mbedcrypto.dir/lms.c.obj
[745/1049] Building C object esp-idf/mbedtls/mbedtls/library/CMakeFiles/mbedcrypto.dir/memory_buffer_alloc.c.obj
[746/1049] Building C object esp-idf/mbedtls/mbedtls/library/CMakeFiles/mbedcrypto.dir/md5.c.obj
[747/1049] Building C object esp-idf/mbedtls/mbedtls/library/CMakeFiles/mbedcrypto.dir/nist_kw.c.obj
[748/1049] Building C object esp-idf/mbedtls/mbedtls/library/CMakeFiles/mbedcrypto.dir/entropy.c.obj
[749/1049] Building C object esp-idf/mbedtls/mbedtls/library/CMakeFiles/mbedcrypto.dir/lmots.c.obj
[750/1049] Building C object esp-idf/mbedtls/mbedtls/library/CMakeFiles/mbedcrypto.dir/padlock.c.obj
[831/1044] Generating x509_crt_bundle
[751/1049] Building C object esp-idf/mbedtls/mbedtls/library/CMakeFiles/mbedcrypto.dir/cipher.c.obj
[752/1049] Building C object esp-idf/mbedtls/mbedtls/library/CMakeFiles/mbedtls.dir/ssl_tls.c.obj
[753/1049] Building C object esp-idf/mbedtls/mbedtls/library/CMakeFiles/mbedcrypto.dir/bignum.c.obj
[754/1049] Building C object esp-idf/mbedtls/mbedtls/library/CMakeFiles/mbedcrypto.dir/hmac_drbg.c.obj
[755/1049] Building C object esp-idf/mbedtls/mbedtls/library/CMakeFiles/mbedcrypto.dir/gcm.c.obj
[756/1049] Building C object esp-idf/mbedtls/mbedtls/library/CMakeFiles/mbedcrypto.dir/pem.c.obj
[757/1049] Building C object esp-idf/mbedtls/mbedtls/library/CMakeFiles/mbedcrypto.dir/ecp_curves.c.obj
[758/1049] Building C object esp-idf/mbedtls/mbedtls/library/CMakeFiles/mbedcrypto.dir/pk_ecc.c.obj
[759/1049] Building C object esp-idf/mbedtls/mbedtls/library/CMakeFiles/mbedcrypto.dir/platform.c.obj
[760/1049] Building C object esp-idf/mbedtls/mbedtls/library/CMakeFiles/mbedcrypto.dir/error.c.obj
[761/1049] Linking CXX static library esp-idf/mbedtls/mbedtls/library/libmbedtls.a
[762/1049] Building C object esp-idf/mbedtls/mbedtls/library/CMakeFiles/mbedcrypto.dir/poly1305.c.obj
[763/1049] Building C object esp-idf/mbedtls/mbedtls/library/CMakeFiles/mbedcrypto.dir/md.c.obj
[764/1049] Building C object esp-idf/mbedtls/mbedtls/library/CMakeFiles/mbedcrypto.dir/pk_wrap.c.obj
[765/1049] Building C object esp-idf/mbedtls/mbedtls/library/CMakeFiles/mbedcrypto.dir/oid.c.obj
[766/1049] Building C object esp-idf/mbedtls/mbedtls/library/CMakeFiles/mbedcrypto.dir/platform_util.c.obj
[767/1049] Building C object esp-idf/mbedtls/mbedtls/library/CMakeFiles/mbedcrypto.dir/pkcs12.c.obj
[832/1044] Generating ../../x509_crt_bundle.S
[768/1049] Building C object esp-idf/mbedtls/mbedtls/library/CMakeFiles/mbedcrypto.dir/pkcs5.c.obj
[769/1049] Building C object esp-idf/mbedtls/mbedtls/library/CMakeFiles/mbedcrypto.dir/pk.c.obj
[770/1049] Building C object esp-idf/mbedtls/mbedtls/library/CMakeFiles/mbedcrypto.dir/pkwrite.c.obj
[833/1044] Building ASM object esp-idf/mbedtls/CMakeFiles/__idf_mbedtls.dir/__/__/x509_crt_bundle.S.obj
[771/1049] Building C object esp-idf/mbedtls/mbedtls/library/CMakeFiles/mbedcrypto.dir/psa_crypto_aead.c.obj
[772/1049] Building C object esp-idf/mbedtls/mbedtls/library/CMakeFiles/mbedcrypto.dir/psa_crypto_driver_wrappers_no_static.c.obj
[773/1049] Building C object esp-idf/mbedtls/mbedtls/library/CMakeFiles/mbedcrypto.dir/psa_crypto_se.c.obj
[834/1044] Building C object esp-idf/esp_pm/CMakeFiles/__idf_esp_pm.dir/pm_trace.c.obj
[774/1049] Building C object esp-idf/mbedtls/mbedtls/library/CMakeFiles/mbedcrypto.dir/psa_crypto_cipher.c.obj
[835/1044] Building C object esp-idf/esp_security/CMakeFiles/__idf_esp_security.dir/src/esp_crypto_lock.c.obj
[775/1049] Building C object esp-idf/mbedtls/mbedtls/library/CMakeFiles/mbedcrypto.dir/psa_crypto_client.c.obj
[776/1049] Building C object esp-idf/mbedtls/mbedtls/library/CMakeFiles/mbedcrypto.dir/psa_crypto_mac.c.obj
[777/1049] Building C object esp-idf/mbedtls/mbedtls/library/CMakeFiles/mbedcrypto.dir/ecp.c.obj
[778/1049] Building C object esp-idf/mbedtls/mbedtls/library/CMakeFiles/mbedcrypto.dir/pkparse.c.obj
[779/1049] Building C object esp-idf/mbedtls/mbedtls/library/CMakeFiles/mbedcrypto.dir/psa_crypto_hash.c.obj
[836/1044] Building C object esp-idf/esp_security/CMakeFiles/__idf_esp_security.dir/src/esp_hmac.c.obj
[780/1049] Building C object esp-idf/mbedtls/mbedtls/library/CMakeFiles/mbedcrypto.dir/psa_crypto_storage.c.obj
[781/1049] Building C object esp-idf/mbedtls/mbedtls/library/CMakeFiles/mbedcrypto.dir/psa_crypto_pake.c.obj
[837/1044] Building C object esp-idf/efuse/CMakeFiles/__idf_efuse.dir/esp32s3/esp_efuse_rtc_calib.c.obj
[838/1044] Building C object esp-idf/esp_pm/CMakeFiles/__idf_esp_pm.dir/pm_locks.c.obj
[782/1049] Building C object esp-idf/mbedtls/mbedtls/library/CMakeFiles/mbedcrypto.dir/ripemd160.c.obj
[839/1044] Building C object esp-idf/esp_driver_gpio/CMakeFiles/__idf_esp_driver_gpio.dir/src/gpio_glitch_filter_ops.c.obj
[840/1044] Building C object esp-idf/efuse/CMakeFiles/__idf_efuse.dir/esp32s3/esp_efuse_fields.c.obj
[783/1049] Building C object esp-idf/mbedtls/mbedtls/library/CMakeFiles/mbedcrypto.dir/timing.c.obj
[784/1049] Building C object esp-idf/mbedtls/mbedtls/library/CMakeFiles/mbedcrypto.dir/threading.c.obj
[841/1044] Building C object esp-idf/efuse/CMakeFiles/__idf_efuse.dir/src/esp_efuse_fields.c.obj
[785/1049] Building C object esp-idf/mbedtls/mbedtls/library/CMakeFiles/mbedcrypto.dir/sha256.c.obj
[842/1044] Building C object esp-idf/esp_security/CMakeFiles/__idf_esp_security.dir/src/init.c.obj
[786/1049] Building C object esp-idf/mbedtls/mbedtls/library/CMakeFiles/mbedcrypto.dir/psa_crypto_ecp.c.obj
[787/1049] Building C object esp-idf/mbedtls/mbedtls/library/CMakeFiles/mbedcrypto.dir/psa_crypto_ffdh.c.obj
[843/1044] Building C object esp-idf/efuse/CMakeFiles/__idf_efuse.dir/esp32s3/esp_efuse_table.c.obj
[788/1049] Building C object esp-idf/mbedtls/mbedtls/library/CMakeFiles/mbedcrypto.dir/psa_crypto_rsa.c.obj
[789/1049] Building C object esp-idf/mbedtls/mbedtls/library/CMakeFiles/mbedcrypto.dir/version.c.obj
[790/1049] Building C object esp-idf/mbedtls/mbedtls/library/CMakeFiles/mbedcrypto.dir/version_features.c.obj
[844/1044] Building C object esp-idf/esp_security/CMakeFiles/__idf_esp_security.dir/src/esp_crypto_periph_clk.c.obj
[791/1049] Building C object esp-idf/mbedtls/mbedtls/library/CMakeFiles/mbedcrypto.dir/psa_crypto_slot_management.c.obj
[792/1049] Building C object esp-idf/mbedtls/mbedtls/library/CMakeFiles/mbedcrypto.dir/sha1.c.obj
[845/1044] Building C object esp-idf/esp_driver_gpio/CMakeFiles/__idf_esp_driver_gpio.dir/src/gpio_pin_glitch_filter.c.obj
[793/1049] Building C object esp-idf/mbedtls/mbedtls/library/CMakeFiles/mbedcrypto.dir/psa_its_file.c.obj
[794/1049] Building C object esp-idf/mbedtls/mbedtls/library/CMakeFiles/mbedcrypto.dir/sha512.c.obj
[795/1049] Building C object 'esp-idf/mbedtls/mbedtls/library/CMakeFiles/mbedcrypto.dir/home/tikhon/Документы/magnolia/esp-idf/components/mbedtls/port/sha/core/esp_sha_gdma_impl.c.obj'
[796/1049] Building C object 'esp-idf/mbedtls/mbedtls/library/CMakeFiles/mbedcrypto.dir/home/tikhon/Документы/magnolia/esp-idf/components/mbedtls/port/aes/dma/esp_aes_gdma_impl.c.obj'
[846/1044] Building C object esp-idf/efuse/CMakeFiles/__idf_efuse.dir/src/efuse_controller/keys/with_key_purposes/esp_efuse_api_key.c.obj
[797/1049] Building C object esp-idf/mbedtls/mbedtls/library/CMakeFiles/mbedcrypto.dir/rsa_alt_helpers.c.obj
[798/1049] Building C object 'esp-idf/mbedtls/mbedtls/library/CMakeFiles/mbedcrypto.dir/home/tikhon/Документы/magnolia/esp-idf/components/mbedtls/port/esp_hardware.c.obj'
[847/1044] Building C object esp-idf/efuse/CMakeFiles/__idf_efuse.dir/esp32s3/esp_efuse_utility.c.obj
[848/1044] Building C object esp-idf/xtensa/CMakeFiles/__idf_xtensa.dir/eri.c.obj
[799/1049] Building C object 'esp-idf/mbedtls/mbedtls/library/CMakeFiles/mbedcrypto.dir/home/tikhon/Документы/magnolia/esp-idf/components/mbedtls/port/esp_mem.c.obj'
[849/1044] Building C object esp-idf/esp_security/CMakeFiles/__idf_esp_security.dir/src/esp_ds.c.obj
[850/1044] Building C object esp-idf/esp_bootloader_format/CMakeFiles/__idf_esp_bootloader_format.dir/esp_bootloader_desc.c.obj
[800/1049] Building C object esp-idf/mbedtls/mbedtls/library/CMakeFiles/mbedcrypto.dir/psa_util.c.obj
[851/1044] Building C object esp-idf/esp_pm/CMakeFiles/__idf_esp_pm.dir/pm_impl.c.obj
[852/1044] Building C object esp-idf/app_update/CMakeFiles/__idf_app_update.dir/esp_ota_app_desc.c.obj
[801/1049] Building C object 'esp-idf/mbedtls/mbedtls/library/CMakeFiles/mbedcrypto.dir/home/tikhon/Документы/magnolia/esp-idf/components/mbedtls/port/esp_timing.c.obj'
[853/1044] Building C object esp-idf/esp_driver_gpio/CMakeFiles/__idf_esp_driver_gpio.dir/src/rtc_io.c.obj
[854/1044] Building C object esp-idf/esp_partition/CMakeFiles/__idf_esp_partition.dir/partition.c.obj
[802/1049] Building C object 'esp-idf/mbedtls/mbedtls/library/CMakeFiles/mbedcrypto.dir/home/tikhon/Документы/magnolia/esp-idf/components/mbedtls/port/aes/esp_aes_common.c.obj'
[803/1049] Building C object 'esp-idf/mbedtls/mbedtls/library/CMakeFiles/mbedcrypto.dir/home/tikhon/Документы/magnolia/esp-idf/components/mbedtls/port/aes/esp_aes_xts.c.obj'
[855/1044] Building C object esp-idf/esp_app_format/CMakeFiles/__idf_esp_app_format.dir/esp_app_desc.c.obj
[856/1044] Building ASM object esp-idf/xtensa/CMakeFiles/__idf_xtensa.dir/xtensa_context.S.obj
[857/1044] Building C object esp-idf/mbedtls/CMakeFiles/__idf_mbedtls.dir/esp_crt_bundle/esp_crt_bundle.c.obj
[858/1044] Building C object esp-idf/efuse/CMakeFiles/__idf_efuse.dir/src/esp_efuse_startup.c.obj
[859/1044] Building ASM object esp-idf/xtensa/CMakeFiles/__idf_xtensa.dir/xtensa_intr_asm.S.obj
[860/1044] Building C object esp-idf/esp_driver_gpio/CMakeFiles/__idf_esp_driver_gpio.dir/src/dedic_gpio.c.obj
[861/1044] Building C object esp-idf/esp_partition/CMakeFiles/__idf_esp_partition.dir/partition_target.c.obj
[862/1044] Building C object esp-idf/xtensa/CMakeFiles/__idf_xtensa.dir/xt_trax.c.obj
[863/1044] Building ASM object esp-idf/xtensa/CMakeFiles/__idf_xtensa.dir/xtensa_vectors.S.obj
[864/1044] Building C object esp-idf/efuse/CMakeFiles/__idf_efuse.dir/src/esp_efuse_utility.c.obj
[804/1049] Building C object 'esp-idf/mbedtls/mbedtls/library/CMakeFiles/mbedcrypto.dir/home/tikhon/Документы/magnolia/esp-idf/components/mbedtls/port/aes/dma/esp_aes_dma_core.c.obj'
[865/1044] Building C object esp-idf/efuse/CMakeFiles/__idf_efuse.dir/src/esp_efuse_api.c.obj
[866/1044] Linking C static library esp-idf/mbedtls/libmbedtls.a
[867/1044] Building C object esp-idf/console/CMakeFiles/__idf_console.dir/split_argv.c.obj
[805/1049] Building C object 'esp-idf/mbedtls/mbedtls/library/CMakeFiles/mbedcrypto.dir/home/tikhon/Документы/magnolia/esp-idf/components/mbedtls/port/sha/esp_sha.c.obj'
[806/1049] Building C object 'esp-idf/mbedtls/mbedtls/library/CMakeFiles/mbedcrypto.dir/home/tikhon/Документы/magnolia/esp-idf/components/mbedtls/port/esp_ds/esp_rsa_sign_alt.c.obj'
[807/1049] Building C object 'esp-idf/mbedtls/mbedtls/library/CMakeFiles/mbedcrypto.dir/home/tikhon/Документы/magnolia/esp-idf/components/mbedtls/port/esp_ds/esp_ds_common.c.obj'
[868/1044] Linking C static library esp-idf/esp_pm/libesp_pm.a
[808/1049] Building C object 'esp-idf/mbedtls/mbedtls/library/CMakeFiles/mbedcrypto.dir/home/tikhon/Документы/magnolia/esp-idf/components/mbedtls/port/bignum/bignum_alt.c.obj'
[809/1049] Building C object 'esp-idf/mbedtls/mbedtls/library/CMakeFiles/mbedcrypto.dir/home/tikhon/Документы/magnolia/esp-idf/components/mbedtls/port/crypto_shared_gdma/esp_crypto_shared_gdma.c.obj'
[810/1049] Building C object 'esp-idf/mbedtls/mbedtls/library/CMakeFiles/mbedcrypto.dir/home/tikhon/Документы/magnolia/esp-idf/components/mbedtls/port/sha/core/esp_sha256.c.obj'
[811/1049] Building C object 'esp-idf/mbedtls/mbedtls/library/CMakeFiles/mbedcrypto.dir/home/tikhon/Документы/magnolia/esp-idf/components/mbedtls/port/sha/core/sha.c.obj'
[812/1049] Linking CXX static library esp-idf/mbedtls/mbedtls/library/libmbedx509.a
[869/1044] Building C object esp-idf/xtensa/CMakeFiles/__idf_xtensa.dir/xtensa_intr.c.obj
[813/1049] Building C object 'esp-idf/mbedtls/mbedtls/library/CMakeFiles/mbedcrypto.dir/home/tikhon/Документы/magnolia/esp-idf/components/mbedtls/port/bignum/esp_bignum.c.obj'
[814/1049] Building C object 'esp-idf/mbedtls/mbedtls/library/CMakeFiles/mbedcrypto.dir/home/tikhon/Документы/magnolia/esp-idf/components/mbedtls/port/md/esp_md.c.obj'
[815/1049] Building C object 'esp-idf/mbedtls/mbedtls/library/CMakeFiles/mbedcrypto.dir/home/tikhon/Документы/magnolia/esp-idf/components/mbedtls/port/esp_ds/esp_rsa_dec_alt.c.obj'
[870/1044] Building C object esp-idf/console/CMakeFiles/__idf_console.dir/argtable3/arg_file.c.obj
[816/1049] Building C object 'esp-idf/mbedtls/mbedtls/library/CMakeFiles/mbedcrypto.dir/home/tikhon/Документы/magnolia/esp-idf/components/mbedtls/port/aes/dma/esp_aes.c.obj'
[871/1044] Building C object esp-idf/console/CMakeFiles/__idf_console.dir/argtable3/arg_end.c.obj
[872/1044] Building C object esp-idf/console/CMakeFiles/__idf_console.dir/argtable3/arg_int.c.obj
[817/1049] Building C object 'esp-idf/mbedtls/mbedtls/library/CMakeFiles/mbedcrypto.dir/home/tikhon/Документы/magnolia/esp-idf/components/mbedtls/port/sha/core/esp_sha1.c.obj'
[818/1049] Building C object esp-idf/mbedtls/mbedtls/library/CMakeFiles/mbedcrypto.dir/sha3.c.obj
[873/1044] Building C object esp-idf/console/CMakeFiles/__idf_console.dir/argtable3/arg_dstr.c.obj
[819/1049] Building C object esp-idf/mbedtls/mbedtls/library/CMakeFiles/mbedcrypto.dir/rsa.c.obj
[820/1049] Building C object esp-idf/mbedtls/mbedtls/3rdparty/p256-m/CMakeFiles/p256m.dir/p256-m_driver_entrypoints.c.obj
[821/1049] Building C object esp-idf/mbedtls/mbedtls/3rdparty/everest/CMakeFiles/everest.dir/library/everest.c.obj
[822/1049] Building C object esp-idf/mbedtls/mbedtls/3rdparty/p256-m/CMakeFiles/p256m.dir/p256-m/p256-m.c.obj
[874/1044] Building C object esp-idf/app_update/CMakeFiles/__idf_app_update.dir/esp_ota_ops.c.obj
[875/1044] Building C object esp-idf/console/CMakeFiles/__idf_console.dir/argtable3/arg_lit.c.obj
[876/1044] Building C object esp-idf/console/CMakeFiles/__idf_console.dir/argtable3/arg_rem.c.obj
[877/1044] Building C object esp-idf/console/CMakeFiles/__idf_console.dir/argtable3/arg_date.c.obj
[823/1049] Building C object 'esp-idf/mbedtls/mbedtls/library/CMakeFiles/mbedcrypto.dir/home/tikhon/Документы/magnolia/esp-idf/components/mbedtls/port/sha/core/esp_sha512.c.obj'
[878/1044] Building C object esp-idf/console/CMakeFiles/__idf_console.dir/esp_console_common.c.obj
[879/1044] Building C object esp-idf/console/CMakeFiles/__idf_console.dir/esp_console_repl_internal.c.obj
[824/1049] Building C object esp-idf/mbedtls/mbedtls/3rdparty/everest/CMakeFiles/everest.dir/library/Hacl_Curve25519_joined.c.obj
[880/1044] Building C object esp-idf/console/CMakeFiles/__idf_console.dir/esp_console_repl_chip.c.obj
[881/1044] Building C object esp-idf/console/CMakeFiles/__idf_console.dir/argtable3/arg_dbl.c.obj
[882/1044] Building C object esp-idf/console/CMakeFiles/__idf_console.dir/argtable3/arg_hashtable.c.obj
[883/1044] Building C object esp-idf/console/CMakeFiles/__idf_console.dir/argtable3/arg_str.c.obj
[825/1049] Building C object esp-idf/mbedtls/mbedtls/3rdparty/everest/CMakeFiles/everest.dir/library/x25519.c.obj
[884/1044] Building C object esp-idf/console/CMakeFiles/__idf_console.dir/argtable3/arg_utils.c.obj
[885/1044] Building C object esp-idf/console/CMakeFiles/__idf_console.dir/commands.c.obj
[886/1044] Building C object esp-idf/unity/CMakeFiles/__idf_unity.dir/unity_compat.c.obj
[887/1044] Building C object esp-idf/console/CMakeFiles/__idf_console.dir/argtable3/arg_cmd.c.obj
[888/1044] Building C object esp-idf/unity/CMakeFiles/__idf_unity.dir/unity_utils_memory.c.obj
[889/1044] Building C object esp-idf/unity/CMakeFiles/__idf_unity.dir/unity_utils_freertos.c.obj
[890/1044] Building C object esp-idf/unity/CMakeFiles/__idf_unity.dir/unity_port_esp32.c.obj
[891/1044] Building C object esp-idf/unity/CMakeFiles/__idf_unity.dir/unity_utils_cache.c.obj
[826/1049] Building C object 'esp-idf/mbedtls/mbedtls/library/CMakeFiles/mbedcrypto.dir/home/tikhon/Документы/magnolia/esp-idf/components/mbedtls/port/aes/esp_aes_gcm.c.obj'
[892/1044] Building C object esp-idf/unity/CMakeFiles/__idf_unity.dir/unity_runner.c.obj
[893/1044] Building C object esp-idf/protocomm/CMakeFiles/__idf_protocomm.dir/proto-c/constants.pb-c.c.obj
[894/1044] Building C object esp-idf/unity/CMakeFiles/__idf_unity.dir/port/esp/unity_utils_memory_esp.c.obj
[895/1044] Building C object esp-idf/console/CMakeFiles/__idf_console.dir/argtable3/arg_rex.c.obj
[896/1044] Building C object esp-idf/protocomm/CMakeFiles/__idf_protocomm.dir/proto-c/sec0.pb-c.c.obj
[897/1044] Building C object esp-idf/console/CMakeFiles/__idf_console.dir/linenoise/linenoise.c.obj
[898/1044] Building C object esp-idf/protocomm/CMakeFiles/__idf_protocomm.dir/proto-c/sec1.pb-c.c.obj
[899/1044] Building C object esp-idf/protocomm/CMakeFiles/__idf_protocomm.dir/proto-c/session.pb-c.c.obj
[900/1044] Building C object esp-idf/protocomm/CMakeFiles/__idf_protocomm.dir/proto-c/sec2.pb-c.c.obj
[901/1044] Building CXX object esp-idf/wear_levelling/CMakeFiles/__idf_wear_levelling.dir/Partition.cpp.obj
[902/1044] Building C object esp-idf/protocomm/CMakeFiles/__idf_protocomm.dir/src/transports/protocomm_console.c.obj
[903/1044] Building C object esp-idf/protocomm/CMakeFiles/__idf_protocomm.dir/src/crypto/srp6a/esp_srp_mpi.c.obj
[904/1044] Building CXX object esp-idf/wear_levelling/CMakeFiles/__idf_wear_levelling.dir/crc32.cpp.obj
[905/1044] Building C object esp-idf/console/CMakeFiles/__idf_console.dir/argtable3/argtable3.c.obj
[906/1044] Building C object esp-idf/protocomm/CMakeFiles/__idf_protocomm.dir/src/common/protocomm.c.obj
[907/1044] Building C object esp-idf/protocomm/CMakeFiles/__idf_protocomm.dir/src/transports/protocomm_httpd.c.obj
[908/1044] Building CXX object esp-idf/wear_levelling/CMakeFiles/__idf_wear_levelling.dir/SPI_Flash.cpp.obj
[909/1044] Building C object esp-idf/protocomm/CMakeFiles/__idf_protocomm.dir/src/security/security2.c.obj
[910/1044] Building C object esp-idf/esp_driver_gpio/CMakeFiles/__idf_esp_driver_gpio.dir/src/gpio.c.obj
[911/1044] Building C object esp-idf/esp_https_server/CMakeFiles/__idf_esp_https_server.dir/src/https_server.c.obj
[912/1044] Building CXX object esp-idf/wear_levelling/CMakeFiles/__idf_wear_levelling.dir/WL_Ext_Perf.cpp.obj
[913/1044] Building C object esp-idf/protocomm/CMakeFiles/__idf_protocomm.dir/src/crypto/srp6a/esp_srp.c.obj
[914/1044] Building CXX object esp-idf/wear_levelling/CMakeFiles/__idf_wear_levelling.dir/wear_levelling.cpp.obj
[915/1044] Building C object esp-idf/app_trace/CMakeFiles/__idf_app_trace.dir/host_file_io.c.obj
[916/1044] Linking C static library esp-idf/esp_driver_gpio/libesp_driver_gpio.a
[917/1044] Building CXX object esp-idf/wear_levelling/CMakeFiles/__idf_wear_levelling.dir/WL_Ext_Safe.cpp.obj
[918/1044] Building C object esp-idf/unity/CMakeFiles/__idf_unity.dir/unity/src/unity.c.obj
[919/1044] Building C object esp-idf/app_trace/CMakeFiles/__idf_app_trace.dir/app_trace_util.c.obj
[920/1044] Building C object esp-idf/esp_driver_cam/CMakeFiles/__idf_esp_driver_cam.dir/esp_cam_ctlr.c.obj
[921/1044] Building C object esp-idf/app_trace/CMakeFiles/__idf_app_trace.dir/port/port_uart.c.obj
[922/1044] Building C object esp-idf/esp_driver_cam/CMakeFiles/__idf_esp_driver_cam.dir/dvp_share_ctrl.c.obj
[923/1044] Building C object esp-idf/app_trace/CMakeFiles/__idf_app_trace.dir/app_trace.c.obj
[924/1044] Building C object esp-idf/cmock/CMakeFiles/__idf_cmock.dir/CMock/src/cmock.c.obj
[925/1044] Building C object esp-idf/esp_driver_cam/CMakeFiles/__idf_esp_driver_cam.dir/dvp/src/esp_cam_ctlr_dvp_gdma.c.obj
[926/1044] Linking C static library esp-idf/esp_security/libesp_security.a
[927/1044] Building C object esp-idf/json/CMakeFiles/__idf_json.dir/cJSON/cJSON_Utils.c.obj
[928/1044] Linking C static library esp-idf/efuse/libefuse.a
[827/1049] Building C object esp-idf/mbedtls/mbedtls/library/CMakeFiles/mbedcrypto.dir/psa_crypto.c.obj
[929/1044] Linking C static library esp-idf/esp_partition/libesp_partition.a
[930/1044] Building C object esp-idf/esp_lcd/CMakeFiles/__idf_esp_lcd.dir/src/esp_lcd_panel_io.c.obj
[931/1044] Building C object esp-idf/esp_hid/CMakeFiles/__idf_esp_hid.dir/src/esp_hidd.c.obj
[932/1044] Building C object esp-idf/esp_hid/CMakeFiles/__idf_esp_hid.dir/src/esp_hid_common.c.obj
[933/1044] Linking C static library esp-idf/app_update/libapp_update.a
[934/1044] Building CXX object esp-idf/wear_levelling/CMakeFiles/__idf_wear_levelling.dir/WL_Flash.cpp.obj
[935/1044] Building C object esp-idf/esp_lcd/CMakeFiles/__idf_esp_lcd.dir/src/esp_lcd_common.c.obj
[936/1044] Building C object esp-idf/protobuf-c/CMakeFiles/__idf_protobuf-c.dir/protobuf-c/protobuf-c/protobuf-c.c.obj
[937/1044] Building C object esp-idf/esp_hid/CMakeFiles/__idf_esp_hid.dir/src/esp_hidh.c.obj
[938/1044] Building C object esp-idf/esp_eth/CMakeFiles/__idf_esp_eth.dir/src/esp_eth_netif_glue.c.obj
[939/1044] Linking C static library esp-idf/esp_bootloader_format/libesp_bootloader_format.a
[940/1044] Linking C static library esp-idf/esp_app_format/libesp_app_format.a
[941/1044] Building C object esp-idf/esp_lcd/CMakeFiles/__idf_esp_lcd.dir/src/esp_lcd_panel_ops.c.obj
[942/1044] Building C object esp-idf/esp_lcd/CMakeFiles/__idf_esp_lcd.dir/src/esp_lcd_panel_ssd1306.c.obj
[943/1044] Building C object esp-idf/esp_driver_touch_sens/CMakeFiles/__idf_esp_driver_touch_sens.dir/common/touch_sens_common.c.obj
[944/1044] Building C object esp-idf/esp_lcd/CMakeFiles/__idf_esp_lcd.dir/src/esp_lcd_panel_st7789.c.obj
[945/1044] Building C object esp-idf/esp_driver_touch_sens/CMakeFiles/__idf_esp_driver_touch_sens.dir/hw_ver2/touch_version_specific.c.obj
[946/1044] Building C object esp-idf/esp_driver_cam/CMakeFiles/__idf_esp_driver_cam.dir/dvp/src/esp_cam_ctlr_dvp_cam.c.obj
[947/1044] Building C object esp-idf/esp_eth/CMakeFiles/__idf_esp_eth.dir/src/esp_eth.c.obj
[948/1044] Building C object esp-idf/esp_eth/CMakeFiles/__idf_esp_eth.dir/src/phy/esp_eth_phy_802_3.c.obj
[949/1044] Linking C static library esp-idf/xtensa/libxtensa.a
[950/1044] Building C object esp-idf/espcoredump/CMakeFiles/__idf_espcoredump.dir/src/core_dump_init.c.obj
[951/1044] Building C object esp-idf/esp_lcd/CMakeFiles/__idf_esp_lcd.dir/i2c/esp_lcd_panel_io_i2c_v2.c.obj
[952/1044] Building C object esp-idf/espcoredump/CMakeFiles/__idf_espcoredump.dir/src/core_dump_common.c.obj
[828/1049] Linking CXX static library esp-idf/mbedtls/mbedtls/library/libmbedcrypto.a
[953/1044] Building C object esp-idf/esp_lcd/CMakeFiles/__idf_esp_lcd.dir/src/esp_lcd_panel_nt35510.c.obj
[954/1044] Building C object esp-idf/espcoredump/CMakeFiles/__idf_espcoredump.dir/src/core_dump_flash.c.obj
[955/1044] Building C object esp-idf/espcoredump/CMakeFiles/__idf_espcoredump.dir/src/core_dump_uart.c.obj
[956/1044] Building C object esp-idf/espcoredump/CMakeFiles/__idf_espcoredump.dir/src/core_dump_sha.c.obj
[957/1044] Building C object esp-idf/espcoredump/CMakeFiles/__idf_espcoredump.dir/src/core_dump_elf.c.obj
[958/1044] Linking C static library esp-idf/esp_https_server/libesp_https_server.a
[959/1044] Linking C static library esp-idf/protobuf-c/libprotobuf-c.a
[960/1044] Building C object esp-idf/espcoredump/CMakeFiles/__idf_espcoredump.dir/src/port/xtensa/core_dump_port.c.obj
[829/1049] Linking CXX static library esp-idf/mbedtls/mbedtls/3rdparty/p256-m/libp256m.a
[961/1044] Linking C static library esp-idf/unity/libunity.a
[962/1044] Linking C static library esp-idf/console/libconsole.a
[963/1044] Linking C static library esp-idf/wear_levelling/libwear_levelling.a
[964/1044] Building C object esp-idf/esp_lcd/CMakeFiles/__idf_esp_lcd.dir/i2c/esp_lcd_panel_io_i2c_v1.c.obj
[965/1044] Building C object esp-idf/esp_local_ctrl/CMakeFiles/__idf_esp_local_ctrl.dir/src/esp_local_ctrl_handler.c.obj
[966/1044] Building C object esp-idf/esp_local_ctrl/CMakeFiles/__idf_esp_local_ctrl.dir/src/esp_local_ctrl_transport_httpd.c.obj
[830/1049] Linking CXX static library esp-idf/mbedtls/mbedtls/3rdparty/everest/libeverest.a
[967/1044] Linking C static library esp-idf/protocomm/libprotocomm.a
[968/1044] Building C object esp-idf/esp_lcd/CMakeFiles/__idf_esp_lcd.dir/spi/esp_lcd_panel_io_spi.c.obj
[969/1044] Building C object esp-idf/fatfs/CMakeFiles/__idf_fatfs.dir/diskio/diskio.c.obj
[970/1044] Building C object esp-idf/fatfs/CMakeFiles/__idf_fatfs.dir/port/freertos/ffsystem.c.obj
[971/1044] Building C object esp-idf/fatfs/CMakeFiles/__idf_fatfs.dir/diskio/diskio_rawflash.c.obj
[972/1044] Building C object esp-idf/esp_local_ctrl/CMakeFiles/__idf_esp_local_ctrl.dir/src/esp_local_ctrl.c.obj
[973/1044] Building C object esp-idf/esp_local_ctrl/CMakeFiles/__idf_esp_local_ctrl.dir/proto-c/esp_local_ctrl.pb-c.c.obj
[974/1044] Building C object esp-idf/fatfs/CMakeFiles/__idf_fatfs.dir/src/ffunicode.c.obj
[975/1044] Building C object esp-idf/json/CMakeFiles/__idf_json.dir/cJSON/cJSON.c.obj
[976/1044] Building C object esp-idf/fatfs/CMakeFiles/__idf_fatfs.dir/diskio/diskio_wl.c.obj
[977/1044] Building C object esp-idf/perfmon/CMakeFiles/__idf_perfmon.dir/xtensa_perfmon_masks.c.obj
[978/1044] Building C object esp-idf/perfmon/CMakeFiles/__idf_perfmon.dir/xtensa_perfmon_access.c.obj
[979/1044] Linking C static library esp-idf/json/libjson.a
[980/1044] Building C object esp-idf/fatfs/CMakeFiles/__idf_fatfs.dir/diskio/diskio_sdmmc.c.obj
[981/1044] Building C object esp-idf/mqtt/CMakeFiles/__idf_mqtt.dir/esp-mqtt/lib/platform_esp32_idf.c.obj
[982/1044] Building C object esp-idf/nvs_sec_provider/CMakeFiles/__idf_nvs_sec_provider.dir/nvs_sec_provider.c.obj
[983/1044] Building C object esp-idf/perfmon/CMakeFiles/__idf_perfmon.dir/xtensa_perfmon_apis.c.obj
[984/1044] Building C object esp-idf/rt/CMakeFiles/__idf_rt.dir/FreeRTOS_POSIX_utils.c.obj
[985/1044] Building C object esp-idf/fatfs/CMakeFiles/__idf_fatfs.dir/vfs/vfs_fat_spiflash.c.obj
[831/1049] Generating x509_crt_bundle
[986/1044] Building C object esp-idf/mqtt/CMakeFiles/__idf_mqtt.dir/esp-mqtt/lib/mqtt_outbox.c.obj
[987/1044] Building C object esp-idf/spiffs/CMakeFiles/__idf_spiffs.dir/spiffs/src/spiffs_cache.c.obj
[988/1044] Building C object esp-idf/esp_lcd/CMakeFiles/__idf_esp_lcd.dir/i80/esp_lcd_panel_io_i80.c.obj
[989/1044] Building C object esp-idf/spiffs/CMakeFiles/__idf_spiffs.dir/spiffs_api.c.obj
[990/1044] Building C object esp-idf/mqtt/CMakeFiles/__idf_mqtt.dir/esp-mqtt/lib/mqtt_msg.c.obj
[991/1044] Building C object esp-idf/fatfs/CMakeFiles/__idf_fatfs.dir/vfs/vfs_fat_sdmmc.c.obj
[992/1044] Building C object esp-idf/rt/CMakeFiles/__idf_rt.dir/FreeRTOS_POSIX_mqueue.c.obj
[993/1044] Building C object esp-idf/spiffs/CMakeFiles/__idf_spiffs.dir/spiffs/src/spiffs_gc.c.obj
[832/1049] Generating ../../x509_crt_bundle.S
[994/1044] Building C object esp-idf/touch_element/CMakeFiles/__idf_touch_element.dir/touch_button.c.obj
[833/1049] Building ASM object esp-idf/mbedtls/CMakeFiles/__idf_mbedtls.dir/__/__/x509_crt_bundle.S.obj
[995/1044] Building C object esp-idf/usb/CMakeFiles/__idf_usb.dir/usb_private.c.obj
[834/1049] Building C object esp-idf/esp_pm/CMakeFiles/__idf_esp_pm.dir/pm_locks.c.obj
[835/1049] Building C object esp-idf/esp_security/CMakeFiles/__idf_esp_security.dir/src/esp_crypto_lock.c.obj
[996/1044] Building C object esp-idf/touch_element/CMakeFiles/__idf_touch_element.dir/touch_matrix.c.obj
[836/1049] Building C object esp-idf/esp_pm/CMakeFiles/__idf_esp_pm.dir/pm_trace.c.obj
[997/1044] Building C object esp-idf/usb/CMakeFiles/__idf_usb.dir/usb_helpers.c.obj
[998/1044] Building C object esp-idf/spiffs/CMakeFiles/__idf_spiffs.dir/spiffs/src/spiffs_check.c.obj
[837/1049] Building C object esp-idf/esp_driver_gpio/CMakeFiles/__idf_esp_driver_gpio.dir/src/gpio_glitch_filter_ops.c.obj
[999/1044] Building C object esp-idf/usb/CMakeFiles/__idf_usb.dir/hub.c.obj
[1000/1044] Building C object esp-idf/esp_lcd/CMakeFiles/__idf_esp_lcd.dir/rgb/esp_lcd_panel_rgb.c.obj
[838/1049] Building C object esp-idf/esp_security/CMakeFiles/__idf_esp_security.dir/src/esp_crypto_periph_clk.c.obj
[1001/1044] Building C object esp-idf/spiffs/CMakeFiles/__idf_spiffs.dir/spiffs/src/spiffs_hydrogen.c.obj
[839/1049] Building C object esp-idf/efuse/CMakeFiles/__idf_efuse.dir/esp32s3/esp_efuse_table.c.obj
[840/1049] Building C object esp-idf/efuse/CMakeFiles/__idf_efuse.dir/esp32s3/esp_efuse_fields.c.obj
[1002/1044] Building C object esp-idf/fatfs/CMakeFiles/__idf_fatfs.dir/src/ff.c.obj
[1003/1044] Building C object esp-idf/wifi_provisioning/CMakeFiles/__idf_wifi_provisioning.dir/src/wifi_ctrl.c.obj
[841/1049] Building C object esp-idf/esp_security/CMakeFiles/__idf_esp_security.dir/src/esp_hmac.c.obj
[842/1049] Building C object esp-idf/esp_security/CMakeFiles/__idf_esp_security.dir/src/init.c.obj
[1004/1044] Building C object esp-idf/fatfs/CMakeFiles/__idf_fatfs.dir/vfs/vfs_fat.c.obj
[843/1049] Building C object esp-idf/mbedtls/CMakeFiles/__idf_mbedtls.dir/esp_crt_bundle/esp_crt_bundle.c.obj
[844/1049] Building C object esp-idf/efuse/CMakeFiles/__idf_efuse.dir/esp32s3/esp_efuse_rtc_calib.c.obj
[1005/1044] Building C object esp-idf/wifi_provisioning/CMakeFiles/__idf_wifi_provisioning.dir/src/wifi_config.c.obj
[845/1049] Building C object esp-idf/esp_driver_gpio/CMakeFiles/__idf_esp_driver_gpio.dir/src/gpio_pin_glitch_filter.c.obj
[846/1049] Building C object esp-idf/efuse/CMakeFiles/__idf_efuse.dir/src/esp_efuse_fields.c.obj
[847/1049] Building C object esp-idf/esp_security/CMakeFiles/__idf_esp_security.dir/src/esp_ds.c.obj
[848/1049] Building C object esp-idf/efuse/CMakeFiles/__idf_efuse.dir/esp32s3/esp_efuse_utility.c.obj
[849/1049] Linking C static library esp-idf/mbedtls/libmbedtls.a
[1006/1044] Building C object esp-idf/touch_element/CMakeFiles/__idf_touch_element.dir/touch_slider.c.obj
[1007/1044] Building C object esp-idf/wifi_provisioning/CMakeFiles/__idf_wifi_provisioning.dir/src/wifi_scan.c.obj
[1008/1044] Building C object esp-idf/wifi_provisioning/CMakeFiles/__idf_wifi_provisioning.dir/src/scheme_console.c.obj
[1009/1044] Building C object esp-idf/spiffs/CMakeFiles/__idf_spiffs.dir/esp_spiffs.c.obj
[850/1049] Building C object esp-idf/esp_bootloader_format/CMakeFiles/__idf_esp_bootloader_format.dir/esp_bootloader_desc.c.obj
[851/1049] Building ASM object esp-idf/xtensa/CMakeFiles/__idf_xtensa.dir/xtensa_intr_asm.S.obj
[852/1049] Building C object esp-idf/app_update/CMakeFiles/__idf_app_update.dir/esp_ota_app_desc.c.obj
[853/1049] Building C object esp-idf/xtensa/CMakeFiles/__idf_xtensa.dir/eri.c.obj
[1010/1044] Building C object esp-idf/usb/CMakeFiles/__idf_usb.dir/enum.c.obj
[854/1049] Building C object esp-idf/esp_driver_gpio/CMakeFiles/__idf_esp_driver_gpio.dir/src/rtc_io.c.obj
[1011/1044] Linking C static library esp-idf/cmock/libcmock.a
[855/1049] Building C object esp-idf/esp_app_format/CMakeFiles/__idf_esp_app_format.dir/esp_app_desc.c.obj
[856/1049] Building C object esp-idf/esp_pm/CMakeFiles/__idf_esp_pm.dir/pm_impl.c.obj
[1012/1044] Linking C static library esp-idf/app_trace/libapp_trace.a
[857/1049] Building ASM object esp-idf/xtensa/CMakeFiles/__idf_xtensa.dir/xtensa_context.S.obj
[1013/1044] Linking C static library esp-idf/esp_driver_cam/libesp_driver_cam.a
[858/1049] Building C object esp-idf/efuse/CMakeFiles/__idf_efuse.dir/src/esp_efuse_startup.c.obj
[859/1049] Building C object esp-idf/xtensa/CMakeFiles/__idf_xtensa.dir/xt_trax.c.obj
[1014/1044] Linking C static library esp-idf/esp_driver_touch_sens/libesp_driver_touch_sens.a
[1015/1044] Building C object esp-idf/wifi_provisioning/CMakeFiles/__idf_wifi_provisioning.dir/proto-c/wifi_constants.pb-c.c.obj
[860/1049] Building ASM object esp-idf/xtensa/CMakeFiles/__idf_xtensa.dir/xtensa_vectors.S.obj
[1016/1044] Building C object esp-idf/wifi_provisioning/CMakeFiles/__idf_wifi_provisioning.dir/proto-c/wifi_scan.pb-c.c.obj
[1017/1044] Linking C static library esp-idf/esp_eth/libesp_eth.a
[861/1049] Building C object esp-idf/esp_driver_gpio/CMakeFiles/__idf_esp_driver_gpio.dir/src/dedic_gpio.c.obj
[862/1049] Linking C static library esp-idf/esp_pm/libesp_pm.a
[1018/1044] Linking C static library esp-idf/esp_hid/libesp_hid.a
[1019/1044] Building C object esp-idf/wifi_provisioning/CMakeFiles/__idf_wifi_provisioning.dir/src/handlers.c.obj
[863/1049] Building C object esp-idf/console/CMakeFiles/__idf_console.dir/split_argv.c.obj
[1020/1044] Linking C static library esp-idf/esp_local_ctrl/libesp_local_ctrl.a
[1021/1044] Linking C static library esp-idf/espcoredump/libespcoredump.a
[864/1049] Building C object esp-idf/esp_partition/CMakeFiles/__idf_esp_partition.dir/partition_target.c.obj
[865/1049] Building C object esp-idf/efuse/CMakeFiles/__idf_efuse.dir/src/efuse_controller/keys/with_key_purposes/esp_efuse_api_key.c.obj
[1022/1044] Linking C static library esp-idf/nvs_sec_provider/libnvs_sec_provider.a
[1023/1044] Linking C static library esp-idf/rt/librt.a
[1024/1044] Linking C static library esp-idf/esp_lcd/libesp_lcd.a
[1025/1044] Linking C static library esp-idf/fatfs/libfatfs.a
[866/1049] Building C object esp-idf/efuse/CMakeFiles/__idf_efuse.dir/src/esp_efuse_api.c.obj
[1026/1044] Building C object esp-idf/wifi_provisioning/CMakeFiles/__idf_wifi_provisioning.dir/src/scheme_softap.c.obj
[1027/1044] Linking C static library esp-idf/perfmon/libperfmon.a
[1028/1044] Building C object esp-idf/touch_element/CMakeFiles/__idf_touch_element.dir/touch_element.c.obj
[867/1049] Building C object esp-idf/console/CMakeFiles/__idf_console.dir/argtable3/arg_dbl.c.obj
[1029/1044] Building C object esp-idf/wifi_provisioning/CMakeFiles/__idf_wifi_provisioning.dir/proto-c/wifi_ctrl.pb-c.c.obj
[868/1049] Building C object esp-idf/console/CMakeFiles/__idf_console.dir/argtable3/arg_end.c.obj
[869/1049] Building C object esp-idf/efuse/CMakeFiles/__idf_efuse.dir/src/esp_efuse_utility.c.obj
[1030/1044] Building C object esp-idf/mqtt/CMakeFiles/__idf_mqtt.dir/esp-mqtt/mqtt_client.c.obj
[870/1049] Building C object esp-idf/console/CMakeFiles/__idf_console.dir/esp_console_repl_internal.c.obj
[871/1049] Building C object esp-idf/xtensa/CMakeFiles/__idf_xtensa.dir/xtensa_intr.c.obj
[872/1049] Building C object esp-idf/console/CMakeFiles/__idf_console.dir/esp_console_repl_chip.c.obj
[873/1049] Building C object esp-idf/console/CMakeFiles/__idf_console.dir/argtable3/arg_dstr.c.obj
[1031/1044] Linking C static library esp-idf/touch_element/libtouch_element.a
[874/1049] Building C object esp-idf/console/CMakeFiles/__idf_console.dir/argtable3/arg_cmd.c.obj
[1032/1044] Linking C static library esp-idf/mqtt/libmqtt.a
[875/1049] Building C object esp-idf/console/CMakeFiles/__idf_console.dir/argtable3/arg_file.c.obj
[1033/1044] Building C object esp-idf/wifi_provisioning/CMakeFiles/__idf_wifi_provisioning.dir/proto-c/wifi_config.pb-c.c.obj
[876/1049] Building C object esp-idf/esp_partition/CMakeFiles/__idf_esp_partition.dir/partition.c.obj
[877/1049] Building C object esp-idf/console/CMakeFiles/__idf_console.dir/esp_console_common.c.obj
[878/1049] Building C object esp-idf/console/CMakeFiles/__idf_console.dir/argtable3/arg_lit.c.obj
[879/1049] Building C object esp-idf/console/CMakeFiles/__idf_console.dir/argtable3/arg_int.c.obj
[880/1049] Building C object esp-idf/console/CMakeFiles/__idf_console.dir/argtable3/arg_str.c.obj
[881/1049] Building C object esp-idf/console/CMakeFiles/__idf_console.dir/argtable3/arg_date.c.obj
[882/1049] Building C object esp-idf/console/CMakeFiles/__idf_console.dir/argtable3/arg_rem.c.obj
[1034/1044] Building C object esp-idf/usb/CMakeFiles/__idf_usb.dir/usb_host.c.obj
[883/1049] Building C object esp-idf/console/CMakeFiles/__idf_console.dir/argtable3/arg_hashtable.c.obj
[884/1049] Building C object esp-idf/console/CMakeFiles/__idf_console.dir/argtable3/arg_utils.c.obj
[885/1049] Building C object esp-idf/console/CMakeFiles/__idf_console.dir/commands.c.obj
[886/1049] Building C object esp-idf/unity/CMakeFiles/__idf_unity.dir/unity_compat.c.obj
[887/1049] Building C object esp-idf/unity/CMakeFiles/__idf_unity.dir/unity_utils_freertos.c.obj
[888/1049] Building C object esp-idf/protocomm/CMakeFiles/__idf_protocomm.dir/proto-c/constants.pb-c.c.obj
[1035/1044] Building C object esp-idf/main/CMakeFiles/__idf_main.dir/main.c.obj
/home/tikhon/Документы/magnolia/applets/mainline/free/main/main.c:71:13: warning: 'streq' defined but not used [-Wunused-function]
   71 | static bool streq(const char *a, const char *b)
      |             ^~~~~
[1036/1044] Building C object esp-idf/usb/CMakeFiles/__idf_usb.dir/usbh.c.obj
[889/1049] Building C object esp-idf/unity/CMakeFiles/__idf_unity.dir/unity_runner.c.obj
[890/1049] Building C object esp-idf/unity/CMakeFiles/__idf_unity.dir/unity_utils_memory.c.obj
[891/1049] Building C object esp-idf/unity/CMakeFiles/__idf_unity.dir/port/esp/unity_utils_memory_esp.c.obj
[1037/1044] Building C object esp-idf/usb/CMakeFiles/__idf_usb.dir/hcd_dwc.c.obj
[892/1049] Building C object esp-idf/unity/CMakeFiles/__idf_unity.dir/unity_utils_cache.c.obj
[893/1049] Building C object esp-idf/console/CMakeFiles/__idf_console.dir/linenoise/linenoise.c.obj
[894/1049] Building C object esp-idf/protocomm/CMakeFiles/__idf_protocomm.dir/proto-c/session.pb-c.c.obj
[895/1049] Building C object esp-idf/protocomm/CMakeFiles/__idf_protocomm.dir/proto-c/sec0.pb-c.c.obj
[896/1049] Building C object esp-idf/unity/CMakeFiles/__idf_unity.dir/unity_port_esp32.c.obj
[1038/1044] Building C object esp-idf/spiffs/CMakeFiles/__idf_spiffs.dir/spiffs/src/spiffs_nucleus.c.obj
[1039/1044] Linking C static library esp-idf/usb/libusb.a
[897/1049] Building C object esp-idf/protocomm/CMakeFiles/__idf_protocomm.dir/proto-c/sec2.pb-c.c.obj
[898/1049] Building C object esp-idf/console/CMakeFiles/__idf_console.dir/argtable3/argtable3.c.obj
[899/1049] Building C object esp-idf/protocomm/CMakeFiles/__idf_protocomm.dir/src/common/protocomm.c.obj
[900/1049] Building C object esp-idf/protocomm/CMakeFiles/__idf_protocomm.dir/proto-c/sec1.pb-c.c.obj
[901/1049] Building C object esp-idf/protocomm/CMakeFiles/__idf_protocomm.dir/src/crypto/srp6a/esp_srp_mpi.c.obj
[1040/1044] Linking C static library esp-idf/spiffs/libspiffs.a
[902/1049] Building CXX object esp-idf/wear_levelling/CMakeFiles/__idf_wear_levelling.dir/crc32.cpp.obj
[903/1049] Building CXX object esp-idf/wear_levelling/CMakeFiles/__idf_wear_levelling.dir/Partition.cpp.obj
[904/1049] Building C object esp-idf/protocomm/CMakeFiles/__idf_protocomm.dir/src/transports/protocomm_console.c.obj
[905/1049] Building C object esp-idf/app_update/CMakeFiles/__idf_app_update.dir/esp_ota_ops.c.obj
[906/1049] Building CXX object esp-idf/wear_levelling/CMakeFiles/__idf_wear_levelling.dir/SPI_Flash.cpp.obj
[907/1049] Building C object esp-idf/esp_https_server/CMakeFiles/__idf_esp_https_server.dir/src/https_server.c.obj
[908/1049] Building C object esp-idf/console/CMakeFiles/__idf_console.dir/argtable3/arg_rex.c.obj
[909/1049] Building C object esp-idf/protocomm/CMakeFiles/__idf_protocomm.dir/src/crypto/srp6a/esp_srp.c.obj
[910/1049] Building C object esp-idf/protocomm/CMakeFiles/__idf_protocomm.dir/src/transports/protocomm_httpd.c.obj
[911/1049] Building C object esp-idf/protocomm/CMakeFiles/__idf_protocomm.dir/src/security/security2.c.obj
[912/1049] Building CXX object esp-idf/wear_levelling/CMakeFiles/__idf_wear_levelling.dir/WL_Ext_Perf.cpp.obj
[913/1049] Building CXX object esp-idf/wear_levelling/CMakeFiles/__idf_wear_levelling.dir/WL_Ext_Safe.cpp.obj
[914/1049] Building C object esp-idf/esp_driver_gpio/CMakeFiles/__idf_esp_driver_gpio.dir/src/gpio.c.obj
[915/1049] Building C object esp-idf/app_trace/CMakeFiles/__idf_app_trace.dir/host_file_io.c.obj
[916/1049] Building C object esp-idf/cmock/CMakeFiles/__idf_cmock.dir/CMock/src/cmock.c.obj
[917/1049] Building C object esp-idf/app_trace/CMakeFiles/__idf_app_trace.dir/port/port_uart.c.obj
[918/1049] Building CXX object esp-idf/wear_levelling/CMakeFiles/__idf_wear_levelling.dir/wear_levelling.cpp.obj
[919/1049] Building C object esp-idf/unity/CMakeFiles/__idf_unity.dir/unity/src/unity.c.obj
[920/1049] Building C object esp-idf/app_trace/CMakeFiles/__idf_app_trace.dir/app_trace_util.c.obj
[921/1049] Building C object esp-idf/app_trace/CMakeFiles/__idf_app_trace.dir/app_trace.c.obj
[922/1049] Linking C static library esp-idf/esp_driver_gpio/libesp_driver_gpio.a
[923/1049] Building C object esp-idf/esp_driver_cam/CMakeFiles/__idf_esp_driver_cam.dir/esp_cam_ctlr.c.obj
[1041/1044] Building C object esp-idf/wifi_provisioning/CMakeFiles/__idf_wifi_provisioning.dir/src/manager.c.obj
[924/1049] Building C object esp-idf/esp_driver_cam/CMakeFiles/__idf_esp_driver_cam.dir/dvp_share_ctrl.c.obj
[925/1049] Linking C static library esp-idf/esp_security/libesp_security.a
[926/1049] Building C object esp-idf/esp_driver_cam/CMakeFiles/__idf_esp_driver_cam.dir/dvp/src/esp_cam_ctlr_dvp_gdma.c.obj
[1042/1044] Linking C static library esp-idf/wifi_provisioning/libwifi_provisioning.a
[927/1049] Building C object esp-idf/esp_lcd/CMakeFiles/__idf_esp_lcd.dir/src/esp_lcd_common.c.obj
[928/1049] Building C object esp-idf/esp_eth/CMakeFiles/__idf_esp_eth.dir/src/esp_eth_netif_glue.c.obj
[929/1049] Linking C static library esp-idf/efuse/libefuse.a
[930/1049] Building C object esp-idf/esp_lcd/CMakeFiles/__idf_esp_lcd.dir/src/esp_lcd_panel_io.c.obj
[1043/1044] Linking C static library esp-idf/main/libmain.a
[931/1049] Building C object esp-idf/protobuf-c/CMakeFiles/__idf_protobuf-c.dir/protobuf-c/protobuf-c/protobuf-c.c.obj
[932/1049] Building C object esp-idf/json/CMakeFiles/__idf_json.dir/cJSON/cJSON_Utils.c.obj
[933/1049] Building C object esp-idf/esp_hid/CMakeFiles/__idf_esp_hid.dir/src/esp_hidd.c.obj
[1044/1044] Build ELF: free.app.elf
[934/1049] Linking C static library esp-idf/esp_partition/libesp_partition.a
[935/1049] Building C object esp-idf/esp_hid/CMakeFiles/__idf_esp_hid.dir/src/esp_hid_common.c.obj
[936/1049] Linking C static library esp-idf/app_update/libapp_update.a
[937/1049] Building CXX object esp-idf/wear_levelling/CMakeFiles/__idf_wear_levelling.dir/WL_Flash.cpp.obj
[938/1049] Building C object esp-idf/esp_lcd/CMakeFiles/__idf_esp_lcd.dir/src/esp_lcd_panel_ops.c.obj
[939/1049] Linking C static library esp-idf/esp_bootloader_format/libesp_bootloader_format.a
[940/1049] Building C object esp-idf/esp_driver_touch_sens/CMakeFiles/__idf_esp_driver_touch_sens.dir/hw_ver2/touch_version_specific.c.obj
[941/1049] Building C object esp-idf/json/CMakeFiles/__idf_json.dir/cJSON/cJSON.c.obj
[942/1049] Building C object esp-idf/esp_lcd/CMakeFiles/__idf_esp_lcd.dir/src/esp_lcd_panel_ssd1306.c.obj
[943/1049] Linking C static library esp-idf/esp_app_format/libesp_app_format.a
[944/1049] Building C object esp-idf/esp_eth/CMakeFiles/__idf_esp_eth.dir/src/esp_eth.c.obj
[945/1049] Building C object esp-idf/esp_hid/CMakeFiles/__idf_esp_hid.dir/src/esp_hidh.c.obj
[946/1049] Building C object esp-idf/esp_eth/CMakeFiles/__idf_esp_eth.dir/src/phy/esp_eth_phy_802_3.c.obj
[947/1049] Building C object esp-idf/espcoredump/CMakeFiles/__idf_espcoredump.dir/src/core_dump_init.c.obj
[948/1049] Building C object esp-idf/esp_lcd/CMakeFiles/__idf_esp_lcd.dir/src/esp_lcd_panel_nt35510.c.obj
[949/1049] Building C object esp-idf/esp_lcd/CMakeFiles/__idf_esp_lcd.dir/i2c/esp_lcd_panel_io_i2c_v2.c.obj
[950/1049] Linking C static library esp-idf/xtensa/libxtensa.a
[951/1049] Building C object esp-idf/esp_driver_cam/CMakeFiles/__idf_esp_driver_cam.dir/dvp/src/esp_cam_ctlr_dvp_cam.c.obj
[952/1049] Building C object esp-idf/esp_driver_touch_sens/CMakeFiles/__idf_esp_driver_touch_sens.dir/common/touch_sens_common.c.obj
[953/1049] Building C object esp-idf/esp_lcd/CMakeFiles/__idf_esp_lcd.dir/i2c/esp_lcd_panel_io_i2c_v1.c.obj
[954/1049] Building C object esp-idf/espcoredump/CMakeFiles/__idf_espcoredump.dir/src/core_dump_common.c.obj
[955/1049] Building C object esp-idf/espcoredump/CMakeFiles/__idf_espcoredump.dir/src/core_dump_flash.c.obj
[956/1049] Building C object esp-idf/espcoredump/CMakeFiles/__idf_espcoredump.dir/src/core_dump_sha.c.obj
[957/1049] Building C object esp-idf/espcoredump/CMakeFiles/__idf_espcoredump.dir/src/core_dump_uart.c.obj
[958/1049] Building C object esp-idf/esp_lcd/CMakeFiles/__idf_esp_lcd.dir/src/esp_lcd_panel_st7789.c.obj
[959/1049] Building C object esp-idf/espcoredump/CMakeFiles/__idf_espcoredump.dir/src/core_dump_elf.c.obj
[960/1049] Building C object esp-idf/espcoredump/CMakeFiles/__idf_espcoredump.dir/src/port/xtensa/core_dump_port.c.obj
[961/1049] Linking C static library esp-idf/protobuf-c/libprotobuf-c.a
[962/1049] Linking C static library esp-idf/esp_https_server/libesp_https_server.a
[963/1049] Linking C static library esp-idf/console/libconsole.a
[964/1049] Linking C static library esp-idf/unity/libunity.a
[965/1049] Linking C static library esp-idf/wear_levelling/libwear_levelling.a
[966/1049] Building C object esp-idf/esp_local_ctrl/CMakeFiles/__idf_esp_local_ctrl.dir/src/esp_local_ctrl_transport_httpd.c.obj
[967/1049] Building C object esp-idf/esp_local_ctrl/CMakeFiles/__idf_esp_local_ctrl.dir/proto-c/esp_local_ctrl.pb-c.c.obj
[968/1049] Building C object esp-idf/esp_local_ctrl/CMakeFiles/__idf_esp_local_ctrl.dir/src/esp_local_ctrl_handler.c.obj
[969/1049] Linking C static library esp-idf/protocomm/libprotocomm.a
Applet free OK -> /home/tikhon/Документы/magnolia/rootfs/bin/free
[970/1049] Linking C static library esp-idf/json/libjson.a
[971/1049] Building C object esp-idf/fatfs/CMakeFiles/__idf_fatfs.dir/src/ffunicode.c.obj
[972/1049] Building C object esp-idf/esp_local_ctrl/CMakeFiles/__idf_esp_local_ctrl.dir/src/esp_local_ctrl.c.obj
[973/1049] Building C object esp-idf/fatfs/CMakeFiles/__idf_fatfs.dir/port/freertos/ffsystem.c.obj
[974/1049] Building C object esp-idf/fatfs/CMakeFiles/__idf_fatfs.dir/diskio/diskio.c.obj
[975/1049] Building C object esp-idf/fatfs/CMakeFiles/__idf_fatfs.dir/diskio/diskio_wl.c.obj
[976/1049] Building C object esp-idf/esp_lcd/CMakeFiles/__idf_esp_lcd.dir/spi/esp_lcd_panel_io_spi.c.obj
[977/1049] Building C object esp-idf/fatfs/CMakeFiles/__idf_fatfs.dir/diskio/diskio_rawflash.c.obj
[978/1049] Building C object esp-idf/esp_lcd/CMakeFiles/__idf_esp_lcd.dir/i80/esp_lcd_panel_io_i80.c.obj
[979/1049] Building C object esp-idf/perfmon/CMakeFiles/__idf_perfmon.dir/xtensa_perfmon_masks.c.obj
[980/1049] Building C object esp-idf/perfmon/CMakeFiles/__idf_perfmon.dir/xtensa_perfmon_access.c.obj
[981/1049] Building C object esp-idf/nvs_sec_provider/CMakeFiles/__idf_nvs_sec_provider.dir/nvs_sec_provider.c.obj
[982/1049] Building C object esp-idf/perfmon/CMakeFiles/__idf_perfmon.dir/xtensa_perfmon_apis.c.obj
[983/1049] Building C object esp-idf/mqtt/CMakeFiles/__idf_mqtt.dir/esp-mqtt/lib/platform_esp32_idf.c.obj
[984/1049] Building C object esp-idf/fatfs/CMakeFiles/__idf_fatfs.dir/diskio/diskio_sdmmc.c.obj
[985/1049] Building C object esp-idf/rt/CMakeFiles/__idf_rt.dir/FreeRTOS_POSIX_utils.c.obj
[986/1049] Building C object esp-idf/fatfs/CMakeFiles/__idf_fatfs.dir/vfs/vfs_fat_spiflash.c.obj
[987/1049] Building C object esp-idf/spiffs/CMakeFiles/__idf_spiffs.dir/spiffs/src/spiffs_cache.c.obj
[988/1049] Building C object esp-idf/mqtt/CMakeFiles/__idf_mqtt.dir/esp-mqtt/lib/mqtt_outbox.c.obj
[989/1049] Building C object esp-idf/fatfs/CMakeFiles/__idf_fatfs.dir/vfs/vfs_fat_sdmmc.c.obj
[990/1049] Building C object esp-idf/rt/CMakeFiles/__idf_rt.dir/FreeRTOS_POSIX_mqueue.c.obj
[991/1049] Building C object esp-idf/spiffs/CMakeFiles/__idf_spiffs.dir/spiffs_api.c.obj
[992/1049] Building C object esp-idf/mqtt/CMakeFiles/__idf_mqtt.dir/esp-mqtt/lib/mqtt_msg.c.obj
[993/1049] Building C object esp-idf/esp_lcd/CMakeFiles/__idf_esp_lcd.dir/rgb/esp_lcd_panel_rgb.c.obj
[994/1049] Building C object esp-idf/spiffs/CMakeFiles/__idf_spiffs.dir/spiffs/src/spiffs_gc.c.obj
[995/1049] Building C object esp-idf/fatfs/CMakeFiles/__idf_fatfs.dir/vfs/vfs_fat.c.obj
[996/1049] Building C object esp-idf/usb/CMakeFiles/__idf_usb.dir/usb_helpers.c.obj
[997/1049] Building C object esp-idf/touch_element/CMakeFiles/__idf_touch_element.dir/touch_button.c.obj
[998/1049] Building C object esp-idf/spiffs/CMakeFiles/__idf_spiffs.dir/spiffs/src/spiffs_check.c.obj
[999/1049] Building C object esp-idf/usb/CMakeFiles/__idf_usb.dir/usb_private.c.obj
[1000/1049] Building C object esp-idf/spiffs/CMakeFiles/__idf_spiffs.dir/spiffs/src/spiffs_hydrogen.c.obj
[1001/1049] Building C object esp-idf/touch_element/CMakeFiles/__idf_touch_element.dir/touch_matrix.c.obj
[1002/1049] Building C object esp-idf/wifi_provisioning/CMakeFiles/__idf_wifi_provisioning.dir/src/wifi_ctrl.c.obj
[1003/1049] Building C object esp-idf/usb/CMakeFiles/__idf_usb.dir/enum.c.obj
[1004/1049] Building C object esp-idf/usb/CMakeFiles/__idf_usb.dir/hub.c.obj
[1005/1049] Building C object esp-idf/spiffs/CMakeFiles/__idf_spiffs.dir/esp_spiffs.c.obj
[1006/1049] Building C object esp-idf/touch_element/CMakeFiles/__idf_touch_element.dir/touch_slider.c.obj
[1007/1049] Building C object esp-idf/wifi_provisioning/CMakeFiles/__idf_wifi_provisioning.dir/src/wifi_config.c.obj
[1008/1049] Building C object esp-idf/wifi_provisioning/CMakeFiles/__idf_wifi_provisioning.dir/src/wifi_scan.c.obj
[1009/1049] Building C object esp-idf/fatfs/CMakeFiles/__idf_fatfs.dir/src/ff.c.obj
[1010/1049] Building C object esp-idf/wifi_provisioning/CMakeFiles/__idf_wifi_provisioning.dir/src/handlers.c.obj
[1011/1049] Building C object esp-idf/wifi_provisioning/CMakeFiles/__idf_wifi_provisioning.dir/proto-c/wifi_constants.pb-c.c.obj
[1012/1049] Building C object esp-idf/touch_element/CMakeFiles/__idf_touch_element.dir/touch_element.c.obj
[1013/1049] Building C object esp-idf/wifi_provisioning/CMakeFiles/__idf_wifi_provisioning.dir/src/scheme_console.c.obj
[1014/1049] Linking C static library esp-idf/cmock/libcmock.a
[1015/1049] Building C object esp-idf/espressif__elf_loader/CMakeFiles/__idf_espressif__elf_loader.dir/src/esp_elf_adapter.c.obj
[1016/1049] Building C object esp-idf/wifi_provisioning/CMakeFiles/__idf_wifi_provisioning.dir/proto-c/wifi_ctrl.pb-c.c.obj
[1017/1049] Linking C static library esp-idf/app_trace/libapp_trace.a
[1018/1049] Building C object esp-idf/espressif__elf_loader/CMakeFiles/__idf_espressif__elf_loader.dir/src/arch/esp_elf_xtensa.c.obj
[1019/1049] Linking C static library esp-idf/esp_driver_touch_sens/libesp_driver_touch_sens.a
[1020/1049] Linking C static library esp-idf/esp_driver_cam/libesp_driver_cam.a
[1021/1049] Building C object esp-idf/wifi_provisioning/CMakeFiles/__idf_wifi_provisioning.dir/proto-c/wifi_config.pb-c.c.obj
[1022/1049] Linking C static library esp-idf/esp_eth/libesp_eth.a
[1023/1049] Linking C static library esp-idf/esp_hid/libesp_hid.a
[1024/1049] Linking C static library esp-idf/nvs_sec_provider/libnvs_sec_provider.a
[1025/1049] Linking C static library esp-idf/perfmon/libperfmon.a
[1026/1049] Building C object esp-idf/espressif__elf_loader/CMakeFiles/__idf_espressif__elf_loader.dir/src/esp_elf_symbol.c.obj
[1027/1049] Linking C static library esp-idf/esp_local_ctrl/libesp_local_ctrl.a
[1028/1049] Linking C static library esp-idf/espcoredump/libespcoredump.a
[1029/1049] Building C object esp-idf/wifi_provisioning/CMakeFiles/__idf_wifi_provisioning.dir/proto-c/wifi_scan.pb-c.c.obj
[1030/1049] Linking C static library esp-idf/fatfs/libfatfs.a
[1031/1049] Building C object esp-idf/usb/CMakeFiles/__idf_usb.dir/usb_host.c.obj
[1032/1049] Linking C static library esp-idf/esp_lcd/libesp_lcd.a
[1033/1049] Linking C static library esp-idf/rt/librt.a
[1034/1049] Building C object esp-idf/espressif__elf_loader/CMakeFiles/__idf_espressif__elf_loader.dir/src/esp_elf.c.obj
[1035/1049] Building C object esp-idf/wifi_provisioning/CMakeFiles/__idf_wifi_provisioning.dir/src/scheme_softap.c.obj
[1036/1049] Building C object esp-idf/usb/CMakeFiles/__idf_usb.dir/usbh.c.obj
[1037/1049] Building C object esp-idf/mqtt/CMakeFiles/__idf_mqtt.dir/esp-mqtt/mqtt_client.c.obj
[1038/1049] Linking C static library esp-idf/touch_element/libtouch_element.a
[1039/1049] Building C object esp-idf/spiffs/CMakeFiles/__idf_spiffs.dir/spiffs/src/spiffs_nucleus.c.obj
[1040/1049] Linking C static library esp-idf/espressif__elf_loader/libespressif__elf_loader.a
[1041/1049] Linking C static library esp-idf/mqtt/libmqtt.a
[1042/1049] Linking C static library esp-idf/spiffs/libspiffs.a
[1043/1049] Building C object esp-idf/usb/CMakeFiles/__idf_usb.dir/hcd_dwc.c.obj
[1044/1049] Building C object esp-idf/main/CMakeFiles/__idf_main.dir/main.c.obj
[1045/1049] Linking C static library esp-idf/usb/libusb.a
[1046/1049] Building C object esp-idf/wifi_provisioning/CMakeFiles/__idf_wifi_provisioning.dir/src/manager.c.obj
[1047/1049] Linking C static library esp-idf/wifi_provisioning/libwifi_provisioning.a
[1048/1049] Linking C static library esp-idf/main/libmain.a
[1049/1049] Build ELF: elftest.app.elf
Applet elftest OK -> /home/tikhon/Документы/magnolia/rootfs/bin/elftest
[1/3] Build Rust staticlib: /home/tikhon/Документы/magnolia/applets/rust/rdd/build/libdd.a
   Compiling dd v0.1.0 (/home/tikhon/Документы/magnolia/applets/rust/rdd/rust)
warning: value assigned to `off` is never read
   --> src/lib.rs:352:25
    |
352 |                         off = chunk_len;
    |                         ^^^
    |
    = help: maybe it is overwritten before being read?
    = note: `#[warn(unused_assignments)]` on by default

warning: `dd` (lib) generated 1 warning
    Finished `release` profile [optimized] target(s) in 0.72s
[2/3] Build ELF: dd.app.elf
/home/tikhon/.espressif/tools/xtensa-esp-elf/esp-15.1.0_20250607/xtensa-esp-elf/bin/../lib/gcc/xtensa-esp-elf/15.1.0/../../../../xtensa-esp-elf/bin/ld: warning: dd.app.elf has a LOAD segment with RWX permissions
Applet rdd OK -> /home/tikhon/Документы/magnolia/rootfs/bin/rdd
+ /home/tikhon/Документы/magnolia/build/littlefs_mkimage create /home/tikhon/Документы/magnolia/rootfs /home/tikhon/Документы/magnolia/build/vfs.bin --block-size=4096 --fs-size=2097152 --read-size=128 --prog-size=128 --cache-size=512 --lookahead-size=64
LittleFS image OK size=2097152 -> /home/tikhon/Документы/magnolia/build/vfs.bin
bash -lc 'source esp-idf/export.sh >/dev/null 2>&1 && python3 tools/applets.py build  '
Building applet cat -> cat ...
Building applet cd -> cd ...
Building applet chmod -> chmod ...
+ idf.py elf
+ idf.py elf
Building applet chown -> chown ...
+ idf.py elf
Building applet cp -> cp ...
Building applet cut -> cut ...
Building applet date -> date ...
+ idf.py elf
Building applet dd -> dd ...
+ idf.py elf
+ idf.py elf
+ idf.py elf
Building applet du -> du ...
+ idf.py elf
Building applet echo -> echo ...
Building applet elftest -> elftest ...
Building applet df -> df ...
+ idf.py elf
Building applet env -> env ...
Building applet false -> false ...
+ idf.py elf
+ idf.py elf
Building applet free -> free ...
+ idf.py elf
Building applet head -> head ...
+ idf.py elf
+ idf.py elf
+ idf.py elf
+ idf.py elf
Executing action: elf
Running ninja in directory /home/tikhon/Документы/magnolia/applets/mainline/cp/build
Executing "ninja elf"...
[1/1] Build ELF: cp.app.elf
Executing action: elf
Running ninja in directory /home/tikhon/Документы/magnolia/applets/mainline/dd/build
Executing "ninja elf"...
[1/1] Build ELF: dd.app.elf
Executing action: elf
Running ninja in directory /home/tikhon/Документы/magnolia/applets/mainline/chmod/build
Executing "ninja elf"...
[1/1] Build ELF: chmod.app.elf
Executing action: elf
Running ninja in directory /home/tikhon/Документы/magnolia/applets/mainline/cat/build
Executing "ninja elf"...
[1/1] Build ELF: cat.app.elf
Executing action: elf
Running ninja in directory /home/tikhon/Документы/magnolia/applets/mainline/df/build
Executing "ninja elf"...
[1/1] Build ELF: df.app.elf
Executing action: elf
Running ninja in directory /home/tikhon/Документы/magnolia/applets/mainline/false/build
Executing "ninja elf"...
[1/1] Build ELF: false.app.elf
Executing action: elf
Running ninja in directory /home/tikhon/Документы/magnolia/applets/mainline/date/build
Executing "ninja elf"...
[1/1] Build ELF: date.app.elf
Executing action: elf
Running ninja in directory /home/tikhon/Документы/magnolia/applets/mainline/echo/build
Executing "ninja elf"...
[1/1] Build ELF: echo.app.elf
Executing action: elf
Running ninja in directory /home/tikhon/Документы/magnolia/applets/mainline/cd/build
Executing "ninja elf"...
[1/1] Build ELF: cd.app.elf
Executing action: elf
Running ninja in directory /home/tikhon/Документы/magnolia/applets/mainline/elftest/build
Executing "ninja elf"...
[1/1] Build ELF: elftest.app.elf
Executing action: elf
Running ninja in directory /home/tikhon/Документы/magnolia/applets/mainline/du/build
Executing "ninja elf"...
[1/1] Build ELF: du.app.elf
Applet cp OK -> /home/tikhon/Документы/magnolia/rootfs/bin/cp
Building applet hexdump -> hexdump ...
+ idf.py elf
Applet dd OK -> /home/tikhon/Документы/magnolia/rootfs/bin/dd
Building applet init -> init ...
+ idf.py elf
Executing action: elf
Running ninja in directory /home/tikhon/Документы/magnolia/applets/mainline/env/build
Executing "ninja elf"...
[1/1] Build ELF: env.app.elf
Executing action: elf
Running ninja in directory /home/tikhon/Документы/magnolia/applets/mainline/free/build
Executing "ninja elf"...
[1/1] Build ELF: free.app.elf
Executing action: elf
Running ninja in directory /home/tikhon/Документы/magnolia/applets/mainline/head/build
Executing "ninja elf"...
[1/1] Build ELF: head.app.elf
Applet df OK -> /home/tikhon/Документы/magnolia/rootfs/bin/df
Building applet kill -> kill ...
+ idf.py elf
Applet date OK -> /home/tikhon/Документы/magnolia/rootfs/bin/date
Building applet ln -> ln ...
+ idf.py elf
Applet cat OK -> /home/tikhon/Документы/magnolia/rootfs/bin/cat
Building applet login -> login ...
+ idf.py elf
Executing action: elf
Running ninja in directory /home/tikhon/Документы/magnolia/applets/mainline/chown/build
Executing "ninja elf"...
[1/1] Build ELF: chown.app.elf
Executing action: elf
Running ninja in directory /home/tikhon/Документы/magnolia/applets/mainline/cut/build
Executing "ninja elf"...
[1/1] Build ELF: cut.app.elf
Applet chmod OK -> /home/tikhon/Документы/magnolia/rootfs/bin/chmod
Building applet ls -> ls ...
+ idf.py elf
Applet du OK -> /home/tikhon/Документы/magnolia/rootfs/bin/du
Building applet medit -> medit ...
+ idf.py elf
Applet echo OK -> /home/tikhon/Документы/magnolia/rootfs/bin/echo
Building applet mkdir -> mkdir ...
+ idf.py elf
Applet elftest OK -> /home/tikhon/Документы/magnolia/rootfs/bin/elftest
Building applet mv -> mv ...
+ idf.py elf
Applet false OK -> /home/tikhon/Документы/magnolia/rootfs/bin/false
Building applet ps -> ps ...
+ idf.py elf
Applet free OK -> /home/tikhon/Документы/magnolia/rootfs/bin/free
Building applet pwd -> pwd ...
Applet cd OK -> /home/tikhon/Документы/magnolia/rootfs/bin/cd
+ idf.py elf
Building applet rm -> rm ...
+ idf.py elf
Applet env OK -> /home/tikhon/Документы/magnolia/rootfs/bin/env
Building applet sh -> sh ...
+ idf.py elf
Applet cut OK -> /home/tikhon/Документы/magnolia/rootfs/bin/cut
Building applet shell -> shell ...
+ idf.py elf
Applet head OK -> /home/tikhon/Документы/magnolia/rootfs/bin/head
Building applet sleep -> sleep ...
+ idf.py elf
Applet chown OK -> /home/tikhon/Документы/magnolia/rootfs/bin/chown
Building applet sort -> sort ...
+ idf.py elf
Executing action: elf
Running ninja in directory /home/tikhon/Документы/magnolia/applets/mainline/hexdump/build
Executing "ninja elf"...
[1/1] Build ELF: hexdump.app.elf
Executing action: elf
Running ninja in directory /home/tikhon/Документы/magnolia/applets/mainline/ls/build
Executing "ninja elf"...
[1/1] Build ELF: ls.app.elf
Executing action: elf
Running ninja in directory /home/tikhon/Документы/magnolia/applets/mainline/kill/build
Executing "ninja elf"...
[1/1] Build ELF: kill.app.elf
Executing action: elf
Running ninja in directory /home/tikhon/Документы/magnolia/applets/mainline/init/build
Executing "ninja elf"...
[1/1] Build ELF: init.app.elf
Executing action: elf
Running ninja in directory /home/tikhon/Документы/magnolia/applets/mainline/ln/build
Executing "ninja elf"...
[1/1] Build ELF: ln.app.elf
Executing action: elf
Running ninja in directory /home/tikhon/Документы/magnolia/applets/mainline/login/build
Executing "ninja elf"...
[1/1] Build ELF: login.app.elf
Executing action: elf
Running ninja in directory /home/tikhon/Документы/magnolia/applets/mainline/mkdir/build
Executing "ninja elf"...
[1/1] Build ELF: mkdir.app.elf
Executing action: elf
Running ninja in directory /home/tikhon/Документы/magnolia/applets/mainline/medit/build
Executing "ninja elf"...
[1/1] Build ELF: medit.app.elf
Applet hexdump OK -> /home/tikhon/Документы/magnolia/rootfs/bin/hexdump
Building applet tail -> tail ...
+ idf.py elf
Executing action: elf
Running ninja in directory /home/tikhon/Документы/magnolia/applets/mainline/mv/build
Executing "ninja elf"...
[1/1] Build ELF: mv.app.elf
Applet ls OK -> /home/tikhon/Документы/magnolia/rootfs/bin/ls
Building applet tee -> tee ...
+ idf.py elf
Executing action: elf
Running ninja in directory /home/tikhon/Документы/magnolia/applets/mainline/pwd/build
Executing "ninja elf"...
[1/1] Build ELF: pwd.app.elf
Applet login OK -> /home/tikhon/Документы/magnolia/rootfs/bin/login
Building applet test -> test ...
+ idf.py elf
Applet init OK -> /home/tikhon/Документы/magnolia/rootfs/bin/init
Building applet touch -> touch ...
+ idf.py elf
Executing action: elf
Running ninja in directory /home/tikhon/Документы/magnolia/applets/mainline/shell/build
Executing "ninja elf"...
[1/1] Build ELF: shell.app.elf
Applet ln OK -> /home/tikhon/Документы/magnolia/rootfs/bin/ln
Building applet tr -> tr ...
+ idf.py elf
Executing action: elf
Running ninja in directory /home/tikhon/Документы/magnolia/applets/mainline/sort/build
Executing "ninja elf"...
[1/1] Build ELF: sort.app.elf
Applet kill OK -> /home/tikhon/Документы/magnolia/rootfs/bin/kill
Building applet true -> true ...
+ idf.py elf
Applet medit OK -> /home/tikhon/Документы/magnolia/rootfs/bin/medit
Building applet uname -> uname ...
+ idf.py elf
Executing action: elf
Running ninja in directory /home/tikhon/Документы/magnolia/applets/mainline/rm/build
Executing "ninja elf"...
[1/1] Build ELF: rm.app.elf
Applet mkdir OK -> /home/tikhon/Документы/magnolia/rootfs/bin/mkdir
Building applet user -> user ...
+ idf.py elf
Executing action: elf
Running ninja in directory /home/tikhon/Документы/magnolia/applets/mainline/sleep/build
Executing "ninja elf"...
[1/1] Build ELF: sleep.app.elf
Executing action: elf
Running ninja in directory /home/tikhon/Документы/magnolia/applets/mainline/sh/build
Executing "ninja elf"...
[1/1] Build ELF: sh.app.elf
Executing action: elf
Running ninja in directory /home/tikhon/Документы/magnolia/applets/mainline/ps/build
Executing "ninja elf"...
[1/1] Build ELF: ps.app.elf
Applet mv OK -> /home/tikhon/Документы/magnolia/rootfs/bin/mv
Building applet vi -> vi ...
+ idf.py elf
Applet pwd OK -> /home/tikhon/Документы/magnolia/rootfs/bin/pwd
Building applet xxd -> xxd ...
+ idf.py elf
Applet sort OK -> /home/tikhon/Документы/magnolia/rootfs/bin/sort
Building applet echo -> goecho ...
+ idf.py elf
Applet shell OK -> /home/tikhon/Документы/magnolia/rootfs/bin/shell
Building applet false -> gofalse ...
+ idf.py elf
Applet rm OK -> /home/tikhon/Документы/magnolia/rootfs/bin/rm
Building applet goargs -> goargs ...
+ idf.py elf
Applet sleep OK -> /home/tikhon/Документы/magnolia/rootfs/bin/sleep
Building applet godd -> godd ...
+ idf.py elf
Applet sh OK -> /home/tikhon/Документы/magnolia/rootfs/bin/sh
Building applet gohello -> gohello ...
+ idf.py elf
Applet ps OK -> /home/tikhon/Документы/magnolia/rootfs/bin/ps
Building applet gohexdump -> gohexdump ...
+ idf.py elf
Executing action: elf
Running ninja in directory /home/tikhon/Документы/magnolia/applets/mainline/tail/build
Executing "ninja elf"...
[1/1] Build ELF: tail.app.elf
Executing action: elf
Running ninja in directory /home/tikhon/Документы/magnolia/applets/mainline/tee/build
Executing "ninja elf"...
[1/1] Build ELF: tee.app.elf
Executing action: elf
Running ninja in directory /home/tikhon/Документы/magnolia/applets/mainline/uname/build
Executing "ninja elf"...
[1/1] Build ELF: uname.app.elf
Executing action: elf
Running ninja in directory /home/tikhon/Документы/magnolia/applets/mainline/test/build
Executing "ninja elf"...
[1/1] Build ELF: test.app.elf
Applet tail OK -> /home/tikhon/Документы/magnolia/rootfs/bin/tail
Building applet gotest -> gotest ...
+ idf.py elf
Executing action: elf
Running ninja in directory /home/tikhon/Документы/magnolia/applets/mainline/true/build
Executing "ninja elf"...
[1/1] Build ELF: true.app.elf
Executing action: elf
Running ninja in directory /home/tikhon/Документы/magnolia/applets/mainline/tr/build
Executing "ninja elf"...
[1/1] Build ELF: tr.app.elf
Executing action: elf
Running ninja in directory /home/tikhon/Документы/magnolia/applets/go/false/build
Executing "ninja elf"...
[0/2] Re-checking globbed directories...
Executing action: elf
Running ninja in directory /home/tikhon/Документы/magnolia/applets/mainline/touch/build
Executing "ninja elf"...
[1/1] Build ELF: touch.app.elf
Executing action: elf
Running ninja in directory /home/tikhon/Документы/magnolia/applets/mainline/user/build
Executing "ninja elf"...
[1/1] Build ELF: user.app.elf
Applet tee OK -> /home/tikhon/Документы/magnolia/rootfs/bin/tee
Building applet goxxd -> goxxd ...
+ idf.py elf
Applet test OK -> /home/tikhon/Документы/magnolia/rootfs/bin/test
Building applet pwd -> gopwd ...
+ idf.py elf
[1/2] Build ELF: false.app.elf
Executing action: elf
Running ninja in directory /home/tikhon/Документы/magnolia/applets/go/echo/build
Executing "ninja elf"...
[0/2] Re-checking globbed directories...
Applet uname OK -> /home/tikhon/Документы/magnolia/rootfs/bin/uname
Executing action: elf
Running ninja in directory /home/tikhon/Документы/magnolia/applets/go/godd/build
Executing "ninja elf"...
[0/2] Re-checking globbed directories...
Building applet sleep -> gosleep ...
+ idf.py elf
[1/2] Build ELF: echo.app.elf
Executing action: elf
Running ninja in directory /home/tikhon/Документы/magnolia/applets/mainline/vi/build
Executing "ninja elf"...
[1/1] Build ELF: vi.app.elf
Executing action: elf
Running ninja in directory /home/tikhon/Документы/magnolia/applets/mainline/xxd/build
Executing "ninja elf"...
[1/1] Build ELF: xxd.app.elf
[1/2] Build ELF: dd.app.elf
Executing action: elf
Running ninja in directory /home/tikhon/Документы/magnolia/applets/go/gohexdump/build
Executing "ninja elf"...
[0/2] Re-checking globbed directories...
[1/2] Build ELF: hexdump.app.elf
Applet tr OK -> /home/tikhon/Документы/magnolia/rootfs/bin/tr
Building applet true -> gotrue ...
+ idf.py elf
Executing action: elf
Running ninja in directory /home/tikhon/Документы/magnolia/applets/go/goargs/build
Executing "ninja elf"...
[0/2] Re-checking globbed directories...
[1/2] Build ELF: goargs.app.elf
Applet true OK -> /home/tikhon/Документы/magnolia/rootfs/bin/true
Building applet uname -> gouname ...
+ idf.py elf
Executing action: elf
Running ninja in directory /home/tikhon/Документы/magnolia/applets/go/gohello/build
Executing "ninja elf"...
[0/2] Re-checking globbed directories...
[1/2] Build ELF: gohello.app.elf
Applet false OK -> /home/tikhon/Документы/magnolia/rootfs/bin/gofalse
Building applet edit -> edit ...
+ idf.py elf
Applet touch OK -> /home/tikhon/Документы/magnolia/rootfs/bin/touch
Building applet rdd -> rdd ...
+ idf.py elf
Applet user OK -> /home/tikhon/Документы/magnolia/rootfs/bin/user
Building applet rhexdump -> rhexdump ...
+ idf.py elf
Applet xxd OK -> /home/tikhon/Документы/magnolia/rootfs/bin/xxd
Building applet rselftest -> rselftest ...
+ idf.py elf
Applet echo OK -> /home/tikhon/Документы/magnolia/rootfs/bin/goecho
Building applet rshello -> rshello ...
+ idf.py elf
Applet vi OK -> /home/tikhon/Документы/magnolia/rootfs/bin/vi
Building applet rusthello -> rusthello ...
+ idf.py elf
Applet godd OK -> /home/tikhon/Документы/magnolia/rootfs/bin/godd
Building applet rxxd -> rxxd ...
+ idf.py elf
Applet gohexdump OK -> /home/tikhon/Документы/magnolia/rootfs/bin/gohexdump
Building applet zdd -> zdd ...
+ idf.py elf
Applet goargs OK -> /home/tikhon/Документы/magnolia/rootfs/bin/goargs
Building applet zhexdump -> zhexdump ...
+ idf.py elf
Applet gohello OK -> /home/tikhon/Документы/magnolia/rootfs/bin/gohello
Building applet zigdemo -> zigdemo ...
+ idf.py elf
Executing action: elf
Running ninja in directory /home/tikhon/Документы/magnolia/applets/go/gotest/build
Executing "ninja elf"...
[0/2] Re-checking globbed directories...
[1/2] Build ELF: gotest.app.elf
Executing action: elf
Running ninja in directory /home/tikhon/Документы/magnolia/applets/go/pwd/build
Executing "ninja elf"...
[0/2] Re-checking globbed directories...
Executing action: elf
Running ninja in directory /home/tikhon/Документы/magnolia/applets/go/sleep/build
Executing "ninja elf"...
[0/2] Re-checking globbed directories...
[1/2] Build ELF: sleep.app.elf
[1/2] Build ELF: pwd.app.elf
Executing action: elf
Running ninja in directory /home/tikhon/Документы/magnolia/applets/go/goxxd/build
Executing "ninja elf"...
[0/2] Re-checking globbed directories...
Applet gotest OK -> /home/tikhon/Документы/magnolia/rootfs/bin/gotest
Building applet zighello -> zighello ...
+ idf.py elf
Executing action: elf
Running ninja in directory /home/tikhon/Документы/magnolia/applets/go/true/build
Executing "ninja elf"...
[0/2] Re-checking globbed directories...
Executing action: elf
Running ninja in directory /home/tikhon/Документы/magnolia/applets/rust/rdd/build
Executing "ninja elf"...
[0/2] Re-checking globbed directories...
[1/2] Build ELF: true.app.elf
Executing action: elf
Running ninja in directory /home/tikhon/Документы/magnolia/applets/rust/rhexdump/build
Executing "ninja elf"...
[0/2] Re-checking globbed directories...
[1/2] Build ELF: dd.app.elf
[1/2] Build ELF: xxd.app.elf
/home/tikhon/.espressif/tools/xtensa-esp-elf/esp-15.1.0_20250607/xtensa-esp-elf/bin/../lib/gcc/xtensa-esp-elf/15.1.0/../../../../xtensa-esp-elf/bin/ld: warning: dd.app.elf has a LOAD segment with RWX permissions
Applet sleep OK -> /home/tikhon/Документы/magnolia/rootfs/bin/gosleep
Building applet zigtest -> zigtest ...
+ idf.py elf
Executing action: elf
Running ninja in directory /home/tikhon/Документы/magnolia/applets/zig/zhexdump/build
Executing "ninja elf"...
[0/2] Re-checking globbed directories...
[1/2] Re-running CMake...
Executing action: elf
Running ninja in directory /home/tikhon/Документы/magnolia/applets/rust/edit/build
Executing "ninja elf"...
[0/2] Re-checking globbed directories...
Applet pwd OK -> /home/tikhon/Документы/magnolia/rootfs/bin/gopwd
Building applet zxxd -> zxxd ...
+ idf.py elf
Executing action: elf
Running ninja in directory /home/tikhon/Документы/magnolia/applets/rust/rselftest/build
Executing "ninja elf"...
[0/2] Re-checking globbed directories...
[1/2] Build ELF: edit.app.elf
[1/2] Build ELF: rselftest.app.elf
/home/tikhon/.espressif/tools/xtensa-esp-elf/esp-15.1.0_20250607/xtensa-esp-elf/bin/../lib/gcc/xtensa-esp-elf/15.1.0/../../../../xtensa-esp-elf/bin/ld: warning: rselftest.app.elf has a LOAD segment with RWX permissions
Executing action: elf
Running ninja in directory /home/tikhon/Документы/magnolia/applets/go/uname/build
Executing "ninja elf"...
[0/2] Re-checking globbed directories...
[1/2] Build ELF: uname.app.elf
Executing action: elf
Running ninja in directory /home/tikhon/Документы/magnolia/applets/rust/rxxd/build
Executing "ninja elf"...
[0/2] Re-checking globbed directories...
Applet true OK -> /home/tikhon/Документы/magnolia/rootfs/bin/gotrue
Executing action: elf
Running ninja in directory /home/tikhon/Документы/magnolia/applets/rust/rshello/build
Executing "ninja elf"...
[1/1] Build ELF: rshello.app.elf
/home/tikhon/.espressif/tools/xtensa-esp-elf/esp-15.1.0_20250607/xtensa-esp-elf/bin/../lib/gcc/xtensa-esp-elf/15.1.0/../../../../xtensa-esp-elf/bin/ld: warning: main.c.obj: missing .note.GNU-stack section implies executable stack
/home/tikhon/.espressif/tools/xtensa-esp-elf/esp-15.1.0_20250607/xtensa-esp-elf/bin/../lib/gcc/xtensa-esp-elf/15.1.0/../../../../xtensa-esp-elf/bin/ld: NOTE: This behaviour is deprecated and will be removed in a future version of the linker
Applet goxxd OK -> /home/tikhon/Документы/magnolia/rootfs/bin/goxxd
Executing action: elf
Running ninja in directory /home/tikhon/Документы/magnolia/applets/zig/zdd/build
Executing "ninja elf"...
[0/2] Re-checking globbed directories...
[1/2] Re-running CMake...
Applet rdd OK -> /home/tikhon/Документы/magnolia/rootfs/bin/rdd
Executing action: elf
Running ninja in directory /home/tikhon/Документы/magnolia/applets/rust/rusthello/build
Executing "ninja elf"...
[0/2] Re-checking globbed directories...
[1/2] Build ELF: rusthello.app.elf
/home/tikhon/.espressif/tools/xtensa-esp-elf/esp-15.1.0_20250607/xtensa-esp-elf/bin/../lib/gcc/xtensa-esp-elf/15.1.0/../../../../xtensa-esp-elf/bin/ld: warning: rusthello.app.elf has a LOAD segment with RWX permissions
Executing action: elf
Running ninja in directory /home/tikhon/Документы/magnolia/applets/zig/zigdemo/build
Executing "ninja elf"...
[0/2] Re-checking globbed directories...
[1/2] Re-running CMake...
Applet rselftest OK -> /home/tikhon/Документы/magnolia/rootfs/bin/rselftest
Applet uname OK -> /home/tikhon/Документы/magnolia/rootfs/bin/gouname
Applet edit OK -> /home/tikhon/Документы/magnolia/rootfs/bin/edit
Applet rshello OK -> /home/tikhon/Документы/magnolia/rootfs/bin/rshello
Applet rusthello OK -> /home/tikhon/Документы/magnolia/rootfs/bin/rusthello
[1/3] Build Rust staticlib: /home/tikhon/Документы/magnolia/applets/rust/rhexdump/build/libhexdump.a
FAILED: libhexdump.a /home/tikhon/Документы/magnolia/applets/rust/rhexdump/build/libhexdump.a 
cd /home/tikhon/Документы/magnolia/applets/rust/rhexdump/build && /usr/bin/cmake -E env CARGO_TARGET_DIR=/home/tikhon/Документы/magnolia/applets/rust/rhexdump/build/rust_target bash -lc "set -euo pipefail;                  if [ -n \"/home/tikhon/export-esp.sh\" ] && [ -f \"/home/tikhon/export-esp.sh\" ]; then . \"/home/tikhon/export-esp.sh\" >/dev/null 2>&1; fi;                  RUSTFLAGS='-C panic=abort' cargo +esp build  --locked                    -Zbuild-std=core,alloc,compiler_builtins -Zbuild-std-features=compiler-builtins-mem                    --manifest-path '/home/tikhon/Документы/magnolia/applets/rust/rhexdump/rust/Cargo.toml' --release --target 'xtensa-esp32s3-none-elf'" && /usr/bin/cmake -E copy_if_different /home/tikhon/Документы/magnolia/applets/rust/rhexdump/build/rust_target/xtensa-esp32s3-none-elf/release/libhexdump.a /home/tikhon/Документы/magnolia/applets/rust/rhexdump/build/libhexdump.a && bash -lc "set -euo pipefail;                  tmp='/home/tikhon/Документы/magnolia/applets/rust/rhexdump/build/rust_fixup_hexdump';                  rm -rf \"\$tmp\"; mkdir -p \"\$tmp\";                  cd \"\$tmp\";                  '/home/tikhon/.espressif/tools/xtensa-esp-elf/esp-15.1.0_20250607/xtensa-esp-elf/bin/xtensa-esp32s3-elf-ar' x '/home/tikhon/Документы/magnolia/applets/rust/rhexdump/build/libhexdump.a';                  for obj in *.o; do                    [ -f \"\$obj\" ] || continue;                    for sec in \$(LC_ALL=C readelf -S -W \"\$obj\" | sed -n 's/^[[:space:]]*\\[[[:space:]]*[0-9]\\+\\][[:space:]]\\+\\([^ ]\\+\\).*/\\1/p'); do                      case \"\$sec\" in                        .literal*|.rodata*) '/home/tikhon/.espressif/tools/xtensa-esp-elf/esp-15.1.0_20250607/xtensa-esp-elf/bin/xtensa-esp32s3-elf-objcopy' --set-section-flags \"\$sec\"=alloc,load,contents,data \"\$obj\" || true ;;                      esac;                    done;                  done;                  '/home/tikhon/.espressif/tools/xtensa-esp-elf/esp-15.1.0_20250607/xtensa-esp-elf/bin/xtensa-esp32s3-elf-ar' rcs '/home/tikhon/Документы/magnolia/applets/rust/rhexdump/build/libhexdump.a' *.o"
   Compiling hexdump v0.1.0 (/home/tikhon/Документы/magnolia/applets/rust/rhexdump/rust)
error: unknown byte escape: `b`
   --> src/lib.rs:139:12
    |
139 |         b'\b' => {
    |            ^ unknown byte escape
    |
    = help: for more information, visit <https://doc.rust-lang.org/reference/tokens.html#literals>

error: unknown byte escape: `f`
   --> src/lib.rs:143:12
    |
143 |         b'\f' => {
    |            ^ unknown byte escape
    |
    = help: for more information, visit <https://doc.rust-lang.org/reference/tokens.html#literals>

error: unknown byte escape: `v`
   --> src/lib.rs:147:12
    |
147 |         b'\v' => {
    |            ^ unknown byte escape
    |
    = help: for more information, visit <https://doc.rust-lang.org/reference/tokens.html#literals>

error: cannot find macro `format` in this scope
   --> src/lib.rs:232:37
    |
232 | ...                   let s = format!("{:0width$}", word, width = width);
    |                               ^^^^^^
    |
help: consider importing this macro
    |
  5 + use alloc::format;
    |

error: cannot find macro `format` in this scope
   --> src/lib.rs:176:36
    |
176 |                     line.push_str(&format!("{:02x} ", buf[i]));
    |                                    ^^^^^^
    |
help: consider importing this macro
    |
  5 + use alloc::format;
    |

error[E0382]: use of moved value
   --> src/lib.rs:297:21
    |
297 |         if let Some(rem) = remaining {
    |                     ^^^ value moved here, in previous iteration of loop
...
316 |         if let Some(rem) = remaining {
    |                     --- value moved here, in previous iteration of loop
    |
    = note: move occurs because value has type `&mut u64`, which does not implement the `Copy` trait
help: borrow this binding in the pattern to avoid moving the value
    |
316 |         if let Some(ref rem) = remaining {
    |                     +++
help: borrow this binding in the pattern to avoid moving the value
    |
297 |         if let Some(ref rem) = remaining {
    |                     +++

error[E0382]: use of moved value
   --> src/lib.rs:316:21
    |
297 |         if let Some(rem) = remaining {
    |                     --- value moved here
...
316 |         if let Some(rem) = remaining {
    |                     ^^^ value used here after move
    |
    = note: move occurs because value has type `&mut u64`, which does not implement the `Copy` trait
help: borrow this binding in the pattern to avoid moving the value
    |
297 |         if let Some(ref rem) = remaining {
    |                     +++

For more information about this error, try `rustc --explain E0382`.
error: could not compile `hexdump` (lib) due to 7 previous errors
ninja: build stopped: subcommand failed.
[1/3] Build Rust staticlib: /home/tikhon/Документы/magnolia/applets/rust/rxxd/build/libxxd.a
FAILED: libxxd.a /home/tikhon/Документы/magnolia/applets/rust/rxxd/build/libxxd.a 
cd /home/tikhon/Документы/magnolia/applets/rust/rxxd/build && /usr/bin/cmake -E env CARGO_TARGET_DIR=/home/tikhon/Документы/magnolia/applets/rust/rxxd/build/rust_target bash -lc "set -euo pipefail;                  if [ -n \"/home/tikhon/export-esp.sh\" ] && [ -f \"/home/tikhon/export-esp.sh\" ]; then . \"/home/tikhon/export-esp.sh\" >/dev/null 2>&1; fi;                  RUSTFLAGS='-C panic=abort' cargo +esp build                      -Zbuild-std=core,alloc,compiler_builtins -Zbuild-std-features=compiler-builtins-mem                    --manifest-path '/home/tikhon/Документы/magnolia/applets/rust/rxxd/rust/Cargo.toml' --release --target 'xtensa-esp32s3-none-elf'" && /usr/bin/cmake -E copy_if_different /home/tikhon/Документы/magnolia/applets/rust/rxxd/build/rust_target/xtensa-esp32s3-none-elf/release/libxxd.a /home/tikhon/Документы/magnolia/applets/rust/rxxd/build/libxxd.a && bash -lc "set -euo pipefail;                  tmp='/home/tikhon/Документы/magnolia/applets/rust/rxxd/build/rust_fixup_xxd';                  rm -rf \"\$tmp\"; mkdir -p \"\$tmp\";                  cd \"\$tmp\";                  '/home/tikhon/.espressif/tools/xtensa-esp-elf/esp-15.1.0_20250607/xtensa-esp-elf/bin/xtensa-esp32s3-elf-ar' x '/home/tikhon/Документы/magnolia/applets/rust/rxxd/build/libxxd.a';                  for obj in *.o; do                    [ -f \"\$obj\" ] || continue;                    for sec in \$(LC_ALL=C readelf -S -W \"\$obj\" | sed -n 's/^[[:space:]]*\\[[[:space:]]*[0-9]\\+\\][[:space:]]\\+\\([^ ]\\+\\).*/\\1/p'); do                      case \"\$sec\" in                        .literal*|.rodata*) '/home/tikhon/.espressif/tools/xtensa-esp-elf/esp-15.1.0_20250607/xtensa-esp-elf/bin/xtensa-esp32s3-elf-objcopy' --set-section-flags \"\$sec\"=alloc,load,contents,data \"\$obj\" || true ;;                      esac;                    done;                  done;                  '/home/tikhon/.espressif/tools/xtensa-esp-elf/esp-15.1.0_20250607/xtensa-esp-elf/bin/xtensa-esp32s3-elf-ar' rcs '/home/tikhon/Документы/magnolia/applets/rust/rxxd/build/libxxd.a' *.o"
   Compiling xxd v0.1.0 (/home/tikhon/Документы/magnolia/applets/rust/rxxd/rust)
error: cannot find macro `format` in this scope
   --> src/lib.rs:235:28
    |
235 |             line.push_str(&format!("{:08x}: ", offset));
    |                            ^^^^^^
    |
help: consider importing this macro
    |
  5 + use alloc::format;
    |

error: could not compile `xxd` (lib) due to 1 previous error
ninja: build stopped: subcommand failed.
Command failed (2): idf.py elf
Elf target failed for rhexdump; running `idf.py build` instead.
+ idf.py build
Command failed (2): idf.py elf
Elf target failed for rxxd; running `idf.py build` instead.
+ idf.py build
-- Minimal build - OFF
-- Minimal build - OFF
Executing action: elf
Running ninja in directory /home/tikhon/Документы/magnolia/applets/zig/zighello/build
Executing "ninja elf"...
[0/2] Re-checking globbed directories...
[1/2] Re-running CMake...
-- Building ESP-IDF components for target esp32s3
-- Building ESP-IDF components for target esp32s3
Executing action: elf
Running ninja in directory /home/tikhon/Документы/magnolia/applets/zig/zigtest/build
Executing "ninja elf"...
[0/2] Re-checking globbed directories...
[1/2] Re-running CMake...
-- Minimal build - OFF
Executing action: elf
Running ninja in directory /home/tikhon/Документы/magnolia/applets/zig/zxxd/build
Executing "ninja elf"...
[0/2] Re-checking globbed directories...
[1/2] Re-running CMake...
-- Building ESP-IDF components for target esp32s3
Executing action: all (aliases: build)
Running ninja in directory /home/tikhon/Документы/magnolia/applets/rust/rxxd/build
Executing "ninja all"...
[0/2] Re-checking globbed directories...
Executing action: all (aliases: build)
Running ninja in directory /home/tikhon/Документы/magnolia/applets/rust/rhexdump/build
Executing "ninja all"...
[0/2] Re-checking globbed directories...
[1/9] Performing build step for 'bootloader'
[1/1] cd /home/tikhon/Документы/magnolia/applets/rust/rxxd/build/bootloader && /home/tikhon/.espressif/python_env/idf6.0_py3.12_env/bin/python /home/tikhon/Документы/magnolia/esp-idf/components/partition_table/check_sizes.py --offset 0x8000 bootloader 0x0 /home/tikhon/Документы/magnolia/applets/rust/rxxd/build/bootloader/bootloader.bin
Bootloader binary size 0x5320 bytes. 0x2ce0 bytes (35%) free.
[2/9] No install step for 'bootloader'
[1/9] Performing build step for 'bootloader'
[1/1] cd /home/tikhon/Документы/magnolia/applets/rust/rhexdump/build/bootloader && /home/tikhon/.espressif/python_env/idf6.0_py3.12_env/bin/python /home/tikhon/Документы/magnolia/esp-idf/components/partition_table/check_sizes.py --offset 0x8000 bootloader 0x0 /home/tikhon/Документы/magnolia/applets/rust/rhexdump/build/bootloader/bootloader.bin
Bootloader binary size 0x5320 bytes. 0x2ce0 bytes (35%) free.
[2/9] No install step for 'bootloader'
[3/9] Completed 'bootloader'
[3/9] Completed 'bootloader'
-- Minimal build - OFF
-- Building ESP-IDF components for target esp32s3
[4/9] Build Rust staticlib: /home/tikhon/Документы/magnolia/applets/rust/rxxd/build/libxxd.a
FAILED: libxxd.a /home/tikhon/Документы/magnolia/applets/rust/rxxd/build/libxxd.a 
cd /home/tikhon/Документы/magnolia/applets/rust/rxxd/build && /usr/bin/cmake -E env CARGO_TARGET_DIR=/home/tikhon/Документы/magnolia/applets/rust/rxxd/build/rust_target bash -lc "set -euo pipefail;                  if [ -n \"/home/tikhon/export-esp.sh\" ] && [ -f \"/home/tikhon/export-esp.sh\" ]; then . \"/home/tikhon/export-esp.sh\" >/dev/null 2>&1; fi;                  RUSTFLAGS='-C panic=abort' cargo +esp build                      -Zbuild-std=core,alloc,compiler_builtins -Zbuild-std-features=compiler-builtins-mem                    --manifest-path '/home/tikhon/Документы/magnolia/applets/rust/rxxd/rust/Cargo.toml' --release --target 'xtensa-esp32s3-none-elf'" && /usr/bin/cmake -E copy_if_different /home/tikhon/Документы/magnolia/applets/rust/rxxd/build/rust_target/xtensa-esp32s3-none-elf/release/libxxd.a /home/tikhon/Документы/magnolia/applets/rust/rxxd/build/libxxd.a && bash -lc "set -euo pipefail;                  tmp='/home/tikhon/Документы/magnolia/applets/rust/rxxd/build/rust_fixup_xxd';                  rm -rf \"\$tmp\"; mkdir -p \"\$tmp\";                  cd \"\$tmp\";                  '/home/tikhon/.espressif/tools/xtensa-esp-elf/esp-15.1.0_20250607/xtensa-esp-elf/bin/xtensa-esp32s3-elf-ar' x '/home/tikhon/Документы/magnolia/applets/rust/rxxd/build/libxxd.a';                  for obj in *.o; do                    [ -f \"\$obj\" ] || continue;                    for sec in \$(LC_ALL=C readelf -S -W \"\$obj\" | sed -n 's/^[[:space:]]*\\[[[:space:]]*[0-9]\\+\\][[:space:]]\\+\\([^ ]\\+\\).*/\\1/p'); do                      case \"\$sec\" in                        .literal*|.rodata*) '/home/tikhon/.espressif/tools/xtensa-esp-elf/esp-15.1.0_20250607/xtensa-esp-elf/bin/xtensa-esp32s3-elf-objcopy' --set-section-flags \"\$sec\"=alloc,load,contents,data \"\$obj\" || true ;;                      esac;                    done;                  done;                  '/home/tikhon/.espressif/tools/xtensa-esp-elf/esp-15.1.0_20250607/xtensa-esp-elf/bin/xtensa-esp32s3-elf-ar' rcs '/home/tikhon/Документы/magnolia/applets/rust/rxxd/build/libxxd.a' *.o"
    Blocking waiting for file lock on package cache
    Blocking waiting for file lock on package cache
   Compiling xxd v0.1.0 (/home/tikhon/Документы/magnolia/applets/rust/rxxd/rust)
error: cannot find macro `format` in this scope
   --> src/lib.rs:235:28
    |
235 |             line.push_str(&format!("{:08x}: ", offset));
    |                            ^^^^^^
    |
help: consider importing this macro
    |
  5 + use alloc::format;
    |

error: could not compile `xxd` (lib) due to 1 previous error
[4/9] Build Rust staticlib: /home/tikhon/Документы/magnolia/applets/rust/rhexdump/build/libhexdump.a
FAILED: libhexdump.a /home/tikhon/Документы/magnolia/applets/rust/rhexdump/build/libhexdump.a 
cd /home/tikhon/Документы/magnolia/applets/rust/rhexdump/build && /usr/bin/cmake -E env CARGO_TARGET_DIR=/home/tikhon/Документы/magnolia/applets/rust/rhexdump/build/rust_target bash -lc "set -euo pipefail;                  if [ -n \"/home/tikhon/export-esp.sh\" ] && [ -f \"/home/tikhon/export-esp.sh\" ]; then . \"/home/tikhon/export-esp.sh\" >/dev/null 2>&1; fi;                  RUSTFLAGS='-C panic=abort' cargo +esp build  --locked                    -Zbuild-std=core,alloc,compiler_builtins -Zbuild-std-features=compiler-builtins-mem                    --manifest-path '/home/tikhon/Документы/magnolia/applets/rust/rhexdump/rust/Cargo.toml' --release --target 'xtensa-esp32s3-none-elf'" && /usr/bin/cmake -E copy_if_different /home/tikhon/Документы/magnolia/applets/rust/rhexdump/build/rust_target/xtensa-esp32s3-none-elf/release/libhexdump.a /home/tikhon/Документы/magnolia/applets/rust/rhexdump/build/libhexdump.a && bash -lc "set -euo pipefail;                  tmp='/home/tikhon/Документы/magnolia/applets/rust/rhexdump/build/rust_fixup_hexdump';                  rm -rf \"\$tmp\"; mkdir -p \"\$tmp\";                  cd \"\$tmp\";                  '/home/tikhon/.espressif/tools/xtensa-esp-elf/esp-15.1.0_20250607/xtensa-esp-elf/bin/xtensa-esp32s3-elf-ar' x '/home/tikhon/Документы/magnolia/applets/rust/rhexdump/build/libhexdump.a';                  for obj in *.o; do                    [ -f \"\$obj\" ] || continue;                    for sec in \$(LC_ALL=C readelf -S -W \"\$obj\" | sed -n 's/^[[:space:]]*\\[[[:space:]]*[0-9]\\+\\][[:space:]]\\+\\([^ ]\\+\\).*/\\1/p'); do                      case \"\$sec\" in                        .literal*|.rodata*) '/home/tikhon/.espressif/tools/xtensa-esp-elf/esp-15.1.0_20250607/xtensa-esp-elf/bin/xtensa-esp32s3-elf-objcopy' --set-section-flags \"\$sec\"=alloc,load,contents,data \"\$obj\" || true ;;                      esac;                    done;                  done;                  '/home/tikhon/.espressif/tools/xtensa-esp-elf/esp-15.1.0_20250607/xtensa-esp-elf/bin/xtensa-esp32s3-elf-ar' rcs '/home/tikhon/Документы/magnolia/applets/rust/rhexdump/build/libhexdump.a' *.o"
    Blocking waiting for file lock on package cache
   Compiling hexdump v0.1.0 (/home/tikhon/Документы/magnolia/applets/rust/rhexdump/rust)
error: unknown byte escape: `b`
   --> src/lib.rs:139:12
    |
139 |         b'\b' => {
    |            ^ unknown byte escape
    |
    = help: for more information, visit <https://doc.rust-lang.org/reference/tokens.html#literals>

error: unknown byte escape: `f`
   --> src/lib.rs:143:12
    |
143 |         b'\f' => {
    |            ^ unknown byte escape
    |
    = help: for more information, visit <https://doc.rust-lang.org/reference/tokens.html#literals>

error: unknown byte escape: `v`
   --> src/lib.rs:147:12
    |
147 |         b'\v' => {
    |            ^ unknown byte escape
    |
    = help: for more information, visit <https://doc.rust-lang.org/reference/tokens.html#literals>

error: cannot find macro `format` in this scope
   --> src/lib.rs:232:37
    |
232 | ...                   let s = format!("{:0width$}", word, width = width);
    |                               ^^^^^^
    |
help: consider importing this macro
    |
  5 + use alloc::format;
    |

error: cannot find macro `format` in this scope
   --> src/lib.rs:176:36
    |
176 |                     line.push_str(&format!("{:02x} ", buf[i]));
    |                                    ^^^^^^
    |
help: consider importing this macro
    |
  5 + use alloc::format;
    |

error[E0382]: use of moved value
   --> src/lib.rs:297:21
    |
297 |         if let Some(rem) = remaining {
    |                     ^^^ value moved here, in previous iteration of loop
...
316 |         if let Some(rem) = remaining {
    |                     --- value moved here, in previous iteration of loop
    |
    = note: move occurs because value has type `&mut u64`, which does not implement the `Copy` trait
help: borrow this binding in the pattern to avoid moving the value
    |
316 |         if let Some(ref rem) = remaining {
    |                     +++
help: borrow this binding in the pattern to avoid moving the value
    |
297 |         if let Some(ref rem) = remaining {
    |                     +++

error[E0382]: use of moved value
   --> src/lib.rs:316:21
    |
297 |         if let Some(rem) = remaining {
    |                     --- value moved here
...
316 |         if let Some(rem) = remaining {
    |                     ^^^ value used here after move
    |
    = note: move occurs because value has type `&mut u64`, which does not implement the `Copy` trait
help: borrow this binding in the pattern to avoid moving the value
    |
297 |         if let Some(ref rem) = remaining {
    |                     +++

For more information about this error, try `rustc --explain E0382`.
error: could not compile `hexdump` (lib) due to 7 previous errors
-- Minimal build - OFF
-- Minimal build - OFF
-- Building ESP-IDF components for target esp32s3
-- Building ESP-IDF components for target esp32s3
[5/9] Linking CXX executable xxd.elf
FAILED: xxd.elf 
: && /home/tikhon/.espressif/tools/xtensa-esp-elf/esp-15.1.0_20250607/xtensa-esp-elf/bin/xtensa-esp32s3-elf-g++ -mlongcalls -fno-builtin-memcpy -fno-builtin-memset -fno-builtin-bzero -nostartfiles    -Wl,--cref -Wl,--defsym=IDF_TARGET_ESP32S3=0 -Wl,--Map=/home/tikhon/Документы/magnolia/applets/rust/rxxd/build/xxd.map -Wl,--no-warn-rwx-segments -Wl,--orphan-handling=error -fno-rtti -fno-lto -Wl,--gc-sections -Wl,--warn-common -T esp32s3.peripherals.ld -T esp32s3.rom.ld -T esp32s3.rom.api.ld -T esp32s3.rom.bt_funcs.ld -T esp32s3.rom.libgcc.ld -T esp32s3.rom.wdt.ld -T esp32s3.rom.version.ld -T esp32s3.rom.ble_master.ld -T esp32s3.rom.ble_50.ld -T esp32s3.rom.ble_smp.ld -T esp32s3.rom.ble_dtm.ld -T esp32s3.rom.ble_test.ld -T esp32s3.rom.ble_scan.ld -T esp32s3.rom.libc.ld -T esp32s3.rom.newlib.ld -T memory.ld -T sections.ld CMakeFiles/xxd.elf.dir/project_elf_src_esp32s3.c.obj -o xxd.elf -L/home/tikhon/Документы/magnolia/esp-idf/components/soc/esp32s3/ld   -L/home/tikhon/Документы/magnolia/esp-idf/components/esp_rom/esp32s3/ld   -L/home/tikhon/Документы/magnolia/applets/rust/rxxd/build/esp-idf/esp_system/ld   -L/home/tikhon/Документы/magnolia/esp-idf/components/esp_phy/lib/esp32s3   -L/home/tikhon/Документы/magnolia/esp-idf/components/esp_wifi/lib/esp32s3 esp-idf/xtensa/libxtensa.a  esp-idf/esp_app_format/libesp_app_format.a  esp-idf/esp_bootloader_format/libesp_bootloader_format.a  esp-idf/app_update/libapp_update.a  esp-idf/esp_partition/libesp_partition.a  esp-idf/efuse/libefuse.a  esp-idf/esp_security/libesp_security.a  esp-idf/esp_driver_gpio/libesp_driver_gpio.a  esp-idf/esp_pm/libesp_pm.a  esp-idf/mbedtls/libmbedtls.a  esp-idf/bootloader_support/libbootloader_support.a  esp-idf/esp_mm/libesp_mm.a  esp-idf/spi_flash/libspi_flash.a  esp-idf/esp_system/libesp_system.a  esp-idf/esp_common/libesp_common.a  esp-idf/esp_rom/libesp_rom.a  esp-idf/hal/libhal.a  esp-idf/log/liblog.a  esp-idf/heap/libheap.a  esp-idf/soc/libsoc.a  esp-idf/esp_hw_support/libesp_hw_support.a  esp-idf/freertos/libfreertos.a  esp-idf/newlib/libnewlib.a  esp-idf/pthread/libpthread.a  esp-idf/cxx/libcxx.a  esp-idf/esp_timer/libesp_timer.a  esp-idf/esp_driver_gptimer/libesp_driver_gptimer.a  esp-idf/esp_ringbuf/libesp_ringbuf.a  esp-idf/esp_driver_uart/libesp_driver_uart.a  esp-idf/app_trace/libapp_trace.a  esp-idf/esp_event/libesp_event.a  esp-idf/nvs_flash/libnvs_flash.a  esp-idf/esp_phy/libesp_phy.a  esp-idf/esp_driver_usb_serial_jtag/libesp_driver_usb_serial_jtag.a  esp-idf/esp_vfs_console/libesp_vfs_console.a  esp-idf/vfs/libvfs.a  esp-idf/lwip/liblwip.a  esp-idf/esp_netif/libesp_netif.a  esp-idf/wpa_supplicant/libwpa_supplicant.a  esp-idf/esp_coex/libesp_coex.a  esp-idf/esp_wifi/libesp_wifi.a  esp-idf/esp_driver_spi/libesp_driver_spi.a  esp-idf/esp_gdbstub/libesp_gdbstub.a  esp-idf/unity/libunity.a  esp-idf/cmock/libcmock.a  esp-idf/console/libconsole.a  esp-idf/esp_driver_pcnt/libesp_driver_pcnt.a  esp-idf/esp_driver_mcpwm/libesp_driver_mcpwm.a  esp-idf/esp_driver_i2s/libesp_driver_i2s.a  esp-idf/sdmmc/libsdmmc.a  esp-idf/esp_driver_sd_intf/libesp_driver_sd_intf.a  esp-idf/esp_driver_sdmmc/libesp_driver_sdmmc.a  esp-idf/esp_driver_sdspi/libesp_driver_sdspi.a  esp-idf/esp_driver_rmt/libesp_driver_rmt.a  esp-idf/esp_driver_tsens/libesp_driver_tsens.a  esp-idf/esp_driver_sdm/libesp_driver_sdm.a  esp-idf/esp_driver_i2c/libesp_driver_i2c.a  esp-idf/esp_driver_ledc/libesp_driver_ledc.a  esp-idf/esp_driver_twai/libesp_driver_twai.a  esp-idf/driver/libdriver.a  esp-idf/http_parser/libhttp_parser.a  esp-idf/esp-tls/libesp-tls.a  esp-idf/esp_adc/libesp_adc.a  esp-idf/esp_driver_cam/libesp_driver_cam.a  esp-idf/esp_driver_touch_sens/libesp_driver_touch_sens.a  esp-idf/esp_eth/libesp_eth.a  esp-idf/esp_hid/libesp_hid.a  esp-idf/tcp_transport/libtcp_transport.a  esp-idf/esp_http_client/libesp_http_client.a  esp-idf/esp_http_server/libesp_http_server.a  esp-idf/esp_https_ota/libesp_https_ota.a  esp-idf/esp_https_server/libesp_https_server.a  esp-idf/esp_lcd/libesp_lcd.a  esp-idf/protobuf-c/libprotobuf-c.a  esp-idf/protocomm/libprotocomm.a  esp-idf/esp_local_ctrl/libesp_local_ctrl.a  esp-idf/espcoredump/libespcoredump.a  esp-idf/wear_levelling/libwear_levelling.a  esp-idf/fatfs/libfatfs.a  esp-idf/json/libjson.a  esp-idf/mqtt/libmqtt.a  esp-idf/nvs_sec_provider/libnvs_sec_provider.a  esp-idf/perfmon/libperfmon.a  esp-idf/rt/librt.a  esp-idf/spiffs/libspiffs.a  esp-idf/touch_element/libtouch_element.a  esp-idf/usb/libusb.a  esp-idf/wifi_provisioning/libwifi_provisioning.a  esp-idf/espressif__elf_loader/libespressif__elf_loader.a  esp-idf/main/libmain.a  esp-idf/app_trace/libapp_trace.a  esp-idf/cmock/libcmock.a  esp-idf/unity/libunity.a  esp-idf/esp_driver_cam/libesp_driver_cam.a  esp-idf/esp_driver_touch_sens/libesp_driver_touch_sens.a  esp-idf/esp_eth/libesp_eth.a  esp-idf/esp_hid/libesp_hid.a  esp-idf/esp_lcd/libesp_lcd.a  esp-idf/esp_local_ctrl/libesp_local_ctrl.a  esp-idf/esp_https_server/libesp_https_server.a  esp-idf/espcoredump/libespcoredump.a  -u esp_system_include_coredump_init  esp-idf/fatfs/libfatfs.a  esp-idf/wear_levelling/libwear_levelling.a  esp-idf/mqtt/libmqtt.a  esp-idf/nvs_sec_provider/libnvs_sec_provider.a  -u nvs_sec_provider_include_impl  esp-idf/perfmon/libperfmon.a  esp-idf/rt/librt.a  esp-idf/spiffs/libspiffs.a  esp-idf/touch_element/libtouch_element.a  esp-idf/usb/libusb.a  esp-idf/wifi_provisioning/libwifi_provisioning.a  esp-idf/protocomm/libprotocomm.a  esp-idf/console/libconsole.a  esp-idf/protobuf-c/libprotobuf-c.a  esp-idf/json/libjson.a  esp-idf/espressif__elf_loader/libespressif__elf_loader.a  esp-idf/xtensa/libxtensa.a  esp-idf/esp_app_format/libesp_app_format.a  esp-idf/esp_bootloader_format/libesp_bootloader_format.a  esp-idf/app_update/libapp_update.a  esp-idf/esp_partition/libesp_partition.a  esp-idf/efuse/libefuse.a  esp-idf/esp_security/libesp_security.a  esp-idf/esp_driver_gpio/libesp_driver_gpio.a  esp-idf/esp_pm/libesp_pm.a  esp-idf/mbedtls/libmbedtls.a  esp-idf/bootloader_support/libbootloader_support.a  esp-idf/esp_mm/libesp_mm.a  esp-idf/spi_flash/libspi_flash.a  esp-idf/esp_system/libesp_system.a  esp-idf/esp_common/libesp_common.a  esp-idf/esp_rom/libesp_rom.a  esp-idf/hal/libhal.a  esp-idf/log/liblog.a  esp-idf/heap/libheap.a  esp-idf/soc/libsoc.a  esp-idf/esp_hw_support/libesp_hw_support.a  esp-idf/freertos/libfreertos.a  esp-idf/newlib/libnewlib.a  esp-idf/pthread/libpthread.a  esp-idf/cxx/libcxx.a  esp-idf/esp_timer/libesp_timer.a  esp-idf/esp_driver_gptimer/libesp_driver_gptimer.a  esp-idf/esp_ringbuf/libesp_ringbuf.a  esp-idf/esp_driver_uart/libesp_driver_uart.a  esp-idf/esp_event/libesp_event.a  esp-idf/nvs_flash/libnvs_flash.a  esp-idf/esp_phy/libesp_phy.a  esp-idf/esp_driver_usb_serial_jtag/libesp_driver_usb_serial_jtag.a  esp-idf/esp_vfs_console/libesp_vfs_console.a  esp-idf/vfs/libvfs.a  esp-idf/lwip/liblwip.a  esp-idf/esp_netif/libesp_netif.a  esp-idf/wpa_supplicant/libwpa_supplicant.a  esp-idf/esp_coex/libesp_coex.a  esp-idf/esp_wifi/libesp_wifi.a  esp-idf/esp_driver_spi/libesp_driver_spi.a  esp-idf/esp_gdbstub/libesp_gdbstub.a  esp-idf/esp_driver_pcnt/libesp_driver_pcnt.a  esp-idf/esp_driver_mcpwm/libesp_driver_mcpwm.a  esp-idf/esp_driver_i2s/libesp_driver_i2s.a  esp-idf/sdmmc/libsdmmc.a  esp-idf/esp_driver_sd_intf/libesp_driver_sd_intf.a  esp-idf/esp_driver_sdmmc/libesp_driver_sdmmc.a  esp-idf/esp_driver_sdspi/libesp_driver_sdspi.a  esp-idf/esp_driver_rmt/libesp_driver_rmt.a  esp-idf/esp_driver_tsens/libesp_driver_tsens.a  esp-idf/esp_driver_sdm/libesp_driver_sdm.a  esp-idf/esp_driver_i2c/libesp_driver_i2c.a  esp-idf/esp_driver_ledc/libesp_driver_ledc.a  esp-idf/esp_driver_twai/libesp_driver_twai.a  esp-idf/driver/libdriver.a  esp-idf/http_parser/libhttp_parser.a  esp-idf/esp-tls/libesp-tls.a  esp-idf/esp_adc/libesp_adc.a  esp-idf/tcp_transport/libtcp_transport.a  esp-idf/esp_http_client/libesp_http_client.a  esp-idf/esp_http_server/libesp_http_server.a  esp-idf/esp_https_ota/libesp_https_ota.a  esp-idf/mbedtls/mbedtls/library/libmbedtls.a  esp-idf/mbedtls/mbedtls/library/libmbedcrypto.a  esp-idf/mbedtls/mbedtls/library/libmbedx509.a  esp-idf/mbedtls/mbedtls/3rdparty/everest/libeverest.a  esp-idf/mbedtls/mbedtls/3rdparty/p256-m/libp256m.a  /home/tikhon/Документы/magnolia/esp-idf/components/esp_wifi/lib/esp32s3/libcore.a  /home/tikhon/Документы/magnolia/esp-idf/components/esp_wifi/lib/esp32s3/libespnow.a  /home/tikhon/Документы/magnolia/esp-idf/components/esp_wifi/lib/esp32s3/libmesh.a  /home/tikhon/Документы/magnolia/esp-idf/components/esp_wifi/lib/esp32s3/libnet80211.a  /home/tikhon/Документы/magnolia/esp-idf/components/esp_wifi/lib/esp32s3/libpp.a  /home/tikhon/Документы/magnolia/esp-idf/components/esp_wifi/lib/esp32s3/libsmartconfig.a  /home/tikhon/Документы/magnolia/esp-idf/components/esp_wifi/lib/esp32s3/libwapi.a  esp-idf/xtensa/libxtensa.a  esp-idf/esp_app_format/libesp_app_format.a  esp-idf/esp_bootloader_format/libesp_bootloader_format.a  esp-idf/app_update/libapp_update.a  esp-idf/esp_partition/libesp_partition.a  esp-idf/efuse/libefuse.a  esp-idf/esp_security/libesp_security.a  esp-idf/esp_driver_gpio/libesp_driver_gpio.a  esp-idf/esp_pm/libesp_pm.a  esp-idf/mbedtls/libmbedtls.a  esp-idf/bootloader_support/libbootloader_support.a  esp-idf/esp_mm/libesp_mm.a  esp-idf/spi_flash/libspi_flash.a  esp-idf/esp_system/libesp_system.a  esp-idf/esp_common/libesp_common.a  esp-idf/esp_rom/libesp_rom.a  esp-idf/hal/libhal.a  esp-idf/log/liblog.a  esp-idf/heap/libheap.a  esp-idf/soc/libsoc.a  esp-idf/esp_hw_support/libesp_hw_support.a  esp-idf/freertos/libfreertos.a  esp-idf/newlib/libnewlib.a  esp-idf/pthread/libpthread.a  esp-idf/cxx/libcxx.a  esp-idf/esp_timer/libesp_timer.a  esp-idf/esp_driver_gptimer/libesp_driver_gptimer.a  esp-idf/esp_ringbuf/libesp_ringbuf.a  esp-idf/esp_driver_uart/libesp_driver_uart.a  esp-idf/esp_event/libesp_event.a  esp-idf/nvs_flash/libnvs_flash.a  esp-idf/esp_phy/libesp_phy.a  esp-idf/esp_driver_usb_serial_jtag/libesp_driver_usb_serial_jtag.a  esp-idf/esp_vfs_console/libesp_vfs_console.a  esp-idf/vfs/libvfs.a  esp-idf/lwip/liblwip.a  esp-idf/esp_netif/libesp_netif.a  esp-idf/wpa_supplicant/libwpa_supplicant.a  esp-idf/esp_coex/libesp_coex.a  esp-idf/esp_wifi/libesp_wifi.a  esp-idf/esp_driver_spi/libesp_driver_spi.a  esp-idf/esp_gdbstub/libesp_gdbstub.a  esp-idf/esp_driver_pcnt/libesp_driver_pcnt.a  esp-idf/esp_driver_mcpwm/libesp_driver_mcpwm.a  esp-idf/esp_driver_i2s/libesp_driver_i2s.a  esp-idf/sdmmc/libsdmmc.a  esp-idf/esp_driver_sd_intf/libesp_driver_sd_intf.a  esp-idf/esp_driver_sdmmc/libesp_driver_sdmmc.a  esp-idf/esp_driver_sdspi/libesp_driver_sdspi.a  esp-idf/esp_driver_rmt/libesp_driver_rmt.a  esp-idf/esp_driver_tsens/libesp_driver_tsens.a  esp-idf/esp_driver_sdm/libesp_driver_sdm.a  esp-idf/esp_driver_i2c/libesp_driver_i2c.a  esp-idf/esp_driver_ledc/libesp_driver_ledc.a  esp-idf/esp_driver_twai/libesp_driver_twai.a  esp-idf/driver/libdriver.a  esp-idf/http_parser/libhttp_parser.a  esp-idf/esp-tls/libesp-tls.a  esp-idf/esp_adc/libesp_adc.a  esp-idf/tcp_transport/libtcp_transport.a  esp-idf/esp_http_client/libesp_http_client.a  esp-idf/esp_http_server/libesp_http_server.a  esp-idf/esp_https_ota/libesp_https_ota.a  esp-idf/mbedtls/mbedtls/library/libmbedtls.a  esp-idf/mbedtls/mbedtls/library/libmbedcrypto.a  esp-idf/mbedtls/mbedtls/library/libmbedx509.a  esp-idf/mbedtls/mbedtls/3rdparty/everest/libeverest.a  esp-idf/mbedtls/mbedtls/3rdparty/p256-m/libp256m.a  /home/tikhon/Документы/magnolia/esp-idf/components/esp_wifi/lib/esp32s3/libcore.a  /home/tikhon/Документы/magnolia/esp-idf/components/esp_wifi/lib/esp32s3/libespnow.a  /home/tikhon/Документы/magnolia/esp-idf/components/esp_wifi/lib/esp32s3/libmesh.a  /home/tikhon/Документы/magnolia/esp-idf/components/esp_wifi/lib/esp32s3/libnet80211.a  /home/tikhon/Документы/magnolia/esp-idf/components/esp_wifi/lib/esp32s3/libpp.a  /home/tikhon/Документы/magnolia/esp-idf/components/esp_wifi/lib/esp32s3/libsmartconfig.a  /home/tikhon/Документы/magnolia/esp-idf/components/esp_wifi/lib/esp32s3/libwapi.a  esp-idf/xtensa/libxtensa.a  esp-idf/esp_app_format/libesp_app_format.a  esp-idf/esp_bootloader_format/libesp_bootloader_format.a  esp-idf/app_update/libapp_update.a  esp-idf/esp_partition/libesp_partition.a  esp-idf/efuse/libefuse.a  esp-idf/esp_security/libesp_security.a  esp-idf/esp_driver_gpio/libesp_driver_gpio.a  esp-idf/esp_pm/libesp_pm.a  esp-idf/mbedtls/libmbedtls.a  esp-idf/bootloader_support/libbootloader_support.a  esp-idf/esp_mm/libesp_mm.a  esp-idf/spi_flash/libspi_flash.a  esp-idf/esp_system/libesp_system.a  esp-idf/esp_common/libesp_common.a  esp-idf/esp_rom/libesp_rom.a  esp-idf/hal/libhal.a  esp-idf/log/liblog.a  esp-idf/heap/libheap.a  esp-idf/soc/libsoc.a  esp-idf/esp_hw_support/libesp_hw_support.a  esp-idf/freertos/libfreertos.a  esp-idf/newlib/libnewlib.a  esp-idf/pthread/libpthread.a  esp-idf/cxx/libcxx.a  esp-idf/esp_timer/libesp_timer.a  esp-idf/esp_driver_gptimer/libesp_driver_gptimer.a  esp-idf/esp_ringbuf/libesp_ringbuf.a  esp-idf/esp_driver_uart/libesp_driver_uart.a  esp-idf/esp_event/libesp_event.a  esp-idf/nvs_flash/libnvs_flash.a  esp-idf/esp_phy/libesp_phy.a  esp-idf/esp_driver_usb_serial_jtag/libesp_driver_usb_serial_jtag.a  esp-idf/esp_vfs_console/libesp_vfs_console.a  esp-idf/vfs/libvfs.a  esp-idf/lwip/liblwip.a  esp-idf/esp_netif/libesp_netif.a  esp-idf/wpa_supplicant/libwpa_supplicant.a  esp-idf/esp_coex/libesp_coex.a  esp-idf/esp_wifi/libesp_wifi.a  esp-idf/esp_driver_spi/libesp_driver_spi.a  esp-idf/esp_gdbstub/libesp_gdbstub.a  esp-idf/esp_driver_pcnt/libesp_driver_pcnt.a  esp-idf/esp_driver_mcpwm/libesp_driver_mcpwm.a  esp-idf/esp_driver_i2s/libesp_driver_i2s.a  esp-idf/sdmmc/libsdmmc.a  esp-idf/esp_driver_sd_intf/libesp_driver_sd_intf.a  esp-idf/esp_driver_sdmmc/libesp_driver_sdmmc.a  esp-idf/esp_driver_sdspi/libesp_driver_sdspi.a  esp-idf/esp_driver_rmt/libesp_driver_rmt.a  esp-idf/esp_driver_tsens/libesp_driver_tsens.a  esp-idf/esp_driver_sdm/libesp_driver_sdm.a  esp-idf/esp_driver_i2c/libesp_driver_i2c.a  esp-idf/esp_driver_ledc/libesp_driver_ledc.a  esp-idf/esp_driver_twai/libesp_driver_twai.a  esp-idf/driver/libdriver.a  esp-idf/http_parser/libhttp_parser.a  esp-idf/esp-tls/libesp-tls.a  esp-idf/esp_adc/libesp_adc.a  esp-idf/tcp_transport/libtcp_transport.a  esp-idf/esp_http_client/libesp_http_client.a  esp-idf/esp_http_server/libesp_http_server.a  esp-idf/esp_https_ota/libesp_https_ota.a  esp-idf/mbedtls/mbedtls/library/libmbedtls.a  esp-idf/mbedtls/mbedtls/library/libmbedcrypto.a  esp-idf/mbedtls/mbedtls/library/libmbedx509.a  esp-idf/mbedtls/mbedtls/3rdparty/everest/libeverest.a  esp-idf/mbedtls/mbedtls/3rdparty/p256-m/libp256m.a  /home/tikhon/Документы/magnolia/esp-idf/components/esp_wifi/lib/esp32s3/libcore.a  /home/tikhon/Документы/magnolia/esp-idf/components/esp_wifi/lib/esp32s3/libespnow.a  /home/tikhon/Документы/magnolia/esp-idf/components/esp_wifi/lib/esp32s3/libmesh.a  /home/tikhon/Документы/magnolia/esp-idf/components/esp_wifi/lib/esp32s3/libnet80211.a  /home/tikhon/Документы/magnolia/esp-idf/components/esp_wifi/lib/esp32s3/libpp.a  /home/tikhon/Документы/magnolia/esp-idf/components/esp_wifi/lib/esp32s3/libsmartconfig.a  /home/tikhon/Документы/magnolia/esp-idf/components/esp_wifi/lib/esp32s3/libwapi.a  esp-idf/xtensa/libxtensa.a  esp-idf/esp_app_format/libesp_app_format.a  esp-idf/esp_bootloader_format/libesp_bootloader_format.a  esp-idf/app_update/libapp_update.a  esp-idf/esp_partition/libesp_partition.a  esp-idf/efuse/libefuse.a  esp-idf/esp_security/libesp_security.a  esp-idf/esp_driver_gpio/libesp_driver_gpio.a  esp-idf/esp_pm/libesp_pm.a  esp-idf/mbedtls/libmbedtls.a  esp-idf/bootloader_support/libbootloader_support.a  esp-idf/esp_mm/libesp_mm.a  esp-idf/spi_flash/libspi_flash.a  esp-idf/esp_system/libesp_system.a  esp-idf/esp_common/libesp_common.a  esp-idf/esp_rom/libesp_rom.a  esp-idf/hal/libhal.a  esp-idf/log/liblog.a  esp-idf/heap/libheap.a  esp-idf/soc/libsoc.a  esp-idf/esp_hw_support/libesp_hw_support.a  esp-idf/freertos/libfreertos.a  esp-idf/newlib/libnewlib.a  esp-idf/pthread/libpthread.a  esp-idf/cxx/libcxx.a  esp-idf/esp_timer/libesp_timer.a  esp-idf/esp_driver_gptimer/libesp_driver_gptimer.a  esp-idf/esp_ringbuf/libesp_ringbuf.a  esp-idf/esp_driver_uart/libesp_driver_uart.a  esp-idf/esp_event/libesp_event.a  esp-idf/nvs_flash/libnvs_flash.a  esp-idf/esp_phy/libesp_phy.a  esp-idf/esp_driver_usb_serial_jtag/libesp_driver_usb_serial_jtag.a  esp-idf/esp_vfs_console/libesp_vfs_console.a  esp-idf/vfs/libvfs.a  esp-idf/lwip/liblwip.a  esp-idf/esp_netif/libesp_netif.a  esp-idf/wpa_supplicant/libwpa_supplicant.a  esp-idf/esp_coex/libesp_coex.a  esp-idf/esp_wifi/libesp_wifi.a  esp-idf/esp_driver_spi/libesp_driver_spi.a  esp-idf/esp_gdbstub/libesp_gdbstub.a  esp-idf/esp_driver_pcnt/libesp_driver_pcnt.a  esp-idf/esp_driver_mcpwm/libesp_driver_mcpwm.a  esp-idf/esp_driver_i2s/libesp_driver_i2s.a  esp-idf/sdmmc/libsdmmc.a  esp-idf/esp_driver_sd_intf/libesp_driver_sd_intf.a  esp-idf/esp_driver_sdmmc/libesp_driver_sdmmc.a  esp-idf/esp_driver_sdspi/libesp_driver_sdspi.a  esp-idf/esp_driver_rmt/libesp_driver_rmt.a  esp-idf/esp_driver_tsens/libesp_driver_tsens.a  esp-idf/esp_driver_sdm/libesp_driver_sdm.a  esp-idf/esp_driver_i2c/libesp_driver_i2c.a  esp-idf/esp_driver_ledc/libesp_driver_ledc.a  esp-idf/esp_driver_twai/libesp_driver_twai.a  esp-idf/driver/libdriver.a  esp-idf/http_parser/libhttp_parser.a  esp-idf/esp-tls/libesp-tls.a  esp-idf/esp_adc/libesp_adc.a  esp-idf/tcp_transport/libtcp_transport.a  esp-idf/esp_http_client/libesp_http_client.a  esp-idf/esp_http_server/libesp_http_server.a  esp-idf/esp_https_ota/libesp_https_ota.a  esp-idf/mbedtls/mbedtls/library/libmbedtls.a  esp-idf/mbedtls/mbedtls/library/libmbedcrypto.a  esp-idf/mbedtls/mbedtls/library/libmbedx509.a  esp-idf/mbedtls/mbedtls/3rdparty/everest/libeverest.a  esp-idf/mbedtls/mbedtls/3rdparty/p256-m/libp256m.a  /home/tikhon/Документы/magnolia/esp-idf/components/esp_wifi/lib/esp32s3/libcore.a  /home/tikhon/Документы/magnolia/esp-idf/components/esp_wifi/lib/esp32s3/libespnow.a  /home/tikhon/Документы/magnolia/esp-idf/components/esp_wifi/lib/esp32s3/libmesh.a  /home/tikhon/Документы/magnolia/esp-idf/components/esp_wifi/lib/esp32s3/libnet80211.a  /home/tikhon/Документы/magnolia/esp-idf/components/esp_wifi/lib/esp32s3/libpp.a  /home/tikhon/Документы/magnolia/esp-idf/components/esp_wifi/lib/esp32s3/libsmartconfig.a  /home/tikhon/Документы/magnolia/esp-idf/components/esp_wifi/lib/esp32s3/libwapi.a  esp-idf/xtensa/libxtensa.a  esp-idf/esp_app_format/libesp_app_format.a  esp-idf/esp_bootloader_format/libesp_bootloader_format.a  esp-idf/app_update/libapp_update.a  esp-idf/esp_partition/libesp_partition.a  esp-idf/efuse/libefuse.a  esp-idf/esp_security/libesp_security.a  esp-idf/esp_driver_gpio/libesp_driver_gpio.a  esp-idf/esp_pm/libesp_pm.a  esp-idf/mbedtls/libmbedtls.a  esp-idf/bootloader_support/libbootloader_support.a  esp-idf/esp_mm/libesp_mm.a  esp-idf/spi_flash/libspi_flash.a  esp-idf/esp_system/libesp_system.a  esp-idf/esp_common/libesp_common.a  esp-idf/esp_rom/libesp_rom.a  esp-idf/hal/libhal.a  esp-idf/log/liblog.a  esp-idf/heap/libheap.a  esp-idf/soc/libsoc.a  esp-idf/esp_hw_support/libesp_hw_support.a  esp-idf/freertos/libfreertos.a  esp-idf/newlib/libnewlib.a  esp-idf/pthread/libpthread.a  esp-idf/cxx/libcxx.a  esp-idf/esp_timer/libesp_timer.a  esp-idf/esp_driver_gptimer/libesp_driver_gptimer.a  esp-idf/esp_ringbuf/libesp_ringbuf.a  esp-idf/esp_driver_uart/libesp_driver_uart.a  esp-idf/esp_event/libesp_event.a  esp-idf/nvs_flash/libnvs_flash.a  esp-idf/esp_phy/libesp_phy.a  esp-idf/esp_driver_usb_serial_jtag/libesp_driver_usb_serial_jtag.a  esp-idf/esp_vfs_console/libesp_vfs_console.a  esp-idf/vfs/libvfs.a  esp-idf/lwip/liblwip.a  esp-idf/esp_netif/libesp_netif.a  esp-idf/wpa_supplicant/libwpa_supplicant.a  esp-idf/esp_coex/libesp_coex.a  esp-idf/esp_wifi/libesp_wifi.a  esp-idf/esp_driver_spi/libesp_driver_spi.a  esp-idf/esp_gdbstub/libesp_gdbstub.a  esp-idf/esp_driver_pcnt/libesp_driver_pcnt.a  esp-idf/esp_driver_mcpwm/libesp_driver_mcpwm.a  esp-idf/esp_driver_i2s/libesp_driver_i2s.a  esp-idf/sdmmc/libsdmmc.a  esp-idf/esp_driver_sd_intf/libesp_driver_sd_intf.a  esp-idf/esp_driver_sdmmc/libesp_driver_sdmmc.a  esp-idf/esp_driver_sdspi/libesp_driver_sdspi.a  esp-idf/esp_driver_rmt/libesp_driver_rmt.a  esp-idf/esp_driver_tsens/libesp_driver_tsens.a  esp-idf/esp_driver_sdm/libesp_driver_sdm.a  esp-idf/esp_driver_i2c/libesp_driver_i2c.a  esp-idf/esp_driver_ledc/libesp_driver_ledc.a  esp-idf/esp_driver_twai/libesp_driver_twai.a  esp-idf/driver/libdriver.a  esp-idf/http_parser/libhttp_parser.a  esp-idf/esp-tls/libesp-tls.a  esp-idf/esp_adc/libesp_adc.a  esp-idf/tcp_transport/libtcp_transport.a  esp-idf/esp_http_client/libesp_http_client.a  esp-idf/esp_http_server/libesp_http_server.a  esp-idf/esp_https_ota/libesp_https_ota.a  esp-idf/mbedtls/mbedtls/library/libmbedtls.a  esp-idf/mbedtls/mbedtls/library/libmbedcrypto.a  esp-idf/mbedtls/mbedtls/library/libmbedx509.a  esp-idf/mbedtls/mbedtls/3rdparty/everest/libeverest.a  esp-idf/mbedtls/mbedtls/3rdparty/p256-m/libp256m.a  /home/tikhon/Документы/magnolia/esp-idf/components/esp_wifi/lib/esp32s3/libcore.a  /home/tikhon/Документы/magnolia/esp-idf/components/esp_wifi/lib/esp32s3/libespnow.a  /home/tikhon/Документы/magnolia/esp-idf/components/esp_wifi/lib/esp32s3/libmesh.a  /home/tikhon/Документы/magnolia/esp-idf/components/esp_wifi/lib/esp32s3/libnet80211.a  /home/tikhon/Документы/magnolia/esp-idf/components/esp_wifi/lib/esp32s3/libpp.a  /home/tikhon/Документы/magnolia/esp-idf/components/esp_wifi/lib/esp32s3/libsmartconfig.a  /home/tikhon/Документы/magnolia/esp-idf/components/esp_wifi/lib/esp32s3/libwapi.a  esp-idf/xtensa/libxtensa.a  esp-idf/esp_app_format/libesp_app_format.a  esp-idf/esp_bootloader_format/libesp_bootloader_format.a  esp-idf/app_update/libapp_update.a  esp-idf/esp_partition/libesp_partition.a  esp-idf/efuse/libefuse.a  esp-idf/esp_security/libesp_security.a  esp-idf/esp_driver_gpio/libesp_driver_gpio.a  esp-idf/esp_pm/libesp_pm.a  esp-idf/mbedtls/libmbedtls.a  esp-idf/bootloader_support/libbootloader_support.a  esp-idf/esp_mm/libesp_mm.a  esp-idf/spi_flash/libspi_flash.a  esp-idf/esp_system/libesp_system.a  esp-idf/esp_common/libesp_common.a  esp-idf/esp_rom/libesp_rom.a  esp-idf/hal/libhal.a  esp-idf/log/liblog.a  esp-idf/heap/libheap.a  esp-idf/soc/libsoc.a  esp-idf/esp_hw_support/libesp_hw_support.a  esp-idf/freertos/libfreertos.a  esp-idf/newlib/libnewlib.a  esp-idf/pthread/libpthread.a  esp-idf/cxx/libcxx.a  esp-idf/esp_timer/libesp_timer.a  esp-idf/esp_driver_gptimer/libesp_driver_gptimer.a  esp-idf/esp_ringbuf/libesp_ringbuf.a  esp-idf/esp_driver_uart/libesp_driver_uart.a  esp-idf/esp_event/libesp_event.a  esp-idf/nvs_flash/libnvs_flash.a  esp-idf/esp_phy/libesp_phy.a  esp-idf/esp_driver_usb_serial_jtag/libesp_driver_usb_serial_jtag.a  esp-idf/esp_vfs_console/libesp_vfs_console.a  esp-idf/vfs/libvfs.a  esp-idf/lwip/liblwip.a  esp-idf/esp_netif/libesp_netif.a  esp-idf/wpa_supplicant/libwpa_supplicant.a  esp-idf/esp_coex/libesp_coex.a  esp-idf/esp_wifi/libesp_wifi.a  esp-idf/esp_driver_spi/libesp_driver_spi.a  esp-idf/esp_gdbstub/libesp_gdbstub.a  esp-idf/esp_driver_pcnt/libesp_driver_pcnt.a  esp-idf/esp_driver_mcpwm/libesp_driver_mcpwm.a  esp-idf/esp_driver_i2s/libesp_driver_i2s.a  esp-idf/sdmmc/libsdmmc.a  esp-idf/esp_driver_sd_intf/libesp_driver_sd_intf.a  esp-idf/esp_driver_sdmmc/libesp_driver_sdmmc.a  esp-idf/esp_driver_sdspi/libesp_driver_sdspi.a  esp-idf/esp_driver_rmt/libesp_driver_rmt.a  esp-idf/esp_driver_tsens/libesp_driver_tsens.a  esp-idf/esp_driver_sdm/libesp_driver_sdm.a  esp-idf/esp_driver_i2c/libesp_driver_i2c.a  esp-idf/esp_driver_ledc/libesp_driver_ledc.a  esp-idf/esp_driver_twai/libesp_driver_twai.a  esp-idf/driver/libdriver.a  esp-idf/http_parser/libhttp_parser.a  esp-idf/esp-tls/libesp-tls.a  esp-idf/esp_adc/libesp_adc.a  esp-idf/tcp_transport/libtcp_transport.a  esp-idf/esp_http_client/libesp_http_client.a  esp-idf/esp_http_server/libesp_http_server.a  esp-idf/esp_https_ota/libesp_https_ota.a  esp-idf/mbedtls/mbedtls/library/libmbedtls.a  esp-idf/mbedtls/mbedtls/library/libmbedcrypto.a  esp-idf/mbedtls/mbedtls/library/libmbedx509.a  esp-idf/mbedtls/mbedtls/3rdparty/everest/libeverest.a  esp-idf/mbedtls/mbedtls/3rdparty/p256-m/libp256m.a  /home/tikhon/Документы/magnolia/esp-idf/components/esp_wifi/lib/esp32s3/libcore.a  /home/tikhon/Документы/magnolia/esp-idf/components/esp_wifi/lib/esp32s3/libespnow.a  /home/tikhon/Документы/magnolia/esp-idf/components/esp_wifi/lib/esp32s3/libmesh.a  /home/tikhon/Документы/magnolia/esp-idf/components/esp_wifi/lib/esp32s3/libnet80211.a  /home/tikhon/Документы/magnolia/esp-idf/components/esp_wifi/lib/esp32s3/libpp.a  /home/tikhon/Документы/magnolia/esp-idf/components/esp_wifi/lib/esp32s3/libsmartconfig.a  /home/tikhon/Документы/magnolia/esp-idf/components/esp_wifi/lib/esp32s3/libwapi.a  /home/tikhon/Документы/magnolia/esp-idf/components/xtensa/esp32s3/libxt_hal.a  -u esp_app_desc  -u esp_efuse_startup_include_func  -u esp_security_init_include_impl  -u ld_include_highint_hdl  -u start_app  -u start_app_other_cores  -u __ubsan_include  -u esp_system_include_startup_funcs  -Wl,--wrap=longjmp  -u __assert_func  -u esp_sleep_gpio_include  -Wl,--undefined=FreeRTOS_openocd_params  -u app_main  -lc  -lm  -u esp_libc_include_heap_impl  -u esp_libc_include_reent_syscalls_impl  -u esp_libc_include_syscalls_impl  -u esp_libc_include_pthread_impl  -u esp_libc_include_assert_impl  -u esp_libc_include_getentropy_impl  -u esp_libc_include_init_funcs  -u esp_libc_init_funcs  -u pthread_include_pthread_impl  -u pthread_include_pthread_cond_var_impl  -u pthread_include_pthread_local_storage_impl  -u pthread_include_pthread_rwlock_impl  -u pthread_include_pthread_semaphore_impl  -Wl,--wrap=__register_frame_info_bases  -Wl,--wrap=__register_frame_info  -Wl,--wrap=__register_frame  -Wl,--wrap=__register_frame_info_table_bases  -Wl,--wrap=__register_frame_info_table  -Wl,--wrap=__register_frame_table  -Wl,--wrap=__deregister_frame_info_bases  -Wl,--wrap=__deregister_frame_info  -Wl,--wrap=_Unwind_Find_FDE  -Wl,--wrap=_Unwind_GetGR  -Wl,--wrap=_Unwind_GetCFA  -Wl,--wrap=_Unwind_GetIP  -Wl,--wrap=_Unwind_GetIPInfo  -Wl,--wrap=_Unwind_GetRegionStart  -Wl,--wrap=_Unwind_GetDataRelBase  -Wl,--wrap=_Unwind_GetTextRelBase  -Wl,--wrap=_Unwind_SetIP  -Wl,--wrap=_Unwind_SetGR  -Wl,--wrap=_Unwind_GetLanguageSpecificData  -Wl,--wrap=_Unwind_FindEnclosingFunction  -Wl,--wrap=_Unwind_Resume  -Wl,--wrap=_Unwind_RaiseException  -Wl,--wrap=_Unwind_DeleteException  -Wl,--wrap=_Unwind_ForcedUnwind  -Wl,--wrap=_Unwind_Resume_or_Rethrow  -Wl,--wrap=_Unwind_Backtrace  -Wl,--wrap=__cxa_call_unexpected  -Wl,--wrap=__gxx_personality_v0  -Wl,--wrap=__cxa_throw  -Wl,--wrap=__cxa_allocate_exception  -lstdc++  esp-idf/pthread/libpthread.a  esp-idf/newlib/libnewlib.a  -u __cxa_guard_dummy  -u __cxx_init_dummy  -lgcc  esp-idf/cxx/libcxx.a  -u __cxx_fatal_exception  -u esp_timer_init_include_func  -u uart_vfs_include_dev_init  -u include_esp_phy_override  -lphy  -lbtbb  esp-idf/esp_phy/libesp_phy.a  -lphy  -lbtbb  esp-idf/esp_phy/libesp_phy.a  -lphy  -lbtbb  -u usb_serial_jtag_vfs_include_dev_init  -u usb_serial_jtag_connection_monitor_include  -u esp_vfs_include_console_register  -u vfs_include_syscalls_impl  -u esp_vfs_include_nullfs_register && :
/home/tikhon/.espressif/tools/xtensa-esp-elf/esp-15.1.0_20250607/xtensa-esp-elf/bin/../lib/gcc/xtensa-esp-elf/15.1.0/../../../../xtensa-esp-elf/bin/ld: esp-idf/freertos/libfreertos.a(app_startup.c.obj):(.literal.main_task+0x34): undefined reference to `app_main'
collect2: error: ld returned 1 exit status
ninja: build stopped: subcommand failed.
[5/9] Linking CXX executable hexdump.elf
FAILED: hexdump.elf 
: && /home/tikhon/.espressif/tools/xtensa-esp-elf/esp-15.1.0_20250607/xtensa-esp-elf/bin/xtensa-esp32s3-elf-g++ -mlongcalls -fno-builtin-memcpy -fno-builtin-memset -fno-builtin-bzero -nostartfiles    -Wl,--cref -Wl,--defsym=IDF_TARGET_ESP32S3=0 -Wl,--Map=/home/tikhon/Документы/magnolia/applets/rust/rhexdump/build/hexdump.map -Wl,--no-warn-rwx-segments -Wl,--orphan-handling=error -fno-rtti -fno-lto -Wl,--gc-sections -Wl,--warn-common -T esp32s3.peripherals.ld -T esp32s3.rom.ld -T esp32s3.rom.api.ld -T esp32s3.rom.bt_funcs.ld -T esp32s3.rom.libgcc.ld -T esp32s3.rom.wdt.ld -T esp32s3.rom.version.ld -T esp32s3.rom.ble_master.ld -T esp32s3.rom.ble_50.ld -T esp32s3.rom.ble_smp.ld -T esp32s3.rom.ble_dtm.ld -T esp32s3.rom.ble_test.ld -T esp32s3.rom.ble_scan.ld -T esp32s3.rom.libc.ld -T esp32s3.rom.newlib.ld -T memory.ld -T sections.ld CMakeFiles/hexdump.elf.dir/project_elf_src_esp32s3.c.obj -o hexdump.elf -L/home/tikhon/Документы/magnolia/esp-idf/components/soc/esp32s3/ld   -L/home/tikhon/Документы/magnolia/esp-idf/components/esp_rom/esp32s3/ld   -L/home/tikhon/Документы/magnolia/applets/rust/rhexdump/build/esp-idf/esp_system/ld   -L/home/tikhon/Документы/magnolia/esp-idf/components/esp_phy/lib/esp32s3   -L/home/tikhon/Документы/magnolia/esp-idf/components/esp_wifi/lib/esp32s3 esp-idf/xtensa/libxtensa.a  esp-idf/esp_app_format/libesp_app_format.a  esp-idf/esp_bootloader_format/libesp_bootloader_format.a  esp-idf/app_update/libapp_update.a  esp-idf/esp_partition/libesp_partition.a  esp-idf/efuse/libefuse.a  esp-idf/esp_security/libesp_security.a  esp-idf/esp_driver_gpio/libesp_driver_gpio.a  esp-idf/esp_pm/libesp_pm.a  esp-idf/mbedtls/libmbedtls.a  esp-idf/bootloader_support/libbootloader_support.a  esp-idf/esp_mm/libesp_mm.a  esp-idf/spi_flash/libspi_flash.a  esp-idf/esp_system/libesp_system.a  esp-idf/esp_common/libesp_common.a  esp-idf/esp_rom/libesp_rom.a  esp-idf/hal/libhal.a  esp-idf/log/liblog.a  esp-idf/heap/libheap.a  esp-idf/soc/libsoc.a  esp-idf/esp_hw_support/libesp_hw_support.a  esp-idf/freertos/libfreertos.a  esp-idf/newlib/libnewlib.a  esp-idf/pthread/libpthread.a  esp-idf/cxx/libcxx.a  esp-idf/esp_timer/libesp_timer.a  esp-idf/esp_driver_gptimer/libesp_driver_gptimer.a  esp-idf/esp_ringbuf/libesp_ringbuf.a  esp-idf/esp_driver_uart/libesp_driver_uart.a  esp-idf/app_trace/libapp_trace.a  esp-idf/esp_event/libesp_event.a  esp-idf/nvs_flash/libnvs_flash.a  esp-idf/esp_phy/libesp_phy.a  esp-idf/esp_driver_usb_serial_jtag/libesp_driver_usb_serial_jtag.a  esp-idf/esp_vfs_console/libesp_vfs_console.a  esp-idf/vfs/libvfs.a  esp-idf/lwip/liblwip.a  esp-idf/esp_netif/libesp_netif.a  esp-idf/wpa_supplicant/libwpa_supplicant.a  esp-idf/esp_coex/libesp_coex.a  esp-idf/esp_wifi/libesp_wifi.a  esp-idf/esp_driver_spi/libesp_driver_spi.a  esp-idf/esp_gdbstub/libesp_gdbstub.a  esp-idf/unity/libunity.a  esp-idf/cmock/libcmock.a  esp-idf/console/libconsole.a  esp-idf/esp_driver_pcnt/libesp_driver_pcnt.a  esp-idf/esp_driver_mcpwm/libesp_driver_mcpwm.a  esp-idf/esp_driver_i2s/libesp_driver_i2s.a  esp-idf/sdmmc/libsdmmc.a  esp-idf/esp_driver_sd_intf/libesp_driver_sd_intf.a  esp-idf/esp_driver_sdmmc/libesp_driver_sdmmc.a  esp-idf/esp_driver_sdspi/libesp_driver_sdspi.a  esp-idf/esp_driver_rmt/libesp_driver_rmt.a  esp-idf/esp_driver_tsens/libesp_driver_tsens.a  esp-idf/esp_driver_sdm/libesp_driver_sdm.a  esp-idf/esp_driver_i2c/libesp_driver_i2c.a  esp-idf/esp_driver_ledc/libesp_driver_ledc.a  esp-idf/esp_driver_twai/libesp_driver_twai.a  esp-idf/driver/libdriver.a  esp-idf/http_parser/libhttp_parser.a  esp-idf/esp-tls/libesp-tls.a  esp-idf/esp_adc/libesp_adc.a  esp-idf/esp_driver_cam/libesp_driver_cam.a  esp-idf/esp_driver_touch_sens/libesp_driver_touch_sens.a  esp-idf/esp_eth/libesp_eth.a  esp-idf/esp_hid/libesp_hid.a  esp-idf/tcp_transport/libtcp_transport.a  esp-idf/esp_http_client/libesp_http_client.a  esp-idf/esp_http_server/libesp_http_server.a  esp-idf/esp_https_ota/libesp_https_ota.a  esp-idf/esp_https_server/libesp_https_server.a  esp-idf/esp_lcd/libesp_lcd.a  esp-idf/protobuf-c/libprotobuf-c.a  esp-idf/protocomm/libprotocomm.a  esp-idf/esp_local_ctrl/libesp_local_ctrl.a  esp-idf/espcoredump/libespcoredump.a  esp-idf/wear_levelling/libwear_levelling.a  esp-idf/fatfs/libfatfs.a  esp-idf/json/libjson.a  esp-idf/mqtt/libmqtt.a  esp-idf/nvs_sec_provider/libnvs_sec_provider.a  esp-idf/perfmon/libperfmon.a  esp-idf/rt/librt.a  esp-idf/spiffs/libspiffs.a  esp-idf/touch_element/libtouch_element.a  esp-idf/usb/libusb.a  esp-idf/wifi_provisioning/libwifi_provisioning.a  esp-idf/espressif__elf_loader/libespressif__elf_loader.a  esp-idf/main/libmain.a  esp-idf/app_trace/libapp_trace.a  esp-idf/cmock/libcmock.a  esp-idf/unity/libunity.a  esp-idf/esp_driver_cam/libesp_driver_cam.a  esp-idf/esp_driver_touch_sens/libesp_driver_touch_sens.a  esp-idf/esp_eth/libesp_eth.a  esp-idf/esp_hid/libesp_hid.a  esp-idf/esp_lcd/libesp_lcd.a  esp-idf/esp_local_ctrl/libesp_local_ctrl.a  esp-idf/esp_https_server/libesp_https_server.a  esp-idf/espcoredump/libespcoredump.a  -u esp_system_include_coredump_init  esp-idf/fatfs/libfatfs.a  esp-idf/wear_levelling/libwear_levelling.a  esp-idf/mqtt/libmqtt.a  esp-idf/nvs_sec_provider/libnvs_sec_provider.a  -u nvs_sec_provider_include_impl  esp-idf/perfmon/libperfmon.a  esp-idf/rt/librt.a  esp-idf/spiffs/libspiffs.a  esp-idf/touch_element/libtouch_element.a  esp-idf/usb/libusb.a  esp-idf/wifi_provisioning/libwifi_provisioning.a  esp-idf/protocomm/libprotocomm.a  esp-idf/console/libconsole.a  esp-idf/protobuf-c/libprotobuf-c.a  esp-idf/json/libjson.a  esp-idf/espressif__elf_loader/libespressif__elf_loader.a  esp-idf/xtensa/libxtensa.a  esp-idf/esp_app_format/libesp_app_format.a  esp-idf/esp_bootloader_format/libesp_bootloader_format.a  esp-idf/app_update/libapp_update.a  esp-idf/esp_partition/libesp_partition.a  esp-idf/efuse/libefuse.a  esp-idf/esp_security/libesp_security.a  esp-idf/esp_driver_gpio/libesp_driver_gpio.a  esp-idf/esp_pm/libesp_pm.a  esp-idf/mbedtls/libmbedtls.a  esp-idf/bootloader_support/libbootloader_support.a  esp-idf/esp_mm/libesp_mm.a  esp-idf/spi_flash/libspi_flash.a  esp-idf/esp_system/libesp_system.a  esp-idf/esp_common/libesp_common.a  esp-idf/esp_rom/libesp_rom.a  esp-idf/hal/libhal.a  esp-idf/log/liblog.a  esp-idf/heap/libheap.a  esp-idf/soc/libsoc.a  esp-idf/esp_hw_support/libesp_hw_support.a  esp-idf/freertos/libfreertos.a  esp-idf/newlib/libnewlib.a  esp-idf/pthread/libpthread.a  esp-idf/cxx/libcxx.a  esp-idf/esp_timer/libesp_timer.a  esp-idf/esp_driver_gptimer/libesp_driver_gptimer.a  esp-idf/esp_ringbuf/libesp_ringbuf.a  esp-idf/esp_driver_uart/libesp_driver_uart.a  esp-idf/esp_event/libesp_event.a  esp-idf/nvs_flash/libnvs_flash.a  esp-idf/esp_phy/libesp_phy.a  esp-idf/esp_driver_usb_serial_jtag/libesp_driver_usb_serial_jtag.a  esp-idf/esp_vfs_console/libesp_vfs_console.a  esp-idf/vfs/libvfs.a  esp-idf/lwip/liblwip.a  esp-idf/esp_netif/libesp_netif.a  esp-idf/wpa_supplicant/libwpa_supplicant.a  esp-idf/esp_coex/libesp_coex.a  esp-idf/esp_wifi/libesp_wifi.a  esp-idf/esp_driver_spi/libesp_driver_spi.a  esp-idf/esp_gdbstub/libesp_gdbstub.a  esp-idf/esp_driver_pcnt/libesp_driver_pcnt.a  esp-idf/esp_driver_mcpwm/libesp_driver_mcpwm.a  esp-idf/esp_driver_i2s/libesp_driver_i2s.a  esp-idf/sdmmc/libsdmmc.a  esp-idf/esp_driver_sd_intf/libesp_driver_sd_intf.a  esp-idf/esp_driver_sdmmc/libesp_driver_sdmmc.a  esp-idf/esp_driver_sdspi/libesp_driver_sdspi.a  esp-idf/esp_driver_rmt/libesp_driver_rmt.a  esp-idf/esp_driver_tsens/libesp_driver_tsens.a  esp-idf/esp_driver_sdm/libesp_driver_sdm.a  esp-idf/esp_driver_i2c/libesp_driver_i2c.a  esp-idf/esp_driver_ledc/libesp_driver_ledc.a  esp-idf/esp_driver_twai/libesp_driver_twai.a  esp-idf/driver/libdriver.a  esp-idf/http_parser/libhttp_parser.a  esp-idf/esp-tls/libesp-tls.a  esp-idf/esp_adc/libesp_adc.a  esp-idf/tcp_transport/libtcp_transport.a  esp-idf/esp_http_client/libesp_http_client.a  esp-idf/esp_http_server/libesp_http_server.a  esp-idf/esp_https_ota/libesp_https_ota.a  esp-idf/mbedtls/mbedtls/library/libmbedtls.a  esp-idf/mbedtls/mbedtls/library/libmbedcrypto.a  esp-idf/mbedtls/mbedtls/library/libmbedx509.a  esp-idf/mbedtls/mbedtls/3rdparty/everest/libeverest.a  esp-idf/mbedtls/mbedtls/3rdparty/p256-m/libp256m.a  /home/tikhon/Документы/magnolia/esp-idf/components/esp_wifi/lib/esp32s3/libcore.a  /home/tikhon/Документы/magnolia/esp-idf/components/esp_wifi/lib/esp32s3/libespnow.a  /home/tikhon/Документы/magnolia/esp-idf/components/esp_wifi/lib/esp32s3/libmesh.a  /home/tikhon/Документы/magnolia/esp-idf/components/esp_wifi/lib/esp32s3/libnet80211.a  /home/tikhon/Документы/magnolia/esp-idf/components/esp_wifi/lib/esp32s3/libpp.a  /home/tikhon/Документы/magnolia/esp-idf/components/esp_wifi/lib/esp32s3/libsmartconfig.a  /home/tikhon/Документы/magnolia/esp-idf/components/esp_wifi/lib/esp32s3/libwapi.a  esp-idf/xtensa/libxtensa.a  esp-idf/esp_app_format/libesp_app_format.a  esp-idf/esp_bootloader_format/libesp_bootloader_format.a  esp-idf/app_update/libapp_update.a  esp-idf/esp_partition/libesp_partition.a  esp-idf/efuse/libefuse.a  esp-idf/esp_security/libesp_security.a  esp-idf/esp_driver_gpio/libesp_driver_gpio.a  esp-idf/esp_pm/libesp_pm.a  esp-idf/mbedtls/libmbedtls.a  esp-idf/bootloader_support/libbootloader_support.a  esp-idf/esp_mm/libesp_mm.a  esp-idf/spi_flash/libspi_flash.a  esp-idf/esp_system/libesp_system.a  esp-idf/esp_common/libesp_common.a  esp-idf/esp_rom/libesp_rom.a  esp-idf/hal/libhal.a  esp-idf/log/liblog.a  esp-idf/heap/libheap.a  esp-idf/soc/libsoc.a  esp-idf/esp_hw_support/libesp_hw_support.a  esp-idf/freertos/libfreertos.a  esp-idf/newlib/libnewlib.a  esp-idf/pthread/libpthread.a  esp-idf/cxx/libcxx.a  esp-idf/esp_timer/libesp_timer.a  esp-idf/esp_driver_gptimer/libesp_driver_gptimer.a  esp-idf/esp_ringbuf/libesp_ringbuf.a  esp-idf/esp_driver_uart/libesp_driver_uart.a  esp-idf/esp_event/libesp_event.a  esp-idf/nvs_flash/libnvs_flash.a  esp-idf/esp_phy/libesp_phy.a  esp-idf/esp_driver_usb_serial_jtag/libesp_driver_usb_serial_jtag.a  esp-idf/esp_vfs_console/libesp_vfs_console.a  esp-idf/vfs/libvfs.a  esp-idf/lwip/liblwip.a  esp-idf/esp_netif/libesp_netif.a  esp-idf/wpa_supplicant/libwpa_supplicant.a  esp-idf/esp_coex/libesp_coex.a  esp-idf/esp_wifi/libesp_wifi.a  esp-idf/esp_driver_spi/libesp_driver_spi.a  esp-idf/esp_gdbstub/libesp_gdbstub.a  esp-idf/esp_driver_pcnt/libesp_driver_pcnt.a  esp-idf/esp_driver_mcpwm/libesp_driver_mcpwm.a  esp-idf/esp_driver_i2s/libesp_driver_i2s.a  esp-idf/sdmmc/libsdmmc.a  esp-idf/esp_driver_sd_intf/libesp_driver_sd_intf.a  esp-idf/esp_driver_sdmmc/libesp_driver_sdmmc.a  esp-idf/esp_driver_sdspi/libesp_driver_sdspi.a  esp-idf/esp_driver_rmt/libesp_driver_rmt.a  esp-idf/esp_driver_tsens/libesp_driver_tsens.a  esp-idf/esp_driver_sdm/libesp_driver_sdm.a  esp-idf/esp_driver_i2c/libesp_driver_i2c.a  esp-idf/esp_driver_ledc/libesp_driver_ledc.a  esp-idf/esp_driver_twai/libesp_driver_twai.a  esp-idf/driver/libdriver.a  esp-idf/http_parser/libhttp_parser.a  esp-idf/esp-tls/libesp-tls.a  esp-idf/esp_adc/libesp_adc.a  esp-idf/tcp_transport/libtcp_transport.a  esp-idf/esp_http_client/libesp_http_client.a  esp-idf/esp_http_server/libesp_http_server.a  esp-idf/esp_https_ota/libesp_https_ota.a  esp-idf/mbedtls/mbedtls/library/libmbedtls.a  esp-idf/mbedtls/mbedtls/library/libmbedcrypto.a  esp-idf/mbedtls/mbedtls/library/libmbedx509.a  esp-idf/mbedtls/mbedtls/3rdparty/everest/libeverest.a  esp-idf/mbedtls/mbedtls/3rdparty/p256-m/libp256m.a  /home/tikhon/Документы/magnolia/esp-idf/components/esp_wifi/lib/esp32s3/libcore.a  /home/tikhon/Документы/magnolia/esp-idf/components/esp_wifi/lib/esp32s3/libespnow.a  /home/tikhon/Документы/magnolia/esp-idf/components/esp_wifi/lib/esp32s3/libmesh.a  /home/tikhon/Документы/magnolia/esp-idf/components/esp_wifi/lib/esp32s3/libnet80211.a  /home/tikhon/Документы/magnolia/esp-idf/components/esp_wifi/lib/esp32s3/libpp.a  /home/tikhon/Документы/magnolia/esp-idf/components/esp_wifi/lib/esp32s3/libsmartconfig.a  /home/tikhon/Документы/magnolia/esp-idf/components/esp_wifi/lib/esp32s3/libwapi.a  esp-idf/xtensa/libxtensa.a  esp-idf/esp_app_format/libesp_app_format.a  esp-idf/esp_bootloader_format/libesp_bootloader_format.a  esp-idf/app_update/libapp_update.a  esp-idf/esp_partition/libesp_partition.a  esp-idf/efuse/libefuse.a  esp-idf/esp_security/libesp_security.a  esp-idf/esp_driver_gpio/libesp_driver_gpio.a  esp-idf/esp_pm/libesp_pm.a  esp-idf/mbedtls/libmbedtls.a  esp-idf/bootloader_support/libbootloader_support.a  esp-idf/esp_mm/libesp_mm.a  esp-idf/spi_flash/libspi_flash.a  esp-idf/esp_system/libesp_system.a  esp-idf/esp_common/libesp_common.a  esp-idf/esp_rom/libesp_rom.a  esp-idf/hal/libhal.a  esp-idf/log/liblog.a  esp-idf/heap/libheap.a  esp-idf/soc/libsoc.a  esp-idf/esp_hw_support/libesp_hw_support.a  esp-idf/freertos/libfreertos.a  esp-idf/newlib/libnewlib.a  esp-idf/pthread/libpthread.a  esp-idf/cxx/libcxx.a  esp-idf/esp_timer/libesp_timer.a  esp-idf/esp_driver_gptimer/libesp_driver_gptimer.a  esp-idf/esp_ringbuf/libesp_ringbuf.a  esp-idf/esp_driver_uart/libesp_driver_uart.a  esp-idf/esp_event/libesp_event.a  esp-idf/nvs_flash/libnvs_flash.a  esp-idf/esp_phy/libesp_phy.a  esp-idf/esp_driver_usb_serial_jtag/libesp_driver_usb_serial_jtag.a  esp-idf/esp_vfs_console/libesp_vfs_console.a  esp-idf/vfs/libvfs.a  esp-idf/lwip/liblwip.a  esp-idf/esp_netif/libesp_netif.a  esp-idf/wpa_supplicant/libwpa_supplicant.a  esp-idf/esp_coex/libesp_coex.a  esp-idf/esp_wifi/libesp_wifi.a  esp-idf/esp_driver_spi/libesp_driver_spi.a  esp-idf/esp_gdbstub/libesp_gdbstub.a  esp-idf/esp_driver_pcnt/libesp_driver_pcnt.a  esp-idf/esp_driver_mcpwm/libesp_driver_mcpwm.a  esp-idf/esp_driver_i2s/libesp_driver_i2s.a  esp-idf/sdmmc/libsdmmc.a  esp-idf/esp_driver_sd_intf/libesp_driver_sd_intf.a  esp-idf/esp_driver_sdmmc/libesp_driver_sdmmc.a  esp-idf/esp_driver_sdspi/libesp_driver_sdspi.a  esp-idf/esp_driver_rmt/libesp_driver_rmt.a  esp-idf/esp_driver_tsens/libesp_driver_tsens.a  esp-idf/esp_driver_sdm/libesp_driver_sdm.a  esp-idf/esp_driver_i2c/libesp_driver_i2c.a  esp-idf/esp_driver_ledc/libesp_driver_ledc.a  esp-idf/esp_driver_twai/libesp_driver_twai.a  esp-idf/driver/libdriver.a  esp-idf/http_parser/libhttp_parser.a  esp-idf/esp-tls/libesp-tls.a  esp-idf/esp_adc/libesp_adc.a  esp-idf/tcp_transport/libtcp_transport.a  esp-idf/esp_http_client/libesp_http_client.a  esp-idf/esp_http_server/libesp_http_server.a  esp-idf/esp_https_ota/libesp_https_ota.a  esp-idf/mbedtls/mbedtls/library/libmbedtls.a  esp-idf/mbedtls/mbedtls/library/libmbedcrypto.a  esp-idf/mbedtls/mbedtls/library/libmbedx509.a  esp-idf/mbedtls/mbedtls/3rdparty/everest/libeverest.a  esp-idf/mbedtls/mbedtls/3rdparty/p256-m/libp256m.a  /home/tikhon/Документы/magnolia/esp-idf/components/esp_wifi/lib/esp32s3/libcore.a  /home/tikhon/Документы/magnolia/esp-idf/components/esp_wifi/lib/esp32s3/libespnow.a  /home/tikhon/Документы/magnolia/esp-idf/components/esp_wifi/lib/esp32s3/libmesh.a  /home/tikhon/Документы/magnolia/esp-idf/components/esp_wifi/lib/esp32s3/libnet80211.a  /home/tikhon/Документы/magnolia/esp-idf/components/esp_wifi/lib/esp32s3/libpp.a  /home/tikhon/Документы/magnolia/esp-idf/components/esp_wifi/lib/esp32s3/libsmartconfig.a  /home/tikhon/Документы/magnolia/esp-idf/components/esp_wifi/lib/esp32s3/libwapi.a  esp-idf/xtensa/libxtensa.a  esp-idf/esp_app_format/libesp_app_format.a  esp-idf/esp_bootloader_format/libesp_bootloader_format.a  esp-idf/app_update/libapp_update.a  esp-idf/esp_partition/libesp_partition.a  esp-idf/efuse/libefuse.a  esp-idf/esp_security/libesp_security.a  esp-idf/esp_driver_gpio/libesp_driver_gpio.a  esp-idf/esp_pm/libesp_pm.a  esp-idf/mbedtls/libmbedtls.a  esp-idf/bootloader_support/libbootloader_support.a  esp-idf/esp_mm/libesp_mm.a  esp-idf/spi_flash/libspi_flash.a  esp-idf/esp_system/libesp_system.a  esp-idf/esp_common/libesp_common.a  esp-idf/esp_rom/libesp_rom.a  esp-idf/hal/libhal.a  esp-idf/log/liblog.a  esp-idf/heap/libheap.a  esp-idf/soc/libsoc.a  esp-idf/esp_hw_support/libesp_hw_support.a  esp-idf/freertos/libfreertos.a  esp-idf/newlib/libnewlib.a  esp-idf/pthread/libpthread.a  esp-idf/cxx/libcxx.a  esp-idf/esp_timer/libesp_timer.a  esp-idf/esp_driver_gptimer/libesp_driver_gptimer.a  esp-idf/esp_ringbuf/libesp_ringbuf.a  esp-idf/esp_driver_uart/libesp_driver_uart.a  esp-idf/esp_event/libesp_event.a  esp-idf/nvs_flash/libnvs_flash.a  esp-idf/esp_phy/libesp_phy.a  esp-idf/esp_driver_usb_serial_jtag/libesp_driver_usb_serial_jtag.a  esp-idf/esp_vfs_console/libesp_vfs_console.a  esp-idf/vfs/libvfs.a  esp-idf/lwip/liblwip.a  esp-idf/esp_netif/libesp_netif.a  esp-idf/wpa_supplicant/libwpa_supplicant.a  esp-idf/esp_coex/libesp_coex.a  esp-idf/esp_wifi/libesp_wifi.a  esp-idf/esp_driver_spi/libesp_driver_spi.a  esp-idf/esp_gdbstub/libesp_gdbstub.a  esp-idf/esp_driver_pcnt/libesp_driver_pcnt.a  esp-idf/esp_driver_mcpwm/libesp_driver_mcpwm.a  esp-idf/esp_driver_i2s/libesp_driver_i2s.a  esp-idf/sdmmc/libsdmmc.a  esp-idf/esp_driver_sd_intf/libesp_driver_sd_intf.a  esp-idf/esp_driver_sdmmc/libesp_driver_sdmmc.a  esp-idf/esp_driver_sdspi/libesp_driver_sdspi.a  esp-idf/esp_driver_rmt/libesp_driver_rmt.a  esp-idf/esp_driver_tsens/libesp_driver_tsens.a  esp-idf/esp_driver_sdm/libesp_driver_sdm.a  esp-idf/esp_driver_i2c/libesp_driver_i2c.a  esp-idf/esp_driver_ledc/libesp_driver_ledc.a  esp-idf/esp_driver_twai/libesp_driver_twai.a  esp-idf/driver/libdriver.a  esp-idf/http_parser/libhttp_parser.a  esp-idf/esp-tls/libesp-tls.a  esp-idf/esp_adc/libesp_adc.a  esp-idf/tcp_transport/libtcp_transport.a  esp-idf/esp_http_client/libesp_http_client.a  esp-idf/esp_http_server/libesp_http_server.a  esp-idf/esp_https_ota/libesp_https_ota.a  esp-idf/mbedtls/mbedtls/library/libmbedtls.a  esp-idf/mbedtls/mbedtls/library/libmbedcrypto.a  esp-idf/mbedtls/mbedtls/library/libmbedx509.a  esp-idf/mbedtls/mbedtls/3rdparty/everest/libeverest.a  esp-idf/mbedtls/mbedtls/3rdparty/p256-m/libp256m.a  /home/tikhon/Документы/magnolia/esp-idf/components/esp_wifi/lib/esp32s3/libcore.a  /home/tikhon/Документы/magnolia/esp-idf/components/esp_wifi/lib/esp32s3/libespnow.a  /home/tikhon/Документы/magnolia/esp-idf/components/esp_wifi/lib/esp32s3/libmesh.a  /home/tikhon/Документы/magnolia/esp-idf/components/esp_wifi/lib/esp32s3/libnet80211.a  /home/tikhon/Документы/magnolia/esp-idf/components/esp_wifi/lib/esp32s3/libpp.a  /home/tikhon/Документы/magnolia/esp-idf/components/esp_wifi/lib/esp32s3/libsmartconfig.a  /home/tikhon/Документы/magnolia/esp-idf/components/esp_wifi/lib/esp32s3/libwapi.a  esp-idf/xtensa/libxtensa.a  esp-idf/esp_app_format/libesp_app_format.a  esp-idf/esp_bootloader_format/libesp_bootloader_format.a  esp-idf/app_update/libapp_update.a  esp-idf/esp_partition/libesp_partition.a  esp-idf/efuse/libefuse.a  esp-idf/esp_security/libesp_security.a  esp-idf/esp_driver_gpio/libesp_driver_gpio.a  esp-idf/esp_pm/libesp_pm.a  esp-idf/mbedtls/libmbedtls.a  esp-idf/bootloader_support/libbootloader_support.a  esp-idf/esp_mm/libesp_mm.a  esp-idf/spi_flash/libspi_flash.a  esp-idf/esp_system/libesp_system.a  esp-idf/esp_common/libesp_common.a  esp-idf/esp_rom/libesp_rom.a  esp-idf/hal/libhal.a  esp-idf/log/liblog.a  esp-idf/heap/libheap.a  esp-idf/soc/libsoc.a  esp-idf/esp_hw_support/libesp_hw_support.a  esp-idf/freertos/libfreertos.a  esp-idf/newlib/libnewlib.a  esp-idf/pthread/libpthread.a  esp-idf/cxx/libcxx.a  esp-idf/esp_timer/libesp_timer.a  esp-idf/esp_driver_gptimer/libesp_driver_gptimer.a  esp-idf/esp_ringbuf/libesp_ringbuf.a  esp-idf/esp_driver_uart/libesp_driver_uart.a  esp-idf/esp_event/libesp_event.a  esp-idf/nvs_flash/libnvs_flash.a  esp-idf/esp_phy/libesp_phy.a  esp-idf/esp_driver_usb_serial_jtag/libesp_driver_usb_serial_jtag.a  esp-idf/esp_vfs_console/libesp_vfs_console.a  esp-idf/vfs/libvfs.a  esp-idf/lwip/liblwip.a  esp-idf/esp_netif/libesp_netif.a  esp-idf/wpa_supplicant/libwpa_supplicant.a  esp-idf/esp_coex/libesp_coex.a  esp-idf/esp_wifi/libesp_wifi.a  esp-idf/esp_driver_spi/libesp_driver_spi.a  esp-idf/esp_gdbstub/libesp_gdbstub.a  esp-idf/esp_driver_pcnt/libesp_driver_pcnt.a  esp-idf/esp_driver_mcpwm/libesp_driver_mcpwm.a  esp-idf/esp_driver_i2s/libesp_driver_i2s.a  esp-idf/sdmmc/libsdmmc.a  esp-idf/esp_driver_sd_intf/libesp_driver_sd_intf.a  esp-idf/esp_driver_sdmmc/libesp_driver_sdmmc.a  esp-idf/esp_driver_sdspi/libesp_driver_sdspi.a  esp-idf/esp_driver_rmt/libesp_driver_rmt.a  esp-idf/esp_driver_tsens/libesp_driver_tsens.a  esp-idf/esp_driver_sdm/libesp_driver_sdm.a  esp-idf/esp_driver_i2c/libesp_driver_i2c.a  esp-idf/esp_driver_ledc/libesp_driver_ledc.a  esp-idf/esp_driver_twai/libesp_driver_twai.a  esp-idf/driver/libdriver.a  esp-idf/http_parser/libhttp_parser.a  esp-idf/esp-tls/libesp-tls.a  esp-idf/esp_adc/libesp_adc.a  esp-idf/tcp_transport/libtcp_transport.a  esp-idf/esp_http_client/libesp_http_client.a  esp-idf/esp_http_server/libesp_http_server.a  esp-idf/esp_https_ota/libesp_https_ota.a  esp-idf/mbedtls/mbedtls/library/libmbedtls.a  esp-idf/mbedtls/mbedtls/library/libmbedcrypto.a  esp-idf/mbedtls/mbedtls/library/libmbedx509.a  esp-idf/mbedtls/mbedtls/3rdparty/everest/libeverest.a  esp-idf/mbedtls/mbedtls/3rdparty/p256-m/libp256m.a  /home/tikhon/Документы/magnolia/esp-idf/components/esp_wifi/lib/esp32s3/libcore.a  /home/tikhon/Документы/magnolia/esp-idf/components/esp_wifi/lib/esp32s3/libespnow.a  /home/tikhon/Документы/magnolia/esp-idf/components/esp_wifi/lib/esp32s3/libmesh.a  /home/tikhon/Документы/magnolia/esp-idf/components/esp_wifi/lib/esp32s3/libnet80211.a  /home/tikhon/Документы/magnolia/esp-idf/components/esp_wifi/lib/esp32s3/libpp.a  /home/tikhon/Документы/magnolia/esp-idf/components/esp_wifi/lib/esp32s3/libsmartconfig.a  /home/tikhon/Документы/magnolia/esp-idf/components/esp_wifi/lib/esp32s3/libwapi.a  esp-idf/xtensa/libxtensa.a  esp-idf/esp_app_format/libesp_app_format.a  esp-idf/esp_bootloader_format/libesp_bootloader_format.a  esp-idf/app_update/libapp_update.a  esp-idf/esp_partition/libesp_partition.a  esp-idf/efuse/libefuse.a  esp-idf/esp_security/libesp_security.a  esp-idf/esp_driver_gpio/libesp_driver_gpio.a  esp-idf/esp_pm/libesp_pm.a  esp-idf/mbedtls/libmbedtls.a  esp-idf/bootloader_support/libbootloader_support.a  esp-idf/esp_mm/libesp_mm.a  esp-idf/spi_flash/libspi_flash.a  esp-idf/esp_system/libesp_system.a  esp-idf/esp_common/libesp_common.a  esp-idf/esp_rom/libesp_rom.a  esp-idf/hal/libhal.a  esp-idf/log/liblog.a  esp-idf/heap/libheap.a  esp-idf/soc/libsoc.a  esp-idf/esp_hw_support/libesp_hw_support.a  esp-idf/freertos/libfreertos.a  esp-idf/newlib/libnewlib.a  esp-idf/pthread/libpthread.a  esp-idf/cxx/libcxx.a  esp-idf/esp_timer/libesp_timer.a  esp-idf/esp_driver_gptimer/libesp_driver_gptimer.a  esp-idf/esp_ringbuf/libesp_ringbuf.a  esp-idf/esp_driver_uart/libesp_driver_uart.a  esp-idf/esp_event/libesp_event.a  esp-idf/nvs_flash/libnvs_flash.a  esp-idf/esp_phy/libesp_phy.a  esp-idf/esp_driver_usb_serial_jtag/libesp_driver_usb_serial_jtag.a  esp-idf/esp_vfs_console/libesp_vfs_console.a  esp-idf/vfs/libvfs.a  esp-idf/lwip/liblwip.a  esp-idf/esp_netif/libesp_netif.a  esp-idf/wpa_supplicant/libwpa_supplicant.a  esp-idf/esp_coex/libesp_coex.a  esp-idf/esp_wifi/libesp_wifi.a  esp-idf/esp_driver_spi/libesp_driver_spi.a  esp-idf/esp_gdbstub/libesp_gdbstub.a  esp-idf/esp_driver_pcnt/libesp_driver_pcnt.a  esp-idf/esp_driver_mcpwm/libesp_driver_mcpwm.a  esp-idf/esp_driver_i2s/libesp_driver_i2s.a  esp-idf/sdmmc/libsdmmc.a  esp-idf/esp_driver_sd_intf/libesp_driver_sd_intf.a  esp-idf/esp_driver_sdmmc/libesp_driver_sdmmc.a  esp-idf/esp_driver_sdspi/libesp_driver_sdspi.a  esp-idf/esp_driver_rmt/libesp_driver_rmt.a  esp-idf/esp_driver_tsens/libesp_driver_tsens.a  esp-idf/esp_driver_sdm/libesp_driver_sdm.a  esp-idf/esp_driver_i2c/libesp_driver_i2c.a  esp-idf/esp_driver_ledc/libesp_driver_ledc.a  esp-idf/esp_driver_twai/libesp_driver_twai.a  esp-idf/driver/libdriver.a  esp-idf/http_parser/libhttp_parser.a  esp-idf/esp-tls/libesp-tls.a  esp-idf/esp_adc/libesp_adc.a  esp-idf/tcp_transport/libtcp_transport.a  esp-idf/esp_http_client/libesp_http_client.a  esp-idf/esp_http_server/libesp_http_server.a  esp-idf/esp_https_ota/libesp_https_ota.a  esp-idf/mbedtls/mbedtls/library/libmbedtls.a  esp-idf/mbedtls/mbedtls/library/libmbedcrypto.a  esp-idf/mbedtls/mbedtls/library/libmbedx509.a  esp-idf/mbedtls/mbedtls/3rdparty/everest/libeverest.a  esp-idf/mbedtls/mbedtls/3rdparty/p256-m/libp256m.a  /home/tikhon/Документы/magnolia/esp-idf/components/esp_wifi/lib/esp32s3/libcore.a  /home/tikhon/Документы/magnolia/esp-idf/components/esp_wifi/lib/esp32s3/libespnow.a  /home/tikhon/Документы/magnolia/esp-idf/components/esp_wifi/lib/esp32s3/libmesh.a  /home/tikhon/Документы/magnolia/esp-idf/components/esp_wifi/lib/esp32s3/libnet80211.a  /home/tikhon/Документы/magnolia/esp-idf/components/esp_wifi/lib/esp32s3/libpp.a  /home/tikhon/Документы/magnolia/esp-idf/components/esp_wifi/lib/esp32s3/libsmartconfig.a  /home/tikhon/Документы/magnolia/esp-idf/components/esp_wifi/lib/esp32s3/libwapi.a  /home/tikhon/Документы/magnolia/esp-idf/components/xtensa/esp32s3/libxt_hal.a  -u esp_app_desc  -u esp_efuse_startup_include_func  -u esp_security_init_include_impl  -u ld_include_highint_hdl  -u start_app  -u start_app_other_cores  -u __ubsan_include  -u esp_system_include_startup_funcs  -Wl,--wrap=longjmp  -u __assert_func  -u esp_sleep_gpio_include  -Wl,--undefined=FreeRTOS_openocd_params  -u app_main  -lc  -lm  -u esp_libc_include_heap_impl  -u esp_libc_include_reent_syscalls_impl  -u esp_libc_include_syscalls_impl  -u esp_libc_include_pthread_impl  -u esp_libc_include_assert_impl  -u esp_libc_include_getentropy_impl  -u esp_libc_include_init_funcs  -u esp_libc_init_funcs  -u pthread_include_pthread_impl  -u pthread_include_pthread_cond_var_impl  -u pthread_include_pthread_local_storage_impl  -u pthread_include_pthread_rwlock_impl  -u pthread_include_pthread_semaphore_impl  -Wl,--wrap=__register_frame_info_bases  -Wl,--wrap=__register_frame_info  -Wl,--wrap=__register_frame  -Wl,--wrap=__register_frame_info_table_bases  -Wl,--wrap=__register_frame_info_table  -Wl,--wrap=__register_frame_table  -Wl,--wrap=__deregister_frame_info_bases  -Wl,--wrap=__deregister_frame_info  -Wl,--wrap=_Unwind_Find_FDE  -Wl,--wrap=_Unwind_GetGR  -Wl,--wrap=_Unwind_GetCFA  -Wl,--wrap=_Unwind_GetIP  -Wl,--wrap=_Unwind_GetIPInfo  -Wl,--wrap=_Unwind_GetRegionStart  -Wl,--wrap=_Unwind_GetDataRelBase  -Wl,--wrap=_Unwind_GetTextRelBase  -Wl,--wrap=_Unwind_SetIP  -Wl,--wrap=_Unwind_SetGR  -Wl,--wrap=_Unwind_GetLanguageSpecificData  -Wl,--wrap=_Unwind_FindEnclosingFunction  -Wl,--wrap=_Unwind_Resume  -Wl,--wrap=_Unwind_RaiseException  -Wl,--wrap=_Unwind_DeleteException  -Wl,--wrap=_Unwind_ForcedUnwind  -Wl,--wrap=_Unwind_Resume_or_Rethrow  -Wl,--wrap=_Unwind_Backtrace  -Wl,--wrap=__cxa_call_unexpected  -Wl,--wrap=__gxx_personality_v0  -Wl,--wrap=__cxa_throw  -Wl,--wrap=__cxa_allocate_exception  -lstdc++  esp-idf/pthread/libpthread.a  esp-idf/newlib/libnewlib.a  -u __cxa_guard_dummy  -u __cxx_init_dummy  -lgcc  esp-idf/cxx/libcxx.a  -u __cxx_fatal_exception  -u esp_timer_init_include_func  -u uart_vfs_include_dev_init  -u include_esp_phy_override  -lphy  -lbtbb  esp-idf/esp_phy/libesp_phy.a  -lphy  -lbtbb  esp-idf/esp_phy/libesp_phy.a  -lphy  -lbtbb  -u usb_serial_jtag_vfs_include_dev_init  -u usb_serial_jtag_connection_monitor_include  -u esp_vfs_include_console_register  -u vfs_include_syscalls_impl  -u esp_vfs_include_nullfs_register && :
/home/tikhon/.espressif/tools/xtensa-esp-elf/esp-15.1.0_20250607/xtensa-esp-elf/bin/../lib/gcc/xtensa-esp-elf/15.1.0/../../../../xtensa-esp-elf/bin/ld: esp-idf/freertos/libfreertos.a(app_startup.c.obj):(.literal.main_task+0x34): undefined reference to `app_main'
collect2: error: ld returned 1 exit status
ninja: build stopped: subcommand failed.
Command failed (2): idf.py build
Skipping failed applet build: rhexdump
Command failed (2): idf.py build
Skipping failed applet build: rxxd
NOTICE: Processing 3 dependencies:
NOTICE: [1/3] espressif/cmake_utilities (0.5.3)
NOTICE: [2/3] espressif/elf_loader (1.1.1)
NOTICE: [3/3] idf (6.0.0)
NOTICE: Processing 3 dependencies:
NOTICE: [1/3] espressif/cmake_utilities (0.5.3)
NOTICE: [2/3] espressif/elf_loader (1.1.1)
NOTICE: [3/3] idf (6.0.0)
NOTICE: Processing 3 dependencies:
NOTICE: [1/3] espressif/cmake_utilities (0.5.3)
NOTICE: [2/3] espressif/elf_loader (1.1.1)
NOTICE: [3/3] idf (6.0.0)
NOTICE: Processing 3 dependencies:
NOTICE: [1/3] espressif/cmake_utilities (0.5.3)
NOTICE: [2/3] espressif/elf_loader (1.1.1)
NOTICE: [3/3] idf (6.0.0)
NOTICE: Processing 3 dependencies:
NOTICE: [1/3] espressif/cmake_utilities (0.5.3)
NOTICE: [2/3] espressif/elf_loader (1.1.1)
NOTICE: [3/3] idf (6.0.0)
NOTICE: Processing 3 dependencies:
NOTICE: [1/3] espressif/cmake_utilities (0.5.3)
NOTICE: [2/3] espressif/elf_loader (1.1.1)
NOTICE: [3/3] idf (6.0.0)
-- ESP-TEE is currently supported only on the esp32c6;esp32h2;esp32c5 SoCs
-- ESP-TEE is currently supported only on the esp32c6;esp32h2;esp32c5 SoCs
-- ESP-TEE is currently supported only on the esp32c6;esp32h2;esp32c5 SoCs
-- ESP-TEE is currently supported only on the esp32c6;esp32h2;esp32c5 SoCs
-- ESP-TEE is currently supported only on the esp32c6;esp32h2;esp32c5 SoCs
-- ESP-TEE is currently supported only on the esp32c6;esp32h2;esp32c5 SoCs
-- Project sdkconfig file /home/tikhon/Документы/magnolia/applets/zig/zxxd/sdkconfig
-- Project sdkconfig file /home/tikhon/Документы/magnolia/applets/zig/zigtest/sdkconfig
-- Project sdkconfig file /home/tikhon/Документы/magnolia/applets/zig/zigdemo/sdkconfig
-- Project sdkconfig file /home/tikhon/Документы/magnolia/applets/zig/zighello/sdkconfig
-- Project sdkconfig file /home/tikhon/Документы/magnolia/applets/zig/zhexdump/sdkconfig
-- Project sdkconfig file /home/tikhon/Документы/magnolia/applets/zig/zdd/sdkconfig
Loading defaults file /home/tikhon/Документы/magnolia/applets/zig/zighello/sdkconfig.defaults...
-- Compiler supported targets: xtensa-esp-elf
-- Compiler supported targets: xtensa-esp-elf
-- Compiler supported targets: xtensa-esp-elf
-- Compiler supported targets: xtensa-esp-elf
-- Compiler supported targets: xtensa-esp-elf
-- Compiler supported targets: xtensa-esp-elf
-- App "zigtest" version: 96a69bd-dirty
-- App "zigdemo" version: 96a69bd-dirty
-- App "xxd" version: 96a69bd-dirty
-- App "hexdump" version: 96a69bd-dirty
-- App "dd" version: 96a69bd-dirty
-- App "zighello" version: 96a69bd-dirty
-- USING O3
-- USING O3
-- USING O3
-- Adding linker script /home/tikhon/Документы/magnolia/applets/zig/zigtest/build/esp-idf/esp_system/ld/memory.ld
-- Adding linker script /home/tikhon/Документы/magnolia/applets/zig/zigtest/build/esp-idf/esp_system/ld/sections.ld.in
-- Adding linker script /home/tikhon/Документы/magnolia/esp-idf/components/esp_rom/esp32s3/ld/esp32s3.rom.ld
-- Adding linker script /home/tikhon/Документы/magnolia/esp-idf/components/esp_rom/esp32s3/ld/esp32s3.rom.api.ld
-- Adding linker script /home/tikhon/Документы/magnolia/esp-idf/components/esp_rom/esp32s3/ld/esp32s3.rom.bt_funcs.ld
-- Adding linker script /home/tikhon/Документы/magnolia/esp-idf/components/esp_rom/esp32s3/ld/esp32s3.rom.libgcc.ld
-- Adding linker script /home/tikhon/Документы/magnolia/esp-idf/components/esp_rom/esp32s3/ld/esp32s3.rom.wdt.ld
-- Adding linker script /home/tikhon/Документы/magnolia/esp-idf/components/esp_rom/esp32s3/ld/esp32s3.rom.version.ld
-- Adding linker script /home/tikhon/Документы/magnolia/esp-idf/components/esp_rom/esp32s3/ld/esp32s3.rom.ble_master.ld
-- Adding linker script /home/tikhon/Документы/magnolia/esp-idf/components/esp_rom/esp32s3/ld/esp32s3.rom.ble_50.ld
-- Adding linker script /home/tikhon/Документы/magnolia/esp-idf/components/esp_rom/esp32s3/ld/esp32s3.rom.ble_smp.ld
-- Adding linker script /home/tikhon/Документы/magnolia/esp-idf/components/esp_rom/esp32s3/ld/esp32s3.rom.ble_dtm.ld
-- Adding linker script /home/tikhon/Документы/magnolia/esp-idf/components/esp_rom/esp32s3/ld/esp32s3.rom.ble_test.ld
-- Adding linker script /home/tikhon/Документы/magnolia/esp-idf/components/esp_rom/esp32s3/ld/esp32s3.rom.ble_scan.ld
-- Adding linker script /home/tikhon/Документы/magnolia/esp-idf/components/esp_rom/esp32s3/ld/esp32s3.rom.libc.ld
-- Adding linker script /home/tikhon/Документы/magnolia/esp-idf/components/esp_rom/esp32s3/ld/esp32s3.rom.newlib.ld
-- Adding linker script /home/tikhon/Документы/magnolia/applets/zig/zigdemo/build/esp-idf/esp_system/ld/memory.ld
-- Adding linker script /home/tikhon/Документы/magnolia/applets/zig/zigdemo/build/esp-idf/esp_system/ld/sections.ld.in
-- Adding linker script /home/tikhon/Документы/magnolia/esp-idf/components/esp_rom/esp32s3/ld/esp32s3.rom.ld
-- Adding linker script /home/tikhon/Документы/magnolia/esp-idf/components/esp_rom/esp32s3/ld/esp32s3.rom.api.ld
-- Adding linker script /home/tikhon/Документы/magnolia/esp-idf/components/esp_rom/esp32s3/ld/esp32s3.rom.bt_funcs.ld
-- Adding linker script /home/tikhon/Документы/magnolia/esp-idf/components/esp_rom/esp32s3/ld/esp32s3.rom.libgcc.ld
-- Adding linker script /home/tikhon/Документы/magnolia/esp-idf/components/esp_rom/esp32s3/ld/esp32s3.rom.wdt.ld
-- Adding linker script /home/tikhon/Документы/magnolia/esp-idf/components/esp_rom/esp32s3/ld/esp32s3.rom.version.ld
-- Adding linker script /home/tikhon/Документы/magnolia/esp-idf/components/esp_rom/esp32s3/ld/esp32s3.rom.ble_master.ld
-- Adding linker script /home/tikhon/Документы/magnolia/esp-idf/components/esp_rom/esp32s3/ld/esp32s3.rom.ble_50.ld
-- Adding linker script /home/tikhon/Документы/magnolia/esp-idf/components/esp_rom/esp32s3/ld/esp32s3.rom.ble_smp.ld
-- Adding linker script /home/tikhon/Документы/magnolia/esp-idf/components/esp_rom/esp32s3/ld/esp32s3.rom.ble_dtm.ld
-- Adding linker script /home/tikhon/Документы/magnolia/esp-idf/components/esp_rom/esp32s3/ld/esp32s3.rom.ble_test.ld
-- Adding linker script /home/tikhon/Документы/magnolia/esp-idf/components/esp_rom/esp32s3/ld/esp32s3.rom.ble_scan.ld
-- Adding linker script /home/tikhon/Документы/magnolia/applets/zig/zxxd/build/esp-idf/esp_system/ld/memory.ld
-- Adding linker script /home/tikhon/Документы/magnolia/esp-idf/components/esp_rom/esp32s3/ld/esp32s3.rom.libc.ld
-- Adding linker script /home/tikhon/Документы/magnolia/esp-idf/components/esp_rom/esp32s3/ld/esp32s3.rom.newlib.ld
-- Adding linker script /home/tikhon/Документы/magnolia/applets/zig/zxxd/build/esp-idf/esp_system/ld/sections.ld.in
-- Adding linker script /home/tikhon/Документы/magnolia/esp-idf/components/soc/esp32s3/ld/esp32s3.peripherals.ld
-- Adding linker script /home/tikhon/Документы/magnolia/esp-idf/components/esp_rom/esp32s3/ld/esp32s3.rom.ld
-- Adding linker script /home/tikhon/Документы/magnolia/esp-idf/components/esp_rom/esp32s3/ld/esp32s3.rom.api.ld
-- Adding linker script /home/tikhon/Документы/magnolia/esp-idf/components/esp_rom/esp32s3/ld/esp32s3.rom.bt_funcs.ld
-- Adding linker script /home/tikhon/Документы/magnolia/esp-idf/components/esp_rom/esp32s3/ld/esp32s3.rom.libgcc.ld
-- Adding linker script /home/tikhon/Документы/magnolia/esp-idf/components/esp_rom/esp32s3/ld/esp32s3.rom.wdt.ld
-- Adding linker script /home/tikhon/Документы/magnolia/esp-idf/components/esp_rom/esp32s3/ld/esp32s3.rom.version.ld
-- Adding linker script /home/tikhon/Документы/magnolia/esp-idf/components/esp_rom/esp32s3/ld/esp32s3.rom.ble_master.ld
-- Adding linker script /home/tikhon/Документы/magnolia/esp-idf/components/esp_rom/esp32s3/ld/esp32s3.rom.ble_50.ld
-- Adding linker script /home/tikhon/Документы/magnolia/esp-idf/components/esp_rom/esp32s3/ld/esp32s3.rom.ble_smp.ld
-- Adding linker script /home/tikhon/Документы/magnolia/esp-idf/components/esp_rom/esp32s3/ld/esp32s3.rom.ble_dtm.ld
-- Adding linker script /home/tikhon/Документы/magnolia/esp-idf/components/esp_rom/esp32s3/ld/esp32s3.rom.ble_test.ld
-- Adding linker script /home/tikhon/Документы/magnolia/esp-idf/components/esp_rom/esp32s3/ld/esp32s3.rom.ble_scan.ld
-- Adding linker script /home/tikhon/Документы/magnolia/esp-idf/components/esp_rom/esp32s3/ld/esp32s3.rom.libc.ld
-- Adding linker script /home/tikhon/Документы/magnolia/esp-idf/components/esp_rom/esp32s3/ld/esp32s3.rom.newlib.ld
-- Adding linker script /home/tikhon/Документы/magnolia/esp-idf/components/soc/esp32s3/ld/esp32s3.peripherals.ld
-- USING O3
-- Adding linker script /home/tikhon/Документы/magnolia/esp-idf/components/soc/esp32s3/ld/esp32s3.peripherals.ld
-- USING O3
-- Adding linker script /home/tikhon/Документы/magnolia/applets/zig/zhexdump/build/esp-idf/esp_system/ld/memory.ld
-- Adding linker script /home/tikhon/Документы/magnolia/applets/zig/zhexdump/build/esp-idf/esp_system/ld/sections.ld.in
-- USING O3
-- Adding linker script /home/tikhon/Документы/magnolia/esp-idf/components/esp_rom/esp32s3/ld/esp32s3.rom.ld
-- Adding linker script /home/tikhon/Документы/magnolia/esp-idf/components/esp_rom/esp32s3/ld/esp32s3.rom.api.ld
-- Adding linker script /home/tikhon/Документы/magnolia/esp-idf/components/esp_rom/esp32s3/ld/esp32s3.rom.bt_funcs.ld
-- Adding linker script /home/tikhon/Документы/magnolia/esp-idf/components/esp_rom/esp32s3/ld/esp32s3.rom.libgcc.ld
-- Adding linker script /home/tikhon/Документы/magnolia/esp-idf/components/esp_rom/esp32s3/ld/esp32s3.rom.wdt.ld
-- Adding linker script /home/tikhon/Документы/magnolia/esp-idf/components/esp_rom/esp32s3/ld/esp32s3.rom.version.ld
-- Adding linker script /home/tikhon/Документы/magnolia/esp-idf/components/esp_rom/esp32s3/ld/esp32s3.rom.ble_master.ld
-- Adding linker script /home/tikhon/Документы/magnolia/esp-idf/components/esp_rom/esp32s3/ld/esp32s3.rom.ble_50.ld
-- Adding linker script /home/tikhon/Документы/magnolia/esp-idf/components/esp_rom/esp32s3/ld/esp32s3.rom.ble_smp.ld
-- Adding linker script /home/tikhon/Документы/magnolia/esp-idf/components/esp_rom/esp32s3/ld/esp32s3.rom.ble_dtm.ld
-- Adding linker script /home/tikhon/Документы/magnolia/esp-idf/components/esp_rom/esp32s3/ld/esp32s3.rom.ble_test.ld
-- Adding linker script /home/tikhon/Документы/magnolia/esp-idf/components/esp_rom/esp32s3/ld/esp32s3.rom.ble_scan.ld
-- Adding linker script /home/tikhon/Документы/magnolia/esp-idf/components/esp_rom/esp32s3/ld/esp32s3.rom.libc.ld
-- Adding linker script /home/tikhon/Документы/magnolia/esp-idf/components/esp_rom/esp32s3/ld/esp32s3.rom.newlib.ld
-- Adding linker script /home/tikhon/Документы/magnolia/applets/zig/zdd/build/esp-idf/esp_system/ld/memory.ld
-- Adding linker script /home/tikhon/Документы/magnolia/applets/zig/zdd/build/esp-idf/esp_system/ld/sections.ld.in
-- Adding linker script /home/tikhon/Документы/magnolia/esp-idf/components/esp_rom/esp32s3/ld/esp32s3.rom.ld
-- Adding linker script /home/tikhon/Документы/magnolia/esp-idf/components/esp_rom/esp32s3/ld/esp32s3.rom.api.ld
-- Adding linker script /home/tikhon/Документы/magnolia/esp-idf/components/esp_rom/esp32s3/ld/esp32s3.rom.bt_funcs.ld
-- Adding linker script /home/tikhon/Документы/magnolia/esp-idf/components/esp_rom/esp32s3/ld/esp32s3.rom.libgcc.ld
-- Adding linker script /home/tikhon/Документы/magnolia/esp-idf/components/esp_rom/esp32s3/ld/esp32s3.rom.wdt.ld
-- Adding linker script /home/tikhon/Документы/magnolia/esp-idf/components/esp_rom/esp32s3/ld/esp32s3.rom.version.ld
-- Adding linker script /home/tikhon/Документы/magnolia/esp-idf/components/esp_rom/esp32s3/ld/esp32s3.rom.ble_master.ld
-- Adding linker script /home/tikhon/Документы/magnolia/esp-idf/components/esp_rom/esp32s3/ld/esp32s3.rom.ble_50.ld
-- Adding linker script /home/tikhon/Документы/magnolia/esp-idf/components/esp_rom/esp32s3/ld/esp32s3.rom.ble_smp.ld
-- Adding linker script /home/tikhon/Документы/magnolia/esp-idf/components/esp_rom/esp32s3/ld/esp32s3.rom.ble_dtm.ld
-- Adding linker script /home/tikhon/Документы/magnolia/esp-idf/components/esp_rom/esp32s3/ld/esp32s3.rom.ble_test.ld
-- Adding linker script /home/tikhon/Документы/magnolia/esp-idf/components/esp_rom/esp32s3/ld/esp32s3.rom.ble_scan.ld
-- Adding linker script /home/tikhon/Документы/magnolia/esp-idf/components/esp_rom/esp32s3/ld/esp32s3.rom.libc.ld
-- Adding linker script /home/tikhon/Документы/magnolia/esp-idf/components/esp_rom/esp32s3/ld/esp32s3.rom.newlib.ld
-- Adding linker script /home/tikhon/Документы/magnolia/esp-idf/components/soc/esp32s3/ld/esp32s3.peripherals.ld
-- Adding linker script /home/tikhon/Документы/magnolia/applets/zig/zighello/build/esp-idf/esp_system/ld/memory.ld
-- Adding linker script /home/tikhon/Документы/magnolia/applets/zig/zighello/build/esp-idf/esp_system/ld/sections.ld.in
-- Adding linker script /home/tikhon/Документы/magnolia/esp-idf/components/soc/esp32s3/ld/esp32s3.peripherals.ld
-- Adding linker script /home/tikhon/Документы/magnolia/esp-idf/components/esp_rom/esp32s3/ld/esp32s3.rom.ld
-- Adding linker script /home/tikhon/Документы/magnolia/esp-idf/components/esp_rom/esp32s3/ld/esp32s3.rom.api.ld
-- Adding linker script /home/tikhon/Документы/magnolia/esp-idf/components/esp_rom/esp32s3/ld/esp32s3.rom.bt_funcs.ld
-- Adding linker script /home/tikhon/Документы/magnolia/esp-idf/components/esp_rom/esp32s3/ld/esp32s3.rom.libgcc.ld
-- Adding linker script /home/tikhon/Документы/magnolia/esp-idf/components/esp_rom/esp32s3/ld/esp32s3.rom.wdt.ld
-- Adding linker script /home/tikhon/Документы/magnolia/esp-idf/components/esp_rom/esp32s3/ld/esp32s3.rom.version.ld
-- Adding linker script /home/tikhon/Документы/magnolia/esp-idf/components/esp_rom/esp32s3/ld/esp32s3.rom.ble_master.ld
-- Adding linker script /home/tikhon/Документы/magnolia/esp-idf/components/esp_rom/esp32s3/ld/esp32s3.rom.ble_50.ld
-- Adding linker script /home/tikhon/Документы/magnolia/esp-idf/components/esp_rom/esp32s3/ld/esp32s3.rom.ble_smp.ld
-- Adding linker script /home/tikhon/Документы/magnolia/esp-idf/components/esp_rom/esp32s3/ld/esp32s3.rom.ble_dtm.ld
-- Adding linker script /home/tikhon/Документы/magnolia/esp-idf/components/esp_rom/esp32s3/ld/esp32s3.rom.ble_test.ld
-- Adding linker script /home/tikhon/Документы/magnolia/esp-idf/components/esp_rom/esp32s3/ld/esp32s3.rom.ble_scan.ld
-- Adding linker script /home/tikhon/Документы/magnolia/esp-idf/components/esp_rom/esp32s3/ld/esp32s3.rom.libc.ld
-- Adding linker script /home/tikhon/Документы/magnolia/esp-idf/components/esp_rom/esp32s3/ld/esp32s3.rom.newlib.ld
-- Adding linker script /home/tikhon/Документы/magnolia/esp-idf/components/soc/esp32s3/ld/esp32s3.peripherals.ld
-- ELF_LOADER: 1.1.1
-- ELF_LOADER: 1.1.1
-- ELF_LOADER: 1.1.1
-- ELF_LOADER: 1.1.1
-- ELF_LOADER: 1.1.1
-- ELF_LOADER: 1.1.1
-- Components: app_trace app_update bootloader bootloader_support bt cmock console cxx driver efuse esp-tls esp_adc esp_app_format esp_bootloader_format esp_coex esp_common esp_driver_ana_cmpr esp_driver_bitscrambler esp_driver_cam esp_driver_dac esp_driver_gpio esp_driver_gptimer esp_driver_i2c esp_driver_i2s esp_driver_i3c esp_driver_isp esp_driver_jpeg esp_driver_ledc esp_driver_mcpwm esp_driver_parlio esp_driver_pcnt esp_driver_ppa esp_driver_rmt esp_driver_sd_intf esp_driver_sdio esp_driver_sdm esp_driver_sdmmc esp_driver_sdspi esp_driver_spi esp_driver_touch_sens esp_driver_tsens esp_driver_twai esp_driver_uart esp_driver_usb_serial_jtag esp_eth esp_event esp_gdbstub esp_hid esp_http_client esp_http_server esp_https_ota esp_https_server esp_hw_support esp_lcd esp_local_ctrl esp_mm esp_netif esp_netif_stack esp_partition esp_phy esp_pm esp_psram esp_ringbuf esp_rom esp_security esp_system esp_timer esp_vfs_console esp_wifi espcoredump espressif__cmake_utilities espressif__elf_loader esptool_py fatfs freertos hal heap http_parser idf_test ieee802154 json log lwip main mbedtls mqtt newlib nvs_flash nvs_sec_provider openthread partition_table perfmon protobuf-c protocomm pthread rt sdmmc soc spi_flash spiffs tcp_transport touch_element ulp unity usb vfs wear_levelling wifi_provisioning wpa_supplicant xtensa
-- Component paths: /home/tikhon/Документы/magnolia/esp-idf/components/app_trace /home/tikhon/Документы/magnolia/esp-idf/components/app_update /home/tikhon/Документы/magnolia/esp-idf/components/bootloader /home/tikhon/Документы/magnolia/esp-idf/components/bootloader_support /home/tikhon/Документы/magnolia/esp-idf/components/bt /home/tikhon/Документы/magnolia/esp-idf/components/cmock /home/tikhon/Документы/magnolia/esp-idf/components/console /home/tikhon/Документы/magnolia/esp-idf/components/cxx /home/tikhon/Документы/magnolia/esp-idf/components/driver /home/tikhon/Документы/magnolia/esp-idf/components/efuse /home/tikhon/Документы/magnolia/esp-idf/components/esp-tls /home/tikhon/Документы/magnolia/esp-idf/components/esp_adc /home/tikhon/Документы/magnolia/esp-idf/components/esp_app_format /home/tikhon/Документы/magnolia/esp-idf/components/esp_bootloader_format /home/tikhon/Документы/magnolia/esp-idf/components/esp_coex /home/tikhon/Документы/magnolia/esp-idf/components/esp_common /home/tikhon/Документы/magnolia/esp-idf/components/esp_driver_ana_cmpr /home/tikhon/Документы/magnolia/esp-idf/components/esp_driver_bitscrambler /home/tikhon/Документы/magnolia/esp-idf/components/esp_driver_cam /home/tikhon/Документы/magnolia/esp-idf/components/esp_driver_dac /home/tikhon/Документы/magnolia/esp-idf/components/esp_driver_gpio /home/tikhon/Документы/magnolia/esp-idf/components/esp_driver_gptimer /home/tikhon/Документы/magnolia/esp-idf/components/esp_driver_i2c /home/tikhon/Документы/magnolia/esp-idf/components/esp_driver_i2s /home/tikhon/Документы/magnolia/esp-idf/components/esp_driver_i3c /home/tikhon/Документы/magnolia/esp-idf/components/esp_driver_isp /home/tikhon/Документы/magnolia/esp-idf/components/esp_driver_jpeg /home/tikhon/Документы/magnolia/esp-idf/components/esp_driver_ledc /home/tikhon/Документы/magnolia/esp-idf/components/esp_driver_mcpwm /home/tikhon/Документы/magnolia/esp-idf/components/esp_driver_parlio /home/tikhon/Документы/magnolia/esp-idf/components/esp_driver_pcnt /home/tikhon/Документы/magnolia/esp-idf/components/esp_driver_ppa /home/tikhon/Документы/magnolia/esp-idf/components/esp_driver_rmt /home/tikhon/Документы/magnolia/esp-idf/components/esp_driver_sd_intf /home/tikhon/Документы/magnolia/esp-idf/components/esp_driver_sdio /home/tikhon/Документы/magnolia/esp-idf/components/esp_driver_sdm /home/tikhon/Документы/magnolia/esp-idf/components/esp_driver_sdmmc /home/tikhon/Документы/magnolia/esp-idf/components/esp_driver_sdspi /home/tikhon/Документы/magnolia/esp-idf/components/esp_driver_spi /home/tikhon/Документы/magnolia/esp-idf/components/esp_driver_touch_sens /home/tikhon/Документы/magnolia/esp-idf/components/esp_driver_tsens /home/tikhon/Документы/magnolia/esp-idf/components/esp_driver_twai /home/tikhon/Документы/magnolia/esp-idf/components/esp_driver_uart /home/tikhon/Документы/magnolia/esp-idf/components/esp_driver_usb_serial_jtag /home/tikhon/Документы/magnolia/esp-idf/components/esp_eth /home/tikhon/Документы/magnolia/esp-idf/components/esp_event /home/tikhon/Документы/magnolia/esp-idf/components/esp_gdbstub /home/tikhon/Документы/magnolia/esp-idf/components/esp_hid /home/tikhon/Документы/magnolia/esp-idf/components/esp_http_client /home/tikhon/Документы/magnolia/esp-idf/components/esp_http_server /home/tikhon/Документы/magnolia/esp-idf/components/esp_https_ota /home/tikhon/Документы/magnolia/esp-idf/components/esp_https_server /home/tikhon/Документы/magnolia/esp-idf/components/esp_hw_support /home/tikhon/Документы/magnolia/esp-idf/components/esp_lcd /home/tikhon/Документы/magnolia/esp-idf/components/esp_local_ctrl /home/tikhon/Документы/magnolia/esp-idf/components/esp_mm /home/tikhon/Документы/magnolia/esp-idf/components/esp_netif /home/tikhon/Документы/magnolia/esp-idf/components/esp_netif_stack /home/tikhon/Документы/magnolia/esp-idf/components/esp_partition /home/tikhon/Документы/magnolia/esp-idf/components/esp_phy /home/tikhon/Документы/magnolia/esp-idf/components/esp_pm /home/tikhon/Документы/magnolia/esp-idf/components/esp_psram /home/tikhon/Документы/magnolia/esp-idf/components/esp_ringbuf /home/tikhon/Документы/magnolia/esp-idf/components/esp_rom /home/tikhon/Документы/magnolia/esp-idf/components/esp_security /home/tikhon/Документы/magnolia/esp-idf/components/esp_system /home/tikhon/Документы/magnolia/esp-idf/components/esp_timer /home/tikhon/Документы/magnolia/esp-idf/components/esp_vfs_console /home/tikhon/Документы/magnolia/esp-idf/components/esp_wifi /home/tikhon/Документы/magnolia/esp-idf/components/espcoredump /home/tikhon/Документы/magnolia/applets/zig/zigtest/managed_components/espressif__cmake_utilities /home/tikhon/Документы/magnolia/applets/zig/zigtest/managed_components/espressif__elf_loader /home/tikhon/Документы/magnolia/esp-idf/components/esptool_py /home/tikhon/Документы/magnolia/esp-idf/components/fatfs /home/tikhon/Документы/magnolia/esp-idf/components/freertos /home/tikhon/Документы/magnolia/esp-idf/components/hal /home/tikhon/Документы/magnolia/esp-idf/components/heap /home/tikhon/Документы/magnolia/esp-idf/components/http_parser /home/tikhon/Документы/magnolia/esp-idf/components/idf_test /home/tikhon/Документы/magnolia/esp-idf/components/ieee802154 /home/tikhon/Документы/magnolia/esp-idf/components/json /home/tikhon/Документы/magnolia/esp-idf/components/log /home/tikhon/Документы/magnolia/esp-idf/components/lwip /home/tikhon/Документы/magnolia/applets/zig/zigtest/main /home/tikhon/Документы/magnolia/esp-idf/components/mbedtls /home/tikhon/Документы/magnolia/esp-idf/components/mqtt /home/tikhon/Документы/magnolia/esp-idf/components/newlib /home/tikhon/Документы/magnolia/esp-idf/components/nvs_flash /home/tikhon/Документы/magnolia/esp-idf/components/nvs_sec_provider /home/tikhon/Документы/magnolia/esp-idf/components/openthread /home/tikhon/Документы/magnolia/esp-idf/components/partition_table /home/tikhon/Документы/magnolia/esp-idf/components/perfmon /home/tikhon/Документы/magnolia/esp-idf/components/protobuf-c /home/tikhon/Документы/magnolia/esp-idf/components/protocomm /home/tikhon/Документы/magnolia/esp-idf/components/pthread /home/tikhon/Документы/magnolia/esp-idf/components/rt /home/tikhon/Документы/magnolia/esp-idf/components/sdmmc /home/tikhon/Документы/magnolia/esp-idf/components/soc /home/tikhon/Документы/magnolia/esp-idf/components/spi_flash /home/tikhon/Документы/magnolia/esp-idf/components/spiffs /home/tikhon/Документы/magnolia/esp-idf/components/tcp_transport /home/tikhon/Документы/magnolia/esp-idf/components/touch_element /home/tikhon/Документы/magnolia/esp-idf/components/ulp /home/tikhon/Документы/magnolia/esp-idf/components/unity /home/tikhon/Документы/magnolia/esp-idf/components/usb /home/tikhon/Документы/magnolia/esp-idf/components/vfs /home/tikhon/Документы/magnolia/esp-idf/components/wear_levelling /home/tikhon/Документы/magnolia/esp-idf/components/wifi_provisioning /home/tikhon/Документы/magnolia/esp-idf/components/wpa_supplicant /home/tikhon/Документы/magnolia/esp-idf/components/xtensa
-- Configuring done (4.4s)
-- Components: app_trace app_update bootloader bootloader_support bt cmock console cxx driver efuse esp-tls esp_adc esp_app_format esp_bootloader_format esp_coex esp_common esp_driver_ana_cmpr esp_driver_bitscrambler esp_driver_cam esp_driver_dac esp_driver_gpio esp_driver_gptimer esp_driver_i2c esp_driver_i2s esp_driver_i3c esp_driver_isp esp_driver_jpeg esp_driver_ledc esp_driver_mcpwm esp_driver_parlio esp_driver_pcnt esp_driver_ppa esp_driver_rmt esp_driver_sd_intf esp_driver_sdio esp_driver_sdm esp_driver_sdmmc esp_driver_sdspi esp_driver_spi esp_driver_touch_sens esp_driver_tsens esp_driver_twai esp_driver_uart esp_driver_usb_serial_jtag esp_eth esp_event esp_gdbstub esp_hid esp_http_client esp_http_server esp_https_ota esp_https_server esp_hw_support esp_lcd esp_local_ctrl esp_mm esp_netif esp_netif_stack esp_partition esp_phy esp_pm esp_psram esp_ringbuf esp_rom esp_security esp_system esp_timer esp_vfs_console esp_wifi espcoredump espressif__cmake_utilities espressif__elf_loader esptool_py fatfs freertos hal heap http_parser idf_test ieee802154 json log lwip main mbedtls mqtt newlib nvs_flash nvs_sec_provider openthread partition_table perfmon protobuf-c protocomm pthread rt sdmmc soc spi_flash spiffs tcp_transport touch_element ulp unity usb vfs wear_levelling wifi_provisioning wpa_supplicant xtensa
-- Component paths: /home/tikhon/Документы/magnolia/esp-idf/components/app_trace /home/tikhon/Документы/magnolia/esp-idf/components/app_update /home/tikhon/Документы/magnolia/esp-idf/components/bootloader /home/tikhon/Документы/magnolia/esp-idf/components/bootloader_support /home/tikhon/Документы/magnolia/esp-idf/components/bt /home/tikhon/Документы/magnolia/esp-idf/components/cmock /home/tikhon/Документы/magnolia/esp-idf/components/console /home/tikhon/Документы/magnolia/esp-idf/components/cxx /home/tikhon/Документы/magnolia/esp-idf/components/driver /home/tikhon/Документы/magnolia/esp-idf/components/efuse /home/tikhon/Документы/magnolia/esp-idf/components/esp-tls /home/tikhon/Документы/magnolia/esp-idf/components/esp_adc /home/tikhon/Документы/magnolia/esp-idf/components/esp_app_format /home/tikhon/Документы/magnolia/esp-idf/components/esp_bootloader_format /home/tikhon/Документы/magnolia/esp-idf/components/esp_coex /home/tikhon/Документы/magnolia/esp-idf/components/esp_common /home/tikhon/Документы/magnolia/esp-idf/components/esp_driver_ana_cmpr /home/tikhon/Документы/magnolia/esp-idf/components/esp_driver_bitscrambler /home/tikhon/Документы/magnolia/esp-idf/components/esp_driver_cam /home/tikhon/Документы/magnolia/esp-idf/components/esp_driver_dac /home/tikhon/Документы/magnolia/esp-idf/components/esp_driver_gpio /home/tikhon/Документы/magnolia/esp-idf/components/esp_driver_gptimer /home/tikhon/Документы/magnolia/esp-idf/components/esp_driver_i2c /home/tikhon/Документы/magnolia/esp-idf/components/esp_driver_i2s /home/tikhon/Документы/magnolia/esp-idf/components/esp_driver_i3c /home/tikhon/Документы/magnolia/esp-idf/components/esp_driver_isp /home/tikhon/Документы/magnolia/esp-idf/components/esp_driver_jpeg /home/tikhon/Документы/magnolia/esp-idf/components/esp_driver_ledc /home/tikhon/Документы/magnolia/esp-idf/components/esp_driver_mcpwm /home/tikhon/Документы/magnolia/esp-idf/components/esp_driver_parlio /home/tikhon/Документы/magnolia/esp-idf/components/esp_driver_pcnt /home/tikhon/Документы/magnolia/esp-idf/components/esp_driver_ppa /home/tikhon/Документы/magnolia/esp-idf/components/esp_driver_rmt /home/tikhon/Документы/magnolia/esp-idf/components/esp_driver_sd_intf /home/tikhon/Документы/magnolia/esp-idf/components/esp_driver_sdio /home/tikhon/Документы/magnolia/esp-idf/components/esp_driver_sdm /home/tikhon/Документы/magnolia/esp-idf/components/esp_driver_sdmmc /home/tikhon/Документы/magnolia/esp-idf/components/esp_driver_sdspi /home/tikhon/Документы/magnolia/esp-idf/components/esp_driver_spi /home/tikhon/Документы/magnolia/esp-idf/components/esp_driver_touch_sens /home/tikhon/Документы/magnolia/esp-idf/components/esp_driver_tsens /home/tikhon/Документы/magnolia/esp-idf/components/esp_driver_twai /home/tikhon/Документы/magnolia/esp-idf/components/esp_driver_uart /home/tikhon/Документы/magnolia/esp-idf/components/esp_driver_usb_serial_jtag /home/tikhon/Документы/magnolia/esp-idf/components/esp_eth /home/tikhon/Документы/magnolia/esp-idf/components/esp_event /home/tikhon/Документы/magnolia/esp-idf/components/esp_gdbstub /home/tikhon/Документы/magnolia/esp-idf/components/esp_hid /home/tikhon/Документы/magnolia/esp-idf/components/esp_http_client /home/tikhon/Документы/magnolia/esp-idf/components/esp_http_server /home/tikhon/Документы/magnolia/esp-idf/components/esp_https_ota /home/tikhon/Документы/magnolia/esp-idf/components/esp_https_server /home/tikhon/Документы/magnolia/esp-idf/components/esp_hw_support /home/tikhon/Документы/magnolia/esp-idf/components/esp_lcd /home/tikhon/Документы/magnolia/esp-idf/components/esp_local_ctrl /home/tikhon/Документы/magnolia/esp-idf/components/esp_mm /home/tikhon/Документы/magnolia/esp-idf/components/esp_netif /home/tikhon/Документы/magnolia/esp-idf/components/esp_netif_stack /home/tikhon/Документы/magnolia/esp-idf/components/esp_partition /home/tikhon/Документы/magnolia/esp-idf/components/esp_phy /home/tikhon/Документы/magnolia/esp-idf/components/esp_pm /home/tikhon/Документы/magnolia/esp-idf/components/esp_psram /home/tikhon/Документы/magnolia/esp-idf/components/esp_ringbuf /home/tikhon/Документы/magnolia/esp-idf/components/esp_rom /home/tikhon/Документы/magnolia/esp-idf/components/esp_security /home/tikhon/Документы/magnolia/esp-idf/components/esp_system /home/tikhon/Документы/magnolia/esp-idf/components/esp_timer /home/tikhon/Документы/magnolia/esp-idf/components/esp_vfs_console /home/tikhon/Документы/magnolia/esp-idf/components/esp_wifi /home/tikhon/Документы/magnolia/esp-idf/components/espcoredump /home/tikhon/Документы/magnolia/applets/zig/zxxd/managed_components/espressif__cmake_utilities /home/tikhon/Документы/magnolia/applets/zig/zxxd/managed_components/espressif__elf_loader /home/tikhon/Документы/magnolia/esp-idf/components/esptool_py /home/tikhon/Документы/magnolia/esp-idf/components/fatfs /home/tikhon/Документы/magnolia/esp-idf/components/freertos /home/tikhon/Документы/magnolia/esp-idf/components/hal /home/tikhon/Документы/magnolia/esp-idf/components/heap /home/tikhon/Документы/magnolia/esp-idf/components/http_parser /home/tikhon/Документы/magnolia/esp-idf/components/idf_test /home/tikhon/Документы/magnolia/esp-idf/components/ieee802154 /home/tikhon/Документы/magnolia/esp-idf/components/json /home/tikhon/Документы/magnolia/esp-idf/components/log /home/tikhon/Документы/magnolia/esp-idf/components/lwip /home/tikhon/Документы/magnolia/applets/zig/zxxd/main /home/tikhon/Документы/magnolia/esp-idf/components/mbedtls /home/tikhon/Документы/magnolia/esp-idf/components/mqtt /home/tikhon/Документы/magnolia/esp-idf/components/newlib /home/tikhon/Документы/magnolia/esp-idf/components/nvs_flash /home/tikhon/Документы/magnolia/esp-idf/components/nvs_sec_provider /home/tikhon/Документы/magnolia/esp-idf/components/openthread /home/tikhon/Документы/magnolia/esp-idf/components/partition_table /home/tikhon/Документы/magnolia/esp-idf/components/perfmon /home/tikhon/Документы/magnolia/esp-idf/components/protobuf-c /home/tikhon/Документы/magnolia/esp-idf/components/protocomm /home/tikhon/Документы/magnolia/esp-idf/components/pthread /home/tikhon/Документы/magnolia/esp-idf/components/rt /home/tikhon/Документы/magnolia/esp-idf/components/sdmmc /home/tikhon/Документы/magnolia/esp-idf/components/soc /home/tikhon/Документы/magnolia/esp-idf/components/spi_flash /home/tikhon/Документы/magnolia/esp-idf/components/spiffs /home/tikhon/Документы/magnolia/esp-idf/components/tcp_transport /home/tikhon/Документы/magnolia/esp-idf/components/touch_element /home/tikhon/Документы/magnolia/esp-idf/components/ulp /home/tikhon/Документы/magnolia/esp-idf/components/unity /home/tikhon/Документы/magnolia/esp-idf/components/usb /home/tikhon/Документы/magnolia/esp-idf/components/vfs /home/tikhon/Документы/magnolia/esp-idf/components/wear_levelling /home/tikhon/Документы/magnolia/esp-idf/components/wifi_provisioning /home/tikhon/Документы/magnolia/esp-idf/components/wpa_supplicant /home/tikhon/Документы/magnolia/esp-idf/components/xtensa
-- Components: app_trace app_update bootloader bootloader_support bt cmock console cxx driver efuse esp-tls esp_adc esp_app_format esp_bootloader_format esp_coex esp_common esp_driver_ana_cmpr esp_driver_bitscrambler esp_driver_cam esp_driver_dac esp_driver_gpio esp_driver_gptimer esp_driver_i2c esp_driver_i2s esp_driver_i3c esp_driver_isp esp_driver_jpeg esp_driver_ledc esp_driver_mcpwm esp_driver_parlio esp_driver_pcnt esp_driver_ppa esp_driver_rmt esp_driver_sd_intf esp_driver_sdio esp_driver_sdm esp_driver_sdmmc esp_driver_sdspi esp_driver_spi esp_driver_touch_sens esp_driver_tsens esp_driver_twai esp_driver_uart esp_driver_usb_serial_jtag esp_eth esp_event esp_gdbstub esp_hid esp_http_client esp_http_server esp_https_ota esp_https_server esp_hw_support esp_lcd esp_local_ctrl esp_mm esp_netif esp_netif_stack esp_partition esp_phy esp_pm esp_psram esp_ringbuf esp_rom esp_security esp_system esp_timer esp_vfs_console esp_wifi espcoredump espressif__cmake_utilities espressif__elf_loader esptool_py fatfs freertos hal heap http_parser idf_test ieee802154 json log lwip main mbedtls mqtt newlib nvs_flash nvs_sec_provider openthread partition_table perfmon protobuf-c protocomm pthread rt sdmmc soc spi_flash spiffs tcp_transport touch_element ulp unity usb vfs wear_levelling wifi_provisioning wpa_supplicant xtensa
-- Component paths: /home/tikhon/Документы/magnolia/esp-idf/components/app_trace /home/tikhon/Документы/magnolia/esp-idf/components/app_update /home/tikhon/Документы/magnolia/esp-idf/components/bootloader /home/tikhon/Документы/magnolia/esp-idf/components/bootloader_support /home/tikhon/Документы/magnolia/esp-idf/components/bt /home/tikhon/Документы/magnolia/esp-idf/components/cmock /home/tikhon/Документы/magnolia/esp-idf/components/console /home/tikhon/Документы/magnolia/esp-idf/components/cxx /home/tikhon/Документы/magnolia/esp-idf/components/driver /home/tikhon/Документы/magnolia/esp-idf/components/efuse /home/tikhon/Документы/magnolia/esp-idf/components/esp-tls /home/tikhon/Документы/magnolia/esp-idf/components/esp_adc /home/tikhon/Документы/magnolia/esp-idf/components/esp_app_format /home/tikhon/Документы/magnolia/esp-idf/components/esp_bootloader_format /home/tikhon/Документы/magnolia/esp-idf/components/esp_coex /home/tikhon/Документы/magnolia/esp-idf/components/esp_common /home/tikhon/Документы/magnolia/esp-idf/components/esp_driver_ana_cmpr /home/tikhon/Документы/magnolia/esp-idf/components/esp_driver_bitscrambler /home/tikhon/Документы/magnolia/esp-idf/components/esp_driver_cam /home/tikhon/Документы/magnolia/esp-idf/components/esp_driver_dac /home/tikhon/Документы/magnolia/esp-idf/components/esp_driver_gpio /home/tikhon/Документы/magnolia/esp-idf/components/esp_driver_gptimer /home/tikhon/Документы/magnolia/esp-idf/components/esp_driver_i2c /home/tikhon/Документы/magnolia/esp-idf/components/esp_driver_i2s /home/tikhon/Документы/magnolia/esp-idf/components/esp_driver_i3c /home/tikhon/Документы/magnolia/esp-idf/components/esp_driver_isp /home/tikhon/Документы/magnolia/esp-idf/components/esp_driver_jpeg /home/tikhon/Документы/magnolia/esp-idf/components/esp_driver_ledc /home/tikhon/Документы/magnolia/esp-idf/components/esp_driver_mcpwm /home/tikhon/Документы/magnolia/esp-idf/components/esp_driver_parlio /home/tikhon/Документы/magnolia/esp-idf/components/esp_driver_pcnt /home/tikhon/Документы/magnolia/esp-idf/components/esp_driver_ppa /home/tikhon/Документы/magnolia/esp-idf/components/esp_driver_rmt /home/tikhon/Документы/magnolia/esp-idf/components/esp_driver_sd_intf /home/tikhon/Документы/magnolia/esp-idf/components/esp_driver_sdio /home/tikhon/Документы/magnolia/esp-idf/components/esp_driver_sdm /home/tikhon/Документы/magnolia/esp-idf/components/esp_driver_sdmmc /home/tikhon/Документы/magnolia/esp-idf/components/esp_driver_sdspi /home/tikhon/Документы/magnolia/esp-idf/components/esp_driver_spi /home/tikhon/Документы/magnolia/esp-idf/components/esp_driver_touch_sens /home/tikhon/Документы/magnolia/esp-idf/components/esp_driver_tsens /home/tikhon/Документы/magnolia/esp-idf/components/esp_driver_twai /home/tikhon/Документы/magnolia/esp-idf/components/esp_driver_uart /home/tikhon/Документы/magnolia/esp-idf/components/esp_driver_usb_serial_jtag /home/tikhon/Документы/magnolia/esp-idf/components/esp_eth /home/tikhon/Документы/magnolia/esp-idf/components/esp_event /home/tikhon/Документы/magnolia/esp-idf/components/esp_gdbstub /home/tikhon/Документы/magnolia/esp-idf/components/esp_hid /home/tikhon/Документы/magnolia/esp-idf/components/esp_http_client /home/tikhon/Документы/magnolia/esp-idf/components/esp_http_server /home/tikhon/Документы/magnolia/esp-idf/components/esp_https_ota /home/tikhon/Документы/magnolia/esp-idf/components/esp_https_server /home/tikhon/Документы/magnolia/esp-idf/components/esp_hw_support /home/tikhon/Документы/magnolia/esp-idf/components/esp_lcd /home/tikhon/Документы/magnolia/esp-idf/components/esp_local_ctrl /home/tikhon/Документы/magnolia/esp-idf/components/esp_mm /home/tikhon/Документы/magnolia/esp-idf/components/esp_netif /home/tikhon/Документы/magnolia/esp-idf/components/esp_netif_stack /home/tikhon/Документы/magnolia/esp-idf/components/esp_partition /home/tikhon/Документы/magnolia/esp-idf/components/esp_phy /home/tikhon/Документы/magnolia/esp-idf/components/esp_pm /home/tikhon/Документы/magnolia/esp-idf/components/esp_psram /home/tikhon/Документы/magnolia/esp-idf/components/esp_ringbuf /home/tikhon/Документы/magnolia/esp-idf/components/esp_rom /home/tikhon/Документы/magnolia/esp-idf/components/esp_security /home/tikhon/Документы/magnolia/esp-idf/components/esp_system /home/tikhon/Документы/magnolia/esp-idf/components/esp_timer /home/tikhon/Документы/magnolia/esp-idf/components/esp_vfs_console /home/tikhon/Документы/magnolia/esp-idf/components/esp_wifi /home/tikhon/Документы/magnolia/esp-idf/components/espcoredump /home/tikhon/Документы/magnolia/applets/zig/zigdemo/managed_components/espressif__cmake_utilities /home/tikhon/Документы/magnolia/applets/zig/zigdemo/managed_components/espressif__elf_loader /home/tikhon/Документы/magnolia/esp-idf/components/esptool_py /home/tikhon/Документы/magnolia/esp-idf/components/fatfs /home/tikhon/Документы/magnolia/esp-idf/components/freertos /home/tikhon/Документы/magnolia/esp-idf/components/hal /home/tikhon/Документы/magnolia/esp-idf/components/heap /home/tikhon/Документы/magnolia/esp-idf/components/http_parser /home/tikhon/Документы/magnolia/esp-idf/components/idf_test /home/tikhon/Документы/magnolia/esp-idf/components/ieee802154 /home/tikhon/Документы/magnolia/esp-idf/components/json /home/tikhon/Документы/magnolia/esp-idf/components/log /home/tikhon/Документы/magnolia/esp-idf/components/lwip /home/tikhon/Документы/magnolia/applets/zig/zigdemo/main /home/tikhon/Документы/magnolia/esp-idf/components/mbedtls /home/tikhon/Документы/magnolia/esp-idf/components/mqtt /home/tikhon/Документы/magnolia/esp-idf/components/newlib /home/tikhon/Документы/magnolia/esp-idf/components/nvs_flash /home/tikhon/Документы/magnolia/esp-idf/components/nvs_sec_provider /home/tikhon/Документы/magnolia/esp-idf/components/openthread /home/tikhon/Документы/magnolia/esp-idf/components/partition_table /home/tikhon/Документы/magnolia/esp-idf/components/perfmon /home/tikhon/Документы/magnolia/esp-idf/components/protobuf-c /home/tikhon/Документы/magnolia/esp-idf/components/protocomm /home/tikhon/Документы/magnolia/esp-idf/components/pthread /home/tikhon/Документы/magnolia/esp-idf/components/rt /home/tikhon/Документы/magnolia/esp-idf/components/sdmmc /home/tikhon/Документы/magnolia/esp-idf/components/soc /home/tikhon/Документы/magnolia/esp-idf/components/spi_flash /home/tikhon/Документы/magnolia/esp-idf/components/spiffs /home/tikhon/Документы/magnolia/esp-idf/components/tcp_transport /home/tikhon/Документы/magnolia/esp-idf/components/touch_element /home/tikhon/Документы/magnolia/esp-idf/components/ulp /home/tikhon/Документы/magnolia/esp-idf/components/unity /home/tikhon/Документы/magnolia/esp-idf/components/usb /home/tikhon/Документы/magnolia/esp-idf/components/vfs /home/tikhon/Документы/magnolia/esp-idf/components/wear_levelling /home/tikhon/Документы/magnolia/esp-idf/components/wifi_provisioning /home/tikhon/Документы/magnolia/esp-idf/components/wpa_supplicant /home/tikhon/Документы/magnolia/esp-idf/components/xtensa
-- Configuring done (4.4s)
-- Configuring done (5.0s)
-- Components: app_trace app_update bootloader bootloader_support bt cmock console cxx driver efuse esp-tls esp_adc esp_app_format esp_bootloader_format esp_coex esp_common esp_driver_ana_cmpr esp_driver_bitscrambler esp_driver_cam esp_driver_dac esp_driver_gpio esp_driver_gptimer esp_driver_i2c esp_driver_i2s esp_driver_i3c esp_driver_isp esp_driver_jpeg esp_driver_ledc esp_driver_mcpwm esp_driver_parlio esp_driver_pcnt esp_driver_ppa esp_driver_rmt esp_driver_sd_intf esp_driver_sdio esp_driver_sdm esp_driver_sdmmc esp_driver_sdspi esp_driver_spi esp_driver_touch_sens esp_driver_tsens esp_driver_twai esp_driver_uart esp_driver_usb_serial_jtag esp_eth esp_event esp_gdbstub esp_hid esp_http_client esp_http_server esp_https_ota esp_https_server esp_hw_support esp_lcd esp_local_ctrl esp_mm esp_netif esp_netif_stack esp_partition esp_phy esp_pm esp_psram esp_ringbuf esp_rom esp_security esp_system esp_timer esp_vfs_console esp_wifi espcoredump espressif__cmake_utilities espressif__elf_loader esptool_py fatfs freertos hal heap http_parser idf_test ieee802154 json log lwip main mbedtls mqtt newlib nvs_flash nvs_sec_provider openthread partition_table perfmon protobuf-c protocomm pthread rt sdmmc soc spi_flash spiffs tcp_transport touch_element ulp unity usb vfs wear_levelling wifi_provisioning wpa_supplicant xtensa
-- Component paths: /home/tikhon/Документы/magnolia/esp-idf/components/app_trace /home/tikhon/Документы/magnolia/esp-idf/components/app_update /home/tikhon/Документы/magnolia/esp-idf/components/bootloader /home/tikhon/Документы/magnolia/esp-idf/components/bootloader_support /home/tikhon/Документы/magnolia/esp-idf/components/bt /home/tikhon/Документы/magnolia/esp-idf/components/cmock /home/tikhon/Документы/magnolia/esp-idf/components/console /home/tikhon/Документы/magnolia/esp-idf/components/cxx /home/tikhon/Документы/magnolia/esp-idf/components/driver /home/tikhon/Документы/magnolia/esp-idf/components/efuse /home/tikhon/Документы/magnolia/esp-idf/components/esp-tls /home/tikhon/Документы/magnolia/esp-idf/components/esp_adc /home/tikhon/Документы/magnolia/esp-idf/components/esp_app_format /home/tikhon/Документы/magnolia/esp-idf/components/esp_bootloader_format /home/tikhon/Документы/magnolia/esp-idf/components/esp_coex /home/tikhon/Документы/magnolia/esp-idf/components/esp_common /home/tikhon/Документы/magnolia/esp-idf/components/esp_driver_ana_cmpr /home/tikhon/Документы/magnolia/esp-idf/components/esp_driver_bitscrambler /home/tikhon/Документы/magnolia/esp-idf/components/esp_driver_cam /home/tikhon/Документы/magnolia/esp-idf/components/esp_driver_dac /home/tikhon/Документы/magnolia/esp-idf/components/esp_driver_gpio /home/tikhon/Документы/magnolia/esp-idf/components/esp_driver_gptimer /home/tikhon/Документы/magnolia/esp-idf/components/esp_driver_i2c /home/tikhon/Документы/magnolia/esp-idf/components/esp_driver_i2s /home/tikhon/Документы/magnolia/esp-idf/components/esp_driver_i3c /home/tikhon/Документы/magnolia/esp-idf/components/esp_driver_isp /home/tikhon/Документы/magnolia/esp-idf/components/esp_driver_jpeg /home/tikhon/Документы/magnolia/esp-idf/components/esp_driver_ledc /home/tikhon/Документы/magnolia/esp-idf/components/esp_driver_mcpwm /home/tikhon/Документы/magnolia/esp-idf/components/esp_driver_parlio /home/tikhon/Документы/magnolia/esp-idf/components/esp_driver_pcnt /home/tikhon/Документы/magnolia/esp-idf/components/esp_driver_ppa /home/tikhon/Документы/magnolia/esp-idf/components/esp_driver_rmt /home/tikhon/Документы/magnolia/esp-idf/components/esp_driver_sd_intf /home/tikhon/Документы/magnolia/esp-idf/components/esp_driver_sdio /home/tikhon/Документы/magnolia/esp-idf/components/esp_driver_sdm /home/tikhon/Документы/magnolia/esp-idf/components/esp_driver_sdmmc /home/tikhon/Документы/magnolia/esp-idf/components/esp_driver_sdspi /home/tikhon/Документы/magnolia/esp-idf/components/esp_driver_spi /home/tikhon/Документы/magnolia/esp-idf/components/esp_driver_touch_sens /home/tikhon/Документы/magnolia/esp-idf/components/esp_driver_tsens /home/tikhon/Документы/magnolia/esp-idf/components/esp_driver_twai /home/tikhon/Документы/magnolia/esp-idf/components/esp_driver_uart /home/tikhon/Документы/magnolia/esp-idf/components/esp_driver_usb_serial_jtag /home/tikhon/Документы/magnolia/esp-idf/components/esp_eth /home/tikhon/Документы/magnolia/esp-idf/components/esp_event /home/tikhon/Документы/magnolia/esp-idf/components/esp_gdbstub /home/tikhon/Документы/magnolia/esp-idf/components/esp_hid /home/tikhon/Документы/magnolia/esp-idf/components/esp_http_client /home/tikhon/Документы/magnolia/esp-idf/components/esp_http_server /home/tikhon/Документы/magnolia/esp-idf/components/esp_https_ota /home/tikhon/Документы/magnolia/esp-idf/components/esp_https_server /home/tikhon/Документы/magnolia/esp-idf/components/esp_hw_support /home/tikhon/Документы/magnolia/esp-idf/components/esp_lcd /home/tikhon/Документы/magnolia/esp-idf/components/esp_local_ctrl /home/tikhon/Документы/magnolia/esp-idf/components/esp_mm /home/tikhon/Документы/magnolia/esp-idf/components/esp_netif /home/tikhon/Документы/magnolia/esp-idf/components/esp_netif_stack /home/tikhon/Документы/magnolia/esp-idf/components/esp_partition /home/tikhon/Документы/magnolia/esp-idf/components/esp_phy /home/tikhon/Документы/magnolia/esp-idf/components/esp_pm /home/tikhon/Документы/magnolia/esp-idf/components/esp_psram /home/tikhon/Документы/magnolia/esp-idf/components/esp_ringbuf /home/tikhon/Документы/magnolia/esp-idf/components/esp_rom /home/tikhon/Документы/magnolia/esp-idf/components/esp_security /home/tikhon/Документы/magnolia/esp-idf/components/esp_system /home/tikhon/Документы/magnolia/esp-idf/components/esp_timer /home/tikhon/Документы/magnolia/esp-idf/components/esp_vfs_console /home/tikhon/Документы/magnolia/esp-idf/components/esp_wifi /home/tikhon/Документы/magnolia/esp-idf/components/espcoredump /home/tikhon/Документы/magnolia/applets/zig/zhexdump/managed_components/espressif__cmake_utilities /home/tikhon/Документы/magnolia/applets/zig/zhexdump/managed_components/espressif__elf_loader /home/tikhon/Документы/magnolia/esp-idf/components/esptool_py /home/tikhon/Документы/magnolia/esp-idf/components/fatfs /home/tikhon/Документы/magnolia/esp-idf/components/freertos /home/tikhon/Документы/magnolia/esp-idf/components/hal /home/tikhon/Документы/magnolia/esp-idf/components/heap /home/tikhon/Документы/magnolia/esp-idf/components/http_parser /home/tikhon/Документы/magnolia/esp-idf/components/idf_test /home/tikhon/Документы/magnolia/esp-idf/components/ieee802154 /home/tikhon/Документы/magnolia/esp-idf/components/json /home/tikhon/Документы/magnolia/esp-idf/components/log /home/tikhon/Документы/magnolia/esp-idf/components/lwip /home/tikhon/Документы/magnolia/applets/zig/zhexdump/main /home/tikhon/Документы/magnolia/esp-idf/components/mbedtls /home/tikhon/Документы/magnolia/esp-idf/components/mqtt /home/tikhon/Документы/magnolia/esp-idf/components/newlib /home/tikhon/Документы/magnolia/esp-idf/components/nvs_flash /home/tikhon/Документы/magnolia/esp-idf/components/nvs_sec_provider /home/tikhon/Документы/magnolia/esp-idf/components/openthread /home/tikhon/Документы/magnolia/esp-idf/components/partition_table /home/tikhon/Документы/magnolia/esp-idf/components/perfmon /home/tikhon/Документы/magnolia/esp-idf/components/protobuf-c /home/tikhon/Документы/magnolia/esp-idf/components/protocomm /home/tikhon/Документы/magnolia/esp-idf/components/pthread /home/tikhon/Документы/magnolia/esp-idf/components/rt /home/tikhon/Документы/magnolia/esp-idf/components/sdmmc /home/tikhon/Документы/magnolia/esp-idf/components/soc /home/tikhon/Документы/magnolia/esp-idf/components/spi_flash /home/tikhon/Документы/magnolia/esp-idf/components/spiffs /home/tikhon/Документы/magnolia/esp-idf/components/tcp_transport /home/tikhon/Документы/magnolia/esp-idf/components/touch_element /home/tikhon/Документы/magnolia/esp-idf/components/ulp /home/tikhon/Документы/magnolia/esp-idf/components/unity /home/tikhon/Документы/magnolia/esp-idf/components/usb /home/tikhon/Документы/magnolia/esp-idf/components/vfs /home/tikhon/Документы/magnolia/esp-idf/components/wear_levelling /home/tikhon/Документы/magnolia/esp-idf/components/wifi_provisioning /home/tikhon/Документы/magnolia/esp-idf/components/wpa_supplicant /home/tikhon/Документы/magnolia/esp-idf/components/xtensa
-- Configuring done (5.2s)
-- Components: app_trace app_update bootloader bootloader_support bt cmock console cxx driver efuse esp-tls esp_adc esp_app_format esp_bootloader_format esp_coex esp_common esp_driver_ana_cmpr esp_driver_bitscrambler esp_driver_cam esp_driver_dac esp_driver_gpio esp_driver_gptimer esp_driver_i2c esp_driver_i2s esp_driver_i3c esp_driver_isp esp_driver_jpeg esp_driver_ledc esp_driver_mcpwm esp_driver_parlio esp_driver_pcnt esp_driver_ppa esp_driver_rmt esp_driver_sd_intf esp_driver_sdio esp_driver_sdm esp_driver_sdmmc esp_driver_sdspi esp_driver_spi esp_driver_touch_sens esp_driver_tsens esp_driver_twai esp_driver_uart esp_driver_usb_serial_jtag esp_eth esp_event esp_gdbstub esp_hid esp_http_client esp_http_server esp_https_ota esp_https_server esp_hw_support esp_lcd esp_local_ctrl esp_mm esp_netif esp_netif_stack esp_partition esp_phy esp_pm esp_psram esp_ringbuf esp_rom esp_security esp_system esp_timer esp_vfs_console esp_wifi espcoredump espressif__cmake_utilities espressif__elf_loader esptool_py fatfs freertos hal heap http_parser idf_test ieee802154 json log lwip main mbedtls mqtt newlib nvs_flash nvs_sec_provider openthread partition_table perfmon protobuf-c protocomm pthread rt sdmmc soc spi_flash spiffs tcp_transport touch_element ulp unity usb vfs wear_levelling wifi_provisioning wpa_supplicant xtensa
-- Component paths: /home/tikhon/Документы/magnolia/esp-idf/components/app_trace /home/tikhon/Документы/magnolia/esp-idf/components/app_update /home/tikhon/Документы/magnolia/esp-idf/components/bootloader /home/tikhon/Документы/magnolia/esp-idf/components/bootloader_support /home/tikhon/Документы/magnolia/esp-idf/components/bt /home/tikhon/Документы/magnolia/esp-idf/components/cmock /home/tikhon/Документы/magnolia/esp-idf/components/console /home/tikhon/Документы/magnolia/esp-idf/components/cxx /home/tikhon/Документы/magnolia/esp-idf/components/driver /home/tikhon/Документы/magnolia/esp-idf/components/efuse /home/tikhon/Документы/magnolia/esp-idf/components/esp-tls /home/tikhon/Документы/magnolia/esp-idf/components/esp_adc /home/tikhon/Документы/magnolia/esp-idf/components/esp_app_format /home/tikhon/Документы/magnolia/esp-idf/components/esp_bootloader_format /home/tikhon/Документы/magnolia/esp-idf/components/esp_coex /home/tikhon/Документы/magnolia/esp-idf/components/esp_common /home/tikhon/Документы/magnolia/esp-idf/components/esp_driver_ana_cmpr /home/tikhon/Документы/magnolia/esp-idf/components/esp_driver_bitscrambler /home/tikhon/Документы/magnolia/esp-idf/components/esp_driver_cam /home/tikhon/Документы/magnolia/esp-idf/components/esp_driver_dac /home/tikhon/Документы/magnolia/esp-idf/components/esp_driver_gpio /home/tikhon/Документы/magnolia/esp-idf/components/esp_driver_gptimer /home/tikhon/Документы/magnolia/esp-idf/components/esp_driver_i2c /home/tikhon/Документы/magnolia/esp-idf/components/esp_driver_i2s /home/tikhon/Документы/magnolia/esp-idf/components/esp_driver_i3c /home/tikhon/Документы/magnolia/esp-idf/components/esp_driver_isp /home/tikhon/Документы/magnolia/esp-idf/components/esp_driver_jpeg /home/tikhon/Документы/magnolia/esp-idf/components/esp_driver_ledc /home/tikhon/Документы/magnolia/esp-idf/components/esp_driver_mcpwm /home/tikhon/Документы/magnolia/esp-idf/components/esp_driver_parlio /home/tikhon/Документы/magnolia/esp-idf/components/esp_driver_pcnt /home/tikhon/Документы/magnolia/esp-idf/components/esp_driver_ppa /home/tikhon/Документы/magnolia/esp-idf/components/esp_driver_rmt /home/tikhon/Документы/magnolia/esp-idf/components/esp_driver_sd_intf /home/tikhon/Документы/magnolia/esp-idf/components/esp_driver_sdio /home/tikhon/Документы/magnolia/esp-idf/components/esp_driver_sdm /home/tikhon/Документы/magnolia/esp-idf/components/esp_driver_sdmmc /home/tikhon/Документы/magnolia/esp-idf/components/esp_driver_sdspi /home/tikhon/Документы/magnolia/esp-idf/components/esp_driver_spi /home/tikhon/Документы/magnolia/esp-idf/components/esp_driver_touch_sens /home/tikhon/Документы/magnolia/esp-idf/components/esp_driver_tsens /home/tikhon/Документы/magnolia/esp-idf/components/esp_driver_twai /home/tikhon/Документы/magnolia/esp-idf/components/esp_driver_uart /home/tikhon/Документы/magnolia/esp-idf/components/esp_driver_usb_serial_jtag /home/tikhon/Документы/magnolia/esp-idf/components/esp_eth /home/tikhon/Документы/magnolia/esp-idf/components/esp_event /home/tikhon/Документы/magnolia/esp-idf/components/esp_gdbstub /home/tikhon/Документы/magnolia/esp-idf/components/esp_hid /home/tikhon/Документы/magnolia/esp-idf/components/esp_http_client /home/tikhon/Документы/magnolia/esp-idf/components/esp_http_server /home/tikhon/Документы/magnolia/esp-idf/components/esp_https_ota /home/tikhon/Документы/magnolia/esp-idf/components/esp_https_server /home/tikhon/Документы/magnolia/esp-idf/components/esp_hw_support /home/tikhon/Документы/magnolia/esp-idf/components/esp_lcd /home/tikhon/Документы/magnolia/esp-idf/components/esp_local_ctrl /home/tikhon/Документы/magnolia/esp-idf/components/esp_mm /home/tikhon/Документы/magnolia/esp-idf/components/esp_netif /home/tikhon/Документы/magnolia/esp-idf/components/esp_netif_stack /home/tikhon/Документы/magnolia/esp-idf/components/esp_partition /home/tikhon/Документы/magnolia/esp-idf/components/esp_phy /home/tikhon/Документы/magnolia/esp-idf/components/esp_pm /home/tikhon/Документы/magnolia/esp-idf/components/esp_psram /home/tikhon/Документы/magnolia/esp-idf/components/esp_ringbuf /home/tikhon/Документы/magnolia/esp-idf/components/esp_rom /home/tikhon/Документы/magnolia/esp-idf/components/esp_security /home/tikhon/Документы/magnolia/esp-idf/components/esp_system /home/tikhon/Документы/magnolia/esp-idf/components/esp_timer /home/tikhon/Документы/magnolia/esp-idf/components/esp_vfs_console /home/tikhon/Документы/magnolia/esp-idf/components/esp_wifi /home/tikhon/Документы/magnolia/esp-idf/components/espcoredump /home/tikhon/Документы/magnolia/applets/zig/zdd/managed_components/espressif__cmake_utilities /home/tikhon/Документы/magnolia/applets/zig/zdd/managed_components/espressif__elf_loader /home/tikhon/Документы/magnolia/esp-idf/components/esptool_py /home/tikhon/Документы/magnolia/esp-idf/components/fatfs /home/tikhon/Документы/magnolia/esp-idf/components/freertos /home/tikhon/Документы/magnolia/esp-idf/components/hal /home/tikhon/Документы/magnolia/esp-idf/components/heap /home/tikhon/Документы/magnolia/esp-idf/components/http_parser /home/tikhon/Документы/magnolia/esp-idf/components/idf_test /home/tikhon/Документы/magnolia/esp-idf/components/ieee802154 /home/tikhon/Документы/magnolia/esp-idf/components/json /home/tikhon/Документы/magnolia/esp-idf/components/log /home/tikhon/Документы/magnolia/esp-idf/components/lwip /home/tikhon/Документы/magnolia/applets/zig/zdd/main /home/tikhon/Документы/magnolia/esp-idf/components/mbedtls /home/tikhon/Документы/magnolia/esp-idf/components/mqtt /home/tikhon/Документы/magnolia/esp-idf/components/newlib /home/tikhon/Документы/magnolia/esp-idf/components/nvs_flash /home/tikhon/Документы/magnolia/esp-idf/components/nvs_sec_provider /home/tikhon/Документы/magnolia/esp-idf/components/openthread /home/tikhon/Документы/magnolia/esp-idf/components/partition_table /home/tikhon/Документы/magnolia/esp-idf/components/perfmon /home/tikhon/Документы/magnolia/esp-idf/components/protobuf-c /home/tikhon/Документы/magnolia/esp-idf/components/protocomm /home/tikhon/Документы/magnolia/esp-idf/components/pthread /home/tikhon/Документы/magnolia/esp-idf/components/rt /home/tikhon/Документы/magnolia/esp-idf/components/sdmmc /home/tikhon/Документы/magnolia/esp-idf/components/soc /home/tikhon/Документы/magnolia/esp-idf/components/spi_flash /home/tikhon/Документы/magnolia/esp-idf/components/spiffs /home/tikhon/Документы/magnolia/esp-idf/components/tcp_transport /home/tikhon/Документы/magnolia/esp-idf/components/touch_element /home/tikhon/Документы/magnolia/esp-idf/components/ulp /home/tikhon/Документы/magnolia/esp-idf/components/unity /home/tikhon/Документы/magnolia/esp-idf/components/usb /home/tikhon/Документы/magnolia/esp-idf/components/vfs /home/tikhon/Документы/magnolia/esp-idf/components/wear_levelling /home/tikhon/Документы/magnolia/esp-idf/components/wifi_provisioning /home/tikhon/Документы/magnolia/esp-idf/components/wpa_supplicant /home/tikhon/Документы/magnolia/esp-idf/components/xtensa
-- Configuring done (5.1s)
-- Components: app_trace app_update bootloader bootloader_support bt cmock console cxx driver efuse esp-tls esp_adc esp_app_format esp_bootloader_format esp_coex esp_common esp_driver_ana_cmpr esp_driver_bitscrambler esp_driver_cam esp_driver_dac esp_driver_gpio esp_driver_gptimer esp_driver_i2c esp_driver_i2s esp_driver_i3c esp_driver_isp esp_driver_jpeg esp_driver_ledc esp_driver_mcpwm esp_driver_parlio esp_driver_pcnt esp_driver_ppa esp_driver_rmt esp_driver_sd_intf esp_driver_sdio esp_driver_sdm esp_driver_sdmmc esp_driver_sdspi esp_driver_spi esp_driver_touch_sens esp_driver_tsens esp_driver_twai esp_driver_uart esp_driver_usb_serial_jtag esp_eth esp_event esp_gdbstub esp_hid esp_http_client esp_http_server esp_https_ota esp_https_server esp_hw_support esp_lcd esp_local_ctrl esp_mm esp_netif esp_netif_stack esp_partition esp_phy esp_pm esp_psram esp_ringbuf esp_rom esp_security esp_system esp_timer esp_vfs_console esp_wifi espcoredump espressif__cmake_utilities espressif__elf_loader esptool_py fatfs freertos hal heap http_parser idf_test ieee802154 json log lwip main mbedtls mqtt newlib nvs_flash nvs_sec_provider openthread partition_table perfmon protobuf-c protocomm pthread rt sdmmc soc spi_flash spiffs tcp_transport touch_element ulp unity usb vfs wear_levelling wifi_provisioning wpa_supplicant xtensa
-- Component paths: /home/tikhon/Документы/magnolia/esp-idf/components/app_trace /home/tikhon/Документы/magnolia/esp-idf/components/app_update /home/tikhon/Документы/magnolia/esp-idf/components/bootloader /home/tikhon/Документы/magnolia/esp-idf/components/bootloader_support /home/tikhon/Документы/magnolia/esp-idf/components/bt /home/tikhon/Документы/magnolia/esp-idf/components/cmock /home/tikhon/Документы/magnolia/esp-idf/components/console /home/tikhon/Документы/magnolia/esp-idf/components/cxx /home/tikhon/Документы/magnolia/esp-idf/components/driver /home/tikhon/Документы/magnolia/esp-idf/components/efuse /home/tikhon/Документы/magnolia/esp-idf/components/esp-tls /home/tikhon/Документы/magnolia/esp-idf/components/esp_adc /home/tikhon/Документы/magnolia/esp-idf/components/esp_app_format /home/tikhon/Документы/magnolia/esp-idf/components/esp_bootloader_format /home/tikhon/Документы/magnolia/esp-idf/components/esp_coex /home/tikhon/Документы/magnolia/esp-idf/components/esp_common /home/tikhon/Документы/magnolia/esp-idf/components/esp_driver_ana_cmpr /home/tikhon/Документы/magnolia/esp-idf/components/esp_driver_bitscrambler /home/tikhon/Документы/magnolia/esp-idf/components/esp_driver_cam /home/tikhon/Документы/magnolia/esp-idf/components/esp_driver_dac /home/tikhon/Документы/magnolia/esp-idf/components/esp_driver_gpio /home/tikhon/Документы/magnolia/esp-idf/components/esp_driver_gptimer /home/tikhon/Документы/magnolia/esp-idf/components/esp_driver_i2c /home/tikhon/Документы/magnolia/esp-idf/components/esp_driver_i2s /home/tikhon/Документы/magnolia/esp-idf/components/esp_driver_i3c /home/tikhon/Документы/magnolia/esp-idf/components/esp_driver_isp /home/tikhon/Документы/magnolia/esp-idf/components/esp_driver_jpeg /home/tikhon/Документы/magnolia/esp-idf/components/esp_driver_ledc /home/tikhon/Документы/magnolia/esp-idf/components/esp_driver_mcpwm /home/tikhon/Документы/magnolia/esp-idf/components/esp_driver_parlio /home/tikhon/Документы/magnolia/esp-idf/components/esp_driver_pcnt /home/tikhon/Документы/magnolia/esp-idf/components/esp_driver_ppa /home/tikhon/Документы/magnolia/esp-idf/components/esp_driver_rmt /home/tikhon/Документы/magnolia/esp-idf/components/esp_driver_sd_intf /home/tikhon/Документы/magnolia/esp-idf/components/esp_driver_sdio /home/tikhon/Документы/magnolia/esp-idf/components/esp_driver_sdm /home/tikhon/Документы/magnolia/esp-idf/components/esp_driver_sdmmc /home/tikhon/Документы/magnolia/esp-idf/components/esp_driver_sdspi /home/tikhon/Документы/magnolia/esp-idf/components/esp_driver_spi /home/tikhon/Документы/magnolia/esp-idf/components/esp_driver_touch_sens /home/tikhon/Документы/magnolia/esp-idf/components/esp_driver_tsens /home/tikhon/Документы/magnolia/esp-idf/components/esp_driver_twai /home/tikhon/Документы/magnolia/esp-idf/components/esp_driver_uart /home/tikhon/Документы/magnolia/esp-idf/components/esp_driver_usb_serial_jtag /home/tikhon/Документы/magnolia/esp-idf/components/esp_eth /home/tikhon/Документы/magnolia/esp-idf/components/esp_event /home/tikhon/Документы/magnolia/esp-idf/components/esp_gdbstub /home/tikhon/Документы/magnolia/esp-idf/components/esp_hid /home/tikhon/Документы/magnolia/esp-idf/components/esp_http_client /home/tikhon/Документы/magnolia/esp-idf/components/esp_http_server /home/tikhon/Документы/magnolia/esp-idf/components/esp_https_ota /home/tikhon/Документы/magnolia/esp-idf/components/esp_https_server /home/tikhon/Документы/magnolia/esp-idf/components/esp_hw_support /home/tikhon/Документы/magnolia/esp-idf/components/esp_lcd /home/tikhon/Документы/magnolia/esp-idf/components/esp_local_ctrl /home/tikhon/Документы/magnolia/esp-idf/components/esp_mm /home/tikhon/Документы/magnolia/esp-idf/components/esp_netif /home/tikhon/Документы/magnolia/esp-idf/components/esp_netif_stack /home/tikhon/Документы/magnolia/esp-idf/components/esp_partition /home/tikhon/Документы/magnolia/esp-idf/components/esp_phy /home/tikhon/Документы/magnolia/esp-idf/components/esp_pm /home/tikhon/Документы/magnolia/esp-idf/components/esp_psram /home/tikhon/Документы/magnolia/esp-idf/components/esp_ringbuf /home/tikhon/Документы/magnolia/esp-idf/components/esp_rom /home/tikhon/Документы/magnolia/esp-idf/components/esp_security /home/tikhon/Документы/magnolia/esp-idf/components/esp_system /home/tikhon/Документы/magnolia/esp-idf/components/esp_timer /home/tikhon/Документы/magnolia/esp-idf/components/esp_vfs_console /home/tikhon/Документы/magnolia/esp-idf/components/esp_wifi /home/tikhon/Документы/magnolia/esp-idf/components/espcoredump /home/tikhon/Документы/magnolia/applets/zig/zighello/managed_components/espressif__cmake_utilities /home/tikhon/Документы/magnolia/applets/zig/zighello/managed_components/espressif__elf_loader /home/tikhon/Документы/magnolia/esp-idf/components/esptool_py /home/tikhon/Документы/magnolia/esp-idf/components/fatfs /home/tikhon/Документы/magnolia/esp-idf/components/freertos /home/tikhon/Документы/magnolia/esp-idf/components/hal /home/tikhon/Документы/magnolia/esp-idf/components/heap /home/tikhon/Документы/magnolia/esp-idf/components/http_parser /home/tikhon/Документы/magnolia/esp-idf/components/idf_test /home/tikhon/Документы/magnolia/esp-idf/components/ieee802154 /home/tikhon/Документы/magnolia/esp-idf/components/json /home/tikhon/Документы/magnolia/esp-idf/components/log /home/tikhon/Документы/magnolia/esp-idf/components/lwip /home/tikhon/Документы/magnolia/applets/zig/zighello/main /home/tikhon/Документы/magnolia/esp-idf/components/mbedtls /home/tikhon/Документы/magnolia/esp-idf/components/mqtt /home/tikhon/Документы/magnolia/esp-idf/components/newlib /home/tikhon/Документы/magnolia/esp-idf/components/nvs_flash /home/tikhon/Документы/magnolia/esp-idf/components/nvs_sec_provider /home/tikhon/Документы/magnolia/esp-idf/components/openthread /home/tikhon/Документы/magnolia/esp-idf/components/partition_table /home/tikhon/Документы/magnolia/esp-idf/components/perfmon /home/tikhon/Документы/magnolia/esp-idf/components/protobuf-c /home/tikhon/Документы/magnolia/esp-idf/components/protocomm /home/tikhon/Документы/magnolia/esp-idf/components/pthread /home/tikhon/Документы/magnolia/esp-idf/components/rt /home/tikhon/Документы/magnolia/esp-idf/components/sdmmc /home/tikhon/Документы/magnolia/esp-idf/components/soc /home/tikhon/Документы/magnolia/esp-idf/components/spi_flash /home/tikhon/Документы/magnolia/esp-idf/components/spiffs /home/tikhon/Документы/magnolia/esp-idf/components/tcp_transport /home/tikhon/Документы/magnolia/esp-idf/components/touch_element /home/tikhon/Документы/magnolia/esp-idf/components/ulp /home/tikhon/Документы/magnolia/esp-idf/components/unity /home/tikhon/Документы/magnolia/esp-idf/components/usb /home/tikhon/Документы/magnolia/esp-idf/components/vfs /home/tikhon/Документы/magnolia/esp-idf/components/wear_levelling /home/tikhon/Документы/magnolia/esp-idf/components/wifi_provisioning /home/tikhon/Документы/magnolia/esp-idf/components/wpa_supplicant /home/tikhon/Документы/magnolia/esp-idf/components/xtensa
-- Configuring done (4.6s)
-- Generating done (0.3s)
-- Generating done (0.3s)
-- Build files have been written to: /home/tikhon/Документы/magnolia/applets/zig/zigtest/build
-- Generating done (0.3s)
-- Build files have been written to: /home/tikhon/Документы/magnolia/applets/zig/zxxd/build
-- Build files have been written to: /home/tikhon/Документы/magnolia/applets/zig/zigdemo/build
-- Generating done (0.3s)
-- Build files have been written to: /home/tikhon/Документы/magnolia/applets/zig/zhexdump/build
-- Generating done (0.3s)
-- Build files have been written to: /home/tikhon/Документы/magnolia/applets/zig/zighello/build
-- Generating done (0.3s)
-- Build files have been written to: /home/tikhon/Документы/magnolia/applets/zig/zdd/build
[0/4] Re-checking globbed directories...
[0/4] Re-checking globbed directories...
[0/4] Re-checking globbed directories...
[0/4] Re-checking globbed directories...
[0/4] Re-checking globbed directories...
[0/4] Re-checking globbed directories...
[1/6] Zig build-obj: zigtest -> /home/tikhon/Документы/magnolia/applets/zig/zigtest/build/esp-idf/main/zigtest.zig.o
FAILED: esp-idf/main/zigtest.zig.o /home/tikhon/Документы/magnolia/applets/zig/zigtest/build/esp-idf/main/zigtest.zig.o 
cd /home/tikhon/Документы/magnolia/applets/zig/zigtest/build/esp-idf/main && python3 /home/tikhon/Документы/magnolia/tools/zig_xtensa_toolchain.py --install-dir /home/tikhon/Документы/magnolia/build/toolchains/zig-xtensa && /home/tikhon/Документы/magnolia/build/toolchains/zig-xtensa/zig build-obj -target xtensa-freestanding-none -mcpu esp32s3 -OReleaseSmall -lc --dep magnolia -Mroot=/home/tikhon/Документы/magnolia/applets/zig/zigtest/main/zigtest.zig -Mmagnolia=/home/tikhon/Документы/magnolia/sdk/zig/magnolia.zig -femit-bin=/home/tikhon/Документы/magnolia/applets/zig/zigtest/build/esp-idf/main/zigtest.zig.o && /home/tikhon/.espressif/tools/xtensa-esp-elf/esp-15.1.0_20250607/xtensa-esp-elf/bin/xtensa-esp32s3-elf-objcopy --set-section-flags .literal=alloc,load,contents,data /home/tikhon/Документы/magnolia/applets/zig/zigtest/build/esp-idf/main/zigtest.zig.o && /home/tikhon/.espressif/tools/xtensa-esp-elf/esp-15.1.0_20250607/xtensa-esp-elf/bin/xtensa-esp32s3-elf-objcopy --set-section-flags .rodata=alloc,load,contents,data /home/tikhon/Документы/magnolia/applets/zig/zigtest/build/esp-idf/main/zigtest.zig.o
0.14.0-dev.xtensa.2486+941677e08
/home/tikhon/Документы/magnolia/sdk/zig/magnolia/mem.zig:13:17: error: ambiguous reference
/home/tikhon/Документы/magnolia/sdk/zig/magnolia/mem.zig:30:5: note: declared here
/home/tikhon/Документы/magnolia/sdk/zig/magnolia/mem.zig:60:5: note: also declared here
ninja: build stopped: subcommand failed.
[1/8] Zig build-obj: xxd -> /home/tikhon/Документы/magnolia/applets/zig/zxxd/build/esp-idf/main/xxd.zig.o
FAILED: esp-idf/main/xxd.zig.o /home/tikhon/Документы/magnolia/applets/zig/zxxd/build/esp-idf/main/xxd.zig.o 
cd /home/tikhon/Документы/magnolia/applets/zig/zxxd/build/esp-idf/main && python3 /home/tikhon/Документы/magnolia/tools/zig_xtensa_toolchain.py --install-dir /home/tikhon/Документы/magnolia/build/toolchains/zig-xtensa && /home/tikhon/Документы/magnolia/build/toolchains/zig-xtensa/zig build-obj -target xtensa-freestanding-none -mcpu esp32s3 -OReleaseSmall -lc --dep magnolia -Mroot=/home/tikhon/Документы/magnolia/applets/zig/zxxd/main/xxd.zig -Mmagnolia=/home/tikhon/Документы/magnolia/sdk/zig/magnolia.zig -femit-bin=/home/tikhon/Документы/magnolia/applets/zig/zxxd/build/esp-idf/main/xxd.zig.o && /home/tikhon/.espressif/tools/xtensa-esp-elf/esp-15.1.0_20250607/xtensa-esp-elf/bin/xtensa-esp32s3-elf-objcopy --set-section-flags .literal=alloc,load,contents,data /home/tikhon/Документы/magnolia/applets/zig/zxxd/build/esp-idf/main/xxd.zig.o && /home/tikhon/.espressif/tools/xtensa-esp-elf/esp-15.1.0_20250607/xtensa-esp-elf/bin/xtensa-esp32s3-elf-objcopy --set-section-flags .rodata=alloc,load,contents,data /home/tikhon/Документы/magnolia/applets/zig/zxxd/build/esp-idf/main/xxd.zig.o
0.14.0-dev.xtensa.2486+941677e08
/home/tikhon/Документы/magnolia/sdk/zig/magnolia/mem.zig:13:17: error: ambiguous reference
/home/tikhon/Документы/magnolia/sdk/zig/magnolia/mem.zig:30:5: note: declared here
/home/tikhon/Документы/magnolia/sdk/zig/magnolia/mem.zig:60:5: note: also declared here
/home/tikhon/Документы/magnolia/build/toolchains/zig-xtensa/zig-relsafe-espressif-x86_64-linux-musl-baseline/lib/std/heap/PageAllocator.zig:42:19: error: type 'void' has no members
/home/tikhon/Документы/magnolia/build/toolchains/zig-xtensa/zig-relsafe-espressif-x86_64-linux-musl-baseline/lib/std/posix.zig:247:48: error: type 'void' not a function
/home/tikhon/Документы/magnolia/build/toolchains/zig-xtensa/zig-relsafe-espressif-x86_64-linux-musl-baseline/lib/std/posix.zig:4773:10: error: expected type 'void', found '@Type(.enum_literal)'
/home/tikhon/Документы/magnolia/applets/zig/zxxd/main/xxd.zig:301:27: error: root source file struct 'std' has no member named 'cstr'
/home/tikhon/Документы/magnolia/build/toolchains/zig-xtensa/zig-relsafe-espressif-x86_64-linux-musl-baseline/lib/std/std.zig:1:1: note: struct declared here
ninja: build stopped: subcommand failed.
[1/6] Zig build-obj: zigdemo -> /home/tikhon/Документы/magnolia/applets/zig/zigdemo/build/esp-idf/main/zigdemo.zig.o
FAILED: esp-idf/main/zigdemo.zig.o /home/tikhon/Документы/magnolia/applets/zig/zigdemo/build/esp-idf/main/zigdemo.zig.o 
cd /home/tikhon/Документы/magnolia/applets/zig/zigdemo/build/esp-idf/main && python3 /home/tikhon/Документы/magnolia/tools/zig_xtensa_toolchain.py --install-dir /home/tikhon/Документы/magnolia/build/toolchains/zig-xtensa && /home/tikhon/Документы/magnolia/build/toolchains/zig-xtensa/zig build-obj -target xtensa-freestanding-none -mcpu esp32s3 -OReleaseSmall -lc --dep magnolia -Mroot=/home/tikhon/Документы/magnolia/applets/zig/zigdemo/main/zigdemo.zig -Mmagnolia=/home/tikhon/Документы/magnolia/sdk/zig/magnolia.zig -femit-bin=/home/tikhon/Документы/magnolia/applets/zig/zigdemo/build/esp-idf/main/zigdemo.zig.o && /home/tikhon/.espressif/tools/xtensa-esp-elf/esp-15.1.0_20250607/xtensa-esp-elf/bin/xtensa-esp32s3-elf-objcopy --set-section-flags .literal=alloc,load,contents,data /home/tikhon/Документы/magnolia/applets/zig/zigdemo/build/esp-idf/main/zigdemo.zig.o && /home/tikhon/.espressif/tools/xtensa-esp-elf/esp-15.1.0_20250607/xtensa-esp-elf/bin/xtensa-esp32s3-elf-objcopy --set-section-flags .rodata=alloc,load,contents,data /home/tikhon/Документы/magnolia/applets/zig/zigdemo/build/esp-idf/main/zigdemo.zig.o
0.14.0-dev.xtensa.2486+941677e08
/home/tikhon/Документы/magnolia/sdk/zig/magnolia/mem.zig:13:17: error: ambiguous reference
/home/tikhon/Документы/magnolia/sdk/zig/magnolia/mem.zig:30:5: note: declared here
/home/tikhon/Документы/magnolia/sdk/zig/magnolia/mem.zig:60:5: note: also declared here
ninja: build stopped: subcommand failed.
[1/8] Zig build-obj: hexdump -> /home/tikhon/Документы/magnolia/applets/zig/zhexdump/build/esp-idf/main/hexdump.zig.o
FAILED: esp-idf/main/hexdump.zig.o /home/tikhon/Документы/magnolia/applets/zig/zhexdump/build/esp-idf/main/hexdump.zig.o 
cd /home/tikhon/Документы/magnolia/applets/zig/zhexdump/build/esp-idf/main && python3 /home/tikhon/Документы/magnolia/tools/zig_xtensa_toolchain.py --install-dir /home/tikhon/Документы/magnolia/build/toolchains/zig-xtensa && /home/tikhon/Документы/magnolia/build/toolchains/zig-xtensa/zig build-obj -target xtensa-freestanding-none -mcpu esp32s3 -OReleaseSmall -lc --dep magnolia -Mroot=/home/tikhon/Документы/magnolia/applets/zig/zhexdump/main/hexdump.zig -Mmagnolia=/home/tikhon/Документы/magnolia/sdk/zig/magnolia.zig -femit-bin=/home/tikhon/Документы/magnolia/applets/zig/zhexdump/build/esp-idf/main/hexdump.zig.o && /home/tikhon/.espressif/tools/xtensa-esp-elf/esp-15.1.0_20250607/xtensa-esp-elf/bin/xtensa-esp32s3-elf-objcopy --set-section-flags .literal=alloc,load,contents,data /home/tikhon/Документы/magnolia/applets/zig/zhexdump/build/esp-idf/main/hexdump.zig.o && /home/tikhon/.espressif/tools/xtensa-esp-elf/esp-15.1.0_20250607/xtensa-esp-elf/bin/xtensa-esp32s3-elf-objcopy --set-section-flags .rodata=alloc,load,contents,data /home/tikhon/Документы/magnolia/applets/zig/zhexdump/build/esp-idf/main/hexdump.zig.o
0.14.0-dev.xtensa.2486+941677e08
/home/tikhon/Документы/magnolia/sdk/zig/magnolia/mem.zig:13:17: error: ambiguous reference
/home/tikhon/Документы/magnolia/sdk/zig/magnolia/mem.zig:30:5: note: declared here
/home/tikhon/Документы/magnolia/sdk/zig/magnolia/mem.zig:60:5: note: also declared here
ninja: build stopped: subcommand failed.
[1/6] Zig build-obj: zighello -> /home/tikhon/Документы/magnolia/applets/zig/zighello/build/esp-idf/main/zighello.zig.o
FAILED: esp-idf/main/zighello.zig.o /home/tikhon/Документы/magnolia/applets/zig/zighello/build/esp-idf/main/zighello.zig.o 
cd /home/tikhon/Документы/magnolia/applets/zig/zighello/build/esp-idf/main && python3 /home/tikhon/Документы/magnolia/tools/zig_xtensa_toolchain.py --install-dir /home/tikhon/Документы/magnolia/build/toolchains/zig-xtensa && /home/tikhon/Документы/magnolia/build/toolchains/zig-xtensa/zig build-obj -target xtensa-freestanding-none -mcpu esp32s3 -OReleaseSmall -lc --dep magnolia -Mroot=/home/tikhon/Документы/magnolia/applets/zig/zighello/main/zighello.zig -Mmagnolia=/home/tikhon/Документы/magnolia/sdk/zig/magnolia.zig -femit-bin=/home/tikhon/Документы/magnolia/applets/zig/zighello/build/esp-idf/main/zighello.zig.o && /home/tikhon/.espressif/tools/xtensa-esp-elf/esp-15.1.0_20250607/xtensa-esp-elf/bin/xtensa-esp32s3-elf-objcopy --set-section-flags .literal=alloc,load,contents,data /home/tikhon/Документы/magnolia/applets/zig/zighello/build/esp-idf/main/zighello.zig.o && /home/tikhon/.espressif/tools/xtensa-esp-elf/esp-15.1.0_20250607/xtensa-esp-elf/bin/xtensa-esp32s3-elf-objcopy --set-section-flags .rodata=alloc,load,contents,data /home/tikhon/Документы/magnolia/applets/zig/zighello/build/esp-idf/main/zighello.zig.o
0.14.0-dev.xtensa.2486+941677e08
/home/tikhon/Документы/magnolia/sdk/zig/magnolia/mem.zig:13:17: error: ambiguous reference
/home/tikhon/Документы/magnolia/sdk/zig/magnolia/mem.zig:30:5: note: declared here
/home/tikhon/Документы/magnolia/sdk/zig/magnolia/mem.zig:60:5: note: also declared here
ninja: build stopped: subcommand failed.
[1/8] Zig build-obj: dd -> /home/tikhon/Документы/magnolia/applets/zig/zdd/build/esp-idf/main/dd.zig.o
FAILED: esp-idf/main/dd.zig.o /home/tikhon/Документы/magnolia/applets/zig/zdd/build/esp-idf/main/dd.zig.o 
cd /home/tikhon/Документы/magnolia/applets/zig/zdd/build/esp-idf/main && python3 /home/tikhon/Документы/magnolia/tools/zig_xtensa_toolchain.py --install-dir /home/tikhon/Документы/magnolia/build/toolchains/zig-xtensa && /home/tikhon/Документы/magnolia/build/toolchains/zig-xtensa/zig build-obj -target xtensa-freestanding-none -mcpu esp32s3 -OReleaseSmall -lc --dep magnolia -Mroot=/home/tikhon/Документы/magnolia/applets/zig/zdd/main/dd.zig -Mmagnolia=/home/tikhon/Документы/magnolia/sdk/zig/magnolia.zig -femit-bin=/home/tikhon/Документы/magnolia/applets/zig/zdd/build/esp-idf/main/dd.zig.o && /home/tikhon/.espressif/tools/xtensa-esp-elf/esp-15.1.0_20250607/xtensa-esp-elf/bin/xtensa-esp32s3-elf-objcopy --set-section-flags .literal=alloc,load,contents,data /home/tikhon/Документы/magnolia/applets/zig/zdd/build/esp-idf/main/dd.zig.o && /home/tikhon/.espressif/tools/xtensa-esp-elf/esp-15.1.0_20250607/xtensa-esp-elf/bin/xtensa-esp32s3-elf-objcopy --set-section-flags .rodata=alloc,load,contents,data /home/tikhon/Документы/magnolia/applets/zig/zdd/build/esp-idf/main/dd.zig.o
0.14.0-dev.xtensa.2486+941677e08
/home/tikhon/Документы/magnolia/sdk/zig/magnolia/mem.zig:13:17: error: ambiguous reference
/home/tikhon/Документы/magnolia/sdk/zig/magnolia/mem.zig:30:5: note: declared here
/home/tikhon/Документы/magnolia/sdk/zig/magnolia/mem.zig:60:5: note: also declared here
/home/tikhon/Документы/magnolia/applets/zig/zdd/main/dd.zig:269:66: error: expected type 'usize', found 'u64'
/home/tikhon/Документы/magnolia/applets/zig/zdd/main/dd.zig:269:66: note: unsigned 32-bit int cannot represent all possible unsigned 64-bit values
ninja: build stopped: subcommand failed.
Command failed (2): idf.py elf
Elf target failed for zigtest; running `idf.py build` instead.
+ idf.py build
Command failed (2): idf.py elf
Elf target failed for zxxd; running `idf.py build` instead.
+ idf.py build
Command failed (2): idf.py elf
Elf target failed for zigdemo; running `idf.py build` instead.
+ idf.py build
Command failed (2): idf.py elf
Elf target failed for zighello; running `idf.py build` instead.
+ idf.py build
Command failed (2): idf.py elf
Elf target failed for zhexdump; running `idf.py build` instead.
+ idf.py build
Command failed (2): idf.py elf
Elf target failed for zdd; running `idf.py build` instead.
+ idf.py build
Executing action: all (aliases: build)
Running ninja in directory /home/tikhon/Документы/magnolia/applets/zig/zigtest/build
Executing "ninja all"...
[0/2] Re-checking globbed directories...
Executing action: all (aliases: build)
Running ninja in directory /home/tikhon/Документы/magnolia/applets/zig/zxxd/build
Executing "ninja all"...
[0/2] Re-checking globbed directories...
[1/19] Generating project_elf_src_esp32s3.c
[1/14] Performing build step for 'bootloader'
[1/1] cd /home/tikhon/Документы/magnolia/applets/zig/zxxd/build/bootloader && /home/tikhon/.espressif/python_env/idf6.0_py3.12_env/bin/python /home/tikhon/Документы/magnolia/esp-idf/components/partition_table/check_sizes.py --offset 0x8000 bootloader 0x0 /home/tikhon/Документы/magnolia/applets/zig/zxxd/build/bootloader/bootloader.bin
Bootloader binary size 0x5320 bytes. 0x2ce0 bytes (35%) free.
Executing action: all (aliases: build)
Running ninja in directory /home/tikhon/Документы/magnolia/applets/zig/zigdemo/build
Executing "ninja all"...
[0/2] Re-checking globbed directories...
[2/14] No install step for 'bootloader'
Executing action: all (aliases: build)
Running ninja in directory /home/tikhon/Документы/magnolia/applets/zig/zighello/build
Executing "ninja all"...
[0/2] Re-checking globbed directories...
[1/19] Generating project_elf_src_esp32s3.c
[2/19] Generating ../../partition_table/partition-table.bin
Partition table binary generated. Contents:
*******************************************************************************
# ESP-IDF Partition Table
# Name, Type, SubType, Offset, Size, Flags
nvs,data,nvs,0x9000,24K,
phy_init,data,phy,0xf000,4K,
factory,app,factory,0x10000,1M,
*******************************************************************************
[1/19] Generating project_elf_src_esp32s3.c
Executing action: all (aliases: build)
Running ninja in directory /home/tikhon/Документы/magnolia/applets/zig/zhexdump/build
Executing "ninja all"...
[0/2] Re-checking globbed directories...
[3/14] Completed 'bootloader'
[3/19] Creating directories for 'bootloader'
[4/19] No download step for 'bootloader'
Executing action: all (aliases: build)
Running ninja in directory /home/tikhon/Документы/magnolia/applets/zig/zdd/build
Executing "ninja all"...
[0/2] Re-checking globbed directories...
[5/19] No update step for 'bootloader'
[2/19] Generating ../../partition_table/partition-table.bin
Partition table binary generated. Contents:
*******************************************************************************
# ESP-IDF Partition Table
# Name, Type, SubType, Offset, Size, Flags
nvs,data,nvs,0x9000,24K,
[6/19] No patch step for 'bootloader'
phy_init,data,phy,0xf000,4K,
factory,app,factory,0x10000,1M,
*******************************************************************************
[3/19] Creating directories for 'bootloader'
[1/14] Performing build step for 'bootloader'
[1/1] cd /home/tikhon/Документы/magnolia/applets/zig/zhexdump/build/bootloader && /home/tikhon/.espressif/python_env/idf6.0_py3.12_env/bin/python /home/tikhon/Документы/magnolia/esp-idf/components/partition_table/check_sizes.py --offset 0x8000 bootloader 0x0 /home/tikhon/Документы/magnolia/applets/zig/zhexdump/build/bootloader/bootloader.bin
Bootloader binary size 0x5320 bytes. 0x2ce0 bytes (35%) free.
[2/19] Generating ../../partition_table/partition-table.bin
Partition table binary generated. Contents:
*******************************************************************************
# ESP-IDF Partition Table
# Name, Type, SubType, Offset, Size, Flags
nvs,data,nvs,0x9000,24K,
phy_init,data,phy,0xf000,4K,
factory,app,factory,0x10000,1M,
*******************************************************************************
[2/14] No install step for 'bootloader'
[1/14] Performing build step for 'bootloader'
[1/1] cd /home/tikhon/Документы/magnolia/applets/zig/zdd/build/bootloader && /home/tikhon/.espressif/python_env/idf6.0_py3.12_env/bin/python /home/tikhon/Документы/magnolia/esp-idf/components/partition_table/check_sizes.py --offset 0x8000 bootloader 0x0 /home/tikhon/Документы/magnolia/applets/zig/zdd/build/bootloader/bootloader.bin
Bootloader binary size 0x5320 bytes. 0x2ce0 bytes (35%) free.
[4/19] No download step for 'bootloader'
[2/14] No install step for 'bootloader'
[3/19] Creating directories for 'bootloader'
[5/19] No update step for 'bootloader'
[3/14] Completed 'bootloader'
[4/19] No download step for 'bootloader'
[6/19] No patch step for 'bootloader'
[3/14] Completed 'bootloader'
[5/19] No update step for 'bootloader'
[7/19] Zig build-obj: zigtest -> /home/tikhon/Документы/magnolia/applets/zig/zigtest/build/esp-idf/main/zigtest.zig.o
FAILED: esp-idf/main/zigtest.zig.o /home/tikhon/Документы/magnolia/applets/zig/zigtest/build/esp-idf/main/zigtest.zig.o 
cd /home/tikhon/Документы/magnolia/applets/zig/zigtest/build/esp-idf/main && python3 /home/tikhon/Документы/magnolia/tools/zig_xtensa_toolchain.py --install-dir /home/tikhon/Документы/magnolia/build/toolchains/zig-xtensa && /home/tikhon/Документы/magnolia/build/toolchains/zig-xtensa/zig build-obj -target xtensa-freestanding-none -mcpu esp32s3 -OReleaseSmall -lc --dep magnolia -Mroot=/home/tikhon/Документы/magnolia/applets/zig/zigtest/main/zigtest.zig -Mmagnolia=/home/tikhon/Документы/magnolia/sdk/zig/magnolia.zig -femit-bin=/home/tikhon/Документы/magnolia/applets/zig/zigtest/build/esp-idf/main/zigtest.zig.o && /home/tikhon/.espressif/tools/xtensa-esp-elf/esp-15.1.0_20250607/xtensa-esp-elf/bin/xtensa-esp32s3-elf-objcopy --set-section-flags .literal=alloc,load,contents,data /home/tikhon/Документы/magnolia/applets/zig/zigtest/build/esp-idf/main/zigtest.zig.o && /home/tikhon/.espressif/tools/xtensa-esp-elf/esp-15.1.0_20250607/xtensa-esp-elf/bin/xtensa-esp32s3-elf-objcopy --set-section-flags .rodata=alloc,load,contents,data /home/tikhon/Документы/magnolia/applets/zig/zigtest/build/esp-idf/main/zigtest.zig.o
0.14.0-dev.xtensa.2486+941677e08
/home/tikhon/Документы/magnolia/sdk/zig/magnolia/mem.zig:13:17: error: ambiguous reference
/home/tikhon/Документы/magnolia/sdk/zig/magnolia/mem.zig:30:5: note: declared here
/home/tikhon/Документы/magnolia/sdk/zig/magnolia/mem.zig:60:5: note: also declared here
[6/19] No patch step for 'bootloader'
[4/14] Zig build-obj: xxd -> /home/tikhon/Документы/magnolia/applets/zig/zxxd/build/esp-idf/main/xxd.zig.o
FAILED: esp-idf/main/xxd.zig.o /home/tikhon/Документы/magnolia/applets/zig/zxxd/build/esp-idf/main/xxd.zig.o 
cd /home/tikhon/Документы/magnolia/applets/zig/zxxd/build/esp-idf/main && python3 /home/tikhon/Документы/magnolia/tools/zig_xtensa_toolchain.py --install-dir /home/tikhon/Документы/magnolia/build/toolchains/zig-xtensa && /home/tikhon/Документы/magnolia/build/toolchains/zig-xtensa/zig build-obj -target xtensa-freestanding-none -mcpu esp32s3 -OReleaseSmall -lc --dep magnolia -Mroot=/home/tikhon/Документы/magnolia/applets/zig/zxxd/main/xxd.zig -Mmagnolia=/home/tikhon/Документы/magnolia/sdk/zig/magnolia.zig -femit-bin=/home/tikhon/Документы/magnolia/applets/zig/zxxd/build/esp-idf/main/xxd.zig.o && /home/tikhon/.espressif/tools/xtensa-esp-elf/esp-15.1.0_20250607/xtensa-esp-elf/bin/xtensa-esp32s3-elf-objcopy --set-section-flags .literal=alloc,load,contents,data /home/tikhon/Документы/magnolia/applets/zig/zxxd/build/esp-idf/main/xxd.zig.o && /home/tikhon/.espressif/tools/xtensa-esp-elf/esp-15.1.0_20250607/xtensa-esp-elf/bin/xtensa-esp32s3-elf-objcopy --set-section-flags .rodata=alloc,load,contents,data /home/tikhon/Документы/magnolia/applets/zig/zxxd/build/esp-idf/main/xxd.zig.o
0.14.0-dev.xtensa.2486+941677e08
/home/tikhon/Документы/magnolia/sdk/zig/magnolia/mem.zig:13:17: error: ambiguous reference
/home/tikhon/Документы/magnolia/sdk/zig/magnolia/mem.zig:30:5: note: declared here
/home/tikhon/Документы/magnolia/sdk/zig/magnolia/mem.zig:60:5: note: also declared here
/home/tikhon/Документы/magnolia/build/toolchains/zig-xtensa/zig-relsafe-espressif-x86_64-linux-musl-baseline/lib/std/heap/PageAllocator.zig:42:19: error: type 'void' has no members
/home/tikhon/Документы/magnolia/build/toolchains/zig-xtensa/zig-relsafe-espressif-x86_64-linux-musl-baseline/lib/std/posix.zig:247:48: error: type 'void' not a function
/home/tikhon/Документы/magnolia/build/toolchains/zig-xtensa/zig-relsafe-espressif-x86_64-linux-musl-baseline/lib/std/posix.zig:4773:10: error: expected type 'void', found '@Type(.enum_literal)'
/home/tikhon/Документы/magnolia/applets/zig/zxxd/main/xxd.zig:301:27: error: root source file struct 'std' has no member named 'cstr'
/home/tikhon/Документы/magnolia/build/toolchains/zig-xtensa/zig-relsafe-espressif-x86_64-linux-musl-baseline/lib/std/std.zig:1:1: note: struct declared here
ninja: build stopped: subcommand failed.
[7/19] Zig build-obj: zigdemo -> /home/tikhon/Документы/magnolia/applets/zig/zigdemo/build/esp-idf/main/zigdemo.zig.o
FAILED: esp-idf/main/zigdemo.zig.o /home/tikhon/Документы/magnolia/applets/zig/zigdemo/build/esp-idf/main/zigdemo.zig.o 
cd /home/tikhon/Документы/magnolia/applets/zig/zigdemo/build/esp-idf/main && python3 /home/tikhon/Документы/magnolia/tools/zig_xtensa_toolchain.py --install-dir /home/tikhon/Документы/magnolia/build/toolchains/zig-xtensa && /home/tikhon/Документы/magnolia/build/toolchains/zig-xtensa/zig build-obj -target xtensa-freestanding-none -mcpu esp32s3 -OReleaseSmall -lc --dep magnolia -Mroot=/home/tikhon/Документы/magnolia/applets/zig/zigdemo/main/zigdemo.zig -Mmagnolia=/home/tikhon/Документы/magnolia/sdk/zig/magnolia.zig -femit-bin=/home/tikhon/Документы/magnolia/applets/zig/zigdemo/build/esp-idf/main/zigdemo.zig.o && /home/tikhon/.espressif/tools/xtensa-esp-elf/esp-15.1.0_20250607/xtensa-esp-elf/bin/xtensa-esp32s3-elf-objcopy --set-section-flags .literal=alloc,load,contents,data /home/tikhon/Документы/magnolia/applets/zig/zigdemo/build/esp-idf/main/zigdemo.zig.o && /home/tikhon/.espressif/tools/xtensa-esp-elf/esp-15.1.0_20250607/xtensa-esp-elf/bin/xtensa-esp32s3-elf-objcopy --set-section-flags .rodata=alloc,load,contents,data /home/tikhon/Документы/magnolia/applets/zig/zigdemo/build/esp-idf/main/zigdemo.zig.o
0.14.0-dev.xtensa.2486+941677e08
/home/tikhon/Документы/magnolia/sdk/zig/magnolia/mem.zig:13:17: error: ambiguous reference
/home/tikhon/Документы/magnolia/sdk/zig/magnolia/mem.zig:30:5: note: declared here
/home/tikhon/Документы/magnolia/sdk/zig/magnolia/mem.zig:60:5: note: also declared here
[7/19] Zig build-obj: zighello -> /home/tikhon/Документы/magnolia/applets/zig/zighello/build/esp-idf/main/zighello.zig.o
FAILED: esp-idf/main/zighello.zig.o /home/tikhon/Документы/magnolia/applets/zig/zighello/build/esp-idf/main/zighello.zig.o 
cd /home/tikhon/Документы/magnolia/applets/zig/zighello/build/esp-idf/main && python3 /home/tikhon/Документы/magnolia/tools/zig_xtensa_toolchain.py --install-dir /home/tikhon/Документы/magnolia/build/toolchains/zig-xtensa && /home/tikhon/Документы/magnolia/build/toolchains/zig-xtensa/zig build-obj -target xtensa-freestanding-none -mcpu esp32s3 -OReleaseSmall -lc --dep magnolia -Mroot=/home/tikhon/Документы/magnolia/applets/zig/zighello/main/zighello.zig -Mmagnolia=/home/tikhon/Документы/magnolia/sdk/zig/magnolia.zig -femit-bin=/home/tikhon/Документы/magnolia/applets/zig/zighello/build/esp-idf/main/zighello.zig.o && /home/tikhon/.espressif/tools/xtensa-esp-elf/esp-15.1.0_20250607/xtensa-esp-elf/bin/xtensa-esp32s3-elf-objcopy --set-section-flags .literal=alloc,load,contents,data /home/tikhon/Документы/magnolia/applets/zig/zighello/build/esp-idf/main/zighello.zig.o && /home/tikhon/.espressif/tools/xtensa-esp-elf/esp-15.1.0_20250607/xtensa-esp-elf/bin/xtensa-esp32s3-elf-objcopy --set-section-flags .rodata=alloc,load,contents,data /home/tikhon/Документы/magnolia/applets/zig/zighello/build/esp-idf/main/zighello.zig.o
0.14.0-dev.xtensa.2486+941677e08
/home/tikhon/Документы/magnolia/sdk/zig/magnolia/mem.zig:13:17: error: ambiguous reference
/home/tikhon/Документы/magnolia/sdk/zig/magnolia/mem.zig:30:5: note: declared here
/home/tikhon/Документы/magnolia/sdk/zig/magnolia/mem.zig:60:5: note: also declared here
[4/14] Zig build-obj: hexdump -> /home/tikhon/Документы/magnolia/applets/zig/zhexdump/build/esp-idf/main/hexdump.zig.o
FAILED: esp-idf/main/hexdump.zig.o /home/tikhon/Документы/magnolia/applets/zig/zhexdump/build/esp-idf/main/hexdump.zig.o 
cd /home/tikhon/Документы/magnolia/applets/zig/zhexdump/build/esp-idf/main && python3 /home/tikhon/Документы/magnolia/tools/zig_xtensa_toolchain.py --install-dir /home/tikhon/Документы/magnolia/build/toolchains/zig-xtensa && /home/tikhon/Документы/magnolia/build/toolchains/zig-xtensa/zig build-obj -target xtensa-freestanding-none -mcpu esp32s3 -OReleaseSmall -lc --dep magnolia -Mroot=/home/tikhon/Документы/magnolia/applets/zig/zhexdump/main/hexdump.zig -Mmagnolia=/home/tikhon/Документы/magnolia/sdk/zig/magnolia.zig -femit-bin=/home/tikhon/Документы/magnolia/applets/zig/zhexdump/build/esp-idf/main/hexdump.zig.o && /home/tikhon/.espressif/tools/xtensa-esp-elf/esp-15.1.0_20250607/xtensa-esp-elf/bin/xtensa-esp32s3-elf-objcopy --set-section-flags .literal=alloc,load,contents,data /home/tikhon/Документы/magnolia/applets/zig/zhexdump/build/esp-idf/main/hexdump.zig.o && /home/tikhon/.espressif/tools/xtensa-esp-elf/esp-15.1.0_20250607/xtensa-esp-elf/bin/xtensa-esp32s3-elf-objcopy --set-section-flags .rodata=alloc,load,contents,data /home/tikhon/Документы/magnolia/applets/zig/zhexdump/build/esp-idf/main/hexdump.zig.o
0.14.0-dev.xtensa.2486+941677e08
/home/tikhon/Документы/magnolia/sdk/zig/magnolia/mem.zig:13:17: error: ambiguous reference
/home/tikhon/Документы/magnolia/sdk/zig/magnolia/mem.zig:30:5: note: declared here
/home/tikhon/Документы/magnolia/sdk/zig/magnolia/mem.zig:60:5: note: also declared here
ninja: build stopped: subcommand failed.
Command failed (2): idf.py build
Skipping failed applet build: zxxd
[4/14] Zig build-obj: dd -> /home/tikhon/Документы/magnolia/applets/zig/zdd/build/esp-idf/main/dd.zig.o
FAILED: esp-idf/main/dd.zig.o /home/tikhon/Документы/magnolia/applets/zig/zdd/build/esp-idf/main/dd.zig.o 
cd /home/tikhon/Документы/magnolia/applets/zig/zdd/build/esp-idf/main && python3 /home/tikhon/Документы/magnolia/tools/zig_xtensa_toolchain.py --install-dir /home/tikhon/Документы/magnolia/build/toolchains/zig-xtensa && /home/tikhon/Документы/magnolia/build/toolchains/zig-xtensa/zig build-obj -target xtensa-freestanding-none -mcpu esp32s3 -OReleaseSmall -lc --dep magnolia -Mroot=/home/tikhon/Документы/magnolia/applets/zig/zdd/main/dd.zig -Mmagnolia=/home/tikhon/Документы/magnolia/sdk/zig/magnolia.zig -femit-bin=/home/tikhon/Документы/magnolia/applets/zig/zdd/build/esp-idf/main/dd.zig.o && /home/tikhon/.espressif/tools/xtensa-esp-elf/esp-15.1.0_20250607/xtensa-esp-elf/bin/xtensa-esp32s3-elf-objcopy --set-section-flags .literal=alloc,load,contents,data /home/tikhon/Документы/magnolia/applets/zig/zdd/build/esp-idf/main/dd.zig.o && /home/tikhon/.espressif/tools/xtensa-esp-elf/esp-15.1.0_20250607/xtensa-esp-elf/bin/xtensa-esp32s3-elf-objcopy --set-section-flags .rodata=alloc,load,contents,data /home/tikhon/Документы/magnolia/applets/zig/zdd/build/esp-idf/main/dd.zig.o
0.14.0-dev.xtensa.2486+941677e08
/home/tikhon/Документы/magnolia/sdk/zig/magnolia/mem.zig:13:17: error: ambiguous reference
/home/tikhon/Документы/magnolia/sdk/zig/magnolia/mem.zig:30:5: note: declared here
/home/tikhon/Документы/magnolia/sdk/zig/magnolia/mem.zig:60:5: note: also declared here
/home/tikhon/Документы/magnolia/applets/zig/zdd/main/dd.zig:269:66: error: expected type 'usize', found 'u64'
/home/tikhon/Документы/magnolia/applets/zig/zdd/main/dd.zig:269:66: note: unsigned 32-bit int cannot represent all possible unsigned 64-bit values
ninja: build stopped: subcommand failed.
Command failed (2): idf.py build
Skipping failed applet build: zhexdump
Command failed (2): idf.py build
Skipping failed applet build: zdd
[8/19] Performing configure step for 'bootloader'
-- Found Git: /usr/bin/git (found version "2.43.0") 
-- Minimal build - OFF
-- The C compiler identification is GNU 15.1.0
-- The CXX compiler identification is GNU 15.1.0
-- The ASM compiler identification is GNU
-- Found assembler: /home/tikhon/.espressif/tools/xtensa-esp-elf/esp-15.1.0_20250607/xtensa-esp-elf/bin/xtensa-esp32s3-elf-gcc
-- Detecting C compiler ABI info
-- Detecting C compiler ABI info - done
-- Check for working C compiler: /home/tikhon/.espressif/tools/xtensa-esp-elf/esp-15.1.0_20250607/xtensa-esp-elf/bin/xtensa-esp32s3-elf-gcc - skipped
-- Detecting C compile features
-- Detecting C compile features - done
-- Detecting CXX compiler ABI info
-- Detecting CXX compiler ABI info - done
-- Check for working CXX compiler: /home/tikhon/.espressif/tools/xtensa-esp-elf/esp-15.1.0_20250607/xtensa-esp-elf/bin/xtensa-esp32s3-elf-g++ - skipped
-- Detecting CXX compile features
-- Detecting CXX compile features - done
-- Building ESP-IDF components for target esp32s3
-- ESP-TEE is currently supported only on the esp32c6;esp32h2;esp32c5 SoCs
-- Project sdkconfig file /home/tikhon/Документы/magnolia/applets/zig/zigtest/sdkconfig
info: Default value for ESP_PERIPH_CTRL_FUNC_IN_IRAM in sdkconfig is y but it is n according to Kconfig.
Using default value from sdkconfig (y).
info: Default value for GDMA_CTRL_FUNC_IN_IRAM in sdkconfig is y but it is n according to Kconfig.
Using default value from sdkconfig (y).
Configuration Report                                                            
 ────────────────────────────────────────────────────────────────────────────── 
   Parser Version: 1                                                            
   Verbosity: default                                                           
   Defaults policy: sdkconfig                                                   
   Status: Finished with notifications                                          
                                                                                
  Default Value Mismatch                                                        
   ──────────────────────────────────────────────────────────────────────────   
    Using sdkconfig default values                                              
    Choice symbols with different default selection between sdkconfig and       
    Kconfig                                                                     
    LIBC_STDOUT_LINE_ENDING: Kconfig default selection: choice                  
    deselected, sdkconfig default selection: LIBC_STDOUT_LINE_ENDING_CRLF       
    LIBC_STDIN_LINE_ENDING: Kconfig default selection: choice deselected,       
    sdkconfig default selection: LIBC_STDIN_LINE_ENDING_CR                      
   ──────────────────────────────────────────────────────────────────────────   
 ────────────────────────────────────────────────────────────────────────────── 
-- Compiler supported targets: xtensa-esp-elf
-- Adding linker script /home/tikhon/Документы/magnolia/esp-idf/components/soc/esp32s3/ld/esp32s3.peripherals.ld
-- Bootloader project name: "bootloader" version: 1
-- Adding linker script /home/tikhon/Документы/magnolia/esp-idf/components/esp_rom/esp32s3/ld/esp32s3.rom.ld
-- Adding linker script /home/tikhon/Документы/magnolia/esp-idf/components/esp_rom/esp32s3/ld/esp32s3.rom.api.ld
-- Adding linker script /home/tikhon/Документы/magnolia/esp-idf/components/esp_rom/esp32s3/ld/esp32s3.rom.bt_funcs.ld
-- Adding linker script /home/tikhon/Документы/magnolia/esp-idf/components/esp_rom/esp32s3/ld/esp32s3.rom.libgcc.ld
-- Adding linker script /home/tikhon/Документы/magnolia/esp-idf/components/esp_rom/esp32s3/ld/esp32s3.rom.wdt.ld
-- Adding linker script /home/tikhon/Документы/magnolia/esp-idf/components/esp_rom/esp32s3/ld/esp32s3.rom.version.ld
-- Adding linker script /home/tikhon/Документы/magnolia/esp-idf/components/esp_rom/esp32s3/ld/esp32s3.rom.libc.ld
-- Adding linker script /home/tikhon/Документы/magnolia/esp-idf/components/esp_rom/esp32s3/ld/esp32s3.rom.newlib.ld
-- Adding linker script /home/tikhon/Документы/magnolia/esp-idf/components/bootloader/subproject/main/ld/esp32s3/bootloader.rom.ld
-- Components: bootloader bootloader_support efuse esp_app_format esp_bootloader_format esp_common esp_hw_support esp_rom esp_system esptool_py freertos hal log main micro-ecc newlib partition_table soc spi_flash xtensa
-- Component paths: /home/tikhon/Документы/magnolia/esp-idf/components/bootloader /home/tikhon/Документы/magnolia/esp-idf/components/bootloader_support /home/tikhon/Документы/magnolia/esp-idf/components/efuse /home/tikhon/Документы/magnolia/esp-idf/components/esp_app_format /home/tikhon/Документы/magnolia/esp-idf/components/esp_bootloader_format /home/tikhon/Документы/magnolia/esp-idf/components/esp_common /home/tikhon/Документы/magnolia/esp-idf/components/esp_hw_support /home/tikhon/Документы/magnolia/esp-idf/components/esp_rom /home/tikhon/Документы/magnolia/esp-idf/components/esp_system /home/tikhon/Документы/magnolia/esp-idf/components/esptool_py /home/tikhon/Документы/magnolia/esp-idf/components/freertos /home/tikhon/Документы/magnolia/esp-idf/components/hal /home/tikhon/Документы/magnolia/esp-idf/components/log /home/tikhon/Документы/magnolia/esp-idf/components/bootloader/subproject/main /home/tikhon/Документы/magnolia/esp-idf/components/bootloader/subproject/components/micro-ecc /home/tikhon/Документы/magnolia/esp-idf/components/newlib /home/tikhon/Документы/magnolia/esp-idf/components/partition_table /home/tikhon/Документы/magnolia/esp-idf/components/soc /home/tikhon/Документы/magnolia/esp-idf/components/spi_flash /home/tikhon/Документы/magnolia/esp-idf/components/xtensa
-- Adding linker script /home/tikhon/Документы/magnolia/esp-idf/components/bootloader/subproject/main/ld/esp32s3/bootloader.ld
-- Configuring done (2.0s)
-- Generating done (0.0s)
-- Build files have been written to: /home/tikhon/Документы/magnolia/applets/zig/zigtest/build/bootloader
ninja: build stopped: subcommand failed.
[8/19] Performing configure step for 'bootloader'
-- Found Git: /usr/bin/git (found version "2.43.0") 
-- Minimal build - OFF
-- The C compiler identification is GNU 15.1.0
-- The CXX compiler identification is GNU 15.1.0
-- The ASM compiler identification is GNU
-- Found assembler: /home/tikhon/.espressif/tools/xtensa-esp-elf/esp-15.1.0_20250607/xtensa-esp-elf/bin/xtensa-esp32s3-elf-gcc
-- Detecting C compiler ABI info
-- Detecting C compiler ABI info - done
-- Check for working C compiler: /home/tikhon/.espressif/tools/xtensa-esp-elf/esp-15.1.0_20250607/xtensa-esp-elf/bin/xtensa-esp32s3-elf-gcc - skipped
-- Detecting C compile features
-- Detecting C compile features - done
-- Detecting CXX compiler ABI info
-- Detecting CXX compiler ABI info - done
-- Check for working CXX compiler: /home/tikhon/.espressif/tools/xtensa-esp-elf/esp-15.1.0_20250607/xtensa-esp-elf/bin/xtensa-esp32s3-elf-g++ - skipped
-- Detecting CXX compile features
-- Detecting CXX compile features - done
-- Building ESP-IDF components for target esp32s3
-- ESP-TEE is currently supported only on the esp32c6;esp32h2;esp32c5 SoCs
-- Project sdkconfig file /home/tikhon/Документы/magnolia/applets/zig/zigdemo/sdkconfig
info: Default value for ESP_PERIPH_CTRL_FUNC_IN_IRAM in sdkconfig is y but it is n according to Kconfig.
Using default value from sdkconfig (y).
info: Default value for GDMA_CTRL_FUNC_IN_IRAM in sdkconfig is y but it is n according to Kconfig.
Using default value from sdkconfig (y).
Configuration Report                                                            
 ────────────────────────────────────────────────────────────────────────────── 
   Parser Version: 1                                                            
   Verbosity: default                                                           
   Defaults policy: sdkconfig                                                   
   Status: Finished with notifications                                          
                                                                                
  Default Value Mismatch                                                        
   ──────────────────────────────────────────────────────────────────────────   
    Using sdkconfig default values                                              
    Choice symbols with different default selection between sdkconfig and       
    Kconfig                                                                     
    LIBC_STDOUT_LINE_ENDING: Kconfig default selection: choice                  
    deselected, sdkconfig default selection: LIBC_STDOUT_LINE_ENDING_CRLF       
    LIBC_STDIN_LINE_ENDING: Kconfig default selection: choice deselected,       
    sdkconfig default selection: LIBC_STDIN_LINE_ENDING_CR                      
   ──────────────────────────────────────────────────────────────────────────   
 ────────────────────────────────────────────────────────────────────────────── 
-- Compiler supported targets: xtensa-esp-elf
-- Adding linker script /home/tikhon/Документы/magnolia/esp-idf/components/soc/esp32s3/ld/esp32s3.peripherals.ld
-- Bootloader project name: "bootloader" version: 1
-- Adding linker script /home/tikhon/Документы/magnolia/esp-idf/components/esp_rom/esp32s3/ld/esp32s3.rom.ld
-- Adding linker script /home/tikhon/Документы/magnolia/esp-idf/components/esp_rom/esp32s3/ld/esp32s3.rom.api.ld
-- Adding linker script /home/tikhon/Документы/magnolia/esp-idf/components/esp_rom/esp32s3/ld/esp32s3.rom.bt_funcs.ld
-- Adding linker script /home/tikhon/Документы/magnolia/esp-idf/components/esp_rom/esp32s3/ld/esp32s3.rom.libgcc.ld
-- Adding linker script /home/tikhon/Документы/magnolia/esp-idf/components/esp_rom/esp32s3/ld/esp32s3.rom.wdt.ld
-- Adding linker script /home/tikhon/Документы/magnolia/esp-idf/components/esp_rom/esp32s3/ld/esp32s3.rom.version.ld
-- Adding linker script /home/tikhon/Документы/magnolia/esp-idf/components/esp_rom/esp32s3/ld/esp32s3.rom.libc.ld
-- Adding linker script /home/tikhon/Документы/magnolia/esp-idf/components/esp_rom/esp32s3/ld/esp32s3.rom.newlib.ld
-- Adding linker script /home/tikhon/Документы/magnolia/esp-idf/components/bootloader/subproject/main/ld/esp32s3/bootloader.rom.ld
-- Components: bootloader bootloader_support efuse esp_app_format esp_bootloader_format esp_common esp_hw_support esp_rom esp_system esptool_py freertos hal log main micro-ecc newlib partition_table soc spi_flash xtensa
-- Component paths: /home/tikhon/Документы/magnolia/esp-idf/components/bootloader /home/tikhon/Документы/magnolia/esp-idf/components/bootloader_support /home/tikhon/Документы/magnolia/esp-idf/components/efuse /home/tikhon/Документы/magnolia/esp-idf/components/esp_app_format /home/tikhon/Документы/magnolia/esp-idf/components/esp_bootloader_format /home/tikhon/Документы/magnolia/esp-idf/components/esp_common /home/tikhon/Документы/magnolia/esp-idf/components/esp_hw_support /home/tikhon/Документы/magnolia/esp-idf/components/esp_rom /home/tikhon/Документы/magnolia/esp-idf/components/esp_system /home/tikhon/Документы/magnolia/esp-idf/components/esptool_py /home/tikhon/Документы/magnolia/esp-idf/components/freertos /home/tikhon/Документы/magnolia/esp-idf/components/hal /home/tikhon/Документы/magnolia/esp-idf/components/log /home/tikhon/Документы/magnolia/esp-idf/components/bootloader/subproject/main /home/tikhon/Документы/magnolia/esp-idf/components/bootloader/subproject/components/micro-ecc /home/tikhon/Документы/magnolia/esp-idf/components/newlib /home/tikhon/Документы/magnolia/esp-idf/components/partition_table /home/tikhon/Документы/magnolia/esp-idf/components/soc /home/tikhon/Документы/magnolia/esp-idf/components/spi_flash /home/tikhon/Документы/magnolia/esp-idf/components/xtensa
-- Adding linker script /home/tikhon/Документы/magnolia/esp-idf/components/bootloader/subproject/main/ld/esp32s3/bootloader.ld
-- Configuring done (1.9s)
-- Generating done (0.0s)
-- Build files have been written to: /home/tikhon/Документы/magnolia/applets/zig/zigdemo/build/bootloader
ninja: build stopped: subcommand failed.
[8/19] Performing configure step for 'bootloader'
-- Found Git: /usr/bin/git (found version "2.43.0") 
-- Minimal build - OFF
-- The C compiler identification is GNU 15.1.0
-- The CXX compiler identification is GNU 15.1.0
-- The ASM compiler identification is GNU
-- Found assembler: /home/tikhon/.espressif/tools/xtensa-esp-elf/esp-15.1.0_20250607/xtensa-esp-elf/bin/xtensa-esp32s3-elf-gcc
-- Detecting C compiler ABI info
-- Detecting C compiler ABI info - done
-- Check for working C compiler: /home/tikhon/.espressif/tools/xtensa-esp-elf/esp-15.1.0_20250607/xtensa-esp-elf/bin/xtensa-esp32s3-elf-gcc - skipped
-- Detecting C compile features
-- Detecting C compile features - done
-- Detecting CXX compiler ABI info
-- Detecting CXX compiler ABI info - done
-- Check for working CXX compiler: /home/tikhon/.espressif/tools/xtensa-esp-elf/esp-15.1.0_20250607/xtensa-esp-elf/bin/xtensa-esp32s3-elf-g++ - skipped
-- Detecting CXX compile features
-- Detecting CXX compile features - done
-- Building ESP-IDF components for target esp32s3
-- ESP-TEE is currently supported only on the esp32c6;esp32h2;esp32c5 SoCs
-- Project sdkconfig file /home/tikhon/Документы/magnolia/applets/zig/zighello/sdkconfig
info: Default value for ESP_PERIPH_CTRL_FUNC_IN_IRAM in sdkconfig is y but it is n according to Kconfig.
Using default value from sdkconfig (y).
info: Default value for GDMA_CTRL_FUNC_IN_IRAM in sdkconfig is y but it is n according to Kconfig.
Using default value from sdkconfig (y).
Configuration Report                                                            
 ────────────────────────────────────────────────────────────────────────────── 
   Parser Version: 1                                                            
   Verbosity: default                                                           
   Defaults policy: sdkconfig                                                   
   Status: Finished with notifications                                          
                                                                                
  Default Value Mismatch                                                        
   ──────────────────────────────────────────────────────────────────────────   
    Using sdkconfig default values                                              
    Choice symbols with different default selection between sdkconfig and       
    Kconfig                                                                     
    LIBC_STDOUT_LINE_ENDING: Kconfig default selection: choice                  
    deselected, sdkconfig default selection: LIBC_STDOUT_LINE_ENDING_CRLF       
    LIBC_STDIN_LINE_ENDING: Kconfig default selection: choice deselected,       
    sdkconfig default selection: LIBC_STDIN_LINE_ENDING_CR                      
   ──────────────────────────────────────────────────────────────────────────   
 ────────────────────────────────────────────────────────────────────────────── 
-- Compiler supported targets: xtensa-esp-elf
-- Adding linker script /home/tikhon/Документы/magnolia/esp-idf/components/soc/esp32s3/ld/esp32s3.peripherals.ld
-- Bootloader project name: "bootloader" version: 1
-- Adding linker script /home/tikhon/Документы/magnolia/esp-idf/components/esp_rom/esp32s3/ld/esp32s3.rom.ld
-- Adding linker script /home/tikhon/Документы/magnolia/esp-idf/components/esp_rom/esp32s3/ld/esp32s3.rom.api.ld
-- Adding linker script /home/tikhon/Документы/magnolia/esp-idf/components/esp_rom/esp32s3/ld/esp32s3.rom.bt_funcs.ld
-- Adding linker script /home/tikhon/Документы/magnolia/esp-idf/components/esp_rom/esp32s3/ld/esp32s3.rom.libgcc.ld
-- Adding linker script /home/tikhon/Документы/magnolia/esp-idf/components/esp_rom/esp32s3/ld/esp32s3.rom.wdt.ld
-- Adding linker script /home/tikhon/Документы/magnolia/esp-idf/components/esp_rom/esp32s3/ld/esp32s3.rom.version.ld
-- Adding linker script /home/tikhon/Документы/magnolia/esp-idf/components/esp_rom/esp32s3/ld/esp32s3.rom.libc.ld
-- Adding linker script /home/tikhon/Документы/magnolia/esp-idf/components/esp_rom/esp32s3/ld/esp32s3.rom.newlib.ld
-- Adding linker script /home/tikhon/Документы/magnolia/esp-idf/components/bootloader/subproject/main/ld/esp32s3/bootloader.rom.ld
-- Components: bootloader bootloader_support efuse esp_app_format esp_bootloader_format esp_common esp_hw_support esp_rom esp_system esptool_py freertos hal log main micro-ecc newlib partition_table soc spi_flash xtensa
-- Component paths: /home/tikhon/Документы/magnolia/esp-idf/components/bootloader /home/tikhon/Документы/magnolia/esp-idf/components/bootloader_support /home/tikhon/Документы/magnolia/esp-idf/components/efuse /home/tikhon/Документы/magnolia/esp-idf/components/esp_app_format /home/tikhon/Документы/magnolia/esp-idf/components/esp_bootloader_format /home/tikhon/Документы/magnolia/esp-idf/components/esp_common /home/tikhon/Документы/magnolia/esp-idf/components/esp_hw_support /home/tikhon/Документы/magnolia/esp-idf/components/esp_rom /home/tikhon/Документы/magnolia/esp-idf/components/esp_system /home/tikhon/Документы/magnolia/esp-idf/components/esptool_py /home/tikhon/Документы/magnolia/esp-idf/components/freertos /home/tikhon/Документы/magnolia/esp-idf/components/hal /home/tikhon/Документы/magnolia/esp-idf/components/log /home/tikhon/Документы/magnolia/esp-idf/components/bootloader/subproject/main /home/tikhon/Документы/magnolia/esp-idf/components/bootloader/subproject/components/micro-ecc /home/tikhon/Документы/magnolia/esp-idf/components/newlib /home/tikhon/Документы/magnolia/esp-idf/components/partition_table /home/tikhon/Документы/magnolia/esp-idf/components/soc /home/tikhon/Документы/magnolia/esp-idf/components/spi_flash /home/tikhon/Документы/magnolia/esp-idf/components/xtensa
-- Adding linker script /home/tikhon/Документы/magnolia/esp-idf/components/bootloader/subproject/main/ld/esp32s3/bootloader.ld
-- Configuring done (1.9s)
-- Generating done (0.0s)
-- Build files have been written to: /home/tikhon/Документы/magnolia/applets/zig/zighello/build/bootloader
ninja: build stopped: subcommand failed.
Command failed (2): idf.py build
Skipping failed applet build: zigtest
Command failed (2): idf.py build
Skipping failed applet build: zigdemo
Command failed (2): idf.py build
Skipping failed applet build: zighello
+ /home/tikhon/Документы/magnolia/build/littlefs_mkimage create /home/tikhon/Документы/magnolia/rootfs /home/tikhon/Документы/magnolia/build/vfs.bin --block-size=4096 --fs-size=2097152 --read-size=128 --prog-size=128 --cache-size=512 --lookahead-size=64
LittleFS image OK size=2097152 -> /home/tikhon/Документы/magnolia/build/vfs.bin
bash -lc 'source esp-idf/export.sh >/dev/null 2>&1 && python3 tools/applets.py build  '
Building applet cat -> cat ...
Building applet cd -> cd ...
Building applet chmod -> chmod ...
+ idf.py elf
Building applet chown -> chown ...
Building applet cp -> cp ...
+ idf.py elf
Building applet date -> date ...
Building applet dd -> dd ...
Building applet cut -> cut ...
+ idf.py elf
+ idf.py elf
Building applet echo -> echo ...
Building applet elftest -> elftest ...
Building applet env -> env ...
Building applet false -> false ...
Building applet free -> free ...
+ idf.py elf
+ idf.py elf
Building applet du -> du ...
+ idf.py elf
+ idf.py elf
Building applet head -> head ...
+ idf.py elf
+ idf.py elf
+ idf.py elf
+ idf.py elf
+ idf.py elf
Building applet df -> df ...
+ idf.py elf
+ idf.py elf
+ idf.py elf
Executing action: elf
Running ninja in directory /home/tikhon/Документы/magnolia/applets/mainline/chmod/build
Executing "ninja elf"...
[1/1] Build ELF: chmod.app.elf
Executing action: elf
Running ninja in directory /home/tikhon/Документы/magnolia/applets/mainline/cat/build
Executing "ninja elf"...
[1/1] Build ELF: cat.app.elf
Executing action: elf
Running ninja in directory /home/tikhon/Документы/magnolia/applets/mainline/dd/build
Executing "ninja elf"...
[1/1] Build ELF: dd.app.elf
Executing action: elf
Running ninja in directory /home/tikhon/Документы/magnolia/applets/mainline/cd/build
Executing "ninja elf"...
[1/1] Build ELF: cd.app.elf
Executing action: elf
Running ninja in directory /home/tikhon/Документы/magnolia/applets/mainline/cut/build
Executing "ninja elf"...
[1/1] Build ELF: cut.app.elf
Executing action: elf
Running ninja in directory /home/tikhon/Документы/magnolia/applets/mainline/false/build
Executing "ninja elf"...
[1/1] Build ELF: false.app.elf
Executing action: elf
Running ninja in directory /home/tikhon/Документы/magnolia/applets/mainline/head/build
Executing "ninja elf"...
[1/1] Build ELF: head.app.elf
Executing action: elf
Running ninja in directory /home/tikhon/Документы/magnolia/applets/mainline/env/build
Executing "ninja elf"...
[1/1] Build ELF: env.app.elf
Executing action: elf
Running ninja in directory /home/tikhon/Документы/magnolia/applets/mainline/echo/build
Executing "ninja elf"...
[1/1] Build ELF: echo.app.elf
Applet chmod OK -> /home/tikhon/Документы/magnolia/rootfs/bin/chmod
Building applet hexdump -> hexdump ...
+ idf.py elf
Executing action: elf
Running ninja in directory /home/tikhon/Документы/magnolia/applets/mainline/elftest/build
Executing "ninja elf"...
[1/1] Build ELF: elftest.app.elf
Executing action: elf
Running ninja in directory /home/tikhon/Документы/magnolia/applets/mainline/du/build
Executing "ninja elf"...
[1/1] Build ELF: du.app.elf
Executing action: elf
Running ninja in directory /home/tikhon/Документы/magnolia/applets/mainline/cp/build
Executing "ninja elf"...
[1/1] Build ELF: cp.app.elf
Applet cat OK -> /home/tikhon/Документы/magnolia/rootfs/bin/cat
Building applet init -> init ...
+ idf.py elf
Executing action: elf
Running ninja in directory /home/tikhon/Документы/magnolia/applets/mainline/df/build
Executing "ninja elf"...
[1/1] Build ELF: df.app.elf
Executing action: elf
Running ninja in directory /home/tikhon/Документы/magnolia/applets/mainline/free/build
Executing "ninja elf"...
[1/1] Build ELF: free.app.elf
Executing action: elf
Running ninja in directory /home/tikhon/Документы/magnolia/applets/mainline/date/build
Executing "ninja elf"...
[1/1] Build ELF: date.app.elf
Applet dd OK -> /home/tikhon/Документы/magnolia/rootfs/bin/dd
Building applet kill -> kill ...
+ idf.py elf
Applet cd OK -> /home/tikhon/Документы/magnolia/rootfs/bin/cd
Building applet ln -> ln ...
+ idf.py elf
Applet cut OK -> /home/tikhon/Документы/magnolia/rootfs/bin/cut
Building applet login -> login ...
+ idf.py elf
Applet false OK -> /home/tikhon/Документы/magnolia/rootfs/bin/false
Building applet ls -> ls ...
+ idf.py elf
Applet head OK -> /home/tikhon/Документы/magnolia/rootfs/bin/head
Building applet medit -> medit ...
+ idf.py elf
Executing action: elf
Running ninja in directory /home/tikhon/Документы/magnolia/applets/mainline/chown/build
Executing "ninja elf"...
[1/1] Build ELF: chown.app.elf
Applet elftest OK -> /home/tikhon/Документы/magnolia/rootfs/bin/elftest
Building applet mkdir -> mkdir ...
+ idf.py elf
Applet env OK -> /home/tikhon/Документы/magnolia/rootfs/bin/env
Building applet mv -> mv ...
+ idf.py elf
Applet du OK -> /home/tikhon/Документы/magnolia/rootfs/bin/du
Building applet ps -> ps ...
+ idf.py elf
Applet echo OK -> /home/tikhon/Документы/magnolia/rootfs/bin/echo
Building applet pwd -> pwd ...
+ idf.py elf
Applet free OK -> /home/tikhon/Документы/magnolia/rootfs/bin/free
Building applet rm -> rm ...
+ idf.py elf
Applet cp OK -> /home/tikhon/Документы/magnolia/rootfs/bin/cp
Building applet sh -> sh ...
+ idf.py elf
Applet date OK -> /home/tikhon/Документы/magnolia/rootfs/bin/date
Building applet shell -> shell ...
+ idf.py elf
Applet df OK -> /home/tikhon/Документы/magnolia/rootfs/bin/df
Building applet sleep -> sleep ...
+ idf.py elf
Applet chown OK -> /home/tikhon/Документы/magnolia/rootfs/bin/chown
Building applet sort -> sort ...
+ idf.py elf
Executing action: elf
Running ninja in directory /home/tikhon/Документы/magnolia/applets/mainline/ln/build
Executing "ninja elf"...
[1/1] Build ELF: ln.app.elf
Executing action: elf
Running ninja in directory /home/tikhon/Документы/magnolia/applets/mainline/hexdump/build
Executing "ninja elf"...
[1/1] Build ELF: hexdump.app.elf
Executing action: elf
Running ninja in directory /home/tikhon/Документы/magnolia/applets/mainline/kill/build
Executing "ninja elf"...
[1/1] Build ELF: kill.app.elf
Executing action: elf
Running ninja in directory /home/tikhon/Документы/magnolia/applets/mainline/login/build
Executing "ninja elf"...
[1/1] Build ELF: login.app.elf
Executing action: elf
Running ninja in directory /home/tikhon/Документы/magnolia/applets/mainline/init/build
Executing "ninja elf"...
[1/1] Build ELF: init.app.elf
Executing action: elf
Running ninja in directory /home/tikhon/Документы/magnolia/applets/mainline/rm/build
Executing "ninja elf"...
[1/1] Build ELF: rm.app.elf
Executing action: elf
Running ninja in directory /home/tikhon/Документы/magnolia/applets/mainline/mkdir/build
Executing "ninja elf"...
[1/1] Build ELF: mkdir.app.elf
Executing action: elf
Running ninja in directory /home/tikhon/Документы/magnolia/applets/mainline/sleep/build
Executing "ninja elf"...
[1/1] Build ELF: sleep.app.elf
Executing action: elf
Running ninja in directory /home/tikhon/Документы/magnolia/applets/mainline/medit/build
Executing "ninja elf"...
[1/1] Build ELF: medit.app.elf
Executing action: elf
Running ninja in directory /home/tikhon/Документы/magnolia/applets/mainline/ls/build
Executing "ninja elf"...
[1/1] Build ELF: ls.app.elf
Applet hexdump OK -> /home/tikhon/Документы/magnolia/rootfs/bin/hexdump
Building applet tail -> tail ...
+ idf.py elf
Applet kill OK -> /home/tikhon/Документы/magnolia/rootfs/bin/kill
Building applet tee -> tee ...
+ idf.py elf
Executing action: elf
Running ninja in directory /home/tikhon/Документы/magnolia/applets/mainline/mv/build
Executing "ninja elf"...
[1/1] Build ELF: mv.app.elf
Executing action: elf
Running ninja in directory /home/tikhon/Документы/magnolia/applets/mainline/ps/build
Executing "ninja elf"...
[1/1] Build ELF: ps.app.elf
Executing action: elf
Running ninja in directory /home/tikhon/Документы/magnolia/applets/mainline/pwd/build
Executing "ninja elf"...
[1/1] Build ELF: pwd.app.elf
Applet login OK -> /home/tikhon/Документы/magnolia/rootfs/bin/login
Building applet test -> test ...
+ idf.py elf
Executing action: elf
Running ninja in directory /home/tikhon/Документы/magnolia/applets/mainline/sh/build
Executing "ninja elf"...
[1/1] Build ELF: sh.app.elf
Applet ln OK -> /home/tikhon/Документы/magnolia/rootfs/bin/ln
Building applet touch -> touch ...
+ idf.py elf
Applet init OK -> /home/tikhon/Документы/magnolia/rootfs/bin/init
Building applet tr -> tr ...
+ idf.py elf
Executing action: elf
Running ninja in directory /home/tikhon/Документы/magnolia/applets/mainline/shell/build
Executing "ninja elf"...
[1/1] Build ELF: shell.app.elf
Applet rm OK -> /home/tikhon/Документы/magnolia/rootfs/bin/rm
Building applet true -> true ...
+ idf.py elf
Applet sleep OK -> /home/tikhon/Документы/magnolia/rootfs/bin/sleep
Building applet uname -> uname ...
+ idf.py elf
Applet mkdir OK -> /home/tikhon/Документы/magnolia/rootfs/bin/mkdir
Building applet user -> user ...
+ idf.py elf
Applet medit OK -> /home/tikhon/Документы/magnolia/rootfs/bin/medit
Building applet vi -> vi ...
+ idf.py elf
Applet ls OK -> /home/tikhon/Документы/magnolia/rootfs/bin/ls
Building applet xxd -> xxd ...
+ idf.py elf
Applet ps OK -> /home/tikhon/Документы/magnolia/rootfs/bin/ps
Building applet echo -> goecho ...
+ idf.py elf
Applet pwd OK -> /home/tikhon/Документы/magnolia/rootfs/bin/pwd
Building applet false -> gofalse ...
+ idf.py elf
Applet mv OK -> /home/tikhon/Документы/magnolia/rootfs/bin/mv
Building applet goargs -> goargs ...
+ idf.py elf
Applet shell OK -> /home/tikhon/Документы/magnolia/rootfs/bin/shell
Building applet godd -> godd ...
+ idf.py elf
Applet sh OK -> /home/tikhon/Документы/magnolia/rootfs/bin/sh
Building applet gohello -> gohello ...
+ idf.py elf
Executing action: elf
Running ninja in directory /home/tikhon/Документы/magnolia/applets/mainline/sort/build
Executing "ninja elf"...
[1/1] Build ELF: sort.app.elf
Applet sort OK -> /home/tikhon/Документы/magnolia/rootfs/bin/sort
Building applet gohexdump -> gohexdump ...
+ idf.py elf
Executing action: elf
Running ninja in directory /home/tikhon/Документы/magnolia/applets/mainline/test/build
Executing "ninja elf"...
[1/1] Build ELF: test.app.elf
Executing action: elf
Running ninja in directory /home/tikhon/Документы/magnolia/applets/mainline/true/build
Executing "ninja elf"...
[1/1] Build ELF: true.app.elf
Executing action: elf
Running ninja in directory /home/tikhon/Документы/magnolia/applets/mainline/tee/build
Executing "ninja elf"...
[1/1] Build ELF: tee.app.elf
Executing action: elf
Running ninja in directory /home/tikhon/Документы/magnolia/applets/mainline/touch/build
Executing "ninja elf"...
[1/1] Build ELF: touch.app.elf
Executing action: elf
Running ninja in directory /home/tikhon/Документы/magnolia/applets/mainline/uname/build
Executing "ninja elf"...
[1/1] Build ELF: uname.app.elf
Applet test OK -> /home/tikhon/Документы/magnolia/rootfs/bin/test
Building applet gotest -> gotest ...
+ idf.py elf
Executing action: elf
Running ninja in directory /home/tikhon/Документы/magnolia/applets/mainline/tail/build
Executing "ninja elf"...
[1/1] Build ELF: tail.app.elf
Executing action: elf
Running ninja in directory /home/tikhon/Документы/magnolia/applets/mainline/vi/build
Executing "ninja elf"...
[1/1] Build ELF: vi.app.elf
Executing action: elf
Running ninja in directory /home/tikhon/Документы/magnolia/applets/mainline/user/build
Executing "ninja elf"...
[1/1] Build ELF: user.app.elf
Executing action: elf
Running ninja in directory /home/tikhon/Документы/magnolia/applets/go/gohello/build
Executing "ninja elf"...
[0/2] Re-checking globbed directories...
Executing action: elf
Running ninja in directory /home/tikhon/Документы/magnolia/applets/go/echo/build
Executing "ninja elf"...
[0/2] Re-checking globbed directories...
Applet true OK -> /home/tikhon/Документы/magnolia/rootfs/bin/true
Building applet goxxd -> goxxd ...
+ idf.py elf
Executing action: elf
Running ninja in directory /home/tikhon/Документы/magnolia/applets/mainline/xxd/build
Executing "ninja elf"...
[1/1] Build ELF: xxd.app.elf
Executing action: elf
Running ninja in directory /home/tikhon/Документы/magnolia/applets/mainline/tr/build
Executing "ninja elf"...
[1/1] Build ELF: tr.app.elf
Applet touch OK -> /home/tikhon/Документы/magnolia/rootfs/bin/touch
Building applet pwd -> gopwd ...
+ idf.py elf
Applet uname OK -> /home/tikhon/Документы/magnolia/rootfs/bin/uname
Building applet sleep -> gosleep ...
Executing action: elf
Running ninja in directory /home/tikhon/Документы/magnolia/applets/go/godd/build
Executing "ninja elf"...
[0/2] Re-checking globbed directories...
[1/2] Build ELF: gohello.app.elf
Executing action: elf
Running ninja in directory /home/tikhon/Документы/magnolia/applets/go/false/build
Executing "ninja elf"...
[0/2] Re-checking globbed directories...
+ idf.py elf
[1/2] Build ELF: echo.app.elf
Executing action: elf
Running ninja in directory /home/tikhon/Документы/magnolia/applets/go/goargs/build
Executing "ninja elf"...
[0/2] Re-checking globbed directories...
Applet tail OK -> /home/tikhon/Документы/magnolia/rootfs/bin/tail
Building applet true -> gotrue ...
+ idf.py elf
[1/2] Build ELF: false.app.elf
[1/2] Build ELF: dd.app.elf
Applet tee OK -> /home/tikhon/Документы/magnolia/rootfs/bin/tee
Building applet uname -> gouname ...
+ idf.py elf
[1/2] Build ELF: goargs.app.elf
Applet vi OK -> /home/tikhon/Документы/magnolia/rootfs/bin/vi
Building applet edit -> edit ...
+ idf.py elf
Applet user OK -> /home/tikhon/Документы/magnolia/rootfs/bin/user
Building applet rdd -> rdd ...
+ idf.py elf
Applet tr OK -> /home/tikhon/Документы/magnolia/rootfs/bin/tr
Building applet rhexdump -> rhexdump ...
+ idf.py elf
Applet xxd OK -> /home/tikhon/Документы/magnolia/rootfs/bin/xxd
Building applet rselftest -> rselftest ...
+ idf.py elf
Applet gohello OK -> /home/tikhon/Документы/magnolia/rootfs/bin/gohello
Building applet rshello -> rshello ...
+ idf.py elf
Applet echo OK -> /home/tikhon/Документы/magnolia/rootfs/bin/goecho
Building applet rusthello -> rusthello ...
+ idf.py elf
Applet godd OK -> /home/tikhon/Документы/magnolia/rootfs/bin/godd
Building applet rxxd -> rxxd ...
+ idf.py elf
Applet false OK -> /home/tikhon/Документы/magnolia/rootfs/bin/gofalse
Building applet zdd -> zdd ...
+ idf.py elf
Applet goargs OK -> /home/tikhon/Документы/magnolia/rootfs/bin/goargs
Building applet zhexdump -> zhexdump ...
+ idf.py elf
Executing action: elf
Running ninja in directory /home/tikhon/Документы/magnolia/applets/go/gohexdump/build
Executing "ninja elf"...
[0/2] Re-checking globbed directories...
[1/2] Build ELF: hexdump.app.elf
Applet gohexdump OK -> /home/tikhon/Документы/magnolia/rootfs/bin/gohexdump
Building applet zigdemo -> zigdemo ...
+ idf.py elf
Executing action: elf
Running ninja in directory /home/tikhon/Документы/magnolia/applets/go/goxxd/build
Executing "ninja elf"...
[0/2] Re-checking globbed directories...
[1/2] Build ELF: xxd.app.elf
Executing action: elf
Running ninja in directory /home/tikhon/Документы/magnolia/applets/go/sleep/build
Executing "ninja elf"...
[0/2] Re-checking globbed directories...
Executing action: elf
Running ninja in directory /home/tikhon/Документы/magnolia/applets/go/pwd/build
Executing "ninja elf"...
[0/2] Re-checking globbed directories...
Executing action: elf
Running ninja in directory /home/tikhon/Документы/magnolia/applets/go/gotest/build
Executing "ninja elf"...
[0/2] Re-checking globbed directories...
[1/2] Build ELF: gotest.app.elf
[1/2] Build ELF: pwd.app.elf
[1/2] Build ELF: sleep.app.elf
Executing action: elf
Running ninja in directory /home/tikhon/Документы/magnolia/applets/rust/rhexdump/build
Executing "ninja elf"...
[0/2] Re-checking globbed directories...
Executing action: elf
Running ninja in directory /home/tikhon/Документы/magnolia/applets/go/true/build
Executing "ninja elf"...
[0/2] Re-checking globbed directories...
Executing action: elf
Running ninja in directory /home/tikhon/Документы/magnolia/applets/rust/edit/build
Executing "ninja elf"...
[0/2] Re-checking globbed directories...
Applet goxxd OK -> /home/tikhon/Документы/magnolia/rootfs/bin/goxxd
Building applet zighello -> zighello ...
+ idf.py elf
Executing action: elf
Running ninja in directory /home/tikhon/Документы/magnolia/applets/go/uname/build
Executing "ninja elf"...
[0/2] Re-checking globbed directories...
Executing action: elf
Running ninja in directory /home/tikhon/Документы/magnolia/applets/rust/rusthello/build
Executing "ninja elf"...
[0/2] Re-checking globbed directories...
[1/2] Build ELF: true.app.elf
[1/2] Build ELF: uname.app.elf
Applet pwd OK -> /home/tikhon/Документы/magnolia/rootfs/bin/gopwd
Building applet zigtest -> zigtest ...
+ idf.py elf
[1/2] Build ELF: edit.app.elf
[1/2] Build ELF: rusthello.app.elf
/home/tikhon/.espressif/tools/xtensa-esp-elf/esp-15.1.0_20250607/xtensa-esp-elf/bin/../lib/gcc/xtensa-esp-elf/15.1.0/../../../../xtensa-esp-elf/bin/ld: warning: rusthello.app.elf has a LOAD segment with RWX permissions
Executing action: elf
Running ninja in directory /home/tikhon/Документы/magnolia/applets/zig/zdd/build
Executing "ninja elf"...
[0/2] Re-checking globbed directories...
Applet gotest OK -> /home/tikhon/Документы/magnolia/rootfs/bin/gotest
Building applet zxxd -> zxxd ...
+ idf.py elf
Executing action: elf
Running ninja in directory /home/tikhon/Документы/magnolia/applets/rust/rdd/build
Executing "ninja elf"...
[0/2] Re-checking globbed directories...
Executing action: elf
Running ninja in directory /home/tikhon/Документы/magnolia/applets/rust/rxxd/build
Executing "ninja elf"...
[0/2] Re-checking globbed directories...
Executing action: elf
Running ninja in directory /home/tikhon/Документы/magnolia/applets/rust/rselftest/build
Executing "ninja elf"...
[0/2] Re-checking globbed directories...
[1/2] Build ELF: dd.app.elf
/home/tikhon/.espressif/tools/xtensa-esp-elf/esp-15.1.0_20250607/xtensa-esp-elf/bin/../lib/gcc/xtensa-esp-elf/15.1.0/../../../../xtensa-esp-elf/bin/ld: warning: dd.app.elf has a LOAD segment with RWX permissions
Applet sleep OK -> /home/tikhon/Документы/magnolia/rootfs/bin/gosleep
[1/2] Build ELF: rselftest.app.elf
/home/tikhon/.espressif/tools/xtensa-esp-elf/esp-15.1.0_20250607/xtensa-esp-elf/bin/../lib/gcc/xtensa-esp-elf/15.1.0/../../../../xtensa-esp-elf/bin/ld: warning: rselftest.app.elf has a LOAD segment with RWX permissions
Executing action: elf
Running ninja in directory /home/tikhon/Документы/magnolia/applets/zig/zhexdump/build
Executing "ninja elf"...
[0/2] Re-checking globbed directories...
Executing action: elf
Running ninja in directory /home/tikhon/Документы/magnolia/applets/rust/rshello/build
Executing "ninja elf"...
[1/1] Build ELF: rshello.app.elf
/home/tikhon/.espressif/tools/xtensa-esp-elf/esp-15.1.0_20250607/xtensa-esp-elf/bin/../lib/gcc/xtensa-esp-elf/15.1.0/../../../../xtensa-esp-elf/bin/ld: warning: main.c.obj: missing .note.GNU-stack section implies executable stack
/home/tikhon/.espressif/tools/xtensa-esp-elf/esp-15.1.0_20250607/xtensa-esp-elf/bin/../lib/gcc/xtensa-esp-elf/15.1.0/../../../../xtensa-esp-elf/bin/ld: NOTE: This behaviour is deprecated and will be removed in a future version of the linker
Applet uname OK -> /home/tikhon/Документы/magnolia/rootfs/bin/gouname
Applet edit OK -> /home/tikhon/Документы/magnolia/rootfs/bin/edit
Applet true OK -> /home/tikhon/Документы/magnolia/rootfs/bin/gotrue
Applet rusthello OK -> /home/tikhon/Документы/magnolia/rootfs/bin/rusthello
Applet rdd OK -> /home/tikhon/Документы/magnolia/rootfs/bin/rdd
Applet rselftest OK -> /home/tikhon/Документы/magnolia/rootfs/bin/rselftest
Applet rshello OK -> /home/tikhon/Документы/magnolia/rootfs/bin/rshello
[1/6] Zig build-obj: dd -> /home/tikhon/Документы/magnolia/applets/zig/zdd/build/esp-idf/main/dd.zig.o
FAILED: esp-idf/main/dd.zig.o /home/tikhon/Документы/magnolia/applets/zig/zdd/build/esp-idf/main/dd.zig.o 
cd /home/tikhon/Документы/magnolia/applets/zig/zdd/build/esp-idf/main && python3 /home/tikhon/Документы/magnolia/tools/zig_xtensa_toolchain.py --install-dir /home/tikhon/Документы/magnolia/build/toolchains/zig-xtensa && /home/tikhon/Документы/magnolia/build/toolchains/zig-xtensa/zig build-obj -target xtensa-freestanding-none -mcpu esp32s3 -OReleaseSmall -lc --dep magnolia -Mroot=/home/tikhon/Документы/magnolia/applets/zig/zdd/main/dd.zig -Mmagnolia=/home/tikhon/Документы/magnolia/sdk/zig/magnolia.zig -femit-bin=/home/tikhon/Документы/magnolia/applets/zig/zdd/build/esp-idf/main/dd.zig.o && /home/tikhon/.espressif/tools/xtensa-esp-elf/esp-15.1.0_20250607/xtensa-esp-elf/bin/xtensa-esp32s3-elf-objcopy --set-section-flags .literal=alloc,load,contents,data /home/tikhon/Документы/magnolia/applets/zig/zdd/build/esp-idf/main/dd.zig.o && /home/tikhon/.espressif/tools/xtensa-esp-elf/esp-15.1.0_20250607/xtensa-esp-elf/bin/xtensa-esp32s3-elf-objcopy --set-section-flags .rodata=alloc,load,contents,data /home/tikhon/Документы/magnolia/applets/zig/zdd/build/esp-idf/main/dd.zig.o
0.14.0-dev.xtensa.2486+941677e08
/home/tikhon/Документы/magnolia/sdk/zig/magnolia/mem.zig:13:17: error: ambiguous reference
/home/tikhon/Документы/magnolia/sdk/zig/magnolia/mem.zig:30:5: note: declared here
/home/tikhon/Документы/magnolia/sdk/zig/magnolia/mem.zig:60:5: note: also declared here
ninja: build stopped: subcommand failed.
Executing action: elf
Running ninja in directory /home/tikhon/Документы/magnolia/applets/zig/zigdemo/build
Executing "ninja elf"...
[0/2] Re-checking globbed directories...
[1/6] Zig build-obj: hexdump -> /home/tikhon/Документы/magnolia/applets/zig/zhexdump/build/esp-idf/main/hexdump.zig.o
FAILED: esp-idf/main/hexdump.zig.o /home/tikhon/Документы/magnolia/applets/zig/zhexdump/build/esp-idf/main/hexdump.zig.o 
cd /home/tikhon/Документы/magnolia/applets/zig/zhexdump/build/esp-idf/main && python3 /home/tikhon/Документы/magnolia/tools/zig_xtensa_toolchain.py --install-dir /home/tikhon/Документы/magnolia/build/toolchains/zig-xtensa && /home/tikhon/Документы/magnolia/build/toolchains/zig-xtensa/zig build-obj -target xtensa-freestanding-none -mcpu esp32s3 -OReleaseSmall -lc --dep magnolia -Mroot=/home/tikhon/Документы/magnolia/applets/zig/zhexdump/main/hexdump.zig -Mmagnolia=/home/tikhon/Документы/magnolia/sdk/zig/magnolia.zig -femit-bin=/home/tikhon/Документы/magnolia/applets/zig/zhexdump/build/esp-idf/main/hexdump.zig.o && /home/tikhon/.espressif/tools/xtensa-esp-elf/esp-15.1.0_20250607/xtensa-esp-elf/bin/xtensa-esp32s3-elf-objcopy --set-section-flags .literal=alloc,load,contents,data /home/tikhon/Документы/magnolia/applets/zig/zhexdump/build/esp-idf/main/hexdump.zig.o && /home/tikhon/.espressif/tools/xtensa-esp-elf/esp-15.1.0_20250607/xtensa-esp-elf/bin/xtensa-esp32s3-elf-objcopy --set-section-flags .rodata=alloc,load,contents,data /home/tikhon/Документы/magnolia/applets/zig/zhexdump/build/esp-idf/main/hexdump.zig.o
0.14.0-dev.xtensa.2486+941677e08
/home/tikhon/Документы/magnolia/sdk/zig/magnolia/mem.zig:13:17: error: ambiguous reference
/home/tikhon/Документы/magnolia/sdk/zig/magnolia/mem.zig:30:5: note: declared here
/home/tikhon/Документы/magnolia/sdk/zig/magnolia/mem.zig:60:5: note: also declared here
ninja: build stopped: subcommand failed.
Command failed (2): idf.py elf
Elf target failed for zdd; running `idf.py build` instead.
+ idf.py build
Command failed (2): idf.py elf
Elf target failed for zhexdump; running `idf.py build` instead.
+ idf.py build
[1/4] Zig build-obj: zigdemo -> /home/tikhon/Документы/magnolia/applets/zig/zigdemo/build/esp-idf/main/zigdemo.zig.o
FAILED: esp-idf/main/zigdemo.zig.o /home/tikhon/Документы/magnolia/applets/zig/zigdemo/build/esp-idf/main/zigdemo.zig.o 
cd /home/tikhon/Документы/magnolia/applets/zig/zigdemo/build/esp-idf/main && python3 /home/tikhon/Документы/magnolia/tools/zig_xtensa_toolchain.py --install-dir /home/tikhon/Документы/magnolia/build/toolchains/zig-xtensa && /home/tikhon/Документы/magnolia/build/toolchains/zig-xtensa/zig build-obj -target xtensa-freestanding-none -mcpu esp32s3 -OReleaseSmall -lc --dep magnolia -Mroot=/home/tikhon/Документы/magnolia/applets/zig/zigdemo/main/zigdemo.zig -Mmagnolia=/home/tikhon/Документы/magnolia/sdk/zig/magnolia.zig -femit-bin=/home/tikhon/Документы/magnolia/applets/zig/zigdemo/build/esp-idf/main/zigdemo.zig.o && /home/tikhon/.espressif/tools/xtensa-esp-elf/esp-15.1.0_20250607/xtensa-esp-elf/bin/xtensa-esp32s3-elf-objcopy --set-section-flags .literal=alloc,load,contents,data /home/tikhon/Документы/magnolia/applets/zig/zigdemo/build/esp-idf/main/zigdemo.zig.o && /home/tikhon/.espressif/tools/xtensa-esp-elf/esp-15.1.0_20250607/xtensa-esp-elf/bin/xtensa-esp32s3-elf-objcopy --set-section-flags .rodata=alloc,load,contents,data /home/tikhon/Документы/magnolia/applets/zig/zigdemo/build/esp-idf/main/zigdemo.zig.o
0.14.0-dev.xtensa.2486+941677e08
/home/tikhon/Документы/magnolia/sdk/zig/magnolia/mem.zig:13:17: error: ambiguous reference
/home/tikhon/Документы/magnolia/sdk/zig/magnolia/mem.zig:30:5: note: declared here
/home/tikhon/Документы/magnolia/sdk/zig/magnolia/mem.zig:60:5: note: also declared here
ninja: build stopped: subcommand failed.
Executing action: elf
Running ninja in directory /home/tikhon/Документы/magnolia/applets/zig/zighello/build
Executing "ninja elf"...
[0/2] Re-checking globbed directories...
Command failed (2): idf.py elf
Elf target failed for zigdemo; running `idf.py build` instead.
+ idf.py build
Executing action: elf
Running ninja in directory /home/tikhon/Документы/magnolia/applets/zig/zigtest/build
Executing "ninja elf"...
[0/2] Re-checking globbed directories...
Executing action: elf
Running ninja in directory /home/tikhon/Документы/magnolia/applets/zig/zxxd/build
Executing "ninja elf"...
[0/2] Re-checking globbed directories...
[1/4] Zig build-obj: zighello -> /home/tikhon/Документы/magnolia/applets/zig/zighello/build/esp-idf/main/zighello.zig.o
FAILED: esp-idf/main/zighello.zig.o /home/tikhon/Документы/magnolia/applets/zig/zighello/build/esp-idf/main/zighello.zig.o 
cd /home/tikhon/Документы/magnolia/applets/zig/zighello/build/esp-idf/main && python3 /home/tikhon/Документы/magnolia/tools/zig_xtensa_toolchain.py --install-dir /home/tikhon/Документы/magnolia/build/toolchains/zig-xtensa && /home/tikhon/Документы/magnolia/build/toolchains/zig-xtensa/zig build-obj -target xtensa-freestanding-none -mcpu esp32s3 -OReleaseSmall -lc --dep magnolia -Mroot=/home/tikhon/Документы/magnolia/applets/zig/zighello/main/zighello.zig -Mmagnolia=/home/tikhon/Документы/magnolia/sdk/zig/magnolia.zig -femit-bin=/home/tikhon/Документы/magnolia/applets/zig/zighello/build/esp-idf/main/zighello.zig.o && /home/tikhon/.espressif/tools/xtensa-esp-elf/esp-15.1.0_20250607/xtensa-esp-elf/bin/xtensa-esp32s3-elf-objcopy --set-section-flags .literal=alloc,load,contents,data /home/tikhon/Документы/magnolia/applets/zig/zighello/build/esp-idf/main/zighello.zig.o && /home/tikhon/.espressif/tools/xtensa-esp-elf/esp-15.1.0_20250607/xtensa-esp-elf/bin/xtensa-esp32s3-elf-objcopy --set-section-flags .rodata=alloc,load,contents,data /home/tikhon/Документы/magnolia/applets/zig/zighello/build/esp-idf/main/zighello.zig.o
0.14.0-dev.xtensa.2486+941677e08
/home/tikhon/Документы/magnolia/sdk/zig/magnolia/mem.zig:13:17: error: ambiguous reference
/home/tikhon/Документы/magnolia/sdk/zig/magnolia/mem.zig:30:5: note: declared here
/home/tikhon/Документы/magnolia/sdk/zig/magnolia/mem.zig:60:5: note: also declared here
ninja: build stopped: subcommand failed.
[1/4] Zig build-obj: zigtest -> /home/tikhon/Документы/magnolia/applets/zig/zigtest/build/esp-idf/main/zigtest.zig.o
FAILED: esp-idf/main/zigtest.zig.o /home/tikhon/Документы/magnolia/applets/zig/zigtest/build/esp-idf/main/zigtest.zig.o 
cd /home/tikhon/Документы/magnolia/applets/zig/zigtest/build/esp-idf/main && python3 /home/tikhon/Документы/magnolia/tools/zig_xtensa_toolchain.py --install-dir /home/tikhon/Документы/magnolia/build/toolchains/zig-xtensa && /home/tikhon/Документы/magnolia/build/toolchains/zig-xtensa/zig build-obj -target xtensa-freestanding-none -mcpu esp32s3 -OReleaseSmall -lc --dep magnolia -Mroot=/home/tikhon/Документы/magnolia/applets/zig/zigtest/main/zigtest.zig -Mmagnolia=/home/tikhon/Документы/magnolia/sdk/zig/magnolia.zig -femit-bin=/home/tikhon/Документы/magnolia/applets/zig/zigtest/build/esp-idf/main/zigtest.zig.o && /home/tikhon/.espressif/tools/xtensa-esp-elf/esp-15.1.0_20250607/xtensa-esp-elf/bin/xtensa-esp32s3-elf-objcopy --set-section-flags .literal=alloc,load,contents,data /home/tikhon/Документы/magnolia/applets/zig/zigtest/build/esp-idf/main/zigtest.zig.o && /home/tikhon/.espressif/tools/xtensa-esp-elf/esp-15.1.0_20250607/xtensa-esp-elf/bin/xtensa-esp32s3-elf-objcopy --set-section-flags .rodata=alloc,load,contents,data /home/tikhon/Документы/magnolia/applets/zig/zigtest/build/esp-idf/main/zigtest.zig.o
0.14.0-dev.xtensa.2486+941677e08
/home/tikhon/Документы/magnolia/sdk/zig/magnolia/mem.zig:13:17: error: ambiguous reference
/home/tikhon/Документы/magnolia/sdk/zig/magnolia/mem.zig:30:5: note: declared here
/home/tikhon/Документы/magnolia/sdk/zig/magnolia/mem.zig:60:5: note: also declared here
ninja: build stopped: subcommand failed.
[1/6] Zig build-obj: xxd -> /home/tikhon/Документы/magnolia/applets/zig/zxxd/build/esp-idf/main/xxd.zig.o
FAILED: esp-idf/main/xxd.zig.o /home/tikhon/Документы/magnolia/applets/zig/zxxd/build/esp-idf/main/xxd.zig.o 
cd /home/tikhon/Документы/magnolia/applets/zig/zxxd/build/esp-idf/main && python3 /home/tikhon/Документы/magnolia/tools/zig_xtensa_toolchain.py --install-dir /home/tikhon/Документы/magnolia/build/toolchains/zig-xtensa && /home/tikhon/Документы/magnolia/build/toolchains/zig-xtensa/zig build-obj -target xtensa-freestanding-none -mcpu esp32s3 -OReleaseSmall -lc --dep magnolia -Mroot=/home/tikhon/Документы/magnolia/applets/zig/zxxd/main/xxd.zig -Mmagnolia=/home/tikhon/Документы/magnolia/sdk/zig/magnolia.zig -femit-bin=/home/tikhon/Документы/magnolia/applets/zig/zxxd/build/esp-idf/main/xxd.zig.o && /home/tikhon/.espressif/tools/xtensa-esp-elf/esp-15.1.0_20250607/xtensa-esp-elf/bin/xtensa-esp32s3-elf-objcopy --set-section-flags .literal=alloc,load,contents,data /home/tikhon/Документы/magnolia/applets/zig/zxxd/build/esp-idf/main/xxd.zig.o && /home/tikhon/.espressif/tools/xtensa-esp-elf/esp-15.1.0_20250607/xtensa-esp-elf/bin/xtensa-esp32s3-elf-objcopy --set-section-flags .rodata=alloc,load,contents,data /home/tikhon/Документы/magnolia/applets/zig/zxxd/build/esp-idf/main/xxd.zig.o
0.14.0-dev.xtensa.2486+941677e08
/home/tikhon/Документы/magnolia/sdk/zig/magnolia/mem.zig:13:17: error: ambiguous reference
/home/tikhon/Документы/magnolia/sdk/zig/magnolia/mem.zig:30:5: note: declared here
/home/tikhon/Документы/magnolia/sdk/zig/magnolia/mem.zig:60:5: note: also declared here
/home/tikhon/Документы/magnolia/build/toolchains/zig-xtensa/zig-relsafe-espressif-x86_64-linux-musl-baseline/lib/std/heap/PageAllocator.zig:42:19: error: type 'void' has no members
/home/tikhon/Документы/magnolia/build/toolchains/zig-xtensa/zig-relsafe-espressif-x86_64-linux-musl-baseline/lib/std/posix.zig:247:48: error: type 'void' not a function
/home/tikhon/Документы/magnolia/build/toolchains/zig-xtensa/zig-relsafe-espressif-x86_64-linux-musl-baseline/lib/std/posix.zig:4773:10: error: expected type 'void', found '@Type(.enum_literal)'
/home/tikhon/Документы/magnolia/applets/zig/zxxd/main/xxd.zig:301:27: error: root source file struct 'std' has no member named 'cstr'
/home/tikhon/Документы/magnolia/build/toolchains/zig-xtensa/zig-relsafe-espressif-x86_64-linux-musl-baseline/lib/std/std.zig:1:1: note: struct declared here
ninja: build stopped: subcommand failed.
Command failed (2): idf.py elf
Elf target failed for zighello; running `idf.py build` instead.
+ idf.py build
Command failed (2): idf.py elf
Executing action: all (aliases: build)
Running ninja in directory /home/tikhon/Документы/magnolia/applets/zig/zdd/build
Executing "ninja all"...
[0/2] Re-checking globbed directories...
Elf target failed for zigtest; running `idf.py build` instead.
+ idf.py build
Command failed (2): idf.py elf
Elf target failed for zxxd; running `idf.py build` instead.
+ idf.py build
Executing action: all (aliases: build)
Running ninja in directory /home/tikhon/Документы/magnolia/applets/zig/zhexdump/build
Executing "ninja all"...
[0/2] Re-checking globbed directories...
[1/14] Performing build step for 'bootloader'
[1/1] cd /home/tikhon/Документы/magnolia/applets/zig/zdd/build/bootloader && /home/tikhon/.espressif/python_env/idf6.0_py3.12_env/bin/python /home/tikhon/Документы/magnolia/esp-idf/components/partition_table/check_sizes.py --offset 0x8000 bootloader 0x0 /home/tikhon/Документы/magnolia/applets/zig/zdd/build/bootloader/bootloader.bin
Bootloader binary size 0x5320 bytes. 0x2ce0 bytes (35%) free.
[2/14] No install step for 'bootloader'
[1/14] Performing build step for 'bootloader'
[1/1] cd /home/tikhon/Документы/magnolia/applets/zig/zhexdump/build/bootloader && /home/tikhon/.espressif/python_env/idf6.0_py3.12_env/bin/python /home/tikhon/Документы/magnolia/esp-idf/components/partition_table/check_sizes.py --offset 0x8000 bootloader 0x0 /home/tikhon/Документы/magnolia/applets/zig/zhexdump/build/bootloader/bootloader.bin
Bootloader binary size 0x5320 bytes. 0x2ce0 bytes (35%) free.
[2/14] No install step for 'bootloader'
[3/14] Completed 'bootloader'
[3/14] Completed 'bootloader'
Executing action: all (aliases: build)
Running ninja in directory /home/tikhon/Документы/magnolia/applets/zig/zigdemo/build
Executing "ninja all"...
[0/2] Re-checking globbed directories...
[4/14] Zig build-obj: dd -> /home/tikhon/Документы/magnolia/applets/zig/zdd/build/esp-idf/main/dd.zig.o
FAILED: esp-idf/main/dd.zig.o /home/tikhon/Документы/magnolia/applets/zig/zdd/build/esp-idf/main/dd.zig.o 
cd /home/tikhon/Документы/magnolia/applets/zig/zdd/build/esp-idf/main && python3 /home/tikhon/Документы/magnolia/tools/zig_xtensa_toolchain.py --install-dir /home/tikhon/Документы/magnolia/build/toolchains/zig-xtensa && /home/tikhon/Документы/magnolia/build/toolchains/zig-xtensa/zig build-obj -target xtensa-freestanding-none -mcpu esp32s3 -OReleaseSmall -lc --dep magnolia -Mroot=/home/tikhon/Документы/magnolia/applets/zig/zdd/main/dd.zig -Mmagnolia=/home/tikhon/Документы/magnolia/sdk/zig/magnolia.zig -femit-bin=/home/tikhon/Документы/magnolia/applets/zig/zdd/build/esp-idf/main/dd.zig.o && /home/tikhon/.espressif/tools/xtensa-esp-elf/esp-15.1.0_20250607/xtensa-esp-elf/bin/xtensa-esp32s3-elf-objcopy --set-section-flags .literal=alloc,load,contents,data /home/tikhon/Документы/magnolia/applets/zig/zdd/build/esp-idf/main/dd.zig.o && /home/tikhon/.espressif/tools/xtensa-esp-elf/esp-15.1.0_20250607/xtensa-esp-elf/bin/xtensa-esp32s3-elf-objcopy --set-section-flags .rodata=alloc,load,contents,data /home/tikhon/Документы/magnolia/applets/zig/zdd/build/esp-idf/main/dd.zig.o
0.14.0-dev.xtensa.2486+941677e08
/home/tikhon/Документы/magnolia/sdk/zig/magnolia/mem.zig:13:17: error: ambiguous reference
/home/tikhon/Документы/magnolia/sdk/zig/magnolia/mem.zig:30:5: note: declared here
/home/tikhon/Документы/magnolia/sdk/zig/magnolia/mem.zig:60:5: note: also declared here
ninja: build stopped: subcommand failed.
[4/14] Zig build-obj: hexdump -> /home/tikhon/Документы/magnolia/applets/zig/zhexdump/build/esp-idf/main/hexdump.zig.o
FAILED: esp-idf/main/hexdump.zig.o /home/tikhon/Документы/magnolia/applets/zig/zhexdump/build/esp-idf/main/hexdump.zig.o 
cd /home/tikhon/Документы/magnolia/applets/zig/zhexdump/build/esp-idf/main && python3 /home/tikhon/Документы/magnolia/tools/zig_xtensa_toolchain.py --install-dir /home/tikhon/Документы/magnolia/build/toolchains/zig-xtensa && /home/tikhon/Документы/magnolia/build/toolchains/zig-xtensa/zig build-obj -target xtensa-freestanding-none -mcpu esp32s3 -OReleaseSmall -lc --dep magnolia -Mroot=/home/tikhon/Документы/magnolia/applets/zig/zhexdump/main/hexdump.zig -Mmagnolia=/home/tikhon/Документы/magnolia/sdk/zig/magnolia.zig -femit-bin=/home/tikhon/Документы/magnolia/applets/zig/zhexdump/build/esp-idf/main/hexdump.zig.o && /home/tikhon/.espressif/tools/xtensa-esp-elf/esp-15.1.0_20250607/xtensa-esp-elf/bin/xtensa-esp32s3-elf-objcopy --set-section-flags .literal=alloc,load,contents,data /home/tikhon/Документы/magnolia/applets/zig/zhexdump/build/esp-idf/main/hexdump.zig.o && /home/tikhon/.espressif/tools/xtensa-esp-elf/esp-15.1.0_20250607/xtensa-esp-elf/bin/xtensa-esp32s3-elf-objcopy --set-section-flags .rodata=alloc,load,contents,data /home/tikhon/Документы/magnolia/applets/zig/zhexdump/build/esp-idf/main/hexdump.zig.o
0.14.0-dev.xtensa.2486+941677e08
/home/tikhon/Документы/magnolia/sdk/zig/magnolia/mem.zig:13:17: error: ambiguous reference
/home/tikhon/Документы/magnolia/sdk/zig/magnolia/mem.zig:30:5: note: declared here
/home/tikhon/Документы/magnolia/sdk/zig/magnolia/mem.zig:60:5: note: also declared here
ninja: build stopped: subcommand failed.
Command failed (2): idf.py build
Skipping failed applet build: zhexdump
Command failed (2): idf.py build
Skipping failed applet build: zdd
[1/12] Zig build-obj: zigdemo -> /home/tikhon/Документы/magnolia/applets/zig/zigdemo/build/esp-idf/main/zigdemo.zig.o
FAILED: esp-idf/main/zigdemo.zig.o /home/tikhon/Документы/magnolia/applets/zig/zigdemo/build/esp-idf/main/zigdemo.zig.o 
cd /home/tikhon/Документы/magnolia/applets/zig/zigdemo/build/esp-idf/main && python3 /home/tikhon/Документы/magnolia/tools/zig_xtensa_toolchain.py --install-dir /home/tikhon/Документы/magnolia/build/toolchains/zig-xtensa && /home/tikhon/Документы/magnolia/build/toolchains/zig-xtensa/zig build-obj -target xtensa-freestanding-none -mcpu esp32s3 -OReleaseSmall -lc --dep magnolia -Mroot=/home/tikhon/Документы/magnolia/applets/zig/zigdemo/main/zigdemo.zig -Mmagnolia=/home/tikhon/Документы/magnolia/sdk/zig/magnolia.zig -femit-bin=/home/tikhon/Документы/magnolia/applets/zig/zigdemo/build/esp-idf/main/zigdemo.zig.o && /home/tikhon/.espressif/tools/xtensa-esp-elf/esp-15.1.0_20250607/xtensa-esp-elf/bin/xtensa-esp32s3-elf-objcopy --set-section-flags .literal=alloc,load,contents,data /home/tikhon/Документы/magnolia/applets/zig/zigdemo/build/esp-idf/main/zigdemo.zig.o && /home/tikhon/.espressif/tools/xtensa-esp-elf/esp-15.1.0_20250607/xtensa-esp-elf/bin/xtensa-esp32s3-elf-objcopy --set-section-flags .rodata=alloc,load,contents,data /home/tikhon/Документы/magnolia/applets/zig/zigdemo/build/esp-idf/main/zigdemo.zig.o
0.14.0-dev.xtensa.2486+941677e08
/home/tikhon/Документы/magnolia/sdk/zig/magnolia/mem.zig:13:17: error: ambiguous reference
/home/tikhon/Документы/magnolia/sdk/zig/magnolia/mem.zig:30:5: note: declared here
/home/tikhon/Документы/magnolia/sdk/zig/magnolia/mem.zig:60:5: note: also declared here
Executing action: all (aliases: build)
Running ninja in directory /home/tikhon/Документы/magnolia/applets/zig/zighello/build
Executing "ninja all"...
[0/2] Re-checking globbed directories...
Executing action: all (aliases: build)
Running ninja in directory /home/tikhon/Документы/magnolia/applets/zig/zigtest/build
Executing "ninja all"...
[0/2] Re-checking globbed directories...
Executing action: all (aliases: build)
Running ninja in directory /home/tikhon/Документы/magnolia/applets/zig/zxxd/build
Executing "ninja all"...
[0/2] Re-checking globbed directories...
[1/14] Performing build step for 'bootloader'
[1/1] cd /home/tikhon/Документы/magnolia/applets/zig/zxxd/build/bootloader && /home/tikhon/.espressif/python_env/idf6.0_py3.12_env/bin/python /home/tikhon/Документы/magnolia/esp-idf/components/partition_table/check_sizes.py --offset 0x8000 bootloader 0x0 /home/tikhon/Документы/magnolia/applets/zig/zxxd/build/bootloader/bootloader.bin
Bootloader binary size 0x5320 bytes. 0x2ce0 bytes (35%) free.
[2/14] No install step for 'bootloader'
[3/14] Completed 'bootloader'
[1/12] Zig build-obj: zighello -> /home/tikhon/Документы/magnolia/applets/zig/zighello/build/esp-idf/main/zighello.zig.o
FAILED: esp-idf/main/zighello.zig.o /home/tikhon/Документы/magnolia/applets/zig/zighello/build/esp-idf/main/zighello.zig.o 
cd /home/tikhon/Документы/magnolia/applets/zig/zighello/build/esp-idf/main && python3 /home/tikhon/Документы/magnolia/tools/zig_xtensa_toolchain.py --install-dir /home/tikhon/Документы/magnolia/build/toolchains/zig-xtensa && /home/tikhon/Документы/magnolia/build/toolchains/zig-xtensa/zig build-obj -target xtensa-freestanding-none -mcpu esp32s3 -OReleaseSmall -lc --dep magnolia -Mroot=/home/tikhon/Документы/magnolia/applets/zig/zighello/main/zighello.zig -Mmagnolia=/home/tikhon/Документы/magnolia/sdk/zig/magnolia.zig -femit-bin=/home/tikhon/Документы/magnolia/applets/zig/zighello/build/esp-idf/main/zighello.zig.o && /home/tikhon/.espressif/tools/xtensa-esp-elf/esp-15.1.0_20250607/xtensa-esp-elf/bin/xtensa-esp32s3-elf-objcopy --set-section-flags .literal=alloc,load,contents,data /home/tikhon/Документы/magnolia/applets/zig/zighello/build/esp-idf/main/zighello.zig.o && /home/tikhon/.espressif/tools/xtensa-esp-elf/esp-15.1.0_20250607/xtensa-esp-elf/bin/xtensa-esp32s3-elf-objcopy --set-section-flags .rodata=alloc,load,contents,data /home/tikhon/Документы/magnolia/applets/zig/zighello/build/esp-idf/main/zighello.zig.o
0.14.0-dev.xtensa.2486+941677e08
/home/tikhon/Документы/magnolia/sdk/zig/magnolia/mem.zig:13:17: error: ambiguous reference
/home/tikhon/Документы/magnolia/sdk/zig/magnolia/mem.zig:30:5: note: declared here
/home/tikhon/Документы/magnolia/sdk/zig/magnolia/mem.zig:60:5: note: also declared here
[1/12] Zig build-obj: zigtest -> /home/tikhon/Документы/magnolia/applets/zig/zigtest/build/esp-idf/main/zigtest.zig.o
FAILED: esp-idf/main/zigtest.zig.o /home/tikhon/Документы/magnolia/applets/zig/zigtest/build/esp-idf/main/zigtest.zig.o 
cd /home/tikhon/Документы/magnolia/applets/zig/zigtest/build/esp-idf/main && python3 /home/tikhon/Документы/magnolia/tools/zig_xtensa_toolchain.py --install-dir /home/tikhon/Документы/magnolia/build/toolchains/zig-xtensa && /home/tikhon/Документы/magnolia/build/toolchains/zig-xtensa/zig build-obj -target xtensa-freestanding-none -mcpu esp32s3 -OReleaseSmall -lc --dep magnolia -Mroot=/home/tikhon/Документы/magnolia/applets/zig/zigtest/main/zigtest.zig -Mmagnolia=/home/tikhon/Документы/magnolia/sdk/zig/magnolia.zig -femit-bin=/home/tikhon/Документы/magnolia/applets/zig/zigtest/build/esp-idf/main/zigtest.zig.o && /home/tikhon/.espressif/tools/xtensa-esp-elf/esp-15.1.0_20250607/xtensa-esp-elf/bin/xtensa-esp32s3-elf-objcopy --set-section-flags .literal=alloc,load,contents,data /home/tikhon/Документы/magnolia/applets/zig/zigtest/build/esp-idf/main/zigtest.zig.o && /home/tikhon/.espressif/tools/xtensa-esp-elf/esp-15.1.0_20250607/xtensa-esp-elf/bin/xtensa-esp32s3-elf-objcopy --set-section-flags .rodata=alloc,load,contents,data /home/tikhon/Документы/magnolia/applets/zig/zigtest/build/esp-idf/main/zigtest.zig.o
0.14.0-dev.xtensa.2486+941677e08
/home/tikhon/Документы/magnolia/sdk/zig/magnolia/mem.zig:13:17: error: ambiguous reference
/home/tikhon/Документы/magnolia/sdk/zig/magnolia/mem.zig:30:5: note: declared here
/home/tikhon/Документы/magnolia/sdk/zig/magnolia/mem.zig:60:5: note: also declared here
[2/12] Performing build step for 'bootloader'
[1/123] Building C object esp-idf/log/CMakeFiles/__idf_log.dir/src/noos/util.c.obj
[2/123] Building C object esp-idf/log/CMakeFiles/__idf_log.dir/src/util.c.obj
[3/123] Building ASM object esp-idf/esp_rom/CMakeFiles/__idf_esp_rom.dir/patches/esp_rom_longjmp.S.obj
[4/123] Building C object esp-idf/log/CMakeFiles/__idf_log.dir/src/noos/log_timestamp.c.obj
[5/123] Building C object esp-idf/log/CMakeFiles/__idf_log.dir/src/log.c.obj
[6/123] Building C object esp-idf/log/CMakeFiles/__idf_log.dir/src/log_print.c.obj
[7/123] Building C object esp-idf/esp_rom/CMakeFiles/__idf_esp_rom.dir/patches/esp_rom_crc.c.obj
[8/123] Building C object esp-idf/esp_rom/CMakeFiles/__idf_esp_rom.dir/patches/esp_rom_efuse.c.obj
[9/123] Building C object esp-idf/esp_rom/CMakeFiles/__idf_esp_rom.dir/patches/esp_rom_gpio.c.obj
[10/123] Building C object esp-idf/log/CMakeFiles/__idf_log.dir/src/noos/log_lock.c.obj
[11/123] Building C object esp-idf/log/CMakeFiles/__idf_log.dir/src/log_timestamp_common.c.obj
[12/123] Building ASM object esp-idf/esp_rom/CMakeFiles/__idf_esp_rom.dir/patches/esp_rom_cache_writeback_esp32s3.S.obj
[13/123] Building C object esp-idf/esp_rom/CMakeFiles/__idf_esp_rom.dir/patches/esp_rom_spiflash.c.obj
[14/123] Building C object esp-idf/esp_rom/CMakeFiles/__idf_esp_rom.dir/patches/esp_rom_wdt.c.obj
[15/123] Building C object esp-idf/log/CMakeFiles/__idf_log.dir/src/log_format_text.c.obj
[16/123] Building C object esp-idf/esp_hw_support/CMakeFiles/__idf_esp_hw_support.dir/port/esp32s3/cpu_region_protect.c.obj
[17/123] Building C object esp-idf/esp_rom/CMakeFiles/__idf_esp_rom.dir/patches/esp_rom_cache_esp32s2_esp32s3.c.obj
[18/123] Building C object esp-idf/esp_rom/CMakeFiles/__idf_esp_rom.dir/patches/esp_rom_sys.c.obj
[19/123] Building C object esp-idf/esp_hw_support/CMakeFiles/__idf_esp_hw_support.dir/esp_memory_utils.c.obj
[20/123] Building C object esp-idf/esp_rom/CMakeFiles/__idf_esp_rom.dir/patches/esp_rom_systimer.c.obj
[21/123] Building C object esp-idf/esp_hw_support/CMakeFiles/__idf_esp_hw_support.dir/port/esp32s3/esp_cpu_intr.c.obj
[22/123] Building C object esp-idf/esp_hw_support/CMakeFiles/__idf_esp_hw_support.dir/cpu.c.obj
[23/123] Building C object esp-idf/esp_system/CMakeFiles/__idf_esp_system.dir/esp_err.c.obj
[24/123] Building C object esp-idf/esp_hw_support/CMakeFiles/__idf_esp_hw_support.dir/port/esp32s3/chip_info.c.obj
[25/123] Building C object esp-idf/esp_common/CMakeFiles/__idf_esp_common.dir/src/esp_err_to_name.c.obj
[26/123] Building C object esp-idf/esp_rom/CMakeFiles/__idf_esp_rom.dir/patches/esp_rom_serial_output.c.obj
[27/123] Building C object esp-idf/efuse/CMakeFiles/__idf_efuse.dir/esp32s3/esp_efuse_fields.c.obj
[28/123] Building C object esp-idf/esp_hw_support/CMakeFiles/__idf_esp_hw_support.dir/port/esp32s3/rtc_clk_init.c.obj
[29/123] Building C object esp-idf/efuse/CMakeFiles/__idf_efuse.dir/esp32s3/esp_efuse_table.c.obj
[30/123] Building C object esp-idf/efuse/CMakeFiles/__idf_efuse.dir/esp32s3/esp_efuse_utility.c.obj
[31/123] Building C object esp-idf/bootloader_support/CMakeFiles/__idf_bootloader_support.dir/src/bootloader_efuse.c.obj
[32/123] Building C object esp-idf/bootloader_support/CMakeFiles/__idf_bootloader_support.dir/src/bootloader_mem.c.obj
[33/123] Building C object esp-idf/efuse/CMakeFiles/__idf_efuse.dir/src/esp_efuse_fields.c.obj
[34/123] Building C object esp-idf/log/CMakeFiles/__idf_log.dir/src/buffer/log_buffers.c.obj
[35/123] Building C object esp-idf/bootloader_support/CMakeFiles/__idf_bootloader_support.dir/src/bootloader_clock_init.c.obj
[36/123] Building C object esp-idf/efuse/CMakeFiles/__idf_efuse.dir/src/esp_efuse_api.c.obj
[37/123] Building C object esp-idf/esp_hw_support/CMakeFiles/__idf_esp_hw_support.dir/port/esp32s3/rtc_sleep.c.obj
[38/123] Building C object esp-idf/esp_hw_support/CMakeFiles/__idf_esp_hw_support.dir/port/esp32s3/rtc_time.c.obj
[39/123] Building C object esp-idf/efuse/CMakeFiles/__idf_efuse.dir/esp32s3/esp_efuse_rtc_calib.c.obj
[40/123] Building C object esp-idf/bootloader_support/CMakeFiles/__idf_bootloader_support.dir/src/bootloader_random.c.obj
[41/123] Building C object esp-idf/bootloader_support/CMakeFiles/__idf_bootloader_support.dir/src/secure_boot.c.obj
[42/123] Linking C static library esp-idf/log/liblog.a
[43/123] Building C object esp-idf/bootloader_support/CMakeFiles/__idf_bootloader_support.dir/src/bootloader_common_loader.c.obj
[44/123] Building C object esp-idf/esp_hw_support/CMakeFiles/__idf_esp_hw_support.dir/port/esp32s3/rtc_clk.c.obj
[45/123] Building C object esp-idf/bootloader_support/CMakeFiles/__idf_bootloader_support.dir/src/flash_partitions.c.obj
[46/123] Building C object esp-idf/bootloader_support/CMakeFiles/__idf_bootloader_support.dir/src/bootloader_clock_loader.c.obj
[47/123] Building C object esp-idf/efuse/CMakeFiles/__idf_efuse.dir/src/efuse_controller/keys/with_key_purposes/esp_efuse_api_key.c.obj
[48/123] Building C object esp-idf/bootloader_support/CMakeFiles/__idf_bootloader_support.dir/src/flash_encrypt.c.obj
[49/123] Building C object esp-idf/bootloader_support/CMakeFiles/__idf_bootloader_support.dir/src/bootloader_sha.c.obj
[50/123] Building C object esp-idf/efuse/CMakeFiles/__idf_efuse.dir/src/esp_efuse_utility.c.obj
[51/123] Building C object esp-idf/bootloader_support/CMakeFiles/__idf_bootloader_support.dir/src/bootloader_console_loader.c.obj
[52/123] Building C object esp-idf/esp_bootloader_format/CMakeFiles/__idf_esp_bootloader_format.dir/esp_bootloader_desc.c.obj
[53/123] Building C object esp-idf/bootloader_support/CMakeFiles/__idf_bootloader_support.dir/src/bootloader_common.c.obj
[54/123] Building C object esp-idf/bootloader_support/CMakeFiles/__idf_bootloader_support.dir/src/bootloader_random_esp32s3.c.obj
[55/123] Building C object esp-idf/bootloader_support/CMakeFiles/__idf_bootloader_support.dir/bootloader_flash/src/flash_qio_mode.c.obj
[56/123] Building C object esp-idf/bootloader_support/CMakeFiles/__idf_bootloader_support.dir/src/esp32s3/bootloader_soc.c.obj
[57/123] Building C object esp-idf/esp_hw_support/CMakeFiles/__idf_esp_hw_support.dir/port/esp32s3/rtc_init.c.obj
[58/123] Building C object esp-idf/bootloader_support/CMakeFiles/__idf_bootloader_support.dir/src/bootloader_console.c.obj
[59/123] Building C object esp-idf/bootloader_support/CMakeFiles/__idf_bootloader_support.dir/bootloader_flash/src/bootloader_flash_config_esp32s3.c.obj
[60/123] Building C object esp-idf/hal/CMakeFiles/__idf_hal.dir/mpu_hal.c.obj
[61/123] Building C object esp-idf/bootloader_support/CMakeFiles/__idf_bootloader_support.dir/src/bootloader_panic.c.obj
[62/123] Building C object esp-idf/esp_rom/CMakeFiles/__idf_esp_rom.dir/patches/esp_rom_print.c.obj
[63/123] Building C object esp-idf/soc/CMakeFiles/__idf_soc.dir/dport_access_common.c.obj
[64/123] Building C object esp-idf/soc/CMakeFiles/__idf_soc.dir/esp32s3/interrupts.c.obj
[65/123] Building C object esp-idf/soc/CMakeFiles/__idf_soc.dir/esp32s3/gpio_periph.c.obj
[66/123] Building C object esp-idf/bootloader_support/CMakeFiles/__idf_bootloader_support.dir/bootloader_flash/src/bootloader_flash.c.obj
[67/123] Building C object esp-idf/spi_flash/CMakeFiles/__idf_spi_flash.dir/spi_flash_wrap.c.obj
[68/123] Building C object esp-idf/soc/CMakeFiles/__idf_soc.dir/lldesc.c.obj
[69/123] Building C object esp-idf/hal/CMakeFiles/__idf_hal.dir/efuse_hal.c.obj
[70/123] Linking C static library esp-idf/esp_rom/libesp_rom.a
[71/123] Building C object esp-idf/soc/CMakeFiles/__idf_soc.dir/esp32s3/uart_periph.c.obj
[72/123] Building C object esp-idf/soc/CMakeFiles/__idf_soc.dir/esp32s3/dedic_gpio_periph.c.obj
[73/123] Building C object esp-idf/soc/CMakeFiles/__idf_soc.dir/esp32s3/pcnt_periph.c.obj
[74/123] Building C object esp-idf/soc/CMakeFiles/__idf_soc.dir/esp32s3/gdma_periph.c.obj
[75/123] Building C object esp-idf/hal/CMakeFiles/__idf_hal.dir/hal_utils.c.obj
[76/123] Building C object esp-idf/soc/CMakeFiles/__idf_soc.dir/esp32s3/adc_periph.c.obj
[77/123] Building C object esp-idf/bootloader_support/CMakeFiles/__idf_bootloader_support.dir/src/bootloader_init.c.obj
[78/123] Building C object esp-idf/hal/CMakeFiles/__idf_hal.dir/cache_hal.c.obj
[79/123] Building C object esp-idf/soc/CMakeFiles/__idf_soc.dir/esp32s3/rmt_periph.c.obj
[80/123] Building C object esp-idf/soc/CMakeFiles/__idf_soc.dir/esp32s3/ledc_periph.c.obj
[81/123] Linking C static library esp-idf/esp_common/libesp_common.a
[82/123] Building C object esp-idf/hal/CMakeFiles/__idf_hal.dir/esp32s3/efuse_hal.c.obj
[83/123] Building C object esp-idf/bootloader_support/CMakeFiles/__idf_bootloader_support.dir/src/esp32s3/bootloader_esp32s3.c.obj
[84/123] Building C object esp-idf/soc/CMakeFiles/__idf_soc.dir/esp32s3/spi_periph.c.obj
[85/123] Building C object esp-idf/soc/CMakeFiles/__idf_soc.dir/esp32s3/i2c_periph.c.obj
[86/123] Building C object esp-idf/soc/CMakeFiles/__idf_soc.dir/esp32s3/temperature_sensor_periph.c.obj
[87/123] Building C object esp-idf/soc/CMakeFiles/__idf_soc.dir/esp32s3/sdm_periph.c.obj
[88/123] Building C object esp-idf/soc/CMakeFiles/__idf_soc.dir/esp32s3/i2s_periph.c.obj
[89/123] Building C object esp-idf/soc/CMakeFiles/__idf_soc.dir/esp32s3/timer_periph.c.obj
[90/123] Building C object esp-idf/soc/CMakeFiles/__idf_soc.dir/esp32s3/lcd_periph.c.obj
[91/123] Building C object esp-idf/soc/CMakeFiles/__idf_soc.dir/esp32s3/touch_sensor_periph.c.obj
[92/123] Building C object esp-idf/soc/CMakeFiles/__idf_soc.dir/esp32s3/mpi_periph.c.obj
[93/123] Building C object esp-idf/soc/CMakeFiles/__idf_soc.dir/esp32s3/sdmmc_periph.c.obj
[94/123] Building C object esp-idf/soc/CMakeFiles/__idf_soc.dir/esp32s3/mcpwm_periph.c.obj
[95/123] Generating project_elf_src_esp32s3.c
[96/123] Linking C static library esp-idf/esp_hw_support/libesp_hw_support.a
[97/123] Building C object esp-idf/soc/CMakeFiles/__idf_soc.dir/esp32s3/usb_dwc_periph.c.obj
[98/123] Building C object esp-idf/soc/CMakeFiles/__idf_soc.dir/esp32s3/cam_periph.c.obj
[99/123] Building C object esp-idf/soc/CMakeFiles/__idf_soc.dir/esp32s3/twai_periph.c.obj
[100/123] Building C object esp-idf/soc/CMakeFiles/__idf_soc.dir/esp32s3/wdt_periph.c.obj
[101/123] Building C object esp-idf/soc/CMakeFiles/__idf_soc.dir/esp32s3/power_supply_periph.c.obj
[102/123] Building C object CMakeFiles/bootloader.elf.dir/project_elf_src_esp32s3.c.obj
[103/123] Building C object esp-idf/xtensa/CMakeFiles/__idf_xtensa.dir/eri.c.obj
[104/123] Building C object esp-idf/soc/CMakeFiles/__idf_soc.dir/esp32s3/rtc_io_periph.c.obj
[105/123] Building C object esp-idf/hal/CMakeFiles/__idf_hal.dir/mmu_hal.c.obj
[106/123] Linking C static library esp-idf/esp_system/libesp_system.a
[107/123] Building C object esp-idf/xtensa/CMakeFiles/__idf_xtensa.dir/xt_trax.c.obj
[108/123] Building C object esp-idf/main/CMakeFiles/__idf_main.dir/bootloader_start.c.obj
[109/123] Linking C static library esp-idf/efuse/libefuse.a
[110/123] Building C object esp-idf/bootloader_support/CMakeFiles/__idf_bootloader_support.dir/src/esp_image_format.c.obj
[111/123] Building C object esp-idf/bootloader_support/CMakeFiles/__idf_bootloader_support.dir/src/bootloader_utility.c.obj
[112/123] Linking C static library esp-idf/bootloader_support/libbootloader_support.a
[113/123] Linking C static library esp-idf/esp_bootloader_format/libesp_bootloader_format.a
[114/123] Linking C static library esp-idf/spi_flash/libspi_flash.a
[115/123] Linking C static library esp-idf/hal/libhal.a
[116/123] Building C object esp-idf/micro-ecc/CMakeFiles/__idf_micro-ecc.dir/uECC_verify_antifault.c.obj
[117/123] Linking C static library esp-idf/micro-ecc/libmicro-ecc.a
[118/123] Linking C static library esp-idf/soc/libsoc.a
[119/123] Linking C static library esp-idf/xtensa/libxtensa.a
[120/123] Linking C static library esp-idf/main/libmain.a
[121/123] Linking C executable bootloader.elf
[122/123] Generating binary image from built executable
Warning: Deprecated: Option '--flash_mode' is deprecated. Use '--flash-mode' instead.
Warning: Deprecated: Option '--flash_freq' is deprecated. Use '--flash-freq' instead.
Warning: Deprecated: Option '--flash_size' is deprecated. Use '--flash-size' instead.
esptool v5.2.dev1
Creating ESP32S3 image...
Merged 2 ELF sections.
Successfully created ESP32S3 image.
Generated /home/tikhon/Документы/magnolia/applets/zig/zigdemo/build/bootloader/bootloader.bin
[123/123] cd /home/tikhon/Документы/magnolia/applets/zig/zigdemo/build/bootloader && /home/tikhon/.espressif/python_env/idf6.0_py3.12_env/bin/python /home/tikhon/Документы/magnolia/esp-idf/components/partition_table/check_sizes.py --offset 0x8000 bootloader 0x0 /home/tikhon/Документы/magnolia/applets/zig/zigdemo/build/bootloader/bootloader.bin
Bootloader binary size 0x5320 bytes. 0x2ce0 bytes (35%) free.
ninja: build stopped: subcommand failed.
[4/14] Zig build-obj: xxd -> /home/tikhon/Документы/magnolia/applets/zig/zxxd/build/esp-idf/main/xxd.zig.o
FAILED: esp-idf/main/xxd.zig.o /home/tikhon/Документы/magnolia/applets/zig/zxxd/build/esp-idf/main/xxd.zig.o 
cd /home/tikhon/Документы/magnolia/applets/zig/zxxd/build/esp-idf/main && python3 /home/tikhon/Документы/magnolia/tools/zig_xtensa_toolchain.py --install-dir /home/tikhon/Документы/magnolia/build/toolchains/zig-xtensa && /home/tikhon/Документы/magnolia/build/toolchains/zig-xtensa/zig build-obj -target xtensa-freestanding-none -mcpu esp32s3 -OReleaseSmall -lc --dep magnolia -Mroot=/home/tikhon/Документы/magnolia/applets/zig/zxxd/main/xxd.zig -Mmagnolia=/home/tikhon/Документы/magnolia/sdk/zig/magnolia.zig -femit-bin=/home/tikhon/Документы/magnolia/applets/zig/zxxd/build/esp-idf/main/xxd.zig.o && /home/tikhon/.espressif/tools/xtensa-esp-elf/esp-15.1.0_20250607/xtensa-esp-elf/bin/xtensa-esp32s3-elf-objcopy --set-section-flags .literal=alloc,load,contents,data /home/tikhon/Документы/magnolia/applets/zig/zxxd/build/esp-idf/main/xxd.zig.o && /home/tikhon/.espressif/tools/xtensa-esp-elf/esp-15.1.0_20250607/xtensa-esp-elf/bin/xtensa-esp32s3-elf-objcopy --set-section-flags .rodata=alloc,load,contents,data /home/tikhon/Документы/magnolia/applets/zig/zxxd/build/esp-idf/main/xxd.zig.o
0.14.0-dev.xtensa.2486+941677e08
/home/tikhon/Документы/magnolia/sdk/zig/magnolia/mem.zig:13:17: error: ambiguous reference
/home/tikhon/Документы/magnolia/sdk/zig/magnolia/mem.zig:30:5: note: declared here
/home/tikhon/Документы/magnolia/sdk/zig/magnolia/mem.zig:60:5: note: also declared here
/home/tikhon/Документы/magnolia/build/toolchains/zig-xtensa/zig-relsafe-espressif-x86_64-linux-musl-baseline/lib/std/heap/PageAllocator.zig:42:19: error: type 'void' has no members
/home/tikhon/Документы/magnolia/build/toolchains/zig-xtensa/zig-relsafe-espressif-x86_64-linux-musl-baseline/lib/std/posix.zig:247:48: error: type 'void' not a function
/home/tikhon/Документы/magnolia/build/toolchains/zig-xtensa/zig-relsafe-espressif-x86_64-linux-musl-baseline/lib/std/posix.zig:4773:10: error: expected type 'void', found '@Type(.enum_literal)'
/home/tikhon/Документы/magnolia/applets/zig/zxxd/main/xxd.zig:301:27: error: root source file struct 'std' has no member named 'cstr'
/home/tikhon/Документы/magnolia/build/toolchains/zig-xtensa/zig-relsafe-espressif-x86_64-linux-musl-baseline/lib/std/std.zig:1:1: note: struct declared here
ninja: build stopped: subcommand failed.
Command failed (2): idf.py build
Skipping failed applet build: zigdemo
Command failed (2): idf.py build
Skipping failed applet build: zxxd
[2/12] Performing build step for 'bootloader'
[1/123] Building C object esp-idf/log/CMakeFiles/__idf_log.dir/src/util.c.obj
[2/123] Building C object esp-idf/log/CMakeFiles/__idf_log.dir/src/log_print.c.obj
[3/123] Building C object esp-idf/log/CMakeFiles/__idf_log.dir/src/noos/util.c.obj
[4/123] Building ASM object esp-idf/esp_rom/CMakeFiles/__idf_esp_rom.dir/patches/esp_rom_longjmp.S.obj
[5/123] Building C object esp-idf/esp_rom/CMakeFiles/__idf_esp_rom.dir/patches/esp_rom_sys.c.obj
[6/123] Building C object esp-idf/log/CMakeFiles/__idf_log.dir/src/log.c.obj
[7/123] Building C object esp-idf/log/CMakeFiles/__idf_log.dir/src/log_timestamp_common.c.obj
[8/123] Building C object esp-idf/esp_rom/CMakeFiles/__idf_esp_rom.dir/patches/esp_rom_efuse.c.obj
[9/123] Building C object esp-idf/log/CMakeFiles/__idf_log.dir/src/log_format_text.c.obj
[10/123] Building C object esp-idf/esp_rom/CMakeFiles/__idf_esp_rom.dir/patches/esp_rom_crc.c.obj
[11/123] Building C object esp-idf/esp_rom/CMakeFiles/__idf_esp_rom.dir/patches/esp_rom_gpio.c.obj
[12/123] Building C object esp-idf/esp_rom/CMakeFiles/__idf_esp_rom.dir/patches/esp_rom_serial_output.c.obj
[13/123] Building C object esp-idf/esp_rom/CMakeFiles/__idf_esp_rom.dir/patches/esp_rom_systimer.c.obj
[14/123] Building ASM object esp-idf/esp_rom/CMakeFiles/__idf_esp_rom.dir/patches/esp_rom_cache_writeback_esp32s3.S.obj
[15/123] Building C object esp-idf/log/CMakeFiles/__idf_log.dir/src/noos/log_lock.c.obj
[16/123] Building C object esp-idf/esp_rom/CMakeFiles/__idf_esp_rom.dir/patches/esp_rom_spiflash.c.obj
[17/123] Building C object esp-idf/log/CMakeFiles/__idf_log.dir/src/noos/log_timestamp.c.obj
[18/123] Building C object esp-idf/log/CMakeFiles/__idf_log.dir/src/buffer/log_buffers.c.obj
[19/123] Building C object esp-idf/esp_rom/CMakeFiles/__idf_esp_rom.dir/patches/esp_rom_wdt.c.obj
[20/123] Building C object esp-idf/esp_hw_support/CMakeFiles/__idf_esp_hw_support.dir/port/esp32s3/esp_cpu_intr.c.obj
[21/123] Building C object esp-idf/esp_hw_support/CMakeFiles/__idf_esp_hw_support.dir/port/esp32s3/chip_info.c.obj
[22/123] Building C object esp-idf/esp_rom/CMakeFiles/__idf_esp_rom.dir/patches/esp_rom_cache_esp32s2_esp32s3.c.obj
[23/123] Building C object esp-idf/esp_hw_support/CMakeFiles/__idf_esp_hw_support.dir/esp_memory_utils.c.obj
[24/123] Building C object esp-idf/esp_common/CMakeFiles/__idf_esp_common.dir/src/esp_err_to_name.c.obj
[25/123] Building C object esp-idf/esp_hw_support/CMakeFiles/__idf_esp_hw_support.dir/port/esp32s3/cpu_region_protect.c.obj
[26/123] Building C object esp-idf/esp_hw_support/CMakeFiles/__idf_esp_hw_support.dir/port/esp32s3/rtc_clk_init.c.obj
[27/123] Building C object esp-idf/esp_system/CMakeFiles/__idf_esp_system.dir/esp_err.c.obj
[28/123] Building C object esp-idf/efuse/CMakeFiles/__idf_efuse.dir/esp32s3/esp_efuse_table.c.obj
[29/123] Linking C static library esp-idf/log/liblog.a
[30/123] Building C object esp-idf/esp_rom/CMakeFiles/__idf_esp_rom.dir/patches/esp_rom_print.c.obj
[31/123] Building C object esp-idf/esp_hw_support/CMakeFiles/__idf_esp_hw_support.dir/port/esp32s3/rtc_time.c.obj
[32/123] Building C object esp-idf/esp_hw_support/CMakeFiles/__idf_esp_hw_support.dir/port/esp32s3/rtc_sleep.c.obj
[33/123] Building C object esp-idf/efuse/CMakeFiles/__idf_efuse.dir/esp32s3/esp_efuse_fields.c.obj
[34/123] Building C object esp-idf/bootloader_support/CMakeFiles/__idf_bootloader_support.dir/src/bootloader_clock_init.c.obj
[35/123] Linking C static library esp-idf/esp_rom/libesp_rom.a
[36/123] Building C object esp-idf/efuse/CMakeFiles/__idf_efuse.dir/src/esp_efuse_fields.c.obj
[37/123] Building C object esp-idf/bootloader_support/CMakeFiles/__idf_bootloader_support.dir/src/bootloader_mem.c.obj
[38/123] Building C object esp-idf/efuse/CMakeFiles/__idf_efuse.dir/src/efuse_controller/keys/with_key_purposes/esp_efuse_api_key.c.obj
[39/123] Building C object esp-idf/bootloader_support/CMakeFiles/__idf_bootloader_support.dir/src/bootloader_common.c.obj
[40/123] Building C object esp-idf/bootloader_support/CMakeFiles/__idf_bootloader_support.dir/src/bootloader_random.c.obj
[41/123] Building C object esp-idf/efuse/CMakeFiles/__idf_efuse.dir/esp32s3/esp_efuse_rtc_calib.c.obj
[42/123] Building C object esp-idf/bootloader_support/CMakeFiles/__idf_bootloader_support.dir/src/secure_boot.c.obj
[43/123] Building C object esp-idf/efuse/CMakeFiles/__idf_efuse.dir/src/esp_efuse_api.c.obj
[44/123] Building C object esp-idf/efuse/CMakeFiles/__idf_efuse.dir/esp32s3/esp_efuse_utility.c.obj
[45/123] Linking C static library esp-idf/esp_common/libesp_common.a
[46/123] Building C object esp-idf/esp_hw_support/CMakeFiles/__idf_esp_hw_support.dir/cpu.c.obj
[47/123] Building C object esp-idf/bootloader_support/CMakeFiles/__idf_bootloader_support.dir/src/bootloader_efuse.c.obj
[48/123] Building C object esp-idf/bootloader_support/CMakeFiles/__idf_bootloader_support.dir/src/flash_partitions.c.obj
[49/123] Building C object esp-idf/bootloader_support/CMakeFiles/__idf_bootloader_support.dir/src/bootloader_console_loader.c.obj
[50/123] Building C object esp-idf/bootloader_support/CMakeFiles/__idf_bootloader_support.dir/src/bootloader_clock_loader.c.obj
[51/123] Building C object esp-idf/bootloader_support/CMakeFiles/__idf_bootloader_support.dir/src/bootloader_random_esp32s3.c.obj
[52/123] Building C object esp-idf/bootloader_support/CMakeFiles/__idf_bootloader_support.dir/src/bootloader_console.c.obj
[53/123] Building C object esp-idf/efuse/CMakeFiles/__idf_efuse.dir/src/esp_efuse_utility.c.obj
[54/123] Building C object esp-idf/bootloader_support/CMakeFiles/__idf_bootloader_support.dir/src/esp32s3/bootloader_soc.c.obj
[55/123] Building C object esp-idf/esp_bootloader_format/CMakeFiles/__idf_esp_bootloader_format.dir/esp_bootloader_desc.c.obj
[56/123] Building C object esp-idf/bootloader_support/CMakeFiles/__idf_bootloader_support.dir/src/bootloader_sha.c.obj
[57/123] Building C object esp-idf/esp_hw_support/CMakeFiles/__idf_esp_hw_support.dir/port/esp32s3/rtc_init.c.obj
[58/123] Building C object esp-idf/bootloader_support/CMakeFiles/__idf_bootloader_support.dir/src/bootloader_panic.c.obj
[59/123] Building C object esp-idf/bootloader_support/CMakeFiles/__idf_bootloader_support.dir/src/bootloader_init.c.obj
[60/123] Building C object esp-idf/spi_flash/CMakeFiles/__idf_spi_flash.dir/spi_flash_wrap.c.obj
[61/123] Building C object esp-idf/bootloader_support/CMakeFiles/__idf_bootloader_support.dir/src/flash_encrypt.c.obj
[62/123] Building C object esp-idf/bootloader_support/CMakeFiles/__idf_bootloader_support.dir/src/bootloader_utility.c.obj
[63/123] Building C object esp-idf/bootloader_support/CMakeFiles/__idf_bootloader_support.dir/src/bootloader_common_loader.c.obj
[64/123] Building C object esp-idf/hal/CMakeFiles/__idf_hal.dir/mpu_hal.c.obj
[65/123] Building C object esp-idf/hal/CMakeFiles/__idf_hal.dir/efuse_hal.c.obj
[66/123] Building C object esp-idf/esp_hw_support/CMakeFiles/__idf_esp_hw_support.dir/port/esp32s3/rtc_clk.c.obj
[67/123] Building C object esp-idf/bootloader_support/CMakeFiles/__idf_bootloader_support.dir/bootloader_flash/src/bootloader_flash_config_esp32s3.c.obj
[68/123] Building C object esp-idf/soc/CMakeFiles/__idf_soc.dir/esp32s3/interrupts.c.obj
[69/123] Building C object esp-idf/bootloader_support/CMakeFiles/__idf_bootloader_support.dir/bootloader_flash/src/flash_qio_mode.c.obj
[70/123] Building C object esp-idf/soc/CMakeFiles/__idf_soc.dir/esp32s3/adc_periph.c.obj
[71/123] Building C object esp-idf/soc/CMakeFiles/__idf_soc.dir/dport_access_common.c.obj
[72/123] Building C object esp-idf/hal/CMakeFiles/__idf_hal.dir/cache_hal.c.obj
[73/123] Building C object esp-idf/soc/CMakeFiles/__idf_soc.dir/esp32s3/gpio_periph.c.obj
[74/123] Building C object esp-idf/soc/CMakeFiles/__idf_soc.dir/esp32s3/gdma_periph.c.obj
[75/123] Building C object esp-idf/soc/CMakeFiles/__idf_soc.dir/lldesc.c.obj
[76/123] Building C object esp-idf/soc/CMakeFiles/__idf_soc.dir/esp32s3/uart_periph.c.obj
[77/123] Building C object esp-idf/soc/CMakeFiles/__idf_soc.dir/esp32s3/dedic_gpio_periph.c.obj
[78/123] Building C object esp-idf/soc/CMakeFiles/__idf_soc.dir/esp32s3/rmt_periph.c.obj
[79/123] Linking C static library esp-idf/esp_hw_support/libesp_hw_support.a
[80/123] Building C object esp-idf/soc/CMakeFiles/__idf_soc.dir/esp32s3/pcnt_periph.c.obj
[81/123] Building C object esp-idf/hal/CMakeFiles/__idf_hal.dir/mmu_hal.c.obj
[82/123] Building C object esp-idf/soc/CMakeFiles/__idf_soc.dir/esp32s3/spi_periph.c.obj
[83/123] Building C object esp-idf/soc/CMakeFiles/__idf_soc.dir/esp32s3/ledc_periph.c.obj
[84/123] Building C object esp-idf/hal/CMakeFiles/__idf_hal.dir/esp32s3/efuse_hal.c.obj
[85/123] Building C object esp-idf/soc/CMakeFiles/__idf_soc.dir/esp32s3/i2c_periph.c.obj
[86/123] Building C object esp-idf/soc/CMakeFiles/__idf_soc.dir/esp32s3/sdm_periph.c.obj
[87/123] Building C object esp-idf/soc/CMakeFiles/__idf_soc.dir/esp32s3/lcd_periph.c.obj
[88/123] Building C object esp-idf/hal/CMakeFiles/__idf_hal.dir/hal_utils.c.obj
[89/123] Building C object esp-idf/bootloader_support/CMakeFiles/__idf_bootloader_support.dir/src/esp32s3/bootloader_esp32s3.c.obj
[90/123] Building C object esp-idf/soc/CMakeFiles/__idf_soc.dir/esp32s3/mcpwm_periph.c.obj
[91/123] Building C object esp-idf/soc/CMakeFiles/__idf_soc.dir/esp32s3/i2s_periph.c.obj
[92/123] Linking C static library esp-idf/esp_system/libesp_system.a
[93/123] Building C object esp-idf/soc/CMakeFiles/__idf_soc.dir/esp32s3/sdmmc_periph.c.obj
[94/123] Building C object esp-idf/soc/CMakeFiles/__idf_soc.dir/esp32s3/timer_periph.c.obj
[95/123] Building C object esp-idf/soc/CMakeFiles/__idf_soc.dir/esp32s3/touch_sensor_periph.c.obj
[96/123] Building C object esp-idf/soc/CMakeFiles/__idf_soc.dir/esp32s3/twai_periph.c.obj
[97/123] Building C object esp-idf/soc/CMakeFiles/__idf_soc.dir/esp32s3/cam_periph.c.obj
[98/123] Building C object esp-idf/soc/CMakeFiles/__idf_soc.dir/esp32s3/wdt_periph.c.obj
[99/123] Building C object esp-idf/soc/CMakeFiles/__idf_soc.dir/esp32s3/usb_dwc_periph.c.obj
[100/123] Building C object esp-idf/soc/CMakeFiles/__idf_soc.dir/esp32s3/mpi_periph.c.obj
[101/123] Building C object esp-idf/soc/CMakeFiles/__idf_soc.dir/esp32s3/temperature_sensor_periph.c.obj
[102/123] Building C object esp-idf/soc/CMakeFiles/__idf_soc.dir/esp32s3/power_supply_periph.c.obj
[103/123] Generating project_elf_src_esp32s3.c
[104/123] Building C object esp-idf/bootloader_support/CMakeFiles/__idf_bootloader_support.dir/bootloader_flash/src/bootloader_flash.c.obj
[105/123] Building C object esp-idf/xtensa/CMakeFiles/__idf_xtensa.dir/eri.c.obj
[106/123] Building C object CMakeFiles/bootloader.elf.dir/project_elf_src_esp32s3.c.obj
[107/123] Linking C static library esp-idf/efuse/libefuse.a
[108/123] Building C object esp-idf/xtensa/CMakeFiles/__idf_xtensa.dir/xt_trax.c.obj
[109/123] Building C object esp-idf/soc/CMakeFiles/__idf_soc.dir/esp32s3/rtc_io_periph.c.obj
[110/123] Building C object esp-idf/main/CMakeFiles/__idf_main.dir/bootloader_start.c.obj
[111/123] Building C object esp-idf/bootloader_support/CMakeFiles/__idf_bootloader_support.dir/src/esp_image_format.c.obj
[112/123] Linking C static library esp-idf/bootloader_support/libbootloader_support.a
[113/123] Linking C static library esp-idf/esp_bootloader_format/libesp_bootloader_format.a
[114/123] Linking C static library esp-idf/spi_flash/libspi_flash.a
[115/123] Linking C static library esp-idf/hal/libhal.a
[116/123] Building C object esp-idf/micro-ecc/CMakeFiles/__idf_micro-ecc.dir/uECC_verify_antifault.c.obj
[117/123] Linking C static library esp-idf/micro-ecc/libmicro-ecc.a
[118/123] Linking C static library esp-idf/soc/libsoc.a
[119/123] Linking C static library esp-idf/xtensa/libxtensa.a
[120/123] Linking C static library esp-idf/main/libmain.a
[121/123] Linking C executable bootloader.elf
[122/123] Generating binary image from built executable
Warning: Deprecated: Option '--flash_mode' is deprecated. Use '--flash-mode' instead.
Warning: Deprecated: Option '--flash_freq' is deprecated. Use '--flash-freq' instead.
Warning: Deprecated: Option '--flash_size' is deprecated. Use '--flash-size' instead.
esptool v5.2.dev1
Creating ESP32S3 image...
Merged 2 ELF sections.
Successfully created ESP32S3 image.
Generated /home/tikhon/Документы/magnolia/applets/zig/zighello/build/bootloader/bootloader.bin
[123/123] cd /home/tikhon/Документы/magnolia/applets/zig/zighello/build/bootloader && /home/tikhon/.espressif/python_env/idf6.0_py3.12_env/bin/python /home/tikhon/Документы/magnolia/esp-idf/components/partition_table/check_sizes.py --offset 0x8000 bootloader 0x0 /home/tikhon/Документы/magnolia/applets/zig/zighello/build/bootloader/bootloader.bin
Bootloader binary size 0x5320 bytes. 0x2ce0 bytes (35%) free.
ninja: build stopped: subcommand failed.
[2/12] Performing build step for 'bootloader'
[1/123] Building C object esp-idf/log/CMakeFiles/__idf_log.dir/src/noos/util.c.obj
[2/123] Building C object esp-idf/log/CMakeFiles/__idf_log.dir/src/log_print.c.obj
[3/123] Building C object esp-idf/log/CMakeFiles/__idf_log.dir/src/noos/log_lock.c.obj
[4/123] Building C object esp-idf/log/CMakeFiles/__idf_log.dir/src/util.c.obj
[5/123] Building C object esp-idf/log/CMakeFiles/__idf_log.dir/src/log_format_text.c.obj
[6/123] Building C object esp-idf/esp_rom/CMakeFiles/__idf_esp_rom.dir/patches/esp_rom_sys.c.obj
[7/123] Building C object esp-idf/esp_rom/CMakeFiles/__idf_esp_rom.dir/patches/esp_rom_crc.c.obj
[8/123] Building ASM object esp-idf/esp_rom/CMakeFiles/__idf_esp_rom.dir/patches/esp_rom_longjmp.S.obj
[9/123] Building C object esp-idf/log/CMakeFiles/__idf_log.dir/src/log_timestamp_common.c.obj
[10/123] Building C object esp-idf/esp_rom/CMakeFiles/__idf_esp_rom.dir/patches/esp_rom_serial_output.c.obj
[11/123] Building ASM object esp-idf/esp_rom/CMakeFiles/__idf_esp_rom.dir/patches/esp_rom_cache_writeback_esp32s3.S.obj
[12/123] Building C object esp-idf/log/CMakeFiles/__idf_log.dir/src/buffer/log_buffers.c.obj
[13/123] Building C object esp-idf/log/CMakeFiles/__idf_log.dir/src/log.c.obj
[14/123] Building C object esp-idf/esp_rom/CMakeFiles/__idf_esp_rom.dir/patches/esp_rom_efuse.c.obj
[15/123] Building C object esp-idf/esp_rom/CMakeFiles/__idf_esp_rom.dir/patches/esp_rom_systimer.c.obj
[16/123] Building C object esp-idf/esp_rom/CMakeFiles/__idf_esp_rom.dir/patches/esp_rom_wdt.c.obj
[17/123] Building C object esp-idf/esp_rom/CMakeFiles/__idf_esp_rom.dir/patches/esp_rom_gpio.c.obj
[18/123] Building C object esp-idf/log/CMakeFiles/__idf_log.dir/src/noos/log_timestamp.c.obj
[19/123] Building C object esp-idf/esp_hw_support/CMakeFiles/__idf_esp_hw_support.dir/port/esp32s3/esp_cpu_intr.c.obj
[20/123] Building C object esp-idf/esp_hw_support/CMakeFiles/__idf_esp_hw_support.dir/port/esp32s3/cpu_region_protect.c.obj
[21/123] Building C object esp-idf/esp_hw_support/CMakeFiles/__idf_esp_hw_support.dir/cpu.c.obj
[22/123] Building C object esp-idf/esp_rom/CMakeFiles/__idf_esp_rom.dir/patches/esp_rom_spiflash.c.obj
[23/123] Building C object esp-idf/esp_hw_support/CMakeFiles/__idf_esp_hw_support.dir/port/esp32s3/chip_info.c.obj
[24/123] Building C object esp-idf/esp_common/CMakeFiles/__idf_esp_common.dir/src/esp_err_to_name.c.obj
[25/123] Building C object esp-idf/esp_hw_support/CMakeFiles/__idf_esp_hw_support.dir/port/esp32s3/rtc_clk_init.c.obj
[26/123] Building C object esp-idf/esp_hw_support/CMakeFiles/__idf_esp_hw_support.dir/esp_memory_utils.c.obj
[27/123] Building C object esp-idf/esp_rom/CMakeFiles/__idf_esp_rom.dir/patches/esp_rom_cache_esp32s2_esp32s3.c.obj
[28/123] Linking C static library esp-idf/log/liblog.a
[29/123] Building C object esp-idf/esp_rom/CMakeFiles/__idf_esp_rom.dir/patches/esp_rom_print.c.obj
[30/123] Building C object esp-idf/efuse/CMakeFiles/__idf_efuse.dir/esp32s3/esp_efuse_fields.c.obj
[31/123] Building C object esp-idf/efuse/CMakeFiles/__idf_efuse.dir/esp32s3/esp_efuse_rtc_calib.c.obj
[32/123] Building C object esp-idf/efuse/CMakeFiles/__idf_efuse.dir/esp32s3/esp_efuse_table.c.obj
[33/123] Building C object esp-idf/efuse/CMakeFiles/__idf_efuse.dir/src/esp_efuse_fields.c.obj
[34/123] Building C object esp-idf/esp_hw_support/CMakeFiles/__idf_esp_hw_support.dir/port/esp32s3/rtc_time.c.obj
[35/123] Linking C static library esp-idf/esp_rom/libesp_rom.a
[36/123] Building C object esp-idf/esp_system/CMakeFiles/__idf_esp_system.dir/esp_err.c.obj
[37/123] Building C object esp-idf/bootloader_support/CMakeFiles/__idf_bootloader_support.dir/src/bootloader_efuse.c.obj
[38/123] Building C object esp-idf/bootloader_support/CMakeFiles/__idf_bootloader_support.dir/src/bootloader_random.c.obj
[39/123] Building C object esp-idf/bootloader_support/CMakeFiles/__idf_bootloader_support.dir/src/bootloader_mem.c.obj
[40/123] Linking C static library esp-idf/esp_common/libesp_common.a
[41/123] Building C object esp-idf/bootloader_support/CMakeFiles/__idf_bootloader_support.dir/src/bootloader_clock_init.c.obj
[42/123] Building C object esp-idf/efuse/CMakeFiles/__idf_efuse.dir/src/esp_efuse_api.c.obj
[43/123] Building C object esp-idf/bootloader_support/CMakeFiles/__idf_bootloader_support.dir/src/secure_boot.c.obj
[44/123] Building C object esp-idf/efuse/CMakeFiles/__idf_efuse.dir/esp32s3/esp_efuse_utility.c.obj
[45/123] Building C object esp-idf/bootloader_support/CMakeFiles/__idf_bootloader_support.dir/src/flash_encrypt.c.obj
[46/123] Building C object esp-idf/esp_hw_support/CMakeFiles/__idf_esp_hw_support.dir/port/esp32s3/rtc_sleep.c.obj
[47/123] Building C object esp-idf/bootloader_support/CMakeFiles/__idf_bootloader_support.dir/src/bootloader_common_loader.c.obj
[48/123] Building C object esp-idf/bootloader_support/CMakeFiles/__idf_bootloader_support.dir/src/bootloader_sha.c.obj
[49/123] Building C object esp-idf/bootloader_support/CMakeFiles/__idf_bootloader_support.dir/src/bootloader_console_loader.c.obj
[50/123] Building C object esp-idf/bootloader_support/CMakeFiles/__idf_bootloader_support.dir/src/bootloader_clock_loader.c.obj
[51/123] Building C object esp-idf/efuse/CMakeFiles/__idf_efuse.dir/src/efuse_controller/keys/with_key_purposes/esp_efuse_api_key.c.obj
[52/123] Building C object esp-idf/bootloader_support/CMakeFiles/__idf_bootloader_support.dir/src/flash_partitions.c.obj
[53/123] Building C object esp-idf/bootloader_support/CMakeFiles/__idf_bootloader_support.dir/src/bootloader_common.c.obj
[54/123] Building C object esp-idf/bootloader_support/CMakeFiles/__idf_bootloader_support.dir/src/bootloader_random_esp32s3.c.obj
[55/123] Building C object esp-idf/bootloader_support/CMakeFiles/__idf_bootloader_support.dir/src/esp32s3/bootloader_soc.c.obj
[56/123] Building C object esp-idf/bootloader_support/CMakeFiles/__idf_bootloader_support.dir/bootloader_flash/src/bootloader_flash.c.obj
[57/123] Building C object esp-idf/bootloader_support/CMakeFiles/__idf_bootloader_support.dir/bootloader_flash/src/flash_qio_mode.c.obj
[58/123] Building C object esp-idf/bootloader_support/CMakeFiles/__idf_bootloader_support.dir/src/bootloader_panic.c.obj
[59/123] Building C object esp-idf/bootloader_support/CMakeFiles/__idf_bootloader_support.dir/src/bootloader_console.c.obj
[60/123] Building C object esp-idf/bootloader_support/CMakeFiles/__idf_bootloader_support.dir/bootloader_flash/src/bootloader_flash_config_esp32s3.c.obj
[61/123] Building C object esp-idf/esp_bootloader_format/CMakeFiles/__idf_esp_bootloader_format.dir/esp_bootloader_desc.c.obj
[62/123] Building C object esp-idf/spi_flash/CMakeFiles/__idf_spi_flash.dir/spi_flash_wrap.c.obj
[63/123] Building C object esp-idf/hal/CMakeFiles/__idf_hal.dir/hal_utils.c.obj
[64/123] Building C object esp-idf/hal/CMakeFiles/__idf_hal.dir/mpu_hal.c.obj
[65/123] Building C object esp-idf/hal/CMakeFiles/__idf_hal.dir/efuse_hal.c.obj
[66/123] Building C object esp-idf/soc/CMakeFiles/__idf_soc.dir/dport_access_common.c.obj
[67/123] Building C object esp-idf/soc/CMakeFiles/__idf_soc.dir/lldesc.c.obj
[68/123] Building C object esp-idf/soc/CMakeFiles/__idf_soc.dir/esp32s3/interrupts.c.obj
[69/123] Building C object esp-idf/esp_hw_support/CMakeFiles/__idf_esp_hw_support.dir/port/esp32s3/rtc_init.c.obj
[70/123] Building C object esp-idf/soc/CMakeFiles/__idf_soc.dir/esp32s3/adc_periph.c.obj
[71/123] Building C object esp-idf/soc/CMakeFiles/__idf_soc.dir/esp32s3/gdma_periph.c.obj
[72/123] Building C object esp-idf/soc/CMakeFiles/__idf_soc.dir/esp32s3/gpio_periph.c.obj
[73/123] Building C object esp-idf/soc/CMakeFiles/__idf_soc.dir/esp32s3/uart_periph.c.obj
[74/123] Building C object esp-idf/bootloader_support/CMakeFiles/__idf_bootloader_support.dir/src/esp32s3/bootloader_esp32s3.c.obj
[75/123] Building C object esp-idf/bootloader_support/CMakeFiles/__idf_bootloader_support.dir/src/bootloader_utility.c.obj
[76/123] Building C object esp-idf/soc/CMakeFiles/__idf_soc.dir/esp32s3/ledc_periph.c.obj
[77/123] Building C object esp-idf/hal/CMakeFiles/__idf_hal.dir/mmu_hal.c.obj
[78/123] Building C object esp-idf/soc/CMakeFiles/__idf_soc.dir/esp32s3/pcnt_periph.c.obj
[79/123] Building C object esp-idf/esp_hw_support/CMakeFiles/__idf_esp_hw_support.dir/port/esp32s3/rtc_clk.c.obj
[80/123] Building C object esp-idf/soc/CMakeFiles/__idf_soc.dir/esp32s3/spi_periph.c.obj
[81/123] Building C object esp-idf/hal/CMakeFiles/__idf_hal.dir/esp32s3/efuse_hal.c.obj
[82/123] Building C object esp-idf/hal/CMakeFiles/__idf_hal.dir/cache_hal.c.obj
[83/123] Building C object esp-idf/soc/CMakeFiles/__idf_soc.dir/esp32s3/rmt_periph.c.obj
[84/123] Building C object esp-idf/soc/CMakeFiles/__idf_soc.dir/esp32s3/sdm_periph.c.obj
[85/123] Building C object esp-idf/efuse/CMakeFiles/__idf_efuse.dir/src/esp_efuse_utility.c.obj
[86/123] Building C object esp-idf/soc/CMakeFiles/__idf_soc.dir/esp32s3/i2s_periph.c.obj
[87/123] Building C object esp-idf/soc/CMakeFiles/__idf_soc.dir/esp32s3/temperature_sensor_periph.c.obj
[88/123] Building C object esp-idf/bootloader_support/CMakeFiles/__idf_bootloader_support.dir/src/bootloader_init.c.obj
[89/123] Building C object esp-idf/soc/CMakeFiles/__idf_soc.dir/esp32s3/dedic_gpio_periph.c.obj
[90/123] Building C object esp-idf/soc/CMakeFiles/__idf_soc.dir/esp32s3/lcd_periph.c.obj
[91/123] Building C object esp-idf/soc/CMakeFiles/__idf_soc.dir/esp32s3/mpi_periph.c.obj
[92/123] Building C object esp-idf/soc/CMakeFiles/__idf_soc.dir/esp32s3/i2c_periph.c.obj
[93/123] Building C object esp-idf/soc/CMakeFiles/__idf_soc.dir/esp32s3/timer_periph.c.obj
[94/123] Building C object esp-idf/soc/CMakeFiles/__idf_soc.dir/esp32s3/touch_sensor_periph.c.obj
[95/123] Building C object esp-idf/soc/CMakeFiles/__idf_soc.dir/esp32s3/twai_periph.c.obj
[96/123] Building C object esp-idf/soc/CMakeFiles/__idf_soc.dir/esp32s3/usb_dwc_periph.c.obj
[97/123] Building C object esp-idf/soc/CMakeFiles/__idf_soc.dir/esp32s3/mcpwm_periph.c.obj
[98/123] Linking C static library esp-idf/esp_hw_support/libesp_hw_support.a
[99/123] Building C object esp-idf/soc/CMakeFiles/__idf_soc.dir/esp32s3/sdmmc_periph.c.obj
[100/123] Building C object esp-idf/soc/CMakeFiles/__idf_soc.dir/esp32s3/wdt_periph.c.obj
[101/123] Generating project_elf_src_esp32s3.c
[102/123] Building C object esp-idf/soc/CMakeFiles/__idf_soc.dir/esp32s3/power_supply_periph.c.obj
[103/123] Building C object esp-idf/xtensa/CMakeFiles/__idf_xtensa.dir/eri.c.obj
[104/123] Building C object esp-idf/soc/CMakeFiles/__idf_soc.dir/esp32s3/cam_periph.c.obj
[105/123] Building C object esp-idf/soc/CMakeFiles/__idf_soc.dir/esp32s3/rtc_io_periph.c.obj
[106/123] Building C object CMakeFiles/bootloader.elf.dir/project_elf_src_esp32s3.c.obj
[107/123] Linking C static library esp-idf/esp_system/libesp_system.a
[108/123] Building C object esp-idf/xtensa/CMakeFiles/__idf_xtensa.dir/xt_trax.c.obj
[109/123] Linking C static library esp-idf/efuse/libefuse.a
[110/123] Building C object esp-idf/main/CMakeFiles/__idf_main.dir/bootloader_start.c.obj
[111/123] Building C object esp-idf/bootloader_support/CMakeFiles/__idf_bootloader_support.dir/src/esp_image_format.c.obj
[112/123] Linking C static library esp-idf/bootloader_support/libbootloader_support.a
[113/123] Linking C static library esp-idf/esp_bootloader_format/libesp_bootloader_format.a
[114/123] Linking C static library esp-idf/spi_flash/libspi_flash.a
[115/123] Linking C static library esp-idf/hal/libhal.a
[116/123] Building C object esp-idf/micro-ecc/CMakeFiles/__idf_micro-ecc.dir/uECC_verify_antifault.c.obj
[117/123] Linking C static library esp-idf/micro-ecc/libmicro-ecc.a
[118/123] Linking C static library esp-idf/soc/libsoc.a
[119/123] Linking C static library esp-idf/xtensa/libxtensa.a
[120/123] Linking C static library esp-idf/main/libmain.a
[121/123] Linking C executable bootloader.elf
[122/123] Generating binary image from built executable
Warning: Deprecated: Option '--flash_mode' is deprecated. Use '--flash-mode' instead.
Warning: Deprecated: Option '--flash_freq' is deprecated. Use '--flash-freq' instead.
Warning: Deprecated: Option '--flash_size' is deprecated. Use '--flash-size' instead.
esptool v5.2.dev1
Creating ESP32S3 image...
Merged 2 ELF sections.
Successfully created ESP32S3 image.
Generated /home/tikhon/Документы/magnolia/applets/zig/zigtest/build/bootloader/bootloader.bin
[123/123] cd /home/tikhon/Документы/magnolia/applets/zig/zigtest/build/bootloader && /home/tikhon/.espressif/python_env/idf6.0_py3.12_env/bin/python /home/tikhon/Документы/magnolia/esp-idf/components/partition_table/check_sizes.py --offset 0x8000 bootloader 0x0 /home/tikhon/Документы/magnolia/applets/zig/zigtest/build/bootloader/bootloader.bin
Bootloader binary size 0x5320 bytes. 0x2ce0 bytes (35%) free.
ninja: build stopped: subcommand failed.
Command failed (2): idf.py build
Skipping failed applet build: zighello
Command failed (2): idf.py build
Skipping failed applet build: zigtest
[1/3] Build Rust staticlib: /home/tikhon/Документы/magnolia/applets/rust/rhexdump/build/libhexdump.a
   Compiling hexdump v0.1.0 (/home/tikhon/Документы/magnolia/applets/rust/rhexdump/rust)
    Finished `release` profile [optimized] target(s) in 0.73s
[2/3] Build ELF: hexdump.app.elf
/home/tikhon/.espressif/tools/xtensa-esp-elf/esp-15.1.0_20250607/xtensa-esp-elf/bin/../lib/gcc/xtensa-esp-elf/15.1.0/../../../../xtensa-esp-elf/bin/ld: warning: hexdump.app.elf has a LOAD segment with RWX permissions
Applet rhexdump OK -> /home/tikhon/Документы/magnolia/rootfs/bin/rhexdump
[1/3] Build Rust staticlib: /home/tikhon/Документы/magnolia/applets/rust/rxxd/build/libxxd.a
   Compiling xxd v0.1.0 (/home/tikhon/Документы/magnolia/applets/rust/rxxd/rust)
    Finished `release` profile [optimized] target(s) in 0.63s
[2/3] Build ELF: xxd.app.elf
/home/tikhon/.espressif/tools/xtensa-esp-elf/esp-15.1.0_20250607/xtensa-esp-elf/bin/../lib/gcc/xtensa-esp-elf/15.1.0/../../../../xtensa-esp-elf/bin/ld: warning: xxd.app.elf has a LOAD segment with RWX permissions
Applet rxxd OK -> /home/tikhon/Документы/magnolia/rootfs/bin/rxxd
+ /home/tikhon/Документы/magnolia/build/littlefs_mkimage create /home/tikhon/Документы/magnolia/rootfs /home/tikhon/Документы/magnolia/build/vfs.bin --block-size=4096 --fs-size=2097152 --read-size=128 --prog-size=128 --cache-size=512 --lookahead-size=64
LittleFS image OK size=2097152 -> /home/tikhon/Документы/magnolia/build/vfs.bin
bash -lc 'source esp-idf/export.sh >/dev/null 2>&1 && python3 tools/applets.py build  '
Building applet cat -> cat ...
Building applet cd -> cd ...
Building applet chmod -> chmod ...
+ idf.py elf
+ idf.py elf
Building applet chown -> chown ...
Building applet cp -> cp ...
+ idf.py elf
Building applet date -> date ...
+ idf.py elf
+ idf.py elf
Building applet dd -> dd ...
Building applet df -> df ...
Building applet cut -> cut ...
+ idf.py elf
Building applet elftest -> elftest ...
+ idf.py elf
Building applet echo -> echo ...
Building applet du -> du ...
+ idf.py elf
Building applet free -> free ...
+ idf.py elf
Building applet false -> false ...
+ idf.py elf
Building applet head -> head ...
+ idf.py elf
Building applet env -> env ...
+ idf.py elf
+ idf.py elf
+ idf.py elf
+ idf.py elf
+ idf.py elf
Executing action: elf
Running ninja in directory /home/tikhon/Документы/magnolia/applets/mainline/cp/build
Executing "ninja elf"...
[1/1] Build ELF: cp.app.elf
Executing action: elf
Running ninja in directory /home/tikhon/Документы/magnolia/applets/mainline/chmod/build
Executing "ninja elf"...
[1/1] Build ELF: chmod.app.elf
Executing action: elf
Running ninja in directory /home/tikhon/Документы/magnolia/applets/mainline/du/build
Executing "ninja elf"...
[1/1] Build ELF: du.app.elf
Executing action: elf
Running ninja in directory /home/tikhon/Документы/magnolia/applets/mainline/elftest/build
Executing "ninja elf"...
[1/1] Build ELF: elftest.app.elf
Executing action: elf
Running ninja in directory /home/tikhon/Документы/magnolia/applets/mainline/cut/build
Executing "ninja elf"...
[1/1] Build ELF: cut.app.elf
Executing action: elf
Running ninja in directory /home/tikhon/Документы/magnolia/applets/mainline/dd/build
Executing "ninja elf"...
[1/1] Build ELF: dd.app.elf
Executing action: elf
Running ninja in directory /home/tikhon/Документы/magnolia/applets/mainline/free/build
Executing "ninja elf"...
[1/1] Build ELF: free.app.elf
Executing action: elf
Running ninja in directory /home/tikhon/Документы/magnolia/applets/mainline/cat/build
Executing "ninja elf"...
[1/1] Build ELF: cat.app.elf
Executing action: elf
Running ninja in directory /home/tikhon/Документы/magnolia/applets/mainline/chown/build
Executing "ninja elf"...
[1/1] Build ELF: chown.app.elf
Executing action: elf
Running ninja in directory /home/tikhon/Документы/magnolia/applets/mainline/echo/build
Executing "ninja elf"...
[1/1] Build ELF: echo.app.elf
Executing action: elf
Running ninja in directory /home/tikhon/Документы/magnolia/applets/mainline/date/build
Executing "ninja elf"...
[1/1] Build ELF: date.app.elf
Executing action: elf
Running ninja in directory /home/tikhon/Документы/magnolia/applets/mainline/df/build
Executing "ninja elf"...
[1/1] Build ELF: df.app.elf
Executing action: elf
Running ninja in directory /home/tikhon/Документы/magnolia/applets/mainline/env/build
Executing "ninja elf"...
[1/1] Build ELF: env.app.elf
Executing action: elf
Running ninja in directory /home/tikhon/Документы/magnolia/applets/mainline/cd/build
Executing "ninja elf"...
[1/1] Build ELF: cd.app.elf
Executing action: elf
Running ninja in directory /home/tikhon/Документы/magnolia/applets/mainline/false/build
Executing "ninja elf"...
[1/1] Build ELF: false.app.elf
Applet du OK -> /home/tikhon/Документы/magnolia/rootfs/bin/du
Building applet hexdump -> hexdump ...
+ idf.py elf
Applet cp OK -> /home/tikhon/Документы/magnolia/rootfs/bin/cp
Building applet init -> init ...
+ idf.py elf
Applet chmod OK -> /home/tikhon/Документы/magnolia/rootfs/bin/chmod
Building applet kill -> kill ...
+ idf.py elf
Applet elftest OK -> /home/tikhon/Документы/magnolia/rootfs/bin/elftest
Building applet ln -> ln ...
+ idf.py elf
Applet free OK -> /home/tikhon/Документы/magnolia/rootfs/bin/free
Building applet login -> login ...
+ idf.py elf
Executing action: elf
Running ninja in directory /home/tikhon/Документы/magnolia/applets/mainline/head/build
Executing "ninja elf"...
[1/1] Build ELF: head.app.elf
Applet dd OK -> /home/tikhon/Документы/magnolia/rootfs/bin/dd
Building applet ls -> ls ...
+ idf.py elf
Applet cut OK -> /home/tikhon/Документы/magnolia/rootfs/bin/cut
Building applet medit -> medit ...
+ idf.py elf
Applet chown OK -> /home/tikhon/Документы/magnolia/rootfs/bin/chown
Building applet mkdir -> mkdir ...
+ idf.py elf
Applet echo OK -> /home/tikhon/Документы/magnolia/rootfs/bin/echo
Building applet mv -> mv ...
+ idf.py elf
Applet cat OK -> /home/tikhon/Документы/magnolia/rootfs/bin/cat
Building applet ps -> ps ...
+ idf.py elf
Applet date OK -> /home/tikhon/Документы/magnolia/rootfs/bin/date
Building applet pwd -> pwd ...
+ idf.py elf
Applet df OK -> /home/tikhon/Документы/magnolia/rootfs/bin/df
Building applet rm -> rm ...
+ idf.py elf
Applet env OK -> /home/tikhon/Документы/magnolia/rootfs/bin/env
Building applet sh -> sh ...
+ idf.py elf
Applet false OK -> /home/tikhon/Документы/magnolia/rootfs/bin/false
Building applet shell -> shell ...
+ idf.py elf
Applet cd OK -> /home/tikhon/Документы/magnolia/rootfs/bin/cd
Building applet sleep -> sleep ...
+ idf.py elf
Applet head OK -> /home/tikhon/Документы/magnolia/rootfs/bin/head
Building applet sort -> sort ...
+ idf.py elf
Executing action: elf
Running ninja in directory /home/tikhon/Документы/magnolia/applets/mainline/login/build
Executing "ninja elf"...
[1/1] Build ELF: login.app.elf
Executing action: elf
Running ninja in directory /home/tikhon/Документы/magnolia/applets/mainline/init/build
Executing "ninja elf"...
[1/1] Build ELF: init.app.elf
Executing action: elf
Running ninja in directory /home/tikhon/Документы/magnolia/applets/mainline/medit/build
Executing "ninja elf"...
[1/1] Build ELF: medit.app.elf
Executing action: elf
Running ninja in directory /home/tikhon/Документы/magnolia/applets/mainline/ln/build
Executing "ninja elf"...
[1/1] Build ELF: ln.app.elf
Executing action: elf
Running ninja in directory /home/tikhon/Документы/magnolia/applets/mainline/kill/build
Executing "ninja elf"...
[1/1] Build ELF: kill.app.elf
Executing action: elf
Running ninja in directory /home/tikhon/Документы/magnolia/applets/mainline/hexdump/build
Executing "ninja elf"...
[1/1] Build ELF: hexdump.app.elf
Executing action: elf
Running ninja in directory /home/tikhon/Документы/magnolia/applets/mainline/ls/build
Executing "ninja elf"...
[1/1] Build ELF: ls.app.elf
Executing action: elf
Running ninja in directory /home/tikhon/Документы/magnolia/applets/mainline/pwd/build
Executing "ninja elf"...
[1/1] Build ELF: pwd.app.elf
Executing action: elf
Running ninja in directory /home/tikhon/Документы/magnolia/applets/mainline/mkdir/build
Executing "ninja elf"...
[1/1] Build ELF: mkdir.app.elf
Executing action: elf
Running ninja in directory /home/tikhon/Документы/magnolia/applets/mainline/shell/build
Executing "ninja elf"...
[1/1] Build ELF: shell.app.elf
Executing action: elf
Running ninja in directory /home/tikhon/Документы/magnolia/applets/mainline/mv/build
Executing "ninja elf"...
[1/1] Build ELF: mv.app.elf
Executing action: elf
Running ninja in directory /home/tikhon/Документы/magnolia/applets/mainline/ps/build
Executing "ninja elf"...
[1/1] Build ELF: ps.app.elf
Applet ln OK -> /home/tikhon/Документы/magnolia/rootfs/bin/ln
Building applet tail -> tail ...
+ idf.py elf
Applet login OK -> /home/tikhon/Документы/magnolia/rootfs/bin/login
Building applet tee -> tee ...
Applet medit OK -> /home/tikhon/Документы/magnolia/rootfs/bin/medit
Building applet test -> test ...
+ idf.py elf
+ idf.py elf
Applet kill OK -> /home/tikhon/Документы/magnolia/rootfs/bin/kill
Building applet touch -> touch ...
+ idf.py elf
Executing action: elf
Running ninja in directory /home/tikhon/Документы/magnolia/applets/mainline/rm/build
Executing "ninja elf"...
[1/1] Build ELF: rm.app.elf
Executing action: elf
Running ninja in directory /home/tikhon/Документы/magnolia/applets/mainline/sh/build
Executing "ninja elf"...
[1/1] Build ELF: sh.app.elf
Applet hexdump OK -> /home/tikhon/Документы/magnolia/rootfs/bin/hexdump
Building applet tr -> tr ...
Executing action: elf
Running ninja in directory /home/tikhon/Документы/magnolia/applets/mainline/sort/build
Executing "ninja elf"...
[1/1] Build ELF: sort.app.elf
+ idf.py elf
Applet ls OK -> /home/tikhon/Документы/magnolia/rootfs/bin/ls
Building applet true -> true ...
+ idf.py elf
Applet pwd OK -> /home/tikhon/Документы/magnolia/rootfs/bin/pwd
Building applet uname -> uname ...
+ idf.py elf
Applet init OK -> /home/tikhon/Документы/magnolia/rootfs/bin/init
Building applet user -> user ...
+ idf.py elf
Applet shell OK -> /home/tikhon/Документы/magnolia/rootfs/bin/shell
Building applet vi -> vi ...
+ idf.py elf
Applet mkdir OK -> /home/tikhon/Документы/magnolia/rootfs/bin/mkdir
Applet mv OK -> /home/tikhon/Документы/magnolia/rootfs/bin/mv
Building applet xxd -> xxd ...
Building applet echo -> goecho ...
+ idf.py elf
+ idf.py elf
Applet ps OK -> /home/tikhon/Документы/magnolia/rootfs/bin/ps
Building applet false -> gofalse ...
+ idf.py elf
Applet rm OK -> /home/tikhon/Документы/magnolia/rootfs/bin/rm
Building applet goargs -> goargs ...
+ idf.py elf
Applet sh OK -> /home/tikhon/Документы/magnolia/rootfs/bin/sh
Building applet godd -> godd ...
+ idf.py elf
Executing action: elf
Running ninja in directory /home/tikhon/Документы/magnolia/applets/mainline/sleep/build
Executing "ninja elf"...
[1/1] Build ELF: sleep.app.elf
Applet sort OK -> /home/tikhon/Документы/magnolia/rootfs/bin/sort
Building applet gohello -> gohello ...
+ idf.py elf
Applet sleep OK -> /home/tikhon/Документы/magnolia/rootfs/bin/sleep
Building applet gohexdump -> gohexdump ...
+ idf.py elf
Executing action: elf
Running ninja in directory /home/tikhon/Документы/magnolia/applets/mainline/tail/build
Executing "ninja elf"...
[1/1] Build ELF: tail.app.elf
Executing action: elf
Running ninja in directory /home/tikhon/Документы/magnolia/applets/mainline/touch/build
Executing "ninja elf"...
[1/1] Build ELF: touch.app.elf
Executing action: elf
Running ninja in directory /home/tikhon/Документы/magnolia/applets/mainline/true/build
Executing "ninja elf"...
[1/1] Build ELF: true.app.elf
Executing action: elf
Running ninja in directory /home/tikhon/Документы/magnolia/applets/mainline/vi/build
Executing "ninja elf"...
[1/1] Build ELF: vi.app.elf
Executing action: elf
Running ninja in directory /home/tikhon/Документы/magnolia/applets/mainline/user/build
Executing "ninja elf"...
[1/1] Build ELF: user.app.elf
Executing action: elf
Running ninja in directory /home/tikhon/Документы/magnolia/applets/mainline/tee/build
Executing "ninja elf"...
[1/1] Build ELF: tee.app.elf
Executing action: elf
Running ninja in directory /home/tikhon/Документы/magnolia/applets/mainline/tr/build
Executing "ninja elf"...
[1/1] Build ELF: tr.app.elf
Executing action: elf
Running ninja in directory /home/tikhon/Документы/magnolia/applets/go/echo/build
Executing "ninja elf"...
[0/2] Re-checking globbed directories...
Executing action: elf
Running ninja in directory /home/tikhon/Документы/magnolia/applets/go/godd/build
Executing "ninja elf"...
[0/2] Re-checking globbed directories...
[1/2] Build ELF: dd.app.elf
[1/2] Build ELF: echo.app.elf
Applet tail OK -> /home/tikhon/Документы/magnolia/rootfs/bin/tail
Building applet gotest -> gotest ...
+ idf.py elf
Executing action: elf
Running ninja in directory /home/tikhon/Документы/magnolia/applets/go/false/build
Executing "ninja elf"...
[0/2] Re-checking globbed directories...
Executing action: elf
Running ninja in directory /home/tikhon/Документы/magnolia/applets/go/gohello/build
Executing "ninja elf"...
[0/2] Re-checking globbed directories...
Executing action: elf
Running ninja in directory /home/tikhon/Документы/magnolia/applets/mainline/test/build
Executing "ninja elf"...
[1/1] Build ELF: test.app.elf
[1/2] Build ELF: gohello.app.elf
Executing action: elf
Running ninja in directory /home/tikhon/Документы/magnolia/applets/mainline/uname/build
Executing "ninja elf"...
[1/1] Build ELF: uname.app.elf
Applet vi OK -> /home/tikhon/Документы/magnolia/rootfs/bin/vi
Building applet goxxd -> goxxd ...
+ idf.py elf
[1/2] Build ELF: false.app.elf
Applet user OK -> /home/tikhon/Документы/magnolia/rootfs/bin/user
Building applet pwd -> gopwd ...
+ idf.py elf
Applet true OK -> /home/tikhon/Документы/magnolia/rootfs/bin/true
Building applet sleep -> gosleep ...
Executing action: elf
Running ninja in directory /home/tikhon/Документы/magnolia/applets/mainline/xxd/build
Executing "ninja elf"...
[1/1] Build ELF: xxd.app.elf
+ idf.py elf
Applet tr OK -> /home/tikhon/Документы/magnolia/rootfs/bin/tr
Building applet true -> gotrue ...
+ idf.py elf
Applet touch OK -> /home/tikhon/Документы/magnolia/rootfs/bin/touch
Building applet uname -> gouname ...
+ idf.py elf
Executing action: elf
Running ninja in directory /home/tikhon/Документы/magnolia/applets/go/goargs/build
Executing "ninja elf"...
[0/2] Re-checking globbed directories...
Applet echo OK -> /home/tikhon/Документы/magnolia/rootfs/bin/goecho
Building applet edit -> edit ...
[1/2] Build ELF: goargs.app.elf
+ idf.py elf
Applet tee OK -> /home/tikhon/Документы/magnolia/rootfs/bin/tee
Building applet rdd -> rdd ...
+ idf.py elf
Executing action: elf
Running ninja in directory /home/tikhon/Документы/magnolia/applets/go/gohexdump/build
Executing "ninja elf"...
[0/2] Re-checking globbed directories...
Applet godd OK -> /home/tikhon/Документы/magnolia/rootfs/bin/godd
Building applet rhexdump -> rhexdump ...
+ idf.py elf
Applet test OK -> /home/tikhon/Документы/magnolia/rootfs/bin/test
Building applet rselftest -> rselftest ...
+ idf.py elf
Applet gohello OK -> /home/tikhon/Документы/magnolia/rootfs/bin/gohello
Building applet rshello -> rshello ...
+ idf.py elf
[1/2] Build ELF: hexdump.app.elf
Applet xxd OK -> /home/tikhon/Документы/magnolia/rootfs/bin/xxd
Building applet rusthello -> rusthello ...
+ idf.py elf
Applet uname OK -> /home/tikhon/Документы/magnolia/rootfs/bin/uname
Building applet rxxd -> rxxd ...
+ idf.py elf
Applet false OK -> /home/tikhon/Документы/magnolia/rootfs/bin/gofalse
Building applet zdd -> zdd ...
+ idf.py elf
Applet goargs OK -> /home/tikhon/Документы/magnolia/rootfs/bin/goargs
Building applet zhexdump -> zhexdump ...
+ idf.py elf
Applet gohexdump OK -> /home/tikhon/Документы/magnolia/rootfs/bin/gohexdump
Building applet zigdemo -> zigdemo ...
+ idf.py elf
Executing action: elf
Running ninja in directory /home/tikhon/Документы/magnolia/applets/go/gotest/build
Executing "ninja elf"...
[0/2] Re-checking globbed directories...
Executing action: elf
Running ninja in directory /home/tikhon/Документы/magnolia/applets/go/goxxd/build
Executing "ninja elf"...
[0/2] Re-checking globbed directories...
Executing action: elf
Running ninja in directory /home/tikhon/Документы/magnolia/applets/go/pwd/build
Executing "ninja elf"...
[0/2] Re-checking globbed directories...
[1/2] Build ELF: gotest.app.elf
[1/2] Build ELF: xxd.app.elf
Executing action: elf
Running ninja in directory /home/tikhon/Документы/magnolia/applets/rust/edit/build
Executing "ninja elf"...
[0/2] Re-checking globbed directories...
Executing action: elf
Running ninja in directory /home/tikhon/Документы/magnolia/applets/go/sleep/build
Executing "ninja elf"...
[0/2] Re-checking globbed directories...
Executing action: elf
Running ninja in directory /home/tikhon/Документы/magnolia/applets/go/uname/build
Executing "ninja elf"...
[0/2] Re-checking globbed directories...
[1/2] Build ELF: pwd.app.elf
[1/2] Build ELF: sleep.app.elf
[1/2] Build ELF: uname.app.elf
[1/2] Build ELF: edit.app.elf
Executing action: elf
Running ninja in directory /home/tikhon/Документы/magnolia/applets/go/true/build
Executing "ninja elf"...
[0/2] Re-checking globbed directories...
[1/2] Build ELF: true.app.elf
Applet gotest OK -> /home/tikhon/Документы/magnolia/rootfs/bin/gotest
Building applet zighello -> zighello ...
+ idf.py elf
Executing action: elf
Running ninja in directory /home/tikhon/Документы/magnolia/applets/zig/zdd/build
Executing "ninja elf"...
[0/2] Re-checking globbed directories...
Executing action: elf
Running ninja in directory /home/tikhon/Документы/magnolia/applets/rust/rdd/build
Executing "ninja elf"...
[0/2] Re-checking globbed directories...
Executing action: elf
Running ninja in directory /home/tikhon/Документы/magnolia/applets/rust/rselftest/build
Executing "ninja elf"...
[0/2] Re-checking globbed directories...
[1/2] Build ELF: dd.app.elf
/home/tikhon/.espressif/tools/xtensa-esp-elf/esp-15.1.0_20250607/xtensa-esp-elf/bin/../lib/gcc/xtensa-esp-elf/15.1.0/../../../../xtensa-esp-elf/bin/ld: warning: dd.app.elf has a LOAD segment with RWX permissions
Executing action: elf
Running ninja in directory /home/tikhon/Документы/magnolia/applets/rust/rshello/build
Executing "ninja elf"...
[1/1] Build ELF: rshello.app.elf
/home/tikhon/.espressif/tools/xtensa-esp-elf/esp-15.1.0_20250607/xtensa-esp-elf/bin/../lib/gcc/xtensa-esp-elf/15.1.0/../../../../xtensa-esp-elf/bin/ld: warning: main.c.obj: missing .note.GNU-stack section implies executable stack
/home/tikhon/.espressif/tools/xtensa-esp-elf/esp-15.1.0_20250607/xtensa-esp-elf/bin/../lib/gcc/xtensa-esp-elf/15.1.0/../../../../xtensa-esp-elf/bin/ld: NOTE: This behaviour is deprecated and will be removed in a future version of the linker
Applet uname OK -> /home/tikhon/Документы/magnolia/rootfs/bin/gouname
Building applet zigtest -> zigtest ...
+ idf.py elf
Executing action: elf
Running ninja in directory /home/tikhon/Документы/magnolia/applets/rust/rxxd/build
Executing "ninja elf"...
[0/2] Re-checking globbed directories...
Executing action: elf
Running ninja in directory /home/tikhon/Документы/magnolia/applets/zig/zhexdump/build
Executing "ninja elf"...
[0/2] Re-checking globbed directories...
Applet sleep OK -> /home/tikhon/Документы/magnolia/rootfs/bin/gosleep
Building applet zxxd -> zxxd ...
[1/2] Build ELF: rselftest.app.elf
/home/tikhon/.espressif/tools/xtensa-esp-elf/esp-15.1.0_20250607/xtensa-esp-elf/bin/../lib/gcc/xtensa-esp-elf/15.1.0/../../../../xtensa-esp-elf/bin/ld: warning: rselftest.app.elf has a LOAD segment with RWX permissions
+ idf.py elf
Applet goxxd OK -> /home/tikhon/Документы/magnolia/rootfs/bin/goxxd
Applet edit OK -> /home/tikhon/Документы/magnolia/rootfs/bin/edit
Executing action: elf
Running ninja in directory /home/tikhon/Документы/magnolia/applets/rust/rusthello/build
Executing "ninja elf"...
[0/2] Re-checking globbed directories...
Applet pwd OK -> /home/tikhon/Документы/magnolia/rootfs/bin/gopwd
Executing action: elf
Running ninja in directory /home/tikhon/Документы/magnolia/applets/rust/rhexdump/build
Executing "ninja elf"...
[0/2] Re-checking globbed directories...
Executing action: elf
Running ninja in directory /home/tikhon/Документы/magnolia/applets/zig/zigdemo/build
Executing "ninja elf"...
[0/2] Re-checking globbed directories...
[1/2] Build ELF: xxd.app.elf
/home/tikhon/.espressif/tools/xtensa-esp-elf/esp-15.1.0_20250607/xtensa-esp-elf/bin/../lib/gcc/xtensa-esp-elf/15.1.0/../../../../xtensa-esp-elf/bin/ld: warning: xxd.app.elf has a LOAD segment with RWX permissions
[1/2] Build ELF: rusthello.app.elf
/home/tikhon/.espressif/tools/xtensa-esp-elf/esp-15.1.0_20250607/xtensa-esp-elf/bin/../lib/gcc/xtensa-esp-elf/15.1.0/../../../../xtensa-esp-elf/bin/ld: warning: rusthello.app.elf has a LOAD segment with RWX permissions
[1/2] Build ELF: hexdump.app.elf
/home/tikhon/.espressif/tools/xtensa-esp-elf/esp-15.1.0_20250607/xtensa-esp-elf/bin/../lib/gcc/xtensa-esp-elf/15.1.0/../../../../xtensa-esp-elf/bin/ld: warning: hexdump.app.elf has a LOAD segment with RWX permissions
Applet true OK -> /home/tikhon/Документы/magnolia/rootfs/bin/gotrue
Applet rshello OK -> /home/tikhon/Документы/magnolia/rootfs/bin/rshello
Applet rselftest OK -> /home/tikhon/Документы/magnolia/rootfs/bin/rselftest
Applet rdd OK -> /home/tikhon/Документы/magnolia/rootfs/bin/rdd
Applet rxxd OK -> /home/tikhon/Документы/magnolia/rootfs/bin/rxxd
Applet rhexdump OK -> /home/tikhon/Документы/magnolia/rootfs/bin/rhexdump
Applet rusthello OK -> /home/tikhon/Документы/magnolia/rootfs/bin/rusthello
[1/4] Zig build-obj: zigdemo -> /home/tikhon/Документы/magnolia/applets/zig/zigdemo/build/esp-idf/main/zigdemo.zig.o
0.14.0-dev.xtensa.2486+941677e08
[2/4] Linking C static library esp-idf/main/libmain.a
[3/4] Build ELF: zigdemo.app.elf
/home/tikhon/.espressif/tools/xtensa-esp-elf/esp-15.1.0_20250607/xtensa-esp-elf/bin/../lib/gcc/xtensa-esp-elf/15.1.0/../../../../xtensa-esp-elf/bin/ld: warning: zigdemo.app.elf has a LOAD segment with RWX permissions
Applet zigdemo OK -> /home/tikhon/Документы/magnolia/rootfs/bin/zigdemo
[1/6] Zig build-obj: hexdump -> /home/tikhon/Документы/magnolia/applets/zig/zhexdump/build/esp-idf/main/hexdump.zig.o
0.14.0-dev.xtensa.2486+941677e08
[1/6] Zig build-obj: dd -> /home/tikhon/Документы/magnolia/applets/zig/zdd/build/esp-idf/main/dd.zig.o
0.14.0-dev.xtensa.2486+941677e08
[2/6] Building C object esp-idf/main/CMakeFiles/__idf_main.dir/dummy.c.obj
[2/6] Building C object esp-idf/main/CMakeFiles/__idf_main.dir/dummy.c.obj
[3/6] Building C object 'esp-idf/main/CMakeFiles/__idf_main.dir/home/tikhon/Документы/magnolia/sdk/zig/magnolia_shim.c.obj'
[3/6] Building C object 'esp-idf/main/CMakeFiles/__idf_main.dir/home/tikhon/Документы/magnolia/sdk/zig/magnolia_shim.c.obj'
[4/6] Linking C static library esp-idf/main/libmain.a
[4/6] Linking C static library esp-idf/main/libmain.a
[5/6] Build ELF: hexdump.app.elf
/home/tikhon/.espressif/tools/xtensa-esp-elf/esp-15.1.0_20250607/xtensa-esp-elf/bin/../lib/gcc/xtensa-esp-elf/15.1.0/../../../../xtensa-esp-elf/bin/ld: warning: hexdump.app.elf has a LOAD segment with RWX permissions
[5/6] Build ELF: dd.app.elf
/home/tikhon/.espressif/tools/xtensa-esp-elf/esp-15.1.0_20250607/xtensa-esp-elf/bin/../lib/gcc/xtensa-esp-elf/15.1.0/../../../../xtensa-esp-elf/bin/ld: warning: dd.app.elf has a LOAD segment with RWX permissions
Executing action: elf
Running ninja in directory /home/tikhon/Документы/magnolia/applets/zig/zighello/build
Executing "ninja elf"...
[0/2] Re-checking globbed directories...
Applet zhexdump OK -> /home/tikhon/Документы/magnolia/rootfs/bin/zhexdump
Applet zdd OK -> /home/tikhon/Документы/magnolia/rootfs/bin/zdd
Executing action: elf
Running ninja in directory /home/tikhon/Документы/magnolia/applets/zig/zigtest/build
Executing "ninja elf"...
[0/2] Re-checking globbed directories...
Executing action: elf
Running ninja in directory /home/tikhon/Документы/magnolia/applets/zig/zxxd/build
Executing "ninja elf"...
[0/2] Re-checking globbed directories...
[1/4] Zig build-obj: zighello -> /home/tikhon/Документы/magnolia/applets/zig/zighello/build/esp-idf/main/zighello.zig.o
0.14.0-dev.xtensa.2486+941677e08
[2/4] Linking C static library esp-idf/main/libmain.a
[3/4] Build ELF: zighello.app.elf
[1/4] Zig build-obj: zigtest -> /home/tikhon/Документы/magnolia/applets/zig/zigtest/build/esp-idf/main/zigtest.zig.o
0.14.0-dev.xtensa.2486+941677e08
[2/4] Linking C static library esp-idf/main/libmain.a
[3/4] Build ELF: zigtest.app.elf
/home/tikhon/.espressif/tools/xtensa-esp-elf/esp-15.1.0_20250607/xtensa-esp-elf/bin/../lib/gcc/xtensa-esp-elf/15.1.0/../../../../xtensa-esp-elf/bin/ld: warning: zigtest.app.elf has a LOAD segment with RWX permissions
Applet zighello OK -> /home/tikhon/Документы/magnolia/rootfs/bin/zighello
Applet zigtest OK -> /home/tikhon/Документы/magnolia/rootfs/bin/zigtest
[1/6] Zig build-obj: xxd -> /home/tikhon/Документы/magnolia/applets/zig/zxxd/build/esp-idf/main/xxd.zig.o
0.14.0-dev.xtensa.2486+941677e08
[2/6] Building C object esp-idf/main/CMakeFiles/__idf_main.dir/dummy.c.obj
[3/6] Building C object 'esp-idf/main/CMakeFiles/__idf_main.dir/home/tikhon/Документы/magnolia/sdk/zig/magnolia_shim.c.obj'
[4/6] Linking C static library esp-idf/main/libmain.a
[5/6] Build ELF: xxd.app.elf
/home/tikhon/.espressif/tools/xtensa-esp-elf/esp-15.1.0_20250607/xtensa-esp-elf/bin/../lib/gcc/xtensa-esp-elf/15.1.0/../../../../xtensa-esp-elf/bin/ld: warning: xxd.app.elf has a LOAD segment with RWX permissions
Applet zxxd OK -> /home/tikhon/Документы/magnolia/rootfs/bin/zxxd
+ /home/tikhon/Документы/magnolia/build/littlefs_mkimage create /home/tikhon/Документы/magnolia/rootfs /home/tikhon/Документы/magnolia/build/vfs.bin --block-size=4096 --fs-size=2097152 --read-size=128 --prog-size=128 --cache-size=512 --lookahead-size=64
LittleFS image OK size=2097152 -> /home/tikhon/Документы/magnolia/build/vfs.bin
bash -lc 'source esp-idf/export.sh >/dev/null 2>&1 && python3 tools/applets.py build  '
Building applet cat -> cat ...
Building applet cd -> cd ...
Building applet chmod -> chmod ...
Building applet chown -> chown ...
+ idf.py elf
+ idf.py elf
+ idf.py elf
Building applet cut -> cut ...
Building applet date -> date ...
Building applet dd -> dd ...
Building applet df -> df ...
+ idf.py elf
Building applet cp -> cp ...
Building applet elftest -> elftest ...
Building applet echo -> echo ...
+ idf.py elf
+ idf.py elf
Building applet false -> false ...
Building applet free -> free ...
Building applet head -> head ...
+ idf.py elf
+ idf.py elf
Building applet env -> env ...
+ idf.py elf
+ idf.py elf
+ idf.py elf
+ idf.py elf
+ idf.py elf
+ idf.py elf
+ idf.py elf
Building applet du -> du ...
+ idf.py elf
Executing action: elf
Running ninja in directory /home/tikhon/Документы/magnolia/applets/mainline/chown/build
Executing "ninja elf"...
[1/1] Build ELF: chown.app.elf
Executing action: elf
Running ninja in directory /home/tikhon/Документы/magnolia/applets/mainline/head/build
Executing "ninja elf"...
[1/1] Build ELF: head.app.elf
Executing action: elf
Running ninja in directory /home/tikhon/Документы/magnolia/applets/mainline/chmod/build
Executing "ninja elf"...
[1/1] Build ELF: chmod.app.elf
Executing action: elf
Running ninja in directory /home/tikhon/Документы/magnolia/applets/mainline/du/build
Executing "ninja elf"...
[1/1] Build ELF: du.app.elf
Executing action: elf
Running ninja in directory /home/tikhon/Документы/magnolia/applets/mainline/false/build
Executing "ninja elf"...
[1/1] Build ELF: false.app.elf
Executing action: elf
Running ninja in directory /home/tikhon/Документы/magnolia/applets/mainline/df/build
Executing "ninja elf"...
[1/1] Build ELF: df.app.elf
Executing action: elf
Running ninja in directory /home/tikhon/Документы/magnolia/applets/mainline/echo/build
Executing "ninja elf"...
[1/1] Build ELF: echo.app.elf
Executing action: elf
Running ninja in directory /home/tikhon/Документы/magnolia/applets/mainline/elftest/build
Executing "ninja elf"...
[1/1] Build ELF: elftest.app.elf
Executing action: elf
Running ninja in directory /home/tikhon/Документы/magnolia/applets/mainline/cp/build
Executing "ninja elf"...
[1/1] Build ELF: cp.app.elf
Applet chown OK -> /home/tikhon/Документы/magnolia/rootfs/bin/chown
Building applet hexdump -> hexdump ...
+ idf.py elf
Executing action: elf
Running ninja in directory /home/tikhon/Документы/magnolia/applets/mainline/dd/build
Executing "ninja elf"...
[1/1] Build ELF: dd.app.elf
Executing action: elf
Running ninja in directory /home/tikhon/Документы/magnolia/applets/mainline/cd/build
Executing "ninja elf"...
[1/1] Build ELF: cd.app.elf
Executing action: elf
Running ninja in directory /home/tikhon/Документы/magnolia/applets/mainline/date/build
Executing "ninja elf"...
[1/1] Build ELF: date.app.elf
Executing action: elf
Running ninja in directory /home/tikhon/Документы/magnolia/applets/mainline/cat/build
Executing "ninja elf"...
[1/1] Build ELF: cat.app.elf
Applet chmod OK -> /home/tikhon/Документы/magnolia/rootfs/bin/chmod
Building applet init -> init ...
+ idf.py elf
Applet head OK -> /home/tikhon/Документы/magnolia/rootfs/bin/head
Building applet kill -> kill ...
+ idf.py elf
Executing action: elf
Running ninja in directory /home/tikhon/Документы/magnolia/applets/mainline/free/build
Executing "ninja elf"...
[1/1] Build ELF: free.app.elf
Applet false OK -> /home/tikhon/Документы/magnolia/rootfs/bin/false
Building applet ln -> ln ...
+ idf.py elf
Applet df OK -> /home/tikhon/Документы/magnolia/rootfs/bin/df
Building applet login -> login ...
+ idf.py elf
Applet elftest OK -> /home/tikhon/Документы/magnolia/rootfs/bin/elftest
Building applet ls -> ls ...
+ idf.py elf
Applet du OK -> /home/tikhon/Документы/magnolia/rootfs/bin/du
Building applet medit -> medit ...
+ idf.py elf
Applet cp OK -> /home/tikhon/Документы/magnolia/rootfs/bin/cp
Building applet mkdir -> mkdir ...
+ idf.py elf
Executing action: elf
Running ninja in directory /home/tikhon/Документы/magnolia/applets/mainline/cut/build
Executing "ninja elf"...
[1/1] Build ELF: cut.app.elf
Applet cd OK -> /home/tikhon/Документы/magnolia/rootfs/bin/cd
Building applet mv -> mv ...
+ idf.py elf
Applet dd OK -> /home/tikhon/Документы/magnolia/rootfs/bin/dd
Building applet ps -> ps ...
+ idf.py elf
Executing action: elf
Running ninja in directory /home/tikhon/Документы/magnolia/applets/mainline/env/build
Executing "ninja elf"...
[1/1] Build ELF: env.app.elf
Applet echo OK -> /home/tikhon/Документы/magnolia/rootfs/bin/echo
Building applet pwd -> pwd ...
+ idf.py elf
Applet date OK -> /home/tikhon/Документы/magnolia/rootfs/bin/date
Building applet rm -> rm ...
+ idf.py elf
Applet cat OK -> /home/tikhon/Документы/magnolia/rootfs/bin/cat
Building applet sh -> sh ...
+ idf.py elf
Applet cut OK -> /home/tikhon/Документы/magnolia/rootfs/bin/cut
Building applet shell -> shell ...
+ idf.py elf
Applet free OK -> /home/tikhon/Документы/magnolia/rootfs/bin/free
Building applet sleep -> sleep ...
+ idf.py elf
Applet env OK -> /home/tikhon/Документы/magnolia/rootfs/bin/env
Building applet sort -> sort ...
+ idf.py elf
Executing action: elf
Running ninja in directory /home/tikhon/Документы/magnolia/applets/mainline/hexdump/build
Executing "ninja elf"...
[1/1] Build ELF: hexdump.app.elf
Executing action: elf
Running ninja in directory /home/tikhon/Документы/magnolia/applets/mainline/kill/build
Executing "ninja elf"...
[1/1] Build ELF: kill.app.elf
Executing action: elf
Running ninja in directory /home/tikhon/Документы/magnolia/applets/mainline/ln/build
Executing "ninja elf"...
[1/1] Build ELF: ln.app.elf
Executing action: elf
Running ninja in directory /home/tikhon/Документы/magnolia/applets/mainline/init/build
Executing "ninja elf"...
[1/1] Build ELF: init.app.elf
Executing action: elf
Running ninja in directory /home/tikhon/Документы/magnolia/applets/mainline/mkdir/build
Executing "ninja elf"...
[1/1] Build ELF: mkdir.app.elf
Executing action: elf
Running ninja in directory /home/tikhon/Документы/magnolia/applets/mainline/medit/build
Executing "ninja elf"...
[1/1] Build ELF: medit.app.elf
Applet hexdump OK -> /home/tikhon/Документы/magnolia/rootfs/bin/hexdump
Building applet tail -> tail ...
+ idf.py elf
Executing action: elf
Running ninja in directory /home/tikhon/Документы/magnolia/applets/mainline/pwd/build
Executing "ninja elf"...
[1/1] Build ELF: pwd.app.elf
Executing action: elf
Running ninja in directory /home/tikhon/Документы/magnolia/applets/mainline/ps/build
Executing "ninja elf"...
[1/1] Build ELF: ps.app.elf
Applet kill OK -> /home/tikhon/Документы/magnolia/rootfs/bin/kill
Building applet tee -> tee ...
+ idf.py elf
Executing action: elf
Running ninja in directory /home/tikhon/Документы/magnolia/applets/mainline/sh/build
Executing "ninja elf"...
[1/1] Build ELF: sh.app.elf
Executing action: elf
Running ninja in directory /home/tikhon/Документы/magnolia/applets/mainline/ls/build
Executing "ninja elf"...
[1/3] Building C object esp-idf/main/CMakeFiles/__idf_main.dir/main.c.obj
Applet init OK -> /home/tikhon/Документы/magnolia/rootfs/bin/init
Executing action: elf
Running ninja in directory /home/tikhon/Документы/magnolia/applets/mainline/login/build
Executing "ninja elf"...
[1/1] Build ELF: login.app.elf
Building applet test -> test ...
+ idf.py elf
Applet ln OK -> /home/tikhon/Документы/magnolia/rootfs/bin/ln
Building applet touch -> touch ...
Executing action: elf
Running ninja in directory /home/tikhon/Документы/magnolia/applets/mainline/mv/build
Executing "ninja elf"...
[1/1] Build ELF: mv.app.elf
+ idf.py elf
[2/3] Linking C static library esp-idf/main/libmain.a
[3/3] Build ELF: ls.app.elf
Applet medit OK -> /home/tikhon/Документы/magnolia/rootfs/bin/medit
Building applet tr -> tr ...
Applet mkdir OK -> /home/tikhon/Документы/magnolia/rootfs/bin/mkdir
Building applet true -> true ...
+ idf.py elf
+ idf.py elf
Executing action: elf
Running ninja in directory /home/tikhon/Документы/magnolia/applets/mainline/sort/build
Executing "ninja elf"...
[1/1] Build ELF: sort.app.elf
Applet ps OK -> /home/tikhon/Документы/magnolia/rootfs/bin/ps
Building applet uname -> uname ...
+ idf.py elf
Executing action: elf
Running ninja in directory /home/tikhon/Документы/magnolia/applets/mainline/shell/build
Executing "ninja elf"...
[1/1] Build ELF: shell.app.elf
Applet sh OK -> /home/tikhon/Документы/magnolia/rootfs/bin/sh
Building applet user -> user ...
+ idf.py elf
Executing action: elf
Running ninja in directory /home/tikhon/Документы/magnolia/applets/mainline/sleep/build
Executing "ninja elf"...
[1/1] Build ELF: sleep.app.elf
Executing action: elf
Running ninja in directory /home/tikhon/Документы/magnolia/applets/mainline/rm/build
Executing "ninja elf"...
[1/1] Build ELF: rm.app.elf
Applet mv OK -> /home/tikhon/Документы/magnolia/rootfs/bin/mv
Building applet vi -> vi ...
+ idf.py elf
Applet login OK -> /home/tikhon/Документы/magnolia/rootfs/bin/login
Building applet xxd -> xxd ...
+ idf.py elf
Applet pwd OK -> /home/tikhon/Документы/magnolia/rootfs/bin/pwd
Building applet echo -> goecho ...
+ idf.py elf
Applet ls OK -> /home/tikhon/Документы/magnolia/rootfs/bin/ls
Building applet false -> gofalse ...
+ idf.py elf
Applet sort OK -> /home/tikhon/Документы/magnolia/rootfs/bin/sort
Building applet goargs -> goargs ...
+ idf.py elf
Applet shell OK -> /home/tikhon/Документы/magnolia/rootfs/bin/shell
Building applet godd -> godd ...
+ idf.py elf
Applet rm OK -> /home/tikhon/Документы/magnolia/rootfs/bin/rm
Building applet gohello -> gohello ...
+ idf.py elf
Applet sleep OK -> /home/tikhon/Документы/magnolia/rootfs/bin/sleep
Building applet gohexdump -> gohexdump ...
+ idf.py elf
Executing action: elf
Running ninja in directory /home/tikhon/Документы/magnolia/applets/mainline/tail/build
Executing "ninja elf"...
[1/1] Build ELF: tail.app.elf
Executing action: elf
Running ninja in directory /home/tikhon/Документы/magnolia/applets/mainline/tee/build
Executing "ninja elf"...
[1/1] Build ELF: tee.app.elf
Executing action: elf
Running ninja in directory /home/tikhon/Документы/magnolia/applets/mainline/tr/build
Executing "ninja elf"...
[1/1] Build ELF: tr.app.elf
Executing action: elf
Running ninja in directory /home/tikhon/Документы/magnolia/applets/mainline/test/build
Executing "ninja elf"...
[1/1] Build ELF: test.app.elf
Applet tail OK -> /home/tikhon/Документы/magnolia/rootfs/bin/tail
Building applet gotest -> gotest ...
Executing action: elf
Running ninja in directory /home/tikhon/Документы/magnolia/applets/mainline/true/build
Executing "ninja elf"...
[1/1] Build ELF: true.app.elf
+ idf.py elf
Applet tee OK -> /home/tikhon/Документы/magnolia/rootfs/bin/tee
Executing action: elf
Running ninja in directory /home/tikhon/Документы/magnolia/applets/mainline/uname/build
Executing "ninja elf"...
[1/1] Build ELF: uname.app.elf
Building applet goxxd -> goxxd ...
+ idf.py elf
Executing action: elf
Running ninja in directory /home/tikhon/Документы/magnolia/applets/go/echo/build
Executing "ninja elf"...
[0/2] Re-checking globbed directories...
Executing action: elf
Running ninja in directory /home/tikhon/Документы/magnolia/applets/mainline/user/build
Executing "ninja elf"...
[1/1] Build ELF: user.app.elf
Executing action: elf
Running ninja in directory /home/tikhon/Документы/magnolia/applets/mainline/touch/build
Executing "ninja elf"...
[1/1] Build ELF: touch.app.elf
[1/2] Build ELF: echo.app.elf
Executing action: elf
Running ninja in directory /home/tikhon/Документы/magnolia/applets/go/false/build
Executing "ninja elf"...
[0/2] Re-checking globbed directories...
Executing action: elf
Running ninja in directory /home/tikhon/Документы/magnolia/applets/mainline/vi/build
Executing "ninja elf"...
[1/1] Build ELF: vi.app.elf
Executing action: elf
Running ninja in directory /home/tikhon/Документы/magnolia/applets/mainline/xxd/build
Executing "ninja elf"...
[1/1] Build ELF: xxd.app.elf
Applet test OK -> /home/tikhon/Документы/magnolia/rootfs/bin/test
Building applet pwd -> gopwd ...
+ idf.py elf
Applet tr OK -> /home/tikhon/Документы/magnolia/rootfs/bin/tr
Building applet sleep -> gosleep ...
+ idf.py elf
[1/2] Build ELF: false.app.elf
Applet uname OK -> /home/tikhon/Документы/magnolia/rootfs/bin/uname
Building applet true -> gotrue ...
+ idf.py elf
Executing action: elf
Running ninja in directory /home/tikhon/Документы/magnolia/applets/go/godd/build
Executing "ninja elf"...
[0/2] Re-checking globbed directories...
Applet user OK -> /home/tikhon/Документы/magnolia/rootfs/bin/user
Building applet uname -> gouname ...
Applet touch OK -> /home/tikhon/Документы/magnolia/rootfs/bin/touch
Building applet edit -> edit ...
Applet echo OK -> /home/tikhon/Документы/magnolia/rootfs/bin/goecho
Applet true OK -> /home/tikhon/Документы/magnolia/rootfs/bin/true
Building applet rdd -> rdd ...
+ idf.py elf
Applet xxd OK -> /home/tikhon/Документы/magnolia/rootfs/bin/xxd
Building applet rhexdump -> rhexdump ...
+ idf.py elf
Building applet rselftest -> rselftest ...
+ idf.py elf
+ idf.py elf
+ idf.py elf
[1/2] Build ELF: dd.app.elf
Applet vi OK -> /home/tikhon/Документы/magnolia/rootfs/bin/vi
Building applet rshello -> rshello ...
+ idf.py elf
Executing action: elf
Running ninja in directory /home/tikhon/Документы/magnolia/applets/go/gohexdump/build
Executing "ninja elf"...
[0/2] Re-checking globbed directories...
Executing action: elf
Running ninja in directory /home/tikhon/Документы/magnolia/applets/go/goargs/build
Executing "ninja elf"...
[0/2] Re-checking globbed directories...
[1/2] Build ELF: goargs.app.elf
Executing action: elf
Running ninja in directory /home/tikhon/Документы/magnolia/applets/go/gohello/build
Executing "ninja elf"...
[0/2] Re-checking globbed directories...
[1/2] Build ELF: gohello.app.elf
[1/2] Build ELF: hexdump.app.elf
Applet false OK -> /home/tikhon/Документы/magnolia/rootfs/bin/gofalse
Building applet rusthello -> rusthello ...
+ idf.py elf
Applet gohello OK -> /home/tikhon/Документы/magnolia/rootfs/bin/gohello
Building applet rxxd -> rxxd ...
+ idf.py elf
Applet goargs OK -> /home/tikhon/Документы/magnolia/rootfs/bin/goargs
Building applet zdd -> zdd ...
+ idf.py elf
Applet godd OK -> /home/tikhon/Документы/magnolia/rootfs/bin/godd
Building applet zhexdump -> zhexdump ...
+ idf.py elf
Applet gohexdump OK -> /home/tikhon/Документы/magnolia/rootfs/bin/gohexdump
Building applet zigdemo -> zigdemo ...
+ idf.py elf
Executing action: elf
Running ninja in directory /home/tikhon/Документы/magnolia/applets/go/pwd/build
Executing "ninja elf"...
[0/2] Re-checking globbed directories...
Executing action: elf
Running ninja in directory /home/tikhon/Документы/magnolia/applets/go/goxxd/build
Executing "ninja elf"...
[0/2] Re-checking globbed directories...
[1/2] Build ELF: pwd.app.elf
Executing action: elf
Running ninja in directory /home/tikhon/Документы/magnolia/applets/go/gotest/build
Executing "ninja elf"...
[0/2] Re-checking globbed directories...
[1/2] Build ELF: xxd.app.elf
[1/2] Build ELF: gotest.app.elf
Executing action: elf
Running ninja in directory /home/tikhon/Документы/magnolia/applets/rust/rselftest/build
Executing "ninja elf"...
[0/2] Re-checking globbed directories...
Executing action: elf
Running ninja in directory /home/tikhon/Документы/magnolia/applets/go/true/build
Executing "ninja elf"...
[0/2] Re-checking globbed directories...
Executing action: elf
Running ninja in directory /home/tikhon/Документы/magnolia/applets/go/sleep/build
Executing "ninja elf"...
[0/2] Re-checking globbed directories...
Executing action: elf
Running ninja in directory /home/tikhon/Документы/magnolia/applets/rust/rhexdump/build
Executing "ninja elf"...
[0/2] Re-checking globbed directories...
[1/2] Build ELF: true.app.elf
Applet pwd OK -> /home/tikhon/Документы/magnolia/rootfs/bin/gopwd
Building applet zighello -> zighello ...
+ idf.py elf
[1/2] Build ELF: sleep.app.elf
Executing action: elf
Running ninja in directory /home/tikhon/Документы/magnolia/applets/rust/rdd/build
Executing "ninja elf"...
[0/2] Re-checking globbed directories...
[1/2] Build ELF: rselftest.app.elf
/home/tikhon/.espressif/tools/xtensa-esp-elf/esp-15.1.0_20250607/xtensa-esp-elf/bin/../lib/gcc/xtensa-esp-elf/15.1.0/../../../../xtensa-esp-elf/bin/ld: warning: rselftest.app.elf has a LOAD segment with RWX permissions
[1/2] Build ELF: hexdump.app.elf
/home/tikhon/.espressif/tools/xtensa-esp-elf/esp-15.1.0_20250607/xtensa-esp-elf/bin/../lib/gcc/xtensa-esp-elf/15.1.0/../../../../xtensa-esp-elf/bin/ld: warning: hexdump.app.elf has a LOAD segment with RWX permissions
[1/2] Build ELF: dd.app.elf
/home/tikhon/.espressif/tools/xtensa-esp-elf/esp-15.1.0_20250607/xtensa-esp-elf/bin/../lib/gcc/xtensa-esp-elf/15.1.0/../../../../xtensa-esp-elf/bin/ld: warning: dd.app.elf has a LOAD segment with RWX permissions
Executing action: elf
Running ninja in directory /home/tikhon/Документы/magnolia/applets/go/uname/build
Executing "ninja elf"...
[0/2] Re-checking globbed directories...
Applet gotest OK -> /home/tikhon/Документы/magnolia/rootfs/bin/gotest
Building applet zigtest -> zigtest ...
+ idf.py elf
Executing action: elf
Running ninja in directory /home/tikhon/Документы/magnolia/applets/rust/rshello/build
Executing "ninja elf"...
[1/1] Build ELF: rshello.app.elf
/home/tikhon/.espressif/tools/xtensa-esp-elf/esp-15.1.0_20250607/xtensa-esp-elf/bin/../lib/gcc/xtensa-esp-elf/15.1.0/../../../../xtensa-esp-elf/bin/ld: warning: main.c.obj: missing .note.GNU-stack section implies executable stack
/home/tikhon/.espressif/tools/xtensa-esp-elf/esp-15.1.0_20250607/xtensa-esp-elf/bin/../lib/gcc/xtensa-esp-elf/15.1.0/../../../../xtensa-esp-elf/bin/ld: NOTE: This behaviour is deprecated and will be removed in a future version of the linker
Applet goxxd OK -> /home/tikhon/Документы/magnolia/rootfs/bin/goxxd
Building applet zxxd -> zxxd ...
+ idf.py elf
Executing action: elf
Running ninja in directory /home/tikhon/Документы/magnolia/applets/rust/edit/build
Executing "ninja elf"...
[0/2] Re-checking globbed directories...
[1/2] Build ELF: edit.app.elf
[1/2] Build ELF: uname.app.elf
Executing action: elf
Running ninja in directory /home/tikhon/Документы/magnolia/applets/rust/rusthello/build
Executing "ninja elf"...
[0/2] Re-checking globbed directories...
Applet sleep OK -> /home/tikhon/Документы/magnolia/rootfs/bin/gosleep
Applet rhexdump OK -> /home/tikhon/Документы/magnolia/rootfs/bin/rhexdump
[1/2] Build ELF: rusthello.app.elf
/home/tikhon/.espressif/tools/xtensa-esp-elf/esp-15.1.0_20250607/xtensa-esp-elf/bin/../lib/gcc/xtensa-esp-elf/15.1.0/../../../../xtensa-esp-elf/bin/ld: warning: rusthello.app.elf has a LOAD segment with RWX permissions
Applet true OK -> /home/tikhon/Документы/magnolia/rootfs/bin/gotrue
Applet rselftest OK -> /home/tikhon/Документы/magnolia/rootfs/bin/rselftest
Applet rdd OK -> /home/tikhon/Документы/magnolia/rootfs/bin/rdd
Executing action: elf
Running ninja in directory /home/tikhon/Документы/magnolia/applets/rust/rxxd/build
Executing "ninja elf"...
[0/2] Re-checking globbed directories...
Applet rshello OK -> /home/tikhon/Документы/magnolia/rootfs/bin/rshello
Applet edit OK -> /home/tikhon/Документы/magnolia/rootfs/bin/edit
Applet uname OK -> /home/tikhon/Документы/magnolia/rootfs/bin/gouname
Executing action: elf
Running ninja in directory /home/tikhon/Документы/magnolia/applets/zig/zhexdump/build
Executing "ninja elf"...
[0/2] Re-checking globbed directories...
Executing action: elf
Running ninja in directory /home/tikhon/Документы/magnolia/applets/zig/zigdemo/build
Executing "ninja elf"...
[0/2] Re-checking globbed directories...
[1/2] Build ELF: xxd.app.elf
/home/tikhon/.espressif/tools/xtensa-esp-elf/esp-15.1.0_20250607/xtensa-esp-elf/bin/../lib/gcc/xtensa-esp-elf/15.1.0/../../../../xtensa-esp-elf/bin/ld: warning: xxd.app.elf has a LOAD segment with RWX permissions
Executing action: elf
Running ninja in directory /home/tikhon/Документы/magnolia/applets/zig/zdd/build
Executing "ninja elf"...
[0/2] Re-checking globbed directories...
Applet rusthello OK -> /home/tikhon/Документы/magnolia/rootfs/bin/rusthello
Applet rxxd OK -> /home/tikhon/Документы/magnolia/rootfs/bin/rxxd
[1/4] Zig build-obj: zigdemo -> /home/tikhon/Документы/magnolia/applets/zig/zigdemo/build/esp-idf/main/zigdemo.zig.o
0.14.0-dev.xtensa.2486+941677e08
[2/4] Linking C static library esp-idf/main/libmain.a
[3/4] Build ELF: zigdemo.app.elf
/home/tikhon/.espressif/tools/xtensa-esp-elf/esp-15.1.0_20250607/xtensa-esp-elf/bin/../lib/gcc/xtensa-esp-elf/15.1.0/../../../../xtensa-esp-elf/bin/ld: warning: zigdemo.app.elf has a LOAD segment with RWX permissions
Applet zigdemo OK -> /home/tikhon/Документы/magnolia/rootfs/bin/zigdemo
[1/4] Zig build-obj: hexdump -> /home/tikhon/Документы/magnolia/applets/zig/zhexdump/build/esp-idf/main/hexdump.zig.o
0.14.0-dev.xtensa.2486+941677e08
Executing action: elf
Running ninja in directory /home/tikhon/Документы/magnolia/applets/zig/zighello/build
Executing "ninja elf"...
[0/2] Re-checking globbed directories...
[2/4] Linking C static library esp-idf/main/libmain.a
[3/4] Build ELF: hexdump.app.elf
/home/tikhon/.espressif/tools/xtensa-esp-elf/esp-15.1.0_20250607/xtensa-esp-elf/bin/../lib/gcc/xtensa-esp-elf/15.1.0/../../../../xtensa-esp-elf/bin/ld: warning: hexdump.app.elf has a LOAD segment with RWX permissions
[1/4] Zig build-obj: dd -> /home/tikhon/Документы/magnolia/applets/zig/zdd/build/esp-idf/main/dd.zig.o
0.14.0-dev.xtensa.2486+941677e08
[2/4] Linking C static library esp-idf/main/libmain.a
Executing action: elf
Running ninja in directory /home/tikhon/Документы/magnolia/applets/zig/zigtest/build
Executing "ninja elf"...
[0/2] Re-checking globbed directories...
[3/4] Build ELF: dd.app.elf
/home/tikhon/.espressif/tools/xtensa-esp-elf/esp-15.1.0_20250607/xtensa-esp-elf/bin/../lib/gcc/xtensa-esp-elf/15.1.0/../../../../xtensa-esp-elf/bin/ld: warning: dd.app.elf has a LOAD segment with RWX permissions
Executing action: elf
Running ninja in directory /home/tikhon/Документы/magnolia/applets/zig/zxxd/build
Executing "ninja elf"...
[0/2] Re-checking globbed directories...
Applet zhexdump OK -> /home/tikhon/Документы/magnolia/rootfs/bin/zhexdump
[1/4] Zig build-obj: zighello -> /home/tikhon/Документы/magnolia/applets/zig/zighello/build/esp-idf/main/zighello.zig.o
0.14.0-dev.xtensa.2486+941677e08
Applet zdd OK -> /home/tikhon/Документы/magnolia/rootfs/bin/zdd
[2/4] Linking C static library esp-idf/main/libmain.a
[3/4] Build ELF: zighello.app.elf
[1/4] Zig build-obj: zigtest -> /home/tikhon/Документы/magnolia/applets/zig/zigtest/build/esp-idf/main/zigtest.zig.o
0.14.0-dev.xtensa.2486+941677e08
[2/4] Linking C static library esp-idf/main/libmain.a
[3/4] Build ELF: zigtest.app.elf
/home/tikhon/.espressif/tools/xtensa-esp-elf/esp-15.1.0_20250607/xtensa-esp-elf/bin/../lib/gcc/xtensa-esp-elf/15.1.0/../../../../xtensa-esp-elf/bin/ld: warning: zigtest.app.elf has a LOAD segment with RWX permissions
Applet zighello OK -> /home/tikhon/Документы/magnolia/rootfs/bin/zighello
Applet zigtest OK -> /home/tikhon/Документы/magnolia/rootfs/bin/zigtest
[1/4] Zig build-obj: xxd -> /home/tikhon/Документы/magnolia/applets/zig/zxxd/build/esp-idf/main/xxd.zig.o
0.14.0-dev.xtensa.2486+941677e08
[2/4] Linking C static library esp-idf/main/libmain.a
[3/4] Build ELF: xxd.app.elf
/home/tikhon/.espressif/tools/xtensa-esp-elf/esp-15.1.0_20250607/xtensa-esp-elf/bin/../lib/gcc/xtensa-esp-elf/15.1.0/../../../../xtensa-esp-elf/bin/ld: warning: xxd.app.elf has a LOAD segment with RWX permissions
Applet zxxd OK -> /home/tikhon/Документы/magnolia/rootfs/bin/zxxd
+ /home/tikhon/Документы/magnolia/build/littlefs_mkimage create /home/tikhon/Документы/magnolia/rootfs /home/tikhon/Документы/magnolia/build/vfs.bin --block-size=4096 --fs-size=2097152 --read-size=128 --prog-size=128 --cache-size=512 --lookahead-size=64
LittleFS image OK size=2097152 -> /home/tikhon/Документы/magnolia/build/vfs.bin
bash -lc 'source esp-idf/export.sh >/dev/null 2>&1 && python3 tools/applets.py build  '
Building applet basename -> basename ...
Building applet cat -> cat ...
Building applet cd -> cd ...
Reconfiguring applet basename (cmake inputs changed)
+ idf.py reconfigure
+ idf.py elf
+ idf.py elf
Building applet chmod -> chmod ...
Building applet cksum -> cksum ...
Building applet chown -> chown ...
Building applet cmp -> cmp ...
+ idf.py elf
Building applet cp -> cp ...
Building applet cut -> cut ...
+ idf.py elf
Reconfiguring applet cmp (cmake inputs changed)
+ idf.py reconfigure
Reconfiguring applet cksum (cmake inputs changed)
+ idf.py reconfigure
Building applet comm -> comm ...
Building applet dd -> dd ...
Building applet dirname -> dirname ...
Building applet df -> df ...
Building applet date -> date ...
+ idf.py elf
Building applet du -> du ...
+ idf.py elf
+ idf.py elf
+ idf.py elf
Building applet echo -> echo ...
+ idf.py elf
Reconfiguring applet comm (cmake inputs changed)
+ idf.py reconfigure
Reconfiguring applet dirname (cmake inputs changed)
+ idf.py reconfigure
+ idf.py elf
+ idf.py elf
Executing action: reconfigure
Running cmake in directory /home/tikhon/Документы/magnolia/applets/mainline/cksum/build
Executing "cmake -G Ninja -DPYTHON_DEPS_CHECKED=1 -DPYTHON=/home/tikhon/.espressif/python_env/idf6.0_py3.12_env/bin/python -DESP_PLATFORM=1 -DCCACHE_ENABLE=0 /home/tikhon/Документы/magnolia/applets/mainline/cksum"...
-- Found Git: /usr/bin/git (found version "2.43.0") 
Executing action: reconfigure
Running cmake in directory /home/tikhon/Документы/magnolia/applets/mainline/dirname/build
Executing "cmake -G Ninja -DPYTHON_DEPS_CHECKED=1 -DPYTHON=/home/tikhon/.espressif/python_env/idf6.0_py3.12_env/bin/python -DESP_PLATFORM=1 -DCCACHE_ENABLE=0 /home/tikhon/Документы/magnolia/applets/mainline/dirname"...
-- Found Git: /usr/bin/git (found version "2.43.0") 
Executing action: reconfigure
Running cmake in directory /home/tikhon/Документы/magnolia/applets/mainline/basename/build
Executing "cmake -G Ninja -DPYTHON_DEPS_CHECKED=1 -DPYTHON=/home/tikhon/.espressif/python_env/idf6.0_py3.12_env/bin/python -DESP_PLATFORM=1 -DCCACHE_ENABLE=0 /home/tikhon/Документы/magnolia/applets/mainline/basename"...
-- Found Git: /usr/bin/git (found version "2.43.0") 
Executing action: reconfigure
Running cmake in directory /home/tikhon/Документы/magnolia/applets/mainline/cmp/build
Executing "cmake -G Ninja -DPYTHON_DEPS_CHECKED=1 -DPYTHON=/home/tikhon/.espressif/python_env/idf6.0_py3.12_env/bin/python -DESP_PLATFORM=1 -DCCACHE_ENABLE=0 /home/tikhon/Документы/magnolia/applets/mainline/cmp"...
-- Found Git: /usr/bin/git (found version "2.43.0") 
Executing action: reconfigure
Running cmake in directory /home/tikhon/Документы/magnolia/applets/mainline/comm/build
Executing "cmake -G Ninja -DPYTHON_DEPS_CHECKED=1 -DPYTHON=/home/tikhon/.espressif/python_env/idf6.0_py3.12_env/bin/python -DESP_PLATFORM=1 -DCCACHE_ENABLE=0 /home/tikhon/Документы/magnolia/applets/mainline/comm"...
-- Found Git: /usr/bin/git (found version "2.43.0") 
Executing action: elf
Running ninja in directory /home/tikhon/Документы/magnolia/applets/mainline/chmod/build
Executing "ninja elf"...
[0/1] Re-running CMake...
Executing action: elf
Running ninja in directory /home/tikhon/Документы/magnolia/applets/mainline/df/build
Executing "ninja elf"...
[0/1] Re-running CMake...
Executing action: elf
Running ninja in directory /home/tikhon/Документы/magnolia/applets/mainline/cp/build
Executing "ninja elf"...
[0/1] Re-running CMake...
Executing action: elf
Running ninja in directory /home/tikhon/Документы/magnolia/applets/mainline/cut/build
Executing "ninja elf"...
[0/1] Re-running CMake...
Executing action: elf
Running ninja in directory /home/tikhon/Документы/magnolia/applets/mainline/du/build
Executing "ninja elf"...
[0/1] Re-running CMake...
Executing action: elf
Running ninja in directory /home/tikhon/Документы/magnolia/applets/mainline/date/build
Executing "ninja elf"...
[0/1] Re-running CMake...
Executing action: elf
Running ninja in directory /home/tikhon/Документы/magnolia/applets/mainline/cd/build
Executing "ninja elf"...
[0/1] Re-running CMake...
Executing action: elf
Running ninja in directory /home/tikhon/Документы/magnolia/applets/mainline/echo/build
Executing "ninja elf"...
[0/1] Re-running CMake...
Executing action: elf
Running ninja in directory /home/tikhon/Документы/magnolia/applets/mainline/chown/build
Executing "ninja elf"...
[0/1] Re-running CMake...
Executing action: elf
Running ninja in directory /home/tikhon/Документы/magnolia/applets/mainline/dd/build
Executing "ninja elf"...
[0/1] Re-running CMake...
Executing action: elf
Running ninja in directory /home/tikhon/Документы/magnolia/applets/mainline/cat/build
Executing "ninja elf"...
[0/1] Re-running CMake...
-- Minimal build - OFF
-- Minimal build - OFF
-- Minimal build - OFF
-- Minimal build - OFF
-- Minimal build - OFF
-- Minimal build - OFF
-- Minimal build - OFF
-- Minimal build - OFF
-- Minimal build - OFF
-- Minimal build - OFF
-- Minimal build - OFF
-- Minimal build - OFF
-- Minimal build - OFF
-- Minimal build - OFF
-- Building ESP-IDF components for target esp32s3
-- Building ESP-IDF components for target esp32s3
-- Building ESP-IDF components for target esp32s3
-- Minimal build - OFF
-- Building ESP-IDF components for target esp32s3
-- Building ESP-IDF components for target esp32s3
-- Building ESP-IDF components for target esp32s3
-- Building ESP-IDF components for target esp32s3
-- Building ESP-IDF components for target esp32s3
-- Building ESP-IDF components for target esp32s3
-- Building ESP-IDF components for target esp32s3
-- Minimal build - OFF
-- The C compiler identification is GNU 15.1.0
-- The C compiler identification is GNU 15.1.0
-- The C compiler identification is GNU 15.1.0
-- The C compiler identification is GNU 15.1.0
-- The C compiler identification is GNU 15.1.0
-- Building ESP-IDF components for target esp32s3
-- The CXX compiler identification is GNU 15.1.0
-- The CXX compiler identification is GNU 15.1.0
-- The CXX compiler identification is GNU 15.1.0
-- The CXX compiler identification is GNU 15.1.0
-- The CXX compiler identification is GNU 15.1.0
-- The ASM compiler identification is GNU
-- The ASM compiler identification is GNU
-- Found assembler: /home/tikhon/.espressif/tools/xtensa-esp-elf/esp-15.1.0_20250607/xtensa-esp-elf/bin/xtensa-esp32s3-elf-gcc
-- Found assembler: /home/tikhon/.espressif/tools/xtensa-esp-elf/esp-15.1.0_20250607/xtensa-esp-elf/bin/xtensa-esp32s3-elf-gcc
-- The ASM compiler identification is GNU
-- Found assembler: /home/tikhon/.espressif/tools/xtensa-esp-elf/esp-15.1.0_20250607/xtensa-esp-elf/bin/xtensa-esp32s3-elf-gcc
-- The ASM compiler identification is GNU
-- Found assembler: /home/tikhon/.espressif/tools/xtensa-esp-elf/esp-15.1.0_20250607/xtensa-esp-elf/bin/xtensa-esp32s3-elf-gcc
-- The ASM compiler identification is GNU
-- Found assembler: /home/tikhon/.espressif/tools/xtensa-esp-elf/esp-15.1.0_20250607/xtensa-esp-elf/bin/xtensa-esp32s3-elf-gcc
-- Detecting C compiler ABI info
-- Detecting C compiler ABI info
-- Detecting C compiler ABI info
-- Detecting C compiler ABI info
-- Detecting C compiler ABI info
NOTICE: Processing 1 dependencies:
NOTICE: [1/1] idf (6.0.0)
NOTICE: Processing 1 dependencies:
NOTICE: [1/1] idf (6.0.0)
NOTICE: Processing 1 dependencies:
NOTICE: [1/1] idf (6.0.0)
NOTICE: Processing 1 dependencies:
NOTICE: [1/1] idf (6.0.0)
NOTICE: Processing 1 dependencies:
NOTICE: Processing 1 dependencies:
NOTICE: [1/1] idf (6.0.0)
NOTICE: [1/1] idf (6.0.0)
NOTICE: Processing 1 dependencies:
NOTICE: [1/1] idf (6.0.0)
NOTICE: Processing 1 dependencies:
NOTICE: [1/1] idf (6.0.0)
-- Detecting C compiler ABI info - done
-- Detecting C compiler ABI info - done
-- Check for working C compiler: /home/tikhon/.espressif/tools/xtensa-esp-elf/esp-15.1.0_20250607/xtensa-esp-elf/bin/xtensa-esp32s3-elf-gcc - skipped
-- Detecting C compile features
-- Check for working C compiler: /home/tikhon/.espressif/tools/xtensa-esp-elf/esp-15.1.0_20250607/xtensa-esp-elf/bin/xtensa-esp32s3-elf-gcc - skipped
-- Detecting C compile features
-- Detecting C compile features - done
-- Detecting C compile features - done
-- Detecting C compiler ABI info - done
NOTICE: Processing 1 dependencies:
NOTICE: [1/1] idf (6.0.0)
-- Check for working C compiler: /home/tikhon/.espressif/tools/xtensa-esp-elf/esp-15.1.0_20250607/xtensa-esp-elf/bin/xtensa-esp32s3-elf-gcc - skipped
-- Detecting C compiler ABI info - done
-- Detecting C compile features
-- Detecting C compile features - done
-- Detecting C compiler ABI info - done
-- Detecting CXX compiler ABI info
-- Check for working C compiler: /home/tikhon/.espressif/tools/xtensa-esp-elf/esp-15.1.0_20250607/xtensa-esp-elf/bin/xtensa-esp32s3-elf-gcc - skipped
-- Check for working C compiler: /home/tikhon/.espressif/tools/xtensa-esp-elf/esp-15.1.0_20250607/xtensa-esp-elf/bin/xtensa-esp32s3-elf-gcc - skipped
-- Detecting C compile features
-- Detecting C compile features
-- Detecting C compile features - done
-- Detecting C compile features - done
-- Detecting CXX compiler ABI info
-- Detecting CXX compiler ABI info
-- Detecting CXX compiler ABI info
-- Detecting CXX compiler ABI info
NOTICE: Processing 1 dependencies:
NOTICE: [1/1] idf (6.0.0)
-- Detecting CXX compiler ABI info - done
-- Detecting CXX compiler ABI info - done
-- Check for working CXX compiler: /home/tikhon/.espressif/tools/xtensa-esp-elf/esp-15.1.0_20250607/xtensa-esp-elf/bin/xtensa-esp32s3-elf-g++ - skipped
-- Check for working CXX compiler: /home/tikhon/.espressif/tools/xtensa-esp-elf/esp-15.1.0_20250607/xtensa-esp-elf/bin/xtensa-esp32s3-elf-g++ - skipped
-- Detecting CXX compile features
-- Detecting CXX compiler ABI info - done
-- Detecting CXX compile features
-- Detecting CXX compile features - done
-- Detecting CXX compile features - done
-- Detecting CXX compiler ABI info - done
-- Check for working CXX compiler: /home/tikhon/.espressif/tools/xtensa-esp-elf/esp-15.1.0_20250607/xtensa-esp-elf/bin/xtensa-esp32s3-elf-g++ - skipped
-- Detecting CXX compile features
-- Detecting CXX compile features - done
-- Detecting CXX compiler ABI info - done
-- Check for working CXX compiler: /home/tikhon/.espressif/tools/xtensa-esp-elf/esp-15.1.0_20250607/xtensa-esp-elf/bin/xtensa-esp32s3-elf-g++ - skipped
-- Check for working CXX compiler: /home/tikhon/.espressif/tools/xtensa-esp-elf/esp-15.1.0_20250607/xtensa-esp-elf/bin/xtensa-esp32s3-elf-g++ - skipped
-- Detecting CXX compile features
-- Detecting CXX compile features
-- Detecting CXX compile features - done
-- Detecting CXX compile features - done
-- Building ESP-IDF components for target esp32s3
-- Building ESP-IDF components for target esp32s3
-- Building ESP-IDF components for target esp32s3
-- Building ESP-IDF components for target esp32s3
-- Building ESP-IDF components for target esp32s3
-- ESP-TEE is currently supported only on the esp32c6;esp32h2;esp32c5 SoCs
-- ESP-TEE is currently supported only on the esp32c6;esp32h2;esp32c5 SoCs
-- ESP-TEE is currently supported only on the esp32c6;esp32h2;esp32c5 SoCs
-- ESP-TEE is currently supported only on the esp32c6;esp32h2;esp32c5 SoCs
-- ESP-TEE is currently supported only on the esp32c6;esp32h2;esp32c5 SoCs
-- ESP-TEE is currently supported only on the esp32c6;esp32h2;esp32c5 SoCs
-- ESP-TEE is currently supported only on the esp32c6;esp32h2;esp32c5 SoCs
-- ESP-TEE is currently supported only on the esp32c6;esp32h2;esp32c5 SoCs
-- ESP-TEE is currently supported only on the esp32c6;esp32h2;esp32c5 SoCs
-- ESP-TEE is currently supported only on the esp32c6;esp32h2;esp32c5 SoCs
NOTICE: Processing 1 dependencies:
NOTICE: [1/1] idf (6.0.0)
NOTICE: Processing 1 dependencies:
NOTICE: [1/1] idf (6.0.0)
NOTICE: Processing 1 dependencies:
NOTICE: [1/1] idf (6.0.0)
NOTICE: Processing 1 dependencies:
NOTICE: [1/1] idf (6.0.0)
-- ESP-TEE is currently supported only on the esp32c6;esp32h2;esp32c5 SoCs
-- ESP-TEE is currently supported only on the esp32c6;esp32h2;esp32c5 SoCs
-- ESP-TEE is currently supported only on the esp32c6;esp32h2;esp32c5 SoCs
-- ESP-TEE is currently supported only on the esp32c6;esp32h2;esp32c5 SoCs
-- ESP-TEE is currently supported only on the esp32c6;esp32h2;esp32c5 SoCs
-- Project sdkconfig file /home/tikhon/Документы/magnolia/applets/mainline/echo/sdkconfig
-- Project sdkconfig file /home/tikhon/Документы/magnolia/applets/mainline/cut/sdkconfig
-- Project sdkconfig file /home/tikhon/Документы/magnolia/applets/mainline/df/sdkconfig
-- Project sdkconfig file /home/tikhon/Документы/magnolia/applets/mainline/chmod/sdkconfig
-- Project sdkconfig file /home/tikhon/Документы/magnolia/applets/mainline/cp/sdkconfig
-- Project sdkconfig file /home/tikhon/Документы/magnolia/applets/mainline/du/sdkconfig
-- Project sdkconfig file /home/tikhon/Документы/magnolia/applets/mainline/chown/sdkconfig
-- Project sdkconfig file /home/tikhon/Документы/magnolia/applets/mainline/cd/sdkconfig
-- Project sdkconfig file /home/tikhon/Документы/magnolia/applets/mainline/date/sdkconfig
-- Project sdkconfig file /home/tikhon/Документы/magnolia/applets/mainline/cat/sdkconfig
-- Project sdkconfig file /home/tikhon/Документы/magnolia/applets/mainline/cmp/sdkconfig
-- Project sdkconfig file /home/tikhon/Документы/magnolia/applets/mainline/dirname/sdkconfig
-- Project sdkconfig file /home/tikhon/Документы/magnolia/applets/mainline/comm/sdkconfig
-- Project sdkconfig file /home/tikhon/Документы/magnolia/applets/mainline/cksum/sdkconfig
-- Project sdkconfig file /home/tikhon/Документы/magnolia/applets/mainline/basename/sdkconfig
-- Compiler supported targets: xtensa-esp-elf
-- Compiler supported targets: xtensa-esp-elf
-- Compiler supported targets: xtensa-esp-elf
-- Compiler supported targets: xtensa-esp-elf
-- Compiler supported targets: xtensa-esp-elf
-- Compiler supported targets: xtensa-esp-elf
-- Compiler supported targets: xtensa-esp-elf
-- Compiler supported targets: xtensa-esp-elf
-- Compiler supported targets: xtensa-esp-elf
-- Compiler supported targets: xtensa-esp-elf
-- App "df" version: c092b7f-dirty
-- App "echo" version: c092b7f-dirty
-- App "chmod" version: c092b7f-dirty
-- App "cut" version: c092b7f-dirty
-- App "cp" version: c092b7f-dirty
-- App "chown" version: c092b7f-dirty
-- App "cat" version: c092b7f-dirty
-- App "du" version: c092b7f-dirty
-- App "cd" version: c092b7f-dirty
-- App "date" version: c092b7f-dirty
-- Compiler supported targets: xtensa-esp-elf
NOTICE: Processing 3 dependencies:
NOTICE: [1/3] espressif/cmake_utilities (0.5.3)
NOTICE: [2/3] espressif/elf_loader (1.1.1)
NOTICE: [3/3] idf (6.0.0)
-- USING O3
-- USING O3
-- USING O3
-- USING O3
-- Adding linker script /home/tikhon/Документы/magnolia/applets/mainline/echo/build/esp-idf/esp_system/ld/memory.ld
-- Adding linker script /home/tikhon/Документы/magnolia/applets/mainline/df/build/esp-idf/esp_system/ld/memory.ld
-- Adding linker script /home/tikhon/Документы/magnolia/applets/mainline/df/build/esp-idf/esp_system/ld/sections.ld.in
-- Adding linker script /home/tikhon/Документы/magnolia/applets/mainline/echo/build/esp-idf/esp_system/ld/sections.ld.in
-- USING O3
-- Adding linker script /home/tikhon/Документы/magnolia/esp-idf/components/esp_rom/esp32s3/ld/esp32s3.rom.ld
-- Adding linker script /home/tikhon/Документы/magnolia/applets/mainline/cut/build/esp-idf/esp_system/ld/memory.ld
-- Adding linker script /home/tikhon/Документы/magnolia/applets/mainline/chmod/build/esp-idf/esp_system/ld/memory.ld
-- Adding linker script /home/tikhon/Документы/magnolia/applets/mainline/cut/build/esp-idf/esp_system/ld/sections.ld.in
-- Adding linker script /home/tikhon/Документы/magnolia/applets/mainline/chmod/build/esp-idf/esp_system/ld/sections.ld.in
-- Adding linker script /home/tikhon/Документы/magnolia/esp-idf/components/esp_rom/esp32s3/ld/esp32s3.rom.api.ld
-- Adding linker script /home/tikhon/Документы/magnolia/esp-idf/components/esp_rom/esp32s3/ld/esp32s3.rom.bt_funcs.ld
-- Adding linker script /home/tikhon/Документы/magnolia/esp-idf/components/esp_rom/esp32s3/ld/esp32s3.rom.libgcc.ld
-- Adding linker script /home/tikhon/Документы/magnolia/esp-idf/components/esp_rom/esp32s3/ld/esp32s3.rom.wdt.ld
-- Adding linker script /home/tikhon/Документы/magnolia/esp-idf/components/esp_rom/esp32s3/ld/esp32s3.rom.version.ld
-- Adding linker script /home/tikhon/Документы/magnolia/esp-idf/components/esp_rom/esp32s3/ld/esp32s3.rom.ble_master.ld
-- Adding linker script /home/tikhon/Документы/magnolia/esp-idf/components/esp_rom/esp32s3/ld/esp32s3.rom.ble_50.ld
-- Adding linker script /home/tikhon/Документы/magnolia/esp-idf/components/esp_rom/esp32s3/ld/esp32s3.rom.ble_smp.ld
-- Adding linker script /home/tikhon/Документы/magnolia/esp-idf/components/esp_rom/esp32s3/ld/esp32s3.rom.ble_dtm.ld
-- Adding linker script /home/tikhon/Документы/magnolia/esp-idf/components/esp_rom/esp32s3/ld/esp32s3.rom.ble_test.ld
-- Adding linker script /home/tikhon/Документы/magnolia/esp-idf/components/esp_rom/esp32s3/ld/esp32s3.rom.ble_scan.ld
-- Adding linker script /home/tikhon/Документы/magnolia/esp-idf/components/esp_rom/esp32s3/ld/esp32s3.rom.libc.ld
-- Adding linker script /home/tikhon/Документы/magnolia/esp-idf/components/esp_rom/esp32s3/ld/esp32s3.rom.newlib.ld
-- USING O3
-- Compiler supported targets: xtensa-esp-elf
-- Adding linker script /home/tikhon/Документы/magnolia/esp-idf/components/esp_rom/esp32s3/ld/esp32s3.rom.ld
-- Adding linker script /home/tikhon/Документы/magnolia/esp-idf/components/esp_rom/esp32s3/ld/esp32s3.rom.api.ld
-- Adding linker script /home/tikhon/Документы/magnolia/esp-idf/components/esp_rom/esp32s3/ld/esp32s3.rom.bt_funcs.ld
-- Adding linker script /home/tikhon/Документы/magnolia/esp-idf/components/esp_rom/esp32s3/ld/esp32s3.rom.libgcc.ld
-- Adding linker script /home/tikhon/Документы/magnolia/esp-idf/components/esp_rom/esp32s3/ld/esp32s3.rom.wdt.ld
-- Adding linker script /home/tikhon/Документы/magnolia/esp-idf/components/esp_rom/esp32s3/ld/esp32s3.rom.version.ld
-- Adding linker script /home/tikhon/Документы/magnolia/esp-idf/components/esp_rom/esp32s3/ld/esp32s3.rom.ble_master.ld
-- Adding linker script /home/tikhon/Документы/magnolia/esp-idf/components/esp_rom/esp32s3/ld/esp32s3.rom.ble_50.ld
-- Adding linker script /home/tikhon/Документы/magnolia/esp-idf/components/esp_rom/esp32s3/ld/esp32s3.rom.ble_smp.ld
-- Adding linker script /home/tikhon/Документы/magnolia/esp-idf/components/esp_rom/esp32s3/ld/esp32s3.rom.ble_dtm.ld
-- Adding linker script /home/tikhon/Документы/magnolia/esp-idf/components/esp_rom/esp32s3/ld/esp32s3.rom.ble_test.ld
-- Adding linker script /home/tikhon/Документы/magnolia/esp-idf/components/esp_rom/esp32s3/ld/esp32s3.rom.ble_scan.ld
-- Adding linker script /home/tikhon/Документы/magnolia/esp-idf/components/esp_rom/esp32s3/ld/esp32s3.rom.libc.ld
-- Adding linker script /home/tikhon/Документы/magnolia/esp-idf/components/esp_rom/esp32s3/ld/esp32s3.rom.newlib.ld
-- Adding linker script /home/tikhon/Документы/magnolia/esp-idf/components/esp_rom/esp32s3/ld/esp32s3.rom.ld
-- Adding linker script /home/tikhon/Документы/magnolia/esp-idf/components/esp_rom/esp32s3/ld/esp32s3.rom.api.ld
-- Adding linker script /home/tikhon/Документы/magnolia/esp-idf/components/esp_rom/esp32s3/ld/esp32s3.rom.bt_funcs.ld
-- Adding linker script /home/tikhon/Документы/magnolia/esp-idf/components/esp_rom/esp32s3/ld/esp32s3.rom.libgcc.ld
-- Adding linker script /home/tikhon/Документы/magnolia/esp-idf/components/esp_rom/esp32s3/ld/esp32s3.rom.wdt.ld
-- Adding linker script /home/tikhon/Документы/magnolia/esp-idf/components/esp_rom/esp32s3/ld/esp32s3.rom.version.ld
-- Adding linker script /home/tikhon/Документы/magnolia/esp-idf/components/esp_rom/esp32s3/ld/esp32s3.rom.ble_master.ld
-- Adding linker script /home/tikhon/Документы/magnolia/esp-idf/components/esp_rom/esp32s3/ld/esp32s3.rom.ble_50.ld
-- Adding linker script /home/tikhon/Документы/magnolia/esp-idf/components/esp_rom/esp32s3/ld/esp32s3.rom.ble_smp.ld
-- Adding linker script /home/tikhon/Документы/magnolia/esp-idf/components/esp_rom/esp32s3/ld/esp32s3.rom.ble_dtm.ld
-- Adding linker script /home/tikhon/Документы/magnolia/esp-idf/components/esp_rom/esp32s3/ld/esp32s3.rom.ble_test.ld
-- Adding linker script /home/tikhon/Документы/magnolia/esp-idf/components/esp_rom/esp32s3/ld/esp32s3.rom.ble_scan.ld
-- Adding linker script /home/tikhon/Документы/magnolia/esp-idf/components/esp_rom/esp32s3/ld/esp32s3.rom.libc.ld
-- Adding linker script /home/tikhon/Документы/magnolia/esp-idf/components/esp_rom/esp32s3/ld/esp32s3.rom.newlib.ld
-- Adding linker script /home/tikhon/Документы/magnolia/esp-idf/components/esp_rom/esp32s3/ld/esp32s3.rom.ld
-- Adding linker script /home/tikhon/Документы/magnolia/esp-idf/components/esp_rom/esp32s3/ld/esp32s3.rom.api.ld
-- Adding linker script /home/tikhon/Документы/magnolia/esp-idf/components/esp_rom/esp32s3/ld/esp32s3.rom.bt_funcs.ld
-- Adding linker script /home/tikhon/Документы/magnolia/esp-idf/components/soc/esp32s3/ld/esp32s3.peripherals.ld
-- Adding linker script /home/tikhon/Документы/magnolia/esp-idf/components/esp_rom/esp32s3/ld/esp32s3.rom.libgcc.ld
-- Adding linker script /home/tikhon/Документы/magnolia/esp-idf/components/esp_rom/esp32s3/ld/esp32s3.rom.wdt.ld
-- Adding linker script /home/tikhon/Документы/magnolia/esp-idf/components/esp_rom/esp32s3/ld/esp32s3.rom.version.ld
-- Adding linker script /home/tikhon/Документы/magnolia/esp-idf/components/esp_rom/esp32s3/ld/esp32s3.rom.ble_master.ld
-- Adding linker script /home/tikhon/Документы/magnolia/esp-idf/components/esp_rom/esp32s3/ld/esp32s3.rom.ble_50.ld
-- Adding linker script /home/tikhon/Документы/magnolia/esp-idf/components/esp_rom/esp32s3/ld/esp32s3.rom.ble_smp.ld
-- Adding linker script /home/tikhon/Документы/magnolia/esp-idf/components/esp_rom/esp32s3/ld/esp32s3.rom.ble_dtm.ld
-- Adding linker script /home/tikhon/Документы/magnolia/esp-idf/components/esp_rom/esp32s3/ld/esp32s3.rom.ble_test.ld
-- Adding linker script /home/tikhon/Документы/magnolia/esp-idf/components/esp_rom/esp32s3/ld/esp32s3.rom.ble_scan.ld
-- Adding linker script /home/tikhon/Документы/magnolia/esp-idf/components/esp_rom/esp32s3/ld/esp32s3.rom.libc.ld
-- Adding linker script /home/tikhon/Документы/magnolia/esp-idf/components/esp_rom/esp32s3/ld/esp32s3.rom.newlib.ld
-- App "cmp" version: c092b7f-dirty
-- Adding linker script /home/tikhon/Документы/magnolia/esp-idf/components/soc/esp32s3/ld/esp32s3.peripherals.ld
-- Adding linker script /home/tikhon/Документы/magnolia/esp-idf/components/soc/esp32s3/ld/esp32s3.peripherals.ld
-- Adding linker script /home/tikhon/Документы/magnolia/applets/mainline/cp/build/esp-idf/esp_system/ld/memory.ld
-- Adding linker script /home/tikhon/Документы/magnolia/applets/mainline/cp/build/esp-idf/esp_system/ld/sections.ld.in
-- Adding linker script /home/tikhon/Документы/magnolia/esp-idf/components/soc/esp32s3/ld/esp32s3.peripherals.ld
-- Adding linker script /home/tikhon/Документы/magnolia/applets/mainline/chown/build/esp-idf/esp_system/ld/memory.ld
-- Adding linker script /home/tikhon/Документы/magnolia/applets/mainline/chown/build/esp-idf/esp_system/ld/sections.ld.in
-- USING O3
-- Adding linker script /home/tikhon/Документы/magnolia/esp-idf/components/esp_rom/esp32s3/ld/esp32s3.rom.ld
-- Adding linker script /home/tikhon/Документы/magnolia/esp-idf/components/esp_rom/esp32s3/ld/esp32s3.rom.api.ld
-- Adding linker script /home/tikhon/Документы/magnolia/esp-idf/components/esp_rom/esp32s3/ld/esp32s3.rom.bt_funcs.ld
-- Adding linker script /home/tikhon/Документы/magnolia/esp-idf/components/esp_rom/esp32s3/ld/esp32s3.rom.libgcc.ld
-- Adding linker script /home/tikhon/Документы/magnolia/esp-idf/components/esp_rom/esp32s3/ld/esp32s3.rom.wdt.ld
-- Adding linker script /home/tikhon/Документы/magnolia/esp-idf/components/esp_rom/esp32s3/ld/esp32s3.rom.version.ld
-- Adding linker script /home/tikhon/Документы/magnolia/esp-idf/components/esp_rom/esp32s3/ld/esp32s3.rom.ble_master.ld
-- Adding linker script /home/tikhon/Документы/magnolia/esp-idf/components/esp_rom/esp32s3/ld/esp32s3.rom.ble_50.ld
-- Adding linker script /home/tikhon/Документы/magnolia/esp-idf/components/esp_rom/esp32s3/ld/esp32s3.rom.ble_smp.ld
-- Adding linker script /home/tikhon/Документы/magnolia/esp-idf/components/esp_rom/esp32s3/ld/esp32s3.rom.ble_dtm.ld
-- Adding linker script /home/tikhon/Документы/magnolia/esp-idf/components/esp_rom/esp32s3/ld/esp32s3.rom.ble_test.ld
-- Adding linker script /home/tikhon/Документы/magnolia/esp-idf/components/esp_rom/esp32s3/ld/esp32s3.rom.ble_scan.ld
-- Adding linker script /home/tikhon/Документы/magnolia/esp-idf/components/esp_rom/esp32s3/ld/esp32s3.rom.libc.ld
-- Adding linker script /home/tikhon/Документы/magnolia/esp-idf/components/esp_rom/esp32s3/ld/esp32s3.rom.newlib.ld
-- Compiler supported targets: xtensa-esp-elf
-- Adding linker script /home/tikhon/Документы/magnolia/esp-idf/components/esp_rom/esp32s3/ld/esp32s3.rom.ld
-- Adding linker script /home/tikhon/Документы/magnolia/esp-idf/components/esp_rom/esp32s3/ld/esp32s3.rom.api.ld
-- USING O3
-- Adding linker script /home/tikhon/Документы/magnolia/esp-idf/components/esp_rom/esp32s3/ld/esp32s3.rom.bt_funcs.ld
-- Adding linker script /home/tikhon/Документы/magnolia/esp-idf/components/esp_rom/esp32s3/ld/esp32s3.rom.libgcc.ld
-- Adding linker script /home/tikhon/Документы/magnolia/esp-idf/components/esp_rom/esp32s3/ld/esp32s3.rom.wdt.ld
-- Adding linker script /home/tikhon/Документы/magnolia/esp-idf/components/esp_rom/esp32s3/ld/esp32s3.rom.version.ld
-- Adding linker script /home/tikhon/Документы/magnolia/esp-idf/components/esp_rom/esp32s3/ld/esp32s3.rom.ble_master.ld
-- Adding linker script /home/tikhon/Документы/magnolia/esp-idf/components/esp_rom/esp32s3/ld/esp32s3.rom.ble_50.ld
-- Adding linker script /home/tikhon/Документы/magnolia/esp-idf/components/esp_rom/esp32s3/ld/esp32s3.rom.ble_smp.ld
-- Adding linker script /home/tikhon/Документы/magnolia/esp-idf/components/esp_rom/esp32s3/ld/esp32s3.rom.ble_dtm.ld
-- Adding linker script /home/tikhon/Документы/magnolia/esp-idf/components/esp_rom/esp32s3/ld/esp32s3.rom.ble_test.ld
-- Adding linker script /home/tikhon/Документы/magnolia/esp-idf/components/esp_rom/esp32s3/ld/esp32s3.rom.ble_scan.ld
-- Adding linker script /home/tikhon/Документы/magnolia/esp-idf/components/esp_rom/esp32s3/ld/esp32s3.rom.libc.ld
-- Adding linker script /home/tikhon/Документы/magnolia/esp-idf/components/esp_rom/esp32s3/ld/esp32s3.rom.newlib.ld
-- Adding linker script /home/tikhon/Документы/magnolia/esp-idf/components/soc/esp32s3/ld/esp32s3.peripherals.ld
-- Adding linker script /home/tikhon/Документы/magnolia/esp-idf/components/soc/esp32s3/ld/esp32s3.peripherals.ld
-- USING O3
-- Adding linker script /home/tikhon/Документы/magnolia/applets/mainline/cat/build/esp-idf/esp_system/ld/memory.ld
-- Adding linker script /home/tikhon/Документы/magnolia/applets/mainline/cat/build/esp-idf/esp_system/ld/sections.ld.in
-- Adding linker script /home/tikhon/Документы/magnolia/applets/mainline/du/build/esp-idf/esp_system/ld/memory.ld
-- Adding linker script /home/tikhon/Документы/magnolia/applets/mainline/du/build/esp-idf/esp_system/ld/sections.ld.in
-- Adding linker script /home/tikhon/Документы/magnolia/esp-idf/components/esp_rom/esp32s3/ld/esp32s3.rom.ld
-- Adding linker script /home/tikhon/Документы/magnolia/esp-idf/components/esp_rom/esp32s3/ld/esp32s3.rom.api.ld
-- Adding linker script /home/tikhon/Документы/magnolia/esp-idf/components/esp_rom/esp32s3/ld/esp32s3.rom.bt_funcs.ld
-- Adding linker script /home/tikhon/Документы/magnolia/esp-idf/components/esp_rom/esp32s3/ld/esp32s3.rom.libgcc.ld
-- Adding linker script /home/tikhon/Документы/magnolia/esp-idf/components/esp_rom/esp32s3/ld/esp32s3.rom.wdt.ld
-- Adding linker script /home/tikhon/Документы/magnolia/esp-idf/components/esp_rom/esp32s3/ld/esp32s3.rom.version.ld
-- Adding linker script /home/tikhon/Документы/magnolia/esp-idf/components/esp_rom/esp32s3/ld/esp32s3.rom.ble_master.ld
-- Adding linker script /home/tikhon/Документы/magnolia/esp-idf/components/esp_rom/esp32s3/ld/esp32s3.rom.ble_50.ld
-- Adding linker script /home/tikhon/Документы/magnolia/esp-idf/components/esp_rom/esp32s3/ld/esp32s3.rom.ble_smp.ld
-- Adding linker script /home/tikhon/Документы/magnolia/esp-idf/components/esp_rom/esp32s3/ld/esp32s3.rom.ble_dtm.ld
-- Adding linker script /home/tikhon/Документы/magnolia/esp-idf/components/esp_rom/esp32s3/ld/esp32s3.rom.ble_test.ld
-- Adding linker script /home/tikhon/Документы/magnolia/esp-idf/components/esp_rom/esp32s3/ld/esp32s3.rom.ble_scan.ld
-- Adding linker script /home/tikhon/Документы/magnolia/esp-idf/components/esp_rom/esp32s3/ld/esp32s3.rom.libc.ld
-- Adding linker script /home/tikhon/Документы/magnolia/esp-idf/components/esp_rom/esp32s3/ld/esp32s3.rom.newlib.ld
-- Adding linker script /home/tikhon/Документы/magnolia/esp-idf/components/esp_rom/esp32s3/ld/esp32s3.rom.ld
-- USING O3
-- Adding linker script /home/tikhon/Документы/magnolia/esp-idf/components/esp_rom/esp32s3/ld/esp32s3.rom.api.ld
-- Adding linker script /home/tikhon/Документы/magnolia/esp-idf/components/esp_rom/esp32s3/ld/esp32s3.rom.bt_funcs.ld
-- Adding linker script /home/tikhon/Документы/magnolia/esp-idf/components/esp_rom/esp32s3/ld/esp32s3.rom.libgcc.ld
-- Adding linker script /home/tikhon/Документы/magnolia/esp-idf/components/esp_rom/esp32s3/ld/esp32s3.rom.wdt.ld
-- Adding linker script /home/tikhon/Документы/magnolia/esp-idf/components/esp_rom/esp32s3/ld/esp32s3.rom.version.ld
-- Adding linker script /home/tikhon/Документы/magnolia/esp-idf/components/esp_rom/esp32s3/ld/esp32s3.rom.ble_master.ld
-- Adding linker script /home/tikhon/Документы/magnolia/esp-idf/components/esp_rom/esp32s3/ld/esp32s3.rom.ble_50.ld
-- Adding linker script /home/tikhon/Документы/magnolia/esp-idf/components/esp_rom/esp32s3/ld/esp32s3.rom.ble_smp.ld
-- Adding linker script /home/tikhon/Документы/magnolia/esp-idf/components/esp_rom/esp32s3/ld/esp32s3.rom.ble_dtm.ld
-- Adding linker script /home/tikhon/Документы/magnolia/esp-idf/components/esp_rom/esp32s3/ld/esp32s3.rom.ble_test.ld
-- Adding linker script /home/tikhon/Документы/magnolia/esp-idf/components/esp_rom/esp32s3/ld/esp32s3.rom.ble_scan.ld
-- Adding linker script /home/tikhon/Документы/magnolia/esp-idf/components/esp_rom/esp32s3/ld/esp32s3.rom.libc.ld
-- Adding linker script /home/tikhon/Документы/magnolia/esp-idf/components/esp_rom/esp32s3/ld/esp32s3.rom.newlib.ld
-- Adding linker script /home/tikhon/Документы/magnolia/applets/mainline/cd/build/esp-idf/esp_system/ld/memory.ld
-- Adding linker script /home/tikhon/Документы/magnolia/esp-idf/components/soc/esp32s3/ld/esp32s3.peripherals.ld
-- Adding linker script /home/tikhon/Документы/magnolia/applets/mainline/cd/build/esp-idf/esp_system/ld/sections.ld.in
-- Adding linker script /home/tikhon/Документы/magnolia/esp-idf/components/soc/esp32s3/ld/esp32s3.peripherals.ld
-- Adding linker script /home/tikhon/Документы/magnolia/esp-idf/components/esp_rom/esp32s3/ld/esp32s3.rom.ld
-- Adding linker script /home/tikhon/Документы/magnolia/esp-idf/components/esp_rom/esp32s3/ld/esp32s3.rom.api.ld
-- Adding linker script /home/tikhon/Документы/magnolia/esp-idf/components/esp_rom/esp32s3/ld/esp32s3.rom.bt_funcs.ld
-- Adding linker script /home/tikhon/Документы/magnolia/esp-idf/components/esp_rom/esp32s3/ld/esp32s3.rom.libgcc.ld
-- Adding linker script /home/tikhon/Документы/magnolia/esp-idf/components/esp_rom/esp32s3/ld/esp32s3.rom.wdt.ld
-- Adding linker script /home/tikhon/Документы/magnolia/esp-idf/components/esp_rom/esp32s3/ld/esp32s3.rom.version.ld
-- Adding linker script /home/tikhon/Документы/magnolia/esp-idf/components/esp_rom/esp32s3/ld/esp32s3.rom.ble_master.ld
-- Adding linker script /home/tikhon/Документы/magnolia/esp-idf/components/esp_rom/esp32s3/ld/esp32s3.rom.ble_50.ld
-- Adding linker script /home/tikhon/Документы/magnolia/esp-idf/components/esp_rom/esp32s3/ld/esp32s3.rom.ble_smp.ld
-- Adding linker script /home/tikhon/Документы/magnolia/esp-idf/components/esp_rom/esp32s3/ld/esp32s3.rom.ble_dtm.ld
-- Adding linker script /home/tikhon/Документы/magnolia/esp-idf/components/esp_rom/esp32s3/ld/esp32s3.rom.ble_test.ld
-- Adding linker script /home/tikhon/Документы/magnolia/esp-idf/components/esp_rom/esp32s3/ld/esp32s3.rom.ble_scan.ld
-- Adding linker script /home/tikhon/Документы/magnolia/esp-idf/components/esp_rom/esp32s3/ld/esp32s3.rom.libc.ld
-- Adding linker script /home/tikhon/Документы/magnolia/esp-idf/components/esp_rom/esp32s3/ld/esp32s3.rom.newlib.ld
-- Compiler supported targets: xtensa-esp-elf
-- Adding linker script /home/tikhon/Документы/magnolia/applets/mainline/date/build/esp-idf/esp_system/ld/memory.ld
-- Adding linker script /home/tikhon/Документы/magnolia/applets/mainline/date/build/esp-idf/esp_system/ld/sections.ld.in
-- Adding linker script /home/tikhon/Документы/magnolia/esp-idf/components/esp_rom/esp32s3/ld/esp32s3.rom.ld
-- Adding linker script /home/tikhon/Документы/magnolia/esp-idf/components/esp_rom/esp32s3/ld/esp32s3.rom.api.ld
-- Adding linker script /home/tikhon/Документы/magnolia/esp-idf/components/esp_rom/esp32s3/ld/esp32s3.rom.bt_funcs.ld
-- Adding linker script /home/tikhon/Документы/magnolia/esp-idf/components/esp_rom/esp32s3/ld/esp32s3.rom.libgcc.ld
-- Adding linker script /home/tikhon/Документы/magnolia/esp-idf/components/esp_rom/esp32s3/ld/esp32s3.rom.wdt.ld
-- Adding linker script /home/tikhon/Документы/magnolia/esp-idf/components/esp_rom/esp32s3/ld/esp32s3.rom.version.ld
-- Adding linker script /home/tikhon/Документы/magnolia/esp-idf/components/esp_rom/esp32s3/ld/esp32s3.rom.ble_master.ld
-- Adding linker script /home/tikhon/Документы/magnolia/esp-idf/components/esp_rom/esp32s3/ld/esp32s3.rom.ble_50.ld
-- Adding linker script /home/tikhon/Документы/magnolia/esp-idf/components/esp_rom/esp32s3/ld/esp32s3.rom.ble_smp.ld
-- Adding linker script /home/tikhon/Документы/magnolia/esp-idf/components/esp_rom/esp32s3/ld/esp32s3.rom.ble_dtm.ld
-- Adding linker script /home/tikhon/Документы/magnolia/esp-idf/components/esp_rom/esp32s3/ld/esp32s3.rom.ble_test.ld
-- Adding linker script /home/tikhon/Документы/magnolia/esp-idf/components/esp_rom/esp32s3/ld/esp32s3.rom.ble_scan.ld
-- Adding linker script /home/tikhon/Документы/magnolia/esp-idf/components/esp_rom/esp32s3/ld/esp32s3.rom.libc.ld
-- Adding linker script /home/tikhon/Документы/magnolia/esp-idf/components/esp_rom/esp32s3/ld/esp32s3.rom.newlib.ld
-- Adding linker script /home/tikhon/Документы/magnolia/esp-idf/components/soc/esp32s3/ld/esp32s3.peripherals.ld
-- Compiler supported targets: xtensa-esp-elf
-- ESP-TEE is currently supported only on the esp32c6;esp32h2;esp32c5 SoCs
-- Adding linker script /home/tikhon/Документы/magnolia/esp-idf/components/soc/esp32s3/ld/esp32s3.peripherals.ld
-- App "cksum" version: c092b7f-dirty
-- App "comm" version: c092b7f-dirty
-- Found Python3: /home/tikhon/.espressif/python_env/idf6.0_py3.12_env/bin/python (found version "3.12.3") found components: Interpreter 
-- Performing Test CMAKE_HAVE_LIBC_PTHREAD
-- App "dirname" version: c092b7f-dirty
-- App "basename" version: c092b7f-dirty
-- Performing Test CMAKE_HAVE_LIBC_PTHREAD - Success
-- Found Threads: TRUE  
-- Found Python3: /home/tikhon/.espressif/python_env/idf6.0_py3.12_env/bin/python (found version "3.12.3") found components: Interpreter 
-- Performing Test C_COMPILER_SUPPORTS_WFORMAT_SIGNEDNESS
-- Found Python3: /home/tikhon/.espressif/python_env/idf6.0_py3.12_env/bin/python (found version "3.12.3") found components: Interpreter 
-- Performing Test CMAKE_HAVE_LIBC_PTHREAD
-- Performing Test C_COMPILER_SUPPORTS_WFORMAT_SIGNEDNESS - Success
-- USING O3
-- Performing Test CMAKE_HAVE_LIBC_PTHREAD
-- Found Python3: /home/tikhon/.espressif/python_env/idf6.0_py3.12_env/bin/python (found version "3.12.3") found components: Interpreter 
-- Found Python3: /home/tikhon/.espressif/python_env/idf6.0_py3.12_env/bin/python (found version "3.12.3") found components: Interpreter 
-- Adding linker script /home/tikhon/Документы/magnolia/applets/mainline/cmp/build/esp-idf/esp_system/ld/memory.ld
-- Adding linker script /home/tikhon/Документы/magnolia/applets/mainline/cmp/build/esp-idf/esp_system/ld/sections.ld.in
-- Performing Test CMAKE_HAVE_LIBC_PTHREAD - Success
-- Found Threads: TRUE  
-- Adding linker script /home/tikhon/Документы/magnolia/esp-idf/components/esp_rom/esp32s3/ld/esp32s3.rom.ld
-- Adding linker script /home/tikhon/Документы/magnolia/esp-idf/components/esp_rom/esp32s3/ld/esp32s3.rom.api.ld
-- Adding linker script /home/tikhon/Документы/magnolia/esp-idf/components/esp_rom/esp32s3/ld/esp32s3.rom.bt_funcs.ld
-- Adding linker script /home/tikhon/Документы/magnolia/esp-idf/components/esp_rom/esp32s3/ld/esp32s3.rom.libgcc.ld
-- Adding linker script /home/tikhon/Документы/magnolia/esp-idf/components/esp_rom/esp32s3/ld/esp32s3.rom.wdt.ld
-- Adding linker script /home/tikhon/Документы/magnolia/esp-idf/components/esp_rom/esp32s3/ld/esp32s3.rom.version.ld
-- Adding linker script /home/tikhon/Документы/magnolia/esp-idf/components/esp_rom/esp32s3/ld/esp32s3.rom.ble_master.ld
-- Adding linker script /home/tikhon/Документы/magnolia/esp-idf/components/esp_rom/esp32s3/ld/esp32s3.rom.ble_50.ld
-- Adding linker script /home/tikhon/Документы/magnolia/esp-idf/components/esp_rom/esp32s3/ld/esp32s3.rom.ble_smp.ld
-- Adding linker script /home/tikhon/Документы/magnolia/esp-idf/components/esp_rom/esp32s3/ld/esp32s3.rom.ble_dtm.ld
-- Adding linker script /home/tikhon/Документы/magnolia/esp-idf/components/esp_rom/esp32s3/ld/esp32s3.rom.ble_test.ld
-- Adding linker script /home/tikhon/Документы/magnolia/esp-idf/components/esp_rom/esp32s3/ld/esp32s3.rom.ble_scan.ld
-- Adding linker script /home/tikhon/Документы/magnolia/esp-idf/components/esp_rom/esp32s3/ld/esp32s3.rom.libc.ld
-- Adding linker script /home/tikhon/Документы/magnolia/esp-idf/components/esp_rom/esp32s3/ld/esp32s3.rom.newlib.ld
-- Performing Test CMAKE_HAVE_LIBC_PTHREAD
-- Performing Test C_COMPILER_SUPPORTS_WFORMAT_SIGNEDNESS
-- Performing Test CMAKE_HAVE_LIBC_PTHREAD - Success
-- Found Threads: TRUE  
-- Performing Test C_COMPILER_SUPPORTS_WFORMAT_SIGNEDNESS
-- Adding linker script /home/tikhon/Документы/magnolia/esp-idf/components/soc/esp32s3/ld/esp32s3.peripherals.ld
-- Performing Test CMAKE_HAVE_LIBC_PTHREAD
-- Performing Test C_COMPILER_SUPPORTS_WFORMAT_SIGNEDNESS - Success
-- USING O3
-- Performing Test CMAKE_HAVE_LIBC_PTHREAD - Success
-- Found Threads: TRUE  
-- Performing Test C_COMPILER_SUPPORTS_WFORMAT_SIGNEDNESS - Success
-- USING O3
-- Performing Test C_COMPILER_SUPPORTS_WFORMAT_SIGNEDNESS
-- Adding linker script /home/tikhon/Документы/magnolia/applets/mainline/cksum/build/esp-idf/esp_system/ld/memory.ld
-- Adding linker script /home/tikhon/Документы/magnolia/applets/mainline/cksum/build/esp-idf/esp_system/ld/sections.ld.in
-- Adding linker script /home/tikhon/Документы/magnolia/esp-idf/components/esp_rom/esp32s3/ld/esp32s3.rom.ld
-- Adding linker script /home/tikhon/Документы/magnolia/esp-idf/components/esp_rom/esp32s3/ld/esp32s3.rom.api.ld
-- Adding linker script /home/tikhon/Документы/magnolia/esp-idf/components/esp_rom/esp32s3/ld/esp32s3.rom.bt_funcs.ld
-- Adding linker script /home/tikhon/Документы/magnolia/esp-idf/components/esp_rom/esp32s3/ld/esp32s3.rom.libgcc.ld
-- Adding linker script /home/tikhon/Документы/magnolia/esp-idf/components/esp_rom/esp32s3/ld/esp32s3.rom.wdt.ld
-- Adding linker script /home/tikhon/Документы/magnolia/esp-idf/components/esp_rom/esp32s3/ld/esp32s3.rom.version.ld
-- Adding linker script /home/tikhon/Документы/magnolia/esp-idf/components/esp_rom/esp32s3/ld/esp32s3.rom.ble_master.ld
-- Adding linker script /home/tikhon/Документы/magnolia/esp-idf/components/esp_rom/esp32s3/ld/esp32s3.rom.ble_50.ld
-- Adding linker script /home/tikhon/Документы/magnolia/esp-idf/components/esp_rom/esp32s3/ld/esp32s3.rom.ble_smp.ld
-- Adding linker script /home/tikhon/Документы/magnolia/esp-idf/components/esp_rom/esp32s3/ld/esp32s3.rom.ble_dtm.ld
-- Adding linker script /home/tikhon/Документы/magnolia/esp-idf/components/esp_rom/esp32s3/ld/esp32s3.rom.ble_test.ld
-- Adding linker script /home/tikhon/Документы/magnolia/esp-idf/components/esp_rom/esp32s3/ld/esp32s3.rom.ble_scan.ld
-- Adding linker script /home/tikhon/Документы/magnolia/esp-idf/components/esp_rom/esp32s3/ld/esp32s3.rom.libc.ld
-- Adding linker script /home/tikhon/Документы/magnolia/esp-idf/components/esp_rom/esp32s3/ld/esp32s3.rom.newlib.ld
-- Performing Test CMAKE_HAVE_LIBC_PTHREAD - Success
-- Found Threads: TRUE  
-- Adding linker script /home/tikhon/Документы/magnolia/applets/mainline/comm/build/esp-idf/esp_system/ld/memory.ld
-- Adding linker script /home/tikhon/Документы/magnolia/applets/mainline/comm/build/esp-idf/esp_system/ld/sections.ld.in
-- Performing Test C_COMPILER_SUPPORTS_WFORMAT_SIGNEDNESS
-- Adding linker script /home/tikhon/Документы/magnolia/esp-idf/components/soc/esp32s3/ld/esp32s3.peripherals.ld
-- Adding linker script /home/tikhon/Документы/magnolia/esp-idf/components/esp_rom/esp32s3/ld/esp32s3.rom.ld
-- Adding linker script /home/tikhon/Документы/magnolia/esp-idf/components/esp_rom/esp32s3/ld/esp32s3.rom.api.ld
-- Adding linker script /home/tikhon/Документы/magnolia/esp-idf/components/esp_rom/esp32s3/ld/esp32s3.rom.bt_funcs.ld
-- Adding linker script /home/tikhon/Документы/magnolia/esp-idf/components/esp_rom/esp32s3/ld/esp32s3.rom.libgcc.ld
-- Adding linker script /home/tikhon/Документы/magnolia/esp-idf/components/esp_rom/esp32s3/ld/esp32s3.rom.wdt.ld
-- Adding linker script /home/tikhon/Документы/magnolia/esp-idf/components/esp_rom/esp32s3/ld/esp32s3.rom.version.ld
-- Adding linker script /home/tikhon/Документы/magnolia/esp-idf/components/esp_rom/esp32s3/ld/esp32s3.rom.ble_master.ld
-- Adding linker script /home/tikhon/Документы/magnolia/esp-idf/components/esp_rom/esp32s3/ld/esp32s3.rom.ble_50.ld
-- Adding linker script /home/tikhon/Документы/magnolia/esp-idf/components/esp_rom/esp32s3/ld/esp32s3.rom.ble_smp.ld
-- Adding linker script /home/tikhon/Документы/magnolia/esp-idf/components/esp_rom/esp32s3/ld/esp32s3.rom.ble_dtm.ld
-- Adding linker script /home/tikhon/Документы/magnolia/esp-idf/components/esp_rom/esp32s3/ld/esp32s3.rom.ble_test.ld
-- Adding linker script /home/tikhon/Документы/magnolia/esp-idf/components/esp_rom/esp32s3/ld/esp32s3.rom.ble_scan.ld
-- Adding linker script /home/tikhon/Документы/magnolia/esp-idf/components/esp_rom/esp32s3/ld/esp32s3.rom.libc.ld
-- Adding linker script /home/tikhon/Документы/magnolia/esp-idf/components/esp_rom/esp32s3/ld/esp32s3.rom.newlib.ld
-- Performing Test C_COMPILER_SUPPORTS_WFORMAT_SIGNEDNESS - Success
-- USING O3
-- Adding linker script /home/tikhon/Документы/magnolia/esp-idf/components/soc/esp32s3/ld/esp32s3.peripherals.ld
-- Components: app_trace app_update bootloader bootloader_support bt cmock console cxx driver efuse esp-tls esp_adc esp_app_format esp_bootloader_format esp_coex esp_common esp_driver_ana_cmpr esp_driver_bitscrambler esp_driver_cam esp_driver_dac esp_driver_gpio esp_driver_gptimer esp_driver_i2c esp_driver_i2s esp_driver_i3c esp_driver_isp esp_driver_jpeg esp_driver_ledc esp_driver_mcpwm esp_driver_parlio esp_driver_pcnt esp_driver_ppa esp_driver_rmt esp_driver_sd_intf esp_driver_sdio esp_driver_sdm esp_driver_sdmmc esp_driver_sdspi esp_driver_spi esp_driver_touch_sens esp_driver_tsens esp_driver_twai esp_driver_uart esp_driver_usb_serial_jtag esp_eth esp_event esp_gdbstub esp_hid esp_http_client esp_http_server esp_https_ota esp_https_server esp_hw_support esp_lcd esp_local_ctrl esp_mm esp_netif esp_netif_stack esp_partition esp_phy esp_pm esp_psram esp_ringbuf esp_rom esp_security esp_system esp_timer esp_vfs_console esp_wifi espcoredump esptool_py fatfs freertos hal heap http_parser idf_test ieee802154 json log lwip main mbedtls mqtt newlib nvs_flash nvs_sec_provider openthread partition_table perfmon protobuf-c protocomm pthread rt sdmmc soc spi_flash spiffs tcp_transport touch_element ulp unity usb vfs wear_levelling wifi_provisioning wpa_supplicant xtensa
-- Component paths: /home/tikhon/Документы/magnolia/esp-idf/components/app_trace /home/tikhon/Документы/magnolia/esp-idf/components/app_update /home/tikhon/Документы/magnolia/esp-idf/components/bootloader /home/tikhon/Документы/magnolia/esp-idf/components/bootloader_support /home/tikhon/Документы/magnolia/esp-idf/components/bt /home/tikhon/Документы/magnolia/esp-idf/components/cmock /home/tikhon/Документы/magnolia/esp-idf/components/console /home/tikhon/Документы/magnolia/esp-idf/components/cxx /home/tikhon/Документы/magnolia/esp-idf/components/driver /home/tikhon/Документы/magnolia/esp-idf/components/efuse /home/tikhon/Документы/magnolia/esp-idf/components/esp-tls /home/tikhon/Документы/magnolia/esp-idf/components/esp_adc /home/tikhon/Документы/magnolia/esp-idf/components/esp_app_format /home/tikhon/Документы/magnolia/esp-idf/components/esp_bootloader_format /home/tikhon/Документы/magnolia/esp-idf/components/esp_coex /home/tikhon/Документы/magnolia/esp-idf/components/esp_common /home/tikhon/Документы/magnolia/esp-idf/components/esp_driver_ana_cmpr /home/tikhon/Документы/magnolia/esp-idf/components/esp_driver_bitscrambler /home/tikhon/Документы/magnolia/esp-idf/components/esp_driver_cam /home/tikhon/Документы/magnolia/esp-idf/components/esp_driver_dac /home/tikhon/Документы/magnolia/esp-idf/components/esp_driver_gpio /home/tikhon/Документы/magnolia/esp-idf/components/esp_driver_gptimer /home/tikhon/Документы/magnolia/esp-idf/components/esp_driver_i2c /home/tikhon/Документы/magnolia/esp-idf/components/esp_driver_i2s /home/tikhon/Документы/magnolia/esp-idf/components/esp_driver_i3c /home/tikhon/Документы/magnolia/esp-idf/components/esp_driver_isp /home/tikhon/Документы/magnolia/esp-idf/components/esp_driver_jpeg /home/tikhon/Документы/magnolia/esp-idf/components/esp_driver_ledc /home/tikhon/Документы/magnolia/esp-idf/components/esp_driver_mcpwm /home/tikhon/Документы/magnolia/esp-idf/components/esp_driver_parlio /home/tikhon/Документы/magnolia/esp-idf/components/esp_driver_pcnt /home/tikhon/Документы/magnolia/esp-idf/components/esp_driver_ppa /home/tikhon/Документы/magnolia/esp-idf/components/esp_driver_rmt /home/tikhon/Документы/magnolia/esp-idf/components/esp_driver_sd_intf /home/tikhon/Документы/magnolia/esp-idf/components/esp_driver_sdio /home/tikhon/Документы/magnolia/esp-idf/components/esp_driver_sdm /home/tikhon/Документы/magnolia/esp-idf/components/esp_driver_sdmmc /home/tikhon/Документы/magnolia/esp-idf/components/esp_driver_sdspi /home/tikhon/Документы/magnolia/esp-idf/components/esp_driver_spi /home/tikhon/Документы/magnolia/esp-idf/components/esp_driver_touch_sens /home/tikhon/Документы/magnolia/esp-idf/components/esp_driver_tsens /home/tikhon/Документы/magnolia/esp-idf/components/esp_driver_twai /home/tikhon/Документы/magnolia/esp-idf/components/esp_driver_uart /home/tikhon/Документы/magnolia/esp-idf/components/esp_driver_usb_serial_jtag /home/tikhon/Документы/magnolia/esp-idf/components/esp_eth /home/tikhon/Документы/magnolia/esp-idf/components/esp_event /home/tikhon/Документы/magnolia/esp-idf/components/esp_gdbstub /home/tikhon/Документы/magnolia/esp-idf/components/esp_hid /home/tikhon/Документы/magnolia/esp-idf/components/esp_http_client /home/tikhon/Документы/magnolia/esp-idf/components/esp_http_server /home/tikhon/Документы/magnolia/esp-idf/components/esp_https_ota /home/tikhon/Документы/magnolia/esp-idf/components/esp_https_server /home/tikhon/Документы/magnolia/esp-idf/components/esp_hw_support /home/tikhon/Документы/magnolia/esp-idf/components/esp_lcd /home/tikhon/Документы/magnolia/esp-idf/components/esp_local_ctrl /home/tikhon/Документы/magnolia/esp-idf/components/esp_mm /home/tikhon/Документы/magnolia/esp-idf/components/esp_netif /home/tikhon/Документы/magnolia/esp-idf/components/esp_netif_stack /home/tikhon/Документы/magnolia/esp-idf/components/esp_partition /home/tikhon/Документы/magnolia/esp-idf/components/esp_phy /home/tikhon/Документы/magnolia/esp-idf/components/esp_pm /home/tikhon/Документы/magnolia/esp-idf/components/esp_psram /home/tikhon/Документы/magnolia/esp-idf/components/esp_ringbuf /home/tikhon/Документы/magnolia/esp-idf/components/esp_rom /home/tikhon/Документы/magnolia/esp-idf/components/esp_security /home/tikhon/Документы/magnolia/esp-idf/components/esp_system /home/tikhon/Документы/magnolia/esp-idf/components/esp_timer /home/tikhon/Документы/magnolia/esp-idf/components/esp_vfs_console /home/tikhon/Документы/magnolia/esp-idf/components/esp_wifi /home/tikhon/Документы/magnolia/esp-idf/components/espcoredump /home/tikhon/Документы/magnolia/esp-idf/components/esptool_py /home/tikhon/Документы/magnolia/esp-idf/components/fatfs /home/tikhon/Документы/magnolia/esp-idf/components/freertos /home/tikhon/Документы/magnolia/esp-idf/components/hal /home/tikhon/Документы/magnolia/esp-idf/components/heap /home/tikhon/Документы/magnolia/esp-idf/components/http_parser /home/tikhon/Документы/magnolia/esp-idf/components/idf_test /home/tikhon/Документы/magnolia/esp-idf/components/ieee802154 /home/tikhon/Документы/magnolia/esp-idf/components/json /home/tikhon/Документы/magnolia/esp-idf/components/log /home/tikhon/Документы/magnolia/esp-idf/components/lwip /home/tikhon/Документы/magnolia/applets/mainline/df/main /home/tikhon/Документы/magnolia/esp-idf/components/mbedtls /home/tikhon/Документы/magnolia/esp-idf/components/mqtt /home/tikhon/Документы/magnolia/esp-idf/components/newlib /home/tikhon/Документы/magnolia/esp-idf/components/nvs_flash /home/tikhon/Документы/magnolia/esp-idf/components/nvs_sec_provider /home/tikhon/Документы/magnolia/esp-idf/components/openthread /home/tikhon/Документы/magnolia/esp-idf/components/partition_table /home/tikhon/Документы/magnolia/esp-idf/components/perfmon /home/tikhon/Документы/magnolia/esp-idf/components/protobuf-c /home/tikhon/Документы/magnolia/esp-idf/components/protocomm /home/tikhon/Документы/magnolia/esp-idf/components/pthread /home/tikhon/Документы/magnolia/esp-idf/components/rt /home/tikhon/Документы/magnolia/esp-idf/components/sdmmc /home/tikhon/Документы/magnolia/esp-idf/components/soc /home/tikhon/Документы/magnolia/esp-idf/components/spi_flash /home/tikhon/Документы/magnolia/esp-idf/components/spiffs /home/tikhon/Документы/magnolia/esp-idf/components/tcp_transport /home/tikhon/Документы/magnolia/esp-idf/components/touch_element /home/tikhon/Документы/magnolia/esp-idf/components/ulp /home/tikhon/Документы/magnolia/esp-idf/components/unity /home/tikhon/Документы/magnolia/esp-idf/components/usb /home/tikhon/Документы/magnolia/esp-idf/components/vfs /home/tikhon/Документы/magnolia/esp-idf/components/wear_levelling /home/tikhon/Документы/magnolia/esp-idf/components/wifi_provisioning /home/tikhon/Документы/magnolia/esp-idf/components/wpa_supplicant /home/tikhon/Документы/magnolia/esp-idf/components/xtensa
-- Performing Test C_COMPILER_SUPPORTS_WFORMAT_SIGNEDNESS - Success
-- USING O3
-- Configuring done (3.9s)
-- Components: app_trace app_update bootloader bootloader_support bt cmock console cxx driver efuse esp-tls esp_adc esp_app_format esp_bootloader_format esp_coex esp_common esp_driver_ana_cmpr esp_driver_bitscrambler esp_driver_cam esp_driver_dac esp_driver_gpio esp_driver_gptimer esp_driver_i2c esp_driver_i2s esp_driver_i3c esp_driver_isp esp_driver_jpeg esp_driver_ledc esp_driver_mcpwm esp_driver_parlio esp_driver_pcnt esp_driver_ppa esp_driver_rmt esp_driver_sd_intf esp_driver_sdio esp_driver_sdm esp_driver_sdmmc esp_driver_sdspi esp_driver_spi esp_driver_touch_sens esp_driver_tsens esp_driver_twai esp_driver_uart esp_driver_usb_serial_jtag esp_eth esp_event esp_gdbstub esp_hid esp_http_client esp_http_server esp_https_ota esp_https_server esp_hw_support esp_lcd esp_local_ctrl esp_mm esp_netif esp_netif_stack esp_partition esp_phy esp_pm esp_psram esp_ringbuf esp_rom esp_security esp_system esp_timer esp_vfs_console esp_wifi espcoredump esptool_py fatfs freertos hal heap http_parser idf_test ieee802154 json log lwip main mbedtls mqtt newlib nvs_flash nvs_sec_provider openthread partition_table perfmon protobuf-c protocomm pthread rt sdmmc soc spi_flash spiffs tcp_transport touch_element ulp unity usb vfs wear_levelling wifi_provisioning wpa_supplicant xtensa
-- Component paths: /home/tikhon/Документы/magnolia/esp-idf/components/app_trace /home/tikhon/Документы/magnolia/esp-idf/components/app_update /home/tikhon/Документы/magnolia/esp-idf/components/bootloader /home/tikhon/Документы/magnolia/esp-idf/components/bootloader_support /home/tikhon/Документы/magnolia/esp-idf/components/bt /home/tikhon/Документы/magnolia/esp-idf/components/cmock /home/tikhon/Документы/magnolia/esp-idf/components/console /home/tikhon/Документы/magnolia/esp-idf/components/cxx /home/tikhon/Документы/magnolia/esp-idf/components/driver /home/tikhon/Документы/magnolia/esp-idf/components/efuse /home/tikhon/Документы/magnolia/esp-idf/components/esp-tls /home/tikhon/Документы/magnolia/esp-idf/components/esp_adc /home/tikhon/Документы/magnolia/esp-idf/components/esp_app_format /home/tikhon/Документы/magnolia/esp-idf/components/esp_bootloader_format /home/tikhon/Документы/magnolia/esp-idf/components/esp_coex /home/tikhon/Документы/magnolia/esp-idf/components/esp_common /home/tikhon/Документы/magnolia/esp-idf/components/esp_driver_ana_cmpr /home/tikhon/Документы/magnolia/esp-idf/components/esp_driver_bitscrambler /home/tikhon/Документы/magnolia/esp-idf/components/esp_driver_cam /home/tikhon/Документы/magnolia/esp-idf/components/esp_driver_dac /home/tikhon/Документы/magnolia/esp-idf/components/esp_driver_gpio /home/tikhon/Документы/magnolia/esp-idf/components/esp_driver_gptimer /home/tikhon/Документы/magnolia/esp-idf/components/esp_driver_i2c /home/tikhon/Документы/magnolia/esp-idf/components/esp_driver_i2s /home/tikhon/Документы/magnolia/esp-idf/components/esp_driver_i3c /home/tikhon/Документы/magnolia/esp-idf/components/esp_driver_isp /home/tikhon/Документы/magnolia/esp-idf/components/esp_driver_jpeg /home/tikhon/Документы/magnolia/esp-idf/components/esp_driver_ledc /home/tikhon/Документы/magnolia/esp-idf/components/esp_driver_mcpwm /home/tikhon/Документы/magnolia/esp-idf/components/esp_driver_parlio /home/tikhon/Документы/magnolia/esp-idf/components/esp_driver_pcnt /home/tikhon/Документы/magnolia/esp-idf/components/esp_driver_ppa /home/tikhon/Документы/magnolia/esp-idf/components/esp_driver_rmt /home/tikhon/Документы/magnolia/esp-idf/components/esp_driver_sd_intf /home/tikhon/Документы/magnolia/esp-idf/components/esp_driver_sdio /home/tikhon/Документы/magnolia/esp-idf/components/esp_driver_sdm /home/tikhon/Документы/magnolia/esp-idf/components/esp_driver_sdmmc /home/tikhon/Документы/magnolia/esp-idf/components/esp_driver_sdspi /home/tikhon/Документы/magnolia/esp-idf/components/esp_driver_spi /home/tikhon/Документы/magnolia/esp-idf/components/esp_driver_touch_sens /home/tikhon/Документы/magnolia/esp-idf/components/esp_driver_tsens /home/tikhon/Документы/magnolia/esp-idf/components/esp_driver_twai /home/tikhon/Документы/magnolia/esp-idf/components/esp_driver_uart /home/tikhon/Документы/magnolia/esp-idf/components/esp_driver_usb_serial_jtag /home/tikhon/Документы/magnolia/esp-idf/components/esp_eth /home/tikhon/Документы/magnolia/esp-idf/components/esp_event /home/tikhon/Документы/magnolia/esp-idf/components/esp_gdbstub /home/tikhon/Документы/magnolia/esp-idf/components/esp_hid /home/tikhon/Документы/magnolia/esp-idf/components/esp_http_client /home/tikhon/Документы/magnolia/esp-idf/components/esp_http_server /home/tikhon/Документы/magnolia/esp-idf/components/esp_https_ota /home/tikhon/Документы/magnolia/esp-idf/components/esp_https_server /home/tikhon/Документы/magnolia/esp-idf/components/esp_hw_support /home/tikhon/Документы/magnolia/esp-idf/components/esp_lcd /home/tikhon/Документы/magnolia/esp-idf/components/esp_local_ctrl /home/tikhon/Документы/magnolia/esp-idf/components/esp_mm /home/tikhon/Документы/magnolia/esp-idf/components/esp_netif /home/tikhon/Документы/magnolia/esp-idf/components/esp_netif_stack /home/tikhon/Документы/magnolia/esp-idf/components/esp_partition /home/tikhon/Документы/magnolia/esp-idf/components/esp_phy /home/tikhon/Документы/magnolia/esp-idf/components/esp_pm /home/tikhon/Документы/magnolia/esp-idf/components/esp_psram /home/tikhon/Документы/magnolia/esp-idf/components/esp_ringbuf /home/tikhon/Документы/magnolia/esp-idf/components/esp_rom /home/tikhon/Документы/magnolia/esp-idf/components/esp_security /home/tikhon/Документы/magnolia/esp-idf/components/esp_system /home/tikhon/Документы/magnolia/esp-idf/components/esp_timer /home/tikhon/Документы/magnolia/esp-idf/components/esp_vfs_console /home/tikhon/Документы/magnolia/esp-idf/components/esp_wifi /home/tikhon/Документы/magnolia/esp-idf/components/espcoredump /home/tikhon/Документы/magnolia/esp-idf/components/esptool_py /home/tikhon/Документы/magnolia/esp-idf/components/fatfs /home/tikhon/Документы/magnolia/esp-idf/components/freertos /home/tikhon/Документы/magnolia/esp-idf/components/hal /home/tikhon/Документы/magnolia/esp-idf/components/heap /home/tikhon/Документы/magnolia/esp-idf/components/http_parser /home/tikhon/Документы/magnolia/esp-idf/components/idf_test /home/tikhon/Документы/magnolia/esp-idf/components/ieee802154 /home/tikhon/Документы/magnolia/esp-idf/components/json /home/tikhon/Документы/magnolia/esp-idf/components/log /home/tikhon/Документы/magnolia/esp-idf/components/lwip /home/tikhon/Документы/magnolia/applets/mainline/cut/main /home/tikhon/Документы/magnolia/esp-idf/components/mbedtls /home/tikhon/Документы/magnolia/esp-idf/components/mqtt /home/tikhon/Документы/magnolia/esp-idf/components/newlib /home/tikhon/Документы/magnolia/esp-idf/components/nvs_flash /home/tikhon/Документы/magnolia/esp-idf/components/nvs_sec_provider /home/tikhon/Документы/magnolia/esp-idf/components/openthread /home/tikhon/Документы/magnolia/esp-idf/components/partition_table /home/tikhon/Документы/magnolia/esp-idf/components/perfmon /home/tikhon/Документы/magnolia/esp-idf/components/protobuf-c /home/tikhon/Документы/magnolia/esp-idf/components/protocomm /home/tikhon/Документы/magnolia/esp-idf/components/pthread /home/tikhon/Документы/magnolia/esp-idf/components/rt /home/tikhon/Документы/magnolia/esp-idf/components/sdmmc /home/tikhon/Документы/magnolia/esp-idf/components/soc /home/tikhon/Документы/magnolia/esp-idf/components/spi_flash /home/tikhon/Документы/magnolia/esp-idf/components/spiffs /home/tikhon/Документы/magnolia/esp-idf/components/tcp_transport /home/tikhon/Документы/magnolia/esp-idf/components/touch_element /home/tikhon/Документы/magnolia/esp-idf/components/ulp /home/tikhon/Документы/magnolia/esp-idf/components/unity /home/tikhon/Документы/magnolia/esp-idf/components/usb /home/tikhon/Документы/magnolia/esp-idf/components/vfs /home/tikhon/Документы/magnolia/esp-idf/components/wear_levelling /home/tikhon/Документы/magnolia/esp-idf/components/wifi_provisioning /home/tikhon/Документы/magnolia/esp-idf/components/wpa_supplicant /home/tikhon/Документы/magnolia/esp-idf/components/xtensa
-- Adding linker script /home/tikhon/Документы/magnolia/applets/mainline/dirname/build/esp-idf/esp_system/ld/memory.ld
-- Adding linker script /home/tikhon/Документы/magnolia/applets/mainline/dirname/build/esp-idf/esp_system/ld/sections.ld.in
-- Configuring done (3.9s)
-- Adding linker script /home/tikhon/Документы/magnolia/esp-idf/components/esp_rom/esp32s3/ld/esp32s3.rom.ld
-- Adding linker script /home/tikhon/Документы/magnolia/esp-idf/components/esp_rom/esp32s3/ld/esp32s3.rom.api.ld
-- Adding linker script /home/tikhon/Документы/magnolia/esp-idf/components/esp_rom/esp32s3/ld/esp32s3.rom.bt_funcs.ld
-- Adding linker script /home/tikhon/Документы/magnolia/esp-idf/components/esp_rom/esp32s3/ld/esp32s3.rom.libgcc.ld
-- Adding linker script /home/tikhon/Документы/magnolia/esp-idf/components/esp_rom/esp32s3/ld/esp32s3.rom.wdt.ld
-- Adding linker script /home/tikhon/Документы/magnolia/esp-idf/components/esp_rom/esp32s3/ld/esp32s3.rom.version.ld
-- Adding linker script /home/tikhon/Документы/magnolia/esp-idf/components/esp_rom/esp32s3/ld/esp32s3.rom.ble_master.ld
-- Adding linker script /home/tikhon/Документы/magnolia/esp-idf/components/esp_rom/esp32s3/ld/esp32s3.rom.ble_50.ld
-- Adding linker script /home/tikhon/Документы/magnolia/esp-idf/components/esp_rom/esp32s3/ld/esp32s3.rom.ble_smp.ld
-- Adding linker script /home/tikhon/Документы/magnolia/esp-idf/components/esp_rom/esp32s3/ld/esp32s3.rom.ble_dtm.ld
-- Adding linker script /home/tikhon/Документы/magnolia/esp-idf/components/esp_rom/esp32s3/ld/esp32s3.rom.ble_test.ld
-- Adding linker script /home/tikhon/Документы/magnolia/esp-idf/components/esp_rom/esp32s3/ld/esp32s3.rom.ble_scan.ld
-- Adding linker script /home/tikhon/Документы/magnolia/esp-idf/components/esp_rom/esp32s3/ld/esp32s3.rom.libc.ld
-- Adding linker script /home/tikhon/Документы/magnolia/esp-idf/components/esp_rom/esp32s3/ld/esp32s3.rom.newlib.ld
-- Components: app_trace app_update bootloader bootloader_support bt cmock console cxx driver efuse esp-tls esp_adc esp_app_format esp_bootloader_format esp_coex esp_common esp_driver_ana_cmpr esp_driver_bitscrambler esp_driver_cam esp_driver_dac esp_driver_gpio esp_driver_gptimer esp_driver_i2c esp_driver_i2s esp_driver_i3c esp_driver_isp esp_driver_jpeg esp_driver_ledc esp_driver_mcpwm esp_driver_parlio esp_driver_pcnt esp_driver_ppa esp_driver_rmt esp_driver_sd_intf esp_driver_sdio esp_driver_sdm esp_driver_sdmmc esp_driver_sdspi esp_driver_spi esp_driver_touch_sens esp_driver_tsens esp_driver_twai esp_driver_uart esp_driver_usb_serial_jtag esp_eth esp_event esp_gdbstub esp_hid esp_http_client esp_http_server esp_https_ota esp_https_server esp_hw_support esp_lcd esp_local_ctrl esp_mm esp_netif esp_netif_stack esp_partition esp_phy esp_pm esp_psram esp_ringbuf esp_rom esp_security esp_system esp_timer esp_vfs_console esp_wifi espcoredump esptool_py fatfs freertos hal heap http_parser idf_test ieee802154 json log lwip main mbedtls mqtt newlib nvs_flash nvs_sec_provider openthread partition_table perfmon protobuf-c protocomm pthread rt sdmmc soc spi_flash spiffs tcp_transport touch_element ulp unity usb vfs wear_levelling wifi_provisioning wpa_supplicant xtensa
-- Component paths: /home/tikhon/Документы/magnolia/esp-idf/components/app_trace /home/tikhon/Документы/magnolia/esp-idf/components/app_update /home/tikhon/Документы/magnolia/esp-idf/components/bootloader /home/tikhon/Документы/magnolia/esp-idf/components/bootloader_support /home/tikhon/Документы/magnolia/esp-idf/components/bt /home/tikhon/Документы/magnolia/esp-idf/components/cmock /home/tikhon/Документы/magnolia/esp-idf/components/console /home/tikhon/Документы/magnolia/esp-idf/components/cxx /home/tikhon/Документы/magnolia/esp-idf/components/driver /home/tikhon/Документы/magnolia/esp-idf/components/efuse /home/tikhon/Документы/magnolia/esp-idf/components/esp-tls /home/tikhon/Документы/magnolia/esp-idf/components/esp_adc /home/tikhon/Документы/magnolia/esp-idf/components/esp_app_format /home/tikhon/Документы/magnolia/esp-idf/components/esp_bootloader_format /home/tikhon/Документы/magnolia/esp-idf/components/esp_coex /home/tikhon/Документы/magnolia/esp-idf/components/esp_common /home/tikhon/Документы/magnolia/esp-idf/components/esp_driver_ana_cmpr /home/tikhon/Документы/magnolia/esp-idf/components/esp_driver_bitscrambler /home/tikhon/Документы/magnolia/esp-idf/components/esp_driver_cam /home/tikhon/Документы/magnolia/esp-idf/components/esp_driver_dac /home/tikhon/Документы/magnolia/esp-idf/components/esp_driver_gpio /home/tikhon/Документы/magnolia/esp-idf/components/esp_driver_gptimer /home/tikhon/Документы/magnolia/esp-idf/components/esp_driver_i2c /home/tikhon/Документы/magnolia/esp-idf/components/esp_driver_i2s /home/tikhon/Документы/magnolia/esp-idf/components/esp_driver_i3c /home/tikhon/Документы/magnolia/esp-idf/components/esp_driver_isp /home/tikhon/Документы/magnolia/esp-idf/components/esp_driver_jpeg /home/tikhon/Документы/magnolia/esp-idf/components/esp_driver_ledc /home/tikhon/Документы/magnolia/esp-idf/components/esp_driver_mcpwm /home/tikhon/Документы/magnolia/esp-idf/components/esp_driver_parlio /home/tikhon/Документы/magnolia/esp-idf/components/esp_driver_pcnt /home/tikhon/Документы/magnolia/esp-idf/components/esp_driver_ppa /home/tikhon/Документы/magnolia/esp-idf/components/esp_driver_rmt /home/tikhon/Документы/magnolia/esp-idf/components/esp_driver_sd_intf /home/tikhon/Документы/magnolia/esp-idf/components/esp_driver_sdio /home/tikhon/Документы/magnolia/esp-idf/components/esp_driver_sdm /home/tikhon/Документы/magnolia/esp-idf/components/esp_driver_sdmmc /home/tikhon/Документы/magnolia/esp-idf/components/esp_driver_sdspi /home/tikhon/Документы/magnolia/esp-idf/components/esp_driver_spi /home/tikhon/Документы/magnolia/esp-idf/components/esp_driver_touch_sens /home/tikhon/Документы/magnolia/esp-idf/components/esp_driver_tsens /home/tikhon/Документы/magnolia/esp-idf/components/esp_driver_twai /home/tikhon/Документы/magnolia/esp-idf/components/esp_driver_uart /home/tikhon/Документы/magnolia/esp-idf/components/esp_driver_usb_serial_jtag /home/tikhon/Документы/magnolia/esp-idf/components/esp_eth /home/tikhon/Документы/magnolia/esp-idf/components/esp_event /home/tikhon/Документы/magnolia/esp-idf/components/esp_gdbstub /home/tikhon/Документы/magnolia/esp-idf/components/esp_hid /home/tikhon/Документы/magnolia/esp-idf/components/esp_http_client /home/tikhon/Документы/magnolia/esp-idf/components/esp_http_server /home/tikhon/Документы/magnolia/esp-idf/components/esp_https_ota /home/tikhon/Документы/magnolia/esp-idf/components/esp_https_server /home/tikhon/Документы/magnolia/esp-idf/components/esp_hw_support /home/tikhon/Документы/magnolia/esp-idf/components/esp_lcd /home/tikhon/Документы/magnolia/esp-idf/components/esp_local_ctrl /home/tikhon/Документы/magnolia/esp-idf/components/esp_mm /home/tikhon/Документы/magnolia/esp-idf/components/esp_netif /home/tikhon/Документы/magnolia/esp-idf/components/esp_netif_stack /home/tikhon/Документы/magnolia/esp-idf/components/esp_partition /home/tikhon/Документы/magnolia/esp-idf/components/esp_phy /home/tikhon/Документы/magnolia/esp-idf/components/esp_pm /home/tikhon/Документы/magnolia/esp-idf/components/esp_psram /home/tikhon/Документы/magnolia/esp-idf/components/esp_ringbuf /home/tikhon/Документы/magnolia/esp-idf/components/esp_rom /home/tikhon/Документы/magnolia/esp-idf/components/esp_security /home/tikhon/Документы/magnolia/esp-idf/components/esp_system /home/tikhon/Документы/magnolia/esp-idf/components/esp_timer /home/tikhon/Документы/magnolia/esp-idf/components/esp_vfs_console /home/tikhon/Документы/magnolia/esp-idf/components/esp_wifi /home/tikhon/Документы/magnolia/esp-idf/components/espcoredump /home/tikhon/Документы/magnolia/esp-idf/components/esptool_py /home/tikhon/Документы/magnolia/esp-idf/components/fatfs /home/tikhon/Документы/magnolia/esp-idf/components/freertos /home/tikhon/Документы/magnolia/esp-idf/components/hal /home/tikhon/Документы/magnolia/esp-idf/components/heap /home/tikhon/Документы/magnolia/esp-idf/components/http_parser /home/tikhon/Документы/magnolia/esp-idf/components/idf_test /home/tikhon/Документы/magnolia/esp-idf/components/ieee802154 /home/tikhon/Документы/magnolia/esp-idf/components/json /home/tikhon/Документы/magnolia/esp-idf/components/log /home/tikhon/Документы/magnolia/esp-idf/components/lwip /home/tikhon/Документы/magnolia/applets/mainline/chmod/main /home/tikhon/Документы/magnolia/esp-idf/components/mbedtls /home/tikhon/Документы/magnolia/esp-idf/components/mqtt /home/tikhon/Документы/magnolia/esp-idf/components/newlib /home/tikhon/Документы/magnolia/esp-idf/components/nvs_flash /home/tikhon/Документы/magnolia/esp-idf/components/nvs_sec_provider /home/tikhon/Документы/magnolia/esp-idf/components/openthread /home/tikhon/Документы/magnolia/esp-idf/components/partition_table /home/tikhon/Документы/magnolia/esp-idf/components/perfmon /home/tikhon/Документы/magnolia/esp-idf/components/protobuf-c /home/tikhon/Документы/magnolia/esp-idf/components/protocomm /home/tikhon/Документы/magnolia/esp-idf/components/pthread /home/tikhon/Документы/magnolia/esp-idf/components/rt /home/tikhon/Документы/magnolia/esp-idf/components/sdmmc /home/tikhon/Документы/magnolia/esp-idf/components/soc /home/tikhon/Документы/magnolia/esp-idf/components/spi_flash /home/tikhon/Документы/magnolia/esp-idf/components/spiffs /home/tikhon/Документы/magnolia/esp-idf/components/tcp_transport /home/tikhon/Документы/magnolia/esp-idf/components/touch_element /home/tikhon/Документы/magnolia/esp-idf/components/ulp /home/tikhon/Документы/magnolia/esp-idf/components/unity /home/tikhon/Документы/magnolia/esp-idf/components/usb /home/tikhon/Документы/magnolia/esp-idf/components/vfs /home/tikhon/Документы/magnolia/esp-idf/components/wear_levelling /home/tikhon/Документы/magnolia/esp-idf/components/wifi_provisioning /home/tikhon/Документы/magnolia/esp-idf/components/wpa_supplicant /home/tikhon/Документы/magnolia/esp-idf/components/xtensa
-- Adding linker script /home/tikhon/Документы/magnolia/esp-idf/components/soc/esp32s3/ld/esp32s3.peripherals.ld
-- Configuring done (4.0s)
-- Components: app_trace app_update bootloader bootloader_support bt cmock console cxx driver efuse esp-tls esp_adc esp_app_format esp_bootloader_format esp_coex esp_common esp_driver_ana_cmpr esp_driver_bitscrambler esp_driver_cam esp_driver_dac esp_driver_gpio esp_driver_gptimer esp_driver_i2c esp_driver_i2s esp_driver_i3c esp_driver_isp esp_driver_jpeg esp_driver_ledc esp_driver_mcpwm esp_driver_parlio esp_driver_pcnt esp_driver_ppa esp_driver_rmt esp_driver_sd_intf esp_driver_sdio esp_driver_sdm esp_driver_sdmmc esp_driver_sdspi esp_driver_spi esp_driver_touch_sens esp_driver_tsens esp_driver_twai esp_driver_uart esp_driver_usb_serial_jtag esp_eth esp_event esp_gdbstub esp_hid esp_http_client esp_http_server esp_https_ota esp_https_server esp_hw_support esp_lcd esp_local_ctrl esp_mm esp_netif esp_netif_stack esp_partition esp_phy esp_pm esp_psram esp_ringbuf esp_rom esp_security esp_system esp_timer esp_vfs_console esp_wifi espcoredump esptool_py fatfs freertos hal heap http_parser idf_test ieee802154 json log lwip main mbedtls mqtt newlib nvs_flash nvs_sec_provider openthread partition_table perfmon protobuf-c protocomm pthread rt sdmmc soc spi_flash spiffs tcp_transport touch_element ulp unity usb vfs wear_levelling wifi_provisioning wpa_supplicant xtensa
-- Component paths: /home/tikhon/Документы/magnolia/esp-idf/components/app_trace /home/tikhon/Документы/magnolia/esp-idf/components/app_update /home/tikhon/Документы/magnolia/esp-idf/components/bootloader /home/tikhon/Документы/magnolia/esp-idf/components/bootloader_support /home/tikhon/Документы/magnolia/esp-idf/components/bt /home/tikhon/Документы/magnolia/esp-idf/components/cmock /home/tikhon/Документы/magnolia/esp-idf/components/console /home/tikhon/Документы/magnolia/esp-idf/components/cxx /home/tikhon/Документы/magnolia/esp-idf/components/driver /home/tikhon/Документы/magnolia/esp-idf/components/efuse /home/tikhon/Документы/magnolia/esp-idf/components/esp-tls /home/tikhon/Документы/magnolia/esp-idf/components/esp_adc /home/tikhon/Документы/magnolia/esp-idf/components/esp_app_format /home/tikhon/Документы/magnolia/esp-idf/components/esp_bootloader_format /home/tikhon/Документы/magnolia/esp-idf/components/esp_coex /home/tikhon/Документы/magnolia/esp-idf/components/esp_common /home/tikhon/Документы/magnolia/esp-idf/components/esp_driver_ana_cmpr /home/tikhon/Документы/magnolia/esp-idf/components/esp_driver_bitscrambler /home/tikhon/Документы/magnolia/esp-idf/components/esp_driver_cam /home/tikhon/Документы/magnolia/esp-idf/components/esp_driver_dac /home/tikhon/Документы/magnolia/esp-idf/components/esp_driver_gpio /home/tikhon/Документы/magnolia/esp-idf/components/esp_driver_gptimer /home/tikhon/Документы/magnolia/esp-idf/components/esp_driver_i2c /home/tikhon/Документы/magnolia/esp-idf/components/esp_driver_i2s /home/tikhon/Документы/magnolia/esp-idf/components/esp_driver_i3c /home/tikhon/Документы/magnolia/esp-idf/components/esp_driver_isp /home/tikhon/Документы/magnolia/esp-idf/components/esp_driver_jpeg /home/tikhon/Документы/magnolia/esp-idf/components/esp_driver_ledc /home/tikhon/Документы/magnolia/esp-idf/components/esp_driver_mcpwm /home/tikhon/Документы/magnolia/esp-idf/components/esp_driver_parlio /home/tikhon/Документы/magnolia/esp-idf/components/esp_driver_pcnt /home/tikhon/Документы/magnolia/esp-idf/components/esp_driver_ppa /home/tikhon/Документы/magnolia/esp-idf/components/esp_driver_rmt /home/tikhon/Документы/magnolia/esp-idf/components/esp_driver_sd_intf /home/tikhon/Документы/magnolia/esp-idf/components/esp_driver_sdio /home/tikhon/Документы/magnolia/esp-idf/components/esp_driver_sdm /home/tikhon/Документы/magnolia/esp-idf/components/esp_driver_sdmmc /home/tikhon/Документы/magnolia/esp-idf/components/esp_driver_sdspi /home/tikhon/Документы/magnolia/esp-idf/components/esp_driver_spi /home/tikhon/Документы/magnolia/esp-idf/components/esp_driver_touch_sens /home/tikhon/Документы/magnolia/esp-idf/components/esp_driver_tsens /home/tikhon/Документы/magnolia/esp-idf/components/esp_driver_twai /home/tikhon/Документы/magnolia/esp-idf/components/esp_driver_uart /home/tikhon/Документы/magnolia/esp-idf/components/esp_driver_usb_serial_jtag /home/tikhon/Документы/magnolia/esp-idf/components/esp_eth /home/tikhon/Документы/magnolia/esp-idf/components/esp_event /home/tikhon/Документы/magnolia/esp-idf/components/esp_gdbstub /home/tikhon/Документы/magnolia/esp-idf/components/esp_hid /home/tikhon/Документы/magnolia/esp-idf/components/esp_http_client /home/tikhon/Документы/magnolia/esp-idf/components/esp_http_server /home/tikhon/Документы/magnolia/esp-idf/components/esp_https_ota /home/tikhon/Документы/magnolia/esp-idf/components/esp_https_server /home/tikhon/Документы/magnolia/esp-idf/components/esp_hw_support /home/tikhon/Документы/magnolia/esp-idf/components/esp_lcd /home/tikhon/Документы/magnolia/esp-idf/components/esp_local_ctrl /home/tikhon/Документы/magnolia/esp-idf/components/esp_mm /home/tikhon/Документы/magnolia/esp-idf/components/esp_netif /home/tikhon/Документы/magnolia/esp-idf/components/esp_netif_stack /home/tikhon/Документы/magnolia/esp-idf/components/esp_partition /home/tikhon/Документы/magnolia/esp-idf/components/esp_phy /home/tikhon/Документы/magnolia/esp-idf/components/esp_pm /home/tikhon/Документы/magnolia/esp-idf/components/esp_psram /home/tikhon/Документы/magnolia/esp-idf/components/esp_ringbuf /home/tikhon/Документы/magnolia/esp-idf/components/esp_rom /home/tikhon/Документы/magnolia/esp-idf/components/esp_security /home/tikhon/Документы/magnolia/esp-idf/components/esp_system /home/tikhon/Документы/magnolia/esp-idf/components/esp_timer /home/tikhon/Документы/magnolia/esp-idf/components/esp_vfs_console /home/tikhon/Документы/magnolia/esp-idf/components/esp_wifi /home/tikhon/Документы/magnolia/esp-idf/components/espcoredump /home/tikhon/Документы/magnolia/esp-idf/components/esptool_py /home/tikhon/Документы/magnolia/esp-idf/components/fatfs /home/tikhon/Документы/magnolia/esp-idf/components/freertos /home/tikhon/Документы/magnolia/esp-idf/components/hal /home/tikhon/Документы/magnolia/esp-idf/components/heap /home/tikhon/Документы/magnolia/esp-idf/components/http_parser /home/tikhon/Документы/magnolia/esp-idf/components/idf_test /home/tikhon/Документы/magnolia/esp-idf/components/ieee802154 /home/tikhon/Документы/magnolia/esp-idf/components/json /home/tikhon/Документы/magnolia/esp-idf/components/log /home/tikhon/Документы/magnolia/esp-idf/components/lwip /home/tikhon/Документы/magnolia/applets/mainline/echo/main /home/tikhon/Документы/magnolia/esp-idf/components/mbedtls /home/tikhon/Документы/magnolia/esp-idf/components/mqtt /home/tikhon/Документы/magnolia/esp-idf/components/newlib /home/tikhon/Документы/magnolia/esp-idf/components/nvs_flash /home/tikhon/Документы/magnolia/esp-idf/components/nvs_sec_provider /home/tikhon/Документы/magnolia/esp-idf/components/openthread /home/tikhon/Документы/magnolia/esp-idf/components/partition_table /home/tikhon/Документы/magnolia/esp-idf/components/perfmon /home/tikhon/Документы/magnolia/esp-idf/components/protobuf-c /home/tikhon/Документы/magnolia/esp-idf/components/protocomm /home/tikhon/Документы/magnolia/esp-idf/components/pthread /home/tikhon/Документы/magnolia/esp-idf/components/rt /home/tikhon/Документы/magnolia/esp-idf/components/sdmmc /home/tikhon/Документы/magnolia/esp-idf/components/soc /home/tikhon/Документы/magnolia/esp-idf/components/spi_flash /home/tikhon/Документы/magnolia/esp-idf/components/spiffs /home/tikhon/Документы/magnolia/esp-idf/components/tcp_transport /home/tikhon/Документы/magnolia/esp-idf/components/touch_element /home/tikhon/Документы/magnolia/esp-idf/components/ulp /home/tikhon/Документы/magnolia/esp-idf/components/unity /home/tikhon/Документы/magnolia/esp-idf/components/usb /home/tikhon/Документы/magnolia/esp-idf/components/vfs /home/tikhon/Документы/magnolia/esp-idf/components/wear_levelling /home/tikhon/Документы/magnolia/esp-idf/components/wifi_provisioning /home/tikhon/Документы/magnolia/esp-idf/components/wpa_supplicant /home/tikhon/Документы/magnolia/esp-idf/components/xtensa
-- Configuring done (3.9s)
-- Components: app_trace app_update bootloader bootloader_support bt cmock console cxx driver efuse esp-tls esp_adc esp_app_format esp_bootloader_format esp_coex esp_common esp_driver_ana_cmpr esp_driver_bitscrambler esp_driver_cam esp_driver_dac esp_driver_gpio esp_driver_gptimer esp_driver_i2c esp_driver_i2s esp_driver_i3c esp_driver_isp esp_driver_jpeg esp_driver_ledc esp_driver_mcpwm esp_driver_parlio esp_driver_pcnt esp_driver_ppa esp_driver_rmt esp_driver_sd_intf esp_driver_sdio esp_driver_sdm esp_driver_sdmmc esp_driver_sdspi esp_driver_spi esp_driver_touch_sens esp_driver_tsens esp_driver_twai esp_driver_uart esp_driver_usb_serial_jtag esp_eth esp_event esp_gdbstub esp_hid esp_http_client esp_http_server esp_https_ota esp_https_server esp_hw_support esp_lcd esp_local_ctrl esp_mm esp_netif esp_netif_stack esp_partition esp_phy esp_pm esp_psram esp_ringbuf esp_rom esp_security esp_system esp_timer esp_vfs_console esp_wifi espcoredump esptool_py fatfs freertos hal heap http_parser idf_test ieee802154 json log lwip main mbedtls mqtt newlib nvs_flash nvs_sec_provider openthread partition_table perfmon protobuf-c protocomm pthread rt sdmmc soc spi_flash spiffs tcp_transport touch_element ulp unity usb vfs wear_levelling wifi_provisioning wpa_supplicant xtensa
-- Component paths: /home/tikhon/Документы/magnolia/esp-idf/components/app_trace /home/tikhon/Документы/magnolia/esp-idf/components/app_update /home/tikhon/Документы/magnolia/esp-idf/components/bootloader /home/tikhon/Документы/magnolia/esp-idf/components/bootloader_support /home/tikhon/Документы/magnolia/esp-idf/components/bt /home/tikhon/Документы/magnolia/esp-idf/components/cmock /home/tikhon/Документы/magnolia/esp-idf/components/console /home/tikhon/Документы/magnolia/esp-idf/components/cxx /home/tikhon/Документы/magnolia/esp-idf/components/driver /home/tikhon/Документы/magnolia/esp-idf/components/efuse /home/tikhon/Документы/magnolia/esp-idf/components/esp-tls /home/tikhon/Документы/magnolia/esp-idf/components/esp_adc /home/tikhon/Документы/magnolia/esp-idf/components/esp_app_format /home/tikhon/Документы/magnolia/esp-idf/components/esp_bootloader_format /home/tikhon/Документы/magnolia/esp-idf/components/esp_coex /home/tikhon/Документы/magnolia/esp-idf/components/esp_common /home/tikhon/Документы/magnolia/esp-idf/components/esp_driver_ana_cmpr /home/tikhon/Документы/magnolia/esp-idf/components/esp_driver_bitscrambler /home/tikhon/Документы/magnolia/esp-idf/components/esp_driver_cam /home/tikhon/Документы/magnolia/esp-idf/components/esp_driver_dac /home/tikhon/Документы/magnolia/esp-idf/components/esp_driver_gpio /home/tikhon/Документы/magnolia/esp-idf/components/esp_driver_gptimer /home/tikhon/Документы/magnolia/esp-idf/components/esp_driver_i2c /home/tikhon/Документы/magnolia/esp-idf/components/esp_driver_i2s /home/tikhon/Документы/magnolia/esp-idf/components/esp_driver_i3c /home/tikhon/Документы/magnolia/esp-idf/components/esp_driver_isp /home/tikhon/Документы/magnolia/esp-idf/components/esp_driver_jpeg /home/tikhon/Документы/magnolia/esp-idf/components/esp_driver_ledc /home/tikhon/Документы/magnolia/esp-idf/components/esp_driver_mcpwm /home/tikhon/Документы/magnolia/esp-idf/components/esp_driver_parlio /home/tikhon/Документы/magnolia/esp-idf/components/esp_driver_pcnt /home/tikhon/Документы/magnolia/esp-idf/components/esp_driver_ppa /home/tikhon/Документы/magnolia/esp-idf/components/esp_driver_rmt /home/tikhon/Документы/magnolia/esp-idf/components/esp_driver_sd_intf /home/tikhon/Документы/magnolia/esp-idf/components/esp_driver_sdio /home/tikhon/Документы/magnolia/esp-idf/components/esp_driver_sdm /home/tikhon/Документы/magnolia/esp-idf/components/esp_driver_sdmmc /home/tikhon/Документы/magnolia/esp-idf/components/esp_driver_sdspi /home/tikhon/Документы/magnolia/esp-idf/components/esp_driver_spi /home/tikhon/Документы/magnolia/esp-idf/components/esp_driver_touch_sens /home/tikhon/Документы/magnolia/esp-idf/components/esp_driver_tsens /home/tikhon/Документы/magnolia/esp-idf/components/esp_driver_twai /home/tikhon/Документы/magnolia/esp-idf/components/esp_driver_uart /home/tikhon/Документы/magnolia/esp-idf/components/esp_driver_usb_serial_jtag /home/tikhon/Документы/magnolia/esp-idf/components/esp_eth /home/tikhon/Документы/magnolia/esp-idf/components/esp_event /home/tikhon/Документы/magnolia/esp-idf/components/esp_gdbstub /home/tikhon/Документы/magnolia/esp-idf/components/esp_hid /home/tikhon/Документы/magnolia/esp-idf/components/esp_http_client /home/tikhon/Документы/magnolia/esp-idf/components/esp_http_server /home/tikhon/Документы/magnolia/esp-idf/components/esp_https_ota /home/tikhon/Документы/magnolia/esp-idf/components/esp_https_server /home/tikhon/Документы/magnolia/esp-idf/components/esp_hw_support /home/tikhon/Документы/magnolia/esp-idf/components/esp_lcd /home/tikhon/Документы/magnolia/esp-idf/components/esp_local_ctrl /home/tikhon/Документы/magnolia/esp-idf/components/esp_mm /home/tikhon/Документы/magnolia/esp-idf/components/esp_netif /home/tikhon/Документы/magnolia/esp-idf/components/esp_netif_stack /home/tikhon/Документы/magnolia/esp-idf/components/esp_partition /home/tikhon/Документы/magnolia/esp-idf/components/esp_phy /home/tikhon/Документы/magnolia/esp-idf/components/esp_pm /home/tikhon/Документы/magnolia/esp-idf/components/esp_psram /home/tikhon/Документы/magnolia/esp-idf/components/esp_ringbuf /home/tikhon/Документы/magnolia/esp-idf/components/esp_rom /home/tikhon/Документы/magnolia/esp-idf/components/esp_security /home/tikhon/Документы/magnolia/esp-idf/components/esp_system /home/tikhon/Документы/magnolia/esp-idf/components/esp_timer /home/tikhon/Документы/magnolia/esp-idf/components/esp_vfs_console /home/tikhon/Документы/magnolia/esp-idf/components/esp_wifi /home/tikhon/Документы/magnolia/esp-idf/components/espcoredump /home/tikhon/Документы/magnolia/esp-idf/components/esptool_py /home/tikhon/Документы/magnolia/esp-idf/components/fatfs /home/tikhon/Документы/magnolia/esp-idf/components/freertos /home/tikhon/Документы/magnolia/esp-idf/components/hal /home/tikhon/Документы/magnolia/esp-idf/components/heap /home/tikhon/Документы/magnolia/esp-idf/components/http_parser /home/tikhon/Документы/magnolia/esp-idf/components/idf_test /home/tikhon/Документы/magnolia/esp-idf/components/ieee802154 /home/tikhon/Документы/magnolia/esp-idf/components/json /home/tikhon/Документы/magnolia/esp-idf/components/log /home/tikhon/Документы/magnolia/esp-idf/components/lwip /home/tikhon/Документы/magnolia/applets/mainline/cat/main /home/tikhon/Документы/magnolia/esp-idf/components/mbedtls /home/tikhon/Документы/magnolia/esp-idf/components/mqtt /home/tikhon/Документы/magnolia/esp-idf/components/newlib /home/tikhon/Документы/magnolia/esp-idf/components/nvs_flash /home/tikhon/Документы/magnolia/esp-idf/components/nvs_sec_provider /home/tikhon/Документы/magnolia/esp-idf/components/openthread /home/tikhon/Документы/magnolia/esp-idf/components/partition_table /home/tikhon/Документы/magnolia/esp-idf/components/perfmon /home/tikhon/Документы/magnolia/esp-idf/components/protobuf-c /home/tikhon/Документы/magnolia/esp-idf/components/protocomm /home/tikhon/Документы/magnolia/esp-idf/components/pthread /home/tikhon/Документы/magnolia/esp-idf/components/rt /home/tikhon/Документы/magnolia/esp-idf/components/sdmmc /home/tikhon/Документы/magnolia/esp-idf/components/soc /home/tikhon/Документы/magnolia/esp-idf/components/spi_flash /home/tikhon/Документы/magnolia/esp-idf/components/spiffs /home/tikhon/Документы/magnolia/esp-idf/components/tcp_transport /home/tikhon/Документы/magnolia/esp-idf/components/touch_element /home/tikhon/Документы/magnolia/esp-idf/components/ulp /home/tikhon/Документы/magnolia/esp-idf/components/unity /home/tikhon/Документы/magnolia/esp-idf/components/usb /home/tikhon/Документы/magnolia/esp-idf/components/vfs /home/tikhon/Документы/magnolia/esp-idf/components/wear_levelling /home/tikhon/Документы/magnolia/esp-idf/components/wifi_provisioning /home/tikhon/Документы/magnolia/esp-idf/components/wpa_supplicant /home/tikhon/Документы/magnolia/esp-idf/components/xtensa
-- Configuring done (3.9s)
-- Components: app_trace app_update bootloader bootloader_support bt cmock console cxx driver efuse esp-tls esp_adc esp_app_format esp_bootloader_format esp_coex esp_common esp_driver_ana_cmpr esp_driver_bitscrambler esp_driver_cam esp_driver_dac esp_driver_gpio esp_driver_gptimer esp_driver_i2c esp_driver_i2s esp_driver_i3c esp_driver_isp esp_driver_jpeg esp_driver_ledc esp_driver_mcpwm esp_driver_parlio esp_driver_pcnt esp_driver_ppa esp_driver_rmt esp_driver_sd_intf esp_driver_sdio esp_driver_sdm esp_driver_sdmmc esp_driver_sdspi esp_driver_spi esp_driver_touch_sens esp_driver_tsens esp_driver_twai esp_driver_uart esp_driver_usb_serial_jtag esp_eth esp_event esp_gdbstub esp_hid esp_http_client esp_http_server esp_https_ota esp_https_server esp_hw_support esp_lcd esp_local_ctrl esp_mm esp_netif esp_netif_stack esp_partition esp_phy esp_pm esp_psram esp_ringbuf esp_rom esp_security esp_system esp_timer esp_vfs_console esp_wifi espcoredump esptool_py fatfs freertos hal heap http_parser idf_test ieee802154 json log lwip main mbedtls mqtt newlib nvs_flash nvs_sec_provider openthread partition_table perfmon protobuf-c protocomm pthread rt sdmmc soc spi_flash spiffs tcp_transport touch_element ulp unity usb vfs wear_levelling wifi_provisioning wpa_supplicant xtensa
-- Component paths: /home/tikhon/Документы/magnolia/esp-idf/components/app_trace /home/tikhon/Документы/magnolia/esp-idf/components/app_update /home/tikhon/Документы/magnolia/esp-idf/components/bootloader /home/tikhon/Документы/magnolia/esp-idf/components/bootloader_support /home/tikhon/Документы/magnolia/esp-idf/components/bt /home/tikhon/Документы/magnolia/esp-idf/components/cmock /home/tikhon/Документы/magnolia/esp-idf/components/console /home/tikhon/Документы/magnolia/esp-idf/components/cxx /home/tikhon/Документы/magnolia/esp-idf/components/driver /home/tikhon/Документы/magnolia/esp-idf/components/efuse /home/tikhon/Документы/magnolia/esp-idf/components/esp-tls /home/tikhon/Документы/magnolia/esp-idf/components/esp_adc /home/tikhon/Документы/magnolia/esp-idf/components/esp_app_format /home/tikhon/Документы/magnolia/esp-idf/components/esp_bootloader_format /home/tikhon/Документы/magnolia/esp-idf/components/esp_coex /home/tikhon/Документы/magnolia/esp-idf/components/esp_common /home/tikhon/Документы/magnolia/esp-idf/components/esp_driver_ana_cmpr /home/tikhon/Документы/magnolia/esp-idf/components/esp_driver_bitscrambler /home/tikhon/Документы/magnolia/esp-idf/components/esp_driver_cam /home/tikhon/Документы/magnolia/esp-idf/components/esp_driver_dac /home/tikhon/Документы/magnolia/esp-idf/components/esp_driver_gpio /home/tikhon/Документы/magnolia/esp-idf/components/esp_driver_gptimer /home/tikhon/Документы/magnolia/esp-idf/components/esp_driver_i2c /home/tikhon/Документы/magnolia/esp-idf/components/esp_driver_i2s /home/tikhon/Документы/magnolia/esp-idf/components/esp_driver_i3c /home/tikhon/Документы/magnolia/esp-idf/components/esp_driver_isp /home/tikhon/Документы/magnolia/esp-idf/components/esp_driver_jpeg /home/tikhon/Документы/magnolia/esp-idf/components/esp_driver_ledc /home/tikhon/Документы/magnolia/esp-idf/components/esp_driver_mcpwm /home/tikhon/Документы/magnolia/esp-idf/components/esp_driver_parlio /home/tikhon/Документы/magnolia/esp-idf/components/esp_driver_pcnt /home/tikhon/Документы/magnolia/esp-idf/components/esp_driver_ppa /home/tikhon/Документы/magnolia/esp-idf/components/esp_driver_rmt /home/tikhon/Документы/magnolia/esp-idf/components/esp_driver_sd_intf /home/tikhon/Документы/magnolia/esp-idf/components/esp_driver_sdio /home/tikhon/Документы/magnolia/esp-idf/components/esp_driver_sdm /home/tikhon/Документы/magnolia/esp-idf/components/esp_driver_sdmmc /home/tikhon/Документы/magnolia/esp-idf/components/esp_driver_sdspi /home/tikhon/Документы/magnolia/esp-idf/components/esp_driver_spi /home/tikhon/Документы/magnolia/esp-idf/components/esp_driver_touch_sens /home/tikhon/Документы/magnolia/esp-idf/components/esp_driver_tsens /home/tikhon/Документы/magnolia/esp-idf/components/esp_driver_twai /home/tikhon/Документы/magnolia/esp-idf/components/esp_driver_uart /home/tikhon/Документы/magnolia/esp-idf/components/esp_driver_usb_serial_jtag /home/tikhon/Документы/magnolia/esp-idf/components/esp_eth /home/tikhon/Документы/magnolia/esp-idf/components/esp_event /home/tikhon/Документы/magnolia/esp-idf/components/esp_gdbstub /home/tikhon/Документы/magnolia/esp-idf/components/esp_hid /home/tikhon/Документы/magnolia/esp-idf/components/esp_http_client /home/tikhon/Документы/magnolia/esp-idf/components/esp_http_server /home/tikhon/Документы/magnolia/esp-idf/components/esp_https_ota /home/tikhon/Документы/magnolia/esp-idf/components/esp_https_server /home/tikhon/Документы/magnolia/esp-idf/components/esp_hw_support /home/tikhon/Документы/magnolia/esp-idf/components/esp_lcd /home/tikhon/Документы/magnolia/esp-idf/components/esp_local_ctrl /home/tikhon/Документы/magnolia/esp-idf/components/esp_mm /home/tikhon/Документы/magnolia/esp-idf/components/esp_netif /home/tikhon/Документы/magnolia/esp-idf/components/esp_netif_stack /home/tikhon/Документы/magnolia/esp-idf/components/esp_partition /home/tikhon/Документы/magnolia/esp-idf/components/esp_phy /home/tikhon/Документы/magnolia/esp-idf/components/esp_pm /home/tikhon/Документы/magnolia/esp-idf/components/esp_psram /home/tikhon/Документы/magnolia/esp-idf/components/esp_ringbuf /home/tikhon/Документы/magnolia/esp-idf/components/esp_rom /home/tikhon/Документы/magnolia/esp-idf/components/esp_security /home/tikhon/Документы/magnolia/esp-idf/components/esp_system /home/tikhon/Документы/magnolia/esp-idf/components/esp_timer /home/tikhon/Документы/magnolia/esp-idf/components/esp_vfs_console /home/tikhon/Документы/magnolia/esp-idf/components/esp_wifi /home/tikhon/Документы/magnolia/esp-idf/components/espcoredump /home/tikhon/Документы/magnolia/esp-idf/components/esptool_py /home/tikhon/Документы/magnolia/esp-idf/components/fatfs /home/tikhon/Документы/magnolia/esp-idf/components/freertos /home/tikhon/Документы/magnolia/esp-idf/components/hal /home/tikhon/Документы/magnolia/esp-idf/components/heap /home/tikhon/Документы/magnolia/esp-idf/components/http_parser /home/tikhon/Документы/magnolia/esp-idf/components/idf_test /home/tikhon/Документы/magnolia/esp-idf/components/ieee802154 /home/tikhon/Документы/magnolia/esp-idf/components/json /home/tikhon/Документы/magnolia/esp-idf/components/log /home/tikhon/Документы/magnolia/esp-idf/components/lwip /home/tikhon/Документы/magnolia/applets/mainline/du/main /home/tikhon/Документы/magnolia/esp-idf/components/mbedtls /home/tikhon/Документы/magnolia/esp-idf/components/mqtt /home/tikhon/Документы/magnolia/esp-idf/components/newlib /home/tikhon/Документы/magnolia/esp-idf/components/nvs_flash /home/tikhon/Документы/magnolia/esp-idf/components/nvs_sec_provider /home/tikhon/Документы/magnolia/esp-idf/components/openthread /home/tikhon/Документы/magnolia/esp-idf/components/partition_table /home/tikhon/Документы/magnolia/esp-idf/components/perfmon /home/tikhon/Документы/magnolia/esp-idf/components/protobuf-c /home/tikhon/Документы/magnolia/esp-idf/components/protocomm /home/tikhon/Документы/magnolia/esp-idf/components/pthread /home/tikhon/Документы/magnolia/esp-idf/components/rt /home/tikhon/Документы/magnolia/esp-idf/components/sdmmc /home/tikhon/Документы/magnolia/esp-idf/components/soc /home/tikhon/Документы/magnolia/esp-idf/components/spi_flash /home/tikhon/Документы/magnolia/esp-idf/components/spiffs /home/tikhon/Документы/magnolia/esp-idf/components/tcp_transport /home/tikhon/Документы/magnolia/esp-idf/components/touch_element /home/tikhon/Документы/magnolia/esp-idf/components/ulp /home/tikhon/Документы/magnolia/esp-idf/components/unity /home/tikhon/Документы/magnolia/esp-idf/components/usb /home/tikhon/Документы/magnolia/esp-idf/components/vfs /home/tikhon/Документы/magnolia/esp-idf/components/wear_levelling /home/tikhon/Документы/magnolia/esp-idf/components/wifi_provisioning /home/tikhon/Документы/magnolia/esp-idf/components/wpa_supplicant /home/tikhon/Документы/magnolia/esp-idf/components/xtensa
-- Components: app_trace app_update bootloader bootloader_support bt cmock console cxx driver efuse esp-tls esp_adc esp_app_format esp_bootloader_format esp_coex esp_common esp_driver_ana_cmpr esp_driver_bitscrambler esp_driver_cam esp_driver_dac esp_driver_gpio esp_driver_gptimer esp_driver_i2c esp_driver_i2s esp_driver_i3c esp_driver_isp esp_driver_jpeg esp_driver_ledc esp_driver_mcpwm esp_driver_parlio esp_driver_pcnt esp_driver_ppa esp_driver_rmt esp_driver_sd_intf esp_driver_sdio esp_driver_sdm esp_driver_sdmmc esp_driver_sdspi esp_driver_spi esp_driver_touch_sens esp_driver_tsens esp_driver_twai esp_driver_uart esp_driver_usb_serial_jtag esp_eth esp_event esp_gdbstub esp_hid esp_http_client esp_http_server esp_https_ota esp_https_server esp_hw_support esp_lcd esp_local_ctrl esp_mm esp_netif esp_netif_stack esp_partition esp_phy esp_pm esp_psram esp_ringbuf esp_rom esp_security esp_system esp_timer esp_vfs_console esp_wifi espcoredump esptool_py fatfs freertos hal heap http_parser idf_test ieee802154 json log lwip main mbedtls mqtt newlib nvs_flash nvs_sec_provider openthread partition_table perfmon protobuf-c protocomm pthread rt sdmmc soc spi_flash spiffs tcp_transport touch_element ulp unity usb vfs wear_levelling wifi_provisioning wpa_supplicant xtensa
-- Component paths: /home/tikhon/Документы/magnolia/esp-idf/components/app_trace /home/tikhon/Документы/magnolia/esp-idf/components/app_update /home/tikhon/Документы/magnolia/esp-idf/components/bootloader /home/tikhon/Документы/magnolia/esp-idf/components/bootloader_support /home/tikhon/Документы/magnolia/esp-idf/components/bt /home/tikhon/Документы/magnolia/esp-idf/components/cmock /home/tikhon/Документы/magnolia/esp-idf/components/console /home/tikhon/Документы/magnolia/esp-idf/components/cxx /home/tikhon/Документы/magnolia/esp-idf/components/driver /home/tikhon/Документы/magnolia/esp-idf/components/efuse /home/tikhon/Документы/magnolia/esp-idf/components/esp-tls /home/tikhon/Документы/magnolia/esp-idf/components/esp_adc /home/tikhon/Документы/magnolia/esp-idf/components/esp_app_format /home/tikhon/Документы/magnolia/esp-idf/components/esp_bootloader_format /home/tikhon/Документы/magnolia/esp-idf/components/esp_coex /home/tikhon/Документы/magnolia/esp-idf/components/esp_common /home/tikhon/Документы/magnolia/esp-idf/components/esp_driver_ana_cmpr /home/tikhon/Документы/magnolia/esp-idf/components/esp_driver_bitscrambler /home/tikhon/Документы/magnolia/esp-idf/components/esp_driver_cam /home/tikhon/Документы/magnolia/esp-idf/components/esp_driver_dac /home/tikhon/Документы/magnolia/esp-idf/components/esp_driver_gpio /home/tikhon/Документы/magnolia/esp-idf/components/esp_driver_gptimer /home/tikhon/Документы/magnolia/esp-idf/components/esp_driver_i2c /home/tikhon/Документы/magnolia/esp-idf/components/esp_driver_i2s /home/tikhon/Документы/magnolia/esp-idf/components/esp_driver_i3c /home/tikhon/Документы/magnolia/esp-idf/components/esp_driver_isp /home/tikhon/Документы/magnolia/esp-idf/components/esp_driver_jpeg /home/tikhon/Документы/magnolia/esp-idf/components/esp_driver_ledc /home/tikhon/Документы/magnolia/esp-idf/components/esp_driver_mcpwm /home/tikhon/Документы/magnolia/esp-idf/components/esp_driver_parlio /home/tikhon/Документы/magnolia/esp-idf/components/esp_driver_pcnt /home/tikhon/Документы/magnolia/esp-idf/components/esp_driver_ppa /home/tikhon/Документы/magnolia/esp-idf/components/esp_driver_rmt /home/tikhon/Документы/magnolia/esp-idf/components/esp_driver_sd_intf /home/tikhon/Документы/magnolia/esp-idf/components/esp_driver_sdio /home/tikhon/Документы/magnolia/esp-idf/components/esp_driver_sdm /home/tikhon/Документы/magnolia/esp-idf/components/esp_driver_sdmmc /home/tikhon/Документы/magnolia/esp-idf/components/esp_driver_sdspi /home/tikhon/Документы/magnolia/esp-idf/components/esp_driver_spi /home/tikhon/Документы/magnolia/esp-idf/components/esp_driver_touch_sens /home/tikhon/Документы/magnolia/esp-idf/components/esp_driver_tsens /home/tikhon/Документы/magnolia/esp-idf/components/esp_driver_twai /home/tikhon/Документы/magnolia/esp-idf/components/esp_driver_uart /home/tikhon/Документы/magnolia/esp-idf/components/esp_driver_usb_serial_jtag /home/tikhon/Документы/magnolia/esp-idf/components/esp_eth /home/tikhon/Документы/magnolia/esp-idf/components/esp_event /home/tikhon/Документы/magnolia/esp-idf/components/esp_gdbstub /home/tikhon/Документы/magnolia/esp-idf/components/esp_hid /home/tikhon/Документы/magnolia/esp-idf/components/esp_http_client /home/tikhon/Документы/magnolia/esp-idf/components/esp_http_server /home/tikhon/Документы/magnolia/esp-idf/components/esp_https_ota /home/tikhon/Документы/magnolia/esp-idf/components/esp_https_server /home/tikhon/Документы/magnolia/esp-idf/components/esp_hw_support /home/tikhon/Документы/magnolia/esp-idf/components/esp_lcd /home/tikhon/Документы/magnolia/esp-idf/components/esp_local_ctrl /home/tikhon/Документы/magnolia/esp-idf/components/esp_mm /home/tikhon/Документы/magnolia/esp-idf/components/esp_netif /home/tikhon/Документы/magnolia/esp-idf/components/esp_netif_stack /home/tikhon/Документы/magnolia/esp-idf/components/esp_partition /home/tikhon/Документы/magnolia/esp-idf/components/esp_phy /home/tikhon/Документы/magnolia/esp-idf/components/esp_pm /home/tikhon/Документы/magnolia/esp-idf/components/esp_psram /home/tikhon/Документы/magnolia/esp-idf/components/esp_ringbuf /home/tikhon/Документы/magnolia/esp-idf/components/esp_rom /home/tikhon/Документы/magnolia/esp-idf/components/esp_security /home/tikhon/Документы/magnolia/esp-idf/components/esp_system /home/tikhon/Документы/magnolia/esp-idf/components/esp_timer /home/tikhon/Документы/magnolia/esp-idf/components/esp_vfs_console /home/tikhon/Документы/magnolia/esp-idf/components/esp_wifi /home/tikhon/Документы/magnolia/esp-idf/components/espcoredump /home/tikhon/Документы/magnolia/esp-idf/components/esptool_py /home/tikhon/Документы/magnolia/esp-idf/components/fatfs /home/tikhon/Документы/magnolia/esp-idf/components/freertos /home/tikhon/Документы/magnolia/esp-idf/components/hal /home/tikhon/Документы/magnolia/esp-idf/components/heap /home/tikhon/Документы/magnolia/esp-idf/components/http_parser /home/tikhon/Документы/magnolia/esp-idf/components/idf_test /home/tikhon/Документы/magnolia/esp-idf/components/ieee802154 /home/tikhon/Документы/magnolia/esp-idf/components/json /home/tikhon/Документы/magnolia/esp-idf/components/log /home/tikhon/Документы/magnolia/esp-idf/components/lwip /home/tikhon/Документы/magnolia/applets/mainline/chown/main /home/tikhon/Документы/magnolia/esp-idf/components/mbedtls /home/tikhon/Документы/magnolia/esp-idf/components/mqtt /home/tikhon/Документы/magnolia/esp-idf/components/newlib /home/tikhon/Документы/magnolia/esp-idf/components/nvs_flash /home/tikhon/Документы/magnolia/esp-idf/components/nvs_sec_provider /home/tikhon/Документы/magnolia/esp-idf/components/openthread /home/tikhon/Документы/magnolia/esp-idf/components/partition_table /home/tikhon/Документы/magnolia/esp-idf/components/perfmon /home/tikhon/Документы/magnolia/esp-idf/components/protobuf-c /home/tikhon/Документы/magnolia/esp-idf/components/protocomm /home/tikhon/Документы/magnolia/esp-idf/components/pthread /home/tikhon/Документы/magnolia/esp-idf/components/rt /home/tikhon/Документы/magnolia/esp-idf/components/sdmmc /home/tikhon/Документы/magnolia/esp-idf/components/soc /home/tikhon/Документы/magnolia/esp-idf/components/spi_flash /home/tikhon/Документы/magnolia/esp-idf/components/spiffs /home/tikhon/Документы/magnolia/esp-idf/components/tcp_transport /home/tikhon/Документы/magnolia/esp-idf/components/touch_element /home/tikhon/Документы/magnolia/esp-idf/components/ulp /home/tikhon/Документы/magnolia/esp-idf/components/unity /home/tikhon/Документы/magnolia/esp-idf/components/usb /home/tikhon/Документы/magnolia/esp-idf/components/vfs /home/tikhon/Документы/magnolia/esp-idf/components/wear_levelling /home/tikhon/Документы/magnolia/esp-idf/components/wifi_provisioning /home/tikhon/Документы/magnolia/esp-idf/components/wpa_supplicant /home/tikhon/Документы/magnolia/esp-idf/components/xtensa
-- Adding linker script /home/tikhon/Документы/magnolia/applets/mainline/basename/build/esp-idf/esp_system/ld/memory.ld
-- Configuring done (4.0s)
-- Adding linker script /home/tikhon/Документы/magnolia/applets/mainline/basename/build/esp-idf/esp_system/ld/sections.ld.in
-- Configuring done (4.0s)
-- Adding linker script /home/tikhon/Документы/magnolia/esp-idf/components/esp_rom/esp32s3/ld/esp32s3.rom.ld
-- Adding linker script /home/tikhon/Документы/magnolia/esp-idf/components/esp_rom/esp32s3/ld/esp32s3.rom.api.ld
-- Adding linker script /home/tikhon/Документы/magnolia/esp-idf/components/esp_rom/esp32s3/ld/esp32s3.rom.bt_funcs.ld
-- Adding linker script /home/tikhon/Документы/magnolia/esp-idf/components/esp_rom/esp32s3/ld/esp32s3.rom.libgcc.ld
-- Adding linker script /home/tikhon/Документы/magnolia/esp-idf/components/esp_rom/esp32s3/ld/esp32s3.rom.wdt.ld
-- Adding linker script /home/tikhon/Документы/magnolia/esp-idf/components/esp_rom/esp32s3/ld/esp32s3.rom.version.ld
-- Adding linker script /home/tikhon/Документы/magnolia/esp-idf/components/esp_rom/esp32s3/ld/esp32s3.rom.ble_master.ld
-- Adding linker script /home/tikhon/Документы/magnolia/esp-idf/components/esp_rom/esp32s3/ld/esp32s3.rom.ble_50.ld
-- Adding linker script /home/tikhon/Документы/magnolia/esp-idf/components/esp_rom/esp32s3/ld/esp32s3.rom.ble_smp.ld
-- Adding linker script /home/tikhon/Документы/magnolia/esp-idf/components/esp_rom/esp32s3/ld/esp32s3.rom.ble_dtm.ld
-- Adding linker script /home/tikhon/Документы/magnolia/esp-idf/components/esp_rom/esp32s3/ld/esp32s3.rom.ble_test.ld
-- Adding linker script /home/tikhon/Документы/magnolia/esp-idf/components/esp_rom/esp32s3/ld/esp32s3.rom.ble_scan.ld
-- Adding linker script /home/tikhon/Документы/magnolia/esp-idf/components/esp_rom/esp32s3/ld/esp32s3.rom.libc.ld
-- Adding linker script /home/tikhon/Документы/magnolia/esp-idf/components/esp_rom/esp32s3/ld/esp32s3.rom.newlib.ld
-- Adding linker script /home/tikhon/Документы/magnolia/esp-idf/components/soc/esp32s3/ld/esp32s3.peripherals.ld
-- Components: app_trace app_update bootloader bootloader_support bt cmock console cxx driver efuse esp-tls esp_adc esp_app_format esp_bootloader_format esp_coex esp_common esp_driver_ana_cmpr esp_driver_bitscrambler esp_driver_cam esp_driver_dac esp_driver_gpio esp_driver_gptimer esp_driver_i2c esp_driver_i2s esp_driver_i3c esp_driver_isp esp_driver_jpeg esp_driver_ledc esp_driver_mcpwm esp_driver_parlio esp_driver_pcnt esp_driver_ppa esp_driver_rmt esp_driver_sd_intf esp_driver_sdio esp_driver_sdm esp_driver_sdmmc esp_driver_sdspi esp_driver_spi esp_driver_touch_sens esp_driver_tsens esp_driver_twai esp_driver_uart esp_driver_usb_serial_jtag esp_eth esp_event esp_gdbstub esp_hid esp_http_client esp_http_server esp_https_ota esp_https_server esp_hw_support esp_lcd esp_local_ctrl esp_mm esp_netif esp_netif_stack esp_partition esp_phy esp_pm esp_psram esp_ringbuf esp_rom esp_security esp_system esp_timer esp_vfs_console esp_wifi espcoredump esptool_py fatfs freertos hal heap http_parser idf_test ieee802154 json log lwip main mbedtls mqtt newlib nvs_flash nvs_sec_provider openthread partition_table perfmon protobuf-c protocomm pthread rt sdmmc soc spi_flash spiffs tcp_transport touch_element ulp unity usb vfs wear_levelling wifi_provisioning wpa_supplicant xtensa
-- Component paths: /home/tikhon/Документы/magnolia/esp-idf/components/app_trace /home/tikhon/Документы/magnolia/esp-idf/components/app_update /home/tikhon/Документы/magnolia/esp-idf/components/bootloader /home/tikhon/Документы/magnolia/esp-idf/components/bootloader_support /home/tikhon/Документы/magnolia/esp-idf/components/bt /home/tikhon/Документы/magnolia/esp-idf/components/cmock /home/tikhon/Документы/magnolia/esp-idf/components/console /home/tikhon/Документы/magnolia/esp-idf/components/cxx /home/tikhon/Документы/magnolia/esp-idf/components/driver /home/tikhon/Документы/magnolia/esp-idf/components/efuse /home/tikhon/Документы/magnolia/esp-idf/components/esp-tls /home/tikhon/Документы/magnolia/esp-idf/components/esp_adc /home/tikhon/Документы/magnolia/esp-idf/components/esp_app_format /home/tikhon/Документы/magnolia/esp-idf/components/esp_bootloader_format /home/tikhon/Документы/magnolia/esp-idf/components/esp_coex /home/tikhon/Документы/magnolia/esp-idf/components/esp_common /home/tikhon/Документы/magnolia/esp-idf/components/esp_driver_ana_cmpr /home/tikhon/Документы/magnolia/esp-idf/components/esp_driver_bitscrambler /home/tikhon/Документы/magnolia/esp-idf/components/esp_driver_cam /home/tikhon/Документы/magnolia/esp-idf/components/esp_driver_dac /home/tikhon/Документы/magnolia/esp-idf/components/esp_driver_gpio /home/tikhon/Документы/magnolia/esp-idf/components/esp_driver_gptimer /home/tikhon/Документы/magnolia/esp-idf/components/esp_driver_i2c /home/tikhon/Документы/magnolia/esp-idf/components/esp_driver_i2s /home/tikhon/Документы/magnolia/esp-idf/components/esp_driver_i3c /home/tikhon/Документы/magnolia/esp-idf/components/esp_driver_isp /home/tikhon/Документы/magnolia/esp-idf/components/esp_driver_jpeg /home/tikhon/Документы/magnolia/esp-idf/components/esp_driver_ledc /home/tikhon/Документы/magnolia/esp-idf/components/esp_driver_mcpwm /home/tikhon/Документы/magnolia/esp-idf/components/esp_driver_parlio /home/tikhon/Документы/magnolia/esp-idf/components/esp_driver_pcnt /home/tikhon/Документы/magnolia/esp-idf/components/esp_driver_ppa /home/tikhon/Документы/magnolia/esp-idf/components/esp_driver_rmt /home/tikhon/Документы/magnolia/esp-idf/components/esp_driver_sd_intf /home/tikhon/Документы/magnolia/esp-idf/components/esp_driver_sdio /home/tikhon/Документы/magnolia/esp-idf/components/esp_driver_sdm /home/tikhon/Документы/magnolia/esp-idf/components/esp_driver_sdmmc /home/tikhon/Документы/magnolia/esp-idf/components/esp_driver_sdspi /home/tikhon/Документы/magnolia/esp-idf/components/esp_driver_spi /home/tikhon/Документы/magnolia/esp-idf/components/esp_driver_touch_sens /home/tikhon/Документы/magnolia/esp-idf/components/esp_driver_tsens /home/tikhon/Документы/magnolia/esp-idf/components/esp_driver_twai /home/tikhon/Документы/magnolia/esp-idf/components/esp_driver_uart /home/tikhon/Документы/magnolia/esp-idf/components/esp_driver_usb_serial_jtag /home/tikhon/Документы/magnolia/esp-idf/components/esp_eth /home/tikhon/Документы/magnolia/esp-idf/components/esp_event /home/tikhon/Документы/magnolia/esp-idf/components/esp_gdbstub /home/tikhon/Документы/magnolia/esp-idf/components/esp_hid /home/tikhon/Документы/magnolia/esp-idf/components/esp_http_client /home/tikhon/Документы/magnolia/esp-idf/components/esp_http_server /home/tikhon/Документы/magnolia/esp-idf/components/esp_https_ota /home/tikhon/Документы/magnolia/esp-idf/components/esp_https_server /home/tikhon/Документы/magnolia/esp-idf/components/esp_hw_support /home/tikhon/Документы/magnolia/esp-idf/components/esp_lcd /home/tikhon/Документы/magnolia/esp-idf/components/esp_local_ctrl /home/tikhon/Документы/magnolia/esp-idf/components/esp_mm /home/tikhon/Документы/magnolia/esp-idf/components/esp_netif /home/tikhon/Документы/magnolia/esp-idf/components/esp_netif_stack /home/tikhon/Документы/magnolia/esp-idf/components/esp_partition /home/tikhon/Документы/magnolia/esp-idf/components/esp_phy /home/tikhon/Документы/magnolia/esp-idf/components/esp_pm /home/tikhon/Документы/magnolia/esp-idf/components/esp_psram /home/tikhon/Документы/magnolia/esp-idf/components/esp_ringbuf /home/tikhon/Документы/magnolia/esp-idf/components/esp_rom /home/tikhon/Документы/magnolia/esp-idf/components/esp_security /home/tikhon/Документы/magnolia/esp-idf/components/esp_system /home/tikhon/Документы/magnolia/esp-idf/components/esp_timer /home/tikhon/Документы/magnolia/esp-idf/components/esp_vfs_console /home/tikhon/Документы/magnolia/esp-idf/components/esp_wifi /home/tikhon/Документы/magnolia/esp-idf/components/espcoredump /home/tikhon/Документы/magnolia/esp-idf/components/esptool_py /home/tikhon/Документы/magnolia/esp-idf/components/fatfs /home/tikhon/Документы/magnolia/esp-idf/components/freertos /home/tikhon/Документы/magnolia/esp-idf/components/hal /home/tikhon/Документы/magnolia/esp-idf/components/heap /home/tikhon/Документы/magnolia/esp-idf/components/http_parser /home/tikhon/Документы/magnolia/esp-idf/components/idf_test /home/tikhon/Документы/magnolia/esp-idf/components/ieee802154 /home/tikhon/Документы/magnolia/esp-idf/components/json /home/tikhon/Документы/magnolia/esp-idf/components/log /home/tikhon/Документы/magnolia/esp-idf/components/lwip /home/tikhon/Документы/magnolia/applets/mainline/cd/main /home/tikhon/Документы/magnolia/esp-idf/components/mbedtls /home/tikhon/Документы/magnolia/esp-idf/components/mqtt /home/tikhon/Документы/magnolia/esp-idf/components/newlib /home/tikhon/Документы/magnolia/esp-idf/components/nvs_flash /home/tikhon/Документы/magnolia/esp-idf/components/nvs_sec_provider /home/tikhon/Документы/magnolia/esp-idf/components/openthread /home/tikhon/Документы/magnolia/esp-idf/components/partition_table /home/tikhon/Документы/magnolia/esp-idf/components/perfmon /home/tikhon/Документы/magnolia/esp-idf/components/protobuf-c /home/tikhon/Документы/magnolia/esp-idf/components/protocomm /home/tikhon/Документы/magnolia/esp-idf/components/pthread /home/tikhon/Документы/magnolia/esp-idf/components/rt /home/tikhon/Документы/magnolia/esp-idf/components/sdmmc /home/tikhon/Документы/magnolia/esp-idf/components/soc /home/tikhon/Документы/magnolia/esp-idf/components/spi_flash /home/tikhon/Документы/magnolia/esp-idf/components/spiffs /home/tikhon/Документы/magnolia/esp-idf/components/tcp_transport /home/tikhon/Документы/magnolia/esp-idf/components/touch_element /home/tikhon/Документы/magnolia/esp-idf/components/ulp /home/tikhon/Документы/magnolia/esp-idf/components/unity /home/tikhon/Документы/magnolia/esp-idf/components/usb /home/tikhon/Документы/magnolia/esp-idf/components/vfs /home/tikhon/Документы/magnolia/esp-idf/components/wear_levelling /home/tikhon/Документы/magnolia/esp-idf/components/wifi_provisioning /home/tikhon/Документы/magnolia/esp-idf/components/wpa_supplicant /home/tikhon/Документы/magnolia/esp-idf/components/xtensa
-- Configuring done (4.0s)
-- Components: app_trace app_update bootloader bootloader_support bt cmock console cxx driver efuse esp-tls esp_adc esp_app_format esp_bootloader_format esp_coex esp_common esp_driver_ana_cmpr esp_driver_bitscrambler esp_driver_cam esp_driver_dac esp_driver_gpio esp_driver_gptimer esp_driver_i2c esp_driver_i2s esp_driver_i3c esp_driver_isp esp_driver_jpeg esp_driver_ledc esp_driver_mcpwm esp_driver_parlio esp_driver_pcnt esp_driver_ppa esp_driver_rmt esp_driver_sd_intf esp_driver_sdio esp_driver_sdm esp_driver_sdmmc esp_driver_sdspi esp_driver_spi esp_driver_touch_sens esp_driver_tsens esp_driver_twai esp_driver_uart esp_driver_usb_serial_jtag esp_eth esp_event esp_gdbstub esp_hid esp_http_client esp_http_server esp_https_ota esp_https_server esp_hw_support esp_lcd esp_local_ctrl esp_mm esp_netif esp_netif_stack esp_partition esp_phy esp_pm esp_psram esp_ringbuf esp_rom esp_security esp_system esp_timer esp_vfs_console esp_wifi espcoredump esptool_py fatfs freertos hal heap http_parser idf_test ieee802154 json log lwip main mbedtls mqtt newlib nvs_flash nvs_sec_provider openthread partition_table perfmon protobuf-c protocomm pthread rt sdmmc soc spi_flash spiffs tcp_transport touch_element ulp unity usb vfs wear_levelling wifi_provisioning wpa_supplicant xtensa
-- Component paths: /home/tikhon/Документы/magnolia/esp-idf/components/app_trace /home/tikhon/Документы/magnolia/esp-idf/components/app_update /home/tikhon/Документы/magnolia/esp-idf/components/bootloader /home/tikhon/Документы/magnolia/esp-idf/components/bootloader_support /home/tikhon/Документы/magnolia/esp-idf/components/bt /home/tikhon/Документы/magnolia/esp-idf/components/cmock /home/tikhon/Документы/magnolia/esp-idf/components/console /home/tikhon/Документы/magnolia/esp-idf/components/cxx /home/tikhon/Документы/magnolia/esp-idf/components/driver /home/tikhon/Документы/magnolia/esp-idf/components/efuse /home/tikhon/Документы/magnolia/esp-idf/components/esp-tls /home/tikhon/Документы/magnolia/esp-idf/components/esp_adc /home/tikhon/Документы/magnolia/esp-idf/components/esp_app_format /home/tikhon/Документы/magnolia/esp-idf/components/esp_bootloader_format /home/tikhon/Документы/magnolia/esp-idf/components/esp_coex /home/tikhon/Документы/magnolia/esp-idf/components/esp_common /home/tikhon/Документы/magnolia/esp-idf/components/esp_driver_ana_cmpr /home/tikhon/Документы/magnolia/esp-idf/components/esp_driver_bitscrambler /home/tikhon/Документы/magnolia/esp-idf/components/esp_driver_cam /home/tikhon/Документы/magnolia/esp-idf/components/esp_driver_dac /home/tikhon/Документы/magnolia/esp-idf/components/esp_driver_gpio /home/tikhon/Документы/magnolia/esp-idf/components/esp_driver_gptimer /home/tikhon/Документы/magnolia/esp-idf/components/esp_driver_i2c /home/tikhon/Документы/magnolia/esp-idf/components/esp_driver_i2s /home/tikhon/Документы/magnolia/esp-idf/components/esp_driver_i3c /home/tikhon/Документы/magnolia/esp-idf/components/esp_driver_isp /home/tikhon/Документы/magnolia/esp-idf/components/esp_driver_jpeg /home/tikhon/Документы/magnolia/esp-idf/components/esp_driver_ledc /home/tikhon/Документы/magnolia/esp-idf/components/esp_driver_mcpwm /home/tikhon/Документы/magnolia/esp-idf/components/esp_driver_parlio /home/tikhon/Документы/magnolia/esp-idf/components/esp_driver_pcnt /home/tikhon/Документы/magnolia/esp-idf/components/esp_driver_ppa /home/tikhon/Документы/magnolia/esp-idf/components/esp_driver_rmt /home/tikhon/Документы/magnolia/esp-idf/components/esp_driver_sd_intf /home/tikhon/Документы/magnolia/esp-idf/components/esp_driver_sdio /home/tikhon/Документы/magnolia/esp-idf/components/esp_driver_sdm /home/tikhon/Документы/magnolia/esp-idf/components/esp_driver_sdmmc /home/tikhon/Документы/magnolia/esp-idf/components/esp_driver_sdspi /home/tikhon/Документы/magnolia/esp-idf/components/esp_driver_spi /home/tikhon/Документы/magnolia/esp-idf/components/esp_driver_touch_sens /home/tikhon/Документы/magnolia/esp-idf/components/esp_driver_tsens /home/tikhon/Документы/magnolia/esp-idf/components/esp_driver_twai /home/tikhon/Документы/magnolia/esp-idf/components/esp_driver_uart /home/tikhon/Документы/magnolia/esp-idf/components/esp_driver_usb_serial_jtag /home/tikhon/Документы/magnolia/esp-idf/components/esp_eth /home/tikhon/Документы/magnolia/esp-idf/components/esp_event /home/tikhon/Документы/magnolia/esp-idf/components/esp_gdbstub /home/tikhon/Документы/magnolia/esp-idf/components/esp_hid /home/tikhon/Документы/magnolia/esp-idf/components/esp_http_client /home/tikhon/Документы/magnolia/esp-idf/components/esp_http_server /home/tikhon/Документы/magnolia/esp-idf/components/esp_https_ota /home/tikhon/Документы/magnolia/esp-idf/components/esp_https_server /home/tikhon/Документы/magnolia/esp-idf/components/esp_hw_support /home/tikhon/Документы/magnolia/esp-idf/components/esp_lcd /home/tikhon/Документы/magnolia/esp-idf/components/esp_local_ctrl /home/tikhon/Документы/magnolia/esp-idf/components/esp_mm /home/tikhon/Документы/magnolia/esp-idf/components/esp_netif /home/tikhon/Документы/magnolia/esp-idf/components/esp_netif_stack /home/tikhon/Документы/magnolia/esp-idf/components/esp_partition /home/tikhon/Документы/magnolia/esp-idf/components/esp_phy /home/tikhon/Документы/magnolia/esp-idf/components/esp_pm /home/tikhon/Документы/magnolia/esp-idf/components/esp_psram /home/tikhon/Документы/magnolia/esp-idf/components/esp_ringbuf /home/tikhon/Документы/magnolia/esp-idf/components/esp_rom /home/tikhon/Документы/magnolia/esp-idf/components/esp_security /home/tikhon/Документы/magnolia/esp-idf/components/esp_system /home/tikhon/Документы/magnolia/esp-idf/components/esp_timer /home/tikhon/Документы/magnolia/esp-idf/components/esp_vfs_console /home/tikhon/Документы/magnolia/esp-idf/components/esp_wifi /home/tikhon/Документы/magnolia/esp-idf/components/espcoredump /home/tikhon/Документы/magnolia/esp-idf/components/esptool_py /home/tikhon/Документы/magnolia/esp-idf/components/fatfs /home/tikhon/Документы/magnolia/esp-idf/components/freertos /home/tikhon/Документы/magnolia/esp-idf/components/hal /home/tikhon/Документы/magnolia/esp-idf/components/heap /home/tikhon/Документы/magnolia/esp-idf/components/http_parser /home/tikhon/Документы/magnolia/esp-idf/components/idf_test /home/tikhon/Документы/magnolia/esp-idf/components/ieee802154 /home/tikhon/Документы/magnolia/esp-idf/components/json /home/tikhon/Документы/magnolia/esp-idf/components/log /home/tikhon/Документы/magnolia/esp-idf/components/lwip /home/tikhon/Документы/magnolia/applets/mainline/cp/main /home/tikhon/Документы/magnolia/esp-idf/components/mbedtls /home/tikhon/Документы/magnolia/esp-idf/components/mqtt /home/tikhon/Документы/magnolia/esp-idf/components/newlib /home/tikhon/Документы/magnolia/esp-idf/components/nvs_flash /home/tikhon/Документы/magnolia/esp-idf/components/nvs_sec_provider /home/tikhon/Документы/magnolia/esp-idf/components/openthread /home/tikhon/Документы/magnolia/esp-idf/components/partition_table /home/tikhon/Документы/magnolia/esp-idf/components/perfmon /home/tikhon/Документы/magnolia/esp-idf/components/protobuf-c /home/tikhon/Документы/magnolia/esp-idf/components/protocomm /home/tikhon/Документы/magnolia/esp-idf/components/pthread /home/tikhon/Документы/magnolia/esp-idf/components/rt /home/tikhon/Документы/magnolia/esp-idf/components/sdmmc /home/tikhon/Документы/magnolia/esp-idf/components/soc /home/tikhon/Документы/magnolia/esp-idf/components/spi_flash /home/tikhon/Документы/magnolia/esp-idf/components/spiffs /home/tikhon/Документы/magnolia/esp-idf/components/tcp_transport /home/tikhon/Документы/magnolia/esp-idf/components/touch_element /home/tikhon/Документы/magnolia/esp-idf/components/ulp /home/tikhon/Документы/magnolia/esp-idf/components/unity /home/tikhon/Документы/magnolia/esp-idf/components/usb /home/tikhon/Документы/magnolia/esp-idf/components/vfs /home/tikhon/Документы/magnolia/esp-idf/components/wear_levelling /home/tikhon/Документы/magnolia/esp-idf/components/wifi_provisioning /home/tikhon/Документы/magnolia/esp-idf/components/wpa_supplicant /home/tikhon/Документы/magnolia/esp-idf/components/xtensa
-- Configuring done (4.1s)
-- Components: app_trace app_update bootloader bootloader_support bt cmock console cxx driver efuse esp-tls esp_adc esp_app_format esp_bootloader_format esp_coex esp_common esp_driver_ana_cmpr esp_driver_bitscrambler esp_driver_cam esp_driver_dac esp_driver_gpio esp_driver_gptimer esp_driver_i2c esp_driver_i2s esp_driver_i3c esp_driver_isp esp_driver_jpeg esp_driver_ledc esp_driver_mcpwm esp_driver_parlio esp_driver_pcnt esp_driver_ppa esp_driver_rmt esp_driver_sd_intf esp_driver_sdio esp_driver_sdm esp_driver_sdmmc esp_driver_sdspi esp_driver_spi esp_driver_touch_sens esp_driver_tsens esp_driver_twai esp_driver_uart esp_driver_usb_serial_jtag esp_eth esp_event esp_gdbstub esp_hid esp_http_client esp_http_server esp_https_ota esp_https_server esp_hw_support esp_lcd esp_local_ctrl esp_mm esp_netif esp_netif_stack esp_partition esp_phy esp_pm esp_psram esp_ringbuf esp_rom esp_security esp_system esp_timer esp_vfs_console esp_wifi espcoredump esptool_py fatfs freertos hal heap http_parser idf_test ieee802154 json log lwip main mbedtls mqtt newlib nvs_flash nvs_sec_provider openthread partition_table perfmon protobuf-c protocomm pthread rt sdmmc soc spi_flash spiffs tcp_transport touch_element ulp unity usb vfs wear_levelling wifi_provisioning wpa_supplicant xtensa
-- Component paths: /home/tikhon/Документы/magnolia/esp-idf/components/app_trace /home/tikhon/Документы/magnolia/esp-idf/components/app_update /home/tikhon/Документы/magnolia/esp-idf/components/bootloader /home/tikhon/Документы/magnolia/esp-idf/components/bootloader_support /home/tikhon/Документы/magnolia/esp-idf/components/bt /home/tikhon/Документы/magnolia/esp-idf/components/cmock /home/tikhon/Документы/magnolia/esp-idf/components/console /home/tikhon/Документы/magnolia/esp-idf/components/cxx /home/tikhon/Документы/magnolia/esp-idf/components/driver /home/tikhon/Документы/magnolia/esp-idf/components/efuse /home/tikhon/Документы/magnolia/esp-idf/components/esp-tls /home/tikhon/Документы/magnolia/esp-idf/components/esp_adc /home/tikhon/Документы/magnolia/esp-idf/components/esp_app_format /home/tikhon/Документы/magnolia/esp-idf/components/esp_bootloader_format /home/tikhon/Документы/magnolia/esp-idf/components/esp_coex /home/tikhon/Документы/magnolia/esp-idf/components/esp_common /home/tikhon/Документы/magnolia/esp-idf/components/esp_driver_ana_cmpr /home/tikhon/Документы/magnolia/esp-idf/components/esp_driver_bitscrambler /home/tikhon/Документы/magnolia/esp-idf/components/esp_driver_cam /home/tikhon/Документы/magnolia/esp-idf/components/esp_driver_dac /home/tikhon/Документы/magnolia/esp-idf/components/esp_driver_gpio /home/tikhon/Документы/magnolia/esp-idf/components/esp_driver_gptimer /home/tikhon/Документы/magnolia/esp-idf/components/esp_driver_i2c /home/tikhon/Документы/magnolia/esp-idf/components/esp_driver_i2s /home/tikhon/Документы/magnolia/esp-idf/components/esp_driver_i3c /home/tikhon/Документы/magnolia/esp-idf/components/esp_driver_isp /home/tikhon/Документы/magnolia/esp-idf/components/esp_driver_jpeg /home/tikhon/Документы/magnolia/esp-idf/components/esp_driver_ledc /home/tikhon/Документы/magnolia/esp-idf/components/esp_driver_mcpwm /home/tikhon/Документы/magnolia/esp-idf/components/esp_driver_parlio /home/tikhon/Документы/magnolia/esp-idf/components/esp_driver_pcnt /home/tikhon/Документы/magnolia/esp-idf/components/esp_driver_ppa /home/tikhon/Документы/magnolia/esp-idf/components/esp_driver_rmt /home/tikhon/Документы/magnolia/esp-idf/components/esp_driver_sd_intf /home/tikhon/Документы/magnolia/esp-idf/components/esp_driver_sdio /home/tikhon/Документы/magnolia/esp-idf/components/esp_driver_sdm /home/tikhon/Документы/magnolia/esp-idf/components/esp_driver_sdmmc /home/tikhon/Документы/magnolia/esp-idf/components/esp_driver_sdspi /home/tikhon/Документы/magnolia/esp-idf/components/esp_driver_spi /home/tikhon/Документы/magnolia/esp-idf/components/esp_driver_touch_sens /home/tikhon/Документы/magnolia/esp-idf/components/esp_driver_tsens /home/tikhon/Документы/magnolia/esp-idf/components/esp_driver_twai /home/tikhon/Документы/magnolia/esp-idf/components/esp_driver_uart /home/tikhon/Документы/magnolia/esp-idf/components/esp_driver_usb_serial_jtag /home/tikhon/Документы/magnolia/esp-idf/components/esp_eth /home/tikhon/Документы/magnolia/esp-idf/components/esp_event /home/tikhon/Документы/magnolia/esp-idf/components/esp_gdbstub /home/tikhon/Документы/magnolia/esp-idf/components/esp_hid /home/tikhon/Документы/magnolia/esp-idf/components/esp_http_client /home/tikhon/Документы/magnolia/esp-idf/components/esp_http_server /home/tikhon/Документы/magnolia/esp-idf/components/esp_https_ota /home/tikhon/Документы/magnolia/esp-idf/components/esp_https_server /home/tikhon/Документы/magnolia/esp-idf/components/esp_hw_support /home/tikhon/Документы/magnolia/esp-idf/components/esp_lcd /home/tikhon/Документы/magnolia/esp-idf/components/esp_local_ctrl /home/tikhon/Документы/magnolia/esp-idf/components/esp_mm /home/tikhon/Документы/magnolia/esp-idf/components/esp_netif /home/tikhon/Документы/magnolia/esp-idf/components/esp_netif_stack /home/tikhon/Документы/magnolia/esp-idf/components/esp_partition /home/tikhon/Документы/magnolia/esp-idf/components/esp_phy /home/tikhon/Документы/magnolia/esp-idf/components/esp_pm /home/tikhon/Документы/magnolia/esp-idf/components/esp_psram /home/tikhon/Документы/magnolia/esp-idf/components/esp_ringbuf /home/tikhon/Документы/magnolia/esp-idf/components/esp_rom /home/tikhon/Документы/magnolia/esp-idf/components/esp_security /home/tikhon/Документы/magnolia/esp-idf/components/esp_system /home/tikhon/Документы/magnolia/esp-idf/components/esp_timer /home/tikhon/Документы/magnolia/esp-idf/components/esp_vfs_console /home/tikhon/Документы/magnolia/esp-idf/components/esp_wifi /home/tikhon/Документы/magnolia/esp-idf/components/espcoredump /home/tikhon/Документы/magnolia/esp-idf/components/esptool_py /home/tikhon/Документы/magnolia/esp-idf/components/fatfs /home/tikhon/Документы/magnolia/esp-idf/components/freertos /home/tikhon/Документы/magnolia/esp-idf/components/hal /home/tikhon/Документы/magnolia/esp-idf/components/heap /home/tikhon/Документы/magnolia/esp-idf/components/http_parser /home/tikhon/Документы/magnolia/esp-idf/components/idf_test /home/tikhon/Документы/magnolia/esp-idf/components/ieee802154 /home/tikhon/Документы/magnolia/esp-idf/components/json /home/tikhon/Документы/magnolia/esp-idf/components/log /home/tikhon/Документы/magnolia/esp-idf/components/lwip /home/tikhon/Документы/magnolia/applets/mainline/date/main /home/tikhon/Документы/magnolia/esp-idf/components/mbedtls /home/tikhon/Документы/magnolia/esp-idf/components/mqtt /home/tikhon/Документы/magnolia/esp-idf/components/newlib /home/tikhon/Документы/magnolia/esp-idf/components/nvs_flash /home/tikhon/Документы/magnolia/esp-idf/components/nvs_sec_provider /home/tikhon/Документы/magnolia/esp-idf/components/openthread /home/tikhon/Документы/magnolia/esp-idf/components/partition_table /home/tikhon/Документы/magnolia/esp-idf/components/perfmon /home/tikhon/Документы/magnolia/esp-idf/components/protobuf-c /home/tikhon/Документы/magnolia/esp-idf/components/protocomm /home/tikhon/Документы/magnolia/esp-idf/components/pthread /home/tikhon/Документы/magnolia/esp-idf/components/rt /home/tikhon/Документы/magnolia/esp-idf/components/sdmmc /home/tikhon/Документы/magnolia/esp-idf/components/soc /home/tikhon/Документы/magnolia/esp-idf/components/spi_flash /home/tikhon/Документы/magnolia/esp-idf/components/spiffs /home/tikhon/Документы/magnolia/esp-idf/components/tcp_transport /home/tikhon/Документы/magnolia/esp-idf/components/touch_element /home/tikhon/Документы/magnolia/esp-idf/components/ulp /home/tikhon/Документы/magnolia/esp-idf/components/unity /home/tikhon/Документы/magnolia/esp-idf/components/usb /home/tikhon/Документы/magnolia/esp-idf/components/vfs /home/tikhon/Документы/magnolia/esp-idf/components/wear_levelling /home/tikhon/Документы/magnolia/esp-idf/components/wifi_provisioning /home/tikhon/Документы/magnolia/esp-idf/components/wpa_supplicant /home/tikhon/Документы/magnolia/esp-idf/components/xtensa
-- Configuring done (4.1s)
-- Project sdkconfig file /home/tikhon/Документы/magnolia/applets/mainline/dd/sdkconfig
-- Components: app_trace app_update bootloader bootloader_support bt cmock console cxx driver efuse esp-tls esp_adc esp_app_format esp_bootloader_format esp_coex esp_common esp_driver_ana_cmpr esp_driver_bitscrambler esp_driver_cam esp_driver_dac esp_driver_gpio esp_driver_gptimer esp_driver_i2c esp_driver_i2s esp_driver_i3c esp_driver_isp esp_driver_jpeg esp_driver_ledc esp_driver_mcpwm esp_driver_parlio esp_driver_pcnt esp_driver_ppa esp_driver_rmt esp_driver_sd_intf esp_driver_sdio esp_driver_sdm esp_driver_sdmmc esp_driver_sdspi esp_driver_spi esp_driver_touch_sens esp_driver_tsens esp_driver_twai esp_driver_uart esp_driver_usb_serial_jtag esp_eth esp_event esp_gdbstub esp_hid esp_http_client esp_http_server esp_https_ota esp_https_server esp_hw_support esp_lcd esp_local_ctrl esp_mm esp_netif esp_netif_stack esp_partition esp_phy esp_pm esp_psram esp_ringbuf esp_rom esp_security esp_system esp_timer esp_vfs_console esp_wifi espcoredump esptool_py fatfs freertos hal heap http_parser idf_test ieee802154 json log lwip main mbedtls mqtt newlib nvs_flash nvs_sec_provider openthread partition_table perfmon protobuf-c protocomm pthread rt sdmmc soc spi_flash spiffs tcp_transport touch_element ulp unity usb vfs wear_levelling wifi_provisioning wpa_supplicant xtensa
-- Component paths: /home/tikhon/Документы/magnolia/esp-idf/components/app_trace /home/tikhon/Документы/magnolia/esp-idf/components/app_update /home/tikhon/Документы/magnolia/esp-idf/components/bootloader /home/tikhon/Документы/magnolia/esp-idf/components/bootloader_support /home/tikhon/Документы/magnolia/esp-idf/components/bt /home/tikhon/Документы/magnolia/esp-idf/components/cmock /home/tikhon/Документы/magnolia/esp-idf/components/console /home/tikhon/Документы/magnolia/esp-idf/components/cxx /home/tikhon/Документы/magnolia/esp-idf/components/driver /home/tikhon/Документы/magnolia/esp-idf/components/efuse /home/tikhon/Документы/magnolia/esp-idf/components/esp-tls /home/tikhon/Документы/magnolia/esp-idf/components/esp_adc /home/tikhon/Документы/magnolia/esp-idf/components/esp_app_format /home/tikhon/Документы/magnolia/esp-idf/components/esp_bootloader_format /home/tikhon/Документы/magnolia/esp-idf/components/esp_coex /home/tikhon/Документы/magnolia/esp-idf/components/esp_common /home/tikhon/Документы/magnolia/esp-idf/components/esp_driver_ana_cmpr /home/tikhon/Документы/magnolia/esp-idf/components/esp_driver_bitscrambler /home/tikhon/Документы/magnolia/esp-idf/components/esp_driver_cam /home/tikhon/Документы/magnolia/esp-idf/components/esp_driver_dac /home/tikhon/Документы/magnolia/esp-idf/components/esp_driver_gpio /home/tikhon/Документы/magnolia/esp-idf/components/esp_driver_gptimer /home/tikhon/Документы/magnolia/esp-idf/components/esp_driver_i2c /home/tikhon/Документы/magnolia/esp-idf/components/esp_driver_i2s /home/tikhon/Документы/magnolia/esp-idf/components/esp_driver_i3c /home/tikhon/Документы/magnolia/esp-idf/components/esp_driver_isp /home/tikhon/Документы/magnolia/esp-idf/components/esp_driver_jpeg /home/tikhon/Документы/magnolia/esp-idf/components/esp_driver_ledc /home/tikhon/Документы/magnolia/esp-idf/components/esp_driver_mcpwm /home/tikhon/Документы/magnolia/esp-idf/components/esp_driver_parlio /home/tikhon/Документы/magnolia/esp-idf/components/esp_driver_pcnt /home/tikhon/Документы/magnolia/esp-idf/components/esp_driver_ppa /home/tikhon/Документы/magnolia/esp-idf/components/esp_driver_rmt /home/tikhon/Документы/magnolia/esp-idf/components/esp_driver_sd_intf /home/tikhon/Документы/magnolia/esp-idf/components/esp_driver_sdio /home/tikhon/Документы/magnolia/esp-idf/components/esp_driver_sdm /home/tikhon/Документы/magnolia/esp-idf/components/esp_driver_sdmmc /home/tikhon/Документы/magnolia/esp-idf/components/esp_driver_sdspi /home/tikhon/Документы/magnolia/esp-idf/components/esp_driver_spi /home/tikhon/Документы/magnolia/esp-idf/components/esp_driver_touch_sens /home/tikhon/Документы/magnolia/esp-idf/components/esp_driver_tsens /home/tikhon/Документы/magnolia/esp-idf/components/esp_driver_twai /home/tikhon/Документы/magnolia/esp-idf/components/esp_driver_uart /home/tikhon/Документы/magnolia/esp-idf/components/esp_driver_usb_serial_jtag /home/tikhon/Документы/magnolia/esp-idf/components/esp_eth /home/tikhon/Документы/magnolia/esp-idf/components/esp_event /home/tikhon/Документы/magnolia/esp-idf/components/esp_gdbstub /home/tikhon/Документы/magnolia/esp-idf/components/esp_hid /home/tikhon/Документы/magnolia/esp-idf/components/esp_http_client /home/tikhon/Документы/magnolia/esp-idf/components/esp_http_server /home/tikhon/Документы/magnolia/esp-idf/components/esp_https_ota /home/tikhon/Документы/magnolia/esp-idf/components/esp_https_server /home/tikhon/Документы/magnolia/esp-idf/components/esp_hw_support /home/tikhon/Документы/magnolia/esp-idf/components/esp_lcd /home/tikhon/Документы/magnolia/esp-idf/components/esp_local_ctrl /home/tikhon/Документы/magnolia/esp-idf/components/esp_mm /home/tikhon/Документы/magnolia/esp-idf/components/esp_netif /home/tikhon/Документы/magnolia/esp-idf/components/esp_netif_stack /home/tikhon/Документы/magnolia/esp-idf/components/esp_partition /home/tikhon/Документы/magnolia/esp-idf/components/esp_phy /home/tikhon/Документы/magnolia/esp-idf/components/esp_pm /home/tikhon/Документы/magnolia/esp-idf/components/esp_psram /home/tikhon/Документы/magnolia/esp-idf/components/esp_ringbuf /home/tikhon/Документы/magnolia/esp-idf/components/esp_rom /home/tikhon/Документы/magnolia/esp-idf/components/esp_security /home/tikhon/Документы/magnolia/esp-idf/components/esp_system /home/tikhon/Документы/magnolia/esp-idf/components/esp_timer /home/tikhon/Документы/magnolia/esp-idf/components/esp_vfs_console /home/tikhon/Документы/magnolia/esp-idf/components/esp_wifi /home/tikhon/Документы/magnolia/esp-idf/components/espcoredump /home/tikhon/Документы/magnolia/esp-idf/components/esptool_py /home/tikhon/Документы/magnolia/esp-idf/components/fatfs /home/tikhon/Документы/magnolia/esp-idf/components/freertos /home/tikhon/Документы/magnolia/esp-idf/components/hal /home/tikhon/Документы/magnolia/esp-idf/components/heap /home/tikhon/Документы/magnolia/esp-idf/components/http_parser /home/tikhon/Документы/magnolia/esp-idf/components/idf_test /home/tikhon/Документы/magnolia/esp-idf/components/ieee802154 /home/tikhon/Документы/magnolia/esp-idf/components/json /home/tikhon/Документы/magnolia/esp-idf/components/log /home/tikhon/Документы/magnolia/esp-idf/components/lwip /home/tikhon/Документы/magnolia/applets/mainline/cmp/main /home/tikhon/Документы/magnolia/esp-idf/components/mbedtls /home/tikhon/Документы/magnolia/esp-idf/components/mqtt /home/tikhon/Документы/magnolia/esp-idf/components/newlib /home/tikhon/Документы/magnolia/esp-idf/components/nvs_flash /home/tikhon/Документы/magnolia/esp-idf/components/nvs_sec_provider /home/tikhon/Документы/magnolia/esp-idf/components/openthread /home/tikhon/Документы/magnolia/esp-idf/components/partition_table /home/tikhon/Документы/magnolia/esp-idf/components/perfmon /home/tikhon/Документы/magnolia/esp-idf/components/protobuf-c /home/tikhon/Документы/magnolia/esp-idf/components/protocomm /home/tikhon/Документы/magnolia/esp-idf/components/pthread /home/tikhon/Документы/magnolia/esp-idf/components/rt /home/tikhon/Документы/magnolia/esp-idf/components/sdmmc /home/tikhon/Документы/magnolia/esp-idf/components/soc /home/tikhon/Документы/magnolia/esp-idf/components/spi_flash /home/tikhon/Документы/magnolia/esp-idf/components/spiffs /home/tikhon/Документы/magnolia/esp-idf/components/tcp_transport /home/tikhon/Документы/magnolia/esp-idf/components/touch_element /home/tikhon/Документы/magnolia/esp-idf/components/ulp /home/tikhon/Документы/magnolia/esp-idf/components/unity /home/tikhon/Документы/magnolia/esp-idf/components/usb /home/tikhon/Документы/magnolia/esp-idf/components/vfs /home/tikhon/Документы/magnolia/esp-idf/components/wear_levelling /home/tikhon/Документы/magnolia/esp-idf/components/wifi_provisioning /home/tikhon/Документы/magnolia/esp-idf/components/wpa_supplicant /home/tikhon/Документы/magnolia/esp-idf/components/xtensa
-- Configuring done (4.6s)
-- Generating done (0.4s)
-- Build files have been written to: /home/tikhon/Документы/magnolia/applets/mainline/du/build
-- Generating done (0.5s)
-- Generating done (0.5s)
-- Build files have been written to: /home/tikhon/Документы/magnolia/applets/mainline/df/build
-- Generating done (0.5s)
-- Build files have been written to: /home/tikhon/Документы/magnolia/applets/mainline/chmod/build
-- Generating done (0.5s)
-- Build files have been written to: /home/tikhon/Документы/magnolia/applets/mainline/echo/build
-- Build files have been written to: /home/tikhon/Документы/magnolia/applets/mainline/cat/build
-- Components: app_trace app_update bootloader bootloader_support bt cmock console cxx driver efuse esp-tls esp_adc esp_app_format esp_bootloader_format esp_coex esp_common esp_driver_ana_cmpr esp_driver_bitscrambler esp_driver_cam esp_driver_dac esp_driver_gpio esp_driver_gptimer esp_driver_i2c esp_driver_i2s esp_driver_i3c esp_driver_isp esp_driver_jpeg esp_driver_ledc esp_driver_mcpwm esp_driver_parlio esp_driver_pcnt esp_driver_ppa esp_driver_rmt esp_driver_sd_intf esp_driver_sdio esp_driver_sdm esp_driver_sdmmc esp_driver_sdspi esp_driver_spi esp_driver_touch_sens esp_driver_tsens esp_driver_twai esp_driver_uart esp_driver_usb_serial_jtag esp_eth esp_event esp_gdbstub esp_hid esp_http_client esp_http_server esp_https_ota esp_https_server esp_hw_support esp_lcd esp_local_ctrl esp_mm esp_netif esp_netif_stack esp_partition esp_phy esp_pm esp_psram esp_ringbuf esp_rom esp_security esp_system esp_timer esp_vfs_console esp_wifi espcoredump esptool_py fatfs freertos hal heap http_parser idf_test ieee802154 json log lwip mbedtls mqtt newlib nvs_flash nvs_sec_provider openthread partition_table perfmon protobuf-c protocomm pthread rt sdmmc soc spi_flash spiffs tcp_transport touch_element ulp unity usb vfs wear_levelling wifi_provisioning wpa_supplicant xtensa
-- Component paths: /home/tikhon/Документы/magnolia/esp-idf/components/app_trace /home/tikhon/Документы/magnolia/esp-idf/components/app_update /home/tikhon/Документы/magnolia/esp-idf/components/bootloader /home/tikhon/Документы/magnolia/esp-idf/components/bootloader_support /home/tikhon/Документы/magnolia/esp-idf/components/bt /home/tikhon/Документы/magnolia/esp-idf/components/cmock /home/tikhon/Документы/magnolia/esp-idf/components/console /home/tikhon/Документы/magnolia/esp-idf/components/cxx /home/tikhon/Документы/magnolia/esp-idf/components/driver /home/tikhon/Документы/magnolia/esp-idf/components/efuse /home/tikhon/Документы/magnolia/esp-idf/components/esp-tls /home/tikhon/Документы/magnolia/esp-idf/components/esp_adc /home/tikhon/Документы/magnolia/esp-idf/components/esp_app_format /home/tikhon/Документы/magnolia/esp-idf/components/esp_bootloader_format /home/tikhon/Документы/magnolia/esp-idf/components/esp_coex /home/tikhon/Документы/magnolia/esp-idf/components/esp_common /home/tikhon/Документы/magnolia/esp-idf/components/esp_driver_ana_cmpr /home/tikhon/Документы/magnolia/esp-idf/components/esp_driver_bitscrambler /home/tikhon/Документы/magnolia/esp-idf/components/esp_driver_cam /home/tikhon/Документы/magnolia/esp-idf/components/esp_driver_dac /home/tikhon/Документы/magnolia/esp-idf/components/esp_driver_gpio /home/tikhon/Документы/magnolia/esp-idf/components/esp_driver_gptimer /home/tikhon/Документы/magnolia/esp-idf/components/esp_driver_i2c /home/tikhon/Документы/magnolia/esp-idf/components/esp_driver_i2s /home/tikhon/Документы/magnolia/esp-idf/components/esp_driver_i3c /home/tikhon/Документы/magnolia/esp-idf/components/esp_driver_isp /home/tikhon/Документы/magnolia/esp-idf/components/esp_driver_jpeg /home/tikhon/Документы/magnolia/esp-idf/components/esp_driver_ledc /home/tikhon/Документы/magnolia/esp-idf/components/esp_driver_mcpwm /home/tikhon/Документы/magnolia/esp-idf/components/esp_driver_parlio /home/tikhon/Документы/magnolia/esp-idf/components/esp_driver_pcnt /home/tikhon/Документы/magnolia/esp-idf/components/esp_driver_ppa /home/tikhon/Документы/magnolia/esp-idf/components/esp_driver_rmt /home/tikhon/Документы/magnolia/esp-idf/components/esp_driver_sd_intf /home/tikhon/Документы/magnolia/esp-idf/components/esp_driver_sdio /home/tikhon/Документы/magnolia/esp-idf/components/esp_driver_sdm /home/tikhon/Документы/magnolia/esp-idf/components/esp_driver_sdmmc /home/tikhon/Документы/magnolia/esp-idf/components/esp_driver_sdspi /home/tikhon/Документы/magnolia/esp-idf/components/esp_driver_spi /home/tikhon/Документы/magnolia/esp-idf/components/esp_driver_touch_sens /home/tikhon/Документы/magnolia/esp-idf/components/esp_driver_tsens /home/tikhon/Документы/magnolia/esp-idf/components/esp_driver_twai /home/tikhon/Документы/magnolia/esp-idf/components/esp_driver_uart /home/tikhon/Документы/magnolia/esp-idf/components/esp_driver_usb_serial_jtag /home/tikhon/Документы/magnolia/esp-idf/components/esp_eth /home/tikhon/Документы/magnolia/esp-idf/components/esp_event /home/tikhon/Документы/magnolia/esp-idf/components/esp_gdbstub /home/tikhon/Документы/magnolia/esp-idf/components/esp_hid /home/tikhon/Документы/magnolia/esp-idf/components/esp_http_client /home/tikhon/Документы/magnolia/esp-idf/components/esp_http_server /home/tikhon/Документы/magnolia/esp-idf/components/esp_https_ota /home/tikhon/Документы/magnolia/esp-idf/components/esp_https_server /home/tikhon/Документы/magnolia/esp-idf/components/esp_hw_support /home/tikhon/Документы/magnolia/esp-idf/components/esp_lcd /home/tikhon/Документы/magnolia/esp-idf/components/esp_local_ctrl /home/tikhon/Документы/magnolia/esp-idf/components/esp_mm /home/tikhon/Документы/magnolia/esp-idf/components/esp_netif /home/tikhon/Документы/magnolia/esp-idf/components/esp_netif_stack /home/tikhon/Документы/magnolia/esp-idf/components/esp_partition /home/tikhon/Документы/magnolia/esp-idf/components/esp_phy /home/tikhon/Документы/magnolia/esp-idf/components/esp_pm /home/tikhon/Документы/magnolia/esp-idf/components/esp_psram /home/tikhon/Документы/magnolia/esp-idf/components/esp_ringbuf /home/tikhon/Документы/magnolia/esp-idf/components/esp_rom /home/tikhon/Документы/magnolia/esp-idf/components/esp_security /home/tikhon/Документы/magnolia/esp-idf/components/esp_system /home/tikhon/Документы/magnolia/esp-idf/components/esp_timer /home/tikhon/Документы/magnolia/esp-idf/components/esp_vfs_console /home/tikhon/Документы/magnolia/esp-idf/components/esp_wifi /home/tikhon/Документы/magnolia/esp-idf/components/espcoredump /home/tikhon/Документы/magnolia/esp-idf/components/esptool_py /home/tikhon/Документы/magnolia/esp-idf/components/fatfs /home/tikhon/Документы/magnolia/esp-idf/components/freertos /home/tikhon/Документы/magnolia/esp-idf/components/hal /home/tikhon/Документы/magnolia/esp-idf/components/heap /home/tikhon/Документы/magnolia/esp-idf/components/http_parser /home/tikhon/Документы/magnolia/esp-idf/components/idf_test /home/tikhon/Документы/magnolia/esp-idf/components/ieee802154 /home/tikhon/Документы/magnolia/esp-idf/components/json /home/tikhon/Документы/magnolia/esp-idf/components/log /home/tikhon/Документы/magnolia/esp-idf/components/lwip /home/tikhon/Документы/magnolia/esp-idf/components/mbedtls /home/tikhon/Документы/magnolia/esp-idf/components/mqtt /home/tikhon/Документы/magnolia/esp-idf/components/newlib /home/tikhon/Документы/magnolia/esp-idf/components/nvs_flash /home/tikhon/Документы/magnolia/esp-idf/components/nvs_sec_provider /home/tikhon/Документы/magnolia/esp-idf/components/openthread /home/tikhon/Документы/magnolia/esp-idf/components/partition_table /home/tikhon/Документы/magnolia/esp-idf/components/perfmon /home/tikhon/Документы/magnolia/esp-idf/components/protobuf-c /home/tikhon/Документы/magnolia/esp-idf/components/protocomm /home/tikhon/Документы/magnolia/esp-idf/components/pthread /home/tikhon/Документы/magnolia/esp-idf/components/rt /home/tikhon/Документы/magnolia/esp-idf/components/sdmmc /home/tikhon/Документы/magnolia/esp-idf/components/soc /home/tikhon/Документы/magnolia/esp-idf/components/spi_flash /home/tikhon/Документы/magnolia/esp-idf/components/spiffs /home/tikhon/Документы/magnolia/esp-idf/components/tcp_transport /home/tikhon/Документы/magnolia/esp-idf/components/touch_element /home/tikhon/Документы/magnolia/esp-idf/components/ulp /home/tikhon/Документы/magnolia/esp-idf/components/unity /home/tikhon/Документы/magnolia/esp-idf/components/usb /home/tikhon/Документы/magnolia/esp-idf/components/vfs /home/tikhon/Документы/magnolia/esp-idf/components/wear_levelling /home/tikhon/Документы/magnolia/esp-idf/components/wifi_provisioning /home/tikhon/Документы/magnolia/esp-idf/components/wpa_supplicant /home/tikhon/Документы/magnolia/esp-idf/components/xtensa
-- Components: app_trace app_update bootloader bootloader_support bt cmock console cxx driver efuse esp-tls esp_adc esp_app_format esp_bootloader_format esp_coex esp_common esp_driver_ana_cmpr esp_driver_bitscrambler esp_driver_cam esp_driver_dac esp_driver_gpio esp_driver_gptimer esp_driver_i2c esp_driver_i2s esp_driver_i3c esp_driver_isp esp_driver_jpeg esp_driver_ledc esp_driver_mcpwm esp_driver_parlio esp_driver_pcnt esp_driver_ppa esp_driver_rmt esp_driver_sd_intf esp_driver_sdio esp_driver_sdm esp_driver_sdmmc esp_driver_sdspi esp_driver_spi esp_driver_touch_sens esp_driver_tsens esp_driver_twai esp_driver_uart esp_driver_usb_serial_jtag esp_eth esp_event esp_gdbstub esp_hid esp_http_client esp_http_server esp_https_ota esp_https_server esp_hw_support esp_lcd esp_local_ctrl esp_mm esp_netif esp_netif_stack esp_partition esp_phy esp_pm esp_psram esp_ringbuf esp_rom esp_security esp_system esp_timer esp_vfs_console esp_wifi espcoredump esptool_py fatfs freertos hal heap http_parser idf_test ieee802154 json log lwip main mbedtls mqtt newlib nvs_flash nvs_sec_provider openthread partition_table perfmon protobuf-c protocomm pthread rt sdmmc soc spi_flash spiffs tcp_transport touch_element ulp unity usb vfs wear_levelling wifi_provisioning wpa_supplicant xtensa
-- Configuring done (4.8s)
-- Component paths: /home/tikhon/Документы/magnolia/esp-idf/components/app_trace /home/tikhon/Документы/magnolia/esp-idf/components/app_update /home/tikhon/Документы/magnolia/esp-idf/components/bootloader /home/tikhon/Документы/magnolia/esp-idf/components/bootloader_support /home/tikhon/Документы/magnolia/esp-idf/components/bt /home/tikhon/Документы/magnolia/esp-idf/components/cmock /home/tikhon/Документы/magnolia/esp-idf/components/console /home/tikhon/Документы/magnolia/esp-idf/components/cxx /home/tikhon/Документы/magnolia/esp-idf/components/driver /home/tikhon/Документы/magnolia/esp-idf/components/efuse /home/tikhon/Документы/magnolia/esp-idf/components/esp-tls /home/tikhon/Документы/magnolia/esp-idf/components/esp_adc /home/tikhon/Документы/magnolia/esp-idf/components/esp_app_format /home/tikhon/Документы/magnolia/esp-idf/components/esp_bootloader_format /home/tikhon/Документы/magnolia/esp-idf/components/esp_coex /home/tikhon/Документы/magnolia/esp-idf/components/esp_common /home/tikhon/Документы/magnolia/esp-idf/components/esp_driver_ana_cmpr /home/tikhon/Документы/magnolia/esp-idf/components/esp_driver_bitscrambler /home/tikhon/Документы/magnolia/esp-idf/components/esp_driver_cam /home/tikhon/Документы/magnolia/esp-idf/components/esp_driver_dac /home/tikhon/Документы/magnolia/esp-idf/components/esp_driver_gpio /home/tikhon/Документы/magnolia/esp-idf/components/esp_driver_gptimer /home/tikhon/Документы/magnolia/esp-idf/components/esp_driver_i2c /home/tikhon/Документы/magnolia/esp-idf/components/esp_driver_i2s /home/tikhon/Документы/magnolia/esp-idf/components/esp_driver_i3c /home/tikhon/Документы/magnolia/esp-idf/components/esp_driver_isp /home/tikhon/Документы/magnolia/esp-idf/components/esp_driver_jpeg /home/tikhon/Документы/magnolia/esp-idf/components/esp_driver_ledc /home/tikhon/Документы/magnolia/esp-idf/components/esp_driver_mcpwm /home/tikhon/Документы/magnolia/esp-idf/components/esp_driver_parlio /home/tikhon/Документы/magnolia/esp-idf/components/esp_driver_pcnt /home/tikhon/Документы/magnolia/esp-idf/components/esp_driver_ppa /home/tikhon/Документы/magnolia/esp-idf/components/esp_driver_rmt /home/tikhon/Документы/magnolia/esp-idf/components/esp_driver_sd_intf /home/tikhon/Документы/magnolia/esp-idf/components/esp_driver_sdio /home/tikhon/Документы/magnolia/esp-idf/components/esp_driver_sdm /home/tikhon/Документы/magnolia/esp-idf/components/esp_driver_sdmmc /home/tikhon/Документы/magnolia/esp-idf/components/esp_driver_sdspi /home/tikhon/Документы/magnolia/esp-idf/components/esp_driver_spi /home/tikhon/Документы/magnolia/esp-idf/components/esp_driver_touch_sens /home/tikhon/Документы/magnolia/esp-idf/components/esp_driver_tsens /home/tikhon/Документы/magnolia/esp-idf/components/esp_driver_twai /home/tikhon/Документы/magnolia/esp-idf/components/esp_driver_uart /home/tikhon/Документы/magnolia/esp-idf/components/esp_driver_usb_serial_jtag /home/tikhon/Документы/magnolia/esp-idf/components/esp_eth /home/tikhon/Документы/magnolia/esp-idf/components/esp_event /home/tikhon/Документы/magnolia/esp-idf/components/esp_gdbstub /home/tikhon/Документы/magnolia/esp-idf/components/esp_hid /home/tikhon/Документы/magnolia/esp-idf/components/esp_http_client /home/tikhon/Документы/magnolia/esp-idf/components/esp_http_server /home/tikhon/Документы/magnolia/esp-idf/components/esp_https_ota /home/tikhon/Документы/magnolia/esp-idf/components/esp_https_server /home/tikhon/Документы/magnolia/esp-idf/components/esp_hw_support /home/tikhon/Документы/magnolia/esp-idf/components/esp_lcd /home/tikhon/Документы/magnolia/esp-idf/components/esp_local_ctrl /home/tikhon/Документы/magnolia/esp-idf/components/esp_mm /home/tikhon/Документы/magnolia/esp-idf/components/esp_netif /home/tikhon/Документы/magnolia/esp-idf/components/esp_netif_stack /home/tikhon/Документы/magnolia/esp-idf/components/esp_partition /home/tikhon/Документы/magnolia/esp-idf/components/esp_phy /home/tikhon/Документы/magnolia/esp-idf/components/esp_pm /home/tikhon/Документы/magnolia/esp-idf/components/esp_psram /home/tikhon/Документы/magnolia/esp-idf/components/esp_ringbuf /home/tikhon/Документы/magnolia/esp-idf/components/esp_rom /home/tikhon/Документы/magnolia/esp-idf/components/esp_security /home/tikhon/Документы/magnolia/esp-idf/components/esp_system /home/tikhon/Документы/magnolia/esp-idf/components/esp_timer /home/tikhon/Документы/magnolia/esp-idf/components/esp_vfs_console /home/tikhon/Документы/magnolia/esp-idf/components/esp_wifi /home/tikhon/Документы/magnolia/esp-idf/components/espcoredump /home/tikhon/Документы/magnolia/esp-idf/components/esptool_py /home/tikhon/Документы/magnolia/esp-idf/components/fatfs /home/tikhon/Документы/magnolia/esp-idf/components/freertos /home/tikhon/Документы/magnolia/esp-idf/components/hal /home/tikhon/Документы/magnolia/esp-idf/components/heap /home/tikhon/Документы/magnolia/esp-idf/components/http_parser /home/tikhon/Документы/magnolia/esp-idf/components/idf_test /home/tikhon/Документы/magnolia/esp-idf/components/ieee802154 /home/tikhon/Документы/magnolia/esp-idf/components/json /home/tikhon/Документы/magnolia/esp-idf/components/log /home/tikhon/Документы/magnolia/esp-idf/components/lwip /home/tikhon/Документы/magnolia/applets/mainline/comm/main /home/tikhon/Документы/magnolia/esp-idf/components/mbedtls /home/tikhon/Документы/magnolia/esp-idf/components/mqtt /home/tikhon/Документы/magnolia/esp-idf/components/newlib /home/tikhon/Документы/magnolia/esp-idf/components/nvs_flash /home/tikhon/Документы/magnolia/esp-idf/components/nvs_sec_provider /home/tikhon/Документы/magnolia/esp-idf/components/openthread /home/tikhon/Документы/magnolia/esp-idf/components/partition_table /home/tikhon/Документы/magnolia/esp-idf/components/perfmon /home/tikhon/Документы/magnolia/esp-idf/components/protobuf-c /home/tikhon/Документы/magnolia/esp-idf/components/protocomm /home/tikhon/Документы/magnolia/esp-idf/components/pthread /home/tikhon/Документы/magnolia/esp-idf/components/rt /home/tikhon/Документы/magnolia/esp-idf/components/sdmmc /home/tikhon/Документы/magnolia/esp-idf/components/soc /home/tikhon/Документы/magnolia/esp-idf/components/spi_flash /home/tikhon/Документы/magnolia/esp-idf/components/spiffs /home/tikhon/Документы/magnolia/esp-idf/components/tcp_transport /home/tikhon/Документы/magnolia/esp-idf/components/touch_element /home/tikhon/Документы/magnolia/esp-idf/components/ulp /home/tikhon/Документы/magnolia/esp-idf/components/unity /home/tikhon/Документы/magnolia/esp-idf/components/usb /home/tikhon/Документы/magnolia/esp-idf/components/vfs /home/tikhon/Документы/magnolia/esp-idf/components/wear_levelling /home/tikhon/Документы/magnolia/esp-idf/components/wifi_provisioning /home/tikhon/Документы/magnolia/esp-idf/components/wpa_supplicant /home/tikhon/Документы/magnolia/esp-idf/components/xtensa
-- Generating done (0.5s)
-- Configuring done (4.7s)
-- Generating done (0.5s)
-- Build files have been written to: /home/tikhon/Документы/magnolia/applets/mainline/cd/build
-- Generating done (0.5s)
-- Build files have been written to: /home/tikhon/Документы/magnolia/applets/mainline/chown/build
-- Components: app_trace app_update bootloader bootloader_support bt cmock console cxx driver efuse esp-tls esp_adc esp_app_format esp_bootloader_format esp_coex esp_common esp_driver_ana_cmpr esp_driver_bitscrambler esp_driver_cam esp_driver_dac esp_driver_gpio esp_driver_gptimer esp_driver_i2c esp_driver_i2s esp_driver_i3c esp_driver_isp esp_driver_jpeg esp_driver_ledc esp_driver_mcpwm esp_driver_parlio esp_driver_pcnt esp_driver_ppa esp_driver_rmt esp_driver_sd_intf esp_driver_sdio esp_driver_sdm esp_driver_sdmmc esp_driver_sdspi esp_driver_spi esp_driver_touch_sens esp_driver_tsens esp_driver_twai esp_driver_uart esp_driver_usb_serial_jtag esp_eth esp_event esp_gdbstub esp_hid esp_http_client esp_http_server esp_https_ota esp_https_server esp_hw_support esp_lcd esp_local_ctrl esp_mm esp_netif esp_netif_stack esp_partition esp_phy esp_pm esp_psram esp_ringbuf esp_rom esp_security esp_system esp_timer esp_vfs_console esp_wifi espcoredump esptool_py fatfs freertos hal heap http_parser idf_test ieee802154 json log lwip main mbedtls mqtt newlib nvs_flash nvs_sec_provider openthread partition_table perfmon protobuf-c protocomm pthread rt sdmmc soc spi_flash spiffs tcp_transport touch_element ulp unity usb vfs wear_levelling wifi_provisioning wpa_supplicant xtensa
-- Component paths: /home/tikhon/Документы/magnolia/esp-idf/components/app_trace /home/tikhon/Документы/magnolia/esp-idf/components/app_update /home/tikhon/Документы/magnolia/esp-idf/components/bootloader /home/tikhon/Документы/magnolia/esp-idf/components/bootloader_support /home/tikhon/Документы/magnolia/esp-idf/components/bt /home/tikhon/Документы/magnolia/esp-idf/components/cmock /home/tikhon/Документы/magnolia/esp-idf/components/console /home/tikhon/Документы/magnolia/esp-idf/components/cxx /home/tikhon/Документы/magnolia/esp-idf/components/driver /home/tikhon/Документы/magnolia/esp-idf/components/efuse /home/tikhon/Документы/magnolia/esp-idf/components/esp-tls /home/tikhon/Документы/magnolia/esp-idf/components/esp_adc /home/tikhon/Документы/magnolia/esp-idf/components/esp_app_format /home/tikhon/Документы/magnolia/esp-idf/components/esp_bootloader_format /home/tikhon/Документы/magnolia/esp-idf/components/esp_coex /home/tikhon/Документы/magnolia/esp-idf/components/esp_common /home/tikhon/Документы/magnolia/esp-idf/components/esp_driver_ana_cmpr /home/tikhon/Документы/magnolia/esp-idf/components/esp_driver_bitscrambler /home/tikhon/Документы/magnolia/esp-idf/components/esp_driver_cam /home/tikhon/Документы/magnolia/esp-idf/components/esp_driver_dac /home/tikhon/Документы/magnolia/esp-idf/components/esp_driver_gpio /home/tikhon/Документы/magnolia/esp-idf/components/esp_driver_gptimer /home/tikhon/Документы/magnolia/esp-idf/components/esp_driver_i2c /home/tikhon/Документы/magnolia/esp-idf/components/esp_driver_i2s /home/tikhon/Документы/magnolia/esp-idf/components/esp_driver_i3c /home/tikhon/Документы/magnolia/esp-idf/components/esp_driver_isp /home/tikhon/Документы/magnolia/esp-idf/components/esp_driver_jpeg /home/tikhon/Документы/magnolia/esp-idf/components/esp_driver_ledc /home/tikhon/Документы/magnolia/esp-idf/components/esp_driver_mcpwm /home/tikhon/Документы/magnolia/esp-idf/components/esp_driver_parlio /home/tikhon/Документы/magnolia/esp-idf/components/esp_driver_pcnt /home/tikhon/Документы/magnolia/esp-idf/components/esp_driver_ppa /home/tikhon/Документы/magnolia/esp-idf/components/esp_driver_rmt /home/tikhon/Документы/magnolia/esp-idf/components/esp_driver_sd_intf /home/tikhon/Документы/magnolia/esp-idf/components/esp_driver_sdio /home/tikhon/Документы/magnolia/esp-idf/components/esp_driver_sdm /home/tikhon/Документы/magnolia/esp-idf/components/esp_driver_sdmmc /home/tikhon/Документы/magnolia/esp-idf/components/esp_driver_sdspi /home/tikhon/Документы/magnolia/esp-idf/components/esp_driver_spi /home/tikhon/Документы/magnolia/esp-idf/components/esp_driver_touch_sens /home/tikhon/Документы/magnolia/esp-idf/components/esp_driver_tsens /home/tikhon/Документы/magnolia/esp-idf/components/esp_driver_twai /home/tikhon/Документы/magnolia/esp-idf/components/esp_driver_uart /home/tikhon/Документы/magnolia/esp-idf/components/esp_driver_usb_serial_jtag /home/tikhon/Документы/magnolia/esp-idf/components/esp_eth /home/tikhon/Документы/magnolia/esp-idf/components/esp_event /home/tikhon/Документы/magnolia/esp-idf/components/esp_gdbstub /home/tikhon/Документы/magnolia/esp-idf/components/esp_hid /home/tikhon/Документы/magnolia/esp-idf/components/esp_http_client /home/tikhon/Документы/magnolia/esp-idf/components/esp_http_server /home/tikhon/Документы/magnolia/esp-idf/components/esp_https_ota /home/tikhon/Документы/magnolia/esp-idf/components/esp_https_server /home/tikhon/Документы/magnolia/esp-idf/components/esp_hw_support /home/tikhon/Документы/magnolia/esp-idf/components/esp_lcd /home/tikhon/Документы/magnolia/esp-idf/components/esp_local_ctrl /home/tikhon/Документы/magnolia/esp-idf/components/esp_mm /home/tikhon/Документы/magnolia/esp-idf/components/esp_netif /home/tikhon/Документы/magnolia/esp-idf/components/esp_netif_stack /home/tikhon/Документы/magnolia/esp-idf/components/esp_partition /home/tikhon/Документы/magnolia/esp-idf/components/esp_phy /home/tikhon/Документы/magnolia/esp-idf/components/esp_pm /home/tikhon/Документы/magnolia/esp-idf/components/esp_psram /home/tikhon/Документы/magnolia/esp-idf/components/esp_ringbuf /home/tikhon/Документы/magnolia/esp-idf/components/esp_rom /home/tikhon/Документы/magnolia/esp-idf/components/esp_security /home/tikhon/Документы/magnolia/esp-idf/components/esp_system /home/tikhon/Документы/magnolia/esp-idf/components/esp_timer /home/tikhon/Документы/magnolia/esp-idf/components/esp_vfs_console /home/tikhon/Документы/magnolia/esp-idf/components/esp_wifi /home/tikhon/Документы/magnolia/esp-idf/components/espcoredump /home/tikhon/Документы/magnolia/esp-idf/components/esptool_py /home/tikhon/Документы/magnolia/esp-idf/components/fatfs /home/tikhon/Документы/magnolia/esp-idf/components/freertos /home/tikhon/Документы/magnolia/esp-idf/components/hal /home/tikhon/Документы/magnolia/esp-idf/components/heap /home/tikhon/Документы/magnolia/esp-idf/components/http_parser /home/tikhon/Документы/magnolia/esp-idf/components/idf_test /home/tikhon/Документы/magnolia/esp-idf/components/ieee802154 /home/tikhon/Документы/magnolia/esp-idf/components/json /home/tikhon/Документы/magnolia/esp-idf/components/log /home/tikhon/Документы/magnolia/esp-idf/components/lwip /home/tikhon/Документы/magnolia/applets/mainline/dirname/main /home/tikhon/Документы/magnolia/esp-idf/components/mbedtls /home/tikhon/Документы/magnolia/esp-idf/components/mqtt /home/tikhon/Документы/magnolia/esp-idf/components/newlib /home/tikhon/Документы/magnolia/esp-idf/components/nvs_flash /home/tikhon/Документы/magnolia/esp-idf/components/nvs_sec_provider /home/tikhon/Документы/magnolia/esp-idf/components/openthread /home/tikhon/Документы/magnolia/esp-idf/components/partition_table /home/tikhon/Документы/magnolia/esp-idf/components/perfmon /home/tikhon/Документы/magnolia/esp-idf/components/protobuf-c /home/tikhon/Документы/magnolia/esp-idf/components/protocomm /home/tikhon/Документы/magnolia/esp-idf/components/pthread /home/tikhon/Документы/magnolia/esp-idf/components/rt /home/tikhon/Документы/magnolia/esp-idf/components/sdmmc /home/tikhon/Документы/magnolia/esp-idf/components/soc /home/tikhon/Документы/magnolia/esp-idf/components/spi_flash /home/tikhon/Документы/magnolia/esp-idf/components/spiffs /home/tikhon/Документы/magnolia/esp-idf/components/tcp_transport /home/tikhon/Документы/magnolia/esp-idf/components/touch_element /home/tikhon/Документы/magnolia/esp-idf/components/ulp /home/tikhon/Документы/magnolia/esp-idf/components/unity /home/tikhon/Документы/magnolia/esp-idf/components/usb /home/tikhon/Документы/magnolia/esp-idf/components/vfs /home/tikhon/Документы/magnolia/esp-idf/components/wear_levelling /home/tikhon/Документы/magnolia/esp-idf/components/wifi_provisioning /home/tikhon/Документы/magnolia/esp-idf/components/wpa_supplicant /home/tikhon/Документы/magnolia/esp-idf/components/xtensa
-- Build files have been written to: /home/tikhon/Документы/magnolia/applets/mainline/cp/build
-- Configuring done (4.8s)
-- Generating done (0.5s)
-- Build files have been written to: /home/tikhon/Документы/magnolia/applets/mainline/date/build
-- Components: app_trace app_update bootloader bootloader_support bt cmock console cxx driver efuse esp-tls esp_adc esp_app_format esp_bootloader_format esp_coex esp_common esp_driver_ana_cmpr esp_driver_bitscrambler esp_driver_cam esp_driver_dac esp_driver_gpio esp_driver_gptimer esp_driver_i2c esp_driver_i2s esp_driver_i3c esp_driver_isp esp_driver_jpeg esp_driver_ledc esp_driver_mcpwm esp_driver_parlio esp_driver_pcnt esp_driver_ppa esp_driver_rmt esp_driver_sd_intf esp_driver_sdio esp_driver_sdm esp_driver_sdmmc esp_driver_sdspi esp_driver_spi esp_driver_touch_sens esp_driver_tsens esp_driver_twai esp_driver_uart esp_driver_usb_serial_jtag esp_eth esp_event esp_gdbstub esp_hid esp_http_client esp_http_server esp_https_ota esp_https_server esp_hw_support esp_lcd esp_local_ctrl esp_mm esp_netif esp_netif_stack esp_partition esp_phy esp_pm esp_psram esp_ringbuf esp_rom esp_security esp_system esp_timer esp_vfs_console esp_wifi espcoredump esptool_py fatfs freertos hal heap http_parser idf_test ieee802154 json log lwip main mbedtls mqtt newlib nvs_flash nvs_sec_provider openthread partition_table perfmon protobuf-c protocomm pthread rt sdmmc soc spi_flash spiffs tcp_transport touch_element ulp unity usb vfs wear_levelling wifi_provisioning wpa_supplicant xtensa
-- Component paths: /home/tikhon/Документы/magnolia/esp-idf/components/app_trace /home/tikhon/Документы/magnolia/esp-idf/components/app_update /home/tikhon/Документы/magnolia/esp-idf/components/bootloader /home/tikhon/Документы/magnolia/esp-idf/components/bootloader_support /home/tikhon/Документы/magnolia/esp-idf/components/bt /home/tikhon/Документы/magnolia/esp-idf/components/cmock /home/tikhon/Документы/magnolia/esp-idf/components/console /home/tikhon/Документы/magnolia/esp-idf/components/cxx /home/tikhon/Документы/magnolia/esp-idf/components/driver /home/tikhon/Документы/magnolia/esp-idf/components/efuse /home/tikhon/Документы/magnolia/esp-idf/components/esp-tls /home/tikhon/Документы/magnolia/esp-idf/components/esp_adc /home/tikhon/Документы/magnolia/esp-idf/components/esp_app_format /home/tikhon/Документы/magnolia/esp-idf/components/esp_bootloader_format /home/tikhon/Документы/magnolia/esp-idf/components/esp_coex /home/tikhon/Документы/magnolia/esp-idf/components/esp_common /home/tikhon/Документы/magnolia/esp-idf/components/esp_driver_ana_cmpr /home/tikhon/Документы/magnolia/esp-idf/components/esp_driver_bitscrambler /home/tikhon/Документы/magnolia/esp-idf/components/esp_driver_cam /home/tikhon/Документы/magnolia/esp-idf/components/esp_driver_dac /home/tikhon/Документы/magnolia/esp-idf/components/esp_driver_gpio /home/tikhon/Документы/magnolia/esp-idf/components/esp_driver_gptimer /home/tikhon/Документы/magnolia/esp-idf/components/esp_driver_i2c /home/tikhon/Документы/magnolia/esp-idf/components/esp_driver_i2s /home/tikhon/Документы/magnolia/esp-idf/components/esp_driver_i3c /home/tikhon/Документы/magnolia/esp-idf/components/esp_driver_isp /home/tikhon/Документы/magnolia/esp-idf/components/esp_driver_jpeg /home/tikhon/Документы/magnolia/esp-idf/components/esp_driver_ledc /home/tikhon/Документы/magnolia/esp-idf/components/esp_driver_mcpwm /home/tikhon/Документы/magnolia/esp-idf/components/esp_driver_parlio /home/tikhon/Документы/magnolia/esp-idf/components/esp_driver_pcnt /home/tikhon/Документы/magnolia/esp-idf/components/esp_driver_ppa /home/tikhon/Документы/magnolia/esp-idf/components/esp_driver_rmt /home/tikhon/Документы/magnolia/esp-idf/components/esp_driver_sd_intf /home/tikhon/Документы/magnolia/esp-idf/components/esp_driver_sdio /home/tikhon/Документы/magnolia/esp-idf/components/esp_driver_sdm /home/tikhon/Документы/magnolia/esp-idf/components/esp_driver_sdmmc /home/tikhon/Документы/magnolia/esp-idf/components/esp_driver_sdspi /home/tikhon/Документы/magnolia/esp-idf/components/esp_driver_spi /home/tikhon/Документы/magnolia/esp-idf/components/esp_driver_touch_sens /home/tikhon/Документы/magnolia/esp-idf/components/esp_driver_tsens /home/tikhon/Документы/magnolia/esp-idf/components/esp_driver_twai /home/tikhon/Документы/magnolia/esp-idf/components/esp_driver_uart /home/tikhon/Документы/magnolia/esp-idf/components/esp_driver_usb_serial_jtag /home/tikhon/Документы/magnolia/esp-idf/components/esp_eth /home/tikhon/Документы/magnolia/esp-idf/components/esp_event /home/tikhon/Документы/magnolia/esp-idf/components/esp_gdbstub /home/tikhon/Документы/magnolia/esp-idf/components/esp_hid /home/tikhon/Документы/magnolia/esp-idf/components/esp_http_client /home/tikhon/Документы/magnolia/esp-idf/components/esp_http_server /home/tikhon/Документы/magnolia/esp-idf/components/esp_https_ota /home/tikhon/Документы/magnolia/esp-idf/components/esp_https_server /home/tikhon/Документы/magnolia/esp-idf/components/esp_hw_support /home/tikhon/Документы/magnolia/esp-idf/components/esp_lcd /home/tikhon/Документы/magnolia/esp-idf/components/esp_local_ctrl /home/tikhon/Документы/magnolia/esp-idf/components/esp_mm /home/tikhon/Документы/magnolia/esp-idf/components/esp_netif /home/tikhon/Документы/magnolia/esp-idf/components/esp_netif_stack /home/tikhon/Документы/magnolia/esp-idf/components/esp_partition /home/tikhon/Документы/magnolia/esp-idf/components/esp_phy /home/tikhon/Документы/magnolia/esp-idf/components/esp_pm /home/tikhon/Документы/magnolia/esp-idf/components/esp_psram /home/tikhon/Документы/magnolia/esp-idf/components/esp_ringbuf /home/tikhon/Документы/magnolia/esp-idf/components/esp_rom /home/tikhon/Документы/magnolia/esp-idf/components/esp_security /home/tikhon/Документы/magnolia/esp-idf/components/esp_system /home/tikhon/Документы/magnolia/esp-idf/components/esp_timer /home/tikhon/Документы/magnolia/esp-idf/components/esp_vfs_console /home/tikhon/Документы/magnolia/esp-idf/components/esp_wifi /home/tikhon/Документы/magnolia/esp-idf/components/espcoredump /home/tikhon/Документы/magnolia/esp-idf/components/esptool_py /home/tikhon/Документы/magnolia/esp-idf/components/fatfs /home/tikhon/Документы/magnolia/esp-idf/components/freertos /home/tikhon/Документы/magnolia/esp-idf/components/hal /home/tikhon/Документы/magnolia/esp-idf/components/heap /home/tikhon/Документы/magnolia/esp-idf/components/http_parser /home/tikhon/Документы/magnolia/esp-idf/components/idf_test /home/tikhon/Документы/magnolia/esp-idf/components/ieee802154 /home/tikhon/Документы/magnolia/esp-idf/components/json /home/tikhon/Документы/magnolia/esp-idf/components/log /home/tikhon/Документы/magnolia/esp-idf/components/lwip /home/tikhon/Документы/magnolia/applets/mainline/basename/main /home/tikhon/Документы/magnolia/esp-idf/components/mbedtls /home/tikhon/Документы/magnolia/esp-idf/components/mqtt /home/tikhon/Документы/magnolia/esp-idf/components/newlib /home/tikhon/Документы/magnolia/esp-idf/components/nvs_flash /home/tikhon/Документы/magnolia/esp-idf/components/nvs_sec_provider /home/tikhon/Документы/magnolia/esp-idf/components/openthread /home/tikhon/Документы/magnolia/esp-idf/components/partition_table /home/tikhon/Документы/magnolia/esp-idf/components/perfmon /home/tikhon/Документы/magnolia/esp-idf/components/protobuf-c /home/tikhon/Документы/magnolia/esp-idf/components/protocomm /home/tikhon/Документы/magnolia/esp-idf/components/pthread /home/tikhon/Документы/magnolia/esp-idf/components/rt /home/tikhon/Документы/magnolia/esp-idf/components/sdmmc /home/tikhon/Документы/magnolia/esp-idf/components/soc /home/tikhon/Документы/magnolia/esp-idf/components/spi_flash /home/tikhon/Документы/magnolia/esp-idf/components/spiffs /home/tikhon/Документы/magnolia/esp-idf/components/tcp_transport /home/tikhon/Документы/magnolia/esp-idf/components/touch_element /home/tikhon/Документы/magnolia/esp-idf/components/ulp /home/tikhon/Документы/magnolia/esp-idf/components/unity /home/tikhon/Документы/magnolia/esp-idf/components/usb /home/tikhon/Документы/magnolia/esp-idf/components/vfs /home/tikhon/Документы/magnolia/esp-idf/components/wear_levelling /home/tikhon/Документы/magnolia/esp-idf/components/wifi_provisioning /home/tikhon/Документы/magnolia/esp-idf/components/wpa_supplicant /home/tikhon/Документы/magnolia/esp-idf/components/xtensa
-- Configuring done (4.9s)
-- Generating done (0.7s)
[1/4] Building C object esp-idf/esp_app_format/CMakeFiles/__idf_esp_app_format.dir/esp_app_desc.c.obj
[1/4] Building C object esp-idf/esp_app_format/CMakeFiles/__idf_esp_app_format.dir/esp_app_desc.c.obj
[1/4] Building C object esp-idf/esp_app_format/CMakeFiles/__idf_esp_app_format.dir/esp_app_desc.c.obj
[1/6] Building C object esp-idf/esp_app_format/CMakeFiles/__idf_esp_app_format.dir/esp_app_desc.c.obj
-- Build files have been written to: /home/tikhon/Документы/magnolia/applets/mainline/cut/build
[1/6] Building C object esp-idf/esp_app_format/CMakeFiles/__idf_esp_app_format.dir/esp_app_desc.c.obj
[2/4] Linking C static library esp-idf/esp_app_format/libesp_app_format.a
[2/4] Linking C static library esp-idf/esp_app_format/libesp_app_format.a
[2/4] Linking C static library esp-idf/esp_app_format/libesp_app_format.a
[2/6] Linking C static library esp-idf/esp_app_format/libesp_app_format.a
[2/6] Linking C static library esp-idf/esp_app_format/libesp_app_format.a
[3/6] Building C object esp-idf/main/CMakeFiles/__idf_main.dir/main.c.obj
[3/4] Build ELF: chmod.app.elf
[3/4] Build ELF: du.app.elf
[1/4] Building C object esp-idf/esp_app_format/CMakeFiles/__idf_esp_app_format.dir/esp_app_desc.c.obj
[3/4] Build ELF: df.app.elf
[4/6] Linking C static library esp-idf/main/libmain.a
[1/4] Building C object esp-idf/esp_app_format/CMakeFiles/__idf_esp_app_format.dir/esp_app_desc.c.obj
[2/4] Linking C static library esp-idf/esp_app_format/libesp_app_format.a
[2/4] Linking C static library esp-idf/esp_app_format/libesp_app_format.a
[5/6] Build ELF: echo.app.elf
[3/6] Building C object esp-idf/main/CMakeFiles/__idf_main.dir/main.c.obj
[3/4] Build ELF: chown.app.elf
[3/4] Build ELF: cd.app.elf
[1/4] Building C object esp-idf/esp_app_format/CMakeFiles/__idf_esp_app_format.dir/esp_app_desc.c.obj
[4/6] Linking C static library esp-idf/main/libmain.a
[2/4] Linking C static library esp-idf/esp_app_format/libesp_app_format.a
[5/6] Build ELF: cat.app.elf
[3/4] Build ELF: cp.app.elf
[1/4] Building C object esp-idf/esp_app_format/CMakeFiles/__idf_esp_app_format.dir/esp_app_desc.c.obj
[2/4] Linking C static library esp-idf/esp_app_format/libesp_app_format.a
[3/4] Build ELF: date.app.elf
-- Compiler supported targets: xtensa-esp-elf
Applet df OK -> /home/tikhon/Документы/magnolia/rootfs/bin/df
Building applet elftest -> elftest ...
+ idf.py elf
Applet du OK -> /home/tikhon/Документы/magnolia/rootfs/bin/du
Building applet env -> env ...
+ idf.py elf
Applet chmod OK -> /home/tikhon/Документы/magnolia/rootfs/bin/chmod
Building applet false -> false ...
+ idf.py elf
[1/6] Building C object esp-idf/esp_app_format/CMakeFiles/__idf_esp_app_format.dir/esp_app_desc.c.obj
Applet echo OK -> /home/tikhon/Документы/magnolia/rootfs/bin/echo
Building applet free -> free ...
+ idf.py elf
[2/6] Linking C static library esp-idf/esp_app_format/libesp_app_format.a
Applet cd OK -> /home/tikhon/Документы/magnolia/rootfs/bin/cd
Building applet head -> head ...
+ idf.py elf
Applet cp OK -> /home/tikhon/Документы/magnolia/rootfs/bin/cp
Building applet hexdump -> hexdump ...
+ idf.py elf
Applet chown OK -> /home/tikhon/Документы/magnolia/rootfs/bin/chown
Building applet init -> init ...
+ idf.py elf
Applet cat OK -> /home/tikhon/Документы/magnolia/rootfs/bin/cat
Building applet kill -> kill ...
[3/6] Building C object esp-idf/main/CMakeFiles/__idf_main.dir/main.c.obj
+ idf.py elf
-- App "dd" version: c092b7f-dirty
Applet date OK -> /home/tikhon/Документы/magnolia/rootfs/bin/date
Building applet ln -> ln ...
+ idf.py elf
[4/6] Linking C static library esp-idf/main/libmain.a
-- Generating done (0.5s)
[5/6] Build ELF: cut.app.elf
-- Build files have been written to: /home/tikhon/Документы/magnolia/applets/mainline/cmp/build
-- Generating done (0.5s)
-- Generating done (0.5s)
-- Build files have been written to: /home/tikhon/Документы/magnolia/applets/mainline/cksum/build
-- Generating done (0.5s)
-- Build files have been written to: /home/tikhon/Документы/magnolia/applets/mainline/comm/build
-- Build files have been written to: /home/tikhon/Документы/magnolia/applets/mainline/dirname/build
Applet cut OK -> /home/tikhon/Документы/magnolia/rootfs/bin/cut
Building applet login -> login ...
+ idf.py elf
-- USING O3
-- Adding linker script /home/tikhon/Документы/magnolia/applets/mainline/dd/build/esp-idf/esp_system/ld/memory.ld
-- Adding linker script /home/tikhon/Документы/magnolia/applets/mainline/dd/build/esp-idf/esp_system/ld/sections.ld.in
-- Generating done (0.6s)
-- Adding linker script /home/tikhon/Документы/magnolia/esp-idf/components/esp_rom/esp32s3/ld/esp32s3.rom.ld
-- Adding linker script /home/tikhon/Документы/magnolia/esp-idf/components/esp_rom/esp32s3/ld/esp32s3.rom.api.ld
-- Adding linker script /home/tikhon/Документы/magnolia/esp-idf/components/esp_rom/esp32s3/ld/esp32s3.rom.bt_funcs.ld
-- Adding linker script /home/tikhon/Документы/magnolia/esp-idf/components/esp_rom/esp32s3/ld/esp32s3.rom.libgcc.ld
-- Adding linker script /home/tikhon/Документы/magnolia/esp-idf/components/esp_rom/esp32s3/ld/esp32s3.rom.wdt.ld
-- Adding linker script /home/tikhon/Документы/magnolia/esp-idf/components/esp_rom/esp32s3/ld/esp32s3.rom.version.ld
-- Adding linker script /home/tikhon/Документы/magnolia/esp-idf/components/esp_rom/esp32s3/ld/esp32s3.rom.ble_master.ld
-- Adding linker script /home/tikhon/Документы/magnolia/esp-idf/components/esp_rom/esp32s3/ld/esp32s3.rom.ble_50.ld
-- Adding linker script /home/tikhon/Документы/magnolia/esp-idf/components/esp_rom/esp32s3/ld/esp32s3.rom.ble_smp.ld
-- Adding linker script /home/tikhon/Документы/magnolia/esp-idf/components/esp_rom/esp32s3/ld/esp32s3.rom.ble_dtm.ld
-- Adding linker script /home/tikhon/Документы/magnolia/esp-idf/components/esp_rom/esp32s3/ld/esp32s3.rom.ble_test.ld
-- Adding linker script /home/tikhon/Документы/magnolia/esp-idf/components/esp_rom/esp32s3/ld/esp32s3.rom.ble_scan.ld
-- Adding linker script /home/tikhon/Документы/magnolia/esp-idf/components/esp_rom/esp32s3/ld/esp32s3.rom.libc.ld
-- Adding linker script /home/tikhon/Документы/magnolia/esp-idf/components/esp_rom/esp32s3/ld/esp32s3.rom.newlib.ld
-- Adding linker script /home/tikhon/Документы/magnolia/esp-idf/components/soc/esp32s3/ld/esp32s3.peripherals.ld
+ idf.py elf
+ idf.py elf
-- Build files have been written to: /home/tikhon/Документы/magnolia/applets/mainline/basename/build
+ idf.py elf
+ idf.py elf
-- ELF_LOADER: 1.1.1
+ idf.py elf
Executing action: elf
Running ninja in directory /home/tikhon/Документы/magnolia/applets/mainline/elftest/build
Executing "ninja elf"...
[0/1] Re-running CMake...
Executing action: elf
Running ninja in directory /home/tikhon/Документы/magnolia/applets/mainline/env/build
Executing "ninja elf"...
[0/1] Re-running CMake...
Executing action: elf
Running ninja in directory /home/tikhon/Документы/magnolia/applets/mainline/false/build
Executing "ninja elf"...
[0/1] Re-running CMake...
Executing action: elf
Running ninja in directory /home/tikhon/Документы/magnolia/applets/mainline/init/build
Executing "ninja elf"...
[0/1] Re-running CMake...
Executing action: elf
Running ninja in directory /home/tikhon/Документы/magnolia/applets/mainline/head/build
Executing "ninja elf"...
[0/1] Re-running CMake...
Executing action: elf
Running ninja in directory /home/tikhon/Документы/magnolia/applets/mainline/free/build
Executing "ninja elf"...
[0/1] Re-running CMake...
Executing action: elf
Running ninja in directory /home/tikhon/Документы/magnolia/applets/mainline/kill/build
Executing "ninja elf"...
[0/1] Re-running CMake...
Executing action: elf
Running ninja in directory /home/tikhon/Документы/magnolia/applets/mainline/ln/build
Executing "ninja elf"...
[0/1] Re-running CMake...
Executing action: elf
Running ninja in directory /home/tikhon/Документы/magnolia/applets/mainline/hexdump/build
Executing "ninja elf"...
[0/1] Re-running CMake...
-- Components: app_trace app_update bootloader bootloader_support bt cmock console cxx driver efuse esp-tls esp_adc esp_app_format esp_bootloader_format esp_coex esp_common esp_driver_ana_cmpr esp_driver_bitscrambler esp_driver_cam esp_driver_dac esp_driver_gpio esp_driver_gptimer esp_driver_i2c esp_driver_i2s esp_driver_i3c esp_driver_isp esp_driver_jpeg esp_driver_ledc esp_driver_mcpwm esp_driver_parlio esp_driver_pcnt esp_driver_ppa esp_driver_rmt esp_driver_sd_intf esp_driver_sdio esp_driver_sdm esp_driver_sdmmc esp_driver_sdspi esp_driver_spi esp_driver_touch_sens esp_driver_tsens esp_driver_twai esp_driver_uart esp_driver_usb_serial_jtag esp_eth esp_event esp_gdbstub esp_hid esp_http_client esp_http_server esp_https_ota esp_https_server esp_hw_support esp_lcd esp_local_ctrl esp_mm esp_netif esp_netif_stack esp_partition esp_phy esp_pm esp_psram esp_ringbuf esp_rom esp_security esp_system esp_timer esp_vfs_console esp_wifi espcoredump espressif__cmake_utilities espressif__elf_loader esptool_py fatfs freertos hal heap http_parser idf_test ieee802154 json log lwip main mbedtls mqtt newlib nvs_flash nvs_sec_provider openthread partition_table perfmon protobuf-c protocomm pthread rt sdmmc soc spi_flash spiffs tcp_transport touch_element ulp unity usb vfs wear_levelling wifi_provisioning wpa_supplicant xtensa
-- Component paths: /home/tikhon/Документы/magnolia/esp-idf/components/app_trace /home/tikhon/Документы/magnolia/esp-idf/components/app_update /home/tikhon/Документы/magnolia/esp-idf/components/bootloader /home/tikhon/Документы/magnolia/esp-idf/components/bootloader_support /home/tikhon/Документы/magnolia/esp-idf/components/bt /home/tikhon/Документы/magnolia/esp-idf/components/cmock /home/tikhon/Документы/magnolia/esp-idf/components/console /home/tikhon/Документы/magnolia/esp-idf/components/cxx /home/tikhon/Документы/magnolia/esp-idf/components/driver /home/tikhon/Документы/magnolia/esp-idf/components/efuse /home/tikhon/Документы/magnolia/esp-idf/components/esp-tls /home/tikhon/Документы/magnolia/esp-idf/components/esp_adc /home/tikhon/Документы/magnolia/esp-idf/components/esp_app_format /home/tikhon/Документы/magnolia/esp-idf/components/esp_bootloader_format /home/tikhon/Документы/magnolia/esp-idf/components/esp_coex /home/tikhon/Документы/magnolia/esp-idf/components/esp_common /home/tikhon/Документы/magnolia/esp-idf/components/esp_driver_ana_cmpr /home/tikhon/Документы/magnolia/esp-idf/components/esp_driver_bitscrambler /home/tikhon/Документы/magnolia/esp-idf/components/esp_driver_cam /home/tikhon/Документы/magnolia/esp-idf/components/esp_driver_dac /home/tikhon/Документы/magnolia/esp-idf/components/esp_driver_gpio /home/tikhon/Документы/magnolia/esp-idf/components/esp_driver_gptimer /home/tikhon/Документы/magnolia/esp-idf/components/esp_driver_i2c /home/tikhon/Документы/magnolia/esp-idf/components/esp_driver_i2s /home/tikhon/Документы/magnolia/esp-idf/components/esp_driver_i3c /home/tikhon/Документы/magnolia/esp-idf/components/esp_driver_isp /home/tikhon/Документы/magnolia/esp-idf/components/esp_driver_jpeg /home/tikhon/Документы/magnolia/esp-idf/components/esp_driver_ledc /home/tikhon/Документы/magnolia/esp-idf/components/esp_driver_mcpwm /home/tikhon/Документы/magnolia/esp-idf/components/esp_driver_parlio /home/tikhon/Документы/magnolia/esp-idf/components/esp_driver_pcnt /home/tikhon/Документы/magnolia/esp-idf/components/esp_driver_ppa /home/tikhon/Документы/magnolia/esp-idf/components/esp_driver_rmt /home/tikhon/Документы/magnolia/esp-idf/components/esp_driver_sd_intf /home/tikhon/Документы/magnolia/esp-idf/components/esp_driver_sdio /home/tikhon/Документы/magnolia/esp-idf/components/esp_driver_sdm /home/tikhon/Документы/magnolia/esp-idf/components/esp_driver_sdmmc /home/tikhon/Документы/magnolia/esp-idf/components/esp_driver_sdspi /home/tikhon/Документы/magnolia/esp-idf/components/esp_driver_spi /home/tikhon/Документы/magnolia/esp-idf/components/esp_driver_touch_sens /home/tikhon/Документы/magnolia/esp-idf/components/esp_driver_tsens /home/tikhon/Документы/magnolia/esp-idf/components/esp_driver_twai /home/tikhon/Документы/magnolia/esp-idf/components/esp_driver_uart /home/tikhon/Документы/magnolia/esp-idf/components/esp_driver_usb_serial_jtag /home/tikhon/Документы/magnolia/esp-idf/components/esp_eth /home/tikhon/Документы/magnolia/esp-idf/components/esp_event /home/tikhon/Документы/magnolia/esp-idf/components/esp_gdbstub /home/tikhon/Документы/magnolia/esp-idf/components/esp_hid /home/tikhon/Документы/magnolia/esp-idf/components/esp_http_client /home/tikhon/Документы/magnolia/esp-idf/components/esp_http_server /home/tikhon/Документы/magnolia/esp-idf/components/esp_https_ota /home/tikhon/Документы/magnolia/esp-idf/components/esp_https_server /home/tikhon/Документы/magnolia/esp-idf/components/esp_hw_support /home/tikhon/Документы/magnolia/esp-idf/components/esp_lcd /home/tikhon/Документы/magnolia/esp-idf/components/esp_local_ctrl /home/tikhon/Документы/magnolia/esp-idf/components/esp_mm /home/tikhon/Документы/magnolia/esp-idf/components/esp_netif /home/tikhon/Документы/magnolia/esp-idf/components/esp_netif_stack /home/tikhon/Документы/magnolia/esp-idf/components/esp_partition /home/tikhon/Документы/magnolia/esp-idf/components/esp_phy /home/tikhon/Документы/magnolia/esp-idf/components/esp_pm /home/tikhon/Документы/magnolia/esp-idf/components/esp_psram /home/tikhon/Документы/magnolia/esp-idf/components/esp_ringbuf /home/tikhon/Документы/magnolia/esp-idf/components/esp_rom /home/tikhon/Документы/magnolia/esp-idf/components/esp_security /home/tikhon/Документы/magnolia/esp-idf/components/esp_system /home/tikhon/Документы/magnolia/esp-idf/components/esp_timer /home/tikhon/Документы/magnolia/esp-idf/components/esp_vfs_console /home/tikhon/Документы/magnolia/esp-idf/components/esp_wifi /home/tikhon/Документы/magnolia/esp-idf/components/espcoredump /home/tikhon/Документы/magnolia/applets/mainline/dd/managed_components/espressif__cmake_utilities /home/tikhon/Документы/magnolia/applets/mainline/dd/managed_components/espressif__elf_loader /home/tikhon/Документы/magnolia/esp-idf/components/esptool_py /home/tikhon/Документы/magnolia/esp-idf/components/fatfs /home/tikhon/Документы/magnolia/esp-idf/components/freertos /home/tikhon/Документы/magnolia/esp-idf/components/hal /home/tikhon/Документы/magnolia/esp-idf/components/heap /home/tikhon/Документы/magnolia/esp-idf/components/http_parser /home/tikhon/Документы/magnolia/esp-idf/components/idf_test /home/tikhon/Документы/magnolia/esp-idf/components/ieee802154 /home/tikhon/Документы/magnolia/esp-idf/components/json /home/tikhon/Документы/magnolia/esp-idf/components/log /home/tikhon/Документы/magnolia/esp-idf/components/lwip /home/tikhon/Документы/magnolia/applets/mainline/dd/main /home/tikhon/Документы/magnolia/esp-idf/components/mbedtls /home/tikhon/Документы/magnolia/esp-idf/components/mqtt /home/tikhon/Документы/magnolia/esp-idf/components/newlib /home/tikhon/Документы/magnolia/esp-idf/components/nvs_flash /home/tikhon/Документы/magnolia/esp-idf/components/nvs_sec_provider /home/tikhon/Документы/magnolia/esp-idf/components/openthread /home/tikhon/Документы/magnolia/esp-idf/components/partition_table /home/tikhon/Документы/magnolia/esp-idf/components/perfmon /home/tikhon/Документы/magnolia/esp-idf/components/protobuf-c /home/tikhon/Документы/magnolia/esp-idf/components/protocomm /home/tikhon/Документы/magnolia/esp-idf/components/pthread /home/tikhon/Документы/magnolia/esp-idf/components/rt /home/tikhon/Документы/magnolia/esp-idf/components/sdmmc /home/tikhon/Документы/magnolia/esp-idf/components/soc /home/tikhon/Документы/magnolia/esp-idf/components/spi_flash /home/tikhon/Документы/magnolia/esp-idf/components/spiffs /home/tikhon/Документы/magnolia/esp-idf/components/tcp_transport /home/tikhon/Документы/magnolia/esp-idf/components/touch_element /home/tikhon/Документы/magnolia/esp-idf/components/ulp /home/tikhon/Документы/magnolia/esp-idf/components/unity /home/tikhon/Документы/magnolia/esp-idf/components/usb /home/tikhon/Документы/magnolia/esp-idf/components/vfs /home/tikhon/Документы/magnolia/esp-idf/components/wear_levelling /home/tikhon/Документы/magnolia/esp-idf/components/wifi_provisioning /home/tikhon/Документы/magnolia/esp-idf/components/wpa_supplicant /home/tikhon/Документы/magnolia/esp-idf/components/xtensa
-- Configuring done (6.2s)
Executing action: elf
Running ninja in directory /home/tikhon/Документы/magnolia/applets/mainline/login/build
Executing "ninja elf"...
[0/1] Re-running CMake...
Executing action: elf
Executing action: elf
Running ninja in directory /home/tikhon/Документы/magnolia/applets/mainline/cmp/build
Executing "ninja elf"...
[1/1044] Generating /home/tikhon/Документы/magnolia/applets/mainline/cmp/build/esp-idf/esp_system/ld/memory.ld linker script...
[2/1044] Generating /home/tikhon/Документы/magnolia/applets/mainline/cmp/build/esp-idf/esp_system/ld/sections.ld.in linker script...
Executing action: elf
Running ninja in directory /home/tikhon/Документы/magnolia/applets/mainline/comm/build
Executing "ninja elf"...
[1/1044] Generating /home/tikhon/Документы/magnolia/applets/mainline/comm/build/esp-idf/esp_system/ld/sections.ld.in linker script...
[2/1044] Generating /home/tikhon/Документы/magnolia/applets/mainline/comm/build/esp-idf/esp_system/ld/memory.ld linker script...
Command failed (2): idf.py elf
Elf target failed for cksum; running `idf.py build` instead.
+ idf.py build
Executing action: elf
Running ninja in directory /home/tikhon/Документы/magnolia/applets/mainline/dirname/build
Executing "ninja elf"...
[1/1044] Generating /home/tikhon/Документы/magnolia/applets/mainline/dirname/build/esp-idf/esp_system/ld/memory.ld linker script...
[2/1044] Generating /home/tikhon/Документы/magnolia/applets/mainline/dirname/build/esp-idf/esp_system/ld/sections.ld.in linker script...
[3/1044] Building C object esp-idf/esp_http_client/CMakeFiles/__idf_esp_http_client.dir/lib/http_header.c.obj
[3/1044] Building C object esp-idf/esp_http_client/CMakeFiles/__idf_esp_http_client.dir/lib/http_header.c.obj
[4/1044] Building C object esp-idf/esp_http_client/CMakeFiles/__idf_esp_http_client.dir/lib/http_utils.c.obj
[5/1044] Building C object esp-idf/tcp_transport/CMakeFiles/__idf_tcp_transport.dir/transport_socks_proxy.c.obj
[6/1044] Building C object esp-idf/esp_http_server/CMakeFiles/__idf_esp_http_server.dir/src/util/ctrl_sock.c.obj
[4/1044] Building C object esp-idf/esp_http_server/CMakeFiles/__idf_esp_http_server.dir/src/httpd_ws.c.obj
[7/1044] Building C object esp-idf/esp_https_ota/CMakeFiles/__idf_esp_https_ota.dir/src/esp_https_ota.c.obj
[8/1044] Building C object esp-idf/esp_http_server/CMakeFiles/__idf_esp_http_server.dir/src/httpd_ws.c.obj
[5/1044] Building C object esp-idf/esp_http_client/CMakeFiles/__idf_esp_http_client.dir/lib/http_utils.c.obj
[9/1044] Building C object esp-idf/esp_http_server/CMakeFiles/__idf_esp_http_server.dir/src/httpd_uri.c.obj
[3/1044] Building C object esp-idf/esp_http_server/CMakeFiles/__idf_esp_http_server.dir/src/httpd_uri.c.obj
[6/1044] Building C object esp-idf/esp_http_server/CMakeFiles/__idf_esp_http_server.dir/src/util/ctrl_sock.c.obj
[7/1044] Building C object esp-idf/esp_adc/CMakeFiles/__idf_esp_adc.dir/adc_oneshot.c.obj
[8/1044] Building C object esp-idf/esp_adc/CMakeFiles/__idf_esp_adc.dir/adc_cali.c.obj
[10/1044] Linking C static library esp-idf/esp_https_ota/libesp_https_ota.a
[11/1044] Building C object esp-idf/esp_adc/CMakeFiles/__idf_esp_adc.dir/adc_cali.c.obj
[9/1044] Building C object esp-idf/esp_http_server/CMakeFiles/__idf_esp_http_server.dir/src/httpd_sess.c.obj
[4/1044] Building C object esp-idf/esp_http_client/CMakeFiles/__idf_esp_http_client.dir/lib/http_header.c.obj
[5/1044] Building C object esp-idf/esp_http_client/CMakeFiles/__idf_esp_http_client.dir/lib/http_auth.c.obj
[12/1044] Building C object esp-idf/tcp_transport/CMakeFiles/__idf_tcp_transport.dir/transport_internal.c.obj
[10/1044] Building C object esp-idf/esp_adc/CMakeFiles/__idf_esp_adc.dir/adc_cali_curve_fitting.c.obj
[6/1044] Building C object esp-idf/esp_http_client/CMakeFiles/__idf_esp_http_client.dir/lib/http_utils.c.obj
[7/1044] Building C object esp-idf/esp_http_server/CMakeFiles/__idf_esp_http_server.dir/src/util/ctrl_sock.c.obj
[13/1044] Building C object esp-idf/esp_http_server/CMakeFiles/__idf_esp_http_server.dir/src/httpd_sess.c.obj
[14/1044] Building C object esp-idf/esp_http_client/CMakeFiles/__idf_esp_http_client.dir/lib/http_auth.c.obj
[15/1044] Building C object esp-idf/esp_adc/CMakeFiles/__idf_esp_adc.dir/adc_cali_curve_fitting.c.obj
[8/1044] Building C object esp-idf/esp_adc/CMakeFiles/__idf_esp_adc.dir/adc_cali.c.obj
[9/1044] Building C object esp-idf/esp_http_server/CMakeFiles/__idf_esp_http_server.dir/src/httpd_ws.c.obj
[16/1044] Building C object esp-idf/esp_http_server/CMakeFiles/__idf_esp_http_server.dir/src/httpd_main.c.obj
[11/1044] Building C object esp-idf/tcp_transport/CMakeFiles/__idf_tcp_transport.dir/transport_internal.c.obj
[12/1044] Building C object esp-idf/esp_adc/CMakeFiles/__idf_esp_adc.dir/esp32s3/curve_fitting_coefficients.c.obj
[13/1044] Building C object esp-idf/esp_http_client/CMakeFiles/__idf_esp_http_client.dir/lib/http_auth.c.obj
[17/1044] Building C object esp-idf/esp_adc/CMakeFiles/__idf_esp_adc.dir/esp32s3/curve_fitting_coefficients.c.obj
[10/1044] Building C object esp-idf/tcp_transport/CMakeFiles/__idf_tcp_transport.dir/transport_internal.c.obj
[14/1044] Building C object esp-idf/tcp_transport/CMakeFiles/__idf_tcp_transport.dir/transport_socks_proxy.c.obj
[18/1044] Building C object esp-idf/esp_adc/CMakeFiles/__idf_esp_adc.dir/adc_oneshot.c.obj
[19/1044] Building C object esp-idf/tcp_transport/CMakeFiles/__idf_tcp_transport.dir/transport.c.obj
[15/1044] Building C object esp-idf/esp_adc/CMakeFiles/__idf_esp_adc.dir/adc_common.c.obj
[16/1044] Building C object esp-idf/esp_http_server/CMakeFiles/__idf_esp_http_server.dir/src/httpd_uri.c.obj
[17/1044] Building C object esp-idf/esp-tls/CMakeFiles/__idf_esp-tls.dir/esp-tls-crypto/esp_tls_crypto.c.obj
[11/1044] Building C object esp-idf/tcp_transport/CMakeFiles/__idf_tcp_transport.dir/transport_ssl.c.obj
[20/1044] Building C object esp-idf/esp_http_server/CMakeFiles/__idf_esp_http_server.dir/src/httpd_txrx.c.obj
Executing action: elf
Running ninja in directory /home/tikhon/Документы/magnolia/applets/mainline/basename/build
Executing "ninja elf"...
[1/1044] Generating /home/tikhon/Документы/magnolia/applets/mainline/basename/build/esp-idf/esp_system/ld/memory.ld linker script...
[2/1044] Generating /home/tikhon/Документы/magnolia/applets/mainline/basename/build/esp-idf/esp_system/ld/sections.ld.in linker script...
[21/1044] Building C object esp-idf/esp-tls/CMakeFiles/__idf_esp-tls.dir/esp-tls-crypto/esp_tls_crypto.c.obj
[22/1044] Building C object esp-idf/esp-tls/CMakeFiles/__idf_esp-tls.dir/esp_tls_platform_port.c.obj
[12/1044] Building C object esp-idf/esp_adc/CMakeFiles/__idf_esp_adc.dir/gdma/adc_dma.c.obj
[23/1044] Building C object esp-idf/esp_http_server/CMakeFiles/__idf_esp_http_server.dir/src/httpd_parse.c.obj
[24/1044] Building C object esp-idf/esp_adc/CMakeFiles/__idf_esp_adc.dir/adc_common.c.obj
[13/1044] Building C object esp-idf/tcp_transport/CMakeFiles/__idf_tcp_transport.dir/transport_socks_proxy.c.obj
[25/1044] Building C object esp-idf/esp_adc/CMakeFiles/__idf_esp_adc.dir/adc_monitor.c.obj
[18/1044] Building C object esp-idf/esp_adc/CMakeFiles/__idf_esp_adc.dir/adc_continuous.c.obj
[14/1044] Building C object esp-idf/esp_adc/CMakeFiles/__idf_esp_adc.dir/adc_cali_curve_fitting.c.obj
[19/1044] Building C object esp-idf/esp_adc/CMakeFiles/__idf_esp_adc.dir/gdma/adc_dma.c.obj
[20/1044] Building C object esp-idf/esp-tls/CMakeFiles/__idf_esp-tls.dir/esp_tls_platform_port.c.obj
[15/1044] Building C object esp-idf/esp_adc/CMakeFiles/__idf_esp_adc.dir/adc_common.c.obj
[26/1044] Building C object esp-idf/esp_adc/CMakeFiles/__idf_esp_adc.dir/adc_filter.c.obj
[16/1044] Building C object esp-idf/esp_adc/CMakeFiles/__idf_esp_adc.dir/esp32s3/curve_fitting_coefficients.c.obj
[21/1044] Building C object esp-idf/esp_http_server/CMakeFiles/__idf_esp_http_server.dir/src/httpd_parse.c.obj
[17/1044] Building C object esp-idf/esp_http_server/CMakeFiles/__idf_esp_http_server.dir/src/httpd_sess.c.obj
[22/1044] Building C object esp-idf/esp_http_server/CMakeFiles/__idf_esp_http_server.dir/src/httpd_main.c.obj
[18/1044] Building C object esp-idf/esp_adc/CMakeFiles/__idf_esp_adc.dir/adc_oneshot.c.obj
[3/1044] Building C object esp-idf/esp_http_client/CMakeFiles/__idf_esp_http_client.dir/lib/http_utils.c.obj
[23/1044] Building C object esp-idf/esp_http_server/CMakeFiles/__idf_esp_http_server.dir/src/httpd_txrx.c.obj
[27/1044] Linking C static library esp-idf/esp_http_server/libesp_http_server.a
[19/1044] Building C object esp-idf/esp-tls/CMakeFiles/__idf_esp-tls.dir/esp-tls-crypto/esp_tls_crypto.c.obj
[20/1044] Building C object esp-idf/esp_http_server/CMakeFiles/__idf_esp_http_server.dir/src/httpd_main.c.obj
[21/1044] Building C object esp-idf/esp_http_server/CMakeFiles/__idf_esp_http_server.dir/src/httpd_txrx.c.obj
[4/1044] Building C object esp-idf/esp_http_client/CMakeFiles/__idf_esp_http_client.dir/lib/http_auth.c.obj
-- Minimal build - OFF
[28/1044] Building C object esp-idf/esp-tls/CMakeFiles/__idf_esp-tls.dir/esp_tls_error_capture.c.obj
[22/1044] Building C object esp-idf/esp-tls/CMakeFiles/__idf_esp-tls.dir/esp_tls_platform_port.c.obj
[29/1044] Building C object esp-idf/esp_adc/CMakeFiles/__idf_esp_adc.dir/gdma/adc_dma.c.obj
[24/1044] Building C object esp-idf/esp_https_ota/CMakeFiles/__idf_esp_https_ota.dir/src/esp_https_ota.c.obj
[25/1044] Building C object esp-idf/tcp_transport/CMakeFiles/__idf_tcp_transport.dir/transport.c.obj
[26/1044] Building C object esp-idf/esp_adc/CMakeFiles/__idf_esp_adc.dir/adc_filter.c.obj
-- Minimal build - OFF
-- Minimal build - OFF
[30/1044] Building C object esp-idf/tcp_transport/CMakeFiles/__idf_tcp_transport.dir/transport_ssl.c.obj
[23/1044] Building C object esp-idf/esp_http_server/CMakeFiles/__idf_esp_http_server.dir/src/httpd_parse.c.obj
[24/1044] Building C object esp-idf/tcp_transport/CMakeFiles/__idf_tcp_transport.dir/transport.c.obj
[27/1044] Building C object esp-idf/esp-tls/CMakeFiles/__idf_esp-tls.dir/esp_tls_error_capture.c.obj
-- Minimal build - OFF
[28/1044] Linking C static library esp-idf/esp_https_ota/libesp_https_ota.a
[31/1044] Building C object esp-idf/esp_driver_twai/CMakeFiles/__idf_esp_driver_twai.dir/esp_twai_onchip.c.obj
[25/1044] Building C object esp-idf/esp_adc/CMakeFiles/__idf_esp_adc.dir/adc_monitor.c.obj
-- Building ESP-IDF components for target esp32s3
-- Minimal build - OFF
-- Building ESP-IDF components for target esp32s3
[32/1044] Building C object esp-idf/esp_adc/CMakeFiles/__idf_esp_adc.dir/adc_continuous.c.obj
[5/1044] Building C object esp-idf/esp_adc/CMakeFiles/__idf_esp_adc.dir/adc_cali.c.obj
[26/1044] Building C object esp-idf/esp_https_ota/CMakeFiles/__idf_esp_https_ota.dir/src/esp_https_ota.c.obj
[6/1044] Building C object esp-idf/esp_http_server/CMakeFiles/__idf_esp_http_server.dir/src/util/ctrl_sock.c.obj
[7/1044] Building C object esp-idf/esp_http_client/CMakeFiles/__idf_esp_http_client.dir/lib/http_header.c.obj
[29/1044] Building C object esp-idf/esp_adc/CMakeFiles/__idf_esp_adc.dir/adc_monitor.c.obj
[33/1044] Building C object esp-idf/esp_driver_twai/CMakeFiles/__idf_esp_driver_twai.dir/esp_twai.c.obj
[30/1044] Linking C static library esp-idf/esp_http_server/libesp_http_server.a
[34/1044] Building C object esp-idf/driver/CMakeFiles/__idf_driver.dir/touch_sensor/touch_sensor_common.c.obj
-- Minimal build - OFF
-- Building ESP-IDF components for target esp32s3
[31/1044] Building C object esp-idf/tcp_transport/CMakeFiles/__idf_tcp_transport.dir/transport_ws.c.obj
[8/1044] Building C object esp-idf/esp_http_server/CMakeFiles/__idf_esp_http_server.dir/src/httpd_ws.c.obj
-- Building ESP-IDF components for target esp32s3
[27/1044] Linking C static library esp-idf/esp_https_ota/libesp_https_ota.a
-- Minimal build - OFF
[32/1044] Building C object esp-idf/tcp_transport/CMakeFiles/__idf_tcp_transport.dir/transport_ssl.c.obj
[28/1044] Building C object esp-idf/esp-tls/CMakeFiles/__idf_esp-tls.dir/esp_tls_error_capture.c.obj
[35/1044] Building C object esp-idf/tcp_transport/CMakeFiles/__idf_tcp_transport.dir/transport_ws.c.obj
[9/1044] Building C object esp-idf/tcp_transport/CMakeFiles/__idf_tcp_transport.dir/transport_socks_proxy.c.obj
[10/1044] Building C object esp-idf/esp_http_server/CMakeFiles/__idf_esp_http_server.dir/src/httpd_uri.c.obj
-- Generating done (1.7s)
-- Building ESP-IDF components for target esp32s3
[29/1044] Building C object esp-idf/esp_adc/CMakeFiles/__idf_esp_adc.dir/adc_filter.c.obj
-- Minimal build - OFF
[11/1044] Building C object esp-idf/esp_adc/CMakeFiles/__idf_esp_adc.dir/adc_common.c.obj
-- Minimal build - OFF
[30/1044] Linking C static library esp-idf/esp_http_server/libesp_http_server.a
-- Building ESP-IDF components for target esp32s3
[12/1044] Building C object esp-idf/tcp_transport/CMakeFiles/__idf_tcp_transport.dir/transport.c.obj
[31/1044] Building C object esp-idf/tcp_transport/CMakeFiles/__idf_tcp_transport.dir/transport_ws.c.obj
[36/1044] Building C object esp-idf/esp_driver_sdm/CMakeFiles/__idf_esp_driver_sdm.dir/src/sdm.c.obj
-- Building ESP-IDF components for target esp32s3
-- Build files have been written to: /home/tikhon/Документы/magnolia/applets/mainline/dd/build
[32/1044] Building C object esp-idf/driver/CMakeFiles/__idf_driver.dir/touch_sensor/touch_sensor_common.c.obj
-- Building ESP-IDF components for target esp32s3
[33/1044] Building C object esp-idf/esp_adc/CMakeFiles/__idf_esp_adc.dir/adc_continuous.c.obj
[13/1044] Building C object esp-idf/esp_adc/CMakeFiles/__idf_esp_adc.dir/adc_oneshot.c.obj
[14/1044] Building C object esp-idf/esp-tls/CMakeFiles/__idf_esp-tls.dir/esp-tls-crypto/esp_tls_crypto.c.obj
[33/1044] Building C object esp-idf/driver/CMakeFiles/__idf_driver.dir/touch_sensor/touch_sensor_common.c.obj
[15/1044] Building C object esp-idf/tcp_transport/CMakeFiles/__idf_tcp_transport.dir/transport_internal.c.obj
-- Building ESP-IDF components for target esp32s3
[16/1044] Building C object esp-idf/esp_adc/CMakeFiles/__idf_esp_adc.dir/esp32s3/curve_fitting_coefficients.c.obj
[17/1044] Building C object esp-idf/esp_adc/CMakeFiles/__idf_esp_adc.dir/adc_cali_curve_fitting.c.obj
[34/1044] Building C object esp-idf/driver/CMakeFiles/__idf_driver.dir/twai/twai.c.obj
[34/1044] Building C object esp-idf/esp_driver_twai/CMakeFiles/__idf_esp_driver_twai.dir/esp_twai.c.obj
[35/1044] Building C object esp-idf/esp_driver_twai/CMakeFiles/__idf_esp_driver_twai.dir/esp_twai.c.obj
[18/1044] Building C object esp-idf/esp_adc/CMakeFiles/__idf_esp_adc.dir/adc_continuous.c.obj
[19/1044] Building C object esp-idf/esp_http_server/CMakeFiles/__idf_esp_http_server.dir/src/httpd_sess.c.obj
[36/1044] Building C object esp-idf/esp_driver_sdm/CMakeFiles/__idf_esp_driver_sdm.dir/src/sdm.c.obj
[37/1044] Building C object esp-idf/esp_driver_i2c/CMakeFiles/__idf_esp_driver_i2c.dir/i2c_common.c.obj
[20/1044] Building C object esp-idf/esp-tls/CMakeFiles/__idf_esp-tls.dir/esp_tls_platform_port.c.obj
[35/1044] Building C object esp-idf/esp_driver_rmt/CMakeFiles/__idf_esp_driver_rmt.dir/src/rmt_encoder.c.obj
[21/1044] Building C object esp-idf/esp_http_server/CMakeFiles/__idf_esp_http_server.dir/src/httpd_parse.c.obj
[38/1044] Building C object esp-idf/driver/CMakeFiles/__idf_driver.dir/twai/twai.c.obj
[22/1044] Building C object esp-idf/esp_http_server/CMakeFiles/__idf_esp_http_server.dir/src/httpd_main.c.obj
[39/1044] Building C object esp-idf/esp_driver_rmt/CMakeFiles/__idf_esp_driver_rmt.dir/src/rmt_encoder.c.obj
[37/1044] Building C object esp-idf/esp_driver_rmt/CMakeFiles/__idf_esp_driver_rmt.dir/src/rmt_common.c.obj
[40/1044] Building C object esp-idf/esp_driver_rmt/CMakeFiles/__idf_esp_driver_rmt.dir/src/rmt_encoder_copy.c.obj
[23/1044] Building C object esp-idf/esp_https_ota/CMakeFiles/__idf_esp_https_ota.dir/src/esp_https_ota.c.obj
[24/1044] Building C object esp-idf/esp_http_server/CMakeFiles/__idf_esp_http_server.dir/src/httpd_txrx.c.obj
[41/1044] Building C object esp-idf/esp-tls/CMakeFiles/__idf_esp-tls.dir/esp_tls.c.obj
[42/1044] Building C object esp-idf/esp_driver_rmt/CMakeFiles/__idf_esp_driver_rmt.dir/src/rmt_encoder_bytes.c.obj
[25/1044] Building C object esp-idf/esp_adc/CMakeFiles/__idf_esp_adc.dir/gdma/adc_dma.c.obj
[26/1044] Building C object esp-idf/tcp_transport/CMakeFiles/__idf_tcp_transport.dir/transport_ssl.c.obj
[36/1044] Building C object esp-idf/esp_driver_i2c/CMakeFiles/__idf_esp_driver_i2c.dir/i2c_common.c.obj
[37/1044] Building C object esp-idf/driver/CMakeFiles/__idf_driver.dir/twai/twai.c.obj
[27/1044] Linking C static library esp-idf/esp_https_ota/libesp_https_ota.a
[38/1044] Building C object esp-idf/esp_http_client/CMakeFiles/__idf_esp_http_client.dir/esp_http_client.c.obj
[43/1044] Building C object esp-idf/esp_driver_sdspi/CMakeFiles/__idf_esp_driver_sdspi.dir/src/sdspi_crc.c.obj
[39/1044] Building C object esp-idf/esp_driver_rmt/CMakeFiles/__idf_esp_driver_rmt.dir/src/rmt_encoder_simple.c.obj
[38/1044] Building C object esp-idf/esp-tls/CMakeFiles/__idf_esp-tls.dir/esp_tls_mbedtls.c.obj
[44/1044] Building C object esp-idf/esp-tls/CMakeFiles/__idf_esp-tls.dir/esp_tls_mbedtls.c.obj
[28/1044] Building C object esp-idf/esp-tls/CMakeFiles/__idf_esp-tls.dir/esp_tls_error_capture.c.obj
[45/1044] Building C object esp-idf/esp_driver_tsens/CMakeFiles/__idf_esp_driver_tsens.dir/src/temperature_sensor.c.obj
[39/1044] Building C object esp-idf/esp_driver_tsens/CMakeFiles/__idf_esp_driver_tsens.dir/src/temperature_sensor.c.obj
[29/1044] Linking C static library esp-idf/esp_http_server/libesp_http_server.a
[46/1044] Building C object esp-idf/esp_driver_rmt/CMakeFiles/__idf_esp_driver_rmt.dir/src/rmt_encoder_simple.c.obj
[40/1044] Building C object esp-idf/esp_driver_rmt/CMakeFiles/__idf_esp_driver_rmt.dir/src/rmt_encoder_bytes.c.obj
[40/1044] Linking C static library esp-idf/esp_http_client/libesp_http_client.a
[41/1044] Building C object esp-idf/esp_driver_sdm/CMakeFiles/__idf_esp_driver_sdm.dir/src/sdm.c.obj
[42/1044] Building C object esp-idf/esp_driver_i2c/CMakeFiles/__idf_esp_driver_i2c.dir/i2c_slave.c.obj
[47/1044] Building C object esp-idf/esp_driver_i2c/CMakeFiles/__idf_esp_driver_i2c.dir/i2c_slave.c.obj
[48/1044] Building C object esp-idf/esp_driver_rmt/CMakeFiles/__idf_esp_driver_rmt.dir/src/rmt_common.c.obj
[30/1044] Building C object esp-idf/esp_adc/CMakeFiles/__idf_esp_adc.dir/adc_filter.c.obj
[41/1044] Linking C static library esp-idf/tcp_transport/libtcp_transport.a
[43/1044] Building C object esp-idf/esp_driver_sdspi/CMakeFiles/__idf_esp_driver_sdspi.dir/src/sdspi_crc.c.obj
[42/1044] Building C object esp-idf/esp_driver_rmt/CMakeFiles/__idf_esp_driver_rmt.dir/src/rmt_encoder.c.obj
[43/1044] Building C object esp-idf/esp_driver_i2c/CMakeFiles/__idf_esp_driver_i2c.dir/i2c_common.c.obj
[31/1044] Building C object esp-idf/esp_adc/CMakeFiles/__idf_esp_adc.dir/adc_monitor.c.obj
[44/1044] Building C object esp-idf/esp_driver_twai/CMakeFiles/__idf_esp_driver_twai.dir/esp_twai_onchip.c.obj
[45/1044] Building C object esp-idf/esp_driver_rmt/CMakeFiles/__idf_esp_driver_rmt.dir/src/rmt_common.c.obj
[44/1044] Building C object esp-idf/esp_driver_rmt/CMakeFiles/__idf_esp_driver_rmt.dir/src/rmt_encoder_copy.c.obj
[46/1044] Building C object esp-idf/esp-tls/CMakeFiles/__idf_esp-tls.dir/esp_tls.c.obj
[32/1044] Building C object esp-idf/tcp_transport/CMakeFiles/__idf_tcp_transport.dir/transport_ws.c.obj
-- Minimal build - OFF
[45/1044] Linking C static library esp-idf/esp_adc/libesp_adc.a
[46/1044] Building C object esp-idf/esp_driver_rmt/CMakeFiles/__idf_esp_driver_rmt.dir/src/rmt_encoder_bytes.c.obj
[47/1044] Building C object esp-idf/esp_driver_sdspi/CMakeFiles/__idf_esp_driver_sdspi.dir/src/sdspi_crc.c.obj
[49/1044] Building C object esp-idf/esp_driver_sdspi/CMakeFiles/__idf_esp_driver_sdspi.dir/src/sdspi_transaction.c.obj
[48/1044] Building C object esp-idf/esp_driver_tsens/CMakeFiles/__idf_esp_driver_tsens.dir/src/temperature_sensor.c.obj
[33/1044] Building C object esp-idf/driver/CMakeFiles/__idf_driver.dir/i2c/i2c.c.obj
[50/1044] Building C object esp-idf/esp_driver_sdmmc/CMakeFiles/__idf_esp_driver_sdmmc.dir/legacy/src/sdmmc_transaction.c.obj
[49/1044] Building C object esp-idf/esp-tls/CMakeFiles/__idf_esp-tls.dir/esp_tls_mbedtls.c.obj
[47/1044] Building C object esp-idf/esp_driver_rmt/CMakeFiles/__idf_esp_driver_rmt.dir/src/rmt_encoder_copy.c.obj
[50/1044] Building C object esp-idf/esp_driver_twai/CMakeFiles/__idf_esp_driver_twai.dir/esp_twai_onchip.c.obj
[51/1044] Building C object esp-idf/esp-tls/CMakeFiles/__idf_esp-tls.dir/esp_tls.c.obj
[48/1044] Building C object esp-idf/esp_driver_sdmmc/CMakeFiles/__idf_esp_driver_sdmmc.dir/legacy/src/sdmmc_transaction.c.obj
[34/1044] Building C object esp-idf/driver/CMakeFiles/__idf_driver.dir/touch_sensor/touch_sensor_common.c.obj
-- Building ESP-IDF components for target esp32s3
[35/1044] Building C object esp-idf/esp_driver_twai/CMakeFiles/__idf_esp_driver_twai.dir/esp_twai.c.obj
[51/1044] Building C object esp-idf/esp_driver_sd_intf/CMakeFiles/__idf_esp_driver_sd_intf.dir/sd_host.c.obj
[49/1044] Building C object esp-idf/esp_driver_rmt/CMakeFiles/__idf_esp_driver_rmt.dir/src/rmt_encoder_simple.c.obj
[52/1044] Linking C static library esp-idf/esp-tls/libesp-tls.a
[50/1044] Building C object esp-idf/esp_http_client/CMakeFiles/__idf_esp_http_client.dir/esp_http_client.c.obj
[52/1044] Building C object esp-idf/esp_driver_sdspi/CMakeFiles/__idf_esp_driver_sdspi.dir/src/sdspi_host.c.obj
[53/1044] Building C object esp-idf/esp_driver_i2c/CMakeFiles/__idf_esp_driver_i2c.dir/i2c_slave.c.obj
[51/1044] Building C object esp-idf/driver/CMakeFiles/__idf_driver.dir/touch_sensor/esp32s3/touch_sensor.c.obj
NOTICE: Processing 1 dependencies:
NOTICE: [1/1] idf (6.0.0)
[53/1044] Building C object esp-idf/esp_http_client/CMakeFiles/__idf_esp_http_client.dir/esp_http_client.c.obj
[54/1044] Building C object esp-idf/driver/CMakeFiles/__idf_driver.dir/touch_sensor/esp32s3/touch_sensor.c.obj
[52/1044] Linking C static library esp-idf/esp_http_client/libesp_http_client.a
[36/1044] Building C object esp-idf/driver/CMakeFiles/__idf_driver.dir/twai/twai.c.obj
[53/1044] Building C object esp-idf/esp_driver_sd_intf/CMakeFiles/__idf_esp_driver_sd_intf.dir/sd_host.c.obj
[1/4] Building C object esp-idf/esp_app_format/CMakeFiles/__idf_esp_app_format.dir/esp_app_desc.c.obj
[54/1044] Building C object esp-idf/esp_driver_sdmmc/CMakeFiles/__idf_esp_driver_sdmmc.dir/legacy/src/sdmmc_host.c.obj
[37/1044] Building C object esp-idf/esp_driver_rmt/CMakeFiles/__idf_esp_driver_rmt.dir/src/rmt_encoder_copy.c.obj
[55/1044] Building C object esp-idf/sdmmc/CMakeFiles/__idf_sdmmc.dir/sdmmc_init.c.obj
[54/1044] Building C object esp-idf/esp_driver_sdspi/CMakeFiles/__idf_esp_driver_sdspi.dir/src/sdspi_transaction.c.obj
[56/1044] Building C object esp-idf/esp_driver_sdmmc/CMakeFiles/__idf_esp_driver_sdmmc.dir/legacy/src/sdmmc_host.c.obj
[55/1044] Building C object esp-idf/esp_driver_sd_intf/CMakeFiles/__idf_esp_driver_sd_intf.dir/sd_host.c.obj
NOTICE: Processing 1 dependencies:
NOTICE: [1/1] idf (6.0.0)
[55/1044] Linking C static library esp-idf/tcp_transport/libtcp_transport.a
[2/4] Linking C static library esp-idf/esp_app_format/libesp_app_format.a
[56/1044] Building C object esp-idf/esp_driver_sdmmc/CMakeFiles/__idf_esp_driver_sdmmc.dir/legacy/src/sdmmc_host.c.obj
[38/1044] Building C object esp-idf/esp_driver_sdm/CMakeFiles/__idf_esp_driver_sdm.dir/src/sdm.c.obj
[57/1044] Building C object esp-idf/sdmmc/CMakeFiles/__idf_sdmmc.dir/sd_pwr_ctrl/sd_pwr_ctrl.c.obj
[58/1044] Linking C static library esp-idf/esp_http_client/libesp_http_client.a
[3/4] Build ELF: dd.app.elf
[39/1044] Building C object esp-idf/esp_driver_i2c/CMakeFiles/__idf_esp_driver_i2c.dir/i2c_common.c.obj
[56/1044] Building C object esp-idf/esp_driver_sdspi/CMakeFiles/__idf_esp_driver_sdspi.dir/src/sdspi_transaction.c.obj
[57/1044] Building C object esp-idf/esp_driver_sdmmc/CMakeFiles/__idf_esp_driver_sdmmc.dir/legacy/src/sdmmc_transaction.c.obj
[40/1044] Building C object esp-idf/esp-tls/CMakeFiles/__idf_esp-tls.dir/esp_tls_mbedtls.c.obj
[41/1044] Building C object esp-idf/esp_driver_twai/CMakeFiles/__idf_esp_driver_twai.dir/esp_twai_onchip.c.obj
[58/1044] Building C object esp-idf/driver/CMakeFiles/__idf_driver.dir/touch_sensor/esp32s3/touch_sensor.c.obj
[59/1044] Linking C static library esp-idf/tcp_transport/libtcp_transport.a
[42/1044] Building C object esp-idf/esp_driver_sdspi/CMakeFiles/__idf_esp_driver_sdspi.dir/src/sdspi_crc.c.obj
[43/1044] Building C object esp-idf/esp_driver_tsens/CMakeFiles/__idf_esp_driver_tsens.dir/src/temperature_sensor.c.obj
[57/1044] Linking C static library esp-idf/esp_adc/libesp_adc.a
[44/1044] Building C object esp-idf/esp-tls/CMakeFiles/__idf_esp-tls.dir/esp_tls.c.obj
[59/1044] Building C object esp-idf/sdmmc/CMakeFiles/__idf_sdmmc.dir/sd_pwr_ctrl/sd_pwr_ctrl.c.obj
[60/1044] Building C object esp-idf/sdmmc/CMakeFiles/__idf_sdmmc.dir/sdmmc_cmd.c.obj
[45/1044] Building C object esp-idf/esp_driver_rmt/CMakeFiles/__idf_esp_driver_rmt.dir/src/rmt_encoder_bytes.c.obj
[58/1044] Building C object esp-idf/esp_driver_sdspi/CMakeFiles/__idf_esp_driver_sdspi.dir/src/sdspi_host.c.obj
[59/1044] Building C object esp-idf/esp_driver_i2c/CMakeFiles/__idf_esp_driver_i2c.dir/i2c_master.c.obj
[46/1044] Building C object esp-idf/esp_driver_rmt/CMakeFiles/__idf_esp_driver_rmt.dir/src/rmt_encoder.c.obj
[61/1044] Building C object esp-idf/sdmmc/CMakeFiles/__idf_sdmmc.dir/sdmmc_common.c.obj
[47/1044] Building C object esp-idf/esp_driver_rmt/CMakeFiles/__idf_esp_driver_rmt.dir/src/rmt_common.c.obj
[60/1044] Building C object esp-idf/sdmmc/CMakeFiles/__idf_sdmmc.dir/sd_pwr_ctrl/sd_pwr_ctrl.c.obj
[62/1044] Building C object esp-idf/esp_driver_sdmmc/CMakeFiles/__idf_esp_driver_sdmmc.dir/src/sd_trans_sdmmc.c.obj
[61/1044] Building C object esp-idf/esp_driver_sdmmc/CMakeFiles/__idf_esp_driver_sdmmc.dir/src/sd_trans_sdmmc.c.obj
[63/1044] Linking C static library esp-idf/esp_adc/libesp_adc.a
[64/1044] Building C object esp-idf/esp_driver_rmt/CMakeFiles/__idf_esp_driver_rmt.dir/src/rmt_rx.c.obj
[62/1044] Linking C static library esp-idf/esp-tls/libesp-tls.a
[60/1044] Building C object esp-idf/esp_driver_rmt/CMakeFiles/__idf_esp_driver_rmt.dir/src/rmt_rx.c.obj
[63/1044] Building C object esp-idf/http_parser/CMakeFiles/__idf_http_parser.dir/http_parser.c.obj
[65/1044] Building C object esp-idf/http_parser/CMakeFiles/__idf_http_parser.dir/http_parser.c.obj
[64/1044] Building C object esp-idf/esp_driver_rmt/CMakeFiles/__idf_esp_driver_rmt.dir/src/rmt_rx.c.obj
[61/1044] Building C object esp-idf/driver/CMakeFiles/__idf_driver.dir/i2c/i2c.c.obj
[65/1044] Building C object esp-idf/esp_driver_ledc/CMakeFiles/__idf_esp_driver_ledc.dir/src/ledc.c.obj
[48/1044] Building C object esp-idf/esp_driver_rmt/CMakeFiles/__idf_esp_driver_rmt.dir/src/rmt_encoder_simple.c.obj
[66/1044] Linking C static library esp-idf/esp-tls/libesp-tls.a
[66/1044] Building C object esp-idf/sdmmc/CMakeFiles/__idf_sdmmc.dir/sdmmc_init.c.obj
[62/1044] Building C object esp-idf/sdmmc/CMakeFiles/__idf_sdmmc.dir/sdmmc_init.c.obj
[49/1044] Building C object esp-idf/esp_driver_i2c/CMakeFiles/__idf_esp_driver_i2c.dir/i2c_slave.c.obj
[67/1044] Building C object esp-idf/sdmmc/CMakeFiles/__idf_sdmmc.dir/sdmmc_common.c.obj
[68/1044] Linking C static library esp-idf/http_parser/libhttp_parser.a
[50/1044] Building C object esp-idf/http_parser/CMakeFiles/__idf_http_parser.dir/http_parser.c.obj
[67/1044] Building C object esp-idf/esp_driver_i2c/CMakeFiles/__idf_esp_driver_i2c.dir/i2c_master.c.obj
[68/1044] Building C object esp-idf/sdmmc/CMakeFiles/__idf_sdmmc.dir/sdmmc_mmc.c.obj
[63/1044] Building C object esp-idf/esp_driver_sdspi/CMakeFiles/__idf_esp_driver_sdspi.dir/src/sdspi_host.c.obj
[69/1044] Building C object esp-idf/driver/CMakeFiles/__idf_driver.dir/i2c/i2c.c.obj
[69/1044] Building C object esp-idf/driver/CMakeFiles/__idf_driver.dir/i2c/i2c.c.obj
[70/1044] Linking C static library esp-idf/http_parser/libhttp_parser.a
[71/1044] Building C object esp-idf/esp_driver_i2s/CMakeFiles/__idf_esp_driver_i2s.dir/i2s_pdm.c.obj
[64/1044] Building C object esp-idf/sdmmc/CMakeFiles/__idf_sdmmc.dir/sdmmc_mmc.c.obj
[65/1044] Building C object esp-idf/esp_driver_ledc/CMakeFiles/__idf_esp_driver_ledc.dir/src/ledc.c.obj
[70/1044] Building C object esp-idf/sdmmc/CMakeFiles/__idf_sdmmc.dir/sdmmc_mmc.c.obj
NOTICE: Processing 1 dependencies:
NOTICE: [1/1] idf (6.0.0)
[66/1044] Building C object esp-idf/esp_driver_sdmmc/CMakeFiles/__idf_esp_driver_sdmmc.dir/src/sd_trans_sdmmc.c.obj
[72/1044] Building C object esp-idf/esp_driver_ledc/CMakeFiles/__idf_esp_driver_ledc.dir/src/ledc.c.obj
[51/1044] Building C object esp-idf/esp_driver_sdmmc/CMakeFiles/__idf_esp_driver_sdmmc.dir/legacy/src/sdmmc_transaction.c.obj
[52/1044] Building C object esp-idf/esp_driver_sdmmc/CMakeFiles/__idf_esp_driver_sdmmc.dir/legacy/src/sdmmc_host.c.obj
[53/1044] Building C object esp-idf/esp_driver_sdspi/CMakeFiles/__idf_esp_driver_sdspi.dir/src/sdspi_transaction.c.obj
[67/1044] Building C object esp-idf/sdmmc/CMakeFiles/__idf_sdmmc.dir/sdmmc_common.c.obj
[68/1044] Building C object esp-idf/http_parser/CMakeFiles/__idf_http_parser.dir/http_parser.c.obj
NOTICE: Processing 1 dependencies:
NOTICE: [1/1] idf (6.0.0)
[54/1044] Building C object esp-idf/esp_http_client/CMakeFiles/__idf_esp_http_client.dir/esp_http_client.c.obj
[73/1044] Building C object esp-idf/sdmmc/CMakeFiles/__idf_sdmmc.dir/sdmmc_io.c.obj
[71/1044] Building C object esp-idf/sdmmc/CMakeFiles/__idf_sdmmc.dir/sdmmc_cmd.c.obj
[74/1044] Building C object esp-idf/esp_driver_rmt/CMakeFiles/__idf_esp_driver_rmt.dir/src/rmt_tx.c.obj
[69/1044] Building C object esp-idf/esp_driver_i2c/CMakeFiles/__idf_esp_driver_i2c.dir/i2c_master.c.obj
[70/1044] Linking C static library esp-idf/http_parser/libhttp_parser.a
[55/1044] Building C object esp-idf/driver/CMakeFiles/__idf_driver.dir/touch_sensor/esp32s3/touch_sensor.c.obj
NOTICE: Processing 3 dependencies:
[72/1044] Building C object esp-idf/sdmmc/CMakeFiles/__idf_sdmmc.dir/sdmmc_io.c.obj
NOTICE: [1/3] espressif/cmake_utilities (0.5.3)
[56/1044] Building C object esp-idf/esp_driver_sd_intf/CMakeFiles/__idf_esp_driver_sd_intf.dir/sd_host.c.obj
[71/1044] Building C object esp-idf/sdmmc/CMakeFiles/__idf_sdmmc.dir/sdmmc_cmd.c.obj
NOTICE: [2/3] espressif/elf_loader (1.1.1)
NOTICE: [3/3] idf (6.0.0)
[57/1044] Building C object esp-idf/sdmmc/CMakeFiles/__idf_sdmmc.dir/sd_pwr_ctrl/sd_pwr_ctrl.c.obj
[58/1044] Linking C static library esp-idf/esp_http_client/libesp_http_client.a
[75/1044] Building C object esp-idf/sdmmc/CMakeFiles/__idf_sdmmc.dir/sdmmc_sd.c.obj
[76/1044] Building C object esp-idf/esp_driver_i2s/CMakeFiles/__idf_esp_driver_i2s.dir/i2s_platform.c.obj
[59/1044] Linking C static library esp-idf/tcp_transport/libtcp_transport.a
[72/1044] Building C object esp-idf/sdmmc/CMakeFiles/__idf_sdmmc.dir/sdmmc_io.c.obj
[73/1044] Building C object esp-idf/esp_driver_i2s/CMakeFiles/__idf_esp_driver_i2s.dir/i2s_platform.c.obj
[77/1044] Building C object esp-idf/esp_driver_i2s/CMakeFiles/__idf_esp_driver_i2s.dir/i2s_std.c.obj
NOTICE: Processing 1 dependencies:
NOTICE: [1/1] idf (6.0.0)
[73/1044] Building C object esp-idf/sdmmc/CMakeFiles/__idf_sdmmc.dir/sdmmc_sd.c.obj
[74/1044] Building C object esp-idf/esp_driver_mcpwm/CMakeFiles/__idf_esp_driver_mcpwm.dir/src/mcpwm_com.c.obj
[60/1044] Building C object esp-idf/esp_driver_sdmmc/CMakeFiles/__idf_esp_driver_sdmmc.dir/src/sd_trans_sdmmc.c.obj
Applet dd OK -> /home/tikhon/Документы/magnolia/rootfs/bin/dd
Building applet ls -> ls ...
+ idf.py elf
[74/1044] Building C object esp-idf/esp_driver_rmt/CMakeFiles/__idf_esp_driver_rmt.dir/src/rmt_tx.c.obj
[78/1044] Building C object esp-idf/esp_driver_mcpwm/CMakeFiles/__idf_esp_driver_mcpwm.dir/src/mcpwm_sync.c.obj
[79/1044] Building C object esp-idf/esp_driver_sdmmc/CMakeFiles/__idf_esp_driver_sdmmc.dir/src/sd_host_sdmmc.c.obj
[61/1044] Linking C static library esp-idf/esp_adc/libesp_adc.a
[80/1044] Building ASM object esp-idf/esp_gdbstub/CMakeFiles/__idf_esp_gdbstub.dir/src/port/xtensa/gdbstub-entry.S.obj
[62/1044] Building C object esp-idf/sdmmc/CMakeFiles/__idf_sdmmc.dir/sdmmc_init.c.obj
[75/1044] Building C object esp-idf/esp_driver_i2s/CMakeFiles/__idf_esp_driver_i2s.dir/i2s_platform.c.obj
-- ESP-TEE is currently supported only on the esp32c6;esp32h2;esp32c5 SoCs
[81/1044] Building C object esp-idf/esp_driver_mcpwm/CMakeFiles/__idf_esp_driver_mcpwm.dir/src/mcpwm_cmpr.c.obj
[82/1044] Building ASM object esp-idf/esp_gdbstub/CMakeFiles/__idf_esp_gdbstub.dir/src/port/xtensa/xt_debugexception.S.obj
[63/1044] Building C object esp-idf/sdmmc/CMakeFiles/__idf_sdmmc.dir/sdmmc_common.c.obj
NOTICE: Processing 1 dependencies:
NOTICE: [1/1] idf (6.0.0)
[76/1044] Building C object esp-idf/esp_driver_mcpwm/CMakeFiles/__idf_esp_driver_mcpwm.dir/src/mcpwm_com.c.obj
[75/1044] Building C object esp-idf/driver/CMakeFiles/__idf_driver.dir/deprecated/rmt_legacy.c.obj
[76/1044] Building C object esp-idf/esp_driver_i2s/CMakeFiles/__idf_esp_driver_i2s.dir/i2s_std.c.obj
[83/1044] Building C object esp-idf/esp_driver_mcpwm/CMakeFiles/__idf_esp_driver_mcpwm.dir/src/mcpwm_com.c.obj
[64/1044] Building C object esp-idf/esp_driver_sdspi/CMakeFiles/__idf_esp_driver_sdspi.dir/src/sdspi_host.c.obj
[65/1044] Linking C static library esp-idf/esp-tls/libesp-tls.a
NOTICE: Processing 1 dependencies:
NOTICE: [1/1] idf (6.0.0)
[77/1044] Building C object esp-idf/esp_driver_mcpwm/CMakeFiles/__idf_esp_driver_mcpwm.dir/src/mcpwm_cmpr.c.obj
[84/1044] Building C object esp-idf/esp_driver_i2s/CMakeFiles/__idf_esp_driver_i2s.dir/i2s_tdm.c.obj
[78/1044] Building C object esp-idf/esp_driver_rmt/CMakeFiles/__idf_esp_driver_rmt.dir/src/rmt_tx.c.obj
-- ESP-TEE is currently supported only on the esp32c6;esp32h2;esp32c5 SoCs
[85/1044] Building C object esp-idf/esp_gdbstub/CMakeFiles/__idf_esp_gdbstub.dir/src/port/xtensa/gdbstub_xtensa.c.obj
[66/1044] Building C object esp-idf/sdmmc/CMakeFiles/__idf_sdmmc.dir/sdmmc_mmc.c.obj
[77/1044] Building C object esp-idf/esp_driver_i2s/CMakeFiles/__idf_esp_driver_i2s.dir/i2s_std.c.obj
[79/1044] Building C object esp-idf/sdmmc/CMakeFiles/__idf_sdmmc.dir/sdmmc_sd.c.obj
[78/1044] Building C object esp-idf/esp_driver_i2s/CMakeFiles/__idf_esp_driver_i2s.dir/i2s_tdm.c.obj
[86/1044] Building C object esp-idf/esp_driver_mcpwm/CMakeFiles/__idf_esp_driver_mcpwm.dir/src/mcpwm_fault.c.obj
[87/1044] Building C object esp-idf/esp_gdbstub/CMakeFiles/__idf_esp_gdbstub.dir/src/gdbstub_transport.c.obj
[80/1044] Building C object esp-idf/esp_gdbstub/CMakeFiles/__idf_esp_gdbstub.dir/src/gdbstub.c.obj
[67/1044] Building C object esp-idf/sdmmc/CMakeFiles/__idf_sdmmc.dir/sdmmc_io.c.obj
[68/1044] Building C object esp-idf/sdmmc/CMakeFiles/__idf_sdmmc.dir/sdmmc_cmd.c.obj
[81/1044] Linking C static library esp-idf/driver/libdriver.a
[79/1044] Building C object esp-idf/esp_driver_mcpwm/CMakeFiles/__idf_esp_driver_mcpwm.dir/src/mcpwm_sync.c.obj
[82/1044] Building ASM object esp-idf/esp_gdbstub/CMakeFiles/__idf_esp_gdbstub.dir/src/port/xtensa/xt_debugexception.S.obj
[69/1044] Linking C static library esp-idf/http_parser/libhttp_parser.a
[83/1044] Building ASM object esp-idf/esp_gdbstub/CMakeFiles/__idf_esp_gdbstub.dir/src/port/xtensa/gdbstub-entry.S.obj
[84/1044] Building C object esp-idf/esp_driver_i2s/CMakeFiles/__idf_esp_driver_i2s.dir/i2s_tdm.c.obj
[85/1044] Building C object esp-idf/esp_driver_mcpwm/CMakeFiles/__idf_esp_driver_mcpwm.dir/src/mcpwm_fault.c.obj
[86/1044] Building C object esp-idf/esp_driver_mcpwm/CMakeFiles/__idf_esp_driver_mcpwm.dir/src/mcpwm_sync.c.obj
[80/1044] Building C object esp-idf/esp_driver_sdmmc/CMakeFiles/__idf_esp_driver_sdmmc.dir/src/sd_host_sdmmc.c.obj
[81/1044] Building C object esp-idf/esp_gdbstub/CMakeFiles/__idf_esp_gdbstub.dir/src/packet.c.obj
[88/1044] Building C object esp-idf/esp_gdbstub/CMakeFiles/__idf_esp_gdbstub.dir/src/packet.c.obj
[70/1044] Building C object esp-idf/esp_driver_i2c/CMakeFiles/__idf_esp_driver_i2c.dir/i2c_master.c.obj
[82/1044] Building C object esp-idf/esp_driver_mcpwm/CMakeFiles/__idf_esp_driver_mcpwm.dir/src/mcpwm_fault.c.obj
[83/1044] Building C object esp-idf/driver/CMakeFiles/__idf_driver.dir/deprecated/rmt_legacy.c.obj
[87/1044] Building C object esp-idf/esp_driver_mcpwm/CMakeFiles/__idf_esp_driver_mcpwm.dir/src/mcpwm_gen.c.obj
[84/1044] Building ASM object esp-idf/esp_gdbstub/CMakeFiles/__idf_esp_gdbstub.dir/src/port/xtensa/gdbstub-entry.S.obj
[85/1044] Building ASM object esp-idf/esp_gdbstub/CMakeFiles/__idf_esp_gdbstub.dir/src/port/xtensa/xt_debugexception.S.obj
[88/1044] Building C object esp-idf/esp_driver_sdmmc/CMakeFiles/__idf_esp_driver_sdmmc.dir/src/sd_host_sdmmc.c.obj
[86/1044] Building C object esp-idf/esp_driver_mcpwm/CMakeFiles/__idf_esp_driver_mcpwm.dir/src/mcpwm_cmpr.c.obj
[71/1044] Building C object esp-idf/esp_driver_i2s/CMakeFiles/__idf_esp_driver_i2s.dir/i2s_platform.c.obj
[72/1044] Building C object esp-idf/esp_driver_rmt/CMakeFiles/__idf_esp_driver_rmt.dir/src/rmt_rx.c.obj
[89/1044] Linking C static library esp-idf/esp_driver_twai/libesp_driver_twai.a
[89/1044] Building C object esp-idf/driver/CMakeFiles/__idf_driver.dir/deprecated/rmt_legacy.c.obj
[90/1044] Building C object esp-idf/esp_gdbstub/CMakeFiles/__idf_esp_gdbstub.dir/src/port/xtensa/gdbstub_xtensa.c.obj
[90/1044] Building C object esp-idf/esp_wifi/CMakeFiles/__idf_esp_wifi.dir/src/lib_printf.c.obj
[91/1044] Building C object esp-idf/esp_wifi/CMakeFiles/__idf_esp_wifi.dir/src/lib_printf.c.obj
[91/1044] Building C object esp-idf/esp_gdbstub/CMakeFiles/__idf_esp_gdbstub.dir/src/gdbstub.c.obj
[87/1044] Building C object esp-idf/esp_gdbstub/CMakeFiles/__idf_esp_gdbstub.dir/src/gdbstub_transport.c.obj
[73/1044] Building C object esp-idf/esp_driver_ledc/CMakeFiles/__idf_esp_driver_ledc.dir/src/ledc.c.obj
[92/1044] Linking C static library esp-idf/esp_driver_ledc/libesp_driver_ledc.a
[74/1044] Building C object esp-idf/sdmmc/CMakeFiles/__idf_sdmmc.dir/sdmmc_sd.c.obj
[93/1044] Building C object esp-idf/esp_gdbstub/CMakeFiles/__idf_esp_gdbstub.dir/src/gdbstub_transport.c.obj
[88/1044] Linking C static library esp-idf/driver/libdriver.a
[94/1044] Building C object esp-idf/esp_gdbstub/CMakeFiles/__idf_esp_gdbstub.dir/src/packet.c.obj
[92/1044] Building C object esp-idf/esp_wifi/CMakeFiles/__idf_esp_wifi.dir/src/mesh_event.c.obj
[95/1044] Building C object esp-idf/esp_driver_mcpwm/CMakeFiles/__idf_esp_driver_mcpwm.dir/src/mcpwm_cap.c.obj
[93/1044] Building C object esp-idf/esp_driver_mcpwm/CMakeFiles/__idf_esp_driver_mcpwm.dir/src/mcpwm_cap.c.obj
[75/1044] Building C object esp-idf/esp_driver_rmt/CMakeFiles/__idf_esp_driver_rmt.dir/src/rmt_tx.c.obj
[94/1044] Linking C static library esp-idf/driver/libdriver.a
[96/1044] Linking C static library esp-idf/esp_driver_i2c/libesp_driver_i2c.a
[89/1044] Linking C static library esp-idf/esp_driver_twai/libesp_driver_twai.a
[95/1044] Building C object esp-idf/esp_wifi/CMakeFiles/__idf_esp_wifi.dir/src/wifi_default_ap.c.obj
-- ESP-TEE is currently supported only on the esp32c6;esp32h2;esp32c5 SoCs
[97/1044] Building C object esp-idf/esp_driver_mcpwm/CMakeFiles/__idf_esp_driver_mcpwm.dir/src/mcpwm_oper.c.obj
[90/1044] Building C object esp-idf/esp_wifi/CMakeFiles/__idf_esp_wifi.dir/src/mesh_event.c.obj
[76/1044] Building C object esp-idf/esp_driver_i2s/CMakeFiles/__idf_esp_driver_i2s.dir/i2s_std.c.obj
[91/1044] Building C object esp-idf/esp_wifi/CMakeFiles/__idf_esp_wifi.dir/src/lib_printf.c.obj
[96/1044] Building C object esp-idf/esp_driver_mcpwm/CMakeFiles/__idf_esp_driver_mcpwm.dir/src/mcpwm_timer.c.obj
[98/1044] Linking C static library esp-idf/esp_driver_sdm/libesp_driver_sdm.a
[97/1044] Building C object esp-idf/esp_wifi/CMakeFiles/__idf_esp_wifi.dir/src/smartconfig.c.obj
[92/1044] Building C object esp-idf/esp_gdbstub/CMakeFiles/__idf_esp_gdbstub.dir/src/gdbstub.c.obj
[99/1044] Building C object esp-idf/esp_wifi/CMakeFiles/__idf_esp_wifi.dir/src/mesh_event.c.obj
[98/1044] Linking C static library esp-idf/esp_driver_twai/libesp_driver_twai.a
[100/1044] Building C object esp-idf/esp_wifi/CMakeFiles/__idf_esp_wifi.dir/src/smartconfig.c.obj
[93/1044] Linking C static library esp-idf/esp_driver_ledc/libesp_driver_ledc.a
[94/1044] Building C object esp-idf/esp_gdbstub/CMakeFiles/__idf_esp_gdbstub.dir/src/port/xtensa/gdbstub_xtensa.c.obj
[99/1044] Building C object esp-idf/esp_driver_mcpwm/CMakeFiles/__idf_esp_driver_mcpwm.dir/src/mcpwm_oper.c.obj
[100/1044] Building C object esp-idf/esp_driver_i2s/CMakeFiles/__idf_esp_driver_i2s.dir/i2s_common.c.obj
NOTICE: Processing 3 dependencies:
NOTICE: [1/3] espressif/cmake_utilities (0.5.3)
NOTICE: [2/3] espressif/elf_loader (1.1.1)
[95/1044] Building C object esp-idf/esp_driver_i2s/CMakeFiles/__idf_esp_driver_i2s.dir/i2s_pdm.c.obj
[101/1044] Building C object esp-idf/esp_driver_mcpwm/CMakeFiles/__idf_esp_driver_mcpwm.dir/src/mcpwm_gen.c.obj
[102/1044] Building C object esp-idf/esp_coex/CMakeFiles/__idf_esp_coex.dir/src/coexist_debug_diagram.c.obj
NOTICE: [3/3] idf (6.0.0)
[103/1044] Building C object esp-idf/esp_wifi/CMakeFiles/__idf_esp_wifi.dir/regulatory/esp_wifi_regulatory.c.obj
[96/1044] Linking C static library esp-idf/esp_driver_i2c/libesp_driver_i2c.a
[104/1044] Linking C static library esp-idf/esp_driver_ledc/libesp_driver_ledc.a
[97/1044] Building C object esp-idf/esp_driver_mcpwm/CMakeFiles/__idf_esp_driver_mcpwm.dir/src/mcpwm_cap.c.obj
[101/1044] Building C object esp-idf/esp_wifi/CMakeFiles/__idf_esp_wifi.dir/src/wifi_netif.c.obj
[102/1044] Building C object esp-idf/esp_driver_i2s/CMakeFiles/__idf_esp_driver_i2s.dir/i2s_pdm.c.obj
-- ESP-TEE is currently supported only on the esp32c6;esp32h2;esp32c5 SoCs
[77/1044] Building C object esp-idf/esp_driver_sdmmc/CMakeFiles/__idf_esp_driver_sdmmc.dir/src/sd_host_sdmmc.c.obj
[103/1044] Building C object esp-idf/esp_wifi/CMakeFiles/__idf_esp_wifi.dir/src/wifi_default_ap.c.obj
[105/1044] Building C object esp-idf/esp_wifi/CMakeFiles/__idf_esp_wifi.dir/src/wifi_init.c.obj
[98/1044] Building C object esp-idf/esp_driver_mcpwm/CMakeFiles/__idf_esp_driver_mcpwm.dir/src/mcpwm_oper.c.obj
[104/1044] Linking C static library esp-idf/esp_driver_tsens/libesp_driver_tsens.a
[105/1044] Building C object esp-idf/esp_coex/CMakeFiles/__idf_esp_coex.dir/src/coexist_debug_diagram.c.obj
[78/1044] Building C object esp-idf/esp_driver_mcpwm/CMakeFiles/__idf_esp_driver_mcpwm.dir/src/mcpwm_cmpr.c.obj
[106/1044] Building C object esp-idf/esp_wifi/CMakeFiles/__idf_esp_wifi.dir/regulatory/esp_wifi_regulatory.c.obj
[106/1044] Building C object esp-idf/esp_wifi/CMakeFiles/__idf_esp_wifi.dir/src/wifi_netif.c.obj
[99/1044] Building C object esp-idf/esp_wifi/CMakeFiles/__idf_esp_wifi.dir/src/smartconfig.c.obj
[79/1044] Building C object esp-idf/esp_driver_mcpwm/CMakeFiles/__idf_esp_driver_mcpwm.dir/src/mcpwm_fault.c.obj
[107/1044] Building C object esp-idf/esp_wifi/CMakeFiles/__idf_esp_wifi.dir/src/wifi_init.c.obj
[100/1044] Linking C static library esp-idf/esp_driver_sdm/libesp_driver_sdm.a
[108/1044] Building C object esp-idf/esp_driver_i2s/CMakeFiles/__idf_esp_driver_i2s.dir/i2s_common.c.obj
[80/1044] Building C object esp-idf/esp_gdbstub/CMakeFiles/__idf_esp_gdbstub.dir/src/gdbstub_transport.c.obj
[109/1044] Building C object esp-idf/esp_driver_mcpwm/CMakeFiles/__idf_esp_driver_mcpwm.dir/src/mcpwm_timer.c.obj
[107/1044] Building C object esp-idf/esp_wifi/CMakeFiles/__idf_esp_wifi.dir/src/wifi_default.c.obj
[81/1044] Building C object esp-idf/esp_driver_mcpwm/CMakeFiles/__idf_esp_driver_mcpwm.dir/src/mcpwm_com.c.obj
[101/1044] Building C object esp-idf/esp_coex/CMakeFiles/__idf_esp_coex.dir/src/coexist_debug_diagram.c.obj
[108/1044] Building C object esp-idf/esp_coex/CMakeFiles/__idf_esp_coex.dir/src/coexist_debug.c.obj
[102/1044] Building C object esp-idf/esp_driver_i2s/CMakeFiles/__idf_esp_driver_i2s.dir/i2s_common.c.obj
[82/1044] Building ASM object esp-idf/esp_gdbstub/CMakeFiles/__idf_esp_gdbstub.dir/src/port/xtensa/xt_debugexception.S.obj
[109/1044] Linking C static library esp-idf/esp_driver_i2c/libesp_driver_i2c.a
[83/1044] Building C object esp-idf/esp_gdbstub/CMakeFiles/__idf_esp_gdbstub.dir/src/packet.c.obj
[103/1044] Building C object esp-idf/esp_driver_spi/CMakeFiles/__idf_esp_driver_spi.dir/src/gpspi/spi_slave_hd.c.obj
[110/1044] Building C object esp-idf/esp_wifi/CMakeFiles/__idf_esp_wifi.dir/src/smartconfig_ack.c.obj
[84/1044] Building ASM object esp-idf/esp_gdbstub/CMakeFiles/__idf_esp_gdbstub.dir/src/port/xtensa/gdbstub-entry.S.obj
[111/1044] Linking C static library esp-idf/esp_driver_rmt/libesp_driver_rmt.a
[104/1044] Linking C static library esp-idf/esp_driver_tsens/libesp_driver_tsens.a
[85/1044] Building C object esp-idf/esp_driver_i2s/CMakeFiles/__idf_esp_driver_i2s.dir/i2s_tdm.c.obj
[105/1044] Building C object esp-idf/esp_driver_mcpwm/CMakeFiles/__idf_esp_driver_mcpwm.dir/src/mcpwm_gen.c.obj
[106/1044] Building C object esp-idf/esp_driver_pcnt/CMakeFiles/__idf_esp_driver_pcnt.dir/src/pulse_cnt.c.obj
[110/1044] Linking C static library esp-idf/esp_driver_sdm/libesp_driver_sdm.a
[112/1044] Building C object esp-idf/esp_wifi/CMakeFiles/__idf_esp_wifi.dir/src/wifi_default.c.obj
[107/1044] Building C object esp-idf/esp_wifi/CMakeFiles/__idf_esp_wifi.dir/src/wifi_default_ap.c.obj
[108/1044] Building C object esp-idf/esp_wifi/CMakeFiles/__idf_esp_wifi.dir/regulatory/esp_wifi_regulatory.c.obj
[86/1044] Building C object esp-idf/esp_gdbstub/CMakeFiles/__idf_esp_gdbstub.dir/src/port/xtensa/gdbstub_xtensa.c.obj
[113/1044] Building C object esp-idf/esp_coex/CMakeFiles/__idf_esp_coex.dir/src/coexist_debug.c.obj
[111/1044] Building C object esp-idf/wpa_supplicant/CMakeFiles/__idf_wpa_supplicant.dir/src/ap/wpa_auth_ie.c.obj
-- ESP-TEE is currently supported only on the esp32c6;esp32h2;esp32c5 SoCs
[109/1044] Building C object esp-idf/esp_wifi/CMakeFiles/__idf_esp_wifi.dir/src/wifi_init.c.obj
[114/1044] Linking C static library esp-idf/esp_driver_sdspi/libesp_driver_sdspi.a
[112/1044] Linking C static library esp-idf/esp_driver_tsens/libesp_driver_tsens.a
[110/1044] Building C object esp-idf/esp_wifi/CMakeFiles/__idf_esp_wifi.dir/src/wifi_netif.c.obj
[113/1044] Building C object esp-idf/esp_coex/CMakeFiles/__idf_esp_coex.dir/esp32s3/esp_coex_adapter.c.obj
[111/1044] Building C object esp-idf/esp_coex/CMakeFiles/__idf_esp_coex.dir/src/coexist_debug.c.obj
[112/1044] Linking C static library esp-idf/esp_driver_rmt/libesp_driver_rmt.a
[114/1044] Linking C static library esp-idf/esp_driver_rmt/libesp_driver_rmt.a
[115/1044] Building C object esp-idf/esp_coex/CMakeFiles/__idf_esp_coex.dir/esp32s3/esp_coex_adapter.c.obj
[116/1044] Linking C static library esp-idf/esp_driver_sdmmc/libesp_driver_sdmmc.a
[115/1044] Building C object esp-idf/esp_driver_pcnt/CMakeFiles/__idf_esp_driver_pcnt.dir/src/pulse_cnt.c.obj
[87/1044] Building C object esp-idf/driver/CMakeFiles/__idf_driver.dir/deprecated/rmt_legacy.c.obj
[113/1044] Building C object esp-idf/esp_driver_mcpwm/CMakeFiles/__idf_esp_driver_mcpwm.dir/src/mcpwm_timer.c.obj
[88/1044] Building C object esp-idf/esp_gdbstub/CMakeFiles/__idf_esp_gdbstub.dir/src/gdbstub.c.obj
[116/1044] Linking C static library esp-idf/esp_driver_sdspi/libesp_driver_sdspi.a
[114/1044] Linking C static library esp-idf/esp_driver_sdspi/libesp_driver_sdspi.a
[89/1044] Building C object esp-idf/esp_driver_mcpwm/CMakeFiles/__idf_esp_driver_mcpwm.dir/src/mcpwm_sync.c.obj
[90/1044] Building C object esp-idf/esp_driver_mcpwm/CMakeFiles/__idf_esp_driver_mcpwm.dir/src/mcpwm_cap.c.obj
[117/1044] Building C object esp-idf/esp_wifi/CMakeFiles/__idf_esp_wifi.dir/esp32s3/esp_adapter.c.obj
Executing action: all (aliases: build)
Running ninja in directory /home/tikhon/Документы/magnolia/applets/mainline/cksum/build
Executing "ninja all"...
[117/1044] Linking C static library esp-idf/esp_driver_sd_intf/libesp_driver_sd_intf.a
[91/1044] Linking C static library esp-idf/driver/libdriver.a
[115/1044] Building C object esp-idf/esp_coex/CMakeFiles/__idf_esp_coex.dir/esp32s3/esp_coex_adapter.c.obj
[92/1044] Building C object esp-idf/esp_wifi/CMakeFiles/__idf_esp_wifi.dir/src/lib_printf.c.obj
[118/1044] Building C object esp-idf/wpa_supplicant/CMakeFiles/__idf_wpa_supplicant.dir/src/ap/comeback_token.c.obj
[118/1044] Linking C static library esp-idf/esp_driver_sdmmc/libesp_driver_sdmmc.a
[93/1044] Building C object esp-idf/esp_driver_mcpwm/CMakeFiles/__idf_esp_driver_mcpwm.dir/src/mcpwm_gen.c.obj
[119/1044] Building C object esp-idf/wpa_supplicant/CMakeFiles/__idf_wpa_supplicant.dir/src/ap/ieee802_1x.c.obj
[116/1044] Linking C static library esp-idf/esp_driver_sdmmc/libesp_driver_sdmmc.a
[117/1044] Building C object esp-idf/esp_wifi/CMakeFiles/__idf_esp_wifi.dir/src/wifi_default.c.obj
[120/1044] Building C object esp-idf/esp_driver_spi/CMakeFiles/__idf_esp_driver_spi.dir/src/gpspi/spi_slave_hd.c.obj
[121/1044] Building C object esp-idf/wpa_supplicant/CMakeFiles/__idf_wpa_supplicant.dir/src/ap/comeback_token.c.obj
[94/1044] Building C object esp-idf/esp_driver_i2s/CMakeFiles/__idf_esp_driver_i2s.dir/i2s_common.c.obj
[95/1044] Building C object esp-idf/esp_wifi/CMakeFiles/__idf_esp_wifi.dir/src/wifi_init.c.obj
[122/1044] Building C object esp-idf/esp_wifi/CMakeFiles/__idf_esp_wifi.dir/src/smartconfig_ack.c.obj
[118/1044] Linking C static library esp-idf/esp_driver_sd_intf/libesp_driver_sd_intf.a
[119/1044] Building C object esp-idf/wpa_supplicant/CMakeFiles/__idf_wpa_supplicant.dir/src/ap/ieee802_11.c.obj
[96/1044] Building C object esp-idf/esp_wifi/CMakeFiles/__idf_esp_wifi.dir/src/mesh_event.c.obj
[97/1044] Linking C static library esp-idf/esp_driver_twai/libesp_driver_twai.a
[120/1044] Building C object esp-idf/esp_wifi/CMakeFiles/__idf_esp_wifi.dir/esp32s3/esp_adapter.c.obj
[119/1044] Building C object esp-idf/esp_driver_pcnt/CMakeFiles/__idf_esp_driver_pcnt.dir/src/pulse_cnt.c.obj
[123/1044] Linking C static library esp-idf/esp_driver_sd_intf/libesp_driver_sd_intf.a
-- ESP-TEE is currently supported only on the esp32c6;esp32h2;esp32c5 SoCs
[98/1044] Building C object esp-idf/esp_driver_i2s/CMakeFiles/__idf_esp_driver_i2s.dir/i2s_pdm.c.obj
[120/1044] Linking C static library esp-idf/sdmmc/libsdmmc.a
[124/1044] Building C object esp-idf/wpa_supplicant/CMakeFiles/__idf_wpa_supplicant.dir/port/os_xtensa.c.obj
[121/1044] Linking C static library esp-idf/sdmmc/libsdmmc.a
-- ESP-TEE is currently supported only on the esp32c6;esp32h2;esp32c5 SoCs
[99/1044] Building C object esp-idf/esp_wifi/CMakeFiles/__idf_esp_wifi.dir/src/wifi_default_ap.c.obj
[121/1044] Building C object esp-idf/wpa_supplicant/CMakeFiles/__idf_wpa_supplicant.dir/port/os_xtensa.c.obj
[125/1044] Building C object esp-idf/esp_driver_spi/CMakeFiles/__idf_esp_driver_spi.dir/src/gpspi/spi_common.c.obj
-- ESP-TEE is currently supported only on the esp32c6;esp32h2;esp32c5 SoCs
[100/1044] Linking C static library esp-idf/esp_driver_ledc/libesp_driver_ledc.a
[101/1044] Building C object esp-idf/esp_coex/CMakeFiles/__idf_esp_coex.dir/src/coexist_debug_diagram.c.obj
[126/1044] Building C object esp-idf/wpa_supplicant/CMakeFiles/__idf_wpa_supplicant.dir/src/ap/ap_config.c.obj
[102/1044] Building C object esp-idf/esp_driver_mcpwm/CMakeFiles/__idf_esp_driver_mcpwm.dir/src/mcpwm_oper.c.obj
[122/1044] Building C object esp-idf/wpa_supplicant/CMakeFiles/__idf_wpa_supplicant.dir/src/ap/ap_config.c.obj
[103/1044] Building C object esp-idf/esp_driver_pcnt/CMakeFiles/__idf_esp_driver_pcnt.dir/src/pulse_cnt.c.obj
[123/1044] Linking C static library esp-idf/esp_driver_i2s/libesp_driver_i2s.a
[104/1044] Building C object esp-idf/esp_wifi/CMakeFiles/__idf_esp_wifi.dir/src/smartconfig.c.obj
[124/1044] Building C object esp-idf/esp_wifi/CMakeFiles/__idf_esp_wifi.dir/esp32s3/esp_adapter.c.obj
[127/1044] Linking C static library esp-idf/sdmmc/libsdmmc.a
[122/1044] Linking C static library esp-idf/esp_driver_i2s/libesp_driver_i2s.a
[128/1044] Building C object esp-idf/wpa_supplicant/CMakeFiles/__idf_wpa_supplicant.dir/port/eloop.c.obj
[123/1044] Building C object esp-idf/esp_driver_spi/CMakeFiles/__idf_esp_driver_spi.dir/src/gpspi/spi_slave.c.obj
[124/1044] Building C object esp-idf/esp_wifi/CMakeFiles/__idf_esp_wifi.dir/src/smartconfig_ack.c.obj
[125/1044] Building C object esp-idf/wpa_supplicant/CMakeFiles/__idf_wpa_supplicant.dir/src/ap/wpa_auth_ie.c.obj
[105/1044] Linking C static library esp-idf/esp_driver_i2c/libesp_driver_i2c.a
[125/1044] Building C object esp-idf/wpa_supplicant/CMakeFiles/__idf_wpa_supplicant.dir/port/eloop.c.obj
[129/1044] Building C object esp-idf/wpa_supplicant/CMakeFiles/__idf_wpa_supplicant.dir/src/ap/pmksa_cache_auth.c.obj
[126/1044] Building C object esp-idf/wpa_supplicant/CMakeFiles/__idf_wpa_supplicant.dir/port/os_xtensa.c.obj
[130/1044] Building C object esp-idf/wpa_supplicant/CMakeFiles/__idf_wpa_supplicant.dir/src/crypto/aes-siv.c.obj
[131/1044] Linking C static library esp-idf/esp_driver_i2s/libesp_driver_i2s.a
[126/1044] Building C object esp-idf/wpa_supplicant/CMakeFiles/__idf_wpa_supplicant.dir/src/ap/sta_info.c.obj
[106/1044] Building C object esp-idf/esp_driver_mcpwm/CMakeFiles/__idf_esp_driver_mcpwm.dir/src/mcpwm_timer.c.obj
[127/1044] Building C object esp-idf/wpa_supplicant/CMakeFiles/__idf_wpa_supplicant.dir/src/ap/comeback_token.c.obj
[107/1044] Linking C static library esp-idf/esp_driver_sdm/libesp_driver_sdm.a
-- ESP-TEE is currently supported only on the esp32c6;esp32h2;esp32c5 SoCs
[128/1044] Linking C static library esp-idf/esp_driver_mcpwm/libesp_driver_mcpwm.a
[108/1044] Building C object esp-idf/esp_coex/CMakeFiles/__idf_esp_coex.dir/esp32s3/esp_coex_adapter.c.obj
[127/1044] Linking C static library esp-idf/esp_driver_mcpwm/libesp_driver_mcpwm.a
[132/1044] Building C object esp-idf/esp_driver_spi/CMakeFiles/__idf_esp_driver_spi.dir/src/gpspi/spi_slave.c.obj
[109/1044] Building C object esp-idf/esp_coex/CMakeFiles/__idf_esp_coex.dir/src/coexist_debug.c.obj
[128/1044] Building C object esp-idf/esp_driver_spi/CMakeFiles/__idf_esp_driver_spi.dir/src/gpspi/spi_slave.c.obj
[133/1044] Building C object esp-idf/wpa_supplicant/CMakeFiles/__idf_wpa_supplicant.dir/src/utils/bitfield.c.obj
[129/1044] Building C object esp-idf/wpa_supplicant/CMakeFiles/__idf_wpa_supplicant.dir/src/ap/ieee802_1x.c.obj
[129/1044] Building C object esp-idf/wpa_supplicant/CMakeFiles/__idf_wpa_supplicant.dir/src/ap/ieee802_1x.c.obj
[130/1044] Building C object esp-idf/wpa_supplicant/CMakeFiles/__idf_wpa_supplicant.dir/src/ap/pmksa_cache_auth.c.obj
[134/1044] Building C object esp-idf/wpa_supplicant/CMakeFiles/__idf_wpa_supplicant.dir/src/ap/sta_info.c.obj
[110/1044] Building C object esp-idf/esp_wifi/CMakeFiles/__idf_esp_wifi.dir/regulatory/esp_wifi_regulatory.c.obj
[130/1044] Building C object esp-idf/wpa_supplicant/CMakeFiles/__idf_wpa_supplicant.dir/src/ap/ap_config.c.obj
[111/1044] Linking C static library esp-idf/esp_driver_tsens/libesp_driver_tsens.a
[131/1044] Building C object esp-idf/esp_driver_spi/CMakeFiles/__idf_esp_driver_spi.dir/src/gpspi/spi_slave_hd.c.obj
[112/1044] Building C object esp-idf/esp_wifi/CMakeFiles/__idf_esp_wifi.dir/src/wifi_netif.c.obj
[131/1044] Building C object esp-idf/wpa_supplicant/CMakeFiles/__idf_wpa_supplicant.dir/src/ap/sta_info.c.obj
[132/1044] Building C object esp-idf/wpa_supplicant/CMakeFiles/__idf_wpa_supplicant.dir/src/ap/pmksa_cache_auth.c.obj
[132/1044] Linking C static library esp-idf/esp_driver_pcnt/libesp_driver_pcnt.a
[133/1044] Linking C static library esp-idf/esp_driver_pcnt/libesp_driver_pcnt.a
[135/1044] Building C object esp-idf/wpa_supplicant/CMakeFiles/__idf_wpa_supplicant.dir/src/crypto/sha256-kdf.c.obj
[133/1044] Building C object esp-idf/wpa_supplicant/CMakeFiles/__idf_wpa_supplicant.dir/port/eloop.c.obj
[134/1044] Building C object esp-idf/wpa_supplicant/CMakeFiles/__idf_wpa_supplicant.dir/src/ap/wpa_auth_ie.c.obj
[136/1044] Building C object esp-idf/wpa_supplicant/CMakeFiles/__idf_wpa_supplicant.dir/src/common/dragonfly.c.obj
[137/1044] Building C object esp-idf/wpa_supplicant/CMakeFiles/__idf_wpa_supplicant.dir/src/crypto/crypto_ops.c.obj
[134/1044] Building C object esp-idf/wpa_supplicant/CMakeFiles/__idf_wpa_supplicant.dir/src/common/dragonfly.c.obj
[138/1044] Linking C static library esp-idf/esp_driver_mcpwm/libesp_driver_mcpwm.a
[139/1044] Building C object esp-idf/wpa_supplicant/CMakeFiles/__idf_wpa_supplicant.dir/src/crypto/ccmp.c.obj
[135/1044] Linking C static library esp-idf/esp_gdbstub/libesp_gdbstub.a
[135/1044] Linking C static library esp-idf/esp_gdbstub/libesp_gdbstub.a
[113/1044] Linking C static library esp-idf/esp_driver_rmt/libesp_driver_rmt.a
[140/1044] Linking C static library esp-idf/esp_driver_pcnt/libesp_driver_pcnt.a
[136/1044] Building C object esp-idf/esp_driver_spi/CMakeFiles/__idf_esp_driver_spi.dir/src/gpspi/spi_common.c.obj
[114/1044] Building C object esp-idf/esp_wifi/CMakeFiles/__idf_esp_wifi.dir/esp32s3/esp_adapter.c.obj
[136/1044] Building C object esp-idf/esp_driver_spi/CMakeFiles/__idf_esp_driver_spi.dir/src/gpspi/spi_common.c.obj
[141/1044] Building C object esp-idf/esp_driver_spi/CMakeFiles/__idf_esp_driver_spi.dir/src/gpspi/spi_master.c.obj
[115/1044] Building C object esp-idf/wpa_supplicant/CMakeFiles/__idf_wpa_supplicant.dir/src/ap/ap_config.c.obj
[142/1044] Building C object esp-idf/wpa_supplicant/CMakeFiles/__idf_wpa_supplicant.dir/src/common/wpa_common.c.obj
[137/1044] Building C object esp-idf/wpa_supplicant/CMakeFiles/__idf_wpa_supplicant.dir/src/utils/bitfield.c.obj
[116/1044] Building C object esp-idf/esp_wifi/CMakeFiles/__idf_esp_wifi.dir/src/wifi_default.c.obj
[143/1044] Building C object esp-idf/wpa_supplicant/CMakeFiles/__idf_wpa_supplicant.dir/src/crypto/dh_groups.c.obj
[137/1044] Building C object esp-idf/wpa_supplicant/CMakeFiles/__idf_wpa_supplicant.dir/src/utils/bitfield.c.obj
[144/1044] Linking C static library esp-idf/esp_gdbstub/libesp_gdbstub.a
[117/1044] Linking C static library esp-idf/esp_driver_sdspi/libesp_driver_sdspi.a
[145/1044] Building C object esp-idf/wpa_supplicant/CMakeFiles/__idf_wpa_supplicant.dir/src/ap/ieee802_11.c.obj
[138/1044] Building C object esp-idf/wpa_supplicant/CMakeFiles/__idf_wpa_supplicant.dir/src/common/dragonfly.c.obj
[138/1044] Building C object esp-idf/wpa_supplicant/CMakeFiles/__idf_wpa_supplicant.dir/src/ap/ieee802_11.c.obj
[146/1044] Building C object esp-idf/wpa_supplicant/CMakeFiles/__idf_wpa_supplicant.dir/src/crypto/dh_group5.c.obj
[139/1044] Building C object esp-idf/wpa_supplicant/CMakeFiles/__idf_wpa_supplicant.dir/src/crypto/sha256-kdf.c.obj
[147/1044] Building C object esp-idf/wpa_supplicant/CMakeFiles/__idf_wpa_supplicant.dir/src/crypto/sha384-tlsprf.c.obj
[139/1044] Building C object esp-idf/wpa_supplicant/CMakeFiles/__idf_wpa_supplicant.dir/src/crypto/crypto_ops.c.obj
[118/1044] Building C object esp-idf/wpa_supplicant/CMakeFiles/__idf_wpa_supplicant.dir/port/os_xtensa.c.obj
[140/1044] Building C object esp-idf/wpa_supplicant/CMakeFiles/__idf_wpa_supplicant.dir/src/crypto/dh_group5.c.obj
[148/1044] Building C object esp-idf/wpa_supplicant/CMakeFiles/__idf_wpa_supplicant.dir/src/crypto/ms_funcs.c.obj
[119/1044] Building C object esp-idf/esp_driver_spi/CMakeFiles/__idf_esp_driver_spi.dir/src/gpspi/spi_common.c.obj
[140/1044] Building C object esp-idf/wpa_supplicant/CMakeFiles/__idf_wpa_supplicant.dir/src/crypto/sha256-kdf.c.obj
[149/1044] Building C object esp-idf/wpa_supplicant/CMakeFiles/__idf_wpa_supplicant.dir/src/crypto/sha1-tprf.c.obj
[120/1044] Building C object esp-idf/esp_wifi/CMakeFiles/__idf_esp_wifi.dir/src/smartconfig_ack.c.obj
[141/1044] Building C object esp-idf/wpa_supplicant/CMakeFiles/__idf_wpa_supplicant.dir/src/crypto/sha1-tlsprf.c.obj
[141/1044] Building C object esp-idf/wpa_supplicant/CMakeFiles/__idf_wpa_supplicant.dir/src/crypto/aes-gcm.c.obj
[150/1044] Building C object esp-idf/wpa_supplicant/CMakeFiles/__idf_wpa_supplicant.dir/src/crypto/aes-gcm.c.obj
[142/1044] Building C object esp-idf/wpa_supplicant/CMakeFiles/__idf_wpa_supplicant.dir/src/crypto/aes-siv.c.obj
[142/1044] Building C object esp-idf/wpa_supplicant/CMakeFiles/__idf_wpa_supplicant.dir/src/crypto/sha256-tlsprf.c.obj
[121/1044] Linking C static library esp-idf/esp_driver_sdmmc/libesp_driver_sdmmc.a
[151/1044] Building C object esp-idf/wpa_supplicant/CMakeFiles/__idf_wpa_supplicant.dir/src/crypto/sha1-tlsprf.c.obj
[143/1044] Building C object esp-idf/wpa_supplicant/CMakeFiles/__idf_wpa_supplicant.dir/src/crypto/ccmp.c.obj
[152/1044] Building C object esp-idf/wpa_supplicant/CMakeFiles/__idf_wpa_supplicant.dir/src/crypto/sha256-prf.c.obj
[144/1044] Building C object esp-idf/wpa_supplicant/CMakeFiles/__idf_wpa_supplicant.dir/src/crypto/dh_groups.c.obj
-- ESP-TEE is currently supported only on the esp32c6;esp32h2;esp32c5 SoCs
[145/1044] Building C object esp-idf/wpa_supplicant/CMakeFiles/__idf_wpa_supplicant.dir/src/crypto/crypto_ops.c.obj
[153/1044] Linking C static library esp-idf/esp_driver_spi/libesp_driver_spi.a
[143/1044] Building C object esp-idf/wpa_supplicant/CMakeFiles/__idf_wpa_supplicant.dir/src/crypto/dh_group5.c.obj
[122/1044] Building C object esp-idf/esp_driver_spi/CMakeFiles/__idf_esp_driver_spi.dir/src/gpspi/spi_slave_hd.c.obj
[123/1044] Building C object esp-idf/wpa_supplicant/CMakeFiles/__idf_wpa_supplicant.dir/src/ap/comeback_token.c.obj
[154/1044] Building C object esp-idf/wpa_supplicant/CMakeFiles/__idf_wpa_supplicant.dir/src/crypto/sha256-tlsprf.c.obj
[144/1044] Building C object esp-idf/wpa_supplicant/CMakeFiles/__idf_wpa_supplicant.dir/src/crypto/sha1-tlsprf.c.obj
[145/1044] Building C object esp-idf/wpa_supplicant/CMakeFiles/__idf_wpa_supplicant.dir/src/crypto/dh_groups.c.obj
[146/1044] Building C object esp-idf/wpa_supplicant/CMakeFiles/__idf_wpa_supplicant.dir/src/crypto/sha256-tlsprf.c.obj
[155/1044] Building C object esp-idf/wpa_supplicant/CMakeFiles/__idf_wpa_supplicant.dir/src/crypto/sha384-prf.c.obj
[124/1044] Linking C static library esp-idf/esp_driver_sd_intf/libesp_driver_sd_intf.a
[146/1044] Building C object esp-idf/wpa_supplicant/CMakeFiles/__idf_wpa_supplicant.dir/src/crypto/aes-siv.c.obj
Command failed (2): idf.py build
Skipping failed applet build: cksum
Building applet medit -> medit ...
+ idf.py elf
[156/1044] Linking C static library esp-idf/esp_wifi/libesp_wifi.a
[125/1044] Building C object esp-idf/wpa_supplicant/CMakeFiles/__idf_wpa_supplicant.dir/src/ap/ieee802_1x.c.obj
[147/1044] Building C object esp-idf/wpa_supplicant/CMakeFiles/__idf_wpa_supplicant.dir/src/crypto/sha384-tlsprf.c.obj
[157/1044] Building C object esp-idf/wpa_supplicant/CMakeFiles/__idf_wpa_supplicant.dir/src/crypto/sha1-prf.c.obj
[147/1044] Building C object esp-idf/wpa_supplicant/CMakeFiles/__idf_wpa_supplicant.dir/src/crypto/aes-gcm.c.obj
[126/1044] Building C object esp-idf/esp_driver_spi/CMakeFiles/__idf_esp_driver_spi.dir/src/gpspi/spi_slave.c.obj
[148/1044] Building C object esp-idf/wpa_supplicant/CMakeFiles/__idf_wpa_supplicant.dir/src/crypto/sha384-tlsprf.c.obj
[148/1044] Building C object esp-idf/wpa_supplicant/CMakeFiles/__idf_wpa_supplicant.dir/src/common/wpa_common.c.obj
[149/1044] Building C object esp-idf/wpa_supplicant/CMakeFiles/__idf_wpa_supplicant.dir/src/crypto/sha256-prf.c.obj
[149/1044] Building C object esp-idf/wpa_supplicant/CMakeFiles/__idf_wpa_supplicant.dir/src/crypto/ccmp.c.obj
[150/1044] Building C object esp-idf/wpa_supplicant/CMakeFiles/__idf_wpa_supplicant.dir/src/crypto/ms_funcs.c.obj
[150/1044] Building C object esp-idf/wpa_supplicant/CMakeFiles/__idf_wpa_supplicant.dir/src/crypto/sha256-prf.c.obj
[127/1044] Linking C static library esp-idf/sdmmc/libsdmmc.a
[151/1044] Building C object esp-idf/esp_driver_spi/CMakeFiles/__idf_esp_driver_spi.dir/src/gpspi/spi_master.c.obj
[128/1044] Building C object esp-idf/wpa_supplicant/CMakeFiles/__idf_wpa_supplicant.dir/src/common/dragonfly.c.obj
[151/1044] Building C object esp-idf/wpa_supplicant/CMakeFiles/__idf_wpa_supplicant.dir/src/crypto/sha384-prf.c.obj
[129/1044] Building C object esp-idf/wpa_supplicant/CMakeFiles/__idf_wpa_supplicant.dir/port/eloop.c.obj
[130/1044] Building C object esp-idf/wpa_supplicant/CMakeFiles/__idf_wpa_supplicant.dir/src/crypto/aes-siv.c.obj
[131/1044] Building C object esp-idf/wpa_supplicant/CMakeFiles/__idf_wpa_supplicant.dir/src/ap/sta_info.c.obj
[152/1044] Building C object esp-idf/wpa_supplicant/CMakeFiles/__idf_wpa_supplicant.dir/src/crypto/sha384-prf.c.obj
[158/1044] Building C object esp-idf/wpa_supplicant/CMakeFiles/__idf_wpa_supplicant.dir/src/crypto/md4-internal.c.obj
[132/1044] Building C object esp-idf/wpa_supplicant/CMakeFiles/__idf_wpa_supplicant.dir/src/ap/pmksa_cache_auth.c.obj
[153/1044] Building C object esp-idf/wpa_supplicant/CMakeFiles/__idf_wpa_supplicant.dir/src/eap_peer/chap.c.obj
[159/1044] Building C object esp-idf/wpa_supplicant/CMakeFiles/__idf_wpa_supplicant.dir/src/eap_peer/eap_peap_common.c.obj
[160/1044] Building C object esp-idf/wpa_supplicant/CMakeFiles/__idf_wpa_supplicant.dir/src/eap_common/eap_wsc_common.c.obj
[154/1044] Linking C static library esp-idf/esp_driver_spi/libesp_driver_spi.a
[152/1044] Building C object esp-idf/wpa_supplicant/CMakeFiles/__idf_wpa_supplicant.dir/src/crypto/sha1-prf.c.obj
[133/1044] Building C object esp-idf/wpa_supplicant/CMakeFiles/__idf_wpa_supplicant.dir/src/ap/wpa_auth_ie.c.obj
[155/1044] Building C object esp-idf/wpa_supplicant/CMakeFiles/__idf_wpa_supplicant.dir/src/eap_common/eap_wsc_common.c.obj
[134/1044] Linking C static library esp-idf/esp_driver_i2s/libesp_driver_i2s.a
[156/1044] Building C object esp-idf/wpa_supplicant/CMakeFiles/__idf_wpa_supplicant.dir/src/crypto/ms_funcs.c.obj
[153/1044] Building C object esp-idf/wpa_supplicant/CMakeFiles/__idf_wpa_supplicant.dir/src/crypto/sha1-tprf.c.obj
[161/1044] Building C object esp-idf/wpa_supplicant/CMakeFiles/__idf_wpa_supplicant.dir/src/eap_peer/chap.c.obj
[157/1044] Building C object esp-idf/wpa_supplicant/CMakeFiles/__idf_wpa_supplicant.dir/src/crypto/sha1-prf.c.obj
[154/1044] Building C object esp-idf/esp_driver_spi/CMakeFiles/__idf_esp_driver_spi.dir/src/gpspi/spi_master.c.obj
[155/1044] Building C object esp-idf/wpa_supplicant/CMakeFiles/__idf_wpa_supplicant.dir/src/ap/wpa_auth.c.obj
[162/1044] Building C object esp-idf/wpa_supplicant/CMakeFiles/__idf_wpa_supplicant.dir/src/eap_peer/mschapv2.c.obj
[156/1044] Building C object esp-idf/wpa_supplicant/CMakeFiles/__idf_wpa_supplicant.dir/src/common/wpa_common.c.obj
[135/1044] Building C object esp-idf/wpa_supplicant/CMakeFiles/__idf_wpa_supplicant.dir/src/crypto/dh_group5.c.obj
[163/1044] Building C object esp-idf/wpa_supplicant/CMakeFiles/__idf_wpa_supplicant.dir/src/eap_peer/eap_common.c.obj
[157/1044] Building C object esp-idf/wpa_supplicant/CMakeFiles/__idf_wpa_supplicant.dir/src/crypto/md4-internal.c.obj
[158/1044] Building C object esp-idf/wpa_supplicant/CMakeFiles/__idf_wpa_supplicant.dir/src/crypto/sha1-tprf.c.obj
[136/1044] Building C object esp-idf/wpa_supplicant/CMakeFiles/__idf_wpa_supplicant.dir/src/ap/ieee802_11.c.obj
[159/1044] Linking C static library esp-idf/esp_wifi/libesp_wifi.a
[158/1044] Building C object esp-idf/wpa_supplicant/CMakeFiles/__idf_wpa_supplicant.dir/src/eap_common/eap_wsc_common.c.obj
[137/1044] Building C object esp-idf/wpa_supplicant/CMakeFiles/__idf_wpa_supplicant.dir/src/crypto/ccmp.c.obj
[159/1044] Building C object esp-idf/wpa_supplicant/CMakeFiles/__idf_wpa_supplicant.dir/src/eap_peer/chap.c.obj
[138/1044] Linking C static library esp-idf/esp_driver_mcpwm/libesp_driver_mcpwm.a
[164/1044] Building C object esp-idf/wpa_supplicant/CMakeFiles/__idf_wpa_supplicant.dir/src/eap_peer/eap_tls.c.obj
[139/1044] Building C object esp-idf/wpa_supplicant/CMakeFiles/__idf_wpa_supplicant.dir/src/crypto/sha256-kdf.c.obj
[160/1044] Building C object esp-idf/wpa_supplicant/CMakeFiles/__idf_wpa_supplicant.dir/src/eap_peer/eap_peap_common.c.obj
[140/1044] Building C object esp-idf/wpa_supplicant/CMakeFiles/__idf_wpa_supplicant.dir/src/utils/bitfield.c.obj
[161/1044] Linking C static library esp-idf/esp_driver_spi/libesp_driver_spi.a
[165/1044] Building C object esp-idf/wpa_supplicant/CMakeFiles/__idf_wpa_supplicant.dir/src/ap/wpa_auth.c.obj
[160/1044] Building C object esp-idf/wpa_supplicant/CMakeFiles/__idf_wpa_supplicant.dir/src/eap_peer/eap_common.c.obj
[141/1044] Linking C static library esp-idf/esp_driver_pcnt/libesp_driver_pcnt.a
[161/1044] Building C object esp-idf/wpa_supplicant/CMakeFiles/__idf_wpa_supplicant.dir/src/crypto/md4-internal.c.obj
[166/1044] Building C object esp-idf/wpa_supplicant/CMakeFiles/__idf_wpa_supplicant.dir/src/common/ieee802_11_common.c.obj
[162/1044] Building C object esp-idf/wpa_supplicant/CMakeFiles/__idf_wpa_supplicant.dir/src/eap_peer/eap_mschapv2.c.obj
[162/1044] Linking C static library esp-idf/esp_wifi/libesp_wifi.a
[142/1044] Building C object esp-idf/wpa_supplicant/CMakeFiles/__idf_wpa_supplicant.dir/src/crypto/crypto_ops.c.obj
[143/1044] Building C object esp-idf/wpa_supplicant/CMakeFiles/__idf_wpa_supplicant.dir/src/common/wpa_common.c.obj
[167/1044] Building C object esp-idf/wpa_supplicant/CMakeFiles/__idf_wpa_supplicant.dir/src/eap_peer/eap_fast_pac.c.obj
[163/1044] Building C object esp-idf/wpa_supplicant/CMakeFiles/__idf_wpa_supplicant.dir/src/eap_peer/eap_common.c.obj
[164/1044] Building C object esp-idf/wpa_supplicant/CMakeFiles/__idf_wpa_supplicant.dir/src/common/ieee802_11_common.c.obj
[144/1044] Linking C static library esp-idf/esp_gdbstub/libesp_gdbstub.a
[163/1044] Building C object esp-idf/wpa_supplicant/CMakeFiles/__idf_wpa_supplicant.dir/src/eap_peer/eap_peap_common.c.obj
[145/1044] Building C object esp-idf/wpa_supplicant/CMakeFiles/__idf_wpa_supplicant.dir/src/crypto/sha384-tlsprf.c.obj
[165/1044] Building C object esp-idf/wpa_supplicant/CMakeFiles/__idf_wpa_supplicant.dir/src/eap_peer/eap.c.obj
[166/1044] Building C object esp-idf/wpa_supplicant/CMakeFiles/__idf_wpa_supplicant.dir/src/eap_peer/eap_mschapv2.c.obj
[146/1044] Building C object esp-idf/wpa_supplicant/CMakeFiles/__idf_wpa_supplicant.dir/src/crypto/aes-gcm.c.obj
[147/1044] Building C object esp-idf/wpa_supplicant/CMakeFiles/__idf_wpa_supplicant.dir/src/crypto/ms_funcs.c.obj
[168/1044] Building C object esp-idf/wpa_supplicant/CMakeFiles/__idf_wpa_supplicant.dir/src/eap_peer/eap_mschapv2.c.obj
[164/1044] Building C object esp-idf/wpa_supplicant/CMakeFiles/__idf_wpa_supplicant.dir/src/common/ieee802_11_common.c.obj
[148/1044] Building C object esp-idf/wpa_supplicant/CMakeFiles/__idf_wpa_supplicant.dir/src/crypto/sha256-tlsprf.c.obj
[165/1044] Building C object esp-idf/wpa_supplicant/CMakeFiles/__idf_wpa_supplicant.dir/src/eap_peer/mschapv2.c.obj
[149/1044] Building C object esp-idf/wpa_supplicant/CMakeFiles/__idf_wpa_supplicant.dir/src/crypto/sha1-prf.c.obj
[169/1044] Building C object esp-idf/wpa_supplicant/CMakeFiles/__idf_wpa_supplicant.dir/src/eap_peer/eap_fast_common.c.obj
[150/1044] Building C object esp-idf/wpa_supplicant/CMakeFiles/__idf_wpa_supplicant.dir/src/crypto/sha1-tlsprf.c.obj
[170/1044] Building C object esp-idf/wpa_supplicant/CMakeFiles/__idf_wpa_supplicant.dir/src/utils/base64.c.obj
[171/1044] Building C object esp-idf/wpa_supplicant/CMakeFiles/__idf_wpa_supplicant.dir/src/utils/wpa_debug.c.obj
[151/1044] Building C object esp-idf/wpa_supplicant/CMakeFiles/__idf_wpa_supplicant.dir/src/crypto/dh_groups.c.obj
[166/1044] Building C object esp-idf/wpa_supplicant/CMakeFiles/__idf_wpa_supplicant.dir/src/eap_peer/eap_tls.c.obj
[167/1044] Building C object esp-idf/wpa_supplicant/CMakeFiles/__idf_wpa_supplicant.dir/src/ap/wpa_auth.c.obj
[167/1044] Building C object esp-idf/wpa_supplicant/CMakeFiles/__idf_wpa_supplicant.dir/src/eap_peer/mschapv2.c.obj
[172/1044] Building C object esp-idf/wpa_supplicant/CMakeFiles/__idf_wpa_supplicant.dir/src/utils/ext_password.c.obj
[152/1044] Building C object esp-idf/wpa_supplicant/CMakeFiles/__idf_wpa_supplicant.dir/src/crypto/sha384-prf.c.obj
[168/1044] Building C object esp-idf/wpa_supplicant/CMakeFiles/__idf_wpa_supplicant.dir/src/eap_peer/eap_fast_pac.c.obj
[168/1044] Building C object esp-idf/wpa_supplicant/CMakeFiles/__idf_wpa_supplicant.dir/src/rsn_supp/wpa_ie.c.obj
[169/1044] Building C object esp-idf/wpa_supplicant/CMakeFiles/__idf_wpa_supplicant.dir/src/eap_peer/eap_tls.c.obj
[153/1044] Building C object esp-idf/wpa_supplicant/CMakeFiles/__idf_wpa_supplicant.dir/src/crypto/sha256-prf.c.obj
[173/1044] Building C object esp-idf/wpa_supplicant/CMakeFiles/__idf_wpa_supplicant.dir/src/eap_peer/eap.c.obj
[169/1044] Building C object esp-idf/wpa_supplicant/CMakeFiles/__idf_wpa_supplicant.dir/src/eap_peer/eap_fast_common.c.obj
[174/1044] Building C object esp-idf/wpa_supplicant/CMakeFiles/__idf_wpa_supplicant.dir/src/utils/uuid.c.obj
[154/1044] Building C object esp-idf/esp_driver_spi/CMakeFiles/__idf_esp_driver_spi.dir/src/gpspi/spi_master.c.obj
[170/1044] Building C object esp-idf/wpa_supplicant/CMakeFiles/__idf_wpa_supplicant.dir/src/eap_peer/eap_fast_common.c.obj
[175/1044] Building C object esp-idf/wpa_supplicant/CMakeFiles/__idf_wpa_supplicant.dir/src/utils/wpabuf.c.obj
[176/1044] Building C object esp-idf/wpa_supplicant/CMakeFiles/__idf_wpa_supplicant.dir/src/rsn_supp/wpa_ie.c.obj
[171/1044] Building C object esp-idf/wpa_supplicant/CMakeFiles/__idf_wpa_supplicant.dir/src/eap_peer/eap_tls_common.c.obj
[155/1044] Building C object esp-idf/wpa_supplicant/CMakeFiles/__idf_wpa_supplicant.dir/src/eap_peer/eap_common.c.obj
[170/1044] Building C object esp-idf/wpa_supplicant/CMakeFiles/__idf_wpa_supplicant.dir/src/eap_peer/eap.c.obj
[177/1044] Building C object esp-idf/wpa_supplicant/CMakeFiles/__idf_wpa_supplicant.dir/src/eap_peer/eap_peap.c.obj
[156/1044] Building C object esp-idf/wpa_supplicant/CMakeFiles/__idf_wpa_supplicant.dir/src/crypto/sha1-tprf.c.obj
[172/1044] Building C object esp-idf/wpa_supplicant/CMakeFiles/__idf_wpa_supplicant.dir/src/utils/base64.c.obj
[157/1044] Building C object esp-idf/wpa_supplicant/CMakeFiles/__idf_wpa_supplicant.dir/src/eap_common/eap_wsc_common.c.obj
[178/1044] Building C object esp-idf/wpa_supplicant/CMakeFiles/__idf_wpa_supplicant.dir/src/rsn_supp/pmksa_cache.c.obj
[158/1044] Building C object esp-idf/wpa_supplicant/CMakeFiles/__idf_wpa_supplicant.dir/src/crypto/md4-internal.c.obj
[179/1044] Building C object esp-idf/wpa_supplicant/CMakeFiles/__idf_wpa_supplicant.dir/src/eap_peer/eap_tls_common.c.obj
[173/1044] Building C object esp-idf/wpa_supplicant/CMakeFiles/__idf_wpa_supplicant.dir/src/utils/ext_password.c.obj
[159/1044] Building C object esp-idf/wpa_supplicant/CMakeFiles/__idf_wpa_supplicant.dir/src/eap_peer/chap.c.obj
[160/1044] Linking C static library esp-idf/esp_driver_spi/libesp_driver_spi.a
[174/1044] Building C object esp-idf/wpa_supplicant/CMakeFiles/__idf_wpa_supplicant.dir/src/rsn_supp/pmksa_cache.c.obj
[175/1044] Building C object esp-idf/wpa_supplicant/CMakeFiles/__idf_wpa_supplicant.dir/src/utils/uuid.c.obj
[176/1044] Building C object esp-idf/wpa_supplicant/CMakeFiles/__idf_wpa_supplicant.dir/src/rsn_supp/wpa_ie.c.obj
[180/1044] Building C object esp-idf/wpa_supplicant/CMakeFiles/__idf_wpa_supplicant.dir/src/common/sae.c.obj
[171/1044] Building C object esp-idf/wpa_supplicant/CMakeFiles/__idf_wpa_supplicant.dir/src/eap_peer/eap_tls_common.c.obj
[172/1044] Building C object esp-idf/wpa_supplicant/CMakeFiles/__idf_wpa_supplicant.dir/src/utils/ext_password.c.obj
[173/1044] Building C object esp-idf/wpa_supplicant/CMakeFiles/__idf_wpa_supplicant.dir/src/utils/base64.c.obj
[161/1044] Linking C static library esp-idf/esp_wifi/libesp_wifi.a
[181/1044] Building C object esp-idf/wpa_supplicant/CMakeFiles/__idf_wpa_supplicant.dir/src/utils/common.c.obj
[174/1044] Building C object esp-idf/wpa_supplicant/CMakeFiles/__idf_wpa_supplicant.dir/src/utils/uuid.c.obj
[177/1044] Building C object esp-idf/wpa_supplicant/CMakeFiles/__idf_wpa_supplicant.dir/src/utils/wpa_debug.c.obj
[162/1044] Building C object esp-idf/wpa_supplicant/CMakeFiles/__idf_wpa_supplicant.dir/src/eap_peer/eap_peap_common.c.obj
[175/1044] Building C object esp-idf/wpa_supplicant/CMakeFiles/__idf_wpa_supplicant.dir/src/rsn_supp/pmksa_cache.c.obj
[176/1044] Building C object esp-idf/wpa_supplicant/CMakeFiles/__idf_wpa_supplicant.dir/src/utils/wpa_debug.c.obj
[182/1044] Building C object esp-idf/wpa_supplicant/CMakeFiles/__idf_wpa_supplicant.dir/esp_supplicant/src/esp_wpa2_api_port.c.obj
[178/1044] Building C object esp-idf/wpa_supplicant/CMakeFiles/__idf_wpa_supplicant.dir/src/utils/wpabuf.c.obj
[179/1044] Building C object esp-idf/wpa_supplicant/CMakeFiles/__idf_wpa_supplicant.dir/src/common/sae.c.obj
[183/1044] Building C object esp-idf/wpa_supplicant/CMakeFiles/__idf_wpa_supplicant.dir/src/wps/wps_attr_process.c.obj
[163/1044] Building C object esp-idf/wpa_supplicant/CMakeFiles/__idf_wpa_supplicant.dir/src/eap_peer/eap_fast_common.c.obj
[177/1044] Building C object esp-idf/wpa_supplicant/CMakeFiles/__idf_wpa_supplicant.dir/src/utils/wpabuf.c.obj
[180/1044] Building C object esp-idf/wpa_supplicant/CMakeFiles/__idf_wpa_supplicant.dir/src/utils/common.c.obj
[164/1044] Building C object esp-idf/wpa_supplicant/CMakeFiles/__idf_wpa_supplicant.dir/src/common/ieee802_11_common.c.obj
[165/1044] Building C object esp-idf/wpa_supplicant/CMakeFiles/__idf_wpa_supplicant.dir/src/eap_peer/eap_tls.c.obj
[166/1044] Building C object esp-idf/wpa_supplicant/CMakeFiles/__idf_wpa_supplicant.dir/src/ap/wpa_auth.c.obj
[178/1044] Building C object esp-idf/wpa_supplicant/CMakeFiles/__idf_wpa_supplicant.dir/src/eap_peer/eap_peap.c.obj
[181/1044] Building C object esp-idf/wpa_supplicant/CMakeFiles/__idf_wpa_supplicant.dir/src/wps/wps_attr_build.c.obj
[184/1044] Building C object esp-idf/wpa_supplicant/CMakeFiles/__idf_wpa_supplicant.dir/src/wps/wps_attr_parse.c.obj
[167/1044] Building C object esp-idf/wpa_supplicant/CMakeFiles/__idf_wpa_supplicant.dir/src/eap_peer/mschapv2.c.obj
[182/1044] Building C object esp-idf/wpa_supplicant/CMakeFiles/__idf_wpa_supplicant.dir/src/eap_peer/eap_peap.c.obj
[179/1044] Building C object esp-idf/wpa_supplicant/CMakeFiles/__idf_wpa_supplicant.dir/src/common/sae.c.obj
[183/1044] Building C object esp-idf/wpa_supplicant/CMakeFiles/__idf_wpa_supplicant.dir/esp_supplicant/src/esp_wpa2_api_port.c.obj
[180/1044] Building C object esp-idf/wpa_supplicant/CMakeFiles/__idf_wpa_supplicant.dir/src/eap_peer/eap_ttls.c.obj
[168/1044] Building C object esp-idf/wpa_supplicant/CMakeFiles/__idf_wpa_supplicant.dir/src/eap_peer/eap_mschapv2.c.obj
[181/1044] Building C object esp-idf/wpa_supplicant/CMakeFiles/__idf_wpa_supplicant.dir/src/utils/json.c.obj
[185/1044] Building C object esp-idf/wpa_supplicant/CMakeFiles/__idf_wpa_supplicant.dir/src/wps/wps_dev_attr.c.obj
[169/1044] Building C object esp-idf/wpa_supplicant/CMakeFiles/__idf_wpa_supplicant.dir/src/eap_peer/eap.c.obj
[186/1044] Building C object esp-idf/wpa_supplicant/CMakeFiles/__idf_wpa_supplicant.dir/src/utils/json.c.obj
[182/1044] Building C object esp-idf/wpa_supplicant/CMakeFiles/__idf_wpa_supplicant.dir/src/eap_peer/eap_fast_pac.c.obj
[170/1044] Building C object esp-idf/wpa_supplicant/CMakeFiles/__idf_wpa_supplicant.dir/src/eap_peer/eap_ttls.c.obj
[187/1044] Building C object esp-idf/wpa_supplicant/CMakeFiles/__idf_wpa_supplicant.dir/src/wps/wps.c.obj
[183/1044] Building C object esp-idf/wpa_supplicant/CMakeFiles/__idf_wpa_supplicant.dir/src/utils/common.c.obj
[188/1044] Building C object esp-idf/wpa_supplicant/CMakeFiles/__idf_wpa_supplicant.dir/src/eap_peer/eap_ttls.c.obj
[184/1044] Building C object esp-idf/wpa_supplicant/CMakeFiles/__idf_wpa_supplicant.dir/src/eap_peer/eap_ttls.c.obj
[184/1044] Building C object esp-idf/wpa_supplicant/CMakeFiles/__idf_wpa_supplicant.dir/esp_supplicant/src/esp_wpa2_api_port.c.obj
[171/1044] Building C object esp-idf/wpa_supplicant/CMakeFiles/__idf_wpa_supplicant.dir/src/common/sae.c.obj
[185/1044] Building C object esp-idf/wpa_supplicant/CMakeFiles/__idf_wpa_supplicant.dir/src/wps/wps_attr_process.c.obj
[189/1044] Building C object esp-idf/wpa_supplicant/CMakeFiles/__idf_wpa_supplicant.dir/esp_supplicant/src/esp_wpas_glue.c.obj
[190/1044] Building C object esp-idf/wpa_supplicant/CMakeFiles/__idf_wpa_supplicant.dir/src/wps/wps_attr_build.c.obj
[186/1044] Building C object esp-idf/wpa_supplicant/CMakeFiles/__idf_wpa_supplicant.dir/esp_supplicant/src/esp_wpas_glue.c.obj
[187/1044] Building C object esp-idf/wpa_supplicant/CMakeFiles/__idf_wpa_supplicant.dir/src/common/sae_pk.c.obj
[185/1044] Building C object esp-idf/wpa_supplicant/CMakeFiles/__idf_wpa_supplicant.dir/src/wps/wps.c.obj
[191/1044] Building C object esp-idf/wpa_supplicant/CMakeFiles/__idf_wpa_supplicant.dir/src/wps/wps_common.c.obj
[172/1044] Building C object esp-idf/wpa_supplicant/CMakeFiles/__idf_wpa_supplicant.dir/src/utils/ext_password.c.obj
[186/1044] Building C object esp-idf/wpa_supplicant/CMakeFiles/__idf_wpa_supplicant.dir/esp_supplicant/src/esp_common.c.obj
[188/1044] Building C object esp-idf/wpa_supplicant/CMakeFiles/__idf_wpa_supplicant.dir/src/utils/json.c.obj
[173/1044] Building C object esp-idf/wpa_supplicant/CMakeFiles/__idf_wpa_supplicant.dir/src/rsn_supp/wpa_ie.c.obj
[187/1044] Building C object esp-idf/wpa_supplicant/CMakeFiles/__idf_wpa_supplicant.dir/src/wps/wps_attr_parse.c.obj
[189/1044] Building C object esp-idf/wpa_supplicant/CMakeFiles/__idf_wpa_supplicant.dir/src/wps/wps_attr_parse.c.obj
[190/1044] Building C object esp-idf/wpa_supplicant/CMakeFiles/__idf_wpa_supplicant.dir/src/wps/wps.c.obj
[174/1044] Building C object esp-idf/wpa_supplicant/CMakeFiles/__idf_wpa_supplicant.dir/src/eap_peer/eap_fast_pac.c.obj
[175/1044] Building C object esp-idf/wpa_supplicant/CMakeFiles/__idf_wpa_supplicant.dir/src/utils/base64.c.obj
[176/1044] Building C object esp-idf/wpa_supplicant/CMakeFiles/__idf_wpa_supplicant.dir/src/rsn_supp/pmksa_cache.c.obj
[188/1044] Building C object esp-idf/wpa_supplicant/CMakeFiles/__idf_wpa_supplicant.dir/src/wps/wps_attr_process.c.obj
[192/1044] Building C object esp-idf/wpa_supplicant/CMakeFiles/__idf_wpa_supplicant.dir/src/eap_peer/eap_fast.c.obj
[191/1044] Building C object esp-idf/wpa_supplicant/CMakeFiles/__idf_wpa_supplicant.dir/src/eap_peer/eap_fast.c.obj
[193/1044] Building C object esp-idf/wpa_supplicant/CMakeFiles/__idf_wpa_supplicant.dir/esp_supplicant/src/esp_common.c.obj
[192/1044] Building C object esp-idf/wpa_supplicant/CMakeFiles/__idf_wpa_supplicant.dir/src/wps/wps_dev_attr.c.obj
[193/1044] Building C object esp-idf/wpa_supplicant/CMakeFiles/__idf_wpa_supplicant.dir/src/wps/wps_common.c.obj
[189/1044] Building C object esp-idf/wpa_supplicant/CMakeFiles/__idf_wpa_supplicant.dir/src/wps/wps_attr_build.c.obj
[194/1044] Building C object esp-idf/wpa_supplicant/CMakeFiles/__idf_wpa_supplicant.dir/esp_supplicant/src/esp_owe.c.obj
[177/1044] Building C object esp-idf/wpa_supplicant/CMakeFiles/__idf_wpa_supplicant.dir/src/utils/uuid.c.obj
[195/1044] Building C object esp-idf/wpa_supplicant/CMakeFiles/__idf_wpa_supplicant.dir/src/common/sae_pk.c.obj
[196/1044] Building C object esp-idf/wpa_supplicant/CMakeFiles/__idf_wpa_supplicant.dir/esp_supplicant/src/crypto/fastpsk.c.obj
[178/1044] Building C object esp-idf/wpa_supplicant/CMakeFiles/__idf_wpa_supplicant.dir/src/eap_peer/eap_tls_common.c.obj
[194/1044] Building C object esp-idf/wpa_supplicant/CMakeFiles/__idf_wpa_supplicant.dir/esp_supplicant/src/esp_owe.c.obj
[190/1044] Building C object esp-idf/wpa_supplicant/CMakeFiles/__idf_wpa_supplicant.dir/esp_supplicant/src/esp_wpas_glue.c.obj
[179/1044] Building C object esp-idf/wpa_supplicant/CMakeFiles/__idf_wpa_supplicant.dir/src/utils/wpa_debug.c.obj
[191/1044] Building C object esp-idf/wpa_supplicant/CMakeFiles/__idf_wpa_supplicant.dir/src/wps/wps_dev_attr.c.obj
[197/1044] Building C object esp-idf/wpa_supplicant/CMakeFiles/__idf_wpa_supplicant.dir/esp_supplicant/src/esp_wpa_main.c.obj
[180/1044] Building C object esp-idf/wpa_supplicant/CMakeFiles/__idf_wpa_supplicant.dir/src/eap_peer/eap_peap.c.obj
[192/1044] Building C object esp-idf/wpa_supplicant/CMakeFiles/__idf_wpa_supplicant.dir/src/wps/wps_common.c.obj
[195/1044] Building C object esp-idf/wpa_supplicant/CMakeFiles/__idf_wpa_supplicant.dir/esp_supplicant/src/esp_common.c.obj
[196/1044] Building C object esp-idf/wpa_supplicant/CMakeFiles/__idf_wpa_supplicant.dir/esp_supplicant/src/crypto/fastpsk.c.obj
[198/1044] Linking C static library esp-idf/esp_coex/libesp_coex.a
[193/1044] Building C object esp-idf/wpa_supplicant/CMakeFiles/__idf_wpa_supplicant.dir/esp_supplicant/src/esp_owe.c.obj
[199/1044] Building C object esp-idf/wpa_supplicant/CMakeFiles/__idf_wpa_supplicant.dir/src/wps/wps_enrollee.c.obj
[197/1044] Building C object esp-idf/wpa_supplicant/CMakeFiles/__idf_wpa_supplicant.dir/esp_supplicant/src/esp_hostap.c.obj
[200/1044] Building C object esp-idf/wpa_supplicant/CMakeFiles/__idf_wpa_supplicant.dir/esp_supplicant/src/esp_hostap.c.obj
[201/1044] Building C object esp-idf/wpa_supplicant/CMakeFiles/__idf_wpa_supplicant.dir/src/crypto/aes-unwrap.c.obj
[181/1044] Building C object esp-idf/wpa_supplicant/CMakeFiles/__idf_wpa_supplicant.dir/src/utils/wpabuf.c.obj
[194/1044] Building C object esp-idf/wpa_supplicant/CMakeFiles/__idf_wpa_supplicant.dir/src/crypto/rc4.c.obj
[182/1044] Building C object esp-idf/wpa_supplicant/CMakeFiles/__idf_wpa_supplicant.dir/src/utils/common.c.obj
[202/1044] Building C object esp-idf/wpa_supplicant/CMakeFiles/__idf_wpa_supplicant.dir/esp_supplicant/src/esp_wpa3.c.obj
[198/1044] Linking C static library esp-idf/esp_coex/libesp_coex.a
[183/1044] Building C object esp-idf/wpa_supplicant/CMakeFiles/__idf_wpa_supplicant.dir/src/wps/wps_attr_process.c.obj
[199/1044] Building C object esp-idf/wpa_supplicant/CMakeFiles/__idf_wpa_supplicant.dir/src/wps/wps_enrollee.c.obj
[195/1044] Building C object esp-idf/wpa_supplicant/CMakeFiles/__idf_wpa_supplicant.dir/esp_supplicant/src/crypto/fastpsk.c.obj
[196/1044] Building C object esp-idf/wpa_supplicant/CMakeFiles/__idf_wpa_supplicant.dir/esp_supplicant/src/esp_wpa_main.c.obj
[184/1044] Building C object esp-idf/wpa_supplicant/CMakeFiles/__idf_wpa_supplicant.dir/src/utils/json.c.obj
[200/1044] Building C object esp-idf/wpa_supplicant/CMakeFiles/__idf_wpa_supplicant.dir/esp_supplicant/src/esp_wpa_main.c.obj
[185/1044] Building C object esp-idf/wpa_supplicant/CMakeFiles/__idf_wpa_supplicant.dir/esp_supplicant/src/esp_wpa2_api_port.c.obj
[197/1044] Building C object esp-idf/wpa_supplicant/CMakeFiles/__idf_wpa_supplicant.dir/src/common/sae_pk.c.obj
[203/1044] Building C object esp-idf/esp_netif/CMakeFiles/__idf_esp_netif.dir/esp_netif_objects.c.obj
[186/1044] Building C object esp-idf/wpa_supplicant/CMakeFiles/__idf_wpa_supplicant.dir/src/common/sae_pk.c.obj
[201/1044] Building C object esp-idf/wpa_supplicant/CMakeFiles/__idf_wpa_supplicant.dir/src/crypto/aes-wrap.c.obj
[198/1044] Linking C static library esp-idf/esp_coex/libesp_coex.a
[204/1044] Building C object esp-idf/esp_netif/CMakeFiles/__idf_esp_netif.dir/esp_netif_handlers.c.obj
[199/1044] Building C object esp-idf/wpa_supplicant/CMakeFiles/__idf_wpa_supplicant.dir/src/eap_peer/eap_fast.c.obj
[187/1044] Building C object esp-idf/wpa_supplicant/CMakeFiles/__idf_wpa_supplicant.dir/esp_supplicant/src/esp_wpas_glue.c.obj
[205/1044] Building C object esp-idf/wpa_supplicant/CMakeFiles/__idf_wpa_supplicant.dir/src/crypto/rc4.c.obj
[206/1044] Building C object esp-idf/esp_netif/CMakeFiles/__idf_esp_netif.dir/esp_netif_defaults.c.obj
[200/1044] Building C object esp-idf/wpa_supplicant/CMakeFiles/__idf_wpa_supplicant.dir/src/rsn_supp/wpa.c.obj
[207/1044] Building C object esp-idf/wpa_supplicant/CMakeFiles/__idf_wpa_supplicant.dir/esp_supplicant/src/crypto/fastpbkdf2.c.obj
[202/1044] Building C object esp-idf/wpa_supplicant/CMakeFiles/__idf_wpa_supplicant.dir/esp_supplicant/src/esp_wpa3.c.obj
[188/1044] Building C object esp-idf/wpa_supplicant/CMakeFiles/__idf_wpa_supplicant.dir/src/wps/wps_attr_parse.c.obj
[189/1044] Building C object esp-idf/wpa_supplicant/CMakeFiles/__idf_wpa_supplicant.dir/src/wps/wps.c.obj
[201/1044] Building C object esp-idf/wpa_supplicant/CMakeFiles/__idf_wpa_supplicant.dir/esp_supplicant/src/crypto/fastpbkdf2.c.obj
[202/1044] Building C object esp-idf/wpa_supplicant/CMakeFiles/__idf_wpa_supplicant.dir/esp_supplicant/src/esp_wpa3.c.obj
[190/1044] Building C object esp-idf/wpa_supplicant/CMakeFiles/__idf_wpa_supplicant.dir/src/wps/wps_attr_build.c.obj
[208/1044] Building C object esp-idf/esp_netif/CMakeFiles/__idf_esp_netif.dir/lwip/esp_netif_lwip_defaults.c.obj
[209/1044] Building C object esp-idf/esp_netif/CMakeFiles/__idf_esp_netif.dir/lwip/netif/esp_pbuf_ref.c.obj
[203/1044] Building C object esp-idf/esp_netif/CMakeFiles/__idf_esp_netif.dir/esp_netif_defaults.c.obj
[203/1044] Building C object esp-idf/esp_netif/CMakeFiles/__idf_esp_netif.dir/esp_netif_defaults.c.obj
[210/1044] Building C object esp-idf/wpa_supplicant/CMakeFiles/__idf_wpa_supplicant.dir/esp_supplicant/src/esp_eap_client.c.obj
[204/1044] Building C object esp-idf/wpa_supplicant/CMakeFiles/__idf_wpa_supplicant.dir/esp_supplicant/src/esp_eap_client.c.obj
[204/1044] Building C object esp-idf/wpa_supplicant/CMakeFiles/__idf_wpa_supplicant.dir/esp_supplicant/src/crypto/crypto_mbedtls.c.obj
[205/1044] Building C object esp-idf/wpa_supplicant/CMakeFiles/__idf_wpa_supplicant.dir/src/crypto/rc4.c.obj
[206/1044] Building C object esp-idf/esp_netif/CMakeFiles/__idf_esp_netif.dir/esp_netif_objects.c.obj
[191/1044] Building C object esp-idf/wpa_supplicant/CMakeFiles/__idf_wpa_supplicant.dir/src/wps/wps_common.c.obj
[211/1044] Building C object esp-idf/wpa_supplicant/CMakeFiles/__idf_wpa_supplicant.dir/src/crypto/aes-wrap.c.obj
[207/1044] Building C object esp-idf/wpa_supplicant/CMakeFiles/__idf_wpa_supplicant.dir/src/crypto/aes-ccm.c.obj
[208/1044] Building C object esp-idf/wpa_supplicant/CMakeFiles/__idf_wpa_supplicant.dir/esp_supplicant/src/crypto/fastpbkdf2.c.obj
[205/1044] Building C object esp-idf/esp_netif/CMakeFiles/__idf_esp_netif.dir/esp_netif_handlers.c.obj
[209/1044] Building C object esp-idf/wpa_supplicant/CMakeFiles/__idf_wpa_supplicant.dir/src/crypto/aes-unwrap.c.obj
[212/1044] Building C object esp-idf/wpa_supplicant/CMakeFiles/__idf_wpa_supplicant.dir/esp_supplicant/src/crypto/crypto_mbedtls-bignum.c.obj
[192/1044] Building C object esp-idf/wpa_supplicant/CMakeFiles/__idf_wpa_supplicant.dir/src/wps/wps_dev_attr.c.obj
[206/1044] Building C object esp-idf/wpa_supplicant/CMakeFiles/__idf_wpa_supplicant.dir/esp_supplicant/src/crypto/crypto_mbedtls-bignum.c.obj
[210/1044] Building C object esp-idf/esp_netif/CMakeFiles/__idf_esp_netif.dir/lwip/esp_netif_sntp.c.obj
[211/1044] Building C object esp-idf/wpa_supplicant/CMakeFiles/__idf_wpa_supplicant.dir/src/rsn_supp/wpa.c.obj
[213/1044] Building C object esp-idf/wpa_supplicant/CMakeFiles/__idf_wpa_supplicant.dir/esp_supplicant/src/crypto/crypto_mbedtls-rsa.c.obj
[214/1044] Building C object esp-idf/wpa_supplicant/CMakeFiles/__idf_wpa_supplicant.dir/esp_supplicant/src/crypto/crypto_mbedtls.c.obj
[207/1044] Building C object esp-idf/esp_netif/CMakeFiles/__idf_esp_netif.dir/esp_netif_objects.c.obj
[215/1044] Building C object esp-idf/wpa_supplicant/CMakeFiles/__idf_wpa_supplicant.dir/esp_supplicant/src/crypto/tls_mbedtls.c.obj
[216/1044] Building C object esp-idf/esp_netif/CMakeFiles/__idf_esp_netif.dir/lwip/netif/ethernetif.c.obj
[208/1044] Building C object esp-idf/esp_netif/CMakeFiles/__idf_esp_netif.dir/lwip/esp_netif_sntp.c.obj
[212/1044] Building C object esp-idf/esp_netif/CMakeFiles/__idf_esp_netif.dir/esp_netif_handlers.c.obj
[209/1044] Building C object esp-idf/wpa_supplicant/CMakeFiles/__idf_wpa_supplicant.dir/esp_supplicant/src/esp_hostap.c.obj
[217/1044] Building C object esp-idf/wpa_supplicant/CMakeFiles/__idf_wpa_supplicant.dir/src/crypto/aes-ccm.c.obj
[210/1044] Building C object esp-idf/esp_netif/CMakeFiles/__idf_esp_netif.dir/lwip/netif/wlanif.c.obj
[218/1044] Building C object esp-idf/wpa_supplicant/CMakeFiles/__idf_wpa_supplicant.dir/src/crypto/des-internal.c.obj
[219/1044] Building C object esp-idf/wpa_supplicant/CMakeFiles/__idf_wpa_supplicant.dir/esp_supplicant/src/esp_wps.c.obj
[213/1044] Building C object esp-idf/wpa_supplicant/CMakeFiles/__idf_wpa_supplicant.dir/esp_supplicant/src/crypto/crypto_mbedtls.c.obj
[193/1044] Building C object esp-idf/wpa_supplicant/CMakeFiles/__idf_wpa_supplicant.dir/esp_supplicant/src/esp_common.c.obj
[211/1044] Building C object esp-idf/wpa_supplicant/CMakeFiles/__idf_wpa_supplicant.dir/src/crypto/aes-unwrap.c.obj
[214/1044] Building C object esp-idf/wpa_supplicant/CMakeFiles/__idf_wpa_supplicant.dir/src/crypto/des-internal.c.obj
[194/1044] Building C object esp-idf/wpa_supplicant/CMakeFiles/__idf_wpa_supplicant.dir/esp_supplicant/src/crypto/fastpsk.c.obj
[195/1044] Building C object esp-idf/wpa_supplicant/CMakeFiles/__idf_wpa_supplicant.dir/src/eap_peer/eap_fast.c.obj
[212/1044] Building C object esp-idf/wpa_supplicant/CMakeFiles/__idf_wpa_supplicant.dir/src/crypto/aes-wrap.c.obj
[215/1044] Building C object esp-idf/lwip/CMakeFiles/__idf_lwip.dir/lwip/src/api/if_api.c.obj
[220/1044] Building C object esp-idf/esp_netif/CMakeFiles/__idf_esp_netif.dir/lwip/netif/wlanif.c.obj
[213/1044] Building C object esp-idf/wpa_supplicant/CMakeFiles/__idf_wpa_supplicant.dir/src/crypto/aes-ccm.c.obj
[216/1044] Building C object esp-idf/wpa_supplicant/CMakeFiles/__idf_wpa_supplicant.dir/esp_supplicant/src/crypto/crypto_mbedtls-bignum.c.obj
[221/1044] Building C object esp-idf/lwip/CMakeFiles/__idf_lwip.dir/lwip/src/api/netifapi.c.obj
[214/1044] Building C object esp-idf/wpa_supplicant/CMakeFiles/__idf_wpa_supplicant.dir/src/wps/wps_enrollee.c.obj
[215/1044] Building C object esp-idf/lwip/CMakeFiles/__idf_lwip.dir/lwip/src/api/err.c.obj
[196/1044] Building C object esp-idf/wpa_supplicant/CMakeFiles/__idf_wpa_supplicant.dir/esp_supplicant/src/esp_owe.c.obj
[222/1044] Building C object esp-idf/lwip/CMakeFiles/__idf_lwip.dir/lwip/src/api/netdb.c.obj
[216/1044] Building C object esp-idf/wpa_supplicant/CMakeFiles/__idf_wpa_supplicant.dir/esp_supplicant/src/esp_eap_client.c.obj
[217/1044] Building C object esp-idf/wpa_supplicant/CMakeFiles/__idf_wpa_supplicant.dir/esp_supplicant/src/crypto/crypto_mbedtls-rsa.c.obj
[217/1044] Building C object esp-idf/wpa_supplicant/CMakeFiles/__idf_wpa_supplicant.dir/esp_supplicant/src/crypto/crypto_mbedtls-rsa.c.obj
[223/1044] Building C object esp-idf/wpa_supplicant/CMakeFiles/__idf_wpa_supplicant.dir/src/rsn_supp/wpa.c.obj
[224/1044] Building C object esp-idf/wpa_supplicant/CMakeFiles/__idf_wpa_supplicant.dir/esp_supplicant/src/crypto/crypto_mbedtls-ec.c.obj
[218/1044] Building C object esp-idf/esp_netif/CMakeFiles/__idf_esp_netif.dir/lwip/esp_netif_lwip_defaults.c.obj
[225/1044] Building C object esp-idf/lwip/CMakeFiles/__idf_lwip.dir/lwip/src/api/err.c.obj
[218/1044] Building C object esp-idf/esp_netif/CMakeFiles/__idf_esp_netif.dir/lwip/esp_netif_lwip_defaults.c.obj
[197/1044] Building C object esp-idf/wpa_supplicant/CMakeFiles/__idf_wpa_supplicant.dir/src/rsn_supp/wpa.c.obj
[219/1044] Building C object esp-idf/wpa_supplicant/CMakeFiles/__idf_wpa_supplicant.dir/src/crypto/des-internal.c.obj
[219/1044] Building C object esp-idf/esp_netif/CMakeFiles/__idf_esp_netif.dir/lwip/netif/ethernetif.c.obj
[226/1044] Building C object esp-idf/esp_netif/CMakeFiles/__idf_esp_netif.dir/lwip/esp_netif_sntp.c.obj
[198/1044] Building C object esp-idf/wpa_supplicant/CMakeFiles/__idf_wpa_supplicant.dir/src/crypto/aes-wrap.c.obj
[199/1044] Building C object esp-idf/wpa_supplicant/CMakeFiles/__idf_wpa_supplicant.dir/esp_supplicant/src/esp_wpa_main.c.obj
[200/1044] Linking C static library esp-idf/esp_coex/libesp_coex.a
[220/1044] Building C object esp-idf/esp_netif/CMakeFiles/__idf_esp_netif.dir/lwip/netif/esp_pbuf_ref.c.obj
[201/1044] Building C object esp-idf/wpa_supplicant/CMakeFiles/__idf_wpa_supplicant.dir/src/crypto/rc4.c.obj
[202/1044] Building C object esp-idf/wpa_supplicant/CMakeFiles/__idf_wpa_supplicant.dir/esp_supplicant/src/esp_hostap.c.obj
[221/1044] Building C object esp-idf/wpa_supplicant/CMakeFiles/__idf_wpa_supplicant.dir/esp_supplicant/src/crypto/tls_mbedtls.c.obj
[220/1044] Building C object esp-idf/wpa_supplicant/CMakeFiles/__idf_wpa_supplicant.dir/esp_supplicant/src/esp_wps.c.obj
[227/1044] Building C object esp-idf/lwip/CMakeFiles/__idf_lwip.dir/apps/sntp/sntp.c.obj
[221/1044] Building C object esp-idf/esp_netif/CMakeFiles/__idf_esp_netif.dir/lwip/netif/ethernetif.c.obj
[222/1044] Building C object esp-idf/esp_netif/CMakeFiles/__idf_esp_netif.dir/lwip/netif/wlanif.c.obj
[223/1044] Building C object esp-idf/lwip/CMakeFiles/__idf_lwip.dir/lwip/src/api/err.c.obj
[224/1044] Building C object esp-idf/lwip/CMakeFiles/__idf_lwip.dir/lwip/src/api/netdb.c.obj
[225/1044] Building C object esp-idf/lwip/CMakeFiles/__idf_lwip.dir/lwip/src/api/netbuf.c.obj
[222/1044] Building C object esp-idf/esp_netif/CMakeFiles/__idf_esp_netif.dir/lwip/netif/esp_pbuf_ref.c.obj
[228/1044] Building C object esp-idf/lwip/CMakeFiles/__idf_lwip.dir/lwip/src/api/if_api.c.obj
[203/1044] Building C object esp-idf/wpa_supplicant/CMakeFiles/__idf_wpa_supplicant.dir/esp_supplicant/src/crypto/crypto_mbedtls-rsa.c.obj
[229/1044] Building C object esp-idf/lwip/CMakeFiles/__idf_lwip.dir/lwip/src/core/init.c.obj
[223/1044] Building C object esp-idf/wpa_supplicant/CMakeFiles/__idf_wpa_supplicant.dir/esp_supplicant/src/crypto/tls_mbedtls.c.obj
[224/1044] Building C object esp-idf/lwip/CMakeFiles/__idf_lwip.dir/lwip/src/core/def.c.obj
[225/1044] Building C object esp-idf/lwip/CMakeFiles/__idf_lwip.dir/lwip/src/apps/sntp/sntp.c.obj
[204/1044] Building C object esp-idf/wpa_supplicant/CMakeFiles/__idf_wpa_supplicant.dir/src/crypto/aes-ccm.c.obj
[226/1044] Building C object esp-idf/lwip/CMakeFiles/__idf_lwip.dir/lwip/src/api/if_api.c.obj
[205/1044] Building C object esp-idf/esp_netif/CMakeFiles/__idf_esp_netif.dir/esp_netif_defaults.c.obj
[230/1044] Building C object esp-idf/lwip/CMakeFiles/__idf_lwip.dir/lwip/src/api/netbuf.c.obj
[206/1044] Building C object esp-idf/wpa_supplicant/CMakeFiles/__idf_wpa_supplicant.dir/src/crypto/aes-unwrap.c.obj
[231/1044] Linking C static library esp-idf/wpa_supplicant/libwpa_supplicant.a
[226/1044] Building C object esp-idf/lwip/CMakeFiles/__idf_lwip.dir/lwip/src/api/netifapi.c.obj
[207/1044] Building C object esp-idf/wpa_supplicant/CMakeFiles/__idf_wpa_supplicant.dir/esp_supplicant/src/crypto/crypto_mbedtls.c.obj
[232/1044] Building C object esp-idf/lwip/CMakeFiles/__idf_lwip.dir/lwip/src/api/tcpip.c.obj
[227/1044] Building C object esp-idf/lwip/CMakeFiles/__idf_lwip.dir/apps/sntp/sntp.c.obj
[233/1044] Building C object esp-idf/lwip/CMakeFiles/__idf_lwip.dir/lwip/src/core/def.c.obj
[227/1044] Building C object esp-idf/lwip/CMakeFiles/__idf_lwip.dir/lwip/src/api/netdb.c.obj
[228/1044] Building C object esp-idf/wpa_supplicant/CMakeFiles/__idf_wpa_supplicant.dir/esp_supplicant/src/crypto/crypto_mbedtls-ec.c.obj
[208/1044] Building C object esp-idf/wpa_supplicant/CMakeFiles/__idf_wpa_supplicant.dir/src/crypto/des-internal.c.obj
[229/1044] Building C object esp-idf/lwip/CMakeFiles/__idf_lwip.dir/lwip/src/api/netbuf.c.obj
[209/1044] Building C object esp-idf/wpa_supplicant/CMakeFiles/__idf_wpa_supplicant.dir/esp_supplicant/src/esp_wpa3.c.obj
[230/1044] Building C object esp-idf/lwip/CMakeFiles/__idf_lwip.dir/lwip/src/api/netifapi.c.obj
[210/1044] Building C object esp-idf/wpa_supplicant/CMakeFiles/__idf_wpa_supplicant.dir/src/wps/wps_enrollee.c.obj
[234/1044] Building C object esp-idf/lwip/CMakeFiles/__idf_lwip.dir/lwip/src/core/memp.c.obj
[211/1044] Building C object esp-idf/wpa_supplicant/CMakeFiles/__idf_wpa_supplicant.dir/esp_supplicant/src/crypto/fastpbkdf2.c.obj
[228/1044] Building C object esp-idf/lwip/CMakeFiles/__idf_lwip.dir/lwip/src/core/def.c.obj
[235/1044] Building C object esp-idf/lwip/CMakeFiles/__idf_lwip.dir/lwip/src/core/mem.c.obj
[229/1044] Building C object esp-idf/lwip/CMakeFiles/__idf_lwip.dir/lwip/src/core/ip.c.obj
[212/1044] Building C object esp-idf/wpa_supplicant/CMakeFiles/__idf_wpa_supplicant.dir/esp_supplicant/src/crypto/crypto_mbedtls-bignum.c.obj
[230/1044] Building C object esp-idf/lwip/CMakeFiles/__idf_lwip.dir/lwip/src/core/init.c.obj
[213/1044] Building C object esp-idf/esp_netif/CMakeFiles/__idf_esp_netif.dir/esp_netif_objects.c.obj
[231/1044] Building C object esp-idf/lwip/CMakeFiles/__idf_lwip.dir/apps/sntp/sntp.c.obj
[231/1044] Building C object esp-idf/wpa_supplicant/CMakeFiles/__idf_wpa_supplicant.dir/esp_supplicant/src/esp_wps.c.obj
[236/1044] Building C object esp-idf/lwip/CMakeFiles/__idf_lwip.dir/lwip/src/apps/netbiosns/netbiosns.c.obj
[232/1044] Building C object esp-idf/lwip/CMakeFiles/__idf_lwip.dir/lwip/src/apps/sntp/sntp.c.obj
[214/1044] Building C object esp-idf/esp_netif/CMakeFiles/__idf_esp_netif.dir/esp_netif_handlers.c.obj
[233/1044] Building C object esp-idf/lwip/CMakeFiles/__idf_lwip.dir/lwip/src/api/tcpip.c.obj
[237/1044] Building C object esp-idf/lwip/CMakeFiles/__idf_lwip.dir/lwip/src/apps/sntp/sntp.c.obj
[234/1044] Building C object esp-idf/lwip/CMakeFiles/__idf_lwip.dir/lwip/src/api/api_lib.c.obj
[238/1044] Building C object esp-idf/lwip/CMakeFiles/__idf_lwip.dir/lwip/src/core/ip.c.obj
[215/1044] Building C object esp-idf/wpa_supplicant/CMakeFiles/__idf_wpa_supplicant.dir/esp_supplicant/src/crypto/tls_mbedtls.c.obj
[239/1044] Building C object esp-idf/lwip/CMakeFiles/__idf_lwip.dir/lwip/src/core/inet_chksum.c.obj
[232/1044] Building C object esp-idf/lwip/CMakeFiles/__idf_lwip.dir/lwip/src/apps/netbiosns/netbiosns.c.obj
[233/1044] Building C object esp-idf/lwip/CMakeFiles/__idf_lwip.dir/lwip/src/api/tcpip.c.obj
[235/1044] Building C object esp-idf/lwip/CMakeFiles/__idf_lwip.dir/lwip/src/core/memp.c.obj
[216/1044] Building C object esp-idf/wpa_supplicant/CMakeFiles/__idf_wpa_supplicant.dir/esp_supplicant/src/esp_eap_client.c.obj
[236/1044] Building C object esp-idf/lwip/CMakeFiles/__idf_lwip.dir/lwip/src/apps/netbiosns/netbiosns.c.obj
[234/1044] Building C object esp-idf/lwip/CMakeFiles/__idf_lwip.dir/lwip/src/api/api_lib.c.obj
[235/1044] Building C object esp-idf/lwip/CMakeFiles/__idf_lwip.dir/lwip/src/core/inet_chksum.c.obj
[236/1044] Building C object esp-idf/lwip/CMakeFiles/__idf_lwip.dir/lwip/src/core/ip.c.obj
[217/1044] Building C object esp-idf/esp_netif/CMakeFiles/__idf_esp_netif.dir/lwip/netif/esp_pbuf_ref.c.obj
[237/1044] Building C object esp-idf/lwip/CMakeFiles/__idf_lwip.dir/lwip/src/core/memp.c.obj
[240/1044] Building C object esp-idf/lwip/CMakeFiles/__idf_lwip.dir/lwip/src/api/api_lib.c.obj
[241/1044] Building C object esp-idf/lwip/CMakeFiles/__idf_lwip.dir/lwip/src/core/stats.c.obj
[237/1044] Building C object esp-idf/lwip/CMakeFiles/__idf_lwip.dir/lwip/src/core/mem.c.obj
[218/1044] Building C object esp-idf/wpa_supplicant/CMakeFiles/__idf_wpa_supplicant.dir/esp_supplicant/src/crypto/crypto_mbedtls-ec.c.obj
[238/1044] Building C object esp-idf/lwip/CMakeFiles/__idf_lwip.dir/lwip/src/core/inet_chksum.c.obj
[219/1044] Building C object esp-idf/lwip/CMakeFiles/__idf_lwip.dir/lwip/src/api/api_lib.c.obj
[238/1044] Building C object esp-idf/lwip/CMakeFiles/__idf_lwip.dir/lwip/src/core/mem.c.obj
[239/1044] Building C object esp-idf/lwip/CMakeFiles/__idf_lwip.dir/lwip/src/core/init.c.obj
[220/1044] Building C object esp-idf/esp_netif/CMakeFiles/__idf_esp_netif.dir/lwip/esp_netif_lwip_defaults.c.obj
[239/1044] Building C object esp-idf/wpa_supplicant/CMakeFiles/__idf_wpa_supplicant.dir/esp_supplicant/src/crypto/crypto_mbedtls-ec.c.obj
[240/1044] Linking C static library esp-idf/wpa_supplicant/libwpa_supplicant.a
[242/1044] Building C object esp-idf/lwip/CMakeFiles/__idf_lwip.dir/lwip/src/api/api_msg.c.obj
[221/1044] Building C object esp-idf/lwip/CMakeFiles/__idf_lwip.dir/lwip/src/api/netbuf.c.obj
[241/1044] Building C object esp-idf/lwip/CMakeFiles/__idf_lwip.dir/lwip/src/core/sys.c.obj
[243/1044] Building C object esp-idf/lwip/CMakeFiles/__idf_lwip.dir/lwip/src/core/sys.c.obj
[240/1044] Building C object esp-idf/lwip/CMakeFiles/__idf_lwip.dir/lwip/src/core/sys.c.obj
[222/1044] Building C object esp-idf/esp_netif/CMakeFiles/__idf_esp_netif.dir/lwip/netif/wlanif.c.obj
[223/1044] Building C object esp-idf/lwip/CMakeFiles/__idf_lwip.dir/lwip/src/api/err.c.obj
[224/1044] Building C object esp-idf/esp_netif/CMakeFiles/__idf_esp_netif.dir/lwip/netif/ethernetif.c.obj
[225/1044] Building C object esp-idf/esp_netif/CMakeFiles/__idf_esp_netif.dir/lwip/esp_netif_sntp.c.obj
-- Project sdkconfig file /home/tikhon/Документы/magnolia/applets/mainline/free/sdkconfig
[241/1044] Building C object esp-idf/lwip/CMakeFiles/__idf_lwip.dir/lwip/src/core/stats.c.obj
[242/1044] Building C object esp-idf/lwip/CMakeFiles/__idf_lwip.dir/lwip/src/core/stats.c.obj
[226/1044] Building C object esp-idf/wpa_supplicant/CMakeFiles/__idf_wpa_supplicant.dir/esp_supplicant/src/esp_wps.c.obj
[227/1044] Building C object esp-idf/lwip/CMakeFiles/__idf_lwip.dir/lwip/src/api/netifapi.c.obj
[244/1044] Building C object esp-idf/lwip/CMakeFiles/__idf_lwip.dir/lwip/src/core/ipv4/autoip.c.obj
[228/1044] Building C object esp-idf/lwip/CMakeFiles/__idf_lwip.dir/lwip/src/apps/netbiosns/netbiosns.c.obj
[229/1044] Building C object esp-idf/lwip/CMakeFiles/__idf_lwip.dir/lwip/src/core/init.c.obj
[242/1044] Building C object esp-idf/lwip/CMakeFiles/__idf_lwip.dir/lwip/src/core/ipv4/autoip.c.obj
[245/1044] Building C object esp-idf/lwip/CMakeFiles/__idf_lwip.dir/lwip/src/core/raw.c.obj
[230/1044] Building C object esp-idf/lwip/CMakeFiles/__idf_lwip.dir/apps/sntp/sntp.c.obj
[231/1044] Building C object esp-idf/lwip/CMakeFiles/__idf_lwip.dir/lwip/src/api/if_api.c.obj
[243/1044] Building C object esp-idf/lwip/CMakeFiles/__idf_lwip.dir/lwip/src/core/raw.c.obj
[244/1044] Building C object esp-idf/lwip/CMakeFiles/__idf_lwip.dir/lwip/src/core/ipv4/autoip.c.obj
[243/1044] Building C object esp-idf/lwip/CMakeFiles/__idf_lwip.dir/lwip/src/core/timeouts.c.obj
[232/1044] Building C object esp-idf/lwip/CMakeFiles/__idf_lwip.dir/lwip/src/api/netdb.c.obj
[246/1044] Building C object esp-idf/lwip/CMakeFiles/__idf_lwip.dir/lwip/src/core/dns.c.obj
[247/1044] Building C object esp-idf/lwip/CMakeFiles/__idf_lwip.dir/lwip/src/core/timeouts.c.obj
[248/1044] Building C object esp-idf/lwip/CMakeFiles/__idf_lwip.dir/lwip/src/core/ipv4/ip4_napt.c.obj
[244/1044] Building C object esp-idf/lwip/CMakeFiles/__idf_lwip.dir/lwip/src/api/api_msg.c.obj
[233/1044] Building C object esp-idf/lwip/CMakeFiles/__idf_lwip.dir/lwip/src/core/sys.c.obj
[245/1044] Building C object esp-idf/lwip/CMakeFiles/__idf_lwip.dir/lwip/src/api/api_msg.c.obj
[246/1044] Building C object esp-idf/lwip/CMakeFiles/__idf_lwip.dir/lwip/src/core/timeouts.c.obj
[249/1044] Building C object esp-idf/lwip/CMakeFiles/__idf_lwip.dir/lwip/src/core/ipv4/icmp.c.obj
[234/1044] Building C object esp-idf/lwip/CMakeFiles/__idf_lwip.dir/lwip/src/core/def.c.obj
[247/1044] Building C object esp-idf/lwip/CMakeFiles/__idf_lwip.dir/lwip/src/core/dns.c.obj
[235/1044] Building C object esp-idf/lwip/CMakeFiles/__idf_lwip.dir/lwip/src/core/ip.c.obj
[245/1044] Linking C static library esp-idf/wpa_supplicant/libwpa_supplicant.a
[236/1044] Linking C static library esp-idf/wpa_supplicant/libwpa_supplicant.a
[237/1044] Building C object esp-idf/lwip/CMakeFiles/__idf_lwip.dir/lwip/src/apps/sntp/sntp.c.obj
[248/1044] Building C object esp-idf/lwip/CMakeFiles/__idf_lwip.dir/lwip/src/core/ipv4/icmp.c.obj
[246/1044] Building C object esp-idf/lwip/CMakeFiles/__idf_lwip.dir/lwip/src/core/raw.c.obj
[250/1044] Building C object esp-idf/lwip/CMakeFiles/__idf_lwip.dir/lwip/src/core/ipv4/etharp.c.obj
[238/1044] Building C object esp-idf/lwip/CMakeFiles/__idf_lwip.dir/lwip/src/core/mem.c.obj
[251/1044] Building C object esp-idf/lwip/CMakeFiles/__idf_lwip.dir/lwip/src/core/udp.c.obj
[239/1044] Building C object esp-idf/lwip/CMakeFiles/__idf_lwip.dir/lwip/src/core/memp.c.obj
[247/1044] Building C object esp-idf/lwip/CMakeFiles/__idf_lwip.dir/lwip/src/core/dns.c.obj
[252/1044] Building C object esp-idf/lwip/CMakeFiles/__idf_lwip.dir/lwip/src/core/pbuf.c.obj
[253/1044] Building C object esp-idf/lwip/CMakeFiles/__idf_lwip.dir/lwip/src/core/netif.c.obj
[254/1044] Building C object esp-idf/lwip/CMakeFiles/__idf_lwip.dir/lwip/src/core/tcp_out.c.obj
[248/1044] Building C object esp-idf/lwip/CMakeFiles/__idf_lwip.dir/lwip/src/core/pbuf.c.obj
[240/1044] Building C object esp-idf/lwip/CMakeFiles/__idf_lwip.dir/lwip/src/core/inet_chksum.c.obj
[249/1044] Building C object esp-idf/lwip/CMakeFiles/__idf_lwip.dir/lwip/src/core/ipv4/icmp.c.obj
[241/1044] Building C object esp-idf/lwip/CMakeFiles/__idf_lwip.dir/lwip/src/api/tcpip.c.obj
[255/1044] Building C object esp-idf/lwip/CMakeFiles/__idf_lwip.dir/lwip/src/core/ipv4/igmp.c.obj
[249/1044] Building C object esp-idf/lwip/CMakeFiles/__idf_lwip.dir/lwip/src/core/pbuf.c.obj
[242/1044] Building C object esp-idf/lwip/CMakeFiles/__idf_lwip.dir/lwip/src/core/stats.c.obj
[250/1044] Building C object esp-idf/lwip/CMakeFiles/__idf_lwip.dir/lwip/src/core/netif.c.obj
[250/1044] Building C object esp-idf/lwip/CMakeFiles/__idf_lwip.dir/lwip/src/core/ipv4/ip4_napt.c.obj
[251/1044] Building C object esp-idf/lwip/CMakeFiles/__idf_lwip.dir/lwip/src/core/ipv4/ip4_napt.c.obj
[251/1044] Building C object esp-idf/lwip/CMakeFiles/__idf_lwip.dir/lwip/src/core/netif.c.obj
[252/1044] Building C object esp-idf/lwip/CMakeFiles/__idf_lwip.dir/lwip/src/core/ipv4/igmp.c.obj
[256/1044] Building C object esp-idf/lwip/CMakeFiles/__idf_lwip.dir/lwip/src/core/ipv4/ip4_frag.c.obj
-- Project sdkconfig file /home/tikhon/Документы/magnolia/applets/mainline/kill/sdkconfig
[252/1044] Building C object esp-idf/lwip/CMakeFiles/__idf_lwip.dir/lwip/src/core/ipv4/etharp.c.obj
[257/1044] Building C object esp-idf/lwip/CMakeFiles/__idf_lwip.dir/lwip/src/core/ipv4/dhcp.c.obj
Executing action: elf
Running ninja in directory /home/tikhon/Документы/magnolia/applets/mainline/ls/build
Executing "ninja elf"...
[0/1] Re-running CMake...
[258/1044] Building C object esp-idf/lwip/CMakeFiles/__idf_lwip.dir/lwip/src/core/ipv6/dhcp6.c.obj
[253/1044] Building C object esp-idf/lwip/CMakeFiles/__idf_lwip.dir/lwip/src/core/ipv4/etharp.c.obj
[259/1044] Building C object esp-idf/lwip/CMakeFiles/__idf_lwip.dir/lwip/src/core/ipv4/ip4_addr.c.obj
[254/1044] Building C object esp-idf/lwip/CMakeFiles/__idf_lwip.dir/lwip/src/core/ipv4/ip4.c.obj
[260/1044] Building C object esp-idf/lwip/CMakeFiles/__idf_lwip.dir/lwip/src/core/ipv6/ethip6.c.obj
[253/1044] Building C object esp-idf/lwip/CMakeFiles/__idf_lwip.dir/lwip/src/core/udp.c.obj
[261/1044] Building C object esp-idf/lwip/CMakeFiles/__idf_lwip.dir/lwip/src/core/ipv4/ip4.c.obj
[243/1044] Building C object esp-idf/lwip/CMakeFiles/__idf_lwip.dir/lwip/src/core/raw.c.obj
[254/1044] Building C object esp-idf/lwip/CMakeFiles/__idf_lwip.dir/lwip/src/core/ipv6/dhcp6.c.obj
[255/1044] Building C object esp-idf/lwip/CMakeFiles/__idf_lwip.dir/lwip/src/core/ipv6/dhcp6.c.obj
[255/1044] Building C object esp-idf/lwip/CMakeFiles/__idf_lwip.dir/lwip/src/core/ipv4/ip4.c.obj
[244/1044] Building C object esp-idf/lwip/CMakeFiles/__idf_lwip.dir/lwip/src/core/ipv4/igmp.c.obj
-- Project sdkconfig file /home/tikhon/Документы/magnolia/applets/mainline/init/sdkconfig
[256/1044] Building C object esp-idf/lwip/CMakeFiles/__idf_lwip.dir/lwip/src/core/ipv4/igmp.c.obj
[256/1044] Building C object esp-idf/lwip/CMakeFiles/__idf_lwip.dir/lwip/src/core/ipv6/ethip6.c.obj
[262/1044] Building C object esp-idf/lwip/CMakeFiles/__idf_lwip.dir/lwip/src/core/ipv6/icmp6.c.obj
[257/1044] Building C object esp-idf/lwip/CMakeFiles/__idf_lwip.dir/lwip/src/core/udp.c.obj
[245/1044] Building C object esp-idf/lwip/CMakeFiles/__idf_lwip.dir/lwip/src/core/timeouts.c.obj
[258/1044] Building C object esp-idf/lwip/CMakeFiles/__idf_lwip.dir/lwip/src/core/ipv4/ip4_addr.c.obj
[257/1044] Building C object esp-idf/lwip/CMakeFiles/__idf_lwip.dir/lwip/src/core/ipv6/inet6.c.obj
[259/1044] Building C object esp-idf/lwip/CMakeFiles/__idf_lwip.dir/lwip/src/core/ipv4/ip4_frag.c.obj
[246/1044] Building C object esp-idf/lwip/CMakeFiles/__idf_lwip.dir/lwip/src/core/ipv4/autoip.c.obj
[263/1044] Building C object esp-idf/lwip/CMakeFiles/__idf_lwip.dir/lwip/src/core/ipv6/inet6.c.obj
[260/1044] Building C object esp-idf/lwip/CMakeFiles/__idf_lwip.dir/lwip/src/core/ipv6/ip6_frag.c.obj
[258/1044] Building C object esp-idf/lwip/CMakeFiles/__idf_lwip.dir/lwip/src/core/ipv4/ip4_frag.c.obj
[259/1044] Building C object esp-idf/esp_netif/CMakeFiles/__idf_esp_netif.dir/lwip/esp_netif_lwip.c.obj
[264/1044] Building C object esp-idf/lwip/CMakeFiles/__idf_lwip.dir/lwip/src/netif/ppp/chap-md5.c.obj
[260/1044] Building C object esp-idf/lwip/CMakeFiles/__idf_lwip.dir/lwip/src/core/ipv4/ip4_addr.c.obj
[265/1044] Building C object esp-idf/lwip/CMakeFiles/__idf_lwip.dir/lwip/src/core/tcp.c.obj
[261/1044] Building C object esp-idf/lwip/CMakeFiles/__idf_lwip.dir/lwip/src/core/ipv6/ethip6.c.obj
[266/1044] Building C object esp-idf/lwip/CMakeFiles/__idf_lwip.dir/lwip/src/core/ipv6/ip6_frag.c.obj
[262/1044] Building C object esp-idf/lwip/CMakeFiles/__idf_lwip.dir/lwip/src/core/tcp_out.c.obj
-- Project sdkconfig file /home/tikhon/Документы/magnolia/applets/mainline/login/sdkconfig
[261/1044] Building C object esp-idf/lwip/CMakeFiles/__idf_lwip.dir/lwip/src/core/ipv6/inet6.c.obj
[262/1044] Building C object esp-idf/lwip/CMakeFiles/__idf_lwip.dir/lwip/src/netif/bridgeif.c.obj
[267/1044] Building C object esp-idf/lwip/CMakeFiles/__idf_lwip.dir/lwip/src/netif/slipif.c.obj
[263/1044] Building C object esp-idf/lwip/CMakeFiles/__idf_lwip.dir/lwip/src/netif/ppp/auth.c.obj
[264/1044] Building C object esp-idf/lwip/CMakeFiles/__idf_lwip.dir/lwip/src/core/ipv6/icmp6.c.obj
[268/1044] Building C object esp-idf/lwip/CMakeFiles/__idf_lwip.dir/lwip/src/netif/bridgeif.c.obj
[247/1044] Building C object esp-idf/lwip/CMakeFiles/__idf_lwip.dir/lwip/src/core/dns.c.obj
-- Project sdkconfig file /home/tikhon/Документы/magnolia/applets/mainline/env/sdkconfig
[263/1044] Building C object esp-idf/lwip/CMakeFiles/__idf_lwip.dir/lwip/src/core/tcp_in.c.obj
[264/1044] Building C object esp-idf/lwip/CMakeFiles/__idf_lwip.dir/lwip/src/core/ipv6/icmp6.c.obj
[269/1044] Building C object esp-idf/lwip/CMakeFiles/__idf_lwip.dir/lwip/src/netif/ethernet.c.obj
[265/1044] Building C object esp-idf/lwip/CMakeFiles/__idf_lwip.dir/lwip/src/api/sockets.c.obj
[270/1044] Building C object esp-idf/lwip/CMakeFiles/__idf_lwip.dir/lwip/src/core/ipv6/ip6_addr.c.obj
[265/1044] Building C object esp-idf/lwip/CMakeFiles/__idf_lwip.dir/lwip/src/api/sockets.c.obj
[248/1044] Building C object esp-idf/lwip/CMakeFiles/__idf_lwip.dir/lwip/src/core/ipv6/dhcp6.c.obj
[271/1044] Building C object esp-idf/lwip/CMakeFiles/__idf_lwip.dir/lwip/src/netif/ppp/auth.c.obj
[266/1044] Building C object esp-idf/lwip/CMakeFiles/__idf_lwip.dir/lwip/src/core/ipv6/mld6.c.obj
[272/1044] Building C object esp-idf/lwip/CMakeFiles/__idf_lwip.dir/lwip/src/netif/ppp/ccp.c.obj
[267/1044] Building C object esp-idf/lwip/CMakeFiles/__idf_lwip.dir/lwip/src/netif/ppp/ccp.c.obj
[249/1044] Building C object esp-idf/lwip/CMakeFiles/__idf_lwip.dir/lwip/src/core/ipv4/icmp.c.obj
[273/1044] Building C object esp-idf/lwip/CMakeFiles/__idf_lwip.dir/lwip/src/netif/ppp/ecp.c.obj
[274/1044] Building C object esp-idf/lwip/CMakeFiles/__idf_lwip.dir/lwip/src/core/tcp_in.c.obj
-- Project sdkconfig file /home/tikhon/Документы/magnolia/applets/mainline/head/sdkconfig
-- Project sdkconfig file /home/tikhon/Документы/magnolia/applets/mainline/ln/sdkconfig
[275/1044] Building C object esp-idf/lwip/CMakeFiles/__idf_lwip.dir/lwip/src/netif/ppp/eui64.c.obj
[268/1044] Building C object esp-idf/lwip/CMakeFiles/__idf_lwip.dir/lwip/src/core/ipv6/ip6_addr.c.obj
[269/1044] Building C object esp-idf/lwip/CMakeFiles/__idf_lwip.dir/lwip/src/netif/ppp/demand.c.obj
[250/1044] Building C object esp-idf/lwip/CMakeFiles/__idf_lwip.dir/lwip/src/api/api_msg.c.obj
[276/1044] Building C object esp-idf/lwip/CMakeFiles/__idf_lwip.dir/lwip/src/core/ipv6/mld6.c.obj
[251/1044] Building C object esp-idf/lwip/CMakeFiles/__idf_lwip.dir/lwip/src/core/netif.c.obj
[270/1044] Building C object esp-idf/lwip/CMakeFiles/__idf_lwip.dir/lwip/src/core/tcp_out.c.obj
[277/1044] Building C object esp-idf/lwip/CMakeFiles/__idf_lwip.dir/lwip/src/netif/bridgeif_fdb.c.obj
[266/1044] Building C object esp-idf/lwip/CMakeFiles/__idf_lwip.dir/lwip/src/core/ipv6/ip6_frag.c.obj
[278/1044] Building C object esp-idf/lwip/CMakeFiles/__idf_lwip.dir/lwip/src/netif/ppp/fsm.c.obj
[252/1044] Building C object esp-idf/lwip/CMakeFiles/__idf_lwip.dir/lwip/src/core/ipv4/dhcp.c.obj
[253/1044] Building C object esp-idf/lwip/CMakeFiles/__idf_lwip.dir/lwip/src/core/ipv4/ip4_napt.c.obj
[279/1044] Building C object esp-idf/lwip/CMakeFiles/__idf_lwip.dir/lwip/src/netif/ppp/chap_ms.c.obj
[271/1044] Building C object esp-idf/lwip/CMakeFiles/__idf_lwip.dir/lwip/src/netif/ethernet.c.obj
[267/1044] Building C object esp-idf/lwip/CMakeFiles/__idf_lwip.dir/lwip/src/core/ipv4/dhcp.c.obj
[254/1044] Building C object esp-idf/lwip/CMakeFiles/__idf_lwip.dir/lwip/src/core/pbuf.c.obj
[255/1044] Building C object esp-idf/lwip/CMakeFiles/__idf_lwip.dir/lwip/src/core/ipv4/etharp.c.obj
[272/1044] Building C object esp-idf/lwip/CMakeFiles/__idf_lwip.dir/lwip/src/core/ipv4/dhcp.c.obj
[280/1044] Building C object esp-idf/lwip/CMakeFiles/__idf_lwip.dir/lwip/src/netif/ppp/chap-new.c.obj
[268/1044] Building C object esp-idf/lwip/CMakeFiles/__idf_lwip.dir/lwip/src/netif/bridgeif.c.obj
[256/1044] Building C object esp-idf/lwip/CMakeFiles/__idf_lwip.dir/lwip/src/core/udp.c.obj
[273/1044] Building C object esp-idf/lwip/CMakeFiles/__idf_lwip.dir/lwip/src/core/tcp_in.c.obj
[269/1044] Building C object esp-idf/lwip/CMakeFiles/__idf_lwip.dir/lwip/src/core/tcp.c.obj
[270/1044] Building C object esp-idf/lwip/CMakeFiles/__idf_lwip.dir/lwip/src/netif/bridgeif_fdb.c.obj
[271/1044] Building C object esp-idf/lwip/CMakeFiles/__idf_lwip.dir/lwip/src/core/ipv6/ip6_addr.c.obj
[257/1044] Building C object esp-idf/lwip/CMakeFiles/__idf_lwip.dir/lwip/src/core/ipv4/ip4.c.obj
[281/1044] Building C object esp-idf/lwip/CMakeFiles/__idf_lwip.dir/lwip/src/netif/ppp/multilink.c.obj
[258/1044] Building C object esp-idf/lwip/CMakeFiles/__idf_lwip.dir/lwip/src/core/ipv4/ip4_frag.c.obj
[282/1044] Building C object esp-idf/lwip/CMakeFiles/__idf_lwip.dir/lwip/src/netif/ppp/pppcrypt.c.obj
[272/1044] Building C object esp-idf/lwip/CMakeFiles/__idf_lwip.dir/lwip/src/netif/ppp/ccp.c.obj
[283/1044] Building C object esp-idf/lwip/CMakeFiles/__idf_lwip.dir/lwip/src/netif/ppp/eap.c.obj
[273/1044] Building C object esp-idf/lwip/CMakeFiles/__idf_lwip.dir/lwip/src/netif/ethernet.c.obj
[274/1044] Building C object esp-idf/esp_netif/CMakeFiles/__idf_esp_netif.dir/lwip/esp_netif_lwip.c.obj
[259/1044] Building C object esp-idf/lwip/CMakeFiles/__idf_lwip.dir/lwip/src/core/ipv6/icmp6.c.obj
[260/1044] Building C object esp-idf/lwip/CMakeFiles/__idf_lwip.dir/lwip/src/core/tcp_in.c.obj
[275/1044] Building C object esp-idf/lwip/CMakeFiles/__idf_lwip.dir/lwip/src/netif/ppp/chap-md5.c.obj
[276/1044] Building C object esp-idf/lwip/CMakeFiles/__idf_lwip.dir/lwip/src/netif/ppp/chap_ms.c.obj
[284/1044] Building C object esp-idf/lwip/CMakeFiles/__idf_lwip.dir/lwip/src/netif/ppp/demand.c.obj
[274/1044] Building C object esp-idf/lwip/CMakeFiles/__idf_lwip.dir/lwip/src/netif/ppp/chap-new.c.obj
[275/1044] Building C object esp-idf/lwip/CMakeFiles/__idf_lwip.dir/lwip/src/netif/ppp/chap-md5.c.obj
[276/1044] Building C object esp-idf/lwip/CMakeFiles/__idf_lwip.dir/lwip/src/netif/ppp/auth.c.obj
[261/1044] Building C object esp-idf/lwip/CMakeFiles/__idf_lwip.dir/lwip/src/netif/ethernet.c.obj
[262/1044] Building C object esp-idf/lwip/CMakeFiles/__idf_lwip.dir/lwip/src/core/ipv4/ip4_addr.c.obj
[277/1044] Building C object esp-idf/lwip/CMakeFiles/__idf_lwip.dir/lwip/src/core/ipv6/mld6.c.obj
[278/1044] Building C object esp-idf/lwip/CMakeFiles/__idf_lwip.dir/lwip/src/netif/slipif.c.obj
-- Project sdkconfig file /home/tikhon/Документы/magnolia/applets/mainline/false/sdkconfig
[277/1044] Building C object esp-idf/lwip/CMakeFiles/__idf_lwip.dir/lwip/src/netif/bridgeif_fdb.c.obj
[285/1044] Building C object esp-idf/esp_netif/CMakeFiles/__idf_esp_netif.dir/lwip/esp_netif_lwip.c.obj
[278/1044] Building C object esp-idf/lwip/CMakeFiles/__idf_lwip.dir/lwip/src/netif/slipif.c.obj
[279/1044] Building C object esp-idf/lwip/CMakeFiles/__idf_lwip.dir/lwip/src/netif/ppp/chap_ms.c.obj
[279/1044] Building C object esp-idf/lwip/CMakeFiles/__idf_lwip.dir/lwip/src/netif/ppp/chap-new.c.obj
[280/1044] Building C object esp-idf/lwip/CMakeFiles/__idf_lwip.dir/lwip/src/core/tcp.c.obj
[281/1044] Building C object esp-idf/lwip/CMakeFiles/__idf_lwip.dir/lwip/src/netif/ppp/ecp.c.obj
[286/1044] Building C object esp-idf/lwip/CMakeFiles/__idf_lwip.dir/lwip/src/netif/ppp/lcp.c.obj
[280/1044] Building C object esp-idf/lwip/CMakeFiles/__idf_lwip.dir/lwip/src/netif/ppp/demand.c.obj
[287/1044] Building C object esp-idf/lwip/CMakeFiles/__idf_lwip.dir/lwip/src/netif/ppp/ppp.c.obj
[263/1044] Building C object esp-idf/lwip/CMakeFiles/__idf_lwip.dir/lwip/src/core/ipv6/ethip6.c.obj
[288/1044] Building C object esp-idf/lwip/CMakeFiles/__idf_lwip.dir/lwip/src/netif/ppp/pppos.c.obj
[289/1044] Building C object esp-idf/lwip/CMakeFiles/__idf_lwip.dir/lwip/src/netif/ppp/ipcp.c.obj
[281/1044] Building C object esp-idf/lwip/CMakeFiles/__idf_lwip.dir/lwip/src/netif/ppp/eap.c.obj
[290/1044] Building C object esp-idf/lwip/CMakeFiles/__idf_lwip.dir/lwip/src/netif/ppp/pppapi.c.obj
[282/1044] Building C object esp-idf/lwip/CMakeFiles/__idf_lwip.dir/lwip/src/netif/ppp/ppp.c.obj
[291/1044] Building C object esp-idf/lwip/CMakeFiles/__idf_lwip.dir/lwip/src/api/sockets.c.obj
[283/1044] Building C object esp-idf/lwip/CMakeFiles/__idf_lwip.dir/lwip/src/netif/ppp/magic.c.obj
[264/1044] Building C object esp-idf/lwip/CMakeFiles/__idf_lwip.dir/lwip/src/core/ipv6/inet6.c.obj
[292/1044] Building C object esp-idf/lwip/CMakeFiles/__idf_lwip.dir/lwip/src/core/ipv6/ip6.c.obj
[265/1044] Building C object esp-idf/lwip/CMakeFiles/__idf_lwip.dir/lwip/src/netif/ppp/chap-new.c.obj
[266/1044] Building C object esp-idf/lwip/CMakeFiles/__idf_lwip.dir/lwip/src/netif/bridgeif.c.obj
[267/1044] Building C object esp-idf/lwip/CMakeFiles/__idf_lwip.dir/lwip/src/netif/ppp/chap-md5.c.obj
[282/1044] Building C object esp-idf/lwip/CMakeFiles/__idf_lwip.dir/lwip/src/netif/ppp/eap.c.obj
[284/1044] Building C object esp-idf/lwip/CMakeFiles/__idf_lwip.dir/lwip/src/core/ipv6/ip6.c.obj
[285/1044] Building C object esp-idf/lwip/CMakeFiles/__idf_lwip.dir/lwip/src/netif/ppp/ipcp.c.obj
[268/1044] Building C object esp-idf/lwip/CMakeFiles/__idf_lwip.dir/lwip/src/netif/ppp/auth.c.obj
[283/1044] Building C object esp-idf/lwip/CMakeFiles/__idf_lwip.dir/lwip/src/netif/ppp/eui64.c.obj
[293/1044] Building C object esp-idf/lwip/CMakeFiles/__idf_lwip.dir/lwip/src/netif/ppp/pppoe.c.obj
[286/1044] Building C object esp-idf/lwip/CMakeFiles/__idf_lwip.dir/lwip/src/netif/ppp/eui64.c.obj
[284/1044] Building C object esp-idf/lwip/CMakeFiles/__idf_lwip.dir/lwip/src/netif/ppp/fsm.c.obj
[294/1044] Building C object esp-idf/lwip/CMakeFiles/__idf_lwip.dir/lwip/src/netif/ppp/ipv6cp.c.obj
[287/1044] Building C object esp-idf/lwip/CMakeFiles/__idf_lwip.dir/lwip/src/netif/ppp/fsm.c.obj
[288/1044] Building C object esp-idf/lwip/CMakeFiles/__idf_lwip.dir/lwip/src/netif/ppp/ecp.c.obj
[269/1044] Building C object esp-idf/esp_netif/CMakeFiles/__idf_esp_netif.dir/lwip/esp_netif_lwip.c.obj
[295/1044] Building C object esp-idf/lwip/CMakeFiles/__idf_lwip.dir/lwip/src/netif/ppp/magic.c.obj
[285/1044] Building C object esp-idf/lwip/CMakeFiles/__idf_lwip.dir/lwip/src/netif/ppp/mppe.c.obj
[289/1044] Building C object esp-idf/lwip/CMakeFiles/__idf_lwip.dir/lwip/src/netif/ppp/ipv6cp.c.obj
[286/1044] Building C object esp-idf/lwip/CMakeFiles/__idf_lwip.dir/lwip/src/core/ipv6/ip6.c.obj
[296/1044] Building C object esp-idf/lwip/CMakeFiles/__idf_lwip.dir/lwip/src/netif/ppp/mppe.c.obj
[297/1044] Building C object esp-idf/lwip/CMakeFiles/__idf_lwip.dir/lwip/src/netif/ppp/pppol2tp.c.obj
[290/1044] Building C object esp-idf/lwip/CMakeFiles/__idf_lwip.dir/lwip/src/netif/ppp/lcp.c.obj
[287/1044] Building C object esp-idf/lwip/CMakeFiles/__idf_lwip.dir/lwip/src/netif/ppp/ipv6cp.c.obj
[288/1044] Building C object esp-idf/lwip/CMakeFiles/__idf_lwip.dir/lwip/src/netif/ppp/ipcp.c.obj
[298/1044] Building C object esp-idf/lwip/CMakeFiles/__idf_lwip.dir/lwip/src/netif/ppp/upap.c.obj
[289/1044] Building C object esp-idf/lwip/CMakeFiles/__idf_lwip.dir/lwip/src/netif/ppp/magic.c.obj
[299/1044] Building C object esp-idf/lwip/CMakeFiles/__idf_lwip.dir/lwip/src/netif/ppp/utils.c.obj
[291/1044] Building C object esp-idf/lwip/CMakeFiles/__idf_lwip.dir/lwip/src/netif/ppp/multilink.c.obj
[270/1044] Building C object esp-idf/lwip/CMakeFiles/__idf_lwip.dir/lwip/src/core/ipv6/ip6_addr.c.obj
[271/1044] Building C object esp-idf/lwip/CMakeFiles/__idf_lwip.dir/lwip/src/netif/ppp/ccp.c.obj
[290/1044] Building C object esp-idf/lwip/CMakeFiles/__idf_lwip.dir/lwip/src/netif/ppp/lcp.c.obj
[272/1044] Building C object esp-idf/lwip/CMakeFiles/__idf_lwip.dir/lwip/src/core/ipv6/ip6_frag.c.obj
[300/1044] Building C object esp-idf/lwip/CMakeFiles/__idf_lwip.dir/port/hooks/tcp_isn_default.c.obj
[292/1044] Building C object esp-idf/lwip/CMakeFiles/__idf_lwip.dir/lwip/src/netif/ppp/pppapi.c.obj
[273/1044] Building C object esp-idf/lwip/CMakeFiles/__idf_lwip.dir/lwip/src/netif/bridgeif_fdb.c.obj
[293/1044] Building C object esp-idf/lwip/CMakeFiles/__idf_lwip.dir/lwip/src/netif/ppp/pppos.c.obj
[301/1044] Building C object esp-idf/lwip/CMakeFiles/__idf_lwip.dir/port/esp32xx/vfs_lwip.c.obj
[274/1044] Building C object esp-idf/lwip/CMakeFiles/__idf_lwip.dir/lwip/src/core/ipv6/mld6.c.obj
[291/1044] Building C object esp-idf/lwip/CMakeFiles/__idf_lwip.dir/lwip/src/netif/ppp/pppcrypt.c.obj
[302/1044] Building C object esp-idf/lwip/CMakeFiles/__idf_lwip.dir/lwip/src/netif/ppp/vj.c.obj
[292/1044] Building C object esp-idf/lwip/CMakeFiles/__idf_lwip.dir/lwip/src/netif/ppp/ppp.c.obj
[294/1044] Building C object esp-idf/lwip/CMakeFiles/__idf_lwip.dir/lwip/src/netif/ppp/pppcrypt.c.obj
[295/1044] Building C object esp-idf/lwip/CMakeFiles/__idf_lwip.dir/lwip/src/netif/ppp/mppe.c.obj
[293/1044] Building C object esp-idf/lwip/CMakeFiles/__idf_lwip.dir/lwip/src/netif/ppp/multilink.c.obj
[303/1044] Building C object esp-idf/lwip/CMakeFiles/__idf_lwip.dir/port/if_index.c.obj
[275/1044] Building C object esp-idf/lwip/CMakeFiles/__idf_lwip.dir/lwip/src/netif/ppp/demand.c.obj
[294/1044] Building C object esp-idf/lwip/CMakeFiles/__idf_lwip.dir/lwip/src/netif/ppp/pppol2tp.c.obj
[276/1044] Building C object esp-idf/lwip/CMakeFiles/__idf_lwip.dir/lwip/src/core/tcp_out.c.obj
[277/1044] Building C object esp-idf/lwip/CMakeFiles/__idf_lwip.dir/lwip/src/api/sockets.c.obj
[296/1044] Building C object esp-idf/lwip/CMakeFiles/__idf_lwip.dir/lwip/src/netif/ppp/pppol2tp.c.obj
[278/1044] Building C object esp-idf/lwip/CMakeFiles/__idf_lwip.dir/lwip/src/core/tcp.c.obj
[297/1044] Building C object esp-idf/lwip/CMakeFiles/__idf_lwip.dir/lwip/src/netif/ppp/pppoe.c.obj
[279/1044] Building C object esp-idf/lwip/CMakeFiles/__idf_lwip.dir/lwip/src/netif/slipif.c.obj
[295/1044] Building C object esp-idf/lwip/CMakeFiles/__idf_lwip.dir/lwip/src/netif/ppp/pppapi.c.obj
[280/1044] Building C object esp-idf/lwip/CMakeFiles/__idf_lwip.dir/lwip/src/netif/ppp/ecp.c.obj
[296/1044] Building C object esp-idf/lwip/CMakeFiles/__idf_lwip.dir/lwip/src/netif/ppp/pppoe.c.obj
[297/1044] Building C object esp-idf/lwip/CMakeFiles/__idf_lwip.dir/lwip/src/netif/ppp/pppos.c.obj
[298/1044] Building C object esp-idf/lwip/CMakeFiles/__idf_lwip.dir/port/acd_dhcp_check.c.obj
[298/1044] Building C object esp-idf/lwip/CMakeFiles/__idf_lwip.dir/lwip/src/netif/ppp/upap.c.obj
[299/1044] Building C object esp-idf/lwip/CMakeFiles/__idf_lwip.dir/lwip/src/netif/ppp/vj.c.obj
[299/1044] Building C object esp-idf/lwip/CMakeFiles/__idf_lwip.dir/lwip/src/netif/ppp/vj.c.obj
[304/1044] Linking C static library esp-idf/esp_netif/libesp_netif.a
[300/1044] Building C object esp-idf/lwip/CMakeFiles/__idf_lwip.dir/lwip/src/netif/ppp/utils.c.obj
[281/1044] Building C object esp-idf/lwip/CMakeFiles/__idf_lwip.dir/lwip/src/netif/ppp/chap_ms.c.obj
[300/1044] Building C object esp-idf/lwip/CMakeFiles/__idf_lwip.dir/lwip/src/netif/ppp/utils.c.obj
[301/1044] Building C object esp-idf/lwip/CMakeFiles/__idf_lwip.dir/port/if_index.c.obj
[282/1044] Building C object esp-idf/lwip/CMakeFiles/__idf_lwip.dir/lwip/src/netif/ppp/fsm.c.obj
[305/1044] Building C object esp-idf/lwip/CMakeFiles/__idf_lwip.dir/port/sockets_ext.c.obj
[302/1044] Building C object esp-idf/lwip/CMakeFiles/__idf_lwip.dir/lwip/src/netif/ppp/upap.c.obj
[283/1044] Building C object esp-idf/lwip/CMakeFiles/__idf_lwip.dir/lwip/src/netif/ppp/eui64.c.obj
[306/1044] Building C object esp-idf/lwip/CMakeFiles/__idf_lwip.dir/apps/ping/ping.c.obj
[307/1044] Building C object esp-idf/lwip/CMakeFiles/__idf_lwip.dir/lwip/src/netif/ppp/polarssl/md4.c.obj
[303/1044] Building C object esp-idf/lwip/CMakeFiles/__idf_lwip.dir/port/debug/lwip_debug.c.obj
[308/1044] Building C object esp-idf/lwip/CMakeFiles/__idf_lwip.dir/lwip/src/netif/ppp/polarssl/arc4.c.obj
[284/1044] Building C object esp-idf/lwip/CMakeFiles/__idf_lwip.dir/lwip/src/netif/ppp/ipcp.c.obj
[309/1044] Building C object esp-idf/lwip/CMakeFiles/__idf_lwip.dir/lwip/src/netif/ppp/polarssl/md5.c.obj
[304/1044] Building C object esp-idf/lwip/CMakeFiles/__idf_lwip.dir/port/hooks/lwip_default_hooks.c.obj
[310/1044] Building C object esp-idf/lwip/CMakeFiles/__idf_lwip.dir/lwip/src/netif/ppp/polarssl/des.c.obj
[285/1044] Building C object esp-idf/lwip/CMakeFiles/__idf_lwip.dir/lwip/src/netif/ppp/multilink.c.obj
-- Project sdkconfig file /home/tikhon/Документы/magnolia/applets/mainline/elftest/sdkconfig
[286/1044] Building C object esp-idf/lwip/CMakeFiles/__idf_lwip.dir/lwip/src/netif/ppp/eap.c.obj
[311/1044] Building C object esp-idf/lwip/CMakeFiles/__idf_lwip.dir/port/freertos/sys_arch.c.obj
[301/1044] Building C object esp-idf/lwip/CMakeFiles/__idf_lwip.dir/port/if_index.c.obj
[312/1044] Building C object esp-idf/lwip/CMakeFiles/__idf_lwip.dir/lwip/src/netif/ppp/polarssl/sha1.c.obj
[287/1044] Building C object esp-idf/lwip/CMakeFiles/__idf_lwip.dir/lwip/src/netif/ppp/lcp.c.obj
[305/1044] Building C object esp-idf/lwip/CMakeFiles/__idf_lwip.dir/port/sockets_ext.c.obj
[288/1044] Building C object esp-idf/lwip/CMakeFiles/__idf_lwip.dir/lwip/src/netif/ppp/ipv6cp.c.obj
[289/1044] Building C object esp-idf/lwip/CMakeFiles/__idf_lwip.dir/lwip/src/netif/ppp/mppe.c.obj
[302/1044] Building C object esp-idf/lwip/CMakeFiles/__idf_lwip.dir/port/sockets_ext.c.obj
[306/1044] Building C object esp-idf/lwip/CMakeFiles/__idf_lwip.dir/port/esp32xx/vfs_lwip.c.obj
[313/1044] Building C object esp-idf/lwip/CMakeFiles/__idf_lwip.dir/port/hooks/lwip_default_hooks.c.obj
[307/1044] Building C object esp-idf/lwip/CMakeFiles/__idf_lwip.dir/port/hooks/tcp_isn_default.c.obj
[303/1044] Building C object esp-idf/lwip/CMakeFiles/__idf_lwip.dir/port/hooks/tcp_isn_default.c.obj
[304/1044] Building C object esp-idf/lwip/CMakeFiles/__idf_lwip.dir/lwip/src/netif/ppp/polarssl/arc4.c.obj
[308/1044] Building C object esp-idf/lwip/CMakeFiles/__idf_lwip.dir/apps/ping/esp_ping.c.obj
[290/1044] Building C object esp-idf/lwip/CMakeFiles/__idf_lwip.dir/lwip/src/netif/ppp/magic.c.obj
[314/1044] Building C object esp-idf/lwip/CMakeFiles/__idf_lwip.dir/port/acd_dhcp_check.c.obj
[309/1044] Building C object esp-idf/lwip/CMakeFiles/__idf_lwip.dir/lwip/src/netif/ppp/polarssl/arc4.c.obj
[315/1044] Building C object esp-idf/lwip/CMakeFiles/__idf_lwip.dir/apps/ping/esp_ping.c.obj
[310/1044] Linking C static library esp-idf/esp_netif/libesp_netif.a
[305/1044] Linking C static library esp-idf/esp_netif/libesp_netif.a
[311/1044] Building C object esp-idf/lwip/CMakeFiles/__idf_lwip.dir/lwip/src/netif/ppp/polarssl/md5.c.obj
[291/1044] Building C object esp-idf/lwip/CMakeFiles/__idf_lwip.dir/lwip/src/netif/ppp/pppol2tp.c.obj
[316/1044] Building C object esp-idf/lwip/CMakeFiles/__idf_lwip.dir/port/debug/lwip_debug.c.obj
[306/1044] Building C object esp-idf/lwip/CMakeFiles/__idf_lwip.dir/port/acd_dhcp_check.c.obj
[307/1044] Building C object esp-idf/lwip/CMakeFiles/__idf_lwip.dir/port/hooks/lwip_default_hooks.c.obj
[317/1044] Building C object esp-idf/esp_phy/CMakeFiles/__idf_esp_phy.dir/esp32s3/phy_init_data.c.obj
[308/1044] Building C object esp-idf/lwip/CMakeFiles/__idf_lwip.dir/port/debug/lwip_debug.c.obj
[312/1044] Building C object esp-idf/lwip/CMakeFiles/__idf_lwip.dir/port/freertos/sys_arch.c.obj
[292/1044] Building C object esp-idf/lwip/CMakeFiles/__idf_lwip.dir/lwip/src/netif/ppp/pppapi.c.obj
[313/1044] Building C object esp-idf/lwip/CMakeFiles/__idf_lwip.dir/apps/ping/ping.c.obj
[309/1044] Building C object esp-idf/lwip/CMakeFiles/__idf_lwip.dir/port/esp32xx/vfs_lwip.c.obj
[310/1044] Building C object esp-idf/lwip/CMakeFiles/__idf_lwip.dir/lwip/src/netif/ppp/polarssl/md5.c.obj
[293/1044] Building C object esp-idf/lwip/CMakeFiles/__idf_lwip.dir/lwip/src/netif/ppp/pppcrypt.c.obj
[318/1044] Building C object esp-idf/esp_phy/CMakeFiles/__idf_esp_phy.dir/src/lib_printf.c.obj
[311/1044] Building C object esp-idf/lwip/CMakeFiles/__idf_lwip.dir/apps/ping/esp_ping.c.obj
[294/1044] Building C object esp-idf/lwip/CMakeFiles/__idf_lwip.dir/lwip/src/netif/ppp/ppp.c.obj
[314/1044] Building C object esp-idf/lwip/CMakeFiles/__idf_lwip.dir/lwip/src/netif/ppp/polarssl/des.c.obj
[312/1044] Building C object esp-idf/lwip/CMakeFiles/__idf_lwip.dir/lwip/src/netif/ppp/polarssl/md4.c.obj
[295/1044] Building C object esp-idf/lwip/CMakeFiles/__idf_lwip.dir/lwip/src/netif/ppp/pppos.c.obj
[313/1044] Building C object esp-idf/lwip/CMakeFiles/__idf_lwip.dir/lwip/src/netif/ppp/polarssl/des.c.obj
[296/1044] Building C object esp-idf/lwip/CMakeFiles/__idf_lwip.dir/lwip/src/core/ipv6/ip6.c.obj
[315/1044] Building C object esp-idf/lwip/CMakeFiles/__idf_lwip.dir/lwip/src/netif/ppp/polarssl/md4.c.obj
[297/1044] Building C object esp-idf/lwip/CMakeFiles/__idf_lwip.dir/lwip/src/netif/ppp/pppoe.c.obj
[298/1044] Building C object esp-idf/lwip/CMakeFiles/__idf_lwip.dir/lwip/src/netif/ppp/upap.c.obj
[314/1044] Building C object esp-idf/lwip/CMakeFiles/__idf_lwip.dir/lwip/src/netif/ppp/polarssl/sha1.c.obj
[315/1044] Building C object esp-idf/lwip/CMakeFiles/__idf_lwip.dir/port/freertos/sys_arch.c.obj
[316/1044] Building C object esp-idf/lwip/CMakeFiles/__idf_lwip.dir/lwip/src/netif/ppp/polarssl/sha1.c.obj
[299/1044] Building C object esp-idf/lwip/CMakeFiles/__idf_lwip.dir/lwip/src/netif/ppp/utils.c.obj
Executing action: elf
Running ninja in directory /home/tikhon/Документы/magnolia/applets/mainline/medit/build
Executing "ninja elf"...
[0/1] Re-running CMake...
[316/1044] Building C object esp-idf/lwip/CMakeFiles/__idf_lwip.dir/apps/ping/ping.c.obj
[300/1044] Building C object esp-idf/lwip/CMakeFiles/__idf_lwip.dir/port/hooks/tcp_isn_default.c.obj
[317/1044] Building C object esp-idf/esp_phy/CMakeFiles/__idf_esp_phy.dir/src/lib_printf.c.obj
[301/1044] Building C object esp-idf/lwip/CMakeFiles/__idf_lwip.dir/lwip/src/netif/ppp/vj.c.obj
[317/1044] Building C object esp-idf/esp_phy/CMakeFiles/__idf_esp_phy.dir/esp32s3/phy_init_data.c.obj
[302/1044] Building C object esp-idf/lwip/CMakeFiles/__idf_lwip.dir/port/debug/lwip_debug.c.obj
[318/1044] Building C object esp-idf/esp_phy/CMakeFiles/__idf_esp_phy.dir/esp32s3/phy_init_data.c.obj
[318/1044] Building C object esp-idf/esp_phy/CMakeFiles/__idf_esp_phy.dir/src/lib_printf.c.obj
[319/1044] Building C object esp-idf/esp_vfs_console/CMakeFiles/__idf_esp_vfs_console.dir/vfs_console.c.obj
[319/1044] Building C object esp-idf/esp_phy/CMakeFiles/__idf_esp_phy.dir/src/phy_override.c.obj
-- Compiler supported targets: xtensa-esp-elf
[320/1044] Building C object esp-idf/lwip/CMakeFiles/__idf_lwip.dir/lwip/src/core/ipv6/nd6.c.obj
[321/1044] Building C object esp-idf/esp_phy/CMakeFiles/__idf_esp_phy.dir/src/btbb_init.c.obj
[320/1044] Building C object esp-idf/lwip/CMakeFiles/__idf_lwip.dir/lwip/src/core/ipv6/nd6.c.obj
[322/1044] Building C object esp-idf/esp_phy/CMakeFiles/__idf_esp_phy.dir/src/phy_common.c.obj
[319/1044] Building C object esp-idf/lwip/CMakeFiles/__idf_lwip.dir/lwip/src/core/ipv6/nd6.c.obj
[323/1044] Building C object esp-idf/lwip/CMakeFiles/__idf_lwip.dir/apps/ping/ping_sock.c.obj
[320/1044] Building C object esp-idf/lwip/CMakeFiles/__idf_lwip.dir/apps/ping/ping_sock.c.obj
[321/1044] Building C object esp-idf/vfs/CMakeFiles/__idf_vfs.dir/vfs_eventfd.c.obj
[324/1044] Building C object esp-idf/esp_phy/CMakeFiles/__idf_esp_phy.dir/src/phy_override.c.obj
[321/1044] Building C object esp-idf/esp_vfs_console/CMakeFiles/__idf_esp_vfs_console.dir/vfs_console.c.obj
[303/1044] Linking C static library esp-idf/esp_netif/libesp_netif.a
[325/1044] Building C object esp-idf/esp_driver_usb_serial_jtag/CMakeFiles/__idf_esp_driver_usb_serial_jtag.dir/src/usb_serial_jtag_connection_monitor.c.obj
[322/1044] Building C object esp-idf/esp_phy/CMakeFiles/__idf_esp_phy.dir/src/phy_override.c.obj
[323/1044] Building C object esp-idf/esp_driver_usb_serial_jtag/CMakeFiles/__idf_esp_driver_usb_serial_jtag.dir/src/usb_serial_jtag.c.obj
[326/1044] Building C object esp-idf/vfs/CMakeFiles/__idf_vfs.dir/vfs_eventfd.c.obj
[304/1044] Building C object esp-idf/lwip/CMakeFiles/__idf_lwip.dir/port/hooks/lwip_default_hooks.c.obj
[305/1044] Building C object esp-idf/lwip/CMakeFiles/__idf_lwip.dir/port/if_index.c.obj
[306/1044] Building C object esp-idf/lwip/CMakeFiles/__idf_lwip.dir/lwip/src/netif/ppp/polarssl/des.c.obj
[322/1044] Building C object esp-idf/esp_driver_usb_serial_jtag/CMakeFiles/__idf_esp_driver_usb_serial_jtag.dir/src/usb_serial_jtag_connection_monitor.c.obj
[324/1044] Building C object esp-idf/vfs/CMakeFiles/__idf_vfs.dir/nullfs.c.obj
[327/1044] Building C object esp-idf/vfs/CMakeFiles/__idf_vfs.dir/nullfs.c.obj
[325/1044] Building C object esp-idf/esp_phy/CMakeFiles/__idf_esp_phy.dir/src/btbb_init.c.obj
[307/1044] Building C object esp-idf/lwip/CMakeFiles/__idf_lwip.dir/lwip/src/core/ipv6/nd6.c.obj
[326/1044] Building C object esp-idf/esp_driver_usb_serial_jtag/CMakeFiles/__idf_esp_driver_usb_serial_jtag.dir/src/usb_serial_jtag_connection_monitor.c.obj
[323/1044] Building C object esp-idf/esp_phy/CMakeFiles/__idf_esp_phy.dir/src/phy_common.c.obj
[324/1044] Building C object esp-idf/vfs/CMakeFiles/__idf_vfs.dir/nullfs.c.obj
[308/1044] Building C object esp-idf/lwip/CMakeFiles/__idf_lwip.dir/port/acd_dhcp_check.c.obj
[309/1044] Building C object esp-idf/lwip/CMakeFiles/__idf_lwip.dir/lwip/src/netif/ppp/polarssl/md4.c.obj
[310/1044] Building C object esp-idf/lwip/CMakeFiles/__idf_lwip.dir/lwip/src/netif/ppp/polarssl/md5.c.obj
[311/1044] Building C object esp-idf/lwip/CMakeFiles/__idf_lwip.dir/port/sockets_ext.c.obj
[327/1044] Building C object esp-idf/esp_phy/CMakeFiles/__idf_esp_phy.dir/src/phy_common.c.obj
[312/1044] Building C object esp-idf/lwip/CMakeFiles/__idf_lwip.dir/apps/ping/esp_ping.c.obj
[325/1044] Building C object esp-idf/lwip/CMakeFiles/__idf_lwip.dir/apps/ping/ping_sock.c.obj
[313/1044] Building C object esp-idf/lwip/CMakeFiles/__idf_lwip.dir/apps/ping/ping.c.obj
[326/1044] Building C object esp-idf/esp_phy/CMakeFiles/__idf_esp_phy.dir/src/btbb_init.c.obj
[314/1044] Building C object esp-idf/lwip/CMakeFiles/__idf_lwip.dir/lwip/src/netif/ppp/polarssl/sha1.c.obj
[328/1044] Building C object esp-idf/vfs/CMakeFiles/__idf_vfs.dir/vfs_eventfd.c.obj
[315/1044] Building C object esp-idf/lwip/CMakeFiles/__idf_lwip.dir/port/esp32xx/vfs_lwip.c.obj
[328/1044] Building C object esp-idf/esp_driver_usb_serial_jtag/CMakeFiles/__idf_esp_driver_usb_serial_jtag.dir/src/usb_serial_jtag.c.obj
[316/1044] Building C object esp-idf/lwip/CMakeFiles/__idf_lwip.dir/lwip/src/netif/ppp/polarssl/arc4.c.obj
[327/1044] Building C object esp-idf/esp_vfs_console/CMakeFiles/__idf_esp_vfs_console.dir/vfs_console.c.obj
[317/1044] Building C object esp-idf/lwip/CMakeFiles/__idf_lwip.dir/port/freertos/sys_arch.c.obj
[329/1044] Building C object esp-idf/vfs/CMakeFiles/__idf_vfs.dir/vfs_semihost.c.obj
[318/1044] Building C object esp-idf/esp_phy/CMakeFiles/__idf_esp_phy.dir/esp32s3/phy_init_data.c.obj
[330/1044] Building C object esp-idf/lwip/CMakeFiles/__idf_lwip.dir/apps/dhcpserver/dhcpserver.c.obj
[319/1044] Building C object esp-idf/esp_phy/CMakeFiles/__idf_esp_phy.dir/src/btbb_init.c.obj
[329/1044] Building CXX object esp-idf/nvs_flash/CMakeFiles/__idf_nvs_flash.dir/src/nvs_platform.cpp.obj
[328/1044] Building C object esp-idf/vfs/CMakeFiles/__idf_vfs.dir/vfs_semihost.c.obj
[320/1044] Building C object esp-idf/esp_vfs_console/CMakeFiles/__idf_esp_vfs_console.dir/vfs_console.c.obj
[321/1044] Building C object esp-idf/esp_phy/CMakeFiles/__idf_esp_phy.dir/src/lib_printf.c.obj
[331/1044] Building C object esp-idf/esp_driver_usb_serial_jtag/CMakeFiles/__idf_esp_driver_usb_serial_jtag.dir/src/usb_serial_jtag_vfs.c.obj
[330/1044] Building C object esp-idf/esp_driver_usb_serial_jtag/CMakeFiles/__idf_esp_driver_usb_serial_jtag.dir/src/usb_serial_jtag_vfs.c.obj
[332/1044] Building C object esp-idf/esp_phy/CMakeFiles/__idf_esp_phy.dir/src/phy_init.c.obj
[322/1044] Building C object esp-idf/esp_driver_usb_serial_jtag/CMakeFiles/__idf_esp_driver_usb_serial_jtag.dir/src/usb_serial_jtag_connection_monitor.c.obj
[329/1044] Building C object esp-idf/esp_driver_usb_serial_jtag/CMakeFiles/__idf_esp_driver_usb_serial_jtag.dir/src/usb_serial_jtag.c.obj
[331/1044] Building C object esp-idf/lwip/CMakeFiles/__idf_lwip.dir/apps/dhcpserver/dhcpserver.c.obj
[332/1044] Building C object esp-idf/vfs/CMakeFiles/__idf_vfs.dir/vfs_semihost.c.obj
[333/1044] Building CXX object esp-idf/nvs_flash/CMakeFiles/__idf_nvs_flash.dir/src/nvs_platform.cpp.obj
[334/1044] Building C object esp-idf/nvs_flash/CMakeFiles/__idf_nvs_flash.dir/src/nvs_bootloader_aes.c.obj
[333/1044] Building C object esp-idf/esp_phy/CMakeFiles/__idf_esp_phy.dir/src/phy_init.c.obj
[330/1044] Building CXX object esp-idf/nvs_flash/CMakeFiles/__idf_nvs_flash.dir/src/nvs_platform.cpp.obj
[331/1044] Building C object esp-idf/lwip/CMakeFiles/__idf_lwip.dir/apps/dhcpserver/dhcpserver.c.obj
-- Project sdkconfig file /home/tikhon/Документы/magnolia/applets/mainline/hexdump/sdkconfig
[323/1044] Building C object esp-idf/esp_phy/CMakeFiles/__idf_esp_phy.dir/src/phy_override.c.obj
[334/1044] Building C object esp-idf/nvs_flash/CMakeFiles/__idf_nvs_flash.dir/src/nvs_bootloader_aes.c.obj
[324/1044] Building C object esp-idf/esp_phy/CMakeFiles/__idf_esp_phy.dir/src/phy_common.c.obj
[335/1044] Linking C static library esp-idf/lwip/liblwip.a
[332/1044] Building C object esp-idf/nvs_flash/CMakeFiles/__idf_nvs_flash.dir/src/nvs_bootloader.c.obj
[325/1044] Building C object esp-idf/vfs/CMakeFiles/__idf_vfs.dir/vfs_eventfd.c.obj
[335/1044] Building C object esp-idf/nvs_flash/CMakeFiles/__idf_nvs_flash.dir/src/nvs_bootloader_xts_aes.c.obj
[333/1044] Building C object esp-idf/esp_driver_usb_serial_jtag/CMakeFiles/__idf_esp_driver_usb_serial_jtag.dir/src/usb_serial_jtag_vfs.c.obj
[326/1044] Building C object esp-idf/vfs/CMakeFiles/__idf_vfs.dir/nullfs.c.obj
[327/1044] Building C object esp-idf/esp_driver_usb_serial_jtag/CMakeFiles/__idf_esp_driver_usb_serial_jtag.dir/src/usb_serial_jtag.c.obj
[334/1044] Building C object esp-idf/esp_phy/CMakeFiles/__idf_esp_phy.dir/src/phy_init.c.obj
[336/1044] Building C object esp-idf/nvs_flash/CMakeFiles/__idf_nvs_flash.dir/src/nvs_bootloader_xts_aes.c.obj
[328/1044] Building C object esp-idf/lwip/CMakeFiles/__idf_lwip.dir/apps/ping/ping_sock.c.obj
[337/1044] Building C object esp-idf/nvs_flash/CMakeFiles/__idf_nvs_flash.dir/src/nvs_bootloader.c.obj
[329/1044] Building C object esp-idf/lwip/CMakeFiles/__idf_lwip.dir/apps/dhcpserver/dhcpserver.c.obj
[335/1044] Building C object esp-idf/nvs_flash/CMakeFiles/__idf_nvs_flash.dir/src/nvs_bootloader_aes.c.obj
[336/1044] Building C object esp-idf/nvs_flash/CMakeFiles/__idf_nvs_flash.dir/src/nvs_bootloader.c.obj
[336/1044] Linking C static library esp-idf/lwip/liblwip.a
[337/1044] Linking C static library esp-idf/lwip/liblwip.a
[338/1044] Building C object esp-idf/esp_event/CMakeFiles/__idf_esp_event.dir/default_event_loop.c.obj
[338/1044] Building C object esp-idf/esp_event/CMakeFiles/__idf_esp_event.dir/default_event_loop.c.obj
[339/1044] Building C object esp-idf/vfs/CMakeFiles/__idf_vfs.dir/vfs.c.obj
[339/1044] Building C object esp-idf/esp_event/CMakeFiles/__idf_esp_event.dir/esp_event_private.c.obj
[330/1044] Building CXX object esp-idf/nvs_flash/CMakeFiles/__idf_nvs_flash.dir/src/nvs_platform.cpp.obj
[337/1044] Building C object esp-idf/nvs_flash/CMakeFiles/__idf_nvs_flash.dir/src/nvs_bootloader_xts_aes.c.obj
[331/1044] Building C object esp-idf/vfs/CMakeFiles/__idf_vfs.dir/vfs_semihost.c.obj
[332/1044] Building C object esp-idf/esp_phy/CMakeFiles/__idf_esp_phy.dir/src/phy_init.c.obj
[340/1044] Building C object esp-idf/vfs/CMakeFiles/__idf_vfs.dir/vfs.c.obj
[333/1044] Building C object esp-idf/esp_driver_usb_serial_jtag/CMakeFiles/__idf_esp_driver_usb_serial_jtag.dir/src/usb_serial_jtag_vfs.c.obj
-- App "free" version: c092b7f-dirty
[340/1044] Linking C static library esp-idf/vfs/libvfs.a
[334/1044] Building C object esp-idf/vfs/CMakeFiles/__idf_vfs.dir/vfs.c.obj
[338/1044] Building C object esp-idf/esp_event/CMakeFiles/__idf_esp_event.dir/default_event_loop.c.obj
[341/1044] Building C object esp-idf/esp_event/CMakeFiles/__idf_esp_event.dir/esp_event_private.c.obj
[342/1044] Linking C static library esp-idf/esp_vfs_console/libesp_vfs_console.a
[341/1044] Building C object esp-idf/esp_driver_uart/CMakeFiles/__idf_esp_driver_uart.dir/src/uart_wakeup.c.obj
[342/1044] Linking C static library esp-idf/vfs/libvfs.a
[343/1044] Linking C static library esp-idf/esp_driver_usb_serial_jtag/libesp_driver_usb_serial_jtag.a
[343/1044] Linking C static library esp-idf/esp_vfs_console/libesp_vfs_console.a
-- Minimal build - OFF
[339/1044] Building C object esp-idf/esp_event/CMakeFiles/__idf_esp_event.dir/esp_event_private.c.obj
[344/1044] Linking C static library esp-idf/esp_driver_usb_serial_jtag/libesp_driver_usb_serial_jtag.a
[344/1044] Linking C static library esp-idf/esp_phy/libesp_phy.a
[335/1044] Building C object esp-idf/nvs_flash/CMakeFiles/__idf_nvs_flash.dir/src/nvs_bootloader_aes.c.obj
[345/1044] Linking C static library esp-idf/esp_phy/libesp_phy.a
[340/1044] Building C object esp-idf/esp_driver_uart/CMakeFiles/__idf_esp_driver_uart.dir/src/uart_wakeup.c.obj
[345/1044] Building C object esp-idf/esp_driver_uart/CMakeFiles/__idf_esp_driver_uart.dir/src/uart_wakeup.c.obj
-- Building ESP-IDF components for target esp32s3
[336/1044] Linking C static library esp-idf/lwip/liblwip.a
-- Compiler supported targets: xtensa-esp-elf
-- Compiler supported targets: xtensa-esp-elf
[337/1044] Linking C static library esp-idf/vfs/libvfs.a
[341/1044] Building CXX object esp-idf/nvs_flash/CMakeFiles/__idf_nvs_flash.dir/src/nvs_partition.cpp.obj
[338/1044] Building C object esp-idf/nvs_flash/CMakeFiles/__idf_nvs_flash.dir/src/nvs_bootloader_xts_aes.c.obj
[346/1044] Building CXX object esp-idf/nvs_flash/CMakeFiles/__idf_nvs_flash.dir/src/nvs_partition.cpp.obj
[339/1044] Linking C static library esp-idf/esp_vfs_console/libesp_vfs_console.a
[346/1044] Building CXX object esp-idf/nvs_flash/CMakeFiles/__idf_nvs_flash.dir/src/nvs_partition_lookup.cpp.obj
-- Compiler supported targets: xtensa-esp-elf
[347/1044] Building CXX object esp-idf/nvs_flash/CMakeFiles/__idf_nvs_flash.dir/src/nvs_partition_lookup.cpp.obj
[340/1044] Building C object esp-idf/esp_event/CMakeFiles/__idf_esp_event.dir/esp_event_private.c.obj
[341/1044] Building C object esp-idf/esp_event/CMakeFiles/__idf_esp_event.dir/default_event_loop.c.obj
[342/1044] Linking C static library esp-idf/esp_driver_usb_serial_jtag/libesp_driver_usb_serial_jtag.a
[347/1044] Building C object esp-idf/esp_event/CMakeFiles/__idf_esp_event.dir/esp_event.c.obj
[348/1044] Building C object esp-idf/esp_event/CMakeFiles/__idf_esp_event.dir/esp_event.c.obj
[343/1044] Linking C static library esp-idf/esp_phy/libesp_phy.a
-- Compiler supported targets: xtensa-esp-elf
[344/1044] Building C object esp-idf/nvs_flash/CMakeFiles/__idf_nvs_flash.dir/src/nvs_bootloader.c.obj
[349/1044] Building C object esp-idf/esp_driver_gptimer/CMakeFiles/__idf_esp_driver_gptimer.dir/src/gptimer.c.obj
[348/1044] Building C object esp-idf/esp_driver_gptimer/CMakeFiles/__idf_esp_driver_gptimer.dir/src/gptimer_common.c.obj
[342/1044] Building C object esp-idf/esp_ringbuf/CMakeFiles/__idf_esp_ringbuf.dir/ringbuf.c.obj
-- App "env" version: c092b7f-dirty
[350/1044] Building C object esp-idf/esp_driver_gptimer/CMakeFiles/__idf_esp_driver_gptimer.dir/src/gptimer_common.c.obj
[343/1044] Building C object esp-idf/vfs/CMakeFiles/__idf_vfs.dir/vfs.c.obj
[344/1044] Building C object esp-idf/esp_event/CMakeFiles/__idf_esp_event.dir/esp_event.c.obj
[349/1044] Building CXX object esp-idf/nvs_flash/CMakeFiles/__idf_nvs_flash.dir/src/nvs_partition_manager.cpp.obj
[350/1044] Building CXX object esp-idf/nvs_flash/CMakeFiles/__idf_nvs_flash.dir/src/nvs_partition.cpp.obj
[351/1044] Building C object esp-idf/esp_driver_uart/CMakeFiles/__idf_esp_driver_uart.dir/src/uhci.c.obj
[352/1044] Building C object esp-idf/esp_timer/CMakeFiles/__idf_esp_timer.dir/src/esp_timer_init.c.obj
[353/1044] Building C object esp-idf/esp_timer/CMakeFiles/__idf_esp_timer.dir/src/ets_timer_legacy.c.obj
[345/1044] Linking C static library esp-idf/vfs/libvfs.a
[346/1044] Building CXX object esp-idf/nvs_flash/CMakeFiles/__idf_nvs_flash.dir/src/nvs_partition_lookup.cpp.obj
[347/1044] Building C object esp-idf/esp_driver_gptimer/CMakeFiles/__idf_esp_driver_gptimer.dir/src/gptimer.c.obj
[345/1044] Building C object esp-idf/esp_driver_uart/CMakeFiles/__idf_esp_driver_uart.dir/src/uart_wakeup.c.obj
-- App "ln" version: c092b7f-dirty
[348/1044] Building C object esp-idf/esp_driver_gptimer/CMakeFiles/__idf_esp_driver_gptimer.dir/src/gptimer_common.c.obj
[346/1044] Building CXX object esp-idf/nvs_flash/CMakeFiles/__idf_nvs_flash.dir/src/nvs_partition.cpp.obj
[349/1044] Building C object esp-idf/esp_driver_uart/CMakeFiles/__idf_esp_driver_uart.dir/src/uhci.c.obj
[354/1044] Building C object esp-idf/esp_driver_uart/CMakeFiles/__idf_esp_driver_uart.dir/src/uart_vfs.c.obj
-- Compiler supported targets: xtensa-esp-elf
[351/1044] Building C object esp-idf/esp_timer/CMakeFiles/__idf_esp_timer.dir/src/esp_timer_init.c.obj
[350/1044] Linking C static library esp-idf/esp_vfs_console/libesp_vfs_console.a
[355/1044] Building C object esp-idf/esp_timer/CMakeFiles/__idf_esp_timer.dir/src/system_time.c.obj
[351/1044] Building C object esp-idf/esp_timer/CMakeFiles/__idf_esp_timer.dir/src/esp_timer_init.c.obj
[352/1044] Building C object esp-idf/esp_timer/CMakeFiles/__idf_esp_timer.dir/src/ets_timer_legacy.c.obj
[356/1044] Building C object esp-idf/esp_timer/CMakeFiles/__idf_esp_timer.dir/src/esp_timer_impl_systimer.c.obj
[353/1044] Building C object esp-idf/esp_driver_uart/CMakeFiles/__idf_esp_driver_uart.dir/src/uhci.c.obj
[354/1044] Building C object esp-idf/esp_ringbuf/CMakeFiles/__idf_esp_ringbuf.dir/ringbuf.c.obj
[352/1044] Linking C static library esp-idf/esp_driver_usb_serial_jtag/libesp_driver_usb_serial_jtag.a
-- USING O3
[357/1044] Building CXX object esp-idf/cxx/CMakeFiles/__idf_cxx.dir/cxx_init.cpp.obj
[347/1044] Building C object esp-idf/esp_event/CMakeFiles/__idf_esp_event.dir/esp_event.c.obj
[358/1044] Building C object esp-idf/esp_timer/CMakeFiles/__idf_esp_timer.dir/src/esp_timer_impl_common.c.obj
-- Compiler supported targets: xtensa-esp-elf
[353/1044] Linking C static library esp-idf/esp_phy/libesp_phy.a
[354/1044] Building C object esp-idf/esp_timer/CMakeFiles/__idf_esp_timer.dir/src/esp_timer_impl_common.c.obj
-- Adding linker script /home/tikhon/Документы/magnolia/applets/mainline/free/build/esp-idf/esp_system/ld/memory.ld
-- Adding linker script /home/tikhon/Документы/magnolia/applets/mainline/free/build/esp-idf/esp_system/ld/sections.ld.in
-- App "login" version: c092b7f-dirty
-- Adding linker script /home/tikhon/Документы/magnolia/esp-idf/components/esp_rom/esp32s3/ld/esp32s3.rom.ld
-- Adding linker script /home/tikhon/Документы/magnolia/esp-idf/components/esp_rom/esp32s3/ld/esp32s3.rom.api.ld
-- Adding linker script /home/tikhon/Документы/magnolia/esp-idf/components/esp_rom/esp32s3/ld/esp32s3.rom.bt_funcs.ld
-- Adding linker script /home/tikhon/Документы/magnolia/esp-idf/components/esp_rom/esp32s3/ld/esp32s3.rom.libgcc.ld
-- Adding linker script /home/tikhon/Документы/magnolia/esp-idf/components/esp_rom/esp32s3/ld/esp32s3.rom.wdt.ld
-- Adding linker script /home/tikhon/Документы/magnolia/esp-idf/components/esp_rom/esp32s3/ld/esp32s3.rom.version.ld
-- Adding linker script /home/tikhon/Документы/magnolia/esp-idf/components/esp_rom/esp32s3/ld/esp32s3.rom.ble_master.ld
-- Adding linker script /home/tikhon/Документы/magnolia/esp-idf/components/esp_rom/esp32s3/ld/esp32s3.rom.ble_50.ld
-- Adding linker script /home/tikhon/Документы/magnolia/esp-idf/components/esp_rom/esp32s3/ld/esp32s3.rom.ble_smp.ld
-- Adding linker script /home/tikhon/Документы/magnolia/esp-idf/components/esp_rom/esp32s3/ld/esp32s3.rom.ble_dtm.ld
-- Adding linker script /home/tikhon/Документы/magnolia/esp-idf/components/esp_rom/esp32s3/ld/esp32s3.rom.ble_test.ld
-- Adding linker script /home/tikhon/Документы/magnolia/esp-idf/components/esp_rom/esp32s3/ld/esp32s3.rom.ble_scan.ld
-- Adding linker script /home/tikhon/Документы/magnolia/esp-idf/components/esp_rom/esp32s3/ld/esp32s3.rom.libc.ld
-- Adding linker script /home/tikhon/Документы/magnolia/esp-idf/components/esp_rom/esp32s3/ld/esp32s3.rom.newlib.ld
[355/1044] Building C object esp-idf/esp_timer/CMakeFiles/__idf_esp_timer.dir/src/esp_timer_impl_common.c.obj
-- Adding linker script /home/tikhon/Документы/magnolia/esp-idf/components/soc/esp32s3/ld/esp32s3.peripherals.ld
[359/1044] Building C object esp-idf/esp_driver_gptimer/CMakeFiles/__idf_esp_driver_gptimer.dir/src/gptimer.c.obj
[356/1044] Building C object esp-idf/esp_timer/CMakeFiles/__idf_esp_timer.dir/src/system_time.c.obj
[357/1044] Building CXX object esp-idf/cxx/CMakeFiles/__idf_cxx.dir/cxx_exception_stubs.cpp.obj
[348/1044] Building C object esp-idf/esp_ringbuf/CMakeFiles/__idf_esp_ringbuf.dir/ringbuf.c.obj
[355/1044] Building C object esp-idf/esp_timer/CMakeFiles/__idf_esp_timer.dir/src/system_time.c.obj
-- App "head" version: c092b7f-dirty
[358/1044] Building C object esp-idf/esp_timer/CMakeFiles/__idf_esp_timer.dir/src/esp_timer_impl_systimer.c.obj
[360/1044] Building C object esp-idf/esp_timer/CMakeFiles/__idf_esp_timer.dir/src/esp_timer.c.obj
[349/1044] Building CXX object esp-idf/nvs_flash/CMakeFiles/__idf_nvs_flash.dir/src/nvs_partition_lookup.cpp.obj
[361/1044] Building C object esp-idf/pthread/CMakeFiles/__idf_pthread.dir/pthread_cond_var.c.obj
[362/1044] Building C object esp-idf/esp_ringbuf/CMakeFiles/__idf_esp_ringbuf.dir/ringbuf.c.obj
[356/1044] Building C object esp-idf/esp_timer/CMakeFiles/__idf_esp_timer.dir/src/ets_timer_legacy.c.obj
[359/1044] Building C object esp-idf/esp_timer/CMakeFiles/__idf_esp_timer.dir/src/esp_timer.c.obj
-- App "init" version: c092b7f-dirty
[357/1044] Building C object esp-idf/esp_timer/CMakeFiles/__idf_esp_timer.dir/src/esp_timer_impl_systimer.c.obj
[360/1044] Building C object esp-idf/esp_driver_uart/CMakeFiles/__idf_esp_driver_uart.dir/src/uart_vfs.c.obj
[361/1044] Building CXX object esp-idf/cxx/CMakeFiles/__idf_cxx.dir/cxx_init.cpp.obj
[363/1044] Building CXX object esp-idf/cxx/CMakeFiles/__idf_cxx.dir/cxx_exception_stubs.cpp.obj
[350/1044] Building C object esp-idf/esp_timer/CMakeFiles/__idf_esp_timer.dir/src/esp_timer_init.c.obj
[364/1044] Building CXX object esp-idf/nvs_flash/CMakeFiles/__idf_nvs_flash.dir/src/nvs_handle_locked.cpp.obj
[365/1044] Building C object esp-idf/pthread/CMakeFiles/__idf_pthread.dir/pthread.c.obj
[351/1044] Building CXX object esp-idf/nvs_flash/CMakeFiles/__idf_nvs_flash.dir/src/nvs_pagemanager.cpp.obj
[358/1044] Building CXX object esp-idf/cxx/CMakeFiles/__idf_cxx.dir/cxx_exception_stubs.cpp.obj
-- Compiler supported targets: xtensa-esp-elf
[366/1044] Building C object esp-idf/newlib/CMakeFiles/__idf_newlib.dir/src/abort.c.obj
[362/1044] Building C object esp-idf/pthread/CMakeFiles/__idf_pthread.dir/pthread_local_storage.c.obj
-- Compiler supported targets: xtensa-esp-elf
[367/1044] Building C object esp-idf/newlib/CMakeFiles/__idf_newlib.dir/src/heap.c.obj
[368/1044] Building C object esp-idf/pthread/CMakeFiles/__idf_pthread.dir/pthread_rwlock.c.obj
[369/1044] Building C object esp-idf/pthread/CMakeFiles/__idf_pthread.dir/pthread_semaphore.c.obj
[370/1044] Building C object esp-idf/newlib/CMakeFiles/__idf_newlib.dir/src/init.c.obj
[363/1044] Building C object esp-idf/newlib/CMakeFiles/__idf_newlib.dir/src/init.c.obj
[352/1044] Building C object esp-idf/esp_driver_uart/CMakeFiles/__idf_esp_driver_uart.dir/src/uart_vfs.c.obj
[353/1044] Building C object esp-idf/esp_driver_uart/CMakeFiles/__idf_esp_driver_uart.dir/src/uhci.c.obj
[359/1044] Building C object esp-idf/esp_driver_uart/CMakeFiles/__idf_esp_driver_uart.dir/src/uart_vfs.c.obj
[360/1044] Building C object esp-idf/esp_timer/CMakeFiles/__idf_esp_timer.dir/src/esp_timer.c.obj
[371/1044] Building C object esp-idf/newlib/CMakeFiles/__idf_newlib.dir/src/assert.c.obj
[372/1044] Building C object esp-idf/pthread/CMakeFiles/__idf_pthread.dir/pthread_local_storage.c.obj
-- USING O3
[361/1044] Building C object esp-idf/pthread/CMakeFiles/__idf_pthread.dir/pthread.c.obj
[364/1044] Building C object esp-idf/pthread/CMakeFiles/__idf_pthread.dir/pthread_semaphore.c.obj
[373/1044] Building C object esp-idf/newlib/CMakeFiles/__idf_newlib.dir/src/random.c.obj
[374/1044] Building C object esp-idf/newlib/CMakeFiles/__idf_newlib.dir/src/getentropy.c.obj
[354/1044] Building C object esp-idf/esp_timer/CMakeFiles/__idf_esp_timer.dir/src/system_time.c.obj
[375/1044] Building C object esp-idf/newlib/CMakeFiles/__idf_newlib.dir/src/termios.c.obj
[355/1044] Building C object esp-idf/esp_timer/CMakeFiles/__idf_esp_timer.dir/src/esp_timer_impl_common.c.obj
[376/1044] Building C object esp-idf/newlib/CMakeFiles/__idf_newlib.dir/src/locks.c.obj
[362/1044] Building CXX object esp-idf/cxx/CMakeFiles/__idf_cxx.dir/cxx_init.cpp.obj
-- App "elftest" version: c092b7f-dirty
[356/1044] Building C object esp-idf/esp_driver_gptimer/CMakeFiles/__idf_esp_driver_gptimer.dir/src/gptimer_common.c.obj
-- Adding linker script /home/tikhon/Документы/magnolia/applets/mainline/env/build/esp-idf/esp_system/ld/memory.ld
-- Adding linker script /home/tikhon/Документы/magnolia/applets/mainline/env/build/esp-idf/esp_system/ld/sections.ld.in
[377/1044] Building C object esp-idf/newlib/CMakeFiles/__idf_newlib.dir/src/pthread.c.obj
[357/1044] Building C object esp-idf/esp_timer/CMakeFiles/__idf_esp_timer.dir/src/ets_timer_legacy.c.obj
[378/1044] Building CXX object esp-idf/nvs_flash/CMakeFiles/__idf_nvs_flash.dir/src/nvs_cxx_api.cpp.obj
[365/1044] Building C object esp-idf/newlib/CMakeFiles/__idf_newlib.dir/src/abort.c.obj
[363/1044] Building C object esp-idf/pthread/CMakeFiles/__idf_pthread.dir/pthread_rwlock.c.obj
[379/1044] Building CXX object esp-idf/nvs_flash/CMakeFiles/__idf_nvs_flash.dir/src/nvs_item_hash_list.cpp.obj
-- Adding linker script /home/tikhon/Документы/magnolia/esp-idf/components/esp_rom/esp32s3/ld/esp32s3.rom.ld
-- Adding linker script /home/tikhon/Документы/magnolia/esp-idf/components/esp_rom/esp32s3/ld/esp32s3.rom.api.ld
-- Adding linker script /home/tikhon/Документы/magnolia/esp-idf/components/esp_rom/esp32s3/ld/esp32s3.rom.bt_funcs.ld
-- Adding linker script /home/tikhon/Документы/magnolia/esp-idf/components/esp_rom/esp32s3/ld/esp32s3.rom.libgcc.ld
-- Adding linker script /home/tikhon/Документы/magnolia/esp-idf/components/esp_rom/esp32s3/ld/esp32s3.rom.wdt.ld
-- Adding linker script /home/tikhon/Документы/magnolia/esp-idf/components/esp_rom/esp32s3/ld/esp32s3.rom.version.ld
-- Adding linker script /home/tikhon/Документы/magnolia/esp-idf/components/esp_rom/esp32s3/ld/esp32s3.rom.ble_master.ld
-- Adding linker script /home/tikhon/Документы/magnolia/esp-idf/components/esp_rom/esp32s3/ld/esp32s3.rom.ble_50.ld
-- Adding linker script /home/tikhon/Документы/magnolia/esp-idf/components/esp_rom/esp32s3/ld/esp32s3.rom.ble_smp.ld
-- Adding linker script /home/tikhon/Документы/magnolia/esp-idf/components/esp_rom/esp32s3/ld/esp32s3.rom.ble_dtm.ld
-- Adding linker script /home/tikhon/Документы/magnolia/esp-idf/components/esp_rom/esp32s3/ld/esp32s3.rom.ble_test.ld
-- Adding linker script /home/tikhon/Документы/magnolia/esp-idf/components/esp_rom/esp32s3/ld/esp32s3.rom.ble_scan.ld
-- Adding linker script /home/tikhon/Документы/magnolia/esp-idf/components/esp_rom/esp32s3/ld/esp32s3.rom.libc.ld
-- Adding linker script /home/tikhon/Документы/magnolia/esp-idf/components/esp_rom/esp32s3/ld/esp32s3.rom.newlib.ld
[380/1044] Building C object esp-idf/newlib/CMakeFiles/__idf_newlib.dir/src/realpath.c.obj
[381/1044] Building C object esp-idf/newlib/CMakeFiles/__idf_newlib.dir/src/poll.c.obj
[382/1044] Building C object esp-idf/newlib/CMakeFiles/__idf_newlib.dir/src/sysconf.c.obj
[366/1044] Building C object esp-idf/newlib/CMakeFiles/__idf_newlib.dir/src/assert.c.obj
[383/1044] Building CXX object esp-idf/nvs_flash/CMakeFiles/__idf_nvs_flash.dir/src/nvs_api.cpp.obj
-- App "kill" version: c092b7f-dirty
[384/1044] Building C object esp-idf/newlib/CMakeFiles/__idf_newlib.dir/src/scandir.c.obj
[367/1044] Building CXX object esp-idf/nvs_flash/CMakeFiles/__idf_nvs_flash.dir/src/nvs_item_hash_list.cpp.obj
-- Adding linker script /home/tikhon/Документы/magnolia/esp-idf/components/soc/esp32s3/ld/esp32s3.peripherals.ld
[368/1044] Building C object esp-idf/pthread/CMakeFiles/__idf_pthread.dir/pthread_cond_var.c.obj
[364/1044] Building C object esp-idf/newlib/CMakeFiles/__idf_newlib.dir/src/init.c.obj
[385/1044] Building C object esp-idf/newlib/CMakeFiles/__idf_newlib.dir/src/time.c.obj
[386/1044] Building C object esp-idf/newlib/CMakeFiles/__idf_newlib.dir/src/syscalls.c.obj
-- USING O3
[358/1044] Building C object esp-idf/esp_timer/CMakeFiles/__idf_esp_timer.dir/src/esp_timer.c.obj
[359/1044] Building C object esp-idf/esp_driver_gptimer/CMakeFiles/__idf_esp_driver_gptimer.dir/src/gptimer.c.obj
[387/1044] Building C object esp-idf/newlib/CMakeFiles/__idf_newlib.dir/src/flockfile.c.obj
[369/1044] Building C object esp-idf/esp_driver_uart/CMakeFiles/__idf_esp_driver_uart.dir/src/uart.c.obj
[370/1044] Building C object esp-idf/newlib/CMakeFiles/__idf_newlib.dir/src/heap.c.obj
[388/1044] Building C object esp-idf/freertos/CMakeFiles/__idf_freertos.dir/heap_idf.c.obj
[371/1044] Building C object esp-idf/pthread/CMakeFiles/__idf_pthread.dir/pthread_rwlock.c.obj
[365/1044] Building C object esp-idf/newlib/CMakeFiles/__idf_newlib.dir/src/abort.c.obj
[366/1044] Building C object esp-idf/newlib/CMakeFiles/__idf_newlib.dir/src/assert.c.obj
[360/1044] Building CXX object esp-idf/cxx/CMakeFiles/__idf_cxx.dir/cxx_init.cpp.obj
[389/1044] Building C object esp-idf/newlib/CMakeFiles/__idf_newlib.dir/src/port/esp_time_impl.c.obj
[367/1044] Building C object esp-idf/pthread/CMakeFiles/__idf_pthread.dir/pthread_local_storage.c.obj
[390/1044] Building C object esp-idf/newlib/CMakeFiles/__idf_newlib.dir/src/stdatomic.c.obj
[391/1044] Building C object esp-idf/newlib/CMakeFiles/__idf_newlib.dir/src/reent_syscalls.c.obj
-- App "false" version: c092b7f-dirty
[392/1044] Building C object esp-idf/newlib/CMakeFiles/__idf_newlib.dir/src/reent_init.c.obj
[393/1044] Building C object esp-idf/freertos/CMakeFiles/__idf_freertos.dir/FreeRTOS-Kernel/list.c.obj
[361/1044] Building C object esp-idf/esp_timer/CMakeFiles/__idf_esp_timer.dir/src/esp_timer_impl_systimer.c.obj
[394/1044] Building C object esp-idf/newlib/CMakeFiles/__idf_newlib.dir/src/newlib_init.c.obj
[372/1044] Building C object esp-idf/newlib/CMakeFiles/__idf_newlib.dir/src/poll.c.obj
-- Adding linker script /home/tikhon/Документы/magnolia/applets/mainline/ln/build/esp-idf/esp_system/ld/memory.ld
[368/1044] Building C object esp-idf/pthread/CMakeFiles/__idf_pthread.dir/pthread_cond_var.c.obj
-- Adding linker script /home/tikhon/Документы/magnolia/applets/mainline/ln/build/esp-idf/esp_system/ld/sections.ld.in
[362/1044] Building CXX object esp-idf/cxx/CMakeFiles/__idf_cxx.dir/cxx_exception_stubs.cpp.obj
[363/1044] Building C object esp-idf/pthread/CMakeFiles/__idf_pthread.dir/pthread_local_storage.c.obj
[369/1044] Building C object esp-idf/pthread/CMakeFiles/__idf_pthread.dir/pthread_semaphore.c.obj
-- Adding linker script /home/tikhon/Документы/magnolia/esp-idf/components/esp_rom/esp32s3/ld/esp32s3.rom.ld
[364/1044] Building C object esp-idf/pthread/CMakeFiles/__idf_pthread.dir/pthread.c.obj
[373/1044] Building C object esp-idf/newlib/CMakeFiles/__idf_newlib.dir/src/termios.c.obj
[374/1044] Building C object esp-idf/newlib/CMakeFiles/__idf_newlib.dir/src/getentropy.c.obj
-- Adding linker script /home/tikhon/Документы/magnolia/esp-idf/components/esp_rom/esp32s3/ld/esp32s3.rom.api.ld
-- Adding linker script /home/tikhon/Документы/magnolia/esp-idf/components/esp_rom/esp32s3/ld/esp32s3.rom.bt_funcs.ld
-- Adding linker script /home/tikhon/Документы/magnolia/esp-idf/components/esp_rom/esp32s3/ld/esp32s3.rom.libgcc.ld
-- Adding linker script /home/tikhon/Документы/magnolia/esp-idf/components/esp_rom/esp32s3/ld/esp32s3.rom.wdt.ld
-- Adding linker script /home/tikhon/Документы/magnolia/esp-idf/components/esp_rom/esp32s3/ld/esp32s3.rom.version.ld
-- Adding linker script /home/tikhon/Документы/magnolia/esp-idf/components/esp_rom/esp32s3/ld/esp32s3.rom.ble_master.ld
-- Adding linker script /home/tikhon/Документы/magnolia/esp-idf/components/esp_rom/esp32s3/ld/esp32s3.rom.ble_50.ld
-- Adding linker script /home/tikhon/Документы/magnolia/esp-idf/components/esp_rom/esp32s3/ld/esp32s3.rom.ble_smp.ld
-- Adding linker script /home/tikhon/Документы/magnolia/esp-idf/components/esp_rom/esp32s3/ld/esp32s3.rom.ble_dtm.ld
-- Adding linker script /home/tikhon/Документы/magnolia/esp-idf/components/esp_rom/esp32s3/ld/esp32s3.rom.ble_test.ld
-- Adding linker script /home/tikhon/Документы/magnolia/esp-idf/components/esp_rom/esp32s3/ld/esp32s3.rom.ble_scan.ld
-- Adding linker script /home/tikhon/Документы/magnolia/esp-idf/components/esp_rom/esp32s3/ld/esp32s3.rom.libc.ld
-- Adding linker script /home/tikhon/Документы/magnolia/esp-idf/components/esp_rom/esp32s3/ld/esp32s3.rom.newlib.ld
[375/1044] Building C object esp-idf/newlib/CMakeFiles/__idf_newlib.dir/src/random.c.obj
[376/1044] Building C object esp-idf/newlib/CMakeFiles/__idf_newlib.dir/src/locks.c.obj
-- Minimal build - OFF
[365/1044] Building C object esp-idf/newlib/CMakeFiles/__idf_newlib.dir/src/init.c.obj
[377/1044] Building C object esp-idf/newlib/CMakeFiles/__idf_newlib.dir/src/pthread.c.obj
[395/1044] Building C object esp-idf/freertos/CMakeFiles/__idf_freertos.dir/app_startup.c.obj
[370/1044] Building C object esp-idf/newlib/CMakeFiles/__idf_newlib.dir/src/locks.c.obj
[396/1044] Building ASM object esp-idf/freertos/CMakeFiles/__idf_freertos.dir/FreeRTOS-Kernel/portable/xtensa/portasm.S.obj
[371/1044] Building C object esp-idf/newlib/CMakeFiles/__idf_newlib.dir/src/poll.c.obj
[378/1044] Building C object esp-idf/pthread/CMakeFiles/__idf_pthread.dir/pthread.c.obj
NOTICE: Processing 1 dependencies:
NOTICE: [1/1] idf (6.0.0)
-- Adding linker script /home/tikhon/Документы/magnolia/esp-idf/components/soc/esp32s3/ld/esp32s3.peripherals.ld
[397/1044] Building C object esp-idf/freertos/CMakeFiles/__idf_freertos.dir/port_common.c.obj
[366/1044] Building C object esp-idf/newlib/CMakeFiles/__idf_newlib.dir/src/assert.c.obj
[367/1044] Building C object esp-idf/pthread/CMakeFiles/__idf_pthread.dir/pthread_rwlock.c.obj
[372/1044] Building C object esp-idf/newlib/CMakeFiles/__idf_newlib.dir/src/pthread.c.obj
[373/1044] Building C object esp-idf/newlib/CMakeFiles/__idf_newlib.dir/src/random.c.obj
[368/1044] Building C object esp-idf/newlib/CMakeFiles/__idf_newlib.dir/src/heap.c.obj
-- USING O3
-- Building ESP-IDF components for target esp32s3
[369/1044] Building C object esp-idf/newlib/CMakeFiles/__idf_newlib.dir/src/abort.c.obj
[398/1044] Building C object esp-idf/esp_driver_uart/CMakeFiles/__idf_esp_driver_uart.dir/src/uart.c.obj
[379/1044] Building CXX object esp-idf/nvs_flash/CMakeFiles/__idf_nvs_flash.dir/src/nvs_types.cpp.obj
[374/1044] Building C object esp-idf/newlib/CMakeFiles/__idf_newlib.dir/src/heap.c.obj
[399/1044] Building C object esp-idf/freertos/CMakeFiles/__idf_freertos.dir/FreeRTOS-Kernel/portable/xtensa/xtensa_init.c.obj
[375/1044] Building C object esp-idf/newlib/CMakeFiles/__idf_newlib.dir/src/termios.c.obj
[380/1044] Building C object esp-idf/newlib/CMakeFiles/__idf_newlib.dir/src/sysconf.c.obj
[400/1044] Building C object esp-idf/freertos/CMakeFiles/__idf_freertos.dir/FreeRTOS-Kernel/queue.c.obj
[370/1044] Building C object esp-idf/newlib/CMakeFiles/__idf_newlib.dir/src/pthread.c.obj
[401/1044] Building C object esp-idf/freertos/CMakeFiles/__idf_freertos.dir/esp_additions/idf_additions_event_groups.c.obj
[376/1044] Building C object esp-idf/newlib/CMakeFiles/__idf_newlib.dir/src/getentropy.c.obj
[381/1044] Building C object esp-idf/newlib/CMakeFiles/__idf_newlib.dir/src/scandir.c.obj
-- Adding linker script /home/tikhon/Документы/magnolia/applets/mainline/head/build/esp-idf/esp_system/ld/memory.ld
-- Adding linker script /home/tikhon/Документы/magnolia/applets/mainline/head/build/esp-idf/esp_system/ld/sections.ld.in
[371/1044] Building C object esp-idf/pthread/CMakeFiles/__idf_pthread.dir/pthread_cond_var.c.obj
[382/1044] Building C object esp-idf/newlib/CMakeFiles/__idf_newlib.dir/src/realpath.c.obj
[402/1044] Building C object esp-idf/esp_hw_support/CMakeFiles/__idf_esp_hw_support.dir/esp_memory_utils.c.obj
[403/1044] Building C object esp-idf/freertos/CMakeFiles/__idf_freertos.dir/FreeRTOS-Kernel/portable/xtensa/xtensa_overlay_os_hook.c.obj
[372/1044] Building C object esp-idf/pthread/CMakeFiles/__idf_pthread.dir/pthread_semaphore.c.obj
-- Adding linker script /home/tikhon/Документы/magnolia/esp-idf/components/esp_rom/esp32s3/ld/esp32s3.rom.ld
[383/1044] Building C object esp-idf/newlib/CMakeFiles/__idf_newlib.dir/src/flockfile.c.obj
-- Adding linker script /home/tikhon/Документы/magnolia/esp-idf/components/esp_rom/esp32s3/ld/esp32s3.rom.api.ld
-- Adding linker script /home/tikhon/Документы/magnolia/esp-idf/components/esp_rom/esp32s3/ld/esp32s3.rom.bt_funcs.ld
-- Adding linker script /home/tikhon/Документы/magnolia/esp-idf/components/esp_rom/esp32s3/ld/esp32s3.rom.libgcc.ld
-- Adding linker script /home/tikhon/Документы/magnolia/esp-idf/components/esp_rom/esp32s3/ld/esp32s3.rom.wdt.ld
-- Adding linker script /home/tikhon/Документы/magnolia/esp-idf/components/esp_rom/esp32s3/ld/esp32s3.rom.version.ld
[384/1044] Building C object esp-idf/newlib/CMakeFiles/__idf_newlib.dir/src/syscalls.c.obj
-- Adding linker script /home/tikhon/Документы/magnolia/esp-idf/components/esp_rom/esp32s3/ld/esp32s3.rom.ble_master.ld
-- Adding linker script /home/tikhon/Документы/magnolia/esp-idf/components/esp_rom/esp32s3/ld/esp32s3.rom.ble_50.ld
-- Adding linker script /home/tikhon/Документы/magnolia/esp-idf/components/esp_rom/esp32s3/ld/esp32s3.rom.ble_smp.ld
-- Adding linker script /home/tikhon/Документы/magnolia/esp-idf/components/esp_rom/esp32s3/ld/esp32s3.rom.ble_dtm.ld
-- Adding linker script /home/tikhon/Документы/magnolia/esp-idf/components/esp_rom/esp32s3/ld/esp32s3.rom.ble_test.ld
-- Adding linker script /home/tikhon/Документы/magnolia/esp-idf/components/esp_rom/esp32s3/ld/esp32s3.rom.ble_scan.ld
-- Adding linker script /home/tikhon/Документы/magnolia/esp-idf/components/esp_rom/esp32s3/ld/esp32s3.rom.libc.ld
-- Adding linker script /home/tikhon/Документы/magnolia/esp-idf/components/esp_rom/esp32s3/ld/esp32s3.rom.newlib.ld
[404/1044] Building C object esp-idf/esp_hw_support/CMakeFiles/__idf_esp_hw_support.dir/port/esp32s3/esp_cpu_intr.c.obj
[373/1044] Building C object esp-idf/newlib/CMakeFiles/__idf_newlib.dir/src/getentropy.c.obj
[374/1044] Building C object esp-idf/newlib/CMakeFiles/__idf_newlib.dir/src/locks.c.obj
[405/1044] Building C object esp-idf/freertos/CMakeFiles/__idf_freertos.dir/FreeRTOS-Kernel/portable/xtensa/port.c.obj
[375/1044] Building C object esp-idf/newlib/CMakeFiles/__idf_newlib.dir/src/random.c.obj
[406/1044] Building C object esp-idf/freertos/CMakeFiles/__idf_freertos.dir/FreeRTOS-Kernel/timers.c.obj
[376/1044] Building C object esp-idf/newlib/CMakeFiles/__idf_newlib.dir/src/termios.c.obj
[407/1044] Building C object esp-idf/freertos/CMakeFiles/__idf_freertos.dir/port_systick.c.obj
[377/1044] Building C object esp-idf/newlib/CMakeFiles/__idf_newlib.dir/src/sysconf.c.obj
-- Adding linker script /home/tikhon/Документы/magnolia/esp-idf/components/soc/esp32s3/ld/esp32s3.peripherals.ld
[377/1044] Building C object esp-idf/newlib/CMakeFiles/__idf_newlib.dir/src/poll.c.obj
[385/1044] Building C object esp-idf/newlib/CMakeFiles/__idf_newlib.dir/src/reent_init.c.obj
[408/1044] Building C object esp-idf/freertos/CMakeFiles/__idf_freertos.dir/FreeRTOS-Kernel/event_groups.c.obj
[386/1044] Building C object esp-idf/freertos/CMakeFiles/__idf_freertos.dir/heap_idf.c.obj
-- USING O3
[409/1044] Building C object esp-idf/esp_hw_support/CMakeFiles/__idf_esp_hw_support.dir/port/esp32s3/cpu_region_protect.c.obj
[387/1044] Building C object esp-idf/newlib/CMakeFiles/__idf_newlib.dir/src/reent_syscalls.c.obj
[378/1044] Building CXX object esp-idf/nvs_flash/CMakeFiles/__idf_nvs_flash.dir/src/nvs_item_hash_list.cpp.obj
[388/1044] Building C object esp-idf/newlib/CMakeFiles/__idf_newlib.dir/src/newlib_init.c.obj
[410/1044] Building C object esp-idf/esp_hw_support/CMakeFiles/__idf_esp_hw_support.dir/hw_random.c.obj
[389/1044] Building C object esp-idf/newlib/CMakeFiles/__idf_newlib.dir/src/port/esp_time_impl.c.obj
-- Adding linker script /home/tikhon/Документы/magnolia/applets/mainline/init/build/esp-idf/esp_system/ld/memory.ld
[379/1044] Building C object esp-idf/newlib/CMakeFiles/__idf_newlib.dir/src/realpath.c.obj
-- Adding linker script /home/tikhon/Документы/magnolia/applets/mainline/init/build/esp-idf/esp_system/ld/sections.ld.in
[390/1044] Building CXX object esp-idf/cxx/CMakeFiles/__idf_cxx.dir/cxx_guards.cpp.obj
[411/1044] Building C object esp-idf/esp_hw_support/CMakeFiles/__idf_esp_hw_support.dir/revision.c.obj
[378/1044] Building C object esp-idf/newlib/CMakeFiles/__idf_newlib.dir/src/realpath.c.obj
-- Adding linker script /home/tikhon/Документы/magnolia/esp-idf/components/esp_rom/esp32s3/ld/esp32s3.rom.ld
-- Adding linker script /home/tikhon/Документы/magnolia/esp-idf/components/esp_rom/esp32s3/ld/esp32s3.rom.api.ld
-- Adding linker script /home/tikhon/Документы/magnolia/esp-idf/components/esp_rom/esp32s3/ld/esp32s3.rom.bt_funcs.ld
-- Adding linker script /home/tikhon/Документы/magnolia/esp-idf/components/esp_rom/esp32s3/ld/esp32s3.rom.libgcc.ld
-- Adding linker script /home/tikhon/Документы/magnolia/esp-idf/components/esp_rom/esp32s3/ld/esp32s3.rom.wdt.ld
-- Adding linker script /home/tikhon/Документы/magnolia/esp-idf/components/esp_rom/esp32s3/ld/esp32s3.rom.version.ld
-- Adding linker script /home/tikhon/Документы/magnolia/esp-idf/components/esp_rom/esp32s3/ld/esp32s3.rom.ble_master.ld
-- Adding linker script /home/tikhon/Документы/magnolia/esp-idf/components/esp_rom/esp32s3/ld/esp32s3.rom.ble_50.ld
-- Adding linker script /home/tikhon/Документы/magnolia/esp-idf/components/esp_rom/esp32s3/ld/esp32s3.rom.ble_smp.ld
-- Adding linker script /home/tikhon/Документы/magnolia/esp-idf/components/esp_rom/esp32s3/ld/esp32s3.rom.ble_dtm.ld
-- Adding linker script /home/tikhon/Документы/magnolia/esp-idf/components/esp_rom/esp32s3/ld/esp32s3.rom.ble_test.ld
-- Adding linker script /home/tikhon/Документы/magnolia/esp-idf/components/esp_rom/esp32s3/ld/esp32s3.rom.ble_scan.ld
-- Adding linker script /home/tikhon/Документы/magnolia/esp-idf/components/esp_rom/esp32s3/ld/esp32s3.rom.libc.ld
-- Adding linker script /home/tikhon/Документы/magnolia/esp-idf/components/esp_rom/esp32s3/ld/esp32s3.rom.newlib.ld
-- USING O3
[391/1044] Building C object esp-idf/newlib/CMakeFiles/__idf_newlib.dir/src/stdatomic.c.obj
[379/1044] Building C object esp-idf/newlib/CMakeFiles/__idf_newlib.dir/src/syscalls.c.obj
[380/1044] Building CXX object esp-idf/cxx/CMakeFiles/__idf_cxx.dir/cxx_guards.cpp.obj
-- Adding linker script /home/tikhon/Документы/magnolia/esp-idf/components/soc/esp32s3/ld/esp32s3.peripherals.ld
[381/1044] Building C object esp-idf/newlib/CMakeFiles/__idf_newlib.dir/src/scandir.c.obj
[412/1044] Building C object esp-idf/esp_hw_support/CMakeFiles/__idf_esp_hw_support.dir/cpu.c.obj
-- Adding linker script /home/tikhon/Документы/magnolia/applets/mainline/login/build/esp-idf/esp_system/ld/memory.ld
-- Adding linker script /home/tikhon/Документы/magnolia/applets/mainline/login/build/esp-idf/esp_system/ld/sections.ld.in
-- Adding linker script /home/tikhon/Документы/magnolia/esp-idf/components/esp_rom/esp32s3/ld/esp32s3.rom.ld
[382/1044] Building CXX object esp-idf/nvs_flash/CMakeFiles/__idf_nvs_flash.dir/src/nvs_encrypted_partition.cpp.obj
-- Adding linker script /home/tikhon/Документы/magnolia/esp-idf/components/esp_rom/esp32s3/ld/esp32s3.rom.api.ld
-- Adding linker script /home/tikhon/Документы/magnolia/esp-idf/components/esp_rom/esp32s3/ld/esp32s3.rom.bt_funcs.ld
-- Adding linker script /home/tikhon/Документы/magnolia/esp-idf/components/esp_rom/esp32s3/ld/esp32s3.rom.libgcc.ld
-- Adding linker script /home/tikhon/Документы/magnolia/esp-idf/components/esp_rom/esp32s3/ld/esp32s3.rom.wdt.ld
-- Adding linker script /home/tikhon/Документы/magnolia/esp-idf/components/esp_rom/esp32s3/ld/esp32s3.rom.version.ld
-- Adding linker script /home/tikhon/Документы/magnolia/esp-idf/components/esp_rom/esp32s3/ld/esp32s3.rom.ble_master.ld
-- Adding linker script /home/tikhon/Документы/magnolia/esp-idf/components/esp_rom/esp32s3/ld/esp32s3.rom.ble_50.ld
-- Adding linker script /home/tikhon/Документы/magnolia/esp-idf/components/esp_rom/esp32s3/ld/esp32s3.rom.ble_smp.ld
-- Adding linker script /home/tikhon/Документы/magnolia/esp-idf/components/esp_rom/esp32s3/ld/esp32s3.rom.ble_dtm.ld
-- Adding linker script /home/tikhon/Документы/magnolia/esp-idf/components/esp_rom/esp32s3/ld/esp32s3.rom.ble_test.ld
-- Adding linker script /home/tikhon/Документы/magnolia/esp-idf/components/esp_rom/esp32s3/ld/esp32s3.rom.ble_scan.ld
-- Adding linker script /home/tikhon/Документы/magnolia/esp-idf/components/esp_rom/esp32s3/ld/esp32s3.rom.libc.ld
-- Adding linker script /home/tikhon/Документы/magnolia/esp-idf/components/esp_rom/esp32s3/ld/esp32s3.rom.newlib.ld
[392/1044] Building C object esp-idf/newlib/CMakeFiles/__idf_newlib.dir/src/time.c.obj
[413/1044] Building C object esp-idf/esp_hw_support/CMakeFiles/__idf_esp_hw_support.dir/esp_gpio_reserve.c.obj
[380/1044] Building C object esp-idf/newlib/CMakeFiles/__idf_newlib.dir/src/scandir.c.obj
[381/1044] Building C object esp-idf/newlib/CMakeFiles/__idf_newlib.dir/src/sysconf.c.obj
[414/1044] Building C object esp-idf/esp_hw_support/CMakeFiles/__idf_esp_hw_support.dir/clk_ctrl_os.c.obj
-- USING O3
[383/1044] Building C object esp-idf/newlib/CMakeFiles/__idf_newlib.dir/src/reent_syscalls.c.obj
[384/1044] Building C object esp-idf/newlib/CMakeFiles/__idf_newlib.dir/src/syscalls.c.obj
[382/1044] Building C object esp-idf/newlib/CMakeFiles/__idf_newlib.dir/src/port/esp_time_impl.c.obj
-- Adding linker script /home/tikhon/Документы/magnolia/esp-idf/components/soc/esp32s3/ld/esp32s3.peripherals.ld
-- Adding linker script /home/tikhon/Документы/magnolia/applets/mainline/elftest/build/esp-idf/esp_system/ld/memory.ld
-- Adding linker script /home/tikhon/Документы/magnolia/applets/mainline/elftest/build/esp-idf/esp_system/ld/sections.ld.in
[415/1044] Building C object esp-idf/freertos/CMakeFiles/__idf_freertos.dir/esp_additions/idf_additions.c.obj
-- Adding linker script /home/tikhon/Документы/magnolia/esp-idf/components/esp_rom/esp32s3/ld/esp32s3.rom.ld
-- Adding linker script /home/tikhon/Документы/magnolia/esp-idf/components/esp_rom/esp32s3/ld/esp32s3.rom.api.ld
-- Adding linker script /home/tikhon/Документы/magnolia/esp-idf/components/esp_rom/esp32s3/ld/esp32s3.rom.bt_funcs.ld
-- Adding linker script /home/tikhon/Документы/magnolia/esp-idf/components/esp_rom/esp32s3/ld/esp32s3.rom.libgcc.ld
-- Adding linker script /home/tikhon/Документы/magnolia/esp-idf/components/esp_rom/esp32s3/ld/esp32s3.rom.wdt.ld
-- Adding linker script /home/tikhon/Документы/magnolia/esp-idf/components/esp_rom/esp32s3/ld/esp32s3.rom.version.ld
-- Adding linker script /home/tikhon/Документы/magnolia/esp-idf/components/esp_rom/esp32s3/ld/esp32s3.rom.ble_master.ld
-- Adding linker script /home/tikhon/Документы/magnolia/esp-idf/components/esp_rom/esp32s3/ld/esp32s3.rom.ble_50.ld
-- Adding linker script /home/tikhon/Документы/magnolia/esp-idf/components/esp_rom/esp32s3/ld/esp32s3.rom.ble_smp.ld
-- Adding linker script /home/tikhon/Документы/magnolia/esp-idf/components/esp_rom/esp32s3/ld/esp32s3.rom.ble_dtm.ld
-- Adding linker script /home/tikhon/Документы/magnolia/esp-idf/components/esp_rom/esp32s3/ld/esp32s3.rom.ble_test.ld
-- Adding linker script /home/tikhon/Документы/magnolia/esp-idf/components/esp_rom/esp32s3/ld/esp32s3.rom.ble_scan.ld
-- Adding linker script /home/tikhon/Документы/magnolia/esp-idf/components/esp_rom/esp32s3/ld/esp32s3.rom.libc.ld
-- Adding linker script /home/tikhon/Документы/magnolia/esp-idf/components/esp_rom/esp32s3/ld/esp32s3.rom.newlib.ld
-- Components: app_trace app_update bootloader bootloader_support bt cmock console cxx driver efuse esp-tls esp_adc esp_app_format esp_bootloader_format esp_coex esp_common esp_driver_ana_cmpr esp_driver_bitscrambler esp_driver_cam esp_driver_dac esp_driver_gpio esp_driver_gptimer esp_driver_i2c esp_driver_i2s esp_driver_i3c esp_driver_isp esp_driver_jpeg esp_driver_ledc esp_driver_mcpwm esp_driver_parlio esp_driver_pcnt esp_driver_ppa esp_driver_rmt esp_driver_sd_intf esp_driver_sdio esp_driver_sdm esp_driver_sdmmc esp_driver_sdspi esp_driver_spi esp_driver_touch_sens esp_driver_tsens esp_driver_twai esp_driver_uart esp_driver_usb_serial_jtag esp_eth esp_event esp_gdbstub esp_hid esp_http_client esp_http_server esp_https_ota esp_https_server esp_hw_support esp_lcd esp_local_ctrl esp_mm esp_netif esp_netif_stack esp_partition esp_phy esp_pm esp_psram esp_ringbuf esp_rom esp_security esp_system esp_timer esp_vfs_console esp_wifi espcoredump esptool_py fatfs freertos hal heap http_parser idf_test ieee802154 json log lwip main mbedtls mqtt newlib nvs_flash nvs_sec_provider openthread partition_table perfmon protobuf-c protocomm pthread rt sdmmc soc spi_flash spiffs tcp_transport touch_element ulp unity usb vfs wear_levelling wifi_provisioning wpa_supplicant xtensa
-- Component paths: /home/tikhon/Документы/magnolia/esp-idf/components/app_trace /home/tikhon/Документы/magnolia/esp-idf/components/app_update /home/tikhon/Документы/magnolia/esp-idf/components/bootloader /home/tikhon/Документы/magnolia/esp-idf/components/bootloader_support /home/tikhon/Документы/magnolia/esp-idf/components/bt /home/tikhon/Документы/magnolia/esp-idf/components/cmock /home/tikhon/Документы/magnolia/esp-idf/components/console /home/tikhon/Документы/magnolia/esp-idf/components/cxx /home/tikhon/Документы/magnolia/esp-idf/components/driver /home/tikhon/Документы/magnolia/esp-idf/components/efuse /home/tikhon/Документы/magnolia/esp-idf/components/esp-tls /home/tikhon/Документы/magnolia/esp-idf/components/esp_adc /home/tikhon/Документы/magnolia/esp-idf/components/esp_app_format /home/tikhon/Документы/magnolia/esp-idf/components/esp_bootloader_format /home/tikhon/Документы/magnolia/esp-idf/components/esp_coex /home/tikhon/Документы/magnolia/esp-idf/components/esp_common /home/tikhon/Документы/magnolia/esp-idf/components/esp_driver_ana_cmpr /home/tikhon/Документы/magnolia/esp-idf/components/esp_driver_bitscrambler /home/tikhon/Документы/magnolia/esp-idf/components/esp_driver_cam /home/tikhon/Документы/magnolia/esp-idf/components/esp_driver_dac /home/tikhon/Документы/magnolia/esp-idf/components/esp_driver_gpio /home/tikhon/Документы/magnolia/esp-idf/components/esp_driver_gptimer /home/tikhon/Документы/magnolia/esp-idf/components/esp_driver_i2c /home/tikhon/Документы/magnolia/esp-idf/components/esp_driver_i2s /home/tikhon/Документы/magnolia/esp-idf/components/esp_driver_i3c /home/tikhon/Документы/magnolia/esp-idf/components/esp_driver_isp /home/tikhon/Документы/magnolia/esp-idf/components/esp_driver_jpeg /home/tikhon/Документы/magnolia/esp-idf/components/esp_driver_ledc /home/tikhon/Документы/magnolia/esp-idf/components/esp_driver_mcpwm /home/tikhon/Документы/magnolia/esp-idf/components/esp_driver_parlio /home/tikhon/Документы/magnolia/esp-idf/components/esp_driver_pcnt /home/tikhon/Документы/magnolia/esp-idf/components/esp_driver_ppa /home/tikhon/Документы/magnolia/esp-idf/components/esp_driver_rmt /home/tikhon/Документы/magnolia/esp-idf/components/esp_driver_sd_intf /home/tikhon/Документы/magnolia/esp-idf/components/esp_driver_sdio /home/tikhon/Документы/magnolia/esp-idf/components/esp_driver_sdm /home/tikhon/Документы/magnolia/esp-idf/components/esp_driver_sdmmc /home/tikhon/Документы/magnolia/esp-idf/components/esp_driver_sdspi /home/tikhon/Документы/magnolia/esp-idf/components/esp_driver_spi /home/tikhon/Документы/magnolia/esp-idf/components/esp_driver_touch_sens /home/tikhon/Документы/magnolia/esp-idf/components/esp_driver_tsens /home/tikhon/Документы/magnolia/esp-idf/components/esp_driver_twai /home/tikhon/Документы/magnolia/esp-idf/components/esp_driver_uart /home/tikhon/Документы/magnolia/esp-idf/components/esp_driver_usb_serial_jtag /home/tikhon/Документы/magnolia/esp-idf/components/esp_eth /home/tikhon/Документы/magnolia/esp-idf/components/esp_event /home/tikhon/Документы/magnolia/esp-idf/components/esp_gdbstub /home/tikhon/Документы/magnolia/esp-idf/components/esp_hid /home/tikhon/Документы/magnolia/esp-idf/components/esp_http_client /home/tikhon/Документы/magnolia/esp-idf/components/esp_http_server /home/tikhon/Документы/magnolia/esp-idf/components/esp_https_ota /home/tikhon/Документы/magnolia/esp-idf/components/esp_https_server /home/tikhon/Документы/magnolia/esp-idf/components/esp_hw_support /home/tikhon/Документы/magnolia/esp-idf/components/esp_lcd /home/tikhon/Документы/magnolia/esp-idf/components/esp_local_ctrl /home/tikhon/Документы/magnolia/esp-idf/components/esp_mm /home/tikhon/Документы/magnolia/esp-idf/components/esp_netif /home/tikhon/Документы/magnolia/esp-idf/components/esp_netif_stack /home/tikhon/Документы/magnolia/esp-idf/components/esp_partition /home/tikhon/Документы/magnolia/esp-idf/components/esp_phy /home/tikhon/Документы/magnolia/esp-idf/components/esp_pm /home/tikhon/Документы/magnolia/esp-idf/components/esp_psram /home/tikhon/Документы/magnolia/esp-idf/components/esp_ringbuf /home/tikhon/Документы/magnolia/esp-idf/components/esp_rom /home/tikhon/Документы/magnolia/esp-idf/components/esp_security /home/tikhon/Документы/magnolia/esp-idf/components/esp_system /home/tikhon/Документы/magnolia/esp-idf/components/esp_timer /home/tikhon/Документы/magnolia/esp-idf/components/esp_vfs_console /home/tikhon/Документы/magnolia/esp-idf/components/esp_wifi /home/tikhon/Документы/magnolia/esp-idf/components/espcoredump /home/tikhon/Документы/magnolia/esp-idf/components/esptool_py /home/tikhon/Документы/magnolia/esp-idf/components/fatfs /home/tikhon/Документы/magnolia/esp-idf/components/freertos /home/tikhon/Документы/magnolia/esp-idf/components/hal /home/tikhon/Документы/magnolia/esp-idf/components/heap /home/tikhon/Документы/magnolia/esp-idf/components/http_parser /home/tikhon/Документы/magnolia/esp-idf/components/idf_test /home/tikhon/Документы/magnolia/esp-idf/components/ieee802154 /home/tikhon/Документы/magnolia/esp-idf/components/json /home/tikhon/Документы/magnolia/esp-idf/components/log /home/tikhon/Документы/magnolia/esp-idf/components/lwip /home/tikhon/Документы/magnolia/applets/mainline/free/main /home/tikhon/Документы/magnolia/esp-idf/components/mbedtls /home/tikhon/Документы/magnolia/esp-idf/components/mqtt /home/tikhon/Документы/magnolia/esp-idf/components/newlib /home/tikhon/Документы/magnolia/esp-idf/components/nvs_flash /home/tikhon/Документы/magnolia/esp-idf/components/nvs_sec_provider /home/tikhon/Документы/magnolia/esp-idf/components/openthread /home/tikhon/Документы/magnolia/esp-idf/components/partition_table /home/tikhon/Документы/magnolia/esp-idf/components/perfmon /home/tikhon/Документы/magnolia/esp-idf/components/protobuf-c /home/tikhon/Документы/magnolia/esp-idf/components/protocomm /home/tikhon/Документы/magnolia/esp-idf/components/pthread /home/tikhon/Документы/magnolia/esp-idf/components/rt /home/tikhon/Документы/magnolia/esp-idf/components/sdmmc /home/tikhon/Документы/magnolia/esp-idf/components/soc /home/tikhon/Документы/magnolia/esp-idf/components/spi_flash /home/tikhon/Документы/magnolia/esp-idf/components/spiffs /home/tikhon/Документы/magnolia/esp-idf/components/tcp_transport /home/tikhon/Документы/magnolia/esp-idf/components/touch_element /home/tikhon/Документы/magnolia/esp-idf/components/ulp /home/tikhon/Документы/magnolia/esp-idf/components/unity /home/tikhon/Документы/magnolia/esp-idf/components/usb /home/tikhon/Документы/magnolia/esp-idf/components/vfs /home/tikhon/Документы/magnolia/esp-idf/components/wear_levelling /home/tikhon/Документы/magnolia/esp-idf/components/wifi_provisioning /home/tikhon/Документы/magnolia/esp-idf/components/wpa_supplicant /home/tikhon/Документы/magnolia/esp-idf/components/xtensa
-- Adding linker script /home/tikhon/Документы/magnolia/esp-idf/components/soc/esp32s3/ld/esp32s3.peripherals.ld
[385/1044] Building C object esp-idf/newlib/CMakeFiles/__idf_newlib.dir/src/time.c.obj
-- Configuring done (17.6s)
[383/1044] Building CXX object esp-idf/nvs_flash/CMakeFiles/__idf_nvs_flash.dir/src/nvs_handle_simple.cpp.obj
[393/1044] Building C object esp-idf/freertos/CMakeFiles/__idf_freertos.dir/app_startup.c.obj
[386/1044] Building C object esp-idf/newlib/CMakeFiles/__idf_newlib.dir/src/port/esp_time_impl.c.obj
[387/1044] Building CXX object esp-idf/nvs_flash/CMakeFiles/__idf_nvs_flash.dir/src/nvs_handle_locked.cpp.obj
[388/1044] Building C object esp-idf/newlib/CMakeFiles/__idf_newlib.dir/src/reent_init.c.obj
[416/1044] Building C object esp-idf/esp_hw_support/CMakeFiles/__idf_esp_hw_support.dir/regi2c_ctrl.c.obj
[417/1044] Building C object esp-idf/esp_hw_support/CMakeFiles/__idf_esp_hw_support.dir/periph_ctrl.c.obj
[389/1044] Building C object esp-idf/newlib/CMakeFiles/__idf_newlib.dir/src/flockfile.c.obj
[394/1044] Building C object esp-idf/freertos/CMakeFiles/__idf_freertos.dir/FreeRTOS-Kernel/list.c.obj
[384/1044] Building C object esp-idf/newlib/CMakeFiles/__idf_newlib.dir/src/reent_syscalls.c.obj
[395/1044] Building C object esp-idf/freertos/CMakeFiles/__idf_freertos.dir/port_systick.c.obj
[396/1044] Building C object esp-idf/freertos/CMakeFiles/__idf_freertos.dir/port_common.c.obj
[385/1044] Building C object esp-idf/newlib/CMakeFiles/__idf_newlib.dir/src/flockfile.c.obj
[418/1044] Building C object esp-idf/freertos/CMakeFiles/__idf_freertos.dir/FreeRTOS-Kernel/stream_buffer.c.obj
[390/1044] Building CXX object esp-idf/nvs_flash/CMakeFiles/__idf_nvs_flash.dir/src/nvs_page.cpp.obj
[391/1044] Building C object esp-idf/newlib/CMakeFiles/__idf_newlib.dir/src/newlib_init.c.obj
[419/1044] Building C object esp-idf/esp_hw_support/CMakeFiles/__idf_esp_hw_support.dir/port/esp32s3/esp_clk_tree.c.obj
[420/1044] Building CXX object esp-idf/cxx/CMakeFiles/__idf_cxx.dir/cxx_guards.cpp.obj
[386/1044] Building CXX object esp-idf/cxx/CMakeFiles/__idf_cxx.dir/cxx_guards.cpp.obj
[387/1044] Building C object esp-idf/newlib/CMakeFiles/__idf_newlib.dir/src/reent_init.c.obj
[421/1044] Building C object esp-idf/esp_hw_support/CMakeFiles/__idf_esp_hw_support.dir/esp_clk.c.obj
-- USING O3
[422/1044] Building C object esp-idf/esp_hw_support/CMakeFiles/__idf_esp_hw_support.dir/mac_addr.c.obj
[423/1044] Building CXX object esp-idf/nvs_flash/CMakeFiles/__idf_nvs_flash.dir/src/nvs_pagemanager.cpp.obj
[392/1044] Building C object esp-idf/newlib/CMakeFiles/__idf_newlib.dir/src/stdatomic.c.obj
[393/1044] Building C object esp-idf/freertos/CMakeFiles/__idf_freertos.dir/heap_idf.c.obj
[397/1044] Building C object esp-idf/freertos/CMakeFiles/__idf_freertos.dir/FreeRTOS-Kernel/portable/xtensa/xtensa_init.c.obj
[398/1044] Building ASM object esp-idf/freertos/CMakeFiles/__idf_freertos.dir/FreeRTOS-Kernel/portable/xtensa/portasm.S.obj
[388/1044] Building C object esp-idf/newlib/CMakeFiles/__idf_newlib.dir/src/newlib_init.c.obj
[389/1044] Building C object esp-idf/newlib/CMakeFiles/__idf_newlib.dir/src/time.c.obj
[424/1044] Building C object esp-idf/esp_hw_support/CMakeFiles/__idf_esp_hw_support.dir/sar_tsens_ctrl.c.obj
[390/1044] Building C object esp-idf/newlib/CMakeFiles/__idf_newlib.dir/src/stdatomic.c.obj
[394/1044] Building C object esp-idf/esp_driver_uart/CMakeFiles/__idf_esp_driver_uart.dir/src/uart.c.obj
[395/1044] Building CXX object esp-idf/nvs_flash/CMakeFiles/__idf_nvs_flash.dir/src/nvs_cxx_api.cpp.obj
[425/1044] Building C object esp-idf/esp_hw_support/CMakeFiles/__idf_esp_hw_support.dir/rtc_module.c.obj
[391/1044] Building C object esp-idf/freertos/CMakeFiles/__idf_freertos.dir/app_startup.c.obj
[396/1044] Building C object esp-idf/freertos/CMakeFiles/__idf_freertos.dir/FreeRTOS-Kernel/list.c.obj
[426/1044] Building C object esp-idf/esp_hw_support/CMakeFiles/__idf_esp_hw_support.dir/dma/gdma_link.c.obj
[392/1044] Building CXX object esp-idf/nvs_flash/CMakeFiles/__idf_nvs_flash.dir/src/nvs_partition_manager.cpp.obj
-- Adding linker script /home/tikhon/Документы/magnolia/applets/mainline/kill/build/esp-idf/esp_system/ld/memory.ld
-- Adding linker script /home/tikhon/Документы/magnolia/applets/mainline/kill/build/esp-idf/esp_system/ld/sections.ld.in
[427/1044] Building C object esp-idf/esp_hw_support/CMakeFiles/__idf_esp_hw_support.dir/clk_utils.c.obj
[397/1044] Building CXX object esp-idf/nvs_flash/CMakeFiles/__idf_nvs_flash.dir/src/nvs_types.cpp.obj
[398/1044] Building C object esp-idf/freertos/CMakeFiles/__idf_freertos.dir/FreeRTOS-Kernel/portable/xtensa/xtensa_init.c.obj
[428/1044] Building C object esp-idf/esp_hw_support/CMakeFiles/__idf_esp_hw_support.dir/port/esp_clk_tree_common.c.obj
[399/1044] Building ASM object esp-idf/freertos/CMakeFiles/__idf_freertos.dir/FreeRTOS-Kernel/portable/xtensa/portasm.S.obj
-- Adding linker script /home/tikhon/Документы/magnolia/esp-idf/components/esp_rom/esp32s3/ld/esp32s3.rom.ld
-- Adding linker script /home/tikhon/Документы/magnolia/esp-idf/components/esp_rom/esp32s3/ld/esp32s3.rom.api.ld
-- Adding linker script /home/tikhon/Документы/magnolia/esp-idf/components/esp_rom/esp32s3/ld/esp32s3.rom.bt_funcs.ld
-- Adding linker script /home/tikhon/Документы/magnolia/esp-idf/components/esp_rom/esp32s3/ld/esp32s3.rom.libgcc.ld
-- Adding linker script /home/tikhon/Документы/magnolia/esp-idf/components/esp_rom/esp32s3/ld/esp32s3.rom.wdt.ld
-- Adding linker script /home/tikhon/Документы/magnolia/esp-idf/components/esp_rom/esp32s3/ld/esp32s3.rom.version.ld
-- Adding linker script /home/tikhon/Документы/magnolia/esp-idf/components/esp_rom/esp32s3/ld/esp32s3.rom.ble_master.ld
-- Adding linker script /home/tikhon/Документы/magnolia/esp-idf/components/esp_rom/esp32s3/ld/esp32s3.rom.ble_50.ld
-- Adding linker script /home/tikhon/Документы/magnolia/esp-idf/components/esp_rom/esp32s3/ld/esp32s3.rom.ble_smp.ld
-- Adding linker script /home/tikhon/Документы/magnolia/esp-idf/components/esp_rom/esp32s3/ld/esp32s3.rom.ble_dtm.ld
-- Adding linker script /home/tikhon/Документы/magnolia/esp-idf/components/esp_rom/esp32s3/ld/esp32s3.rom.ble_test.ld
-- Adding linker script /home/tikhon/Документы/magnolia/esp-idf/components/esp_rom/esp32s3/ld/esp32s3.rom.ble_scan.ld
-- Adding linker script /home/tikhon/Документы/magnolia/esp-idf/components/esp_rom/esp32s3/ld/esp32s3.rom.libc.ld
-- Adding linker script /home/tikhon/Документы/magnolia/esp-idf/components/esp_rom/esp32s3/ld/esp32s3.rom.newlib.ld
[429/1044] Building C object esp-idf/esp_hw_support/CMakeFiles/__idf_esp_hw_support.dir/sleep_usb.c.obj
-- USING O3
[400/1044] Building C object esp-idf/freertos/CMakeFiles/__idf_freertos.dir/app_startup.c.obj
[401/1044] Building C object esp-idf/freertos/CMakeFiles/__idf_freertos.dir/port_common.c.obj
[399/1044] Building C object esp-idf/freertos/CMakeFiles/__idf_freertos.dir/FreeRTOS-Kernel/portable/xtensa/xtensa_overlay_os_hook.c.obj
[400/1044] Building C object esp-idf/freertos/CMakeFiles/__idf_freertos.dir/FreeRTOS-Kernel/event_groups.c.obj
[393/1044] Building C object esp-idf/freertos/CMakeFiles/__idf_freertos.dir/heap_idf.c.obj
[430/1044] Building C object esp-idf/esp_hw_support/CMakeFiles/__idf_esp_hw_support.dir/port/esp32s3/io_mux.c.obj
[401/1044] Building CXX object esp-idf/nvs_flash/CMakeFiles/__idf_nvs_flash.dir/src/nvs_partition_manager.cpp.obj
[402/1044] Building C object esp-idf/freertos/CMakeFiles/__idf_freertos.dir/FreeRTOS-Kernel/timers.c.obj
-- Adding linker script /home/tikhon/Документы/magnolia/esp-idf/components/soc/esp32s3/ld/esp32s3.peripherals.ld
[394/1044] Building CXX object esp-idf/nvs_flash/CMakeFiles/__idf_nvs_flash.dir/src/nvs_cxx_api.cpp.obj
[402/1044] Building C object esp-idf/esp_hw_support/CMakeFiles/__idf_esp_hw_support.dir/port/esp32s3/esp_cpu_intr.c.obj
[395/1044] Building CXX object esp-idf/nvs_flash/CMakeFiles/__idf_nvs_flash.dir/src/nvs_item_hash_list.cpp.obj
[396/1044] Building C object esp-idf/freertos/CMakeFiles/__idf_freertos.dir/port_common.c.obj
[431/1044] Building C object esp-idf/esp_hw_support/CMakeFiles/__idf_esp_hw_support.dir/dma/esp_dma_utils.c.obj
[397/1044] Building C object esp-idf/freertos/CMakeFiles/__idf_freertos.dir/FreeRTOS-Kernel/list.c.obj
[403/1044] Building CXX object esp-idf/nvs_flash/CMakeFiles/__idf_nvs_flash.dir/src/nvs_pagemanager.cpp.obj
[404/1044] Building C object esp-idf/esp_hw_support/CMakeFiles/__idf_esp_hw_support.dir/port/esp32s3/cpu_region_protect.c.obj
[432/1044] Building C object esp-idf/esp_hw_support/CMakeFiles/__idf_esp_hw_support.dir/sleep_event.c.obj
[403/1044] Building C object esp-idf/freertos/CMakeFiles/__idf_freertos.dir/esp_additions/idf_additions_event_groups.c.obj
[398/1044] Building C object esp-idf/freertos/CMakeFiles/__idf_freertos.dir/FreeRTOS-Kernel/stream_buffer.c.obj
-- Adding linker script /home/tikhon/Документы/magnolia/applets/mainline/false/build/esp-idf/esp_system/ld/memory.ld
-- Adding linker script /home/tikhon/Документы/magnolia/applets/mainline/false/build/esp-idf/esp_system/ld/sections.ld.in
[404/1044] Building C object esp-idf/esp_hw_support/CMakeFiles/__idf_esp_hw_support.dir/port/esp32s3/cpu_region_protect.c.obj
[405/1044] Building C object esp-idf/freertos/CMakeFiles/__idf_freertos.dir/FreeRTOS-Kernel/portable/xtensa/port.c.obj
[433/1044] Building C object esp-idf/esp_hw_support/CMakeFiles/__idf_esp_hw_support.dir/sleep_modem.c.obj
[399/1044] Building CXX object esp-idf/nvs_flash/CMakeFiles/__idf_nvs_flash.dir/src/nvs_handle_locked.cpp.obj
[406/1044] Building C object esp-idf/esp_hw_support/CMakeFiles/__idf_esp_hw_support.dir/esp_memory_utils.c.obj
[434/1044] Building C object esp-idf/esp_hw_support/CMakeFiles/__idf_esp_hw_support.dir/usb_phy/usb_phy.c.obj
[405/1044] Building C object esp-idf/freertos/CMakeFiles/__idf_freertos.dir/FreeRTOS-Kernel/portable/xtensa/port.c.obj
[400/1044] Building C object esp-idf/freertos/CMakeFiles/__idf_freertos.dir/port_systick.c.obj
[407/1044] Building C object esp-idf/freertos/CMakeFiles/__idf_freertos.dir/FreeRTOS-Kernel/queue.c.obj
-- Adding linker script /home/tikhon/Документы/magnolia/esp-idf/components/esp_rom/esp32s3/ld/esp32s3.rom.ld
-- Adding linker script /home/tikhon/Документы/magnolia/esp-idf/components/esp_rom/esp32s3/ld/esp32s3.rom.api.ld
-- Adding linker script /home/tikhon/Документы/magnolia/esp-idf/components/esp_rom/esp32s3/ld/esp32s3.rom.bt_funcs.ld
-- Adding linker script /home/tikhon/Документы/magnolia/esp-idf/components/esp_rom/esp32s3/ld/esp32s3.rom.libgcc.ld
-- Adding linker script /home/tikhon/Документы/magnolia/esp-idf/components/esp_rom/esp32s3/ld/esp32s3.rom.wdt.ld
-- Adding linker script /home/tikhon/Документы/magnolia/esp-idf/components/esp_rom/esp32s3/ld/esp32s3.rom.version.ld
-- Adding linker script /home/tikhon/Документы/magnolia/esp-idf/components/esp_rom/esp32s3/ld/esp32s3.rom.ble_master.ld
-- Adding linker script /home/tikhon/Документы/magnolia/esp-idf/components/esp_rom/esp32s3/ld/esp32s3.rom.ble_50.ld
-- Adding linker script /home/tikhon/Документы/magnolia/esp-idf/components/esp_rom/esp32s3/ld/esp32s3.rom.ble_smp.ld
-- Adding linker script /home/tikhon/Документы/magnolia/esp-idf/components/esp_rom/esp32s3/ld/esp32s3.rom.ble_dtm.ld
-- Adding linker script /home/tikhon/Документы/magnolia/esp-idf/components/esp_rom/esp32s3/ld/esp32s3.rom.ble_test.ld
-- Adding linker script /home/tikhon/Документы/magnolia/esp-idf/components/esp_rom/esp32s3/ld/esp32s3.rom.ble_scan.ld
-- Adding linker script /home/tikhon/Документы/magnolia/esp-idf/components/esp_rom/esp32s3/ld/esp32s3.rom.libc.ld
-- Adding linker script /home/tikhon/Документы/magnolia/esp-idf/components/esp_rom/esp32s3/ld/esp32s3.rom.newlib.ld
[435/1044] Building C object esp-idf/esp_hw_support/CMakeFiles/__idf_esp_hw_support.dir/sleep_console.c.obj
[436/1044] Building C object esp-idf/esp_hw_support/CMakeFiles/__idf_esp_hw_support.dir/dma/esp_async_memcpy.c.obj
[406/1044] Building C object esp-idf/esp_hw_support/CMakeFiles/__idf_esp_hw_support.dir/esp_memory_utils.c.obj
[408/1044] Building C object esp-idf/freertos/CMakeFiles/__idf_freertos.dir/port_systick.c.obj
[401/1044] Building ASM object esp-idf/freertos/CMakeFiles/__idf_freertos.dir/FreeRTOS-Kernel/portable/xtensa/portasm.S.obj
[437/1044] Building C object esp-idf/esp_hw_support/CMakeFiles/__idf_esp_hw_support.dir/spi_share_hw_ctrl.c.obj
[402/1044] Building C object esp-idf/freertos/CMakeFiles/__idf_freertos.dir/FreeRTOS-Kernel/portable/xtensa/xtensa_init.c.obj
[438/1044] Building C object esp-idf/esp_hw_support/CMakeFiles/__idf_esp_hw_support.dir/port/esp32s3/systimer.c.obj
[403/1044] Building C object esp-idf/freertos/CMakeFiles/__idf_freertos.dir/esp_additions/idf_additions_event_groups.c.obj
[407/1044] Building C object esp-idf/esp_hw_support/CMakeFiles/__idf_esp_hw_support.dir/port/esp32s3/esp_cpu_intr.c.obj
[408/1044] Building CXX object esp-idf/nvs_flash/CMakeFiles/__idf_nvs_flash.dir/src/nvs_pagemanager.cpp.obj
[409/1044] Building C object esp-idf/freertos/CMakeFiles/__idf_freertos.dir/esp_additions/idf_additions_event_groups.c.obj
[409/1044] Building C object esp-idf/freertos/CMakeFiles/__idf_freertos.dir/esp_additions/idf_additions.c.obj
-- Adding linker script /home/tikhon/Документы/magnolia/esp-idf/components/soc/esp32s3/ld/esp32s3.peripherals.ld
[410/1044] Building C object esp-idf/freertos/CMakeFiles/__idf_freertos.dir/FreeRTOS-Kernel/timers.c.obj
-- ESP-TEE is currently supported only on the esp32c6;esp32h2;esp32c5 SoCs
[404/1044] Building C object esp-idf/esp_hw_support/CMakeFiles/__idf_esp_hw_support.dir/cpu.c.obj
[411/1044] Building C object esp-idf/esp_hw_support/CMakeFiles/__idf_esp_hw_support.dir/esp_clk.c.obj
[439/1044] Building C object esp-idf/esp_hw_support/CMakeFiles/__idf_esp_hw_support.dir/intr_alloc.c.obj
[412/1044] Building C object esp-idf/esp_hw_support/CMakeFiles/__idf_esp_hw_support.dir/revision.c.obj
[405/1044] Building CXX object esp-idf/nvs_flash/CMakeFiles/__idf_nvs_flash.dir/src/nvs_page.cpp.obj
[410/1044] Building C object esp-idf/esp_hw_support/CMakeFiles/__idf_esp_hw_support.dir/clk_ctrl_os.c.obj
[406/1044] Building C object esp-idf/esp_hw_support/CMakeFiles/__idf_esp_hw_support.dir/esp_memory_utils.c.obj
[413/1044] Building C object esp-idf/freertos/CMakeFiles/__idf_freertos.dir/FreeRTOS-Kernel/portable/xtensa/xtensa_overlay_os_hook.c.obj
[414/1044] Building C object esp-idf/freertos/CMakeFiles/__idf_freertos.dir/esp_additions/idf_additions.c.obj
[415/1044] Building C object esp-idf/esp_hw_support/CMakeFiles/__idf_esp_hw_support.dir/cpu.c.obj
[407/1044] Building C object esp-idf/esp_hw_support/CMakeFiles/__idf_esp_hw_support.dir/port/esp32s3/cpu_region_protect.c.obj
[411/1044] Building C object esp-idf/freertos/CMakeFiles/__idf_freertos.dir/FreeRTOS-Kernel/queue.c.obj
[416/1044] Building CXX object esp-idf/nvs_flash/CMakeFiles/__idf_nvs_flash.dir/src/nvs_handle_simple.cpp.obj
[440/1044] Building C object esp-idf/esp_hw_support/CMakeFiles/__idf_esp_hw_support.dir/mspi_timing_tuning/mspi_timing_tuning.c.obj
[417/1044] Building C object esp-idf/freertos/CMakeFiles/__idf_freertos.dir/FreeRTOS-Kernel/event_groups.c.obj
[412/1044] Building C object esp-idf/freertos/CMakeFiles/__idf_freertos.dir/FreeRTOS-Kernel/stream_buffer.c.obj
[408/1044] Building C object esp-idf/freertos/CMakeFiles/__idf_freertos.dir/FreeRTOS-Kernel/event_groups.c.obj
[413/1044] Building C object esp-idf/esp_hw_support/CMakeFiles/__idf_esp_hw_support.dir/hw_random.c.obj
[414/1044] Building C object esp-idf/esp_hw_support/CMakeFiles/__idf_esp_hw_support.dir/revision.c.obj
[415/1044] Building CXX object esp-idf/nvs_flash/CMakeFiles/__idf_nvs_flash.dir/src/nvs_page.cpp.obj
[418/1044] Building C object esp-idf/esp_hw_support/CMakeFiles/__idf_esp_hw_support.dir/esp_gpio_reserve.c.obj
-- Compiler supported targets: xtensa-esp-elf
[409/1044] Building C object esp-idf/freertos/CMakeFiles/__idf_freertos.dir/FreeRTOS-Kernel/portable/xtensa/xtensa_overlay_os_hook.c.obj
-- ESP-TEE is currently supported only on the esp32c6;esp32h2;esp32c5 SoCs
[410/1044] Building C object esp-idf/esp_hw_support/CMakeFiles/__idf_esp_hw_support.dir/port/esp32s3/esp_cpu_intr.c.obj
[416/1044] Building C object esp-idf/esp_hw_support/CMakeFiles/__idf_esp_hw_support.dir/cpu.c.obj
[419/1044] Building C object esp-idf/esp_hw_support/CMakeFiles/__idf_esp_hw_support.dir/hw_random.c.obj
[417/1044] Building C object esp-idf/esp_hw_support/CMakeFiles/__idf_esp_hw_support.dir/esp_gpio_reserve.c.obj
[441/1044] Building C object esp-idf/esp_hw_support/CMakeFiles/__idf_esp_hw_support.dir/spi_bus_lock.c.obj
[418/1044] Building C object esp-idf/esp_hw_support/CMakeFiles/__idf_esp_hw_support.dir/esp_clk.c.obj
[419/1044] Building CXX object esp-idf/nvs_flash/CMakeFiles/__idf_nvs_flash.dir/src/nvs_cxx_api.cpp.obj
[411/1044] Building C object esp-idf/esp_hw_support/CMakeFiles/__idf_esp_hw_support.dir/mac_addr.c.obj
[442/1044] Building CXX object esp-idf/nvs_flash/CMakeFiles/__idf_nvs_flash.dir/src/nvs_types.cpp.obj
[412/1044] Building C object esp-idf/freertos/CMakeFiles/__idf_freertos.dir/FreeRTOS-Kernel/timers.c.obj
[413/1044] Building C object esp-idf/esp_hw_support/CMakeFiles/__idf_esp_hw_support.dir/hw_random.c.obj
[420/1044] Building C object esp-idf/esp_hw_support/CMakeFiles/__idf_esp_hw_support.dir/clk_ctrl_os.c.obj
[443/1044] Building C object esp-idf/esp_hw_support/CMakeFiles/__idf_esp_hw_support.dir/adc_share_hw_ctrl.c.obj
[414/1044] Building C object esp-idf/esp_hw_support/CMakeFiles/__idf_esp_hw_support.dir/revision.c.obj
[421/1044] Building C object esp-idf/freertos/CMakeFiles/__idf_freertos.dir/FreeRTOS-Kernel/stream_buffer.c.obj
[420/1044] Building CXX object esp-idf/nvs_flash/CMakeFiles/__idf_nvs_flash.dir/src/nvs_handle_locked.cpp.obj
[421/1044] Building C object esp-idf/esp_hw_support/CMakeFiles/__idf_esp_hw_support.dir/port/esp32s3/io_mux.c.obj
[422/1044] Building CXX object esp-idf/nvs_flash/CMakeFiles/__idf_nvs_flash.dir/src/nvs_api.cpp.obj
[444/1044] Building C object esp-idf/esp_hw_support/CMakeFiles/__idf_esp_hw_support.dir/port/esp32s3/rtc_clk_init.c.obj
[415/1044] Building C object esp-idf/esp_hw_support/CMakeFiles/__idf_esp_hw_support.dir/periph_ctrl.c.obj
[423/1044] Building C object esp-idf/esp_hw_support/CMakeFiles/__idf_esp_hw_support.dir/dma/gdma_link.c.obj
[416/1044] Building C object esp-idf/esp_hw_support/CMakeFiles/__idf_esp_hw_support.dir/esp_gpio_reserve.c.obj
[422/1044] Building C object esp-idf/esp_hw_support/CMakeFiles/__idf_esp_hw_support.dir/mac_addr.c.obj
[423/1044] Building C object esp-idf/esp_hw_support/CMakeFiles/__idf_esp_hw_support.dir/sar_tsens_ctrl.c.obj
[417/1044] Building C object esp-idf/esp_hw_support/CMakeFiles/__idf_esp_hw_support.dir/intr_alloc.c.obj
[424/1044] Building CXX object esp-idf/nvs_flash/CMakeFiles/__idf_nvs_flash.dir/src/nvs_encrypted_partition.cpp.obj
[424/1044] Building CXX object esp-idf/nvs_flash/CMakeFiles/__idf_nvs_flash.dir/src/nvs_partition_manager.cpp.obj
[425/1044] Building C object esp-idf/esp_hw_support/CMakeFiles/__idf_esp_hw_support.dir/mac_addr.c.obj
[426/1044] Building C object esp-idf/esp_hw_support/CMakeFiles/__idf_esp_hw_support.dir/port/esp32s3/esp_clk_tree.c.obj
[427/1044] Building C object esp-idf/esp_hw_support/CMakeFiles/__idf_esp_hw_support.dir/port/esp_clk_tree_common.c.obj
[445/1044] Building C object esp-idf/esp_hw_support/CMakeFiles/__idf_esp_hw_support.dir/sleep_wake_stub.c.obj
[425/1044] Building C object esp-idf/esp_hw_support/CMakeFiles/__idf_esp_hw_support.dir/port/esp32s3/esp_clk_tree.c.obj
[418/1044] Building CXX object esp-idf/nvs_flash/CMakeFiles/__idf_nvs_flash.dir/src/nvs_types.cpp.obj
[426/1044] Building C object esp-idf/esp_hw_support/CMakeFiles/__idf_esp_hw_support.dir/dma/esp_dma_utils.c.obj
[427/1044] Building C object esp-idf/esp_hw_support/CMakeFiles/__idf_esp_hw_support.dir/clk_utils.c.obj
[419/1044] Building C object esp-idf/freertos/CMakeFiles/__idf_freertos.dir/esp_additions/idf_additions.c.obj
[420/1044] Building C object esp-idf/freertos/CMakeFiles/__idf_freertos.dir/FreeRTOS-Kernel/portable/xtensa/port.c.obj
[446/1044] Building C object esp-idf/freertos/CMakeFiles/__idf_freertos.dir/FreeRTOS-Kernel/tasks.c.obj
[421/1044] Building C object esp-idf/esp_hw_support/CMakeFiles/__idf_esp_hw_support.dir/rtc_module.c.obj
[447/1044] Building C object esp-idf/esp_hw_support/CMakeFiles/__idf_esp_hw_support.dir/power_supply/brownout.c.obj
[448/1044] Building C object esp-idf/esp_hw_support/CMakeFiles/__idf_esp_hw_support.dir/sleep_gpio.c.obj
[428/1044] Building C object esp-idf/esp_hw_support/CMakeFiles/__idf_esp_hw_support.dir/periph_ctrl.c.obj
[428/1044] Building CXX object esp-idf/nvs_flash/CMakeFiles/__idf_nvs_flash.dir/src/nvs_handle_simple.cpp.obj
[429/1044] Building C object esp-idf/esp_hw_support/CMakeFiles/__idf_esp_hw_support.dir/port/esp32s3/io_mux.c.obj
[449/1044] Building C object esp-idf/esp_hw_support/CMakeFiles/__idf_esp_hw_support.dir/port/esp32s3/chip_info.c.obj
[430/1044] Building C object esp-idf/esp_hw_support/CMakeFiles/__idf_esp_hw_support.dir/regi2c_ctrl.c.obj
[429/1044] Building C object esp-idf/esp_hw_support/CMakeFiles/__idf_esp_hw_support.dir/sleep_usb.c.obj
[422/1044] Building C object esp-idf/esp_hw_support/CMakeFiles/__idf_esp_hw_support.dir/esp_clk.c.obj
[423/1044] Building C object esp-idf/esp_hw_support/CMakeFiles/__idf_esp_hw_support.dir/port/esp32s3/io_mux.c.obj
[430/1044] Building C object esp-idf/esp_hw_support/CMakeFiles/__idf_esp_hw_support.dir/dma/esp_dma_utils.c.obj
[424/1044] Building C object esp-idf/esp_hw_support/CMakeFiles/__idf_esp_hw_support.dir/port/esp32s3/esp_clk_tree.c.obj
[450/1044] Building CXX object esp-idf/nvs_flash/CMakeFiles/__idf_nvs_flash.dir/src/nvs_encrypted_partition.cpp.obj
[431/1044] Building C object esp-idf/esp_hw_support/CMakeFiles/__idf_esp_hw_support.dir/rtc_module.c.obj
[425/1044] Building CXX object esp-idf/nvs_flash/CMakeFiles/__idf_nvs_flash.dir/src/nvs_encrypted_partition.cpp.obj
[431/1044] Building C object esp-idf/esp_hw_support/CMakeFiles/__idf_esp_hw_support.dir/spi_bus_lock.c.obj
[451/1044] Building CXX object esp-idf/nvs_flash/CMakeFiles/__idf_nvs_flash.dir/src/nvs_handle_simple.cpp.obj
[426/1044] Building C object esp-idf/esp_hw_support/CMakeFiles/__idf_esp_hw_support.dir/clk_ctrl_os.c.obj
[432/1044] Building C object esp-idf/esp_hw_support/CMakeFiles/__idf_esp_hw_support.dir/sleep_usb.c.obj
[427/1044] Building C object esp-idf/esp_hw_support/CMakeFiles/__idf_esp_hw_support.dir/sar_tsens_ctrl.c.obj
[432/1044] Building C object esp-idf/esp_hw_support/CMakeFiles/__idf_esp_hw_support.dir/rtc_module.c.obj
[433/1044] Building CXX object esp-idf/nvs_flash/CMakeFiles/__idf_nvs_flash.dir/src/nvs_api.cpp.obj
[433/1044] Building C object esp-idf/esp_hw_support/CMakeFiles/__idf_esp_hw_support.dir/regi2c_ctrl.c.obj
[452/1044] Building C object esp-idf/soc/CMakeFiles/__idf_soc.dir/dport_access_common.c.obj
[434/1044] Building C object esp-idf/esp_hw_support/CMakeFiles/__idf_esp_hw_support.dir/sleep_modem.c.obj
[435/1044] Building C object esp-idf/esp_hw_support/CMakeFiles/__idf_esp_hw_support.dir/clk_utils.c.obj
[453/1044] Building C object esp-idf/soc/CMakeFiles/__idf_soc.dir/esp32s3/interrupts.c.obj
[454/1044] Building C object esp-idf/esp_hw_support/CMakeFiles/__idf_esp_hw_support.dir/dma/async_memcpy_gdma.c.obj
[455/1044] Building CXX object esp-idf/nvs_flash/CMakeFiles/__idf_nvs_flash.dir/src/nvs_storage.cpp.obj
[434/1044] Building C object esp-idf/esp_hw_support/CMakeFiles/__idf_esp_hw_support.dir/port/esp32s3/systimer.c.obj
[428/1044] Building CXX object esp-idf/nvs_flash/CMakeFiles/__idf_nvs_flash.dir/src/nvs_storage.cpp.obj
[435/1044] Building C object esp-idf/esp_hw_support/CMakeFiles/__idf_esp_hw_support.dir/dma/gdma_link.c.obj
[456/1044] Building C object esp-idf/esp_hw_support/CMakeFiles/__idf_esp_hw_support.dir/esp_clock_output.c.obj
[429/1044] Building C object esp-idf/esp_hw_support/CMakeFiles/__idf_esp_hw_support.dir/sleep_usb.c.obj
[436/1044] Building C object esp-idf/esp_hw_support/CMakeFiles/__idf_esp_hw_support.dir/sleep_event.c.obj
[430/1044] Building C object esp-idf/freertos/CMakeFiles/__idf_freertos.dir/FreeRTOS-Kernel/queue.c.obj
[457/1044] Building C object esp-idf/esp_hw_support/CMakeFiles/__idf_esp_hw_support.dir/dma/gdma.c.obj
[436/1044] Building C object esp-idf/esp_hw_support/CMakeFiles/__idf_esp_hw_support.dir/port/esp_clk_tree_common.c.obj
[431/1044] Building C object esp-idf/esp_hw_support/CMakeFiles/__idf_esp_hw_support.dir/regi2c_ctrl.c.obj
[437/1044] Building C object esp-idf/esp_hw_support/CMakeFiles/__idf_esp_hw_support.dir/periph_ctrl.c.obj
[458/1044] Building C object esp-idf/esp_hw_support/CMakeFiles/__idf_esp_hw_support.dir/port/esp32s3/rtc_time.c.obj
[432/1044] Building C object esp-idf/esp_hw_support/CMakeFiles/__idf_esp_hw_support.dir/sleep_modem.c.obj
[459/1044] Building C object esp-idf/esp_hw_support/CMakeFiles/__idf_esp_hw_support.dir/port/esp_memprot_conv.c.obj
[438/1044] Building C object esp-idf/esp_hw_support/CMakeFiles/__idf_esp_hw_support.dir/sar_tsens_ctrl.c.obj
[437/1044] Building C object esp-idf/esp_hw_support/CMakeFiles/__idf_esp_hw_support.dir/dma/esp_async_memcpy.c.obj
[460/1044] Building C object esp-idf/soc/CMakeFiles/__idf_soc.dir/lldesc.c.obj
[461/1044] Building C object esp-idf/esp_hw_support/CMakeFiles/__idf_esp_hw_support.dir/port/esp32s3/rtc_sleep.c.obj
[439/1044] Building C object esp-idf/esp_hw_support/CMakeFiles/__idf_esp_hw_support.dir/port/esp32s3/systimer.c.obj
[433/1044] Building C object esp-idf/esp_hw_support/CMakeFiles/__idf_esp_hw_support.dir/dma/esp_dma_utils.c.obj
[438/1044] Building C object esp-idf/esp_hw_support/CMakeFiles/__idf_esp_hw_support.dir/sleep_modem.c.obj
[462/1044] Building C object esp-idf/esp_hw_support/CMakeFiles/__idf_esp_hw_support.dir/port/esp32s3/rtc_init.c.obj
[463/1044] Building C object esp-idf/soc/CMakeFiles/__idf_soc.dir/esp32s3/gpio_periph.c.obj
[439/1044] Building C object esp-idf/esp_hw_support/CMakeFiles/__idf_esp_hw_support.dir/sleep_console.c.obj
[464/1044] Building C object esp-idf/soc/CMakeFiles/__idf_soc.dir/esp32s3/uart_periph.c.obj
[440/1044] Building C object esp-idf/esp_hw_support/CMakeFiles/__idf_esp_hw_support.dir/sleep_console.c.obj
[465/1044] Building C object esp-idf/soc/CMakeFiles/__idf_soc.dir/esp32s3/gdma_periph.c.obj
[440/1044] Building C object esp-idf/esp_hw_support/CMakeFiles/__idf_esp_hw_support.dir/sleep_event.c.obj
[441/1044] Building C object esp-idf/esp_hw_support/CMakeFiles/__idf_esp_hw_support.dir/dma/esp_async_memcpy.c.obj
[441/1044] Building C object esp-idf/esp_hw_support/CMakeFiles/__idf_esp_hw_support.dir/spi_bus_lock.c.obj
[434/1044] Building C object esp-idf/esp_hw_support/CMakeFiles/__idf_esp_hw_support.dir/clk_utils.c.obj
[435/1044] Building C object esp-idf/esp_hw_support/CMakeFiles/__idf_esp_hw_support.dir/port/esp_clk_tree_common.c.obj
[466/1044] Building C object esp-idf/soc/CMakeFiles/__idf_soc.dir/esp32s3/pcnt_periph.c.obj
[442/1044] Building C object esp-idf/esp_hw_support/CMakeFiles/__idf_esp_hw_support.dir/mspi_timing_tuning/mspi_timing_tuning.c.obj
[467/1044] Building C object esp-idf/soc/CMakeFiles/__idf_soc.dir/esp32s3/adc_periph.c.obj
[468/1044] Building C object esp-idf/soc/CMakeFiles/__idf_soc.dir/esp32s3/ledc_periph.c.obj
[436/1044] Building C object esp-idf/esp_hw_support/CMakeFiles/__idf_esp_hw_support.dir/dma/gdma_link.c.obj
[469/1044] Building C object esp-idf/esp_hw_support/CMakeFiles/__idf_esp_hw_support.dir/port/esp32s3/rtc_clk.c.obj
[470/1044] Building C object esp-idf/esp_hw_support/CMakeFiles/__idf_esp_hw_support.dir/mspi_timing_tuning/port/esp32s3/mspi_timing_config.c.obj
[437/1044] Building C object esp-idf/esp_hw_support/CMakeFiles/__idf_esp_hw_support.dir/port/esp32s3/systimer.c.obj
[471/1044] Building C object esp-idf/soc/CMakeFiles/__idf_soc.dir/esp32s3/dedic_gpio_periph.c.obj
[472/1044] Building C object esp-idf/soc/CMakeFiles/__idf_soc.dir/esp32s3/spi_periph.c.obj
[442/1044] Building C object esp-idf/esp_hw_support/CMakeFiles/__idf_esp_hw_support.dir/adc_share_hw_ctrl.c.obj
[438/1044] Building C object esp-idf/esp_driver_uart/CMakeFiles/__idf_esp_driver_uart.dir/src/uart.c.obj
[473/1044] Building C object esp-idf/soc/CMakeFiles/__idf_soc.dir/esp32s3/rmt_periph.c.obj
[474/1044] Building C object esp-idf/soc/CMakeFiles/__idf_soc.dir/esp32s3/sdm_periph.c.obj
[475/1044] Building C object esp-idf/soc/CMakeFiles/__idf_soc.dir/esp32s3/i2s_periph.c.obj
[443/1044] Building C object esp-idf/esp_hw_support/CMakeFiles/__idf_esp_hw_support.dir/usb_phy/usb_phy.c.obj
[439/1044] Building C object esp-idf/esp_hw_support/CMakeFiles/__idf_esp_hw_support.dir/sleep_console.c.obj
[444/1044] Building CXX object esp-idf/nvs_flash/CMakeFiles/__idf_nvs_flash.dir/src/nvs_storage.cpp.obj
[440/1044] Building C object esp-idf/esp_hw_support/CMakeFiles/__idf_esp_hw_support.dir/spi_share_hw_ctrl.c.obj
[441/1044] Building C object esp-idf/esp_hw_support/CMakeFiles/__idf_esp_hw_support.dir/dma/esp_async_memcpy.c.obj
[476/1044] Building C object esp-idf/soc/CMakeFiles/__idf_soc.dir/esp32s3/i2c_periph.c.obj
[477/1044] Building C object esp-idf/soc/CMakeFiles/__idf_soc.dir/esp32s3/temperature_sensor_periph.c.obj
[478/1044] Building C object esp-idf/soc/CMakeFiles/__idf_soc.dir/esp32s3/timer_periph.c.obj
[445/1044] Building C object esp-idf/esp_hw_support/CMakeFiles/__idf_esp_hw_support.dir/adc_share_hw_ctrl.c.obj
[479/1044] Building C object esp-idf/soc/CMakeFiles/__idf_soc.dir/esp32s3/lcd_periph.c.obj
[480/1044] Building C object esp-idf/soc/CMakeFiles/__idf_soc.dir/esp32s3/touch_sensor_periph.c.obj
[481/1044] Building C object esp-idf/esp_hw_support/CMakeFiles/__idf_esp_hw_support.dir/port/esp32s3/sar_periph_ctrl.c.obj
[443/1044] Building C object esp-idf/esp_hw_support/CMakeFiles/__idf_esp_hw_support.dir/port/esp32s3/rtc_clk_init.c.obj
[446/1044] Building C object esp-idf/esp_hw_support/CMakeFiles/__idf_esp_hw_support.dir/intr_alloc.c.obj
[482/1044] Building C object esp-idf/soc/CMakeFiles/__idf_soc.dir/esp32s3/twai_periph.c.obj
[442/1044] Building C object esp-idf/esp_hw_support/CMakeFiles/__idf_esp_hw_support.dir/adc_share_hw_ctrl.c.obj
[444/1044] Building C object esp-idf/esp_hw_support/CMakeFiles/__idf_esp_hw_support.dir/intr_alloc.c.obj
[483/1044] Building C object esp-idf/soc/CMakeFiles/__idf_soc.dir/esp32s3/usb_dwc_periph.c.obj
[445/1044] Building C object esp-idf/esp_hw_support/CMakeFiles/__idf_esp_hw_support.dir/spi_share_hw_ctrl.c.obj
[443/1044] Building C object esp-idf/esp_hw_support/CMakeFiles/__idf_esp_hw_support.dir/port/esp32s3/rtc_clk_init.c.obj
[484/1044] Building C object esp-idf/soc/CMakeFiles/__idf_soc.dir/esp32s3/mcpwm_periph.c.obj
[447/1044] Building C object esp-idf/esp_hw_support/CMakeFiles/__idf_esp_hw_support.dir/spi_share_hw_ctrl.c.obj
[485/1044] Building C object esp-idf/soc/CMakeFiles/__idf_soc.dir/esp32s3/rtc_io_periph.c.obj
[444/1044] Building C object esp-idf/esp_hw_support/CMakeFiles/__idf_esp_hw_support.dir/mspi_timing_tuning/mspi_timing_tuning.c.obj
[486/1044] Building C object esp-idf/esp_hw_support/CMakeFiles/__idf_esp_hw_support.dir/mspi_timing_tuning/port/esp32s3/mspi_timing_by_mspi_delay.c.obj
[487/1044] Building C object esp-idf/soc/CMakeFiles/__idf_soc.dir/esp32s3/mpi_periph.c.obj
[448/1044] Linking C static library esp-idf/nvs_flash/libnvs_flash.a
[446/1044] Building C object esp-idf/esp_hw_support/CMakeFiles/__idf_esp_hw_support.dir/mspi_timing_tuning/mspi_timing_tuning.c.obj
[449/1044] Building C object esp-idf/esp_hw_support/CMakeFiles/__idf_esp_hw_support.dir/port/esp32s3/rtc_clk_init.c.obj
[488/1044] Building C object esp-idf/soc/CMakeFiles/__idf_soc.dir/esp32s3/sdmmc_periph.c.obj
[489/1044] Building CXX object esp-idf/nvs_flash/CMakeFiles/__idf_nvs_flash.dir/src/nvs_page.cpp.obj
[490/1044] Building C object esp-idf/soc/CMakeFiles/__idf_soc.dir/esp32s3/cam_periph.c.obj
[491/1044] Building C object esp-idf/soc/CMakeFiles/__idf_soc.dir/esp32s3/power_supply_periph.c.obj
[450/1044] Linking C static library esp-idf/esp_event/libesp_event.a
[492/1044] Building C object esp-idf/soc/CMakeFiles/__idf_soc.dir/esp32s3/wdt_periph.c.obj
[451/1044] Building C object esp-idf/esp_hw_support/CMakeFiles/__idf_esp_hw_support.dir/port/esp32s3/chip_info.c.obj
[493/1044] Building C object esp-idf/heap/CMakeFiles/__idf_heap.dir/port/memory_layout_utils.c.obj
[452/1044] Building C object esp-idf/esp_hw_support/CMakeFiles/__idf_esp_hw_support.dir/port/esp_memprot_conv.c.obj
[447/1044] Building C object esp-idf/esp_hw_support/CMakeFiles/__idf_esp_hw_support.dir/usb_phy/usb_phy.c.obj
[445/1044] Building C object esp-idf/esp_hw_support/CMakeFiles/__idf_esp_hw_support.dir/sleep_event.c.obj
[494/1044] Building C object esp-idf/log/CMakeFiles/__idf_log.dir/src/log_timestamp_common.c.obj
[453/1044] Building C object esp-idf/esp_hw_support/CMakeFiles/__idf_esp_hw_support.dir/sleep_wake_stub.c.obj
[454/1044] Linking C static library esp-idf/esp_driver_uart/libesp_driver_uart.a
[495/1044] Building C object esp-idf/esp_hw_support/CMakeFiles/__idf_esp_hw_support.dir/lowpower/port/esp32s3/sleep_cpu.c.obj
[455/1044] Building C object esp-idf/esp_hw_support/CMakeFiles/__idf_esp_hw_support.dir/sleep_gpio.c.obj
[496/1044] Building C object esp-idf/log/CMakeFiles/__idf_log.dir/src/log_format_text.c.obj
[446/1044] Building C object esp-idf/esp_hw_support/CMakeFiles/__idf_esp_hw_support.dir/power_supply/brownout.c.obj
-- App "hexdump" version: c092b7f-dirty
[497/1044] Building C object esp-idf/log/CMakeFiles/__idf_log.dir/src/util.c.obj
[448/1044] Building C object esp-idf/freertos/CMakeFiles/__idf_freertos.dir/FreeRTOS-Kernel/tasks.c.obj
-- ELF_LOADER: 1.1.1
[498/1044] Building C object esp-idf/heap/CMakeFiles/__idf_heap.dir/port/esp32s3/memory_layout.c.obj
[447/1044] Building C object esp-idf/esp_hw_support/CMakeFiles/__idf_esp_hw_support.dir/port/esp32s3/rtc_sleep.c.obj
[449/1044] Building C object esp-idf/esp_hw_support/CMakeFiles/__idf_esp_hw_support.dir/port/esp32s3/chip_info.c.obj
[456/1044] Building C object esp-idf/freertos/CMakeFiles/__idf_freertos.dir/FreeRTOS-Kernel/tasks.c.obj
[448/1044] Building C object esp-idf/esp_hw_support/CMakeFiles/__idf_esp_hw_support.dir/port/esp32s3/chip_info.c.obj
[499/1044] Building C object esp-idf/log/CMakeFiles/__idf_log.dir/src/log_print.c.obj
[457/1044] Linking C static library esp-idf/esp_ringbuf/libesp_ringbuf.a
[500/1044] Building C object esp-idf/heap/CMakeFiles/__idf_heap.dir/heap_caps_init.c.obj
[450/1044] Building C object esp-idf/esp_hw_support/CMakeFiles/__idf_esp_hw_support.dir/sleep_wake_stub.c.obj
[458/1044] Building C object esp-idf/esp_hw_support/CMakeFiles/__idf_esp_hw_support.dir/mspi_timing_tuning/port/esp32s3/mspi_timing_by_mspi_delay.c.obj
[501/1044] Building C object esp-idf/log/CMakeFiles/__idf_log.dir/src/os/util.c.obj
[502/1044] Building C object esp-idf/log/CMakeFiles/__idf_log.dir/src/log.c.obj
[451/1044] Building C object esp-idf/esp_hw_support/CMakeFiles/__idf_esp_hw_support.dir/sleep_gpio.c.obj
[452/1044] Building C object esp-idf/esp_hw_support/CMakeFiles/__idf_esp_hw_support.dir/port/esp_memprot_conv.c.obj
[449/1044] Building C object esp-idf/esp_hw_support/CMakeFiles/__idf_esp_hw_support.dir/spi_bus_lock.c.obj
[459/1044] Building C object esp-idf/soc/CMakeFiles/__idf_soc.dir/lldesc.c.obj
[503/1044] Linking C static library esp-idf/nvs_flash/libnvs_flash.a
[453/1044] Building C object esp-idf/esp_hw_support/CMakeFiles/__idf_esp_hw_support.dir/power_supply/brownout.c.obj
[504/1044] Building C object esp-idf/log/CMakeFiles/__idf_log.dir/src/buffer/log_buffers.c.obj
[450/1044] Building C object esp-idf/esp_hw_support/CMakeFiles/__idf_esp_hw_support.dir/port/esp_memprot_conv.c.obj
[460/1044] Building C object esp-idf/esp_hw_support/CMakeFiles/__idf_esp_hw_support.dir/esp_clock_output.c.obj
[454/1044] Building C object esp-idf/soc/CMakeFiles/__idf_soc.dir/lldesc.c.obj
[461/1044] Building C object esp-idf/soc/CMakeFiles/__idf_soc.dir/dport_access_common.c.obj
[505/1044] Building C object esp-idf/log/CMakeFiles/__idf_log.dir/src/log_level/log_level.c.obj
[506/1044] Building C object esp-idf/log/CMakeFiles/__idf_log.dir/src/os/log_timestamp.c.obj
[455/1044] Building C object esp-idf/soc/CMakeFiles/__idf_soc.dir/esp32s3/interrupts.c.obj
[462/1044] Building C object esp-idf/soc/CMakeFiles/__idf_soc.dir/esp32s3/interrupts.c.obj
[463/1044] Building C object esp-idf/esp_hw_support/CMakeFiles/__idf_esp_hw_support.dir/port/esp32s3/rtc_sleep.c.obj
[507/1044] Linking C static library esp-idf/esp_event/libesp_event.a
[508/1044] Building C object esp-idf/log/CMakeFiles/__idf_log.dir/src/os/log_lock.c.obj
[456/1044] Building C object esp-idf/esp_hw_support/CMakeFiles/__idf_esp_hw_support.dir/port/esp32s3/rtc_sleep.c.obj
[451/1044] Building C object esp-idf/esp_hw_support/CMakeFiles/__idf_esp_hw_support.dir/mspi_timing_tuning/port/esp32s3/mspi_timing_config.c.obj
[457/1044] Building C object esp-idf/soc/CMakeFiles/__idf_soc.dir/dport_access_common.c.obj
[509/1044] Building C object esp-idf/heap/CMakeFiles/__idf_heap.dir/heap_caps_base.c.obj
[452/1044] Building C object esp-idf/esp_hw_support/CMakeFiles/__idf_esp_hw_support.dir/port/esp32s3/rtc_init.c.obj
[510/1044] Building C object esp-idf/log/CMakeFiles/__idf_log.dir/src/log_level/tag_log_level/cache/log_binary_heap.c.obj
[464/1044] Linking C static library esp-idf/esp_driver_gptimer/libesp_driver_gptimer.a
[465/1044] Building C object esp-idf/esp_hw_support/CMakeFiles/__idf_esp_hw_support.dir/power_supply/brownout.c.obj
[453/1044] Building C object esp-idf/esp_hw_support/CMakeFiles/__idf_esp_hw_support.dir/sleep_wake_stub.c.obj
[511/1044] Building C object esp-idf/log/CMakeFiles/__idf_log.dir/src/os/log_write.c.obj
[458/1044] Building C object esp-idf/esp_hw_support/CMakeFiles/__idf_esp_hw_support.dir/mspi_timing_tuning/port/esp32s3/mspi_timing_by_mspi_delay.c.obj
[512/1044] Building C object esp-idf/heap/CMakeFiles/__idf_heap.dir/multi_heap.c.obj
[466/1044] Building C object esp-idf/esp_hw_support/CMakeFiles/__idf_esp_hw_support.dir/port/esp32s3/rtc_time.c.obj
[459/1044] Building C object esp-idf/esp_hw_support/CMakeFiles/__idf_esp_hw_support.dir/port/esp32s3/rtc_time.c.obj
[467/1044] Building C object esp-idf/soc/CMakeFiles/__idf_soc.dir/esp32s3/uart_periph.c.obj
[513/1044] Linking C static library esp-idf/esp_driver_uart/libesp_driver_uart.a
[454/1044] Building C object esp-idf/soc/CMakeFiles/__idf_soc.dir/lldesc.c.obj
[460/1044] Building C object esp-idf/soc/CMakeFiles/__idf_soc.dir/esp32s3/uart_periph.c.obj
[461/1044] Building C object esp-idf/esp_hw_support/CMakeFiles/__idf_esp_hw_support.dir/port/esp32s3/rtc_init.c.obj
[468/1044] Building C object esp-idf/esp_hw_support/CMakeFiles/__idf_esp_hw_support.dir/lowpower/port/esp32s3/sleep_cpu.c.obj
[462/1044] Building C object esp-idf/soc/CMakeFiles/__idf_soc.dir/esp32s3/gdma_periph.c.obj
-- Generating done (2.0s)
[469/1044] Building C object esp-idf/soc/CMakeFiles/__idf_soc.dir/esp32s3/gpio_periph.c.obj
[514/1044] Building C object esp-idf/log/CMakeFiles/__idf_log.dir/src/log_level/tag_log_level/tag_log_level.c.obj
[455/1044] Building C object esp-idf/soc/CMakeFiles/__idf_soc.dir/dport_access_common.c.obj
[470/1044] Building C object esp-idf/esp_hw_support/CMakeFiles/__idf_esp_hw_support.dir/port/esp32s3/rtc_init.c.obj
[463/1044] Building C object esp-idf/soc/CMakeFiles/__idf_soc.dir/esp32s3/adc_periph.c.obj
[471/1044] Building C object esp-idf/soc/CMakeFiles/__idf_soc.dir/esp32s3/dedic_gpio_periph.c.obj
[456/1044] Building C object esp-idf/soc/CMakeFiles/__idf_soc.dir/esp32s3/interrupts.c.obj
[457/1044] Building C object esp-idf/esp_hw_support/CMakeFiles/__idf_esp_hw_support.dir/sleep_gpio.c.obj
[472/1044] Building C object esp-idf/soc/CMakeFiles/__idf_soc.dir/esp32s3/gdma_periph.c.obj
[473/1044] Building C object esp-idf/esp_hw_support/CMakeFiles/__idf_esp_hw_support.dir/port/esp32s3/sar_periph_ctrl.c.obj
[458/1044] Building C object esp-idf/esp_hw_support/CMakeFiles/__idf_esp_hw_support.dir/mspi_timing_tuning/port/esp32s3/mspi_timing_by_mspi_delay.c.obj
[474/1044] Building C object esp-idf/esp_hw_support/CMakeFiles/__idf_esp_hw_support.dir/mspi_timing_tuning/port/esp32s3/mspi_timing_config.c.obj
[464/1044] Building C object esp-idf/esp_hw_support/CMakeFiles/__idf_esp_hw_support.dir/esp_clock_output.c.obj
[465/1044] Building C object esp-idf/soc/CMakeFiles/__idf_soc.dir/esp32s3/dedic_gpio_periph.c.obj
[459/1044] Building C object esp-idf/soc/CMakeFiles/__idf_soc.dir/esp32s3/gpio_periph.c.obj
[466/1044] Building C object esp-idf/esp_hw_support/CMakeFiles/__idf_esp_hw_support.dir/mspi_timing_tuning/port/esp32s3/mspi_timing_config.c.obj
[475/1044] Building C object esp-idf/soc/CMakeFiles/__idf_soc.dir/esp32s3/adc_periph.c.obj
-- Build files have been written to: /home/tikhon/Документы/magnolia/applets/mainline/free/build
[515/1044] Linking C static library esp-idf/esp_ringbuf/libesp_ringbuf.a
[467/1044] Building C object esp-idf/soc/CMakeFiles/__idf_soc.dir/esp32s3/gpio_periph.c.obj
[476/1044] Building C object esp-idf/soc/CMakeFiles/__idf_soc.dir/esp32s3/spi_periph.c.obj
[516/1044] Building C object esp-idf/log/CMakeFiles/__idf_log.dir/src/log_level/tag_log_level/linked_list/log_linked_list.c.obj
[468/1044] Building C object esp-idf/soc/CMakeFiles/__idf_soc.dir/esp32s3/pcnt_periph.c.obj
[517/1044] Building C object esp-idf/hal/CMakeFiles/__idf_hal.dir/hal_utils.c.obj
[518/1044] Building C object esp-idf/hal/CMakeFiles/__idf_hal.dir/mpu_hal.c.obj
[477/1044] Linking C static library esp-idf/esp_timer/libesp_timer.a
[478/1044] Building C object esp-idf/soc/CMakeFiles/__idf_soc.dir/esp32s3/pcnt_periph.c.obj
[469/1044] Building C object esp-idf/esp_hw_support/CMakeFiles/__idf_esp_hw_support.dir/dma/async_memcpy_gdma.c.obj
[519/1044] Building C object esp-idf/hal/CMakeFiles/__idf_hal.dir/color_hal.c.obj
[479/1044] Building C object esp-idf/soc/CMakeFiles/__idf_soc.dir/esp32s3/ledc_periph.c.obj
[460/1044] Building C object esp-idf/esp_hw_support/CMakeFiles/__idf_esp_hw_support.dir/usb_phy/usb_phy.c.obj
[461/1044] Building C object esp-idf/esp_hw_support/CMakeFiles/__idf_esp_hw_support.dir/port/esp32s3/sar_periph_ctrl.c.obj
[520/1044] Building C object esp-idf/hal/CMakeFiles/__idf_hal.dir/efuse_hal.c.obj
[480/1044] Building C object esp-idf/esp_hw_support/CMakeFiles/__idf_esp_hw_support.dir/dma/async_memcpy_gdma.c.obj
[521/1044] Building C object esp-idf/hal/CMakeFiles/__idf_hal.dir/cache_hal.c.obj
[462/1044] Building C object esp-idf/soc/CMakeFiles/__idf_soc.dir/esp32s3/uart_periph.c.obj
[522/1044] Building C object esp-idf/hal/CMakeFiles/__idf_hal.dir/spi_flash_encrypt_hal_iram.c.obj
[481/1044] Building C object esp-idf/soc/CMakeFiles/__idf_soc.dir/esp32s3/rmt_periph.c.obj
[482/1044] Building C object esp-idf/soc/CMakeFiles/__idf_soc.dir/esp32s3/sdm_periph.c.obj
[463/1044] Building C object esp-idf/soc/CMakeFiles/__idf_soc.dir/esp32s3/gdma_periph.c.obj
[483/1044] Building C object esp-idf/soc/CMakeFiles/__idf_soc.dir/esp32s3/mpi_periph.c.obj
[523/1044] Building C object esp-idf/hal/CMakeFiles/__idf_hal.dir/spi_flash_hal.c.obj
[470/1044] Building C object esp-idf/soc/CMakeFiles/__idf_soc.dir/esp32s3/rmt_periph.c.obj
[484/1044] Building C object esp-idf/soc/CMakeFiles/__idf_soc.dir/esp32s3/lcd_periph.c.obj
[524/1044] Linking C static library esp-idf/esp_driver_gptimer/libesp_driver_gptimer.a
[485/1044] Building C object esp-idf/soc/CMakeFiles/__idf_soc.dir/esp32s3/touch_sensor_periph.c.obj
[471/1044] Building CXX object esp-idf/nvs_flash/CMakeFiles/__idf_nvs_flash.dir/src/nvs_storage.cpp.obj
[472/1044] Building C object esp-idf/esp_hw_support/CMakeFiles/__idf_esp_hw_support.dir/port/esp32s3/sar_periph_ctrl.c.obj
[464/1044] Building C object esp-idf/esp_hw_support/CMakeFiles/__idf_esp_hw_support.dir/esp_clock_output.c.obj
[486/1044] Building C object esp-idf/soc/CMakeFiles/__idf_soc.dir/esp32s3/i2c_periph.c.obj
[473/1044] Building C object esp-idf/soc/CMakeFiles/__idf_soc.dir/esp32s3/spi_periph.c.obj
[465/1044] Building C object esp-idf/soc/CMakeFiles/__idf_soc.dir/esp32s3/adc_periph.c.obj
[487/1044] Linking C static library esp-idf/cxx/libcxx.a
[474/1044] Building C object esp-idf/soc/CMakeFiles/__idf_soc.dir/esp32s3/ledc_periph.c.obj
[488/1044] Building C object esp-idf/soc/CMakeFiles/__idf_soc.dir/esp32s3/i2s_periph.c.obj
[466/1044] Building C object esp-idf/soc/CMakeFiles/__idf_soc.dir/esp32s3/dedic_gpio_periph.c.obj
[475/1044] Building C object esp-idf/soc/CMakeFiles/__idf_soc.dir/esp32s3/sdm_periph.c.obj
[476/1044] Building C object esp-idf/soc/CMakeFiles/__idf_soc.dir/esp32s3/lcd_periph.c.obj
[467/1044] Building C object esp-idf/esp_hw_support/CMakeFiles/__idf_esp_hw_support.dir/dma/async_memcpy_gdma.c.obj
[477/1044] Building C object esp-idf/soc/CMakeFiles/__idf_soc.dir/esp32s3/i2s_periph.c.obj
[525/1044] Building C object esp-idf/hal/CMakeFiles/__idf_hal.dir/esp32s3/efuse_hal.c.obj
[468/1044] Building C object esp-idf/esp_hw_support/CMakeFiles/__idf_esp_hw_support.dir/port/esp32s3/rtc_time.c.obj
[489/1044] Building C object esp-idf/soc/CMakeFiles/__idf_soc.dir/esp32s3/temperature_sensor_periph.c.obj
[478/1044] Building C object esp-idf/soc/CMakeFiles/__idf_soc.dir/esp32s3/i2c_periph.c.obj
[490/1044] Building C object esp-idf/soc/CMakeFiles/__idf_soc.dir/esp32s3/timer_periph.c.obj
[469/1044] Building C object esp-idf/soc/CMakeFiles/__idf_soc.dir/esp32s3/pcnt_periph.c.obj
[491/1044] Building C object esp-idf/soc/CMakeFiles/__idf_soc.dir/esp32s3/twai_periph.c.obj
[492/1044] Building C object esp-idf/soc/CMakeFiles/__idf_soc.dir/esp32s3/mcpwm_periph.c.obj
[479/1044] Building C object esp-idf/soc/CMakeFiles/__idf_soc.dir/esp32s3/timer_periph.c.obj
[470/1044] Building C object esp-idf/soc/CMakeFiles/__idf_soc.dir/esp32s3/sdm_periph.c.obj
[493/1044] Building C object esp-idf/soc/CMakeFiles/__idf_soc.dir/esp32s3/sdmmc_periph.c.obj
[471/1044] Building C object esp-idf/soc/CMakeFiles/__idf_soc.dir/esp32s3/temperature_sensor_periph.c.obj
[480/1044] Building C object esp-idf/esp_hw_support/CMakeFiles/__idf_esp_hw_support.dir/port/esp32s3/rtc_clk.c.obj
[472/1044] Building C object esp-idf/soc/CMakeFiles/__idf_soc.dir/esp32s3/ledc_periph.c.obj
[494/1044] Linking C static library esp-idf/pthread/libpthread.a
[481/1044] Building C object esp-idf/soc/CMakeFiles/__idf_soc.dir/esp32s3/temperature_sensor_periph.c.obj
[495/1044] Building C object esp-idf/soc/CMakeFiles/__idf_soc.dir/esp32s3/usb_dwc_periph.c.obj
[482/1044] Building C object esp-idf/soc/CMakeFiles/__idf_soc.dir/esp32s3/touch_sensor_periph.c.obj
[496/1044] Building C object esp-idf/soc/CMakeFiles/__idf_soc.dir/esp32s3/cam_periph.c.obj
[497/1044] Building C object esp-idf/soc/CMakeFiles/__idf_soc.dir/esp32s3/power_supply_periph.c.obj
[526/1044] Linking C static library esp-idf/esp_timer/libesp_timer.a
[483/1044] Building C object esp-idf/soc/CMakeFiles/__idf_soc.dir/esp32s3/mcpwm_periph.c.obj
[473/1044] Building C object esp-idf/soc/CMakeFiles/__idf_soc.dir/esp32s3/mpi_periph.c.obj
[474/1044] Building C object esp-idf/soc/CMakeFiles/__idf_soc.dir/esp32s3/rmt_periph.c.obj
[484/1044] Building C object esp-idf/soc/CMakeFiles/__idf_soc.dir/esp32s3/twai_periph.c.obj
[475/1044] Building C object esp-idf/soc/CMakeFiles/__idf_soc.dir/esp32s3/i2c_periph.c.obj
[527/1044] Building C object esp-idf/hal/CMakeFiles/__idf_hal.dir/mmu_hal.c.obj
[485/1044] Building C object esp-idf/soc/CMakeFiles/__idf_soc.dir/esp32s3/usb_dwc_periph.c.obj
[486/1044] Building C object esp-idf/soc/CMakeFiles/__idf_soc.dir/esp32s3/wdt_periph.c.obj
[476/1044] Building C object esp-idf/soc/CMakeFiles/__idf_soc.dir/esp32s3/spi_periph.c.obj
[487/1044] Building C object esp-idf/soc/CMakeFiles/__idf_soc.dir/esp32s3/rtc_io_periph.c.obj
[488/1044] Building C object esp-idf/soc/CMakeFiles/__idf_soc.dir/esp32s3/mpi_periph.c.obj
[498/1044] Building C object esp-idf/soc/CMakeFiles/__idf_soc.dir/esp32s3/wdt_periph.c.obj
[477/1044] Building C object esp-idf/soc/CMakeFiles/__idf_soc.dir/esp32s3/i2s_periph.c.obj
[489/1044] Building C object esp-idf/soc/CMakeFiles/__idf_soc.dir/esp32s3/power_supply_periph.c.obj
[478/1044] Building C object esp-idf/soc/CMakeFiles/__idf_soc.dir/esp32s3/twai_periph.c.obj
[499/1044] Building C object esp-idf/esp_hw_support/CMakeFiles/__idf_esp_hw_support.dir/port/esp32s3/rtc_clk.c.obj
[490/1044] Building C object esp-idf/soc/CMakeFiles/__idf_soc.dir/esp32s3/sdmmc_periph.c.obj
[479/1044] Building C object esp-idf/soc/CMakeFiles/__idf_soc.dir/esp32s3/timer_periph.c.obj
[500/1044] Building C object esp-idf/soc/CMakeFiles/__idf_soc.dir/esp32s3/rtc_io_periph.c.obj
[491/1044] Linking C static library esp-idf/nvs_flash/libnvs_flash.a
[480/1044] Building C object esp-idf/soc/CMakeFiles/__idf_soc.dir/esp32s3/lcd_periph.c.obj
[492/1044] Building C object esp-idf/soc/CMakeFiles/__idf_soc.dir/esp32s3/cam_periph.c.obj
[481/1044] Building C object esp-idf/soc/CMakeFiles/__idf_soc.dir/esp32s3/touch_sensor_periph.c.obj
[528/1044] Building C object esp-idf/heap/CMakeFiles/__idf_heap.dir/heap_caps.c.obj
[529/1044] Building C object esp-idf/hal/CMakeFiles/__idf_hal.dir/esp32s3/clk_tree_hal.c.obj
[482/1044] Building C object esp-idf/esp_hw_support/CMakeFiles/__idf_esp_hw_support.dir/port/esp32s3/rtc_clk.c.obj
[483/1044] Building C object esp-idf/esp_hw_support/CMakeFiles/__idf_esp_hw_support.dir/lowpower/port/esp32s3/sleep_cpu.c.obj
[530/1044] Building C object esp-idf/hal/CMakeFiles/__idf_hal.dir/ledc_hal.c.obj
[484/1044] Building C object esp-idf/soc/CMakeFiles/__idf_soc.dir/esp32s3/mcpwm_periph.c.obj
[501/1044] Building C object esp-idf/heap/CMakeFiles/__idf_heap.dir/port/esp32s3/memory_layout.c.obj
[485/1044] Building C object esp-idf/soc/CMakeFiles/__idf_soc.dir/esp32s3/sdmmc_periph.c.obj
[486/1044] Building C object esp-idf/soc/CMakeFiles/__idf_soc.dir/esp32s3/power_supply_periph.c.obj
[531/1044] Building C object esp-idf/hal/CMakeFiles/__idf_hal.dir/ledc_hal_iram.c.obj
[532/1044] Building C object esp-idf/hal/CMakeFiles/__idf_hal.dir/uart_hal_iram.c.obj
[493/1044] Building C object esp-idf/esp_hw_support/CMakeFiles/__idf_esp_hw_support.dir/lowpower/port/esp32s3/sleep_cpu.c.obj
[487/1044] Building C object esp-idf/soc/CMakeFiles/__idf_soc.dir/esp32s3/usb_dwc_periph.c.obj
[488/1044] Building C object esp-idf/soc/CMakeFiles/__idf_soc.dir/esp32s3/cam_periph.c.obj
[494/1044] Linking C static library esp-idf/esp_event/libesp_event.a
[533/1044] Building C object esp-idf/hal/CMakeFiles/__idf_hal.dir/gpio_hal.c.obj
[495/1044] Building C object esp-idf/heap/CMakeFiles/__idf_heap.dir/port/esp32s3/memory_layout.c.obj
[502/1044] Linking C static library esp-idf/newlib/libnewlib.a
[534/1044] Building C object esp-idf/hal/CMakeFiles/__idf_hal.dir/systimer_hal.c.obj
[489/1044] Building C object esp-idf/soc/CMakeFiles/__idf_soc.dir/esp32s3/wdt_periph.c.obj
[490/1044] Building C object esp-idf/soc/CMakeFiles/__idf_soc.dir/esp32s3/rtc_io_periph.c.obj
[535/1044] Building C object esp-idf/hal/CMakeFiles/__idf_hal.dir/timer_hal.c.obj
[503/1044] Building C object esp-idf/log/CMakeFiles/__idf_log.dir/src/util.c.obj
[536/1044] Linking C static library esp-idf/cxx/libcxx.a
[496/1044] Building C object esp-idf/log/CMakeFiles/__idf_log.dir/src/os/log_lock.c.obj
[537/1044] Building C object esp-idf/hal/CMakeFiles/__idf_hal.dir/rtc_io_hal.c.obj
[504/1044] Building C object esp-idf/log/CMakeFiles/__idf_log.dir/src/os/log_timestamp.c.obj
[538/1044] Building C object esp-idf/hal/CMakeFiles/__idf_hal.dir/i2c_hal.c.obj
[505/1044] Building C object esp-idf/heap/CMakeFiles/__idf_heap.dir/port/memory_layout_utils.c.obj
[539/1044] Building C object esp-idf/hal/CMakeFiles/__idf_hal.dir/pcnt_hal.c.obj
[497/1044] Linking C static library esp-idf/esp_driver_uart/libesp_driver_uart.a
[506/1044] Building C object esp-idf/log/CMakeFiles/__idf_log.dir/src/log_print.c.obj
[498/1044] Building C object esp-idf/log/CMakeFiles/__idf_log.dir/src/util.c.obj
[540/1044] Building C object esp-idf/esp_hw_support/CMakeFiles/__idf_esp_hw_support.dir/sleep_modes.c.obj
[507/1044] Building C object esp-idf/log/CMakeFiles/__idf_log.dir/src/os/log_lock.c.obj
[541/1044] Linking C static library esp-idf/pthread/libpthread.a
[542/1044] Building C object esp-idf/hal/CMakeFiles/__idf_hal.dir/i2c_hal_iram.c.obj
[499/1044] Building C object esp-idf/heap/CMakeFiles/__idf_heap.dir/port/memory_layout_utils.c.obj
[508/1044] Linking C static library esp-idf/freertos/libfreertos.a
[543/1044] Building C object esp-idf/hal/CMakeFiles/__idf_hal.dir/uhci_hal.c.obj
[500/1044] Building C object esp-idf/esp_hw_support/CMakeFiles/__idf_esp_hw_support.dir/dma/gdma.c.obj
[491/1044] Building C object esp-idf/log/CMakeFiles/__idf_log.dir/src/util.c.obj
[501/1044] Building C object esp-idf/log/CMakeFiles/__idf_log.dir/src/log_print.c.obj
[509/1044] Building C object esp-idf/log/CMakeFiles/__idf_log.dir/src/buffer/log_buffers.c.obj
[492/1044] Building C object esp-idf/heap/CMakeFiles/__idf_heap.dir/port/esp32s3/memory_layout.c.obj
[510/1044] Building C object esp-idf/heap/CMakeFiles/__idf_heap.dir/heap_caps_base.c.obj
[544/1044] Building C object esp-idf/hal/CMakeFiles/__idf_hal.dir/rmt_hal.c.obj
[511/1044] Building C object esp-idf/log/CMakeFiles/__idf_log.dir/src/log_format_text.c.obj
[545/1044] Building C object esp-idf/hal/CMakeFiles/__idf_hal.dir/uart_hal.c.obj
[546/1044] Building C object esp-idf/hal/CMakeFiles/__idf_hal.dir/mcpwm_hal.c.obj
[512/1044] Building C object esp-idf/heap/CMakeFiles/__idf_heap.dir/heap_caps_init.c.obj
[502/1044] Linking C static library esp-idf/esp_ringbuf/libesp_ringbuf.a
[513/1044] Building C object esp-idf/log/CMakeFiles/__idf_log.dir/src/os/util.c.obj
[514/1044] Building C object esp-idf/log/CMakeFiles/__idf_log.dir/src/log_level/log_level.c.obj
[503/1044] Building C object esp-idf/log/CMakeFiles/__idf_log.dir/src/buffer/log_buffers.c.obj
[547/1044] Building C object esp-idf/hal/CMakeFiles/__idf_hal.dir/gdma_hal_top.c.obj
[504/1044] Building C object esp-idf/esp_hw_support/CMakeFiles/__idf_esp_hw_support.dir/sleep_modes.c.obj
[505/1044] Building C object esp-idf/heap/CMakeFiles/__idf_heap.dir/heap_caps_base.c.obj
[548/1044] Building C object esp-idf/hal/CMakeFiles/__idf_hal.dir/sdm_hal.c.obj
[493/1044] Building C object esp-idf/log/CMakeFiles/__idf_log.dir/src/log_print.c.obj
[506/1044] Building C object esp-idf/log/CMakeFiles/__idf_log.dir/src/log_format_text.c.obj
[515/1044] Building C object esp-idf/log/CMakeFiles/__idf_log.dir/src/log_timestamp_common.c.obj
[494/1044] Building C object esp-idf/heap/CMakeFiles/__idf_heap.dir/port/memory_layout_utils.c.obj
[507/1044] Building C object esp-idf/log/CMakeFiles/__idf_log.dir/src/os/log_write.c.obj
[516/1044] Building C object esp-idf/log/CMakeFiles/__idf_log.dir/src/os/log_write.c.obj
[495/1044] Building C object esp-idf/log/CMakeFiles/__idf_log.dir/src/buffer/log_buffers.c.obj
[508/1044] Building C object esp-idf/log/CMakeFiles/__idf_log.dir/src/os/log_timestamp.c.obj
[496/1044] Building C object esp-idf/freertos/CMakeFiles/__idf_freertos.dir/FreeRTOS-Kernel/tasks.c.obj
[509/1044] Building C object esp-idf/log/CMakeFiles/__idf_log.dir/src/os/util.c.obj
[497/1044] Building C object esp-idf/log/CMakeFiles/__idf_log.dir/src/os/log_timestamp.c.obj
[510/1044] Building C object esp-idf/log/CMakeFiles/__idf_log.dir/src/log_timestamp_common.c.obj
[517/1044] Building C object esp-idf/log/CMakeFiles/__idf_log.dir/src/log.c.obj
[549/1044] Building C object esp-idf/hal/CMakeFiles/__idf_hal.dir/spi_flash_hal_iram.c.obj
[498/1044] Building C object esp-idf/heap/CMakeFiles/__idf_heap.dir/multi_heap.c.obj
[511/1044] Building C object esp-idf/log/CMakeFiles/__idf_log.dir/src/log.c.obj
[512/1044] Building C object esp-idf/log/CMakeFiles/__idf_log.dir/src/log_level/log_level.c.obj
[499/1044] Building C object esp-idf/log/CMakeFiles/__idf_log.dir/src/os/log_lock.c.obj
[518/1044] Building C object esp-idf/esp_hw_support/CMakeFiles/__idf_esp_hw_support.dir/dma/gdma.c.obj
[550/1044] Building C object esp-idf/hal/CMakeFiles/__idf_hal.dir/sdmmc_hal.c.obj
[513/1044] Linking C static library esp-idf/esp_driver_gptimer/libesp_driver_gptimer.a
[551/1044] Building C object esp-idf/hal/CMakeFiles/__idf_hal.dir/mpi_hal.c.obj
[519/1044] Building C object esp-idf/log/CMakeFiles/__idf_log.dir/src/log_level/tag_log_level/tag_log_level.c.obj
[500/1044] Building C object esp-idf/heap/CMakeFiles/__idf_heap.dir/heap_caps_base.c.obj
[552/1044] Building C object esp-idf/hal/CMakeFiles/__idf_hal.dir/adc_oneshot_hal.c.obj
[514/1044] Building C object esp-idf/hal/CMakeFiles/__idf_hal.dir/mpu_hal.c.obj
[553/1044] Linking C static library esp-idf/newlib/libnewlib.a
[501/1044] Building C object esp-idf/log/CMakeFiles/__idf_log.dir/src/log_timestamp_common.c.obj
[520/1044] Building C object esp-idf/heap/CMakeFiles/__idf_heap.dir/heap_caps.c.obj
[521/1044] Building C object esp-idf/heap/CMakeFiles/__idf_heap.dir/multi_heap.c.obj
[515/1044] Building C object esp-idf/hal/CMakeFiles/__idf_hal.dir/color_hal.c.obj
[1/6] Building C object esp-idf/main/CMakeFiles/__idf_main.dir/main.c.obj
/home/tikhon/Документы/magnolia/applets/mainline/free/main/main.c:71:13: warning: 'streq' defined but not used [-Wunused-function]
   71 | static bool streq(const char *a, const char *b)
      |             ^~~~~
[522/1044] Building C object esp-idf/hal/CMakeFiles/__idf_hal.dir/mpu_hal.c.obj
[502/1044] Building C object esp-idf/log/CMakeFiles/__idf_log.dir/src/log_format_text.c.obj
[503/1044] Building C object esp-idf/heap/CMakeFiles/__idf_heap.dir/heap_caps_init.c.obj
[516/1044] Building C object esp-idf/log/CMakeFiles/__idf_log.dir/src/log_level/tag_log_level/tag_log_level.c.obj
[523/1044] Building C object esp-idf/hal/CMakeFiles/__idf_hal.dir/hal_utils.c.obj
[517/1044] Building C object esp-idf/log/CMakeFiles/__idf_log.dir/src/log_level/tag_log_level/cache/log_binary_heap.c.obj
[524/1044] Building C object esp-idf/hal/CMakeFiles/__idf_hal.dir/color_hal.c.obj
[504/1044] Building C object esp-idf/log/CMakeFiles/__idf_log.dir/src/os/util.c.obj
-- Components: app_trace app_update bootloader bootloader_support bt cmock console cxx driver efuse esp-tls esp_adc esp_app_format esp_bootloader_format esp_coex esp_common esp_driver_ana_cmpr esp_driver_bitscrambler esp_driver_cam esp_driver_dac esp_driver_gpio esp_driver_gptimer esp_driver_i2c esp_driver_i2s esp_driver_i3c esp_driver_isp esp_driver_jpeg esp_driver_ledc esp_driver_mcpwm esp_driver_parlio esp_driver_pcnt esp_driver_ppa esp_driver_rmt esp_driver_sd_intf esp_driver_sdio esp_driver_sdm esp_driver_sdmmc esp_driver_sdspi esp_driver_spi esp_driver_touch_sens esp_driver_tsens esp_driver_twai esp_driver_uart esp_driver_usb_serial_jtag esp_eth esp_event esp_gdbstub esp_hid esp_http_client esp_http_server esp_https_ota esp_https_server esp_hw_support esp_lcd esp_local_ctrl esp_mm esp_netif esp_netif_stack esp_partition esp_phy esp_pm esp_psram esp_ringbuf esp_rom esp_security esp_system esp_timer esp_vfs_console esp_wifi espcoredump esptool_py fatfs freertos hal heap http_parser idf_test ieee802154 json log lwip main mbedtls mqtt newlib nvs_flash nvs_sec_provider openthread partition_table perfmon protobuf-c protocomm pthread rt sdmmc soc spi_flash spiffs tcp_transport touch_element ulp unity usb vfs wear_levelling wifi_provisioning wpa_supplicant xtensa
-- Component paths: /home/tikhon/Документы/magnolia/esp-idf/components/app_trace /home/tikhon/Документы/magnolia/esp-idf/components/app_update /home/tikhon/Документы/magnolia/esp-idf/components/bootloader /home/tikhon/Документы/magnolia/esp-idf/components/bootloader_support /home/tikhon/Документы/magnolia/esp-idf/components/bt /home/tikhon/Документы/magnolia/esp-idf/components/cmock /home/tikhon/Документы/magnolia/esp-idf/components/console /home/tikhon/Документы/magnolia/esp-idf/components/cxx /home/tikhon/Документы/magnolia/esp-idf/components/driver /home/tikhon/Документы/magnolia/esp-idf/components/efuse /home/tikhon/Документы/magnolia/esp-idf/components/esp-tls /home/tikhon/Документы/magnolia/esp-idf/components/esp_adc /home/tikhon/Документы/magnolia/esp-idf/components/esp_app_format /home/tikhon/Документы/magnolia/esp-idf/components/esp_bootloader_format /home/tikhon/Документы/magnolia/esp-idf/components/esp_coex /home/tikhon/Документы/magnolia/esp-idf/components/esp_common /home/tikhon/Документы/magnolia/esp-idf/components/esp_driver_ana_cmpr /home/tikhon/Документы/magnolia/esp-idf/components/esp_driver_bitscrambler /home/tikhon/Документы/magnolia/esp-idf/components/esp_driver_cam /home/tikhon/Документы/magnolia/esp-idf/components/esp_driver_dac /home/tikhon/Документы/magnolia/esp-idf/components/esp_driver_gpio /home/tikhon/Документы/magnolia/esp-idf/components/esp_driver_gptimer /home/tikhon/Документы/magnolia/esp-idf/components/esp_driver_i2c /home/tikhon/Документы/magnolia/esp-idf/components/esp_driver_i2s /home/tikhon/Документы/magnolia/esp-idf/components/esp_driver_i3c /home/tikhon/Документы/magnolia/esp-idf/components/esp_driver_isp /home/tikhon/Документы/magnolia/esp-idf/components/esp_driver_jpeg /home/tikhon/Документы/magnolia/esp-idf/components/esp_driver_ledc /home/tikhon/Документы/magnolia/esp-idf/components/esp_driver_mcpwm /home/tikhon/Документы/magnolia/esp-idf/components/esp_driver_parlio /home/tikhon/Документы/magnolia/esp-idf/components/esp_driver_pcnt /home/tikhon/Документы/magnolia/esp-idf/components/esp_driver_ppa /home/tikhon/Документы/magnolia/esp-idf/components/esp_driver_rmt /home/tikhon/Документы/magnolia/esp-idf/components/esp_driver_sd_intf /home/tikhon/Документы/magnolia/esp-idf/components/esp_driver_sdio /home/tikhon/Документы/magnolia/esp-idf/components/esp_driver_sdm /home/tikhon/Документы/magnolia/esp-idf/components/esp_driver_sdmmc /home/tikhon/Документы/magnolia/esp-idf/components/esp_driver_sdspi /home/tikhon/Документы/magnolia/esp-idf/components/esp_driver_spi /home/tikhon/Документы/magnolia/esp-idf/components/esp_driver_touch_sens /home/tikhon/Документы/magnolia/esp-idf/components/esp_driver_tsens /home/tikhon/Документы/magnolia/esp-idf/components/esp_driver_twai /home/tikhon/Документы/magnolia/esp-idf/components/esp_driver_uart /home/tikhon/Документы/magnolia/esp-idf/components/esp_driver_usb_serial_jtag /home/tikhon/Документы/magnolia/esp-idf/components/esp_eth /home/tikhon/Документы/magnolia/esp-idf/components/esp_event /home/tikhon/Документы/magnolia/esp-idf/components/esp_gdbstub /home/tikhon/Документы/magnolia/esp-idf/components/esp_hid /home/tikhon/Документы/magnolia/esp-idf/components/esp_http_client /home/tikhon/Документы/magnolia/esp-idf/components/esp_http_server /home/tikhon/Документы/magnolia/esp-idf/components/esp_https_ota /home/tikhon/Документы/magnolia/esp-idf/components/esp_https_server /home/tikhon/Документы/magnolia/esp-idf/components/esp_hw_support /home/tikhon/Документы/magnolia/esp-idf/components/esp_lcd /home/tikhon/Документы/magnolia/esp-idf/components/esp_local_ctrl /home/tikhon/Документы/magnolia/esp-idf/components/esp_mm /home/tikhon/Документы/magnolia/esp-idf/components/esp_netif /home/tikhon/Документы/magnolia/esp-idf/components/esp_netif_stack /home/tikhon/Документы/magnolia/esp-idf/components/esp_partition /home/tikhon/Документы/magnolia/esp-idf/components/esp_phy /home/tikhon/Документы/magnolia/esp-idf/components/esp_pm /home/tikhon/Документы/magnolia/esp-idf/components/esp_psram /home/tikhon/Документы/magnolia/esp-idf/components/esp_ringbuf /home/tikhon/Документы/magnolia/esp-idf/components/esp_rom /home/tikhon/Документы/magnolia/esp-idf/components/esp_security /home/tikhon/Документы/magnolia/esp-idf/components/esp_system /home/tikhon/Документы/magnolia/esp-idf/components/esp_timer /home/tikhon/Документы/magnolia/esp-idf/components/esp_vfs_console /home/tikhon/Документы/magnolia/esp-idf/components/esp_wifi /home/tikhon/Документы/magnolia/esp-idf/components/espcoredump /home/tikhon/Документы/magnolia/esp-idf/components/esptool_py /home/tikhon/Документы/magnolia/esp-idf/components/fatfs /home/tikhon/Документы/magnolia/esp-idf/components/freertos /home/tikhon/Документы/magnolia/esp-idf/components/hal /home/tikhon/Документы/magnolia/esp-idf/components/heap /home/tikhon/Документы/magnolia/esp-idf/components/http_parser /home/tikhon/Документы/magnolia/esp-idf/components/idf_test /home/tikhon/Документы/magnolia/esp-idf/components/ieee802154 /home/tikhon/Документы/magnolia/esp-idf/components/json /home/tikhon/Документы/magnolia/esp-idf/components/log /home/tikhon/Документы/magnolia/esp-idf/components/lwip /home/tikhon/Документы/magnolia/applets/mainline/init/main /home/tikhon/Документы/magnolia/esp-idf/components/mbedtls /home/tikhon/Документы/magnolia/esp-idf/components/mqtt /home/tikhon/Документы/magnolia/esp-idf/components/newlib /home/tikhon/Документы/magnolia/esp-idf/components/nvs_flash /home/tikhon/Документы/magnolia/esp-idf/components/nvs_sec_provider /home/tikhon/Документы/magnolia/esp-idf/components/openthread /home/tikhon/Документы/magnolia/esp-idf/components/partition_table /home/tikhon/Документы/magnolia/esp-idf/components/perfmon /home/tikhon/Документы/magnolia/esp-idf/components/protobuf-c /home/tikhon/Документы/magnolia/esp-idf/components/protocomm /home/tikhon/Документы/magnolia/esp-idf/components/pthread /home/tikhon/Документы/magnolia/esp-idf/components/rt /home/tikhon/Документы/magnolia/esp-idf/components/sdmmc /home/tikhon/Документы/magnolia/esp-idf/components/soc /home/tikhon/Документы/magnolia/esp-idf/components/spi_flash /home/tikhon/Документы/magnolia/esp-idf/components/spiffs /home/tikhon/Документы/magnolia/esp-idf/components/tcp_transport /home/tikhon/Документы/magnolia/esp-idf/components/touch_element /home/tikhon/Документы/magnolia/esp-idf/components/ulp /home/tikhon/Документы/magnolia/esp-idf/components/unity /home/tikhon/Документы/magnolia/esp-idf/components/usb /home/tikhon/Документы/magnolia/esp-idf/components/vfs /home/tikhon/Документы/magnolia/esp-idf/components/wear_levelling /home/tikhon/Документы/magnolia/esp-idf/components/wifi_provisioning /home/tikhon/Документы/magnolia/esp-idf/components/wpa_supplicant /home/tikhon/Документы/magnolia/esp-idf/components/xtensa
[554/1044] Building C object esp-idf/hal/CMakeFiles/__idf_hal.dir/gdma_hal_ahb_v1.c.obj
[505/1044] Building C object esp-idf/log/CMakeFiles/__idf_log.dir/src/log_level/tag_log_level/tag_log_level.c.obj
[518/1044] Building C object esp-idf/heap/CMakeFiles/__idf_heap.dir/multi_heap.c.obj
[519/1044] Building C object esp-idf/log/CMakeFiles/__idf_log.dir/src/log_level/tag_log_level/linked_list/log_linked_list.c.obj
[506/1044] Building C object esp-idf/log/CMakeFiles/__idf_log.dir/src/log_level/tag_log_level/linked_list/log_linked_list.c.obj
[520/1044] Linking C static library esp-idf/esp_timer/libesp_timer.a
[525/1044] Building C object esp-idf/log/CMakeFiles/__idf_log.dir/src/log_level/tag_log_level/linked_list/log_linked_list.c.obj
[507/1044] Building C object esp-idf/log/CMakeFiles/__idf_log.dir/src/log_level/tag_log_level/cache/log_binary_heap.c.obj
-- Configuring done (20.8s)
[508/1044] Building C object esp-idf/log/CMakeFiles/__idf_log.dir/src/os/log_write.c.obj
[555/1044] Building C object esp-idf/hal/CMakeFiles/__idf_hal.dir/aes_hal.c.obj
[521/1044] Building C object esp-idf/hal/CMakeFiles/__idf_hal.dir/spi_flash_encrypt_hal_iram.c.obj
[526/1044] Building C object esp-idf/esp_hw_support/CMakeFiles/__idf_esp_hw_support.dir/sleep_modes.c.obj
[509/1044] Building C object esp-idf/log/CMakeFiles/__idf_log.dir/src/log_level/log_level.c.obj
[522/1044] Building C object esp-idf/hal/CMakeFiles/__idf_hal.dir/efuse_hal.c.obj
[527/1044] Building C object esp-idf/log/CMakeFiles/__idf_log.dir/src/log_level/tag_log_level/cache/log_binary_heap.c.obj
[523/1044] Building C object esp-idf/heap/CMakeFiles/__idf_heap.dir/heap_caps_init.c.obj
[556/1044] Building C object esp-idf/hal/CMakeFiles/__idf_hal.dir/spi_hal.c.obj
[510/1044] Building C object esp-idf/log/CMakeFiles/__idf_log.dir/src/log.c.obj
[557/1044] Building C object esp-idf/hal/CMakeFiles/__idf_hal.dir/lcd_hal.c.obj
[528/1044] Building C object esp-idf/hal/CMakeFiles/__idf_hal.dir/efuse_hal.c.obj
[558/1044] Linking C static library esp-idf/freertos/libfreertos.a
[2/6] Building C object esp-idf/esp_app_format/CMakeFiles/__idf_esp_app_format.dir/esp_app_desc.c.obj
[511/1044] Building C object esp-idf/hal/CMakeFiles/__idf_hal.dir/mpu_hal.c.obj
[524/1044] Building C object esp-idf/hal/CMakeFiles/__idf_hal.dir/hal_utils.c.obj
[512/1044] Building C object esp-idf/hal/CMakeFiles/__idf_hal.dir/color_hal.c.obj
[559/1044] Building C object esp-idf/hal/CMakeFiles/__idf_hal.dir/brownout_hal.c.obj
[513/1044] Building C object esp-idf/esp_hw_support/CMakeFiles/__idf_esp_hw_support.dir/dma/gdma.c.obj
[529/1044] Building C object esp-idf/hal/CMakeFiles/__idf_hal.dir/esp32s3/efuse_hal.c.obj
[514/1044] Building CXX object esp-idf/nvs_flash/CMakeFiles/__idf_nvs_flash.dir/src/nvs_api.cpp.obj
-- USING O3
[525/1044] Linking C static library esp-idf/cxx/libcxx.a
[530/1044] Building C object esp-idf/hal/CMakeFiles/__idf_hal.dir/esp32s3/clk_tree_hal.c.obj
[515/1044] Building C object esp-idf/esp_hw_support/CMakeFiles/__idf_esp_hw_support.dir/port/esp32s3/esp_memprot.c.obj
[526/1044] Building C object esp-idf/hal/CMakeFiles/__idf_hal.dir/spi_flash_hal.c.obj
[531/1044] Building C object esp-idf/hal/CMakeFiles/__idf_hal.dir/mmu_hal.c.obj
[516/1044] Building C object esp-idf/hal/CMakeFiles/__idf_hal.dir/hal_utils.c.obj
[560/1044] Building C object esp-idf/hal/CMakeFiles/__idf_hal.dir/sha_hal.c.obj
[532/1044] Building C object esp-idf/hal/CMakeFiles/__idf_hal.dir/spi_flash_encrypt_hal_iram.c.obj
[517/1044] Building C object esp-idf/hal/CMakeFiles/__idf_hal.dir/efuse_hal.c.obj
[3/6] Linking C static library esp-idf/esp_app_format/libesp_app_format.a
[561/1044] Building C object esp-idf/hal/CMakeFiles/__idf_hal.dir/hmac_hal.c.obj
-- Components: app_trace app_update bootloader bootloader_support bt cmock console cxx driver efuse esp-tls esp_adc esp_app_format esp_bootloader_format esp_coex esp_common esp_driver_ana_cmpr esp_driver_bitscrambler esp_driver_cam esp_driver_dac esp_driver_gpio esp_driver_gptimer esp_driver_i2c esp_driver_i2s esp_driver_i3c esp_driver_isp esp_driver_jpeg esp_driver_ledc esp_driver_mcpwm esp_driver_parlio esp_driver_pcnt esp_driver_ppa esp_driver_rmt esp_driver_sd_intf esp_driver_sdio esp_driver_sdm esp_driver_sdmmc esp_driver_sdspi esp_driver_spi esp_driver_touch_sens esp_driver_tsens esp_driver_twai esp_driver_uart esp_driver_usb_serial_jtag esp_eth esp_event esp_gdbstub esp_hid esp_http_client esp_http_server esp_https_ota esp_https_server esp_hw_support esp_lcd esp_local_ctrl esp_mm esp_netif esp_netif_stack esp_partition esp_phy esp_pm esp_psram esp_ringbuf esp_rom esp_security esp_system esp_timer esp_vfs_console esp_wifi espcoredump esptool_py fatfs freertos hal heap http_parser idf_test ieee802154 json log lwip main mbedtls mqtt newlib nvs_flash nvs_sec_provider openthread partition_table perfmon protobuf-c protocomm pthread rt sdmmc soc spi_flash spiffs tcp_transport touch_element ulp unity usb vfs wear_levelling wifi_provisioning wpa_supplicant xtensa
-- Component paths: /home/tikhon/Документы/magnolia/esp-idf/components/app_trace /home/tikhon/Документы/magnolia/esp-idf/components/app_update /home/tikhon/Документы/magnolia/esp-idf/components/bootloader /home/tikhon/Документы/magnolia/esp-idf/components/bootloader_support /home/tikhon/Документы/magnolia/esp-idf/components/bt /home/tikhon/Документы/magnolia/esp-idf/components/cmock /home/tikhon/Документы/magnolia/esp-idf/components/console /home/tikhon/Документы/magnolia/esp-idf/components/cxx /home/tikhon/Документы/magnolia/esp-idf/components/driver /home/tikhon/Документы/magnolia/esp-idf/components/efuse /home/tikhon/Документы/magnolia/esp-idf/components/esp-tls /home/tikhon/Документы/magnolia/esp-idf/components/esp_adc /home/tikhon/Документы/magnolia/esp-idf/components/esp_app_format /home/tikhon/Документы/magnolia/esp-idf/components/esp_bootloader_format /home/tikhon/Документы/magnolia/esp-idf/components/esp_coex /home/tikhon/Документы/magnolia/esp-idf/components/esp_common /home/tikhon/Документы/magnolia/esp-idf/components/esp_driver_ana_cmpr /home/tikhon/Документы/magnolia/esp-idf/components/esp_driver_bitscrambler /home/tikhon/Документы/magnolia/esp-idf/components/esp_driver_cam /home/tikhon/Документы/magnolia/esp-idf/components/esp_driver_dac /home/tikhon/Документы/magnolia/esp-idf/components/esp_driver_gpio /home/tikhon/Документы/magnolia/esp-idf/components/esp_driver_gptimer /home/tikhon/Документы/magnolia/esp-idf/components/esp_driver_i2c /home/tikhon/Документы/magnolia/esp-idf/components/esp_driver_i2s /home/tikhon/Документы/magnolia/esp-idf/components/esp_driver_i3c /home/tikhon/Документы/magnolia/esp-idf/components/esp_driver_isp /home/tikhon/Документы/magnolia/esp-idf/components/esp_driver_jpeg /home/tikhon/Документы/magnolia/esp-idf/components/esp_driver_ledc /home/tikhon/Документы/magnolia/esp-idf/components/esp_driver_mcpwm /home/tikhon/Документы/magnolia/esp-idf/components/esp_driver_parlio /home/tikhon/Документы/magnolia/esp-idf/components/esp_driver_pcnt /home/tikhon/Документы/magnolia/esp-idf/components/esp_driver_ppa /home/tikhon/Документы/magnolia/esp-idf/components/esp_driver_rmt /home/tikhon/Документы/magnolia/esp-idf/components/esp_driver_sd_intf /home/tikhon/Документы/magnolia/esp-idf/components/esp_driver_sdio /home/tikhon/Документы/magnolia/esp-idf/components/esp_driver_sdm /home/tikhon/Документы/magnolia/esp-idf/components/esp_driver_sdmmc /home/tikhon/Документы/magnolia/esp-idf/components/esp_driver_sdspi /home/tikhon/Документы/magnolia/esp-idf/components/esp_driver_spi /home/tikhon/Документы/magnolia/esp-idf/components/esp_driver_touch_sens /home/tikhon/Документы/magnolia/esp-idf/components/esp_driver_tsens /home/tikhon/Документы/magnolia/esp-idf/components/esp_driver_twai /home/tikhon/Документы/magnolia/esp-idf/components/esp_driver_uart /home/tikhon/Документы/magnolia/esp-idf/components/esp_driver_usb_serial_jtag /home/tikhon/Документы/magnolia/esp-idf/components/esp_eth /home/tikhon/Документы/magnolia/esp-idf/components/esp_event /home/tikhon/Документы/magnolia/esp-idf/components/esp_gdbstub /home/tikhon/Документы/magnolia/esp-idf/components/esp_hid /home/tikhon/Документы/magnolia/esp-idf/components/esp_http_client /home/tikhon/Документы/magnolia/esp-idf/components/esp_http_server /home/tikhon/Документы/magnolia/esp-idf/components/esp_https_ota /home/tikhon/Документы/magnolia/esp-idf/components/esp_https_server /home/tikhon/Документы/magnolia/esp-idf/components/esp_hw_support /home/tikhon/Документы/magnolia/esp-idf/components/esp_lcd /home/tikhon/Документы/magnolia/esp-idf/components/esp_local_ctrl /home/tikhon/Документы/magnolia/esp-idf/components/esp_mm /home/tikhon/Документы/magnolia/esp-idf/components/esp_netif /home/tikhon/Документы/magnolia/esp-idf/components/esp_netif_stack /home/tikhon/Документы/magnolia/esp-idf/components/esp_partition /home/tikhon/Документы/magnolia/esp-idf/components/esp_phy /home/tikhon/Документы/magnolia/esp-idf/components/esp_pm /home/tikhon/Документы/magnolia/esp-idf/components/esp_psram /home/tikhon/Документы/magnolia/esp-idf/components/esp_ringbuf /home/tikhon/Документы/magnolia/esp-idf/components/esp_rom /home/tikhon/Документы/magnolia/esp-idf/components/esp_security /home/tikhon/Документы/magnolia/esp-idf/components/esp_system /home/tikhon/Документы/magnolia/esp-idf/components/esp_timer /home/tikhon/Документы/magnolia/esp-idf/components/esp_vfs_console /home/tikhon/Документы/magnolia/esp-idf/components/esp_wifi /home/tikhon/Документы/magnolia/esp-idf/components/espcoredump /home/tikhon/Документы/magnolia/esp-idf/components/esptool_py /home/tikhon/Документы/magnolia/esp-idf/components/fatfs /home/tikhon/Документы/magnolia/esp-idf/components/freertos /home/tikhon/Документы/magnolia/esp-idf/components/hal /home/tikhon/Документы/magnolia/esp-idf/components/heap /home/tikhon/Документы/magnolia/esp-idf/components/http_parser /home/tikhon/Документы/magnolia/esp-idf/components/idf_test /home/tikhon/Документы/magnolia/esp-idf/components/ieee802154 /home/tikhon/Документы/magnolia/esp-idf/components/json /home/tikhon/Документы/magnolia/esp-idf/components/log /home/tikhon/Документы/magnolia/esp-idf/components/lwip /home/tikhon/Документы/magnolia/applets/mainline/env/main /home/tikhon/Документы/magnolia/esp-idf/components/mbedtls /home/tikhon/Документы/magnolia/esp-idf/components/mqtt /home/tikhon/Документы/magnolia/esp-idf/components/newlib /home/tikhon/Документы/magnolia/esp-idf/components/nvs_flash /home/tikhon/Документы/magnolia/esp-idf/components/nvs_sec_provider /home/tikhon/Документы/magnolia/esp-idf/components/openthread /home/tikhon/Документы/magnolia/esp-idf/components/partition_table /home/tikhon/Документы/magnolia/esp-idf/components/perfmon /home/tikhon/Документы/magnolia/esp-idf/components/protobuf-c /home/tikhon/Документы/magnolia/esp-idf/components/protocomm /home/tikhon/Документы/magnolia/esp-idf/components/pthread /home/tikhon/Документы/magnolia/esp-idf/components/rt /home/tikhon/Документы/magnolia/esp-idf/components/sdmmc /home/tikhon/Документы/magnolia/esp-idf/components/soc /home/tikhon/Документы/magnolia/esp-idf/components/spi_flash /home/tikhon/Документы/magnolia/esp-idf/components/spiffs /home/tikhon/Документы/magnolia/esp-idf/components/tcp_transport /home/tikhon/Документы/magnolia/esp-idf/components/touch_element /home/tikhon/Документы/magnolia/esp-idf/components/ulp /home/tikhon/Документы/magnolia/esp-idf/components/unity /home/tikhon/Документы/magnolia/esp-idf/components/usb /home/tikhon/Документы/magnolia/esp-idf/components/vfs /home/tikhon/Документы/magnolia/esp-idf/components/wear_levelling /home/tikhon/Документы/magnolia/esp-idf/components/wifi_provisioning /home/tikhon/Документы/magnolia/esp-idf/components/wpa_supplicant /home/tikhon/Документы/magnolia/esp-idf/components/xtensa
[527/1044] Building C object esp-idf/hal/CMakeFiles/__idf_hal.dir/esp32s3/efuse_hal.c.obj
[533/1044] Building C object esp-idf/hal/CMakeFiles/__idf_hal.dir/rtc_io_hal.c.obj
[528/1044] Building C object esp-idf/hal/CMakeFiles/__idf_hal.dir/timer_hal.c.obj
[534/1044] Building C object esp-idf/hal/CMakeFiles/__idf_hal.dir/ledc_hal_iram.c.obj
[535/1044] Building C object esp-idf/hal/CMakeFiles/__idf_hal.dir/ledc_hal.c.obj
[518/1044] Building C object esp-idf/hal/CMakeFiles/__idf_hal.dir/mmu_hal.c.obj
-- Configuring done (21.0s)
[519/1044] Building C object esp-idf/hal/CMakeFiles/__idf_hal.dir/spi_flash_encrypt_hal_iram.c.obj
[529/1044] Building C object esp-idf/hal/CMakeFiles/__idf_hal.dir/esp32s3/clk_tree_hal.c.obj
[530/1044] Linking C static library esp-idf/pthread/libpthread.a
[4/6] Linking C static library esp-idf/main/libmain.a
[536/1044] Building C object esp-idf/hal/CMakeFiles/__idf_hal.dir/pcnt_hal.c.obj
[520/1044] Building C object esp-idf/hal/CMakeFiles/__idf_hal.dir/cache_hal.c.obj
[521/1044] Linking C static library esp-idf/nvs_flash/libnvs_flash.a
[531/1044] Building C object esp-idf/hal/CMakeFiles/__idf_hal.dir/rtc_io_hal.c.obj
[537/1044] Building C object esp-idf/hal/CMakeFiles/__idf_hal.dir/rmt_hal.c.obj
[538/1044] Building C object esp-idf/hal/CMakeFiles/__idf_hal.dir/uhci_hal.c.obj
[539/1044] Building C object esp-idf/hal/CMakeFiles/__idf_hal.dir/cache_hal.c.obj
[562/1044] Building C object esp-idf/hal/CMakeFiles/__idf_hal.dir/spi_slave_hal.c.obj
[532/1044] Building C object esp-idf/hal/CMakeFiles/__idf_hal.dir/systimer_hal.c.obj
[563/1044] Building C object esp-idf/hal/CMakeFiles/__idf_hal.dir/twai_hal_sja1000.c.obj
[540/1044] Building C object esp-idf/hal/CMakeFiles/__idf_hal.dir/uart_hal_iram.c.obj
[5/6] Build ELF: free.app.elf
[533/1044] Building C object esp-idf/hal/CMakeFiles/__idf_hal.dir/uart_hal.c.obj
[541/1044] Building C object esp-idf/hal/CMakeFiles/__idf_hal.dir/timer_hal.c.obj
-- Adding linker script /home/tikhon/Документы/magnolia/applets/mainline/hexdump/build/esp-idf/esp_system/ld/memory.ld
-- Adding linker script /home/tikhon/Документы/magnolia/applets/mainline/hexdump/build/esp-idf/esp_system/ld/sections.ld.in
[534/1044] Building C object esp-idf/heap/CMakeFiles/__idf_heap.dir/heap_caps.c.obj
[522/1044] Building C object esp-idf/hal/CMakeFiles/__idf_hal.dir/systimer_hal.c.obj
[535/1044] Building C object esp-idf/hal/CMakeFiles/__idf_hal.dir/mmu_hal.c.obj
[564/1044] Building C object esp-idf/hal/CMakeFiles/__idf_hal.dir/adc_hal_common.c.obj
[523/1044] Building C object esp-idf/hal/CMakeFiles/__idf_hal.dir/spi_flash_hal.c.obj
[536/1044] Building C object esp-idf/hal/CMakeFiles/__idf_hal.dir/ledc_hal.c.obj
[542/1044] Building C object esp-idf/hal/CMakeFiles/__idf_hal.dir/systimer_hal.c.obj
[524/1044] Building C object esp-idf/heap/CMakeFiles/__idf_heap.dir/heap_caps.c.obj
[537/1044] Building C object esp-idf/hal/CMakeFiles/__idf_hal.dir/uart_hal_iram.c.obj
[543/1044] Building C object esp-idf/hal/CMakeFiles/__idf_hal.dir/gpio_hal.c.obj
[565/1044] Building C object esp-idf/hal/CMakeFiles/__idf_hal.dir/i2s_hal.c.obj
[538/1044] Building C object esp-idf/hal/CMakeFiles/__idf_hal.dir/pcnt_hal.c.obj
[525/1044] Building C object esp-idf/hal/CMakeFiles/__idf_hal.dir/esp32s3/efuse_hal.c.obj
[539/1044] Building C object esp-idf/hal/CMakeFiles/__idf_hal.dir/rmt_hal.c.obj
[526/1044] Linking C static library esp-idf/esp_event/libesp_event.a
[540/1044] Building C object esp-idf/hal/CMakeFiles/__idf_hal.dir/gpio_hal.c.obj
[544/1044] Building C object esp-idf/hal/CMakeFiles/__idf_hal.dir/spi_flash_hal.c.obj
[527/1044] Building C object esp-idf/esp_hw_support/CMakeFiles/__idf_esp_hw_support.dir/sleep_modes.c.obj
[566/1044] Building C object esp-idf/hal/CMakeFiles/__idf_hal.dir/spi_slave_hal_iram.c.obj
-- Adding linker script /home/tikhon/Документы/magnolia/esp-idf/components/esp_rom/esp32s3/ld/esp32s3.rom.ld
[528/1044] Building C object esp-idf/hal/CMakeFiles/__idf_hal.dir/timer_hal.c.obj
-- Adding linker script /home/tikhon/Документы/magnolia/esp-idf/components/esp_rom/esp32s3/ld/esp32s3.rom.api.ld
-- Adding linker script /home/tikhon/Документы/magnolia/esp-idf/components/esp_rom/esp32s3/ld/esp32s3.rom.bt_funcs.ld
-- Adding linker script /home/tikhon/Документы/magnolia/esp-idf/components/esp_rom/esp32s3/ld/esp32s3.rom.libgcc.ld
-- Adding linker script /home/tikhon/Документы/magnolia/esp-idf/components/esp_rom/esp32s3/ld/esp32s3.rom.wdt.ld
-- Adding linker script /home/tikhon/Документы/magnolia/esp-idf/components/esp_rom/esp32s3/ld/esp32s3.rom.version.ld
-- Adding linker script /home/tikhon/Документы/magnolia/esp-idf/components/esp_rom/esp32s3/ld/esp32s3.rom.ble_master.ld
-- Adding linker script /home/tikhon/Документы/magnolia/esp-idf/components/esp_rom/esp32s3/ld/esp32s3.rom.ble_50.ld
-- Adding linker script /home/tikhon/Документы/magnolia/esp-idf/components/esp_rom/esp32s3/ld/esp32s3.rom.ble_smp.ld
-- Adding linker script /home/tikhon/Документы/magnolia/esp-idf/components/esp_rom/esp32s3/ld/esp32s3.rom.ble_dtm.ld
-- Adding linker script /home/tikhon/Документы/magnolia/esp-idf/components/esp_rom/esp32s3/ld/esp32s3.rom.ble_test.ld
-- Adding linker script /home/tikhon/Документы/magnolia/esp-idf/components/esp_rom/esp32s3/ld/esp32s3.rom.ble_scan.ld
-- Adding linker script /home/tikhon/Документы/magnolia/esp-idf/components/esp_rom/esp32s3/ld/esp32s3.rom.libc.ld
-- Adding linker script /home/tikhon/Документы/magnolia/esp-idf/components/esp_rom/esp32s3/ld/esp32s3.rom.newlib.ld
[545/1044] Building C object esp-idf/hal/CMakeFiles/__idf_hal.dir/gdma_hal_top.c.obj
[567/1044] Building C object esp-idf/hal/CMakeFiles/__idf_hal.dir/ds_hal.c.obj
[568/1044] Building C object esp-idf/hal/CMakeFiles/__idf_hal.dir/cam_hal.c.obj
[546/1044] Building C object esp-idf/hal/CMakeFiles/__idf_hal.dir/sdm_hal.c.obj
[547/1044] Building C object esp-idf/hal/CMakeFiles/__idf_hal.dir/mcpwm_hal.c.obj
[569/1044] Building C object esp-idf/hal/CMakeFiles/__idf_hal.dir/adc_hal.c.obj
[529/1044] Building C object esp-idf/hal/CMakeFiles/__idf_hal.dir/ledc_hal.c.obj
[541/1044] Linking C static library esp-idf/newlib/libnewlib.a
[542/1044] Building C object esp-idf/hal/CMakeFiles/__idf_hal.dir/uhci_hal.c.obj
[570/1044] Building C object esp-idf/hal/CMakeFiles/__idf_hal.dir/usb_wrap_hal.c.obj
[530/1044] Building C object esp-idf/hal/CMakeFiles/__idf_hal.dir/uart_hal_iram.c.obj
[543/1044] Building C object esp-idf/hal/CMakeFiles/__idf_hal.dir/cache_hal.c.obj
[571/1044] Building C object esp-idf/hal/CMakeFiles/__idf_hal.dir/usb_serial_jtag_hal.c.obj
[548/1044] Building C object esp-idf/hal/CMakeFiles/__idf_hal.dir/uart_hal.c.obj
[531/1044] Building C object esp-idf/hal/CMakeFiles/__idf_hal.dir/i2c_hal.c.obj
[544/1044] Building C object esp-idf/hal/CMakeFiles/__idf_hal.dir/ledc_hal_iram.c.obj
[549/1044] Building C object esp-idf/hal/CMakeFiles/__idf_hal.dir/i2c_hal_iram.c.obj
[532/1044] Building C object esp-idf/hal/CMakeFiles/__idf_hal.dir/mcpwm_hal.c.obj
[533/1044] Building C object esp-idf/hal/CMakeFiles/__idf_hal.dir/rtc_io_hal.c.obj
[572/1044] Building C object esp-idf/esp_hw_support/CMakeFiles/__idf_esp_hw_support.dir/port/esp32s3/esp_memprot.c.obj
[550/1044] Building C object esp-idf/hal/CMakeFiles/__idf_hal.dir/sdmmc_hal.c.obj
[545/1044] Building C object esp-idf/hal/CMakeFiles/__idf_hal.dir/i2c_hal_iram.c.obj
-- Adding linker script /home/tikhon/Документы/magnolia/esp-idf/components/soc/esp32s3/ld/esp32s3.peripherals.ld
[534/1044] Building C object esp-idf/hal/CMakeFiles/__idf_hal.dir/pcnt_hal.c.obj
[573/1044] Building C object esp-idf/esp_rom/CMakeFiles/__idf_esp_rom.dir/patches/esp_rom_crc.c.obj
[551/1044] Building C object esp-idf/hal/CMakeFiles/__idf_hal.dir/i2c_hal.c.obj
[535/1044] Building C object esp-idf/hal/CMakeFiles/__idf_hal.dir/gpio_hal.c.obj
[574/1044] Building C object esp-idf/heap/CMakeFiles/__idf_heap.dir/tlsf/tlsf.c.obj
[552/1044] Building C object esp-idf/hal/CMakeFiles/__idf_hal.dir/twai_hal_sja1000.c.obj
[575/1044] Building C object esp-idf/hal/CMakeFiles/__idf_hal.dir/touch_sensor_hal.c.obj
[553/1044] Building C object esp-idf/hal/CMakeFiles/__idf_hal.dir/aes_hal.c.obj
[536/1044] Building C object esp-idf/hal/CMakeFiles/__idf_hal.dir/ledc_hal_iram.c.obj
[546/1044] Building C object esp-idf/hal/CMakeFiles/__idf_hal.dir/sdm_hal.c.obj
[537/1044] Building C object esp-idf/hal/CMakeFiles/__idf_hal.dir/i2c_hal_iram.c.obj
[538/1044] Linking C static library esp-idf/esp_driver_uart/libesp_driver_uart.a
[576/1044] Building C object esp-idf/hal/CMakeFiles/__idf_hal.dir/spi_flash_hal_gpspi.c.obj
[539/1044] Building C object esp-idf/hal/CMakeFiles/__idf_hal.dir/gdma_hal_top.c.obj
[547/1044] Building C object esp-idf/hal/CMakeFiles/__idf_hal.dir/gdma_hal_top.c.obj
[577/1044] Building C object esp-idf/hal/CMakeFiles/__idf_hal.dir/touch_sens_hal.c.obj
[548/1044] Building C object esp-idf/hal/CMakeFiles/__idf_hal.dir/i2c_hal.c.obj
[549/1044] Building C object esp-idf/hal/CMakeFiles/__idf_hal.dir/mcpwm_hal.c.obj
[540/1044] Building C object esp-idf/hal/CMakeFiles/__idf_hal.dir/esp32s3/clk_tree_hal.c.obj
[578/1044] Building ASM object esp-idf/esp_rom/CMakeFiles/__idf_esp_rom.dir/patches/esp_rom_longjmp.S.obj
[550/1044] Building C object esp-idf/hal/CMakeFiles/__idf_hal.dir/sdmmc_hal.c.obj
[541/1044] Building C object esp-idf/hal/CMakeFiles/__idf_hal.dir/uart_hal.c.obj
[579/1044] Building C object esp-idf/esp_rom/CMakeFiles/__idf_esp_rom.dir/patches/esp_rom_print.c.obj
[554/1044] Building C object esp-idf/hal/CMakeFiles/__idf_hal.dir/brownout_hal.c.obj
[580/1044] Building C object esp-idf/esp_rom/CMakeFiles/__idf_esp_rom.dir/patches/esp_rom_sys.c.obj
[555/1044] Building C object esp-idf/hal/CMakeFiles/__idf_hal.dir/gdma_hal_ahb_v1.c.obj
[551/1044] Linking C static library esp-idf/freertos/libfreertos.a
[542/1044] Linking C static library esp-idf/esp_ringbuf/libesp_ringbuf.a
[552/1044] Building C object esp-idf/hal/CMakeFiles/__idf_hal.dir/twai_hal_sja1000.c.obj
[581/1044] Building C object esp-idf/hal/CMakeFiles/__idf_hal.dir/esp32s3/rtc_cntl_hal.c.obj
[582/1044] Building C object esp-idf/esp_rom/CMakeFiles/__idf_esp_rom.dir/patches/esp_rom_gpio.c.obj
[556/1044] Building C object esp-idf/esp_hw_support/CMakeFiles/__idf_esp_hw_support.dir/port/esp32s3/esp_memprot.c.obj
[543/1044] Building C object esp-idf/hal/CMakeFiles/__idf_hal.dir/uhci_hal.c.obj
[557/1044] Building C object esp-idf/hal/CMakeFiles/__idf_hal.dir/adc_hal.c.obj
[544/1044] Building C object esp-idf/hal/CMakeFiles/__idf_hal.dir/sdm_hal.c.obj
[558/1044] Building C object esp-idf/hal/CMakeFiles/__idf_hal.dir/i2s_hal.c.obj
[559/1044] Building C object esp-idf/hal/CMakeFiles/__idf_hal.dir/lcd_hal.c.obj
[545/1044] Building C object esp-idf/hal/CMakeFiles/__idf_hal.dir/rmt_hal.c.obj
[583/1044] Building C object esp-idf/hal/CMakeFiles/__idf_hal.dir/temperature_sensor_hal.c.obj
[584/1044] Building C object esp-idf/hal/CMakeFiles/__idf_hal.dir/xt_wdt_hal.c.obj
[546/1044] Building C object esp-idf/hal/CMakeFiles/__idf_hal.dir/sdmmc_hal.c.obj
[560/1044] Building C object esp-idf/hal/CMakeFiles/__idf_hal.dir/adc_oneshot_hal.c.obj
[585/1044] Building ASM object esp-idf/esp_rom/CMakeFiles/__idf_esp_rom.dir/patches/esp_rom_cache_writeback_esp32s3.S.obj
[553/1044] Building C object esp-idf/hal/CMakeFiles/__idf_hal.dir/spi_flash_hal_iram.c.obj
[547/1044] Linking C static library esp-idf/esp_driver_gptimer/libesp_driver_gptimer.a
-- Components: app_trace app_update bootloader bootloader_support bt cmock console cxx driver efuse esp-tls esp_adc esp_app_format esp_bootloader_format esp_coex esp_common esp_driver_ana_cmpr esp_driver_bitscrambler esp_driver_cam esp_driver_dac esp_driver_gpio esp_driver_gptimer esp_driver_i2c esp_driver_i2s esp_driver_i3c esp_driver_isp esp_driver_jpeg esp_driver_ledc esp_driver_mcpwm esp_driver_parlio esp_driver_pcnt esp_driver_ppa esp_driver_rmt esp_driver_sd_intf esp_driver_sdio esp_driver_sdm esp_driver_sdmmc esp_driver_sdspi esp_driver_spi esp_driver_touch_sens esp_driver_tsens esp_driver_twai esp_driver_uart esp_driver_usb_serial_jtag esp_eth esp_event esp_gdbstub esp_hid esp_http_client esp_http_server esp_https_ota esp_https_server esp_hw_support esp_lcd esp_local_ctrl esp_mm esp_netif esp_netif_stack esp_partition esp_phy esp_pm esp_psram esp_ringbuf esp_rom esp_security esp_system esp_timer esp_vfs_console esp_wifi espcoredump esptool_py fatfs freertos hal heap http_parser idf_test ieee802154 json log lwip main mbedtls mqtt newlib nvs_flash nvs_sec_provider openthread partition_table perfmon protobuf-c protocomm pthread rt sdmmc soc spi_flash spiffs tcp_transport touch_element ulp unity usb vfs wear_levelling wifi_provisioning wpa_supplicant xtensa
-- Component paths: /home/tikhon/Документы/magnolia/esp-idf/components/app_trace /home/tikhon/Документы/magnolia/esp-idf/components/app_update /home/tikhon/Документы/magnolia/esp-idf/components/bootloader /home/tikhon/Документы/magnolia/esp-idf/components/bootloader_support /home/tikhon/Документы/magnolia/esp-idf/components/bt /home/tikhon/Документы/magnolia/esp-idf/components/cmock /home/tikhon/Документы/magnolia/esp-idf/components/console /home/tikhon/Документы/magnolia/esp-idf/components/cxx /home/tikhon/Документы/magnolia/esp-idf/components/driver /home/tikhon/Документы/magnolia/esp-idf/components/efuse /home/tikhon/Документы/magnolia/esp-idf/components/esp-tls /home/tikhon/Документы/magnolia/esp-idf/components/esp_adc /home/tikhon/Документы/magnolia/esp-idf/components/esp_app_format /home/tikhon/Документы/magnolia/esp-idf/components/esp_bootloader_format /home/tikhon/Документы/magnolia/esp-idf/components/esp_coex /home/tikhon/Документы/magnolia/esp-idf/components/esp_common /home/tikhon/Документы/magnolia/esp-idf/components/esp_driver_ana_cmpr /home/tikhon/Документы/magnolia/esp-idf/components/esp_driver_bitscrambler /home/tikhon/Документы/magnolia/esp-idf/components/esp_driver_cam /home/tikhon/Документы/magnolia/esp-idf/components/esp_driver_dac /home/tikhon/Документы/magnolia/esp-idf/components/esp_driver_gpio /home/tikhon/Документы/magnolia/esp-idf/components/esp_driver_gptimer /home/tikhon/Документы/magnolia/esp-idf/components/esp_driver_i2c /home/tikhon/Документы/magnolia/esp-idf/components/esp_driver_i2s /home/tikhon/Документы/magnolia/esp-idf/components/esp_driver_i3c /home/tikhon/Документы/magnolia/esp-idf/components/esp_driver_isp /home/tikhon/Документы/magnolia/esp-idf/components/esp_driver_jpeg /home/tikhon/Документы/magnolia/esp-idf/components/esp_driver_ledc /home/tikhon/Документы/magnolia/esp-idf/components/esp_driver_mcpwm /home/tikhon/Документы/magnolia/esp-idf/components/esp_driver_parlio /home/tikhon/Документы/magnolia/esp-idf/components/esp_driver_pcnt /home/tikhon/Документы/magnolia/esp-idf/components/esp_driver_ppa /home/tikhon/Документы/magnolia/esp-idf/components/esp_driver_rmt /home/tikhon/Документы/magnolia/esp-idf/components/esp_driver_sd_intf /home/tikhon/Документы/magnolia/esp-idf/components/esp_driver_sdio /home/tikhon/Документы/magnolia/esp-idf/components/esp_driver_sdm /home/tikhon/Документы/magnolia/esp-idf/components/esp_driver_sdmmc /home/tikhon/Документы/magnolia/esp-idf/components/esp_driver_sdspi /home/tikhon/Документы/magnolia/esp-idf/components/esp_driver_spi /home/tikhon/Документы/magnolia/esp-idf/components/esp_driver_touch_sens /home/tikhon/Документы/magnolia/esp-idf/components/esp_driver_tsens /home/tikhon/Документы/magnolia/esp-idf/components/esp_driver_twai /home/tikhon/Документы/magnolia/esp-idf/components/esp_driver_uart /home/tikhon/Документы/magnolia/esp-idf/components/esp_driver_usb_serial_jtag /home/tikhon/Документы/magnolia/esp-idf/components/esp_eth /home/tikhon/Документы/magnolia/esp-idf/components/esp_event /home/tikhon/Документы/magnolia/esp-idf/components/esp_gdbstub /home/tikhon/Документы/magnolia/esp-idf/components/esp_hid /home/tikhon/Документы/magnolia/esp-idf/components/esp_http_client /home/tikhon/Документы/magnolia/esp-idf/components/esp_http_server /home/tikhon/Документы/magnolia/esp-idf/components/esp_https_ota /home/tikhon/Документы/magnolia/esp-idf/components/esp_https_server /home/tikhon/Документы/magnolia/esp-idf/components/esp_hw_support /home/tikhon/Документы/magnolia/esp-idf/components/esp_lcd /home/tikhon/Документы/magnolia/esp-idf/components/esp_local_ctrl /home/tikhon/Документы/magnolia/esp-idf/components/esp_mm /home/tikhon/Документы/magnolia/esp-idf/components/esp_netif /home/tikhon/Документы/magnolia/esp-idf/components/esp_netif_stack /home/tikhon/Документы/magnolia/esp-idf/components/esp_partition /home/tikhon/Документы/magnolia/esp-idf/components/esp_phy /home/tikhon/Документы/magnolia/esp-idf/components/esp_pm /home/tikhon/Документы/magnolia/esp-idf/components/esp_psram /home/tikhon/Документы/magnolia/esp-idf/components/esp_ringbuf /home/tikhon/Документы/magnolia/esp-idf/components/esp_rom /home/tikhon/Документы/magnolia/esp-idf/components/esp_security /home/tikhon/Документы/magnolia/esp-idf/components/esp_system /home/tikhon/Документы/magnolia/esp-idf/components/esp_timer /home/tikhon/Документы/magnolia/esp-idf/components/esp_vfs_console /home/tikhon/Документы/magnolia/esp-idf/components/esp_wifi /home/tikhon/Документы/magnolia/esp-idf/components/espcoredump /home/tikhon/Документы/magnolia/esp-idf/components/esptool_py /home/tikhon/Документы/magnolia/esp-idf/components/fatfs /home/tikhon/Документы/magnolia/esp-idf/components/freertos /home/tikhon/Документы/magnolia/esp-idf/components/hal /home/tikhon/Документы/magnolia/esp-idf/components/heap /home/tikhon/Документы/magnolia/esp-idf/components/http_parser /home/tikhon/Документы/magnolia/esp-idf/components/idf_test /home/tikhon/Документы/magnolia/esp-idf/components/ieee802154 /home/tikhon/Документы/magnolia/esp-idf/components/json /home/tikhon/Документы/magnolia/esp-idf/components/log /home/tikhon/Документы/magnolia/esp-idf/components/lwip /home/tikhon/Документы/magnolia/applets/mainline/login/main /home/tikhon/Документы/magnolia/esp-idf/components/mbedtls /home/tikhon/Документы/magnolia/esp-idf/components/mqtt /home/tikhon/Документы/magnolia/esp-idf/components/newlib /home/tikhon/Документы/magnolia/esp-idf/components/nvs_flash /home/tikhon/Документы/magnolia/esp-idf/components/nvs_sec_provider /home/tikhon/Документы/magnolia/esp-idf/components/openthread /home/tikhon/Документы/magnolia/esp-idf/components/partition_table /home/tikhon/Документы/magnolia/esp-idf/components/perfmon /home/tikhon/Документы/magnolia/esp-idf/components/protobuf-c /home/tikhon/Документы/magnolia/esp-idf/components/protocomm /home/tikhon/Документы/magnolia/esp-idf/components/pthread /home/tikhon/Документы/magnolia/esp-idf/components/rt /home/tikhon/Документы/magnolia/esp-idf/components/sdmmc /home/tikhon/Документы/magnolia/esp-idf/components/soc /home/tikhon/Документы/magnolia/esp-idf/components/spi_flash /home/tikhon/Документы/magnolia/esp-idf/components/spiffs /home/tikhon/Документы/magnolia/esp-idf/components/tcp_transport /home/tikhon/Документы/magnolia/esp-idf/components/touch_element /home/tikhon/Документы/magnolia/esp-idf/components/ulp /home/tikhon/Документы/magnolia/esp-idf/components/unity /home/tikhon/Документы/magnolia/esp-idf/components/usb /home/tikhon/Документы/magnolia/esp-idf/components/vfs /home/tikhon/Документы/magnolia/esp-idf/components/wear_levelling /home/tikhon/Документы/magnolia/esp-idf/components/wifi_provisioning /home/tikhon/Документы/magnolia/esp-idf/components/wpa_supplicant /home/tikhon/Документы/magnolia/esp-idf/components/xtensa
[586/1044] Building C object esp-idf/esp_rom/CMakeFiles/__idf_esp_rom.dir/patches/esp_rom_spiflash.c.obj
[561/1044] Building C object esp-idf/hal/CMakeFiles/__idf_hal.dir/sha_hal.c.obj
[587/1044] Building C object esp-idf/esp_rom/CMakeFiles/__idf_esp_rom.dir/patches/esp_rom_efuse.c.obj
[548/1044] Building C object esp-idf/hal/CMakeFiles/__idf_hal.dir/sha_hal.c.obj
[588/1044] Building C object esp-idf/hal/CMakeFiles/__idf_hal.dir/spi_slave_hd_hal.c.obj
[589/1044] Building C object esp-idf/esp_rom/CMakeFiles/__idf_esp_rom.dir/patches/esp_rom_serial_output.c.obj
[549/1044] Building C object esp-idf/hal/CMakeFiles/__idf_hal.dir/lcd_hal.c.obj
[562/1044] Building C object esp-idf/hal/CMakeFiles/__idf_hal.dir/spi_flash_hal_iram.c.obj
[550/1044] Building C object esp-idf/hal/CMakeFiles/__idf_hal.dir/adc_hal.c.obj
[590/1044] Building C object esp-idf/hal/CMakeFiles/__idf_hal.dir/usb_dwc_hal.c.obj
[591/1044] Linking C static library esp-idf/esp_hw_support/libesp_hw_support.a
-- Components: app_trace app_update bootloader bootloader_support bt cmock console cxx driver efuse esp-tls esp_adc esp_app_format esp_bootloader_format esp_coex esp_common esp_driver_ana_cmpr esp_driver_bitscrambler esp_driver_cam esp_driver_dac esp_driver_gpio esp_driver_gptimer esp_driver_i2c esp_driver_i2s esp_driver_i3c esp_driver_isp esp_driver_jpeg esp_driver_ledc esp_driver_mcpwm esp_driver_parlio esp_driver_pcnt esp_driver_ppa esp_driver_rmt esp_driver_sd_intf esp_driver_sdio esp_driver_sdm esp_driver_sdmmc esp_driver_sdspi esp_driver_spi esp_driver_touch_sens esp_driver_tsens esp_driver_twai esp_driver_uart esp_driver_usb_serial_jtag esp_eth esp_event esp_gdbstub esp_hid esp_http_client esp_http_server esp_https_ota esp_https_server esp_hw_support esp_lcd esp_local_ctrl esp_mm esp_netif esp_netif_stack esp_partition esp_phy esp_pm esp_psram esp_ringbuf esp_rom esp_security esp_system esp_timer esp_vfs_console esp_wifi espcoredump esptool_py fatfs freertos hal heap http_parser idf_test ieee802154 json log lwip main mbedtls mqtt newlib nvs_flash nvs_sec_provider openthread partition_table perfmon protobuf-c protocomm pthread rt sdmmc soc spi_flash spiffs tcp_transport touch_element ulp unity usb vfs wear_levelling wifi_provisioning wpa_supplicant xtensa
-- Component paths: /home/tikhon/Документы/magnolia/esp-idf/components/app_trace /home/tikhon/Документы/magnolia/esp-idf/components/app_update /home/tikhon/Документы/magnolia/esp-idf/components/bootloader /home/tikhon/Документы/magnolia/esp-idf/components/bootloader_support /home/tikhon/Документы/magnolia/esp-idf/components/bt /home/tikhon/Документы/magnolia/esp-idf/components/cmock /home/tikhon/Документы/magnolia/esp-idf/components/console /home/tikhon/Документы/magnolia/esp-idf/components/cxx /home/tikhon/Документы/magnolia/esp-idf/components/driver /home/tikhon/Документы/magnolia/esp-idf/components/efuse /home/tikhon/Документы/magnolia/esp-idf/components/esp-tls /home/tikhon/Документы/magnolia/esp-idf/components/esp_adc /home/tikhon/Документы/magnolia/esp-idf/components/esp_app_format /home/tikhon/Документы/magnolia/esp-idf/components/esp_bootloader_format /home/tikhon/Документы/magnolia/esp-idf/components/esp_coex /home/tikhon/Документы/magnolia/esp-idf/components/esp_common /home/tikhon/Документы/magnolia/esp-idf/components/esp_driver_ana_cmpr /home/tikhon/Документы/magnolia/esp-idf/components/esp_driver_bitscrambler /home/tikhon/Документы/magnolia/esp-idf/components/esp_driver_cam /home/tikhon/Документы/magnolia/esp-idf/components/esp_driver_dac /home/tikhon/Документы/magnolia/esp-idf/components/esp_driver_gpio /home/tikhon/Документы/magnolia/esp-idf/components/esp_driver_gptimer /home/tikhon/Документы/magnolia/esp-idf/components/esp_driver_i2c /home/tikhon/Документы/magnolia/esp-idf/components/esp_driver_i2s /home/tikhon/Документы/magnolia/esp-idf/components/esp_driver_i3c /home/tikhon/Документы/magnolia/esp-idf/components/esp_driver_isp /home/tikhon/Документы/magnolia/esp-idf/components/esp_driver_jpeg /home/tikhon/Документы/magnolia/esp-idf/components/esp_driver_ledc /home/tikhon/Документы/magnolia/esp-idf/components/esp_driver_mcpwm /home/tikhon/Документы/magnolia/esp-idf/components/esp_driver_parlio /home/tikhon/Документы/magnolia/esp-idf/components/esp_driver_pcnt /home/tikhon/Документы/magnolia/esp-idf/components/esp_driver_ppa /home/tikhon/Документы/magnolia/esp-idf/components/esp_driver_rmt /home/tikhon/Документы/magnolia/esp-idf/components/esp_driver_sd_intf /home/tikhon/Документы/magnolia/esp-idf/components/esp_driver_sdio /home/tikhon/Документы/magnolia/esp-idf/components/esp_driver_sdm /home/tikhon/Документы/magnolia/esp-idf/components/esp_driver_sdmmc /home/tikhon/Документы/magnolia/esp-idf/components/esp_driver_sdspi /home/tikhon/Документы/magnolia/esp-idf/components/esp_driver_spi /home/tikhon/Документы/magnolia/esp-idf/components/esp_driver_touch_sens /home/tikhon/Документы/magnolia/esp-idf/components/esp_driver_tsens /home/tikhon/Документы/magnolia/esp-idf/components/esp_driver_twai /home/tikhon/Документы/magnolia/esp-idf/components/esp_driver_uart /home/tikhon/Документы/magnolia/esp-idf/components/esp_driver_usb_serial_jtag /home/tikhon/Документы/magnolia/esp-idf/components/esp_eth /home/tikhon/Документы/magnolia/esp-idf/components/esp_event /home/tikhon/Документы/magnolia/esp-idf/components/esp_gdbstub /home/tikhon/Документы/magnolia/esp-idf/components/esp_hid /home/tikhon/Документы/magnolia/esp-idf/components/esp_http_client /home/tikhon/Документы/magnolia/esp-idf/components/esp_http_server /home/tikhon/Документы/magnolia/esp-idf/components/esp_https_ota /home/tikhon/Документы/magnolia/esp-idf/components/esp_https_server /home/tikhon/Документы/magnolia/esp-idf/components/esp_hw_support /home/tikhon/Документы/magnolia/esp-idf/components/esp_lcd /home/tikhon/Документы/magnolia/esp-idf/components/esp_local_ctrl /home/tikhon/Документы/magnolia/esp-idf/components/esp_mm /home/tikhon/Документы/magnolia/esp-idf/components/esp_netif /home/tikhon/Документы/magnolia/esp-idf/components/esp_netif_stack /home/tikhon/Документы/magnolia/esp-idf/components/esp_partition /home/tikhon/Документы/magnolia/esp-idf/components/esp_phy /home/tikhon/Документы/magnolia/esp-idf/components/esp_pm /home/tikhon/Документы/magnolia/esp-idf/components/esp_psram /home/tikhon/Документы/magnolia/esp-idf/components/esp_ringbuf /home/tikhon/Документы/magnolia/esp-idf/components/esp_rom /home/tikhon/Документы/magnolia/esp-idf/components/esp_security /home/tikhon/Документы/magnolia/esp-idf/components/esp_system /home/tikhon/Документы/magnolia/esp-idf/components/esp_timer /home/tikhon/Документы/magnolia/esp-idf/components/esp_vfs_console /home/tikhon/Документы/magnolia/esp-idf/components/esp_wifi /home/tikhon/Документы/magnolia/esp-idf/components/espcoredump /home/tikhon/Документы/magnolia/esp-idf/components/esptool_py /home/tikhon/Документы/magnolia/esp-idf/components/fatfs /home/tikhon/Документы/magnolia/esp-idf/components/freertos /home/tikhon/Документы/magnolia/esp-idf/components/hal /home/tikhon/Документы/magnolia/esp-idf/components/heap /home/tikhon/Документы/magnolia/esp-idf/components/http_parser /home/tikhon/Документы/magnolia/esp-idf/components/idf_test /home/tikhon/Документы/magnolia/esp-idf/components/ieee802154 /home/tikhon/Документы/magnolia/esp-idf/components/json /home/tikhon/Документы/magnolia/esp-idf/components/log /home/tikhon/Документы/magnolia/esp-idf/components/lwip /home/tikhon/Документы/magnolia/applets/mainline/ln/main /home/tikhon/Документы/magnolia/esp-idf/components/mbedtls /home/tikhon/Документы/magnolia/esp-idf/components/mqtt /home/tikhon/Документы/magnolia/esp-idf/components/newlib /home/tikhon/Документы/magnolia/esp-idf/components/nvs_flash /home/tikhon/Документы/magnolia/esp-idf/components/nvs_sec_provider /home/tikhon/Документы/magnolia/esp-idf/components/openthread /home/tikhon/Документы/magnolia/esp-idf/components/partition_table /home/tikhon/Документы/magnolia/esp-idf/components/perfmon /home/tikhon/Документы/magnolia/esp-idf/components/protobuf-c /home/tikhon/Документы/magnolia/esp-idf/components/protocomm /home/tikhon/Документы/magnolia/esp-idf/components/pthread /home/tikhon/Документы/magnolia/esp-idf/components/rt /home/tikhon/Документы/magnolia/esp-idf/components/sdmmc /home/tikhon/Документы/magnolia/esp-idf/components/soc /home/tikhon/Документы/magnolia/esp-idf/components/spi_flash /home/tikhon/Документы/magnolia/esp-idf/components/spiffs /home/tikhon/Документы/magnolia/esp-idf/components/tcp_transport /home/tikhon/Документы/magnolia/esp-idf/components/touch_element /home/tikhon/Документы/magnolia/esp-idf/components/ulp /home/tikhon/Документы/magnolia/esp-idf/components/unity /home/tikhon/Документы/magnolia/esp-idf/components/usb /home/tikhon/Документы/magnolia/esp-idf/components/vfs /home/tikhon/Документы/magnolia/esp-idf/components/wear_levelling /home/tikhon/Документы/magnolia/esp-idf/components/wifi_provisioning /home/tikhon/Документы/magnolia/esp-idf/components/wpa_supplicant /home/tikhon/Документы/magnolia/esp-idf/components/xtensa
[554/1044] Building C object esp-idf/hal/CMakeFiles/__idf_hal.dir/lcd_hal.c.obj
[592/1044] Building C object esp-idf/esp_rom/CMakeFiles/__idf_esp_rom.dir/patches/esp_rom_systimer.c.obj
[551/1044] Building C object esp-idf/hal/CMakeFiles/__idf_hal.dir/mpi_hal.c.obj
[593/1044] Building C object esp-idf/hal/CMakeFiles/__idf_hal.dir/esp32s3/touch_sensor_hal.c.obj
[563/1044] Building C object esp-idf/hal/CMakeFiles/__idf_hal.dir/mpi_hal.c.obj
[555/1044] Building C object esp-idf/hal/CMakeFiles/__idf_hal.dir/gdma_hal_ahb_v1.c.obj
[594/1044] Building C object esp-idf/esp_rom/CMakeFiles/__idf_esp_rom.dir/patches/esp_rom_cache_esp32s2_esp32s3.c.obj
[552/1044] Linking C static library esp-idf/esp_timer/libesp_timer.a
-- Configuring done (21.3s)
[595/1044] Building C object esp-idf/esp_system/CMakeFiles/__idf_esp_system.dir/esp_ipc.c.obj
[556/1044] Building C object esp-idf/hal/CMakeFiles/__idf_hal.dir/aes_hal.c.obj
[596/1044] Building C object esp-idf/esp_system/CMakeFiles/__idf_esp_system.dir/esp_system_console.c.obj
[557/1044] Building C object esp-idf/hal/CMakeFiles/__idf_hal.dir/adc_oneshot_hal.c.obj
[564/1044] Building C object esp-idf/hal/CMakeFiles/__idf_hal.dir/hmac_hal.c.obj
-- Configuring done (21.6s)
-- Components: app_trace app_update bootloader bootloader_support bt cmock console cxx driver efuse esp-tls esp_adc esp_app_format esp_bootloader_format esp_coex esp_common esp_driver_ana_cmpr esp_driver_bitscrambler esp_driver_cam esp_driver_dac esp_driver_gpio esp_driver_gptimer esp_driver_i2c esp_driver_i2s esp_driver_i3c esp_driver_isp esp_driver_jpeg esp_driver_ledc esp_driver_mcpwm esp_driver_parlio esp_driver_pcnt esp_driver_ppa esp_driver_rmt esp_driver_sd_intf esp_driver_sdio esp_driver_sdm esp_driver_sdmmc esp_driver_sdspi esp_driver_spi esp_driver_touch_sens esp_driver_tsens esp_driver_twai esp_driver_uart esp_driver_usb_serial_jtag esp_eth esp_event esp_gdbstub esp_hid esp_http_client esp_http_server esp_https_ota esp_https_server esp_hw_support esp_lcd esp_local_ctrl esp_mm esp_netif esp_netif_stack esp_partition esp_phy esp_pm esp_psram esp_ringbuf esp_rom esp_security esp_system esp_timer esp_vfs_console esp_wifi espcoredump espressif__cmake_utilities espressif__elf_loader esptool_py fatfs freertos hal heap http_parser idf_test ieee802154 json log lwip main mbedtls mqtt newlib nvs_flash nvs_sec_provider openthread partition_table perfmon protobuf-c protocomm pthread rt sdmmc soc spi_flash spiffs tcp_transport touch_element ulp unity usb vfs wear_levelling wifi_provisioning wpa_supplicant xtensa
-- Component paths: /home/tikhon/Документы/magnolia/esp-idf/components/app_trace /home/tikhon/Документы/magnolia/esp-idf/components/app_update /home/tikhon/Документы/magnolia/esp-idf/components/bootloader /home/tikhon/Документы/magnolia/esp-idf/components/bootloader_support /home/tikhon/Документы/magnolia/esp-idf/components/bt /home/tikhon/Документы/magnolia/esp-idf/components/cmock /home/tikhon/Документы/magnolia/esp-idf/components/console /home/tikhon/Документы/magnolia/esp-idf/components/cxx /home/tikhon/Документы/magnolia/esp-idf/components/driver /home/tikhon/Документы/magnolia/esp-idf/components/efuse /home/tikhon/Документы/magnolia/esp-idf/components/esp-tls /home/tikhon/Документы/magnolia/esp-idf/components/esp_adc /home/tikhon/Документы/magnolia/esp-idf/components/esp_app_format /home/tikhon/Документы/magnolia/esp-idf/components/esp_bootloader_format /home/tikhon/Документы/magnolia/esp-idf/components/esp_coex /home/tikhon/Документы/magnolia/esp-idf/components/esp_common /home/tikhon/Документы/magnolia/esp-idf/components/esp_driver_ana_cmpr /home/tikhon/Документы/magnolia/esp-idf/components/esp_driver_bitscrambler /home/tikhon/Документы/magnolia/esp-idf/components/esp_driver_cam /home/tikhon/Документы/magnolia/esp-idf/components/esp_driver_dac /home/tikhon/Документы/magnolia/esp-idf/components/esp_driver_gpio /home/tikhon/Документы/magnolia/esp-idf/components/esp_driver_gptimer /home/tikhon/Документы/magnolia/esp-idf/components/esp_driver_i2c /home/tikhon/Документы/magnolia/esp-idf/components/esp_driver_i2s /home/tikhon/Документы/magnolia/esp-idf/components/esp_driver_i3c /home/tikhon/Документы/magnolia/esp-idf/components/esp_driver_isp /home/tikhon/Документы/magnolia/esp-idf/components/esp_driver_jpeg /home/tikhon/Документы/magnolia/esp-idf/components/esp_driver_ledc /home/tikhon/Документы/magnolia/esp-idf/components/esp_driver_mcpwm /home/tikhon/Документы/magnolia/esp-idf/components/esp_driver_parlio /home/tikhon/Документы/magnolia/esp-idf/components/esp_driver_pcnt /home/tikhon/Документы/magnolia/esp-idf/components/esp_driver_ppa /home/tikhon/Документы/magnolia/esp-idf/components/esp_driver_rmt /home/tikhon/Документы/magnolia/esp-idf/components/esp_driver_sd_intf /home/tikhon/Документы/magnolia/esp-idf/components/esp_driver_sdio /home/tikhon/Документы/magnolia/esp-idf/components/esp_driver_sdm /home/tikhon/Документы/magnolia/esp-idf/components/esp_driver_sdmmc /home/tikhon/Документы/magnolia/esp-idf/components/esp_driver_sdspi /home/tikhon/Документы/magnolia/esp-idf/components/esp_driver_spi /home/tikhon/Документы/magnolia/esp-idf/components/esp_driver_touch_sens /home/tikhon/Документы/magnolia/esp-idf/components/esp_driver_tsens /home/tikhon/Документы/magnolia/esp-idf/components/esp_driver_twai /home/tikhon/Документы/magnolia/esp-idf/components/esp_driver_uart /home/tikhon/Документы/magnolia/esp-idf/components/esp_driver_usb_serial_jtag /home/tikhon/Документы/magnolia/esp-idf/components/esp_eth /home/tikhon/Документы/magnolia/esp-idf/components/esp_event /home/tikhon/Документы/magnolia/esp-idf/components/esp_gdbstub /home/tikhon/Документы/magnolia/esp-idf/components/esp_hid /home/tikhon/Документы/magnolia/esp-idf/components/esp_http_client /home/tikhon/Документы/magnolia/esp-idf/components/esp_http_server /home/tikhon/Документы/magnolia/esp-idf/components/esp_https_ota /home/tikhon/Документы/magnolia/esp-idf/components/esp_https_server /home/tikhon/Документы/magnolia/esp-idf/components/esp_hw_support /home/tikhon/Документы/magnolia/esp-idf/components/esp_lcd /home/tikhon/Документы/magnolia/esp-idf/components/esp_local_ctrl /home/tikhon/Документы/magnolia/esp-idf/components/esp_mm /home/tikhon/Документы/magnolia/esp-idf/components/esp_netif /home/tikhon/Документы/magnolia/esp-idf/components/esp_netif_stack /home/tikhon/Документы/magnolia/esp-idf/components/esp_partition /home/tikhon/Документы/magnolia/esp-idf/components/esp_phy /home/tikhon/Документы/magnolia/esp-idf/components/esp_pm /home/tikhon/Документы/magnolia/esp-idf/components/esp_psram /home/tikhon/Документы/magnolia/esp-idf/components/esp_ringbuf /home/tikhon/Документы/magnolia/esp-idf/components/esp_rom /home/tikhon/Документы/magnolia/esp-idf/components/esp_security /home/tikhon/Документы/magnolia/esp-idf/components/esp_system /home/tikhon/Документы/magnolia/esp-idf/components/esp_timer /home/tikhon/Документы/magnolia/esp-idf/components/esp_vfs_console /home/tikhon/Документы/magnolia/esp-idf/components/esp_wifi /home/tikhon/Документы/magnolia/esp-idf/components/espcoredump /home/tikhon/Документы/magnolia/applets/mainline/elftest/managed_components/espressif__cmake_utilities /home/tikhon/Документы/magnolia/applets/mainline/elftest/managed_components/espressif__elf_loader /home/tikhon/Документы/magnolia/esp-idf/components/esptool_py /home/tikhon/Документы/magnolia/esp-idf/components/fatfs /home/tikhon/Документы/magnolia/esp-idf/components/freertos /home/tikhon/Документы/magnolia/esp-idf/components/hal /home/tikhon/Документы/magnolia/esp-idf/components/heap /home/tikhon/Документы/magnolia/esp-idf/components/http_parser /home/tikhon/Документы/magnolia/esp-idf/components/idf_test /home/tikhon/Документы/magnolia/esp-idf/components/ieee802154 /home/tikhon/Документы/magnolia/esp-idf/components/json /home/tikhon/Документы/magnolia/esp-idf/components/log /home/tikhon/Документы/magnolia/esp-idf/components/lwip /home/tikhon/Документы/magnolia/applets/mainline/elftest/main /home/tikhon/Документы/magnolia/esp-idf/components/mbedtls /home/tikhon/Документы/magnolia/esp-idf/components/mqtt /home/tikhon/Документы/magnolia/esp-idf/components/newlib /home/tikhon/Документы/magnolia/esp-idf/components/nvs_flash /home/tikhon/Документы/magnolia/esp-idf/components/nvs_sec_provider /home/tikhon/Документы/magnolia/esp-idf/components/openthread /home/tikhon/Документы/magnolia/esp-idf/components/partition_table /home/tikhon/Документы/magnolia/esp-idf/components/perfmon /home/tikhon/Документы/magnolia/esp-idf/components/protobuf-c /home/tikhon/Документы/magnolia/esp-idf/components/protocomm /home/tikhon/Документы/magnolia/esp-idf/components/pthread /home/tikhon/Документы/magnolia/esp-idf/components/rt /home/tikhon/Документы/magnolia/esp-idf/components/sdmmc /home/tikhon/Документы/magnolia/esp-idf/components/soc /home/tikhon/Документы/magnolia/esp-idf/components/spi_flash /home/tikhon/Документы/magnolia/esp-idf/components/spiffs /home/tikhon/Документы/magnolia/esp-idf/components/tcp_transport /home/tikhon/Документы/magnolia/esp-idf/components/touch_element /home/tikhon/Документы/magnolia/esp-idf/components/ulp /home/tikhon/Документы/magnolia/esp-idf/components/unity /home/tikhon/Документы/magnolia/esp-idf/components/usb /home/tikhon/Документы/magnolia/esp-idf/components/vfs /home/tikhon/Документы/magnolia/esp-idf/components/wear_levelling /home/tikhon/Документы/magnolia/esp-idf/components/wifi_provisioning /home/tikhon/Документы/magnolia/esp-idf/components/wpa_supplicant /home/tikhon/Документы/magnolia/esp-idf/components/xtensa
[553/1044] Building C object esp-idf/hal/CMakeFiles/__idf_hal.dir/aes_hal.c.obj
[558/1044] Building C object esp-idf/hal/CMakeFiles/__idf_hal.dir/spi_slave_hal.c.obj
[565/1044] Building C object esp-idf/hal/CMakeFiles/__idf_hal.dir/adc_hal_common.c.obj
-- Project sdkconfig file /home/tikhon/Документы/magnolia/applets/mainline/ls/sdkconfig
[554/1044] Linking C static library esp-idf/cxx/libcxx.a
[597/1044] Building C object esp-idf/esp_system/CMakeFiles/__idf_esp_system.dir/esp_err.c.obj
[559/1044] Building C object esp-idf/hal/CMakeFiles/__idf_hal.dir/mpi_hal.c.obj
[566/1044] Building C object esp-idf/hal/CMakeFiles/__idf_hal.dir/spi_slave_hal.c.obj
[555/1044] Building C object esp-idf/hal/CMakeFiles/__idf_hal.dir/brownout_hal.c.obj
-- Configuring done (21.8s)
[560/1044] Building C object esp-idf/hal/CMakeFiles/__idf_hal.dir/sha_hal.c.obj
[598/1044] Building C object esp-idf/esp_rom/CMakeFiles/__idf_esp_rom.dir/patches/esp_rom_wdt.c.obj
[561/1044] Building C object esp-idf/hal/CMakeFiles/__idf_hal.dir/brownout_hal.c.obj
[567/1044] Building C object esp-idf/hal/CMakeFiles/__idf_hal.dir/ds_hal.c.obj
[599/1044] Building C object esp-idf/hal/CMakeFiles/__idf_hal.dir/spi_hal_iram.c.obj
[562/1044] Building C object esp-idf/hal/CMakeFiles/__idf_hal.dir/cam_hal.c.obj
[568/1044] Building C object esp-idf/hal/CMakeFiles/__idf_hal.dir/usb_serial_jtag_hal.c.obj
[600/1044] Linking C static library esp-idf/soc/libsoc.a
[569/1044] Building C object esp-idf/hal/CMakeFiles/__idf_hal.dir/usb_wrap_hal.c.obj
[556/1044] Building C object esp-idf/hal/CMakeFiles/__idf_hal.dir/ds_hal.c.obj
[563/1044] Building C object esp-idf/esp_hw_support/CMakeFiles/__idf_esp_hw_support.dir/port/esp32s3/esp_memprot.c.obj
[601/1044] Building C object esp-idf/esp_system/CMakeFiles/__idf_esp_system.dir/stack_check.c.obj
[564/1044] Building C object esp-idf/hal/CMakeFiles/__idf_hal.dir/spi_hal.c.obj
[570/1044] Building C object esp-idf/heap/CMakeFiles/__idf_heap.dir/tlsf/tlsf.c.obj
[602/1044] Building C object esp-idf/esp_system/CMakeFiles/__idf_esp_system.dir/crosscore_int.c.obj
[565/1044] Building C object esp-idf/hal/CMakeFiles/__idf_hal.dir/ds_hal.c.obj
[571/1044] Linking C static library esp-idf/esp_hw_support/libesp_hw_support.a
[557/1044] Building C object esp-idf/hal/CMakeFiles/__idf_hal.dir/adc_hal_common.c.obj
[603/1044] Building C object esp-idf/esp_system/CMakeFiles/__idf_esp_system.dir/startup.c.obj
[572/1044] Building C object esp-idf/hal/CMakeFiles/__idf_hal.dir/temperature_sensor_hal.c.obj
[558/1044] Linking C static library esp-idf/pthread/libpthread.a
[573/1044] Building C object esp-idf/hal/CMakeFiles/__idf_hal.dir/spi_slave_hal_iram.c.obj
[566/1044] Building C object esp-idf/hal/CMakeFiles/__idf_hal.dir/adc_hal_common.c.obj
Applet free OK -> /home/tikhon/Документы/magnolia/rootfs/bin/free
Building applet mkdir -> mkdir ...
+ idf.py elf
[574/1044] Building C object esp-idf/hal/CMakeFiles/__idf_hal.dir/cam_hal.c.obj
[567/1044] Building C object esp-idf/hal/CMakeFiles/__idf_hal.dir/usb_serial_jtag_hal.c.obj
[559/1044] Building C object esp-idf/hal/CMakeFiles/__idf_hal.dir/cam_hal.c.obj
[575/1044] Building C object esp-idf/hal/CMakeFiles/__idf_hal.dir/touch_sensor_hal.c.obj
[560/1044] Building C object esp-idf/hal/CMakeFiles/__idf_hal.dir/spi_slave_hal.c.obj
[561/1044] Building C object esp-idf/hal/CMakeFiles/__idf_hal.dir/hmac_hal.c.obj
[576/1044] Building C object esp-idf/hal/CMakeFiles/__idf_hal.dir/touch_sens_hal.c.obj
[577/1044] Building C object esp-idf/hal/CMakeFiles/__idf_hal.dir/spi_hal.c.obj
[562/1044] Building C object esp-idf/hal/CMakeFiles/__idf_hal.dir/twai_hal_sja1000.c.obj
[578/1044] Building C object esp-idf/esp_rom/CMakeFiles/__idf_esp_rom.dir/patches/esp_rom_crc.c.obj
[568/1044] Building C object esp-idf/hal/CMakeFiles/__idf_hal.dir/hmac_hal.c.obj
[569/1044] Building C object esp-idf/hal/CMakeFiles/__idf_hal.dir/spi_slave_hal_iram.c.obj
[563/1044] Building C object esp-idf/hal/CMakeFiles/__idf_hal.dir/spi_flash_hal_iram.c.obj
[564/1044] Building C object esp-idf/hal/CMakeFiles/__idf_hal.dir/gdma_hal_ahb_v1.c.obj
[570/1044] Building C object esp-idf/hal/CMakeFiles/__idf_hal.dir/i2s_hal.c.obj
[604/1044] Building C object esp-idf/esp_system/CMakeFiles/__idf_esp_system.dir/freertos_hooks.c.obj
[579/1044] Building C object esp-idf/hal/CMakeFiles/__idf_hal.dir/spi_hal_iram.c.obj
[565/1044] Building C object esp-idf/hal/CMakeFiles/__idf_hal.dir/spi_flash_hal_gpspi.c.obj
[580/1044] Building ASM object esp-idf/esp_rom/CMakeFiles/__idf_esp_rom.dir/patches/esp_rom_longjmp.S.obj
[605/1044] Building C object esp-idf/esp_system/CMakeFiles/__idf_esp_system.dir/esp_system.c.obj
[581/1044] Building C object esp-idf/esp_rom/CMakeFiles/__idf_esp_rom.dir/patches/esp_rom_gpio.c.obj
-- Components: app_trace app_update bootloader bootloader_support bt cmock console cxx driver efuse esp-tls esp_adc esp_app_format esp_bootloader_format esp_coex esp_common esp_driver_ana_cmpr esp_driver_bitscrambler esp_driver_cam esp_driver_dac esp_driver_gpio esp_driver_gptimer esp_driver_i2c esp_driver_i2s esp_driver_i3c esp_driver_isp esp_driver_jpeg esp_driver_ledc esp_driver_mcpwm esp_driver_parlio esp_driver_pcnt esp_driver_ppa esp_driver_rmt esp_driver_sd_intf esp_driver_sdio esp_driver_sdm esp_driver_sdmmc esp_driver_sdspi esp_driver_spi esp_driver_touch_sens esp_driver_tsens esp_driver_twai esp_driver_uart esp_driver_usb_serial_jtag esp_eth esp_event esp_gdbstub esp_hid esp_http_client esp_http_server esp_https_ota esp_https_server esp_hw_support esp_lcd esp_local_ctrl esp_mm esp_netif esp_netif_stack esp_partition esp_phy esp_pm esp_psram esp_ringbuf esp_rom esp_security esp_system esp_timer esp_vfs_console esp_wifi espcoredump esptool_py fatfs freertos hal heap http_parser idf_test ieee802154 json log lwip main mbedtls mqtt newlib nvs_flash nvs_sec_provider openthread partition_table perfmon protobuf-c protocomm pthread rt sdmmc soc spi_flash spiffs tcp_transport touch_element ulp unity usb vfs wear_levelling wifi_provisioning wpa_supplicant xtensa
[606/1044] Linking C static library esp-idf/heap/libheap.a
[571/1044] Building C object esp-idf/hal/CMakeFiles/__idf_hal.dir/temperature_sensor_hal.c.obj
[582/1044] Linking C static library esp-idf/soc/libsoc.a
[566/1044] Building C object esp-idf/hal/CMakeFiles/__idf_hal.dir/spi_slave_hal_iram.c.obj
-- Component paths: /home/tikhon/Документы/magnolia/esp-idf/components/app_trace /home/tikhon/Документы/magnolia/esp-idf/components/app_update /home/tikhon/Документы/magnolia/esp-idf/components/bootloader /home/tikhon/Документы/magnolia/esp-idf/components/bootloader_support /home/tikhon/Документы/magnolia/esp-idf/components/bt /home/tikhon/Документы/magnolia/esp-idf/components/cmock /home/tikhon/Документы/magnolia/esp-idf/components/console /home/tikhon/Документы/magnolia/esp-idf/components/cxx /home/tikhon/Документы/magnolia/esp-idf/components/driver /home/tikhon/Документы/magnolia/esp-idf/components/efuse /home/tikhon/Документы/magnolia/esp-idf/components/esp-tls /home/tikhon/Документы/magnolia/esp-idf/components/esp_adc /home/tikhon/Документы/magnolia/esp-idf/components/esp_app_format /home/tikhon/Документы/magnolia/esp-idf/components/esp_bootloader_format /home/tikhon/Документы/magnolia/esp-idf/components/esp_coex /home/tikhon/Документы/magnolia/esp-idf/components/esp_common /home/tikhon/Документы/magnolia/esp-idf/components/esp_driver_ana_cmpr /home/tikhon/Документы/magnolia/esp-idf/components/esp_driver_bitscrambler /home/tikhon/Документы/magnolia/esp-idf/components/esp_driver_cam /home/tikhon/Документы/magnolia/esp-idf/components/esp_driver_dac /home/tikhon/Документы/magnolia/esp-idf/components/esp_driver_gpio /home/tikhon/Документы/magnolia/esp-idf/components/esp_driver_gptimer /home/tikhon/Документы/magnolia/esp-idf/components/esp_driver_i2c /home/tikhon/Документы/magnolia/esp-idf/components/esp_driver_i2s /home/tikhon/Документы/magnolia/esp-idf/components/esp_driver_i3c /home/tikhon/Документы/magnolia/esp-idf/components/esp_driver_isp /home/tikhon/Документы/magnolia/esp-idf/components/esp_driver_jpeg /home/tikhon/Документы/magnolia/esp-idf/components/esp_driver_ledc /home/tikhon/Документы/magnolia/esp-idf/components/esp_driver_mcpwm /home/tikhon/Документы/magnolia/esp-idf/components/esp_driver_parlio /home/tikhon/Документы/magnolia/esp-idf/components/esp_driver_pcnt /home/tikhon/Документы/magnolia/esp-idf/components/esp_driver_ppa /home/tikhon/Документы/magnolia/esp-idf/components/esp_driver_rmt /home/tikhon/Документы/magnolia/esp-idf/components/esp_driver_sd_intf /home/tikhon/Документы/magnolia/esp-idf/components/esp_driver_sdio /home/tikhon/Документы/magnolia/esp-idf/components/esp_driver_sdm /home/tikhon/Документы/magnolia/esp-idf/components/esp_driver_sdmmc /home/tikhon/Документы/magnolia/esp-idf/components/esp_driver_sdspi /home/tikhon/Документы/magnolia/esp-idf/components/esp_driver_spi /home/tikhon/Документы/magnolia/esp-idf/components/esp_driver_touch_sens /home/tikhon/Документы/magnolia/esp-idf/components/esp_driver_tsens /home/tikhon/Документы/magnolia/esp-idf/components/esp_driver_twai /home/tikhon/Документы/magnolia/esp-idf/components/esp_driver_uart /home/tikhon/Документы/magnolia/esp-idf/components/esp_driver_usb_serial_jtag /home/tikhon/Документы/magnolia/esp-idf/components/esp_eth /home/tikhon/Документы/magnolia/esp-idf/components/esp_event /home/tikhon/Документы/magnolia/esp-idf/components/esp_gdbstub /home/tikhon/Документы/magnolia/esp-idf/components/esp_hid /home/tikhon/Документы/magnolia/esp-idf/components/esp_http_client /home/tikhon/Документы/magnolia/esp-idf/components/esp_http_server /home/tikhon/Документы/magnolia/esp-idf/components/esp_https_ota /home/tikhon/Документы/magnolia/esp-idf/components/esp_https_server /home/tikhon/Документы/magnolia/esp-idf/components/esp_hw_support /home/tikhon/Документы/magnolia/esp-idf/components/esp_lcd /home/tikhon/Документы/magnolia/esp-idf/components/esp_local_ctrl /home/tikhon/Документы/magnolia/esp-idf/components/esp_mm /home/tikhon/Документы/magnolia/esp-idf/components/esp_netif /home/tikhon/Документы/magnolia/esp-idf/components/esp_netif_stack /home/tikhon/Документы/magnolia/esp-idf/components/esp_partition /home/tikhon/Документы/magnolia/esp-idf/components/esp_phy /home/tikhon/Документы/magnolia/esp-idf/components/esp_pm /home/tikhon/Документы/magnolia/esp-idf/components/esp_psram /home/tikhon/Документы/magnolia/esp-idf/components/esp_ringbuf /home/tikhon/Документы/magnolia/esp-idf/components/esp_rom /home/tikhon/Документы/magnolia/esp-idf/components/esp_security /home/tikhon/Документы/magnolia/esp-idf/components/esp_system /home/tikhon/Документы/magnolia/esp-idf/components/esp_timer /home/tikhon/Документы/magnolia/esp-idf/components/esp_vfs_console /home/tikhon/Документы/magnolia/esp-idf/components/esp_wifi /home/tikhon/Документы/magnolia/esp-idf/components/espcoredump /home/tikhon/Документы/magnolia/esp-idf/components/esptool_py /home/tikhon/Документы/magnolia/esp-idf/components/fatfs /home/tikhon/Документы/magnolia/esp-idf/components/freertos /home/tikhon/Документы/magnolia/esp-idf/components/hal /home/tikhon/Документы/magnolia/esp-idf/components/heap /home/tikhon/Документы/magnolia/esp-idf/components/http_parser /home/tikhon/Документы/magnolia/esp-idf/components/idf_test /home/tikhon/Документы/magnolia/esp-idf/components/ieee802154 /home/tikhon/Документы/magnolia/esp-idf/components/json /home/tikhon/Документы/magnolia/esp-idf/components/log /home/tikhon/Документы/magnolia/esp-idf/components/lwip /home/tikhon/Документы/magnolia/applets/mainline/head/main /home/tikhon/Документы/magnolia/esp-idf/components/mbedtls /home/tikhon/Документы/magnolia/esp-idf/components/mqtt /home/tikhon/Документы/magnolia/esp-idf/components/newlib /home/tikhon/Документы/magnolia/esp-idf/components/nvs_flash /home/tikhon/Документы/magnolia/esp-idf/components/nvs_sec_provider /home/tikhon/Документы/magnolia/esp-idf/components/openthread /home/tikhon/Документы/magnolia/esp-idf/components/partition_table /home/tikhon/Документы/magnolia/esp-idf/components/perfmon /home/tikhon/Документы/magnolia/esp-idf/components/protobuf-c /home/tikhon/Документы/magnolia/esp-idf/components/protocomm /home/tikhon/Документы/magnolia/esp-idf/components/pthread /home/tikhon/Документы/magnolia/esp-idf/components/rt /home/tikhon/Документы/magnolia/esp-idf/components/sdmmc /home/tikhon/Документы/magnolia/esp-idf/components/soc /home/tikhon/Документы/magnolia/esp-idf/components/spi_flash /home/tikhon/Документы/magnolia/esp-idf/components/spiffs /home/tikhon/Документы/magnolia/esp-idf/components/tcp_transport /home/tikhon/Документы/magnolia/esp-idf/components/touch_element /home/tikhon/Документы/magnolia/esp-idf/components/ulp /home/tikhon/Документы/magnolia/esp-idf/components/unity /home/tikhon/Документы/magnolia/esp-idf/components/usb /home/tikhon/Документы/magnolia/esp-idf/components/vfs /home/tikhon/Документы/magnolia/esp-idf/components/wear_levelling /home/tikhon/Документы/magnolia/esp-idf/components/wifi_provisioning /home/tikhon/Документы/magnolia/esp-idf/components/wpa_supplicant /home/tikhon/Документы/magnolia/esp-idf/components/xtensa
[567/1044] Building C object esp-idf/hal/CMakeFiles/__idf_hal.dir/adc_oneshot_hal.c.obj
[583/1044] Building C object esp-idf/hal/CMakeFiles/__idf_hal.dir/spi_flash_hal_gpspi.c.obj
[607/1044] Building C object esp-idf/esp_system/CMakeFiles/__idf_esp_system.dir/system_time.c.obj
[584/1044] Building C object esp-idf/esp_rom/CMakeFiles/__idf_esp_rom.dir/patches/esp_rom_sys.c.obj
[585/1044] Building ASM object esp-idf/esp_rom/CMakeFiles/__idf_esp_rom.dir/patches/esp_rom_cache_writeback_esp32s3.S.obj
[572/1044] Building C object esp-idf/hal/CMakeFiles/__idf_hal.dir/adc_hal.c.obj
[568/1044] Building C object esp-idf/hal/CMakeFiles/__idf_hal.dir/spi_hal.c.obj
[573/1044] Building C object esp-idf/esp_rom/CMakeFiles/__idf_esp_rom.dir/patches/esp_rom_crc.c.obj
-- Configuring done (22.0s)
[569/1044] Linking C static library esp-idf/newlib/libnewlib.a
[586/1044] Building C object esp-idf/esp_rom/CMakeFiles/__idf_esp_rom.dir/patches/esp_rom_cache_esp32s2_esp32s3.c.obj
[570/1044] Building C object esp-idf/esp_rom/CMakeFiles/__idf_esp_rom.dir/patches/esp_rom_sys.c.obj
[574/1044] Building C object esp-idf/hal/CMakeFiles/__idf_hal.dir/spi_slave_hd_hal.c.obj
[575/1044] Building C object esp-idf/hal/CMakeFiles/__idf_hal.dir/usb_wrap_hal.c.obj
[587/1044] Building C object esp-idf/esp_rom/CMakeFiles/__idf_esp_rom.dir/patches/esp_rom_systimer.c.obj
[571/1044] Building C object esp-idf/hal/CMakeFiles/__idf_hal.dir/esp32s3/touch_sensor_hal.c.obj
[576/1044] Building C object esp-idf/hal/CMakeFiles/__idf_hal.dir/touch_sens_hal.c.obj
[608/1044] Building ASM object esp-idf/esp_system/CMakeFiles/__idf_esp_system.dir/port/arch/xtensa/esp_ipc_isr_handler.S.obj
[588/1044] Linking C static library esp-idf/heap/libheap.a
[572/1044] Building C object esp-idf/esp_rom/CMakeFiles/__idf_esp_rom.dir/patches/esp_rom_crc.c.obj
[589/1044] Building C object esp-idf/esp_rom/CMakeFiles/__idf_esp_rom.dir/patches/esp_rom_serial_output.c.obj
[609/1044] Building ASM object esp-idf/esp_system/CMakeFiles/__idf_esp_system.dir/port/arch/xtensa/esp_ipc_isr_routines.S.obj
[590/1044] Building C object esp-idf/esp_rom/CMakeFiles/__idf_esp_rom.dir/patches/esp_rom_efuse.c.obj
[577/1044] Building C object esp-idf/hal/CMakeFiles/__idf_hal.dir/touch_sensor_hal.c.obj
[610/1044] Building C object esp-idf/esp_system/CMakeFiles/__idf_esp_system.dir/port/image_process.c.obj
[591/1044] Building C object esp-idf/hal/CMakeFiles/__idf_hal.dir/esp32s3/rtc_cntl_hal.c.obj
[578/1044] Building C object esp-idf/hal/CMakeFiles/__idf_hal.dir/xt_wdt_hal.c.obj
[579/1044] Building C object esp-idf/esp_rom/CMakeFiles/__idf_esp_rom.dir/patches/esp_rom_sys.c.obj
[611/1044] Building C object esp-idf/esp_system/CMakeFiles/__idf_esp_system.dir/port/arch/xtensa/esp_ipc_isr_port.c.obj
[573/1044] Building C object esp-idf/hal/CMakeFiles/__idf_hal.dir/usb_serial_jtag_hal.c.obj
[580/1044] Building ASM object esp-idf/esp_rom/CMakeFiles/__idf_esp_rom.dir/patches/esp_rom_longjmp.S.obj
[612/1044] Building C object esp-idf/esp_system/CMakeFiles/__idf_esp_system.dir/ubsan.c.obj
[592/1044] Building C object esp-idf/hal/CMakeFiles/__idf_hal.dir/esp32s3/touch_sensor_hal.c.obj
[574/1044] Building C object esp-idf/hal/CMakeFiles/__idf_hal.dir/esp32s3/rtc_cntl_hal.c.obj
[593/1044] Building C object esp-idf/hal/CMakeFiles/__idf_hal.dir/xt_wdt_hal.c.obj
[613/1044] Building C object esp-idf/esp_system/CMakeFiles/__idf_esp_system.dir/int_wdt.c.obj
[581/1044] Building C object esp-idf/esp_rom/CMakeFiles/__idf_esp_rom.dir/patches/esp_rom_gpio.c.obj
[614/1044] Linking C static library esp-idf/log/liblog.a
[594/1044] Building C object esp-idf/esp_system/CMakeFiles/__idf_esp_system.dir/esp_system_console.c.obj
[615/1044] Building C object esp-idf/esp_system/CMakeFiles/__idf_esp_system.dir/port/esp_system_chip.c.obj
[595/1044] Building C object esp-idf/esp_rom/CMakeFiles/__idf_esp_rom.dir/patches/esp_rom_spiflash.c.obj
[616/1044] Building C object esp-idf/esp_system/CMakeFiles/__idf_esp_system.dir/xt_wdt.c.obj
[582/1044] Building C object esp-idf/esp_rom/CMakeFiles/__idf_esp_rom.dir/patches/esp_rom_wdt.c.obj
[596/1044] Building C object esp-idf/esp_rom/CMakeFiles/__idf_esp_rom.dir/patches/esp_rom_wdt.c.obj
[597/1044] Building C object esp-idf/esp_system/CMakeFiles/__idf_esp_system.dir/crosscore_int.c.obj
[575/1044] Linking C static library esp-idf/freertos/libfreertos.a
[617/1044] Building C object esp-idf/esp_system/CMakeFiles/__idf_esp_system.dir/task_wdt/task_wdt_impl_timergroup.c.obj
[618/1044] Building C object esp-idf/esp_system/CMakeFiles/__idf_esp_system.dir/port/arch/xtensa/panic_arch.c.obj
[583/1044] Building C object esp-idf/esp_rom/CMakeFiles/__idf_esp_rom.dir/patches/esp_rom_systimer.c.obj
[584/1044] Building ASM object esp-idf/esp_rom/CMakeFiles/__idf_esp_rom.dir/patches/esp_rom_cache_writeback_esp32s3.S.obj
[619/1044] Building ASM object esp-idf/esp_system/CMakeFiles/__idf_esp_system.dir/port/arch/xtensa/panic_handler_asm.S.obj
[620/1044] Building C object esp-idf/esp_system/CMakeFiles/__idf_esp_system.dir/panic.c.obj
[576/1044] Building C object esp-idf/hal/CMakeFiles/__idf_hal.dir/xt_wdt_hal.c.obj
[577/1044] Building C object esp-idf/esp_rom/CMakeFiles/__idf_esp_rom.dir/patches/esp_rom_spiflash.c.obj
[585/1044] Building C object esp-idf/esp_rom/CMakeFiles/__idf_esp_rom.dir/patches/esp_rom_spiflash.c.obj
[578/1044] Building C object esp-idf/esp_rom/CMakeFiles/__idf_esp_rom.dir/patches/esp_rom_efuse.c.obj
[621/1044] Building C object esp-idf/esp_system/CMakeFiles/__idf_esp_system.dir/startup_funcs.c.obj
[579/1044] Building C object esp-idf/esp_rom/CMakeFiles/__idf_esp_rom.dir/patches/esp_rom_gpio.c.obj
[586/1044] Building C object esp-idf/esp_rom/CMakeFiles/__idf_esp_rom.dir/patches/esp_rom_serial_output.c.obj
[622/1044] Building ASM object esp-idf/esp_system/CMakeFiles/__idf_esp_system.dir/port/arch/xtensa/expression_with_stack_asm.S.obj
[580/1044] Building ASM object esp-idf/esp_rom/CMakeFiles/__idf_esp_rom.dir/patches/esp_rom_longjmp.S.obj
[623/1044] Building ASM object esp-idf/esp_system/CMakeFiles/__idf_esp_system.dir/port/arch/xtensa/debug_helpers_asm.S.obj
[598/1044] Building C object esp-idf/hal/CMakeFiles/__idf_hal.dir/spi_slave_hd_hal.c.obj
[587/1044] Linking C static library esp-idf/esp_hw_support/libesp_hw_support.a
[599/1044] Building C object esp-idf/esp_system/CMakeFiles/__idf_esp_system.dir/stack_check.c.obj
[581/1044] Building C object esp-idf/hal/CMakeFiles/__idf_hal.dir/usb_dwc_hal.c.obj
[600/1044] Linking C static library esp-idf/log/liblog.a
[588/1044] Building C object esp-idf/esp_rom/CMakeFiles/__idf_esp_rom.dir/patches/esp_rom_efuse.c.obj
[624/1044] Building C object esp-idf/esp_system/CMakeFiles/__idf_esp_system.dir/port/arch/xtensa/trax.c.obj
[582/1044] Building C object esp-idf/hal/CMakeFiles/__idf_hal.dir/usb_wrap_hal.c.obj
[583/1044] Building C object esp-idf/hal/CMakeFiles/__idf_hal.dir/i2s_hal.c.obj
[589/1044] Building C object esp-idf/hal/CMakeFiles/__idf_hal.dir/spi_flash_hal_gpspi.c.obj
[625/1044] Building C object esp-idf/esp_system/CMakeFiles/__idf_esp_system.dir/port/esp_ipc_isr.c.obj
[590/1044] Building C object esp-idf/hal/CMakeFiles/__idf_hal.dir/spi_hal_iram.c.obj
[584/1044] Building C object esp-idf/hal/CMakeFiles/__idf_hal.dir/touch_sens_hal.c.obj
[601/1044] Building C object esp-idf/esp_rom/CMakeFiles/__idf_esp_rom.dir/patches/esp_rom_print.c.obj
[591/1044] Building C object esp-idf/hal/CMakeFiles/__idf_hal.dir/esp32s3/rtc_cntl_hal.c.obj
[592/1044] Building C object esp-idf/esp_system/CMakeFiles/__idf_esp_system.dir/esp_system_console.c.obj
[602/1044] Building C object esp-idf/esp_system/CMakeFiles/__idf_esp_system.dir/esp_err.c.obj
[626/1044] Building ASM object esp-idf/esp_system/CMakeFiles/__idf_esp_system.dir/port/soc/esp32s3/highint_hdl.S.obj
[585/1044] Building ASM object esp-idf/esp_rom/CMakeFiles/__idf_esp_rom.dir/patches/esp_rom_cache_writeback_esp32s3.S.obj
[586/1044] Building C object esp-idf/esp_rom/CMakeFiles/__idf_esp_rom.dir/patches/esp_rom_systimer.c.obj
[593/1044] Building C object esp-idf/esp_rom/CMakeFiles/__idf_esp_rom.dir/patches/esp_rom_cache_esp32s2_esp32s3.c.obj
[627/1044] Building C object esp-idf/esp_system/CMakeFiles/__idf_esp_system.dir/port/panic_handler.c.obj
[587/1044] Building C object esp-idf/hal/CMakeFiles/__idf_hal.dir/spi_hal_iram.c.obj
[594/1044] Building C object esp-idf/esp_rom/CMakeFiles/__idf_esp_rom.dir/patches/esp_rom_print.c.obj
[595/1044] Building C object esp-idf/hal/CMakeFiles/__idf_hal.dir/esp32s3/touch_sensor_hal.c.obj
[628/1044] Building C object esp-idf/esp_system/CMakeFiles/__idf_esp_system.dir/port/arch/xtensa/debug_stubs.c.obj
[588/1044] Building C object esp-idf/hal/CMakeFiles/__idf_hal.dir/temperature_sensor_hal.c.obj
[629/1044] Building C object esp-idf/esp_system/CMakeFiles/__idf_esp_system.dir/port/soc/esp32s3/apb_backup_dma.c.obj
[630/1044] Building C object esp-idf/spi_flash/CMakeFiles/__idf_spi_flash.dir/flash_brownout_hook.c.obj
[589/1044] Building C object esp-idf/esp_rom/CMakeFiles/__idf_esp_rom.dir/patches/esp_rom_serial_output.c.obj
[590/1044] Building C object esp-idf/hal/CMakeFiles/__idf_hal.dir/spi_slave_hd_hal.c.obj
[596/1044] Linking C static library esp-idf/soc/libsoc.a
[631/1044] Building C object esp-idf/esp_system/CMakeFiles/__idf_esp_system.dir/port/arch/xtensa/expression_with_stack.c.obj
[591/1044] Building C object esp-idf/esp_rom/CMakeFiles/__idf_esp_rom.dir/patches/esp_rom_print.c.obj
[603/1044] Building C object esp-idf/hal/CMakeFiles/__idf_hal.dir/usb_dwc_hal.c.obj
[592/1044] Building C object esp-idf/esp_system/CMakeFiles/__idf_esp_system.dir/esp_system_console.c.obj
[632/1044] Linking C static library esp-idf/hal/libhal.a
[593/1044] Building C object esp-idf/hal/CMakeFiles/__idf_hal.dir/touch_sensor_hal.c.obj
[594/1044] Building C object esp-idf/esp_rom/CMakeFiles/__idf_esp_rom.dir/patches/esp_rom_wdt.c.obj
[597/1044] Building C object esp-idf/esp_system/CMakeFiles/__idf_esp_system.dir/esp_err.c.obj
[598/1044] Building C object esp-idf/esp_system/CMakeFiles/__idf_esp_system.dir/crosscore_int.c.obj
[595/1044] Building C object esp-idf/esp_system/CMakeFiles/__idf_esp_system.dir/esp_err.c.obj
[599/1044] Building C object esp-idf/esp_system/CMakeFiles/__idf_esp_system.dir/stack_check.c.obj
[604/1044] Building C object esp-idf/esp_system/CMakeFiles/__idf_esp_system.dir/esp_system.c.obj
[600/1044] Building C object esp-idf/hal/CMakeFiles/__idf_hal.dir/usb_dwc_hal.c.obj
[633/1044] Building C object esp-idf/spi_flash/CMakeFiles/__idf_spi_flash.dir/spi_flash_chip_drivers.c.obj
[634/1044] Building C object esp-idf/esp_system/CMakeFiles/__idf_esp_system.dir/port/soc/esp32s3/reset_reason.c.obj
[605/1044] Building C object esp-idf/esp_system/CMakeFiles/__idf_esp_system.dir/system_time.c.obj
[596/1044] Building C object esp-idf/esp_rom/CMakeFiles/__idf_esp_rom.dir/patches/esp_rom_cache_esp32s2_esp32s3.c.obj
[635/1044] Building C object esp-idf/esp_system/CMakeFiles/__idf_esp_system.dir/port/soc/esp32s3/clk.c.obj
[597/1044] Building C object esp-idf/esp_system/CMakeFiles/__idf_esp_system.dir/freertos_hooks.c.obj
[606/1044] Building C object esp-idf/esp_system/CMakeFiles/__idf_esp_system.dir/freertos_hooks.c.obj
[607/1044] Building C object esp-idf/esp_system/CMakeFiles/__idf_esp_system.dir/startup.c.obj
[601/1044] Building C object esp-idf/esp_system/CMakeFiles/__idf_esp_system.dir/startup_funcs.c.obj
[636/1044] Building C object esp-idf/spi_flash/CMakeFiles/__idf_spi_flash.dir/spi_flash_chip_mxic.c.obj
[602/1044] Building C object esp-idf/esp_common/CMakeFiles/__idf_esp_common.dir/src/esp_err_to_name.c.obj
[603/1044] Building C object esp-idf/esp_system/CMakeFiles/__idf_esp_system.dir/int_wdt.c.obj
[598/1044] Building C object esp-idf/esp_system/CMakeFiles/__idf_esp_system.dir/stack_check.c.obj
[637/1044] Linking C static library esp-idf/esp_rom/libesp_rom.a
[638/1044] Building C object esp-idf/spi_flash/CMakeFiles/__idf_spi_flash.dir/spi_flash_hpm_enable.c.obj
[608/1044] Building C object esp-idf/esp_system/CMakeFiles/__idf_esp_system.dir/ubsan.c.obj
[604/1044] Building C object esp-idf/esp_system/CMakeFiles/__idf_esp_system.dir/esp_ipc.c.obj
[639/1044] Building C object esp-idf/spi_flash/CMakeFiles/__idf_spi_flash.dir/spi_flash_chip_issi.c.obj
[599/1044] Linking C static library esp-idf/esp_hw_support/libesp_hw_support.a
[609/1044] Building C object esp-idf/esp_system/CMakeFiles/__idf_esp_system.dir/esp_ipc.c.obj
[640/1044] Building C object esp-idf/spi_flash/CMakeFiles/__idf_spi_flash.dir/spi_flash_chip_boya.c.obj
[605/1044] Building C object esp-idf/esp_system/CMakeFiles/__idf_esp_system.dir/startup.c.obj
[610/1044] Building ASM object esp-idf/esp_system/CMakeFiles/__idf_esp_system.dir/port/arch/xtensa/esp_ipc_isr_routines.S.obj
[606/1044] Building C object esp-idf/esp_system/CMakeFiles/__idf_esp_system.dir/esp_system.c.obj
[607/1044] Building ASM object esp-idf/esp_system/CMakeFiles/__idf_esp_system.dir/port/arch/xtensa/esp_ipc_isr_handler.S.obj
[641/1044] Building C object esp-idf/esp_common/CMakeFiles/__idf_esp_common.dir/src/esp_err_to_name.c.obj
[611/1044] Building C object esp-idf/esp_system/CMakeFiles/__idf_esp_system.dir/xt_wdt.c.obj
[600/1044] Building C object esp-idf/esp_system/CMakeFiles/__idf_esp_system.dir/port/panic_handler.c.obj
[608/1044] Building C object esp-idf/esp_system/CMakeFiles/__idf_esp_system.dir/freertos_hooks.c.obj
[601/1044] Building C object esp-idf/esp_system/CMakeFiles/__idf_esp_system.dir/crosscore_int.c.obj
[642/1044] Building C object esp-idf/spi_flash/CMakeFiles/__idf_spi_flash.dir/spi_flash_chip_th.c.obj
[612/1044] Building C object esp-idf/esp_common/CMakeFiles/__idf_esp_common.dir/src/esp_err_to_name.c.obj
[602/1044] Building C object esp-idf/esp_system/CMakeFiles/__idf_esp_system.dir/esp_ipc.c.obj
[609/1044] Building C object esp-idf/esp_system/CMakeFiles/__idf_esp_system.dir/task_wdt/task_wdt.c.obj
[643/1044] Building C object esp-idf/esp_system/CMakeFiles/__idf_esp_system.dir/port/soc/esp32s3/cache_err_int.c.obj
[613/1044] Linking C static library esp-idf/hal/libhal.a
[644/1044] Building C object esp-idf/esp_system/CMakeFiles/__idf_esp_system.dir/port/arch/xtensa/debug_helpers.c.obj
-- Components: app_trace app_update bootloader bootloader_support bt cmock console cxx driver efuse esp-tls esp_adc esp_app_format esp_bootloader_format esp_coex esp_common esp_driver_ana_cmpr esp_driver_bitscrambler esp_driver_cam esp_driver_dac esp_driver_gpio esp_driver_gptimer esp_driver_i2c esp_driver_i2s esp_driver_i3c esp_driver_isp esp_driver_jpeg esp_driver_ledc esp_driver_mcpwm esp_driver_parlio esp_driver_pcnt esp_driver_ppa esp_driver_rmt esp_driver_sd_intf esp_driver_sdio esp_driver_sdm esp_driver_sdmmc esp_driver_sdspi esp_driver_spi esp_driver_touch_sens esp_driver_tsens esp_driver_twai esp_driver_uart esp_driver_usb_serial_jtag esp_eth esp_event esp_gdbstub esp_hid esp_http_client esp_http_server esp_https_ota esp_https_server esp_hw_support esp_lcd esp_local_ctrl esp_mm esp_netif esp_netif_stack esp_partition esp_phy esp_pm esp_psram esp_ringbuf esp_rom esp_security esp_system esp_timer esp_vfs_console esp_wifi espcoredump esptool_py fatfs freertos hal heap http_parser idf_test ieee802154 json log lwip main mbedtls mqtt newlib nvs_flash nvs_sec_provider openthread partition_table perfmon protobuf-c protocomm pthread rt sdmmc soc spi_flash spiffs tcp_transport touch_element ulp unity usb vfs wear_levelling wifi_provisioning wpa_supplicant xtensa
-- Component paths: /home/tikhon/Документы/magnolia/esp-idf/components/app_trace /home/tikhon/Документы/magnolia/esp-idf/components/app_update /home/tikhon/Документы/magnolia/esp-idf/components/bootloader /home/tikhon/Документы/magnolia/esp-idf/components/bootloader_support /home/tikhon/Документы/magnolia/esp-idf/components/bt /home/tikhon/Документы/magnolia/esp-idf/components/cmock /home/tikhon/Документы/magnolia/esp-idf/components/console /home/tikhon/Документы/magnolia/esp-idf/components/cxx /home/tikhon/Документы/magnolia/esp-idf/components/driver /home/tikhon/Документы/magnolia/esp-idf/components/efuse /home/tikhon/Документы/magnolia/esp-idf/components/esp-tls /home/tikhon/Документы/magnolia/esp-idf/components/esp_adc /home/tikhon/Документы/magnolia/esp-idf/components/esp_app_format /home/tikhon/Документы/magnolia/esp-idf/components/esp_bootloader_format /home/tikhon/Документы/magnolia/esp-idf/components/esp_coex /home/tikhon/Документы/magnolia/esp-idf/components/esp_common /home/tikhon/Документы/magnolia/esp-idf/components/esp_driver_ana_cmpr /home/tikhon/Документы/magnolia/esp-idf/components/esp_driver_bitscrambler /home/tikhon/Документы/magnolia/esp-idf/components/esp_driver_cam /home/tikhon/Документы/magnolia/esp-idf/components/esp_driver_dac /home/tikhon/Документы/magnolia/esp-idf/components/esp_driver_gpio /home/tikhon/Документы/magnolia/esp-idf/components/esp_driver_gptimer /home/tikhon/Документы/magnolia/esp-idf/components/esp_driver_i2c /home/tikhon/Документы/magnolia/esp-idf/components/esp_driver_i2s /home/tikhon/Документы/magnolia/esp-idf/components/esp_driver_i3c /home/tikhon/Документы/magnolia/esp-idf/components/esp_driver_isp /home/tikhon/Документы/magnolia/esp-idf/components/esp_driver_jpeg /home/tikhon/Документы/magnolia/esp-idf/components/esp_driver_ledc /home/tikhon/Документы/magnolia/esp-idf/components/esp_driver_mcpwm /home/tikhon/Документы/magnolia/esp-idf/components/esp_driver_parlio /home/tikhon/Документы/magnolia/esp-idf/components/esp_driver_pcnt /home/tikhon/Документы/magnolia/esp-idf/components/esp_driver_ppa /home/tikhon/Документы/magnolia/esp-idf/components/esp_driver_rmt /home/tikhon/Документы/magnolia/esp-idf/components/esp_driver_sd_intf /home/tikhon/Документы/magnolia/esp-idf/components/esp_driver_sdio /home/tikhon/Документы/magnolia/esp-idf/components/esp_driver_sdm /home/tikhon/Документы/magnolia/esp-idf/components/esp_driver_sdmmc /home/tikhon/Документы/magnolia/esp-idf/components/esp_driver_sdspi /home/tikhon/Документы/magnolia/esp-idf/components/esp_driver_spi /home/tikhon/Документы/magnolia/esp-idf/components/esp_driver_touch_sens /home/tikhon/Документы/magnolia/esp-idf/components/esp_driver_tsens /home/tikhon/Документы/magnolia/esp-idf/components/esp_driver_twai /home/tikhon/Документы/magnolia/esp-idf/components/esp_driver_uart /home/tikhon/Документы/magnolia/esp-idf/components/esp_driver_usb_serial_jtag /home/tikhon/Документы/magnolia/esp-idf/components/esp_eth /home/tikhon/Документы/magnolia/esp-idf/components/esp_event /home/tikhon/Документы/magnolia/esp-idf/components/esp_gdbstub /home/tikhon/Документы/magnolia/esp-idf/components/esp_hid /home/tikhon/Документы/magnolia/esp-idf/components/esp_http_client /home/tikhon/Документы/magnolia/esp-idf/components/esp_http_server /home/tikhon/Документы/magnolia/esp-idf/components/esp_https_ota /home/tikhon/Документы/magnolia/esp-idf/components/esp_https_server /home/tikhon/Документы/magnolia/esp-idf/components/esp_hw_support /home/tikhon/Документы/magnolia/esp-idf/components/esp_lcd /home/tikhon/Документы/magnolia/esp-idf/components/esp_local_ctrl /home/tikhon/Документы/magnolia/esp-idf/components/esp_mm /home/tikhon/Документы/magnolia/esp-idf/components/esp_netif /home/tikhon/Документы/magnolia/esp-idf/components/esp_netif_stack /home/tikhon/Документы/magnolia/esp-idf/components/esp_partition /home/tikhon/Документы/magnolia/esp-idf/components/esp_phy /home/tikhon/Документы/magnolia/esp-idf/components/esp_pm /home/tikhon/Документы/magnolia/esp-idf/components/esp_psram /home/tikhon/Документы/magnolia/esp-idf/components/esp_ringbuf /home/tikhon/Документы/magnolia/esp-idf/components/esp_rom /home/tikhon/Документы/magnolia/esp-idf/components/esp_security /home/tikhon/Документы/magnolia/esp-idf/components/esp_system /home/tikhon/Документы/magnolia/esp-idf/components/esp_timer /home/tikhon/Документы/magnolia/esp-idf/components/esp_vfs_console /home/tikhon/Документы/magnolia/esp-idf/components/esp_wifi /home/tikhon/Документы/magnolia/esp-idf/components/espcoredump /home/tikhon/Документы/magnolia/esp-idf/components/esptool_py /home/tikhon/Документы/magnolia/esp-idf/components/fatfs /home/tikhon/Документы/magnolia/esp-idf/components/freertos /home/tikhon/Документы/magnolia/esp-idf/components/hal /home/tikhon/Документы/magnolia/esp-idf/components/heap /home/tikhon/Документы/magnolia/esp-idf/components/http_parser /home/tikhon/Документы/magnolia/esp-idf/components/idf_test /home/tikhon/Документы/magnolia/esp-idf/components/ieee802154 /home/tikhon/Документы/magnolia/esp-idf/components/json /home/tikhon/Документы/magnolia/esp-idf/components/log /home/tikhon/Документы/magnolia/esp-idf/components/lwip /home/tikhon/Документы/magnolia/applets/mainline/kill/main /home/tikhon/Документы/magnolia/esp-idf/components/mbedtls /home/tikhon/Документы/magnolia/esp-idf/components/mqtt /home/tikhon/Документы/magnolia/esp-idf/components/newlib /home/tikhon/Документы/magnolia/esp-idf/components/nvs_flash /home/tikhon/Документы/magnolia/esp-idf/components/nvs_sec_provider /home/tikhon/Документы/magnolia/esp-idf/components/openthread /home/tikhon/Документы/magnolia/esp-idf/components/partition_table /home/tikhon/Документы/magnolia/esp-idf/components/perfmon /home/tikhon/Документы/magnolia/esp-idf/components/protobuf-c /home/tikhon/Документы/magnolia/esp-idf/components/protocomm /home/tikhon/Документы/magnolia/esp-idf/components/pthread /home/tikhon/Документы/magnolia/esp-idf/components/rt /home/tikhon/Документы/magnolia/esp-idf/components/sdmmc /home/tikhon/Документы/magnolia/esp-idf/components/soc /home/tikhon/Документы/magnolia/esp-idf/components/spi_flash /home/tikhon/Документы/magnolia/esp-idf/components/spiffs /home/tikhon/Документы/magnolia/esp-idf/components/tcp_transport /home/tikhon/Документы/magnolia/esp-idf/components/touch_element /home/tikhon/Документы/magnolia/esp-idf/components/ulp /home/tikhon/Документы/magnolia/esp-idf/components/unity /home/tikhon/Документы/magnolia/esp-idf/components/usb /home/tikhon/Документы/magnolia/esp-idf/components/vfs /home/tikhon/Документы/magnolia/esp-idf/components/wear_levelling /home/tikhon/Документы/magnolia/esp-idf/components/wifi_provisioning /home/tikhon/Документы/magnolia/esp-idf/components/wpa_supplicant /home/tikhon/Документы/magnolia/esp-idf/components/xtensa
[603/1044] Building C object esp-idf/esp_system/CMakeFiles/__idf_esp_system.dir/startup.c.obj
[610/1044] Building C object esp-idf/esp_system/CMakeFiles/__idf_esp_system.dir/ubsan.c.obj
[604/1044] Building C object esp-idf/esp_system/CMakeFiles/__idf_esp_system.dir/esp_system.c.obj
[611/1044] Building ASM object esp-idf/esp_system/CMakeFiles/__idf_esp_system.dir/port/arch/xtensa/panic_handler_asm.S.obj
[605/1044] Building C object esp-idf/esp_system/CMakeFiles/__idf_esp_system.dir/system_time.c.obj
[645/1044] Building C object esp-idf/esp_system/CMakeFiles/__idf_esp_system.dir/task_wdt/task_wdt.c.obj
[612/1044] Building C object esp-idf/esp_system/CMakeFiles/__idf_esp_system.dir/system_time.c.obj
[614/1044] Building C object esp-idf/esp_system/CMakeFiles/__idf_esp_system.dir/int_wdt.c.obj
[646/1044] Linking C static library esp-idf/esp_common/libesp_common.a
[613/1044] Building ASM object esp-idf/esp_system/CMakeFiles/__idf_esp_system.dir/port/arch/xtensa/esp_ipc_isr_routines.S.obj
[615/1044] Building ASM object esp-idf/esp_system/CMakeFiles/__idf_esp_system.dir/port/arch/xtensa/panic_handler_asm.S.obj
[647/1044] Building C object esp-idf/esp_system/CMakeFiles/__idf_esp_system.dir/port/cpu_start.c.obj
[606/1044] Building ASM object esp-idf/esp_system/CMakeFiles/__idf_esp_system.dir/port/arch/xtensa/esp_ipc_isr_routines.S.obj
-- Configuring done (22.6s)
[614/1044] Building ASM object esp-idf/esp_system/CMakeFiles/__idf_esp_system.dir/port/arch/xtensa/debug_helpers_asm.S.obj
[648/1044] Building C object esp-idf/spi_flash/CMakeFiles/__idf_spi_flash.dir/esp32s3/spi_flash_oct_flash_init.c.obj
[616/1044] Building C object esp-idf/esp_system/CMakeFiles/__idf_esp_system.dir/port/arch/xtensa/esp_ipc_isr_port.c.obj
[607/1044] Building C object esp-idf/esp_system/CMakeFiles/__idf_esp_system.dir/ubsan.c.obj
[615/1044] Building C object esp-idf/esp_system/CMakeFiles/__idf_esp_system.dir/port/esp_system_chip.c.obj
[649/1044] Building C object esp-idf/spi_flash/CMakeFiles/__idf_spi_flash.dir/spi_flash_chip_gd.c.obj
[617/1044] Building ASM object esp-idf/esp_system/CMakeFiles/__idf_esp_system.dir/port/arch/xtensa/esp_ipc_isr_handler.S.obj
[650/1044] Building C object esp-idf/spi_flash/CMakeFiles/__idf_spi_flash.dir/spi_flash_chip_mxic_opi.c.obj
[618/1044] Building C object esp-idf/esp_system/CMakeFiles/__idf_esp_system.dir/panic.c.obj
[619/1044] Building C object esp-idf/esp_system/CMakeFiles/__idf_esp_system.dir/port/esp_system_chip.c.obj
[608/1044] Building C object esp-idf/esp_system/CMakeFiles/__idf_esp_system.dir/int_wdt.c.obj
[616/1044] Building ASM object esp-idf/esp_system/CMakeFiles/__idf_esp_system.dir/port/arch/xtensa/expression_with_stack_asm.S.obj
[620/1044] Building C object esp-idf/esp_system/CMakeFiles/__idf_esp_system.dir/port/image_process.c.obj
[651/1044] Building C object esp-idf/spi_flash/CMakeFiles/__idf_spi_flash.dir/memspi_host_driver.c.obj
[609/1044] Building ASM object esp-idf/esp_system/CMakeFiles/__idf_esp_system.dir/port/arch/xtensa/esp_ipc_isr_handler.S.obj
[621/1044] Building ASM object esp-idf/esp_system/CMakeFiles/__idf_esp_system.dir/port/arch/xtensa/expression_with_stack_asm.S.obj
[617/1044] Building C object esp-idf/esp_system/CMakeFiles/__idf_esp_system.dir/port/esp_ipc_isr.c.obj
[652/1044] Building C object esp-idf/spi_flash/CMakeFiles/__idf_spi_flash.dir/spi_flash_chip_winbond.c.obj
[618/1044] Building C object esp-idf/esp_system/CMakeFiles/__idf_esp_system.dir/port/arch/xtensa/esp_ipc_isr_port.c.obj
[622/1044] Linking C static library esp-idf/esp_rom/libesp_rom.a
[653/1044] Building C object esp-idf/spi_flash/CMakeFiles/__idf_spi_flash.dir/flash_mmap.c.obj
[610/1044] Linking C static library esp-idf/soc/libsoc.a
[654/1044] Building C object esp-idf/esp_system/CMakeFiles/__idf_esp_system.dir/port/soc/esp32s3/system_internal.c.obj
[623/1044] Building ASM object esp-idf/esp_system/CMakeFiles/__idf_esp_system.dir/port/arch/xtensa/debug_helpers_asm.S.obj
[624/1044] Building C object esp-idf/esp_system/CMakeFiles/__idf_esp_system.dir/port/panic_handler.c.obj
[619/1044] Building C object esp-idf/esp_system/CMakeFiles/__idf_esp_system.dir/port/arch/xtensa/debug_stubs.c.obj
[625/1044] Building C object esp-idf/esp_system/CMakeFiles/__idf_esp_system.dir/port/arch/xtensa/debug_stubs.c.obj
[655/1044] Building C object esp-idf/esp_mm/CMakeFiles/__idf_esp_mm.dir/port/esp32s3/ext_mem_layout.c.obj
[626/1044] Building C object esp-idf/esp_system/CMakeFiles/__idf_esp_system.dir/port/esp_ipc_isr.c.obj
[620/1044] Building C object esp-idf/heap/CMakeFiles/__idf_heap.dir/tlsf/tlsf.c.obj
[621/1044] Building C object esp-idf/esp_system/CMakeFiles/__idf_esp_system.dir/port/arch/xtensa/trax.c.obj
[627/1044] Building C object esp-idf/esp_system/CMakeFiles/__idf_esp_system.dir/startup_funcs.c.obj
[628/1044] Linking C static library esp-idf/esp_common/libesp_common.a
[611/1044] Building ASM object esp-idf/esp_system/CMakeFiles/__idf_esp_system.dir/port/arch/xtensa/expression_with_stack_asm.S.obj
[622/1044] Building C object esp-idf/esp_system/CMakeFiles/__idf_esp_system.dir/panic.c.obj
[612/1044] Building ASM object esp-idf/esp_system/CMakeFiles/__idf_esp_system.dir/port/arch/xtensa/panic_handler_asm.S.obj
[656/1044] Building C object esp-idf/spi_flash/CMakeFiles/__idf_spi_flash.dir/spi_flash_os_func_noos.c.obj
[623/1044] Building C object esp-idf/esp_system/CMakeFiles/__idf_esp_system.dir/xt_wdt.c.obj
[624/1044] Building C object esp-idf/esp_system/CMakeFiles/__idf_esp_system.dir/port/arch/xtensa/debug_helpers.c.obj
[613/1044] Building C object esp-idf/heap/CMakeFiles/__idf_heap.dir/tlsf/tlsf.c.obj
[625/1044] Building ASM object esp-idf/esp_system/CMakeFiles/__idf_esp_system.dir/port/soc/esp32s3/highint_hdl.S.obj
[629/1044] Building C object esp-idf/esp_system/CMakeFiles/__idf_esp_system.dir/port/soc/esp32s3/reset_reason.c.obj
[657/1044] Building C object esp-idf/bootloader_support/CMakeFiles/__idf_bootloader_support.dir/src/bootloader_mem.c.obj
[658/1044] Building C object esp-idf/esp_mm/CMakeFiles/__idf_esp_mm.dir/esp_cache_utils.c.obj
[614/1044] Building ASM object esp-idf/esp_system/CMakeFiles/__idf_esp_system.dir/port/arch/xtensa/debug_helpers_asm.S.obj
[630/1044] Building ASM object esp-idf/esp_system/CMakeFiles/__idf_esp_system.dir/port/soc/esp32s3/highint_hdl.S.obj
[626/1044] Building C object esp-idf/esp_system/CMakeFiles/__idf_esp_system.dir/port/image_process.c.obj
[615/1044] Building C object esp-idf/esp_system/CMakeFiles/__idf_esp_system.dir/port/arch/xtensa/esp_ipc_isr_port.c.obj
[631/1044] Building C object esp-idf/spi_flash/CMakeFiles/__idf_spi_flash.dir/flash_brownout_hook.c.obj
[627/1044] Building C object esp-idf/spi_flash/CMakeFiles/__idf_spi_flash.dir/flash_brownout_hook.c.obj
[616/1044] Building C object esp-idf/esp_system/CMakeFiles/__idf_esp_system.dir/panic.c.obj
[617/1044] Building C object esp-idf/esp_system/CMakeFiles/__idf_esp_system.dir/port/image_process.c.obj
[632/1044] Building C object esp-idf/esp_system/CMakeFiles/__idf_esp_system.dir/task_wdt/task_wdt_impl_timergroup.c.obj
[618/1044] Building C object esp-idf/esp_system/CMakeFiles/__idf_esp_system.dir/port/arch/xtensa/trax.c.obj
[628/1044] Building C object esp-idf/esp_system/CMakeFiles/__idf_esp_system.dir/port/panic_handler.c.obj
[629/1044] Building C object esp-idf/esp_system/CMakeFiles/__idf_esp_system.dir/port/soc/esp32s3/reset_reason.c.obj
[619/1044] Building C object esp-idf/esp_system/CMakeFiles/__idf_esp_system.dir/xt_wdt.c.obj
[630/1044] Building C object esp-idf/spi_flash/CMakeFiles/__idf_spi_flash.dir/spi_flash_chip_drivers.c.obj
[620/1044] Building C object esp-idf/esp_system/CMakeFiles/__idf_esp_system.dir/port/esp_system_chip.c.obj
[659/1044] Linking C static library esp-idf/esp_system/libesp_system.a
[633/1044] Building C object esp-idf/esp_system/CMakeFiles/__idf_esp_system.dir/task_wdt/task_wdt.c.obj
[621/1044] Building C object esp-idf/esp_system/CMakeFiles/__idf_esp_system.dir/task_wdt/task_wdt.c.obj
[631/1044] Linking C static library esp-idf/heap/libheap.a
[660/1044] Building C object esp-idf/bootloader_support/CMakeFiles/__idf_bootloader_support.dir/src/bootloader_clock_init.c.obj
[622/1044] Linking C static library esp-idf/heap/libheap.a
[623/1044] Building C object esp-idf/esp_system/CMakeFiles/__idf_esp_system.dir/port/arch/xtensa/debug_stubs.c.obj
[661/1044] Building C object esp-idf/spi_flash/CMakeFiles/__idf_spi_flash.dir/spi_flash_wrap.c.obj
[634/1044] Building C object esp-idf/esp_system/CMakeFiles/__idf_esp_system.dir/port/arch/xtensa/trax.c.obj
[662/1044] Building C object esp-idf/bootloader_support/CMakeFiles/__idf_bootloader_support.dir/src/bootloader_random.c.obj
[632/1044] Building C object esp-idf/spi_flash/CMakeFiles/__idf_spi_flash.dir/esp32s3/spi_flash_oct_flash_init.c.obj
[624/1044] Building ASM object esp-idf/esp_system/CMakeFiles/__idf_esp_system.dir/port/soc/esp32s3/highint_hdl.S.obj
[635/1044] Building C object esp-idf/spi_flash/CMakeFiles/__idf_spi_flash.dir/spi_flash_chip_gd.c.obj
[625/1044] Building C object esp-idf/esp_system/CMakeFiles/__idf_esp_system.dir/task_wdt/task_wdt_impl_timergroup.c.obj
[636/1044] Building C object esp-idf/esp_system/CMakeFiles/__idf_esp_system.dir/port/arch/xtensa/expression_with_stack.c.obj
[633/1044] Building C object esp-idf/spi_flash/CMakeFiles/__idf_spi_flash.dir/spi_flash_chip_gd.c.obj
[634/1044] Building C object esp-idf/esp_system/CMakeFiles/__idf_esp_system.dir/port/arch/xtensa/expression_with_stack.c.obj
[637/1044] Building C object esp-idf/spi_flash/CMakeFiles/__idf_spi_flash.dir/spi_flash_chip_issi.c.obj
[663/1044] Building C object esp-idf/bootloader_support/CMakeFiles/__idf_bootloader_support.dir/src/flash_encrypt.c.obj
[635/1044] Linking C static library esp-idf/log/liblog.a
[638/1044] Building C object esp-idf/esp_system/CMakeFiles/__idf_esp_system.dir/port/arch/xtensa/panic_arch.c.obj
[626/1044] Building C object esp-idf/esp_system/CMakeFiles/__idf_esp_system.dir/port/arch/xtensa/expression_with_stack.c.obj
[664/1044] Building C object esp-idf/spi_flash/CMakeFiles/__idf_spi_flash.dir/flash_ops.c.obj
[639/1044] Building C object esp-idf/spi_flash/CMakeFiles/__idf_spi_flash.dir/spi_flash_chip_boya.c.obj
[636/1044] Building C object esp-idf/spi_flash/CMakeFiles/__idf_spi_flash.dir/spi_flash_chip_issi.c.obj
[627/1044] Building C object esp-idf/esp_system/CMakeFiles/__idf_esp_system.dir/startup_funcs.c.obj
[665/1044] Building C object esp-idf/esp_mm/CMakeFiles/__idf_esp_mm.dir/heap_align_hw.c.obj
-- Components: app_trace app_update bootloader bootloader_support bt cmock console cxx driver efuse esp-tls esp_adc esp_app_format esp_bootloader_format esp_coex esp_common esp_driver_ana_cmpr esp_driver_bitscrambler esp_driver_cam esp_driver_dac esp_driver_gpio esp_driver_gptimer esp_driver_i2c esp_driver_i2s esp_driver_i3c esp_driver_isp esp_driver_jpeg esp_driver_ledc esp_driver_mcpwm esp_driver_parlio esp_driver_pcnt esp_driver_ppa esp_driver_rmt esp_driver_sd_intf esp_driver_sdio esp_driver_sdm esp_driver_sdmmc esp_driver_sdspi esp_driver_spi esp_driver_touch_sens esp_driver_tsens esp_driver_twai esp_driver_uart esp_driver_usb_serial_jtag esp_eth esp_event esp_gdbstub esp_hid esp_http_client esp_http_server esp_https_ota esp_https_server esp_hw_support esp_lcd esp_local_ctrl esp_mm esp_netif esp_netif_stack esp_partition esp_phy esp_pm esp_psram esp_ringbuf esp_rom esp_security esp_system esp_timer esp_vfs_console esp_wifi espcoredump esptool_py fatfs freertos hal heap http_parser idf_test ieee802154 json log lwip main mbedtls mqtt newlib nvs_flash nvs_sec_provider openthread partition_table perfmon protobuf-c protocomm pthread rt sdmmc soc spi_flash spiffs tcp_transport touch_element ulp unity usb vfs wear_levelling wifi_provisioning wpa_supplicant xtensa
-- Component paths: /home/tikhon/Документы/magnolia/esp-idf/components/app_trace /home/tikhon/Документы/magnolia/esp-idf/components/app_update /home/tikhon/Документы/magnolia/esp-idf/components/bootloader /home/tikhon/Документы/magnolia/esp-idf/components/bootloader_support /home/tikhon/Документы/magnolia/esp-idf/components/bt /home/tikhon/Документы/magnolia/esp-idf/components/cmock /home/tikhon/Документы/magnolia/esp-idf/components/console /home/tikhon/Документы/magnolia/esp-idf/components/cxx /home/tikhon/Документы/magnolia/esp-idf/components/driver /home/tikhon/Документы/magnolia/esp-idf/components/efuse /home/tikhon/Документы/magnolia/esp-idf/components/esp-tls /home/tikhon/Документы/magnolia/esp-idf/components/esp_adc /home/tikhon/Документы/magnolia/esp-idf/components/esp_app_format /home/tikhon/Документы/magnolia/esp-idf/components/esp_bootloader_format /home/tikhon/Документы/magnolia/esp-idf/components/esp_coex /home/tikhon/Документы/magnolia/esp-idf/components/esp_common /home/tikhon/Документы/magnolia/esp-idf/components/esp_driver_ana_cmpr /home/tikhon/Документы/magnolia/esp-idf/components/esp_driver_bitscrambler /home/tikhon/Документы/magnolia/esp-idf/components/esp_driver_cam /home/tikhon/Документы/magnolia/esp-idf/components/esp_driver_dac /home/tikhon/Документы/magnolia/esp-idf/components/esp_driver_gpio /home/tikhon/Документы/magnolia/esp-idf/components/esp_driver_gptimer /home/tikhon/Документы/magnolia/esp-idf/components/esp_driver_i2c /home/tikhon/Документы/magnolia/esp-idf/components/esp_driver_i2s /home/tikhon/Документы/magnolia/esp-idf/components/esp_driver_i3c /home/tikhon/Документы/magnolia/esp-idf/components/esp_driver_isp /home/tikhon/Документы/magnolia/esp-idf/components/esp_driver_jpeg /home/tikhon/Документы/magnolia/esp-idf/components/esp_driver_ledc /home/tikhon/Документы/magnolia/esp-idf/components/esp_driver_mcpwm /home/tikhon/Документы/magnolia/esp-idf/components/esp_driver_parlio /home/tikhon/Документы/magnolia/esp-idf/components/esp_driver_pcnt /home/tikhon/Документы/magnolia/esp-idf/components/esp_driver_ppa /home/tikhon/Документы/magnolia/esp-idf/components/esp_driver_rmt /home/tikhon/Документы/magnolia/esp-idf/components/esp_driver_sd_intf /home/tikhon/Документы/magnolia/esp-idf/components/esp_driver_sdio /home/tikhon/Документы/magnolia/esp-idf/components/esp_driver_sdm /home/tikhon/Документы/magnolia/esp-idf/components/esp_driver_sdmmc /home/tikhon/Документы/magnolia/esp-idf/components/esp_driver_sdspi /home/tikhon/Документы/magnolia/esp-idf/components/esp_driver_spi /home/tikhon/Документы/magnolia/esp-idf/components/esp_driver_touch_sens /home/tikhon/Документы/magnolia/esp-idf/components/esp_driver_tsens /home/tikhon/Документы/magnolia/esp-idf/components/esp_driver_twai /home/tikhon/Документы/magnolia/esp-idf/components/esp_driver_uart /home/tikhon/Документы/magnolia/esp-idf/components/esp_driver_usb_serial_jtag /home/tikhon/Документы/magnolia/esp-idf/components/esp_eth /home/tikhon/Документы/magnolia/esp-idf/components/esp_event /home/tikhon/Документы/magnolia/esp-idf/components/esp_gdbstub /home/tikhon/Документы/magnolia/esp-idf/components/esp_hid /home/tikhon/Документы/magnolia/esp-idf/components/esp_http_client /home/tikhon/Документы/magnolia/esp-idf/components/esp_http_server /home/tikhon/Документы/magnolia/esp-idf/components/esp_https_ota /home/tikhon/Документы/magnolia/esp-idf/components/esp_https_server /home/tikhon/Документы/magnolia/esp-idf/components/esp_hw_support /home/tikhon/Документы/magnolia/esp-idf/components/esp_lcd /home/tikhon/Документы/magnolia/esp-idf/components/esp_local_ctrl /home/tikhon/Документы/magnolia/esp-idf/components/esp_mm /home/tikhon/Документы/magnolia/esp-idf/components/esp_netif /home/tikhon/Документы/magnolia/esp-idf/components/esp_netif_stack /home/tikhon/Документы/magnolia/esp-idf/components/esp_partition /home/tikhon/Документы/magnolia/esp-idf/components/esp_phy /home/tikhon/Документы/magnolia/esp-idf/components/esp_pm /home/tikhon/Документы/magnolia/esp-idf/components/esp_psram /home/tikhon/Документы/magnolia/esp-idf/components/esp_ringbuf /home/tikhon/Документы/magnolia/esp-idf/components/esp_rom /home/tikhon/Документы/magnolia/esp-idf/components/esp_security /home/tikhon/Документы/magnolia/esp-idf/components/esp_system /home/tikhon/Документы/magnolia/esp-idf/components/esp_timer /home/tikhon/Документы/magnolia/esp-idf/components/esp_vfs_console /home/tikhon/Документы/magnolia/esp-idf/components/esp_wifi /home/tikhon/Документы/magnolia/esp-idf/components/espcoredump /home/tikhon/Документы/magnolia/esp-idf/components/esptool_py /home/tikhon/Документы/magnolia/esp-idf/components/fatfs /home/tikhon/Документы/magnolia/esp-idf/components/freertos /home/tikhon/Документы/magnolia/esp-idf/components/hal /home/tikhon/Документы/magnolia/esp-idf/components/heap /home/tikhon/Документы/magnolia/esp-idf/components/http_parser /home/tikhon/Документы/magnolia/esp-idf/components/idf_test /home/tikhon/Документы/magnolia/esp-idf/components/ieee802154 /home/tikhon/Документы/magnolia/esp-idf/components/json /home/tikhon/Документы/magnolia/esp-idf/components/log /home/tikhon/Документы/magnolia/esp-idf/components/lwip /home/tikhon/Документы/magnolia/applets/mainline/false/main /home/tikhon/Документы/magnolia/esp-idf/components/mbedtls /home/tikhon/Документы/magnolia/esp-idf/components/mqtt /home/tikhon/Документы/magnolia/esp-idf/components/newlib /home/tikhon/Документы/magnolia/esp-idf/components/nvs_flash /home/tikhon/Документы/magnolia/esp-idf/components/nvs_sec_provider /home/tikhon/Документы/magnolia/esp-idf/components/openthread /home/tikhon/Документы/magnolia/esp-idf/components/partition_table /home/tikhon/Документы/magnolia/esp-idf/components/perfmon /home/tikhon/Документы/magnolia/esp-idf/components/protobuf-c /home/tikhon/Документы/magnolia/esp-idf/components/protocomm /home/tikhon/Документы/magnolia/esp-idf/components/pthread /home/tikhon/Документы/magnolia/esp-idf/components/rt /home/tikhon/Документы/magnolia/esp-idf/components/sdmmc /home/tikhon/Документы/magnolia/esp-idf/components/soc /home/tikhon/Документы/magnolia/esp-idf/components/spi_flash /home/tikhon/Документы/magnolia/esp-idf/components/spiffs /home/tikhon/Документы/magnolia/esp-idf/components/tcp_transport /home/tikhon/Документы/magnolia/esp-idf/components/touch_element /home/tikhon/Документы/magnolia/esp-idf/components/ulp /home/tikhon/Документы/magnolia/esp-idf/components/unity /home/tikhon/Документы/magnolia/esp-idf/components/usb /home/tikhon/Документы/magnolia/esp-idf/components/vfs /home/tikhon/Документы/magnolia/esp-idf/components/wear_levelling /home/tikhon/Документы/magnolia/esp-idf/components/wifi_provisioning /home/tikhon/Документы/magnolia/esp-idf/components/wpa_supplicant /home/tikhon/Документы/magnolia/esp-idf/components/xtensa
[628/1044] Building C object esp-idf/esp_system/CMakeFiles/__idf_esp_system.dir/port/arch/xtensa/panic_arch.c.obj
[640/1044] Building C object esp-idf/spi_flash/CMakeFiles/__idf_spi_flash.dir/spi_flash_chip_drivers.c.obj
[629/1044] Building C object esp-idf/spi_flash/CMakeFiles/__idf_spi_flash.dir/flash_brownout_hook.c.obj
[637/1044] Building C object esp-idf/esp_system/CMakeFiles/__idf_esp_system.dir/port/soc/esp32s3/apb_backup_dma.c.obj
[641/1044] Building C object esp-idf/esp_system/CMakeFiles/__idf_esp_system.dir/port/cpu_start.c.obj
[666/1044] Building C object esp-idf/esp_mm/CMakeFiles/__idf_esp_mm.dir/esp_mmu_map.c.obj
[638/1044] Building C object esp-idf/esp_system/CMakeFiles/__idf_esp_system.dir/task_wdt/task_wdt_impl_timergroup.c.obj
-- Configuring done (23.2s)
[639/1044] Building C object esp-idf/esp_system/CMakeFiles/__idf_esp_system.dir/port/arch/xtensa/panic_arch.c.obj
[667/1044] Building C object esp-idf/bootloader_support/CMakeFiles/__idf_bootloader_support.dir/src/bootloader_efuse.c.obj
[642/1044] Building C object esp-idf/esp_system/CMakeFiles/__idf_esp_system.dir/port/arch/xtensa/debug_helpers.c.obj
[630/1044] Linking C static library esp-idf/log/liblog.a
[631/1044] Building C object esp-idf/esp_system/CMakeFiles/__idf_esp_system.dir/port/esp_ipc_isr.c.obj
[643/1044] Building C object esp-idf/spi_flash/CMakeFiles/__idf_spi_flash.dir/spi_flash_chip_generic.c.obj
[668/1044] Building C object esp-idf/spi_flash/CMakeFiles/__idf_spi_flash.dir/cache_utils.c.obj
[632/1044] Building C object esp-idf/spi_flash/CMakeFiles/__idf_spi_flash.dir/spi_flash_hpm_enable.c.obj
[669/1044] Building C object esp-idf/esp_mm/CMakeFiles/__idf_esp_mm.dir/esp_cache_msync.c.obj
[633/1044] Building C object esp-idf/esp_system/CMakeFiles/__idf_esp_system.dir/port/arch/xtensa/debug_helpers.c.obj
[644/1044] Building C object esp-idf/spi_flash/CMakeFiles/__idf_spi_flash.dir/spi_flash_chip_winbond.c.obj
[670/1044] Building C object esp-idf/bootloader_support/CMakeFiles/__idf_bootloader_support.dir/src/bootloader_common_loader.c.obj
[640/1044] Building C object esp-idf/spi_flash/CMakeFiles/__idf_spi_flash.dir/spi_flash_chip_boya.c.obj
[645/1044] Building C object esp-idf/esp_system/CMakeFiles/__idf_esp_system.dir/port/soc/esp32s3/apb_backup_dma.c.obj
[646/1044] Building C object esp-idf/spi_flash/CMakeFiles/__idf_spi_flash.dir/spi_flash_hpm_enable.c.obj
[671/1044] Building C object esp-idf/bootloader_support/CMakeFiles/__idf_bootloader_support.dir/src/secure_boot.c.obj
[672/1044] Building C object esp-idf/spi_flash/CMakeFiles/__idf_spi_flash.dir/spi_flash_chip_generic.c.obj
[641/1044] Building C object esp-idf/esp_system/CMakeFiles/__idf_esp_system.dir/port/soc/esp32s3/system_internal.c.obj
[642/1044] Building C object esp-idf/spi_flash/CMakeFiles/__idf_spi_flash.dir/spi_flash_hpm_enable.c.obj
[647/1044] Building C object esp-idf/spi_flash/CMakeFiles/__idf_spi_flash.dir/spi_flash_chip_th.c.obj
[643/1044] Building C object esp-idf/spi_flash/CMakeFiles/__idf_spi_flash.dir/spi_flash_chip_th.c.obj
[648/1044] Building C object esp-idf/spi_flash/CMakeFiles/__idf_spi_flash.dir/esp32s3/spi_flash_oct_flash_init.c.obj
[673/1044] Building C object esp-idf/mbedtls/mbedtls/library/CMakeFiles/mbedtls.dir/debug.c.obj
[634/1044] Building C object esp-idf/esp_system/CMakeFiles/__idf_esp_system.dir/port/soc/esp32s3/apb_backup_dma.c.obj
[635/1044] Building C object esp-idf/spi_flash/CMakeFiles/__idf_spi_flash.dir/spi_flash_chip_mxic.c.obj
[649/1044] Building C object esp-idf/spi_flash/CMakeFiles/__idf_spi_flash.dir/memspi_host_driver.c.obj
[674/1044] Building C object esp-idf/bootloader_support/CMakeFiles/__idf_bootloader_support.dir/src/flash_partitions.c.obj
[644/1044] Building C object esp-idf/esp_system/CMakeFiles/__idf_esp_system.dir/port/cpu_start.c.obj
[675/1044] Building C object esp-idf/bootloader_support/CMakeFiles/__idf_bootloader_support.dir/src/esp32s3/secure_boot_secure_features.c.obj
[650/1044] Building C object esp-idf/spi_flash/CMakeFiles/__idf_spi_flash.dir/spi_flash_chip_mxic.c.obj
[676/1044] Building C object esp-idf/spi_flash/CMakeFiles/__idf_spi_flash.dir/spi_flash_os_func_app.c.obj
[645/1044] Building C object esp-idf/spi_flash/CMakeFiles/__idf_spi_flash.dir/spi_flash_chip_mxic.c.obj
[636/1044] Building C object esp-idf/esp_system/CMakeFiles/__idf_esp_system.dir/port/soc/esp32s3/reset_reason.c.obj
[651/1044] Building C object esp-idf/esp_mm/CMakeFiles/__idf_esp_mm.dir/port/esp32s3/ext_mem_layout.c.obj
[677/1044] Building C object esp-idf/mbedtls/mbedtls/library/CMakeFiles/mbedtls.dir/mps_reader.c.obj
[646/1044] Building C object esp-idf/spi_flash/CMakeFiles/__idf_spi_flash.dir/memspi_host_driver.c.obj
[647/1044] Building C object esp-idf/spi_flash/CMakeFiles/__idf_spi_flash.dir/spi_flash_chip_winbond.c.obj
[637/1044] Building C object esp-idf/spi_flash/CMakeFiles/__idf_spi_flash.dir/spi_flash_chip_drivers.c.obj
[648/1044] Building C object esp-idf/spi_flash/CMakeFiles/__idf_spi_flash.dir/flash_ops.c.obj
[638/1044] Building C object esp-idf/spi_flash/CMakeFiles/__idf_spi_flash.dir/spi_flash_chip_issi.c.obj
[649/1044] Building C object esp-idf/esp_mm/CMakeFiles/__idf_esp_mm.dir/port/esp32s3/ext_mem_layout.c.obj
[639/1044] Building C object esp-idf/esp_system/CMakeFiles/__idf_esp_system.dir/port/cpu_start.c.obj
[678/1044] Building C object esp-idf/mbedtls/mbedtls/library/CMakeFiles/mbedtls.dir/mps_trace.c.obj
[640/1044] Building C object esp-idf/esp_common/CMakeFiles/__idf_esp_common.dir/src/esp_err_to_name.c.obj
[652/1044] Building C object esp-idf/esp_system/CMakeFiles/__idf_esp_system.dir/port/soc/esp32s3/cache_err_int.c.obj
[650/1044] Building C object esp-idf/esp_system/CMakeFiles/__idf_esp_system.dir/port/soc/esp32s3/cache_err_int.c.obj
[641/1044] Linking C static library esp-idf/hal/libhal.a
[651/1044] Building C object esp-idf/esp_system/CMakeFiles/__idf_esp_system.dir/port/soc/esp32s3/clk.c.obj
[642/1044] Building C object esp-idf/spi_flash/CMakeFiles/__idf_spi_flash.dir/spi_flash_chip_th.c.obj
[653/1044] Building C object esp-idf/esp_system/CMakeFiles/__idf_esp_system.dir/port/soc/esp32s3/system_internal.c.obj
[643/1044] Building C object esp-idf/spi_flash/CMakeFiles/__idf_spi_flash.dir/spi_flash_chip_boya.c.obj
[679/1044] Building C object esp-idf/bootloader_support/CMakeFiles/__idf_bootloader_support.dir/src/bootloader_common.c.obj
[654/1044] Building C object esp-idf/esp_system/CMakeFiles/__idf_esp_system.dir/port/soc/esp32s3/clk.c.obj
[644/1044] Building C object esp-idf/spi_flash/CMakeFiles/__idf_spi_flash.dir/spi_flash_chip_gd.c.obj
[652/1044] Linking C static library esp-idf/hal/libhal.a
[680/1044] Building C object esp-idf/bootloader_support/CMakeFiles/__idf_bootloader_support.dir/bootloader_flash/src/flash_qio_mode.c.obj
[655/1044] Building C object esp-idf/esp_mm/CMakeFiles/__idf_esp_mm.dir/heap_align_hw.c.obj
-- ELF_LOADER: 1.1.1
[681/1044] Building C object esp-idf/mbedtls/mbedtls/library/CMakeFiles/mbedtls.dir/ssl_cookie.c.obj
[653/1044] Building C object esp-idf/spi_flash/CMakeFiles/__idf_spi_flash.dir/spi_flash_os_func_noos.c.obj
[645/1044] Building C object esp-idf/spi_flash/CMakeFiles/__idf_spi_flash.dir/esp32s3/spi_flash_oct_flash_init.c.obj
[656/1044] Building C object esp-idf/bootloader_support/CMakeFiles/__idf_bootloader_support.dir/src/bootloader_mem.c.obj
[657/1044] Building C object esp-idf/spi_flash/CMakeFiles/__idf_spi_flash.dir/spi_flash_chip_mxic_opi.c.obj
[646/1044] Linking C static library esp-idf/esp_rom/libesp_rom.a
[658/1044] Building C object esp-idf/bootloader_support/CMakeFiles/__idf_bootloader_support.dir/src/bootloader_random.c.obj
[682/1044] Building C object esp-idf/mbedtls/mbedtls/library/CMakeFiles/mbedtls.dir/ssl_ciphersuites.c.obj
[647/1044] Building C object esp-idf/spi_flash/CMakeFiles/__idf_spi_flash.dir/spi_flash_chip_generic.c.obj
[654/1044] Building C object esp-idf/esp_mm/CMakeFiles/__idf_esp_mm.dir/heap_align_hw.c.obj
[659/1044] Building C object esp-idf/spi_flash/CMakeFiles/__idf_spi_flash.dir/spi_flash_os_func_noos.c.obj
[655/1044] Building C object esp-idf/bootloader_support/CMakeFiles/__idf_bootloader_support.dir/src/bootloader_clock_init.c.obj
[683/1044] Building C object esp-idf/bootloader_support/CMakeFiles/__idf_bootloader_support.dir/src/bootloader_random_esp32s3.c.obj
[656/1044] Linking C static library esp-idf/esp_rom/libesp_rom.a
[660/1044] Building C object esp-idf/bootloader_support/CMakeFiles/__idf_bootloader_support.dir/src/bootloader_common_loader.c.obj
[657/1044] Building C object esp-idf/bootloader_support/CMakeFiles/__idf_bootloader_support.dir/src/bootloader_mem.c.obj
[648/1044] Building C object esp-idf/esp_system/CMakeFiles/__idf_esp_system.dir/port/soc/esp32s3/cache_err_int.c.obj
[658/1044] Building C object esp-idf/spi_flash/CMakeFiles/__idf_spi_flash.dir/spi_flash_chip_mxic_opi.c.obj
[684/1044] Building C object esp-idf/bootloader_support/CMakeFiles/__idf_bootloader_support.dir/src/bootloader_sha.c.obj
[659/1044] Building C object esp-idf/spi_flash/CMakeFiles/__idf_spi_flash.dir/spi_flash_wrap.c.obj
[661/1044] Building C object esp-idf/spi_flash/CMakeFiles/__idf_spi_flash.dir/spi_flash_wrap.c.obj
[649/1044] Building C object esp-idf/spi_flash/CMakeFiles/__idf_spi_flash.dir/spi_flash_chip_winbond.c.obj
[660/1044] Building C object esp-idf/spi_flash/CMakeFiles/__idf_spi_flash.dir/flash_mmap.c.obj
[662/1044] Building C object esp-idf/spi_flash/CMakeFiles/__idf_spi_flash.dir/flash_ops.c.obj
[650/1044] Linking C static library esp-idf/esp_common/libesp_common.a
[685/1044] Building C object esp-idf/mbedtls/mbedtls/library/CMakeFiles/mbedtls.dir/ssl_tls13_keys.c.obj
[661/1044] Linking C static library esp-idf/esp_common/libesp_common.a
[651/1044] Building C object esp-idf/spi_flash/CMakeFiles/__idf_spi_flash.dir/cache_utils.c.obj
[686/1044] Building C object esp-idf/mbedtls/mbedtls/library/CMakeFiles/mbedtls.dir/ssl_tls13_client.c.obj
[687/1044] Building C object esp-idf/bootloader_support/CMakeFiles/__idf_bootloader_support.dir/bootloader_flash/src/bootloader_flash_config_esp32s3.c.obj
[652/1044] Building C object esp-idf/esp_mm/CMakeFiles/__idf_esp_mm.dir/port/esp32s3/ext_mem_layout.c.obj
[653/1044] Building C object esp-idf/esp_system/CMakeFiles/__idf_esp_system.dir/port/soc/esp32s3/system_internal.c.obj
[654/1044] Building C object esp-idf/spi_flash/CMakeFiles/__idf_spi_flash.dir/memspi_host_driver.c.obj
[655/1044] Building C object esp-idf/spi_flash/CMakeFiles/__idf_spi_flash.dir/spi_flash_chip_mxic_opi.c.obj
[663/1044] Linking C static library esp-idf/esp_system/libesp_system.a
[656/1044] Building C object esp-idf/esp_system/CMakeFiles/__idf_esp_system.dir/port/soc/esp32s3/clk.c.obj
[688/1044] Building C object esp-idf/mbedtls/mbedtls/library/CMakeFiles/mbedtls.dir/ssl_tls13_server.c.obj
[664/1044] Building C object esp-idf/bootloader_support/CMakeFiles/__idf_bootloader_support.dir/src/bootloader_clock_init.c.obj
[689/1044] Building C object esp-idf/spi_flash/CMakeFiles/__idf_spi_flash.dir/esp_flash_spi_init.c.obj
[665/1044] Building C object esp-idf/spi_flash/CMakeFiles/__idf_spi_flash.dir/cache_utils.c.obj
[666/1044] Building C object esp-idf/spi_flash/CMakeFiles/__idf_spi_flash.dir/flash_mmap.c.obj
[690/1044] Building C object esp-idf/mbedtls/mbedtls/library/CMakeFiles/mbedtls.dir/ssl_debug_helpers_generated.c.obj
[657/1044] Building C object esp-idf/spi_flash/CMakeFiles/__idf_spi_flash.dir/spi_flash_os_func_app.c.obj
[662/1044] Building C object esp-idf/bootloader_support/CMakeFiles/__idf_bootloader_support.dir/src/bootloader_random.c.obj
[667/1044] Building C object esp-idf/esp_mm/CMakeFiles/__idf_esp_mm.dir/esp_cache_utils.c.obj
[663/1044] Building C object esp-idf/bootloader_support/CMakeFiles/__idf_bootloader_support.dir/src/bootloader_efuse.c.obj
[668/1044] Building C object esp-idf/esp_mm/CMakeFiles/__idf_esp_mm.dir/esp_cache_msync.c.obj
[658/1044] Building C object esp-idf/spi_flash/CMakeFiles/__idf_spi_flash.dir/spi_flash_os_func_noos.c.obj
[664/1044] Building C object esp-idf/esp_mm/CMakeFiles/__idf_esp_mm.dir/esp_cache_utils.c.obj
[659/1044] Building C object esp-idf/spi_flash/CMakeFiles/__idf_spi_flash.dir/spi_flash_wrap.c.obj
[665/1044] Building C object esp-idf/spi_flash/CMakeFiles/__idf_spi_flash.dir/cache_utils.c.obj
[691/1044] Building C object esp-idf/mbedtls/mbedtls/library/CMakeFiles/mbedtls.dir/ssl_tls13_generic.c.obj
[669/1044] Building C object esp-idf/bootloader_support/CMakeFiles/__idf_bootloader_support.dir/src/bootloader_efuse.c.obj
[666/1044] Building C object esp-idf/spi_flash/CMakeFiles/__idf_spi_flash.dir/spi_flash_chip_generic.c.obj
[692/1044] Building C object esp-idf/mbedtls/mbedtls/library/CMakeFiles/mbedtls.dir/ssl_cache.c.obj
[667/1044] Building C object esp-idf/esp_mm/CMakeFiles/__idf_esp_mm.dir/esp_mmu_map.c.obj
[693/1044] Building C object 'esp-idf/mbedtls/mbedtls/library/CMakeFiles/mbedtls.dir/home/tikhon/Документы/magnolia/esp-idf/components/mbedtls/port/esp_platform_time.c.obj'
[670/1044] Building C object esp-idf/spi_flash/CMakeFiles/__idf_spi_flash.dir/spi_flash_os_func_app.c.obj
[668/1044] Linking C static library esp-idf/esp_system/libesp_system.a
[669/1044] Building C object esp-idf/bootloader_support/CMakeFiles/__idf_bootloader_support.dir/src/bootloader_common.c.obj
[671/1044] Building C object esp-idf/bootloader_support/CMakeFiles/__idf_bootloader_support.dir/src/bootloader_common.c.obj
[694/1044] Building C object esp-idf/mbedtls/mbedtls/library/CMakeFiles/mbedx509.dir/x509_create.c.obj
[670/1044] Building C object esp-idf/esp_mm/CMakeFiles/__idf_esp_mm.dir/esp_cache_msync.c.obj
[660/1044] Building C object esp-idf/spi_flash/CMakeFiles/__idf_spi_flash.dir/flash_ops.c.obj
[671/1044] Building C object esp-idf/spi_flash/CMakeFiles/__idf_spi_flash.dir/esp_flash_spi_init.c.obj
[661/1044] Building C object esp-idf/bootloader_support/CMakeFiles/__idf_bootloader_support.dir/src/bootloader_clock_init.c.obj
[695/1044] Building C object esp-idf/bootloader_support/CMakeFiles/__idf_bootloader_support.dir/bootloader_flash/src/bootloader_flash.c.obj
[672/1044] Building C object esp-idf/spi_flash/CMakeFiles/__idf_spi_flash.dir/spi_flash_os_func_app.c.obj
[662/1044] Building C object esp-idf/spi_flash/CMakeFiles/__idf_spi_flash.dir/flash_mmap.c.obj
[696/1044] Building C object esp-idf/bootloader_support/CMakeFiles/__idf_bootloader_support.dir/src/bootloader_utility.c.obj
[697/1044] Building C object esp-idf/bootloader_support/CMakeFiles/__idf_bootloader_support.dir/src/esp_image_format.c.obj
[663/1044] Building C object esp-idf/esp_mm/CMakeFiles/__idf_esp_mm.dir/heap_align_hw.c.obj
[673/1044] Building C object esp-idf/bootloader_support/CMakeFiles/__idf_bootloader_support.dir/src/secure_boot.c.obj
[672/1044] Building C object esp-idf/bootloader_support/CMakeFiles/__idf_bootloader_support.dir/bootloader_flash/src/flash_qio_mode.c.obj
[664/1044] Linking C static library esp-idf/esp_system/libesp_system.a
[674/1044] Building C object esp-idf/bootloader_support/CMakeFiles/__idf_bootloader_support.dir/src/flash_encrypt.c.obj
[698/1044] Building C object 'esp-idf/mbedtls/mbedtls/library/CMakeFiles/mbedtls.dir/home/tikhon/Документы/magnolia/esp-idf/components/mbedtls/port/mbedtls_debug.c.obj'
[665/1044] Building C object esp-idf/bootloader_support/CMakeFiles/__idf_bootloader_support.dir/src/bootloader_efuse.c.obj
[673/1044] Building C object esp-idf/bootloader_support/CMakeFiles/__idf_bootloader_support.dir/src/secure_boot.c.obj
[674/1044] Building C object esp-idf/mbedtls/mbedtls/library/CMakeFiles/mbedtls.dir/mps_reader.c.obj
[666/1044] Building C object esp-idf/bootloader_support/CMakeFiles/__idf_bootloader_support.dir/src/bootloader_common.c.obj
[667/1044] Building C object esp-idf/bootloader_support/CMakeFiles/__idf_bootloader_support.dir/src/bootloader_mem.c.obj
[675/1044] Building C object esp-idf/mbedtls/mbedtls/library/CMakeFiles/mbedtls.dir/debug.c.obj
[699/1044] Building C object esp-idf/spi_flash/CMakeFiles/__idf_spi_flash.dir/esp_flash_api.c.obj
[700/1044] Building C object esp-idf/mbedtls/mbedtls/library/CMakeFiles/mbedtls.dir/ssl_ticket.c.obj
[668/1044] Building C object esp-idf/bootloader_support/CMakeFiles/__idf_bootloader_support.dir/src/bootloader_random.c.obj
[675/1044] Building C object esp-idf/bootloader_support/CMakeFiles/__idf_bootloader_support.dir/src/flash_partitions.c.obj
[676/1044] Building C object esp-idf/bootloader_support/CMakeFiles/__idf_bootloader_support.dir/src/flash_partitions.c.obj
[701/1044] Building C object esp-idf/mbedtls/mbedtls/library/CMakeFiles/mbedx509.dir/x509write_csr.c.obj
[677/1044] Building C object esp-idf/bootloader_support/CMakeFiles/__idf_bootloader_support.dir/src/flash_encrypt.c.obj
[702/1044] Building C object esp-idf/mbedtls/mbedtls/library/CMakeFiles/mbedx509.dir/x509write.c.obj
[678/1044] Building C object esp-idf/mbedtls/mbedtls/library/CMakeFiles/mbedtls.dir/mps_trace.c.obj
[676/1044] Building C object esp-idf/mbedtls/mbedtls/library/CMakeFiles/mbedtls.dir/mps_trace.c.obj
[669/1044] Building C object esp-idf/esp_mm/CMakeFiles/__idf_esp_mm.dir/esp_cache_utils.c.obj
[677/1044] Building C object esp-idf/bootloader_support/CMakeFiles/__idf_bootloader_support.dir/src/bootloader_random_esp32s3.c.obj
[703/1044] Building C object esp-idf/mbedtls/mbedtls/library/CMakeFiles/mbedx509.dir/x509write_crt.c.obj
[679/1044] Building C object esp-idf/bootloader_support/CMakeFiles/__idf_bootloader_support.dir/bootloader_flash/src/bootloader_flash_config_esp32s3.c.obj
[670/1044] Building C object esp-idf/esp_mm/CMakeFiles/__idf_esp_mm.dir/esp_cache_msync.c.obj
[678/1044] Building C object esp-idf/mbedtls/mbedtls/library/CMakeFiles/mbedtls.dir/mps_reader.c.obj
[680/1044] Building C object esp-idf/bootloader_support/CMakeFiles/__idf_bootloader_support.dir/src/esp32s3/secure_boot_secure_features.c.obj
[679/1044] Building C object esp-idf/bootloader_support/CMakeFiles/__idf_bootloader_support.dir/src/bootloader_common_loader.c.obj
[680/1044] Building C object esp-idf/mbedtls/mbedtls/library/CMakeFiles/mbedtls.dir/debug.c.obj
[681/1044] Building C object esp-idf/esp_mm/CMakeFiles/__idf_esp_mm.dir/esp_mmu_map.c.obj
[681/1044] Building C object esp-idf/mbedtls/mbedtls/library/CMakeFiles/mbedtls.dir/ssl_cookie.c.obj
[704/1044] Building C object esp-idf/mbedtls/mbedtls/library/CMakeFiles/mbedcrypto.dir/aesni.c.obj
[682/1044] Building C object esp-idf/bootloader_support/CMakeFiles/__idf_bootloader_support.dir/bootloader_flash/src/flash_qio_mode.c.obj
[682/1044] Building C object esp-idf/spi_flash/CMakeFiles/__idf_spi_flash.dir/esp_flash_spi_init.c.obj
[705/1044] Linking C static library esp-idf/spi_flash/libspi_flash.a
[706/1044] Building C object esp-idf/mbedtls/mbedtls/library/CMakeFiles/mbedtls.dir/ssl_client.c.obj
[683/1044] Building C object esp-idf/mbedtls/mbedtls/library/CMakeFiles/mbedtls.dir/ssl_cookie.c.obj
[671/1044] Building C object esp-idf/spi_flash/CMakeFiles/__idf_spi_flash.dir/esp_flash_spi_init.c.obj
[684/1044] Building C object esp-idf/bootloader_support/CMakeFiles/__idf_bootloader_support.dir/src/bootloader_random_esp32s3.c.obj
[685/1044] Building C object esp-idf/mbedtls/mbedtls/library/CMakeFiles/mbedtls.dir/ssl_debug_helpers_generated.c.obj
[707/1044] Building C object esp-idf/mbedtls/mbedtls/library/CMakeFiles/mbedcrypto.dir/aesce.c.obj
[686/1044] Building C object esp-idf/bootloader_support/CMakeFiles/__idf_bootloader_support.dir/src/bootloader_sha.c.obj
[672/1044] Building C object esp-idf/bootloader_support/CMakeFiles/__idf_bootloader_support.dir/src/flash_partitions.c.obj
[683/1044] Building C object esp-idf/bootloader_support/CMakeFiles/__idf_bootloader_support.dir/src/bootloader_sha.c.obj
[673/1044] Building C object esp-idf/mbedtls/mbedtls/library/CMakeFiles/mbedtls.dir/debug.c.obj
[674/1044] Building C object esp-idf/mbedtls/mbedtls/library/CMakeFiles/mbedtls.dir/mps_trace.c.obj
[684/1044] Building C object esp-idf/mbedtls/mbedtls/library/CMakeFiles/mbedtls.dir/ssl_ciphersuites.c.obj
[685/1044] Building C object esp-idf/bootloader_support/CMakeFiles/__idf_bootloader_support.dir/src/esp32s3/secure_boot_secure_features.c.obj
[708/1044] Linking C static library esp-idf/esp_mm/libesp_mm.a
[686/1044] Building C object esp-idf/spi_flash/CMakeFiles/__idf_spi_flash.dir/esp_flash_api.c.obj
[675/1044] Building C object esp-idf/bootloader_support/CMakeFiles/__idf_bootloader_support.dir/src/bootloader_common_loader.c.obj
[687/1044] Building C object esp-idf/bootloader_support/CMakeFiles/__idf_bootloader_support.dir/bootloader_flash/src/bootloader_flash_config_esp32s3.c.obj
[687/1044] Building C object esp-idf/mbedtls/mbedtls/library/CMakeFiles/mbedtls.dir/ssl_tls13_keys.c.obj
[676/1044] Building C object esp-idf/bootloader_support/CMakeFiles/__idf_bootloader_support.dir/src/secure_boot.c.obj
[677/1044] Building C object esp-idf/bootloader_support/CMakeFiles/__idf_bootloader_support.dir/src/bootloader_random_esp32s3.c.obj
[688/1044] Building C object esp-idf/bootloader_support/CMakeFiles/__idf_bootloader_support.dir/bootloader_flash/src/bootloader_flash.c.obj
[689/1044] Building C object esp-idf/mbedtls/mbedtls/library/CMakeFiles/mbedtls.dir/ssl_tls13_server.c.obj
[678/1044] Building C object esp-idf/mbedtls/mbedtls/library/CMakeFiles/mbedtls.dir/mps_reader.c.obj
[690/1044] Building C object esp-idf/mbedtls/mbedtls/library/CMakeFiles/mbedtls.dir/ssl_debug_helpers_generated.c.obj
[679/1044] Building C object esp-idf/bootloader_support/CMakeFiles/__idf_bootloader_support.dir/src/flash_encrypt.c.obj
[709/1044] Building C object esp-idf/mbedtls/mbedtls/library/CMakeFiles/mbedtls.dir/ssl_msg.c.obj
[688/1044] Building C object esp-idf/mbedtls/mbedtls/library/CMakeFiles/mbedtls.dir/ssl_tls13_server.c.obj
[691/1044] Building C object esp-idf/mbedtls/mbedtls/library/CMakeFiles/mbedtls.dir/ssl_tls13_keys.c.obj
[680/1044] Building C object esp-idf/bootloader_support/CMakeFiles/__idf_bootloader_support.dir/src/esp32s3/secure_boot_secure_features.c.obj
[689/1044] Building C object esp-idf/mbedtls/mbedtls/library/CMakeFiles/mbedtls.dir/ssl_tls13_client.c.obj
[681/1044] Building C object esp-idf/bootloader_support/CMakeFiles/__idf_bootloader_support.dir/bootloader_flash/src/flash_qio_mode.c.obj
[682/1044] Building C object esp-idf/mbedtls/mbedtls/library/CMakeFiles/mbedtls.dir/ssl_cookie.c.obj
[692/1044] Building C object esp-idf/mbedtls/mbedtls/library/CMakeFiles/mbedtls.dir/ssl_tls13_generic.c.obj
[710/1044] Linking C static library esp-idf/bootloader_support/libbootloader_support.a
[690/1044] Building C object esp-idf/mbedtls/mbedtls/library/CMakeFiles/mbedtls.dir/ssl_tls13_generic.c.obj
[711/1044] Building C object esp-idf/mbedtls/mbedtls/library/CMakeFiles/mbedx509.dir/pkcs7.c.obj
[712/1044] Building C object esp-idf/mbedtls/mbedtls/library/CMakeFiles/mbedcrypto.dir/aes.c.obj
[693/1044] Building C object esp-idf/mbedtls/mbedtls/library/CMakeFiles/mbedtls.dir/ssl_cache.c.obj
[694/1044] Building C object esp-idf/mbedtls/mbedtls/library/CMakeFiles/mbedtls.dir/ssl_tls13_client.c.obj
[691/1044] Building C object esp-idf/mbedtls/mbedtls/library/CMakeFiles/mbedtls.dir/ssl_cache.c.obj
[695/1044] Building C object esp-idf/mbedtls/mbedtls/library/CMakeFiles/mbedx509.dir/x509_create.c.obj
[692/1044] Building C object esp-idf/mbedtls/mbedtls/library/CMakeFiles/mbedtls.dir/ssl_ciphersuites.c.obj
[696/1044] Building C object esp-idf/mbedtls/mbedtls/library/CMakeFiles/mbedtls.dir/ssl_client.c.obj
[683/1044] Building C object esp-idf/bootloader_support/CMakeFiles/__idf_bootloader_support.dir/src/bootloader_sha.c.obj
[713/1044] Building C object esp-idf/mbedtls/mbedtls/library/CMakeFiles/mbedx509.dir/x509_crl.c.obj
[714/1044] Building C object esp-idf/mbedtls/mbedtls/library/CMakeFiles/mbedx509.dir/x509_csr.c.obj
[697/1044] Linking C static library esp-idf/spi_flash/libspi_flash.a
[684/1044] Building C object esp-idf/esp_mm/CMakeFiles/__idf_esp_mm.dir/esp_mmu_map.c.obj
[693/1044] Building C object 'esp-idf/mbedtls/mbedtls/library/CMakeFiles/mbedtls.dir/home/tikhon/Документы/magnolia/esp-idf/components/mbedtls/port/esp_platform_time.c.obj'
[685/1044] Building C object esp-idf/bootloader_support/CMakeFiles/__idf_bootloader_support.dir/bootloader_flash/src/bootloader_flash_config_esp32s3.c.obj
[715/1044] Building C object 'esp-idf/mbedtls/mbedtls/library/CMakeFiles/mbedtls.dir/home/tikhon/Документы/magnolia/esp-idf/components/mbedtls/port/net_sockets.c.obj'
[694/1044] Building C object esp-idf/bootloader_support/CMakeFiles/__idf_bootloader_support.dir/bootloader_flash/src/bootloader_flash.c.obj
[716/1044] Building C object esp-idf/mbedtls/mbedtls/library/CMakeFiles/mbedcrypto.dir/camellia.c.obj
[698/1044] Building C object 'esp-idf/mbedtls/mbedtls/library/CMakeFiles/mbedtls.dir/home/tikhon/Документы/magnolia/esp-idf/components/mbedtls/port/esp_platform_time.c.obj'
[717/1044] Building C object esp-idf/mbedtls/mbedtls/library/CMakeFiles/mbedcrypto.dir/asn1parse.c.obj
[686/1044] Building C object esp-idf/mbedtls/mbedtls/library/CMakeFiles/mbedtls.dir/ssl_tls13_keys.c.obj
[718/1044] Building C object esp-idf/mbedtls/mbedtls/library/CMakeFiles/mbedcrypto.dir/bignum_mod.c.obj
[719/1044] Building C object esp-idf/mbedtls/mbedtls/library/CMakeFiles/mbedcrypto.dir/asn1write.c.obj
[695/1044] Building C object esp-idf/mbedtls/mbedtls/library/CMakeFiles/mbedx509.dir/x509_create.c.obj
[687/1044] Building C object esp-idf/mbedtls/mbedtls/library/CMakeFiles/mbedtls.dir/ssl_tls13_server.c.obj
[688/1044] Building C object esp-idf/bootloader_support/CMakeFiles/__idf_bootloader_support.dir/bootloader_flash/src/bootloader_flash.c.obj
[720/1044] Building C object esp-idf/mbedtls/mbedtls/library/CMakeFiles/mbedcrypto.dir/base64.c.obj
[696/1044] Building C object esp-idf/mbedtls/mbedtls/library/CMakeFiles/mbedtls.dir/ssl_client.c.obj
[697/1044] Building C object 'esp-idf/mbedtls/mbedtls/library/CMakeFiles/mbedtls.dir/home/tikhon/Документы/magnolia/esp-idf/components/mbedtls/port/mbedtls_debug.c.obj'
[721/1044] Building C object esp-idf/mbedtls/mbedtls/library/CMakeFiles/mbedcrypto.dir/bignum_mod_raw.c.obj
[689/1044] Building C object esp-idf/mbedtls/mbedtls/library/CMakeFiles/mbedtls.dir/ssl_tls13_client.c.obj
[699/1044] Linking C static library esp-idf/esp_mm/libesp_mm.a
[722/1044] Building C object esp-idf/mbedtls/mbedtls/library/CMakeFiles/mbedcrypto.dir/block_cipher.c.obj
[698/1044] Building C object esp-idf/mbedtls/mbedtls/library/CMakeFiles/mbedtls.dir/ssl_ticket.c.obj
[700/1044] Building C object esp-idf/mbedtls/mbedtls/library/CMakeFiles/mbedx509.dir/x509write.c.obj
[690/1044] Building C object esp-idf/mbedtls/mbedtls/library/CMakeFiles/mbedtls.dir/ssl_tls13_generic.c.obj
[701/1044] Building C object esp-idf/mbedtls/mbedtls/library/CMakeFiles/mbedx509.dir/x509write_crt.c.obj
[699/1044] Building C object esp-idf/spi_flash/CMakeFiles/__idf_spi_flash.dir/esp_flash_api.c.obj
[702/1044] Building C object esp-idf/mbedtls/mbedtls/library/CMakeFiles/mbedtls.dir/ssl_ticket.c.obj
[691/1044] Building C object 'esp-idf/mbedtls/mbedtls/library/CMakeFiles/mbedtls.dir/home/tikhon/Документы/magnolia/esp-idf/components/mbedtls/port/mbedtls_debug.c.obj'
[723/1044] Building C object esp-idf/mbedtls/mbedtls/library/CMakeFiles/mbedtls.dir/ssl_tls12_client.c.obj
[724/1044] Building C object esp-idf/mbedtls/mbedtls/library/CMakeFiles/mbedcrypto.dir/chacha20.c.obj
[692/1044] Building C object esp-idf/mbedtls/mbedtls/library/CMakeFiles/mbedtls.dir/ssl_debug_helpers_generated.c.obj
[703/1044] Building C object 'esp-idf/mbedtls/mbedtls/library/CMakeFiles/mbedtls.dir/home/tikhon/Документы/magnolia/esp-idf/components/mbedtls/port/mbedtls_debug.c.obj'
[693/1044] Building C object esp-idf/mbedtls/mbedtls/library/CMakeFiles/mbedtls.dir/ssl_ciphersuites.c.obj
[700/1044] Building C object esp-idf/bootloader_support/CMakeFiles/__idf_bootloader_support.dir/src/bootloader_utility.c.obj
[704/1044] Building C object esp-idf/mbedtls/mbedtls/library/CMakeFiles/mbedx509.dir/x509write_csr.c.obj
[701/1044] Building C object esp-idf/mbedtls/mbedtls/library/CMakeFiles/mbedx509.dir/x509write.c.obj
[725/1044] Building C object esp-idf/mbedtls/mbedtls/library/CMakeFiles/mbedcrypto.dir/chachapoly.c.obj
[702/1044] Building C object esp-idf/mbedtls/mbedtls/library/CMakeFiles/mbedx509.dir/x509write_crt.c.obj
[726/1044] Building C object esp-idf/mbedtls/mbedtls/library/CMakeFiles/mbedcrypto.dir/des.c.obj
[694/1044] Building C object 'esp-idf/mbedtls/mbedtls/library/CMakeFiles/mbedtls.dir/home/tikhon/Документы/magnolia/esp-idf/components/mbedtls/port/esp_platform_time.c.obj'
[727/1044] Building C object esp-idf/mbedtls/mbedtls/library/CMakeFiles/mbedcrypto.dir/constant_time.c.obj
[703/1044] Building C object esp-idf/bootloader_support/CMakeFiles/__idf_bootloader_support.dir/src/esp_image_format.c.obj
[705/1044] Building C object esp-idf/bootloader_support/CMakeFiles/__idf_bootloader_support.dir/src/esp_image_format.c.obj
[695/1044] Building C object esp-idf/spi_flash/CMakeFiles/__idf_spi_flash.dir/esp_flash_api.c.obj
[696/1044] Building C object esp-idf/mbedtls/mbedtls/library/CMakeFiles/mbedtls.dir/ssl_cache.c.obj
[704/1044] Building C object esp-idf/mbedtls/mbedtls/library/CMakeFiles/mbedcrypto.dir/aesni.c.obj
[705/1044] Building C object esp-idf/mbedtls/mbedtls/library/CMakeFiles/mbedx509.dir/x509write_csr.c.obj
[728/1044] Building C object esp-idf/mbedtls/mbedtls/library/CMakeFiles/mbedcrypto.dir/aria.c.obj
[706/1044] Building C object esp-idf/mbedtls/mbedtls/library/CMakeFiles/mbedcrypto.dir/aesce.c.obj
[697/1044] Building C object esp-idf/mbedtls/mbedtls/library/CMakeFiles/mbedx509.dir/x509_create.c.obj
[706/1044] Linking C static library esp-idf/spi_flash/libspi_flash.a
[707/1044] Building C object esp-idf/mbedtls/mbedtls/library/CMakeFiles/mbedcrypto.dir/aesni.c.obj
[707/1044] Building C object esp-idf/mbedtls/mbedtls/library/CMakeFiles/mbedcrypto.dir/aesce.c.obj
[708/1044] Building C object esp-idf/bootloader_support/CMakeFiles/__idf_bootloader_support.dir/src/bootloader_utility.c.obj
[698/1044] Linking C static library esp-idf/spi_flash/libspi_flash.a
[729/1044] Building C object esp-idf/mbedtls/mbedtls/library/CMakeFiles/mbedcrypto.dir/ecjpake.c.obj
-- Project sdkconfig file /home/tikhon/Документы/magnolia/applets/mainline/medit/sdkconfig
[699/1044] Building C object esp-idf/mbedtls/mbedtls/library/CMakeFiles/mbedx509.dir/x509write.c.obj
[730/1044] Building C object esp-idf/mbedtls/mbedtls/library/CMakeFiles/mbedcrypto.dir/cipher_wrap.c.obj
[700/1044] Building C object esp-idf/bootloader_support/CMakeFiles/__idf_bootloader_support.dir/src/esp_image_format.c.obj
-- Compiler supported targets: xtensa-esp-elf
[701/1044] Building C object esp-idf/mbedtls/mbedtls/library/CMakeFiles/mbedx509.dir/x509write_crt.c.obj
[709/1044] Linking C static library esp-idf/bootloader_support/libbootloader_support.a
[731/1044] Building C object esp-idf/mbedtls/mbedtls/library/CMakeFiles/mbedcrypto.dir/dhm.c.obj
[702/1044] Building C object esp-idf/mbedtls/mbedtls/library/CMakeFiles/mbedtls.dir/ssl_client.c.obj
[703/1044] Linking C static library esp-idf/esp_mm/libesp_mm.a
[708/1044] Linking C static library esp-idf/esp_mm/libesp_mm.a
[732/1044] Building C object esp-idf/mbedtls/mbedtls/library/CMakeFiles/mbedcrypto.dir/ecp_curves_new.c.obj
[704/1044] Building C object esp-idf/bootloader_support/CMakeFiles/__idf_bootloader_support.dir/src/bootloader_utility.c.obj
[705/1044] Building C object esp-idf/mbedtls/mbedtls/library/CMakeFiles/mbedx509.dir/x509write_csr.c.obj
[709/1044] Building C object esp-idf/mbedtls/mbedtls/library/CMakeFiles/mbedcrypto.dir/aes.c.obj
[710/1044] Building C object esp-idf/mbedtls/mbedtls/library/CMakeFiles/mbedx509.dir/pkcs7.c.obj
[711/1044] Building C object esp-idf/mbedtls/mbedtls/library/CMakeFiles/mbedx509.dir/x509_csr.c.obj
[706/1044] Building C object esp-idf/mbedtls/mbedtls/library/CMakeFiles/mbedtls.dir/ssl_ticket.c.obj
[710/1044] Building C object 'esp-idf/mbedtls/mbedtls/library/CMakeFiles/mbedtls.dir/home/tikhon/Документы/magnolia/esp-idf/components/mbedtls/port/net_sockets.c.obj'
[711/1044] Building C object esp-idf/mbedtls/mbedtls/library/CMakeFiles/mbedcrypto.dir/asn1write.c.obj
[733/1044] Building C object esp-idf/mbedtls/mbedtls/library/CMakeFiles/mbedcrypto.dir/bignum_core.c.obj
[712/1044] Building C object esp-idf/mbedtls/mbedtls/library/CMakeFiles/mbedtls.dir/ssl_tls12_client.c.obj
[713/1044] Building C object esp-idf/mbedtls/mbedtls/library/CMakeFiles/mbedx509.dir/x509_crl.c.obj
[714/1044] Building C object esp-idf/mbedtls/mbedtls/library/CMakeFiles/mbedcrypto.dir/asn1write.c.obj
[712/1044] Linking C static library esp-idf/bootloader_support/libbootloader_support.a
[707/1044] Building C object esp-idf/mbedtls/mbedtls/library/CMakeFiles/mbedcrypto.dir/aesni.c.obj
[715/1044] Building C object esp-idf/mbedtls/mbedtls/library/CMakeFiles/mbedcrypto.dir/base64.c.obj
[734/1044] Building C object esp-idf/mbedtls/mbedtls/library/CMakeFiles/mbedcrypto.dir/ecdsa.c.obj
[708/1044] Building C object esp-idf/mbedtls/mbedtls/library/CMakeFiles/mbedcrypto.dir/aesce.c.obj
[735/1044] Building C object esp-idf/mbedtls/mbedtls/library/CMakeFiles/mbedcrypto.dir/ccm.c.obj
[709/1044] Building C object 'esp-idf/mbedtls/mbedtls/library/CMakeFiles/mbedtls.dir/home/tikhon/Документы/magnolia/esp-idf/components/mbedtls/port/net_sockets.c.obj'
[736/1044] Building C object esp-idf/mbedtls/mbedtls/library/CMakeFiles/mbedcrypto.dir/cmac.c.obj
[716/1044] Building C object esp-idf/mbedtls/mbedtls/library/CMakeFiles/mbedcrypto.dir/aes.c.obj
[713/1044] Building C object esp-idf/mbedtls/mbedtls/library/CMakeFiles/mbedx509.dir/pkcs7.c.obj
[717/1044] Building C object esp-idf/mbedtls/mbedtls/library/CMakeFiles/mbedcrypto.dir/bignum_mod.c.obj
[737/1044] Building C object esp-idf/mbedtls/mbedtls/library/CMakeFiles/mbedcrypto.dir/ctr_drbg.c.obj
[718/1044] Building C object esp-idf/mbedtls/mbedtls/library/CMakeFiles/mbedcrypto.dir/camellia.c.obj
[710/1044] Linking C static library esp-idf/bootloader_support/libbootloader_support.a
[738/1044] Building C object esp-idf/mbedtls/mbedtls/library/CMakeFiles/mbedtls.dir/ssl_tls12_server.c.obj
[714/1044] Building C object esp-idf/mbedtls/mbedtls/library/CMakeFiles/mbedcrypto.dir/block_cipher.c.obj
[719/1044] Building C object esp-idf/mbedtls/mbedtls/library/CMakeFiles/mbedcrypto.dir/bignum_mod_raw.c.obj
[739/1044] Building C object esp-idf/mbedtls/mbedtls/library/CMakeFiles/mbedcrypto.dir/ecdh.c.obj
[715/1044] Building C object esp-idf/mbedtls/mbedtls/library/CMakeFiles/mbedx509.dir/x509_csr.c.obj
[720/1044] Building C object esp-idf/mbedtls/mbedtls/library/CMakeFiles/mbedcrypto.dir/asn1parse.c.obj
[716/1044] Building C object esp-idf/mbedtls/mbedtls/library/CMakeFiles/mbedcrypto.dir/bignum_mod_raw.c.obj
[740/1044] Building C object esp-idf/mbedtls/mbedtls/library/CMakeFiles/mbedcrypto.dir/cipher.c.obj
[711/1044] Building C object esp-idf/mbedtls/mbedtls/library/CMakeFiles/mbedx509.dir/pkcs7.c.obj
[741/1044] Building C object esp-idf/mbedtls/mbedtls/library/CMakeFiles/mbedcrypto.dir/entropy_poll.c.obj
[721/1044] Building C object 'esp-idf/mbedtls/mbedtls/library/CMakeFiles/mbedtls.dir/home/tikhon/Документы/magnolia/esp-idf/components/mbedtls/port/net_sockets.c.obj'
[717/1044] Building C object esp-idf/mbedtls/mbedtls/library/CMakeFiles/mbedx509.dir/x509_crl.c.obj
[742/1044] Building C object esp-idf/mbedtls/mbedtls/library/CMakeFiles/mbedx509.dir/x509.c.obj
[718/1044] Building C object esp-idf/mbedtls/mbedtls/library/CMakeFiles/mbedcrypto.dir/bignum_mod.c.obj
[722/1044] Building C object esp-idf/mbedtls/mbedtls/library/CMakeFiles/mbedcrypto.dir/block_cipher.c.obj
[743/1044] Building C object esp-idf/mbedtls/mbedtls/library/CMakeFiles/mbedcrypto.dir/lmots.c.obj
[719/1044] Building C object esp-idf/mbedtls/mbedtls/library/CMakeFiles/mbedtls.dir/ssl_tls12_server.c.obj
[720/1044] Building C object esp-idf/mbedtls/mbedtls/library/CMakeFiles/mbedcrypto.dir/asn1parse.c.obj
[723/1044] Building C object esp-idf/mbedtls/mbedtls/library/CMakeFiles/mbedcrypto.dir/aria.c.obj
[744/1044] Building C object esp-idf/mbedtls/mbedtls/library/CMakeFiles/mbedcrypto.dir/hkdf.c.obj
[712/1044] Building C object esp-idf/mbedtls/mbedtls/library/CMakeFiles/mbedcrypto.dir/bignum_mod.c.obj
[724/1044] Building C object esp-idf/mbedtls/mbedtls/library/CMakeFiles/mbedcrypto.dir/constant_time.c.obj
[721/1044] Building C object esp-idf/mbedtls/mbedtls/library/CMakeFiles/mbedcrypto.dir/camellia.c.obj
[725/1044] Building C object esp-idf/mbedtls/mbedtls/library/CMakeFiles/mbedcrypto.dir/chacha20.c.obj
[726/1044] Building C object esp-idf/mbedtls/mbedtls/library/CMakeFiles/mbedcrypto.dir/chachapoly.c.obj
[722/1044] Building C object esp-idf/mbedtls/mbedtls/library/CMakeFiles/mbedcrypto.dir/chacha20.c.obj
[745/1044] Building C object esp-idf/mbedtls/mbedtls/library/CMakeFiles/mbedcrypto.dir/entropy.c.obj
-- Generating done (3.4s)
[723/1044] Building C object esp-idf/mbedtls/mbedtls/library/CMakeFiles/mbedcrypto.dir/base64.c.obj
[746/1044] Building C object esp-idf/mbedtls/mbedtls/library/CMakeFiles/mbedcrypto.dir/lms.c.obj
[713/1044] Building C object esp-idf/mbedtls/mbedtls/library/CMakeFiles/mbedcrypto.dir/camellia.c.obj
[727/1044] Building C object esp-idf/mbedtls/mbedtls/library/CMakeFiles/mbedcrypto.dir/des.c.obj
[714/1044] Building C object esp-idf/mbedtls/mbedtls/library/CMakeFiles/mbedcrypto.dir/bignum_mod_raw.c.obj
[715/1044] Building C object esp-idf/mbedtls/mbedtls/library/CMakeFiles/mbedx509.dir/x509_csr.c.obj
[724/1044] Building C object esp-idf/mbedtls/mbedtls/library/CMakeFiles/mbedcrypto.dir/chachapoly.c.obj
[747/1044] Building C object esp-idf/mbedtls/mbedtls/library/CMakeFiles/mbedcrypto.dir/memory_buffer_alloc.c.obj
[716/1044] Building C object esp-idf/mbedtls/mbedtls/library/CMakeFiles/mbedcrypto.dir/asn1parse.c.obj
[717/1044] Building C object esp-idf/mbedtls/mbedtls/library/CMakeFiles/mbedcrypto.dir/base64.c.obj
-- Build files have been written to: /home/tikhon/Документы/magnolia/applets/mainline/env/build
[748/1044] Building C object esp-idf/mbedtls/mbedtls/library/CMakeFiles/mbedcrypto.dir/padlock.c.obj
[725/1044] Building C object esp-idf/mbedtls/mbedtls/library/CMakeFiles/mbedtls.dir/ssl_tls12_client.c.obj
[718/1044] Building C object esp-idf/mbedtls/mbedtls/library/CMakeFiles/mbedcrypto.dir/block_cipher.c.obj
[749/1044] Building C object esp-idf/mbedtls/mbedtls/library/CMakeFiles/mbedcrypto.dir/nist_kw.c.obj
[719/1044] Building C object esp-idf/mbedtls/mbedtls/library/CMakeFiles/mbedcrypto.dir/aria.c.obj
[728/1044] Building C object esp-idf/mbedtls/mbedtls/library/CMakeFiles/mbedcrypto.dir/ecjpake.c.obj
[750/1044] Building C object esp-idf/mbedtls/mbedtls/library/CMakeFiles/mbedcrypto.dir/md5.c.obj
[720/1044] Building C object esp-idf/mbedtls/mbedtls/library/CMakeFiles/mbedx509.dir/x509_crl.c.obj
[726/1044] Building C object esp-idf/mbedtls/mbedtls/library/CMakeFiles/mbedcrypto.dir/des.c.obj
[721/1044] Building C object esp-idf/mbedtls/mbedtls/library/CMakeFiles/mbedcrypto.dir/aes.c.obj
-- Generating done (3.9s)
[727/1044] Building C object esp-idf/mbedtls/mbedtls/library/CMakeFiles/mbedcrypto.dir/cmac.c.obj
[722/1044] Building C object esp-idf/mbedtls/mbedtls/library/CMakeFiles/mbedcrypto.dir/asn1write.c.obj
[729/1044] Building C object esp-idf/mbedtls/mbedtls/library/CMakeFiles/mbedtls.dir/ssl_tls12_server.c.obj
[728/1044] Building C object esp-idf/mbedtls/mbedtls/library/CMakeFiles/mbedcrypto.dir/ccm.c.obj
[729/1044] Building C object esp-idf/mbedtls/mbedtls/library/CMakeFiles/mbedcrypto.dir/aria.c.obj
[730/1044] Building C object esp-idf/mbedtls/mbedtls/library/CMakeFiles/mbedcrypto.dir/constant_time.c.obj
-- Build files have been written to: /home/tikhon/Документы/magnolia/applets/mainline/init/build
[723/1044] Building C object esp-idf/mbedtls/mbedtls/library/CMakeFiles/mbedcrypto.dir/des.c.obj
[730/1044] Building C object esp-idf/mbedtls/mbedtls/library/CMakeFiles/mbedx509.dir/x509.c.obj
[724/1044] Building C object esp-idf/mbedtls/mbedtls/library/CMakeFiles/mbedcrypto.dir/chacha20.c.obj
[725/1044] Building C object esp-idf/mbedtls/mbedtls/library/CMakeFiles/mbedcrypto.dir/chachapoly.c.obj
[731/1044] Building C object esp-idf/mbedtls/mbedtls/library/CMakeFiles/mbedtls.dir/ssl_msg.c.obj
[732/1044] Building C object esp-idf/mbedtls/mbedtls/library/CMakeFiles/mbedcrypto.dir/ecjpake.c.obj
[751/1044] Building C object esp-idf/mbedtls/mbedtls/library/CMakeFiles/mbedcrypto.dir/hmac_drbg.c.obj
[731/1044] Building C object esp-idf/mbedtls/mbedtls/library/CMakeFiles/mbedcrypto.dir/ecp_curves_new.c.obj
[752/1044] Building C object esp-idf/mbedtls/mbedtls/library/CMakeFiles/mbedcrypto.dir/error.c.obj
[732/1044] Building C object esp-idf/mbedtls/mbedtls/library/CMakeFiles/mbedcrypto.dir/cipher_wrap.c.obj
[733/1044] Building C object esp-idf/mbedtls/mbedtls/library/CMakeFiles/mbedcrypto.dir/cipher_wrap.c.obj
[753/1044] Building C object esp-idf/mbedtls/mbedtls/library/CMakeFiles/mbedcrypto.dir/pk_ecc.c.obj
[734/1044] Building C object esp-idf/mbedtls/mbedtls/library/CMakeFiles/mbedcrypto.dir/bignum_core.c.obj
[733/1044] Building C object esp-idf/mbedtls/mbedtls/library/CMakeFiles/mbedcrypto.dir/ccm.c.obj
[735/1044] Building C object esp-idf/mbedtls/mbedtls/library/CMakeFiles/mbedcrypto.dir/entropy_poll.c.obj
[754/1044] Building C object esp-idf/mbedtls/mbedtls/library/CMakeFiles/mbedcrypto.dir/bignum.c.obj
[736/1044] Building C object esp-idf/mbedtls/mbedtls/library/CMakeFiles/mbedcrypto.dir/ecp_curves_new.c.obj
[726/1044] Building C object esp-idf/mbedtls/mbedtls/library/CMakeFiles/mbedcrypto.dir/constant_time.c.obj
[734/1044] Building C object esp-idf/mbedtls/mbedtls/library/CMakeFiles/mbedcrypto.dir/ecdh.c.obj
[727/1044] Building C object esp-idf/mbedtls/mbedtls/library/CMakeFiles/mbedtls.dir/ssl_tls12_server.c.obj
[737/1044] Building C object esp-idf/mbedtls/mbedtls/library/CMakeFiles/mbedcrypto.dir/ctr_drbg.c.obj
[735/1044] Building C object esp-idf/mbedtls/mbedtls/library/CMakeFiles/mbedcrypto.dir/bignum_core.c.obj
[755/1044] Building C object esp-idf/mbedtls/mbedtls/library/CMakeFiles/mbedcrypto.dir/pem.c.obj
[728/1044] Building C object esp-idf/mbedtls/mbedtls/library/CMakeFiles/mbedcrypto.dir/ecjpake.c.obj
[736/1044] Building C object esp-idf/mbedtls/mbedtls/library/CMakeFiles/mbedcrypto.dir/ecdsa.c.obj
[738/1044] Building C object esp-idf/mbedtls/mbedtls/library/CMakeFiles/mbedcrypto.dir/ecdh.c.obj
[729/1044] Building C object esp-idf/mbedtls/mbedtls/library/CMakeFiles/mbedtls.dir/ssl_tls12_client.c.obj
[737/1044] Building C object esp-idf/mbedtls/mbedtls/library/CMakeFiles/mbedtls.dir/ssl_msg.c.obj
[730/1044] Building C object esp-idf/mbedtls/mbedtls/library/CMakeFiles/mbedcrypto.dir/bignum.c.obj
[731/1044] Building C object esp-idf/mbedtls/mbedtls/library/CMakeFiles/mbedcrypto.dir/dhm.c.obj
[738/1044] Building C object esp-idf/mbedtls/mbedtls/library/CMakeFiles/mbedcrypto.dir/entropy_poll.c.obj
[739/1044] Building C object esp-idf/mbedtls/mbedtls/library/CMakeFiles/mbedcrypto.dir/lms.c.obj
[756/1044] Building C object esp-idf/mbedtls/mbedtls/library/CMakeFiles/mbedcrypto.dir/gcm.c.obj
[757/1044] Building C object esp-idf/mbedtls/mbedtls/library/CMakeFiles/mbedcrypto.dir/poly1305.c.obj
[739/1044] Building C object esp-idf/mbedtls/mbedtls/library/CMakeFiles/mbedcrypto.dir/cmac.c.obj
-- App "ls" version: c092b7f-dirty
[740/1044] Building C object esp-idf/mbedtls/mbedtls/library/CMakeFiles/mbedcrypto.dir/ctr_drbg.c.obj
[758/1044] Building C object esp-idf/mbedtls/mbedtls/library/CMakeFiles/mbedcrypto.dir/pk_wrap.c.obj
[741/1044] Building C object esp-idf/mbedtls/mbedtls/library/CMakeFiles/mbedcrypto.dir/lms.c.obj
[759/1044] Building C object esp-idf/mbedtls/mbedtls/library/CMakeFiles/mbedtls.dir/ssl_tls.c.obj
[740/1044] Building C object esp-idf/mbedtls/mbedtls/library/CMakeFiles/mbedcrypto.dir/hkdf.c.obj
[732/1044] Building C object esp-idf/mbedtls/mbedtls/library/CMakeFiles/mbedtls.dir/ssl_msg.c.obj
[742/1044] Building C object esp-idf/mbedtls/mbedtls/library/CMakeFiles/mbedcrypto.dir/lmots.c.obj
[760/1044] Building C object esp-idf/mbedtls/mbedtls/library/CMakeFiles/mbedx509.dir/x509_crt.c.obj
[743/1044] Building C object esp-idf/mbedtls/mbedtls/library/CMakeFiles/mbedcrypto.dir/dhm.c.obj
[733/1044] Building C object esp-idf/mbedtls/mbedtls/library/CMakeFiles/mbedcrypto.dir/ctr_drbg.c.obj
-- Components: app_trace app_update bootloader bootloader_support bt cmock console cxx driver efuse esp-tls esp_adc esp_app_format esp_bootloader_format esp_coex esp_common esp_driver_ana_cmpr esp_driver_bitscrambler esp_driver_cam esp_driver_dac esp_driver_gpio esp_driver_gptimer esp_driver_i2c esp_driver_i2s esp_driver_i3c esp_driver_isp esp_driver_jpeg esp_driver_ledc esp_driver_mcpwm esp_driver_parlio esp_driver_pcnt esp_driver_ppa esp_driver_rmt esp_driver_sd_intf esp_driver_sdio esp_driver_sdm esp_driver_sdmmc esp_driver_sdspi esp_driver_spi esp_driver_touch_sens esp_driver_tsens esp_driver_twai esp_driver_uart esp_driver_usb_serial_jtag esp_eth esp_event esp_gdbstub esp_hid esp_http_client esp_http_server esp_https_ota esp_https_server esp_hw_support esp_lcd esp_local_ctrl esp_mm esp_netif esp_netif_stack esp_partition esp_phy esp_pm esp_psram esp_ringbuf esp_rom esp_security esp_system esp_timer esp_vfs_console esp_wifi espcoredump espressif__cmake_utilities espressif__elf_loader esptool_py fatfs freertos hal heap http_parser idf_test ieee802154 json log lwip main mbedtls mqtt newlib nvs_flash nvs_sec_provider openthread partition_table perfmon protobuf-c protocomm pthread rt sdmmc soc spi_flash spiffs tcp_transport touch_element ulp unity usb vfs wear_levelling wifi_provisioning wpa_supplicant xtensa
[761/1044] Building C object esp-idf/mbedtls/mbedtls/library/CMakeFiles/mbedcrypto.dir/md.c.obj
[741/1044] Building C object esp-idf/mbedtls/mbedtls/library/CMakeFiles/mbedcrypto.dir/lmots.c.obj
[744/1044] Building C object esp-idf/mbedtls/mbedtls/library/CMakeFiles/mbedcrypto.dir/hkdf.c.obj
[745/1044] Building C object esp-idf/mbedtls/mbedtls/library/CMakeFiles/mbedcrypto.dir/error.c.obj
[742/1044] Building C object esp-idf/mbedtls/mbedtls/library/CMakeFiles/mbedcrypto.dir/dhm.c.obj
[734/1044] Building C object esp-idf/mbedtls/mbedtls/library/CMakeFiles/mbedcrypto.dir/ecp_curves_new.c.obj
[762/1044] Building C object esp-idf/mbedtls/mbedtls/library/CMakeFiles/mbedcrypto.dir/platform_util.c.obj
[743/1044] Building C object esp-idf/mbedtls/mbedtls/library/CMakeFiles/mbedcrypto.dir/memory_buffer_alloc.c.obj
-- Component paths: /home/tikhon/Документы/magnolia/esp-idf/components/app_trace /home/tikhon/Документы/magnolia/esp-idf/components/app_update /home/tikhon/Документы/magnolia/esp-idf/components/bootloader /home/tikhon/Документы/magnolia/esp-idf/components/bootloader_support /home/tikhon/Документы/magnolia/esp-idf/components/bt /home/tikhon/Документы/magnolia/esp-idf/components/cmock /home/tikhon/Документы/magnolia/esp-idf/components/console /home/tikhon/Документы/magnolia/esp-idf/components/cxx /home/tikhon/Документы/magnolia/esp-idf/components/driver /home/tikhon/Документы/magnolia/esp-idf/components/efuse /home/tikhon/Документы/magnolia/esp-idf/components/esp-tls /home/tikhon/Документы/magnolia/esp-idf/components/esp_adc /home/tikhon/Документы/magnolia/esp-idf/components/esp_app_format /home/tikhon/Документы/magnolia/esp-idf/components/esp_bootloader_format /home/tikhon/Документы/magnolia/esp-idf/components/esp_coex /home/tikhon/Документы/magnolia/esp-idf/components/esp_common /home/tikhon/Документы/magnolia/esp-idf/components/esp_driver_ana_cmpr /home/tikhon/Документы/magnolia/esp-idf/components/esp_driver_bitscrambler /home/tikhon/Документы/magnolia/esp-idf/components/esp_driver_cam /home/tikhon/Документы/magnolia/esp-idf/components/esp_driver_dac /home/tikhon/Документы/magnolia/esp-idf/components/esp_driver_gpio /home/tikhon/Документы/magnolia/esp-idf/components/esp_driver_gptimer /home/tikhon/Документы/magnolia/esp-idf/components/esp_driver_i2c /home/tikhon/Документы/magnolia/esp-idf/components/esp_driver_i2s /home/tikhon/Документы/magnolia/esp-idf/components/esp_driver_i3c /home/tikhon/Документы/magnolia/esp-idf/components/esp_driver_isp /home/tikhon/Документы/magnolia/esp-idf/components/esp_driver_jpeg /home/tikhon/Документы/magnolia/esp-idf/components/esp_driver_ledc /home/tikhon/Документы/magnolia/esp-idf/components/esp_driver_mcpwm /home/tikhon/Документы/magnolia/esp-idf/components/esp_driver_parlio /home/tikhon/Документы/magnolia/esp-idf/components/esp_driver_pcnt /home/tikhon/Документы/magnolia/esp-idf/components/esp_driver_ppa /home/tikhon/Документы/magnolia/esp-idf/components/esp_driver_rmt /home/tikhon/Документы/magnolia/esp-idf/components/esp_driver_sd_intf /home/tikhon/Документы/magnolia/esp-idf/components/esp_driver_sdio /home/tikhon/Документы/magnolia/esp-idf/components/esp_driver_sdm /home/tikhon/Документы/magnolia/esp-idf/components/esp_driver_sdmmc /home/tikhon/Документы/magnolia/esp-idf/components/esp_driver_sdspi /home/tikhon/Документы/magnolia/esp-idf/components/esp_driver_spi /home/tikhon/Документы/magnolia/esp-idf/components/esp_driver_touch_sens /home/tikhon/Документы/magnolia/esp-idf/components/esp_driver_tsens /home/tikhon/Документы/magnolia/esp-idf/components/esp_driver_twai /home/tikhon/Документы/magnolia/esp-idf/components/esp_driver_uart /home/tikhon/Документы/magnolia/esp-idf/components/esp_driver_usb_serial_jtag /home/tikhon/Документы/magnolia/esp-idf/components/esp_eth /home/tikhon/Документы/magnolia/esp-idf/components/esp_event /home/tikhon/Документы/magnolia/esp-idf/components/esp_gdbstub /home/tikhon/Документы/magnolia/esp-idf/components/esp_hid /home/tikhon/Документы/magnolia/esp-idf/components/esp_http_client /home/tikhon/Документы/magnolia/esp-idf/components/esp_http_server /home/tikhon/Документы/magnolia/esp-idf/components/esp_https_ota /home/tikhon/Документы/magnolia/esp-idf/components/esp_https_server /home/tikhon/Документы/magnolia/esp-idf/components/esp_hw_support /home/tikhon/Документы/magnolia/esp-idf/components/esp_lcd /home/tikhon/Документы/magnolia/esp-idf/components/esp_local_ctrl /home/tikhon/Документы/magnolia/esp-idf/components/esp_mm /home/tikhon/Документы/magnolia/esp-idf/components/esp_netif /home/tikhon/Документы/magnolia/esp-idf/components/esp_netif_stack /home/tikhon/Документы/magnolia/esp-idf/components/esp_partition /home/tikhon/Документы/magnolia/esp-idf/components/esp_phy /home/tikhon/Документы/magnolia/esp-idf/components/esp_pm /home/tikhon/Документы/magnolia/esp-idf/components/esp_psram /home/tikhon/Документы/magnolia/esp-idf/components/esp_ringbuf /home/tikhon/Документы/magnolia/esp-idf/components/esp_rom /home/tikhon/Документы/magnolia/esp-idf/components/esp_security /home/tikhon/Документы/magnolia/esp-idf/components/esp_system /home/tikhon/Документы/magnolia/esp-idf/components/esp_timer /home/tikhon/Документы/magnolia/esp-idf/components/esp_vfs_console /home/tikhon/Документы/magnolia/esp-idf/components/esp_wifi /home/tikhon/Документы/magnolia/esp-idf/components/espcoredump /home/tikhon/Документы/magnolia/applets/mainline/hexdump/managed_components/espressif__cmake_utilities /home/tikhon/Документы/magnolia/applets/mainline/hexdump/managed_components/espressif__elf_loader /home/tikhon/Документы/magnolia/esp-idf/components/esptool_py /home/tikhon/Документы/magnolia/esp-idf/components/fatfs /home/tikhon/Документы/magnolia/esp-idf/components/freertos /home/tikhon/Документы/magnolia/esp-idf/components/hal /home/tikhon/Документы/magnolia/esp-idf/components/heap /home/tikhon/Документы/magnolia/esp-idf/components/http_parser /home/tikhon/Документы/magnolia/esp-idf/components/idf_test /home/tikhon/Документы/magnolia/esp-idf/components/ieee802154 /home/tikhon/Документы/magnolia/esp-idf/components/json /home/tikhon/Документы/magnolia/esp-idf/components/log /home/tikhon/Документы/magnolia/esp-idf/components/lwip /home/tikhon/Документы/magnolia/applets/mainline/hexdump/main /home/tikhon/Документы/magnolia/esp-idf/components/mbedtls /home/tikhon/Документы/magnolia/esp-idf/components/mqtt /home/tikhon/Документы/magnolia/esp-idf/components/newlib /home/tikhon/Документы/magnolia/esp-idf/components/nvs_flash /home/tikhon/Документы/magnolia/esp-idf/components/nvs_sec_provider /home/tikhon/Документы/magnolia/esp-idf/components/openthread /home/tikhon/Документы/magnolia/esp-idf/components/partition_table /home/tikhon/Документы/magnolia/esp-idf/components/perfmon /home/tikhon/Документы/magnolia/esp-idf/components/protobuf-c /home/tikhon/Документы/magnolia/esp-idf/components/protocomm /home/tikhon/Документы/magnolia/esp-idf/components/pthread /home/tikhon/Документы/magnolia/esp-idf/components/rt /home/tikhon/Документы/magnolia/esp-idf/components/sdmmc /home/tikhon/Документы/magnolia/esp-idf/components/soc /home/tikhon/Документы/magnolia/esp-idf/components/spi_flash /home/tikhon/Документы/magnolia/esp-idf/components/spiffs /home/tikhon/Документы/magnolia/esp-idf/components/tcp_transport /home/tikhon/Документы/magnolia/esp-idf/components/touch_element /home/tikhon/Документы/magnolia/esp-idf/components/ulp /home/tikhon/Документы/magnolia/esp-idf/components/unity /home/tikhon/Документы/magnolia/esp-idf/components/usb /home/tikhon/Документы/magnolia/esp-idf/components/vfs /home/tikhon/Документы/magnolia/esp-idf/components/wear_levelling /home/tikhon/Документы/magnolia/esp-idf/components/wifi_provisioning /home/tikhon/Документы/magnolia/esp-idf/components/wpa_supplicant /home/tikhon/Документы/magnolia/esp-idf/components/xtensa
[735/1044] Building C object esp-idf/mbedtls/mbedtls/library/CMakeFiles/mbedcrypto.dir/cipher_wrap.c.obj
[763/1044] Building C object esp-idf/mbedtls/mbedtls/library/CMakeFiles/mbedcrypto.dir/pk.c.obj
[736/1044] Building C object esp-idf/mbedtls/mbedtls/library/CMakeFiles/mbedcrypto.dir/bignum_core.c.obj
[764/1044] Building C object esp-idf/mbedtls/mbedtls/library/CMakeFiles/mbedcrypto.dir/pkcs12.c.obj
[746/1044] Building C object esp-idf/mbedtls/mbedtls/library/CMakeFiles/mbedcrypto.dir/memory_buffer_alloc.c.obj
[765/1044] Building C object esp-idf/mbedtls/mbedtls/library/CMakeFiles/mbedcrypto.dir/platform.c.obj
[744/1044] Building C object esp-idf/mbedtls/mbedtls/library/CMakeFiles/mbedcrypto.dir/ecdsa.c.obj
[737/1044] Building C object esp-idf/mbedtls/mbedtls/library/CMakeFiles/mbedcrypto.dir/ccm.c.obj
[745/1044] Building C object esp-idf/mbedtls/mbedtls/library/CMakeFiles/mbedx509.dir/x509.c.obj
-- Configuring done (25.9s)
[747/1044] Building C object esp-idf/mbedtls/mbedtls/library/CMakeFiles/mbedcrypto.dir/cipher.c.obj
[738/1044] Building C object esp-idf/mbedtls/mbedtls/library/CMakeFiles/mbedcrypto.dir/ecdh.c.obj
[766/1044] Building C object esp-idf/mbedtls/mbedtls/library/CMakeFiles/mbedcrypto.dir/pkcs5.c.obj
[746/1044] Building C object esp-idf/mbedtls/mbedtls/library/CMakeFiles/mbedcrypto.dir/nist_kw.c.obj
[739/1044] Building C object esp-idf/mbedtls/mbedtls/library/CMakeFiles/mbedcrypto.dir/ecdsa.c.obj
[767/1044] Building C object esp-idf/mbedtls/mbedtls/library/CMakeFiles/mbedcrypto.dir/ecp_curves.c.obj
[740/1044] Building C object esp-idf/mbedtls/mbedtls/library/CMakeFiles/mbedcrypto.dir/entropy_poll.c.obj
[747/1044] Building C object esp-idf/mbedtls/mbedtls/library/CMakeFiles/mbedcrypto.dir/md5.c.obj
[768/1044] Building C object esp-idf/mbedtls/mbedtls/library/CMakeFiles/mbedcrypto.dir/oid.c.obj
[769/1044] Building C object esp-idf/mbedtls/mbedtls/library/CMakeFiles/mbedcrypto.dir/pkwrite.c.obj
[770/1044] Linking CXX static library esp-idf/mbedtls/mbedtls/library/libmbedtls.a
[741/1044] Building C object esp-idf/mbedtls/mbedtls/library/CMakeFiles/mbedcrypto.dir/lmots.c.obj
[742/1044] Building C object esp-idf/mbedtls/mbedtls/library/CMakeFiles/mbedcrypto.dir/hkdf.c.obj
[748/1044] Building C object esp-idf/mbedtls/mbedtls/library/CMakeFiles/mbedcrypto.dir/cipher.c.obj
[749/1044] Building C object esp-idf/mbedtls/mbedtls/library/CMakeFiles/mbedcrypto.dir/entropy.c.obj
[748/1044] Building C object esp-idf/mbedtls/mbedtls/library/CMakeFiles/mbedcrypto.dir/nist_kw.c.obj
[750/1044] Building C object esp-idf/mbedtls/mbedtls/library/CMakeFiles/mbedcrypto.dir/hmac_drbg.c.obj
[749/1044] Building C object esp-idf/mbedtls/mbedtls/library/CMakeFiles/mbedcrypto.dir/entropy.c.obj
[750/1044] Building C object esp-idf/mbedtls/mbedtls/library/CMakeFiles/mbedcrypto.dir/padlock.c.obj
[743/1044] Building C object esp-idf/mbedtls/mbedtls/library/CMakeFiles/mbedcrypto.dir/lms.c.obj
[771/1044] Building C object esp-idf/mbedtls/mbedtls/library/CMakeFiles/mbedcrypto.dir/psa_crypto_se.c.obj
[751/1044] Building C object esp-idf/mbedtls/mbedtls/library/CMakeFiles/mbedcrypto.dir/md5.c.obj
[744/1044] Building C object esp-idf/mbedtls/mbedtls/library/CMakeFiles/mbedcrypto.dir/cmac.c.obj
[751/1044] Building C object esp-idf/mbedtls/mbedtls/library/CMakeFiles/mbedcrypto.dir/padlock.c.obj
[752/1044] Building C object esp-idf/mbedtls/mbedtls/library/CMakeFiles/mbedcrypto.dir/bignum.c.obj
[772/1044] Building C object esp-idf/mbedtls/mbedtls/library/CMakeFiles/mbedcrypto.dir/psa_crypto_client.c.obj
-- Generating done (3.6s)
[745/1044] Building C object esp-idf/mbedtls/mbedtls/library/CMakeFiles/mbedcrypto.dir/cipher.c.obj
[773/1044] Building C object esp-idf/mbedtls/mbedtls/library/CMakeFiles/mbedcrypto.dir/pkparse.c.obj
[774/1044] Building C object esp-idf/mbedtls/mbedtls/library/CMakeFiles/mbedcrypto.dir/psa_crypto_aead.c.obj
-- Generating done (3.6s)
[746/1044] Building C object esp-idf/mbedtls/mbedtls/library/CMakeFiles/mbedcrypto.dir/nist_kw.c.obj
[747/1044] Building C object esp-idf/mbedtls/mbedtls/library/CMakeFiles/mbedx509.dir/x509.c.obj
[748/1044] Building C object esp-idf/mbedtls/mbedtls/library/CMakeFiles/mbedcrypto.dir/entropy.c.obj
[749/1044] Building C object esp-idf/mbedtls/mbedtls/library/CMakeFiles/mbedcrypto.dir/memory_buffer_alloc.c.obj
[750/1044] Building C object esp-idf/mbedtls/mbedtls/library/CMakeFiles/mbedcrypto.dir/padlock.c.obj
[775/1044] Building C object esp-idf/mbedtls/mbedtls/library/CMakeFiles/mbedcrypto.dir/psa_crypto_storage.c.obj
[752/1044] Building C object esp-idf/mbedtls/mbedtls/library/CMakeFiles/mbedcrypto.dir/pem.c.obj
[753/1044] Building C object esp-idf/mbedtls/mbedtls/library/CMakeFiles/mbedcrypto.dir/pkcs12.c.obj
-- Build files have been written to: /home/tikhon/Документы/magnolia/applets/mainline/login/build
-- Build files have been written to: /home/tikhon/Документы/magnolia/applets/mainline/elftest/build
-- Generating done (3.7s)
[754/1044] Building C object esp-idf/mbedtls/mbedtls/library/CMakeFiles/mbedx509.dir/x509_crt.c.obj
[776/1044] Building C object esp-idf/mbedtls/mbedtls/library/CMakeFiles/mbedcrypto.dir/psa_crypto_driver_wrappers_no_static.c.obj
[753/1044] Building C object esp-idf/mbedtls/mbedtls/library/CMakeFiles/mbedx509.dir/x509_crt.c.obj
[777/1044] Building C object esp-idf/mbedtls/mbedtls/library/CMakeFiles/mbedcrypto.dir/psa_crypto_hash.c.obj
[755/1044] Building C object esp-idf/mbedtls/mbedtls/library/CMakeFiles/mbedcrypto.dir/pkcs5.c.obj
[778/1044] Building C object esp-idf/mbedtls/mbedtls/library/CMakeFiles/mbedcrypto.dir/psa_crypto_pake.c.obj
[756/1044] Building C object esp-idf/mbedtls/mbedtls/library/CMakeFiles/mbedcrypto.dir/hmac_drbg.c.obj
[754/1044] Building C object esp-idf/mbedtls/mbedtls/library/CMakeFiles/mbedcrypto.dir/error.c.obj
[751/1044] Building C object esp-idf/mbedtls/mbedtls/library/CMakeFiles/mbedcrypto.dir/md5.c.obj
[779/1044] Building C object esp-idf/mbedtls/mbedtls/library/CMakeFiles/mbedcrypto.dir/psa_util.c.obj
-- Generating done (3.5s)
[780/1044] Building C object esp-idf/mbedtls/mbedtls/library/CMakeFiles/mbedcrypto.dir/psa_its_file.c.obj
[781/1044] Building C object esp-idf/mbedtls/mbedtls/library/CMakeFiles/mbedcrypto.dir/psa_crypto_ffdh.c.obj
[755/1044] Building C object esp-idf/mbedtls/mbedtls/library/CMakeFiles/mbedcrypto.dir/platform.c.obj
[782/1044] Building C object esp-idf/mbedtls/mbedtls/library/CMakeFiles/mbedcrypto.dir/ripemd160.c.obj
[757/1044] Building C object esp-idf/mbedtls/mbedtls/library/CMakeFiles/mbedcrypto.dir/pk_ecc.c.obj
[1/6] Building C object esp-idf/esp_app_format/CMakeFiles/__idf_esp_app_format.dir/esp_app_desc.c.obj
[758/1044] Building C object esp-idf/mbedtls/mbedtls/library/CMakeFiles/mbedcrypto.dir/md.c.obj
[783/1044] Building C object esp-idf/mbedtls/mbedtls/library/CMakeFiles/mbedcrypto.dir/sha256.c.obj
[759/1044] Building C object esp-idf/mbedtls/mbedtls/library/CMakeFiles/mbedcrypto.dir/poly1305.c.obj
-- Build files have been written to: /home/tikhon/Документы/magnolia/applets/mainline/ln/build
[756/1044] Building C object esp-idf/mbedtls/mbedtls/library/CMakeFiles/mbedcrypto.dir/platform_util.c.obj
[752/1044] Building C object esp-idf/mbedtls/mbedtls/library/CMakeFiles/mbedcrypto.dir/pk_ecc.c.obj
[760/1044] Building C object esp-idf/mbedtls/mbedtls/library/CMakeFiles/mbedcrypto.dir/platform.c.obj
[784/1044] Building C object esp-idf/mbedtls/mbedtls/library/CMakeFiles/mbedcrypto.dir/rsa_alt_helpers.c.obj
[753/1044] Building C object esp-idf/mbedtls/mbedtls/library/CMakeFiles/mbedtls.dir/ssl_tls.c.obj
[757/1044] Building C object esp-idf/mbedtls/mbedtls/library/CMakeFiles/mbedcrypto.dir/pem.c.obj
[761/1044] Building C object esp-idf/mbedtls/mbedtls/library/CMakeFiles/mbedcrypto.dir/platform_util.c.obj
-- Build files have been written to: /home/tikhon/Документы/magnolia/applets/mainline/head/build
[754/1044] Building C object esp-idf/mbedtls/mbedtls/library/CMakeFiles/mbedcrypto.dir/md.c.obj
[755/1044] Building C object esp-idf/mbedtls/mbedtls/library/CMakeFiles/mbedcrypto.dir/hmac_drbg.c.obj
[758/1044] Building C object esp-idf/mbedtls/mbedtls/library/CMakeFiles/mbedcrypto.dir/gcm.c.obj
[756/1044] Building C object esp-idf/mbedtls/mbedtls/library/CMakeFiles/mbedcrypto.dir/platform.c.obj
[759/1044] Building C object esp-idf/mbedtls/mbedtls/library/CMakeFiles/mbedcrypto.dir/poly1305.c.obj
[785/1044] Building C object esp-idf/mbedtls/mbedtls/library/CMakeFiles/mbedcrypto.dir/version_features.c.obj
[760/1044] Building C object esp-idf/mbedtls/mbedtls/library/CMakeFiles/mbedcrypto.dir/pk_ecc.c.obj
-- Generating done (3.1s)
[1/4] Building C object esp-idf/esp_app_format/CMakeFiles/__idf_esp_app_format.dir/esp_app_desc.c.obj
[2/6] Linking C static library esp-idf/esp_app_format/libesp_app_format.a
[786/1044] Building C object esp-idf/mbedtls/mbedtls/library/CMakeFiles/mbedcrypto.dir/ecp.c.obj
[787/1044] Building C object esp-idf/mbedtls/mbedtls/library/CMakeFiles/mbedcrypto.dir/sha512.c.obj
[788/1044] Building C object esp-idf/mbedtls/mbedtls/library/CMakeFiles/mbedcrypto.dir/psa_crypto_cipher.c.obj
[757/1044] Linking CXX static library esp-idf/mbedtls/mbedtls/library/libmbedtls.a
[789/1044] Building C object esp-idf/mbedtls/mbedtls/library/CMakeFiles/mbedcrypto.dir/sha1.c.obj
[790/1044] Building C object esp-idf/mbedtls/mbedtls/library/CMakeFiles/mbedcrypto.dir/timing.c.obj
[762/1044] Building C object esp-idf/mbedtls/mbedtls/library/CMakeFiles/mbedcrypto.dir/bignum.c.obj
[791/1044] Building C object esp-idf/mbedtls/mbedtls/library/CMakeFiles/mbedcrypto.dir/version.c.obj
[758/1044] Building C object esp-idf/mbedtls/mbedtls/library/CMakeFiles/mbedcrypto.dir/poly1305.c.obj
[792/1044] Building C object esp-idf/mbedtls/mbedtls/library/CMakeFiles/mbedcrypto.dir/threading.c.obj
[763/1044] Building C object esp-idf/mbedtls/mbedtls/library/CMakeFiles/mbedcrypto.dir/pk_wrap.c.obj
[759/1044] Building C object esp-idf/mbedtls/mbedtls/library/CMakeFiles/mbedcrypto.dir/error.c.obj
[2/4] Linking C static library esp-idf/esp_app_format/libesp_app_format.a
[793/1044] Building C object esp-idf/mbedtls/mbedtls/library/CMakeFiles/mbedcrypto.dir/psa_crypto_mac.c.obj
[764/1044] Building C object esp-idf/mbedtls/mbedtls/library/CMakeFiles/mbedcrypto.dir/ecp_curves.c.obj
[760/1044] Building C object esp-idf/mbedtls/mbedtls/library/CMakeFiles/mbedcrypto.dir/pk.c.obj
-- Build files have been written to: /home/tikhon/Документы/magnolia/applets/mainline/kill/build
[761/1044] Building C object esp-idf/mbedtls/mbedtls/library/CMakeFiles/mbedcrypto.dir/md.c.obj
[765/1044] Building C object esp-idf/mbedtls/mbedtls/library/CMakeFiles/mbedcrypto.dir/gcm.c.obj
[762/1044] Building C object esp-idf/mbedtls/mbedtls/library/CMakeFiles/mbedcrypto.dir/pkcs12.c.obj
[794/1044] Building C object esp-idf/mbedtls/mbedtls/library/CMakeFiles/mbedcrypto.dir/psa_crypto_ecp.c.obj
[3/4] Build ELF: init.app.elf
[795/1044] Building C object 'esp-idf/mbedtls/mbedtls/library/CMakeFiles/mbedcrypto.dir/home/tikhon/Документы/magnolia/esp-idf/components/mbedtls/port/aes/dma/esp_aes_gdma_impl.c.obj'
[796/1044] Building C object 'esp-idf/mbedtls/mbedtls/library/CMakeFiles/mbedcrypto.dir/home/tikhon/Документы/magnolia/esp-idf/components/mbedtls/port/esp_mem.c.obj'
[797/1044] Building C object 'esp-idf/mbedtls/mbedtls/library/CMakeFiles/mbedcrypto.dir/home/tikhon/Документы/magnolia/esp-idf/components/mbedtls/port/sha/core/esp_sha_gdma_impl.c.obj'
[763/1044] Building C object esp-idf/mbedtls/mbedtls/library/CMakeFiles/mbedcrypto.dir/pk_wrap.c.obj
[798/1044] Building C object esp-idf/mbedtls/mbedtls/library/CMakeFiles/mbedcrypto.dir/psa_crypto_rsa.c.obj
[761/1044] Building C object esp-idf/mbedtls/mbedtls/library/CMakeFiles/mbedcrypto.dir/pem.c.obj
[764/1044] Building C object esp-idf/mbedtls/mbedtls/library/CMakeFiles/mbedcrypto.dir/pkcs5.c.obj
[799/1044] Building C object 'esp-idf/mbedtls/mbedtls/library/CMakeFiles/mbedcrypto.dir/home/tikhon/Документы/magnolia/esp-idf/components/mbedtls/port/esp_hardware.c.obj'
[766/1044] Building C object esp-idf/mbedtls/mbedtls/library/CMakeFiles/mbedcrypto.dir/ecp.c.obj
[767/1044] Building C object esp-idf/mbedtls/mbedtls/library/CMakeFiles/mbedcrypto.dir/pkwrite.c.obj
[765/1044] Building C object esp-idf/mbedtls/mbedtls/library/CMakeFiles/mbedcrypto.dir/pkwrite.c.obj
[762/1044] Building C object esp-idf/mbedtls/mbedtls/library/CMakeFiles/mbedcrypto.dir/platform_util.c.obj
[800/1044] Building C object 'esp-idf/mbedtls/mbedtls/library/CMakeFiles/mbedcrypto.dir/home/tikhon/Документы/magnolia/esp-idf/components/mbedtls/port/aes/esp_aes_xts.c.obj'
[763/1044] Building C object esp-idf/mbedtls/mbedtls/library/CMakeFiles/mbedx509.dir/x509_crt.c.obj
[801/1044] Building C object esp-idf/mbedtls/mbedtls/library/CMakeFiles/mbedcrypto.dir/psa_crypto_slot_management.c.obj
[768/1044] Building C object esp-idf/mbedtls/mbedtls/library/CMakeFiles/mbedcrypto.dir/psa_crypto_ffdh.c.obj
[769/1044] Building C object esp-idf/mbedtls/mbedtls/library/CMakeFiles/mbedcrypto.dir/oid.c.obj
[770/1044] Building C object esp-idf/mbedtls/mbedtls/library/CMakeFiles/mbedcrypto.dir/psa_crypto_aead.c.obj
[771/1044] Building C object esp-idf/mbedtls/mbedtls/library/CMakeFiles/mbedcrypto.dir/psa_crypto_se.c.obj
[764/1044] Building C object esp-idf/mbedtls/mbedtls/library/CMakeFiles/mbedcrypto.dir/pkcs12.c.obj
[802/1044] Building C object 'esp-idf/mbedtls/mbedtls/library/CMakeFiles/mbedcrypto.dir/home/tikhon/Документы/magnolia/esp-idf/components/mbedtls/port/esp_timing.c.obj'
[766/1044] Building C object esp-idf/mbedtls/mbedtls/library/CMakeFiles/mbedcrypto.dir/oid.c.obj
[772/1044] Building C object esp-idf/mbedtls/mbedtls/library/CMakeFiles/mbedcrypto.dir/psa_crypto_client.c.obj
[803/1044] Building C object esp-idf/mbedtls/mbedtls/library/CMakeFiles/mbedcrypto.dir/sha3.c.obj
[773/1044] Building C object esp-idf/mbedtls/mbedtls/library/CMakeFiles/mbedcrypto.dir/psa_crypto_driver_wrappers_no_static.c.obj
[767/1044] Building C object esp-idf/mbedtls/mbedtls/library/CMakeFiles/mbedcrypto.dir/ecp_curves.c.obj
[768/1044] Building C object esp-idf/mbedtls/mbedtls/library/CMakeFiles/mbedcrypto.dir/psa_crypto_client.c.obj
[765/1044] Building C object esp-idf/mbedtls/mbedtls/library/CMakeFiles/mbedcrypto.dir/psa_crypto_aead.c.obj
[804/1044] Building C object 'esp-idf/mbedtls/mbedtls/library/CMakeFiles/mbedcrypto.dir/home/tikhon/Документы/magnolia/esp-idf/components/mbedtls/port/aes/dma/esp_aes.c.obj'
[766/1044] Building C object esp-idf/mbedtls/mbedtls/library/CMakeFiles/mbedcrypto.dir/gcm.c.obj
[767/1044] Building C object esp-idf/mbedtls/mbedtls/library/CMakeFiles/mbedcrypto.dir/pk_wrap.c.obj
[768/1044] Building C object esp-idf/mbedtls/mbedtls/library/CMakeFiles/mbedcrypto.dir/pkcs5.c.obj
[774/1044] Building C object esp-idf/mbedtls/mbedtls/library/CMakeFiles/mbedcrypto.dir/psa_crypto_pake.c.obj
[805/1044] Building C object 'esp-idf/mbedtls/mbedtls/library/CMakeFiles/mbedcrypto.dir/home/tikhon/Документы/magnolia/esp-idf/components/mbedtls/port/esp_ds/esp_rsa_dec_alt.c.obj'
[775/1044] Building C object esp-idf/mbedtls/mbedtls/library/CMakeFiles/mbedcrypto.dir/psa_crypto_cipher.c.obj
[776/1044] Building C object esp-idf/mbedtls/mbedtls/library/CMakeFiles/mbedcrypto.dir/pk.c.obj
[806/1044] Building C object 'esp-idf/mbedtls/mbedtls/library/CMakeFiles/mbedcrypto.dir/home/tikhon/Документы/magnolia/esp-idf/components/mbedtls/port/aes/esp_aes_common.c.obj'
[769/1044] Building C object esp-idf/mbedtls/mbedtls/library/CMakeFiles/mbedcrypto.dir/psa_crypto_se.c.obj
[769/1044] Building C object esp-idf/mbedtls/mbedtls/library/CMakeFiles/mbedcrypto.dir/psa_crypto_driver_wrappers_no_static.c.obj
[770/1044] Building C object esp-idf/mbedtls/mbedtls/library/CMakeFiles/mbedtls.dir/ssl_tls.c.obj
[770/1044] Building C object esp-idf/mbedtls/mbedtls/library/CMakeFiles/mbedcrypto.dir/pkwrite.c.obj
[807/1044] Building C object 'esp-idf/mbedtls/mbedtls/library/CMakeFiles/mbedcrypto.dir/home/tikhon/Документы/magnolia/esp-idf/components/mbedtls/port/sha/esp_sha.c.obj'
[777/1044] Building C object esp-idf/mbedtls/mbedtls/library/CMakeFiles/mbedcrypto.dir/psa_crypto_ecp.c.obj
[771/1044] Building C object esp-idf/mbedtls/mbedtls/library/CMakeFiles/mbedcrypto.dir/psa_crypto_cipher.c.obj
[771/1044] Building C object esp-idf/mbedtls/mbedtls/library/CMakeFiles/mbedcrypto.dir/oid.c.obj
[778/1044] Building C object esp-idf/mbedtls/mbedtls/library/CMakeFiles/mbedcrypto.dir/psa_crypto_hash.c.obj
[772/1044] Building C object esp-idf/mbedtls/mbedtls/library/CMakeFiles/mbedcrypto.dir/psa_crypto_driver_wrappers_no_static.c.obj
[773/1044] Building C object esp-idf/mbedtls/mbedtls/library/CMakeFiles/mbedcrypto.dir/psa_crypto_ffdh.c.obj
[772/1044] Building C object esp-idf/mbedtls/mbedtls/library/CMakeFiles/mbedcrypto.dir/pkparse.c.obj
[808/1044] Linking CXX static library esp-idf/mbedtls/mbedtls/library/libmbedx509.a
[773/1044] Building C object esp-idf/mbedtls/mbedtls/library/CMakeFiles/mbedcrypto.dir/psa_crypto_client.c.obj
[774/1044] Building C object esp-idf/mbedtls/mbedtls/library/CMakeFiles/mbedcrypto.dir/pk.c.obj
[775/1044] Building C object esp-idf/mbedtls/mbedtls/library/CMakeFiles/mbedcrypto.dir/psa_crypto_ecp.c.obj
[809/1044] Building C object 'esp-idf/mbedtls/mbedtls/library/CMakeFiles/mbedcrypto.dir/home/tikhon/Документы/magnolia/esp-idf/components/mbedtls/port/md/esp_md.c.obj'
[774/1044] Building C object esp-idf/mbedtls/mbedtls/library/CMakeFiles/mbedcrypto.dir/psa_crypto_ecp.c.obj
[779/1044] Building C object esp-idf/mbedtls/mbedtls/library/CMakeFiles/mbedcrypto.dir/ripemd160.c.obj
[810/1044] Building C object 'esp-idf/mbedtls/mbedtls/library/CMakeFiles/mbedcrypto.dir/home/tikhon/Документы/magnolia/esp-idf/components/mbedtls/port/bignum/bignum_alt.c.obj'
[811/1044] Building C object 'esp-idf/mbedtls/mbedtls/library/CMakeFiles/mbedcrypto.dir/home/tikhon/Документы/magnolia/esp-idf/components/mbedtls/port/crypto_shared_gdma/esp_crypto_shared_gdma.c.obj'
[776/1044] Building C object esp-idf/mbedtls/mbedtls/library/CMakeFiles/mbedcrypto.dir/psa_crypto_aead.c.obj
[780/1044] Building C object esp-idf/mbedtls/mbedtls/library/CMakeFiles/mbedcrypto.dir/sha512.c.obj
[812/1044] Building C object 'esp-idf/mbedtls/mbedtls/library/CMakeFiles/mbedcrypto.dir/home/tikhon/Документы/magnolia/esp-idf/components/mbedtls/port/esp_ds/esp_ds_common.c.obj'
[775/1044] Building C object esp-idf/mbedtls/mbedtls/library/CMakeFiles/mbedcrypto.dir/psa_crypto_se.c.obj
[813/1044] Building C object 'esp-idf/mbedtls/mbedtls/library/CMakeFiles/mbedcrypto.dir/home/tikhon/Документы/magnolia/esp-idf/components/mbedtls/port/sha/core/esp_sha256.c.obj'
[814/1044] Building C object esp-idf/mbedtls/mbedtls/3rdparty/everest/CMakeFiles/everest.dir/library/x25519.c.obj
[781/1044] Building C object esp-idf/mbedtls/mbedtls/library/CMakeFiles/mbedcrypto.dir/psa_crypto_mac.c.obj
[782/1044] Building C object esp-idf/mbedtls/mbedtls/library/CMakeFiles/mbedcrypto.dir/rsa_alt_helpers.c.obj
[783/1044] Building C object esp-idf/mbedtls/mbedtls/library/CMakeFiles/mbedcrypto.dir/threading.c.obj
[777/1044] Building C object esp-idf/mbedtls/mbedtls/library/CMakeFiles/mbedcrypto.dir/psa_crypto_pake.c.obj
[784/1044] Building C object esp-idf/mbedtls/mbedtls/library/CMakeFiles/mbedcrypto.dir/sha1.c.obj
[778/1044] Linking CXX static library esp-idf/mbedtls/mbedtls/library/libmbedtls.a
[779/1044] Building C object esp-idf/mbedtls/mbedtls/library/CMakeFiles/mbedcrypto.dir/ripemd160.c.obj
[785/1044] Building C object esp-idf/mbedtls/mbedtls/library/CMakeFiles/mbedcrypto.dir/psa_its_file.c.obj
[776/1044] Building C object esp-idf/mbedtls/mbedtls/library/CMakeFiles/mbedcrypto.dir/ecp_curves.c.obj
[815/1044] Building C object 'esp-idf/mbedtls/mbedtls/library/CMakeFiles/mbedcrypto.dir/home/tikhon/Документы/magnolia/esp-idf/components/mbedtls/port/sha/core/esp_sha1.c.obj'
[786/1044] Building C object esp-idf/mbedtls/mbedtls/library/CMakeFiles/mbedcrypto.dir/version.c.obj
[816/1044] Building C object esp-idf/mbedtls/mbedtls/3rdparty/p256-m/CMakeFiles/p256m.dir/p256-m/p256-m.c.obj
[777/1044] Building C object esp-idf/mbedtls/mbedtls/library/CMakeFiles/mbedcrypto.dir/ripemd160.c.obj
[787/1044] Building C object esp-idf/mbedtls/mbedtls/library/CMakeFiles/mbedtls.dir/ssl_tls.c.obj
[788/1044] Building C object esp-idf/mbedtls/mbedtls/library/CMakeFiles/mbedcrypto.dir/sha256.c.obj
[789/1044] Building C object esp-idf/mbedtls/mbedtls/library/CMakeFiles/mbedcrypto.dir/timing.c.obj
[817/1044] Building C object esp-idf/mbedtls/mbedtls/3rdparty/everest/CMakeFiles/everest.dir/library/Hacl_Curve25519_joined.c.obj
[780/1044] Building C object esp-idf/mbedtls/mbedtls/library/CMakeFiles/mbedcrypto.dir/sha256.c.obj
[778/1044] Building C object esp-idf/mbedtls/mbedtls/library/CMakeFiles/mbedcrypto.dir/psa_crypto_pake.c.obj
[790/1044] Building C object esp-idf/mbedtls/mbedtls/library/CMakeFiles/mbedcrypto.dir/version_features.c.obj
[779/1044] Building C object esp-idf/mbedtls/mbedtls/library/CMakeFiles/mbedcrypto.dir/rsa_alt_helpers.c.obj
[791/1044] Building C object esp-idf/mbedtls/mbedtls/library/CMakeFiles/mbedcrypto.dir/pkparse.c.obj
[781/1044] Building C object esp-idf/mbedtls/mbedtls/library/CMakeFiles/mbedcrypto.dir/psa_crypto_hash.c.obj
[780/1044] Building C object esp-idf/mbedtls/mbedtls/library/CMakeFiles/mbedcrypto.dir/psa_crypto_cipher.c.obj
[792/1044] Building C object esp-idf/mbedtls/mbedtls/library/CMakeFiles/mbedcrypto.dir/psa_util.c.obj
[782/1044] Building C object esp-idf/mbedtls/mbedtls/library/CMakeFiles/mbedcrypto.dir/sha1.c.obj
[783/1044] Building C object esp-idf/mbedtls/mbedtls/library/CMakeFiles/mbedcrypto.dir/threading.c.obj
[818/1044] Building C object 'esp-idf/mbedtls/mbedtls/library/CMakeFiles/mbedcrypto.dir/home/tikhon/Документы/magnolia/esp-idf/components/mbedtls/port/sha/core/esp_sha512.c.obj'
[819/1044] Building C object esp-idf/mbedtls/mbedtls/3rdparty/everest/CMakeFiles/everest.dir/library/everest.c.obj
[784/1044] Building C object esp-idf/mbedtls/mbedtls/library/CMakeFiles/mbedcrypto.dir/pkparse.c.obj
[793/1044] Building C object esp-idf/mbedtls/mbedtls/library/CMakeFiles/mbedcrypto.dir/psa_crypto_rsa.c.obj
[785/1044] Building C object esp-idf/mbedtls/mbedtls/library/CMakeFiles/mbedcrypto.dir/psa_crypto_mac.c.obj
[786/1044] Building C object esp-idf/mbedtls/mbedtls/library/CMakeFiles/mbedcrypto.dir/timing.c.obj
[794/1044] Building C object 'esp-idf/mbedtls/mbedtls/library/CMakeFiles/mbedcrypto.dir/home/tikhon/Документы/magnolia/esp-idf/components/mbedtls/port/esp_mem.c.obj'
[820/1044] Building C object 'esp-idf/mbedtls/mbedtls/library/CMakeFiles/mbedcrypto.dir/home/tikhon/Документы/magnolia/esp-idf/components/mbedtls/port/aes/dma/esp_aes_dma_core.c.obj'
[787/1044] Building C object esp-idf/mbedtls/mbedtls/library/CMakeFiles/mbedcrypto.dir/psa_crypto_slot_management.c.obj
[781/1044] Building C object esp-idf/mbedtls/mbedtls/library/CMakeFiles/mbedcrypto.dir/psa_crypto_ffdh.c.obj
[821/1044] Building C object 'esp-idf/mbedtls/mbedtls/library/CMakeFiles/mbedcrypto.dir/home/tikhon/Документы/magnolia/esp-idf/components/mbedtls/port/esp_ds/esp_rsa_sign_alt.c.obj'
[795/1044] Building C object esp-idf/mbedtls/mbedtls/library/CMakeFiles/mbedcrypto.dir/psa_crypto_storage.c.obj
[796/1044] Building C object 'esp-idf/mbedtls/mbedtls/library/CMakeFiles/mbedcrypto.dir/home/tikhon/Документы/magnolia/esp-idf/components/mbedtls/port/sha/core/esp_sha_gdma_impl.c.obj'
[797/1044] Linking CXX static library esp-idf/mbedtls/mbedtls/library/libmbedtls.a
[822/1044] Building C object 'esp-idf/mbedtls/mbedtls/library/CMakeFiles/mbedcrypto.dir/home/tikhon/Документы/magnolia/esp-idf/components/mbedtls/port/bignum/esp_bignum.c.obj'
[788/1044] Building C object esp-idf/mbedtls/mbedtls/library/CMakeFiles/mbedcrypto.dir/psa_crypto_rsa.c.obj
[782/1044] Building C object esp-idf/mbedtls/mbedtls/library/CMakeFiles/mbedcrypto.dir/threading.c.obj
[783/1044] Building C object esp-idf/mbedtls/mbedtls/library/CMakeFiles/mbedcrypto.dir/psa_crypto_hash.c.obj
[798/1044] Building C object 'esp-idf/mbedtls/mbedtls/library/CMakeFiles/mbedcrypto.dir/home/tikhon/Документы/magnolia/esp-idf/components/mbedtls/port/aes/dma/esp_aes_gdma_impl.c.obj'
[784/1044] Building C object esp-idf/mbedtls/mbedtls/library/CMakeFiles/mbedcrypto.dir/version.c.obj
[3/6] Building C object esp-idf/main/CMakeFiles/__idf_main.dir/main.c.obj
[789/1044] Building C object esp-idf/mbedtls/mbedtls/library/CMakeFiles/mbedcrypto.dir/psa_crypto_storage.c.obj
[785/1044] Building C object esp-idf/mbedtls/mbedtls/library/CMakeFiles/mbedcrypto.dir/ecp.c.obj
[786/1044] Building C object esp-idf/mbedtls/mbedtls/library/CMakeFiles/mbedcrypto.dir/psa_its_file.c.obj
[790/1044] Building C object esp-idf/mbedtls/mbedtls/library/CMakeFiles/mbedcrypto.dir/rsa_alt_helpers.c.obj
[799/1044] Building C object 'esp-idf/mbedtls/mbedtls/library/CMakeFiles/mbedcrypto.dir/home/tikhon/Документы/magnolia/esp-idf/components/mbedtls/port/esp_hardware.c.obj'
[787/1044] Building C object esp-idf/mbedtls/mbedtls/library/CMakeFiles/mbedcrypto.dir/sha1.c.obj
[791/1044] Building C object esp-idf/mbedtls/mbedtls/library/CMakeFiles/mbedcrypto.dir/version.c.obj
[792/1044] Building C object esp-idf/mbedtls/mbedtls/library/CMakeFiles/mbedcrypto.dir/psa_its_file.c.obj
[823/1044] Building C object esp-idf/mbedtls/mbedtls/3rdparty/p256-m/CMakeFiles/p256m.dir/p256-m_driver_entrypoints.c.obj
-- USING O3
[788/1044] Building C object esp-idf/mbedtls/mbedtls/library/CMakeFiles/mbedcrypto.dir/sha256.c.obj
[789/1044] Building C object esp-idf/mbedtls/mbedtls/library/CMakeFiles/mbedcrypto.dir/psa_crypto_storage.c.obj
[824/1044] Building C object 'esp-idf/mbedtls/mbedtls/library/CMakeFiles/mbedcrypto.dir/home/tikhon/Документы/magnolia/esp-idf/components/mbedtls/port/sha/core/sha.c.obj'
[790/1044] Building C object esp-idf/mbedtls/mbedtls/library/CMakeFiles/mbedcrypto.dir/timing.c.obj
[800/1044] Building C object 'esp-idf/mbedtls/mbedtls/library/CMakeFiles/mbedcrypto.dir/home/tikhon/Документы/magnolia/esp-idf/components/mbedtls/port/esp_timing.c.obj'
[791/1044] Building C object esp-idf/mbedtls/mbedtls/library/CMakeFiles/mbedcrypto.dir/version_features.c.obj
[793/1044] Building C object 'esp-idf/mbedtls/mbedtls/library/CMakeFiles/mbedcrypto.dir/home/tikhon/Документы/magnolia/esp-idf/components/mbedtls/port/esp_hardware.c.obj'
[792/1044] Building C object esp-idf/mbedtls/mbedtls/library/CMakeFiles/mbedcrypto.dir/psa_crypto_mac.c.obj
[794/1044] Building C object 'esp-idf/mbedtls/mbedtls/library/CMakeFiles/mbedcrypto.dir/home/tikhon/Документы/magnolia/esp-idf/components/mbedtls/port/esp_mem.c.obj'
[795/1044] Building C object esp-idf/mbedtls/mbedtls/library/CMakeFiles/mbedcrypto.dir/version_features.c.obj
[801/1044] Building C object 'esp-idf/mbedtls/mbedtls/library/CMakeFiles/mbedcrypto.dir/home/tikhon/Документы/magnolia/esp-idf/components/mbedtls/port/sha/esp_sha.c.obj'
[796/1044] Building C object esp-idf/mbedtls/mbedtls/library/CMakeFiles/mbedcrypto.dir/ecp.c.obj
[4/6] Linking C static library esp-idf/main/libmain.a
[797/1044] Building C object esp-idf/mbedtls/mbedtls/library/CMakeFiles/mbedcrypto.dir/sha512.c.obj
[802/1044] Building C object esp-idf/mbedtls/mbedtls/library/CMakeFiles/mbedcrypto.dir/psa_crypto_slot_management.c.obj
Applet init OK -> /home/tikhon/Документы/magnolia/rootfs/bin/init
Building applet mv -> mv ...
+ idf.py elf
[1/4] Building C object esp-idf/esp_app_format/CMakeFiles/__idf_esp_app_format.dir/esp_app_desc.c.obj
[793/1044] Building C object esp-idf/mbedtls/mbedtls/library/CMakeFiles/mbedcrypto.dir/psa_util.c.obj
[825/1044] Building C object esp-idf/mbedtls/mbedtls/library/CMakeFiles/mbedcrypto.dir/rsa.c.obj
-- Adding linker script /home/tikhon/Документы/magnolia/applets/mainline/ls/build/esp-idf/esp_system/ld/memory.ld
-- Adding linker script /home/tikhon/Документы/magnolia/applets/mainline/ls/build/esp-idf/esp_system/ld/sections.ld.in
[798/1044] Building C object 'esp-idf/mbedtls/mbedtls/library/CMakeFiles/mbedcrypto.dir/home/tikhon/Документы/magnolia/esp-idf/components/mbedtls/port/sha/core/esp_sha_gdma_impl.c.obj'
[799/1044] Building C object 'esp-idf/mbedtls/mbedtls/library/CMakeFiles/mbedcrypto.dir/home/tikhon/Документы/magnolia/esp-idf/components/mbedtls/port/aes/dma/esp_aes_gdma_impl.c.obj'
[1/4] Building C object esp-idf/esp_app_format/CMakeFiles/__idf_esp_app_format.dir/esp_app_desc.c.obj
[800/1044] Building C object 'esp-idf/mbedtls/mbedtls/library/CMakeFiles/mbedcrypto.dir/home/tikhon/Документы/magnolia/esp-idf/components/mbedtls/port/esp_timing.c.obj'
[803/1044] Building C object 'esp-idf/mbedtls/mbedtls/library/CMakeFiles/mbedcrypto.dir/home/tikhon/Документы/magnolia/esp-idf/components/mbedtls/port/esp_ds/esp_rsa_sign_alt.c.obj'
[794/1044] Building C object 'esp-idf/mbedtls/mbedtls/library/CMakeFiles/mbedcrypto.dir/home/tikhon/Документы/magnolia/esp-idf/components/mbedtls/port/sha/core/esp_sha_gdma_impl.c.obj'
[801/1044] Building C object esp-idf/mbedtls/mbedtls/library/CMakeFiles/mbedcrypto.dir/psa_util.c.obj
[5/6] Build ELF: env.app.elf
[804/1044] Building C object 'esp-idf/mbedtls/mbedtls/library/CMakeFiles/mbedcrypto.dir/home/tikhon/Документы/magnolia/esp-idf/components/mbedtls/port/aes/esp_aes_common.c.obj'
[2/4] Linking C static library esp-idf/esp_app_format/libesp_app_format.a
[802/1044] Building C object 'esp-idf/mbedtls/mbedtls/library/CMakeFiles/mbedcrypto.dir/home/tikhon/Документы/magnolia/esp-idf/components/mbedtls/port/aes/dma/esp_aes_dma_core.c.obj'
[795/1044] Building C object 'esp-idf/mbedtls/mbedtls/library/CMakeFiles/mbedcrypto.dir/home/tikhon/Документы/magnolia/esp-idf/components/mbedtls/port/esp_hardware.c.obj'
-- Adding linker script /home/tikhon/Документы/magnolia/esp-idf/components/esp_rom/esp32s3/ld/esp32s3.rom.ld
[796/1044] Building C object 'esp-idf/mbedtls/mbedtls/library/CMakeFiles/mbedcrypto.dir/home/tikhon/Документы/magnolia/esp-idf/components/mbedtls/port/esp_mem.c.obj'
[797/1044] Building C object esp-idf/mbedtls/mbedtls/library/CMakeFiles/mbedcrypto.dir/sha512.c.obj
[798/1044] Building C object 'esp-idf/mbedtls/mbedtls/library/CMakeFiles/mbedcrypto.dir/home/tikhon/Документы/magnolia/esp-idf/components/mbedtls/port/esp_timing.c.obj'
-- Adding linker script /home/tikhon/Документы/magnolia/esp-idf/components/esp_rom/esp32s3/ld/esp32s3.rom.api.ld
-- Adding linker script /home/tikhon/Документы/magnolia/esp-idf/components/esp_rom/esp32s3/ld/esp32s3.rom.bt_funcs.ld
-- Adding linker script /home/tikhon/Документы/magnolia/esp-idf/components/esp_rom/esp32s3/ld/esp32s3.rom.libgcc.ld
-- Adding linker script /home/tikhon/Документы/magnolia/esp-idf/components/esp_rom/esp32s3/ld/esp32s3.rom.wdt.ld
-- Adding linker script /home/tikhon/Документы/magnolia/esp-idf/components/esp_rom/esp32s3/ld/esp32s3.rom.version.ld
-- Adding linker script /home/tikhon/Документы/magnolia/esp-idf/components/esp_rom/esp32s3/ld/esp32s3.rom.ble_master.ld
-- Adding linker script /home/tikhon/Документы/magnolia/esp-idf/components/esp_rom/esp32s3/ld/esp32s3.rom.ble_50.ld
-- Adding linker script /home/tikhon/Документы/magnolia/esp-idf/components/esp_rom/esp32s3/ld/esp32s3.rom.ble_smp.ld
-- Adding linker script /home/tikhon/Документы/magnolia/esp-idf/components/esp_rom/esp32s3/ld/esp32s3.rom.ble_dtm.ld
-- Adding linker script /home/tikhon/Документы/magnolia/esp-idf/components/esp_rom/esp32s3/ld/esp32s3.rom.ble_test.ld
-- Adding linker script /home/tikhon/Документы/magnolia/esp-idf/components/esp_rom/esp32s3/ld/esp32s3.rom.ble_scan.ld
-- Adding linker script /home/tikhon/Документы/magnolia/esp-idf/components/esp_rom/esp32s3/ld/esp32s3.rom.libc.ld
-- Adding linker script /home/tikhon/Документы/magnolia/esp-idf/components/esp_rom/esp32s3/ld/esp32s3.rom.newlib.ld
[805/1044] Building C object 'esp-idf/mbedtls/mbedtls/library/CMakeFiles/mbedcrypto.dir/home/tikhon/Документы/magnolia/esp-idf/components/mbedtls/port/aes/esp_aes_xts.c.obj'
[3/4] Build ELF: elftest.app.elf
[806/1044] Building C object 'esp-idf/mbedtls/mbedtls/library/CMakeFiles/mbedcrypto.dir/home/tikhon/Документы/magnolia/esp-idf/components/mbedtls/port/aes/dma/esp_aes.c.obj'
[799/1044] Building C object esp-idf/mbedtls/mbedtls/library/CMakeFiles/mbedcrypto.dir/psa_crypto_slot_management.c.obj
[803/1044] Building C object 'esp-idf/mbedtls/mbedtls/library/CMakeFiles/mbedcrypto.dir/home/tikhon/Документы/magnolia/esp-idf/components/mbedtls/port/sha/esp_sha.c.obj'
[807/1044] Building C object 'esp-idf/mbedtls/mbedtls/library/CMakeFiles/mbedcrypto.dir/home/tikhon/Документы/magnolia/esp-idf/components/mbedtls/port/bignum/bignum_alt.c.obj'
[804/1044] Building C object 'esp-idf/mbedtls/mbedtls/library/CMakeFiles/mbedcrypto.dir/home/tikhon/Документы/magnolia/esp-idf/components/mbedtls/port/aes/esp_aes_common.c.obj'
[808/1044] Building C object 'esp-idf/mbedtls/mbedtls/library/CMakeFiles/mbedcrypto.dir/home/tikhon/Документы/magnolia/esp-idf/components/mbedtls/port/sha/core/esp_sha1.c.obj'
[800/1044] Building C object esp-idf/mbedtls/mbedtls/library/CMakeFiles/mbedcrypto.dir/psa_crypto_rsa.c.obj
[2/4] Linking C static library esp-idf/esp_app_format/libesp_app_format.a
[801/1044] Building C object 'esp-idf/mbedtls/mbedtls/library/CMakeFiles/mbedcrypto.dir/home/tikhon/Документы/magnolia/esp-idf/components/mbedtls/port/aes/dma/esp_aes_gdma_impl.c.obj'
[802/1044] Building C object 'esp-idf/mbedtls/mbedtls/library/CMakeFiles/mbedcrypto.dir/home/tikhon/Документы/magnolia/esp-idf/components/mbedtls/port/aes/esp_aes_common.c.obj'
[809/1044] Building C object 'esp-idf/mbedtls/mbedtls/library/CMakeFiles/mbedcrypto.dir/home/tikhon/Документы/magnolia/esp-idf/components/mbedtls/port/crypto_shared_gdma/esp_crypto_shared_gdma.c.obj'
[805/1044] Building C object 'esp-idf/mbedtls/mbedtls/library/CMakeFiles/mbedcrypto.dir/home/tikhon/Документы/magnolia/esp-idf/components/mbedtls/port/sha/core/esp_sha1.c.obj'
[806/1044] Building C object 'esp-idf/mbedtls/mbedtls/library/CMakeFiles/mbedcrypto.dir/home/tikhon/Документы/magnolia/esp-idf/components/mbedtls/port/esp_ds/esp_rsa_sign_alt.c.obj'
-- Adding linker script /home/tikhon/Документы/magnolia/esp-idf/components/soc/esp32s3/ld/esp32s3.peripherals.ld
[810/1044] Building C object 'esp-idf/mbedtls/mbedtls/library/CMakeFiles/mbedcrypto.dir/home/tikhon/Документы/magnolia/esp-idf/components/mbedtls/port/esp_ds/esp_rsa_dec_alt.c.obj'
[826/1044] Building C object 'esp-idf/mbedtls/mbedtls/library/CMakeFiles/mbedcrypto.dir/home/tikhon/Документы/magnolia/esp-idf/components/mbedtls/port/aes/esp_aes_gcm.c.obj'
[811/1044] Linking CXX static library esp-idf/mbedtls/mbedtls/library/libmbedx509.a
[803/1044] Building C object esp-idf/mbedtls/mbedtls/library/CMakeFiles/mbedcrypto.dir/sha3.c.obj
[807/1044] Building C object 'esp-idf/mbedtls/mbedtls/library/CMakeFiles/mbedcrypto.dir/home/tikhon/Документы/magnolia/esp-idf/components/mbedtls/port/aes/esp_aes_xts.c.obj'
[808/1044] Building C object esp-idf/mbedtls/mbedtls/library/CMakeFiles/mbedcrypto.dir/sha3.c.obj
[3/4] Build ELF: login.app.elf
[812/1044] Building C object 'esp-idf/mbedtls/mbedtls/library/CMakeFiles/mbedcrypto.dir/home/tikhon/Документы/magnolia/esp-idf/components/mbedtls/port/esp_ds/esp_ds_common.c.obj'
[1/6] Building C object esp-idf/esp_app_format/CMakeFiles/__idf_esp_app_format.dir/esp_app_desc.c.obj
[809/1044] Building C object 'esp-idf/mbedtls/mbedtls/library/CMakeFiles/mbedcrypto.dir/home/tikhon/Документы/magnolia/esp-idf/components/mbedtls/port/bignum/bignum_alt.c.obj'
[804/1044] Building C object 'esp-idf/mbedtls/mbedtls/library/CMakeFiles/mbedcrypto.dir/home/tikhon/Документы/magnolia/esp-idf/components/mbedtls/port/aes/esp_aes_xts.c.obj'
[810/1044] Linking CXX static library esp-idf/mbedtls/mbedtls/library/libmbedx509.a
[805/1044] Building C object 'esp-idf/mbedtls/mbedtls/library/CMakeFiles/mbedcrypto.dir/home/tikhon/Документы/magnolia/esp-idf/components/mbedtls/port/sha/esp_sha.c.obj'
[811/1044] Building C object 'esp-idf/mbedtls/mbedtls/library/CMakeFiles/mbedcrypto.dir/home/tikhon/Документы/magnolia/esp-idf/components/mbedtls/port/md/esp_md.c.obj'
[812/1044] Building C object 'esp-idf/mbedtls/mbedtls/library/CMakeFiles/mbedcrypto.dir/home/tikhon/Документы/magnolia/esp-idf/components/mbedtls/port/sha/core/esp_sha256.c.obj'
[813/1044] Building C object 'esp-idf/mbedtls/mbedtls/library/CMakeFiles/mbedcrypto.dir/home/tikhon/Документы/magnolia/esp-idf/components/mbedtls/port/md/esp_md.c.obj'
[1/6] Building C object esp-idf/esp_app_format/CMakeFiles/__idf_esp_app_format.dir/esp_app_desc.c.obj
[814/1044] Building C object esp-idf/mbedtls/mbedtls/3rdparty/everest/CMakeFiles/everest.dir/library/Hacl_Curve25519_joined.c.obj
[815/1044] Building C object 'esp-idf/mbedtls/mbedtls/library/CMakeFiles/mbedcrypto.dir/home/tikhon/Документы/magnolia/esp-idf/components/mbedtls/port/aes/esp_aes_gcm.c.obj'
[1/6] Building C object esp-idf/esp_app_format/CMakeFiles/__idf_esp_app_format.dir/esp_app_desc.c.obj
[816/1044] Building C object 'esp-idf/mbedtls/mbedtls/library/CMakeFiles/mbedcrypto.dir/home/tikhon/Документы/magnolia/esp-idf/components/mbedtls/port/bignum/esp_bignum.c.obj'
[817/1044] Building C object esp-idf/mbedtls/mbedtls/3rdparty/everest/CMakeFiles/everest.dir/library/x25519.c.obj
[813/1044] Building C object 'esp-idf/mbedtls/mbedtls/library/CMakeFiles/mbedcrypto.dir/home/tikhon/Документы/magnolia/esp-idf/components/mbedtls/port/crypto_shared_gdma/esp_crypto_shared_gdma.c.obj'
[814/1044] Building C object 'esp-idf/mbedtls/mbedtls/library/CMakeFiles/mbedcrypto.dir/home/tikhon/Документы/magnolia/esp-idf/components/mbedtls/port/aes/dma/esp_aes.c.obj'
[818/1044] Building C object esp-idf/mbedtls/mbedtls/3rdparty/p256-m/CMakeFiles/p256m.dir/p256-m/p256-m.c.obj
[819/1044] Building C object 'esp-idf/mbedtls/mbedtls/library/CMakeFiles/mbedcrypto.dir/home/tikhon/Документы/magnolia/esp-idf/components/mbedtls/port/sha/core/esp_sha256.c.obj'
[820/1044] Building C object esp-idf/mbedtls/mbedtls/3rdparty/p256-m/CMakeFiles/p256m.dir/p256-m_driver_entrypoints.c.obj
[2/6] Linking C static library esp-idf/esp_app_format/libesp_app_format.a
[806/1044] Building C object 'esp-idf/mbedtls/mbedtls/library/CMakeFiles/mbedcrypto.dir/home/tikhon/Документы/magnolia/esp-idf/components/mbedtls/port/bignum/bignum_alt.c.obj'
-- Generating done (3.7s)
[821/1044] Building C object esp-idf/mbedtls/mbedtls/3rdparty/everest/CMakeFiles/everest.dir/library/everest.c.obj
[815/1044] Building C object esp-idf/mbedtls/mbedtls/3rdparty/p256-m/CMakeFiles/p256m.dir/p256-m_driver_entrypoints.c.obj
[822/1044] Building C object esp-idf/mbedtls/mbedtls/library/CMakeFiles/mbedcrypto.dir/sha3.c.obj
[816/1044] Building C object esp-idf/mbedtls/mbedtls/3rdparty/everest/CMakeFiles/everest.dir/library/x25519.c.obj
[2/6] Building C object esp-idf/main/CMakeFiles/__idf_main.dir/main.c.obj
FAILED: esp-idf/main/CMakeFiles/__idf_main.dir/main.c.obj 
/home/tikhon/.espressif/tools/xtensa-esp-elf/esp-15.1.0_20250607/xtensa-esp-elf/bin/xtensa-esp32s3-elf-gcc -DESP_PLATFORM -DIDF_VER=\"v6.0-dev-1833-g758939caec-dirty\" -DMBEDTLS_CONFIG_FILE=\"mbedtls/esp_config.h\" -DSOC_MMU_PAGE_SIZE=CONFIG_MMU_PAGE_SIZE -DSOC_XTAL_FREQ_MHZ=CONFIG_XTAL_FREQ -DUNITY_INCLUDE_CONFIG_H -D_GLIBCXX_HAVE_POSIX_SEMAPHORE -D_GLIBCXX_USE_POSIX_SEMAPHORE -D_GNU_SOURCE -D_POSIX_READER_WRITER_LOCKS -I/home/tikhon/Документы/magnolia/applets/mainline/ln/build/config -I/home/tikhon/Документы/magnolia/esp-idf/components/newlib/platform_include -I/home/tikhon/Документы/magnolia/esp-idf/components/freertos/config/include -I/home/tikhon/Документы/magnolia/esp-idf/components/freertos/config/include/freertos -I/home/tikhon/Документы/magnolia/esp-idf/components/freertos/config/xtensa/include -I/home/tikhon/Документы/magnolia/esp-idf/components/freertos/FreeRTOS-Kernel/include -I/home/tikhon/Документы/magnolia/esp-idf/components/freertos/FreeRTOS-Kernel/portable/xtensa/include -I/home/tikhon/Документы/magnolia/esp-idf/components/freertos/FreeRTOS-Kernel/portable/xtensa/include/freertos -I/home/tikhon/Документы/magnolia/esp-idf/components/freertos/esp_additions/include -I/home/tikhon/Документы/magnolia/esp-idf/components/esp_hw_support/include -I/home/tikhon/Документы/magnolia/esp-idf/components/esp_hw_support/include/soc -I/home/tikhon/Документы/magnolia/esp-idf/components/esp_hw_support/dma/include -I/home/tikhon/Документы/magnolia/esp-idf/components/esp_hw_support/ldo/include -I/home/tikhon/Документы/magnolia/esp-idf/components/esp_hw_support/debug_probe/include -I/home/tikhon/Документы/magnolia/esp-idf/components/esp_hw_support/mspi_timing_tuning/include -I/home/tikhon/Документы/magnolia/esp-idf/components/esp_hw_support/mspi_timing_tuning/tuning_scheme_impl/include -I/home/tikhon/Документы/magnolia/esp-idf/components/esp_hw_support/power_supply/include -I/home/tikhon/Документы/magnolia/esp-idf/components/esp_hw_support/include/soc/esp32s3 -I/home/tikhon/Документы/magnolia/esp-idf/components/esp_hw_support/port/esp32s3/. -I/home/tikhon/Документы/magnolia/esp-idf/components/esp_hw_support/port/esp32s3/include -I/home/tikhon/Документы/magnolia/esp-idf/components/esp_hw_support/mspi_timing_tuning/port/esp32s3/. -I/home/tikhon/Документы/magnolia/esp-idf/components/esp_hw_support/mspi_timing_tuning/port/esp32s3/include -I/home/tikhon/Документы/magnolia/esp-idf/components/heap/include -I/home/tikhon/Документы/magnolia/esp-idf/components/heap/tlsf -I/home/tikhon/Документы/magnolia/esp-idf/components/log/include -I/home/tikhon/Документы/magnolia/esp-idf/components/soc/include -I/home/tikhon/Документы/magnolia/esp-idf/components/soc/esp32s3 -I/home/tikhon/Документы/magnolia/esp-idf/components/soc/esp32s3/include -I/home/tikhon/Документы/magnolia/esp-idf/components/soc/esp32s3/register -I/home/tikhon/Документы/magnolia/esp-idf/components/hal/platform_port/include -I/home/tikhon/Документы/magnolia/esp-idf/components/hal/esp32s3/include -I/home/tikhon/Документы/magnolia/esp-idf/components/hal/include -I/home/tikhon/Документы/magnolia/esp-idf/components/esp_rom/include -I/home/tikhon/Документы/magnolia/esp-idf/components/esp_rom/esp32s3/include -I/home/tikhon/Документы/magnolia/esp-idf/components/esp_rom/esp32s3/include/esp32s3 -I/home/tikhon/Документы/magnolia/esp-idf/components/esp_rom/esp32s3 -I/home/tikhon/Документы/magnolia/esp-idf/components/esp_common/include -I/home/tikhon/Документы/magnolia/esp-idf/components/esp_system/include -I/home/tikhon/Документы/magnolia/esp-idf/components/esp_system/port/soc -I/home/tikhon/Документы/magnolia/esp-idf/components/esp_system/port/include/private -I/home/tikhon/Документы/magnolia/esp-idf/components/xtensa/esp32s3/include -I/home/tikhon/Документы/magnolia/esp-idf/components/xtensa/include -I/home/tikhon/Документы/magnolia/esp-idf/components/xtensa/deprecated_include -I/home/tikhon/Документы/magnolia/esp-idf/components/lwip/include -I/home/tikhon/Документы/magnolia/esp-idf/components/lwip/include/apps -I/home/tikhon/Документы/magnolia/esp-idf/components/lwip/include/apps/sntp -I/home/tikhon/Документы/magnolia/esp-idf/components/lwip/lwip/src/include -I/home/tikhon/Документы/magnolia/esp-idf/components/lwip/port/include -I/home/tikhon/Документы/magnolia/esp-idf/components/lwip/port/freertos/include -I/home/tikhon/Документы/magnolia/esp-idf/components/lwip/port/esp32xx/include -I/home/tikhon/Документы/magnolia/esp-idf/components/lwip/port/esp32xx/include/arch -I/home/tikhon/Документы/magnolia/esp-idf/components/lwip/port/esp32xx/include/sys -I/home/tikhon/Документы/magnolia/esp-idf/components/esp_app_format/include -I/home/tikhon/Документы/magnolia/esp-idf/components/esp_bootloader_format/include -I/home/tikhon/Документы/magnolia/esp-idf/components/app_update/include -I/home/tikhon/Документы/magnolia/esp-idf/components/bootloader_support/include -I/home/tikhon/Документы/magnolia/esp-idf/components/bootloader_support/bootloader_flash/include -I/home/tikhon/Документы/magnolia/esp-idf/components/esp_partition/include -I/home/tikhon/Документы/magnolia/esp-idf/components/efuse/include -I/home/tikhon/Документы/magnolia/esp-idf/components/efuse/esp32s3/include -I/home/tikhon/Документы/magnolia/esp-idf/components/esp_security/include -I/home/tikhon/Документы/magnolia/esp-idf/components/esp_driver_gpio/include -I/home/tikhon/Документы/magnolia/esp-idf/components/esp_pm/include -I/home/tikhon/Документы/magnolia/esp-idf/components/mbedtls/port/include -I/home/tikhon/Документы/magnolia/esp-idf/components/mbedtls/mbedtls/include -I/home/tikhon/Документы/magnolia/esp-idf/components/mbedtls/mbedtls/library -I/home/tikhon/Документы/magnolia/esp-idf/components/mbedtls/esp_crt_bundle/include -I/home/tikhon/Документы/magnolia/esp-idf/components/mbedtls/mbedtls/3rdparty/everest/include -I/home/tikhon/Документы/magnolia/esp-idf/components/mbedtls/mbedtls/3rdparty/p256-m -I/home/tikhon/Документы/magnolia/esp-idf/components/mbedtls/mbedtls/3rdparty/p256-m/p256-m -I/home/tikhon/Документы/magnolia/esp-idf/components/esp_mm/include -I/home/tikhon/Документы/magnolia/esp-idf/components/spi_flash/include -I/home/tikhon/Документы/magnolia/esp-idf/components/pthread/include -I/home/tikhon/Документы/magnolia/esp-idf/components/esp_timer/include -I/home/tikhon/Документы/magnolia/esp-idf/components/esp_driver_gptimer/include -I/home/tikhon/Документы/magnolia/esp-idf/components/esp_ringbuf/include -I/home/tikhon/Документы/magnolia/esp-idf/components/esp_driver_uart/include -I/home/tikhon/Документы/magnolia/esp-idf/components/vfs/include -I/home/tikhon/Документы/magnolia/esp-idf/components/app_trace/include -I/home/tikhon/Документы/magnolia/esp-idf/components/esp_event/include -I/home/tikhon/Документы/magnolia/esp-idf/components/nvs_flash/include -I/home/tikhon/Документы/magnolia/esp-idf/components/esp_phy/include -I/home/tikhon/Документы/magnolia/esp-idf/components/esp_phy/esp32s3/include -I/home/tikhon/Документы/magnolia/esp-idf/components/esp_driver_usb_serial_jtag/include -I/home/tikhon/Документы/magnolia/esp-idf/components/esp_vfs_console/include -I/home/tikhon/Документы/magnolia/esp-idf/components/esp_netif/include -I/home/tikhon/Документы/magnolia/esp-idf/components/wpa_supplicant/include -I/home/tikhon/Документы/magnolia/esp-idf/components/wpa_supplicant/port/include -I/home/tikhon/Документы/magnolia/esp-idf/components/wpa_supplicant/esp_supplicant/include -I/home/tikhon/Документы/magnolia/esp-idf/components/esp_coex/include -I/home/tikhon/Документы/magnolia/esp-idf/components/esp_wifi/include -I/home/tikhon/Документы/magnolia/esp-idf/components/esp_wifi/include/local -I/home/tikhon/Документы/magnolia/esp-idf/components/esp_wifi/wifi_apps/include -I/home/tikhon/Документы/magnolia/esp-idf/components/esp_wifi/wifi_apps/nan_app/include -I/home/tikhon/Документы/magnolia/esp-idf/components/esp_driver_spi/include -I/home/tikhon/Документы/magnolia/esp-idf/components/esp_gdbstub/include -I/home/tikhon/Документы/magnolia/esp-idf/components/unity/include -I/home/tikhon/Документы/magnolia/esp-idf/components/unity/unity/src -I/home/tikhon/Документы/magnolia/esp-idf/components/cmock/CMock/src -I/home/tikhon/Документы/magnolia/esp-idf/components/console -I/home/tikhon/Документы/magnolia/esp-idf/components/esp_driver_pcnt/include -I/home/tikhon/Документы/magnolia/esp-idf/components/esp_driver_mcpwm/include -I/home/tikhon/Документы/magnolia/esp-idf/components/esp_driver_ana_cmpr/include -I/home/tikhon/Документы/magnolia/esp-idf/components/esp_driver_i2s/include -I/home/tikhon/Документы/magnolia/esp-idf/components/sdmmc/include -I/home/tikhon/Документы/magnolia/esp-idf/components/esp_driver_sd_intf/include -I/home/tikhon/Документы/magnolia/esp-idf/components/esp_driver_sdmmc/include -I/home/tikhon/Документы/magnolia/esp-idf/components/esp_driver_sdmmc/legacy/include -I/home/tikhon/Документы/magnolia/esp-idf/components/esp_driver_sdspi/include -I/home/tikhon/Документы/magnolia/esp-idf/components/esp_driver_sdio/include -I/home/tikhon/Документы/magnolia/esp-idf/components/esp_driver_dac/include -I/home/tikhon/Документы/magnolia/esp-idf/components/esp_driver_bitscrambler/include -I/home/tikhon/Документы/magnolia/esp-idf/components/esp_driver_rmt/include -I/home/tikhon/Документы/magnolia/esp-idf/components/esp_driver_tsens/include -I/home/tikhon/Документы/magnolia/esp-idf/components/esp_driver_sdm/include -I/home/tikhon/Документы/magnolia/esp-idf/components/esp_driver_i2c/include -I/home/tikhon/Документы/magnolia/esp-idf/components/esp_driver_ledc/include -I/home/tikhon/Документы/magnolia/esp-idf/components/esp_driver_parlio/include -I/home/tikhon/Документы/magnolia/esp-idf/components/esp_driver_twai/include -I/home/tikhon/Документы/magnolia/esp-idf/components/driver/deprecated -I/home/tikhon/Документы/magnolia/esp-idf/components/driver/i2c/include -I/home/tikhon/Документы/magnolia/esp-idf/components/driver/touch_sensor/include -I/home/tikhon/Документы/magnolia/esp-idf/components/driver/twai/include -I/home/tikhon/Документы/magnolia/esp-idf/components/driver/touch_sensor/esp32s3/include -I/home/tikhon/Документы/magnolia/esp-idf/components/http_parser -I/home/tikhon/Документы/magnolia/esp-idf/components/esp-tls -I/home/tikhon/Документы/magnolia/esp-idf/components/esp-tls/esp-tls-crypto -I/home/tikhon/Документы/magnolia/esp-idf/components/esp_adc/include -I/home/tikhon/Документы/magnolia/esp-idf/components/esp_adc/interface -I/home/tikhon/Документы/magnolia/esp-idf/components/esp_adc/esp32s3/include -I/home/tikhon/Документы/magnolia/esp-idf/components/esp_driver_isp/include -I/home/tikhon/Документы/magnolia/esp-idf/components/esp_driver_cam/include -I/home/tikhon/Документы/magnolia/esp-idf/components/esp_driver_cam/interface -I/home/tikhon/Документы/magnolia/esp-idf/components/esp_driver_cam/dvp/include -I/home/tikhon/Документы/magnolia/esp-idf/components/esp_driver_i3c/include -I/home/tikhon/Документы/magnolia/esp-idf/components/esp_psram/include -I/home/tikhon/Документы/magnolia/esp-idf/components/esp_psram/xip_impl/include -I/home/tikhon/Документы/magnolia/esp-idf/components/esp_driver_jpeg/include -I/home/tikhon/Документы/magnolia/esp-idf/components/esp_driver_ppa/include -I/home/tikhon/Документы/magnolia/esp-idf/components/esp_driver_touch_sens/include -I/home/tikhon/Документы/magnolia/esp-idf/components/esp_driver_touch_sens/hw_ver2/include -I/home/tikhon/Документы/magnolia/esp-idf/components/esp_eth/include -I/home/tikhon/Документы/magnolia/esp-idf/components/esp_hid/include -I/home/tikhon/Документы/magnolia/esp-idf/components/tcp_transport/include -I/home/tikhon/Документы/magnolia/esp-idf/components/esp_http_client/include -I/home/tikhon/Документы/magnolia/esp-idf/components/esp_http_server/include -I/home/tikhon/Документы/magnolia/esp-idf/components/esp_https_ota/include -I/home/tikhon/Документы/magnolia/esp-idf/components/esp_https_server/include -I/home/tikhon/Документы/magnolia/esp-idf/components/esp_lcd/include -I/home/tikhon/Документы/magnolia/esp-idf/components/esp_lcd/interface -I/home/tikhon/Документы/magnolia/esp-idf/components/esp_lcd/rgb/include -I/home/tikhon/Документы/magnolia/esp-idf/components/protobuf-c/protobuf-c -I/home/tikhon/Документы/magnolia/esp-idf/components/protocomm/include/common -I/home/tikhon/Документы/magnolia/esp-idf/components/protocomm/include/security -I/home/tikhon/Документы/magnolia/esp-idf/components/protocomm/include/transports -I/home/tikhon/Документы/magnolia/esp-idf/components/protocomm/include/crypto/srp6a -I/home/tikhon/Документы/magnolia/esp-idf/components/protocomm/proto-c -I/home/tikhon/Документы/magnolia/esp-idf/components/esp_local_ctrl/include -I/home/tikhon/Документы/magnolia/esp-idf/components/espcoredump/include -I/home/tikhon/Документы/magnolia/esp-idf/components/espcoredump/include/port/xtensa -I/home/tikhon/Документы/magnolia/esp-idf/components/wear_levelling/include -I/home/tikhon/Документы/magnolia/esp-idf/components/fatfs/diskio -I/home/tikhon/Документы/magnolia/esp-idf/components/fatfs/src -I/home/tikhon/Документы/magnolia/esp-idf/components/fatfs/vfs -I/home/tikhon/Документы/magnolia/esp-idf/components/idf_test/include -I/home/tikhon/Документы/magnolia/esp-idf/components/idf_test/include/esp32s3 -I/home/tikhon/Документы/magnolia/esp-idf/components/ieee802154/include -I/home/tikhon/Документы/magnolia/esp-idf/components/json/cJSON -I/home/tikhon/Документы/magnolia/esp-idf/components/mqtt/esp-mqtt/include -I/home/tikhon/Документы/magnolia/esp-idf/components/nvs_sec_provider/include -I/home/tikhon/Документы/magnolia/esp-idf/components/perfmon/include -I/home/tikhon/Документы/magnolia/esp-idf/components/rt/include -I/home/tikhon/Документы/magnolia/esp-idf/components/spiffs/include -I/home/tikhon/Документы/magnolia/esp-idf/components/touch_element/include -I/home/tikhon/Документы/magnolia/esp-idf/components/usb/include -I/home/tikhon/Документы/magnolia/esp-idf/components/wifi_provisioning/include -mlongcalls -fno-builtin-memcpy -fno-builtin-memset -fno-builtin-bzero  -fdiagnostics-color=always -ffunction-sections -fdata-sections -Wall -Werror=all -Wno-error=unused-function -Wno-error=unused-variable -Wno-error=unused-but-set-variable -Wno-error=deprecated-declarations -Wextra -Wno-error=extra -Wno-unused-parameter -Wno-sign-compare -Wno-enum-conversion -gdwarf-4 -ggdb -Og -fno-shrink-wrap -fmacro-prefix-map=/home/tikhon/Документы/magnolia/applets/mainline/ln=. -fmacro-prefix-map=/home/tikhon/Документы/magnolia/esp-idf=/IDF -fstrict-volatile-bitfields -fno-jump-tables -fno-tree-switch-conversion -nostartfiles -nostdlib -fPIC -shared -e app_main -Wl,--gc-sections -fvisibility=hidden -Wl,--strip-all -Wl,--strip-debug -Wl,--strip-discarded -Dmain=app_main -std=gnu17 -Wno-old-style-declaration -fzero-init-padding-bits=all -fno-malloc-dce -MD -MT esp-idf/main/CMakeFiles/__idf_main.dir/main.c.obj -MF esp-idf/main/CMakeFiles/__idf_main.dir/main.c.obj.d -o esp-idf/main/CMakeFiles/__idf_main.dir/main.c.obj -c '/home/tikhon/Документы/magnolia/applets/mainline/ln/main/main.c'
/home/tikhon/Документы/magnolia/applets/mainline/ln/main/main.c: In function 'stat_path':
/home/tikhon/Документы/magnolia/applets/mainline/ln/main/main.c:150:9: error: implicit declaration of function 'lstat'; did you mean 'stat'? [-Wimplicit-function-declaration]
  150 |     if (lstat(path, &st) != 0) {
      |         ^~~~~
      |         stat
[823/1044] Building C object 'esp-idf/mbedtls/mbedtls/library/CMakeFiles/mbedcrypto.dir/home/tikhon/Документы/magnolia/esp-idf/components/mbedtls/port/sha/core/esp_sha512.c.obj'
[807/1044] Linking CXX static library esp-idf/mbedtls/mbedtls/library/libmbedx509.a
[824/1044] Building C object 'esp-idf/mbedtls/mbedtls/library/CMakeFiles/mbedcrypto.dir/home/tikhon/Документы/magnolia/esp-idf/components/mbedtls/port/sha/core/sha.c.obj'
[3/6] Linking C static library esp-idf/esp_app_format/libesp_app_format.a
ninja: build stopped: subcommand failed.
[817/1044] Building C object 'esp-idf/mbedtls/mbedtls/library/CMakeFiles/mbedcrypto.dir/home/tikhon/Документы/magnolia/esp-idf/components/mbedtls/port/sha/core/esp_sha512.c.obj'
[818/1044] Building C object 'esp-idf/mbedtls/mbedtls/library/CMakeFiles/mbedcrypto.dir/home/tikhon/Документы/magnolia/esp-idf/components/mbedtls/port/aes/esp_aes_gcm.c.obj'
[819/1044] Building C object esp-idf/mbedtls/mbedtls/3rdparty/p256-m/CMakeFiles/p256m.dir/p256-m/p256-m.c.obj
[820/1044] Building C object esp-idf/mbedtls/mbedtls/3rdparty/everest/CMakeFiles/everest.dir/library/Hacl_Curve25519_joined.c.obj
[808/1044] Building C object 'esp-idf/mbedtls/mbedtls/library/CMakeFiles/mbedcrypto.dir/home/tikhon/Документы/magnolia/esp-idf/components/mbedtls/port/md/esp_md.c.obj'
[809/1044] Building C object 'esp-idf/mbedtls/mbedtls/library/CMakeFiles/mbedcrypto.dir/home/tikhon/Документы/magnolia/esp-idf/components/mbedtls/port/crypto_shared_gdma/esp_crypto_shared_gdma.c.obj'
[2/6] Linking C static library esp-idf/esp_app_format/libesp_app_format.a
[810/1044] Building C object 'esp-idf/mbedtls/mbedtls/library/CMakeFiles/mbedcrypto.dir/home/tikhon/Документы/magnolia/esp-idf/components/mbedtls/port/sha/core/esp_sha512.c.obj'
[821/1044] Building C object 'esp-idf/mbedtls/mbedtls/library/CMakeFiles/mbedcrypto.dir/home/tikhon/Документы/magnolia/esp-idf/components/mbedtls/port/esp_ds/esp_rsa_dec_alt.c.obj'
[825/1044] Building C object 'esp-idf/mbedtls/mbedtls/library/CMakeFiles/mbedcrypto.dir/home/tikhon/Документы/magnolia/esp-idf/components/mbedtls/port/aes/dma/esp_aes_dma_core.c.obj'
[3/6] Building C object esp-idf/main/CMakeFiles/__idf_main.dir/main.c.obj
[3/6] Building C object esp-idf/main/CMakeFiles/__idf_main.dir/main.c.obj
[822/1044] Building C object 'esp-idf/mbedtls/mbedtls/library/CMakeFiles/mbedcrypto.dir/home/tikhon/Документы/magnolia/esp-idf/components/mbedtls/port/esp_ds/esp_ds_common.c.obj'
[823/1044] Building C object esp-idf/mbedtls/mbedtls/3rdparty/everest/CMakeFiles/everest.dir/library/everest.c.obj
[811/1044] Building C object 'esp-idf/mbedtls/mbedtls/library/CMakeFiles/mbedcrypto.dir/home/tikhon/Документы/magnolia/esp-idf/components/mbedtls/port/bignum/esp_bignum.c.obj'
-- Build files have been written to: /home/tikhon/Документы/magnolia/applets/mainline/false/build
[812/1044] Building C object 'esp-idf/mbedtls/mbedtls/library/CMakeFiles/mbedcrypto.dir/home/tikhon/Документы/magnolia/esp-idf/components/mbedtls/port/esp_ds/esp_rsa_dec_alt.c.obj'
Applet elftest OK -> /home/tikhon/Документы/magnolia/rootfs/bin/elftest
Building applet ps -> ps ...
+ idf.py elf
[813/1044] Building C object esp-idf/mbedtls/mbedtls/3rdparty/everest/CMakeFiles/everest.dir/library/x25519.c.obj
[814/1044] Building C object 'esp-idf/mbedtls/mbedtls/library/CMakeFiles/mbedcrypto.dir/home/tikhon/Документы/magnolia/esp-idf/components/mbedtls/port/sha/core/esp_sha256.c.obj'
[4/6] Linking C static library esp-idf/main/libmain.a
[824/1044] Building C object 'esp-idf/mbedtls/mbedtls/library/CMakeFiles/mbedcrypto.dir/home/tikhon/Документы/magnolia/esp-idf/components/mbedtls/port/bignum/esp_bignum.c.obj'
[815/1044] Building C object 'esp-idf/mbedtls/mbedtls/library/CMakeFiles/mbedcrypto.dir/home/tikhon/Документы/magnolia/esp-idf/components/mbedtls/port/sha/core/esp_sha1.c.obj'
[816/1044] Building C object esp-idf/mbedtls/mbedtls/3rdparty/everest/CMakeFiles/everest.dir/library/Hacl_Curve25519_joined.c.obj
[817/1044] Building C object 'esp-idf/mbedtls/mbedtls/library/CMakeFiles/mbedcrypto.dir/home/tikhon/Документы/magnolia/esp-idf/components/mbedtls/port/aes/dma/esp_aes.c.obj'
[818/1044] Building C object 'esp-idf/mbedtls/mbedtls/library/CMakeFiles/mbedcrypto.dir/home/tikhon/Документы/magnolia/esp-idf/components/mbedtls/port/sha/core/sha.c.obj'
[4/6] Linking C static library esp-idf/main/libmain.a
[5/6] Build ELF: kill.app.elf
[819/1044] Building C object esp-idf/mbedtls/mbedtls/3rdparty/everest/CMakeFiles/everest.dir/library/everest.c.obj
[5/6] Build ELF: head.app.elf
[820/1044] Building C object 'esp-idf/mbedtls/mbedtls/library/CMakeFiles/mbedcrypto.dir/home/tikhon/Документы/magnolia/esp-idf/components/mbedtls/port/aes/dma/esp_aes_dma_core.c.obj'
[821/1044] Building C object esp-idf/mbedtls/mbedtls/3rdparty/p256-m/CMakeFiles/p256m.dir/p256-m/p256-m.c.obj
[822/1044] Building C object 'esp-idf/mbedtls/mbedtls/library/CMakeFiles/mbedcrypto.dir/home/tikhon/Документы/magnolia/esp-idf/components/mbedtls/port/esp_ds/esp_ds_common.c.obj'
[825/1044] Building C object 'esp-idf/mbedtls/mbedtls/library/CMakeFiles/mbedcrypto.dir/home/tikhon/Документы/magnolia/esp-idf/components/mbedtls/port/sha/core/sha.c.obj'
[823/1044] Building C object esp-idf/mbedtls/mbedtls/3rdparty/p256-m/CMakeFiles/p256m.dir/p256-m_driver_entrypoints.c.obj
Executing action: elf
Running ninja in directory /home/tikhon/Документы/magnolia/applets/mainline/mkdir/build
Executing "ninja elf"...
[0/1] Re-running CMake...
[824/1044] Building C object 'esp-idf/mbedtls/mbedtls/library/CMakeFiles/mbedcrypto.dir/home/tikhon/Документы/magnolia/esp-idf/components/mbedtls/port/esp_ds/esp_rsa_sign_alt.c.obj'
[826/1044] Building C object esp-idf/mbedtls/mbedtls/library/CMakeFiles/mbedcrypto.dir/rsa.c.obj
[825/1044] Building C object 'esp-idf/mbedtls/mbedtls/library/CMakeFiles/mbedcrypto.dir/home/tikhon/Документы/magnolia/esp-idf/components/mbedtls/port/aes/esp_aes_gcm.c.obj'
Applet env OK -> /home/tikhon/Документы/magnolia/rootfs/bin/env
Building applet printenv -> printenv ...
+ idf.py elf
-- Compiler supported targets: xtensa-esp-elf
[1/6] Building C object esp-idf/main/CMakeFiles/__idf_main.dir/main.c.obj
Applet head OK -> /home/tikhon/Документы/magnolia/rootfs/bin/head
Building applet printf -> printf ...
Reconfiguring applet printf (cmake inputs changed)
+ idf.py reconfigure
Applet login OK -> /home/tikhon/Документы/magnolia/rootfs/bin/login
Building applet paste -> paste ...
Reconfiguring applet paste (cmake inputs changed)
+ idf.py reconfigure
Applet kill OK -> /home/tikhon/Документы/magnolia/rootfs/bin/kill
Building applet pwd -> pwd ...
+ idf.py elf
[826/1044] Building C object esp-idf/mbedtls/mbedtls/library/CMakeFiles/mbedcrypto.dir/rsa.c.obj
[2/6] Building C object esp-idf/esp_app_format/CMakeFiles/__idf_esp_app_format.dir/esp_app_desc.c.obj
[826/1044] Building C object esp-idf/mbedtls/mbedtls/library/CMakeFiles/mbedcrypto.dir/rsa.c.obj
Command failed (2): idf.py elf
Elf target failed for ln; running `idf.py build` instead.
+ idf.py build
[3/6] Linking C static library esp-idf/esp_app_format/libesp_app_format.a
[4/6] Linking C static library esp-idf/main/libmain.a
[5/6] Build ELF: false.app.elf
-- App "medit" version: c092b7f-dirty
[827/1044] Building C object esp-idf/mbedtls/mbedtls/library/CMakeFiles/mbedcrypto.dir/psa_crypto.c.obj
-- Generating done (1.4s)
Applet false OK -> /home/tikhon/Документы/magnolia/rootfs/bin/false
Building applet rm -> rm ...
+ idf.py elf
[827/1044] Building C object esp-idf/mbedtls/mbedtls/library/CMakeFiles/mbedcrypto.dir/psa_crypto.c.obj
-- Build files have been written to: /home/tikhon/Документы/magnolia/applets/mainline/hexdump/build
[827/1044] Building C object esp-idf/mbedtls/mbedtls/library/CMakeFiles/mbedcrypto.dir/psa_crypto.c.obj
[828/1044] Linking CXX static library esp-idf/mbedtls/mbedtls/library/libmbedcrypto.a
[829/1044] Linking CXX static library esp-idf/mbedtls/mbedtls/3rdparty/p256-m/libp256m.a
[830/1044] Linking CXX static library esp-idf/mbedtls/mbedtls/3rdparty/everest/libeverest.a
[828/1044] Linking CXX static library esp-idf/mbedtls/mbedtls/library/libmbedcrypto.a
[827/1044] Building C object esp-idf/mbedtls/mbedtls/library/CMakeFiles/mbedcrypto.dir/psa_crypto.c.obj
[829/1044] Linking CXX static library esp-idf/mbedtls/mbedtls/3rdparty/p256-m/libp256m.a
[830/1044] Linking CXX static library esp-idf/mbedtls/mbedtls/3rdparty/everest/libeverest.a
-- USING O3
[828/1044] Linking CXX static library esp-idf/mbedtls/mbedtls/library/libmbedcrypto.a
-- Components: app_trace app_update bootloader bootloader_support bt cmock console cxx driver efuse esp-tls esp_adc esp_app_format esp_bootloader_format esp_coex esp_common esp_driver_ana_cmpr esp_driver_bitscrambler esp_driver_cam esp_driver_dac esp_driver_gpio esp_driver_gptimer esp_driver_i2c esp_driver_i2s esp_driver_i3c esp_driver_isp esp_driver_jpeg esp_driver_ledc esp_driver_mcpwm esp_driver_parlio esp_driver_pcnt esp_driver_ppa esp_driver_rmt esp_driver_sd_intf esp_driver_sdio esp_driver_sdm esp_driver_sdmmc esp_driver_sdspi esp_driver_spi esp_driver_touch_sens esp_driver_tsens esp_driver_twai esp_driver_uart esp_driver_usb_serial_jtag esp_eth esp_event esp_gdbstub esp_hid esp_http_client esp_http_server esp_https_ota esp_https_server esp_hw_support esp_lcd esp_local_ctrl esp_mm esp_netif esp_netif_stack esp_partition esp_phy esp_pm esp_psram esp_ringbuf esp_rom esp_security esp_system esp_timer esp_vfs_console esp_wifi espcoredump esptool_py fatfs freertos hal heap http_parser idf_test ieee802154 json log lwip main mbedtls mqtt newlib nvs_flash nvs_sec_provider openthread partition_table perfmon protobuf-c protocomm pthread rt sdmmc soc spi_flash spiffs tcp_transport touch_element ulp unity usb vfs wear_levelling wifi_provisioning wpa_supplicant xtensa
-- Component paths: /home/tikhon/Документы/magnolia/esp-idf/components/app_trace /home/tikhon/Документы/magnolia/esp-idf/components/app_update /home/tikhon/Документы/magnolia/esp-idf/components/bootloader /home/tikhon/Документы/magnolia/esp-idf/components/bootloader_support /home/tikhon/Документы/magnolia/esp-idf/components/bt /home/tikhon/Документы/magnolia/esp-idf/components/cmock /home/tikhon/Документы/magnolia/esp-idf/components/console /home/tikhon/Документы/magnolia/esp-idf/components/cxx /home/tikhon/Документы/magnolia/esp-idf/components/driver /home/tikhon/Документы/magnolia/esp-idf/components/efuse /home/tikhon/Документы/magnolia/esp-idf/components/esp-tls /home/tikhon/Документы/magnolia/esp-idf/components/esp_adc /home/tikhon/Документы/magnolia/esp-idf/components/esp_app_format /home/tikhon/Документы/magnolia/esp-idf/components/esp_bootloader_format /home/tikhon/Документы/magnolia/esp-idf/components/esp_coex /home/tikhon/Документы/magnolia/esp-idf/components/esp_common /home/tikhon/Документы/magnolia/esp-idf/components/esp_driver_ana_cmpr /home/tikhon/Документы/magnolia/esp-idf/components/esp_driver_bitscrambler /home/tikhon/Документы/magnolia/esp-idf/components/esp_driver_cam /home/tikhon/Документы/magnolia/esp-idf/components/esp_driver_dac /home/tikhon/Документы/magnolia/esp-idf/components/esp_driver_gpio /home/tikhon/Документы/magnolia/esp-idf/components/esp_driver_gptimer /home/tikhon/Документы/magnolia/esp-idf/components/esp_driver_i2c /home/tikhon/Документы/magnolia/esp-idf/components/esp_driver_i2s /home/tikhon/Документы/magnolia/esp-idf/components/esp_driver_i3c /home/tikhon/Документы/magnolia/esp-idf/components/esp_driver_isp /home/tikhon/Документы/magnolia/esp-idf/components/esp_driver_jpeg /home/tikhon/Документы/magnolia/esp-idf/components/esp_driver_ledc /home/tikhon/Документы/magnolia/esp-idf/components/esp_driver_mcpwm /home/tikhon/Документы/magnolia/esp-idf/components/esp_driver_parlio /home/tikhon/Документы/magnolia/esp-idf/components/esp_driver_pcnt /home/tikhon/Документы/magnolia/esp-idf/components/esp_driver_ppa /home/tikhon/Документы/magnolia/esp-idf/components/esp_driver_rmt /home/tikhon/Документы/magnolia/esp-idf/components/esp_driver_sd_intf /home/tikhon/Документы/magnolia/esp-idf/components/esp_driver_sdio /home/tikhon/Документы/magnolia/esp-idf/components/esp_driver_sdm /home/tikhon/Документы/magnolia/esp-idf/components/esp_driver_sdmmc /home/tikhon/Документы/magnolia/esp-idf/components/esp_driver_sdspi /home/tikhon/Документы/magnolia/esp-idf/components/esp_driver_spi /home/tikhon/Документы/magnolia/esp-idf/components/esp_driver_touch_sens /home/tikhon/Документы/magnolia/esp-idf/components/esp_driver_tsens /home/tikhon/Документы/magnolia/esp-idf/components/esp_driver_twai /home/tikhon/Документы/magnolia/esp-idf/components/esp_driver_uart /home/tikhon/Документы/magnolia/esp-idf/components/esp_driver_usb_serial_jtag /home/tikhon/Документы/magnolia/esp-idf/components/esp_eth /home/tikhon/Документы/magnolia/esp-idf/components/esp_event /home/tikhon/Документы/magnolia/esp-idf/components/esp_gdbstub /home/tikhon/Документы/magnolia/esp-idf/components/esp_hid /home/tikhon/Документы/magnolia/esp-idf/components/esp_http_client /home/tikhon/Документы/magnolia/esp-idf/components/esp_http_server /home/tikhon/Документы/magnolia/esp-idf/components/esp_https_ota /home/tikhon/Документы/magnolia/esp-idf/components/esp_https_server /home/tikhon/Документы/magnolia/esp-idf/components/esp_hw_support /home/tikhon/Документы/magnolia/esp-idf/components/esp_lcd /home/tikhon/Документы/magnolia/esp-idf/components/esp_local_ctrl /home/tikhon/Документы/magnolia/esp-idf/components/esp_mm /home/tikhon/Документы/magnolia/esp-idf/components/esp_netif /home/tikhon/Документы/magnolia/esp-idf/components/esp_netif_stack /home/tikhon/Документы/magnolia/esp-idf/components/esp_partition /home/tikhon/Документы/magnolia/esp-idf/components/esp_phy /home/tikhon/Документы/magnolia/esp-idf/components/esp_pm /home/tikhon/Документы/magnolia/esp-idf/components/esp_psram /home/tikhon/Документы/magnolia/esp-idf/components/esp_ringbuf /home/tikhon/Документы/magnolia/esp-idf/components/esp_rom /home/tikhon/Документы/magnolia/esp-idf/components/esp_security /home/tikhon/Документы/magnolia/esp-idf/components/esp_system /home/tikhon/Документы/magnolia/esp-idf/components/esp_timer /home/tikhon/Документы/magnolia/esp-idf/components/esp_vfs_console /home/tikhon/Документы/magnolia/esp-idf/components/esp_wifi /home/tikhon/Документы/magnolia/esp-idf/components/espcoredump /home/tikhon/Документы/magnolia/esp-idf/components/esptool_py /home/tikhon/Документы/magnolia/esp-idf/components/fatfs /home/tikhon/Документы/magnolia/esp-idf/components/freertos /home/tikhon/Документы/magnolia/esp-idf/components/hal /home/tikhon/Документы/magnolia/esp-idf/components/heap /home/tikhon/Документы/magnolia/esp-idf/components/http_parser /home/tikhon/Документы/magnolia/esp-idf/components/idf_test /home/tikhon/Документы/magnolia/esp-idf/components/ieee802154 /home/tikhon/Документы/magnolia/esp-idf/components/json /home/tikhon/Документы/magnolia/esp-idf/components/log /home/tikhon/Документы/magnolia/esp-idf/components/lwip /home/tikhon/Документы/magnolia/applets/mainline/ls/main /home/tikhon/Документы/magnolia/esp-idf/components/mbedtls /home/tikhon/Документы/magnolia/esp-idf/components/mqtt /home/tikhon/Документы/magnolia/esp-idf/components/newlib /home/tikhon/Документы/magnolia/esp-idf/components/nvs_flash /home/tikhon/Документы/magnolia/esp-idf/components/nvs_sec_provider /home/tikhon/Документы/magnolia/esp-idf/components/openthread /home/tikhon/Документы/magnolia/esp-idf/components/partition_table /home/tikhon/Документы/magnolia/esp-idf/components/perfmon /home/tikhon/Документы/magnolia/esp-idf/components/protobuf-c /home/tikhon/Документы/magnolia/esp-idf/components/protocomm /home/tikhon/Документы/magnolia/esp-idf/components/pthread /home/tikhon/Документы/magnolia/esp-idf/components/rt /home/tikhon/Документы/magnolia/esp-idf/components/sdmmc /home/tikhon/Документы/magnolia/esp-idf/components/soc /home/tikhon/Документы/magnolia/esp-idf/components/spi_flash /home/tikhon/Документы/magnolia/esp-idf/components/spiffs /home/tikhon/Документы/magnolia/esp-idf/components/tcp_transport /home/tikhon/Документы/magnolia/esp-idf/components/touch_element /home/tikhon/Документы/magnolia/esp-idf/components/ulp /home/tikhon/Документы/magnolia/esp-idf/components/unity /home/tikhon/Документы/magnolia/esp-idf/components/usb /home/tikhon/Документы/magnolia/esp-idf/components/vfs /home/tikhon/Документы/magnolia/esp-idf/components/wear_levelling /home/tikhon/Документы/magnolia/esp-idf/components/wifi_provisioning /home/tikhon/Документы/magnolia/esp-idf/components/wpa_supplicant /home/tikhon/Документы/magnolia/esp-idf/components/xtensa
-- Configuring done (17.7s)
-- Adding linker script /home/tikhon/Документы/magnolia/applets/mainline/medit/build/esp-idf/esp_system/ld/memory.ld
-- Adding linker script /home/tikhon/Документы/magnolia/applets/mainline/medit/build/esp-idf/esp_system/ld/sections.ld.in
[829/1044] Linking CXX static library esp-idf/mbedtls/mbedtls/3rdparty/p256-m/libp256m.a
-- Adding linker script /home/tikhon/Документы/magnolia/esp-idf/components/esp_rom/esp32s3/ld/esp32s3.rom.ld
-- Adding linker script /home/tikhon/Документы/magnolia/esp-idf/components/esp_rom/esp32s3/ld/esp32s3.rom.api.ld
-- Adding linker script /home/tikhon/Документы/magnolia/esp-idf/components/esp_rom/esp32s3/ld/esp32s3.rom.bt_funcs.ld
-- Adding linker script /home/tikhon/Документы/magnolia/esp-idf/components/esp_rom/esp32s3/ld/esp32s3.rom.libgcc.ld
-- Adding linker script /home/tikhon/Документы/magnolia/esp-idf/components/esp_rom/esp32s3/ld/esp32s3.rom.wdt.ld
-- Adding linker script /home/tikhon/Документы/magnolia/esp-idf/components/esp_rom/esp32s3/ld/esp32s3.rom.version.ld
-- Adding linker script /home/tikhon/Документы/magnolia/esp-idf/components/esp_rom/esp32s3/ld/esp32s3.rom.ble_master.ld
-- Adding linker script /home/tikhon/Документы/magnolia/esp-idf/components/esp_rom/esp32s3/ld/esp32s3.rom.ble_50.ld
-- Adding linker script /home/tikhon/Документы/magnolia/esp-idf/components/esp_rom/esp32s3/ld/esp32s3.rom.ble_smp.ld
-- Adding linker script /home/tikhon/Документы/magnolia/esp-idf/components/esp_rom/esp32s3/ld/esp32s3.rom.ble_dtm.ld
-- Adding linker script /home/tikhon/Документы/magnolia/esp-idf/components/esp_rom/esp32s3/ld/esp32s3.rom.ble_test.ld
-- Adding linker script /home/tikhon/Документы/magnolia/esp-idf/components/esp_rom/esp32s3/ld/esp32s3.rom.ble_scan.ld
-- Adding linker script /home/tikhon/Документы/magnolia/esp-idf/components/esp_rom/esp32s3/ld/esp32s3.rom.libc.ld
-- Adding linker script /home/tikhon/Документы/magnolia/esp-idf/components/esp_rom/esp32s3/ld/esp32s3.rom.newlib.ld
[830/1044] Linking CXX static library esp-idf/mbedtls/mbedtls/3rdparty/everest/libeverest.a
-- Adding linker script /home/tikhon/Документы/magnolia/esp-idf/components/soc/esp32s3/ld/esp32s3.peripherals.ld
[828/1044] Linking CXX static library esp-idf/mbedtls/mbedtls/library/libmbedcrypto.a
[1/4] Building C object esp-idf/esp_app_format/CMakeFiles/__idf_esp_app_format.dir/esp_app_desc.c.obj
[829/1044] Linking CXX static library esp-idf/mbedtls/mbedtls/3rdparty/p256-m/libp256m.a
[2/4] Linking C static library esp-idf/esp_app_format/libesp_app_format.a
[830/1044] Linking CXX static library esp-idf/mbedtls/mbedtls/3rdparty/everest/libeverest.a
[3/4] Build ELF: hexdump.app.elf
[831/1044] Generating x509_crt_bundle
[831/1044] Generating x509_crt_bundle
[831/1044] Generating x509_crt_bundle
-- Minimal build - OFF
-- Building ESP-IDF components for target esp32s3
[832/1044] Generating ../../x509_crt_bundle.S
[831/1044] Generating x509_crt_bundle
Applet hexdump OK -> /home/tikhon/Документы/magnolia/rootfs/bin/hexdump
Building applet rmdir -> rmdir ...
Reconfiguring applet rmdir (cmake inputs changed)
+ idf.py reconfigure
[832/1044] Generating ../../x509_crt_bundle.S
[832/1044] Generating ../../x509_crt_bundle.S
Executing action: elf
[833/1044] Building ASM object esp-idf/mbedtls/CMakeFiles/__idf_mbedtls.dir/__/__/x509_crt_bundle.S.obj
[833/1044] Building ASM object esp-idf/mbedtls/CMakeFiles/__idf_mbedtls.dir/__/__/x509_crt_bundle.S.obj
[834/1044] Building C object esp-idf/esp_driver_gpio/CMakeFiles/__idf_esp_driver_gpio.dir/src/gpio_glitch_filter_ops.c.obj
[834/1044] Building C object esp-idf/esp_driver_gpio/CMakeFiles/__idf_esp_driver_gpio.dir/src/gpio_glitch_filter_ops.c.obj
[835/1044] Building C object esp-idf/esp_security/CMakeFiles/__idf_esp_security.dir/src/esp_crypto_lock.c.obj
Executing action: elf
Running ninja in directory /home/tikhon/Документы/magnolia/applets/mainline/ps/build
Executing "ninja elf"...
[0/1] Re-running CMake...
[833/1044] Building ASM object esp-idf/mbedtls/CMakeFiles/__idf_mbedtls.dir/__/__/x509_crt_bundle.S.obj
[834/1044] Building C object esp-idf/esp_pm/CMakeFiles/__idf_esp_pm.dir/pm_trace.c.obj
[835/1044] Building C object esp-idf/esp_security/CMakeFiles/__idf_esp_security.dir/src/esp_crypto_lock.c.obj
[836/1044] Building C object esp-idf/esp_pm/CMakeFiles/__idf_esp_pm.dir/pm_trace.c.obj
[837/1044] Building C object esp-idf/efuse/CMakeFiles/__idf_efuse.dir/esp32s3/esp_efuse_rtc_calib.c.obj
[838/1044] Building C object esp-idf/esp_security/CMakeFiles/__idf_esp_security.dir/src/init.c.obj
[835/1044] Building C object esp-idf/esp_security/CMakeFiles/__idf_esp_security.dir/src/init.c.obj
[836/1044] Building C object esp-idf/esp_security/CMakeFiles/__idf_esp_security.dir/src/esp_crypto_lock.c.obj
[839/1044] Building C object esp-idf/esp_pm/CMakeFiles/__idf_esp_pm.dir/pm_locks.c.obj
[840/1044] Building C object esp-idf/esp_driver_gpio/CMakeFiles/__idf_esp_driver_gpio.dir/src/gpio_pin_glitch_filter.c.obj
[837/1044] Building C object esp-idf/esp_driver_gpio/CMakeFiles/__idf_esp_driver_gpio.dir/src/gpio_glitch_filter_ops.c.obj
[836/1044] Building C object esp-idf/esp_security/CMakeFiles/__idf_esp_security.dir/src/init.c.obj
Executing action: elf
Running ninja in directory /home/tikhon/Документы/magnolia/applets/mainline/mv/build
Executing "ninja elf"...
[0/1] Re-running CMake...
[837/1044] Building C object esp-idf/esp_pm/CMakeFiles/__idf_esp_pm.dir/pm_trace.c.obj
[841/1044] Building C object esp-idf/efuse/CMakeFiles/__idf_efuse.dir/esp32s3/esp_efuse_fields.c.obj
[838/1044] Building C object esp-idf/esp_pm/CMakeFiles/__idf_esp_pm.dir/pm_locks.c.obj
[842/1044] Building C object esp-idf/esp_security/CMakeFiles/__idf_esp_security.dir/src/esp_hmac.c.obj
[839/1044] Building C object esp-idf/efuse/CMakeFiles/__idf_efuse.dir/esp32s3/esp_efuse_table.c.obj
[840/1044] Building C object esp-idf/esp_security/CMakeFiles/__idf_esp_security.dir/src/esp_hmac.c.obj
[838/1044] Building C object esp-idf/esp_pm/CMakeFiles/__idf_esp_pm.dir/pm_locks.c.obj
[843/1044] Building C object esp-idf/efuse/CMakeFiles/__idf_efuse.dir/esp32s3/esp_efuse_table.c.obj
[841/1044] Building C object esp-idf/efuse/CMakeFiles/__idf_efuse.dir/esp32s3/esp_efuse_rtc_calib.c.obj
[839/1044] Building C object esp-idf/efuse/CMakeFiles/__idf_efuse.dir/esp32s3/esp_efuse_fields.c.obj
[842/1044] Building C object esp-idf/esp_driver_gpio/CMakeFiles/__idf_esp_driver_gpio.dir/src/gpio_pin_glitch_filter.c.obj
[832/1044] Generating ../../x509_crt_bundle.S
[844/1044] Building C object esp-idf/efuse/CMakeFiles/__idf_efuse.dir/src/esp_efuse_fields.c.obj
[843/1044] Building C object esp-idf/efuse/CMakeFiles/__idf_efuse.dir/esp32s3/esp_efuse_fields.c.obj
[840/1044] Building C object esp-idf/efuse/CMakeFiles/__idf_efuse.dir/esp32s3/esp_efuse_rtc_calib.c.obj
[841/1044] Building C object esp-idf/efuse/CMakeFiles/__idf_efuse.dir/esp32s3/esp_efuse_table.c.obj
[844/1044] Building C object esp-idf/esp_security/CMakeFiles/__idf_esp_security.dir/src/esp_ds.c.obj
[845/1044] Building C object esp-idf/esp_security/CMakeFiles/__idf_esp_security.dir/src/esp_crypto_periph_clk.c.obj
[846/1044] Building C object esp-idf/mbedtls/CMakeFiles/__idf_mbedtls.dir/esp_crt_bundle/esp_crt_bundle.c.obj
[842/1044] Building C object esp-idf/mbedtls/CMakeFiles/__idf_mbedtls.dir/esp_crt_bundle/esp_crt_bundle.c.obj
[845/1044] Building C object esp-idf/esp_security/CMakeFiles/__idf_esp_security.dir/src/esp_crypto_periph_clk.c.obj
[847/1044] Building C object esp-idf/esp_security/CMakeFiles/__idf_esp_security.dir/src/esp_ds.c.obj
[843/1044] Building C object esp-idf/esp_driver_gpio/CMakeFiles/__idf_esp_driver_gpio.dir/src/dedic_gpio.c.obj
[846/1044] Building C object esp-idf/efuse/CMakeFiles/__idf_efuse.dir/src/esp_efuse_fields.c.obj
[848/1044] Building C object esp-idf/efuse/CMakeFiles/__idf_efuse.dir/esp32s3/esp_efuse_utility.c.obj
[844/1044] Building C object esp-idf/efuse/CMakeFiles/__idf_efuse.dir/esp32s3/esp_efuse_utility.c.obj
[847/1044] Building C object esp-idf/esp_driver_gpio/CMakeFiles/__idf_esp_driver_gpio.dir/src/rtc_io.c.obj
[848/1044] Building C object esp-idf/efuse/CMakeFiles/__idf_efuse.dir/esp32s3/esp_efuse_utility.c.obj
[845/1044] Building C object esp-idf/esp_security/CMakeFiles/__idf_esp_security.dir/src/esp_hmac.c.obj
[846/1044] Building C object esp-idf/esp_security/CMakeFiles/__idf_esp_security.dir/src/esp_ds.c.obj
[849/1044] Building C object esp-idf/app_update/CMakeFiles/__idf_app_update.dir/esp_ota_app_desc.c.obj
[849/1044] Building C object esp-idf/app_update/CMakeFiles/__idf_app_update.dir/esp_ota_app_desc.c.obj
[847/1044] Building C object esp-idf/esp_security/CMakeFiles/__idf_esp_security.dir/src/esp_crypto_periph_clk.c.obj
[850/1044] Building C object esp-idf/xtensa/CMakeFiles/__idf_xtensa.dir/eri.c.obj
[851/1044] Linking C static library esp-idf/mbedtls/libmbedtls.a
[848/1044] Linking C static library esp-idf/mbedtls/libmbedtls.a
[852/1044] Building C object esp-idf/esp_bootloader_format/CMakeFiles/__idf_esp_bootloader_format.dir/esp_bootloader_desc.c.obj
[849/1044] Building C object esp-idf/efuse/CMakeFiles/__idf_efuse.dir/src/esp_efuse_fields.c.obj
[850/1044] Building C object esp-idf/xtensa/CMakeFiles/__idf_xtensa.dir/eri.c.obj
[851/1044] Building C object esp-idf/esp_bootloader_format/CMakeFiles/__idf_esp_bootloader_format.dir/esp_bootloader_desc.c.obj
[852/1044] Building ASM object esp-idf/xtensa/CMakeFiles/__idf_xtensa.dir/xtensa_context.S.obj
[853/1044] Building C object esp-idf/efuse/CMakeFiles/__idf_efuse.dir/src/esp_efuse_startup.c.obj
[833/1044] Building ASM object esp-idf/mbedtls/CMakeFiles/__idf_mbedtls.dir/__/__/x509_crt_bundle.S.obj
[854/1044] Building ASM object esp-idf/xtensa/CMakeFiles/__idf_xtensa.dir/xtensa_context.S.obj
[834/1044] Building C object esp-idf/esp_pm/CMakeFiles/__idf_esp_pm.dir/pm_locks.c.obj
[855/1044] Building C object esp-idf/efuse/CMakeFiles/__idf_efuse.dir/src/esp_efuse_api.c.obj
[850/1044] Building C object esp-idf/esp_driver_gpio/CMakeFiles/__idf_esp_driver_gpio.dir/src/gpio_pin_glitch_filter.c.obj
[851/1044] Building ASM object esp-idf/xtensa/CMakeFiles/__idf_xtensa.dir/xtensa_intr_asm.S.obj
[853/1044] Building C object esp-idf/mbedtls/CMakeFiles/__idf_mbedtls.dir/esp_crt_bundle/esp_crt_bundle.c.obj
[856/1044] Building C object esp-idf/esp_pm/CMakeFiles/__idf_esp_pm.dir/pm_impl.c.obj
[852/1044] Building C object esp-idf/xtensa/CMakeFiles/__idf_xtensa.dir/eri.c.obj
[853/1044] Building ASM object esp-idf/xtensa/CMakeFiles/__idf_xtensa.dir/xtensa_context.S.obj
[857/1044] Building C object esp-idf/xtensa/CMakeFiles/__idf_xtensa.dir/xt_trax.c.obj
[854/1044] Building ASM object esp-idf/xtensa/CMakeFiles/__idf_xtensa.dir/xtensa_intr_asm.S.obj
[858/1044] Building ASM object esp-idf/xtensa/CMakeFiles/__idf_xtensa.dir/xtensa_intr_asm.S.obj
[854/1044] Building C object esp-idf/app_update/CMakeFiles/__idf_app_update.dir/esp_ota_app_desc.c.obj
[855/1044] Building C object esp-idf/efuse/CMakeFiles/__idf_efuse.dir/src/esp_efuse_utility.c.obj
[856/1044] Building C object esp-idf/xtensa/CMakeFiles/__idf_xtensa.dir/xt_trax.c.obj
[835/1044] Building C object esp-idf/esp_pm/CMakeFiles/__idf_esp_pm.dir/pm_trace.c.obj
[857/1044] Building C object esp-idf/efuse/CMakeFiles/__idf_efuse.dir/src/esp_efuse_api.c.obj
[859/1044] Building C object esp-idf/esp_partition/CMakeFiles/__idf_esp_partition.dir/partition.c.obj
[855/1044] Building C object esp-idf/esp_bootloader_format/CMakeFiles/__idf_esp_bootloader_format.dir/esp_bootloader_desc.c.obj
[858/1044] Building C object esp-idf/efuse/CMakeFiles/__idf_efuse.dir/src/esp_efuse_startup.c.obj
[860/1044] Building C object esp-idf/esp_driver_gpio/CMakeFiles/__idf_esp_driver_gpio.dir/src/dedic_gpio.c.obj
[859/1044] Building ASM object esp-idf/xtensa/CMakeFiles/__idf_xtensa.dir/xtensa_vectors.S.obj
[856/1044] Building C object esp-idf/esp_pm/CMakeFiles/__idf_esp_pm.dir/pm_impl.c.obj
[860/1044] Building C object esp-idf/esp_driver_gpio/CMakeFiles/__idf_esp_driver_gpio.dir/src/dedic_gpio.c.obj
[861/1044] Linking C static library esp-idf/mbedtls/libmbedtls.a
[861/1044] Building ASM object esp-idf/xtensa/CMakeFiles/__idf_xtensa.dir/xtensa_vectors.S.obj
[857/1044] Building C object esp-idf/esp_driver_gpio/CMakeFiles/__idf_esp_driver_gpio.dir/src/rtc_io.c.obj
[836/1044] Building C object esp-idf/esp_driver_gpio/CMakeFiles/__idf_esp_driver_gpio.dir/src/gpio_glitch_filter_ops.c.obj
[862/1044] Building C object esp-idf/esp_app_format/CMakeFiles/__idf_esp_app_format.dir/esp_app_desc.c.obj
[858/1044] Building C object esp-idf/efuse/CMakeFiles/__idf_efuse.dir/src/esp_efuse_utility.c.obj
[837/1044] Building C object esp-idf/esp_security/CMakeFiles/__idf_esp_security.dir/src/esp_crypto_lock.c.obj
[863/1044] Building C object esp-idf/efuse/CMakeFiles/__idf_efuse.dir/src/efuse_controller/keys/with_key_purposes/esp_efuse_api_key.c.obj
[859/1044] Building C object esp-idf/xtensa/CMakeFiles/__idf_xtensa.dir/xt_trax.c.obj
[864/1044] Building C object esp-idf/efuse/CMakeFiles/__idf_efuse.dir/src/esp_efuse_utility.c.obj
[865/1044] Linking C static library esp-idf/esp_pm/libesp_pm.a
[862/1044] Building C object esp-idf/esp_partition/CMakeFiles/__idf_esp_partition.dir/partition_target.c.obj
[866/1044] Building C object esp-idf/esp_driver_gpio/CMakeFiles/__idf_esp_driver_gpio.dir/src/rtc_io.c.obj
[863/1044] Building C object esp-idf/efuse/CMakeFiles/__idf_efuse.dir/src/efuse_controller/keys/with_key_purposes/esp_efuse_api_key.c.obj
[860/1044] Building ASM object esp-idf/xtensa/CMakeFiles/__idf_xtensa.dir/xtensa_vectors.S.obj
[838/1044] Building C object esp-idf/efuse/CMakeFiles/__idf_efuse.dir/esp32s3/esp_efuse_table.c.obj
[864/1044] Building C object esp-idf/esp_app_format/CMakeFiles/__idf_esp_app_format.dir/esp_app_desc.c.obj
Executing action: reconfigure
Running cmake in directory /home/tikhon/Документы/magnolia/applets/mainline/printf/build
Executing "cmake -G Ninja -DPYTHON_DEPS_CHECKED=1 -DPYTHON=/home/tikhon/.espressif/python_env/idf6.0_py3.12_env/bin/python -DESP_PLATFORM=1 -DCCACHE_ENABLE=0 /home/tikhon/Документы/magnolia/applets/mainline/printf"...
-- Found Git: /usr/bin/git (found version "2.43.0") 
[867/1044] Building C object esp-idf/esp_partition/CMakeFiles/__idf_esp_partition.dir/partition_target.c.obj
[839/1044] Building C object esp-idf/esp_security/CMakeFiles/__idf_esp_security.dir/src/init.c.obj
[865/1044] Building C object esp-idf/esp_pm/CMakeFiles/__idf_esp_pm.dir/pm_impl.c.obj
[861/1044] Linking C static library esp-idf/esp_pm/libesp_pm.a
[868/1044] Building C object esp-idf/console/CMakeFiles/__idf_console.dir/split_argv.c.obj
[840/1044] Building C object esp-idf/efuse/CMakeFiles/__idf_efuse.dir/esp32s3/esp_efuse_fields.c.obj
[841/1044] Building C object esp-idf/efuse/CMakeFiles/__idf_efuse.dir/esp32s3/esp_efuse_utility.c.obj
[862/1044] Building C object esp-idf/efuse/CMakeFiles/__idf_efuse.dir/src/esp_efuse_startup.c.obj
[863/1044] Building C object esp-idf/esp_partition/CMakeFiles/__idf_esp_partition.dir/partition.c.obj
[864/1044] Building C object esp-idf/esp_partition/CMakeFiles/__idf_esp_partition.dir/partition_target.c.obj
[865/1044] Building C object esp-idf/xtensa/CMakeFiles/__idf_xtensa.dir/xtensa_intr.c.obj
[866/1044] Building C object esp-idf/xtensa/CMakeFiles/__idf_xtensa.dir/xtensa_intr.c.obj
[842/1044] Building C object esp-idf/efuse/CMakeFiles/__idf_efuse.dir/esp32s3/esp_efuse_rtc_calib.c.obj
[867/1044] Linking C static library esp-idf/esp_pm/libesp_pm.a
[868/1044] Building C object esp-idf/console/CMakeFiles/__idf_console.dir/argtable3/arg_end.c.obj
[869/1044] Building C object esp-idf/console/CMakeFiles/__idf_console.dir/argtable3/arg_dbl.c.obj
[843/1044] Building C object esp-idf/esp_security/CMakeFiles/__idf_esp_security.dir/src/esp_hmac.c.obj
[869/1044] Building C object esp-idf/console/CMakeFiles/__idf_console.dir/esp_console_common.c.obj
[870/1044] Building C object esp-idf/console/CMakeFiles/__idf_console.dir/esp_console_repl_chip.c.obj
[871/1044] Building C object esp-idf/console/CMakeFiles/__idf_console.dir/argtable3/arg_dbl.c.obj
[866/1044] Building C object esp-idf/esp_app_format/CMakeFiles/__idf_esp_app_format.dir/esp_app_desc.c.obj
[870/1044] Building C object esp-idf/console/CMakeFiles/__idf_console.dir/esp_console_common.c.obj
[871/1044] Building C object esp-idf/console/CMakeFiles/__idf_console.dir/argtable3/arg_int.c.obj
[872/1044] Building C object esp-idf/console/CMakeFiles/__idf_console.dir/argtable3/arg_end.c.obj
[867/1044] Building C object esp-idf/console/CMakeFiles/__idf_console.dir/split_argv.c.obj
[872/1044] Building C object esp-idf/console/CMakeFiles/__idf_console.dir/split_argv.c.obj
[873/1044] Building C object esp-idf/console/CMakeFiles/__idf_console.dir/argtable3/arg_dstr.c.obj
[868/1044] Building C object esp-idf/efuse/CMakeFiles/__idf_efuse.dir/src/esp_efuse_api.c.obj
[869/1044] Building C object esp-idf/efuse/CMakeFiles/__idf_efuse.dir/src/efuse_controller/keys/with_key_purposes/esp_efuse_api_key.c.obj
[844/1044] Building C object esp-idf/mbedtls/CMakeFiles/__idf_mbedtls.dir/esp_crt_bundle/esp_crt_bundle.c.obj
[874/1044] Building C object esp-idf/xtensa/CMakeFiles/__idf_xtensa.dir/xtensa_intr.c.obj
[873/1044] Building C object esp-idf/console/CMakeFiles/__idf_console.dir/argtable3/arg_date.c.obj
[845/1044] Building C object esp-idf/esp_driver_gpio/CMakeFiles/__idf_esp_driver_gpio.dir/src/rtc_io.c.obj
[874/1044] Building C object esp-idf/esp_partition/CMakeFiles/__idf_esp_partition.dir/partition.c.obj
Command failed (2): idf.py elf
Elf target failed for printenv; running `idf.py build` instead.
+ idf.py build
[875/1044] Building C object esp-idf/console/CMakeFiles/__idf_console.dir/argtable3/arg_dstr.c.obj
[846/1044] Building C object esp-idf/efuse/CMakeFiles/__idf_efuse.dir/src/esp_efuse_fields.c.obj
[870/1044] Building C object esp-idf/console/CMakeFiles/__idf_console.dir/argtable3/arg_file.c.obj
[847/1044] Building C object esp-idf/esp_security/CMakeFiles/__idf_esp_security.dir/src/esp_ds.c.obj
[848/1044] Building C object esp-idf/efuse/CMakeFiles/__idf_efuse.dir/src/esp_efuse_startup.c.obj
[849/1044] Building C object esp-idf/esp_security/CMakeFiles/__idf_esp_security.dir/src/esp_crypto_periph_clk.c.obj
[875/1044] Building C object esp-idf/console/CMakeFiles/__idf_console.dir/esp_console_repl_chip.c.obj
[850/1044] Linking C static library esp-idf/mbedtls/libmbedtls.a
[851/1044] Building C object esp-idf/esp_bootloader_format/CMakeFiles/__idf_esp_bootloader_format.dir/esp_bootloader_desc.c.obj
[876/1044] Building C object esp-idf/app_update/CMakeFiles/__idf_app_update.dir/esp_ota_ops.c.obj
[871/1044] Building C object esp-idf/console/CMakeFiles/__idf_console.dir/argtable3/arg_dbl.c.obj
Executing action: reconfigure
Running cmake in directory /home/tikhon/Документы/magnolia/applets/mainline/paste/build
Executing "cmake -G Ninja -DPYTHON_DEPS_CHECKED=1 -DPYTHON=/home/tikhon/.espressif/python_env/idf6.0_py3.12_env/bin/python -DESP_PLATFORM=1 -DCCACHE_ENABLE=0 /home/tikhon/Документы/magnolia/applets/mainline/paste"...
-- Found Git: /usr/bin/git (found version "2.43.0") 
[877/1044] Building C object esp-idf/console/CMakeFiles/__idf_console.dir/argtable3/arg_rem.c.obj
[852/1044] Building C object esp-idf/xtensa/CMakeFiles/__idf_xtensa.dir/eri.c.obj
[876/1044] Building C object esp-idf/console/CMakeFiles/__idf_console.dir/argtable3/arg_lit.c.obj
[878/1044] Building C object esp-idf/console/CMakeFiles/__idf_console.dir/argtable3/arg_str.c.obj
[872/1044] Building C object esp-idf/console/CMakeFiles/__idf_console.dir/argtable3/arg_lit.c.obj
[873/1044] Building C object esp-idf/console/CMakeFiles/__idf_console.dir/esp_console_common.c.obj
[877/1044] Building C object esp-idf/console/CMakeFiles/__idf_console.dir/argtable3/arg_str.c.obj
[879/1044] Building C object esp-idf/console/CMakeFiles/__idf_console.dir/argtable3/arg_lit.c.obj
[880/1044] Building C object esp-idf/console/CMakeFiles/__idf_console.dir/argtable3/arg_cmd.c.obj
[874/1044] Building C object esp-idf/console/CMakeFiles/__idf_console.dir/argtable3/arg_date.c.obj
[881/1044] Building C object esp-idf/console/CMakeFiles/__idf_console.dir/argtable3/arg_file.c.obj
[878/1044] Building C object esp-idf/console/CMakeFiles/__idf_console.dir/argtable3/arg_rem.c.obj
[853/1044] Building C object esp-idf/esp_driver_gpio/CMakeFiles/__idf_esp_driver_gpio.dir/src/gpio_pin_glitch_filter.c.obj
[854/1044] Building C object esp-idf/app_update/CMakeFiles/__idf_app_update.dir/esp_ota_app_desc.c.obj
[855/1044] Building ASM object esp-idf/xtensa/CMakeFiles/__idf_xtensa.dir/xtensa_intr_asm.S.obj
[882/1044] Building C object esp-idf/console/CMakeFiles/__idf_console.dir/esp_console_repl_internal.c.obj
[879/1044] Building C object esp-idf/console/CMakeFiles/__idf_console.dir/esp_console_repl_internal.c.obj
[883/1044] Building C object esp-idf/unity/CMakeFiles/__idf_unity.dir/unity_compat.c.obj
[856/1044] Building C object esp-idf/xtensa/CMakeFiles/__idf_xtensa.dir/xt_trax.c.obj
[875/1044] Building C object esp-idf/console/CMakeFiles/__idf_console.dir/esp_console_repl_chip.c.obj
[884/1044] Building C object esp-idf/console/CMakeFiles/__idf_console.dir/argtable3/arg_hashtable.c.obj
[876/1044] Building C object esp-idf/console/CMakeFiles/__idf_console.dir/argtable3/arg_cmd.c.obj
[880/1044] Building C object esp-idf/console/CMakeFiles/__idf_console.dir/argtable3/arg_cmd.c.obj
Executing action: all (aliases: build)
Running ninja in directory /home/tikhon/Документы/magnolia/applets/mainline/ln/build
Executing "ninja all"...
[1/18] Generating project_elf_src_esp32s3.c
[857/1044] Building ASM object esp-idf/xtensa/CMakeFiles/__idf_xtensa.dir/xtensa_context.S.obj
[885/1044] Building C object esp-idf/console/CMakeFiles/__idf_console.dir/argtable3/arg_int.c.obj
[877/1044] Building C object esp-idf/console/CMakeFiles/__idf_console.dir/argtable3/arg_rem.c.obj
[886/1044] Building C object esp-idf/console/CMakeFiles/__idf_console.dir/argtable3/arg_utils.c.obj
[881/1044] Building C object esp-idf/console/CMakeFiles/__idf_console.dir/argtable3/arg_file.c.obj
[878/1044] Building C object esp-idf/console/CMakeFiles/__idf_console.dir/argtable3/arg_hashtable.c.obj
[879/1044] Building C object esp-idf/app_update/CMakeFiles/__idf_app_update.dir/esp_ota_ops.c.obj
[880/1044] Building C object esp-idf/console/CMakeFiles/__idf_console.dir/argtable3/arg_end.c.obj
[882/1044] Building C object esp-idf/unity/CMakeFiles/__idf_unity.dir/unity_compat.c.obj
[887/1044] Building C object esp-idf/unity/CMakeFiles/__idf_unity.dir/unity_utils_cache.c.obj
[888/1044] Building C object esp-idf/console/CMakeFiles/__idf_console.dir/commands.c.obj
[858/1044] Building ASM object esp-idf/xtensa/CMakeFiles/__idf_xtensa.dir/xtensa_vectors.S.obj
[859/1044] Building C object esp-idf/esp_partition/CMakeFiles/__idf_esp_partition.dir/partition_target.c.obj
[881/1044] Building C object esp-idf/console/CMakeFiles/__idf_console.dir/argtable3/arg_str.c.obj
[883/1044] Building C object esp-idf/console/CMakeFiles/__idf_console.dir/argtable3/arg_hashtable.c.obj
[882/1044] Building C object esp-idf/console/CMakeFiles/__idf_console.dir/argtable3/arg_dstr.c.obj
[883/1044] Building C object esp-idf/unity/CMakeFiles/__idf_unity.dir/unity_compat.c.obj
[884/1044] Building C object esp-idf/console/CMakeFiles/__idf_console.dir/commands.c.obj
[860/1044] Building C object esp-idf/efuse/CMakeFiles/__idf_efuse.dir/src/esp_efuse_utility.c.obj
Executing action: elf
Running ninja in directory /home/tikhon/Документы/magnolia/applets/mainline/pwd/build
Executing "ninja elf"...
[0/1] Re-running CMake...
[885/1044] Building C object esp-idf/console/CMakeFiles/__idf_console.dir/argtable3/arg_utils.c.obj
[861/1044] Building C object esp-idf/efuse/CMakeFiles/__idf_efuse.dir/src/esp_efuse_api.c.obj
[862/1044] Building C object esp-idf/efuse/CMakeFiles/__idf_efuse.dir/src/efuse_controller/keys/with_key_purposes/esp_efuse_api_key.c.obj
[886/1044] Building C object esp-idf/console/CMakeFiles/__idf_console.dir/argtable3/arg_date.c.obj
[863/1044] Building C object esp-idf/xtensa/CMakeFiles/__idf_xtensa.dir/xtensa_intr.c.obj
[884/1044] Building C object esp-idf/console/CMakeFiles/__idf_console.dir/commands.c.obj
[864/1044] Building C object esp-idf/console/CMakeFiles/__idf_console.dir/split_argv.c.obj
[885/1044] Building C object esp-idf/console/CMakeFiles/__idf_console.dir/esp_console_repl_internal.c.obj
[889/1044] Building C object esp-idf/protocomm/CMakeFiles/__idf_protocomm.dir/proto-c/constants.pb-c.c.obj
[865/1044] Building C object esp-idf/esp_driver_gpio/CMakeFiles/__idf_esp_driver_gpio.dir/src/dedic_gpio.c.obj
[886/1044] Building C object esp-idf/console/CMakeFiles/__idf_console.dir/argtable3/arg_int.c.obj
[890/1044] Building C object esp-idf/unity/CMakeFiles/__idf_unity.dir/unity_utils_memory.c.obj
[866/1044] Building C object esp-idf/esp_app_format/CMakeFiles/__idf_esp_app_format.dir/esp_app_desc.c.obj
[2/18] Building C object esp-idf/main/CMakeFiles/__idf_main.dir/main.c.obj
FAILED: esp-idf/main/CMakeFiles/__idf_main.dir/main.c.obj 
/home/tikhon/.espressif/tools/xtensa-esp-elf/esp-15.1.0_20250607/xtensa-esp-elf/bin/xtensa-esp32s3-elf-gcc -DESP_PLATFORM -DIDF_VER=\"v6.0-dev-1833-g758939caec-dirty\" -DMBEDTLS_CONFIG_FILE=\"mbedtls/esp_config.h\" -DSOC_MMU_PAGE_SIZE=CONFIG_MMU_PAGE_SIZE -DSOC_XTAL_FREQ_MHZ=CONFIG_XTAL_FREQ -DUNITY_INCLUDE_CONFIG_H -D_GLIBCXX_HAVE_POSIX_SEMAPHORE -D_GLIBCXX_USE_POSIX_SEMAPHORE -D_GNU_SOURCE -D_POSIX_READER_WRITER_LOCKS -I/home/tikhon/Документы/magnolia/applets/mainline/ln/build/config -I/home/tikhon/Документы/magnolia/esp-idf/components/newlib/platform_include -I/home/tikhon/Документы/magnolia/esp-idf/components/freertos/config/include -I/home/tikhon/Документы/magnolia/esp-idf/components/freertos/config/include/freertos -I/home/tikhon/Документы/magnolia/esp-idf/components/freertos/config/xtensa/include -I/home/tikhon/Документы/magnolia/esp-idf/components/freertos/FreeRTOS-Kernel/include -I/home/tikhon/Документы/magnolia/esp-idf/components/freertos/FreeRTOS-Kernel/portable/xtensa/include -I/home/tikhon/Документы/magnolia/esp-idf/components/freertos/FreeRTOS-Kernel/portable/xtensa/include/freertos -I/home/tikhon/Документы/magnolia/esp-idf/components/freertos/esp_additions/include -I/home/tikhon/Документы/magnolia/esp-idf/components/esp_hw_support/include -I/home/tikhon/Документы/magnolia/esp-idf/components/esp_hw_support/include/soc -I/home/tikhon/Документы/magnolia/esp-idf/components/esp_hw_support/dma/include -I/home/tikhon/Документы/magnolia/esp-idf/components/esp_hw_support/ldo/include -I/home/tikhon/Документы/magnolia/esp-idf/components/esp_hw_support/debug_probe/include -I/home/tikhon/Документы/magnolia/esp-idf/components/esp_hw_support/mspi_timing_tuning/include -I/home/tikhon/Документы/magnolia/esp-idf/components/esp_hw_support/mspi_timing_tuning/tuning_scheme_impl/include -I/home/tikhon/Документы/magnolia/esp-idf/components/esp_hw_support/power_supply/include -I/home/tikhon/Документы/magnolia/esp-idf/components/esp_hw_support/include/soc/esp32s3 -I/home/tikhon/Документы/magnolia/esp-idf/components/esp_hw_support/port/esp32s3/. -I/home/tikhon/Документы/magnolia/esp-idf/components/esp_hw_support/port/esp32s3/include -I/home/tikhon/Документы/magnolia/esp-idf/components/esp_hw_support/mspi_timing_tuning/port/esp32s3/. -I/home/tikhon/Документы/magnolia/esp-idf/components/esp_hw_support/mspi_timing_tuning/port/esp32s3/include -I/home/tikhon/Документы/magnolia/esp-idf/components/heap/include -I/home/tikhon/Документы/magnolia/esp-idf/components/heap/tlsf -I/home/tikhon/Документы/magnolia/esp-idf/components/log/include -I/home/tikhon/Документы/magnolia/esp-idf/components/soc/include -I/home/tikhon/Документы/magnolia/esp-idf/components/soc/esp32s3 -I/home/tikhon/Документы/magnolia/esp-idf/components/soc/esp32s3/include -I/home/tikhon/Документы/magnolia/esp-idf/components/soc/esp32s3/register -I/home/tikhon/Документы/magnolia/esp-idf/components/hal/platform_port/include -I/home/tikhon/Документы/magnolia/esp-idf/components/hal/esp32s3/include -I/home/tikhon/Документы/magnolia/esp-idf/components/hal/include -I/home/tikhon/Документы/magnolia/esp-idf/components/esp_rom/include -I/home/tikhon/Документы/magnolia/esp-idf/components/esp_rom/esp32s3/include -I/home/tikhon/Документы/magnolia/esp-idf/components/esp_rom/esp32s3/include/esp32s3 -I/home/tikhon/Документы/magnolia/esp-idf/components/esp_rom/esp32s3 -I/home/tikhon/Документы/magnolia/esp-idf/components/esp_common/include -I/home/tikhon/Документы/magnolia/esp-idf/components/esp_system/include -I/home/tikhon/Документы/magnolia/esp-idf/components/esp_system/port/soc -I/home/tikhon/Документы/magnolia/esp-idf/components/esp_system/port/include/private -I/home/tikhon/Документы/magnolia/esp-idf/components/xtensa/esp32s3/include -I/home/tikhon/Документы/magnolia/esp-idf/components/xtensa/include -I/home/tikhon/Документы/magnolia/esp-idf/components/xtensa/deprecated_include -I/home/tikhon/Документы/magnolia/esp-idf/components/lwip/include -I/home/tikhon/Документы/magnolia/esp-idf/components/lwip/include/apps -I/home/tikhon/Документы/magnolia/esp-idf/components/lwip/include/apps/sntp -I/home/tikhon/Документы/magnolia/esp-idf/components/lwip/lwip/src/include -I/home/tikhon/Документы/magnolia/esp-idf/components/lwip/port/include -I/home/tikhon/Документы/magnolia/esp-idf/components/lwip/port/freertos/include -I/home/tikhon/Документы/magnolia/esp-idf/components/lwip/port/esp32xx/include -I/home/tikhon/Документы/magnolia/esp-idf/components/lwip/port/esp32xx/include/arch -I/home/tikhon/Документы/magnolia/esp-idf/components/lwip/port/esp32xx/include/sys -I/home/tikhon/Документы/magnolia/esp-idf/components/esp_app_format/include -I/home/tikhon/Документы/magnolia/esp-idf/components/esp_bootloader_format/include -I/home/tikhon/Документы/magnolia/esp-idf/components/app_update/include -I/home/tikhon/Документы/magnolia/esp-idf/components/bootloader_support/include -I/home/tikhon/Документы/magnolia/esp-idf/components/bootloader_support/bootloader_flash/include -I/home/tikhon/Документы/magnolia/esp-idf/components/esp_partition/include -I/home/tikhon/Документы/magnolia/esp-idf/components/efuse/include -I/home/tikhon/Документы/magnolia/esp-idf/components/efuse/esp32s3/include -I/home/tikhon/Документы/magnolia/esp-idf/components/esp_security/include -I/home/tikhon/Документы/magnolia/esp-idf/components/esp_driver_gpio/include -I/home/tikhon/Документы/magnolia/esp-idf/components/esp_pm/include -I/home/tikhon/Документы/magnolia/esp-idf/components/mbedtls/port/include -I/home/tikhon/Документы/magnolia/esp-idf/components/mbedtls/mbedtls/include -I/home/tikhon/Документы/magnolia/esp-idf/components/mbedtls/mbedtls/library -I/home/tikhon/Документы/magnolia/esp-idf/components/mbedtls/esp_crt_bundle/include -I/home/tikhon/Документы/magnolia/esp-idf/components/mbedtls/mbedtls/3rdparty/everest/include -I/home/tikhon/Документы/magnolia/esp-idf/components/mbedtls/mbedtls/3rdparty/p256-m -I/home/tikhon/Документы/magnolia/esp-idf/components/mbedtls/mbedtls/3rdparty/p256-m/p256-m -I/home/tikhon/Документы/magnolia/esp-idf/components/esp_mm/include -I/home/tikhon/Документы/magnolia/esp-idf/components/spi_flash/include -I/home/tikhon/Документы/magnolia/esp-idf/components/pthread/include -I/home/tikhon/Документы/magnolia/esp-idf/components/esp_timer/include -I/home/tikhon/Документы/magnolia/esp-idf/components/esp_driver_gptimer/include -I/home/tikhon/Документы/magnolia/esp-idf/components/esp_ringbuf/include -I/home/tikhon/Документы/magnolia/esp-idf/components/esp_driver_uart/include -I/home/tikhon/Документы/magnolia/esp-idf/components/vfs/include -I/home/tikhon/Документы/magnolia/esp-idf/components/app_trace/include -I/home/tikhon/Документы/magnolia/esp-idf/components/esp_event/include -I/home/tikhon/Документы/magnolia/esp-idf/components/nvs_flash/include -I/home/tikhon/Документы/magnolia/esp-idf/components/esp_phy/include -I/home/tikhon/Документы/magnolia/esp-idf/components/esp_phy/esp32s3/include -I/home/tikhon/Документы/magnolia/esp-idf/components/esp_driver_usb_serial_jtag/include -I/home/tikhon/Документы/magnolia/esp-idf/components/esp_vfs_console/include -I/home/tikhon/Документы/magnolia/esp-idf/components/esp_netif/include -I/home/tikhon/Документы/magnolia/esp-idf/components/wpa_supplicant/include -I/home/tikhon/Документы/magnolia/esp-idf/components/wpa_supplicant/port/include -I/home/tikhon/Документы/magnolia/esp-idf/components/wpa_supplicant/esp_supplicant/include -I/home/tikhon/Документы/magnolia/esp-idf/components/esp_coex/include -I/home/tikhon/Документы/magnolia/esp-idf/components/esp_wifi/include -I/home/tikhon/Документы/magnolia/esp-idf/components/esp_wifi/include/local -I/home/tikhon/Документы/magnolia/esp-idf/components/esp_wifi/wifi_apps/include -I/home/tikhon/Документы/magnolia/esp-idf/components/esp_wifi/wifi_apps/nan_app/include -I/home/tikhon/Документы/magnolia/esp-idf/components/esp_driver_spi/include -I/home/tikhon/Документы/magnolia/esp-idf/components/esp_gdbstub/include -I/home/tikhon/Документы/magnolia/esp-idf/components/unity/include -I/home/tikhon/Документы/magnolia/esp-idf/components/unity/unity/src -I/home/tikhon/Документы/magnolia/esp-idf/components/cmock/CMock/src -I/home/tikhon/Документы/magnolia/esp-idf/components/console -I/home/tikhon/Документы/magnolia/esp-idf/components/esp_driver_pcnt/include -I/home/tikhon/Документы/magnolia/esp-idf/components/esp_driver_mcpwm/include -I/home/tikhon/Документы/magnolia/esp-idf/components/esp_driver_ana_cmpr/include -I/home/tikhon/Документы/magnolia/esp-idf/components/esp_driver_i2s/include -I/home/tikhon/Документы/magnolia/esp-idf/components/sdmmc/include -I/home/tikhon/Документы/magnolia/esp-idf/components/esp_driver_sd_intf/include -I/home/tikhon/Документы/magnolia/esp-idf/components/esp_driver_sdmmc/include -I/home/tikhon/Документы/magnolia/esp-idf/components/esp_driver_sdmmc/legacy/include -I/home/tikhon/Документы/magnolia/esp-idf/components/esp_driver_sdspi/include -I/home/tikhon/Документы/magnolia/esp-idf/components/esp_driver_sdio/include -I/home/tikhon/Документы/magnolia/esp-idf/components/esp_driver_dac/include -I/home/tikhon/Документы/magnolia/esp-idf/components/esp_driver_bitscrambler/include -I/home/tikhon/Документы/magnolia/esp-idf/components/esp_driver_rmt/include -I/home/tikhon/Документы/magnolia/esp-idf/components/esp_driver_tsens/include -I/home/tikhon/Документы/magnolia/esp-idf/components/esp_driver_sdm/include -I/home/tikhon/Документы/magnolia/esp-idf/components/esp_driver_i2c/include -I/home/tikhon/Документы/magnolia/esp-idf/components/esp_driver_ledc/include -I/home/tikhon/Документы/magnolia/esp-idf/components/esp_driver_parlio/include -I/home/tikhon/Документы/magnolia/esp-idf/components/esp_driver_twai/include -I/home/tikhon/Документы/magnolia/esp-idf/components/driver/deprecated -I/home/tikhon/Документы/magnolia/esp-idf/components/driver/i2c/include -I/home/tikhon/Документы/magnolia/esp-idf/components/driver/touch_sensor/include -I/home/tikhon/Документы/magnolia/esp-idf/components/driver/twai/include -I/home/tikhon/Документы/magnolia/esp-idf/components/driver/touch_sensor/esp32s3/include -I/home/tikhon/Документы/magnolia/esp-idf/components/http_parser -I/home/tikhon/Документы/magnolia/esp-idf/components/esp-tls -I/home/tikhon/Документы/magnolia/esp-idf/components/esp-tls/esp-tls-crypto -I/home/tikhon/Документы/magnolia/esp-idf/components/esp_adc/include -I/home/tikhon/Документы/magnolia/esp-idf/components/esp_adc/interface -I/home/tikhon/Документы/magnolia/esp-idf/components/esp_adc/esp32s3/include -I/home/tikhon/Документы/magnolia/esp-idf/components/esp_driver_isp/include -I/home/tikhon/Документы/magnolia/esp-idf/components/esp_driver_cam/include -I/home/tikhon/Документы/magnolia/esp-idf/components/esp_driver_cam/interface -I/home/tikhon/Документы/magnolia/esp-idf/components/esp_driver_cam/dvp/include -I/home/tikhon/Документы/magnolia/esp-idf/components/esp_driver_i3c/include -I/home/tikhon/Документы/magnolia/esp-idf/components/esp_psram/include -I/home/tikhon/Документы/magnolia/esp-idf/components/esp_psram/xip_impl/include -I/home/tikhon/Документы/magnolia/esp-idf/components/esp_driver_jpeg/include -I/home/tikhon/Документы/magnolia/esp-idf/components/esp_driver_ppa/include -I/home/tikhon/Документы/magnolia/esp-idf/components/esp_driver_touch_sens/include -I/home/tikhon/Документы/magnolia/esp-idf/components/esp_driver_touch_sens/hw_ver2/include -I/home/tikhon/Документы/magnolia/esp-idf/components/esp_eth/include -I/home/tikhon/Документы/magnolia/esp-idf/components/esp_hid/include -I/home/tikhon/Документы/magnolia/esp-idf/components/tcp_transport/include -I/home/tikhon/Документы/magnolia/esp-idf/components/esp_http_client/include -I/home/tikhon/Документы/magnolia/esp-idf/components/esp_http_server/include -I/home/tikhon/Документы/magnolia/esp-idf/components/esp_https_ota/include -I/home/tikhon/Документы/magnolia/esp-idf/components/esp_https_server/include -I/home/tikhon/Документы/magnolia/esp-idf/components/esp_lcd/include -I/home/tikhon/Документы/magnolia/esp-idf/components/esp_lcd/interface -I/home/tikhon/Документы/magnolia/esp-idf/components/esp_lcd/rgb/include -I/home/tikhon/Документы/magnolia/esp-idf/components/protobuf-c/protobuf-c -I/home/tikhon/Документы/magnolia/esp-idf/components/protocomm/include/common -I/home/tikhon/Документы/magnolia/esp-idf/components/protocomm/include/security -I/home/tikhon/Документы/magnolia/esp-idf/components/protocomm/include/transports -I/home/tikhon/Документы/magnolia/esp-idf/components/protocomm/include/crypto/srp6a -I/home/tikhon/Документы/magnolia/esp-idf/components/protocomm/proto-c -I/home/tikhon/Документы/magnolia/esp-idf/components/esp_local_ctrl/include -I/home/tikhon/Документы/magnolia/esp-idf/components/espcoredump/include -I/home/tikhon/Документы/magnolia/esp-idf/components/espcoredump/include/port/xtensa -I/home/tikhon/Документы/magnolia/esp-idf/components/wear_levelling/include -I/home/tikhon/Документы/magnolia/esp-idf/components/fatfs/diskio -I/home/tikhon/Документы/magnolia/esp-idf/components/fatfs/src -I/home/tikhon/Документы/magnolia/esp-idf/components/fatfs/vfs -I/home/tikhon/Документы/magnolia/esp-idf/components/idf_test/include -I/home/tikhon/Документы/magnolia/esp-idf/components/idf_test/include/esp32s3 -I/home/tikhon/Документы/magnolia/esp-idf/components/ieee802154/include -I/home/tikhon/Документы/magnolia/esp-idf/components/json/cJSON -I/home/tikhon/Документы/magnolia/esp-idf/components/mqtt/esp-mqtt/include -I/home/tikhon/Документы/magnolia/esp-idf/components/nvs_sec_provider/include -I/home/tikhon/Документы/magnolia/esp-idf/components/perfmon/include -I/home/tikhon/Документы/magnolia/esp-idf/components/rt/include -I/home/tikhon/Документы/magnolia/esp-idf/components/spiffs/include -I/home/tikhon/Документы/magnolia/esp-idf/components/touch_element/include -I/home/tikhon/Документы/magnolia/esp-idf/components/usb/include -I/home/tikhon/Документы/magnolia/esp-idf/components/wifi_provisioning/include -mlongcalls -fno-builtin-memcpy -fno-builtin-memset -fno-builtin-bzero  -fdiagnostics-color=always -ffunction-sections -fdata-sections -Wall -Werror=all -Wno-error=unused-function -Wno-error=unused-variable -Wno-error=unused-but-set-variable -Wno-error=deprecated-declarations -Wextra -Wno-error=extra -Wno-unused-parameter -Wno-sign-compare -Wno-enum-conversion -gdwarf-4 -ggdb -Og -fno-shrink-wrap -fmacro-prefix-map=/home/tikhon/Документы/magnolia/applets/mainline/ln=. -fmacro-prefix-map=/home/tikhon/Документы/magnolia/esp-idf=/IDF -fstrict-volatile-bitfields -fno-jump-tables -fno-tree-switch-conversion -nostartfiles -nostdlib -fPIC -shared -e app_main -Wl,--gc-sections -fvisibility=hidden -Wl,--strip-all -Wl,--strip-debug -Wl,--strip-discarded -Dmain=app_main -std=gnu17 -Wno-old-style-declaration -fzero-init-padding-bits=all -fno-malloc-dce -MD -MT esp-idf/main/CMakeFiles/__idf_main.dir/main.c.obj -MF esp-idf/main/CMakeFiles/__idf_main.dir/main.c.obj.d -o esp-idf/main/CMakeFiles/__idf_main.dir/main.c.obj -c '/home/tikhon/Документы/magnolia/applets/mainline/ln/main/main.c'
/home/tikhon/Документы/magnolia/applets/mainline/ln/main/main.c: In function 'stat_path':
/home/tikhon/Документы/magnolia/applets/mainline/ln/main/main.c:150:9: error: implicit declaration of function 'lstat'; did you mean 'stat'? [-Wimplicit-function-declaration]
  150 |     if (lstat(path, &st) != 0) {
      |         ^~~~~
      |         stat
[867/1044] Building C object esp-idf/esp_partition/CMakeFiles/__idf_esp_partition.dir/partition.c.obj
[891/1044] Building C object esp-idf/unity/CMakeFiles/__idf_unity.dir/port/esp/unity_utils_memory_esp.c.obj
[892/1044] Building C object esp-idf/unity/CMakeFiles/__idf_unity.dir/unity_runner.c.obj
[868/1044] Building C object esp-idf/esp_pm/CMakeFiles/__idf_esp_pm.dir/pm_impl.c.obj
[887/1044] Building C object esp-idf/unity/CMakeFiles/__idf_unity.dir/unity_port_esp32.c.obj
[887/1044] Building C object esp-idf/console/CMakeFiles/__idf_console.dir/argtable3/arg_utils.c.obj
[893/1044] Building C object esp-idf/protocomm/CMakeFiles/__idf_protocomm.dir/proto-c/sec0.pb-c.c.obj
[869/1044] Building C object esp-idf/console/CMakeFiles/__idf_console.dir/argtable3/arg_end.c.obj
[894/1044] Building C object esp-idf/protocomm/CMakeFiles/__idf_protocomm.dir/proto-c/sec2.pb-c.c.obj
[895/1044] Building C object esp-idf/unity/CMakeFiles/__idf_unity.dir/unity_port_esp32.c.obj
[888/1044] Building C object esp-idf/protocomm/CMakeFiles/__idf_protocomm.dir/proto-c/constants.pb-c.c.obj
[888/1044] Building C object esp-idf/protocomm/CMakeFiles/__idf_protocomm.dir/proto-c/constants.pb-c.c.obj
[889/1044] Building C object esp-idf/app_update/CMakeFiles/__idf_app_update.dir/esp_ota_ops.c.obj
[889/1044] Building C object esp-idf/unity/CMakeFiles/__idf_unity.dir/unity_utils_cache.c.obj
[896/1044] Building C object esp-idf/unity/CMakeFiles/__idf_unity.dir/unity_utils_freertos.c.obj
[870/1044] Linking C static library esp-idf/esp_pm/libesp_pm.a
[897/1044] Building C object esp-idf/protocomm/CMakeFiles/__idf_protocomm.dir/proto-c/session.pb-c.c.obj
[890/1044] Building C object esp-idf/unity/CMakeFiles/__idf_unity.dir/unity_utils_cache.c.obj
[890/1044] Building C object esp-idf/unity/CMakeFiles/__idf_unity.dir/unity_utils_freertos.c.obj
[891/1044] Building C object esp-idf/unity/CMakeFiles/__idf_unity.dir/unity_runner.c.obj
[891/1044] Building C object esp-idf/unity/CMakeFiles/__idf_unity.dir/unity_port_esp32.c.obj
[892/1044] Building C object esp-idf/unity/CMakeFiles/__idf_unity.dir/unity_utils_memory.c.obj
[871/1044] Building C object esp-idf/console/CMakeFiles/__idf_console.dir/esp_console_common.c.obj
[892/1044] Building C object esp-idf/unity/CMakeFiles/__idf_unity.dir/port/esp/unity_utils_memory_esp.c.obj
[893/1044] Building C object esp-idf/unity/CMakeFiles/__idf_unity.dir/port/esp/unity_utils_memory_esp.c.obj
[872/1044] Building C object esp-idf/console/CMakeFiles/__idf_console.dir/argtable3/arg_dstr.c.obj
[873/1044] Building C object esp-idf/console/CMakeFiles/__idf_console.dir/argtable3/arg_rem.c.obj
[894/1044] Building C object esp-idf/console/CMakeFiles/__idf_console.dir/argtable3/arg_rex.c.obj
[898/1044] Building C object esp-idf/console/CMakeFiles/__idf_console.dir/argtable3/arg_rex.c.obj
[895/1044] Building C object esp-idf/unity/CMakeFiles/__idf_unity.dir/unity_utils_freertos.c.obj
[874/1044] Building C object esp-idf/console/CMakeFiles/__idf_console.dir/esp_console_repl_internal.c.obj
[899/1044] Building C object esp-idf/console/CMakeFiles/__idf_console.dir/argtable3/argtable3.c.obj
[875/1044] Building C object esp-idf/console/CMakeFiles/__idf_console.dir/esp_console_repl_chip.c.obj
[893/1044] Building C object esp-idf/unity/CMakeFiles/__idf_unity.dir/unity_utils_memory.c.obj
[894/1044] Building C object esp-idf/unity/CMakeFiles/__idf_unity.dir/unity_runner.c.obj
[876/1044] Building C object esp-idf/console/CMakeFiles/__idf_console.dir/argtable3/arg_dbl.c.obj
[896/1044] Building C object esp-idf/protocomm/CMakeFiles/__idf_protocomm.dir/proto-c/sec0.pb-c.c.obj
[877/1044] Building C object esp-idf/console/CMakeFiles/__idf_console.dir/argtable3/arg_date.c.obj
[900/1044] Building C object esp-idf/protocomm/CMakeFiles/__idf_protocomm.dir/proto-c/sec1.pb-c.c.obj
[901/1044] Building CXX object esp-idf/wear_levelling/CMakeFiles/__idf_wear_levelling.dir/crc32.cpp.obj
[897/1044] Building C object esp-idf/protocomm/CMakeFiles/__idf_protocomm.dir/proto-c/sec1.pb-c.c.obj
[898/1044] Building C object esp-idf/console/CMakeFiles/__idf_console.dir/argtable3/argtable3.c.obj
[878/1044] Building C object esp-idf/console/CMakeFiles/__idf_console.dir/argtable3/arg_lit.c.obj
[895/1044] Building C object esp-idf/protocomm/CMakeFiles/__idf_protocomm.dir/proto-c/sec0.pb-c.c.obj
[896/1044] Building C object esp-idf/console/CMakeFiles/__idf_console.dir/argtable3/arg_rex.c.obj
[3/18] Generating ../../partition_table/partition-table.bin
Partition table binary generated. Contents:
*******************************************************************************
# ESP-IDF Partition Table
# Name, Type, SubType, Offset, Size, Flags
nvs,data,nvs,0x9000,24K,
phy_init,data,phy,0xf000,4K,
factory,app,factory,0x10000,1M,
*******************************************************************************
ninja: build stopped: subcommand failed.
[879/1044] Building C object esp-idf/console/CMakeFiles/__idf_console.dir/argtable3/arg_int.c.obj
[880/1044] Building C object esp-idf/console/CMakeFiles/__idf_console.dir/argtable3/arg_cmd.c.obj
[881/1044] Building C object esp-idf/console/CMakeFiles/__idf_console.dir/argtable3/arg_file.c.obj
[897/1044] Building C object esp-idf/protocomm/CMakeFiles/__idf_protocomm.dir/proto-c/session.pb-c.c.obj
[899/1044] Building C object esp-idf/protocomm/CMakeFiles/__idf_protocomm.dir/proto-c/session.pb-c.c.obj
[902/1044] Building C object esp-idf/protocomm/CMakeFiles/__idf_protocomm.dir/src/common/protocomm.c.obj
[882/1044] Building C object esp-idf/unity/CMakeFiles/__idf_unity.dir/unity_compat.c.obj
[898/1044] Building C object esp-idf/console/CMakeFiles/__idf_console.dir/linenoise/linenoise.c.obj
[883/1044] Building C object esp-idf/console/CMakeFiles/__idf_console.dir/argtable3/arg_str.c.obj
[900/1044] Building C object esp-idf/protocomm/CMakeFiles/__idf_protocomm.dir/proto-c/sec2.pb-c.c.obj
[884/1044] Building C object esp-idf/console/CMakeFiles/__idf_console.dir/argtable3/arg_hashtable.c.obj
[903/1044] Building C object esp-idf/protocomm/CMakeFiles/__idf_protocomm.dir/src/crypto/srp6a/esp_srp_mpi.c.obj
[901/1044] Building CXX object esp-idf/wear_levelling/CMakeFiles/__idf_wear_levelling.dir/SPI_Flash.cpp.obj
[885/1044] Building C object esp-idf/console/CMakeFiles/__idf_console.dir/commands.c.obj
[899/1044] Building C object esp-idf/protocomm/CMakeFiles/__idf_protocomm.dir/proto-c/sec1.pb-c.c.obj
[900/1044] Building C object esp-idf/console/CMakeFiles/__idf_console.dir/argtable3/argtable3.c.obj
[904/1044] Building C object esp-idf/console/CMakeFiles/__idf_console.dir/linenoise/linenoise.c.obj
[902/1044] Building CXX object esp-idf/wear_levelling/CMakeFiles/__idf_wear_levelling.dir/Partition.cpp.obj
[905/1044] Building CXX object esp-idf/wear_levelling/CMakeFiles/__idf_wear_levelling.dir/SPI_Flash.cpp.obj
[906/1044] Building C object esp-idf/esp_driver_gpio/CMakeFiles/__idf_esp_driver_gpio.dir/src/gpio.c.obj
[903/1044] Building C object esp-idf/console/CMakeFiles/__idf_console.dir/linenoise/linenoise.c.obj
[901/1044] Building C object esp-idf/protocomm/CMakeFiles/__idf_protocomm.dir/proto-c/sec2.pb-c.c.obj
[904/1044] Building C object esp-idf/protocomm/CMakeFiles/__idf_protocomm.dir/src/common/protocomm.c.obj
[907/1044] Building C object esp-idf/protocomm/CMakeFiles/__idf_protocomm.dir/src/transports/protocomm_console.c.obj
[908/1044] Building CXX object esp-idf/wear_levelling/CMakeFiles/__idf_wear_levelling.dir/Partition.cpp.obj
[909/1044] Building C object esp-idf/protocomm/CMakeFiles/__idf_protocomm.dir/src/transports/protocomm_httpd.c.obj
[886/1044] Building C object esp-idf/console/CMakeFiles/__idf_console.dir/argtable3/arg_utils.c.obj
[905/1044] Building C object esp-idf/protocomm/CMakeFiles/__idf_protocomm.dir/src/crypto/srp6a/esp_srp_mpi.c.obj
[906/1044] Building CXX object esp-idf/wear_levelling/CMakeFiles/__idf_wear_levelling.dir/crc32.cpp.obj
[907/1044] Building C object esp-idf/protocomm/CMakeFiles/__idf_protocomm.dir/src/transports/protocomm_httpd.c.obj
[908/1044] Building C object esp-idf/protocomm/CMakeFiles/__idf_protocomm.dir/src/transports/protocomm_console.c.obj
[902/1044] Building CXX object esp-idf/wear_levelling/CMakeFiles/__idf_wear_levelling.dir/crc32.cpp.obj
[903/1044] Building C object esp-idf/protocomm/CMakeFiles/__idf_protocomm.dir/src/transports/protocomm_console.c.obj
[909/1044] Building C object esp-idf/protocomm/CMakeFiles/__idf_protocomm.dir/src/crypto/srp6a/esp_srp.c.obj
[887/1044] Building C object esp-idf/protocomm/CMakeFiles/__idf_protocomm.dir/proto-c/constants.pb-c.c.obj
-- Generating done (2.1s)
[904/1044] Building C object esp-idf/protocomm/CMakeFiles/__idf_protocomm.dir/src/crypto/srp6a/esp_srp_mpi.c.obj
[910/1044] Building CXX object esp-idf/wear_levelling/CMakeFiles/__idf_wear_levelling.dir/WL_Ext_Perf.cpp.obj
[910/1044] Building C object esp-idf/esp_https_server/CMakeFiles/__idf_esp_https_server.dir/src/https_server.c.obj
[888/1044] Building C object esp-idf/unity/CMakeFiles/__idf_unity.dir/unity_utils_cache.c.obj
[905/1044] Building C object esp-idf/protocomm/CMakeFiles/__idf_protocomm.dir/src/common/protocomm.c.obj
[911/1044] Building CXX object esp-idf/wear_levelling/CMakeFiles/__idf_wear_levelling.dir/WL_Ext_Perf.cpp.obj
[912/1044] Linking C static library esp-idf/esp_driver_gpio/libesp_driver_gpio.a
[906/1044] Building CXX object esp-idf/wear_levelling/CMakeFiles/__idf_wear_levelling.dir/Partition.cpp.obj
[889/1044] Building C object esp-idf/unity/CMakeFiles/__idf_unity.dir/unity_runner.c.obj
[913/1044] Building CXX object esp-idf/wear_levelling/CMakeFiles/__idf_wear_levelling.dir/WL_Ext_Safe.cpp.obj
[907/1044] Building CXX object esp-idf/wear_levelling/CMakeFiles/__idf_wear_levelling.dir/WL_Ext_Perf.cpp.obj
[914/1044] Building C object esp-idf/unity/CMakeFiles/__idf_unity.dir/unity/src/unity.c.obj
[911/1044] Building C object esp-idf/esp_https_server/CMakeFiles/__idf_esp_https_server.dir/src/https_server.c.obj
-- Build files have been written to: /home/tikhon/Документы/magnolia/applets/mainline/ls/build
[908/1044] Building C object esp-idf/esp_driver_gpio/CMakeFiles/__idf_esp_driver_gpio.dir/src/gpio.c.obj
[909/1044] Building C object esp-idf/esp_https_server/CMakeFiles/__idf_esp_https_server.dir/src/https_server.c.obj
[910/1044] Building C object esp-idf/protocomm/CMakeFiles/__idf_protocomm.dir/src/transports/protocomm_httpd.c.obj
[912/1044] Building C object esp-idf/cmock/CMakeFiles/__idf_cmock.dir/CMock/src/cmock.c.obj
[890/1044] Building C object esp-idf/unity/CMakeFiles/__idf_unity.dir/unity_utils_memory.c.obj
[911/1044] Building CXX object esp-idf/wear_levelling/CMakeFiles/__idf_wear_levelling.dir/wear_levelling.cpp.obj
[891/1044] Building C object esp-idf/unity/CMakeFiles/__idf_unity.dir/unity_port_esp32.c.obj
[915/1044] Building C object esp-idf/protocomm/CMakeFiles/__idf_protocomm.dir/src/crypto/srp6a/esp_srp.c.obj
[892/1044] Building C object esp-idf/unity/CMakeFiles/__idf_unity.dir/unity_utils_freertos.c.obj
[913/1044] Building C object esp-idf/esp_driver_gpio/CMakeFiles/__idf_esp_driver_gpio.dir/src/gpio.c.obj
[893/1044] Building C object esp-idf/unity/CMakeFiles/__idf_unity.dir/port/esp/unity_utils_memory_esp.c.obj
[916/1044] Linking C static library esp-idf/esp_security/libesp_security.a
NOTICE: Processing 1 dependencies:
NOTICE: [1/1] idf (6.0.0)
[912/1044] Building CXX object esp-idf/wear_levelling/CMakeFiles/__idf_wear_levelling.dir/SPI_Flash.cpp.obj
[917/1044] Building C object esp-idf/app_trace/CMakeFiles/__idf_app_trace.dir/app_trace_util.c.obj
[894/1044] Building C object esp-idf/protocomm/CMakeFiles/__idf_protocomm.dir/proto-c/sec0.pb-c.c.obj
[913/1044] Linking C static library esp-idf/esp_driver_gpio/libesp_driver_gpio.a
[918/1044] Building CXX object esp-idf/wear_levelling/CMakeFiles/__idf_wear_levelling.dir/wear_levelling.cpp.obj
[919/1044] Building C object esp-idf/app_trace/CMakeFiles/__idf_app_trace.dir/host_file_io.c.obj
[914/1044] Building C object esp-idf/app_trace/CMakeFiles/__idf_app_trace.dir/port/port_uart.c.obj
[895/1044] Building C object esp-idf/protocomm/CMakeFiles/__idf_protocomm.dir/src/common/protocomm.c.obj
[920/1044] Building C object esp-idf/cmock/CMakeFiles/__idf_cmock.dir/CMock/src/cmock.c.obj
[896/1044] Building C object esp-idf/app_update/CMakeFiles/__idf_app_update.dir/esp_ota_ops.c.obj
[914/1044] Linking C static library esp-idf/esp_driver_gpio/libesp_driver_gpio.a
[915/1044] Building C object esp-idf/app_trace/CMakeFiles/__idf_app_trace.dir/host_file_io.c.obj
[915/1044] Building C object esp-idf/app_trace/CMakeFiles/__idf_app_trace.dir/app_trace_util.c.obj
[916/1044] Building C object esp-idf/app_trace/CMakeFiles/__idf_app_trace.dir/port/port_uart.c.obj
[921/1044] Linking C static library esp-idf/efuse/libefuse.a
[916/1044] Building C object esp-idf/cmock/CMakeFiles/__idf_cmock.dir/CMock/src/cmock.c.obj
[897/1044] Building C object esp-idf/protocomm/CMakeFiles/__idf_protocomm.dir/proto-c/session.pb-c.c.obj
[922/1044] Building C object esp-idf/app_trace/CMakeFiles/__idf_app_trace.dir/port/port_uart.c.obj
[917/1044] Linking C static library esp-idf/esp_security/libesp_security.a
[898/1044] Building C object esp-idf/protocomm/CMakeFiles/__idf_protocomm.dir/proto-c/sec1.pb-c.c.obj
[899/1044] Building C object esp-idf/console/CMakeFiles/__idf_console.dir/argtable3/arg_rex.c.obj
[923/1044] Building C object esp-idf/esp_driver_cam/CMakeFiles/__idf_esp_driver_cam.dir/dvp_share_ctrl.c.obj
[917/1044] Building C object esp-idf/app_trace/CMakeFiles/__idf_app_trace.dir/app_trace_util.c.obj
[918/1044] Building C object esp-idf/unity/CMakeFiles/__idf_unity.dir/unity/src/unity.c.obj
[919/1044] Building CXX object esp-idf/wear_levelling/CMakeFiles/__idf_wear_levelling.dir/WL_Ext_Safe.cpp.obj
[918/1044] Building CXX object esp-idf/wear_levelling/CMakeFiles/__idf_wear_levelling.dir/WL_Ext_Safe.cpp.obj
[919/1044] Linking C static library esp-idf/esp_security/libesp_security.a
[900/1044] Building CXX object esp-idf/wear_levelling/CMakeFiles/__idf_wear_levelling.dir/Partition.cpp.obj
[920/1044] Building C object esp-idf/app_trace/CMakeFiles/__idf_app_trace.dir/host_file_io.c.obj
[924/1044] Building C object esp-idf/esp_driver_cam/CMakeFiles/__idf_esp_driver_cam.dir/esp_cam_ctlr.c.obj
[920/1044] Building C object esp-idf/esp_driver_cam/CMakeFiles/__idf_esp_driver_cam.dir/dvp_share_ctrl.c.obj
[901/1044] Building C object esp-idf/console/CMakeFiles/__idf_console.dir/linenoise/linenoise.c.obj
[925/1044] Building C object esp-idf/app_trace/CMakeFiles/__idf_app_trace.dir/app_trace.c.obj
[902/1044] Building C object esp-idf/console/CMakeFiles/__idf_console.dir/argtable3/argtable3.c.obj
[921/1044] Building CXX object esp-idf/wear_levelling/CMakeFiles/__idf_wear_levelling.dir/wear_levelling.cpp.obj
[921/1044] Building C object esp-idf/protocomm/CMakeFiles/__idf_protocomm.dir/src/crypto/srp6a/esp_srp.c.obj
[926/1044] Linking C static library esp-idf/esp_partition/libesp_partition.a
[922/1044] Building C object esp-idf/protocomm/CMakeFiles/__idf_protocomm.dir/src/security/security2.c.obj
[922/1044] Building C object esp-idf/protocomm/CMakeFiles/__idf_protocomm.dir/src/security/security2.c.obj
[927/1044] Building C object esp-idf/esp_hid/CMakeFiles/__idf_esp_hid.dir/src/esp_hidd.c.obj
[923/1044] Building C object esp-idf/esp_driver_cam/CMakeFiles/__idf_esp_driver_cam.dir/esp_cam_ctlr.c.obj
[903/1044] Building CXX object esp-idf/wear_levelling/CMakeFiles/__idf_wear_levelling.dir/SPI_Flash.cpp.obj
[904/1044] Building CXX object esp-idf/wear_levelling/CMakeFiles/__idf_wear_levelling.dir/crc32.cpp.obj
[928/1044] Building C object esp-idf/esp_driver_cam/CMakeFiles/__idf_esp_driver_cam.dir/dvp/src/esp_cam_ctlr_dvp_gdma.c.obj
[924/1044] Building C object esp-idf/esp_driver_cam/CMakeFiles/__idf_esp_driver_cam.dir/dvp/src/esp_cam_ctlr_dvp_gdma.c.obj
[923/1044] Linking C static library esp-idf/efuse/libefuse.a
[929/1044] Linking C static library esp-idf/app_update/libapp_update.a
[925/1044] Linking C static library esp-idf/efuse/libefuse.a
[924/1044] Building C object esp-idf/esp_driver_cam/CMakeFiles/__idf_esp_driver_cam.dir/esp_cam_ctlr.c.obj
[905/1044] Building C object esp-idf/protocomm/CMakeFiles/__idf_protocomm.dir/proto-c/sec2.pb-c.c.obj
[925/1044] Building C object esp-idf/esp_driver_cam/CMakeFiles/__idf_esp_driver_cam.dir/dvp_share_ctrl.c.obj
[926/1044] Building C object esp-idf/unity/CMakeFiles/__idf_unity.dir/unity/src/unity.c.obj
[906/1044] Building CXX object esp-idf/wear_levelling/CMakeFiles/__idf_wear_levelling.dir/WL_Ext_Safe.cpp.obj
[930/1044] Building C object esp-idf/json/CMakeFiles/__idf_json.dir/cJSON/cJSON_Utils.c.obj
[907/1044] Building C object esp-idf/protocomm/CMakeFiles/__idf_protocomm.dir/src/crypto/srp6a/esp_srp_mpi.c.obj
[931/1044] Building C object esp-idf/protocomm/CMakeFiles/__idf_protocomm.dir/src/security/security2.c.obj
[926/1044] Linking C static library esp-idf/esp_partition/libesp_partition.a
[927/1044] Linking C static library esp-idf/esp_partition/libesp_partition.a
[932/1044] Linking C static library esp-idf/esp_bootloader_format/libesp_bootloader_format.a
[928/1044] Building C object esp-idf/app_trace/CMakeFiles/__idf_app_trace.dir/app_trace.c.obj
[927/1044] Building C object esp-idf/esp_driver_cam/CMakeFiles/__idf_esp_driver_cam.dir/dvp/src/esp_cam_ctlr_dvp_gdma.c.obj
[908/1044] Building C object esp-idf/cmock/CMakeFiles/__idf_cmock.dir/CMock/src/cmock.c.obj
[933/1044] Linking C static library esp-idf/esp_app_format/libesp_app_format.a
Executing action: elf
Running ninja in directory /home/tikhon/Документы/magnolia/applets/mainline/rm/build
Executing "ninja elf"...
[0/1] Re-running CMake...
[929/1044] Linking C static library esp-idf/app_update/libapp_update.a
[909/1044] Building C object esp-idf/protocomm/CMakeFiles/__idf_protocomm.dir/src/transports/protocomm_console.c.obj
[928/1044] Linking C static library esp-idf/app_update/libapp_update.a
[930/1044] Building C object esp-idf/esp_driver_cam/CMakeFiles/__idf_esp_driver_cam.dir/dvp/src/esp_cam_ctlr_dvp_cam.c.obj
[929/1044] Building C object esp-idf/esp_lcd/CMakeFiles/__idf_esp_lcd.dir/src/esp_lcd_common.c.obj
[910/1044] Building C object esp-idf/esp_driver_gpio/CMakeFiles/__idf_esp_driver_gpio.dir/src/gpio.c.obj
[931/1044] Linking C static library esp-idf/esp_bootloader_format/libesp_bootloader_format.a
[930/1044] Linking C static library esp-idf/esp_bootloader_format/libesp_bootloader_format.a
[934/1044] Building C object esp-idf/esp_eth/CMakeFiles/__idf_esp_eth.dir/src/esp_eth_netif_glue.c.obj
[935/1044] Linking C static library esp-idf/xtensa/libxtensa.a
[931/1044] Building C object esp-idf/app_trace/CMakeFiles/__idf_app_trace.dir/app_trace.c.obj
[932/1044] Building C object esp-idf/esp_hid/CMakeFiles/__idf_esp_hid.dir/src/esp_hidd.c.obj
[936/1044] Building C object esp-idf/esp_lcd/CMakeFiles/__idf_esp_lcd.dir/src/esp_lcd_panel_io.c.obj
[911/1044] Building CXX object esp-idf/wear_levelling/CMakeFiles/__idf_wear_levelling.dir/WL_Ext_Perf.cpp.obj
[932/1044] Linking C static library esp-idf/esp_app_format/libesp_app_format.a
[912/1044] Building C object esp-idf/app_trace/CMakeFiles/__idf_app_trace.dir/host_file_io.c.obj
Command failed (2): idf.py build
Skipping failed applet build: ln
Building applet rev -> rev ...
+ idf.py elf
[1/4] Building C object esp-idf/esp_app_format/CMakeFiles/__idf_esp_app_format.dir/esp_app_desc.c.obj
[933/1044] Linking C static library esp-idf/esp_app_format/libesp_app_format.a
[913/1044] Building C object esp-idf/protocomm/CMakeFiles/__idf_protocomm.dir/src/crypto/srp6a/esp_srp.c.obj
[933/1044] Building C object esp-idf/esp_lcd/CMakeFiles/__idf_esp_lcd.dir/src/esp_lcd_common.c.obj
[914/1044] Linking C static library esp-idf/esp_driver_gpio/libesp_driver_gpio.a
[934/1044] Building C object esp-idf/esp_hid/CMakeFiles/__idf_esp_hid.dir/src/esp_hidd.c.obj
[915/1044] Building C object esp-idf/app_trace/CMakeFiles/__idf_app_trace.dir/app_trace.c.obj
[935/1044] Building C object esp-idf/esp_lcd/CMakeFiles/__idf_esp_lcd.dir/src/esp_lcd_panel_nt35510.c.obj
[916/1044] Building C object esp-idf/app_trace/CMakeFiles/__idf_app_trace.dir/app_trace_util.c.obj
[936/1044] Linking C static library esp-idf/xtensa/libxtensa.a
[917/1044] Building C object esp-idf/esp_https_server/CMakeFiles/__idf_esp_https_server.dir/src/https_server.c.obj
[918/1044] Building C object esp-idf/protocomm/CMakeFiles/__idf_protocomm.dir/src/transports/protocomm_httpd.c.obj
[937/1044] Building C object esp-idf/esp_hid/CMakeFiles/__idf_esp_hid.dir/src/esp_hid_common.c.obj
[919/1044] Building C object esp-idf/app_trace/CMakeFiles/__idf_app_trace.dir/port/port_uart.c.obj
[2/4] Linking C static library esp-idf/esp_app_format/libesp_app_format.a
[938/1044] Building C object esp-idf/esp_lcd/CMakeFiles/__idf_esp_lcd.dir/src/esp_lcd_common.c.obj
[920/1044] Building C object esp-idf/esp_driver_cam/CMakeFiles/__idf_esp_driver_cam.dir/esp_cam_ctlr.c.obj
[921/1044] Building CXX object esp-idf/wear_levelling/CMakeFiles/__idf_wear_levelling.dir/wear_levelling.cpp.obj
[939/1044] Linking C static library esp-idf/unity/libunity.a
[940/1044] Linking C static library esp-idf/console/libconsole.a
[934/1044] Linking C static library esp-idf/xtensa/libxtensa.a
[937/1044] Building C object esp-idf/esp_hid/CMakeFiles/__idf_esp_hid.dir/src/esp_hid_common.c.obj
[935/1044] Building C object esp-idf/esp_lcd/CMakeFiles/__idf_esp_lcd.dir/src/esp_lcd_panel_ops.c.obj
[936/1044] Building C object esp-idf/esp_lcd/CMakeFiles/__idf_esp_lcd.dir/src/esp_lcd_panel_io.c.obj
[938/1044] Building C object esp-idf/json/CMakeFiles/__idf_json.dir/cJSON/cJSON_Utils.c.obj
[937/1044] Building C object esp-idf/esp_eth/CMakeFiles/__idf_esp_eth.dir/src/esp_eth_netif_glue.c.obj
[939/1044] Building C object esp-idf/esp_lcd/CMakeFiles/__idf_esp_lcd.dir/src/esp_lcd_panel_io.c.obj
[922/1044] Linking C static library esp-idf/esp_security/libesp_security.a
[941/1044] Linking C static library esp-idf/esp_https_server/libesp_https_server.a
[940/1044] Building C object esp-idf/esp_eth/CMakeFiles/__idf_esp_eth.dir/src/esp_eth_netif_glue.c.obj
[3/4] Build ELF: ls.app.elf
[941/1044] Linking C static library esp-idf/console/libconsole.a
[923/1044] Building C object esp-idf/esp_driver_cam/CMakeFiles/__idf_esp_driver_cam.dir/dvp_share_ctrl.c.obj
[942/1044] Building C object esp-idf/protobuf-c/CMakeFiles/__idf_protobuf-c.dir/protobuf-c/protobuf-c/protobuf-c.c.obj
[938/1044] Building C object esp-idf/esp_hid/CMakeFiles/__idf_esp_hid.dir/src/esp_hid_common.c.obj
[942/1044] Linking C static library esp-idf/unity/libunity.a
-- Components: app_trace app_update bootloader bootloader_support bt cmock console cxx driver efuse esp-tls esp_adc esp_app_format esp_bootloader_format esp_coex esp_common esp_driver_ana_cmpr esp_driver_bitscrambler esp_driver_cam esp_driver_dac esp_driver_gpio esp_driver_gptimer esp_driver_i2c esp_driver_i2s esp_driver_i3c esp_driver_isp esp_driver_jpeg esp_driver_ledc esp_driver_mcpwm esp_driver_parlio esp_driver_pcnt esp_driver_ppa esp_driver_rmt esp_driver_sd_intf esp_driver_sdio esp_driver_sdm esp_driver_sdmmc esp_driver_sdspi esp_driver_spi esp_driver_touch_sens esp_driver_tsens esp_driver_twai esp_driver_uart esp_driver_usb_serial_jtag esp_eth esp_event esp_gdbstub esp_hid esp_http_client esp_http_server esp_https_ota esp_https_server esp_hw_support esp_lcd esp_local_ctrl esp_mm esp_netif esp_netif_stack esp_partition esp_phy esp_pm esp_psram esp_ringbuf esp_rom esp_security esp_system esp_timer esp_vfs_console esp_wifi espcoredump esptool_py fatfs freertos hal heap http_parser idf_test ieee802154 json log lwip main mbedtls mqtt newlib nvs_flash nvs_sec_provider openthread partition_table perfmon protobuf-c protocomm pthread rt sdmmc soc spi_flash spiffs tcp_transport touch_element ulp unity usb vfs wear_levelling wifi_provisioning wpa_supplicant xtensa
-- Component paths: /home/tikhon/Документы/magnolia/esp-idf/components/app_trace /home/tikhon/Документы/magnolia/esp-idf/components/app_update /home/tikhon/Документы/magnolia/esp-idf/components/bootloader /home/tikhon/Документы/magnolia/esp-idf/components/bootloader_support /home/tikhon/Документы/magnolia/esp-idf/components/bt /home/tikhon/Документы/magnolia/esp-idf/components/cmock /home/tikhon/Документы/magnolia/esp-idf/components/console /home/tikhon/Документы/magnolia/esp-idf/components/cxx /home/tikhon/Документы/magnolia/esp-idf/components/driver /home/tikhon/Документы/magnolia/esp-idf/components/efuse /home/tikhon/Документы/magnolia/esp-idf/components/esp-tls /home/tikhon/Документы/magnolia/esp-idf/components/esp_adc /home/tikhon/Документы/magnolia/esp-idf/components/esp_app_format /home/tikhon/Документы/magnolia/esp-idf/components/esp_bootloader_format /home/tikhon/Документы/magnolia/esp-idf/components/esp_coex /home/tikhon/Документы/magnolia/esp-idf/components/esp_common /home/tikhon/Документы/magnolia/esp-idf/components/esp_driver_ana_cmpr /home/tikhon/Документы/magnolia/esp-idf/components/esp_driver_bitscrambler /home/tikhon/Документы/magnolia/esp-idf/components/esp_driver_cam /home/tikhon/Документы/magnolia/esp-idf/components/esp_driver_dac /home/tikhon/Документы/magnolia/esp-idf/components/esp_driver_gpio /home/tikhon/Документы/magnolia/esp-idf/components/esp_driver_gptimer /home/tikhon/Документы/magnolia/esp-idf/components/esp_driver_i2c /home/tikhon/Документы/magnolia/esp-idf/components/esp_driver_i2s /home/tikhon/Документы/magnolia/esp-idf/components/esp_driver_i3c /home/tikhon/Документы/magnolia/esp-idf/components/esp_driver_isp /home/tikhon/Документы/magnolia/esp-idf/components/esp_driver_jpeg /home/tikhon/Документы/magnolia/esp-idf/components/esp_driver_ledc /home/tikhon/Документы/magnolia/esp-idf/components/esp_driver_mcpwm /home/tikhon/Документы/magnolia/esp-idf/components/esp_driver_parlio /home/tikhon/Документы/magnolia/esp-idf/components/esp_driver_pcnt /home/tikhon/Документы/magnolia/esp-idf/components/esp_driver_ppa /home/tikhon/Документы/magnolia/esp-idf/components/esp_driver_rmt /home/tikhon/Документы/magnolia/esp-idf/components/esp_driver_sd_intf /home/tikhon/Документы/magnolia/esp-idf/components/esp_driver_sdio /home/tikhon/Документы/magnolia/esp-idf/components/esp_driver_sdm /home/tikhon/Документы/magnolia/esp-idf/components/esp_driver_sdmmc /home/tikhon/Документы/magnolia/esp-idf/components/esp_driver_sdspi /home/tikhon/Документы/magnolia/esp-idf/components/esp_driver_spi /home/tikhon/Документы/magnolia/esp-idf/components/esp_driver_touch_sens /home/tikhon/Документы/magnolia/esp-idf/components/esp_driver_tsens /home/tikhon/Документы/magnolia/esp-idf/components/esp_driver_twai /home/tikhon/Документы/magnolia/esp-idf/components/esp_driver_uart /home/tikhon/Документы/magnolia/esp-idf/components/esp_driver_usb_serial_jtag /home/tikhon/Документы/magnolia/esp-idf/components/esp_eth /home/tikhon/Документы/magnolia/esp-idf/components/esp_event /home/tikhon/Документы/magnolia/esp-idf/components/esp_gdbstub /home/tikhon/Документы/magnolia/esp-idf/components/esp_hid /home/tikhon/Документы/magnolia/esp-idf/components/esp_http_client /home/tikhon/Документы/magnolia/esp-idf/components/esp_http_server /home/tikhon/Документы/magnolia/esp-idf/components/esp_https_ota /home/tikhon/Документы/magnolia/esp-idf/components/esp_https_server /home/tikhon/Документы/magnolia/esp-idf/components/esp_hw_support /home/tikhon/Документы/magnolia/esp-idf/components/esp_lcd /home/tikhon/Документы/magnolia/esp-idf/components/esp_local_ctrl /home/tikhon/Документы/magnolia/esp-idf/components/esp_mm /home/tikhon/Документы/magnolia/esp-idf/components/esp_netif /home/tikhon/Документы/magnolia/esp-idf/components/esp_netif_stack /home/tikhon/Документы/magnolia/esp-idf/components/esp_partition /home/tikhon/Документы/magnolia/esp-idf/components/esp_phy /home/tikhon/Документы/magnolia/esp-idf/components/esp_pm /home/tikhon/Документы/magnolia/esp-idf/components/esp_psram /home/tikhon/Документы/magnolia/esp-idf/components/esp_ringbuf /home/tikhon/Документы/magnolia/esp-idf/components/esp_rom /home/tikhon/Документы/magnolia/esp-idf/components/esp_security /home/tikhon/Документы/magnolia/esp-idf/components/esp_system /home/tikhon/Документы/magnolia/esp-idf/components/esp_timer /home/tikhon/Документы/magnolia/esp-idf/components/esp_vfs_console /home/tikhon/Документы/magnolia/esp-idf/components/esp_wifi /home/tikhon/Документы/magnolia/esp-idf/components/espcoredump /home/tikhon/Документы/magnolia/esp-idf/components/esptool_py /home/tikhon/Документы/magnolia/esp-idf/components/fatfs /home/tikhon/Документы/magnolia/esp-idf/components/freertos /home/tikhon/Документы/magnolia/esp-idf/components/hal /home/tikhon/Документы/magnolia/esp-idf/components/heap /home/tikhon/Документы/magnolia/esp-idf/components/http_parser /home/tikhon/Документы/magnolia/esp-idf/components/idf_test /home/tikhon/Документы/magnolia/esp-idf/components/ieee802154 /home/tikhon/Документы/magnolia/esp-idf/components/json /home/tikhon/Документы/magnolia/esp-idf/components/log /home/tikhon/Документы/magnolia/esp-idf/components/lwip /home/tikhon/Документы/magnolia/applets/mainline/medit/main /home/tikhon/Документы/magnolia/esp-idf/components/mbedtls /home/tikhon/Документы/magnolia/esp-idf/components/mqtt /home/tikhon/Документы/magnolia/esp-idf/components/newlib /home/tikhon/Документы/magnolia/esp-idf/components/nvs_flash /home/tikhon/Документы/magnolia/esp-idf/components/nvs_sec_provider /home/tikhon/Документы/magnolia/esp-idf/components/openthread /home/tikhon/Документы/magnolia/esp-idf/components/partition_table /home/tikhon/Документы/magnolia/esp-idf/components/perfmon /home/tikhon/Документы/magnolia/esp-idf/components/protobuf-c /home/tikhon/Документы/magnolia/esp-idf/components/protocomm /home/tikhon/Документы/magnolia/esp-idf/components/pthread /home/tikhon/Документы/magnolia/esp-idf/components/rt /home/tikhon/Документы/magnolia/esp-idf/components/sdmmc /home/tikhon/Документы/magnolia/esp-idf/components/soc /home/tikhon/Документы/magnolia/esp-idf/components/spi_flash /home/tikhon/Документы/magnolia/esp-idf/components/spiffs /home/tikhon/Документы/magnolia/esp-idf/components/tcp_transport /home/tikhon/Документы/magnolia/esp-idf/components/touch_element /home/tikhon/Документы/magnolia/esp-idf/components/ulp /home/tikhon/Документы/magnolia/esp-idf/components/unity /home/tikhon/Документы/magnolia/esp-idf/components/usb /home/tikhon/Документы/magnolia/esp-idf/components/vfs /home/tikhon/Документы/magnolia/esp-idf/components/wear_levelling /home/tikhon/Документы/magnolia/esp-idf/components/wifi_provisioning /home/tikhon/Документы/magnolia/esp-idf/components/wpa_supplicant /home/tikhon/Документы/magnolia/esp-idf/components/xtensa
[924/1044] Building C object esp-idf/unity/CMakeFiles/__idf_unity.dir/unity/src/unity.c.obj
[939/1044] Linking C static library esp-idf/esp_https_server/libesp_https_server.a
[943/1044] Building C object esp-idf/esp_lcd/CMakeFiles/__idf_esp_lcd.dir/src/esp_lcd_panel_ops.c.obj
[940/1044] Linking C static library esp-idf/unity/libunity.a
[943/1044] Linking C static library esp-idf/esp_https_server/libesp_https_server.a
[925/1044] Building C object esp-idf/protocomm/CMakeFiles/__idf_protocomm.dir/src/security/security2.c.obj
[941/1044] Building C object esp-idf/json/CMakeFiles/__idf_json.dir/cJSON/cJSON_Utils.c.obj
-- Configuring done (19.3s)
[944/1044] Linking C static library esp-idf/protobuf-c/libprotobuf-c.a
[926/1044] Linking C static library esp-idf/efuse/libefuse.a
[945/1044] Building C object esp-idf/esp_eth/CMakeFiles/__idf_esp_eth.dir/src/esp_eth.c.obj
[946/1044] Building C object esp-idf/esp_lcd/CMakeFiles/__idf_esp_lcd.dir/src/esp_lcd_panel_nt35510.c.obj
[942/1044] Linking C static library esp-idf/console/libconsole.a
[947/1044] Building C object esp-idf/esp_lcd/CMakeFiles/__idf_esp_lcd.dir/src/esp_lcd_panel_st7789.c.obj
[927/1044] Linking C static library esp-idf/esp_partition/libesp_partition.a
[928/1044] Building C object esp-idf/esp_driver_cam/CMakeFiles/__idf_esp_driver_cam.dir/dvp/src/esp_cam_ctlr_dvp_gdma.c.obj
[943/1044] Building C object esp-idf/esp_eth/CMakeFiles/__idf_esp_eth.dir/src/phy/esp_eth_phy_802_3.c.obj
[948/1044] Building C object esp-idf/esp_lcd/CMakeFiles/__idf_esp_lcd.dir/src/esp_lcd_panel_ssd1306.c.obj
[949/1044] Linking C static library esp-idf/protocomm/libprotocomm.a
[944/1044] Building C object esp-idf/esp_hid/CMakeFiles/__idf_esp_hid.dir/src/esp_hidh.c.obj
[944/1044] Building C object esp-idf/esp_lcd/CMakeFiles/__idf_esp_lcd.dir/i2c/esp_lcd_panel_io_i2c_v2.c.obj
[945/1044] Building C object esp-idf/esp_lcd/CMakeFiles/__idf_esp_lcd.dir/src/esp_lcd_panel_ssd1306.c.obj
[929/1044] Linking C static library esp-idf/app_update/libapp_update.a
[950/1044] Building C object esp-idf/espcoredump/CMakeFiles/__idf_espcoredump.dir/src/core_dump_init.c.obj
[951/1044] Building C object esp-idf/espcoredump/CMakeFiles/__idf_espcoredump.dir/src/core_dump_common.c.obj
[930/1044] Building C object esp-idf/esp_hid/CMakeFiles/__idf_esp_hid.dir/src/esp_hidd.c.obj
[945/1044] Building C object esp-idf/esp_lcd/CMakeFiles/__idf_esp_lcd.dir/src/esp_lcd_panel_ssd1306.c.obj
[952/1044] Building C object esp-idf/esp_hid/CMakeFiles/__idf_esp_hid.dir/src/esp_hidh.c.obj
[946/1044] Building C object esp-idf/esp_lcd/CMakeFiles/__idf_esp_lcd.dir/src/esp_lcd_panel_ops.c.obj
[947/1044] Building C object esp-idf/esp_hid/CMakeFiles/__idf_esp_hid.dir/src/esp_hidh.c.obj
[953/1044] Building C object esp-idf/espcoredump/CMakeFiles/__idf_espcoredump.dir/src/core_dump_flash.c.obj
[948/1044] Building C object esp-idf/esp_driver_touch_sens/CMakeFiles/__idf_esp_driver_touch_sens.dir/common/touch_sens_common.c.obj
[931/1044] Building C object esp-idf/esp_hid/CMakeFiles/__idf_esp_hid.dir/src/esp_hid_common.c.obj
[954/1044] Building CXX object esp-idf/wear_levelling/CMakeFiles/__idf_wear_levelling.dir/WL_Flash.cpp.obj
[946/1044] Building C object esp-idf/esp_driver_cam/CMakeFiles/__idf_esp_driver_cam.dir/dvp/src/esp_cam_ctlr_dvp_cam.c.obj
[955/1044] Building C object esp-idf/esp_driver_cam/CMakeFiles/__idf_esp_driver_cam.dir/dvp/src/esp_cam_ctlr_dvp_cam.c.obj
[932/1044] Linking C static library esp-idf/esp_bootloader_format/libesp_bootloader_format.a
[949/1044] Building C object esp-idf/esp_lcd/CMakeFiles/__idf_esp_lcd.dir/src/esp_lcd_panel_st7789.c.obj
[956/1044] Building C object esp-idf/espcoredump/CMakeFiles/__idf_espcoredump.dir/src/core_dump_uart.c.obj
[957/1044] Building C object esp-idf/esp_eth/CMakeFiles/__idf_esp_eth.dir/src/phy/esp_eth_phy_802_3.c.obj
[947/1044] Building C object esp-idf/esp_lcd/CMakeFiles/__idf_esp_lcd.dir/src/esp_lcd_panel_st7789.c.obj
[933/1044] Building C object esp-idf/json/CMakeFiles/__idf_json.dir/cJSON/cJSON_Utils.c.obj
[948/1044] Building C object esp-idf/esp_lcd/CMakeFiles/__idf_esp_lcd.dir/src/esp_lcd_panel_nt35510.c.obj
[934/1044] Building C object esp-idf/esp_lcd/CMakeFiles/__idf_esp_lcd.dir/src/esp_lcd_common.c.obj
[950/1044] Building C object esp-idf/espcoredump/CMakeFiles/__idf_espcoredump.dir/src/core_dump_init.c.obj
[958/1044] Building C object esp-idf/espcoredump/CMakeFiles/__idf_espcoredump.dir/src/core_dump_elf.c.obj
[949/1044] Building C object esp-idf/esp_driver_touch_sens/CMakeFiles/__idf_esp_driver_touch_sens.dir/common/touch_sens_common.c.obj
[959/1044] Building C object esp-idf/esp_driver_touch_sens/CMakeFiles/__idf_esp_driver_touch_sens.dir/common/touch_sens_common.c.obj
[951/1044] Building C object esp-idf/espcoredump/CMakeFiles/__idf_espcoredump.dir/src/core_dump_common.c.obj
[960/1044] Building C object esp-idf/esp_driver_touch_sens/CMakeFiles/__idf_esp_driver_touch_sens.dir/hw_ver2/touch_version_specific.c.obj
[952/1044] Building C object esp-idf/espcoredump/CMakeFiles/__idf_espcoredump.dir/src/core_dump_uart.c.obj
[935/1044] Linking C static library esp-idf/esp_app_format/libesp_app_format.a
[961/1044] Building C object esp-idf/espcoredump/CMakeFiles/__idf_espcoredump.dir/src/core_dump_sha.c.obj
[962/1044] Building C object esp-idf/espcoredump/CMakeFiles/__idf_espcoredump.dir/src/port/xtensa/core_dump_port.c.obj
[953/1044] Building C object esp-idf/esp_lcd/CMakeFiles/__idf_esp_lcd.dir/i2c/esp_lcd_panel_io_i2c_v1.c.obj
[936/1044] Building C object esp-idf/esp_eth/CMakeFiles/__idf_esp_eth.dir/src/esp_eth_netif_glue.c.obj
[950/1044] Building C object esp-idf/espcoredump/CMakeFiles/__idf_espcoredump.dir/src/core_dump_common.c.obj
[937/1044] Building C object esp-idf/esp_lcd/CMakeFiles/__idf_esp_lcd.dir/src/esp_lcd_panel_io.c.obj
[954/1044] Building C object esp-idf/espcoredump/CMakeFiles/__idf_espcoredump.dir/src/core_dump_flash.c.obj
[951/1044] Building CXX object esp-idf/wear_levelling/CMakeFiles/__idf_wear_levelling.dir/WL_Flash.cpp.obj
[955/1044] Building C object esp-idf/espcoredump/CMakeFiles/__idf_espcoredump.dir/src/core_dump_sha.c.obj
[963/1044] Linking C static library esp-idf/wear_levelling/libwear_levelling.a
[938/1044] Linking C static library esp-idf/xtensa/libxtensa.a
[956/1044] Building C object esp-idf/espcoredump/CMakeFiles/__idf_espcoredump.dir/src/core_dump_elf.c.obj
[952/1044] Building C object esp-idf/espcoredump/CMakeFiles/__idf_espcoredump.dir/src/core_dump_init.c.obj
[964/1044] Building C object esp-idf/esp_lcd/CMakeFiles/__idf_esp_lcd.dir/i2c/esp_lcd_panel_io_i2c_v2.c.obj
[957/1044] Building C object esp-idf/espcoredump/CMakeFiles/__idf_espcoredump.dir/src/port/xtensa/core_dump_port.c.obj
[953/1044] Building C object esp-idf/espcoredump/CMakeFiles/__idf_espcoredump.dir/src/core_dump_flash.c.obj
[965/1044] Building C object esp-idf/esp_local_ctrl/CMakeFiles/__idf_esp_local_ctrl.dir/proto-c/esp_local_ctrl.pb-c.c.obj
[966/1044] Building C object esp-idf/esp_lcd/CMakeFiles/__idf_esp_lcd.dir/i2c/esp_lcd_panel_io_i2c_v1.c.obj
[954/1044] Building C object esp-idf/espcoredump/CMakeFiles/__idf_espcoredump.dir/src/core_dump_uart.c.obj
[955/1044] Building C object esp-idf/esp_driver_touch_sens/CMakeFiles/__idf_esp_driver_touch_sens.dir/hw_ver2/touch_version_specific.c.obj
[956/1044] Building C object esp-idf/esp_lcd/CMakeFiles/__idf_esp_lcd.dir/i2c/esp_lcd_panel_io_i2c_v1.c.obj
[957/1044] Building C object esp-idf/protobuf-c/CMakeFiles/__idf_protobuf-c.dir/protobuf-c/protobuf-c/protobuf-c.c.obj
[958/1044] Building CXX object esp-idf/wear_levelling/CMakeFiles/__idf_wear_levelling.dir/WL_Flash.cpp.obj
[958/1044] Building C object esp-idf/espcoredump/CMakeFiles/__idf_espcoredump.dir/src/core_dump_elf.c.obj
[959/1044] Building C object esp-idf/protobuf-c/CMakeFiles/__idf_protobuf-c.dir/protobuf-c/protobuf-c/protobuf-c.c.obj
[960/1044] Building C object esp-idf/esp_driver_touch_sens/CMakeFiles/__idf_esp_driver_touch_sens.dir/hw_ver2/touch_version_specific.c.obj
[959/1044] Building C object esp-idf/espcoredump/CMakeFiles/__idf_espcoredump.dir/src/core_dump_sha.c.obj
[939/1044] Linking C static library esp-idf/console/libconsole.a
[961/1044] Building C object esp-idf/esp_local_ctrl/CMakeFiles/__idf_esp_local_ctrl.dir/src/esp_local_ctrl_handler.c.obj
[960/1044] Linking C static library esp-idf/protobuf-c/libprotobuf-c.a
[967/1044] Building C object esp-idf/esp_local_ctrl/CMakeFiles/__idf_esp_local_ctrl.dir/src/esp_local_ctrl_transport_httpd.c.obj
[961/1044] Linking C static library esp-idf/wear_levelling/libwear_levelling.a
[962/1044] Building C object esp-idf/json/CMakeFiles/__idf_json.dir/cJSON/cJSON.c.obj
[962/1044] Building C object esp-idf/espcoredump/CMakeFiles/__idf_espcoredump.dir/src/port/xtensa/core_dump_port.c.obj
[963/1044] Building C object esp-idf/esp_lcd/CMakeFiles/__idf_esp_lcd.dir/i2c/esp_lcd_panel_io_i2c_v2.c.obj
[940/1044] Building C object esp-idf/esp_driver_touch_sens/CMakeFiles/__idf_esp_driver_touch_sens.dir/hw_ver2/touch_version_specific.c.obj
[941/1044] Building C object esp-idf/protobuf-c/CMakeFiles/__idf_protobuf-c.dir/protobuf-c/protobuf-c/protobuf-c.c.obj
[963/1044] Building C object esp-idf/esp_local_ctrl/CMakeFiles/__idf_esp_local_ctrl.dir/src/esp_local_ctrl_transport_httpd.c.obj
[942/1044] Linking C static library esp-idf/unity/libunity.a
[964/1044] Linking C static library esp-idf/wear_levelling/libwear_levelling.a
[965/1044] Linking C static library esp-idf/protobuf-c/libprotobuf-c.a
[968/1044] Building C object esp-idf/fatfs/CMakeFiles/__idf_fatfs.dir/diskio/diskio_rawflash.c.obj
[966/1044] Building C object esp-idf/esp_local_ctrl/CMakeFiles/__idf_esp_local_ctrl.dir/proto-c/esp_local_ctrl.pb-c.c.obj
-- ESP-TEE is currently supported only on the esp32c6;esp32h2;esp32c5 SoCs
[943/1044] Building C object esp-idf/esp_lcd/CMakeFiles/__idf_esp_lcd.dir/src/esp_lcd_panel_ssd1306.c.obj
[964/1044] Building C object esp-idf/esp_eth/CMakeFiles/__idf_esp_eth.dir/src/esp_eth.c.obj
[965/1044] Linking C static library esp-idf/protocomm/libprotocomm.a
[969/1044] Building C object esp-idf/fatfs/CMakeFiles/__idf_fatfs.dir/src/ffunicode.c.obj
[967/1044] Building C object esp-idf/esp_eth/CMakeFiles/__idf_esp_eth.dir/src/esp_eth.c.obj
[970/1044] Building C object esp-idf/esp_local_ctrl/CMakeFiles/__idf_esp_local_ctrl.dir/src/esp_local_ctrl_handler.c.obj
[968/1044] Building C object esp-idf/esp_eth/CMakeFiles/__idf_esp_eth.dir/src/phy/esp_eth_phy_802_3.c.obj
[944/1044] Building C object esp-idf/esp_hid/CMakeFiles/__idf_esp_hid.dir/src/esp_hidh.c.obj
[945/1044] Linking C static library esp-idf/protobuf-c/libprotobuf-c.a
[946/1044] Linking C static library esp-idf/esp_https_server/libesp_https_server.a
[966/1044] Building C object esp-idf/fatfs/CMakeFiles/__idf_fatfs.dir/diskio/diskio_wl.c.obj
[971/1044] Building C object esp-idf/esp_local_ctrl/CMakeFiles/__idf_esp_local_ctrl.dir/src/esp_local_ctrl.c.obj
[969/1044] Building C object esp-idf/fatfs/CMakeFiles/__idf_fatfs.dir/diskio/diskio_wl.c.obj
[947/1044] Building C object esp-idf/esp_lcd/CMakeFiles/__idf_esp_lcd.dir/src/esp_lcd_panel_nt35510.c.obj
[948/1044] Building C object esp-idf/esp_driver_touch_sens/CMakeFiles/__idf_esp_driver_touch_sens.dir/common/touch_sens_common.c.obj
[970/1044] Linking C static library esp-idf/json/libjson.a
[971/1044] Building C object esp-idf/esp_local_ctrl/CMakeFiles/__idf_esp_local_ctrl.dir/src/esp_local_ctrl.c.obj
[967/1044] Building C object esp-idf/json/CMakeFiles/__idf_json.dir/cJSON/cJSON.c.obj
[949/1044] Building C object esp-idf/esp_lcd/CMakeFiles/__idf_esp_lcd.dir/i2c/esp_lcd_panel_io_i2c_v2.c.obj
[950/1044] Building C object esp-idf/esp_lcd/CMakeFiles/__idf_esp_lcd.dir/src/esp_lcd_panel_ops.c.obj
[972/1044] Building C object esp-idf/fatfs/CMakeFiles/__idf_fatfs.dir/diskio/diskio.c.obj
[973/1044] Building C object esp-idf/fatfs/CMakeFiles/__idf_fatfs.dir/src/ffunicode.c.obj
[968/1044] Building C object esp-idf/esp_local_ctrl/CMakeFiles/__idf_esp_local_ctrl.dir/src/esp_local_ctrl_transport_httpd.c.obj
[972/1044] Building C object esp-idf/fatfs/CMakeFiles/__idf_fatfs.dir/diskio/diskio.c.obj
[974/1044] Linking C static library esp-idf/protocomm/libprotocomm.a
Applet ls OK -> /home/tikhon/Документы/magnolia/rootfs/bin/ls
Building applet sh -> sh ...
+ idf.py elf
[951/1044] Building C object esp-idf/espcoredump/CMakeFiles/__idf_espcoredump.dir/src/core_dump_common.c.obj
[969/1044] Building C object esp-idf/esp_local_ctrl/CMakeFiles/__idf_esp_local_ctrl.dir/src/esp_local_ctrl_handler.c.obj
[973/1044] Building C object esp-idf/fatfs/CMakeFiles/__idf_fatfs.dir/port/freertos/ffsystem.c.obj
[952/1044] Building C object esp-idf/espcoredump/CMakeFiles/__idf_espcoredump.dir/src/core_dump_init.c.obj
[974/1044] Building C object esp-idf/json/CMakeFiles/__idf_json.dir/cJSON/cJSON.c.obj
[975/1044] Building C object esp-idf/fatfs/CMakeFiles/__idf_fatfs.dir/diskio/diskio_wl.c.obj
[975/1044] Building C object esp-idf/esp_lcd/CMakeFiles/__idf_esp_lcd.dir/spi/esp_lcd_panel_io_spi.c.obj
-- Minimal build - OFF
[970/1044] Building C object esp-idf/esp_local_ctrl/CMakeFiles/__idf_esp_local_ctrl.dir/src/esp_local_ctrl.c.obj
[953/1044] Building C object esp-idf/espcoredump/CMakeFiles/__idf_espcoredump.dir/src/core_dump_flash.c.obj
[976/1044] Building C object esp-idf/mqtt/CMakeFiles/__idf_mqtt.dir/esp-mqtt/lib/platform_esp32_idf.c.obj
[954/1044] Linking C static library esp-idf/protocomm/libprotocomm.a
[977/1044] Building C object esp-idf/esp_lcd/CMakeFiles/__idf_esp_lcd.dir/spi/esp_lcd_panel_io_spi.c.obj
[971/1044] Building C object esp-idf/esp_local_ctrl/CMakeFiles/__idf_esp_local_ctrl.dir/proto-c/esp_local_ctrl.pb-c.c.obj
[955/1044] Building C object esp-idf/espcoredump/CMakeFiles/__idf_espcoredump.dir/src/core_dump_uart.c.obj
[972/1044] Building C object esp-idf/fatfs/CMakeFiles/__idf_fatfs.dir/diskio/diskio.c.obj
[956/1044] Building C object esp-idf/esp_eth/CMakeFiles/__idf_esp_eth.dir/src/esp_eth.c.obj
[976/1044] Building C object esp-idf/fatfs/CMakeFiles/__idf_fatfs.dir/port/freertos/ffsystem.c.obj
[957/1044] Building C object esp-idf/esp_lcd/CMakeFiles/__idf_esp_lcd.dir/src/esp_lcd_panel_st7789.c.obj
[977/1044] Building C object esp-idf/perfmon/CMakeFiles/__idf_perfmon.dir/xtensa_perfmon_masks.c.obj
[973/1044] Building C object esp-idf/fatfs/CMakeFiles/__idf_fatfs.dir/port/freertos/ffsystem.c.obj
[978/1044] Linking C static library esp-idf/json/libjson.a
[974/1044] Building C object esp-idf/fatfs/CMakeFiles/__idf_fatfs.dir/diskio/diskio_sdmmc.c.obj
[958/1044] Building C object esp-idf/espcoredump/CMakeFiles/__idf_espcoredump.dir/src/core_dump_elf.c.obj
[975/1044] Linking C static library esp-idf/json/libjson.a
[979/1044] Building C object esp-idf/perfmon/CMakeFiles/__idf_perfmon.dir/xtensa_perfmon_masks.c.obj
[959/1044] Building C object esp-idf/espcoredump/CMakeFiles/__idf_espcoredump.dir/src/core_dump_sha.c.obj
[976/1044] Building C object esp-idf/esp_lcd/CMakeFiles/__idf_esp_lcd.dir/spi/esp_lcd_panel_io_spi.c.obj
[978/1044] Building C object esp-idf/mqtt/CMakeFiles/__idf_mqtt.dir/esp-mqtt/lib/mqtt_outbox.c.obj
[960/1044] Building C object esp-idf/espcoredump/CMakeFiles/__idf_espcoredump.dir/src/port/xtensa/core_dump_port.c.obj
[977/1044] Building C object esp-idf/fatfs/CMakeFiles/__idf_fatfs.dir/diskio/diskio_rawflash.c.obj
[979/1044] Building C object esp-idf/fatfs/CMakeFiles/__idf_fatfs.dir/diskio/diskio_rawflash.c.obj
[980/1044] Building C object esp-idf/perfmon/CMakeFiles/__idf_perfmon.dir/xtensa_perfmon_access.c.obj
[961/1044] Building C object esp-idf/esp_driver_cam/CMakeFiles/__idf_esp_driver_cam.dir/dvp/src/esp_cam_ctlr_dvp_cam.c.obj
[981/1044] Building C object esp-idf/fatfs/CMakeFiles/__idf_fatfs.dir/diskio/diskio_sdmmc.c.obj
-- Building ESP-IDF components for target esp32s3
[982/1044] Building C object esp-idf/nvs_sec_provider/CMakeFiles/__idf_nvs_sec_provider.dir/nvs_sec_provider.c.obj
[962/1044] Building C object esp-idf/esp_lcd/CMakeFiles/__idf_esp_lcd.dir/i2c/esp_lcd_panel_io_i2c_v1.c.obj
[983/1044] Building C object esp-idf/mqtt/CMakeFiles/__idf_mqtt.dir/esp-mqtt/lib/mqtt_msg.c.obj
[978/1044] Building C object esp-idf/fatfs/CMakeFiles/__idf_fatfs.dir/src/ffunicode.c.obj
[980/1044] Building C object esp-idf/fatfs/CMakeFiles/__idf_fatfs.dir/diskio/diskio_sdmmc.c.obj
[963/1044] Building CXX object esp-idf/wear_levelling/CMakeFiles/__idf_wear_levelling.dir/WL_Flash.cpp.obj
[981/1044] Building C object esp-idf/perfmon/CMakeFiles/__idf_perfmon.dir/xtensa_perfmon_apis.c.obj
[979/1044] Building C object esp-idf/perfmon/CMakeFiles/__idf_perfmon.dir/xtensa_perfmon_access.c.obj
[982/1044] Building C object esp-idf/perfmon/CMakeFiles/__idf_perfmon.dir/xtensa_perfmon_access.c.obj
[980/1044] Building C object esp-idf/perfmon/CMakeFiles/__idf_perfmon.dir/xtensa_perfmon_masks.c.obj
-- Minimal build - OFF
[984/1044] Building C object esp-idf/perfmon/CMakeFiles/__idf_perfmon.dir/xtensa_perfmon_apis.c.obj
[981/1044] Building C object esp-idf/mqtt/CMakeFiles/__idf_mqtt.dir/esp-mqtt/lib/mqtt_msg.c.obj
[964/1044] Linking C static library esp-idf/wear_levelling/libwear_levelling.a
-- Minimal build - OFF
[983/1044] Building C object esp-idf/spiffs/CMakeFiles/__idf_spiffs.dir/spiffs/src/spiffs_cache.c.obj
[985/1044] Building C object esp-idf/spiffs/CMakeFiles/__idf_spiffs.dir/spiffs/src/spiffs_cache.c.obj
[984/1044] Building C object esp-idf/spiffs/CMakeFiles/__idf_spiffs.dir/spiffs_api.c.obj
[985/1044] Building C object esp-idf/nvs_sec_provider/CMakeFiles/__idf_nvs_sec_provider.dir/nvs_sec_provider.c.obj
[986/1044] Building C object esp-idf/rt/CMakeFiles/__idf_rt.dir/FreeRTOS_POSIX_utils.c.obj
[965/1044] Building C object esp-idf/esp_lcd/CMakeFiles/__idf_esp_lcd.dir/spi/esp_lcd_panel_io_spi.c.obj
[982/1044] Building C object esp-idf/perfmon/CMakeFiles/__idf_perfmon.dir/xtensa_perfmon_apis.c.obj
[986/1044] Building C object esp-idf/mqtt/CMakeFiles/__idf_mqtt.dir/esp-mqtt/lib/mqtt_outbox.c.obj
-- The C compiler identification is GNU 15.1.0
[987/1044] Building C object esp-idf/mqtt/CMakeFiles/__idf_mqtt.dir/esp-mqtt/lib/platform_esp32_idf.c.obj
[983/1044] Building C object esp-idf/rt/CMakeFiles/__idf_rt.dir/FreeRTOS_POSIX_utils.c.obj
[966/1044] Building C object esp-idf/esp_local_ctrl/CMakeFiles/__idf_esp_local_ctrl.dir/src/esp_local_ctrl_transport_httpd.c.obj
[987/1044] Building C object esp-idf/rt/CMakeFiles/__idf_rt.dir/FreeRTOS_POSIX_utils.c.obj
[967/1044] Building C object esp-idf/esp_local_ctrl/CMakeFiles/__idf_esp_local_ctrl.dir/proto-c/esp_local_ctrl.pb-c.c.obj
[984/1044] Building C object esp-idf/fatfs/CMakeFiles/__idf_fatfs.dir/vfs/vfs_fat_sdmmc.c.obj
[968/1044] Building C object esp-idf/esp_eth/CMakeFiles/__idf_esp_eth.dir/src/phy/esp_eth_phy_802_3.c.obj
[985/1044] Building C object esp-idf/spiffs/CMakeFiles/__idf_spiffs.dir/spiffs/src/spiffs_cache.c.obj
-- Building ESP-IDF components for target esp32s3
[986/1044] Building C object esp-idf/esp_lcd/CMakeFiles/__idf_esp_lcd.dir/i80/esp_lcd_panel_io_i80.c.obj
[988/1044] Building C object esp-idf/fatfs/CMakeFiles/__idf_fatfs.dir/vfs/vfs_fat_spiflash.c.obj
[987/1044] Building C object esp-idf/mqtt/CMakeFiles/__idf_mqtt.dir/esp-mqtt/lib/platform_esp32_idf.c.obj
[989/1044] Building C object esp-idf/esp_lcd/CMakeFiles/__idf_esp_lcd.dir/i80/esp_lcd_panel_io_i80.c.obj
[969/1044] Building C object esp-idf/fatfs/CMakeFiles/__idf_fatfs.dir/port/freertos/ffsystem.c.obj
[970/1044] Building C object esp-idf/esp_local_ctrl/CMakeFiles/__idf_esp_local_ctrl.dir/src/esp_local_ctrl.c.obj
[988/1044] Building C object esp-idf/nvs_sec_provider/CMakeFiles/__idf_nvs_sec_provider.dir/nvs_sec_provider.c.obj
[971/1044] Building C object esp-idf/fatfs/CMakeFiles/__idf_fatfs.dir/src/ffunicode.c.obj
[972/1044] Building C object esp-idf/fatfs/CMakeFiles/__idf_fatfs.dir/diskio/diskio_wl.c.obj
[990/1044] Building C object esp-idf/spiffs/CMakeFiles/__idf_spiffs.dir/spiffs_api.c.obj
[973/1044] Building C object esp-idf/fatfs/CMakeFiles/__idf_fatfs.dir/diskio/diskio_sdmmc.c.obj
[989/1044] Building C object esp-idf/spiffs/CMakeFiles/__idf_spiffs.dir/spiffs_api.c.obj
[974/1044] Building C object esp-idf/fatfs/CMakeFiles/__idf_fatfs.dir/diskio/diskio_rawflash.c.obj
[975/1044] Building C object esp-idf/fatfs/CMakeFiles/__idf_fatfs.dir/diskio/diskio.c.obj
[988/1044] Building C object esp-idf/rt/CMakeFiles/__idf_rt.dir/FreeRTOS_POSIX_mqueue.c.obj
[976/1044] Building C object esp-idf/json/CMakeFiles/__idf_json.dir/cJSON/cJSON.c.obj
[977/1044] Building C object esp-idf/esp_local_ctrl/CMakeFiles/__idf_esp_local_ctrl.dir/src/esp_local_ctrl_handler.c.obj
[989/1044] Building C object esp-idf/fatfs/CMakeFiles/__idf_fatfs.dir/vfs/vfs_fat_spiflash.c.obj
[990/1044] Building C object esp-idf/fatfs/CMakeFiles/__idf_fatfs.dir/vfs/vfs_fat_sdmmc.c.obj
[978/1044] Linking C static library esp-idf/json/libjson.a
[990/1044] Building C object esp-idf/mqtt/CMakeFiles/__idf_mqtt.dir/esp-mqtt/lib/mqtt_outbox.c.obj
-- The CXX compiler identification is GNU 15.1.0
[991/1044] Building C object esp-idf/spiffs/CMakeFiles/__idf_spiffs.dir/spiffs/src/spiffs_gc.c.obj
[992/1044] Building C object esp-idf/fatfs/CMakeFiles/__idf_fatfs.dir/vfs/vfs_fat_sdmmc.c.obj
[991/1044] Building C object esp-idf/mqtt/CMakeFiles/__idf_mqtt.dir/esp-mqtt/lib/mqtt_msg.c.obj
[993/1044] Building C object esp-idf/rt/CMakeFiles/__idf_rt.dir/FreeRTOS_POSIX_mqueue.c.obj
[979/1044] Building C object esp-idf/esp_lcd/CMakeFiles/__idf_esp_lcd.dir/i80/esp_lcd_panel_io_i80.c.obj
[980/1044] Building C object esp-idf/perfmon/CMakeFiles/__idf_perfmon.dir/xtensa_perfmon_masks.c.obj
[994/1044] Building C object esp-idf/spiffs/CMakeFiles/__idf_spiffs.dir/spiffs/src/spiffs_check.c.obj
[981/1044] Building C object esp-idf/perfmon/CMakeFiles/__idf_perfmon.dir/xtensa_perfmon_access.c.obj
[991/1044] Building C object esp-idf/fatfs/CMakeFiles/__idf_fatfs.dir/vfs/vfs_fat_spiflash.c.obj
[992/1044] Building C object esp-idf/rt/CMakeFiles/__idf_rt.dir/FreeRTOS_POSIX_mqueue.c.obj
[992/1044] Building C object esp-idf/spiffs/CMakeFiles/__idf_spiffs.dir/spiffs/src/spiffs_gc.c.obj
-- The ASM compiler identification is GNU
-- Found assembler: /home/tikhon/.espressif/tools/xtensa-esp-elf/esp-15.1.0_20250607/xtensa-esp-elf/bin/xtensa-esp32s3-elf-gcc
[993/1044] Building C object esp-idf/spiffs/CMakeFiles/__idf_spiffs.dir/spiffs/src/spiffs_gc.c.obj
-- Minimal build - OFF
[982/1044] Building C object esp-idf/perfmon/CMakeFiles/__idf_perfmon.dir/xtensa_perfmon_apis.c.obj
[993/1044] Building C object esp-idf/esp_lcd/CMakeFiles/__idf_esp_lcd.dir/i80/esp_lcd_panel_io_i80.c.obj
[994/1044] Building C object esp-idf/fatfs/CMakeFiles/__idf_fatfs.dir/vfs/vfs_fat.c.obj
[983/1044] Building C object esp-idf/fatfs/CMakeFiles/__idf_fatfs.dir/vfs/vfs_fat_sdmmc.c.obj
-- Detecting C compiler ABI info
[984/1044] Building C object esp-idf/mqtt/CMakeFiles/__idf_mqtt.dir/esp-mqtt/lib/platform_esp32_idf.c.obj
[994/1044] Building C object esp-idf/usb/CMakeFiles/__idf_usb.dir/enum.c.obj
[995/1044] Building C object esp-idf/usb/CMakeFiles/__idf_usb.dir/usb_private.c.obj
[985/1044] Building C object esp-idf/nvs_sec_provider/CMakeFiles/__idf_nvs_sec_provider.dir/nvs_sec_provider.c.obj
[995/1044] Building C object esp-idf/usb/CMakeFiles/__idf_usb.dir/usb_private.c.obj
[996/1044] Building C object esp-idf/spiffs/CMakeFiles/__idf_spiffs.dir/spiffs/src/spiffs_hydrogen.c.obj
-- Minimal build - OFF
[997/1044] Building C object esp-idf/touch_element/CMakeFiles/__idf_touch_element.dir/touch_button.c.obj
[995/1044] Building C object esp-idf/usb/CMakeFiles/__idf_usb.dir/usb_private.c.obj
-- The C compiler identification is GNU 15.1.0
[986/1044] Building C object esp-idf/rt/CMakeFiles/__idf_rt.dir/FreeRTOS_POSIX_utils.c.obj
[998/1044] Building C object esp-idf/fatfs/CMakeFiles/__idf_fatfs.dir/vfs/vfs_fat.c.obj
[996/1044] Building C object esp-idf/spiffs/CMakeFiles/__idf_spiffs.dir/spiffs/src/spiffs_check.c.obj
[997/1044] Building C object esp-idf/touch_element/CMakeFiles/__idf_touch_element.dir/touch_element.c.obj
[987/1044] Building C object esp-idf/spiffs/CMakeFiles/__idf_spiffs.dir/spiffs_api.c.obj
[996/1044] Building C object esp-idf/usb/CMakeFiles/__idf_usb.dir/enum.c.obj
[998/1044] Building C object esp-idf/touch_element/CMakeFiles/__idf_touch_element.dir/touch_slider.c.obj
-- Building ESP-IDF components for target esp32s3
-- Detecting C compiler ABI info - done
[988/1044] Building C object esp-idf/rt/CMakeFiles/__idf_rt.dir/FreeRTOS_POSIX_mqueue.c.obj
[997/1044] Building C object esp-idf/spiffs/CMakeFiles/__idf_spiffs.dir/spiffs/src/spiffs_check.c.obj
-- Check for working C compiler: /home/tikhon/.espressif/tools/xtensa-esp-elf/esp-15.1.0_20250607/xtensa-esp-elf/bin/xtensa-esp32s3-elf-gcc - skipped
-- Detecting C compile features
-- Detecting C compile features - done
[998/1044] Building C object esp-idf/touch_element/CMakeFiles/__idf_touch_element.dir/touch_button.c.obj
-- Detecting CXX compiler ABI info
[999/1044] Building C object esp-idf/fatfs/CMakeFiles/__idf_fatfs.dir/vfs/vfs_fat.c.obj
[1000/1044] Building C object esp-idf/touch_element/CMakeFiles/__idf_touch_element.dir/touch_button.c.obj
-- The CXX compiler identification is GNU 15.1.0
[999/1044] Building C object esp-idf/wifi_provisioning/CMakeFiles/__idf_wifi_provisioning.dir/src/wifi_config.c.obj
[989/1044] Building C object esp-idf/spiffs/CMakeFiles/__idf_spiffs.dir/spiffs/src/spiffs_cache.c.obj
[990/1044] Building C object esp-idf/mqtt/CMakeFiles/__idf_mqtt.dir/esp-mqtt/lib/mqtt_outbox.c.obj
[1001/1044] Building C object esp-idf/usb/CMakeFiles/__idf_usb.dir/usb_helpers.c.obj
Executing action: reconfigure
Running cmake in directory /home/tikhon/Документы/magnolia/applets/mainline/rmdir/build
Executing "cmake -G Ninja -DPYTHON_DEPS_CHECKED=1 -DPYTHON=/home/tikhon/.espressif/python_env/idf6.0_py3.12_env/bin/python -DESP_PLATFORM=1 -DCCACHE_ENABLE=0 /home/tikhon/Документы/magnolia/applets/mainline/rmdir"...
-- Found Git: /usr/bin/git (found version "2.43.0") 
[991/1044] Building C object esp-idf/spiffs/CMakeFiles/__idf_spiffs.dir/spiffs/src/spiffs_hydrogen.c.obj
[992/1044] Building C object esp-idf/mqtt/CMakeFiles/__idf_mqtt.dir/esp-mqtt/lib/mqtt_msg.c.obj
[993/1044] Building C object esp-idf/fatfs/CMakeFiles/__idf_fatfs.dir/vfs/vfs_fat_spiflash.c.obj
[1002/1044] Building C object esp-idf/touch_element/CMakeFiles/__idf_touch_element.dir/touch_matrix.c.obj
-- The ASM compiler identification is GNU
-- Found assembler: /home/tikhon/.espressif/tools/xtensa-esp-elf/esp-15.1.0_20250607/xtensa-esp-elf/bin/xtensa-esp32s3-elf-gcc
[1003/1044] Building C object esp-idf/usb/CMakeFiles/__idf_usb.dir/hub.c.obj
[1004/1044] Building C object esp-idf/wifi_provisioning/CMakeFiles/__idf_wifi_provisioning.dir/src/wifi_config.c.obj
[999/1044] Building C object esp-idf/wifi_provisioning/CMakeFiles/__idf_wifi_provisioning.dir/src/wifi_ctrl.c.obj
[994/1044] Building C object esp-idf/usb/CMakeFiles/__idf_usb.dir/usb_private.c.obj
[1000/1044] Building C object esp-idf/wifi_provisioning/CMakeFiles/__idf_wifi_provisioning.dir/src/wifi_config.c.obj
[1001/1044] Building C object esp-idf/touch_element/CMakeFiles/__idf_touch_element.dir/touch_matrix.c.obj
[1000/1044] Building C object esp-idf/touch_element/CMakeFiles/__idf_touch_element.dir/touch_matrix.c.obj
-- Detecting C compiler ABI info
[1002/1044] Building C object esp-idf/usb/CMakeFiles/__idf_usb.dir/usb_helpers.c.obj
-- Detecting CXX compiler ABI info - done
[1005/1044] Building C object esp-idf/spiffs/CMakeFiles/__idf_spiffs.dir/esp_spiffs.c.obj
[995/1044] Building C object esp-idf/spiffs/CMakeFiles/__idf_spiffs.dir/spiffs/src/spiffs_gc.c.obj
[1006/1044] Building C object esp-idf/wifi_provisioning/CMakeFiles/__idf_wifi_provisioning.dir/src/wifi_ctrl.c.obj
[1007/1044] Building C object esp-idf/wifi_provisioning/CMakeFiles/__idf_wifi_provisioning.dir/proto-c/wifi_constants.pb-c.c.obj
[1001/1044] Building C object esp-idf/wifi_provisioning/CMakeFiles/__idf_wifi_provisioning.dir/src/wifi_ctrl.c.obj
[1003/1044] Building C object esp-idf/usb/CMakeFiles/__idf_usb.dir/enum.c.obj
-- Check for working CXX compiler: /home/tikhon/.espressif/tools/xtensa-esp-elf/esp-15.1.0_20250607/xtensa-esp-elf/bin/xtensa-esp32s3-elf-g++ - skipped
-- Detecting CXX compile features
-- Detecting CXX compile features - done
[1004/1044] Building C object esp-idf/touch_element/CMakeFiles/__idf_touch_element.dir/touch_slider.c.obj
[1002/1044] Building C object esp-idf/usb/CMakeFiles/__idf_usb.dir/hub.c.obj
[1005/1044] Building C object esp-idf/esp_lcd/CMakeFiles/__idf_esp_lcd.dir/rgb/esp_lcd_panel_rgb.c.obj
[1006/1044] Building C object esp-idf/usb/CMakeFiles/__idf_usb.dir/hub.c.obj
[1003/1044] Building C object esp-idf/usb/CMakeFiles/__idf_usb.dir/usbh.c.obj
[1008/1044] Linking C static library esp-idf/app_trace/libapp_trace.a
[1009/1044] Building C object esp-idf/wifi_provisioning/CMakeFiles/__idf_wifi_provisioning.dir/src/wifi_scan.c.obj
[1010/1044] Building C object esp-idf/esp_lcd/CMakeFiles/__idf_esp_lcd.dir/rgb/esp_lcd_panel_rgb.c.obj
[1011/1044] Building C object esp-idf/usb/CMakeFiles/__idf_usb.dir/usb_host.c.obj
[1012/1044] Linking C static library esp-idf/cmock/libcmock.a
[1007/1044] Building C object esp-idf/wifi_provisioning/CMakeFiles/__idf_wifi_provisioning.dir/proto-c/wifi_constants.pb-c.c.obj
[1013/1044] Building C object esp-idf/spiffs/CMakeFiles/__idf_spiffs.dir/spiffs/src/spiffs_hydrogen.c.obj
[1004/1044] Building C object esp-idf/usb/CMakeFiles/__idf_usb.dir/usb_helpers.c.obj
-- Building ESP-IDF components for target esp32s3
[1005/1044] Building C object esp-idf/touch_element/CMakeFiles/__idf_touch_element.dir/touch_slider.c.obj
[1008/1044] Linking C static library esp-idf/app_trace/libapp_trace.a
[1006/1044] Building C object esp-idf/spiffs/CMakeFiles/__idf_spiffs.dir/esp_spiffs.c.obj
[996/1044] Building C object esp-idf/spiffs/CMakeFiles/__idf_spiffs.dir/spiffs/src/spiffs_check.c.obj
[1014/1044] Linking C static library esp-idf/esp_local_ctrl/libesp_local_ctrl.a
[1009/1044] Building C object esp-idf/fatfs/CMakeFiles/__idf_fatfs.dir/src/ff.c.obj
[1015/1044] Linking C static library esp-idf/esp_driver_cam/libesp_driver_cam.a
[1010/1044] Building C object esp-idf/touch_element/CMakeFiles/__idf_touch_element.dir/touch_element.c.obj
[1011/1044] Building C object esp-idf/wifi_provisioning/CMakeFiles/__idf_wifi_provisioning.dir/src/wifi_scan.c.obj
[1012/1044] Building C object esp-idf/spiffs/CMakeFiles/__idf_spiffs.dir/esp_spiffs.c.obj
[1016/1044] Linking C static library esp-idf/esp_eth/libesp_eth.a
[1017/1044] Linking C static library esp-idf/esp_driver_touch_sens/libesp_driver_touch_sens.a
[1013/1044] Linking C static library esp-idf/cmock/libcmock.a
[997/1044] Building C object esp-idf/spiffs/CMakeFiles/__idf_spiffs.dir/esp_spiffs.c.obj
[1014/1044] Linking C static library esp-idf/esp_driver_cam/libesp_driver_cam.a
[1018/1044] Linking C static library esp-idf/esp_hid/libesp_hid.a
-- Detecting C compiler ABI info - done
[1007/1044] Linking C static library esp-idf/app_trace/libapp_trace.a
-- Check for working C compiler: /home/tikhon/.espressif/tools/xtensa-esp-elf/esp-15.1.0_20250607/xtensa-esp-elf/bin/xtensa-esp32s3-elf-gcc - skipped
-- Detecting C compile features
-- Detecting C compile features - done
[1008/1044] Building C object esp-idf/wifi_provisioning/CMakeFiles/__idf_wifi_provisioning.dir/src/wifi_scan.c.obj
[1019/1044] Building C object esp-idf/wifi_provisioning/CMakeFiles/__idf_wifi_provisioning.dir/proto-c/wifi_ctrl.pb-c.c.obj
[1015/1044] Linking C static library esp-idf/esp_hid/libesp_hid.a
[1009/1044] Building C object esp-idf/spiffs/CMakeFiles/__idf_spiffs.dir/spiffs/src/spiffs_hydrogen.c.obj
[1020/1044] Linking C static library esp-idf/esp_lcd/libesp_lcd.a
[998/1044] Building C object esp-idf/touch_element/CMakeFiles/__idf_touch_element.dir/touch_button.c.obj
[999/1044] Building C object esp-idf/fatfs/CMakeFiles/__idf_fatfs.dir/vfs/vfs_fat.c.obj
[1021/1044] Linking C static library esp-idf/perfmon/libperfmon.a
[1022/1044] Building C object esp-idf/wifi_provisioning/CMakeFiles/__idf_wifi_provisioning.dir/src/scheme_console.c.obj
[1023/1044] Building C object esp-idf/wifi_provisioning/CMakeFiles/__idf_wifi_provisioning.dir/proto-c/wifi_config.pb-c.c.obj
[1024/1044] Linking C static library esp-idf/nvs_sec_provider/libnvs_sec_provider.a
[1016/1044] Linking C static library esp-idf/esp_driver_touch_sens/libesp_driver_touch_sens.a
[1025/1044] Linking C static library esp-idf/espcoredump/libespcoredump.a
[1010/1044] Linking C static library esp-idf/cmock/libcmock.a
[1026/1044] Linking C static library esp-idf/rt/librt.a
-- Detecting CXX compiler ABI info
[1011/1044] Building C object esp-idf/esp_lcd/CMakeFiles/__idf_esp_lcd.dir/rgb/esp_lcd_panel_rgb.c.obj
[1000/1044] Building C object esp-idf/touch_element/CMakeFiles/__idf_touch_element.dir/touch_element.c.obj
[1017/1044] Building C object esp-idf/wifi_provisioning/CMakeFiles/__idf_wifi_provisioning.dir/src/scheme_console.c.obj
[1018/1044] Linking C static library esp-idf/esp_eth/libesp_eth.a
[1019/1044] Linking C static library esp-idf/esp_local_ctrl/libesp_local_ctrl.a
[1012/1044] Building C object esp-idf/wifi_provisioning/CMakeFiles/__idf_wifi_provisioning.dir/src/handlers.c.obj
[1020/1044] Linking C static library esp-idf/esp_lcd/libesp_lcd.a
[1013/1044] Building C object esp-idf/wifi_provisioning/CMakeFiles/__idf_wifi_provisioning.dir/src/scheme_console.c.obj
[1027/1044] Building C object esp-idf/wifi_provisioning/CMakeFiles/__idf_wifi_provisioning.dir/src/handlers.c.obj
[1014/1044] Building C object esp-idf/wifi_provisioning/CMakeFiles/__idf_wifi_provisioning.dir/proto-c/wifi_constants.pb-c.c.obj
[1028/1044] Linking C static library esp-idf/touch_element/libtouch_element.a
[1021/1044] Linking C static library esp-idf/espcoredump/libespcoredump.a
[1022/1044] Linking C static library esp-idf/fatfs/libfatfs.a
[1015/1044] Linking C static library esp-idf/esp_driver_cam/libesp_driver_cam.a
[1023/1044] Building C object esp-idf/wifi_provisioning/CMakeFiles/__idf_wifi_provisioning.dir/src/handlers.c.obj
[1001/1044] Building C object esp-idf/usb/CMakeFiles/__idf_usb.dir/usb_helpers.c.obj
[1016/1044] Linking C static library esp-idf/esp_driver_touch_sens/libesp_driver_touch_sens.a
[1017/1044] Linking C static library esp-idf/esp_hid/libesp_hid.a
[1024/1044] Building C object esp-idf/wifi_provisioning/CMakeFiles/__idf_wifi_provisioning.dir/proto-c/wifi_ctrl.pb-c.c.obj
[1018/1044] Linking C static library esp-idf/esp_eth/libesp_eth.a
[1025/1044] Linking C static library esp-idf/nvs_sec_provider/libnvs_sec_provider.a
[1026/1044] Linking C static library esp-idf/perfmon/libperfmon.a
[1027/1044] Linking C static library esp-idf/rt/librt.a
[1019/1044] Linking C static library esp-idf/espcoredump/libespcoredump.a
[1028/1044] Building C object esp-idf/spiffs/CMakeFiles/__idf_spiffs.dir/spiffs/src/spiffs_nucleus.c.obj
[1029/1044] Building C object esp-idf/wifi_provisioning/CMakeFiles/__idf_wifi_provisioning.dir/proto-c/wifi_config.pb-c.c.obj
[1029/1044] Building C object esp-idf/mqtt/CMakeFiles/__idf_mqtt.dir/esp-mqtt/mqtt_client.c.obj
[1020/1044] Linking C static library esp-idf/esp_lcd/libesp_lcd.a
[1002/1044] Building C object esp-idf/wifi_provisioning/CMakeFiles/__idf_wifi_provisioning.dir/src/wifi_config.c.obj
[1021/1044] Linking C static library esp-idf/nvs_sec_provider/libnvs_sec_provider.a
[1030/1044] Building C object esp-idf/main/CMakeFiles/__idf_main.dir/main.c.obj
[1022/1044] Linking C static library esp-idf/perfmon/libperfmon.a
[1031/1044] Building C object esp-idf/wifi_provisioning/CMakeFiles/__idf_wifi_provisioning.dir/src/scheme_softap.c.obj
[1003/1044] Building C object esp-idf/usb/CMakeFiles/__idf_usb.dir/hub.c.obj
[1032/1044] Building C object esp-idf/wifi_provisioning/CMakeFiles/__idf_wifi_provisioning.dir/proto-c/wifi_scan.pb-c.c.obj
[1004/1044] Building C object esp-idf/fatfs/CMakeFiles/__idf_fatfs.dir/src/ff.c.obj
[1023/1044] Building C object esp-idf/wifi_provisioning/CMakeFiles/__idf_wifi_provisioning.dir/proto-c/wifi_ctrl.pb-c.c.obj
[1024/1044] Linking C static library esp-idf/rt/librt.a
[1005/1044] Building C object esp-idf/wifi_provisioning/CMakeFiles/__idf_wifi_provisioning.dir/src/wifi_ctrl.c.obj
[1030/1044] Building C object esp-idf/wifi_provisioning/CMakeFiles/__idf_wifi_provisioning.dir/proto-c/wifi_scan.pb-c.c.obj
[1031/1044] Building C object esp-idf/usb/CMakeFiles/__idf_usb.dir/usb_host.c.obj
[1032/1044] Linking C static library esp-idf/touch_element/libtouch_element.a
[1025/1044] Linking C static library esp-idf/esp_local_ctrl/libesp_local_ctrl.a
[1006/1044] Building C object esp-idf/touch_element/CMakeFiles/__idf_touch_element.dir/touch_slider.c.obj
[1026/1044] Building C object esp-idf/wifi_provisioning/CMakeFiles/__idf_wifi_provisioning.dir/src/scheme_softap.c.obj
[1007/1044] Building C object esp-idf/touch_element/CMakeFiles/__idf_touch_element.dir/touch_matrix.c.obj
[1033/1044] Linking C static library esp-idf/spiffs/libspiffs.a
[1027/1044] Building C object esp-idf/wifi_provisioning/CMakeFiles/__idf_wifi_provisioning.dir/proto-c/wifi_scan.pb-c.c.obj
[1033/1044] Building C object esp-idf/fatfs/CMakeFiles/__idf_fatfs.dir/src/ff.c.obj
[1034/1044] Linking C static library esp-idf/mqtt/libmqtt.a
[1028/1044] Building C object esp-idf/wifi_provisioning/CMakeFiles/__idf_wifi_provisioning.dir/proto-c/wifi_config.pb-c.c.obj
[1008/1044] Building C object esp-idf/wifi_provisioning/CMakeFiles/__idf_wifi_provisioning.dir/src/scheme_console.c.obj
[1029/1044] Building C object esp-idf/fatfs/CMakeFiles/__idf_fatfs.dir/src/ff.c.obj
[1009/1044] Linking C static library esp-idf/app_trace/libapp_trace.a
[1010/1044] Linking C static library esp-idf/cmock/libcmock.a
[1011/1044] Building C object esp-idf/wifi_provisioning/CMakeFiles/__idf_wifi_provisioning.dir/proto-c/wifi_constants.pb-c.c.obj
-- Minimal build - OFF
[1012/1044] Building C object esp-idf/wifi_provisioning/CMakeFiles/__idf_wifi_provisioning.dir/src/wifi_scan.c.obj
[1034/1044] Building C object esp-idf/usb/CMakeFiles/__idf_usb.dir/usbh.c.obj
[1013/1044] Linking C static library esp-idf/esp_driver_touch_sens/libesp_driver_touch_sens.a
-- Detecting CXX compiler ABI info - done
[1014/1044] Building C object esp-idf/wifi_provisioning/CMakeFiles/__idf_wifi_provisioning.dir/proto-c/wifi_ctrl.pb-c.c.obj
[1035/1044] Building C object esp-idf/main/CMakeFiles/__idf_main.dir/main.c.obj
[1015/1044] Linking C static library esp-idf/esp_driver_cam/libesp_driver_cam.a
[1030/1044] Linking C static library esp-idf/fatfs/libfatfs.a
-- Check for working CXX compiler: /home/tikhon/.espressif/tools/xtensa-esp-elf/esp-15.1.0_20250607/xtensa-esp-elf/bin/xtensa-esp32s3-elf-g++ - skipped
[1035/1044] Linking C static library esp-idf/fatfs/libfatfs.a
[1016/1044] Linking C static library esp-idf/esp_eth/libesp_eth.a
-- Detecting CXX compile features
-- Detecting CXX compile features - done
[1017/1044] Linking C static library esp-idf/esp_hid/libesp_hid.a
[1018/1044] Linking C static library esp-idf/esp_local_ctrl/libesp_local_ctrl.a
[1019/1044] Linking C static library esp-idf/nvs_sec_provider/libnvs_sec_provider.a
[1036/1044] Building C object esp-idf/wifi_provisioning/CMakeFiles/__idf_wifi_provisioning.dir/src/scheme_softap.c.obj
[1020/1044] Building C object esp-idf/wifi_provisioning/CMakeFiles/__idf_wifi_provisioning.dir/proto-c/wifi_scan.pb-c.c.obj
[1021/1044] Linking C static library esp-idf/espcoredump/libespcoredump.a
[1022/1044] Building C object esp-idf/usb/CMakeFiles/__idf_usb.dir/enum.c.obj
[1031/1044] Building C object esp-idf/touch_element/CMakeFiles/__idf_touch_element.dir/touch_element.c.obj
[1036/1044] Building C object esp-idf/spiffs/CMakeFiles/__idf_spiffs.dir/spiffs/src/spiffs_nucleus.c.obj
-- Building ESP-IDF components for target esp32s3
[1037/1044] Building C object esp-idf/wifi_provisioning/CMakeFiles/__idf_wifi_provisioning.dir/src/manager.c.obj
[1023/1044] Building C object esp-idf/mqtt/CMakeFiles/__idf_mqtt.dir/esp-mqtt/mqtt_client.c.obj
[1024/1044] Linking C static library esp-idf/rt/librt.a
[1025/1044] Linking C static library esp-idf/fatfs/libfatfs.a
[1038/1044] Building C object esp-idf/usb/CMakeFiles/__idf_usb.dir/usbh.c.obj
[1037/1044] Building C object esp-idf/mqtt/CMakeFiles/__idf_mqtt.dir/esp-mqtt/mqtt_client.c.obj
[1032/1044] Building C object esp-idf/spiffs/CMakeFiles/__idf_spiffs.dir/spiffs/src/spiffs_nucleus.c.obj
[1026/1044] Linking C static library esp-idf/perfmon/libperfmon.a
-- Building ESP-IDF components for target esp32s3
[1033/1044] Building C object esp-idf/usb/CMakeFiles/__idf_usb.dir/usb_host.c.obj
Executing action: all (aliases: build)
[1027/1044] Linking C static library esp-idf/touch_element/libtouch_element.a
[1028/1044] Building C object esp-idf/wifi_provisioning/CMakeFiles/__idf_wifi_provisioning.dir/src/handlers.c.obj
[1034/1044] Linking C static library esp-idf/touch_element/libtouch_element.a
[1029/1044] Linking C static library esp-idf/mqtt/libmqtt.a
[1035/1044] Linking C static library esp-idf/spiffs/libspiffs.a
[1039/1044] Linking C static library esp-idf/spiffs/libspiffs.a
[1038/1044] Linking C static library esp-idf/mqtt/libmqtt.a
[1030/1044] Building C object esp-idf/esp_lcd/CMakeFiles/__idf_esp_lcd.dir/rgb/esp_lcd_panel_rgb.c.obj
[1040/1044] Linking C static library esp-idf/wifi_provisioning/libwifi_provisioning.a
[1039/1044] Building C object esp-idf/wifi_provisioning/CMakeFiles/__idf_wifi_provisioning.dir/src/manager.c.obj
[1031/1044] Building C object esp-idf/main/CMakeFiles/__idf_main.dir/main.c.obj
[1036/1044] Building C object esp-idf/main/CMakeFiles/__idf_main.dir/main.c.obj
[1040/1044] Linking C static library esp-idf/wifi_provisioning/libwifi_provisioning.a
[1037/1044] Building C object esp-idf/wifi_provisioning/CMakeFiles/__idf_wifi_provisioning.dir/src/manager.c.obj
[1032/1044] Building C object esp-idf/wifi_provisioning/CMakeFiles/__idf_wifi_provisioning.dir/proto-c/wifi_config.pb-c.c.obj
[1033/1044] Linking C static library esp-idf/esp_lcd/libesp_lcd.a
[1038/1044] Building C object esp-idf/mqtt/CMakeFiles/__idf_mqtt.dir/esp-mqtt/mqtt_client.c.obj
[1034/1044] Building C object esp-idf/wifi_provisioning/CMakeFiles/__idf_wifi_provisioning.dir/src/scheme_softap.c.obj
[1035/1044] Building C object esp-idf/spiffs/CMakeFiles/__idf_spiffs.dir/spiffs/src/spiffs_nucleus.c.obj
[1039/1044] Linking C static library esp-idf/wifi_provisioning/libwifi_provisioning.a
[1040/1044] Linking C static library esp-idf/mqtt/libmqtt.a
[1036/1044] Building C object esp-idf/usb/CMakeFiles/__idf_usb.dir/usb_host.c.obj
[1037/1044] Linking C static library esp-idf/spiffs/libspiffs.a
[1041/1044] Building C object esp-idf/usb/CMakeFiles/__idf_usb.dir/hcd_dwc.c.obj
NOTICE: Processing 1 dependencies:
[1038/1044] Building C object esp-idf/usb/CMakeFiles/__idf_usb.dir/usbh.c.obj
NOTICE: [1/1] idf (6.0.0)
NOTICE: Processing 1 dependencies:
NOTICE: [1/1] idf (6.0.0)
[1042/1044] Linking C static library esp-idf/usb/libusb.a
[1043/1044] Linking C static library esp-idf/main/libmain.a
NOTICE: Processing 1 dependencies:
NOTICE: [1/1] idf (6.0.0)
[1039/1044] Building C object esp-idf/usb/CMakeFiles/__idf_usb.dir/hcd_dwc.c.obj
Command failed (2): idf.py build
Skipping failed applet build: printenv
Building applet shell -> shell ...
+ idf.py elf
[1044/1044] Build ELF: comm.app.elf
[1041/1044] Building C object esp-idf/usb/CMakeFiles/__idf_usb.dir/hcd_dwc.c.obj
[1040/1044] Linking C static library esp-idf/usb/libusb.a
[1041/1044] Building C object esp-idf/usb/CMakeFiles/__idf_usb.dir/hcd_dwc.c.obj
[1042/1044] Linking C static library esp-idf/usb/libusb.a
[1041/1044] Building C object esp-idf/wifi_provisioning/CMakeFiles/__idf_wifi_provisioning.dir/src/manager.c.obj
[1042/1044] Linking C static library esp-idf/usb/libusb.a
[1043/1044] Linking C static library esp-idf/main/libmain.a
-- Generating done (2.5s)
[1043/1044] Linking C static library esp-idf/main/libmain.a
[1044/1044] Build ELF: cmp.app.elf
[1042/1044] Linking C static library esp-idf/wifi_provisioning/libwifi_provisioning.a
[1044/1044] Build ELF: basename.app.elf
-- Build files have been written to: /home/tikhon/Документы/magnolia/applets/mainline/medit/build
[1043/1044] Linking C static library esp-idf/main/libmain.a
[1044/1044] Build ELF: dirname.app.elf
NOTICE: Processing 1 dependencies:
NOTICE: [1/1] idf (6.0.0)
Applet comm OK -> /home/tikhon/Документы/magnolia/rootfs/bin/comm
Building applet sleep -> sleep ...
+ idf.py elf
-- ESP-TEE is currently supported only on the esp32c6;esp32h2;esp32c5 SoCs
-- ESP-TEE is currently supported only on the esp32c6;esp32h2;esp32c5 SoCs
-- ESP-TEE is currently supported only on the esp32c6;esp32h2;esp32c5 SoCs
Executing action: elf
NOTICE: Processing 1 dependencies:
NOTICE: [1/1] idf (6.0.0)
-- ESP-TEE is currently supported only on the esp32c6;esp32h2;esp32c5 SoCs
Applet basename OK -> /home/tikhon/Документы/magnolia/rootfs/bin/basename
Building applet sort -> sort ...
+ idf.py elf
Applet cmp OK -> /home/tikhon/Документы/magnolia/rootfs/bin/cmp
Building applet tail -> tail ...
Applet dirname OK -> /home/tikhon/Документы/magnolia/rootfs/bin/dirname
Building applet tee -> tee ...
+ idf.py elf
+ idf.py elf
-- ESP-TEE is currently supported only on the esp32c6;esp32h2;esp32c5 SoCs
-- Minimal build - OFF
[1/4] Building C object esp-idf/esp_app_format/CMakeFiles/__idf_esp_app_format.dir/esp_app_desc.c.obj
Command failed (2): idf.py elf
Elf target failed for rev; running `idf.py build` instead.
+ idf.py build
[2/4] Linking C static library esp-idf/esp_app_format/libesp_app_format.a
-- The C compiler identification is GNU 15.1.0
[3/4] Build ELF: medit.app.elf
-- ESP-TEE is currently supported only on the esp32c6;esp32h2;esp32c5 SoCs
-- The CXX compiler identification is GNU 15.1.0
-- Project sdkconfig file /home/tikhon/Документы/magnolia/applets/mainline/mkdir/sdkconfig
-- The ASM compiler identification is GNU
-- Found assembler: /home/tikhon/.espressif/tools/xtensa-esp-elf/esp-15.1.0_20250607/xtensa-esp-elf/bin/xtensa-esp32s3-elf-gcc
-- Detecting C compiler ABI info
Executing action: elf
Running ninja in directory /home/tikhon/Документы/magnolia/applets/mainline/sh/build
Executing "ninja elf"...
[0/1] Re-running CMake...
Applet medit OK -> /home/tikhon/Документы/magnolia/rootfs/bin/medit
Building applet test -> test ...
+ idf.py elf
-- Detecting C compiler ABI info - done
-- Check for working C compiler: /home/tikhon/.espressif/tools/xtensa-esp-elf/esp-15.1.0_20250607/xtensa-esp-elf/bin/xtensa-esp32s3-elf-gcc - skipped
-- Detecting C compile features
-- Detecting C compile features - done
-- Detecting CXX compiler ABI info
-- Detecting CXX compiler ABI info - done
-- Check for working CXX compiler: /home/tikhon/.espressif/tools/xtensa-esp-elf/esp-15.1.0_20250607/xtensa-esp-elf/bin/xtensa-esp32s3-elf-g++ - skipped
-- Detecting CXX compile features
-- Detecting CXX compile features - done
-- Building ESP-IDF components for target esp32s3
Executing action: elf
Running ninja in directory /home/tikhon/Документы/magnolia/applets/mainline/shell/build
Executing "ninja elf"...
[0/1] Re-running CMake...
Executing action: elf
Running ninja in directory /home/tikhon/Документы/magnolia/applets/mainline/sleep/build
Executing "ninja elf"...
[0/1] Re-running CMake...
NOTICE: Processing 1 dependencies:
NOTICE: [1/1] idf (6.0.0)
Executing action: all (aliases: build)
-- Project sdkconfig file /home/tikhon/Документы/magnolia/applets/mainline/pwd/sdkconfig
-- Project sdkconfig file /home/tikhon/Документы/magnolia/applets/mainline/ps/sdkconfig
-- Compiler supported targets: xtensa-esp-elf
-- Project sdkconfig file /home/tikhon/Документы/magnolia/applets/mainline/paste/sdkconfig
-- Project sdkconfig file /home/tikhon/Документы/magnolia/applets/mainline/mv/sdkconfig
Executing action: elf
Running ninja in directory /home/tikhon/Документы/magnolia/applets/mainline/tail/build
Executing "ninja elf"...
[0/1] Re-running CMake...
Executing action: elf
Running ninja in directory /home/tikhon/Документы/magnolia/applets/mainline/tee/build
Executing "ninja elf"...
[0/1] Re-running CMake...
Executing action: elf
Running ninja in directory /home/tikhon/Документы/magnolia/applets/mainline/sort/build
Executing "ninja elf"...
[0/1] Re-running CMake...
Command failed (2): idf.py build
Skipping failed applet build: rev
Building applet touch -> touch ...
+ idf.py elf
-- Project sdkconfig file /home/tikhon/Документы/magnolia/applets/mainline/printf/sdkconfig
-- ESP-TEE is currently supported only on the esp32c6;esp32h2;esp32c5 SoCs
-- Minimal build - OFF
-- App "mkdir" version: c092b7f-dirty
-- Building ESP-IDF components for target esp32s3
-- Project sdkconfig file /home/tikhon/Документы/magnolia/applets/mainline/rm/sdkconfig
Executing action: elf
Running ninja in directory /home/tikhon/Документы/magnolia/applets/mainline/test/build
Executing "ninja elf"...
[0/1] Re-running CMake...
-- USING O3
-- Adding linker script /home/tikhon/Документы/magnolia/applets/mainline/mkdir/build/esp-idf/esp_system/ld/memory.ld
-- Adding linker script /home/tikhon/Документы/magnolia/applets/mainline/mkdir/build/esp-idf/esp_system/ld/sections.ld.in
-- Adding linker script /home/tikhon/Документы/magnolia/esp-idf/components/esp_rom/esp32s3/ld/esp32s3.rom.ld
-- Adding linker script /home/tikhon/Документы/magnolia/esp-idf/components/esp_rom/esp32s3/ld/esp32s3.rom.api.ld
-- Adding linker script /home/tikhon/Документы/magnolia/esp-idf/components/esp_rom/esp32s3/ld/esp32s3.rom.bt_funcs.ld
-- Adding linker script /home/tikhon/Документы/magnolia/esp-idf/components/esp_rom/esp32s3/ld/esp32s3.rom.libgcc.ld
-- Adding linker script /home/tikhon/Документы/magnolia/esp-idf/components/esp_rom/esp32s3/ld/esp32s3.rom.wdt.ld
-- Adding linker script /home/tikhon/Документы/magnolia/esp-idf/components/esp_rom/esp32s3/ld/esp32s3.rom.version.ld
-- Adding linker script /home/tikhon/Документы/magnolia/esp-idf/components/esp_rom/esp32s3/ld/esp32s3.rom.ble_master.ld
-- Adding linker script /home/tikhon/Документы/magnolia/esp-idf/components/esp_rom/esp32s3/ld/esp32s3.rom.ble_50.ld
-- Adding linker script /home/tikhon/Документы/magnolia/esp-idf/components/esp_rom/esp32s3/ld/esp32s3.rom.ble_smp.ld
-- Adding linker script /home/tikhon/Документы/magnolia/esp-idf/components/esp_rom/esp32s3/ld/esp32s3.rom.ble_dtm.ld
-- Adding linker script /home/tikhon/Документы/magnolia/esp-idf/components/esp_rom/esp32s3/ld/esp32s3.rom.ble_test.ld
-- Adding linker script /home/tikhon/Документы/magnolia/esp-idf/components/esp_rom/esp32s3/ld/esp32s3.rom.ble_scan.ld
-- Adding linker script /home/tikhon/Документы/magnolia/esp-idf/components/esp_rom/esp32s3/ld/esp32s3.rom.libc.ld
-- Adding linker script /home/tikhon/Документы/magnolia/esp-idf/components/esp_rom/esp32s3/ld/esp32s3.rom.newlib.ld
-- Adding linker script /home/tikhon/Документы/magnolia/esp-idf/components/soc/esp32s3/ld/esp32s3.peripherals.ld
NOTICE: Processing 1 dependencies:
NOTICE: [1/1] idf (6.0.0)
-- Minimal build - OFF
-- Compiler supported targets: xtensa-esp-elf
-- Compiler supported targets: xtensa-esp-elf
-- Building ESP-IDF components for target esp32s3
-- Minimal build - OFF
-- Compiler supported targets: xtensa-esp-elf
-- Compiler supported targets: xtensa-esp-elf
-- Building ESP-IDF components for target esp32s3
-- Compiler supported targets: xtensa-esp-elf
-- ESP-TEE is currently supported only on the esp32c6;esp32h2;esp32c5 SoCs
-- App "pwd" version: c092b7f-dirty
-- Minimal build - OFF
-- App "ps" version: c092b7f-dirty
-- Minimal build - OFF
-- App "mv" version: c092b7f-dirty
-- Building ESP-IDF components for target esp32s3
-- App "paste" version: c092b7f-dirty
-- Building ESP-IDF components for target esp32s3
-- Minimal build - OFF
-- Compiler supported targets: xtensa-esp-elf
-- App "printf" version: c092b7f-dirty
NOTICE: Processing 1 dependencies:
NOTICE: [1/1] idf (6.0.0)
-- Building ESP-IDF components for target esp32s3
Executing action: elf
Running ninja in directory /home/tikhon/Документы/magnolia/applets/mainline/touch/build
Executing "ninja elf"...
[0/1] Re-running CMake...
-- USING O3
-- Adding linker script /home/tikhon/Документы/magnolia/applets/mainline/pwd/build/esp-idf/esp_system/ld/memory.ld
-- Adding linker script /home/tikhon/Документы/magnolia/applets/mainline/pwd/build/esp-idf/esp_system/ld/sections.ld.in
-- Adding linker script /home/tikhon/Документы/magnolia/esp-idf/components/esp_rom/esp32s3/ld/esp32s3.rom.ld
-- Adding linker script /home/tikhon/Документы/magnolia/esp-idf/components/esp_rom/esp32s3/ld/esp32s3.rom.api.ld
-- Adding linker script /home/tikhon/Документы/magnolia/esp-idf/components/esp_rom/esp32s3/ld/esp32s3.rom.bt_funcs.ld
-- Adding linker script /home/tikhon/Документы/magnolia/esp-idf/components/esp_rom/esp32s3/ld/esp32s3.rom.libgcc.ld
-- Adding linker script /home/tikhon/Документы/magnolia/esp-idf/components/esp_rom/esp32s3/ld/esp32s3.rom.wdt.ld
-- Adding linker script /home/tikhon/Документы/magnolia/esp-idf/components/esp_rom/esp32s3/ld/esp32s3.rom.version.ld
-- Adding linker script /home/tikhon/Документы/magnolia/esp-idf/components/esp_rom/esp32s3/ld/esp32s3.rom.ble_master.ld
-- Adding linker script /home/tikhon/Документы/magnolia/esp-idf/components/esp_rom/esp32s3/ld/esp32s3.rom.ble_50.ld
-- Adding linker script /home/tikhon/Документы/magnolia/esp-idf/components/esp_rom/esp32s3/ld/esp32s3.rom.ble_smp.ld
-- Adding linker script /home/tikhon/Документы/magnolia/esp-idf/components/esp_rom/esp32s3/ld/esp32s3.rom.ble_dtm.ld
-- Adding linker script /home/tikhon/Документы/magnolia/esp-idf/components/esp_rom/esp32s3/ld/esp32s3.rom.ble_test.ld
-- Adding linker script /home/tikhon/Документы/magnolia/esp-idf/components/esp_rom/esp32s3/ld/esp32s3.rom.ble_scan.ld
-- Found Python3: /home/tikhon/.espressif/python_env/idf6.0_py3.12_env/bin/python (found version "3.12.3") found components: Interpreter 
-- Adding linker script /home/tikhon/Документы/magnolia/esp-idf/components/esp_rom/esp32s3/ld/esp32s3.rom.libc.ld
-- Adding linker script /home/tikhon/Документы/magnolia/esp-idf/components/esp_rom/esp32s3/ld/esp32s3.rom.newlib.ld
-- App "rm" version: c092b7f-dirty
-- USING O3
-- Adding linker script /home/tikhon/Документы/magnolia/esp-idf/components/soc/esp32s3/ld/esp32s3.peripherals.ld
-- Found Python3: /home/tikhon/.espressif/python_env/idf6.0_py3.12_env/bin/python (found version "3.12.3") found components: Interpreter 
-- Adding linker script /home/tikhon/Документы/magnolia/applets/mainline/ps/build/esp-idf/esp_system/ld/memory.ld
-- Adding linker script /home/tikhon/Документы/magnolia/applets/mainline/ps/build/esp-idf/esp_system/ld/sections.ld.in
-- ESP-TEE is currently supported only on the esp32c6;esp32h2;esp32c5 SoCs
-- USING O3
-- Adding linker script /home/tikhon/Документы/magnolia/esp-idf/components/esp_rom/esp32s3/ld/esp32s3.rom.ld
-- Adding linker script /home/tikhon/Документы/magnolia/esp-idf/components/esp_rom/esp32s3/ld/esp32s3.rom.api.ld
-- Adding linker script /home/tikhon/Документы/magnolia/esp-idf/components/esp_rom/esp32s3/ld/esp32s3.rom.bt_funcs.ld
-- Adding linker script /home/tikhon/Документы/magnolia/esp-idf/components/esp_rom/esp32s3/ld/esp32s3.rom.libgcc.ld
-- Adding linker script /home/tikhon/Документы/magnolia/esp-idf/components/esp_rom/esp32s3/ld/esp32s3.rom.wdt.ld
-- Adding linker script /home/tikhon/Документы/magnolia/esp-idf/components/esp_rom/esp32s3/ld/esp32s3.rom.version.ld
-- Adding linker script /home/tikhon/Документы/magnolia/esp-idf/components/esp_rom/esp32s3/ld/esp32s3.rom.ble_master.ld
-- Adding linker script /home/tikhon/Документы/magnolia/esp-idf/components/esp_rom/esp32s3/ld/esp32s3.rom.ble_50.ld
-- Adding linker script /home/tikhon/Документы/magnolia/esp-idf/components/esp_rom/esp32s3/ld/esp32s3.rom.ble_smp.ld
-- Adding linker script /home/tikhon/Документы/magnolia/esp-idf/components/esp_rom/esp32s3/ld/esp32s3.rom.ble_dtm.ld
-- Adding linker script /home/tikhon/Документы/magnolia/esp-idf/components/esp_rom/esp32s3/ld/esp32s3.rom.ble_test.ld
-- Adding linker script /home/tikhon/Документы/magnolia/esp-idf/components/esp_rom/esp32s3/ld/esp32s3.rom.ble_scan.ld
-- Adding linker script /home/tikhon/Документы/magnolia/esp-idf/components/esp_rom/esp32s3/ld/esp32s3.rom.libc.ld
-- Adding linker script /home/tikhon/Документы/magnolia/esp-idf/components/esp_rom/esp32s3/ld/esp32s3.rom.newlib.ld
-- Performing Test CMAKE_HAVE_LIBC_PTHREAD
-- Adding linker script /home/tikhon/Документы/magnolia/esp-idf/components/soc/esp32s3/ld/esp32s3.peripherals.ld
-- Adding linker script /home/tikhon/Документы/magnolia/applets/mainline/mv/build/esp-idf/esp_system/ld/memory.ld
-- Adding linker script /home/tikhon/Документы/magnolia/applets/mainline/mv/build/esp-idf/esp_system/ld/sections.ld.in
-- Performing Test CMAKE_HAVE_LIBC_PTHREAD
-- Adding linker script /home/tikhon/Документы/magnolia/esp-idf/components/esp_rom/esp32s3/ld/esp32s3.rom.ld
-- Adding linker script /home/tikhon/Документы/magnolia/esp-idf/components/esp_rom/esp32s3/ld/esp32s3.rom.api.ld
-- Adding linker script /home/tikhon/Документы/magnolia/esp-idf/components/esp_rom/esp32s3/ld/esp32s3.rom.bt_funcs.ld
-- Adding linker script /home/tikhon/Документы/magnolia/esp-idf/components/esp_rom/esp32s3/ld/esp32s3.rom.libgcc.ld
-- Adding linker script /home/tikhon/Документы/magnolia/esp-idf/components/esp_rom/esp32s3/ld/esp32s3.rom.wdt.ld
-- Adding linker script /home/tikhon/Документы/magnolia/esp-idf/components/esp_rom/esp32s3/ld/esp32s3.rom.version.ld
-- Adding linker script /home/tikhon/Документы/magnolia/esp-idf/components/esp_rom/esp32s3/ld/esp32s3.rom.ble_master.ld
-- Adding linker script /home/tikhon/Документы/magnolia/esp-idf/components/esp_rom/esp32s3/ld/esp32s3.rom.ble_50.ld
-- Adding linker script /home/tikhon/Документы/magnolia/esp-idf/components/esp_rom/esp32s3/ld/esp32s3.rom.ble_smp.ld
-- Adding linker script /home/tikhon/Документы/magnolia/esp-idf/components/esp_rom/esp32s3/ld/esp32s3.rom.ble_dtm.ld
-- Adding linker script /home/tikhon/Документы/magnolia/esp-idf/components/esp_rom/esp32s3/ld/esp32s3.rom.ble_test.ld
-- Adding linker script /home/tikhon/Документы/magnolia/esp-idf/components/esp_rom/esp32s3/ld/esp32s3.rom.ble_scan.ld
-- Adding linker script /home/tikhon/Документы/magnolia/esp-idf/components/esp_rom/esp32s3/ld/esp32s3.rom.libc.ld
-- Adding linker script /home/tikhon/Документы/magnolia/esp-idf/components/esp_rom/esp32s3/ld/esp32s3.rom.newlib.ld
-- Adding linker script /home/tikhon/Документы/magnolia/esp-idf/components/soc/esp32s3/ld/esp32s3.peripherals.ld
-- Project sdkconfig file /home/tikhon/Документы/magnolia/applets/mainline/rmdir/sdkconfig
-- Performing Test CMAKE_HAVE_LIBC_PTHREAD - Success
-- Found Threads: TRUE  
NOTICE: Processing 1 dependencies:
NOTICE: [1/1] idf (6.0.0)
-- Performing Test C_COMPILER_SUPPORTS_WFORMAT_SIGNEDNESS
-- Minimal build - OFF
-- ESP-TEE is currently supported only on the esp32c6;esp32h2;esp32c5 SoCs
NOTICE: Processing 1 dependencies:
NOTICE: [1/1] idf (6.0.0)
-- Performing Test CMAKE_HAVE_LIBC_PTHREAD - Success
-- Found Threads: TRUE  
-- Performing Test C_COMPILER_SUPPORTS_WFORMAT_SIGNEDNESS
-- Components: app_trace app_update bootloader bootloader_support bt cmock console cxx driver efuse esp-tls esp_adc esp_app_format esp_bootloader_format esp_coex esp_common esp_driver_ana_cmpr esp_driver_bitscrambler esp_driver_cam esp_driver_dac esp_driver_gpio esp_driver_gptimer esp_driver_i2c esp_driver_i2s esp_driver_i3c esp_driver_isp esp_driver_jpeg esp_driver_ledc esp_driver_mcpwm esp_driver_parlio esp_driver_pcnt esp_driver_ppa esp_driver_rmt esp_driver_sd_intf esp_driver_sdio esp_driver_sdm esp_driver_sdmmc esp_driver_sdspi esp_driver_spi esp_driver_touch_sens esp_driver_tsens esp_driver_twai esp_driver_uart esp_driver_usb_serial_jtag esp_eth esp_event esp_gdbstub esp_hid esp_http_client esp_http_server esp_https_ota esp_https_server esp_hw_support esp_lcd esp_local_ctrl esp_mm esp_netif esp_netif_stack esp_partition esp_phy esp_pm esp_psram esp_ringbuf esp_rom esp_security esp_system esp_timer esp_vfs_console esp_wifi espcoredump esptool_py fatfs freertos hal heap http_parser idf_test ieee802154 json log lwip main mbedtls mqtt newlib nvs_flash nvs_sec_provider openthread partition_table perfmon protobuf-c protocomm pthread rt sdmmc soc spi_flash spiffs tcp_transport touch_element ulp unity usb vfs wear_levelling wifi_provisioning wpa_supplicant xtensa
-- Component paths: /home/tikhon/Документы/magnolia/esp-idf/components/app_trace /home/tikhon/Документы/magnolia/esp-idf/components/app_update /home/tikhon/Документы/magnolia/esp-idf/components/bootloader /home/tikhon/Документы/magnolia/esp-idf/components/bootloader_support /home/tikhon/Документы/magnolia/esp-idf/components/bt /home/tikhon/Документы/magnolia/esp-idf/components/cmock /home/tikhon/Документы/magnolia/esp-idf/components/console /home/tikhon/Документы/magnolia/esp-idf/components/cxx /home/tikhon/Документы/magnolia/esp-idf/components/driver /home/tikhon/Документы/magnolia/esp-idf/components/efuse /home/tikhon/Документы/magnolia/esp-idf/components/esp-tls /home/tikhon/Документы/magnolia/esp-idf/components/esp_adc /home/tikhon/Документы/magnolia/esp-idf/components/esp_app_format /home/tikhon/Документы/magnolia/esp-idf/components/esp_bootloader_format /home/tikhon/Документы/magnolia/esp-idf/components/esp_coex /home/tikhon/Документы/magnolia/esp-idf/components/esp_common /home/tikhon/Документы/magnolia/esp-idf/components/esp_driver_ana_cmpr /home/tikhon/Документы/magnolia/esp-idf/components/esp_driver_bitscrambler /home/tikhon/Документы/magnolia/esp-idf/components/esp_driver_cam /home/tikhon/Документы/magnolia/esp-idf/components/esp_driver_dac /home/tikhon/Документы/magnolia/esp-idf/components/esp_driver_gpio /home/tikhon/Документы/magnolia/esp-idf/components/esp_driver_gptimer /home/tikhon/Документы/magnolia/esp-idf/components/esp_driver_i2c /home/tikhon/Документы/magnolia/esp-idf/components/esp_driver_i2s /home/tikhon/Документы/magnolia/esp-idf/components/esp_driver_i3c /home/tikhon/Документы/magnolia/esp-idf/components/esp_driver_isp /home/tikhon/Документы/magnolia/esp-idf/components/esp_driver_jpeg /home/tikhon/Документы/magnolia/esp-idf/components/esp_driver_ledc /home/tikhon/Документы/magnolia/esp-idf/components/esp_driver_mcpwm /home/tikhon/Документы/magnolia/esp-idf/components/esp_driver_parlio /home/tikhon/Документы/magnolia/esp-idf/components/esp_driver_pcnt /home/tikhon/Документы/magnolia/esp-idf/components/esp_driver_ppa /home/tikhon/Документы/magnolia/esp-idf/components/esp_driver_rmt /home/tikhon/Документы/magnolia/esp-idf/components/esp_driver_sd_intf /home/tikhon/Документы/magnolia/esp-idf/components/esp_driver_sdio /home/tikhon/Документы/magnolia/esp-idf/components/esp_driver_sdm /home/tikhon/Документы/magnolia/esp-idf/components/esp_driver_sdmmc /home/tikhon/Документы/magnolia/esp-idf/components/esp_driver_sdspi /home/tikhon/Документы/magnolia/esp-idf/components/esp_driver_spi /home/tikhon/Документы/magnolia/esp-idf/components/esp_driver_touch_sens /home/tikhon/Документы/magnolia/esp-idf/components/esp_driver_tsens /home/tikhon/Документы/magnolia/esp-idf/components/esp_driver_twai /home/tikhon/Документы/magnolia/esp-idf/components/esp_driver_uart /home/tikhon/Документы/magnolia/esp-idf/components/esp_driver_usb_serial_jtag /home/tikhon/Документы/magnolia/esp-idf/components/esp_eth /home/tikhon/Документы/magnolia/esp-idf/components/esp_event /home/tikhon/Документы/magnolia/esp-idf/components/esp_gdbstub /home/tikhon/Документы/magnolia/esp-idf/components/esp_hid /home/tikhon/Документы/magnolia/esp-idf/components/esp_http_client /home/tikhon/Документы/magnolia/esp-idf/components/esp_http_server /home/tikhon/Документы/magnolia/esp-idf/components/esp_https_ota /home/tikhon/Документы/magnolia/esp-idf/components/esp_https_server /home/tikhon/Документы/magnolia/esp-idf/components/esp_hw_support /home/tikhon/Документы/magnolia/esp-idf/components/esp_lcd /home/tikhon/Документы/magnolia/esp-idf/components/esp_local_ctrl /home/tikhon/Документы/magnolia/esp-idf/components/esp_mm /home/tikhon/Документы/magnolia/esp-idf/components/esp_netif /home/tikhon/Документы/magnolia/esp-idf/components/esp_netif_stack /home/tikhon/Документы/magnolia/esp-idf/components/esp_partition /home/tikhon/Документы/magnolia/esp-idf/components/esp_phy /home/tikhon/Документы/magnolia/esp-idf/components/esp_pm /home/tikhon/Документы/magnolia/esp-idf/components/esp_psram /home/tikhon/Документы/magnolia/esp-idf/components/esp_ringbuf /home/tikhon/Документы/magnolia/esp-idf/components/esp_rom /home/tikhon/Документы/magnolia/esp-idf/components/esp_security /home/tikhon/Документы/magnolia/esp-idf/components/esp_system /home/tikhon/Документы/magnolia/esp-idf/components/esp_timer /home/tikhon/Документы/magnolia/esp-idf/components/esp_vfs_console /home/tikhon/Документы/magnolia/esp-idf/components/esp_wifi /home/tikhon/Документы/magnolia/esp-idf/components/espcoredump /home/tikhon/Документы/magnolia/esp-idf/components/esptool_py /home/tikhon/Документы/magnolia/esp-idf/components/fatfs /home/tikhon/Документы/magnolia/esp-idf/components/freertos /home/tikhon/Документы/magnolia/esp-idf/components/hal /home/tikhon/Документы/magnolia/esp-idf/components/heap /home/tikhon/Документы/magnolia/esp-idf/components/http_parser /home/tikhon/Документы/magnolia/esp-idf/components/idf_test /home/tikhon/Документы/magnolia/esp-idf/components/ieee802154 /home/tikhon/Документы/magnolia/esp-idf/components/json /home/tikhon/Документы/magnolia/esp-idf/components/log /home/tikhon/Документы/magnolia/esp-idf/components/lwip /home/tikhon/Документы/magnolia/applets/mainline/mkdir/main /home/tikhon/Документы/magnolia/esp-idf/components/mbedtls /home/tikhon/Документы/magnolia/esp-idf/components/mqtt /home/tikhon/Документы/magnolia/esp-idf/components/newlib /home/tikhon/Документы/magnolia/esp-idf/components/nvs_flash /home/tikhon/Документы/magnolia/esp-idf/components/nvs_sec_provider /home/tikhon/Документы/magnolia/esp-idf/components/openthread /home/tikhon/Документы/magnolia/esp-idf/components/partition_table /home/tikhon/Документы/magnolia/esp-idf/components/perfmon /home/tikhon/Документы/magnolia/esp-idf/components/protobuf-c /home/tikhon/Документы/magnolia/esp-idf/components/protocomm /home/tikhon/Документы/magnolia/esp-idf/components/pthread /home/tikhon/Документы/magnolia/esp-idf/components/rt /home/tikhon/Документы/magnolia/esp-idf/components/sdmmc /home/tikhon/Документы/magnolia/esp-idf/components/soc /home/tikhon/Документы/magnolia/esp-idf/components/spi_flash /home/tikhon/Документы/magnolia/esp-idf/components/spiffs /home/tikhon/Документы/magnolia/esp-idf/components/tcp_transport /home/tikhon/Документы/magnolia/esp-idf/components/touch_element /home/tikhon/Документы/magnolia/esp-idf/components/ulp /home/tikhon/Документы/magnolia/esp-idf/components/unity /home/tikhon/Документы/magnolia/esp-idf/components/usb /home/tikhon/Документы/magnolia/esp-idf/components/vfs /home/tikhon/Документы/magnolia/esp-idf/components/wear_levelling /home/tikhon/Документы/magnolia/esp-idf/components/wifi_provisioning /home/tikhon/Документы/magnolia/esp-idf/components/wpa_supplicant /home/tikhon/Документы/magnolia/esp-idf/components/xtensa
-- Configuring done (9.7s)
-- Building ESP-IDF components for target esp32s3
NOTICE: Processing 1 dependencies:
NOTICE: [1/1] idf (6.0.0)
-- Performing Test C_COMPILER_SUPPORTS_WFORMAT_SIGNEDNESS - Success
-- USING O3
-- Performing Test C_COMPILER_SUPPORTS_WFORMAT_SIGNEDNESS - Success
-- USING O3
-- Adding linker script /home/tikhon/Документы/magnolia/applets/mainline/paste/build/esp-idf/esp_system/ld/memory.ld
-- Adding linker script /home/tikhon/Документы/magnolia/applets/mainline/paste/build/esp-idf/esp_system/ld/sections.ld.in
-- Adding linker script /home/tikhon/Документы/magnolia/esp-idf/components/esp_rom/esp32s3/ld/esp32s3.rom.ld
-- Adding linker script /home/tikhon/Документы/magnolia/esp-idf/components/esp_rom/esp32s3/ld/esp32s3.rom.api.ld
-- Adding linker script /home/tikhon/Документы/magnolia/esp-idf/components/esp_rom/esp32s3/ld/esp32s3.rom.bt_funcs.ld
-- Adding linker script /home/tikhon/Документы/magnolia/esp-idf/components/esp_rom/esp32s3/ld/esp32s3.rom.libgcc.ld
-- Adding linker script /home/tikhon/Документы/magnolia/esp-idf/components/esp_rom/esp32s3/ld/esp32s3.rom.wdt.ld
-- Adding linker script /home/tikhon/Документы/magnolia/esp-idf/components/esp_rom/esp32s3/ld/esp32s3.rom.version.ld
-- Adding linker script /home/tikhon/Документы/magnolia/esp-idf/components/esp_rom/esp32s3/ld/esp32s3.rom.ble_master.ld
-- Adding linker script /home/tikhon/Документы/magnolia/esp-idf/components/esp_rom/esp32s3/ld/esp32s3.rom.ble_50.ld
-- Adding linker script /home/tikhon/Документы/magnolia/esp-idf/components/esp_rom/esp32s3/ld/esp32s3.rom.ble_smp.ld
-- Adding linker script /home/tikhon/Документы/magnolia/esp-idf/components/esp_rom/esp32s3/ld/esp32s3.rom.ble_dtm.ld
-- Adding linker script /home/tikhon/Документы/magnolia/esp-idf/components/esp_rom/esp32s3/ld/esp32s3.rom.ble_test.ld
-- Adding linker script /home/tikhon/Документы/magnolia/esp-idf/components/esp_rom/esp32s3/ld/esp32s3.rom.ble_scan.ld
-- Adding linker script /home/tikhon/Документы/magnolia/esp-idf/components/esp_rom/esp32s3/ld/esp32s3.rom.libc.ld
-- Adding linker script /home/tikhon/Документы/magnolia/esp-idf/components/esp_rom/esp32s3/ld/esp32s3.rom.newlib.ld
-- Adding linker script /home/tikhon/Документы/magnolia/esp-idf/components/soc/esp32s3/ld/esp32s3.peripherals.ld
-- Adding linker script /home/tikhon/Документы/magnolia/applets/mainline/printf/build/esp-idf/esp_system/ld/memory.ld
-- Adding linker script /home/tikhon/Документы/magnolia/applets/mainline/printf/build/esp-idf/esp_system/ld/sections.ld.in
-- USING O3
-- Adding linker script /home/tikhon/Документы/magnolia/esp-idf/components/esp_rom/esp32s3/ld/esp32s3.rom.ld
-- Adding linker script /home/tikhon/Документы/magnolia/esp-idf/components/esp_rom/esp32s3/ld/esp32s3.rom.api.ld
-- Adding linker script /home/tikhon/Документы/magnolia/esp-idf/components/esp_rom/esp32s3/ld/esp32s3.rom.bt_funcs.ld
-- Adding linker script /home/tikhon/Документы/magnolia/esp-idf/components/esp_rom/esp32s3/ld/esp32s3.rom.libgcc.ld
-- Adding linker script /home/tikhon/Документы/magnolia/esp-idf/components/esp_rom/esp32s3/ld/esp32s3.rom.wdt.ld
-- Adding linker script /home/tikhon/Документы/magnolia/esp-idf/components/esp_rom/esp32s3/ld/esp32s3.rom.version.ld
-- Adding linker script /home/tikhon/Документы/magnolia/esp-idf/components/esp_rom/esp32s3/ld/esp32s3.rom.ble_master.ld
-- Adding linker script /home/tikhon/Документы/magnolia/esp-idf/components/esp_rom/esp32s3/ld/esp32s3.rom.ble_50.ld
-- Adding linker script /home/tikhon/Документы/magnolia/esp-idf/components/esp_rom/esp32s3/ld/esp32s3.rom.ble_smp.ld
-- Adding linker script /home/tikhon/Документы/magnolia/esp-idf/components/esp_rom/esp32s3/ld/esp32s3.rom.ble_dtm.ld
-- Adding linker script /home/tikhon/Документы/magnolia/esp-idf/components/esp_rom/esp32s3/ld/esp32s3.rom.ble_test.ld
-- Adding linker script /home/tikhon/Документы/magnolia/esp-idf/components/esp_rom/esp32s3/ld/esp32s3.rom.ble_scan.ld
-- Adding linker script /home/tikhon/Документы/magnolia/esp-idf/components/esp_rom/esp32s3/ld/esp32s3.rom.libc.ld
-- Adding linker script /home/tikhon/Документы/magnolia/esp-idf/components/esp_rom/esp32s3/ld/esp32s3.rom.newlib.ld
-- Adding linker script /home/tikhon/Документы/magnolia/esp-idf/components/soc/esp32s3/ld/esp32s3.peripherals.ld
-- ESP-TEE is currently supported only on the esp32c6;esp32h2;esp32c5 SoCs
-- Adding linker script /home/tikhon/Документы/magnolia/applets/mainline/rm/build/esp-idf/esp_system/ld/memory.ld
-- Adding linker script /home/tikhon/Документы/magnolia/applets/mainline/rm/build/esp-idf/esp_system/ld/sections.ld.in
-- ESP-TEE is currently supported only on the esp32c6;esp32h2;esp32c5 SoCs
-- Adding linker script /home/tikhon/Документы/magnolia/esp-idf/components/esp_rom/esp32s3/ld/esp32s3.rom.ld
-- Adding linker script /home/tikhon/Документы/magnolia/esp-idf/components/esp_rom/esp32s3/ld/esp32s3.rom.api.ld
-- Adding linker script /home/tikhon/Документы/magnolia/esp-idf/components/esp_rom/esp32s3/ld/esp32s3.rom.bt_funcs.ld
-- Adding linker script /home/tikhon/Документы/magnolia/esp-idf/components/esp_rom/esp32s3/ld/esp32s3.rom.libgcc.ld
-- Adding linker script /home/tikhon/Документы/magnolia/esp-idf/components/esp_rom/esp32s3/ld/esp32s3.rom.wdt.ld
-- Adding linker script /home/tikhon/Документы/magnolia/esp-idf/components/esp_rom/esp32s3/ld/esp32s3.rom.version.ld
-- Adding linker script /home/tikhon/Документы/magnolia/esp-idf/components/esp_rom/esp32s3/ld/esp32s3.rom.ble_master.ld
-- Adding linker script /home/tikhon/Документы/magnolia/esp-idf/components/esp_rom/esp32s3/ld/esp32s3.rom.ble_50.ld
-- Adding linker script /home/tikhon/Документы/magnolia/esp-idf/components/esp_rom/esp32s3/ld/esp32s3.rom.ble_smp.ld
-- Adding linker script /home/tikhon/Документы/magnolia/esp-idf/components/esp_rom/esp32s3/ld/esp32s3.rom.ble_dtm.ld
-- Adding linker script /home/tikhon/Документы/magnolia/esp-idf/components/esp_rom/esp32s3/ld/esp32s3.rom.ble_test.ld
-- Adding linker script /home/tikhon/Документы/magnolia/esp-idf/components/esp_rom/esp32s3/ld/esp32s3.rom.ble_scan.ld
-- Adding linker script /home/tikhon/Документы/magnolia/esp-idf/components/esp_rom/esp32s3/ld/esp32s3.rom.libc.ld
-- Adding linker script /home/tikhon/Документы/magnolia/esp-idf/components/esp_rom/esp32s3/ld/esp32s3.rom.newlib.ld
-- Adding linker script /home/tikhon/Документы/magnolia/esp-idf/components/soc/esp32s3/ld/esp32s3.peripherals.ld
-- ESP-TEE is currently supported only on the esp32c6;esp32h2;esp32c5 SoCs
NOTICE: Processing 1 dependencies:
NOTICE: [1/1] idf (6.0.0)
-- Project sdkconfig file /home/tikhon/Документы/magnolia/applets/mainline/sh/sdkconfig
-- Compiler supported targets: xtensa-esp-elf
-- Minimal build - OFF
-- Components: app_trace app_update bootloader bootloader_support bt cmock console cxx driver efuse esp-tls esp_adc esp_app_format esp_bootloader_format esp_coex esp_common esp_driver_ana_cmpr esp_driver_bitscrambler esp_driver_cam esp_driver_dac esp_driver_gpio esp_driver_gptimer esp_driver_i2c esp_driver_i2s esp_driver_i3c esp_driver_isp esp_driver_jpeg esp_driver_ledc esp_driver_mcpwm esp_driver_parlio esp_driver_pcnt esp_driver_ppa esp_driver_rmt esp_driver_sd_intf esp_driver_sdio esp_driver_sdm esp_driver_sdmmc esp_driver_sdspi esp_driver_spi esp_driver_touch_sens esp_driver_tsens esp_driver_twai esp_driver_uart esp_driver_usb_serial_jtag esp_eth esp_event esp_gdbstub esp_hid esp_http_client esp_http_server esp_https_ota esp_https_server esp_hw_support esp_lcd esp_local_ctrl esp_mm esp_netif esp_netif_stack esp_partition esp_phy esp_pm esp_psram esp_ringbuf esp_rom esp_security esp_system esp_timer esp_vfs_console esp_wifi espcoredump esptool_py fatfs freertos hal heap http_parser idf_test ieee802154 json log lwip main mbedtls mqtt newlib nvs_flash nvs_sec_provider openthread partition_table perfmon protobuf-c protocomm pthread rt sdmmc soc spi_flash spiffs tcp_transport touch_element ulp unity usb vfs wear_levelling wifi_provisioning wpa_supplicant xtensa
-- Component paths: /home/tikhon/Документы/magnolia/esp-idf/components/app_trace /home/tikhon/Документы/magnolia/esp-idf/components/app_update /home/tikhon/Документы/magnolia/esp-idf/components/bootloader /home/tikhon/Документы/magnolia/esp-idf/components/bootloader_support /home/tikhon/Документы/magnolia/esp-idf/components/bt /home/tikhon/Документы/magnolia/esp-idf/components/cmock /home/tikhon/Документы/magnolia/esp-idf/components/console /home/tikhon/Документы/magnolia/esp-idf/components/cxx /home/tikhon/Документы/magnolia/esp-idf/components/driver /home/tikhon/Документы/magnolia/esp-idf/components/efuse /home/tikhon/Документы/magnolia/esp-idf/components/esp-tls /home/tikhon/Документы/magnolia/esp-idf/components/esp_adc /home/tikhon/Документы/magnolia/esp-idf/components/esp_app_format /home/tikhon/Документы/magnolia/esp-idf/components/esp_bootloader_format /home/tikhon/Документы/magnolia/esp-idf/components/esp_coex /home/tikhon/Документы/magnolia/esp-idf/components/esp_common /home/tikhon/Документы/magnolia/esp-idf/components/esp_driver_ana_cmpr /home/tikhon/Документы/magnolia/esp-idf/components/esp_driver_bitscrambler /home/tikhon/Документы/magnolia/esp-idf/components/esp_driver_cam /home/tikhon/Документы/magnolia/esp-idf/components/esp_driver_dac /home/tikhon/Документы/magnolia/esp-idf/components/esp_driver_gpio /home/tikhon/Документы/magnolia/esp-idf/components/esp_driver_gptimer /home/tikhon/Документы/magnolia/esp-idf/components/esp_driver_i2c /home/tikhon/Документы/magnolia/esp-idf/components/esp_driver_i2s /home/tikhon/Документы/magnolia/esp-idf/components/esp_driver_i3c /home/tikhon/Документы/magnolia/esp-idf/components/esp_driver_isp /home/tikhon/Документы/magnolia/esp-idf/components/esp_driver_jpeg /home/tikhon/Документы/magnolia/esp-idf/components/esp_driver_ledc /home/tikhon/Документы/magnolia/esp-idf/components/esp_driver_mcpwm /home/tikhon/Документы/magnolia/esp-idf/components/esp_driver_parlio /home/tikhon/Документы/magnolia/esp-idf/components/esp_driver_pcnt /home/tikhon/Документы/magnolia/esp-idf/components/esp_driver_ppa /home/tikhon/Документы/magnolia/esp-idf/components/esp_driver_rmt /home/tikhon/Документы/magnolia/esp-idf/components/esp_driver_sd_intf /home/tikhon/Документы/magnolia/esp-idf/components/esp_driver_sdio /home/tikhon/Документы/magnolia/esp-idf/components/esp_driver_sdm /home/tikhon/Документы/magnolia/esp-idf/components/esp_driver_sdmmc /home/tikhon/Документы/magnolia/esp-idf/components/esp_driver_sdspi /home/tikhon/Документы/magnolia/esp-idf/components/esp_driver_spi /home/tikhon/Документы/magnolia/esp-idf/components/esp_driver_touch_sens /home/tikhon/Документы/magnolia/esp-idf/components/esp_driver_tsens /home/tikhon/Документы/magnolia/esp-idf/components/esp_driver_twai /home/tikhon/Документы/magnolia/esp-idf/components/esp_driver_uart /home/tikhon/Документы/magnolia/esp-idf/components/esp_driver_usb_serial_jtag /home/tikhon/Документы/magnolia/esp-idf/components/esp_eth /home/tikhon/Документы/magnolia/esp-idf/components/esp_event /home/tikhon/Документы/magnolia/esp-idf/components/esp_gdbstub /home/tikhon/Документы/magnolia/esp-idf/components/esp_hid /home/tikhon/Документы/magnolia/esp-idf/components/esp_http_client /home/tikhon/Документы/magnolia/esp-idf/components/esp_http_server /home/tikhon/Документы/magnolia/esp-idf/components/esp_https_ota /home/tikhon/Документы/magnolia/esp-idf/components/esp_https_server /home/tikhon/Документы/magnolia/esp-idf/components/esp_hw_support /home/tikhon/Документы/magnolia/esp-idf/components/esp_lcd /home/tikhon/Документы/magnolia/esp-idf/components/esp_local_ctrl /home/tikhon/Документы/magnolia/esp-idf/components/esp_mm /home/tikhon/Документы/magnolia/esp-idf/components/esp_netif /home/tikhon/Документы/magnolia/esp-idf/components/esp_netif_stack /home/tikhon/Документы/magnolia/esp-idf/components/esp_partition /home/tikhon/Документы/magnolia/esp-idf/components/esp_phy /home/tikhon/Документы/magnolia/esp-idf/components/esp_pm /home/tikhon/Документы/magnolia/esp-idf/components/esp_psram /home/tikhon/Документы/magnolia/esp-idf/components/esp_ringbuf /home/tikhon/Документы/magnolia/esp-idf/components/esp_rom /home/tikhon/Документы/magnolia/esp-idf/components/esp_security /home/tikhon/Документы/magnolia/esp-idf/components/esp_system /home/tikhon/Документы/magnolia/esp-idf/components/esp_timer /home/tikhon/Документы/magnolia/esp-idf/components/esp_vfs_console /home/tikhon/Документы/magnolia/esp-idf/components/esp_wifi /home/tikhon/Документы/magnolia/esp-idf/components/espcoredump /home/tikhon/Документы/magnolia/esp-idf/components/esptool_py /home/tikhon/Документы/magnolia/esp-idf/components/fatfs /home/tikhon/Документы/magnolia/esp-idf/components/freertos /home/tikhon/Документы/magnolia/esp-idf/components/hal /home/tikhon/Документы/magnolia/esp-idf/components/heap /home/tikhon/Документы/magnolia/esp-idf/components/http_parser /home/tikhon/Документы/magnolia/esp-idf/components/idf_test /home/tikhon/Документы/magnolia/esp-idf/components/ieee802154 /home/tikhon/Документы/magnolia/esp-idf/components/json /home/tikhon/Документы/magnolia/esp-idf/components/log /home/tikhon/Документы/magnolia/esp-idf/components/lwip /home/tikhon/Документы/magnolia/applets/mainline/pwd/main /home/tikhon/Документы/magnolia/esp-idf/components/mbedtls /home/tikhon/Документы/magnolia/esp-idf/components/mqtt /home/tikhon/Документы/magnolia/esp-idf/components/newlib /home/tikhon/Документы/magnolia/esp-idf/components/nvs_flash /home/tikhon/Документы/magnolia/esp-idf/components/nvs_sec_provider /home/tikhon/Документы/magnolia/esp-idf/components/openthread /home/tikhon/Документы/magnolia/esp-idf/components/partition_table /home/tikhon/Документы/magnolia/esp-idf/components/perfmon /home/tikhon/Документы/magnolia/esp-idf/components/protobuf-c /home/tikhon/Документы/magnolia/esp-idf/components/protocomm /home/tikhon/Документы/magnolia/esp-idf/components/pthread /home/tikhon/Документы/magnolia/esp-idf/components/rt /home/tikhon/Документы/magnolia/esp-idf/components/sdmmc /home/tikhon/Документы/magnolia/esp-idf/components/soc /home/tikhon/Документы/magnolia/esp-idf/components/spi_flash /home/tikhon/Документы/magnolia/esp-idf/components/spiffs /home/tikhon/Документы/magnolia/esp-idf/components/tcp_transport /home/tikhon/Документы/magnolia/esp-idf/components/touch_element /home/tikhon/Документы/magnolia/esp-idf/components/ulp /home/tikhon/Документы/magnolia/esp-idf/components/unity /home/tikhon/Документы/magnolia/esp-idf/components/usb /home/tikhon/Документы/magnolia/esp-idf/components/vfs /home/tikhon/Документы/magnolia/esp-idf/components/wear_levelling /home/tikhon/Документы/magnolia/esp-idf/components/wifi_provisioning /home/tikhon/Документы/magnolia/esp-idf/components/wpa_supplicant /home/tikhon/Документы/magnolia/esp-idf/components/xtensa
-- Components: app_trace app_update bootloader bootloader_support bt cmock console cxx driver efuse esp-tls esp_adc esp_app_format esp_bootloader_format esp_coex esp_common esp_driver_ana_cmpr esp_driver_bitscrambler esp_driver_cam esp_driver_dac esp_driver_gpio esp_driver_gptimer esp_driver_i2c esp_driver_i2s esp_driver_i3c esp_driver_isp esp_driver_jpeg esp_driver_ledc esp_driver_mcpwm esp_driver_parlio esp_driver_pcnt esp_driver_ppa esp_driver_rmt esp_driver_sd_intf esp_driver_sdio esp_driver_sdm esp_driver_sdmmc esp_driver_sdspi esp_driver_spi esp_driver_touch_sens esp_driver_tsens esp_driver_twai esp_driver_uart esp_driver_usb_serial_jtag esp_eth esp_event esp_gdbstub esp_hid esp_http_client esp_http_server esp_https_ota esp_https_server esp_hw_support esp_lcd esp_local_ctrl esp_mm esp_netif esp_netif_stack esp_partition esp_phy esp_pm esp_psram esp_ringbuf esp_rom esp_security esp_system esp_timer esp_vfs_console esp_wifi espcoredump esptool_py fatfs freertos hal heap http_parser idf_test ieee802154 json log lwip main mbedtls mqtt newlib nvs_flash nvs_sec_provider openthread partition_table perfmon protobuf-c protocomm pthread rt sdmmc soc spi_flash spiffs tcp_transport touch_element ulp unity usb vfs wear_levelling wifi_provisioning wpa_supplicant xtensa
-- Component paths: /home/tikhon/Документы/magnolia/esp-idf/components/app_trace /home/tikhon/Документы/magnolia/esp-idf/components/app_update /home/tikhon/Документы/magnolia/esp-idf/components/bootloader /home/tikhon/Документы/magnolia/esp-idf/components/bootloader_support /home/tikhon/Документы/magnolia/esp-idf/components/bt /home/tikhon/Документы/magnolia/esp-idf/components/cmock /home/tikhon/Документы/magnolia/esp-idf/components/console /home/tikhon/Документы/magnolia/esp-idf/components/cxx /home/tikhon/Документы/magnolia/esp-idf/components/driver /home/tikhon/Документы/magnolia/esp-idf/components/efuse /home/tikhon/Документы/magnolia/esp-idf/components/esp-tls /home/tikhon/Документы/magnolia/esp-idf/components/esp_adc /home/tikhon/Документы/magnolia/esp-idf/components/esp_app_format /home/tikhon/Документы/magnolia/esp-idf/components/esp_bootloader_format /home/tikhon/Документы/magnolia/esp-idf/components/esp_coex /home/tikhon/Документы/magnolia/esp-idf/components/esp_common /home/tikhon/Документы/magnolia/esp-idf/components/esp_driver_ana_cmpr /home/tikhon/Документы/magnolia/esp-idf/components/esp_driver_bitscrambler /home/tikhon/Документы/magnolia/esp-idf/components/esp_driver_cam /home/tikhon/Документы/magnolia/esp-idf/components/esp_driver_dac /home/tikhon/Документы/magnolia/esp-idf/components/esp_driver_gpio /home/tikhon/Документы/magnolia/esp-idf/components/esp_driver_gptimer /home/tikhon/Документы/magnolia/esp-idf/components/esp_driver_i2c /home/tikhon/Документы/magnolia/esp-idf/components/esp_driver_i2s /home/tikhon/Документы/magnolia/esp-idf/components/esp_driver_i3c /home/tikhon/Документы/magnolia/esp-idf/components/esp_driver_isp /home/tikhon/Документы/magnolia/esp-idf/components/esp_driver_jpeg /home/tikhon/Документы/magnolia/esp-idf/components/esp_driver_ledc /home/tikhon/Документы/magnolia/esp-idf/components/esp_driver_mcpwm /home/tikhon/Документы/magnolia/esp-idf/components/esp_driver_parlio /home/tikhon/Документы/magnolia/esp-idf/components/esp_driver_pcnt /home/tikhon/Документы/magnolia/esp-idf/components/esp_driver_ppa /home/tikhon/Документы/magnolia/esp-idf/components/esp_driver_rmt /home/tikhon/Документы/magnolia/esp-idf/components/esp_driver_sd_intf /home/tikhon/Документы/magnolia/esp-idf/components/esp_driver_sdio /home/tikhon/Документы/magnolia/esp-idf/components/esp_driver_sdm /home/tikhon/Документы/magnolia/esp-idf/components/esp_driver_sdmmc /home/tikhon/Документы/magnolia/esp-idf/components/esp_driver_sdspi /home/tikhon/Документы/magnolia/esp-idf/components/esp_driver_spi /home/tikhon/Документы/magnolia/esp-idf/components/esp_driver_touch_sens /home/tikhon/Документы/magnolia/esp-idf/components/esp_driver_tsens /home/tikhon/Документы/magnolia/esp-idf/components/esp_driver_twai /home/tikhon/Документы/magnolia/esp-idf/components/esp_driver_uart /home/tikhon/Документы/magnolia/esp-idf/components/esp_driver_usb_serial_jtag /home/tikhon/Документы/magnolia/esp-idf/components/esp_eth /home/tikhon/Документы/magnolia/esp-idf/components/esp_event /home/tikhon/Документы/magnolia/esp-idf/components/esp_gdbstub /home/tikhon/Документы/magnolia/esp-idf/components/esp_hid /home/tikhon/Документы/magnolia/esp-idf/components/esp_http_client /home/tikhon/Документы/magnolia/esp-idf/components/esp_http_server /home/tikhon/Документы/magnolia/esp-idf/components/esp_https_ota /home/tikhon/Документы/magnolia/esp-idf/components/esp_https_server /home/tikhon/Документы/magnolia/esp-idf/components/esp_hw_support /home/tikhon/Документы/magnolia/esp-idf/components/esp_lcd /home/tikhon/Документы/magnolia/esp-idf/components/esp_local_ctrl /home/tikhon/Документы/magnolia/esp-idf/components/esp_mm /home/tikhon/Документы/magnolia/esp-idf/components/esp_netif /home/tikhon/Документы/magnolia/esp-idf/components/esp_netif_stack /home/tikhon/Документы/magnolia/esp-idf/components/esp_partition /home/tikhon/Документы/magnolia/esp-idf/components/esp_phy /home/tikhon/Документы/magnolia/esp-idf/components/esp_pm /home/tikhon/Документы/magnolia/esp-idf/components/esp_psram /home/tikhon/Документы/magnolia/esp-idf/components/esp_ringbuf /home/tikhon/Документы/magnolia/esp-idf/components/esp_rom /home/tikhon/Документы/magnolia/esp-idf/components/esp_security /home/tikhon/Документы/magnolia/esp-idf/components/esp_system /home/tikhon/Документы/magnolia/esp-idf/components/esp_timer /home/tikhon/Документы/magnolia/esp-idf/components/esp_vfs_console /home/tikhon/Документы/magnolia/esp-idf/components/esp_wifi /home/tikhon/Документы/magnolia/esp-idf/components/espcoredump /home/tikhon/Документы/magnolia/esp-idf/components/esptool_py /home/tikhon/Документы/magnolia/esp-idf/components/fatfs /home/tikhon/Документы/magnolia/esp-idf/components/freertos /home/tikhon/Документы/magnolia/esp-idf/components/hal /home/tikhon/Документы/magnolia/esp-idf/components/heap /home/tikhon/Документы/magnolia/esp-idf/components/http_parser /home/tikhon/Документы/magnolia/esp-idf/components/idf_test /home/tikhon/Документы/magnolia/esp-idf/components/ieee802154 /home/tikhon/Документы/magnolia/esp-idf/components/json /home/tikhon/Документы/magnolia/esp-idf/components/log /home/tikhon/Документы/magnolia/esp-idf/components/lwip /home/tikhon/Документы/magnolia/applets/mainline/mv/main /home/tikhon/Документы/magnolia/esp-idf/components/mbedtls /home/tikhon/Документы/magnolia/esp-idf/components/mqtt /home/tikhon/Документы/magnolia/esp-idf/components/newlib /home/tikhon/Документы/magnolia/esp-idf/components/nvs_flash /home/tikhon/Документы/magnolia/esp-idf/components/nvs_sec_provider /home/tikhon/Документы/magnolia/esp-idf/components/openthread /home/tikhon/Документы/magnolia/esp-idf/components/partition_table /home/tikhon/Документы/magnolia/esp-idf/components/perfmon /home/tikhon/Документы/magnolia/esp-idf/components/protobuf-c /home/tikhon/Документы/magnolia/esp-idf/components/protocomm /home/tikhon/Документы/magnolia/esp-idf/components/pthread /home/tikhon/Документы/magnolia/esp-idf/components/rt /home/tikhon/Документы/magnolia/esp-idf/components/sdmmc /home/tikhon/Документы/magnolia/esp-idf/components/soc /home/tikhon/Документы/magnolia/esp-idf/components/spi_flash /home/tikhon/Документы/magnolia/esp-idf/components/spiffs /home/tikhon/Документы/magnolia/esp-idf/components/tcp_transport /home/tikhon/Документы/magnolia/esp-idf/components/touch_element /home/tikhon/Документы/magnolia/esp-idf/components/ulp /home/tikhon/Документы/magnolia/esp-idf/components/unity /home/tikhon/Документы/magnolia/esp-idf/components/usb /home/tikhon/Документы/magnolia/esp-idf/components/vfs /home/tikhon/Документы/magnolia/esp-idf/components/wear_levelling /home/tikhon/Документы/magnolia/esp-idf/components/wifi_provisioning /home/tikhon/Документы/magnolia/esp-idf/components/wpa_supplicant /home/tikhon/Документы/magnolia/esp-idf/components/xtensa
-- Configuring done (8.1s)
-- Building ESP-IDF components for target esp32s3
-- Configuring done (9.2s)
-- ESP-TEE is currently supported only on the esp32c6;esp32h2;esp32c5 SoCs
-- Components: app_trace app_update bootloader bootloader_support bt cmock console cxx driver efuse esp-tls esp_adc esp_app_format esp_bootloader_format esp_coex esp_common esp_driver_ana_cmpr esp_driver_bitscrambler esp_driver_cam esp_driver_dac esp_driver_gpio esp_driver_gptimer esp_driver_i2c esp_driver_i2s esp_driver_i3c esp_driver_isp esp_driver_jpeg esp_driver_ledc esp_driver_mcpwm esp_driver_parlio esp_driver_pcnt esp_driver_ppa esp_driver_rmt esp_driver_sd_intf esp_driver_sdio esp_driver_sdm esp_driver_sdmmc esp_driver_sdspi esp_driver_spi esp_driver_touch_sens esp_driver_tsens esp_driver_twai esp_driver_uart esp_driver_usb_serial_jtag esp_eth esp_event esp_gdbstub esp_hid esp_http_client esp_http_server esp_https_ota esp_https_server esp_hw_support esp_lcd esp_local_ctrl esp_mm esp_netif esp_netif_stack esp_partition esp_phy esp_pm esp_psram esp_ringbuf esp_rom esp_security esp_system esp_timer esp_vfs_console esp_wifi espcoredump esptool_py fatfs freertos hal heap http_parser idf_test ieee802154 json log lwip main mbedtls mqtt newlib nvs_flash nvs_sec_provider openthread partition_table perfmon protobuf-c protocomm pthread rt sdmmc soc spi_flash spiffs tcp_transport touch_element ulp unity usb vfs wear_levelling wifi_provisioning wpa_supplicant xtensa
-- Component paths: /home/tikhon/Документы/magnolia/esp-idf/components/app_trace /home/tikhon/Документы/magnolia/esp-idf/components/app_update /home/tikhon/Документы/magnolia/esp-idf/components/bootloader /home/tikhon/Документы/magnolia/esp-idf/components/bootloader_support /home/tikhon/Документы/magnolia/esp-idf/components/bt /home/tikhon/Документы/magnolia/esp-idf/components/cmock /home/tikhon/Документы/magnolia/esp-idf/components/console /home/tikhon/Документы/magnolia/esp-idf/components/cxx /home/tikhon/Документы/magnolia/esp-idf/components/driver /home/tikhon/Документы/magnolia/esp-idf/components/efuse /home/tikhon/Документы/magnolia/esp-idf/components/esp-tls /home/tikhon/Документы/magnolia/esp-idf/components/esp_adc /home/tikhon/Документы/magnolia/esp-idf/components/esp_app_format /home/tikhon/Документы/magnolia/esp-idf/components/esp_bootloader_format /home/tikhon/Документы/magnolia/esp-idf/components/esp_coex /home/tikhon/Документы/magnolia/esp-idf/components/esp_common /home/tikhon/Документы/magnolia/esp-idf/components/esp_driver_ana_cmpr /home/tikhon/Документы/magnolia/esp-idf/components/esp_driver_bitscrambler /home/tikhon/Документы/magnolia/esp-idf/components/esp_driver_cam /home/tikhon/Документы/magnolia/esp-idf/components/esp_driver_dac /home/tikhon/Документы/magnolia/esp-idf/components/esp_driver_gpio /home/tikhon/Документы/magnolia/esp-idf/components/esp_driver_gptimer /home/tikhon/Документы/magnolia/esp-idf/components/esp_driver_i2c /home/tikhon/Документы/magnolia/esp-idf/components/esp_driver_i2s /home/tikhon/Документы/magnolia/esp-idf/components/esp_driver_i3c /home/tikhon/Документы/magnolia/esp-idf/components/esp_driver_isp /home/tikhon/Документы/magnolia/esp-idf/components/esp_driver_jpeg /home/tikhon/Документы/magnolia/esp-idf/components/esp_driver_ledc /home/tikhon/Документы/magnolia/esp-idf/components/esp_driver_mcpwm /home/tikhon/Документы/magnolia/esp-idf/components/esp_driver_parlio /home/tikhon/Документы/magnolia/esp-idf/components/esp_driver_pcnt /home/tikhon/Документы/magnolia/esp-idf/components/esp_driver_ppa /home/tikhon/Документы/magnolia/esp-idf/components/esp_driver_rmt /home/tikhon/Документы/magnolia/esp-idf/components/esp_driver_sd_intf /home/tikhon/Документы/magnolia/esp-idf/components/esp_driver_sdio /home/tikhon/Документы/magnolia/esp-idf/components/esp_driver_sdm /home/tikhon/Документы/magnolia/esp-idf/components/esp_driver_sdmmc /home/tikhon/Документы/magnolia/esp-idf/components/esp_driver_sdspi /home/tikhon/Документы/magnolia/esp-idf/components/esp_driver_spi /home/tikhon/Документы/magnolia/esp-idf/components/esp_driver_touch_sens /home/tikhon/Документы/magnolia/esp-idf/components/esp_driver_tsens /home/tikhon/Документы/magnolia/esp-idf/components/esp_driver_twai /home/tikhon/Документы/magnolia/esp-idf/components/esp_driver_uart /home/tikhon/Документы/magnolia/esp-idf/components/esp_driver_usb_serial_jtag /home/tikhon/Документы/magnolia/esp-idf/components/esp_eth /home/tikhon/Документы/magnolia/esp-idf/components/esp_event /home/tikhon/Документы/magnolia/esp-idf/components/esp_gdbstub /home/tikhon/Документы/magnolia/esp-idf/components/esp_hid /home/tikhon/Документы/magnolia/esp-idf/components/esp_http_client /home/tikhon/Документы/magnolia/esp-idf/components/esp_http_server /home/tikhon/Документы/magnolia/esp-idf/components/esp_https_ota /home/tikhon/Документы/magnolia/esp-idf/components/esp_https_server /home/tikhon/Документы/magnolia/esp-idf/components/esp_hw_support /home/tikhon/Документы/magnolia/esp-idf/components/esp_lcd /home/tikhon/Документы/magnolia/esp-idf/components/esp_local_ctrl /home/tikhon/Документы/magnolia/esp-idf/components/esp_mm /home/tikhon/Документы/magnolia/esp-idf/components/esp_netif /home/tikhon/Документы/magnolia/esp-idf/components/esp_netif_stack /home/tikhon/Документы/magnolia/esp-idf/components/esp_partition /home/tikhon/Документы/magnolia/esp-idf/components/esp_phy /home/tikhon/Документы/magnolia/esp-idf/components/esp_pm /home/tikhon/Документы/magnolia/esp-idf/components/esp_psram /home/tikhon/Документы/magnolia/esp-idf/components/esp_ringbuf /home/tikhon/Документы/magnolia/esp-idf/components/esp_rom /home/tikhon/Документы/magnolia/esp-idf/components/esp_security /home/tikhon/Документы/magnolia/esp-idf/components/esp_system /home/tikhon/Документы/magnolia/esp-idf/components/esp_timer /home/tikhon/Документы/magnolia/esp-idf/components/esp_vfs_console /home/tikhon/Документы/magnolia/esp-idf/components/esp_wifi /home/tikhon/Документы/magnolia/esp-idf/components/espcoredump /home/tikhon/Документы/magnolia/esp-idf/components/esptool_py /home/tikhon/Документы/magnolia/esp-idf/components/fatfs /home/tikhon/Документы/magnolia/esp-idf/components/freertos /home/tikhon/Документы/magnolia/esp-idf/components/hal /home/tikhon/Документы/magnolia/esp-idf/components/heap /home/tikhon/Документы/magnolia/esp-idf/components/http_parser /home/tikhon/Документы/magnolia/esp-idf/components/idf_test /home/tikhon/Документы/magnolia/esp-idf/components/ieee802154 /home/tikhon/Документы/magnolia/esp-idf/components/json /home/tikhon/Документы/magnolia/esp-idf/components/log /home/tikhon/Документы/magnolia/esp-idf/components/lwip /home/tikhon/Документы/magnolia/applets/mainline/ps/main /home/tikhon/Документы/magnolia/esp-idf/components/mbedtls /home/tikhon/Документы/magnolia/esp-idf/components/mqtt /home/tikhon/Документы/magnolia/esp-idf/components/newlib /home/tikhon/Документы/magnolia/esp-idf/components/nvs_flash /home/tikhon/Документы/magnolia/esp-idf/components/nvs_sec_provider /home/tikhon/Документы/magnolia/esp-idf/components/openthread /home/tikhon/Документы/magnolia/esp-idf/components/partition_table /home/tikhon/Документы/magnolia/esp-idf/components/perfmon /home/tikhon/Документы/magnolia/esp-idf/components/protobuf-c /home/tikhon/Документы/magnolia/esp-idf/components/protocomm /home/tikhon/Документы/magnolia/esp-idf/components/pthread /home/tikhon/Документы/magnolia/esp-idf/components/rt /home/tikhon/Документы/magnolia/esp-idf/components/sdmmc /home/tikhon/Документы/magnolia/esp-idf/components/soc /home/tikhon/Документы/magnolia/esp-idf/components/spi_flash /home/tikhon/Документы/magnolia/esp-idf/components/spiffs /home/tikhon/Документы/magnolia/esp-idf/components/tcp_transport /home/tikhon/Документы/magnolia/esp-idf/components/touch_element /home/tikhon/Документы/magnolia/esp-idf/components/ulp /home/tikhon/Документы/magnolia/esp-idf/components/unity /home/tikhon/Документы/magnolia/esp-idf/components/usb /home/tikhon/Документы/magnolia/esp-idf/components/vfs /home/tikhon/Документы/magnolia/esp-idf/components/wear_levelling /home/tikhon/Документы/magnolia/esp-idf/components/wifi_provisioning /home/tikhon/Документы/magnolia/esp-idf/components/wpa_supplicant /home/tikhon/Документы/magnolia/esp-idf/components/xtensa
-- Configuring done (9.3s)
-- App "rmdir" version: c092b7f-dirty
-- Generating done (0.5s)
-- Build files have been written to: /home/tikhon/Документы/magnolia/applets/mainline/mkdir/build
-- Components: app_trace app_update bootloader bootloader_support bt cmock console cxx driver efuse esp-tls esp_adc esp_app_format esp_bootloader_format esp_coex esp_common esp_driver_ana_cmpr esp_driver_bitscrambler esp_driver_cam esp_driver_dac esp_driver_gpio esp_driver_gptimer esp_driver_i2c esp_driver_i2s esp_driver_i3c esp_driver_isp esp_driver_jpeg esp_driver_ledc esp_driver_mcpwm esp_driver_parlio esp_driver_pcnt esp_driver_ppa esp_driver_rmt esp_driver_sd_intf esp_driver_sdio esp_driver_sdm esp_driver_sdmmc esp_driver_sdspi esp_driver_spi esp_driver_touch_sens esp_driver_tsens esp_driver_twai esp_driver_uart esp_driver_usb_serial_jtag esp_eth esp_event esp_gdbstub esp_hid esp_http_client esp_http_server esp_https_ota esp_https_server esp_hw_support esp_lcd esp_local_ctrl esp_mm esp_netif esp_netif_stack esp_partition esp_phy esp_pm esp_psram esp_ringbuf esp_rom esp_security esp_system esp_timer esp_vfs_console esp_wifi espcoredump esptool_py fatfs freertos hal heap http_parser idf_test ieee802154 json log lwip main mbedtls mqtt newlib nvs_flash nvs_sec_provider openthread partition_table perfmon protobuf-c protocomm pthread rt sdmmc soc spi_flash spiffs tcp_transport touch_element ulp unity usb vfs wear_levelling wifi_provisioning wpa_supplicant xtensa
-- Component paths: /home/tikhon/Документы/magnolia/esp-idf/components/app_trace /home/tikhon/Документы/magnolia/esp-idf/components/app_update /home/tikhon/Документы/magnolia/esp-idf/components/bootloader /home/tikhon/Документы/magnolia/esp-idf/components/bootloader_support /home/tikhon/Документы/magnolia/esp-idf/components/bt /home/tikhon/Документы/magnolia/esp-idf/components/cmock /home/tikhon/Документы/magnolia/esp-idf/components/console /home/tikhon/Документы/magnolia/esp-idf/components/cxx /home/tikhon/Документы/magnolia/esp-idf/components/driver /home/tikhon/Документы/magnolia/esp-idf/components/efuse /home/tikhon/Документы/magnolia/esp-idf/components/esp-tls /home/tikhon/Документы/magnolia/esp-idf/components/esp_adc /home/tikhon/Документы/magnolia/esp-idf/components/esp_app_format /home/tikhon/Документы/magnolia/esp-idf/components/esp_bootloader_format /home/tikhon/Документы/magnolia/esp-idf/components/esp_coex /home/tikhon/Документы/magnolia/esp-idf/components/esp_common /home/tikhon/Документы/magnolia/esp-idf/components/esp_driver_ana_cmpr /home/tikhon/Документы/magnolia/esp-idf/components/esp_driver_bitscrambler /home/tikhon/Документы/magnolia/esp-idf/components/esp_driver_cam /home/tikhon/Документы/magnolia/esp-idf/components/esp_driver_dac /home/tikhon/Документы/magnolia/esp-idf/components/esp_driver_gpio /home/tikhon/Документы/magnolia/esp-idf/components/esp_driver_gptimer /home/tikhon/Документы/magnolia/esp-idf/components/esp_driver_i2c /home/tikhon/Документы/magnolia/esp-idf/components/esp_driver_i2s /home/tikhon/Документы/magnolia/esp-idf/components/esp_driver_i3c /home/tikhon/Документы/magnolia/esp-idf/components/esp_driver_isp /home/tikhon/Документы/magnolia/esp-idf/components/esp_driver_jpeg /home/tikhon/Документы/magnolia/esp-idf/components/esp_driver_ledc /home/tikhon/Документы/magnolia/esp-idf/components/esp_driver_mcpwm /home/tikhon/Документы/magnolia/esp-idf/components/esp_driver_parlio /home/tikhon/Документы/magnolia/esp-idf/components/esp_driver_pcnt /home/tikhon/Документы/magnolia/esp-idf/components/esp_driver_ppa /home/tikhon/Документы/magnolia/esp-idf/components/esp_driver_rmt /home/tikhon/Документы/magnolia/esp-idf/components/esp_driver_sd_intf /home/tikhon/Документы/magnolia/esp-idf/components/esp_driver_sdio /home/tikhon/Документы/magnolia/esp-idf/components/esp_driver_sdm /home/tikhon/Документы/magnolia/esp-idf/components/esp_driver_sdmmc /home/tikhon/Документы/magnolia/esp-idf/components/esp_driver_sdspi /home/tikhon/Документы/magnolia/esp-idf/components/esp_driver_spi /home/tikhon/Документы/magnolia/esp-idf/components/esp_driver_touch_sens /home/tikhon/Документы/magnolia/esp-idf/components/esp_driver_tsens /home/tikhon/Документы/magnolia/esp-idf/components/esp_driver_twai /home/tikhon/Документы/magnolia/esp-idf/components/esp_driver_uart /home/tikhon/Документы/magnolia/esp-idf/components/esp_driver_usb_serial_jtag /home/tikhon/Документы/magnolia/esp-idf/components/esp_eth /home/tikhon/Документы/magnolia/esp-idf/components/esp_event /home/tikhon/Документы/magnolia/esp-idf/components/esp_gdbstub /home/tikhon/Документы/magnolia/esp-idf/components/esp_hid /home/tikhon/Документы/magnolia/esp-idf/components/esp_http_client /home/tikhon/Документы/magnolia/esp-idf/components/esp_http_server /home/tikhon/Документы/magnolia/esp-idf/components/esp_https_ota /home/tikhon/Документы/magnolia/esp-idf/components/esp_https_server /home/tikhon/Документы/magnolia/esp-idf/components/esp_hw_support /home/tikhon/Документы/magnolia/esp-idf/components/esp_lcd /home/tikhon/Документы/magnolia/esp-idf/components/esp_local_ctrl /home/tikhon/Документы/magnolia/esp-idf/components/esp_mm /home/tikhon/Документы/magnolia/esp-idf/components/esp_netif /home/tikhon/Документы/magnolia/esp-idf/components/esp_netif_stack /home/tikhon/Документы/magnolia/esp-idf/components/esp_partition /home/tikhon/Документы/magnolia/esp-idf/components/esp_phy /home/tikhon/Документы/magnolia/esp-idf/components/esp_pm /home/tikhon/Документы/magnolia/esp-idf/components/esp_psram /home/tikhon/Документы/magnolia/esp-idf/components/esp_ringbuf /home/tikhon/Документы/magnolia/esp-idf/components/esp_rom /home/tikhon/Документы/magnolia/esp-idf/components/esp_security /home/tikhon/Документы/magnolia/esp-idf/components/esp_system /home/tikhon/Документы/magnolia/esp-idf/components/esp_timer /home/tikhon/Документы/magnolia/esp-idf/components/esp_vfs_console /home/tikhon/Документы/magnolia/esp-idf/components/esp_wifi /home/tikhon/Документы/magnolia/esp-idf/components/espcoredump /home/tikhon/Документы/magnolia/esp-idf/components/esptool_py /home/tikhon/Документы/magnolia/esp-idf/components/fatfs /home/tikhon/Документы/magnolia/esp-idf/components/freertos /home/tikhon/Документы/magnolia/esp-idf/components/hal /home/tikhon/Документы/magnolia/esp-idf/components/heap /home/tikhon/Документы/magnolia/esp-idf/components/http_parser /home/tikhon/Документы/magnolia/esp-idf/components/idf_test /home/tikhon/Документы/magnolia/esp-idf/components/ieee802154 /home/tikhon/Документы/magnolia/esp-idf/components/json /home/tikhon/Документы/magnolia/esp-idf/components/log /home/tikhon/Документы/magnolia/esp-idf/components/lwip /home/tikhon/Документы/magnolia/applets/mainline/paste/main /home/tikhon/Документы/magnolia/esp-idf/components/mbedtls /home/tikhon/Документы/magnolia/esp-idf/components/mqtt /home/tikhon/Документы/magnolia/esp-idf/components/newlib /home/tikhon/Документы/magnolia/esp-idf/components/nvs_flash /home/tikhon/Документы/magnolia/esp-idf/components/nvs_sec_provider /home/tikhon/Документы/magnolia/esp-idf/components/openthread /home/tikhon/Документы/magnolia/esp-idf/components/partition_table /home/tikhon/Документы/magnolia/esp-idf/components/perfmon /home/tikhon/Документы/magnolia/esp-idf/components/protobuf-c /home/tikhon/Документы/magnolia/esp-idf/components/protocomm /home/tikhon/Документы/magnolia/esp-idf/components/pthread /home/tikhon/Документы/magnolia/esp-idf/components/rt /home/tikhon/Документы/magnolia/esp-idf/components/sdmmc /home/tikhon/Документы/magnolia/esp-idf/components/soc /home/tikhon/Документы/magnolia/esp-idf/components/spi_flash /home/tikhon/Документы/magnolia/esp-idf/components/spiffs /home/tikhon/Документы/magnolia/esp-idf/components/tcp_transport /home/tikhon/Документы/magnolia/esp-idf/components/touch_element /home/tikhon/Документы/magnolia/esp-idf/components/ulp /home/tikhon/Документы/magnolia/esp-idf/components/unity /home/tikhon/Документы/magnolia/esp-idf/components/usb /home/tikhon/Документы/magnolia/esp-idf/components/vfs /home/tikhon/Документы/magnolia/esp-idf/components/wear_levelling /home/tikhon/Документы/magnolia/esp-idf/components/wifi_provisioning /home/tikhon/Документы/magnolia/esp-idf/components/wpa_supplicant /home/tikhon/Документы/magnolia/esp-idf/components/xtensa
-- Project sdkconfig file /home/tikhon/Документы/magnolia/applets/mainline/shell/sdkconfig
-- Configuring done (9.0s)
-- Found Python3: /home/tikhon/.espressif/python_env/idf6.0_py3.12_env/bin/python (found version "3.12.3") found components: Interpreter 
-- Components: app_trace app_update bootloader bootloader_support bt cmock console cxx driver efuse esp-tls esp_adc esp_app_format esp_bootloader_format esp_coex esp_common esp_driver_ana_cmpr esp_driver_bitscrambler esp_driver_cam esp_driver_dac esp_driver_gpio esp_driver_gptimer esp_driver_i2c esp_driver_i2s esp_driver_i3c esp_driver_isp esp_driver_jpeg esp_driver_ledc esp_driver_mcpwm esp_driver_parlio esp_driver_pcnt esp_driver_ppa esp_driver_rmt esp_driver_sd_intf esp_driver_sdio esp_driver_sdm esp_driver_sdmmc esp_driver_sdspi esp_driver_spi esp_driver_touch_sens esp_driver_tsens esp_driver_twai esp_driver_uart esp_driver_usb_serial_jtag esp_eth esp_event esp_gdbstub esp_hid esp_http_client esp_http_server esp_https_ota esp_https_server esp_hw_support esp_lcd esp_local_ctrl esp_mm esp_netif esp_netif_stack esp_partition esp_phy esp_pm esp_psram esp_ringbuf esp_rom esp_security esp_system esp_timer esp_vfs_console esp_wifi espcoredump esptool_py fatfs freertos hal heap http_parser idf_test ieee802154 json log lwip main mbedtls mqtt newlib nvs_flash nvs_sec_provider openthread partition_table perfmon protobuf-c protocomm pthread rt sdmmc soc spi_flash spiffs tcp_transport touch_element ulp unity usb vfs wear_levelling wifi_provisioning wpa_supplicant xtensa
-- Component paths: /home/tikhon/Документы/magnolia/esp-idf/components/app_trace /home/tikhon/Документы/magnolia/esp-idf/components/app_update /home/tikhon/Документы/magnolia/esp-idf/components/bootloader /home/tikhon/Документы/magnolia/esp-idf/components/bootloader_support /home/tikhon/Документы/magnolia/esp-idf/components/bt /home/tikhon/Документы/magnolia/esp-idf/components/cmock /home/tikhon/Документы/magnolia/esp-idf/components/console /home/tikhon/Документы/magnolia/esp-idf/components/cxx /home/tikhon/Документы/magnolia/esp-idf/components/driver /home/tikhon/Документы/magnolia/esp-idf/components/efuse /home/tikhon/Документы/magnolia/esp-idf/components/esp-tls /home/tikhon/Документы/magnolia/esp-idf/components/esp_adc /home/tikhon/Документы/magnolia/esp-idf/components/esp_app_format /home/tikhon/Документы/magnolia/esp-idf/components/esp_bootloader_format /home/tikhon/Документы/magnolia/esp-idf/components/esp_coex /home/tikhon/Документы/magnolia/esp-idf/components/esp_common /home/tikhon/Документы/magnolia/esp-idf/components/esp_driver_ana_cmpr /home/tikhon/Документы/magnolia/esp-idf/components/esp_driver_bitscrambler /home/tikhon/Документы/magnolia/esp-idf/components/esp_driver_cam /home/tikhon/Документы/magnolia/esp-idf/components/esp_driver_dac /home/tikhon/Документы/magnolia/esp-idf/components/esp_driver_gpio /home/tikhon/Документы/magnolia/esp-idf/components/esp_driver_gptimer /home/tikhon/Документы/magnolia/esp-idf/components/esp_driver_i2c /home/tikhon/Документы/magnolia/esp-idf/components/esp_driver_i2s /home/tikhon/Документы/magnolia/esp-idf/components/esp_driver_i3c /home/tikhon/Документы/magnolia/esp-idf/components/esp_driver_isp /home/tikhon/Документы/magnolia/esp-idf/components/esp_driver_jpeg /home/tikhon/Документы/magnolia/esp-idf/components/esp_driver_ledc /home/tikhon/Документы/magnolia/esp-idf/components/esp_driver_mcpwm /home/tikhon/Документы/magnolia/esp-idf/components/esp_driver_parlio /home/tikhon/Документы/magnolia/esp-idf/components/esp_driver_pcnt /home/tikhon/Документы/magnolia/esp-idf/components/esp_driver_ppa /home/tikhon/Документы/magnolia/esp-idf/components/esp_driver_rmt /home/tikhon/Документы/magnolia/esp-idf/components/esp_driver_sd_intf /home/tikhon/Документы/magnolia/esp-idf/components/esp_driver_sdio /home/tikhon/Документы/magnolia/esp-idf/components/esp_driver_sdm /home/tikhon/Документы/magnolia/esp-idf/components/esp_driver_sdmmc /home/tikhon/Документы/magnolia/esp-idf/components/esp_driver_sdspi /home/tikhon/Документы/magnolia/esp-idf/components/esp_driver_spi /home/tikhon/Документы/magnolia/esp-idf/components/esp_driver_touch_sens /home/tikhon/Документы/magnolia/esp-idf/components/esp_driver_tsens /home/tikhon/Документы/magnolia/esp-idf/components/esp_driver_twai /home/tikhon/Документы/magnolia/esp-idf/components/esp_driver_uart /home/tikhon/Документы/magnolia/esp-idf/components/esp_driver_usb_serial_jtag /home/tikhon/Документы/magnolia/esp-idf/components/esp_eth /home/tikhon/Документы/magnolia/esp-idf/components/esp_event /home/tikhon/Документы/magnolia/esp-idf/components/esp_gdbstub /home/tikhon/Документы/magnolia/esp-idf/components/esp_hid /home/tikhon/Документы/magnolia/esp-idf/components/esp_http_client /home/tikhon/Документы/magnolia/esp-idf/components/esp_http_server /home/tikhon/Документы/magnolia/esp-idf/components/esp_https_ota /home/tikhon/Документы/magnolia/esp-idf/components/esp_https_server /home/tikhon/Документы/magnolia/esp-idf/components/esp_hw_support /home/tikhon/Документы/magnolia/esp-idf/components/esp_lcd /home/tikhon/Документы/magnolia/esp-idf/components/esp_local_ctrl /home/tikhon/Документы/magnolia/esp-idf/components/esp_mm /home/tikhon/Документы/magnolia/esp-idf/components/esp_netif /home/tikhon/Документы/magnolia/esp-idf/components/esp_netif_stack /home/tikhon/Документы/magnolia/esp-idf/components/esp_partition /home/tikhon/Документы/magnolia/esp-idf/components/esp_phy /home/tikhon/Документы/magnolia/esp-idf/components/esp_pm /home/tikhon/Документы/magnolia/esp-idf/components/esp_psram /home/tikhon/Документы/magnolia/esp-idf/components/esp_ringbuf /home/tikhon/Документы/magnolia/esp-idf/components/esp_rom /home/tikhon/Документы/magnolia/esp-idf/components/esp_security /home/tikhon/Документы/magnolia/esp-idf/components/esp_system /home/tikhon/Документы/magnolia/esp-idf/components/esp_timer /home/tikhon/Документы/magnolia/esp-idf/components/esp_vfs_console /home/tikhon/Документы/magnolia/esp-idf/components/esp_wifi /home/tikhon/Документы/magnolia/esp-idf/components/espcoredump /home/tikhon/Документы/magnolia/esp-idf/components/esptool_py /home/tikhon/Документы/magnolia/esp-idf/components/fatfs /home/tikhon/Документы/magnolia/esp-idf/components/freertos /home/tikhon/Документы/magnolia/esp-idf/components/hal /home/tikhon/Документы/magnolia/esp-idf/components/heap /home/tikhon/Документы/magnolia/esp-idf/components/http_parser /home/tikhon/Документы/magnolia/esp-idf/components/idf_test /home/tikhon/Документы/magnolia/esp-idf/components/ieee802154 /home/tikhon/Документы/magnolia/esp-idf/components/json /home/tikhon/Документы/magnolia/esp-idf/components/log /home/tikhon/Документы/magnolia/esp-idf/components/lwip /home/tikhon/Документы/magnolia/applets/mainline/rm/main /home/tikhon/Документы/magnolia/esp-idf/components/mbedtls /home/tikhon/Документы/magnolia/esp-idf/components/mqtt /home/tikhon/Документы/magnolia/esp-idf/components/newlib /home/tikhon/Документы/magnolia/esp-idf/components/nvs_flash /home/tikhon/Документы/magnolia/esp-idf/components/nvs_sec_provider /home/tikhon/Документы/magnolia/esp-idf/components/openthread /home/tikhon/Документы/magnolia/esp-idf/components/partition_table /home/tikhon/Документы/magnolia/esp-idf/components/perfmon /home/tikhon/Документы/magnolia/esp-idf/components/protobuf-c /home/tikhon/Документы/magnolia/esp-idf/components/protocomm /home/tikhon/Документы/magnolia/esp-idf/components/pthread /home/tikhon/Документы/magnolia/esp-idf/components/rt /home/tikhon/Документы/magnolia/esp-idf/components/sdmmc /home/tikhon/Документы/magnolia/esp-idf/components/soc /home/tikhon/Документы/magnolia/esp-idf/components/spi_flash /home/tikhon/Документы/magnolia/esp-idf/components/spiffs /home/tikhon/Документы/magnolia/esp-idf/components/tcp_transport /home/tikhon/Документы/magnolia/esp-idf/components/touch_element /home/tikhon/Документы/magnolia/esp-idf/components/ulp /home/tikhon/Документы/magnolia/esp-idf/components/unity /home/tikhon/Документы/magnolia/esp-idf/components/usb /home/tikhon/Документы/magnolia/esp-idf/components/vfs /home/tikhon/Документы/magnolia/esp-idf/components/wear_levelling /home/tikhon/Документы/magnolia/esp-idf/components/wifi_provisioning /home/tikhon/Документы/magnolia/esp-idf/components/wpa_supplicant /home/tikhon/Документы/magnolia/esp-idf/components/xtensa
-- Configuring done (7.1s)
NOTICE: Processing 1 dependencies:
NOTICE: [1/1] idf (6.0.0)
-- Performing Test CMAKE_HAVE_LIBC_PTHREAD
-- Components: app_trace app_update bootloader bootloader_support bt cmock console cxx driver efuse esp-tls esp_adc esp_app_format esp_bootloader_format esp_coex esp_common esp_driver_ana_cmpr esp_driver_bitscrambler esp_driver_cam esp_driver_dac esp_driver_gpio esp_driver_gptimer esp_driver_i2c esp_driver_i2s esp_driver_i3c esp_driver_isp esp_driver_jpeg esp_driver_ledc esp_driver_mcpwm esp_driver_parlio esp_driver_pcnt esp_driver_ppa esp_driver_rmt esp_driver_sd_intf esp_driver_sdio esp_driver_sdm esp_driver_sdmmc esp_driver_sdspi esp_driver_spi esp_driver_touch_sens esp_driver_tsens esp_driver_twai esp_driver_uart esp_driver_usb_serial_jtag esp_eth esp_event esp_gdbstub esp_hid esp_http_client esp_http_server esp_https_ota esp_https_server esp_hw_support esp_lcd esp_local_ctrl esp_mm esp_netif esp_netif_stack esp_partition esp_phy esp_pm esp_psram esp_ringbuf esp_rom esp_security esp_system esp_timer esp_vfs_console esp_wifi espcoredump esptool_py fatfs freertos hal heap http_parser idf_test ieee802154 json log lwip main mbedtls mqtt newlib nvs_flash nvs_sec_provider openthread partition_table perfmon protobuf-c protocomm pthread rt sdmmc soc spi_flash spiffs tcp_transport touch_element ulp unity usb vfs wear_levelling wifi_provisioning wpa_supplicant xtensa
-- Component paths: /home/tikhon/Документы/magnolia/esp-idf/components/app_trace /home/tikhon/Документы/magnolia/esp-idf/components/app_update /home/tikhon/Документы/magnolia/esp-idf/components/bootloader /home/tikhon/Документы/magnolia/esp-idf/components/bootloader_support /home/tikhon/Документы/magnolia/esp-idf/components/bt /home/tikhon/Документы/magnolia/esp-idf/components/cmock /home/tikhon/Документы/magnolia/esp-idf/components/console /home/tikhon/Документы/magnolia/esp-idf/components/cxx /home/tikhon/Документы/magnolia/esp-idf/components/driver /home/tikhon/Документы/magnolia/esp-idf/components/efuse /home/tikhon/Документы/magnolia/esp-idf/components/esp-tls /home/tikhon/Документы/magnolia/esp-idf/components/esp_adc /home/tikhon/Документы/magnolia/esp-idf/components/esp_app_format /home/tikhon/Документы/magnolia/esp-idf/components/esp_bootloader_format /home/tikhon/Документы/magnolia/esp-idf/components/esp_coex /home/tikhon/Документы/magnolia/esp-idf/components/esp_common /home/tikhon/Документы/magnolia/esp-idf/components/esp_driver_ana_cmpr /home/tikhon/Документы/magnolia/esp-idf/components/esp_driver_bitscrambler /home/tikhon/Документы/magnolia/esp-idf/components/esp_driver_cam /home/tikhon/Документы/magnolia/esp-idf/components/esp_driver_dac /home/tikhon/Документы/magnolia/esp-idf/components/esp_driver_gpio /home/tikhon/Документы/magnolia/esp-idf/components/esp_driver_gptimer /home/tikhon/Документы/magnolia/esp-idf/components/esp_driver_i2c /home/tikhon/Документы/magnolia/esp-idf/components/esp_driver_i2s /home/tikhon/Документы/magnolia/esp-idf/components/esp_driver_i3c /home/tikhon/Документы/magnolia/esp-idf/components/esp_driver_isp /home/tikhon/Документы/magnolia/esp-idf/components/esp_driver_jpeg /home/tikhon/Документы/magnolia/esp-idf/components/esp_driver_ledc /home/tikhon/Документы/magnolia/esp-idf/components/esp_driver_mcpwm /home/tikhon/Документы/magnolia/esp-idf/components/esp_driver_parlio /home/tikhon/Документы/magnolia/esp-idf/components/esp_driver_pcnt /home/tikhon/Документы/magnolia/esp-idf/components/esp_driver_ppa /home/tikhon/Документы/magnolia/esp-idf/components/esp_driver_rmt /home/tikhon/Документы/magnolia/esp-idf/components/esp_driver_sd_intf /home/tikhon/Документы/magnolia/esp-idf/components/esp_driver_sdio /home/tikhon/Документы/magnolia/esp-idf/components/esp_driver_sdm /home/tikhon/Документы/magnolia/esp-idf/components/esp_driver_sdmmc /home/tikhon/Документы/magnolia/esp-idf/components/esp_driver_sdspi /home/tikhon/Документы/magnolia/esp-idf/components/esp_driver_spi /home/tikhon/Документы/magnolia/esp-idf/components/esp_driver_touch_sens /home/tikhon/Документы/magnolia/esp-idf/components/esp_driver_tsens /home/tikhon/Документы/magnolia/esp-idf/components/esp_driver_twai /home/tikhon/Документы/magnolia/esp-idf/components/esp_driver_uart /home/tikhon/Документы/magnolia/esp-idf/components/esp_driver_usb_serial_jtag /home/tikhon/Документы/magnolia/esp-idf/components/esp_eth /home/tikhon/Документы/magnolia/esp-idf/components/esp_event /home/tikhon/Документы/magnolia/esp-idf/components/esp_gdbstub /home/tikhon/Документы/magnolia/esp-idf/components/esp_hid /home/tikhon/Документы/magnolia/esp-idf/components/esp_http_client /home/tikhon/Документы/magnolia/esp-idf/components/esp_http_server /home/tikhon/Документы/magnolia/esp-idf/components/esp_https_ota /home/tikhon/Документы/magnolia/esp-idf/components/esp_https_server /home/tikhon/Документы/magnolia/esp-idf/components/esp_hw_support /home/tikhon/Документы/magnolia/esp-idf/components/esp_lcd /home/tikhon/Документы/magnolia/esp-idf/components/esp_local_ctrl /home/tikhon/Документы/magnolia/esp-idf/components/esp_mm /home/tikhon/Документы/magnolia/esp-idf/components/esp_netif /home/tikhon/Документы/magnolia/esp-idf/components/esp_netif_stack /home/tikhon/Документы/magnolia/esp-idf/components/esp_partition /home/tikhon/Документы/magnolia/esp-idf/components/esp_phy /home/tikhon/Документы/magnolia/esp-idf/components/esp_pm /home/tikhon/Документы/magnolia/esp-idf/components/esp_psram /home/tikhon/Документы/magnolia/esp-idf/components/esp_ringbuf /home/tikhon/Документы/magnolia/esp-idf/components/esp_rom /home/tikhon/Документы/magnolia/esp-idf/components/esp_security /home/tikhon/Документы/magnolia/esp-idf/components/esp_system /home/tikhon/Документы/magnolia/esp-idf/components/esp_timer /home/tikhon/Документы/magnolia/esp-idf/components/esp_vfs_console /home/tikhon/Документы/magnolia/esp-idf/components/esp_wifi /home/tikhon/Документы/magnolia/esp-idf/components/espcoredump /home/tikhon/Документы/magnolia/esp-idf/components/esptool_py /home/tikhon/Документы/magnolia/esp-idf/components/fatfs /home/tikhon/Документы/magnolia/esp-idf/components/freertos /home/tikhon/Документы/magnolia/esp-idf/components/hal /home/tikhon/Документы/magnolia/esp-idf/components/heap /home/tikhon/Документы/magnolia/esp-idf/components/http_parser /home/tikhon/Документы/magnolia/esp-idf/components/idf_test /home/tikhon/Документы/magnolia/esp-idf/components/ieee802154 /home/tikhon/Документы/magnolia/esp-idf/components/json /home/tikhon/Документы/magnolia/esp-idf/components/log /home/tikhon/Документы/magnolia/esp-idf/components/lwip /home/tikhon/Документы/magnolia/applets/mainline/printf/main /home/tikhon/Документы/magnolia/esp-idf/components/mbedtls /home/tikhon/Документы/magnolia/esp-idf/components/mqtt /home/tikhon/Документы/magnolia/esp-idf/components/newlib /home/tikhon/Документы/magnolia/esp-idf/components/nvs_flash /home/tikhon/Документы/magnolia/esp-idf/components/nvs_sec_provider /home/tikhon/Документы/magnolia/esp-idf/components/openthread /home/tikhon/Документы/magnolia/esp-idf/components/partition_table /home/tikhon/Документы/magnolia/esp-idf/components/perfmon /home/tikhon/Документы/magnolia/esp-idf/components/protobuf-c /home/tikhon/Документы/magnolia/esp-idf/components/protocomm /home/tikhon/Документы/magnolia/esp-idf/components/pthread /home/tikhon/Документы/magnolia/esp-idf/components/rt /home/tikhon/Документы/magnolia/esp-idf/components/sdmmc /home/tikhon/Документы/magnolia/esp-idf/components/soc /home/tikhon/Документы/magnolia/esp-idf/components/spi_flash /home/tikhon/Документы/magnolia/esp-idf/components/spiffs /home/tikhon/Документы/magnolia/esp-idf/components/tcp_transport /home/tikhon/Документы/magnolia/esp-idf/components/touch_element /home/tikhon/Документы/magnolia/esp-idf/components/ulp /home/tikhon/Документы/magnolia/esp-idf/components/unity /home/tikhon/Документы/magnolia/esp-idf/components/usb /home/tikhon/Документы/magnolia/esp-idf/components/vfs /home/tikhon/Документы/magnolia/esp-idf/components/wear_levelling /home/tikhon/Документы/magnolia/esp-idf/components/wifi_provisioning /home/tikhon/Документы/magnolia/esp-idf/components/wpa_supplicant /home/tikhon/Документы/magnolia/esp-idf/components/xtensa
[1/6] Building C object esp-idf/esp_app_format/CMakeFiles/__idf_esp_app_format.dir/esp_app_desc.c.obj
-- Configuring done (9.4s)
[2/6] Linking C static library esp-idf/esp_app_format/libesp_app_format.a
-- Project sdkconfig file /home/tikhon/Документы/magnolia/applets/mainline/sleep/sdkconfig
[3/6] Building C object esp-idf/main/CMakeFiles/__idf_main.dir/main.c.obj
-- Performing Test CMAKE_HAVE_LIBC_PTHREAD - Success
-- Found Threads: TRUE  
-- Performing Test C_COMPILER_SUPPORTS_WFORMAT_SIGNEDNESS
[4/6] Linking C static library esp-idf/main/libmain.a
[5/6] Build ELF: mkdir.app.elf
-- Performing Test C_COMPILER_SUPPORTS_WFORMAT_SIGNEDNESS - Success
-- USING O3
-- ESP-TEE is currently supported only on the esp32c6;esp32h2;esp32c5 SoCs
-- Adding linker script /home/tikhon/Документы/magnolia/applets/mainline/rmdir/build/esp-idf/esp_system/ld/memory.ld
-- Adding linker script /home/tikhon/Документы/magnolia/applets/mainline/rmdir/build/esp-idf/esp_system/ld/sections.ld.in
-- Project sdkconfig file /home/tikhon/Документы/magnolia/applets/mainline/tail/sdkconfig
-- Adding linker script /home/tikhon/Документы/magnolia/esp-idf/components/esp_rom/esp32s3/ld/esp32s3.rom.ld
-- Adding linker script /home/tikhon/Документы/magnolia/esp-idf/components/esp_rom/esp32s3/ld/esp32s3.rom.api.ld
-- Adding linker script /home/tikhon/Документы/magnolia/esp-idf/components/esp_rom/esp32s3/ld/esp32s3.rom.bt_funcs.ld
-- Adding linker script /home/tikhon/Документы/magnolia/esp-idf/components/esp_rom/esp32s3/ld/esp32s3.rom.libgcc.ld
-- Adding linker script /home/tikhon/Документы/magnolia/esp-idf/components/esp_rom/esp32s3/ld/esp32s3.rom.wdt.ld
-- Adding linker script /home/tikhon/Документы/magnolia/esp-idf/components/esp_rom/esp32s3/ld/esp32s3.rom.version.ld
-- Adding linker script /home/tikhon/Документы/magnolia/esp-idf/components/esp_rom/esp32s3/ld/esp32s3.rom.ble_master.ld
-- Adding linker script /home/tikhon/Документы/magnolia/esp-idf/components/esp_rom/esp32s3/ld/esp32s3.rom.ble_50.ld
-- Adding linker script /home/tikhon/Документы/magnolia/esp-idf/components/esp_rom/esp32s3/ld/esp32s3.rom.ble_smp.ld
-- Adding linker script /home/tikhon/Документы/magnolia/esp-idf/components/esp_rom/esp32s3/ld/esp32s3.rom.ble_dtm.ld
-- Adding linker script /home/tikhon/Документы/magnolia/esp-idf/components/esp_rom/esp32s3/ld/esp32s3.rom.ble_test.ld
-- Adding linker script /home/tikhon/Документы/magnolia/esp-idf/components/esp_rom/esp32s3/ld/esp32s3.rom.ble_scan.ld
-- Adding linker script /home/tikhon/Документы/magnolia/esp-idf/components/esp_rom/esp32s3/ld/esp32s3.rom.libc.ld
-- Adding linker script /home/tikhon/Документы/magnolia/esp-idf/components/esp_rom/esp32s3/ld/esp32s3.rom.newlib.ld
Applet mkdir OK -> /home/tikhon/Документы/magnolia/rootfs/bin/mkdir
Building applet tr -> tr ...
+ idf.py elf
-- Adding linker script /home/tikhon/Документы/magnolia/esp-idf/components/soc/esp32s3/ld/esp32s3.peripherals.ld
-- Project sdkconfig file /home/tikhon/Документы/magnolia/applets/mainline/tee/sdkconfig
-- Project sdkconfig file /home/tikhon/Документы/magnolia/applets/mainline/sort/sdkconfig
-- Compiler supported targets: xtensa-esp-elf
-- Generating done (0.6s)
-- App "sh" version: c092b7f-dirty
-- Build files have been written to: /home/tikhon/Документы/magnolia/applets/mainline/mv/build
-- Generating done (0.7s)
-- Build files have been written to: /home/tikhon/Документы/magnolia/applets/mainline/pwd/build
-- Generating done (0.5s)
-- Compiler supported targets: xtensa-esp-elf
-- Generating done (0.7s)
-- Generating done (0.5s)
-- Build files have been written to: /home/tikhon/Документы/magnolia/applets/mainline/ps/build
-- Build files have been written to: /home/tikhon/Документы/magnolia/applets/mainline/rm/build
-- Build files have been written to: /home/tikhon/Документы/magnolia/applets/mainline/paste/build
-- Project sdkconfig file /home/tikhon/Документы/magnolia/applets/mainline/test/sdkconfig
-- Generating done (0.5s)
[1/4] Building C object esp-idf/esp_app_format/CMakeFiles/__idf_esp_app_format.dir/esp_app_desc.c.obj
[2/4] Linking C static library esp-idf/esp_app_format/libesp_app_format.a
[3/4] Build ELF: mv.app.elf
-- Compiler supported targets: xtensa-esp-elf
-- Build files have been written to: /home/tikhon/Документы/magnolia/applets/mainline/printf/build
-- App "shell" version: c092b7f-dirty
[1/6] Building C object esp-idf/esp_app_format/CMakeFiles/__idf_esp_app_format.dir/esp_app_desc.c.obj
-- USING O3
[2/6] Linking C static library esp-idf/esp_app_format/libesp_app_format.a
-- Adding linker script /home/tikhon/Документы/magnolia/applets/mainline/sh/build/esp-idf/esp_system/ld/memory.ld
-- Adding linker script /home/tikhon/Документы/magnolia/applets/mainline/sh/build/esp-idf/esp_system/ld/sections.ld.in
[3/6] Building C object esp-idf/main/CMakeFiles/__idf_main.dir/main.c.obj
-- Adding linker script /home/tikhon/Документы/magnolia/esp-idf/components/esp_rom/esp32s3/ld/esp32s3.rom.ld
-- Adding linker script /home/tikhon/Документы/magnolia/esp-idf/components/esp_rom/esp32s3/ld/esp32s3.rom.api.ld
-- Adding linker script /home/tikhon/Документы/magnolia/esp-idf/components/esp_rom/esp32s3/ld/esp32s3.rom.bt_funcs.ld
-- Adding linker script /home/tikhon/Документы/magnolia/esp-idf/components/esp_rom/esp32s3/ld/esp32s3.rom.libgcc.ld
-- Adding linker script /home/tikhon/Документы/magnolia/esp-idf/components/esp_rom/esp32s3/ld/esp32s3.rom.wdt.ld
-- Adding linker script /home/tikhon/Документы/magnolia/esp-idf/components/esp_rom/esp32s3/ld/esp32s3.rom.version.ld
-- Adding linker script /home/tikhon/Документы/magnolia/esp-idf/components/esp_rom/esp32s3/ld/esp32s3.rom.ble_master.ld
-- Adding linker script /home/tikhon/Документы/magnolia/esp-idf/components/esp_rom/esp32s3/ld/esp32s3.rom.ble_50.ld
-- Adding linker script /home/tikhon/Документы/magnolia/esp-idf/components/esp_rom/esp32s3/ld/esp32s3.rom.ble_smp.ld
-- Adding linker script /home/tikhon/Документы/magnolia/esp-idf/components/esp_rom/esp32s3/ld/esp32s3.rom.ble_dtm.ld
-- Adding linker script /home/tikhon/Документы/magnolia/esp-idf/components/esp_rom/esp32s3/ld/esp32s3.rom.ble_test.ld
-- Adding linker script /home/tikhon/Документы/magnolia/esp-idf/components/esp_rom/esp32s3/ld/esp32s3.rom.ble_scan.ld
-- Adding linker script /home/tikhon/Документы/magnolia/esp-idf/components/esp_rom/esp32s3/ld/esp32s3.rom.libc.ld
-- Adding linker script /home/tikhon/Документы/magnolia/esp-idf/components/esp_rom/esp32s3/ld/esp32s3.rom.newlib.ld
-- Adding linker script /home/tikhon/Документы/magnolia/esp-idf/components/soc/esp32s3/ld/esp32s3.peripherals.ld
[4/6] Linking C static library esp-idf/main/libmain.a
[1/6] Building C object esp-idf/main/CMakeFiles/__idf_main.dir/main.c.obj
FAILED: esp-idf/main/CMakeFiles/__idf_main.dir/main.c.obj 
/home/tikhon/.espressif/tools/xtensa-esp-elf/esp-15.1.0_20250607/xtensa-esp-elf/bin/xtensa-esp32s3-elf-gcc -DESP_PLATFORM -DIDF_VER=\"v6.0-dev-1833-g758939caec-dirty\" -DMBEDTLS_CONFIG_FILE=\"mbedtls/esp_config.h\" -DSOC_MMU_PAGE_SIZE=CONFIG_MMU_PAGE_SIZE -DSOC_XTAL_FREQ_MHZ=CONFIG_XTAL_FREQ -DUNITY_INCLUDE_CONFIG_H -D_GLIBCXX_HAVE_POSIX_SEMAPHORE -D_GLIBCXX_USE_POSIX_SEMAPHORE -D_GNU_SOURCE -D_POSIX_READER_WRITER_LOCKS -I/home/tikhon/Документы/magnolia/applets/mainline/rm/build/config -I/home/tikhon/Документы/magnolia/esp-idf/components/newlib/platform_include -I/home/tikhon/Документы/magnolia/esp-idf/components/freertos/config/include -I/home/tikhon/Документы/magnolia/esp-idf/components/freertos/config/include/freertos -I/home/tikhon/Документы/magnolia/esp-idf/components/freertos/config/xtensa/include -I/home/tikhon/Документы/magnolia/esp-idf/components/freertos/FreeRTOS-Kernel/include -I/home/tikhon/Документы/magnolia/esp-idf/components/freertos/FreeRTOS-Kernel/portable/xtensa/include -I/home/tikhon/Документы/magnolia/esp-idf/components/freertos/FreeRTOS-Kernel/portable/xtensa/include/freertos -I/home/tikhon/Документы/magnolia/esp-idf/components/freertos/esp_additions/include -I/home/tikhon/Документы/magnolia/esp-idf/components/esp_hw_support/include -I/home/tikhon/Документы/magnolia/esp-idf/components/esp_hw_support/include/soc -I/home/tikhon/Документы/magnolia/esp-idf/components/esp_hw_support/dma/include -I/home/tikhon/Документы/magnolia/esp-idf/components/esp_hw_support/ldo/include -I/home/tikhon/Документы/magnolia/esp-idf/components/esp_hw_support/debug_probe/include -I/home/tikhon/Документы/magnolia/esp-idf/components/esp_hw_support/mspi_timing_tuning/include -I/home/tikhon/Документы/magnolia/esp-idf/components/esp_hw_support/mspi_timing_tuning/tuning_scheme_impl/include -I/home/tikhon/Документы/magnolia/esp-idf/components/esp_hw_support/power_supply/include -I/home/tikhon/Документы/magnolia/esp-idf/components/esp_hw_support/include/soc/esp32s3 -I/home/tikhon/Документы/magnolia/esp-idf/components/esp_hw_support/port/esp32s3/. -I/home/tikhon/Документы/magnolia/esp-idf/components/esp_hw_support/port/esp32s3/include -I/home/tikhon/Документы/magnolia/esp-idf/components/esp_hw_support/mspi_timing_tuning/port/esp32s3/. -I/home/tikhon/Документы/magnolia/esp-idf/components/esp_hw_support/mspi_timing_tuning/port/esp32s3/include -I/home/tikhon/Документы/magnolia/esp-idf/components/heap/include -I/home/tikhon/Документы/magnolia/esp-idf/components/heap/tlsf -I/home/tikhon/Документы/magnolia/esp-idf/components/log/include -I/home/tikhon/Документы/magnolia/esp-idf/components/soc/include -I/home/tikhon/Документы/magnolia/esp-idf/components/soc/esp32s3 -I/home/tikhon/Документы/magnolia/esp-idf/components/soc/esp32s3/include -I/home/tikhon/Документы/magnolia/esp-idf/components/soc/esp32s3/register -I/home/tikhon/Документы/magnolia/esp-idf/components/hal/platform_port/include -I/home/tikhon/Документы/magnolia/esp-idf/components/hal/esp32s3/include -I/home/tikhon/Документы/magnolia/esp-idf/components/hal/include -I/home/tikhon/Документы/magnolia/esp-idf/components/esp_rom/include -I/home/tikhon/Документы/magnolia/esp-idf/components/esp_rom/esp32s3/include -I/home/tikhon/Документы/magnolia/esp-idf/components/esp_rom/esp32s3/include/esp32s3 -I/home/tikhon/Документы/magnolia/esp-idf/components/esp_rom/esp32s3 -I/home/tikhon/Документы/magnolia/esp-idf/components/esp_common/include -I/home/tikhon/Документы/magnolia/esp-idf/components/esp_system/include -I/home/tikhon/Документы/magnolia/esp-idf/components/esp_system/port/soc -I/home/tikhon/Документы/magnolia/esp-idf/components/esp_system/port/include/private -I/home/tikhon/Документы/magnolia/esp-idf/components/xtensa/esp32s3/include -I/home/tikhon/Документы/magnolia/esp-idf/components/xtensa/include -I/home/tikhon/Документы/magnolia/esp-idf/components/xtensa/deprecated_include -I/home/tikhon/Документы/magnolia/esp-idf/components/lwip/include -I/home/tikhon/Документы/magnolia/esp-idf/components/lwip/include/apps -I/home/tikhon/Документы/magnolia/esp-idf/components/lwip/include/apps/sntp -I/home/tikhon/Документы/magnolia/esp-idf/components/lwip/lwip/src/include -I/home/tikhon/Документы/magnolia/esp-idf/components/lwip/port/include -I/home/tikhon/Документы/magnolia/esp-idf/components/lwip/port/freertos/include -I/home/tikhon/Документы/magnolia/esp-idf/components/lwip/port/esp32xx/include -I/home/tikhon/Документы/magnolia/esp-idf/components/lwip/port/esp32xx/include/arch -I/home/tikhon/Документы/magnolia/esp-idf/components/lwip/port/esp32xx/include/sys -I/home/tikhon/Документы/magnolia/esp-idf/components/esp_app_format/include -I/home/tikhon/Документы/magnolia/esp-idf/components/esp_bootloader_format/include -I/home/tikhon/Документы/magnolia/esp-idf/components/app_update/include -I/home/tikhon/Документы/magnolia/esp-idf/components/bootloader_support/include -I/home/tikhon/Документы/magnolia/esp-idf/components/bootloader_support/bootloader_flash/include -I/home/tikhon/Документы/magnolia/esp-idf/components/esp_partition/include -I/home/tikhon/Документы/magnolia/esp-idf/components/efuse/include -I/home/tikhon/Документы/magnolia/esp-idf/components/efuse/esp32s3/include -I/home/tikhon/Документы/magnolia/esp-idf/components/esp_security/include -I/home/tikhon/Документы/magnolia/esp-idf/components/esp_driver_gpio/include -I/home/tikhon/Документы/magnolia/esp-idf/components/esp_pm/include -I/home/tikhon/Документы/magnolia/esp-idf/components/mbedtls/port/include -I/home/tikhon/Документы/magnolia/esp-idf/components/mbedtls/mbedtls/include -I/home/tikhon/Документы/magnolia/esp-idf/components/mbedtls/mbedtls/library -I/home/tikhon/Документы/magnolia/esp-idf/components/mbedtls/esp_crt_bundle/include -I/home/tikhon/Документы/magnolia/esp-idf/components/mbedtls/mbedtls/3rdparty/everest/include -I/home/tikhon/Документы/magnolia/esp-idf/components/mbedtls/mbedtls/3rdparty/p256-m -I/home/tikhon/Документы/magnolia/esp-idf/components/mbedtls/mbedtls/3rdparty/p256-m/p256-m -I/home/tikhon/Документы/magnolia/esp-idf/components/esp_mm/include -I/home/tikhon/Документы/magnolia/esp-idf/components/spi_flash/include -I/home/tikhon/Документы/magnolia/esp-idf/components/pthread/include -I/home/tikhon/Документы/magnolia/esp-idf/components/esp_timer/include -I/home/tikhon/Документы/magnolia/esp-idf/components/esp_driver_gptimer/include -I/home/tikhon/Документы/magnolia/esp-idf/components/esp_ringbuf/include -I/home/tikhon/Документы/magnolia/esp-idf/components/esp_driver_uart/include -I/home/tikhon/Документы/magnolia/esp-idf/components/vfs/include -I/home/tikhon/Документы/magnolia/esp-idf/components/app_trace/include -I/home/tikhon/Документы/magnolia/esp-idf/components/esp_event/include -I/home/tikhon/Документы/magnolia/esp-idf/components/nvs_flash/include -I/home/tikhon/Документы/magnolia/esp-idf/components/esp_phy/include -I/home/tikhon/Документы/magnolia/esp-idf/components/esp_phy/esp32s3/include -I/home/tikhon/Документы/magnolia/esp-idf/components/esp_driver_usb_serial_jtag/include -I/home/tikhon/Документы/magnolia/esp-idf/components/esp_vfs_console/include -I/home/tikhon/Документы/magnolia/esp-idf/components/esp_netif/include -I/home/tikhon/Документы/magnolia/esp-idf/components/wpa_supplicant/include -I/home/tikhon/Документы/magnolia/esp-idf/components/wpa_supplicant/port/include -I/home/tikhon/Документы/magnolia/esp-idf/components/wpa_supplicant/esp_supplicant/include -I/home/tikhon/Документы/magnolia/esp-idf/components/esp_coex/include -I/home/tikhon/Документы/magnolia/esp-idf/components/esp_wifi/include -I/home/tikhon/Документы/magnolia/esp-idf/components/esp_wifi/include/local -I/home/tikhon/Документы/magnolia/esp-idf/components/esp_wifi/wifi_apps/include -I/home/tikhon/Документы/magnolia/esp-idf/components/esp_wifi/wifi_apps/nan_app/include -I/home/tikhon/Документы/magnolia/esp-idf/components/esp_driver_spi/include -I/home/tikhon/Документы/magnolia/esp-idf/components/esp_gdbstub/include -I/home/tikhon/Документы/magnolia/esp-idf/components/unity/include -I/home/tikhon/Документы/magnolia/esp-idf/components/unity/unity/src -I/home/tikhon/Документы/magnolia/esp-idf/components/cmock/CMock/src -I/home/tikhon/Документы/magnolia/esp-idf/components/console -I/home/tikhon/Документы/magnolia/esp-idf/components/esp_driver_pcnt/include -I/home/tikhon/Документы/magnolia/esp-idf/components/esp_driver_mcpwm/include -I/home/tikhon/Документы/magnolia/esp-idf/components/esp_driver_ana_cmpr/include -I/home/tikhon/Документы/magnolia/esp-idf/components/esp_driver_i2s/include -I/home/tikhon/Документы/magnolia/esp-idf/components/sdmmc/include -I/home/tikhon/Документы/magnolia/esp-idf/components/esp_driver_sd_intf/include -I/home/tikhon/Документы/magnolia/esp-idf/components/esp_driver_sdmmc/include -I/home/tikhon/Документы/magnolia/esp-idf/components/esp_driver_sdmmc/legacy/include -I/home/tikhon/Документы/magnolia/esp-idf/components/esp_driver_sdspi/include -I/home/tikhon/Документы/magnolia/esp-idf/components/esp_driver_sdio/include -I/home/tikhon/Документы/magnolia/esp-idf/components/esp_driver_dac/include -I/home/tikhon/Документы/magnolia/esp-idf/components/esp_driver_bitscrambler/include -I/home/tikhon/Документы/magnolia/esp-idf/components/esp_driver_rmt/include -I/home/tikhon/Документы/magnolia/esp-idf/components/esp_driver_tsens/include -I/home/tikhon/Документы/magnolia/esp-idf/components/esp_driver_sdm/include -I/home/tikhon/Документы/magnolia/esp-idf/components/esp_driver_i2c/include -I/home/tikhon/Документы/magnolia/esp-idf/components/esp_driver_ledc/include -I/home/tikhon/Документы/magnolia/esp-idf/components/esp_driver_parlio/include -I/home/tikhon/Документы/magnolia/esp-idf/components/esp_driver_twai/include -I/home/tikhon/Документы/magnolia/esp-idf/components/driver/deprecated -I/home/tikhon/Документы/magnolia/esp-idf/components/driver/i2c/include -I/home/tikhon/Документы/magnolia/esp-idf/components/driver/touch_sensor/include -I/home/tikhon/Документы/magnolia/esp-idf/components/driver/twai/include -I/home/tikhon/Документы/magnolia/esp-idf/components/driver/touch_sensor/esp32s3/include -I/home/tikhon/Документы/magnolia/esp-idf/components/http_parser -I/home/tikhon/Документы/magnolia/esp-idf/components/esp-tls -I/home/tikhon/Документы/magnolia/esp-idf/components/esp-tls/esp-tls-crypto -I/home/tikhon/Документы/magnolia/esp-idf/components/esp_adc/include -I/home/tikhon/Документы/magnolia/esp-idf/components/esp_adc/interface -I/home/tikhon/Документы/magnolia/esp-idf/components/esp_adc/esp32s3/include -I/home/tikhon/Документы/magnolia/esp-idf/components/esp_driver_isp/include -I/home/tikhon/Документы/magnolia/esp-idf/components/esp_driver_cam/include -I/home/tikhon/Документы/magnolia/esp-idf/components/esp_driver_cam/interface -I/home/tikhon/Документы/magnolia/esp-idf/components/esp_driver_cam/dvp/include -I/home/tikhon/Документы/magnolia/esp-idf/components/esp_driver_i3c/include -I/home/tikhon/Документы/magnolia/esp-idf/components/esp_psram/include -I/home/tikhon/Документы/magnolia/esp-idf/components/esp_psram/xip_impl/include -I/home/tikhon/Документы/magnolia/esp-idf/components/esp_driver_jpeg/include -I/home/tikhon/Документы/magnolia/esp-idf/components/esp_driver_ppa/include -I/home/tikhon/Документы/magnolia/esp-idf/components/esp_driver_touch_sens/include -I/home/tikhon/Документы/magnolia/esp-idf/components/esp_driver_touch_sens/hw_ver2/include -I/home/tikhon/Документы/magnolia/esp-idf/components/esp_eth/include -I/home/tikhon/Документы/magnolia/esp-idf/components/esp_hid/include -I/home/tikhon/Документы/magnolia/esp-idf/components/tcp_transport/include -I/home/tikhon/Документы/magnolia/esp-idf/components/esp_http_client/include -I/home/tikhon/Документы/magnolia/esp-idf/components/esp_http_server/include -I/home/tikhon/Документы/magnolia/esp-idf/components/esp_https_ota/include -I/home/tikhon/Документы/magnolia/esp-idf/components/esp_https_server/include -I/home/tikhon/Документы/magnolia/esp-idf/components/esp_lcd/include -I/home/tikhon/Документы/magnolia/esp-idf/components/esp_lcd/interface -I/home/tikhon/Документы/magnolia/esp-idf/components/esp_lcd/rgb/include -I/home/tikhon/Документы/magnolia/esp-idf/components/protobuf-c/protobuf-c -I/home/tikhon/Документы/magnolia/esp-idf/components/protocomm/include/common -I/home/tikhon/Документы/magnolia/esp-idf/components/protocomm/include/security -I/home/tikhon/Документы/magnolia/esp-idf/components/protocomm/include/transports -I/home/tikhon/Документы/magnolia/esp-idf/components/protocomm/include/crypto/srp6a -I/home/tikhon/Документы/magnolia/esp-idf/components/protocomm/proto-c -I/home/tikhon/Документы/magnolia/esp-idf/components/esp_local_ctrl/include -I/home/tikhon/Документы/magnolia/esp-idf/components/espcoredump/include -I/home/tikhon/Документы/magnolia/esp-idf/components/espcoredump/include/port/xtensa -I/home/tikhon/Документы/magnolia/esp-idf/components/wear_levelling/include -I/home/tikhon/Документы/magnolia/esp-idf/components/fatfs/diskio -I/home/tikhon/Документы/magnolia/esp-idf/components/fatfs/src -I/home/tikhon/Документы/magnolia/esp-idf/components/fatfs/vfs -I/home/tikhon/Документы/magnolia/esp-idf/components/idf_test/include -I/home/tikhon/Документы/magnolia/esp-idf/components/idf_test/include/esp32s3 -I/home/tikhon/Документы/magnolia/esp-idf/components/ieee802154/include -I/home/tikhon/Документы/magnolia/esp-idf/components/json/cJSON -I/home/tikhon/Документы/magnolia/esp-idf/components/mqtt/esp-mqtt/include -I/home/tikhon/Документы/magnolia/esp-idf/components/nvs_sec_provider/include -I/home/tikhon/Документы/magnolia/esp-idf/components/perfmon/include -I/home/tikhon/Документы/magnolia/esp-idf/components/rt/include -I/home/tikhon/Документы/magnolia/esp-idf/components/spiffs/include -I/home/tikhon/Документы/magnolia/esp-idf/components/touch_element/include -I/home/tikhon/Документы/magnolia/esp-idf/components/usb/include -I/home/tikhon/Документы/magnolia/esp-idf/components/wifi_provisioning/include -mlongcalls -fno-builtin-memcpy -fno-builtin-memset -fno-builtin-bzero  -fdiagnostics-color=always -ffunction-sections -fdata-sections -Wall -Werror=all -Wno-error=unused-function -Wno-error=unused-variable -Wno-error=unused-but-set-variable -Wno-error=deprecated-declarations -Wextra -Wno-error=extra -Wno-unused-parameter -Wno-sign-compare -Wno-enum-conversion -gdwarf-4 -ggdb -Og -fno-shrink-wrap -fmacro-prefix-map=/home/tikhon/Документы/magnolia/applets/mainline/rm=. -fmacro-prefix-map=/home/tikhon/Документы/magnolia/esp-idf=/IDF -fstrict-volatile-bitfields -fno-jump-tables -fno-tree-switch-conversion -nostartfiles -nostdlib -fPIC -shared -e app_main -Wl,--gc-sections -fvisibility=hidden -Wl,--strip-all -Wl,--strip-debug -Wl,--strip-discarded -Dmain=app_main -std=gnu17 -Wno-old-style-declaration -fzero-init-padding-bits=all -fno-malloc-dce -MD -MT esp-idf/main/CMakeFiles/__idf_main.dir/main.c.obj -MF esp-idf/main/CMakeFiles/__idf_main.dir/main.c.obj.d -o esp-idf/main/CMakeFiles/__idf_main.dir/main.c.obj -c '/home/tikhon/Документы/magnolia/applets/mainline/rm/main/main.c'
/home/tikhon/Документы/magnolia/applets/mainline/rm/main/main.c: In function 'rm_path':
/home/tikhon/Документы/magnolia/applets/mainline/rm/main/main.c:74:9: error: implicit declaration of function 'lstat'; did you mean 'stat'? [-Wimplicit-function-declaration]
   74 |     if (lstat(path, &st) != 0) {
      |         ^~~~~
      |         stat
[5/6] Build ELF: pwd.app.elf
[2/6] Building C object esp-idf/esp_app_format/CMakeFiles/__idf_esp_app_format.dir/esp_app_desc.c.obj
ninja: build stopped: subcommand failed.
[1/4] Building C object esp-idf/esp_app_format/CMakeFiles/__idf_esp_app_format.dir/esp_app_desc.c.obj
[2/4] Linking C static library esp-idf/esp_app_format/libesp_app_format.a
-- App "sleep" version: c092b7f-dirty
[3/4] Build ELF: ps.app.elf
+ idf.py elf
Applet mv OK -> /home/tikhon/Документы/magnolia/rootfs/bin/mv
Building applet true -> true ...
+ idf.py elf
-- Compiler supported targets: xtensa-esp-elf
-- Compiler supported targets: xtensa-esp-elf
-- Compiler supported targets: xtensa-esp-elf
-- Components: app_trace app_update bootloader bootloader_support bt cmock console cxx driver efuse esp-tls esp_adc esp_app_format esp_bootloader_format esp_coex esp_common esp_driver_ana_cmpr esp_driver_bitscrambler esp_driver_cam esp_driver_dac esp_driver_gpio esp_driver_gptimer esp_driver_i2c esp_driver_i2s esp_driver_i3c esp_driver_isp esp_driver_jpeg esp_driver_ledc esp_driver_mcpwm esp_driver_parlio esp_driver_pcnt esp_driver_ppa esp_driver_rmt esp_driver_sd_intf esp_driver_sdio esp_driver_sdm esp_driver_sdmmc esp_driver_sdspi esp_driver_spi esp_driver_touch_sens esp_driver_tsens esp_driver_twai esp_driver_uart esp_driver_usb_serial_jtag esp_eth esp_event esp_gdbstub esp_hid esp_http_client esp_http_server esp_https_ota esp_https_server esp_hw_support esp_lcd esp_local_ctrl esp_mm esp_netif esp_netif_stack esp_partition esp_phy esp_pm esp_psram esp_ringbuf esp_rom esp_security esp_system esp_timer esp_vfs_console esp_wifi espcoredump esptool_py fatfs freertos hal heap http_parser idf_test ieee802154 json log lwip main mbedtls mqtt newlib nvs_flash nvs_sec_provider openthread partition_table perfmon protobuf-c protocomm pthread rt sdmmc soc spi_flash spiffs tcp_transport touch_element ulp unity usb vfs wear_levelling wifi_provisioning wpa_supplicant xtensa
-- Component paths: /home/tikhon/Документы/magnolia/esp-idf/components/app_trace /home/tikhon/Документы/magnolia/esp-idf/components/app_update /home/tikhon/Документы/magnolia/esp-idf/components/bootloader /home/tikhon/Документы/magnolia/esp-idf/components/bootloader_support /home/tikhon/Документы/magnolia/esp-idf/components/bt /home/tikhon/Документы/magnolia/esp-idf/components/cmock /home/tikhon/Документы/magnolia/esp-idf/components/console /home/tikhon/Документы/magnolia/esp-idf/components/cxx /home/tikhon/Документы/magnolia/esp-idf/components/driver /home/tikhon/Документы/magnolia/esp-idf/components/efuse /home/tikhon/Документы/magnolia/esp-idf/components/esp-tls /home/tikhon/Документы/magnolia/esp-idf/components/esp_adc /home/tikhon/Документы/magnolia/esp-idf/components/esp_app_format /home/tikhon/Документы/magnolia/esp-idf/components/esp_bootloader_format /home/tikhon/Документы/magnolia/esp-idf/components/esp_coex /home/tikhon/Документы/magnolia/esp-idf/components/esp_common /home/tikhon/Документы/magnolia/esp-idf/components/esp_driver_ana_cmpr /home/tikhon/Документы/magnolia/esp-idf/components/esp_driver_bitscrambler /home/tikhon/Документы/magnolia/esp-idf/components/esp_driver_cam /home/tikhon/Документы/magnolia/esp-idf/components/esp_driver_dac /home/tikhon/Документы/magnolia/esp-idf/components/esp_driver_gpio /home/tikhon/Документы/magnolia/esp-idf/components/esp_driver_gptimer /home/tikhon/Документы/magnolia/esp-idf/components/esp_driver_i2c /home/tikhon/Документы/magnolia/esp-idf/components/esp_driver_i2s /home/tikhon/Документы/magnolia/esp-idf/components/esp_driver_i3c /home/tikhon/Документы/magnolia/esp-idf/components/esp_driver_isp /home/tikhon/Документы/magnolia/esp-idf/components/esp_driver_jpeg /home/tikhon/Документы/magnolia/esp-idf/components/esp_driver_ledc /home/tikhon/Документы/magnolia/esp-idf/components/esp_driver_mcpwm /home/tikhon/Документы/magnolia/esp-idf/components/esp_driver_parlio /home/tikhon/Документы/magnolia/esp-idf/components/esp_driver_pcnt /home/tikhon/Документы/magnolia/esp-idf/components/esp_driver_ppa /home/tikhon/Документы/magnolia/esp-idf/components/esp_driver_rmt /home/tikhon/Документы/magnolia/esp-idf/components/esp_driver_sd_intf /home/tikhon/Документы/magnolia/esp-idf/components/esp_driver_sdio /home/tikhon/Документы/magnolia/esp-idf/components/esp_driver_sdm /home/tikhon/Документы/magnolia/esp-idf/components/esp_driver_sdmmc /home/tikhon/Документы/magnolia/esp-idf/components/esp_driver_sdspi /home/tikhon/Документы/magnolia/esp-idf/components/esp_driver_spi /home/tikhon/Документы/magnolia/esp-idf/components/esp_driver_touch_sens /home/tikhon/Документы/magnolia/esp-idf/components/esp_driver_tsens /home/tikhon/Документы/magnolia/esp-idf/components/esp_driver_twai /home/tikhon/Документы/magnolia/esp-idf/components/esp_driver_uart /home/tikhon/Документы/magnolia/esp-idf/components/esp_driver_usb_serial_jtag /home/tikhon/Документы/magnolia/esp-idf/components/esp_eth /home/tikhon/Документы/magnolia/esp-idf/components/esp_event /home/tikhon/Документы/magnolia/esp-idf/components/esp_gdbstub /home/tikhon/Документы/magnolia/esp-idf/components/esp_hid /home/tikhon/Документы/magnolia/esp-idf/components/esp_http_client /home/tikhon/Документы/magnolia/esp-idf/components/esp_http_server /home/tikhon/Документы/magnolia/esp-idf/components/esp_https_ota /home/tikhon/Документы/magnolia/esp-idf/components/esp_https_server /home/tikhon/Документы/magnolia/esp-idf/components/esp_hw_support /home/tikhon/Документы/magnolia/esp-idf/components/esp_lcd /home/tikhon/Документы/magnolia/esp-idf/components/esp_local_ctrl /home/tikhon/Документы/magnolia/esp-idf/components/esp_mm /home/tikhon/Документы/magnolia/esp-idf/components/esp_netif /home/tikhon/Документы/magnolia/esp-idf/components/esp_netif_stack /home/tikhon/Документы/magnolia/esp-idf/components/esp_partition /home/tikhon/Документы/magnolia/esp-idf/components/esp_phy /home/tikhon/Документы/magnolia/esp-idf/components/esp_pm /home/tikhon/Документы/magnolia/esp-idf/components/esp_psram /home/tikhon/Документы/magnolia/esp-idf/components/esp_ringbuf /home/tikhon/Документы/magnolia/esp-idf/components/esp_rom /home/tikhon/Документы/magnolia/esp-idf/components/esp_security /home/tikhon/Документы/magnolia/esp-idf/components/esp_system /home/tikhon/Документы/magnolia/esp-idf/components/esp_timer /home/tikhon/Документы/magnolia/esp-idf/components/esp_vfs_console /home/tikhon/Документы/magnolia/esp-idf/components/esp_wifi /home/tikhon/Документы/magnolia/esp-idf/components/espcoredump /home/tikhon/Документы/magnolia/esp-idf/components/esptool_py /home/tikhon/Документы/magnolia/esp-idf/components/fatfs /home/tikhon/Документы/magnolia/esp-idf/components/freertos /home/tikhon/Документы/magnolia/esp-idf/components/hal /home/tikhon/Документы/magnolia/esp-idf/components/heap /home/tikhon/Документы/magnolia/esp-idf/components/http_parser /home/tikhon/Документы/magnolia/esp-idf/components/idf_test /home/tikhon/Документы/magnolia/esp-idf/components/ieee802154 /home/tikhon/Документы/magnolia/esp-idf/components/json /home/tikhon/Документы/magnolia/esp-idf/components/log /home/tikhon/Документы/magnolia/esp-idf/components/lwip /home/tikhon/Документы/magnolia/applets/mainline/rmdir/main /home/tikhon/Документы/magnolia/esp-idf/components/mbedtls /home/tikhon/Документы/magnolia/esp-idf/components/mqtt /home/tikhon/Документы/magnolia/esp-idf/components/newlib /home/tikhon/Документы/magnolia/esp-idf/components/nvs_flash /home/tikhon/Документы/magnolia/esp-idf/components/nvs_sec_provider /home/tikhon/Документы/magnolia/esp-idf/components/openthread /home/tikhon/Документы/magnolia/esp-idf/components/partition_table /home/tikhon/Документы/magnolia/esp-idf/components/perfmon /home/tikhon/Документы/magnolia/esp-idf/components/protobuf-c /home/tikhon/Документы/magnolia/esp-idf/components/protocomm /home/tikhon/Документы/magnolia/esp-idf/components/pthread /home/tikhon/Документы/magnolia/esp-idf/components/rt /home/tikhon/Документы/magnolia/esp-idf/components/sdmmc /home/tikhon/Документы/magnolia/esp-idf/components/soc /home/tikhon/Документы/magnolia/esp-idf/components/spi_flash /home/tikhon/Документы/magnolia/esp-idf/components/spiffs /home/tikhon/Документы/magnolia/esp-idf/components/tcp_transport /home/tikhon/Документы/magnolia/esp-idf/components/touch_element /home/tikhon/Документы/magnolia/esp-idf/components/ulp /home/tikhon/Документы/magnolia/esp-idf/components/unity /home/tikhon/Документы/magnolia/esp-idf/components/usb /home/tikhon/Документы/magnolia/esp-idf/components/vfs /home/tikhon/Документы/magnolia/esp-idf/components/wear_levelling /home/tikhon/Документы/magnolia/esp-idf/components/wifi_provisioning /home/tikhon/Документы/magnolia/esp-idf/components/wpa_supplicant /home/tikhon/Документы/magnolia/esp-idf/components/xtensa
+ idf.py elf
-- Configuring done (6.1s)
Applet pwd OK -> /home/tikhon/Документы/magnolia/rootfs/bin/pwd
Building applet uname -> uname ...
+ idf.py elf
Applet ps OK -> /home/tikhon/Документы/magnolia/rootfs/bin/ps
Building applet unlink -> unlink ...
Reconfiguring applet unlink (cmake inputs changed)
+ idf.py reconfigure
Command failed (2): idf.py elf
Elf target failed for rm; running `idf.py build` instead.
+ idf.py build
-- USING O3
-- App "tail" version: c092b7f-dirty
-- Adding linker script /home/tikhon/Документы/magnolia/applets/mainline/shell/build/esp-idf/esp_system/ld/memory.ld
-- Adding linker script /home/tikhon/Документы/magnolia/applets/mainline/shell/build/esp-idf/esp_system/ld/sections.ld.in
-- USING O3
-- Adding linker script /home/tikhon/Документы/magnolia/esp-idf/components/esp_rom/esp32s3/ld/esp32s3.rom.ld
-- Adding linker script /home/tikhon/Документы/magnolia/esp-idf/components/esp_rom/esp32s3/ld/esp32s3.rom.api.ld
-- Adding linker script /home/tikhon/Документы/magnolia/esp-idf/components/esp_rom/esp32s3/ld/esp32s3.rom.bt_funcs.ld
-- Adding linker script /home/tikhon/Документы/magnolia/esp-idf/components/esp_rom/esp32s3/ld/esp32s3.rom.libgcc.ld
-- Adding linker script /home/tikhon/Документы/magnolia/esp-idf/components/esp_rom/esp32s3/ld/esp32s3.rom.wdt.ld
-- Adding linker script /home/tikhon/Документы/magnolia/esp-idf/components/esp_rom/esp32s3/ld/esp32s3.rom.version.ld
-- Adding linker script /home/tikhon/Документы/magnolia/esp-idf/components/esp_rom/esp32s3/ld/esp32s3.rom.ble_master.ld
-- Adding linker script /home/tikhon/Документы/magnolia/esp-idf/components/esp_rom/esp32s3/ld/esp32s3.rom.ble_50.ld
-- Adding linker script /home/tikhon/Документы/magnolia/esp-idf/components/esp_rom/esp32s3/ld/esp32s3.rom.ble_smp.ld
-- Adding linker script /home/tikhon/Документы/magnolia/esp-idf/components/esp_rom/esp32s3/ld/esp32s3.rom.ble_dtm.ld
-- Adding linker script /home/tikhon/Документы/magnolia/esp-idf/components/esp_rom/esp32s3/ld/esp32s3.rom.ble_test.ld
-- Adding linker script /home/tikhon/Документы/magnolia/esp-idf/components/esp_rom/esp32s3/ld/esp32s3.rom.ble_scan.ld
-- Adding linker script /home/tikhon/Документы/magnolia/esp-idf/components/esp_rom/esp32s3/ld/esp32s3.rom.libc.ld
-- Adding linker script /home/tikhon/Документы/magnolia/esp-idf/components/esp_rom/esp32s3/ld/esp32s3.rom.newlib.ld
-- Adding linker script /home/tikhon/Документы/magnolia/esp-idf/components/soc/esp32s3/ld/esp32s3.peripherals.ld
-- App "sort" version: c092b7f-dirty
-- Adding linker script /home/tikhon/Документы/magnolia/applets/mainline/sleep/build/esp-idf/esp_system/ld/memory.ld
-- Adding linker script /home/tikhon/Документы/magnolia/applets/mainline/sleep/build/esp-idf/esp_system/ld/sections.ld.in
-- Project sdkconfig file /home/tikhon/Документы/magnolia/applets/mainline/touch/sdkconfig
-- Adding linker script /home/tikhon/Документы/magnolia/esp-idf/components/esp_rom/esp32s3/ld/esp32s3.rom.ld
-- Adding linker script /home/tikhon/Документы/magnolia/esp-idf/components/esp_rom/esp32s3/ld/esp32s3.rom.api.ld
-- Adding linker script /home/tikhon/Документы/magnolia/esp-idf/components/esp_rom/esp32s3/ld/esp32s3.rom.bt_funcs.ld
-- Adding linker script /home/tikhon/Документы/magnolia/esp-idf/components/esp_rom/esp32s3/ld/esp32s3.rom.libgcc.ld
-- Adding linker script /home/tikhon/Документы/magnolia/esp-idf/components/esp_rom/esp32s3/ld/esp32s3.rom.wdt.ld
-- Adding linker script /home/tikhon/Документы/magnolia/esp-idf/components/esp_rom/esp32s3/ld/esp32s3.rom.version.ld
-- Adding linker script /home/tikhon/Документы/magnolia/esp-idf/components/esp_rom/esp32s3/ld/esp32s3.rom.ble_master.ld
-- Adding linker script /home/tikhon/Документы/magnolia/esp-idf/components/esp_rom/esp32s3/ld/esp32s3.rom.ble_50.ld
-- Adding linker script /home/tikhon/Документы/magnolia/esp-idf/components/esp_rom/esp32s3/ld/esp32s3.rom.ble_smp.ld
-- Adding linker script /home/tikhon/Документы/magnolia/esp-idf/components/esp_rom/esp32s3/ld/esp32s3.rom.ble_dtm.ld
-- Adding linker script /home/tikhon/Документы/magnolia/esp-idf/components/esp_rom/esp32s3/ld/esp32s3.rom.ble_test.ld
-- Adding linker script /home/tikhon/Документы/magnolia/esp-idf/components/esp_rom/esp32s3/ld/esp32s3.rom.ble_scan.ld
-- Adding linker script /home/tikhon/Документы/magnolia/esp-idf/components/esp_rom/esp32s3/ld/esp32s3.rom.libc.ld
-- Adding linker script /home/tikhon/Документы/magnolia/esp-idf/components/esp_rom/esp32s3/ld/esp32s3.rom.newlib.ld
-- Adding linker script /home/tikhon/Документы/magnolia/esp-idf/components/soc/esp32s3/ld/esp32s3.peripherals.ld
Executing action: elf
Running ninja in directory /home/tikhon/Документы/magnolia/applets/mainline/tr/build
Executing "ninja elf"...
[0/1] Re-running CMake...
-- App "tee" version: c092b7f-dirty
-- USING O3
-- USING O3
-- Adding linker script /home/tikhon/Документы/magnolia/applets/mainline/sort/build/esp-idf/esp_system/ld/memory.ld
-- Adding linker script /home/tikhon/Документы/magnolia/applets/mainline/sort/build/esp-idf/esp_system/ld/sections.ld.in
-- Compiler supported targets: xtensa-esp-elf
-- Adding linker script /home/tikhon/Документы/magnolia/esp-idf/components/esp_rom/esp32s3/ld/esp32s3.rom.ld
-- Adding linker script /home/tikhon/Документы/magnolia/esp-idf/components/esp_rom/esp32s3/ld/esp32s3.rom.api.ld
-- Adding linker script /home/tikhon/Документы/magnolia/esp-idf/components/esp_rom/esp32s3/ld/esp32s3.rom.bt_funcs.ld
-- Adding linker script /home/tikhon/Документы/magnolia/esp-idf/components/esp_rom/esp32s3/ld/esp32s3.rom.libgcc.ld
-- Adding linker script /home/tikhon/Документы/magnolia/esp-idf/components/esp_rom/esp32s3/ld/esp32s3.rom.wdt.ld
-- Adding linker script /home/tikhon/Документы/magnolia/applets/mainline/tail/build/esp-idf/esp_system/ld/memory.ld
-- Adding linker script /home/tikhon/Документы/magnolia/esp-idf/components/esp_rom/esp32s3/ld/esp32s3.rom.version.ld
-- Adding linker script /home/tikhon/Документы/magnolia/applets/mainline/tail/build/esp-idf/esp_system/ld/sections.ld.in
-- Adding linker script /home/tikhon/Документы/magnolia/esp-idf/components/esp_rom/esp32s3/ld/esp32s3.rom.ble_master.ld
-- Adding linker script /home/tikhon/Документы/magnolia/esp-idf/components/esp_rom/esp32s3/ld/esp32s3.rom.ble_50.ld
-- Adding linker script /home/tikhon/Документы/magnolia/esp-idf/components/esp_rom/esp32s3/ld/esp32s3.rom.ble_smp.ld
-- Adding linker script /home/tikhon/Документы/magnolia/esp-idf/components/esp_rom/esp32s3/ld/esp32s3.rom.ble_dtm.ld
-- Adding linker script /home/tikhon/Документы/magnolia/esp-idf/components/esp_rom/esp32s3/ld/esp32s3.rom.ble_test.ld
-- Adding linker script /home/tikhon/Документы/magnolia/esp-idf/components/esp_rom/esp32s3/ld/esp32s3.rom.ble_scan.ld
-- Adding linker script /home/tikhon/Документы/magnolia/esp-idf/components/esp_rom/esp32s3/ld/esp32s3.rom.libc.ld
-- Adding linker script /home/tikhon/Документы/magnolia/esp-idf/components/esp_rom/esp32s3/ld/esp32s3.rom.newlib.ld
-- Adding linker script /home/tikhon/Документы/magnolia/esp-idf/components/esp_rom/esp32s3/ld/esp32s3.rom.ld
-- Adding linker script /home/tikhon/Документы/magnolia/esp-idf/components/esp_rom/esp32s3/ld/esp32s3.rom.api.ld
-- Adding linker script /home/tikhon/Документы/magnolia/esp-idf/components/esp_rom/esp32s3/ld/esp32s3.rom.bt_funcs.ld
-- Adding linker script /home/tikhon/Документы/magnolia/esp-idf/components/esp_rom/esp32s3/ld/esp32s3.rom.libgcc.ld
-- Adding linker script /home/tikhon/Документы/magnolia/esp-idf/components/esp_rom/esp32s3/ld/esp32s3.rom.wdt.ld
-- Adding linker script /home/tikhon/Документы/magnolia/esp-idf/components/esp_rom/esp32s3/ld/esp32s3.rom.version.ld
-- Adding linker script /home/tikhon/Документы/magnolia/esp-idf/components/esp_rom/esp32s3/ld/esp32s3.rom.ble_master.ld
-- Adding linker script /home/tikhon/Документы/magnolia/esp-idf/components/esp_rom/esp32s3/ld/esp32s3.rom.ble_50.ld
-- Adding linker script /home/tikhon/Документы/magnolia/esp-idf/components/esp_rom/esp32s3/ld/esp32s3.rom.ble_smp.ld
-- Adding linker script /home/tikhon/Документы/magnolia/esp-idf/components/esp_rom/esp32s3/ld/esp32s3.rom.ble_dtm.ld
-- Adding linker script /home/tikhon/Документы/magnolia/esp-idf/components/esp_rom/esp32s3/ld/esp32s3.rom.ble_test.ld
-- Adding linker script /home/tikhon/Документы/magnolia/esp-idf/components/esp_rom/esp32s3/ld/esp32s3.rom.ble_scan.ld
-- Adding linker script /home/tikhon/Документы/magnolia/esp-idf/components/esp_rom/esp32s3/ld/esp32s3.rom.libc.ld
-- Adding linker script /home/tikhon/Документы/magnolia/esp-idf/components/esp_rom/esp32s3/ld/esp32s3.rom.newlib.ld
-- Adding linker script /home/tikhon/Документы/magnolia/esp-idf/components/soc/esp32s3/ld/esp32s3.peripherals.ld
-- Adding linker script /home/tikhon/Документы/magnolia/esp-idf/components/soc/esp32s3/ld/esp32s3.peripherals.ld
-- USING O3
-- Adding linker script /home/tikhon/Документы/magnolia/applets/mainline/tee/build/esp-idf/esp_system/ld/memory.ld
-- Adding linker script /home/tikhon/Документы/magnolia/applets/mainline/tee/build/esp-idf/esp_system/ld/sections.ld.in
-- Components: app_trace app_update bootloader bootloader_support bt cmock console cxx driver efuse esp-tls esp_adc esp_app_format esp_bootloader_format esp_coex esp_common esp_driver_ana_cmpr esp_driver_bitscrambler esp_driver_cam esp_driver_dac esp_driver_gpio esp_driver_gptimer esp_driver_i2c esp_driver_i2s esp_driver_i3c esp_driver_isp esp_driver_jpeg esp_driver_ledc esp_driver_mcpwm esp_driver_parlio esp_driver_pcnt esp_driver_ppa esp_driver_rmt esp_driver_sd_intf esp_driver_sdio esp_driver_sdm esp_driver_sdmmc esp_driver_sdspi esp_driver_spi esp_driver_touch_sens esp_driver_tsens esp_driver_twai esp_driver_uart esp_driver_usb_serial_jtag esp_eth esp_event esp_gdbstub esp_hid esp_http_client esp_http_server esp_https_ota esp_https_server esp_hw_support esp_lcd esp_local_ctrl esp_mm esp_netif esp_netif_stack esp_partition esp_phy esp_pm esp_psram esp_ringbuf esp_rom esp_security esp_system esp_timer esp_vfs_console esp_wifi espcoredump esptool_py fatfs freertos hal heap http_parser idf_test ieee802154 json log lwip main mbedtls mqtt newlib nvs_flash nvs_sec_provider openthread partition_table perfmon protobuf-c protocomm pthread rt sdmmc soc spi_flash spiffs tcp_transport touch_element ulp unity usb vfs wear_levelling wifi_provisioning wpa_supplicant xtensa
-- Component paths: /home/tikhon/Документы/magnolia/esp-idf/components/app_trace /home/tikhon/Документы/magnolia/esp-idf/components/app_update /home/tikhon/Документы/magnolia/esp-idf/components/bootloader /home/tikhon/Документы/magnolia/esp-idf/components/bootloader_support /home/tikhon/Документы/magnolia/esp-idf/components/bt /home/tikhon/Документы/magnolia/esp-idf/components/cmock /home/tikhon/Документы/magnolia/esp-idf/components/console /home/tikhon/Документы/magnolia/esp-idf/components/cxx /home/tikhon/Документы/magnolia/esp-idf/components/driver /home/tikhon/Документы/magnolia/esp-idf/components/efuse /home/tikhon/Документы/magnolia/esp-idf/components/esp-tls /home/tikhon/Документы/magnolia/esp-idf/components/esp_adc /home/tikhon/Документы/magnolia/esp-idf/components/esp_app_format /home/tikhon/Документы/magnolia/esp-idf/components/esp_bootloader_format /home/tikhon/Документы/magnolia/esp-idf/components/esp_coex /home/tikhon/Документы/magnolia/esp-idf/components/esp_common /home/tikhon/Документы/magnolia/esp-idf/components/esp_driver_ana_cmpr /home/tikhon/Документы/magnolia/esp-idf/components/esp_driver_bitscrambler /home/tikhon/Документы/magnolia/esp-idf/components/esp_driver_cam /home/tikhon/Документы/magnolia/esp-idf/components/esp_driver_dac /home/tikhon/Документы/magnolia/esp-idf/components/esp_driver_gpio /home/tikhon/Документы/magnolia/esp-idf/components/esp_driver_gptimer /home/tikhon/Документы/magnolia/esp-idf/components/esp_driver_i2c /home/tikhon/Документы/magnolia/esp-idf/components/esp_driver_i2s /home/tikhon/Документы/magnolia/esp-idf/components/esp_driver_i3c /home/tikhon/Документы/magnolia/esp-idf/components/esp_driver_isp /home/tikhon/Документы/magnolia/esp-idf/components/esp_driver_jpeg /home/tikhon/Документы/magnolia/esp-idf/components/esp_driver_ledc /home/tikhon/Документы/magnolia/esp-idf/components/esp_driver_mcpwm /home/tikhon/Документы/magnolia/esp-idf/components/esp_driver_parlio /home/tikhon/Документы/magnolia/esp-idf/components/esp_driver_pcnt /home/tikhon/Документы/magnolia/esp-idf/components/esp_driver_ppa /home/tikhon/Документы/magnolia/esp-idf/components/esp_driver_rmt /home/tikhon/Документы/magnolia/esp-idf/components/esp_driver_sd_intf /home/tikhon/Документы/magnolia/esp-idf/components/esp_driver_sdio /home/tikhon/Документы/magnolia/esp-idf/components/esp_driver_sdm /home/tikhon/Документы/magnolia/esp-idf/components/esp_driver_sdmmc /home/tikhon/Документы/magnolia/esp-idf/components/esp_driver_sdspi /home/tikhon/Документы/magnolia/esp-idf/components/esp_driver_spi /home/tikhon/Документы/magnolia/esp-idf/components/esp_driver_touch_sens /home/tikhon/Документы/magnolia/esp-idf/components/esp_driver_tsens /home/tikhon/Документы/magnolia/esp-idf/components/esp_driver_twai /home/tikhon/Документы/magnolia/esp-idf/components/esp_driver_uart /home/tikhon/Документы/magnolia/esp-idf/components/esp_driver_usb_serial_jtag /home/tikhon/Документы/magnolia/esp-idf/components/esp_eth /home/tikhon/Документы/magnolia/esp-idf/components/esp_event /home/tikhon/Документы/magnolia/esp-idf/components/esp_gdbstub /home/tikhon/Документы/magnolia/esp-idf/components/esp_hid /home/tikhon/Документы/magnolia/esp-idf/components/esp_http_client /home/tikhon/Документы/magnolia/esp-idf/components/esp_http_server /home/tikhon/Документы/magnolia/esp-idf/components/esp_https_ota /home/tikhon/Документы/magnolia/esp-idf/components/esp_https_server /home/tikhon/Документы/magnolia/esp-idf/components/esp_hw_support /home/tikhon/Документы/magnolia/esp-idf/components/esp_lcd /home/tikhon/Документы/magnolia/esp-idf/components/esp_local_ctrl /home/tikhon/Документы/magnolia/esp-idf/components/esp_mm /home/tikhon/Документы/magnolia/esp-idf/components/esp_netif /home/tikhon/Документы/magnolia/esp-idf/components/esp_netif_stack /home/tikhon/Документы/magnolia/esp-idf/components/esp_partition /home/tikhon/Документы/magnolia/esp-idf/components/esp_phy /home/tikhon/Документы/magnolia/esp-idf/components/esp_pm /home/tikhon/Документы/magnolia/esp-idf/components/esp_psram /home/tikhon/Документы/magnolia/esp-idf/components/esp_ringbuf /home/tikhon/Документы/magnolia/esp-idf/components/esp_rom /home/tikhon/Документы/magnolia/esp-idf/components/esp_security /home/tikhon/Документы/magnolia/esp-idf/components/esp_system /home/tikhon/Документы/magnolia/esp-idf/components/esp_timer /home/tikhon/Документы/magnolia/esp-idf/components/esp_vfs_console /home/tikhon/Документы/magnolia/esp-idf/components/esp_wifi /home/tikhon/Документы/magnolia/esp-idf/components/espcoredump /home/tikhon/Документы/magnolia/esp-idf/components/esptool_py /home/tikhon/Документы/magnolia/esp-idf/components/fatfs /home/tikhon/Документы/magnolia/esp-idf/components/freertos /home/tikhon/Документы/magnolia/esp-idf/components/hal /home/tikhon/Документы/magnolia/esp-idf/components/heap /home/tikhon/Документы/magnolia/esp-idf/components/http_parser /home/tikhon/Документы/magnolia/esp-idf/components/idf_test /home/tikhon/Документы/magnolia/esp-idf/components/ieee802154 /home/tikhon/Документы/magnolia/esp-idf/components/json /home/tikhon/Документы/magnolia/esp-idf/components/log /home/tikhon/Документы/magnolia/esp-idf/components/lwip /home/tikhon/Документы/magnolia/applets/mainline/sh/main /home/tikhon/Документы/magnolia/esp-idf/components/mbedtls /home/tikhon/Документы/magnolia/esp-idf/components/mqtt /home/tikhon/Документы/magnolia/esp-idf/components/newlib /home/tikhon/Документы/magnolia/esp-idf/components/nvs_flash /home/tikhon/Документы/magnolia/esp-idf/components/nvs_sec_provider /home/tikhon/Документы/magnolia/esp-idf/components/openthread /home/tikhon/Документы/magnolia/esp-idf/components/partition_table /home/tikhon/Документы/magnolia/esp-idf/components/perfmon /home/tikhon/Документы/magnolia/esp-idf/components/protobuf-c /home/tikhon/Документы/magnolia/esp-idf/components/protocomm /home/tikhon/Документы/magnolia/esp-idf/components/pthread /home/tikhon/Документы/magnolia/esp-idf/components/rt /home/tikhon/Документы/magnolia/esp-idf/components/sdmmc /home/tikhon/Документы/magnolia/esp-idf/components/soc /home/tikhon/Документы/magnolia/esp-idf/components/spi_flash /home/tikhon/Документы/magnolia/esp-idf/components/spiffs /home/tikhon/Документы/magnolia/esp-idf/components/tcp_transport /home/tikhon/Документы/magnolia/esp-idf/components/touch_element /home/tikhon/Документы/magnolia/esp-idf/components/ulp /home/tikhon/Документы/magnolia/esp-idf/components/unity /home/tikhon/Документы/magnolia/esp-idf/components/usb /home/tikhon/Документы/magnolia/esp-idf/components/vfs /home/tikhon/Документы/magnolia/esp-idf/components/wear_levelling /home/tikhon/Документы/magnolia/esp-idf/components/wifi_provisioning /home/tikhon/Документы/magnolia/esp-idf/components/wpa_supplicant /home/tikhon/Документы/magnolia/esp-idf/components/xtensa
-- Adding linker script /home/tikhon/Документы/magnolia/esp-idf/components/esp_rom/esp32s3/ld/esp32s3.rom.ld
-- Configuring done (4.3s)
-- Adding linker script /home/tikhon/Документы/magnolia/esp-idf/components/esp_rom/esp32s3/ld/esp32s3.rom.api.ld
-- Adding linker script /home/tikhon/Документы/magnolia/esp-idf/components/esp_rom/esp32s3/ld/esp32s3.rom.bt_funcs.ld
-- Adding linker script /home/tikhon/Документы/magnolia/esp-idf/components/esp_rom/esp32s3/ld/esp32s3.rom.libgcc.ld
-- Adding linker script /home/tikhon/Документы/magnolia/esp-idf/components/esp_rom/esp32s3/ld/esp32s3.rom.wdt.ld
-- Adding linker script /home/tikhon/Документы/magnolia/esp-idf/components/esp_rom/esp32s3/ld/esp32s3.rom.version.ld
-- Adding linker script /home/tikhon/Документы/magnolia/esp-idf/components/esp_rom/esp32s3/ld/esp32s3.rom.ble_master.ld
-- Adding linker script /home/tikhon/Документы/magnolia/esp-idf/components/esp_rom/esp32s3/ld/esp32s3.rom.ble_50.ld
-- Adding linker script /home/tikhon/Документы/magnolia/esp-idf/components/esp_rom/esp32s3/ld/esp32s3.rom.ble_smp.ld
-- Adding linker script /home/tikhon/Документы/magnolia/esp-idf/components/esp_rom/esp32s3/ld/esp32s3.rom.ble_dtm.ld
-- Adding linker script /home/tikhon/Документы/magnolia/esp-idf/components/esp_rom/esp32s3/ld/esp32s3.rom.ble_test.ld
-- Adding linker script /home/tikhon/Документы/magnolia/esp-idf/components/esp_rom/esp32s3/ld/esp32s3.rom.ble_scan.ld
-- Adding linker script /home/tikhon/Документы/magnolia/esp-idf/components/esp_rom/esp32s3/ld/esp32s3.rom.libc.ld
-- Adding linker script /home/tikhon/Документы/magnolia/esp-idf/components/esp_rom/esp32s3/ld/esp32s3.rom.newlib.ld
-- Adding linker script /home/tikhon/Документы/magnolia/esp-idf/components/soc/esp32s3/ld/esp32s3.peripherals.ld
-- App "test" version: c092b7f-dirty
-- Generating done (0.6s)
-- Build files have been written to: /home/tikhon/Документы/magnolia/applets/mainline/rmdir/build
-- Compiler supported targets: xtensa-esp-elf
-- Components: app_trace app_update bootloader bootloader_support bt cmock console cxx driver efuse esp-tls esp_adc esp_app_format esp_bootloader_format esp_coex esp_common esp_driver_ana_cmpr esp_driver_bitscrambler esp_driver_cam esp_driver_dac esp_driver_gpio esp_driver_gptimer esp_driver_i2c esp_driver_i2s esp_driver_i3c esp_driver_isp esp_driver_jpeg esp_driver_ledc esp_driver_mcpwm esp_driver_parlio esp_driver_pcnt esp_driver_ppa esp_driver_rmt esp_driver_sd_intf esp_driver_sdio esp_driver_sdm esp_driver_sdmmc esp_driver_sdspi esp_driver_spi esp_driver_touch_sens esp_driver_tsens esp_driver_twai esp_driver_uart esp_driver_usb_serial_jtag esp_eth esp_event esp_gdbstub esp_hid esp_http_client esp_http_server esp_https_ota esp_https_server esp_hw_support esp_lcd esp_local_ctrl esp_mm esp_netif esp_netif_stack esp_partition esp_phy esp_pm esp_psram esp_ringbuf esp_rom esp_security esp_system esp_timer esp_vfs_console esp_wifi espcoredump esptool_py fatfs freertos hal heap http_parser idf_test ieee802154 json log lwip main mbedtls mqtt newlib nvs_flash nvs_sec_provider openthread partition_table perfmon protobuf-c protocomm pthread rt sdmmc soc spi_flash spiffs tcp_transport touch_element ulp unity usb vfs wear_levelling wifi_provisioning wpa_supplicant xtensa
-- Component paths: /home/tikhon/Документы/magnolia/esp-idf/components/app_trace /home/tikhon/Документы/magnolia/esp-idf/components/app_update /home/tikhon/Документы/magnolia/esp-idf/components/bootloader /home/tikhon/Документы/magnolia/esp-idf/components/bootloader_support /home/tikhon/Документы/magnolia/esp-idf/components/bt /home/tikhon/Документы/magnolia/esp-idf/components/cmock /home/tikhon/Документы/magnolia/esp-idf/components/console /home/tikhon/Документы/magnolia/esp-idf/components/cxx /home/tikhon/Документы/magnolia/esp-idf/components/driver /home/tikhon/Документы/magnolia/esp-idf/components/efuse /home/tikhon/Документы/magnolia/esp-idf/components/esp-tls /home/tikhon/Документы/magnolia/esp-idf/components/esp_adc /home/tikhon/Документы/magnolia/esp-idf/components/esp_app_format /home/tikhon/Документы/magnolia/esp-idf/components/esp_bootloader_format /home/tikhon/Документы/magnolia/esp-idf/components/esp_coex /home/tikhon/Документы/magnolia/esp-idf/components/esp_common /home/tikhon/Документы/magnolia/esp-idf/components/esp_driver_ana_cmpr /home/tikhon/Документы/magnolia/esp-idf/components/esp_driver_bitscrambler /home/tikhon/Документы/magnolia/esp-idf/components/esp_driver_cam /home/tikhon/Документы/magnolia/esp-idf/components/esp_driver_dac /home/tikhon/Документы/magnolia/esp-idf/components/esp_driver_gpio /home/tikhon/Документы/magnolia/esp-idf/components/esp_driver_gptimer /home/tikhon/Документы/magnolia/esp-idf/components/esp_driver_i2c /home/tikhon/Документы/magnolia/esp-idf/components/esp_driver_i2s /home/tikhon/Документы/magnolia/esp-idf/components/esp_driver_i3c /home/tikhon/Документы/magnolia/esp-idf/components/esp_driver_isp /home/tikhon/Документы/magnolia/esp-idf/components/esp_driver_jpeg /home/tikhon/Документы/magnolia/esp-idf/components/esp_driver_ledc /home/tikhon/Документы/magnolia/esp-idf/components/esp_driver_mcpwm /home/tikhon/Документы/magnolia/esp-idf/components/esp_driver_parlio /home/tikhon/Документы/magnolia/esp-idf/components/esp_driver_pcnt /home/tikhon/Документы/magnolia/esp-idf/components/esp_driver_ppa /home/tikhon/Документы/magnolia/esp-idf/components/esp_driver_rmt /home/tikhon/Документы/magnolia/esp-idf/components/esp_driver_sd_intf /home/tikhon/Документы/magnolia/esp-idf/components/esp_driver_sdio /home/tikhon/Документы/magnolia/esp-idf/components/esp_driver_sdm /home/tikhon/Документы/magnolia/esp-idf/components/esp_driver_sdmmc /home/tikhon/Документы/magnolia/esp-idf/components/esp_driver_sdspi /home/tikhon/Документы/magnolia/esp-idf/components/esp_driver_spi /home/tikhon/Документы/magnolia/esp-idf/components/esp_driver_touch_sens /home/tikhon/Документы/magnolia/esp-idf/components/esp_driver_tsens /home/tikhon/Документы/magnolia/esp-idf/components/esp_driver_twai /home/tikhon/Документы/magnolia/esp-idf/components/esp_driver_uart /home/tikhon/Документы/magnolia/esp-idf/components/esp_driver_usb_serial_jtag /home/tikhon/Документы/magnolia/esp-idf/components/esp_eth /home/tikhon/Документы/magnolia/esp-idf/components/esp_event /home/tikhon/Документы/magnolia/esp-idf/components/esp_gdbstub /home/tikhon/Документы/magnolia/esp-idf/components/esp_hid /home/tikhon/Документы/magnolia/esp-idf/components/esp_http_client /home/tikhon/Документы/magnolia/esp-idf/components/esp_http_server /home/tikhon/Документы/magnolia/esp-idf/components/esp_https_ota /home/tikhon/Документы/magnolia/esp-idf/components/esp_https_server /home/tikhon/Документы/magnolia/esp-idf/components/esp_hw_support /home/tikhon/Документы/magnolia/esp-idf/components/esp_lcd /home/tikhon/Документы/magnolia/esp-idf/components/esp_local_ctrl /home/tikhon/Документы/magnolia/esp-idf/components/esp_mm /home/tikhon/Документы/magnolia/esp-idf/components/esp_netif /home/tikhon/Документы/magnolia/esp-idf/components/esp_netif_stack /home/tikhon/Документы/magnolia/esp-idf/components/esp_partition /home/tikhon/Документы/magnolia/esp-idf/components/esp_phy /home/tikhon/Документы/magnolia/esp-idf/components/esp_pm /home/tikhon/Документы/magnolia/esp-idf/components/esp_psram /home/tikhon/Документы/magnolia/esp-idf/components/esp_ringbuf /home/tikhon/Документы/magnolia/esp-idf/components/esp_rom /home/tikhon/Документы/magnolia/esp-idf/components/esp_security /home/tikhon/Документы/magnolia/esp-idf/components/esp_system /home/tikhon/Документы/magnolia/esp-idf/components/esp_timer /home/tikhon/Документы/magnolia/esp-idf/components/esp_vfs_console /home/tikhon/Документы/magnolia/esp-idf/components/esp_wifi /home/tikhon/Документы/magnolia/esp-idf/components/espcoredump /home/tikhon/Документы/magnolia/esp-idf/components/esptool_py /home/tikhon/Документы/magnolia/esp-idf/components/fatfs /home/tikhon/Документы/magnolia/esp-idf/components/freertos /home/tikhon/Документы/magnolia/esp-idf/components/hal /home/tikhon/Документы/magnolia/esp-idf/components/heap /home/tikhon/Документы/magnolia/esp-idf/components/http_parser /home/tikhon/Документы/magnolia/esp-idf/components/idf_test /home/tikhon/Документы/magnolia/esp-idf/components/ieee802154 /home/tikhon/Документы/magnolia/esp-idf/components/json /home/tikhon/Документы/magnolia/esp-idf/components/log /home/tikhon/Документы/magnolia/esp-idf/components/lwip /home/tikhon/Документы/magnolia/applets/mainline/shell/main /home/tikhon/Документы/magnolia/esp-idf/components/mbedtls /home/tikhon/Документы/magnolia/esp-idf/components/mqtt /home/tikhon/Документы/magnolia/esp-idf/components/newlib /home/tikhon/Документы/magnolia/esp-idf/components/nvs_flash /home/tikhon/Документы/magnolia/esp-idf/components/nvs_sec_provider /home/tikhon/Документы/magnolia/esp-idf/components/openthread /home/tikhon/Документы/magnolia/esp-idf/components/partition_table /home/tikhon/Документы/magnolia/esp-idf/components/perfmon /home/tikhon/Документы/magnolia/esp-idf/components/protobuf-c /home/tikhon/Документы/magnolia/esp-idf/components/protocomm /home/tikhon/Документы/magnolia/esp-idf/components/pthread /home/tikhon/Документы/magnolia/esp-idf/components/rt /home/tikhon/Документы/magnolia/esp-idf/components/sdmmc /home/tikhon/Документы/magnolia/esp-idf/components/soc /home/tikhon/Документы/magnolia/esp-idf/components/spi_flash /home/tikhon/Документы/magnolia/esp-idf/components/spiffs /home/tikhon/Документы/magnolia/esp-idf/components/tcp_transport /home/tikhon/Документы/magnolia/esp-idf/components/touch_element /home/tikhon/Документы/magnolia/esp-idf/components/ulp /home/tikhon/Документы/magnolia/esp-idf/components/unity /home/tikhon/Документы/magnolia/esp-idf/components/usb /home/tikhon/Документы/magnolia/esp-idf/components/vfs /home/tikhon/Документы/magnolia/esp-idf/components/wear_levelling /home/tikhon/Документы/magnolia/esp-idf/components/wifi_provisioning /home/tikhon/Документы/magnolia/esp-idf/components/wpa_supplicant /home/tikhon/Документы/magnolia/esp-idf/components/xtensa
Executing action: elf
Running ninja in directory /home/tikhon/Документы/magnolia/applets/mainline/true/build
Executing "ninja elf"...
[0/1] Re-running CMake...
-- Configuring done (4.2s)
-- USING O3
-- Adding linker script /home/tikhon/Документы/magnolia/applets/mainline/test/build/esp-idf/esp_system/ld/memory.ld
-- Adding linker script /home/tikhon/Документы/magnolia/applets/mainline/test/build/esp-idf/esp_system/ld/sections.ld.in
-- Adding linker script /home/tikhon/Документы/magnolia/esp-idf/components/esp_rom/esp32s3/ld/esp32s3.rom.ld
-- Adding linker script /home/tikhon/Документы/magnolia/esp-idf/components/esp_rom/esp32s3/ld/esp32s3.rom.api.ld
-- Adding linker script /home/tikhon/Документы/magnolia/esp-idf/components/esp_rom/esp32s3/ld/esp32s3.rom.bt_funcs.ld
-- Adding linker script /home/tikhon/Документы/magnolia/esp-idf/components/esp_rom/esp32s3/ld/esp32s3.rom.libgcc.ld
-- Adding linker script /home/tikhon/Документы/magnolia/esp-idf/components/esp_rom/esp32s3/ld/esp32s3.rom.wdt.ld
-- Adding linker script /home/tikhon/Документы/magnolia/esp-idf/components/esp_rom/esp32s3/ld/esp32s3.rom.version.ld
-- Adding linker script /home/tikhon/Документы/magnolia/esp-idf/components/esp_rom/esp32s3/ld/esp32s3.rom.ble_master.ld
-- Adding linker script /home/tikhon/Документы/magnolia/esp-idf/components/esp_rom/esp32s3/ld/esp32s3.rom.ble_50.ld
-- Adding linker script /home/tikhon/Документы/magnolia/esp-idf/components/esp_rom/esp32s3/ld/esp32s3.rom.ble_smp.ld
-- Adding linker script /home/tikhon/Документы/magnolia/esp-idf/components/esp_rom/esp32s3/ld/esp32s3.rom.ble_dtm.ld
-- Adding linker script /home/tikhon/Документы/magnolia/esp-idf/components/esp_rom/esp32s3/ld/esp32s3.rom.ble_test.ld
-- Adding linker script /home/tikhon/Документы/magnolia/esp-idf/components/esp_rom/esp32s3/ld/esp32s3.rom.ble_scan.ld
-- Adding linker script /home/tikhon/Документы/magnolia/esp-idf/components/esp_rom/esp32s3/ld/esp32s3.rom.libc.ld
-- Adding linker script /home/tikhon/Документы/magnolia/esp-idf/components/esp_rom/esp32s3/ld/esp32s3.rom.newlib.ld
-- Adding linker script /home/tikhon/Документы/magnolia/esp-idf/components/soc/esp32s3/ld/esp32s3.peripherals.ld
+ idf.py elf
Executing action: elf
Running ninja in directory /home/tikhon/Документы/magnolia/applets/mainline/uname/build
Executing "ninja elf"...
[0/1] Re-running CMake...
Executing action: all (aliases: build)
Running ninja in directory /home/tikhon/Документы/magnolia/applets/mainline/rm/build
Executing "ninja all"...
[1/19] Generating project_elf_src_esp32s3.c
[2/19] Linking C static library esp-idf/esp_app_format/libesp_app_format.a
Executing action: elf
Running ninja in directory /home/tikhon/Документы/magnolia/applets/mainline/paste/build
Executing "ninja elf"...
[1/1044] Generating /home/tikhon/Документы/magnolia/applets/mainline/paste/build/esp-idf/esp_system/ld/memory.ld linker script...
[2/1044] Generating /home/tikhon/Документы/magnolia/applets/mainline/paste/build/esp-idf/esp_system/ld/sections.ld.in linker script...
-- App "touch" version: c092b7f-dirty
Executing action: elf
Running ninja in directory /home/tikhon/Документы/magnolia/applets/mainline/printf/build
Executing "ninja elf"...
[1/1044] Generating /home/tikhon/Документы/magnolia/applets/mainline/printf/build/esp-idf/esp_system/ld/memory.ld linker script...
[2/1044] Generating /home/tikhon/Документы/magnolia/applets/mainline/printf/build/esp-idf/esp_system/ld/sections.ld.in linker script...
[3/19] Building C object esp-idf/main/CMakeFiles/__idf_main.dir/main.c.obj
FAILED: esp-idf/main/CMakeFiles/__idf_main.dir/main.c.obj 
/home/tikhon/.espressif/tools/xtensa-esp-elf/esp-15.1.0_20250607/xtensa-esp-elf/bin/xtensa-esp32s3-elf-gcc -DESP_PLATFORM -DIDF_VER=\"v6.0-dev-1833-g758939caec-dirty\" -DMBEDTLS_CONFIG_FILE=\"mbedtls/esp_config.h\" -DSOC_MMU_PAGE_SIZE=CONFIG_MMU_PAGE_SIZE -DSOC_XTAL_FREQ_MHZ=CONFIG_XTAL_FREQ -DUNITY_INCLUDE_CONFIG_H -D_GLIBCXX_HAVE_POSIX_SEMAPHORE -D_GLIBCXX_USE_POSIX_SEMAPHORE -D_GNU_SOURCE -D_POSIX_READER_WRITER_LOCKS -I/home/tikhon/Документы/magnolia/applets/mainline/rm/build/config -I/home/tikhon/Документы/magnolia/esp-idf/components/newlib/platform_include -I/home/tikhon/Документы/magnolia/esp-idf/components/freertos/config/include -I/home/tikhon/Документы/magnolia/esp-idf/components/freertos/config/include/freertos -I/home/tikhon/Документы/magnolia/esp-idf/components/freertos/config/xtensa/include -I/home/tikhon/Документы/magnolia/esp-idf/components/freertos/FreeRTOS-Kernel/include -I/home/tikhon/Документы/magnolia/esp-idf/components/freertos/FreeRTOS-Kernel/portable/xtensa/include -I/home/tikhon/Документы/magnolia/esp-idf/components/freertos/FreeRTOS-Kernel/portable/xtensa/include/freertos -I/home/tikhon/Документы/magnolia/esp-idf/components/freertos/esp_additions/include -I/home/tikhon/Документы/magnolia/esp-idf/components/esp_hw_support/include -I/home/tikhon/Документы/magnolia/esp-idf/components/esp_hw_support/include/soc -I/home/tikhon/Документы/magnolia/esp-idf/components/esp_hw_support/dma/include -I/home/tikhon/Документы/magnolia/esp-idf/components/esp_hw_support/ldo/include -I/home/tikhon/Документы/magnolia/esp-idf/components/esp_hw_support/debug_probe/include -I/home/tikhon/Документы/magnolia/esp-idf/components/esp_hw_support/mspi_timing_tuning/include -I/home/tikhon/Документы/magnolia/esp-idf/components/esp_hw_support/mspi_timing_tuning/tuning_scheme_impl/include -I/home/tikhon/Документы/magnolia/esp-idf/components/esp_hw_support/power_supply/include -I/home/tikhon/Документы/magnolia/esp-idf/components/esp_hw_support/include/soc/esp32s3 -I/home/tikhon/Документы/magnolia/esp-idf/components/esp_hw_support/port/esp32s3/. -I/home/tikhon/Документы/magnolia/esp-idf/components/esp_hw_support/port/esp32s3/include -I/home/tikhon/Документы/magnolia/esp-idf/components/esp_hw_support/mspi_timing_tuning/port/esp32s3/. -I/home/tikhon/Документы/magnolia/esp-idf/components/esp_hw_support/mspi_timing_tuning/port/esp32s3/include -I/home/tikhon/Документы/magnolia/esp-idf/components/heap/include -I/home/tikhon/Документы/magnolia/esp-idf/components/heap/tlsf -I/home/tikhon/Документы/magnolia/esp-idf/components/log/include -I/home/tikhon/Документы/magnolia/esp-idf/components/soc/include -I/home/tikhon/Документы/magnolia/esp-idf/components/soc/esp32s3 -I/home/tikhon/Документы/magnolia/esp-idf/components/soc/esp32s3/include -I/home/tikhon/Документы/magnolia/esp-idf/components/soc/esp32s3/register -I/home/tikhon/Документы/magnolia/esp-idf/components/hal/platform_port/include -I/home/tikhon/Документы/magnolia/esp-idf/components/hal/esp32s3/include -I/home/tikhon/Документы/magnolia/esp-idf/components/hal/include -I/home/tikhon/Документы/magnolia/esp-idf/components/esp_rom/include -I/home/tikhon/Документы/magnolia/esp-idf/components/esp_rom/esp32s3/include -I/home/tikhon/Документы/magnolia/esp-idf/components/esp_rom/esp32s3/include/esp32s3 -I/home/tikhon/Документы/magnolia/esp-idf/components/esp_rom/esp32s3 -I/home/tikhon/Документы/magnolia/esp-idf/components/esp_common/include -I/home/tikhon/Документы/magnolia/esp-idf/components/esp_system/include -I/home/tikhon/Документы/magnolia/esp-idf/components/esp_system/port/soc -I/home/tikhon/Документы/magnolia/esp-idf/components/esp_system/port/include/private -I/home/tikhon/Документы/magnolia/esp-idf/components/xtensa/esp32s3/include -I/home/tikhon/Документы/magnolia/esp-idf/components/xtensa/include -I/home/tikhon/Документы/magnolia/esp-idf/components/xtensa/deprecated_include -I/home/tikhon/Документы/magnolia/esp-idf/components/lwip/include -I/home/tikhon/Документы/magnolia/esp-idf/components/lwip/include/apps -I/home/tikhon/Документы/magnolia/esp-idf/components/lwip/include/apps/sntp -I/home/tikhon/Документы/magnolia/esp-idf/components/lwip/lwip/src/include -I/home/tikhon/Документы/magnolia/esp-idf/components/lwip/port/include -I/home/tikhon/Документы/magnolia/esp-idf/components/lwip/port/freertos/include -I/home/tikhon/Документы/magnolia/esp-idf/components/lwip/port/esp32xx/include -I/home/tikhon/Документы/magnolia/esp-idf/components/lwip/port/esp32xx/include/arch -I/home/tikhon/Документы/magnolia/esp-idf/components/lwip/port/esp32xx/include/sys -I/home/tikhon/Документы/magnolia/esp-idf/components/esp_app_format/include -I/home/tikhon/Документы/magnolia/esp-idf/components/esp_bootloader_format/include -I/home/tikhon/Документы/magnolia/esp-idf/components/app_update/include -I/home/tikhon/Документы/magnolia/esp-idf/components/bootloader_support/include -I/home/tikhon/Документы/magnolia/esp-idf/components/bootloader_support/bootloader_flash/include -I/home/tikhon/Документы/magnolia/esp-idf/components/esp_partition/include -I/home/tikhon/Документы/magnolia/esp-idf/components/efuse/include -I/home/tikhon/Документы/magnolia/esp-idf/components/efuse/esp32s3/include -I/home/tikhon/Документы/magnolia/esp-idf/components/esp_security/include -I/home/tikhon/Документы/magnolia/esp-idf/components/esp_driver_gpio/include -I/home/tikhon/Документы/magnolia/esp-idf/components/esp_pm/include -I/home/tikhon/Документы/magnolia/esp-idf/components/mbedtls/port/include -I/home/tikhon/Документы/magnolia/esp-idf/components/mbedtls/mbedtls/include -I/home/tikhon/Документы/magnolia/esp-idf/components/mbedtls/mbedtls/library -I/home/tikhon/Документы/magnolia/esp-idf/components/mbedtls/esp_crt_bundle/include -I/home/tikhon/Документы/magnolia/esp-idf/components/mbedtls/mbedtls/3rdparty/everest/include -I/home/tikhon/Документы/magnolia/esp-idf/components/mbedtls/mbedtls/3rdparty/p256-m -I/home/tikhon/Документы/magnolia/esp-idf/components/mbedtls/mbedtls/3rdparty/p256-m/p256-m -I/home/tikhon/Документы/magnolia/esp-idf/components/esp_mm/include -I/home/tikhon/Документы/magnolia/esp-idf/components/spi_flash/include -I/home/tikhon/Документы/magnolia/esp-idf/components/pthread/include -I/home/tikhon/Документы/magnolia/esp-idf/components/esp_timer/include -I/home/tikhon/Документы/magnolia/esp-idf/components/esp_driver_gptimer/include -I/home/tikhon/Документы/magnolia/esp-idf/components/esp_ringbuf/include -I/home/tikhon/Документы/magnolia/esp-idf/components/esp_driver_uart/include -I/home/tikhon/Документы/magnolia/esp-idf/components/vfs/include -I/home/tikhon/Документы/magnolia/esp-idf/components/app_trace/include -I/home/tikhon/Документы/magnolia/esp-idf/components/esp_event/include -I/home/tikhon/Документы/magnolia/esp-idf/components/nvs_flash/include -I/home/tikhon/Документы/magnolia/esp-idf/components/esp_phy/include -I/home/tikhon/Документы/magnolia/esp-idf/components/esp_phy/esp32s3/include -I/home/tikhon/Документы/magnolia/esp-idf/components/esp_driver_usb_serial_jtag/include -I/home/tikhon/Документы/magnolia/esp-idf/components/esp_vfs_console/include -I/home/tikhon/Документы/magnolia/esp-idf/components/esp_netif/include -I/home/tikhon/Документы/magnolia/esp-idf/components/wpa_supplicant/include -I/home/tikhon/Документы/magnolia/esp-idf/components/wpa_supplicant/port/include -I/home/tikhon/Документы/magnolia/esp-idf/components/wpa_supplicant/esp_supplicant/include -I/home/tikhon/Документы/magnolia/esp-idf/components/esp_coex/include -I/home/tikhon/Документы/magnolia/esp-idf/components/esp_wifi/include -I/home/tikhon/Документы/magnolia/esp-idf/components/esp_wifi/include/local -I/home/tikhon/Документы/magnolia/esp-idf/components/esp_wifi/wifi_apps/include -I/home/tikhon/Документы/magnolia/esp-idf/components/esp_wifi/wifi_apps/nan_app/include -I/home/tikhon/Документы/magnolia/esp-idf/components/esp_driver_spi/include -I/home/tikhon/Документы/magnolia/esp-idf/components/esp_gdbstub/include -I/home/tikhon/Документы/magnolia/esp-idf/components/unity/include -I/home/tikhon/Документы/magnolia/esp-idf/components/unity/unity/src -I/home/tikhon/Документы/magnolia/esp-idf/components/cmock/CMock/src -I/home/tikhon/Документы/magnolia/esp-idf/components/console -I/home/tikhon/Документы/magnolia/esp-idf/components/esp_driver_pcnt/include -I/home/tikhon/Документы/magnolia/esp-idf/components/esp_driver_mcpwm/include -I/home/tikhon/Документы/magnolia/esp-idf/components/esp_driver_ana_cmpr/include -I/home/tikhon/Документы/magnolia/esp-idf/components/esp_driver_i2s/include -I/home/tikhon/Документы/magnolia/esp-idf/components/sdmmc/include -I/home/tikhon/Документы/magnolia/esp-idf/components/esp_driver_sd_intf/include -I/home/tikhon/Документы/magnolia/esp-idf/components/esp_driver_sdmmc/include -I/home/tikhon/Документы/magnolia/esp-idf/components/esp_driver_sdmmc/legacy/include -I/home/tikhon/Документы/magnolia/esp-idf/components/esp_driver_sdspi/include -I/home/tikhon/Документы/magnolia/esp-idf/components/esp_driver_sdio/include -I/home/tikhon/Документы/magnolia/esp-idf/components/esp_driver_dac/include -I/home/tikhon/Документы/magnolia/esp-idf/components/esp_driver_bitscrambler/include -I/home/tikhon/Документы/magnolia/esp-idf/components/esp_driver_rmt/include -I/home/tikhon/Документы/magnolia/esp-idf/components/esp_driver_tsens/include -I/home/tikhon/Документы/magnolia/esp-idf/components/esp_driver_sdm/include -I/home/tikhon/Документы/magnolia/esp-idf/components/esp_driver_i2c/include -I/home/tikhon/Документы/magnolia/esp-idf/components/esp_driver_ledc/include -I/home/tikhon/Документы/magnolia/esp-idf/components/esp_driver_parlio/include -I/home/tikhon/Документы/magnolia/esp-idf/components/esp_driver_twai/include -I/home/tikhon/Документы/magnolia/esp-idf/components/driver/deprecated -I/home/tikhon/Документы/magnolia/esp-idf/components/driver/i2c/include -I/home/tikhon/Документы/magnolia/esp-idf/components/driver/touch_sensor/include -I/home/tikhon/Документы/magnolia/esp-idf/components/driver/twai/include -I/home/tikhon/Документы/magnolia/esp-idf/components/driver/touch_sensor/esp32s3/include -I/home/tikhon/Документы/magnolia/esp-idf/components/http_parser -I/home/tikhon/Документы/magnolia/esp-idf/components/esp-tls -I/home/tikhon/Документы/magnolia/esp-idf/components/esp-tls/esp-tls-crypto -I/home/tikhon/Документы/magnolia/esp-idf/components/esp_adc/include -I/home/tikhon/Документы/magnolia/esp-idf/components/esp_adc/interface -I/home/tikhon/Документы/magnolia/esp-idf/components/esp_adc/esp32s3/include -I/home/tikhon/Документы/magnolia/esp-idf/components/esp_driver_isp/include -I/home/tikhon/Документы/magnolia/esp-idf/components/esp_driver_cam/include -I/home/tikhon/Документы/magnolia/esp-idf/components/esp_driver_cam/interface -I/home/tikhon/Документы/magnolia/esp-idf/components/esp_driver_cam/dvp/include -I/home/tikhon/Документы/magnolia/esp-idf/components/esp_driver_i3c/include -I/home/tikhon/Документы/magnolia/esp-idf/components/esp_psram/include -I/home/tikhon/Документы/magnolia/esp-idf/components/esp_psram/xip_impl/include -I/home/tikhon/Документы/magnolia/esp-idf/components/esp_driver_jpeg/include -I/home/tikhon/Документы/magnolia/esp-idf/components/esp_driver_ppa/include -I/home/tikhon/Документы/magnolia/esp-idf/components/esp_driver_touch_sens/include -I/home/tikhon/Документы/magnolia/esp-idf/components/esp_driver_touch_sens/hw_ver2/include -I/home/tikhon/Документы/magnolia/esp-idf/components/esp_eth/include -I/home/tikhon/Документы/magnolia/esp-idf/components/esp_hid/include -I/home/tikhon/Документы/magnolia/esp-idf/components/tcp_transport/include -I/home/tikhon/Документы/magnolia/esp-idf/components/esp_http_client/include -I/home/tikhon/Документы/magnolia/esp-idf/components/esp_http_server/include -I/home/tikhon/Документы/magnolia/esp-idf/components/esp_https_ota/include -I/home/tikhon/Документы/magnolia/esp-idf/components/esp_https_server/include -I/home/tikhon/Документы/magnolia/esp-idf/components/esp_lcd/include -I/home/tikhon/Документы/magnolia/esp-idf/components/esp_lcd/interface -I/home/tikhon/Документы/magnolia/esp-idf/components/esp_lcd/rgb/include -I/home/tikhon/Документы/magnolia/esp-idf/components/protobuf-c/protobuf-c -I/home/tikhon/Документы/magnolia/esp-idf/components/protocomm/include/common -I/home/tikhon/Документы/magnolia/esp-idf/components/protocomm/include/security -I/home/tikhon/Документы/magnolia/esp-idf/components/protocomm/include/transports -I/home/tikhon/Документы/magnolia/esp-idf/components/protocomm/include/crypto/srp6a -I/home/tikhon/Документы/magnolia/esp-idf/components/protocomm/proto-c -I/home/tikhon/Документы/magnolia/esp-idf/components/esp_local_ctrl/include -I/home/tikhon/Документы/magnolia/esp-idf/components/espcoredump/include -I/home/tikhon/Документы/magnolia/esp-idf/components/espcoredump/include/port/xtensa -I/home/tikhon/Документы/magnolia/esp-idf/components/wear_levelling/include -I/home/tikhon/Документы/magnolia/esp-idf/components/fatfs/diskio -I/home/tikhon/Документы/magnolia/esp-idf/components/fatfs/src -I/home/tikhon/Документы/magnolia/esp-idf/components/fatfs/vfs -I/home/tikhon/Документы/magnolia/esp-idf/components/idf_test/include -I/home/tikhon/Документы/magnolia/esp-idf/components/idf_test/include/esp32s3 -I/home/tikhon/Документы/magnolia/esp-idf/components/ieee802154/include -I/home/tikhon/Документы/magnolia/esp-idf/components/json/cJSON -I/home/tikhon/Документы/magnolia/esp-idf/components/mqtt/esp-mqtt/include -I/home/tikhon/Документы/magnolia/esp-idf/components/nvs_sec_provider/include -I/home/tikhon/Документы/magnolia/esp-idf/components/perfmon/include -I/home/tikhon/Документы/magnolia/esp-idf/components/rt/include -I/home/tikhon/Документы/magnolia/esp-idf/components/spiffs/include -I/home/tikhon/Документы/magnolia/esp-idf/components/touch_element/include -I/home/tikhon/Документы/magnolia/esp-idf/components/usb/include -I/home/tikhon/Документы/magnolia/esp-idf/components/wifi_provisioning/include -mlongcalls -fno-builtin-memcpy -fno-builtin-memset -fno-builtin-bzero  -fdiagnostics-color=always -ffunction-sections -fdata-sections -Wall -Werror=all -Wno-error=unused-function -Wno-error=unused-variable -Wno-error=unused-but-set-variable -Wno-error=deprecated-declarations -Wextra -Wno-error=extra -Wno-unused-parameter -Wno-sign-compare -Wno-enum-conversion -gdwarf-4 -ggdb -Og -fno-shrink-wrap -fmacro-prefix-map=/home/tikhon/Документы/magnolia/applets/mainline/rm=. -fmacro-prefix-map=/home/tikhon/Документы/magnolia/esp-idf=/IDF -fstrict-volatile-bitfields -fno-jump-tables -fno-tree-switch-conversion -nostartfiles -nostdlib -fPIC -shared -e app_main -Wl,--gc-sections -fvisibility=hidden -Wl,--strip-all -Wl,--strip-debug -Wl,--strip-discarded -Dmain=app_main -std=gnu17 -Wno-old-style-declaration -fzero-init-padding-bits=all -fno-malloc-dce -MD -MT esp-idf/main/CMakeFiles/__idf_main.dir/main.c.obj -MF esp-idf/main/CMakeFiles/__idf_main.dir/main.c.obj.d -o esp-idf/main/CMakeFiles/__idf_main.dir/main.c.obj -c '/home/tikhon/Документы/magnolia/applets/mainline/rm/main/main.c'
/home/tikhon/Документы/magnolia/applets/mainline/rm/main/main.c: In function 'rm_path':
/home/tikhon/Документы/magnolia/applets/mainline/rm/main/main.c:74:9: error: implicit declaration of function 'lstat'; did you mean 'stat'? [-Wimplicit-function-declaration]
   74 |     if (lstat(path, &st) != 0) {
      |         ^~~~~
      |         stat
-- Components: app_trace app_update bootloader bootloader_support bt cmock console cxx driver efuse esp-tls esp_adc esp_app_format esp_bootloader_format esp_coex esp_common esp_driver_ana_cmpr esp_driver_bitscrambler esp_driver_cam esp_driver_dac esp_driver_gpio esp_driver_gptimer esp_driver_i2c esp_driver_i2s esp_driver_i3c esp_driver_isp esp_driver_jpeg esp_driver_ledc esp_driver_mcpwm esp_driver_parlio esp_driver_pcnt esp_driver_ppa esp_driver_rmt esp_driver_sd_intf esp_driver_sdio esp_driver_sdm esp_driver_sdmmc esp_driver_sdspi esp_driver_spi esp_driver_touch_sens esp_driver_tsens esp_driver_twai esp_driver_uart esp_driver_usb_serial_jtag esp_eth esp_event esp_gdbstub esp_hid esp_http_client esp_http_server esp_https_ota esp_https_server esp_hw_support esp_lcd esp_local_ctrl esp_mm esp_netif esp_netif_stack esp_partition esp_phy esp_pm esp_psram esp_ringbuf esp_rom esp_security esp_system esp_timer esp_vfs_console esp_wifi espcoredump esptool_py fatfs freertos hal heap http_parser idf_test ieee802154 json log lwip main mbedtls mqtt newlib nvs_flash nvs_sec_provider openthread partition_table perfmon protobuf-c protocomm pthread rt sdmmc soc spi_flash spiffs tcp_transport touch_element ulp unity usb vfs wear_levelling wifi_provisioning wpa_supplicant xtensa
-- Component paths: /home/tikhon/Документы/magnolia/esp-idf/components/app_trace /home/tikhon/Документы/magnolia/esp-idf/components/app_update /home/tikhon/Документы/magnolia/esp-idf/components/bootloader /home/tikhon/Документы/magnolia/esp-idf/components/bootloader_support /home/tikhon/Документы/magnolia/esp-idf/components/bt /home/tikhon/Документы/magnolia/esp-idf/components/cmock /home/tikhon/Документы/magnolia/esp-idf/components/console /home/tikhon/Документы/magnolia/esp-idf/components/cxx /home/tikhon/Документы/magnolia/esp-idf/components/driver /home/tikhon/Документы/magnolia/esp-idf/components/efuse /home/tikhon/Документы/magnolia/esp-idf/components/esp-tls /home/tikhon/Документы/magnolia/esp-idf/components/esp_adc /home/tikhon/Документы/magnolia/esp-idf/components/esp_app_format /home/tikhon/Документы/magnolia/esp-idf/components/esp_bootloader_format /home/tikhon/Документы/magnolia/esp-idf/components/esp_coex /home/tikhon/Документы/magnolia/esp-idf/components/esp_common /home/tikhon/Документы/magnolia/esp-idf/components/esp_driver_ana_cmpr /home/tikhon/Документы/magnolia/esp-idf/components/esp_driver_bitscrambler /home/tikhon/Документы/magnolia/esp-idf/components/esp_driver_cam /home/tikhon/Документы/magnolia/esp-idf/components/esp_driver_dac /home/tikhon/Документы/magnolia/esp-idf/components/esp_driver_gpio /home/tikhon/Документы/magnolia/esp-idf/components/esp_driver_gptimer /home/tikhon/Документы/magnolia/esp-idf/components/esp_driver_i2c /home/tikhon/Документы/magnolia/esp-idf/components/esp_driver_i2s /home/tikhon/Документы/magnolia/esp-idf/components/esp_driver_i3c /home/tikhon/Документы/magnolia/esp-idf/components/esp_driver_isp /home/tikhon/Документы/magnolia/esp-idf/components/esp_driver_jpeg /home/tikhon/Документы/magnolia/esp-idf/components/esp_driver_ledc /home/tikhon/Документы/magnolia/esp-idf/components/esp_driver_mcpwm /home/tikhon/Документы/magnolia/esp-idf/components/esp_driver_parlio /home/tikhon/Документы/magnolia/esp-idf/components/esp_driver_pcnt /home/tikhon/Документы/magnolia/esp-idf/components/esp_driver_ppa /home/tikhon/Документы/magnolia/esp-idf/components/esp_driver_rmt /home/tikhon/Документы/magnolia/esp-idf/components/esp_driver_sd_intf /home/tikhon/Документы/magnolia/esp-idf/components/esp_driver_sdio /home/tikhon/Документы/magnolia/esp-idf/components/esp_driver_sdm /home/tikhon/Документы/magnolia/esp-idf/components/esp_driver_sdmmc /home/tikhon/Документы/magnolia/esp-idf/components/esp_driver_sdspi /home/tikhon/Документы/magnolia/esp-idf/components/esp_driver_spi /home/tikhon/Документы/magnolia/esp-idf/components/esp_driver_touch_sens /home/tikhon/Документы/magnolia/esp-idf/components/esp_driver_tsens /home/tikhon/Документы/magnolia/esp-idf/components/esp_driver_twai /home/tikhon/Документы/magnolia/esp-idf/components/esp_driver_uart /home/tikhon/Документы/magnolia/esp-idf/components/esp_driver_usb_serial_jtag /home/tikhon/Документы/magnolia/esp-idf/components/esp_eth /home/tikhon/Документы/magnolia/esp-idf/components/esp_event /home/tikhon/Документы/magnolia/esp-idf/components/esp_gdbstub /home/tikhon/Документы/magnolia/esp-idf/components/esp_hid /home/tikhon/Документы/magnolia/esp-idf/components/esp_http_client /home/tikhon/Документы/magnolia/esp-idf/components/esp_http_server /home/tikhon/Документы/magnolia/esp-idf/components/esp_https_ota /home/tikhon/Документы/magnolia/esp-idf/components/esp_https_server /home/tikhon/Документы/magnolia/esp-idf/components/esp_hw_support /home/tikhon/Документы/magnolia/esp-idf/components/esp_lcd /home/tikhon/Документы/magnolia/esp-idf/components/esp_local_ctrl /home/tikhon/Документы/magnolia/esp-idf/components/esp_mm /home/tikhon/Документы/magnolia/esp-idf/components/esp_netif /home/tikhon/Документы/magnolia/esp-idf/components/esp_netif_stack /home/tikhon/Документы/magnolia/esp-idf/components/esp_partition /home/tikhon/Документы/magnolia/esp-idf/components/esp_phy /home/tikhon/Документы/magnolia/esp-idf/components/esp_pm /home/tikhon/Документы/magnolia/esp-idf/components/esp_psram /home/tikhon/Документы/magnolia/esp-idf/components/esp_ringbuf /home/tikhon/Документы/magnolia/esp-idf/components/esp_rom /home/tikhon/Документы/magnolia/esp-idf/components/esp_security /home/tikhon/Документы/magnolia/esp-idf/components/esp_system /home/tikhon/Документы/magnolia/esp-idf/components/esp_timer /home/tikhon/Документы/magnolia/esp-idf/components/esp_vfs_console /home/tikhon/Документы/magnolia/esp-idf/components/esp_wifi /home/tikhon/Документы/magnolia/esp-idf/components/espcoredump /home/tikhon/Документы/magnolia/esp-idf/components/esptool_py /home/tikhon/Документы/magnolia/esp-idf/components/fatfs /home/tikhon/Документы/magnolia/esp-idf/components/freertos /home/tikhon/Документы/magnolia/esp-idf/components/hal /home/tikhon/Документы/magnolia/esp-idf/components/heap /home/tikhon/Документы/magnolia/esp-idf/components/http_parser /home/tikhon/Документы/magnolia/esp-idf/components/idf_test /home/tikhon/Документы/magnolia/esp-idf/components/ieee802154 /home/tikhon/Документы/magnolia/esp-idf/components/json /home/tikhon/Документы/magnolia/esp-idf/components/log /home/tikhon/Документы/magnolia/esp-idf/components/lwip /home/tikhon/Документы/magnolia/applets/mainline/sleep/main /home/tikhon/Документы/magnolia/esp-idf/components/mbedtls /home/tikhon/Документы/magnolia/esp-idf/components/mqtt /home/tikhon/Документы/magnolia/esp-idf/components/newlib /home/tikhon/Документы/magnolia/esp-idf/components/nvs_flash /home/tikhon/Документы/magnolia/esp-idf/components/nvs_sec_provider /home/tikhon/Документы/magnolia/esp-idf/components/openthread /home/tikhon/Документы/magnolia/esp-idf/components/partition_table /home/tikhon/Документы/magnolia/esp-idf/components/perfmon /home/tikhon/Документы/magnolia/esp-idf/components/protobuf-c /home/tikhon/Документы/magnolia/esp-idf/components/protocomm /home/tikhon/Документы/magnolia/esp-idf/components/pthread /home/tikhon/Документы/magnolia/esp-idf/components/rt /home/tikhon/Документы/magnolia/esp-idf/components/sdmmc /home/tikhon/Документы/magnolia/esp-idf/components/soc /home/tikhon/Документы/magnolia/esp-idf/components/spi_flash /home/tikhon/Документы/magnolia/esp-idf/components/spiffs /home/tikhon/Документы/magnolia/esp-idf/components/tcp_transport /home/tikhon/Документы/magnolia/esp-idf/components/touch_element /home/tikhon/Документы/magnolia/esp-idf/components/ulp /home/tikhon/Документы/magnolia/esp-idf/components/unity /home/tikhon/Документы/magnolia/esp-idf/components/usb /home/tikhon/Документы/magnolia/esp-idf/components/vfs /home/tikhon/Документы/magnolia/esp-idf/components/wear_levelling /home/tikhon/Документы/magnolia/esp-idf/components/wifi_provisioning /home/tikhon/Документы/magnolia/esp-idf/components/wpa_supplicant /home/tikhon/Документы/magnolia/esp-idf/components/xtensa
-- Configuring done (4.3s)
[4/19] Generating ../../partition_table/partition-table.bin
Partition table binary generated. Contents:
*******************************************************************************
# ESP-IDF Partition Table
# Name, Type, SubType, Offset, Size, Flags
nvs,data,nvs,0x9000,24K,
phy_init,data,phy,0xf000,4K,
factory,app,factory,0x10000,1M,
*******************************************************************************
ninja: build stopped: subcommand failed.
[3/1044] Building C object esp-idf/esp_http_client/CMakeFiles/__idf_esp_http_client.dir/lib/http_auth.c.obj
[4/1044] Building C object esp-idf/esp_adc/CMakeFiles/__idf_esp_adc.dir/adc_oneshot.c.obj
[5/1044] Building C object esp-idf/esp_http_client/CMakeFiles/__idf_esp_http_client.dir/lib/http_utils.c.obj
[6/1044] Building C object esp-idf/esp_http_server/CMakeFiles/__idf_esp_http_server.dir/src/util/ctrl_sock.c.obj
[7/1044] Building C object esp-idf/tcp_transport/CMakeFiles/__idf_tcp_transport.dir/transport_internal.c.obj
[8/1044] Building C object esp-idf/esp_http_server/CMakeFiles/__idf_esp_http_server.dir/src/httpd_sess.c.obj
-- Minimal build - OFF
[3/1044] Building C object esp-idf/esp_http_server/CMakeFiles/__idf_esp_http_server.dir/src/httpd_ws.c.obj
[9/1044] Building C object esp-idf/esp_http_client/CMakeFiles/__idf_esp_http_client.dir/lib/http_header.c.obj
[4/1044] Building C object esp-idf/esp_http_client/CMakeFiles/__idf_esp_http_client.dir/lib/http_utils.c.obj
[10/1044] Building C object esp-idf/esp_http_server/CMakeFiles/__idf_esp_http_server.dir/src/httpd_ws.c.obj
[5/1044] Building C object esp-idf/esp_http_client/CMakeFiles/__idf_esp_http_client.dir/lib/http_header.c.obj
[6/1044] Building C object esp-idf/esp_http_server/CMakeFiles/__idf_esp_http_server.dir/src/util/ctrl_sock.c.obj
[7/1044] Building C object esp-idf/esp_adc/CMakeFiles/__idf_esp_adc.dir/adc_cali.c.obj
[11/1044] Building C object esp-idf/esp_adc/CMakeFiles/__idf_esp_adc.dir/adc_cali.c.obj
Executing action: reconfigure
Running cmake in directory /home/tikhon/Документы/magnolia/applets/mainline/unlink/build
Executing "cmake -G Ninja -DPYTHON_DEPS_CHECKED=1 -DPYTHON=/home/tikhon/.espressif/python_env/idf6.0_py3.12_env/bin/python -DESP_PLATFORM=1 -DCCACHE_ENABLE=0 /home/tikhon/Документы/magnolia/applets/mainline/unlink"...
-- Found Git: /usr/bin/git (found version "2.43.0") 
-- Building ESP-IDF components for target esp32s3
[12/1044] Building C object esp-idf/esp_adc/CMakeFiles/__idf_esp_adc.dir/adc_common.c.obj
[13/1044] Building C object esp-idf/tcp_transport/CMakeFiles/__idf_tcp_transport.dir/transport_socks_proxy.c.obj
[14/1044] Building C object esp-idf/esp_adc/CMakeFiles/__idf_esp_adc.dir/esp32s3/curve_fitting_coefficients.c.obj
-- Components: app_trace app_update bootloader bootloader_support bt cmock console cxx driver efuse esp-tls esp_adc esp_app_format esp_bootloader_format esp_coex esp_common esp_driver_ana_cmpr esp_driver_bitscrambler esp_driver_cam esp_driver_dac esp_driver_gpio esp_driver_gptimer esp_driver_i2c esp_driver_i2s esp_driver_i3c esp_driver_isp esp_driver_jpeg esp_driver_ledc esp_driver_mcpwm esp_driver_parlio esp_driver_pcnt esp_driver_ppa esp_driver_rmt esp_driver_sd_intf esp_driver_sdio esp_driver_sdm esp_driver_sdmmc esp_driver_sdspi esp_driver_spi esp_driver_touch_sens esp_driver_tsens esp_driver_twai esp_driver_uart esp_driver_usb_serial_jtag esp_eth esp_event esp_gdbstub esp_hid esp_http_client esp_http_server esp_https_ota esp_https_server esp_hw_support esp_lcd esp_local_ctrl esp_mm esp_netif esp_netif_stack esp_partition esp_phy esp_pm esp_psram esp_ringbuf esp_rom esp_security esp_system esp_timer esp_vfs_console esp_wifi espcoredump esptool_py fatfs freertos hal heap http_parser idf_test ieee802154 json log lwip main mbedtls mqtt newlib nvs_flash nvs_sec_provider openthread partition_table perfmon protobuf-c protocomm pthread rt sdmmc soc spi_flash spiffs tcp_transport touch_element ulp unity usb vfs wear_levelling wifi_provisioning wpa_supplicant xtensa
-- Component paths: /home/tikhon/Документы/magnolia/esp-idf/components/app_trace /home/tikhon/Документы/magnolia/esp-idf/components/app_update /home/tikhon/Документы/magnolia/esp-idf/components/bootloader /home/tikhon/Документы/magnolia/esp-idf/components/bootloader_support /home/tikhon/Документы/magnolia/esp-idf/components/bt /home/tikhon/Документы/magnolia/esp-idf/components/cmock /home/tikhon/Документы/magnolia/esp-idf/components/console /home/tikhon/Документы/magnolia/esp-idf/components/cxx /home/tikhon/Документы/magnolia/esp-idf/components/driver /home/tikhon/Документы/magnolia/esp-idf/components/efuse /home/tikhon/Документы/magnolia/esp-idf/components/esp-tls /home/tikhon/Документы/magnolia/esp-idf/components/esp_adc /home/tikhon/Документы/magnolia/esp-idf/components/esp_app_format /home/tikhon/Документы/magnolia/esp-idf/components/esp_bootloader_format /home/tikhon/Документы/magnolia/esp-idf/components/esp_coex /home/tikhon/Документы/magnolia/esp-idf/components/esp_common /home/tikhon/Документы/magnolia/esp-idf/components/esp_driver_ana_cmpr /home/tikhon/Документы/magnolia/esp-idf/components/esp_driver_bitscrambler /home/tikhon/Документы/magnolia/esp-idf/components/esp_driver_cam /home/tikhon/Документы/magnolia/esp-idf/components/esp_driver_dac /home/tikhon/Документы/magnolia/esp-idf/components/esp_driver_gpio /home/tikhon/Документы/magnolia/esp-idf/components/esp_driver_gptimer /home/tikhon/Документы/magnolia/esp-idf/components/esp_driver_i2c /home/tikhon/Документы/magnolia/esp-idf/components/esp_driver_i2s /home/tikhon/Документы/magnolia/esp-idf/components/esp_driver_i3c /home/tikhon/Документы/magnolia/esp-idf/components/esp_driver_isp /home/tikhon/Документы/magnolia/esp-idf/components/esp_driver_jpeg /home/tikhon/Документы/magnolia/esp-idf/components/esp_driver_ledc /home/tikhon/Документы/magnolia/esp-idf/components/esp_driver_mcpwm /home/tikhon/Документы/magnolia/esp-idf/components/esp_driver_parlio /home/tikhon/Документы/magnolia/esp-idf/components/esp_driver_pcnt /home/tikhon/Документы/magnolia/esp-idf/components/esp_driver_ppa /home/tikhon/Документы/magnolia/esp-idf/components/esp_driver_rmt /home/tikhon/Документы/magnolia/esp-idf/components/esp_driver_sd_intf /home/tikhon/Документы/magnolia/esp-idf/components/esp_driver_sdio /home/tikhon/Документы/magnolia/esp-idf/components/esp_driver_sdm /home/tikhon/Документы/magnolia/esp-idf/components/esp_driver_sdmmc /home/tikhon/Документы/magnolia/esp-idf/components/esp_driver_sdspi /home/tikhon/Документы/magnolia/esp-idf/components/esp_driver_spi /home/tikhon/Документы/magnolia/esp-idf/components/esp_driver_touch_sens /home/tikhon/Документы/magnolia/esp-idf/components/esp_driver_tsens /home/tikhon/Документы/magnolia/esp-idf/components/esp_driver_twai /home/tikhon/Документы/magnolia/esp-idf/components/esp_driver_uart /home/tikhon/Документы/magnolia/esp-idf/components/esp_driver_usb_serial_jtag /home/tikhon/Документы/magnolia/esp-idf/components/esp_eth /home/tikhon/Документы/magnolia/esp-idf/components/esp_event /home/tikhon/Документы/magnolia/esp-idf/components/esp_gdbstub /home/tikhon/Документы/magnolia/esp-idf/components/esp_hid /home/tikhon/Документы/magnolia/esp-idf/components/esp_http_client /home/tikhon/Документы/magnolia/esp-idf/components/esp_http_server /home/tikhon/Документы/magnolia/esp-idf/components/esp_https_ota /home/tikhon/Документы/magnolia/esp-idf/components/esp_https_server /home/tikhon/Документы/magnolia/esp-idf/components/esp_hw_support /home/tikhon/Документы/magnolia/esp-idf/components/esp_lcd /home/tikhon/Документы/magnolia/esp-idf/components/esp_local_ctrl /home/tikhon/Документы/magnolia/esp-idf/components/esp_mm /home/tikhon/Документы/magnolia/esp-idf/components/esp_netif /home/tikhon/Документы/magnolia/esp-idf/components/esp_netif_stack /home/tikhon/Документы/magnolia/esp-idf/components/esp_partition /home/tikhon/Документы/magnolia/esp-idf/components/esp_phy /home/tikhon/Документы/magnolia/esp-idf/components/esp_pm /home/tikhon/Документы/magnolia/esp-idf/components/esp_psram /home/tikhon/Документы/magnolia/esp-idf/components/esp_ringbuf /home/tikhon/Документы/magnolia/esp-idf/components/esp_rom /home/tikhon/Документы/magnolia/esp-idf/components/esp_security /home/tikhon/Документы/magnolia/esp-idf/components/esp_system /home/tikhon/Документы/magnolia/esp-idf/components/esp_timer /home/tikhon/Документы/magnolia/esp-idf/components/esp_vfs_console /home/tikhon/Документы/magnolia/esp-idf/components/esp_wifi /home/tikhon/Документы/magnolia/esp-idf/components/espcoredump /home/tikhon/Документы/magnolia/esp-idf/components/esptool_py /home/tikhon/Документы/magnolia/esp-idf/components/fatfs /home/tikhon/Документы/magnolia/esp-idf/components/freertos /home/tikhon/Документы/magnolia/esp-idf/components/hal /home/tikhon/Документы/magnolia/esp-idf/components/heap /home/tikhon/Документы/magnolia/esp-idf/components/http_parser /home/tikhon/Документы/magnolia/esp-idf/components/idf_test /home/tikhon/Документы/magnolia/esp-idf/components/ieee802154 /home/tikhon/Документы/magnolia/esp-idf/components/json /home/tikhon/Документы/magnolia/esp-idf/components/log /home/tikhon/Документы/magnolia/esp-idf/components/lwip /home/tikhon/Документы/magnolia/applets/mainline/sort/main /home/tikhon/Документы/magnolia/esp-idf/components/mbedtls /home/tikhon/Документы/magnolia/esp-idf/components/mqtt /home/tikhon/Документы/magnolia/esp-idf/components/newlib /home/tikhon/Документы/magnolia/esp-idf/components/nvs_flash /home/tikhon/Документы/magnolia/esp-idf/components/nvs_sec_provider /home/tikhon/Документы/magnolia/esp-idf/components/openthread /home/tikhon/Документы/magnolia/esp-idf/components/partition_table /home/tikhon/Документы/magnolia/esp-idf/components/perfmon /home/tikhon/Документы/magnolia/esp-idf/components/protobuf-c /home/tikhon/Документы/magnolia/esp-idf/components/protocomm /home/tikhon/Документы/magnolia/esp-idf/components/pthread /home/tikhon/Документы/magnolia/esp-idf/components/rt /home/tikhon/Документы/magnolia/esp-idf/components/sdmmc /home/tikhon/Документы/magnolia/esp-idf/components/soc /home/tikhon/Документы/magnolia/esp-idf/components/spi_flash /home/tikhon/Документы/magnolia/esp-idf/components/spiffs /home/tikhon/Документы/magnolia/esp-idf/components/tcp_transport /home/tikhon/Документы/magnolia/esp-idf/components/touch_element /home/tikhon/Документы/magnolia/esp-idf/components/ulp /home/tikhon/Документы/magnolia/esp-idf/components/unity /home/tikhon/Документы/magnolia/esp-idf/components/usb /home/tikhon/Документы/magnolia/esp-idf/components/vfs /home/tikhon/Документы/magnolia/esp-idf/components/wear_levelling /home/tikhon/Документы/magnolia/esp-idf/components/wifi_provisioning /home/tikhon/Документы/magnolia/esp-idf/components/wpa_supplicant /home/tikhon/Документы/magnolia/esp-idf/components/xtensa
[8/1044] Building C object esp-idf/esp_adc/CMakeFiles/__idf_esp_adc.dir/adc_common.c.obj
-- Configuring done (4.5s)
-- Generating done (0.8s)
[15/1044] Building C object esp-idf/tcp_transport/CMakeFiles/__idf_tcp_transport.dir/transport.c.obj
[16/1044] Building C object esp-idf/esp-tls/CMakeFiles/__idf_esp-tls.dir/esp_tls_platform_port.c.obj
[17/1044] Building C object esp-idf/esp_http_server/CMakeFiles/__idf_esp_http_server.dir/src/httpd_uri.c.obj
[9/1044] Building C object esp-idf/esp_http_server/CMakeFiles/__idf_esp_http_server.dir/src/httpd_main.c.obj
[18/1044] Building C object esp-idf/esp_http_server/CMakeFiles/__idf_esp_http_server.dir/src/httpd_txrx.c.obj
[19/1044] Building C object esp-idf/esp-tls/CMakeFiles/__idf_esp-tls.dir/esp-tls-crypto/esp_tls_crypto.c.obj
[10/1044] Building C object esp-idf/esp_adc/CMakeFiles/__idf_esp_adc.dir/adc_cali_curve_fitting.c.obj
-- Build files have been written to: /home/tikhon/Документы/magnolia/applets/mainline/sh/build
[11/1044] Building C object esp-idf/esp_http_server/CMakeFiles/__idf_esp_http_server.dir/src/httpd_txrx.c.obj
[12/1044] Building C object esp-idf/esp_http_server/CMakeFiles/__idf_esp_http_server.dir/src/httpd_uri.c.obj
[20/1044] Building C object esp-idf/esp_adc/CMakeFiles/__idf_esp_adc.dir/adc_cali_curve_fitting.c.obj
[21/1044] Building C object esp-idf/esp-tls/CMakeFiles/__idf_esp-tls.dir/esp_tls_error_capture.c.obj
[13/1044] Building C object esp-idf/tcp_transport/CMakeFiles/__idf_tcp_transport.dir/transport_socks_proxy.c.obj
[14/1044] Building C object esp-idf/esp_adc/CMakeFiles/__idf_esp_adc.dir/esp32s3/curve_fitting_coefficients.c.obj
[15/1044] Building C object esp-idf/esp_http_client/CMakeFiles/__idf_esp_http_client.dir/lib/http_auth.c.obj
[22/1044] Building C object esp-idf/esp_adc/CMakeFiles/__idf_esp_adc.dir/gdma/adc_dma.c.obj
[16/1044] Building C object esp-idf/tcp_transport/CMakeFiles/__idf_tcp_transport.dir/transport_internal.c.obj
-- USING O3
[23/1044] Building C object esp-idf/esp_http_server/CMakeFiles/__idf_esp_http_server.dir/src/httpd_parse.c.obj
[17/1044] Building C object esp-idf/esp-tls/CMakeFiles/__idf_esp-tls.dir/esp_tls_platform_port.c.obj
[18/1044] Building C object esp-idf/esp_http_server/CMakeFiles/__idf_esp_http_server.dir/src/httpd_sess.c.obj
[24/1044] Building C object esp-idf/esp_http_server/CMakeFiles/__idf_esp_http_server.dir/src/httpd_main.c.obj
[19/1044] Building C object esp-idf/esp_adc/CMakeFiles/__idf_esp_adc.dir/adc_oneshot.c.obj
[20/1044] Building C object esp-idf/esp-tls/CMakeFiles/__idf_esp-tls.dir/esp-tls-crypto/esp_tls_crypto.c.obj
[25/1044] Building C object esp-idf/esp_adc/CMakeFiles/__idf_esp_adc.dir/adc_filter.c.obj
[26/1044] Building C object esp-idf/esp_https_ota/CMakeFiles/__idf_esp_https_ota.dir/src/esp_https_ota.c.obj
-- Adding linker script /home/tikhon/Документы/magnolia/applets/mainline/touch/build/esp-idf/esp_system/ld/memory.ld
-- Adding linker script /home/tikhon/Документы/magnolia/applets/mainline/touch/build/esp-idf/esp_system/ld/sections.ld.in
[21/1044] Building C object esp-idf/esp_http_server/CMakeFiles/__idf_esp_http_server.dir/src/httpd_parse.c.obj
[22/1044] Building C object esp-idf/esp_adc/CMakeFiles/__idf_esp_adc.dir/adc_continuous.c.obj
[23/1044] Building C object esp-idf/esp_adc/CMakeFiles/__idf_esp_adc.dir/adc_filter.c.obj
-- Components: app_trace app_update bootloader bootloader_support bt cmock console cxx driver efuse esp-tls esp_adc esp_app_format esp_bootloader_format esp_coex esp_common esp_driver_ana_cmpr esp_driver_bitscrambler esp_driver_cam esp_driver_dac esp_driver_gpio esp_driver_gptimer esp_driver_i2c esp_driver_i2s esp_driver_i3c esp_driver_isp esp_driver_jpeg esp_driver_ledc esp_driver_mcpwm esp_driver_parlio esp_driver_pcnt esp_driver_ppa esp_driver_rmt esp_driver_sd_intf esp_driver_sdio esp_driver_sdm esp_driver_sdmmc esp_driver_sdspi esp_driver_spi esp_driver_touch_sens esp_driver_tsens esp_driver_twai esp_driver_uart esp_driver_usb_serial_jtag esp_eth esp_event esp_gdbstub esp_hid esp_http_client esp_http_server esp_https_ota esp_https_server esp_hw_support esp_lcd esp_local_ctrl esp_mm esp_netif esp_netif_stack esp_partition esp_phy esp_pm esp_psram esp_ringbuf esp_rom esp_security esp_system esp_timer esp_vfs_console esp_wifi espcoredump esptool_py fatfs freertos hal heap http_parser idf_test ieee802154 json log lwip main mbedtls mqtt newlib nvs_flash nvs_sec_provider openthread partition_table perfmon protobuf-c protocomm pthread rt sdmmc soc spi_flash spiffs tcp_transport touch_element ulp unity usb vfs wear_levelling wifi_provisioning wpa_supplicant xtensa
-- Component paths: /home/tikhon/Документы/magnolia/esp-idf/components/app_trace /home/tikhon/Документы/magnolia/esp-idf/components/app_update /home/tikhon/Документы/magnolia/esp-idf/components/bootloader /home/tikhon/Документы/magnolia/esp-idf/components/bootloader_support /home/tikhon/Документы/magnolia/esp-idf/components/bt /home/tikhon/Документы/magnolia/esp-idf/components/cmock /home/tikhon/Документы/magnolia/esp-idf/components/console /home/tikhon/Документы/magnolia/esp-idf/components/cxx /home/tikhon/Документы/magnolia/esp-idf/components/driver /home/tikhon/Документы/magnolia/esp-idf/components/efuse /home/tikhon/Документы/magnolia/esp-idf/components/esp-tls /home/tikhon/Документы/magnolia/esp-idf/components/esp_adc /home/tikhon/Документы/magnolia/esp-idf/components/esp_app_format /home/tikhon/Документы/magnolia/esp-idf/components/esp_bootloader_format /home/tikhon/Документы/magnolia/esp-idf/components/esp_coex /home/tikhon/Документы/magnolia/esp-idf/components/esp_common /home/tikhon/Документы/magnolia/esp-idf/components/esp_driver_ana_cmpr /home/tikhon/Документы/magnolia/esp-idf/components/esp_driver_bitscrambler /home/tikhon/Документы/magnolia/esp-idf/components/esp_driver_cam /home/tikhon/Документы/magnolia/esp-idf/components/esp_driver_dac /home/tikhon/Документы/magnolia/esp-idf/components/esp_driver_gpio /home/tikhon/Документы/magnolia/esp-idf/components/esp_driver_gptimer /home/tikhon/Документы/magnolia/esp-idf/components/esp_driver_i2c /home/tikhon/Документы/magnolia/esp-idf/components/esp_driver_i2s /home/tikhon/Документы/magnolia/esp-idf/components/esp_driver_i3c /home/tikhon/Документы/magnolia/esp-idf/components/esp_driver_isp /home/tikhon/Документы/magnolia/esp-idf/components/esp_driver_jpeg /home/tikhon/Документы/magnolia/esp-idf/components/esp_driver_ledc /home/tikhon/Документы/magnolia/esp-idf/components/esp_driver_mcpwm /home/tikhon/Документы/magnolia/esp-idf/components/esp_driver_parlio /home/tikhon/Документы/magnolia/esp-idf/components/esp_driver_pcnt /home/tikhon/Документы/magnolia/esp-idf/components/esp_driver_ppa /home/tikhon/Документы/magnolia/esp-idf/components/esp_driver_rmt /home/tikhon/Документы/magnolia/esp-idf/components/esp_driver_sd_intf /home/tikhon/Документы/magnolia/esp-idf/components/esp_driver_sdio /home/tikhon/Документы/magnolia/esp-idf/components/esp_driver_sdm /home/tikhon/Документы/magnolia/esp-idf/components/esp_driver_sdmmc /home/tikhon/Документы/magnolia/esp-idf/components/esp_driver_sdspi /home/tikhon/Документы/magnolia/esp-idf/components/esp_driver_spi /home/tikhon/Документы/magnolia/esp-idf/components/esp_driver_touch_sens /home/tikhon/Документы/magnolia/esp-idf/components/esp_driver_tsens /home/tikhon/Документы/magnolia/esp-idf/components/esp_driver_twai /home/tikhon/Документы/magnolia/esp-idf/components/esp_driver_uart /home/tikhon/Документы/magnolia/esp-idf/components/esp_driver_usb_serial_jtag /home/tikhon/Документы/magnolia/esp-idf/components/esp_eth /home/tikhon/Документы/magnolia/esp-idf/components/esp_event /home/tikhon/Документы/magnolia/esp-idf/components/esp_gdbstub /home/tikhon/Документы/magnolia/esp-idf/components/esp_hid /home/tikhon/Документы/magnolia/esp-idf/components/esp_http_client /home/tikhon/Документы/magnolia/esp-idf/components/esp_http_server /home/tikhon/Документы/magnolia/esp-idf/components/esp_https_ota /home/tikhon/Документы/magnolia/esp-idf/components/esp_https_server /home/tikhon/Документы/magnolia/esp-idf/components/esp_hw_support /home/tikhon/Документы/magnolia/esp-idf/components/esp_lcd /home/tikhon/Документы/magnolia/esp-idf/components/esp_local_ctrl /home/tikhon/Документы/magnolia/esp-idf/components/esp_mm /home/tikhon/Документы/magnolia/esp-idf/components/esp_netif /home/tikhon/Документы/magnolia/esp-idf/components/esp_netif_stack /home/tikhon/Документы/magnolia/esp-idf/components/esp_partition /home/tikhon/Документы/magnolia/esp-idf/components/esp_phy /home/tikhon/Документы/magnolia/esp-idf/components/esp_pm /home/tikhon/Документы/magnolia/esp-idf/components/esp_psram /home/tikhon/Документы/magnolia/esp-idf/components/esp_ringbuf /home/tikhon/Документы/magnolia/esp-idf/components/esp_rom /home/tikhon/Документы/magnolia/esp-idf/components/esp_security /home/tikhon/Документы/magnolia/esp-idf/components/esp_system /home/tikhon/Документы/magnolia/esp-idf/components/esp_timer /home/tikhon/Документы/magnolia/esp-idf/components/esp_vfs_console /home/tikhon/Документы/magnolia/esp-idf/components/esp_wifi /home/tikhon/Документы/magnolia/esp-idf/components/espcoredump /home/tikhon/Документы/magnolia/esp-idf/components/esptool_py /home/tikhon/Документы/magnolia/esp-idf/components/fatfs /home/tikhon/Документы/magnolia/esp-idf/components/freertos /home/tikhon/Документы/magnolia/esp-idf/components/hal /home/tikhon/Документы/magnolia/esp-idf/components/heap /home/tikhon/Документы/magnolia/esp-idf/components/http_parser /home/tikhon/Документы/magnolia/esp-idf/components/idf_test /home/tikhon/Документы/magnolia/esp-idf/components/ieee802154 /home/tikhon/Документы/magnolia/esp-idf/components/json /home/tikhon/Документы/magnolia/esp-idf/components/log /home/tikhon/Документы/magnolia/esp-idf/components/lwip /home/tikhon/Документы/magnolia/applets/mainline/tail/main /home/tikhon/Документы/magnolia/esp-idf/components/mbedtls /home/tikhon/Документы/magnolia/esp-idf/components/mqtt /home/tikhon/Документы/magnolia/esp-idf/components/newlib /home/tikhon/Документы/magnolia/esp-idf/components/nvs_flash /home/tikhon/Документы/magnolia/esp-idf/components/nvs_sec_provider /home/tikhon/Документы/magnolia/esp-idf/components/openthread /home/tikhon/Документы/magnolia/esp-idf/components/partition_table /home/tikhon/Документы/magnolia/esp-idf/components/perfmon /home/tikhon/Документы/magnolia/esp-idf/components/protobuf-c /home/tikhon/Документы/magnolia/esp-idf/components/protocomm /home/tikhon/Документы/magnolia/esp-idf/components/pthread /home/tikhon/Документы/magnolia/esp-idf/components/rt /home/tikhon/Документы/magnolia/esp-idf/components/sdmmc /home/tikhon/Документы/magnolia/esp-idf/components/soc /home/tikhon/Документы/magnolia/esp-idf/components/spi_flash /home/tikhon/Документы/magnolia/esp-idf/components/spiffs /home/tikhon/Документы/magnolia/esp-idf/components/tcp_transport /home/tikhon/Документы/magnolia/esp-idf/components/touch_element /home/tikhon/Документы/magnolia/esp-idf/components/ulp /home/tikhon/Документы/magnolia/esp-idf/components/unity /home/tikhon/Документы/magnolia/esp-idf/components/usb /home/tikhon/Документы/magnolia/esp-idf/components/vfs /home/tikhon/Документы/magnolia/esp-idf/components/wear_levelling /home/tikhon/Документы/magnolia/esp-idf/components/wifi_provisioning /home/tikhon/Документы/magnolia/esp-idf/components/wpa_supplicant /home/tikhon/Документы/magnolia/esp-idf/components/xtensa
[27/1044] Linking C static library esp-idf/esp_https_ota/libesp_https_ota.a
[24/1044] Building C object esp-idf/tcp_transport/CMakeFiles/__idf_tcp_transport.dir/transport.c.obj
-- Adding linker script /home/tikhon/Документы/magnolia/esp-idf/components/esp_rom/esp32s3/ld/esp32s3.rom.ld
[28/1044] Building C object esp-idf/tcp_transport/CMakeFiles/__idf_tcp_transport.dir/transport_ssl.c.obj
-- Adding linker script /home/tikhon/Документы/magnolia/esp-idf/components/esp_rom/esp32s3/ld/esp32s3.rom.api.ld
-- Adding linker script /home/tikhon/Документы/magnolia/esp-idf/components/esp_rom/esp32s3/ld/esp32s3.rom.bt_funcs.ld
-- Adding linker script /home/tikhon/Документы/magnolia/esp-idf/components/esp_rom/esp32s3/ld/esp32s3.rom.libgcc.ld
-- Adding linker script /home/tikhon/Документы/magnolia/esp-idf/components/esp_rom/esp32s3/ld/esp32s3.rom.wdt.ld
-- Adding linker script /home/tikhon/Документы/magnolia/esp-idf/components/esp_rom/esp32s3/ld/esp32s3.rom.version.ld
-- Adding linker script /home/tikhon/Документы/magnolia/esp-idf/components/esp_rom/esp32s3/ld/esp32s3.rom.ble_master.ld
-- Adding linker script /home/tikhon/Документы/magnolia/esp-idf/components/esp_rom/esp32s3/ld/esp32s3.rom.ble_50.ld
-- Adding linker script /home/tikhon/Документы/magnolia/esp-idf/components/esp_rom/esp32s3/ld/esp32s3.rom.ble_smp.ld
-- Adding linker script /home/tikhon/Документы/magnolia/esp-idf/components/esp_rom/esp32s3/ld/esp32s3.rom.ble_dtm.ld
-- Adding linker script /home/tikhon/Документы/magnolia/esp-idf/components/esp_rom/esp32s3/ld/esp32s3.rom.ble_test.ld
-- Adding linker script /home/tikhon/Документы/magnolia/esp-idf/components/esp_rom/esp32s3/ld/esp32s3.rom.ble_scan.ld
-- Adding linker script /home/tikhon/Документы/magnolia/esp-idf/components/esp_rom/esp32s3/ld/esp32s3.rom.libc.ld
-- Adding linker script /home/tikhon/Документы/magnolia/esp-idf/components/esp_rom/esp32s3/ld/esp32s3.rom.newlib.ld
-- Configuring done (4.9s)
[25/1044] Building C object esp-idf/esp_https_ota/CMakeFiles/__idf_esp_https_ota.dir/src/esp_https_ota.c.obj
[26/1044] Building C object esp-idf/esp_adc/CMakeFiles/__idf_esp_adc.dir/adc_monitor.c.obj
[27/1044] Building C object esp-idf/esp_adc/CMakeFiles/__idf_esp_adc.dir/gdma/adc_dma.c.obj
[29/1044] Building C object esp-idf/esp_adc/CMakeFiles/__idf_esp_adc.dir/adc_continuous.c.obj
[30/1044] Linking C static library esp-idf/esp_http_server/libesp_http_server.a
-- Adding linker script /home/tikhon/Документы/magnolia/esp-idf/components/soc/esp32s3/ld/esp32s3.peripherals.ld
[28/1044] Building C object esp-idf/tcp_transport/CMakeFiles/__idf_tcp_transport.dir/transport_ssl.c.obj
[29/1044] Linking C static library esp-idf/esp_https_ota/libesp_https_ota.a
[31/1044] Building C object esp-idf/esp_adc/CMakeFiles/__idf_esp_adc.dir/adc_monitor.c.obj
[30/1044] Building C object esp-idf/tcp_transport/CMakeFiles/__idf_tcp_transport.dir/transport_ws.c.obj
[31/1044] Building C object esp-idf/esp-tls/CMakeFiles/__idf_esp-tls.dir/esp_tls_error_capture.c.obj
[32/1044] Building C object esp-idf/driver/CMakeFiles/__idf_driver.dir/touch_sensor/touch_sensor_common.c.obj
[32/1044] Building C object esp-idf/esp_driver_twai/CMakeFiles/__idf_esp_driver_twai.dir/esp_twai.c.obj
[33/1044] Linking C static library esp-idf/esp_http_server/libesp_http_server.a
[33/1044] Building C object esp-idf/tcp_transport/CMakeFiles/__idf_tcp_transport.dir/transport_ws.c.obj
[34/1044] Building C object esp-idf/driver/CMakeFiles/__idf_driver.dir/touch_sensor/touch_sensor_common.c.obj
[35/1044] Building C object esp-idf/esp-tls/CMakeFiles/__idf_esp-tls.dir/esp_tls_mbedtls.c.obj
[1/4] Building C object esp-idf/esp_app_format/CMakeFiles/__idf_esp_app_format.dir/esp_app_desc.c.obj
[34/1044] Building C object esp-idf/esp-tls/CMakeFiles/__idf_esp-tls.dir/esp_tls_mbedtls.c.obj
[2/4] Linking C static library esp-idf/esp_app_format/libesp_app_format.a
Command failed (2): idf.py build
Skipping failed applet build: rm
Building applet user -> user ...
+ idf.py elf
[36/1044] Building C object esp-idf/esp_driver_i2c/CMakeFiles/__idf_esp_driver_i2c.dir/i2c_common.c.obj
-- Components: app_trace app_update bootloader bootloader_support bt cmock console cxx driver efuse esp-tls esp_adc esp_app_format esp_bootloader_format esp_coex esp_common esp_driver_ana_cmpr esp_driver_bitscrambler esp_driver_cam esp_driver_dac esp_driver_gpio esp_driver_gptimer esp_driver_i2c esp_driver_i2s esp_driver_i3c esp_driver_isp esp_driver_jpeg esp_driver_ledc esp_driver_mcpwm esp_driver_parlio esp_driver_pcnt esp_driver_ppa esp_driver_rmt esp_driver_sd_intf esp_driver_sdio esp_driver_sdm esp_driver_sdmmc esp_driver_sdspi esp_driver_spi esp_driver_touch_sens esp_driver_tsens esp_driver_twai esp_driver_uart esp_driver_usb_serial_jtag esp_eth esp_event esp_gdbstub esp_hid esp_http_client esp_http_server esp_https_ota esp_https_server esp_hw_support esp_lcd esp_local_ctrl esp_mm esp_netif esp_netif_stack esp_partition esp_phy esp_pm esp_psram esp_ringbuf esp_rom esp_security esp_system esp_timer esp_vfs_console esp_wifi espcoredump esptool_py fatfs freertos hal heap http_parser idf_test ieee802154 json log lwip main mbedtls mqtt newlib nvs_flash nvs_sec_provider openthread partition_table perfmon protobuf-c protocomm pthread rt sdmmc soc spi_flash spiffs tcp_transport touch_element ulp unity usb vfs wear_levelling wifi_provisioning wpa_supplicant xtensa
-- Component paths: /home/tikhon/Документы/magnolia/esp-idf/components/app_trace /home/tikhon/Документы/magnolia/esp-idf/components/app_update /home/tikhon/Документы/magnolia/esp-idf/components/bootloader /home/tikhon/Документы/magnolia/esp-idf/components/bootloader_support /home/tikhon/Документы/magnolia/esp-idf/components/bt /home/tikhon/Документы/magnolia/esp-idf/components/cmock /home/tikhon/Документы/magnolia/esp-idf/components/console /home/tikhon/Документы/magnolia/esp-idf/components/cxx /home/tikhon/Документы/magnolia/esp-idf/components/driver /home/tikhon/Документы/magnolia/esp-idf/components/efuse /home/tikhon/Документы/magnolia/esp-idf/components/esp-tls /home/tikhon/Документы/magnolia/esp-idf/components/esp_adc /home/tikhon/Документы/magnolia/esp-idf/components/esp_app_format /home/tikhon/Документы/magnolia/esp-idf/components/esp_bootloader_format /home/tikhon/Документы/magnolia/esp-idf/components/esp_coex /home/tikhon/Документы/magnolia/esp-idf/components/esp_common /home/tikhon/Документы/magnolia/esp-idf/components/esp_driver_ana_cmpr /home/tikhon/Документы/magnolia/esp-idf/components/esp_driver_bitscrambler /home/tikhon/Документы/magnolia/esp-idf/components/esp_driver_cam /home/tikhon/Документы/magnolia/esp-idf/components/esp_driver_dac /home/tikhon/Документы/magnolia/esp-idf/components/esp_driver_gpio /home/tikhon/Документы/magnolia/esp-idf/components/esp_driver_gptimer /home/tikhon/Документы/magnolia/esp-idf/components/esp_driver_i2c /home/tikhon/Документы/magnolia/esp-idf/components/esp_driver_i2s /home/tikhon/Документы/magnolia/esp-idf/components/esp_driver_i3c /home/tikhon/Документы/magnolia/esp-idf/components/esp_driver_isp /home/tikhon/Документы/magnolia/esp-idf/components/esp_driver_jpeg /home/tikhon/Документы/magnolia/esp-idf/components/esp_driver_ledc /home/tikhon/Документы/magnolia/esp-idf/components/esp_driver_mcpwm /home/tikhon/Документы/magnolia/esp-idf/components/esp_driver_parlio /home/tikhon/Документы/magnolia/esp-idf/components/esp_driver_pcnt /home/tikhon/Документы/magnolia/esp-idf/components/esp_driver_ppa /home/tikhon/Документы/magnolia/esp-idf/components/esp_driver_rmt /home/tikhon/Документы/magnolia/esp-idf/components/esp_driver_sd_intf /home/tikhon/Документы/magnolia/esp-idf/components/esp_driver_sdio /home/tikhon/Документы/magnolia/esp-idf/components/esp_driver_sdm /home/tikhon/Документы/magnolia/esp-idf/components/esp_driver_sdmmc /home/tikhon/Документы/magnolia/esp-idf/components/esp_driver_sdspi /home/tikhon/Документы/magnolia/esp-idf/components/esp_driver_spi /home/tikhon/Документы/magnolia/esp-idf/components/esp_driver_touch_sens /home/tikhon/Документы/magnolia/esp-idf/components/esp_driver_tsens /home/tikhon/Документы/magnolia/esp-idf/components/esp_driver_twai /home/tikhon/Документы/magnolia/esp-idf/components/esp_driver_uart /home/tikhon/Документы/magnolia/esp-idf/components/esp_driver_usb_serial_jtag /home/tikhon/Документы/magnolia/esp-idf/components/esp_eth /home/tikhon/Документы/magnolia/esp-idf/components/esp_event /home/tikhon/Документы/magnolia/esp-idf/components/esp_gdbstub /home/tikhon/Документы/magnolia/esp-idf/components/esp_hid /home/tikhon/Документы/magnolia/esp-idf/components/esp_http_client /home/tikhon/Документы/magnolia/esp-idf/components/esp_http_server /home/tikhon/Документы/magnolia/esp-idf/components/esp_https_ota /home/tikhon/Документы/magnolia/esp-idf/components/esp_https_server /home/tikhon/Документы/magnolia/esp-idf/components/esp_hw_support /home/tikhon/Документы/magnolia/esp-idf/components/esp_lcd /home/tikhon/Документы/magnolia/esp-idf/components/esp_local_ctrl /home/tikhon/Документы/magnolia/esp-idf/components/esp_mm /home/tikhon/Документы/magnolia/esp-idf/components/esp_netif /home/tikhon/Документы/magnolia/esp-idf/components/esp_netif_stack /home/tikhon/Документы/magnolia/esp-idf/components/esp_partition /home/tikhon/Документы/magnolia/esp-idf/components/esp_phy /home/tikhon/Документы/magnolia/esp-idf/components/esp_pm /home/tikhon/Документы/magnolia/esp-idf/components/esp_psram /home/tikhon/Документы/magnolia/esp-idf/components/esp_ringbuf /home/tikhon/Документы/magnolia/esp-idf/components/esp_rom /home/tikhon/Документы/magnolia/esp-idf/components/esp_security /home/tikhon/Документы/magnolia/esp-idf/components/esp_system /home/tikhon/Документы/magnolia/esp-idf/components/esp_timer /home/tikhon/Документы/magnolia/esp-idf/components/esp_vfs_console /home/tikhon/Документы/magnolia/esp-idf/components/esp_wifi /home/tikhon/Документы/magnolia/esp-idf/components/espcoredump /home/tikhon/Документы/magnolia/esp-idf/components/esptool_py /home/tikhon/Документы/magnolia/esp-idf/components/fatfs /home/tikhon/Документы/magnolia/esp-idf/components/freertos /home/tikhon/Документы/magnolia/esp-idf/components/hal /home/tikhon/Документы/magnolia/esp-idf/components/heap /home/tikhon/Документы/magnolia/esp-idf/components/http_parser /home/tikhon/Документы/magnolia/esp-idf/components/idf_test /home/tikhon/Документы/magnolia/esp-idf/components/ieee802154 /home/tikhon/Документы/magnolia/esp-idf/components/json /home/tikhon/Документы/magnolia/esp-idf/components/log /home/tikhon/Документы/magnolia/esp-idf/components/lwip /home/tikhon/Документы/magnolia/applets/mainline/tee/main /home/tikhon/Документы/magnolia/esp-idf/components/mbedtls /home/tikhon/Документы/magnolia/esp-idf/components/mqtt /home/tikhon/Документы/magnolia/esp-idf/components/newlib /home/tikhon/Документы/magnolia/esp-idf/components/nvs_flash /home/tikhon/Документы/magnolia/esp-idf/components/nvs_sec_provider /home/tikhon/Документы/magnolia/esp-idf/components/openthread /home/tikhon/Документы/magnolia/esp-idf/components/partition_table /home/tikhon/Документы/magnolia/esp-idf/components/perfmon /home/tikhon/Документы/magnolia/esp-idf/components/protobuf-c /home/tikhon/Документы/magnolia/esp-idf/components/protocomm /home/tikhon/Документы/magnolia/esp-idf/components/pthread /home/tikhon/Документы/magnolia/esp-idf/components/rt /home/tikhon/Документы/magnolia/esp-idf/components/sdmmc /home/tikhon/Документы/magnolia/esp-idf/components/soc /home/tikhon/Документы/magnolia/esp-idf/components/spi_flash /home/tikhon/Документы/magnolia/esp-idf/components/spiffs /home/tikhon/Документы/magnolia/esp-idf/components/tcp_transport /home/tikhon/Документы/magnolia/esp-idf/components/touch_element /home/tikhon/Документы/magnolia/esp-idf/components/ulp /home/tikhon/Документы/magnolia/esp-idf/components/unity /home/tikhon/Документы/magnolia/esp-idf/components/usb /home/tikhon/Документы/magnolia/esp-idf/components/vfs /home/tikhon/Документы/magnolia/esp-idf/components/wear_levelling /home/tikhon/Документы/magnolia/esp-idf/components/wifi_provisioning /home/tikhon/Документы/magnolia/esp-idf/components/wpa_supplicant /home/tikhon/Документы/magnolia/esp-idf/components/xtensa
-- Configuring done (5.2s)
[37/1044] Building C object esp-idf/driver/CMakeFiles/__idf_driver.dir/twai/twai.c.obj
[3/4] Build ELF: sh.app.elf
[35/1044] Building C object esp-idf/esp_driver_twai/CMakeFiles/__idf_esp_driver_twai.dir/esp_twai.c.obj
[36/1044] Building C object esp-idf/esp_driver_rmt/CMakeFiles/__idf_esp_driver_rmt.dir/src/rmt_encoder.c.obj
[38/1044] Building C object esp-idf/esp-tls/CMakeFiles/__idf_esp-tls.dir/esp_tls.c.obj
[37/1044] Building C object esp-idf/esp_driver_i2c/CMakeFiles/__idf_esp_driver_i2c.dir/i2c_common.c.obj
[39/1044] Building C object esp-idf/esp_driver_sdm/CMakeFiles/__idf_esp_driver_sdm.dir/src/sdm.c.obj
[38/1044] Building C object esp-idf/esp_driver_rmt/CMakeFiles/__idf_esp_driver_rmt.dir/src/rmt_common.c.obj
[40/1044] Building C object esp-idf/esp_driver_rmt/CMakeFiles/__idf_esp_driver_rmt.dir/src/rmt_encoder.c.obj
[39/1044] Building C object esp-idf/esp_driver_tsens/CMakeFiles/__idf_esp_driver_tsens.dir/src/temperature_sensor.c.obj
[41/1044] Building C object esp-idf/esp_driver_twai/CMakeFiles/__idf_esp_driver_twai.dir/esp_twai_onchip.c.obj
[42/1044] Building C object esp-idf/esp_driver_sdspi/CMakeFiles/__idf_esp_driver_sdspi.dir/src/sdspi_crc.c.obj
[43/1044] Building C object esp-idf/driver/CMakeFiles/__idf_driver.dir/touch_sensor/esp32s3/touch_sensor.c.obj
[44/1044] Building C object esp-idf/esp_driver_tsens/CMakeFiles/__idf_esp_driver_tsens.dir/src/temperature_sensor.c.obj
[40/1044] Building C object esp-idf/esp_driver_sdm/CMakeFiles/__idf_esp_driver_sdm.dir/src/sdm.c.obj
[45/1044] Building C object esp-idf/esp_driver_rmt/CMakeFiles/__idf_esp_driver_rmt.dir/src/rmt_common.c.obj
[46/1044] Building C object esp-idf/esp_driver_rmt/CMakeFiles/__idf_esp_driver_rmt.dir/src/rmt_encoder_bytes.c.obj
[47/1044] Building C object esp-idf/esp_driver_rmt/CMakeFiles/__idf_esp_driver_rmt.dir/src/rmt_encoder_copy.c.obj
[41/1044] Building C object esp-idf/esp_driver_sdspi/CMakeFiles/__idf_esp_driver_sdspi.dir/src/sdspi_crc.c.obj
[42/1044] Building C object esp-idf/esp_driver_twai/CMakeFiles/__idf_esp_driver_twai.dir/esp_twai_onchip.c.obj
[48/1044] Building C object esp-idf/esp_http_client/CMakeFiles/__idf_esp_http_client.dir/esp_http_client.c.obj
NOTICE: Processing 1 dependencies:
-- Generating done (1.5s)
NOTICE: [1/1] idf (6.0.0)
[43/1044] Building C object esp-idf/esp_driver_rmt/CMakeFiles/__idf_esp_driver_rmt.dir/src/rmt_encoder_bytes.c.obj
[49/1044] Linking C static library esp-idf/esp_http_client/libesp_http_client.a
[44/1044] Building C object esp-idf/esp-tls/CMakeFiles/__idf_esp-tls.dir/esp_tls.c.obj
[45/1044] Building C object esp-idf/esp_driver_i2c/CMakeFiles/__idf_esp_driver_i2c.dir/i2c_slave.c.obj
[50/1044] Building C object esp-idf/http_parser/CMakeFiles/__idf_http_parser.dir/http_parser.c.obj
[51/1044] Building C object esp-idf/esp_driver_i2c/CMakeFiles/__idf_esp_driver_i2c.dir/i2c_slave.c.obj
[46/1044] Building C object esp-idf/driver/CMakeFiles/__idf_driver.dir/twai/twai.c.obj
-- Build files have been written to: /home/tikhon/Документы/magnolia/applets/mainline/shell/build
[47/1044] Building C object esp-idf/esp_driver_rmt/CMakeFiles/__idf_esp_driver_rmt.dir/src/rmt_encoder_copy.c.obj
[52/1044] Linking C static library esp-idf/tcp_transport/libtcp_transport.a
[48/1044] Building C object esp-idf/esp_http_client/CMakeFiles/__idf_esp_http_client.dir/esp_http_client.c.obj
[49/1044] Building C object esp-idf/esp_driver_sdspi/CMakeFiles/__idf_esp_driver_sdspi.dir/src/sdspi_transaction.c.obj
[53/1044] Building C object esp-idf/esp_driver_rmt/CMakeFiles/__idf_esp_driver_rmt.dir/src/rmt_encoder_simple.c.obj
[54/1044] Building C object esp-idf/esp_driver_sdmmc/CMakeFiles/__idf_esp_driver_sdmmc.dir/legacy/src/sdmmc_transaction.c.obj
[55/1044] Linking C static library esp-idf/esp_adc/libesp_adc.a
[50/1044] Linking C static library esp-idf/esp_http_client/libesp_http_client.a
[51/1044] Building C object esp-idf/esp_driver_sdmmc/CMakeFiles/__idf_esp_driver_sdmmc.dir/legacy/src/sdmmc_transaction.c.obj
[56/1044] Building C object esp-idf/esp_driver_sdmmc/CMakeFiles/__idf_esp_driver_sdmmc.dir/legacy/src/sdmmc_host.c.obj
[57/1044] Building C object esp-idf/driver/CMakeFiles/__idf_driver.dir/i2c/i2c.c.obj
[58/1044] Building C object esp-idf/esp_driver_sdspi/CMakeFiles/__idf_esp_driver_sdspi.dir/src/sdspi_transaction.c.obj
[52/1044] Linking C static library esp-idf/tcp_transport/libtcp_transport.a
[59/1044] Linking C static library esp-idf/esp-tls/libesp-tls.a
[53/1044] Building C object esp-idf/esp_driver_rmt/CMakeFiles/__idf_esp_driver_rmt.dir/src/rmt_encoder_simple.c.obj
[54/1044] Building C object esp-idf/driver/CMakeFiles/__idf_driver.dir/touch_sensor/esp32s3/touch_sensor.c.obj
[60/1044] Building C object esp-idf/esp_driver_sd_intf/CMakeFiles/__idf_esp_driver_sd_intf.dir/sd_host.c.obj
[61/1044] Building C object esp-idf/sdmmc/CMakeFiles/__idf_sdmmc.dir/sdmmc_init.c.obj
[55/1044] Linking C static library esp-idf/esp_adc/libesp_adc.a
[62/1044] Linking C static library esp-idf/http_parser/libhttp_parser.a
[56/1044] Building C object esp-idf/esp_driver_sd_intf/CMakeFiles/__idf_esp_driver_sd_intf.dir/sd_host.c.obj
[63/1044] Building C object esp-idf/sdmmc/CMakeFiles/__idf_sdmmc.dir/sd_pwr_ctrl/sd_pwr_ctrl.c.obj
[57/1044] Building C object esp-idf/esp_driver_sdmmc/CMakeFiles/__idf_esp_driver_sdmmc.dir/legacy/src/sdmmc_host.c.obj
Applet sh OK -> /home/tikhon/Документы/magnolia/rootfs/bin/sh
Building applet vi -> vi ...
+ idf.py elf
[58/1044] Linking C static library esp-idf/esp-tls/libesp-tls.a
[59/1044] Building C object esp-idf/driver/CMakeFiles/__idf_driver.dir/i2c/i2c.c.obj
[60/1044] Building C object esp-idf/sdmmc/CMakeFiles/__idf_sdmmc.dir/sdmmc_cmd.c.obj
[64/1044] Building C object esp-idf/esp_driver_sdspi/CMakeFiles/__idf_esp_driver_sdspi.dir/src/sdspi_host.c.obj
[65/1044] Building C object esp-idf/esp_driver_sdmmc/CMakeFiles/__idf_esp_driver_sdmmc.dir/src/sd_trans_sdmmc.c.obj
[61/1044] Building C object esp-idf/sdmmc/CMakeFiles/__idf_sdmmc.dir/sd_pwr_ctrl/sd_pwr_ctrl.c.obj
-- Components: app_trace app_update bootloader bootloader_support bt cmock console cxx driver efuse esp-tls esp_adc esp_app_format esp_bootloader_format esp_coex esp_common esp_driver_ana_cmpr esp_driver_bitscrambler esp_driver_cam esp_driver_dac esp_driver_gpio esp_driver_gptimer esp_driver_i2c esp_driver_i2s esp_driver_i3c esp_driver_isp esp_driver_jpeg esp_driver_ledc esp_driver_mcpwm esp_driver_parlio esp_driver_pcnt esp_driver_ppa esp_driver_rmt esp_driver_sd_intf esp_driver_sdio esp_driver_sdm esp_driver_sdmmc esp_driver_sdspi esp_driver_spi esp_driver_touch_sens esp_driver_tsens esp_driver_twai esp_driver_uart esp_driver_usb_serial_jtag esp_eth esp_event esp_gdbstub esp_hid esp_http_client esp_http_server esp_https_ota esp_https_server esp_hw_support esp_lcd esp_local_ctrl esp_mm esp_netif esp_netif_stack esp_partition esp_phy esp_pm esp_psram esp_ringbuf esp_rom esp_security esp_system esp_timer esp_vfs_console esp_wifi espcoredump esptool_py fatfs freertos hal heap http_parser idf_test ieee802154 json log lwip main mbedtls mqtt newlib nvs_flash nvs_sec_provider openthread partition_table perfmon protobuf-c protocomm pthread rt sdmmc soc spi_flash spiffs tcp_transport touch_element ulp unity usb vfs wear_levelling wifi_provisioning wpa_supplicant xtensa
-- Component paths: /home/tikhon/Документы/magnolia/esp-idf/components/app_trace /home/tikhon/Документы/magnolia/esp-idf/components/app_update /home/tikhon/Документы/magnolia/esp-idf/components/bootloader /home/tikhon/Документы/magnolia/esp-idf/components/bootloader_support /home/tikhon/Документы/magnolia/esp-idf/components/bt /home/tikhon/Документы/magnolia/esp-idf/components/cmock /home/tikhon/Документы/magnolia/esp-idf/components/console /home/tikhon/Документы/magnolia/esp-idf/components/cxx /home/tikhon/Документы/magnolia/esp-idf/components/driver /home/tikhon/Документы/magnolia/esp-idf/components/efuse /home/tikhon/Документы/magnolia/esp-idf/components/esp-tls /home/tikhon/Документы/magnolia/esp-idf/components/esp_adc /home/tikhon/Документы/magnolia/esp-idf/components/esp_app_format /home/tikhon/Документы/magnolia/esp-idf/components/esp_bootloader_format /home/tikhon/Документы/magnolia/esp-idf/components/esp_coex /home/tikhon/Документы/magnolia/esp-idf/components/esp_common /home/tikhon/Документы/magnolia/esp-idf/components/esp_driver_ana_cmpr /home/tikhon/Документы/magnolia/esp-idf/components/esp_driver_bitscrambler /home/tikhon/Документы/magnolia/esp-idf/components/esp_driver_cam /home/tikhon/Документы/magnolia/esp-idf/components/esp_driver_dac /home/tikhon/Документы/magnolia/esp-idf/components/esp_driver_gpio /home/tikhon/Документы/magnolia/esp-idf/components/esp_driver_gptimer /home/tikhon/Документы/magnolia/esp-idf/components/esp_driver_i2c /home/tikhon/Документы/magnolia/esp-idf/components/esp_driver_i2s /home/tikhon/Документы/magnolia/esp-idf/components/esp_driver_i3c /home/tikhon/Документы/magnolia/esp-idf/components/esp_driver_isp /home/tikhon/Документы/magnolia/esp-idf/components/esp_driver_jpeg /home/tikhon/Документы/magnolia/esp-idf/components/esp_driver_ledc /home/tikhon/Документы/magnolia/esp-idf/components/esp_driver_mcpwm /home/tikhon/Документы/magnolia/esp-idf/components/esp_driver_parlio /home/tikhon/Документы/magnolia/esp-idf/components/esp_driver_pcnt /home/tikhon/Документы/magnolia/esp-idf/components/esp_driver_ppa /home/tikhon/Документы/magnolia/esp-idf/components/esp_driver_rmt /home/tikhon/Документы/magnolia/esp-idf/components/esp_driver_sd_intf /home/tikhon/Документы/magnolia/esp-idf/components/esp_driver_sdio /home/tikhon/Документы/magnolia/esp-idf/components/esp_driver_sdm /home/tikhon/Документы/magnolia/esp-idf/components/esp_driver_sdmmc /home/tikhon/Документы/magnolia/esp-idf/components/esp_driver_sdspi /home/tikhon/Документы/magnolia/esp-idf/components/esp_driver_spi /home/tikhon/Документы/magnolia/esp-idf/components/esp_driver_touch_sens /home/tikhon/Документы/magnolia/esp-idf/components/esp_driver_tsens /home/tikhon/Документы/magnolia/esp-idf/components/esp_driver_twai /home/tikhon/Документы/magnolia/esp-idf/components/esp_driver_uart /home/tikhon/Документы/magnolia/esp-idf/components/esp_driver_usb_serial_jtag /home/tikhon/Документы/magnolia/esp-idf/components/esp_eth /home/tikhon/Документы/magnolia/esp-idf/components/esp_event /home/tikhon/Документы/magnolia/esp-idf/components/esp_gdbstub /home/tikhon/Документы/magnolia/esp-idf/components/esp_hid /home/tikhon/Документы/magnolia/esp-idf/components/esp_http_client /home/tikhon/Документы/magnolia/esp-idf/components/esp_http_server /home/tikhon/Документы/magnolia/esp-idf/components/esp_https_ota /home/tikhon/Документы/magnolia/esp-idf/components/esp_https_server /home/tikhon/Документы/magnolia/esp-idf/components/esp_hw_support /home/tikhon/Документы/magnolia/esp-idf/components/esp_lcd /home/tikhon/Документы/magnolia/esp-idf/components/esp_local_ctrl /home/tikhon/Документы/magnolia/esp-idf/components/esp_mm /home/tikhon/Документы/magnolia/esp-idf/components/esp_netif /home/tikhon/Документы/magnolia/esp-idf/components/esp_netif_stack /home/tikhon/Документы/magnolia/esp-idf/components/esp_partition /home/tikhon/Документы/magnolia/esp-idf/components/esp_phy /home/tikhon/Документы/magnolia/esp-idf/components/esp_pm /home/tikhon/Документы/magnolia/esp-idf/components/esp_psram /home/tikhon/Документы/magnolia/esp-idf/components/esp_ringbuf /home/tikhon/Документы/magnolia/esp-idf/components/esp_rom /home/tikhon/Документы/magnolia/esp-idf/components/esp_security /home/tikhon/Документы/magnolia/esp-idf/components/esp_system /home/tikhon/Документы/magnolia/esp-idf/components/esp_timer /home/tikhon/Документы/magnolia/esp-idf/components/esp_vfs_console /home/tikhon/Документы/magnolia/esp-idf/components/esp_wifi /home/tikhon/Документы/magnolia/esp-idf/components/espcoredump /home/tikhon/Документы/magnolia/esp-idf/components/esptool_py /home/tikhon/Документы/magnolia/esp-idf/components/fatfs /home/tikhon/Документы/magnolia/esp-idf/components/freertos /home/tikhon/Документы/magnolia/esp-idf/components/hal /home/tikhon/Документы/magnolia/esp-idf/components/heap /home/tikhon/Документы/magnolia/esp-idf/components/http_parser /home/tikhon/Документы/magnolia/esp-idf/components/idf_test /home/tikhon/Документы/magnolia/esp-idf/components/ieee802154 /home/tikhon/Документы/magnolia/esp-idf/components/json /home/tikhon/Документы/magnolia/esp-idf/components/log /home/tikhon/Документы/magnolia/esp-idf/components/lwip /home/tikhon/Документы/magnolia/applets/mainline/test/main /home/tikhon/Документы/magnolia/esp-idf/components/mbedtls /home/tikhon/Документы/magnolia/esp-idf/components/mqtt /home/tikhon/Документы/magnolia/esp-idf/components/newlib /home/tikhon/Документы/magnolia/esp-idf/components/nvs_flash /home/tikhon/Документы/magnolia/esp-idf/components/nvs_sec_provider /home/tikhon/Документы/magnolia/esp-idf/components/openthread /home/tikhon/Документы/magnolia/esp-idf/components/partition_table /home/tikhon/Документы/magnolia/esp-idf/components/perfmon /home/tikhon/Документы/magnolia/esp-idf/components/protobuf-c /home/tikhon/Документы/magnolia/esp-idf/components/protocomm /home/tikhon/Документы/magnolia/esp-idf/components/pthread /home/tikhon/Документы/magnolia/esp-idf/components/rt /home/tikhon/Документы/magnolia/esp-idf/components/sdmmc /home/tikhon/Документы/magnolia/esp-idf/components/soc /home/tikhon/Документы/magnolia/esp-idf/components/spi_flash /home/tikhon/Документы/magnolia/esp-idf/components/spiffs /home/tikhon/Документы/magnolia/esp-idf/components/tcp_transport /home/tikhon/Документы/magnolia/esp-idf/components/touch_element /home/tikhon/Документы/magnolia/esp-idf/components/ulp /home/tikhon/Документы/magnolia/esp-idf/components/unity /home/tikhon/Документы/magnolia/esp-idf/components/usb /home/tikhon/Документы/magnolia/esp-idf/components/vfs /home/tikhon/Документы/magnolia/esp-idf/components/wear_levelling /home/tikhon/Документы/magnolia/esp-idf/components/wifi_provisioning /home/tikhon/Документы/magnolia/esp-idf/components/wpa_supplicant /home/tikhon/Документы/magnolia/esp-idf/components/xtensa
[66/1044] Building C object esp-idf/sdmmc/CMakeFiles/__idf_sdmmc.dir/sdmmc_mmc.c.obj
[62/1044] Building C object esp-idf/sdmmc/CMakeFiles/__idf_sdmmc.dir/sdmmc_mmc.c.obj
-- Configuring done (5.7s)
[63/1044] Building C object esp-idf/sdmmc/CMakeFiles/__idf_sdmmc.dir/sdmmc_init.c.obj
[67/1044] Building C object esp-idf/esp_driver_ledc/CMakeFiles/__idf_esp_driver_ledc.dir/src/ledc.c.obj
[64/1044] Building C object esp-idf/esp_driver_sdspi/CMakeFiles/__idf_esp_driver_sdspi.dir/src/sdspi_host.c.obj
[68/1044] Building C object esp-idf/esp_driver_rmt/CMakeFiles/__idf_esp_driver_rmt.dir/src/rmt_rx.c.obj
[69/1044] Building C object esp-idf/sdmmc/CMakeFiles/__idf_sdmmc.dir/sdmmc_common.c.obj
[70/1044] Building C object esp-idf/esp_driver_i2s/CMakeFiles/__idf_esp_driver_i2s.dir/i2s_platform.c.obj
[71/1044] Building C object esp-idf/esp_driver_i2s/CMakeFiles/__idf_esp_driver_i2s.dir/i2s_tdm.c.obj
-- Minimal build - OFF
[72/1044] Building C object esp-idf/esp_driver_i2c/CMakeFiles/__idf_esp_driver_i2c.dir/i2c_master.c.obj
[65/1044] Building C object esp-idf/driver/CMakeFiles/__idf_driver.dir/deprecated/rmt_legacy.c.obj
[66/1044] Building C object esp-idf/sdmmc/CMakeFiles/__idf_sdmmc.dir/sdmmc_common.c.obj
[67/1044] Building C object esp-idf/esp_driver_sdmmc/CMakeFiles/__idf_esp_driver_sdmmc.dir/src/sd_trans_sdmmc.c.obj
[73/1044] Building C object esp-idf/sdmmc/CMakeFiles/__idf_sdmmc.dir/sdmmc_cmd.c.obj
[68/1044] Building C object esp-idf/sdmmc/CMakeFiles/__idf_sdmmc.dir/sdmmc_io.c.obj
[74/1044] Building C object esp-idf/esp_driver_rmt/CMakeFiles/__idf_esp_driver_rmt.dir/src/rmt_tx.c.obj
[69/1044] Building C object esp-idf/sdmmc/CMakeFiles/__idf_sdmmc.dir/sdmmc_sd.c.obj
[75/1044] Building C object esp-idf/sdmmc/CMakeFiles/__idf_sdmmc.dir/sdmmc_io.c.obj
[1/4] Building C object esp-idf/esp_app_format/CMakeFiles/__idf_esp_app_format.dir/esp_app_desc.c.obj
[70/1044] Building C object esp-idf/esp_driver_rmt/CMakeFiles/__idf_esp_driver_rmt.dir/src/rmt_rx.c.obj
-- Building ESP-IDF components for target esp32s3
[71/1044] Building C object esp-idf/esp_driver_i2s/CMakeFiles/__idf_esp_driver_i2s.dir/i2s_platform.c.obj
[76/1044] Building C object esp-idf/esp_driver_i2s/CMakeFiles/__idf_esp_driver_i2s.dir/i2s_std.c.obj
[72/1044] Building C object esp-idf/esp_driver_i2c/CMakeFiles/__idf_esp_driver_i2c.dir/i2c_master.c.obj
[2/4] Linking C static library esp-idf/esp_app_format/libesp_app_format.a
[77/1044] Building C object esp-idf/driver/CMakeFiles/__idf_driver.dir/deprecated/rmt_legacy.c.obj
[78/1044] Building C object esp-idf/esp_gdbstub/CMakeFiles/__idf_esp_gdbstub.dir/src/gdbstub_transport.c.obj
[73/1044] Building C object esp-idf/http_parser/CMakeFiles/__idf_http_parser.dir/http_parser.c.obj
[79/1044] Building C object esp-idf/esp_driver_mcpwm/CMakeFiles/__idf_esp_driver_mcpwm.dir/src/mcpwm_com.c.obj
[74/1044] Building C object esp-idf/esp_driver_i2s/CMakeFiles/__idf_esp_driver_i2s.dir/i2s_std.c.obj
[3/4] Build ELF: shell.app.elf
-- ESP-TEE is currently supported only on the esp32c6;esp32h2;esp32c5 SoCs
[80/1044] Building ASM object esp-idf/esp_gdbstub/CMakeFiles/__idf_esp_gdbstub.dir/src/port/xtensa/gdbstub-entry.S.obj
[75/1044] Building C object esp-idf/esp_driver_sdmmc/CMakeFiles/__idf_esp_driver_sdmmc.dir/src/sd_host_sdmmc.c.obj
[81/1044] Building ASM object esp-idf/esp_gdbstub/CMakeFiles/__idf_esp_gdbstub.dir/src/port/xtensa/xt_debugexception.S.obj
[82/1044] Linking C static library esp-idf/driver/libdriver.a
[76/1044] Linking C static library esp-idf/http_parser/libhttp_parser.a
[83/1044] Building C object esp-idf/esp_driver_mcpwm/CMakeFiles/__idf_esp_driver_mcpwm.dir/src/mcpwm_fault.c.obj
[77/1044] Building C object esp-idf/esp_driver_rmt/CMakeFiles/__idf_esp_driver_rmt.dir/src/rmt_tx.c.obj
[84/1044] Building C object esp-idf/esp_driver_i2s/CMakeFiles/__idf_esp_driver_i2s.dir/i2s_pdm.c.obj
[85/1044] Building C object esp-idf/esp_gdbstub/CMakeFiles/__idf_esp_gdbstub.dir/src/gdbstub.c.obj
[86/1044] Building C object esp-idf/sdmmc/CMakeFiles/__idf_sdmmc.dir/sdmmc_sd.c.obj
[87/1044] Building C object esp-idf/esp_driver_mcpwm/CMakeFiles/__idf_esp_driver_mcpwm.dir/src/mcpwm_cmpr.c.obj
-- Generating done (1.7s)
[88/1044] Building C object esp-idf/esp_gdbstub/CMakeFiles/__idf_esp_gdbstub.dir/src/packet.c.obj
[78/1044] Linking C static library esp-idf/driver/libdriver.a
[89/1044] Linking C static library esp-idf/esp_driver_twai/libesp_driver_twai.a
[79/1044] Building C object esp-idf/esp_driver_mcpwm/CMakeFiles/__idf_esp_driver_mcpwm.dir/src/mcpwm_cmpr.c.obj
[80/1044] Building C object esp-idf/esp_driver_ledc/CMakeFiles/__idf_esp_driver_ledc.dir/src/ledc.c.obj
-- Build files have been written to: /home/tikhon/Документы/magnolia/applets/mainline/sort/build
[81/1044] Building C object esp-idf/esp_driver_mcpwm/CMakeFiles/__idf_esp_driver_mcpwm.dir/src/mcpwm_com.c.obj
[82/1044] Building ASM object esp-idf/esp_gdbstub/CMakeFiles/__idf_esp_gdbstub.dir/src/port/xtensa/gdbstub-entry.S.obj
[83/1044] Building ASM object esp-idf/esp_gdbstub/CMakeFiles/__idf_esp_gdbstub.dir/src/port/xtensa/xt_debugexception.S.obj
[84/1044] Linking C static library esp-idf/esp_driver_twai/libesp_driver_twai.a
[85/1044] Building C object esp-idf/esp_gdbstub/CMakeFiles/__idf_esp_gdbstub.dir/src/gdbstub_transport.c.obj
[90/1044] Linking C static library esp-idf/esp_driver_ledc/libesp_driver_ledc.a
[91/1044] Building C object esp-idf/esp_driver_i2s/CMakeFiles/__idf_esp_driver_i2s.dir/i2s_common.c.obj
Applet shell OK -> /home/tikhon/Документы/magnolia/rootfs/bin/shell
Building applet wc -> wc ...
Reconfiguring applet wc (cmake inputs changed)
+ idf.py reconfigure
[92/1044] Building C object esp-idf/esp_driver_mcpwm/CMakeFiles/__idf_esp_driver_mcpwm.dir/src/mcpwm_gen.c.obj
[86/1044] Building C object esp-idf/esp_driver_i2s/CMakeFiles/__idf_esp_driver_i2s.dir/i2s_tdm.c.obj
[93/1044] Building C object esp-idf/esp_driver_mcpwm/CMakeFiles/__idf_esp_driver_mcpwm.dir/src/mcpwm_sync.c.obj
[94/1044] Building C object esp-idf/esp_gdbstub/CMakeFiles/__idf_esp_gdbstub.dir/src/port/xtensa/gdbstub_xtensa.c.obj
[87/1044] Linking C static library esp-idf/esp_driver_ledc/libesp_driver_ledc.a
-- Minimal build - OFF
[95/1044] Linking C static library esp-idf/esp_driver_i2c/libesp_driver_i2c.a
-- Minimal build - OFF
[96/1044] Building C object esp-idf/esp_driver_mcpwm/CMakeFiles/__idf_esp_driver_mcpwm.dir/src/mcpwm_oper.c.obj
[88/1044] Linking C static library esp-idf/esp_driver_i2c/libesp_driver_i2c.a
[97/1044] Building C object esp-idf/esp_driver_mcpwm/CMakeFiles/__idf_esp_driver_mcpwm.dir/src/mcpwm_cap.c.obj
[89/1044] Building C object esp-idf/esp_driver_i2s/CMakeFiles/__idf_esp_driver_i2s.dir/i2s_pdm.c.obj
[98/1044] Linking C static library esp-idf/esp_driver_sdm/libesp_driver_sdm.a
[99/1044] Building C object esp-idf/esp_wifi/CMakeFiles/__idf_esp_wifi.dir/src/lib_printf.c.obj
[100/1044] Building C object esp-idf/esp_wifi/CMakeFiles/__idf_esp_wifi.dir/src/wifi_init.c.obj
[101/1044] Building C object esp-idf/esp_wifi/CMakeFiles/__idf_esp_wifi.dir/src/wifi_default_ap.c.obj
[90/1044] Building C object esp-idf/esp_driver_mcpwm/CMakeFiles/__idf_esp_driver_mcpwm.dir/src/mcpwm_fault.c.obj
-- Building ESP-IDF components for target esp32s3
[91/1044] Building C object esp-idf/esp_gdbstub/CMakeFiles/__idf_esp_gdbstub.dir/src/packet.c.obj
[92/1044] Building C object esp-idf/esp_driver_mcpwm/CMakeFiles/__idf_esp_driver_mcpwm.dir/src/mcpwm_cap.c.obj
[102/1044] Linking C static library esp-idf/esp_driver_tsens/libesp_driver_tsens.a
[93/1044] Linking C static library esp-idf/esp_driver_sdm/libesp_driver_sdm.a
[94/1044] Building C object esp-idf/esp_driver_mcpwm/CMakeFiles/__idf_esp_driver_mcpwm.dir/src/mcpwm_oper.c.obj
[103/1044] Building C object esp-idf/esp_wifi/CMakeFiles/__idf_esp_wifi.dir/src/mesh_event.c.obj
[104/1044] Building C object esp-idf/esp_driver_mcpwm/CMakeFiles/__idf_esp_driver_mcpwm.dir/src/mcpwm_timer.c.obj
-- The C compiler identification is GNU 15.1.0
[105/1044] Building C object esp-idf/esp_coex/CMakeFiles/__idf_esp_coex.dir/src/coexist_debug_diagram.c.obj
[95/1044] Building C object esp-idf/esp_wifi/CMakeFiles/__idf_esp_wifi.dir/src/lib_printf.c.obj
[96/1044] Linking C static library esp-idf/esp_driver_tsens/libesp_driver_tsens.a
[97/1044] Building C object esp-idf/esp_gdbstub/CMakeFiles/__idf_esp_gdbstub.dir/src/port/xtensa/gdbstub_xtensa.c.obj
[98/1044] Building C object esp-idf/esp_wifi/CMakeFiles/__idf_esp_wifi.dir/src/mesh_event.c.obj
[99/1044] Building C object esp-idf/esp_driver_mcpwm/CMakeFiles/__idf_esp_driver_mcpwm.dir/src/mcpwm_gen.c.obj
[106/1044] Building C object esp-idf/esp_wifi/CMakeFiles/__idf_esp_wifi.dir/src/smartconfig.c.obj
[107/1044] Building C object esp-idf/esp_coex/CMakeFiles/__idf_esp_coex.dir/src/coexist_debug.c.obj
[108/1044] Linking C static library esp-idf/esp_driver_rmt/libesp_driver_rmt.a
[100/1044] Building C object esp-idf/esp_driver_mcpwm/CMakeFiles/__idf_esp_driver_mcpwm.dir/src/mcpwm_sync.c.obj
[101/1044] Building C object esp-idf/esp_driver_i2s/CMakeFiles/__idf_esp_driver_i2s.dir/i2s_common.c.obj
[109/1044] Linking C static library esp-idf/esp_driver_sdspi/libesp_driver_sdspi.a
[102/1044] Building C object esp-idf/esp_gdbstub/CMakeFiles/__idf_esp_gdbstub.dir/src/gdbstub.c.obj
[103/1044] Linking C static library esp-idf/esp_driver_rmt/libesp_driver_rmt.a
[110/1044] Building C object esp-idf/esp_wifi/CMakeFiles/__idf_esp_wifi.dir/src/smartconfig_ack.c.obj
-- The CXX compiler identification is GNU 15.1.0
[104/1044] Building C object esp-idf/esp_coex/CMakeFiles/__idf_esp_coex.dir/src/coexist_debug_diagram.c.obj
[105/1044] Building C object esp-idf/esp_wifi/CMakeFiles/__idf_esp_wifi.dir/src/smartconfig.c.obj
[111/1044] Building C object esp-idf/esp_driver_sdmmc/CMakeFiles/__idf_esp_driver_sdmmc.dir/src/sd_host_sdmmc.c.obj
[106/1044] Linking C static library esp-idf/esp_driver_sdspi/libesp_driver_sdspi.a
[107/1044] Building C object esp-idf/esp_wifi/CMakeFiles/__idf_esp_wifi.dir/src/wifi_default_ap.c.obj
[112/1044] Building C object esp-idf/esp_driver_pcnt/CMakeFiles/__idf_esp_driver_pcnt.dir/src/pulse_cnt.c.obj
-- The ASM compiler identification is GNU
[108/1044] Building C object esp-idf/esp_wifi/CMakeFiles/__idf_esp_wifi.dir/regulatory/esp_wifi_regulatory.c.obj
-- Found assembler: /home/tikhon/.espressif/tools/xtensa-esp-elf/esp-15.1.0_20250607/xtensa-esp-elf/bin/xtensa-esp32s3-elf-gcc
[113/1044] Building C object esp-idf/esp_wifi/CMakeFiles/__idf_esp_wifi.dir/src/wifi_netif.c.obj
[109/1044] Building C object esp-idf/esp_wifi/CMakeFiles/__idf_esp_wifi.dir/src/wifi_init.c.obj
-- Generating done (2.3s)
[110/1044] Building C object esp-idf/esp_coex/CMakeFiles/__idf_esp_coex.dir/src/coexist_debug.c.obj
[111/1044] Linking C static library esp-idf/esp_driver_sdmmc/libesp_driver_sdmmc.a
-- Detecting C compiler ABI info
[114/1044] Building C object esp-idf/esp_coex/CMakeFiles/__idf_esp_coex.dir/esp32s3/esp_coex_adapter.c.obj
[112/1044] Building C object esp-idf/esp_coex/CMakeFiles/__idf_esp_coex.dir/esp32s3/esp_coex_adapter.c.obj
[115/1044] Building C object esp-idf/wpa_supplicant/CMakeFiles/__idf_wpa_supplicant.dir/src/ap/ap_config.c.obj
[113/1044] Linking C static library esp-idf/esp_driver_sd_intf/libesp_driver_sd_intf.a
[116/1044] Building C object esp-idf/wpa_supplicant/CMakeFiles/__idf_wpa_supplicant.dir/src/ap/ieee802_1x.c.obj
-- Build files have been written to: /home/tikhon/Документы/magnolia/applets/mainline/sleep/build
[117/1044] Linking C static library esp-idf/esp_driver_sdmmc/libesp_driver_sdmmc.a
[118/1044] Building C object esp-idf/esp_driver_spi/CMakeFiles/__idf_esp_driver_spi.dir/src/gpspi/spi_slave.c.obj
[119/1044] Building C object esp-idf/esp_wifi/CMakeFiles/__idf_esp_wifi.dir/regulatory/esp_wifi_regulatory.c.obj
[114/1044] Building C object esp-idf/esp_wifi/CMakeFiles/__idf_esp_wifi.dir/src/wifi_netif.c.obj
[1/4] Building C object esp-idf/esp_app_format/CMakeFiles/__idf_esp_app_format.dir/esp_app_desc.c.obj
[115/1044] Building C object esp-idf/wpa_supplicant/CMakeFiles/__idf_wpa_supplicant.dir/port/os_xtensa.c.obj
[116/1044] Building C object esp-idf/esp_driver_spi/CMakeFiles/__idf_esp_driver_spi.dir/src/gpspi/spi_common.c.obj
[117/1044] Building C object esp-idf/esp_driver_spi/CMakeFiles/__idf_esp_driver_spi.dir/src/gpspi/spi_slave_hd.c.obj
[118/1044] Linking C static library esp-idf/sdmmc/libsdmmc.a
[2/4] Linking C static library esp-idf/esp_app_format/libesp_app_format.a
[120/1044] Building C object esp-idf/esp_wifi/CMakeFiles/__idf_esp_wifi.dir/src/wifi_default.c.obj
[121/1044] Building C object esp-idf/wpa_supplicant/CMakeFiles/__idf_wpa_supplicant.dir/port/os_xtensa.c.obj
[122/1044] Linking C static library esp-idf/esp_driver_sd_intf/libesp_driver_sd_intf.a
[119/1044] Building C object esp-idf/esp_driver_pcnt/CMakeFiles/__idf_esp_driver_pcnt.dir/src/pulse_cnt.c.obj
[3/4] Build ELF: sort.app.elf
-- Detecting C compiler ABI info - done
[120/1044] Building C object esp-idf/esp_driver_mcpwm/CMakeFiles/__idf_esp_driver_mcpwm.dir/src/mcpwm_timer.c.obj
-- Check for working C compiler: /home/tikhon/.espressif/tools/xtensa-esp-elf/esp-15.1.0_20250607/xtensa-esp-elf/bin/xtensa-esp32s3-elf-gcc - skipped
-- Detecting C compile features
-- Detecting C compile features - done
[121/1044] Linking C static library esp-idf/esp_driver_i2s/libesp_driver_i2s.a
[122/1044] Building C object esp-idf/wpa_supplicant/CMakeFiles/__idf_wpa_supplicant.dir/src/ap/ieee802_1x.c.obj
[123/1044] Building C object esp-idf/esp_wifi/CMakeFiles/__idf_esp_wifi.dir/src/wifi_default.c.obj
-- Detecting CXX compiler ABI info
[123/1044] Linking C static library esp-idf/sdmmc/libsdmmc.a
[124/1044] Building C object esp-idf/wpa_supplicant/CMakeFiles/__idf_wpa_supplicant.dir/src/ap/pmksa_cache_auth.c.obj
[125/1044] Building C object esp-idf/wpa_supplicant/CMakeFiles/__idf_wpa_supplicant.dir/src/ap/comeback_token.c.obj
[126/1044] Building C object esp-idf/wpa_supplicant/CMakeFiles/__idf_wpa_supplicant.dir/src/ap/sta_info.c.obj
[127/1044] Building C object esp-idf/wpa_supplicant/CMakeFiles/__idf_wpa_supplicant.dir/src/common/dragonfly.c.obj
Executing action: elf
Running ninja in directory /home/tikhon/Документы/magnolia/applets/mainline/rmdir/build
Executing "ninja elf"...
[1/1044] Generating /home/tikhon/Документы/magnolia/applets/mainline/rmdir/build/esp-idf/esp_system/ld/memory.ld linker script...
[2/1044] Generating /home/tikhon/Документы/magnolia/applets/mainline/rmdir/build/esp-idf/esp_system/ld/sections.ld.in linker script...
-- Components: app_trace app_update bootloader bootloader_support bt cmock console cxx driver efuse esp-tls esp_adc esp_app_format esp_bootloader_format esp_coex esp_common esp_driver_ana_cmpr esp_driver_bitscrambler esp_driver_cam esp_driver_dac esp_driver_gpio esp_driver_gptimer esp_driver_i2c esp_driver_i2s esp_driver_i3c esp_driver_isp esp_driver_jpeg esp_driver_ledc esp_driver_mcpwm esp_driver_parlio esp_driver_pcnt esp_driver_ppa esp_driver_rmt esp_driver_sd_intf esp_driver_sdio esp_driver_sdm esp_driver_sdmmc esp_driver_sdspi esp_driver_spi esp_driver_touch_sens esp_driver_tsens esp_driver_twai esp_driver_uart esp_driver_usb_serial_jtag esp_eth esp_event esp_gdbstub esp_hid esp_http_client esp_http_server esp_https_ota esp_https_server esp_hw_support esp_lcd esp_local_ctrl esp_mm esp_netif esp_netif_stack esp_partition esp_phy esp_pm esp_psram esp_ringbuf esp_rom esp_security esp_system esp_timer esp_vfs_console esp_wifi espcoredump esptool_py fatfs freertos hal heap http_parser idf_test ieee802154 json log lwip main mbedtls mqtt newlib nvs_flash nvs_sec_provider openthread partition_table perfmon protobuf-c protocomm pthread rt sdmmc soc spi_flash spiffs tcp_transport touch_element ulp unity usb vfs wear_levelling wifi_provisioning wpa_supplicant xtensa
-- Component paths: /home/tikhon/Документы/magnolia/esp-idf/components/app_trace /home/tikhon/Документы/magnolia/esp-idf/components/app_update /home/tikhon/Документы/magnolia/esp-idf/components/bootloader /home/tikhon/Документы/magnolia/esp-idf/components/bootloader_support /home/tikhon/Документы/magnolia/esp-idf/components/bt /home/tikhon/Документы/magnolia/esp-idf/components/cmock /home/tikhon/Документы/magnolia/esp-idf/components/console /home/tikhon/Документы/magnolia/esp-idf/components/cxx /home/tikhon/Документы/magnolia/esp-idf/components/driver /home/tikhon/Документы/magnolia/esp-idf/components/efuse /home/tikhon/Документы/magnolia/esp-idf/components/esp-tls /home/tikhon/Документы/magnolia/esp-idf/components/esp_adc /home/tikhon/Документы/magnolia/esp-idf/components/esp_app_format /home/tikhon/Документы/magnolia/esp-idf/components/esp_bootloader_format /home/tikhon/Документы/magnolia/esp-idf/components/esp_coex /home/tikhon/Документы/magnolia/esp-idf/components/esp_common /home/tikhon/Документы/magnolia/esp-idf/components/esp_driver_ana_cmpr /home/tikhon/Документы/magnolia/esp-idf/components/esp_driver_bitscrambler /home/tikhon/Документы/magnolia/esp-idf/components/esp_driver_cam /home/tikhon/Документы/magnolia/esp-idf/components/esp_driver_dac /home/tikhon/Документы/magnolia/esp-idf/components/esp_driver_gpio /home/tikhon/Документы/magnolia/esp-idf/components/esp_driver_gptimer /home/tikhon/Документы/magnolia/esp-idf/components/esp_driver_i2c /home/tikhon/Документы/magnolia/esp-idf/components/esp_driver_i2s /home/tikhon/Документы/magnolia/esp-idf/components/esp_driver_i3c /home/tikhon/Документы/magnolia/esp-idf/components/esp_driver_isp /home/tikhon/Документы/magnolia/esp-idf/components/esp_driver_jpeg /home/tikhon/Документы/magnolia/esp-idf/components/esp_driver_ledc /home/tikhon/Документы/magnolia/esp-idf/components/esp_driver_mcpwm /home/tikhon/Документы/magnolia/esp-idf/components/esp_driver_parlio /home/tikhon/Документы/magnolia/esp-idf/components/esp_driver_pcnt /home/tikhon/Документы/magnolia/esp-idf/components/esp_driver_ppa /home/tikhon/Документы/magnolia/esp-idf/components/esp_driver_rmt /home/tikhon/Документы/magnolia/esp-idf/components/esp_driver_sd_intf /home/tikhon/Документы/magnolia/esp-idf/components/esp_driver_sdio /home/tikhon/Документы/magnolia/esp-idf/components/esp_driver_sdm /home/tikhon/Документы/magnolia/esp-idf/components/esp_driver_sdmmc /home/tikhon/Документы/magnolia/esp-idf/components/esp_driver_sdspi /home/tikhon/Документы/magnolia/esp-idf/components/esp_driver_spi /home/tikhon/Документы/magnolia/esp-idf/components/esp_driver_touch_sens /home/tikhon/Документы/magnolia/esp-idf/components/esp_driver_tsens /home/tikhon/Документы/magnolia/esp-idf/components/esp_driver_twai /home/tikhon/Документы/magnolia/esp-idf/components/esp_driver_uart /home/tikhon/Документы/magnolia/esp-idf/components/esp_driver_usb_serial_jtag /home/tikhon/Документы/magnolia/esp-idf/components/esp_eth /home/tikhon/Документы/magnolia/esp-idf/components/esp_event /home/tikhon/Документы/magnolia/esp-idf/components/esp_gdbstub /home/tikhon/Документы/magnolia/esp-idf/components/esp_hid /home/tikhon/Документы/magnolia/esp-idf/components/esp_http_client /home/tikhon/Документы/magnolia/esp-idf/components/esp_http_server /home/tikhon/Документы/magnolia/esp-idf/components/esp_https_ota /home/tikhon/Документы/magnolia/esp-idf/components/esp_https_server /home/tikhon/Документы/magnolia/esp-idf/components/esp_hw_support /home/tikhon/Документы/magnolia/esp-idf/components/esp_lcd /home/tikhon/Документы/magnolia/esp-idf/components/esp_local_ctrl /home/tikhon/Документы/magnolia/esp-idf/components/esp_mm /home/tikhon/Документы/magnolia/esp-idf/components/esp_netif /home/tikhon/Документы/magnolia/esp-idf/components/esp_netif_stack /home/tikhon/Документы/magnolia/esp-idf/components/esp_partition /home/tikhon/Документы/magnolia/esp-idf/components/esp_phy /home/tikhon/Документы/magnolia/esp-idf/components/esp_pm /home/tikhon/Документы/magnolia/esp-idf/components/esp_psram /home/tikhon/Документы/magnolia/esp-idf/components/esp_ringbuf /home/tikhon/Документы/magnolia/esp-idf/components/esp_rom /home/tikhon/Документы/magnolia/esp-idf/components/esp_security /home/tikhon/Документы/magnolia/esp-idf/components/esp_system /home/tikhon/Документы/magnolia/esp-idf/components/esp_timer /home/tikhon/Документы/magnolia/esp-idf/components/esp_vfs_console /home/tikhon/Документы/magnolia/esp-idf/components/esp_wifi /home/tikhon/Документы/magnolia/esp-idf/components/espcoredump /home/tikhon/Документы/magnolia/esp-idf/components/esptool_py /home/tikhon/Документы/magnolia/esp-idf/components/fatfs /home/tikhon/Документы/magnolia/esp-idf/components/freertos /home/tikhon/Документы/magnolia/esp-idf/components/hal /home/tikhon/Документы/magnolia/esp-idf/components/heap /home/tikhon/Документы/magnolia/esp-idf/components/http_parser /home/tikhon/Документы/magnolia/esp-idf/components/idf_test /home/tikhon/Документы/magnolia/esp-idf/components/ieee802154 /home/tikhon/Документы/magnolia/esp-idf/components/json /home/tikhon/Документы/magnolia/esp-idf/components/log /home/tikhon/Документы/magnolia/esp-idf/components/lwip /home/tikhon/Документы/magnolia/applets/mainline/touch/main /home/tikhon/Документы/magnolia/esp-idf/components/mbedtls /home/tikhon/Документы/magnolia/esp-idf/components/mqtt /home/tikhon/Документы/magnolia/esp-idf/components/newlib /home/tikhon/Документы/magnolia/esp-idf/components/nvs_flash /home/tikhon/Документы/magnolia/esp-idf/components/nvs_sec_provider /home/tikhon/Документы/magnolia/esp-idf/components/openthread /home/tikhon/Документы/magnolia/esp-idf/components/partition_table /home/tikhon/Документы/magnolia/esp-idf/components/perfmon /home/tikhon/Документы/magnolia/esp-idf/components/protobuf-c /home/tikhon/Документы/magnolia/esp-idf/components/protocomm /home/tikhon/Документы/magnolia/esp-idf/components/pthread /home/tikhon/Документы/magnolia/esp-idf/components/rt /home/tikhon/Документы/magnolia/esp-idf/components/sdmmc /home/tikhon/Документы/magnolia/esp-idf/components/soc /home/tikhon/Документы/magnolia/esp-idf/components/spi_flash /home/tikhon/Документы/magnolia/esp-idf/components/spiffs /home/tikhon/Документы/magnolia/esp-idf/components/tcp_transport /home/tikhon/Документы/magnolia/esp-idf/components/touch_element /home/tikhon/Документы/magnolia/esp-idf/components/ulp /home/tikhon/Документы/magnolia/esp-idf/components/unity /home/tikhon/Документы/magnolia/esp-idf/components/usb /home/tikhon/Документы/magnolia/esp-idf/components/vfs /home/tikhon/Документы/magnolia/esp-idf/components/wear_levelling /home/tikhon/Документы/magnolia/esp-idf/components/wifi_provisioning /home/tikhon/Документы/magnolia/esp-idf/components/wpa_supplicant /home/tikhon/Документы/magnolia/esp-idf/components/xtensa
[124/1044] Linking C static library esp-idf/esp_driver_mcpwm/libesp_driver_mcpwm.a
[128/1044] Building C object esp-idf/wpa_supplicant/CMakeFiles/__idf_wpa_supplicant.dir/src/ap/wpa_auth_ie.c.obj
[125/1044] Building C object esp-idf/wpa_supplicant/CMakeFiles/__idf_wpa_supplicant.dir/src/common/dragonfly.c.obj
[129/1044] Building C object esp-idf/esp_driver_spi/CMakeFiles/__idf_esp_driver_spi.dir/src/gpspi/spi_common.c.obj
[130/1044] Building C object esp-idf/esp_driver_spi/CMakeFiles/__idf_esp_driver_spi.dir/src/gpspi/spi_slave_hd.c.obj
-- Configuring done (6.5s)
[131/1044] Linking C static library esp-idf/esp_driver_i2s/libesp_driver_i2s.a
[126/1044] Linking C static library esp-idf/esp_driver_pcnt/libesp_driver_pcnt.a
[132/1044] Building C object esp-idf/wpa_supplicant/CMakeFiles/__idf_wpa_supplicant.dir/src/crypto/aes-siv.c.obj
[127/1044] Building C object esp-idf/esp_driver_spi/CMakeFiles/__idf_esp_driver_spi.dir/src/gpspi/spi_slave.c.obj
[128/1044] Building C object esp-idf/wpa_supplicant/CMakeFiles/__idf_wpa_supplicant.dir/src/ap/pmksa_cache_auth.c.obj
[133/1044] Building C object esp-idf/esp_wifi/CMakeFiles/__idf_esp_wifi.dir/esp32s3/esp_adapter.c.obj
[129/1044] Building C object esp-idf/esp_wifi/CMakeFiles/__idf_esp_wifi.dir/src/smartconfig_ack.c.obj
[130/1044] Building C object esp-idf/esp_wifi/CMakeFiles/__idf_esp_wifi.dir/esp32s3/esp_adapter.c.obj
[131/1044] Building C object esp-idf/wpa_supplicant/CMakeFiles/__idf_wpa_supplicant.dir/port/eloop.c.obj
[132/1044] Linking C static library esp-idf/esp_gdbstub/libesp_gdbstub.a
[134/1044] Linking C static library esp-idf/esp_driver_mcpwm/libesp_driver_mcpwm.a
-- Detecting CXX compiler ABI info - done
[135/1044] Building C object esp-idf/wpa_supplicant/CMakeFiles/__idf_wpa_supplicant.dir/port/eloop.c.obj
[136/1044] Building C object esp-idf/wpa_supplicant/CMakeFiles/__idf_wpa_supplicant.dir/src/utils/bitfield.c.obj
[137/1044] Building C object esp-idf/wpa_supplicant/CMakeFiles/__idf_wpa_supplicant.dir/src/crypto/sha256-kdf.c.obj
[133/1044] Building C object esp-idf/esp_driver_spi/CMakeFiles/__idf_esp_driver_spi.dir/src/gpspi/spi_master.c.obj
[138/1044] Linking C static library esp-idf/esp_driver_pcnt/libesp_driver_pcnt.a
-- Check for working CXX compiler: /home/tikhon/.espressif/tools/xtensa-esp-elf/esp-15.1.0_20250607/xtensa-esp-elf/bin/xtensa-esp32s3-elf-g++ - skipped
[3/1044] Building C object esp-idf/esp_http_server/CMakeFiles/__idf_esp_http_server.dir/src/httpd_sess.c.obj
-- Detecting CXX compile features
-- Detecting CXX compile features - done
[134/1044] Building C object esp-idf/wpa_supplicant/CMakeFiles/__idf_wpa_supplicant.dir/src/ap/ap_config.c.obj
[4/1044] Building C object esp-idf/tcp_transport/CMakeFiles/__idf_tcp_transport.dir/transport_socks_proxy.c.obj
[135/1044] Building C object esp-idf/wpa_supplicant/CMakeFiles/__idf_wpa_supplicant.dir/src/ap/comeback_token.c.obj
[139/1044] Building C object esp-idf/wpa_supplicant/CMakeFiles/__idf_wpa_supplicant.dir/src/crypto/sha256-tlsprf.c.obj
[136/1044] Building C object esp-idf/wpa_supplicant/CMakeFiles/__idf_wpa_supplicant.dir/src/ap/sta_info.c.obj
[137/1044] Building C object esp-idf/wpa_supplicant/CMakeFiles/__idf_wpa_supplicant.dir/src/utils/bitfield.c.obj
[138/1044] Linking C static library esp-idf/esp_driver_spi/libesp_driver_spi.a
[139/1044] Building C object esp-idf/wpa_supplicant/CMakeFiles/__idf_wpa_supplicant.dir/src/ap/wpa_auth_ie.c.obj
[140/1044] Building C object esp-idf/wpa_supplicant/CMakeFiles/__idf_wpa_supplicant.dir/src/common/wpa_common.c.obj
[1/6] Building C object esp-idf/esp_app_format/CMakeFiles/__idf_esp_app_format.dir/esp_app_desc.c.obj
[140/1044] Building C object esp-idf/wpa_supplicant/CMakeFiles/__idf_wpa_supplicant.dir/src/crypto/dh_group5.c.obj
[141/1044] Building C object esp-idf/esp_driver_spi/CMakeFiles/__idf_esp_driver_spi.dir/src/gpspi/spi_master.c.obj
-- Building ESP-IDF components for target esp32s3
[142/1044] Linking C static library esp-idf/esp_gdbstub/libesp_gdbstub.a
[2/6] Linking C static library esp-idf/esp_app_format/libesp_app_format.a
[141/1044] Linking C static library esp-idf/esp_wifi/libesp_wifi.a
[143/1044] Building C object esp-idf/wpa_supplicant/CMakeFiles/__idf_wpa_supplicant.dir/src/ap/ieee802_11.c.obj
[5/1044] Building C object esp-idf/esp_http_client/CMakeFiles/__idf_esp_http_client.dir/lib/http_utils.c.obj
[144/1044] Building C object esp-idf/wpa_supplicant/CMakeFiles/__idf_wpa_supplicant.dir/src/crypto/aes-gcm.c.obj
[142/1044] Building C object esp-idf/wpa_supplicant/CMakeFiles/__idf_wpa_supplicant.dir/src/crypto/aes-siv.c.obj
[145/1044] Building C object esp-idf/wpa_supplicant/CMakeFiles/__idf_wpa_supplicant.dir/src/crypto/sha1-prf.c.obj
[143/1044] Building C object esp-idf/wpa_supplicant/CMakeFiles/__idf_wpa_supplicant.dir/src/crypto/sha256-kdf.c.obj
[6/1044] Building C object esp-idf/esp_http_client/CMakeFiles/__idf_esp_http_client.dir/lib/http_header.c.obj
[146/1044] Building C object esp-idf/wpa_supplicant/CMakeFiles/__idf_wpa_supplicant.dir/src/crypto/crypto_ops.c.obj
[7/1044] Building C object esp-idf/esp_adc/CMakeFiles/__idf_esp_adc.dir/adc_cali.c.obj
[8/1044] Building C object esp-idf/esp_http_server/CMakeFiles/__idf_esp_http_server.dir/src/httpd_ws.c.obj
[147/1044] Building C object esp-idf/wpa_supplicant/CMakeFiles/__idf_wpa_supplicant.dir/src/crypto/sha1-tlsprf.c.obj
[9/1044] Building C object esp-idf/esp_http_server/CMakeFiles/__idf_esp_http_server.dir/src/httpd_parse.c.obj
[148/1044] Building C object esp-idf/wpa_supplicant/CMakeFiles/__idf_wpa_supplicant.dir/src/common/wpa_common.c.obj
[149/1044] Linking C static library esp-idf/esp_driver_spi/libesp_driver_spi.a
[150/1044] Building C object esp-idf/wpa_supplicant/CMakeFiles/__idf_wpa_supplicant.dir/src/eap_common/eap_wsc_common.c.obj
[10/1044] Building C object esp-idf/esp_http_server/CMakeFiles/__idf_esp_http_server.dir/src/util/ctrl_sock.c.obj
[144/1044] Building C object esp-idf/wpa_supplicant/CMakeFiles/__idf_wpa_supplicant.dir/src/ap/ieee802_11.c.obj
[151/1044] Building C object esp-idf/wpa_supplicant/CMakeFiles/__idf_wpa_supplicant.dir/src/crypto/dh_groups.c.obj
[152/1044] Building C object esp-idf/wpa_supplicant/CMakeFiles/__idf_wpa_supplicant.dir/src/crypto/ms_funcs.c.obj
[153/1044] Building C object esp-idf/wpa_supplicant/CMakeFiles/__idf_wpa_supplicant.dir/src/crypto/sha384-prf.c.obj
[154/1044] Linking C static library esp-idf/esp_wifi/libesp_wifi.a
[145/1044] Building C object esp-idf/wpa_supplicant/CMakeFiles/__idf_wpa_supplicant.dir/src/crypto/crypto_ops.c.obj
[155/1044] Building C object esp-idf/wpa_supplicant/CMakeFiles/__idf_wpa_supplicant.dir/src/crypto/ccmp.c.obj
[146/1044] Building C object esp-idf/wpa_supplicant/CMakeFiles/__idf_wpa_supplicant.dir/src/crypto/dh_group5.c.obj
[147/1044] Building C object esp-idf/wpa_supplicant/CMakeFiles/__idf_wpa_supplicant.dir/src/crypto/sha384-prf.c.obj
[148/1044] Building C object esp-idf/wpa_supplicant/CMakeFiles/__idf_wpa_supplicant.dir/src/crypto/sha256-tlsprf.c.obj
[11/1044] Building C object esp-idf/esp_http_client/CMakeFiles/__idf_esp_http_client.dir/lib/http_auth.c.obj
[156/1044] Building C object esp-idf/wpa_supplicant/CMakeFiles/__idf_wpa_supplicant.dir/src/crypto/sha384-tlsprf.c.obj
[149/1044] Building C object esp-idf/wpa_supplicant/CMakeFiles/__idf_wpa_supplicant.dir/src/crypto/sha256-prf.c.obj
Applet sort OK -> /home/tikhon/Документы/magnolia/rootfs/bin/sort
Building applet yes -> yes ...
Reconfiguring applet yes (cmake inputs changed)
+ idf.py reconfigure
NOTICE: Processing 1 dependencies:
NOTICE: [1/1] idf (6.0.0)
[150/1044] Building C object esp-idf/wpa_supplicant/CMakeFiles/__idf_wpa_supplicant.dir/src/crypto/md4-internal.c.obj
[157/1044] Building C object esp-idf/wpa_supplicant/CMakeFiles/__idf_wpa_supplicant.dir/src/crypto/sha1-tprf.c.obj
[3/6] Building C object esp-idf/main/CMakeFiles/__idf_main.dir/main.c.obj
[158/1044] Building C object esp-idf/wpa_supplicant/CMakeFiles/__idf_wpa_supplicant.dir/src/crypto/sha256-prf.c.obj
[12/1044] Building C object esp-idf/esp_http_server/CMakeFiles/__idf_esp_http_server.dir/src/httpd_uri.c.obj
[151/1044] Building C object esp-idf/wpa_supplicant/CMakeFiles/__idf_wpa_supplicant.dir/src/crypto/dh_groups.c.obj
-- Generating done (2.7s)
[13/1044] Building C object esp-idf/esp_adc/CMakeFiles/__idf_esp_adc.dir/esp32s3/curve_fitting_coefficients.c.obj
[152/1044] Building C object esp-idf/wpa_supplicant/CMakeFiles/__idf_wpa_supplicant.dir/src/crypto/sha1-tprf.c.obj
[153/1044] Building C object esp-idf/wpa_supplicant/CMakeFiles/__idf_wpa_supplicant.dir/src/crypto/sha1-tlsprf.c.obj
[154/1044] Building C object esp-idf/wpa_supplicant/CMakeFiles/__idf_wpa_supplicant.dir/src/eap_peer/eap_common.c.obj
[4/6] Linking C static library esp-idf/main/libmain.a
[14/1044] Building C object esp-idf/esp_adc/CMakeFiles/__idf_esp_adc.dir/adc_cali_curve_fitting.c.obj
[15/1044] Building C object esp-idf/tcp_transport/CMakeFiles/__idf_tcp_transport.dir/transport_internal.c.obj
[155/1044] Building C object esp-idf/wpa_supplicant/CMakeFiles/__idf_wpa_supplicant.dir/src/crypto/aes-gcm.c.obj
[16/1044] Building C object esp-idf/esp_http_server/CMakeFiles/__idf_esp_http_server.dir/src/httpd_main.c.obj
-- Build files have been written to: /home/tikhon/Документы/magnolia/applets/mainline/tail/build
[5/6] Build ELF: sleep.app.elf
[156/1044] Building C object esp-idf/wpa_supplicant/CMakeFiles/__idf_wpa_supplicant.dir/src/ap/wpa_auth.c.obj
[157/1044] Building C object esp-idf/wpa_supplicant/CMakeFiles/__idf_wpa_supplicant.dir/src/crypto/sha384-tlsprf.c.obj
[159/1044] Building C object esp-idf/wpa_supplicant/CMakeFiles/__idf_wpa_supplicant.dir/src/crypto/md4-internal.c.obj
[17/1044] Building C object esp-idf/tcp_transport/CMakeFiles/__idf_tcp_transport.dir/transport.c.obj
[158/1044] Building C object esp-idf/wpa_supplicant/CMakeFiles/__idf_wpa_supplicant.dir/src/crypto/sha1-prf.c.obj
[159/1044] Building C object esp-idf/wpa_supplicant/CMakeFiles/__idf_wpa_supplicant.dir/src/crypto/ccmp.c.obj
[160/1044] Building C object esp-idf/wpa_supplicant/CMakeFiles/__idf_wpa_supplicant.dir/src/eap_peer/chap.c.obj
[160/1044] Building C object esp-idf/wpa_supplicant/CMakeFiles/__idf_wpa_supplicant.dir/src/crypto/ms_funcs.c.obj
[18/1044] Building C object esp-idf/esp_adc/CMakeFiles/__idf_esp_adc.dir/adc_oneshot.c.obj
[19/1044] Building C object esp-idf/esp_https_ota/CMakeFiles/__idf_esp_https_ota.dir/src/esp_https_ota.c.obj
[161/1044] Building C object esp-idf/wpa_supplicant/CMakeFiles/__idf_wpa_supplicant.dir/src/eap_peer/eap_common.c.obj
-- Generating done (2.7s)
[20/1044] Building C object esp-idf/esp_adc/CMakeFiles/__idf_esp_adc.dir/adc_common.c.obj
[162/1044] Building C object esp-idf/wpa_supplicant/CMakeFiles/__idf_wpa_supplicant.dir/src/eap_peer/eap_peap_common.c.obj
[21/1044] Building C object esp-idf/esp_adc/CMakeFiles/__idf_esp_adc.dir/gdma/adc_dma.c.obj
[22/1044] Linking C static library esp-idf/esp_https_ota/libesp_https_ota.a
-- Build files have been written to: /home/tikhon/Документы/magnolia/applets/mainline/tee/build
[23/1044] Building C object esp-idf/esp-tls/CMakeFiles/__idf_esp-tls.dir/esp_tls_platform_port.c.obj
[161/1044] Building C object esp-idf/wpa_supplicant/CMakeFiles/__idf_wpa_supplicant.dir/src/eap_peer/chap.c.obj
[24/1044] Building C object esp-idf/esp-tls/CMakeFiles/__idf_esp-tls.dir/esp-tls-crypto/esp_tls_crypto.c.obj
[162/1044] Building C object esp-idf/wpa_supplicant/CMakeFiles/__idf_wpa_supplicant.dir/src/eap_common/eap_wsc_common.c.obj
[163/1044] Building C object esp-idf/wpa_supplicant/CMakeFiles/__idf_wpa_supplicant.dir/src/common/ieee802_11_common.c.obj
[25/1044] Building C object esp-idf/esp_http_server/CMakeFiles/__idf_esp_http_server.dir/src/httpd_txrx.c.obj
[163/1044] Building C object esp-idf/wpa_supplicant/CMakeFiles/__idf_wpa_supplicant.dir/src/common/ieee802_11_common.c.obj
[164/1044] Building C object esp-idf/wpa_supplicant/CMakeFiles/__idf_wpa_supplicant.dir/src/eap_peer/eap_mschapv2.c.obj
[165/1044] Building C object esp-idf/wpa_supplicant/CMakeFiles/__idf_wpa_supplicant.dir/src/ap/wpa_auth.c.obj
[26/1044] Linking C static library esp-idf/esp_http_server/libesp_http_server.a
[166/1044] Building C object esp-idf/wpa_supplicant/CMakeFiles/__idf_wpa_supplicant.dir/src/eap_peer/mschapv2.c.obj
[164/1044] Building C object esp-idf/wpa_supplicant/CMakeFiles/__idf_wpa_supplicant.dir/src/rsn_supp/wpa_ie.c.obj
[165/1044] Building C object esp-idf/wpa_supplicant/CMakeFiles/__idf_wpa_supplicant.dir/src/eap_peer/eap_peap_common.c.obj
[27/1044] Building C object esp-idf/tcp_transport/CMakeFiles/__idf_tcp_transport.dir/transport_ws.c.obj
[167/1044] Building C object esp-idf/wpa_supplicant/CMakeFiles/__idf_wpa_supplicant.dir/src/eap_peer/eap_tls.c.obj
[28/1044] Building C object esp-idf/tcp_transport/CMakeFiles/__idf_tcp_transport.dir/transport_ssl.c.obj
[168/1044] Building C object esp-idf/wpa_supplicant/CMakeFiles/__idf_wpa_supplicant.dir/src/eap_peer/eap_fast_common.c.obj
[166/1044] Building C object esp-idf/wpa_supplicant/CMakeFiles/__idf_wpa_supplicant.dir/src/eap_peer/mschapv2.c.obj
[29/1044] Building C object esp-idf/esp-tls/CMakeFiles/__idf_esp-tls.dir/esp_tls_error_capture.c.obj
[167/1044] Building C object esp-idf/wpa_supplicant/CMakeFiles/__idf_wpa_supplicant.dir/src/eap_peer/eap_tls.c.obj
Executing action: elf
Running ninja in directory /home/tikhon/Документы/magnolia/applets/mainline/vi/build
Executing "ninja elf"...
[0/1] Re-running CMake...
[169/1044] Building C object esp-idf/wpa_supplicant/CMakeFiles/__idf_wpa_supplicant.dir/src/utils/base64.c.obj
[170/1044] Building C object esp-idf/wpa_supplicant/CMakeFiles/__idf_wpa_supplicant.dir/src/eap_peer/eap.c.obj
[171/1044] Building C object esp-idf/wpa_supplicant/CMakeFiles/__idf_wpa_supplicant.dir/src/eap_peer/eap_tls_common.c.obj
[168/1044] Building C object esp-idf/wpa_supplicant/CMakeFiles/__idf_wpa_supplicant.dir/src/eap_peer/eap_mschapv2.c.obj
[30/1044] Building C object esp-idf/esp_adc/CMakeFiles/__idf_esp_adc.dir/adc_monitor.c.obj
[31/1044] Building C object esp-idf/esp_adc/CMakeFiles/__idf_esp_adc.dir/adc_filter.c.obj
[172/1044] Building C object esp-idf/wpa_supplicant/CMakeFiles/__idf_wpa_supplicant.dir/src/common/sae.c.obj
[32/1044] Building C object esp-idf/driver/CMakeFiles/__idf_driver.dir/touch_sensor/touch_sensor_common.c.obj
[173/1044] Building C object esp-idf/wpa_supplicant/CMakeFiles/__idf_wpa_supplicant.dir/src/rsn_supp/wpa_ie.c.obj
[169/1044] Building C object esp-idf/wpa_supplicant/CMakeFiles/__idf_wpa_supplicant.dir/src/utils/common.c.obj
[174/1044] Building C object esp-idf/wpa_supplicant/CMakeFiles/__idf_wpa_supplicant.dir/src/utils/wpabuf.c.obj
[170/1044] Building C object esp-idf/wpa_supplicant/CMakeFiles/__idf_wpa_supplicant.dir/src/utils/ext_password.c.obj
[171/1044] Building C object esp-idf/wpa_supplicant/CMakeFiles/__idf_wpa_supplicant.dir/src/utils/base64.c.obj
[33/1044] Building C object esp-idf/esp_adc/CMakeFiles/__idf_esp_adc.dir/adc_continuous.c.obj
[175/1044] Building C object esp-idf/wpa_supplicant/CMakeFiles/__idf_wpa_supplicant.dir/src/rsn_supp/pmksa_cache.c.obj
[34/1044] Building C object esp-idf/esp_driver_twai/CMakeFiles/__idf_esp_driver_twai.dir/esp_twai.c.obj
[172/1044] Building C object esp-idf/wpa_supplicant/CMakeFiles/__idf_wpa_supplicant.dir/src/eap_peer/eap_fast_common.c.obj
[176/1044] Building C object esp-idf/wpa_supplicant/CMakeFiles/__idf_wpa_supplicant.dir/src/wps/wps_attr_process.c.obj
[173/1044] Building C object esp-idf/wpa_supplicant/CMakeFiles/__idf_wpa_supplicant.dir/src/rsn_supp/pmksa_cache.c.obj
[177/1044] Building C object esp-idf/wpa_supplicant/CMakeFiles/__idf_wpa_supplicant.dir/src/eap_peer/eap_ttls.c.obj
[178/1044] Building C object esp-idf/wpa_supplicant/CMakeFiles/__idf_wpa_supplicant.dir/src/utils/ext_password.c.obj
Applet sleep OK -> /home/tikhon/Документы/magnolia/rootfs/bin/sleep
Building applet xxd -> xxd ...
+ idf.py elf
[179/1044] Building C object esp-idf/wpa_supplicant/CMakeFiles/__idf_wpa_supplicant.dir/src/eap_peer/eap_fast.c.obj
[174/1044] Building C object esp-idf/wpa_supplicant/CMakeFiles/__idf_wpa_supplicant.dir/src/utils/uuid.c.obj
[175/1044] Building C object esp-idf/wpa_supplicant/CMakeFiles/__idf_wpa_supplicant.dir/src/eap_peer/eap_ttls.c.obj
[180/1044] Building C object esp-idf/wpa_supplicant/CMakeFiles/__idf_wpa_supplicant.dir/src/utils/wpa_debug.c.obj
[176/1044] Building C object esp-idf/wpa_supplicant/CMakeFiles/__idf_wpa_supplicant.dir/src/utils/wpabuf.c.obj
[181/1044] Building C object esp-idf/wpa_supplicant/CMakeFiles/__idf_wpa_supplicant.dir/src/wps/wps_attr_parse.c.obj
[182/1044] Building C object esp-idf/wpa_supplicant/CMakeFiles/__idf_wpa_supplicant.dir/src/utils/uuid.c.obj
[183/1044] Building C object esp-idf/wpa_supplicant/CMakeFiles/__idf_wpa_supplicant.dir/src/eap_peer/eap_peap.c.obj
[177/1044] Building C object esp-idf/wpa_supplicant/CMakeFiles/__idf_wpa_supplicant.dir/src/utils/wpa_debug.c.obj
[178/1044] Building C object esp-idf/wpa_supplicant/CMakeFiles/__idf_wpa_supplicant.dir/src/wps/wps_attr_process.c.obj
[184/1044] Building C object esp-idf/wpa_supplicant/CMakeFiles/__idf_wpa_supplicant.dir/src/eap_peer/eap_fast_pac.c.obj
[185/1044] Building C object esp-idf/wpa_supplicant/CMakeFiles/__idf_wpa_supplicant.dir/src/wps/wps_common.c.obj
[179/1044] Building C object esp-idf/wpa_supplicant/CMakeFiles/__idf_wpa_supplicant.dir/src/eap_peer/eap_tls_common.c.obj
[35/1044] Building C object esp-idf/esp_driver_twai/CMakeFiles/__idf_esp_driver_twai.dir/esp_twai_onchip.c.obj
[180/1044] Building C object esp-idf/wpa_supplicant/CMakeFiles/__idf_wpa_supplicant.dir/src/eap_peer/eap.c.obj
-- Generating done (2.5s)
[181/1044] Building C object esp-idf/wpa_supplicant/CMakeFiles/__idf_wpa_supplicant.dir/src/eap_peer/eap_peap.c.obj
[186/1044] Building C object esp-idf/wpa_supplicant/CMakeFiles/__idf_wpa_supplicant.dir/esp_supplicant/src/esp_wpa2_api_port.c.obj
[182/1044] Building C object esp-idf/wpa_supplicant/CMakeFiles/__idf_wpa_supplicant.dir/esp_supplicant/src/esp_wpa2_api_port.c.obj
[36/1044] Building C object esp-idf/esp_driver_i2c/CMakeFiles/__idf_esp_driver_i2c.dir/i2c_common.c.obj
[187/1044] Building C object esp-idf/wpa_supplicant/CMakeFiles/__idf_wpa_supplicant.dir/src/utils/common.c.obj
[37/1044] Building C object esp-idf/esp_driver_rmt/CMakeFiles/__idf_esp_driver_rmt.dir/src/rmt_common.c.obj
[183/1044] Building C object esp-idf/wpa_supplicant/CMakeFiles/__idf_wpa_supplicant.dir/src/common/sae.c.obj
-- ESP-TEE is currently supported only on the esp32c6;esp32h2;esp32c5 SoCs
-- Build files have been written to: /home/tikhon/Документы/magnolia/applets/mainline/test/build
[188/1044] Building C object esp-idf/wpa_supplicant/CMakeFiles/__idf_wpa_supplicant.dir/esp_supplicant/src/esp_common.c.obj
[38/1044] Building C object esp-idf/esp_driver_rmt/CMakeFiles/__idf_esp_driver_rmt.dir/src/rmt_encoder_bytes.c.obj
[1/6] Building C object esp-idf/esp_app_format/CMakeFiles/__idf_esp_app_format.dir/esp_app_desc.c.obj
[1/6] Building C object esp-idf/esp_app_format/CMakeFiles/__idf_esp_app_format.dir/esp_app_desc.c.obj
[189/1044] Building C object esp-idf/wpa_supplicant/CMakeFiles/__idf_wpa_supplicant.dir/esp_supplicant/src/esp_wpa_main.c.obj
[184/1044] Building C object esp-idf/wpa_supplicant/CMakeFiles/__idf_wpa_supplicant.dir/src/eap_peer/eap_fast_pac.c.obj
[39/1044] Building C object esp-idf/esp_driver_tsens/CMakeFiles/__idf_esp_driver_tsens.dir/src/temperature_sensor.c.obj
[190/1044] Building C object esp-idf/wpa_supplicant/CMakeFiles/__idf_wpa_supplicant.dir/src/wps/wps_dev_attr.c.obj
[40/1044] Building C object esp-idf/esp_http_client/CMakeFiles/__idf_esp_http_client.dir/esp_http_client.c.obj
[41/1044] Building C object esp-idf/esp_driver_rmt/CMakeFiles/__idf_esp_driver_rmt.dir/src/rmt_encoder.c.obj
[42/1044] Building C object esp-idf/esp_driver_sdm/CMakeFiles/__idf_esp_driver_sdm.dir/src/sdm.c.obj
[191/1044] Building C object esp-idf/wpa_supplicant/CMakeFiles/__idf_wpa_supplicant.dir/src/utils/json.c.obj
[2/6] Linking C static library esp-idf/esp_app_format/libesp_app_format.a
[192/1044] Building C object esp-idf/wpa_supplicant/CMakeFiles/__idf_wpa_supplicant.dir/esp_supplicant/src/esp_wpas_glue.c.obj
[2/6] Linking C static library esp-idf/esp_app_format/libesp_app_format.a
[185/1044] Building C object esp-idf/wpa_supplicant/CMakeFiles/__idf_wpa_supplicant.dir/src/wps/wps_common.c.obj
-- ESP-TEE is currently supported only on the esp32c6;esp32h2;esp32c5 SoCs
[43/1044] Building C object esp-idf/esp_driver_sdspi/CMakeFiles/__idf_esp_driver_sdspi.dir/src/sdspi_crc.c.obj
[186/1044] Building C object esp-idf/wpa_supplicant/CMakeFiles/__idf_wpa_supplicant.dir/src/wps/wps.c.obj
[187/1044] Building C object esp-idf/wpa_supplicant/CMakeFiles/__idf_wpa_supplicant.dir/src/utils/json.c.obj
[44/1044] Linking C static library esp-idf/esp_http_client/libesp_http_client.a
[3/6] Building C object esp-idf/main/CMakeFiles/__idf_main.dir/main.c.obj
[45/1044] Building C object esp-idf/driver/CMakeFiles/__idf_driver.dir/twai/twai.c.obj
[193/1044] Building C object esp-idf/wpa_supplicant/CMakeFiles/__idf_wpa_supplicant.dir/esp_supplicant/src/crypto/fastpsk.c.obj
[46/1044] Building C object esp-idf/esp-tls/CMakeFiles/__idf_esp-tls.dir/esp_tls.c.obj
[194/1044] Building C object esp-idf/wpa_supplicant/CMakeFiles/__idf_wpa_supplicant.dir/src/wps/wps_enrollee.c.obj
Executing action: elf
Running ninja in directory /home/tikhon/Документы/magnolia/applets/mainline/user/build
Executing "ninja elf"...
[0/1] Re-running CMake...
[4/6] Linking C static library esp-idf/main/libmain.a
[47/1044] Linking C static library esp-idf/tcp_transport/libtcp_transport.a
[195/1044] Building C object esp-idf/wpa_supplicant/CMakeFiles/__idf_wpa_supplicant.dir/src/wps/wps.c.obj
[48/1044] Building C object esp-idf/esp_driver_i2c/CMakeFiles/__idf_esp_driver_i2c.dir/i2c_slave.c.obj
[188/1044] Building C object esp-idf/wpa_supplicant/CMakeFiles/__idf_wpa_supplicant.dir/src/wps/wps_attr_build.c.obj
NOTICE: Processing 1 dependencies:
NOTICE: [1/1] idf (6.0.0)
[196/1044] Building C object esp-idf/wpa_supplicant/CMakeFiles/__idf_wpa_supplicant.dir/src/wps/wps_attr_build.c.obj
[197/1044] Building C object esp-idf/wpa_supplicant/CMakeFiles/__idf_wpa_supplicant.dir/esp_supplicant/src/esp_owe.c.obj
[5/6] Build ELF: tee.app.elf
[49/1044] Building C object esp-idf/esp-tls/CMakeFiles/__idf_esp-tls.dir/esp_tls_mbedtls.c.obj
[198/1044] Building C object esp-idf/wpa_supplicant/CMakeFiles/__idf_wpa_supplicant.dir/src/common/sae_pk.c.obj
[199/1044] Building C object esp-idf/wpa_supplicant/CMakeFiles/__idf_wpa_supplicant.dir/src/crypto/rc4.c.obj
[189/1044] Building C object esp-idf/wpa_supplicant/CMakeFiles/__idf_wpa_supplicant.dir/src/wps/wps_attr_parse.c.obj
[190/1044] Building C object esp-idf/wpa_supplicant/CMakeFiles/__idf_wpa_supplicant.dir/src/common/sae_pk.c.obj
[191/1044] Building C object esp-idf/wpa_supplicant/CMakeFiles/__idf_wpa_supplicant.dir/src/eap_peer/eap_fast.c.obj
[192/1044] Building C object esp-idf/wpa_supplicant/CMakeFiles/__idf_wpa_supplicant.dir/esp_supplicant/src/esp_owe.c.obj
[50/1044] Linking C static library esp-idf/esp_adc/libesp_adc.a
[200/1044] Linking C static library esp-idf/esp_coex/libesp_coex.a
[193/1044] Building C object esp-idf/wpa_supplicant/CMakeFiles/__idf_wpa_supplicant.dir/esp_supplicant/src/esp_common.c.obj
[51/1044] Building C object esp-idf/esp_driver_rmt/CMakeFiles/__idf_esp_driver_rmt.dir/src/rmt_encoder_simple.c.obj
[52/1044] Building C object esp-idf/esp_driver_rmt/CMakeFiles/__idf_esp_driver_rmt.dir/src/rmt_encoder_copy.c.obj
[53/1044] Building C object esp-idf/esp_driver_sdspi/CMakeFiles/__idf_esp_driver_sdspi.dir/src/sdspi_host.c.obj
[54/1044] Building C object esp-idf/esp_driver_sdmmc/CMakeFiles/__idf_esp_driver_sdmmc.dir/legacy/src/sdmmc_transaction.c.obj
[55/1044] Linking C static library esp-idf/esp-tls/libesp-tls.a
[201/1044] Building C object esp-idf/esp_netif/CMakeFiles/__idf_esp_netif.dir/esp_netif_objects.c.obj
[194/1044] Building C object esp-idf/wpa_supplicant/CMakeFiles/__idf_wpa_supplicant.dir/src/wps/wps_dev_attr.c.obj
[202/1044] Building C object esp-idf/esp_netif/CMakeFiles/__idf_esp_netif.dir/esp_netif_defaults.c.obj
[195/1044] Building C object esp-idf/wpa_supplicant/CMakeFiles/__idf_wpa_supplicant.dir/esp_supplicant/src/esp_wpas_glue.c.obj
[203/1044] Building C object esp-idf/wpa_supplicant/CMakeFiles/__idf_wpa_supplicant.dir/esp_supplicant/src/crypto/crypto_mbedtls.c.obj
[56/1044] Building C object esp-idf/esp_driver_sdspi/CMakeFiles/__idf_esp_driver_sdspi.dir/src/sdspi_transaction.c.obj
[204/1044] Building C object esp-idf/wpa_supplicant/CMakeFiles/__idf_wpa_supplicant.dir/esp_supplicant/src/esp_wpa3.c.obj
[196/1044] Building C object esp-idf/wpa_supplicant/CMakeFiles/__idf_wpa_supplicant.dir/esp_supplicant/src/crypto/fastpsk.c.obj
[205/1044] Building C object esp-idf/esp_netif/CMakeFiles/__idf_esp_netif.dir/esp_netif_handlers.c.obj
[206/1044] Building C object esp-idf/wpa_supplicant/CMakeFiles/__idf_wpa_supplicant.dir/esp_supplicant/src/crypto/fastpbkdf2.c.obj
[207/1044] Building C object esp-idf/wpa_supplicant/CMakeFiles/__idf_wpa_supplicant.dir/src/crypto/aes-unwrap.c.obj
[208/1044] Building C object esp-idf/wpa_supplicant/CMakeFiles/__idf_wpa_supplicant.dir/src/crypto/des-internal.c.obj
[209/1044] Building C object esp-idf/wpa_supplicant/CMakeFiles/__idf_wpa_supplicant.dir/src/rsn_supp/wpa.c.obj
[197/1044] Building C object esp-idf/wpa_supplicant/CMakeFiles/__idf_wpa_supplicant.dir/esp_supplicant/src/crypto/crypto_mbedtls.c.obj
[198/1044] Building C object esp-idf/wpa_supplicant/CMakeFiles/__idf_wpa_supplicant.dir/esp_supplicant/src/esp_wpa_main.c.obj
[210/1044] Building C object esp-idf/wpa_supplicant/CMakeFiles/__idf_wpa_supplicant.dir/esp_supplicant/src/crypto/crypto_mbedtls-bignum.c.obj
[199/1044] Building C object esp-idf/wpa_supplicant/CMakeFiles/__idf_wpa_supplicant.dir/src/crypto/rc4.c.obj
[57/1044] Building C object esp-idf/esp_driver_sdmmc/CMakeFiles/__idf_esp_driver_sdmmc.dir/legacy/src/sdmmc_host.c.obj
[58/1044] Building C object esp-idf/esp_driver_sd_intf/CMakeFiles/__idf_esp_driver_sd_intf.dir/sd_host.c.obj
[200/1044] Building C object esp-idf/wpa_supplicant/CMakeFiles/__idf_wpa_supplicant.dir/esp_supplicant/src/esp_hostap.c.obj
[211/1044] Building C object esp-idf/wpa_supplicant/CMakeFiles/__idf_wpa_supplicant.dir/src/crypto/aes-wrap.c.obj
[212/1044] Building C object esp-idf/wpa_supplicant/CMakeFiles/__idf_wpa_supplicant.dir/esp_supplicant/src/crypto/tls_mbedtls.c.obj
[201/1044] Linking C static library esp-idf/esp_coex/libesp_coex.a
[202/1044] Building C object esp-idf/esp_netif/CMakeFiles/__idf_esp_netif.dir/esp_netif_defaults.c.obj
[203/1044] Building C object esp-idf/wpa_supplicant/CMakeFiles/__idf_wpa_supplicant.dir/esp_supplicant/src/crypto/tls_mbedtls.c.obj
[59/1044] Building C object esp-idf/driver/CMakeFiles/__idf_driver.dir/touch_sensor/esp32s3/touch_sensor.c.obj
[3/6] Building C object esp-idf/main/CMakeFiles/__idf_main.dir/main.c.obj
[1/4] Building C object esp-idf/esp_app_format/CMakeFiles/__idf_esp_app_format.dir/esp_app_desc.c.obj
[213/1044] Building C object esp-idf/wpa_supplicant/CMakeFiles/__idf_wpa_supplicant.dir/esp_supplicant/src/esp_hostap.c.obj
[204/1044] Building C object esp-idf/wpa_supplicant/CMakeFiles/__idf_wpa_supplicant.dir/src/wps/wps_enrollee.c.obj
[60/1044] Building C object esp-idf/sdmmc/CMakeFiles/__idf_sdmmc.dir/sd_pwr_ctrl/sd_pwr_ctrl.c.obj
[205/1044] Building C object esp-idf/wpa_supplicant/CMakeFiles/__idf_wpa_supplicant.dir/esp_supplicant/src/crypto/crypto_mbedtls-bignum.c.obj
[2/4] Linking C static library esp-idf/esp_app_format/libesp_app_format.a
[214/1044] Building C object esp-idf/esp_netif/CMakeFiles/__idf_esp_netif.dir/lwip/esp_netif_lwip_defaults.c.obj
[206/1044] Building C object esp-idf/wpa_supplicant/CMakeFiles/__idf_wpa_supplicant.dir/esp_supplicant/src/esp_eap_client.c.obj
[61/1044] Building C object esp-idf/esp_driver_rmt/CMakeFiles/__idf_esp_driver_rmt.dir/src/rmt_tx.c.obj
[4/6] Linking C static library esp-idf/main/libmain.a
[215/1044] Building C object esp-idf/esp_netif/CMakeFiles/__idf_esp_netif.dir/lwip/netif/esp_pbuf_ref.c.obj
[207/1044] Building C object esp-idf/wpa_supplicant/CMakeFiles/__idf_wpa_supplicant.dir/esp_supplicant/src/crypto/fastpbkdf2.c.obj
[208/1044] Building C object esp-idf/esp_netif/CMakeFiles/__idf_esp_netif.dir/esp_netif_objects.c.obj
[3/4] Build ELF: test.app.elf
[216/1044] Building C object esp-idf/wpa_supplicant/CMakeFiles/__idf_wpa_supplicant.dir/esp_supplicant/src/crypto/crypto_mbedtls-rsa.c.obj
[5/6] Build ELF: tail.app.elf
[217/1044] Building C object esp-idf/esp_netif/CMakeFiles/__idf_esp_netif.dir/lwip/netif/ethernetif.c.obj
[62/1044] Building C object esp-idf/esp_driver_rmt/CMakeFiles/__idf_esp_driver_rmt.dir/src/rmt_rx.c.obj
[63/1044] Building C object esp-idf/sdmmc/CMakeFiles/__idf_sdmmc.dir/sdmmc_init.c.obj
Applet tee OK -> /home/tikhon/Документы/magnolia/rootfs/bin/tee
Building applet echo -> goecho ...
+ idf.py elf
[209/1044] Building C object esp-idf/wpa_supplicant/CMakeFiles/__idf_wpa_supplicant.dir/esp_supplicant/src/esp_wpa3.c.obj
[210/1044] Building C object esp-idf/esp_netif/CMakeFiles/__idf_esp_netif.dir/lwip/esp_netif_lwip_defaults.c.obj
[218/1044] Building C object esp-idf/lwip/CMakeFiles/__idf_lwip.dir/lwip/src/api/err.c.obj
[211/1044] Building C object esp-idf/wpa_supplicant/CMakeFiles/__idf_wpa_supplicant.dir/src/crypto/des-internal.c.obj
[219/1044] Building C object esp-idf/lwip/CMakeFiles/__idf_lwip.dir/lwip/src/api/if_api.c.obj
Executing action: reconfigure
Running cmake in directory /home/tikhon/Документы/magnolia/applets/mainline/wc/build
Executing "cmake -G Ninja -DPYTHON_DEPS_CHECKED=1 -DPYTHON=/home/tikhon/.espressif/python_env/idf6.0_py3.12_env/bin/python -DESP_PLATFORM=1 -DCCACHE_ENABLE=0 /home/tikhon/Документы/magnolia/applets/mainline/wc"...
-- Found Git: /usr/bin/git (found version "2.43.0") 
[220/1044] Building C object esp-idf/wpa_supplicant/CMakeFiles/__idf_wpa_supplicant.dir/src/crypto/aes-ccm.c.obj
[64/1044] Building C object esp-idf/esp_driver_sdmmc/CMakeFiles/__idf_esp_driver_sdmmc.dir/src/sd_trans_sdmmc.c.obj
[212/1044] Building C object esp-idf/wpa_supplicant/CMakeFiles/__idf_wpa_supplicant.dir/src/crypto/aes-ccm.c.obj
[213/1044] Building C object esp-idf/wpa_supplicant/CMakeFiles/__idf_wpa_supplicant.dir/src/crypto/aes-unwrap.c.obj
[221/1044] Building C object esp-idf/lwip/CMakeFiles/__idf_lwip.dir/apps/sntp/sntp.c.obj
[65/1044] Building C object esp-idf/http_parser/CMakeFiles/__idf_http_parser.dir/http_parser.c.obj
[214/1044] Building C object esp-idf/wpa_supplicant/CMakeFiles/__idf_wpa_supplicant.dir/src/crypto/aes-wrap.c.obj
-- ESP-TEE is currently supported only on the esp32c6;esp32h2;esp32c5 SoCs
[215/1044] Building C object esp-idf/wpa_supplicant/CMakeFiles/__idf_wpa_supplicant.dir/esp_supplicant/src/crypto/crypto_mbedtls-rsa.c.obj
[222/1044] Building C object esp-idf/lwip/CMakeFiles/__idf_lwip.dir/lwip/src/api/netbuf.c.obj
[66/1044] Building C object esp-idf/sdmmc/CMakeFiles/__idf_sdmmc.dir/sdmmc_io.c.obj
[67/1044] Building C object esp-idf/sdmmc/CMakeFiles/__idf_sdmmc.dir/sdmmc_cmd.c.obj
[68/1044] Building C object esp-idf/sdmmc/CMakeFiles/__idf_sdmmc.dir/sdmmc_common.c.obj
[69/1044] Building C object esp-idf/sdmmc/CMakeFiles/__idf_sdmmc.dir/sdmmc_mmc.c.obj
[216/1044] Building C object esp-idf/wpa_supplicant/CMakeFiles/__idf_wpa_supplicant.dir/src/rsn_supp/wpa.c.obj
[70/1044] Linking C static library esp-idf/http_parser/libhttp_parser.a
[223/1044] Building C object esp-idf/esp_netif/CMakeFiles/__idf_esp_netif.dir/lwip/netif/wlanif.c.obj
[224/1044] Building C object esp-idf/esp_netif/CMakeFiles/__idf_esp_netif.dir/lwip/esp_netif_sntp.c.obj
[217/1044] Building C object esp-idf/esp_netif/CMakeFiles/__idf_esp_netif.dir/esp_netif_handlers.c.obj
[218/1044] Building C object esp-idf/lwip/CMakeFiles/__idf_lwip.dir/lwip/src/api/if_api.c.obj
[71/1044] Building C object esp-idf/driver/CMakeFiles/__idf_driver.dir/i2c/i2c.c.obj
[225/1044] Building C object esp-idf/wpa_supplicant/CMakeFiles/__idf_wpa_supplicant.dir/esp_supplicant/src/esp_eap_client.c.obj
Applet tail OK -> /home/tikhon/Документы/magnolia/rootfs/bin/tail
Building applet false -> gofalse ...
+ idf.py elf
[72/1044] Building C object esp-idf/esp_driver_i2c/CMakeFiles/__idf_esp_driver_i2c.dir/i2c_master.c.obj
[219/1044] Building C object esp-idf/wpa_supplicant/CMakeFiles/__idf_wpa_supplicant.dir/esp_supplicant/src/crypto/crypto_mbedtls-ec.c.obj
[226/1044] Building C object esp-idf/lwip/CMakeFiles/__idf_lwip.dir/lwip/src/api/netdb.c.obj
[227/1044] Building C object esp-idf/lwip/CMakeFiles/__idf_lwip.dir/lwip/src/core/init.c.obj
[220/1044] Building C object esp-idf/esp_netif/CMakeFiles/__idf_esp_netif.dir/lwip/netif/wlanif.c.obj
[228/1044] Building C object esp-idf/wpa_supplicant/CMakeFiles/__idf_wpa_supplicant.dir/esp_supplicant/src/crypto/crypto_mbedtls-ec.c.obj
[221/1044] Building C object esp-idf/esp_netif/CMakeFiles/__idf_esp_netif.dir/lwip/netif/esp_pbuf_ref.c.obj
[229/1044] Building C object esp-idf/lwip/CMakeFiles/__idf_lwip.dir/lwip/src/api/api_lib.c.obj
[222/1044] Building C object esp-idf/esp_netif/CMakeFiles/__idf_esp_netif.dir/lwip/netif/ethernetif.c.obj
[223/1044] Building C object esp-idf/lwip/CMakeFiles/__idf_lwip.dir/apps/sntp/sntp.c.obj
[230/1044] Building C object esp-idf/lwip/CMakeFiles/__idf_lwip.dir/lwip/src/core/def.c.obj
[224/1044] Building C object esp-idf/esp_netif/CMakeFiles/__idf_esp_netif.dir/lwip/esp_netif_sntp.c.obj
[225/1044] Building C object esp-idf/lwip/CMakeFiles/__idf_lwip.dir/lwip/src/api/tcpip.c.obj
[231/1044] Building C object esp-idf/lwip/CMakeFiles/__idf_lwip.dir/lwip/src/api/tcpip.c.obj
[232/1044] Building C object esp-idf/lwip/CMakeFiles/__idf_lwip.dir/lwip/src/core/mem.c.obj
[226/1044] Building C object esp-idf/lwip/CMakeFiles/__idf_lwip.dir/lwip/src/api/err.c.obj
[233/1044] Building C object esp-idf/lwip/CMakeFiles/__idf_lwip.dir/lwip/src/apps/sntp/sntp.c.obj
[227/1044] Building C object esp-idf/lwip/CMakeFiles/__idf_lwip.dir/lwip/src/api/netbuf.c.obj
[234/1044] Building C object esp-idf/lwip/CMakeFiles/__idf_lwip.dir/lwip/src/api/netifapi.c.obj
[228/1044] Building C object esp-idf/lwip/CMakeFiles/__idf_lwip.dir/lwip/src/apps/sntp/sntp.c.obj
[235/1044] Building C object esp-idf/lwip/CMakeFiles/__idf_lwip.dir/lwip/src/core/ip.c.obj
[229/1044] Building C object esp-idf/lwip/CMakeFiles/__idf_lwip.dir/lwip/src/api/netifapi.c.obj
[73/1044] Building C object esp-idf/esp_driver_i2s/CMakeFiles/__idf_esp_driver_i2s.dir/i2s_std.c.obj
[230/1044] Building C object esp-idf/lwip/CMakeFiles/__idf_lwip.dir/lwip/src/apps/netbiosns/netbiosns.c.obj
[74/1044] Building C object esp-idf/esp_driver_i2s/CMakeFiles/__idf_esp_driver_i2s.dir/i2s_platform.c.obj
[236/1044] Building C object esp-idf/wpa_supplicant/CMakeFiles/__idf_wpa_supplicant.dir/esp_supplicant/src/esp_wps.c.obj
[231/1044] Building C object esp-idf/wpa_supplicant/CMakeFiles/__idf_wpa_supplicant.dir/esp_supplicant/src/esp_wps.c.obj
[232/1044] Building C object esp-idf/lwip/CMakeFiles/__idf_lwip.dir/lwip/src/core/ip.c.obj
[237/1044] Building C object esp-idf/lwip/CMakeFiles/__idf_lwip.dir/lwip/src/apps/netbiosns/netbiosns.c.obj
[233/1044] Building C object esp-idf/lwip/CMakeFiles/__idf_lwip.dir/lwip/src/core/def.c.obj
-- Project sdkconfig file /home/tikhon/Документы/magnolia/applets/mainline/tr/sdkconfig
[238/1044] Building C object esp-idf/lwip/CMakeFiles/__idf_lwip.dir/lwip/src/core/stats.c.obj
[234/1044] Building C object esp-idf/lwip/CMakeFiles/__idf_lwip.dir/lwip/src/api/api_lib.c.obj
[239/1044] Building C object esp-idf/lwip/CMakeFiles/__idf_lwip.dir/lwip/src/core/memp.c.obj
[240/1044] Building C object esp-idf/lwip/CMakeFiles/__idf_lwip.dir/lwip/src/core/sys.c.obj
-- Generating done (2.8s)
[75/1044] Building C object esp-idf/esp_driver_mcpwm/CMakeFiles/__idf_esp_driver_mcpwm.dir/src/mcpwm_sync.c.obj
[235/1044] Building C object esp-idf/lwip/CMakeFiles/__idf_lwip.dir/lwip/src/core/init.c.obj
[241/1044] Building C object esp-idf/lwip/CMakeFiles/__idf_lwip.dir/lwip/src/core/inet_chksum.c.obj
[236/1044] Building C object esp-idf/lwip/CMakeFiles/__idf_lwip.dir/lwip/src/api/netdb.c.obj
[237/1044] Building C object esp-idf/lwip/CMakeFiles/__idf_lwip.dir/lwip/src/core/stats.c.obj
[238/1044] Building C object esp-idf/lwip/CMakeFiles/__idf_lwip.dir/lwip/src/core/sys.c.obj
[76/1044] Building C object esp-idf/esp_driver_sdmmc/CMakeFiles/__idf_esp_driver_sdmmc.dir/src/sd_host_sdmmc.c.obj
[77/1044] Building C object esp-idf/esp_driver_i2s/CMakeFiles/__idf_esp_driver_i2s.dir/i2s_tdm.c.obj
[239/1044] Building C object esp-idf/lwip/CMakeFiles/__idf_lwip.dir/lwip/src/core/mem.c.obj
[78/1044] Building C object esp-idf/esp_driver_mcpwm/CMakeFiles/__idf_esp_driver_mcpwm.dir/src/mcpwm_cmpr.c.obj
[79/1044] Building C object esp-idf/esp_driver_mcpwm/CMakeFiles/__idf_esp_driver_mcpwm.dir/src/mcpwm_com.c.obj
-- Build files have been written to: /home/tikhon/Документы/magnolia/applets/mainline/touch/build
[80/1044] Building ASM object esp-idf/esp_gdbstub/CMakeFiles/__idf_esp_gdbstub.dir/src/port/xtensa/xt_debugexception.S.obj
[81/1044] Building C object esp-idf/esp_driver_ledc/CMakeFiles/__idf_esp_driver_ledc.dir/src/ledc.c.obj
[242/1044] Building C object esp-idf/lwip/CMakeFiles/__idf_lwip.dir/lwip/src/core/ipv4/autoip.c.obj
[82/1044] Building C object esp-idf/sdmmc/CMakeFiles/__idf_sdmmc.dir/sdmmc_sd.c.obj
[243/1044] Building C object esp-idf/lwip/CMakeFiles/__idf_lwip.dir/lwip/src/core/dns.c.obj
[244/1044] Linking C static library esp-idf/wpa_supplicant/libwpa_supplicant.a
[83/1044] Building C object esp-idf/esp_driver_mcpwm/CMakeFiles/__idf_esp_driver_mcpwm.dir/src/mcpwm_timer.c.obj
[240/1044] Building C object esp-idf/lwip/CMakeFiles/__idf_lwip.dir/lwip/src/core/dns.c.obj
[84/1044] Building ASM object esp-idf/esp_gdbstub/CMakeFiles/__idf_esp_gdbstub.dir/src/port/xtensa/gdbstub-entry.S.obj
[241/1044] Building C object esp-idf/lwip/CMakeFiles/__idf_lwip.dir/lwip/src/core/inet_chksum.c.obj
[245/1044] Building C object esp-idf/lwip/CMakeFiles/__idf_lwip.dir/lwip/src/api/api_msg.c.obj
[242/1044] Linking C static library esp-idf/wpa_supplicant/libwpa_supplicant.a
[243/1044] Building C object esp-idf/lwip/CMakeFiles/__idf_lwip.dir/lwip/src/core/memp.c.obj
Applet test OK -> /home/tikhon/Документы/magnolia/rootfs/bin/test
Building applet goargs -> goargs ...
+ idf.py elf
[85/1044] Building C object esp-idf/esp_gdbstub/CMakeFiles/__idf_esp_gdbstub.dir/src/gdbstub_transport.c.obj
[86/1044] Building C object esp-idf/esp_driver_mcpwm/CMakeFiles/__idf_esp_driver_mcpwm.dir/src/mcpwm_fault.c.obj
[246/1044] Building C object esp-idf/lwip/CMakeFiles/__idf_lwip.dir/lwip/src/core/ipv4/icmp.c.obj
[247/1044] Building C object esp-idf/lwip/CMakeFiles/__idf_lwip.dir/lwip/src/core/timeouts.c.obj
[248/1044] Building C object esp-idf/lwip/CMakeFiles/__idf_lwip.dir/lwip/src/core/raw.c.obj
[87/1044] Building C object esp-idf/esp_wifi/CMakeFiles/__idf_esp_wifi.dir/src/mesh_event.c.obj
[244/1044] Building C object esp-idf/lwip/CMakeFiles/__idf_lwip.dir/lwip/src/core/ipv4/autoip.c.obj
[88/1044] Building C object esp-idf/esp_gdbstub/CMakeFiles/__idf_esp_gdbstub.dir/src/packet.c.obj
[89/1044] Building C object esp-idf/esp_driver_i2s/CMakeFiles/__idf_esp_driver_i2s.dir/i2s_pdm.c.obj
[245/1044] Building C object esp-idf/lwip/CMakeFiles/__idf_lwip.dir/lwip/src/api/api_msg.c.obj
[90/1044] Building C object esp-idf/esp_driver_mcpwm/CMakeFiles/__idf_esp_driver_mcpwm.dir/src/mcpwm_gen.c.obj
[91/1044] Building C object esp-idf/esp_gdbstub/CMakeFiles/__idf_esp_gdbstub.dir/src/port/xtensa/gdbstub_xtensa.c.obj
[92/1044] Building C object esp-idf/esp_driver_i2s/CMakeFiles/__idf_esp_driver_i2s.dir/i2s_common.c.obj
[249/1044] Building C object esp-idf/lwip/CMakeFiles/__idf_lwip.dir/lwip/src/core/pbuf.c.obj
[93/1044] Building C object esp-idf/esp_driver_mcpwm/CMakeFiles/__idf_esp_driver_mcpwm.dir/src/mcpwm_cap.c.obj
[94/1044] Building C object esp-idf/esp_wifi/CMakeFiles/__idf_esp_wifi.dir/src/lib_printf.c.obj
[95/1044] Building C object esp-idf/driver/CMakeFiles/__idf_driver.dir/deprecated/rmt_legacy.c.obj
[246/1044] Building C object esp-idf/lwip/CMakeFiles/__idf_lwip.dir/lwip/src/core/raw.c.obj
[250/1044] Building C object esp-idf/lwip/CMakeFiles/__idf_lwip.dir/lwip/src/core/ipv6/dhcp6.c.obj
[96/1044] Building C object esp-idf/esp_driver_mcpwm/CMakeFiles/__idf_esp_driver_mcpwm.dir/src/mcpwm_oper.c.obj
[251/1044] Building C object esp-idf/lwip/CMakeFiles/__idf_lwip.dir/lwip/src/core/ipv4/ip4_napt.c.obj
[97/1044] Building C object esp-idf/esp_gdbstub/CMakeFiles/__idf_esp_gdbstub.dir/src/gdbstub.c.obj
[252/1044] Building C object esp-idf/lwip/CMakeFiles/__idf_lwip.dir/lwip/src/core/udp.c.obj
[247/1044] Building C object esp-idf/lwip/CMakeFiles/__idf_lwip.dir/lwip/src/core/timeouts.c.obj
[98/1044] Building C object esp-idf/esp_coex/CMakeFiles/__idf_esp_coex.dir/src/coexist_debug_diagram.c.obj
[248/1044] Building C object esp-idf/lwip/CMakeFiles/__idf_lwip.dir/lwip/src/core/tcp_in.c.obj
[249/1044] Building C object esp-idf/lwip/CMakeFiles/__idf_lwip.dir/lwip/src/core/ipv4/ip4.c.obj
[253/1044] Building C object esp-idf/lwip/CMakeFiles/__idf_lwip.dir/lwip/src/core/ipv6/ethip6.c.obj
[250/1044] Building C object esp-idf/lwip/CMakeFiles/__idf_lwip.dir/lwip/src/core/tcp.c.obj
[99/1044] Building C object esp-idf/esp_wifi/CMakeFiles/__idf_esp_wifi.dir/src/wifi_default_ap.c.obj
[254/1044] Building C object esp-idf/lwip/CMakeFiles/__idf_lwip.dir/lwip/src/core/tcp.c.obj
[100/1044] Linking C static library esp-idf/driver/libdriver.a
[251/1044] Building C object esp-idf/lwip/CMakeFiles/__idf_lwip.dir/lwip/src/core/ipv4/ip4_napt.c.obj
[255/1044] Building C object esp-idf/lwip/CMakeFiles/__idf_lwip.dir/lwip/src/core/ipv4/ip4_frag.c.obj
[101/1044] Building C object esp-idf/esp_coex/CMakeFiles/__idf_esp_coex.dir/esp32s3/esp_coex_adapter.c.obj
[256/1044] Building C object esp-idf/lwip/CMakeFiles/__idf_lwip.dir/lwip/src/core/ipv4/ip4_addr.c.obj
[252/1044] Building C object esp-idf/lwip/CMakeFiles/__idf_lwip.dir/lwip/src/core/pbuf.c.obj
[102/1044] Building C object esp-idf/esp_wifi/CMakeFiles/__idf_esp_wifi.dir/src/wifi_init.c.obj
[253/1044] Building C object esp-idf/lwip/CMakeFiles/__idf_lwip.dir/lwip/src/core/ipv4/icmp.c.obj
[257/1044] Building C object esp-idf/lwip/CMakeFiles/__idf_lwip.dir/lwip/src/core/netif.c.obj
[258/1044] Building C object esp-idf/lwip/CMakeFiles/__idf_lwip.dir/lwip/src/core/ipv6/icmp6.c.obj
[259/1044] Building C object esp-idf/lwip/CMakeFiles/__idf_lwip.dir/lwip/src/core/tcp_out.c.obj
[103/1044] Building C object esp-idf/esp_wifi/CMakeFiles/__idf_esp_wifi.dir/src/smartconfig.c.obj
[254/1044] Building C object esp-idf/lwip/CMakeFiles/__idf_lwip.dir/lwip/src/core/ipv4/igmp.c.obj
[260/1044] Building C object esp-idf/lwip/CMakeFiles/__idf_lwip.dir/lwip/src/core/ipv4/igmp.c.obj
[104/1044] Linking C static library esp-idf/esp_driver_twai/libesp_driver_twai.a
[255/1044] Building C object esp-idf/lwip/CMakeFiles/__idf_lwip.dir/lwip/src/core/netif.c.obj
[105/1044] Building C object esp-idf/esp_driver_spi/CMakeFiles/__idf_esp_driver_spi.dir/src/gpspi/spi_common.c.obj
[261/1044] Building C object esp-idf/lwip/CMakeFiles/__idf_lwip.dir/lwip/src/core/ipv4/etharp.c.obj
[256/1044] Building C object esp-idf/lwip/CMakeFiles/__idf_lwip.dir/lwip/src/core/ipv6/dhcp6.c.obj
[106/1044] Building C object esp-idf/esp_coex/CMakeFiles/__idf_esp_coex.dir/src/coexist_debug.c.obj
[257/1044] Building C object esp-idf/lwip/CMakeFiles/__idf_lwip.dir/lwip/src/core/ipv4/ip4_frag.c.obj
[262/1044] Building C object esp-idf/lwip/CMakeFiles/__idf_lwip.dir/lwip/src/core/ipv6/ip6_addr.c.obj
[107/1044] Building C object esp-idf/esp_wifi/CMakeFiles/__idf_esp_wifi.dir/regulatory/esp_wifi_regulatory.c.obj
[258/1044] Building C object esp-idf/lwip/CMakeFiles/__idf_lwip.dir/lwip/src/core/udp.c.obj
[259/1044] Building C object esp-idf/lwip/CMakeFiles/__idf_lwip.dir/lwip/src/core/ipv4/ip4_addr.c.obj
[108/1044] Linking C static library esp-idf/esp_driver_ledc/libesp_driver_ledc.a
-- Minimal build - OFF
[109/1044] Building C object esp-idf/esp_wifi/CMakeFiles/__idf_esp_wifi.dir/src/smartconfig_ack.c.obj
[110/1044] Building C object esp-idf/esp_wifi/CMakeFiles/__idf_esp_wifi.dir/src/wifi_netif.c.obj
[263/1044] Building C object esp-idf/lwip/CMakeFiles/__idf_lwip.dir/lwip/src/core/ipv4/ip4.c.obj
[264/1044] Building C object esp-idf/esp_netif/CMakeFiles/__idf_esp_netif.dir/lwip/esp_netif_lwip.c.obj
[111/1044] Building C object esp-idf/esp_wifi/CMakeFiles/__idf_esp_wifi.dir/src/wifi_default.c.obj
[265/1044] Building C object esp-idf/lwip/CMakeFiles/__idf_lwip.dir/lwip/src/netif/ppp/ccp.c.obj
[260/1044] Building C object esp-idf/lwip/CMakeFiles/__idf_lwip.dir/lwip/src/core/ipv4/etharp.c.obj
[261/1044] Building C object esp-idf/lwip/CMakeFiles/__idf_lwip.dir/lwip/src/core/ipv6/inet6.c.obj
[262/1044] Building C object esp-idf/lwip/CMakeFiles/__idf_lwip.dir/lwip/src/core/ipv6/ethip6.c.obj
[112/1044] Linking C static library esp-idf/esp_driver_i2c/libesp_driver_i2c.a
[263/1044] Building C object esp-idf/lwip/CMakeFiles/__idf_lwip.dir/lwip/src/core/ipv6/ip6_addr.c.obj
[266/1044] Building C object esp-idf/lwip/CMakeFiles/__idf_lwip.dir/lwip/src/core/ipv6/inet6.c.obj
[264/1044] Building C object esp-idf/lwip/CMakeFiles/__idf_lwip.dir/lwip/src/netif/ppp/auth.c.obj
[113/1044] Building C object esp-idf/esp_driver_spi/CMakeFiles/__idf_esp_driver_spi.dir/src/gpspi/spi_slave.c.obj
[265/1044] Building C object esp-idf/lwip/CMakeFiles/__idf_lwip.dir/lwip/src/core/ipv6/icmp6.c.obj
[267/1044] Building C object esp-idf/lwip/CMakeFiles/__idf_lwip.dir/lwip/src/core/ipv6/ip6_frag.c.obj
[114/1044] Building C object esp-idf/esp_driver_pcnt/CMakeFiles/__idf_esp_driver_pcnt.dir/src/pulse_cnt.c.obj
[115/1044] Linking C static library esp-idf/esp_driver_sdm/libesp_driver_sdm.a
-- Building ESP-IDF components for target esp32s3
[266/1044] Building C object esp-idf/lwip/CMakeFiles/__idf_lwip.dir/lwip/src/netif/slipif.c.obj
[267/1044] Building C object esp-idf/lwip/CMakeFiles/__idf_lwip.dir/lwip/src/netif/bridgeif.c.obj
[268/1044] Building C object esp-idf/lwip/CMakeFiles/__idf_lwip.dir/lwip/src/netif/ppp/auth.c.obj
[269/1044] Building C object esp-idf/lwip/CMakeFiles/__idf_lwip.dir/lwip/src/netif/ppp/chap-new.c.obj
[1/6] Building C object esp-idf/esp_app_format/CMakeFiles/__idf_esp_app_format.dir/esp_app_desc.c.obj
[268/1044] Building C object esp-idf/lwip/CMakeFiles/__idf_lwip.dir/lwip/src/core/tcp_out.c.obj
[116/1044] Building C object esp-idf/esp_driver_spi/CMakeFiles/__idf_esp_driver_spi.dir/src/gpspi/spi_slave_hd.c.obj
[117/1044] Linking C static library esp-idf/esp_driver_tsens/libesp_driver_tsens.a
[270/1044] Building C object esp-idf/lwip/CMakeFiles/__idf_lwip.dir/lwip/src/netif/bridgeif.c.obj
[118/1044] Building C object esp-idf/wpa_supplicant/CMakeFiles/__idf_wpa_supplicant.dir/src/common/dragonfly.c.obj
[119/1044] Building C object esp-idf/wpa_supplicant/CMakeFiles/__idf_wpa_supplicant.dir/src/ap/wpa_auth_ie.c.obj
[269/1044] Building C object esp-idf/lwip/CMakeFiles/__idf_lwip.dir/lwip/src/netif/ppp/chap-new.c.obj
[2/6] Building C object esp-idf/main/CMakeFiles/__idf_main.dir/main.c.obj
FAILED: esp-idf/main/CMakeFiles/__idf_main.dir/main.c.obj 
/home/tikhon/.espressif/tools/xtensa-esp-elf/esp-15.1.0_20250607/xtensa-esp-elf/bin/xtensa-esp32s3-elf-gcc -DESP_PLATFORM -DIDF_VER=\"v6.0-dev-1833-g758939caec-dirty\" -DMBEDTLS_CONFIG_FILE=\"mbedtls/esp_config.h\" -DSOC_MMU_PAGE_SIZE=CONFIG_MMU_PAGE_SIZE -DSOC_XTAL_FREQ_MHZ=CONFIG_XTAL_FREQ -DUNITY_INCLUDE_CONFIG_H -D_GLIBCXX_HAVE_POSIX_SEMAPHORE -D_GLIBCXX_USE_POSIX_SEMAPHORE -D_GNU_SOURCE -D_POSIX_READER_WRITER_LOCKS -I/home/tikhon/Документы/magnolia/applets/mainline/touch/build/config -I/home/tikhon/Документы/magnolia/esp-idf/components/newlib/platform_include -I/home/tikhon/Документы/magnolia/esp-idf/components/freertos/config/include -I/home/tikhon/Документы/magnolia/esp-idf/components/freertos/config/include/freertos -I/home/tikhon/Документы/magnolia/esp-idf/components/freertos/config/xtensa/include -I/home/tikhon/Документы/magnolia/esp-idf/components/freertos/FreeRTOS-Kernel/include -I/home/tikhon/Документы/magnolia/esp-idf/components/freertos/FreeRTOS-Kernel/portable/xtensa/include -I/home/tikhon/Документы/magnolia/esp-idf/components/freertos/FreeRTOS-Kernel/portable/xtensa/include/freertos -I/home/tikhon/Документы/magnolia/esp-idf/components/freertos/esp_additions/include -I/home/tikhon/Документы/magnolia/esp-idf/components/esp_hw_support/include -I/home/tikhon/Документы/magnolia/esp-idf/components/esp_hw_support/include/soc -I/home/tikhon/Документы/magnolia/esp-idf/components/esp_hw_support/dma/include -I/home/tikhon/Документы/magnolia/esp-idf/components/esp_hw_support/ldo/include -I/home/tikhon/Документы/magnolia/esp-idf/components/esp_hw_support/debug_probe/include -I/home/tikhon/Документы/magnolia/esp-idf/components/esp_hw_support/mspi_timing_tuning/include -I/home/tikhon/Документы/magnolia/esp-idf/components/esp_hw_support/mspi_timing_tuning/tuning_scheme_impl/include -I/home/tikhon/Документы/magnolia/esp-idf/components/esp_hw_support/power_supply/include -I/home/tikhon/Документы/magnolia/esp-idf/components/esp_hw_support/include/soc/esp32s3 -I/home/tikhon/Документы/magnolia/esp-idf/components/esp_hw_support/port/esp32s3/. -I/home/tikhon/Документы/magnolia/esp-idf/components/esp_hw_support/port/esp32s3/include -I/home/tikhon/Документы/magnolia/esp-idf/components/esp_hw_support/mspi_timing_tuning/port/esp32s3/. -I/home/tikhon/Документы/magnolia/esp-idf/components/esp_hw_support/mspi_timing_tuning/port/esp32s3/include -I/home/tikhon/Документы/magnolia/esp-idf/components/heap/include -I/home/tikhon/Документы/magnolia/esp-idf/components/heap/tlsf -I/home/tikhon/Документы/magnolia/esp-idf/components/log/include -I/home/tikhon/Документы/magnolia/esp-idf/components/soc/include -I/home/tikhon/Документы/magnolia/esp-idf/components/soc/esp32s3 -I/home/tikhon/Документы/magnolia/esp-idf/components/soc/esp32s3/include -I/home/tikhon/Документы/magnolia/esp-idf/components/soc/esp32s3/register -I/home/tikhon/Документы/magnolia/esp-idf/components/hal/platform_port/include -I/home/tikhon/Документы/magnolia/esp-idf/components/hal/esp32s3/include -I/home/tikhon/Документы/magnolia/esp-idf/components/hal/include -I/home/tikhon/Документы/magnolia/esp-idf/components/esp_rom/include -I/home/tikhon/Документы/magnolia/esp-idf/components/esp_rom/esp32s3/include -I/home/tikhon/Документы/magnolia/esp-idf/components/esp_rom/esp32s3/include/esp32s3 -I/home/tikhon/Документы/magnolia/esp-idf/components/esp_rom/esp32s3 -I/home/tikhon/Документы/magnolia/esp-idf/components/esp_common/include -I/home/tikhon/Документы/magnolia/esp-idf/components/esp_system/include -I/home/tikhon/Документы/magnolia/esp-idf/components/esp_system/port/soc -I/home/tikhon/Документы/magnolia/esp-idf/components/esp_system/port/include/private -I/home/tikhon/Документы/magnolia/esp-idf/components/xtensa/esp32s3/include -I/home/tikhon/Документы/magnolia/esp-idf/components/xtensa/include -I/home/tikhon/Документы/magnolia/esp-idf/components/xtensa/deprecated_include -I/home/tikhon/Документы/magnolia/esp-idf/components/lwip/include -I/home/tikhon/Документы/magnolia/esp-idf/components/lwip/include/apps -I/home/tikhon/Документы/magnolia/esp-idf/components/lwip/include/apps/sntp -I/home/tikhon/Документы/magnolia/esp-idf/components/lwip/lwip/src/include -I/home/tikhon/Документы/magnolia/esp-idf/components/lwip/port/include -I/home/tikhon/Документы/magnolia/esp-idf/components/lwip/port/freertos/include -I/home/tikhon/Документы/magnolia/esp-idf/components/lwip/port/esp32xx/include -I/home/tikhon/Документы/magnolia/esp-idf/components/lwip/port/esp32xx/include/arch -I/home/tikhon/Документы/magnolia/esp-idf/components/lwip/port/esp32xx/include/sys -I/home/tikhon/Документы/magnolia/esp-idf/components/esp_app_format/include -I/home/tikhon/Документы/magnolia/esp-idf/components/esp_bootloader_format/include -I/home/tikhon/Документы/magnolia/esp-idf/components/app_update/include -I/home/tikhon/Документы/magnolia/esp-idf/components/bootloader_support/include -I/home/tikhon/Документы/magnolia/esp-idf/components/bootloader_support/bootloader_flash/include -I/home/tikhon/Документы/magnolia/esp-idf/components/esp_partition/include -I/home/tikhon/Документы/magnolia/esp-idf/components/efuse/include -I/home/tikhon/Документы/magnolia/esp-idf/components/efuse/esp32s3/include -I/home/tikhon/Документы/magnolia/esp-idf/components/esp_security/include -I/home/tikhon/Документы/magnolia/esp-idf/components/esp_driver_gpio/include -I/home/tikhon/Документы/magnolia/esp-idf/components/esp_pm/include -I/home/tikhon/Документы/magnolia/esp-idf/components/mbedtls/port/include -I/home/tikhon/Документы/magnolia/esp-idf/components/mbedtls/mbedtls/include -I/home/tikhon/Документы/magnolia/esp-idf/components/mbedtls/mbedtls/library -I/home/tikhon/Документы/magnolia/esp-idf/components/mbedtls/esp_crt_bundle/include -I/home/tikhon/Документы/magnolia/esp-idf/components/mbedtls/mbedtls/3rdparty/everest/include -I/home/tikhon/Документы/magnolia/esp-idf/components/mbedtls/mbedtls/3rdparty/p256-m -I/home/tikhon/Документы/magnolia/esp-idf/components/mbedtls/mbedtls/3rdparty/p256-m/p256-m -I/home/tikhon/Документы/magnolia/esp-idf/components/esp_mm/include -I/home/tikhon/Документы/magnolia/esp-idf/components/spi_flash/include -I/home/tikhon/Документы/magnolia/esp-idf/components/pthread/include -I/home/tikhon/Документы/magnolia/esp-idf/components/esp_timer/include -I/home/tikhon/Документы/magnolia/esp-idf/components/esp_driver_gptimer/include -I/home/tikhon/Документы/magnolia/esp-idf/components/esp_ringbuf/include -I/home/tikhon/Документы/magnolia/esp-idf/components/esp_driver_uart/include -I/home/tikhon/Документы/magnolia/esp-idf/components/vfs/include -I/home/tikhon/Документы/magnolia/esp-idf/components/app_trace/include -I/home/tikhon/Документы/magnolia/esp-idf/components/esp_event/include -I/home/tikhon/Документы/magnolia/esp-idf/components/nvs_flash/include -I/home/tikhon/Документы/magnolia/esp-idf/components/esp_phy/include -I/home/tikhon/Документы/magnolia/esp-idf/components/esp_phy/esp32s3/include -I/home/tikhon/Документы/magnolia/esp-idf/components/esp_driver_usb_serial_jtag/include -I/home/tikhon/Документы/magnolia/esp-idf/components/esp_vfs_console/include -I/home/tikhon/Документы/magnolia/esp-idf/components/esp_netif/include -I/home/tikhon/Документы/magnolia/esp-idf/components/wpa_supplicant/include -I/home/tikhon/Документы/magnolia/esp-idf/components/wpa_supplicant/port/include -I/home/tikhon/Документы/magnolia/esp-idf/components/wpa_supplicant/esp_supplicant/include -I/home/tikhon/Документы/magnolia/esp-idf/components/esp_coex/include -I/home/tikhon/Документы/magnolia/esp-idf/components/esp_wifi/include -I/home/tikhon/Документы/magnolia/esp-idf/components/esp_wifi/include/local -I/home/tikhon/Документы/magnolia/esp-idf/components/esp_wifi/wifi_apps/include -I/home/tikhon/Документы/magnolia/esp-idf/components/esp_wifi/wifi_apps/nan_app/include -I/home/tikhon/Документы/magnolia/esp-idf/components/esp_driver_spi/include -I/home/tikhon/Документы/magnolia/esp-idf/components/esp_gdbstub/include -I/home/tikhon/Документы/magnolia/esp-idf/components/unity/include -I/home/tikhon/Документы/magnolia/esp-idf/components/unity/unity/src -I/home/tikhon/Документы/magnolia/esp-idf/components/cmock/CMock/src -I/home/tikhon/Документы/magnolia/esp-idf/components/console -I/home/tikhon/Документы/magnolia/esp-idf/components/esp_driver_pcnt/include -I/home/tikhon/Документы/magnolia/esp-idf/components/esp_driver_mcpwm/include -I/home/tikhon/Документы/magnolia/esp-idf/components/esp_driver_ana_cmpr/include -I/home/tikhon/Документы/magnolia/esp-idf/components/esp_driver_i2s/include -I/home/tikhon/Документы/magnolia/esp-idf/components/sdmmc/include -I/home/tikhon/Документы/magnolia/esp-idf/components/esp_driver_sd_intf/include -I/home/tikhon/Документы/magnolia/esp-idf/components/esp_driver_sdmmc/include -I/home/tikhon/Документы/magnolia/esp-idf/components/esp_driver_sdmmc/legacy/include -I/home/tikhon/Документы/magnolia/esp-idf/components/esp_driver_sdspi/include -I/home/tikhon/Документы/magnolia/esp-idf/components/esp_driver_sdio/include -I/home/tikhon/Документы/magnolia/esp-idf/components/esp_driver_dac/include -I/home/tikhon/Документы/magnolia/esp-idf/components/esp_driver_bitscrambler/include -I/home/tikhon/Документы/magnolia/esp-idf/components/esp_driver_rmt/include -I/home/tikhon/Документы/magnolia/esp-idf/components/esp_driver_tsens/include -I/home/tikhon/Документы/magnolia/esp-idf/components/esp_driver_sdm/include -I/home/tikhon/Документы/magnolia/esp-idf/components/esp_driver_i2c/include -I/home/tikhon/Документы/magnolia/esp-idf/components/esp_driver_ledc/include -I/home/tikhon/Документы/magnolia/esp-idf/components/esp_driver_parlio/include -I/home/tikhon/Документы/magnolia/esp-idf/components/esp_driver_twai/include -I/home/tikhon/Документы/magnolia/esp-idf/components/driver/deprecated -I/home/tikhon/Документы/magnolia/esp-idf/components/driver/i2c/include -I/home/tikhon/Документы/magnolia/esp-idf/components/driver/touch_sensor/include -I/home/tikhon/Документы/magnolia/esp-idf/components/driver/twai/include -I/home/tikhon/Документы/magnolia/esp-idf/components/driver/touch_sensor/esp32s3/include -I/home/tikhon/Документы/magnolia/esp-idf/components/http_parser -I/home/tikhon/Документы/magnolia/esp-idf/components/esp-tls -I/home/tikhon/Документы/magnolia/esp-idf/components/esp-tls/esp-tls-crypto -I/home/tikhon/Документы/magnolia/esp-idf/components/esp_adc/include -I/home/tikhon/Документы/magnolia/esp-idf/components/esp_adc/interface -I/home/tikhon/Документы/magnolia/esp-idf/components/esp_adc/esp32s3/include -I/home/tikhon/Документы/magnolia/esp-idf/components/esp_driver_isp/include -I/home/tikhon/Документы/magnolia/esp-idf/components/esp_driver_cam/include -I/home/tikhon/Документы/magnolia/esp-idf/components/esp_driver_cam/interface -I/home/tikhon/Документы/magnolia/esp-idf/components/esp_driver_cam/dvp/include -I/home/tikhon/Документы/magnolia/esp-idf/components/esp_driver_i3c/include -I/home/tikhon/Документы/magnolia/esp-idf/components/esp_psram/include -I/home/tikhon/Документы/magnolia/esp-idf/components/esp_psram/xip_impl/include -I/home/tikhon/Документы/magnolia/esp-idf/components/esp_driver_jpeg/include -I/home/tikhon/Документы/magnolia/esp-idf/components/esp_driver_ppa/include -I/home/tikhon/Документы/magnolia/esp-idf/components/esp_driver_touch_sens/include -I/home/tikhon/Документы/magnolia/esp-idf/components/esp_driver_touch_sens/hw_ver2/include -I/home/tikhon/Документы/magnolia/esp-idf/components/esp_eth/include -I/home/tikhon/Документы/magnolia/esp-idf/components/esp_hid/include -I/home/tikhon/Документы/magnolia/esp-idf/components/tcp_transport/include -I/home/tikhon/Документы/magnolia/esp-idf/components/esp_http_client/include -I/home/tikhon/Документы/magnolia/esp-idf/components/esp_http_server/include -I/home/tikhon/Документы/magnolia/esp-idf/components/esp_https_ota/include -I/home/tikhon/Документы/magnolia/esp-idf/components/esp_https_server/include -I/home/tikhon/Документы/magnolia/esp-idf/components/esp_lcd/include -I/home/tikhon/Документы/magnolia/esp-idf/components/esp_lcd/interface -I/home/tikhon/Документы/magnolia/esp-idf/components/esp_lcd/rgb/include -I/home/tikhon/Документы/magnolia/esp-idf/components/protobuf-c/protobuf-c -I/home/tikhon/Документы/magnolia/esp-idf/components/protocomm/include/common -I/home/tikhon/Документы/magnolia/esp-idf/components/protocomm/include/security -I/home/tikhon/Документы/magnolia/esp-idf/components/protocomm/include/transports -I/home/tikhon/Документы/magnolia/esp-idf/components/protocomm/include/crypto/srp6a -I/home/tikhon/Документы/magnolia/esp-idf/components/protocomm/proto-c -I/home/tikhon/Документы/magnolia/esp-idf/components/esp_local_ctrl/include -I/home/tikhon/Документы/magnolia/esp-idf/components/espcoredump/include -I/home/tikhon/Документы/magnolia/esp-idf/components/espcoredump/include/port/xtensa -I/home/tikhon/Документы/magnolia/esp-idf/components/wear_levelling/include -I/home/tikhon/Документы/magnolia/esp-idf/components/fatfs/diskio -I/home/tikhon/Документы/magnolia/esp-idf/components/fatfs/src -I/home/tikhon/Документы/magnolia/esp-idf/components/fatfs/vfs -I/home/tikhon/Документы/magnolia/esp-idf/components/idf_test/include -I/home/tikhon/Документы/magnolia/esp-idf/components/idf_test/include/esp32s3 -I/home/tikhon/Документы/magnolia/esp-idf/components/ieee802154/include -I/home/tikhon/Документы/magnolia/esp-idf/components/json/cJSON -I/home/tikhon/Документы/magnolia/esp-idf/components/mqtt/esp-mqtt/include -I/home/tikhon/Документы/magnolia/esp-idf/components/nvs_sec_provider/include -I/home/tikhon/Документы/magnolia/esp-idf/components/perfmon/include -I/home/tikhon/Документы/magnolia/esp-idf/components/rt/include -I/home/tikhon/Документы/magnolia/esp-idf/components/spiffs/include -I/home/tikhon/Документы/magnolia/esp-idf/components/touch_element/include -I/home/tikhon/Документы/magnolia/esp-idf/components/usb/include -I/home/tikhon/Документы/magnolia/esp-idf/components/wifi_provisioning/include -mlongcalls -fno-builtin-memcpy -fno-builtin-memset -fno-builtin-bzero  -fdiagnostics-color=always -ffunction-sections -fdata-sections -Wall -Werror=all -Wno-error=unused-function -Wno-error=unused-variable -Wno-error=unused-but-set-variable -Wno-error=deprecated-declarations -Wextra -Wno-error=extra -Wno-unused-parameter -Wno-sign-compare -Wno-enum-conversion -gdwarf-4 -ggdb -Og -fno-shrink-wrap -fmacro-prefix-map=/home/tikhon/Документы/magnolia/applets/mainline/touch=. -fmacro-prefix-map=/home/tikhon/Документы/magnolia/esp-idf=/IDF -fstrict-volatile-bitfields -fno-jump-tables -fno-tree-switch-conversion -nostartfiles -nostdlib -fPIC -shared -e app_main -Wl,--gc-sections -fvisibility=hidden -Wl,--strip-all -Wl,--strip-debug -Wl,--strip-discarded -Dmain=app_main -std=gnu17 -Wno-old-style-declaration -fzero-init-padding-bits=all -fno-malloc-dce -MD -MT esp-idf/main/CMakeFiles/__idf_main.dir/main.c.obj -MF esp-idf/main/CMakeFiles/__idf_main.dir/main.c.obj.d -o esp-idf/main/CMakeFiles/__idf_main.dir/main.c.obj -c '/home/tikhon/Документы/magnolia/applets/mainline/touch/main/main.c'
/home/tikhon/Документы/magnolia/applets/mainline/touch/main/main.c: In function 'stat_path':
/home/tikhon/Документы/magnolia/applets/mainline/touch/main/main.c:307:16: error: implicit declaration of function 'lstat'; did you mean 'stat'? [-Wimplicit-function-declaration]
  307 |         return lstat(path, st);
      |                ^~~~~
      |                stat
[270/1044] Building C object esp-idf/lwip/CMakeFiles/__idf_lwip.dir/lwip/src/netif/ppp/eap.c.obj
[120/1044] Building C object esp-idf/wpa_supplicant/CMakeFiles/__idf_wpa_supplicant.dir/port/os_xtensa.c.obj
[271/1044] Building C object esp-idf/lwip/CMakeFiles/__idf_lwip.dir/lwip/src/netif/bridgeif_fdb.c.obj
[271/1044] Building C object esp-idf/lwip/CMakeFiles/__idf_lwip.dir/lwip/src/core/ipv6/ip6_frag.c.obj
[272/1044] Building C object esp-idf/lwip/CMakeFiles/__idf_lwip.dir/lwip/src/core/ipv6/mld6.c.obj
[272/1044] Building C object esp-idf/lwip/CMakeFiles/__idf_lwip.dir/lwip/src/netif/bridgeif_fdb.c.obj
[121/1044] Building C object esp-idf/wpa_supplicant/CMakeFiles/__idf_wpa_supplicant.dir/src/ap/ap_config.c.obj
[122/1044] Building C object esp-idf/esp_wifi/CMakeFiles/__idf_esp_wifi.dir/esp32s3/esp_adapter.c.obj
[273/1044] Building C object esp-idf/lwip/CMakeFiles/__idf_lwip.dir/lwip/src/netif/ppp/demand.c.obj
[3/6] Linking C static library esp-idf/esp_app_format/libesp_app_format.a
ninja: build stopped: subcommand failed.
[274/1044] Building C object esp-idf/lwip/CMakeFiles/__idf_lwip.dir/lwip/src/netif/ethernet.c.obj
[275/1044] Building C object esp-idf/lwip/CMakeFiles/__idf_lwip.dir/lwip/src/netif/ppp/chap_ms.c.obj
[123/1044] Linking C static library esp-idf/esp_driver_rmt/libesp_driver_rmt.a
[276/1044] Building C object esp-idf/lwip/CMakeFiles/__idf_lwip.dir/lwip/src/netif/ppp/ipcp.c.obj
[273/1044] Building C object esp-idf/lwip/CMakeFiles/__idf_lwip.dir/lwip/src/netif/ppp/ecp.c.obj
[274/1044] Building C object esp-idf/lwip/CMakeFiles/__idf_lwip.dir/lwip/src/netif/ethernet.c.obj
[124/1044] Building C object esp-idf/wpa_supplicant/CMakeFiles/__idf_wpa_supplicant.dir/src/ap/sta_info.c.obj
[275/1044] Building C object esp-idf/lwip/CMakeFiles/__idf_lwip.dir/lwip/src/netif/ppp/ipcp.c.obj
[125/1044] Building C object esp-idf/wpa_supplicant/CMakeFiles/__idf_wpa_supplicant.dir/port/eloop.c.obj
[276/1044] Building C object esp-idf/lwip/CMakeFiles/__idf_lwip.dir/lwip/src/netif/ppp/ccp.c.obj
[277/1044] Building C object esp-idf/lwip/CMakeFiles/__idf_lwip.dir/lwip/src/netif/ppp/chap-md5.c.obj
[277/1044] Building C object esp-idf/lwip/CMakeFiles/__idf_lwip.dir/lwip/src/netif/ppp/chap_ms.c.obj
[126/1044] Linking C static library esp-idf/esp_driver_sdspi/libesp_driver_sdspi.a
[278/1044] Building C object esp-idf/lwip/CMakeFiles/__idf_lwip.dir/lwip/src/netif/ppp/chap-md5.c.obj
Executing action: reconfigure
Running cmake in directory /home/tikhon/Документы/magnolia/applets/mainline/yes/build
Executing "cmake -G Ninja -DPYTHON_DEPS_CHECKED=1 -DPYTHON=/home/tikhon/.espressif/python_env/idf6.0_py3.12_env/bin/python -DESP_PLATFORM=1 -DCCACHE_ENABLE=0 /home/tikhon/Документы/magnolia/applets/mainline/yes"...
-- Found Git: /usr/bin/git (found version "2.43.0") 
[279/1044] Building C object esp-idf/lwip/CMakeFiles/__idf_lwip.dir/lwip/src/netif/ppp/eui64.c.obj
[278/1044] Building C object esp-idf/lwip/CMakeFiles/__idf_lwip.dir/lwip/src/netif/slipif.c.obj
[279/1044] Building C object esp-idf/lwip/CMakeFiles/__idf_lwip.dir/lwip/src/core/tcp_in.c.obj
[280/1044] Building C object esp-idf/lwip/CMakeFiles/__idf_lwip.dir/lwip/src/netif/ppp/lcp.c.obj
[281/1044] Building C object esp-idf/lwip/CMakeFiles/__idf_lwip.dir/lwip/src/api/sockets.c.obj
[282/1044] Building C object esp-idf/lwip/CMakeFiles/__idf_lwip.dir/lwip/src/core/ipv4/dhcp.c.obj
[283/1044] Building C object esp-idf/lwip/CMakeFiles/__idf_lwip.dir/lwip/src/netif/ppp/eap.c.obj
[127/1044] Building C object esp-idf/wpa_supplicant/CMakeFiles/__idf_wpa_supplicant.dir/src/ap/comeback_token.c.obj
[280/1044] Building C object esp-idf/lwip/CMakeFiles/__idf_lwip.dir/lwip/src/core/ipv4/dhcp.c.obj
[284/1044] Building C object esp-idf/lwip/CMakeFiles/__idf_lwip.dir/lwip/src/netif/ppp/eui64.c.obj
[128/1044] Building C object esp-idf/wpa_supplicant/CMakeFiles/__idf_wpa_supplicant.dir/src/ap/pmksa_cache_auth.c.obj
[281/1044] Building C object esp-idf/lwip/CMakeFiles/__idf_lwip.dir/lwip/src/netif/ppp/demand.c.obj
[282/1044] Building C object esp-idf/lwip/CMakeFiles/__idf_lwip.dir/lwip/src/netif/ppp/fsm.c.obj
[285/1044] Building C object esp-idf/lwip/CMakeFiles/__idf_lwip.dir/lwip/src/netif/ppp/ecp.c.obj
[283/1044] Building C object esp-idf/lwip/CMakeFiles/__idf_lwip.dir/lwip/src/core/ipv6/mld6.c.obj
[286/1044] Building C object esp-idf/lwip/CMakeFiles/__idf_lwip.dir/lwip/src/netif/ppp/fsm.c.obj
[129/1044] Linking C static library esp-idf/esp_driver_sdmmc/libesp_driver_sdmmc.a
[130/1044] Building C object esp-idf/wpa_supplicant/CMakeFiles/__idf_wpa_supplicant.dir/src/ap/ieee802_1x.c.obj
[131/1044] Building C object esp-idf/wpa_supplicant/CMakeFiles/__idf_wpa_supplicant.dir/src/crypto/aes-gcm.c.obj
[287/1044] Building C object esp-idf/lwip/CMakeFiles/__idf_lwip.dir/lwip/src/netif/ppp/pppapi.c.obj
[288/1044] Building C object esp-idf/lwip/CMakeFiles/__idf_lwip.dir/lwip/src/netif/ppp/ipv6cp.c.obj
[289/1044] Building C object esp-idf/lwip/CMakeFiles/__idf_lwip.dir/lwip/src/netif/ppp/mppe.c.obj
[290/1044] Building C object esp-idf/lwip/CMakeFiles/__idf_lwip.dir/lwip/src/netif/ppp/pppos.c.obj
[132/1044] Linking C static library esp-idf/esp_driver_sd_intf/libesp_driver_sd_intf.a
[291/1044] Building C object esp-idf/lwip/CMakeFiles/__idf_lwip.dir/lwip/src/netif/ppp/utils.c.obj
[284/1044] Building C object esp-idf/lwip/CMakeFiles/__idf_lwip.dir/lwip/src/netif/ppp/ipv6cp.c.obj
[292/1044] Building C object esp-idf/lwip/CMakeFiles/__idf_lwip.dir/lwip/src/core/ipv6/ip6.c.obj
[133/1044] Building C object esp-idf/wpa_supplicant/CMakeFiles/__idf_wpa_supplicant.dir/src/utils/bitfield.c.obj
[285/1044] Building C object esp-idf/lwip/CMakeFiles/__idf_lwip.dir/lwip/src/netif/ppp/ppp.c.obj
[286/1044] Building C object esp-idf/lwip/CMakeFiles/__idf_lwip.dir/lwip/src/netif/ppp/vj.c.obj
[134/1044] Building C object esp-idf/wpa_supplicant/CMakeFiles/__idf_wpa_supplicant.dir/src/ap/ieee802_11.c.obj
[135/1044] Building C object esp-idf/wpa_supplicant/CMakeFiles/__idf_wpa_supplicant.dir/src/crypto/dh_group5.c.obj
[293/1044] Building C object esp-idf/lwip/CMakeFiles/__idf_lwip.dir/lwip/src/netif/ppp/magic.c.obj
[294/1044] Building C object esp-idf/lwip/CMakeFiles/__idf_lwip.dir/lwip/src/netif/ppp/multilink.c.obj
[287/1044] Building C object esp-idf/esp_netif/CMakeFiles/__idf_esp_netif.dir/lwip/esp_netif_lwip.c.obj
[288/1044] Building C object esp-idf/lwip/CMakeFiles/__idf_lwip.dir/lwip/src/netif/ppp/magic.c.obj
[136/1044] Building C object esp-idf/wpa_supplicant/CMakeFiles/__idf_wpa_supplicant.dir/src/crypto/sha1-tlsprf.c.obj
[289/1044] Building C object esp-idf/lwip/CMakeFiles/__idf_lwip.dir/lwip/src/netif/ppp/pppcrypt.c.obj
[137/1044] Linking C static library esp-idf/sdmmc/libsdmmc.a
[295/1044] Building C object esp-idf/lwip/CMakeFiles/__idf_lwip.dir/lwip/src/netif/ppp/pppcrypt.c.obj
[296/1044] Building C object esp-idf/lwip/CMakeFiles/__idf_lwip.dir/lwip/src/netif/ppp/ppp.c.obj
[290/1044] Building C object esp-idf/lwip/CMakeFiles/__idf_lwip.dir/lwip/src/netif/ppp/pppol2tp.c.obj
[291/1044] Building C object esp-idf/lwip/CMakeFiles/__idf_lwip.dir/lwip/src/netif/ppp/lcp.c.obj
[138/1044] Building C object esp-idf/wpa_supplicant/CMakeFiles/__idf_wpa_supplicant.dir/src/crypto/sha256-tlsprf.c.obj
[292/1044] Building C object esp-idf/lwip/CMakeFiles/__idf_lwip.dir/lwip/src/core/ipv6/ip6.c.obj
[139/1044] Building C object esp-idf/wpa_supplicant/CMakeFiles/__idf_wpa_supplicant.dir/src/crypto/crypto_ops.c.obj
[293/1044] Building C object esp-idf/lwip/CMakeFiles/__idf_lwip.dir/lwip/src/netif/ppp/mppe.c.obj
[297/1044] Building C object esp-idf/lwip/CMakeFiles/__idf_lwip.dir/lwip/src/netif/ppp/pppoe.c.obj
[298/1044] Building C object esp-idf/lwip/CMakeFiles/__idf_lwip.dir/lwip/src/netif/ppp/upap.c.obj
[140/1044] Building C object esp-idf/wpa_supplicant/CMakeFiles/__idf_wpa_supplicant.dir/src/crypto/dh_groups.c.obj
[294/1044] Building C object esp-idf/lwip/CMakeFiles/__idf_lwip.dir/lwip/src/netif/ppp/pppapi.c.obj
[295/1044] Building C object esp-idf/lwip/CMakeFiles/__idf_lwip.dir/lwip/src/netif/ppp/pppoe.c.obj
[141/1044] Linking C static library esp-idf/esp_driver_i2s/libesp_driver_i2s.a
[142/1044] Building C object esp-idf/wpa_supplicant/CMakeFiles/__idf_wpa_supplicant.dir/src/crypto/ms_funcs.c.obj
[299/1044] Building C object esp-idf/lwip/CMakeFiles/__idf_lwip.dir/lwip/src/netif/ppp/pppol2tp.c.obj
[296/1044] Building C object esp-idf/lwip/CMakeFiles/__idf_lwip.dir/lwip/src/netif/ppp/multilink.c.obj
[143/1044] Building C object esp-idf/wpa_supplicant/CMakeFiles/__idf_wpa_supplicant.dir/src/crypto/sha256-kdf.c.obj
[300/1044] Building C object esp-idf/lwip/CMakeFiles/__idf_lwip.dir/port/hooks/lwip_default_hooks.c.obj
[297/1044] Building C object esp-idf/lwip/CMakeFiles/__idf_lwip.dir/lwip/src/netif/ppp/pppos.c.obj
[298/1044] Building C object esp-idf/lwip/CMakeFiles/__idf_lwip.dir/lwip/src/netif/ppp/upap.c.obj
[301/1044] Building C object esp-idf/lwip/CMakeFiles/__idf_lwip.dir/port/hooks/tcp_isn_default.c.obj
[144/1044] Building C object esp-idf/wpa_supplicant/CMakeFiles/__idf_wpa_supplicant.dir/src/common/wpa_common.c.obj
[299/1044] Building C object esp-idf/lwip/CMakeFiles/__idf_lwip.dir/lwip/src/netif/ppp/utils.c.obj
[145/1044] Building C object esp-idf/wpa_supplicant/CMakeFiles/__idf_wpa_supplicant.dir/src/crypto/aes-siv.c.obj
[146/1044] Linking C static library esp-idf/esp_driver_mcpwm/libesp_driver_mcpwm.a
[302/1044] Building C object esp-idf/lwip/CMakeFiles/__idf_lwip.dir/lwip/src/netif/ppp/vj.c.obj
[303/1044] Building C object esp-idf/lwip/CMakeFiles/__idf_lwip.dir/port/sockets_ext.c.obj
[304/1044] Building C object esp-idf/lwip/CMakeFiles/__idf_lwip.dir/port/debug/lwip_debug.c.obj
[147/1044] Building C object esp-idf/wpa_supplicant/CMakeFiles/__idf_wpa_supplicant.dir/src/crypto/ccmp.c.obj
[305/1044] Building C object esp-idf/lwip/CMakeFiles/__idf_lwip.dir/port/if_index.c.obj
[306/1044] Linking C static library esp-idf/esp_netif/libesp_netif.a
[307/1044] Building C object esp-idf/lwip/CMakeFiles/__idf_lwip.dir/lwip/src/netif/ppp/polarssl/md4.c.obj
[148/1044] Building C object esp-idf/wpa_supplicant/CMakeFiles/__idf_wpa_supplicant.dir/src/common/ieee802_11_common.c.obj
[300/1044] Building C object esp-idf/lwip/CMakeFiles/__idf_lwip.dir/port/esp32xx/vfs_lwip.c.obj
[149/1044] Building C object esp-idf/wpa_supplicant/CMakeFiles/__idf_wpa_supplicant.dir/src/eap_peer/eap_common.c.obj
[308/1044] Building C object esp-idf/lwip/CMakeFiles/__idf_lwip.dir/lwip/src/netif/ppp/polarssl/arc4.c.obj
[301/1044] Building C object esp-idf/lwip/CMakeFiles/__idf_lwip.dir/lwip/src/api/sockets.c.obj
[150/1044] Linking C static library esp-idf/esp_driver_pcnt/libesp_driver_pcnt.a
[151/1044] Building C object esp-idf/esp_driver_spi/CMakeFiles/__idf_esp_driver_spi.dir/src/gpspi/spi_master.c.obj
[152/1044] Building C object esp-idf/wpa_supplicant/CMakeFiles/__idf_wpa_supplicant.dir/src/eap_common/eap_wsc_common.c.obj
[302/1044] Building C object esp-idf/lwip/CMakeFiles/__idf_lwip.dir/port/hooks/lwip_default_hooks.c.obj
[303/1044] Building C object esp-idf/lwip/CMakeFiles/__idf_lwip.dir/port/hooks/tcp_isn_default.c.obj
[309/1044] Building C object esp-idf/lwip/CMakeFiles/__idf_lwip.dir/lwip/src/netif/ppp/polarssl/des.c.obj
[153/1044] Building C object esp-idf/wpa_supplicant/CMakeFiles/__idf_wpa_supplicant.dir/src/crypto/sha1-tprf.c.obj
[310/1044] Building C object esp-idf/lwip/CMakeFiles/__idf_lwip.dir/port/acd_dhcp_check.c.obj
[154/1044] Building C object esp-idf/wpa_supplicant/CMakeFiles/__idf_wpa_supplicant.dir/src/crypto/sha384-tlsprf.c.obj
[311/1044] Building C object esp-idf/lwip/CMakeFiles/__idf_lwip.dir/port/esp32xx/vfs_lwip.c.obj
[304/1044] Building C object esp-idf/lwip/CMakeFiles/__idf_lwip.dir/lwip/src/netif/ppp/polarssl/sha1.c.obj
[155/1044] Building C object esp-idf/wpa_supplicant/CMakeFiles/__idf_wpa_supplicant.dir/src/crypto/sha256-prf.c.obj
[305/1044] Building C object esp-idf/lwip/CMakeFiles/__idf_lwip.dir/apps/ping/ping.c.obj
Command failed (2): idf.py elf
Elf target failed for touch; running `idf.py build` instead.
+ idf.py build
[306/1044] Building C object esp-idf/lwip/CMakeFiles/__idf_lwip.dir/lwip/src/netif/ppp/polarssl/md4.c.obj
-- Minimal build - OFF
[156/1044] Linking C static library esp-idf/esp_gdbstub/libesp_gdbstub.a
[307/1044] Linking C static library esp-idf/esp_netif/libesp_netif.a
[312/1044] Building C object esp-idf/lwip/CMakeFiles/__idf_lwip.dir/port/freertos/sys_arch.c.obj
[313/1044] Building C object esp-idf/lwip/CMakeFiles/__idf_lwip.dir/lwip/src/netif/ppp/polarssl/sha1.c.obj
[308/1044] Building C object esp-idf/lwip/CMakeFiles/__idf_lwip.dir/port/if_index.c.obj
[309/1044] Building C object esp-idf/lwip/CMakeFiles/__idf_lwip.dir/lwip/src/netif/ppp/polarssl/des.c.obj
[310/1044] Building C object esp-idf/lwip/CMakeFiles/__idf_lwip.dir/lwip/src/netif/ppp/polarssl/md5.c.obj
[314/1044] Building C object esp-idf/lwip/CMakeFiles/__idf_lwip.dir/apps/ping/ping.c.obj
[157/1044] Building C object esp-idf/wpa_supplicant/CMakeFiles/__idf_wpa_supplicant.dir/src/crypto/sha1-prf.c.obj
[315/1044] Building C object esp-idf/lwip/CMakeFiles/__idf_lwip.dir/lwip/src/netif/ppp/polarssl/md5.c.obj
[311/1044] Building C object esp-idf/lwip/CMakeFiles/__idf_lwip.dir/lwip/src/netif/ppp/polarssl/arc4.c.obj
[312/1044] Building C object esp-idf/lwip/CMakeFiles/__idf_lwip.dir/port/freertos/sys_arch.c.obj
[313/1044] Building C object esp-idf/lwip/CMakeFiles/__idf_lwip.dir/port/sockets_ext.c.obj
[316/1044] Building C object esp-idf/esp_phy/CMakeFiles/__idf_esp_phy.dir/src/lib_printf.c.obj
[158/1044] Building C object esp-idf/wpa_supplicant/CMakeFiles/__idf_wpa_supplicant.dir/src/crypto/sha384-prf.c.obj
[159/1044] Linking C static library esp-idf/esp_driver_spi/libesp_driver_spi.a
[317/1044] Building C object esp-idf/lwip/CMakeFiles/__idf_lwip.dir/apps/ping/esp_ping.c.obj
[318/1044] Building C object esp-idf/esp_phy/CMakeFiles/__idf_esp_phy.dir/esp32s3/phy_init_data.c.obj
-- Building ESP-IDF components for target esp32s3
[314/1044] Building C object esp-idf/lwip/CMakeFiles/__idf_lwip.dir/port/acd_dhcp_check.c.obj
[160/1044] Building C object esp-idf/wpa_supplicant/CMakeFiles/__idf_wpa_supplicant.dir/src/eap_peer/chap.c.obj
NOTICE: Processing 1 dependencies:
NOTICE: [1/1] idf (6.0.0)
[315/1044] Building C object esp-idf/lwip/CMakeFiles/__idf_lwip.dir/apps/ping/esp_ping.c.obj
[319/1044] Building C object esp-idf/vfs/CMakeFiles/__idf_vfs.dir/vfs_eventfd.c.obj
[316/1044] Building C object esp-idf/esp_phy/CMakeFiles/__idf_esp_phy.dir/src/phy_override.c.obj
[320/1044] Building C object esp-idf/esp_driver_usb_serial_jtag/CMakeFiles/__idf_esp_driver_usb_serial_jtag.dir/src/usb_serial_jtag_connection_monitor.c.obj
[161/1044] Building C object esp-idf/wpa_supplicant/CMakeFiles/__idf_wpa_supplicant.dir/src/crypto/md4-internal.c.obj
[321/1044] Building C object esp-idf/lwip/CMakeFiles/__idf_lwip.dir/apps/ping/ping_sock.c.obj
[162/1044] Building C object esp-idf/wpa_supplicant/CMakeFiles/__idf_wpa_supplicant.dir/src/ap/wpa_auth.c.obj
[163/1044] Linking C static library esp-idf/esp_wifi/libesp_wifi.a
[317/1044] Building C object esp-idf/vfs/CMakeFiles/__idf_vfs.dir/nullfs.c.obj
[318/1044] Building C object esp-idf/lwip/CMakeFiles/__idf_lwip.dir/port/debug/lwip_debug.c.obj
[322/1044] Building C object esp-idf/vfs/CMakeFiles/__idf_vfs.dir/nullfs.c.obj
[164/1044] Building C object esp-idf/wpa_supplicant/CMakeFiles/__idf_wpa_supplicant.dir/src/eap_peer/eap.c.obj
[323/1044] Building C object esp-idf/esp_phy/CMakeFiles/__idf_esp_phy.dir/src/phy_override.c.obj
[165/1044] Building C object esp-idf/wpa_supplicant/CMakeFiles/__idf_wpa_supplicant.dir/src/eap_peer/mschapv2.c.obj
[319/1044] Building C object esp-idf/esp_phy/CMakeFiles/__idf_esp_phy.dir/src/lib_printf.c.obj
[166/1044] Building C object esp-idf/wpa_supplicant/CMakeFiles/__idf_wpa_supplicant.dir/src/eap_peer/eap_tls.c.obj
[324/1044] Building C object esp-idf/esp_vfs_console/CMakeFiles/__idf_esp_vfs_console.dir/vfs_console.c.obj
[320/1044] Building C object esp-idf/esp_phy/CMakeFiles/__idf_esp_phy.dir/esp32s3/phy_init_data.c.obj
[321/1044] Building C object esp-idf/esp_phy/CMakeFiles/__idf_esp_phy.dir/src/phy_common.c.obj
[167/1044] Building C object esp-idf/wpa_supplicant/CMakeFiles/__idf_wpa_supplicant.dir/src/eap_peer/eap_peap_common.c.obj
[168/1044] Building C object esp-idf/wpa_supplicant/CMakeFiles/__idf_wpa_supplicant.dir/src/eap_peer/eap_peap.c.obj
[322/1044] Building C object esp-idf/esp_driver_usb_serial_jtag/CMakeFiles/__idf_esp_driver_usb_serial_jtag.dir/src/usb_serial_jtag_connection_monitor.c.obj
[325/1044] Building C object esp-idf/esp_phy/CMakeFiles/__idf_esp_phy.dir/src/btbb_init.c.obj
Executing action: elf
Running ninja in directory /home/tikhon/Документы/magnolia/applets/mainline/xxd/build
Executing "ninja elf"...
[0/1] Re-running CMake...
-- Minimal build - OFF
[326/1044] Building C object esp-idf/esp_driver_usb_serial_jtag/CMakeFiles/__idf_esp_driver_usb_serial_jtag.dir/src/usb_serial_jtag.c.obj
[323/1044] Building C object esp-idf/lwip/CMakeFiles/__idf_lwip.dir/lwip/src/core/ipv6/nd6.c.obj
[327/1044] Building C object esp-idf/esp_driver_usb_serial_jtag/CMakeFiles/__idf_esp_driver_usb_serial_jtag.dir/src/usb_serial_jtag_vfs.c.obj
[324/1044] Building C object esp-idf/esp_vfs_console/CMakeFiles/__idf_esp_vfs_console.dir/vfs_console.c.obj
[328/1044] Building C object esp-idf/esp_phy/CMakeFiles/__idf_esp_phy.dir/src/phy_common.c.obj
[169/1044] Building C object esp-idf/wpa_supplicant/CMakeFiles/__idf_wpa_supplicant.dir/src/eap_peer/eap_fast_common.c.obj
[325/1044] Building C object esp-idf/lwip/CMakeFiles/__idf_lwip.dir/apps/ping/ping_sock.c.obj
[170/1044] Building C object esp-idf/wpa_supplicant/CMakeFiles/__idf_wpa_supplicant.dir/src/eap_peer/eap_mschapv2.c.obj
[326/1044] Building C object esp-idf/esp_phy/CMakeFiles/__idf_esp_phy.dir/src/btbb_init.c.obj
[329/1044] Building C object esp-idf/vfs/CMakeFiles/__idf_vfs.dir/vfs_semihost.c.obj
[171/1044] Building C object esp-idf/wpa_supplicant/CMakeFiles/__idf_wpa_supplicant.dir/src/utils/ext_password.c.obj
[327/1044] Building C object esp-idf/esp_driver_usb_serial_jtag/CMakeFiles/__idf_esp_driver_usb_serial_jtag.dir/src/usb_serial_jtag_vfs.c.obj
[328/1044] Building C object esp-idf/vfs/CMakeFiles/__idf_vfs.dir/vfs_eventfd.c.obj
[172/1044] Building C object esp-idf/wpa_supplicant/CMakeFiles/__idf_wpa_supplicant.dir/src/utils/wpa_debug.c.obj
-- The C compiler identification is GNU 15.1.0
[330/1044] Building CXX object esp-idf/nvs_flash/CMakeFiles/__idf_nvs_flash.dir/src/nvs_platform.cpp.obj
[331/1044] Building C object esp-idf/lwip/CMakeFiles/__idf_lwip.dir/lwip/src/core/ipv6/nd6.c.obj
[173/1044] Building C object esp-idf/wpa_supplicant/CMakeFiles/__idf_wpa_supplicant.dir/src/eap_peer/eap_fast_pac.c.obj
[174/1044] Building C object esp-idf/wpa_supplicant/CMakeFiles/__idf_wpa_supplicant.dir/src/utils/uuid.c.obj
[332/1044] Building C object esp-idf/vfs/CMakeFiles/__idf_vfs.dir/vfs.c.obj
[175/1044] Building C object esp-idf/wpa_supplicant/CMakeFiles/__idf_wpa_supplicant.dir/src/utils/wpabuf.c.obj
[329/1044] Building C object esp-idf/esp_driver_usb_serial_jtag/CMakeFiles/__idf_esp_driver_usb_serial_jtag.dir/src/usb_serial_jtag.c.obj
[330/1044] Building CXX object esp-idf/nvs_flash/CMakeFiles/__idf_nvs_flash.dir/src/nvs_platform.cpp.obj
[333/1044] Building C object esp-idf/lwip/CMakeFiles/__idf_lwip.dir/apps/dhcpserver/dhcpserver.c.obj
[334/1044] Building C object esp-idf/nvs_flash/CMakeFiles/__idf_nvs_flash.dir/src/nvs_bootloader_aes.c.obj
-- The CXX compiler identification is GNU 15.1.0
-- Project sdkconfig file /home/tikhon/Документы/magnolia/applets/mainline/uname/sdkconfig
[176/1044] Building C object esp-idf/wpa_supplicant/CMakeFiles/__idf_wpa_supplicant.dir/src/utils/base64.c.obj
[177/1044] Building C object esp-idf/wpa_supplicant/CMakeFiles/__idf_wpa_supplicant.dir/src/rsn_supp/pmksa_cache.c.obj
-- The ASM compiler identification is GNU
-- Found assembler: /home/tikhon/.espressif/tools/xtensa-esp-elf/esp-15.1.0_20250607/xtensa-esp-elf/bin/xtensa-esp32s3-elf-gcc
[178/1044] Building C object esp-idf/wpa_supplicant/CMakeFiles/__idf_wpa_supplicant.dir/src/eap_peer/eap_tls_common.c.obj
[179/1044] Building C object esp-idf/wpa_supplicant/CMakeFiles/__idf_wpa_supplicant.dir/src/rsn_supp/wpa_ie.c.obj
[331/1044] Building C object esp-idf/vfs/CMakeFiles/__idf_vfs.dir/vfs.c.obj
[335/1044] Building C object esp-idf/esp_phy/CMakeFiles/__idf_esp_phy.dir/src/phy_init.c.obj
-- Detecting C compiler ABI info
[332/1044] Building C object esp-idf/vfs/CMakeFiles/__idf_vfs.dir/vfs_semihost.c.obj
-- Compiler supported targets: xtensa-esp-elf
[333/1044] Building C object esp-idf/lwip/CMakeFiles/__idf_lwip.dir/apps/dhcpserver/dhcpserver.c.obj
[180/1044] Building C object esp-idf/wpa_supplicant/CMakeFiles/__idf_wpa_supplicant.dir/src/wps/wps_attr_process.c.obj
[181/1044] Building C object esp-idf/wpa_supplicant/CMakeFiles/__idf_wpa_supplicant.dir/src/wps/wps_common.c.obj
[336/1044] Building C object esp-idf/nvs_flash/CMakeFiles/__idf_nvs_flash.dir/src/nvs_bootloader_xts_aes.c.obj
[182/1044] Building C object esp-idf/wpa_supplicant/CMakeFiles/__idf_wpa_supplicant.dir/src/wps/wps_attr_parse.c.obj
[334/1044] Building C object esp-idf/esp_phy/CMakeFiles/__idf_esp_phy.dir/src/phy_init.c.obj
[183/1044] Building C object esp-idf/wpa_supplicant/CMakeFiles/__idf_wpa_supplicant.dir/src/wps/wps_attr_build.c.obj
[184/1044] Building C object esp-idf/wpa_supplicant/CMakeFiles/__idf_wpa_supplicant.dir/src/utils/common.c.obj
[185/1044] Building C object esp-idf/wpa_supplicant/CMakeFiles/__idf_wpa_supplicant.dir/esp_supplicant/src/esp_wpa2_api_port.c.obj
[335/1044] Building C object esp-idf/nvs_flash/CMakeFiles/__idf_nvs_flash.dir/src/nvs_bootloader_aes.c.obj
[337/1044] Linking C static library esp-idf/lwip/liblwip.a
[338/1044] Building C object esp-idf/esp_event/CMakeFiles/__idf_esp_event.dir/default_event_loop.c.obj
[186/1044] Building C object esp-idf/wpa_supplicant/CMakeFiles/__idf_wpa_supplicant.dir/src/eap_peer/eap_ttls.c.obj
[339/1044] Building C object esp-idf/nvs_flash/CMakeFiles/__idf_nvs_flash.dir/src/nvs_bootloader.c.obj
[187/1044] Building C object esp-idf/wpa_supplicant/CMakeFiles/__idf_wpa_supplicant.dir/src/utils/json.c.obj
-- Detecting C compiler ABI info - done
[340/1044] Linking C static library esp-idf/vfs/libvfs.a
[336/1044] Building C object esp-idf/nvs_flash/CMakeFiles/__idf_nvs_flash.dir/src/nvs_bootloader.c.obj
[188/1044] Building C object esp-idf/wpa_supplicant/CMakeFiles/__idf_wpa_supplicant.dir/src/wps/wps.c.obj
[341/1044] Building C object esp-idf/esp_event/CMakeFiles/__idf_esp_event.dir/esp_event_private.c.obj
[337/1044] Building C object esp-idf/nvs_flash/CMakeFiles/__idf_nvs_flash.dir/src/nvs_bootloader_xts_aes.c.obj
-- Project sdkconfig file /home/tikhon/Документы/magnolia/applets/mainline/true/sdkconfig
-- Check for working C compiler: /home/tikhon/.espressif/tools/xtensa-esp-elf/esp-15.1.0_20250607/xtensa-esp-elf/bin/xtensa-esp32s3-elf-gcc - skipped
-- Detecting C compile features
-- Detecting C compile features - done
[189/1044] Building C object esp-idf/wpa_supplicant/CMakeFiles/__idf_wpa_supplicant.dir/src/common/sae.c.obj
[342/1044] Linking C static library esp-idf/esp_vfs_console/libesp_vfs_console.a
[338/1044] Building C object esp-idf/esp_event/CMakeFiles/__idf_esp_event.dir/default_event_loop.c.obj
-- ESP-TEE is currently supported only on the esp32c6;esp32h2;esp32c5 SoCs
-- Detecting CXX compiler ABI info
[190/1044] Building C object esp-idf/wpa_supplicant/CMakeFiles/__idf_wpa_supplicant.dir/esp_supplicant/src/esp_wpas_glue.c.obj
[191/1044] Building C object esp-idf/wpa_supplicant/CMakeFiles/__idf_wpa_supplicant.dir/src/wps/wps_dev_attr.c.obj
[343/1044] Linking C static library esp-idf/esp_driver_usb_serial_jtag/libesp_driver_usb_serial_jtag.a
[339/1044] Linking C static library esp-idf/lwip/liblwip.a
[192/1044] Building C object esp-idf/wpa_supplicant/CMakeFiles/__idf_wpa_supplicant.dir/src/rsn_supp/wpa.c.obj
[193/1044] Building C object esp-idf/wpa_supplicant/CMakeFiles/__idf_wpa_supplicant.dir/esp_supplicant/src/esp_wpa_main.c.obj
[344/1044] Building C object esp-idf/esp_driver_uart/CMakeFiles/__idf_esp_driver_uart.dir/src/uart_wakeup.c.obj
[194/1044] Building C object esp-idf/wpa_supplicant/CMakeFiles/__idf_wpa_supplicant.dir/src/common/sae_pk.c.obj
[195/1044] Building C object esp-idf/wpa_supplicant/CMakeFiles/__idf_wpa_supplicant.dir/esp_supplicant/src/crypto/fastpsk.c.obj
[340/1044] Linking C static library esp-idf/vfs/libvfs.a
[345/1044] Linking C static library esp-idf/esp_phy/libesp_phy.a
[346/1044] Building CXX object esp-idf/nvs_flash/CMakeFiles/__idf_nvs_flash.dir/src/nvs_partition.cpp.obj
[196/1044] Building C object esp-idf/wpa_supplicant/CMakeFiles/__idf_wpa_supplicant.dir/esp_supplicant/src/esp_common.c.obj
[197/1044] Building C object esp-idf/wpa_supplicant/CMakeFiles/__idf_wpa_supplicant.dir/esp_supplicant/src/esp_owe.c.obj
[347/1044] Building C object esp-idf/esp_event/CMakeFiles/__idf_esp_event.dir/esp_event.c.obj
[341/1044] Linking C static library esp-idf/esp_vfs_console/libesp_vfs_console.a
[342/1044] Building C object esp-idf/esp_event/CMakeFiles/__idf_esp_event.dir/esp_event_private.c.obj
[343/1044] Building C object esp-idf/esp_driver_uart/CMakeFiles/__idf_esp_driver_uart.dir/src/uart_wakeup.c.obj
[198/1044] Linking C static library esp-idf/esp_coex/libesp_coex.a
-- Detecting CXX compiler ABI info - done
[199/1044] Building C object esp-idf/wpa_supplicant/CMakeFiles/__idf_wpa_supplicant.dir/src/wps/wps_enrollee.c.obj
[200/1044] Building C object esp-idf/wpa_supplicant/CMakeFiles/__idf_wpa_supplicant.dir/esp_supplicant/src/esp_eap_client.c.obj
-- Check for working CXX compiler: /home/tikhon/.espressif/tools/xtensa-esp-elf/esp-15.1.0_20250607/xtensa-esp-elf/bin/xtensa-esp32s3-elf-g++ - skipped
-- Detecting CXX compile features
-- Detecting CXX compile features - done
[344/1044] Linking C static library esp-idf/esp_driver_usb_serial_jtag/libesp_driver_usb_serial_jtag.a
[201/1044] Building C object esp-idf/esp_netif/CMakeFiles/__idf_esp_netif.dir/esp_netif_defaults.c.obj
Executing action: elf
Running ninja in directory /home/tikhon/Документы/magnolia/applets/go/echo/build
Executing "ninja elf"...
[0/2] Re-checking globbed directories...
[1/2] Re-running CMake...
[202/1044] Building C object esp-idf/wpa_supplicant/CMakeFiles/__idf_wpa_supplicant.dir/src/crypto/aes-ccm.c.obj
-- Minimal build - OFF
-- Building ESP-IDF components for target esp32s3
[345/1044] Linking C static library esp-idf/esp_phy/libesp_phy.a
[346/1044] Building CXX object esp-idf/nvs_flash/CMakeFiles/__idf_nvs_flash.dir/src/nvs_partition.cpp.obj
[348/1044] Building CXX object esp-idf/nvs_flash/CMakeFiles/__idf_nvs_flash.dir/src/nvs_partition_lookup.cpp.obj
[203/1044] Building C object esp-idf/wpa_supplicant/CMakeFiles/__idf_wpa_supplicant.dir/esp_supplicant/src/esp_wpa3.c.obj
[347/1044] Building CXX object esp-idf/nvs_flash/CMakeFiles/__idf_nvs_flash.dir/src/nvs_partition_lookup.cpp.obj
-- App "tr" version: c092b7f-dirty
[204/1044] Building C object esp-idf/wpa_supplicant/CMakeFiles/__idf_wpa_supplicant.dir/src/crypto/rc4.c.obj
[205/1044] Building C object esp-idf/wpa_supplicant/CMakeFiles/__idf_wpa_supplicant.dir/esp_supplicant/src/crypto/crypto_mbedtls.c.obj
[206/1044] Building C object esp-idf/esp_netif/CMakeFiles/__idf_esp_netif.dir/esp_netif_objects.c.obj
[207/1044] Building C object esp-idf/wpa_supplicant/CMakeFiles/__idf_wpa_supplicant.dir/esp_supplicant/src/crypto/fastpbkdf2.c.obj
[208/1044] Building C object esp-idf/wpa_supplicant/CMakeFiles/__idf_wpa_supplicant.dir/src/crypto/aes-wrap.c.obj
[349/1044] Building C object esp-idf/esp_driver_gptimer/CMakeFiles/__idf_esp_driver_gptimer.dir/src/gptimer_common.c.obj
[209/1044] Building C object esp-idf/wpa_supplicant/CMakeFiles/__idf_wpa_supplicant.dir/esp_supplicant/src/esp_hostap.c.obj
[210/1044] Building C object esp-idf/esp_netif/CMakeFiles/__idf_esp_netif.dir/esp_netif_handlers.c.obj
[211/1044] Building C object esp-idf/wpa_supplicant/CMakeFiles/__idf_wpa_supplicant.dir/src/eap_peer/eap_fast.c.obj
[212/1044] Building C object esp-idf/wpa_supplicant/CMakeFiles/__idf_wpa_supplicant.dir/src/crypto/aes-unwrap.c.obj
[213/1044] Building C object esp-idf/wpa_supplicant/CMakeFiles/__idf_wpa_supplicant.dir/esp_supplicant/src/crypto/crypto_mbedtls-bignum.c.obj
-- The C compiler identification is GNU 15.1.0
[348/1044] Building C object esp-idf/esp_event/CMakeFiles/__idf_esp_event.dir/esp_event.c.obj
[214/1044] Building C object esp-idf/wpa_supplicant/CMakeFiles/__idf_wpa_supplicant.dir/esp_supplicant/src/crypto/crypto_mbedtls-ec.c.obj
[215/1044] Building C object esp-idf/esp_netif/CMakeFiles/__idf_esp_netif.dir/lwip/netif/wlanif.c.obj
[350/1044] Building C object esp-idf/esp_driver_gptimer/CMakeFiles/__idf_esp_driver_gptimer.dir/src/gptimer.c.obj
[216/1044] Building C object esp-idf/wpa_supplicant/CMakeFiles/__idf_wpa_supplicant.dir/src/crypto/des-internal.c.obj
-- The CXX compiler identification is GNU 15.1.0
[217/1044] Building C object esp-idf/esp_netif/CMakeFiles/__idf_esp_netif.dir/lwip/esp_netif_lwip_defaults.c.obj
[351/1044] Building C object esp-idf/esp_timer/CMakeFiles/__idf_esp_timer.dir/src/esp_timer_init.c.obj
[352/1044] Building C object esp-idf/esp_driver_uart/CMakeFiles/__idf_esp_driver_uart.dir/src/uart_vfs.c.obj
[218/1044] Building C object esp-idf/wpa_supplicant/CMakeFiles/__idf_wpa_supplicant.dir/esp_supplicant/src/crypto/crypto_mbedtls-rsa.c.obj
-- The ASM compiler identification is GNU
-- Found assembler: /home/tikhon/.espressif/tools/xtensa-esp-elf/esp-15.1.0_20250607/xtensa-esp-elf/bin/xtensa-esp32s3-elf-gcc
[353/1044] Building C object esp-idf/esp_driver_uart/CMakeFiles/__idf_esp_driver_uart.dir/src/uhci.c.obj
[219/1044] Building C object esp-idf/esp_netif/CMakeFiles/__idf_esp_netif.dir/lwip/netif/ethernetif.c.obj
[220/1044] Building C object esp-idf/wpa_supplicant/CMakeFiles/__idf_wpa_supplicant.dir/esp_supplicant/src/crypto/tls_mbedtls.c.obj
[349/1044] Building C object esp-idf/esp_timer/CMakeFiles/__idf_esp_timer.dir/src/esp_timer.c.obj
-- Detecting C compiler ABI info
[354/1044] Building C object esp-idf/esp_timer/CMakeFiles/__idf_esp_timer.dir/src/ets_timer_legacy.c.obj
[221/1044] Building C object esp-idf/lwip/CMakeFiles/__idf_lwip.dir/lwip/src/api/netifapi.c.obj
NOTICE: Processing 1 dependencies:
NOTICE: [1/1] idf (6.0.0)
[350/1044] Building C object esp-idf/esp_driver_gptimer/CMakeFiles/__idf_esp_driver_gptimer.dir/src/gptimer_common.c.obj
[355/1044] Building C object esp-idf/esp_timer/CMakeFiles/__idf_esp_timer.dir/src/esp_timer.c.obj
[222/1044] Building C object esp-idf/lwip/CMakeFiles/__idf_lwip.dir/lwip/src/api/err.c.obj
[223/1044] Building C object esp-idf/esp_netif/CMakeFiles/__idf_esp_netif.dir/lwip/netif/esp_pbuf_ref.c.obj
[356/1044] Building C object esp-idf/esp_timer/CMakeFiles/__idf_esp_timer.dir/src/esp_timer_impl_common.c.obj
[224/1044] Building C object esp-idf/lwip/CMakeFiles/__idf_lwip.dir/lwip/src/api/netbuf.c.obj
[225/1044] Building C object esp-idf/esp_netif/CMakeFiles/__idf_esp_netif.dir/lwip/esp_netif_sntp.c.obj
[226/1044] Building C object esp-idf/lwip/CMakeFiles/__idf_lwip.dir/lwip/src/api/netdb.c.obj
[227/1044] Building C object esp-idf/lwip/CMakeFiles/__idf_lwip.dir/lwip/src/api/if_api.c.obj
[357/1044] Building C object esp-idf/esp_timer/CMakeFiles/__idf_esp_timer.dir/src/system_time.c.obj
[351/1044] Building C object esp-idf/esp_timer/CMakeFiles/__idf_esp_timer.dir/src/esp_timer_init.c.obj
[228/1044] Building C object esp-idf/lwip/CMakeFiles/__idf_lwip.dir/apps/sntp/sntp.c.obj
-- Detecting C compiler ABI info - done
[352/1044] Building C object esp-idf/esp_ringbuf/CMakeFiles/__idf_esp_ringbuf.dir/ringbuf.c.obj
[229/1044] Building C object esp-idf/lwip/CMakeFiles/__idf_lwip.dir/lwip/src/apps/netbiosns/netbiosns.c.obj
[358/1044] Building C object esp-idf/esp_ringbuf/CMakeFiles/__idf_esp_ringbuf.dir/ringbuf.c.obj
-- Check for working C compiler: /home/tikhon/.espressif/tools/xtensa-esp-elf/esp-15.1.0_20250607/xtensa-esp-elf/bin/xtensa-esp32s3-elf-gcc - skipped
-- Detecting C compile features
-- Detecting C compile features - done
[353/1044] Building C object esp-idf/esp_timer/CMakeFiles/__idf_esp_timer.dir/src/ets_timer_legacy.c.obj
[354/1044] Building C object esp-idf/esp_driver_uart/CMakeFiles/__idf_esp_driver_uart.dir/src/uart_vfs.c.obj
[359/1044] Building C object esp-idf/esp_driver_uart/CMakeFiles/__idf_esp_driver_uart.dir/src/uart.c.obj
[230/1044] Building C object esp-idf/lwip/CMakeFiles/__idf_lwip.dir/lwip/src/apps/sntp/sntp.c.obj
[355/1044] Building C object esp-idf/esp_driver_uart/CMakeFiles/__idf_esp_driver_uart.dir/src/uhci.c.obj
[356/1044] Building C object esp-idf/esp_driver_gptimer/CMakeFiles/__idf_esp_driver_gptimer.dir/src/gptimer.c.obj
-- Detecting CXX compiler ABI info
[231/1044] Building C object esp-idf/lwip/CMakeFiles/__idf_lwip.dir/lwip/src/api/tcpip.c.obj
[357/1044] Building C object esp-idf/esp_timer/CMakeFiles/__idf_esp_timer.dir/src/esp_timer_impl_common.c.obj
Executing action: elf
Running ninja in directory /home/tikhon/Документы/magnolia/applets/go/false/build
Executing "ninja elf"...
[0/2] Re-checking globbed directories...
[1/2] Re-running CMake...
[232/1044] Building C object esp-idf/wpa_supplicant/CMakeFiles/__idf_wpa_supplicant.dir/esp_supplicant/src/esp_wps.c.obj
[358/1044] Building C object esp-idf/esp_timer/CMakeFiles/__idf_esp_timer.dir/src/system_time.c.obj
[233/1044] Building C object esp-idf/lwip/CMakeFiles/__idf_lwip.dir/lwip/src/core/inet_chksum.c.obj
[360/1044] Building CXX object esp-idf/cxx/CMakeFiles/__idf_cxx.dir/cxx_exception_stubs.cpp.obj
[234/1044] Building C object esp-idf/lwip/CMakeFiles/__idf_lwip.dir/lwip/src/core/ip.c.obj
[235/1044] Building C object esp-idf/lwip/CMakeFiles/__idf_lwip.dir/lwip/src/core/def.c.obj
[361/1044] Building CXX object esp-idf/cxx/CMakeFiles/__idf_cxx.dir/cxx_init.cpp.obj
[236/1044] Building C object esp-idf/lwip/CMakeFiles/__idf_lwip.dir/lwip/src/api/api_lib.c.obj
[237/1044] Building C object esp-idf/lwip/CMakeFiles/__idf_lwip.dir/lwip/src/core/stats.c.obj
[362/1044] Building C object esp-idf/esp_timer/CMakeFiles/__idf_esp_timer.dir/src/esp_timer_impl_systimer.c.obj
[238/1044] Building C object esp-idf/lwip/CMakeFiles/__idf_lwip.dir/lwip/src/core/sys.c.obj
-- Detecting CXX compiler ABI info - done
[359/1044] Building C object esp-idf/pthread/CMakeFiles/__idf_pthread.dir/pthread_cond_var.c.obj
[360/1044] Building C object esp-idf/esp_timer/CMakeFiles/__idf_esp_timer.dir/src/esp_timer_impl_systimer.c.obj
[361/1044] Building CXX object esp-idf/cxx/CMakeFiles/__idf_cxx.dir/cxx_init.cpp.obj
-- Check for working CXX compiler: /home/tikhon/.espressif/tools/xtensa-esp-elf/esp-15.1.0_20250607/xtensa-esp-elf/bin/xtensa-esp32s3-elf-g++ - skipped
-- Detecting CXX compile features
-- Detecting CXX compile features - done
[239/1044] Building C object esp-idf/lwip/CMakeFiles/__idf_lwip.dir/lwip/src/core/init.c.obj
[362/1044] Building CXX object esp-idf/cxx/CMakeFiles/__idf_cxx.dir/cxx_exception_stubs.cpp.obj
[240/1044] Linking C static library esp-idf/wpa_supplicant/libwpa_supplicant.a
[363/1044] Building C object esp-idf/pthread/CMakeFiles/__idf_pthread.dir/pthread.c.obj
[241/1044] Building C object esp-idf/lwip/CMakeFiles/__idf_lwip.dir/lwip/src/core/memp.c.obj
[363/1044] Building CXX object esp-idf/nvs_flash/CMakeFiles/__idf_nvs_flash.dir/src/nvs_partition_manager.cpp.obj
[242/1044] Building C object esp-idf/lwip/CMakeFiles/__idf_lwip.dir/lwip/src/core/mem.c.obj
[364/1044] Building C object esp-idf/pthread/CMakeFiles/__idf_pthread.dir/pthread_local_storage.c.obj
[365/1044] Building C object esp-idf/pthread/CMakeFiles/__idf_pthread.dir/pthread_rwlock.c.obj
[366/1044] Building C object esp-idf/newlib/CMakeFiles/__idf_newlib.dir/src/init.c.obj
[243/1044] Building C object esp-idf/lwip/CMakeFiles/__idf_lwip.dir/lwip/src/api/api_msg.c.obj
-- Building ESP-IDF components for target esp32s3
[244/1044] Building C object esp-idf/lwip/CMakeFiles/__idf_lwip.dir/lwip/src/core/ipv4/autoip.c.obj
[364/1044] Building C object esp-idf/pthread/CMakeFiles/__idf_pthread.dir/pthread_semaphore.c.obj
[367/1044] Building C object esp-idf/pthread/CMakeFiles/__idf_pthread.dir/pthread_cond_var.c.obj
[245/1044] Building C object esp-idf/lwip/CMakeFiles/__idf_lwip.dir/lwip/src/core/raw.c.obj
[365/1044] Building C object esp-idf/newlib/CMakeFiles/__idf_newlib.dir/src/init.c.obj
[366/1044] Building C object esp-idf/newlib/CMakeFiles/__idf_newlib.dir/src/abort.c.obj
-- USING O3
[368/1044] Building C object esp-idf/pthread/CMakeFiles/__idf_pthread.dir/pthread_semaphore.c.obj
[369/1044] Building C object esp-idf/newlib/CMakeFiles/__idf_newlib.dir/src/abort.c.obj
[370/1044] Building C object esp-idf/newlib/CMakeFiles/__idf_newlib.dir/src/poll.c.obj
[371/1044] Building C object esp-idf/pthread/CMakeFiles/__idf_pthread.dir/pthread.c.obj
[372/1044] Building C object esp-idf/newlib/CMakeFiles/__idf_newlib.dir/src/random.c.obj
[367/1044] Building C object esp-idf/pthread/CMakeFiles/__idf_pthread.dir/pthread_local_storage.c.obj
[368/1044] Building C object esp-idf/newlib/CMakeFiles/__idf_newlib.dir/src/heap.c.obj
[373/1044] Building C object esp-idf/newlib/CMakeFiles/__idf_newlib.dir/src/locks.c.obj
[246/1044] Building C object esp-idf/lwip/CMakeFiles/__idf_lwip.dir/lwip/src/core/timeouts.c.obj
[374/1044] Building C object esp-idf/newlib/CMakeFiles/__idf_newlib.dir/src/assert.c.obj
[369/1044] Building C object esp-idf/newlib/CMakeFiles/__idf_newlib.dir/src/assert.c.obj
[375/1044] Building C object esp-idf/newlib/CMakeFiles/__idf_newlib.dir/src/pthread.c.obj
[247/1044] Building C object esp-idf/lwip/CMakeFiles/__idf_lwip.dir/lwip/src/core/ipv4/ip4.c.obj
[370/1044] Building C object esp-idf/newlib/CMakeFiles/__idf_newlib.dir/src/poll.c.obj
-- Adding linker script /home/tikhon/Документы/magnolia/applets/mainline/tr/build/esp-idf/esp_system/ld/memory.ld
-- Adding linker script /home/tikhon/Документы/magnolia/applets/mainline/tr/build/esp-idf/esp_system/ld/sections.ld.in
[376/1044] Building C object esp-idf/newlib/CMakeFiles/__idf_newlib.dir/src/heap.c.obj
[377/1044] Building CXX object esp-idf/nvs_flash/CMakeFiles/__idf_nvs_flash.dir/src/nvs_handle_locked.cpp.obj
[378/1044] Building C object esp-idf/newlib/CMakeFiles/__idf_newlib.dir/src/termios.c.obj
[248/1044] Building C object esp-idf/lwip/CMakeFiles/__idf_lwip.dir/lwip/src/core/pbuf.c.obj
[379/1044] Building C object esp-idf/newlib/CMakeFiles/__idf_newlib.dir/src/getentropy.c.obj
-- Adding linker script /home/tikhon/Документы/magnolia/esp-idf/components/esp_rom/esp32s3/ld/esp32s3.rom.ld
-- Adding linker script /home/tikhon/Документы/magnolia/esp-idf/components/esp_rom/esp32s3/ld/esp32s3.rom.api.ld
-- Adding linker script /home/tikhon/Документы/magnolia/esp-idf/components/esp_rom/esp32s3/ld/esp32s3.rom.bt_funcs.ld
-- Adding linker script /home/tikhon/Документы/magnolia/esp-idf/components/esp_rom/esp32s3/ld/esp32s3.rom.libgcc.ld
-- Adding linker script /home/tikhon/Документы/magnolia/esp-idf/components/esp_rom/esp32s3/ld/esp32s3.rom.wdt.ld
-- Adding linker script /home/tikhon/Документы/magnolia/esp-idf/components/esp_rom/esp32s3/ld/esp32s3.rom.version.ld
-- Adding linker script /home/tikhon/Документы/magnolia/esp-idf/components/esp_rom/esp32s3/ld/esp32s3.rom.ble_master.ld
-- Adding linker script /home/tikhon/Документы/magnolia/esp-idf/components/esp_rom/esp32s3/ld/esp32s3.rom.ble_50.ld
-- Adding linker script /home/tikhon/Документы/magnolia/esp-idf/components/esp_rom/esp32s3/ld/esp32s3.rom.ble_smp.ld
-- Adding linker script /home/tikhon/Документы/magnolia/esp-idf/components/esp_rom/esp32s3/ld/esp32s3.rom.ble_dtm.ld
-- Adding linker script /home/tikhon/Документы/magnolia/esp-idf/components/esp_rom/esp32s3/ld/esp32s3.rom.ble_test.ld
-- Adding linker script /home/tikhon/Документы/magnolia/esp-idf/components/esp_rom/esp32s3/ld/esp32s3.rom.ble_scan.ld
-- Adding linker script /home/tikhon/Документы/magnolia/esp-idf/components/esp_rom/esp32s3/ld/esp32s3.rom.libc.ld
-- Adding linker script /home/tikhon/Документы/magnolia/esp-idf/components/esp_rom/esp32s3/ld/esp32s3.rom.newlib.ld
[371/1044] Building CXX object esp-idf/nvs_flash/CMakeFiles/__idf_nvs_flash.dir/src/nvs_partition_manager.cpp.obj
[249/1044] Building C object esp-idf/lwip/CMakeFiles/__idf_lwip.dir/lwip/src/core/ipv4/icmp.c.obj
[250/1044] Building C object esp-idf/lwip/CMakeFiles/__idf_lwip.dir/lwip/src/core/ipv4/ip4_napt.c.obj
[380/1044] Building C object esp-idf/newlib/CMakeFiles/__idf_newlib.dir/src/sysconf.c.obj
[372/1044] Building C object esp-idf/pthread/CMakeFiles/__idf_pthread.dir/pthread_rwlock.c.obj
[381/1044] Building CXX object esp-idf/nvs_flash/CMakeFiles/__idf_nvs_flash.dir/src/nvs_storage.cpp.obj
[382/1044] Building CXX object esp-idf/cxx/CMakeFiles/__idf_cxx.dir/cxx_guards.cpp.obj
[373/1044] Building C object esp-idf/newlib/CMakeFiles/__idf_newlib.dir/src/random.c.obj
[374/1044] Building C object esp-idf/newlib/CMakeFiles/__idf_newlib.dir/src/termios.c.obj
[383/1044] Building C object esp-idf/newlib/CMakeFiles/__idf_newlib.dir/src/scandir.c.obj
[251/1044] Building C object esp-idf/lwip/CMakeFiles/__idf_lwip.dir/lwip/src/core/ipv4/ip4_addr.c.obj
[384/1044] Building C object esp-idf/newlib/CMakeFiles/__idf_newlib.dir/src/reent_syscalls.c.obj
-- Adding linker script /home/tikhon/Документы/magnolia/esp-idf/components/soc/esp32s3/ld/esp32s3.peripherals.ld
-- Minimal build - OFF
[375/1044] Building CXX object esp-idf/nvs_flash/CMakeFiles/__idf_nvs_flash.dir/src/nvs_cxx_api.cpp.obj
-- ESP-TEE is currently supported only on the esp32c6;esp32h2;esp32c5 SoCs
[376/1044] Building C object esp-idf/newlib/CMakeFiles/__idf_newlib.dir/src/locks.c.obj
[385/1044] Building C object esp-idf/newlib/CMakeFiles/__idf_newlib.dir/src/realpath.c.obj
[377/1044] Building C object esp-idf/newlib/CMakeFiles/__idf_newlib.dir/src/pthread.c.obj
[252/1044] Building C object esp-idf/lwip/CMakeFiles/__idf_lwip.dir/lwip/src/core/ipv4/ip4_frag.c.obj
[378/1044] Building C object esp-idf/newlib/CMakeFiles/__idf_newlib.dir/src/getentropy.c.obj
[379/1044] Building CXX object esp-idf/nvs_flash/CMakeFiles/__idf_nvs_flash.dir/src/nvs_pagemanager.cpp.obj
[380/1044] Building CXX object esp-idf/nvs_flash/CMakeFiles/__idf_nvs_flash.dir/src/nvs_handle_simple.cpp.obj
[386/1044] Building C object esp-idf/newlib/CMakeFiles/__idf_newlib.dir/src/syscalls.c.obj
[381/1044] Building C object esp-idf/newlib/CMakeFiles/__idf_newlib.dir/src/sysconf.c.obj
[387/1044] Building C object esp-idf/newlib/CMakeFiles/__idf_newlib.dir/src/reent_init.c.obj
[253/1044] Building C object esp-idf/lwip/CMakeFiles/__idf_lwip.dir/lwip/src/core/ipv6/dhcp6.c.obj
[382/1044] Building C object esp-idf/newlib/CMakeFiles/__idf_newlib.dir/src/time.c.obj
[254/1044] Building C object esp-idf/lwip/CMakeFiles/__idf_lwip.dir/lwip/src/core/dns.c.obj
[388/1044] Building C object esp-idf/newlib/CMakeFiles/__idf_newlib.dir/src/port/esp_time_impl.c.obj
-- Building ESP-IDF components for target esp32s3
[383/1044] Building C object esp-idf/newlib/CMakeFiles/__idf_newlib.dir/src/realpath.c.obj
[389/1044] Building CXX object esp-idf/nvs_flash/CMakeFiles/__idf_nvs_flash.dir/src/nvs_types.cpp.obj
[390/1044] Building C object esp-idf/newlib/CMakeFiles/__idf_newlib.dir/src/flockfile.c.obj
[391/1044] Building C object esp-idf/freertos/CMakeFiles/__idf_freertos.dir/app_startup.c.obj
[384/1044] Building C object esp-idf/newlib/CMakeFiles/__idf_newlib.dir/src/reent_syscalls.c.obj
[385/1044] Building C object esp-idf/newlib/CMakeFiles/__idf_newlib.dir/src/flockfile.c.obj
[392/1044] Building C object esp-idf/newlib/CMakeFiles/__idf_newlib.dir/src/newlib_init.c.obj
[393/1044] Building C object esp-idf/newlib/CMakeFiles/__idf_newlib.dir/src/time.c.obj
[386/1044] Building C object esp-idf/newlib/CMakeFiles/__idf_newlib.dir/src/scandir.c.obj
[394/1044] Building C object esp-idf/freertos/CMakeFiles/__idf_freertos.dir/port_common.c.obj
[255/1044] Building C object esp-idf/lwip/CMakeFiles/__idf_lwip.dir/lwip/src/core/ipv4/igmp.c.obj
[387/1044] Building C object esp-idf/newlib/CMakeFiles/__idf_newlib.dir/src/syscalls.c.obj
[395/1044] Building C object esp-idf/newlib/CMakeFiles/__idf_newlib.dir/src/stdatomic.c.obj
[256/1044] Building C object esp-idf/lwip/CMakeFiles/__idf_lwip.dir/lwip/src/core/netif.c.obj
[388/1044] Building C object esp-idf/newlib/CMakeFiles/__idf_newlib.dir/src/stdatomic.c.obj
[389/1044] Building CXX object esp-idf/nvs_flash/CMakeFiles/__idf_nvs_flash.dir/src/nvs_item_hash_list.cpp.obj
[257/1044] Building C object esp-idf/lwip/CMakeFiles/__idf_lwip.dir/lwip/src/core/ipv6/inet6.c.obj
[396/1044] Building C object esp-idf/freertos/CMakeFiles/__idf_freertos.dir/port_systick.c.obj
[258/1044] Building C object esp-idf/lwip/CMakeFiles/__idf_lwip.dir/lwip/src/core/ipv6/ethip6.c.obj
[397/1044] Building CXX object esp-idf/nvs_flash/CMakeFiles/__idf_nvs_flash.dir/src/nvs_item_hash_list.cpp.obj
[259/1044] Building C object esp-idf/lwip/CMakeFiles/__idf_lwip.dir/lwip/src/core/ipv6/icmp6.c.obj
[398/1044] Building ASM object esp-idf/freertos/CMakeFiles/__idf_freertos.dir/FreeRTOS-Kernel/portable/xtensa/portasm.S.obj
[390/1044] Building C object esp-idf/newlib/CMakeFiles/__idf_newlib.dir/src/reent_init.c.obj
[399/1044] Building C object esp-idf/freertos/CMakeFiles/__idf_freertos.dir/FreeRTOS-Kernel/portable/xtensa/xtensa_init.c.obj
Executing action: elf
Running ninja in directory /home/tikhon/Документы/magnolia/applets/go/goargs/build
Executing "ninja elf"...
[0/2] Re-checking globbed directories...
[1/2] Re-running CMake...
-- Compiler supported targets: xtensa-esp-elf
[400/1044] Building C object esp-idf/freertos/CMakeFiles/__idf_freertos.dir/heap_idf.c.obj
[260/1044] Building C object esp-idf/lwip/CMakeFiles/__idf_lwip.dir/lwip/src/core/ipv6/ip6.c.obj
[391/1044] Building C object esp-idf/freertos/CMakeFiles/__idf_freertos.dir/port_common.c.obj
[392/1044] Building C object esp-idf/freertos/CMakeFiles/__idf_freertos.dir/port_systick.c.obj
-- Project sdkconfig file /home/tikhon/Документы/magnolia/applets/mainline/unlink/sdkconfig
[261/1044] Building C object esp-idf/lwip/CMakeFiles/__idf_lwip.dir/lwip/src/core/ipv4/etharp.c.obj
[393/1044] Building C object esp-idf/newlib/CMakeFiles/__idf_newlib.dir/src/port/esp_time_impl.c.obj
[394/1044] Building C object esp-idf/newlib/CMakeFiles/__idf_newlib.dir/src/newlib_init.c.obj
[262/1044] Building C object esp-idf/esp_netif/CMakeFiles/__idf_esp_netif.dir/lwip/esp_netif_lwip.c.obj
[263/1044] Building C object esp-idf/lwip/CMakeFiles/__idf_lwip.dir/lwip/src/core/ipv6/ip6_addr.c.obj
[264/1044] Building C object esp-idf/lwip/CMakeFiles/__idf_lwip.dir/lwip/src/core/udp.c.obj
[401/1044] Building C object esp-idf/freertos/CMakeFiles/__idf_freertos.dir/FreeRTOS-Kernel/list.c.obj
[402/1044] Building C object esp-idf/freertos/CMakeFiles/__idf_freertos.dir/FreeRTOS-Kernel/portable/xtensa/xtensa_overlay_os_hook.c.obj
[265/1044] Building C object esp-idf/lwip/CMakeFiles/__idf_lwip.dir/lwip/src/core/tcp_in.c.obj
[266/1044] Building C object esp-idf/lwip/CMakeFiles/__idf_lwip.dir/lwip/src/netif/bridgeif_fdb.c.obj
Executing action: all (aliases: build)
Running ninja in directory /home/tikhon/Документы/magnolia/applets/mainline/touch/build
Executing "ninja all"...
[1/18] Generating project_elf_src_esp32s3.c
[267/1044] Building C object esp-idf/lwip/CMakeFiles/__idf_lwip.dir/lwip/src/core/tcp.c.obj
[403/1044] Building C object esp-idf/esp_hw_support/CMakeFiles/__idf_esp_hw_support.dir/port/esp32s3/esp_cpu_intr.c.obj
[268/1044] Building C object esp-idf/lwip/CMakeFiles/__idf_lwip.dir/lwip/src/core/ipv6/mld6.c.obj
[395/1044] Building C object esp-idf/freertos/CMakeFiles/__idf_freertos.dir/heap_idf.c.obj
[404/1044] Building C object esp-idf/freertos/CMakeFiles/__idf_freertos.dir/FreeRTOS-Kernel/stream_buffer.c.obj
[396/1044] Building ASM object esp-idf/freertos/CMakeFiles/__idf_freertos.dir/FreeRTOS-Kernel/portable/xtensa/portasm.S.obj
[269/1044] Building C object esp-idf/lwip/CMakeFiles/__idf_lwip.dir/lwip/src/netif/ppp/auth.c.obj
[405/1044] Building C object esp-idf/freertos/CMakeFiles/__idf_freertos.dir/esp_additions/idf_additions_event_groups.c.obj
[406/1044] Building C object esp-idf/esp_hw_support/CMakeFiles/__idf_esp_hw_support.dir/port/esp32s3/cpu_region_protect.c.obj
[270/1044] Building C object esp-idf/lwip/CMakeFiles/__idf_lwip.dir/lwip/src/netif/ppp/ccp.c.obj
[407/1044] Building CXX object esp-idf/nvs_flash/CMakeFiles/__idf_nvs_flash.dir/src/nvs_handle_simple.cpp.obj
[271/1044] Building C object esp-idf/lwip/CMakeFiles/__idf_lwip.dir/lwip/src/core/ipv6/ip6_frag.c.obj
[397/1044] Building C object esp-idf/freertos/CMakeFiles/__idf_freertos.dir/FreeRTOS-Kernel/list.c.obj
[408/1044] Building C object esp-idf/esp_hw_support/CMakeFiles/__idf_esp_hw_support.dir/esp_memory_utils.c.obj
[398/1044] Building CXX object esp-idf/cxx/CMakeFiles/__idf_cxx.dir/cxx_guards.cpp.obj
[409/1044] Building C object esp-idf/esp_hw_support/CMakeFiles/__idf_esp_hw_support.dir/cpu.c.obj
[272/1044] Building C object esp-idf/lwip/CMakeFiles/__idf_lwip.dir/lwip/src/core/tcp_out.c.obj
[399/1044] Building C object esp-idf/esp_driver_uart/CMakeFiles/__idf_esp_driver_uart.dir/src/uart.c.obj
[410/1044] Building C object esp-idf/freertos/CMakeFiles/__idf_freertos.dir/FreeRTOS-Kernel/portable/xtensa/port.c.obj
[273/1044] Building C object esp-idf/lwip/CMakeFiles/__idf_lwip.dir/lwip/src/netif/ethernet.c.obj
[400/1044] Building C object esp-idf/freertos/CMakeFiles/__idf_freertos.dir/FreeRTOS-Kernel/portable/xtensa/xtensa_init.c.obj
[274/1044] Building C object esp-idf/lwip/CMakeFiles/__idf_lwip.dir/lwip/src/netif/ppp/chap_ms.c.obj
[401/1044] Building C object esp-idf/freertos/CMakeFiles/__idf_freertos.dir/app_startup.c.obj
[411/1044] Building C object esp-idf/freertos/CMakeFiles/__idf_freertos.dir/FreeRTOS-Kernel/timers.c.obj
[275/1044] Building C object esp-idf/lwip/CMakeFiles/__idf_lwip.dir/lwip/src/netif/ppp/chap-md5.c.obj
[412/1044] Building C object esp-idf/esp_hw_support/CMakeFiles/__idf_esp_hw_support.dir/revision.c.obj
[413/1044] Building C object esp-idf/esp_hw_support/CMakeFiles/__idf_esp_hw_support.dir/hw_random.c.obj
[414/1044] Building C object esp-idf/freertos/CMakeFiles/__idf_freertos.dir/esp_additions/idf_additions.c.obj
[276/1044] Building C object esp-idf/lwip/CMakeFiles/__idf_lwip.dir/lwip/src/netif/bridgeif.c.obj
[415/1044] Building C object esp-idf/freertos/CMakeFiles/__idf_freertos.dir/FreeRTOS-Kernel/event_groups.c.obj
[2/18] Building C object esp-idf/main/CMakeFiles/__idf_main.dir/main.c.obj
FAILED: esp-idf/main/CMakeFiles/__idf_main.dir/main.c.obj 
/home/tikhon/.espressif/tools/xtensa-esp-elf/esp-15.1.0_20250607/xtensa-esp-elf/bin/xtensa-esp32s3-elf-gcc -DESP_PLATFORM -DIDF_VER=\"v6.0-dev-1833-g758939caec-dirty\" -DMBEDTLS_CONFIG_FILE=\"mbedtls/esp_config.h\" -DSOC_MMU_PAGE_SIZE=CONFIG_MMU_PAGE_SIZE -DSOC_XTAL_FREQ_MHZ=CONFIG_XTAL_FREQ -DUNITY_INCLUDE_CONFIG_H -D_GLIBCXX_HAVE_POSIX_SEMAPHORE -D_GLIBCXX_USE_POSIX_SEMAPHORE -D_GNU_SOURCE -D_POSIX_READER_WRITER_LOCKS -I/home/tikhon/Документы/magnolia/applets/mainline/touch/build/config -I/home/tikhon/Документы/magnolia/esp-idf/components/newlib/platform_include -I/home/tikhon/Документы/magnolia/esp-idf/components/freertos/config/include -I/home/tikhon/Документы/magnolia/esp-idf/components/freertos/config/include/freertos -I/home/tikhon/Документы/magnolia/esp-idf/components/freertos/config/xtensa/include -I/home/tikhon/Документы/magnolia/esp-idf/components/freertos/FreeRTOS-Kernel/include -I/home/tikhon/Документы/magnolia/esp-idf/components/freertos/FreeRTOS-Kernel/portable/xtensa/include -I/home/tikhon/Документы/magnolia/esp-idf/components/freertos/FreeRTOS-Kernel/portable/xtensa/include/freertos -I/home/tikhon/Документы/magnolia/esp-idf/components/freertos/esp_additions/include -I/home/tikhon/Документы/magnolia/esp-idf/components/esp_hw_support/include -I/home/tikhon/Документы/magnolia/esp-idf/components/esp_hw_support/include/soc -I/home/tikhon/Документы/magnolia/esp-idf/components/esp_hw_support/dma/include -I/home/tikhon/Документы/magnolia/esp-idf/components/esp_hw_support/ldo/include -I/home/tikhon/Документы/magnolia/esp-idf/components/esp_hw_support/debug_probe/include -I/home/tikhon/Документы/magnolia/esp-idf/components/esp_hw_support/mspi_timing_tuning/include -I/home/tikhon/Документы/magnolia/esp-idf/components/esp_hw_support/mspi_timing_tuning/tuning_scheme_impl/include -I/home/tikhon/Документы/magnolia/esp-idf/components/esp_hw_support/power_supply/include -I/home/tikhon/Документы/magnolia/esp-idf/components/esp_hw_support/include/soc/esp32s3 -I/home/tikhon/Документы/magnolia/esp-idf/components/esp_hw_support/port/esp32s3/. -I/home/tikhon/Документы/magnolia/esp-idf/components/esp_hw_support/port/esp32s3/include -I/home/tikhon/Документы/magnolia/esp-idf/components/esp_hw_support/mspi_timing_tuning/port/esp32s3/. -I/home/tikhon/Документы/magnolia/esp-idf/components/esp_hw_support/mspi_timing_tuning/port/esp32s3/include -I/home/tikhon/Документы/magnolia/esp-idf/components/heap/include -I/home/tikhon/Документы/magnolia/esp-idf/components/heap/tlsf -I/home/tikhon/Документы/magnolia/esp-idf/components/log/include -I/home/tikhon/Документы/magnolia/esp-idf/components/soc/include -I/home/tikhon/Документы/magnolia/esp-idf/components/soc/esp32s3 -I/home/tikhon/Документы/magnolia/esp-idf/components/soc/esp32s3/include -I/home/tikhon/Документы/magnolia/esp-idf/components/soc/esp32s3/register -I/home/tikhon/Документы/magnolia/esp-idf/components/hal/platform_port/include -I/home/tikhon/Документы/magnolia/esp-idf/components/hal/esp32s3/include -I/home/tikhon/Документы/magnolia/esp-idf/components/hal/include -I/home/tikhon/Документы/magnolia/esp-idf/components/esp_rom/include -I/home/tikhon/Документы/magnolia/esp-idf/components/esp_rom/esp32s3/include -I/home/tikhon/Документы/magnolia/esp-idf/components/esp_rom/esp32s3/include/esp32s3 -I/home/tikhon/Документы/magnolia/esp-idf/components/esp_rom/esp32s3 -I/home/tikhon/Документы/magnolia/esp-idf/components/esp_common/include -I/home/tikhon/Документы/magnolia/esp-idf/components/esp_system/include -I/home/tikhon/Документы/magnolia/esp-idf/components/esp_system/port/soc -I/home/tikhon/Документы/magnolia/esp-idf/components/esp_system/port/include/private -I/home/tikhon/Документы/magnolia/esp-idf/components/xtensa/esp32s3/include -I/home/tikhon/Документы/magnolia/esp-idf/components/xtensa/include -I/home/tikhon/Документы/magnolia/esp-idf/components/xtensa/deprecated_include -I/home/tikhon/Документы/magnolia/esp-idf/components/lwip/include -I/home/tikhon/Документы/magnolia/esp-idf/components/lwip/include/apps -I/home/tikhon/Документы/magnolia/esp-idf/components/lwip/include/apps/sntp -I/home/tikhon/Документы/magnolia/esp-idf/components/lwip/lwip/src/include -I/home/tikhon/Документы/magnolia/esp-idf/components/lwip/port/include -I/home/tikhon/Документы/magnolia/esp-idf/components/lwip/port/freertos/include -I/home/tikhon/Документы/magnolia/esp-idf/components/lwip/port/esp32xx/include -I/home/tikhon/Документы/magnolia/esp-idf/components/lwip/port/esp32xx/include/arch -I/home/tikhon/Документы/magnolia/esp-idf/components/lwip/port/esp32xx/include/sys -I/home/tikhon/Документы/magnolia/esp-idf/components/esp_app_format/include -I/home/tikhon/Документы/magnolia/esp-idf/components/esp_bootloader_format/include -I/home/tikhon/Документы/magnolia/esp-idf/components/app_update/include -I/home/tikhon/Документы/magnolia/esp-idf/components/bootloader_support/include -I/home/tikhon/Документы/magnolia/esp-idf/components/bootloader_support/bootloader_flash/include -I/home/tikhon/Документы/magnolia/esp-idf/components/esp_partition/include -I/home/tikhon/Документы/magnolia/esp-idf/components/efuse/include -I/home/tikhon/Документы/magnolia/esp-idf/components/efuse/esp32s3/include -I/home/tikhon/Документы/magnolia/esp-idf/components/esp_security/include -I/home/tikhon/Документы/magnolia/esp-idf/components/esp_driver_gpio/include -I/home/tikhon/Документы/magnolia/esp-idf/components/esp_pm/include -I/home/tikhon/Документы/magnolia/esp-idf/components/mbedtls/port/include -I/home/tikhon/Документы/magnolia/esp-idf/components/mbedtls/mbedtls/include -I/home/tikhon/Документы/magnolia/esp-idf/components/mbedtls/mbedtls/library -I/home/tikhon/Документы/magnolia/esp-idf/components/mbedtls/esp_crt_bundle/include -I/home/tikhon/Документы/magnolia/esp-idf/components/mbedtls/mbedtls/3rdparty/everest/include -I/home/tikhon/Документы/magnolia/esp-idf/components/mbedtls/mbedtls/3rdparty/p256-m -I/home/tikhon/Документы/magnolia/esp-idf/components/mbedtls/mbedtls/3rdparty/p256-m/p256-m -I/home/tikhon/Документы/magnolia/esp-idf/components/esp_mm/include -I/home/tikhon/Документы/magnolia/esp-idf/components/spi_flash/include -I/home/tikhon/Документы/magnolia/esp-idf/components/pthread/include -I/home/tikhon/Документы/magnolia/esp-idf/components/esp_timer/include -I/home/tikhon/Документы/magnolia/esp-idf/components/esp_driver_gptimer/include -I/home/tikhon/Документы/magnolia/esp-idf/components/esp_ringbuf/include -I/home/tikhon/Документы/magnolia/esp-idf/components/esp_driver_uart/include -I/home/tikhon/Документы/magnolia/esp-idf/components/vfs/include -I/home/tikhon/Документы/magnolia/esp-idf/components/app_trace/include -I/home/tikhon/Документы/magnolia/esp-idf/components/esp_event/include -I/home/tikhon/Документы/magnolia/esp-idf/components/nvs_flash/include -I/home/tikhon/Документы/magnolia/esp-idf/components/esp_phy/include -I/home/tikhon/Документы/magnolia/esp-idf/components/esp_phy/esp32s3/include -I/home/tikhon/Документы/magnolia/esp-idf/components/esp_driver_usb_serial_jtag/include -I/home/tikhon/Документы/magnolia/esp-idf/components/esp_vfs_console/include -I/home/tikhon/Документы/magnolia/esp-idf/components/esp_netif/include -I/home/tikhon/Документы/magnolia/esp-idf/components/wpa_supplicant/include -I/home/tikhon/Документы/magnolia/esp-idf/components/wpa_supplicant/port/include -I/home/tikhon/Документы/magnolia/esp-idf/components/wpa_supplicant/esp_supplicant/include -I/home/tikhon/Документы/magnolia/esp-idf/components/esp_coex/include -I/home/tikhon/Документы/magnolia/esp-idf/components/esp_wifi/include -I/home/tikhon/Документы/magnolia/esp-idf/components/esp_wifi/include/local -I/home/tikhon/Документы/magnolia/esp-idf/components/esp_wifi/wifi_apps/include -I/home/tikhon/Документы/magnolia/esp-idf/components/esp_wifi/wifi_apps/nan_app/include -I/home/tikhon/Документы/magnolia/esp-idf/components/esp_driver_spi/include -I/home/tikhon/Документы/magnolia/esp-idf/components/esp_gdbstub/include -I/home/tikhon/Документы/magnolia/esp-idf/components/unity/include -I/home/tikhon/Документы/magnolia/esp-idf/components/unity/unity/src -I/home/tikhon/Документы/magnolia/esp-idf/components/cmock/CMock/src -I/home/tikhon/Документы/magnolia/esp-idf/components/console -I/home/tikhon/Документы/magnolia/esp-idf/components/esp_driver_pcnt/include -I/home/tikhon/Документы/magnolia/esp-idf/components/esp_driver_mcpwm/include -I/home/tikhon/Документы/magnolia/esp-idf/components/esp_driver_ana_cmpr/include -I/home/tikhon/Документы/magnolia/esp-idf/components/esp_driver_i2s/include -I/home/tikhon/Документы/magnolia/esp-idf/components/sdmmc/include -I/home/tikhon/Документы/magnolia/esp-idf/components/esp_driver_sd_intf/include -I/home/tikhon/Документы/magnolia/esp-idf/components/esp_driver_sdmmc/include -I/home/tikhon/Документы/magnolia/esp-idf/components/esp_driver_sdmmc/legacy/include -I/home/tikhon/Документы/magnolia/esp-idf/components/esp_driver_sdspi/include -I/home/tikhon/Документы/magnolia/esp-idf/components/esp_driver_sdio/include -I/home/tikhon/Документы/magnolia/esp-idf/components/esp_driver_dac/include -I/home/tikhon/Документы/magnolia/esp-idf/components/esp_driver_bitscrambler/include -I/home/tikhon/Документы/magnolia/esp-idf/components/esp_driver_rmt/include -I/home/tikhon/Документы/magnolia/esp-idf/components/esp_driver_tsens/include -I/home/tikhon/Документы/magnolia/esp-idf/components/esp_driver_sdm/include -I/home/tikhon/Документы/magnolia/esp-idf/components/esp_driver_i2c/include -I/home/tikhon/Документы/magnolia/esp-idf/components/esp_driver_ledc/include -I/home/tikhon/Документы/magnolia/esp-idf/components/esp_driver_parlio/include -I/home/tikhon/Документы/magnolia/esp-idf/components/esp_driver_twai/include -I/home/tikhon/Документы/magnolia/esp-idf/components/driver/deprecated -I/home/tikhon/Документы/magnolia/esp-idf/components/driver/i2c/include -I/home/tikhon/Документы/magnolia/esp-idf/components/driver/touch_sensor/include -I/home/tikhon/Документы/magnolia/esp-idf/components/driver/twai/include -I/home/tikhon/Документы/magnolia/esp-idf/components/driver/touch_sensor/esp32s3/include -I/home/tikhon/Документы/magnolia/esp-idf/components/http_parser -I/home/tikhon/Документы/magnolia/esp-idf/components/esp-tls -I/home/tikhon/Документы/magnolia/esp-idf/components/esp-tls/esp-tls-crypto -I/home/tikhon/Документы/magnolia/esp-idf/components/esp_adc/include -I/home/tikhon/Документы/magnolia/esp-idf/components/esp_adc/interface -I/home/tikhon/Документы/magnolia/esp-idf/components/esp_adc/esp32s3/include -I/home/tikhon/Документы/magnolia/esp-idf/components/esp_driver_isp/include -I/home/tikhon/Документы/magnolia/esp-idf/components/esp_driver_cam/include -I/home/tikhon/Документы/magnolia/esp-idf/components/esp_driver_cam/interface -I/home/tikhon/Документы/magnolia/esp-idf/components/esp_driver_cam/dvp/include -I/home/tikhon/Документы/magnolia/esp-idf/components/esp_driver_i3c/include -I/home/tikhon/Документы/magnolia/esp-idf/components/esp_psram/include -I/home/tikhon/Документы/magnolia/esp-idf/components/esp_psram/xip_impl/include -I/home/tikhon/Документы/magnolia/esp-idf/components/esp_driver_jpeg/include -I/home/tikhon/Документы/magnolia/esp-idf/components/esp_driver_ppa/include -I/home/tikhon/Документы/magnolia/esp-idf/components/esp_driver_touch_sens/include -I/home/tikhon/Документы/magnolia/esp-idf/components/esp_driver_touch_sens/hw_ver2/include -I/home/tikhon/Документы/magnolia/esp-idf/components/esp_eth/include -I/home/tikhon/Документы/magnolia/esp-idf/components/esp_hid/include -I/home/tikhon/Документы/magnolia/esp-idf/components/tcp_transport/include -I/home/tikhon/Документы/magnolia/esp-idf/components/esp_http_client/include -I/home/tikhon/Документы/magnolia/esp-idf/components/esp_http_server/include -I/home/tikhon/Документы/magnolia/esp-idf/components/esp_https_ota/include -I/home/tikhon/Документы/magnolia/esp-idf/components/esp_https_server/include -I/home/tikhon/Документы/magnolia/esp-idf/components/esp_lcd/include -I/home/tikhon/Документы/magnolia/esp-idf/components/esp_lcd/interface -I/home/tikhon/Документы/magnolia/esp-idf/components/esp_lcd/rgb/include -I/home/tikhon/Документы/magnolia/esp-idf/components/protobuf-c/protobuf-c -I/home/tikhon/Документы/magnolia/esp-idf/components/protocomm/include/common -I/home/tikhon/Документы/magnolia/esp-idf/components/protocomm/include/security -I/home/tikhon/Документы/magnolia/esp-idf/components/protocomm/include/transports -I/home/tikhon/Документы/magnolia/esp-idf/components/protocomm/include/crypto/srp6a -I/home/tikhon/Документы/magnolia/esp-idf/components/protocomm/proto-c -I/home/tikhon/Документы/magnolia/esp-idf/components/esp_local_ctrl/include -I/home/tikhon/Документы/magnolia/esp-idf/components/espcoredump/include -I/home/tikhon/Документы/magnolia/esp-idf/components/espcoredump/include/port/xtensa -I/home/tikhon/Документы/magnolia/esp-idf/components/wear_levelling/include -I/home/tikhon/Документы/magnolia/esp-idf/components/fatfs/diskio -I/home/tikhon/Документы/magnolia/esp-idf/components/fatfs/src -I/home/tikhon/Документы/magnolia/esp-idf/components/fatfs/vfs -I/home/tikhon/Документы/magnolia/esp-idf/components/idf_test/include -I/home/tikhon/Документы/magnolia/esp-idf/components/idf_test/include/esp32s3 -I/home/tikhon/Документы/magnolia/esp-idf/components/ieee802154/include -I/home/tikhon/Документы/magnolia/esp-idf/components/json/cJSON -I/home/tikhon/Документы/magnolia/esp-idf/components/mqtt/esp-mqtt/include -I/home/tikhon/Документы/magnolia/esp-idf/components/nvs_sec_provider/include -I/home/tikhon/Документы/magnolia/esp-idf/components/perfmon/include -I/home/tikhon/Документы/magnolia/esp-idf/components/rt/include -I/home/tikhon/Документы/magnolia/esp-idf/components/spiffs/include -I/home/tikhon/Документы/magnolia/esp-idf/components/touch_element/include -I/home/tikhon/Документы/magnolia/esp-idf/components/usb/include -I/home/tikhon/Документы/magnolia/esp-idf/components/wifi_provisioning/include -mlongcalls -fno-builtin-memcpy -fno-builtin-memset -fno-builtin-bzero  -fdiagnostics-color=always -ffunction-sections -fdata-sections -Wall -Werror=all -Wno-error=unused-function -Wno-error=unused-variable -Wno-error=unused-but-set-variable -Wno-error=deprecated-declarations -Wextra -Wno-error=extra -Wno-unused-parameter -Wno-sign-compare -Wno-enum-conversion -gdwarf-4 -ggdb -Og -fno-shrink-wrap -fmacro-prefix-map=/home/tikhon/Документы/magnolia/applets/mainline/touch=. -fmacro-prefix-map=/home/tikhon/Документы/magnolia/esp-idf=/IDF -fstrict-volatile-bitfields -fno-jump-tables -fno-tree-switch-conversion -nostartfiles -nostdlib -fPIC -shared -e app_main -Wl,--gc-sections -fvisibility=hidden -Wl,--strip-all -Wl,--strip-debug -Wl,--strip-discarded -Dmain=app_main -std=gnu17 -Wno-old-style-declaration -fzero-init-padding-bits=all -fno-malloc-dce -MD -MT esp-idf/main/CMakeFiles/__idf_main.dir/main.c.obj -MF esp-idf/main/CMakeFiles/__idf_main.dir/main.c.obj.d -o esp-idf/main/CMakeFiles/__idf_main.dir/main.c.obj -c '/home/tikhon/Документы/magnolia/applets/mainline/touch/main/main.c'
/home/tikhon/Документы/magnolia/applets/mainline/touch/main/main.c: In function 'stat_path':
/home/tikhon/Документы/magnolia/applets/mainline/touch/main/main.c:307:16: error: implicit declaration of function 'lstat'; did you mean 'stat'? [-Wimplicit-function-declaration]
  307 |         return lstat(path, st);
      |                ^~~~~
      |                stat
[277/1044] Building C object esp-idf/lwip/CMakeFiles/__idf_lwip.dir/lwip/src/core/ipv4/dhcp.c.obj
[402/1044] Building C object esp-idf/freertos/CMakeFiles/__idf_freertos.dir/FreeRTOS-Kernel/portable/xtensa/xtensa_overlay_os_hook.c.obj
[403/1044] Building CXX object esp-idf/nvs_flash/CMakeFiles/__idf_nvs_flash.dir/src/nvs_handle_locked.cpp.obj
[278/1044] Building C object esp-idf/lwip/CMakeFiles/__idf_lwip.dir/lwip/src/netif/ppp/chap-new.c.obj
[279/1044] Building C object esp-idf/lwip/CMakeFiles/__idf_lwip.dir/lwip/src/netif/ppp/demand.c.obj
[416/1044] Building C object esp-idf/esp_hw_support/CMakeFiles/__idf_esp_hw_support.dir/esp_gpio_reserve.c.obj
[280/1044] Building C object esp-idf/lwip/CMakeFiles/__idf_lwip.dir/lwip/src/netif/ppp/eui64.c.obj
[281/1044] Building C object esp-idf/lwip/CMakeFiles/__idf_lwip.dir/lwip/src/netif/ppp/ipv6cp.c.obj
[404/1044] Building C object esp-idf/freertos/CMakeFiles/__idf_freertos.dir/FreeRTOS-Kernel/event_groups.c.obj
[282/1044] Building C object esp-idf/lwip/CMakeFiles/__idf_lwip.dir/lwip/src/netif/ppp/eap.c.obj
[405/1044] Building C object esp-idf/esp_hw_support/CMakeFiles/__idf_esp_hw_support.dir/esp_memory_utils.c.obj
[406/1044] Building C object esp-idf/esp_hw_support/CMakeFiles/__idf_esp_hw_support.dir/port/esp32s3/esp_cpu_intr.c.obj
[283/1044] Building C object esp-idf/lwip/CMakeFiles/__idf_lwip.dir/lwip/src/netif/ppp/ipcp.c.obj
[417/1044] Building CXX object esp-idf/nvs_flash/CMakeFiles/__idf_nvs_flash.dir/src/nvs_page.cpp.obj
[407/1044] Building C object esp-idf/freertos/CMakeFiles/__idf_freertos.dir/esp_additions/idf_additions_event_groups.c.obj
[284/1044] Building C object esp-idf/lwip/CMakeFiles/__idf_lwip.dir/lwip/src/netif/ppp/fsm.c.obj
[418/1044] Building C object esp-idf/esp_hw_support/CMakeFiles/__idf_esp_hw_support.dir/clk_ctrl_os.c.obj
[3/18] Generating ../../partition_table/partition-table.bin
Partition table binary generated. Contents:
*******************************************************************************
# ESP-IDF Partition Table
# Name, Type, SubType, Offset, Size, Flags
nvs,data,nvs,0x9000,24K,
phy_init,data,phy,0xf000,4K,
factory,app,factory,0x10000,1M,
*******************************************************************************
ninja: build stopped: subcommand failed.
[285/1044] Building C object esp-idf/lwip/CMakeFiles/__idf_lwip.dir/lwip/src/netif/ppp/magic.c.obj
[286/1044] Building C object esp-idf/lwip/CMakeFiles/__idf_lwip.dir/lwip/src/netif/ppp/multilink.c.obj
[408/1044] Building CXX object esp-idf/nvs_flash/CMakeFiles/__idf_nvs_flash.dir/src/nvs_types.cpp.obj
[419/1044] Building C object esp-idf/esp_hw_support/CMakeFiles/__idf_esp_hw_support.dir/mac_addr.c.obj
[287/1044] Building C object esp-idf/lwip/CMakeFiles/__idf_lwip.dir/lwip/src/netif/ppp/ecp.c.obj
[420/1044] Building C object esp-idf/esp_hw_support/CMakeFiles/__idf_esp_hw_support.dir/periph_ctrl.c.obj
[288/1044] Building C object esp-idf/lwip/CMakeFiles/__idf_lwip.dir/lwip/src/netif/slipif.c.obj
[409/1044] Building C object esp-idf/freertos/CMakeFiles/__idf_freertos.dir/FreeRTOS-Kernel/timers.c.obj
[421/1044] Building CXX object esp-idf/nvs_flash/CMakeFiles/__idf_nvs_flash.dir/src/nvs_pagemanager.cpp.obj
[410/1044] Building C object esp-idf/freertos/CMakeFiles/__idf_freertos.dir/esp_additions/idf_additions.c.obj
[422/1044] Building C object esp-idf/esp_hw_support/CMakeFiles/__idf_esp_hw_support.dir/esp_clk.c.obj
[411/1044] Building C object esp-idf/esp_hw_support/CMakeFiles/__idf_esp_hw_support.dir/port/esp32s3/cpu_region_protect.c.obj
[289/1044] Building C object esp-idf/lwip/CMakeFiles/__idf_lwip.dir/lwip/src/netif/ppp/lcp.c.obj
[412/1044] Building C object esp-idf/freertos/CMakeFiles/__idf_freertos.dir/FreeRTOS-Kernel/portable/xtensa/port.c.obj
[413/1044] Building C object esp-idf/esp_hw_support/CMakeFiles/__idf_esp_hw_support.dir/hw_random.c.obj
[414/1044] Building C object esp-idf/esp_hw_support/CMakeFiles/__idf_esp_hw_support.dir/cpu.c.obj
[423/1044] Building CXX object esp-idf/nvs_flash/CMakeFiles/__idf_nvs_flash.dir/src/nvs_cxx_api.cpp.obj
[415/1044] Building C object esp-idf/esp_hw_support/CMakeFiles/__idf_esp_hw_support.dir/revision.c.obj
[290/1044] Building C object esp-idf/lwip/CMakeFiles/__idf_lwip.dir/lwip/src/netif/ppp/pppapi.c.obj
[291/1044] Building C object esp-idf/lwip/CMakeFiles/__idf_lwip.dir/port/hooks/tcp_isn_default.c.obj
[292/1044] Building C object esp-idf/lwip/CMakeFiles/__idf_lwip.dir/lwip/src/netif/ppp/vj.c.obj
[416/1044] Building C object esp-idf/esp_hw_support/CMakeFiles/__idf_esp_hw_support.dir/esp_gpio_reserve.c.obj
[424/1044] Building C object esp-idf/freertos/CMakeFiles/__idf_freertos.dir/FreeRTOS-Kernel/queue.c.obj
[417/1044] Building C object esp-idf/freertos/CMakeFiles/__idf_freertos.dir/FreeRTOS-Kernel/stream_buffer.c.obj
[425/1044] Building C object esp-idf/esp_hw_support/CMakeFiles/__idf_esp_hw_support.dir/port/esp32s3/esp_clk_tree.c.obj
[293/1044] Building C object esp-idf/lwip/CMakeFiles/__idf_lwip.dir/lwip/src/netif/ppp/mppe.c.obj
[426/1044] Building C object esp-idf/esp_hw_support/CMakeFiles/__idf_esp_hw_support.dir/intr_alloc.c.obj
[427/1044] Building C object esp-idf/esp_hw_support/CMakeFiles/__idf_esp_hw_support.dir/port/esp32s3/io_mux.c.obj
[294/1044] Building C object esp-idf/lwip/CMakeFiles/__idf_lwip.dir/lwip/src/netif/ppp/pppoe.c.obj
[295/1044] Building C object esp-idf/lwip/CMakeFiles/__idf_lwip.dir/lwip/src/netif/ppp/pppol2tp.c.obj
[418/1044] Building C object esp-idf/esp_hw_support/CMakeFiles/__idf_esp_hw_support.dir/clk_ctrl_os.c.obj
[296/1044] Building C object esp-idf/lwip/CMakeFiles/__idf_lwip.dir/lwip/src/netif/ppp/pppcrypt.c.obj
[419/1044] Building C object esp-idf/esp_hw_support/CMakeFiles/__idf_esp_hw_support.dir/regi2c_ctrl.c.obj
[428/1044] Building C object esp-idf/esp_hw_support/CMakeFiles/__idf_esp_hw_support.dir/port/esp_clk_tree_common.c.obj
[420/1044] Building C object esp-idf/esp_hw_support/CMakeFiles/__idf_esp_hw_support.dir/esp_clk.c.obj
[297/1044] Building C object esp-idf/lwip/CMakeFiles/__idf_lwip.dir/lwip/src/netif/ppp/ppp.c.obj
[298/1044] Building C object esp-idf/lwip/CMakeFiles/__idf_lwip.dir/lwip/src/netif/ppp/pppos.c.obj
[429/1044] Building C object esp-idf/esp_hw_support/CMakeFiles/__idf_esp_hw_support.dir/rtc_module.c.obj
[430/1044] Building C object esp-idf/esp_hw_support/CMakeFiles/__idf_esp_hw_support.dir/sleep_usb.c.obj
[431/1044] Building C object esp-idf/esp_hw_support/CMakeFiles/__idf_esp_hw_support.dir/regi2c_ctrl.c.obj
[299/1044] Building C object esp-idf/lwip/CMakeFiles/__idf_lwip.dir/lwip/src/netif/ppp/utils.c.obj
[432/1044] Building C object esp-idf/esp_hw_support/CMakeFiles/__idf_esp_hw_support.dir/dma/esp_dma_utils.c.obj
[300/1044] Building C object esp-idf/lwip/CMakeFiles/__idf_lwip.dir/lwip/src/netif/ppp/upap.c.obj
[421/1044] Building C object esp-idf/esp_hw_support/CMakeFiles/__idf_esp_hw_support.dir/port/esp32s3/io_mux.c.obj
[422/1044] Building C object esp-idf/esp_hw_support/CMakeFiles/__idf_esp_hw_support.dir/intr_alloc.c.obj
[433/1044] Building C object esp-idf/esp_hw_support/CMakeFiles/__idf_esp_hw_support.dir/clk_utils.c.obj
[301/1044] Building C object esp-idf/lwip/CMakeFiles/__idf_lwip.dir/port/esp32xx/vfs_lwip.c.obj
[302/1044] Building C object esp-idf/lwip/CMakeFiles/__idf_lwip.dir/lwip/src/netif/ppp/polarssl/des.c.obj
[423/1044] Building C object esp-idf/esp_hw_support/CMakeFiles/__idf_esp_hw_support.dir/port/esp32s3/esp_clk_tree.c.obj
[434/1044] Building CXX object esp-idf/nvs_flash/CMakeFiles/__idf_nvs_flash.dir/src/nvs_encrypted_partition.cpp.obj
[303/1044] Building C object esp-idf/lwip/CMakeFiles/__idf_lwip.dir/port/if_index.c.obj
[435/1044] Building C object esp-idf/esp_hw_support/CMakeFiles/__idf_esp_hw_support.dir/dma/esp_async_memcpy.c.obj
[436/1044] Building C object esp-idf/esp_hw_support/CMakeFiles/__idf_esp_hw_support.dir/sleep_console.c.obj
[437/1044] Building C object esp-idf/esp_hw_support/CMakeFiles/__idf_esp_hw_support.dir/sar_tsens_ctrl.c.obj
[304/1044] Building C object esp-idf/lwip/CMakeFiles/__idf_lwip.dir/lwip/src/netif/ppp/polarssl/sha1.c.obj
[424/1044] Building C object esp-idf/freertos/CMakeFiles/__idf_freertos.dir/FreeRTOS-Kernel/queue.c.obj
-- ESP-TEE is currently supported only on the esp32c6;esp32h2;esp32c5 SoCs
[438/1044] Building C object esp-idf/esp_hw_support/CMakeFiles/__idf_esp_hw_support.dir/sleep_modem.c.obj
[305/1044] Linking C static library esp-idf/esp_netif/libesp_netif.a
[425/1044] Building C object esp-idf/esp_hw_support/CMakeFiles/__idf_esp_hw_support.dir/mac_addr.c.obj
[439/1044] Building C object esp-idf/esp_hw_support/CMakeFiles/__idf_esp_hw_support.dir/port/esp32s3/systimer.c.obj
[426/1044] Building C object esp-idf/esp_hw_support/CMakeFiles/__idf_esp_hw_support.dir/dma/gdma_link.c.obj
-- App "uname" version: c092b7f-dirty
[306/1044] Building C object esp-idf/lwip/CMakeFiles/__idf_lwip.dir/port/sockets_ext.c.obj
[307/1044] Building C object esp-idf/lwip/CMakeFiles/__idf_lwip.dir/port/hooks/lwip_default_hooks.c.obj
[427/1044] Building C object esp-idf/esp_hw_support/CMakeFiles/__idf_esp_hw_support.dir/dma/esp_dma_utils.c.obj
[308/1044] Building C object esp-idf/lwip/CMakeFiles/__idf_lwip.dir/apps/ping/ping.c.obj
[440/1044] Building C object esp-idf/esp_hw_support/CMakeFiles/__idf_esp_hw_support.dir/spi_bus_lock.c.obj
[428/1044] Building C object esp-idf/esp_hw_support/CMakeFiles/__idf_esp_hw_support.dir/periph_ctrl.c.obj
[441/1044] Building C object esp-idf/esp_hw_support/CMakeFiles/__idf_esp_hw_support.dir/sleep_gpio.c.obj
[309/1044] Building C object esp-idf/lwip/CMakeFiles/__idf_lwip.dir/lwip/src/api/sockets.c.obj
[429/1044] Building C object esp-idf/esp_hw_support/CMakeFiles/__idf_esp_hw_support.dir/sar_tsens_ctrl.c.obj
[310/1044] Building C object esp-idf/lwip/CMakeFiles/__idf_lwip.dir/apps/ping/esp_ping.c.obj
[430/1044] Building C object esp-idf/esp_hw_support/CMakeFiles/__idf_esp_hw_support.dir/rtc_module.c.obj
[431/1044] Building C object esp-idf/esp_hw_support/CMakeFiles/__idf_esp_hw_support.dir/sleep_usb.c.obj
[311/1044] Building C object esp-idf/lwip/CMakeFiles/__idf_lwip.dir/lwip/src/netif/ppp/polarssl/md4.c.obj
[312/1044] Building C object esp-idf/lwip/CMakeFiles/__idf_lwip.dir/lwip/src/netif/ppp/polarssl/md5.c.obj
[442/1044] Building C object esp-idf/esp_hw_support/CMakeFiles/__idf_esp_hw_support.dir/dma/gdma_link.c.obj
[443/1044] Building C object esp-idf/esp_hw_support/CMakeFiles/__idf_esp_hw_support.dir/sleep_wake_stub.c.obj
[313/1044] Building C object esp-idf/lwip/CMakeFiles/__idf_lwip.dir/lwip/src/netif/ppp/polarssl/arc4.c.obj
[432/1044] Building C object esp-idf/esp_hw_support/CMakeFiles/__idf_esp_hw_support.dir/clk_utils.c.obj
[444/1044] Building C object esp-idf/esp_hw_support/CMakeFiles/__idf_esp_hw_support.dir/spi_share_hw_ctrl.c.obj
-- Compiler supported targets: xtensa-esp-elf
[445/1044] Building C object esp-idf/esp_hw_support/CMakeFiles/__idf_esp_hw_support.dir/port/esp32s3/rtc_clk_init.c.obj
[446/1044] Building C object esp-idf/esp_hw_support/CMakeFiles/__idf_esp_hw_support.dir/adc_share_hw_ctrl.c.obj
[314/1044] Building C object esp-idf/lwip/CMakeFiles/__idf_lwip.dir/port/freertos/sys_arch.c.obj
[447/1044] Building C object esp-idf/esp_hw_support/CMakeFiles/__idf_esp_hw_support.dir/sleep_event.c.obj
[433/1044] Building C object esp-idf/esp_hw_support/CMakeFiles/__idf_esp_hw_support.dir/port/esp_clk_tree_common.c.obj
[448/1044] Building C object esp-idf/esp_hw_support/CMakeFiles/__idf_esp_hw_support.dir/esp_clock_output.c.obj
[434/1044] Building C object esp-idf/esp_hw_support/CMakeFiles/__idf_esp_hw_support.dir/sleep_event.c.obj
[315/1044] Building C object esp-idf/lwip/CMakeFiles/__idf_lwip.dir/port/acd_dhcp_check.c.obj
[316/1044] Building C object esp-idf/vfs/CMakeFiles/__idf_vfs.dir/vfs_eventfd.c.obj
[317/1044] Building C object esp-idf/esp_driver_usb_serial_jtag/CMakeFiles/__idf_esp_driver_usb_serial_jtag.dir/src/usb_serial_jtag_connection_monitor.c.obj
[435/1044] Building CXX object esp-idf/nvs_flash/CMakeFiles/__idf_nvs_flash.dir/src/nvs_encrypted_partition.cpp.obj
[318/1044] Building C object esp-idf/esp_phy/CMakeFiles/__idf_esp_phy.dir/src/lib_printf.c.obj
[436/1044] Building C object esp-idf/esp_hw_support/CMakeFiles/__idf_esp_hw_support.dir/port/esp32s3/systimer.c.obj
[437/1044] Building C object esp-idf/esp_hw_support/CMakeFiles/__idf_esp_hw_support.dir/sleep_modem.c.obj
[319/1044] Building C object esp-idf/lwip/CMakeFiles/__idf_lwip.dir/port/debug/lwip_debug.c.obj
[438/1044] Building C object esp-idf/esp_hw_support/CMakeFiles/__idf_esp_hw_support.dir/sleep_console.c.obj
[320/1044] Building C object esp-idf/esp_phy/CMakeFiles/__idf_esp_phy.dir/esp32s3/phy_init_data.c.obj
[449/1044] Building CXX object esp-idf/nvs_flash/CMakeFiles/__idf_nvs_flash.dir/src/nvs_api.cpp.obj
[450/1044] Building C object esp-idf/esp_hw_support/CMakeFiles/__idf_esp_hw_support.dir/mspi_timing_tuning/mspi_timing_tuning.c.obj
[451/1044] Building C object esp-idf/esp_hw_support/CMakeFiles/__idf_esp_hw_support.dir/port/esp32s3/chip_info.c.obj
-- Minimal build - OFF
[439/1044] Building C object esp-idf/esp_hw_support/CMakeFiles/__idf_esp_hw_support.dir/dma/esp_async_memcpy.c.obj
[321/1044] Building C object esp-idf/esp_vfs_console/CMakeFiles/__idf_esp_vfs_console.dir/vfs_console.c.obj
[452/1044] Building C object esp-idf/esp_hw_support/CMakeFiles/__idf_esp_hw_support.dir/mspi_timing_tuning/port/esp32s3/mspi_timing_config.c.obj
[453/1044] Building C object esp-idf/esp_hw_support/CMakeFiles/__idf_esp_hw_support.dir/port/esp_memprot_conv.c.obj
[322/1044] Building C object esp-idf/lwip/CMakeFiles/__idf_lwip.dir/apps/ping/ping_sock.c.obj
[454/1044] Building C object esp-idf/esp_hw_support/CMakeFiles/__idf_esp_hw_support.dir/port/esp32s3/sar_periph_ctrl.c.obj
[440/1044] Building C object esp-idf/esp_hw_support/CMakeFiles/__idf_esp_hw_support.dir/sleep_gpio.c.obj
[455/1044] Building C object esp-idf/soc/CMakeFiles/__idf_soc.dir/esp32s3/interrupts.c.obj
[456/1044] Building C object esp-idf/soc/CMakeFiles/__idf_soc.dir/lldesc.c.obj
[441/1044] Building C object esp-idf/esp_hw_support/CMakeFiles/__idf_esp_hw_support.dir/mspi_timing_tuning/mspi_timing_tuning.c.obj
[457/1044] Building C object esp-idf/esp_hw_support/CMakeFiles/__idf_esp_hw_support.dir/usb_phy/usb_phy.c.obj
[323/1044] Building C object esp-idf/vfs/CMakeFiles/__idf_vfs.dir/nullfs.c.obj
[324/1044] Building C object esp-idf/esp_phy/CMakeFiles/__idf_esp_phy.dir/src/phy_override.c.obj
[458/1044] Building C object esp-idf/soc/CMakeFiles/__idf_soc.dir/dport_access_common.c.obj
[325/1044] Building C object esp-idf/esp_phy/CMakeFiles/__idf_esp_phy.dir/src/phy_common.c.obj
[326/1044] Building C object esp-idf/esp_phy/CMakeFiles/__idf_esp_phy.dir/src/btbb_init.c.obj
[442/1044] Building C object esp-idf/esp_hw_support/CMakeFiles/__idf_esp_hw_support.dir/spi_share_hw_ctrl.c.obj
[443/1044] Building C object esp-idf/esp_hw_support/CMakeFiles/__idf_esp_hw_support.dir/adc_share_hw_ctrl.c.obj
-- Building ESP-IDF components for target esp32s3
[444/1044] Building C object esp-idf/esp_hw_support/CMakeFiles/__idf_esp_hw_support.dir/sleep_wake_stub.c.obj
[459/1044] Building C object esp-idf/esp_hw_support/CMakeFiles/__idf_esp_hw_support.dir/port/esp32s3/rtc_sleep.c.obj
[460/1044] Building C object esp-idf/esp_hw_support/CMakeFiles/__idf_esp_hw_support.dir/mspi_timing_tuning/port/esp32s3/mspi_timing_by_mspi_delay.c.obj
[461/1044] Building C object esp-idf/soc/CMakeFiles/__idf_soc.dir/esp32s3/gdma_periph.c.obj
[462/1044] Building C object esp-idf/esp_hw_support/CMakeFiles/__idf_esp_hw_support.dir/dma/async_memcpy_gdma.c.obj
[463/1044] Building C object esp-idf/esp_hw_support/CMakeFiles/__idf_esp_hw_support.dir/power_supply/brownout.c.obj
[464/1044] Building C object esp-idf/soc/CMakeFiles/__idf_soc.dir/esp32s3/dedic_gpio_periph.c.obj
[465/1044] Linking C static library esp-idf/nvs_flash/libnvs_flash.a
Command failed (2): idf.py build
Skipping failed applet build: touch
Building applet godd -> godd ...
+ idf.py elf
[445/1044] Building C object esp-idf/esp_hw_support/CMakeFiles/__idf_esp_hw_support.dir/spi_bus_lock.c.obj
[466/1044] Building C object esp-idf/soc/CMakeFiles/__idf_soc.dir/esp32s3/gpio_periph.c.obj
[467/1044] Building C object esp-idf/soc/CMakeFiles/__idf_soc.dir/esp32s3/uart_periph.c.obj
[446/1044] Building C object esp-idf/esp_hw_support/CMakeFiles/__idf_esp_hw_support.dir/power_supply/brownout.c.obj
[468/1044] Building C object esp-idf/soc/CMakeFiles/__idf_soc.dir/esp32s3/adc_periph.c.obj
[469/1044] Building C object esp-idf/soc/CMakeFiles/__idf_soc.dir/esp32s3/pcnt_periph.c.obj
[470/1044] Building C object esp-idf/esp_hw_support/CMakeFiles/__idf_esp_hw_support.dir/port/esp32s3/rtc_time.c.obj
[447/1044] Building C object esp-idf/esp_hw_support/CMakeFiles/__idf_esp_hw_support.dir/usb_phy/usb_phy.c.obj
[448/1044] Building C object esp-idf/esp_hw_support/CMakeFiles/__idf_esp_hw_support.dir/port/esp32s3/rtc_clk_init.c.obj
[471/1044] Linking C static library esp-idf/esp_event/libesp_event.a
[472/1044] Building C object esp-idf/soc/CMakeFiles/__idf_soc.dir/esp32s3/sdm_periph.c.obj
[473/1044] Building C object esp-idf/esp_hw_support/CMakeFiles/__idf_esp_hw_support.dir/port/esp32s3/rtc_init.c.obj
[449/1044] Building CXX object esp-idf/nvs_flash/CMakeFiles/__idf_nvs_flash.dir/src/nvs_page.cpp.obj
[474/1044] Building C object esp-idf/soc/CMakeFiles/__idf_soc.dir/esp32s3/spi_periph.c.obj
[475/1044] Building C object esp-idf/soc/CMakeFiles/__idf_soc.dir/esp32s3/ledc_periph.c.obj
[476/1044] Building C object esp-idf/soc/CMakeFiles/__idf_soc.dir/esp32s3/rmt_periph.c.obj
[477/1044] Building C object esp-idf/soc/CMakeFiles/__idf_soc.dir/esp32s3/i2c_periph.c.obj
[478/1044] Building C object esp-idf/esp_hw_support/CMakeFiles/__idf_esp_hw_support.dir/port/esp32s3/rtc_clk.c.obj
[450/1044] Building C object esp-idf/esp_hw_support/CMakeFiles/__idf_esp_hw_support.dir/port/esp32s3/chip_info.c.obj
[479/1044] Building C object esp-idf/soc/CMakeFiles/__idf_soc.dir/esp32s3/temperature_sensor_periph.c.obj
[451/1044] Building C object esp-idf/esp_hw_support/CMakeFiles/__idf_esp_hw_support.dir/port/esp32s3/rtc_sleep.c.obj
[480/1044] Building C object esp-idf/soc/CMakeFiles/__idf_soc.dir/esp32s3/lcd_periph.c.obj
[481/1044] Building C object esp-idf/soc/CMakeFiles/__idf_soc.dir/esp32s3/i2s_periph.c.obj
[482/1044] Building C object esp-idf/soc/CMakeFiles/__idf_soc.dir/esp32s3/timer_periph.c.obj
[327/1044] Building C object esp-idf/lwip/CMakeFiles/__idf_lwip.dir/lwip/src/core/ipv6/nd6.c.obj
[483/1044] Building C object esp-idf/soc/CMakeFiles/__idf_soc.dir/esp32s3/mcpwm_periph.c.obj
[484/1044] Building C object esp-idf/soc/CMakeFiles/__idf_soc.dir/esp32s3/touch_sensor_periph.c.obj
[485/1044] Linking C static library esp-idf/esp_driver_uart/libesp_driver_uart.a
[486/1044] Building C object esp-idf/soc/CMakeFiles/__idf_soc.dir/esp32s3/wdt_periph.c.obj
[452/1044] Building C object esp-idf/esp_hw_support/CMakeFiles/__idf_esp_hw_support.dir/port/esp_memprot_conv.c.obj
[487/1044] Building C object esp-idf/esp_hw_support/CMakeFiles/__idf_esp_hw_support.dir/lowpower/port/esp32s3/sleep_cpu.c.obj
[488/1044] Building C object esp-idf/soc/CMakeFiles/__idf_soc.dir/esp32s3/mpi_periph.c.obj
[328/1044] Building C object esp-idf/esp_driver_usb_serial_jtag/CMakeFiles/__idf_esp_driver_usb_serial_jtag.dir/src/usb_serial_jtag.c.obj
[489/1044] Building C object esp-idf/soc/CMakeFiles/__idf_soc.dir/esp32s3/twai_periph.c.obj
NOTICE: Processing 3 dependencies:
NOTICE: [1/3] espressif/cmake_utilities (0.5.3)
NOTICE: [2/3] espressif/elf_loader (1.1.1)
[329/1044] Building C object esp-idf/vfs/CMakeFiles/__idf_vfs.dir/vfs_semihost.c.obj
NOTICE: [3/3] idf (6.0.0)
[490/1044] Building C object esp-idf/soc/CMakeFiles/__idf_soc.dir/esp32s3/usb_dwc_periph.c.obj
[453/1044] Building C object esp-idf/esp_hw_support/CMakeFiles/__idf_esp_hw_support.dir/port/esp32s3/sar_periph_ctrl.c.obj
[491/1044] Building C object esp-idf/soc/CMakeFiles/__idf_soc.dir/esp32s3/sdmmc_periph.c.obj
[454/1044] Building C object esp-idf/soc/CMakeFiles/__idf_soc.dir/dport_access_common.c.obj
[492/1044] Building C object esp-idf/soc/CMakeFiles/__idf_soc.dir/esp32s3/power_supply_periph.c.obj
[493/1044] Building C object esp-idf/soc/CMakeFiles/__idf_soc.dir/esp32s3/cam_periph.c.obj
-- App "true" version: c092b7f-dirty
[494/1044] Linking C static library esp-idf/esp_ringbuf/libesp_ringbuf.a
[455/1044] Building C object esp-idf/soc/CMakeFiles/__idf_soc.dir/esp32s3/interrupts.c.obj
[495/1044] Building C object esp-idf/soc/CMakeFiles/__idf_soc.dir/esp32s3/rtc_io_periph.c.obj
[456/1044] Building C object esp-idf/soc/CMakeFiles/__idf_soc.dir/lldesc.c.obj
[496/1044] Building C object esp-idf/freertos/CMakeFiles/__idf_freertos.dir/FreeRTOS-Kernel/tasks.c.obj
[457/1044] Building C object esp-idf/soc/CMakeFiles/__idf_soc.dir/esp32s3/uart_periph.c.obj
[330/1044] Building C object esp-idf/lwip/CMakeFiles/__idf_lwip.dir/apps/dhcpserver/dhcpserver.c.obj
[458/1044] Building C object esp-idf/esp_hw_support/CMakeFiles/__idf_esp_hw_support.dir/sleep_modes.c.obj
-- ESP-TEE is currently supported only on the esp32c6;esp32h2;esp32c5 SoCs
[459/1044] Building C object esp-idf/esp_hw_support/CMakeFiles/__idf_esp_hw_support.dir/mspi_timing_tuning/port/esp32s3/mspi_timing_config.c.obj
[497/1044] Linking C static library esp-idf/esp_driver_gptimer/libesp_driver_gptimer.a
[460/1044] Building C object esp-idf/esp_hw_support/CMakeFiles/__idf_esp_hw_support.dir/port/esp32s3/rtc_time.c.obj
[331/1044] Building C object esp-idf/esp_driver_usb_serial_jtag/CMakeFiles/__idf_esp_driver_usb_serial_jtag.dir/src/usb_serial_jtag_vfs.c.obj
[498/1044] Building C object esp-idf/heap/CMakeFiles/__idf_heap.dir/multi_heap.c.obj
[461/1044] Building C object esp-idf/esp_hw_support/CMakeFiles/__idf_esp_hw_support.dir/esp_clock_output.c.obj
[499/1044] Building C object esp-idf/heap/CMakeFiles/__idf_heap.dir/port/esp32s3/memory_layout.c.obj
[462/1044] Building C object esp-idf/soc/CMakeFiles/__idf_soc.dir/esp32s3/gpio_periph.c.obj
[463/1044] Building C object esp-idf/esp_hw_support/CMakeFiles/__idf_esp_hw_support.dir/dma/async_memcpy_gdma.c.obj
[332/1044] Building C object esp-idf/vfs/CMakeFiles/__idf_vfs.dir/vfs.c.obj
[464/1044] Building C object esp-idf/esp_hw_support/CMakeFiles/__idf_esp_hw_support.dir/port/esp32s3/rtc_init.c.obj
[465/1044] Building C object esp-idf/esp_hw_support/CMakeFiles/__idf_esp_hw_support.dir/mspi_timing_tuning/port/esp32s3/mspi_timing_by_mspi_delay.c.obj
[466/1044] Building C object esp-idf/soc/CMakeFiles/__idf_soc.dir/esp32s3/adc_periph.c.obj
[500/1044] Building C object esp-idf/log/CMakeFiles/__idf_log.dir/src/util.c.obj
[467/1044] Building C object esp-idf/soc/CMakeFiles/__idf_soc.dir/esp32s3/gdma_periph.c.obj
[333/1044] Building C object esp-idf/esp_phy/CMakeFiles/__idf_esp_phy.dir/src/phy_init.c.obj
[334/1044] Building CXX object esp-idf/nvs_flash/CMakeFiles/__idf_nvs_flash.dir/src/nvs_platform.cpp.obj
[468/1044] Building CXX object esp-idf/nvs_flash/CMakeFiles/__idf_nvs_flash.dir/src/nvs_api.cpp.obj
[469/1044] Building C object esp-idf/soc/CMakeFiles/__idf_soc.dir/esp32s3/dedic_gpio_periph.c.obj
[470/1044] Building C object esp-idf/soc/CMakeFiles/__idf_soc.dir/esp32s3/pcnt_periph.c.obj
[501/1044] Linking C static library esp-idf/esp_timer/libesp_timer.a
[502/1044] Building C object esp-idf/log/CMakeFiles/__idf_log.dir/src/buffer/log_buffers.c.obj
[471/1044] Building C object esp-idf/soc/CMakeFiles/__idf_soc.dir/esp32s3/spi_periph.c.obj
[472/1044] Building C object esp-idf/soc/CMakeFiles/__idf_soc.dir/esp32s3/i2s_periph.c.obj
[473/1044] Building C object esp-idf/soc/CMakeFiles/__idf_soc.dir/esp32s3/ledc_periph.c.obj
[503/1044] Building C object esp-idf/heap/CMakeFiles/__idf_heap.dir/port/memory_layout_utils.c.obj
[474/1044] Building C object esp-idf/soc/CMakeFiles/__idf_soc.dir/esp32s3/sdm_periph.c.obj
[475/1044] Building C object esp-idf/soc/CMakeFiles/__idf_soc.dir/esp32s3/rmt_periph.c.obj
[504/1044] Building C object esp-idf/log/CMakeFiles/__idf_log.dir/src/log_format_text.c.obj
[335/1044] Building CXX object esp-idf/nvs_flash/CMakeFiles/__idf_nvs_flash.dir/src/nvs_partition_lookup.cpp.obj
[476/1044] Building C object esp-idf/soc/CMakeFiles/__idf_soc.dir/esp32s3/temperature_sensor_periph.c.obj
[505/1044] Building C object esp-idf/log/CMakeFiles/__idf_log.dir/src/os/log_timestamp.c.obj
[506/1044] Building C object esp-idf/log/CMakeFiles/__idf_log.dir/src/os/log_write.c.obj
[336/1044] Building C object esp-idf/nvs_flash/CMakeFiles/__idf_nvs_flash.dir/src/nvs_bootloader_aes.c.obj
[477/1044] Building C object esp-idf/esp_hw_support/CMakeFiles/__idf_esp_hw_support.dir/lowpower/port/esp32s3/sleep_cpu.c.obj
[478/1044] Building C object esp-idf/soc/CMakeFiles/__idf_soc.dir/esp32s3/timer_periph.c.obj
[479/1044] Building C object esp-idf/freertos/CMakeFiles/__idf_freertos.dir/FreeRTOS-Kernel/tasks.c.obj
[507/1044] Building C object esp-idf/log/CMakeFiles/__idf_log.dir/src/log_print.c.obj
[480/1044] Building C object esp-idf/soc/CMakeFiles/__idf_soc.dir/esp32s3/lcd_periph.c.obj
[508/1044] Building C object esp-idf/log/CMakeFiles/__idf_log.dir/src/log.c.obj
[481/1044] Building C object esp-idf/soc/CMakeFiles/__idf_soc.dir/esp32s3/sdmmc_periph.c.obj
[509/1044] Building C object esp-idf/log/CMakeFiles/__idf_log.dir/src/log_timestamp_common.c.obj
[482/1044] Building C object esp-idf/esp_hw_support/CMakeFiles/__idf_esp_hw_support.dir/port/esp32s3/rtc_clk.c.obj
[510/1044] Building C object esp-idf/log/CMakeFiles/__idf_log.dir/src/os/log_lock.c.obj
[511/1044] Linking C static library esp-idf/cxx/libcxx.a
[483/1044] Building C object esp-idf/soc/CMakeFiles/__idf_soc.dir/esp32s3/touch_sensor_periph.c.obj
[512/1044] Building C object esp-idf/log/CMakeFiles/__idf_log.dir/src/os/util.c.obj
[484/1044] Building C object esp-idf/soc/CMakeFiles/__idf_soc.dir/esp32s3/twai_periph.c.obj
[485/1044] Building CXX object esp-idf/nvs_flash/CMakeFiles/__idf_nvs_flash.dir/src/nvs_storage.cpp.obj
[486/1044] Building C object esp-idf/soc/CMakeFiles/__idf_soc.dir/esp32s3/i2c_periph.c.obj
[487/1044] Building C object esp-idf/soc/CMakeFiles/__idf_soc.dir/esp32s3/mpi_periph.c.obj
[488/1044] Building C object esp-idf/soc/CMakeFiles/__idf_soc.dir/esp32s3/usb_dwc_periph.c.obj
[489/1044] Building C object esp-idf/soc/CMakeFiles/__idf_soc.dir/esp32s3/cam_periph.c.obj
[513/1044] Building C object esp-idf/log/CMakeFiles/__idf_log.dir/src/log_level/tag_log_level/tag_log_level.c.obj
[514/1044] Building C object esp-idf/log/CMakeFiles/__idf_log.dir/src/log_level/log_level.c.obj
[490/1044] Building C object esp-idf/soc/CMakeFiles/__idf_soc.dir/esp32s3/power_supply_periph.c.obj
[515/1044] Building C object esp-idf/heap/CMakeFiles/__idf_heap.dir/heap_caps.c.obj
[491/1044] Building C object esp-idf/soc/CMakeFiles/__idf_soc.dir/esp32s3/mcpwm_periph.c.obj
[492/1044] Building C object esp-idf/soc/CMakeFiles/__idf_soc.dir/esp32s3/wdt_periph.c.obj
[516/1044] Building C object esp-idf/heap/CMakeFiles/__idf_heap.dir/heap_caps_base.c.obj
[517/1044] Linking C static library esp-idf/pthread/libpthread.a
[518/1044] Building C object esp-idf/esp_hw_support/CMakeFiles/__idf_esp_hw_support.dir/port/esp32s3/esp_memprot.c.obj
[337/1044] Linking C static library esp-idf/lwip/liblwip.a
[338/1044] Building C object esp-idf/nvs_flash/CMakeFiles/__idf_nvs_flash.dir/src/nvs_bootloader_xts_aes.c.obj
[519/1044] Building C object esp-idf/heap/CMakeFiles/__idf_heap.dir/heap_caps_init.c.obj
[520/1044] Building C object esp-idf/hal/CMakeFiles/__idf_hal.dir/mpu_hal.c.obj
[493/1044] Building C object esp-idf/soc/CMakeFiles/__idf_soc.dir/esp32s3/rtc_io_periph.c.obj
[339/1044] Building C object esp-idf/esp_event/CMakeFiles/__idf_esp_event.dir/default_event_loop.c.obj
[521/1044] Building C object esp-idf/hal/CMakeFiles/__idf_hal.dir/efuse_hal.c.obj
[522/1044] Building C object esp-idf/hal/CMakeFiles/__idf_hal.dir/color_hal.c.obj
[494/1044] Linking C static library esp-idf/nvs_flash/libnvs_flash.a
[523/1044] Building C object esp-idf/log/CMakeFiles/__idf_log.dir/src/log_level/tag_log_level/cache/log_binary_heap.c.obj
[495/1044] Building C object esp-idf/heap/CMakeFiles/__idf_heap.dir/port/esp32s3/memory_layout.c.obj
[496/1044] Building C object esp-idf/log/CMakeFiles/__idf_log.dir/src/util.c.obj
[524/1044] Building C object esp-idf/hal/CMakeFiles/__idf_hal.dir/hal_utils.c.obj
[525/1044] Building C object esp-idf/esp_hw_support/CMakeFiles/__idf_esp_hw_support.dir/dma/gdma.c.obj
[526/1044] Building C object esp-idf/log/CMakeFiles/__idf_log.dir/src/log_level/tag_log_level/linked_list/log_linked_list.c.obj
[527/1044] Building C object esp-idf/hal/CMakeFiles/__idf_hal.dir/spi_flash_encrypt_hal_iram.c.obj
[497/1044] Building C object esp-idf/log/CMakeFiles/__idf_log.dir/src/log_timestamp_common.c.obj
[340/1044] Linking C static library esp-idf/vfs/libvfs.a
[528/1044] Building C object esp-idf/hal/CMakeFiles/__idf_hal.dir/mmu_hal.c.obj
[498/1044] Linking C static library esp-idf/esp_event/libesp_event.a
[529/1044] Linking C static library esp-idf/newlib/libnewlib.a
[341/1044] Building C object esp-idf/esp_event/CMakeFiles/__idf_esp_event.dir/esp_event_private.c.obj
[499/1044] Building C object esp-idf/heap/CMakeFiles/__idf_heap.dir/port/memory_layout_utils.c.obj
[530/1044] Building C object esp-idf/hal/CMakeFiles/__idf_hal.dir/esp32s3/efuse_hal.c.obj
-- USING O3
[342/1044] Linking C static library esp-idf/esp_vfs_console/libesp_vfs_console.a
-- ESP-TEE is currently supported only on the esp32c6;esp32h2;esp32c5 SoCs
[500/1044] Building C object esp-idf/log/CMakeFiles/__idf_log.dir/src/os/util.c.obj
[343/1044] Building C object esp-idf/esp_driver_uart/CMakeFiles/__idf_esp_driver_uart.dir/src/uart_wakeup.c.obj
[501/1044] Building C object esp-idf/log/CMakeFiles/__idf_log.dir/src/os/log_timestamp.c.obj
[502/1044] Building C object esp-idf/log/CMakeFiles/__idf_log.dir/src/log_format_text.c.obj
[503/1044] Building C object esp-idf/esp_hw_support/CMakeFiles/__idf_esp_hw_support.dir/dma/gdma.c.obj
[344/1044] Building C object esp-idf/nvs_flash/CMakeFiles/__idf_nvs_flash.dir/src/nvs_bootloader.c.obj
[531/1044] Building C object esp-idf/hal/CMakeFiles/__idf_hal.dir/timer_hal.c.obj
[504/1044] Building C object esp-idf/log/CMakeFiles/__idf_log.dir/src/log_print.c.obj
[532/1044] Building C object esp-idf/hal/CMakeFiles/__idf_hal.dir/uart_hal_iram.c.obj
[505/1044] Building C object esp-idf/log/CMakeFiles/__idf_log.dir/src/log.c.obj
[506/1044] Building C object esp-idf/log/CMakeFiles/__idf_log.dir/src/log_level/log_level.c.obj
[507/1044] Linking C static library esp-idf/esp_driver_uart/libesp_driver_uart.a
[508/1044] Building C object esp-idf/log/CMakeFiles/__idf_log.dir/src/buffer/log_buffers.c.obj
[533/1044] Linking C static library esp-idf/freertos/libfreertos.a
[509/1044] Building C object esp-idf/log/CMakeFiles/__idf_log.dir/src/os/log_lock.c.obj
[510/1044] Building C object esp-idf/heap/CMakeFiles/__idf_heap.dir/heap_caps_init.c.obj
[511/1044] Building C object esp-idf/log/CMakeFiles/__idf_log.dir/src/os/log_write.c.obj
[345/1044] Linking C static library esp-idf/esp_driver_usb_serial_jtag/libesp_driver_usb_serial_jtag.a
[512/1044] Building C object esp-idf/heap/CMakeFiles/__idf_heap.dir/multi_heap.c.obj
[534/1044] Building C object esp-idf/hal/CMakeFiles/__idf_hal.dir/ledc_hal.c.obj
[535/1044] Building C object esp-idf/hal/CMakeFiles/__idf_hal.dir/rtc_io_hal.c.obj
[513/1044] Building C object esp-idf/log/CMakeFiles/__idf_log.dir/src/log_level/tag_log_level/linked_list/log_linked_list.c.obj
[514/1044] Linking C static library esp-idf/esp_ringbuf/libesp_ringbuf.a
[536/1044] Building C object esp-idf/hal/CMakeFiles/__idf_hal.dir/rmt_hal.c.obj
[537/1044] Building C object esp-idf/hal/CMakeFiles/__idf_hal.dir/ledc_hal_iram.c.obj
[346/1044] Linking C static library esp-idf/esp_phy/libesp_phy.a
[538/1044] Building C object esp-idf/hal/CMakeFiles/__idf_hal.dir/i2c_hal_iram.c.obj
[515/1044] Building C object esp-idf/log/CMakeFiles/__idf_log.dir/src/log_level/tag_log_level/cache/log_binary_heap.c.obj
[516/1044] Building C object esp-idf/heap/CMakeFiles/__idf_heap.dir/heap_caps_base.c.obj
[517/1044] Building C object esp-idf/hal/CMakeFiles/__idf_hal.dir/hal_utils.c.obj
-- Adding linker script /home/tikhon/Документы/magnolia/applets/mainline/uname/build/esp-idf/esp_system/ld/memory.ld
[539/1044] Building C object esp-idf/hal/CMakeFiles/__idf_hal.dir/systimer_hal.c.obj
[540/1044] Building C object esp-idf/hal/CMakeFiles/__idf_hal.dir/gpio_hal.c.obj
-- Adding linker script /home/tikhon/Документы/magnolia/applets/mainline/uname/build/esp-idf/esp_system/ld/sections.ld.in
[541/1044] Building C object esp-idf/hal/CMakeFiles/__idf_hal.dir/uart_hal.c.obj
[542/1044] Building C object esp-idf/hal/CMakeFiles/__idf_hal.dir/pcnt_hal.c.obj
[518/1044] Building C object esp-idf/hal/CMakeFiles/__idf_hal.dir/color_hal.c.obj
[519/1044] Building C object esp-idf/hal/CMakeFiles/__idf_hal.dir/spi_flash_encrypt_hal_iram.c.obj
[520/1044] Linking C static library esp-idf/esp_driver_gptimer/libesp_driver_gptimer.a
[543/1044] Building C object esp-idf/hal/CMakeFiles/__idf_hal.dir/uhci_hal.c.obj
[544/1044] Building C object esp-idf/hal/CMakeFiles/__idf_hal.dir/cache_hal.c.obj
[521/1044] Building C object esp-idf/log/CMakeFiles/__idf_log.dir/src/log_level/tag_log_level/tag_log_level.c.obj
-- Project sdkconfig file /home/tikhon/Документы/magnolia/applets/mainline/vi/sdkconfig
[545/1044] Building C object esp-idf/hal/CMakeFiles/__idf_hal.dir/mcpwm_hal.c.obj
[522/1044] Building C object esp-idf/hal/CMakeFiles/__idf_hal.dir/mpu_hal.c.obj
[523/1044] Building C object esp-idf/hal/CMakeFiles/__idf_hal.dir/efuse_hal.c.obj
-- Adding linker script /home/tikhon/Документы/magnolia/esp-idf/components/esp_rom/esp32s3/ld/esp32s3.rom.ld
-- Adding linker script /home/tikhon/Документы/magnolia/esp-idf/components/esp_rom/esp32s3/ld/esp32s3.rom.api.ld
-- Adding linker script /home/tikhon/Документы/magnolia/esp-idf/components/esp_rom/esp32s3/ld/esp32s3.rom.bt_funcs.ld
[546/1044] Building C object esp-idf/hal/CMakeFiles/__idf_hal.dir/sdm_hal.c.obj
-- Adding linker script /home/tikhon/Документы/magnolia/esp-idf/components/esp_rom/esp32s3/ld/esp32s3.rom.libgcc.ld
-- Adding linker script /home/tikhon/Документы/magnolia/esp-idf/components/esp_rom/esp32s3/ld/esp32s3.rom.wdt.ld
-- Adding linker script /home/tikhon/Документы/magnolia/esp-idf/components/esp_rom/esp32s3/ld/esp32s3.rom.version.ld
-- Adding linker script /home/tikhon/Документы/magnolia/esp-idf/components/esp_rom/esp32s3/ld/esp32s3.rom.ble_master.ld
-- Adding linker script /home/tikhon/Документы/magnolia/esp-idf/components/esp_rom/esp32s3/ld/esp32s3.rom.ble_50.ld
-- Adding linker script /home/tikhon/Документы/magnolia/esp-idf/components/esp_rom/esp32s3/ld/esp32s3.rom.ble_smp.ld
-- Adding linker script /home/tikhon/Документы/magnolia/esp-idf/components/esp_rom/esp32s3/ld/esp32s3.rom.ble_dtm.ld
-- Adding linker script /home/tikhon/Документы/magnolia/esp-idf/components/esp_rom/esp32s3/ld/esp32s3.rom.ble_test.ld
-- Adding linker script /home/tikhon/Документы/magnolia/esp-idf/components/esp_rom/esp32s3/ld/esp32s3.rom.ble_scan.ld
-- Adding linker script /home/tikhon/Документы/magnolia/esp-idf/components/esp_rom/esp32s3/ld/esp32s3.rom.libc.ld
-- Adding linker script /home/tikhon/Документы/magnolia/esp-idf/components/esp_rom/esp32s3/ld/esp32s3.rom.newlib.ld
[547/1044] Building C object esp-idf/esp_hw_support/CMakeFiles/__idf_esp_hw_support.dir/sleep_modes.c.obj
-- Minimal build - OFF
[548/1044] Building C object esp-idf/hal/CMakeFiles/__idf_hal.dir/spi_flash_hal.c.obj
[549/1044] Building C object esp-idf/hal/CMakeFiles/__idf_hal.dir/esp32s3/clk_tree_hal.c.obj
[550/1044] Building C object esp-idf/hal/CMakeFiles/__idf_hal.dir/i2c_hal.c.obj
[551/1044] Building C object esp-idf/hal/CMakeFiles/__idf_hal.dir/sdmmc_hal.c.obj
[524/1044] Linking C static library esp-idf/esp_timer/libesp_timer.a
[347/1044] Building CXX object esp-idf/nvs_flash/CMakeFiles/__idf_nvs_flash.dir/src/nvs_partition.cpp.obj
[552/1044] Building C object esp-idf/hal/CMakeFiles/__idf_hal.dir/gdma_hal_top.c.obj
-- Adding linker script /home/tikhon/Документы/magnolia/esp-idf/components/soc/esp32s3/ld/esp32s3.peripherals.ld
-- Minimal build - OFF
[553/1044] Building C object esp-idf/hal/CMakeFiles/__idf_hal.dir/lcd_hal.c.obj
[525/1044] Building C object esp-idf/hal/CMakeFiles/__idf_hal.dir/esp32s3/efuse_hal.c.obj
[526/1044] Building C object esp-idf/hal/CMakeFiles/__idf_hal.dir/systimer_hal.c.obj
-- USING O3
[527/1044] Building C object esp-idf/hal/CMakeFiles/__idf_hal.dir/gpio_hal.c.obj
[528/1044] Building C object esp-idf/hal/CMakeFiles/__idf_hal.dir/mmu_hal.c.obj
[554/1044] Linking C static library esp-idf/esp_hw_support/libesp_hw_support.a
[555/1044] Building C object esp-idf/hal/CMakeFiles/__idf_hal.dir/aes_hal.c.obj
[529/1044] Building C object esp-idf/hal/CMakeFiles/__idf_hal.dir/ledc_hal.c.obj
[556/1044] Building C object esp-idf/hal/CMakeFiles/__idf_hal.dir/sha_hal.c.obj
[530/1044] Linking C static library esp-idf/cxx/libcxx.a
[557/1044] Building C object esp-idf/hal/CMakeFiles/__idf_hal.dir/brownout_hal.c.obj
-- Building ESP-IDF components for target esp32s3
[531/1044] Building C object esp-idf/hal/CMakeFiles/__idf_hal.dir/cache_hal.c.obj
[532/1044] Building C object esp-idf/hal/CMakeFiles/__idf_hal.dir/uart_hal_iram.c.obj
[533/1044] Building C object esp-idf/hal/CMakeFiles/__idf_hal.dir/rtc_io_hal.c.obj
[558/1044] Building C object esp-idf/hal/CMakeFiles/__idf_hal.dir/mpi_hal.c.obj
[534/1044] Building C object esp-idf/hal/CMakeFiles/__idf_hal.dir/timer_hal.c.obj
[559/1044] Building C object esp-idf/hal/CMakeFiles/__idf_hal.dir/spi_flash_hal_iram.c.obj
[535/1044] Building C object esp-idf/hal/CMakeFiles/__idf_hal.dir/esp32s3/clk_tree_hal.c.obj
-- Building ESP-IDF components for target esp32s3
[560/1044] Building C object esp-idf/hal/CMakeFiles/__idf_hal.dir/gdma_hal_ahb_v1.c.obj
[536/1044] Linking C static library esp-idf/pthread/libpthread.a
[537/1044] Building C object esp-idf/hal/CMakeFiles/__idf_hal.dir/ledc_hal_iram.c.obj
[561/1044] Building C object esp-idf/hal/CMakeFiles/__idf_hal.dir/adc_hal_common.c.obj
[538/1044] Building C object esp-idf/hal/CMakeFiles/__idf_hal.dir/pcnt_hal.c.obj
[539/1044] Building C object esp-idf/hal/CMakeFiles/__idf_hal.dir/spi_flash_hal.c.obj
-- Adding linker script /home/tikhon/Документы/magnolia/applets/mainline/true/build/esp-idf/esp_system/ld/memory.ld
[562/1044] Building C object esp-idf/hal/CMakeFiles/__idf_hal.dir/hmac_hal.c.obj
[540/1044] Building C object esp-idf/heap/CMakeFiles/__idf_heap.dir/heap_caps.c.obj
[563/1044] Linking C static library esp-idf/soc/libsoc.a
-- Components: app_trace app_update bootloader bootloader_support bt cmock console cxx driver efuse esp-tls esp_adc esp_app_format esp_bootloader_format esp_coex esp_common esp_driver_ana_cmpr esp_driver_bitscrambler esp_driver_cam esp_driver_dac esp_driver_gpio esp_driver_gptimer esp_driver_i2c esp_driver_i2s esp_driver_i3c esp_driver_isp esp_driver_jpeg esp_driver_ledc esp_driver_mcpwm esp_driver_parlio esp_driver_pcnt esp_driver_ppa esp_driver_rmt esp_driver_sd_intf esp_driver_sdio esp_driver_sdm esp_driver_sdmmc esp_driver_sdspi esp_driver_spi esp_driver_touch_sens esp_driver_tsens esp_driver_twai esp_driver_uart esp_driver_usb_serial_jtag esp_eth esp_event esp_gdbstub esp_hid esp_http_client esp_http_server esp_https_ota esp_https_server esp_hw_support esp_lcd esp_local_ctrl esp_mm esp_netif esp_netif_stack esp_partition esp_phy esp_pm esp_psram esp_ringbuf esp_rom esp_security esp_system esp_timer esp_vfs_console esp_wifi espcoredump esptool_py fatfs freertos hal heap http_parser idf_test ieee802154 json log lwip main mbedtls mqtt newlib nvs_flash nvs_sec_provider openthread partition_table perfmon protobuf-c protocomm pthread rt sdmmc soc spi_flash spiffs tcp_transport touch_element ulp unity usb vfs wear_levelling wifi_provisioning wpa_supplicant xtensa
-- Component paths: /home/tikhon/Документы/magnolia/esp-idf/components/app_trace /home/tikhon/Документы/magnolia/esp-idf/components/app_update /home/tikhon/Документы/magnolia/esp-idf/components/bootloader /home/tikhon/Документы/magnolia/esp-idf/components/bootloader_support /home/tikhon/Документы/magnolia/esp-idf/components/bt /home/tikhon/Документы/magnolia/esp-idf/components/cmock /home/tikhon/Документы/magnolia/esp-idf/components/console /home/tikhon/Документы/magnolia/esp-idf/components/cxx /home/tikhon/Документы/magnolia/esp-idf/components/driver /home/tikhon/Документы/magnolia/esp-idf/components/efuse /home/tikhon/Документы/magnolia/esp-idf/components/esp-tls /home/tikhon/Документы/magnolia/esp-idf/components/esp_adc /home/tikhon/Документы/magnolia/esp-idf/components/esp_app_format /home/tikhon/Документы/magnolia/esp-idf/components/esp_bootloader_format /home/tikhon/Документы/magnolia/esp-idf/components/esp_coex /home/tikhon/Документы/magnolia/esp-idf/components/esp_common /home/tikhon/Документы/magnolia/esp-idf/components/esp_driver_ana_cmpr /home/tikhon/Документы/magnolia/esp-idf/components/esp_driver_bitscrambler /home/tikhon/Документы/magnolia/esp-idf/components/esp_driver_cam /home/tikhon/Документы/magnolia/esp-idf/components/esp_driver_dac /home/tikhon/Документы/magnolia/esp-idf/components/esp_driver_gpio /home/tikhon/Документы/magnolia/esp-idf/components/esp_driver_gptimer /home/tikhon/Документы/magnolia/esp-idf/components/esp_driver_i2c /home/tikhon/Документы/magnolia/esp-idf/components/esp_driver_i2s /home/tikhon/Документы/magnolia/esp-idf/components/esp_driver_i3c /home/tikhon/Документы/magnolia/esp-idf/components/esp_driver_isp /home/tikhon/Документы/magnolia/esp-idf/components/esp_driver_jpeg /home/tikhon/Документы/magnolia/esp-idf/components/esp_driver_ledc /home/tikhon/Документы/magnolia/esp-idf/components/esp_driver_mcpwm /home/tikhon/Документы/magnolia/esp-idf/components/esp_driver_parlio /home/tikhon/Документы/magnolia/esp-idf/components/esp_driver_pcnt /home/tikhon/Документы/magnolia/esp-idf/components/esp_driver_ppa /home/tikhon/Документы/magnolia/esp-idf/components/esp_driver_rmt /home/tikhon/Документы/magnolia/esp-idf/components/esp_driver_sd_intf /home/tikhon/Документы/magnolia/esp-idf/components/esp_driver_sdio /home/tikhon/Документы/magnolia/esp-idf/components/esp_driver_sdm /home/tikhon/Документы/magnolia/esp-idf/components/esp_driver_sdmmc /home/tikhon/Документы/magnolia/esp-idf/components/esp_driver_sdspi /home/tikhon/Документы/magnolia/esp-idf/components/esp_driver_spi /home/tikhon/Документы/magnolia/esp-idf/components/esp_driver_touch_sens /home/tikhon/Документы/magnolia/esp-idf/components/esp_driver_tsens /home/tikhon/Документы/magnolia/esp-idf/components/esp_driver_twai /home/tikhon/Документы/magnolia/esp-idf/components/esp_driver_uart /home/tikhon/Документы/magnolia/esp-idf/components/esp_driver_usb_serial_jtag /home/tikhon/Документы/magnolia/esp-idf/components/esp_eth /home/tikhon/Документы/magnolia/esp-idf/components/esp_event /home/tikhon/Документы/magnolia/esp-idf/components/esp_gdbstub /home/tikhon/Документы/magnolia/esp-idf/components/esp_hid /home/tikhon/Документы/magnolia/esp-idf/components/esp_http_client /home/tikhon/Документы/magnolia/esp-idf/components/esp_http_server /home/tikhon/Документы/magnolia/esp-idf/components/esp_https_ota /home/tikhon/Документы/magnolia/esp-idf/components/esp_https_server /home/tikhon/Документы/magnolia/esp-idf/components/esp_hw_support /home/tikhon/Документы/magnolia/esp-idf/components/esp_lcd /home/tikhon/Документы/magnolia/esp-idf/components/esp_local_ctrl /home/tikhon/Документы/magnolia/esp-idf/components/esp_mm /home/tikhon/Документы/magnolia/esp-idf/components/esp_netif /home/tikhon/Документы/magnolia/esp-idf/components/esp_netif_stack /home/tikhon/Документы/magnolia/esp-idf/components/esp_partition /home/tikhon/Документы/magnolia/esp-idf/components/esp_phy /home/tikhon/Документы/magnolia/esp-idf/components/esp_pm /home/tikhon/Документы/magnolia/esp-idf/components/esp_psram /home/tikhon/Документы/magnolia/esp-idf/components/esp_ringbuf /home/tikhon/Документы/magnolia/esp-idf/components/esp_rom /home/tikhon/Документы/magnolia/esp-idf/components/esp_security /home/tikhon/Документы/magnolia/esp-idf/components/esp_system /home/tikhon/Документы/magnolia/esp-idf/components/esp_timer /home/tikhon/Документы/magnolia/esp-idf/components/esp_vfs_console /home/tikhon/Документы/magnolia/esp-idf/components/esp_wifi /home/tikhon/Документы/magnolia/esp-idf/components/espcoredump /home/tikhon/Документы/magnolia/esp-idf/components/esptool_py /home/tikhon/Документы/magnolia/esp-idf/components/fatfs /home/tikhon/Документы/magnolia/esp-idf/components/freertos /home/tikhon/Документы/magnolia/esp-idf/components/hal /home/tikhon/Документы/magnolia/esp-idf/components/heap /home/tikhon/Документы/magnolia/esp-idf/components/http_parser /home/tikhon/Документы/magnolia/esp-idf/components/idf_test /home/tikhon/Документы/magnolia/esp-idf/components/ieee802154 /home/tikhon/Документы/magnolia/esp-idf/components/json /home/tikhon/Документы/magnolia/esp-idf/components/log /home/tikhon/Документы/magnolia/esp-idf/components/lwip /home/tikhon/Документы/magnolia/applets/mainline/tr/main /home/tikhon/Документы/magnolia/esp-idf/components/mbedtls /home/tikhon/Документы/magnolia/esp-idf/components/mqtt /home/tikhon/Документы/magnolia/esp-idf/components/newlib /home/tikhon/Документы/magnolia/esp-idf/components/nvs_flash /home/tikhon/Документы/magnolia/esp-idf/components/nvs_sec_provider /home/tikhon/Документы/magnolia/esp-idf/components/openthread /home/tikhon/Документы/magnolia/esp-idf/components/partition_table /home/tikhon/Документы/magnolia/esp-idf/components/perfmon /home/tikhon/Документы/magnolia/esp-idf/components/protobuf-c /home/tikhon/Документы/magnolia/esp-idf/components/protocomm /home/tikhon/Документы/magnolia/esp-idf/components/pthread /home/tikhon/Документы/magnolia/esp-idf/components/rt /home/tikhon/Документы/magnolia/esp-idf/components/sdmmc /home/tikhon/Документы/magnolia/esp-idf/components/soc /home/tikhon/Документы/magnolia/esp-idf/components/spi_flash /home/tikhon/Документы/magnolia/esp-idf/components/spiffs /home/tikhon/Документы/magnolia/esp-idf/components/tcp_transport /home/tikhon/Документы/magnolia/esp-idf/components/touch_element /home/tikhon/Документы/magnolia/esp-idf/components/ulp /home/tikhon/Документы/magnolia/esp-idf/components/unity /home/tikhon/Документы/magnolia/esp-idf/components/usb /home/tikhon/Документы/magnolia/esp-idf/components/vfs /home/tikhon/Документы/magnolia/esp-idf/components/wear_levelling /home/tikhon/Документы/magnolia/esp-idf/components/wifi_provisioning /home/tikhon/Документы/magnolia/esp-idf/components/wpa_supplicant /home/tikhon/Документы/magnolia/esp-idf/components/xtensa
-- Adding linker script /home/tikhon/Документы/magnolia/applets/mainline/true/build/esp-idf/esp_system/ld/sections.ld.in
-- Configuring done (15.8s)
[564/1044] Building C object esp-idf/hal/CMakeFiles/__idf_hal.dir/adc_oneshot_hal.c.obj
[565/1044] Building C object esp-idf/hal/CMakeFiles/__idf_hal.dir/i2s_hal.c.obj
[541/1044] Building C object esp-idf/hal/CMakeFiles/__idf_hal.dir/uhci_hal.c.obj
[566/1044] Building C object esp-idf/hal/CMakeFiles/__idf_hal.dir/adc_hal.c.obj
-- Adding linker script /home/tikhon/Документы/magnolia/esp-idf/components/esp_rom/esp32s3/ld/esp32s3.rom.ld
[542/1044] Building C object esp-idf/hal/CMakeFiles/__idf_hal.dir/uart_hal.c.obj
-- Adding linker script /home/tikhon/Документы/magnolia/esp-idf/components/esp_rom/esp32s3/ld/esp32s3.rom.api.ld
-- Adding linker script /home/tikhon/Документы/magnolia/esp-idf/components/esp_rom/esp32s3/ld/esp32s3.rom.bt_funcs.ld
-- Adding linker script /home/tikhon/Документы/magnolia/esp-idf/components/esp_rom/esp32s3/ld/esp32s3.rom.libgcc.ld
-- Adding linker script /home/tikhon/Документы/magnolia/esp-idf/components/esp_rom/esp32s3/ld/esp32s3.rom.wdt.ld
-- Adding linker script /home/tikhon/Документы/magnolia/esp-idf/components/esp_rom/esp32s3/ld/esp32s3.rom.version.ld
-- Adding linker script /home/tikhon/Документы/magnolia/esp-idf/components/esp_rom/esp32s3/ld/esp32s3.rom.ble_master.ld
-- Adding linker script /home/tikhon/Документы/magnolia/esp-idf/components/esp_rom/esp32s3/ld/esp32s3.rom.ble_50.ld
-- Adding linker script /home/tikhon/Документы/magnolia/esp-idf/components/esp_rom/esp32s3/ld/esp32s3.rom.ble_smp.ld
-- Adding linker script /home/tikhon/Документы/magnolia/esp-idf/components/esp_rom/esp32s3/ld/esp32s3.rom.ble_dtm.ld
-- Adding linker script /home/tikhon/Документы/magnolia/esp-idf/components/esp_rom/esp32s3/ld/esp32s3.rom.ble_test.ld
-- Adding linker script /home/tikhon/Документы/magnolia/esp-idf/components/esp_rom/esp32s3/ld/esp32s3.rom.ble_scan.ld
-- Adding linker script /home/tikhon/Документы/magnolia/esp-idf/components/esp_rom/esp32s3/ld/esp32s3.rom.libc.ld
-- Adding linker script /home/tikhon/Документы/magnolia/esp-idf/components/esp_rom/esp32s3/ld/esp32s3.rom.newlib.ld
[567/1044] Building C object esp-idf/hal/CMakeFiles/__idf_hal.dir/spi_slave_hal.c.obj
[543/1044] Building C object esp-idf/hal/CMakeFiles/__idf_hal.dir/i2c_hal_iram.c.obj
[544/1044] Building C object esp-idf/hal/CMakeFiles/__idf_hal.dir/sdm_hal.c.obj
[545/1044] Building C object esp-idf/hal/CMakeFiles/__idf_hal.dir/sdmmc_hal.c.obj
[348/1044] Building C object esp-idf/esp_event/CMakeFiles/__idf_esp_event.dir/esp_event.c.obj
[546/1044] Building C object esp-idf/hal/CMakeFiles/__idf_hal.dir/gdma_hal_top.c.obj
[547/1044] Linking C static library esp-idf/newlib/libnewlib.a
[548/1044] Building C object esp-idf/hal/CMakeFiles/__idf_hal.dir/rmt_hal.c.obj
[568/1044] Building C object esp-idf/hal/CMakeFiles/__idf_hal.dir/spi_hal.c.obj
[349/1044] Building C object esp-idf/esp_ringbuf/CMakeFiles/__idf_esp_ringbuf.dir/ringbuf.c.obj
[350/1044] Building C object esp-idf/esp_driver_gptimer/CMakeFiles/__idf_esp_driver_gptimer.dir/src/gptimer.c.obj
[569/1044] Building C object esp-idf/hal/CMakeFiles/__idf_hal.dir/ds_hal.c.obj
-- Adding linker script /home/tikhon/Документы/magnolia/esp-idf/components/soc/esp32s3/ld/esp32s3.peripherals.ld
[570/1044] Building C object esp-idf/hal/CMakeFiles/__idf_hal.dir/spi_slave_hal_iram.c.obj
[571/1044] Building C object esp-idf/hal/CMakeFiles/__idf_hal.dir/cam_hal.c.obj
[572/1044] Building C object esp-idf/hal/CMakeFiles/__idf_hal.dir/usb_serial_jtag_hal.c.obj
[573/1044] Building C object esp-idf/hal/CMakeFiles/__idf_hal.dir/spi_flash_hal_gpspi.c.obj
[574/1044] Building C object esp-idf/hal/CMakeFiles/__idf_hal.dir/xt_wdt_hal.c.obj
[575/1044] Building C object esp-idf/hal/CMakeFiles/__idf_hal.dir/twai_hal_sja1000.c.obj
[351/1044] Building C object esp-idf/esp_driver_uart/CMakeFiles/__idf_esp_driver_uart.dir/src/uart_vfs.c.obj
[576/1044] Building C object esp-idf/esp_rom/CMakeFiles/__idf_esp_rom.dir/patches/esp_rom_crc.c.obj
[549/1044] Building C object esp-idf/hal/CMakeFiles/__idf_hal.dir/i2c_hal.c.obj
[550/1044] Building C object esp-idf/hal/CMakeFiles/__idf_hal.dir/mcpwm_hal.c.obj
[577/1044] Building C object esp-idf/hal/CMakeFiles/__idf_hal.dir/temperature_sensor_hal.c.obj
[551/1044] Building C object esp-idf/hal/CMakeFiles/__idf_hal.dir/spi_flash_hal_iram.c.obj
[552/1044] Linking C static library esp-idf/freertos/libfreertos.a
[578/1044] Building ASM object esp-idf/esp_rom/CMakeFiles/__idf_esp_rom.dir/patches/esp_rom_longjmp.S.obj
[553/1044] Building C object esp-idf/hal/CMakeFiles/__idf_hal.dir/aes_hal.c.obj
[579/1044] Building C object esp-idf/hal/CMakeFiles/__idf_hal.dir/usb_wrap_hal.c.obj
[580/1044] Building C object esp-idf/esp_rom/CMakeFiles/__idf_esp_rom.dir/patches/esp_rom_sys.c.obj
[352/1044] Building C object esp-idf/esp_timer/CMakeFiles/__idf_esp_timer.dir/src/esp_timer_init.c.obj
[554/1044] Building C object esp-idf/hal/CMakeFiles/__idf_hal.dir/brownout_hal.c.obj
[581/1044] Building C object esp-idf/esp_rom/CMakeFiles/__idf_esp_rom.dir/patches/esp_rom_efuse.c.obj
[582/1044] Building C object esp-idf/hal/CMakeFiles/__idf_hal.dir/spi_slave_hd_hal.c.obj
[555/1044] Building C object esp-idf/hal/CMakeFiles/__idf_hal.dir/adc_oneshot_hal.c.obj
[556/1044] Building C object esp-idf/hal/CMakeFiles/__idf_hal.dir/spi_hal.c.obj
[583/1044] Building C object esp-idf/hal/CMakeFiles/__idf_hal.dir/touch_sens_hal.c.obj
[557/1044] Building C object esp-idf/hal/CMakeFiles/__idf_hal.dir/twai_hal_sja1000.c.obj
[558/1044] Building C object esp-idf/hal/CMakeFiles/__idf_hal.dir/lcd_hal.c.obj
[353/1044] Building C object esp-idf/esp_timer/CMakeFiles/__idf_esp_timer.dir/src/ets_timer_legacy.c.obj
[354/1044] Building C object esp-idf/esp_driver_gptimer/CMakeFiles/__idf_esp_driver_gptimer.dir/src/gptimer_common.c.obj
[559/1044] Building C object esp-idf/hal/CMakeFiles/__idf_hal.dir/sha_hal.c.obj
[584/1044] Building C object esp-idf/esp_rom/CMakeFiles/__idf_esp_rom.dir/patches/esp_rom_serial_output.c.obj
[585/1044] Building C object esp-idf/hal/CMakeFiles/__idf_hal.dir/esp32s3/rtc_cntl_hal.c.obj
[586/1044] Building C object esp-idf/esp_rom/CMakeFiles/__idf_esp_rom.dir/patches/esp_rom_gpio.c.obj
[587/1044] Building C object esp-idf/hal/CMakeFiles/__idf_hal.dir/usb_dwc_hal.c.obj
[560/1044] Building C object esp-idf/hal/CMakeFiles/__idf_hal.dir/adc_hal_common.c.obj
[588/1044] Building C object esp-idf/hal/CMakeFiles/__idf_hal.dir/esp32s3/touch_sensor_hal.c.obj
[561/1044] Building C object esp-idf/esp_hw_support/CMakeFiles/__idf_esp_hw_support.dir/port/esp32s3/esp_memprot.c.obj
[562/1044] Building C object esp-idf/hal/CMakeFiles/__idf_hal.dir/gdma_hal_ahb_v1.c.obj
[563/1044] Building C object esp-idf/hal/CMakeFiles/__idf_hal.dir/mpi_hal.c.obj
[589/1044] Building C object esp-idf/hal/CMakeFiles/__idf_hal.dir/touch_sensor_hal.c.obj
[564/1044] Building C object esp-idf/hal/CMakeFiles/__idf_hal.dir/hmac_hal.c.obj
[355/1044] Building C object esp-idf/esp_timer/CMakeFiles/__idf_esp_timer.dir/src/system_time.c.obj
[590/1044] Building C object esp-idf/esp_rom/CMakeFiles/__idf_esp_rom.dir/patches/esp_rom_spiflash.c.obj
[591/1044] Building ASM object esp-idf/esp_rom/CMakeFiles/__idf_esp_rom.dir/patches/esp_rom_cache_writeback_esp32s3.S.obj
[592/1044] Building C object esp-idf/heap/CMakeFiles/__idf_heap.dir/tlsf/tlsf.c.obj
[593/1044] Building C object esp-idf/esp_rom/CMakeFiles/__idf_esp_rom.dir/patches/esp_rom_systimer.c.obj
[594/1044] Building C object esp-idf/esp_rom/CMakeFiles/__idf_esp_rom.dir/patches/esp_rom_wdt.c.obj
[595/1044] Building C object esp-idf/esp_rom/CMakeFiles/__idf_esp_rom.dir/patches/esp_rom_cache_esp32s2_esp32s3.c.obj
[596/1044] Building C object esp-idf/esp_system/CMakeFiles/__idf_esp_system.dir/esp_system_console.c.obj
[597/1044] Building C object esp-idf/esp_rom/CMakeFiles/__idf_esp_rom.dir/patches/esp_rom_print.c.obj
[356/1044] Building C object esp-idf/esp_driver_uart/CMakeFiles/__idf_esp_driver_uart.dir/src/uhci.c.obj
[565/1044] Building C object esp-idf/hal/CMakeFiles/__idf_hal.dir/spi_slave_hal.c.obj
[566/1044] Building C object esp-idf/heap/CMakeFiles/__idf_heap.dir/tlsf/tlsf.c.obj
[598/1044] Building C object esp-idf/esp_system/CMakeFiles/__idf_esp_system.dir/esp_err.c.obj
[357/1044] Building C object esp-idf/esp_timer/CMakeFiles/__idf_esp_timer.dir/src/esp_timer_impl_common.c.obj
[599/1044] Linking C static library esp-idf/heap/libheap.a
[567/1044] Building C object esp-idf/hal/CMakeFiles/__idf_hal.dir/usb_serial_jtag_hal.c.obj
[568/1044] Building C object esp-idf/hal/CMakeFiles/__idf_hal.dir/ds_hal.c.obj
[600/1044] Building C object esp-idf/esp_system/CMakeFiles/__idf_esp_system.dir/crosscore_int.c.obj
[601/1044] Building C object esp-idf/esp_system/CMakeFiles/__idf_esp_system.dir/esp_ipc.c.obj
[569/1044] Building C object esp-idf/hal/CMakeFiles/__idf_hal.dir/cam_hal.c.obj
[602/1044] Building C object esp-idf/hal/CMakeFiles/__idf_hal.dir/spi_hal_iram.c.obj
[570/1044] Building C object esp-idf/hal/CMakeFiles/__idf_hal.dir/usb_wrap_hal.c.obj
[358/1044] Building CXX object esp-idf/cxx/CMakeFiles/__idf_cxx.dir/cxx_exception_stubs.cpp.obj
[571/1044] Building C object esp-idf/hal/CMakeFiles/__idf_hal.dir/spi_slave_hal_iram.c.obj
[603/1044] Building C object esp-idf/esp_system/CMakeFiles/__idf_esp_system.dir/system_time.c.obj
-- Compiler supported targets: xtensa-esp-elf
[359/1044] Building C object esp-idf/esp_timer/CMakeFiles/__idf_esp_timer.dir/src/esp_timer_impl_systimer.c.obj
[572/1044] Building C object esp-idf/hal/CMakeFiles/__idf_hal.dir/spi_flash_hal_gpspi.c.obj
[604/1044] Building C object esp-idf/esp_system/CMakeFiles/__idf_esp_system.dir/stack_check.c.obj
[360/1044] Building C object esp-idf/esp_timer/CMakeFiles/__idf_esp_timer.dir/src/esp_timer.c.obj
[573/1044] Building C object esp-idf/hal/CMakeFiles/__idf_hal.dir/spi_slave_hd_hal.c.obj
[574/1044] Building C object esp-idf/esp_rom/CMakeFiles/__idf_esp_rom.dir/patches/esp_rom_crc.c.obj
[605/1044] Linking C static library esp-idf/log/liblog.a
[606/1044] Building C object esp-idf/esp_system/CMakeFiles/__idf_esp_system.dir/esp_system.c.obj
[575/1044] Building C object esp-idf/hal/CMakeFiles/__idf_hal.dir/touch_sensor_hal.c.obj
[576/1044] Linking C static library esp-idf/esp_hw_support/libesp_hw_support.a
[577/1044] Building C object esp-idf/hal/CMakeFiles/__idf_hal.dir/i2s_hal.c.obj
[607/1044] Building C object esp-idf/esp_system/CMakeFiles/__idf_esp_system.dir/startup.c.obj
[361/1044] Building CXX object esp-idf/cxx/CMakeFiles/__idf_cxx.dir/cxx_init.cpp.obj
[578/1044] Building C object esp-idf/hal/CMakeFiles/__idf_hal.dir/adc_hal.c.obj
[579/1044] Building C object esp-idf/hal/CMakeFiles/__idf_hal.dir/touch_sens_hal.c.obj
[580/1044] Building C object esp-idf/esp_rom/CMakeFiles/__idf_esp_rom.dir/patches/esp_rom_sys.c.obj
[581/1044] Building C object esp-idf/hal/CMakeFiles/__idf_hal.dir/xt_wdt_hal.c.obj
[582/1044] Building C object esp-idf/hal/CMakeFiles/__idf_hal.dir/temperature_sensor_hal.c.obj
[583/1044] Building C object esp-idf/esp_rom/CMakeFiles/__idf_esp_rom.dir/patches/esp_rom_print.c.obj
[608/1044] Building ASM object esp-idf/esp_system/CMakeFiles/__idf_esp_system.dir/port/arch/xtensa/esp_ipc_isr_routines.S.obj
[584/1044] Building C object esp-idf/esp_rom/CMakeFiles/__idf_esp_rom.dir/patches/esp_rom_spiflash.c.obj
[609/1044] Building C object esp-idf/esp_system/CMakeFiles/__idf_esp_system.dir/port/image_process.c.obj
[610/1044] Building C object esp-idf/esp_system/CMakeFiles/__idf_esp_system.dir/ubsan.c.obj
[585/1044] Building C object esp-idf/esp_rom/CMakeFiles/__idf_esp_rom.dir/patches/esp_rom_efuse.c.obj
[611/1044] Building ASM object esp-idf/esp_system/CMakeFiles/__idf_esp_system.dir/port/arch/xtensa/esp_ipc_isr_handler.S.obj
[612/1044] Building C object esp-idf/esp_system/CMakeFiles/__idf_esp_system.dir/freertos_hooks.c.obj
[586/1044] Building ASM object esp-idf/esp_rom/CMakeFiles/__idf_esp_rom.dir/patches/esp_rom_longjmp.S.obj
[587/1044] Building C object esp-idf/hal/CMakeFiles/__idf_hal.dir/esp32s3/rtc_cntl_hal.c.obj
[588/1044] Building C object esp-idf/esp_rom/CMakeFiles/__idf_esp_rom.dir/patches/esp_rom_gpio.c.obj
[589/1044] Linking C static library esp-idf/soc/libsoc.a
[590/1044] Building C object esp-idf/esp_rom/CMakeFiles/__idf_esp_rom.dir/patches/esp_rom_serial_output.c.obj
[591/1044] Building C object esp-idf/hal/CMakeFiles/__idf_hal.dir/esp32s3/touch_sensor_hal.c.obj
[592/1044] Building C object esp-idf/esp_system/CMakeFiles/__idf_esp_system.dir/esp_system_console.c.obj
[593/1044] Building C object esp-idf/esp_rom/CMakeFiles/__idf_esp_rom.dir/patches/esp_rom_wdt.c.obj
[594/1044] Building ASM object esp-idf/esp_rom/CMakeFiles/__idf_esp_rom.dir/patches/esp_rom_cache_writeback_esp32s3.S.obj
[613/1044] Building C object esp-idf/esp_system/CMakeFiles/__idf_esp_system.dir/port/esp_system_chip.c.obj
[614/1044] Building ASM object esp-idf/esp_system/CMakeFiles/__idf_esp_system.dir/port/arch/xtensa/expression_with_stack_asm.S.obj
[615/1044] Building ASM object esp-idf/esp_system/CMakeFiles/__idf_esp_system.dir/port/arch/xtensa/panic_handler_asm.S.obj
[616/1044] Building C object esp-idf/esp_system/CMakeFiles/__idf_esp_system.dir/port/arch/xtensa/esp_ipc_isr_port.c.obj
[595/1044] Linking C static library esp-idf/heap/libheap.a
[617/1044] Building C object esp-idf/esp_system/CMakeFiles/__idf_esp_system.dir/panic.c.obj
[618/1044] Building ASM object esp-idf/esp_system/CMakeFiles/__idf_esp_system.dir/port/arch/xtensa/debug_helpers_asm.S.obj
[619/1044] Building C object esp-idf/esp_system/CMakeFiles/__idf_esp_system.dir/port/esp_ipc_isr.c.obj
[620/1044] Building C object esp-idf/esp_system/CMakeFiles/__idf_esp_system.dir/task_wdt/task_wdt.c.obj
[596/1044] Building C object esp-idf/esp_system/CMakeFiles/__idf_esp_system.dir/esp_ipc.c.obj
[597/1044] Building C object esp-idf/esp_system/CMakeFiles/__idf_esp_system.dir/startup.c.obj
[362/1044] Building C object esp-idf/pthread/CMakeFiles/__idf_pthread.dir/pthread_semaphore.c.obj
[598/1044] Building C object esp-idf/esp_system/CMakeFiles/__idf_esp_system.dir/stack_check.c.obj
[621/1044] Building C object esp-idf/esp_system/CMakeFiles/__idf_esp_system.dir/xt_wdt.c.obj
[599/1044] Building C object esp-idf/esp_rom/CMakeFiles/__idf_esp_rom.dir/patches/esp_rom_systimer.c.obj
[622/1044] Building C object esp-idf/esp_system/CMakeFiles/__idf_esp_system.dir/port/arch/xtensa/debug_stubs.c.obj
[623/1044] Building ASM object esp-idf/esp_system/CMakeFiles/__idf_esp_system.dir/port/soc/esp32s3/highint_hdl.S.obj
[363/1044] Building CXX object esp-idf/nvs_flash/CMakeFiles/__idf_nvs_flash.dir/src/nvs_types.cpp.obj
[364/1044] Building CXX object esp-idf/nvs_flash/CMakeFiles/__idf_nvs_flash.dir/src/nvs_partition_manager.cpp.obj
[624/1044] Building C object esp-idf/esp_system/CMakeFiles/__idf_esp_system.dir/int_wdt.c.obj
[600/1044] Building C object esp-idf/esp_system/CMakeFiles/__idf_esp_system.dir/int_wdt.c.obj
[601/1044] Linking C static library esp-idf/log/liblog.a
[625/1044] Building C object esp-idf/esp_system/CMakeFiles/__idf_esp_system.dir/port/soc/esp32s3/reset_reason.c.obj
[365/1044] Building C object esp-idf/newlib/CMakeFiles/__idf_newlib.dir/src/init.c.obj
[602/1044] Building C object esp-idf/esp_system/CMakeFiles/__idf_esp_system.dir/esp_err.c.obj
[626/1044] Linking C static library esp-idf/hal/libhal.a
[603/1044] Building C object esp-idf/esp_system/CMakeFiles/__idf_esp_system.dir/esp_system.c.obj
[604/1044] Building C object esp-idf/esp_rom/CMakeFiles/__idf_esp_rom.dir/patches/esp_rom_cache_esp32s2_esp32s3.c.obj
[627/1044] Building C object esp-idf/esp_system/CMakeFiles/__idf_esp_system.dir/port/arch/xtensa/trax.c.obj
[605/1044] Building C object esp-idf/esp_system/CMakeFiles/__idf_esp_system.dir/ubsan.c.obj
[628/1044] Building C object esp-idf/esp_system/CMakeFiles/__idf_esp_system.dir/port/panic_handler.c.obj
[606/1044] Building C object esp-idf/hal/CMakeFiles/__idf_hal.dir/usb_dwc_hal.c.obj
[629/1044] Building C object esp-idf/esp_system/CMakeFiles/__idf_esp_system.dir/port/soc/esp32s3/cache_err_int.c.obj
[630/1044] Building C object esp-idf/esp_system/CMakeFiles/__idf_esp_system.dir/startup_funcs.c.obj
[607/1044] Building C object esp-idf/esp_system/CMakeFiles/__idf_esp_system.dir/crosscore_int.c.obj
[631/1044] Linking C static library esp-idf/esp_rom/libesp_rom.a
[608/1044] Building C object esp-idf/esp_system/CMakeFiles/__idf_esp_system.dir/freertos_hooks.c.obj
[632/1044] Building C object esp-idf/spi_flash/CMakeFiles/__idf_spi_flash.dir/flash_brownout_hook.c.obj
[633/1044] Building C object esp-idf/esp_system/CMakeFiles/__idf_esp_system.dir/port/soc/esp32s3/apb_backup_dma.c.obj
[366/1044] Building C object esp-idf/pthread/CMakeFiles/__idf_pthread.dir/pthread_rwlock.c.obj
[609/1044] Building C object esp-idf/esp_system/CMakeFiles/__idf_esp_system.dir/system_time.c.obj
[634/1044] Building C object esp-idf/esp_system/CMakeFiles/__idf_esp_system.dir/task_wdt/task_wdt_impl_timergroup.c.obj
[367/1044] Building CXX object esp-idf/nvs_flash/CMakeFiles/__idf_nvs_flash.dir/src/nvs_handle_simple.cpp.obj
[635/1044] Building C object esp-idf/esp_common/CMakeFiles/__idf_esp_common.dir/src/esp_err_to_name.c.obj
[636/1044] Building C object esp-idf/spi_flash/CMakeFiles/__idf_spi_flash.dir/spi_flash_chip_issi.c.obj
[610/1044] Building ASM object esp-idf/esp_system/CMakeFiles/__idf_esp_system.dir/port/arch/xtensa/panic_handler_asm.S.obj
[637/1044] Building C object esp-idf/esp_system/CMakeFiles/__idf_esp_system.dir/port/arch/xtensa/expression_with_stack.c.obj
[611/1044] Building ASM object esp-idf/esp_system/CMakeFiles/__idf_esp_system.dir/port/arch/xtensa/esp_ipc_isr_routines.S.obj
[368/1044] Building C object esp-idf/newlib/CMakeFiles/__idf_newlib.dir/src/abort.c.obj
[638/1044] Building C object esp-idf/spi_flash/CMakeFiles/__idf_spi_flash.dir/spi_flash_chip_mxic.c.obj
[612/1044] Building ASM object esp-idf/esp_system/CMakeFiles/__idf_esp_system.dir/port/arch/xtensa/esp_ipc_isr_handler.S.obj
[369/1044] Building C object esp-idf/pthread/CMakeFiles/__idf_pthread.dir/pthread.c.obj
[370/1044] Building C object esp-idf/pthread/CMakeFiles/__idf_pthread.dir/pthread_local_storage.c.obj
[639/1044] Building C object esp-idf/esp_system/CMakeFiles/__idf_esp_system.dir/port/arch/xtensa/panic_arch.c.obj
[613/1044] Building C object esp-idf/hal/CMakeFiles/__idf_hal.dir/spi_hal_iram.c.obj
[640/1044] Building C object esp-idf/esp_system/CMakeFiles/__idf_esp_system.dir/port/arch/xtensa/debug_helpers.c.obj
[371/1044] Building C object esp-idf/pthread/CMakeFiles/__idf_pthread.dir/pthread_cond_var.c.obj
[614/1044] Building C object esp-idf/esp_system/CMakeFiles/__idf_esp_system.dir/port/esp_system_chip.c.obj
[641/1044] Building C object esp-idf/spi_flash/CMakeFiles/__idf_spi_flash.dir/esp32s3/spi_flash_oct_flash_init.c.obj
[642/1044] Linking C static library esp-idf/esp_common/libesp_common.a
[615/1044] Building C object esp-idf/esp_system/CMakeFiles/__idf_esp_system.dir/xt_wdt.c.obj
[372/1044] Building C object esp-idf/newlib/CMakeFiles/__idf_newlib.dir/src/assert.c.obj
[616/1044] Building C object esp-idf/esp_system/CMakeFiles/__idf_esp_system.dir/startup_funcs.c.obj
[617/1044] Building ASM object esp-idf/esp_system/CMakeFiles/__idf_esp_system.dir/port/arch/xtensa/expression_with_stack_asm.S.obj
[373/1044] Building C object esp-idf/newlib/CMakeFiles/__idf_newlib.dir/src/heap.c.obj
[618/1044] Building C object esp-idf/esp_system/CMakeFiles/__idf_esp_system.dir/port/arch/xtensa/esp_ipc_isr_port.c.obj
[643/1044] Building C object esp-idf/spi_flash/CMakeFiles/__idf_spi_flash.dir/spi_flash_chip_drivers.c.obj
[619/1044] Building ASM object esp-idf/esp_system/CMakeFiles/__idf_esp_system.dir/port/arch/xtensa/debug_helpers_asm.S.obj
[644/1044] Building C object esp-idf/spi_flash/CMakeFiles/__idf_spi_flash.dir/spi_flash_hpm_enable.c.obj
[645/1044] Building C object esp-idf/spi_flash/CMakeFiles/__idf_spi_flash.dir/spi_flash_chip_boya.c.obj
[620/1044] Building C object esp-idf/esp_system/CMakeFiles/__idf_esp_system.dir/panic.c.obj
[646/1044] Building C object esp-idf/spi_flash/CMakeFiles/__idf_spi_flash.dir/spi_flash_chip_mxic_opi.c.obj
[647/1044] Building C object esp-idf/esp_system/CMakeFiles/__idf_esp_system.dir/port/cpu_start.c.obj
[648/1044] Building C object esp-idf/esp_system/CMakeFiles/__idf_esp_system.dir/port/soc/esp32s3/clk.c.obj
[649/1044] Building C object esp-idf/spi_flash/CMakeFiles/__idf_spi_flash.dir/spi_flash_chip_gd.c.obj
[374/1044] Building C object esp-idf/newlib/CMakeFiles/__idf_newlib.dir/src/getentropy.c.obj
[650/1044] Building C object esp-idf/spi_flash/CMakeFiles/__idf_spi_flash.dir/spi_flash_chip_th.c.obj
[375/1044] Building C object esp-idf/newlib/CMakeFiles/__idf_newlib.dir/src/random.c.obj
[651/1044] Building C object esp-idf/spi_flash/CMakeFiles/__idf_spi_flash.dir/memspi_host_driver.c.obj
[376/1044] Building C object esp-idf/newlib/CMakeFiles/__idf_newlib.dir/src/pthread.c.obj
[621/1044] Building ASM object esp-idf/esp_system/CMakeFiles/__idf_esp_system.dir/port/soc/esp32s3/highint_hdl.S.obj
[652/1044] Building C object esp-idf/spi_flash/CMakeFiles/__idf_spi_flash.dir/spi_flash_chip_generic.c.obj
[377/1044] Building C object esp-idf/newlib/CMakeFiles/__idf_newlib.dir/src/termios.c.obj
[622/1044] Building C object esp-idf/esp_system/CMakeFiles/__idf_esp_system.dir/port/image_process.c.obj
[623/1044] Building C object esp-idf/esp_system/CMakeFiles/__idf_esp_system.dir/task_wdt/task_wdt.c.obj
[378/1044] Building C object esp-idf/newlib/CMakeFiles/__idf_newlib.dir/src/poll.c.obj
[624/1044] Building C object esp-idf/esp_system/CMakeFiles/__idf_esp_system.dir/port/esp_ipc_isr.c.obj
[625/1044] Building C object esp-idf/esp_system/CMakeFiles/__idf_esp_system.dir/port/arch/xtensa/debug_stubs.c.obj
[626/1044] Building C object esp-idf/spi_flash/CMakeFiles/__idf_spi_flash.dir/flash_brownout_hook.c.obj
[627/1044] Building C object esp-idf/esp_system/CMakeFiles/__idf_esp_system.dir/port/panic_handler.c.obj
[628/1044] Building C object esp-idf/esp_system/CMakeFiles/__idf_esp_system.dir/port/arch/xtensa/expression_with_stack.c.obj
[379/1044] Building CXX object esp-idf/nvs_flash/CMakeFiles/__idf_nvs_flash.dir/src/nvs_cxx_api.cpp.obj
[629/1044] Building C object esp-idf/esp_system/CMakeFiles/__idf_esp_system.dir/port/soc/esp32s3/reset_reason.c.obj
[630/1044] Building C object esp-idf/esp_system/CMakeFiles/__idf_esp_system.dir/port/arch/xtensa/panic_arch.c.obj
[380/1044] Building C object esp-idf/newlib/CMakeFiles/__idf_newlib.dir/src/syscalls.c.obj
[631/1044] Linking C static library esp-idf/hal/libhal.a
[632/1044] Building C object esp-idf/esp_system/CMakeFiles/__idf_esp_system.dir/port/arch/xtensa/trax.c.obj
[381/1044] Building C object esp-idf/newlib/CMakeFiles/__idf_newlib.dir/src/locks.c.obj
[653/1044] Building C object esp-idf/esp_mm/CMakeFiles/__idf_esp_mm.dir/port/esp32s3/ext_mem_layout.c.obj
[654/1044] Building C object esp-idf/esp_system/CMakeFiles/__idf_esp_system.dir/port/soc/esp32s3/system_internal.c.obj
[382/1044] Building C object esp-idf/newlib/CMakeFiles/__idf_newlib.dir/src/time.c.obj
[383/1044] Building C object esp-idf/newlib/CMakeFiles/__idf_newlib.dir/src/realpath.c.obj
[633/1044] Building C object esp-idf/esp_system/CMakeFiles/__idf_esp_system.dir/port/soc/esp32s3/system_internal.c.obj
[655/1044] Building C object esp-idf/spi_flash/CMakeFiles/__idf_spi_flash.dir/spi_flash_chip_winbond.c.obj
[634/1044] Building C object esp-idf/spi_flash/CMakeFiles/__idf_spi_flash.dir/esp32s3/spi_flash_oct_flash_init.c.obj
[635/1044] Building C object esp-idf/esp_system/CMakeFiles/__idf_esp_system.dir/port/soc/esp32s3/cache_err_int.c.obj
[656/1044] Building C object esp-idf/esp_mm/CMakeFiles/__idf_esp_mm.dir/esp_cache_utils.c.obj
[636/1044] Building C object esp-idf/spi_flash/CMakeFiles/__idf_spi_flash.dir/spi_flash_hpm_enable.c.obj
[637/1044] Building C object esp-idf/esp_system/CMakeFiles/__idf_esp_system.dir/task_wdt/task_wdt_impl_timergroup.c.obj
[657/1044] Building C object esp-idf/bootloader_support/CMakeFiles/__idf_bootloader_support.dir/src/bootloader_clock_init.c.obj
[384/1044] Building C object esp-idf/newlib/CMakeFiles/__idf_newlib.dir/src/scandir.c.obj
[385/1044] Building C object esp-idf/newlib/CMakeFiles/__idf_newlib.dir/src/reent_syscalls.c.obj
[638/1044] Linking C static library esp-idf/esp_rom/libesp_rom.a
[386/1044] Building C object esp-idf/newlib/CMakeFiles/__idf_newlib.dir/src/reent_init.c.obj
-- App "unlink" version: c092b7f-dirty
[658/1044] Building C object esp-idf/bootloader_support/CMakeFiles/__idf_bootloader_support.dir/src/bootloader_mem.c.obj
[639/1044] Building C object esp-idf/esp_system/CMakeFiles/__idf_esp_system.dir/port/arch/xtensa/debug_helpers.c.obj
NOTICE: Processing 3 dependencies:
[387/1044] Building C object esp-idf/newlib/CMakeFiles/__idf_newlib.dir/src/port/esp_time_impl.c.obj
[659/1044] Building C object esp-idf/spi_flash/CMakeFiles/__idf_spi_flash.dir/spi_flash_wrap.c.obj
[640/1044] Building C object esp-idf/spi_flash/CMakeFiles/__idf_spi_flash.dir/spi_flash_chip_th.c.obj
[641/1044] Building C object esp-idf/esp_system/CMakeFiles/__idf_esp_system.dir/port/cpu_start.c.obj
NOTICE: [1/3] espressif/cmake_utilities (0.5.3)
NOTICE: [2/3] espressif/elf_loader (1.1.1)
[388/1044] Building C object esp-idf/newlib/CMakeFiles/__idf_newlib.dir/src/flockfile.c.obj
[660/1044] Building C object esp-idf/spi_flash/CMakeFiles/__idf_spi_flash.dir/flash_ops.c.obj
[661/1044] Building C object esp-idf/spi_flash/CMakeFiles/__idf_spi_flash.dir/spi_flash_os_func_noos.c.obj
[389/1044] Building C object esp-idf/newlib/CMakeFiles/__idf_newlib.dir/src/newlib_init.c.obj
[642/1044] Building C object esp-idf/spi_flash/CMakeFiles/__idf_spi_flash.dir/spi_flash_chip_issi.c.obj
[662/1044] Building C object esp-idf/bootloader_support/CMakeFiles/__idf_bootloader_support.dir/src/bootloader_random.c.obj
NOTICE: [3/3] idf (6.0.0)
[643/1044] Building C object esp-idf/spi_flash/CMakeFiles/__idf_spi_flash.dir/spi_flash_chip_drivers.c.obj
[390/1044] Building C object esp-idf/newlib/CMakeFiles/__idf_newlib.dir/src/sysconf.c.obj
[663/1044] Building C object esp-idf/esp_mm/CMakeFiles/__idf_esp_mm.dir/heap_align_hw.c.obj
[644/1044] Building C object esp-idf/spi_flash/CMakeFiles/__idf_spi_flash.dir/spi_flash_chip_boya.c.obj
[391/1044] Building CXX object esp-idf/nvs_flash/CMakeFiles/__idf_nvs_flash.dir/src/nvs_handle_locked.cpp.obj
[664/1044] Linking C static library esp-idf/esp_system/libesp_system.a
[665/1044] Building C object esp-idf/bootloader_support/CMakeFiles/__idf_bootloader_support.dir/src/flash_encrypt.c.obj
[645/1044] Building C object esp-idf/spi_flash/CMakeFiles/__idf_spi_flash.dir/spi_flash_chip_generic.c.obj
[646/1044] Building C object esp-idf/spi_flash/CMakeFiles/__idf_spi_flash.dir/spi_flash_chip_gd.c.obj
[666/1044] Building C object esp-idf/spi_flash/CMakeFiles/__idf_spi_flash.dir/cache_utils.c.obj
[647/1044] Building C object esp-idf/esp_system/CMakeFiles/__idf_esp_system.dir/port/soc/esp32s3/apb_backup_dma.c.obj
[648/1044] Building C object esp-idf/spi_flash/CMakeFiles/__idf_spi_flash.dir/memspi_host_driver.c.obj
[392/1044] Building C object esp-idf/freertos/CMakeFiles/__idf_freertos.dir/app_startup.c.obj
[667/1044] Building C object esp-idf/spi_flash/CMakeFiles/__idf_spi_flash.dir/flash_mmap.c.obj
[649/1044] Building C object esp-idf/spi_flash/CMakeFiles/__idf_spi_flash.dir/spi_flash_chip_winbond.c.obj
[393/1044] Building C object esp-idf/freertos/CMakeFiles/__idf_freertos.dir/heap_idf.c.obj
[650/1044] Building C object esp-idf/spi_flash/CMakeFiles/__idf_spi_flash.dir/spi_flash_chip_mxic.c.obj
[394/1044] Building C object esp-idf/freertos/CMakeFiles/__idf_freertos.dir/port_common.c.obj
[668/1044] Building C object esp-idf/bootloader_support/CMakeFiles/__idf_bootloader_support.dir/src/bootloader_efuse.c.obj
[651/1044] Building C object esp-idf/esp_mm/CMakeFiles/__idf_esp_mm.dir/port/esp32s3/ext_mem_layout.c.obj
[395/1044] Building CXX object esp-idf/nvs_flash/CMakeFiles/__idf_nvs_flash.dir/src/nvs_encrypted_partition.cpp.obj
[652/1044] Building C object esp-idf/esp_common/CMakeFiles/__idf_esp_common.dir/src/esp_err_to_name.c.obj
[653/1044] Building C object esp-idf/esp_system/CMakeFiles/__idf_esp_system.dir/port/soc/esp32s3/clk.c.obj
[669/1044] Building C object esp-idf/esp_mm/CMakeFiles/__idf_esp_mm.dir/esp_cache_msync.c.obj
[670/1044] Building C object esp-idf/spi_flash/CMakeFiles/__idf_spi_flash.dir/spi_flash_os_func_app.c.obj
[654/1044] Building C object esp-idf/spi_flash/CMakeFiles/__idf_spi_flash.dir/cache_utils.c.obj
[671/1044] Building C object esp-idf/bootloader_support/CMakeFiles/__idf_bootloader_support.dir/src/bootloader_common.c.obj
[655/1044] Building C object esp-idf/spi_flash/CMakeFiles/__idf_spi_flash.dir/flash_mmap.c.obj
[672/1044] Building C object esp-idf/bootloader_support/CMakeFiles/__idf_bootloader_support.dir/src/bootloader_common_loader.c.obj
[656/1044] Linking C static library esp-idf/esp_common/libesp_common.a
[657/1044] Building C object esp-idf/spi_flash/CMakeFiles/__idf_spi_flash.dir/spi_flash_chip_mxic_opi.c.obj
-- Project sdkconfig file /home/tikhon/Документы/magnolia/applets/mainline/user/sdkconfig
[658/1044] Building C object esp-idf/spi_flash/CMakeFiles/__idf_spi_flash.dir/spi_flash_os_func_noos.c.obj
[673/1044] Building C object esp-idf/bootloader_support/CMakeFiles/__idf_bootloader_support.dir/src/flash_partitions.c.obj
[396/1044] Building ASM object esp-idf/freertos/CMakeFiles/__idf_freertos.dir/FreeRTOS-Kernel/portable/xtensa/portasm.S.obj
[397/1044] Building C object esp-idf/esp_driver_uart/CMakeFiles/__idf_esp_driver_uart.dir/src/uart.c.obj
[674/1044] Building C object esp-idf/mbedtls/mbedtls/library/CMakeFiles/mbedtls.dir/debug.c.obj
[398/1044] Building C object esp-idf/freertos/CMakeFiles/__idf_freertos.dir/FreeRTOS-Kernel/list.c.obj
[399/1044] Building C object esp-idf/freertos/CMakeFiles/__idf_freertos.dir/FreeRTOS-Kernel/portable/xtensa/xtensa_init.c.obj
-- Project sdkconfig file /home/tikhon/Документы/magnolia/applets/mainline/yes/sdkconfig
[659/1044] Building C object esp-idf/esp_mm/CMakeFiles/__idf_esp_mm.dir/heap_align_hw.c.obj
[400/1044] Building C object esp-idf/newlib/CMakeFiles/__idf_newlib.dir/src/stdatomic.c.obj
[675/1044] Building C object esp-idf/bootloader_support/CMakeFiles/__idf_bootloader_support.dir/src/esp32s3/secure_boot_secure_features.c.obj
[660/1044] Building C object esp-idf/spi_flash/CMakeFiles/__idf_spi_flash.dir/flash_ops.c.obj
[676/1044] Building C object esp-idf/mbedtls/mbedtls/library/CMakeFiles/mbedtls.dir/mps_reader.c.obj
[677/1044] Building C object esp-idf/bootloader_support/CMakeFiles/__idf_bootloader_support.dir/bootloader_flash/src/bootloader_flash_config_esp32s3.c.obj
[661/1044] Building C object esp-idf/bootloader_support/CMakeFiles/__idf_bootloader_support.dir/src/bootloader_efuse.c.obj
[678/1044] Building C object esp-idf/mbedtls/mbedtls/library/CMakeFiles/mbedtls.dir/mps_trace.c.obj
[401/1044] Building C object esp-idf/freertos/CMakeFiles/__idf_freertos.dir/port_systick.c.obj
[662/1044] Building C object esp-idf/spi_flash/CMakeFiles/__idf_spi_flash.dir/spi_flash_wrap.c.obj
[402/1044] Building C object esp-idf/freertos/CMakeFiles/__idf_freertos.dir/FreeRTOS-Kernel/event_groups.c.obj
[679/1044] Building C object esp-idf/spi_flash/CMakeFiles/__idf_spi_flash.dir/esp_flash_api.c.obj
[680/1044] Building C object esp-idf/esp_mm/CMakeFiles/__idf_esp_mm.dir/esp_mmu_map.c.obj
[663/1044] Building C object esp-idf/bootloader_support/CMakeFiles/__idf_bootloader_support.dir/src/bootloader_clock_init.c.obj
[681/1044] Building C object esp-idf/bootloader_support/CMakeFiles/__idf_bootloader_support.dir/src/secure_boot.c.obj
[664/1044] Building C object esp-idf/bootloader_support/CMakeFiles/__idf_bootloader_support.dir/src/bootloader_mem.c.obj
[682/1044] Building C object esp-idf/bootloader_support/CMakeFiles/__idf_bootloader_support.dir/bootloader_flash/src/flash_qio_mode.c.obj
[665/1044] Linking C static library esp-idf/esp_system/libesp_system.a
[666/1044] Building C object esp-idf/esp_mm/CMakeFiles/__idf_esp_mm.dir/esp_cache_msync.c.obj
[683/1044] Building C object esp-idf/bootloader_support/CMakeFiles/__idf_bootloader_support.dir/src/bootloader_sha.c.obj
[667/1044] Building C object esp-idf/esp_mm/CMakeFiles/__idf_esp_mm.dir/esp_cache_utils.c.obj
[668/1044] Building C object esp-idf/bootloader_support/CMakeFiles/__idf_bootloader_support.dir/src/bootloader_random.c.obj
[684/1044] Building C object esp-idf/mbedtls/mbedtls/library/CMakeFiles/mbedtls.dir/ssl_cookie.c.obj
[685/1044] Building C object esp-idf/mbedtls/mbedtls/library/CMakeFiles/mbedtls.dir/ssl_debug_helpers_generated.c.obj
[669/1044] Building C object esp-idf/bootloader_support/CMakeFiles/__idf_bootloader_support.dir/src/secure_boot.c.obj
[670/1044] Building C object esp-idf/spi_flash/CMakeFiles/__idf_spi_flash.dir/spi_flash_os_func_app.c.obj
[686/1044] Building C object esp-idf/spi_flash/CMakeFiles/__idf_spi_flash.dir/esp_flash_spi_init.c.obj
[403/1044] Building C object esp-idf/freertos/CMakeFiles/__idf_freertos.dir/FreeRTOS-Kernel/timers.c.obj
[687/1044] Building C object esp-idf/bootloader_support/CMakeFiles/__idf_bootloader_support.dir/src/bootloader_random_esp32s3.c.obj
[404/1044] Building C object esp-idf/esp_hw_support/CMakeFiles/__idf_esp_hw_support.dir/port/esp32s3/cpu_region_protect.c.obj
[688/1044] Building C object esp-idf/mbedtls/mbedtls/library/CMakeFiles/mbedtls.dir/ssl_tls13_server.c.obj
[689/1044] Building C object esp-idf/mbedtls/mbedtls/library/CMakeFiles/mbedtls.dir/ssl_tls13_client.c.obj
[690/1044] Building C object esp-idf/mbedtls/mbedtls/library/CMakeFiles/mbedtls.dir/ssl_tls13_keys.c.obj
NOTICE: Processing 3 dependencies:
NOTICE: [1/3] espressif/cmake_utilities (0.5.3)
[405/1044] Building C object esp-idf/esp_hw_support/CMakeFiles/__idf_esp_hw_support.dir/port/esp32s3/esp_cpu_intr.c.obj
[691/1044] Building C object esp-idf/bootloader_support/CMakeFiles/__idf_bootloader_support.dir/bootloader_flash/src/bootloader_flash.c.obj
[671/1044] Building C object esp-idf/mbedtls/mbedtls/library/CMakeFiles/mbedtls.dir/mps_reader.c.obj
[692/1044] Building C object esp-idf/mbedtls/mbedtls/library/CMakeFiles/mbedtls.dir/ssl_tls13_generic.c.obj
NOTICE: [2/3] espressif/elf_loader (1.1.1)
[406/1044] Building C object esp-idf/freertos/CMakeFiles/__idf_freertos.dir/FreeRTOS-Kernel/stream_buffer.c.obj
NOTICE: [3/3] idf (6.0.0)
[407/1044] Building CXX object esp-idf/cxx/CMakeFiles/__idf_cxx.dir/cxx_guards.cpp.obj
[408/1044] Building C object esp-idf/freertos/CMakeFiles/__idf_freertos.dir/FreeRTOS-Kernel/portable/xtensa/xtensa_overlay_os_hook.c.obj
[693/1044] Building C object esp-idf/bootloader_support/CMakeFiles/__idf_bootloader_support.dir/src/esp_image_format.c.obj
[409/1044] Building C object esp-idf/freertos/CMakeFiles/__idf_freertos.dir/esp_additions/idf_additions_event_groups.c.obj
-- Project sdkconfig file /home/tikhon/Документы/magnolia/applets/mainline/wc/sdkconfig
[672/1044] Building C object esp-idf/bootloader_support/CMakeFiles/__idf_bootloader_support.dir/src/bootloader_common.c.obj
[410/1044] Building C object esp-idf/esp_hw_support/CMakeFiles/__idf_esp_hw_support.dir/esp_memory_utils.c.obj
[673/1044] Building C object esp-idf/spi_flash/CMakeFiles/__idf_spi_flash.dir/esp_flash_spi_init.c.obj
[674/1044] Building C object esp-idf/bootloader_support/CMakeFiles/__idf_bootloader_support.dir/src/flash_encrypt.c.obj
[411/1044] Building C object esp-idf/esp_hw_support/CMakeFiles/__idf_esp_hw_support.dir/cpu.c.obj
[675/1044] Building C object esp-idf/mbedtls/mbedtls/library/CMakeFiles/mbedtls.dir/debug.c.obj
[694/1044] Building C object esp-idf/mbedtls/mbedtls/library/CMakeFiles/mbedtls.dir/ssl_cache.c.obj
[676/1044] Building C object esp-idf/bootloader_support/CMakeFiles/__idf_bootloader_support.dir/src/flash_partitions.c.obj
[695/1044] Linking C static library esp-idf/spi_flash/libspi_flash.a
-- ESP-TEE is currently supported only on the esp32c6;esp32h2;esp32c5 SoCs
[677/1044] Building C object esp-idf/mbedtls/mbedtls/library/CMakeFiles/mbedtls.dir/mps_trace.c.obj
[412/1044] Building C object esp-idf/freertos/CMakeFiles/__idf_freertos.dir/esp_additions/idf_additions.c.obj
[678/1044] Building C object esp-idf/bootloader_support/CMakeFiles/__idf_bootloader_support.dir/src/bootloader_common_loader.c.obj
[696/1044] Building C object esp-idf/mbedtls/mbedtls/library/CMakeFiles/mbedx509.dir/x509_create.c.obj
[679/1044] Building C object esp-idf/bootloader_support/CMakeFiles/__idf_bootloader_support.dir/src/bootloader_random_esp32s3.c.obj
[697/1044] Building C object esp-idf/mbedtls/mbedtls/library/CMakeFiles/mbedtls.dir/ssl_client.c.obj
[413/1044] Building C object esp-idf/esp_hw_support/CMakeFiles/__idf_esp_hw_support.dir/clk_ctrl_os.c.obj
[414/1044] Building C object esp-idf/freertos/CMakeFiles/__idf_freertos.dir/FreeRTOS-Kernel/queue.c.obj
[698/1044] Linking C static library esp-idf/esp_mm/libesp_mm.a
[415/1044] Building C object esp-idf/esp_hw_support/CMakeFiles/__idf_esp_hw_support.dir/revision.c.obj
[680/1044] Building C object esp-idf/esp_mm/CMakeFiles/__idf_esp_mm.dir/esp_mmu_map.c.obj
[699/1044] Building C object esp-idf/bootloader_support/CMakeFiles/__idf_bootloader_support.dir/src/bootloader_utility.c.obj
[416/1044] Building C object esp-idf/esp_hw_support/CMakeFiles/__idf_esp_hw_support.dir/esp_clk.c.obj
[700/1044] Building C object 'esp-idf/mbedtls/mbedtls/library/CMakeFiles/mbedtls.dir/home/tikhon/Документы/magnolia/esp-idf/components/mbedtls/port/esp_platform_time.c.obj'
[417/1044] Building CXX object esp-idf/nvs_flash/CMakeFiles/__idf_nvs_flash.dir/src/nvs_item_hash_list.cpp.obj
[701/1044] Building C object esp-idf/mbedtls/mbedtls/library/CMakeFiles/mbedtls.dir/ssl_ticket.c.obj
[681/1044] Building C object esp-idf/bootloader_support/CMakeFiles/__idf_bootloader_support.dir/src/esp32s3/secure_boot_secure_features.c.obj
[418/1044] Building C object esp-idf/esp_hw_support/CMakeFiles/__idf_esp_hw_support.dir/esp_gpio_reserve.c.obj
[702/1044] Building C object esp-idf/mbedtls/mbedtls/library/CMakeFiles/mbedtls.dir/ssl_ciphersuites.c.obj
[419/1044] Building CXX object esp-idf/nvs_flash/CMakeFiles/__idf_nvs_flash.dir/src/nvs_pagemanager.cpp.obj
[420/1044] Building C object esp-idf/esp_hw_support/CMakeFiles/__idf_esp_hw_support.dir/hw_random.c.obj
[703/1044] Building C object esp-idf/mbedtls/mbedtls/library/CMakeFiles/mbedx509.dir/x509_crl.c.obj
[704/1044] Building C object 'esp-idf/mbedtls/mbedtls/library/CMakeFiles/mbedtls.dir/home/tikhon/Документы/magnolia/esp-idf/components/mbedtls/port/mbedtls_debug.c.obj'
[682/1044] Building C object esp-idf/mbedtls/mbedtls/library/CMakeFiles/mbedtls.dir/ssl_cookie.c.obj
[421/1044] Building C object esp-idf/freertos/CMakeFiles/__idf_freertos.dir/FreeRTOS-Kernel/portable/xtensa/port.c.obj
[705/1044] Building C object esp-idf/mbedtls/mbedtls/library/CMakeFiles/mbedx509.dir/x509write.c.obj
[683/1044] Building C object esp-idf/mbedtls/mbedtls/library/CMakeFiles/mbedtls.dir/ssl_cache.c.obj
[684/1044] Building C object esp-idf/bootloader_support/CMakeFiles/__idf_bootloader_support.dir/bootloader_flash/src/bootloader_flash_config_esp32s3.c.obj
[706/1044] Building C object esp-idf/mbedtls/mbedtls/library/CMakeFiles/mbedcrypto.dir/aesni.c.obj
[685/1044] Building C object esp-idf/mbedtls/mbedtls/library/CMakeFiles/mbedtls.dir/ssl_tls13_keys.c.obj
[707/1044] Building C object esp-idf/mbedtls/mbedtls/library/CMakeFiles/mbedcrypto.dir/aesce.c.obj
[686/1044] Building C object esp-idf/bootloader_support/CMakeFiles/__idf_bootloader_support.dir/src/bootloader_sha.c.obj
[708/1044] Building C object esp-idf/mbedtls/mbedtls/library/CMakeFiles/mbedx509.dir/x509write_crt.c.obj
[422/1044] Building C object esp-idf/esp_hw_support/CMakeFiles/__idf_esp_hw_support.dir/port/esp32s3/esp_clk_tree.c.obj
[709/1044] Linking C static library esp-idf/bootloader_support/libbootloader_support.a
-- Found Python3: /home/tikhon/.espressif/python_env/idf6.0_py3.12_env/bin/python (found version "3.12.3") found components: Interpreter 
[710/1044] Building C object esp-idf/mbedtls/mbedtls/library/CMakeFiles/mbedx509.dir/x509write_csr.c.obj
[687/1044] Building C object esp-idf/bootloader_support/CMakeFiles/__idf_bootloader_support.dir/bootloader_flash/src/flash_qio_mode.c.obj
NOTICE: Processing 3 dependencies:
NOTICE: [1/3] espressif/cmake_utilities (0.5.3)
[688/1044] Building C object esp-idf/mbedtls/mbedtls/library/CMakeFiles/mbedtls.dir/ssl_tls13_client.c.obj
NOTICE: [2/3] espressif/elf_loader (1.1.1)
NOTICE: [3/3] idf (6.0.0)
[423/1044] Building C object esp-idf/esp_hw_support/CMakeFiles/__idf_esp_hw_support.dir/dma/esp_dma_utils.c.obj
[689/1044] Building C object esp-idf/mbedtls/mbedtls/library/CMakeFiles/mbedtls.dir/ssl_tls13_server.c.obj
[424/1044] Building C object esp-idf/esp_hw_support/CMakeFiles/__idf_esp_hw_support.dir/mac_addr.c.obj
[690/1044] Building C object esp-idf/bootloader_support/CMakeFiles/__idf_bootloader_support.dir/bootloader_flash/src/bootloader_flash.c.obj
[425/1044] Building C object esp-idf/esp_hw_support/CMakeFiles/__idf_esp_hw_support.dir/regi2c_ctrl.c.obj
[691/1044] Building C object esp-idf/spi_flash/CMakeFiles/__idf_spi_flash.dir/esp_flash_api.c.obj
-- Components: app_trace app_update bootloader bootloader_support bt cmock console cxx driver efuse esp-tls esp_adc esp_app_format esp_bootloader_format esp_coex esp_common esp_driver_ana_cmpr esp_driver_bitscrambler esp_driver_cam esp_driver_dac esp_driver_gpio esp_driver_gptimer esp_driver_i2c esp_driver_i2s esp_driver_i3c esp_driver_isp esp_driver_jpeg esp_driver_ledc esp_driver_mcpwm esp_driver_parlio esp_driver_pcnt esp_driver_ppa esp_driver_rmt esp_driver_sd_intf esp_driver_sdio esp_driver_sdm esp_driver_sdmmc esp_driver_sdspi esp_driver_spi esp_driver_touch_sens esp_driver_tsens esp_driver_twai esp_driver_uart esp_driver_usb_serial_jtag esp_eth esp_event esp_gdbstub esp_hid esp_http_client esp_http_server esp_https_ota esp_https_server esp_hw_support esp_lcd esp_local_ctrl esp_mm esp_netif esp_netif_stack esp_partition esp_phy esp_pm esp_psram esp_ringbuf esp_rom esp_security esp_system esp_timer esp_vfs_console esp_wifi espcoredump esptool_py fatfs freertos hal heap http_parser idf_test ieee802154 json log lwip main mbedtls mqtt newlib nvs_flash nvs_sec_provider openthread partition_table perfmon protobuf-c protocomm pthread rt sdmmc soc spi_flash spiffs tcp_transport touch_element ulp unity usb vfs wear_levelling wifi_provisioning wpa_supplicant xtensa
-- Component paths: /home/tikhon/Документы/magnolia/esp-idf/components/app_trace /home/tikhon/Документы/magnolia/esp-idf/components/app_update /home/tikhon/Документы/magnolia/esp-idf/components/bootloader /home/tikhon/Документы/magnolia/esp-idf/components/bootloader_support /home/tikhon/Документы/magnolia/esp-idf/components/bt /home/tikhon/Документы/magnolia/esp-idf/components/cmock /home/tikhon/Документы/magnolia/esp-idf/components/console /home/tikhon/Документы/magnolia/esp-idf/components/cxx /home/tikhon/Документы/magnolia/esp-idf/components/driver /home/tikhon/Документы/magnolia/esp-idf/components/efuse /home/tikhon/Документы/magnolia/esp-idf/components/esp-tls /home/tikhon/Документы/magnolia/esp-idf/components/esp_adc /home/tikhon/Документы/magnolia/esp-idf/components/esp_app_format /home/tikhon/Документы/magnolia/esp-idf/components/esp_bootloader_format /home/tikhon/Документы/magnolia/esp-idf/components/esp_coex /home/tikhon/Документы/magnolia/esp-idf/components/esp_common /home/tikhon/Документы/magnolia/esp-idf/components/esp_driver_ana_cmpr /home/tikhon/Документы/magnolia/esp-idf/components/esp_driver_bitscrambler /home/tikhon/Документы/magnolia/esp-idf/components/esp_driver_cam /home/tikhon/Документы/magnolia/esp-idf/components/esp_driver_dac /home/tikhon/Документы/magnolia/esp-idf/components/esp_driver_gpio /home/tikhon/Документы/magnolia/esp-idf/components/esp_driver_gptimer /home/tikhon/Документы/magnolia/esp-idf/components/esp_driver_i2c /home/tikhon/Документы/magnolia/esp-idf/components/esp_driver_i2s /home/tikhon/Документы/magnolia/esp-idf/components/esp_driver_i3c /home/tikhon/Документы/magnolia/esp-idf/components/esp_driver_isp /home/tikhon/Документы/magnolia/esp-idf/components/esp_driver_jpeg /home/tikhon/Документы/magnolia/esp-idf/components/esp_driver_ledc /home/tikhon/Документы/magnolia/esp-idf/components/esp_driver_mcpwm /home/tikhon/Документы/magnolia/esp-idf/components/esp_driver_parlio /home/tikhon/Документы/magnolia/esp-idf/components/esp_driver_pcnt /home/tikhon/Документы/magnolia/esp-idf/components/esp_driver_ppa /home/tikhon/Документы/magnolia/esp-idf/components/esp_driver_rmt /home/tikhon/Документы/magnolia/esp-idf/components/esp_driver_sd_intf /home/tikhon/Документы/magnolia/esp-idf/components/esp_driver_sdio /home/tikhon/Документы/magnolia/esp-idf/components/esp_driver_sdm /home/tikhon/Документы/magnolia/esp-idf/components/esp_driver_sdmmc /home/tikhon/Документы/magnolia/esp-idf/components/esp_driver_sdspi /home/tikhon/Документы/magnolia/esp-idf/components/esp_driver_spi /home/tikhon/Документы/magnolia/esp-idf/components/esp_driver_touch_sens /home/tikhon/Документы/magnolia/esp-idf/components/esp_driver_tsens /home/tikhon/Документы/magnolia/esp-idf/components/esp_driver_twai /home/tikhon/Документы/magnolia/esp-idf/components/esp_driver_uart /home/tikhon/Документы/magnolia/esp-idf/components/esp_driver_usb_serial_jtag /home/tikhon/Документы/magnolia/esp-idf/components/esp_eth /home/tikhon/Документы/magnolia/esp-idf/components/esp_event /home/tikhon/Документы/magnolia/esp-idf/components/esp_gdbstub /home/tikhon/Документы/magnolia/esp-idf/components/esp_hid /home/tikhon/Документы/magnolia/esp-idf/components/esp_http_client /home/tikhon/Документы/magnolia/esp-idf/components/esp_http_server /home/tikhon/Документы/magnolia/esp-idf/components/esp_https_ota /home/tikhon/Документы/magnolia/esp-idf/components/esp_https_server /home/tikhon/Документы/magnolia/esp-idf/components/esp_hw_support /home/tikhon/Документы/magnolia/esp-idf/components/esp_lcd /home/tikhon/Документы/magnolia/esp-idf/components/esp_local_ctrl /home/tikhon/Документы/magnolia/esp-idf/components/esp_mm /home/tikhon/Документы/magnolia/esp-idf/components/esp_netif /home/tikhon/Документы/magnolia/esp-idf/components/esp_netif_stack /home/tikhon/Документы/magnolia/esp-idf/components/esp_partition /home/tikhon/Документы/magnolia/esp-idf/components/esp_phy /home/tikhon/Документы/magnolia/esp-idf/components/esp_pm /home/tikhon/Документы/magnolia/esp-idf/components/esp_psram /home/tikhon/Документы/magnolia/esp-idf/components/esp_ringbuf /home/tikhon/Документы/magnolia/esp-idf/components/esp_rom /home/tikhon/Документы/magnolia/esp-idf/components/esp_security /home/tikhon/Документы/magnolia/esp-idf/components/esp_system /home/tikhon/Документы/magnolia/esp-idf/components/esp_timer /home/tikhon/Документы/magnolia/esp-idf/components/esp_vfs_console /home/tikhon/Документы/magnolia/esp-idf/components/esp_wifi /home/tikhon/Документы/magnolia/esp-idf/components/espcoredump /home/tikhon/Документы/magnolia/esp-idf/components/esptool_py /home/tikhon/Документы/magnolia/esp-idf/components/fatfs /home/tikhon/Документы/magnolia/esp-idf/components/freertos /home/tikhon/Документы/magnolia/esp-idf/components/hal /home/tikhon/Документы/magnolia/esp-idf/components/heap /home/tikhon/Документы/magnolia/esp-idf/components/http_parser /home/tikhon/Документы/magnolia/esp-idf/components/idf_test /home/tikhon/Документы/magnolia/esp-idf/components/ieee802154 /home/tikhon/Документы/magnolia/esp-idf/components/json /home/tikhon/Документы/magnolia/esp-idf/components/log /home/tikhon/Документы/magnolia/esp-idf/components/lwip /home/tikhon/Документы/magnolia/applets/mainline/uname/main /home/tikhon/Документы/magnolia/esp-idf/components/mbedtls /home/tikhon/Документы/magnolia/esp-idf/components/mqtt /home/tikhon/Документы/magnolia/esp-idf/components/newlib /home/tikhon/Документы/magnolia/esp-idf/components/nvs_flash /home/tikhon/Документы/magnolia/esp-idf/components/nvs_sec_provider /home/tikhon/Документы/magnolia/esp-idf/components/openthread /home/tikhon/Документы/magnolia/esp-idf/components/partition_table /home/tikhon/Документы/magnolia/esp-idf/components/perfmon /home/tikhon/Документы/magnolia/esp-idf/components/protobuf-c /home/tikhon/Документы/magnolia/esp-idf/components/protocomm /home/tikhon/Документы/magnolia/esp-idf/components/pthread /home/tikhon/Документы/magnolia/esp-idf/components/rt /home/tikhon/Документы/magnolia/esp-idf/components/sdmmc /home/tikhon/Документы/magnolia/esp-idf/components/soc /home/tikhon/Документы/magnolia/esp-idf/components/spi_flash /home/tikhon/Документы/magnolia/esp-idf/components/spiffs /home/tikhon/Документы/magnolia/esp-idf/components/tcp_transport /home/tikhon/Документы/magnolia/esp-idf/components/touch_element /home/tikhon/Документы/magnolia/esp-idf/components/ulp /home/tikhon/Документы/magnolia/esp-idf/components/unity /home/tikhon/Документы/magnolia/esp-idf/components/usb /home/tikhon/Документы/magnolia/esp-idf/components/vfs /home/tikhon/Документы/magnolia/esp-idf/components/wear_levelling /home/tikhon/Документы/magnolia/esp-idf/components/wifi_provisioning /home/tikhon/Документы/magnolia/esp-idf/components/wpa_supplicant /home/tikhon/Документы/magnolia/esp-idf/components/xtensa
[711/1044] Building C object esp-idf/mbedtls/mbedtls/library/CMakeFiles/mbedcrypto.dir/base64.c.obj
[692/1044] Building C object esp-idf/mbedtls/mbedtls/library/CMakeFiles/mbedtls.dir/ssl_tls13_generic.c.obj
[693/1044] Building C object esp-idf/bootloader_support/CMakeFiles/__idf_bootloader_support.dir/src/esp_image_format.c.obj
[712/1044] Building C object esp-idf/mbedtls/mbedtls/library/CMakeFiles/mbedcrypto.dir/bignum_mod_raw.c.obj
-- Configuring done (17.6s)
[426/1044] Building CXX object esp-idf/nvs_flash/CMakeFiles/__idf_nvs_flash.dir/src/nvs_storage.cpp.obj
[694/1044] Building C object esp-idf/mbedtls/mbedtls/library/CMakeFiles/mbedtls.dir/ssl_debug_helpers_generated.c.obj
[695/1044] Building C object 'esp-idf/mbedtls/mbedtls/library/CMakeFiles/mbedtls.dir/home/tikhon/Документы/magnolia/esp-idf/components/mbedtls/port/esp_platform_time.c.obj'
[427/1044] Building C object esp-idf/esp_hw_support/CMakeFiles/__idf_esp_hw_support.dir/port/esp_clk_tree_common.c.obj
[696/1044] Building C object esp-idf/mbedtls/mbedtls/library/CMakeFiles/mbedx509.dir/x509_create.c.obj
-- Performing Test CMAKE_HAVE_LIBC_PTHREAD
[428/1044] Building C object esp-idf/esp_hw_support/CMakeFiles/__idf_esp_hw_support.dir/port/esp32s3/io_mux.c.obj
[713/1044] Building C object esp-idf/mbedtls/mbedtls/library/CMakeFiles/mbedcrypto.dir/bignum_mod.c.obj
[714/1044] Building C object esp-idf/mbedtls/mbedtls/library/CMakeFiles/mbedcrypto.dir/aes.c.obj
[715/1044] Building C object esp-idf/mbedtls/mbedtls/library/CMakeFiles/mbedx509.dir/pkcs7.c.obj
[429/1044] Building C object esp-idf/esp_hw_support/CMakeFiles/__idf_esp_hw_support.dir/sleep_modem.c.obj
[430/1044] Building C object esp-idf/esp_hw_support/CMakeFiles/__idf_esp_hw_support.dir/rtc_module.c.obj
[697/1044] Linking C static library esp-idf/spi_flash/libspi_flash.a
[431/1044] Building C object esp-idf/esp_hw_support/CMakeFiles/__idf_esp_hw_support.dir/clk_utils.c.obj
[698/1044] Building C object esp-idf/mbedtls/mbedtls/library/CMakeFiles/mbedtls.dir/ssl_ciphersuites.c.obj
[432/1044] Building C object esp-idf/esp_hw_support/CMakeFiles/__idf_esp_hw_support.dir/periph_ctrl.c.obj
[433/1044] Building C object esp-idf/esp_hw_support/CMakeFiles/__idf_esp_hw_support.dir/sleep_console.c.obj
[699/1044] Building C object 'esp-idf/mbedtls/mbedtls/library/CMakeFiles/mbedtls.dir/home/tikhon/Документы/magnolia/esp-idf/components/mbedtls/port/mbedtls_debug.c.obj'
[434/1044] Building C object esp-idf/esp_hw_support/CMakeFiles/__idf_esp_hw_support.dir/sleep_usb.c.obj
[716/1044] Building C object esp-idf/mbedtls/mbedtls/library/CMakeFiles/mbedcrypto.dir/block_cipher.c.obj
[700/1044] Building C object esp-idf/mbedtls/mbedtls/library/CMakeFiles/mbedtls.dir/ssl_ticket.c.obj
[717/1044] Building C object esp-idf/mbedtls/mbedtls/library/CMakeFiles/mbedcrypto.dir/camellia.c.obj
[701/1044] Building C object esp-idf/bootloader_support/CMakeFiles/__idf_bootloader_support.dir/src/bootloader_utility.c.obj
[702/1044] Building C object esp-idf/mbedtls/mbedtls/library/CMakeFiles/mbedx509.dir/x509write.c.obj
[435/1044] Building C object esp-idf/esp_hw_support/CMakeFiles/__idf_esp_hw_support.dir/sar_tsens_ctrl.c.obj
[703/1044] Building C object esp-idf/mbedtls/mbedtls/library/CMakeFiles/mbedx509.dir/x509write_crt.c.obj
[436/1044] Building C object esp-idf/esp_hw_support/CMakeFiles/__idf_esp_hw_support.dir/port/esp32s3/systimer.c.obj
[718/1044] Building C object 'esp-idf/mbedtls/mbedtls/library/CMakeFiles/mbedtls.dir/home/tikhon/Документы/magnolia/esp-idf/components/mbedtls/port/net_sockets.c.obj'
[704/1044] Linking C static library esp-idf/esp_mm/libesp_mm.a
[719/1044] Building C object esp-idf/mbedtls/mbedtls/library/CMakeFiles/mbedcrypto.dir/chacha20.c.obj
[437/1044] Building C object esp-idf/esp_hw_support/CMakeFiles/__idf_esp_hw_support.dir/dma/gdma_link.c.obj
[705/1044] Building C object esp-idf/mbedtls/mbedtls/library/CMakeFiles/mbedtls.dir/ssl_client.c.obj
[720/1044] Building C object esp-idf/mbedtls/mbedtls/library/CMakeFiles/mbedcrypto.dir/asn1parse.c.obj
[721/1044] Building C object esp-idf/mbedtls/mbedtls/library/CMakeFiles/mbedcrypto.dir/asn1write.c.obj
[706/1044] Building C object esp-idf/mbedtls/mbedtls/library/CMakeFiles/mbedx509.dir/x509write_csr.c.obj
[722/1044] Building C object esp-idf/mbedtls/mbedtls/library/CMakeFiles/mbedcrypto.dir/chachapoly.c.obj
[723/1044] Building C object esp-idf/mbedtls/mbedtls/library/CMakeFiles/mbedx509.dir/x509_csr.c.obj
[438/1044] Building C object esp-idf/esp_hw_support/CMakeFiles/__idf_esp_hw_support.dir/dma/esp_async_memcpy.c.obj
[707/1044] Building C object esp-idf/mbedtls/mbedtls/library/CMakeFiles/mbedcrypto.dir/aesni.c.obj
[724/1044] Building C object esp-idf/mbedtls/mbedtls/library/CMakeFiles/mbedcrypto.dir/ccm.c.obj
-- Generating done (2.5s)
[439/1044] Building C object esp-idf/esp_hw_support/CMakeFiles/__idf_esp_hw_support.dir/sleep_event.c.obj
-- Performing Test CMAKE_HAVE_LIBC_PTHREAD - Success
[725/1044] Building C object esp-idf/mbedtls/mbedtls/library/CMakeFiles/mbedcrypto.dir/constant_time.c.obj
-- Found Threads: TRUE  
[708/1044] Building C object esp-idf/mbedtls/mbedtls/library/CMakeFiles/mbedcrypto.dir/aesce.c.obj
[726/1044] Building C object esp-idf/mbedtls/mbedtls/library/CMakeFiles/mbedcrypto.dir/aria.c.obj
[709/1044] Building C object esp-idf/mbedtls/mbedtls/library/CMakeFiles/mbedx509.dir/x509_crl.c.obj
[440/1044] Building C object esp-idf/esp_hw_support/CMakeFiles/__idf_esp_hw_support.dir/intr_alloc.c.obj
-- Performing Test C_COMPILER_SUPPORTS_WFORMAT_SIGNEDNESS
[441/1044] Building C object esp-idf/esp_hw_support/CMakeFiles/__idf_esp_hw_support.dir/spi_share_hw_ctrl.c.obj
[442/1044] Building C object esp-idf/esp_hw_support/CMakeFiles/__idf_esp_hw_support.dir/adc_share_hw_ctrl.c.obj
[710/1044] Linking C static library esp-idf/bootloader_support/libbootloader_support.a
[711/1044] Building C object 'esp-idf/mbedtls/mbedtls/library/CMakeFiles/mbedtls.dir/home/tikhon/Документы/magnolia/esp-idf/components/mbedtls/port/net_sockets.c.obj'
-- Build files have been written to: /home/tikhon/Документы/magnolia/applets/mainline/tr/build
[727/1044] Building C object esp-idf/mbedtls/mbedtls/library/CMakeFiles/mbedcrypto.dir/des.c.obj
[443/1044] Building CXX object esp-idf/nvs_flash/CMakeFiles/__idf_nvs_flash.dir/src/nvs_api.cpp.obj
[712/1044] Building C object esp-idf/mbedtls/mbedtls/library/CMakeFiles/mbedcrypto.dir/aes.c.obj
[713/1044] Building C object esp-idf/mbedtls/mbedtls/library/CMakeFiles/mbedx509.dir/x509_csr.c.obj
[728/1044] Building C object esp-idf/mbedtls/mbedtls/library/CMakeFiles/mbedcrypto.dir/cmac.c.obj
[714/1044] Building C object esp-idf/mbedtls/mbedtls/library/CMakeFiles/mbedcrypto.dir/block_cipher.c.obj
[729/1044] Building C object esp-idf/mbedtls/mbedtls/library/CMakeFiles/mbedcrypto.dir/ecjpake.c.obj
[444/1044] Building C object esp-idf/esp_hw_support/CMakeFiles/__idf_esp_hw_support.dir/mspi_timing_tuning/mspi_timing_tuning.c.obj
[715/1044] Building C object esp-idf/mbedtls/mbedtls/library/CMakeFiles/mbedcrypto.dir/bignum_mod_raw.c.obj
[445/1044] Building C object esp-idf/esp_hw_support/CMakeFiles/__idf_esp_hw_support.dir/spi_bus_lock.c.obj
[716/1044] Building C object esp-idf/mbedtls/mbedtls/library/CMakeFiles/mbedx509.dir/pkcs7.c.obj
[717/1044] Building C object esp-idf/mbedtls/mbedtls/library/CMakeFiles/mbedcrypto.dir/base64.c.obj
-- Compiler supported targets: xtensa-esp-elf
[730/1044] Building C object esp-idf/mbedtls/mbedtls/library/CMakeFiles/mbedtls.dir/ssl_msg.c.obj
[718/1044] Building C object esp-idf/mbedtls/mbedtls/library/CMakeFiles/mbedcrypto.dir/bignum_mod.c.obj
[446/1044] Building C object esp-idf/esp_hw_support/CMakeFiles/__idf_esp_hw_support.dir/port/esp32s3/rtc_sleep.c.obj
-- Performing Test C_COMPILER_SUPPORTS_WFORMAT_SIGNEDNESS - Success
-- USING O3
[447/1044] Building C object esp-idf/esp_hw_support/CMakeFiles/__idf_esp_hw_support.dir/port/esp32s3/chip_info.c.obj
[731/1044] Building C object esp-idf/mbedtls/mbedtls/library/CMakeFiles/mbedcrypto.dir/cipher_wrap.c.obj
[719/1044] Building C object esp-idf/mbedtls/mbedtls/library/CMakeFiles/mbedcrypto.dir/chacha20.c.obj
[448/1044] Building C object esp-idf/esp_hw_support/CMakeFiles/__idf_esp_hw_support.dir/esp_clock_output.c.obj
[720/1044] Building C object esp-idf/mbedtls/mbedtls/library/CMakeFiles/mbedcrypto.dir/camellia.c.obj
[449/1044] Building C object esp-idf/esp_hw_support/CMakeFiles/__idf_esp_hw_support.dir/sleep_wake_stub.c.obj
[732/1044] Building C object esp-idf/mbedtls/mbedtls/library/CMakeFiles/mbedtls.dir/ssl_tls12_client.c.obj
[733/1044] Building C object esp-idf/mbedtls/mbedtls/library/CMakeFiles/mbedcrypto.dir/ecp_curves_new.c.obj
[450/1044] Building CXX object esp-idf/nvs_flash/CMakeFiles/__idf_nvs_flash.dir/src/nvs_page.cpp.obj
[721/1044] Building C object esp-idf/mbedtls/mbedtls/library/CMakeFiles/mbedcrypto.dir/asn1write.c.obj
[451/1044] Building C object esp-idf/esp_hw_support/CMakeFiles/__idf_esp_hw_support.dir/port/esp_memprot_conv.c.obj
[722/1044] Building C object esp-idf/mbedtls/mbedtls/library/CMakeFiles/mbedcrypto.dir/asn1parse.c.obj
[734/1044] Building C object esp-idf/mbedtls/mbedtls/library/CMakeFiles/mbedcrypto.dir/bignum_core.c.obj
[452/1044] Building C object esp-idf/esp_hw_support/CMakeFiles/__idf_esp_hw_support.dir/port/esp32s3/rtc_clk_init.c.obj
[453/1044] Building C object esp-idf/esp_hw_support/CMakeFiles/__idf_esp_hw_support.dir/usb_phy/usb_phy.c.obj
-- ESP-TEE is currently supported only on the esp32c6;esp32h2;esp32c5 SoCs
[723/1044] Building C object esp-idf/mbedtls/mbedtls/library/CMakeFiles/mbedcrypto.dir/chachapoly.c.obj
[735/1044] Building C object esp-idf/mbedtls/mbedtls/library/CMakeFiles/mbedtls.dir/ssl_tls12_server.c.obj
[736/1044] Building C object esp-idf/mbedtls/mbedtls/library/CMakeFiles/mbedcrypto.dir/ecdh.c.obj
[454/1044] Building C object esp-idf/esp_hw_support/CMakeFiles/__idf_esp_hw_support.dir/sleep_gpio.c.obj
[455/1044] Building C object esp-idf/soc/CMakeFiles/__idf_soc.dir/dport_access_common.c.obj
[456/1044] Building C object esp-idf/esp_hw_support/CMakeFiles/__idf_esp_hw_support.dir/power_supply/brownout.c.obj
[457/1044] Building C object esp-idf/soc/CMakeFiles/__idf_soc.dir/lldesc.c.obj
[737/1044] Building C object esp-idf/mbedtls/mbedtls/library/CMakeFiles/mbedcrypto.dir/lmots.c.obj
-- Adding linker script /home/tikhon/Документы/magnolia/applets/mainline/unlink/build/esp-idf/esp_system/ld/memory.ld
-- Adding linker script /home/tikhon/Документы/magnolia/applets/mainline/unlink/build/esp-idf/esp_system/ld/sections.ld.in
[458/1044] Building C object esp-idf/soc/CMakeFiles/__idf_soc.dir/esp32s3/interrupts.c.obj
[738/1044] Building C object esp-idf/mbedtls/mbedtls/library/CMakeFiles/mbedcrypto.dir/entropy_poll.c.obj
[739/1044] Building C object esp-idf/mbedtls/mbedtls/library/CMakeFiles/mbedcrypto.dir/hkdf.c.obj
[724/1044] Building C object esp-idf/mbedtls/mbedtls/library/CMakeFiles/mbedcrypto.dir/des.c.obj
[459/1044] Building C object esp-idf/soc/CMakeFiles/__idf_soc.dir/esp32s3/adc_periph.c.obj
[740/1044] Building C object esp-idf/mbedtls/mbedtls/library/CMakeFiles/mbedcrypto.dir/ecdsa.c.obj
[725/1044] Building C object esp-idf/mbedtls/mbedtls/library/CMakeFiles/mbedcrypto.dir/constant_time.c.obj
[741/1044] Building C object esp-idf/mbedtls/mbedtls/library/CMakeFiles/mbedcrypto.dir/ctr_drbg.c.obj
-- Adding linker script /home/tikhon/Документы/magnolia/esp-idf/components/esp_rom/esp32s3/ld/esp32s3.rom.ld
-- Adding linker script /home/tikhon/Документы/magnolia/esp-idf/components/esp_rom/esp32s3/ld/esp32s3.rom.api.ld
-- Adding linker script /home/tikhon/Документы/magnolia/esp-idf/components/esp_rom/esp32s3/ld/esp32s3.rom.bt_funcs.ld
-- Adding linker script /home/tikhon/Документы/magnolia/esp-idf/components/esp_rom/esp32s3/ld/esp32s3.rom.libgcc.ld
-- Adding linker script /home/tikhon/Документы/magnolia/esp-idf/components/esp_rom/esp32s3/ld/esp32s3.rom.wdt.ld
[460/1044] Linking C static library esp-idf/nvs_flash/libnvs_flash.a
-- Adding linker script /home/tikhon/Документы/magnolia/esp-idf/components/esp_rom/esp32s3/ld/esp32s3.rom.version.ld
-- Adding linker script /home/tikhon/Документы/magnolia/esp-idf/components/esp_rom/esp32s3/ld/esp32s3.rom.ble_master.ld
[461/1044] Building C object esp-idf/soc/CMakeFiles/__idf_soc.dir/esp32s3/dedic_gpio_periph.c.obj
-- Adding linker script /home/tikhon/Документы/magnolia/esp-idf/components/esp_rom/esp32s3/ld/esp32s3.rom.ble_50.ld
-- Adding linker script /home/tikhon/Документы/magnolia/esp-idf/components/esp_rom/esp32s3/ld/esp32s3.rom.ble_smp.ld
-- Adding linker script /home/tikhon/Документы/magnolia/esp-idf/components/esp_rom/esp32s3/ld/esp32s3.rom.ble_dtm.ld
-- Adding linker script /home/tikhon/Документы/magnolia/esp-idf/components/esp_rom/esp32s3/ld/esp32s3.rom.ble_test.ld
-- Adding linker script /home/tikhon/Документы/magnolia/esp-idf/components/esp_rom/esp32s3/ld/esp32s3.rom.ble_scan.ld
-- Adding linker script /home/tikhon/Документы/magnolia/esp-idf/components/esp_rom/esp32s3/ld/esp32s3.rom.libc.ld
-- Adding linker script /home/tikhon/Документы/magnolia/esp-idf/components/esp_rom/esp32s3/ld/esp32s3.rom.newlib.ld
[742/1044] Building C object esp-idf/mbedtls/mbedtls/library/CMakeFiles/mbedx509.dir/x509.c.obj
[726/1044] Building C object esp-idf/mbedtls/mbedtls/library/CMakeFiles/mbedcrypto.dir/cmac.c.obj
[462/1044] Building C object esp-idf/soc/CMakeFiles/__idf_soc.dir/esp32s3/gdma_periph.c.obj
[727/1044] Building C object esp-idf/mbedtls/mbedtls/library/CMakeFiles/mbedcrypto.dir/aria.c.obj
[728/1044] Building C object esp-idf/mbedtls/mbedtls/library/CMakeFiles/mbedtls.dir/ssl_msg.c.obj
[463/1044] Building C object esp-idf/freertos/CMakeFiles/__idf_freertos.dir/FreeRTOS-Kernel/tasks.c.obj
[464/1044] Building C object esp-idf/esp_hw_support/CMakeFiles/__idf_esp_hw_support.dir/port/esp32s3/rtc_init.c.obj
[743/1044] Building C object esp-idf/mbedtls/mbedtls/library/CMakeFiles/mbedcrypto.dir/dhm.c.obj
[465/1044] Building C object esp-idf/esp_hw_support/CMakeFiles/__idf_esp_hw_support.dir/dma/async_memcpy_gdma.c.obj
[466/1044] Building C object esp-idf/soc/CMakeFiles/__idf_soc.dir/esp32s3/uart_periph.c.obj
[744/1044] Building C object esp-idf/mbedtls/mbedtls/library/CMakeFiles/mbedcrypto.dir/cipher.c.obj
[467/1044] Building C object esp-idf/esp_hw_support/CMakeFiles/__idf_esp_hw_support.dir/port/esp32s3/rtc_clk.c.obj
[729/1044] Building C object esp-idf/mbedtls/mbedtls/library/CMakeFiles/mbedcrypto.dir/cipher_wrap.c.obj
[468/1044] Building C object esp-idf/esp_hw_support/CMakeFiles/__idf_esp_hw_support.dir/port/esp32s3/rtc_time.c.obj
-- Adding linker script /home/tikhon/Документы/magnolia/esp-idf/components/soc/esp32s3/ld/esp32s3.peripherals.ld
[469/1044] Linking C static library esp-idf/esp_event/libesp_event.a
[745/1044] Building C object esp-idf/mbedtls/mbedtls/library/CMakeFiles/mbedcrypto.dir/lms.c.obj
[746/1044] Building C object esp-idf/mbedtls/mbedtls/library/CMakeFiles/mbedcrypto.dir/padlock.c.obj
[747/1044] Building C object esp-idf/mbedtls/mbedtls/library/CMakeFiles/mbedcrypto.dir/nist_kw.c.obj
[748/1044] Building C object esp-idf/mbedtls/mbedtls/library/CMakeFiles/mbedcrypto.dir/md5.c.obj
[470/1044] Building C object esp-idf/esp_hw_support/CMakeFiles/__idf_esp_hw_support.dir/mspi_timing_tuning/port/esp32s3/mspi_timing_config.c.obj
[471/1044] Building C object esp-idf/soc/CMakeFiles/__idf_soc.dir/esp32s3/gpio_periph.c.obj
[730/1044] Building C object esp-idf/mbedtls/mbedtls/library/CMakeFiles/mbedcrypto.dir/ccm.c.obj
[472/1044] Building C object esp-idf/soc/CMakeFiles/__idf_soc.dir/esp32s3/pcnt_periph.c.obj
[749/1044] Building C object esp-idf/mbedtls/mbedtls/library/CMakeFiles/mbedcrypto.dir/memory_buffer_alloc.c.obj
[473/1044] Building C object esp-idf/soc/CMakeFiles/__idf_soc.dir/esp32s3/rmt_periph.c.obj
[474/1044] Building C object esp-idf/soc/CMakeFiles/__idf_soc.dir/esp32s3/i2s_periph.c.obj
[475/1044] Building C object esp-idf/soc/CMakeFiles/__idf_soc.dir/esp32s3/i2c_periph.c.obj
[476/1044] Building C object esp-idf/soc/CMakeFiles/__idf_soc.dir/esp32s3/ledc_periph.c.obj
[477/1044] Building C object esp-idf/soc/CMakeFiles/__idf_soc.dir/esp32s3/spi_periph.c.obj
[731/1044] Building C object esp-idf/mbedtls/mbedtls/library/CMakeFiles/mbedtls.dir/ssl_tls12_client.c.obj
[750/1044] Building C object esp-idf/mbedtls/mbedtls/library/CMakeFiles/mbedcrypto.dir/entropy.c.obj
[478/1044] Building C object esp-idf/esp_hw_support/CMakeFiles/__idf_esp_hw_support.dir/port/esp32s3/sar_periph_ctrl.c.obj
[732/1044] Building C object esp-idf/mbedtls/mbedtls/library/CMakeFiles/mbedcrypto.dir/ecjpake.c.obj
[479/1044] Building C object esp-idf/esp_hw_support/CMakeFiles/__idf_esp_hw_support.dir/mspi_timing_tuning/port/esp32s3/mspi_timing_by_mspi_delay.c.obj
[480/1044] Building C object esp-idf/soc/CMakeFiles/__idf_soc.dir/esp32s3/mcpwm_periph.c.obj
[481/1044] Building C object esp-idf/soc/CMakeFiles/__idf_soc.dir/esp32s3/sdm_periph.c.obj
[733/1044] Building C object esp-idf/mbedtls/mbedtls/library/CMakeFiles/mbedcrypto.dir/ecdh.c.obj
[482/1044] Building C object esp-idf/soc/CMakeFiles/__idf_soc.dir/esp32s3/touch_sensor_periph.c.obj
[734/1044] Building C object esp-idf/mbedtls/mbedtls/library/CMakeFiles/mbedcrypto.dir/ecp_curves_new.c.obj
[483/1044] Building C object esp-idf/soc/CMakeFiles/__idf_soc.dir/esp32s3/temperature_sensor_periph.c.obj
-- Components: app_trace app_update bootloader bootloader_support bt cmock console cxx driver efuse esp-tls esp_adc esp_app_format esp_bootloader_format esp_coex esp_common esp_driver_ana_cmpr esp_driver_bitscrambler esp_driver_cam esp_driver_dac esp_driver_gpio esp_driver_gptimer esp_driver_i2c esp_driver_i2s esp_driver_i3c esp_driver_isp esp_driver_jpeg esp_driver_ledc esp_driver_mcpwm esp_driver_parlio esp_driver_pcnt esp_driver_ppa esp_driver_rmt esp_driver_sd_intf esp_driver_sdio esp_driver_sdm esp_driver_sdmmc esp_driver_sdspi esp_driver_spi esp_driver_touch_sens esp_driver_tsens esp_driver_twai esp_driver_uart esp_driver_usb_serial_jtag esp_eth esp_event esp_gdbstub esp_hid esp_http_client esp_http_server esp_https_ota esp_https_server esp_hw_support esp_lcd esp_local_ctrl esp_mm esp_netif esp_netif_stack esp_partition esp_phy esp_pm esp_psram esp_ringbuf esp_rom esp_security esp_system esp_timer esp_vfs_console esp_wifi espcoredump esptool_py fatfs freertos hal heap http_parser idf_test ieee802154 json log lwip main mbedtls mqtt newlib nvs_flash nvs_sec_provider openthread partition_table perfmon protobuf-c protocomm pthread rt sdmmc soc spi_flash spiffs tcp_transport touch_element ulp unity usb vfs wear_levelling wifi_provisioning wpa_supplicant xtensa
[484/1044] Building C object esp-idf/soc/CMakeFiles/__idf_soc.dir/esp32s3/lcd_periph.c.obj
[751/1044] Building C object esp-idf/mbedtls/mbedtls/library/CMakeFiles/mbedcrypto.dir/pk_ecc.c.obj
-- ESP-TEE is currently supported only on the esp32c6;esp32h2;esp32c5 SoCs
[485/1044] Building C object esp-idf/soc/CMakeFiles/__idf_soc.dir/esp32s3/twai_periph.c.obj
-- Component paths: /home/tikhon/Документы/magnolia/esp-idf/components/app_trace /home/tikhon/Документы/magnolia/esp-idf/components/app_update /home/tikhon/Документы/magnolia/esp-idf/components/bootloader /home/tikhon/Документы/magnolia/esp-idf/components/bootloader_support /home/tikhon/Документы/magnolia/esp-idf/components/bt /home/tikhon/Документы/magnolia/esp-idf/components/cmock /home/tikhon/Документы/magnolia/esp-idf/components/console /home/tikhon/Документы/magnolia/esp-idf/components/cxx /home/tikhon/Документы/magnolia/esp-idf/components/driver /home/tikhon/Документы/magnolia/esp-idf/components/efuse /home/tikhon/Документы/magnolia/esp-idf/components/esp-tls /home/tikhon/Документы/magnolia/esp-idf/components/esp_adc /home/tikhon/Документы/magnolia/esp-idf/components/esp_app_format /home/tikhon/Документы/magnolia/esp-idf/components/esp_bootloader_format /home/tikhon/Документы/magnolia/esp-idf/components/esp_coex /home/tikhon/Документы/magnolia/esp-idf/components/esp_common /home/tikhon/Документы/magnolia/esp-idf/components/esp_driver_ana_cmpr /home/tikhon/Документы/magnolia/esp-idf/components/esp_driver_bitscrambler /home/tikhon/Документы/magnolia/esp-idf/components/esp_driver_cam /home/tikhon/Документы/magnolia/esp-idf/components/esp_driver_dac /home/tikhon/Документы/magnolia/esp-idf/components/esp_driver_gpio /home/tikhon/Документы/magnolia/esp-idf/components/esp_driver_gptimer /home/tikhon/Документы/magnolia/esp-idf/components/esp_driver_i2c /home/tikhon/Документы/magnolia/esp-idf/components/esp_driver_i2s /home/tikhon/Документы/magnolia/esp-idf/components/esp_driver_i3c /home/tikhon/Документы/magnolia/esp-idf/components/esp_driver_isp /home/tikhon/Документы/magnolia/esp-idf/components/esp_driver_jpeg /home/tikhon/Документы/magnolia/esp-idf/components/esp_driver_ledc /home/tikhon/Документы/magnolia/esp-idf/components/esp_driver_mcpwm /home/tikhon/Документы/magnolia/esp-idf/components/esp_driver_parlio /home/tikhon/Документы/magnolia/esp-idf/components/esp_driver_pcnt /home/tikhon/Документы/magnolia/esp-idf/components/esp_driver_ppa /home/tikhon/Документы/magnolia/esp-idf/components/esp_driver_rmt /home/tikhon/Документы/magnolia/esp-idf/components/esp_driver_sd_intf /home/tikhon/Документы/magnolia/esp-idf/components/esp_driver_sdio /home/tikhon/Документы/magnolia/esp-idf/components/esp_driver_sdm /home/tikhon/Документы/magnolia/esp-idf/components/esp_driver_sdmmc /home/tikhon/Документы/magnolia/esp-idf/components/esp_driver_sdspi /home/tikhon/Документы/magnolia/esp-idf/components/esp_driver_spi /home/tikhon/Документы/magnolia/esp-idf/components/esp_driver_touch_sens /home/tikhon/Документы/magnolia/esp-idf/components/esp_driver_tsens /home/tikhon/Документы/magnolia/esp-idf/components/esp_driver_twai /home/tikhon/Документы/magnolia/esp-idf/components/esp_driver_uart /home/tikhon/Документы/magnolia/esp-idf/components/esp_driver_usb_serial_jtag /home/tikhon/Документы/magnolia/esp-idf/components/esp_eth /home/tikhon/Документы/magnolia/esp-idf/components/esp_event /home/tikhon/Документы/magnolia/esp-idf/components/esp_gdbstub /home/tikhon/Документы/magnolia/esp-idf/components/esp_hid /home/tikhon/Документы/magnolia/esp-idf/components/esp_http_client /home/tikhon/Документы/magnolia/esp-idf/components/esp_http_server /home/tikhon/Документы/magnolia/esp-idf/components/esp_https_ota /home/tikhon/Документы/magnolia/esp-idf/components/esp_https_server /home/tikhon/Документы/magnolia/esp-idf/components/esp_hw_support /home/tikhon/Документы/magnolia/esp-idf/components/esp_lcd /home/tikhon/Документы/magnolia/esp-idf/components/esp_local_ctrl /home/tikhon/Документы/magnolia/esp-idf/components/esp_mm /home/tikhon/Документы/magnolia/esp-idf/components/esp_netif /home/tikhon/Документы/magnolia/esp-idf/components/esp_netif_stack /home/tikhon/Документы/magnolia/esp-idf/components/esp_partition /home/tikhon/Документы/magnolia/esp-idf/components/esp_phy /home/tikhon/Документы/magnolia/esp-idf/components/esp_pm /home/tikhon/Документы/magnolia/esp-idf/components/esp_psram /home/tikhon/Документы/magnolia/esp-idf/components/esp_ringbuf /home/tikhon/Документы/magnolia/esp-idf/components/esp_rom /home/tikhon/Документы/magnolia/esp-idf/components/esp_security /home/tikhon/Документы/magnolia/esp-idf/components/esp_system /home/tikhon/Документы/magnolia/esp-idf/components/esp_timer /home/tikhon/Документы/magnolia/esp-idf/components/esp_vfs_console /home/tikhon/Документы/magnolia/esp-idf/components/esp_wifi /home/tikhon/Документы/magnolia/esp-idf/components/espcoredump /home/tikhon/Документы/magnolia/esp-idf/components/esptool_py /home/tikhon/Документы/magnolia/esp-idf/components/fatfs /home/tikhon/Документы/magnolia/esp-idf/components/freertos /home/tikhon/Документы/magnolia/esp-idf/components/hal /home/tikhon/Документы/magnolia/esp-idf/components/heap /home/tikhon/Документы/magnolia/esp-idf/components/http_parser /home/tikhon/Документы/magnolia/esp-idf/components/idf_test /home/tikhon/Документы/magnolia/esp-idf/components/ieee802154 /home/tikhon/Документы/magnolia/esp-idf/components/json /home/tikhon/Документы/magnolia/esp-idf/components/log /home/tikhon/Документы/magnolia/esp-idf/components/lwip /home/tikhon/Документы/magnolia/applets/mainline/true/main /home/tikhon/Документы/magnolia/esp-idf/components/mbedtls /home/tikhon/Документы/magnolia/esp-idf/components/mqtt /home/tikhon/Документы/magnolia/esp-idf/components/newlib /home/tikhon/Документы/magnolia/esp-idf/components/nvs_flash /home/tikhon/Документы/magnolia/esp-idf/components/nvs_sec_provider /home/tikhon/Документы/magnolia/esp-idf/components/openthread /home/tikhon/Документы/magnolia/esp-idf/components/partition_table /home/tikhon/Документы/magnolia/esp-idf/components/perfmon /home/tikhon/Документы/magnolia/esp-idf/components/protobuf-c /home/tikhon/Документы/magnolia/esp-idf/components/protocomm /home/tikhon/Документы/magnolia/esp-idf/components/pthread /home/tikhon/Документы/magnolia/esp-idf/components/rt /home/tikhon/Документы/magnolia/esp-idf/components/sdmmc /home/tikhon/Документы/magnolia/esp-idf/components/soc /home/tikhon/Документы/magnolia/esp-idf/components/spi_flash /home/tikhon/Документы/magnolia/esp-idf/components/spiffs /home/tikhon/Документы/magnolia/esp-idf/components/tcp_transport /home/tikhon/Документы/magnolia/esp-idf/components/touch_element /home/tikhon/Документы/magnolia/esp-idf/components/ulp /home/tikhon/Документы/magnolia/esp-idf/components/unity /home/tikhon/Документы/magnolia/esp-idf/components/usb /home/tikhon/Документы/magnolia/esp-idf/components/vfs /home/tikhon/Документы/magnolia/esp-idf/components/wear_levelling /home/tikhon/Документы/magnolia/esp-idf/components/wifi_provisioning /home/tikhon/Документы/magnolia/esp-idf/components/wpa_supplicant /home/tikhon/Документы/magnolia/esp-idf/components/xtensa
[486/1044] Building C object esp-idf/soc/CMakeFiles/__idf_soc.dir/esp32s3/power_supply_periph.c.obj
[487/1044] Building C object esp-idf/soc/CMakeFiles/__idf_soc.dir/esp32s3/cam_periph.c.obj
[735/1044] Building C object esp-idf/mbedtls/mbedtls/library/CMakeFiles/mbedcrypto.dir/hkdf.c.obj
Executing action: elf
Running ninja in directory /home/tikhon/Документы/magnolia/applets/go/godd/build
Executing "ninja elf"...
[0/2] Re-checking globbed directories...
[1/2] Re-running CMake...
-- Configuring done (18.8s)
[752/1044] Building C object esp-idf/mbedtls/mbedtls/library/CMakeFiles/mbedcrypto.dir/md.c.obj
[488/1044] Building C object esp-idf/esp_hw_support/CMakeFiles/__idf_esp_hw_support.dir/lowpower/port/esp32s3/sleep_cpu.c.obj
[753/1044] Building C object esp-idf/mbedtls/mbedtls/library/CMakeFiles/mbedcrypto.dir/hmac_drbg.c.obj
[489/1044] Building C object esp-idf/soc/CMakeFiles/__idf_soc.dir/esp32s3/timer_periph.c.obj
[490/1044] Linking C static library esp-idf/esp_driver_uart/libesp_driver_uart.a
[754/1044] Building C object esp-idf/mbedtls/mbedtls/library/CMakeFiles/mbedcrypto.dir/gcm.c.obj
[491/1044] Building C object esp-idf/soc/CMakeFiles/__idf_soc.dir/esp32s3/usb_dwc_periph.c.obj
[492/1044] Building C object esp-idf/soc/CMakeFiles/__idf_soc.dir/esp32s3/mpi_periph.c.obj
[493/1044] Building C object esp-idf/soc/CMakeFiles/__idf_soc.dir/esp32s3/sdmmc_periph.c.obj
[736/1044] Building C object esp-idf/mbedtls/mbedtls/library/CMakeFiles/mbedcrypto.dir/cipher.c.obj
[737/1044] Building C object esp-idf/mbedtls/mbedtls/library/CMakeFiles/mbedx509.dir/x509.c.obj
[755/1044] Building C object esp-idf/mbedtls/mbedtls/library/CMakeFiles/mbedcrypto.dir/pk_wrap.c.obj
[494/1044] Building C object esp-idf/soc/CMakeFiles/__idf_soc.dir/esp32s3/wdt_periph.c.obj
[738/1044] Building C object esp-idf/mbedtls/mbedtls/library/CMakeFiles/mbedcrypto.dir/ctr_drbg.c.obj
[495/1044] Building C object esp-idf/soc/CMakeFiles/__idf_soc.dir/esp32s3/rtc_io_periph.c.obj
[496/1044] Building C object esp-idf/heap/CMakeFiles/__idf_heap.dir/port/esp32s3/memory_layout.c.obj
[739/1044] Building C object esp-idf/mbedtls/mbedtls/library/CMakeFiles/mbedcrypto.dir/ecdsa.c.obj
[497/1044] Building C object esp-idf/heap/CMakeFiles/__idf_heap.dir/port/memory_layout_utils.c.obj
[740/1044] Building C object esp-idf/mbedtls/mbedtls/library/CMakeFiles/mbedtls.dir/ssl_tls12_server.c.obj
[498/1044] Linking C static library esp-idf/esp_ringbuf/libesp_ringbuf.a
[741/1044] Building C object esp-idf/mbedtls/mbedtls/library/CMakeFiles/mbedcrypto.dir/entropy_poll.c.obj
[742/1044] Building C object esp-idf/mbedtls/mbedtls/library/CMakeFiles/mbedcrypto.dir/dhm.c.obj
[743/1044] Building C object esp-idf/mbedtls/mbedtls/library/CMakeFiles/mbedcrypto.dir/lmots.c.obj
[744/1044] Building C object esp-idf/mbedtls/mbedtls/library/CMakeFiles/mbedcrypto.dir/bignum_core.c.obj
[756/1044] Building C object esp-idf/mbedtls/mbedtls/library/CMakeFiles/mbedcrypto.dir/bignum.c.obj
[745/1044] Building C object esp-idf/mbedtls/mbedtls/library/CMakeFiles/mbedcrypto.dir/lms.c.obj
[757/1044] Building C object esp-idf/mbedtls/mbedtls/library/CMakeFiles/mbedcrypto.dir/error.c.obj
[499/1044] Linking C static library esp-idf/esp_driver_gptimer/libesp_driver_gptimer.a
[746/1044] Building C object esp-idf/mbedtls/mbedtls/library/CMakeFiles/mbedcrypto.dir/entropy.c.obj
[500/1044] Building C object esp-idf/log/CMakeFiles/__idf_log.dir/src/os/log_timestamp.c.obj
[501/1044] Building C object esp-idf/log/CMakeFiles/__idf_log.dir/src/log_format_text.c.obj
[502/1044] Building C object esp-idf/log/CMakeFiles/__idf_log.dir/src/log_print.c.obj
[503/1044] Building C object esp-idf/log/CMakeFiles/__idf_log.dir/src/util.c.obj
[758/1044] Building C object esp-idf/mbedtls/mbedtls/library/CMakeFiles/mbedcrypto.dir/poly1305.c.obj
[504/1044] Building C object esp-idf/log/CMakeFiles/__idf_log.dir/src/log_timestamp_common.c.obj
[747/1044] Building C object esp-idf/mbedtls/mbedtls/library/CMakeFiles/mbedcrypto.dir/nist_kw.c.obj
[505/1044] Building C object esp-idf/esp_hw_support/CMakeFiles/__idf_esp_hw_support.dir/dma/gdma.c.obj
[506/1044] Building C object esp-idf/log/CMakeFiles/__idf_log.dir/src/log.c.obj
[759/1044] Building C object esp-idf/mbedtls/mbedtls/library/CMakeFiles/mbedx509.dir/x509_crt.c.obj
[507/1044] Building C object esp-idf/esp_hw_support/CMakeFiles/__idf_esp_hw_support.dir/sleep_modes.c.obj
[760/1044] Building C object esp-idf/mbedtls/mbedtls/library/CMakeFiles/mbedcrypto.dir/pem.c.obj
[508/1044] Building C object esp-idf/log/CMakeFiles/__idf_log.dir/src/log_level/log_level.c.obj
[761/1044] Building C object esp-idf/mbedtls/mbedtls/library/CMakeFiles/mbedcrypto.dir/platform.c.obj
[748/1044] Building C object esp-idf/mbedtls/mbedtls/library/CMakeFiles/mbedcrypto.dir/memory_buffer_alloc.c.obj
[762/1044] Building C object esp-idf/mbedtls/mbedtls/library/CMakeFiles/mbedcrypto.dir/platform_util.c.obj
[763/1044] Building C object esp-idf/mbedtls/mbedtls/library/CMakeFiles/mbedcrypto.dir/ecp_curves.c.obj
[749/1044] Building C object esp-idf/mbedtls/mbedtls/library/CMakeFiles/mbedcrypto.dir/pk_ecc.c.obj
[509/1044] Linking C static library esp-idf/esp_timer/libesp_timer.a
[510/1044] Building C object esp-idf/log/CMakeFiles/__idf_log.dir/src/os/log_lock.c.obj
[764/1044] Building C object esp-idf/mbedtls/mbedtls/library/CMakeFiles/mbedcrypto.dir/oid.c.obj
[1/4] Building C object esp-idf/esp_app_format/CMakeFiles/__idf_esp_app_format.dir/esp_app_desc.c.obj
[765/1044] Building C object esp-idf/mbedtls/mbedtls/library/CMakeFiles/mbedcrypto.dir/pkcs12.c.obj
[511/1044] Building C object esp-idf/log/CMakeFiles/__idf_log.dir/src/os/log_write.c.obj
[766/1044] Building C object esp-idf/mbedtls/mbedtls/library/CMakeFiles/mbedcrypto.dir/psa_crypto_aead.c.obj
[512/1044] Building C object esp-idf/log/CMakeFiles/__idf_log.dir/src/log_level/tag_log_level/tag_log_level.c.obj
[750/1044] Building C object esp-idf/mbedtls/mbedtls/library/CMakeFiles/mbedcrypto.dir/padlock.c.obj
[751/1044] Building C object esp-idf/mbedtls/mbedtls/library/CMakeFiles/mbedcrypto.dir/md5.c.obj
[513/1044] Building C object esp-idf/log/CMakeFiles/__idf_log.dir/src/log_level/tag_log_level/linked_list/log_linked_list.c.obj
[514/1044] Building C object esp-idf/hal/CMakeFiles/__idf_hal.dir/hal_utils.c.obj
[515/1044] Linking C static library esp-idf/cxx/libcxx.a
[516/1044] Building C object esp-idf/log/CMakeFiles/__idf_log.dir/src/buffer/log_buffers.c.obj
[767/1044] Building C object esp-idf/mbedtls/mbedtls/library/CMakeFiles/mbedcrypto.dir/psa_crypto_client.c.obj
-- App "vi" version: c092b7f-dirty
-- Compiler supported targets: xtensa-esp-elf
[768/1044] Building C object esp-idf/mbedtls/mbedtls/library/CMakeFiles/mbedtls.dir/ssl_tls.c.obj
[2/4] Linking C static library esp-idf/esp_app_format/libesp_app_format.a
[517/1044] Building C object esp-idf/hal/CMakeFiles/__idf_hal.dir/color_hal.c.obj
[769/1044] Building C object esp-idf/mbedtls/mbedtls/library/CMakeFiles/mbedcrypto.dir/psa_crypto_pake.c.obj
[518/1044] Building C object esp-idf/heap/CMakeFiles/__idf_heap.dir/heap_caps_base.c.obj
[3/4] Build ELF: tr.app.elf
[519/1044] Building C object esp-idf/log/CMakeFiles/__idf_log.dir/src/os/util.c.obj
[770/1044] Building C object esp-idf/mbedtls/mbedtls/library/CMakeFiles/mbedcrypto.dir/psa_crypto_se.c.obj
[520/1044] Building C object esp-idf/hal/CMakeFiles/__idf_hal.dir/esp32s3/efuse_hal.c.obj
[521/1044] Building C object esp-idf/heap/CMakeFiles/__idf_heap.dir/heap_caps_init.c.obj
[752/1044] Building C object esp-idf/mbedtls/mbedtls/library/CMakeFiles/mbedcrypto.dir/pkcs12.c.obj
[771/1044] Building C object esp-idf/mbedtls/mbedtls/library/CMakeFiles/mbedcrypto.dir/pkcs5.c.obj
[753/1044] Building C object esp-idf/mbedtls/mbedtls/library/CMakeFiles/mbedcrypto.dir/pem.c.obj
[522/1044] Building C object esp-idf/log/CMakeFiles/__idf_log.dir/src/log_level/tag_log_level/cache/log_binary_heap.c.obj
[523/1044] Building C object esp-idf/hal/CMakeFiles/__idf_hal.dir/mmu_hal.c.obj
[524/1044] Linking C static library esp-idf/pthread/libpthread.a
[754/1044] Building C object esp-idf/mbedtls/mbedtls/library/CMakeFiles/mbedx509.dir/x509_crt.c.obj
[525/1044] Building C object esp-idf/hal/CMakeFiles/__idf_hal.dir/efuse_hal.c.obj
[755/1044] Building C object esp-idf/mbedtls/mbedtls/library/CMakeFiles/mbedcrypto.dir/hmac_drbg.c.obj
[772/1044] Building C object esp-idf/mbedtls/mbedtls/library/CMakeFiles/mbedcrypto.dir/psa_crypto_driver_wrappers_no_static.c.obj
[526/1044] Building C object esp-idf/hal/CMakeFiles/__idf_hal.dir/mpu_hal.c.obj
[756/1044] Building C object esp-idf/mbedtls/mbedtls/library/CMakeFiles/mbedcrypto.dir/platform.c.obj
[757/1044] Building C object esp-idf/mbedtls/mbedtls/library/CMakeFiles/mbedcrypto.dir/oid.c.obj
[773/1044] Building C object esp-idf/mbedtls/mbedtls/library/CMakeFiles/mbedcrypto.dir/pk.c.obj
[527/1044] Building C object esp-idf/hal/CMakeFiles/__idf_hal.dir/cache_hal.c.obj
[528/1044] Linking C static library esp-idf/newlib/libnewlib.a
[774/1044] Building C object esp-idf/mbedtls/mbedtls/library/CMakeFiles/mbedcrypto.dir/pkwrite.c.obj
[775/1044] Linking CXX static library esp-idf/mbedtls/mbedtls/library/libmbedtls.a
[529/1044] Building C object esp-idf/heap/CMakeFiles/__idf_heap.dir/heap_caps.c.obj
[530/1044] Building C object esp-idf/hal/CMakeFiles/__idf_hal.dir/ledc_hal.c.obj
[531/1044] Building C object esp-idf/hal/CMakeFiles/__idf_hal.dir/spi_flash_encrypt_hal_iram.c.obj
[758/1044] Building C object esp-idf/mbedtls/mbedtls/library/CMakeFiles/mbedcrypto.dir/platform_util.c.obj
[759/1044] Building C object esp-idf/mbedtls/mbedtls/library/CMakeFiles/mbedcrypto.dir/error.c.obj
[776/1044] Building C object esp-idf/mbedtls/mbedtls/library/CMakeFiles/mbedcrypto.dir/ripemd160.c.obj
[777/1044] Building C object esp-idf/mbedtls/mbedtls/library/CMakeFiles/mbedcrypto.dir/psa_crypto_cipher.c.obj
[778/1044] Building C object esp-idf/mbedtls/mbedtls/library/CMakeFiles/mbedcrypto.dir/psa_its_file.c.obj
[532/1044] Building C object esp-idf/heap/CMakeFiles/__idf_heap.dir/multi_heap.c.obj
[760/1044] Building C object esp-idf/mbedtls/mbedtls/library/CMakeFiles/mbedcrypto.dir/poly1305.c.obj
[761/1044] Building C object esp-idf/mbedtls/mbedtls/library/CMakeFiles/mbedcrypto.dir/bignum.c.obj
[533/1044] Linking C static library esp-idf/freertos/libfreertos.a
[779/1044] Building C object esp-idf/mbedtls/mbedtls/library/CMakeFiles/mbedcrypto.dir/psa_crypto_ffdh.c.obj
[780/1044] Building C object esp-idf/mbedtls/mbedtls/library/CMakeFiles/mbedcrypto.dir/psa_crypto_mac.c.obj
[534/1044] Building C object esp-idf/hal/CMakeFiles/__idf_hal.dir/uart_hal_iram.c.obj
[535/1044] Building C object esp-idf/hal/CMakeFiles/__idf_hal.dir/rtc_io_hal.c.obj
[762/1044] Building C object esp-idf/mbedtls/mbedtls/library/CMakeFiles/mbedcrypto.dir/pkcs5.c.obj
[536/1044] Building C object esp-idf/hal/CMakeFiles/__idf_hal.dir/systimer_hal.c.obj
[763/1044] Building C object esp-idf/mbedtls/mbedtls/library/CMakeFiles/mbedcrypto.dir/pk_wrap.c.obj
[781/1044] Building C object esp-idf/mbedtls/mbedtls/library/CMakeFiles/mbedcrypto.dir/psa_crypto_rsa.c.obj
[537/1044] Building C object esp-idf/hal/CMakeFiles/__idf_hal.dir/ledc_hal_iram.c.obj
[782/1044] Building C object esp-idf/mbedtls/mbedtls/library/CMakeFiles/mbedcrypto.dir/psa_crypto_hash.c.obj
[764/1044] Building C object esp-idf/mbedtls/mbedtls/library/CMakeFiles/mbedtls.dir/ssl_tls.c.obj
[538/1044] Building C object esp-idf/hal/CMakeFiles/__idf_hal.dir/pcnt_hal.c.obj
[539/1044] Building C object esp-idf/hal/CMakeFiles/__idf_hal.dir/i2c_hal.c.obj
[783/1044] Building C object esp-idf/mbedtls/mbedtls/library/CMakeFiles/mbedcrypto.dir/ecp.c.obj
[765/1044] Building C object esp-idf/mbedtls/mbedtls/library/CMakeFiles/mbedcrypto.dir/psa_crypto_client.c.obj
[784/1044] Building C object esp-idf/mbedtls/mbedtls/library/CMakeFiles/mbedcrypto.dir/threading.c.obj
[540/1044] Building C object esp-idf/hal/CMakeFiles/__idf_hal.dir/timer_hal.c.obj
[766/1044] Building C object esp-idf/mbedtls/mbedtls/library/CMakeFiles/mbedcrypto.dir/psa_crypto_cipher.c.obj
[767/1044] Building C object esp-idf/mbedtls/mbedtls/library/CMakeFiles/mbedcrypto.dir/md.c.obj
[768/1044] Building C object esp-idf/mbedtls/mbedtls/library/CMakeFiles/mbedcrypto.dir/pkwrite.c.obj
[785/1044] Building C object esp-idf/mbedtls/mbedtls/library/CMakeFiles/mbedcrypto.dir/psa_crypto_storage.c.obj
[541/1044] Building C object esp-idf/hal/CMakeFiles/__idf_hal.dir/gpio_hal.c.obj
[769/1044] Linking CXX static library esp-idf/mbedtls/mbedtls/library/libmbedtls.a
[786/1044] Building C object esp-idf/mbedtls/mbedtls/library/CMakeFiles/mbedcrypto.dir/psa_util.c.obj
[542/1044] Building C object esp-idf/hal/CMakeFiles/__idf_hal.dir/esp32s3/clk_tree_hal.c.obj
[787/1044] Building C object esp-idf/mbedtls/mbedtls/library/CMakeFiles/mbedcrypto.dir/version_features.c.obj
[543/1044] Building C object esp-idf/hal/CMakeFiles/__idf_hal.dir/uart_hal.c.obj
[770/1044] Building C object esp-idf/mbedtls/mbedtls/library/CMakeFiles/mbedcrypto.dir/gcm.c.obj
[544/1044] Building C object esp-idf/hal/CMakeFiles/__idf_hal.dir/rmt_hal.c.obj
[788/1044] Building C object esp-idf/mbedtls/mbedtls/library/CMakeFiles/mbedcrypto.dir/timing.c.obj
[545/1044] Building C object esp-idf/hal/CMakeFiles/__idf_hal.dir/sdm_hal.c.obj
[789/1044] Building C object esp-idf/mbedtls/mbedtls/library/CMakeFiles/mbedcrypto.dir/version.c.obj
[546/1044] Building C object esp-idf/hal/CMakeFiles/__idf_hal.dir/i2c_hal_iram.c.obj
[790/1044] Building C object esp-idf/mbedtls/mbedtls/library/CMakeFiles/mbedcrypto.dir/psa_crypto_ecp.c.obj
[547/1044] Building C object esp-idf/hal/CMakeFiles/__idf_hal.dir/spi_flash_hal.c.obj
[548/1044] Building C object esp-idf/hal/CMakeFiles/__idf_hal.dir/gdma_hal_top.c.obj
[791/1044] Building C object esp-idf/mbedtls/mbedtls/library/CMakeFiles/mbedcrypto.dir/sha256.c.obj
[771/1044] Building C object esp-idf/mbedtls/mbedtls/library/CMakeFiles/mbedcrypto.dir/psa_crypto_pake.c.obj
[792/1044] Building C object esp-idf/mbedtls/mbedtls/library/CMakeFiles/mbedcrypto.dir/pkparse.c.obj
[772/1044] Building C object esp-idf/mbedtls/mbedtls/library/CMakeFiles/mbedcrypto.dir/pkparse.c.obj
[549/1044] Building C object esp-idf/hal/CMakeFiles/__idf_hal.dir/uhci_hal.c.obj
[793/1044] Building C object esp-idf/mbedtls/mbedtls/library/CMakeFiles/mbedcrypto.dir/sha1.c.obj
[773/1044] Building C object esp-idf/mbedtls/mbedtls/library/CMakeFiles/mbedcrypto.dir/psa_crypto_driver_wrappers_no_static.c.obj
[794/1044] Building C object esp-idf/mbedtls/mbedtls/library/CMakeFiles/mbedcrypto.dir/sha512.c.obj
[774/1044] Building C object esp-idf/mbedtls/mbedtls/library/CMakeFiles/mbedcrypto.dir/psa_crypto_aead.c.obj
[795/1044] Building C object 'esp-idf/mbedtls/mbedtls/library/CMakeFiles/mbedcrypto.dir/home/tikhon/Документы/magnolia/esp-idf/components/mbedtls/port/sha/core/esp_sha_gdma_impl.c.obj'
[775/1044] Building C object esp-idf/mbedtls/mbedtls/library/CMakeFiles/mbedcrypto.dir/psa_crypto_se.c.obj
[550/1044] Building C object esp-idf/hal/CMakeFiles/__idf_hal.dir/lcd_hal.c.obj
[776/1044] Building C object esp-idf/mbedtls/mbedtls/library/CMakeFiles/mbedcrypto.dir/pk.c.obj
[796/1044] Building C object 'esp-idf/mbedtls/mbedtls/library/CMakeFiles/mbedcrypto.dir/home/tikhon/Документы/magnolia/esp-idf/components/mbedtls/port/esp_mem.c.obj'
[551/1044] Building C object esp-idf/hal/CMakeFiles/__idf_hal.dir/sdmmc_hal.c.obj
[797/1044] Building C object 'esp-idf/mbedtls/mbedtls/library/CMakeFiles/mbedcrypto.dir/home/tikhon/Документы/magnolia/esp-idf/components/mbedtls/port/esp_hardware.c.obj'
-- App "yes" version: c092b7f-dirty
[777/1044] Building C object esp-idf/mbedtls/mbedtls/library/CMakeFiles/mbedcrypto.dir/ecp_curves.c.obj
[798/1044] Building C object esp-idf/mbedtls/mbedtls/library/CMakeFiles/mbedcrypto.dir/rsa_alt_helpers.c.obj
[778/1044] Building C object esp-idf/mbedtls/mbedtls/library/CMakeFiles/mbedcrypto.dir/psa_crypto_hash.c.obj
[799/1044] Building C object esp-idf/mbedtls/mbedtls/library/CMakeFiles/mbedcrypto.dir/psa_crypto_slot_management.c.obj
[800/1044] Building C object 'esp-idf/mbedtls/mbedtls/library/CMakeFiles/mbedcrypto.dir/home/tikhon/Документы/magnolia/esp-idf/components/mbedtls/port/aes/dma/esp_aes_gdma_impl.c.obj'
[779/1044] Building C object esp-idf/mbedtls/mbedtls/library/CMakeFiles/mbedcrypto.dir/ripemd160.c.obj
[801/1044] Building C object 'esp-idf/mbedtls/mbedtls/library/CMakeFiles/mbedcrypto.dir/home/tikhon/Документы/magnolia/esp-idf/components/mbedtls/port/sha/esp_sha.c.obj'
[552/1044] Building C object esp-idf/hal/CMakeFiles/__idf_hal.dir/spi_flash_hal_iram.c.obj
[553/1044] Building C object esp-idf/hal/CMakeFiles/__idf_hal.dir/mpi_hal.c.obj
[554/1044] Building C object esp-idf/hal/CMakeFiles/__idf_hal.dir/brownout_hal.c.obj
[802/1044] Building C object 'esp-idf/mbedtls/mbedtls/library/CMakeFiles/mbedcrypto.dir/home/tikhon/Документы/magnolia/esp-idf/components/mbedtls/port/esp_timing.c.obj'
[555/1044] Building C object esp-idf/hal/CMakeFiles/__idf_hal.dir/mcpwm_hal.c.obj
[780/1044] Building C object esp-idf/mbedtls/mbedtls/library/CMakeFiles/mbedcrypto.dir/psa_crypto_ffdh.c.obj
[803/1044] Building C object 'esp-idf/mbedtls/mbedtls/library/CMakeFiles/mbedcrypto.dir/home/tikhon/Документы/magnolia/esp-idf/components/mbedtls/port/aes/esp_aes_common.c.obj'
[556/1044] Building C object esp-idf/hal/CMakeFiles/__idf_hal.dir/spi_hal.c.obj
Applet tr OK -> /home/tikhon/Документы/magnolia/rootfs/bin/tr
Building applet gohello -> gohello ...
+ idf.py elf
[804/1044] Building C object 'esp-idf/mbedtls/mbedtls/library/CMakeFiles/mbedcrypto.dir/home/tikhon/Документы/magnolia/esp-idf/components/mbedtls/port/aes/esp_aes_xts.c.obj'
[557/1044] Building C object esp-idf/hal/CMakeFiles/__idf_hal.dir/aes_hal.c.obj
[558/1044] Building C object esp-idf/esp_hw_support/CMakeFiles/__idf_esp_hw_support.dir/port/esp32s3/esp_memprot.c.obj
[559/1044] Building C object esp-idf/hal/CMakeFiles/__idf_hal.dir/gdma_hal_ahb_v1.c.obj
[781/1044] Building C object esp-idf/mbedtls/mbedtls/library/CMakeFiles/mbedcrypto.dir/psa_crypto_ecp.c.obj
[782/1044] Building C object esp-idf/mbedtls/mbedtls/library/CMakeFiles/mbedcrypto.dir/timing.c.obj
[805/1044] Building C object 'esp-idf/mbedtls/mbedtls/library/CMakeFiles/mbedcrypto.dir/home/tikhon/Документы/magnolia/esp-idf/components/mbedtls/port/sha/core/esp_sha1.c.obj'
[783/1044] Building C object esp-idf/mbedtls/mbedtls/library/CMakeFiles/mbedcrypto.dir/psa_its_file.c.obj
[560/1044] Building C object esp-idf/hal/CMakeFiles/__idf_hal.dir/sha_hal.c.obj
[784/1044] Building C object esp-idf/mbedtls/mbedtls/library/CMakeFiles/mbedcrypto.dir/sha256.c.obj
[785/1044] Building C object esp-idf/mbedtls/mbedtls/library/CMakeFiles/mbedcrypto.dir/ecp.c.obj
[786/1044] Building C object esp-idf/mbedtls/mbedtls/library/CMakeFiles/mbedcrypto.dir/psa_crypto_mac.c.obj
[561/1044] Building C object esp-idf/hal/CMakeFiles/__idf_hal.dir/adc_oneshot_hal.c.obj
[806/1044] Linking CXX static library esp-idf/mbedtls/mbedtls/library/libmbedx509.a
[562/1044] Building C object esp-idf/hal/CMakeFiles/__idf_hal.dir/spi_slave_hal_iram.c.obj
[807/1044] Building C object 'esp-idf/mbedtls/mbedtls/library/CMakeFiles/mbedcrypto.dir/home/tikhon/Документы/magnolia/esp-idf/components/mbedtls/port/sha/core/esp_sha256.c.obj'
[787/1044] Building C object esp-idf/mbedtls/mbedtls/library/CMakeFiles/mbedcrypto.dir/threading.c.obj
[808/1044] Building C object esp-idf/mbedtls/mbedtls/library/CMakeFiles/mbedcrypto.dir/sha3.c.obj
[809/1044] Building C object 'esp-idf/mbedtls/mbedtls/library/CMakeFiles/mbedcrypto.dir/home/tikhon/Документы/magnolia/esp-idf/components/mbedtls/port/sha/core/esp_sha512.c.obj'
[788/1044] Building C object esp-idf/mbedtls/mbedtls/library/CMakeFiles/mbedcrypto.dir/psa_util.c.obj
[789/1044] Building C object esp-idf/mbedtls/mbedtls/library/CMakeFiles/mbedcrypto.dir/sha1.c.obj
[810/1044] Building C object 'esp-idf/mbedtls/mbedtls/library/CMakeFiles/mbedcrypto.dir/home/tikhon/Документы/magnolia/esp-idf/components/mbedtls/port/md/esp_md.c.obj'
[563/1044] Building C object esp-idf/hal/CMakeFiles/__idf_hal.dir/twai_hal_sja1000.c.obj
[564/1044] Building C object esp-idf/hal/CMakeFiles/__idf_hal.dir/adc_hal_common.c.obj
[790/1044] Building C object esp-idf/mbedtls/mbedtls/library/CMakeFiles/mbedcrypto.dir/psa_crypto_storage.c.obj
[791/1044] Building C object esp-idf/mbedtls/mbedtls/library/CMakeFiles/mbedcrypto.dir/version.c.obj
[811/1044] Building C object 'esp-idf/mbedtls/mbedtls/library/CMakeFiles/mbedcrypto.dir/home/tikhon/Документы/magnolia/esp-idf/components/mbedtls/port/bignum/bignum_alt.c.obj'
[565/1044] Building C object esp-idf/hal/CMakeFiles/__idf_hal.dir/spi_slave_hal.c.obj
[792/1044] Building C object esp-idf/mbedtls/mbedtls/library/CMakeFiles/mbedcrypto.dir/psa_crypto_rsa.c.obj
[812/1044] Building C object 'esp-idf/mbedtls/mbedtls/library/CMakeFiles/mbedcrypto.dir/home/tikhon/Документы/magnolia/esp-idf/components/mbedtls/port/aes/dma/esp_aes_dma_core.c.obj'
[793/1044] Building C object esp-idf/mbedtls/mbedtls/library/CMakeFiles/mbedcrypto.dir/version_features.c.obj
[566/1044] Building C object esp-idf/hal/CMakeFiles/__idf_hal.dir/ds_hal.c.obj
[813/1044] Building C object 'esp-idf/mbedtls/mbedtls/library/CMakeFiles/mbedcrypto.dir/home/tikhon/Документы/magnolia/esp-idf/components/mbedtls/port/esp_ds/esp_rsa_dec_alt.c.obj'
[567/1044] Building C object esp-idf/hal/CMakeFiles/__idf_hal.dir/hmac_hal.c.obj
[794/1044] Building C object esp-idf/mbedtls/mbedtls/library/CMakeFiles/mbedcrypto.dir/rsa_alt_helpers.c.obj
[795/1044] Building C object esp-idf/mbedtls/mbedtls/library/CMakeFiles/mbedcrypto.dir/sha512.c.obj
[568/1044] Building C object esp-idf/hal/CMakeFiles/__idf_hal.dir/usb_serial_jtag_hal.c.obj
[814/1044] Building C object 'esp-idf/mbedtls/mbedtls/library/CMakeFiles/mbedcrypto.dir/home/tikhon/Документы/magnolia/esp-idf/components/mbedtls/port/crypto_shared_gdma/esp_crypto_shared_gdma.c.obj'
[815/1044] Building C object 'esp-idf/mbedtls/mbedtls/library/CMakeFiles/mbedcrypto.dir/home/tikhon/Документы/magnolia/esp-idf/components/mbedtls/port/esp_ds/esp_ds_common.c.obj'
[816/1044] Building C object esp-idf/mbedtls/mbedtls/3rdparty/everest/CMakeFiles/everest.dir/library/everest.c.obj
[569/1044] Building C object esp-idf/hal/CMakeFiles/__idf_hal.dir/cam_hal.c.obj
[817/1044] Building C object esp-idf/mbedtls/mbedtls/3rdparty/everest/CMakeFiles/everest.dir/library/Hacl_Curve25519_joined.c.obj
[818/1044] Building C object 'esp-idf/mbedtls/mbedtls/library/CMakeFiles/mbedcrypto.dir/home/tikhon/Документы/magnolia/esp-idf/components/mbedtls/port/aes/dma/esp_aes.c.obj'
[796/1044] Building C object 'esp-idf/mbedtls/mbedtls/library/CMakeFiles/mbedcrypto.dir/home/tikhon/Документы/magnolia/esp-idf/components/mbedtls/port/esp_mem.c.obj'
[819/1044] Building C object 'esp-idf/mbedtls/mbedtls/library/CMakeFiles/mbedcrypto.dir/home/tikhon/Документы/magnolia/esp-idf/components/mbedtls/port/esp_ds/esp_rsa_sign_alt.c.obj'
[570/1044] Linking C static library esp-idf/esp_hw_support/libesp_hw_support.a
-- Project sdkconfig file /home/tikhon/Документы/magnolia/applets/mainline/xxd/sdkconfig
[797/1044] Building C object 'esp-idf/mbedtls/mbedtls/library/CMakeFiles/mbedcrypto.dir/home/tikhon/Документы/magnolia/esp-idf/components/mbedtls/port/aes/dma/esp_aes_gdma_impl.c.obj'
[820/1044] Building C object 'esp-idf/mbedtls/mbedtls/library/CMakeFiles/mbedcrypto.dir/home/tikhon/Документы/magnolia/esp-idf/components/mbedtls/port/sha/core/sha.c.obj'
[821/1044] Building C object esp-idf/mbedtls/mbedtls/3rdparty/everest/CMakeFiles/everest.dir/library/x25519.c.obj
[571/1044] Building C object esp-idf/esp_rom/CMakeFiles/__idf_esp_rom.dir/patches/esp_rom_crc.c.obj
[572/1044] Building C object esp-idf/hal/CMakeFiles/__idf_hal.dir/adc_hal.c.obj
[798/1044] Building C object 'esp-idf/mbedtls/mbedtls/library/CMakeFiles/mbedcrypto.dir/home/tikhon/Документы/magnolia/esp-idf/components/mbedtls/port/esp_hardware.c.obj'
[573/1044] Building C object esp-idf/hal/CMakeFiles/__idf_hal.dir/usb_wrap_hal.c.obj
[822/1044] Building C object esp-idf/mbedtls/mbedtls/3rdparty/p256-m/CMakeFiles/p256m.dir/p256-m/p256-m.c.obj
[574/1044] Building C object esp-idf/hal/CMakeFiles/__idf_hal.dir/i2s_hal.c.obj
[799/1044] Building C object esp-idf/mbedtls/mbedtls/library/CMakeFiles/mbedcrypto.dir/psa_crypto_slot_management.c.obj
-- Compiler supported targets: xtensa-esp-elf
[800/1044] Building C object 'esp-idf/mbedtls/mbedtls/library/CMakeFiles/mbedcrypto.dir/home/tikhon/Документы/magnolia/esp-idf/components/mbedtls/port/sha/core/esp_sha_gdma_impl.c.obj'
-- Compiler supported targets: xtensa-esp-elf
[823/1044] Building C object 'esp-idf/mbedtls/mbedtls/library/CMakeFiles/mbedcrypto.dir/home/tikhon/Документы/magnolia/esp-idf/components/mbedtls/port/bignum/esp_bignum.c.obj'
[575/1044] Building C object esp-idf/esp_rom/CMakeFiles/__idf_esp_rom.dir/patches/esp_rom_sys.c.obj
[576/1044] Building C object esp-idf/hal/CMakeFiles/__idf_hal.dir/esp32s3/touch_sensor_hal.c.obj
[577/1044] Building C object esp-idf/hal/CMakeFiles/__idf_hal.dir/esp32s3/rtc_cntl_hal.c.obj
[801/1044] Building C object 'esp-idf/mbedtls/mbedtls/library/CMakeFiles/mbedcrypto.dir/home/tikhon/Документы/magnolia/esp-idf/components/mbedtls/port/esp_timing.c.obj'
[802/1044] Building C object esp-idf/mbedtls/mbedtls/library/CMakeFiles/mbedcrypto.dir/sha3.c.obj
[803/1044] Building C object 'esp-idf/mbedtls/mbedtls/library/CMakeFiles/mbedcrypto.dir/home/tikhon/Документы/magnolia/esp-idf/components/mbedtls/port/aes/esp_aes_xts.c.obj'
[578/1044] Linking C static library esp-idf/soc/libsoc.a
[579/1044] Building C object esp-idf/hal/CMakeFiles/__idf_hal.dir/spi_flash_hal_gpspi.c.obj
[824/1044] Building C object esp-idf/mbedtls/mbedtls/3rdparty/p256-m/CMakeFiles/p256m.dir/p256-m_driver_entrypoints.c.obj
[580/1044] Building C object esp-idf/esp_rom/CMakeFiles/__idf_esp_rom.dir/patches/esp_rom_print.c.obj
[581/1044] Building C object esp-idf/esp_rom/CMakeFiles/__idf_esp_rom.dir/patches/esp_rom_serial_output.c.obj
[582/1044] Building C object esp-idf/hal/CMakeFiles/__idf_hal.dir/touch_sens_hal.c.obj
[583/1044] Building C object esp-idf/hal/CMakeFiles/__idf_hal.dir/temperature_sensor_hal.c.obj
[584/1044] Building C object esp-idf/esp_rom/CMakeFiles/__idf_esp_rom.dir/patches/esp_rom_efuse.c.obj
[804/1044] Building C object 'esp-idf/mbedtls/mbedtls/library/CMakeFiles/mbedcrypto.dir/home/tikhon/Документы/magnolia/esp-idf/components/mbedtls/port/aes/dma/esp_aes_dma_core.c.obj'
[585/1044] Building C object esp-idf/hal/CMakeFiles/__idf_hal.dir/touch_sensor_hal.c.obj
[586/1044] Building C object esp-idf/hal/CMakeFiles/__idf_hal.dir/xt_wdt_hal.c.obj
[587/1044] Building ASM object esp-idf/esp_rom/CMakeFiles/__idf_esp_rom.dir/patches/esp_rom_longjmp.S.obj
-- USING O3
[805/1044] Building C object 'esp-idf/mbedtls/mbedtls/library/CMakeFiles/mbedcrypto.dir/home/tikhon/Документы/magnolia/esp-idf/components/mbedtls/port/aes/esp_aes_common.c.obj'
[806/1044] Building C object 'esp-idf/mbedtls/mbedtls/library/CMakeFiles/mbedcrypto.dir/home/tikhon/Документы/magnolia/esp-idf/components/mbedtls/port/sha/esp_sha.c.obj'
[588/1044] Building C object esp-idf/esp_rom/CMakeFiles/__idf_esp_rom.dir/patches/esp_rom_gpio.c.obj
[589/1044] Building ASM object esp-idf/esp_rom/CMakeFiles/__idf_esp_rom.dir/patches/esp_rom_cache_writeback_esp32s3.S.obj
[590/1044] Building C object esp-idf/heap/CMakeFiles/__idf_heap.dir/tlsf/tlsf.c.obj
[591/1044] Building C object esp-idf/hal/CMakeFiles/__idf_hal.dir/spi_slave_hd_hal.c.obj
[592/1044] Building C object esp-idf/esp_rom/CMakeFiles/__idf_esp_rom.dir/patches/esp_rom_systimer.c.obj
[593/1044] Building C object esp-idf/esp_rom/CMakeFiles/__idf_esp_rom.dir/patches/esp_rom_spiflash.c.obj
[594/1044] Building C object esp-idf/esp_rom/CMakeFiles/__idf_esp_rom.dir/patches/esp_rom_cache_esp32s2_esp32s3.c.obj
[807/1044] Linking CXX static library esp-idf/mbedtls/mbedtls/library/libmbedx509.a
[808/1044] Building C object 'esp-idf/mbedtls/mbedtls/library/CMakeFiles/mbedcrypto.dir/home/tikhon/Документы/magnolia/esp-idf/components/mbedtls/port/sha/core/esp_sha256.c.obj'
[809/1044] Building C object 'esp-idf/mbedtls/mbedtls/library/CMakeFiles/mbedcrypto.dir/home/tikhon/Документы/magnolia/esp-idf/components/mbedtls/port/md/esp_md.c.obj'
-- Adding linker script /home/tikhon/Документы/magnolia/applets/mainline/vi/build/esp-idf/esp_system/ld/memory.ld
-- Adding linker script /home/tikhon/Документы/magnolia/applets/mainline/vi/build/esp-idf/esp_system/ld/sections.ld.in
[595/1044] Building C object esp-idf/hal/CMakeFiles/__idf_hal.dir/spi_hal_iram.c.obj
[596/1044] Building C object esp-idf/esp_system/CMakeFiles/__idf_esp_system.dir/esp_system_console.c.obj
[825/1044] Building C object 'esp-idf/mbedtls/mbedtls/library/CMakeFiles/mbedcrypto.dir/home/tikhon/Документы/magnolia/esp-idf/components/mbedtls/port/aes/esp_aes_gcm.c.obj'
[810/1044] Building C object 'esp-idf/mbedtls/mbedtls/library/CMakeFiles/mbedcrypto.dir/home/tikhon/Документы/magnolia/esp-idf/components/mbedtls/port/crypto_shared_gdma/esp_crypto_shared_gdma.c.obj'
[597/1044] Building C object esp-idf/hal/CMakeFiles/__idf_hal.dir/usb_dwc_hal.c.obj
-- Adding linker script /home/tikhon/Документы/magnolia/esp-idf/components/esp_rom/esp32s3/ld/esp32s3.rom.ld
-- Adding linker script /home/tikhon/Документы/magnolia/esp-idf/components/esp_rom/esp32s3/ld/esp32s3.rom.api.ld
[598/1044] Building C object esp-idf/esp_system/CMakeFiles/__idf_esp_system.dir/esp_err.c.obj
[811/1044] Building C object 'esp-idf/mbedtls/mbedtls/library/CMakeFiles/mbedcrypto.dir/home/tikhon/Документы/magnolia/esp-idf/components/mbedtls/port/bignum/bignum_alt.c.obj'
[812/1044] Building C object 'esp-idf/mbedtls/mbedtls/library/CMakeFiles/mbedcrypto.dir/home/tikhon/Документы/magnolia/esp-idf/components/mbedtls/port/esp_ds/esp_rsa_dec_alt.c.obj'
-- Adding linker script /home/tikhon/Документы/magnolia/esp-idf/components/esp_rom/esp32s3/ld/esp32s3.rom.bt_funcs.ld
-- Adding linker script /home/tikhon/Документы/magnolia/esp-idf/components/esp_rom/esp32s3/ld/esp32s3.rom.libgcc.ld
-- Adding linker script /home/tikhon/Документы/magnolia/esp-idf/components/esp_rom/esp32s3/ld/esp32s3.rom.wdt.ld
-- Adding linker script /home/tikhon/Документы/magnolia/esp-idf/components/esp_rom/esp32s3/ld/esp32s3.rom.version.ld
-- Adding linker script /home/tikhon/Документы/magnolia/esp-idf/components/esp_rom/esp32s3/ld/esp32s3.rom.ble_master.ld
-- Adding linker script /home/tikhon/Документы/magnolia/esp-idf/components/esp_rom/esp32s3/ld/esp32s3.rom.ble_50.ld
-- Adding linker script /home/tikhon/Документы/magnolia/esp-idf/components/esp_rom/esp32s3/ld/esp32s3.rom.ble_smp.ld
-- Adding linker script /home/tikhon/Документы/magnolia/esp-idf/components/esp_rom/esp32s3/ld/esp32s3.rom.ble_dtm.ld
-- Adding linker script /home/tikhon/Документы/magnolia/esp-idf/components/esp_rom/esp32s3/ld/esp32s3.rom.ble_test.ld
-- Adding linker script /home/tikhon/Документы/magnolia/esp-idf/components/esp_rom/esp32s3/ld/esp32s3.rom.ble_scan.ld
-- Adding linker script /home/tikhon/Документы/magnolia/esp-idf/components/esp_rom/esp32s3/ld/esp32s3.rom.libc.ld
-- Adding linker script /home/tikhon/Документы/magnolia/esp-idf/components/esp_rom/esp32s3/ld/esp32s3.rom.newlib.ld
[599/1044] Building C object esp-idf/esp_rom/CMakeFiles/__idf_esp_rom.dir/patches/esp_rom_wdt.c.obj
[813/1044] Building C object 'esp-idf/mbedtls/mbedtls/library/CMakeFiles/mbedcrypto.dir/home/tikhon/Документы/magnolia/esp-idf/components/mbedtls/port/esp_ds/esp_rsa_sign_alt.c.obj'
[600/1044] Building C object esp-idf/esp_system/CMakeFiles/__idf_esp_system.dir/startup.c.obj
[601/1044] Linking C static library esp-idf/heap/libheap.a
[814/1044] Building C object 'esp-idf/mbedtls/mbedtls/library/CMakeFiles/mbedcrypto.dir/home/tikhon/Документы/magnolia/esp-idf/components/mbedtls/port/aes/dma/esp_aes.c.obj'
-- Adding linker script /home/tikhon/Документы/magnolia/esp-idf/components/soc/esp32s3/ld/esp32s3.peripherals.ld
[602/1044] Building C object esp-idf/esp_system/CMakeFiles/__idf_esp_system.dir/stack_check.c.obj
[815/1044] Building C object 'esp-idf/mbedtls/mbedtls/library/CMakeFiles/mbedcrypto.dir/home/tikhon/Документы/magnolia/esp-idf/components/mbedtls/port/sha/core/esp_sha1.c.obj'
[816/1044] Building C object esp-idf/mbedtls/mbedtls/3rdparty/everest/CMakeFiles/everest.dir/library/Hacl_Curve25519_joined.c.obj
[603/1044] Building C object esp-idf/esp_system/CMakeFiles/__idf_esp_system.dir/crosscore_int.c.obj
[817/1044] Building C object esp-idf/mbedtls/mbedtls/3rdparty/p256-m/CMakeFiles/p256m.dir/p256-m_driver_entrypoints.c.obj
-- Found Python3: /home/tikhon/.espressif/python_env/idf6.0_py3.12_env/bin/python (found version "3.12.3") found components: Interpreter 
[604/1044] Building C object esp-idf/esp_system/CMakeFiles/__idf_esp_system.dir/system_time.c.obj
[605/1044] Building C object esp-idf/esp_system/CMakeFiles/__idf_esp_system.dir/esp_system.c.obj
[818/1044] Building C object esp-idf/mbedtls/mbedtls/3rdparty/everest/CMakeFiles/everest.dir/library/everest.c.obj
[819/1044] Building C object esp-idf/mbedtls/mbedtls/3rdparty/everest/CMakeFiles/everest.dir/library/x25519.c.obj
[820/1044] Building C object 'esp-idf/mbedtls/mbedtls/library/CMakeFiles/mbedcrypto.dir/home/tikhon/Документы/magnolia/esp-idf/components/mbedtls/port/aes/esp_aes_gcm.c.obj'
[821/1044] Building C object 'esp-idf/mbedtls/mbedtls/library/CMakeFiles/mbedcrypto.dir/home/tikhon/Документы/magnolia/esp-idf/components/mbedtls/port/bignum/esp_bignum.c.obj'
[822/1044] Building C object 'esp-idf/mbedtls/mbedtls/library/CMakeFiles/mbedcrypto.dir/home/tikhon/Документы/magnolia/esp-idf/components/mbedtls/port/sha/core/esp_sha512.c.obj'
[606/1044] Linking C static library esp-idf/log/liblog.a
[823/1044] Building C object 'esp-idf/mbedtls/mbedtls/library/CMakeFiles/mbedcrypto.dir/home/tikhon/Документы/magnolia/esp-idf/components/mbedtls/port/sha/core/sha.c.obj'
[607/1044] Building ASM object esp-idf/esp_system/CMakeFiles/__idf_esp_system.dir/port/arch/xtensa/esp_ipc_isr_handler.S.obj
[608/1044] Building C object esp-idf/esp_system/CMakeFiles/__idf_esp_system.dir/esp_ipc.c.obj
[609/1044] Building C object esp-idf/esp_system/CMakeFiles/__idf_esp_system.dir/panic.c.obj
[826/1044] Building C object esp-idf/mbedtls/mbedtls/library/CMakeFiles/mbedcrypto.dir/rsa.c.obj
[824/1044] Building C object 'esp-idf/mbedtls/mbedtls/library/CMakeFiles/mbedcrypto.dir/home/tikhon/Документы/magnolia/esp-idf/components/mbedtls/port/esp_ds/esp_ds_common.c.obj'
[610/1044] Building C object esp-idf/esp_system/CMakeFiles/__idf_esp_system.dir/ubsan.c.obj
[825/1044] Building C object esp-idf/mbedtls/mbedtls/3rdparty/p256-m/CMakeFiles/p256m.dir/p256-m/p256-m.c.obj
[611/1044] Building C object esp-idf/esp_system/CMakeFiles/__idf_esp_system.dir/freertos_hooks.c.obj
[612/1044] Building ASM object esp-idf/esp_system/CMakeFiles/__idf_esp_system.dir/port/arch/xtensa/esp_ipc_isr_routines.S.obj
[613/1044] Building C object esp-idf/esp_system/CMakeFiles/__idf_esp_system.dir/port/arch/xtensa/esp_ipc_isr_port.c.obj
[614/1044] Building C object esp-idf/esp_system/CMakeFiles/__idf_esp_system.dir/xt_wdt.c.obj
-- App "wc" version: c092b7f-dirty
[615/1044] Building C object esp-idf/esp_system/CMakeFiles/__idf_esp_system.dir/int_wdt.c.obj
[616/1044] Building C object esp-idf/esp_system/CMakeFiles/__idf_esp_system.dir/port/esp_system_chip.c.obj
-- Performing Test CMAKE_HAVE_LIBC_PTHREAD
[617/1044] Building ASM object esp-idf/esp_system/CMakeFiles/__idf_esp_system.dir/port/arch/xtensa/panic_handler_asm.S.obj
[618/1044] Building ASM object esp-idf/esp_system/CMakeFiles/__idf_esp_system.dir/port/arch/xtensa/expression_with_stack_asm.S.obj
[619/1044] Building ASM object esp-idf/esp_system/CMakeFiles/__idf_esp_system.dir/port/arch/xtensa/debug_helpers_asm.S.obj
[620/1044] Building C object esp-idf/esp_system/CMakeFiles/__idf_esp_system.dir/port/esp_ipc_isr.c.obj
[621/1044] Linking C static library esp-idf/hal/libhal.a
[622/1044] Building C object esp-idf/esp_system/CMakeFiles/__idf_esp_system.dir/port/panic_handler.c.obj
[623/1044] Building ASM object esp-idf/esp_system/CMakeFiles/__idf_esp_system.dir/port/soc/esp32s3/highint_hdl.S.obj
[624/1044] Building C object esp-idf/esp_system/CMakeFiles/__idf_esp_system.dir/port/image_process.c.obj
[625/1044] Building C object esp-idf/esp_system/CMakeFiles/__idf_esp_system.dir/port/arch/xtensa/debug_stubs.c.obj
[626/1044] Building C object esp-idf/spi_flash/CMakeFiles/__idf_spi_flash.dir/flash_brownout_hook.c.obj
[627/1044] Building C object esp-idf/esp_system/CMakeFiles/__idf_esp_system.dir/port/arch/xtensa/trax.c.obj
[628/1044] Linking C static library esp-idf/esp_rom/libesp_rom.a
[629/1044] Building C object esp-idf/esp_system/CMakeFiles/__idf_esp_system.dir/task_wdt/task_wdt_impl_timergroup.c.obj
[630/1044] Building C object esp-idf/esp_system/CMakeFiles/__idf_esp_system.dir/port/cpu_start.c.obj
[631/1044] Building C object esp-idf/esp_system/CMakeFiles/__idf_esp_system.dir/startup_funcs.c.obj
-- Performing Test CMAKE_HAVE_LIBC_PTHREAD - Success
-- Found Threads: TRUE  
[632/1044] Building C object esp-idf/esp_system/CMakeFiles/__idf_esp_system.dir/port/soc/esp32s3/reset_reason.c.obj
-- Performing Test C_COMPILER_SUPPORTS_WFORMAT_SIGNEDNESS
-- App "user" version: c092b7f-dirty
[633/1044] Building C object esp-idf/esp_system/CMakeFiles/__idf_esp_system.dir/task_wdt/task_wdt.c.obj
[634/1044] Building C object esp-idf/spi_flash/CMakeFiles/__idf_spi_flash.dir/spi_flash_chip_issi.c.obj
[635/1044] Building C object esp-idf/esp_system/CMakeFiles/__idf_esp_system.dir/port/arch/xtensa/expression_with_stack.c.obj
[636/1044] Building C object esp-idf/esp_system/CMakeFiles/__idf_esp_system.dir/port/soc/esp32s3/apb_backup_dma.c.obj
[637/1044] Building C object esp-idf/spi_flash/CMakeFiles/__idf_spi_flash.dir/spi_flash_hpm_enable.c.obj
[638/1044] Building C object esp-idf/esp_system/CMakeFiles/__idf_esp_system.dir/port/arch/xtensa/debug_helpers.c.obj
[639/1044] Building C object esp-idf/spi_flash/CMakeFiles/__idf_spi_flash.dir/spi_flash_chip_drivers.c.obj
[640/1044] Building C object esp-idf/esp_system/CMakeFiles/__idf_esp_system.dir/port/arch/xtensa/panic_arch.c.obj
[641/1044] Building C object esp-idf/spi_flash/CMakeFiles/__idf_spi_flash.dir/esp32s3/spi_flash_oct_flash_init.c.obj
[642/1044] Building C object esp-idf/spi_flash/CMakeFiles/__idf_spi_flash.dir/spi_flash_chip_boya.c.obj
[643/1044] Building C object esp-idf/spi_flash/CMakeFiles/__idf_spi_flash.dir/spi_flash_chip_mxic.c.obj
[644/1044] Building C object esp-idf/spi_flash/CMakeFiles/__idf_spi_flash.dir/spi_flash_chip_th.c.obj
[645/1044] Building C object esp-idf/esp_system/CMakeFiles/__idf_esp_system.dir/port/soc/esp32s3/system_internal.c.obj
[646/1044] Building C object esp-idf/esp_system/CMakeFiles/__idf_esp_system.dir/port/soc/esp32s3/cache_err_int.c.obj
-- Performing Test C_COMPILER_SUPPORTS_WFORMAT_SIGNEDNESS - Success
-- USING O3
-- Generating done (1.5s)
[647/1044] Building C object esp-idf/spi_flash/CMakeFiles/__idf_spi_flash.dir/spi_flash_chip_mxic_opi.c.obj
[648/1044] Building C object esp-idf/spi_flash/CMakeFiles/__idf_spi_flash.dir/spi_flash_chip_gd.c.obj
[649/1044] Building C object esp-idf/esp_mm/CMakeFiles/__idf_esp_mm.dir/port/esp32s3/ext_mem_layout.c.obj
[650/1044] Building C object esp-idf/spi_flash/CMakeFiles/__idf_spi_flash.dir/spi_flash_chip_generic.c.obj
-- Minimal build - OFF
[651/1044] Building C object esp-idf/spi_flash/CMakeFiles/__idf_spi_flash.dir/spi_flash_wrap.c.obj
-- Build files have been written to: /home/tikhon/Документы/magnolia/applets/mainline/true/build
[652/1044] Building C object esp-idf/spi_flash/CMakeFiles/__idf_spi_flash.dir/spi_flash_chip_winbond.c.obj
-- Found Python3: /home/tikhon/.espressif/python_env/idf6.0_py3.12_env/bin/python (found version "3.12.3") found components: Interpreter 
[653/1044] Building C object esp-idf/esp_mm/CMakeFiles/__idf_esp_mm.dir/heap_align_hw.c.obj
[826/1044] Building C object esp-idf/mbedtls/mbedtls/library/CMakeFiles/mbedcrypto.dir/rsa.c.obj
[654/1044] Building C object esp-idf/esp_system/CMakeFiles/__idf_esp_system.dir/port/soc/esp32s3/clk.c.obj
[655/1044] Building C object esp-idf/esp_common/CMakeFiles/__idf_esp_common.dir/src/esp_err_to_name.c.obj
[656/1044] Building C object esp-idf/bootloader_support/CMakeFiles/__idf_bootloader_support.dir/src/bootloader_clock_init.c.obj
[657/1044] Building C object esp-idf/spi_flash/CMakeFiles/__idf_spi_flash.dir/spi_flash_os_func_noos.c.obj
[658/1044] Linking C static library esp-idf/esp_common/libesp_common.a
-- Building ESP-IDF components for target esp32s3
-- Performing Test CMAKE_HAVE_LIBC_PTHREAD
[659/1044] Building C object esp-idf/esp_mm/CMakeFiles/__idf_esp_mm.dir/esp_cache_utils.c.obj
-- Adding linker script /home/tikhon/Документы/magnolia/applets/mainline/yes/build/esp-idf/esp_system/ld/memory.ld
-- Adding linker script /home/tikhon/Документы/magnolia/applets/mainline/yes/build/esp-idf/esp_system/ld/sections.ld.in
[660/1044] Building C object esp-idf/bootloader_support/CMakeFiles/__idf_bootloader_support.dir/src/bootloader_mem.c.obj
[661/1044] Building C object esp-idf/spi_flash/CMakeFiles/__idf_spi_flash.dir/memspi_host_driver.c.obj
-- Generating done (2.8s)
-- Adding linker script /home/tikhon/Документы/magnolia/esp-idf/components/esp_rom/esp32s3/ld/esp32s3.rom.ld
-- Adding linker script /home/tikhon/Документы/magnolia/esp-idf/components/esp_rom/esp32s3/ld/esp32s3.rom.api.ld
-- Adding linker script /home/tikhon/Документы/magnolia/esp-idf/components/esp_rom/esp32s3/ld/esp32s3.rom.bt_funcs.ld
-- Adding linker script /home/tikhon/Документы/magnolia/esp-idf/components/esp_rom/esp32s3/ld/esp32s3.rom.libgcc.ld
-- Adding linker script /home/tikhon/Документы/magnolia/esp-idf/components/esp_rom/esp32s3/ld/esp32s3.rom.wdt.ld
-- Adding linker script /home/tikhon/Документы/magnolia/esp-idf/components/esp_rom/esp32s3/ld/esp32s3.rom.version.ld
-- Adding linker script /home/tikhon/Документы/magnolia/esp-idf/components/esp_rom/esp32s3/ld/esp32s3.rom.ble_master.ld
-- Adding linker script /home/tikhon/Документы/magnolia/esp-idf/components/esp_rom/esp32s3/ld/esp32s3.rom.ble_50.ld
-- Adding linker script /home/tikhon/Документы/magnolia/esp-idf/components/esp_rom/esp32s3/ld/esp32s3.rom.ble_smp.ld
-- Adding linker script /home/tikhon/Документы/magnolia/esp-idf/components/esp_rom/esp32s3/ld/esp32s3.rom.ble_dtm.ld
-- Adding linker script /home/tikhon/Документы/magnolia/esp-idf/components/esp_rom/esp32s3/ld/esp32s3.rom.ble_test.ld
-- Adding linker script /home/tikhon/Документы/magnolia/esp-idf/components/esp_rom/esp32s3/ld/esp32s3.rom.ble_scan.ld
-- Adding linker script /home/tikhon/Документы/magnolia/esp-idf/components/esp_rom/esp32s3/ld/esp32s3.rom.libc.ld
-- Adding linker script /home/tikhon/Документы/magnolia/esp-idf/components/esp_rom/esp32s3/ld/esp32s3.rom.newlib.ld
[662/1044] Building C object esp-idf/bootloader_support/CMakeFiles/__idf_bootloader_support.dir/src/bootloader_random.c.obj
[663/1044] Building C object esp-idf/spi_flash/CMakeFiles/__idf_spi_flash.dir/flash_ops.c.obj
[664/1044] Building C object esp-idf/spi_flash/CMakeFiles/__idf_spi_flash.dir/flash_mmap.c.obj
[665/1044] Building C object esp-idf/bootloader_support/CMakeFiles/__idf_bootloader_support.dir/src/bootloader_common.c.obj
-- Adding linker script /home/tikhon/Документы/magnolia/esp-idf/components/soc/esp32s3/ld/esp32s3.peripherals.ld
[666/1044] Building C object esp-idf/bootloader_support/CMakeFiles/__idf_bootloader_support.dir/src/bootloader_common_loader.c.obj
-- Build files have been written to: /home/tikhon/Документы/magnolia/applets/mainline/uname/build
[667/1044] Building C object esp-idf/esp_mm/CMakeFiles/__idf_esp_mm.dir/esp_cache_msync.c.obj
[668/1044] Building C object esp-idf/bootloader_support/CMakeFiles/__idf_bootloader_support.dir/src/bootloader_efuse.c.obj
[669/1044] Linking C static library esp-idf/esp_system/libesp_system.a
-- Components: app_trace app_update bootloader bootloader_support bt cmock console cxx driver efuse esp-tls esp_adc esp_app_format esp_bootloader_format esp_coex esp_common esp_driver_ana_cmpr esp_driver_bitscrambler esp_driver_cam esp_driver_dac esp_driver_gpio esp_driver_gptimer esp_driver_i2c esp_driver_i2s esp_driver_i3c esp_driver_isp esp_driver_jpeg esp_driver_ledc esp_driver_mcpwm esp_driver_parlio esp_driver_pcnt esp_driver_ppa esp_driver_rmt esp_driver_sd_intf esp_driver_sdio esp_driver_sdm esp_driver_sdmmc esp_driver_sdspi esp_driver_spi esp_driver_touch_sens esp_driver_tsens esp_driver_twai esp_driver_uart esp_driver_usb_serial_jtag esp_eth esp_event esp_gdbstub esp_hid esp_http_client esp_http_server esp_https_ota esp_https_server esp_hw_support esp_lcd esp_local_ctrl esp_mm esp_netif esp_netif_stack esp_partition esp_phy esp_pm esp_psram esp_ringbuf esp_rom esp_security esp_system esp_timer esp_vfs_console esp_wifi espcoredump esptool_py fatfs freertos hal heap http_parser idf_test ieee802154 json log lwip main mbedtls mqtt newlib nvs_flash nvs_sec_provider openthread partition_table perfmon protobuf-c protocomm pthread rt sdmmc soc spi_flash spiffs tcp_transport touch_element ulp unity usb vfs wear_levelling wifi_provisioning wpa_supplicant xtensa
-- Component paths: /home/tikhon/Документы/magnolia/esp-idf/components/app_trace /home/tikhon/Документы/magnolia/esp-idf/components/app_update /home/tikhon/Документы/magnolia/esp-idf/components/bootloader /home/tikhon/Документы/magnolia/esp-idf/components/bootloader_support /home/tikhon/Документы/magnolia/esp-idf/components/bt /home/tikhon/Документы/magnolia/esp-idf/components/cmock /home/tikhon/Документы/magnolia/esp-idf/components/console /home/tikhon/Документы/magnolia/esp-idf/components/cxx /home/tikhon/Документы/magnolia/esp-idf/components/driver /home/tikhon/Документы/magnolia/esp-idf/components/efuse /home/tikhon/Документы/magnolia/esp-idf/components/esp-tls /home/tikhon/Документы/magnolia/esp-idf/components/esp_adc /home/tikhon/Документы/magnolia/esp-idf/components/esp_app_format /home/tikhon/Документы/magnolia/esp-idf/components/esp_bootloader_format /home/tikhon/Документы/magnolia/esp-idf/components/esp_coex /home/tikhon/Документы/magnolia/esp-idf/components/esp_common /home/tikhon/Документы/magnolia/esp-idf/components/esp_driver_ana_cmpr /home/tikhon/Документы/magnolia/esp-idf/components/esp_driver_bitscrambler /home/tikhon/Документы/magnolia/esp-idf/components/esp_driver_cam /home/tikhon/Документы/magnolia/esp-idf/components/esp_driver_dac /home/tikhon/Документы/magnolia/esp-idf/components/esp_driver_gpio /home/tikhon/Документы/magnolia/esp-idf/components/esp_driver_gptimer /home/tikhon/Документы/magnolia/esp-idf/components/esp_driver_i2c /home/tikhon/Документы/magnolia/esp-idf/components/esp_driver_i2s /home/tikhon/Документы/magnolia/esp-idf/components/esp_driver_i3c /home/tikhon/Документы/magnolia/esp-idf/components/esp_driver_isp /home/tikhon/Документы/magnolia/esp-idf/components/esp_driver_jpeg /home/tikhon/Документы/magnolia/esp-idf/components/esp_driver_ledc /home/tikhon/Документы/magnolia/esp-idf/components/esp_driver_mcpwm /home/tikhon/Документы/magnolia/esp-idf/components/esp_driver_parlio /home/tikhon/Документы/magnolia/esp-idf/components/esp_driver_pcnt /home/tikhon/Документы/magnolia/esp-idf/components/esp_driver_ppa /home/tikhon/Документы/magnolia/esp-idf/components/esp_driver_rmt /home/tikhon/Документы/magnolia/esp-idf/components/esp_driver_sd_intf /home/tikhon/Документы/magnolia/esp-idf/components/esp_driver_sdio /home/tikhon/Документы/magnolia/esp-idf/components/esp_driver_sdm /home/tikhon/Документы/magnolia/esp-idf/components/esp_driver_sdmmc /home/tikhon/Документы/magnolia/esp-idf/components/esp_driver_sdspi /home/tikhon/Документы/magnolia/esp-idf/components/esp_driver_spi /home/tikhon/Документы/magnolia/esp-idf/components/esp_driver_touch_sens /home/tikhon/Документы/magnolia/esp-idf/components/esp_driver_tsens /home/tikhon/Документы/magnolia/esp-idf/components/esp_driver_twai /home/tikhon/Документы/magnolia/esp-idf/components/esp_driver_uart /home/tikhon/Документы/magnolia/esp-idf/components/esp_driver_usb_serial_jtag /home/tikhon/Документы/magnolia/esp-idf/components/esp_eth /home/tikhon/Документы/magnolia/esp-idf/components/esp_event /home/tikhon/Документы/magnolia/esp-idf/components/esp_gdbstub /home/tikhon/Документы/magnolia/esp-idf/components/esp_hid /home/tikhon/Документы/magnolia/esp-idf/components/esp_http_client /home/tikhon/Документы/magnolia/esp-idf/components/esp_http_server /home/tikhon/Документы/magnolia/esp-idf/components/esp_https_ota /home/tikhon/Документы/magnolia/esp-idf/components/esp_https_server /home/tikhon/Документы/magnolia/esp-idf/components/esp_hw_support /home/tikhon/Документы/magnolia/esp-idf/components/esp_lcd /home/tikhon/Документы/magnolia/esp-idf/components/esp_local_ctrl /home/tikhon/Документы/magnolia/esp-idf/components/esp_mm /home/tikhon/Документы/magnolia/esp-idf/components/esp_netif /home/tikhon/Документы/magnolia/esp-idf/components/esp_netif_stack /home/tikhon/Документы/magnolia/esp-idf/components/esp_partition /home/tikhon/Документы/magnolia/esp-idf/components/esp_phy /home/tikhon/Документы/magnolia/esp-idf/components/esp_pm /home/tikhon/Документы/magnolia/esp-idf/components/esp_psram /home/tikhon/Документы/magnolia/esp-idf/components/esp_ringbuf /home/tikhon/Документы/magnolia/esp-idf/components/esp_rom /home/tikhon/Документы/magnolia/esp-idf/components/esp_security /home/tikhon/Документы/magnolia/esp-idf/components/esp_system /home/tikhon/Документы/magnolia/esp-idf/components/esp_timer /home/tikhon/Документы/magnolia/esp-idf/components/esp_vfs_console /home/tikhon/Документы/magnolia/esp-idf/components/esp_wifi /home/tikhon/Документы/magnolia/esp-idf/components/espcoredump /home/tikhon/Документы/magnolia/esp-idf/components/esptool_py /home/tikhon/Документы/magnolia/esp-idf/components/fatfs /home/tikhon/Документы/magnolia/esp-idf/components/freertos /home/tikhon/Документы/magnolia/esp-idf/components/hal /home/tikhon/Документы/magnolia/esp-idf/components/heap /home/tikhon/Документы/magnolia/esp-idf/components/http_parser /home/tikhon/Документы/magnolia/esp-idf/components/idf_test /home/tikhon/Документы/magnolia/esp-idf/components/ieee802154 /home/tikhon/Документы/magnolia/esp-idf/components/json /home/tikhon/Документы/magnolia/esp-idf/components/log /home/tikhon/Документы/magnolia/esp-idf/components/lwip /home/tikhon/Документы/magnolia/applets/mainline/unlink/main /home/tikhon/Документы/magnolia/esp-idf/components/mbedtls /home/tikhon/Документы/magnolia/esp-idf/components/mqtt /home/tikhon/Документы/magnolia/esp-idf/components/newlib /home/tikhon/Документы/magnolia/esp-idf/components/nvs_flash /home/tikhon/Документы/magnolia/esp-idf/components/nvs_sec_provider /home/tikhon/Документы/magnolia/esp-idf/components/openthread /home/tikhon/Документы/magnolia/esp-idf/components/partition_table /home/tikhon/Документы/magnolia/esp-idf/components/perfmon /home/tikhon/Документы/magnolia/esp-idf/components/protobuf-c /home/tikhon/Документы/magnolia/esp-idf/components/protocomm /home/tikhon/Документы/magnolia/esp-idf/components/pthread /home/tikhon/Документы/magnolia/esp-idf/components/rt /home/tikhon/Документы/magnolia/esp-idf/components/sdmmc /home/tikhon/Документы/magnolia/esp-idf/components/soc /home/tikhon/Документы/magnolia/esp-idf/components/spi_flash /home/tikhon/Документы/magnolia/esp-idf/components/spiffs /home/tikhon/Документы/magnolia/esp-idf/components/tcp_transport /home/tikhon/Документы/magnolia/esp-idf/components/touch_element /home/tikhon/Документы/magnolia/esp-idf/components/ulp /home/tikhon/Документы/magnolia/esp-idf/components/unity /home/tikhon/Документы/magnolia/esp-idf/components/usb /home/tikhon/Документы/magnolia/esp-idf/components/vfs /home/tikhon/Документы/magnolia/esp-idf/components/wear_levelling /home/tikhon/Документы/magnolia/esp-idf/components/wifi_provisioning /home/tikhon/Документы/magnolia/esp-idf/components/wpa_supplicant /home/tikhon/Документы/magnolia/esp-idf/components/xtensa
-- Performing Test CMAKE_HAVE_LIBC_PTHREAD - Success
-- Found Threads: TRUE  
[670/1044] Building C object esp-idf/spi_flash/CMakeFiles/__idf_spi_flash.dir/cache_utils.c.obj
-- Configuring done (21.0s)
[671/1044] Building C object esp-idf/mbedtls/mbedtls/library/CMakeFiles/mbedtls.dir/debug.c.obj
-- Performing Test C_COMPILER_SUPPORTS_WFORMAT_SIGNEDNESS
[672/1044] Building C object esp-idf/spi_flash/CMakeFiles/__idf_spi_flash.dir/spi_flash_os_func_app.c.obj
[673/1044] Building C object esp-idf/bootloader_support/CMakeFiles/__idf_bootloader_support.dir/src/bootloader_random_esp32s3.c.obj
[674/1044] Building C object esp-idf/mbedtls/mbedtls/library/CMakeFiles/mbedtls.dir/mps_reader.c.obj
[675/1044] Building C object esp-idf/bootloader_support/CMakeFiles/__idf_bootloader_support.dir/src/esp32s3/secure_boot_secure_features.c.obj
[676/1044] Building C object esp-idf/bootloader_support/CMakeFiles/__idf_bootloader_support.dir/src/flash_partitions.c.obj
[677/1044] Building C object esp-idf/mbedtls/mbedtls/library/CMakeFiles/mbedtls.dir/mps_trace.c.obj
[678/1044] Building C object esp-idf/bootloader_support/CMakeFiles/__idf_bootloader_support.dir/bootloader_flash/src/flash_qio_mode.c.obj
[679/1044] Building C object esp-idf/bootloader_support/CMakeFiles/__idf_bootloader_support.dir/src/flash_encrypt.c.obj
[680/1044] Building C object esp-idf/bootloader_support/CMakeFiles/__idf_bootloader_support.dir/src/secure_boot.c.obj
[681/1044] Building C object esp-idf/bootloader_support/CMakeFiles/__idf_bootloader_support.dir/bootloader_flash/src/bootloader_flash_config_esp32s3.c.obj
[682/1044] Building C object esp-idf/spi_flash/CMakeFiles/__idf_spi_flash.dir/esp_flash_api.c.obj
[683/1044] Building C object esp-idf/spi_flash/CMakeFiles/__idf_spi_flash.dir/esp_flash_spi_init.c.obj
[1/6] Building C object esp-idf/main/CMakeFiles/__idf_main.dir/main.c.obj
-- Performing Test C_COMPILER_SUPPORTS_WFORMAT_SIGNEDNESS - Success
-- USING O3
[684/1044] Building C object esp-idf/mbedtls/mbedtls/library/CMakeFiles/mbedtls.dir/ssl_cookie.c.obj
[685/1044] Building C object esp-idf/mbedtls/mbedtls/library/CMakeFiles/mbedtls.dir/ssl_tls13_keys.c.obj
[686/1044] Building C object esp-idf/esp_mm/CMakeFiles/__idf_esp_mm.dir/esp_mmu_map.c.obj
[687/1044] Building C object esp-idf/mbedtls/mbedtls/library/CMakeFiles/mbedtls.dir/ssl_tls13_server.c.obj
[688/1044] Linking C static library esp-idf/spi_flash/libspi_flash.a
[689/1044] Building C object esp-idf/bootloader_support/CMakeFiles/__idf_bootloader_support.dir/src/bootloader_sha.c.obj
[690/1044] Building C object esp-idf/mbedtls/mbedtls/library/CMakeFiles/mbedtls.dir/ssl_tls13_client.c.obj
[691/1044] Building C object esp-idf/bootloader_support/CMakeFiles/__idf_bootloader_support.dir/src/esp_image_format.c.obj
[692/1044] Building C object esp-idf/mbedtls/mbedtls/library/CMakeFiles/mbedtls.dir/ssl_ciphersuites.c.obj
-- USING O3
[2/6] Building C object esp-idf/esp_app_format/CMakeFiles/__idf_esp_app_format.dir/esp_app_desc.c.obj
[693/1044] Building C object esp-idf/mbedtls/mbedtls/library/CMakeFiles/mbedtls.dir/ssl_tls13_generic.c.obj
[694/1044] Linking C static library esp-idf/esp_mm/libesp_mm.a
[695/1044] Building C object esp-idf/bootloader_support/CMakeFiles/__idf_bootloader_support.dir/bootloader_flash/src/bootloader_flash.c.obj
[696/1044] Building C object 'esp-idf/mbedtls/mbedtls/library/CMakeFiles/mbedtls.dir/home/tikhon/Документы/magnolia/esp-idf/components/mbedtls/port/esp_platform_time.c.obj'
-- Adding linker script /home/tikhon/Документы/magnolia/applets/mainline/wc/build/esp-idf/esp_system/ld/memory.ld
-- Adding linker script /home/tikhon/Документы/magnolia/applets/mainline/wc/build/esp-idf/esp_system/ld/sections.ld.in
[3/6] Linking C static library esp-idf/esp_app_format/libesp_app_format.a
-- Project sdkconfig file /home/tikhon/Документы/magnolia/applets/go/echo/sdkconfig
-- Adding linker script /home/tikhon/Документы/magnolia/esp-idf/components/esp_rom/esp32s3/ld/esp32s3.rom.ld
-- Adding linker script /home/tikhon/Документы/magnolia/esp-idf/components/esp_rom/esp32s3/ld/esp32s3.rom.api.ld
-- Adding linker script /home/tikhon/Документы/magnolia/esp-idf/components/esp_rom/esp32s3/ld/esp32s3.rom.bt_funcs.ld
-- Adding linker script /home/tikhon/Документы/magnolia/esp-idf/components/esp_rom/esp32s3/ld/esp32s3.rom.libgcc.ld
-- Adding linker script /home/tikhon/Документы/magnolia/esp-idf/components/esp_rom/esp32s3/ld/esp32s3.rom.wdt.ld
-- Adding linker script /home/tikhon/Документы/magnolia/esp-idf/components/esp_rom/esp32s3/ld/esp32s3.rom.version.ld
-- Adding linker script /home/tikhon/Документы/magnolia/esp-idf/components/esp_rom/esp32s3/ld/esp32s3.rom.ble_master.ld
-- Adding linker script /home/tikhon/Документы/magnolia/esp-idf/components/esp_rom/esp32s3/ld/esp32s3.rom.ble_50.ld
-- Adding linker script /home/tikhon/Документы/magnolia/esp-idf/components/esp_rom/esp32s3/ld/esp32s3.rom.ble_smp.ld
-- Adding linker script /home/tikhon/Документы/magnolia/esp-idf/components/esp_rom/esp32s3/ld/esp32s3.rom.ble_dtm.ld
-- Adding linker script /home/tikhon/Документы/magnolia/esp-idf/components/esp_rom/esp32s3/ld/esp32s3.rom.ble_test.ld
-- Adding linker script /home/tikhon/Документы/magnolia/esp-idf/components/esp_rom/esp32s3/ld/esp32s3.rom.ble_scan.ld
-- Adding linker script /home/tikhon/Документы/magnolia/esp-idf/components/esp_rom/esp32s3/ld/esp32s3.rom.libc.ld
-- Adding linker script /home/tikhon/Документы/magnolia/esp-idf/components/esp_rom/esp32s3/ld/esp32s3.rom.newlib.ld
[697/1044] Building C object esp-idf/mbedtls/mbedtls/library/CMakeFiles/mbedtls.dir/ssl_cache.c.obj
[4/6] Linking C static library esp-idf/main/libmain.a
[698/1044] Building C object esp-idf/mbedtls/mbedtls/library/CMakeFiles/mbedtls.dir/ssl_debug_helpers_generated.c.obj
-- Adding linker script /home/tikhon/Документы/magnolia/applets/mainline/user/build/esp-idf/esp_system/ld/memory.ld
[5/6] Build ELF: true.app.elf
-- Adding linker script /home/tikhon/Документы/magnolia/applets/mainline/user/build/esp-idf/esp_system/ld/sections.ld.in
[699/1044] Building C object esp-idf/mbedtls/mbedtls/library/CMakeFiles/mbedx509.dir/x509write.c.obj
-- Adding linker script /home/tikhon/Документы/magnolia/esp-idf/components/soc/esp32s3/ld/esp32s3.peripherals.ld
[827/1044] Building C object esp-idf/mbedtls/mbedtls/library/CMakeFiles/mbedcrypto.dir/psa_crypto.c.obj
[700/1044] Building C object esp-idf/mbedtls/mbedtls/library/CMakeFiles/mbedx509.dir/x509_create.c.obj
-- Adding linker script /home/tikhon/Документы/magnolia/esp-idf/components/esp_rom/esp32s3/ld/esp32s3.rom.ld
-- Adding linker script /home/tikhon/Документы/magnolia/esp-idf/components/esp_rom/esp32s3/ld/esp32s3.rom.api.ld
-- Adding linker script /home/tikhon/Документы/magnolia/esp-idf/components/esp_rom/esp32s3/ld/esp32s3.rom.bt_funcs.ld
-- Adding linker script /home/tikhon/Документы/magnolia/esp-idf/components/esp_rom/esp32s3/ld/esp32s3.rom.libgcc.ld
-- Adding linker script /home/tikhon/Документы/magnolia/esp-idf/components/esp_rom/esp32s3/ld/esp32s3.rom.wdt.ld
-- Adding linker script /home/tikhon/Документы/magnolia/esp-idf/components/esp_rom/esp32s3/ld/esp32s3.rom.version.ld
-- Adding linker script /home/tikhon/Документы/magnolia/esp-idf/components/esp_rom/esp32s3/ld/esp32s3.rom.ble_master.ld
-- Adding linker script /home/tikhon/Документы/magnolia/esp-idf/components/esp_rom/esp32s3/ld/esp32s3.rom.ble_50.ld
-- Adding linker script /home/tikhon/Документы/magnolia/esp-idf/components/esp_rom/esp32s3/ld/esp32s3.rom.ble_smp.ld
-- Adding linker script /home/tikhon/Документы/magnolia/esp-idf/components/esp_rom/esp32s3/ld/esp32s3.rom.ble_dtm.ld
-- Adding linker script /home/tikhon/Документы/magnolia/esp-idf/components/esp_rom/esp32s3/ld/esp32s3.rom.ble_test.ld
-- Adding linker script /home/tikhon/Документы/magnolia/esp-idf/components/esp_rom/esp32s3/ld/esp32s3.rom.ble_scan.ld
-- Adding linker script /home/tikhon/Документы/magnolia/esp-idf/components/esp_rom/esp32s3/ld/esp32s3.rom.libc.ld
-- Adding linker script /home/tikhon/Документы/magnolia/esp-idf/components/esp_rom/esp32s3/ld/esp32s3.rom.newlib.ld
[701/1044] Building C object 'esp-idf/mbedtls/mbedtls/library/CMakeFiles/mbedtls.dir/home/tikhon/Документы/magnolia/esp-idf/components/mbedtls/port/mbedtls_debug.c.obj'
[702/1044] Building C object esp-idf/mbedtls/mbedtls/library/CMakeFiles/mbedtls.dir/ssl_ticket.c.obj
-- Adding linker script /home/tikhon/Документы/magnolia/esp-idf/components/soc/esp32s3/ld/esp32s3.peripherals.ld
[703/1044] Building C object esp-idf/mbedtls/mbedtls/library/CMakeFiles/mbedx509.dir/x509write_csr.c.obj
[704/1044] Building C object esp-idf/bootloader_support/CMakeFiles/__idf_bootloader_support.dir/src/bootloader_utility.c.obj
[705/1044] Building C object esp-idf/mbedtls/mbedtls/library/CMakeFiles/mbedx509.dir/x509write_crt.c.obj
[706/1044] Building C object esp-idf/mbedtls/mbedtls/library/CMakeFiles/mbedcrypto.dir/aesni.c.obj
[707/1044] Building C object esp-idf/mbedtls/mbedtls/library/CMakeFiles/mbedtls.dir/ssl_client.c.obj
[708/1044] Building C object esp-idf/mbedtls/mbedtls/library/CMakeFiles/mbedx509.dir/pkcs7.c.obj
[709/1044] Building C object esp-idf/mbedtls/mbedtls/library/CMakeFiles/mbedcrypto.dir/aesce.c.obj
[1/6] Building C object esp-idf/esp_app_format/CMakeFiles/__idf_esp_app_format.dir/esp_app_desc.c.obj
[710/1044] Linking C static library esp-idf/bootloader_support/libbootloader_support.a
[711/1044] Building C object esp-idf/mbedtls/mbedtls/library/CMakeFiles/mbedx509.dir/x509_csr.c.obj
[2/6] Building C object esp-idf/main/CMakeFiles/__idf_main.dir/main.c.obj
[3/6] Linking C static library esp-idf/esp_app_format/libesp_app_format.a
[712/1044] Building C object esp-idf/mbedtls/mbedtls/library/CMakeFiles/mbedcrypto.dir/bignum_mod.c.obj
[713/1044] Building C object esp-idf/mbedtls/mbedtls/library/CMakeFiles/mbedtls.dir/ssl_tls12_client.c.obj
[714/1044] Building C object 'esp-idf/mbedtls/mbedtls/library/CMakeFiles/mbedtls.dir/home/tikhon/Документы/magnolia/esp-idf/components/mbedtls/port/net_sockets.c.obj'
[715/1044] Building C object esp-idf/mbedtls/mbedtls/library/CMakeFiles/mbedcrypto.dir/bignum_mod_raw.c.obj
[4/6] Linking C static library esp-idf/main/libmain.a
[716/1044] Building C object esp-idf/mbedtls/mbedtls/library/CMakeFiles/mbedcrypto.dir/block_cipher.c.obj
[717/1044] Building C object esp-idf/mbedtls/mbedtls/library/CMakeFiles/mbedcrypto.dir/aes.c.obj
[5/6] Build ELF: uname.app.elf
[828/1044] Linking CXX static library esp-idf/mbedtls/mbedtls/library/libmbedcrypto.a
[718/1044] Building C object esp-idf/mbedtls/mbedtls/library/CMakeFiles/mbedcrypto.dir/camellia.c.obj
[719/1044] Building C object esp-idf/mbedtls/mbedtls/library/CMakeFiles/mbedcrypto.dir/chacha20.c.obj
[720/1044] Building C object esp-idf/mbedtls/mbedtls/library/CMakeFiles/mbedcrypto.dir/asn1write.c.obj
[721/1044] Building C object esp-idf/mbedtls/mbedtls/library/CMakeFiles/mbedcrypto.dir/chachapoly.c.obj
[722/1044] Building C object esp-idf/mbedtls/mbedtls/library/CMakeFiles/mbedcrypto.dir/base64.c.obj
[723/1044] Building C object esp-idf/mbedtls/mbedtls/library/CMakeFiles/mbedx509.dir/x509_crl.c.obj
[829/1044] Linking CXX static library esp-idf/mbedtls/mbedtls/3rdparty/p256-m/libp256m.a
[724/1044] Building C object esp-idf/mbedtls/mbedtls/library/CMakeFiles/mbedcrypto.dir/asn1parse.c.obj
Applet true OK -> /home/tikhon/Документы/magnolia/rootfs/bin/true
[725/1044] Building C object esp-idf/mbedtls/mbedtls/library/CMakeFiles/mbedcrypto.dir/des.c.obj
Building applet gohexdump -> gohexdump ...
+ idf.py elf
[726/1044] Building C object esp-idf/mbedtls/mbedtls/library/CMakeFiles/mbedtls.dir/ssl_msg.c.obj
[830/1044] Linking CXX static library esp-idf/mbedtls/mbedtls/3rdparty/everest/libeverest.a
[727/1044] Building C object esp-idf/mbedtls/mbedtls/library/CMakeFiles/mbedcrypto.dir/constant_time.c.obj
[728/1044] Building C object esp-idf/mbedtls/mbedtls/library/CMakeFiles/mbedcrypto.dir/aria.c.obj
-- Components: app_trace app_update bootloader bootloader_support bt cmock console cxx driver efuse esp-tls esp_adc esp_app_format esp_bootloader_format esp_coex esp_common esp_driver_ana_cmpr esp_driver_bitscrambler esp_driver_cam esp_driver_dac esp_driver_gpio esp_driver_gptimer esp_driver_i2c esp_driver_i2s esp_driver_i3c esp_driver_isp esp_driver_jpeg esp_driver_ledc esp_driver_mcpwm esp_driver_parlio esp_driver_pcnt esp_driver_ppa esp_driver_rmt esp_driver_sd_intf esp_driver_sdio esp_driver_sdm esp_driver_sdmmc esp_driver_sdspi esp_driver_spi esp_driver_touch_sens esp_driver_tsens esp_driver_twai esp_driver_uart esp_driver_usb_serial_jtag esp_eth esp_event esp_gdbstub esp_hid esp_http_client esp_http_server esp_https_ota esp_https_server esp_hw_support esp_lcd esp_local_ctrl esp_mm esp_netif esp_netif_stack esp_partition esp_phy esp_pm esp_psram esp_ringbuf esp_rom esp_security esp_system esp_timer esp_vfs_console esp_wifi espcoredump esptool_py fatfs freertos hal heap http_parser idf_test ieee802154 json log lwip main mbedtls mqtt newlib nvs_flash nvs_sec_provider openthread partition_table perfmon protobuf-c protocomm pthread rt sdmmc soc spi_flash spiffs tcp_transport touch_element ulp unity usb vfs wear_levelling wifi_provisioning wpa_supplicant xtensa
-- Component paths: /home/tikhon/Документы/magnolia/esp-idf/components/app_trace /home/tikhon/Документы/magnolia/esp-idf/components/app_update /home/tikhon/Документы/magnolia/esp-idf/components/bootloader /home/tikhon/Документы/magnolia/esp-idf/components/bootloader_support /home/tikhon/Документы/magnolia/esp-idf/components/bt /home/tikhon/Документы/magnolia/esp-idf/components/cmock /home/tikhon/Документы/magnolia/esp-idf/components/console /home/tikhon/Документы/magnolia/esp-idf/components/cxx /home/tikhon/Документы/magnolia/esp-idf/components/driver /home/tikhon/Документы/magnolia/esp-idf/components/efuse /home/tikhon/Документы/magnolia/esp-idf/components/esp-tls /home/tikhon/Документы/magnolia/esp-idf/components/esp_adc /home/tikhon/Документы/magnolia/esp-idf/components/esp_app_format /home/tikhon/Документы/magnolia/esp-idf/components/esp_bootloader_format /home/tikhon/Документы/magnolia/esp-idf/components/esp_coex /home/tikhon/Документы/magnolia/esp-idf/components/esp_common /home/tikhon/Документы/magnolia/esp-idf/components/esp_driver_ana_cmpr /home/tikhon/Документы/magnolia/esp-idf/components/esp_driver_bitscrambler /home/tikhon/Документы/magnolia/esp-idf/components/esp_driver_cam /home/tikhon/Документы/magnolia/esp-idf/components/esp_driver_dac /home/tikhon/Документы/magnolia/esp-idf/components/esp_driver_gpio /home/tikhon/Документы/magnolia/esp-idf/components/esp_driver_gptimer /home/tikhon/Документы/magnolia/esp-idf/components/esp_driver_i2c /home/tikhon/Документы/magnolia/esp-idf/components/esp_driver_i2s /home/tikhon/Документы/magnolia/esp-idf/components/esp_driver_i3c /home/tikhon/Документы/magnolia/esp-idf/components/esp_driver_isp /home/tikhon/Документы/magnolia/esp-idf/components/esp_driver_jpeg /home/tikhon/Документы/magnolia/esp-idf/components/esp_driver_ledc /home/tikhon/Документы/magnolia/esp-idf/components/esp_driver_mcpwm /home/tikhon/Документы/magnolia/esp-idf/components/esp_driver_parlio /home/tikhon/Документы/magnolia/esp-idf/components/esp_driver_pcnt /home/tikhon/Документы/magnolia/esp-idf/components/esp_driver_ppa /home/tikhon/Документы/magnolia/esp-idf/components/esp_driver_rmt /home/tikhon/Документы/magnolia/esp-idf/components/esp_driver_sd_intf /home/tikhon/Документы/magnolia/esp-idf/components/esp_driver_sdio /home/tikhon/Документы/magnolia/esp-idf/components/esp_driver_sdm /home/tikhon/Документы/magnolia/esp-idf/components/esp_driver_sdmmc /home/tikhon/Документы/magnolia/esp-idf/components/esp_driver_sdspi /home/tikhon/Документы/magnolia/esp-idf/components/esp_driver_spi /home/tikhon/Документы/magnolia/esp-idf/components/esp_driver_touch_sens /home/tikhon/Документы/magnolia/esp-idf/components/esp_driver_tsens /home/tikhon/Документы/magnolia/esp-idf/components/esp_driver_twai /home/tikhon/Документы/magnolia/esp-idf/components/esp_driver_uart /home/tikhon/Документы/magnolia/esp-idf/components/esp_driver_usb_serial_jtag /home/tikhon/Документы/magnolia/esp-idf/components/esp_eth /home/tikhon/Документы/magnolia/esp-idf/components/esp_event /home/tikhon/Документы/magnolia/esp-idf/components/esp_gdbstub /home/tikhon/Документы/magnolia/esp-idf/components/esp_hid /home/tikhon/Документы/magnolia/esp-idf/components/esp_http_client /home/tikhon/Документы/magnolia/esp-idf/components/esp_http_server /home/tikhon/Документы/magnolia/esp-idf/components/esp_https_ota /home/tikhon/Документы/magnolia/esp-idf/components/esp_https_server /home/tikhon/Документы/magnolia/esp-idf/components/esp_hw_support /home/tikhon/Документы/magnolia/esp-idf/components/esp_lcd /home/tikhon/Документы/magnolia/esp-idf/components/esp_local_ctrl /home/tikhon/Документы/magnolia/esp-idf/components/esp_mm /home/tikhon/Документы/magnolia/esp-idf/components/esp_netif /home/tikhon/Документы/magnolia/esp-idf/components/esp_netif_stack /home/tikhon/Документы/magnolia/esp-idf/components/esp_partition /home/tikhon/Документы/magnolia/esp-idf/components/esp_phy /home/tikhon/Документы/magnolia/esp-idf/components/esp_pm /home/tikhon/Документы/magnolia/esp-idf/components/esp_psram /home/tikhon/Документы/magnolia/esp-idf/components/esp_ringbuf /home/tikhon/Документы/magnolia/esp-idf/components/esp_rom /home/tikhon/Документы/magnolia/esp-idf/components/esp_security /home/tikhon/Документы/magnolia/esp-idf/components/esp_system /home/tikhon/Документы/magnolia/esp-idf/components/esp_timer /home/tikhon/Документы/magnolia/esp-idf/components/esp_vfs_console /home/tikhon/Документы/magnolia/esp-idf/components/esp_wifi /home/tikhon/Документы/magnolia/esp-idf/components/espcoredump /home/tikhon/Документы/magnolia/esp-idf/components/esptool_py /home/tikhon/Документы/magnolia/esp-idf/components/fatfs /home/tikhon/Документы/magnolia/esp-idf/components/freertos /home/tikhon/Документы/magnolia/esp-idf/components/hal /home/tikhon/Документы/magnolia/esp-idf/components/heap /home/tikhon/Документы/magnolia/esp-idf/components/http_parser /home/tikhon/Документы/magnolia/esp-idf/components/idf_test /home/tikhon/Документы/magnolia/esp-idf/components/ieee802154 /home/tikhon/Документы/magnolia/esp-idf/components/json /home/tikhon/Документы/magnolia/esp-idf/components/log /home/tikhon/Документы/magnolia/esp-idf/components/lwip /home/tikhon/Документы/magnolia/applets/mainline/vi/main /home/tikhon/Документы/magnolia/esp-idf/components/mbedtls /home/tikhon/Документы/magnolia/esp-idf/components/mqtt /home/tikhon/Документы/magnolia/esp-idf/components/newlib /home/tikhon/Документы/magnolia/esp-idf/components/nvs_flash /home/tikhon/Документы/magnolia/esp-idf/components/nvs_sec_provider /home/tikhon/Документы/magnolia/esp-idf/components/openthread /home/tikhon/Документы/magnolia/esp-idf/components/partition_table /home/tikhon/Документы/magnolia/esp-idf/components/perfmon /home/tikhon/Документы/magnolia/esp-idf/components/protobuf-c /home/tikhon/Документы/magnolia/esp-idf/components/protocomm /home/tikhon/Документы/magnolia/esp-idf/components/pthread /home/tikhon/Документы/magnolia/esp-idf/components/rt /home/tikhon/Документы/magnolia/esp-idf/components/sdmmc /home/tikhon/Документы/magnolia/esp-idf/components/soc /home/tikhon/Документы/magnolia/esp-idf/components/spi_flash /home/tikhon/Документы/magnolia/esp-idf/components/spiffs /home/tikhon/Документы/magnolia/esp-idf/components/tcp_transport /home/tikhon/Документы/magnolia/esp-idf/components/touch_element /home/tikhon/Документы/magnolia/esp-idf/components/ulp /home/tikhon/Документы/magnolia/esp-idf/components/unity /home/tikhon/Документы/magnolia/esp-idf/components/usb /home/tikhon/Документы/magnolia/esp-idf/components/vfs /home/tikhon/Документы/magnolia/esp-idf/components/wear_levelling /home/tikhon/Документы/magnolia/esp-idf/components/wifi_provisioning /home/tikhon/Документы/magnolia/esp-idf/components/wpa_supplicant /home/tikhon/Документы/magnolia/esp-idf/components/xtensa
[729/1044] Building C object esp-idf/mbedtls/mbedtls/library/CMakeFiles/mbedcrypto.dir/ecjpake.c.obj
[730/1044] Building C object esp-idf/mbedtls/mbedtls/library/CMakeFiles/mbedcrypto.dir/ecdh.c.obj
-- Configuring done (17.5s)
[731/1044] Building C object esp-idf/mbedtls/mbedtls/library/CMakeFiles/mbedx509.dir/x509.c.obj
[732/1044] Building C object esp-idf/mbedtls/mbedtls/library/CMakeFiles/mbedcrypto.dir/cipher_wrap.c.obj
[733/1044] Building C object esp-idf/mbedtls/mbedtls/library/CMakeFiles/mbedcrypto.dir/ccm.c.obj
[734/1044] Building C object esp-idf/mbedtls/mbedtls/library/CMakeFiles/mbedcrypto.dir/ecp_curves_new.c.obj
-- Project sdkconfig file /home/tikhon/Документы/magnolia/applets/go/false/sdkconfig
Applet uname OK -> /home/tikhon/Документы/magnolia/rootfs/bin/uname
Building applet gotest -> gotest ...
+ idf.py elf
[735/1044] Building C object esp-idf/mbedtls/mbedtls/library/CMakeFiles/mbedcrypto.dir/entropy_poll.c.obj
[736/1044] Building C object esp-idf/mbedtls/mbedtls/library/CMakeFiles/mbedcrypto.dir/ctr_drbg.c.obj
-- Compiler supported targets: xtensa-esp-elf
[737/1044] Building C object esp-idf/mbedtls/mbedtls/library/CMakeFiles/mbedcrypto.dir/bignum_core.c.obj
[738/1044] Building C object esp-idf/mbedtls/mbedtls/library/CMakeFiles/mbedcrypto.dir/hkdf.c.obj
[739/1044] Building C object esp-idf/mbedtls/mbedtls/library/CMakeFiles/mbedcrypto.dir/cmac.c.obj
[740/1044] Building C object esp-idf/mbedtls/mbedtls/library/CMakeFiles/mbedcrypto.dir/ecdsa.c.obj
[741/1044] Building C object esp-idf/mbedtls/mbedtls/library/CMakeFiles/mbedtls.dir/ssl_tls12_server.c.obj
[742/1044] Building C object esp-idf/mbedtls/mbedtls/library/CMakeFiles/mbedcrypto.dir/lms.c.obj
Executing action: elf
Running ninja in directory /home/tikhon/Документы/magnolia/applets/go/gohello/build
Executing "ninja elf"...
[0/2] Re-checking globbed directories...
[1/2] Re-running CMake...
[743/1044] Building C object esp-idf/mbedtls/mbedtls/library/CMakeFiles/mbedcrypto.dir/dhm.c.obj
[744/1044] Building C object esp-idf/mbedtls/mbedtls/library/CMakeFiles/mbedcrypto.dir/memory_buffer_alloc.c.obj
[745/1044] Building C object esp-idf/mbedtls/mbedtls/library/CMakeFiles/mbedcrypto.dir/lmots.c.obj
[831/1044] Generating x509_crt_bundle
[746/1044] Building C object esp-idf/mbedtls/mbedtls/library/CMakeFiles/mbedcrypto.dir/padlock.c.obj
[827/1044] Building C object esp-idf/mbedtls/mbedtls/library/CMakeFiles/mbedcrypto.dir/psa_crypto.c.obj
[747/1044] Building C object esp-idf/mbedtls/mbedtls/library/CMakeFiles/mbedcrypto.dir/bignum.c.obj
[748/1044] Building C object esp-idf/mbedtls/mbedtls/library/CMakeFiles/mbedcrypto.dir/nist_kw.c.obj
[749/1044] Building C object esp-idf/mbedtls/mbedtls/library/CMakeFiles/mbedcrypto.dir/cipher.c.obj
[750/1044] Building C object esp-idf/mbedtls/mbedtls/library/CMakeFiles/mbedcrypto.dir/entropy.c.obj
[751/1044] Building C object esp-idf/mbedtls/mbedtls/library/CMakeFiles/mbedcrypto.dir/md5.c.obj
-- Project sdkconfig file /home/tikhon/Документы/magnolia/applets/go/goargs/sdkconfig
[752/1044] Building C object esp-idf/mbedtls/mbedtls/library/CMakeFiles/mbedcrypto.dir/hmac_drbg.c.obj
[753/1044] Building C object esp-idf/mbedtls/mbedtls/library/CMakeFiles/mbedcrypto.dir/pem.c.obj
[754/1044] Building C object esp-idf/mbedtls/mbedtls/library/CMakeFiles/mbedcrypto.dir/oid.c.obj
[755/1044] Building C object esp-idf/mbedtls/mbedtls/library/CMakeFiles/mbedcrypto.dir/platform.c.obj
[756/1044] Building C object esp-idf/mbedtls/mbedtls/library/CMakeFiles/mbedcrypto.dir/error.c.obj
[757/1044] Building C object esp-idf/mbedtls/mbedtls/library/CMakeFiles/mbedcrypto.dir/pkcs12.c.obj
[758/1044] Building C object esp-idf/mbedtls/mbedtls/library/CMakeFiles/mbedcrypto.dir/pk_wrap.c.obj
[759/1044] Building C object esp-idf/mbedtls/mbedtls/library/CMakeFiles/mbedcrypto.dir/pkwrite.c.obj
[760/1044] Building C object esp-idf/mbedtls/mbedtls/library/CMakeFiles/mbedtls.dir/ssl_tls.c.obj
[828/1044] Linking CXX static library esp-idf/mbedtls/mbedtls/library/libmbedcrypto.a
[761/1044] Building C object esp-idf/mbedtls/mbedtls/library/CMakeFiles/mbedcrypto.dir/gcm.c.obj
[762/1044] Building C object esp-idf/mbedtls/mbedtls/library/CMakeFiles/mbedcrypto.dir/platform_util.c.obj
-- App "xxd" version: c092b7f-dirty
[763/1044] Building C object esp-idf/mbedtls/mbedtls/library/CMakeFiles/mbedcrypto.dir/pk_ecc.c.obj
[764/1044] Building C object esp-idf/mbedtls/mbedtls/library/CMakeFiles/mbedcrypto.dir/poly1305.c.obj
[832/1044] Generating ../../x509_crt_bundle.S
[765/1044] Building C object esp-idf/mbedtls/mbedtls/library/CMakeFiles/mbedcrypto.dir/pk.c.obj
[766/1044] Building C object esp-idf/mbedtls/mbedtls/library/CMakeFiles/mbedcrypto.dir/pkcs5.c.obj
NOTICE: Processing 3 dependencies:
NOTICE: [1/3] espressif/cmake_utilities (0.5.3)
NOTICE: [2/3] espressif/elf_loader (1.1.1)
[767/1044] Building C object esp-idf/mbedtls/mbedtls/library/CMakeFiles/mbedx509.dir/x509_crt.c.obj
NOTICE: [3/3] idf (6.0.0)
[829/1044] Linking CXX static library esp-idf/mbedtls/mbedtls/3rdparty/p256-m/libp256m.a
[768/1044] Linking CXX static library esp-idf/mbedtls/mbedtls/library/libmbedtls.a
[830/1044] Linking CXX static library esp-idf/mbedtls/mbedtls/3rdparty/everest/libeverest.a
[769/1044] Building C object esp-idf/mbedtls/mbedtls/library/CMakeFiles/mbedcrypto.dir/ecp.c.obj
[833/1044] Building C object esp-idf/esp_security/CMakeFiles/__idf_esp_security.dir/src/esp_crypto_lock.c.obj
[770/1044] Building C object esp-idf/mbedtls/mbedtls/library/CMakeFiles/mbedcrypto.dir/md.c.obj
[834/1044] Building ASM object esp-idf/mbedtls/CMakeFiles/__idf_mbedtls.dir/__/__/x509_crt_bundle.S.obj
[771/1044] Building C object esp-idf/mbedtls/mbedtls/library/CMakeFiles/mbedcrypto.dir/psa_crypto_driver_wrappers_no_static.c.obj
[835/1044] Building C object esp-idf/esp_driver_gpio/CMakeFiles/__idf_esp_driver_gpio.dir/src/gpio_glitch_filter_ops.c.obj
[772/1044] Building C object esp-idf/mbedtls/mbedtls/library/CMakeFiles/mbedcrypto.dir/ecp_curves.c.obj
[773/1044] Building C object esp-idf/mbedtls/mbedtls/library/CMakeFiles/mbedcrypto.dir/psa_crypto_se.c.obj
[774/1044] Building C object esp-idf/mbedtls/mbedtls/library/CMakeFiles/mbedcrypto.dir/psa_crypto_client.c.obj
[836/1044] Building C object esp-idf/esp_pm/CMakeFiles/__idf_esp_pm.dir/pm_trace.c.obj
[837/1044] Building C object esp-idf/efuse/CMakeFiles/__idf_efuse.dir/esp32s3/esp_efuse_table.c.obj
[838/1044] Building C object esp-idf/esp_pm/CMakeFiles/__idf_esp_pm.dir/pm_locks.c.obj
[775/1044] Building C object esp-idf/mbedtls/mbedtls/library/CMakeFiles/mbedcrypto.dir/psa_crypto_aead.c.obj
[776/1044] Building C object esp-idf/mbedtls/mbedtls/library/CMakeFiles/mbedcrypto.dir/ripemd160.c.obj
[839/1044] Building C object esp-idf/esp_security/CMakeFiles/__idf_esp_security.dir/src/esp_hmac.c.obj
[777/1044] Building C object esp-idf/mbedtls/mbedtls/library/CMakeFiles/mbedcrypto.dir/psa_crypto_pake.c.obj
[840/1044] Building C object esp-idf/esp_security/CMakeFiles/__idf_esp_security.dir/src/esp_crypto_periph_clk.c.obj
[778/1044] Building C object esp-idf/mbedtls/mbedtls/library/CMakeFiles/mbedcrypto.dir/psa_crypto_ffdh.c.obj
[841/1044] Building C object esp-idf/esp_security/CMakeFiles/__idf_esp_security.dir/src/esp_ds.c.obj
[842/1044] Building C object esp-idf/efuse/CMakeFiles/__idf_efuse.dir/src/esp_efuse_fields.c.obj
[843/1044] Building C object esp-idf/esp_driver_gpio/CMakeFiles/__idf_esp_driver_gpio.dir/src/gpio_pin_glitch_filter.c.obj
[844/1044] Building C object esp-idf/efuse/CMakeFiles/__idf_efuse.dir/esp32s3/esp_efuse_fields.c.obj
[779/1044] Building C object esp-idf/mbedtls/mbedtls/library/CMakeFiles/mbedcrypto.dir/psa_crypto_hash.c.obj
[780/1044] Building C object esp-idf/mbedtls/mbedtls/library/CMakeFiles/mbedcrypto.dir/psa_crypto_mac.c.obj
[845/1044] Building C object esp-idf/esp_security/CMakeFiles/__idf_esp_security.dir/src/init.c.obj
[846/1044] Building C object esp-idf/efuse/CMakeFiles/__idf_efuse.dir/esp32s3/esp_efuse_rtc_calib.c.obj
[781/1044] Building C object esp-idf/mbedtls/mbedtls/library/CMakeFiles/mbedcrypto.dir/psa_crypto_cipher.c.obj
[782/1044] Building C object esp-idf/mbedtls/mbedtls/library/CMakeFiles/mbedcrypto.dir/sha1.c.obj
[783/1044] Building C object esp-idf/mbedtls/mbedtls/library/CMakeFiles/mbedcrypto.dir/threading.c.obj
[847/1044] Building C object esp-idf/xtensa/CMakeFiles/__idf_xtensa.dir/eri.c.obj
[848/1044] Building C object esp-idf/esp_driver_gpio/CMakeFiles/__idf_esp_driver_gpio.dir/src/dedic_gpio.c.obj
[784/1044] Building C object esp-idf/mbedtls/mbedtls/library/CMakeFiles/mbedcrypto.dir/pkparse.c.obj
[849/1044] Building C object esp-idf/mbedtls/CMakeFiles/__idf_mbedtls.dir/esp_crt_bundle/esp_crt_bundle.c.obj
[785/1044] Building C object esp-idf/mbedtls/mbedtls/library/CMakeFiles/mbedcrypto.dir/psa_its_file.c.obj
[850/1044] Building C object esp-idf/esp_bootloader_format/CMakeFiles/__idf_esp_bootloader_format.dir/esp_bootloader_desc.c.obj
-- Components: app_trace app_update bootloader bootloader_support bt cmock console cxx driver efuse esp-tls esp_adc esp_app_format esp_bootloader_format esp_coex esp_common esp_driver_ana_cmpr esp_driver_bitscrambler esp_driver_cam esp_driver_dac esp_driver_gpio esp_driver_gptimer esp_driver_i2c esp_driver_i2s esp_driver_i3c esp_driver_isp esp_driver_jpeg esp_driver_ledc esp_driver_mcpwm esp_driver_parlio esp_driver_pcnt esp_driver_ppa esp_driver_rmt esp_driver_sd_intf esp_driver_sdio esp_driver_sdm esp_driver_sdmmc esp_driver_sdspi esp_driver_spi esp_driver_touch_sens esp_driver_tsens esp_driver_twai esp_driver_uart esp_driver_usb_serial_jtag esp_eth esp_event esp_gdbstub esp_hid esp_http_client esp_http_server esp_https_ota esp_https_server esp_hw_support esp_lcd esp_local_ctrl esp_mm esp_netif esp_netif_stack esp_partition esp_phy esp_pm esp_psram esp_ringbuf esp_rom esp_security esp_system esp_timer esp_vfs_console esp_wifi espcoredump esptool_py fatfs freertos hal heap http_parser idf_test ieee802154 json log lwip main mbedtls mqtt newlib nvs_flash nvs_sec_provider openthread partition_table perfmon protobuf-c protocomm pthread rt sdmmc soc spi_flash spiffs tcp_transport touch_element ulp unity usb vfs wear_levelling wifi_provisioning wpa_supplicant xtensa
-- Component paths: /home/tikhon/Документы/magnolia/esp-idf/components/app_trace /home/tikhon/Документы/magnolia/esp-idf/components/app_update /home/tikhon/Документы/magnolia/esp-idf/components/bootloader /home/tikhon/Документы/magnolia/esp-idf/components/bootloader_support /home/tikhon/Документы/magnolia/esp-idf/components/bt /home/tikhon/Документы/magnolia/esp-idf/components/cmock /home/tikhon/Документы/magnolia/esp-idf/components/console /home/tikhon/Документы/magnolia/esp-idf/components/cxx /home/tikhon/Документы/magnolia/esp-idf/components/driver /home/tikhon/Документы/magnolia/esp-idf/components/efuse /home/tikhon/Документы/magnolia/esp-idf/components/esp-tls /home/tikhon/Документы/magnolia/esp-idf/components/esp_adc /home/tikhon/Документы/magnolia/esp-idf/components/esp_app_format /home/tikhon/Документы/magnolia/esp-idf/components/esp_bootloader_format /home/tikhon/Документы/magnolia/esp-idf/components/esp_coex /home/tikhon/Документы/magnolia/esp-idf/components/esp_common /home/tikhon/Документы/magnolia/esp-idf/components/esp_driver_ana_cmpr /home/tikhon/Документы/magnolia/esp-idf/components/esp_driver_bitscrambler /home/tikhon/Документы/magnolia/esp-idf/components/esp_driver_cam /home/tikhon/Документы/magnolia/esp-idf/components/esp_driver_dac /home/tikhon/Документы/magnolia/esp-idf/components/esp_driver_gpio /home/tikhon/Документы/magnolia/esp-idf/components/esp_driver_gptimer /home/tikhon/Документы/magnolia/esp-idf/components/esp_driver_i2c /home/tikhon/Документы/magnolia/esp-idf/components/esp_driver_i2s /home/tikhon/Документы/magnolia/esp-idf/components/esp_driver_i3c /home/tikhon/Документы/magnolia/esp-idf/components/esp_driver_isp /home/tikhon/Документы/magnolia/esp-idf/components/esp_driver_jpeg /home/tikhon/Документы/magnolia/esp-idf/components/esp_driver_ledc /home/tikhon/Документы/magnolia/esp-idf/components/esp_driver_mcpwm /home/tikhon/Документы/magnolia/esp-idf/components/esp_driver_parlio /home/tikhon/Документы/magnolia/esp-idf/components/esp_driver_pcnt /home/tikhon/Документы/magnolia/esp-idf/components/esp_driver_ppa /home/tikhon/Документы/magnolia/esp-idf/components/esp_driver_rmt /home/tikhon/Документы/magnolia/esp-idf/components/esp_driver_sd_intf /home/tikhon/Документы/magnolia/esp-idf/components/esp_driver_sdio /home/tikhon/Документы/magnolia/esp-idf/components/esp_driver_sdm /home/tikhon/Документы/magnolia/esp-idf/components/esp_driver_sdmmc /home/tikhon/Документы/magnolia/esp-idf/components/esp_driver_sdspi /home/tikhon/Документы/magnolia/esp-idf/components/esp_driver_spi /home/tikhon/Документы/magnolia/esp-idf/components/esp_driver_touch_sens /home/tikhon/Документы/magnolia/esp-idf/components/esp_driver_tsens /home/tikhon/Документы/magnolia/esp-idf/components/esp_driver_twai /home/tikhon/Документы/magnolia/esp-idf/components/esp_driver_uart /home/tikhon/Документы/magnolia/esp-idf/components/esp_driver_usb_serial_jtag /home/tikhon/Документы/magnolia/esp-idf/components/esp_eth /home/tikhon/Документы/magnolia/esp-idf/components/esp_event /home/tikhon/Документы/magnolia/esp-idf/components/esp_gdbstub /home/tikhon/Документы/magnolia/esp-idf/components/esp_hid /home/tikhon/Документы/magnolia/esp-idf/components/esp_http_client /home/tikhon/Документы/magnolia/esp-idf/components/esp_http_server /home/tikhon/Документы/magnolia/esp-idf/components/esp_https_ota /home/tikhon/Документы/magnolia/esp-idf/components/esp_https_server /home/tikhon/Документы/magnolia/esp-idf/components/esp_hw_support /home/tikhon/Документы/magnolia/esp-idf/components/esp_lcd /home/tikhon/Документы/magnolia/esp-idf/components/esp_local_ctrl /home/tikhon/Документы/magnolia/esp-idf/components/esp_mm /home/tikhon/Документы/magnolia/esp-idf/components/esp_netif /home/tikhon/Документы/magnolia/esp-idf/components/esp_netif_stack /home/tikhon/Документы/magnolia/esp-idf/components/esp_partition /home/tikhon/Документы/magnolia/esp-idf/components/esp_phy /home/tikhon/Документы/magnolia/esp-idf/components/esp_pm /home/tikhon/Документы/magnolia/esp-idf/components/esp_psram /home/tikhon/Документы/magnolia/esp-idf/components/esp_ringbuf /home/tikhon/Документы/magnolia/esp-idf/components/esp_rom /home/tikhon/Документы/magnolia/esp-idf/components/esp_security /home/tikhon/Документы/magnolia/esp-idf/components/esp_system /home/tikhon/Документы/magnolia/esp-idf/components/esp_timer /home/tikhon/Документы/magnolia/esp-idf/components/esp_vfs_console /home/tikhon/Документы/magnolia/esp-idf/components/esp_wifi /home/tikhon/Документы/magnolia/esp-idf/components/espcoredump /home/tikhon/Документы/magnolia/esp-idf/components/esptool_py /home/tikhon/Документы/magnolia/esp-idf/components/fatfs /home/tikhon/Документы/magnolia/esp-idf/components/freertos /home/tikhon/Документы/magnolia/esp-idf/components/hal /home/tikhon/Документы/magnolia/esp-idf/components/heap /home/tikhon/Документы/magnolia/esp-idf/components/http_parser /home/tikhon/Документы/magnolia/esp-idf/components/idf_test /home/tikhon/Документы/magnolia/esp-idf/components/ieee802154 /home/tikhon/Документы/magnolia/esp-idf/components/json /home/tikhon/Документы/magnolia/esp-idf/components/log /home/tikhon/Документы/magnolia/esp-idf/components/lwip /home/tikhon/Документы/magnolia/applets/mainline/yes/main /home/tikhon/Документы/magnolia/esp-idf/components/mbedtls /home/tikhon/Документы/magnolia/esp-idf/components/mqtt /home/tikhon/Документы/magnolia/esp-idf/components/newlib /home/tikhon/Документы/magnolia/esp-idf/components/nvs_flash /home/tikhon/Документы/magnolia/esp-idf/components/nvs_sec_provider /home/tikhon/Документы/magnolia/esp-idf/components/openthread /home/tikhon/Документы/magnolia/esp-idf/components/partition_table /home/tikhon/Документы/magnolia/esp-idf/components/perfmon /home/tikhon/Документы/magnolia/esp-idf/components/protobuf-c /home/tikhon/Документы/magnolia/esp-idf/components/protocomm /home/tikhon/Документы/magnolia/esp-idf/components/pthread /home/tikhon/Документы/magnolia/esp-idf/components/rt /home/tikhon/Документы/magnolia/esp-idf/components/sdmmc /home/tikhon/Документы/magnolia/esp-idf/components/soc /home/tikhon/Документы/magnolia/esp-idf/components/spi_flash /home/tikhon/Документы/magnolia/esp-idf/components/spiffs /home/tikhon/Документы/magnolia/esp-idf/components/tcp_transport /home/tikhon/Документы/magnolia/esp-idf/components/touch_element /home/tikhon/Документы/magnolia/esp-idf/components/ulp /home/tikhon/Документы/magnolia/esp-idf/components/unity /home/tikhon/Документы/magnolia/esp-idf/components/usb /home/tikhon/Документы/magnolia/esp-idf/components/vfs /home/tikhon/Документы/magnolia/esp-idf/components/wear_levelling /home/tikhon/Документы/magnolia/esp-idf/components/wifi_provisioning /home/tikhon/Документы/magnolia/esp-idf/components/wpa_supplicant /home/tikhon/Документы/magnolia/esp-idf/components/xtensa
[786/1044] Building C object esp-idf/mbedtls/mbedtls/library/CMakeFiles/mbedcrypto.dir/psa_crypto_ecp.c.obj
[787/1044] Building C object esp-idf/mbedtls/mbedtls/library/CMakeFiles/mbedcrypto.dir/sha512.c.obj
[851/1044] Building C object esp-idf/efuse/CMakeFiles/__idf_efuse.dir/esp32s3/esp_efuse_utility.c.obj
[788/1044] Building C object esp-idf/mbedtls/mbedtls/library/CMakeFiles/mbedcrypto.dir/version_features.c.obj
[852/1044] Building C object esp-idf/xtensa/CMakeFiles/__idf_xtensa.dir/xt_trax.c.obj
[789/1044] Building C object esp-idf/mbedtls/mbedtls/library/CMakeFiles/mbedcrypto.dir/timing.c.obj
[853/1044] Building ASM object esp-idf/xtensa/CMakeFiles/__idf_xtensa.dir/xtensa_context.S.obj
-- Configuring done (15.2s)
[854/1044] Building C object esp-idf/app_update/CMakeFiles/__idf_app_update.dir/esp_ota_app_desc.c.obj
[855/1044] Building C object esp-idf/esp_app_format/CMakeFiles/__idf_esp_app_format.dir/esp_app_desc.c.obj
[790/1044] Building C object 'esp-idf/mbedtls/mbedtls/library/CMakeFiles/mbedcrypto.dir/home/tikhon/Документы/magnolia/esp-idf/components/mbedtls/port/sha/core/esp_sha_gdma_impl.c.obj'
[856/1044] Building ASM object esp-idf/xtensa/CMakeFiles/__idf_xtensa.dir/xtensa_intr_asm.S.obj
[857/1044] Linking C static library esp-idf/mbedtls/libmbedtls.a
[791/1044] Building C object esp-idf/mbedtls/mbedtls/library/CMakeFiles/mbedcrypto.dir/psa_crypto_storage.c.obj
[792/1044] Building C object esp-idf/mbedtls/mbedtls/library/CMakeFiles/mbedcrypto.dir/psa_crypto_slot_management.c.obj
[793/1044] Building C object esp-idf/mbedtls/mbedtls/library/CMakeFiles/mbedcrypto.dir/sha256.c.obj
[794/1044] Building C object esp-idf/mbedtls/mbedtls/library/CMakeFiles/mbedcrypto.dir/version.c.obj
[795/1044] Building C object esp-idf/mbedtls/mbedtls/library/CMakeFiles/mbedcrypto.dir/psa_util.c.obj
[858/1044] Building ASM object esp-idf/xtensa/CMakeFiles/__idf_xtensa.dir/xtensa_vectors.S.obj
[796/1044] Building C object esp-idf/mbedtls/mbedtls/library/CMakeFiles/mbedcrypto.dir/rsa_alt_helpers.c.obj
[859/1044] Building C object esp-idf/esp_pm/CMakeFiles/__idf_esp_pm.dir/pm_impl.c.obj
[797/1044] Building C object esp-idf/mbedtls/mbedtls/library/CMakeFiles/mbedcrypto.dir/psa_crypto_rsa.c.obj
[798/1044] Building C object 'esp-idf/mbedtls/mbedtls/library/CMakeFiles/mbedcrypto.dir/home/tikhon/Документы/magnolia/esp-idf/components/mbedtls/port/aes/dma/esp_aes_gdma_impl.c.obj'
[799/1044] Building C object 'esp-idf/mbedtls/mbedtls/library/CMakeFiles/mbedcrypto.dir/home/tikhon/Документы/magnolia/esp-idf/components/mbedtls/port/esp_mem.c.obj'
[860/1044] Building C object esp-idf/efuse/CMakeFiles/__idf_efuse.dir/src/esp_efuse_startup.c.obj
[800/1044] Building C object 'esp-idf/mbedtls/mbedtls/library/CMakeFiles/mbedcrypto.dir/home/tikhon/Документы/magnolia/esp-idf/components/mbedtls/port/esp_hardware.c.obj'
[861/1044] Building C object esp-idf/efuse/CMakeFiles/__idf_efuse.dir/src/esp_efuse_utility.c.obj
[862/1044] Building C object esp-idf/efuse/CMakeFiles/__idf_efuse.dir/src/esp_efuse_api.c.obj
[863/1044] Building C object esp-idf/xtensa/CMakeFiles/__idf_xtensa.dir/xtensa_intr.c.obj
[864/1044] Building C object esp-idf/esp_partition/CMakeFiles/__idf_esp_partition.dir/partition_target.c.obj
[831/1044] Generating x509_crt_bundle
[801/1044] Building C object 'esp-idf/mbedtls/mbedtls/library/CMakeFiles/mbedcrypto.dir/home/tikhon/Документы/magnolia/esp-idf/components/mbedtls/port/esp_timing.c.obj'
[865/1044] Linking C static library esp-idf/esp_pm/libesp_pm.a
[802/1044] Building C object 'esp-idf/mbedtls/mbedtls/library/CMakeFiles/mbedcrypto.dir/home/tikhon/Документы/magnolia/esp-idf/components/mbedtls/port/sha/esp_sha.c.obj'
[866/1044] Building C object esp-idf/console/CMakeFiles/__idf_console.dir/split_argv.c.obj
[803/1044] Building C object 'esp-idf/mbedtls/mbedtls/library/CMakeFiles/mbedcrypto.dir/home/tikhon/Документы/magnolia/esp-idf/components/mbedtls/port/aes/esp_aes_xts.c.obj'
[804/1044] Building C object 'esp-idf/mbedtls/mbedtls/library/CMakeFiles/mbedcrypto.dir/home/tikhon/Документы/magnolia/esp-idf/components/mbedtls/port/sha/core/esp_sha1.c.obj'
[805/1044] Building C object 'esp-idf/mbedtls/mbedtls/library/CMakeFiles/mbedcrypto.dir/home/tikhon/Документы/magnolia/esp-idf/components/mbedtls/port/aes/dma/esp_aes_dma_core.c.obj'
[867/1044] Building C object esp-idf/esp_partition/CMakeFiles/__idf_esp_partition.dir/partition.c.obj
[868/1044] Building C object esp-idf/console/CMakeFiles/__idf_console.dir/esp_console_common.c.obj
[806/1044] Building C object 'esp-idf/mbedtls/mbedtls/library/CMakeFiles/mbedcrypto.dir/home/tikhon/Документы/magnolia/esp-idf/components/mbedtls/port/esp_ds/esp_ds_common.c.obj'
[869/1044] Building C object esp-idf/console/CMakeFiles/__idf_console.dir/argtable3/arg_end.c.obj
[870/1044] Building C object esp-idf/efuse/CMakeFiles/__idf_efuse.dir/src/efuse_controller/keys/with_key_purposes/esp_efuse_api_key.c.obj
[807/1044] Building C object 'esp-idf/mbedtls/mbedtls/library/CMakeFiles/mbedcrypto.dir/home/tikhon/Документы/magnolia/esp-idf/components/mbedtls/port/bignum/bignum_alt.c.obj'
-- ESP-TEE is currently supported only on the esp32c6;esp32h2;esp32c5 SoCs
[871/1044] Building C object esp-idf/console/CMakeFiles/__idf_console.dir/argtable3/arg_dbl.c.obj
[872/1044] Building C object esp-idf/console/CMakeFiles/__idf_console.dir/argtable3/arg_dstr.c.obj
[873/1044] Building C object esp-idf/esp_driver_gpio/CMakeFiles/__idf_esp_driver_gpio.dir/src/rtc_io.c.obj
[874/1044] Building C object esp-idf/console/CMakeFiles/__idf_console.dir/argtable3/arg_rem.c.obj
[808/1044] Linking CXX static library esp-idf/mbedtls/mbedtls/library/libmbedx509.a
[809/1044] Building C object esp-idf/mbedtls/mbedtls/library/CMakeFiles/mbedcrypto.dir/sha3.c.obj
[810/1044] Building C object 'esp-idf/mbedtls/mbedtls/library/CMakeFiles/mbedcrypto.dir/home/tikhon/Документы/magnolia/esp-idf/components/mbedtls/port/aes/esp_aes_common.c.obj'
[875/1044] Building C object esp-idf/console/CMakeFiles/__idf_console.dir/esp_console_repl_internal.c.obj
[811/1044] Building C object 'esp-idf/mbedtls/mbedtls/library/CMakeFiles/mbedcrypto.dir/home/tikhon/Документы/magnolia/esp-idf/components/mbedtls/port/crypto_shared_gdma/esp_crypto_shared_gdma.c.obj'
[876/1044] Building C object esp-idf/console/CMakeFiles/__idf_console.dir/argtable3/arg_cmd.c.obj
[812/1044] Building C object 'esp-idf/mbedtls/mbedtls/library/CMakeFiles/mbedcrypto.dir/home/tikhon/Документы/magnolia/esp-idf/components/mbedtls/port/aes/dma/esp_aes.c.obj'
[877/1044] Building C object esp-idf/console/CMakeFiles/__idf_console.dir/argtable3/arg_str.c.obj
[813/1044] Building C object 'esp-idf/mbedtls/mbedtls/library/CMakeFiles/mbedcrypto.dir/home/tikhon/Документы/magnolia/esp-idf/components/mbedtls/port/bignum/esp_bignum.c.obj'
[814/1044] Building C object 'esp-idf/mbedtls/mbedtls/library/CMakeFiles/mbedcrypto.dir/home/tikhon/Документы/magnolia/esp-idf/components/mbedtls/port/sha/core/esp_sha256.c.obj'
[815/1044] Building C object esp-idf/mbedtls/mbedtls/3rdparty/p256-m/CMakeFiles/p256m.dir/p256-m_driver_entrypoints.c.obj
[816/1044] Building C object 'esp-idf/mbedtls/mbedtls/library/CMakeFiles/mbedcrypto.dir/home/tikhon/Документы/magnolia/esp-idf/components/mbedtls/port/md/esp_md.c.obj'
[878/1044] Building C object esp-idf/console/CMakeFiles/__idf_console.dir/argtable3/arg_hashtable.c.obj
[817/1044] Building C object 'esp-idf/mbedtls/mbedtls/library/CMakeFiles/mbedcrypto.dir/home/tikhon/Документы/magnolia/esp-idf/components/mbedtls/port/esp_ds/esp_rsa_dec_alt.c.obj'
[818/1044] Building C object 'esp-idf/mbedtls/mbedtls/library/CMakeFiles/mbedcrypto.dir/home/tikhon/Документы/magnolia/esp-idf/components/mbedtls/port/sha/core/esp_sha512.c.obj'
[879/1044] Building C object esp-idf/unity/CMakeFiles/__idf_unity.dir/unity_compat.c.obj
[880/1044] Building C object esp-idf/console/CMakeFiles/__idf_console.dir/argtable3/arg_file.c.obj
[881/1044] Building C object esp-idf/console/CMakeFiles/__idf_console.dir/argtable3/arg_lit.c.obj
[882/1044] Building C object esp-idf/console/CMakeFiles/__idf_console.dir/esp_console_repl_chip.c.obj
[819/1044] Building C object esp-idf/mbedtls/mbedtls/3rdparty/everest/CMakeFiles/everest.dir/library/everest.c.obj
[820/1044] Building C object 'esp-idf/mbedtls/mbedtls/library/CMakeFiles/mbedcrypto.dir/home/tikhon/Документы/magnolia/esp-idf/components/mbedtls/port/esp_ds/esp_rsa_sign_alt.c.obj'
[821/1044] Building C object esp-idf/mbedtls/mbedtls/3rdparty/everest/CMakeFiles/everest.dir/library/Hacl_Curve25519_joined.c.obj
[883/1044] Building C object esp-idf/console/CMakeFiles/__idf_console.dir/argtable3/arg_utils.c.obj
[884/1044] Building C object esp-idf/console/CMakeFiles/__idf_console.dir/commands.c.obj
[822/1044] Building C object esp-idf/mbedtls/mbedtls/3rdparty/everest/CMakeFiles/everest.dir/library/x25519.c.obj
[885/1044] Building C object esp-idf/unity/CMakeFiles/__idf_unity.dir/unity_utils_freertos.c.obj
[886/1044] Building C object esp-idf/console/CMakeFiles/__idf_console.dir/argtable3/arg_int.c.obj
-- USING O3
-- Compiler supported targets: xtensa-esp-elf
[887/1044] Building C object esp-idf/console/CMakeFiles/__idf_console.dir/argtable3/arg_date.c.obj
[823/1044] Building C object esp-idf/mbedtls/mbedtls/3rdparty/p256-m/CMakeFiles/p256m.dir/p256-m/p256-m.c.obj
[888/1044] Building C object esp-idf/app_update/CMakeFiles/__idf_app_update.dir/esp_ota_ops.c.obj
-- Generating done (1.9s)
[889/1044] Building C object esp-idf/protocomm/CMakeFiles/__idf_protocomm.dir/proto-c/constants.pb-c.c.obj
[890/1044] Building C object esp-idf/unity/CMakeFiles/__idf_unity.dir/unity_utils_cache.c.obj
[824/1044] Building C object 'esp-idf/mbedtls/mbedtls/library/CMakeFiles/mbedcrypto.dir/home/tikhon/Документы/magnolia/esp-idf/components/mbedtls/port/aes/esp_aes_gcm.c.obj'
[891/1044] Building C object esp-idf/unity/CMakeFiles/__idf_unity.dir/port/esp/unity_utils_memory_esp.c.obj
[892/1044] Building C object esp-idf/unity/CMakeFiles/__idf_unity.dir/unity_utils_memory.c.obj
[825/1044] Building C object 'esp-idf/mbedtls/mbedtls/library/CMakeFiles/mbedcrypto.dir/home/tikhon/Документы/magnolia/esp-idf/components/mbedtls/port/sha/core/sha.c.obj'
[893/1044] Building C object esp-idf/unity/CMakeFiles/__idf_unity.dir/unity_runner.c.obj
-- Adding linker script /home/tikhon/Документы/magnolia/applets/mainline/xxd/build/esp-idf/esp_system/ld/memory.ld
-- Adding linker script /home/tikhon/Документы/magnolia/applets/mainline/xxd/build/esp-idf/esp_system/ld/sections.ld.in
-- Components: app_trace app_update bootloader bootloader_support bt cmock console cxx driver efuse esp-tls esp_adc esp_app_format esp_bootloader_format esp_coex esp_common esp_driver_ana_cmpr esp_driver_bitscrambler esp_driver_cam esp_driver_dac esp_driver_gpio esp_driver_gptimer esp_driver_i2c esp_driver_i2s esp_driver_i3c esp_driver_isp esp_driver_jpeg esp_driver_ledc esp_driver_mcpwm esp_driver_parlio esp_driver_pcnt esp_driver_ppa esp_driver_rmt esp_driver_sd_intf esp_driver_sdio esp_driver_sdm esp_driver_sdmmc esp_driver_sdspi esp_driver_spi esp_driver_touch_sens esp_driver_tsens esp_driver_twai esp_driver_uart esp_driver_usb_serial_jtag esp_eth esp_event esp_gdbstub esp_hid esp_http_client esp_http_server esp_https_ota esp_https_server esp_hw_support esp_lcd esp_local_ctrl esp_mm esp_netif esp_netif_stack esp_partition esp_phy esp_pm esp_psram esp_ringbuf esp_rom esp_security esp_system esp_timer esp_vfs_console esp_wifi espcoredump esptool_py fatfs freertos hal heap http_parser idf_test ieee802154 json log lwip main mbedtls mqtt newlib nvs_flash nvs_sec_provider openthread partition_table perfmon protobuf-c protocomm pthread rt sdmmc soc spi_flash spiffs tcp_transport touch_element ulp unity usb vfs wear_levelling wifi_provisioning wpa_supplicant xtensa
[894/1044] Building C object esp-idf/protocomm/CMakeFiles/__idf_protocomm.dir/proto-c/session.pb-c.c.obj
-- Component paths: /home/tikhon/Документы/magnolia/esp-idf/components/app_trace /home/tikhon/Документы/magnolia/esp-idf/components/app_update /home/tikhon/Документы/magnolia/esp-idf/components/bootloader /home/tikhon/Документы/magnolia/esp-idf/components/bootloader_support /home/tikhon/Документы/magnolia/esp-idf/components/bt /home/tikhon/Документы/magnolia/esp-idf/components/cmock /home/tikhon/Документы/magnolia/esp-idf/components/console /home/tikhon/Документы/magnolia/esp-idf/components/cxx /home/tikhon/Документы/magnolia/esp-idf/components/driver /home/tikhon/Документы/magnolia/esp-idf/components/efuse /home/tikhon/Документы/magnolia/esp-idf/components/esp-tls /home/tikhon/Документы/magnolia/esp-idf/components/esp_adc /home/tikhon/Документы/magnolia/esp-idf/components/esp_app_format /home/tikhon/Документы/magnolia/esp-idf/components/esp_bootloader_format /home/tikhon/Документы/magnolia/esp-idf/components/esp_coex /home/tikhon/Документы/magnolia/esp-idf/components/esp_common /home/tikhon/Документы/magnolia/esp-idf/components/esp_driver_ana_cmpr /home/tikhon/Документы/magnolia/esp-idf/components/esp_driver_bitscrambler /home/tikhon/Документы/magnolia/esp-idf/components/esp_driver_cam /home/tikhon/Документы/magnolia/esp-idf/components/esp_driver_dac /home/tikhon/Документы/magnolia/esp-idf/components/esp_driver_gpio /home/tikhon/Документы/magnolia/esp-idf/components/esp_driver_gptimer /home/tikhon/Документы/magnolia/esp-idf/components/esp_driver_i2c /home/tikhon/Документы/magnolia/esp-idf/components/esp_driver_i2s /home/tikhon/Документы/magnolia/esp-idf/components/esp_driver_i3c /home/tikhon/Документы/magnolia/esp-idf/components/esp_driver_isp /home/tikhon/Документы/magnolia/esp-idf/components/esp_driver_jpeg /home/tikhon/Документы/magnolia/esp-idf/components/esp_driver_ledc /home/tikhon/Документы/magnolia/esp-idf/components/esp_driver_mcpwm /home/tikhon/Документы/magnolia/esp-idf/components/esp_driver_parlio /home/tikhon/Документы/magnolia/esp-idf/components/esp_driver_pcnt /home/tikhon/Документы/magnolia/esp-idf/components/esp_driver_ppa /home/tikhon/Документы/magnolia/esp-idf/components/esp_driver_rmt /home/tikhon/Документы/magnolia/esp-idf/components/esp_driver_sd_intf /home/tikhon/Документы/magnolia/esp-idf/components/esp_driver_sdio /home/tikhon/Документы/magnolia/esp-idf/components/esp_driver_sdm /home/tikhon/Документы/magnolia/esp-idf/components/esp_driver_sdmmc /home/tikhon/Документы/magnolia/esp-idf/components/esp_driver_sdspi /home/tikhon/Документы/magnolia/esp-idf/components/esp_driver_spi /home/tikhon/Документы/magnolia/esp-idf/components/esp_driver_touch_sens /home/tikhon/Документы/magnolia/esp-idf/components/esp_driver_tsens /home/tikhon/Документы/magnolia/esp-idf/components/esp_driver_twai /home/tikhon/Документы/magnolia/esp-idf/components/esp_driver_uart /home/tikhon/Документы/magnolia/esp-idf/components/esp_driver_usb_serial_jtag /home/tikhon/Документы/magnolia/esp-idf/components/esp_eth /home/tikhon/Документы/magnolia/esp-idf/components/esp_event /home/tikhon/Документы/magnolia/esp-idf/components/esp_gdbstub /home/tikhon/Документы/magnolia/esp-idf/components/esp_hid /home/tikhon/Документы/magnolia/esp-idf/components/esp_http_client /home/tikhon/Документы/magnolia/esp-idf/components/esp_http_server /home/tikhon/Документы/magnolia/esp-idf/components/esp_https_ota /home/tikhon/Документы/magnolia/esp-idf/components/esp_https_server /home/tikhon/Документы/magnolia/esp-idf/components/esp_hw_support /home/tikhon/Документы/magnolia/esp-idf/components/esp_lcd /home/tikhon/Документы/magnolia/esp-idf/components/esp_local_ctrl /home/tikhon/Документы/magnolia/esp-idf/components/esp_mm /home/tikhon/Документы/magnolia/esp-idf/components/esp_netif /home/tikhon/Документы/magnolia/esp-idf/components/esp_netif_stack /home/tikhon/Документы/magnolia/esp-idf/components/esp_partition /home/tikhon/Документы/magnolia/esp-idf/components/esp_phy /home/tikhon/Документы/magnolia/esp-idf/components/esp_pm /home/tikhon/Документы/magnolia/esp-idf/components/esp_psram /home/tikhon/Документы/magnolia/esp-idf/components/esp_ringbuf /home/tikhon/Документы/magnolia/esp-idf/components/esp_rom /home/tikhon/Документы/magnolia/esp-idf/components/esp_security /home/tikhon/Документы/magnolia/esp-idf/components/esp_system /home/tikhon/Документы/magnolia/esp-idf/components/esp_timer /home/tikhon/Документы/magnolia/esp-idf/components/esp_vfs_console /home/tikhon/Документы/magnolia/esp-idf/components/esp_wifi /home/tikhon/Документы/magnolia/esp-idf/components/espcoredump /home/tikhon/Документы/magnolia/esp-idf/components/esptool_py /home/tikhon/Документы/magnolia/esp-idf/components/fatfs /home/tikhon/Документы/magnolia/esp-idf/components/freertos /home/tikhon/Документы/magnolia/esp-idf/components/hal /home/tikhon/Документы/magnolia/esp-idf/components/heap /home/tikhon/Документы/magnolia/esp-idf/components/http_parser /home/tikhon/Документы/magnolia/esp-idf/components/idf_test /home/tikhon/Документы/magnolia/esp-idf/components/ieee802154 /home/tikhon/Документы/magnolia/esp-idf/components/json /home/tikhon/Документы/magnolia/esp-idf/components/log /home/tikhon/Документы/magnolia/esp-idf/components/lwip /home/tikhon/Документы/magnolia/applets/mainline/user/main /home/tikhon/Документы/magnolia/esp-idf/components/mbedtls /home/tikhon/Документы/magnolia/esp-idf/components/mqtt /home/tikhon/Документы/magnolia/esp-idf/components/newlib /home/tikhon/Документы/magnolia/esp-idf/components/nvs_flash /home/tikhon/Документы/magnolia/esp-idf/components/nvs_sec_provider /home/tikhon/Документы/magnolia/esp-idf/components/openthread /home/tikhon/Документы/magnolia/esp-idf/components/partition_table /home/tikhon/Документы/magnolia/esp-idf/components/perfmon /home/tikhon/Документы/magnolia/esp-idf/components/protobuf-c /home/tikhon/Документы/magnolia/esp-idf/components/protocomm /home/tikhon/Документы/magnolia/esp-idf/components/pthread /home/tikhon/Документы/magnolia/esp-idf/components/rt /home/tikhon/Документы/magnolia/esp-idf/components/sdmmc /home/tikhon/Документы/magnolia/esp-idf/components/soc /home/tikhon/Документы/magnolia/esp-idf/components/spi_flash /home/tikhon/Документы/magnolia/esp-idf/components/spiffs /home/tikhon/Документы/magnolia/esp-idf/components/tcp_transport /home/tikhon/Документы/magnolia/esp-idf/components/touch_element /home/tikhon/Документы/magnolia/esp-idf/components/ulp /home/tikhon/Документы/magnolia/esp-idf/components/unity /home/tikhon/Документы/magnolia/esp-idf/components/usb /home/tikhon/Документы/magnolia/esp-idf/components/vfs /home/tikhon/Документы/magnolia/esp-idf/components/wear_levelling /home/tikhon/Документы/magnolia/esp-idf/components/wifi_provisioning /home/tikhon/Документы/magnolia/esp-idf/components/wpa_supplicant /home/tikhon/Документы/magnolia/esp-idf/components/xtensa
[895/1044] Building C object esp-idf/unity/CMakeFiles/__idf_unity.dir/unity_port_esp32.c.obj
-- Adding linker script /home/tikhon/Документы/magnolia/esp-idf/components/esp_rom/esp32s3/ld/esp32s3.rom.ld
-- Configuring done (18.1s)
[896/1044] Building C object esp-idf/protocomm/CMakeFiles/__idf_protocomm.dir/proto-c/sec0.pb-c.c.obj
[832/1044] Generating ../../x509_crt_bundle.S
-- Adding linker script /home/tikhon/Документы/magnolia/esp-idf/components/esp_rom/esp32s3/ld/esp32s3.rom.api.ld
-- Adding linker script /home/tikhon/Документы/magnolia/esp-idf/components/esp_rom/esp32s3/ld/esp32s3.rom.bt_funcs.ld
-- Adding linker script /home/tikhon/Документы/magnolia/esp-idf/components/esp_rom/esp32s3/ld/esp32s3.rom.libgcc.ld
-- Adding linker script /home/tikhon/Документы/magnolia/esp-idf/components/esp_rom/esp32s3/ld/esp32s3.rom.wdt.ld
-- Adding linker script /home/tikhon/Документы/magnolia/esp-idf/components/esp_rom/esp32s3/ld/esp32s3.rom.version.ld
-- Adding linker script /home/tikhon/Документы/magnolia/esp-idf/components/esp_rom/esp32s3/ld/esp32s3.rom.ble_master.ld
-- Adding linker script /home/tikhon/Документы/magnolia/esp-idf/components/esp_rom/esp32s3/ld/esp32s3.rom.ble_50.ld
-- Adding linker script /home/tikhon/Документы/magnolia/esp-idf/components/esp_rom/esp32s3/ld/esp32s3.rom.ble_smp.ld
-- Adding linker script /home/tikhon/Документы/magnolia/esp-idf/components/esp_rom/esp32s3/ld/esp32s3.rom.ble_dtm.ld
-- Adding linker script /home/tikhon/Документы/magnolia/esp-idf/components/esp_rom/esp32s3/ld/esp32s3.rom.ble_test.ld
-- Adding linker script /home/tikhon/Документы/magnolia/esp-idf/components/esp_rom/esp32s3/ld/esp32s3.rom.ble_scan.ld
-- Adding linker script /home/tikhon/Документы/magnolia/esp-idf/components/esp_rom/esp32s3/ld/esp32s3.rom.libc.ld
-- Adding linker script /home/tikhon/Документы/magnolia/esp-idf/components/esp_rom/esp32s3/ld/esp32s3.rom.newlib.ld
[897/1044] Building C object esp-idf/console/CMakeFiles/__idf_console.dir/argtable3/argtable3.c.obj
-- Adding linker script /home/tikhon/Документы/magnolia/esp-idf/components/soc/esp32s3/ld/esp32s3.peripherals.ld
-- Build files have been written to: /home/tikhon/Документы/magnolia/applets/mainline/unlink/build
[898/1044] Building C object esp-idf/protocomm/CMakeFiles/__idf_protocomm.dir/src/transports/protocomm_console.c.obj
[899/1044] Building C object esp-idf/protocomm/CMakeFiles/__idf_protocomm.dir/proto-c/sec1.pb-c.c.obj
[833/1044] Building ASM object esp-idf/mbedtls/CMakeFiles/__idf_mbedtls.dir/__/__/x509_crt_bundle.S.obj
[900/1044] Building C object esp-idf/esp_driver_gpio/CMakeFiles/__idf_esp_driver_gpio.dir/src/gpio.c.obj
[834/1044] Building C object esp-idf/esp_security/CMakeFiles/__idf_esp_security.dir/src/esp_crypto_lock.c.obj
-- Components: app_trace app_update bootloader bootloader_support bt cmock console cxx driver efuse esp-tls esp_adc esp_app_format esp_bootloader_format esp_coex esp_common esp_driver_ana_cmpr esp_driver_bitscrambler esp_driver_cam esp_driver_dac esp_driver_gpio esp_driver_gptimer esp_driver_i2c esp_driver_i2s esp_driver_i3c esp_driver_isp esp_driver_jpeg esp_driver_ledc esp_driver_mcpwm esp_driver_parlio esp_driver_pcnt esp_driver_ppa esp_driver_rmt esp_driver_sd_intf esp_driver_sdio esp_driver_sdm esp_driver_sdmmc esp_driver_sdspi esp_driver_spi esp_driver_touch_sens esp_driver_tsens esp_driver_twai esp_driver_uart esp_driver_usb_serial_jtag esp_eth esp_event esp_gdbstub esp_hid esp_http_client esp_http_server esp_https_ota esp_https_server esp_hw_support esp_lcd esp_local_ctrl esp_mm esp_netif esp_netif_stack esp_partition esp_phy esp_pm esp_psram esp_ringbuf esp_rom esp_security esp_system esp_timer esp_vfs_console esp_wifi espcoredump esptool_py fatfs freertos hal heap http_parser idf_test ieee802154 json log lwip main mbedtls mqtt newlib nvs_flash nvs_sec_provider openthread partition_table perfmon protobuf-c protocomm pthread rt sdmmc soc spi_flash spiffs tcp_transport touch_element ulp unity usb vfs wear_levelling wifi_provisioning wpa_supplicant xtensa
-- Component paths: /home/tikhon/Документы/magnolia/esp-idf/components/app_trace /home/tikhon/Документы/magnolia/esp-idf/components/app_update /home/tikhon/Документы/magnolia/esp-idf/components/bootloader /home/tikhon/Документы/magnolia/esp-idf/components/bootloader_support /home/tikhon/Документы/magnolia/esp-idf/components/bt /home/tikhon/Документы/magnolia/esp-idf/components/cmock /home/tikhon/Документы/magnolia/esp-idf/components/console /home/tikhon/Документы/magnolia/esp-idf/components/cxx /home/tikhon/Документы/magnolia/esp-idf/components/driver /home/tikhon/Документы/magnolia/esp-idf/components/efuse /home/tikhon/Документы/magnolia/esp-idf/components/esp-tls /home/tikhon/Документы/magnolia/esp-idf/components/esp_adc /home/tikhon/Документы/magnolia/esp-idf/components/esp_app_format /home/tikhon/Документы/magnolia/esp-idf/components/esp_bootloader_format /home/tikhon/Документы/magnolia/esp-idf/components/esp_coex /home/tikhon/Документы/magnolia/esp-idf/components/esp_common /home/tikhon/Документы/magnolia/esp-idf/components/esp_driver_ana_cmpr /home/tikhon/Документы/magnolia/esp-idf/components/esp_driver_bitscrambler /home/tikhon/Документы/magnolia/esp-idf/components/esp_driver_cam /home/tikhon/Документы/magnolia/esp-idf/components/esp_driver_dac /home/tikhon/Документы/magnolia/esp-idf/components/esp_driver_gpio /home/tikhon/Документы/magnolia/esp-idf/components/esp_driver_gptimer /home/tikhon/Документы/magnolia/esp-idf/components/esp_driver_i2c /home/tikhon/Документы/magnolia/esp-idf/components/esp_driver_i2s /home/tikhon/Документы/magnolia/esp-idf/components/esp_driver_i3c /home/tikhon/Документы/magnolia/esp-idf/components/esp_driver_isp /home/tikhon/Документы/magnolia/esp-idf/components/esp_driver_jpeg /home/tikhon/Документы/magnolia/esp-idf/components/esp_driver_ledc /home/tikhon/Документы/magnolia/esp-idf/components/esp_driver_mcpwm /home/tikhon/Документы/magnolia/esp-idf/components/esp_driver_parlio /home/tikhon/Документы/magnolia/esp-idf/components/esp_driver_pcnt /home/tikhon/Документы/magnolia/esp-idf/components/esp_driver_ppa /home/tikhon/Документы/magnolia/esp-idf/components/esp_driver_rmt /home/tikhon/Документы/magnolia/esp-idf/components/esp_driver_sd_intf /home/tikhon/Документы/magnolia/esp-idf/components/esp_driver_sdio /home/tikhon/Документы/magnolia/esp-idf/components/esp_driver_sdm /home/tikhon/Документы/magnolia/esp-idf/components/esp_driver_sdmmc /home/tikhon/Документы/magnolia/esp-idf/components/esp_driver_sdspi /home/tikhon/Документы/magnolia/esp-idf/components/esp_driver_spi /home/tikhon/Документы/magnolia/esp-idf/components/esp_driver_touch_sens /home/tikhon/Документы/magnolia/esp-idf/components/esp_driver_tsens /home/tikhon/Документы/magnolia/esp-idf/components/esp_driver_twai /home/tikhon/Документы/magnolia/esp-idf/components/esp_driver_uart /home/tikhon/Документы/magnolia/esp-idf/components/esp_driver_usb_serial_jtag /home/tikhon/Документы/magnolia/esp-idf/components/esp_eth /home/tikhon/Документы/magnolia/esp-idf/components/esp_event /home/tikhon/Документы/magnolia/esp-idf/components/esp_gdbstub /home/tikhon/Документы/magnolia/esp-idf/components/esp_hid /home/tikhon/Документы/magnolia/esp-idf/components/esp_http_client /home/tikhon/Документы/magnolia/esp-idf/components/esp_http_server /home/tikhon/Документы/magnolia/esp-idf/components/esp_https_ota /home/tikhon/Документы/magnolia/esp-idf/components/esp_https_server /home/tikhon/Документы/magnolia/esp-idf/components/esp_hw_support /home/tikhon/Документы/magnolia/esp-idf/components/esp_lcd /home/tikhon/Документы/magnolia/esp-idf/components/esp_local_ctrl /home/tikhon/Документы/magnolia/esp-idf/components/esp_mm /home/tikhon/Документы/magnolia/esp-idf/components/esp_netif /home/tikhon/Документы/magnolia/esp-idf/components/esp_netif_stack /home/tikhon/Документы/magnolia/esp-idf/components/esp_partition /home/tikhon/Документы/magnolia/esp-idf/components/esp_phy /home/tikhon/Документы/magnolia/esp-idf/components/esp_pm /home/tikhon/Документы/magnolia/esp-idf/components/esp_psram /home/tikhon/Документы/magnolia/esp-idf/components/esp_ringbuf /home/tikhon/Документы/magnolia/esp-idf/components/esp_rom /home/tikhon/Документы/magnolia/esp-idf/components/esp_security /home/tikhon/Документы/magnolia/esp-idf/components/esp_system /home/tikhon/Документы/magnolia/esp-idf/components/esp_timer /home/tikhon/Документы/magnolia/esp-idf/components/esp_vfs_console /home/tikhon/Документы/magnolia/esp-idf/components/esp_wifi /home/tikhon/Документы/magnolia/esp-idf/components/espcoredump /home/tikhon/Документы/magnolia/esp-idf/components/esptool_py /home/tikhon/Документы/magnolia/esp-idf/components/fatfs /home/tikhon/Документы/magnolia/esp-idf/components/freertos /home/tikhon/Документы/magnolia/esp-idf/components/hal /home/tikhon/Документы/magnolia/esp-idf/components/heap /home/tikhon/Документы/magnolia/esp-idf/components/http_parser /home/tikhon/Документы/magnolia/esp-idf/components/idf_test /home/tikhon/Документы/magnolia/esp-idf/components/ieee802154 /home/tikhon/Документы/magnolia/esp-idf/components/json /home/tikhon/Документы/magnolia/esp-idf/components/log /home/tikhon/Документы/magnolia/esp-idf/components/lwip /home/tikhon/Документы/magnolia/applets/mainline/wc/main /home/tikhon/Документы/magnolia/esp-idf/components/mbedtls /home/tikhon/Документы/magnolia/esp-idf/components/mqtt /home/tikhon/Документы/magnolia/esp-idf/components/newlib /home/tikhon/Документы/magnolia/esp-idf/components/nvs_flash /home/tikhon/Документы/magnolia/esp-idf/components/nvs_sec_provider /home/tikhon/Документы/magnolia/esp-idf/components/openthread /home/tikhon/Документы/magnolia/esp-idf/components/partition_table /home/tikhon/Документы/magnolia/esp-idf/components/perfmon /home/tikhon/Документы/magnolia/esp-idf/components/protobuf-c /home/tikhon/Документы/magnolia/esp-idf/components/protocomm /home/tikhon/Документы/magnolia/esp-idf/components/pthread /home/tikhon/Документы/magnolia/esp-idf/components/rt /home/tikhon/Документы/magnolia/esp-idf/components/sdmmc /home/tikhon/Документы/magnolia/esp-idf/components/soc /home/tikhon/Документы/magnolia/esp-idf/components/spi_flash /home/tikhon/Документы/magnolia/esp-idf/components/spiffs /home/tikhon/Документы/magnolia/esp-idf/components/tcp_transport /home/tikhon/Документы/magnolia/esp-idf/components/touch_element /home/tikhon/Документы/magnolia/esp-idf/components/ulp /home/tikhon/Документы/magnolia/esp-idf/components/unity /home/tikhon/Документы/magnolia/esp-idf/components/usb /home/tikhon/Документы/magnolia/esp-idf/components/vfs /home/tikhon/Документы/magnolia/esp-idf/components/wear_levelling /home/tikhon/Документы/magnolia/esp-idf/components/wifi_provisioning /home/tikhon/Документы/magnolia/esp-idf/components/wpa_supplicant /home/tikhon/Документы/magnolia/esp-idf/components/xtensa
-- Configuring done (17.6s)
[901/1044] Building C object esp-idf/console/CMakeFiles/__idf_console.dir/linenoise/linenoise.c.obj
[902/1044] Building C object esp-idf/protocomm/CMakeFiles/__idf_protocomm.dir/proto-c/sec2.pb-c.c.obj
[903/1044] Building CXX object esp-idf/wear_levelling/CMakeFiles/__idf_wear_levelling.dir/crc32.cpp.obj
[904/1044] Building CXX object esp-idf/wear_levelling/CMakeFiles/__idf_wear_levelling.dir/Partition.cpp.obj
[835/1044] Building C object esp-idf/esp_driver_gpio/CMakeFiles/__idf_esp_driver_gpio.dir/src/gpio_glitch_filter_ops.c.obj
[905/1044] Linking C static library esp-idf/esp_driver_gpio/libesp_driver_gpio.a
[906/1044] Building C object esp-idf/protocomm/CMakeFiles/__idf_protocomm.dir/src/crypto/srp6a/esp_srp_mpi.c.obj
[907/1044] Building C object esp-idf/protocomm/CMakeFiles/__idf_protocomm.dir/src/common/protocomm.c.obj
[836/1044] Building C object esp-idf/efuse/CMakeFiles/__idf_efuse.dir/esp32s3/esp_efuse_rtc_calib.c.obj
[908/1044] Building C object esp-idf/unity/CMakeFiles/__idf_unity.dir/unity/src/unity.c.obj
[837/1044] Building C object esp-idf/esp_pm/CMakeFiles/__idf_esp_pm.dir/pm_trace.c.obj
[909/1044] Building C object esp-idf/esp_https_server/CMakeFiles/__idf_esp_https_server.dir/src/https_server.c.obj
[910/1044] Building C object esp-idf/protocomm/CMakeFiles/__idf_protocomm.dir/src/transports/protocomm_httpd.c.obj
[911/1044] Building CXX object esp-idf/wear_levelling/CMakeFiles/__idf_wear_levelling.dir/SPI_Flash.cpp.obj
[838/1044] Building C object esp-idf/efuse/CMakeFiles/__idf_efuse.dir/esp32s3/esp_efuse_fields.c.obj
[839/1044] Building C object esp-idf/esp_security/CMakeFiles/__idf_esp_security.dir/src/init.c.obj
[912/1044] Building C object esp-idf/protocomm/CMakeFiles/__idf_protocomm.dir/src/security/security2.c.obj
[913/1044] Linking C static library esp-idf/esp_security/libesp_security.a
[840/1044] Building C object esp-idf/esp_pm/CMakeFiles/__idf_esp_pm.dir/pm_locks.c.obj
[914/1044] Building C object esp-idf/console/CMakeFiles/__idf_console.dir/argtable3/arg_rex.c.obj
[841/1044] Building C object esp-idf/efuse/CMakeFiles/__idf_efuse.dir/esp32s3/esp_efuse_table.c.obj
[842/1044] Building C object esp-idf/esp_security/CMakeFiles/__idf_esp_security.dir/src/esp_hmac.c.obj
[843/1044] Building C object esp-idf/esp_security/CMakeFiles/__idf_esp_security.dir/src/esp_crypto_periph_clk.c.obj
[915/1044] Linking C static library esp-idf/efuse/libefuse.a
[844/1044] Building C object esp-idf/efuse/CMakeFiles/__idf_efuse.dir/esp32s3/esp_efuse_utility.c.obj
[845/1044] Building C object esp-idf/efuse/CMakeFiles/__idf_efuse.dir/src/esp_efuse_fields.c.obj
[916/1044] Building CXX object esp-idf/wear_levelling/CMakeFiles/__idf_wear_levelling.dir/WL_Ext_Perf.cpp.obj
[917/1044] Building C object esp-idf/protocomm/CMakeFiles/__idf_protocomm.dir/src/crypto/srp6a/esp_srp.c.obj
[826/1044] Building C object esp-idf/mbedtls/mbedtls/library/CMakeFiles/mbedcrypto.dir/rsa.c.obj
[918/1044] Building C object esp-idf/app_trace/CMakeFiles/__idf_app_trace.dir/port/port_uart.c.obj
[846/1044] Building C object esp-idf/esp_security/CMakeFiles/__idf_esp_security.dir/src/esp_ds.c.obj
-- App "echo" version: c092b7f-dirty
[919/1044] Building C object esp-idf/cmock/CMakeFiles/__idf_cmock.dir/CMock/src/cmock.c.obj
[847/1044] Building C object esp-idf/esp_driver_gpio/CMakeFiles/__idf_esp_driver_gpio.dir/src/gpio_pin_glitch_filter.c.obj
[920/1044] Building C object esp-idf/app_trace/CMakeFiles/__idf_app_trace.dir/app_trace_util.c.obj
[848/1044] Building C object esp-idf/mbedtls/CMakeFiles/__idf_mbedtls.dir/esp_crt_bundle/esp_crt_bundle.c.obj
[921/1044] Linking C static library esp-idf/esp_partition/libesp_partition.a
[922/1044] Building C object esp-idf/app_trace/CMakeFiles/__idf_app_trace.dir/host_file_io.c.obj
[849/1044] Building C object esp-idf/efuse/CMakeFiles/__idf_efuse.dir/src/esp_efuse_utility.c.obj
[850/1044] Building C object esp-idf/xtensa/CMakeFiles/__idf_xtensa.dir/eri.c.obj
[923/1044] Building CXX object esp-idf/wear_levelling/CMakeFiles/__idf_wear_levelling.dir/WL_Ext_Safe.cpp.obj
-- Generating done (1.7s)
[924/1044] Building C object esp-idf/esp_driver_cam/CMakeFiles/__idf_esp_driver_cam.dir/dvp_share_ctrl.c.obj
[851/1044] Building C object esp-idf/app_update/CMakeFiles/__idf_app_update.dir/esp_ota_app_desc.c.obj
[925/1044] Building C object esp-idf/esp_driver_cam/CMakeFiles/__idf_esp_driver_cam.dir/esp_cam_ctlr.c.obj
[926/1044] Linking C static library esp-idf/app_update/libapp_update.a
[852/1044] Building C object esp-idf/esp_bootloader_format/CMakeFiles/__idf_esp_bootloader_format.dir/esp_bootloader_desc.c.obj
[927/1044] Building CXX object esp-idf/wear_levelling/CMakeFiles/__idf_wear_levelling.dir/wear_levelling.cpp.obj
[853/1044] Linking C static library esp-idf/mbedtls/libmbedtls.a
[854/1044] Building C object esp-idf/esp_driver_gpio/CMakeFiles/__idf_esp_driver_gpio.dir/src/rtc_io.c.obj
[855/1044] Building C object esp-idf/esp_app_format/CMakeFiles/__idf_esp_app_format.dir/esp_app_desc.c.obj
[928/1044] Building C object esp-idf/esp_driver_cam/CMakeFiles/__idf_esp_driver_cam.dir/dvp/src/esp_cam_ctlr_dvp_gdma.c.obj
[856/1044] Building ASM object esp-idf/xtensa/CMakeFiles/__idf_xtensa.dir/xtensa_context.S.obj
[857/1044] Building C object esp-idf/efuse/CMakeFiles/__idf_efuse.dir/src/efuse_controller/keys/with_key_purposes/esp_efuse_api_key.c.obj
[858/1044] Building C object esp-idf/efuse/CMakeFiles/__idf_efuse.dir/src/esp_efuse_startup.c.obj
[929/1044] Linking C static library esp-idf/esp_bootloader_format/libesp_bootloader_format.a
[859/1044] Building ASM object esp-idf/xtensa/CMakeFiles/__idf_xtensa.dir/xtensa_intr_asm.S.obj
-- Build files have been written to: /home/tikhon/Документы/magnolia/applets/mainline/vi/build
[860/1044] Building C object esp-idf/esp_partition/CMakeFiles/__idf_esp_partition.dir/partition_target.c.obj
[861/1044] Building C object esp-idf/xtensa/CMakeFiles/__idf_xtensa.dir/xt_trax.c.obj
[862/1044] Building C object esp-idf/esp_pm/CMakeFiles/__idf_esp_pm.dir/pm_impl.c.obj
[863/1044] Building C object esp-idf/efuse/CMakeFiles/__idf_efuse.dir/src/esp_efuse_api.c.obj
[864/1044] Building ASM object esp-idf/xtensa/CMakeFiles/__idf_xtensa.dir/xtensa_vectors.S.obj
[930/1044] Linking C static library esp-idf/esp_app_format/libesp_app_format.a
[865/1044] Building C object esp-idf/esp_driver_gpio/CMakeFiles/__idf_esp_driver_gpio.dir/src/dedic_gpio.c.obj
[931/1044] Building C object esp-idf/esp_hid/CMakeFiles/__idf_esp_hid.dir/src/esp_hidd.c.obj
[866/1044] Linking C static library esp-idf/esp_pm/libesp_pm.a
[867/1044] Building C object esp-idf/console/CMakeFiles/__idf_console.dir/split_argv.c.obj
[868/1044] Building C object esp-idf/xtensa/CMakeFiles/__idf_xtensa.dir/xtensa_intr.c.obj
[869/1044] Building C object esp-idf/console/CMakeFiles/__idf_console.dir/argtable3/arg_file.c.obj
[870/1044] Building C object esp-idf/console/CMakeFiles/__idf_console.dir/argtable3/arg_dbl.c.obj
[932/1044] Building C object esp-idf/protobuf-c/CMakeFiles/__idf_protobuf-c.dir/protobuf-c/protobuf-c/protobuf-c.c.obj
[933/1044] Building C object esp-idf/esp_lcd/CMakeFiles/__idf_esp_lcd.dir/src/esp_lcd_common.c.obj
[934/1044] Linking C static library esp-idf/xtensa/libxtensa.a
[935/1044] Building C object esp-idf/json/CMakeFiles/__idf_json.dir/cJSON/cJSON_Utils.c.obj
[871/1044] Building C object esp-idf/console/CMakeFiles/__idf_console.dir/argtable3/arg_dstr.c.obj
[936/1044] Building C object esp-idf/app_trace/CMakeFiles/__idf_app_trace.dir/app_trace.c.obj
[872/1044] Building C object esp-idf/console/CMakeFiles/__idf_console.dir/argtable3/arg_rem.c.obj
[873/1044] Building C object esp-idf/console/CMakeFiles/__idf_console.dir/esp_console_common.c.obj
[874/1044] Building C object esp-idf/console/CMakeFiles/__idf_console.dir/argtable3/arg_end.c.obj
[875/1044] Building C object esp-idf/console/CMakeFiles/__idf_console.dir/argtable3/arg_hashtable.c.obj
[876/1044] Building C object esp-idf/esp_partition/CMakeFiles/__idf_esp_partition.dir/partition.c.obj
[937/1044] Linking C static library esp-idf/protobuf-c/libprotobuf-c.a
[938/1044] Building C object esp-idf/esp_driver_touch_sens/CMakeFiles/__idf_esp_driver_touch_sens.dir/hw_ver2/touch_version_specific.c.obj
[939/1044] Building C object esp-idf/esp_eth/CMakeFiles/__idf_esp_eth.dir/src/esp_eth_netif_glue.c.obj
[940/1044] Linking C static library esp-idf/unity/libunity.a
[941/1044] Building C object esp-idf/esp_hid/CMakeFiles/__idf_esp_hid.dir/src/esp_hid_common.c.obj
[942/1044] Linking C static library esp-idf/console/libconsole.a
[877/1044] Building C object esp-idf/console/CMakeFiles/__idf_console.dir/argtable3/arg_lit.c.obj
[878/1044] Building C object esp-idf/console/CMakeFiles/__idf_console.dir/argtable3/arg_str.c.obj
[943/1044] Linking C static library esp-idf/esp_https_server/libesp_https_server.a
-- Compiler supported targets: xtensa-esp-elf
[879/1044] Building C object esp-idf/console/CMakeFiles/__idf_console.dir/commands.c.obj
[880/1044] Building C object esp-idf/unity/CMakeFiles/__idf_unity.dir/unity_compat.c.obj
[944/1044] Building C object esp-idf/esp_lcd/CMakeFiles/__idf_esp_lcd.dir/src/esp_lcd_panel_io.c.obj
[881/1044] Building C object esp-idf/console/CMakeFiles/__idf_console.dir/argtable3/arg_cmd.c.obj
[945/1044] Building C object esp-idf/esp_lcd/CMakeFiles/__idf_esp_lcd.dir/src/esp_lcd_panel_nt35510.c.obj
-- Minimal build - OFF
[882/1044] Building C object esp-idf/console/CMakeFiles/__idf_console.dir/esp_console_repl_internal.c.obj
[946/1044] Building C object esp-idf/esp_lcd/CMakeFiles/__idf_esp_lcd.dir/src/esp_lcd_panel_ssd1306.c.obj
[947/1044] Linking C static library esp-idf/protocomm/libprotocomm.a
[883/1044] Building C object esp-idf/console/CMakeFiles/__idf_console.dir/esp_console_repl_chip.c.obj
[884/1044] Building C object esp-idf/console/CMakeFiles/__idf_console.dir/argtable3/arg_int.c.obj
[885/1044] Building C object esp-idf/unity/CMakeFiles/__idf_unity.dir/unity_runner.c.obj
[886/1044] Building C object esp-idf/console/CMakeFiles/__idf_console.dir/argtable3/arg_utils.c.obj
[887/1044] Building C object esp-idf/unity/CMakeFiles/__idf_unity.dir/unity_port_esp32.c.obj
[888/1044] Building C object esp-idf/console/CMakeFiles/__idf_console.dir/argtable3/arg_date.c.obj
-- Compiler supported targets: xtensa-esp-elf
[948/1044] Building C object esp-idf/esp_lcd/CMakeFiles/__idf_esp_lcd.dir/src/esp_lcd_panel_ops.c.obj
[889/1044] Building C object esp-idf/unity/CMakeFiles/__idf_unity.dir/unity_utils_memory.c.obj
[949/1044] Building C object esp-idf/esp_hid/CMakeFiles/__idf_esp_hid.dir/src/esp_hidh.c.obj
[890/1044] Building C object esp-idf/unity/CMakeFiles/__idf_unity.dir/port/esp/unity_utils_memory_esp.c.obj
[950/1044] Building C object esp-idf/espcoredump/CMakeFiles/__idf_espcoredump.dir/src/core_dump_init.c.obj
[951/1044] Building C object esp-idf/espcoredump/CMakeFiles/__idf_espcoredump.dir/src/core_dump_common.c.obj
-- Building ESP-IDF components for target esp32s3
[1/4] Building C object esp-idf/esp_app_format/CMakeFiles/__idf_esp_app_format.dir/esp_app_desc.c.obj
[891/1044] Building C object esp-idf/unity/CMakeFiles/__idf_unity.dir/unity_utils_cache.c.obj
[952/1044] Building C object esp-idf/espcoredump/CMakeFiles/__idf_espcoredump.dir/src/core_dump_flash.c.obj
[892/1044] Building C object esp-idf/protocomm/CMakeFiles/__idf_protocomm.dir/proto-c/constants.pb-c.c.obj
[953/1044] Building C object esp-idf/esp_lcd/CMakeFiles/__idf_esp_lcd.dir/src/esp_lcd_panel_st7789.c.obj
[893/1044] Building C object esp-idf/app_update/CMakeFiles/__idf_app_update.dir/esp_ota_ops.c.obj
[954/1044] Building C object esp-idf/espcoredump/CMakeFiles/__idf_espcoredump.dir/src/core_dump_uart.c.obj
+ idf.py elf
[955/1044] Building C object esp-idf/esp_eth/CMakeFiles/__idf_esp_eth.dir/src/phy/esp_eth_phy_802_3.c.obj
[956/1044] Building C object esp-idf/esp_lcd/CMakeFiles/__idf_esp_lcd.dir/i2c/esp_lcd_panel_io_i2c_v2.c.obj
[957/1044] Building C object esp-idf/esp_lcd/CMakeFiles/__idf_esp_lcd.dir/i2c/esp_lcd_panel_io_i2c_v1.c.obj
[2/4] Linking C static library esp-idf/esp_app_format/libesp_app_format.a
[894/1044] Building C object esp-idf/unity/CMakeFiles/__idf_unity.dir/unity_utils_freertos.c.obj
[958/1044] Building C object esp-idf/espcoredump/CMakeFiles/__idf_espcoredump.dir/src/core_dump_elf.c.obj
[895/1044] Building C object esp-idf/protocomm/CMakeFiles/__idf_protocomm.dir/proto-c/session.pb-c.c.obj
[959/1044] Building C object esp-idf/esp_driver_touch_sens/CMakeFiles/__idf_esp_driver_touch_sens.dir/common/touch_sens_common.c.obj
[960/1044] Building C object esp-idf/esp_local_ctrl/CMakeFiles/__idf_esp_local_ctrl.dir/src/esp_local_ctrl_transport_httpd.c.obj
[896/1044] Building C object esp-idf/protocomm/CMakeFiles/__idf_protocomm.dir/proto-c/sec0.pb-c.c.obj
[961/1044] Building C object esp-idf/esp_driver_cam/CMakeFiles/__idf_esp_driver_cam.dir/dvp/src/esp_cam_ctlr_dvp_cam.c.obj
[962/1044] Building C object esp-idf/espcoredump/CMakeFiles/__idf_espcoredump.dir/src/core_dump_sha.c.obj
[963/1044] Building C object esp-idf/esp_local_ctrl/CMakeFiles/__idf_esp_local_ctrl.dir/proto-c/esp_local_ctrl.pb-c.c.obj
[964/1044] Building C object esp-idf/espcoredump/CMakeFiles/__idf_espcoredump.dir/src/port/xtensa/core_dump_port.c.obj
-- App "goargs" version: c092b7f-dirty
[965/1044] Building C object esp-idf/esp_lcd/CMakeFiles/__idf_esp_lcd.dir/spi/esp_lcd_panel_io_spi.c.obj
[897/1044] Building C object esp-idf/console/CMakeFiles/__idf_console.dir/argtable3/arg_rex.c.obj
-- ELF_LOADER: 1.1.1
[898/1044] Building C object esp-idf/protocomm/CMakeFiles/__idf_protocomm.dir/proto-c/sec1.pb-c.c.obj
[899/1044] Building C object esp-idf/protocomm/CMakeFiles/__idf_protocomm.dir/proto-c/sec2.pb-c.c.obj
[3/4] Build ELF: vi.app.elf
[966/1044] Building C object esp-idf/esp_local_ctrl/CMakeFiles/__idf_esp_local_ctrl.dir/src/esp_local_ctrl_handler.c.obj
[900/1044] Building C object esp-idf/protocomm/CMakeFiles/__idf_protocomm.dir/src/transports/protocomm_httpd.c.obj
[967/1044] Building CXX object esp-idf/wear_levelling/CMakeFiles/__idf_wear_levelling.dir/WL_Flash.cpp.obj
[901/1044] Building C object esp-idf/console/CMakeFiles/__idf_console.dir/linenoise/linenoise.c.obj
[902/1044] Building C object esp-idf/console/CMakeFiles/__idf_console.dir/argtable3/argtable3.c.obj
[903/1044] Building C object esp-idf/protocomm/CMakeFiles/__idf_protocomm.dir/src/crypto/srp6a/esp_srp_mpi.c.obj
[904/1044] Building C object esp-idf/protocomm/CMakeFiles/__idf_protocomm.dir/src/transports/protocomm_console.c.obj
[968/1044] Building C object esp-idf/esp_eth/CMakeFiles/__idf_esp_eth.dir/src/esp_eth.c.obj
[905/1044] Building CXX object esp-idf/wear_levelling/CMakeFiles/__idf_wear_levelling.dir/crc32.cpp.obj
[969/1044] Building C object esp-idf/fatfs/CMakeFiles/__idf_fatfs.dir/diskio/diskio_rawflash.c.obj
[970/1044] Building C object esp-idf/esp_local_ctrl/CMakeFiles/__idf_esp_local_ctrl.dir/src/esp_local_ctrl.c.obj
[906/1044] Building CXX object esp-idf/wear_levelling/CMakeFiles/__idf_wear_levelling.dir/SPI_Flash.cpp.obj
[971/1044] Building C object esp-idf/fatfs/CMakeFiles/__idf_fatfs.dir/diskio/diskio_wl.c.obj
[972/1044] Linking C static library esp-idf/wear_levelling/libwear_levelling.a
-- USING O3
[907/1044] Building CXX object esp-idf/wear_levelling/CMakeFiles/__idf_wear_levelling.dir/WL_Ext_Perf.cpp.obj
[908/1044] Building C object esp-idf/esp_driver_gpio/CMakeFiles/__idf_esp_driver_gpio.dir/src/gpio.c.obj
[973/1044] Building C object esp-idf/fatfs/CMakeFiles/__idf_fatfs.dir/port/freertos/ffsystem.c.obj
[909/1044] Building CXX object esp-idf/wear_levelling/CMakeFiles/__idf_wear_levelling.dir/Partition.cpp.obj
[910/1044] Building C object esp-idf/protocomm/CMakeFiles/__idf_protocomm.dir/src/crypto/srp6a/esp_srp.c.obj
[974/1044] Building C object esp-idf/json/CMakeFiles/__idf_json.dir/cJSON/cJSON.c.obj
-- Adding linker script /home/tikhon/Документы/magnolia/applets/go/echo/build/esp-idf/esp_system/ld/memory.ld
-- Adding linker script /home/tikhon/Документы/magnolia/applets/go/echo/build/esp-idf/esp_system/ld/sections.ld.in
[911/1044] Building C object esp-idf/esp_https_server/CMakeFiles/__idf_esp_https_server.dir/src/https_server.c.obj
[912/1044] Building C object esp-idf/app_trace/CMakeFiles/__idf_app_trace.dir/host_file_io.c.obj
-- Adding linker script /home/tikhon/Документы/magnolia/esp-idf/components/esp_rom/esp32s3/ld/esp32s3.rom.ld
[975/1044] Building C object esp-idf/fatfs/CMakeFiles/__idf_fatfs.dir/diskio/diskio.c.obj
-- Adding linker script /home/tikhon/Документы/magnolia/esp-idf/components/esp_rom/esp32s3/ld/esp32s3.rom.api.ld
-- Adding linker script /home/tikhon/Документы/magnolia/esp-idf/components/esp_rom/esp32s3/ld/esp32s3.rom.bt_funcs.ld
-- Adding linker script /home/tikhon/Документы/magnolia/esp-idf/components/esp_rom/esp32s3/ld/esp32s3.rom.libgcc.ld
-- Adding linker script /home/tikhon/Документы/magnolia/esp-idf/components/esp_rom/esp32s3/ld/esp32s3.rom.wdt.ld
-- Adding linker script /home/tikhon/Документы/magnolia/esp-idf/components/esp_rom/esp32s3/ld/esp32s3.rom.version.ld
-- Adding linker script /home/tikhon/Документы/magnolia/esp-idf/components/esp_rom/esp32s3/ld/esp32s3.rom.ble_master.ld
-- Adding linker script /home/tikhon/Документы/magnolia/esp-idf/components/esp_rom/esp32s3/ld/esp32s3.rom.ble_50.ld
-- Adding linker script /home/tikhon/Документы/magnolia/esp-idf/components/esp_rom/esp32s3/ld/esp32s3.rom.ble_smp.ld
-- Adding linker script /home/tikhon/Документы/magnolia/esp-idf/components/esp_rom/esp32s3/ld/esp32s3.rom.ble_dtm.ld
-- Adding linker script /home/tikhon/Документы/magnolia/esp-idf/components/esp_rom/esp32s3/ld/esp32s3.rom.ble_test.ld
-- Adding linker script /home/tikhon/Документы/magnolia/esp-idf/components/esp_rom/esp32s3/ld/esp32s3.rom.ble_scan.ld
-- Adding linker script /home/tikhon/Документы/magnolia/esp-idf/components/esp_rom/esp32s3/ld/esp32s3.rom.libc.ld
-- Adding linker script /home/tikhon/Документы/magnolia/esp-idf/components/esp_rom/esp32s3/ld/esp32s3.rom.newlib.ld
[913/1044] Building C object esp-idf/protocomm/CMakeFiles/__idf_protocomm.dir/src/common/protocomm.c.obj
[976/1044] Building C object esp-idf/fatfs/CMakeFiles/__idf_fatfs.dir/src/ffunicode.c.obj
[977/1044] Building C object esp-idf/perfmon/CMakeFiles/__idf_perfmon.dir/xtensa_perfmon_masks.c.obj
[978/1044] Building C object esp-idf/perfmon/CMakeFiles/__idf_perfmon.dir/xtensa_perfmon_access.c.obj
-- Adding linker script /home/tikhon/Документы/magnolia/esp-idf/components/soc/esp32s3/ld/esp32s3.peripherals.ld
[979/1044] Linking C static library esp-idf/json/libjson.a
[914/1044] Linking C static library esp-idf/esp_driver_gpio/libesp_driver_gpio.a
[915/1044] Building C object esp-idf/unity/CMakeFiles/__idf_unity.dir/unity/src/unity.c.obj
[980/1044] Building C object esp-idf/fatfs/CMakeFiles/__idf_fatfs.dir/diskio/diskio_sdmmc.c.obj
[916/1044] Building C object esp-idf/app_trace/CMakeFiles/__idf_app_trace.dir/port/port_uart.c.obj
[917/1044] Building C object esp-idf/esp_driver_cam/CMakeFiles/__idf_esp_driver_cam.dir/dvp_share_ctrl.c.obj
[981/1044] Building C object esp-idf/mqtt/CMakeFiles/__idf_mqtt.dir/esp-mqtt/lib/platform_esp32_idf.c.obj
[982/1044] Building C object esp-idf/esp_lcd/CMakeFiles/__idf_esp_lcd.dir/i80/esp_lcd_panel_io_i80.c.obj
[983/1044] Building C object esp-idf/mqtt/CMakeFiles/__idf_mqtt.dir/esp-mqtt/lib/mqtt_msg.c.obj
Applet vi OK -> /home/tikhon/Документы/magnolia/rootfs/bin/vi
Building applet goxxd -> goxxd ...
[918/1044] Building C object esp-idf/esp_driver_cam/CMakeFiles/__idf_esp_driver_cam.dir/esp_cam_ctlr.c.obj
[919/1044] Building C object esp-idf/app_trace/CMakeFiles/__idf_app_trace.dir/app_trace.c.obj
+ idf.py elf
[920/1044] Building CXX object esp-idf/wear_levelling/CMakeFiles/__idf_wear_levelling.dir/wear_levelling.cpp.obj
[984/1044] Building C object esp-idf/fatfs/CMakeFiles/__idf_fatfs.dir/vfs/vfs_fat_spiflash.c.obj
[921/1044] Building C object esp-idf/cmock/CMakeFiles/__idf_cmock.dir/CMock/src/cmock.c.obj
[985/1044] Building C object esp-idf/nvs_sec_provider/CMakeFiles/__idf_nvs_sec_provider.dir/nvs_sec_provider.c.obj
[922/1044] Building C object esp-idf/app_trace/CMakeFiles/__idf_app_trace.dir/app_trace_util.c.obj
[986/1044] Building C object esp-idf/perfmon/CMakeFiles/__idf_perfmon.dir/xtensa_perfmon_apis.c.obj
[923/1044] Building CXX object esp-idf/wear_levelling/CMakeFiles/__idf_wear_levelling.dir/WL_Ext_Safe.cpp.obj
[924/1044] Linking C static library esp-idf/esp_security/libesp_security.a
[925/1044] Building C object esp-idf/esp_driver_cam/CMakeFiles/__idf_esp_driver_cam.dir/dvp/src/esp_cam_ctlr_dvp_gdma.c.obj
-- App "false" version: c092b7f-dirty
[827/1044] Building C object esp-idf/mbedtls/mbedtls/library/CMakeFiles/mbedcrypto.dir/psa_crypto.c.obj
[926/1044] Linking C static library esp-idf/efuse/libefuse.a
[987/1044] Building C object esp-idf/mqtt/CMakeFiles/__idf_mqtt.dir/esp-mqtt/lib/mqtt_outbox.c.obj
[988/1044] Building C object esp-idf/spiffs/CMakeFiles/__idf_spiffs.dir/spiffs_api.c.obj
[927/1044] Linking C static library esp-idf/esp_partition/libesp_partition.a
[928/1044] Building C object esp-idf/protocomm/CMakeFiles/__idf_protocomm.dir/src/security/security2.c.obj
[929/1044] Building C object esp-idf/esp_hid/CMakeFiles/__idf_esp_hid.dir/src/esp_hidd.c.obj
Executing action: elf
Running ninja in directory /home/tikhon/Документы/magnolia/applets/go/gohexdump/build
Executing "ninja elf"...
[0/2] Re-checking globbed directories...
[1/2] Re-running CMake...
Executing action: elf
Running ninja in directory /home/tikhon/Документы/magnolia/applets/go/gotest/build
Executing "ninja elf"...
[0/2] Re-checking globbed directories...
[1/2] Re-running CMake...
[989/1044] Building C object esp-idf/spiffs/CMakeFiles/__idf_spiffs.dir/spiffs/src/spiffs_cache.c.obj
[930/1044] Linking C static library esp-idf/app_update/libapp_update.a
[990/1044] Building C object esp-idf/rt/CMakeFiles/__idf_rt.dir/FreeRTOS_POSIX_utils.c.obj
[931/1044] Building C object esp-idf/esp_eth/CMakeFiles/__idf_esp_eth.dir/src/esp_eth_netif_glue.c.obj
[991/1044] Building C object esp-idf/fatfs/CMakeFiles/__idf_fatfs.dir/vfs/vfs_fat_sdmmc.c.obj
[992/1044] Building C object esp-idf/rt/CMakeFiles/__idf_rt.dir/FreeRTOS_POSIX_mqueue.c.obj
[932/1044] Linking C static library esp-idf/esp_bootloader_format/libesp_bootloader_format.a
[933/1044] Building C object esp-idf/esp_lcd/CMakeFiles/__idf_esp_lcd.dir/src/esp_lcd_common.c.obj
[934/1044] Building C object esp-idf/esp_lcd/CMakeFiles/__idf_esp_lcd.dir/src/esp_lcd_panel_ssd1306.c.obj
-- Generating done (1.7s)
[993/1044] Building C object esp-idf/fatfs/CMakeFiles/__idf_fatfs.dir/vfs/vfs_fat.c.obj
[935/1044] Building C object esp-idf/esp_lcd/CMakeFiles/__idf_esp_lcd.dir/src/esp_lcd_panel_io.c.obj
[936/1044] Linking C static library esp-idf/esp_app_format/libesp_app_format.a
[937/1044] Building C object esp-idf/json/CMakeFiles/__idf_json.dir/cJSON/cJSON_Utils.c.obj
[938/1044] Building C object esp-idf/esp_hid/CMakeFiles/__idf_esp_hid.dir/src/esp_hid_common.c.obj
[828/1044] Linking CXX static library esp-idf/mbedtls/mbedtls/library/libmbedcrypto.a
[994/1044] Building C object esp-idf/esp_lcd/CMakeFiles/__idf_esp_lcd.dir/rgb/esp_lcd_panel_rgb.c.obj
[995/1044] Building C object esp-idf/spiffs/CMakeFiles/__idf_spiffs.dir/spiffs/src/spiffs_gc.c.obj
[939/1044] Linking C static library esp-idf/xtensa/libxtensa.a
[829/1044] Linking CXX static library esp-idf/mbedtls/mbedtls/3rdparty/p256-m/libp256m.a
[940/1044] Building C object esp-idf/esp_lcd/CMakeFiles/__idf_esp_lcd.dir/src/esp_lcd_panel_nt35510.c.obj
[941/1044] Building C object esp-idf/esp_eth/CMakeFiles/__idf_esp_eth.dir/src/esp_eth.c.obj
[996/1044] Building C object esp-idf/spiffs/CMakeFiles/__idf_spiffs.dir/spiffs/src/spiffs_check.c.obj
-- USING O3
[997/1044] Building C object esp-idf/usb/CMakeFiles/__idf_usb.dir/usb_private.c.obj
[942/1044] Linking C static library esp-idf/esp_https_server/libesp_https_server.a
[830/1044] Linking CXX static library esp-idf/mbedtls/mbedtls/3rdparty/everest/libeverest.a
[943/1044] Linking C static library esp-idf/unity/libunity.a
[998/1044] Building C object esp-idf/touch_element/CMakeFiles/__idf_touch_element.dir/touch_button.c.obj
[944/1044] Building C object esp-idf/esp_lcd/CMakeFiles/__idf_esp_lcd.dir/src/esp_lcd_panel_ops.c.obj
[945/1044] Linking C static library esp-idf/console/libconsole.a
[946/1044] Building CXX object esp-idf/wear_levelling/CMakeFiles/__idf_wear_levelling.dir/WL_Flash.cpp.obj
[947/1044] Building C object esp-idf/json/CMakeFiles/__idf_json.dir/cJSON/cJSON.c.obj
[948/1044] Building C object esp-idf/esp_hid/CMakeFiles/__idf_esp_hid.dir/src/esp_hidh.c.obj
-- Build files have been written to: /home/tikhon/Документы/magnolia/applets/mainline/wc/build
[999/1044] Building C object esp-idf/usb/CMakeFiles/__idf_usb.dir/usb_helpers.c.obj
[949/1044] Building C object esp-idf/espcoredump/CMakeFiles/__idf_espcoredump.dir/src/core_dump_init.c.obj
[950/1044] Building C object esp-idf/esp_lcd/CMakeFiles/__idf_esp_lcd.dir/src/esp_lcd_panel_st7789.c.obj
-- Generating done (1.9s)
[951/1044] Building C object esp-idf/protobuf-c/CMakeFiles/__idf_protobuf-c.dir/protobuf-c/protobuf-c/protobuf-c.c.obj
-- Adding linker script /home/tikhon/Документы/magnolia/applets/go/goargs/build/esp-idf/esp_system/ld/memory.ld
[952/1044] Building C object esp-idf/espcoredump/CMakeFiles/__idf_espcoredump.dir/src/core_dump_common.c.obj
[953/1044] Building C object esp-idf/espcoredump/CMakeFiles/__idf_espcoredump.dir/src/core_dump_flash.c.obj
[954/1044] Building C object esp-idf/espcoredump/CMakeFiles/__idf_espcoredump.dir/src/core_dump_uart.c.obj
-- Adding linker script /home/tikhon/Документы/magnolia/applets/go/goargs/build/esp-idf/esp_system/ld/sections.ld.in
[1000/1044] Building C object esp-idf/wifi_provisioning/CMakeFiles/__idf_wifi_provisioning.dir/src/wifi_ctrl.c.obj
-- Build files have been written to: /home/tikhon/Документы/magnolia/applets/mainline/user/build
[955/1044] Building C object esp-idf/esp_driver_cam/CMakeFiles/__idf_esp_driver_cam.dir/dvp/src/esp_cam_ctlr_dvp_cam.c.obj
-- Adding linker script /home/tikhon/Документы/magnolia/esp-idf/components/esp_rom/esp32s3/ld/esp32s3.rom.ld
[956/1044] Building C object esp-idf/espcoredump/CMakeFiles/__idf_espcoredump.dir/src/core_dump_elf.c.obj
-- Adding linker script /home/tikhon/Документы/magnolia/esp-idf/components/esp_rom/esp32s3/ld/esp32s3.rom.api.ld
-- Adding linker script /home/tikhon/Документы/magnolia/esp-idf/components/esp_rom/esp32s3/ld/esp32s3.rom.bt_funcs.ld
-- Adding linker script /home/tikhon/Документы/magnolia/esp-idf/components/esp_rom/esp32s3/ld/esp32s3.rom.libgcc.ld
-- Adding linker script /home/tikhon/Документы/magnolia/esp-idf/components/esp_rom/esp32s3/ld/esp32s3.rom.wdt.ld
-- Adding linker script /home/tikhon/Документы/magnolia/esp-idf/components/esp_rom/esp32s3/ld/esp32s3.rom.version.ld
-- Adding linker script /home/tikhon/Документы/magnolia/esp-idf/components/esp_rom/esp32s3/ld/esp32s3.rom.ble_master.ld
-- Adding linker script /home/tikhon/Документы/magnolia/esp-idf/components/esp_rom/esp32s3/ld/esp32s3.rom.ble_50.ld
-- Adding linker script /home/tikhon/Документы/magnolia/esp-idf/components/esp_rom/esp32s3/ld/esp32s3.rom.ble_smp.ld
-- Adding linker script /home/tikhon/Документы/magnolia/esp-idf/components/esp_rom/esp32s3/ld/esp32s3.rom.ble_dtm.ld
-- Adding linker script /home/tikhon/Документы/magnolia/esp-idf/components/esp_rom/esp32s3/ld/esp32s3.rom.ble_test.ld
-- Adding linker script /home/tikhon/Документы/magnolia/esp-idf/components/esp_rom/esp32s3/ld/esp32s3.rom.ble_scan.ld
-- Adding linker script /home/tikhon/Документы/magnolia/esp-idf/components/esp_rom/esp32s3/ld/esp32s3.rom.libc.ld
-- Adding linker script /home/tikhon/Документы/magnolia/esp-idf/components/esp_rom/esp32s3/ld/esp32s3.rom.newlib.ld
[957/1044] Linking C static library esp-idf/protobuf-c/libprotobuf-c.a
[958/1044] Building C object esp-idf/espcoredump/CMakeFiles/__idf_espcoredump.dir/src/core_dump_sha.c.obj
[959/1044] Building C object esp-idf/esp_lcd/CMakeFiles/__idf_esp_lcd.dir/i2c/esp_lcd_panel_io_i2c_v2.c.obj
[960/1044] Building C object esp-idf/espcoredump/CMakeFiles/__idf_espcoredump.dir/src/port/xtensa/core_dump_port.c.obj
[1001/1044] Building C object esp-idf/touch_element/CMakeFiles/__idf_touch_element.dir/touch_matrix.c.obj
[961/1044] Building C object esp-idf/esp_lcd/CMakeFiles/__idf_esp_lcd.dir/spi/esp_lcd_panel_io_spi.c.obj
[962/1044] Linking C static library esp-idf/wear_levelling/libwear_levelling.a
[1002/1044] Building C object esp-idf/usb/CMakeFiles/__idf_usb.dir/hub.c.obj
[963/1044] Building C object esp-idf/esp_eth/CMakeFiles/__idf_esp_eth.dir/src/phy/esp_eth_phy_802_3.c.obj
-- Adding linker script /home/tikhon/Документы/magnolia/esp-idf/components/soc/esp32s3/ld/esp32s3.peripherals.ld
[1003/1044] Building C object esp-idf/wifi_provisioning/CMakeFiles/__idf_wifi_provisioning.dir/src/wifi_config.c.obj
[964/1044] Linking C static library esp-idf/protocomm/libprotocomm.a
-- ELF_LOADER: 1.1.1
[965/1044] Building C object esp-idf/esp_driver_touch_sens/CMakeFiles/__idf_esp_driver_touch_sens.dir/common/touch_sens_common.c.obj
[966/1044] Building C object esp-idf/esp_lcd/CMakeFiles/__idf_esp_lcd.dir/i2c/esp_lcd_panel_io_i2c_v1.c.obj
[1004/1044] Building C object esp-idf/touch_element/CMakeFiles/__idf_touch_element.dir/touch_slider.c.obj
-- Generating done (2.6s)
[1005/1044] Building C object esp-idf/spiffs/CMakeFiles/__idf_spiffs.dir/spiffs/src/spiffs_hydrogen.c.obj
[967/1044] Building C object esp-idf/esp_local_ctrl/CMakeFiles/__idf_esp_local_ctrl.dir/src/esp_local_ctrl_transport_httpd.c.obj
[1006/1044] Building C object esp-idf/usb/CMakeFiles/__idf_usb.dir/enum.c.obj
[968/1044] Building C object esp-idf/esp_local_ctrl/CMakeFiles/__idf_esp_local_ctrl.dir/src/esp_local_ctrl.c.obj
[969/1044] Building C object esp-idf/esp_driver_touch_sens/CMakeFiles/__idf_esp_driver_touch_sens.dir/hw_ver2/touch_version_specific.c.obj
[1007/1044] Building C object esp-idf/fatfs/CMakeFiles/__idf_fatfs.dir/src/ff.c.obj
[1008/1044] Building C object esp-idf/wifi_provisioning/CMakeFiles/__idf_wifi_provisioning.dir/src/wifi_scan.c.obj
[1009/1044] Building C object esp-idf/wifi_provisioning/CMakeFiles/__idf_wifi_provisioning.dir/src/scheme_console.c.obj
[1010/1044] Building C object esp-idf/spiffs/CMakeFiles/__idf_spiffs.dir/esp_spiffs.c.obj
[970/1044] Building C object esp-idf/esp_local_ctrl/CMakeFiles/__idf_esp_local_ctrl.dir/src/esp_local_ctrl_handler.c.obj
[971/1044] Building C object esp-idf/fatfs/CMakeFiles/__idf_fatfs.dir/diskio/diskio_rawflash.c.obj
[972/1044] Linking C static library esp-idf/json/libjson.a
[1011/1044] Linking C static library esp-idf/cmock/libcmock.a
[973/1044] Building C object esp-idf/fatfs/CMakeFiles/__idf_fatfs.dir/src/ffunicode.c.obj
[1012/1044] Building C object esp-idf/wifi_provisioning/CMakeFiles/__idf_wifi_provisioning.dir/proto-c/wifi_constants.pb-c.c.obj
[974/1044] Building C object esp-idf/esp_local_ctrl/CMakeFiles/__idf_esp_local_ctrl.dir/proto-c/esp_local_ctrl.pb-c.c.obj
[1013/1044] Linking C static library esp-idf/app_trace/libapp_trace.a
[1014/1044] Building C object esp-idf/wifi_provisioning/CMakeFiles/__idf_wifi_provisioning.dir/src/handlers.c.obj
[1015/1044] Linking C static library esp-idf/esp_hid/libesp_hid.a
[975/1044] Building C object esp-idf/fatfs/CMakeFiles/__idf_fatfs.dir/diskio/diskio_wl.c.obj
[1016/1044] Linking C static library esp-idf/esp_driver_cam/libesp_driver_cam.a
[1017/1044] Building C object esp-idf/spiffs/CMakeFiles/__idf_spiffs.dir/spiffs/src/spiffs_nucleus.c.obj
[976/1044] Building C object esp-idf/fatfs/CMakeFiles/__idf_fatfs.dir/port/freertos/ffsystem.c.obj
[1018/1044] Linking C static library esp-idf/esp_driver_touch_sens/libesp_driver_touch_sens.a
[1019/1044] Linking C static library esp-idf/esp_eth/libesp_eth.a
[977/1044] Building C object esp-idf/fatfs/CMakeFiles/__idf_fatfs.dir/diskio/diskio.c.obj
[831/1044] Generating x509_crt_bundle
[978/1044] Building C object esp-idf/perfmon/CMakeFiles/__idf_perfmon.dir/xtensa_perfmon_masks.c.obj
[1020/1044] Linking C static library esp-idf/esp_local_ctrl/libesp_local_ctrl.a
[1021/1044] Linking C static library esp-idf/espcoredump/libespcoredump.a
[1022/1044] Linking C static library esp-idf/nvs_sec_provider/libnvs_sec_provider.a
-- Build files have been written to: /home/tikhon/Документы/magnolia/applets/mainline/yes/build
[1023/1044] Linking C static library esp-idf/perfmon/libperfmon.a
[1024/1044] Linking C static library esp-idf/esp_lcd/libesp_lcd.a
[1025/1044] Linking C static library esp-idf/fatfs/libfatfs.a
[1026/1044] Linking C static library esp-idf/rt/librt.a
-- USING O3
[979/1044] Building C object esp-idf/perfmon/CMakeFiles/__idf_perfmon.dir/xtensa_perfmon_apis.c.obj
[1027/1044] Linking C static library esp-idf/spiffs/libspiffs.a
[1028/1044] Building C object esp-idf/wifi_provisioning/CMakeFiles/__idf_wifi_provisioning.dir/proto-c/wifi_ctrl.pb-c.c.obj
[980/1044] Building C object esp-idf/perfmon/CMakeFiles/__idf_perfmon.dir/xtensa_perfmon_access.c.obj
[981/1044] Building C object esp-idf/mqtt/CMakeFiles/__idf_mqtt.dir/esp-mqtt/lib/platform_esp32_idf.c.obj
[1029/1044] Building C object esp-idf/touch_element/CMakeFiles/__idf_touch_element.dir/touch_element.c.obj
[1030/1044] Building C object esp-idf/wifi_provisioning/CMakeFiles/__idf_wifi_provisioning.dir/proto-c/wifi_config.pb-c.c.obj
[1031/1044] Building C object esp-idf/wifi_provisioning/CMakeFiles/__idf_wifi_provisioning.dir/proto-c/wifi_scan.pb-c.c.obj
[982/1044] Building C object esp-idf/fatfs/CMakeFiles/__idf_fatfs.dir/diskio/diskio_sdmmc.c.obj
-- Adding linker script /home/tikhon/Документы/magnolia/applets/go/false/build/esp-idf/esp_system/ld/memory.ld
-- Adding linker script /home/tikhon/Документы/magnolia/applets/go/false/build/esp-idf/esp_system/ld/sections.ld.in
[983/1044] Building C object esp-idf/nvs_sec_provider/CMakeFiles/__idf_nvs_sec_provider.dir/nvs_sec_provider.c.obj
[1032/1044] Linking C static library esp-idf/touch_element/libtouch_element.a
[984/1044] Building C object esp-idf/rt/CMakeFiles/__idf_rt.dir/FreeRTOS_POSIX_utils.c.obj
[1033/1044] Building C object esp-idf/wifi_provisioning/CMakeFiles/__idf_wifi_provisioning.dir/src/scheme_softap.c.obj
-- Adding linker script /home/tikhon/Документы/magnolia/esp-idf/components/esp_rom/esp32s3/ld/esp32s3.rom.ld
-- Adding linker script /home/tikhon/Документы/magnolia/esp-idf/components/esp_rom/esp32s3/ld/esp32s3.rom.api.ld
-- Adding linker script /home/tikhon/Документы/magnolia/esp-idf/components/esp_rom/esp32s3/ld/esp32s3.rom.bt_funcs.ld
[1034/1044] Building C object esp-idf/usb/CMakeFiles/__idf_usb.dir/usbh.c.obj
-- Adding linker script /home/tikhon/Документы/magnolia/esp-idf/components/esp_rom/esp32s3/ld/esp32s3.rom.libgcc.ld
-- Adding linker script /home/tikhon/Документы/magnolia/esp-idf/components/esp_rom/esp32s3/ld/esp32s3.rom.wdt.ld
-- Adding linker script /home/tikhon/Документы/magnolia/esp-idf/components/esp_rom/esp32s3/ld/esp32s3.rom.version.ld
-- Adding linker script /home/tikhon/Документы/magnolia/esp-idf/components/esp_rom/esp32s3/ld/esp32s3.rom.ble_master.ld
-- Adding linker script /home/tikhon/Документы/magnolia/esp-idf/components/esp_rom/esp32s3/ld/esp32s3.rom.ble_50.ld
-- Adding linker script /home/tikhon/Документы/magnolia/esp-idf/components/esp_rom/esp32s3/ld/esp32s3.rom.ble_smp.ld
-- Adding linker script /home/tikhon/Документы/magnolia/esp-idf/components/esp_rom/esp32s3/ld/esp32s3.rom.ble_dtm.ld
-- Adding linker script /home/tikhon/Документы/magnolia/esp-idf/components/esp_rom/esp32s3/ld/esp32s3.rom.ble_test.ld
-- Adding linker script /home/tikhon/Документы/magnolia/esp-idf/components/esp_rom/esp32s3/ld/esp32s3.rom.ble_scan.ld
-- Adding linker script /home/tikhon/Документы/magnolia/esp-idf/components/esp_rom/esp32s3/ld/esp32s3.rom.libc.ld
-- Adding linker script /home/tikhon/Документы/magnolia/esp-idf/components/esp_rom/esp32s3/ld/esp32s3.rom.newlib.ld
[1035/1044] Building C object esp-idf/mqtt/CMakeFiles/__idf_mqtt.dir/esp-mqtt/mqtt_client.c.obj
[985/1044] Building C object esp-idf/mqtt/CMakeFiles/__idf_mqtt.dir/esp-mqtt/lib/mqtt_msg.c.obj
[986/1044] Building C object esp-idf/spiffs/CMakeFiles/__idf_spiffs.dir/spiffs_api.c.obj
[1036/1044] Linking C static library esp-idf/mqtt/libmqtt.a
[987/1044] Building C object esp-idf/spiffs/CMakeFiles/__idf_spiffs.dir/spiffs/src/spiffs_cache.c.obj
[988/1044] Building C object esp-idf/mqtt/CMakeFiles/__idf_mqtt.dir/esp-mqtt/lib/mqtt_outbox.c.obj
-- Adding linker script /home/tikhon/Документы/magnolia/esp-idf/components/soc/esp32s3/ld/esp32s3.peripherals.ld
[1/4] Building C object esp-idf/esp_app_format/CMakeFiles/__idf_esp_app_format.dir/esp_app_desc.c.obj
[989/1044] Building C object esp-idf/fatfs/CMakeFiles/__idf_fatfs.dir/vfs/vfs_fat_spiflash.c.obj
[990/1044] Building C object esp-idf/fatfs/CMakeFiles/__idf_fatfs.dir/vfs/vfs_fat_sdmmc.c.obj
[832/1044] Generating ../../x509_crt_bundle.S
-- Components: app_trace app_update bootloader bootloader_support bt cmock console cxx driver efuse esp-tls esp_adc esp_app_format esp_bootloader_format esp_coex esp_common esp_driver_ana_cmpr esp_driver_bitscrambler esp_driver_cam esp_driver_dac esp_driver_gpio esp_driver_gptimer esp_driver_i2c esp_driver_i2s esp_driver_i3c esp_driver_isp esp_driver_jpeg esp_driver_ledc esp_driver_mcpwm esp_driver_parlio esp_driver_pcnt esp_driver_ppa esp_driver_rmt esp_driver_sd_intf esp_driver_sdio esp_driver_sdm esp_driver_sdmmc esp_driver_sdspi esp_driver_spi esp_driver_touch_sens esp_driver_tsens esp_driver_twai esp_driver_uart esp_driver_usb_serial_jtag esp_eth esp_event esp_gdbstub esp_hid esp_http_client esp_http_server esp_https_ota esp_https_server esp_hw_support esp_lcd esp_local_ctrl esp_mm esp_netif esp_netif_stack esp_partition esp_phy esp_pm esp_psram esp_ringbuf esp_rom esp_security esp_system esp_timer esp_vfs_console esp_wifi espcoredump espressif__cmake_utilities espressif__elf_loader esptool_py fatfs freertos hal heap http_parser idf_test ieee802154 json log lwip main mbedtls mqtt newlib nvs_flash nvs_sec_provider openthread partition_table perfmon protobuf-c protocomm pthread rt sdmmc soc spi_flash spiffs tcp_transport touch_element ulp unity usb vfs wear_levelling wifi_provisioning wpa_supplicant xtensa
-- Component paths: /home/tikhon/Документы/magnolia/esp-idf/components/app_trace /home/tikhon/Документы/magnolia/esp-idf/components/app_update /home/tikhon/Документы/magnolia/esp-idf/components/bootloader /home/tikhon/Документы/magnolia/esp-idf/components/bootloader_support /home/tikhon/Документы/magnolia/esp-idf/components/bt /home/tikhon/Документы/magnolia/esp-idf/components/cmock /home/tikhon/Документы/magnolia/esp-idf/components/console /home/tikhon/Документы/magnolia/esp-idf/components/cxx /home/tikhon/Документы/magnolia/esp-idf/components/driver /home/tikhon/Документы/magnolia/esp-idf/components/efuse /home/tikhon/Документы/magnolia/esp-idf/components/esp-tls /home/tikhon/Документы/magnolia/esp-idf/components/esp_adc /home/tikhon/Документы/magnolia/esp-idf/components/esp_app_format /home/tikhon/Документы/magnolia/esp-idf/components/esp_bootloader_format /home/tikhon/Документы/magnolia/esp-idf/components/esp_coex /home/tikhon/Документы/magnolia/esp-idf/components/esp_common /home/tikhon/Документы/magnolia/esp-idf/components/esp_driver_ana_cmpr /home/tikhon/Документы/magnolia/esp-idf/components/esp_driver_bitscrambler /home/tikhon/Документы/magnolia/esp-idf/components/esp_driver_cam /home/tikhon/Документы/magnolia/esp-idf/components/esp_driver_dac /home/tikhon/Документы/magnolia/esp-idf/components/esp_driver_gpio /home/tikhon/Документы/magnolia/esp-idf/components/esp_driver_gptimer /home/tikhon/Документы/magnolia/esp-idf/components/esp_driver_i2c /home/tikhon/Документы/magnolia/esp-idf/components/esp_driver_i2s /home/tikhon/Документы/magnolia/esp-idf/components/esp_driver_i3c /home/tikhon/Документы/magnolia/esp-idf/components/esp_driver_isp /home/tikhon/Документы/magnolia/esp-idf/components/esp_driver_jpeg /home/tikhon/Документы/magnolia/esp-idf/components/esp_driver_ledc /home/tikhon/Документы/magnolia/esp-idf/components/esp_driver_mcpwm /home/tikhon/Документы/magnolia/esp-idf/components/esp_driver_parlio /home/tikhon/Документы/magnolia/esp-idf/components/esp_driver_pcnt /home/tikhon/Документы/magnolia/esp-idf/components/esp_driver_ppa /home/tikhon/Документы/magnolia/esp-idf/components/esp_driver_rmt /home/tikhon/Документы/magnolia/esp-idf/components/esp_driver_sd_intf /home/tikhon/Документы/magnolia/esp-idf/components/esp_driver_sdio /home/tikhon/Документы/magnolia/esp-idf/components/esp_driver_sdm /home/tikhon/Документы/magnolia/esp-idf/components/esp_driver_sdmmc /home/tikhon/Документы/magnolia/esp-idf/components/esp_driver_sdspi /home/tikhon/Документы/magnolia/esp-idf/components/esp_driver_spi /home/tikhon/Документы/magnolia/esp-idf/components/esp_driver_touch_sens /home/tikhon/Документы/magnolia/esp-idf/components/esp_driver_tsens /home/tikhon/Документы/magnolia/esp-idf/components/esp_driver_twai /home/tikhon/Документы/magnolia/esp-idf/components/esp_driver_uart /home/tikhon/Документы/magnolia/esp-idf/components/esp_driver_usb_serial_jtag /home/tikhon/Документы/magnolia/esp-idf/components/esp_eth /home/tikhon/Документы/magnolia/esp-idf/components/esp_event /home/tikhon/Документы/magnolia/esp-idf/components/esp_gdbstub /home/tikhon/Документы/magnolia/esp-idf/components/esp_hid /home/tikhon/Документы/magnolia/esp-idf/components/esp_http_client /home/tikhon/Документы/magnolia/esp-idf/components/esp_http_server /home/tikhon/Документы/magnolia/esp-idf/components/esp_https_ota /home/tikhon/Документы/magnolia/esp-idf/components/esp_https_server /home/tikhon/Документы/magnolia/esp-idf/components/esp_hw_support /home/tikhon/Документы/magnolia/esp-idf/components/esp_lcd /home/tikhon/Документы/magnolia/esp-idf/components/esp_local_ctrl /home/tikhon/Документы/magnolia/esp-idf/components/esp_mm /home/tikhon/Документы/magnolia/esp-idf/components/esp_netif /home/tikhon/Документы/magnolia/esp-idf/components/esp_netif_stack /home/tikhon/Документы/magnolia/esp-idf/components/esp_partition /home/tikhon/Документы/magnolia/esp-idf/components/esp_phy /home/tikhon/Документы/magnolia/esp-idf/components/esp_pm /home/tikhon/Документы/magnolia/esp-idf/components/esp_psram /home/tikhon/Документы/magnolia/esp-idf/components/esp_ringbuf /home/tikhon/Документы/magnolia/esp-idf/components/esp_rom /home/tikhon/Документы/magnolia/esp-idf/components/esp_security /home/tikhon/Документы/magnolia/esp-idf/components/esp_system /home/tikhon/Документы/magnolia/esp-idf/components/esp_timer /home/tikhon/Документы/magnolia/esp-idf/components/esp_vfs_console /home/tikhon/Документы/magnolia/esp-idf/components/esp_wifi /home/tikhon/Документы/magnolia/esp-idf/components/espcoredump /home/tikhon/Документы/magnolia/applets/mainline/xxd/managed_components/espressif__cmake_utilities /home/tikhon/Документы/magnolia/applets/mainline/xxd/managed_components/espressif__elf_loader /home/tikhon/Документы/magnolia/esp-idf/components/esptool_py /home/tikhon/Документы/magnolia/esp-idf/components/fatfs /home/tikhon/Документы/magnolia/esp-idf/components/freertos /home/tikhon/Документы/magnolia/esp-idf/components/hal /home/tikhon/Документы/magnolia/esp-idf/components/heap /home/tikhon/Документы/magnolia/esp-idf/components/http_parser /home/tikhon/Документы/magnolia/esp-idf/components/idf_test /home/tikhon/Документы/magnolia/esp-idf/components/ieee802154 /home/tikhon/Документы/magnolia/esp-idf/components/json /home/tikhon/Документы/magnolia/esp-idf/components/log /home/tikhon/Документы/magnolia/esp-idf/components/lwip /home/tikhon/Документы/magnolia/applets/mainline/xxd/main /home/tikhon/Документы/magnolia/esp-idf/components/mbedtls /home/tikhon/Документы/magnolia/esp-idf/components/mqtt /home/tikhon/Документы/magnolia/esp-idf/components/newlib /home/tikhon/Документы/magnolia/esp-idf/components/nvs_flash /home/tikhon/Документы/magnolia/esp-idf/components/nvs_sec_provider /home/tikhon/Документы/magnolia/esp-idf/components/openthread /home/tikhon/Документы/magnolia/esp-idf/components/partition_table /home/tikhon/Документы/magnolia/esp-idf/components/perfmon /home/tikhon/Документы/magnolia/esp-idf/components/protobuf-c /home/tikhon/Документы/magnolia/esp-idf/components/protocomm /home/tikhon/Документы/magnolia/esp-idf/components/pthread /home/tikhon/Документы/magnolia/esp-idf/components/rt /home/tikhon/Документы/magnolia/esp-idf/components/sdmmc /home/tikhon/Документы/magnolia/esp-idf/components/soc /home/tikhon/Документы/magnolia/esp-idf/components/spi_flash /home/tikhon/Документы/magnolia/esp-idf/components/spiffs /home/tikhon/Документы/magnolia/esp-idf/components/tcp_transport /home/tikhon/Документы/magnolia/esp-idf/components/touch_element /home/tikhon/Документы/magnolia/esp-idf/components/ulp /home/tikhon/Документы/magnolia/esp-idf/components/unity /home/tikhon/Документы/magnolia/esp-idf/components/usb /home/tikhon/Документы/magnolia/esp-idf/components/vfs /home/tikhon/Документы/magnolia/esp-idf/components/wear_levelling /home/tikhon/Документы/magnolia/esp-idf/components/wifi_provisioning /home/tikhon/Документы/magnolia/esp-idf/components/wpa_supplicant /home/tikhon/Документы/magnolia/esp-idf/components/xtensa
[2/4] Linking C static library esp-idf/esp_app_format/libesp_app_format.a
-- Configuring done (17.4s)
[991/1044] Building C object esp-idf/spiffs/CMakeFiles/__idf_spiffs.dir/spiffs/src/spiffs_gc.c.obj
[3/4] Build ELF: user.app.elf
[1037/1044] Building C object esp-idf/usb/CMakeFiles/__idf_usb.dir/usb_host.c.obj
[833/1044] Building ASM object esp-idf/mbedtls/CMakeFiles/__idf_mbedtls.dir/__/__/x509_crt_bundle.S.obj
[834/1044] Building C object esp-idf/esp_pm/CMakeFiles/__idf_esp_pm.dir/pm_trace.c.obj
[992/1044] Building C object esp-idf/spiffs/CMakeFiles/__idf_spiffs.dir/spiffs/src/spiffs_check.c.obj
[835/1044] Building C object esp-idf/esp_security/CMakeFiles/__idf_esp_security.dir/src/esp_crypto_lock.c.obj
[1038/1044] Building C object esp-idf/main/CMakeFiles/__idf_main.dir/main.c.obj
[993/1044] Building C object esp-idf/rt/CMakeFiles/__idf_rt.dir/FreeRTOS_POSIX_mqueue.c.obj
[836/1044] Building C object esp-idf/esp_driver_gpio/CMakeFiles/__idf_esp_driver_gpio.dir/src/gpio_glitch_filter_ops.c.obj
[994/1044] Building C object esp-idf/usb/CMakeFiles/__idf_usb.dir/hub.c.obj
[837/1044] Building C object esp-idf/esp_security/CMakeFiles/__idf_esp_security.dir/src/init.c.obj
NOTICE: Processing 3 dependencies:
NOTICE: [1/3] espressif/cmake_utilities (0.5.3)
NOTICE: [2/3] espressif/elf_loader (1.1.1)
+ idf.py elf
[838/1044] Building C object esp-idf/esp_security/CMakeFiles/__idf_esp_security.dir/src/esp_hmac.c.obj
NOTICE: [3/3] idf (6.0.0)
[995/1044] Building C object esp-idf/touch_element/CMakeFiles/__idf_touch_element.dir/touch_matrix.c.obj
[839/1044] Building C object esp-idf/efuse/CMakeFiles/__idf_efuse.dir/esp32s3/esp_efuse_table.c.obj
[840/1044] Building C object esp-idf/esp_pm/CMakeFiles/__idf_esp_pm.dir/pm_locks.c.obj
[996/1044] Building C object esp-idf/esp_lcd/CMakeFiles/__idf_esp_lcd.dir/i80/esp_lcd_panel_io_i80.c.obj
[997/1044] Building C object esp-idf/usb/CMakeFiles/__idf_usb.dir/usb_helpers.c.obj
[841/1044] Building C object esp-idf/efuse/CMakeFiles/__idf_efuse.dir/esp32s3/esp_efuse_fields.c.obj
[842/1044] Building C object esp-idf/mbedtls/CMakeFiles/__idf_mbedtls.dir/esp_crt_bundle/esp_crt_bundle.c.obj
[843/1044] Building C object esp-idf/esp_driver_gpio/CMakeFiles/__idf_esp_driver_gpio.dir/src/gpio_pin_glitch_filter.c.obj
[998/1044] Building C object esp-idf/usb/CMakeFiles/__idf_usb.dir/usb_private.c.obj
[844/1044] Building C object esp-idf/efuse/CMakeFiles/__idf_efuse.dir/esp32s3/esp_efuse_rtc_calib.c.obj
[845/1044] Building C object esp-idf/esp_security/CMakeFiles/__idf_esp_security.dir/src/esp_ds.c.obj
[846/1044] Linking C static library esp-idf/mbedtls/libmbedtls.a
[999/1044] Building C object esp-idf/touch_element/CMakeFiles/__idf_touch_element.dir/touch_button.c.obj
[847/1044] Building C object esp-idf/esp_security/CMakeFiles/__idf_esp_security.dir/src/esp_crypto_periph_clk.c.obj
[848/1044] Building C object esp-idf/efuse/CMakeFiles/__idf_efuse.dir/src/esp_efuse_fields.c.obj
[849/1044] Building C object esp-idf/efuse/CMakeFiles/__idf_efuse.dir/esp32s3/esp_efuse_utility.c.obj
[850/1044] Building C object esp-idf/efuse/CMakeFiles/__idf_efuse.dir/src/esp_efuse_utility.c.obj
[851/1044] Building C object esp-idf/app_update/CMakeFiles/__idf_app_update.dir/esp_ota_app_desc.c.obj
[1039/1044] Building C object esp-idf/wifi_provisioning/CMakeFiles/__idf_wifi_provisioning.dir/src/manager.c.obj
[852/1044] Building C object esp-idf/esp_driver_gpio/CMakeFiles/__idf_esp_driver_gpio.dir/src/dedic_gpio.c.obj
[853/1044] Building C object esp-idf/efuse/CMakeFiles/__idf_efuse.dir/src/esp_efuse_startup.c.obj
[854/1044] Building C object esp-idf/xtensa/CMakeFiles/__idf_xtensa.dir/eri.c.obj
[855/1044] Building C object esp-idf/esp_bootloader_format/CMakeFiles/__idf_esp_bootloader_format.dir/esp_bootloader_desc.c.obj
[1000/1044] Building C object esp-idf/spiffs/CMakeFiles/__idf_spiffs.dir/spiffs/src/spiffs_hydrogen.c.obj
[856/1044] Building ASM object esp-idf/xtensa/CMakeFiles/__idf_xtensa.dir/xtensa_vectors.S.obj
[1001/1044] Building C object esp-idf/wifi_provisioning/CMakeFiles/__idf_wifi_provisioning.dir/src/wifi_config.c.obj
[857/1044] Building C object esp-idf/esp_partition/CMakeFiles/__idf_esp_partition.dir/partition.c.obj
[858/1044] Building ASM object esp-idf/xtensa/CMakeFiles/__idf_xtensa.dir/xtensa_context.S.obj
[1002/1044] Building C object esp-idf/fatfs/CMakeFiles/__idf_fatfs.dir/src/ff.c.obj
[859/1044] Building ASM object esp-idf/xtensa/CMakeFiles/__idf_xtensa.dir/xtensa_intr_asm.S.obj
[860/1044] Building C object esp-idf/efuse/CMakeFiles/__idf_efuse.dir/src/efuse_controller/keys/with_key_purposes/esp_efuse_api_key.c.obj
-- ELF_LOADER: 1.1.1
[861/1044] Building C object esp-idf/xtensa/CMakeFiles/__idf_xtensa.dir/xt_trax.c.obj
[1040/1044] Linking C static library esp-idf/wifi_provisioning/libwifi_provisioning.a
[1003/1044] Building C object esp-idf/spiffs/CMakeFiles/__idf_spiffs.dir/esp_spiffs.c.obj
[1004/1044] Building C object esp-idf/wifi_provisioning/CMakeFiles/__idf_wifi_provisioning.dir/src/wifi_ctrl.c.obj
[862/1044] Building C object esp-idf/xtensa/CMakeFiles/__idf_xtensa.dir/xtensa_intr.c.obj
[1005/1044] Building C object esp-idf/esp_lcd/CMakeFiles/__idf_esp_lcd.dir/rgb/esp_lcd_panel_rgb.c.obj
[1006/1044] Building C object esp-idf/touch_element/CMakeFiles/__idf_touch_element.dir/touch_element.c.obj
[863/1044] Building C object esp-idf/esp_pm/CMakeFiles/__idf_esp_pm.dir/pm_impl.c.obj
[864/1044] Building C object esp-idf/console/CMakeFiles/__idf_console.dir/esp_console_repl_internal.c.obj
[865/1044] Building C object esp-idf/efuse/CMakeFiles/__idf_efuse.dir/src/esp_efuse_api.c.obj
[866/1044] Building C object esp-idf/console/CMakeFiles/__idf_console.dir/split_argv.c.obj
[1007/1044] Building C object esp-idf/fatfs/CMakeFiles/__idf_fatfs.dir/vfs/vfs_fat.c.obj
[867/1044] Building C object esp-idf/esp_partition/CMakeFiles/__idf_esp_partition.dir/partition_target.c.obj
[868/1044] Building C object esp-idf/esp_app_format/CMakeFiles/__idf_esp_app_format.dir/esp_app_desc.c.obj
+ idf.py elf
[869/1044] Linking C static library esp-idf/esp_pm/libesp_pm.a
[1008/1044] Building C object esp-idf/wifi_provisioning/CMakeFiles/__idf_wifi_provisioning.dir/src/handlers.c.obj
[1009/1044] Linking C static library esp-idf/cmock/libcmock.a
[1010/1044] Building C object esp-idf/usb/CMakeFiles/__idf_usb.dir/enum.c.obj
[1011/1044] Linking C static library esp-idf/app_trace/libapp_trace.a
[1012/1044] Building C object esp-idf/touch_element/CMakeFiles/__idf_touch_element.dir/touch_slider.c.obj
[870/1044] Building C object esp-idf/console/CMakeFiles/__idf_console.dir/argtable3/arg_dbl.c.obj
[871/1044] Building C object esp-idf/console/CMakeFiles/__idf_console.dir/esp_console_common.c.obj
[1013/1044] Building C object esp-idf/wifi_provisioning/CMakeFiles/__idf_wifi_provisioning.dir/proto-c/wifi_constants.pb-c.c.obj
Applet user OK -> /home/tikhon/Документы/magnolia/rootfs/bin/user
Building applet pwd -> gopwd ...
[1014/1044] Linking C static library esp-idf/esp_driver_cam/libesp_driver_cam.a
+ idf.py elf
[1015/1044] Building C object esp-idf/spiffs/CMakeFiles/__idf_spiffs.dir/spiffs/src/spiffs_nucleus.c.obj
[872/1044] Building C object esp-idf/console/CMakeFiles/__idf_console.dir/argtable3/arg_end.c.obj
[1016/1044] Building C object esp-idf/wifi_provisioning/CMakeFiles/__idf_wifi_provisioning.dir/src/wifi_scan.c.obj
[1017/1044] Building C object esp-idf/wifi_provisioning/CMakeFiles/__idf_wifi_provisioning.dir/proto-c/wifi_ctrl.pb-c.c.obj
[1018/1044] Linking C static library esp-idf/esp_driver_touch_sens/libesp_driver_touch_sens.a
[1019/1044] Linking C static library esp-idf/esp_hid/libesp_hid.a
[873/1044] Building C object esp-idf/esp_driver_gpio/CMakeFiles/__idf_esp_driver_gpio.dir/src/rtc_io.c.obj
[1020/1044] Building C object esp-idf/wifi_provisioning/CMakeFiles/__idf_wifi_provisioning.dir/proto-c/wifi_config.pb-c.c.obj
[1021/1044] Linking C static library esp-idf/esp_eth/libesp_eth.a
[1022/1044] Linking C static library esp-idf/esp_lcd/libesp_lcd.a
[1023/1044] Linking C static library esp-idf/esp_local_ctrl/libesp_local_ctrl.a
[1024/1044] Linking C static library esp-idf/espcoredump/libespcoredump.a
[1025/1044] Building C object esp-idf/wifi_provisioning/CMakeFiles/__idf_wifi_provisioning.dir/src/scheme_softap.c.obj
[874/1044] Building C object esp-idf/console/CMakeFiles/__idf_console.dir/argtable3/arg_int.c.obj
[875/1044] Building C object esp-idf/console/CMakeFiles/__idf_console.dir/argtable3/arg_str.c.obj
[1041/1044] Building C object esp-idf/usb/CMakeFiles/__idf_usb.dir/hcd_dwc.c.obj
[876/1044] Building C object esp-idf/console/CMakeFiles/__idf_console.dir/argtable3/arg_cmd.c.obj
[1026/1044] Building C object esp-idf/wifi_provisioning/CMakeFiles/__idf_wifi_provisioning.dir/src/scheme_console.c.obj
[877/1044] Building C object esp-idf/console/CMakeFiles/__idf_console.dir/argtable3/arg_rem.c.obj
[1027/1044] Linking C static library esp-idf/fatfs/libfatfs.a
[1028/1044] Linking C static library esp-idf/rt/librt.a
[878/1044] Building C object esp-idf/console/CMakeFiles/__idf_console.dir/argtable3/arg_dstr.c.obj
[1029/1044] Linking C static library esp-idf/perfmon/libperfmon.a
[1030/1044] Linking C static library esp-idf/spiffs/libspiffs.a
[1031/1044] Linking C static library esp-idf/nvs_sec_provider/libnvs_sec_provider.a
[879/1044] Building C object esp-idf/console/CMakeFiles/__idf_console.dir/argtable3/arg_utils.c.obj
[880/1044] Building C object esp-idf/console/CMakeFiles/__idf_console.dir/argtable3/arg_file.c.obj
[881/1044] Building C object esp-idf/console/CMakeFiles/__idf_console.dir/argtable3/arg_lit.c.obj
[882/1044] Building C object esp-idf/console/CMakeFiles/__idf_console.dir/commands.c.obj
-- Project sdkconfig file /home/tikhon/Документы/magnolia/applets/go/godd/sdkconfig
[1032/1044] Linking C static library esp-idf/touch_element/libtouch_element.a
[1042/1044] Linking C static library esp-idf/usb/libusb.a
[883/1044] Building C object esp-idf/console/CMakeFiles/__idf_console.dir/esp_console_repl_chip.c.obj
[884/1044] Building C object esp-idf/console/CMakeFiles/__idf_console.dir/linenoise/linenoise.c.obj
[885/1044] Building C object esp-idf/console/CMakeFiles/__idf_console.dir/argtable3/arg_hashtable.c.obj
[1033/1044] Building C object esp-idf/usb/CMakeFiles/__idf_usb.dir/usbh.c.obj
[886/1044] Building C object esp-idf/app_update/CMakeFiles/__idf_app_update.dir/esp_ota_ops.c.obj
[887/1044] Building C object esp-idf/console/CMakeFiles/__idf_console.dir/argtable3/arg_date.c.obj
[1034/1044] Building C object esp-idf/wifi_provisioning/CMakeFiles/__idf_wifi_provisioning.dir/proto-c/wifi_scan.pb-c.c.obj
[888/1044] Building C object esp-idf/unity/CMakeFiles/__idf_unity.dir/unity_compat.c.obj
[1043/1044] Linking C static library esp-idf/main/libmain.a
[889/1044] Building C object esp-idf/protocomm/CMakeFiles/__idf_protocomm.dir/proto-c/constants.pb-c.c.obj
[890/1044] Building C object esp-idf/unity/CMakeFiles/__idf_unity.dir/unity_utils_cache.c.obj
[1035/1044] Building C object esp-idf/main/CMakeFiles/__idf_main.dir/main.c.obj
[1044/1044] Build ELF: printf.app.elf
[891/1044] Building C object esp-idf/unity/CMakeFiles/__idf_unity.dir/unity_port_esp32.c.obj
-- Minimal build - OFF
[1036/1044] Building C object esp-idf/mqtt/CMakeFiles/__idf_mqtt.dir/esp-mqtt/mqtt_client.c.obj
[892/1044] Building C object esp-idf/unity/CMakeFiles/__idf_unity.dir/port/esp/unity_utils_memory_esp.c.obj
-- ESP-TEE is currently supported only on the esp32c6;esp32h2;esp32c5 SoCs
[893/1044] Building C object esp-idf/protocomm/CMakeFiles/__idf_protocomm.dir/proto-c/session.pb-c.c.obj
-- Components: app_trace app_update bootloader bootloader_support bt cmock console cxx driver efuse esp-tls esp_adc esp_app_format esp_bootloader_format esp_coex esp_common esp_driver_ana_cmpr esp_driver_bitscrambler esp_driver_cam esp_driver_dac esp_driver_gpio esp_driver_gptimer esp_driver_i2c esp_driver_i2s esp_driver_i3c esp_driver_isp esp_driver_jpeg esp_driver_ledc esp_driver_mcpwm esp_driver_parlio esp_driver_pcnt esp_driver_ppa esp_driver_rmt esp_driver_sd_intf esp_driver_sdio esp_driver_sdm esp_driver_sdmmc esp_driver_sdspi esp_driver_spi esp_driver_touch_sens esp_driver_tsens esp_driver_twai esp_driver_uart esp_driver_usb_serial_jtag esp_eth esp_event esp_gdbstub esp_hid esp_http_client esp_http_server esp_https_ota esp_https_server esp_hw_support esp_lcd esp_local_ctrl esp_mm esp_netif esp_netif_stack esp_partition esp_phy esp_pm esp_psram esp_ringbuf esp_rom esp_security esp_system esp_timer esp_vfs_console esp_wifi espcoredump espressif__cmake_utilities espressif__elf_loader esptool_py fatfs freertos hal heap http_parser idf_test ieee802154 json log lwip main mbedtls mqtt newlib nvs_flash nvs_sec_provider openthread partition_table perfmon protobuf-c protocomm pthread rt sdmmc soc spi_flash spiffs tcp_transport touch_element ulp unity usb vfs wear_levelling wifi_provisioning wpa_supplicant xtensa
-- Component paths: /home/tikhon/Документы/magnolia/esp-idf/components/app_trace /home/tikhon/Документы/magnolia/esp-idf/components/app_update /home/tikhon/Документы/magnolia/esp-idf/components/bootloader /home/tikhon/Документы/magnolia/esp-idf/components/bootloader_support /home/tikhon/Документы/magnolia/esp-idf/components/bt /home/tikhon/Документы/magnolia/esp-idf/components/cmock /home/tikhon/Документы/magnolia/esp-idf/components/console /home/tikhon/Документы/magnolia/esp-idf/components/cxx /home/tikhon/Документы/magnolia/esp-idf/components/driver /home/tikhon/Документы/magnolia/esp-idf/components/efuse /home/tikhon/Документы/magnolia/esp-idf/components/esp-tls /home/tikhon/Документы/magnolia/esp-idf/components/esp_adc /home/tikhon/Документы/magnolia/esp-idf/components/esp_app_format /home/tikhon/Документы/magnolia/esp-idf/components/esp_bootloader_format /home/tikhon/Документы/magnolia/esp-idf/components/esp_coex /home/tikhon/Документы/magnolia/esp-idf/components/esp_common /home/tikhon/Документы/magnolia/esp-idf/components/esp_driver_ana_cmpr /home/tikhon/Документы/magnolia/esp-idf/components/esp_driver_bitscrambler /home/tikhon/Документы/magnolia/esp-idf/components/esp_driver_cam /home/tikhon/Документы/magnolia/esp-idf/components/esp_driver_dac /home/tikhon/Документы/magnolia/esp-idf/components/esp_driver_gpio /home/tikhon/Документы/magnolia/esp-idf/components/esp_driver_gptimer /home/tikhon/Документы/magnolia/esp-idf/components/esp_driver_i2c /home/tikhon/Документы/magnolia/esp-idf/components/esp_driver_i2s /home/tikhon/Документы/magnolia/esp-idf/components/esp_driver_i3c /home/tikhon/Документы/magnolia/esp-idf/components/esp_driver_isp /home/tikhon/Документы/magnolia/esp-idf/components/esp_driver_jpeg /home/tikhon/Документы/magnolia/esp-idf/components/esp_driver_ledc /home/tikhon/Документы/magnolia/esp-idf/components/esp_driver_mcpwm /home/tikhon/Документы/magnolia/esp-idf/components/esp_driver_parlio /home/tikhon/Документы/magnolia/esp-idf/components/esp_driver_pcnt /home/tikhon/Документы/magnolia/esp-idf/components/esp_driver_ppa /home/tikhon/Документы/magnolia/esp-idf/components/esp_driver_rmt /home/tikhon/Документы/magnolia/esp-idf/components/esp_driver_sd_intf /home/tikhon/Документы/magnolia/esp-idf/components/esp_driver_sdio /home/tikhon/Документы/magnolia/esp-idf/components/esp_driver_sdm /home/tikhon/Документы/magnolia/esp-idf/components/esp_driver_sdmmc /home/tikhon/Документы/magnolia/esp-idf/components/esp_driver_sdspi /home/tikhon/Документы/magnolia/esp-idf/components/esp_driver_spi /home/tikhon/Документы/magnolia/esp-idf/components/esp_driver_touch_sens /home/tikhon/Документы/magnolia/esp-idf/components/esp_driver_tsens /home/tikhon/Документы/magnolia/esp-idf/components/esp_driver_twai /home/tikhon/Документы/magnolia/esp-idf/components/esp_driver_uart /home/tikhon/Документы/magnolia/esp-idf/components/esp_driver_usb_serial_jtag /home/tikhon/Документы/magnolia/esp-idf/components/esp_eth /home/tikhon/Документы/magnolia/esp-idf/components/esp_event /home/tikhon/Документы/magnolia/esp-idf/components/esp_gdbstub /home/tikhon/Документы/magnolia/esp-idf/components/esp_hid /home/tikhon/Документы/magnolia/esp-idf/components/esp_http_client /home/tikhon/Документы/magnolia/esp-idf/components/esp_http_server /home/tikhon/Документы/magnolia/esp-idf/components/esp_https_ota /home/tikhon/Документы/magnolia/esp-idf/components/esp_https_server /home/tikhon/Документы/magnolia/esp-idf/components/esp_hw_support /home/tikhon/Документы/magnolia/esp-idf/components/esp_lcd /home/tikhon/Документы/magnolia/esp-idf/components/esp_local_ctrl /home/tikhon/Документы/magnolia/esp-idf/components/esp_mm /home/tikhon/Документы/magnolia/esp-idf/components/esp_netif /home/tikhon/Документы/magnolia/esp-idf/components/esp_netif_stack /home/tikhon/Документы/magnolia/esp-idf/components/esp_partition /home/tikhon/Документы/magnolia/esp-idf/components/esp_phy /home/tikhon/Документы/magnolia/esp-idf/components/esp_pm /home/tikhon/Документы/magnolia/esp-idf/components/esp_psram /home/tikhon/Документы/magnolia/esp-idf/components/esp_ringbuf /home/tikhon/Документы/magnolia/esp-idf/components/esp_rom /home/tikhon/Документы/magnolia/esp-idf/components/esp_security /home/tikhon/Документы/magnolia/esp-idf/components/esp_system /home/tikhon/Документы/magnolia/esp-idf/components/esp_timer /home/tikhon/Документы/magnolia/esp-idf/components/esp_vfs_console /home/tikhon/Документы/magnolia/esp-idf/components/esp_wifi /home/tikhon/Документы/magnolia/esp-idf/components/espcoredump /home/tikhon/Документы/magnolia/applets/go/echo/managed_components/espressif__cmake_utilities /home/tikhon/Документы/magnolia/applets/go/echo/managed_components/espressif__elf_loader /home/tikhon/Документы/magnolia/esp-idf/components/esptool_py /home/tikhon/Документы/magnolia/esp-idf/components/fatfs /home/tikhon/Документы/magnolia/esp-idf/components/freertos /home/tikhon/Документы/magnolia/esp-idf/components/hal /home/tikhon/Документы/magnolia/esp-idf/components/heap /home/tikhon/Документы/magnolia/esp-idf/components/http_parser /home/tikhon/Документы/magnolia/esp-idf/components/idf_test /home/tikhon/Документы/magnolia/esp-idf/components/ieee802154 /home/tikhon/Документы/magnolia/esp-idf/components/json /home/tikhon/Документы/magnolia/esp-idf/components/log /home/tikhon/Документы/magnolia/esp-idf/components/lwip /home/tikhon/Документы/magnolia/applets/go/echo/main /home/tikhon/Документы/magnolia/esp-idf/components/mbedtls /home/tikhon/Документы/magnolia/esp-idf/components/mqtt /home/tikhon/Документы/magnolia/esp-idf/components/newlib /home/tikhon/Документы/magnolia/esp-idf/components/nvs_flash /home/tikhon/Документы/magnolia/esp-idf/components/nvs_sec_provider /home/tikhon/Документы/magnolia/esp-idf/components/openthread /home/tikhon/Документы/magnolia/esp-idf/components/partition_table /home/tikhon/Документы/magnolia/esp-idf/components/perfmon /home/tikhon/Документы/magnolia/esp-idf/components/protobuf-c /home/tikhon/Документы/magnolia/esp-idf/components/protocomm /home/tikhon/Документы/magnolia/esp-idf/components/pthread /home/tikhon/Документы/magnolia/esp-idf/components/rt /home/tikhon/Документы/magnolia/esp-idf/components/sdmmc /home/tikhon/Документы/magnolia/esp-idf/components/soc /home/tikhon/Документы/magnolia/esp-idf/components/spi_flash /home/tikhon/Документы/magnolia/esp-idf/components/spiffs /home/tikhon/Документы/magnolia/esp-idf/components/tcp_transport /home/tikhon/Документы/magnolia/esp-idf/components/touch_element /home/tikhon/Документы/magnolia/esp-idf/components/ulp /home/tikhon/Документы/magnolia/esp-idf/components/unity /home/tikhon/Документы/magnolia/esp-idf/components/usb /home/tikhon/Документы/magnolia/esp-idf/components/vfs /home/tikhon/Документы/magnolia/esp-idf/components/wear_levelling /home/tikhon/Документы/magnolia/esp-idf/components/wifi_provisioning /home/tikhon/Документы/magnolia/esp-idf/components/wpa_supplicant /home/tikhon/Документы/magnolia/esp-idf/components/xtensa
[894/1044] Building C object esp-idf/unity/CMakeFiles/__idf_unity.dir/unity_utils_freertos.c.obj
[1037/1044] Linking C static library esp-idf/mqtt/libmqtt.a
[895/1044] Building C object esp-idf/unity/CMakeFiles/__idf_unity.dir/unity_utils_memory.c.obj
[896/1044] Building C object esp-idf/protocomm/CMakeFiles/__idf_protocomm.dir/proto-c/sec0.pb-c.c.obj
-- Building ESP-IDF components for target esp32s3
-- Configuring done (17.0s)
[897/1044] Building C object esp-idf/unity/CMakeFiles/__idf_unity.dir/unity_runner.c.obj
-- ELF_LOADER: 1.1.1
[898/1044] Building C object esp-idf/protocomm/CMakeFiles/__idf_protocomm.dir/src/common/protocomm.c.obj
[899/1044] Building C object esp-idf/esp_https_server/CMakeFiles/__idf_esp_https_server.dir/src/https_server.c.obj
[1038/1044] Building C object esp-idf/usb/CMakeFiles/__idf_usb.dir/usb_host.c.obj
[900/1044] Building C object esp-idf/protocomm/CMakeFiles/__idf_protocomm.dir/proto-c/sec1.pb-c.c.obj
[901/1044] Building C object esp-idf/protocomm/CMakeFiles/__idf_protocomm.dir/proto-c/sec2.pb-c.c.obj
[902/1044] Building C object esp-idf/protocomm/CMakeFiles/__idf_protocomm.dir/src/transports/protocomm_httpd.c.obj
[903/1044] Building CXX object esp-idf/wear_levelling/CMakeFiles/__idf_wear_levelling.dir/Partition.cpp.obj
[904/1044] Building C object esp-idf/esp_driver_gpio/CMakeFiles/__idf_esp_driver_gpio.dir/src/gpio.c.obj
[905/1044] Building CXX object esp-idf/wear_levelling/CMakeFiles/__idf_wear_levelling.dir/crc32.cpp.obj
[906/1044] Building CXX object esp-idf/wear_levelling/CMakeFiles/__idf_wear_levelling.dir/SPI_Flash.cpp.obj
[907/1044] Building C object esp-idf/console/CMakeFiles/__idf_console.dir/argtable3/arg_rex.c.obj
[908/1044] Building C object esp-idf/protocomm/CMakeFiles/__idf_protocomm.dir/src/crypto/srp6a/esp_srp_mpi.c.obj
[909/1044] Building C object esp-idf/protocomm/CMakeFiles/__idf_protocomm.dir/src/security/security2.c.obj
[910/1044] Building C object esp-idf/console/CMakeFiles/__idf_console.dir/argtable3/argtable3.c.obj
[911/1044] Building C object esp-idf/protocomm/CMakeFiles/__idf_protocomm.dir/src/transports/protocomm_console.c.obj
[1039/1044] Building C object esp-idf/usb/CMakeFiles/__idf_usb.dir/hcd_dwc.c.obj
Executing action: elf
Running ninja in directory /home/tikhon/Документы/magnolia/applets/mainline/unlink/build
Executing "ninja elf"...
[1/1044] Generating /home/tikhon/Документы/magnolia/applets/mainline/unlink/build/esp-idf/esp_system/ld/sections.ld.in linker script...
[912/1044] Building CXX object esp-idf/wear_levelling/CMakeFiles/__idf_wear_levelling.dir/WL_Ext_Safe.cpp.obj
[2/1044] Generating /home/tikhon/Документы/magnolia/applets/mainline/unlink/build/esp-idf/esp_system/ld/memory.ld linker script...
[913/1044] Linking C static library esp-idf/esp_driver_gpio/libesp_driver_gpio.a
[914/1044] Building CXX object esp-idf/wear_levelling/CMakeFiles/__idf_wear_levelling.dir/WL_Ext_Perf.cpp.obj
[915/1044] Linking C static library esp-idf/esp_security/libesp_security.a
[916/1044] Building C object esp-idf/app_trace/CMakeFiles/__idf_app_trace.dir/port/port_uart.c.obj
-- Minimal build - OFF
[917/1044] Building C object esp-idf/app_trace/CMakeFiles/__idf_app_trace.dir/app_trace_util.c.obj
[918/1044] Building C object esp-idf/cmock/CMakeFiles/__idf_cmock.dir/CMock/src/cmock.c.obj
[1040/1044] Linking C static library esp-idf/usb/libusb.a
[919/1044] Building C object esp-idf/app_trace/CMakeFiles/__idf_app_trace.dir/host_file_io.c.obj
[920/1044] Building C object esp-idf/protocomm/CMakeFiles/__idf_protocomm.dir/src/crypto/srp6a/esp_srp.c.obj
Applet printf OK -> /home/tikhon/Документы/magnolia/rootfs/bin/printf
Building applet sleep -> gosleep ...
+ idf.py elf
[921/1044] Building C object esp-idf/unity/CMakeFiles/__idf_unity.dir/unity/src/unity.c.obj
[922/1044] Building C object esp-idf/esp_driver_cam/CMakeFiles/__idf_esp_driver_cam.dir/dvp/src/esp_cam_ctlr_dvp_gdma.c.obj
[923/1044] Linking C static library esp-idf/efuse/libefuse.a
[1041/1044] Building C object esp-idf/wifi_provisioning/CMakeFiles/__idf_wifi_provisioning.dir/src/manager.c.obj
[924/1044] Building CXX object esp-idf/wear_levelling/CMakeFiles/__idf_wear_levelling.dir/wear_levelling.cpp.obj
[925/1044] Building C object esp-idf/esp_driver_cam/CMakeFiles/__idf_esp_driver_cam.dir/dvp_share_ctrl.c.obj
-- Building ESP-IDF components for target esp32s3
[926/1044] Linking C static library esp-idf/esp_partition/libesp_partition.a
[3/1044] Building C object esp-idf/esp_http_server/CMakeFiles/__idf_esp_http_server.dir/src/httpd_ws.c.obj
[1042/1044] Linking C static library esp-idf/wifi_provisioning/libwifi_provisioning.a
[927/1044] Building C object esp-idf/app_trace/CMakeFiles/__idf_app_trace.dir/app_trace.c.obj
[928/1044] Building C object esp-idf/esp_driver_cam/CMakeFiles/__idf_esp_driver_cam.dir/esp_cam_ctlr.c.obj
[929/1044] Linking C static library esp-idf/app_update/libapp_update.a
[1043/1044] Linking C static library esp-idf/main/libmain.a
[930/1044] Building C object esp-idf/esp_hid/CMakeFiles/__idf_esp_hid.dir/src/esp_hidd.c.obj
[931/1044] Linking C static library esp-idf/esp_bootloader_format/libesp_bootloader_format.a
[1044/1044] Build ELF: paste.app.elf
[932/1044] Building C object esp-idf/json/CMakeFiles/__idf_json.dir/cJSON/cJSON_Utils.c.obj
[933/1044] Building C object esp-idf/esp_eth/CMakeFiles/__idf_esp_eth.dir/src/esp_eth_netif_glue.c.obj
[4/1044] Building C object esp-idf/esp_http_client/CMakeFiles/__idf_esp_http_client.dir/lib/http_utils.c.obj
[5/1044] Building C object esp-idf/esp_http_client/CMakeFiles/__idf_esp_http_client.dir/lib/http_header.c.obj
[934/1044] Linking C static library esp-idf/esp_app_format/libesp_app_format.a
[935/1044] Building C object esp-idf/esp_hid/CMakeFiles/__idf_esp_hid.dir/src/esp_hid_common.c.obj
[6/1044] Building C object esp-idf/esp_http_server/CMakeFiles/__idf_esp_http_server.dir/src/util/ctrl_sock.c.obj
[936/1044] Building C object esp-idf/esp_lcd/CMakeFiles/__idf_esp_lcd.dir/src/esp_lcd_panel_nt35510.c.obj
[7/1044] Building C object esp-idf/esp_http_server/CMakeFiles/__idf_esp_http_server.dir/src/httpd_uri.c.obj
[937/1044] Building C object esp-idf/esp_lcd/CMakeFiles/__idf_esp_lcd.dir/src/esp_lcd_common.c.obj
[8/1044] Building C object esp-idf/esp_adc/CMakeFiles/__idf_esp_adc.dir/adc_common.c.obj
[938/1044] Building C object esp-idf/esp_lcd/CMakeFiles/__idf_esp_lcd.dir/src/esp_lcd_panel_io.c.obj
[939/1044] Linking C static library esp-idf/xtensa/libxtensa.a
[9/1044] Building C object esp-idf/esp_adc/CMakeFiles/__idf_esp_adc.dir/adc_cali.c.obj
[940/1044] Building C object esp-idf/esp_lcd/CMakeFiles/__idf_esp_lcd.dir/src/esp_lcd_panel_st7789.c.obj
[10/1044] Building C object esp-idf/esp_http_client/CMakeFiles/__idf_esp_http_client.dir/lib/http_auth.c.obj
[11/1044] Building C object esp-idf/esp_adc/CMakeFiles/__idf_esp_adc.dir/adc_cali_curve_fitting.c.obj
[941/1044] Linking C static library esp-idf/console/libconsole.a
Applet paste OK -> /home/tikhon/Документы/magnolia/rootfs/bin/paste
Building applet true -> gotrue ...
+ idf.py elf
[942/1044] Building C object esp-idf/esp_driver_touch_sens/CMakeFiles/__idf_esp_driver_touch_sens.dir/common/touch_sens_common.c.obj
[943/1044] Linking C static library esp-idf/unity/libunity.a
[12/1044] Building C object esp-idf/tcp_transport/CMakeFiles/__idf_tcp_transport.dir/transport_socks_proxy.c.obj
[13/1044] Building C object esp-idf/tcp_transport/CMakeFiles/__idf_tcp_transport.dir/transport.c.obj
-- Components: app_trace app_update bootloader bootloader_support bt cmock console cxx driver efuse esp-tls esp_adc esp_app_format esp_bootloader_format esp_coex esp_common esp_driver_ana_cmpr esp_driver_bitscrambler esp_driver_cam esp_driver_dac esp_driver_gpio esp_driver_gptimer esp_driver_i2c esp_driver_i2s esp_driver_i3c esp_driver_isp esp_driver_jpeg esp_driver_ledc esp_driver_mcpwm esp_driver_parlio esp_driver_pcnt esp_driver_ppa esp_driver_rmt esp_driver_sd_intf esp_driver_sdio esp_driver_sdm esp_driver_sdmmc esp_driver_sdspi esp_driver_spi esp_driver_touch_sens esp_driver_tsens esp_driver_twai esp_driver_uart esp_driver_usb_serial_jtag esp_eth esp_event esp_gdbstub esp_hid esp_http_client esp_http_server esp_https_ota esp_https_server esp_hw_support esp_lcd esp_local_ctrl esp_mm esp_netif esp_netif_stack esp_partition esp_phy esp_pm esp_psram esp_ringbuf esp_rom esp_security esp_system esp_timer esp_vfs_console esp_wifi espcoredump espressif__cmake_utilities espressif__elf_loader esptool_py fatfs freertos hal heap http_parser idf_test ieee802154 json log lwip main mbedtls mqtt newlib nvs_flash nvs_sec_provider openthread partition_table perfmon protobuf-c protocomm pthread rt sdmmc soc spi_flash spiffs tcp_transport touch_element ulp unity usb vfs wear_levelling wifi_provisioning wpa_supplicant xtensa
[14/1044] Building C object esp-idf/esp_adc/CMakeFiles/__idf_esp_adc.dir/esp32s3/curve_fitting_coefficients.c.obj
-- Component paths: /home/tikhon/Документы/magnolia/esp-idf/components/app_trace /home/tikhon/Документы/magnolia/esp-idf/components/app_update /home/tikhon/Документы/magnolia/esp-idf/components/bootloader /home/tikhon/Документы/magnolia/esp-idf/components/bootloader_support /home/tikhon/Документы/magnolia/esp-idf/components/bt /home/tikhon/Документы/magnolia/esp-idf/components/cmock /home/tikhon/Документы/magnolia/esp-idf/components/console /home/tikhon/Документы/magnolia/esp-idf/components/cxx /home/tikhon/Документы/magnolia/esp-idf/components/driver /home/tikhon/Документы/magnolia/esp-idf/components/efuse /home/tikhon/Документы/magnolia/esp-idf/components/esp-tls /home/tikhon/Документы/magnolia/esp-idf/components/esp_adc /home/tikhon/Документы/magnolia/esp-idf/components/esp_app_format /home/tikhon/Документы/magnolia/esp-idf/components/esp_bootloader_format /home/tikhon/Документы/magnolia/esp-idf/components/esp_coex /home/tikhon/Документы/magnolia/esp-idf/components/esp_common /home/tikhon/Документы/magnolia/esp-idf/components/esp_driver_ana_cmpr /home/tikhon/Документы/magnolia/esp-idf/components/esp_driver_bitscrambler /home/tikhon/Документы/magnolia/esp-idf/components/esp_driver_cam /home/tikhon/Документы/magnolia/esp-idf/components/esp_driver_dac /home/tikhon/Документы/magnolia/esp-idf/components/esp_driver_gpio /home/tikhon/Документы/magnolia/esp-idf/components/esp_driver_gptimer /home/tikhon/Документы/magnolia/esp-idf/components/esp_driver_i2c /home/tikhon/Документы/magnolia/esp-idf/components/esp_driver_i2s /home/tikhon/Документы/magnolia/esp-idf/components/esp_driver_i3c /home/tikhon/Документы/magnolia/esp-idf/components/esp_driver_isp /home/tikhon/Документы/magnolia/esp-idf/components/esp_driver_jpeg /home/tikhon/Документы/magnolia/esp-idf/components/esp_driver_ledc /home/tikhon/Документы/magnolia/esp-idf/components/esp_driver_mcpwm /home/tikhon/Документы/magnolia/esp-idf/components/esp_driver_parlio /home/tikhon/Документы/magnolia/esp-idf/components/esp_driver_pcnt /home/tikhon/Документы/magnolia/esp-idf/components/esp_driver_ppa /home/tikhon/Документы/magnolia/esp-idf/components/esp_driver_rmt /home/tikhon/Документы/magnolia/esp-idf/components/esp_driver_sd_intf /home/tikhon/Документы/magnolia/esp-idf/components/esp_driver_sdio /home/tikhon/Документы/magnolia/esp-idf/components/esp_driver_sdm /home/tikhon/Документы/magnolia/esp-idf/components/esp_driver_sdmmc /home/tikhon/Документы/magnolia/esp-idf/components/esp_driver_sdspi /home/tikhon/Документы/magnolia/esp-idf/components/esp_driver_spi /home/tikhon/Документы/magnolia/esp-idf/components/esp_driver_touch_sens /home/tikhon/Документы/magnolia/esp-idf/components/esp_driver_tsens /home/tikhon/Документы/magnolia/esp-idf/components/esp_driver_twai /home/tikhon/Документы/magnolia/esp-idf/components/esp_driver_uart /home/tikhon/Документы/magnolia/esp-idf/components/esp_driver_usb_serial_jtag /home/tikhon/Документы/magnolia/esp-idf/components/esp_eth /home/tikhon/Документы/magnolia/esp-idf/components/esp_event /home/tikhon/Документы/magnolia/esp-idf/components/esp_gdbstub /home/tikhon/Документы/magnolia/esp-idf/components/esp_hid /home/tikhon/Документы/magnolia/esp-idf/components/esp_http_client /home/tikhon/Документы/magnolia/esp-idf/components/esp_http_server /home/tikhon/Документы/magnolia/esp-idf/components/esp_https_ota /home/tikhon/Документы/magnolia/esp-idf/components/esp_https_server /home/tikhon/Документы/magnolia/esp-idf/components/esp_hw_support /home/tikhon/Документы/magnolia/esp-idf/components/esp_lcd /home/tikhon/Документы/magnolia/esp-idf/components/esp_local_ctrl /home/tikhon/Документы/magnolia/esp-idf/components/esp_mm /home/tikhon/Документы/magnolia/esp-idf/components/esp_netif /home/tikhon/Документы/magnolia/esp-idf/components/esp_netif_stack /home/tikhon/Документы/magnolia/esp-idf/components/esp_partition /home/tikhon/Документы/magnolia/esp-idf/components/esp_phy /home/tikhon/Документы/magnolia/esp-idf/components/esp_pm /home/tikhon/Документы/magnolia/esp-idf/components/esp_psram /home/tikhon/Документы/magnolia/esp-idf/components/esp_ringbuf /home/tikhon/Документы/magnolia/esp-idf/components/esp_rom /home/tikhon/Документы/magnolia/esp-idf/components/esp_security /home/tikhon/Документы/magnolia/esp-idf/components/esp_system /home/tikhon/Документы/magnolia/esp-idf/components/esp_timer /home/tikhon/Документы/magnolia/esp-idf/components/esp_vfs_console /home/tikhon/Документы/magnolia/esp-idf/components/esp_wifi /home/tikhon/Документы/magnolia/esp-idf/components/espcoredump /home/tikhon/Документы/magnolia/applets/go/goargs/managed_components/espressif__cmake_utilities /home/tikhon/Документы/magnolia/applets/go/goargs/managed_components/espressif__elf_loader /home/tikhon/Документы/magnolia/esp-idf/components/esptool_py /home/tikhon/Документы/magnolia/esp-idf/components/fatfs /home/tikhon/Документы/magnolia/esp-idf/components/freertos /home/tikhon/Документы/magnolia/esp-idf/components/hal /home/tikhon/Документы/magnolia/esp-idf/components/heap /home/tikhon/Документы/magnolia/esp-idf/components/http_parser /home/tikhon/Документы/magnolia/esp-idf/components/idf_test /home/tikhon/Документы/magnolia/esp-idf/components/ieee802154 /home/tikhon/Документы/magnolia/esp-idf/components/json /home/tikhon/Документы/magnolia/esp-idf/components/log /home/tikhon/Документы/magnolia/esp-idf/components/lwip /home/tikhon/Документы/magnolia/applets/go/goargs/main /home/tikhon/Документы/magnolia/esp-idf/components/mbedtls /home/tikhon/Документы/magnolia/esp-idf/components/mqtt /home/tikhon/Документы/magnolia/esp-idf/components/newlib /home/tikhon/Документы/magnolia/esp-idf/components/nvs_flash /home/tikhon/Документы/magnolia/esp-idf/components/nvs_sec_provider /home/tikhon/Документы/magnolia/esp-idf/components/openthread /home/tikhon/Документы/magnolia/esp-idf/components/partition_table /home/tikhon/Документы/magnolia/esp-idf/components/perfmon /home/tikhon/Документы/magnolia/esp-idf/components/protobuf-c /home/tikhon/Документы/magnolia/esp-idf/components/protocomm /home/tikhon/Документы/magnolia/esp-idf/components/pthread /home/tikhon/Документы/magnolia/esp-idf/components/rt /home/tikhon/Документы/magnolia/esp-idf/components/sdmmc /home/tikhon/Документы/magnolia/esp-idf/components/soc /home/tikhon/Документы/magnolia/esp-idf/components/spi_flash /home/tikhon/Документы/magnolia/esp-idf/components/spiffs /home/tikhon/Документы/magnolia/esp-idf/components/tcp_transport /home/tikhon/Документы/magnolia/esp-idf/components/touch_element /home/tikhon/Документы/magnolia/esp-idf/components/ulp /home/tikhon/Документы/magnolia/esp-idf/components/unity /home/tikhon/Документы/magnolia/esp-idf/components/usb /home/tikhon/Документы/magnolia/esp-idf/components/vfs /home/tikhon/Документы/magnolia/esp-idf/components/wear_levelling /home/tikhon/Документы/magnolia/esp-idf/components/wifi_provisioning /home/tikhon/Документы/magnolia/esp-idf/components/wpa_supplicant /home/tikhon/Документы/magnolia/esp-idf/components/xtensa
[15/1044] Building C object esp-idf/esp_adc/CMakeFiles/__idf_esp_adc.dir/adc_oneshot.c.obj
[944/1044] Building CXX object esp-idf/wear_levelling/CMakeFiles/__idf_wear_levelling.dir/WL_Flash.cpp.obj
[945/1044] Building C object esp-idf/esp_lcd/CMakeFiles/__idf_esp_lcd.dir/src/esp_lcd_panel_ops.c.obj
-- Configuring done (16.1s)
[946/1044] Building C object esp-idf/json/CMakeFiles/__idf_json.dir/cJSON/cJSON.c.obj
[16/1044] Building C object esp-idf/esp_http_server/CMakeFiles/__idf_esp_http_server.dir/src/httpd_txrx.c.obj
[17/1044] Building C object esp-idf/esp_http_server/CMakeFiles/__idf_esp_http_server.dir/src/httpd_sess.c.obj
[947/1044] Linking C static library esp-idf/esp_https_server/libesp_https_server.a
[18/1044] Building C object esp-idf/tcp_transport/CMakeFiles/__idf_tcp_transport.dir/transport_internal.c.obj
[948/1044] Building C object esp-idf/protobuf-c/CMakeFiles/__idf_protobuf-c.dir/protobuf-c/protobuf-c/protobuf-c.c.obj
[19/1044] Building C object esp-idf/esp_http_server/CMakeFiles/__idf_esp_http_server.dir/src/httpd_main.c.obj
[949/1044] Building C object esp-idf/esp_lcd/CMakeFiles/__idf_esp_lcd.dir/src/esp_lcd_panel_ssd1306.c.obj
[950/1044] Building C object esp-idf/espcoredump/CMakeFiles/__idf_espcoredump.dir/src/core_dump_init.c.obj
[951/1044] Building C object esp-idf/esp_lcd/CMakeFiles/__idf_esp_lcd.dir/i2c/esp_lcd_panel_io_i2c_v1.c.obj
[20/1044] Building C object esp-idf/esp-tls/CMakeFiles/__idf_esp-tls.dir/esp_tls_platform_port.c.obj
[952/1044] Building C object esp-idf/espcoredump/CMakeFiles/__idf_espcoredump.dir/src/core_dump_common.c.obj
[953/1044] Linking C static library esp-idf/protobuf-c/libprotobuf-c.a
[954/1044] Building C object esp-idf/esp_hid/CMakeFiles/__idf_esp_hid.dir/src/esp_hidh.c.obj
[955/1044] Building C object esp-idf/esp_driver_cam/CMakeFiles/__idf_esp_driver_cam.dir/dvp/src/esp_cam_ctlr_dvp_cam.c.obj
[956/1044] Building C object esp-idf/espcoredump/CMakeFiles/__idf_espcoredump.dir/src/core_dump_elf.c.obj
Executing action: elf
Running ninja in directory /home/tikhon/Документы/magnolia/applets/go/goxxd/build
Executing "ninja elf"...
[0/2] Re-checking globbed directories...
[1/2] Re-running CMake...
[957/1044] Building C object esp-idf/espcoredump/CMakeFiles/__idf_espcoredump.dir/src/core_dump_flash.c.obj
[958/1044] Building C object esp-idf/espcoredump/CMakeFiles/__idf_espcoredump.dir/src/core_dump_uart.c.obj
[959/1044] Building C object esp-idf/espcoredump/CMakeFiles/__idf_espcoredump.dir/src/core_dump_sha.c.obj
[21/1044] Building C object esp-idf/esp_https_ota/CMakeFiles/__idf_esp_https_ota.dir/src/esp_https_ota.c.obj
[960/1044] Linking C static library esp-idf/protocomm/libprotocomm.a
[961/1044] Linking C static library esp-idf/wear_levelling/libwear_levelling.a
[22/1044] Building C object esp-idf/esp-tls/CMakeFiles/__idf_esp-tls.dir/esp-tls-crypto/esp_tls_crypto.c.obj
[962/1044] Building C object esp-idf/espcoredump/CMakeFiles/__idf_espcoredump.dir/src/port/xtensa/core_dump_port.c.obj
[963/1044] Building C object esp-idf/esp_lcd/CMakeFiles/__idf_esp_lcd.dir/i2c/esp_lcd_panel_io_i2c_v2.c.obj
[964/1044] Building C object esp-idf/esp_eth/CMakeFiles/__idf_esp_eth.dir/src/phy/esp_eth_phy_802_3.c.obj
[23/1044] Building C object esp-idf/esp_adc/CMakeFiles/__idf_esp_adc.dir/gdma/adc_dma.c.obj
[24/1044] Building C object esp-idf/esp_adc/CMakeFiles/__idf_esp_adc.dir/adc_continuous.c.obj
[25/1044] Building C object esp-idf/esp_http_server/CMakeFiles/__idf_esp_http_server.dir/src/httpd_parse.c.obj
[965/1044] Building C object esp-idf/esp_eth/CMakeFiles/__idf_esp_eth.dir/src/esp_eth.c.obj
[26/1044] Linking C static library esp-idf/esp_https_ota/libesp_https_ota.a
-- Generating done (1.8s)
[966/1044] Building C object esp-idf/esp_driver_touch_sens/CMakeFiles/__idf_esp_driver_touch_sens.dir/hw_ver2/touch_version_specific.c.obj
[967/1044] Building C object esp-idf/esp_local_ctrl/CMakeFiles/__idf_esp_local_ctrl.dir/proto-c/esp_local_ctrl.pb-c.c.obj
[27/1044] Building C object esp-idf/tcp_transport/CMakeFiles/__idf_tcp_transport.dir/transport_ssl.c.obj
[968/1044] Building C object esp-idf/esp_local_ctrl/CMakeFiles/__idf_esp_local_ctrl.dir/src/esp_local_ctrl_transport_httpd.c.obj
[969/1044] Building C object esp-idf/fatfs/CMakeFiles/__idf_fatfs.dir/port/freertos/ffsystem.c.obj
[970/1044] Building C object esp-idf/fatfs/CMakeFiles/__idf_fatfs.dir/diskio/diskio.c.obj
[971/1044] Linking C static library esp-idf/json/libjson.a
[28/1044] Linking C static library esp-idf/esp_http_server/libesp_http_server.a
[972/1044] Building C object esp-idf/fatfs/CMakeFiles/__idf_fatfs.dir/diskio/diskio_rawflash.c.obj
[29/1044] Building C object esp-idf/esp_adc/CMakeFiles/__idf_esp_adc.dir/adc_monitor.c.obj
-- Build files have been written to: /home/tikhon/Документы/magnolia/applets/mainline/xxd/build
[973/1044] Building C object esp-idf/esp_lcd/CMakeFiles/__idf_esp_lcd.dir/spi/esp_lcd_panel_io_spi.c.obj
[30/1044] Building C object esp-idf/esp-tls/CMakeFiles/__idf_esp-tls.dir/esp_tls_error_capture.c.obj
[31/1044] Building C object esp-idf/tcp_transport/CMakeFiles/__idf_tcp_transport.dir/transport_ws.c.obj
[974/1044] Building C object esp-idf/perfmon/CMakeFiles/__idf_perfmon.dir/xtensa_perfmon_access.c.obj
[32/1044] Building C object esp-idf/esp_adc/CMakeFiles/__idf_esp_adc.dir/adc_filter.c.obj
[975/1044] Building C object esp-idf/fatfs/CMakeFiles/__idf_fatfs.dir/diskio/diskio_wl.c.obj
[976/1044] Building C object esp-idf/fatfs/CMakeFiles/__idf_fatfs.dir/diskio/diskio_sdmmc.c.obj
[977/1044] Building C object esp-idf/esp_local_ctrl/CMakeFiles/__idf_esp_local_ctrl.dir/src/esp_local_ctrl_handler.c.obj
[978/1044] Building C object esp-idf/fatfs/CMakeFiles/__idf_fatfs.dir/src/ffunicode.c.obj
[979/1044] Building C object esp-idf/esp_local_ctrl/CMakeFiles/__idf_esp_local_ctrl.dir/src/esp_local_ctrl.c.obj
[980/1044] Building C object esp-idf/mqtt/CMakeFiles/__idf_mqtt.dir/esp-mqtt/lib/platform_esp32_idf.c.obj
[981/1044] Building C object esp-idf/perfmon/CMakeFiles/__idf_perfmon.dir/xtensa_perfmon_masks.c.obj
NOTICE: Processing 3 dependencies:
NOTICE: [1/3] espressif/cmake_utilities (0.5.3)
NOTICE: [2/3] espressif/elf_loader (1.1.1)
NOTICE: [3/3] idf (6.0.0)
[33/1044] Building C object esp-idf/esp-tls/CMakeFiles/__idf_esp-tls.dir/esp_tls_mbedtls.c.obj
[982/1044] Building C object esp-idf/perfmon/CMakeFiles/__idf_perfmon.dir/xtensa_perfmon_apis.c.obj
[34/1044] Building C object esp-idf/driver/CMakeFiles/__idf_driver.dir/touch_sensor/touch_sensor_common.c.obj
-- Components: app_trace app_update bootloader bootloader_support bt cmock console cxx driver efuse esp-tls esp_adc esp_app_format esp_bootloader_format esp_coex esp_common esp_driver_ana_cmpr esp_driver_bitscrambler esp_driver_cam esp_driver_dac esp_driver_gpio esp_driver_gptimer esp_driver_i2c esp_driver_i2s esp_driver_i3c esp_driver_isp esp_driver_jpeg esp_driver_ledc esp_driver_mcpwm esp_driver_parlio esp_driver_pcnt esp_driver_ppa esp_driver_rmt esp_driver_sd_intf esp_driver_sdio esp_driver_sdm esp_driver_sdmmc esp_driver_sdspi esp_driver_spi esp_driver_touch_sens esp_driver_tsens esp_driver_twai esp_driver_uart esp_driver_usb_serial_jtag esp_eth esp_event esp_gdbstub esp_hid esp_http_client esp_http_server esp_https_ota esp_https_server esp_hw_support esp_lcd esp_local_ctrl esp_mm esp_netif esp_netif_stack esp_partition esp_phy esp_pm esp_psram esp_ringbuf esp_rom esp_security esp_system esp_timer esp_vfs_console esp_wifi espcoredump espressif__cmake_utilities espressif__elf_loader esptool_py fatfs freertos hal heap http_parser idf_test ieee802154 json log lwip main mbedtls mqtt newlib nvs_flash nvs_sec_provider openthread partition_table perfmon protobuf-c protocomm pthread rt sdmmc soc spi_flash spiffs tcp_transport touch_element ulp unity usb vfs wear_levelling wifi_provisioning wpa_supplicant xtensa
-- Component paths: /home/tikhon/Документы/magnolia/esp-idf/components/app_trace /home/tikhon/Документы/magnolia/esp-idf/components/app_update /home/tikhon/Документы/magnolia/esp-idf/components/bootloader /home/tikhon/Документы/magnolia/esp-idf/components/bootloader_support /home/tikhon/Документы/magnolia/esp-idf/components/bt /home/tikhon/Документы/magnolia/esp-idf/components/cmock /home/tikhon/Документы/magnolia/esp-idf/components/console /home/tikhon/Документы/magnolia/esp-idf/components/cxx /home/tikhon/Документы/magnolia/esp-idf/components/driver /home/tikhon/Документы/magnolia/esp-idf/components/efuse /home/tikhon/Документы/magnolia/esp-idf/components/esp-tls /home/tikhon/Документы/magnolia/esp-idf/components/esp_adc /home/tikhon/Документы/magnolia/esp-idf/components/esp_app_format /home/tikhon/Документы/magnolia/esp-idf/components/esp_bootloader_format /home/tikhon/Документы/magnolia/esp-idf/components/esp_coex /home/tikhon/Документы/magnolia/esp-idf/components/esp_common /home/tikhon/Документы/magnolia/esp-idf/components/esp_driver_ana_cmpr /home/tikhon/Документы/magnolia/esp-idf/components/esp_driver_bitscrambler /home/tikhon/Документы/magnolia/esp-idf/components/esp_driver_cam /home/tikhon/Документы/magnolia/esp-idf/components/esp_driver_dac /home/tikhon/Документы/magnolia/esp-idf/components/esp_driver_gpio /home/tikhon/Документы/magnolia/esp-idf/components/esp_driver_gptimer /home/tikhon/Документы/magnolia/esp-idf/components/esp_driver_i2c /home/tikhon/Документы/magnolia/esp-idf/components/esp_driver_i2s /home/tikhon/Документы/magnolia/esp-idf/components/esp_driver_i3c /home/tikhon/Документы/magnolia/esp-idf/components/esp_driver_isp /home/tikhon/Документы/magnolia/esp-idf/components/esp_driver_jpeg /home/tikhon/Документы/magnolia/esp-idf/components/esp_driver_ledc /home/tikhon/Документы/magnolia/esp-idf/components/esp_driver_mcpwm /home/tikhon/Документы/magnolia/esp-idf/components/esp_driver_parlio /home/tikhon/Документы/magnolia/esp-idf/components/esp_driver_pcnt /home/tikhon/Документы/magnolia/esp-idf/components/esp_driver_ppa /home/tikhon/Документы/magnolia/esp-idf/components/esp_driver_rmt /home/tikhon/Документы/magnolia/esp-idf/components/esp_driver_sd_intf /home/tikhon/Документы/magnolia/esp-idf/components/esp_driver_sdio /home/tikhon/Документы/magnolia/esp-idf/components/esp_driver_sdm /home/tikhon/Документы/magnolia/esp-idf/components/esp_driver_sdmmc /home/tikhon/Документы/magnolia/esp-idf/components/esp_driver_sdspi /home/tikhon/Документы/magnolia/esp-idf/components/esp_driver_spi /home/tikhon/Документы/magnolia/esp-idf/components/esp_driver_touch_sens /home/tikhon/Документы/magnolia/esp-idf/components/esp_driver_tsens /home/tikhon/Документы/magnolia/esp-idf/components/esp_driver_twai /home/tikhon/Документы/magnolia/esp-idf/components/esp_driver_uart /home/tikhon/Документы/magnolia/esp-idf/components/esp_driver_usb_serial_jtag /home/tikhon/Документы/magnolia/esp-idf/components/esp_eth /home/tikhon/Документы/magnolia/esp-idf/components/esp_event /home/tikhon/Документы/magnolia/esp-idf/components/esp_gdbstub /home/tikhon/Документы/magnolia/esp-idf/components/esp_hid /home/tikhon/Документы/magnolia/esp-idf/components/esp_http_client /home/tikhon/Документы/magnolia/esp-idf/components/esp_http_server /home/tikhon/Документы/magnolia/esp-idf/components/esp_https_ota /home/tikhon/Документы/magnolia/esp-idf/components/esp_https_server /home/tikhon/Документы/magnolia/esp-idf/components/esp_hw_support /home/tikhon/Документы/magnolia/esp-idf/components/esp_lcd /home/tikhon/Документы/magnolia/esp-idf/components/esp_local_ctrl /home/tikhon/Документы/magnolia/esp-idf/components/esp_mm /home/tikhon/Документы/magnolia/esp-idf/components/esp_netif /home/tikhon/Документы/magnolia/esp-idf/components/esp_netif_stack /home/tikhon/Документы/magnolia/esp-idf/components/esp_partition /home/tikhon/Документы/magnolia/esp-idf/components/esp_phy /home/tikhon/Документы/magnolia/esp-idf/components/esp_pm /home/tikhon/Документы/magnolia/esp-idf/components/esp_psram /home/tikhon/Документы/magnolia/esp-idf/components/esp_ringbuf /home/tikhon/Документы/magnolia/esp-idf/components/esp_rom /home/tikhon/Документы/magnolia/esp-idf/components/esp_security /home/tikhon/Документы/magnolia/esp-idf/components/esp_system /home/tikhon/Документы/magnolia/esp-idf/components/esp_timer /home/tikhon/Документы/magnolia/esp-idf/components/esp_vfs_console /home/tikhon/Документы/magnolia/esp-idf/components/esp_wifi /home/tikhon/Документы/magnolia/esp-idf/components/espcoredump /home/tikhon/Документы/magnolia/applets/go/false/managed_components/espressif__cmake_utilities /home/tikhon/Документы/magnolia/applets/go/false/managed_components/espressif__elf_loader /home/tikhon/Документы/magnolia/esp-idf/components/esptool_py /home/tikhon/Документы/magnolia/esp-idf/components/fatfs /home/tikhon/Документы/magnolia/esp-idf/components/freertos /home/tikhon/Документы/magnolia/esp-idf/components/hal /home/tikhon/Документы/magnolia/esp-idf/components/heap /home/tikhon/Документы/magnolia/esp-idf/components/http_parser /home/tikhon/Документы/magnolia/esp-idf/components/idf_test /home/tikhon/Документы/magnolia/esp-idf/components/ieee802154 /home/tikhon/Документы/magnolia/esp-idf/components/json /home/tikhon/Документы/magnolia/esp-idf/components/log /home/tikhon/Документы/magnolia/esp-idf/components/lwip /home/tikhon/Документы/magnolia/applets/go/false/main /home/tikhon/Документы/magnolia/esp-idf/components/mbedtls /home/tikhon/Документы/magnolia/esp-idf/components/mqtt /home/tikhon/Документы/magnolia/esp-idf/components/newlib /home/tikhon/Документы/magnolia/esp-idf/components/nvs_flash /home/tikhon/Документы/magnolia/esp-idf/components/nvs_sec_provider /home/tikhon/Документы/magnolia/esp-idf/components/openthread /home/tikhon/Документы/magnolia/esp-idf/components/partition_table /home/tikhon/Документы/magnolia/esp-idf/components/perfmon /home/tikhon/Документы/magnolia/esp-idf/components/protobuf-c /home/tikhon/Документы/magnolia/esp-idf/components/protocomm /home/tikhon/Документы/magnolia/esp-idf/components/pthread /home/tikhon/Документы/magnolia/esp-idf/components/rt /home/tikhon/Документы/magnolia/esp-idf/components/sdmmc /home/tikhon/Документы/magnolia/esp-idf/components/soc /home/tikhon/Документы/magnolia/esp-idf/components/spi_flash /home/tikhon/Документы/magnolia/esp-idf/components/spiffs /home/tikhon/Документы/magnolia/esp-idf/components/tcp_transport /home/tikhon/Документы/magnolia/esp-idf/components/touch_element /home/tikhon/Документы/magnolia/esp-idf/components/ulp /home/tikhon/Документы/magnolia/esp-idf/components/unity /home/tikhon/Документы/magnolia/esp-idf/components/usb /home/tikhon/Документы/magnolia/esp-idf/components/vfs /home/tikhon/Документы/magnolia/esp-idf/components/wear_levelling /home/tikhon/Документы/magnolia/esp-idf/components/wifi_provisioning /home/tikhon/Документы/magnolia/esp-idf/components/wpa_supplicant /home/tikhon/Документы/magnolia/esp-idf/components/xtensa
[983/1044] Building C object esp-idf/esp_lcd/CMakeFiles/__idf_esp_lcd.dir/i80/esp_lcd_panel_io_i80.c.obj
-- Configuring done (17.7s)
[984/1044] Building C object esp-idf/nvs_sec_provider/CMakeFiles/__idf_nvs_sec_provider.dir/nvs_sec_provider.c.obj
[35/1044] Building C object esp-idf/esp_driver_tsens/CMakeFiles/__idf_esp_driver_tsens.dir/src/temperature_sensor.c.obj
[36/1044] Building C object esp-idf/esp_driver_i2c/CMakeFiles/__idf_esp_driver_i2c.dir/i2c_common.c.obj
[37/1044] Building C object esp-idf/esp_driver_twai/CMakeFiles/__idf_esp_driver_twai.dir/esp_twai.c.obj
[985/1044] Building C object esp-idf/mqtt/CMakeFiles/__idf_mqtt.dir/esp-mqtt/lib/mqtt_msg.c.obj
[38/1044] Building C object esp-idf/esp-tls/CMakeFiles/__idf_esp-tls.dir/esp_tls.c.obj
[986/1044] Building C object esp-idf/spiffs/CMakeFiles/__idf_spiffs.dir/spiffs/src/spiffs_cache.c.obj
[987/1044] Building C object esp-idf/fatfs/CMakeFiles/__idf_fatfs.dir/vfs/vfs_fat.c.obj
[988/1044] Building C object esp-idf/rt/CMakeFiles/__idf_rt.dir/FreeRTOS_POSIX_utils.c.obj
[39/1044] Building C object esp-idf/esp_http_client/CMakeFiles/__idf_esp_http_client.dir/esp_http_client.c.obj
NOTICE: Processing 3 dependencies:
NOTICE: [1/3] espressif/cmake_utilities (0.5.3)
[989/1044] Building C object esp-idf/mqtt/CMakeFiles/__idf_mqtt.dir/esp-mqtt/lib/mqtt_outbox.c.obj
[990/1044] Building C object esp-idf/fatfs/CMakeFiles/__idf_fatfs.dir/vfs/vfs_fat_spiflash.c.obj
NOTICE: [2/3] espressif/elf_loader (1.1.1)
[991/1044] Building C object esp-idf/rt/CMakeFiles/__idf_rt.dir/FreeRTOS_POSIX_mqueue.c.obj
NOTICE: [3/3] idf (6.0.0)
[992/1044] Building C object esp-idf/spiffs/CMakeFiles/__idf_spiffs.dir/spiffs_api.c.obj
[40/1044] Linking C static library esp-idf/esp_http_client/libesp_http_client.a
[41/1044] Building C object esp-idf/esp_driver_rmt/CMakeFiles/__idf_esp_driver_rmt.dir/src/rmt_encoder.c.obj
[993/1044] Building C object esp-idf/spiffs/CMakeFiles/__idf_spiffs.dir/spiffs/src/spiffs_gc.c.obj
[42/1044] Building C object esp-idf/esp_driver_rmt/CMakeFiles/__idf_esp_driver_rmt.dir/src/rmt_common.c.obj
[43/1044] Linking C static library esp-idf/tcp_transport/libtcp_transport.a
-- Compiler supported targets: xtensa-esp-elf
[994/1044] Building C object esp-idf/fatfs/CMakeFiles/__idf_fatfs.dir/vfs/vfs_fat_sdmmc.c.obj
[44/1044] Building C object esp-idf/esp_driver_sdm/CMakeFiles/__idf_esp_driver_sdm.dir/src/sdm.c.obj
[45/1044] Building C object esp-idf/esp_driver_i2c/CMakeFiles/__idf_esp_driver_i2c.dir/i2c_slave.c.obj
[46/1044] Building C object esp-idf/esp_driver_sdspi/CMakeFiles/__idf_esp_driver_sdspi.dir/src/sdspi_crc.c.obj
[47/1044] Building C object esp-idf/esp_driver_rmt/CMakeFiles/__idf_esp_driver_rmt.dir/src/rmt_encoder_copy.c.obj
[48/1044] Linking C static library esp-idf/esp_adc/libesp_adc.a
[49/1044] Building C object esp-idf/esp_driver_rmt/CMakeFiles/__idf_esp_driver_rmt.dir/src/rmt_encoder_bytes.c.obj
-- ESP-TEE is currently supported only on the esp32c6;esp32h2;esp32c5 SoCs
[995/1044] Building C object esp-idf/usb/CMakeFiles/__idf_usb.dir/usb_private.c.obj
[50/1044] Linking C static library esp-idf/esp-tls/libesp-tls.a
[51/1044] Building C object esp-idf/driver/CMakeFiles/__idf_driver.dir/twai/twai.c.obj
[996/1044] Building C object esp-idf/spiffs/CMakeFiles/__idf_spiffs.dir/spiffs/src/spiffs_check.c.obj
[997/1044] Building C object esp-idf/usb/CMakeFiles/__idf_usb.dir/hub.c.obj
Executing action: elf
Running ninja in directory /home/tikhon/Документы/magnolia/applets/mainline/wc/build
Executing "ninja elf"...
[1/1044] Generating /home/tikhon/Документы/magnolia/applets/mainline/wc/build/esp-idf/esp_system/ld/sections.ld.in linker script...
[52/1044] Building C object esp-idf/esp_driver_sdmmc/CMakeFiles/__idf_esp_driver_sdmmc.dir/legacy/src/sdmmc_transaction.c.obj
[53/1044] Building C object esp-idf/esp_driver_twai/CMakeFiles/__idf_esp_driver_twai.dir/esp_twai_onchip.c.obj
[2/1044] Generating /home/tikhon/Документы/magnolia/applets/mainline/wc/build/esp-idf/esp_system/ld/memory.ld linker script...
[54/1044] Building C object esp-idf/esp_driver_sdspi/CMakeFiles/__idf_esp_driver_sdspi.dir/src/sdspi_transaction.c.obj
[55/1044] Building C object esp-idf/esp_driver_rmt/CMakeFiles/__idf_esp_driver_rmt.dir/src/rmt_encoder_simple.c.obj
[1/4] Building C object esp-idf/esp_app_format/CMakeFiles/__idf_esp_app_format.dir/esp_app_desc.c.obj
[56/1044] Building C object esp-idf/esp_driver_sdmmc/CMakeFiles/__idf_esp_driver_sdmmc.dir/legacy/src/sdmmc_host.c.obj
[2/4] Linking C static library esp-idf/esp_app_format/libesp_app_format.a
[998/1044] Building C object esp-idf/spiffs/CMakeFiles/__idf_spiffs.dir/spiffs/src/spiffs_hydrogen.c.obj
[999/1044] Building C object esp-idf/touch_element/CMakeFiles/__idf_touch_element.dir/touch_slider.c.obj
[3/4] Build ELF: xxd.app.elf
[1000/1044] Building C object esp-idf/touch_element/CMakeFiles/__idf_touch_element.dir/touch_matrix.c.obj
[1001/1044] Building C object esp-idf/wifi_provisioning/CMakeFiles/__idf_wifi_provisioning.dir/src/wifi_ctrl.c.obj
[1002/1044] Building C object esp-idf/usb/CMakeFiles/__idf_usb.dir/usb_helpers.c.obj
[1003/1044] Building C object esp-idf/touch_element/CMakeFiles/__idf_touch_element.dir/touch_button.c.obj
[57/1044] Building C object esp-idf/esp_driver_sd_intf/CMakeFiles/__idf_esp_driver_sd_intf.dir/sd_host.c.obj
[58/1044] Building C object esp-idf/esp_driver_sdmmc/CMakeFiles/__idf_esp_driver_sdmmc.dir/src/sd_trans_sdmmc.c.obj
[59/1044] Building C object esp-idf/driver/CMakeFiles/__idf_driver.dir/i2c/i2c.c.obj
[1004/1044] Building C object esp-idf/spiffs/CMakeFiles/__idf_spiffs.dir/esp_spiffs.c.obj
[1005/1044] Building C object esp-idf/esp_lcd/CMakeFiles/__idf_esp_lcd.dir/rgb/esp_lcd_panel_rgb.c.obj
[1006/1044] Building C object esp-idf/wifi_provisioning/CMakeFiles/__idf_wifi_provisioning.dir/src/wifi_config.c.obj
-- App "dd" version: c092b7f-dirty
[60/1044] Building C object esp-idf/sdmmc/CMakeFiles/__idf_sdmmc.dir/sdmmc_init.c.obj
[61/1044] Building C object esp-idf/driver/CMakeFiles/__idf_driver.dir/touch_sensor/esp32s3/touch_sensor.c.obj
[3/1044] Building C object esp-idf/tcp_transport/CMakeFiles/__idf_tcp_transport.dir/transport_socks_proxy.c.obj
[1007/1044] Building C object esp-idf/wifi_provisioning/CMakeFiles/__idf_wifi_provisioning.dir/proto-c/wifi_constants.pb-c.c.obj
[1008/1044] Building C object esp-idf/spiffs/CMakeFiles/__idf_spiffs.dir/spiffs/src/spiffs_nucleus.c.obj
[62/1044] Building C object esp-idf/sdmmc/CMakeFiles/__idf_sdmmc.dir/sd_pwr_ctrl/sd_pwr_ctrl.c.obj
[63/1044] Building C object esp-idf/esp_driver_rmt/CMakeFiles/__idf_esp_driver_rmt.dir/src/rmt_tx.c.obj
[1009/1044] Linking C static library esp-idf/app_trace/libapp_trace.a
[1010/1044] Building C object esp-idf/wifi_provisioning/CMakeFiles/__idf_wifi_provisioning.dir/src/scheme_console.c.obj
[64/1044] Building C object esp-idf/esp_driver_sdspi/CMakeFiles/__idf_esp_driver_sdspi.dir/src/sdspi_host.c.obj
[4/1044] Building C object esp-idf/esp_http_server/CMakeFiles/__idf_esp_http_server.dir/src/util/ctrl_sock.c.obj
[1011/1044] Building C object esp-idf/wifi_provisioning/CMakeFiles/__idf_wifi_provisioning.dir/src/wifi_scan.c.obj
[1012/1044] Linking C static library esp-idf/cmock/libcmock.a
[5/1044] Building C object esp-idf/esp_http_client/CMakeFiles/__idf_esp_http_client.dir/lib/http_utils.c.obj
[6/1044] Building C object esp-idf/esp_http_client/CMakeFiles/__idf_esp_http_client.dir/lib/http_header.c.obj
[1013/1044] Linking C static library esp-idf/esp_driver_cam/libesp_driver_cam.a
[7/1044] Building C object esp-idf/esp_http_server/CMakeFiles/__idf_esp_http_server.dir/src/httpd_sess.c.obj
[8/1044] Building C object esp-idf/esp_http_server/CMakeFiles/__idf_esp_http_server.dir/src/httpd_ws.c.obj
[1014/1044] Linking C static library esp-idf/esp_driver_touch_sens/libesp_driver_touch_sens.a
[1015/1044] Building C object esp-idf/usb/CMakeFiles/__idf_usb.dir/hcd_dwc.c.obj
[1016/1044] Building C object esp-idf/usb/CMakeFiles/__idf_usb.dir/enum.c.obj
[65/1044] Building C object esp-idf/sdmmc/CMakeFiles/__idf_sdmmc.dir/sdmmc_common.c.obj
[66/1044] Building C object esp-idf/sdmmc/CMakeFiles/__idf_sdmmc.dir/sdmmc_io.c.obj
[1017/1044] Linking C static library esp-idf/esp_eth/libesp_eth.a
[1018/1044] Linking C static library esp-idf/esp_hid/libesp_hid.a
[9/1044] Building C object esp-idf/esp_adc/CMakeFiles/__idf_esp_adc.dir/adc_common.c.obj
[1019/1044] Building C object esp-idf/wifi_provisioning/CMakeFiles/__idf_wifi_provisioning.dir/proto-c/wifi_ctrl.pb-c.c.obj
[10/1044] Building C object esp-idf/esp_adc/CMakeFiles/__idf_esp_adc.dir/adc_cali.c.obj
[1020/1044] Building C object esp-idf/wifi_provisioning/CMakeFiles/__idf_wifi_provisioning.dir/proto-c/wifi_config.pb-c.c.obj
[1021/1044] Linking C static library esp-idf/espcoredump/libespcoredump.a
[67/1044] Building C object esp-idf/sdmmc/CMakeFiles/__idf_sdmmc.dir/sdmmc_mmc.c.obj
[1022/1044] Linking C static library esp-idf/rt/librt.a
[1023/1044] Building C object esp-idf/wifi_provisioning/CMakeFiles/__idf_wifi_provisioning.dir/src/handlers.c.obj
[1024/1044] Linking C static library esp-idf/nvs_sec_provider/libnvs_sec_provider.a
[1025/1044] Linking C static library esp-idf/esp_local_ctrl/libesp_local_ctrl.a
[11/1044] Building C object esp-idf/esp_http_client/CMakeFiles/__idf_esp_http_client.dir/lib/http_auth.c.obj
Executing action: elf
Running ninja in directory /home/tikhon/Документы/magnolia/applets/mainline/yes/build
Executing "ninja elf"...
[1/1044] Generating /home/tikhon/Документы/magnolia/applets/mainline/yes/build/esp-idf/esp_system/ld/memory.ld linker script...
[2/1044] Generating /home/tikhon/Документы/magnolia/applets/mainline/yes/build/esp-idf/esp_system/ld/sections.ld.in linker script...
[1026/1044] Linking C static library esp-idf/perfmon/libperfmon.a
[12/1044] Building C object esp-idf/esp_http_server/CMakeFiles/__idf_esp_http_server.dir/src/httpd_main.c.obj
[1027/1044] Linking C static library esp-idf/esp_lcd/libesp_lcd.a
[1028/1044] Linking C static library esp-idf/spiffs/libspiffs.a
[1029/1044] Building C object esp-idf/wifi_provisioning/CMakeFiles/__idf_wifi_provisioning.dir/proto-c/wifi_scan.pb-c.c.obj
[68/1044] Building C object esp-idf/esp_driver_rmt/CMakeFiles/__idf_esp_driver_rmt.dir/src/rmt_rx.c.obj
[13/1044] Building C object esp-idf/esp_http_server/CMakeFiles/__idf_esp_http_server.dir/src/httpd_parse.c.obj
[69/1044] Building C object esp-idf/driver/CMakeFiles/__idf_driver.dir/deprecated/rmt_legacy.c.obj
[70/1044] Building C object esp-idf/esp_driver_i2c/CMakeFiles/__idf_esp_driver_i2c.dir/i2c_master.c.obj
[14/1044] Building C object esp-idf/tcp_transport/CMakeFiles/__idf_tcp_transport.dir/transport_internal.c.obj
[1030/1044] Building C object esp-idf/fatfs/CMakeFiles/__idf_fatfs.dir/src/ff.c.obj
Applet xxd OK -> /home/tikhon/Документы/magnolia/rootfs/bin/xxd
Building applet uname -> gouname ...
+ idf.py elf
[71/1044] Building C object esp-idf/sdmmc/CMakeFiles/__idf_sdmmc.dir/sdmmc_cmd.c.obj
[15/1044] Building C object esp-idf/esp_adc/CMakeFiles/__idf_esp_adc.dir/esp32s3/curve_fitting_coefficients.c.obj
[1031/1044] Building C object esp-idf/wifi_provisioning/CMakeFiles/__idf_wifi_provisioning.dir/src/scheme_softap.c.obj
[16/1044] Building C object esp-idf/esp_adc/CMakeFiles/__idf_esp_adc.dir/adc_oneshot.c.obj
[17/1044] Building C object esp-idf/esp_adc/CMakeFiles/__idf_esp_adc.dir/adc_cali_curve_fitting.c.obj
[18/1044] Building C object esp-idf/esp_http_server/CMakeFiles/__idf_esp_http_server.dir/src/httpd_uri.c.obj
-- ESP-TEE is currently supported only on the esp32c6;esp32h2;esp32c5 SoCs
[19/1044] Building C object esp-idf/tcp_transport/CMakeFiles/__idf_tcp_transport.dir/transport.c.obj
[20/1044] Building C object esp-idf/esp_https_ota/CMakeFiles/__idf_esp_https_ota.dir/src/esp_https_ota.c.obj
[1032/1044] Linking C static library esp-idf/fatfs/libfatfs.a
[72/1044] Building C object esp-idf/esp_driver_i2s/CMakeFiles/__idf_esp_driver_i2s.dir/i2s_platform.c.obj
[21/1044] Building C object esp-idf/esp-tls/CMakeFiles/__idf_esp-tls.dir/esp-tls-crypto/esp_tls_crypto.c.obj
[73/1044] Building C object esp-idf/esp_driver_i2s/CMakeFiles/__idf_esp_driver_i2s.dir/i2s_std.c.obj
[74/1044] Building C object esp-idf/esp_driver_ledc/CMakeFiles/__idf_esp_driver_ledc.dir/src/ledc.c.obj
[1033/1044] Building C object esp-idf/touch_element/CMakeFiles/__idf_touch_element.dir/touch_element.c.obj
[1034/1044] Building C object esp-idf/usb/CMakeFiles/__idf_usb.dir/usbh.c.obj
[22/1044] Building C object esp-idf/esp-tls/CMakeFiles/__idf_esp-tls.dir/esp_tls_platform_port.c.obj
[75/1044] Building C object esp-idf/http_parser/CMakeFiles/__idf_http_parser.dir/http_parser.c.obj
[3/1044] Building C object esp-idf/esp_http_client/CMakeFiles/__idf_esp_http_client.dir/lib/http_utils.c.obj
[76/1044] Building C object esp-idf/sdmmc/CMakeFiles/__idf_sdmmc.dir/sdmmc_sd.c.obj
[23/1044] Building C object esp-idf/esp_http_server/CMakeFiles/__idf_esp_http_server.dir/src/httpd_txrx.c.obj
[77/1044] Building C object esp-idf/esp_driver_i2s/CMakeFiles/__idf_esp_driver_i2s.dir/i2s_tdm.c.obj
[24/1044] Building C object esp-idf/esp_adc/CMakeFiles/__idf_esp_adc.dir/gdma/adc_dma.c.obj
[25/1044] Linking C static library esp-idf/esp_https_ota/libesp_https_ota.a
[1035/1044] Linking C static library esp-idf/touch_element/libtouch_element.a
[78/1044] Linking C static library esp-idf/http_parser/libhttp_parser.a
[79/1044] Building ASM object esp-idf/esp_gdbstub/CMakeFiles/__idf_esp_gdbstub.dir/src/port/xtensa/gdbstub-entry.S.obj
[1036/1044] Building C object esp-idf/main/CMakeFiles/__idf_main.dir/main.c.obj
-- Generating done (2.8s)
[4/1044] Building C object esp-idf/esp_http_client/CMakeFiles/__idf_esp_http_client.dir/lib/http_header.c.obj
[5/1044] Building C object esp-idf/esp_http_server/CMakeFiles/__idf_esp_http_server.dir/src/util/ctrl_sock.c.obj
[26/1044] Building C object esp-idf/tcp_transport/CMakeFiles/__idf_tcp_transport.dir/transport_ssl.c.obj
[6/1044] Building C object esp-idf/esp_http_server/CMakeFiles/__idf_esp_http_server.dir/src/httpd_main.c.obj
Executing action: elf
Running ninja in directory /home/tikhon/Документы/magnolia/applets/go/pwd/build
Executing "ninja elf"...
[0/2] Re-checking globbed directories...
[1/2] Re-running CMake...
[80/1044] Building C object esp-idf/esp_driver_mcpwm/CMakeFiles/__idf_esp_driver_mcpwm.dir/src/mcpwm_cmpr.c.obj
[27/1044] Linking C static library esp-idf/esp_http_server/libesp_http_server.a
[7/1044] Building C object esp-idf/esp_http_server/CMakeFiles/__idf_esp_http_server.dir/src/httpd_sess.c.obj
[8/1044] Building C object esp-idf/esp_adc/CMakeFiles/__idf_esp_adc.dir/adc_oneshot.c.obj
[81/1044] Building C object esp-idf/esp_gdbstub/CMakeFiles/__idf_esp_gdbstub.dir/src/packet.c.obj
[82/1044] Building C object esp-idf/esp_driver_mcpwm/CMakeFiles/__idf_esp_driver_mcpwm.dir/src/mcpwm_fault.c.obj
[1037/1044] Building C object esp-idf/usb/CMakeFiles/__idf_usb.dir/usb_host.c.obj
[83/1044] Linking C static library esp-idf/driver/libdriver.a
[1038/1044] Building C object esp-idf/mqtt/CMakeFiles/__idf_mqtt.dir/esp-mqtt/mqtt_client.c.obj
-- Build files have been written to: /home/tikhon/Документы/magnolia/applets/go/echo/build
[84/1044] Building ASM object esp-idf/esp_gdbstub/CMakeFiles/__idf_esp_gdbstub.dir/src/port/xtensa/xt_debugexception.S.obj
[28/1044] Building C object esp-idf/esp-tls/CMakeFiles/__idf_esp-tls.dir/esp_tls_error_capture.c.obj
[9/1044] Building C object esp-idf/tcp_transport/CMakeFiles/__idf_tcp_transport.dir/transport.c.obj
[85/1044] Building C object esp-idf/esp_driver_mcpwm/CMakeFiles/__idf_esp_driver_mcpwm.dir/src/mcpwm_cap.c.obj
[10/1044] Building C object esp-idf/esp_http_client/CMakeFiles/__idf_esp_http_client.dir/lib/http_auth.c.obj
[86/1044] Building C object esp-idf/esp_driver_i2s/CMakeFiles/__idf_esp_driver_i2s.dir/i2s_common.c.obj
[1039/1044] Linking C static library esp-idf/usb/libusb.a
[87/1044] Linking C static library esp-idf/esp_driver_twai/libesp_driver_twai.a
[88/1044] Building C object esp-idf/esp_driver_mcpwm/CMakeFiles/__idf_esp_driver_mcpwm.dir/src/mcpwm_com.c.obj
[29/1044] Building C object esp-idf/esp_adc/CMakeFiles/__idf_esp_adc.dir/adc_filter.c.obj
[11/1044] Building C object esp-idf/esp_adc/CMakeFiles/__idf_esp_adc.dir/adc_cali.c.obj
[30/1044] Building C object esp-idf/esp_adc/CMakeFiles/__idf_esp_adc.dir/adc_monitor.c.obj
[89/1044] Building C object esp-idf/esp_driver_sdmmc/CMakeFiles/__idf_esp_driver_sdmmc.dir/src/sd_host_sdmmc.c.obj
[12/1044] Building C object esp-idf/esp_http_server/CMakeFiles/__idf_esp_http_server.dir/src/httpd_ws.c.obj
[90/1044] Linking C static library esp-idf/esp_driver_ledc/libesp_driver_ledc.a
[13/1044] Building C object esp-idf/esp_adc/CMakeFiles/__idf_esp_adc.dir/esp32s3/curve_fitting_coefficients.c.obj
[91/1044] Building C object esp-idf/esp_wifi/CMakeFiles/__idf_esp_wifi.dir/src/smartconfig.c.obj
[1040/1044] Linking C static library esp-idf/mqtt/libmqtt.a
[14/1044] Building C object esp-idf/tcp_transport/CMakeFiles/__idf_tcp_transport.dir/transport_internal.c.obj
[92/1044] Building C object esp-idf/esp_gdbstub/CMakeFiles/__idf_esp_gdbstub.dir/src/gdbstub_transport.c.obj
[93/1044] Building C object esp-idf/esp_driver_mcpwm/CMakeFiles/__idf_esp_driver_mcpwm.dir/src/mcpwm_gen.c.obj
[15/1044] Building C object esp-idf/esp_https_ota/CMakeFiles/__idf_esp_https_ota.dir/src/esp_https_ota.c.obj
[31/1044] Building C object esp-idf/esp_adc/CMakeFiles/__idf_esp_adc.dir/adc_continuous.c.obj
[94/1044] Building C object esp-idf/esp_wifi/CMakeFiles/__idf_esp_wifi.dir/src/mesh_event.c.obj
[16/1044] Building C object esp-idf/esp_http_server/CMakeFiles/__idf_esp_http_server.dir/src/httpd_uri.c.obj
[17/1044] Building C object esp-idf/tcp_transport/CMakeFiles/__idf_tcp_transport.dir/transport_socks_proxy.c.obj
[32/1044] Building C object esp-idf/esp-tls/CMakeFiles/__idf_esp-tls.dir/esp_tls.c.obj
[95/1044] Linking C static library esp-idf/esp_driver_i2c/libesp_driver_i2c.a
[18/1044] Linking C static library esp-idf/esp_https_ota/libesp_https_ota.a
-- USING O3
[19/1044] Building C object esp-idf/esp_adc/CMakeFiles/__idf_esp_adc.dir/adc_cali_curve_fitting.c.obj
[96/1044] Building C object esp-idf/esp_gdbstub/CMakeFiles/__idf_esp_gdbstub.dir/src/port/xtensa/gdbstub_xtensa.c.obj
[97/1044] Building C object esp-idf/esp_driver_mcpwm/CMakeFiles/__idf_esp_driver_mcpwm.dir/src/mcpwm_sync.c.obj
[98/1044] Linking C static library esp-idf/esp_driver_sdm/libesp_driver_sdm.a
[33/1044] Building C object esp-idf/driver/CMakeFiles/__idf_driver.dir/touch_sensor/touch_sensor_common.c.obj
[20/1044] Building C object esp-idf/esp_adc/CMakeFiles/__idf_esp_adc.dir/adc_common.c.obj
[34/1044] Building C object esp-idf/esp_driver_twai/CMakeFiles/__idf_esp_driver_twai.dir/esp_twai.c.obj
[99/1044] Building C object esp-idf/esp_wifi/CMakeFiles/__idf_esp_wifi.dir/src/lib_printf.c.obj
[100/1044] Building C object esp-idf/esp_driver_i2s/CMakeFiles/__idf_esp_driver_i2s.dir/i2s_pdm.c.obj
[21/1044] Building C object esp-idf/esp_adc/CMakeFiles/__idf_esp_adc.dir/adc_filter.c.obj
[101/1044] Building C object esp-idf/esp_gdbstub/CMakeFiles/__idf_esp_gdbstub.dir/src/gdbstub.c.obj
[1041/1044] Building C object esp-idf/wifi_provisioning/CMakeFiles/__idf_wifi_provisioning.dir/src/manager.c.obj
[35/1044] Building C object esp-idf/tcp_transport/CMakeFiles/__idf_tcp_transport.dir/transport_ws.c.obj
[22/1044] Building C object esp-idf/esp-tls/CMakeFiles/__idf_esp-tls.dir/esp_tls_platform_port.c.obj
[102/1044] Linking C static library esp-idf/esp_driver_tsens/libesp_driver_tsens.a
[103/1044] Building C object esp-idf/esp_coex/CMakeFiles/__idf_esp_coex.dir/src/coexist_debug_diagram.c.obj
-- Adding linker script /home/tikhon/Документы/magnolia/applets/go/godd/build/esp-idf/esp_system/ld/memory.ld
-- Adding linker script /home/tikhon/Документы/magnolia/applets/go/godd/build/esp-idf/esp_system/ld/sections.ld.in
[23/1044] Building C object esp-idf/esp-tls/CMakeFiles/__idf_esp-tls.dir/esp-tls-crypto/esp_tls_crypto.c.obj
[104/1044] Building C object esp-idf/esp_wifi/CMakeFiles/__idf_esp_wifi.dir/src/wifi_default_ap.c.obj
-- Adding linker script /home/tikhon/Документы/magnolia/esp-idf/components/esp_rom/esp32s3/ld/esp32s3.rom.ld
-- Adding linker script /home/tikhon/Документы/magnolia/esp-idf/components/esp_rom/esp32s3/ld/esp32s3.rom.api.ld
-- Adding linker script /home/tikhon/Документы/magnolia/esp-idf/components/esp_rom/esp32s3/ld/esp32s3.rom.bt_funcs.ld
-- Adding linker script /home/tikhon/Документы/magnolia/esp-idf/components/esp_rom/esp32s3/ld/esp32s3.rom.libgcc.ld
-- Adding linker script /home/tikhon/Документы/magnolia/esp-idf/components/esp_rom/esp32s3/ld/esp32s3.rom.wdt.ld
-- Adding linker script /home/tikhon/Документы/magnolia/esp-idf/components/esp_rom/esp32s3/ld/esp32s3.rom.version.ld
-- Adding linker script /home/tikhon/Документы/magnolia/esp-idf/components/esp_rom/esp32s3/ld/esp32s3.rom.ble_master.ld
[1042/1044] Linking C static library esp-idf/wifi_provisioning/libwifi_provisioning.a
-- Adding linker script /home/tikhon/Документы/magnolia/esp-idf/components/esp_rom/esp32s3/ld/esp32s3.rom.ble_50.ld
-- Adding linker script /home/tikhon/Документы/magnolia/esp-idf/components/esp_rom/esp32s3/ld/esp32s3.rom.ble_smp.ld
[105/1044] Building C object esp-idf/esp_driver_mcpwm/CMakeFiles/__idf_esp_driver_mcpwm.dir/src/mcpwm_oper.c.obj
-- Adding linker script /home/tikhon/Документы/magnolia/esp-idf/components/esp_rom/esp32s3/ld/esp32s3.rom.ble_dtm.ld
-- Adding linker script /home/tikhon/Документы/magnolia/esp-idf/components/esp_rom/esp32s3/ld/esp32s3.rom.ble_test.ld
-- Adding linker script /home/tikhon/Документы/magnolia/esp-idf/components/esp_rom/esp32s3/ld/esp32s3.rom.ble_scan.ld
-- Adding linker script /home/tikhon/Документы/magnolia/esp-idf/components/esp_rom/esp32s3/ld/esp32s3.rom.libc.ld
-- Adding linker script /home/tikhon/Документы/magnolia/esp-idf/components/esp_rom/esp32s3/ld/esp32s3.rom.newlib.ld
[24/1044] Building C object esp-idf/esp-tls/CMakeFiles/__idf_esp-tls.dir/esp_tls_error_capture.c.obj
[106/1044] Linking C static library esp-idf/esp_driver_rmt/libesp_driver_rmt.a
[0/4] Re-checking globbed directories...
[25/1044] Building C object esp-idf/tcp_transport/CMakeFiles/__idf_tcp_transport.dir/transport_ssl.c.obj
[36/1044] Building C object esp-idf/driver/CMakeFiles/__idf_driver.dir/twai/twai.c.obj
[107/1044] Building C object esp-idf/esp_driver_mcpwm/CMakeFiles/__idf_esp_driver_mcpwm.dir/src/mcpwm_timer.c.obj
[26/1044] Building C object esp-idf/esp_adc/CMakeFiles/__idf_esp_adc.dir/gdma/adc_dma.c.obj
[108/1044] Building C object esp-idf/esp_wifi/CMakeFiles/__idf_esp_wifi.dir/src/wifi_init.c.obj
[1043/1044] Linking C static library esp-idf/main/libmain.a
[109/1044] Building C object esp-idf/esp_wifi/CMakeFiles/__idf_esp_wifi.dir/regulatory/esp_wifi_regulatory.c.obj
-- Adding linker script /home/tikhon/Документы/magnolia/esp-idf/components/soc/esp32s3/ld/esp32s3.peripherals.ld
[110/1044] Building C object esp-idf/esp_coex/CMakeFiles/__idf_esp_coex.dir/src/coexist_debug.c.obj
[111/1044] Linking C static library esp-idf/esp_driver_sdspi/libesp_driver_sdspi.a
[112/1044] Building C object esp-idf/esp_wifi/CMakeFiles/__idf_esp_wifi.dir/src/wifi_default.c.obj
[27/1044] Building C object esp-idf/esp_http_server/CMakeFiles/__idf_esp_http_server.dir/src/httpd_parse.c.obj
[37/1044] Building C object esp-idf/esp_driver_sdm/CMakeFiles/__idf_esp_driver_sdm.dir/src/sdm.c.obj
[28/1044] Building C object esp-idf/esp_http_server/CMakeFiles/__idf_esp_http_server.dir/src/httpd_txrx.c.obj
[29/1044] Building C object esp-idf/esp_adc/CMakeFiles/__idf_esp_adc.dir/adc_continuous.c.obj
[38/1044] Building C object esp-idf/esp_driver_rmt/CMakeFiles/__idf_esp_driver_rmt.dir/src/rmt_encoder.c.obj
[1044/1044] Build ELF: rmdir.app.elf
[113/1044] Linking C static library esp-idf/esp_driver_sdmmc/libesp_driver_sdmmc.a
[114/1044] Building C object esp-idf/esp_wifi/CMakeFiles/__idf_esp_wifi.dir/esp32s3/esp_adapter.c.obj
[115/1044] Building C object esp-idf/esp_wifi/CMakeFiles/__idf_esp_wifi.dir/src/wifi_netif.c.obj
[39/1044] Building C object esp-idf/esp_driver_rmt/CMakeFiles/__idf_esp_driver_rmt.dir/src/rmt_encoder_bytes.c.obj
[30/1044] Linking C static library esp-idf/esp_http_server/libesp_http_server.a
[40/1044] Building C object esp-idf/esp_driver_tsens/CMakeFiles/__idf_esp_driver_tsens.dir/src/temperature_sensor.c.obj
[116/1044] Linking C static library esp-idf/esp_driver_sd_intf/libesp_driver_sd_intf.a
[41/1044] Building C object esp-idf/driver/CMakeFiles/__idf_driver.dir/touch_sensor/esp32s3/touch_sensor.c.obj
[117/1044] Building C object esp-idf/esp_driver_spi/CMakeFiles/__idf_esp_driver_spi.dir/src/gpspi/spi_slave_hd.c.obj
[31/1044] Building C object esp-idf/esp_adc/CMakeFiles/__idf_esp_adc.dir/adc_monitor.c.obj
[42/1044] Building C object esp-idf/esp_driver_i2c/CMakeFiles/__idf_esp_driver_i2c.dir/i2c_common.c.obj
[118/1044] Building C object esp-idf/esp_coex/CMakeFiles/__idf_esp_coex.dir/esp32s3/esp_coex_adapter.c.obj
[32/1044] Building C object esp-idf/esp_driver_twai/CMakeFiles/__idf_esp_driver_twai.dir/esp_twai.c.obj
[43/1044] Building C object esp-idf/esp_driver_sdspi/CMakeFiles/__idf_esp_driver_sdspi.dir/src/sdspi_crc.c.obj
[119/1044] Building C object esp-idf/wpa_supplicant/CMakeFiles/__idf_wpa_supplicant.dir/port/os_xtensa.c.obj
[120/1044] Building C object esp-idf/esp_wifi/CMakeFiles/__idf_esp_wifi.dir/src/smartconfig_ack.c.obj
[44/1044] Building C object esp-idf/esp_driver_rmt/CMakeFiles/__idf_esp_driver_rmt.dir/src/rmt_encoder_copy.c.obj
[121/1044] Linking C static library esp-idf/sdmmc/libsdmmc.a
[122/1044] Building C object esp-idf/wpa_supplicant/CMakeFiles/__idf_wpa_supplicant.dir/src/ap/wpa_auth_ie.c.obj
[45/1044] Building C object esp-idf/esp_driver_twai/CMakeFiles/__idf_esp_driver_twai.dir/esp_twai_onchip.c.obj
[123/1044] Building C object esp-idf/wpa_supplicant/CMakeFiles/__idf_wpa_supplicant.dir/src/ap/ap_config.c.obj
[1/8] Building C object esp-idf/esp_app_format/CMakeFiles/__idf_esp_app_format.dir/esp_app_desc.c.obj
[124/1044] Building C object esp-idf/wpa_supplicant/CMakeFiles/__idf_wpa_supplicant.dir/src/ap/comeback_token.c.obj
[2/8] Linking C static library esp-idf/esp_app_format/libesp_app_format.a
[33/1044] Building C object esp-idf/tcp_transport/CMakeFiles/__idf_tcp_transport.dir/transport_ws.c.obj
[46/1044] Building C object esp-idf/esp_driver_rmt/CMakeFiles/__idf_esp_driver_rmt.dir/src/rmt_common.c.obj
[125/1044] Linking C static library esp-idf/esp_driver_i2s/libesp_driver_i2s.a
[126/1044] Building C object esp-idf/esp_driver_pcnt/CMakeFiles/__idf_esp_driver_pcnt.dir/src/pulse_cnt.c.obj
[34/1044] Building C object esp-idf/driver/CMakeFiles/__idf_driver.dir/touch_sensor/touch_sensor_common.c.obj
[127/1044] Building C object esp-idf/wpa_supplicant/CMakeFiles/__idf_wpa_supplicant.dir/src/common/dragonfly.c.obj
-- Generating done (3.1s)
Applet rmdir OK -> /home/tikhon/Документы/magnolia/rootfs/bin/rmdir
Building applet edit -> edit ...
[128/1044] Building C object esp-idf/wpa_supplicant/CMakeFiles/__idf_wpa_supplicant.dir/src/ap/sta_info.c.obj
+ idf.py elf
[47/1044] Building C object esp-idf/esp-tls/CMakeFiles/__idf_esp-tls.dir/esp_tls_mbedtls.c.obj
[129/1044] Building C object esp-idf/wpa_supplicant/CMakeFiles/__idf_wpa_supplicant.dir/src/ap/pmksa_cache_auth.c.obj
[48/1044] Building C object esp-idf/esp_driver_rmt/CMakeFiles/__idf_esp_driver_rmt.dir/src/rmt_encoder_simple.c.obj
[49/1044] Building C object esp-idf/esp_driver_i2c/CMakeFiles/__idf_esp_driver_i2c.dir/i2c_slave.c.obj
[50/1044] Building C object esp-idf/esp_driver_sdspi/CMakeFiles/__idf_esp_driver_sdspi.dir/src/sdspi_transaction.c.obj
-- Build files have been written to: /home/tikhon/Документы/magnolia/applets/go/goargs/build
[130/1044] Building C object esp-idf/wpa_supplicant/CMakeFiles/__idf_wpa_supplicant.dir/port/eloop.c.obj
[131/1044] Building C object esp-idf/wpa_supplicant/CMakeFiles/__idf_wpa_supplicant.dir/src/crypto/dh_group5.c.obj
[132/1044] Building C object esp-idf/wpa_supplicant/CMakeFiles/__idf_wpa_supplicant.dir/src/ap/ieee802_1x.c.obj
-- Minimal build - OFF
[51/1044] Building C object esp-idf/esp_driver_sdmmc/CMakeFiles/__idf_esp_driver_sdmmc.dir/legacy/src/sdmmc_transaction.c.obj
[133/1044] Linking C static library esp-idf/esp_driver_mcpwm/libesp_driver_mcpwm.a
[35/1044] Building C object esp-idf/driver/CMakeFiles/__idf_driver.dir/touch_sensor/esp32s3/touch_sensor.c.obj
[36/1044] Building C object esp-idf/esp_driver_i2c/CMakeFiles/__idf_esp_driver_i2c.dir/i2c_common.c.obj
[37/1044] Building C object esp-idf/esp_driver_sdm/CMakeFiles/__idf_esp_driver_sdm.dir/src/sdm.c.obj
[134/1044] Linking C static library esp-idf/esp_driver_pcnt/libesp_driver_pcnt.a
[38/1044] Building C object esp-idf/driver/CMakeFiles/__idf_driver.dir/twai/twai.c.obj
Executing action: elf
Running ninja in directory /home/tikhon/Документы/magnolia/applets/go/true/build
Executing "ninja elf"...
[0/2] Re-checking globbed directories...
[1/2] Re-running CMake...
[39/1044] Building C object esp-idf/esp_driver_i2c/CMakeFiles/__idf_esp_driver_i2c.dir/i2c_slave.c.obj
[135/1044] Building C object esp-idf/wpa_supplicant/CMakeFiles/__idf_wpa_supplicant.dir/src/crypto/sha256-kdf.c.obj
[40/1044] Building C object esp-idf/esp_http_client/CMakeFiles/__idf_esp_http_client.dir/esp_http_client.c.obj
[41/1044] Building C object esp-idf/esp_driver_tsens/CMakeFiles/__idf_esp_driver_tsens.dir/src/temperature_sensor.c.obj
[136/1044] Building C object esp-idf/esp_driver_spi/CMakeFiles/__idf_esp_driver_spi.dir/src/gpspi/spi_slave.c.obj
-- Building ESP-IDF components for target esp32s3
[137/1044] Linking C static library esp-idf/esp_gdbstub/libesp_gdbstub.a
[52/1044] Building C object esp-idf/esp_driver_sd_intf/CMakeFiles/__idf_esp_driver_sd_intf.dir/sd_host.c.obj
[42/1044] Linking C static library esp-idf/esp_http_client/libesp_http_client.a
[43/1044] Building C object esp-idf/http_parser/CMakeFiles/__idf_http_parser.dir/http_parser.c.obj
[44/1044] Building C object esp-idf/esp_driver_sdspi/CMakeFiles/__idf_esp_driver_sdspi.dir/src/sdspi_crc.c.obj
[45/1044] Building C object esp-idf/esp_driver_rmt/CMakeFiles/__idf_esp_driver_rmt.dir/src/rmt_encoder_bytes.c.obj
[53/1044] Building C object esp-idf/esp_http_client/CMakeFiles/__idf_esp_http_client.dir/esp_http_client.c.obj
[138/1044] Building C object esp-idf/wpa_supplicant/CMakeFiles/__idf_wpa_supplicant.dir/src/crypto/sha256-tlsprf.c.obj
[139/1044] Building C object esp-idf/wpa_supplicant/CMakeFiles/__idf_wpa_supplicant.dir/src/crypto/aes-siv.c.obj
[140/1044] Building C object esp-idf/wpa_supplicant/CMakeFiles/__idf_wpa_supplicant.dir/src/utils/bitfield.c.obj
[54/1044] Building C object esp-idf/sdmmc/CMakeFiles/__idf_sdmmc.dir/sdmmc_common.c.obj
[46/1044] Building C object esp-idf/esp_driver_rmt/CMakeFiles/__idf_esp_driver_rmt.dir/src/rmt_common.c.obj
[141/1044] Building C object esp-idf/wpa_supplicant/CMakeFiles/__idf_wpa_supplicant.dir/src/ap/ieee802_11.c.obj
[142/1044] Building C object esp-idf/wpa_supplicant/CMakeFiles/__idf_wpa_supplicant.dir/src/crypto/ms_funcs.c.obj
[55/1044] Building C object esp-idf/esp_driver_sdmmc/CMakeFiles/__idf_esp_driver_sdmmc.dir/legacy/src/sdmmc_host.c.obj
[143/1044] Building C object esp-idf/wpa_supplicant/CMakeFiles/__idf_wpa_supplicant.dir/src/crypto/sha256-prf.c.obj
[47/1044] Building C object esp-idf/esp-tls/CMakeFiles/__idf_esp-tls.dir/esp_tls.c.obj
[144/1044] Building C object esp-idf/esp_driver_spi/CMakeFiles/__idf_esp_driver_spi.dir/src/gpspi/spi_common.c.obj
[48/1044] Building C object esp-idf/esp_driver_rmt/CMakeFiles/__idf_esp_driver_rmt.dir/src/rmt_encoder.c.obj
[145/1044] Building C object esp-idf/esp_driver_spi/CMakeFiles/__idf_esp_driver_spi.dir/src/gpspi/spi_master.c.obj
[49/1044] Linking C static library esp-idf/tcp_transport/libtcp_transport.a
[56/1044] Linking C static library esp-idf/esp_http_client/libesp_http_client.a
[50/1044] Building C object esp-idf/esp_driver_rmt/CMakeFiles/__idf_esp_driver_rmt.dir/src/rmt_encoder_simple.c.obj
[146/1044] Building C object esp-idf/wpa_supplicant/CMakeFiles/__idf_wpa_supplicant.dir/src/crypto/sha1-tlsprf.c.obj
[147/1044] Building C object esp-idf/wpa_supplicant/CMakeFiles/__idf_wpa_supplicant.dir/src/crypto/dh_groups.c.obj
[57/1044] Building C object esp-idf/sdmmc/CMakeFiles/__idf_sdmmc.dir/sd_pwr_ctrl/sd_pwr_ctrl.c.obj
[58/1044] Building C object esp-idf/esp_driver_rmt/CMakeFiles/__idf_esp_driver_rmt.dir/src/rmt_rx.c.obj
[148/1044] Building C object esp-idf/wpa_supplicant/CMakeFiles/__idf_wpa_supplicant.dir/src/common/wpa_common.c.obj
[149/1044] Building C object esp-idf/wpa_supplicant/CMakeFiles/__idf_wpa_supplicant.dir/src/crypto/sha384-tlsprf.c.obj
[59/1044] Linking C static library esp-idf/tcp_transport/libtcp_transport.a
[51/1044] Building C object esp-idf/esp-tls/CMakeFiles/__idf_esp-tls.dir/esp_tls_mbedtls.c.obj
[150/1044] Building C object esp-idf/wpa_supplicant/CMakeFiles/__idf_wpa_supplicant.dir/src/crypto/crypto_ops.c.obj
[151/1044] Linking C static library esp-idf/esp_driver_spi/libesp_driver_spi.a
[52/1044] Linking C static library esp-idf/esp_adc/libesp_adc.a
[60/1044] Building C object esp-idf/esp_driver_sdspi/CMakeFiles/__idf_esp_driver_sdspi.dir/src/sdspi_host.c.obj
[61/1044] Building C object esp-idf/http_parser/CMakeFiles/__idf_http_parser.dir/http_parser.c.obj
[62/1044] Building C object esp-idf/sdmmc/CMakeFiles/__idf_sdmmc.dir/sdmmc_mmc.c.obj
[152/1044] Building C object esp-idf/wpa_supplicant/CMakeFiles/__idf_wpa_supplicant.dir/src/crypto/sha1-prf.c.obj
[63/1044] Building C object esp-idf/sdmmc/CMakeFiles/__idf_sdmmc.dir/sdmmc_init.c.obj
[0/4] Re-checking globbed directories...
[53/1044] Building C object esp-idf/esp_driver_twai/CMakeFiles/__idf_esp_driver_twai.dir/esp_twai_onchip.c.obj
[153/1044] Building C object esp-idf/wpa_supplicant/CMakeFiles/__idf_wpa_supplicant.dir/src/crypto/sha384-prf.c.obj
[54/1044] Linking C static library esp-idf/esp-tls/libesp-tls.a
[154/1044] Linking C static library esp-idf/esp_wifi/libesp_wifi.a
[155/1044] Building C object esp-idf/wpa_supplicant/CMakeFiles/__idf_wpa_supplicant.dir/src/crypto/aes-gcm.c.obj
[55/1044] Building C object esp-idf/esp_driver_sdspi/CMakeFiles/__idf_esp_driver_sdspi.dir/src/sdspi_transaction.c.obj
-- Generating done (3.0s)
[64/1044] Linking C static library esp-idf/esp_adc/libesp_adc.a
[56/1044] Linking C static library esp-idf/http_parser/libhttp_parser.a
[65/1044] Building C object esp-idf/esp_driver_sdmmc/CMakeFiles/__idf_esp_driver_sdmmc.dir/src/sd_trans_sdmmc.c.obj
[156/1044] Building C object esp-idf/wpa_supplicant/CMakeFiles/__idf_wpa_supplicant.dir/src/crypto/sha1-tprf.c.obj
-- Project sdkconfig file /home/tikhon/Документы/magnolia/applets/go/gohello/sdkconfig
[57/1044] Building C object esp-idf/esp_driver_rmt/CMakeFiles/__idf_esp_driver_rmt.dir/src/rmt_encoder_copy.c.obj
[157/1044] Building C object esp-idf/wpa_supplicant/CMakeFiles/__idf_wpa_supplicant.dir/src/crypto/ccmp.c.obj
[158/1044] Building C object esp-idf/wpa_supplicant/CMakeFiles/__idf_wpa_supplicant.dir/src/ap/wpa_auth.c.obj
[159/1044] Building C object esp-idf/wpa_supplicant/CMakeFiles/__idf_wpa_supplicant.dir/src/crypto/md4-internal.c.obj
[58/1044] Building C object esp-idf/esp_driver_sdmmc/CMakeFiles/__idf_esp_driver_sdmmc.dir/legacy/src/sdmmc_transaction.c.obj
[66/1044] Linking C static library esp-idf/esp-tls/libesp-tls.a
-- Build files have been written to: /home/tikhon/Документы/magnolia/applets/go/false/build
[67/1044] Building C object esp-idf/driver/CMakeFiles/__idf_driver.dir/i2c/i2c.c.obj
[59/1044] Building C object esp-idf/driver/CMakeFiles/__idf_driver.dir/i2c/i2c.c.obj
[160/1044] Building C object esp-idf/wpa_supplicant/CMakeFiles/__idf_wpa_supplicant.dir/src/eap_common/eap_wsc_common.c.obj
[60/1044] Building C object esp-idf/esp_driver_sd_intf/CMakeFiles/__idf_esp_driver_sd_intf.dir/sd_host.c.obj
[68/1044] Building C object esp-idf/sdmmc/CMakeFiles/__idf_sdmmc.dir/sdmmc_io.c.obj
[161/1044] Building C object esp-idf/wpa_supplicant/CMakeFiles/__idf_wpa_supplicant.dir/src/eap_peer/chap.c.obj
[162/1044] Building C object esp-idf/wpa_supplicant/CMakeFiles/__idf_wpa_supplicant.dir/src/eap_peer/eap_fast_common.c.obj
[69/1044] Linking C static library esp-idf/http_parser/libhttp_parser.a
[61/1044] Building C object esp-idf/esp_driver_sdspi/CMakeFiles/__idf_esp_driver_sdspi.dir/src/sdspi_host.c.obj
[62/1044] Building C object esp-idf/sdmmc/CMakeFiles/__idf_sdmmc.dir/sd_pwr_ctrl/sd_pwr_ctrl.c.obj
[70/1044] Building C object esp-idf/sdmmc/CMakeFiles/__idf_sdmmc.dir/sdmmc_sd.c.obj
[163/1044] Building C object esp-idf/wpa_supplicant/CMakeFiles/__idf_wpa_supplicant.dir/src/common/ieee802_11_common.c.obj
[164/1044] Building C object esp-idf/wpa_supplicant/CMakeFiles/__idf_wpa_supplicant.dir/src/eap_peer/mschapv2.c.obj
[63/1044] Building C object esp-idf/esp_driver_sdmmc/CMakeFiles/__idf_esp_driver_sdmmc.dir/legacy/src/sdmmc_host.c.obj
[1/6] Building C object esp-idf/esp_app_format/CMakeFiles/__idf_esp_app_format.dir/esp_app_desc.c.obj
[71/1044] Building C object esp-idf/sdmmc/CMakeFiles/__idf_sdmmc.dir/sdmmc_cmd.c.obj
-- ELF_LOADER: 1.1.1
[165/1044] Building C object esp-idf/wpa_supplicant/CMakeFiles/__idf_wpa_supplicant.dir/src/eap_peer/eap_peap_common.c.obj
[166/1044] Building C object esp-idf/wpa_supplicant/CMakeFiles/__idf_wpa_supplicant.dir/src/eap_peer/eap_common.c.obj
[64/1044] Building C object esp-idf/sdmmc/CMakeFiles/__idf_sdmmc.dir/sdmmc_common.c.obj
[72/1044] Building C object esp-idf/esp_driver_i2s/CMakeFiles/__idf_esp_driver_i2s.dir/i2s_platform.c.obj
[2/6] Linking C static library esp-idf/esp_app_format/libesp_app_format.a
[65/1044] Building C object esp-idf/sdmmc/CMakeFiles/__idf_sdmmc.dir/sdmmc_init.c.obj
[3/6] Build ELF: goargs.app.elf
[73/1044] Building C object esp-idf/esp_driver_i2s/CMakeFiles/__idf_esp_driver_i2s.dir/i2s_tdm.c.obj
[74/1044] Building C object esp-idf/esp_driver_ledc/CMakeFiles/__idf_esp_driver_ledc.dir/src/ledc.c.obj
[167/1044] Building C object esp-idf/wpa_supplicant/CMakeFiles/__idf_wpa_supplicant.dir/src/eap_peer/eap_tls.c.obj
[75/1044] Building C object esp-idf/esp_driver_mcpwm/CMakeFiles/__idf_esp_driver_mcpwm.dir/src/mcpwm_com.c.obj
[76/1044] Building C object esp-idf/esp_driver_i2c/CMakeFiles/__idf_esp_driver_i2c.dir/i2c_master.c.obj
[77/1044] Building C object esp-idf/esp_driver_mcpwm/CMakeFiles/__idf_esp_driver_mcpwm.dir/src/mcpwm_cmpr.c.obj
[78/1044] Building C object esp-idf/esp_driver_i2s/CMakeFiles/__idf_esp_driver_i2s.dir/i2s_std.c.obj
[79/1044] Building C object esp-idf/esp_driver_mcpwm/CMakeFiles/__idf_esp_driver_mcpwm.dir/src/mcpwm_sync.c.obj
[168/1044] Building C object esp-idf/wpa_supplicant/CMakeFiles/__idf_wpa_supplicant.dir/src/eap_peer/eap_mschapv2.c.obj
[80/1044] Building C object esp-idf/esp_driver_rmt/CMakeFiles/__idf_esp_driver_rmt.dir/src/rmt_tx.c.obj
[81/1044] Building ASM object esp-idf/esp_gdbstub/CMakeFiles/__idf_esp_gdbstub.dir/src/port/xtensa/gdbstub-entry.S.obj
[66/1044] Building C object esp-idf/esp_driver_rmt/CMakeFiles/__idf_esp_driver_rmt.dir/src/rmt_rx.c.obj
[169/1044] Building C object esp-idf/wpa_supplicant/CMakeFiles/__idf_wpa_supplicant.dir/src/rsn_supp/wpa_ie.c.obj
[170/1044] Building C object esp-idf/wpa_supplicant/CMakeFiles/__idf_wpa_supplicant.dir/src/utils/wpabuf.c.obj
[67/1044] Building C object esp-idf/esp_driver_ledc/CMakeFiles/__idf_esp_driver_ledc.dir/src/ledc.c.obj
[171/1044] Building C object esp-idf/wpa_supplicant/CMakeFiles/__idf_wpa_supplicant.dir/src/utils/base64.c.obj
[172/1044] Building C object esp-idf/wpa_supplicant/CMakeFiles/__idf_wpa_supplicant.dir/src/rsn_supp/pmksa_cache.c.obj
[173/1044] Building C object esp-idf/wpa_supplicant/CMakeFiles/__idf_wpa_supplicant.dir/src/utils/uuid.c.obj
[82/1044] Building ASM object esp-idf/esp_gdbstub/CMakeFiles/__idf_esp_gdbstub.dir/src/port/xtensa/xt_debugexception.S.obj
[174/1044] Building C object esp-idf/wpa_supplicant/CMakeFiles/__idf_wpa_supplicant.dir/src/eap_peer/eap.c.obj
[68/1044] Building C object esp-idf/sdmmc/CMakeFiles/__idf_sdmmc.dir/sdmmc_mmc.c.obj
[175/1044] Building C object esp-idf/wpa_supplicant/CMakeFiles/__idf_wpa_supplicant.dir/src/utils/ext_password.c.obj
[69/1044] Building C object esp-idf/esp_driver_sdmmc/CMakeFiles/__idf_esp_driver_sdmmc.dir/src/sd_trans_sdmmc.c.obj
[176/1044] Building C object esp-idf/wpa_supplicant/CMakeFiles/__idf_wpa_supplicant.dir/src/eap_peer/eap_tls_common.c.obj
[83/1044] Building C object esp-idf/driver/CMakeFiles/__idf_driver.dir/deprecated/rmt_legacy.c.obj
[84/1044] Building C object esp-idf/esp_driver_sdmmc/CMakeFiles/__idf_esp_driver_sdmmc.dir/src/sd_host_sdmmc.c.obj
[70/1044] Building C object esp-idf/esp_driver_i2c/CMakeFiles/__idf_esp_driver_i2c.dir/i2c_master.c.obj
Executing action: elf
Running ninja in directory /home/tikhon/Документы/magnolia/applets/go/sleep/build
Executing "ninja elf"...
[0/2] Re-checking globbed directories...
[1/2] Re-running CMake...
[85/1044] Building C object esp-idf/esp_gdbstub/CMakeFiles/__idf_esp_gdbstub.dir/src/gdbstub_transport.c.obj
[71/1044] Building C object esp-idf/esp_driver_i2s/CMakeFiles/__idf_esp_driver_i2s.dir/i2s_platform.c.obj
[0/4] Re-checking globbed directories...
[86/1044] Building C object esp-idf/esp_driver_mcpwm/CMakeFiles/__idf_esp_driver_mcpwm.dir/src/mcpwm_oper.c.obj
[72/1044] Building C object esp-idf/sdmmc/CMakeFiles/__idf_sdmmc.dir/sdmmc_cmd.c.obj
[87/1044] Linking C static library esp-idf/driver/libdriver.a
[177/1044] Building C object esp-idf/wpa_supplicant/CMakeFiles/__idf_wpa_supplicant.dir/src/eap_peer/eap_peap.c.obj
[88/1044] Building C object esp-idf/esp_driver_mcpwm/CMakeFiles/__idf_esp_driver_mcpwm.dir/src/mcpwm_fault.c.obj
[89/1044] Building C object esp-idf/esp_driver_mcpwm/CMakeFiles/__idf_esp_driver_mcpwm.dir/src/mcpwm_cap.c.obj
[73/1044] Building C object esp-idf/sdmmc/CMakeFiles/__idf_sdmmc.dir/sdmmc_io.c.obj
[178/1044] Building C object esp-idf/wpa_supplicant/CMakeFiles/__idf_wpa_supplicant.dir/src/utils/wpa_debug.c.obj
[90/1044] Building C object esp-idf/esp_driver_i2s/CMakeFiles/__idf_esp_driver_i2s.dir/i2s_common.c.obj
[91/1044] Building C object esp-idf/esp_wifi/CMakeFiles/__idf_esp_wifi.dir/src/lib_printf.c.obj
[92/1044] Linking C static library esp-idf/esp_driver_twai/libesp_driver_twai.a
[93/1044] Building C object esp-idf/esp_gdbstub/CMakeFiles/__idf_esp_gdbstub.dir/src/packet.c.obj
[74/1044] Building C object esp-idf/driver/CMakeFiles/__idf_driver.dir/deprecated/rmt_legacy.c.obj
[94/1044] Building C object esp-idf/esp_gdbstub/CMakeFiles/__idf_esp_gdbstub.dir/src/port/xtensa/gdbstub_xtensa.c.obj
[95/1044] Building C object esp-idf/esp_driver_i2s/CMakeFiles/__idf_esp_driver_i2s.dir/i2s_pdm.c.obj
[96/1044] Building C object esp-idf/esp_wifi/CMakeFiles/__idf_esp_wifi.dir/src/mesh_event.c.obj
[75/1044] Building C object esp-idf/esp_driver_mcpwm/CMakeFiles/__idf_esp_driver_mcpwm.dir/src/mcpwm_cap.c.obj
[76/1044] Building C object esp-idf/sdmmc/CMakeFiles/__idf_sdmmc.dir/sdmmc_sd.c.obj
[179/1044] Building C object esp-idf/wpa_supplicant/CMakeFiles/__idf_wpa_supplicant.dir/esp_supplicant/src/esp_wpa2_api_port.c.obj
[97/1044] Linking C static library esp-idf/esp_driver_ledc/libesp_driver_ledc.a
[98/1044] Building C object esp-idf/esp_wifi/CMakeFiles/__idf_esp_wifi.dir/src/wifi_default_ap.c.obj
[77/1044] Building C object esp-idf/esp_driver_rmt/CMakeFiles/__idf_esp_driver_rmt.dir/src/rmt_tx.c.obj
[78/1044] Building C object esp-idf/esp_driver_i2s/CMakeFiles/__idf_esp_driver_i2s.dir/i2s_std.c.obj
[79/1044] Linking C static library esp-idf/driver/libdriver.a
[99/1044] Building C object esp-idf/esp_coex/CMakeFiles/__idf_esp_coex.dir/src/coexist_debug_diagram.c.obj
[80/1044] Building C object esp-idf/esp_driver_mcpwm/CMakeFiles/__idf_esp_driver_mcpwm.dir/src/mcpwm_cmpr.c.obj
[100/1044] Building C object esp-idf/esp_wifi/CMakeFiles/__idf_esp_wifi.dir/src/wifi_init.c.obj
[1/6] Building C object esp-idf/esp_app_format/CMakeFiles/__idf_esp_app_format.dir/esp_app_desc.c.obj
[101/1044] Linking C static library esp-idf/esp_driver_i2c/libesp_driver_i2c.a
[180/1044] Building C object esp-idf/wpa_supplicant/CMakeFiles/__idf_wpa_supplicant.dir/src/eap_peer/eap_fast_pac.c.obj
[102/1044] Building C object esp-idf/esp_driver_mcpwm/CMakeFiles/__idf_esp_driver_mcpwm.dir/src/mcpwm_gen.c.obj
[181/1044] Building C object esp-idf/wpa_supplicant/CMakeFiles/__idf_wpa_supplicant.dir/src/utils/common.c.obj
[103/1044] Building C object esp-idf/esp_wifi/CMakeFiles/__idf_esp_wifi.dir/src/smartconfig.c.obj
[104/1044] Building C object esp-idf/esp_driver_mcpwm/CMakeFiles/__idf_esp_driver_mcpwm.dir/src/mcpwm_timer.c.obj
[81/1044] Linking C static library esp-idf/esp_driver_twai/libesp_driver_twai.a
[182/1044] Building C object esp-idf/wpa_supplicant/CMakeFiles/__idf_wpa_supplicant.dir/src/wps/wps_attr_parse.c.obj
[82/1044] Building C object esp-idf/esp_driver_i2s/CMakeFiles/__idf_esp_driver_i2s.dir/i2s_tdm.c.obj
[2/6] Linking C static library esp-idf/esp_app_format/libesp_app_format.a
[83/1044] Building ASM object esp-idf/esp_gdbstub/CMakeFiles/__idf_esp_gdbstub.dir/src/port/xtensa/gdbstub-entry.S.obj
[84/1044] Building ASM object esp-idf/esp_gdbstub/CMakeFiles/__idf_esp_gdbstub.dir/src/port/xtensa/xt_debugexception.S.obj
[3/6] Build ELF: false.app.elf
[183/1044] Building C object esp-idf/wpa_supplicant/CMakeFiles/__idf_wpa_supplicant.dir/src/common/sae_pk.c.obj
[105/1044] Building C object esp-idf/esp_wifi/CMakeFiles/__idf_esp_wifi.dir/src/wifi_netif.c.obj
[85/1044] Building C object esp-idf/esp_driver_i2s/CMakeFiles/__idf_esp_driver_i2s.dir/i2s_pdm.c.obj
[86/1044] Linking C static library esp-idf/esp_driver_ledc/libesp_driver_ledc.a
[106/1044] Building C object esp-idf/esp_wifi/CMakeFiles/__idf_esp_wifi.dir/regulatory/esp_wifi_regulatory.c.obj
[107/1044] Linking C static library esp-idf/esp_driver_sdm/libesp_driver_sdm.a
[184/1044] Building C object esp-idf/wpa_supplicant/CMakeFiles/__idf_wpa_supplicant.dir/src/common/sae.c.obj
[108/1044] Building C object esp-idf/esp_wifi/CMakeFiles/__idf_esp_wifi.dir/src/smartconfig_ack.c.obj
[185/1044] Building C object esp-idf/wpa_supplicant/CMakeFiles/__idf_wpa_supplicant.dir/src/wps/wps.c.obj
[109/1044] Building C object esp-idf/esp_coex/CMakeFiles/__idf_esp_coex.dir/src/coexist_debug.c.obj
[186/1044] Building C object esp-idf/wpa_supplicant/CMakeFiles/__idf_wpa_supplicant.dir/src/wps/wps_attr_process.c.obj
[87/1044] Building C object esp-idf/esp_driver_mcpwm/CMakeFiles/__idf_esp_driver_mcpwm.dir/src/mcpwm_com.c.obj
Applet goargs OK -> /home/tikhon/Документы/magnolia/rootfs/bin/goargs
Building applet rdd -> rdd ...
+ idf.py elf
[187/1044] Building C object esp-idf/wpa_supplicant/CMakeFiles/__idf_wpa_supplicant.dir/src/eap_peer/eap_ttls.c.obj
[188/1044] Building C object esp-idf/wpa_supplicant/CMakeFiles/__idf_wpa_supplicant.dir/src/utils/json.c.obj
[88/1044] Building C object esp-idf/esp_driver_mcpwm/CMakeFiles/__idf_esp_driver_mcpwm.dir/src/mcpwm_fault.c.obj
-- Minimal build - OFF
[189/1044] Building C object esp-idf/wpa_supplicant/CMakeFiles/__idf_wpa_supplicant.dir/esp_supplicant/src/esp_wpas_glue.c.obj
[110/1044] Building C object esp-idf/esp_wifi/CMakeFiles/__idf_esp_wifi.dir/src/wifi_default.c.obj
[111/1044] Linking C static library esp-idf/esp_driver_tsens/libesp_driver_tsens.a
[89/1044] Linking C static library esp-idf/esp_driver_i2c/libesp_driver_i2c.a
[112/1044] Building C object esp-idf/esp_coex/CMakeFiles/__idf_esp_coex.dir/esp32s3/esp_coex_adapter.c.obj
[90/1044] Building C object esp-idf/esp_gdbstub/CMakeFiles/__idf_esp_gdbstub.dir/src/packet.c.obj
[113/1044] Building C object esp-idf/esp_gdbstub/CMakeFiles/__idf_esp_gdbstub.dir/src/gdbstub.c.obj
[91/1044] Building C object esp-idf/esp_gdbstub/CMakeFiles/__idf_esp_gdbstub.dir/src/gdbstub_transport.c.obj
[114/1044] Building C object esp-idf/esp_driver_spi/CMakeFiles/__idf_esp_driver_spi.dir/src/gpspi/spi_slave.c.obj
[190/1044] Building C object esp-idf/wpa_supplicant/CMakeFiles/__idf_wpa_supplicant.dir/src/wps/wps_common.c.obj
[115/1044] Linking C static library esp-idf/esp_driver_rmt/libesp_driver_rmt.a
[92/1044] Building C object esp-idf/esp_driver_mcpwm/CMakeFiles/__idf_esp_driver_mcpwm.dir/src/mcpwm_sync.c.obj
Loading defaults file /home/tikhon/Документы/magnolia/applets/go/gohello/sdkconfig.defaults...
[93/1044] Linking C static library esp-idf/esp_driver_sdm/libesp_driver_sdm.a
[191/1044] Building C object esp-idf/wpa_supplicant/CMakeFiles/__idf_wpa_supplicant.dir/src/wps/wps_dev_attr.c.obj
-- Building ESP-IDF components for target esp32s3
[192/1044] Building C object esp-idf/wpa_supplicant/CMakeFiles/__idf_wpa_supplicant.dir/esp_supplicant/src/esp_common.c.obj
[116/1044] Building C object esp-idf/esp_wifi/CMakeFiles/__idf_esp_wifi.dir/esp32s3/esp_adapter.c.obj
[117/1044] Building C object esp-idf/wpa_supplicant/CMakeFiles/__idf_wpa_supplicant.dir/port/os_xtensa.c.obj
[94/1044] Building C object esp-idf/esp_driver_sdmmc/CMakeFiles/__idf_esp_driver_sdmmc.dir/src/sd_host_sdmmc.c.obj
[95/1044] Building C object esp-idf/esp_driver_mcpwm/CMakeFiles/__idf_esp_driver_mcpwm.dir/src/mcpwm_gen.c.obj
[193/1044] Building C object esp-idf/wpa_supplicant/CMakeFiles/__idf_wpa_supplicant.dir/src/wps/wps_attr_build.c.obj
[96/1044] Building C object esp-idf/esp_gdbstub/CMakeFiles/__idf_esp_gdbstub.dir/src/gdbstub.c.obj
[97/1044] Building C object esp-idf/esp_wifi/CMakeFiles/__idf_esp_wifi.dir/src/lib_printf.c.obj
[118/1044] Linking C static library esp-idf/esp_driver_sdspi/libesp_driver_sdspi.a
[98/1044] Linking C static library esp-idf/esp_driver_tsens/libesp_driver_tsens.a
[194/1044] Building C object esp-idf/wpa_supplicant/CMakeFiles/__idf_wpa_supplicant.dir/esp_supplicant/src/esp_owe.c.obj
[195/1044] Building C object esp-idf/wpa_supplicant/CMakeFiles/__idf_wpa_supplicant.dir/esp_supplicant/src/crypto/fastpsk.c.obj
[119/1044] Building C object esp-idf/wpa_supplicant/CMakeFiles/__idf_wpa_supplicant.dir/src/ap/ap_config.c.obj
[99/1044] Building C object esp-idf/esp_wifi/CMakeFiles/__idf_esp_wifi.dir/src/mesh_event.c.obj
[100/1044] Linking C static library esp-idf/esp_driver_rmt/libesp_driver_rmt.a
[120/1044] Building C object esp-idf/wpa_supplicant/CMakeFiles/__idf_wpa_supplicant.dir/src/ap/ieee802_1x.c.obj
[101/1044] Building C object esp-idf/esp_gdbstub/CMakeFiles/__idf_esp_gdbstub.dir/src/port/xtensa/gdbstub_xtensa.c.obj
[196/1044] Building C object esp-idf/wpa_supplicant/CMakeFiles/__idf_wpa_supplicant.dir/esp_supplicant/src/esp_wpa_main.c.obj
NOTICE: Processing 3 dependencies:
NOTICE: [1/3] espressif/cmake_utilities (0.5.3)
NOTICE: [2/3] espressif/elf_loader (1.1.1)
NOTICE: [3/3] idf (6.0.0)
[102/1044] Linking C static library esp-idf/esp_driver_sdspi/libesp_driver_sdspi.a
[121/1044] Linking C static library esp-idf/esp_driver_sdmmc/libesp_driver_sdmmc.a
[122/1044] Building C object esp-idf/esp_driver_spi/CMakeFiles/__idf_esp_driver_spi.dir/src/gpspi/spi_slave_hd.c.obj
[103/1044] Building C object esp-idf/esp_driver_mcpwm/CMakeFiles/__idf_esp_driver_mcpwm.dir/src/mcpwm_timer.c.obj
[104/1044] Building C object esp-idf/esp_driver_mcpwm/CMakeFiles/__idf_esp_driver_mcpwm.dir/src/mcpwm_oper.c.obj
[105/1044] Building C object esp-idf/esp_driver_i2s/CMakeFiles/__idf_esp_driver_i2s.dir/i2s_common.c.obj
[106/1044] Building C object esp-idf/esp_wifi/CMakeFiles/__idf_esp_wifi.dir/src/wifi_default_ap.c.obj
[107/1044] Linking C static library esp-idf/esp_driver_sdmmc/libesp_driver_sdmmc.a
Executing action: elf
Running ninja in directory /home/tikhon/Документы/magnolia/applets/go/uname/build
Executing "ninja elf"...
[0/2] Re-checking globbed directories...
[1/2] Re-running CMake...
[108/1044] Building C object esp-idf/esp_wifi/CMakeFiles/__idf_esp_wifi.dir/src/smartconfig.c.obj
[197/1044] Building C object esp-idf/wpa_supplicant/CMakeFiles/__idf_wpa_supplicant.dir/esp_supplicant/src/esp_wpa3.c.obj
Applet false OK -> /home/tikhon/Документы/magnolia/rootfs/bin/gofalse
Building applet rhexdump -> rhexdump ...
+ idf.py elf
[198/1044] Building C object esp-idf/wpa_supplicant/CMakeFiles/__idf_wpa_supplicant.dir/esp_supplicant/src/crypto/crypto_mbedtls-bignum.c.obj
[109/1044] Building C object esp-idf/esp_driver_spi/CMakeFiles/__idf_esp_driver_spi.dir/src/gpspi/spi_common.c.obj
[123/1044] Building C object esp-idf/esp_driver_spi/CMakeFiles/__idf_esp_driver_spi.dir/src/gpspi/spi_common.c.obj
[110/1044] Building C object esp-idf/esp_coex/CMakeFiles/__idf_esp_coex.dir/src/coexist_debug_diagram.c.obj
[124/1044] Building C object esp-idf/esp_driver_pcnt/CMakeFiles/__idf_esp_driver_pcnt.dir/src/pulse_cnt.c.obj
[199/1044] Building C object esp-idf/wpa_supplicant/CMakeFiles/__idf_wpa_supplicant.dir/esp_supplicant/src/esp_hostap.c.obj
[125/1044] Building C object esp-idf/wpa_supplicant/CMakeFiles/__idf_wpa_supplicant.dir/src/ap/sta_info.c.obj
[200/1044] Building C object esp-idf/wpa_supplicant/CMakeFiles/__idf_wpa_supplicant.dir/src/wps/wps_enrollee.c.obj
[126/1044] Linking C static library esp-idf/esp_driver_sd_intf/libesp_driver_sd_intf.a
[111/1044] Linking C static library esp-idf/esp_driver_sd_intf/libesp_driver_sd_intf.a
[112/1044] Building C object esp-idf/esp_coex/CMakeFiles/__idf_esp_coex.dir/src/coexist_debug.c.obj
[201/1044] Building C object esp-idf/wpa_supplicant/CMakeFiles/__idf_wpa_supplicant.dir/esp_supplicant/src/crypto/fastpbkdf2.c.obj
[127/1044] Building C object esp-idf/wpa_supplicant/CMakeFiles/__idf_wpa_supplicant.dir/src/crypto/sha256-kdf.c.obj
[202/1044] Linking C static library esp-idf/esp_coex/libesp_coex.a
[203/1044] Building C object esp-idf/wpa_supplicant/CMakeFiles/__idf_wpa_supplicant.dir/src/crypto/rc4.c.obj
[204/1044] Building C object esp-idf/wpa_supplicant/CMakeFiles/__idf_wpa_supplicant.dir/esp_supplicant/src/esp_wps.c.obj
[128/1044] Building C object esp-idf/wpa_supplicant/CMakeFiles/__idf_wpa_supplicant.dir/src/ap/comeback_token.c.obj
[129/1044] Building C object esp-idf/wpa_supplicant/CMakeFiles/__idf_wpa_supplicant.dir/port/eloop.c.obj
[205/1044] Building C object esp-idf/esp_netif/CMakeFiles/__idf_esp_netif.dir/esp_netif_objects.c.obj
[130/1044] Building C object esp-idf/wpa_supplicant/CMakeFiles/__idf_wpa_supplicant.dir/src/crypto/aes-siv.c.obj
[206/1044] Building C object esp-idf/esp_netif/CMakeFiles/__idf_esp_netif.dir/esp_netif_defaults.c.obj
[113/1044] Building C object esp-idf/esp_wifi/CMakeFiles/__idf_esp_wifi.dir/regulatory/esp_wifi_regulatory.c.obj
[131/1044] Linking C static library esp-idf/sdmmc/libsdmmc.a
[114/1044] Linking C static library esp-idf/sdmmc/libsdmmc.a
[132/1044] Building C object esp-idf/wpa_supplicant/CMakeFiles/__idf_wpa_supplicant.dir/src/ap/pmksa_cache_auth.c.obj
[115/1044] Building C object esp-idf/esp_wifi/CMakeFiles/__idf_esp_wifi.dir/src/wifi_init.c.obj
[207/1044] Building C object esp-idf/wpa_supplicant/CMakeFiles/__idf_wpa_supplicant.dir/src/eap_peer/eap_fast.c.obj
[208/1044] Building C object esp-idf/wpa_supplicant/CMakeFiles/__idf_wpa_supplicant.dir/esp_supplicant/src/esp_eap_client.c.obj
[116/1044] Building C object esp-idf/esp_wifi/CMakeFiles/__idf_esp_wifi.dir/src/wifi_default.c.obj
[209/1044] Building C object esp-idf/wpa_supplicant/CMakeFiles/__idf_wpa_supplicant.dir/src/crypto/aes-ccm.c.obj
[133/1044] Building C object esp-idf/wpa_supplicant/CMakeFiles/__idf_wpa_supplicant.dir/src/utils/bitfield.c.obj
[210/1044] Building C object esp-idf/wpa_supplicant/CMakeFiles/__idf_wpa_supplicant.dir/src/crypto/aes-wrap.c.obj
[211/1044] Building C object esp-idf/wpa_supplicant/CMakeFiles/__idf_wpa_supplicant.dir/src/crypto/aes-unwrap.c.obj
[212/1044] Building C object esp-idf/esp_netif/CMakeFiles/__idf_esp_netif.dir/esp_netif_handlers.c.obj
[134/1044] Building C object esp-idf/wpa_supplicant/CMakeFiles/__idf_wpa_supplicant.dir/src/common/dragonfly.c.obj
[117/1044] Linking C static library esp-idf/esp_driver_i2s/libesp_driver_i2s.a
[118/1044] Building C object esp-idf/esp_wifi/CMakeFiles/__idf_esp_wifi.dir/src/wifi_netif.c.obj
[135/1044] Linking C static library esp-idf/esp_driver_i2s/libesp_driver_i2s.a
-- Project sdkconfig file /home/tikhon/Документы/magnolia/applets/go/gotest/sdkconfig
[119/1044] Building C object esp-idf/wpa_supplicant/CMakeFiles/__idf_wpa_supplicant.dir/port/os_xtensa.c.obj
[213/1044] Building C object esp-idf/wpa_supplicant/CMakeFiles/__idf_wpa_supplicant.dir/esp_supplicant/src/crypto/crypto_mbedtls-ec.c.obj
[214/1044] Building C object esp-idf/wpa_supplicant/CMakeFiles/__idf_wpa_supplicant.dir/src/crypto/des-internal.c.obj
[215/1044] Building C object esp-idf/wpa_supplicant/CMakeFiles/__idf_wpa_supplicant.dir/src/rsn_supp/wpa.c.obj
[136/1044] Building C object esp-idf/wpa_supplicant/CMakeFiles/__idf_wpa_supplicant.dir/src/ap/wpa_auth_ie.c.obj
-- Components: app_trace app_update bootloader bootloader_support bt cmock console cxx driver efuse esp-tls esp_adc esp_app_format esp_bootloader_format esp_coex esp_common esp_driver_ana_cmpr esp_driver_bitscrambler esp_driver_cam esp_driver_dac esp_driver_gpio esp_driver_gptimer esp_driver_i2c esp_driver_i2s esp_driver_i3c esp_driver_isp esp_driver_jpeg esp_driver_ledc esp_driver_mcpwm esp_driver_parlio esp_driver_pcnt esp_driver_ppa esp_driver_rmt esp_driver_sd_intf esp_driver_sdio esp_driver_sdm esp_driver_sdmmc esp_driver_sdspi esp_driver_spi esp_driver_touch_sens esp_driver_tsens esp_driver_twai esp_driver_uart esp_driver_usb_serial_jtag esp_eth esp_event esp_gdbstub esp_hid esp_http_client esp_http_server esp_https_ota esp_https_server esp_hw_support esp_lcd esp_local_ctrl esp_mm esp_netif esp_netif_stack esp_partition esp_phy esp_pm esp_psram esp_ringbuf esp_rom esp_security esp_system esp_timer esp_vfs_console esp_wifi espcoredump espressif__cmake_utilities espressif__elf_loader esptool_py fatfs freertos hal heap http_parser idf_test ieee802154 json log lwip main mbedtls mqtt newlib nvs_flash nvs_sec_provider openthread partition_table perfmon protobuf-c protocomm pthread rt sdmmc soc spi_flash spiffs tcp_transport touch_element ulp unity usb vfs wear_levelling wifi_provisioning wpa_supplicant xtensa
[120/1044] Building C object esp-idf/esp_coex/CMakeFiles/__idf_esp_coex.dir/esp32s3/esp_coex_adapter.c.obj
-- Component paths: /home/tikhon/Документы/magnolia/esp-idf/components/app_trace /home/tikhon/Документы/magnolia/esp-idf/components/app_update /home/tikhon/Документы/magnolia/esp-idf/components/bootloader /home/tikhon/Документы/magnolia/esp-idf/components/bootloader_support /home/tikhon/Документы/magnolia/esp-idf/components/bt /home/tikhon/Документы/magnolia/esp-idf/components/cmock /home/tikhon/Документы/magnolia/esp-idf/components/console /home/tikhon/Документы/magnolia/esp-idf/components/cxx /home/tikhon/Документы/magnolia/esp-idf/components/driver /home/tikhon/Документы/magnolia/esp-idf/components/efuse /home/tikhon/Документы/magnolia/esp-idf/components/esp-tls /home/tikhon/Документы/magnolia/esp-idf/components/esp_adc /home/tikhon/Документы/magnolia/esp-idf/components/esp_app_format /home/tikhon/Документы/magnolia/esp-idf/components/esp_bootloader_format /home/tikhon/Документы/magnolia/esp-idf/components/esp_coex /home/tikhon/Документы/magnolia/esp-idf/components/esp_common /home/tikhon/Документы/magnolia/esp-idf/components/esp_driver_ana_cmpr /home/tikhon/Документы/magnolia/esp-idf/components/esp_driver_bitscrambler /home/tikhon/Документы/magnolia/esp-idf/components/esp_driver_cam /home/tikhon/Документы/magnolia/esp-idf/components/esp_driver_dac /home/tikhon/Документы/magnolia/esp-idf/components/esp_driver_gpio /home/tikhon/Документы/magnolia/esp-idf/components/esp_driver_gptimer /home/tikhon/Документы/magnolia/esp-idf/components/esp_driver_i2c /home/tikhon/Документы/magnolia/esp-idf/components/esp_driver_i2s /home/tikhon/Документы/magnolia/esp-idf/components/esp_driver_i3c /home/tikhon/Документы/magnolia/esp-idf/components/esp_driver_isp /home/tikhon/Документы/magnolia/esp-idf/components/esp_driver_jpeg /home/tikhon/Документы/magnolia/esp-idf/components/esp_driver_ledc /home/tikhon/Документы/magnolia/esp-idf/components/esp_driver_mcpwm /home/tikhon/Документы/magnolia/esp-idf/components/esp_driver_parlio /home/tikhon/Документы/magnolia/esp-idf/components/esp_driver_pcnt /home/tikhon/Документы/magnolia/esp-idf/components/esp_driver_ppa /home/tikhon/Документы/magnolia/esp-idf/components/esp_driver_rmt /home/tikhon/Документы/magnolia/esp-idf/components/esp_driver_sd_intf /home/tikhon/Документы/magnolia/esp-idf/components/esp_driver_sdio /home/tikhon/Документы/magnolia/esp-idf/components/esp_driver_sdm /home/tikhon/Документы/magnolia/esp-idf/components/esp_driver_sdmmc /home/tikhon/Документы/magnolia/esp-idf/components/esp_driver_sdspi /home/tikhon/Документы/magnolia/esp-idf/components/esp_driver_spi /home/tikhon/Документы/magnolia/esp-idf/components/esp_driver_touch_sens /home/tikhon/Документы/magnolia/esp-idf/components/esp_driver_tsens /home/tikhon/Документы/magnolia/esp-idf/components/esp_driver_twai /home/tikhon/Документы/magnolia/esp-idf/components/esp_driver_uart /home/tikhon/Документы/magnolia/esp-idf/components/esp_driver_usb_serial_jtag /home/tikhon/Документы/magnolia/esp-idf/components/esp_eth /home/tikhon/Документы/magnolia/esp-idf/components/esp_event /home/tikhon/Документы/magnolia/esp-idf/components/esp_gdbstub /home/tikhon/Документы/magnolia/esp-idf/components/esp_hid /home/tikhon/Документы/magnolia/esp-idf/components/esp_http_client /home/tikhon/Документы/magnolia/esp-idf/components/esp_http_server /home/tikhon/Документы/magnolia/esp-idf/components/esp_https_ota /home/tikhon/Документы/magnolia/esp-idf/components/esp_https_server /home/tikhon/Документы/magnolia/esp-idf/components/esp_hw_support /home/tikhon/Документы/magnolia/esp-idf/components/esp_lcd /home/tikhon/Документы/magnolia/esp-idf/components/esp_local_ctrl /home/tikhon/Документы/magnolia/esp-idf/components/esp_mm /home/tikhon/Документы/magnolia/esp-idf/components/esp_netif /home/tikhon/Документы/magnolia/esp-idf/components/esp_netif_stack /home/tikhon/Документы/magnolia/esp-idf/components/esp_partition /home/tikhon/Документы/magnolia/esp-idf/components/esp_phy /home/tikhon/Документы/magnolia/esp-idf/components/esp_pm /home/tikhon/Документы/magnolia/esp-idf/components/esp_psram /home/tikhon/Документы/magnolia/esp-idf/components/esp_ringbuf /home/tikhon/Документы/magnolia/esp-idf/components/esp_rom /home/tikhon/Документы/magnolia/esp-idf/components/esp_security /home/tikhon/Документы/magnolia/esp-idf/components/esp_system /home/tikhon/Документы/magnolia/esp-idf/components/esp_timer /home/tikhon/Документы/magnolia/esp-idf/components/esp_vfs_console /home/tikhon/Документы/magnolia/esp-idf/components/esp_wifi /home/tikhon/Документы/magnolia/esp-idf/components/espcoredump /home/tikhon/Документы/magnolia/applets/go/godd/managed_components/espressif__cmake_utilities /home/tikhon/Документы/magnolia/applets/go/godd/managed_components/espressif__elf_loader /home/tikhon/Документы/magnolia/esp-idf/components/esptool_py /home/tikhon/Документы/magnolia/esp-idf/components/fatfs /home/tikhon/Документы/magnolia/esp-idf/components/freertos /home/tikhon/Документы/magnolia/esp-idf/components/hal /home/tikhon/Документы/magnolia/esp-idf/components/heap /home/tikhon/Документы/magnolia/esp-idf/components/http_parser /home/tikhon/Документы/magnolia/esp-idf/components/idf_test /home/tikhon/Документы/magnolia/esp-idf/components/ieee802154 /home/tikhon/Документы/magnolia/esp-idf/components/json /home/tikhon/Документы/magnolia/esp-idf/components/log /home/tikhon/Документы/magnolia/esp-idf/components/lwip /home/tikhon/Документы/magnolia/applets/go/godd/main /home/tikhon/Документы/magnolia/esp-idf/components/mbedtls /home/tikhon/Документы/magnolia/esp-idf/components/mqtt /home/tikhon/Документы/magnolia/esp-idf/components/newlib /home/tikhon/Документы/magnolia/esp-idf/components/nvs_flash /home/tikhon/Документы/magnolia/esp-idf/components/nvs_sec_provider /home/tikhon/Документы/magnolia/esp-idf/components/openthread /home/tikhon/Документы/magnolia/esp-idf/components/partition_table /home/tikhon/Документы/magnolia/esp-idf/components/perfmon /home/tikhon/Документы/magnolia/esp-idf/components/protobuf-c /home/tikhon/Документы/magnolia/esp-idf/components/protocomm /home/tikhon/Документы/magnolia/esp-idf/components/pthread /home/tikhon/Документы/magnolia/esp-idf/components/rt /home/tikhon/Документы/magnolia/esp-idf/components/sdmmc /home/tikhon/Документы/magnolia/esp-idf/components/soc /home/tikhon/Документы/magnolia/esp-idf/components/spi_flash /home/tikhon/Документы/magnolia/esp-idf/components/spiffs /home/tikhon/Документы/magnolia/esp-idf/components/tcp_transport /home/tikhon/Документы/magnolia/esp-idf/components/touch_element /home/tikhon/Документы/magnolia/esp-idf/components/ulp /home/tikhon/Документы/magnolia/esp-idf/components/unity /home/tikhon/Документы/magnolia/esp-idf/components/usb /home/tikhon/Документы/magnolia/esp-idf/components/vfs /home/tikhon/Документы/magnolia/esp-idf/components/wear_levelling /home/tikhon/Документы/magnolia/esp-idf/components/wifi_provisioning /home/tikhon/Документы/magnolia/esp-idf/components/wpa_supplicant /home/tikhon/Документы/magnolia/esp-idf/components/xtensa
[137/1044] Linking C static library esp-idf/esp_driver_mcpwm/libesp_driver_mcpwm.a
[138/1044] Building C object esp-idf/wpa_supplicant/CMakeFiles/__idf_wpa_supplicant.dir/src/crypto/dh_group5.c.obj
[216/1044] Building C object esp-idf/wpa_supplicant/CMakeFiles/__idf_wpa_supplicant.dir/esp_supplicant/src/crypto/crypto_mbedtls.c.obj
[217/1044] Building C object esp-idf/esp_netif/CMakeFiles/__idf_esp_netif.dir/lwip/esp_netif_lwip_defaults.c.obj
[218/1044] Building C object esp-idf/esp_netif/CMakeFiles/__idf_esp_netif.dir/lwip/netif/esp_pbuf_ref.c.obj
[121/1044] Building C object esp-idf/wpa_supplicant/CMakeFiles/__idf_wpa_supplicant.dir/port/eloop.c.obj
-- Configuring done (16.0s)
[139/1044] Building C object esp-idf/esp_driver_spi/CMakeFiles/__idf_esp_driver_spi.dir/src/gpspi/spi_master.c.obj
[122/1044] Linking C static library esp-idf/esp_driver_mcpwm/libesp_driver_mcpwm.a
[123/1044] Building C object esp-idf/esp_driver_pcnt/CMakeFiles/__idf_esp_driver_pcnt.dir/src/pulse_cnt.c.obj
[140/1044] Building C object esp-idf/wpa_supplicant/CMakeFiles/__idf_wpa_supplicant.dir/src/ap/ieee802_11.c.obj
[219/1044] Building C object esp-idf/wpa_supplicant/CMakeFiles/__idf_wpa_supplicant.dir/esp_supplicant/src/crypto/crypto_mbedtls-rsa.c.obj
[220/1044] Building C object esp-idf/esp_netif/CMakeFiles/__idf_esp_netif.dir/lwip/netif/ethernetif.c.obj
[141/1044] Building C object esp-idf/wpa_supplicant/CMakeFiles/__idf_wpa_supplicant.dir/src/crypto/sha384-tlsprf.c.obj
[142/1044] Linking C static library esp-idf/esp_driver_pcnt/libesp_driver_pcnt.a
[221/1044] Building C object esp-idf/lwip/CMakeFiles/__idf_lwip.dir/lwip/src/api/err.c.obj
[143/1044] Building C object esp-idf/wpa_supplicant/CMakeFiles/__idf_wpa_supplicant.dir/src/crypto/crypto_ops.c.obj
[222/1044] Building C object esp-idf/esp_netif/CMakeFiles/__idf_esp_netif.dir/lwip/netif/wlanif.c.obj
[223/1044] Building C object esp-idf/lwip/CMakeFiles/__idf_lwip.dir/lwip/src/api/netbuf.c.obj
[124/1044] Linking C static library esp-idf/esp_driver_pcnt/libesp_driver_pcnt.a
[125/1044] Building C object esp-idf/wpa_supplicant/CMakeFiles/__idf_wpa_supplicant.dir/src/ap/comeback_token.c.obj
[126/1044] Building C object esp-idf/esp_wifi/CMakeFiles/__idf_esp_wifi.dir/src/smartconfig_ack.c.obj
[127/1044] Building C object esp-idf/wpa_supplicant/CMakeFiles/__idf_wpa_supplicant.dir/src/ap/ieee802_1x.c.obj
[224/1044] Building C object esp-idf/wpa_supplicant/CMakeFiles/__idf_wpa_supplicant.dir/esp_supplicant/src/crypto/tls_mbedtls.c.obj
[144/1044] Building C object esp-idf/wpa_supplicant/CMakeFiles/__idf_wpa_supplicant.dir/src/crypto/ccmp.c.obj
[145/1044] Building C object esp-idf/wpa_supplicant/CMakeFiles/__idf_wpa_supplicant.dir/src/crypto/sha256-prf.c.obj
[146/1044] Building C object esp-idf/wpa_supplicant/CMakeFiles/__idf_wpa_supplicant.dir/src/crypto/dh_groups.c.obj
[225/1044] Building C object esp-idf/lwip/CMakeFiles/__idf_lwip.dir/lwip/src/api/if_api.c.obj
[147/1044] Building C object esp-idf/wpa_supplicant/CMakeFiles/__idf_wpa_supplicant.dir/src/crypto/sha1-tlsprf.c.obj
[148/1044] Building C object esp-idf/wpa_supplicant/CMakeFiles/__idf_wpa_supplicant.dir/src/eap_peer/chap.c.obj
[149/1044] Building C object esp-idf/wpa_supplicant/CMakeFiles/__idf_wpa_supplicant.dir/src/ap/wpa_auth.c.obj
[128/1044] Linking C static library esp-idf/esp_gdbstub/libesp_gdbstub.a
[129/1044] Building C object esp-idf/esp_driver_spi/CMakeFiles/__idf_esp_driver_spi.dir/src/gpspi/spi_slave_hd.c.obj
[150/1044] Linking C static library esp-idf/esp_gdbstub/libesp_gdbstub.a
[226/1044] Building C object esp-idf/lwip/CMakeFiles/__idf_lwip.dir/lwip/src/apps/sntp/sntp.c.obj
[151/1044] Building C object esp-idf/wpa_supplicant/CMakeFiles/__idf_wpa_supplicant.dir/src/crypto/sha384-prf.c.obj
-- Minimal build - OFF
[130/1044] Building C object esp-idf/esp_driver_spi/CMakeFiles/__idf_esp_driver_spi.dir/src/gpspi/spi_slave.c.obj
[131/1044] Building C object esp-idf/esp_wifi/CMakeFiles/__idf_esp_wifi.dir/esp32s3/esp_adapter.c.obj
[132/1044] Building C object esp-idf/wpa_supplicant/CMakeFiles/__idf_wpa_supplicant.dir/src/ap/pmksa_cache_auth.c.obj
[152/1044] Building C object esp-idf/wpa_supplicant/CMakeFiles/__idf_wpa_supplicant.dir/src/crypto/sha256-tlsprf.c.obj
[153/1044] Building C object esp-idf/wpa_supplicant/CMakeFiles/__idf_wpa_supplicant.dir/src/crypto/aes-gcm.c.obj
[227/1044] Building C object esp-idf/lwip/CMakeFiles/__idf_lwip.dir/lwip/src/api/netifapi.c.obj
[154/1044] Building C object esp-idf/wpa_supplicant/CMakeFiles/__idf_wpa_supplicant.dir/src/crypto/sha1-tprf.c.obj
[133/1044] Building C object esp-idf/wpa_supplicant/CMakeFiles/__idf_wpa_supplicant.dir/src/ap/ap_config.c.obj
[155/1044] Linking C static library esp-idf/esp_driver_spi/libesp_driver_spi.a
[228/1044] Building C object esp-idf/lwip/CMakeFiles/__idf_lwip.dir/lwip/src/core/inet_chksum.c.obj
[229/1044] Building C object esp-idf/esp_netif/CMakeFiles/__idf_esp_netif.dir/lwip/esp_netif_sntp.c.obj
[156/1044] Building C object esp-idf/wpa_supplicant/CMakeFiles/__idf_wpa_supplicant.dir/src/crypto/md4-internal.c.obj
[230/1044] Building C object esp-idf/lwip/CMakeFiles/__idf_lwip.dir/lwip/src/core/init.c.obj
[157/1044] Building C object esp-idf/wpa_supplicant/CMakeFiles/__idf_wpa_supplicant.dir/src/crypto/sha1-prf.c.obj
[158/1044] Building C object esp-idf/wpa_supplicant/CMakeFiles/__idf_wpa_supplicant.dir/src/eap_common/eap_wsc_common.c.obj
[231/1044] Building C object esp-idf/lwip/CMakeFiles/__idf_lwip.dir/apps/sntp/sntp.c.obj
[232/1044] Building C object esp-idf/lwip/CMakeFiles/__idf_lwip.dir/lwip/src/core/mem.c.obj
[233/1044] Building C object esp-idf/lwip/CMakeFiles/__idf_lwip.dir/lwip/src/api/netdb.c.obj
[159/1044] Building C object esp-idf/wpa_supplicant/CMakeFiles/__idf_wpa_supplicant.dir/src/crypto/ms_funcs.c.obj
[234/1044] Building C object esp-idf/lwip/CMakeFiles/__idf_lwip.dir/lwip/src/core/def.c.obj
[160/1044] Building C object esp-idf/wpa_supplicant/CMakeFiles/__idf_wpa_supplicant.dir/src/common/ieee802_11_common.c.obj
[161/1044] Building C object esp-idf/wpa_supplicant/CMakeFiles/__idf_wpa_supplicant.dir/src/common/wpa_common.c.obj
[162/1044] Building C object esp-idf/wpa_supplicant/CMakeFiles/__idf_wpa_supplicant.dir/src/common/sae.c.obj
-- Building ESP-IDF components for target esp32s3
[235/1044] Building C object esp-idf/lwip/CMakeFiles/__idf_lwip.dir/lwip/src/api/tcpip.c.obj
[163/1044] Linking C static library esp-idf/esp_wifi/libesp_wifi.a
[134/1044] Building C object esp-idf/wpa_supplicant/CMakeFiles/__idf_wpa_supplicant.dir/src/utils/bitfield.c.obj
[236/1044] Building C object esp-idf/lwip/CMakeFiles/__idf_lwip.dir/lwip/src/core/ip.c.obj
[164/1044] Building C object esp-idf/wpa_supplicant/CMakeFiles/__idf_wpa_supplicant.dir/src/eap_peer/eap_tls.c.obj
[135/1044] Building C object esp-idf/wpa_supplicant/CMakeFiles/__idf_wpa_supplicant.dir/src/ap/sta_info.c.obj
[136/1044] Building C object esp-idf/wpa_supplicant/CMakeFiles/__idf_wpa_supplicant.dir/src/ap/wpa_auth_ie.c.obj
[237/1044] Building C object esp-idf/lwip/CMakeFiles/__idf_lwip.dir/lwip/src/apps/netbiosns/netbiosns.c.obj
[137/1044] Building C object esp-idf/wpa_supplicant/CMakeFiles/__idf_wpa_supplicant.dir/src/common/dragonfly.c.obj
[138/1044] Building C object esp-idf/wpa_supplicant/CMakeFiles/__idf_wpa_supplicant.dir/src/crypto/dh_groups.c.obj
[238/1044] Linking C static library esp-idf/wpa_supplicant/libwpa_supplicant.a
[139/1044] Building C object esp-idf/wpa_supplicant/CMakeFiles/__idf_wpa_supplicant.dir/src/crypto/crypto_ops.c.obj
[140/1044] Building C object esp-idf/wpa_supplicant/CMakeFiles/__idf_wpa_supplicant.dir/src/common/wpa_common.c.obj
[239/1044] Building C object esp-idf/lwip/CMakeFiles/__idf_lwip.dir/lwip/src/api/api_lib.c.obj
[141/1044] Building C object esp-idf/wpa_supplicant/CMakeFiles/__idf_wpa_supplicant.dir/src/crypto/sha256-kdf.c.obj
[142/1044] Building C object esp-idf/wpa_supplicant/CMakeFiles/__idf_wpa_supplicant.dir/src/ap/ieee802_11.c.obj
[143/1044] Building C object esp-idf/wpa_supplicant/CMakeFiles/__idf_wpa_supplicant.dir/src/crypto/sha1-tlsprf.c.obj
[165/1044] Building C object esp-idf/wpa_supplicant/CMakeFiles/__idf_wpa_supplicant.dir/src/eap_peer/mschapv2.c.obj
[166/1044] Building C object esp-idf/wpa_supplicant/CMakeFiles/__idf_wpa_supplicant.dir/src/eap_peer/eap.c.obj
[144/1044] Building C object esp-idf/wpa_supplicant/CMakeFiles/__idf_wpa_supplicant.dir/src/crypto/aes-siv.c.obj
[145/1044] Building C object esp-idf/wpa_supplicant/CMakeFiles/__idf_wpa_supplicant.dir/src/crypto/sha1-prf.c.obj
[167/1044] Building C object esp-idf/wpa_supplicant/CMakeFiles/__idf_wpa_supplicant.dir/src/eap_peer/eap_peap_common.c.obj
[146/1044] Building C object esp-idf/wpa_supplicant/CMakeFiles/__idf_wpa_supplicant.dir/src/crypto/dh_group5.c.obj
[240/1044] Building C object esp-idf/lwip/CMakeFiles/__idf_lwip.dir/lwip/src/core/sys.c.obj
[168/1044] Building C object esp-idf/wpa_supplicant/CMakeFiles/__idf_wpa_supplicant.dir/src/utils/common.c.obj
[147/1044] Building C object esp-idf/wpa_supplicant/CMakeFiles/__idf_wpa_supplicant.dir/src/crypto/aes-gcm.c.obj
[169/1044] Building C object esp-idf/wpa_supplicant/CMakeFiles/__idf_wpa_supplicant.dir/src/utils/uuid.c.obj
[241/1044] Building C object esp-idf/lwip/CMakeFiles/__idf_lwip.dir/lwip/src/core/ipv4/autoip.c.obj
-- ESP-TEE is currently supported only on the esp32c6;esp32h2;esp32c5 SoCs
[170/1044] Building C object esp-idf/wpa_supplicant/CMakeFiles/__idf_wpa_supplicant.dir/src/utils/ext_password.c.obj
[171/1044] Building C object esp-idf/wpa_supplicant/CMakeFiles/__idf_wpa_supplicant.dir/src/eap_peer/eap_common.c.obj
[148/1044] Building C object esp-idf/wpa_supplicant/CMakeFiles/__idf_wpa_supplicant.dir/src/crypto/sha256-prf.c.obj
[242/1044] Building C object esp-idf/lwip/CMakeFiles/__idf_lwip.dir/lwip/src/core/stats.c.obj
[172/1044] Building C object esp-idf/wpa_supplicant/CMakeFiles/__idf_wpa_supplicant.dir/src/eap_peer/eap_mschapv2.c.obj
[173/1044] Building C object esp-idf/wpa_supplicant/CMakeFiles/__idf_wpa_supplicant.dir/src/rsn_supp/pmksa_cache.c.obj
[149/1044] Building C object esp-idf/wpa_supplicant/CMakeFiles/__idf_wpa_supplicant.dir/src/crypto/ccmp.c.obj
[243/1044] Building C object esp-idf/lwip/CMakeFiles/__idf_lwip.dir/lwip/src/core/memp.c.obj
[244/1044] Building C object esp-idf/lwip/CMakeFiles/__idf_lwip.dir/lwip/src/core/timeouts.c.obj
[150/1044] Building C object esp-idf/wpa_supplicant/CMakeFiles/__idf_wpa_supplicant.dir/src/crypto/sha256-tlsprf.c.obj
[174/1044] Building C object esp-idf/wpa_supplicant/CMakeFiles/__idf_wpa_supplicant.dir/src/utils/base64.c.obj
[245/1044] Building C object esp-idf/lwip/CMakeFiles/__idf_lwip.dir/lwip/src/core/dns.c.obj
[151/1044] Building C object esp-idf/wpa_supplicant/CMakeFiles/__idf_wpa_supplicant.dir/src/crypto/sha384-tlsprf.c.obj
[152/1044] Building C object esp-idf/wpa_supplicant/CMakeFiles/__idf_wpa_supplicant.dir/src/crypto/sha1-tprf.c.obj
[175/1044] Building C object esp-idf/wpa_supplicant/CMakeFiles/__idf_wpa_supplicant.dir/src/eap_peer/eap_tls_common.c.obj
[246/1044] Building C object esp-idf/lwip/CMakeFiles/__idf_lwip.dir/lwip/src/core/raw.c.obj
[153/1044] Building C object esp-idf/wpa_supplicant/CMakeFiles/__idf_wpa_supplicant.dir/src/common/ieee802_11_common.c.obj
[176/1044] Building C object esp-idf/wpa_supplicant/CMakeFiles/__idf_wpa_supplicant.dir/src/rsn_supp/wpa_ie.c.obj
[154/1044] Building C object esp-idf/wpa_supplicant/CMakeFiles/__idf_wpa_supplicant.dir/src/eap_common/eap_wsc_common.c.obj
[247/1044] Building C object esp-idf/lwip/CMakeFiles/__idf_lwip.dir/lwip/src/core/ipv4/ip4_napt.c.obj
[155/1044] Building C object esp-idf/wpa_supplicant/CMakeFiles/__idf_wpa_supplicant.dir/src/crypto/md4-internal.c.obj
[177/1044] Building C object esp-idf/wpa_supplicant/CMakeFiles/__idf_wpa_supplicant.dir/src/wps/wps_attr_process.c.obj
[178/1044] Building C object esp-idf/wpa_supplicant/CMakeFiles/__idf_wpa_supplicant.dir/src/utils/wpabuf.c.obj
[179/1044] Building C object esp-idf/wpa_supplicant/CMakeFiles/__idf_wpa_supplicant.dir/src/eap_peer/eap_fast_common.c.obj
[156/1044] Building C object esp-idf/wpa_supplicant/CMakeFiles/__idf_wpa_supplicant.dir/src/crypto/ms_funcs.c.obj
[180/1044] Building C object esp-idf/wpa_supplicant/CMakeFiles/__idf_wpa_supplicant.dir/src/eap_peer/eap_fast_pac.c.obj
[157/1044] Building C object esp-idf/wpa_supplicant/CMakeFiles/__idf_wpa_supplicant.dir/src/eap_peer/chap.c.obj
[158/1044] Building C object esp-idf/esp_driver_spi/CMakeFiles/__idf_esp_driver_spi.dir/src/gpspi/spi_master.c.obj
[159/1044] Building C object esp-idf/wpa_supplicant/CMakeFiles/__idf_wpa_supplicant.dir/src/eap_peer/eap_common.c.obj
[160/1044] Building C object esp-idf/wpa_supplicant/CMakeFiles/__idf_wpa_supplicant.dir/src/crypto/sha384-prf.c.obj
[248/1044] Building C object esp-idf/lwip/CMakeFiles/__idf_lwip.dir/lwip/src/core/netif.c.obj
[161/1044] Building C object esp-idf/wpa_supplicant/CMakeFiles/__idf_wpa_supplicant.dir/src/eap_peer/eap_peap_common.c.obj
[249/1044] Building C object esp-idf/lwip/CMakeFiles/__idf_lwip.dir/lwip/src/core/ipv4/igmp.c.obj
[181/1044] Building C object esp-idf/wpa_supplicant/CMakeFiles/__idf_wpa_supplicant.dir/src/utils/wpa_debug.c.obj
[182/1044] Building C object esp-idf/wpa_supplicant/CMakeFiles/__idf_wpa_supplicant.dir/esp_supplicant/src/esp_wpa2_api_port.c.obj
[250/1044] Building C object esp-idf/lwip/CMakeFiles/__idf_lwip.dir/lwip/src/api/api_msg.c.obj
[162/1044] Building C object esp-idf/wpa_supplicant/CMakeFiles/__idf_wpa_supplicant.dir/src/eap_peer/eap_tls.c.obj
[183/1044] Building C object esp-idf/wpa_supplicant/CMakeFiles/__idf_wpa_supplicant.dir/src/wps/wps_attr_parse.c.obj
[163/1044] Building C object esp-idf/wpa_supplicant/CMakeFiles/__idf_wpa_supplicant.dir/src/eap_peer/mschapv2.c.obj
[251/1044] Building C object esp-idf/lwip/CMakeFiles/__idf_lwip.dir/lwip/src/core/udp.c.obj
[252/1044] Building C object esp-idf/lwip/CMakeFiles/__idf_lwip.dir/lwip/src/core/ipv4/ip4_frag.c.obj
[164/1044] Linking C static library esp-idf/esp_driver_spi/libesp_driver_spi.a
-- Compiler supported targets: xtensa-esp-elf
[165/1044] Building C object esp-idf/wpa_supplicant/CMakeFiles/__idf_wpa_supplicant.dir/src/eap_peer/eap_mschapv2.c.obj
[253/1044] Building C object esp-idf/lwip/CMakeFiles/__idf_lwip.dir/lwip/src/core/ipv4/ip4_addr.c.obj
[254/1044] Building C object esp-idf/lwip/CMakeFiles/__idf_lwip.dir/lwip/src/core/ipv4/ip4.c.obj
[255/1044] Building C object esp-idf/lwip/CMakeFiles/__idf_lwip.dir/lwip/src/core/ipv4/icmp.c.obj
[256/1044] Building C object esp-idf/lwip/CMakeFiles/__idf_lwip.dir/lwip/src/core/ipv6/dhcp6.c.obj
[257/1044] Building C object esp-idf/lwip/CMakeFiles/__idf_lwip.dir/lwip/src/core/pbuf.c.obj
[184/1044] Building C object esp-idf/wpa_supplicant/CMakeFiles/__idf_wpa_supplicant.dir/src/eap_peer/eap_peap.c.obj
[185/1044] Building C object esp-idf/wpa_supplicant/CMakeFiles/__idf_wpa_supplicant.dir/src/wps/wps.c.obj
[258/1044] Building C object esp-idf/lwip/CMakeFiles/__idf_lwip.dir/lwip/src/core/ipv6/ethip6.c.obj
[166/1044] Linking C static library esp-idf/esp_wifi/libesp_wifi.a
[186/1044] Building C object esp-idf/wpa_supplicant/CMakeFiles/__idf_wpa_supplicant.dir/src/eap_peer/eap_ttls.c.obj
[167/1044] Building C object esp-idf/wpa_supplicant/CMakeFiles/__idf_wpa_supplicant.dir/src/eap_peer/eap_fast_common.c.obj
[259/1044] Building C object esp-idf/lwip/CMakeFiles/__idf_lwip.dir/lwip/src/core/ipv6/icmp6.c.obj
[187/1044] Building C object esp-idf/wpa_supplicant/CMakeFiles/__idf_wpa_supplicant.dir/src/utils/json.c.obj
[188/1044] Building C object esp-idf/wpa_supplicant/CMakeFiles/__idf_wpa_supplicant.dir/esp_supplicant/src/esp_common.c.obj
[168/1044] Building C object esp-idf/wpa_supplicant/CMakeFiles/__idf_wpa_supplicant.dir/src/eap_peer/eap.c.obj
[260/1044] Building C object esp-idf/lwip/CMakeFiles/__idf_lwip.dir/lwip/src/netif/bridgeif_fdb.c.obj
[261/1044] Building C object esp-idf/lwip/CMakeFiles/__idf_lwip.dir/lwip/src/netif/ethernet.c.obj
[262/1044] Building C object esp-idf/lwip/CMakeFiles/__idf_lwip.dir/lwip/src/core/ipv4/etharp.c.obj
[189/1044] Building C object esp-idf/wpa_supplicant/CMakeFiles/__idf_wpa_supplicant.dir/esp_supplicant/src/esp_owe.c.obj
[263/1044] Building C object esp-idf/lwip/CMakeFiles/__idf_lwip.dir/lwip/src/netif/ppp/auth.c.obj
[190/1044] Building C object esp-idf/wpa_supplicant/CMakeFiles/__idf_wpa_supplicant.dir/src/wps/wps_attr_build.c.obj
[169/1044] Building C object esp-idf/wpa_supplicant/CMakeFiles/__idf_wpa_supplicant.dir/src/utils/base64.c.obj
[264/1044] Building C object esp-idf/lwip/CMakeFiles/__idf_lwip.dir/lwip/src/core/ipv6/ip6_frag.c.obj
[170/1044] Building C object esp-idf/wpa_supplicant/CMakeFiles/__idf_wpa_supplicant.dir/src/eap_peer/eap_tls_common.c.obj
[265/1044] Building C object esp-idf/lwip/CMakeFiles/__idf_lwip.dir/lwip/src/core/ipv4/dhcp.c.obj
[191/1044] Building C object esp-idf/wpa_supplicant/CMakeFiles/__idf_wpa_supplicant.dir/esp_supplicant/src/esp_wpas_glue.c.obj
[171/1044] Building C object esp-idf/wpa_supplicant/CMakeFiles/__idf_wpa_supplicant.dir/src/rsn_supp/pmksa_cache.c.obj
[172/1044] Building C object esp-idf/wpa_supplicant/CMakeFiles/__idf_wpa_supplicant.dir/src/ap/wpa_auth.c.obj
[266/1044] Building C object esp-idf/lwip/CMakeFiles/__idf_lwip.dir/lwip/src/core/ipv6/ip6_addr.c.obj
[192/1044] Building C object esp-idf/wpa_supplicant/CMakeFiles/__idf_wpa_supplicant.dir/src/common/sae_pk.c.obj
[267/1044] Building C object esp-idf/lwip/CMakeFiles/__idf_lwip.dir/lwip/src/core/ipv6/inet6.c.obj
[268/1044] Building C object esp-idf/lwip/CMakeFiles/__idf_lwip.dir/lwip/src/core/tcp.c.obj
[193/1044] Building C object esp-idf/wpa_supplicant/CMakeFiles/__idf_wpa_supplicant.dir/src/wps/wps_dev_attr.c.obj
[173/1044] Building C object esp-idf/wpa_supplicant/CMakeFiles/__idf_wpa_supplicant.dir/src/utils/wpabuf.c.obj
[174/1044] Building C object esp-idf/wpa_supplicant/CMakeFiles/__idf_wpa_supplicant.dir/src/rsn_supp/wpa_ie.c.obj
-- Minimal build - OFF
[269/1044] Building C object esp-idf/lwip/CMakeFiles/__idf_lwip.dir/lwip/src/netif/ppp/ccp.c.obj
[194/1044] Building C object esp-idf/wpa_supplicant/CMakeFiles/__idf_wpa_supplicant.dir/esp_supplicant/src/esp_wpa_main.c.obj
[270/1044] Building C object esp-idf/lwip/CMakeFiles/__idf_lwip.dir/lwip/src/core/tcp_in.c.obj
[195/1044] Building C object esp-idf/wpa_supplicant/CMakeFiles/__idf_wpa_supplicant.dir/src/wps/wps_common.c.obj
[196/1044] Building C object esp-idf/wpa_supplicant/CMakeFiles/__idf_wpa_supplicant.dir/esp_supplicant/src/esp_hostap.c.obj
[197/1044] Building C object esp-idf/wpa_supplicant/CMakeFiles/__idf_wpa_supplicant.dir/esp_supplicant/src/crypto/fastpsk.c.obj
[271/1044] Building C object esp-idf/lwip/CMakeFiles/__idf_lwip.dir/lwip/src/netif/ppp/fsm.c.obj
[175/1044] Building C object esp-idf/wpa_supplicant/CMakeFiles/__idf_wpa_supplicant.dir/src/eap_peer/eap_fast_pac.c.obj
[272/1044] Building C object esp-idf/lwip/CMakeFiles/__idf_lwip.dir/lwip/src/netif/ppp/chap-new.c.obj
[176/1044] Building C object esp-idf/wpa_supplicant/CMakeFiles/__idf_wpa_supplicant.dir/src/eap_peer/eap_peap.c.obj
[177/1044] Building C object esp-idf/wpa_supplicant/CMakeFiles/__idf_wpa_supplicant.dir/src/utils/ext_password.c.obj
[273/1044] Building C object esp-idf/esp_netif/CMakeFiles/__idf_esp_netif.dir/lwip/esp_netif_lwip.c.obj
[178/1044] Building C object esp-idf/wpa_supplicant/CMakeFiles/__idf_wpa_supplicant.dir/src/utils/wpa_debug.c.obj
[179/1044] Building C object esp-idf/wpa_supplicant/CMakeFiles/__idf_wpa_supplicant.dir/src/utils/uuid.c.obj
[274/1044] Building C object esp-idf/lwip/CMakeFiles/__idf_lwip.dir/lwip/src/netif/bridgeif.c.obj
[275/1044] Building C object esp-idf/lwip/CMakeFiles/__idf_lwip.dir/lwip/src/netif/slipif.c.obj
-- Building ESP-IDF components for target esp32s3
[198/1044] Linking C static library esp-idf/esp_coex/libesp_coex.a
[276/1044] Building C object esp-idf/lwip/CMakeFiles/__idf_lwip.dir/lwip/src/core/tcp_out.c.obj
[277/1044] Building C object esp-idf/lwip/CMakeFiles/__idf_lwip.dir/lwip/src/core/ipv6/ip6.c.obj
[199/1044] Building C object esp-idf/wpa_supplicant/CMakeFiles/__idf_wpa_supplicant.dir/esp_supplicant/src/esp_wpa3.c.obj
[200/1044] Building C object esp-idf/wpa_supplicant/CMakeFiles/__idf_wpa_supplicant.dir/esp_supplicant/src/crypto/crypto_mbedtls-bignum.c.obj
-- Project sdkconfig file /home/tikhon/Документы/magnolia/applets/go/gohexdump/sdkconfig
[278/1044] Building C object esp-idf/lwip/CMakeFiles/__idf_lwip.dir/lwip/src/netif/ppp/chap-md5.c.obj
[279/1044] Building C object esp-idf/lwip/CMakeFiles/__idf_lwip.dir/lwip/src/netif/ppp/ecp.c.obj
[180/1044] Building C object esp-idf/wpa_supplicant/CMakeFiles/__idf_wpa_supplicant.dir/src/wps/wps.c.obj
[201/1044] Building C object esp-idf/wpa_supplicant/CMakeFiles/__idf_wpa_supplicant.dir/src/crypto/rc4.c.obj
[280/1044] Building C object esp-idf/lwip/CMakeFiles/__idf_lwip.dir/lwip/src/core/ipv6/mld6.c.obj
[281/1044] Building C object esp-idf/lwip/CMakeFiles/__idf_lwip.dir/lwip/src/netif/ppp/demand.c.obj
-- App "gohello" version: c092b7f-dirty
[282/1044] Building C object esp-idf/lwip/CMakeFiles/__idf_lwip.dir/lwip/src/netif/ppp/eui64.c.obj
[181/1044] Building C object esp-idf/wpa_supplicant/CMakeFiles/__idf_wpa_supplicant.dir/esp_supplicant/src/esp_wpa2_api_port.c.obj
[283/1044] Building C object esp-idf/lwip/CMakeFiles/__idf_lwip.dir/lwip/src/netif/ppp/chap_ms.c.obj
[202/1044] Building C object esp-idf/wpa_supplicant/CMakeFiles/__idf_wpa_supplicant.dir/src/crypto/aes-ccm.c.obj
[182/1044] Building C object esp-idf/wpa_supplicant/CMakeFiles/__idf_wpa_supplicant.dir/src/wps/wps_attr_process.c.obj
[284/1044] Building C object esp-idf/lwip/CMakeFiles/__idf_lwip.dir/lwip/src/netif/ppp/eap.c.obj
[285/1044] Building C object esp-idf/lwip/CMakeFiles/__idf_lwip.dir/lwip/src/netif/ppp/magic.c.obj
[183/1044] Building C object esp-idf/wpa_supplicant/CMakeFiles/__idf_wpa_supplicant.dir/src/eap_peer/eap_ttls.c.obj
[203/1044] Building C object esp-idf/wpa_supplicant/CMakeFiles/__idf_wpa_supplicant.dir/src/crypto/aes-wrap.c.obj
[204/1044] Building C object esp-idf/wpa_supplicant/CMakeFiles/__idf_wpa_supplicant.dir/esp_supplicant/src/crypto/fastpbkdf2.c.obj
[286/1044] Building C object esp-idf/lwip/CMakeFiles/__idf_lwip.dir/lwip/src/netif/ppp/ipcp.c.obj
[184/1044] Building C object esp-idf/wpa_supplicant/CMakeFiles/__idf_wpa_supplicant.dir/src/common/sae.c.obj
[205/1044] Building C object esp-idf/wpa_supplicant/CMakeFiles/__idf_wpa_supplicant.dir/src/eap_peer/eap_fast.c.obj
[287/1044] Building C object esp-idf/lwip/CMakeFiles/__idf_lwip.dir/lwip/src/netif/ppp/ppp.c.obj
[206/1044] Building C object esp-idf/wpa_supplicant/CMakeFiles/__idf_wpa_supplicant.dir/esp_supplicant/src/crypto/crypto_mbedtls.c.obj
[207/1044] Building C object esp-idf/wpa_supplicant/CMakeFiles/__idf_wpa_supplicant.dir/src/wps/wps_enrollee.c.obj
[288/1044] Building C object esp-idf/lwip/CMakeFiles/__idf_lwip.dir/lwip/src/netif/ppp/lcp.c.obj
[289/1044] Building C object esp-idf/lwip/CMakeFiles/__idf_lwip.dir/lwip/src/netif/ppp/ipv6cp.c.obj
[208/1044] Building C object esp-idf/esp_netif/CMakeFiles/__idf_esp_netif.dir/esp_netif_defaults.c.obj
[185/1044] Building C object esp-idf/wpa_supplicant/CMakeFiles/__idf_wpa_supplicant.dir/src/utils/common.c.obj
[290/1044] Building C object esp-idf/lwip/CMakeFiles/__idf_lwip.dir/lwip/src/netif/ppp/pppcrypt.c.obj
[209/1044] Building C object esp-idf/wpa_supplicant/CMakeFiles/__idf_wpa_supplicant.dir/src/crypto/aes-unwrap.c.obj
[291/1044] Building C object esp-idf/lwip/CMakeFiles/__idf_lwip.dir/lwip/src/netif/ppp/pppapi.c.obj
[210/1044] Building C object esp-idf/esp_netif/CMakeFiles/__idf_esp_netif.dir/esp_netif_handlers.c.obj
[186/1044] Building C object esp-idf/wpa_supplicant/CMakeFiles/__idf_wpa_supplicant.dir/src/wps/wps_dev_attr.c.obj
[211/1044] Building C object esp-idf/wpa_supplicant/CMakeFiles/__idf_wpa_supplicant.dir/src/rsn_supp/wpa.c.obj
[212/1044] Building C object esp-idf/wpa_supplicant/CMakeFiles/__idf_wpa_supplicant.dir/src/crypto/des-internal.c.obj
[187/1044] Building C object esp-idf/wpa_supplicant/CMakeFiles/__idf_wpa_supplicant.dir/src/utils/json.c.obj
[213/1044] Building C object esp-idf/esp_netif/CMakeFiles/__idf_esp_netif.dir/esp_netif_objects.c.obj
[292/1044] Building C object esp-idf/lwip/CMakeFiles/__idf_lwip.dir/lwip/src/netif/ppp/mppe.c.obj
[214/1044] Building C object esp-idf/wpa_supplicant/CMakeFiles/__idf_wpa_supplicant.dir/esp_supplicant/src/esp_eap_client.c.obj
[293/1044] Building C object esp-idf/lwip/CMakeFiles/__idf_lwip.dir/lwip/src/netif/ppp/multilink.c.obj
[188/1044] Building C object esp-idf/wpa_supplicant/CMakeFiles/__idf_wpa_supplicant.dir/src/wps/wps_attr_parse.c.obj
[215/1044] Building C object esp-idf/esp_netif/CMakeFiles/__idf_esp_netif.dir/lwip/esp_netif_lwip_defaults.c.obj
[294/1044] Building C object esp-idf/lwip/CMakeFiles/__idf_lwip.dir/lwip/src/netif/ppp/pppoe.c.obj
[295/1044] Building C object esp-idf/lwip/CMakeFiles/__idf_lwip.dir/lwip/src/netif/ppp/pppos.c.obj
[296/1044] Building C object esp-idf/lwip/CMakeFiles/__idf_lwip.dir/lwip/src/netif/ppp/utils.c.obj
[216/1044] Building C object esp-idf/wpa_supplicant/CMakeFiles/__idf_wpa_supplicant.dir/esp_supplicant/src/crypto/crypto_mbedtls-rsa.c.obj
[217/1044] Building C object esp-idf/wpa_supplicant/CMakeFiles/__idf_wpa_supplicant.dir/esp_supplicant/src/crypto/crypto_mbedtls-ec.c.obj
[297/1044] Building C object esp-idf/lwip/CMakeFiles/__idf_lwip.dir/lwip/src/netif/ppp/upap.c.obj
[298/1044] Building C object esp-idf/lwip/CMakeFiles/__idf_lwip.dir/port/acd_dhcp_check.c.obj
[189/1044] Building C object esp-idf/wpa_supplicant/CMakeFiles/__idf_wpa_supplicant.dir/src/wps/wps_common.c.obj
[299/1044] Building C object esp-idf/lwip/CMakeFiles/__idf_lwip.dir/lwip/src/netif/ppp/vj.c.obj
[300/1044] Building C object esp-idf/lwip/CMakeFiles/__idf_lwip.dir/lwip/src/netif/ppp/pppol2tp.c.obj
NOTICE: Processing 3 dependencies:
NOTICE: [1/3] espressif/cmake_utilities (0.5.3)
[218/1044] Building C object esp-idf/esp_netif/CMakeFiles/__idf_esp_netif.dir/lwip/netif/esp_pbuf_ref.c.obj
[190/1044] Building C object esp-idf/wpa_supplicant/CMakeFiles/__idf_wpa_supplicant.dir/esp_supplicant/src/esp_wpa3.c.obj
NOTICE: [2/3] espressif/elf_loader (1.1.1)
[301/1044] Building C object esp-idf/lwip/CMakeFiles/__idf_lwip.dir/port/hooks/tcp_isn_default.c.obj
NOTICE: [3/3] idf (6.0.0)
[302/1044] Building C object esp-idf/lwip/CMakeFiles/__idf_lwip.dir/port/sockets_ext.c.obj
[191/1044] Building C object esp-idf/wpa_supplicant/CMakeFiles/__idf_wpa_supplicant.dir/esp_supplicant/src/esp_wpas_glue.c.obj
[192/1044] Building C object esp-idf/wpa_supplicant/CMakeFiles/__idf_wpa_supplicant.dir/esp_supplicant/src/esp_owe.c.obj
[193/1044] Building C object esp-idf/wpa_supplicant/CMakeFiles/__idf_wpa_supplicant.dir/src/wps/wps_attr_build.c.obj
[303/1044] Building C object esp-idf/lwip/CMakeFiles/__idf_lwip.dir/port/hooks/lwip_default_hooks.c.obj
[219/1044] Building C object esp-idf/wpa_supplicant/CMakeFiles/__idf_wpa_supplicant.dir/esp_supplicant/src/crypto/tls_mbedtls.c.obj
[194/1044] Building C object esp-idf/wpa_supplicant/CMakeFiles/__idf_wpa_supplicant.dir/esp_supplicant/src/esp_wpa_main.c.obj
[304/1044] Building C object esp-idf/lwip/CMakeFiles/__idf_lwip.dir/port/esp32xx/vfs_lwip.c.obj
[220/1044] Building C object esp-idf/esp_netif/CMakeFiles/__idf_esp_netif.dir/lwip/netif/ethernetif.c.obj
[305/1044] Building C object esp-idf/lwip/CMakeFiles/__idf_lwip.dir/port/if_index.c.obj
[306/1044] Building C object esp-idf/lwip/CMakeFiles/__idf_lwip.dir/port/debug/lwip_debug.c.obj
[307/1044] Linking C static library esp-idf/esp_netif/libesp_netif.a
[308/1044] Building C object esp-idf/lwip/CMakeFiles/__idf_lwip.dir/apps/ping/esp_ping.c.obj
[195/1044] Building C object esp-idf/wpa_supplicant/CMakeFiles/__idf_wpa_supplicant.dir/src/common/sae_pk.c.obj
[221/1044] Building C object esp-idf/lwip/CMakeFiles/__idf_lwip.dir/lwip/src/api/err.c.obj
[309/1044] Building C object esp-idf/lwip/CMakeFiles/__idf_lwip.dir/lwip/src/netif/ppp/polarssl/sha1.c.obj
[222/1044] Building C object esp-idf/lwip/CMakeFiles/__idf_lwip.dir/lwip/src/api/if_api.c.obj
-- Generating done (2.1s)
[310/1044] Building C object esp-idf/lwip/CMakeFiles/__idf_lwip.dir/lwip/src/netif/ppp/polarssl/md4.c.obj
[223/1044] Building C object esp-idf/esp_netif/CMakeFiles/__idf_esp_netif.dir/lwip/netif/wlanif.c.obj
[311/1044] Building C object esp-idf/lwip/CMakeFiles/__idf_lwip.dir/lwip/src/netif/ppp/polarssl/arc4.c.obj
[196/1044] Building C object esp-idf/wpa_supplicant/CMakeFiles/__idf_wpa_supplicant.dir/esp_supplicant/src/esp_common.c.obj
[197/1044] Building C object esp-idf/wpa_supplicant/CMakeFiles/__idf_wpa_supplicant.dir/esp_supplicant/src/crypto/fastpsk.c.obj
[224/1044] Building C object esp-idf/lwip/CMakeFiles/__idf_lwip.dir/apps/sntp/sntp.c.obj
[225/1044] Building C object esp-idf/lwip/CMakeFiles/__idf_lwip.dir/lwip/src/api/netbuf.c.obj
-- Compiler supported targets: xtensa-esp-elf
Executing action: elf
Running ninja in directory /home/tikhon/Документы/magnolia/applets/rust/edit/build
Executing "ninja elf"...
[0/2] Re-checking globbed directories...
[1/2] Re-running CMake...
[312/1044] Building C object esp-idf/lwip/CMakeFiles/__idf_lwip.dir/port/freertos/sys_arch.c.obj
[198/1044] Building C object esp-idf/wpa_supplicant/CMakeFiles/__idf_wpa_supplicant.dir/src/eap_peer/eap_fast.c.obj
-- Build files have been written to: /home/tikhon/Документы/magnolia/applets/go/godd/build
[226/1044] Building C object esp-idf/esp_netif/CMakeFiles/__idf_esp_netif.dir/lwip/esp_netif_sntp.c.obj
[313/1044] Building C object esp-idf/lwip/CMakeFiles/__idf_lwip.dir/apps/ping/ping.c.obj
[314/1044] Building C object esp-idf/lwip/CMakeFiles/__idf_lwip.dir/lwip/src/netif/ppp/polarssl/des.c.obj
[315/1044] Building C object esp-idf/lwip/CMakeFiles/__idf_lwip.dir/lwip/src/netif/ppp/polarssl/md5.c.obj
[199/1044] Linking C static library esp-idf/esp_coex/libesp_coex.a
[227/1044] Building C object esp-idf/lwip/CMakeFiles/__idf_lwip.dir/lwip/src/api/netifapi.c.obj
[316/1044] Building C object esp-idf/lwip/CMakeFiles/__idf_lwip.dir/lwip/src/api/sockets.c.obj
[200/1044] Building C object esp-idf/wpa_supplicant/CMakeFiles/__idf_wpa_supplicant.dir/src/wps/wps_enrollee.c.obj
[228/1044] Building C object esp-idf/lwip/CMakeFiles/__idf_lwip.dir/lwip/src/api/api_lib.c.obj
[201/1044] Building C object esp-idf/wpa_supplicant/CMakeFiles/__idf_wpa_supplicant.dir/esp_supplicant/src/esp_hostap.c.obj
[202/1044] Building C object esp-idf/wpa_supplicant/CMakeFiles/__idf_wpa_supplicant.dir/src/crypto/aes-wrap.c.obj
[229/1044] Building C object esp-idf/lwip/CMakeFiles/__idf_lwip.dir/lwip/src/api/tcpip.c.obj
[203/1044] Building C object esp-idf/wpa_supplicant/CMakeFiles/__idf_wpa_supplicant.dir/esp_supplicant/src/crypto/fastpbkdf2.c.obj
[317/1044] Building C object esp-idf/esp_phy/CMakeFiles/__idf_esp_phy.dir/src/phy_common.c.obj
NOTICE: Processing 3 dependencies:
NOTICE: [1/3] espressif/cmake_utilities (0.5.3)
NOTICE: [2/3] espressif/elf_loader (1.1.1)
[230/1044] Building C object esp-idf/lwip/CMakeFiles/__idf_lwip.dir/lwip/src/api/netdb.c.obj
[204/1044] Building C object esp-idf/wpa_supplicant/CMakeFiles/__idf_wpa_supplicant.dir/esp_supplicant/src/crypto/crypto_mbedtls.c.obj
NOTICE: [3/3] idf (6.0.0)
[205/1044] Building C object esp-idf/wpa_supplicant/CMakeFiles/__idf_wpa_supplicant.dir/esp_supplicant/src/crypto/crypto_mbedtls-bignum.c.obj
[231/1044] Building C object esp-idf/wpa_supplicant/CMakeFiles/__idf_wpa_supplicant.dir/esp_supplicant/src/esp_wps.c.obj
[206/1044] Building C object esp-idf/wpa_supplicant/CMakeFiles/__idf_wpa_supplicant.dir/src/crypto/rc4.c.obj
[318/1044] Building C object esp-idf/lwip/CMakeFiles/__idf_lwip.dir/lwip/src/core/ipv6/nd6.c.obj
[207/1044] Building C object esp-idf/wpa_supplicant/CMakeFiles/__idf_wpa_supplicant.dir/esp_supplicant/src/esp_eap_client.c.obj
[232/1044] Building C object esp-idf/lwip/CMakeFiles/__idf_lwip.dir/lwip/src/apps/netbiosns/netbiosns.c.obj
[319/1044] Building C object esp-idf/esp_driver_usb_serial_jtag/CMakeFiles/__idf_esp_driver_usb_serial_jtag.dir/src/usb_serial_jtag_connection_monitor.c.obj
[233/1044] Building C object esp-idf/lwip/CMakeFiles/__idf_lwip.dir/lwip/src/core/inet_chksum.c.obj
[320/1044] Building C object esp-idf/esp_phy/CMakeFiles/__idf_esp_phy.dir/src/lib_printf.c.obj
[321/1044] Building C object esp-idf/esp_phy/CMakeFiles/__idf_esp_phy.dir/esp32s3/phy_init_data.c.obj
[208/1044] Building C object esp-idf/esp_netif/CMakeFiles/__idf_esp_netif.dir/esp_netif_defaults.c.obj
[234/1044] Building C object esp-idf/lwip/CMakeFiles/__idf_lwip.dir/lwip/src/core/def.c.obj
[322/1044] Building C object esp-idf/vfs/CMakeFiles/__idf_vfs.dir/nullfs.c.obj
[323/1044] Building C object esp-idf/esp_vfs_console/CMakeFiles/__idf_esp_vfs_console.dir/vfs_console.c.obj
[235/1044] Building C object esp-idf/lwip/CMakeFiles/__idf_lwip.dir/lwip/src/apps/sntp/sntp.c.obj
[209/1044] Building C object esp-idf/esp_netif/CMakeFiles/__idf_esp_netif.dir/esp_netif_objects.c.obj
[324/1044] Building C object esp-idf/esp_driver_usb_serial_jtag/CMakeFiles/__idf_esp_driver_usb_serial_jtag.dir/src/usb_serial_jtag.c.obj
[236/1044] Building C object esp-idf/lwip/CMakeFiles/__idf_lwip.dir/lwip/src/core/init.c.obj
[237/1044] Building C object esp-idf/lwip/CMakeFiles/__idf_lwip.dir/lwip/src/core/memp.c.obj
[325/1044] Building C object esp-idf/lwip/CMakeFiles/__idf_lwip.dir/apps/ping/ping_sock.c.obj
[238/1044] Building C object esp-idf/lwip/CMakeFiles/__idf_lwip.dir/lwip/src/core/ip.c.obj
[326/1044] Building C object esp-idf/vfs/CMakeFiles/__idf_vfs.dir/vfs_eventfd.c.obj
[210/1044] Building C object esp-idf/wpa_supplicant/CMakeFiles/__idf_wpa_supplicant.dir/src/crypto/aes-unwrap.c.obj
[327/1044] Building C object esp-idf/esp_phy/CMakeFiles/__idf_esp_phy.dir/src/phy_override.c.obj
[211/1044] Building C object esp-idf/esp_netif/CMakeFiles/__idf_esp_netif.dir/esp_netif_handlers.c.obj
[212/1044] Building C object esp-idf/wpa_supplicant/CMakeFiles/__idf_wpa_supplicant.dir/esp_supplicant/src/crypto/crypto_mbedtls-rsa.c.obj
[213/1044] Building C object esp-idf/wpa_supplicant/CMakeFiles/__idf_wpa_supplicant.dir/src/crypto/des-internal.c.obj
[214/1044] Building C object esp-idf/wpa_supplicant/CMakeFiles/__idf_wpa_supplicant.dir/src/rsn_supp/wpa.c.obj
[328/1044] Building C object esp-idf/esp_phy/CMakeFiles/__idf_esp_phy.dir/src/btbb_init.c.obj
[215/1044] Building C object esp-idf/esp_netif/CMakeFiles/__idf_esp_netif.dir/lwip/esp_netif_lwip_defaults.c.obj
[239/1044] Building C object esp-idf/lwip/CMakeFiles/__idf_lwip.dir/lwip/src/core/stats.c.obj
[216/1044] Building C object esp-idf/wpa_supplicant/CMakeFiles/__idf_wpa_supplicant.dir/esp_supplicant/src/crypto/tls_mbedtls.c.obj
-- USING O3
[217/1044] Building C object esp-idf/esp_netif/CMakeFiles/__idf_esp_netif.dir/lwip/netif/wlanif.c.obj
[240/1044] Building C object esp-idf/lwip/CMakeFiles/__idf_lwip.dir/lwip/src/core/mem.c.obj
[218/1044] Building C object esp-idf/wpa_supplicant/CMakeFiles/__idf_wpa_supplicant.dir/src/crypto/aes-ccm.c.obj
[241/1044] Building C object esp-idf/lwip/CMakeFiles/__idf_lwip.dir/lwip/src/core/sys.c.obj
[219/1044] Building C object esp-idf/esp_netif/CMakeFiles/__idf_esp_netif.dir/lwip/netif/esp_pbuf_ref.c.obj
[242/1044] Building C object esp-idf/lwip/CMakeFiles/__idf_lwip.dir/lwip/src/core/raw.c.obj
[329/1044] Building CXX object esp-idf/nvs_flash/CMakeFiles/__idf_nvs_flash.dir/src/nvs_platform.cpp.obj
-- Minimal build - OFF
[0/4] Re-checking globbed directories...
[243/1044] Building C object esp-idf/lwip/CMakeFiles/__idf_lwip.dir/lwip/src/api/api_msg.c.obj
[220/1044] Building C object esp-idf/lwip/CMakeFiles/__idf_lwip.dir/lwip/src/api/if_api.c.obj
[244/1044] Building C object esp-idf/lwip/CMakeFiles/__idf_lwip.dir/lwip/src/core/ipv4/autoip.c.obj
[245/1044] Linking C static library esp-idf/wpa_supplicant/libwpa_supplicant.a
[330/1044] Building C object esp-idf/esp_phy/CMakeFiles/__idf_esp_phy.dir/src/phy_init.c.obj
[331/1044] Building C object esp-idf/lwip/CMakeFiles/__idf_lwip.dir/apps/dhcpserver/dhcpserver.c.obj
[221/1044] Building C object esp-idf/esp_netif/CMakeFiles/__idf_esp_netif.dir/lwip/netif/ethernetif.c.obj
[222/1044] Building C object esp-idf/wpa_supplicant/CMakeFiles/__idf_wpa_supplicant.dir/esp_supplicant/src/crypto/crypto_mbedtls-ec.c.obj
-- Adding linker script /home/tikhon/Документы/magnolia/applets/go/gohello/build/esp-idf/esp_system/ld/memory.ld
-- Adding linker script /home/tikhon/Документы/magnolia/applets/go/gohello/build/esp-idf/esp_system/ld/sections.ld.in
-- Adding linker script /home/tikhon/Документы/magnolia/esp-idf/components/esp_rom/esp32s3/ld/esp32s3.rom.ld
-- Building ESP-IDF components for target esp32s3
-- Adding linker script /home/tikhon/Документы/magnolia/esp-idf/components/esp_rom/esp32s3/ld/esp32s3.rom.api.ld
-- Adding linker script /home/tikhon/Документы/magnolia/esp-idf/components/esp_rom/esp32s3/ld/esp32s3.rom.bt_funcs.ld
-- Adding linker script /home/tikhon/Документы/magnolia/esp-idf/components/esp_rom/esp32s3/ld/esp32s3.rom.libgcc.ld
-- Adding linker script /home/tikhon/Документы/magnolia/esp-idf/components/esp_rom/esp32s3/ld/esp32s3.rom.wdt.ld
-- Adding linker script /home/tikhon/Документы/magnolia/esp-idf/components/esp_rom/esp32s3/ld/esp32s3.rom.version.ld
-- Adding linker script /home/tikhon/Документы/magnolia/esp-idf/components/esp_rom/esp32s3/ld/esp32s3.rom.ble_master.ld
-- Adding linker script /home/tikhon/Документы/magnolia/esp-idf/components/esp_rom/esp32s3/ld/esp32s3.rom.ble_50.ld
-- Adding linker script /home/tikhon/Документы/magnolia/esp-idf/components/esp_rom/esp32s3/ld/esp32s3.rom.ble_smp.ld
-- Adding linker script /home/tikhon/Документы/magnolia/esp-idf/components/esp_rom/esp32s3/ld/esp32s3.rom.ble_dtm.ld
-- Adding linker script /home/tikhon/Документы/magnolia/esp-idf/components/esp_rom/esp32s3/ld/esp32s3.rom.ble_test.ld
-- Adding linker script /home/tikhon/Документы/magnolia/esp-idf/components/esp_rom/esp32s3/ld/esp32s3.rom.ble_scan.ld
-- Adding linker script /home/tikhon/Документы/magnolia/esp-idf/components/esp_rom/esp32s3/ld/esp32s3.rom.libc.ld
-- Adding linker script /home/tikhon/Документы/magnolia/esp-idf/components/esp_rom/esp32s3/ld/esp32s3.rom.newlib.ld
[223/1044] Building C object esp-idf/lwip/CMakeFiles/__idf_lwip.dir/lwip/src/api/netifapi.c.obj
[246/1044] Building C object esp-idf/lwip/CMakeFiles/__idf_lwip.dir/lwip/src/core/netif.c.obj
[224/1044] Building C object esp-idf/lwip/CMakeFiles/__idf_lwip.dir/apps/sntp/sntp.c.obj
[225/1044] Building C object esp-idf/esp_netif/CMakeFiles/__idf_esp_netif.dir/lwip/esp_netif_sntp.c.obj
[226/1044] Building C object esp-idf/lwip/CMakeFiles/__idf_lwip.dir/lwip/src/api/err.c.obj
[227/1044] Building C object esp-idf/lwip/CMakeFiles/__idf_lwip.dir/lwip/src/api/netbuf.c.obj
[247/1044] Building C object esp-idf/lwip/CMakeFiles/__idf_lwip.dir/lwip/src/core/timeouts.c.obj
[228/1044] Building C object esp-idf/lwip/CMakeFiles/__idf_lwip.dir/lwip/src/apps/sntp/sntp.c.obj
-- Adding linker script /home/tikhon/Документы/magnolia/esp-idf/components/soc/esp32s3/ld/esp32s3.peripherals.ld
[229/1044] Building C object esp-idf/lwip/CMakeFiles/__idf_lwip.dir/lwip/src/api/netdb.c.obj
-- ESP-TEE is currently supported only on the esp32c6;esp32h2;esp32c5 SoCs
[332/1044] Building C object esp-idf/esp_driver_usb_serial_jtag/CMakeFiles/__idf_esp_driver_usb_serial_jtag.dir/src/usb_serial_jtag_vfs.c.obj
[248/1044] Building C object esp-idf/lwip/CMakeFiles/__idf_lwip.dir/lwip/src/core/ipv4/etharp.c.obj
[249/1044] Building C object esp-idf/lwip/CMakeFiles/__idf_lwip.dir/lwip/src/core/pbuf.c.obj
[333/1044] Building C object esp-idf/vfs/CMakeFiles/__idf_vfs.dir/vfs_semihost.c.obj
[1/6] Building C object esp-idf/esp_app_format/CMakeFiles/__idf_esp_app_format.dir/esp_app_desc.c.obj
-- App "gotest" version: c092b7f-dirty
[230/1044] Building C object esp-idf/lwip/CMakeFiles/__idf_lwip.dir/lwip/src/core/init.c.obj
[231/1044] Building C object esp-idf/wpa_supplicant/CMakeFiles/__idf_wpa_supplicant.dir/esp_supplicant/src/esp_wps.c.obj
[232/1044] Building C object esp-idf/lwip/CMakeFiles/__idf_lwip.dir/lwip/src/api/api_lib.c.obj
[250/1044] Building C object esp-idf/lwip/CMakeFiles/__idf_lwip.dir/lwip/src/core/ipv4/ip4_napt.c.obj
[251/1044] Building C object esp-idf/lwip/CMakeFiles/__idf_lwip.dir/lwip/src/core/dns.c.obj
[2/6] Linking C static library esp-idf/esp_app_format/libesp_app_format.a
[252/1044] Building C object esp-idf/lwip/CMakeFiles/__idf_lwip.dir/lwip/src/core/ipv4/ip4_addr.c.obj
[3/6] Build ELF: dd.app.elf
[253/1044] Building C object esp-idf/lwip/CMakeFiles/__idf_lwip.dir/lwip/src/core/ipv4/igmp.c.obj
Executing action: elf
Running ninja in directory /home/tikhon/Документы/magnolia/applets/rust/rdd/build
Executing "ninja elf"...
[0/2] Re-checking globbed directories...
[1/2] Re-running CMake...
[334/1044] Building C object esp-idf/nvs_flash/CMakeFiles/__idf_nvs_flash.dir/src/nvs_bootloader_aes.c.obj
[254/1044] Building C object esp-idf/esp_netif/CMakeFiles/__idf_esp_netif.dir/lwip/esp_netif_lwip.c.obj
[233/1044] Building C object esp-idf/lwip/CMakeFiles/__idf_lwip.dir/lwip/src/core/def.c.obj
[335/1044] Linking C static library esp-idf/lwip/liblwip.a
[234/1044] Building C object esp-idf/lwip/CMakeFiles/__idf_lwip.dir/lwip/src/api/tcpip.c.obj
[255/1044] Building C object esp-idf/lwip/CMakeFiles/__idf_lwip.dir/lwip/src/core/ipv6/dhcp6.c.obj
[235/1044] Building C object esp-idf/lwip/CMakeFiles/__idf_lwip.dir/lwip/src/apps/netbiosns/netbiosns.c.obj
[236/1044] Building C object esp-idf/lwip/CMakeFiles/__idf_lwip.dir/lwip/src/core/stats.c.obj
[256/1044] Building C object esp-idf/lwip/CMakeFiles/__idf_lwip.dir/lwip/src/core/ipv4/icmp.c.obj
[237/1044] Building C object esp-idf/lwip/CMakeFiles/__idf_lwip.dir/lwip/src/core/sys.c.obj
[238/1044] Building C object esp-idf/lwip/CMakeFiles/__idf_lwip.dir/lwip/src/core/inet_chksum.c.obj
[257/1044] Building C object esp-idf/lwip/CMakeFiles/__idf_lwip.dir/lwip/src/core/ipv4/ip4_frag.c.obj
[239/1044] Building C object esp-idf/lwip/CMakeFiles/__idf_lwip.dir/lwip/src/core/raw.c.obj
[240/1044] Building C object esp-idf/lwip/CMakeFiles/__idf_lwip.dir/lwip/src/core/ip.c.obj
[336/1044] Building C object esp-idf/nvs_flash/CMakeFiles/__idf_nvs_flash.dir/src/nvs_bootloader_xts_aes.c.obj
[337/1044] Building C object esp-idf/nvs_flash/CMakeFiles/__idf_nvs_flash.dir/src/nvs_bootloader.c.obj
[241/1044] Building C object esp-idf/lwip/CMakeFiles/__idf_lwip.dir/lwip/src/core/memp.c.obj
[338/1044] Building C object esp-idf/esp_event/CMakeFiles/__idf_esp_event.dir/default_event_loop.c.obj
-- ESP-TEE is currently supported only on the esp32c6;esp32h2;esp32c5 SoCs
[258/1044] Building C object esp-idf/lwip/CMakeFiles/__idf_lwip.dir/lwip/src/core/ipv4/ip4.c.obj
[259/1044] Building C object esp-idf/lwip/CMakeFiles/__idf_lwip.dir/lwip/src/core/ipv6/ethip6.c.obj
[242/1044] Building C object esp-idf/lwip/CMakeFiles/__idf_lwip.dir/lwip/src/core/mem.c.obj
Applet godd OK -> /home/tikhon/Документы/magnolia/rootfs/bin/godd
Building applet rselftest -> rselftest ...
+ idf.py elf
[260/1044] Building C object esp-idf/lwip/CMakeFiles/__idf_lwip.dir/lwip/src/core/tcp_in.c.obj
[261/1044] Building C object esp-idf/lwip/CMakeFiles/__idf_lwip.dir/lwip/src/core/ipv6/ip6_frag.c.obj
[262/1044] Building C object esp-idf/lwip/CMakeFiles/__idf_lwip.dir/lwip/src/core/ipv6/ip6_addr.c.obj
[263/1044] Building C object esp-idf/lwip/CMakeFiles/__idf_lwip.dir/lwip/src/netif/bridgeif.c.obj
[264/1044] Building C object esp-idf/lwip/CMakeFiles/__idf_lwip.dir/lwip/src/core/ipv6/inet6.c.obj
[243/1044] Linking C static library esp-idf/wpa_supplicant/libwpa_supplicant.a
[265/1044] Building C object esp-idf/lwip/CMakeFiles/__idf_lwip.dir/lwip/src/core/tcp_out.c.obj
[266/1044] Building C object esp-idf/lwip/CMakeFiles/__idf_lwip.dir/lwip/src/core/tcp.c.obj
[267/1044] Building C object esp-idf/lwip/CMakeFiles/__idf_lwip.dir/lwip/src/netif/bridgeif_fdb.c.obj
[244/1044] Building C object esp-idf/lwip/CMakeFiles/__idf_lwip.dir/lwip/src/core/netif.c.obj
[245/1044] Building C object esp-idf/lwip/CMakeFiles/__idf_lwip.dir/lwip/src/core/ipv4/etharp.c.obj
[268/1044] Building C object esp-idf/lwip/CMakeFiles/__idf_lwip.dir/lwip/src/core/udp.c.obj
[269/1044] Building C object esp-idf/lwip/CMakeFiles/__idf_lwip.dir/lwip/src/core/ipv6/icmp6.c.obj
[270/1044] Building C object esp-idf/lwip/CMakeFiles/__idf_lwip.dir/lwip/src/netif/slipif.c.obj
[271/1044] Building C object esp-idf/lwip/CMakeFiles/__idf_lwip.dir/lwip/src/netif/ppp/auth.c.obj
[246/1044] Building C object esp-idf/lwip/CMakeFiles/__idf_lwip.dir/lwip/src/core/ipv4/icmp.c.obj
[272/1044] Building C object esp-idf/lwip/CMakeFiles/__idf_lwip.dir/lwip/src/core/ipv4/dhcp.c.obj
[247/1044] Building C object esp-idf/lwip/CMakeFiles/__idf_lwip.dir/lwip/src/core/ipv4/ip4_napt.c.obj
[248/1044] Building C object esp-idf/lwip/CMakeFiles/__idf_lwip.dir/lwip/src/core/pbuf.c.obj
[273/1044] Building C object esp-idf/lwip/CMakeFiles/__idf_lwip.dir/lwip/src/netif/ethernet.c.obj
[274/1044] Building C object esp-idf/lwip/CMakeFiles/__idf_lwip.dir/lwip/src/netif/ppp/eui64.c.obj
[249/1044] Building C object esp-idf/lwip/CMakeFiles/__idf_lwip.dir/lwip/src/core/ipv4/autoip.c.obj
[339/1044] Building C object esp-idf/esp_driver_uart/CMakeFiles/__idf_esp_driver_uart.dir/src/uart_wakeup.c.obj
[340/1044] Building C object esp-idf/esp_event/CMakeFiles/__idf_esp_event.dir/esp_event_private.c.obj
[275/1044] Building C object esp-idf/lwip/CMakeFiles/__idf_lwip.dir/lwip/src/netif/ppp/ipcp.c.obj
-- Compiler supported targets: xtensa-esp-elf
[250/1044] Building C object esp-idf/lwip/CMakeFiles/__idf_lwip.dir/lwip/src/core/ipv4/ip4_addr.c.obj
[276/1044] Building C object esp-idf/lwip/CMakeFiles/__idf_lwip.dir/lwip/src/netif/ppp/ipv6cp.c.obj
[277/1044] Building C object esp-idf/lwip/CMakeFiles/__idf_lwip.dir/lwip/src/core/ipv6/mld6.c.obj
[278/1044] Building C object esp-idf/lwip/CMakeFiles/__idf_lwip.dir/lwip/src/netif/ppp/chap-md5.c.obj
[251/1044] Building C object esp-idf/lwip/CMakeFiles/__idf_lwip.dir/lwip/src/core/ipv4/ip4_frag.c.obj
[341/1044] Building C object esp-idf/vfs/CMakeFiles/__idf_vfs.dir/vfs.c.obj
[279/1044] Building C object esp-idf/lwip/CMakeFiles/__idf_lwip.dir/lwip/src/netif/ppp/chap_ms.c.obj
[252/1044] Building C object esp-idf/lwip/CMakeFiles/__idf_lwip.dir/lwip/src/core/timeouts.c.obj
[280/1044] Building C object esp-idf/lwip/CMakeFiles/__idf_lwip.dir/lwip/src/netif/ppp/chap-new.c.obj
[281/1044] Building C object esp-idf/lwip/CMakeFiles/__idf_lwip.dir/lwip/src/netif/ppp/ccp.c.obj
[282/1044] Building C object esp-idf/lwip/CMakeFiles/__idf_lwip.dir/lwip/src/netif/ppp/demand.c.obj
[283/1044] Building C object esp-idf/lwip/CMakeFiles/__idf_lwip.dir/lwip/src/netif/ppp/ecp.c.obj
[342/1044] Building CXX object esp-idf/nvs_flash/CMakeFiles/__idf_nvs_flash.dir/src/nvs_partition.cpp.obj
[253/1044] Building C object esp-idf/lwip/CMakeFiles/__idf_lwip.dir/lwip/src/api/api_msg.c.obj
[254/1044] Building C object esp-idf/lwip/CMakeFiles/__idf_lwip.dir/lwip/src/core/ipv6/ethip6.c.obj
[284/1044] Building C object esp-idf/lwip/CMakeFiles/__idf_lwip.dir/lwip/src/netif/ppp/eap.c.obj
[255/1044] Building C object esp-idf/lwip/CMakeFiles/__idf_lwip.dir/lwip/src/core/ipv6/inet6.c.obj
-- USING O3
[343/1044] Linking C static library esp-idf/vfs/libvfs.a
[256/1044] Building C object esp-idf/lwip/CMakeFiles/__idf_lwip.dir/lwip/src/core/dns.c.obj
[285/1044] Building C object esp-idf/lwip/CMakeFiles/__idf_lwip.dir/lwip/src/netif/ppp/lcp.c.obj
[286/1044] Building C object esp-idf/lwip/CMakeFiles/__idf_lwip.dir/lwip/src/netif/ppp/utils.c.obj
[287/1044] Building C object esp-idf/lwip/CMakeFiles/__idf_lwip.dir/lwip/src/netif/ppp/multilink.c.obj
[288/1044] Building C object esp-idf/lwip/CMakeFiles/__idf_lwip.dir/lwip/src/netif/ppp/pppoe.c.obj
[289/1044] Building C object esp-idf/lwip/CMakeFiles/__idf_lwip.dir/lwip/src/core/ipv6/ip6.c.obj
[290/1044] Building C object esp-idf/lwip/CMakeFiles/__idf_lwip.dir/lwip/src/netif/ppp/fsm.c.obj
[344/1044] Linking C static library esp-idf/esp_vfs_console/libesp_vfs_console.a
[291/1044] Building C object esp-idf/lwip/CMakeFiles/__idf_lwip.dir/lwip/src/netif/ppp/mppe.c.obj
[257/1044] Building C object esp-idf/lwip/CMakeFiles/__idf_lwip.dir/lwip/src/core/ipv6/dhcp6.c.obj
[292/1044] Building C object esp-idf/lwip/CMakeFiles/__idf_lwip.dir/lwip/src/netif/ppp/magic.c.obj
NOTICE: Processing 3 dependencies:
NOTICE: [1/3] espressif/cmake_utilities (0.5.3)
NOTICE: [2/3] espressif/elf_loader (1.1.1)
NOTICE: [3/3] idf (6.0.0)
[293/1044] Building C object esp-idf/lwip/CMakeFiles/__idf_lwip.dir/lwip/src/netif/ppp/pppos.c.obj
[294/1044] Building C object esp-idf/lwip/CMakeFiles/__idf_lwip.dir/lwip/src/netif/ppp/pppapi.c.obj
[258/1044] Building C object esp-idf/lwip/CMakeFiles/__idf_lwip.dir/lwip/src/core/ipv4/igmp.c.obj
-- Adding linker script /home/tikhon/Документы/magnolia/applets/go/gotest/build/esp-idf/esp_system/ld/memory.ld
-- Adding linker script /home/tikhon/Документы/magnolia/applets/go/gotest/build/esp-idf/esp_system/ld/sections.ld.in
[345/1044] Linking C static library esp-idf/esp_driver_usb_serial_jtag/libesp_driver_usb_serial_jtag.a
-- Adding linker script /home/tikhon/Документы/magnolia/esp-idf/components/esp_rom/esp32s3/ld/esp32s3.rom.ld
-- Adding linker script /home/tikhon/Документы/magnolia/esp-idf/components/esp_rom/esp32s3/ld/esp32s3.rom.api.ld
[259/1044] Building C object esp-idf/lwip/CMakeFiles/__idf_lwip.dir/lwip/src/core/udp.c.obj
-- Adding linker script /home/tikhon/Документы/magnolia/esp-idf/components/esp_rom/esp32s3/ld/esp32s3.rom.bt_funcs.ld
-- Adding linker script /home/tikhon/Документы/magnolia/esp-idf/components/esp_rom/esp32s3/ld/esp32s3.rom.libgcc.ld
-- Adding linker script /home/tikhon/Документы/magnolia/esp-idf/components/esp_rom/esp32s3/ld/esp32s3.rom.wdt.ld
-- Adding linker script /home/tikhon/Документы/magnolia/esp-idf/components/esp_rom/esp32s3/ld/esp32s3.rom.version.ld
-- Adding linker script /home/tikhon/Документы/magnolia/esp-idf/components/esp_rom/esp32s3/ld/esp32s3.rom.ble_master.ld
-- Adding linker script /home/tikhon/Документы/magnolia/esp-idf/components/esp_rom/esp32s3/ld/esp32s3.rom.ble_50.ld
-- Adding linker script /home/tikhon/Документы/magnolia/esp-idf/components/esp_rom/esp32s3/ld/esp32s3.rom.ble_smp.ld
-- Adding linker script /home/tikhon/Документы/magnolia/esp-idf/components/esp_rom/esp32s3/ld/esp32s3.rom.ble_dtm.ld
-- Adding linker script /home/tikhon/Документы/magnolia/esp-idf/components/esp_rom/esp32s3/ld/esp32s3.rom.ble_test.ld
-- Adding linker script /home/tikhon/Документы/magnolia/esp-idf/components/esp_rom/esp32s3/ld/esp32s3.rom.ble_scan.ld
-- Adding linker script /home/tikhon/Документы/magnolia/esp-idf/components/esp_rom/esp32s3/ld/esp32s3.rom.libc.ld
-- Adding linker script /home/tikhon/Документы/magnolia/esp-idf/components/esp_rom/esp32s3/ld/esp32s3.rom.newlib.ld
[295/1044] Building C object esp-idf/lwip/CMakeFiles/__idf_lwip.dir/lwip/src/netif/ppp/pppcrypt.c.obj
-- Adding linker script /home/tikhon/Документы/magnolia/esp-idf/components/soc/esp32s3/ld/esp32s3.peripherals.ld
[296/1044] Building C object esp-idf/lwip/CMakeFiles/__idf_lwip.dir/lwip/src/netif/ppp/upap.c.obj
[297/1044] Building C object esp-idf/lwip/CMakeFiles/__idf_lwip.dir/lwip/src/netif/ppp/ppp.c.obj
[298/1044] Building C object esp-idf/lwip/CMakeFiles/__idf_lwip.dir/lwip/src/netif/ppp/pppol2tp.c.obj
[260/1044] Building C object esp-idf/lwip/CMakeFiles/__idf_lwip.dir/lwip/src/netif/bridgeif.c.obj
[299/1044] Building C object esp-idf/lwip/CMakeFiles/__idf_lwip.dir/lwip/src/api/sockets.c.obj
[346/1044] Building C object esp-idf/esp_event/CMakeFiles/__idf_esp_event.dir/esp_event.c.obj
[261/1044] Building C object esp-idf/lwip/CMakeFiles/__idf_lwip.dir/lwip/src/core/ipv4/ip4.c.obj
[300/1044] Building C object esp-idf/lwip/CMakeFiles/__idf_lwip.dir/lwip/src/netif/ppp/vj.c.obj
[262/1044] Building C object esp-idf/lwip/CMakeFiles/__idf_lwip.dir/lwip/src/core/ipv6/icmp6.c.obj
[263/1044] Building C object esp-idf/esp_netif/CMakeFiles/__idf_esp_netif.dir/lwip/esp_netif_lwip.c.obj
[347/1044] Building CXX object esp-idf/nvs_flash/CMakeFiles/__idf_nvs_flash.dir/src/nvs_partition_lookup.cpp.obj
[348/1044] Linking C static library esp-idf/esp_phy/libesp_phy.a
[264/1044] Building C object esp-idf/lwip/CMakeFiles/__idf_lwip.dir/lwip/src/core/ipv6/ip6_frag.c.obj
[265/1044] Building C object esp-idf/lwip/CMakeFiles/__idf_lwip.dir/lwip/src/netif/ethernet.c.obj
[266/1044] Building C object esp-idf/lwip/CMakeFiles/__idf_lwip.dir/lwip/src/core/tcp_out.c.obj
-- ELF_LOADER: 1.1.1
[267/1044] Building C object esp-idf/lwip/CMakeFiles/__idf_lwip.dir/lwip/src/core/ipv6/ip6_addr.c.obj
[301/1044] Building C object esp-idf/lwip/CMakeFiles/__idf_lwip.dir/apps/ping/esp_ping.c.obj
[302/1044] Building C object esp-idf/lwip/CMakeFiles/__idf_lwip.dir/port/hooks/tcp_isn_default.c.obj
[303/1044] Building C object esp-idf/lwip/CMakeFiles/__idf_lwip.dir/lwip/src/netif/ppp/polarssl/des.c.obj
[304/1044] Building C object esp-idf/lwip/CMakeFiles/__idf_lwip.dir/port/freertos/sys_arch.c.obj
[305/1044] Building C object esp-idf/lwip/CMakeFiles/__idf_lwip.dir/port/sockets_ext.c.obj
[306/1044] Building C object esp-idf/lwip/CMakeFiles/__idf_lwip.dir/apps/ping/ping.c.obj
[307/1044] Building C object esp-idf/lwip/CMakeFiles/__idf_lwip.dir/lwip/src/netif/ppp/polarssl/arc4.c.obj
[308/1044] Linking C static library esp-idf/esp_netif/libesp_netif.a
[309/1044] Building C object esp-idf/lwip/CMakeFiles/__idf_lwip.dir/port/debug/lwip_debug.c.obj
[310/1044] Building C object esp-idf/lwip/CMakeFiles/__idf_lwip.dir/port/if_index.c.obj
[311/1044] Building C object esp-idf/lwip/CMakeFiles/__idf_lwip.dir/port/acd_dhcp_check.c.obj
[268/1044] Building C object esp-idf/lwip/CMakeFiles/__idf_lwip.dir/lwip/src/netif/ppp/chap-new.c.obj
[312/1044] Building C object esp-idf/lwip/CMakeFiles/__idf_lwip.dir/lwip/src/netif/ppp/polarssl/md5.c.obj
[269/1044] Building C object esp-idf/lwip/CMakeFiles/__idf_lwip.dir/lwip/src/core/tcp.c.obj
[349/1044] Building C object esp-idf/esp_driver_uart/CMakeFiles/__idf_esp_driver_uart.dir/src/uart_vfs.c.obj
[270/1044] Building C object esp-idf/lwip/CMakeFiles/__idf_lwip.dir/lwip/src/netif/ppp/ccp.c.obj
[313/1044] Building C object esp-idf/lwip/CMakeFiles/__idf_lwip.dir/lwip/src/netif/ppp/polarssl/sha1.c.obj
[271/1044] Building C object esp-idf/lwip/CMakeFiles/__idf_lwip.dir/lwip/src/netif/bridgeif_fdb.c.obj
[314/1044] Building C object esp-idf/lwip/CMakeFiles/__idf_lwip.dir/port/hooks/lwip_default_hooks.c.obj
[272/1044] Building C object esp-idf/lwip/CMakeFiles/__idf_lwip.dir/lwip/src/netif/ppp/chap_ms.c.obj
[315/1044] Building C object esp-idf/lwip/CMakeFiles/__idf_lwip.dir/port/esp32xx/vfs_lwip.c.obj
[273/1044] Building C object esp-idf/lwip/CMakeFiles/__idf_lwip.dir/lwip/src/netif/ppp/auth.c.obj
[316/1044] Building C object esp-idf/lwip/CMakeFiles/__idf_lwip.dir/lwip/src/netif/ppp/polarssl/md4.c.obj
[274/1044] Building C object esp-idf/lwip/CMakeFiles/__idf_lwip.dir/lwip/src/netif/ppp/chap-md5.c.obj
[275/1044] Building C object esp-idf/lwip/CMakeFiles/__idf_lwip.dir/lwip/src/core/ipv6/mld6.c.obj
-- App "hexdump" version: c092b7f-dirty
[276/1044] Building C object esp-idf/lwip/CMakeFiles/__idf_lwip.dir/lwip/src/core/ipv4/dhcp.c.obj
[277/1044] Building C object esp-idf/lwip/CMakeFiles/__idf_lwip.dir/lwip/src/netif/ppp/demand.c.obj
[278/1044] Building C object esp-idf/lwip/CMakeFiles/__idf_lwip.dir/lwip/src/netif/ppp/eap.c.obj
[279/1044] Building C object esp-idf/lwip/CMakeFiles/__idf_lwip.dir/lwip/src/netif/ppp/ecp.c.obj
-- Project sdkconfig file /home/tikhon/Документы/magnolia/applets/go/goxxd/sdkconfig
[280/1044] Building C object esp-idf/lwip/CMakeFiles/__idf_lwip.dir/lwip/src/core/tcp_in.c.obj
[350/1044] Building C object esp-idf/esp_timer/CMakeFiles/__idf_esp_timer.dir/src/esp_timer_init.c.obj
[281/1044] Building C object esp-idf/lwip/CMakeFiles/__idf_lwip.dir/lwip/src/api/sockets.c.obj
Executing action: elf
Running ninja in directory /home/tikhon/Документы/magnolia/applets/rust/rhexdump/build
Executing "ninja elf"...
[0/2] Re-checking globbed directories...
[1/2] Re-running CMake...
[282/1044] Building C object esp-idf/lwip/CMakeFiles/__idf_lwip.dir/lwip/src/core/ipv6/ip6.c.obj
[317/1044] Building C object esp-idf/esp_phy/CMakeFiles/__idf_esp_phy.dir/src/lib_printf.c.obj
[318/1044] Building C object esp-idf/esp_driver_usb_serial_jtag/CMakeFiles/__idf_esp_driver_usb_serial_jtag.dir/src/usb_serial_jtag.c.obj
[283/1044] Building C object esp-idf/lwip/CMakeFiles/__idf_lwip.dir/lwip/src/netif/slipif.c.obj
[284/1044] Building C object esp-idf/lwip/CMakeFiles/__idf_lwip.dir/lwip/src/netif/ppp/fsm.c.obj
[351/1044] Building C object esp-idf/esp_driver_gptimer/CMakeFiles/__idf_esp_driver_gptimer.dir/src/gptimer_common.c.obj
[319/1044] Building C object esp-idf/esp_phy/CMakeFiles/__idf_esp_phy.dir/src/btbb_init.c.obj
[285/1044] Building C object esp-idf/lwip/CMakeFiles/__idf_lwip.dir/lwip/src/netif/ppp/pppcrypt.c.obj
[320/1044] Building C object esp-idf/esp_phy/CMakeFiles/__idf_esp_phy.dir/esp32s3/phy_init_data.c.obj
[321/1044] Building C object esp-idf/esp_phy/CMakeFiles/__idf_esp_phy.dir/src/phy_common.c.obj
[286/1044] Building C object esp-idf/lwip/CMakeFiles/__idf_lwip.dir/lwip/src/netif/ppp/eui64.c.obj
[322/1044] Building C object esp-idf/esp_phy/CMakeFiles/__idf_esp_phy.dir/src/phy_override.c.obj
[323/1044] Building C object esp-idf/esp_driver_usb_serial_jtag/CMakeFiles/__idf_esp_driver_usb_serial_jtag.dir/src/usb_serial_jtag_connection_monitor.c.obj
[287/1044] Building C object esp-idf/lwip/CMakeFiles/__idf_lwip.dir/lwip/src/netif/ppp/pppapi.c.obj
[288/1044] Building C object esp-idf/lwip/CMakeFiles/__idf_lwip.dir/lwip/src/netif/ppp/pppol2tp.c.obj
[289/1044] Building C object esp-idf/lwip/CMakeFiles/__idf_lwip.dir/lwip/src/netif/ppp/pppos.c.obj
[324/1044] Building C object esp-idf/vfs/CMakeFiles/__idf_vfs.dir/nullfs.c.obj
[325/1044] Building C object esp-idf/vfs/CMakeFiles/__idf_vfs.dir/vfs_eventfd.c.obj
[290/1044] Building C object esp-idf/lwip/CMakeFiles/__idf_lwip.dir/lwip/src/netif/ppp/magic.c.obj
[291/1044] Building C object esp-idf/lwip/CMakeFiles/__idf_lwip.dir/lwip/src/netif/ppp/multilink.c.obj
[292/1044] Building C object esp-idf/lwip/CMakeFiles/__idf_lwip.dir/lwip/src/netif/ppp/ipcp.c.obj
NOTICE: Processing 3 dependencies:
NOTICE: [1/3] espressif/cmake_utilities (0.5.3)
NOTICE: [2/3] espressif/elf_loader (1.1.1)
[352/1044] Building C object esp-idf/esp_ringbuf/CMakeFiles/__idf_esp_ringbuf.dir/ringbuf.c.obj
NOTICE: [3/3] idf (6.0.0)
[293/1044] Building C object esp-idf/lwip/CMakeFiles/__idf_lwip.dir/lwip/src/netif/ppp/ipv6cp.c.obj
[294/1044] Building C object esp-idf/lwip/CMakeFiles/__idf_lwip.dir/lwip/src/netif/ppp/mppe.c.obj
[326/1044] Building C object esp-idf/esp_vfs_console/CMakeFiles/__idf_esp_vfs_console.dir/vfs_console.c.obj
[295/1044] Building C object esp-idf/lwip/CMakeFiles/__idf_lwip.dir/lwip/src/netif/ppp/vj.c.obj
[353/1044] Building C object esp-idf/esp_timer/CMakeFiles/__idf_esp_timer.dir/src/esp_timer.c.obj
[296/1044] Building C object esp-idf/lwip/CMakeFiles/__idf_lwip.dir/lwip/src/netif/ppp/upap.c.obj
[297/1044] Building C object esp-idf/lwip/CMakeFiles/__idf_lwip.dir/lwip/src/netif/ppp/ppp.c.obj
[354/1044] Building C object esp-idf/esp_timer/CMakeFiles/__idf_esp_timer.dir/src/ets_timer_legacy.c.obj
[298/1044] Building C object esp-idf/lwip/CMakeFiles/__idf_lwip.dir/lwip/src/netif/ppp/utils.c.obj
[327/1044] Building C object esp-idf/lwip/CMakeFiles/__idf_lwip.dir/apps/ping/ping_sock.c.obj
[299/1044] Building C object esp-idf/lwip/CMakeFiles/__idf_lwip.dir/lwip/src/netif/ppp/pppoe.c.obj
[328/1044] Building C object esp-idf/lwip/CMakeFiles/__idf_lwip.dir/lwip/src/core/ipv6/nd6.c.obj
[355/1044] Building C object esp-idf/esp_driver_uart/CMakeFiles/__idf_esp_driver_uart.dir/src/uhci.c.obj
[329/1044] Building C object esp-idf/vfs/CMakeFiles/__idf_vfs.dir/vfs_semihost.c.obj
[300/1044] Building C object esp-idf/lwip/CMakeFiles/__idf_lwip.dir/lwip/src/netif/ppp/lcp.c.obj
[356/1044] Building C object esp-idf/esp_timer/CMakeFiles/__idf_esp_timer.dir/src/system_time.c.obj
-- ESP-TEE is currently supported only on the esp32c6;esp32h2;esp32c5 SoCs
[357/1044] Building C object esp-idf/esp_driver_uart/CMakeFiles/__idf_esp_driver_uart.dir/src/uart.c.obj
-- ELF_LOADER: 1.1.1
[358/1044] Building C object esp-idf/esp_driver_gptimer/CMakeFiles/__idf_esp_driver_gptimer.dir/src/gptimer.c.obj
[301/1044] Building C object esp-idf/lwip/CMakeFiles/__idf_lwip.dir/port/hooks/tcp_isn_default.c.obj
[330/1044] Building CXX object esp-idf/nvs_flash/CMakeFiles/__idf_nvs_flash.dir/src/nvs_platform.cpp.obj
[302/1044] Building C object esp-idf/lwip/CMakeFiles/__idf_lwip.dir/port/freertos/sys_arch.c.obj
[359/1044] Building C object esp-idf/esp_timer/CMakeFiles/__idf_esp_timer.dir/src/esp_timer_impl_systimer.c.obj
[331/1044] Building C object esp-idf/esp_driver_usb_serial_jtag/CMakeFiles/__idf_esp_driver_usb_serial_jtag.dir/src/usb_serial_jtag_vfs.c.obj
[303/1044] Building C object esp-idf/lwip/CMakeFiles/__idf_lwip.dir/port/if_index.c.obj
[304/1044] Building C object esp-idf/lwip/CMakeFiles/__idf_lwip.dir/lwip/src/netif/ppp/polarssl/md4.c.obj
[360/1044] Building C object esp-idf/esp_timer/CMakeFiles/__idf_esp_timer.dir/src/esp_timer_impl_common.c.obj
[305/1044] Linking C static library esp-idf/esp_netif/libesp_netif.a
[332/1044] Building C object esp-idf/lwip/CMakeFiles/__idf_lwip.dir/apps/dhcpserver/dhcpserver.c.obj
[306/1044] Building C object esp-idf/lwip/CMakeFiles/__idf_lwip.dir/lwip/src/netif/ppp/polarssl/md5.c.obj
[361/1044] Building CXX object esp-idf/cxx/CMakeFiles/__idf_cxx.dir/cxx_exception_stubs.cpp.obj
[307/1044] Building C object esp-idf/lwip/CMakeFiles/__idf_lwip.dir/lwip/src/netif/ppp/polarssl/des.c.obj
[308/1044] Building C object esp-idf/lwip/CMakeFiles/__idf_lwip.dir/lwip/src/netif/ppp/polarssl/sha1.c.obj
[333/1044] Building C object esp-idf/esp_phy/CMakeFiles/__idf_esp_phy.dir/src/phy_init.c.obj
[309/1044] Building C object esp-idf/lwip/CMakeFiles/__idf_lwip.dir/apps/ping/esp_ping.c.obj
[310/1044] Building C object esp-idf/lwip/CMakeFiles/__idf_lwip.dir/lwip/src/netif/ppp/polarssl/arc4.c.obj
[334/1044] Building C object esp-idf/nvs_flash/CMakeFiles/__idf_nvs_flash.dir/src/nvs_bootloader.c.obj
[311/1044] Building C object esp-idf/lwip/CMakeFiles/__idf_lwip.dir/port/sockets_ext.c.obj
[362/1044] Building CXX object esp-idf/cxx/CMakeFiles/__idf_cxx.dir/cxx_init.cpp.obj
[312/1044] Building C object esp-idf/lwip/CMakeFiles/__idf_lwip.dir/port/hooks/lwip_default_hooks.c.obj
[313/1044] Building C object esp-idf/lwip/CMakeFiles/__idf_lwip.dir/port/acd_dhcp_check.c.obj
[314/1044] Building C object esp-idf/lwip/CMakeFiles/__idf_lwip.dir/apps/ping/ping.c.obj
[335/1044] Building C object esp-idf/nvs_flash/CMakeFiles/__idf_nvs_flash.dir/src/nvs_bootloader_aes.c.obj
[315/1044] Building C object esp-idf/lwip/CMakeFiles/__idf_lwip.dir/port/esp32xx/vfs_lwip.c.obj
[336/1044] Building C object esp-idf/nvs_flash/CMakeFiles/__idf_nvs_flash.dir/src/nvs_bootloader_xts_aes.c.obj
[316/1044] Building C object esp-idf/esp_phy/CMakeFiles/__idf_esp_phy.dir/src/lib_printf.c.obj
[317/1044] Building C object esp-idf/esp_phy/CMakeFiles/__idf_esp_phy.dir/esp32s3/phy_init_data.c.obj
[337/1044] Building C object esp-idf/esp_event/CMakeFiles/__idf_esp_event.dir/default_event_loop.c.obj
[318/1044] Building C object esp-idf/lwip/CMakeFiles/__idf_lwip.dir/port/debug/lwip_debug.c.obj
[319/1044] Building C object esp-idf/vfs/CMakeFiles/__idf_vfs.dir/nullfs.c.obj
[363/1044] Building C object esp-idf/pthread/CMakeFiles/__idf_pthread.dir/pthread.c.obj
[320/1044] Building C object esp-idf/esp_phy/CMakeFiles/__idf_esp_phy.dir/src/phy_override.c.obj
[364/1044] Building C object esp-idf/newlib/CMakeFiles/__idf_newlib.dir/src/init.c.obj
[365/1044] Building C object esp-idf/pthread/CMakeFiles/__idf_pthread.dir/pthread_cond_var.c.obj
[321/1044] Building C object esp-idf/esp_phy/CMakeFiles/__idf_esp_phy.dir/src/phy_init.c.obj
[322/1044] Building C object esp-idf/esp_driver_usb_serial_jtag/CMakeFiles/__idf_esp_driver_usb_serial_jtag.dir/src/usb_serial_jtag_connection_monitor.c.obj
[366/1044] Building CXX object esp-idf/nvs_flash/CMakeFiles/__idf_nvs_flash.dir/src/nvs_handle_locked.cpp.obj
[338/1044] Building C object esp-idf/esp_event/CMakeFiles/__idf_esp_event.dir/esp_event_private.c.obj
[323/1044] Building C object esp-idf/lwip/CMakeFiles/__idf_lwip.dir/apps/ping/ping_sock.c.obj
[367/1044] Building C object esp-idf/newlib/CMakeFiles/__idf_newlib.dir/src/abort.c.obj
-- Minimal build - OFF
-- ESP-TEE is currently supported only on the esp32c6;esp32h2;esp32c5 SoCs
[368/1044] Building C object esp-idf/pthread/CMakeFiles/__idf_pthread.dir/pthread_local_storage.c.obj
[324/1044] Building C object esp-idf/esp_vfs_console/CMakeFiles/__idf_esp_vfs_console.dir/vfs_console.c.obj
[369/1044] Building C object esp-idf/pthread/CMakeFiles/__idf_pthread.dir/pthread_semaphore.c.obj
[325/1044] Building C object esp-idf/esp_phy/CMakeFiles/__idf_esp_phy.dir/src/btbb_init.c.obj
[326/1044] Building C object esp-idf/esp_phy/CMakeFiles/__idf_esp_phy.dir/src/phy_common.c.obj
[370/1044] Building C object esp-idf/newlib/CMakeFiles/__idf_newlib.dir/src/assert.c.obj
[371/1044] Building C object esp-idf/pthread/CMakeFiles/__idf_pthread.dir/pthread_rwlock.c.obj
-- USING O3
[339/1044] Linking C static library esp-idf/lwip/liblwip.a
[372/1044] Building C object esp-idf/newlib/CMakeFiles/__idf_newlib.dir/src/poll.c.obj
[340/1044] Building C object esp-idf/esp_driver_uart/CMakeFiles/__idf_esp_driver_uart.dir/src/uart_wakeup.c.obj
[373/1044] Building C object esp-idf/newlib/CMakeFiles/__idf_newlib.dir/src/heap.c.obj
[374/1044] Building C object esp-idf/newlib/CMakeFiles/__idf_newlib.dir/src/getentropy.c.obj
[327/1044] Building C object esp-idf/lwip/CMakeFiles/__idf_lwip.dir/lwip/src/core/ipv6/nd6.c.obj
-- Building ESP-IDF components for target esp32s3
[375/1044] Building C object esp-idf/newlib/CMakeFiles/__idf_newlib.dir/src/termios.c.obj
-- Adding linker script /home/tikhon/Документы/magnolia/applets/go/gohexdump/build/esp-idf/esp_system/ld/memory.ld
-- Adding linker script /home/tikhon/Документы/magnolia/applets/go/gohexdump/build/esp-idf/esp_system/ld/sections.ld.in
-- Components: app_trace app_update bootloader bootloader_support bt cmock console cxx driver efuse esp-tls esp_adc esp_app_format esp_bootloader_format esp_coex esp_common esp_driver_ana_cmpr esp_driver_bitscrambler esp_driver_cam esp_driver_dac esp_driver_gpio esp_driver_gptimer esp_driver_i2c esp_driver_i2s esp_driver_i3c esp_driver_isp esp_driver_jpeg esp_driver_ledc esp_driver_mcpwm esp_driver_parlio esp_driver_pcnt esp_driver_ppa esp_driver_rmt esp_driver_sd_intf esp_driver_sdio esp_driver_sdm esp_driver_sdmmc esp_driver_sdspi esp_driver_spi esp_driver_touch_sens esp_driver_tsens esp_driver_twai esp_driver_uart esp_driver_usb_serial_jtag esp_eth esp_event esp_gdbstub esp_hid esp_http_client esp_http_server esp_https_ota esp_https_server esp_hw_support esp_lcd esp_local_ctrl esp_mm esp_netif esp_netif_stack esp_partition esp_phy esp_pm esp_psram esp_ringbuf esp_rom esp_security esp_system esp_timer esp_vfs_console esp_wifi espcoredump espressif__cmake_utilities espressif__elf_loader esptool_py fatfs freertos hal heap http_parser idf_test ieee802154 json log lwip main mbedtls mqtt newlib nvs_flash nvs_sec_provider openthread partition_table perfmon protobuf-c protocomm pthread rt sdmmc soc spi_flash spiffs tcp_transport touch_element ulp unity usb vfs wear_levelling wifi_provisioning wpa_supplicant xtensa
-- Component paths: /home/tikhon/Документы/magnolia/esp-idf/components/app_trace /home/tikhon/Документы/magnolia/esp-idf/components/app_update /home/tikhon/Документы/magnolia/esp-idf/components/bootloader /home/tikhon/Документы/magnolia/esp-idf/components/bootloader_support /home/tikhon/Документы/magnolia/esp-idf/components/bt /home/tikhon/Документы/magnolia/esp-idf/components/cmock /home/tikhon/Документы/magnolia/esp-idf/components/console /home/tikhon/Документы/magnolia/esp-idf/components/cxx /home/tikhon/Документы/magnolia/esp-idf/components/driver /home/tikhon/Документы/magnolia/esp-idf/components/efuse /home/tikhon/Документы/magnolia/esp-idf/components/esp-tls /home/tikhon/Документы/magnolia/esp-idf/components/esp_adc /home/tikhon/Документы/magnolia/esp-idf/components/esp_app_format /home/tikhon/Документы/magnolia/esp-idf/components/esp_bootloader_format /home/tikhon/Документы/magnolia/esp-idf/components/esp_coex /home/tikhon/Документы/magnolia/esp-idf/components/esp_common /home/tikhon/Документы/magnolia/esp-idf/components/esp_driver_ana_cmpr /home/tikhon/Документы/magnolia/esp-idf/components/esp_driver_bitscrambler /home/tikhon/Документы/magnolia/esp-idf/components/esp_driver_cam /home/tikhon/Документы/magnolia/esp-idf/components/esp_driver_dac /home/tikhon/Документы/magnolia/esp-idf/components/esp_driver_gpio /home/tikhon/Документы/magnolia/esp-idf/components/esp_driver_gptimer /home/tikhon/Документы/magnolia/esp-idf/components/esp_driver_i2c /home/tikhon/Документы/magnolia/esp-idf/components/esp_driver_i2s /home/tikhon/Документы/magnolia/esp-idf/components/esp_driver_i3c /home/tikhon/Документы/magnolia/esp-idf/components/esp_driver_isp /home/tikhon/Документы/magnolia/esp-idf/components/esp_driver_jpeg /home/tikhon/Документы/magnolia/esp-idf/components/esp_driver_ledc /home/tikhon/Документы/magnolia/esp-idf/components/esp_driver_mcpwm /home/tikhon/Документы/magnolia/esp-idf/components/esp_driver_parlio /home/tikhon/Документы/magnolia/esp-idf/components/esp_driver_pcnt /home/tikhon/Документы/magnolia/esp-idf/components/esp_driver_ppa /home/tikhon/Документы/magnolia/esp-idf/components/esp_driver_rmt /home/tikhon/Документы/magnolia/esp-idf/components/esp_driver_sd_intf /home/tikhon/Документы/magnolia/esp-idf/components/esp_driver_sdio /home/tikhon/Документы/magnolia/esp-idf/components/esp_driver_sdm /home/tikhon/Документы/magnolia/esp-idf/components/esp_driver_sdmmc /home/tikhon/Документы/magnolia/esp-idf/components/esp_driver_sdspi /home/tikhon/Документы/magnolia/esp-idf/components/esp_driver_spi /home/tikhon/Документы/magnolia/esp-idf/components/esp_driver_touch_sens /home/tikhon/Документы/magnolia/esp-idf/components/esp_driver_tsens /home/tikhon/Документы/magnolia/esp-idf/components/esp_driver_twai /home/tikhon/Документы/magnolia/esp-idf/components/esp_driver_uart /home/tikhon/Документы/magnolia/esp-idf/components/esp_driver_usb_serial_jtag /home/tikhon/Документы/magnolia/esp-idf/components/esp_eth /home/tikhon/Документы/magnolia/esp-idf/components/esp_event /home/tikhon/Документы/magnolia/esp-idf/components/esp_gdbstub /home/tikhon/Документы/magnolia/esp-idf/components/esp_hid /home/tikhon/Документы/magnolia/esp-idf/components/esp_http_client /home/tikhon/Документы/magnolia/esp-idf/components/esp_http_server /home/tikhon/Документы/magnolia/esp-idf/components/esp_https_ota /home/tikhon/Документы/magnolia/esp-idf/components/esp_https_server /home/tikhon/Документы/magnolia/esp-idf/components/esp_hw_support /home/tikhon/Документы/magnolia/esp-idf/components/esp_lcd /home/tikhon/Документы/magnolia/esp-idf/components/esp_local_ctrl /home/tikhon/Документы/magnolia/esp-idf/components/esp_mm /home/tikhon/Документы/magnolia/esp-idf/components/esp_netif /home/tikhon/Документы/magnolia/esp-idf/components/esp_netif_stack /home/tikhon/Документы/magnolia/esp-idf/components/esp_partition /home/tikhon/Документы/magnolia/esp-idf/components/esp_phy /home/tikhon/Документы/magnolia/esp-idf/components/esp_pm /home/tikhon/Документы/magnolia/esp-idf/components/esp_psram /home/tikhon/Документы/magnolia/esp-idf/components/esp_ringbuf /home/tikhon/Документы/magnolia/esp-idf/components/esp_rom /home/tikhon/Документы/magnolia/esp-idf/components/esp_security /home/tikhon/Документы/magnolia/esp-idf/components/esp_system /home/tikhon/Документы/magnolia/esp-idf/components/esp_timer /home/tikhon/Документы/magnolia/esp-idf/components/esp_vfs_console /home/tikhon/Документы/magnolia/esp-idf/components/esp_wifi /home/tikhon/Документы/magnolia/esp-idf/components/espcoredump /home/tikhon/Документы/magnolia/applets/go/gohello/managed_components/espressif__cmake_utilities /home/tikhon/Документы/magnolia/applets/go/gohello/managed_components/espressif__elf_loader /home/tikhon/Документы/magnolia/esp-idf/components/esptool_py /home/tikhon/Документы/magnolia/esp-idf/components/fatfs /home/tikhon/Документы/magnolia/esp-idf/components/freertos /home/tikhon/Документы/magnolia/esp-idf/components/hal /home/tikhon/Документы/magnolia/esp-idf/components/heap /home/tikhon/Документы/magnolia/esp-idf/components/http_parser /home/tikhon/Документы/magnolia/esp-idf/components/idf_test /home/tikhon/Документы/magnolia/esp-idf/components/ieee802154 /home/tikhon/Документы/magnolia/esp-idf/components/json /home/tikhon/Документы/magnolia/esp-idf/components/log /home/tikhon/Документы/magnolia/esp-idf/components/lwip /home/tikhon/Документы/magnolia/applets/go/gohello/main /home/tikhon/Документы/magnolia/esp-idf/components/mbedtls /home/tikhon/Документы/magnolia/esp-idf/components/mqtt /home/tikhon/Документы/magnolia/esp-idf/components/newlib /home/tikhon/Документы/magnolia/esp-idf/components/nvs_flash /home/tikhon/Документы/magnolia/esp-idf/components/nvs_sec_provider /home/tikhon/Документы/magnolia/esp-idf/components/openthread /home/tikhon/Документы/magnolia/esp-idf/components/partition_table /home/tikhon/Документы/magnolia/esp-idf/components/perfmon /home/tikhon/Документы/magnolia/esp-idf/components/protobuf-c /home/tikhon/Документы/magnolia/esp-idf/components/protocomm /home/tikhon/Документы/magnolia/esp-idf/components/pthread /home/tikhon/Документы/magnolia/esp-idf/components/rt /home/tikhon/Документы/magnolia/esp-idf/components/sdmmc /home/tikhon/Документы/magnolia/esp-idf/components/soc /home/tikhon/Документы/magnolia/esp-idf/components/spi_flash /home/tikhon/Документы/magnolia/esp-idf/components/spiffs /home/tikhon/Документы/magnolia/esp-idf/components/tcp_transport /home/tikhon/Документы/magnolia/esp-idf/components/touch_element /home/tikhon/Документы/magnolia/esp-idf/components/ulp /home/tikhon/Документы/magnolia/esp-idf/components/unity /home/tikhon/Документы/magnolia/esp-idf/components/usb /home/tikhon/Документы/magnolia/esp-idf/components/vfs /home/tikhon/Документы/magnolia/esp-idf/components/wear_levelling /home/tikhon/Документы/magnolia/esp-idf/components/wifi_provisioning /home/tikhon/Документы/magnolia/esp-idf/components/wpa_supplicant /home/tikhon/Документы/magnolia/esp-idf/components/xtensa
[376/1044] Building C object esp-idf/newlib/CMakeFiles/__idf_newlib.dir/src/pthread.c.obj
-- Configuring done (19.0s)
[377/1044] Building C object esp-idf/newlib/CMakeFiles/__idf_newlib.dir/src/random.c.obj
[328/1044] Building C object esp-idf/esp_driver_usb_serial_jtag/CMakeFiles/__idf_esp_driver_usb_serial_jtag.dir/src/usb_serial_jtag.c.obj
-- Adding linker script /home/tikhon/Документы/magnolia/esp-idf/components/esp_rom/esp32s3/ld/esp32s3.rom.ld
-- Adding linker script /home/tikhon/Документы/magnolia/esp-idf/components/esp_rom/esp32s3/ld/esp32s3.rom.api.ld
-- Adding linker script /home/tikhon/Документы/magnolia/esp-idf/components/esp_rom/esp32s3/ld/esp32s3.rom.bt_funcs.ld
-- Adding linker script /home/tikhon/Документы/magnolia/esp-idf/components/esp_rom/esp32s3/ld/esp32s3.rom.libgcc.ld
-- Adding linker script /home/tikhon/Документы/magnolia/esp-idf/components/esp_rom/esp32s3/ld/esp32s3.rom.wdt.ld
-- Adding linker script /home/tikhon/Документы/magnolia/esp-idf/components/esp_rom/esp32s3/ld/esp32s3.rom.version.ld
-- Adding linker script /home/tikhon/Документы/magnolia/esp-idf/components/esp_rom/esp32s3/ld/esp32s3.rom.ble_master.ld
-- Adding linker script /home/tikhon/Документы/magnolia/esp-idf/components/esp_rom/esp32s3/ld/esp32s3.rom.ble_50.ld
-- Adding linker script /home/tikhon/Документы/magnolia/esp-idf/components/esp_rom/esp32s3/ld/esp32s3.rom.ble_smp.ld
-- Adding linker script /home/tikhon/Документы/magnolia/esp-idf/components/esp_rom/esp32s3/ld/esp32s3.rom.ble_dtm.ld
-- Adding linker script /home/tikhon/Документы/magnolia/esp-idf/components/esp_rom/esp32s3/ld/esp32s3.rom.ble_test.ld
-- Adding linker script /home/tikhon/Документы/magnolia/esp-idf/components/esp_rom/esp32s3/ld/esp32s3.rom.ble_scan.ld
-- Adding linker script /home/tikhon/Документы/magnolia/esp-idf/components/esp_rom/esp32s3/ld/esp32s3.rom.libc.ld
-- Adding linker script /home/tikhon/Документы/magnolia/esp-idf/components/esp_rom/esp32s3/ld/esp32s3.rom.newlib.ld
[329/1044] Building C object esp-idf/lwip/CMakeFiles/__idf_lwip.dir/apps/dhcpserver/dhcpserver.c.obj
[378/1044] Building C object esp-idf/newlib/CMakeFiles/__idf_newlib.dir/src/sysconf.c.obj
-- Adding linker script /home/tikhon/Документы/magnolia/esp-idf/components/soc/esp32s3/ld/esp32s3.peripherals.ld
[330/1044] Building C object esp-idf/vfs/CMakeFiles/__idf_vfs.dir/vfs_eventfd.c.obj
[331/1044] Building CXX object esp-idf/nvs_flash/CMakeFiles/__idf_nvs_flash.dir/src/nvs_platform.cpp.obj
[379/1044] Building C object esp-idf/newlib/CMakeFiles/__idf_newlib.dir/src/scandir.c.obj
[380/1044] Building CXX object esp-idf/nvs_flash/CMakeFiles/__idf_nvs_flash.dir/src/nvs_cxx_api.cpp.obj
[381/1044] Building C object esp-idf/newlib/CMakeFiles/__idf_newlib.dir/src/locks.c.obj
[382/1044] Building C object esp-idf/newlib/CMakeFiles/__idf_newlib.dir/src/realpath.c.obj
[341/1044] Building C object esp-idf/vfs/CMakeFiles/__idf_vfs.dir/vfs.c.obj
[342/1044] Building CXX object esp-idf/nvs_flash/CMakeFiles/__idf_nvs_flash.dir/src/nvs_partition_lookup.cpp.obj
[383/1044] Building C object esp-idf/newlib/CMakeFiles/__idf_newlib.dir/src/syscalls.c.obj
[332/1044] Building C object esp-idf/esp_driver_usb_serial_jtag/CMakeFiles/__idf_esp_driver_usb_serial_jtag.dir/src/usb_serial_jtag_vfs.c.obj
[384/1044] Building CXX object esp-idf/nvs_flash/CMakeFiles/__idf_nvs_flash.dir/src/nvs_types.cpp.obj
[385/1044] Building C object esp-idf/newlib/CMakeFiles/__idf_newlib.dir/src/flockfile.c.obj
[343/1044] Linking C static library esp-idf/vfs/libvfs.a
[386/1044] Building C object esp-idf/newlib/CMakeFiles/__idf_newlib.dir/src/time.c.obj
[387/1044] Building C object esp-idf/newlib/CMakeFiles/__idf_newlib.dir/src/reent_syscalls.c.obj
[388/1044] Building CXX object esp-idf/nvs_flash/CMakeFiles/__idf_nvs_flash.dir/src/nvs_encrypted_partition.cpp.obj
[389/1044] Building C object esp-idf/newlib/CMakeFiles/__idf_newlib.dir/src/reent_init.c.obj
[344/1044] Linking C static library esp-idf/esp_vfs_console/libesp_vfs_console.a
[390/1044] Building C object esp-idf/freertos/CMakeFiles/__idf_freertos.dir/heap_idf.c.obj
[333/1044] Linking C static library esp-idf/lwip/liblwip.a
[345/1044] Building C object esp-idf/esp_event/CMakeFiles/__idf_esp_event.dir/esp_event.c.obj
[334/1044] Building C object esp-idf/nvs_flash/CMakeFiles/__idf_nvs_flash.dir/src/nvs_bootloader_aes.c.obj
[391/1044] Building C object esp-idf/newlib/CMakeFiles/__idf_newlib.dir/src/newlib_init.c.obj
[392/1044] Building C object esp-idf/newlib/CMakeFiles/__idf_newlib.dir/src/stdatomic.c.obj
[393/1044] Building C object esp-idf/freertos/CMakeFiles/__idf_freertos.dir/FreeRTOS-Kernel/list.c.obj
[346/1044] Linking C static library esp-idf/esp_driver_usb_serial_jtag/libesp_driver_usb_serial_jtag.a
[394/1044] Building CXX object esp-idf/cxx/CMakeFiles/__idf_cxx.dir/cxx_guards.cpp.obj
[395/1044] Building C object esp-idf/newlib/CMakeFiles/__idf_newlib.dir/src/port/esp_time_impl.c.obj
[396/1044] Building C object esp-idf/freertos/CMakeFiles/__idf_freertos.dir/port_common.c.obj
[335/1044] Building C object esp-idf/vfs/CMakeFiles/__idf_vfs.dir/vfs_semihost.c.obj
[397/1044] Building CXX object esp-idf/nvs_flash/CMakeFiles/__idf_nvs_flash.dir/src/nvs_item_hash_list.cpp.obj
[336/1044] Building C object esp-idf/nvs_flash/CMakeFiles/__idf_nvs_flash.dir/src/nvs_bootloader.c.obj
[398/1044] Building ASM object esp-idf/freertos/CMakeFiles/__idf_freertos.dir/FreeRTOS-Kernel/portable/xtensa/portasm.S.obj
[347/1044] Linking C static library esp-idf/esp_phy/libesp_phy.a
[399/1044] Building C object esp-idf/freertos/CMakeFiles/__idf_freertos.dir/FreeRTOS-Kernel/portable/xtensa/xtensa_init.c.obj
[400/1044] Building C object esp-idf/freertos/CMakeFiles/__idf_freertos.dir/app_startup.c.obj
[401/1044] Building C object esp-idf/freertos/CMakeFiles/__idf_freertos.dir/FreeRTOS-Kernel/event_groups.c.obj
[337/1044] Building C object esp-idf/nvs_flash/CMakeFiles/__idf_nvs_flash.dir/src/nvs_bootloader_xts_aes.c.obj
[402/1044] Building C object esp-idf/esp_hw_support/CMakeFiles/__idf_esp_hw_support.dir/esp_memory_utils.c.obj
[403/1044] Building C object esp-idf/freertos/CMakeFiles/__idf_freertos.dir/port_systick.c.obj
[348/1044] Building CXX object esp-idf/nvs_flash/CMakeFiles/__idf_nvs_flash.dir/src/nvs_partition.cpp.obj
[349/1044] Building C object esp-idf/esp_driver_uart/CMakeFiles/__idf_esp_driver_uart.dir/src/uart_vfs.c.obj
[404/1044] Building C object esp-idf/esp_hw_support/CMakeFiles/__idf_esp_hw_support.dir/port/esp32s3/esp_cpu_intr.c.obj
[405/1044] Building C object esp-idf/freertos/CMakeFiles/__idf_freertos.dir/FreeRTOS-Kernel/portable/xtensa/xtensa_overlay_os_hook.c.obj
[406/1044] Building C object esp-idf/esp_hw_support/CMakeFiles/__idf_esp_hw_support.dir/port/esp32s3/cpu_region_protect.c.obj
-- Minimal build - OFF
[350/1044] Building C object esp-idf/esp_driver_uart/CMakeFiles/__idf_esp_driver_uart.dir/src/uhci.c.obj
-- Components: app_trace app_update bootloader bootloader_support bt cmock console cxx driver efuse esp-tls esp_adc esp_app_format esp_bootloader_format esp_coex esp_common esp_driver_ana_cmpr esp_driver_bitscrambler esp_driver_cam esp_driver_dac esp_driver_gpio esp_driver_gptimer esp_driver_i2c esp_driver_i2s esp_driver_i3c esp_driver_isp esp_driver_jpeg esp_driver_ledc esp_driver_mcpwm esp_driver_parlio esp_driver_pcnt esp_driver_ppa esp_driver_rmt esp_driver_sd_intf esp_driver_sdio esp_driver_sdm esp_driver_sdmmc esp_driver_sdspi esp_driver_spi esp_driver_touch_sens esp_driver_tsens esp_driver_twai esp_driver_uart esp_driver_usb_serial_jtag esp_eth esp_event esp_gdbstub esp_hid esp_http_client esp_http_server esp_https_ota esp_https_server esp_hw_support esp_lcd esp_local_ctrl esp_mm esp_netif esp_netif_stack esp_partition esp_phy esp_pm esp_psram esp_ringbuf esp_rom esp_security esp_system esp_timer esp_vfs_console esp_wifi espcoredump espressif__cmake_utilities espressif__elf_loader esptool_py fatfs freertos hal heap http_parser idf_test ieee802154 json log lwip main mbedtls mqtt newlib nvs_flash nvs_sec_provider openthread partition_table perfmon protobuf-c protocomm pthread rt sdmmc soc spi_flash spiffs tcp_transport touch_element ulp unity usb vfs wear_levelling wifi_provisioning wpa_supplicant xtensa
[407/1044] Building C object esp-idf/freertos/CMakeFiles/__idf_freertos.dir/esp_additions/idf_additions_event_groups.c.obj
-- Component paths: /home/tikhon/Документы/magnolia/esp-idf/components/app_trace /home/tikhon/Документы/magnolia/esp-idf/components/app_update /home/tikhon/Документы/magnolia/esp-idf/components/bootloader /home/tikhon/Документы/magnolia/esp-idf/components/bootloader_support /home/tikhon/Документы/magnolia/esp-idf/components/bt /home/tikhon/Документы/magnolia/esp-idf/components/cmock /home/tikhon/Документы/magnolia/esp-idf/components/console /home/tikhon/Документы/magnolia/esp-idf/components/cxx /home/tikhon/Документы/magnolia/esp-idf/components/driver /home/tikhon/Документы/magnolia/esp-idf/components/efuse /home/tikhon/Документы/magnolia/esp-idf/components/esp-tls /home/tikhon/Документы/magnolia/esp-idf/components/esp_adc /home/tikhon/Документы/magnolia/esp-idf/components/esp_app_format /home/tikhon/Документы/magnolia/esp-idf/components/esp_bootloader_format /home/tikhon/Документы/magnolia/esp-idf/components/esp_coex /home/tikhon/Документы/magnolia/esp-idf/components/esp_common /home/tikhon/Документы/magnolia/esp-idf/components/esp_driver_ana_cmpr /home/tikhon/Документы/magnolia/esp-idf/components/esp_driver_bitscrambler /home/tikhon/Документы/magnolia/esp-idf/components/esp_driver_cam /home/tikhon/Документы/magnolia/esp-idf/components/esp_driver_dac /home/tikhon/Документы/magnolia/esp-idf/components/esp_driver_gpio /home/tikhon/Документы/magnolia/esp-idf/components/esp_driver_gptimer /home/tikhon/Документы/magnolia/esp-idf/components/esp_driver_i2c /home/tikhon/Документы/magnolia/esp-idf/components/esp_driver_i2s /home/tikhon/Документы/magnolia/esp-idf/components/esp_driver_i3c /home/tikhon/Документы/magnolia/esp-idf/components/esp_driver_isp /home/tikhon/Документы/magnolia/esp-idf/components/esp_driver_jpeg /home/tikhon/Документы/magnolia/esp-idf/components/esp_driver_ledc /home/tikhon/Документы/magnolia/esp-idf/components/esp_driver_mcpwm /home/tikhon/Документы/magnolia/esp-idf/components/esp_driver_parlio /home/tikhon/Документы/magnolia/esp-idf/components/esp_driver_pcnt /home/tikhon/Документы/magnolia/esp-idf/components/esp_driver_ppa /home/tikhon/Документы/magnolia/esp-idf/components/esp_driver_rmt /home/tikhon/Документы/magnolia/esp-idf/components/esp_driver_sd_intf /home/tikhon/Документы/magnolia/esp-idf/components/esp_driver_sdio /home/tikhon/Документы/magnolia/esp-idf/components/esp_driver_sdm /home/tikhon/Документы/magnolia/esp-idf/components/esp_driver_sdmmc /home/tikhon/Документы/magnolia/esp-idf/components/esp_driver_sdspi /home/tikhon/Документы/magnolia/esp-idf/components/esp_driver_spi /home/tikhon/Документы/magnolia/esp-idf/components/esp_driver_touch_sens /home/tikhon/Документы/magnolia/esp-idf/components/esp_driver_tsens /home/tikhon/Документы/magnolia/esp-idf/components/esp_driver_twai /home/tikhon/Документы/magnolia/esp-idf/components/esp_driver_uart /home/tikhon/Документы/magnolia/esp-idf/components/esp_driver_usb_serial_jtag /home/tikhon/Документы/magnolia/esp-idf/components/esp_eth /home/tikhon/Документы/magnolia/esp-idf/components/esp_event /home/tikhon/Документы/magnolia/esp-idf/components/esp_gdbstub /home/tikhon/Документы/magnolia/esp-idf/components/esp_hid /home/tikhon/Документы/magnolia/esp-idf/components/esp_http_client /home/tikhon/Документы/magnolia/esp-idf/components/esp_http_server /home/tikhon/Документы/magnolia/esp-idf/components/esp_https_ota /home/tikhon/Документы/magnolia/esp-idf/components/esp_https_server /home/tikhon/Документы/magnolia/esp-idf/components/esp_hw_support /home/tikhon/Документы/magnolia/esp-idf/components/esp_lcd /home/tikhon/Документы/magnolia/esp-idf/components/esp_local_ctrl /home/tikhon/Документы/magnolia/esp-idf/components/esp_mm /home/tikhon/Документы/magnolia/esp-idf/components/esp_netif /home/tikhon/Документы/magnolia/esp-idf/components/esp_netif_stack /home/tikhon/Документы/magnolia/esp-idf/components/esp_partition /home/tikhon/Документы/magnolia/esp-idf/components/esp_phy /home/tikhon/Документы/magnolia/esp-idf/components/esp_pm /home/tikhon/Документы/magnolia/esp-idf/components/esp_psram /home/tikhon/Документы/magnolia/esp-idf/components/esp_ringbuf /home/tikhon/Документы/magnolia/esp-idf/components/esp_rom /home/tikhon/Документы/magnolia/esp-idf/components/esp_security /home/tikhon/Документы/magnolia/esp-idf/components/esp_system /home/tikhon/Документы/magnolia/esp-idf/components/esp_timer /home/tikhon/Документы/magnolia/esp-idf/components/esp_vfs_console /home/tikhon/Документы/magnolia/esp-idf/components/esp_wifi /home/tikhon/Документы/magnolia/esp-idf/components/espcoredump /home/tikhon/Документы/magnolia/applets/go/gotest/managed_components/espressif__cmake_utilities /home/tikhon/Документы/magnolia/applets/go/gotest/managed_components/espressif__elf_loader /home/tikhon/Документы/magnolia/esp-idf/components/esptool_py /home/tikhon/Документы/magnolia/esp-idf/components/fatfs /home/tikhon/Документы/magnolia/esp-idf/components/freertos /home/tikhon/Документы/magnolia/esp-idf/components/hal /home/tikhon/Документы/magnolia/esp-idf/components/heap /home/tikhon/Документы/magnolia/esp-idf/components/http_parser /home/tikhon/Документы/magnolia/esp-idf/components/idf_test /home/tikhon/Документы/magnolia/esp-idf/components/ieee802154 /home/tikhon/Документы/magnolia/esp-idf/components/json /home/tikhon/Документы/magnolia/esp-idf/components/log /home/tikhon/Документы/magnolia/esp-idf/components/lwip /home/tikhon/Документы/magnolia/applets/go/gotest/main /home/tikhon/Документы/magnolia/esp-idf/components/mbedtls /home/tikhon/Документы/magnolia/esp-idf/components/mqtt /home/tikhon/Документы/magnolia/esp-idf/components/newlib /home/tikhon/Документы/magnolia/esp-idf/components/nvs_flash /home/tikhon/Документы/magnolia/esp-idf/components/nvs_sec_provider /home/tikhon/Документы/magnolia/esp-idf/components/openthread /home/tikhon/Документы/magnolia/esp-idf/components/partition_table /home/tikhon/Документы/magnolia/esp-idf/components/perfmon /home/tikhon/Документы/magnolia/esp-idf/components/protobuf-c /home/tikhon/Документы/magnolia/esp-idf/components/protocomm /home/tikhon/Документы/magnolia/esp-idf/components/pthread /home/tikhon/Документы/magnolia/esp-idf/components/rt /home/tikhon/Документы/magnolia/esp-idf/components/sdmmc /home/tikhon/Документы/magnolia/esp-idf/components/soc /home/tikhon/Документы/magnolia/esp-idf/components/spi_flash /home/tikhon/Документы/magnolia/esp-idf/components/spiffs /home/tikhon/Документы/magnolia/esp-idf/components/tcp_transport /home/tikhon/Документы/magnolia/esp-idf/components/touch_element /home/tikhon/Документы/magnolia/esp-idf/components/ulp /home/tikhon/Документы/magnolia/esp-idf/components/unity /home/tikhon/Документы/magnolia/esp-idf/components/usb /home/tikhon/Документы/magnolia/esp-idf/components/vfs /home/tikhon/Документы/magnolia/esp-idf/components/wear_levelling /home/tikhon/Документы/magnolia/esp-idf/components/wifi_provisioning /home/tikhon/Документы/magnolia/esp-idf/components/wpa_supplicant /home/tikhon/Документы/magnolia/esp-idf/components/xtensa
[338/1044] Building C object esp-idf/vfs/CMakeFiles/__idf_vfs.dir/vfs.c.obj
[339/1044] Building CXX object esp-idf/nvs_flash/CMakeFiles/__idf_nvs_flash.dir/src/nvs_partition.cpp.obj
[340/1044] Building C object esp-idf/esp_event/CMakeFiles/__idf_esp_event.dir/default_event_loop.c.obj
[351/1044] Building C object esp-idf/esp_timer/CMakeFiles/__idf_esp_timer.dir/src/esp_timer_init.c.obj
[408/1044] Building CXX object esp-idf/nvs_flash/CMakeFiles/__idf_nvs_flash.dir/src/nvs_handle_simple.cpp.obj
[341/1044] Building C object esp-idf/esp_event/CMakeFiles/__idf_esp_event.dir/esp_event_private.c.obj
-- Configuring done (16.7s)
[409/1044] Building C object esp-idf/esp_hw_support/CMakeFiles/__idf_esp_hw_support.dir/cpu.c.obj
[342/1044] Linking C static library esp-idf/vfs/libvfs.a
[410/1044] Building C object esp-idf/freertos/CMakeFiles/__idf_freertos.dir/FreeRTOS-Kernel/timers.c.obj
[352/1044] Building C object esp-idf/esp_timer/CMakeFiles/__idf_esp_timer.dir/src/system_time.c.obj
-- Building ESP-IDF components for target esp32s3
-- Compiler supported targets: xtensa-esp-elf
[411/1044] Building C object esp-idf/esp_hw_support/CMakeFiles/__idf_esp_hw_support.dir/hw_random.c.obj
[343/1044] Linking C static library esp-idf/esp_vfs_console/libesp_vfs_console.a
[412/1044] Building CXX object esp-idf/nvs_flash/CMakeFiles/__idf_nvs_flash.dir/src/nvs_api.cpp.obj
[413/1044] Building C object esp-idf/esp_hw_support/CMakeFiles/__idf_esp_hw_support.dir/revision.c.obj
[414/1044] Building C object esp-idf/esp_hw_support/CMakeFiles/__idf_esp_hw_support.dir/mac_addr.c.obj
[353/1044] Building C object esp-idf/esp_driver_gptimer/CMakeFiles/__idf_esp_driver_gptimer.dir/src/gptimer_common.c.obj
[415/1044] Building CXX object esp-idf/nvs_flash/CMakeFiles/__idf_nvs_flash.dir/src/nvs_pagemanager.cpp.obj
[416/1044] Building C object esp-idf/freertos/CMakeFiles/__idf_freertos.dir/esp_additions/idf_additions.c.obj
[417/1044] Building C object esp-idf/esp_hw_support/CMakeFiles/__idf_esp_hw_support.dir/esp_clk.c.obj
[344/1044] Building C object esp-idf/esp_driver_uart/CMakeFiles/__idf_esp_driver_uart.dir/src/uart_wakeup.c.obj
[345/1044] Linking C static library esp-idf/esp_driver_usb_serial_jtag/libesp_driver_usb_serial_jtag.a
[418/1044] Building C object esp-idf/esp_hw_support/CMakeFiles/__idf_esp_hw_support.dir/esp_gpio_reserve.c.obj
[354/1044] Building C object esp-idf/esp_driver_gptimer/CMakeFiles/__idf_esp_driver_gptimer.dir/src/gptimer.c.obj
[419/1044] Building C object esp-idf/freertos/CMakeFiles/__idf_freertos.dir/FreeRTOS-Kernel/portable/xtensa/port.c.obj
[420/1044] Building C object esp-idf/freertos/CMakeFiles/__idf_freertos.dir/FreeRTOS-Kernel/stream_buffer.c.obj
[421/1044] Building C object esp-idf/esp_hw_support/CMakeFiles/__idf_esp_hw_support.dir/clk_ctrl_os.c.obj
NOTICE: Processing 1 dependencies:
NOTICE: [1/1] idf (6.0.0)
[355/1044] Building C object esp-idf/esp_timer/CMakeFiles/__idf_esp_timer.dir/src/ets_timer_legacy.c.obj
[346/1044] Linking C static library esp-idf/esp_phy/libesp_phy.a
-- ELF_LOADER: 1.1.1
[356/1044] Building C object esp-idf/esp_timer/CMakeFiles/__idf_esp_timer.dir/src/esp_timer_impl_common.c.obj
[422/1044] Building C object esp-idf/esp_hw_support/CMakeFiles/__idf_esp_hw_support.dir/intr_alloc.c.obj
[357/1044] Building C object esp-idf/esp_timer/CMakeFiles/__idf_esp_timer.dir/src/esp_timer.c.obj
[423/1044] Building CXX object esp-idf/nvs_flash/CMakeFiles/__idf_nvs_flash.dir/src/nvs_storage.cpp.obj
[424/1044] Building C object esp-idf/esp_hw_support/CMakeFiles/__idf_esp_hw_support.dir/regi2c_ctrl.c.obj
[347/1044] Building CXX object esp-idf/nvs_flash/CMakeFiles/__idf_nvs_flash.dir/src/nvs_partition_lookup.cpp.obj
[425/1044] Building C object esp-idf/esp_hw_support/CMakeFiles/__idf_esp_hw_support.dir/port/esp32s3/esp_clk_tree.c.obj
[426/1044] Building C object esp-idf/esp_hw_support/CMakeFiles/__idf_esp_hw_support.dir/sar_tsens_ctrl.c.obj
[427/1044] Building C object esp-idf/esp_hw_support/CMakeFiles/__idf_esp_hw_support.dir/rtc_module.c.obj
[348/1044] Building C object esp-idf/esp_event/CMakeFiles/__idf_esp_event.dir/esp_event.c.obj
[428/1044] Building CXX object esp-idf/nvs_flash/CMakeFiles/__idf_nvs_flash.dir/src/nvs_partition_manager.cpp.obj
[429/1044] Building C object esp-idf/freertos/CMakeFiles/__idf_freertos.dir/FreeRTOS-Kernel/queue.c.obj
[430/1044] Building CXX object esp-idf/nvs_flash/CMakeFiles/__idf_nvs_flash.dir/src/nvs_page.cpp.obj
[431/1044] Building C object esp-idf/esp_hw_support/CMakeFiles/__idf_esp_hw_support.dir/port/esp32s3/io_mux.c.obj
[432/1044] Building C object esp-idf/esp_hw_support/CMakeFiles/__idf_esp_hw_support.dir/dma/esp_dma_utils.c.obj
[349/1044] Building C object esp-idf/esp_driver_uart/CMakeFiles/__idf_esp_driver_uart.dir/src/uhci.c.obj
[433/1044] Building C object esp-idf/esp_hw_support/CMakeFiles/__idf_esp_hw_support.dir/port/esp_clk_tree_common.c.obj
[434/1044] Building C object esp-idf/esp_hw_support/CMakeFiles/__idf_esp_hw_support.dir/clk_utils.c.obj
[435/1044] Building C object esp-idf/esp_hw_support/CMakeFiles/__idf_esp_hw_support.dir/sleep_usb.c.obj
[436/1044] Building C object esp-idf/esp_hw_support/CMakeFiles/__idf_esp_hw_support.dir/dma/gdma_link.c.obj
[437/1044] Building C object esp-idf/esp_hw_support/CMakeFiles/__idf_esp_hw_support.dir/dma/esp_async_memcpy.c.obj
[350/1044] Building C object esp-idf/esp_timer/CMakeFiles/__idf_esp_timer.dir/src/esp_timer_init.c.obj
[358/1044] Building C object esp-idf/esp_ringbuf/CMakeFiles/__idf_esp_ringbuf.dir/ringbuf.c.obj
[438/1044] Building C object esp-idf/esp_hw_support/CMakeFiles/__idf_esp_hw_support.dir/sleep_modem.c.obj
[439/1044] Building C object esp-idf/esp_hw_support/CMakeFiles/__idf_esp_hw_support.dir/periph_ctrl.c.obj
[440/1044] Building C object esp-idf/esp_hw_support/CMakeFiles/__idf_esp_hw_support.dir/port/esp32s3/systimer.c.obj
[441/1044] Building C object esp-idf/esp_hw_support/CMakeFiles/__idf_esp_hw_support.dir/mspi_timing_tuning/mspi_timing_tuning.c.obj
[359/1044] Building CXX object esp-idf/cxx/CMakeFiles/__idf_cxx.dir/cxx_exception_stubs.cpp.obj
[442/1044] Building C object esp-idf/esp_hw_support/CMakeFiles/__idf_esp_hw_support.dir/spi_bus_lock.c.obj
[351/1044] Building C object esp-idf/esp_driver_uart/CMakeFiles/__idf_esp_driver_uart.dir/src/uart_vfs.c.obj
[443/1044] Linking C static library esp-idf/nvs_flash/libnvs_flash.a
[360/1044] Building C object esp-idf/esp_timer/CMakeFiles/__idf_esp_timer.dir/src/esp_timer_impl_systimer.c.obj
[361/1044] Building CXX object esp-idf/cxx/CMakeFiles/__idf_cxx.dir/cxx_init.cpp.obj
[444/1044] Building C object esp-idf/esp_hw_support/CMakeFiles/__idf_esp_hw_support.dir/sleep_console.c.obj
[445/1044] Building C object esp-idf/esp_hw_support/CMakeFiles/__idf_esp_hw_support.dir/sleep_event.c.obj
-- Project sdkconfig file /home/tikhon/Документы/magnolia/applets/go/pwd/sdkconfig
[446/1044] Building C object esp-idf/esp_hw_support/CMakeFiles/__idf_esp_hw_support.dir/port/esp32s3/chip_info.c.obj
[447/1044] Linking C static library esp-idf/esp_event/libesp_event.a
[352/1044] Building C object esp-idf/esp_timer/CMakeFiles/__idf_esp_timer.dir/src/system_time.c.obj
[362/1044] Building CXX object esp-idf/nvs_flash/CMakeFiles/__idf_nvs_flash.dir/src/nvs_item_hash_list.cpp.obj
-- App "xxd" version: c092b7f-dirty
[448/1044] Building C object esp-idf/esp_hw_support/CMakeFiles/__idf_esp_hw_support.dir/power_supply/brownout.c.obj
[449/1044] Building C object esp-idf/esp_hw_support/CMakeFiles/__idf_esp_hw_support.dir/port/esp32s3/rtc_clk_init.c.obj
[450/1044] Building C object esp-idf/esp_hw_support/CMakeFiles/__idf_esp_hw_support.dir/port/esp32s3/sar_periph_ctrl.c.obj
[353/1044] Building C object esp-idf/esp_timer/CMakeFiles/__idf_esp_timer.dir/src/esp_timer_impl_common.c.obj
[451/1044] Building C object esp-idf/esp_hw_support/CMakeFiles/__idf_esp_hw_support.dir/port/esp32s3/rtc_sleep.c.obj
[452/1044] Building C object esp-idf/esp_hw_support/CMakeFiles/__idf_esp_hw_support.dir/spi_share_hw_ctrl.c.obj
[354/1044] Building C object esp-idf/esp_driver_gptimer/CMakeFiles/__idf_esp_driver_gptimer.dir/src/gptimer_common.c.obj
[363/1044] Building C object esp-idf/newlib/CMakeFiles/__idf_newlib.dir/src/init.c.obj
[453/1044] Building C object esp-idf/esp_hw_support/CMakeFiles/__idf_esp_hw_support.dir/adc_share_hw_ctrl.c.obj
[454/1044] Building C object esp-idf/esp_hw_support/CMakeFiles/__idf_esp_hw_support.dir/sleep_wake_stub.c.obj
[455/1044] Building C object esp-idf/esp_hw_support/CMakeFiles/__idf_esp_hw_support.dir/port/esp32s3/rtc_init.c.obj
[456/1044] Linking C static library esp-idf/esp_driver_uart/libesp_driver_uart.a
[364/1044] Building C object esp-idf/pthread/CMakeFiles/__idf_pthread.dir/pthread_rwlock.c.obj
[355/1044] Building C object esp-idf/esp_timer/CMakeFiles/__idf_esp_timer.dir/src/ets_timer_legacy.c.obj
[457/1044] Building C object esp-idf/esp_hw_support/CMakeFiles/__idf_esp_hw_support.dir/port/esp_memprot_conv.c.obj
[365/1044] Building CXX object esp-idf/nvs_flash/CMakeFiles/__idf_nvs_flash.dir/src/nvs_cxx_api.cpp.obj
[366/1044] Building C object esp-idf/esp_driver_uart/CMakeFiles/__idf_esp_driver_uart.dir/src/uart.c.obj
[356/1044] Building C object esp-idf/esp_driver_gptimer/CMakeFiles/__idf_esp_driver_gptimer.dir/src/gptimer.c.obj
[357/1044] Building C object esp-idf/esp_timer/CMakeFiles/__idf_esp_timer.dir/src/esp_timer.c.obj
[367/1044] Building C object esp-idf/pthread/CMakeFiles/__idf_pthread.dir/pthread.c.obj
[458/1044] Building C object esp-idf/esp_hw_support/CMakeFiles/__idf_esp_hw_support.dir/esp_clock_output.c.obj
[459/1044] Building C object esp-idf/soc/CMakeFiles/__idf_soc.dir/dport_access_common.c.obj
[460/1044] Building C object esp-idf/soc/CMakeFiles/__idf_soc.dir/esp32s3/interrupts.c.obj
[461/1044] Building C object esp-idf/soc/CMakeFiles/__idf_soc.dir/lldesc.c.obj
[462/1044] Linking C static library esp-idf/esp_ringbuf/libesp_ringbuf.a
[368/1044] Building C object esp-idf/pthread/CMakeFiles/__idf_pthread.dir/pthread_local_storage.c.obj
[463/1044] Building C object esp-idf/esp_hw_support/CMakeFiles/__idf_esp_hw_support.dir/mspi_timing_tuning/port/esp32s3/mspi_timing_config.c.obj
[464/1044] Building C object esp-idf/esp_hw_support/CMakeFiles/__idf_esp_hw_support.dir/sleep_gpio.c.obj
[465/1044] Building C object esp-idf/soc/CMakeFiles/__idf_soc.dir/esp32s3/gpio_periph.c.obj
[369/1044] Building C object esp-idf/pthread/CMakeFiles/__idf_pthread.dir/pthread_cond_var.c.obj
[466/1044] Building C object esp-idf/esp_hw_support/CMakeFiles/__idf_esp_hw_support.dir/port/esp32s3/rtc_time.c.obj
[467/1044] Building C object esp-idf/soc/CMakeFiles/__idf_soc.dir/esp32s3/adc_periph.c.obj
[370/1044] Building C object esp-idf/pthread/CMakeFiles/__idf_pthread.dir/pthread_semaphore.c.obj
[468/1044] Building C object esp-idf/soc/CMakeFiles/__idf_soc.dir/esp32s3/gdma_periph.c.obj
[469/1044] Building C object esp-idf/esp_hw_support/CMakeFiles/__idf_esp_hw_support.dir/port/esp32s3/rtc_clk.c.obj
[371/1044] Building C object esp-idf/newlib/CMakeFiles/__idf_newlib.dir/src/abort.c.obj
[470/1044] Building C object esp-idf/esp_hw_support/CMakeFiles/__idf_esp_hw_support.dir/usb_phy/usb_phy.c.obj
[471/1044] Building C object esp-idf/soc/CMakeFiles/__idf_soc.dir/esp32s3/dedic_gpio_periph.c.obj
[372/1044] Building C object esp-idf/newlib/CMakeFiles/__idf_newlib.dir/src/assert.c.obj
[472/1044] Linking C static library esp-idf/esp_driver_gptimer/libesp_driver_gptimer.a
[473/1044] Building C object esp-idf/soc/CMakeFiles/__idf_soc.dir/esp32s3/pcnt_periph.c.obj
[474/1044] Building C object esp-idf/soc/CMakeFiles/__idf_soc.dir/esp32s3/ledc_periph.c.obj
[373/1044] Building C object esp-idf/newlib/CMakeFiles/__idf_newlib.dir/src/locks.c.obj
[475/1044] Building C object esp-idf/soc/CMakeFiles/__idf_soc.dir/esp32s3/spi_periph.c.obj
[358/1044] Building CXX object esp-idf/nvs_flash/CMakeFiles/__idf_nvs_flash.dir/src/nvs_item_hash_list.cpp.obj
[476/1044] Building C object esp-idf/soc/CMakeFiles/__idf_soc.dir/esp32s3/uart_periph.c.obj
[374/1044] Building C object esp-idf/newlib/CMakeFiles/__idf_newlib.dir/src/pthread.c.obj
[477/1044] Building C object esp-idf/soc/CMakeFiles/__idf_soc.dir/esp32s3/rmt_periph.c.obj
-- Minimal build - OFF
[375/1044] Building C object esp-idf/newlib/CMakeFiles/__idf_newlib.dir/src/heap.c.obj
[376/1044] Building C object esp-idf/newlib/CMakeFiles/__idf_newlib.dir/src/random.c.obj
[478/1044] Building C object esp-idf/soc/CMakeFiles/__idf_soc.dir/esp32s3/i2s_periph.c.obj
[479/1044] Building C object esp-idf/soc/CMakeFiles/__idf_soc.dir/esp32s3/lcd_periph.c.obj
[359/1044] Building C object esp-idf/esp_timer/CMakeFiles/__idf_esp_timer.dir/src/esp_timer_impl_systimer.c.obj
[480/1044] Building C object esp-idf/soc/CMakeFiles/__idf_soc.dir/esp32s3/temperature_sensor_periph.c.obj
[377/1044] Building C object esp-idf/newlib/CMakeFiles/__idf_newlib.dir/src/poll.c.obj
[481/1044] Building C object esp-idf/esp_hw_support/CMakeFiles/__idf_esp_hw_support.dir/mspi_timing_tuning/port/esp32s3/mspi_timing_by_mspi_delay.c.obj
[360/1044] Building CXX object esp-idf/cxx/CMakeFiles/__idf_cxx.dir/cxx_init.cpp.obj
[361/1044] Building CXX object esp-idf/nvs_flash/CMakeFiles/__idf_nvs_flash.dir/src/nvs_pagemanager.cpp.obj
[378/1044] Building C object esp-idf/newlib/CMakeFiles/__idf_newlib.dir/src/getentropy.c.obj
[482/1044] Building C object esp-idf/soc/CMakeFiles/__idf_soc.dir/esp32s3/sdm_periph.c.obj
[483/1044] Linking C static library esp-idf/esp_timer/libesp_timer.a
[379/1044] Building C object esp-idf/newlib/CMakeFiles/__idf_newlib.dir/src/termios.c.obj
[484/1044] Building C object esp-idf/soc/CMakeFiles/__idf_soc.dir/esp32s3/mcpwm_periph.c.obj
[485/1044] Building C object esp-idf/soc/CMakeFiles/__idf_soc.dir/esp32s3/touch_sensor_periph.c.obj
[486/1044] Building C object esp-idf/soc/CMakeFiles/__idf_soc.dir/esp32s3/i2c_periph.c.obj
-- ESP-TEE is currently supported only on the esp32c6;esp32h2;esp32c5 SoCs
[380/1044] Building CXX object esp-idf/cxx/CMakeFiles/__idf_cxx.dir/cxx_guards.cpp.obj
[487/1044] Building C object esp-idf/soc/CMakeFiles/__idf_soc.dir/esp32s3/mpi_periph.c.obj
[381/1044] Building CXX object esp-idf/nvs_flash/CMakeFiles/__idf_nvs_flash.dir/src/nvs_handle_locked.cpp.obj
[382/1044] Building CXX object esp-idf/nvs_flash/CMakeFiles/__idf_nvs_flash.dir/src/nvs_partition_manager.cpp.obj
[488/1044] Building C object esp-idf/soc/CMakeFiles/__idf_soc.dir/esp32s3/twai_periph.c.obj
[489/1044] Building C object esp-idf/soc/CMakeFiles/__idf_soc.dir/esp32s3/timer_periph.c.obj
[490/1044] Building C object esp-idf/soc/CMakeFiles/__idf_soc.dir/esp32s3/sdmmc_periph.c.obj
[491/1044] Building C object esp-idf/soc/CMakeFiles/__idf_soc.dir/esp32s3/usb_dwc_periph.c.obj
[362/1044] Building CXX object esp-idf/cxx/CMakeFiles/__idf_cxx.dir/cxx_exception_stubs.cpp.obj
[492/1044] Building C object esp-idf/esp_hw_support/CMakeFiles/__idf_esp_hw_support.dir/dma/async_memcpy_gdma.c.obj
-- Project sdkconfig file /home/tikhon/Документы/magnolia/applets/go/true/sdkconfig
[493/1044] Building C object esp-idf/soc/CMakeFiles/__idf_soc.dir/esp32s3/wdt_periph.c.obj
[383/1044] Building C object esp-idf/newlib/CMakeFiles/__idf_newlib.dir/src/sysconf.c.obj
[494/1044] Building C object esp-idf/soc/CMakeFiles/__idf_soc.dir/esp32s3/cam_periph.c.obj
[495/1044] Linking C static library esp-idf/cxx/libcxx.a
[496/1044] Building C object esp-idf/freertos/CMakeFiles/__idf_freertos.dir/FreeRTOS-Kernel/tasks.c.obj
-- Building ESP-IDF components for target esp32s3
[497/1044] Building C object esp-idf/esp_hw_support/CMakeFiles/__idf_esp_hw_support.dir/lowpower/port/esp32s3/sleep_cpu.c.obj
[498/1044] Building C object esp-idf/soc/CMakeFiles/__idf_soc.dir/esp32s3/power_supply_periph.c.obj
[384/1044] Building C object esp-idf/newlib/CMakeFiles/__idf_newlib.dir/src/realpath.c.obj
[363/1044] Building C object esp-idf/pthread/CMakeFiles/__idf_pthread.dir/pthread_cond_var.c.obj
[385/1044] Building C object esp-idf/newlib/CMakeFiles/__idf_newlib.dir/src/syscalls.c.obj
[499/1044] Linking C static library esp-idf/pthread/libpthread.a
[500/1044] Building C object esp-idf/soc/CMakeFiles/__idf_soc.dir/esp32s3/rtc_io_periph.c.obj
[501/1044] Building C object esp-idf/log/CMakeFiles/__idf_log.dir/src/util.c.obj
[364/1044] Building C object esp-idf/esp_ringbuf/CMakeFiles/__idf_esp_ringbuf.dir/ringbuf.c.obj
[386/1044] Building C object esp-idf/newlib/CMakeFiles/__idf_newlib.dir/src/flockfile.c.obj
[387/1044] Building CXX object esp-idf/nvs_flash/CMakeFiles/__idf_nvs_flash.dir/src/nvs_handle_simple.cpp.obj
[388/1044] Building C object esp-idf/newlib/CMakeFiles/__idf_newlib.dir/src/scandir.c.obj
[389/1044] Building C object esp-idf/newlib/CMakeFiles/__idf_newlib.dir/src/reent_init.c.obj
[390/1044] Building C object esp-idf/newlib/CMakeFiles/__idf_newlib.dir/src/reent_syscalls.c.obj
[365/1044] Building C object esp-idf/newlib/CMakeFiles/__idf_newlib.dir/src/abort.c.obj
[366/1044] Building C object esp-idf/newlib/CMakeFiles/__idf_newlib.dir/src/init.c.obj
[391/1044] Building CXX object esp-idf/nvs_flash/CMakeFiles/__idf_nvs_flash.dir/src/nvs_types.cpp.obj
[502/1044] Building C object esp-idf/heap/CMakeFiles/__idf_heap.dir/port/esp32s3/memory_layout.c.obj
[503/1044] Linking C static library esp-idf/newlib/libnewlib.a
[392/1044] Building C object esp-idf/newlib/CMakeFiles/__idf_newlib.dir/src/port/esp_time_impl.c.obj
[393/1044] Building C object esp-idf/newlib/CMakeFiles/__idf_newlib.dir/src/newlib_init.c.obj
[367/1044] Building CXX object esp-idf/nvs_flash/CMakeFiles/__idf_nvs_flash.dir/src/nvs_handle_locked.cpp.obj
[504/1044] Building C object esp-idf/log/CMakeFiles/__idf_log.dir/src/buffer/log_buffers.c.obj
[505/1044] Building C object esp-idf/heap/CMakeFiles/__idf_heap.dir/port/memory_layout_utils.c.obj
[506/1044] Building C object esp-idf/log/CMakeFiles/__idf_log.dir/src/log_format_text.c.obj
[507/1044] Building C object esp-idf/log/CMakeFiles/__idf_log.dir/src/os/log_timestamp.c.obj
[508/1044] Building C object esp-idf/log/CMakeFiles/__idf_log.dir/src/os/util.c.obj
[509/1044] Building C object esp-idf/log/CMakeFiles/__idf_log.dir/src/log_timestamp_common.c.obj
[510/1044] Building C object esp-idf/log/CMakeFiles/__idf_log.dir/src/log_print.c.obj
[511/1044] Building C object esp-idf/log/CMakeFiles/__idf_log.dir/src/os/log_lock.c.obj
[368/1044] Building C object esp-idf/pthread/CMakeFiles/__idf_pthread.dir/pthread_local_storage.c.obj
-- USING O3
[394/1044] Building C object esp-idf/newlib/CMakeFiles/__idf_newlib.dir/src/time.c.obj
[395/1044] Building C object esp-idf/freertos/CMakeFiles/__idf_freertos.dir/heap_idf.c.obj
[369/1044] Building C object esp-idf/pthread/CMakeFiles/__idf_pthread.dir/pthread_semaphore.c.obj
[370/1044] Building C object esp-idf/esp_driver_uart/CMakeFiles/__idf_esp_driver_uart.dir/src/uart.c.obj
[371/1044] Building C object esp-idf/newlib/CMakeFiles/__idf_newlib.dir/src/assert.c.obj
[396/1044] Building C object esp-idf/freertos/CMakeFiles/__idf_freertos.dir/app_startup.c.obj
[512/1044] Building C object esp-idf/log/CMakeFiles/__idf_log.dir/src/log_level/tag_log_level/tag_log_level.c.obj
[372/1044] Building C object esp-idf/pthread/CMakeFiles/__idf_pthread.dir/pthread_rwlock.c.obj
[513/1044] Linking C static library esp-idf/freertos/libfreertos.a
[373/1044] Building C object esp-idf/newlib/CMakeFiles/__idf_newlib.dir/src/heap.c.obj
[514/1044] Building C object esp-idf/log/CMakeFiles/__idf_log.dir/src/log.c.obj
[397/1044] Building C object esp-idf/freertos/CMakeFiles/__idf_freertos.dir/FreeRTOS-Kernel/portable/xtensa/xtensa_init.c.obj
-- Generating done (2.6s)
[398/1044] Building C object esp-idf/newlib/CMakeFiles/__idf_newlib.dir/src/stdatomic.c.obj
-- Adding linker script /home/tikhon/Документы/magnolia/applets/go/goxxd/build/esp-idf/esp_system/ld/memory.ld
[515/1044] Building C object esp-idf/log/CMakeFiles/__idf_log.dir/src/log_level/log_level.c.obj
-- Adding linker script /home/tikhon/Документы/magnolia/applets/go/goxxd/build/esp-idf/esp_system/ld/sections.ld.in
[399/1044] Building ASM object esp-idf/freertos/CMakeFiles/__idf_freertos.dir/FreeRTOS-Kernel/portable/xtensa/portasm.S.obj
Executing action: elf
Running ninja in directory /home/tikhon/Документы/magnolia/applets/rust/rselftest/build
Executing "ninja elf"...
[0/2] Re-checking globbed directories...
[1/2] Re-running CMake...
[400/1044] Building CXX object esp-idf/nvs_flash/CMakeFiles/__idf_nvs_flash.dir/src/nvs_encrypted_partition.cpp.obj
[516/1044] Building C object esp-idf/log/CMakeFiles/__idf_log.dir/src/os/log_write.c.obj
-- Components: app_trace app_update bootloader bootloader_support bt cmock console cxx driver efuse esp-tls esp_adc esp_app_format esp_bootloader_format esp_coex esp_common esp_driver_ana_cmpr esp_driver_bitscrambler esp_driver_cam esp_driver_dac esp_driver_gpio esp_driver_gptimer esp_driver_i2c esp_driver_i2s esp_driver_i3c esp_driver_isp esp_driver_jpeg esp_driver_ledc esp_driver_mcpwm esp_driver_parlio esp_driver_pcnt esp_driver_ppa esp_driver_rmt esp_driver_sd_intf esp_driver_sdio esp_driver_sdm esp_driver_sdmmc esp_driver_sdspi esp_driver_spi esp_driver_touch_sens esp_driver_tsens esp_driver_twai esp_driver_uart esp_driver_usb_serial_jtag esp_eth esp_event esp_gdbstub esp_hid esp_http_client esp_http_server esp_https_ota esp_https_server esp_hw_support esp_lcd esp_local_ctrl esp_mm esp_netif esp_netif_stack esp_partition esp_phy esp_pm esp_psram esp_ringbuf esp_rom esp_security esp_system esp_timer esp_vfs_console esp_wifi espcoredump espressif__cmake_utilities espressif__elf_loader esptool_py fatfs freertos hal heap http_parser idf_test ieee802154 json log lwip main mbedtls mqtt newlib nvs_flash nvs_sec_provider openthread partition_table perfmon protobuf-c protocomm pthread rt sdmmc soc spi_flash spiffs tcp_transport touch_element ulp unity usb vfs wear_levelling wifi_provisioning wpa_supplicant xtensa
-- Component paths: /home/tikhon/Документы/magnolia/esp-idf/components/app_trace /home/tikhon/Документы/magnolia/esp-idf/components/app_update /home/tikhon/Документы/magnolia/esp-idf/components/bootloader /home/tikhon/Документы/magnolia/esp-idf/components/bootloader_support /home/tikhon/Документы/magnolia/esp-idf/components/bt /home/tikhon/Документы/magnolia/esp-idf/components/cmock /home/tikhon/Документы/magnolia/esp-idf/components/console /home/tikhon/Документы/magnolia/esp-idf/components/cxx /home/tikhon/Документы/magnolia/esp-idf/components/driver /home/tikhon/Документы/magnolia/esp-idf/components/efuse /home/tikhon/Документы/magnolia/esp-idf/components/esp-tls /home/tikhon/Документы/magnolia/esp-idf/components/esp_adc /home/tikhon/Документы/magnolia/esp-idf/components/esp_app_format /home/tikhon/Документы/magnolia/esp-idf/components/esp_bootloader_format /home/tikhon/Документы/magnolia/esp-idf/components/esp_coex /home/tikhon/Документы/magnolia/esp-idf/components/esp_common /home/tikhon/Документы/magnolia/esp-idf/components/esp_driver_ana_cmpr /home/tikhon/Документы/magnolia/esp-idf/components/esp_driver_bitscrambler /home/tikhon/Документы/magnolia/esp-idf/components/esp_driver_cam /home/tikhon/Документы/magnolia/esp-idf/components/esp_driver_dac /home/tikhon/Документы/magnolia/esp-idf/components/esp_driver_gpio /home/tikhon/Документы/magnolia/esp-idf/components/esp_driver_gptimer /home/tikhon/Документы/magnolia/esp-idf/components/esp_driver_i2c /home/tikhon/Документы/magnolia/esp-idf/components/esp_driver_i2s /home/tikhon/Документы/magnolia/esp-idf/components/esp_driver_i3c /home/tikhon/Документы/magnolia/esp-idf/components/esp_driver_isp /home/tikhon/Документы/magnolia/esp-idf/components/esp_driver_jpeg /home/tikhon/Документы/magnolia/esp-idf/components/esp_driver_ledc /home/tikhon/Документы/magnolia/esp-idf/components/esp_driver_mcpwm /home/tikhon/Документы/magnolia/esp-idf/components/esp_driver_parlio /home/tikhon/Документы/magnolia/esp-idf/components/esp_driver_pcnt /home/tikhon/Документы/magnolia/esp-idf/components/esp_driver_ppa /home/tikhon/Документы/magnolia/esp-idf/components/esp_driver_rmt /home/tikhon/Документы/magnolia/esp-idf/components/esp_driver_sd_intf /home/tikhon/Документы/magnolia/esp-idf/components/esp_driver_sdio /home/tikhon/Документы/magnolia/esp-idf/components/esp_driver_sdm /home/tikhon/Документы/magnolia/esp-idf/components/esp_driver_sdmmc /home/tikhon/Документы/magnolia/esp-idf/components/esp_driver_sdspi /home/tikhon/Документы/magnolia/esp-idf/components/esp_driver_spi /home/tikhon/Документы/magnolia/esp-idf/components/esp_driver_touch_sens /home/tikhon/Документы/magnolia/esp-idf/components/esp_driver_tsens /home/tikhon/Документы/magnolia/esp-idf/components/esp_driver_twai /home/tikhon/Документы/magnolia/esp-idf/components/esp_driver_uart /home/tikhon/Документы/magnolia/esp-idf/components/esp_driver_usb_serial_jtag /home/tikhon/Документы/magnolia/esp-idf/components/esp_eth /home/tikhon/Документы/magnolia/esp-idf/components/esp_event /home/tikhon/Документы/magnolia/esp-idf/components/esp_gdbstub /home/tikhon/Документы/magnolia/esp-idf/components/esp_hid /home/tikhon/Документы/magnolia/esp-idf/components/esp_http_client /home/tikhon/Документы/magnolia/esp-idf/components/esp_http_server /home/tikhon/Документы/magnolia/esp-idf/components/esp_https_ota /home/tikhon/Документы/magnolia/esp-idf/components/esp_https_server /home/tikhon/Документы/magnolia/esp-idf/components/esp_hw_support /home/tikhon/Документы/magnolia/esp-idf/components/esp_lcd /home/tikhon/Документы/magnolia/esp-idf/components/esp_local_ctrl /home/tikhon/Документы/magnolia/esp-idf/components/esp_mm /home/tikhon/Документы/magnolia/esp-idf/components/esp_netif /home/tikhon/Документы/magnolia/esp-idf/components/esp_netif_stack /home/tikhon/Документы/magnolia/esp-idf/components/esp_partition /home/tikhon/Документы/magnolia/esp-idf/components/esp_phy /home/tikhon/Документы/magnolia/esp-idf/components/esp_pm /home/tikhon/Документы/magnolia/esp-idf/components/esp_psram /home/tikhon/Документы/magnolia/esp-idf/components/esp_ringbuf /home/tikhon/Документы/magnolia/esp-idf/components/esp_rom /home/tikhon/Документы/magnolia/esp-idf/components/esp_security /home/tikhon/Документы/magnolia/esp-idf/components/esp_system /home/tikhon/Документы/magnolia/esp-idf/components/esp_timer /home/tikhon/Документы/magnolia/esp-idf/components/esp_vfs_console /home/tikhon/Документы/magnolia/esp-idf/components/esp_wifi /home/tikhon/Документы/magnolia/esp-idf/components/espcoredump /home/tikhon/Документы/magnolia/applets/go/gohexdump/managed_components/espressif__cmake_utilities /home/tikhon/Документы/magnolia/applets/go/gohexdump/managed_components/espressif__elf_loader /home/tikhon/Документы/magnolia/esp-idf/components/esptool_py /home/tikhon/Документы/magnolia/esp-idf/components/fatfs /home/tikhon/Документы/magnolia/esp-idf/components/freertos /home/tikhon/Документы/magnolia/esp-idf/components/hal /home/tikhon/Документы/magnolia/esp-idf/components/heap /home/tikhon/Документы/magnolia/esp-idf/components/http_parser /home/tikhon/Документы/magnolia/esp-idf/components/idf_test /home/tikhon/Документы/magnolia/esp-idf/components/ieee802154 /home/tikhon/Документы/magnolia/esp-idf/components/json /home/tikhon/Документы/magnolia/esp-idf/components/log /home/tikhon/Документы/magnolia/esp-idf/components/lwip /home/tikhon/Документы/magnolia/applets/go/gohexdump/main /home/tikhon/Документы/magnolia/esp-idf/components/mbedtls /home/tikhon/Документы/magnolia/esp-idf/components/mqtt /home/tikhon/Документы/magnolia/esp-idf/components/newlib /home/tikhon/Документы/magnolia/esp-idf/components/nvs_flash /home/tikhon/Документы/magnolia/esp-idf/components/nvs_sec_provider /home/tikhon/Документы/magnolia/esp-idf/components/openthread /home/tikhon/Документы/magnolia/esp-idf/components/partition_table /home/tikhon/Документы/magnolia/esp-idf/components/perfmon /home/tikhon/Документы/magnolia/esp-idf/components/protobuf-c /home/tikhon/Документы/magnolia/esp-idf/components/protocomm /home/tikhon/Документы/magnolia/esp-idf/components/pthread /home/tikhon/Документы/magnolia/esp-idf/components/rt /home/tikhon/Документы/magnolia/esp-idf/components/sdmmc /home/tikhon/Документы/magnolia/esp-idf/components/soc /home/tikhon/Документы/magnolia/esp-idf/components/spi_flash /home/tikhon/Документы/magnolia/esp-idf/components/spiffs /home/tikhon/Документы/magnolia/esp-idf/components/tcp_transport /home/tikhon/Документы/magnolia/esp-idf/components/touch_element /home/tikhon/Документы/magnolia/esp-idf/components/ulp /home/tikhon/Документы/magnolia/esp-idf/components/unity /home/tikhon/Документы/magnolia/esp-idf/components/usb /home/tikhon/Документы/magnolia/esp-idf/components/vfs /home/tikhon/Документы/magnolia/esp-idf/components/wear_levelling /home/tikhon/Документы/magnolia/esp-idf/components/wifi_provisioning /home/tikhon/Документы/magnolia/esp-idf/components/wpa_supplicant /home/tikhon/Документы/magnolia/esp-idf/components/xtensa
[401/1044] Building C object esp-idf/freertos/CMakeFiles/__idf_freertos.dir/port_common.c.obj
[374/1044] Building C object esp-idf/newlib/CMakeFiles/__idf_newlib.dir/src/poll.c.obj
[402/1044] Building C object esp-idf/freertos/CMakeFiles/__idf_freertos.dir/FreeRTOS-Kernel/timers.c.obj
[517/1044] Building C object esp-idf/heap/CMakeFiles/__idf_heap.dir/heap_caps_init.c.obj
-- Adding linker script /home/tikhon/Документы/magnolia/esp-idf/components/esp_rom/esp32s3/ld/esp32s3.rom.ld
-- Build files have been written to: /home/tikhon/Документы/magnolia/applets/go/gohello/build
-- Configuring done (18.8s)
[518/1044] Building C object esp-idf/hal/CMakeFiles/__idf_hal.dir/color_hal.c.obj
-- Adding linker script /home/tikhon/Документы/magnolia/esp-idf/components/esp_rom/esp32s3/ld/esp32s3.rom.api.ld
-- Adding linker script /home/tikhon/Документы/magnolia/esp-idf/components/esp_rom/esp32s3/ld/esp32s3.rom.bt_funcs.ld
-- Adding linker script /home/tikhon/Документы/magnolia/esp-idf/components/esp_rom/esp32s3/ld/esp32s3.rom.libgcc.ld
-- Adding linker script /home/tikhon/Документы/magnolia/esp-idf/components/esp_rom/esp32s3/ld/esp32s3.rom.wdt.ld
-- Adding linker script /home/tikhon/Документы/magnolia/esp-idf/components/esp_rom/esp32s3/ld/esp32s3.rom.version.ld
[375/1044] Building C object esp-idf/newlib/CMakeFiles/__idf_newlib.dir/src/termios.c.obj
-- Adding linker script /home/tikhon/Документы/magnolia/esp-idf/components/esp_rom/esp32s3/ld/esp32s3.rom.ble_master.ld
-- Adding linker script /home/tikhon/Документы/magnolia/esp-idf/components/esp_rom/esp32s3/ld/esp32s3.rom.ble_50.ld
-- Adding linker script /home/tikhon/Документы/magnolia/esp-idf/components/esp_rom/esp32s3/ld/esp32s3.rom.ble_smp.ld
-- Adding linker script /home/tikhon/Документы/magnolia/esp-idf/components/esp_rom/esp32s3/ld/esp32s3.rom.ble_dtm.ld
-- Adding linker script /home/tikhon/Документы/magnolia/esp-idf/components/esp_rom/esp32s3/ld/esp32s3.rom.ble_test.ld
-- Adding linker script /home/tikhon/Документы/magnolia/esp-idf/components/esp_rom/esp32s3/ld/esp32s3.rom.ble_scan.ld
-- Adding linker script /home/tikhon/Документы/magnolia/esp-idf/components/esp_rom/esp32s3/ld/esp32s3.rom.libc.ld
-- Adding linker script /home/tikhon/Документы/magnolia/esp-idf/components/esp_rom/esp32s3/ld/esp32s3.rom.newlib.ld
[519/1044] Building C object esp-idf/hal/CMakeFiles/__idf_hal.dir/esp32s3/efuse_hal.c.obj
[520/1044] Building C object esp-idf/hal/CMakeFiles/__idf_hal.dir/hal_utils.c.obj
[403/1044] Building C object esp-idf/freertos/CMakeFiles/__idf_freertos.dir/FreeRTOS-Kernel/list.c.obj
[521/1044] Building C object esp-idf/log/CMakeFiles/__idf_log.dir/src/log_level/tag_log_level/linked_list/log_linked_list.c.obj
[522/1044] Building C object esp-idf/hal/CMakeFiles/__idf_hal.dir/mpu_hal.c.obj
[523/1044] Building C object esp-idf/log/CMakeFiles/__idf_log.dir/src/log_level/tag_log_level/cache/log_binary_heap.c.obj
[524/1044] Building C object esp-idf/heap/CMakeFiles/__idf_heap.dir/heap_caps_base.c.obj
[376/1044] Building CXX object esp-idf/nvs_flash/CMakeFiles/__idf_nvs_flash.dir/src/nvs_cxx_api.cpp.obj
[404/1044] Building C object esp-idf/freertos/CMakeFiles/__idf_freertos.dir/FreeRTOS-Kernel/portable/xtensa/port.c.obj
[525/1044] Building C object esp-idf/hal/CMakeFiles/__idf_hal.dir/efuse_hal.c.obj
[377/1044] Building C object esp-idf/newlib/CMakeFiles/__idf_newlib.dir/src/pthread.c.obj
[405/1044] Building C object esp-idf/esp_hw_support/CMakeFiles/__idf_esp_hw_support.dir/port/esp32s3/cpu_region_protect.c.obj
[378/1044] Building C object esp-idf/newlib/CMakeFiles/__idf_newlib.dir/src/getentropy.c.obj
[406/1044] Building C object esp-idf/esp_hw_support/CMakeFiles/__idf_esp_hw_support.dir/port/esp32s3/esp_cpu_intr.c.obj
[379/1044] Building CXX object esp-idf/nvs_flash/CMakeFiles/__idf_nvs_flash.dir/src/nvs_types.cpp.obj
[407/1044] Building C object esp-idf/freertos/CMakeFiles/__idf_freertos.dir/port_systick.c.obj
[526/1044] Building C object esp-idf/esp_hw_support/CMakeFiles/__idf_esp_hw_support.dir/sleep_modes.c.obj
-- Adding linker script /home/tikhon/Документы/magnolia/esp-idf/components/soc/esp32s3/ld/esp32s3.peripherals.ld
[380/1044] Building C object esp-idf/pthread/CMakeFiles/__idf_pthread.dir/pthread.c.obj
[381/1044] Building C object esp-idf/newlib/CMakeFiles/__idf_newlib.dir/src/random.c.obj
[527/1044] Building C object esp-idf/esp_hw_support/CMakeFiles/__idf_esp_hw_support.dir/dma/gdma.c.obj
[382/1044] Building C object esp-idf/newlib/CMakeFiles/__idf_newlib.dir/src/realpath.c.obj
[383/1044] Building C object esp-idf/newlib/CMakeFiles/__idf_newlib.dir/src/locks.c.obj
[528/1044] Building C object esp-idf/heap/CMakeFiles/__idf_heap.dir/multi_heap.c.obj
[408/1044] Building CXX object esp-idf/nvs_flash/CMakeFiles/__idf_nvs_flash.dir/src/nvs_page.cpp.obj
[529/1044] Building C object esp-idf/hal/CMakeFiles/__idf_hal.dir/ledc_hal.c.obj
[409/1044] Building C object esp-idf/freertos/CMakeFiles/__idf_freertos.dir/FreeRTOS-Kernel/portable/xtensa/xtensa_overlay_os_hook.c.obj
[410/1044] Building C object esp-idf/freertos/CMakeFiles/__idf_freertos.dir/esp_additions/idf_additions_event_groups.c.obj
[530/1044] Building C object esp-idf/heap/CMakeFiles/__idf_heap.dir/heap_caps.c.obj
[411/1044] Building C object esp-idf/esp_hw_support/CMakeFiles/__idf_esp_hw_support.dir/esp_memory_utils.c.obj
[412/1044] Building C object esp-idf/freertos/CMakeFiles/__idf_freertos.dir/FreeRTOS-Kernel/event_groups.c.obj
[384/1044] Building C object esp-idf/newlib/CMakeFiles/__idf_newlib.dir/src/sysconf.c.obj
[413/1044] Building C object esp-idf/freertos/CMakeFiles/__idf_freertos.dir/FreeRTOS-Kernel/stream_buffer.c.obj
[531/1044] Building C object esp-idf/hal/CMakeFiles/__idf_hal.dir/mmu_hal.c.obj
[532/1044] Building C object esp-idf/hal/CMakeFiles/__idf_hal.dir/spi_flash_encrypt_hal_iram.c.obj
[385/1044] Building C object esp-idf/newlib/CMakeFiles/__idf_newlib.dir/src/time.c.obj
[414/1044] Building C object esp-idf/esp_hw_support/CMakeFiles/__idf_esp_hw_support.dir/hw_random.c.obj
[386/1044] Building C object esp-idf/newlib/CMakeFiles/__idf_newlib.dir/src/reent_syscalls.c.obj
[533/1044] Building C object esp-idf/hal/CMakeFiles/__idf_hal.dir/rmt_hal.c.obj
[415/1044] Building C object esp-idf/esp_hw_support/CMakeFiles/__idf_esp_hw_support.dir/revision.c.obj
[387/1044] Building C object esp-idf/newlib/CMakeFiles/__idf_newlib.dir/src/reent_init.c.obj
[534/1044] Building C object esp-idf/hal/CMakeFiles/__idf_hal.dir/pcnt_hal.c.obj
[416/1044] Building C object esp-idf/esp_hw_support/CMakeFiles/__idf_esp_hw_support.dir/esp_gpio_reserve.c.obj
[417/1044] Building C object esp-idf/esp_hw_support/CMakeFiles/__idf_esp_hw_support.dir/esp_clk.c.obj
[535/1044] Building C object esp-idf/hal/CMakeFiles/__idf_hal.dir/timer_hal.c.obj
[388/1044] Building C object esp-idf/newlib/CMakeFiles/__idf_newlib.dir/src/flockfile.c.obj
[389/1044] Building C object esp-idf/newlib/CMakeFiles/__idf_newlib.dir/src/newlib_init.c.obj
[536/1044] Building C object esp-idf/hal/CMakeFiles/__idf_hal.dir/uart_hal_iram.c.obj
[390/1044] Building C object esp-idf/freertos/CMakeFiles/__idf_freertos.dir/heap_idf.c.obj
NOTICE: Processing 3 dependencies:
[537/1044] Building C object esp-idf/hal/CMakeFiles/__idf_hal.dir/ledc_hal_iram.c.obj
[391/1044] Building C object esp-idf/newlib/CMakeFiles/__idf_newlib.dir/src/syscalls.c.obj
NOTICE: [1/3] espressif/cmake_utilities (0.5.3)
NOTICE: [2/3] espressif/elf_loader (1.1.1)
[538/1044] Building C object esp-idf/hal/CMakeFiles/__idf_hal.dir/rtc_io_hal.c.obj
NOTICE: [3/3] idf (6.0.0)
[392/1044] Building CXX object esp-idf/nvs_flash/CMakeFiles/__idf_nvs_flash.dir/src/nvs_partition_manager.cpp.obj
[418/1044] Building C object esp-idf/esp_hw_support/CMakeFiles/__idf_esp_hw_support.dir/cpu.c.obj
[393/1044] Building CXX object esp-idf/cxx/CMakeFiles/__idf_cxx.dir/cxx_guards.cpp.obj
[539/1044] Building C object esp-idf/hal/CMakeFiles/__idf_hal.dir/systimer_hal.c.obj
[394/1044] Building C object esp-idf/newlib/CMakeFiles/__idf_newlib.dir/src/scandir.c.obj
[3/8] Generating echo_tinygo.o
[395/1044] Building C object esp-idf/newlib/CMakeFiles/__idf_newlib.dir/src/port/esp_time_impl.c.obj
[396/1044] Building ASM object esp-idf/freertos/CMakeFiles/__idf_freertos.dir/FreeRTOS-Kernel/portable/xtensa/portasm.S.obj
[540/1044] Building C object esp-idf/hal/CMakeFiles/__idf_hal.dir/cache_hal.c.obj
[541/1044] Building C object esp-idf/hal/CMakeFiles/__idf_hal.dir/gpio_hal.c.obj
[4/8] Linking C static library esp-idf/main/libmain.a
[542/1044] Building C object esp-idf/hal/CMakeFiles/__idf_hal.dir/i2c_hal_iram.c.obj
[397/1044] Building C object esp-idf/freertos/CMakeFiles/__idf_freertos.dir/port_systick.c.obj
[543/1044] Building C object esp-idf/hal/CMakeFiles/__idf_hal.dir/twai_hal_sja1000.c.obj
-- Generating done (1.9s)
[419/1044] Building C object esp-idf/freertos/CMakeFiles/__idf_freertos.dir/esp_additions/idf_additions.c.obj
[420/1044] Building C object esp-idf/esp_hw_support/CMakeFiles/__idf_esp_hw_support.dir/mac_addr.c.obj
[544/1044] Building C object esp-idf/hal/CMakeFiles/__idf_hal.dir/esp32s3/clk_tree_hal.c.obj
[545/1044] Building C object esp-idf/hal/CMakeFiles/__idf_hal.dir/uart_hal.c.obj
[5/8] Build ELF: echo.app.elf
[546/1044] Building C object esp-idf/hal/CMakeFiles/__idf_hal.dir/uhci_hal.c.obj
-- Build files have been written to: /home/tikhon/Документы/magnolia/applets/go/gotest/build
[421/1044] Building C object esp-idf/esp_hw_support/CMakeFiles/__idf_esp_hw_support.dir/port/esp32s3/esp_clk_tree.c.obj
[547/1044] Building C object esp-idf/hal/CMakeFiles/__idf_hal.dir/i2c_hal.c.obj
[548/1044] Building C object esp-idf/hal/CMakeFiles/__idf_hal.dir/sdm_hal.c.obj
[398/1044] Building C object esp-idf/freertos/CMakeFiles/__idf_freertos.dir/FreeRTOS-Kernel/list.c.obj
[549/1044] Building C object esp-idf/hal/CMakeFiles/__idf_hal.dir/gdma_hal_top.c.obj
[0/4] Re-checking globbed directories...
[399/1044] Building C object esp-idf/freertos/CMakeFiles/__idf_freertos.dir/FreeRTOS-Kernel/portable/xtensa/xtensa_overlay_os_hook.c.obj
[550/1044] Building C object esp-idf/hal/CMakeFiles/__idf_hal.dir/mcpwm_hal.c.obj
[400/1044] Building C object esp-idf/freertos/CMakeFiles/__idf_freertos.dir/port_common.c.obj
[422/1044] Building C object esp-idf/esp_hw_support/CMakeFiles/__idf_esp_hw_support.dir/sar_tsens_ctrl.c.obj
[551/1044] Building C object esp-idf/hal/CMakeFiles/__idf_hal.dir/spi_flash_hal.c.obj
[401/1044] Building C object esp-idf/freertos/CMakeFiles/__idf_freertos.dir/app_startup.c.obj
[423/1044] Building C object esp-idf/esp_hw_support/CMakeFiles/__idf_esp_hw_support.dir/clk_ctrl_os.c.obj
[552/1044] Building C object esp-idf/hal/CMakeFiles/__idf_hal.dir/adc_oneshot_hal.c.obj
[402/1044] Building C object esp-idf/freertos/CMakeFiles/__idf_freertos.dir/FreeRTOS-Kernel/portable/xtensa/xtensa_init.c.obj
[424/1044] Building CXX object esp-idf/nvs_flash/CMakeFiles/__idf_nvs_flash.dir/src/nvs_pagemanager.cpp.obj
[403/1044] Building C object esp-idf/newlib/CMakeFiles/__idf_newlib.dir/src/stdatomic.c.obj
[553/1044] Building C object esp-idf/hal/CMakeFiles/__idf_hal.dir/sdmmc_hal.c.obj
[425/1044] Building C object esp-idf/esp_hw_support/CMakeFiles/__idf_esp_hw_support.dir/regi2c_ctrl.c.obj
[554/1044] Building C object esp-idf/hal/CMakeFiles/__idf_hal.dir/sha_hal.c.obj
[426/1044] Building C object esp-idf/freertos/CMakeFiles/__idf_freertos.dir/FreeRTOS-Kernel/queue.c.obj
[555/1044] Building C object esp-idf/esp_hw_support/CMakeFiles/__idf_esp_hw_support.dir/port/esp32s3/esp_memprot.c.obj
[404/1044] Building CXX object esp-idf/nvs_flash/CMakeFiles/__idf_nvs_flash.dir/src/nvs_storage.cpp.obj
[427/1044] Building C object esp-idf/esp_hw_support/CMakeFiles/__idf_esp_hw_support.dir/rtc_module.c.obj
[556/1044] Building C object esp-idf/hal/CMakeFiles/__idf_hal.dir/spi_flash_hal_iram.c.obj
[405/1044] Building C object esp-idf/freertos/CMakeFiles/__idf_freertos.dir/esp_additions/idf_additions.c.obj
[428/1044] Building C object esp-idf/esp_hw_support/CMakeFiles/__idf_esp_hw_support.dir/dma/esp_dma_utils.c.obj
[557/1044] Building C object esp-idf/hal/CMakeFiles/__idf_hal.dir/lcd_hal.c.obj
[406/1044] Building C object esp-idf/esp_hw_support/CMakeFiles/__idf_esp_hw_support.dir/port/esp32s3/cpu_region_protect.c.obj
[558/1044] Building C object esp-idf/hal/CMakeFiles/__idf_hal.dir/gdma_hal_ahb_v1.c.obj
-- Compiler supported targets: xtensa-esp-elf
[407/1044] Building C object esp-idf/esp_hw_support/CMakeFiles/__idf_esp_hw_support.dir/esp_memory_utils.c.obj
[429/1044] Building C object esp-idf/esp_hw_support/CMakeFiles/__idf_esp_hw_support.dir/port/esp32s3/io_mux.c.obj
[430/1044] Building C object esp-idf/esp_hw_support/CMakeFiles/__idf_esp_hw_support.dir/clk_utils.c.obj
[431/1044] Building C object esp-idf/esp_hw_support/CMakeFiles/__idf_esp_hw_support.dir/sleep_usb.c.obj
[559/1044] Building C object esp-idf/hal/CMakeFiles/__idf_hal.dir/brownout_hal.c.obj
[432/1044] Building C object esp-idf/esp_hw_support/CMakeFiles/__idf_esp_hw_support.dir/port/esp_clk_tree_common.c.obj
[408/1044] Building CXX object esp-idf/nvs_flash/CMakeFiles/__idf_nvs_flash.dir/src/nvs_handle_simple.cpp.obj
[560/1044] Building C object esp-idf/hal/CMakeFiles/__idf_hal.dir/aes_hal.c.obj
[561/1044] Building C object esp-idf/hal/CMakeFiles/__idf_hal.dir/hmac_hal.c.obj
[409/1044] Building C object esp-idf/freertos/CMakeFiles/__idf_freertos.dir/esp_additions/idf_additions_event_groups.c.obj
[562/1044] Building C object esp-idf/hal/CMakeFiles/__idf_hal.dir/spi_hal.c.obj
[563/1044] Building C object esp-idf/hal/CMakeFiles/__idf_hal.dir/mpi_hal.c.obj
[0/4] Re-checking globbed directories...
[410/1044] Building C object esp-idf/esp_hw_support/CMakeFiles/__idf_esp_hw_support.dir/port/esp32s3/esp_cpu_intr.c.obj
[411/1044] Building C object esp-idf/freertos/CMakeFiles/__idf_freertos.dir/FreeRTOS-Kernel/event_groups.c.obj
[433/1044] Building C object esp-idf/esp_hw_support/CMakeFiles/__idf_esp_hw_support.dir/periph_ctrl.c.obj
[412/1044] Building C object esp-idf/freertos/CMakeFiles/__idf_freertos.dir/FreeRTOS-Kernel/timers.c.obj
[564/1044] Building C object esp-idf/hal/CMakeFiles/__idf_hal.dir/spi_slave_hal.c.obj
[434/1044] Building C object esp-idf/esp_hw_support/CMakeFiles/__idf_esp_hw_support.dir/intr_alloc.c.obj
[565/1044] Building C object esp-idf/hal/CMakeFiles/__idf_hal.dir/ds_hal.c.obj
[413/1044] Building C object esp-idf/esp_hw_support/CMakeFiles/__idf_esp_hw_support.dir/revision.c.obj
[435/1044] Building C object esp-idf/esp_hw_support/CMakeFiles/__idf_esp_hw_support.dir/usb_phy/usb_phy.c.obj
[414/1044] Building C object esp-idf/esp_hw_support/CMakeFiles/__idf_esp_hw_support.dir/cpu.c.obj
[436/1044] Building C object esp-idf/esp_hw_support/CMakeFiles/__idf_esp_hw_support.dir/sleep_console.c.obj
[566/1044] Building C object esp-idf/hal/CMakeFiles/__idf_hal.dir/spi_slave_hal_iram.c.obj
[415/1044] Building C object esp-idf/freertos/CMakeFiles/__idf_freertos.dir/FreeRTOS-Kernel/portable/xtensa/port.c.obj
[416/1044] Building C object esp-idf/esp_hw_support/CMakeFiles/__idf_esp_hw_support.dir/mac_addr.c.obj
[417/1044] Building C object esp-idf/esp_hw_support/CMakeFiles/__idf_esp_hw_support.dir/hw_random.c.obj
[437/1044] Building C object esp-idf/esp_hw_support/CMakeFiles/__idf_esp_hw_support.dir/sleep_modem.c.obj
[567/1044] Linking C static library esp-idf/esp_hw_support/libesp_hw_support.a
[418/1044] Building C object esp-idf/esp_hw_support/CMakeFiles/__idf_esp_hw_support.dir/esp_gpio_reserve.c.obj
-- ESP-TEE is currently supported only on the esp32c6;esp32h2;esp32c5 SoCs
[438/1044] Building C object esp-idf/esp_hw_support/CMakeFiles/__idf_esp_hw_support.dir/dma/esp_async_memcpy.c.obj
[568/1044] Building C object esp-idf/hal/CMakeFiles/__idf_hal.dir/cam_hal.c.obj
[569/1044] Building C object esp-idf/hal/CMakeFiles/__idf_hal.dir/usb_serial_jtag_hal.c.obj
[439/1044] Building C object esp-idf/esp_hw_support/CMakeFiles/__idf_esp_hw_support.dir/sleep_event.c.obj
[440/1044] Building C object esp-idf/esp_hw_support/CMakeFiles/__idf_esp_hw_support.dir/port/esp32s3/systimer.c.obj
[419/1044] Building C object esp-idf/esp_hw_support/CMakeFiles/__idf_esp_hw_support.dir/esp_clk.c.obj
[441/1044] Building C object esp-idf/esp_hw_support/CMakeFiles/__idf_esp_hw_support.dir/dma/gdma_link.c.obj
[570/1044] Building C object esp-idf/hal/CMakeFiles/__idf_hal.dir/touch_sens_hal.c.obj
[1/6] Building C object esp-idf/esp_app_format/CMakeFiles/__idf_esp_app_format.dir/esp_app_desc.c.obj
[571/1044] Building C object esp-idf/hal/CMakeFiles/__idf_hal.dir/xt_wdt_hal.c.obj
[572/1044] Building C object esp-idf/hal/CMakeFiles/__idf_hal.dir/esp32s3/rtc_cntl_hal.c.obj
[420/1044] Building C object esp-idf/esp_hw_support/CMakeFiles/__idf_esp_hw_support.dir/periph_ctrl.c.obj
[573/1044] Building C object esp-idf/hal/CMakeFiles/__idf_hal.dir/temperature_sensor_hal.c.obj
[421/1044] Building C object esp-idf/esp_hw_support/CMakeFiles/__idf_esp_hw_support.dir/clk_ctrl_os.c.obj
[2/6] Linking C static library esp-idf/esp_app_format/libesp_app_format.a
-- Project sdkconfig file /home/tikhon/Документы/magnolia/applets/go/uname/sdkconfig
[574/1044] Building C object esp-idf/hal/CMakeFiles/__idf_hal.dir/usb_wrap_hal.c.obj
[442/1044] Building CXX object esp-idf/nvs_flash/CMakeFiles/__idf_nvs_flash.dir/src/nvs_storage.cpp.obj
[1/6] Building C object esp-idf/esp_app_format/CMakeFiles/__idf_esp_app_format.dir/esp_app_desc.c.obj
[575/1044] Building C object esp-idf/hal/CMakeFiles/__idf_hal.dir/adc_hal_common.c.obj
[576/1044] Linking C static library esp-idf/soc/libsoc.a
[577/1044] Building C object esp-idf/esp_rom/CMakeFiles/__idf_esp_rom.dir/patches/esp_rom_sys.c.obj
[422/1044] Building C object esp-idf/esp_hw_support/CMakeFiles/__idf_esp_hw_support.dir/regi2c_ctrl.c.obj
[578/1044] Building C object esp-idf/hal/CMakeFiles/__idf_hal.dir/i2s_hal.c.obj
[443/1044] Building C object esp-idf/esp_hw_support/CMakeFiles/__idf_esp_hw_support.dir/spi_share_hw_ctrl.c.obj
[579/1044] Building C object esp-idf/esp_rom/CMakeFiles/__idf_esp_rom.dir/patches/esp_rom_crc.c.obj
[444/1044] Building C object esp-idf/esp_hw_support/CMakeFiles/__idf_esp_hw_support.dir/mspi_timing_tuning/mspi_timing_tuning.c.obj
[3/6] Build ELF: gohello.app.elf
[580/1044] Building C object esp-idf/hal/CMakeFiles/__idf_hal.dir/spi_slave_hd_hal.c.obj
[423/1044] Building C object esp-idf/esp_hw_support/CMakeFiles/__idf_esp_hw_support.dir/port/esp32s3/io_mux.c.obj
[445/1044] Building C object esp-idf/esp_hw_support/CMakeFiles/__idf_esp_hw_support.dir/spi_bus_lock.c.obj
[424/1044] Building C object esp-idf/esp_hw_support/CMakeFiles/__idf_esp_hw_support.dir/dma/esp_dma_utils.c.obj
[581/1044] Building C object esp-idf/hal/CMakeFiles/__idf_hal.dir/esp32s3/touch_sensor_hal.c.obj
[2/6] Linking C static library esp-idf/esp_app_format/libesp_app_format.a
[582/1044] Building C object esp-idf/hal/CMakeFiles/__idf_hal.dir/touch_sensor_hal.c.obj
[446/1044] Building C object esp-idf/esp_hw_support/CMakeFiles/__idf_esp_hw_support.dir/sleep_gpio.c.obj
[583/1044] Building ASM object esp-idf/esp_rom/CMakeFiles/__idf_esp_rom.dir/patches/esp_rom_longjmp.S.obj
[425/1044] Building C object esp-idf/freertos/CMakeFiles/__idf_freertos.dir/FreeRTOS-Kernel/stream_buffer.c.obj
[447/1044] Building C object esp-idf/esp_hw_support/CMakeFiles/__idf_esp_hw_support.dir/adc_share_hw_ctrl.c.obj
[584/1044] Building C object esp-idf/hal/CMakeFiles/__idf_hal.dir/adc_hal.c.obj
[448/1044] Building C object esp-idf/esp_hw_support/CMakeFiles/__idf_esp_hw_support.dir/port/esp32s3/rtc_clk_init.c.obj
[585/1044] Building C object esp-idf/hal/CMakeFiles/__idf_hal.dir/spi_hal_iram.c.obj
[449/1044] Building C object esp-idf/esp_hw_support/CMakeFiles/__idf_esp_hw_support.dir/port/esp32s3/chip_info.c.obj
[586/1044] Building C object esp-idf/esp_rom/CMakeFiles/__idf_esp_rom.dir/patches/esp_rom_efuse.c.obj
[426/1044] Building C object esp-idf/esp_hw_support/CMakeFiles/__idf_esp_hw_support.dir/rtc_module.c.obj
[450/1044] Building C object esp-idf/esp_hw_support/CMakeFiles/__idf_esp_hw_support.dir/port/esp32s3/rtc_sleep.c.obj
[587/1044] Building ASM object esp-idf/esp_rom/CMakeFiles/__idf_esp_rom.dir/patches/esp_rom_cache_writeback_esp32s3.S.obj
[427/1044] Building C object esp-idf/esp_hw_support/CMakeFiles/__idf_esp_hw_support.dir/port/esp32s3/esp_clk_tree.c.obj
[588/1044] Building C object esp-idf/esp_rom/CMakeFiles/__idf_esp_rom.dir/patches/esp_rom_gpio.c.obj
[451/1044] Building C object esp-idf/esp_hw_support/CMakeFiles/__idf_esp_hw_support.dir/sleep_wake_stub.c.obj
[3/6] Build ELF: gotest.app.elf
[589/1044] Building C object esp-idf/esp_rom/CMakeFiles/__idf_esp_rom.dir/patches/esp_rom_systimer.c.obj
[590/1044] Building C object esp-idf/hal/CMakeFiles/__idf_hal.dir/spi_flash_hal_gpspi.c.obj
[428/1044] Building CXX object esp-idf/nvs_flash/CMakeFiles/__idf_nvs_flash.dir/src/nvs_encrypted_partition.cpp.obj
[452/1044] Building CXX object esp-idf/nvs_flash/CMakeFiles/__idf_nvs_flash.dir/src/nvs_api.cpp.obj
[429/1044] Building C object esp-idf/freertos/CMakeFiles/__idf_freertos.dir/FreeRTOS-Kernel/queue.c.obj
[591/1044] Building C object esp-idf/esp_rom/CMakeFiles/__idf_esp_rom.dir/patches/esp_rom_serial_output.c.obj
[592/1044] Building C object esp-idf/esp_rom/CMakeFiles/__idf_esp_rom.dir/patches/esp_rom_wdt.c.obj
[593/1044] Building C object esp-idf/esp_rom/CMakeFiles/__idf_esp_rom.dir/patches/esp_rom_print.c.obj
[430/1044] Building C object esp-idf/esp_hw_support/CMakeFiles/__idf_esp_hw_support.dir/sar_tsens_ctrl.c.obj
[594/1044] Building C object esp-idf/hal/CMakeFiles/__idf_hal.dir/usb_dwc_hal.c.obj
[453/1044] Building C object esp-idf/esp_hw_support/CMakeFiles/__idf_esp_hw_support.dir/port/esp_memprot_conv.c.obj
[431/1044] Building C object esp-idf/esp_hw_support/CMakeFiles/__idf_esp_hw_support.dir/clk_utils.c.obj
[595/1044] Building C object esp-idf/esp_rom/CMakeFiles/__idf_esp_rom.dir/patches/esp_rom_spiflash.c.obj
[432/1044] Building C object esp-idf/esp_hw_support/CMakeFiles/__idf_esp_hw_support.dir/sleep_usb.c.obj
[596/1044] Building C object esp-idf/esp_system/CMakeFiles/__idf_esp_system.dir/esp_system_console.c.obj
[454/1044] Building C object esp-idf/freertos/CMakeFiles/__idf_freertos.dir/FreeRTOS-Kernel/tasks.c.obj
[433/1044] Building C object esp-idf/esp_hw_support/CMakeFiles/__idf_esp_hw_support.dir/spi_bus_lock.c.obj
Applet echo OK -> /home/tikhon/Документы/magnolia/rootfs/bin/goecho
Building applet rshello -> rshello ...
+ idf.py elf
[455/1044] Building C object esp-idf/esp_hw_support/CMakeFiles/__idf_esp_hw_support.dir/power_supply/brownout.c.obj
[597/1044] Building C object esp-idf/esp_rom/CMakeFiles/__idf_esp_rom.dir/patches/esp_rom_cache_esp32s2_esp32s3.c.obj
[456/1044] Building C object esp-idf/soc/CMakeFiles/__idf_soc.dir/lldesc.c.obj
[457/1044] Building C object esp-idf/soc/CMakeFiles/__idf_soc.dir/dport_access_common.c.obj
[458/1044] Building C object esp-idf/esp_hw_support/CMakeFiles/__idf_esp_hw_support.dir/dma/async_memcpy_gdma.c.obj
[459/1044] Building C object esp-idf/soc/CMakeFiles/__idf_soc.dir/esp32s3/interrupts.c.obj
[434/1044] Building CXX object esp-idf/nvs_flash/CMakeFiles/__idf_nvs_flash.dir/src/nvs_page.cpp.obj
[435/1044] Building C object esp-idf/esp_hw_support/CMakeFiles/__idf_esp_hw_support.dir/port/esp_clk_tree_common.c.obj
[598/1044] Building C object esp-idf/esp_system/CMakeFiles/__idf_esp_system.dir/ubsan.c.obj
[436/1044] Building C object esp-idf/esp_hw_support/CMakeFiles/__idf_esp_hw_support.dir/port/esp32s3/systimer.c.obj
[460/1044] Building C object esp-idf/esp_hw_support/CMakeFiles/__idf_esp_hw_support.dir/mspi_timing_tuning/port/esp32s3/mspi_timing_config.c.obj
-- App "pwd" version: c092b7f-dirty
[599/1044] Building C object esp-idf/esp_system/CMakeFiles/__idf_esp_system.dir/esp_err.c.obj
[437/1044] Building C object esp-idf/esp_hw_support/CMakeFiles/__idf_esp_hw_support.dir/spi_share_hw_ctrl.c.obj
[461/1044] Linking C static library esp-idf/nvs_flash/libnvs_flash.a
[438/1044] Building C object esp-idf/esp_hw_support/CMakeFiles/__idf_esp_hw_support.dir/dma/gdma_link.c.obj
[462/1044] Building C object esp-idf/esp_hw_support/CMakeFiles/__idf_esp_hw_support.dir/port/esp32s3/rtc_clk.c.obj
[439/1044] Building C object esp-idf/esp_hw_support/CMakeFiles/__idf_esp_hw_support.dir/sleep_console.c.obj
[463/1044] Building C object esp-idf/soc/CMakeFiles/__idf_soc.dir/esp32s3/gdma_periph.c.obj
[464/1044] Building C object esp-idf/esp_hw_support/CMakeFiles/__idf_esp_hw_support.dir/esp_clock_output.c.obj
[600/1044] Building C object esp-idf/esp_system/CMakeFiles/__idf_esp_system.dir/stack_check.c.obj
[465/1044] Building C object esp-idf/soc/CMakeFiles/__idf_soc.dir/esp32s3/adc_periph.c.obj
[440/1044] Building C object esp-idf/esp_hw_support/CMakeFiles/__idf_esp_hw_support.dir/sleep_modem.c.obj
[441/1044] Building C object esp-idf/esp_hw_support/CMakeFiles/__idf_esp_hw_support.dir/dma/esp_async_memcpy.c.obj
[601/1044] Building C object esp-idf/esp_system/CMakeFiles/__idf_esp_system.dir/startup.c.obj
[466/1044] Building C object esp-idf/esp_hw_support/CMakeFiles/__idf_esp_hw_support.dir/mspi_timing_tuning/port/esp32s3/mspi_timing_by_mspi_delay.c.obj
[442/1044] Building C object esp-idf/esp_hw_support/CMakeFiles/__idf_esp_hw_support.dir/sleep_event.c.obj
[602/1044] Building C object esp-idf/esp_system/CMakeFiles/__idf_esp_system.dir/esp_system.c.obj
[467/1044] Building C object esp-idf/soc/CMakeFiles/__idf_soc.dir/esp32s3/gpio_periph.c.obj
[603/1044] Building C object esp-idf/esp_system/CMakeFiles/__idf_esp_system.dir/system_time.c.obj
[468/1044] Building C object esp-idf/soc/CMakeFiles/__idf_soc.dir/esp32s3/uart_periph.c.obj
[443/1044] Building C object esp-idf/esp_hw_support/CMakeFiles/__idf_esp_hw_support.dir/usb_phy/usb_phy.c.obj
[469/1044] Building C object esp-idf/soc/CMakeFiles/__idf_soc.dir/esp32s3/dedic_gpio_periph.c.obj
[470/1044] Building C object esp-idf/esp_hw_support/CMakeFiles/__idf_esp_hw_support.dir/port/esp32s3/rtc_init.c.obj
[604/1044] Building C object esp-idf/esp_system/CMakeFiles/__idf_esp_system.dir/esp_ipc.c.obj
[605/1044] Building C object esp-idf/esp_system/CMakeFiles/__idf_esp_system.dir/freertos_hooks.c.obj
[471/1044] Building C object esp-idf/esp_hw_support/CMakeFiles/__idf_esp_hw_support.dir/port/esp32s3/sar_periph_ctrl.c.obj
[444/1044] Building C object esp-idf/esp_hw_support/CMakeFiles/__idf_esp_hw_support.dir/adc_share_hw_ctrl.c.obj
[472/1044] Building C object esp-idf/soc/CMakeFiles/__idf_soc.dir/esp32s3/pcnt_periph.c.obj
[473/1044] Linking C static library esp-idf/esp_event/libesp_event.a
[606/1044] Building C object esp-idf/esp_system/CMakeFiles/__idf_esp_system.dir/crosscore_int.c.obj
[474/1044] Building C object esp-idf/soc/CMakeFiles/__idf_soc.dir/esp32s3/rmt_periph.c.obj
Applet gohello OK -> /home/tikhon/Документы/magnolia/rootfs/bin/gohello
Building applet rusthello -> rusthello ...
+ idf.py elf
[475/1044] Building C object esp-idf/soc/CMakeFiles/__idf_soc.dir/esp32s3/sdm_periph.c.obj
[607/1044] Building C object esp-idf/esp_system/CMakeFiles/__idf_esp_system.dir/port/esp_system_chip.c.obj
[608/1044] Building C object esp-idf/esp_system/CMakeFiles/__idf_esp_system.dir/startup_funcs.c.obj
[476/1044] Building C object esp-idf/soc/CMakeFiles/__idf_soc.dir/esp32s3/spi_periph.c.obj
[477/1044] Building C object esp-idf/soc/CMakeFiles/__idf_soc.dir/esp32s3/timer_periph.c.obj
[609/1044] Building ASM object esp-idf/esp_system/CMakeFiles/__idf_esp_system.dir/port/arch/xtensa/esp_ipc_isr_routines.S.obj
[478/1044] Building C object esp-idf/soc/CMakeFiles/__idf_soc.dir/esp32s3/lcd_periph.c.obj
[479/1044] Building C object esp-idf/soc/CMakeFiles/__idf_soc.dir/esp32s3/ledc_periph.c.obj
[610/1044] Building ASM object esp-idf/esp_system/CMakeFiles/__idf_esp_system.dir/port/arch/xtensa/esp_ipc_isr_handler.S.obj
-- Project sdkconfig file /home/tikhon/Документы/magnolia/applets/go/sleep/sdkconfig
[480/1044] Building C object esp-idf/esp_hw_support/CMakeFiles/__idf_esp_hw_support.dir/port/esp32s3/rtc_time.c.obj
[481/1044] Building C object esp-idf/soc/CMakeFiles/__idf_soc.dir/esp32s3/i2s_periph.c.obj
[482/1044] Building C object esp-idf/soc/CMakeFiles/__idf_soc.dir/esp32s3/i2c_periph.c.obj
[611/1044] Building ASM object esp-idf/esp_system/CMakeFiles/__idf_esp_system.dir/port/arch/xtensa/expression_with_stack_asm.S.obj
[483/1044] Building C object esp-idf/soc/CMakeFiles/__idf_soc.dir/esp32s3/temperature_sensor_periph.c.obj
[612/1044] Building ASM object esp-idf/esp_system/CMakeFiles/__idf_esp_system.dir/port/arch/xtensa/panic_handler_asm.S.obj
[484/1044] Building C object esp-idf/soc/CMakeFiles/__idf_soc.dir/esp32s3/usb_dwc_periph.c.obj
[485/1044] Building C object esp-idf/soc/CMakeFiles/__idf_soc.dir/esp32s3/mcpwm_periph.c.obj
[613/1044] Building C object esp-idf/esp_system/CMakeFiles/__idf_esp_system.dir/xt_wdt.c.obj
[486/1044] Linking C static library esp-idf/esp_driver_uart/libesp_driver_uart.a
[614/1044] Building C object esp-idf/esp_system/CMakeFiles/__idf_esp_system.dir/panic.c.obj
[615/1044] Building C object esp-idf/esp_system/CMakeFiles/__idf_esp_system.dir/int_wdt.c.obj
[487/1044] Building C object esp-idf/soc/CMakeFiles/__idf_soc.dir/esp32s3/touch_sensor_periph.c.obj
-- ELF_LOADER: 1.1.1
[488/1044] Building C object esp-idf/soc/CMakeFiles/__idf_soc.dir/esp32s3/twai_periph.c.obj
[616/1044] Building C object esp-idf/heap/CMakeFiles/__idf_heap.dir/tlsf/tlsf.c.obj
[489/1044] Building C object esp-idf/soc/CMakeFiles/__idf_soc.dir/esp32s3/mpi_periph.c.obj
[490/1044] Building C object esp-idf/soc/CMakeFiles/__idf_soc.dir/esp32s3/sdmmc_periph.c.obj
[491/1044] Building C object esp-idf/soc/CMakeFiles/__idf_soc.dir/esp32s3/wdt_periph.c.obj
[445/1044] Building C object esp-idf/esp_hw_support/CMakeFiles/__idf_esp_hw_support.dir/port/esp32s3/chip_info.c.obj
[617/1044] Building ASM object esp-idf/esp_system/CMakeFiles/__idf_esp_system.dir/port/arch/xtensa/debug_helpers_asm.S.obj
[492/1044] Building C object esp-idf/soc/CMakeFiles/__idf_soc.dir/esp32s3/rtc_io_periph.c.obj
[618/1044] Building C object esp-idf/esp_system/CMakeFiles/__idf_esp_system.dir/port/arch/xtensa/esp_ipc_isr_port.c.obj
[493/1044] Building C object esp-idf/soc/CMakeFiles/__idf_soc.dir/esp32s3/cam_periph.c.obj
[494/1044] Building C object esp-idf/soc/CMakeFiles/__idf_soc.dir/esp32s3/power_supply_periph.c.obj
[446/1044] Building C object esp-idf/esp_hw_support/CMakeFiles/__idf_esp_hw_support.dir/mspi_timing_tuning/mspi_timing_tuning.c.obj
[619/1044] Building C object esp-idf/esp_system/CMakeFiles/__idf_esp_system.dir/port/arch/xtensa/panic_arch.c.obj
[620/1044] Building ASM object esp-idf/esp_system/CMakeFiles/__idf_esp_system.dir/port/soc/esp32s3/highint_hdl.S.obj
[447/1044] Building C object esp-idf/esp_hw_support/CMakeFiles/__idf_esp_hw_support.dir/intr_alloc.c.obj
[495/1044] Linking C static library esp-idf/esp_ringbuf/libesp_ringbuf.a
[448/1044] Building C object esp-idf/esp_hw_support/CMakeFiles/__idf_esp_hw_support.dir/port/esp32s3/rtc_clk_init.c.obj
[621/1044] Building C object esp-idf/esp_system/CMakeFiles/__idf_esp_system.dir/port/panic_handler.c.obj
[622/1044] Building C object esp-idf/esp_system/CMakeFiles/__idf_esp_system.dir/port/image_process.c.obj
[449/1044] Building C object esp-idf/esp_hw_support/CMakeFiles/__idf_esp_hw_support.dir/port/esp32s3/rtc_sleep.c.obj
NOTICE: Processing 3 dependencies:
NOTICE: [1/3] espressif/cmake_utilities (0.5.3)
NOTICE: [2/3] espressif/elf_loader (1.1.1)
[450/1044] Building CXX object esp-idf/nvs_flash/CMakeFiles/__idf_nvs_flash.dir/src/nvs_api.cpp.obj
NOTICE: [3/3] idf (6.0.0)
[451/1044] Building C object esp-idf/esp_hw_support/CMakeFiles/__idf_esp_hw_support.dir/port/esp32s3/rtc_clk.c.obj
[623/1044] Linking C static library esp-idf/heap/libheap.a
[452/1044] Building C object esp-idf/esp_hw_support/CMakeFiles/__idf_esp_hw_support.dir/power_supply/brownout.c.obj
[624/1044] Building C object esp-idf/esp_system/CMakeFiles/__idf_esp_system.dir/port/arch/xtensa/debug_stubs.c.obj
[625/1044] Building C object esp-idf/esp_system/CMakeFiles/__idf_esp_system.dir/port/arch/xtensa/trax.c.obj
[496/1044] Building C object esp-idf/esp_hw_support/CMakeFiles/__idf_esp_hw_support.dir/lowpower/port/esp32s3/sleep_cpu.c.obj
[453/1044] Building C object esp-idf/esp_hw_support/CMakeFiles/__idf_esp_hw_support.dir/sleep_wake_stub.c.obj
[497/1044] Linking C static library esp-idf/esp_driver_gptimer/libesp_driver_gptimer.a
[498/1044] Building C object esp-idf/log/CMakeFiles/__idf_log.dir/src/util.c.obj
[454/1044] Building C object esp-idf/esp_hw_support/CMakeFiles/__idf_esp_hw_support.dir/esp_clock_output.c.obj
[626/1044] Building C object esp-idf/spi_flash/CMakeFiles/__idf_spi_flash.dir/flash_brownout_hook.c.obj
[499/1044] Building C object esp-idf/heap/CMakeFiles/__idf_heap.dir/port/esp32s3/memory_layout.c.obj
[627/1044] Building C object esp-idf/esp_system/CMakeFiles/__idf_esp_system.dir/port/arch/xtensa/debug_helpers.c.obj
[500/1044] Building C object esp-idf/log/CMakeFiles/__idf_log.dir/src/buffer/log_buffers.c.obj
[455/1044] Building C object esp-idf/freertos/CMakeFiles/__idf_freertos.dir/FreeRTOS-Kernel/tasks.c.obj
[501/1044] Building C object esp-idf/log/CMakeFiles/__idf_log.dir/src/os/log_timestamp.c.obj
[628/1044] Building C object esp-idf/esp_system/CMakeFiles/__idf_esp_system.dir/port/soc/esp32s3/reset_reason.c.obj
[456/1044] Building C object esp-idf/esp_hw_support/CMakeFiles/__idf_esp_hw_support.dir/port/esp_memprot_conv.c.obj
[502/1044] Building C object esp-idf/heap/CMakeFiles/__idf_heap.dir/port/memory_layout_utils.c.obj
[629/1044] Linking C static library esp-idf/log/liblog.a
[630/1044] Building C object esp-idf/esp_system/CMakeFiles/__idf_esp_system.dir/port/arch/xtensa/expression_with_stack.c.obj
[503/1044] Building C object esp-idf/esp_hw_support/CMakeFiles/__idf_esp_hw_support.dir/dma/gdma.c.obj
[457/1044] Building C object esp-idf/esp_hw_support/CMakeFiles/__idf_esp_hw_support.dir/sleep_gpio.c.obj
[631/1044] Building C object esp-idf/esp_system/CMakeFiles/__idf_esp_system.dir/port/esp_ipc_isr.c.obj
[632/1044] Building C object esp-idf/esp_system/CMakeFiles/__idf_esp_system.dir/task_wdt/task_wdt_impl_timergroup.c.obj
[458/1044] Building C object esp-idf/soc/CMakeFiles/__idf_soc.dir/dport_access_common.c.obj
[504/1044] Building C object esp-idf/log/CMakeFiles/__idf_log.dir/src/os/log_lock.c.obj
[459/1044] Building C object esp-idf/soc/CMakeFiles/__idf_soc.dir/esp32s3/interrupts.c.obj
[505/1044] Linking C static library esp-idf/esp_timer/libesp_timer.a
[633/1044] Building C object esp-idf/spi_flash/CMakeFiles/__idf_spi_flash.dir/spi_flash_chip_drivers.c.obj
[460/1044] Building C object esp-idf/soc/CMakeFiles/__idf_soc.dir/lldesc.c.obj
[506/1044] Building C object esp-idf/log/CMakeFiles/__idf_log.dir/src/log_timestamp_common.c.obj
[461/1044] Building C object esp-idf/soc/CMakeFiles/__idf_soc.dir/esp32s3/gdma_periph.c.obj
[507/1044] Building C object esp-idf/log/CMakeFiles/__idf_log.dir/src/os/util.c.obj
[462/1044] Linking C static library esp-idf/nvs_flash/libnvs_flash.a
[508/1044] Building C object esp-idf/log/CMakeFiles/__idf_log.dir/src/log_print.c.obj
[463/1044] Building C object esp-idf/esp_hw_support/CMakeFiles/__idf_esp_hw_support.dir/mspi_timing_tuning/port/esp32s3/mspi_timing_config.c.obj
[509/1044] Building C object esp-idf/log/CMakeFiles/__idf_log.dir/src/log_level/log_level.c.obj
[634/1044] Building C object esp-idf/esp_system/CMakeFiles/__idf_esp_system.dir/port/soc/esp32s3/apb_backup_dma.c.obj
[464/1044] Building C object esp-idf/soc/CMakeFiles/__idf_soc.dir/esp32s3/uart_periph.c.obj
[635/1044] Building C object esp-idf/esp_common/CMakeFiles/__idf_esp_common.dir/src/esp_err_to_name.c.obj
[636/1044] Building C object esp-idf/esp_system/CMakeFiles/__idf_esp_system.dir/port/soc/esp32s3/clk.c.obj
[465/1044] Building C object esp-idf/soc/CMakeFiles/__idf_soc.dir/esp32s3/dedic_gpio_periph.c.obj
[510/1044] Building C object esp-idf/log/CMakeFiles/__idf_log.dir/src/log.c.obj
[466/1044] Building C object esp-idf/esp_hw_support/CMakeFiles/__idf_esp_hw_support.dir/port/esp32s3/rtc_time.c.obj
[511/1044] Linking C static library esp-idf/cxx/libcxx.a
[637/1044] Building C object esp-idf/esp_system/CMakeFiles/__idf_esp_system.dir/port/soc/esp32s3/system_internal.c.obj
[467/1044] Building C object esp-idf/soc/CMakeFiles/__idf_soc.dir/esp32s3/ledc_periph.c.obj
[512/1044] Building C object esp-idf/log/CMakeFiles/__idf_log.dir/src/os/log_write.c.obj
[468/1044] Building C object esp-idf/esp_hw_support/CMakeFiles/__idf_esp_hw_support.dir/port/esp32s3/sar_periph_ctrl.c.obj
[638/1044] Building C object esp-idf/spi_flash/CMakeFiles/__idf_spi_flash.dir/spi_flash_hpm_enable.c.obj
[513/1044] Building C object esp-idf/log/CMakeFiles/__idf_log.dir/src/log_format_text.c.obj
[469/1044] Building C object esp-idf/soc/CMakeFiles/__idf_soc.dir/esp32s3/gpio_periph.c.obj
[470/1044] Building C object esp-idf/soc/CMakeFiles/__idf_soc.dir/esp32s3/spi_periph.c.obj
[514/1044] Building C object esp-idf/log/CMakeFiles/__idf_log.dir/src/log_level/tag_log_level/cache/log_binary_heap.c.obj
[639/1044] Building C object esp-idf/spi_flash/CMakeFiles/__idf_spi_flash.dir/spi_flash_chip_issi.c.obj
[640/1044] Building C object esp-idf/spi_flash/CMakeFiles/__idf_spi_flash.dir/spi_flash_chip_boya.c.obj
[471/1044] Linking C static library esp-idf/esp_event/libesp_event.a
[515/1044] Building C object esp-idf/heap/CMakeFiles/__idf_heap.dir/heap_caps_base.c.obj
[641/1044] Building C object esp-idf/esp_system/CMakeFiles/__idf_esp_system.dir/port/cpu_start.c.obj
[516/1044] Building C object esp-idf/log/CMakeFiles/__idf_log.dir/src/log_level/tag_log_level/tag_log_level.c.obj
[642/1044] Building C object esp-idf/esp_system/CMakeFiles/__idf_esp_system.dir/port/soc/esp32s3/cache_err_int.c.obj
[472/1044] Building C object esp-idf/esp_hw_support/CMakeFiles/__idf_esp_hw_support.dir/dma/async_memcpy_gdma.c.obj
[517/1044] Building C object esp-idf/hal/CMakeFiles/__idf_hal.dir/hal_utils.c.obj
[643/1044] Building C object esp-idf/spi_flash/CMakeFiles/__idf_spi_flash.dir/spi_flash_chip_gd.c.obj
[644/1044] Building C object esp-idf/esp_system/CMakeFiles/__idf_esp_system.dir/task_wdt/task_wdt.c.obj
[473/1044] Building C object esp-idf/soc/CMakeFiles/__idf_soc.dir/esp32s3/adc_periph.c.obj
[474/1044] Building C object esp-idf/soc/CMakeFiles/__idf_soc.dir/esp32s3/pcnt_periph.c.obj
[518/1044] Building C object esp-idf/log/CMakeFiles/__idf_log.dir/src/log_level/tag_log_level/linked_list/log_linked_list.c.obj
[475/1044] Building C object esp-idf/soc/CMakeFiles/__idf_soc.dir/esp32s3/rmt_periph.c.obj
[519/1044] Linking C static library esp-idf/pthread/libpthread.a
[645/1044] Linking C static library esp-idf/hal/libhal.a
[646/1044] Building C object esp-idf/spi_flash/CMakeFiles/__idf_spi_flash.dir/spi_flash_chip_th.c.obj
[520/1044] Building C object esp-idf/esp_hw_support/CMakeFiles/__idf_esp_hw_support.dir/sleep_modes.c.obj
[476/1044] Building C object esp-idf/soc/CMakeFiles/__idf_soc.dir/esp32s3/sdm_periph.c.obj
[521/1044] Building C object esp-idf/heap/CMakeFiles/__idf_heap.dir/heap_caps_init.c.obj
[477/1044] Building C object esp-idf/soc/CMakeFiles/__idf_soc.dir/esp32s3/temperature_sensor_periph.c.obj
[647/1044] Building C object esp-idf/spi_flash/CMakeFiles/__idf_spi_flash.dir/esp32s3/spi_flash_oct_flash_init.c.obj
[522/1044] Building C object esp-idf/hal/CMakeFiles/__idf_hal.dir/mpu_hal.c.obj
[523/1044] Building C object esp-idf/heap/CMakeFiles/__idf_heap.dir/heap_caps.c.obj
[478/1044] Building C object esp-idf/esp_hw_support/CMakeFiles/__idf_esp_hw_support.dir/port/esp32s3/rtc_init.c.obj
[524/1044] Building C object esp-idf/hal/CMakeFiles/__idf_hal.dir/color_hal.c.obj
[479/1044] Building C object esp-idf/soc/CMakeFiles/__idf_soc.dir/esp32s3/i2c_periph.c.obj
[648/1044] Building C object esp-idf/spi_flash/CMakeFiles/__idf_spi_flash.dir/spi_flash_chip_mxic.c.obj
[480/1044] Building C object esp-idf/soc/CMakeFiles/__idf_soc.dir/esp32s3/lcd_periph.c.obj
Applet gotest OK -> /home/tikhon/Документы/magnolia/rootfs/bin/gotest
Building applet rxxd -> rxxd ...
+ idf.py elf
[481/1044] Building C object esp-idf/esp_hw_support/CMakeFiles/__idf_esp_hw_support.dir/mspi_timing_tuning/port/esp32s3/mspi_timing_by_mspi_delay.c.obj
[525/1044] Building C object esp-idf/hal/CMakeFiles/__idf_hal.dir/efuse_hal.c.obj
-- Project sdkconfig file /home/tikhon/Документы/magnolia/applets/rust/edit/sdkconfig
[482/1044] Building C object esp-idf/soc/CMakeFiles/__idf_soc.dir/esp32s3/i2s_periph.c.obj
[483/1044] Building C object esp-idf/soc/CMakeFiles/__idf_soc.dir/esp32s3/timer_periph.c.obj
[484/1044] Building C object esp-idf/soc/CMakeFiles/__idf_soc.dir/esp32s3/mcpwm_periph.c.obj
[526/1044] Building C object esp-idf/heap/CMakeFiles/__idf_heap.dir/multi_heap.c.obj
[527/1044] Building C object esp-idf/hal/CMakeFiles/__idf_hal.dir/spi_flash_hal.c.obj
[485/1044] Building C object esp-idf/soc/CMakeFiles/__idf_soc.dir/esp32s3/touch_sensor_periph.c.obj
[528/1044] Building C object esp-idf/hal/CMakeFiles/__idf_hal.dir/mmu_hal.c.obj
[649/1044] Linking C static library esp-idf/esp_rom/libesp_rom.a
[486/1044] Building C object esp-idf/esp_hw_support/CMakeFiles/__idf_esp_hw_support.dir/lowpower/port/esp32s3/sleep_cpu.c.obj
[529/1044] Building C object esp-idf/hal/CMakeFiles/__idf_hal.dir/cache_hal.c.obj
[487/1044] Linking C static library esp-idf/esp_driver_uart/libesp_driver_uart.a
[530/1044] Linking C static library esp-idf/newlib/libnewlib.a
[488/1044] Building C object esp-idf/soc/CMakeFiles/__idf_soc.dir/esp32s3/mpi_periph.c.obj
[650/1044] Building C object esp-idf/spi_flash/CMakeFiles/__idf_spi_flash.dir/spi_flash_chip_winbond.c.obj
[489/1044] Building C object esp-idf/soc/CMakeFiles/__idf_soc.dir/esp32s3/sdmmc_periph.c.obj
[651/1044] Building C object esp-idf/esp_mm/CMakeFiles/__idf_esp_mm.dir/port/esp32s3/ext_mem_layout.c.obj
[490/1044] Building C object esp-idf/soc/CMakeFiles/__idf_soc.dir/esp32s3/twai_periph.c.obj
[531/1044] Building C object esp-idf/hal/CMakeFiles/__idf_hal.dir/spi_flash_encrypt_hal_iram.c.obj
[652/1044] Building C object esp-idf/spi_flash/CMakeFiles/__idf_spi_flash.dir/flash_ops.c.obj
[491/1044] Building C object esp-idf/soc/CMakeFiles/__idf_soc.dir/esp32s3/wdt_periph.c.obj
[492/1044] Building C object esp-idf/soc/CMakeFiles/__idf_soc.dir/esp32s3/usb_dwc_periph.c.obj
[493/1044] Building C object esp-idf/soc/CMakeFiles/__idf_soc.dir/esp32s3/cam_periph.c.obj
[532/1044] Building C object esp-idf/hal/CMakeFiles/__idf_hal.dir/esp32s3/efuse_hal.c.obj
[653/1044] Building C object esp-idf/esp_mm/CMakeFiles/__idf_esp_mm.dir/heap_align_hw.c.obj
[494/1044] Building C object esp-idf/soc/CMakeFiles/__idf_soc.dir/esp32s3/power_supply_periph.c.obj
[495/1044] Building C object esp-idf/soc/CMakeFiles/__idf_soc.dir/esp32s3/rtc_io_periph.c.obj
[654/1044] Linking C static library esp-idf/esp_common/libesp_common.a
[496/1044] Linking C static library esp-idf/esp_ringbuf/libesp_ringbuf.a
[655/1044] Building C object esp-idf/spi_flash/CMakeFiles/__idf_spi_flash.dir/memspi_host_driver.c.obj
[533/1044] Building C object esp-idf/hal/CMakeFiles/__idf_hal.dir/timer_hal.c.obj
[534/1044] Building C object esp-idf/hal/CMakeFiles/__idf_hal.dir/ledc_hal.c.obj
[656/1044] Building C object esp-idf/spi_flash/CMakeFiles/__idf_spi_flash.dir/spi_flash_os_func_noos.c.obj
[535/1044] Building C object esp-idf/hal/CMakeFiles/__idf_hal.dir/uart_hal_iram.c.obj
[497/1044] Building C object esp-idf/heap/CMakeFiles/__idf_heap.dir/heap_caps_init.c.obj
[657/1044] Building C object esp-idf/spi_flash/CMakeFiles/__idf_spi_flash.dir/spi_flash_wrap.c.obj
[658/1044] Building C object esp-idf/spi_flash/CMakeFiles/__idf_spi_flash.dir/spi_flash_chip_mxic_opi.c.obj
[659/1044] Building C object esp-idf/bootloader_support/CMakeFiles/__idf_bootloader_support.dir/src/bootloader_mem.c.obj
[536/1044] Linking C static library esp-idf/freertos/libfreertos.a
[498/1044] Building C object esp-idf/log/CMakeFiles/__idf_log.dir/src/util.c.obj
[537/1044] Building C object esp-idf/hal/CMakeFiles/__idf_hal.dir/gpio_hal.c.obj
[499/1044] Building C object esp-idf/heap/CMakeFiles/__idf_heap.dir/port/esp32s3/memory_layout.c.obj
[538/1044] Building C object esp-idf/hal/CMakeFiles/__idf_hal.dir/pcnt_hal.c.obj
[660/1044] Building C object esp-idf/spi_flash/CMakeFiles/__idf_spi_flash.dir/flash_mmap.c.obj
[500/1044] Building C object esp-idf/log/CMakeFiles/__idf_log.dir/src/os/log_lock.c.obj
[539/1044] Building C object esp-idf/hal/CMakeFiles/__idf_hal.dir/rtc_io_hal.c.obj
[501/1044] Building C object esp-idf/heap/CMakeFiles/__idf_heap.dir/heap_caps_base.c.obj
[502/1044] Building C object esp-idf/esp_hw_support/CMakeFiles/__idf_esp_hw_support.dir/dma/gdma.c.obj
[503/1044] Linking C static library esp-idf/esp_driver_gptimer/libesp_driver_gptimer.a
[504/1044] Building C object esp-idf/log/CMakeFiles/__idf_log.dir/src/log_format_text.c.obj
[505/1044] Building C object esp-idf/heap/CMakeFiles/__idf_heap.dir/port/memory_layout_utils.c.obj
[661/1044] Building C object esp-idf/bootloader_support/CMakeFiles/__idf_bootloader_support.dir/src/bootloader_common_loader.c.obj
[506/1044] Building C object esp-idf/log/CMakeFiles/__idf_log.dir/src/os/log_timestamp.c.obj
[540/1044] Building C object esp-idf/hal/CMakeFiles/__idf_hal.dir/systimer_hal.c.obj
[541/1044] Building C object esp-idf/hal/CMakeFiles/__idf_hal.dir/rmt_hal.c.obj
[662/1044] Linking C static library esp-idf/esp_system/libesp_system.a
[542/1044] Building C object esp-idf/hal/CMakeFiles/__idf_hal.dir/ledc_hal_iram.c.obj
[507/1044] Linking C static library esp-idf/esp_timer/libesp_timer.a
[663/1044] Building C object esp-idf/spi_flash/CMakeFiles/__idf_spi_flash.dir/spi_flash_os_func_app.c.obj
[543/1044] Building C object esp-idf/hal/CMakeFiles/__idf_hal.dir/uart_hal.c.obj
[664/1044] Building C object esp-idf/spi_flash/CMakeFiles/__idf_spi_flash.dir/esp_flash_spi_init.c.obj
[544/1044] Building C object esp-idf/hal/CMakeFiles/__idf_hal.dir/esp32s3/clk_tree_hal.c.obj
[508/1044] Building C object esp-idf/log/CMakeFiles/__idf_log.dir/src/log.c.obj
[509/1044] Building C object esp-idf/log/CMakeFiles/__idf_log.dir/src/buffer/log_buffers.c.obj
[665/1044] Building C object esp-idf/bootloader_support/CMakeFiles/__idf_bootloader_support.dir/src/bootloader_clock_init.c.obj
[545/1044] Building C object esp-idf/hal/CMakeFiles/__idf_hal.dir/uhci_hal.c.obj
[546/1044] Building C object esp-idf/hal/CMakeFiles/__idf_hal.dir/i2c_hal_iram.c.obj
[510/1044] Building C object esp-idf/log/CMakeFiles/__idf_log.dir/src/log_print.c.obj
[666/1044] Building C object esp-idf/spi_flash/CMakeFiles/__idf_spi_flash.dir/cache_utils.c.obj
-- Generating done (2.2s)
[511/1044] Building C object esp-idf/log/CMakeFiles/__idf_log.dir/src/os/log_write.c.obj
[667/1044] Building C object esp-idf/esp_mm/CMakeFiles/__idf_esp_mm.dir/esp_cache_utils.c.obj
[547/1044] Building C object esp-idf/hal/CMakeFiles/__idf_hal.dir/sdm_hal.c.obj
[668/1044] Building C object esp-idf/bootloader_support/CMakeFiles/__idf_bootloader_support.dir/src/bootloader_efuse.c.obj
[512/1044] Building C object esp-idf/log/CMakeFiles/__idf_log.dir/src/log_level/tag_log_level/linked_list/log_linked_list.c.obj
[669/1044] Building C object esp-idf/bootloader_support/CMakeFiles/__idf_bootloader_support.dir/src/bootloader_random.c.obj
[548/1044] Building C object esp-idf/hal/CMakeFiles/__idf_hal.dir/spi_flash_hal_iram.c.obj
[513/1044] Building C object esp-idf/heap/CMakeFiles/__idf_heap.dir/heap_caps.c.obj
[549/1044] Building C object esp-idf/hal/CMakeFiles/__idf_hal.dir/gdma_hal_top.c.obj
[550/1044] Building C object esp-idf/hal/CMakeFiles/__idf_hal.dir/mcpwm_hal.c.obj
[670/1044] Building C object esp-idf/spi_flash/CMakeFiles/__idf_spi_flash.dir/spi_flash_chip_generic.c.obj
-- Build files have been written to: /home/tikhon/Документы/magnolia/applets/go/gohexdump/build
[514/1044] Building C object esp-idf/log/CMakeFiles/__idf_log.dir/src/os/util.c.obj
[515/1044] Linking C static library esp-idf/cxx/libcxx.a
[516/1044] Building C object esp-idf/log/CMakeFiles/__idf_log.dir/src/log_level/log_level.c.obj
[517/1044] Building C object esp-idf/log/CMakeFiles/__idf_log.dir/src/log_level/tag_log_level/tag_log_level.c.obj
[551/1044] Building C object esp-idf/hal/CMakeFiles/__idf_hal.dir/adc_oneshot_hal.c.obj
[518/1044] Building C object esp-idf/log/CMakeFiles/__idf_log.dir/src/log_timestamp_common.c.obj
-- ESP-TEE is currently supported only on the esp32c6;esp32h2;esp32c5 SoCs
[519/1044] Building C object esp-idf/esp_hw_support/CMakeFiles/__idf_esp_hw_support.dir/sleep_modes.c.obj
[552/1044] Building C object esp-idf/hal/CMakeFiles/__idf_hal.dir/i2c_hal.c.obj
[553/1044] Building C object esp-idf/esp_hw_support/CMakeFiles/__idf_esp_hw_support.dir/port/esp32s3/esp_memprot.c.obj
[671/1044] Building C object esp-idf/mbedtls/mbedtls/library/CMakeFiles/mbedtls.dir/mps_reader.c.obj
[520/1044] Building C object esp-idf/hal/CMakeFiles/__idf_hal.dir/hal_utils.c.obj
-- USING O3
[521/1044] Building C object esp-idf/hal/CMakeFiles/__idf_hal.dir/mpu_hal.c.obj
[672/1044] Building C object esp-idf/esp_mm/CMakeFiles/__idf_esp_mm.dir/esp_cache_msync.c.obj
[522/1044] Building C object esp-idf/log/CMakeFiles/__idf_log.dir/src/log_level/tag_log_level/cache/log_binary_heap.c.obj
[523/1044] Linking C static library esp-idf/pthread/libpthread.a
[554/1044] Building C object esp-idf/hal/CMakeFiles/__idf_hal.dir/sdmmc_hal.c.obj
[524/1044] Building C object esp-idf/hal/CMakeFiles/__idf_hal.dir/color_hal.c.obj
[673/1044] Building C object esp-idf/bootloader_support/CMakeFiles/__idf_bootloader_support.dir/src/flash_partitions.c.obj
[555/1044] Building C object esp-idf/hal/CMakeFiles/__idf_hal.dir/brownout_hal.c.obj
[674/1044] Building C object esp-idf/mbedtls/mbedtls/library/CMakeFiles/mbedtls.dir/debug.c.obj
[675/1044] Building C object esp-idf/bootloader_support/CMakeFiles/__idf_bootloader_support.dir/src/bootloader_common.c.obj
[676/1044] Building C object esp-idf/mbedtls/mbedtls/library/CMakeFiles/mbedtls.dir/mps_trace.c.obj
[556/1044] Building C object esp-idf/hal/CMakeFiles/__idf_hal.dir/spi_slave_hal.c.obj
[525/1044] Building C object esp-idf/hal/CMakeFiles/__idf_hal.dir/spi_flash_encrypt_hal_iram.c.obj
[526/1044] Building C object esp-idf/hal/CMakeFiles/__idf_hal.dir/timer_hal.c.obj
[557/1044] Building C object esp-idf/hal/CMakeFiles/__idf_hal.dir/sha_hal.c.obj
[558/1044] Building C object esp-idf/hal/CMakeFiles/__idf_hal.dir/spi_hal.c.obj
[559/1044] Building C object esp-idf/hal/CMakeFiles/__idf_hal.dir/gdma_hal_ahb_v1.c.obj
[527/1044] Building C object esp-idf/hal/CMakeFiles/__idf_hal.dir/esp32s3/efuse_hal.c.obj
[677/1044] Building C object esp-idf/bootloader_support/CMakeFiles/__idf_bootloader_support.dir/src/secure_boot.c.obj
[560/1044] Building C object esp-idf/hal/CMakeFiles/__idf_hal.dir/mpi_hal.c.obj
[528/1044] Linking C static library esp-idf/newlib/libnewlib.a
-- Adding linker script /home/tikhon/Документы/magnolia/applets/go/pwd/build/esp-idf/esp_system/ld/memory.ld
-- Adding linker script /home/tikhon/Документы/magnolia/applets/go/pwd/build/esp-idf/esp_system/ld/sections.ld.in
[678/1044] Building C object esp-idf/bootloader_support/CMakeFiles/__idf_bootloader_support.dir/src/bootloader_random_esp32s3.c.obj
[561/1044] Building C object esp-idf/hal/CMakeFiles/__idf_hal.dir/lcd_hal.c.obj
[679/1044] Building C object esp-idf/bootloader_support/CMakeFiles/__idf_bootloader_support.dir/bootloader_flash/src/flash_qio_mode.c.obj
[680/1044] Building C object esp-idf/bootloader_support/CMakeFiles/__idf_bootloader_support.dir/src/flash_encrypt.c.obj
[562/1044] Building C object esp-idf/hal/CMakeFiles/__idf_hal.dir/aes_hal.c.obj
[681/1044] Building C object esp-idf/bootloader_support/CMakeFiles/__idf_bootloader_support.dir/bootloader_flash/src/bootloader_flash_config_esp32s3.c.obj
[682/1044] Building C object esp-idf/mbedtls/mbedtls/library/CMakeFiles/mbedtls.dir/ssl_cache.c.obj
[529/1044] Building C object esp-idf/heap/CMakeFiles/__idf_heap.dir/multi_heap.c.obj
-- Adding linker script /home/tikhon/Документы/magnolia/esp-idf/components/esp_rom/esp32s3/ld/esp32s3.rom.ld
-- Adding linker script /home/tikhon/Документы/magnolia/esp-idf/components/esp_rom/esp32s3/ld/esp32s3.rom.api.ld
-- Adding linker script /home/tikhon/Документы/magnolia/esp-idf/components/esp_rom/esp32s3/ld/esp32s3.rom.bt_funcs.ld
-- Adding linker script /home/tikhon/Документы/magnolia/esp-idf/components/esp_rom/esp32s3/ld/esp32s3.rom.libgcc.ld
-- Adding linker script /home/tikhon/Документы/magnolia/esp-idf/components/esp_rom/esp32s3/ld/esp32s3.rom.wdt.ld
-- Adding linker script /home/tikhon/Документы/magnolia/esp-idf/components/esp_rom/esp32s3/ld/esp32s3.rom.version.ld
-- Adding linker script /home/tikhon/Документы/magnolia/esp-idf/components/esp_rom/esp32s3/ld/esp32s3.rom.ble_master.ld
-- Adding linker script /home/tikhon/Документы/magnolia/esp-idf/components/esp_rom/esp32s3/ld/esp32s3.rom.ble_50.ld
-- Adding linker script /home/tikhon/Документы/magnolia/esp-idf/components/esp_rom/esp32s3/ld/esp32s3.rom.ble_smp.ld
-- Adding linker script /home/tikhon/Документы/magnolia/esp-idf/components/esp_rom/esp32s3/ld/esp32s3.rom.ble_dtm.ld
-- Adding linker script /home/tikhon/Документы/magnolia/esp-idf/components/esp_rom/esp32s3/ld/esp32s3.rom.ble_test.ld
-- Adding linker script /home/tikhon/Документы/magnolia/esp-idf/components/esp_rom/esp32s3/ld/esp32s3.rom.ble_scan.ld
-- Adding linker script /home/tikhon/Документы/magnolia/esp-idf/components/esp_rom/esp32s3/ld/esp32s3.rom.libc.ld
-- Adding linker script /home/tikhon/Документы/magnolia/esp-idf/components/esp_rom/esp32s3/ld/esp32s3.rom.newlib.ld
[683/1044] Building C object esp-idf/mbedtls/mbedtls/library/CMakeFiles/mbedtls.dir/ssl_cookie.c.obj
[530/1044] Building C object esp-idf/hal/CMakeFiles/__idf_hal.dir/efuse_hal.c.obj
[684/1044] Building C object esp-idf/bootloader_support/CMakeFiles/__idf_bootloader_support.dir/src/esp32s3/secure_boot_secure_features.c.obj
[531/1044] Building C object esp-idf/hal/CMakeFiles/__idf_hal.dir/gpio_hal.c.obj
[532/1044] Building C object esp-idf/hal/CMakeFiles/__idf_hal.dir/rtc_io_hal.c.obj
[685/1044] Building C object esp-idf/spi_flash/CMakeFiles/__idf_spi_flash.dir/esp_flash_api.c.obj
[533/1044] Building C object esp-idf/hal/CMakeFiles/__idf_hal.dir/uart_hal_iram.c.obj
[563/1044] Linking C static library esp-idf/esp_hw_support/libesp_hw_support.a
[534/1044] Building C object esp-idf/hal/CMakeFiles/__idf_hal.dir/mmu_hal.c.obj
[564/1044] Building C object esp-idf/hal/CMakeFiles/__idf_hal.dir/twai_hal_sja1000.c.obj
[686/1044] Building C object esp-idf/bootloader_support/CMakeFiles/__idf_bootloader_support.dir/bootloader_flash/src/bootloader_flash.c.obj
[565/1044] Building C object esp-idf/hal/CMakeFiles/__idf_hal.dir/spi_flash_hal_gpspi.c.obj
[535/1044] Building C object esp-idf/hal/CMakeFiles/__idf_hal.dir/esp32s3/clk_tree_hal.c.obj
[566/1044] Building C object esp-idf/hal/CMakeFiles/__idf_hal.dir/spi_slave_hal_iram.c.obj
-- Adding linker script /home/tikhon/Документы/magnolia/esp-idf/components/soc/esp32s3/ld/esp32s3.peripherals.ld
[687/1044] Building C object esp-idf/mbedtls/mbedtls/library/CMakeFiles/mbedtls.dir/ssl_tls13_keys.c.obj
-- Compiler supported targets: xtensa-esp-elf
[536/1044] Building C object esp-idf/hal/CMakeFiles/__idf_hal.dir/cache_hal.c.obj
[688/1044] Building C object esp-idf/esp_mm/CMakeFiles/__idf_esp_mm.dir/esp_mmu_map.c.obj
[689/1044] Building C object esp-idf/bootloader_support/CMakeFiles/__idf_bootloader_support.dir/src/bootloader_sha.c.obj
[537/1044] Building C object esp-idf/hal/CMakeFiles/__idf_hal.dir/ledc_hal_iram.c.obj
[538/1044] Linking C static library esp-idf/freertos/libfreertos.a
[567/1044] Building C object esp-idf/hal/CMakeFiles/__idf_hal.dir/hmac_hal.c.obj
[539/1044] Building C object esp-idf/hal/CMakeFiles/__idf_hal.dir/ledc_hal.c.obj
[690/1044] Building C object esp-idf/mbedtls/mbedtls/library/CMakeFiles/mbedtls.dir/ssl_tls13_client.c.obj
[568/1044] Building C object esp-idf/hal/CMakeFiles/__idf_hal.dir/ds_hal.c.obj
[540/1044] Building C object esp-idf/hal/CMakeFiles/__idf_hal.dir/pcnt_hal.c.obj
[541/1044] Building C object esp-idf/hal/CMakeFiles/__idf_hal.dir/uhci_hal.c.obj
[569/1044] Building C object esp-idf/hal/CMakeFiles/__idf_hal.dir/adc_hal_common.c.obj
[542/1044] Building C object esp-idf/hal/CMakeFiles/__idf_hal.dir/spi_flash_hal.c.obj
[570/1044] Building C object esp-idf/hal/CMakeFiles/__idf_hal.dir/usb_serial_jtag_hal.c.obj
[543/1044] Building C object esp-idf/hal/CMakeFiles/__idf_hal.dir/systimer_hal.c.obj
[544/1044] Building C object esp-idf/hal/CMakeFiles/__idf_hal.dir/uart_hal.c.obj
[691/1044] Building C object 'esp-idf/mbedtls/mbedtls/library/CMakeFiles/mbedtls.dir/home/tikhon/Документы/magnolia/esp-idf/components/mbedtls/port/esp_platform_time.c.obj'
[571/1044] Building C object esp-idf/hal/CMakeFiles/__idf_hal.dir/i2s_hal.c.obj
[692/1044] Building C object esp-idf/mbedtls/mbedtls/library/CMakeFiles/mbedtls.dir/ssl_tls13_server.c.obj
[572/1044] Linking C static library esp-idf/soc/libsoc.a
[693/1044] Building C object esp-idf/mbedtls/mbedtls/library/CMakeFiles/mbedtls.dir/ssl_tls13_generic.c.obj
[545/1044] Building C object esp-idf/hal/CMakeFiles/__idf_hal.dir/rmt_hal.c.obj
[694/1044] Linking C static library esp-idf/spi_flash/libspi_flash.a
[695/1044] Building C object esp-idf/mbedtls/mbedtls/library/CMakeFiles/mbedtls.dir/ssl_ciphersuites.c.obj
[573/1044] Building C object esp-idf/esp_rom/CMakeFiles/__idf_esp_rom.dir/patches/esp_rom_crc.c.obj
[574/1044] Building C object esp-idf/heap/CMakeFiles/__idf_heap.dir/tlsf/tlsf.c.obj
[575/1044] Building C object esp-idf/hal/CMakeFiles/__idf_hal.dir/touch_sensor_hal.c.obj
[546/1044] Building C object esp-idf/hal/CMakeFiles/__idf_hal.dir/gdma_hal_top.c.obj
[576/1044] Building C object esp-idf/hal/CMakeFiles/__idf_hal.dir/cam_hal.c.obj
[547/1044] Building C object esp-idf/hal/CMakeFiles/__idf_hal.dir/i2c_hal_iram.c.obj
[577/1044] Building C object esp-idf/hal/CMakeFiles/__idf_hal.dir/adc_hal.c.obj
[0/4] Re-checking globbed directories...
[578/1044] Building C object esp-idf/hal/CMakeFiles/__idf_hal.dir/usb_wrap_hal.c.obj
[696/1044] Linking C static library esp-idf/esp_mm/libesp_mm.a
[579/1044] Building C object esp-idf/hal/CMakeFiles/__idf_hal.dir/xt_wdt_hal.c.obj
[697/1044] Building C object esp-idf/mbedtls/mbedtls/library/CMakeFiles/mbedtls.dir/ssl_debug_helpers_generated.c.obj
[548/1044] Building C object esp-idf/hal/CMakeFiles/__idf_hal.dir/mcpwm_hal.c.obj
[549/1044] Building C object esp-idf/hal/CMakeFiles/__idf_hal.dir/sdm_hal.c.obj
[580/1044] Building C object esp-idf/esp_rom/CMakeFiles/__idf_esp_rom.dir/patches/esp_rom_efuse.c.obj
[550/1044] Building C object esp-idf/hal/CMakeFiles/__idf_hal.dir/mpi_hal.c.obj
[581/1044] Building C object esp-idf/esp_rom/CMakeFiles/__idf_esp_rom.dir/patches/esp_rom_sys.c.obj
[582/1044] Building ASM object esp-idf/esp_rom/CMakeFiles/__idf_esp_rom.dir/patches/esp_rom_longjmp.S.obj
[698/1044] Building C object esp-idf/mbedtls/mbedtls/library/CMakeFiles/mbedtls.dir/ssl_client.c.obj
[583/1044] Building C object esp-idf/hal/CMakeFiles/__idf_hal.dir/touch_sens_hal.c.obj
[551/1044] Building C object esp-idf/hal/CMakeFiles/__idf_hal.dir/sdmmc_hal.c.obj
[699/1044] Building C object esp-idf/mbedtls/mbedtls/library/CMakeFiles/mbedtls.dir/ssl_ticket.c.obj
[552/1044] Building C object esp-idf/esp_hw_support/CMakeFiles/__idf_esp_hw_support.dir/port/esp32s3/esp_memprot.c.obj
[700/1044] Building C object esp-idf/mbedtls/mbedtls/library/CMakeFiles/mbedx509.dir/x509_create.c.obj
[553/1044] Building C object esp-idf/hal/CMakeFiles/__idf_hal.dir/i2c_hal.c.obj
[584/1044] Building C object esp-idf/hal/CMakeFiles/__idf_hal.dir/temperature_sensor_hal.c.obj
[585/1044] Linking C static library esp-idf/heap/libheap.a
[701/1044] Building C object 'esp-idf/mbedtls/mbedtls/library/CMakeFiles/mbedtls.dir/home/tikhon/Документы/magnolia/esp-idf/components/mbedtls/port/mbedtls_debug.c.obj'
[554/1044] Building C object esp-idf/hal/CMakeFiles/__idf_hal.dir/spi_flash_hal_iram.c.obj
[586/1044] Building ASM object esp-idf/esp_rom/CMakeFiles/__idf_esp_rom.dir/patches/esp_rom_cache_writeback_esp32s3.S.obj
-- Components: app_trace app_update bootloader bootloader_support bt cmock console cxx driver efuse esp-tls esp_adc esp_app_format esp_bootloader_format esp_coex esp_common esp_driver_ana_cmpr esp_driver_bitscrambler esp_driver_cam esp_driver_dac esp_driver_gpio esp_driver_gptimer esp_driver_i2c esp_driver_i2s esp_driver_i3c esp_driver_isp esp_driver_jpeg esp_driver_ledc esp_driver_mcpwm esp_driver_parlio esp_driver_pcnt esp_driver_ppa esp_driver_rmt esp_driver_sd_intf esp_driver_sdio esp_driver_sdm esp_driver_sdmmc esp_driver_sdspi esp_driver_spi esp_driver_touch_sens esp_driver_tsens esp_driver_twai esp_driver_uart esp_driver_usb_serial_jtag esp_eth esp_event esp_gdbstub esp_hid esp_http_client esp_http_server esp_https_ota esp_https_server esp_hw_support esp_lcd esp_local_ctrl esp_mm esp_netif esp_netif_stack esp_partition esp_phy esp_pm esp_psram esp_ringbuf esp_rom esp_security esp_system esp_timer esp_vfs_console esp_wifi espcoredump espressif__cmake_utilities espressif__elf_loader esptool_py fatfs freertos hal heap http_parser idf_test ieee802154 json log lwip main mbedtls mqtt newlib nvs_flash nvs_sec_provider openthread partition_table perfmon protobuf-c protocomm pthread rt sdmmc soc spi_flash spiffs tcp_transport touch_element ulp unity usb vfs wear_levelling wifi_provisioning wpa_supplicant xtensa
-- Component paths: /home/tikhon/Документы/magnolia/esp-idf/components/app_trace /home/tikhon/Документы/magnolia/esp-idf/components/app_update /home/tikhon/Документы/magnolia/esp-idf/components/bootloader /home/tikhon/Документы/magnolia/esp-idf/components/bootloader_support /home/tikhon/Документы/magnolia/esp-idf/components/bt /home/tikhon/Документы/magnolia/esp-idf/components/cmock /home/tikhon/Документы/magnolia/esp-idf/components/console /home/tikhon/Документы/magnolia/esp-idf/components/cxx /home/tikhon/Документы/magnolia/esp-idf/components/driver /home/tikhon/Документы/magnolia/esp-idf/components/efuse /home/tikhon/Документы/magnolia/esp-idf/components/esp-tls /home/tikhon/Документы/magnolia/esp-idf/components/esp_adc /home/tikhon/Документы/magnolia/esp-idf/components/esp_app_format /home/tikhon/Документы/magnolia/esp-idf/components/esp_bootloader_format /home/tikhon/Документы/magnolia/esp-idf/components/esp_coex /home/tikhon/Документы/magnolia/esp-idf/components/esp_common /home/tikhon/Документы/magnolia/esp-idf/components/esp_driver_ana_cmpr /home/tikhon/Документы/magnolia/esp-idf/components/esp_driver_bitscrambler /home/tikhon/Документы/magnolia/esp-idf/components/esp_driver_cam /home/tikhon/Документы/magnolia/esp-idf/components/esp_driver_dac /home/tikhon/Документы/magnolia/esp-idf/components/esp_driver_gpio /home/tikhon/Документы/magnolia/esp-idf/components/esp_driver_gptimer /home/tikhon/Документы/magnolia/esp-idf/components/esp_driver_i2c /home/tikhon/Документы/magnolia/esp-idf/components/esp_driver_i2s /home/tikhon/Документы/magnolia/esp-idf/components/esp_driver_i3c /home/tikhon/Документы/magnolia/esp-idf/components/esp_driver_isp /home/tikhon/Документы/magnolia/esp-idf/components/esp_driver_jpeg /home/tikhon/Документы/magnolia/esp-idf/components/esp_driver_ledc /home/tikhon/Документы/magnolia/esp-idf/components/esp_driver_mcpwm /home/tikhon/Документы/magnolia/esp-idf/components/esp_driver_parlio /home/tikhon/Документы/magnolia/esp-idf/components/esp_driver_pcnt /home/tikhon/Документы/magnolia/esp-idf/components/esp_driver_ppa /home/tikhon/Документы/magnolia/esp-idf/components/esp_driver_rmt /home/tikhon/Документы/magnolia/esp-idf/components/esp_driver_sd_intf /home/tikhon/Документы/magnolia/esp-idf/components/esp_driver_sdio /home/tikhon/Документы/magnolia/esp-idf/components/esp_driver_sdm /home/tikhon/Документы/magnolia/esp-idf/components/esp_driver_sdmmc /home/tikhon/Документы/magnolia/esp-idf/components/esp_driver_sdspi /home/tikhon/Документы/magnolia/esp-idf/components/esp_driver_spi /home/tikhon/Документы/magnolia/esp-idf/components/esp_driver_touch_sens /home/tikhon/Документы/magnolia/esp-idf/components/esp_driver_tsens /home/tikhon/Документы/magnolia/esp-idf/components/esp_driver_twai /home/tikhon/Документы/magnolia/esp-idf/components/esp_driver_uart /home/tikhon/Документы/magnolia/esp-idf/components/esp_driver_usb_serial_jtag /home/tikhon/Документы/magnolia/esp-idf/components/esp_eth /home/tikhon/Документы/magnolia/esp-idf/components/esp_event /home/tikhon/Документы/magnolia/esp-idf/components/esp_gdbstub /home/tikhon/Документы/magnolia/esp-idf/components/esp_hid /home/tikhon/Документы/magnolia/esp-idf/components/esp_http_client /home/tikhon/Документы/magnolia/esp-idf/components/esp_http_server /home/tikhon/Документы/magnolia/esp-idf/components/esp_https_ota /home/tikhon/Документы/magnolia/esp-idf/components/esp_https_server /home/tikhon/Документы/magnolia/esp-idf/components/esp_hw_support /home/tikhon/Документы/magnolia/esp-idf/components/esp_lcd /home/tikhon/Документы/magnolia/esp-idf/components/esp_local_ctrl /home/tikhon/Документы/magnolia/esp-idf/components/esp_mm /home/tikhon/Документы/magnolia/esp-idf/components/esp_netif /home/tikhon/Документы/magnolia/esp-idf/components/esp_netif_stack /home/tikhon/Документы/magnolia/esp-idf/components/esp_partition /home/tikhon/Документы/magnolia/esp-idf/components/esp_phy /home/tikhon/Документы/magnolia/esp-idf/components/esp_pm /home/tikhon/Документы/magnolia/esp-idf/components/esp_psram /home/tikhon/Документы/magnolia/esp-idf/components/esp_ringbuf /home/tikhon/Документы/magnolia/esp-idf/components/esp_rom /home/tikhon/Документы/magnolia/esp-idf/components/esp_security /home/tikhon/Документы/magnolia/esp-idf/components/esp_system /home/tikhon/Документы/magnolia/esp-idf/components/esp_timer /home/tikhon/Документы/magnolia/esp-idf/components/esp_vfs_console /home/tikhon/Документы/magnolia/esp-idf/components/esp_wifi /home/tikhon/Документы/magnolia/esp-idf/components/espcoredump /home/tikhon/Документы/magnolia/applets/go/goxxd/managed_components/espressif__cmake_utilities /home/tikhon/Документы/magnolia/applets/go/goxxd/managed_components/espressif__elf_loader /home/tikhon/Документы/magnolia/esp-idf/components/esptool_py /home/tikhon/Документы/magnolia/esp-idf/components/fatfs /home/tikhon/Документы/magnolia/esp-idf/components/freertos /home/tikhon/Документы/magnolia/esp-idf/components/hal /home/tikhon/Документы/magnolia/esp-idf/components/heap /home/tikhon/Документы/magnolia/esp-idf/components/http_parser /home/tikhon/Документы/magnolia/esp-idf/components/idf_test /home/tikhon/Документы/magnolia/esp-idf/components/ieee802154 /home/tikhon/Документы/magnolia/esp-idf/components/json /home/tikhon/Документы/magnolia/esp-idf/components/log /home/tikhon/Документы/magnolia/esp-idf/components/lwip /home/tikhon/Документы/magnolia/applets/go/goxxd/main /home/tikhon/Документы/magnolia/esp-idf/components/mbedtls /home/tikhon/Документы/magnolia/esp-idf/components/mqtt /home/tikhon/Документы/magnolia/esp-idf/components/newlib /home/tikhon/Документы/magnolia/esp-idf/components/nvs_flash /home/tikhon/Документы/magnolia/esp-idf/components/nvs_sec_provider /home/tikhon/Документы/magnolia/esp-idf/components/openthread /home/tikhon/Документы/magnolia/esp-idf/components/partition_table /home/tikhon/Документы/magnolia/esp-idf/components/perfmon /home/tikhon/Документы/magnolia/esp-idf/components/protobuf-c /home/tikhon/Документы/magnolia/esp-idf/components/protocomm /home/tikhon/Документы/magnolia/esp-idf/components/pthread /home/tikhon/Документы/magnolia/esp-idf/components/rt /home/tikhon/Документы/magnolia/esp-idf/components/sdmmc /home/tikhon/Документы/magnolia/esp-idf/components/soc /home/tikhon/Документы/magnolia/esp-idf/components/spi_flash /home/tikhon/Документы/magnolia/esp-idf/components/spiffs /home/tikhon/Документы/magnolia/esp-idf/components/tcp_transport /home/tikhon/Документы/magnolia/esp-idf/components/touch_element /home/tikhon/Документы/magnolia/esp-idf/components/ulp /home/tikhon/Документы/magnolia/esp-idf/components/unity /home/tikhon/Документы/magnolia/esp-idf/components/usb /home/tikhon/Документы/magnolia/esp-idf/components/vfs /home/tikhon/Документы/magnolia/esp-idf/components/wear_levelling /home/tikhon/Документы/magnolia/esp-idf/components/wifi_provisioning /home/tikhon/Документы/magnolia/esp-idf/components/wpa_supplicant /home/tikhon/Документы/magnolia/esp-idf/components/xtensa
-- Minimal build - OFF
[587/1044] Building C object esp-idf/hal/CMakeFiles/__idf_hal.dir/esp32s3/rtc_cntl_hal.c.obj
[555/1044] Building C object esp-idf/hal/CMakeFiles/__idf_hal.dir/lcd_hal.c.obj
[588/1044] Building C object esp-idf/esp_rom/CMakeFiles/__idf_esp_rom.dir/patches/esp_rom_systimer.c.obj
[589/1044] Building C object esp-idf/hal/CMakeFiles/__idf_hal.dir/esp32s3/touch_sensor_hal.c.obj
[590/1044] Building C object esp-idf/esp_rom/CMakeFiles/__idf_esp_rom.dir/patches/esp_rom_gpio.c.obj
-- Configuring done (19.0s)
[556/1044] Building C object esp-idf/hal/CMakeFiles/__idf_hal.dir/sha_hal.c.obj
[591/1044] Building C object esp-idf/esp_rom/CMakeFiles/__idf_esp_rom.dir/patches/esp_rom_serial_output.c.obj
[702/1044] Building C object esp-idf/mbedtls/mbedtls/library/CMakeFiles/mbedx509.dir/x509write.c.obj
[557/1044] Building C object esp-idf/hal/CMakeFiles/__idf_hal.dir/aes_hal.c.obj
[592/1044] Building C object esp-idf/hal/CMakeFiles/__idf_hal.dir/spi_slave_hd_hal.c.obj
[703/1044] Building C object esp-idf/mbedtls/mbedtls/library/CMakeFiles/mbedx509.dir/x509write_crt.c.obj
[593/1044] Building C object esp-idf/esp_rom/CMakeFiles/__idf_esp_rom.dir/patches/esp_rom_spiflash.c.obj
[594/1044] Building C object esp-idf/esp_rom/CMakeFiles/__idf_esp_rom.dir/patches/esp_rom_wdt.c.obj
[704/1044] Building C object esp-idf/mbedtls/mbedtls/library/CMakeFiles/mbedx509.dir/x509write_csr.c.obj
[705/1044] Building C object esp-idf/mbedtls/mbedtls/library/CMakeFiles/mbedcrypto.dir/aesni.c.obj
[595/1044] Building C object esp-idf/esp_rom/CMakeFiles/__idf_esp_rom.dir/patches/esp_rom_print.c.obj
[558/1044] Building C object esp-idf/hal/CMakeFiles/__idf_hal.dir/brownout_hal.c.obj
[596/1044] Linking C static library esp-idf/log/liblog.a
[597/1044] Building C object esp-idf/esp_system/CMakeFiles/__idf_esp_system.dir/esp_err.c.obj
[559/1044] Building C object esp-idf/hal/CMakeFiles/__idf_hal.dir/spi_slave_hal.c.obj
[598/1044] Building C object esp-idf/esp_system/CMakeFiles/__idf_esp_system.dir/esp_system_console.c.obj
[560/1044] Building C object esp-idf/hal/CMakeFiles/__idf_hal.dir/adc_oneshot_hal.c.obj
[706/1044] Building C object esp-idf/mbedtls/mbedtls/library/CMakeFiles/mbedcrypto.dir/aesce.c.obj
[561/1044] Building C object esp-idf/hal/CMakeFiles/__idf_hal.dir/adc_hal_common.c.obj
[599/1044] Building C object esp-idf/esp_rom/CMakeFiles/__idf_esp_rom.dir/patches/esp_rom_cache_esp32s2_esp32s3.c.obj
[562/1044] Building C object esp-idf/hal/CMakeFiles/__idf_hal.dir/twai_hal_sja1000.c.obj
[563/1044] Linking C static library esp-idf/esp_hw_support/libesp_hw_support.a
-- Building ESP-IDF components for target esp32s3
[564/1044] Building C object esp-idf/hal/CMakeFiles/__idf_hal.dir/gdma_hal_ahb_v1.c.obj
[707/1044] Building C object esp-idf/mbedtls/mbedtls/library/CMakeFiles/mbedx509.dir/x509_csr.c.obj
[565/1044] Building C object esp-idf/hal/CMakeFiles/__idf_hal.dir/cam_hal.c.obj
[566/1044] Building C object esp-idf/heap/CMakeFiles/__idf_heap.dir/tlsf/tlsf.c.obj
[600/1044] Building C object esp-idf/hal/CMakeFiles/__idf_hal.dir/spi_hal_iram.c.obj
[567/1044] Building C object esp-idf/hal/CMakeFiles/__idf_hal.dir/hmac_hal.c.obj
[601/1044] Building C object esp-idf/hal/CMakeFiles/__idf_hal.dir/usb_dwc_hal.c.obj
[568/1044] Building C object esp-idf/hal/CMakeFiles/__idf_hal.dir/adc_hal.c.obj
[602/1044] Building C object esp-idf/esp_system/CMakeFiles/__idf_esp_system.dir/stack_check.c.obj
[569/1044] Building C object esp-idf/hal/CMakeFiles/__idf_hal.dir/ds_hal.c.obj
[708/1044] Building C object esp-idf/bootloader_support/CMakeFiles/__idf_bootloader_support.dir/src/esp_image_format.c.obj
[570/1044] Building C object esp-idf/hal/CMakeFiles/__idf_hal.dir/spi_hal.c.obj
[603/1044] Building C object esp-idf/esp_system/CMakeFiles/__idf_esp_system.dir/crosscore_int.c.obj
[709/1044] Building C object esp-idf/bootloader_support/CMakeFiles/__idf_bootloader_support.dir/src/bootloader_utility.c.obj
[604/1044] Building C object esp-idf/esp_system/CMakeFiles/__idf_esp_system.dir/esp_ipc.c.obj
[571/1044] Building C object esp-idf/hal/CMakeFiles/__idf_hal.dir/spi_slave_hal_iram.c.obj
[710/1044] Building C object esp-idf/mbedtls/mbedtls/library/CMakeFiles/mbedcrypto.dir/asn1write.c.obj
[605/1044] Building C object esp-idf/esp_system/CMakeFiles/__idf_esp_system.dir/esp_system.c.obj
[572/1044] Linking C static library esp-idf/soc/libsoc.a
[573/1044] Building C object esp-idf/hal/CMakeFiles/__idf_hal.dir/usb_wrap_hal.c.obj
[711/1044] Building C object esp-idf/mbedtls/mbedtls/library/CMakeFiles/mbedcrypto.dir/aria.c.obj
[574/1044] Building C object esp-idf/esp_rom/CMakeFiles/__idf_esp_rom.dir/patches/esp_rom_crc.c.obj
[606/1044] Building C object esp-idf/esp_system/CMakeFiles/__idf_esp_system.dir/startup.c.obj
[607/1044] Building C object esp-idf/esp_system/CMakeFiles/__idf_esp_system.dir/freertos_hooks.c.obj
[575/1044] Building C object esp-idf/hal/CMakeFiles/__idf_hal.dir/usb_serial_jtag_hal.c.obj
[576/1044] Building C object esp-idf/esp_rom/CMakeFiles/__idf_esp_rom.dir/patches/esp_rom_sys.c.obj
[1/6] Building C object esp-idf/esp_app_format/CMakeFiles/__idf_esp_app_format.dir/esp_app_desc.c.obj
[608/1044] Building C object esp-idf/esp_system/CMakeFiles/__idf_esp_system.dir/system_time.c.obj
[712/1044] Building C object esp-idf/mbedtls/mbedtls/library/CMakeFiles/mbedcrypto.dir/aes.c.obj
[609/1044] Building C object esp-idf/esp_system/CMakeFiles/__idf_esp_system.dir/ubsan.c.obj
[713/1044] Building C object 'esp-idf/mbedtls/mbedtls/library/CMakeFiles/mbedtls.dir/home/tikhon/Документы/magnolia/esp-idf/components/mbedtls/port/net_sockets.c.obj'
[577/1044] Building C object esp-idf/hal/CMakeFiles/__idf_hal.dir/xt_wdt_hal.c.obj
[714/1044] Linking C static library esp-idf/bootloader_support/libbootloader_support.a
[715/1044] Building C object esp-idf/mbedtls/mbedtls/library/CMakeFiles/mbedx509.dir/pkcs7.c.obj
[610/1044] Building C object esp-idf/esp_system/CMakeFiles/__idf_esp_system.dir/port/arch/xtensa/esp_ipc_isr_port.c.obj
[578/1044] Building C object esp-idf/hal/CMakeFiles/__idf_hal.dir/temperature_sensor_hal.c.obj
[716/1044] Building C object esp-idf/mbedtls/mbedtls/library/CMakeFiles/mbedcrypto.dir/asn1parse.c.obj
[717/1044] Building C object esp-idf/mbedtls/mbedtls/library/CMakeFiles/mbedcrypto.dir/bignum_mod.c.obj
[2/6] Linking C static library esp-idf/esp_app_format/libesp_app_format.a
[718/1044] Building C object esp-idf/mbedtls/mbedtls/library/CMakeFiles/mbedcrypto.dir/bignum_mod_raw.c.obj
[611/1044] Building ASM object esp-idf/esp_system/CMakeFiles/__idf_esp_system.dir/port/arch/xtensa/esp_ipc_isr_routines.S.obj
[579/1044] Building C object esp-idf/hal/CMakeFiles/__idf_hal.dir/i2s_hal.c.obj
[580/1044] Building C object esp-idf/esp_rom/CMakeFiles/__idf_esp_rom.dir/patches/esp_rom_print.c.obj
[581/1044] Linking C static library esp-idf/heap/libheap.a
[719/1044] Building C object esp-idf/mbedtls/mbedtls/library/CMakeFiles/mbedcrypto.dir/base64.c.obj
[612/1044] Building ASM object esp-idf/esp_system/CMakeFiles/__idf_esp_system.dir/port/arch/xtensa/esp_ipc_isr_handler.S.obj
[613/1044] Building C object esp-idf/esp_system/CMakeFiles/__idf_esp_system.dir/port/panic_handler.c.obj
[582/1044] Building ASM object esp-idf/esp_rom/CMakeFiles/__idf_esp_rom.dir/patches/esp_rom_longjmp.S.obj
[720/1044] Building C object esp-idf/mbedtls/mbedtls/library/CMakeFiles/mbedx509.dir/x509_crl.c.obj
[614/1044] Building ASM object esp-idf/esp_system/CMakeFiles/__idf_esp_system.dir/port/arch/xtensa/panic_handler_asm.S.obj
[583/1044] Building C object esp-idf/hal/CMakeFiles/__idf_hal.dir/touch_sensor_hal.c.obj
[584/1044] Building C object esp-idf/esp_rom/CMakeFiles/__idf_esp_rom.dir/patches/esp_rom_efuse.c.obj
[585/1044] Building C object esp-idf/esp_rom/CMakeFiles/__idf_esp_rom.dir/patches/esp_rom_gpio.c.obj
[615/1044] Building C object esp-idf/esp_system/CMakeFiles/__idf_esp_system.dir/port/esp_system_chip.c.obj
[586/1044] Building C object esp-idf/hal/CMakeFiles/__idf_hal.dir/touch_sens_hal.c.obj
[616/1044] Building C object esp-idf/esp_system/CMakeFiles/__idf_esp_system.dir/startup_funcs.c.obj
[721/1044] Building C object esp-idf/mbedtls/mbedtls/library/CMakeFiles/mbedcrypto.dir/block_cipher.c.obj
[722/1044] Building C object esp-idf/mbedtls/mbedtls/library/CMakeFiles/mbedcrypto.dir/camellia.c.obj
[587/1044] Building C object esp-idf/hal/CMakeFiles/__idf_hal.dir/spi_flash_hal_gpspi.c.obj
[3/6] Build ELF: hexdump.app.elf
[588/1044] Building C object esp-idf/hal/CMakeFiles/__idf_hal.dir/spi_slave_hd_hal.c.obj
[617/1044] Building C object esp-idf/esp_system/CMakeFiles/__idf_esp_system.dir/port/esp_ipc_isr.c.obj
[723/1044] Building C object esp-idf/mbedtls/mbedtls/library/CMakeFiles/mbedcrypto.dir/chacha20.c.obj
[589/1044] Building C object esp-idf/esp_rom/CMakeFiles/__idf_esp_rom.dir/patches/esp_rom_serial_output.c.obj
[590/1044] Building ASM object esp-idf/esp_rom/CMakeFiles/__idf_esp_rom.dir/patches/esp_rom_cache_writeback_esp32s3.S.obj
[618/1044] Building C object esp-idf/esp_system/CMakeFiles/__idf_esp_system.dir/int_wdt.c.obj
[619/1044] Building C object esp-idf/esp_system/CMakeFiles/__idf_esp_system.dir/panic.c.obj
[620/1044] Building ASM object esp-idf/esp_system/CMakeFiles/__idf_esp_system.dir/port/arch/xtensa/expression_with_stack_asm.S.obj
[621/1044] Building C object esp-idf/esp_system/CMakeFiles/__idf_esp_system.dir/xt_wdt.c.obj
[591/1044] Building C object esp-idf/esp_rom/CMakeFiles/__idf_esp_rom.dir/patches/esp_rom_spiflash.c.obj
[622/1044] Building ASM object esp-idf/esp_system/CMakeFiles/__idf_esp_system.dir/port/arch/xtensa/debug_helpers_asm.S.obj
[623/1044] Linking C static library esp-idf/hal/libhal.a
-- App "true" version: c092b7f-dirty
[592/1044] Building C object esp-idf/esp_rom/CMakeFiles/__idf_esp_rom.dir/patches/esp_rom_systimer.c.obj
[724/1044] Building C object esp-idf/mbedtls/mbedtls/library/CMakeFiles/mbedcrypto.dir/chachapoly.c.obj
[593/1044] Building C object esp-idf/hal/CMakeFiles/__idf_hal.dir/usb_dwc_hal.c.obj
[594/1044] Linking C static library esp-idf/log/liblog.a
[595/1044] Building C object esp-idf/hal/CMakeFiles/__idf_hal.dir/esp32s3/touch_sensor_hal.c.obj
[725/1044] Building C object esp-idf/mbedtls/mbedtls/library/CMakeFiles/mbedcrypto.dir/des.c.obj
[624/1044] Building C object esp-idf/esp_system/CMakeFiles/__idf_esp_system.dir/port/arch/xtensa/trax.c.obj
[726/1044] Building C object esp-idf/mbedtls/mbedtls/library/CMakeFiles/mbedtls.dir/ssl_msg.c.obj
[596/1044] Building C object esp-idf/esp_rom/CMakeFiles/__idf_esp_rom.dir/patches/esp_rom_wdt.c.obj
[597/1044] Building C object esp-idf/esp_system/CMakeFiles/__idf_esp_system.dir/esp_system_console.c.obj
[625/1044] Building C object esp-idf/esp_system/CMakeFiles/__idf_esp_system.dir/port/image_process.c.obj
[598/1044] Building C object esp-idf/hal/CMakeFiles/__idf_hal.dir/spi_hal_iram.c.obj
[626/1044] Building C object esp-idf/esp_system/CMakeFiles/__idf_esp_system.dir/port/arch/xtensa/debug_stubs.c.obj
[599/1044] Building C object esp-idf/hal/CMakeFiles/__idf_hal.dir/esp32s3/rtc_cntl_hal.c.obj
[600/1044] Building C object esp-idf/esp_rom/CMakeFiles/__idf_esp_rom.dir/patches/esp_rom_cache_esp32s2_esp32s3.c.obj
[601/1044] Building C object esp-idf/esp_system/CMakeFiles/__idf_esp_system.dir/stack_check.c.obj
[727/1044] Building C object esp-idf/mbedtls/mbedtls/library/CMakeFiles/mbedcrypto.dir/ctr_drbg.c.obj
[602/1044] Building C object esp-idf/esp_system/CMakeFiles/__idf_esp_system.dir/crosscore_int.c.obj
[627/1044] Building C object esp-idf/spi_flash/CMakeFiles/__idf_spi_flash.dir/flash_brownout_hook.c.obj
[628/1044] Building ASM object esp-idf/esp_system/CMakeFiles/__idf_esp_system.dir/port/soc/esp32s3/highint_hdl.S.obj
[629/1044] Linking C static library esp-idf/esp_rom/libesp_rom.a
[728/1044] Building C object esp-idf/mbedtls/mbedtls/library/CMakeFiles/mbedcrypto.dir/cipher_wrap.c.obj
[630/1044] Building C object esp-idf/esp_system/CMakeFiles/__idf_esp_system.dir/port/arch/xtensa/expression_with_stack.c.obj
[729/1044] Building C object esp-idf/mbedtls/mbedtls/library/CMakeFiles/mbedcrypto.dir/constant_time.c.obj
[730/1044] Building C object esp-idf/mbedtls/mbedtls/library/CMakeFiles/mbedtls.dir/ssl_tls12_server.c.obj
[631/1044] Building C object esp-idf/esp_system/CMakeFiles/__idf_esp_system.dir/task_wdt/task_wdt_impl_timergroup.c.obj
[603/1044] Building C object esp-idf/esp_system/CMakeFiles/__idf_esp_system.dir/port/esp_system_chip.c.obj
[731/1044] Building C object esp-idf/mbedtls/mbedtls/library/CMakeFiles/mbedcrypto.dir/ecp_curves_new.c.obj
[632/1044] Building C object esp-idf/esp_system/CMakeFiles/__idf_esp_system.dir/port/soc/esp32s3/apb_backup_dma.c.obj
[604/1044] Building C object esp-idf/esp_system/CMakeFiles/__idf_esp_system.dir/esp_system.c.obj
[732/1044] Building C object esp-idf/mbedtls/mbedtls/library/CMakeFiles/mbedcrypto.dir/ecjpake.c.obj
[633/1044] Building C object esp-idf/esp_system/CMakeFiles/__idf_esp_system.dir/port/arch/xtensa/panic_arch.c.obj
[605/1044] Building C object esp-idf/esp_system/CMakeFiles/__idf_esp_system.dir/esp_ipc.c.obj
[733/1044] Building C object esp-idf/mbedtls/mbedtls/library/CMakeFiles/mbedtls.dir/ssl_tls12_client.c.obj
-- Compiler supported targets: xtensa-esp-elf
[606/1044] Building C object esp-idf/esp_system/CMakeFiles/__idf_esp_system.dir/esp_err.c.obj
[734/1044] Building C object esp-idf/mbedtls/mbedtls/library/CMakeFiles/mbedcrypto.dir/cmac.c.obj
[634/1044] Building C object esp-idf/spi_flash/CMakeFiles/__idf_spi_flash.dir/spi_flash_chip_gd.c.obj
[635/1044] Building C object esp-idf/esp_system/CMakeFiles/__idf_esp_system.dir/port/arch/xtensa/debug_helpers.c.obj
[636/1044] Building C object esp-idf/spi_flash/CMakeFiles/__idf_spi_flash.dir/spi_flash_chip_boya.c.obj
[637/1044] Building C object esp-idf/spi_flash/CMakeFiles/__idf_spi_flash.dir/spi_flash_chip_drivers.c.obj
[607/1044] Building C object esp-idf/esp_system/CMakeFiles/__idf_esp_system.dir/ubsan.c.obj
[608/1044] Building C object esp-idf/esp_system/CMakeFiles/__idf_esp_system.dir/startup.c.obj
[735/1044] Building C object esp-idf/mbedtls/mbedtls/library/CMakeFiles/mbedcrypto.dir/entropy_poll.c.obj
[609/1044] Building C object esp-idf/esp_system/CMakeFiles/__idf_esp_system.dir/startup_funcs.c.obj
[736/1044] Building C object esp-idf/mbedtls/mbedtls/library/CMakeFiles/mbedcrypto.dir/ecdh.c.obj
[610/1044] Building ASM object esp-idf/esp_system/CMakeFiles/__idf_esp_system.dir/port/arch/xtensa/esp_ipc_isr_handler.S.obj
[638/1044] Building C object esp-idf/spi_flash/CMakeFiles/__idf_spi_flash.dir/spi_flash_chip_issi.c.obj
[611/1044] Building C object esp-idf/esp_system/CMakeFiles/__idf_esp_system.dir/port/arch/xtensa/esp_ipc_isr_port.c.obj
[639/1044] Building C object esp-idf/esp_system/CMakeFiles/__idf_esp_system.dir/port/soc/esp32s3/reset_reason.c.obj
Executing action: elf
Running ninja in directory /home/tikhon/Документы/magnolia/applets/rust/rusthello/build
Executing "ninja elf"...
[0/2] Re-checking globbed directories...
[612/1044] Building C object esp-idf/esp_system/CMakeFiles/__idf_esp_system.dir/xt_wdt.c.obj
[613/1044] Building C object esp-idf/esp_system/CMakeFiles/__idf_esp_system.dir/system_time.c.obj
[640/1044] Building C object esp-idf/esp_common/CMakeFiles/__idf_esp_common.dir/src/esp_err_to_name.c.obj
[614/1044] Building C object esp-idf/esp_system/CMakeFiles/__idf_esp_system.dir/int_wdt.c.obj
[615/1044] Linking C static library esp-idf/hal/libhal.a
[641/1044] Building C object esp-idf/spi_flash/CMakeFiles/__idf_spi_flash.dir/spi_flash_chip_mxic.c.obj
[616/1044] Building ASM object esp-idf/esp_system/CMakeFiles/__idf_esp_system.dir/port/arch/xtensa/esp_ipc_isr_routines.S.obj
[1/2] Re-running CMake...
[617/1044] Building ASM object esp-idf/esp_system/CMakeFiles/__idf_esp_system.dir/port/arch/xtensa/panic_handler_asm.S.obj
[642/1044] Building C object esp-idf/spi_flash/CMakeFiles/__idf_spi_flash.dir/spi_flash_chip_winbond.c.obj
[643/1044] Building C object esp-idf/spi_flash/CMakeFiles/__idf_spi_flash.dir/spi_flash_chip_th.c.obj
[618/1044] Building C object esp-idf/esp_system/CMakeFiles/__idf_esp_system.dir/freertos_hooks.c.obj
[644/1044] Building C object esp-idf/spi_flash/CMakeFiles/__idf_spi_flash.dir/spi_flash_hpm_enable.c.obj
[737/1044] Building C object esp-idf/mbedtls/mbedtls/library/CMakeFiles/mbedcrypto.dir/hkdf.c.obj
[645/1044] Building C object esp-idf/spi_flash/CMakeFiles/__idf_spi_flash.dir/memspi_host_driver.c.obj
[619/1044] Building ASM object esp-idf/esp_system/CMakeFiles/__idf_esp_system.dir/port/arch/xtensa/debug_helpers_asm.S.obj
[738/1044] Building C object esp-idf/mbedtls/mbedtls/library/CMakeFiles/mbedcrypto.dir/lmots.c.obj
[646/1044] Building C object esp-idf/esp_system/CMakeFiles/__idf_esp_system.dir/task_wdt/task_wdt.c.obj
[739/1044] Building C object esp-idf/mbedtls/mbedtls/library/CMakeFiles/mbedcrypto.dir/lms.c.obj
[647/1044] Linking C static library esp-idf/esp_common/libesp_common.a
[620/1044] Building ASM object esp-idf/esp_system/CMakeFiles/__idf_esp_system.dir/port/arch/xtensa/expression_with_stack_asm.S.obj
[740/1044] Building C object esp-idf/mbedtls/mbedtls/library/CMakeFiles/mbedcrypto.dir/ecdsa.c.obj
[621/1044] Building C object esp-idf/esp_system/CMakeFiles/__idf_esp_system.dir/port/esp_ipc_isr.c.obj
[648/1044] Building C object esp-idf/spi_flash/CMakeFiles/__idf_spi_flash.dir/esp32s3/spi_flash_oct_flash_init.c.obj
[622/1044] Building C object esp-idf/esp_system/CMakeFiles/__idf_esp_system.dir/panic.c.obj
[623/1044] Building C object esp-idf/esp_system/CMakeFiles/__idf_esp_system.dir/port/image_process.c.obj
[649/1044] Building C object esp-idf/spi_flash/CMakeFiles/__idf_spi_flash.dir/spi_flash_chip_generic.c.obj
[741/1044] Building C object esp-idf/mbedtls/mbedtls/library/CMakeFiles/mbedcrypto.dir/ccm.c.obj
[624/1044] Linking C static library esp-idf/esp_rom/libesp_rom.a
[650/1044] Building C object esp-idf/esp_system/CMakeFiles/__idf_esp_system.dir/port/cpu_start.c.obj
[742/1044] Building C object esp-idf/mbedtls/mbedtls/library/CMakeFiles/mbedx509.dir/x509.c.obj
[651/1044] Building C object esp-idf/esp_system/CMakeFiles/__idf_esp_system.dir/port/soc/esp32s3/cache_err_int.c.obj
[625/1044] Building C object esp-idf/esp_system/CMakeFiles/__idf_esp_system.dir/port/panic_handler.c.obj
[743/1044] Building C object esp-idf/mbedtls/mbedtls/library/CMakeFiles/mbedtls.dir/ssl_tls.c.obj
[652/1044] Building C object esp-idf/spi_flash/CMakeFiles/__idf_spi_flash.dir/spi_flash_chip_mxic_opi.c.obj
[744/1044] Building C object esp-idf/mbedtls/mbedtls/library/CMakeFiles/mbedcrypto.dir/bignum_core.c.obj
[626/1044] Building C object esp-idf/esp_system/CMakeFiles/__idf_esp_system.dir/port/arch/xtensa/debug_stubs.c.obj
[627/1044] Building C object esp-idf/esp_system/CMakeFiles/__idf_esp_system.dir/port/arch/xtensa/expression_with_stack.c.obj
[628/1044] Building ASM object esp-idf/esp_system/CMakeFiles/__idf_esp_system.dir/port/soc/esp32s3/highint_hdl.S.obj
[653/1044] Building C object esp-idf/esp_system/CMakeFiles/__idf_esp_system.dir/port/soc/esp32s3/clk.c.obj
[745/1044] Building C object esp-idf/mbedtls/mbedtls/library/CMakeFiles/mbedcrypto.dir/entropy.c.obj
[654/1044] Building C object esp-idf/esp_system/CMakeFiles/__idf_esp_system.dir/port/soc/esp32s3/system_internal.c.obj
[746/1044] Building C object esp-idf/mbedtls/mbedtls/library/CMakeFiles/mbedcrypto.dir/md5.c.obj
-- ELF_LOADER: 1.1.1
[747/1044] Building C object esp-idf/mbedtls/mbedtls/library/CMakeFiles/mbedcrypto.dir/dhm.c.obj
[748/1044] Building C object esp-idf/mbedtls/mbedtls/library/CMakeFiles/mbedcrypto.dir/gcm.c.obj
[749/1044] Building C object esp-idf/mbedtls/mbedtls/library/CMakeFiles/mbedcrypto.dir/memory_buffer_alloc.c.obj
[655/1044] Building C object esp-idf/spi_flash/CMakeFiles/__idf_spi_flash.dir/spi_flash_os_func_noos.c.obj
[629/1044] Building C object esp-idf/spi_flash/CMakeFiles/__idf_spi_flash.dir/spi_flash_hpm_enable.c.obj
[656/1044] Building C object esp-idf/esp_mm/CMakeFiles/__idf_esp_mm.dir/port/esp32s3/ext_mem_layout.c.obj
[630/1044] Building C object esp-idf/esp_common/CMakeFiles/__idf_esp_common.dir/src/esp_err_to_name.c.obj
[750/1044] Building C object esp-idf/mbedtls/mbedtls/library/CMakeFiles/mbedcrypto.dir/padlock.c.obj
[751/1044] Building C object esp-idf/mbedtls/mbedtls/library/CMakeFiles/mbedcrypto.dir/nist_kw.c.obj
[631/1044] Building C object esp-idf/spi_flash/CMakeFiles/__idf_spi_flash.dir/flash_brownout_hook.c.obj
[632/1044] Building C object esp-idf/esp_system/CMakeFiles/__idf_esp_system.dir/port/arch/xtensa/trax.c.obj
[633/1044] Building C object esp-idf/spi_flash/CMakeFiles/__idf_spi_flash.dir/spi_flash_chip_drivers.c.obj
[752/1044] Building C object esp-idf/mbedtls/mbedtls/library/CMakeFiles/mbedx509.dir/x509_crt.c.obj
[634/1044] Building C object esp-idf/spi_flash/CMakeFiles/__idf_spi_flash.dir/spi_flash_chip_issi.c.obj
[657/1044] Building C object esp-idf/bootloader_support/CMakeFiles/__idf_bootloader_support.dir/src/bootloader_mem.c.obj
[753/1044] Building C object esp-idf/mbedtls/mbedtls/library/CMakeFiles/mbedcrypto.dir/hmac_drbg.c.obj
-- Compiler supported targets: xtensa-esp-elf
[658/1044] Linking C static library esp-idf/esp_system/libesp_system.a
[635/1044] Linking C static library esp-idf/esp_common/libesp_common.a
[659/1044] Building C object esp-idf/spi_flash/CMakeFiles/__idf_spi_flash.dir/flash_mmap.c.obj
Applet gohexdump OK -> /home/tikhon/Документы/magnolia/rootfs/bin/gohexdump
[636/1044] Building C object esp-idf/esp_system/CMakeFiles/__idf_esp_system.dir/task_wdt/task_wdt_impl_timergroup.c.obj
Building applet zdd -> zdd ...
+ idf.py elf
[754/1044] Linking CXX static library esp-idf/mbedtls/mbedtls/library/libmbedtls.a
[637/1044] Building C object esp-idf/esp_system/CMakeFiles/__idf_esp_system.dir/task_wdt/task_wdt.c.obj
[660/1044] Building C object esp-idf/spi_flash/CMakeFiles/__idf_spi_flash.dir/spi_flash_wrap.c.obj
[638/1044] Building C object esp-idf/spi_flash/CMakeFiles/__idf_spi_flash.dir/spi_flash_chip_mxic.c.obj
[661/1044] Building C object esp-idf/bootloader_support/CMakeFiles/__idf_bootloader_support.dir/src/bootloader_random.c.obj
[639/1044] Building C object esp-idf/esp_system/CMakeFiles/__idf_esp_system.dir/port/arch/xtensa/panic_arch.c.obj
[755/1044] Building C object esp-idf/mbedtls/mbedtls/library/CMakeFiles/mbedcrypto.dir/cipher.c.obj
[640/1044] Building C object esp-idf/esp_system/CMakeFiles/__idf_esp_system.dir/port/soc/esp32s3/apb_backup_dma.c.obj
[641/1044] Building C object esp-idf/esp_system/CMakeFiles/__idf_esp_system.dir/port/arch/xtensa/debug_helpers.c.obj
[662/1044] Building C object esp-idf/esp_mm/CMakeFiles/__idf_esp_mm.dir/heap_align_hw.c.obj
[642/1044] Building C object esp-idf/esp_system/CMakeFiles/__idf_esp_system.dir/port/soc/esp32s3/reset_reason.c.obj
[643/1044] Building C object esp-idf/esp_system/CMakeFiles/__idf_esp_system.dir/port/soc/esp32s3/system_internal.c.obj
[663/1044] Building C object esp-idf/bootloader_support/CMakeFiles/__idf_bootloader_support.dir/src/bootloader_clock_init.c.obj
[664/1044] Building C object esp-idf/spi_flash/CMakeFiles/__idf_spi_flash.dir/flash_ops.c.obj
[756/1044] Building C object esp-idf/mbedtls/mbedtls/library/CMakeFiles/mbedcrypto.dir/poly1305.c.obj
[665/1044] Building C object esp-idf/bootloader_support/CMakeFiles/__idf_bootloader_support.dir/src/bootloader_common_loader.c.obj
[644/1044] Building C object esp-idf/spi_flash/CMakeFiles/__idf_spi_flash.dir/spi_flash_chip_boya.c.obj
[645/1044] Building C object esp-idf/spi_flash/CMakeFiles/__idf_spi_flash.dir/esp32s3/spi_flash_oct_flash_init.c.obj
[666/1044] Building C object esp-idf/spi_flash/CMakeFiles/__idf_spi_flash.dir/cache_utils.c.obj
[757/1044] Building C object esp-idf/mbedtls/mbedtls/library/CMakeFiles/mbedcrypto.dir/platform.c.obj
[758/1044] Building C object esp-idf/mbedtls/mbedtls/library/CMakeFiles/mbedcrypto.dir/platform_util.c.obj
[667/1044] Building C object esp-idf/bootloader_support/CMakeFiles/__idf_bootloader_support.dir/src/bootloader_efuse.c.obj
[646/1044] Building C object esp-idf/esp_system/CMakeFiles/__idf_esp_system.dir/port/soc/esp32s3/cache_err_int.c.obj
[668/1044] Building C object esp-idf/esp_mm/CMakeFiles/__idf_esp_mm.dir/esp_cache_utils.c.obj
[669/1044] Building C object esp-idf/esp_mm/CMakeFiles/__idf_esp_mm.dir/esp_cache_msync.c.obj
[759/1044] Building C object esp-idf/mbedtls/mbedtls/library/CMakeFiles/mbedcrypto.dir/oid.c.obj
[647/1044] Building C object esp-idf/spi_flash/CMakeFiles/__idf_spi_flash.dir/spi_flash_chip_th.c.obj
[760/1044] Building C object esp-idf/mbedtls/mbedtls/library/CMakeFiles/mbedcrypto.dir/error.c.obj
[761/1044] Building C object esp-idf/mbedtls/mbedtls/library/CMakeFiles/mbedcrypto.dir/pk_ecc.c.obj
[648/1044] Building C object esp-idf/esp_system/CMakeFiles/__idf_esp_system.dir/port/cpu_start.c.obj
[670/1044] Building C object esp-idf/bootloader_support/CMakeFiles/__idf_bootloader_support.dir/src/bootloader_random_esp32s3.c.obj
[649/1044] Building C object esp-idf/spi_flash/CMakeFiles/__idf_spi_flash.dir/spi_flash_chip_gd.c.obj
[671/1044] Building C object esp-idf/mbedtls/mbedtls/library/CMakeFiles/mbedtls.dir/debug.c.obj
[762/1044] Building C object esp-idf/mbedtls/mbedtls/library/CMakeFiles/mbedcrypto.dir/md.c.obj
[763/1044] Building C object esp-idf/mbedtls/mbedtls/library/CMakeFiles/mbedcrypto.dir/bignum.c.obj
[672/1044] Building C object esp-idf/mbedtls/mbedtls/library/CMakeFiles/mbedtls.dir/mps_reader.c.obj
[764/1044] Building C object esp-idf/mbedtls/mbedtls/library/CMakeFiles/mbedcrypto.dir/psa_crypto_driver_wrappers_no_static.c.obj
[673/1044] Building C object esp-idf/bootloader_support/CMakeFiles/__idf_bootloader_support.dir/src/flash_partitions.c.obj
[650/1044] Building C object esp-idf/spi_flash/CMakeFiles/__idf_spi_flash.dir/spi_flash_wrap.c.obj
[674/1044] Building C object esp-idf/bootloader_support/CMakeFiles/__idf_bootloader_support.dir/src/flash_encrypt.c.obj
[765/1044] Building C object esp-idf/mbedtls/mbedtls/library/CMakeFiles/mbedcrypto.dir/pkcs12.c.obj
[651/1044] Building C object esp-idf/esp_mm/CMakeFiles/__idf_esp_mm.dir/port/esp32s3/ext_mem_layout.c.obj
[675/1044] Building C object esp-idf/bootloader_support/CMakeFiles/__idf_bootloader_support.dir/src/secure_boot.c.obj
[766/1044] Building C object esp-idf/mbedtls/mbedtls/library/CMakeFiles/mbedcrypto.dir/pk_wrap.c.obj
-- App "uname" version: c092b7f-dirty
[652/1044] Building C object esp-idf/spi_flash/CMakeFiles/__idf_spi_flash.dir/esp_flash_spi_init.c.obj
[676/1044] Building C object esp-idf/spi_flash/CMakeFiles/__idf_spi_flash.dir/spi_flash_os_func_app.c.obj
[767/1044] Building C object esp-idf/mbedtls/mbedtls/library/CMakeFiles/mbedcrypto.dir/pkcs5.c.obj
[677/1044] Building C object esp-idf/spi_flash/CMakeFiles/__idf_spi_flash.dir/esp_flash_spi_init.c.obj
[653/1044] Building C object esp-idf/spi_flash/CMakeFiles/__idf_spi_flash.dir/spi_flash_chip_winbond.c.obj
[768/1044] Building C object esp-idf/mbedtls/mbedtls/library/CMakeFiles/mbedcrypto.dir/pk.c.obj
[654/1044] Building C object esp-idf/esp_mm/CMakeFiles/__idf_esp_mm.dir/esp_cache_msync.c.obj
[678/1044] Building C object esp-idf/bootloader_support/CMakeFiles/__idf_bootloader_support.dir/bootloader_flash/src/flash_qio_mode.c.obj
[679/1044] Building C object esp-idf/mbedtls/mbedtls/library/CMakeFiles/mbedtls.dir/mps_trace.c.obj
[655/1044] Building C object esp-idf/esp_system/CMakeFiles/__idf_esp_system.dir/port/soc/esp32s3/clk.c.obj
[680/1044] Building C object esp-idf/bootloader_support/CMakeFiles/__idf_bootloader_support.dir/src/esp32s3/secure_boot_secure_features.c.obj
[681/1044] Building C object esp-idf/bootloader_support/CMakeFiles/__idf_bootloader_support.dir/src/bootloader_common.c.obj
[656/1044] Building C object esp-idf/bootloader_support/CMakeFiles/__idf_bootloader_support.dir/src/bootloader_mem.c.obj
[769/1044] Building C object esp-idf/mbedtls/mbedtls/library/CMakeFiles/mbedcrypto.dir/pem.c.obj
[770/1044] Building C object esp-idf/mbedtls/mbedtls/library/CMakeFiles/mbedcrypto.dir/ecp_curves.c.obj
[657/1044] Building C object esp-idf/spi_flash/CMakeFiles/__idf_spi_flash.dir/spi_flash_os_func_noos.c.obj
[682/1044] Building C object esp-idf/mbedtls/mbedtls/library/CMakeFiles/mbedtls.dir/ssl_cookie.c.obj
[771/1044] Building C object esp-idf/mbedtls/mbedtls/library/CMakeFiles/mbedcrypto.dir/psa_crypto_se.c.obj
[658/1044] Building C object esp-idf/esp_mm/CMakeFiles/__idf_esp_mm.dir/esp_cache_utils.c.obj
[772/1044] Building C object esp-idf/mbedtls/mbedtls/library/CMakeFiles/mbedcrypto.dir/pkwrite.c.obj
[659/1044] Building C object esp-idf/spi_flash/CMakeFiles/__idf_spi_flash.dir/spi_flash_chip_mxic_opi.c.obj
[773/1044] Building C object esp-idf/mbedtls/mbedtls/library/CMakeFiles/mbedcrypto.dir/psa_crypto_client.c.obj
-- Project sdkconfig file /home/tikhon/Документы/magnolia/applets/rust/rdd/sdkconfig
[660/1044] Building C object esp-idf/spi_flash/CMakeFiles/__idf_spi_flash.dir/memspi_host_driver.c.obj
[661/1044] Building C object esp-idf/esp_mm/CMakeFiles/__idf_esp_mm.dir/heap_align_hw.c.obj
[774/1044] Building C object esp-idf/mbedtls/mbedtls/library/CMakeFiles/mbedcrypto.dir/psa_crypto_ecp.c.obj
[662/1044] Building C object esp-idf/spi_flash/CMakeFiles/__idf_spi_flash.dir/spi_flash_chip_generic.c.obj
[775/1044] Building C object esp-idf/mbedtls/mbedtls/library/CMakeFiles/mbedcrypto.dir/psa_crypto_ffdh.c.obj
[776/1044] Building C object esp-idf/mbedtls/mbedtls/library/CMakeFiles/mbedcrypto.dir/psa_crypto_pake.c.obj
[663/1044] Building C object esp-idf/spi_flash/CMakeFiles/__idf_spi_flash.dir/cache_utils.c.obj
[664/1044] Building C object esp-idf/bootloader_support/CMakeFiles/__idf_bootloader_support.dir/src/bootloader_clock_init.c.obj
[683/1044] Building C object esp-idf/bootloader_support/CMakeFiles/__idf_bootloader_support.dir/src/bootloader_sha.c.obj
[665/1044] Building C object esp-idf/spi_flash/CMakeFiles/__idf_spi_flash.dir/flash_ops.c.obj
[684/1044] Building C object esp-idf/bootloader_support/CMakeFiles/__idf_bootloader_support.dir/bootloader_flash/src/bootloader_flash.c.obj
[666/1044] Building C object esp-idf/spi_flash/CMakeFiles/__idf_spi_flash.dir/flash_mmap.c.obj
[777/1044] Building C object esp-idf/mbedtls/mbedtls/library/CMakeFiles/mbedcrypto.dir/pkparse.c.obj
[685/1044] Building C object esp-idf/bootloader_support/CMakeFiles/__idf_bootloader_support.dir/bootloader_flash/src/bootloader_flash_config_esp32s3.c.obj
[667/1044] Building C object esp-idf/spi_flash/CMakeFiles/__idf_spi_flash.dir/spi_flash_os_func_app.c.obj
[778/1044] Building C object esp-idf/mbedtls/mbedtls/library/CMakeFiles/mbedcrypto.dir/ripemd160.c.obj
[686/1044] Building C object esp-idf/mbedtls/mbedtls/library/CMakeFiles/mbedtls.dir/ssl_tls13_server.c.obj
[668/1044] Linking C static library esp-idf/esp_system/libesp_system.a
[687/1044] Building C object esp-idf/esp_mm/CMakeFiles/__idf_esp_mm.dir/esp_mmu_map.c.obj
[669/1044] Building C object esp-idf/bootloader_support/CMakeFiles/__idf_bootloader_support.dir/src/bootloader_random.c.obj
[688/1044] Building C object esp-idf/mbedtls/mbedtls/library/CMakeFiles/mbedtls.dir/ssl_tls13_keys.c.obj
[779/1044] Building C object esp-idf/mbedtls/mbedtls/library/CMakeFiles/mbedcrypto.dir/psa_crypto_hash.c.obj
[780/1044] Building C object esp-idf/mbedtls/mbedtls/library/CMakeFiles/mbedcrypto.dir/psa_crypto_aead.c.obj
[781/1044] Building C object esp-idf/mbedtls/mbedtls/library/CMakeFiles/mbedcrypto.dir/psa_crypto_storage.c.obj
[689/1044] Building C object esp-idf/mbedtls/mbedtls/library/CMakeFiles/mbedtls.dir/ssl_tls13_client.c.obj
[782/1044] Building C object esp-idf/mbedtls/mbedtls/library/CMakeFiles/mbedcrypto.dir/psa_its_file.c.obj
[690/1044] Building C object esp-idf/mbedtls/mbedtls/library/CMakeFiles/mbedtls.dir/ssl_tls13_generic.c.obj
[783/1044] Building C object esp-idf/mbedtls/mbedtls/library/CMakeFiles/mbedcrypto.dir/psa_crypto_cipher.c.obj
NOTICE: Processing 1 dependencies:
NOTICE: [1/1] idf (6.0.0)
[784/1044] Building C object esp-idf/mbedtls/mbedtls/library/CMakeFiles/mbedcrypto.dir/psa_crypto_mac.c.obj
[691/1044] Building C object esp-idf/mbedtls/mbedtls/library/CMakeFiles/mbedtls.dir/ssl_cache.c.obj
[670/1044] Building C object esp-idf/bootloader_support/CMakeFiles/__idf_bootloader_support.dir/src/bootloader_efuse.c.obj
-- App "sleep" version: c092b7f-dirty
[785/1044] Building C object esp-idf/mbedtls/mbedtls/library/CMakeFiles/mbedcrypto.dir/threading.c.obj
[671/1044] Building C object esp-idf/bootloader_support/CMakeFiles/__idf_bootloader_support.dir/src/bootloader_common_loader.c.obj
[692/1044] Building C object esp-idf/mbedtls/mbedtls/library/CMakeFiles/mbedtls.dir/ssl_ciphersuites.c.obj
[693/1044] Building C object esp-idf/mbedtls/mbedtls/library/CMakeFiles/mbedtls.dir/ssl_debug_helpers_generated.c.obj
[672/1044] Building C object esp-idf/bootloader_support/CMakeFiles/__idf_bootloader_support.dir/src/esp32s3/secure_boot_secure_features.c.obj
[673/1044] Building C object esp-idf/bootloader_support/CMakeFiles/__idf_bootloader_support.dir/src/flash_partitions.c.obj
Executing action: elf
Running ninja in directory /home/tikhon/Документы/magnolia/applets/rust/rshello/build
Executing "ninja elf"...
[0/1] Re-running CMake...
[674/1044] Building C object esp-idf/spi_flash/CMakeFiles/__idf_spi_flash.dir/esp_flash_api.c.obj
[786/1044] Building C object esp-idf/mbedtls/mbedtls/library/CMakeFiles/mbedcrypto.dir/timing.c.obj
[694/1044] Building C object esp-idf/mbedtls/mbedtls/library/CMakeFiles/mbedx509.dir/x509_create.c.obj
[675/1044] Building C object esp-idf/mbedtls/mbedtls/library/CMakeFiles/mbedtls.dir/mps_reader.c.obj
[787/1044] Building C object esp-idf/mbedtls/mbedtls/library/CMakeFiles/mbedcrypto.dir/version_features.c.obj
-- USING O3
[695/1044] Building C object 'esp-idf/mbedtls/mbedtls/library/CMakeFiles/mbedtls.dir/home/tikhon/Документы/magnolia/esp-idf/components/mbedtls/port/esp_platform_time.c.obj'
[676/1044] Building C object esp-idf/mbedtls/mbedtls/library/CMakeFiles/mbedtls.dir/debug.c.obj
[677/1044] Building C object esp-idf/mbedtls/mbedtls/library/CMakeFiles/mbedtls.dir/mps_trace.c.obj
[788/1044] Building C object esp-idf/mbedtls/mbedtls/library/CMakeFiles/mbedcrypto.dir/psa_util.c.obj
-- Adding linker script /home/tikhon/Документы/magnolia/applets/go/true/build/esp-idf/esp_system/ld/memory.ld
-- Adding linker script /home/tikhon/Документы/magnolia/applets/go/true/build/esp-idf/esp_system/ld/sections.ld.in
[678/1044] Linking C static library esp-idf/spi_flash/libspi_flash.a
[696/1044] Building C object esp-idf/mbedtls/mbedtls/library/CMakeFiles/mbedx509.dir/x509write.c.obj
[679/1044] Building C object esp-idf/bootloader_support/CMakeFiles/__idf_bootloader_support.dir/src/flash_encrypt.c.obj
[697/1044] Building C object esp-idf/mbedtls/mbedtls/library/CMakeFiles/mbedtls.dir/ssl_ticket.c.obj
-- Adding linker script /home/tikhon/Документы/magnolia/esp-idf/components/esp_rom/esp32s3/ld/esp32s3.rom.ld
-- Adding linker script /home/tikhon/Документы/magnolia/esp-idf/components/esp_rom/esp32s3/ld/esp32s3.rom.api.ld
[789/1044] Building C object esp-idf/mbedtls/mbedtls/library/CMakeFiles/mbedcrypto.dir/sha512.c.obj
[698/1044] Building C object esp-idf/bootloader_support/CMakeFiles/__idf_bootloader_support.dir/src/esp_image_format.c.obj
-- Adding linker script /home/tikhon/Документы/magnolia/esp-idf/components/esp_rom/esp32s3/ld/esp32s3.rom.bt_funcs.ld
-- Adding linker script /home/tikhon/Документы/magnolia/esp-idf/components/esp_rom/esp32s3/ld/esp32s3.rom.libgcc.ld
-- Adding linker script /home/tikhon/Документы/magnolia/esp-idf/components/esp_rom/esp32s3/ld/esp32s3.rom.wdt.ld
-- Adding linker script /home/tikhon/Документы/magnolia/esp-idf/components/esp_rom/esp32s3/ld/esp32s3.rom.version.ld
-- Adding linker script /home/tikhon/Документы/magnolia/esp-idf/components/esp_rom/esp32s3/ld/esp32s3.rom.ble_master.ld
-- Adding linker script /home/tikhon/Документы/magnolia/esp-idf/components/esp_rom/esp32s3/ld/esp32s3.rom.ble_50.ld
-- Adding linker script /home/tikhon/Документы/magnolia/esp-idf/components/esp_rom/esp32s3/ld/esp32s3.rom.ble_smp.ld
-- Adding linker script /home/tikhon/Документы/magnolia/esp-idf/components/esp_rom/esp32s3/ld/esp32s3.rom.ble_dtm.ld
-- Adding linker script /home/tikhon/Документы/magnolia/esp-idf/components/esp_rom/esp32s3/ld/esp32s3.rom.ble_test.ld
[790/1044] Building C object 'esp-idf/mbedtls/mbedtls/library/CMakeFiles/mbedcrypto.dir/home/tikhon/Документы/magnolia/esp-idf/components/mbedtls/port/aes/dma/esp_aes_gdma_impl.c.obj'
-- Adding linker script /home/tikhon/Документы/magnolia/esp-idf/components/esp_rom/esp32s3/ld/esp32s3.rom.ble_scan.ld
-- Adding linker script /home/tikhon/Документы/magnolia/esp-idf/components/esp_rom/esp32s3/ld/esp32s3.rom.libc.ld
-- Adding linker script /home/tikhon/Документы/magnolia/esp-idf/components/esp_rom/esp32s3/ld/esp32s3.rom.newlib.ld
[680/1044] Building C object esp-idf/bootloader_support/CMakeFiles/__idf_bootloader_support.dir/src/bootloader_random_esp32s3.c.obj
[791/1044] Building C object esp-idf/mbedtls/mbedtls/library/CMakeFiles/mbedcrypto.dir/sha1.c.obj
[681/1044] Building C object esp-idf/mbedtls/mbedtls/library/CMakeFiles/mbedtls.dir/ssl_ciphersuites.c.obj
[699/1044] Building C object esp-idf/spi_flash/CMakeFiles/__idf_spi_flash.dir/esp_flash_api.c.obj
[682/1044] Building C object esp-idf/mbedtls/mbedtls/library/CMakeFiles/mbedtls.dir/ssl_cookie.c.obj
[792/1044] Building C object esp-idf/mbedtls/mbedtls/library/CMakeFiles/mbedcrypto.dir/sha3.c.obj
-- Adding linker script /home/tikhon/Документы/magnolia/esp-idf/components/soc/esp32s3/ld/esp32s3.peripherals.ld
[793/1044] Building C object esp-idf/mbedtls/mbedtls/library/CMakeFiles/mbedcrypto.dir/version.c.obj
[683/1044] Building C object esp-idf/bootloader_support/CMakeFiles/__idf_bootloader_support.dir/src/bootloader_common.c.obj
[794/1044] Building C object esp-idf/mbedtls/mbedtls/library/CMakeFiles/mbedcrypto.dir/sha256.c.obj
[684/1044] Building C object esp-idf/esp_mm/CMakeFiles/__idf_esp_mm.dir/esp_mmu_map.c.obj
[795/1044] Building C object 'esp-idf/mbedtls/mbedtls/library/CMakeFiles/mbedcrypto.dir/home/tikhon/Документы/magnolia/esp-idf/components/mbedtls/port/sha/core/esp_sha_gdma_impl.c.obj'
[700/1044] Building C object esp-idf/mbedtls/mbedtls/library/CMakeFiles/mbedx509.dir/x509write_csr.c.obj
[685/1044] Building C object esp-idf/bootloader_support/CMakeFiles/__idf_bootloader_support.dir/src/secure_boot.c.obj
[686/1044] Building C object esp-idf/bootloader_support/CMakeFiles/__idf_bootloader_support.dir/bootloader_flash/src/bootloader_flash_config_esp32s3.c.obj
[701/1044] Building C object 'esp-idf/mbedtls/mbedtls/library/CMakeFiles/mbedtls.dir/home/tikhon/Документы/magnolia/esp-idf/components/mbedtls/port/mbedtls_debug.c.obj'
[796/1044] Building C object 'esp-idf/mbedtls/mbedtls/library/CMakeFiles/mbedcrypto.dir/home/tikhon/Документы/magnolia/esp-idf/components/mbedtls/port/esp_hardware.c.obj'
[797/1044] Building C object esp-idf/mbedtls/mbedtls/library/CMakeFiles/mbedcrypto.dir/psa_crypto_rsa.c.obj
[798/1044] Building C object esp-idf/mbedtls/mbedtls/library/CMakeFiles/mbedcrypto.dir/rsa_alt_helpers.c.obj
[702/1044] Building C object esp-idf/mbedtls/mbedtls/library/CMakeFiles/mbedtls.dir/ssl_client.c.obj
[799/1044] Building C object 'esp-idf/mbedtls/mbedtls/library/CMakeFiles/mbedcrypto.dir/home/tikhon/Документы/magnolia/esp-idf/components/mbedtls/port/esp_timing.c.obj'
[800/1044] Building C object esp-idf/mbedtls/mbedtls/library/CMakeFiles/mbedcrypto.dir/psa_crypto_slot_management.c.obj
[703/1044] Building C object esp-idf/mbedtls/mbedtls/library/CMakeFiles/mbedx509.dir/x509write_crt.c.obj
[704/1044] Building C object esp-idf/mbedtls/mbedtls/library/CMakeFiles/mbedx509.dir/x509_crl.c.obj
[801/1044] Building C object 'esp-idf/mbedtls/mbedtls/library/CMakeFiles/mbedcrypto.dir/home/tikhon/Документы/magnolia/esp-idf/components/mbedtls/port/esp_mem.c.obj'
[687/1044] Building C object esp-idf/bootloader_support/CMakeFiles/__idf_bootloader_support.dir/src/bootloader_sha.c.obj
[688/1044] Building C object esp-idf/bootloader_support/CMakeFiles/__idf_bootloader_support.dir/bootloader_flash/src/flash_qio_mode.c.obj
[689/1044] Building C object esp-idf/mbedtls/mbedtls/library/CMakeFiles/mbedtls.dir/ssl_tls13_keys.c.obj
[705/1044] Building C object 'esp-idf/mbedtls/mbedtls/library/CMakeFiles/mbedtls.dir/home/tikhon/Документы/magnolia/esp-idf/components/mbedtls/port/net_sockets.c.obj'
[690/1044] Linking C static library esp-idf/esp_mm/libesp_mm.a
-- Compiler supported targets: xtensa-esp-elf
[706/1044] Building C object esp-idf/mbedtls/mbedtls/library/CMakeFiles/mbedcrypto.dir/aesni.c.obj
[707/1044] Linking C static library esp-idf/spi_flash/libspi_flash.a
[691/1044] Building C object esp-idf/mbedtls/mbedtls/library/CMakeFiles/mbedtls.dir/ssl_client.c.obj
[708/1044] Building C object esp-idf/bootloader_support/CMakeFiles/__idf_bootloader_support.dir/src/bootloader_utility.c.obj
[802/1044] Building C object esp-idf/mbedtls/mbedtls/library/CMakeFiles/mbedcrypto.dir/ecp.c.obj
[692/1044] Building C object esp-idf/mbedtls/mbedtls/library/CMakeFiles/mbedtls.dir/ssl_ticket.c.obj
[709/1044] Building C object esp-idf/mbedtls/mbedtls/library/CMakeFiles/mbedcrypto.dir/aesce.c.obj
[693/1044] Building C object esp-idf/mbedtls/mbedtls/library/CMakeFiles/mbedtls.dir/ssl_tls13_client.c.obj
[803/1044] Building C object 'esp-idf/mbedtls/mbedtls/library/CMakeFiles/mbedcrypto.dir/home/tikhon/Документы/magnolia/esp-idf/components/mbedtls/port/aes/esp_aes_common.c.obj'
[694/1044] Building C object esp-idf/mbedtls/mbedtls/library/CMakeFiles/mbedtls.dir/ssl_tls13_generic.c.obj
[804/1044] Building C object 'esp-idf/mbedtls/mbedtls/library/CMakeFiles/mbedcrypto.dir/home/tikhon/Документы/magnolia/esp-idf/components/mbedtls/port/bignum/bignum_alt.c.obj'
[695/1044] Building C object 'esp-idf/mbedtls/mbedtls/library/CMakeFiles/mbedtls.dir/home/tikhon/Документы/magnolia/esp-idf/components/mbedtls/port/esp_platform_time.c.obj'
[805/1044] Building C object 'esp-idf/mbedtls/mbedtls/library/CMakeFiles/mbedcrypto.dir/home/tikhon/Документы/magnolia/esp-idf/components/mbedtls/port/aes/esp_aes_xts.c.obj'
[806/1044] Building C object 'esp-idf/mbedtls/mbedtls/library/CMakeFiles/mbedcrypto.dir/home/tikhon/Документы/magnolia/esp-idf/components/mbedtls/port/aes/dma/esp_aes.c.obj'
[696/1044] Building C object esp-idf/mbedtls/mbedtls/library/CMakeFiles/mbedtls.dir/ssl_tls13_server.c.obj
[710/1044] Building C object esp-idf/mbedtls/mbedtls/library/CMakeFiles/mbedcrypto.dir/aes.c.obj
[711/1044] Linking C static library esp-idf/esp_mm/libesp_mm.a
[807/1044] Building C object 'esp-idf/mbedtls/mbedtls/library/CMakeFiles/mbedcrypto.dir/home/tikhon/Документы/magnolia/esp-idf/components/mbedtls/port/sha/esp_sha.c.obj'
[697/1044] Building C object esp-idf/mbedtls/mbedtls/library/CMakeFiles/mbedtls.dir/ssl_cache.c.obj
[712/1044] Building C object esp-idf/mbedtls/mbedtls/library/CMakeFiles/mbedcrypto.dir/bignum_mod_raw.c.obj
[808/1044] Building C object 'esp-idf/mbedtls/mbedtls/library/CMakeFiles/mbedcrypto.dir/home/tikhon/Документы/magnolia/esp-idf/components/mbedtls/port/crypto_shared_gdma/esp_crypto_shared_gdma.c.obj'
[713/1044] Building C object esp-idf/mbedtls/mbedtls/library/CMakeFiles/mbedcrypto.dir/asn1write.c.obj
[809/1044] Building C object 'esp-idf/mbedtls/mbedtls/library/CMakeFiles/mbedcrypto.dir/home/tikhon/Документы/magnolia/esp-idf/components/mbedtls/port/esp_ds/esp_rsa_dec_alt.c.obj'
[698/1044] Building C object esp-idf/mbedtls/mbedtls/library/CMakeFiles/mbedtls.dir/ssl_debug_helpers_generated.c.obj
[714/1044] Building C object esp-idf/mbedtls/mbedtls/library/CMakeFiles/mbedcrypto.dir/bignum_mod.c.obj
[699/1044] Building C object esp-idf/mbedtls/mbedtls/library/CMakeFiles/mbedx509.dir/x509_create.c.obj
[810/1044] Linking CXX static library esp-idf/mbedtls/mbedtls/library/libmbedx509.a
[811/1044] Building C object 'esp-idf/mbedtls/mbedtls/library/CMakeFiles/mbedcrypto.dir/home/tikhon/Документы/magnolia/esp-idf/components/mbedtls/port/aes/dma/esp_aes_dma_core.c.obj'
[715/1044] Building C object esp-idf/mbedtls/mbedtls/library/CMakeFiles/mbedtls.dir/ssl_tls12_server.c.obj
[812/1044] Building C object 'esp-idf/mbedtls/mbedtls/library/CMakeFiles/mbedcrypto.dir/home/tikhon/Документы/magnolia/esp-idf/components/mbedtls/port/sha/core/esp_sha256.c.obj'
[813/1044] Building C object 'esp-idf/mbedtls/mbedtls/library/CMakeFiles/mbedcrypto.dir/home/tikhon/Документы/magnolia/esp-idf/components/mbedtls/port/sha/core/esp_sha1.c.obj'
[814/1044] Building C object 'esp-idf/mbedtls/mbedtls/library/CMakeFiles/mbedcrypto.dir/home/tikhon/Документы/magnolia/esp-idf/components/mbedtls/port/md/esp_md.c.obj'
[700/1044] Building C object esp-idf/bootloader_support/CMakeFiles/__idf_bootloader_support.dir/bootloader_flash/src/bootloader_flash.c.obj
[701/1044] Building C object 'esp-idf/mbedtls/mbedtls/library/CMakeFiles/mbedtls.dir/home/tikhon/Документы/magnolia/esp-idf/components/mbedtls/port/net_sockets.c.obj'
[702/1044] Building C object esp-idf/mbedtls/mbedtls/library/CMakeFiles/mbedx509.dir/x509write.c.obj
[716/1044] Building C object esp-idf/mbedtls/mbedtls/library/CMakeFiles/mbedcrypto.dir/block_cipher.c.obj
[717/1044] Building C object esp-idf/mbedtls/mbedtls/library/CMakeFiles/mbedcrypto.dir/chacha20.c.obj
[815/1044] Building C object esp-idf/mbedtls/mbedtls/3rdparty/p256-m/CMakeFiles/p256m.dir/p256-m/p256-m.c.obj
[718/1044] Linking C static library esp-idf/bootloader_support/libbootloader_support.a
-- Components: app_trace app_update bootloader bootloader_support bt cmock console cxx driver efuse esp-tls esp_adc esp_app_format esp_bootloader_format esp_coex esp_common esp_driver_ana_cmpr esp_driver_bitscrambler esp_driver_cam esp_driver_dac esp_driver_gpio esp_driver_gptimer esp_driver_i2c esp_driver_i2s esp_driver_i3c esp_driver_isp esp_driver_jpeg esp_driver_ledc esp_driver_mcpwm esp_driver_parlio esp_driver_pcnt esp_driver_ppa esp_driver_rmt esp_driver_sd_intf esp_driver_sdio esp_driver_sdm esp_driver_sdmmc esp_driver_sdspi esp_driver_spi esp_driver_touch_sens esp_driver_tsens esp_driver_twai esp_driver_uart esp_driver_usb_serial_jtag esp_eth esp_event esp_gdbstub esp_hid esp_http_client esp_http_server esp_https_ota esp_https_server esp_hw_support esp_lcd esp_local_ctrl esp_mm esp_netif esp_netif_stack esp_partition esp_phy esp_pm esp_psram esp_ringbuf esp_rom esp_security esp_system esp_timer esp_vfs_console esp_wifi espcoredump espressif__cmake_utilities espressif__elf_loader esptool_py fatfs freertos hal heap http_parser idf_test ieee802154 json log lwip main mbedtls mqtt newlib nvs_flash nvs_sec_provider openthread partition_table perfmon protobuf-c protocomm pthread rt sdmmc soc spi_flash spiffs tcp_transport touch_element ulp unity usb vfs wear_levelling wifi_provisioning wpa_supplicant xtensa
-- Component paths: /home/tikhon/Документы/magnolia/esp-idf/components/app_trace /home/tikhon/Документы/magnolia/esp-idf/components/app_update /home/tikhon/Документы/magnolia/esp-idf/components/bootloader /home/tikhon/Документы/magnolia/esp-idf/components/bootloader_support /home/tikhon/Документы/magnolia/esp-idf/components/bt /home/tikhon/Документы/magnolia/esp-idf/components/cmock /home/tikhon/Документы/magnolia/esp-idf/components/console /home/tikhon/Документы/magnolia/esp-idf/components/cxx /home/tikhon/Документы/magnolia/esp-idf/components/driver /home/tikhon/Документы/magnolia/esp-idf/components/efuse /home/tikhon/Документы/magnolia/esp-idf/components/esp-tls /home/tikhon/Документы/magnolia/esp-idf/components/esp_adc /home/tikhon/Документы/magnolia/esp-idf/components/esp_app_format /home/tikhon/Документы/magnolia/esp-idf/components/esp_bootloader_format /home/tikhon/Документы/magnolia/esp-idf/components/esp_coex /home/tikhon/Документы/magnolia/esp-idf/components/esp_common /home/tikhon/Документы/magnolia/esp-idf/components/esp_driver_ana_cmpr /home/tikhon/Документы/magnolia/esp-idf/components/esp_driver_bitscrambler /home/tikhon/Документы/magnolia/esp-idf/components/esp_driver_cam /home/tikhon/Документы/magnolia/esp-idf/components/esp_driver_dac /home/tikhon/Документы/magnolia/esp-idf/components/esp_driver_gpio /home/tikhon/Документы/magnolia/esp-idf/components/esp_driver_gptimer /home/tikhon/Документы/magnolia/esp-idf/components/esp_driver_i2c /home/tikhon/Документы/magnolia/esp-idf/components/esp_driver_i2s /home/tikhon/Документы/magnolia/esp-idf/components/esp_driver_i3c /home/tikhon/Документы/magnolia/esp-idf/components/esp_driver_isp /home/tikhon/Документы/magnolia/esp-idf/components/esp_driver_jpeg /home/tikhon/Документы/magnolia/esp-idf/components/esp_driver_ledc /home/tikhon/Документы/magnolia/esp-idf/components/esp_driver_mcpwm /home/tikhon/Документы/magnolia/esp-idf/components/esp_driver_parlio /home/tikhon/Документы/magnolia/esp-idf/components/esp_driver_pcnt /home/tikhon/Документы/magnolia/esp-idf/components/esp_driver_ppa /home/tikhon/Документы/magnolia/esp-idf/components/esp_driver_rmt /home/tikhon/Документы/magnolia/esp-idf/components/esp_driver_sd_intf /home/tikhon/Документы/magnolia/esp-idf/components/esp_driver_sdio /home/tikhon/Документы/magnolia/esp-idf/components/esp_driver_sdm /home/tikhon/Документы/magnolia/esp-idf/components/esp_driver_sdmmc /home/tikhon/Документы/magnolia/esp-idf/components/esp_driver_sdspi /home/tikhon/Документы/magnolia/esp-idf/components/esp_driver_spi /home/tikhon/Документы/magnolia/esp-idf/components/esp_driver_touch_sens /home/tikhon/Документы/magnolia/esp-idf/components/esp_driver_tsens /home/tikhon/Документы/magnolia/esp-idf/components/esp_driver_twai /home/tikhon/Документы/magnolia/esp-idf/components/esp_driver_uart /home/tikhon/Документы/magnolia/esp-idf/components/esp_driver_usb_serial_jtag /home/tikhon/Документы/magnolia/esp-idf/components/esp_eth /home/tikhon/Документы/magnolia/esp-idf/components/esp_event /home/tikhon/Документы/magnolia/esp-idf/components/esp_gdbstub /home/tikhon/Документы/magnolia/esp-idf/components/esp_hid /home/tikhon/Документы/magnolia/esp-idf/components/esp_http_client /home/tikhon/Документы/magnolia/esp-idf/components/esp_http_server /home/tikhon/Документы/magnolia/esp-idf/components/esp_https_ota /home/tikhon/Документы/magnolia/esp-idf/components/esp_https_server /home/tikhon/Документы/magnolia/esp-idf/components/esp_hw_support /home/tikhon/Документы/magnolia/esp-idf/components/esp_lcd /home/tikhon/Документы/magnolia/esp-idf/components/esp_local_ctrl /home/tikhon/Документы/magnolia/esp-idf/components/esp_mm /home/tikhon/Документы/magnolia/esp-idf/components/esp_netif /home/tikhon/Документы/magnolia/esp-idf/components/esp_netif_stack /home/tikhon/Документы/magnolia/esp-idf/components/esp_partition /home/tikhon/Документы/magnolia/esp-idf/components/esp_phy /home/tikhon/Документы/magnolia/esp-idf/components/esp_pm /home/tikhon/Документы/magnolia/esp-idf/components/esp_psram /home/tikhon/Документы/magnolia/esp-idf/components/esp_ringbuf /home/tikhon/Документы/magnolia/esp-idf/components/esp_rom /home/tikhon/Документы/magnolia/esp-idf/components/esp_security /home/tikhon/Документы/magnolia/esp-idf/components/esp_system /home/tikhon/Документы/magnolia/esp-idf/components/esp_timer /home/tikhon/Документы/magnolia/esp-idf/components/esp_vfs_console /home/tikhon/Документы/magnolia/esp-idf/components/esp_wifi /home/tikhon/Документы/magnolia/esp-idf/components/espcoredump /home/tikhon/Документы/magnolia/applets/go/pwd/managed_components/espressif__cmake_utilities /home/tikhon/Документы/magnolia/applets/go/pwd/managed_components/espressif__elf_loader /home/tikhon/Документы/magnolia/esp-idf/components/esptool_py /home/tikhon/Документы/magnolia/esp-idf/components/fatfs /home/tikhon/Документы/magnolia/esp-idf/components/freertos /home/tikhon/Документы/magnolia/esp-idf/components/hal /home/tikhon/Документы/magnolia/esp-idf/components/heap /home/tikhon/Документы/magnolia/esp-idf/components/http_parser /home/tikhon/Документы/magnolia/esp-idf/components/idf_test /home/tikhon/Документы/magnolia/esp-idf/components/ieee802154 /home/tikhon/Документы/magnolia/esp-idf/components/json /home/tikhon/Документы/magnolia/esp-idf/components/log /home/tikhon/Документы/magnolia/esp-idf/components/lwip /home/tikhon/Документы/magnolia/applets/go/pwd/main /home/tikhon/Документы/magnolia/esp-idf/components/mbedtls /home/tikhon/Документы/magnolia/esp-idf/components/mqtt /home/tikhon/Документы/magnolia/esp-idf/components/newlib /home/tikhon/Документы/magnolia/esp-idf/components/nvs_flash /home/tikhon/Документы/magnolia/esp-idf/components/nvs_sec_provider /home/tikhon/Документы/magnolia/esp-idf/components/openthread /home/tikhon/Документы/magnolia/esp-idf/components/partition_table /home/tikhon/Документы/magnolia/esp-idf/components/perfmon /home/tikhon/Документы/magnolia/esp-idf/components/protobuf-c /home/tikhon/Документы/magnolia/esp-idf/components/protocomm /home/tikhon/Документы/magnolia/esp-idf/components/pthread /home/tikhon/Документы/magnolia/esp-idf/components/rt /home/tikhon/Документы/magnolia/esp-idf/components/sdmmc /home/tikhon/Документы/magnolia/esp-idf/components/soc /home/tikhon/Документы/magnolia/esp-idf/components/spi_flash /home/tikhon/Документы/magnolia/esp-idf/components/spiffs /home/tikhon/Документы/magnolia/esp-idf/components/tcp_transport /home/tikhon/Документы/magnolia/esp-idf/components/touch_element /home/tikhon/Документы/magnolia/esp-idf/components/ulp /home/tikhon/Документы/magnolia/esp-idf/components/unity /home/tikhon/Документы/magnolia/esp-idf/components/usb /home/tikhon/Документы/magnolia/esp-idf/components/vfs /home/tikhon/Документы/magnolia/esp-idf/components/wear_levelling /home/tikhon/Документы/magnolia/esp-idf/components/wifi_provisioning /home/tikhon/Документы/magnolia/esp-idf/components/wpa_supplicant /home/tikhon/Документы/magnolia/esp-idf/components/xtensa
[719/1044] Building C object esp-idf/mbedtls/mbedtls/library/CMakeFiles/mbedcrypto.dir/asn1parse.c.obj
[816/1044] Building C object 'esp-idf/mbedtls/mbedtls/library/CMakeFiles/mbedcrypto.dir/home/tikhon/Документы/magnolia/esp-idf/components/mbedtls/port/sha/core/esp_sha512.c.obj'
-- Configuring done (19.3s)
[720/1044] Building C object esp-idf/mbedtls/mbedtls/library/CMakeFiles/mbedx509.dir/pkcs7.c.obj
[703/1044] Building C object esp-idf/mbedtls/mbedtls/library/CMakeFiles/mbedcrypto.dir/aesce.c.obj
[704/1044] Building C object 'esp-idf/mbedtls/mbedtls/library/CMakeFiles/mbedtls.dir/home/tikhon/Документы/magnolia/esp-idf/components/mbedtls/port/mbedtls_debug.c.obj'
[817/1044] Building C object 'esp-idf/mbedtls/mbedtls/library/CMakeFiles/mbedcrypto.dir/home/tikhon/Документы/magnolia/esp-idf/components/mbedtls/port/esp_ds/esp_ds_common.c.obj'
[818/1044] Building C object esp-idf/mbedtls/mbedtls/3rdparty/everest/CMakeFiles/everest.dir/library/Hacl_Curve25519_joined.c.obj
[819/1044] Building C object 'esp-idf/mbedtls/mbedtls/library/CMakeFiles/mbedcrypto.dir/home/tikhon/Документы/magnolia/esp-idf/components/mbedtls/port/esp_ds/esp_rsa_sign_alt.c.obj'
[721/1044] Building C object esp-idf/mbedtls/mbedtls/library/CMakeFiles/mbedcrypto.dir/camellia.c.obj
[705/1044] Building C object esp-idf/mbedtls/mbedtls/library/CMakeFiles/mbedx509.dir/x509write_crt.c.obj
[706/1044] Building C object esp-idf/mbedtls/mbedtls/library/CMakeFiles/mbedcrypto.dir/aesni.c.obj
[722/1044] Building C object esp-idf/mbedtls/mbedtls/library/CMakeFiles/mbedcrypto.dir/chachapoly.c.obj
[707/1044] Building C object esp-idf/mbedtls/mbedtls/library/CMakeFiles/mbedx509.dir/x509write_csr.c.obj
[723/1044] Building C object esp-idf/mbedtls/mbedtls/library/CMakeFiles/mbedx509.dir/x509_csr.c.obj
[820/1044] Building C object esp-idf/mbedtls/mbedtls/3rdparty/everest/CMakeFiles/everest.dir/library/x25519.c.obj
[724/1044] Building C object esp-idf/mbedtls/mbedtls/library/CMakeFiles/mbedcrypto.dir/base64.c.obj
[708/1044] Building C object esp-idf/bootloader_support/CMakeFiles/__idf_bootloader_support.dir/src/esp_image_format.c.obj
[821/1044] Building C object esp-idf/mbedtls/mbedtls/3rdparty/everest/CMakeFiles/everest.dir/library/everest.c.obj
-- USING O3
[822/1044] Building C object esp-idf/mbedtls/mbedtls/3rdparty/p256-m/CMakeFiles/p256m.dir/p256-m_driver_entrypoints.c.obj
[823/1044] Building C object 'esp-idf/mbedtls/mbedtls/library/CMakeFiles/mbedcrypto.dir/home/tikhon/Документы/magnolia/esp-idf/components/mbedtls/port/sha/core/sha.c.obj'
[709/1044] Building C object esp-idf/bootloader_support/CMakeFiles/__idf_bootloader_support.dir/src/bootloader_utility.c.obj
[725/1044] Building C object esp-idf/mbedtls/mbedtls/library/CMakeFiles/mbedcrypto.dir/constant_time.c.obj
[726/1044] Building C object esp-idf/mbedtls/mbedtls/library/CMakeFiles/mbedtls.dir/ssl_msg.c.obj
[710/1044] Building C object esp-idf/mbedtls/mbedtls/library/CMakeFiles/mbedx509.dir/x509_csr.c.obj
[727/1044] Building C object esp-idf/mbedtls/mbedtls/library/CMakeFiles/mbedcrypto.dir/cipher_wrap.c.obj
[824/1044] Building C object 'esp-idf/mbedtls/mbedtls/library/CMakeFiles/mbedcrypto.dir/home/tikhon/Документы/magnolia/esp-idf/components/mbedtls/port/bignum/esp_bignum.c.obj'
[711/1044] Building C object esp-idf/mbedtls/mbedtls/library/CMakeFiles/mbedx509.dir/pkcs7.c.obj
[712/1044] Linking C static library esp-idf/bootloader_support/libbootloader_support.a
[728/1044] Building C object esp-idf/mbedtls/mbedtls/library/CMakeFiles/mbedcrypto.dir/des.c.obj
[713/1044] Building C object esp-idf/mbedtls/mbedtls/library/CMakeFiles/mbedcrypto.dir/bignum_mod.c.obj
[729/1044] Building C object esp-idf/mbedtls/mbedtls/library/CMakeFiles/mbedcrypto.dir/aria.c.obj
[730/1044] Building C object esp-idf/mbedtls/mbedtls/library/CMakeFiles/mbedcrypto.dir/ecjpake.c.obj
-- Adding linker script /home/tikhon/Документы/magnolia/applets/go/uname/build/esp-idf/esp_system/ld/memory.ld
-- Adding linker script /home/tikhon/Документы/magnolia/applets/go/uname/build/esp-idf/esp_system/ld/sections.ld.in
[714/1044] Building C object esp-idf/mbedtls/mbedtls/library/CMakeFiles/mbedcrypto.dir/aria.c.obj
[715/1044] Building C object esp-idf/mbedtls/mbedtls/library/CMakeFiles/mbedcrypto.dir/bignum_mod_raw.c.obj
[716/1044] Building C object esp-idf/mbedtls/mbedtls/library/CMakeFiles/mbedcrypto.dir/aes.c.obj
[825/1044] Building C object 'esp-idf/mbedtls/mbedtls/library/CMakeFiles/mbedcrypto.dir/home/tikhon/Документы/magnolia/esp-idf/components/mbedtls/port/aes/esp_aes_gcm.c.obj'
-- Adding linker script /home/tikhon/Документы/magnolia/esp-idf/components/esp_rom/esp32s3/ld/esp32s3.rom.ld
[731/1044] Building C object esp-idf/mbedtls/mbedtls/library/CMakeFiles/mbedcrypto.dir/ecdsa.c.obj
-- Adding linker script /home/tikhon/Документы/magnolia/esp-idf/components/esp_rom/esp32s3/ld/esp32s3.rom.api.ld
-- Adding linker script /home/tikhon/Документы/magnolia/esp-idf/components/esp_rom/esp32s3/ld/esp32s3.rom.bt_funcs.ld
-- Adding linker script /home/tikhon/Документы/magnolia/esp-idf/components/esp_rom/esp32s3/ld/esp32s3.rom.libgcc.ld
-- Adding linker script /home/tikhon/Документы/magnolia/esp-idf/components/esp_rom/esp32s3/ld/esp32s3.rom.wdt.ld
-- Adding linker script /home/tikhon/Документы/magnolia/esp-idf/components/esp_rom/esp32s3/ld/esp32s3.rom.version.ld
-- Adding linker script /home/tikhon/Документы/magnolia/esp-idf/components/esp_rom/esp32s3/ld/esp32s3.rom.ble_master.ld
-- Adding linker script /home/tikhon/Документы/magnolia/esp-idf/components/esp_rom/esp32s3/ld/esp32s3.rom.ble_50.ld
-- Adding linker script /home/tikhon/Документы/magnolia/esp-idf/components/esp_rom/esp32s3/ld/esp32s3.rom.ble_smp.ld
[717/1044] Building C object esp-idf/mbedtls/mbedtls/library/CMakeFiles/mbedcrypto.dir/base64.c.obj
-- Adding linker script /home/tikhon/Документы/magnolia/esp-idf/components/esp_rom/esp32s3/ld/esp32s3.rom.ble_dtm.ld
-- Adding linker script /home/tikhon/Документы/magnolia/esp-idf/components/esp_rom/esp32s3/ld/esp32s3.rom.ble_test.ld
-- Adding linker script /home/tikhon/Документы/magnolia/esp-idf/components/esp_rom/esp32s3/ld/esp32s3.rom.ble_scan.ld
-- Adding linker script /home/tikhon/Документы/magnolia/esp-idf/components/esp_rom/esp32s3/ld/esp32s3.rom.libc.ld
-- Adding linker script /home/tikhon/Документы/magnolia/esp-idf/components/esp_rom/esp32s3/ld/esp32s3.rom.newlib.ld
[732/1044] Building C object esp-idf/mbedtls/mbedtls/library/CMakeFiles/mbedx509.dir/x509.c.obj
[718/1044] Building C object esp-idf/mbedtls/mbedtls/library/CMakeFiles/mbedcrypto.dir/chacha20.c.obj
[719/1044] Building C object esp-idf/mbedtls/mbedtls/library/CMakeFiles/mbedcrypto.dir/block_cipher.c.obj
[720/1044] Building C object esp-idf/mbedtls/mbedtls/library/CMakeFiles/mbedcrypto.dir/camellia.c.obj
[733/1044] Building C object esp-idf/mbedtls/mbedtls/library/CMakeFiles/mbedcrypto.dir/ecdh.c.obj
Executing action: elf
Running ninja in directory /home/tikhon/Документы/magnolia/applets/rust/rxxd/build
Executing "ninja elf"...
[0/2] Re-checking globbed directories...
[1/2] Re-running CMake...
[734/1044] Building C object esp-idf/mbedtls/mbedtls/library/CMakeFiles/mbedcrypto.dir/ecp_curves_new.c.obj
[721/1044] Building C object esp-idf/mbedtls/mbedtls/library/CMakeFiles/mbedtls.dir/ssl_tls12_client.c.obj
[722/1044] Building C object esp-idf/mbedtls/mbedtls/library/CMakeFiles/mbedcrypto.dir/asn1parse.c.obj
[735/1044] Building C object esp-idf/mbedtls/mbedtls/library/CMakeFiles/mbedtls.dir/ssl_tls12_client.c.obj
-- Adding linker script /home/tikhon/Документы/magnolia/esp-idf/components/soc/esp32s3/ld/esp32s3.peripherals.ld
[723/1044] Building C object esp-idf/mbedtls/mbedtls/library/CMakeFiles/mbedx509.dir/x509_crl.c.obj
[724/1044] Building C object esp-idf/mbedtls/mbedtls/library/CMakeFiles/mbedcrypto.dir/asn1write.c.obj
-- ESP-TEE is currently supported only on the esp32c6;esp32h2;esp32c5 SoCs
[725/1044] Building C object esp-idf/mbedtls/mbedtls/library/CMakeFiles/mbedcrypto.dir/chachapoly.c.obj
[736/1044] Building C object esp-idf/mbedtls/mbedtls/library/CMakeFiles/mbedcrypto.dir/ccm.c.obj
-- ELF_LOADER: 1.1.1
[737/1044] Building C object esp-idf/mbedtls/mbedtls/library/CMakeFiles/mbedcrypto.dir/entropy_poll.c.obj
[726/1044] Building C object esp-idf/mbedtls/mbedtls/library/CMakeFiles/mbedcrypto.dir/des.c.obj
[727/1044] Building C object esp-idf/mbedtls/mbedtls/library/CMakeFiles/mbedcrypto.dir/constant_time.c.obj
[738/1044] Building C object esp-idf/mbedtls/mbedtls/library/CMakeFiles/mbedcrypto.dir/hkdf.c.obj
[739/1044] Building C object esp-idf/mbedtls/mbedtls/library/CMakeFiles/mbedcrypto.dir/cmac.c.obj
-- App "edit" version: c092b7f-dirty
[740/1044] Building C object esp-idf/mbedtls/mbedtls/library/CMakeFiles/mbedcrypto.dir/lmots.c.obj
[741/1044] Building C object esp-idf/mbedtls/mbedtls/library/CMakeFiles/mbedcrypto.dir/ctr_drbg.c.obj
[742/1044] Building C object esp-idf/mbedtls/mbedtls/library/CMakeFiles/mbedcrypto.dir/entropy.c.obj
[728/1044] Building C object esp-idf/mbedtls/mbedtls/library/CMakeFiles/mbedtls.dir/ssl_msg.c.obj
[743/1044] Building C object esp-idf/mbedtls/mbedtls/library/CMakeFiles/mbedcrypto.dir/bignum.c.obj
[744/1044] Building C object esp-idf/mbedtls/mbedtls/library/CMakeFiles/mbedcrypto.dir/bignum_core.c.obj
-- USING O3
[729/1044] Building C object esp-idf/mbedtls/mbedtls/library/CMakeFiles/mbedcrypto.dir/ecjpake.c.obj
[745/1044] Building C object esp-idf/mbedtls/mbedtls/library/CMakeFiles/mbedcrypto.dir/lms.c.obj
-- Generating done (2.7s)
[746/1044] Building C object esp-idf/mbedtls/mbedtls/library/CMakeFiles/mbedcrypto.dir/dhm.c.obj
[730/1044] Building C object esp-idf/mbedtls/mbedtls/library/CMakeFiles/mbedcrypto.dir/cipher_wrap.c.obj
[747/1044] Building C object esp-idf/mbedtls/mbedtls/library/CMakeFiles/mbedcrypto.dir/memory_buffer_alloc.c.obj
[748/1044] Building C object esp-idf/mbedtls/mbedtls/library/CMakeFiles/mbedcrypto.dir/hmac_drbg.c.obj
[731/1044] Building C object esp-idf/mbedtls/mbedtls/library/CMakeFiles/mbedcrypto.dir/ccm.c.obj
-- Build files have been written to: /home/tikhon/Документы/magnolia/applets/go/goxxd/build
-- Project sdkconfig file /home/tikhon/Документы/magnolia/applets/rust/rhexdump/sdkconfig
[732/1044] Building C object esp-idf/mbedtls/mbedtls/library/CMakeFiles/mbedcrypto.dir/ecdh.c.obj
[749/1044] Building C object esp-idf/mbedtls/mbedtls/library/CMakeFiles/mbedcrypto.dir/ecp_curves.c.obj
-- Adding linker script /home/tikhon/Документы/magnolia/applets/go/sleep/build/esp-idf/esp_system/ld/memory.ld
-- Adding linker script /home/tikhon/Документы/magnolia/applets/go/sleep/build/esp-idf/esp_system/ld/sections.ld.in
[733/1044] Building C object esp-idf/mbedtls/mbedtls/library/CMakeFiles/mbedcrypto.dir/ecp_curves_new.c.obj
[734/1044] Building C object esp-idf/mbedtls/mbedtls/library/CMakeFiles/mbedtls.dir/ssl_tls12_server.c.obj
[750/1044] Building C object esp-idf/mbedtls/mbedtls/library/CMakeFiles/mbedcrypto.dir/nist_kw.c.obj
-- Adding linker script /home/tikhon/Документы/magnolia/esp-idf/components/esp_rom/esp32s3/ld/esp32s3.rom.ld
-- Adding linker script /home/tikhon/Документы/magnolia/esp-idf/components/esp_rom/esp32s3/ld/esp32s3.rom.api.ld
-- Adding linker script /home/tikhon/Документы/magnolia/esp-idf/components/esp_rom/esp32s3/ld/esp32s3.rom.bt_funcs.ld
-- Adding linker script /home/tikhon/Документы/magnolia/esp-idf/components/esp_rom/esp32s3/ld/esp32s3.rom.libgcc.ld
-- Adding linker script /home/tikhon/Документы/magnolia/esp-idf/components/esp_rom/esp32s3/ld/esp32s3.rom.wdt.ld
-- Adding linker script /home/tikhon/Документы/magnolia/esp-idf/components/esp_rom/esp32s3/ld/esp32s3.rom.version.ld
-- Adding linker script /home/tikhon/Документы/magnolia/esp-idf/components/esp_rom/esp32s3/ld/esp32s3.rom.ble_master.ld
-- Adding linker script /home/tikhon/Документы/magnolia/esp-idf/components/esp_rom/esp32s3/ld/esp32s3.rom.ble_50.ld
-- Adding linker script /home/tikhon/Документы/magnolia/esp-idf/components/esp_rom/esp32s3/ld/esp32s3.rom.ble_smp.ld
-- Adding linker script /home/tikhon/Документы/magnolia/esp-idf/components/esp_rom/esp32s3/ld/esp32s3.rom.ble_dtm.ld
-- Adding linker script /home/tikhon/Документы/magnolia/esp-idf/components/esp_rom/esp32s3/ld/esp32s3.rom.ble_test.ld
-- Adding linker script /home/tikhon/Документы/magnolia/esp-idf/components/esp_rom/esp32s3/ld/esp32s3.rom.ble_scan.ld
-- Adding linker script /home/tikhon/Документы/magnolia/esp-idf/components/esp_rom/esp32s3/ld/esp32s3.rom.libc.ld
-- Adding linker script /home/tikhon/Документы/magnolia/esp-idf/components/esp_rom/esp32s3/ld/esp32s3.rom.newlib.ld
[751/1044] Building C object esp-idf/mbedtls/mbedtls/library/CMakeFiles/mbedcrypto.dir/md5.c.obj
[735/1044] Building C object esp-idf/mbedtls/mbedtls/library/CMakeFiles/mbedcrypto.dir/cmac.c.obj
[752/1044] Building C object esp-idf/mbedtls/mbedtls/library/CMakeFiles/mbedcrypto.dir/cipher.c.obj
[753/1044] Building C object esp-idf/mbedtls/mbedtls/library/CMakeFiles/mbedcrypto.dir/padlock.c.obj
[736/1044] Building C object esp-idf/mbedtls/mbedtls/library/CMakeFiles/mbedcrypto.dir/entropy_poll.c.obj
-- Adding linker script /home/tikhon/Документы/magnolia/esp-idf/components/soc/esp32s3/ld/esp32s3.peripherals.ld
[737/1044] Building C object esp-idf/mbedtls/mbedtls/library/CMakeFiles/mbedcrypto.dir/dhm.c.obj
[738/1044] Building C object esp-idf/mbedtls/mbedtls/library/CMakeFiles/mbedcrypto.dir/hkdf.c.obj
[754/1044] Building C object esp-idf/mbedtls/mbedtls/library/CMakeFiles/mbedcrypto.dir/platform_util.c.obj
[739/1044] Building C object esp-idf/mbedtls/mbedtls/library/CMakeFiles/mbedcrypto.dir/bignum_core.c.obj
[755/1044] Building C object esp-idf/mbedtls/mbedtls/library/CMakeFiles/mbedcrypto.dir/error.c.obj
[756/1044] Building C object esp-idf/mbedtls/mbedtls/library/CMakeFiles/mbedcrypto.dir/platform.c.obj
[740/1044] Building C object esp-idf/mbedtls/mbedtls/library/CMakeFiles/mbedcrypto.dir/lmots.c.obj
[757/1044] Building C object esp-idf/mbedtls/mbedtls/library/CMakeFiles/mbedx509.dir/x509_crt.c.obj
[758/1044] Building C object esp-idf/mbedtls/mbedtls/library/CMakeFiles/mbedcrypto.dir/md.c.obj
[826/1044] Building C object esp-idf/mbedtls/mbedtls/library/CMakeFiles/mbedcrypto.dir/rsa.c.obj
[741/1044] Building C object esp-idf/mbedtls/mbedtls/library/CMakeFiles/mbedcrypto.dir/lms.c.obj
[759/1044] Building C object esp-idf/mbedtls/mbedtls/library/CMakeFiles/mbedcrypto.dir/pkcs12.c.obj
[760/1044] Building C object esp-idf/mbedtls/mbedtls/library/CMakeFiles/mbedcrypto.dir/pk.c.obj
[742/1044] Building C object esp-idf/mbedtls/mbedtls/library/CMakeFiles/mbedcrypto.dir/ctr_drbg.c.obj
[761/1044] Building C object esp-idf/mbedtls/mbedtls/library/CMakeFiles/mbedcrypto.dir/oid.c.obj
[743/1044] Building C object esp-idf/mbedtls/mbedtls/library/CMakeFiles/mbedcrypto.dir/ecdsa.c.obj
[744/1044] Building C object esp-idf/mbedtls/mbedtls/library/CMakeFiles/mbedx509.dir/x509.c.obj
[762/1044] Building C object esp-idf/mbedtls/mbedtls/library/CMakeFiles/mbedcrypto.dir/poly1305.c.obj
[745/1044] Building C object esp-idf/mbedtls/mbedtls/library/CMakeFiles/mbedcrypto.dir/nist_kw.c.obj
[763/1044] Building C object esp-idf/mbedtls/mbedtls/library/CMakeFiles/mbedcrypto.dir/pk_ecc.c.obj
[746/1044] Building C object esp-idf/mbedtls/mbedtls/library/CMakeFiles/mbedcrypto.dir/memory_buffer_alloc.c.obj
[747/1044] Building C object esp-idf/mbedtls/mbedtls/library/CMakeFiles/mbedcrypto.dir/md5.c.obj
[748/1044] Building C object esp-idf/mbedtls/mbedtls/library/CMakeFiles/mbedcrypto.dir/entropy.c.obj
[749/1044] Building C object esp-idf/mbedtls/mbedtls/library/CMakeFiles/mbedcrypto.dir/cipher.c.obj
[764/1044] Building C object esp-idf/mbedtls/mbedtls/library/CMakeFiles/mbedcrypto.dir/psa_crypto_driver_wrappers_no_static.c.obj
[765/1044] Building C object esp-idf/mbedtls/mbedtls/library/CMakeFiles/mbedcrypto.dir/pem.c.obj
[750/1044] Building C object esp-idf/mbedtls/mbedtls/library/CMakeFiles/mbedcrypto.dir/hmac_drbg.c.obj
[766/1044] Building C object esp-idf/mbedtls/mbedtls/library/CMakeFiles/mbedcrypto.dir/psa_crypto_cipher.c.obj
[751/1044] Building C object esp-idf/mbedtls/mbedtls/library/CMakeFiles/mbedcrypto.dir/padlock.c.obj
[767/1044] Building C object esp-idf/mbedtls/mbedtls/library/CMakeFiles/mbedcrypto.dir/gcm.c.obj
[768/1044] Building C object esp-idf/mbedtls/mbedtls/library/CMakeFiles/mbedcrypto.dir/psa_crypto_aead.c.obj
[769/1044] Building C object esp-idf/mbedtls/mbedtls/library/CMakeFiles/mbedcrypto.dir/psa_crypto_client.c.obj
[770/1044] Building C object esp-idf/mbedtls/mbedtls/library/CMakeFiles/mbedcrypto.dir/pkcs5.c.obj
[771/1044] Building C object esp-idf/mbedtls/mbedtls/library/CMakeFiles/mbedcrypto.dir/psa_crypto_pake.c.obj
[752/1044] Building C object esp-idf/mbedtls/mbedtls/library/CMakeFiles/mbedcrypto.dir/pk_ecc.c.obj
[772/1044] Building C object esp-idf/mbedtls/mbedtls/library/CMakeFiles/mbedcrypto.dir/psa_crypto_hash.c.obj
[753/1044] Building C object esp-idf/mbedtls/mbedtls/library/CMakeFiles/mbedcrypto.dir/error.c.obj
[773/1044] Building C object esp-idf/mbedtls/mbedtls/library/CMakeFiles/mbedtls.dir/ssl_tls.c.obj
[774/1044] Building C object esp-idf/mbedtls/mbedtls/library/CMakeFiles/mbedcrypto.dir/ripemd160.c.obj
[754/1044] Building C object esp-idf/mbedtls/mbedtls/library/CMakeFiles/mbedx509.dir/x509_crt.c.obj
[775/1044] Building C object esp-idf/mbedtls/mbedtls/library/CMakeFiles/mbedcrypto.dir/pk_wrap.c.obj
[755/1044] Building C object esp-idf/mbedtls/mbedtls/library/CMakeFiles/mbedcrypto.dir/gcm.c.obj
[756/1044] Building C object esp-idf/mbedtls/mbedtls/library/CMakeFiles/mbedcrypto.dir/oid.c.obj
[0/4] Re-checking globbed directories...
[776/1044] Building C object esp-idf/mbedtls/mbedtls/library/CMakeFiles/mbedcrypto.dir/pkwrite.c.obj
[777/1044] Building C object esp-idf/mbedtls/mbedtls/library/CMakeFiles/mbedcrypto.dir/psa_crypto_se.c.obj
[757/1044] Building C object esp-idf/mbedtls/mbedtls/library/CMakeFiles/mbedcrypto.dir/platform.c.obj
[758/1044] Building C object esp-idf/mbedtls/mbedtls/library/CMakeFiles/mbedcrypto.dir/platform_util.c.obj
[759/1044] Building C object esp-idf/mbedtls/mbedtls/library/CMakeFiles/mbedcrypto.dir/poly1305.c.obj
[778/1044] Linking CXX static library esp-idf/mbedtls/mbedtls/library/libmbedtls.a
[779/1044] Building C object esp-idf/mbedtls/mbedtls/library/CMakeFiles/mbedcrypto.dir/psa_crypto_ecp.c.obj
[780/1044] Building C object esp-idf/mbedtls/mbedtls/library/CMakeFiles/mbedcrypto.dir/pkparse.c.obj
[781/1044] Building C object esp-idf/mbedtls/mbedtls/library/CMakeFiles/mbedcrypto.dir/psa_crypto_slot_management.c.obj
[782/1044] Building C object esp-idf/mbedtls/mbedtls/library/CMakeFiles/mbedcrypto.dir/rsa_alt_helpers.c.obj
[760/1044] Building C object esp-idf/mbedtls/mbedtls/library/CMakeFiles/mbedcrypto.dir/md.c.obj
[783/1044] Building C object esp-idf/mbedtls/mbedtls/library/CMakeFiles/mbedcrypto.dir/psa_its_file.c.obj
[761/1044] Building C object esp-idf/mbedtls/mbedtls/library/CMakeFiles/mbedcrypto.dir/pem.c.obj
[784/1044] Building C object esp-idf/mbedtls/mbedtls/library/CMakeFiles/mbedcrypto.dir/psa_crypto_ffdh.c.obj
[785/1044] Building C object esp-idf/mbedtls/mbedtls/library/CMakeFiles/mbedcrypto.dir/threading.c.obj
[762/1044] Building C object esp-idf/mbedtls/mbedtls/library/CMakeFiles/mbedcrypto.dir/pk_wrap.c.obj
[786/1044] Building C object esp-idf/mbedtls/mbedtls/library/CMakeFiles/mbedcrypto.dir/sha1.c.obj
[763/1044] Building C object esp-idf/mbedtls/mbedtls/library/CMakeFiles/mbedcrypto.dir/bignum.c.obj
[764/1044] Building C object esp-idf/mbedtls/mbedtls/library/CMakeFiles/mbedcrypto.dir/pkcs12.c.obj
[787/1044] Building C object esp-idf/mbedtls/mbedtls/library/CMakeFiles/mbedcrypto.dir/psa_crypto_storage.c.obj
[788/1044] Building C object esp-idf/mbedtls/mbedtls/library/CMakeFiles/mbedcrypto.dir/sha512.c.obj
[765/1044] Building C object esp-idf/mbedtls/mbedtls/library/CMakeFiles/mbedcrypto.dir/ecp_curves.c.obj
-- ELF_LOADER: 1.1.1
[766/1044] Building C object esp-idf/mbedtls/mbedtls/library/CMakeFiles/mbedcrypto.dir/psa_crypto_client.c.obj
[789/1044] Building C object esp-idf/mbedtls/mbedtls/library/CMakeFiles/mbedcrypto.dir/sha256.c.obj
[790/1044] Building C object esp-idf/mbedtls/mbedtls/library/CMakeFiles/mbedcrypto.dir/psa_crypto_mac.c.obj
[791/1044] Building C object esp-idf/mbedtls/mbedtls/library/CMakeFiles/mbedcrypto.dir/version.c.obj
[767/1044] Building C object esp-idf/mbedtls/mbedtls/library/CMakeFiles/mbedtls.dir/ssl_tls.c.obj
[792/1044] Building C object esp-idf/mbedtls/mbedtls/library/CMakeFiles/mbedcrypto.dir/version_features.c.obj
[768/1044] Building C object esp-idf/mbedtls/mbedtls/library/CMakeFiles/mbedcrypto.dir/pkwrite.c.obj
[793/1044] Building C object esp-idf/mbedtls/mbedtls/library/CMakeFiles/mbedcrypto.dir/psa_util.c.obj
-- USING O3
[794/1044] Building C object esp-idf/mbedtls/mbedtls/library/CMakeFiles/mbedcrypto.dir/timing.c.obj
[769/1044] Building C object esp-idf/mbedtls/mbedtls/library/CMakeFiles/mbedcrypto.dir/pkcs5.c.obj
[795/1044] Building C object esp-idf/mbedtls/mbedtls/library/CMakeFiles/mbedcrypto.dir/psa_crypto_rsa.c.obj
[770/1044] Building C object esp-idf/mbedtls/mbedtls/library/CMakeFiles/mbedcrypto.dir/psa_crypto_aead.c.obj
[796/1044] Building C object 'esp-idf/mbedtls/mbedtls/library/CMakeFiles/mbedcrypto.dir/home/tikhon/Документы/magnolia/esp-idf/components/mbedtls/port/aes/dma/esp_aes_gdma_impl.c.obj'
[771/1044] Building C object esp-idf/mbedtls/mbedtls/library/CMakeFiles/mbedcrypto.dir/psa_crypto_driver_wrappers_no_static.c.obj
[797/1044] Building C object 'esp-idf/mbedtls/mbedtls/library/CMakeFiles/mbedcrypto.dir/home/tikhon/Документы/magnolia/esp-idf/components/mbedtls/port/sha/core/esp_sha_gdma_impl.c.obj'
[772/1044] Building C object esp-idf/mbedtls/mbedtls/library/CMakeFiles/mbedcrypto.dir/ecp.c.obj
[773/1044] Building C object esp-idf/mbedtls/mbedtls/library/CMakeFiles/mbedcrypto.dir/psa_crypto_se.c.obj
[798/1044] Building C object 'esp-idf/mbedtls/mbedtls/library/CMakeFiles/mbedcrypto.dir/home/tikhon/Документы/magnolia/esp-idf/components/mbedtls/port/esp_mem.c.obj'
[799/1044] Building C object esp-idf/mbedtls/mbedtls/library/CMakeFiles/mbedcrypto.dir/ecp.c.obj
[774/1044] Building C object esp-idf/mbedtls/mbedtls/library/CMakeFiles/mbedcrypto.dir/pk.c.obj
[800/1044] Building C object 'esp-idf/mbedtls/mbedtls/library/CMakeFiles/mbedcrypto.dir/home/tikhon/Документы/magnolia/esp-idf/components/mbedtls/port/esp_timing.c.obj'
[775/1044] Linking CXX static library esp-idf/mbedtls/mbedtls/library/libmbedtls.a
[801/1044] Building C object 'esp-idf/mbedtls/mbedtls/library/CMakeFiles/mbedcrypto.dir/home/tikhon/Документы/magnolia/esp-idf/components/mbedtls/port/esp_hardware.c.obj'
-- Adding linker script /home/tikhon/Документы/magnolia/applets/rust/edit/build/esp-idf/esp_system/ld/memory.ld
-- Adding linker script /home/tikhon/Документы/magnolia/applets/rust/edit/build/esp-idf/esp_system/ld/sections.ld.in
[802/1044] Building C object esp-idf/mbedtls/mbedtls/library/CMakeFiles/mbedcrypto.dir/sha3.c.obj
[776/1044] Building C object esp-idf/mbedtls/mbedtls/library/CMakeFiles/mbedcrypto.dir/psa_crypto_cipher.c.obj
[777/1044] Building C object esp-idf/mbedtls/mbedtls/library/CMakeFiles/mbedcrypto.dir/psa_crypto_pake.c.obj
-- Adding linker script /home/tikhon/Документы/magnolia/esp-idf/components/esp_rom/esp32s3/ld/esp32s3.rom.ld
-- Adding linker script /home/tikhon/Документы/magnolia/esp-idf/components/esp_rom/esp32s3/ld/esp32s3.rom.api.ld
-- Adding linker script /home/tikhon/Документы/magnolia/esp-idf/components/esp_rom/esp32s3/ld/esp32s3.rom.bt_funcs.ld
-- Adding linker script /home/tikhon/Документы/magnolia/esp-idf/components/esp_rom/esp32s3/ld/esp32s3.rom.libgcc.ld
-- Adding linker script /home/tikhon/Документы/magnolia/esp-idf/components/esp_rom/esp32s3/ld/esp32s3.rom.wdt.ld
-- Adding linker script /home/tikhon/Документы/magnolia/esp-idf/components/esp_rom/esp32s3/ld/esp32s3.rom.version.ld
-- Adding linker script /home/tikhon/Документы/magnolia/esp-idf/components/esp_rom/esp32s3/ld/esp32s3.rom.ble_master.ld
-- Adding linker script /home/tikhon/Документы/magnolia/esp-idf/components/esp_rom/esp32s3/ld/esp32s3.rom.ble_50.ld
-- Adding linker script /home/tikhon/Документы/magnolia/esp-idf/components/esp_rom/esp32s3/ld/esp32s3.rom.ble_smp.ld
-- Adding linker script /home/tikhon/Документы/magnolia/esp-idf/components/esp_rom/esp32s3/ld/esp32s3.rom.ble_dtm.ld
[1/6] Building C object esp-idf/esp_app_format/CMakeFiles/__idf_esp_app_format.dir/esp_app_desc.c.obj
-- Adding linker script /home/tikhon/Документы/magnolia/esp-idf/components/esp_rom/esp32s3/ld/esp32s3.rom.ble_test.ld
-- Adding linker script /home/tikhon/Документы/magnolia/esp-idf/components/esp_rom/esp32s3/ld/esp32s3.rom.ble_scan.ld
-- Adding linker script /home/tikhon/Документы/magnolia/esp-idf/components/esp_rom/esp32s3/ld/esp32s3.rom.libc.ld
-- Adding linker script /home/tikhon/Документы/magnolia/esp-idf/components/esp_rom/esp32s3/ld/esp32s3.rom.newlib.ld
[778/1044] Building C object esp-idf/mbedtls/mbedtls/library/CMakeFiles/mbedcrypto.dir/ripemd160.c.obj
[779/1044] Building C object esp-idf/mbedtls/mbedtls/library/CMakeFiles/mbedcrypto.dir/psa_its_file.c.obj
-- Adding linker script /home/tikhon/Документы/magnolia/esp-idf/components/soc/esp32s3/ld/esp32s3.peripherals.ld
[2/6] Linking C static library esp-idf/esp_app_format/libesp_app_format.a
[780/1044] Building C object esp-idf/mbedtls/mbedtls/library/CMakeFiles/mbedcrypto.dir/psa_crypto_rsa.c.obj
[781/1044] Building C object esp-idf/mbedtls/mbedtls/library/CMakeFiles/mbedcrypto.dir/pkparse.c.obj
[803/1044] Building C object 'esp-idf/mbedtls/mbedtls/library/CMakeFiles/mbedcrypto.dir/home/tikhon/Документы/magnolia/esp-idf/components/mbedtls/port/aes/esp_aes_xts.c.obj'
[804/1044] Building C object 'esp-idf/mbedtls/mbedtls/library/CMakeFiles/mbedcrypto.dir/home/tikhon/Документы/magnolia/esp-idf/components/mbedtls/port/aes/esp_aes_common.c.obj'
[805/1044] Building C object 'esp-idf/mbedtls/mbedtls/library/CMakeFiles/mbedcrypto.dir/home/tikhon/Документы/magnolia/esp-idf/components/mbedtls/port/sha/esp_sha.c.obj'
[782/1044] Building C object esp-idf/mbedtls/mbedtls/library/CMakeFiles/mbedcrypto.dir/psa_crypto_ecp.c.obj
[806/1044] Building C object 'esp-idf/mbedtls/mbedtls/library/CMakeFiles/mbedcrypto.dir/home/tikhon/Документы/magnolia/esp-idf/components/mbedtls/port/crypto_shared_gdma/esp_crypto_shared_gdma.c.obj'
[783/1044] Building C object esp-idf/mbedtls/mbedtls/library/CMakeFiles/mbedcrypto.dir/psa_crypto_ffdh.c.obj
[807/1044] Building C object 'esp-idf/mbedtls/mbedtls/library/CMakeFiles/mbedcrypto.dir/home/tikhon/Документы/magnolia/esp-idf/components/mbedtls/port/bignum/bignum_alt.c.obj'
[784/1044] Building C object esp-idf/mbedtls/mbedtls/library/CMakeFiles/mbedcrypto.dir/rsa_alt_helpers.c.obj
[3/6] Build ELF: xxd.app.elf
[785/1044] Building C object esp-idf/mbedtls/mbedtls/library/CMakeFiles/mbedcrypto.dir/version.c.obj
[786/1044] Building C object esp-idf/mbedtls/mbedtls/library/CMakeFiles/mbedcrypto.dir/psa_crypto_hash.c.obj
[787/1044] Building C object esp-idf/mbedtls/mbedtls/library/CMakeFiles/mbedcrypto.dir/threading.c.obj
[788/1044] Building C object esp-idf/mbedtls/mbedtls/library/CMakeFiles/mbedcrypto.dir/psa_crypto_mac.c.obj
[808/1044] Building C object 'esp-idf/mbedtls/mbedtls/library/CMakeFiles/mbedcrypto.dir/home/tikhon/Документы/magnolia/esp-idf/components/mbedtls/port/sha/core/esp_sha1.c.obj'
[789/1044] Building C object esp-idf/mbedtls/mbedtls/library/CMakeFiles/mbedcrypto.dir/sha1.c.obj
[809/1044] Linking CXX static library esp-idf/mbedtls/mbedtls/library/libmbedx509.a
[790/1044] Building C object esp-idf/mbedtls/mbedtls/library/CMakeFiles/mbedcrypto.dir/timing.c.obj
[791/1044] Building C object esp-idf/mbedtls/mbedtls/library/CMakeFiles/mbedcrypto.dir/sha512.c.obj
[810/1044] Building C object 'esp-idf/mbedtls/mbedtls/library/CMakeFiles/mbedcrypto.dir/home/tikhon/Документы/magnolia/esp-idf/components/mbedtls/port/md/esp_md.c.obj'
[811/1044] Building C object 'esp-idf/mbedtls/mbedtls/library/CMakeFiles/mbedcrypto.dir/home/tikhon/Документы/magnolia/esp-idf/components/mbedtls/port/esp_ds/esp_rsa_dec_alt.c.obj'
[792/1044] Building C object esp-idf/mbedtls/mbedtls/library/CMakeFiles/mbedcrypto.dir/sha256.c.obj
-- ELF_LOADER: 1.1.1
-- Minimal build - OFF
-- Components: app_trace app_update bootloader bootloader_support bt cmock console cxx driver efuse esp-tls esp_adc esp_app_format esp_bootloader_format esp_coex esp_common esp_driver_ana_cmpr esp_driver_bitscrambler esp_driver_cam esp_driver_dac esp_driver_gpio esp_driver_gptimer esp_driver_i2c esp_driver_i2s esp_driver_i3c esp_driver_isp esp_driver_jpeg esp_driver_ledc esp_driver_mcpwm esp_driver_parlio esp_driver_pcnt esp_driver_ppa esp_driver_rmt esp_driver_sd_intf esp_driver_sdio esp_driver_sdm esp_driver_sdmmc esp_driver_sdspi esp_driver_spi esp_driver_touch_sens esp_driver_tsens esp_driver_twai esp_driver_uart esp_driver_usb_serial_jtag esp_eth esp_event esp_gdbstub esp_hid esp_http_client esp_http_server esp_https_ota esp_https_server esp_hw_support esp_lcd esp_local_ctrl esp_mm esp_netif esp_netif_stack esp_partition esp_phy esp_pm esp_psram esp_ringbuf esp_rom esp_security esp_system esp_timer esp_vfs_console esp_wifi espcoredump espressif__cmake_utilities espressif__elf_loader esptool_py fatfs freertos hal heap http_parser idf_test ieee802154 json log lwip main mbedtls mqtt newlib nvs_flash nvs_sec_provider openthread partition_table perfmon protobuf-c protocomm pthread rt sdmmc soc spi_flash spiffs tcp_transport touch_element ulp unity usb vfs wear_levelling wifi_provisioning wpa_supplicant xtensa
-- Component paths: /home/tikhon/Документы/magnolia/esp-idf/components/app_trace /home/tikhon/Документы/magnolia/esp-idf/components/app_update /home/tikhon/Документы/magnolia/esp-idf/components/bootloader /home/tikhon/Документы/magnolia/esp-idf/components/bootloader_support /home/tikhon/Документы/magnolia/esp-idf/components/bt /home/tikhon/Документы/magnolia/esp-idf/components/cmock /home/tikhon/Документы/magnolia/esp-idf/components/console /home/tikhon/Документы/magnolia/esp-idf/components/cxx /home/tikhon/Документы/magnolia/esp-idf/components/driver /home/tikhon/Документы/magnolia/esp-idf/components/efuse /home/tikhon/Документы/magnolia/esp-idf/components/esp-tls /home/tikhon/Документы/magnolia/esp-idf/components/esp_adc /home/tikhon/Документы/magnolia/esp-idf/components/esp_app_format /home/tikhon/Документы/magnolia/esp-idf/components/esp_bootloader_format /home/tikhon/Документы/magnolia/esp-idf/components/esp_coex /home/tikhon/Документы/magnolia/esp-idf/components/esp_common /home/tikhon/Документы/magnolia/esp-idf/components/esp_driver_ana_cmpr /home/tikhon/Документы/magnolia/esp-idf/components/esp_driver_bitscrambler /home/tikhon/Документы/magnolia/esp-idf/components/esp_driver_cam /home/tikhon/Документы/magnolia/esp-idf/components/esp_driver_dac /home/tikhon/Документы/magnolia/esp-idf/components/esp_driver_gpio /home/tikhon/Документы/magnolia/esp-idf/components/esp_driver_gptimer /home/tikhon/Документы/magnolia/esp-idf/components/esp_driver_i2c /home/tikhon/Документы/magnolia/esp-idf/components/esp_driver_i2s /home/tikhon/Документы/magnolia/esp-idf/components/esp_driver_i3c /home/tikhon/Документы/magnolia/esp-idf/components/esp_driver_isp /home/tikhon/Документы/magnolia/esp-idf/components/esp_driver_jpeg /home/tikhon/Документы/magnolia/esp-idf/components/esp_driver_ledc /home/tikhon/Документы/magnolia/esp-idf/components/esp_driver_mcpwm /home/tikhon/Документы/magnolia/esp-idf/components/esp_driver_parlio /home/tikhon/Документы/magnolia/esp-idf/components/esp_driver_pcnt /home/tikhon/Документы/magnolia/esp-idf/components/esp_driver_ppa /home/tikhon/Документы/magnolia/esp-idf/components/esp_driver_rmt /home/tikhon/Документы/magnolia/esp-idf/components/esp_driver_sd_intf /home/tikhon/Документы/magnolia/esp-idf/components/esp_driver_sdio /home/tikhon/Документы/magnolia/esp-idf/components/esp_driver_sdm /home/tikhon/Документы/magnolia/esp-idf/components/esp_driver_sdmmc /home/tikhon/Документы/magnolia/esp-idf/components/esp_driver_sdspi /home/tikhon/Документы/magnolia/esp-idf/components/esp_driver_spi /home/tikhon/Документы/magnolia/esp-idf/components/esp_driver_touch_sens /home/tikhon/Документы/magnolia/esp-idf/components/esp_driver_tsens /home/tikhon/Документы/magnolia/esp-idf/components/esp_driver_twai /home/tikhon/Документы/magnolia/esp-idf/components/esp_driver_uart /home/tikhon/Документы/magnolia/esp-idf/components/esp_driver_usb_serial_jtag /home/tikhon/Документы/magnolia/esp-idf/components/esp_eth /home/tikhon/Документы/magnolia/esp-idf/components/esp_event /home/tikhon/Документы/magnolia/esp-idf/components/esp_gdbstub /home/tikhon/Документы/magnolia/esp-idf/components/esp_hid /home/tikhon/Документы/magnolia/esp-idf/components/esp_http_client /home/tikhon/Документы/magnolia/esp-idf/components/esp_http_server /home/tikhon/Документы/magnolia/esp-idf/components/esp_https_ota /home/tikhon/Документы/magnolia/esp-idf/components/esp_https_server /home/tikhon/Документы/magnolia/esp-idf/components/esp_hw_support /home/tikhon/Документы/magnolia/esp-idf/components/esp_lcd /home/tikhon/Документы/magnolia/esp-idf/components/esp_local_ctrl /home/tikhon/Документы/magnolia/esp-idf/components/esp_mm /home/tikhon/Документы/magnolia/esp-idf/components/esp_netif /home/tikhon/Документы/magnolia/esp-idf/components/esp_netif_stack /home/tikhon/Документы/magnolia/esp-idf/components/esp_partition /home/tikhon/Документы/magnolia/esp-idf/components/esp_phy /home/tikhon/Документы/magnolia/esp-idf/components/esp_pm /home/tikhon/Документы/magnolia/esp-idf/components/esp_psram /home/tikhon/Документы/magnolia/esp-idf/components/esp_ringbuf /home/tikhon/Документы/magnolia/esp-idf/components/esp_rom /home/tikhon/Документы/magnolia/esp-idf/components/esp_security /home/tikhon/Документы/magnolia/esp-idf/components/esp_system /home/tikhon/Документы/magnolia/esp-idf/components/esp_timer /home/tikhon/Документы/magnolia/esp-idf/components/esp_vfs_console /home/tikhon/Документы/magnolia/esp-idf/components/esp_wifi /home/tikhon/Документы/magnolia/esp-idf/components/espcoredump /home/tikhon/Документы/magnolia/applets/go/true/managed_components/espressif__cmake_utilities /home/tikhon/Документы/magnolia/applets/go/true/managed_components/espressif__elf_loader /home/tikhon/Документы/magnolia/esp-idf/components/esptool_py /home/tikhon/Документы/magnolia/esp-idf/components/fatfs /home/tikhon/Документы/magnolia/esp-idf/components/freertos /home/tikhon/Документы/magnolia/esp-idf/components/hal /home/tikhon/Документы/magnolia/esp-idf/components/heap /home/tikhon/Документы/magnolia/esp-idf/components/http_parser /home/tikhon/Документы/magnolia/esp-idf/components/idf_test /home/tikhon/Документы/magnolia/esp-idf/components/ieee802154 /home/tikhon/Документы/magnolia/esp-idf/components/json /home/tikhon/Документы/magnolia/esp-idf/components/log /home/tikhon/Документы/magnolia/esp-idf/components/lwip /home/tikhon/Документы/magnolia/applets/go/true/main /home/tikhon/Документы/magnolia/esp-idf/components/mbedtls /home/tikhon/Документы/magnolia/esp-idf/components/mqtt /home/tikhon/Документы/magnolia/esp-idf/components/newlib /home/tikhon/Документы/magnolia/esp-idf/components/nvs_flash /home/tikhon/Документы/magnolia/esp-idf/components/nvs_sec_provider /home/tikhon/Документы/magnolia/esp-idf/components/openthread /home/tikhon/Документы/magnolia/esp-idf/components/partition_table /home/tikhon/Документы/magnolia/esp-idf/components/perfmon /home/tikhon/Документы/magnolia/esp-idf/components/protobuf-c /home/tikhon/Документы/magnolia/esp-idf/components/protocomm /home/tikhon/Документы/magnolia/esp-idf/components/pthread /home/tikhon/Документы/magnolia/esp-idf/components/rt /home/tikhon/Документы/magnolia/esp-idf/components/sdmmc /home/tikhon/Документы/magnolia/esp-idf/components/soc /home/tikhon/Документы/magnolia/esp-idf/components/spi_flash /home/tikhon/Документы/magnolia/esp-idf/components/spiffs /home/tikhon/Документы/magnolia/esp-idf/components/tcp_transport /home/tikhon/Документы/magnolia/esp-idf/components/touch_element /home/tikhon/Документы/magnolia/esp-idf/components/ulp /home/tikhon/Документы/magnolia/esp-idf/components/unity /home/tikhon/Документы/magnolia/esp-idf/components/usb /home/tikhon/Документы/magnolia/esp-idf/components/vfs /home/tikhon/Документы/magnolia/esp-idf/components/wear_levelling /home/tikhon/Документы/magnolia/esp-idf/components/wifi_provisioning /home/tikhon/Документы/magnolia/esp-idf/components/wpa_supplicant /home/tikhon/Документы/magnolia/esp-idf/components/xtensa
[812/1044] Building C object 'esp-idf/mbedtls/mbedtls/library/CMakeFiles/mbedcrypto.dir/home/tikhon/Документы/magnolia/esp-idf/components/mbedtls/port/bignum/esp_bignum.c.obj'
[793/1044] Building C object esp-idf/mbedtls/mbedtls/library/CMakeFiles/mbedcrypto.dir/version_features.c.obj
[813/1044] Building C object 'esp-idf/mbedtls/mbedtls/library/CMakeFiles/mbedcrypto.dir/home/tikhon/Документы/magnolia/esp-idf/components/mbedtls/port/aes/dma/esp_aes_dma_core.c.obj'
[794/1044] Building C object esp-idf/mbedtls/mbedtls/library/CMakeFiles/mbedcrypto.dir/psa_crypto_storage.c.obj
[814/1044] Building C object 'esp-idf/mbedtls/mbedtls/library/CMakeFiles/mbedcrypto.dir/home/tikhon/Документы/magnolia/esp-idf/components/mbedtls/port/sha/core/sha.c.obj'
[815/1044] Building C object esp-idf/mbedtls/mbedtls/3rdparty/everest/CMakeFiles/everest.dir/library/everest.c.obj
-- Configuring done (19.6s)
[795/1044] Building C object 'esp-idf/mbedtls/mbedtls/library/CMakeFiles/mbedcrypto.dir/home/tikhon/Документы/magnolia/esp-idf/components/mbedtls/port/sha/core/esp_sha_gdma_impl.c.obj'
[816/1044] Building C object esp-idf/mbedtls/mbedtls/3rdparty/p256-m/CMakeFiles/p256m.dir/p256-m/p256-m.c.obj
[817/1044] Building C object 'esp-idf/mbedtls/mbedtls/library/CMakeFiles/mbedcrypto.dir/home/tikhon/Документы/magnolia/esp-idf/components/mbedtls/port/aes/dma/esp_aes.c.obj'
[796/1044] Building C object 'esp-idf/mbedtls/mbedtls/library/CMakeFiles/mbedcrypto.dir/home/tikhon/Документы/magnolia/esp-idf/components/mbedtls/port/aes/dma/esp_aes_gdma_impl.c.obj'
[818/1044] Building C object 'esp-idf/mbedtls/mbedtls/library/CMakeFiles/mbedcrypto.dir/home/tikhon/Документы/magnolia/esp-idf/components/mbedtls/port/sha/core/esp_sha256.c.obj'
[819/1044] Building C object 'esp-idf/mbedtls/mbedtls/library/CMakeFiles/mbedcrypto.dir/home/tikhon/Документы/magnolia/esp-idf/components/mbedtls/port/esp_ds/esp_rsa_sign_alt.c.obj'
[797/1044] Building C object 'esp-idf/mbedtls/mbedtls/library/CMakeFiles/mbedcrypto.dir/home/tikhon/Документы/magnolia/esp-idf/components/mbedtls/port/aes/esp_aes_common.c.obj'
[798/1044] Building C object 'esp-idf/mbedtls/mbedtls/library/CMakeFiles/mbedcrypto.dir/home/tikhon/Документы/magnolia/esp-idf/components/mbedtls/port/esp_mem.c.obj'
[820/1044] Building C object 'esp-idf/mbedtls/mbedtls/library/CMakeFiles/mbedcrypto.dir/home/tikhon/Документы/magnolia/esp-idf/components/mbedtls/port/esp_ds/esp_ds_common.c.obj'
[799/1044] Building C object esp-idf/mbedtls/mbedtls/library/CMakeFiles/mbedcrypto.dir/psa_util.c.obj
[821/1044] Building C object 'esp-idf/mbedtls/mbedtls/library/CMakeFiles/mbedcrypto.dir/home/tikhon/Документы/magnolia/esp-idf/components/mbedtls/port/sha/core/esp_sha512.c.obj'
[822/1044] Building C object esp-idf/mbedtls/mbedtls/3rdparty/everest/CMakeFiles/everest.dir/library/Hacl_Curve25519_joined.c.obj
[800/1044] Building C object 'esp-idf/mbedtls/mbedtls/library/CMakeFiles/mbedcrypto.dir/home/tikhon/Документы/magnolia/esp-idf/components/mbedtls/port/esp_timing.c.obj'
[823/1044] Building C object esp-idf/mbedtls/mbedtls/3rdparty/everest/CMakeFiles/everest.dir/library/x25519.c.obj
[801/1044] Building C object 'esp-idf/mbedtls/mbedtls/library/CMakeFiles/mbedcrypto.dir/home/tikhon/Документы/magnolia/esp-idf/components/mbedtls/port/esp_hardware.c.obj'
[802/1044] Building C object esp-idf/mbedtls/mbedtls/library/CMakeFiles/mbedcrypto.dir/psa_crypto_slot_management.c.obj
-- Building ESP-IDF components for target esp32s3
Executing action: elf
Running ninja in directory /home/tikhon/Документы/magnolia/applets/zig/zdd/build
Executing "ninja elf"...
[0/2] Re-checking globbed directories...
[1/2] Re-running CMake...
-- Minimal build - OFF
[824/1044] Building C object esp-idf/mbedtls/mbedtls/3rdparty/p256-m/CMakeFiles/p256m.dir/p256-m_driver_entrypoints.c.obj
[803/1044] Building C object 'esp-idf/mbedtls/mbedtls/library/CMakeFiles/mbedcrypto.dir/home/tikhon/Документы/magnolia/esp-idf/components/mbedtls/port/aes/esp_aes_xts.c.obj'
[804/1044] Building C object 'esp-idf/mbedtls/mbedtls/library/CMakeFiles/mbedcrypto.dir/home/tikhon/Документы/magnolia/esp-idf/components/mbedtls/port/sha/esp_sha.c.obj'
[805/1044] Building C object 'esp-idf/mbedtls/mbedtls/library/CMakeFiles/mbedcrypto.dir/home/tikhon/Документы/magnolia/esp-idf/components/mbedtls/port/crypto_shared_gdma/esp_crypto_shared_gdma.c.obj'
[806/1044] Building C object 'esp-idf/mbedtls/mbedtls/library/CMakeFiles/mbedcrypto.dir/home/tikhon/Документы/magnolia/esp-idf/components/mbedtls/port/md/esp_md.c.obj'
[807/1044] Linking CXX static library esp-idf/mbedtls/mbedtls/library/libmbedx509.a
[808/1044] Building C object 'esp-idf/mbedtls/mbedtls/library/CMakeFiles/mbedcrypto.dir/home/tikhon/Документы/magnolia/esp-idf/components/mbedtls/port/esp_ds/esp_rsa_sign_alt.c.obj'
[809/1044] Building C object 'esp-idf/mbedtls/mbedtls/library/CMakeFiles/mbedcrypto.dir/home/tikhon/Документы/magnolia/esp-idf/components/mbedtls/port/sha/core/esp_sha256.c.obj'
[810/1044] Building C object 'esp-idf/mbedtls/mbedtls/library/CMakeFiles/mbedcrypto.dir/home/tikhon/Документы/magnolia/esp-idf/components/mbedtls/port/bignum/bignum_alt.c.obj'
[811/1044] Building C object 'esp-idf/mbedtls/mbedtls/library/CMakeFiles/mbedcrypto.dir/home/tikhon/Документы/magnolia/esp-idf/components/mbedtls/port/sha/core/esp_sha1.c.obj'
[812/1044] Building C object esp-idf/mbedtls/mbedtls/library/CMakeFiles/mbedcrypto.dir/sha3.c.obj
-- Building ESP-IDF components for target esp32s3
[825/1044] Building C object 'esp-idf/mbedtls/mbedtls/library/CMakeFiles/mbedcrypto.dir/home/tikhon/Документы/magnolia/esp-idf/components/mbedtls/port/aes/esp_aes_gcm.c.obj'
[813/1044] Building C object 'esp-idf/mbedtls/mbedtls/library/CMakeFiles/mbedcrypto.dir/home/tikhon/Документы/magnolia/esp-idf/components/mbedtls/port/esp_ds/esp_rsa_dec_alt.c.obj'
-- Compiler supported targets: xtensa-esp-elf
[814/1044] Building C object esp-idf/mbedtls/mbedtls/3rdparty/everest/CMakeFiles/everest.dir/library/Hacl_Curve25519_joined.c.obj
[815/1044] Building C object 'esp-idf/mbedtls/mbedtls/library/CMakeFiles/mbedcrypto.dir/home/tikhon/Документы/magnolia/esp-idf/components/mbedtls/port/bignum/esp_bignum.c.obj'
[816/1044] Building C object 'esp-idf/mbedtls/mbedtls/library/CMakeFiles/mbedcrypto.dir/home/tikhon/Документы/magnolia/esp-idf/components/mbedtls/port/esp_ds/esp_ds_common.c.obj'
[817/1044] Building C object esp-idf/mbedtls/mbedtls/3rdparty/everest/CMakeFiles/everest.dir/library/x25519.c.obj
[818/1044] Building C object 'esp-idf/mbedtls/mbedtls/library/CMakeFiles/mbedcrypto.dir/home/tikhon/Документы/magnolia/esp-idf/components/mbedtls/port/aes/dma/esp_aes_dma_core.c.obj'
[819/1044] Building C object esp-idf/mbedtls/mbedtls/3rdparty/p256-m/CMakeFiles/p256m.dir/p256-m/p256-m.c.obj
[820/1044] Building C object esp-idf/mbedtls/mbedtls/3rdparty/everest/CMakeFiles/everest.dir/library/everest.c.obj
[821/1044] Building C object 'esp-idf/mbedtls/mbedtls/library/CMakeFiles/mbedcrypto.dir/home/tikhon/Документы/magnolia/esp-idf/components/mbedtls/port/sha/core/esp_sha512.c.obj'
[822/1044] Building C object 'esp-idf/mbedtls/mbedtls/library/CMakeFiles/mbedcrypto.dir/home/tikhon/Документы/magnolia/esp-idf/components/mbedtls/port/aes/esp_aes_gcm.c.obj'
[823/1044] Building C object 'esp-idf/mbedtls/mbedtls/library/CMakeFiles/mbedcrypto.dir/home/tikhon/Документы/magnolia/esp-idf/components/mbedtls/port/aes/dma/esp_aes.c.obj'
[824/1044] Building C object esp-idf/mbedtls/mbedtls/3rdparty/p256-m/CMakeFiles/p256m.dir/p256-m_driver_entrypoints.c.obj
[825/1044] Building C object 'esp-idf/mbedtls/mbedtls/library/CMakeFiles/mbedcrypto.dir/home/tikhon/Документы/magnolia/esp-idf/components/mbedtls/port/sha/core/sha.c.obj'
Applet goxxd OK -> /home/tikhon/Документы/magnolia/rootfs/bin/goxxd
Building applet zhexdump -> zhexdump ...
[827/1044] Building C object esp-idf/mbedtls/mbedtls/library/CMakeFiles/mbedcrypto.dir/psa_crypto.c.obj
+ idf.py elf
[826/1044] Building C object esp-idf/mbedtls/mbedtls/library/CMakeFiles/mbedcrypto.dir/rsa.c.obj
-- Generating done (1.6s)
-- Build files have been written to: /home/tikhon/Документы/magnolia/applets/go/pwd/build
[826/1044] Building C object esp-idf/mbedtls/mbedtls/library/CMakeFiles/mbedcrypto.dir/rsa.c.obj
-- App "dd" version: c092b7f-dirty
[828/1044] Linking CXX static library esp-idf/mbedtls/mbedtls/library/libmbedcrypto.a
[829/1044] Linking CXX static library esp-idf/mbedtls/mbedtls/3rdparty/p256-m/libp256m.a
[830/1044] Linking CXX static library esp-idf/mbedtls/mbedtls/3rdparty/everest/libeverest.a
-- Compiler supported targets: xtensa-esp-elf
-- Components: app_trace app_update bootloader bootloader_support bt cmock console cxx driver efuse esp-tls esp_adc esp_app_format esp_bootloader_format esp_coex esp_common esp_driver_ana_cmpr esp_driver_bitscrambler esp_driver_cam esp_driver_dac esp_driver_gpio esp_driver_gptimer esp_driver_i2c esp_driver_i2s esp_driver_i3c esp_driver_isp esp_driver_jpeg esp_driver_ledc esp_driver_mcpwm esp_driver_parlio esp_driver_pcnt esp_driver_ppa esp_driver_rmt esp_driver_sd_intf esp_driver_sdio esp_driver_sdm esp_driver_sdmmc esp_driver_sdspi esp_driver_spi esp_driver_touch_sens esp_driver_tsens esp_driver_twai esp_driver_uart esp_driver_usb_serial_jtag esp_eth esp_event esp_gdbstub esp_hid esp_http_client esp_http_server esp_https_ota esp_https_server esp_hw_support esp_lcd esp_local_ctrl esp_mm esp_netif esp_netif_stack esp_partition esp_phy esp_pm esp_psram esp_ringbuf esp_rom esp_security esp_system esp_timer esp_vfs_console esp_wifi espcoredump espressif__cmake_utilities espressif__elf_loader esptool_py fatfs freertos hal heap http_parser idf_test ieee802154 json log lwip main mbedtls mqtt newlib nvs_flash nvs_sec_provider openthread partition_table perfmon protobuf-c protocomm pthread rt sdmmc soc spi_flash spiffs tcp_transport touch_element ulp unity usb vfs wear_levelling wifi_provisioning wpa_supplicant xtensa
-- Component paths: /home/tikhon/Документы/magnolia/esp-idf/components/app_trace /home/tikhon/Документы/magnolia/esp-idf/components/app_update /home/tikhon/Документы/magnolia/esp-idf/components/bootloader /home/tikhon/Документы/magnolia/esp-idf/components/bootloader_support /home/tikhon/Документы/magnolia/esp-idf/components/bt /home/tikhon/Документы/magnolia/esp-idf/components/cmock /home/tikhon/Документы/magnolia/esp-idf/components/console /home/tikhon/Документы/magnolia/esp-idf/components/cxx /home/tikhon/Документы/magnolia/esp-idf/components/driver /home/tikhon/Документы/magnolia/esp-idf/components/efuse /home/tikhon/Документы/magnolia/esp-idf/components/esp-tls /home/tikhon/Документы/magnolia/esp-idf/components/esp_adc /home/tikhon/Документы/magnolia/esp-idf/components/esp_app_format /home/tikhon/Документы/magnolia/esp-idf/components/esp_bootloader_format /home/tikhon/Документы/magnolia/esp-idf/components/esp_coex /home/tikhon/Документы/magnolia/esp-idf/components/esp_common /home/tikhon/Документы/magnolia/esp-idf/components/esp_driver_ana_cmpr /home/tikhon/Документы/magnolia/esp-idf/components/esp_driver_bitscrambler /home/tikhon/Документы/magnolia/esp-idf/components/esp_driver_cam /home/tikhon/Документы/magnolia/esp-idf/components/esp_driver_dac /home/tikhon/Документы/magnolia/esp-idf/components/esp_driver_gpio /home/tikhon/Документы/magnolia/esp-idf/components/esp_driver_gptimer /home/tikhon/Документы/magnolia/esp-idf/components/esp_driver_i2c /home/tikhon/Документы/magnolia/esp-idf/components/esp_driver_i2s /home/tikhon/Документы/magnolia/esp-idf/components/esp_driver_i3c /home/tikhon/Документы/magnolia/esp-idf/components/esp_driver_isp /home/tikhon/Документы/magnolia/esp-idf/components/esp_driver_jpeg /home/tikhon/Документы/magnolia/esp-idf/components/esp_driver_ledc /home/tikhon/Документы/magnolia/esp-idf/components/esp_driver_mcpwm /home/tikhon/Документы/magnolia/esp-idf/components/esp_driver_parlio /home/tikhon/Документы/magnolia/esp-idf/components/esp_driver_pcnt /home/tikhon/Документы/magnolia/esp-idf/components/esp_driver_ppa /home/tikhon/Документы/magnolia/esp-idf/components/esp_driver_rmt /home/tikhon/Документы/magnolia/esp-idf/components/esp_driver_sd_intf /home/tikhon/Документы/magnolia/esp-idf/components/esp_driver_sdio /home/tikhon/Документы/magnolia/esp-idf/components/esp_driver_sdm /home/tikhon/Документы/magnolia/esp-idf/components/esp_driver_sdmmc /home/tikhon/Документы/magnolia/esp-idf/components/esp_driver_sdspi /home/tikhon/Документы/magnolia/esp-idf/components/esp_driver_spi /home/tikhon/Документы/magnolia/esp-idf/components/esp_driver_touch_sens /home/tikhon/Документы/magnolia/esp-idf/components/esp_driver_tsens /home/tikhon/Документы/magnolia/esp-idf/components/esp_driver_twai /home/tikhon/Документы/magnolia/esp-idf/components/esp_driver_uart /home/tikhon/Документы/magnolia/esp-idf/components/esp_driver_usb_serial_jtag /home/tikhon/Документы/magnolia/esp-idf/components/esp_eth /home/tikhon/Документы/magnolia/esp-idf/components/esp_event /home/tikhon/Документы/magnolia/esp-idf/components/esp_gdbstub /home/tikhon/Документы/magnolia/esp-idf/components/esp_hid /home/tikhon/Документы/magnolia/esp-idf/components/esp_http_client /home/tikhon/Документы/magnolia/esp-idf/components/esp_http_server /home/tikhon/Документы/magnolia/esp-idf/components/esp_https_ota /home/tikhon/Документы/magnolia/esp-idf/components/esp_https_server /home/tikhon/Документы/magnolia/esp-idf/components/esp_hw_support /home/tikhon/Документы/magnolia/esp-idf/components/esp_lcd /home/tikhon/Документы/magnolia/esp-idf/components/esp_local_ctrl /home/tikhon/Документы/magnolia/esp-idf/components/esp_mm /home/tikhon/Документы/magnolia/esp-idf/components/esp_netif /home/tikhon/Документы/magnolia/esp-idf/components/esp_netif_stack /home/tikhon/Документы/magnolia/esp-idf/components/esp_partition /home/tikhon/Документы/magnolia/esp-idf/components/esp_phy /home/tikhon/Документы/magnolia/esp-idf/components/esp_pm /home/tikhon/Документы/magnolia/esp-idf/components/esp_psram /home/tikhon/Документы/magnolia/esp-idf/components/esp_ringbuf /home/tikhon/Документы/magnolia/esp-idf/components/esp_rom /home/tikhon/Документы/magnolia/esp-idf/components/esp_security /home/tikhon/Документы/magnolia/esp-idf/components/esp_system /home/tikhon/Документы/magnolia/esp-idf/components/esp_timer /home/tikhon/Документы/magnolia/esp-idf/components/esp_vfs_console /home/tikhon/Документы/magnolia/esp-idf/components/esp_wifi /home/tikhon/Документы/magnolia/esp-idf/components/espcoredump /home/tikhon/Документы/magnolia/applets/go/uname/managed_components/espressif__cmake_utilities /home/tikhon/Документы/magnolia/applets/go/uname/managed_components/espressif__elf_loader /home/tikhon/Документы/magnolia/esp-idf/components/esptool_py /home/tikhon/Документы/magnolia/esp-idf/components/fatfs /home/tikhon/Документы/magnolia/esp-idf/components/freertos /home/tikhon/Документы/magnolia/esp-idf/components/hal /home/tikhon/Документы/magnolia/esp-idf/components/heap /home/tikhon/Документы/magnolia/esp-idf/components/http_parser /home/tikhon/Документы/magnolia/esp-idf/components/idf_test /home/tikhon/Документы/magnolia/esp-idf/components/ieee802154 /home/tikhon/Документы/magnolia/esp-idf/components/json /home/tikhon/Документы/magnolia/esp-idf/components/log /home/tikhon/Документы/magnolia/esp-idf/components/lwip /home/tikhon/Документы/magnolia/applets/go/uname/main /home/tikhon/Документы/magnolia/esp-idf/components/mbedtls /home/tikhon/Документы/magnolia/esp-idf/components/mqtt /home/tikhon/Документы/magnolia/esp-idf/components/newlib /home/tikhon/Документы/magnolia/esp-idf/components/nvs_flash /home/tikhon/Документы/magnolia/esp-idf/components/nvs_sec_provider /home/tikhon/Документы/magnolia/esp-idf/components/openthread /home/tikhon/Документы/magnolia/esp-idf/components/partition_table /home/tikhon/Документы/magnolia/esp-idf/components/perfmon /home/tikhon/Документы/magnolia/esp-idf/components/protobuf-c /home/tikhon/Документы/magnolia/esp-idf/components/protocomm /home/tikhon/Документы/magnolia/esp-idf/components/pthread /home/tikhon/Документы/magnolia/esp-idf/components/rt /home/tikhon/Документы/magnolia/esp-idf/components/sdmmc /home/tikhon/Документы/magnolia/esp-idf/components/soc /home/tikhon/Документы/magnolia/esp-idf/components/spi_flash /home/tikhon/Документы/magnolia/esp-idf/components/spiffs /home/tikhon/Документы/magnolia/esp-idf/components/tcp_transport /home/tikhon/Документы/magnolia/esp-idf/components/touch_element /home/tikhon/Документы/magnolia/esp-idf/components/ulp /home/tikhon/Документы/magnolia/esp-idf/components/unity /home/tikhon/Документы/magnolia/esp-idf/components/usb /home/tikhon/Документы/magnolia/esp-idf/components/vfs /home/tikhon/Документы/magnolia/esp-idf/components/wear_levelling /home/tikhon/Документы/magnolia/esp-idf/components/wifi_provisioning /home/tikhon/Документы/magnolia/esp-idf/components/wpa_supplicant /home/tikhon/Документы/magnolia/esp-idf/components/xtensa
-- Configuring done (18.1s)
[0/4] Re-checking globbed directories...
-- Components: app_trace app_update bootloader bootloader_support bt cmock console cxx driver efuse esp-tls esp_adc esp_app_format esp_bootloader_format esp_coex esp_common esp_driver_ana_cmpr esp_driver_bitscrambler esp_driver_cam esp_driver_dac esp_driver_gpio esp_driver_gptimer esp_driver_i2c esp_driver_i2s esp_driver_i3c esp_driver_isp esp_driver_jpeg esp_driver_ledc esp_driver_mcpwm esp_driver_parlio esp_driver_pcnt esp_driver_ppa esp_driver_rmt esp_driver_sd_intf esp_driver_sdio esp_driver_sdm esp_driver_sdmmc esp_driver_sdspi esp_driver_spi esp_driver_touch_sens esp_driver_tsens esp_driver_twai esp_driver_uart esp_driver_usb_serial_jtag esp_eth esp_event esp_gdbstub esp_hid esp_http_client esp_http_server esp_https_ota esp_https_server esp_hw_support esp_lcd esp_local_ctrl esp_mm esp_netif esp_netif_stack esp_partition esp_phy esp_pm esp_psram esp_ringbuf esp_rom esp_security esp_system esp_timer esp_vfs_console esp_wifi espcoredump espressif__cmake_utilities espressif__elf_loader esptool_py fatfs freertos hal heap http_parser idf_test ieee802154 json log lwip main mbedtls mqtt newlib nvs_flash nvs_sec_provider openthread partition_table perfmon protobuf-c protocomm pthread rt sdmmc soc spi_flash spiffs tcp_transport touch_element ulp unity usb vfs wear_levelling wifi_provisioning wpa_supplicant xtensa
-- Component paths: /home/tikhon/Документы/magnolia/esp-idf/components/app_trace /home/tikhon/Документы/magnolia/esp-idf/components/app_update /home/tikhon/Документы/magnolia/esp-idf/components/bootloader /home/tikhon/Документы/magnolia/esp-idf/components/bootloader_support /home/tikhon/Документы/magnolia/esp-idf/components/bt /home/tikhon/Документы/magnolia/esp-idf/components/cmock /home/tikhon/Документы/magnolia/esp-idf/components/console /home/tikhon/Документы/magnolia/esp-idf/components/cxx /home/tikhon/Документы/magnolia/esp-idf/components/driver /home/tikhon/Документы/magnolia/esp-idf/components/efuse /home/tikhon/Документы/magnolia/esp-idf/components/esp-tls /home/tikhon/Документы/magnolia/esp-idf/components/esp_adc /home/tikhon/Документы/magnolia/esp-idf/components/esp_app_format /home/tikhon/Документы/magnolia/esp-idf/components/esp_bootloader_format /home/tikhon/Документы/magnolia/esp-idf/components/esp_coex /home/tikhon/Документы/magnolia/esp-idf/components/esp_common /home/tikhon/Документы/magnolia/esp-idf/components/esp_driver_ana_cmpr /home/tikhon/Документы/magnolia/esp-idf/components/esp_driver_bitscrambler /home/tikhon/Документы/magnolia/esp-idf/components/esp_driver_cam /home/tikhon/Документы/magnolia/esp-idf/components/esp_driver_dac /home/tikhon/Документы/magnolia/esp-idf/components/esp_driver_gpio /home/tikhon/Документы/magnolia/esp-idf/components/esp_driver_gptimer /home/tikhon/Документы/magnolia/esp-idf/components/esp_driver_i2c /home/tikhon/Документы/magnolia/esp-idf/components/esp_driver_i2s /home/tikhon/Документы/magnolia/esp-idf/components/esp_driver_i3c /home/tikhon/Документы/magnolia/esp-idf/components/esp_driver_isp /home/tikhon/Документы/magnolia/esp-idf/components/esp_driver_jpeg /home/tikhon/Документы/magnolia/esp-idf/components/esp_driver_ledc /home/tikhon/Документы/magnolia/esp-idf/components/esp_driver_mcpwm /home/tikhon/Документы/magnolia/esp-idf/components/esp_driver_parlio /home/tikhon/Документы/magnolia/esp-idf/components/esp_driver_pcnt /home/tikhon/Документы/magnolia/esp-idf/components/esp_driver_ppa /home/tikhon/Документы/magnolia/esp-idf/components/esp_driver_rmt /home/tikhon/Документы/magnolia/esp-idf/components/esp_driver_sd_intf /home/tikhon/Документы/magnolia/esp-idf/components/esp_driver_sdio /home/tikhon/Документы/magnolia/esp-idf/components/esp_driver_sdm /home/tikhon/Документы/magnolia/esp-idf/components/esp_driver_sdmmc /home/tikhon/Документы/magnolia/esp-idf/components/esp_driver_sdspi /home/tikhon/Документы/magnolia/esp-idf/components/esp_driver_spi /home/tikhon/Документы/magnolia/esp-idf/components/esp_driver_touch_sens /home/tikhon/Документы/magnolia/esp-idf/components/esp_driver_tsens /home/tikhon/Документы/magnolia/esp-idf/components/esp_driver_twai /home/tikhon/Документы/magnolia/esp-idf/components/esp_driver_uart /home/tikhon/Документы/magnolia/esp-idf/components/esp_driver_usb_serial_jtag /home/tikhon/Документы/magnolia/esp-idf/components/esp_eth /home/tikhon/Документы/magnolia/esp-idf/components/esp_event /home/tikhon/Документы/magnolia/esp-idf/components/esp_gdbstub /home/tikhon/Документы/magnolia/esp-idf/components/esp_hid /home/tikhon/Документы/magnolia/esp-idf/components/esp_http_client /home/tikhon/Документы/magnolia/esp-idf/components/esp_http_server /home/tikhon/Документы/magnolia/esp-idf/components/esp_https_ota /home/tikhon/Документы/magnolia/esp-idf/components/esp_https_server /home/tikhon/Документы/magnolia/esp-idf/components/esp_hw_support /home/tikhon/Документы/magnolia/esp-idf/components/esp_lcd /home/tikhon/Документы/magnolia/esp-idf/components/esp_local_ctrl /home/tikhon/Документы/magnolia/esp-idf/components/esp_mm /home/tikhon/Документы/magnolia/esp-idf/components/esp_netif /home/tikhon/Документы/magnolia/esp-idf/components/esp_netif_stack /home/tikhon/Документы/magnolia/esp-idf/components/esp_partition /home/tikhon/Документы/magnolia/esp-idf/components/esp_phy /home/tikhon/Документы/magnolia/esp-idf/components/esp_pm /home/tikhon/Документы/magnolia/esp-idf/components/esp_psram /home/tikhon/Документы/magnolia/esp-idf/components/esp_ringbuf /home/tikhon/Документы/magnolia/esp-idf/components/esp_rom /home/tikhon/Документы/magnolia/esp-idf/components/esp_security /home/tikhon/Документы/magnolia/esp-idf/components/esp_system /home/tikhon/Документы/magnolia/esp-idf/components/esp_timer /home/tikhon/Документы/magnolia/esp-idf/components/esp_vfs_console /home/tikhon/Документы/magnolia/esp-idf/components/esp_wifi /home/tikhon/Документы/magnolia/esp-idf/components/espcoredump /home/tikhon/Документы/magnolia/applets/go/sleep/managed_components/espressif__cmake_utilities /home/tikhon/Документы/magnolia/applets/go/sleep/managed_components/espressif__elf_loader /home/tikhon/Документы/magnolia/esp-idf/components/esptool_py /home/tikhon/Документы/magnolia/esp-idf/components/fatfs /home/tikhon/Документы/magnolia/esp-idf/components/freertos /home/tikhon/Документы/magnolia/esp-idf/components/hal /home/tikhon/Документы/magnolia/esp-idf/components/heap /home/tikhon/Документы/magnolia/esp-idf/components/http_parser /home/tikhon/Документы/magnolia/esp-idf/components/idf_test /home/tikhon/Документы/magnolia/esp-idf/components/ieee802154 /home/tikhon/Документы/magnolia/esp-idf/components/json /home/tikhon/Документы/magnolia/esp-idf/components/log /home/tikhon/Документы/magnolia/esp-idf/components/lwip /home/tikhon/Документы/magnolia/applets/go/sleep/main /home/tikhon/Документы/magnolia/esp-idf/components/mbedtls /home/tikhon/Документы/magnolia/esp-idf/components/mqtt /home/tikhon/Документы/magnolia/esp-idf/components/newlib /home/tikhon/Документы/magnolia/esp-idf/components/nvs_flash /home/tikhon/Документы/magnolia/esp-idf/components/nvs_sec_provider /home/tikhon/Документы/magnolia/esp-idf/components/openthread /home/tikhon/Документы/magnolia/esp-idf/components/partition_table /home/tikhon/Документы/magnolia/esp-idf/components/perfmon /home/tikhon/Документы/magnolia/esp-idf/components/protobuf-c /home/tikhon/Документы/magnolia/esp-idf/components/protocomm /home/tikhon/Документы/magnolia/esp-idf/components/pthread /home/tikhon/Документы/magnolia/esp-idf/components/rt /home/tikhon/Документы/magnolia/esp-idf/components/sdmmc /home/tikhon/Документы/magnolia/esp-idf/components/soc /home/tikhon/Документы/magnolia/esp-idf/components/spi_flash /home/tikhon/Документы/magnolia/esp-idf/components/spiffs /home/tikhon/Документы/magnolia/esp-idf/components/tcp_transport /home/tikhon/Документы/magnolia/esp-idf/components/touch_element /home/tikhon/Документы/magnolia/esp-idf/components/ulp /home/tikhon/Документы/magnolia/esp-idf/components/unity /home/tikhon/Документы/magnolia/esp-idf/components/usb /home/tikhon/Документы/magnolia/esp-idf/components/vfs /home/tikhon/Документы/magnolia/esp-idf/components/wear_levelling /home/tikhon/Документы/magnolia/esp-idf/components/wifi_provisioning /home/tikhon/Документы/magnolia/esp-idf/components/wpa_supplicant /home/tikhon/Документы/magnolia/esp-idf/components/xtensa
NOTICE: Processing 1 dependencies:
NOTICE: [1/1] idf (6.0.0)
-- Configuring done (19.0s)
[831/1044] Generating x509_crt_bundle
NOTICE: Processing 1 dependencies:
NOTICE: [1/1] idf (6.0.0)
-- Minimal build - OFF
[1/8] Building C object esp-idf/esp_app_format/CMakeFiles/__idf_esp_app_format.dir/esp_app_desc.c.obj
[2/8] Linking C static library esp-idf/esp_app_format/libesp_app_format.a
-- Building ESP-IDF components for target esp32s3
-- App "hexdump" version: c092b7f-dirty
-- USING O3
[827/1044] Building C object esp-idf/mbedtls/mbedtls/library/CMakeFiles/mbedcrypto.dir/psa_crypto.c.obj
[832/1044] Generating ../../x509_crt_bundle.S
[827/1044] Building C object esp-idf/mbedtls/mbedtls/library/CMakeFiles/mbedcrypto.dir/psa_crypto.c.obj
-- Adding linker script /home/tikhon/Документы/magnolia/applets/rust/rdd/build/esp-idf/esp_system/ld/memory.ld
-- Adding linker script /home/tikhon/Документы/magnolia/applets/rust/rdd/build/esp-idf/esp_system/ld/sections.ld.in
-- Adding linker script /home/tikhon/Документы/magnolia/esp-idf/components/esp_rom/esp32s3/ld/esp32s3.rom.ld
-- Adding linker script /home/tikhon/Документы/magnolia/esp-idf/components/esp_rom/esp32s3/ld/esp32s3.rom.api.ld
-- Adding linker script /home/tikhon/Документы/magnolia/esp-idf/components/esp_rom/esp32s3/ld/esp32s3.rom.bt_funcs.ld
-- Adding linker script /home/tikhon/Документы/magnolia/esp-idf/components/esp_rom/esp32s3/ld/esp32s3.rom.libgcc.ld
-- Adding linker script /home/tikhon/Документы/magnolia/esp-idf/components/esp_rom/esp32s3/ld/esp32s3.rom.wdt.ld
-- Adding linker script /home/tikhon/Документы/magnolia/esp-idf/components/esp_rom/esp32s3/ld/esp32s3.rom.version.ld
-- Adding linker script /home/tikhon/Документы/magnolia/esp-idf/components/esp_rom/esp32s3/ld/esp32s3.rom.ble_master.ld
-- Adding linker script /home/tikhon/Документы/magnolia/esp-idf/components/esp_rom/esp32s3/ld/esp32s3.rom.ble_50.ld
-- Adding linker script /home/tikhon/Документы/magnolia/esp-idf/components/esp_rom/esp32s3/ld/esp32s3.rom.ble_smp.ld
-- Adding linker script /home/tikhon/Документы/magnolia/esp-idf/components/esp_rom/esp32s3/ld/esp32s3.rom.ble_dtm.ld
-- Adding linker script /home/tikhon/Документы/magnolia/esp-idf/components/esp_rom/esp32s3/ld/esp32s3.rom.ble_test.ld
-- Adding linker script /home/tikhon/Документы/magnolia/esp-idf/components/esp_rom/esp32s3/ld/esp32s3.rom.ble_scan.ld
-- Adding linker script /home/tikhon/Документы/magnolia/esp-idf/components/esp_rom/esp32s3/ld/esp32s3.rom.libc.ld
-- Adding linker script /home/tikhon/Документы/magnolia/esp-idf/components/esp_rom/esp32s3/ld/esp32s3.rom.newlib.ld
[833/1044] Building C object esp-idf/esp_pm/CMakeFiles/__idf_esp_pm.dir/pm_trace.c.obj
[834/1044] Building ASM object esp-idf/mbedtls/CMakeFiles/__idf_mbedtls.dir/__/__/x509_crt_bundle.S.obj
[835/1044] Building C object esp-idf/esp_driver_gpio/CMakeFiles/__idf_esp_driver_gpio.dir/src/gpio_glitch_filter_ops.c.obj
-- Adding linker script /home/tikhon/Документы/magnolia/esp-idf/components/soc/esp32s3/ld/esp32s3.peripherals.ld
[836/1044] Building C object esp-idf/esp_security/CMakeFiles/__idf_esp_security.dir/src/esp_crypto_lock.c.obj
-- ESP-TEE is currently supported only on the esp32c6;esp32h2;esp32c5 SoCs
[837/1044] Building C object esp-idf/efuse/CMakeFiles/__idf_efuse.dir/esp32s3/esp_efuse_table.c.obj
[838/1044] Building C object esp-idf/esp_security/CMakeFiles/__idf_esp_security.dir/src/init.c.obj
[839/1044] Building C object esp-idf/esp_pm/CMakeFiles/__idf_esp_pm.dir/pm_locks.c.obj
[840/1044] Building C object esp-idf/efuse/CMakeFiles/__idf_efuse.dir/esp32s3/esp_efuse_rtc_calib.c.obj
-- Components: app_trace app_update bootloader bootloader_support bt cmock console cxx driver efuse esp-tls esp_adc esp_app_format esp_bootloader_format esp_coex esp_common esp_driver_ana_cmpr esp_driver_bitscrambler esp_driver_cam esp_driver_dac esp_driver_gpio esp_driver_gptimer esp_driver_i2c esp_driver_i2s esp_driver_i3c esp_driver_isp esp_driver_jpeg esp_driver_ledc esp_driver_mcpwm esp_driver_parlio esp_driver_pcnt esp_driver_ppa esp_driver_rmt esp_driver_sd_intf esp_driver_sdio esp_driver_sdm esp_driver_sdmmc esp_driver_sdspi esp_driver_spi esp_driver_touch_sens esp_driver_tsens esp_driver_twai esp_driver_uart esp_driver_usb_serial_jtag esp_eth esp_event esp_gdbstub esp_hid esp_http_client esp_http_server esp_https_ota esp_https_server esp_hw_support esp_lcd esp_local_ctrl esp_mm esp_netif esp_netif_stack esp_partition esp_phy esp_pm esp_psram esp_ringbuf esp_rom esp_security esp_system esp_timer esp_vfs_console esp_wifi espcoredump esptool_py fatfs freertos hal heap http_parser idf_test ieee802154 json log lwip main mbedtls mqtt newlib nvs_flash nvs_sec_provider openthread partition_table perfmon protobuf-c protocomm pthread rt sdmmc soc spi_flash spiffs tcp_transport touch_element ulp unity usb vfs wear_levelling wifi_provisioning wpa_supplicant xtensa
-- Component paths: /home/tikhon/Документы/magnolia/esp-idf/components/app_trace /home/tikhon/Документы/magnolia/esp-idf/components/app_update /home/tikhon/Документы/magnolia/esp-idf/components/bootloader /home/tikhon/Документы/magnolia/esp-idf/components/bootloader_support /home/tikhon/Документы/magnolia/esp-idf/components/bt /home/tikhon/Документы/magnolia/esp-idf/components/cmock /home/tikhon/Документы/magnolia/esp-idf/components/console /home/tikhon/Документы/magnolia/esp-idf/components/cxx /home/tikhon/Документы/magnolia/esp-idf/components/driver /home/tikhon/Документы/magnolia/esp-idf/components/efuse /home/tikhon/Документы/magnolia/esp-idf/components/esp-tls /home/tikhon/Документы/magnolia/esp-idf/components/esp_adc /home/tikhon/Документы/magnolia/esp-idf/components/esp_app_format /home/tikhon/Документы/magnolia/esp-idf/components/esp_bootloader_format /home/tikhon/Документы/magnolia/esp-idf/components/esp_coex /home/tikhon/Документы/magnolia/esp-idf/components/esp_common /home/tikhon/Документы/magnolia/esp-idf/components/esp_driver_ana_cmpr /home/tikhon/Документы/magnolia/esp-idf/components/esp_driver_bitscrambler /home/tikhon/Документы/magnolia/esp-idf/components/esp_driver_cam /home/tikhon/Документы/magnolia/esp-idf/components/esp_driver_dac /home/tikhon/Документы/magnolia/esp-idf/components/esp_driver_gpio /home/tikhon/Документы/magnolia/esp-idf/components/esp_driver_gptimer /home/tikhon/Документы/magnolia/esp-idf/components/esp_driver_i2c /home/tikhon/Документы/magnolia/esp-idf/components/esp_driver_i2s /home/tikhon/Документы/magnolia/esp-idf/components/esp_driver_i3c /home/tikhon/Документы/magnolia/esp-idf/components/esp_driver_isp /home/tikhon/Документы/magnolia/esp-idf/components/esp_driver_jpeg /home/tikhon/Документы/magnolia/esp-idf/components/esp_driver_ledc /home/tikhon/Документы/magnolia/esp-idf/components/esp_driver_mcpwm /home/tikhon/Документы/magnolia/esp-idf/components/esp_driver_parlio /home/tikhon/Документы/magnolia/esp-idf/components/esp_driver_pcnt /home/tikhon/Документы/magnolia/esp-idf/components/esp_driver_ppa /home/tikhon/Документы/magnolia/esp-idf/components/esp_driver_rmt /home/tikhon/Документы/magnolia/esp-idf/components/esp_driver_sd_intf /home/tikhon/Документы/magnolia/esp-idf/components/esp_driver_sdio /home/tikhon/Документы/magnolia/esp-idf/components/esp_driver_sdm /home/tikhon/Документы/magnolia/esp-idf/components/esp_driver_sdmmc /home/tikhon/Документы/magnolia/esp-idf/components/esp_driver_sdspi /home/tikhon/Документы/magnolia/esp-idf/components/esp_driver_spi /home/tikhon/Документы/magnolia/esp-idf/components/esp_driver_touch_sens /home/tikhon/Документы/magnolia/esp-idf/components/esp_driver_tsens /home/tikhon/Документы/magnolia/esp-idf/components/esp_driver_twai /home/tikhon/Документы/magnolia/esp-idf/components/esp_driver_uart /home/tikhon/Документы/magnolia/esp-idf/components/esp_driver_usb_serial_jtag /home/tikhon/Документы/magnolia/esp-idf/components/esp_eth /home/tikhon/Документы/magnolia/esp-idf/components/esp_event /home/tikhon/Документы/magnolia/esp-idf/components/esp_gdbstub /home/tikhon/Документы/magnolia/esp-idf/components/esp_hid /home/tikhon/Документы/magnolia/esp-idf/components/esp_http_client /home/tikhon/Документы/magnolia/esp-idf/components/esp_http_server /home/tikhon/Документы/magnolia/esp-idf/components/esp_https_ota /home/tikhon/Документы/magnolia/esp-idf/components/esp_https_server /home/tikhon/Документы/magnolia/esp-idf/components/esp_hw_support /home/tikhon/Документы/magnolia/esp-idf/components/esp_lcd /home/tikhon/Документы/magnolia/esp-idf/components/esp_local_ctrl /home/tikhon/Документы/magnolia/esp-idf/components/esp_mm /home/tikhon/Документы/magnolia/esp-idf/components/esp_netif /home/tikhon/Документы/magnolia/esp-idf/components/esp_netif_stack /home/tikhon/Документы/magnolia/esp-idf/components/esp_partition /home/tikhon/Документы/magnolia/esp-idf/components/esp_phy /home/tikhon/Документы/magnolia/esp-idf/components/esp_pm /home/tikhon/Документы/magnolia/esp-idf/components/esp_psram /home/tikhon/Документы/magnolia/esp-idf/components/esp_ringbuf /home/tikhon/Документы/magnolia/esp-idf/components/esp_rom /home/tikhon/Документы/magnolia/esp-idf/components/esp_security /home/tikhon/Документы/magnolia/esp-idf/components/esp_system /home/tikhon/Документы/magnolia/esp-idf/components/esp_timer /home/tikhon/Документы/magnolia/esp-idf/components/esp_vfs_console /home/tikhon/Документы/magnolia/esp-idf/components/esp_wifi /home/tikhon/Документы/magnolia/esp-idf/components/espcoredump /home/tikhon/Документы/magnolia/esp-idf/components/esptool_py /home/tikhon/Документы/magnolia/esp-idf/components/fatfs /home/tikhon/Документы/magnolia/esp-idf/components/freertos /home/tikhon/Документы/magnolia/esp-idf/components/hal /home/tikhon/Документы/magnolia/esp-idf/components/heap /home/tikhon/Документы/magnolia/esp-idf/components/http_parser /home/tikhon/Документы/magnolia/esp-idf/components/idf_test /home/tikhon/Документы/magnolia/esp-idf/components/ieee802154 /home/tikhon/Документы/magnolia/esp-idf/components/json /home/tikhon/Документы/magnolia/esp-idf/components/log /home/tikhon/Документы/magnolia/esp-idf/components/lwip /home/tikhon/Документы/magnolia/applets/rust/edit/main /home/tikhon/Документы/magnolia/esp-idf/components/mbedtls /home/tikhon/Документы/magnolia/esp-idf/components/mqtt /home/tikhon/Документы/magnolia/esp-idf/components/newlib /home/tikhon/Документы/magnolia/esp-idf/components/nvs_flash /home/tikhon/Документы/magnolia/esp-idf/components/nvs_sec_provider /home/tikhon/Документы/magnolia/esp-idf/components/openthread /home/tikhon/Документы/magnolia/esp-idf/components/partition_table /home/tikhon/Документы/magnolia/esp-idf/components/perfmon /home/tikhon/Документы/magnolia/esp-idf/components/protobuf-c /home/tikhon/Документы/magnolia/esp-idf/components/protocomm /home/tikhon/Документы/magnolia/esp-idf/components/pthread /home/tikhon/Документы/magnolia/esp-idf/components/rt /home/tikhon/Документы/magnolia/esp-idf/components/sdmmc /home/tikhon/Документы/magnolia/esp-idf/components/soc /home/tikhon/Документы/magnolia/esp-idf/components/spi_flash /home/tikhon/Документы/magnolia/esp-idf/components/spiffs /home/tikhon/Документы/magnolia/esp-idf/components/tcp_transport /home/tikhon/Документы/magnolia/esp-idf/components/touch_element /home/tikhon/Документы/magnolia/esp-idf/components/ulp /home/tikhon/Документы/magnolia/esp-idf/components/unity /home/tikhon/Документы/magnolia/esp-idf/components/usb /home/tikhon/Документы/magnolia/esp-idf/components/vfs /home/tikhon/Документы/magnolia/esp-idf/components/wear_levelling /home/tikhon/Документы/magnolia/esp-idf/components/wifi_provisioning /home/tikhon/Документы/magnolia/esp-idf/components/wpa_supplicant /home/tikhon/Документы/magnolia/esp-idf/components/xtensa
-- Project sdkconfig file /home/tikhon/Документы/magnolia/applets/rust/rselftest/sdkconfig
[828/1044] Linking CXX static library esp-idf/mbedtls/mbedtls/library/libmbedcrypto.a
[841/1044] Building C object esp-idf/esp_security/CMakeFiles/__idf_esp_security.dir/src/esp_hmac.c.obj
-- Configuring done (15.1s)
[842/1044] Building C object esp-idf/efuse/CMakeFiles/__idf_efuse.dir/esp32s3/esp_efuse_fields.c.obj
[843/1044] Building C object esp-idf/esp_driver_gpio/CMakeFiles/__idf_esp_driver_gpio.dir/src/gpio_pin_glitch_filter.c.obj
[844/1044] Building C object esp-idf/esp_security/CMakeFiles/__idf_esp_security.dir/src/esp_crypto_periph_clk.c.obj
[845/1044] Building C object esp-idf/efuse/CMakeFiles/__idf_efuse.dir/esp32s3/esp_efuse_utility.c.obj
[829/1044] Linking CXX static library esp-idf/mbedtls/mbedtls/3rdparty/p256-m/libp256m.a
[846/1044] Building C object esp-idf/efuse/CMakeFiles/__idf_efuse.dir/src/esp_efuse_fields.c.obj
-- ESP-TEE is currently supported only on the esp32c6;esp32h2;esp32c5 SoCs
[828/1044] Linking CXX static library esp-idf/mbedtls/mbedtls/library/libmbedcrypto.a
[847/1044] Building C object esp-idf/esp_security/CMakeFiles/__idf_esp_security.dir/src/esp_ds.c.obj
[830/1044] Linking CXX static library esp-idf/mbedtls/mbedtls/3rdparty/everest/libeverest.a
[848/1044] Building C object esp-idf/xtensa/CMakeFiles/__idf_xtensa.dir/eri.c.obj
[849/1044] Building C object esp-idf/esp_bootloader_format/CMakeFiles/__idf_esp_bootloader_format.dir/esp_bootloader_desc.c.obj
[850/1044] Building C object esp-idf/esp_pm/CMakeFiles/__idf_esp_pm.dir/pm_impl.c.obj
[851/1044] Building C object esp-idf/app_update/CMakeFiles/__idf_app_update.dir/esp_ota_app_desc.c.obj
[852/1044] Building C object esp-idf/xtensa/CMakeFiles/__idf_xtensa.dir/xt_trax.c.obj
[829/1044] Linking CXX static library esp-idf/mbedtls/mbedtls/3rdparty/p256-m/libp256m.a
-- Generating done (0.8s)
[853/1044] Building ASM object esp-idf/xtensa/CMakeFiles/__idf_xtensa.dir/xtensa_context.S.obj
[854/1044] Building C object esp-idf/mbedtls/CMakeFiles/__idf_mbedtls.dir/esp_crt_bundle/esp_crt_bundle.c.obj
[855/1044] Building C object esp-idf/efuse/CMakeFiles/__idf_efuse.dir/src/esp_efuse_api.c.obj
[856/1044] Building ASM object esp-idf/xtensa/CMakeFiles/__idf_xtensa.dir/xtensa_intr_asm.S.obj
[830/1044] Linking CXX static library esp-idf/mbedtls/mbedtls/3rdparty/everest/libeverest.a
-- Build files have been written to: /home/tikhon/Документы/magnolia/applets/go/true/build
[857/1044] Building C object esp-idf/esp_app_format/CMakeFiles/__idf_esp_app_format.dir/esp_app_desc.c.obj
[858/1044] Building C object esp-idf/efuse/CMakeFiles/__idf_efuse.dir/src/esp_efuse_startup.c.obj
[859/1044] Linking C static library esp-idf/mbedtls/libmbedtls.a
[860/1044] Building C object esp-idf/esp_partition/CMakeFiles/__idf_esp_partition.dir/partition_target.c.obj
[861/1044] Building C object esp-idf/efuse/CMakeFiles/__idf_efuse.dir/src/esp_efuse_utility.c.obj
[862/1044] Building ASM object esp-idf/xtensa/CMakeFiles/__idf_xtensa.dir/xtensa_vectors.S.obj
[863/1044] Building C object esp-idf/esp_driver_gpio/CMakeFiles/__idf_esp_driver_gpio.dir/src/rtc_io.c.obj
[864/1044] Building C object esp-idf/esp_driver_gpio/CMakeFiles/__idf_esp_driver_gpio.dir/src/dedic_gpio.c.obj
[865/1044] Building C object esp-idf/esp_partition/CMakeFiles/__idf_esp_partition.dir/partition.c.obj
[866/1044] Linking C static library esp-idf/esp_pm/libesp_pm.a
[867/1044] Building C object esp-idf/xtensa/CMakeFiles/__idf_xtensa.dir/xtensa_intr.c.obj
[868/1044] Building C object esp-idf/console/CMakeFiles/__idf_console.dir/split_argv.c.obj
[869/1044] Building C object esp-idf/efuse/CMakeFiles/__idf_efuse.dir/src/efuse_controller/keys/with_key_purposes/esp_efuse_api_key.c.obj
[870/1044] Building C object esp-idf/console/CMakeFiles/__idf_console.dir/argtable3/arg_end.c.obj
-- USING O3
[871/1044] Building C object esp-idf/console/CMakeFiles/__idf_console.dir/argtable3/arg_cmd.c.obj
[872/1044] Building C object esp-idf/console/CMakeFiles/__idf_console.dir/esp_console_repl_internal.c.obj
-- Adding linker script /home/tikhon/Документы/magnolia/applets/rust/rhexdump/build/esp-idf/esp_system/ld/memory.ld
[873/1044] Building C object esp-idf/console/CMakeFiles/__idf_console.dir/argtable3/arg_dbl.c.obj
-- Adding linker script /home/tikhon/Документы/magnolia/applets/rust/rhexdump/build/esp-idf/esp_system/ld/sections.ld.in
[874/1044] Building C object esp-idf/console/CMakeFiles/__idf_console.dir/argtable3/arg_dstr.c.obj
[875/1044] Building C object esp-idf/console/CMakeFiles/__idf_console.dir/argtable3/arg_rem.c.obj
[831/1044] Generating x509_crt_bundle
-- Adding linker script /home/tikhon/Документы/magnolia/esp-idf/components/esp_rom/esp32s3/ld/esp32s3.rom.ld
-- Adding linker script /home/tikhon/Документы/magnolia/esp-idf/components/esp_rom/esp32s3/ld/esp32s3.rom.api.ld
-- Adding linker script /home/tikhon/Документы/magnolia/esp-idf/components/esp_rom/esp32s3/ld/esp32s3.rom.bt_funcs.ld
-- Adding linker script /home/tikhon/Документы/magnolia/esp-idf/components/esp_rom/esp32s3/ld/esp32s3.rom.libgcc.ld
-- Adding linker script /home/tikhon/Документы/magnolia/esp-idf/components/esp_rom/esp32s3/ld/esp32s3.rom.wdt.ld
-- Adding linker script /home/tikhon/Документы/magnolia/esp-idf/components/esp_rom/esp32s3/ld/esp32s3.rom.version.ld
-- Adding linker script /home/tikhon/Документы/magnolia/esp-idf/components/esp_rom/esp32s3/ld/esp32s3.rom.ble_master.ld
-- Adding linker script /home/tikhon/Документы/magnolia/esp-idf/components/esp_rom/esp32s3/ld/esp32s3.rom.ble_50.ld
-- Adding linker script /home/tikhon/Документы/magnolia/esp-idf/components/esp_rom/esp32s3/ld/esp32s3.rom.ble_smp.ld
-- Adding linker script /home/tikhon/Документы/magnolia/esp-idf/components/esp_rom/esp32s3/ld/esp32s3.rom.ble_dtm.ld
-- Adding linker script /home/tikhon/Документы/magnolia/esp-idf/components/esp_rom/esp32s3/ld/esp32s3.rom.ble_test.ld
-- Adding linker script /home/tikhon/Документы/magnolia/esp-idf/components/esp_rom/esp32s3/ld/esp32s3.rom.ble_scan.ld
-- Adding linker script /home/tikhon/Документы/magnolia/esp-idf/components/esp_rom/esp32s3/ld/esp32s3.rom.libc.ld
-- Adding linker script /home/tikhon/Документы/magnolia/esp-idf/components/esp_rom/esp32s3/ld/esp32s3.rom.newlib.ld
[876/1044] Building C object esp-idf/console/CMakeFiles/__idf_console.dir/argtable3/arg_lit.c.obj
[877/1044] Building C object esp-idf/console/CMakeFiles/__idf_console.dir/esp_console_common.c.obj
[878/1044] Building C object esp-idf/console/CMakeFiles/__idf_console.dir/argtable3/arg_str.c.obj
[0/4] Re-checking globbed directories...
[879/1044] Building C object esp-idf/console/CMakeFiles/__idf_console.dir/argtable3/arg_file.c.obj
[880/1044] Building C object esp-idf/console/CMakeFiles/__idf_console.dir/argtable3/arg_date.c.obj
-- Adding linker script /home/tikhon/Документы/magnolia/esp-idf/components/soc/esp32s3/ld/esp32s3.peripherals.ld
[881/1044] Building C object esp-idf/console/CMakeFiles/__idf_console.dir/argtable3/arg_int.c.obj
-- Minimal build - OFF
[882/1044] Building C object esp-idf/unity/CMakeFiles/__idf_unity.dir/unity_compat.c.obj
[883/1044] Building C object esp-idf/console/CMakeFiles/__idf_console.dir/argtable3/arg_utils.c.obj
[884/1044] Building C object esp-idf/console/CMakeFiles/__idf_console.dir/commands.c.obj
[885/1044] Building C object esp-idf/console/CMakeFiles/__idf_console.dir/esp_console_repl_chip.c.obj
[886/1044] Building C object esp-idf/console/CMakeFiles/__idf_console.dir/argtable3/arg_hashtable.c.obj
[887/1044] Building C object esp-idf/console/CMakeFiles/__idf_console.dir/linenoise/linenoise.c.obj
[888/1044] Building C object esp-idf/unity/CMakeFiles/__idf_unity.dir/unity_utils_cache.c.obj
-- ELF_LOADER: 1.1.1
[889/1044] Building C object esp-idf/protocomm/CMakeFiles/__idf_protocomm.dir/proto-c/constants.pb-c.c.obj
[890/1044] Building C object esp-idf/unity/CMakeFiles/__idf_unity.dir/unity_utils_freertos.c.obj
[891/1044] Building C object esp-idf/unity/CMakeFiles/__idf_unity.dir/unity_runner.c.obj
-- Building ESP-IDF components for target esp32s3
[892/1044] Building C object esp-idf/protocomm/CMakeFiles/__idf_protocomm.dir/proto-c/session.pb-c.c.obj
[893/1044] Building C object esp-idf/unity/CMakeFiles/__idf_unity.dir/unity_port_esp32.c.obj
[831/1044] Generating x509_crt_bundle
[894/1044] Building C object esp-idf/app_update/CMakeFiles/__idf_app_update.dir/esp_ota_ops.c.obj
[895/1044] Building C object esp-idf/protocomm/CMakeFiles/__idf_protocomm.dir/proto-c/sec0.pb-c.c.obj
[896/1044] Building C object esp-idf/unity/CMakeFiles/__idf_unity.dir/port/esp/unity_utils_memory_esp.c.obj
[897/1044] Building C object esp-idf/protocomm/CMakeFiles/__idf_protocomm.dir/proto-c/sec1.pb-c.c.obj
[898/1044] Building C object esp-idf/unity/CMakeFiles/__idf_unity.dir/unity_utils_memory.c.obj
[1/6] Building C object esp-idf/esp_app_format/CMakeFiles/__idf_esp_app_format.dir/esp_app_desc.c.obj
[899/1044] Building C object esp-idf/protocomm/CMakeFiles/__idf_protocomm.dir/proto-c/sec2.pb-c.c.obj
[832/1044] Generating ../../x509_crt_bundle.S
[900/1044] Building C object esp-idf/protocomm/CMakeFiles/__idf_protocomm.dir/src/transports/protocomm_console.c.obj
[901/1044] Building C object esp-idf/protocomm/CMakeFiles/__idf_protocomm.dir/src/common/protocomm.c.obj
[902/1044] Building CXX object esp-idf/wear_levelling/CMakeFiles/__idf_wear_levelling.dir/crc32.cpp.obj
[2/6] Linking C static library esp-idf/esp_app_format/libesp_app_format.a
[903/1044] Building C object esp-idf/protocomm/CMakeFiles/__idf_protocomm.dir/src/crypto/srp6a/esp_srp_mpi.c.obj
[904/1044] Building CXX object esp-idf/wear_levelling/CMakeFiles/__idf_wear_levelling.dir/Partition.cpp.obj
[905/1044] Building C object esp-idf/console/CMakeFiles/__idf_console.dir/argtable3/argtable3.c.obj
[833/1044] Building C object esp-idf/esp_driver_gpio/CMakeFiles/__idf_esp_driver_gpio.dir/src/gpio_glitch_filter_ops.c.obj
[3/6] Build ELF: true.app.elf
[834/1044] Building C object esp-idf/esp_pm/CMakeFiles/__idf_esp_pm.dir/pm_trace.c.obj
[835/1044] Building C object esp-idf/esp_security/CMakeFiles/__idf_esp_security.dir/src/esp_crypto_lock.c.obj
[836/1044] Building ASM object esp-idf/mbedtls/CMakeFiles/__idf_mbedtls.dir/__/__/x509_crt_bundle.S.obj
[906/1044] Building CXX object esp-idf/wear_levelling/CMakeFiles/__idf_wear_levelling.dir/SPI_Flash.cpp.obj
[837/1044] Building C object esp-idf/efuse/CMakeFiles/__idf_efuse.dir/esp32s3/esp_efuse_fields.c.obj
[907/1044] Building CXX object esp-idf/wear_levelling/CMakeFiles/__idf_wear_levelling.dir/WL_Ext_Perf.cpp.obj
[838/1044] Building C object esp-idf/esp_pm/CMakeFiles/__idf_esp_pm.dir/pm_locks.c.obj
[839/1044] Building C object esp-idf/efuse/CMakeFiles/__idf_efuse.dir/esp32s3/esp_efuse_rtc_calib.c.obj
[840/1044] Building C object esp-idf/esp_security/CMakeFiles/__idf_esp_security.dir/src/init.c.obj
[908/1044] Building CXX object esp-idf/wear_levelling/CMakeFiles/__idf_wear_levelling.dir/WL_Ext_Safe.cpp.obj
[909/1044] Building C object esp-idf/console/CMakeFiles/__idf_console.dir/argtable3/arg_rex.c.obj
[910/1044] Building C object esp-idf/esp_driver_gpio/CMakeFiles/__idf_esp_driver_gpio.dir/src/gpio.c.obj
[841/1044] Building C object esp-idf/efuse/CMakeFiles/__idf_efuse.dir/src/esp_efuse_fields.c.obj
[911/1044] Building C object esp-idf/protocomm/CMakeFiles/__idf_protocomm.dir/src/crypto/srp6a/esp_srp.c.obj
[912/1044] Building C object esp-idf/cmock/CMakeFiles/__idf_cmock.dir/CMock/src/cmock.c.obj
[842/1044] Building C object esp-idf/esp_security/CMakeFiles/__idf_esp_security.dir/src/esp_hmac.c.obj
[843/1044] Building C object esp-idf/esp_security/CMakeFiles/__idf_esp_security.dir/src/esp_ds.c.obj
[913/1044] Building C object esp-idf/app_trace/CMakeFiles/__idf_app_trace.dir/app_trace_util.c.obj
[914/1044] Building C object esp-idf/esp_https_server/CMakeFiles/__idf_esp_https_server.dir/src/https_server.c.obj
[915/1044] Linking C static library esp-idf/esp_driver_gpio/libesp_driver_gpio.a
[916/1044] Building C object esp-idf/protocomm/CMakeFiles/__idf_protocomm.dir/src/transports/protocomm_httpd.c.obj
[917/1044] Building C object esp-idf/unity/CMakeFiles/__idf_unity.dir/unity/src/unity.c.obj
[918/1044] Building C object esp-idf/app_trace/CMakeFiles/__idf_app_trace.dir/host_file_io.c.obj
NOTICE: Processing 3 dependencies:
[919/1044] Building C object esp-idf/protocomm/CMakeFiles/__idf_protocomm.dir/src/security/security2.c.obj
[844/1044] Building C object esp-idf/efuse/CMakeFiles/__idf_efuse.dir/esp32s3/esp_efuse_table.c.obj
NOTICE: [1/3] espressif/cmake_utilities (0.5.3)
NOTICE: [2/3] espressif/elf_loader (1.1.1)
NOTICE: [3/3] idf (6.0.0)
[845/1044] Building C object esp-idf/esp_security/CMakeFiles/__idf_esp_security.dir/src/esp_crypto_periph_clk.c.obj
[846/1044] Building C object esp-idf/app_update/CMakeFiles/__idf_app_update.dir/esp_ota_app_desc.c.obj
[920/1044] Building C object esp-idf/esp_driver_cam/CMakeFiles/__idf_esp_driver_cam.dir/esp_cam_ctlr.c.obj
[921/1044] Linking C static library esp-idf/esp_security/libesp_security.a
[847/1044] Building C object esp-idf/efuse/CMakeFiles/__idf_efuse.dir/esp32s3/esp_efuse_utility.c.obj
[848/1044] Building C object esp-idf/esp_bootloader_format/CMakeFiles/__idf_esp_bootloader_format.dir/esp_bootloader_desc.c.obj
[849/1044] Building C object esp-idf/xtensa/CMakeFiles/__idf_xtensa.dir/eri.c.obj
[922/1044] Building C object esp-idf/app_trace/CMakeFiles/__idf_app_trace.dir/port/port_uart.c.obj
[850/1044] Building C object esp-idf/esp_driver_gpio/CMakeFiles/__idf_esp_driver_gpio.dir/src/gpio_pin_glitch_filter.c.obj
[832/1044] Generating ../../x509_crt_bundle.S
[851/1044] Building C object esp-idf/esp_pm/CMakeFiles/__idf_esp_pm.dir/pm_impl.c.obj
[852/1044] Building ASM object esp-idf/xtensa/CMakeFiles/__idf_xtensa.dir/xtensa_intr_asm.S.obj
[923/1044] Building CXX object esp-idf/wear_levelling/CMakeFiles/__idf_wear_levelling.dir/wear_levelling.cpp.obj
[853/1044] Building C object esp-idf/xtensa/CMakeFiles/__idf_xtensa.dir/xt_trax.c.obj
[924/1044] Building C object esp-idf/esp_driver_cam/CMakeFiles/__idf_esp_driver_cam.dir/dvp_share_ctrl.c.obj
-- Generating done (1.2s)
[925/1044] Building C object esp-idf/app_trace/CMakeFiles/__idf_app_trace.dir/app_trace.c.obj
[854/1044] Building ASM object esp-idf/xtensa/CMakeFiles/__idf_xtensa.dir/xtensa_context.S.obj
[926/1044] Linking C static library esp-idf/efuse/libefuse.a
[855/1044] Building C object esp-idf/esp_partition/CMakeFiles/__idf_esp_partition.dir/partition_target.c.obj
[856/1044] Building C object esp-idf/efuse/CMakeFiles/__idf_efuse.dir/src/esp_efuse_startup.c.obj
[857/1044] Building ASM object esp-idf/xtensa/CMakeFiles/__idf_xtensa.dir/xtensa_vectors.S.obj
[858/1044] Building C object esp-idf/efuse/CMakeFiles/__idf_efuse.dir/src/efuse_controller/keys/with_key_purposes/esp_efuse_api_key.c.obj
[859/1044] Building C object esp-idf/mbedtls/CMakeFiles/__idf_mbedtls.dir/esp_crt_bundle/esp_crt_bundle.c.obj
[860/1044] Building C object esp-idf/efuse/CMakeFiles/__idf_efuse.dir/src/esp_efuse_utility.c.obj
-- Build files have been written to: /home/tikhon/Документы/magnolia/applets/go/uname/build
[927/1044] Building C object esp-idf/json/CMakeFiles/__idf_json.dir/cJSON/cJSON_Utils.c.obj
[928/1044] Linking C static library esp-idf/esp_partition/libesp_partition.a
[833/1044] Building ASM object esp-idf/mbedtls/CMakeFiles/__idf_mbedtls.dir/__/__/x509_crt_bundle.S.obj
[861/1044] Building C object esp-idf/esp_app_format/CMakeFiles/__idf_esp_app_format.dir/esp_app_desc.c.obj
[929/1044] Building C object esp-idf/esp_driver_cam/CMakeFiles/__idf_esp_driver_cam.dir/dvp/src/esp_cam_ctlr_dvp_gdma.c.obj
[930/1044] Building C object esp-idf/esp_hid/CMakeFiles/__idf_esp_hid.dir/src/esp_hidd.c.obj
[862/1044] Linking C static library esp-idf/mbedtls/libmbedtls.a
[834/1044] Building C object esp-idf/esp_driver_gpio/CMakeFiles/__idf_esp_driver_gpio.dir/src/gpio_glitch_filter_ops.c.obj
[863/1044] Building C object esp-idf/esp_driver_gpio/CMakeFiles/__idf_esp_driver_gpio.dir/src/rtc_io.c.obj
[835/1044] Building C object esp-idf/esp_pm/CMakeFiles/__idf_esp_pm.dir/pm_locks.c.obj
[864/1044] Building C object esp-idf/xtensa/CMakeFiles/__idf_xtensa.dir/xtensa_intr.c.obj
[931/1044] Linking C static library esp-idf/app_update/libapp_update.a
[836/1044] Building C object esp-idf/esp_security/CMakeFiles/__idf_esp_security.dir/src/esp_crypto_lock.c.obj
[865/1044] Building C object esp-idf/efuse/CMakeFiles/__idf_efuse.dir/src/esp_efuse_api.c.obj
[866/1044] Building C object esp-idf/esp_driver_gpio/CMakeFiles/__idf_esp_driver_gpio.dir/src/dedic_gpio.c.obj
[837/1044] Building C object esp-idf/esp_pm/CMakeFiles/__idf_esp_pm.dir/pm_trace.c.obj
[867/1044] Linking C static library esp-idf/esp_pm/libesp_pm.a
[932/1044] Linking C static library esp-idf/esp_bootloader_format/libesp_bootloader_format.a
[868/1044] Building C object esp-idf/console/CMakeFiles/__idf_console.dir/split_argv.c.obj
[869/1044] Building C object esp-idf/esp_partition/CMakeFiles/__idf_esp_partition.dir/partition.c.obj
[870/1044] Building C object esp-idf/console/CMakeFiles/__idf_console.dir/argtable3/arg_cmd.c.obj
[838/1044] Building C object esp-idf/esp_security/CMakeFiles/__idf_esp_security.dir/src/init.c.obj
[871/1044] Building C object esp-idf/console/CMakeFiles/__idf_console.dir/argtable3/arg_file.c.obj
[933/1044] Linking C static library esp-idf/esp_app_format/libesp_app_format.a
[839/1044] Building C object esp-idf/efuse/CMakeFiles/__idf_efuse.dir/esp32s3/esp_efuse_table.c.obj
[872/1044] Building C object esp-idf/console/CMakeFiles/__idf_console.dir/argtable3/arg_dstr.c.obj
-- Generating done (1.5s)
[934/1044] Building C object esp-idf/esp_lcd/CMakeFiles/__idf_esp_lcd.dir/src/esp_lcd_panel_st7789.c.obj
[840/1044] Building C object esp-idf/efuse/CMakeFiles/__idf_efuse.dir/esp32s3/esp_efuse_fields.c.obj
[841/1044] Building C object esp-idf/esp_driver_gpio/CMakeFiles/__idf_esp_driver_gpio.dir/src/gpio_pin_glitch_filter.c.obj
-- ELF_LOADER: 1.1.1
[935/1044] Building CXX object esp-idf/wear_levelling/CMakeFiles/__idf_wear_levelling.dir/WL_Flash.cpp.obj
[873/1044] Building C object esp-idf/console/CMakeFiles/__idf_console.dir/argtable3/arg_dbl.c.obj
[936/1044] Building C object esp-idf/esp_eth/CMakeFiles/__idf_esp_eth.dir/src/esp_eth_netif_glue.c.obj
Applet true OK -> /home/tikhon/Документы/magnolia/rootfs/bin/gotrue
Building applet zigdemo -> zigdemo ...
[842/1044] Building C object esp-idf/efuse/CMakeFiles/__idf_efuse.dir/esp32s3/esp_efuse_rtc_calib.c.obj
+ idf.py elf
[843/1044] Building C object esp-idf/efuse/CMakeFiles/__idf_efuse.dir/src/esp_efuse_fields.c.obj
[874/1044] Building C object esp-idf/console/CMakeFiles/__idf_console.dir/argtable3/arg_end.c.obj
[937/1044] Linking C static library esp-idf/xtensa/libxtensa.a
[844/1044] Building C object esp-idf/esp_security/CMakeFiles/__idf_esp_security.dir/src/esp_hmac.c.obj
[938/1044] Building C object esp-idf/esp_lcd/CMakeFiles/__idf_esp_lcd.dir/src/esp_lcd_panel_io.c.obj
-- Build files have been written to: /home/tikhon/Документы/magnolia/applets/go/sleep/build
[845/1044] Building C object esp-idf/efuse/CMakeFiles/__idf_efuse.dir/esp32s3/esp_efuse_utility.c.obj
[875/1044] Building C object esp-idf/console/CMakeFiles/__idf_console.dir/argtable3/arg_rem.c.obj
[876/1044] Building C object esp-idf/console/CMakeFiles/__idf_console.dir/esp_console_repl_chip.c.obj
[939/1044] Building C object esp-idf/esp_hid/CMakeFiles/__idf_esp_hid.dir/src/esp_hid_common.c.obj
[846/1044] Building C object esp-idf/esp_security/CMakeFiles/__idf_esp_security.dir/src/esp_crypto_periph_clk.c.obj
[877/1044] Building C object esp-idf/console/CMakeFiles/__idf_console.dir/argtable3/arg_date.c.obj
[940/1044] Building C object esp-idf/esp_lcd/CMakeFiles/__idf_esp_lcd.dir/src/esp_lcd_panel_ops.c.obj
[941/1044] Building C object esp-idf/esp_hid/CMakeFiles/__idf_esp_hid.dir/src/esp_hidh.c.obj
[878/1044] Building C object esp-idf/console/CMakeFiles/__idf_console.dir/esp_console_common.c.obj
[942/1044] Linking C static library esp-idf/unity/libunity.a
[879/1044] Building C object esp-idf/console/CMakeFiles/__idf_console.dir/argtable3/arg_lit.c.obj
[880/1044] Building C object esp-idf/console/CMakeFiles/__idf_console.dir/argtable3/arg_str.c.obj
[881/1044] Building C object esp-idf/console/CMakeFiles/__idf_console.dir/commands.c.obj
[943/1044] Building C object esp-idf/esp_lcd/CMakeFiles/__idf_esp_lcd.dir/src/esp_lcd_common.c.obj
[847/1044] Building C object esp-idf/esp_bootloader_format/CMakeFiles/__idf_esp_bootloader_format.dir/esp_bootloader_desc.c.obj
[882/1044] Building C object esp-idf/console/CMakeFiles/__idf_console.dir/argtable3/arg_int.c.obj
Executing action: elf
Running ninja in directory /home/tikhon/Документы/magnolia/applets/zig/zhexdump/build
Executing "ninja elf"...
[0/2] Re-checking globbed directories...
[1/2] Re-running CMake...
[848/1044] Building C object esp-idf/xtensa/CMakeFiles/__idf_xtensa.dir/eri.c.obj
[944/1044] Building C object esp-idf/json/CMakeFiles/__idf_json.dir/cJSON/cJSON.c.obj
[945/1044] Building C object esp-idf/esp_lcd/CMakeFiles/__idf_esp_lcd.dir/src/esp_lcd_panel_ssd1306.c.obj
[883/1044] Building C object esp-idf/console/CMakeFiles/__idf_console.dir/esp_console_repl_internal.c.obj
[849/1044] Building C object esp-idf/efuse/CMakeFiles/__idf_efuse.dir/src/esp_efuse_startup.c.obj
[946/1044] Linking C static library esp-idf/esp_https_server/libesp_https_server.a
[850/1044] Building C object esp-idf/esp_security/CMakeFiles/__idf_esp_security.dir/src/esp_ds.c.obj
[947/1044] Building C object esp-idf/esp_lcd/CMakeFiles/__idf_esp_lcd.dir/src/esp_lcd_panel_nt35510.c.obj
[948/1044] Linking C static library esp-idf/console/libconsole.a
[851/1044] Building C object esp-idf/app_update/CMakeFiles/__idf_app_update.dir/esp_ota_app_desc.c.obj
[852/1044] Building C object esp-idf/xtensa/CMakeFiles/__idf_xtensa.dir/xt_trax.c.obj
[853/1044] Building C object esp-idf/mbedtls/CMakeFiles/__idf_mbedtls.dir/esp_crt_bundle/esp_crt_bundle.c.obj
[884/1044] Building C object esp-idf/unity/CMakeFiles/__idf_unity.dir/unity_runner.c.obj
[885/1044] Building C object esp-idf/unity/CMakeFiles/__idf_unity.dir/unity_compat.c.obj
[854/1044] Building C object esp-idf/esp_driver_gpio/CMakeFiles/__idf_esp_driver_gpio.dir/src/dedic_gpio.c.obj
[949/1044] Building C object esp-idf/espcoredump/CMakeFiles/__idf_espcoredump.dir/src/core_dump_init.c.obj
[886/1044] Building C object esp-idf/console/CMakeFiles/__idf_console.dir/argtable3/arg_utils.c.obj
[855/1044] Building ASM object esp-idf/xtensa/CMakeFiles/__idf_xtensa.dir/xtensa_context.S.obj
[887/1044] Building C object esp-idf/console/CMakeFiles/__idf_console.dir/argtable3/arg_hashtable.c.obj
[856/1044] Building ASM object esp-idf/xtensa/CMakeFiles/__idf_xtensa.dir/xtensa_intr_asm.S.obj
[950/1044] Building C object esp-idf/espcoredump/CMakeFiles/__idf_espcoredump.dir/src/core_dump_flash.c.obj
[951/1044] Building C object esp-idf/esp_driver_touch_sens/CMakeFiles/__idf_esp_driver_touch_sens.dir/hw_ver2/touch_version_specific.c.obj
[857/1044] Building C object esp-idf/esp_pm/CMakeFiles/__idf_esp_pm.dir/pm_impl.c.obj
[858/1044] Building C object esp-idf/efuse/CMakeFiles/__idf_efuse.dir/src/esp_efuse_api.c.obj
[952/1044] Building C object esp-idf/espcoredump/CMakeFiles/__idf_espcoredump.dir/src/core_dump_common.c.obj
[953/1044] Building C object esp-idf/espcoredump/CMakeFiles/__idf_espcoredump.dir/src/core_dump_elf.c.obj
[859/1044] Building C object esp-idf/xtensa/CMakeFiles/__idf_xtensa.dir/xtensa_intr.c.obj
[860/1044] Building ASM object esp-idf/xtensa/CMakeFiles/__idf_xtensa.dir/xtensa_vectors.S.obj
[954/1044] Building C object esp-idf/espcoredump/CMakeFiles/__idf_espcoredump.dir/src/core_dump_sha.c.obj
[888/1044] Building C object esp-idf/unity/CMakeFiles/__idf_unity.dir/unity_utils_cache.c.obj
[955/1044] Building C object esp-idf/espcoredump/CMakeFiles/__idf_espcoredump.dir/src/port/xtensa/core_dump_port.c.obj
[861/1044] Linking C static library esp-idf/mbedtls/libmbedtls.a
[889/1044] Building C object esp-idf/protocomm/CMakeFiles/__idf_protocomm.dir/proto-c/sec0.pb-c.c.obj
[0/4] Re-checking globbed directories...
[956/1044] Building C object esp-idf/espcoredump/CMakeFiles/__idf_espcoredump.dir/src/core_dump_uart.c.obj
[862/1044] Building C object esp-idf/efuse/CMakeFiles/__idf_efuse.dir/src/efuse_controller/keys/with_key_purposes/esp_efuse_api_key.c.obj
[863/1044] Building C object esp-idf/esp_partition/CMakeFiles/__idf_esp_partition.dir/partition_target.c.obj
[890/1044] Building C object esp-idf/protocomm/CMakeFiles/__idf_protocomm.dir/proto-c/constants.pb-c.c.obj
[864/1044] Building C object esp-idf/esp_app_format/CMakeFiles/__idf_esp_app_format.dir/esp_app_desc.c.obj
[865/1044] Building C object esp-idf/esp_driver_gpio/CMakeFiles/__idf_esp_driver_gpio.dir/src/rtc_io.c.obj
[891/1044] Building C object esp-idf/unity/CMakeFiles/__idf_unity.dir/port/esp/unity_utils_memory_esp.c.obj
[866/1044] Building C object esp-idf/efuse/CMakeFiles/__idf_efuse.dir/src/esp_efuse_utility.c.obj
[957/1044] Linking C static library esp-idf/wear_levelling/libwear_levelling.a
[958/1044] Building C object esp-idf/esp_local_ctrl/CMakeFiles/__idf_esp_local_ctrl.dir/proto-c/esp_local_ctrl.pb-c.c.obj
[867/1044] Building C object esp-idf/console/CMakeFiles/__idf_console.dir/split_argv.c.obj
[959/1044] Building C object esp-idf/esp_eth/CMakeFiles/__idf_esp_eth.dir/src/phy/esp_eth_phy_802_3.c.obj
[892/1044] Building C object esp-idf/app_update/CMakeFiles/__idf_app_update.dir/esp_ota_ops.c.obj
[893/1044] Building C object esp-idf/unity/CMakeFiles/__idf_unity.dir/unity_utils_memory.c.obj
[868/1044] Linking C static library esp-idf/esp_pm/libesp_pm.a
[894/1044] Building C object esp-idf/unity/CMakeFiles/__idf_unity.dir/unity_port_esp32.c.obj
[960/1044] Building C object esp-idf/esp_driver_cam/CMakeFiles/__idf_esp_driver_cam.dir/dvp/src/esp_cam_ctlr_dvp_cam.c.obj
[895/1044] Building C object esp-idf/unity/CMakeFiles/__idf_unity.dir/unity_utils_freertos.c.obj
[896/1044] Building C object esp-idf/protocomm/CMakeFiles/__idf_protocomm.dir/proto-c/session.pb-c.c.obj
[869/1044] Building C object esp-idf/console/CMakeFiles/__idf_console.dir/esp_console_repl_chip.c.obj
[870/1044] Building C object esp-idf/console/CMakeFiles/__idf_console.dir/argtable3/arg_lit.c.obj
-- ESP-TEE is currently supported only on the esp32c6;esp32h2;esp32c5 SoCs
[871/1044] Building C object esp-idf/console/CMakeFiles/__idf_console.dir/esp_console_common.c.obj
[897/1044] Building C object esp-idf/console/CMakeFiles/__idf_console.dir/linenoise/linenoise.c.obj
[961/1044] Building C object esp-idf/esp_lcd/CMakeFiles/__idf_esp_lcd.dir/i2c/esp_lcd_panel_io_i2c_v2.c.obj
[872/1044] Building C object esp-idf/console/CMakeFiles/__idf_console.dir/esp_console_repl_internal.c.obj
[873/1044] Building C object esp-idf/console/CMakeFiles/__idf_console.dir/argtable3/arg_hashtable.c.obj
[962/1044] Building C object esp-idf/esp_driver_touch_sens/CMakeFiles/__idf_esp_driver_touch_sens.dir/common/touch_sens_common.c.obj
[874/1044] Building C object esp-idf/console/CMakeFiles/__idf_console.dir/argtable3/arg_rem.c.obj
[898/1044] Building C object esp-idf/protocomm/CMakeFiles/__idf_protocomm.dir/src/common/protocomm.c.obj
[963/1044] Building C object esp-idf/esp_eth/CMakeFiles/__idf_esp_eth.dir/src/esp_eth.c.obj
[964/1044] Building C object esp-idf/esp_local_ctrl/CMakeFiles/__idf_esp_local_ctrl.dir/src/esp_local_ctrl_transport_httpd.c.obj
-- Generating done (1.7s)
[0/4] Re-checking globbed directories...
[875/1044] Building C object esp-idf/console/CMakeFiles/__idf_console.dir/argtable3/arg_dbl.c.obj
[965/1044] Building C object esp-idf/esp_lcd/CMakeFiles/__idf_esp_lcd.dir/i2c/esp_lcd_panel_io_i2c_v1.c.obj
[899/1044] Building C object esp-idf/protocomm/CMakeFiles/__idf_protocomm.dir/proto-c/sec2.pb-c.c.obj
[966/1044] Building C object esp-idf/fatfs/CMakeFiles/__idf_fatfs.dir/diskio/diskio_rawflash.c.obj
[876/1044] Building C object esp-idf/console/CMakeFiles/__idf_console.dir/argtable3/arg_file.c.obj
[967/1044] Building C object esp-idf/fatfs/CMakeFiles/__idf_fatfs.dir/src/ffunicode.c.obj
[900/1044] Building C object esp-idf/esp_driver_gpio/CMakeFiles/__idf_esp_driver_gpio.dir/src/gpio.c.obj
[968/1044] Building C object esp-idf/esp_local_ctrl/CMakeFiles/__idf_esp_local_ctrl.dir/src/esp_local_ctrl_handler.c.obj
[877/1044] Building C object esp-idf/console/CMakeFiles/__idf_console.dir/argtable3/arg_int.c.obj
[901/1044] Building C object esp-idf/protocomm/CMakeFiles/__idf_protocomm.dir/proto-c/sec1.pb-c.c.obj
[878/1044] Building C object esp-idf/console/CMakeFiles/__idf_console.dir/argtable3/arg_end.c.obj
[969/1044] Building C object esp-idf/esp_lcd/CMakeFiles/__idf_esp_lcd.dir/i80/esp_lcd_panel_io_i80.c.obj
[879/1044] Building C object esp-idf/esp_partition/CMakeFiles/__idf_esp_partition.dir/partition.c.obj
[880/1044] Building C object esp-idf/console/CMakeFiles/__idf_console.dir/argtable3/arg_cmd.c.obj
-- Build files have been written to: /home/tikhon/Документы/magnolia/applets/rust/edit/build
[970/1044] Building C object esp-idf/fatfs/CMakeFiles/__idf_fatfs.dir/diskio/diskio.c.obj
[902/1044] Building C object esp-idf/console/CMakeFiles/__idf_console.dir/argtable3/argtable3.c.obj
[971/1044] Linking C static library esp-idf/json/libjson.a
[903/1044] Building C object esp-idf/protocomm/CMakeFiles/__idf_protocomm.dir/src/transports/protocomm_console.c.obj
[881/1044] Building C object esp-idf/console/CMakeFiles/__idf_console.dir/argtable3/arg_dstr.c.obj
[904/1044] Building CXX object esp-idf/wear_levelling/CMakeFiles/__idf_wear_levelling.dir/crc32.cpp.obj
[882/1044] Building C object esp-idf/unity/CMakeFiles/__idf_unity.dir/unity_compat.c.obj
[905/1044] Building C object esp-idf/protocomm/CMakeFiles/__idf_protocomm.dir/src/transports/protocomm_httpd.c.obj
[883/1044] Building C object esp-idf/console/CMakeFiles/__idf_console.dir/argtable3/arg_str.c.obj
[972/1044] Building C object esp-idf/esp_lcd/CMakeFiles/__idf_esp_lcd.dir/spi/esp_lcd_panel_io_spi.c.obj
[973/1044] Building C object esp-idf/fatfs/CMakeFiles/__idf_fatfs.dir/port/freertos/ffsystem.c.obj
[884/1044] Building C object esp-idf/console/CMakeFiles/__idf_console.dir/commands.c.obj
[906/1044] Linking C static library esp-idf/esp_driver_gpio/libesp_driver_gpio.a
[974/1044] Building C object esp-idf/fatfs/CMakeFiles/__idf_fatfs.dir/diskio/diskio_sdmmc.c.obj
[907/1044] Building C object esp-idf/console/CMakeFiles/__idf_console.dir/argtable3/arg_rex.c.obj
[885/1044] Building C object esp-idf/console/CMakeFiles/__idf_console.dir/argtable3/arg_utils.c.obj
[975/1044] Building C object esp-idf/protobuf-c/CMakeFiles/__idf_protobuf-c.dir/protobuf-c/protobuf-c/protobuf-c.c.obj
[976/1044] Building C object esp-idf/esp_local_ctrl/CMakeFiles/__idf_esp_local_ctrl.dir/src/esp_local_ctrl.c.obj
[908/1044] Building C object esp-idf/unity/CMakeFiles/__idf_unity.dir/unity/src/unity.c.obj
[909/1044] Building C object esp-idf/protocomm/CMakeFiles/__idf_protocomm.dir/src/crypto/srp6a/esp_srp_mpi.c.obj
[1/8] Building C object esp-idf/esp_app_format/CMakeFiles/__idf_esp_app_format.dir/esp_app_desc.c.obj
[977/1044] Building C object esp-idf/fatfs/CMakeFiles/__idf_fatfs.dir/diskio/diskio_wl.c.obj
[910/1044] Building CXX object esp-idf/wear_levelling/CMakeFiles/__idf_wear_levelling.dir/SPI_Flash.cpp.obj
[886/1044] Building C object esp-idf/console/CMakeFiles/__idf_console.dir/argtable3/arg_date.c.obj
[978/1044] Building C object esp-idf/perfmon/CMakeFiles/__idf_perfmon.dir/xtensa_perfmon_masks.c.obj
[911/1044] Building CXX object esp-idf/wear_levelling/CMakeFiles/__idf_wear_levelling.dir/Partition.cpp.obj
[912/1044] Linking C static library esp-idf/esp_security/libesp_security.a
[887/1044] Building C object esp-idf/unity/CMakeFiles/__idf_unity.dir/unity_utils_memory.c.obj
[2/8] Linking C static library esp-idf/esp_app_format/libesp_app_format.a
[979/1044] Linking C static library esp-idf/protobuf-c/libprotobuf-c.a
[888/1044] Building C object esp-idf/unity/CMakeFiles/__idf_unity.dir/port/esp/unity_utils_memory_esp.c.obj
-- Project sdkconfig file /home/tikhon/Документы/magnolia/applets/rust/rusthello/sdkconfig
-- Components: app_trace app_update bootloader bootloader_support bt cmock console cxx driver efuse esp-tls esp_adc esp_app_format esp_bootloader_format esp_coex esp_common esp_driver_ana_cmpr esp_driver_bitscrambler esp_driver_cam esp_driver_dac esp_driver_gpio esp_driver_gptimer esp_driver_i2c esp_driver_i2s esp_driver_i3c esp_driver_isp esp_driver_jpeg esp_driver_ledc esp_driver_mcpwm esp_driver_parlio esp_driver_pcnt esp_driver_ppa esp_driver_rmt esp_driver_sd_intf esp_driver_sdio esp_driver_sdm esp_driver_sdmmc esp_driver_sdspi esp_driver_spi esp_driver_touch_sens esp_driver_tsens esp_driver_twai esp_driver_uart esp_driver_usb_serial_jtag esp_eth esp_event esp_gdbstub esp_hid esp_http_client esp_http_server esp_https_ota esp_https_server esp_hw_support esp_lcd esp_local_ctrl esp_mm esp_netif esp_netif_stack esp_partition esp_phy esp_pm esp_psram esp_ringbuf esp_rom esp_security esp_system esp_timer esp_vfs_console esp_wifi espcoredump espressif__cmake_utilities espressif__elf_loader esptool_py fatfs freertos hal heap http_parser idf_test ieee802154 json log lwip main mbedtls mqtt newlib nvs_flash nvs_sec_provider openthread partition_table perfmon protobuf-c protocomm pthread rt sdmmc soc spi_flash spiffs tcp_transport touch_element ulp unity usb vfs wear_levelling wifi_provisioning wpa_supplicant xtensa
-- Component paths: /home/tikhon/Документы/magnolia/esp-idf/components/app_trace /home/tikhon/Документы/magnolia/esp-idf/components/app_update /home/tikhon/Документы/magnolia/esp-idf/components/bootloader /home/tikhon/Документы/magnolia/esp-idf/components/bootloader_support /home/tikhon/Документы/magnolia/esp-idf/components/bt /home/tikhon/Документы/magnolia/esp-idf/components/cmock /home/tikhon/Документы/magnolia/esp-idf/components/console /home/tikhon/Документы/magnolia/esp-idf/components/cxx /home/tikhon/Документы/magnolia/esp-idf/components/driver /home/tikhon/Документы/magnolia/esp-idf/components/efuse /home/tikhon/Документы/magnolia/esp-idf/components/esp-tls /home/tikhon/Документы/magnolia/esp-idf/components/esp_adc /home/tikhon/Документы/magnolia/esp-idf/components/esp_app_format /home/tikhon/Документы/magnolia/esp-idf/components/esp_bootloader_format /home/tikhon/Документы/magnolia/esp-idf/components/esp_coex /home/tikhon/Документы/magnolia/esp-idf/components/esp_common /home/tikhon/Документы/magnolia/esp-idf/components/esp_driver_ana_cmpr /home/tikhon/Документы/magnolia/esp-idf/components/esp_driver_bitscrambler /home/tikhon/Документы/magnolia/esp-idf/components/esp_driver_cam /home/tikhon/Документы/magnolia/esp-idf/components/esp_driver_dac /home/tikhon/Документы/magnolia/esp-idf/components/esp_driver_gpio /home/tikhon/Документы/magnolia/esp-idf/components/esp_driver_gptimer /home/tikhon/Документы/magnolia/esp-idf/components/esp_driver_i2c /home/tikhon/Документы/magnolia/esp-idf/components/esp_driver_i2s /home/tikhon/Документы/magnolia/esp-idf/components/esp_driver_i3c /home/tikhon/Документы/magnolia/esp-idf/components/esp_driver_isp /home/tikhon/Документы/magnolia/esp-idf/components/esp_driver_jpeg /home/tikhon/Документы/magnolia/esp-idf/components/esp_driver_ledc /home/tikhon/Документы/magnolia/esp-idf/components/esp_driver_mcpwm /home/tikhon/Документы/magnolia/esp-idf/components/esp_driver_parlio /home/tikhon/Документы/magnolia/esp-idf/components/esp_driver_pcnt /home/tikhon/Документы/magnolia/esp-idf/components/esp_driver_ppa /home/tikhon/Документы/magnolia/esp-idf/components/esp_driver_rmt /home/tikhon/Документы/magnolia/esp-idf/components/esp_driver_sd_intf /home/tikhon/Документы/magnolia/esp-idf/components/esp_driver_sdio /home/tikhon/Документы/magnolia/esp-idf/components/esp_driver_sdm /home/tikhon/Документы/magnolia/esp-idf/components/esp_driver_sdmmc /home/tikhon/Документы/magnolia/esp-idf/components/esp_driver_sdspi /home/tikhon/Документы/magnolia/esp-idf/components/esp_driver_spi /home/tikhon/Документы/magnolia/esp-idf/components/esp_driver_touch_sens /home/tikhon/Документы/magnolia/esp-idf/components/esp_driver_tsens /home/tikhon/Документы/magnolia/esp-idf/components/esp_driver_twai /home/tikhon/Документы/magnolia/esp-idf/components/esp_driver_uart /home/tikhon/Документы/magnolia/esp-idf/components/esp_driver_usb_serial_jtag /home/tikhon/Документы/magnolia/esp-idf/components/esp_eth /home/tikhon/Документы/magnolia/esp-idf/components/esp_event /home/tikhon/Документы/magnolia/esp-idf/components/esp_gdbstub /home/tikhon/Документы/magnolia/esp-idf/components/esp_hid /home/tikhon/Документы/magnolia/esp-idf/components/esp_http_client /home/tikhon/Документы/magnolia/esp-idf/components/esp_http_server /home/tikhon/Документы/magnolia/esp-idf/components/esp_https_ota /home/tikhon/Документы/magnolia/esp-idf/components/esp_https_server /home/tikhon/Документы/magnolia/esp-idf/components/esp_hw_support /home/tikhon/Документы/magnolia/esp-idf/components/esp_lcd /home/tikhon/Документы/magnolia/esp-idf/components/esp_local_ctrl /home/tikhon/Документы/magnolia/esp-idf/components/esp_mm /home/tikhon/Документы/magnolia/esp-idf/components/esp_netif /home/tikhon/Документы/magnolia/esp-idf/components/esp_netif_stack /home/tikhon/Документы/magnolia/esp-idf/components/esp_partition /home/tikhon/Документы/magnolia/esp-idf/components/esp_phy /home/tikhon/Документы/magnolia/esp-idf/components/esp_pm /home/tikhon/Документы/magnolia/esp-idf/components/esp_psram /home/tikhon/Документы/magnolia/esp-idf/components/esp_ringbuf /home/tikhon/Документы/magnolia/esp-idf/components/esp_rom /home/tikhon/Документы/magnolia/esp-idf/components/esp_security /home/tikhon/Документы/magnolia/esp-idf/components/esp_system /home/tikhon/Документы/magnolia/esp-idf/components/esp_timer /home/tikhon/Документы/magnolia/esp-idf/components/esp_vfs_console /home/tikhon/Документы/magnolia/esp-idf/components/esp_wifi /home/tikhon/Документы/magnolia/esp-idf/components/espcoredump /home/tikhon/Документы/magnolia/applets/rust/rdd/managed_components/espressif__cmake_utilities /home/tikhon/Документы/magnolia/applets/rust/rdd/managed_components/espressif__elf_loader /home/tikhon/Документы/magnolia/esp-idf/components/esptool_py /home/tikhon/Документы/magnolia/esp-idf/components/fatfs /home/tikhon/Документы/magnolia/esp-idf/components/freertos /home/tikhon/Документы/magnolia/esp-idf/components/hal /home/tikhon/Документы/magnolia/esp-idf/components/heap /home/tikhon/Документы/magnolia/esp-idf/components/http_parser /home/tikhon/Документы/magnolia/esp-idf/components/idf_test /home/tikhon/Документы/magnolia/esp-idf/components/ieee802154 /home/tikhon/Документы/magnolia/esp-idf/components/json /home/tikhon/Документы/magnolia/esp-idf/components/log /home/tikhon/Документы/magnolia/esp-idf/components/lwip /home/tikhon/Документы/magnolia/applets/rust/rdd/main /home/tikhon/Документы/magnolia/esp-idf/components/mbedtls /home/tikhon/Документы/magnolia/esp-idf/components/mqtt /home/tikhon/Документы/magnolia/esp-idf/components/newlib /home/tikhon/Документы/magnolia/esp-idf/components/nvs_flash /home/tikhon/Документы/magnolia/esp-idf/components/nvs_sec_provider /home/tikhon/Документы/magnolia/esp-idf/components/openthread /home/tikhon/Документы/magnolia/esp-idf/components/partition_table /home/tikhon/Документы/magnolia/esp-idf/components/perfmon /home/tikhon/Документы/magnolia/esp-idf/components/protobuf-c /home/tikhon/Документы/magnolia/esp-idf/components/protocomm /home/tikhon/Документы/magnolia/esp-idf/components/pthread /home/tikhon/Документы/magnolia/esp-idf/components/rt /home/tikhon/Документы/magnolia/esp-idf/components/sdmmc /home/tikhon/Документы/magnolia/esp-idf/components/soc /home/tikhon/Документы/magnolia/esp-idf/components/spi_flash /home/tikhon/Документы/magnolia/esp-idf/components/spiffs /home/tikhon/Документы/magnolia/esp-idf/components/tcp_transport /home/tikhon/Документы/magnolia/esp-idf/components/touch_element /home/tikhon/Документы/magnolia/esp-idf/components/ulp /home/tikhon/Документы/magnolia/esp-idf/components/unity /home/tikhon/Документы/magnolia/esp-idf/components/usb /home/tikhon/Документы/magnolia/esp-idf/components/vfs /home/tikhon/Документы/magnolia/esp-idf/components/wear_levelling /home/tikhon/Документы/magnolia/esp-idf/components/wifi_provisioning /home/tikhon/Документы/magnolia/esp-idf/components/wpa_supplicant /home/tikhon/Документы/magnolia/esp-idf/components/xtensa
[889/1044] Building C object esp-idf/unity/CMakeFiles/__idf_unity.dir/unity_utils_cache.c.obj
[890/1044] Building C object esp-idf/protocomm/CMakeFiles/__idf_protocomm.dir/proto-c/constants.pb-c.c.obj
[980/1044] Building C object esp-idf/perfmon/CMakeFiles/__idf_perfmon.dir/xtensa_perfmon_access.c.obj
[981/1044] Building C object esp-idf/mqtt/CMakeFiles/__idf_mqtt.dir/esp-mqtt/lib/platform_esp32_idf.c.obj
-- Configuring done (16.5s)
[891/1044] Building C object esp-idf/unity/CMakeFiles/__idf_unity.dir/unity_utils_freertos.c.obj
[982/1044] Building C object esp-idf/perfmon/CMakeFiles/__idf_perfmon.dir/xtensa_perfmon_apis.c.obj
[913/1044] Linking C static library esp-idf/efuse/libefuse.a
[914/1044] Building C object esp-idf/esp_https_server/CMakeFiles/__idf_esp_https_server.dir/src/https_server.c.obj
[1/8] Building C object esp-idf/esp_app_format/CMakeFiles/__idf_esp_app_format.dir/esp_app_desc.c.obj
[892/1044] Building C object esp-idf/unity/CMakeFiles/__idf_unity.dir/unity_port_esp32.c.obj
[983/1044] Linking C static library esp-idf/protocomm/libprotocomm.a
[915/1044] Building CXX object esp-idf/wear_levelling/CMakeFiles/__idf_wear_levelling.dir/WL_Ext_Perf.cpp.obj
[893/1044] Building C object esp-idf/console/CMakeFiles/__idf_console.dir/argtable3/arg_rex.c.obj
[916/1044] Building C object esp-idf/app_trace/CMakeFiles/__idf_app_trace.dir/app_trace_util.c.obj
[894/1044] Building C object esp-idf/console/CMakeFiles/__idf_console.dir/argtable3/argtable3.c.obj
[984/1044] Building C object esp-idf/fatfs/CMakeFiles/__idf_fatfs.dir/vfs/vfs_fat_sdmmc.c.obj
[917/1044] Building CXX object esp-idf/wear_levelling/CMakeFiles/__idf_wear_levelling.dir/wear_levelling.cpp.obj
[918/1044] Building C object esp-idf/cmock/CMakeFiles/__idf_cmock.dir/CMock/src/cmock.c.obj
[895/1044] Building C object esp-idf/unity/CMakeFiles/__idf_unity.dir/unity_runner.c.obj
[985/1044] Building C object esp-idf/nvs_sec_provider/CMakeFiles/__idf_nvs_sec_provider.dir/nvs_sec_provider.c.obj
[2/8] Linking C static library esp-idf/esp_app_format/libesp_app_format.a
[896/1044] Building C object esp-idf/protocomm/CMakeFiles/__idf_protocomm.dir/proto-c/sec0.pb-c.c.obj
[919/1044] Linking C static library esp-idf/esp_partition/libesp_partition.a
[920/1044] Building C object esp-idf/protocomm/CMakeFiles/__idf_protocomm.dir/src/security/security2.c.obj
[897/1044] Building C object esp-idf/app_update/CMakeFiles/__idf_app_update.dir/esp_ota_ops.c.obj
[921/1044] Building C object esp-idf/app_trace/CMakeFiles/__idf_app_trace.dir/host_file_io.c.obj
[898/1044] Building C object esp-idf/protocomm/CMakeFiles/__idf_protocomm.dir/proto-c/sec2.pb-c.c.obj
[0/4] Re-checking globbed directories...
[899/1044] Building C object esp-idf/protocomm/CMakeFiles/__idf_protocomm.dir/proto-c/session.pb-c.c.obj
[986/1044] Building C object esp-idf/fatfs/CMakeFiles/__idf_fatfs.dir/vfs/vfs_fat_spiflash.c.obj
[922/1044] Building C object esp-idf/protocomm/CMakeFiles/__idf_protocomm.dir/src/crypto/srp6a/esp_srp.c.obj
[987/1044] Building C object esp-idf/spiffs/CMakeFiles/__idf_spiffs.dir/spiffs_api.c.obj
[923/1044] Building CXX object esp-idf/wear_levelling/CMakeFiles/__idf_wear_levelling.dir/WL_Ext_Safe.cpp.obj
[988/1044] Building C object esp-idf/rt/CMakeFiles/__idf_rt.dir/FreeRTOS_POSIX_utils.c.obj
[924/1044] Building C object esp-idf/esp_driver_cam/CMakeFiles/__idf_esp_driver_cam.dir/dvp_share_ctrl.c.obj
[925/1044] Building C object esp-idf/app_trace/CMakeFiles/__idf_app_trace.dir/port/port_uart.c.obj
[989/1044] Building C object esp-idf/spiffs/CMakeFiles/__idf_spiffs.dir/spiffs/src/spiffs_cache.c.obj
[926/1044] Building C object esp-idf/esp_driver_cam/CMakeFiles/__idf_esp_driver_cam.dir/esp_cam_ctlr.c.obj
[927/1044] Linking C static library esp-idf/app_update/libapp_update.a
[900/1044] Building C object esp-idf/console/CMakeFiles/__idf_console.dir/linenoise/linenoise.c.obj
[901/1044] Building C object esp-idf/protocomm/CMakeFiles/__idf_protocomm.dir/proto-c/sec1.pb-c.c.obj
[990/1044] Building C object esp-idf/mqtt/CMakeFiles/__idf_mqtt.dir/esp-mqtt/lib/mqtt_outbox.c.obj
[902/1044] Building C object esp-idf/protocomm/CMakeFiles/__idf_protocomm.dir/src/transports/protocomm_console.c.obj
[991/1044] Building C object esp-idf/mqtt/CMakeFiles/__idf_mqtt.dir/esp-mqtt/lib/mqtt_msg.c.obj
[903/1044] Building CXX object esp-idf/wear_levelling/CMakeFiles/__idf_wear_levelling.dir/crc32.cpp.obj
-- Compiler supported targets: xtensa-esp-elf
[928/1044] Linking C static library esp-idf/esp_bootloader_format/libesp_bootloader_format.a
[904/1044] Building CXX object esp-idf/wear_levelling/CMakeFiles/__idf_wear_levelling.dir/Partition.cpp.obj
[929/1044] Building C object esp-idf/app_trace/CMakeFiles/__idf_app_trace.dir/app_trace.c.obj
[992/1044] Building C object esp-idf/fatfs/CMakeFiles/__idf_fatfs.dir/vfs/vfs_fat.c.obj
[905/1044] Building C object esp-idf/protocomm/CMakeFiles/__idf_protocomm.dir/src/common/protocomm.c.obj
[930/1044] Linking C static library esp-idf/esp_app_format/libesp_app_format.a
[906/1044] Building C object esp-idf/protocomm/CMakeFiles/__idf_protocomm.dir/src/crypto/srp6a/esp_srp_mpi.c.obj
[931/1044] Building C object esp-idf/esp_driver_cam/CMakeFiles/__idf_esp_driver_cam.dir/dvp/src/esp_cam_ctlr_dvp_gdma.c.obj
[932/1044] Building C object esp-idf/esp_hid/CMakeFiles/__idf_esp_hid.dir/src/esp_hid_common.c.obj
[993/1044] Building C object esp-idf/rt/CMakeFiles/__idf_rt.dir/FreeRTOS_POSIX_mqueue.c.obj
[933/1044] Building C object esp-idf/esp_hid/CMakeFiles/__idf_esp_hid.dir/src/esp_hidd.c.obj
[907/1044] Building CXX object esp-idf/wear_levelling/CMakeFiles/__idf_wear_levelling.dir/WL_Ext_Perf.cpp.obj
[908/1044] Building CXX object esp-idf/wear_levelling/CMakeFiles/__idf_wear_levelling.dir/SPI_Flash.cpp.obj
[909/1044] Building CXX object esp-idf/wear_levelling/CMakeFiles/__idf_wear_levelling.dir/WL_Ext_Safe.cpp.obj
[910/1044] Building C object esp-idf/esp_driver_gpio/CMakeFiles/__idf_esp_driver_gpio.dir/src/gpio.c.obj
[911/1044] Building C object esp-idf/esp_https_server/CMakeFiles/__idf_esp_https_server.dir/src/https_server.c.obj
[934/1044] Linking C static library esp-idf/xtensa/libxtensa.a
[935/1044] Building C object esp-idf/esp_lcd/CMakeFiles/__idf_esp_lcd.dir/src/esp_lcd_panel_io.c.obj
[912/1044] Building C object esp-idf/app_trace/CMakeFiles/__idf_app_trace.dir/host_file_io.c.obj
[936/1044] Building C object esp-idf/esp_lcd/CMakeFiles/__idf_esp_lcd.dir/src/esp_lcd_common.c.obj
[994/1044] Building C object esp-idf/usb/CMakeFiles/__idf_usb.dir/usb_private.c.obj
[995/1044] Building C object esp-idf/spiffs/CMakeFiles/__idf_spiffs.dir/spiffs/src/spiffs_check.c.obj
[913/1044] Building C object esp-idf/app_trace/CMakeFiles/__idf_app_trace.dir/app_trace_util.c.obj
[996/1044] Building C object esp-idf/spiffs/CMakeFiles/__idf_spiffs.dir/spiffs/src/spiffs_gc.c.obj
[937/1044] Building CXX object esp-idf/wear_levelling/CMakeFiles/__idf_wear_levelling.dir/WL_Flash.cpp.obj
[997/1044] Building C object esp-idf/usb/CMakeFiles/__idf_usb.dir/usb_helpers.c.obj
[914/1044] Building CXX object esp-idf/wear_levelling/CMakeFiles/__idf_wear_levelling.dir/wear_levelling.cpp.obj
[938/1044] Linking C static library esp-idf/unity/libunity.a
[915/1044] Linking C static library esp-idf/esp_driver_gpio/libesp_driver_gpio.a
[1/7] Building C object esp-idf/esp_app_format/CMakeFiles/__idf_esp_app_format.dir/esp_app_desc.c.obj
[939/1044] Linking C static library esp-idf/esp_https_server/libesp_https_server.a
NOTICE: Processing 3 dependencies:
NOTICE: [1/3] espressif/cmake_utilities (0.5.3)
NOTICE: [2/3] espressif/elf_loader (1.1.1)
NOTICE: [3/3] idf (6.0.0)
[916/1044] Building C object esp-idf/app_trace/CMakeFiles/__idf_app_trace.dir/port/port_uart.c.obj
[917/1044] Building C object esp-idf/protocomm/CMakeFiles/__idf_protocomm.dir/src/transports/protocomm_httpd.c.obj
[940/1044] Linking C static library esp-idf/console/libconsole.a
[998/1044] Building C object esp-idf/touch_element/CMakeFiles/__idf_touch_element.dir/touch_button.c.obj
[941/1044] Building C object esp-idf/esp_lcd/CMakeFiles/__idf_esp_lcd.dir/src/esp_lcd_panel_nt35510.c.obj
-- Components: app_trace app_update bootloader bootloader_support bt cmock console cxx driver efuse esp-tls esp_adc esp_app_format esp_bootloader_format esp_coex esp_common esp_driver_ana_cmpr esp_driver_bitscrambler esp_driver_cam esp_driver_dac esp_driver_gpio esp_driver_gptimer esp_driver_i2c esp_driver_i2s esp_driver_i3c esp_driver_isp esp_driver_jpeg esp_driver_ledc esp_driver_mcpwm esp_driver_parlio esp_driver_pcnt esp_driver_ppa esp_driver_rmt esp_driver_sd_intf esp_driver_sdio esp_driver_sdm esp_driver_sdmmc esp_driver_sdspi esp_driver_spi esp_driver_touch_sens esp_driver_tsens esp_driver_twai esp_driver_uart esp_driver_usb_serial_jtag esp_eth esp_event esp_gdbstub esp_hid esp_http_client esp_http_server esp_https_ota esp_https_server esp_hw_support esp_lcd esp_local_ctrl esp_mm esp_netif esp_netif_stack esp_partition esp_phy esp_pm esp_psram esp_ringbuf esp_rom esp_security esp_system esp_timer esp_vfs_console esp_wifi espcoredump espressif__cmake_utilities espressif__elf_loader esptool_py fatfs freertos hal heap http_parser idf_test ieee802154 json log lwip main mbedtls mqtt newlib nvs_flash nvs_sec_provider openthread partition_table perfmon protobuf-c protocomm pthread rt sdmmc soc spi_flash spiffs tcp_transport touch_element ulp unity usb vfs wear_levelling wifi_provisioning wpa_supplicant xtensa
-- Component paths: /home/tikhon/Документы/magnolia/esp-idf/components/app_trace /home/tikhon/Документы/magnolia/esp-idf/components/app_update /home/tikhon/Документы/magnolia/esp-idf/components/bootloader /home/tikhon/Документы/magnolia/esp-idf/components/bootloader_support /home/tikhon/Документы/magnolia/esp-idf/components/bt /home/tikhon/Документы/magnolia/esp-idf/components/cmock /home/tikhon/Документы/magnolia/esp-idf/components/console /home/tikhon/Документы/magnolia/esp-idf/components/cxx /home/tikhon/Документы/magnolia/esp-idf/components/driver /home/tikhon/Документы/magnolia/esp-idf/components/efuse /home/tikhon/Документы/magnolia/esp-idf/components/esp-tls /home/tikhon/Документы/magnolia/esp-idf/components/esp_adc /home/tikhon/Документы/magnolia/esp-idf/components/esp_app_format /home/tikhon/Документы/magnolia/esp-idf/components/esp_bootloader_format /home/tikhon/Документы/magnolia/esp-idf/components/esp_coex /home/tikhon/Документы/magnolia/esp-idf/components/esp_common /home/tikhon/Документы/magnolia/esp-idf/components/esp_driver_ana_cmpr /home/tikhon/Документы/magnolia/esp-idf/components/esp_driver_bitscrambler /home/tikhon/Документы/magnolia/esp-idf/components/esp_driver_cam /home/tikhon/Документы/magnolia/esp-idf/components/esp_driver_dac /home/tikhon/Документы/magnolia/esp-idf/components/esp_driver_gpio /home/tikhon/Документы/magnolia/esp-idf/components/esp_driver_gptimer /home/tikhon/Документы/magnolia/esp-idf/components/esp_driver_i2c /home/tikhon/Документы/magnolia/esp-idf/components/esp_driver_i2s /home/tikhon/Документы/magnolia/esp-idf/components/esp_driver_i3c /home/tikhon/Документы/magnolia/esp-idf/components/esp_driver_isp /home/tikhon/Документы/magnolia/esp-idf/components/esp_driver_jpeg /home/tikhon/Документы/magnolia/esp-idf/components/esp_driver_ledc /home/tikhon/Документы/magnolia/esp-idf/components/esp_driver_mcpwm /home/tikhon/Документы/magnolia/esp-idf/components/esp_driver_parlio /home/tikhon/Документы/magnolia/esp-idf/components/esp_driver_pcnt /home/tikhon/Документы/magnolia/esp-idf/components/esp_driver_ppa /home/tikhon/Документы/magnolia/esp-idf/components/esp_driver_rmt /home/tikhon/Документы/magnolia/esp-idf/components/esp_driver_sd_intf /home/tikhon/Документы/magnolia/esp-idf/components/esp_driver_sdio /home/tikhon/Документы/magnolia/esp-idf/components/esp_driver_sdm /home/tikhon/Документы/magnolia/esp-idf/components/esp_driver_sdmmc /home/tikhon/Документы/magnolia/esp-idf/components/esp_driver_sdspi /home/tikhon/Документы/magnolia/esp-idf/components/esp_driver_spi /home/tikhon/Документы/magnolia/esp-idf/components/esp_driver_touch_sens /home/tikhon/Документы/magnolia/esp-idf/components/esp_driver_tsens /home/tikhon/Документы/magnolia/esp-idf/components/esp_driver_twai /home/tikhon/Документы/magnolia/esp-idf/components/esp_driver_uart /home/tikhon/Документы/magnolia/esp-idf/components/esp_driver_usb_serial_jtag /home/tikhon/Документы/magnolia/esp-idf/components/esp_eth /home/tikhon/Документы/magnolia/esp-idf/components/esp_event /home/tikhon/Документы/magnolia/esp-idf/components/esp_gdbstub /home/tikhon/Документы/magnolia/esp-idf/components/esp_hid /home/tikhon/Документы/magnolia/esp-idf/components/esp_http_client /home/tikhon/Документы/magnolia/esp-idf/components/esp_http_server /home/tikhon/Документы/magnolia/esp-idf/components/esp_https_ota /home/tikhon/Документы/magnolia/esp-idf/components/esp_https_server /home/tikhon/Документы/magnolia/esp-idf/components/esp_hw_support /home/tikhon/Документы/magnolia/esp-idf/components/esp_lcd /home/tikhon/Документы/magnolia/esp-idf/components/esp_local_ctrl /home/tikhon/Документы/magnolia/esp-idf/components/esp_mm /home/tikhon/Документы/magnolia/esp-idf/components/esp_netif /home/tikhon/Документы/magnolia/esp-idf/components/esp_netif_stack /home/tikhon/Документы/magnolia/esp-idf/components/esp_partition /home/tikhon/Документы/magnolia/esp-idf/components/esp_phy /home/tikhon/Документы/magnolia/esp-idf/components/esp_pm /home/tikhon/Документы/magnolia/esp-idf/components/esp_psram /home/tikhon/Документы/magnolia/esp-idf/components/esp_ringbuf /home/tikhon/Документы/magnolia/esp-idf/components/esp_rom /home/tikhon/Документы/magnolia/esp-idf/components/esp_security /home/tikhon/Документы/magnolia/esp-idf/components/esp_system /home/tikhon/Документы/magnolia/esp-idf/components/esp_timer /home/tikhon/Документы/magnolia/esp-idf/components/esp_vfs_console /home/tikhon/Документы/magnolia/esp-idf/components/esp_wifi /home/tikhon/Документы/magnolia/esp-idf/components/espcoredump /home/tikhon/Документы/magnolia/applets/rust/rhexdump/managed_components/espressif__cmake_utilities /home/tikhon/Документы/magnolia/applets/rust/rhexdump/managed_components/espressif__elf_loader /home/tikhon/Документы/magnolia/esp-idf/components/esptool_py /home/tikhon/Документы/magnolia/esp-idf/components/fatfs /home/tikhon/Документы/magnolia/esp-idf/components/freertos /home/tikhon/Документы/magnolia/esp-idf/components/hal /home/tikhon/Документы/magnolia/esp-idf/components/heap /home/tikhon/Документы/magnolia/esp-idf/components/http_parser /home/tikhon/Документы/magnolia/esp-idf/components/idf_test /home/tikhon/Документы/magnolia/esp-idf/components/ieee802154 /home/tikhon/Документы/magnolia/esp-idf/components/json /home/tikhon/Документы/magnolia/esp-idf/components/log /home/tikhon/Документы/magnolia/esp-idf/components/lwip /home/tikhon/Документы/magnolia/applets/rust/rhexdump/main /home/tikhon/Документы/magnolia/esp-idf/components/mbedtls /home/tikhon/Документы/magnolia/esp-idf/components/mqtt /home/tikhon/Документы/magnolia/esp-idf/components/newlib /home/tikhon/Документы/magnolia/esp-idf/components/nvs_flash /home/tikhon/Документы/magnolia/esp-idf/components/nvs_sec_provider /home/tikhon/Документы/magnolia/esp-idf/components/openthread /home/tikhon/Документы/magnolia/esp-idf/components/partition_table /home/tikhon/Документы/magnolia/esp-idf/components/perfmon /home/tikhon/Документы/magnolia/esp-idf/components/protobuf-c /home/tikhon/Документы/magnolia/esp-idf/components/protocomm /home/tikhon/Документы/magnolia/esp-idf/components/pthread /home/tikhon/Документы/magnolia/esp-idf/components/rt /home/tikhon/Документы/magnolia/esp-idf/components/sdmmc /home/tikhon/Документы/magnolia/esp-idf/components/soc /home/tikhon/Документы/magnolia/esp-idf/components/spi_flash /home/tikhon/Документы/magnolia/esp-idf/components/spiffs /home/tikhon/Документы/magnolia/esp-idf/components/tcp_transport /home/tikhon/Документы/magnolia/esp-idf/components/touch_element /home/tikhon/Документы/magnolia/esp-idf/components/ulp /home/tikhon/Документы/magnolia/esp-idf/components/unity /home/tikhon/Документы/magnolia/esp-idf/components/usb /home/tikhon/Документы/magnolia/esp-idf/components/vfs /home/tikhon/Документы/magnolia/esp-idf/components/wear_levelling /home/tikhon/Документы/magnolia/esp-idf/components/wifi_provisioning /home/tikhon/Документы/magnolia/esp-idf/components/wpa_supplicant /home/tikhon/Документы/magnolia/esp-idf/components/xtensa
[942/1044] Building C object esp-idf/esp_eth/CMakeFiles/__idf_esp_eth.dir/src/esp_eth_netif_glue.c.obj
-- Configuring done (15.7s)
[943/1044] Building C object esp-idf/json/CMakeFiles/__idf_json.dir/cJSON/cJSON_Utils.c.obj
[2/7] Linking C static library esp-idf/esp_app_format/libesp_app_format.a
[918/1044] Building C object esp-idf/protocomm/CMakeFiles/__idf_protocomm.dir/src/security/security2.c.obj
[919/1044] Linking C static library esp-idf/esp_security/libesp_security.a
[944/1044] Building C object esp-idf/esp_driver_touch_sens/CMakeFiles/__idf_esp_driver_touch_sens.dir/common/touch_sens_common.c.obj
[920/1044] Building C object esp-idf/protocomm/CMakeFiles/__idf_protocomm.dir/src/crypto/srp6a/esp_srp.c.obj
[921/1044] Building C object esp-idf/esp_driver_cam/CMakeFiles/__idf_esp_driver_cam.dir/esp_cam_ctlr.c.obj
[922/1044] Building C object esp-idf/esp_driver_cam/CMakeFiles/__idf_esp_driver_cam.dir/dvp_share_ctrl.c.obj
[945/1044] Building C object esp-idf/esp_hid/CMakeFiles/__idf_esp_hid.dir/src/esp_hidh.c.obj
[923/1044] Building C object esp-idf/cmock/CMakeFiles/__idf_cmock.dir/CMock/src/cmock.c.obj
[924/1044] Linking C static library esp-idf/efuse/libefuse.a
[999/1044] Building C object esp-idf/spiffs/CMakeFiles/__idf_spiffs.dir/esp_spiffs.c.obj
[1000/1044] Building C object esp-idf/fatfs/CMakeFiles/__idf_fatfs.dir/src/ff.c.obj
[925/1044] Building C object esp-idf/esp_driver_cam/CMakeFiles/__idf_esp_driver_cam.dir/dvp/src/esp_cam_ctlr_dvp_gdma.c.obj
[946/1044] Building C object esp-idf/esp_lcd/CMakeFiles/__idf_esp_lcd.dir/src/esp_lcd_panel_ops.c.obj
[1001/1044] Building C object esp-idf/wifi_provisioning/CMakeFiles/__idf_wifi_provisioning.dir/src/wifi_ctrl.c.obj
[926/1044] Linking C static library esp-idf/esp_partition/libesp_partition.a
[927/1044] Building C object esp-idf/app_trace/CMakeFiles/__idf_app_trace.dir/app_trace.c.obj
[947/1044] Building C object esp-idf/esp_lcd/CMakeFiles/__idf_esp_lcd.dir/src/esp_lcd_panel_ssd1306.c.obj
[1002/1044] Building C object esp-idf/wifi_provisioning/CMakeFiles/__idf_wifi_provisioning.dir/src/wifi_scan.c.obj
[948/1044] Building C object esp-idf/esp_lcd/CMakeFiles/__idf_esp_lcd.dir/src/esp_lcd_panel_st7789.c.obj
[1003/1044] Building C object esp-idf/usb/CMakeFiles/__idf_usb.dir/hub.c.obj
[949/1044] Building C object esp-idf/esp_lcd/CMakeFiles/__idf_esp_lcd.dir/i2c/esp_lcd_panel_io_i2c_v2.c.obj
[950/1044] Building C object esp-idf/esp_driver_touch_sens/CMakeFiles/__idf_esp_driver_touch_sens.dir/hw_ver2/touch_version_specific.c.obj
[951/1044] Building C object esp-idf/espcoredump/CMakeFiles/__idf_espcoredump.dir/src/core_dump_init.c.obj
[1004/1044] Building C object esp-idf/touch_element/CMakeFiles/__idf_touch_element.dir/touch_slider.c.obj
[952/1044] Building C object esp-idf/espcoredump/CMakeFiles/__idf_espcoredump.dir/src/core_dump_common.c.obj
[953/1044] Building C object esp-idf/espcoredump/CMakeFiles/__idf_espcoredump.dir/src/core_dump_uart.c.obj
[1005/1044] Building C object esp-idf/wifi_provisioning/CMakeFiles/__idf_wifi_provisioning.dir/src/wifi_config.c.obj
[954/1044] Building C object esp-idf/espcoredump/CMakeFiles/__idf_espcoredump.dir/src/core_dump_flash.c.obj
[1006/1044] Building C object esp-idf/spiffs/CMakeFiles/__idf_spiffs.dir/spiffs/src/spiffs_hydrogen.c.obj
[955/1044] Building C object esp-idf/espcoredump/CMakeFiles/__idf_espcoredump.dir/src/core_dump_elf.c.obj
[928/1044] Building C object esp-idf/unity/CMakeFiles/__idf_unity.dir/unity/src/unity.c.obj
[956/1044] Building C object esp-idf/esp_eth/CMakeFiles/__idf_esp_eth.dir/src/esp_eth.c.obj
[929/1044] Linking C static library esp-idf/app_update/libapp_update.a
-- App "rselftest" version: c092b7f-dirty
[957/1044] Building C object esp-idf/espcoredump/CMakeFiles/__idf_espcoredump.dir/src/core_dump_sha.c.obj
[958/1044] Building C object esp-idf/esp_local_ctrl/CMakeFiles/__idf_esp_local_ctrl.dir/src/esp_local_ctrl.c.obj
[959/1044] Building C object esp-idf/espcoredump/CMakeFiles/__idf_espcoredump.dir/src/port/xtensa/core_dump_port.c.obj
[1007/1044] Linking C static library esp-idf/app_trace/libapp_trace.a
[930/1044] Building C object esp-idf/esp_hid/CMakeFiles/__idf_esp_hid.dir/src/esp_hidd.c.obj
[960/1044] Linking C static library esp-idf/wear_levelling/libwear_levelling.a
[1008/1044] Building C object esp-idf/spiffs/CMakeFiles/__idf_spiffs.dir/spiffs/src/spiffs_nucleus.c.obj
[931/1044] Linking C static library esp-idf/esp_bootloader_format/libesp_bootloader_format.a
[1009/1044] Building C object esp-idf/touch_element/CMakeFiles/__idf_touch_element.dir/touch_matrix.c.obj
[932/1044] Building C object esp-idf/json/CMakeFiles/__idf_json.dir/cJSON/cJSON_Utils.c.obj
[961/1044] Building C object esp-idf/esp_driver_cam/CMakeFiles/__idf_esp_driver_cam.dir/dvp/src/esp_cam_ctlr_dvp_cam.c.obj
[933/1044] Building C object esp-idf/esp_eth/CMakeFiles/__idf_esp_eth.dir/src/esp_eth_netif_glue.c.obj
[934/1044] Linking C static library esp-idf/esp_app_format/libesp_app_format.a
[962/1044] Building C object esp-idf/protobuf-c/CMakeFiles/__idf_protobuf-c.dir/protobuf-c/protobuf-c/protobuf-c.c.obj
[1010/1044] Linking C static library esp-idf/esp_driver_cam/libesp_driver_cam.a
[963/1044] Building C object esp-idf/esp_lcd/CMakeFiles/__idf_esp_lcd.dir/spi/esp_lcd_panel_io_spi.c.obj
[935/1044] Building C object esp-idf/esp_lcd/CMakeFiles/__idf_esp_lcd.dir/src/esp_lcd_common.c.obj
[1011/1044] Linking C static library esp-idf/esp_driver_touch_sens/libesp_driver_touch_sens.a
[964/1044] Building C object esp-idf/esp_local_ctrl/CMakeFiles/__idf_esp_local_ctrl.dir/src/esp_local_ctrl_handler.c.obj
[1012/1044] Linking C static library esp-idf/cmock/libcmock.a
[1013/1044] Building C object esp-idf/wifi_provisioning/CMakeFiles/__idf_wifi_provisioning.dir/src/scheme_console.c.obj
[1014/1044] Building C object esp-idf/touch_element/CMakeFiles/__idf_touch_element.dir/touch_element.c.obj
[965/1044] Building C object esp-idf/esp_local_ctrl/CMakeFiles/__idf_esp_local_ctrl.dir/src/esp_local_ctrl_transport_httpd.c.obj
[936/1044] Building C object esp-idf/esp_hid/CMakeFiles/__idf_esp_hid.dir/src/esp_hid_common.c.obj
[1015/1044] Building C object esp-idf/usb/CMakeFiles/__idf_usb.dir/enum.c.obj
[1016/1044] Building C object esp-idf/wifi_provisioning/CMakeFiles/__idf_wifi_provisioning.dir/proto-c/wifi_constants.pb-c.c.obj
[966/1044] Building C object esp-idf/fatfs/CMakeFiles/__idf_fatfs.dir/port/freertos/ffsystem.c.obj
[937/1044] Building CXX object esp-idf/wear_levelling/CMakeFiles/__idf_wear_levelling.dir/WL_Flash.cpp.obj
[938/1044] Building C object esp-idf/esp_hid/CMakeFiles/__idf_esp_hid.dir/src/esp_hidh.c.obj
[967/1044] Building C object esp-idf/esp_lcd/CMakeFiles/__idf_esp_lcd.dir/i2c/esp_lcd_panel_io_i2c_v1.c.obj
[1017/1044] Linking C static library esp-idf/esp_hid/libesp_hid.a
[1018/1044] Building C object esp-idf/wifi_provisioning/CMakeFiles/__idf_wifi_provisioning.dir/proto-c/wifi_ctrl.pb-c.c.obj
[939/1044] Building C object esp-idf/esp_lcd/CMakeFiles/__idf_esp_lcd.dir/src/esp_lcd_panel_io.c.obj
[968/1044] Linking C static library esp-idf/protobuf-c/libprotobuf-c.a
[1019/1044] Building C object esp-idf/wifi_provisioning/CMakeFiles/__idf_wifi_provisioning.dir/proto-c/wifi_config.pb-c.c.obj
[940/1044] Linking C static library esp-idf/xtensa/libxtensa.a
[1020/1044] Linking C static library esp-idf/esp_eth/libesp_eth.a
[1021/1044] Linking C static library esp-idf/nvs_sec_provider/libnvs_sec_provider.a
[1022/1044] Building C object esp-idf/esp_lcd/CMakeFiles/__idf_esp_lcd.dir/rgb/esp_lcd_panel_rgb.c.obj
[941/1044] Building C object esp-idf/json/CMakeFiles/__idf_json.dir/cJSON/cJSON.c.obj
[969/1044] Building C object esp-idf/fatfs/CMakeFiles/__idf_fatfs.dir/diskio/diskio_rawflash.c.obj
[1023/1044] Linking C static library esp-idf/fatfs/libfatfs.a
[970/1044] Building C object esp-idf/json/CMakeFiles/__idf_json.dir/cJSON/cJSON.c.obj
[942/1044] Building C object esp-idf/esp_lcd/CMakeFiles/__idf_esp_lcd.dir/src/esp_lcd_panel_ops.c.obj
[1024/1044] Linking C static library esp-idf/esp_local_ctrl/libesp_local_ctrl.a
[1025/1044] Linking C static library esp-idf/espcoredump/libespcoredump.a
[1026/1044] Linking C static library esp-idf/perfmon/libperfmon.a
[971/1044] Building C object esp-idf/esp_local_ctrl/CMakeFiles/__idf_esp_local_ctrl.dir/proto-c/esp_local_ctrl.pb-c.c.obj
[1027/1044] Linking C static library esp-idf/rt/librt.a
[1028/1044] Linking C static library esp-idf/touch_element/libtouch_element.a
[1029/1044] Building C object esp-idf/wifi_provisioning/CMakeFiles/__idf_wifi_provisioning.dir/src/handlers.c.obj
[1030/1044] Linking C static library esp-idf/spiffs/libspiffs.a
[972/1044] Linking C static library esp-idf/protocomm/libprotocomm.a
[973/1044] Building C object esp-idf/fatfs/CMakeFiles/__idf_fatfs.dir/src/ffunicode.c.obj
[1031/1044] Linking C static library esp-idf/esp_lcd/libesp_lcd.a
[974/1044] Linking C static library esp-idf/json/libjson.a
[943/1044] Linking C static library esp-idf/unity/libunity.a
[944/1044] Building C object esp-idf/esp_lcd/CMakeFiles/__idf_esp_lcd.dir/src/esp_lcd_panel_st7789.c.obj
[945/1044] Linking C static library esp-idf/esp_https_server/libesp_https_server.a
[946/1044] Linking C static library esp-idf/console/libconsole.a
[975/1044] Building C object esp-idf/esp_eth/CMakeFiles/__idf_esp_eth.dir/src/phy/esp_eth_phy_802_3.c.obj
[976/1044] Building C object esp-idf/fatfs/CMakeFiles/__idf_fatfs.dir/diskio/diskio_wl.c.obj
[977/1044] Building C object esp-idf/perfmon/CMakeFiles/__idf_perfmon.dir/xtensa_perfmon_masks.c.obj
[1032/1044] Building C object esp-idf/wifi_provisioning/CMakeFiles/__idf_wifi_provisioning.dir/src/scheme_softap.c.obj
[947/1044] Building C object esp-idf/esp_lcd/CMakeFiles/__idf_esp_lcd.dir/src/esp_lcd_panel_nt35510.c.obj
-- Project sdkconfig file /home/tikhon/Документы/magnolia/applets/rust/rshello/sdkconfig
[978/1044] Building C object esp-idf/fatfs/CMakeFiles/__idf_fatfs.dir/diskio/diskio.c.obj
[979/1044] Building C object esp-idf/mqtt/CMakeFiles/__idf_mqtt.dir/esp-mqtt/lib/mqtt_outbox.c.obj
[980/1044] Building C object esp-idf/perfmon/CMakeFiles/__idf_perfmon.dir/xtensa_perfmon_access.c.obj
[1033/1044] Building C object esp-idf/wifi_provisioning/CMakeFiles/__idf_wifi_provisioning.dir/proto-c/wifi_scan.pb-c.c.obj
[981/1044] Building C object esp-idf/perfmon/CMakeFiles/__idf_perfmon.dir/xtensa_perfmon_apis.c.obj
[948/1044] Building C object esp-idf/espcoredump/CMakeFiles/__idf_espcoredump.dir/src/core_dump_init.c.obj
[949/1044] Building C object esp-idf/esp_driver_cam/CMakeFiles/__idf_esp_driver_cam.dir/dvp/src/esp_cam_ctlr_dvp_cam.c.obj
[950/1044] Building C object esp-idf/esp_lcd/CMakeFiles/__idf_esp_lcd.dir/src/esp_lcd_panel_ssd1306.c.obj
[982/1044] Building C object esp-idf/fatfs/CMakeFiles/__idf_fatfs.dir/diskio/diskio_sdmmc.c.obj
[951/1044] Building C object esp-idf/espcoredump/CMakeFiles/__idf_espcoredump.dir/src/core_dump_uart.c.obj
[952/1044] Building C object esp-idf/esp_lcd/CMakeFiles/__idf_esp_lcd.dir/i2c/esp_lcd_panel_io_i2c_v2.c.obj
[953/1044] Building C object esp-idf/espcoredump/CMakeFiles/__idf_espcoredump.dir/src/core_dump_elf.c.obj
[1034/1044] Building C object esp-idf/main/CMakeFiles/__idf_main.dir/main.c.obj
[954/1044] Building C object esp-idf/espcoredump/CMakeFiles/__idf_espcoredump.dir/src/core_dump_flash.c.obj
[1035/1044] Building C object esp-idf/usb/CMakeFiles/__idf_usb.dir/usb_host.c.obj
[955/1044] Building C object esp-idf/esp_driver_touch_sens/CMakeFiles/__idf_esp_driver_touch_sens.dir/hw_ver2/touch_version_specific.c.obj
[956/1044] Building C object esp-idf/protobuf-c/CMakeFiles/__idf_protobuf-c.dir/protobuf-c/protobuf-c/protobuf-c.c.obj
[957/1044] Building C object esp-idf/espcoredump/CMakeFiles/__idf_espcoredump.dir/src/core_dump_common.c.obj
[983/1044] Building C object esp-idf/mqtt/CMakeFiles/__idf_mqtt.dir/esp-mqtt/lib/platform_esp32_idf.c.obj
[958/1044] Building C object esp-idf/espcoredump/CMakeFiles/__idf_espcoredump.dir/src/core_dump_sha.c.obj
[984/1044] Building C object esp-idf/nvs_sec_provider/CMakeFiles/__idf_nvs_sec_provider.dir/nvs_sec_provider.c.obj
[959/1044] Building C object esp-idf/esp_lcd/CMakeFiles/__idf_esp_lcd.dir/i2c/esp_lcd_panel_io_i2c_v1.c.obj
[1036/1044] Building C object esp-idf/wifi_provisioning/CMakeFiles/__idf_wifi_provisioning.dir/src/manager.c.obj
[985/1044] Building C object esp-idf/spiffs/CMakeFiles/__idf_spiffs.dir/spiffs/src/spiffs_cache.c.obj
[960/1044] Building C object esp-idf/espcoredump/CMakeFiles/__idf_espcoredump.dir/src/port/xtensa/core_dump_port.c.obj
[961/1044] Linking C static library esp-idf/wear_levelling/libwear_levelling.a
[962/1044] Linking C static library esp-idf/protobuf-c/libprotobuf-c.a
[963/1044] Building C object esp-idf/esp_driver_touch_sens/CMakeFiles/__idf_esp_driver_touch_sens.dir/common/touch_sens_common.c.obj
[986/1044] Building C object esp-idf/rt/CMakeFiles/__idf_rt.dir/FreeRTOS_POSIX_utils.c.obj
[1037/1044] Building C object esp-idf/usb/CMakeFiles/__idf_usb.dir/usbh.c.obj
[964/1044] Building C object esp-idf/esp_eth/CMakeFiles/__idf_esp_eth.dir/src/esp_eth.c.obj
[987/1044] Building C object esp-idf/spiffs/CMakeFiles/__idf_spiffs.dir/spiffs/src/spiffs_gc.c.obj
[965/1044] Building C object esp-idf/esp_local_ctrl/CMakeFiles/__idf_esp_local_ctrl.dir/src/esp_local_ctrl_transport_httpd.c.obj
[1038/1044] Linking C static library esp-idf/wifi_provisioning/libwifi_provisioning.a
[966/1044] Building C object esp-idf/fatfs/CMakeFiles/__idf_fatfs.dir/src/ffunicode.c.obj
[967/1044] Building C object esp-idf/fatfs/CMakeFiles/__idf_fatfs.dir/diskio/diskio_rawflash.c.obj
[968/1044] Linking C static library esp-idf/protocomm/libprotocomm.a
[969/1044] Building C object esp-idf/esp_eth/CMakeFiles/__idf_esp_eth.dir/src/phy/esp_eth_phy_802_3.c.obj
[988/1044] Building C object esp-idf/fatfs/CMakeFiles/__idf_fatfs.dir/vfs/vfs_fat_sdmmc.c.obj
[970/1044] Linking C static library esp-idf/json/libjson.a
[971/1044] Building C object esp-idf/fatfs/CMakeFiles/__idf_fatfs.dir/port/freertos/ffsystem.c.obj
[972/1044] Building C object esp-idf/esp_local_ctrl/CMakeFiles/__idf_esp_local_ctrl.dir/src/esp_local_ctrl_handler.c.obj
[973/1044] Building C object esp-idf/esp_local_ctrl/CMakeFiles/__idf_esp_local_ctrl.dir/src/esp_local_ctrl.c.obj
[989/1044] Building C object esp-idf/esp_lcd/CMakeFiles/__idf_esp_lcd.dir/i80/esp_lcd_panel_io_i80.c.obj
[990/1044] Building C object esp-idf/fatfs/CMakeFiles/__idf_fatfs.dir/vfs/vfs_fat_spiflash.c.obj
-- ESP-TEE is currently supported only on the esp32c6;esp32h2;esp32c5 SoCs
[991/1044] Building C object esp-idf/spiffs/CMakeFiles/__idf_spiffs.dir/spiffs_api.c.obj
[974/1044] Building C object esp-idf/fatfs/CMakeFiles/__idf_fatfs.dir/diskio/diskio_wl.c.obj
[992/1044] Building C object esp-idf/mqtt/CMakeFiles/__idf_mqtt.dir/esp-mqtt/lib/mqtt_msg.c.obj
[975/1044] Building C object esp-idf/esp_local_ctrl/CMakeFiles/__idf_esp_local_ctrl.dir/proto-c/esp_local_ctrl.pb-c.c.obj
[993/1044] Building C object esp-idf/rt/CMakeFiles/__idf_rt.dir/FreeRTOS_POSIX_mqueue.c.obj
[976/1044] Building C object esp-idf/fatfs/CMakeFiles/__idf_fatfs.dir/diskio/diskio.c.obj
[1039/1044] Building C object esp-idf/usb/CMakeFiles/__idf_usb.dir/hcd_dwc.c.obj
[977/1044] Building C object esp-idf/perfmon/CMakeFiles/__idf_perfmon.dir/xtensa_perfmon_access.c.obj
[994/1044] Building C object esp-idf/touch_element/CMakeFiles/__idf_touch_element.dir/touch_button.c.obj
[995/1044] Building C object esp-idf/fatfs/CMakeFiles/__idf_fatfs.dir/vfs/vfs_fat.c.obj
-- USING O3
[978/1044] Building C object esp-idf/perfmon/CMakeFiles/__idf_perfmon.dir/xtensa_perfmon_masks.c.obj
[979/1044] Building C object esp-idf/mqtt/CMakeFiles/__idf_mqtt.dir/esp-mqtt/lib/platform_esp32_idf.c.obj
[980/1044] Building C object esp-idf/perfmon/CMakeFiles/__idf_perfmon.dir/xtensa_perfmon_apis.c.obj
[981/1044] Building C object esp-idf/nvs_sec_provider/CMakeFiles/__idf_nvs_sec_provider.dir/nvs_sec_provider.c.obj
[982/1044] Building C object esp-idf/esp_lcd/CMakeFiles/__idf_esp_lcd.dir/spi/esp_lcd_panel_io_spi.c.obj
[1040/1044] Linking C static library esp-idf/usb/libusb.a
[983/1044] Building C object esp-idf/fatfs/CMakeFiles/__idf_fatfs.dir/diskio/diskio_sdmmc.c.obj
[984/1044] Building C object esp-idf/mqtt/CMakeFiles/__idf_mqtt.dir/esp-mqtt/lib/mqtt_outbox.c.obj
[996/1044] Building C object esp-idf/touch_element/CMakeFiles/__idf_touch_element.dir/touch_slider.c.obj
[997/1044] Building C object esp-idf/usb/CMakeFiles/__idf_usb.dir/usb_private.c.obj
[1041/1044] Building C object esp-idf/mqtt/CMakeFiles/__idf_mqtt.dir/esp-mqtt/mqtt_client.c.obj
-- Adding linker script /home/tikhon/Документы/magnolia/applets/rust/rselftest/build/esp-idf/esp_system/ld/memory.ld
-- Adding linker script /home/tikhon/Документы/magnolia/applets/rust/rselftest/build/esp-idf/esp_system/ld/sections.ld.in
-- Adding linker script /home/tikhon/Документы/magnolia/esp-idf/components/esp_rom/esp32s3/ld/esp32s3.rom.ld
[985/1044] Building C object esp-idf/spiffs/CMakeFiles/__idf_spiffs.dir/spiffs/src/spiffs_cache.c.obj
[998/1044] Building C object esp-idf/esp_lcd/CMakeFiles/__idf_esp_lcd.dir/rgb/esp_lcd_panel_rgb.c.obj
[986/1044] Building C object esp-idf/esp_lcd/CMakeFiles/__idf_esp_lcd.dir/i80/esp_lcd_panel_io_i80.c.obj
-- Adding linker script /home/tikhon/Документы/magnolia/esp-idf/components/esp_rom/esp32s3/ld/esp32s3.rom.api.ld
-- Adding linker script /home/tikhon/Документы/magnolia/esp-idf/components/esp_rom/esp32s3/ld/esp32s3.rom.bt_funcs.ld
-- Adding linker script /home/tikhon/Документы/magnolia/esp-idf/components/esp_rom/esp32s3/ld/esp32s3.rom.libgcc.ld
-- Adding linker script /home/tikhon/Документы/magnolia/esp-idf/components/esp_rom/esp32s3/ld/esp32s3.rom.wdt.ld
-- Adding linker script /home/tikhon/Документы/magnolia/esp-idf/components/esp_rom/esp32s3/ld/esp32s3.rom.version.ld
-- Adding linker script /home/tikhon/Документы/magnolia/esp-idf/components/esp_rom/esp32s3/ld/esp32s3.rom.ble_master.ld
-- Adding linker script /home/tikhon/Документы/magnolia/esp-idf/components/esp_rom/esp32s3/ld/esp32s3.rom.ble_50.ld
-- Adding linker script /home/tikhon/Документы/magnolia/esp-idf/components/esp_rom/esp32s3/ld/esp32s3.rom.ble_smp.ld
-- Adding linker script /home/tikhon/Документы/magnolia/esp-idf/components/esp_rom/esp32s3/ld/esp32s3.rom.ble_dtm.ld
-- Adding linker script /home/tikhon/Документы/magnolia/esp-idf/components/esp_rom/esp32s3/ld/esp32s3.rom.ble_test.ld
-- Adding linker script /home/tikhon/Документы/magnolia/esp-idf/components/esp_rom/esp32s3/ld/esp32s3.rom.ble_scan.ld
-- Adding linker script /home/tikhon/Документы/magnolia/esp-idf/components/esp_rom/esp32s3/ld/esp32s3.rom.libc.ld
-- Adding linker script /home/tikhon/Документы/magnolia/esp-idf/components/esp_rom/esp32s3/ld/esp32s3.rom.newlib.ld
[1042/1044] Linking C static library esp-idf/mqtt/libmqtt.a
[999/1044] Building C object esp-idf/wifi_provisioning/CMakeFiles/__idf_wifi_provisioning.dir/src/wifi_ctrl.c.obj
[987/1044] Building C object esp-idf/spiffs/CMakeFiles/__idf_spiffs.dir/spiffs_api.c.obj
[1000/1044] Building C object esp-idf/spiffs/CMakeFiles/__idf_spiffs.dir/spiffs/src/spiffs_check.c.obj
[1043/1044] Linking C static library esp-idf/main/libmain.a
-- Adding linker script /home/tikhon/Документы/magnolia/esp-idf/components/soc/esp32s3/ld/esp32s3.peripherals.ld
[1001/1044] Building C object esp-idf/spiffs/CMakeFiles/__idf_spiffs.dir/spiffs/src/spiffs_hydrogen.c.obj
[1002/1044] Building C object esp-idf/wifi_provisioning/CMakeFiles/__idf_wifi_provisioning.dir/src/wifi_config.c.obj
[988/1044] Building C object esp-idf/rt/CMakeFiles/__idf_rt.dir/FreeRTOS_POSIX_utils.c.obj
[1044/1044] Build ELF: unlink.app.elf
[989/1044] Building C object esp-idf/fatfs/CMakeFiles/__idf_fatfs.dir/vfs/vfs_fat_sdmmc.c.obj
[1003/1044] Building C object esp-idf/usb/CMakeFiles/__idf_usb.dir/usb_helpers.c.obj
[1004/1044] Building C object esp-idf/usb/CMakeFiles/__idf_usb.dir/hub.c.obj
[990/1044] Building C object esp-idf/mqtt/CMakeFiles/__idf_mqtt.dir/esp-mqtt/lib/mqtt_msg.c.obj
[1005/1044] Building C object esp-idf/fatfs/CMakeFiles/__idf_fatfs.dir/src/ff.c.obj
[991/1044] Building C object esp-idf/rt/CMakeFiles/__idf_rt.dir/FreeRTOS_POSIX_mqueue.c.obj
-- Minimal build - OFF
[1006/1044] Building C object esp-idf/touch_element/CMakeFiles/__idf_touch_element.dir/touch_matrix.c.obj
[1007/1044] Building C object esp-idf/wifi_provisioning/CMakeFiles/__idf_wifi_provisioning.dir/proto-c/wifi_constants.pb-c.c.obj
[1008/1044] Linking C static library esp-idf/app_trace/libapp_trace.a
[992/1044] Building C object esp-idf/fatfs/CMakeFiles/__idf_fatfs.dir/vfs/vfs_fat_spiflash.c.obj
[1009/1044] Linking C static library esp-idf/cmock/libcmock.a
[1010/1044] Building C object esp-idf/wifi_provisioning/CMakeFiles/__idf_wifi_provisioning.dir/src/scheme_console.c.obj
-- Building ESP-IDF components for target esp32s3
[993/1044] Building C object esp-idf/usb/CMakeFiles/__idf_usb.dir/hub.c.obj
[1011/1044] Building C object esp-idf/usb/CMakeFiles/__idf_usb.dir/enum.c.obj
[1012/1044] Linking C static library esp-idf/esp_eth/libesp_eth.a
[1013/1044] Linking C static library esp-idf/esp_driver_cam/libesp_driver_cam.a
[994/1044] Building C object esp-idf/spiffs/CMakeFiles/__idf_spiffs.dir/spiffs/src/spiffs_check.c.obj
[1014/1044] Building C object esp-idf/wifi_provisioning/CMakeFiles/__idf_wifi_provisioning.dir/proto-c/wifi_ctrl.pb-c.c.obj
[995/1044] Building C object esp-idf/esp_lcd/CMakeFiles/__idf_esp_lcd.dir/rgb/esp_lcd_panel_rgb.c.obj
[1015/1044] Building C object esp-idf/wifi_provisioning/CMakeFiles/__idf_wifi_provisioning.dir/src/handlers.c.obj
[1016/1044] Linking C static library esp-idf/esp_driver_touch_sens/libesp_driver_touch_sens.a
[1017/1044] Building C object esp-idf/spiffs/CMakeFiles/__idf_spiffs.dir/esp_spiffs.c.obj
[1018/1044] Linking C static library esp-idf/esp_hid/libesp_hid.a
[1019/1044] Building C object esp-idf/usb/CMakeFiles/__idf_usb.dir/usbh.c.obj
[996/1044] Building C object esp-idf/spiffs/CMakeFiles/__idf_spiffs.dir/spiffs/src/spiffs_gc.c.obj
[997/1044] Building C object esp-idf/usb/CMakeFiles/__idf_usb.dir/usb_private.c.obj
[1020/1044] Linking C static library esp-idf/esp_local_ctrl/libesp_local_ctrl.a
[1021/1044] Linking C static library esp-idf/esp_lcd/libesp_lcd.a
[1022/1044] Linking C static library esp-idf/espcoredump/libespcoredump.a
[1023/1044] Linking C static library esp-idf/nvs_sec_provider/libnvs_sec_provider.a
[1024/1044] Linking C static library esp-idf/rt/librt.a
[1025/1044] Linking C static library esp-idf/perfmon/libperfmon.a
[1026/1044] Linking C static library esp-idf/fatfs/libfatfs.a
[1027/1044] Building C object esp-idf/wifi_provisioning/CMakeFiles/__idf_wifi_provisioning.dir/src/wifi_scan.c.obj
[1028/1044] Building C object esp-idf/wifi_provisioning/CMakeFiles/__idf_wifi_provisioning.dir/proto-c/wifi_scan.pb-c.c.obj
[1029/1044] Building C object esp-idf/wifi_provisioning/CMakeFiles/__idf_wifi_provisioning.dir/proto-c/wifi_config.pb-c.c.obj
[1030/1044] Building C object esp-idf/wifi_provisioning/CMakeFiles/__idf_wifi_provisioning.dir/src/scheme_softap.c.obj
[998/1044] Building C object esp-idf/usb/CMakeFiles/__idf_usb.dir/usb_helpers.c.obj
[999/1044] Building C object esp-idf/touch_element/CMakeFiles/__idf_touch_element.dir/touch_button.c.obj
[1031/1044] Building C object esp-idf/touch_element/CMakeFiles/__idf_touch_element.dir/touch_element.c.obj
Loading defaults file /home/tikhon/Документы/magnolia/applets/rust/rshello/sdkconfig.defaults...
[1000/1044] Building C object esp-idf/touch_element/CMakeFiles/__idf_touch_element.dir/touch_slider.c.obj
[1032/1044] Linking C static library esp-idf/touch_element/libtouch_element.a
[1001/1044] Building C object esp-idf/wifi_provisioning/CMakeFiles/__idf_wifi_provisioning.dir/src/wifi_config.c.obj
Applet unlink OK -> /home/tikhon/Документы/magnolia/rootfs/bin/unlink
Building applet zighello -> zighello ...
+ idf.py elf
[1033/1044] Building C object esp-idf/mqtt/CMakeFiles/__idf_mqtt.dir/esp-mqtt/mqtt_client.c.obj
[1002/1044] Building C object esp-idf/wifi_provisioning/CMakeFiles/__idf_wifi_provisioning.dir/src/wifi_ctrl.c.obj
[1003/1044] Building C object esp-idf/touch_element/CMakeFiles/__idf_touch_element.dir/touch_element.c.obj
[1034/1044] Linking C static library esp-idf/mqtt/libmqtt.a
[1004/1044] Building C object esp-idf/wifi_provisioning/CMakeFiles/__idf_wifi_provisioning.dir/src/wifi_scan.c.obj
[1005/1044] Building C object esp-idf/usb/CMakeFiles/__idf_usb.dir/enum.c.obj
[1035/1044] Building C object esp-idf/spiffs/CMakeFiles/__idf_spiffs.dir/spiffs/src/spiffs_nucleus.c.obj
[1036/1044] Building C object esp-idf/main/CMakeFiles/__idf_main.dir/main.c.obj
[1006/1044] Building C object esp-idf/touch_element/CMakeFiles/__idf_touch_element.dir/touch_matrix.c.obj
[1007/1044] Building C object esp-idf/spiffs/CMakeFiles/__idf_spiffs.dir/esp_spiffs.c.obj
[1008/1044] Building C object esp-idf/wifi_provisioning/CMakeFiles/__idf_wifi_provisioning.dir/src/handlers.c.obj
[1037/1044] Linking C static library esp-idf/spiffs/libspiffs.a
[1009/1044] Building C object esp-idf/fatfs/CMakeFiles/__idf_fatfs.dir/vfs/vfs_fat.c.obj
-- Compiler supported targets: xtensa-esp-elf
[1010/1044] Building C object esp-idf/wifi_provisioning/CMakeFiles/__idf_wifi_provisioning.dir/src/scheme_console.c.obj
[1011/1044] Linking C static library esp-idf/cmock/libcmock.a
[1012/1044] Linking C static library esp-idf/app_trace/libapp_trace.a
[3/7] Build Rust staticlib: /home/tikhon/Документы/magnolia/applets/rust/edit/build/libedit.a
FAILED: libedit.a /home/tikhon/Документы/magnolia/applets/rust/edit/build/libedit.a 
cd /home/tikhon/Документы/magnolia/applets/rust/edit/build && /usr/bin/cmake -E env CARGO_TARGET_DIR=/home/tikhon/Документы/magnolia/applets/rust/edit/build/rust_target bash -lc "set -euo pipefail;                  if [ -n \"/home/tikhon/export-esp.sh\" ] && [ -f \"/home/tikhon/export-esp.sh\" ]; then . \"/home/tikhon/export-esp.sh\" >/dev/null 2>&1; fi;                  RUSTFLAGS='-C panic=abort' cargo +esp build  --locked                    -Zbuild-std=core,alloc,compiler_builtins -Zbuild-std-features=compiler-builtins-mem                    --manifest-path '/home/tikhon/Документы/magnolia/applets/rust/edit/rust/Cargo.toml' --release --target 'xtensa-esp32s3-none-elf'" && /usr/bin/cmake -E copy_if_different /home/tikhon/Документы/magnolia/applets/rust/edit/build/rust_target/xtensa-esp32s3-none-elf/release/libedit.a /home/tikhon/Документы/magnolia/applets/rust/edit/build/libedit.a && bash -lc "set -euo pipefail;                  tmp='/home/tikhon/Документы/magnolia/applets/rust/edit/build/rust_fixup_edit';                  rm -rf \"\$tmp\"; mkdir -p \"\$tmp\";                  cd \"\$tmp\";                  '/home/tikhon/.espressif/tools/xtensa-esp-elf/esp-15.1.0_20250607/xtensa-esp-elf/bin/xtensa-esp32s3-elf-ar' x '/home/tikhon/Документы/magnolia/applets/rust/edit/build/libedit.a';                  for obj in *.o; do                    [ -f \"\$obj\" ] || continue;                    for sec in \$(LC_ALL=C readelf -S -W \"\$obj\" | sed -n 's/^[[:space:]]*\\[[[:space:]]*[0-9]\\+\\][[:space:]]\\+\\([^ ]\\+\\).*/\\1/p'); do                      case \"\$sec\" in                        .literal*|.rodata*) '/home/tikhon/.espressif/tools/xtensa-esp-elf/esp-15.1.0_20250607/xtensa-esp-elf/bin/xtensa-esp32s3-elf-objcopy' --set-section-flags \"\$sec\"=alloc,load,contents,data \"\$obj\" || true ;;                      esac;                    done;                  done;                  '/home/tikhon/.espressif/tools/xtensa-esp-elf/esp-15.1.0_20250607/xtensa-esp-elf/bin/xtensa-esp32s3-elf-ar' rcs '/home/tikhon/Документы/magnolia/applets/rust/edit/build/libedit.a' *.o"
   Compiling magnolia-applet-sys v0.1.0 (/home/tikhon/Документы/magnolia/sdk/rust/magnolia-applet-sys)
   Compiling magnolia-applet v0.1.0 (/home/tikhon/Документы/magnolia/sdk/rust/magnolia-applet)
error: cannot find macro `vec` in this scope
  --> /home/tikhon/Документы/magnolia/sdk/rust/magnolia-applet/src/net.rs:86:9
   |
86 |         vec![unsafe { mem::zeroed() }; count as usize];
   |         ^^^
   |
help: consider importing this macro
   |
 1 + use alloc::vec;
   |

error: cannot find macro `vec` in this scope
   --> /home/tikhon/Документы/magnolia/sdk/rust/magnolia-applet/src/net.rs:226:9
    |
226 |         vec![unsafe { mem::zeroed() }; count as usize];
    |         ^^^
    |
help: consider importing this macro
    |
  1 + use alloc::vec;
    |

error: cannot find macro `vec` in this scope
  --> /home/tikhon/Документы/magnolia/sdk/rust/magnolia-applet/src/sysctl.rs:31:19
   |
31 |     let mut buf = vec![0i8; 256];
   |                   ^^^
   |
help: consider importing this macro
   |
 1 + use alloc::vec;
   |

error: could not compile `magnolia-applet` (lib) due to 3 previous errors
ninja: build stopped: subcommand failed.
[1013/1044] Building C object esp-idf/wifi_provisioning/CMakeFiles/__idf_wifi_provisioning.dir/proto-c/wifi_config.pb-c.c.obj
[1014/1044] Building C object esp-idf/wifi_provisioning/CMakeFiles/__idf_wifi_provisioning.dir/proto-c/wifi_constants.pb-c.c.obj
[1015/1044] Building C object esp-idf/wifi_provisioning/CMakeFiles/__idf_wifi_provisioning.dir/proto-c/wifi_ctrl.pb-c.c.obj
[1016/1044] Linking C static library esp-idf/esp_eth/libesp_eth.a
[1017/1044] Building C object esp-idf/spiffs/CMakeFiles/__idf_spiffs.dir/spiffs/src/spiffs_hydrogen.c.obj
[1018/1044] Building C object esp-idf/wifi_provisioning/CMakeFiles/__idf_wifi_provisioning.dir/src/scheme_softap.c.obj
[1019/1044] Linking C static library esp-idf/esp_driver_touch_sens/libesp_driver_touch_sens.a
[1038/1044] Building C object esp-idf/usb/CMakeFiles/__idf_usb.dir/usb_host.c.obj
[1020/1044] Linking C static library esp-idf/esp_hid/libesp_hid.a
[1021/1044] Linking C static library esp-idf/esp_driver_cam/libesp_driver_cam.a
[1022/1044] Linking C static library esp-idf/esp_local_ctrl/libesp_local_ctrl.a
[1023/1044] Linking C static library esp-idf/nvs_sec_provider/libnvs_sec_provider.a
[1024/1044] Linking C static library esp-idf/espcoredump/libespcoredump.a
[1025/1044] Building C object esp-idf/fatfs/CMakeFiles/__idf_fatfs.dir/src/ff.c.obj
[1026/1044] Linking C static library esp-idf/esp_lcd/libesp_lcd.a
[1027/1044] Linking C static library esp-idf/rt/librt.a
[1028/1044] Linking C static library esp-idf/perfmon/libperfmon.a
[1039/1044] Building C object esp-idf/wifi_provisioning/CMakeFiles/__idf_wifi_provisioning.dir/src/manager.c.obj
[1029/1044] Linking C static library esp-idf/touch_element/libtouch_element.a
[1040/1044] Building C object esp-idf/usb/CMakeFiles/__idf_usb.dir/hcd_dwc.c.obj
-- Generating done (2.3s)
[1030/1044] Linking C static library esp-idf/fatfs/libfatfs.a
[1031/1044] Building C object esp-idf/wifi_provisioning/CMakeFiles/__idf_wifi_provisioning.dir/proto-c/wifi_scan.pb-c.c.obj
[1032/1044] Building C object esp-idf/usb/CMakeFiles/__idf_usb.dir/usb_host.c.obj
-- Build files have been written to: /home/tikhon/Документы/magnolia/applets/rust/rdd/build
[1041/1044] Linking C static library esp-idf/wifi_provisioning/libwifi_provisioning.a
[1042/1044] Linking C static library esp-idf/usb/libusb.a
[1033/1044] Building C object esp-idf/usb/CMakeFiles/__idf_usb.dir/hcd_dwc.c.obj
[1034/1044] Building C object esp-idf/main/CMakeFiles/__idf_main.dir/main.c.obj
[1043/1044] Linking C static library esp-idf/main/libmain.a
Executing action: elf
Running ninja in directory /home/tikhon/Документы/magnolia/applets/zig/zigdemo/build
Executing "ninja elf"...
[0/2] Re-checking globbed directories...
[1/2] Re-running CMake...
-- Project sdkconfig file /home/tikhon/Документы/magnolia/applets/rust/rxxd/sdkconfig
[1035/1044] Building C object esp-idf/mqtt/CMakeFiles/__idf_mqtt.dir/esp-mqtt/mqtt_client.c.obj
[1036/1044] Building C object esp-idf/usb/CMakeFiles/__idf_usb.dir/usbh.c.obj
[1044/1044] Build ELF: wc.app.elf
[1037/1044] Building C object esp-idf/spiffs/CMakeFiles/__idf_spiffs.dir/spiffs/src/spiffs_nucleus.c.obj
Command failed (2): idf.py elf
Elf target failed for edit; running `idf.py build` instead.
+ idf.py build
-- Generating done (1.9s)
[1038/1044] Linking C static library esp-idf/mqtt/libmqtt.a
[1039/1044] Linking C static library esp-idf/usb/libusb.a
-- App "rusthello" version: c092b7f-dirty
[1040/1044] Linking C static library esp-idf/spiffs/libspiffs.a
-- Build files have been written to: /home/tikhon/Документы/magnolia/applets/rust/rhexdump/build
[1041/1044] Building C object esp-idf/wifi_provisioning/CMakeFiles/__idf_wifi_provisioning.dir/src/manager.c.obj
[0/4] Re-checking globbed directories...
[1042/1044] Linking C static library esp-idf/wifi_provisioning/libwifi_provisioning.a
-- Compiler supported targets: xtensa-esp-elf
[1043/1044] Linking C static library esp-idf/main/libmain.a
[1044/1044] Build ELF: yes.app.elf
[1/7] Building C object esp-idf/esp_app_format/CMakeFiles/__idf_esp_app_format.dir/esp_app_desc.c.obj
Applet wc OK -> /home/tikhon/Документы/magnolia/rootfs/bin/wc
Building applet zigtest -> zigtest ...
+ idf.py elf
[0/4] Re-checking globbed directories...
[2/7] Linking C static library esp-idf/esp_app_format/libesp_app_format.a
[1/7] Building C object esp-idf/esp_app_format/CMakeFiles/__idf_esp_app_format.dir/esp_app_desc.c.obj
-- App "rshello" version: c092b7f-dirty
[2/7] Linking C static library esp-idf/esp_app_format/libesp_app_format.a
-- USING O3
Applet yes OK -> /home/tikhon/Документы/magnolia/rootfs/bin/yes
Building applet zxxd -> zxxd ...
+ idf.py elf
-- Adding linker script /home/tikhon/Документы/magnolia/applets/rust/rusthello/build/esp-idf/esp_system/ld/memory.ld
-- Adding linker script /home/tikhon/Документы/magnolia/applets/rust/rusthello/build/esp-idf/esp_system/ld/sections.ld.in
-- Adding linker script /home/tikhon/Документы/magnolia/esp-idf/components/esp_rom/esp32s3/ld/esp32s3.rom.ld
-- Adding linker script /home/tikhon/Документы/magnolia/esp-idf/components/esp_rom/esp32s3/ld/esp32s3.rom.api.ld
-- Adding linker script /home/tikhon/Документы/magnolia/esp-idf/components/esp_rom/esp32s3/ld/esp32s3.rom.bt_funcs.ld
-- Adding linker script /home/tikhon/Документы/magnolia/esp-idf/components/esp_rom/esp32s3/ld/esp32s3.rom.libgcc.ld
-- Adding linker script /home/tikhon/Документы/magnolia/esp-idf/components/esp_rom/esp32s3/ld/esp32s3.rom.wdt.ld
-- Adding linker script /home/tikhon/Документы/magnolia/esp-idf/components/esp_rom/esp32s3/ld/esp32s3.rom.version.ld
-- Adding linker script /home/tikhon/Документы/magnolia/esp-idf/components/esp_rom/esp32s3/ld/esp32s3.rom.ble_master.ld
-- Adding linker script /home/tikhon/Документы/magnolia/esp-idf/components/esp_rom/esp32s3/ld/esp32s3.rom.ble_50.ld
-- Adding linker script /home/tikhon/Документы/magnolia/esp-idf/components/esp_rom/esp32s3/ld/esp32s3.rom.ble_smp.ld
-- Adding linker script /home/tikhon/Документы/magnolia/esp-idf/components/esp_rom/esp32s3/ld/esp32s3.rom.ble_dtm.ld
-- Adding linker script /home/tikhon/Документы/magnolia/esp-idf/components/esp_rom/esp32s3/ld/esp32s3.rom.ble_test.ld
-- Adding linker script /home/tikhon/Документы/magnolia/esp-idf/components/esp_rom/esp32s3/ld/esp32s3.rom.ble_scan.ld
-- Adding linker script /home/tikhon/Документы/magnolia/esp-idf/components/esp_rom/esp32s3/ld/esp32s3.rom.libc.ld
-- Adding linker script /home/tikhon/Документы/magnolia/esp-idf/components/esp_rom/esp32s3/ld/esp32s3.rom.newlib.ld
-- Adding linker script /home/tikhon/Документы/magnolia/esp-idf/components/soc/esp32s3/ld/esp32s3.peripherals.ld
-- Components: app_trace app_update bootloader bootloader_support bt cmock console cxx driver efuse esp-tls esp_adc esp_app_format esp_bootloader_format esp_coex esp_common esp_driver_ana_cmpr esp_driver_bitscrambler esp_driver_cam esp_driver_dac esp_driver_gpio esp_driver_gptimer esp_driver_i2c esp_driver_i2s esp_driver_i3c esp_driver_isp esp_driver_jpeg esp_driver_ledc esp_driver_mcpwm esp_driver_parlio esp_driver_pcnt esp_driver_ppa esp_driver_rmt esp_driver_sd_intf esp_driver_sdio esp_driver_sdm esp_driver_sdmmc esp_driver_sdspi esp_driver_spi esp_driver_touch_sens esp_driver_tsens esp_driver_twai esp_driver_uart esp_driver_usb_serial_jtag esp_eth esp_event esp_gdbstub esp_hid esp_http_client esp_http_server esp_https_ota esp_https_server esp_hw_support esp_lcd esp_local_ctrl esp_mm esp_netif esp_netif_stack esp_partition esp_phy esp_pm esp_psram esp_ringbuf esp_rom esp_security esp_system esp_timer esp_vfs_console esp_wifi espcoredump esptool_py fatfs freertos hal heap http_parser idf_test ieee802154 json log lwip main mbedtls mqtt newlib nvs_flash nvs_sec_provider openthread partition_table perfmon protobuf-c protocomm pthread rt sdmmc soc spi_flash spiffs tcp_transport touch_element ulp unity usb vfs wear_levelling wifi_provisioning wpa_supplicant xtensa
-- Component paths: /home/tikhon/Документы/magnolia/esp-idf/components/app_trace /home/tikhon/Документы/magnolia/esp-idf/components/app_update /home/tikhon/Документы/magnolia/esp-idf/components/bootloader /home/tikhon/Документы/magnolia/esp-idf/components/bootloader_support /home/tikhon/Документы/magnolia/esp-idf/components/bt /home/tikhon/Документы/magnolia/esp-idf/components/cmock /home/tikhon/Документы/magnolia/esp-idf/components/console /home/tikhon/Документы/magnolia/esp-idf/components/cxx /home/tikhon/Документы/magnolia/esp-idf/components/driver /home/tikhon/Документы/magnolia/esp-idf/components/efuse /home/tikhon/Документы/magnolia/esp-idf/components/esp-tls /home/tikhon/Документы/magnolia/esp-idf/components/esp_adc /home/tikhon/Документы/magnolia/esp-idf/components/esp_app_format /home/tikhon/Документы/magnolia/esp-idf/components/esp_bootloader_format /home/tikhon/Документы/magnolia/esp-idf/components/esp_coex /home/tikhon/Документы/magnolia/esp-idf/components/esp_common /home/tikhon/Документы/magnolia/esp-idf/components/esp_driver_ana_cmpr /home/tikhon/Документы/magnolia/esp-idf/components/esp_driver_bitscrambler /home/tikhon/Документы/magnolia/esp-idf/components/esp_driver_cam /home/tikhon/Документы/magnolia/esp-idf/components/esp_driver_dac /home/tikhon/Документы/magnolia/esp-idf/components/esp_driver_gpio /home/tikhon/Документы/magnolia/esp-idf/components/esp_driver_gptimer /home/tikhon/Документы/magnolia/esp-idf/components/esp_driver_i2c /home/tikhon/Документы/magnolia/esp-idf/components/esp_driver_i2s /home/tikhon/Документы/magnolia/esp-idf/components/esp_driver_i3c /home/tikhon/Документы/magnolia/esp-idf/components/esp_driver_isp /home/tikhon/Документы/magnolia/esp-idf/components/esp_driver_jpeg /home/tikhon/Документы/magnolia/esp-idf/components/esp_driver_ledc /home/tikhon/Документы/magnolia/esp-idf/components/esp_driver_mcpwm /home/tikhon/Документы/magnolia/esp-idf/components/esp_driver_parlio /home/tikhon/Документы/magnolia/esp-idf/components/esp_driver_pcnt /home/tikhon/Документы/magnolia/esp-idf/components/esp_driver_ppa /home/tikhon/Документы/magnolia/esp-idf/components/esp_driver_rmt /home/tikhon/Документы/magnolia/esp-idf/components/esp_driver_sd_intf /home/tikhon/Документы/magnolia/esp-idf/components/esp_driver_sdio /home/tikhon/Документы/magnolia/esp-idf/components/esp_driver_sdm /home/tikhon/Документы/magnolia/esp-idf/components/esp_driver_sdmmc /home/tikhon/Документы/magnolia/esp-idf/components/esp_driver_sdspi /home/tikhon/Документы/magnolia/esp-idf/components/esp_driver_spi /home/tikhon/Документы/magnolia/esp-idf/components/esp_driver_touch_sens /home/tikhon/Документы/magnolia/esp-idf/components/esp_driver_tsens /home/tikhon/Документы/magnolia/esp-idf/components/esp_driver_twai /home/tikhon/Документы/magnolia/esp-idf/components/esp_driver_uart /home/tikhon/Документы/magnolia/esp-idf/components/esp_driver_usb_serial_jtag /home/tikhon/Документы/magnolia/esp-idf/components/esp_eth /home/tikhon/Документы/magnolia/esp-idf/components/esp_event /home/tikhon/Документы/magnolia/esp-idf/components/esp_gdbstub /home/tikhon/Документы/magnolia/esp-idf/components/esp_hid /home/tikhon/Документы/magnolia/esp-idf/components/esp_http_client /home/tikhon/Документы/magnolia/esp-idf/components/esp_http_server /home/tikhon/Документы/magnolia/esp-idf/components/esp_https_ota /home/tikhon/Документы/magnolia/esp-idf/components/esp_https_server /home/tikhon/Документы/magnolia/esp-idf/components/esp_hw_support /home/tikhon/Документы/magnolia/esp-idf/components/esp_lcd /home/tikhon/Документы/magnolia/esp-idf/components/esp_local_ctrl /home/tikhon/Документы/magnolia/esp-idf/components/esp_mm /home/tikhon/Документы/magnolia/esp-idf/components/esp_netif /home/tikhon/Документы/magnolia/esp-idf/components/esp_netif_stack /home/tikhon/Документы/magnolia/esp-idf/components/esp_partition /home/tikhon/Документы/magnolia/esp-idf/components/esp_phy /home/tikhon/Документы/magnolia/esp-idf/components/esp_pm /home/tikhon/Документы/magnolia/esp-idf/components/esp_psram /home/tikhon/Документы/magnolia/esp-idf/components/esp_ringbuf /home/tikhon/Документы/magnolia/esp-idf/components/esp_rom /home/tikhon/Документы/magnolia/esp-idf/components/esp_security /home/tikhon/Документы/magnolia/esp-idf/components/esp_system /home/tikhon/Документы/magnolia/esp-idf/components/esp_timer /home/tikhon/Документы/magnolia/esp-idf/components/esp_vfs_console /home/tikhon/Документы/magnolia/esp-idf/components/esp_wifi /home/tikhon/Документы/magnolia/esp-idf/components/espcoredump /home/tikhon/Документы/magnolia/esp-idf/components/esptool_py /home/tikhon/Документы/magnolia/esp-idf/components/fatfs /home/tikhon/Документы/magnolia/esp-idf/components/freertos /home/tikhon/Документы/magnolia/esp-idf/components/hal /home/tikhon/Документы/magnolia/esp-idf/components/heap /home/tikhon/Документы/magnolia/esp-idf/components/http_parser /home/tikhon/Документы/magnolia/esp-idf/components/idf_test /home/tikhon/Документы/magnolia/esp-idf/components/ieee802154 /home/tikhon/Документы/magnolia/esp-idf/components/json /home/tikhon/Документы/magnolia/esp-idf/components/log /home/tikhon/Документы/magnolia/esp-idf/components/lwip /home/tikhon/Документы/magnolia/applets/rust/rselftest/main /home/tikhon/Документы/magnolia/esp-idf/components/mbedtls /home/tikhon/Документы/magnolia/esp-idf/components/mqtt /home/tikhon/Документы/magnolia/esp-idf/components/newlib /home/tikhon/Документы/magnolia/esp-idf/components/nvs_flash /home/tikhon/Документы/magnolia/esp-idf/components/nvs_sec_provider /home/tikhon/Документы/magnolia/esp-idf/components/openthread /home/tikhon/Документы/magnolia/esp-idf/components/partition_table /home/tikhon/Документы/magnolia/esp-idf/components/perfmon /home/tikhon/Документы/magnolia/esp-idf/components/protobuf-c /home/tikhon/Документы/magnolia/esp-idf/components/protocomm /home/tikhon/Документы/magnolia/esp-idf/components/pthread /home/tikhon/Документы/magnolia/esp-idf/components/rt /home/tikhon/Документы/magnolia/esp-idf/components/sdmmc /home/tikhon/Документы/magnolia/esp-idf/components/soc /home/tikhon/Документы/magnolia/esp-idf/components/spi_flash /home/tikhon/Документы/magnolia/esp-idf/components/spiffs /home/tikhon/Документы/magnolia/esp-idf/components/tcp_transport /home/tikhon/Документы/magnolia/esp-idf/components/touch_element /home/tikhon/Документы/magnolia/esp-idf/components/ulp /home/tikhon/Документы/magnolia/esp-idf/components/unity /home/tikhon/Документы/magnolia/esp-idf/components/usb /home/tikhon/Документы/magnolia/esp-idf/components/vfs /home/tikhon/Документы/magnolia/esp-idf/components/wear_levelling /home/tikhon/Документы/magnolia/esp-idf/components/wifi_provisioning /home/tikhon/Документы/magnolia/esp-idf/components/wpa_supplicant /home/tikhon/Документы/magnolia/esp-idf/components/xtensa
-- Project sdkconfig file /home/tikhon/Документы/magnolia/applets/zig/zdd/sdkconfig
-- Configuring done (14.2s)
-- USING O3
[3/7] Build Rust staticlib: /home/tikhon/Документы/magnolia/applets/rust/rdd/build/libdd.a
FAILED: libdd.a /home/tikhon/Документы/magnolia/applets/rust/rdd/build/libdd.a 
cd /home/tikhon/Документы/magnolia/applets/rust/rdd/build && /usr/bin/cmake -E env CARGO_TARGET_DIR=/home/tikhon/Документы/magnolia/applets/rust/rdd/build/rust_target bash -lc "set -euo pipefail;                  if [ -n \"/home/tikhon/export-esp.sh\" ] && [ -f \"/home/tikhon/export-esp.sh\" ]; then . \"/home/tikhon/export-esp.sh\" >/dev/null 2>&1; fi;                  RUSTFLAGS='-C panic=abort' cargo +esp build  --locked                    -Zbuild-std=core,alloc,compiler_builtins -Zbuild-std-features=compiler-builtins-mem                    --manifest-path '/home/tikhon/Документы/magnolia/applets/rust/rdd/rust/Cargo.toml' --release --target 'xtensa-esp32s3-none-elf'" && /usr/bin/cmake -E copy_if_different /home/tikhon/Документы/magnolia/applets/rust/rdd/build/rust_target/xtensa-esp32s3-none-elf/release/libdd.a /home/tikhon/Документы/magnolia/applets/rust/rdd/build/libdd.a && bash -lc "set -euo pipefail;                  tmp='/home/tikhon/Документы/magnolia/applets/rust/rdd/build/rust_fixup_dd';                  rm -rf \"\$tmp\"; mkdir -p \"\$tmp\";                  cd \"\$tmp\";                  '/home/tikhon/.espressif/tools/xtensa-esp-elf/esp-15.1.0_20250607/xtensa-esp-elf/bin/xtensa-esp32s3-elf-ar' x '/home/tikhon/Документы/magnolia/applets/rust/rdd/build/libdd.a';                  for obj in *.o; do                    [ -f \"\$obj\" ] || continue;                    for sec in \$(LC_ALL=C readelf -S -W \"\$obj\" | sed -n 's/^[[:space:]]*\\[[[:space:]]*[0-9]\\+\\][[:space:]]\\+\\([^ ]\\+\\).*/\\1/p'); do                      case \"\$sec\" in                        .literal*|.rodata*) '/home/tikhon/.espressif/tools/xtensa-esp-elf/esp-15.1.0_20250607/xtensa-esp-elf/bin/xtensa-esp32s3-elf-objcopy' --set-section-flags \"\$sec\"=alloc,load,contents,data \"\$obj\" || true ;;                      esac;                    done;                  done;                  '/home/tikhon/.espressif/tools/xtensa-esp-elf/esp-15.1.0_20250607/xtensa-esp-elf/bin/xtensa-esp32s3-elf-ar' rcs '/home/tikhon/Документы/magnolia/applets/rust/rdd/build/libdd.a' *.o"
   Compiling magnolia-applet-sys v0.1.0 (/home/tikhon/Документы/magnolia/sdk/rust/magnolia-applet-sys)
   Compiling magnolia-applet v0.1.0 (/home/tikhon/Документы/magnolia/sdk/rust/magnolia-applet)
error: cannot find macro `vec` in this scope
  --> /home/tikhon/Документы/magnolia/sdk/rust/magnolia-applet/src/net.rs:86:9
   |
86 |         vec![unsafe { mem::zeroed() }; count as usize];
   |         ^^^
   |
help: consider importing this macro
   |
 1 + use alloc::vec;
   |

error: cannot find macro `vec` in this scope
   --> /home/tikhon/Документы/magnolia/sdk/rust/magnolia-applet/src/net.rs:226:9
    |
226 |         vec![unsafe { mem::zeroed() }; count as usize];
    |         ^^^
    |
help: consider importing this macro
    |
  1 + use alloc::vec;
    |

error: cannot find macro `vec` in this scope
  --> /home/tikhon/Документы/magnolia/sdk/rust/magnolia-applet/src/sysctl.rs:31:19
   |
31 |     let mut buf = vec![0i8; 256];
   |                   ^^^
   |
help: consider importing this macro
   |
 1 + use alloc::vec;
   |

error: could not compile `magnolia-applet` (lib) due to 3 previous errors
ninja: build stopped: subcommand failed.
-- Adding linker script /home/tikhon/Документы/magnolia/applets/rust/rshello/build/esp-idf/esp_system/ld/memory.ld
-- Adding linker script /home/tikhon/Документы/magnolia/applets/rust/rshello/build/esp-idf/esp_system/ld/sections.ld.in
-- Adding linker script /home/tikhon/Документы/magnolia/esp-idf/components/esp_rom/esp32s3/ld/esp32s3.rom.ld
-- Adding linker script /home/tikhon/Документы/magnolia/esp-idf/components/esp_rom/esp32s3/ld/esp32s3.rom.api.ld
-- Adding linker script /home/tikhon/Документы/magnolia/esp-idf/components/esp_rom/esp32s3/ld/esp32s3.rom.bt_funcs.ld
-- Adding linker script /home/tikhon/Документы/magnolia/esp-idf/components/esp_rom/esp32s3/ld/esp32s3.rom.libgcc.ld
-- Adding linker script /home/tikhon/Документы/magnolia/esp-idf/components/esp_rom/esp32s3/ld/esp32s3.rom.wdt.ld
-- Adding linker script /home/tikhon/Документы/magnolia/esp-idf/components/esp_rom/esp32s3/ld/esp32s3.rom.version.ld
-- Adding linker script /home/tikhon/Документы/magnolia/esp-idf/components/esp_rom/esp32s3/ld/esp32s3.rom.ble_master.ld
-- Adding linker script /home/tikhon/Документы/magnolia/esp-idf/components/esp_rom/esp32s3/ld/esp32s3.rom.ble_50.ld
-- Adding linker script /home/tikhon/Документы/magnolia/esp-idf/components/esp_rom/esp32s3/ld/esp32s3.rom.ble_smp.ld
-- Adding linker script /home/tikhon/Документы/magnolia/esp-idf/components/esp_rom/esp32s3/ld/esp32s3.rom.ble_dtm.ld
-- Adding linker script /home/tikhon/Документы/magnolia/esp-idf/components/esp_rom/esp32s3/ld/esp32s3.rom.ble_test.ld
-- Adding linker script /home/tikhon/Документы/magnolia/esp-idf/components/esp_rom/esp32s3/ld/esp32s3.rom.ble_scan.ld
-- Adding linker script /home/tikhon/Документы/magnolia/esp-idf/components/esp_rom/esp32s3/ld/esp32s3.rom.libc.ld
-- Adding linker script /home/tikhon/Документы/magnolia/esp-idf/components/esp_rom/esp32s3/ld/esp32s3.rom.newlib.ld
-- Compiler supported targets: xtensa-esp-elf
-- Adding linker script /home/tikhon/Документы/magnolia/esp-idf/components/soc/esp32s3/ld/esp32s3.peripherals.ld
[3/7] Build Rust staticlib: /home/tikhon/Документы/magnolia/applets/rust/rhexdump/build/libhexdump.a
FAILED: libhexdump.a /home/tikhon/Документы/magnolia/applets/rust/rhexdump/build/libhexdump.a 
cd /home/tikhon/Документы/magnolia/applets/rust/rhexdump/build && /usr/bin/cmake -E env CARGO_TARGET_DIR=/home/tikhon/Документы/magnolia/applets/rust/rhexdump/build/rust_target bash -lc "set -euo pipefail;                  if [ -n \"/home/tikhon/export-esp.sh\" ] && [ -f \"/home/tikhon/export-esp.sh\" ]; then . \"/home/tikhon/export-esp.sh\" >/dev/null 2>&1; fi;                  RUSTFLAGS='-C panic=abort' cargo +esp build  --locked                    -Zbuild-std=core,alloc,compiler_builtins -Zbuild-std-features=compiler-builtins-mem                    --manifest-path '/home/tikhon/Документы/magnolia/applets/rust/rhexdump/rust/Cargo.toml' --release --target 'xtensa-esp32s3-none-elf'" && /usr/bin/cmake -E copy_if_different /home/tikhon/Документы/magnolia/applets/rust/rhexdump/build/rust_target/xtensa-esp32s3-none-elf/release/libhexdump.a /home/tikhon/Документы/magnolia/applets/rust/rhexdump/build/libhexdump.a && bash -lc "set -euo pipefail;                  tmp='/home/tikhon/Документы/magnolia/applets/rust/rhexdump/build/rust_fixup_hexdump';                  rm -rf \"\$tmp\"; mkdir -p \"\$tmp\";                  cd \"\$tmp\";                  '/home/tikhon/.espressif/tools/xtensa-esp-elf/esp-15.1.0_20250607/xtensa-esp-elf/bin/xtensa-esp32s3-elf-ar' x '/home/tikhon/Документы/magnolia/applets/rust/rhexdump/build/libhexdump.a';                  for obj in *.o; do                    [ -f \"\$obj\" ] || continue;                    for sec in \$(LC_ALL=C readelf -S -W \"\$obj\" | sed -n 's/^[[:space:]]*\\[[[:space:]]*[0-9]\\+\\][[:space:]]\\+\\([^ ]\\+\\).*/\\1/p'); do                      case \"\$sec\" in                        .literal*|.rodata*) '/home/tikhon/.espressif/tools/xtensa-esp-elf/esp-15.1.0_20250607/xtensa-esp-elf/bin/xtensa-esp32s3-elf-objcopy' --set-section-flags \"\$sec\"=alloc,load,contents,data \"\$obj\" || true ;;                      esac;                    done;                  done;                  '/home/tikhon/.espressif/tools/xtensa-esp-elf/esp-15.1.0_20250607/xtensa-esp-elf/bin/xtensa-esp32s3-elf-ar' rcs '/home/tikhon/Документы/magnolia/applets/rust/rhexdump/build/libhexdump.a' *.o"
   Compiling magnolia-applet-sys v0.1.0 (/home/tikhon/Документы/magnolia/sdk/rust/magnolia-applet-sys)
   Compiling magnolia-applet v0.1.0 (/home/tikhon/Документы/magnolia/sdk/rust/magnolia-applet)
error: cannot find macro `vec` in this scope
  --> /home/tikhon/Документы/magnolia/sdk/rust/magnolia-applet/src/net.rs:86:9
   |
86 |         vec![unsafe { mem::zeroed() }; count as usize];
   |         ^^^
   |
help: consider importing this macro
   |
 1 + use alloc::vec;
   |

error: cannot find macro `vec` in this scope
   --> /home/tikhon/Документы/magnolia/sdk/rust/magnolia-applet/src/net.rs:226:9
    |
226 |         vec![unsafe { mem::zeroed() }; count as usize];
    |         ^^^
    |
help: consider importing this macro
    |
  1 + use alloc::vec;
    |

error: cannot find macro `vec` in this scope
  --> /home/tikhon/Документы/magnolia/sdk/rust/magnolia-applet/src/sysctl.rs:31:19
   |
31 |     let mut buf = vec![0i8; 256];
   |                   ^^^
   |
help: consider importing this macro
   |
 1 + use alloc::vec;
   |

error: could not compile `magnolia-applet` (lib) due to 3 previous errors
ninja: build stopped: subcommand failed.
Executing action: elf
Running ninja in directory /home/tikhon/Документы/magnolia/applets/zig/zighello/build
Executing "ninja elf"...
[0/2] Re-checking globbed directories...
[1/2] Re-running CMake...
-- Minimal build - OFF
Command failed (2): idf.py elf
Elf target failed for rdd; running `idf.py build` instead.
+ idf.py build
-- App "xxd" version: c092b7f-dirty
-- Building ESP-IDF components for target esp32s3
Command failed (2): idf.py elf
Elf target failed for rhexdump; running `idf.py build` instead.
+ idf.py build
Executing action: all (aliases: build)
Running ninja in directory /home/tikhon/Документы/magnolia/applets/rust/edit/build
Executing "ninja all"...
[0/2] Re-checking globbed directories...
[1/18] Generating project_elf_src_esp32s3.c
[3/8] Generating pwd_tinygo.o
-- USING O3
[4/8] Linking C static library esp-idf/main/libmain.a
[2/18] Generating ../../partition_table/partition-table.bin
Partition table binary generated. Contents:
*******************************************************************************
# ESP-IDF Partition Table
# Name, Type, SubType, Offset, Size, Flags
nvs,data,nvs,0x9000,24K,
phy_init,data,phy,0xf000,4K,
factory,app,factory,0x10000,1M,
*******************************************************************************
-- Components: app_trace app_update bootloader bootloader_support bt cmock console cxx driver efuse esp-tls esp_adc esp_app_format esp_bootloader_format esp_coex esp_common esp_driver_ana_cmpr esp_driver_bitscrambler esp_driver_cam esp_driver_dac esp_driver_gpio esp_driver_gptimer esp_driver_i2c esp_driver_i2s esp_driver_i3c esp_driver_isp esp_driver_jpeg esp_driver_ledc esp_driver_mcpwm esp_driver_parlio esp_driver_pcnt esp_driver_ppa esp_driver_rmt esp_driver_sd_intf esp_driver_sdio esp_driver_sdm esp_driver_sdmmc esp_driver_sdspi esp_driver_spi esp_driver_touch_sens esp_driver_tsens esp_driver_twai esp_driver_uart esp_driver_usb_serial_jtag esp_eth esp_event esp_gdbstub esp_hid esp_http_client esp_http_server esp_https_ota esp_https_server esp_hw_support esp_lcd esp_local_ctrl esp_mm esp_netif esp_netif_stack esp_partition esp_phy esp_pm esp_psram esp_ringbuf esp_rom esp_security esp_system esp_timer esp_vfs_console esp_wifi espcoredump esptool_py fatfs freertos hal heap http_parser idf_test ieee802154 json log lwip main mbedtls mqtt newlib nvs_flash nvs_sec_provider openthread partition_table perfmon protobuf-c protocomm pthread rt sdmmc soc spi_flash spiffs tcp_transport touch_element ulp unity usb vfs wear_levelling wifi_provisioning wpa_supplicant xtensa
-- Component paths: /home/tikhon/Документы/magnolia/esp-idf/components/app_trace /home/tikhon/Документы/magnolia/esp-idf/components/app_update /home/tikhon/Документы/magnolia/esp-idf/components/bootloader /home/tikhon/Документы/magnolia/esp-idf/components/bootloader_support /home/tikhon/Документы/magnolia/esp-idf/components/bt /home/tikhon/Документы/magnolia/esp-idf/components/cmock /home/tikhon/Документы/magnolia/esp-idf/components/console /home/tikhon/Документы/magnolia/esp-idf/components/cxx /home/tikhon/Документы/magnolia/esp-idf/components/driver /home/tikhon/Документы/magnolia/esp-idf/components/efuse /home/tikhon/Документы/magnolia/esp-idf/components/esp-tls /home/tikhon/Документы/magnolia/esp-idf/components/esp_adc /home/tikhon/Документы/magnolia/esp-idf/components/esp_app_format /home/tikhon/Документы/magnolia/esp-idf/components/esp_bootloader_format /home/tikhon/Документы/magnolia/esp-idf/components/esp_coex /home/tikhon/Документы/magnolia/esp-idf/components/esp_common /home/tikhon/Документы/magnolia/esp-idf/components/esp_driver_ana_cmpr /home/tikhon/Документы/magnolia/esp-idf/components/esp_driver_bitscrambler /home/tikhon/Документы/magnolia/esp-idf/components/esp_driver_cam /home/tikhon/Документы/magnolia/esp-idf/components/esp_driver_dac /home/tikhon/Документы/magnolia/esp-idf/components/esp_driver_gpio /home/tikhon/Документы/magnolia/esp-idf/components/esp_driver_gptimer /home/tikhon/Документы/magnolia/esp-idf/components/esp_driver_i2c /home/tikhon/Документы/magnolia/esp-idf/components/esp_driver_i2s /home/tikhon/Документы/magnolia/esp-idf/components/esp_driver_i3c /home/tikhon/Документы/magnolia/esp-idf/components/esp_driver_isp /home/tikhon/Документы/magnolia/esp-idf/components/esp_driver_jpeg /home/tikhon/Документы/magnolia/esp-idf/components/esp_driver_ledc /home/tikhon/Документы/magnolia/esp-idf/components/esp_driver_mcpwm /home/tikhon/Документы/magnolia/esp-idf/components/esp_driver_parlio /home/tikhon/Документы/magnolia/esp-idf/components/esp_driver_pcnt /home/tikhon/Документы/magnolia/esp-idf/components/esp_driver_ppa /home/tikhon/Документы/magnolia/esp-idf/components/esp_driver_rmt /home/tikhon/Документы/magnolia/esp-idf/components/esp_driver_sd_intf /home/tikhon/Документы/magnolia/esp-idf/components/esp_driver_sdio /home/tikhon/Документы/magnolia/esp-idf/components/esp_driver_sdm /home/tikhon/Документы/magnolia/esp-idf/components/esp_driver_sdmmc /home/tikhon/Документы/magnolia/esp-idf/components/esp_driver_sdspi /home/tikhon/Документы/magnolia/esp-idf/components/esp_driver_spi /home/tikhon/Документы/magnolia/esp-idf/components/esp_driver_touch_sens /home/tikhon/Документы/magnolia/esp-idf/components/esp_driver_tsens /home/tikhon/Документы/magnolia/esp-idf/components/esp_driver_twai /home/tikhon/Документы/magnolia/esp-idf/components/esp_driver_uart /home/tikhon/Документы/magnolia/esp-idf/components/esp_driver_usb_serial_jtag /home/tikhon/Документы/magnolia/esp-idf/components/esp_eth /home/tikhon/Документы/magnolia/esp-idf/components/esp_event /home/tikhon/Документы/magnolia/esp-idf/components/esp_gdbstub /home/tikhon/Документы/magnolia/esp-idf/components/esp_hid /home/tikhon/Документы/magnolia/esp-idf/components/esp_http_client /home/tikhon/Документы/magnolia/esp-idf/components/esp_http_server /home/tikhon/Документы/magnolia/esp-idf/components/esp_https_ota /home/tikhon/Документы/magnolia/esp-idf/components/esp_https_server /home/tikhon/Документы/magnolia/esp-idf/components/esp_hw_support /home/tikhon/Документы/magnolia/esp-idf/components/esp_lcd /home/tikhon/Документы/magnolia/esp-idf/components/esp_local_ctrl /home/tikhon/Документы/magnolia/esp-idf/components/esp_mm /home/tikhon/Документы/magnolia/esp-idf/components/esp_netif /home/tikhon/Документы/magnolia/esp-idf/components/esp_netif_stack /home/tikhon/Документы/magnolia/esp-idf/components/esp_partition /home/tikhon/Документы/magnolia/esp-idf/components/esp_phy /home/tikhon/Документы/magnolia/esp-idf/components/esp_pm /home/tikhon/Документы/magnolia/esp-idf/components/esp_psram /home/tikhon/Документы/magnolia/esp-idf/components/esp_ringbuf /home/tikhon/Документы/magnolia/esp-idf/components/esp_rom /home/tikhon/Документы/magnolia/esp-idf/components/esp_security /home/tikhon/Документы/magnolia/esp-idf/components/esp_system /home/tikhon/Документы/magnolia/esp-idf/components/esp_timer /home/tikhon/Документы/magnolia/esp-idf/components/esp_vfs_console /home/tikhon/Документы/magnolia/esp-idf/components/esp_wifi /home/tikhon/Документы/magnolia/esp-idf/components/espcoredump /home/tikhon/Документы/magnolia/esp-idf/components/esptool_py /home/tikhon/Документы/magnolia/esp-idf/components/fatfs /home/tikhon/Документы/magnolia/esp-idf/components/freertos /home/tikhon/Документы/magnolia/esp-idf/components/hal /home/tikhon/Документы/magnolia/esp-idf/components/heap /home/tikhon/Документы/magnolia/esp-idf/components/http_parser /home/tikhon/Документы/magnolia/esp-idf/components/idf_test /home/tikhon/Документы/magnolia/esp-idf/components/ieee802154 /home/tikhon/Документы/magnolia/esp-idf/components/json /home/tikhon/Документы/magnolia/esp-idf/components/log /home/tikhon/Документы/magnolia/esp-idf/components/lwip /home/tikhon/Документы/magnolia/applets/rust/rusthello/main /home/tikhon/Документы/magnolia/esp-idf/components/mbedtls /home/tikhon/Документы/magnolia/esp-idf/components/mqtt /home/tikhon/Документы/magnolia/esp-idf/components/newlib /home/tikhon/Документы/magnolia/esp-idf/components/nvs_flash /home/tikhon/Документы/magnolia/esp-idf/components/nvs_sec_provider /home/tikhon/Документы/magnolia/esp-idf/components/openthread /home/tikhon/Документы/magnolia/esp-idf/components/partition_table /home/tikhon/Документы/magnolia/esp-idf/components/perfmon /home/tikhon/Документы/magnolia/esp-idf/components/protobuf-c /home/tikhon/Документы/magnolia/esp-idf/components/protocomm /home/tikhon/Документы/magnolia/esp-idf/components/pthread /home/tikhon/Документы/magnolia/esp-idf/components/rt /home/tikhon/Документы/magnolia/esp-idf/components/sdmmc /home/tikhon/Документы/magnolia/esp-idf/components/soc /home/tikhon/Документы/magnolia/esp-idf/components/spi_flash /home/tikhon/Документы/magnolia/esp-idf/components/spiffs /home/tikhon/Документы/magnolia/esp-idf/components/tcp_transport /home/tikhon/Документы/magnolia/esp-idf/components/touch_element /home/tikhon/Документы/magnolia/esp-idf/components/ulp /home/tikhon/Документы/magnolia/esp-idf/components/unity /home/tikhon/Документы/magnolia/esp-idf/components/usb /home/tikhon/Документы/magnolia/esp-idf/components/vfs /home/tikhon/Документы/magnolia/esp-idf/components/wear_levelling /home/tikhon/Документы/magnolia/esp-idf/components/wifi_provisioning /home/tikhon/Документы/magnolia/esp-idf/components/wpa_supplicant /home/tikhon/Документы/magnolia/esp-idf/components/xtensa
[5/8] Build ELF: pwd.app.elf
-- Adding linker script /home/tikhon/Документы/magnolia/applets/rust/rxxd/build/esp-idf/esp_system/ld/memory.ld
-- Adding linker script /home/tikhon/Документы/magnolia/applets/rust/rxxd/build/esp-idf/esp_system/ld/sections.ld.in
[3/18] Creating directories for 'bootloader'
-- Configuring done (10.5s)
-- Adding linker script /home/tikhon/Документы/magnolia/esp-idf/components/esp_rom/esp32s3/ld/esp32s3.rom.ld
-- Adding linker script /home/tikhon/Документы/magnolia/esp-idf/components/esp_rom/esp32s3/ld/esp32s3.rom.api.ld
-- Adding linker script /home/tikhon/Документы/magnolia/esp-idf/components/esp_rom/esp32s3/ld/esp32s3.rom.bt_funcs.ld
-- Adding linker script /home/tikhon/Документы/magnolia/esp-idf/components/esp_rom/esp32s3/ld/esp32s3.rom.libgcc.ld
-- Adding linker script /home/tikhon/Документы/magnolia/esp-idf/components/esp_rom/esp32s3/ld/esp32s3.rom.wdt.ld
-- Adding linker script /home/tikhon/Документы/magnolia/esp-idf/components/esp_rom/esp32s3/ld/esp32s3.rom.version.ld
-- Adding linker script /home/tikhon/Документы/magnolia/esp-idf/components/esp_rom/esp32s3/ld/esp32s3.rom.ble_master.ld
-- Adding linker script /home/tikhon/Документы/magnolia/esp-idf/components/esp_rom/esp32s3/ld/esp32s3.rom.ble_50.ld
-- Adding linker script /home/tikhon/Документы/magnolia/esp-idf/components/esp_rom/esp32s3/ld/esp32s3.rom.ble_smp.ld
-- Adding linker script /home/tikhon/Документы/magnolia/esp-idf/components/esp_rom/esp32s3/ld/esp32s3.rom.ble_dtm.ld
-- Adding linker script /home/tikhon/Документы/magnolia/esp-idf/components/esp_rom/esp32s3/ld/esp32s3.rom.ble_test.ld
-- Adding linker script /home/tikhon/Документы/magnolia/esp-idf/components/esp_rom/esp32s3/ld/esp32s3.rom.ble_scan.ld
-- Adding linker script /home/tikhon/Документы/magnolia/esp-idf/components/esp_rom/esp32s3/ld/esp32s3.rom.libc.ld
-- Adding linker script /home/tikhon/Документы/magnolia/esp-idf/components/esp_rom/esp32s3/ld/esp32s3.rom.newlib.ld
-- Compiler supported targets: xtensa-esp-elf
[4/18] No download step for 'bootloader'
-- Adding linker script /home/tikhon/Документы/magnolia/esp-idf/components/soc/esp32s3/ld/esp32s3.peripherals.ld
[5/18] No update step for 'bootloader'
Executing action: elf
Running ninja in directory /home/tikhon/Документы/magnolia/applets/zig/zigtest/build
Executing "ninja elf"...
[0/2] Re-checking globbed directories...
[1/2] Re-running CMake...
[6/18] No patch step for 'bootloader'
-- Generating done (0.7s)
Applet pwd OK -> /home/tikhon/Документы/magnolia/rootfs/bin/gopwd
Executing action: elf
Running ninja in directory /home/tikhon/Документы/magnolia/applets/zig/zxxd/build
Executing "ninja elf"...
[0/2] Re-checking globbed directories...
-- Build files have been written to: /home/tikhon/Документы/magnolia/applets/rust/rselftest/build
[1/2] Re-running CMake...
[7/18] Build Rust staticlib: /home/tikhon/Документы/magnolia/applets/rust/edit/build/libedit.a
FAILED: libedit.a /home/tikhon/Документы/magnolia/applets/rust/edit/build/libedit.a 
cd /home/tikhon/Документы/magnolia/applets/rust/edit/build && /usr/bin/cmake -E env CARGO_TARGET_DIR=/home/tikhon/Документы/magnolia/applets/rust/edit/build/rust_target bash -lc "set -euo pipefail;                  if [ -n \"/home/tikhon/export-esp.sh\" ] && [ -f \"/home/tikhon/export-esp.sh\" ]; then . \"/home/tikhon/export-esp.sh\" >/dev/null 2>&1; fi;                  RUSTFLAGS='-C panic=abort' cargo +esp build  --locked                    -Zbuild-std=core,alloc,compiler_builtins -Zbuild-std-features=compiler-builtins-mem                    --manifest-path '/home/tikhon/Документы/magnolia/applets/rust/edit/rust/Cargo.toml' --release --target 'xtensa-esp32s3-none-elf'" && /usr/bin/cmake -E copy_if_different /home/tikhon/Документы/magnolia/applets/rust/edit/build/rust_target/xtensa-esp32s3-none-elf/release/libedit.a /home/tikhon/Документы/magnolia/applets/rust/edit/build/libedit.a && bash -lc "set -euo pipefail;                  tmp='/home/tikhon/Документы/magnolia/applets/rust/edit/build/rust_fixup_edit';                  rm -rf \"\$tmp\"; mkdir -p \"\$tmp\";                  cd \"\$tmp\";                  '/home/tikhon/.espressif/tools/xtensa-esp-elf/esp-15.1.0_20250607/xtensa-esp-elf/bin/xtensa-esp32s3-elf-ar' x '/home/tikhon/Документы/magnolia/applets/rust/edit/build/libedit.a';                  for obj in *.o; do                    [ -f \"\$obj\" ] || continue;                    for sec in \$(LC_ALL=C readelf -S -W \"\$obj\" | sed -n 's/^[[:space:]]*\\[[[:space:]]*[0-9]\\+\\][[:space:]]\\+\\([^ ]\\+\\).*/\\1/p'); do                      case \"\$sec\" in                        .literal*|.rodata*) '/home/tikhon/.espressif/tools/xtensa-esp-elf/esp-15.1.0_20250607/xtensa-esp-elf/bin/xtensa-esp32s3-elf-objcopy' --set-section-flags \"\$sec\"=alloc,load,contents,data \"\$obj\" || true ;;                      esac;                    done;                  done;                  '/home/tikhon/.espressif/tools/xtensa-esp-elf/esp-15.1.0_20250607/xtensa-esp-elf/bin/xtensa-esp32s3-elf-ar' rcs '/home/tikhon/Документы/magnolia/applets/rust/edit/build/libedit.a' *.o"
   Compiling magnolia-applet v0.1.0 (/home/tikhon/Документы/magnolia/sdk/rust/magnolia-applet)
error: cannot find macro `vec` in this scope
  --> /home/tikhon/Документы/magnolia/sdk/rust/magnolia-applet/src/net.rs:86:9
   |
86 |         vec![unsafe { mem::zeroed() }; count as usize];
   |         ^^^
   |
help: consider importing this macro
   |
 1 + use alloc::vec;
   |

error: cannot find macro `vec` in this scope
   --> /home/tikhon/Документы/magnolia/sdk/rust/magnolia-applet/src/net.rs:226:9
    |
226 |         vec![unsafe { mem::zeroed() }; count as usize];
    |         ^^^
    |
help: consider importing this macro
    |
  1 + use alloc::vec;
    |

error: cannot find macro `vec` in this scope
  --> /home/tikhon/Документы/magnolia/sdk/rust/magnolia-applet/src/sysctl.rs:31:19
   |
31 |     let mut buf = vec![0i8; 256];
   |                   ^^^
   |
help: consider importing this macro
   |
 1 + use alloc::vec;
   |

error: could not compile `magnolia-applet` (lib) due to 3 previous errors
-- App "dd" version: c092b7f-dirty
-- Components: app_trace app_update bootloader bootloader_support bt cmock console cxx driver efuse esp-tls esp_adc esp_app_format esp_bootloader_format esp_coex esp_common esp_driver_ana_cmpr esp_driver_bitscrambler esp_driver_cam esp_driver_dac esp_driver_gpio esp_driver_gptimer esp_driver_i2c esp_driver_i2s esp_driver_i3c esp_driver_isp esp_driver_jpeg esp_driver_ledc esp_driver_mcpwm esp_driver_parlio esp_driver_pcnt esp_driver_ppa esp_driver_rmt esp_driver_sd_intf esp_driver_sdio esp_driver_sdm esp_driver_sdmmc esp_driver_sdspi esp_driver_spi esp_driver_touch_sens esp_driver_tsens esp_driver_twai esp_driver_uart esp_driver_usb_serial_jtag esp_eth esp_event esp_gdbstub esp_hid esp_http_client esp_http_server esp_https_ota esp_https_server esp_hw_support esp_lcd esp_local_ctrl esp_mm esp_netif esp_netif_stack esp_partition esp_phy esp_pm esp_psram esp_ringbuf esp_rom esp_security esp_system esp_timer esp_vfs_console esp_wifi espcoredump esptool_py fatfs freertos hal heap http_parser idf_test ieee802154 json log lwip main mbedtls mqtt newlib nvs_flash nvs_sec_provider openthread partition_table perfmon protobuf-c protocomm pthread rt sdmmc soc spi_flash spiffs tcp_transport touch_element ulp unity usb vfs wear_levelling wifi_provisioning wpa_supplicant xtensa
-- Component paths: /home/tikhon/Документы/magnolia/esp-idf/components/app_trace /home/tikhon/Документы/magnolia/esp-idf/components/app_update /home/tikhon/Документы/magnolia/esp-idf/components/bootloader /home/tikhon/Документы/magnolia/esp-idf/components/bootloader_support /home/tikhon/Документы/magnolia/esp-idf/components/bt /home/tikhon/Документы/magnolia/esp-idf/components/cmock /home/tikhon/Документы/magnolia/esp-idf/components/console /home/tikhon/Документы/magnolia/esp-idf/components/cxx /home/tikhon/Документы/magnolia/esp-idf/components/driver /home/tikhon/Документы/magnolia/esp-idf/components/efuse /home/tikhon/Документы/magnolia/esp-idf/components/esp-tls /home/tikhon/Документы/magnolia/esp-idf/components/esp_adc /home/tikhon/Документы/magnolia/esp-idf/components/esp_app_format /home/tikhon/Документы/magnolia/esp-idf/components/esp_bootloader_format /home/tikhon/Документы/magnolia/esp-idf/components/esp_coex /home/tikhon/Документы/magnolia/esp-idf/components/esp_common /home/tikhon/Документы/magnolia/esp-idf/components/esp_driver_ana_cmpr /home/tikhon/Документы/magnolia/esp-idf/components/esp_driver_bitscrambler /home/tikhon/Документы/magnolia/esp-idf/components/esp_driver_cam /home/tikhon/Документы/magnolia/esp-idf/components/esp_driver_dac /home/tikhon/Документы/magnolia/esp-idf/components/esp_driver_gpio /home/tikhon/Документы/magnolia/esp-idf/components/esp_driver_gptimer /home/tikhon/Документы/magnolia/esp-idf/components/esp_driver_i2c /home/tikhon/Документы/magnolia/esp-idf/components/esp_driver_i2s /home/tikhon/Документы/magnolia/esp-idf/components/esp_driver_i3c /home/tikhon/Документы/magnolia/esp-idf/components/esp_driver_isp /home/tikhon/Документы/magnolia/esp-idf/components/esp_driver_jpeg /home/tikhon/Документы/magnolia/esp-idf/components/esp_driver_ledc /home/tikhon/Документы/magnolia/esp-idf/components/esp_driver_mcpwm /home/tikhon/Документы/magnolia/esp-idf/components/esp_driver_parlio /home/tikhon/Документы/magnolia/esp-idf/components/esp_driver_pcnt /home/tikhon/Документы/magnolia/esp-idf/components/esp_driver_ppa /home/tikhon/Документы/magnolia/esp-idf/components/esp_driver_rmt /home/tikhon/Документы/magnolia/esp-idf/components/esp_driver_sd_intf /home/tikhon/Документы/magnolia/esp-idf/components/esp_driver_sdio /home/tikhon/Документы/magnolia/esp-idf/components/esp_driver_sdm /home/tikhon/Документы/magnolia/esp-idf/components/esp_driver_sdmmc /home/tikhon/Документы/magnolia/esp-idf/components/esp_driver_sdspi /home/tikhon/Документы/magnolia/esp-idf/components/esp_driver_spi /home/tikhon/Документы/magnolia/esp-idf/components/esp_driver_touch_sens /home/tikhon/Документы/magnolia/esp-idf/components/esp_driver_tsens /home/tikhon/Документы/magnolia/esp-idf/components/esp_driver_twai /home/tikhon/Документы/magnolia/esp-idf/components/esp_driver_uart /home/tikhon/Документы/magnolia/esp-idf/components/esp_driver_usb_serial_jtag /home/tikhon/Документы/magnolia/esp-idf/components/esp_eth /home/tikhon/Документы/magnolia/esp-idf/components/esp_event /home/tikhon/Документы/magnolia/esp-idf/components/esp_gdbstub /home/tikhon/Документы/magnolia/esp-idf/components/esp_hid /home/tikhon/Документы/magnolia/esp-idf/components/esp_http_client /home/tikhon/Документы/magnolia/esp-idf/components/esp_http_server /home/tikhon/Документы/magnolia/esp-idf/components/esp_https_ota /home/tikhon/Документы/magnolia/esp-idf/components/esp_https_server /home/tikhon/Документы/magnolia/esp-idf/components/esp_hw_support /home/tikhon/Документы/magnolia/esp-idf/components/esp_lcd /home/tikhon/Документы/magnolia/esp-idf/components/esp_local_ctrl /home/tikhon/Документы/magnolia/esp-idf/components/esp_mm /home/tikhon/Документы/magnolia/esp-idf/components/esp_netif /home/tikhon/Документы/magnolia/esp-idf/components/esp_netif_stack /home/tikhon/Документы/magnolia/esp-idf/components/esp_partition /home/tikhon/Документы/magnolia/esp-idf/components/esp_phy /home/tikhon/Документы/magnolia/esp-idf/components/esp_pm /home/tikhon/Документы/magnolia/esp-idf/components/esp_psram /home/tikhon/Документы/magnolia/esp-idf/components/esp_ringbuf /home/tikhon/Документы/magnolia/esp-idf/components/esp_rom /home/tikhon/Документы/magnolia/esp-idf/components/esp_security /home/tikhon/Документы/magnolia/esp-idf/components/esp_system /home/tikhon/Документы/magnolia/esp-idf/components/esp_timer /home/tikhon/Документы/magnolia/esp-idf/components/esp_vfs_console /home/tikhon/Документы/magnolia/esp-idf/components/esp_wifi /home/tikhon/Документы/magnolia/esp-idf/components/espcoredump /home/tikhon/Документы/magnolia/esp-idf/components/esptool_py /home/tikhon/Документы/magnolia/esp-idf/components/fatfs /home/tikhon/Документы/magnolia/esp-idf/components/freertos /home/tikhon/Документы/magnolia/esp-idf/components/hal /home/tikhon/Документы/magnolia/esp-idf/components/heap /home/tikhon/Документы/magnolia/esp-idf/components/http_parser /home/tikhon/Документы/magnolia/esp-idf/components/idf_test /home/tikhon/Документы/magnolia/esp-idf/components/ieee802154 /home/tikhon/Документы/magnolia/esp-idf/components/json /home/tikhon/Документы/magnolia/esp-idf/components/log /home/tikhon/Документы/magnolia/esp-idf/components/lwip /home/tikhon/Документы/magnolia/applets/rust/rshello/main /home/tikhon/Документы/magnolia/esp-idf/components/mbedtls /home/tikhon/Документы/magnolia/esp-idf/components/mqtt /home/tikhon/Документы/magnolia/esp-idf/components/newlib /home/tikhon/Документы/magnolia/esp-idf/components/nvs_flash /home/tikhon/Документы/magnolia/esp-idf/components/nvs_sec_provider /home/tikhon/Документы/magnolia/esp-idf/components/openthread /home/tikhon/Документы/magnolia/esp-idf/components/partition_table /home/tikhon/Документы/magnolia/esp-idf/components/perfmon /home/tikhon/Документы/magnolia/esp-idf/components/protobuf-c /home/tikhon/Документы/magnolia/esp-idf/components/protocomm /home/tikhon/Документы/magnolia/esp-idf/components/pthread /home/tikhon/Документы/magnolia/esp-idf/components/rt /home/tikhon/Документы/magnolia/esp-idf/components/sdmmc /home/tikhon/Документы/magnolia/esp-idf/components/soc /home/tikhon/Документы/magnolia/esp-idf/components/spi_flash /home/tikhon/Документы/magnolia/esp-idf/components/spiffs /home/tikhon/Документы/magnolia/esp-idf/components/tcp_transport /home/tikhon/Документы/magnolia/esp-idf/components/touch_element /home/tikhon/Документы/magnolia/esp-idf/components/ulp /home/tikhon/Документы/magnolia/esp-idf/components/unity /home/tikhon/Документы/magnolia/esp-idf/components/usb /home/tikhon/Документы/magnolia/esp-idf/components/vfs /home/tikhon/Документы/magnolia/esp-idf/components/wear_levelling /home/tikhon/Документы/magnolia/esp-idf/components/wifi_provisioning /home/tikhon/Документы/magnolia/esp-idf/components/wpa_supplicant /home/tikhon/Документы/magnolia/esp-idf/components/xtensa
-- Configuring done (9.9s)
[0/4] Re-checking globbed directories...
-- ELF_LOADER: 1.1.1
[1/7] Building C object esp-idf/esp_app_format/CMakeFiles/__idf_esp_app_format.dir/esp_app_desc.c.obj
NOTICE: Processing 3 dependencies:
NOTICE: [1/3] espressif/cmake_utilities (0.5.3)
NOTICE: [2/3] espressif/elf_loader (1.1.1)
NOTICE: [3/3] idf (6.0.0)
[2/7] Linking C static library esp-idf/esp_app_format/libesp_app_format.a
-- USING O3
-- Minimal build - OFF
-- Adding linker script /home/tikhon/Документы/magnolia/applets/zig/zdd/build/esp-idf/esp_system/ld/memory.ld
-- Adding linker script /home/tikhon/Документы/magnolia/applets/zig/zdd/build/esp-idf/esp_system/ld/sections.ld.in
-- Adding linker script /home/tikhon/Документы/magnolia/esp-idf/components/esp_rom/esp32s3/ld/esp32s3.rom.ld
-- Adding linker script /home/tikhon/Документы/magnolia/esp-idf/components/esp_rom/esp32s3/ld/esp32s3.rom.api.ld
-- Adding linker script /home/tikhon/Документы/magnolia/esp-idf/components/esp_rom/esp32s3/ld/esp32s3.rom.bt_funcs.ld
-- Adding linker script /home/tikhon/Документы/magnolia/esp-idf/components/esp_rom/esp32s3/ld/esp32s3.rom.libgcc.ld
-- Adding linker script /home/tikhon/Документы/magnolia/esp-idf/components/esp_rom/esp32s3/ld/esp32s3.rom.wdt.ld
-- Adding linker script /home/tikhon/Документы/magnolia/esp-idf/components/esp_rom/esp32s3/ld/esp32s3.rom.version.ld
-- Adding linker script /home/tikhon/Документы/magnolia/esp-idf/components/esp_rom/esp32s3/ld/esp32s3.rom.ble_master.ld
-- Adding linker script /home/tikhon/Документы/magnolia/esp-idf/components/esp_rom/esp32s3/ld/esp32s3.rom.ble_50.ld
-- Adding linker script /home/tikhon/Документы/magnolia/esp-idf/components/esp_rom/esp32s3/ld/esp32s3.rom.ble_smp.ld
-- Adding linker script /home/tikhon/Документы/magnolia/esp-idf/components/esp_rom/esp32s3/ld/esp32s3.rom.ble_dtm.ld
-- Adding linker script /home/tikhon/Документы/magnolia/esp-idf/components/esp_rom/esp32s3/ld/esp32s3.rom.ble_test.ld
-- Adding linker script /home/tikhon/Документы/magnolia/esp-idf/components/esp_rom/esp32s3/ld/esp32s3.rom.ble_scan.ld
-- Adding linker script /home/tikhon/Документы/magnolia/esp-idf/components/esp_rom/esp32s3/ld/esp32s3.rom.libc.ld
-- Adding linker script /home/tikhon/Документы/magnolia/esp-idf/components/esp_rom/esp32s3/ld/esp32s3.rom.newlib.ld
-- Adding linker script /home/tikhon/Документы/magnolia/esp-idf/components/soc/esp32s3/ld/esp32s3.peripherals.ld
-- Building ESP-IDF components for target esp32s3
Executing action: all (aliases: build)
Running ninja in directory /home/tikhon/Документы/magnolia/applets/rust/rdd/build
Executing "ninja all"...
[0/2] Re-checking globbed directories...
-- ESP-TEE is currently supported only on the esp32c6;esp32h2;esp32c5 SoCs
[1/10] Performing build step for 'bootloader'
[1/1] cd /home/tikhon/Документы/magnolia/applets/rust/rdd/build/bootloader && /home/tikhon/.espressif/python_env/idf6.0_py3.12_env/bin/python /home/tikhon/Документы/magnolia/esp-idf/components/partition_table/check_sizes.py --offset 0x8000 bootloader 0x0 /home/tikhon/Документы/magnolia/applets/rust/rdd/build/bootloader/bootloader.bin
Bootloader binary size 0x5320 bytes. 0x2ce0 bytes (35%) free.
[2/10] No install step for 'bootloader'
[3/10] Completed 'bootloader'
-- Generating done (0.6s)
Executing action: all (aliases: build)
Running ninja in directory /home/tikhon/Документы/magnolia/applets/rust/rhexdump/build
Executing "ninja all"...
[0/2] Re-checking globbed directories...
-- Build files have been written to: /home/tikhon/Документы/magnolia/applets/rust/rusthello/build
[3/8] Generating uname_tinygo.o
[4/8] Linking C static library esp-idf/main/libmain.a
[5/8] Build ELF: uname.app.elf
-- ELF_LOADER: 1.1.1
-- Components: app_trace app_update bootloader bootloader_support bt cmock console cxx driver efuse esp-tls esp_adc esp_app_format esp_bootloader_format esp_coex esp_common esp_driver_ana_cmpr esp_driver_bitscrambler esp_driver_cam esp_driver_dac esp_driver_gpio esp_driver_gptimer esp_driver_i2c esp_driver_i2s esp_driver_i3c esp_driver_isp esp_driver_jpeg esp_driver_ledc esp_driver_mcpwm esp_driver_parlio esp_driver_pcnt esp_driver_ppa esp_driver_rmt esp_driver_sd_intf esp_driver_sdio esp_driver_sdm esp_driver_sdmmc esp_driver_sdspi esp_driver_spi esp_driver_touch_sens esp_driver_tsens esp_driver_twai esp_driver_uart esp_driver_usb_serial_jtag esp_eth esp_event esp_gdbstub esp_hid esp_http_client esp_http_server esp_https_ota esp_https_server esp_hw_support esp_lcd esp_local_ctrl esp_mm esp_netif esp_netif_stack esp_partition esp_phy esp_pm esp_psram esp_ringbuf esp_rom esp_security esp_system esp_timer esp_vfs_console esp_wifi espcoredump espressif__cmake_utilities espressif__elf_loader esptool_py fatfs freertos hal heap http_parser idf_test ieee802154 json log lwip main mbedtls mqtt newlib nvs_flash nvs_sec_provider openthread partition_table perfmon protobuf-c protocomm pthread rt sdmmc soc spi_flash spiffs tcp_transport touch_element ulp unity usb vfs wear_levelling wifi_provisioning wpa_supplicant xtensa
-- Component paths: /home/tikhon/Документы/magnolia/esp-idf/components/app_trace /home/tikhon/Документы/magnolia/esp-idf/components/app_update /home/tikhon/Документы/magnolia/esp-idf/components/bootloader /home/tikhon/Документы/magnolia/esp-idf/components/bootloader_support /home/tikhon/Документы/magnolia/esp-idf/components/bt /home/tikhon/Документы/magnolia/esp-idf/components/cmock /home/tikhon/Документы/magnolia/esp-idf/components/console /home/tikhon/Документы/magnolia/esp-idf/components/cxx /home/tikhon/Документы/magnolia/esp-idf/components/driver /home/tikhon/Документы/magnolia/esp-idf/components/efuse /home/tikhon/Документы/magnolia/esp-idf/components/esp-tls /home/tikhon/Документы/magnolia/esp-idf/components/esp_adc /home/tikhon/Документы/magnolia/esp-idf/components/esp_app_format /home/tikhon/Документы/magnolia/esp-idf/components/esp_bootloader_format /home/tikhon/Документы/magnolia/esp-idf/components/esp_coex /home/tikhon/Документы/magnolia/esp-idf/components/esp_common /home/tikhon/Документы/magnolia/esp-idf/components/esp_driver_ana_cmpr /home/tikhon/Документы/magnolia/esp-idf/components/esp_driver_bitscrambler /home/tikhon/Документы/magnolia/esp-idf/components/esp_driver_cam /home/tikhon/Документы/magnolia/esp-idf/components/esp_driver_dac /home/tikhon/Документы/magnolia/esp-idf/components/esp_driver_gpio /home/tikhon/Документы/magnolia/esp-idf/components/esp_driver_gptimer /home/tikhon/Документы/magnolia/esp-idf/components/esp_driver_i2c /home/tikhon/Документы/magnolia/esp-idf/components/esp_driver_i2s /home/tikhon/Документы/magnolia/esp-idf/components/esp_driver_i3c /home/tikhon/Документы/magnolia/esp-idf/components/esp_driver_isp /home/tikhon/Документы/magnolia/esp-idf/components/esp_driver_jpeg /home/tikhon/Документы/magnolia/esp-idf/components/esp_driver_ledc /home/tikhon/Документы/magnolia/esp-idf/components/esp_driver_mcpwm /home/tikhon/Документы/magnolia/esp-idf/components/esp_driver_parlio /home/tikhon/Документы/magnolia/esp-idf/components/esp_driver_pcnt /home/tikhon/Документы/magnolia/esp-idf/components/esp_driver_ppa /home/tikhon/Документы/magnolia/esp-idf/components/esp_driver_rmt /home/tikhon/Документы/magnolia/esp-idf/components/esp_driver_sd_intf /home/tikhon/Документы/magnolia/esp-idf/components/esp_driver_sdio /home/tikhon/Документы/magnolia/esp-idf/components/esp_driver_sdm /home/tikhon/Документы/magnolia/esp-idf/components/esp_driver_sdmmc /home/tikhon/Документы/magnolia/esp-idf/components/esp_driver_sdspi /home/tikhon/Документы/magnolia/esp-idf/components/esp_driver_spi /home/tikhon/Документы/magnolia/esp-idf/components/esp_driver_touch_sens /home/tikhon/Документы/magnolia/esp-idf/components/esp_driver_tsens /home/tikhon/Документы/magnolia/esp-idf/components/esp_driver_twai /home/tikhon/Документы/magnolia/esp-idf/components/esp_driver_uart /home/tikhon/Документы/magnolia/esp-idf/components/esp_driver_usb_serial_jtag /home/tikhon/Документы/magnolia/esp-idf/components/esp_eth /home/tikhon/Документы/magnolia/esp-idf/components/esp_event /home/tikhon/Документы/magnolia/esp-idf/components/esp_gdbstub /home/tikhon/Документы/magnolia/esp-idf/components/esp_hid /home/tikhon/Документы/magnolia/esp-idf/components/esp_http_client /home/tikhon/Документы/magnolia/esp-idf/components/esp_http_server /home/tikhon/Документы/magnolia/esp-idf/components/esp_https_ota /home/tikhon/Документы/magnolia/esp-idf/components/esp_https_server /home/tikhon/Документы/magnolia/esp-idf/components/esp_hw_support /home/tikhon/Документы/magnolia/esp-idf/components/esp_lcd /home/tikhon/Документы/magnolia/esp-idf/components/esp_local_ctrl /home/tikhon/Документы/magnolia/esp-idf/components/esp_mm /home/tikhon/Документы/magnolia/esp-idf/components/esp_netif /home/tikhon/Документы/magnolia/esp-idf/components/esp_netif_stack /home/tikhon/Документы/magnolia/esp-idf/components/esp_partition /home/tikhon/Документы/magnolia/esp-idf/components/esp_phy /home/tikhon/Документы/magnolia/esp-idf/components/esp_pm /home/tikhon/Документы/magnolia/esp-idf/components/esp_psram /home/tikhon/Документы/magnolia/esp-idf/components/esp_ringbuf /home/tikhon/Документы/magnolia/esp-idf/components/esp_rom /home/tikhon/Документы/magnolia/esp-idf/components/esp_security /home/tikhon/Документы/magnolia/esp-idf/components/esp_system /home/tikhon/Документы/magnolia/esp-idf/components/esp_timer /home/tikhon/Документы/magnolia/esp-idf/components/esp_vfs_console /home/tikhon/Документы/magnolia/esp-idf/components/esp_wifi /home/tikhon/Документы/magnolia/esp-idf/components/espcoredump /home/tikhon/Документы/magnolia/applets/rust/rxxd/managed_components/espressif__cmake_utilities /home/tikhon/Документы/magnolia/applets/rust/rxxd/managed_components/espressif__elf_loader /home/tikhon/Документы/magnolia/esp-idf/components/esptool_py /home/tikhon/Документы/magnolia/esp-idf/components/fatfs /home/tikhon/Документы/magnolia/esp-idf/components/freertos /home/tikhon/Документы/magnolia/esp-idf/components/hal /home/tikhon/Документы/magnolia/esp-idf/components/heap /home/tikhon/Документы/magnolia/esp-idf/components/http_parser /home/tikhon/Документы/magnolia/esp-idf/components/idf_test /home/tikhon/Документы/magnolia/esp-idf/components/ieee802154 /home/tikhon/Документы/magnolia/esp-idf/components/json /home/tikhon/Документы/magnolia/esp-idf/components/log /home/tikhon/Документы/magnolia/esp-idf/components/lwip /home/tikhon/Документы/magnolia/applets/rust/rxxd/main /home/tikhon/Документы/magnolia/esp-idf/components/mbedtls /home/tikhon/Документы/magnolia/esp-idf/components/mqtt /home/tikhon/Документы/magnolia/esp-idf/components/newlib /home/tikhon/Документы/magnolia/esp-idf/components/nvs_flash /home/tikhon/Документы/magnolia/esp-idf/components/nvs_sec_provider /home/tikhon/Документы/magnolia/esp-idf/components/openthread /home/tikhon/Документы/magnolia/esp-idf/components/partition_table /home/tikhon/Документы/magnolia/esp-idf/components/perfmon /home/tikhon/Документы/magnolia/esp-idf/components/protobuf-c /home/tikhon/Документы/magnolia/esp-idf/components/protocomm /home/tikhon/Документы/magnolia/esp-idf/components/pthread /home/tikhon/Документы/magnolia/esp-idf/components/rt /home/tikhon/Документы/magnolia/esp-idf/components/sdmmc /home/tikhon/Документы/magnolia/esp-idf/components/soc /home/tikhon/Документы/magnolia/esp-idf/components/spi_flash /home/tikhon/Документы/magnolia/esp-idf/components/spiffs /home/tikhon/Документы/magnolia/esp-idf/components/tcp_transport /home/tikhon/Документы/magnolia/esp-idf/components/touch_element /home/tikhon/Документы/magnolia/esp-idf/components/ulp /home/tikhon/Документы/magnolia/esp-idf/components/unity /home/tikhon/Документы/magnolia/esp-idf/components/usb /home/tikhon/Документы/magnolia/esp-idf/components/vfs /home/tikhon/Документы/magnolia/esp-idf/components/wear_levelling /home/tikhon/Документы/magnolia/esp-idf/components/wifi_provisioning /home/tikhon/Документы/magnolia/esp-idf/components/wpa_supplicant /home/tikhon/Документы/magnolia/esp-idf/components/xtensa
-- Configuring done (9.3s)
[1/10] Performing build step for 'bootloader'
[1/1] cd /home/tikhon/Документы/magnolia/applets/rust/rhexdump/build/bootloader && /home/tikhon/.espressif/python_env/idf6.0_py3.12_env/bin/python /home/tikhon/Документы/magnolia/esp-idf/components/partition_table/check_sizes.py --offset 0x8000 bootloader 0x0 /home/tikhon/Документы/magnolia/applets/rust/rhexdump/build/bootloader/bootloader.bin
Bootloader binary size 0x5320 bytes. 0x2ce0 bytes (35%) free.
[3/7] Build Rust staticlib: /home/tikhon/Документы/magnolia/applets/rust/rselftest/build/librselftest.a
FAILED: librselftest.a /home/tikhon/Документы/magnolia/applets/rust/rselftest/build/librselftest.a 
cd /home/tikhon/Документы/magnolia/applets/rust/rselftest/build && /usr/bin/cmake -E env CARGO_TARGET_DIR=/home/tikhon/Документы/magnolia/applets/rust/rselftest/build/rust_target bash -lc "set -euo pipefail;                  if [ -n \"/home/tikhon/export-esp.sh\" ] && [ -f \"/home/tikhon/export-esp.sh\" ]; then . \"/home/tikhon/export-esp.sh\" >/dev/null 2>&1; fi;                  RUSTFLAGS='-C panic=abort' cargo +esp build  --locked                    -Zbuild-std=core,alloc,compiler_builtins -Zbuild-std-features=compiler-builtins-mem                    --manifest-path '/home/tikhon/Документы/magnolia/applets/rust/rselftest/rust/Cargo.toml' --release --target 'xtensa-esp32s3-none-elf'" && /usr/bin/cmake -E copy_if_different /home/tikhon/Документы/magnolia/applets/rust/rselftest/build/rust_target/xtensa-esp32s3-none-elf/release/librselftest.a /home/tikhon/Документы/magnolia/applets/rust/rselftest/build/librselftest.a && bash -lc "set -euo pipefail;                  tmp='/home/tikhon/Документы/magnolia/applets/rust/rselftest/build/rust_fixup_rselftest';                  rm -rf \"\$tmp\"; mkdir -p \"\$tmp\";                  cd \"\$tmp\";                  '/home/tikhon/.espressif/tools/xtensa-esp-elf/esp-15.1.0_20250607/xtensa-esp-elf/bin/xtensa-esp32s3-elf-ar' x '/home/tikhon/Документы/magnolia/applets/rust/rselftest/build/librselftest.a';                  for obj in *.o; do                    [ -f \"\$obj\" ] || continue;                    for sec in \$(LC_ALL=C readelf -S -W \"\$obj\" | sed -n 's/^[[:space:]]*\\[[[:space:]]*[0-9]\\+\\][[:space:]]\\+\\([^ ]\\+\\).*/\\1/p'); do                      case \"\$sec\" in                        .literal*|.rodata*) '/home/tikhon/.espressif/tools/xtensa-esp-elf/esp-15.1.0_20250607/xtensa-esp-elf/bin/xtensa-esp32s3-elf-objcopy' --set-section-flags \"\$sec\"=alloc,load,contents,data \"\$obj\" || true ;;                      esac;                    done;                  done;                  '/home/tikhon/.espressif/tools/xtensa-esp-elf/esp-15.1.0_20250607/xtensa-esp-elf/bin/xtensa-esp32s3-elf-ar' rcs '/home/tikhon/Документы/magnolia/applets/rust/rselftest/build/librselftest.a' *.o"
   Compiling magnolia-applet-sys v0.1.0 (/home/tikhon/Документы/magnolia/sdk/rust/magnolia-applet-sys)
   Compiling magnolia-applet v0.1.0 (/home/tikhon/Документы/magnolia/sdk/rust/magnolia-applet)
error: cannot find macro `vec` in this scope
  --> /home/tikhon/Документы/magnolia/sdk/rust/magnolia-applet/src/net.rs:86:9
   |
86 |         vec![unsafe { mem::zeroed() }; count as usize];
   |         ^^^
   |
help: consider importing this macro
   |
 1 + use alloc::vec;
   |

error: cannot find macro `vec` in this scope
   --> /home/tikhon/Документы/magnolia/sdk/rust/magnolia-applet/src/net.rs:226:9
    |
226 |         vec![unsafe { mem::zeroed() }; count as usize];
    |         ^^^
    |
help: consider importing this macro
    |
  1 + use alloc::vec;
    |

error: cannot find macro `vec` in this scope
  --> /home/tikhon/Документы/magnolia/sdk/rust/magnolia-applet/src/sysctl.rs:31:19
   |
31 |     let mut buf = vec![0i8; 256];
   |                   ^^^
   |
help: consider importing this macro
   |
 1 + use alloc::vec;
   |

error: could not compile `magnolia-applet` (lib) due to 3 previous errors
ninja: build stopped: subcommand failed.
[2/10] No install step for 'bootloader'
-- Minimal build - OFF
[0/4] Re-checking globbed directories...
[3/10] Completed 'bootloader'
-- Building ESP-IDF components for target esp32s3
[4/10] Build Rust staticlib: /home/tikhon/Документы/magnolia/applets/rust/rdd/build/libdd.a
FAILED: libdd.a /home/tikhon/Документы/magnolia/applets/rust/rdd/build/libdd.a 
cd /home/tikhon/Документы/magnolia/applets/rust/rdd/build && /usr/bin/cmake -E env CARGO_TARGET_DIR=/home/tikhon/Документы/magnolia/applets/rust/rdd/build/rust_target bash -lc "set -euo pipefail;                  if [ -n \"/home/tikhon/export-esp.sh\" ] && [ -f \"/home/tikhon/export-esp.sh\" ]; then . \"/home/tikhon/export-esp.sh\" >/dev/null 2>&1; fi;                  RUSTFLAGS='-C panic=abort' cargo +esp build  --locked                    -Zbuild-std=core,alloc,compiler_builtins -Zbuild-std-features=compiler-builtins-mem                    --manifest-path '/home/tikhon/Документы/magnolia/applets/rust/rdd/rust/Cargo.toml' --release --target 'xtensa-esp32s3-none-elf'" && /usr/bin/cmake -E copy_if_different /home/tikhon/Документы/magnolia/applets/rust/rdd/build/rust_target/xtensa-esp32s3-none-elf/release/libdd.a /home/tikhon/Документы/magnolia/applets/rust/rdd/build/libdd.a && bash -lc "set -euo pipefail;                  tmp='/home/tikhon/Документы/magnolia/applets/rust/rdd/build/rust_fixup_dd';                  rm -rf \"\$tmp\"; mkdir -p \"\$tmp\";                  cd \"\$tmp\";                  '/home/tikhon/.espressif/tools/xtensa-esp-elf/esp-15.1.0_20250607/xtensa-esp-elf/bin/xtensa-esp32s3-elf-ar' x '/home/tikhon/Документы/magnolia/applets/rust/rdd/build/libdd.a';                  for obj in *.o; do                    [ -f \"\$obj\" ] || continue;                    for sec in \$(LC_ALL=C readelf -S -W \"\$obj\" | sed -n 's/^[[:space:]]*\\[[[:space:]]*[0-9]\\+\\][[:space:]]\\+\\([^ ]\\+\\).*/\\1/p'); do                      case \"\$sec\" in                        .literal*|.rodata*) '/home/tikhon/.espressif/tools/xtensa-esp-elf/esp-15.1.0_20250607/xtensa-esp-elf/bin/xtensa-esp32s3-elf-objcopy' --set-section-flags \"\$sec\"=alloc,load,contents,data \"\$obj\" || true ;;                      esac;                    done;                  done;                  '/home/tikhon/.espressif/tools/xtensa-esp-elf/esp-15.1.0_20250607/xtensa-esp-elf/bin/xtensa-esp32s3-elf-ar' rcs '/home/tikhon/Документы/magnolia/applets/rust/rdd/build/libdd.a' *.o"
   Compiling magnolia-applet v0.1.0 (/home/tikhon/Документы/magnolia/sdk/rust/magnolia-applet)
error: cannot find macro `vec` in this scope
  --> /home/tikhon/Документы/magnolia/sdk/rust/magnolia-applet/src/net.rs:86:9
   |
86 |         vec![unsafe { mem::zeroed() }; count as usize];
   |         ^^^
   |
help: consider importing this macro
   |
 1 + use alloc::vec;
   |

error: cannot find macro `vec` in this scope
   --> /home/tikhon/Документы/magnolia/sdk/rust/magnolia-applet/src/net.rs:226:9
    |
226 |         vec![unsafe { mem::zeroed() }; count as usize];
    |         ^^^
    |
help: consider importing this macro
    |
  1 + use alloc::vec;
    |

error: cannot find macro `vec` in this scope
  --> /home/tikhon/Документы/magnolia/sdk/rust/magnolia-applet/src/sysctl.rs:31:19
   |
31 |     let mut buf = vec![0i8; 256];
   |                   ^^^
   |
help: consider importing this macro
   |
 1 + use alloc::vec;
   |

error: could not compile `magnolia-applet` (lib) due to 3 previous errors
[1/7] Building C object esp-idf/esp_app_format/CMakeFiles/__idf_esp_app_format.dir/esp_app_desc.c.obj
Applet uname OK -> /home/tikhon/Документы/magnolia/rootfs/bin/gouname
[2/7] Linking C static library esp-idf/esp_app_format/libesp_app_format.a
-- Generating done (0.6s)
-- Build files have been written to: /home/tikhon/Документы/magnolia/applets/rust/rshello/build
-- Minimal build - OFF
-- Building ESP-IDF components for target esp32s3
Command failed (2): idf.py elf
Elf target failed for rselftest; running `idf.py build` instead.
+ idf.py build
[4/10] Build Rust staticlib: /home/tikhon/Документы/magnolia/applets/rust/rhexdump/build/libhexdump.a
FAILED: libhexdump.a /home/tikhon/Документы/magnolia/applets/rust/rhexdump/build/libhexdump.a 
cd /home/tikhon/Документы/magnolia/applets/rust/rhexdump/build && /usr/bin/cmake -E env CARGO_TARGET_DIR=/home/tikhon/Документы/magnolia/applets/rust/rhexdump/build/rust_target bash -lc "set -euo pipefail;                  if [ -n \"/home/tikhon/export-esp.sh\" ] && [ -f \"/home/tikhon/export-esp.sh\" ]; then . \"/home/tikhon/export-esp.sh\" >/dev/null 2>&1; fi;                  RUSTFLAGS='-C panic=abort' cargo +esp build  --locked                    -Zbuild-std=core,alloc,compiler_builtins -Zbuild-std-features=compiler-builtins-mem                    --manifest-path '/home/tikhon/Документы/magnolia/applets/rust/rhexdump/rust/Cargo.toml' --release --target 'xtensa-esp32s3-none-elf'" && /usr/bin/cmake -E copy_if_different /home/tikhon/Документы/magnolia/applets/rust/rhexdump/build/rust_target/xtensa-esp32s3-none-elf/release/libhexdump.a /home/tikhon/Документы/magnolia/applets/rust/rhexdump/build/libhexdump.a && bash -lc "set -euo pipefail;                  tmp='/home/tikhon/Документы/magnolia/applets/rust/rhexdump/build/rust_fixup_hexdump';                  rm -rf \"\$tmp\"; mkdir -p \"\$tmp\";                  cd \"\$tmp\";                  '/home/tikhon/.espressif/tools/xtensa-esp-elf/esp-15.1.0_20250607/xtensa-esp-elf/bin/xtensa-esp32s3-elf-ar' x '/home/tikhon/Документы/magnolia/applets/rust/rhexdump/build/libhexdump.a';                  for obj in *.o; do                    [ -f \"\$obj\" ] || continue;                    for sec in \$(LC_ALL=C readelf -S -W \"\$obj\" | sed -n 's/^[[:space:]]*\\[[[:space:]]*[0-9]\\+\\][[:space:]]\\+\\([^ ]\\+\\).*/\\1/p'); do                      case \"\$sec\" in                        .literal*|.rodata*) '/home/tikhon/.espressif/tools/xtensa-esp-elf/esp-15.1.0_20250607/xtensa-esp-elf/bin/xtensa-esp32s3-elf-objcopy' --set-section-flags \"\$sec\"=alloc,load,contents,data \"\$obj\" || true ;;                      esac;                    done;                  done;                  '/home/tikhon/.espressif/tools/xtensa-esp-elf/esp-15.1.0_20250607/xtensa-esp-elf/bin/xtensa-esp32s3-elf-ar' rcs '/home/tikhon/Документы/magnolia/applets/rust/rhexdump/build/libhexdump.a' *.o"
   Compiling magnolia-applet v0.1.0 (/home/tikhon/Документы/magnolia/sdk/rust/magnolia-applet)
error: cannot find macro `vec` in this scope
  --> /home/tikhon/Документы/magnolia/sdk/rust/magnolia-applet/src/net.rs:86:9
   |
86 |         vec![unsafe { mem::zeroed() }; count as usize];
   |         ^^^
   |
help: consider importing this macro
   |
 1 + use alloc::vec;
   |

error: cannot find macro `vec` in this scope
   --> /home/tikhon/Документы/magnolia/sdk/rust/magnolia-applet/src/net.rs:226:9
    |
226 |         vec![unsafe { mem::zeroed() }; count as usize];
    |         ^^^
    |
help: consider importing this macro
    |
  1 + use alloc::vec;
    |

error: cannot find macro `vec` in this scope
  --> /home/tikhon/Документы/magnolia/sdk/rust/magnolia-applet/src/sysctl.rs:31:19
   |
31 |     let mut buf = vec![0i8; 256];
   |                   ^^^
   |
help: consider importing this macro
   |
 1 + use alloc::vec;
   |

error: could not compile `magnolia-applet` (lib) due to 3 previous errors
NOTICE: Processing 3 dependencies:
NOTICE: [1/3] espressif/cmake_utilities (0.5.3)
NOTICE: [2/3] espressif/elf_loader (1.1.1)
NOTICE: [3/3] idf (6.0.0)
-- Components: app_trace app_update bootloader bootloader_support bt cmock console cxx driver efuse esp-tls esp_adc esp_app_format esp_bootloader_format esp_coex esp_common esp_driver_ana_cmpr esp_driver_bitscrambler esp_driver_cam esp_driver_dac esp_driver_gpio esp_driver_gptimer esp_driver_i2c esp_driver_i2s esp_driver_i3c esp_driver_isp esp_driver_jpeg esp_driver_ledc esp_driver_mcpwm esp_driver_parlio esp_driver_pcnt esp_driver_ppa esp_driver_rmt esp_driver_sd_intf esp_driver_sdio esp_driver_sdm esp_driver_sdmmc esp_driver_sdspi esp_driver_spi esp_driver_touch_sens esp_driver_tsens esp_driver_twai esp_driver_uart esp_driver_usb_serial_jtag esp_eth esp_event esp_gdbstub esp_hid esp_http_client esp_http_server esp_https_ota esp_https_server esp_hw_support esp_lcd esp_local_ctrl esp_mm esp_netif esp_netif_stack esp_partition esp_phy esp_pm esp_psram esp_ringbuf esp_rom esp_security esp_system esp_timer esp_vfs_console esp_wifi espcoredump espressif__cmake_utilities espressif__elf_loader esptool_py fatfs freertos hal heap http_parser idf_test ieee802154 json log lwip main mbedtls mqtt newlib nvs_flash nvs_sec_provider openthread partition_table perfmon protobuf-c protocomm pthread rt sdmmc soc spi_flash spiffs tcp_transport touch_element ulp unity usb vfs wear_levelling wifi_provisioning wpa_supplicant xtensa
-- Component paths: /home/tikhon/Документы/magnolia/esp-idf/components/app_trace /home/tikhon/Документы/magnolia/esp-idf/components/app_update /home/tikhon/Документы/magnolia/esp-idf/components/bootloader /home/tikhon/Документы/magnolia/esp-idf/components/bootloader_support /home/tikhon/Документы/magnolia/esp-idf/components/bt /home/tikhon/Документы/magnolia/esp-idf/components/cmock /home/tikhon/Документы/magnolia/esp-idf/components/console /home/tikhon/Документы/magnolia/esp-idf/components/cxx /home/tikhon/Документы/magnolia/esp-idf/components/driver /home/tikhon/Документы/magnolia/esp-idf/components/efuse /home/tikhon/Документы/magnolia/esp-idf/components/esp-tls /home/tikhon/Документы/magnolia/esp-idf/components/esp_adc /home/tikhon/Документы/magnolia/esp-idf/components/esp_app_format /home/tikhon/Документы/magnolia/esp-idf/components/esp_bootloader_format /home/tikhon/Документы/magnolia/esp-idf/components/esp_coex /home/tikhon/Документы/magnolia/esp-idf/components/esp_common /home/tikhon/Документы/magnolia/esp-idf/components/esp_driver_ana_cmpr /home/tikhon/Документы/magnolia/esp-idf/components/esp_driver_bitscrambler /home/tikhon/Документы/magnolia/esp-idf/components/esp_driver_cam /home/tikhon/Документы/magnolia/esp-idf/components/esp_driver_dac /home/tikhon/Документы/magnolia/esp-idf/components/esp_driver_gpio /home/tikhon/Документы/magnolia/esp-idf/components/esp_driver_gptimer /home/tikhon/Документы/magnolia/esp-idf/components/esp_driver_i2c /home/tikhon/Документы/magnolia/esp-idf/components/esp_driver_i2s /home/tikhon/Документы/magnolia/esp-idf/components/esp_driver_i3c /home/tikhon/Документы/magnolia/esp-idf/components/esp_driver_isp /home/tikhon/Документы/magnolia/esp-idf/components/esp_driver_jpeg /home/tikhon/Документы/magnolia/esp-idf/components/esp_driver_ledc /home/tikhon/Документы/magnolia/esp-idf/components/esp_driver_mcpwm /home/tikhon/Документы/magnolia/esp-idf/components/esp_driver_parlio /home/tikhon/Документы/magnolia/esp-idf/components/esp_driver_pcnt /home/tikhon/Документы/magnolia/esp-idf/components/esp_driver_ppa /home/tikhon/Документы/magnolia/esp-idf/components/esp_driver_rmt /home/tikhon/Документы/magnolia/esp-idf/components/esp_driver_sd_intf /home/tikhon/Документы/magnolia/esp-idf/components/esp_driver_sdio /home/tikhon/Документы/magnolia/esp-idf/components/esp_driver_sdm /home/tikhon/Документы/magnolia/esp-idf/components/esp_driver_sdmmc /home/tikhon/Документы/magnolia/esp-idf/components/esp_driver_sdspi /home/tikhon/Документы/magnolia/esp-idf/components/esp_driver_spi /home/tikhon/Документы/magnolia/esp-idf/components/esp_driver_touch_sens /home/tikhon/Документы/magnolia/esp-idf/components/esp_driver_tsens /home/tikhon/Документы/magnolia/esp-idf/components/esp_driver_twai /home/tikhon/Документы/magnolia/esp-idf/components/esp_driver_uart /home/tikhon/Документы/magnolia/esp-idf/components/esp_driver_usb_serial_jtag /home/tikhon/Документы/magnolia/esp-idf/components/esp_eth /home/tikhon/Документы/magnolia/esp-idf/components/esp_event /home/tikhon/Документы/magnolia/esp-idf/components/esp_gdbstub /home/tikhon/Документы/magnolia/esp-idf/components/esp_hid /home/tikhon/Документы/magnolia/esp-idf/components/esp_http_client /home/tikhon/Документы/magnolia/esp-idf/components/esp_http_server /home/tikhon/Документы/magnolia/esp-idf/components/esp_https_ota /home/tikhon/Документы/magnolia/esp-idf/components/esp_https_server /home/tikhon/Документы/magnolia/esp-idf/components/esp_hw_support /home/tikhon/Документы/magnolia/esp-idf/components/esp_lcd /home/tikhon/Документы/magnolia/esp-idf/components/esp_local_ctrl /home/tikhon/Документы/magnolia/esp-idf/components/esp_mm /home/tikhon/Документы/magnolia/esp-idf/components/esp_netif /home/tikhon/Документы/magnolia/esp-idf/components/esp_netif_stack /home/tikhon/Документы/magnolia/esp-idf/components/esp_partition /home/tikhon/Документы/magnolia/esp-idf/components/esp_phy /home/tikhon/Документы/magnolia/esp-idf/components/esp_pm /home/tikhon/Документы/magnolia/esp-idf/components/esp_psram /home/tikhon/Документы/magnolia/esp-idf/components/esp_ringbuf /home/tikhon/Документы/magnolia/esp-idf/components/esp_rom /home/tikhon/Документы/magnolia/esp-idf/components/esp_security /home/tikhon/Документы/magnolia/esp-idf/components/esp_system /home/tikhon/Документы/magnolia/esp-idf/components/esp_timer /home/tikhon/Документы/magnolia/esp-idf/components/esp_vfs_console /home/tikhon/Документы/magnolia/esp-idf/components/esp_wifi /home/tikhon/Документы/magnolia/esp-idf/components/espcoredump /home/tikhon/Документы/magnolia/applets/zig/zdd/managed_components/espressif__cmake_utilities /home/tikhon/Документы/magnolia/applets/zig/zdd/managed_components/espressif__elf_loader /home/tikhon/Документы/magnolia/esp-idf/components/esptool_py /home/tikhon/Документы/magnolia/esp-idf/components/fatfs /home/tikhon/Документы/magnolia/esp-idf/components/freertos /home/tikhon/Документы/magnolia/esp-idf/components/hal /home/tikhon/Документы/magnolia/esp-idf/components/heap /home/tikhon/Документы/magnolia/esp-idf/components/http_parser /home/tikhon/Документы/magnolia/esp-idf/components/idf_test /home/tikhon/Документы/magnolia/esp-idf/components/ieee802154 /home/tikhon/Документы/magnolia/esp-idf/components/json /home/tikhon/Документы/magnolia/esp-idf/components/log /home/tikhon/Документы/magnolia/esp-idf/components/lwip /home/tikhon/Документы/magnolia/applets/zig/zdd/main /home/tikhon/Документы/magnolia/esp-idf/components/mbedtls /home/tikhon/Документы/magnolia/esp-idf/components/mqtt /home/tikhon/Документы/magnolia/esp-idf/components/newlib /home/tikhon/Документы/magnolia/esp-idf/components/nvs_flash /home/tikhon/Документы/magnolia/esp-idf/components/nvs_sec_provider /home/tikhon/Документы/magnolia/esp-idf/components/openthread /home/tikhon/Документы/magnolia/esp-idf/components/partition_table /home/tikhon/Документы/magnolia/esp-idf/components/perfmon /home/tikhon/Документы/magnolia/esp-idf/components/protobuf-c /home/tikhon/Документы/magnolia/esp-idf/components/protocomm /home/tikhon/Документы/magnolia/esp-idf/components/pthread /home/tikhon/Документы/magnolia/esp-idf/components/rt /home/tikhon/Документы/magnolia/esp-idf/components/sdmmc /home/tikhon/Документы/magnolia/esp-idf/components/soc /home/tikhon/Документы/magnolia/esp-idf/components/spi_flash /home/tikhon/Документы/magnolia/esp-idf/components/spiffs /home/tikhon/Документы/magnolia/esp-idf/components/tcp_transport /home/tikhon/Документы/magnolia/esp-idf/components/touch_element /home/tikhon/Документы/magnolia/esp-idf/components/ulp /home/tikhon/Документы/magnolia/esp-idf/components/unity /home/tikhon/Документы/magnolia/esp-idf/components/usb /home/tikhon/Документы/magnolia/esp-idf/components/vfs /home/tikhon/Документы/magnolia/esp-idf/components/wear_levelling /home/tikhon/Документы/magnolia/esp-idf/components/wifi_provisioning /home/tikhon/Документы/magnolia/esp-idf/components/wpa_supplicant /home/tikhon/Документы/magnolia/esp-idf/components/xtensa
-- Configuring done (8.4s)
[1/4] Building C object esp-idf/esp_app_format/CMakeFiles/__idf_esp_app_format.dir/esp_app_desc.c.obj
[2/4] Linking C static library esp-idf/esp_app_format/libesp_app_format.a
[3/4] Build ELF: rshello.app.elf
/home/tikhon/.espressif/tools/xtensa-esp-elf/esp-15.1.0_20250607/xtensa-esp-elf/bin/../lib/gcc/xtensa-esp-elf/15.1.0/../../../../xtensa-esp-elf/bin/ld: warning: main.c.obj: missing .note.GNU-stack section implies executable stack
/home/tikhon/.espressif/tools/xtensa-esp-elf/esp-15.1.0_20250607/xtensa-esp-elf/bin/../lib/gcc/xtensa-esp-elf/15.1.0/../../../../xtensa-esp-elf/bin/ld: NOTE: This behaviour is deprecated and will be removed in a future version of the linker
[3/7] Build Rust staticlib: /home/tikhon/Документы/magnolia/applets/rust/rusthello/build/librusthello.a
FAILED: librusthello.a /home/tikhon/Документы/magnolia/applets/rust/rusthello/build/librusthello.a 
cd /home/tikhon/Документы/magnolia/applets/rust/rusthello/build && /usr/bin/cmake -E env CARGO_TARGET_DIR=/home/tikhon/Документы/magnolia/applets/rust/rusthello/build/rust_target bash -lc "set -euo pipefail;                  if [ -n \"/home/tikhon/export-esp.sh\" ] && [ -f \"/home/tikhon/export-esp.sh\" ]; then . \"/home/tikhon/export-esp.sh\" >/dev/null 2>&1; fi;                  RUSTFLAGS='-C panic=abort' cargo +esp build  --locked                    -Zbuild-std=core,alloc,compiler_builtins -Zbuild-std-features=compiler-builtins-mem                    --manifest-path '/home/tikhon/Документы/magnolia/applets/rust/rusthello/rust/Cargo.toml' --release --target 'xtensa-esp32s3-none-elf'" && /usr/bin/cmake -E copy_if_different /home/tikhon/Документы/magnolia/applets/rust/rusthello/build/rust_target/xtensa-esp32s3-none-elf/release/librusthello.a /home/tikhon/Документы/magnolia/applets/rust/rusthello/build/librusthello.a && bash -lc "set -euo pipefail;                  tmp='/home/tikhon/Документы/magnolia/applets/rust/rusthello/build/rust_fixup_rusthello';                  rm -rf \"\$tmp\"; mkdir -p \"\$tmp\";                  cd \"\$tmp\";                  '/home/tikhon/.espressif/tools/xtensa-esp-elf/esp-15.1.0_20250607/xtensa-esp-elf/bin/xtensa-esp32s3-elf-ar' x '/home/tikhon/Документы/magnolia/applets/rust/rusthello/build/librusthello.a';                  for obj in *.o; do                    [ -f \"\$obj\" ] || continue;                    for sec in \$(LC_ALL=C readelf -S -W \"\$obj\" | sed -n 's/^[[:space:]]*\\[[[:space:]]*[0-9]\\+\\][[:space:]]\\+\\([^ ]\\+\\).*/\\1/p'); do                      case \"\$sec\" in                        .literal*|.rodata*) '/home/tikhon/.espressif/tools/xtensa-esp-elf/esp-15.1.0_20250607/xtensa-esp-elf/bin/xtensa-esp32s3-elf-objcopy' --set-section-flags \"\$sec\"=alloc,load,contents,data \"\$obj\" || true ;;                      esac;                    done;                  done;                  '/home/tikhon/.espressif/tools/xtensa-esp-elf/esp-15.1.0_20250607/xtensa-esp-elf/bin/xtensa-esp32s3-elf-ar' rcs '/home/tikhon/Документы/magnolia/applets/rust/rusthello/build/librusthello.a' *.o"
   Compiling magnolia-applet-sys v0.1.0 (/home/tikhon/Документы/magnolia/sdk/rust/magnolia-applet-sys)
   Compiling magnolia-applet v0.1.0 (/home/tikhon/Документы/magnolia/sdk/rust/magnolia-applet)
error: cannot find macro `vec` in this scope
  --> /home/tikhon/Документы/magnolia/sdk/rust/magnolia-applet/src/net.rs:86:9
   |
86 |         vec![unsafe { mem::zeroed() }; count as usize];
   |         ^^^
   |
help: consider importing this macro
   |
 1 + use alloc::vec;
   |

error: cannot find macro `vec` in this scope
   --> /home/tikhon/Документы/magnolia/sdk/rust/magnolia-applet/src/net.rs:226:9
    |
226 |         vec![unsafe { mem::zeroed() }; count as usize];
    |         ^^^
    |
help: consider importing this macro
    |
  1 + use alloc::vec;
    |

error: cannot find macro `vec` in this scope
  --> /home/tikhon/Документы/magnolia/sdk/rust/magnolia-applet/src/sysctl.rs:31:19
   |
31 |     let mut buf = vec![0i8; 256];
   |                   ^^^
   |
help: consider importing this macro
   |
 1 + use alloc::vec;
   |

error: could not compile `magnolia-applet` (lib) due to 3 previous errors
ninja: build stopped: subcommand failed.
Applet rshello OK -> /home/tikhon/Документы/magnolia/rootfs/bin/rshello
-- ESP-TEE is currently supported only on the esp32c6;esp32h2;esp32c5 SoCs
[3/8] Generating sleep_tinygo.o
[4/8] Linking C static library esp-idf/main/libmain.a
[5/8] Build ELF: sleep.app.elf
Command failed (2): idf.py elf
Elf target failed for rusthello; running `idf.py build` instead.
+ idf.py build
-- Generating done (0.5s)
-- Build files have been written to: /home/tikhon/Документы/magnolia/applets/rust/rxxd/build
NOTICE: Processing 3 dependencies:
NOTICE: [1/3] espressif/cmake_utilities (0.5.3)
NOTICE: [2/3] espressif/elf_loader (1.1.1)
NOTICE: [3/3] idf (6.0.0)
Applet sleep OK -> /home/tikhon/Документы/magnolia/rootfs/bin/gosleep
-- Project sdkconfig file /home/tikhon/Документы/magnolia/applets/zig/zigdemo/sdkconfig
[0/4] Re-checking globbed directories...
[1/7] Building C object esp-idf/esp_app_format/CMakeFiles/__idf_esp_app_format.dir/esp_app_desc.c.obj
[2/7] Linking C static library esp-idf/esp_app_format/libesp_app_format.a
NOTICE: Processing 3 dependencies:
NOTICE: [1/3] espressif/cmake_utilities (0.5.3)
NOTICE: [2/3] espressif/elf_loader (1.1.1)
NOTICE: [3/3] idf (6.0.0)
-- ESP-TEE is currently supported only on the esp32c6;esp32h2;esp32c5 SoCs
-- Generating done (0.4s)
-- Build files have been written to: /home/tikhon/Документы/magnolia/applets/zig/zdd/build
[0/4] Re-checking globbed directories...
Executing action: all (aliases: build)
Running ninja in directory /home/tikhon/Документы/magnolia/applets/rust/rselftest/build
Executing "ninja all"...
[0/2] Re-checking globbed directories...
[1/18] Generating project_elf_src_esp32s3.c
-- ESP-TEE is currently supported only on the esp32c6;esp32h2;esp32c5 SoCs
[1/6] Building C object esp-idf/esp_app_format/CMakeFiles/__idf_esp_app_format.dir/esp_app_desc.c.obj
[2/18] Generating ../../partition_table/partition-table.bin
Partition table binary generated. Contents:
*******************************************************************************
# ESP-IDF Partition Table
# Name, Type, SubType, Offset, Size, Flags
nvs,data,nvs,0x9000,24K,
phy_init,data,phy,0xf000,4K,
factory,app,factory,0x10000,1M,
*******************************************************************************
[2/6] Linking C static library esp-idf/esp_app_format/libesp_app_format.a
[3/6] Build ELF: dd.app.elf
/home/tikhon/.espressif/tools/xtensa-esp-elf/esp-15.1.0_20250607/xtensa-esp-elf/bin/../lib/gcc/xtensa-esp-elf/15.1.0/../../../../xtensa-esp-elf/bin/ld: warning: dd.app.elf has a LOAD segment with RWX permissions
[3/18] Creating directories for 'bootloader'
[3/7] Build Rust staticlib: /home/tikhon/Документы/magnolia/applets/rust/rxxd/build/libxxd.a
FAILED: libxxd.a /home/tikhon/Документы/magnolia/applets/rust/rxxd/build/libxxd.a 
cd /home/tikhon/Документы/magnolia/applets/rust/rxxd/build && /usr/bin/cmake -E env CARGO_TARGET_DIR=/home/tikhon/Документы/magnolia/applets/rust/rxxd/build/rust_target bash -lc "set -euo pipefail;                  if [ -n \"/home/tikhon/export-esp.sh\" ] && [ -f \"/home/tikhon/export-esp.sh\" ]; then . \"/home/tikhon/export-esp.sh\" >/dev/null 2>&1; fi;                  RUSTFLAGS='-C panic=abort' cargo +esp build  --locked                    -Zbuild-std=core,alloc,compiler_builtins -Zbuild-std-features=compiler-builtins-mem                    --manifest-path '/home/tikhon/Документы/magnolia/applets/rust/rxxd/rust/Cargo.toml' --release --target 'xtensa-esp32s3-none-elf'" && /usr/bin/cmake -E copy_if_different /home/tikhon/Документы/magnolia/applets/rust/rxxd/build/rust_target/xtensa-esp32s3-none-elf/release/libxxd.a /home/tikhon/Документы/magnolia/applets/rust/rxxd/build/libxxd.a && bash -lc "set -euo pipefail;                  tmp='/home/tikhon/Документы/magnolia/applets/rust/rxxd/build/rust_fixup_xxd';                  rm -rf \"\$tmp\"; mkdir -p \"\$tmp\";                  cd \"\$tmp\";                  '/home/tikhon/.espressif/tools/xtensa-esp-elf/esp-15.1.0_20250607/xtensa-esp-elf/bin/xtensa-esp32s3-elf-ar' x '/home/tikhon/Документы/magnolia/applets/rust/rxxd/build/libxxd.a';                  for obj in *.o; do                    [ -f \"\$obj\" ] || continue;                    for sec in \$(LC_ALL=C readelf -S -W \"\$obj\" | sed -n 's/^[[:space:]]*\\[[[:space:]]*[0-9]\\+\\][[:space:]]\\+\\([^ ]\\+\\).*/\\1/p'); do                      case \"\$sec\" in                        .literal*|.rodata*) '/home/tikhon/.espressif/tools/xtensa-esp-elf/esp-15.1.0_20250607/xtensa-esp-elf/bin/xtensa-esp32s3-elf-objcopy' --set-section-flags \"\$sec\"=alloc,load,contents,data \"\$obj\" || true ;;                      esac;                    done;                  done;                  '/home/tikhon/.espressif/tools/xtensa-esp-elf/esp-15.1.0_20250607/xtensa-esp-elf/bin/xtensa-esp32s3-elf-ar' rcs '/home/tikhon/Документы/magnolia/applets/rust/rxxd/build/libxxd.a' *.o"
   Compiling magnolia-applet-sys v0.1.0 (/home/tikhon/Документы/magnolia/sdk/rust/magnolia-applet-sys)
   Compiling magnolia-applet v0.1.0 (/home/tikhon/Документы/magnolia/sdk/rust/magnolia-applet)
error: cannot find macro `vec` in this scope
  --> /home/tikhon/Документы/magnolia/sdk/rust/magnolia-applet/src/net.rs:86:9
   |
86 |         vec![unsafe { mem::zeroed() }; count as usize];
   |         ^^^
   |
help: consider importing this macro
   |
 1 + use alloc::vec;
   |

error: cannot find macro `vec` in this scope
   --> /home/tikhon/Документы/magnolia/sdk/rust/magnolia-applet/src/net.rs:226:9
    |
226 |         vec![unsafe { mem::zeroed() }; count as usize];
    |         ^^^
    |
help: consider importing this macro
    |
  1 + use alloc::vec;
    |

error: cannot find macro `vec` in this scope
  --> /home/tikhon/Документы/magnolia/sdk/rust/magnolia-applet/src/sysctl.rs:31:19
   |
31 |     let mut buf = vec![0i8; 256];
   |                   ^^^
   |
help: consider importing this macro
   |
 1 + use alloc::vec;
   |

error: could not compile `magnolia-applet` (lib) due to 3 previous errors
ninja: build stopped: subcommand failed.
[4/18] No download step for 'bootloader'
[5/18] No update step for 'bootloader'
[6/18] No patch step for 'bootloader'
Applet zdd OK -> /home/tikhon/Документы/magnolia/rootfs/bin/zdd
[7/18] Build Rust staticlib: /home/tikhon/Документы/magnolia/applets/rust/rselftest/build/librselftest.a
FAILED: librselftest.a /home/tikhon/Документы/magnolia/applets/rust/rselftest/build/librselftest.a 
cd /home/tikhon/Документы/magnolia/applets/rust/rselftest/build && /usr/bin/cmake -E env CARGO_TARGET_DIR=/home/tikhon/Документы/magnolia/applets/rust/rselftest/build/rust_target bash -lc "set -euo pipefail;                  if [ -n \"/home/tikhon/export-esp.sh\" ] && [ -f \"/home/tikhon/export-esp.sh\" ]; then . \"/home/tikhon/export-esp.sh\" >/dev/null 2>&1; fi;                  RUSTFLAGS='-C panic=abort' cargo +esp build  --locked                    -Zbuild-std=core,alloc,compiler_builtins -Zbuild-std-features=compiler-builtins-mem                    --manifest-path '/home/tikhon/Документы/magnolia/applets/rust/rselftest/rust/Cargo.toml' --release --target 'xtensa-esp32s3-none-elf'" && /usr/bin/cmake -E copy_if_different /home/tikhon/Документы/magnolia/applets/rust/rselftest/build/rust_target/xtensa-esp32s3-none-elf/release/librselftest.a /home/tikhon/Документы/magnolia/applets/rust/rselftest/build/librselftest.a && bash -lc "set -euo pipefail;                  tmp='/home/tikhon/Документы/magnolia/applets/rust/rselftest/build/rust_fixup_rselftest';                  rm -rf \"\$tmp\"; mkdir -p \"\$tmp\";                  cd \"\$tmp\";                  '/home/tikhon/.espressif/tools/xtensa-esp-elf/esp-15.1.0_20250607/xtensa-esp-elf/bin/xtensa-esp32s3-elf-ar' x '/home/tikhon/Документы/magnolia/applets/rust/rselftest/build/librselftest.a';                  for obj in *.o; do                    [ -f \"\$obj\" ] || continue;                    for sec in \$(LC_ALL=C readelf -S -W \"\$obj\" | sed -n 's/^[[:space:]]*\\[[[:space:]]*[0-9]\\+\\][[:space:]]\\+\\([^ ]\\+\\).*/\\1/p'); do                      case \"\$sec\" in                        .literal*|.rodata*) '/home/tikhon/.espressif/tools/xtensa-esp-elf/esp-15.1.0_20250607/xtensa-esp-elf/bin/xtensa-esp32s3-elf-objcopy' --set-section-flags \"\$sec\"=alloc,load,contents,data \"\$obj\" || true ;;                      esac;                    done;                  done;                  '/home/tikhon/.espressif/tools/xtensa-esp-elf/esp-15.1.0_20250607/xtensa-esp-elf/bin/xtensa-esp32s3-elf-ar' rcs '/home/tikhon/Документы/magnolia/applets/rust/rselftest/build/librselftest.a' *.o"
   Compiling magnolia-applet v0.1.0 (/home/tikhon/Документы/magnolia/sdk/rust/magnolia-applet)
error: cannot find macro `vec` in this scope
  --> /home/tikhon/Документы/magnolia/sdk/rust/magnolia-applet/src/net.rs:86:9
   |
86 |         vec![unsafe { mem::zeroed() }; count as usize];
   |         ^^^
   |
help: consider importing this macro
   |
 1 + use alloc::vec;
   |

error: cannot find macro `vec` in this scope
   --> /home/tikhon/Документы/magnolia/sdk/rust/magnolia-applet/src/net.rs:226:9
    |
226 |         vec![unsafe { mem::zeroed() }; count as usize];
    |         ^^^
    |
help: consider importing this macro
    |
  1 + use alloc::vec;
    |

error: cannot find macro `vec` in this scope
  --> /home/tikhon/Документы/magnolia/sdk/rust/magnolia-applet/src/sysctl.rs:31:19
   |
31 |     let mut buf = vec![0i8; 256];
   |                   ^^^
   |
help: consider importing this macro
   |
 1 + use alloc::vec;
   |

error: could not compile `magnolia-applet` (lib) due to 3 previous errors
-- Compiler supported targets: xtensa-esp-elf
Command failed (2): idf.py elf
Elf target failed for rxxd; running `idf.py build` instead.
+ idf.py build
Executing action: all (aliases: build)
Running ninja in directory /home/tikhon/Документы/magnolia/applets/rust/rusthello/build
Executing "ninja all"...
[0/2] Re-checking globbed directories...
[1/18] Generating project_elf_src_esp32s3.c
-- Project sdkconfig file /home/tikhon/Документы/magnolia/applets/zig/zighello/sdkconfig
-- App "zigdemo" version: c092b7f-dirty
[2/18] Generating ../../partition_table/partition-table.bin
Partition table binary generated. Contents:
*******************************************************************************
# ESP-IDF Partition Table
# Name, Type, SubType, Offset, Size, Flags
nvs,data,nvs,0x9000,24K,
phy_init,data,phy,0xf000,4K,
factory,app,factory,0x10000,1M,
*******************************************************************************
[3/18] Creating directories for 'bootloader'
[4/18] No download step for 'bootloader'
[5/18] No update step for 'bootloader'
[6/18] No patch step for 'bootloader'
[7/18] Build Rust staticlib: /home/tikhon/Документы/magnolia/applets/rust/rusthello/build/librusthello.a
FAILED: librusthello.a /home/tikhon/Документы/magnolia/applets/rust/rusthello/build/librusthello.a 
cd /home/tikhon/Документы/magnolia/applets/rust/rusthello/build && /usr/bin/cmake -E env CARGO_TARGET_DIR=/home/tikhon/Документы/magnolia/applets/rust/rusthello/build/rust_target bash -lc "set -euo pipefail;                  if [ -n \"/home/tikhon/export-esp.sh\" ] && [ -f \"/home/tikhon/export-esp.sh\" ]; then . \"/home/tikhon/export-esp.sh\" >/dev/null 2>&1; fi;                  RUSTFLAGS='-C panic=abort' cargo +esp build  --locked                    -Zbuild-std=core,alloc,compiler_builtins -Zbuild-std-features=compiler-builtins-mem                    --manifest-path '/home/tikhon/Документы/magnolia/applets/rust/rusthello/rust/Cargo.toml' --release --target 'xtensa-esp32s3-none-elf'" && /usr/bin/cmake -E copy_if_different /home/tikhon/Документы/magnolia/applets/rust/rusthello/build/rust_target/xtensa-esp32s3-none-elf/release/librusthello.a /home/tikhon/Документы/magnolia/applets/rust/rusthello/build/librusthello.a && bash -lc "set -euo pipefail;                  tmp='/home/tikhon/Документы/magnolia/applets/rust/rusthello/build/rust_fixup_rusthello';                  rm -rf \"\$tmp\"; mkdir -p \"\$tmp\";                  cd \"\$tmp\";                  '/home/tikhon/.espressif/tools/xtensa-esp-elf/esp-15.1.0_20250607/xtensa-esp-elf/bin/xtensa-esp32s3-elf-ar' x '/home/tikhon/Документы/magnolia/applets/rust/rusthello/build/librusthello.a';                  for obj in *.o; do                    [ -f \"\$obj\" ] || continue;                    for sec in \$(LC_ALL=C readelf -S -W \"\$obj\" | sed -n 's/^[[:space:]]*\\[[[:space:]]*[0-9]\\+\\][[:space:]]\\+\\([^ ]\\+\\).*/\\1/p'); do                      case \"\$sec\" in                        .literal*|.rodata*) '/home/tikhon/.espressif/tools/xtensa-esp-elf/esp-15.1.0_20250607/xtensa-esp-elf/bin/xtensa-esp32s3-elf-objcopy' --set-section-flags \"\$sec\"=alloc,load,contents,data \"\$obj\" || true ;;                      esac;                    done;                  done;                  '/home/tikhon/.espressif/tools/xtensa-esp-elf/esp-15.1.0_20250607/xtensa-esp-elf/bin/xtensa-esp32s3-elf-ar' rcs '/home/tikhon/Документы/magnolia/applets/rust/rusthello/build/librusthello.a' *.o"
   Compiling magnolia-applet v0.1.0 (/home/tikhon/Документы/magnolia/sdk/rust/magnolia-applet)
error: cannot find macro `vec` in this scope
  --> /home/tikhon/Документы/magnolia/sdk/rust/magnolia-applet/src/net.rs:86:9
   |
86 |         vec![unsafe { mem::zeroed() }; count as usize];
   |         ^^^
   |
help: consider importing this macro
   |
 1 + use alloc::vec;
   |

error: cannot find macro `vec` in this scope
   --> /home/tikhon/Документы/magnolia/sdk/rust/magnolia-applet/src/net.rs:226:9
    |
226 |         vec![unsafe { mem::zeroed() }; count as usize];
    |         ^^^
    |
help: consider importing this macro
    |
  1 + use alloc::vec;
    |

error: cannot find macro `vec` in this scope
  --> /home/tikhon/Документы/magnolia/sdk/rust/magnolia-applet/src/sysctl.rs:31:19
   |
31 |     let mut buf = vec![0i8; 256];
   |                   ^^^
   |
help: consider importing this macro
   |
 1 + use alloc::vec;
   |

error: could not compile `magnolia-applet` (lib) due to 3 previous errors
-- USING O3
-- Adding linker script /home/tikhon/Документы/magnolia/applets/zig/zigdemo/build/esp-idf/esp_system/ld/memory.ld
-- Adding linker script /home/tikhon/Документы/magnolia/applets/zig/zigdemo/build/esp-idf/esp_system/ld/sections.ld.in
-- Adding linker script /home/tikhon/Документы/magnolia/esp-idf/components/esp_rom/esp32s3/ld/esp32s3.rom.ld
-- Adding linker script /home/tikhon/Документы/magnolia/esp-idf/components/esp_rom/esp32s3/ld/esp32s3.rom.api.ld
-- Adding linker script /home/tikhon/Документы/magnolia/esp-idf/components/esp_rom/esp32s3/ld/esp32s3.rom.bt_funcs.ld
-- Adding linker script /home/tikhon/Документы/magnolia/esp-idf/components/esp_rom/esp32s3/ld/esp32s3.rom.libgcc.ld
-- Adding linker script /home/tikhon/Документы/magnolia/esp-idf/components/esp_rom/esp32s3/ld/esp32s3.rom.wdt.ld
-- Adding linker script /home/tikhon/Документы/magnolia/esp-idf/components/esp_rom/esp32s3/ld/esp32s3.rom.version.ld
-- Adding linker script /home/tikhon/Документы/magnolia/esp-idf/components/esp_rom/esp32s3/ld/esp32s3.rom.ble_master.ld
-- Adding linker script /home/tikhon/Документы/magnolia/esp-idf/components/esp_rom/esp32s3/ld/esp32s3.rom.ble_50.ld
-- Adding linker script /home/tikhon/Документы/magnolia/esp-idf/components/esp_rom/esp32s3/ld/esp32s3.rom.ble_smp.ld
-- Adding linker script /home/tikhon/Документы/magnolia/esp-idf/components/esp_rom/esp32s3/ld/esp32s3.rom.ble_dtm.ld
-- Adding linker script /home/tikhon/Документы/magnolia/esp-idf/components/esp_rom/esp32s3/ld/esp32s3.rom.ble_test.ld
-- Adding linker script /home/tikhon/Документы/magnolia/esp-idf/components/esp_rom/esp32s3/ld/esp32s3.rom.ble_scan.ld
-- Adding linker script /home/tikhon/Документы/magnolia/esp-idf/components/esp_rom/esp32s3/ld/esp32s3.rom.libc.ld
-- Adding linker script /home/tikhon/Документы/magnolia/esp-idf/components/esp_rom/esp32s3/ld/esp32s3.rom.newlib.ld
Loading defaults file /home/tikhon/Документы/magnolia/applets/zig/zighello/sdkconfig.defaults...
-- Adding linker script /home/tikhon/Документы/magnolia/esp-idf/components/soc/esp32s3/ld/esp32s3.peripherals.ld
-- Project sdkconfig file /home/tikhon/Документы/magnolia/applets/zig/zigtest/sdkconfig
-- ELF_LOADER: 1.1.1
-- Compiler supported targets: xtensa-esp-elf
-- Project sdkconfig file /home/tikhon/Документы/magnolia/applets/zig/zxxd/sdkconfig
Executing action: all (aliases: build)
Running ninja in directory /home/tikhon/Документы/magnolia/applets/rust/rxxd/build
Executing "ninja all"...
[0/2] Re-checking globbed directories...
[8/18] Performing configure step for 'bootloader'
-- Found Git: /usr/bin/git (found version "2.43.0") 
-- Minimal build - OFF
-- The C compiler identification is GNU 15.1.0
-- The CXX compiler identification is GNU 15.1.0
-- The ASM compiler identification is GNU
-- Found assembler: /home/tikhon/.espressif/tools/xtensa-esp-elf/esp-15.1.0_20250607/xtensa-esp-elf/bin/xtensa-esp32s3-elf-gcc
-- Detecting C compiler ABI info
-- Detecting C compiler ABI info - done
-- Check for working C compiler: /home/tikhon/.espressif/tools/xtensa-esp-elf/esp-15.1.0_20250607/xtensa-esp-elf/bin/xtensa-esp32s3-elf-gcc - skipped
-- Detecting C compile features
-- Detecting C compile features - done
-- Detecting CXX compiler ABI info
-- Detecting CXX compiler ABI info - done
-- Check for working CXX compiler: /home/tikhon/.espressif/tools/xtensa-esp-elf/esp-15.1.0_20250607/xtensa-esp-elf/bin/xtensa-esp32s3-elf-g++ - skipped
-- Detecting CXX compile features
-- Detecting CXX compile features - done
-- Building ESP-IDF components for target esp32s3
-- ESP-TEE is currently supported only on the esp32c6;esp32h2;esp32c5 SoCs
-- Project sdkconfig file /home/tikhon/Документы/magnolia/applets/rust/edit/sdkconfig
info: Default value for ESP_PERIPH_CTRL_FUNC_IN_IRAM in sdkconfig is y but it is n according to Kconfig.
Using default value from sdkconfig (y).
info: Default value for GDMA_CTRL_FUNC_IN_IRAM in sdkconfig is y but it is n according to Kconfig.
Using default value from sdkconfig (y).
Configuration Report                                                            
 ────────────────────────────────────────────────────────────────────────────── 
   Parser Version: 1                                                            
   Verbosity: default                                                           
   Defaults policy: sdkconfig                                                   
   Status: Finished with notifications                                          
                                                                                
  Default Value Mismatch                                                        
   ──────────────────────────────────────────────────────────────────────────   
    Using sdkconfig default values                                              
    Choice symbols with different default selection between sdkconfig and       
    Kconfig                                                                     
    LIBC_STDOUT_LINE_ENDING: Kconfig default selection: choice                  
    deselected, sdkconfig default selection: LIBC_STDOUT_LINE_ENDING_CRLF       
    LIBC_STDIN_LINE_ENDING: Kconfig default selection: choice deselected,       
    sdkconfig default selection: LIBC_STDIN_LINE_ENDING_CR                      
   ──────────────────────────────────────────────────────────────────────────   
 ────────────────────────────────────────────────────────────────────────────── 
-- Compiler supported targets: xtensa-esp-elf
-- Adding linker script /home/tikhon/Документы/magnolia/esp-idf/components/soc/esp32s3/ld/esp32s3.peripherals.ld
-- Bootloader project name: "bootloader" version: 1
-- Adding linker script /home/tikhon/Документы/magnolia/esp-idf/components/esp_rom/esp32s3/ld/esp32s3.rom.ld
-- Adding linker script /home/tikhon/Документы/magnolia/esp-idf/components/esp_rom/esp32s3/ld/esp32s3.rom.api.ld
-- Adding linker script /home/tikhon/Документы/magnolia/esp-idf/components/esp_rom/esp32s3/ld/esp32s3.rom.bt_funcs.ld
-- Adding linker script /home/tikhon/Документы/magnolia/esp-idf/components/esp_rom/esp32s3/ld/esp32s3.rom.libgcc.ld
-- Adding linker script /home/tikhon/Документы/magnolia/esp-idf/components/esp_rom/esp32s3/ld/esp32s3.rom.wdt.ld
-- Adding linker script /home/tikhon/Документы/magnolia/esp-idf/components/esp_rom/esp32s3/ld/esp32s3.rom.version.ld
-- Adding linker script /home/tikhon/Документы/magnolia/esp-idf/components/esp_rom/esp32s3/ld/esp32s3.rom.libc.ld
-- Adding linker script /home/tikhon/Документы/magnolia/esp-idf/components/esp_rom/esp32s3/ld/esp32s3.rom.newlib.ld
-- Adding linker script /home/tikhon/Документы/magnolia/esp-idf/components/bootloader/subproject/main/ld/esp32s3/bootloader.rom.ld
-- Components: bootloader bootloader_support efuse esp_app_format esp_bootloader_format esp_common esp_hw_support esp_rom esp_system esptool_py freertos hal log main micro-ecc newlib partition_table soc spi_flash xtensa
-- Component paths: /home/tikhon/Документы/magnolia/esp-idf/components/bootloader /home/tikhon/Документы/magnolia/esp-idf/components/bootloader_support /home/tikhon/Документы/magnolia/esp-idf/components/efuse /home/tikhon/Документы/magnolia/esp-idf/components/esp_app_format /home/tikhon/Документы/magnolia/esp-idf/components/esp_bootloader_format /home/tikhon/Документы/magnolia/esp-idf/components/esp_common /home/tikhon/Документы/magnolia/esp-idf/components/esp_hw_support /home/tikhon/Документы/magnolia/esp-idf/components/esp_rom /home/tikhon/Документы/magnolia/esp-idf/components/esp_system /home/tikhon/Документы/magnolia/esp-idf/components/esptool_py /home/tikhon/Документы/magnolia/esp-idf/components/freertos /home/tikhon/Документы/magnolia/esp-idf/components/hal /home/tikhon/Документы/magnolia/esp-idf/components/log /home/tikhon/Документы/magnolia/esp-idf/components/bootloader/subproject/main /home/tikhon/Документы/magnolia/esp-idf/components/bootloader/subproject/components/micro-ecc /home/tikhon/Документы/magnolia/esp-idf/components/newlib /home/tikhon/Документы/magnolia/esp-idf/components/partition_table /home/tikhon/Документы/magnolia/esp-idf/components/soc /home/tikhon/Документы/magnolia/esp-idf/components/spi_flash /home/tikhon/Документы/magnolia/esp-idf/components/xtensa
-- Adding linker script /home/tikhon/Документы/magnolia/esp-idf/components/bootloader/subproject/main/ld/esp32s3/bootloader.ld
-- Configuring done (2.7s)
-- Generating done (0.0s)
-- Build files have been written to: /home/tikhon/Документы/magnolia/applets/rust/edit/build/bootloader
-- App "zighello" version: c092b7f-dirty
[1/10] Performing build step for 'bootloader'
[1/1] cd /home/tikhon/Документы/magnolia/applets/rust/rxxd/build/bootloader && /home/tikhon/.espressif/python_env/idf6.0_py3.12_env/bin/python /home/tikhon/Документы/magnolia/esp-idf/components/partition_table/check_sizes.py --offset 0x8000 bootloader 0x0 /home/tikhon/Документы/magnolia/applets/rust/rxxd/build/bootloader/bootloader.bin
Bootloader binary size 0x5320 bytes. 0x2ce0 bytes (35%) free.
[2/10] No install step for 'bootloader'
[3/10] Completed 'bootloader'
-- Compiler supported targets: xtensa-esp-elf
-- Components: app_trace app_update bootloader bootloader_support bt cmock console cxx driver efuse esp-tls esp_adc esp_app_format esp_bootloader_format esp_coex esp_common esp_driver_ana_cmpr esp_driver_bitscrambler esp_driver_cam esp_driver_dac esp_driver_gpio esp_driver_gptimer esp_driver_i2c esp_driver_i2s esp_driver_i3c esp_driver_isp esp_driver_jpeg esp_driver_ledc esp_driver_mcpwm esp_driver_parlio esp_driver_pcnt esp_driver_ppa esp_driver_rmt esp_driver_sd_intf esp_driver_sdio esp_driver_sdm esp_driver_sdmmc esp_driver_sdspi esp_driver_spi esp_driver_touch_sens esp_driver_tsens esp_driver_twai esp_driver_uart esp_driver_usb_serial_jtag esp_eth esp_event esp_gdbstub esp_hid esp_http_client esp_http_server esp_https_ota esp_https_server esp_hw_support esp_lcd esp_local_ctrl esp_mm esp_netif esp_netif_stack esp_partition esp_phy esp_pm esp_psram esp_ringbuf esp_rom esp_security esp_system esp_timer esp_vfs_console esp_wifi espcoredump espressif__cmake_utilities espressif__elf_loader esptool_py fatfs freertos hal heap http_parser idf_test ieee802154 json log lwip main mbedtls mqtt newlib nvs_flash nvs_sec_provider openthread partition_table perfmon protobuf-c protocomm pthread rt sdmmc soc spi_flash spiffs tcp_transport touch_element ulp unity usb vfs wear_levelling wifi_provisioning wpa_supplicant xtensa
-- Component paths: /home/tikhon/Документы/magnolia/esp-idf/components/app_trace /home/tikhon/Документы/magnolia/esp-idf/components/app_update /home/tikhon/Документы/magnolia/esp-idf/components/bootloader /home/tikhon/Документы/magnolia/esp-idf/components/bootloader_support /home/tikhon/Документы/magnolia/esp-idf/components/bt /home/tikhon/Документы/magnolia/esp-idf/components/cmock /home/tikhon/Документы/magnolia/esp-idf/components/console /home/tikhon/Документы/magnolia/esp-idf/components/cxx /home/tikhon/Документы/magnolia/esp-idf/components/driver /home/tikhon/Документы/magnolia/esp-idf/components/efuse /home/tikhon/Документы/magnolia/esp-idf/components/esp-tls /home/tikhon/Документы/magnolia/esp-idf/components/esp_adc /home/tikhon/Документы/magnolia/esp-idf/components/esp_app_format /home/tikhon/Документы/magnolia/esp-idf/components/esp_bootloader_format /home/tikhon/Документы/magnolia/esp-idf/components/esp_coex /home/tikhon/Документы/magnolia/esp-idf/components/esp_common /home/tikhon/Документы/magnolia/esp-idf/components/esp_driver_ana_cmpr /home/tikhon/Документы/magnolia/esp-idf/components/esp_driver_bitscrambler /home/tikhon/Документы/magnolia/esp-idf/components/esp_driver_cam /home/tikhon/Документы/magnolia/esp-idf/components/esp_driver_dac /home/tikhon/Документы/magnolia/esp-idf/components/esp_driver_gpio /home/tikhon/Документы/magnolia/esp-idf/components/esp_driver_gptimer /home/tikhon/Документы/magnolia/esp-idf/components/esp_driver_i2c /home/tikhon/Документы/magnolia/esp-idf/components/esp_driver_i2s /home/tikhon/Документы/magnolia/esp-idf/components/esp_driver_i3c /home/tikhon/Документы/magnolia/esp-idf/components/esp_driver_isp /home/tikhon/Документы/magnolia/esp-idf/components/esp_driver_jpeg /home/tikhon/Документы/magnolia/esp-idf/components/esp_driver_ledc /home/tikhon/Документы/magnolia/esp-idf/components/esp_driver_mcpwm /home/tikhon/Документы/magnolia/esp-idf/components/esp_driver_parlio /home/tikhon/Документы/magnolia/esp-idf/components/esp_driver_pcnt /home/tikhon/Документы/magnolia/esp-idf/components/esp_driver_ppa /home/tikhon/Документы/magnolia/esp-idf/components/esp_driver_rmt /home/tikhon/Документы/magnolia/esp-idf/components/esp_driver_sd_intf /home/tikhon/Документы/magnolia/esp-idf/components/esp_driver_sdio /home/tikhon/Документы/magnolia/esp-idf/components/esp_driver_sdm /home/tikhon/Документы/magnolia/esp-idf/components/esp_driver_sdmmc /home/tikhon/Документы/magnolia/esp-idf/components/esp_driver_sdspi /home/tikhon/Документы/magnolia/esp-idf/components/esp_driver_spi /home/tikhon/Документы/magnolia/esp-idf/components/esp_driver_touch_sens /home/tikhon/Документы/magnolia/esp-idf/components/esp_driver_tsens /home/tikhon/Документы/magnolia/esp-idf/components/esp_driver_twai /home/tikhon/Документы/magnolia/esp-idf/components/esp_driver_uart /home/tikhon/Документы/magnolia/esp-idf/components/esp_driver_usb_serial_jtag /home/tikhon/Документы/magnolia/esp-idf/components/esp_eth /home/tikhon/Документы/magnolia/esp-idf/components/esp_event /home/tikhon/Документы/magnolia/esp-idf/components/esp_gdbstub /home/tikhon/Документы/magnolia/esp-idf/components/esp_hid /home/tikhon/Документы/magnolia/esp-idf/components/esp_http_client /home/tikhon/Документы/magnolia/esp-idf/components/esp_http_server /home/tikhon/Документы/magnolia/esp-idf/components/esp_https_ota /home/tikhon/Документы/magnolia/esp-idf/components/esp_https_server /home/tikhon/Документы/magnolia/esp-idf/components/esp_hw_support /home/tikhon/Документы/magnolia/esp-idf/components/esp_lcd /home/tikhon/Документы/magnolia/esp-idf/components/esp_local_ctrl /home/tikhon/Документы/magnolia/esp-idf/components/esp_mm /home/tikhon/Документы/magnolia/esp-idf/components/esp_netif /home/tikhon/Документы/magnolia/esp-idf/components/esp_netif_stack /home/tikhon/Документы/magnolia/esp-idf/components/esp_partition /home/tikhon/Документы/magnolia/esp-idf/components/esp_phy /home/tikhon/Документы/magnolia/esp-idf/components/esp_pm /home/tikhon/Документы/magnolia/esp-idf/components/esp_psram /home/tikhon/Документы/magnolia/esp-idf/components/esp_ringbuf /home/tikhon/Документы/magnolia/esp-idf/components/esp_rom /home/tikhon/Документы/magnolia/esp-idf/components/esp_security /home/tikhon/Документы/magnolia/esp-idf/components/esp_system /home/tikhon/Документы/magnolia/esp-idf/components/esp_timer /home/tikhon/Документы/magnolia/esp-idf/components/esp_vfs_console /home/tikhon/Документы/magnolia/esp-idf/components/esp_wifi /home/tikhon/Документы/magnolia/esp-idf/components/espcoredump /home/tikhon/Документы/magnolia/applets/zig/zigdemo/managed_components/espressif__cmake_utilities /home/tikhon/Документы/magnolia/applets/zig/zigdemo/managed_components/espressif__elf_loader /home/tikhon/Документы/magnolia/esp-idf/components/esptool_py /home/tikhon/Документы/magnolia/esp-idf/components/fatfs /home/tikhon/Документы/magnolia/esp-idf/components/freertos /home/tikhon/Документы/magnolia/esp-idf/components/hal /home/tikhon/Документы/magnolia/esp-idf/components/heap /home/tikhon/Документы/magnolia/esp-idf/components/http_parser /home/tikhon/Документы/magnolia/esp-idf/components/idf_test /home/tikhon/Документы/magnolia/esp-idf/components/ieee802154 /home/tikhon/Документы/magnolia/esp-idf/components/json /home/tikhon/Документы/magnolia/esp-idf/components/log /home/tikhon/Документы/magnolia/esp-idf/components/lwip /home/tikhon/Документы/magnolia/applets/zig/zigdemo/main /home/tikhon/Документы/magnolia/esp-idf/components/mbedtls /home/tikhon/Документы/magnolia/esp-idf/components/mqtt /home/tikhon/Документы/magnolia/esp-idf/components/newlib /home/tikhon/Документы/magnolia/esp-idf/components/nvs_flash /home/tikhon/Документы/magnolia/esp-idf/components/nvs_sec_provider /home/tikhon/Документы/magnolia/esp-idf/components/openthread /home/tikhon/Документы/magnolia/esp-idf/components/partition_table /home/tikhon/Документы/magnolia/esp-idf/components/perfmon /home/tikhon/Документы/magnolia/esp-idf/components/protobuf-c /home/tikhon/Документы/magnolia/esp-idf/components/protocomm /home/tikhon/Документы/magnolia/esp-idf/components/pthread /home/tikhon/Документы/magnolia/esp-idf/components/rt /home/tikhon/Документы/magnolia/esp-idf/components/sdmmc /home/tikhon/Документы/magnolia/esp-idf/components/soc /home/tikhon/Документы/magnolia/esp-idf/components/spi_flash /home/tikhon/Документы/magnolia/esp-idf/components/spiffs /home/tikhon/Документы/magnolia/esp-idf/components/tcp_transport /home/tikhon/Документы/magnolia/esp-idf/components/touch_element /home/tikhon/Документы/magnolia/esp-idf/components/ulp /home/tikhon/Документы/magnolia/esp-idf/components/unity /home/tikhon/Документы/magnolia/esp-idf/components/usb /home/tikhon/Документы/magnolia/esp-idf/components/vfs /home/tikhon/Документы/magnolia/esp-idf/components/wear_levelling /home/tikhon/Документы/magnolia/esp-idf/components/wifi_provisioning /home/tikhon/Документы/magnolia/esp-idf/components/wpa_supplicant /home/tikhon/Документы/magnolia/esp-idf/components/xtensa
-- Configuring done (4.3s)
[4/10] Build Rust staticlib: /home/tikhon/Документы/magnolia/applets/rust/rxxd/build/libxxd.a
FAILED: libxxd.a /home/tikhon/Документы/magnolia/applets/rust/rxxd/build/libxxd.a 
cd /home/tikhon/Документы/magnolia/applets/rust/rxxd/build && /usr/bin/cmake -E env CARGO_TARGET_DIR=/home/tikhon/Документы/magnolia/applets/rust/rxxd/build/rust_target bash -lc "set -euo pipefail;                  if [ -n \"/home/tikhon/export-esp.sh\" ] && [ -f \"/home/tikhon/export-esp.sh\" ]; then . \"/home/tikhon/export-esp.sh\" >/dev/null 2>&1; fi;                  RUSTFLAGS='-C panic=abort' cargo +esp build  --locked                    -Zbuild-std=core,alloc,compiler_builtins -Zbuild-std-features=compiler-builtins-mem                    --manifest-path '/home/tikhon/Документы/magnolia/applets/rust/rxxd/rust/Cargo.toml' --release --target 'xtensa-esp32s3-none-elf'" && /usr/bin/cmake -E copy_if_different /home/tikhon/Документы/magnolia/applets/rust/rxxd/build/rust_target/xtensa-esp32s3-none-elf/release/libxxd.a /home/tikhon/Документы/magnolia/applets/rust/rxxd/build/libxxd.a && bash -lc "set -euo pipefail;                  tmp='/home/tikhon/Документы/magnolia/applets/rust/rxxd/build/rust_fixup_xxd';                  rm -rf \"\$tmp\"; mkdir -p \"\$tmp\";                  cd \"\$tmp\";                  '/home/tikhon/.espressif/tools/xtensa-esp-elf/esp-15.1.0_20250607/xtensa-esp-elf/bin/xtensa-esp32s3-elf-ar' x '/home/tikhon/Документы/magnolia/applets/rust/rxxd/build/libxxd.a';                  for obj in *.o; do                    [ -f \"\$obj\" ] || continue;                    for sec in \$(LC_ALL=C readelf -S -W \"\$obj\" | sed -n 's/^[[:space:]]*\\[[[:space:]]*[0-9]\\+\\][[:space:]]\\+\\([^ ]\\+\\).*/\\1/p'); do                      case \"\$sec\" in                        .literal*|.rodata*) '/home/tikhon/.espressif/tools/xtensa-esp-elf/esp-15.1.0_20250607/xtensa-esp-elf/bin/xtensa-esp32s3-elf-objcopy' --set-section-flags \"\$sec\"=alloc,load,contents,data \"\$obj\" || true ;;                      esac;                    done;                  done;                  '/home/tikhon/.espressif/tools/xtensa-esp-elf/esp-15.1.0_20250607/xtensa-esp-elf/bin/xtensa-esp32s3-elf-ar' rcs '/home/tikhon/Документы/magnolia/applets/rust/rxxd/build/libxxd.a' *.o"
   Compiling magnolia-applet v0.1.0 (/home/tikhon/Документы/magnolia/sdk/rust/magnolia-applet)
error: cannot find macro `vec` in this scope
  --> /home/tikhon/Документы/magnolia/sdk/rust/magnolia-applet/src/net.rs:86:9
   |
86 |         vec![unsafe { mem::zeroed() }; count as usize];
   |         ^^^
   |
help: consider importing this macro
   |
 1 + use alloc::vec;
   |

error: cannot find macro `vec` in this scope
   --> /home/tikhon/Документы/magnolia/sdk/rust/magnolia-applet/src/net.rs:226:9
    |
226 |         vec![unsafe { mem::zeroed() }; count as usize];
    |         ^^^
    |
help: consider importing this macro
    |
  1 + use alloc::vec;
    |

error: cannot find macro `vec` in this scope
  --> /home/tikhon/Документы/magnolia/sdk/rust/magnolia-applet/src/sysctl.rs:31:19
   |
31 |     let mut buf = vec![0i8; 256];
   |                   ^^^
   |
help: consider importing this macro
   |
 1 + use alloc::vec;
   |

error: could not compile `magnolia-applet` (lib) due to 3 previous errors
-- USING O3
-- Adding linker script /home/tikhon/Документы/magnolia/applets/zig/zighello/build/esp-idf/esp_system/ld/memory.ld
-- Adding linker script /home/tikhon/Документы/magnolia/applets/zig/zighello/build/esp-idf/esp_system/ld/sections.ld.in
-- Adding linker script /home/tikhon/Документы/magnolia/esp-idf/components/esp_rom/esp32s3/ld/esp32s3.rom.ld
-- Adding linker script /home/tikhon/Документы/magnolia/esp-idf/components/esp_rom/esp32s3/ld/esp32s3.rom.api.ld
-- Adding linker script /home/tikhon/Документы/magnolia/esp-idf/components/esp_rom/esp32s3/ld/esp32s3.rom.bt_funcs.ld
-- Adding linker script /home/tikhon/Документы/magnolia/esp-idf/components/esp_rom/esp32s3/ld/esp32s3.rom.libgcc.ld
-- Adding linker script /home/tikhon/Документы/magnolia/esp-idf/components/esp_rom/esp32s3/ld/esp32s3.rom.wdt.ld
-- Adding linker script /home/tikhon/Документы/magnolia/esp-idf/components/esp_rom/esp32s3/ld/esp32s3.rom.version.ld
-- Adding linker script /home/tikhon/Документы/magnolia/esp-idf/components/esp_rom/esp32s3/ld/esp32s3.rom.ble_master.ld
-- Adding linker script /home/tikhon/Документы/magnolia/esp-idf/components/esp_rom/esp32s3/ld/esp32s3.rom.ble_50.ld
-- Adding linker script /home/tikhon/Документы/magnolia/esp-idf/components/esp_rom/esp32s3/ld/esp32s3.rom.ble_smp.ld
-- Adding linker script /home/tikhon/Документы/magnolia/esp-idf/components/esp_rom/esp32s3/ld/esp32s3.rom.ble_dtm.ld
-- Adding linker script /home/tikhon/Документы/magnolia/esp-idf/components/esp_rom/esp32s3/ld/esp32s3.rom.ble_test.ld
-- Adding linker script /home/tikhon/Документы/magnolia/esp-idf/components/esp_rom/esp32s3/ld/esp32s3.rom.ble_scan.ld
-- Adding linker script /home/tikhon/Документы/magnolia/esp-idf/components/esp_rom/esp32s3/ld/esp32s3.rom.libc.ld
-- Adding linker script /home/tikhon/Документы/magnolia/esp-idf/components/esp_rom/esp32s3/ld/esp32s3.rom.newlib.ld
-- Adding linker script /home/tikhon/Документы/magnolia/esp-idf/components/soc/esp32s3/ld/esp32s3.peripherals.ld
-- App "zigtest" version: c092b7f-dirty
-- Compiler supported targets: xtensa-esp-elf
-- USING O3
-- Adding linker script /home/tikhon/Документы/magnolia/applets/zig/zigtest/build/esp-idf/esp_system/ld/memory.ld
-- Adding linker script /home/tikhon/Документы/magnolia/applets/zig/zigtest/build/esp-idf/esp_system/ld/sections.ld.in
-- Adding linker script /home/tikhon/Документы/magnolia/esp-idf/components/esp_rom/esp32s3/ld/esp32s3.rom.ld
-- Adding linker script /home/tikhon/Документы/magnolia/esp-idf/components/esp_rom/esp32s3/ld/esp32s3.rom.api.ld
-- Adding linker script /home/tikhon/Документы/magnolia/esp-idf/components/esp_rom/esp32s3/ld/esp32s3.rom.bt_funcs.ld
-- Adding linker script /home/tikhon/Документы/magnolia/esp-idf/components/esp_rom/esp32s3/ld/esp32s3.rom.libgcc.ld
-- Adding linker script /home/tikhon/Документы/magnolia/esp-idf/components/esp_rom/esp32s3/ld/esp32s3.rom.wdt.ld
-- Adding linker script /home/tikhon/Документы/magnolia/esp-idf/components/esp_rom/esp32s3/ld/esp32s3.rom.version.ld
-- Adding linker script /home/tikhon/Документы/magnolia/esp-idf/components/esp_rom/esp32s3/ld/esp32s3.rom.ble_master.ld
-- Adding linker script /home/tikhon/Документы/magnolia/esp-idf/components/esp_rom/esp32s3/ld/esp32s3.rom.ble_50.ld
-- Adding linker script /home/tikhon/Документы/magnolia/esp-idf/components/esp_rom/esp32s3/ld/esp32s3.rom.ble_smp.ld
-- Adding linker script /home/tikhon/Документы/magnolia/esp-idf/components/esp_rom/esp32s3/ld/esp32s3.rom.ble_dtm.ld
-- Adding linker script /home/tikhon/Документы/magnolia/esp-idf/components/esp_rom/esp32s3/ld/esp32s3.rom.ble_test.ld
-- Adding linker script /home/tikhon/Документы/magnolia/esp-idf/components/esp_rom/esp32s3/ld/esp32s3.rom.ble_scan.ld
-- Adding linker script /home/tikhon/Документы/magnolia/esp-idf/components/esp_rom/esp32s3/ld/esp32s3.rom.libc.ld
-- Adding linker script /home/tikhon/Документы/magnolia/esp-idf/components/esp_rom/esp32s3/ld/esp32s3.rom.newlib.ld
-- Adding linker script /home/tikhon/Документы/magnolia/esp-idf/components/soc/esp32s3/ld/esp32s3.peripherals.ld
-- ELF_LOADER: 1.1.1
-- App "xxd" version: c092b7f-dirty
-- USING O3
-- ELF_LOADER: 1.1.1
-- Adding linker script /home/tikhon/Документы/magnolia/applets/zig/zxxd/build/esp-idf/esp_system/ld/memory.ld
-- Adding linker script /home/tikhon/Документы/magnolia/applets/zig/zxxd/build/esp-idf/esp_system/ld/sections.ld.in
-- Adding linker script /home/tikhon/Документы/magnolia/esp-idf/components/esp_rom/esp32s3/ld/esp32s3.rom.ld
-- Adding linker script /home/tikhon/Документы/magnolia/esp-idf/components/esp_rom/esp32s3/ld/esp32s3.rom.api.ld
-- Adding linker script /home/tikhon/Документы/magnolia/esp-idf/components/esp_rom/esp32s3/ld/esp32s3.rom.bt_funcs.ld
-- Adding linker script /home/tikhon/Документы/magnolia/esp-idf/components/esp_rom/esp32s3/ld/esp32s3.rom.libgcc.ld
-- Adding linker script /home/tikhon/Документы/magnolia/esp-idf/components/esp_rom/esp32s3/ld/esp32s3.rom.wdt.ld
-- Adding linker script /home/tikhon/Документы/magnolia/esp-idf/components/esp_rom/esp32s3/ld/esp32s3.rom.version.ld
-- Adding linker script /home/tikhon/Документы/magnolia/esp-idf/components/esp_rom/esp32s3/ld/esp32s3.rom.ble_master.ld
-- Adding linker script /home/tikhon/Документы/magnolia/esp-idf/components/esp_rom/esp32s3/ld/esp32s3.rom.ble_50.ld
-- Adding linker script /home/tikhon/Документы/magnolia/esp-idf/components/esp_rom/esp32s3/ld/esp32s3.rom.ble_smp.ld
-- Adding linker script /home/tikhon/Документы/magnolia/esp-idf/components/esp_rom/esp32s3/ld/esp32s3.rom.ble_dtm.ld
-- Adding linker script /home/tikhon/Документы/magnolia/esp-idf/components/esp_rom/esp32s3/ld/esp32s3.rom.ble_test.ld
-- Adding linker script /home/tikhon/Документы/magnolia/esp-idf/components/esp_rom/esp32s3/ld/esp32s3.rom.ble_scan.ld
-- Adding linker script /home/tikhon/Документы/magnolia/esp-idf/components/esp_rom/esp32s3/ld/esp32s3.rom.libc.ld
-- Adding linker script /home/tikhon/Документы/magnolia/esp-idf/components/esp_rom/esp32s3/ld/esp32s3.rom.newlib.ld
-- Generating done (0.5s)
-- Adding linker script /home/tikhon/Документы/magnolia/esp-idf/components/soc/esp32s3/ld/esp32s3.peripherals.ld
-- Build files have been written to: /home/tikhon/Документы/magnolia/applets/zig/zigdemo/build
-- Components: app_trace app_update bootloader bootloader_support bt cmock console cxx driver efuse esp-tls esp_adc esp_app_format esp_bootloader_format esp_coex esp_common esp_driver_ana_cmpr esp_driver_bitscrambler esp_driver_cam esp_driver_dac esp_driver_gpio esp_driver_gptimer esp_driver_i2c esp_driver_i2s esp_driver_i3c esp_driver_isp esp_driver_jpeg esp_driver_ledc esp_driver_mcpwm esp_driver_parlio esp_driver_pcnt esp_driver_ppa esp_driver_rmt esp_driver_sd_intf esp_driver_sdio esp_driver_sdm esp_driver_sdmmc esp_driver_sdspi esp_driver_spi esp_driver_touch_sens esp_driver_tsens esp_driver_twai esp_driver_uart esp_driver_usb_serial_jtag esp_eth esp_event esp_gdbstub esp_hid esp_http_client esp_http_server esp_https_ota esp_https_server esp_hw_support esp_lcd esp_local_ctrl esp_mm esp_netif esp_netif_stack esp_partition esp_phy esp_pm esp_psram esp_ringbuf esp_rom esp_security esp_system esp_timer esp_vfs_console esp_wifi espcoredump espressif__cmake_utilities espressif__elf_loader esptool_py fatfs freertos hal heap http_parser idf_test ieee802154 json log lwip main mbedtls mqtt newlib nvs_flash nvs_sec_provider openthread partition_table perfmon protobuf-c protocomm pthread rt sdmmc soc spi_flash spiffs tcp_transport touch_element ulp unity usb vfs wear_levelling wifi_provisioning wpa_supplicant xtensa
-- Component paths: /home/tikhon/Документы/magnolia/esp-idf/components/app_trace /home/tikhon/Документы/magnolia/esp-idf/components/app_update /home/tikhon/Документы/magnolia/esp-idf/components/bootloader /home/tikhon/Документы/magnolia/esp-idf/components/bootloader_support /home/tikhon/Документы/magnolia/esp-idf/components/bt /home/tikhon/Документы/magnolia/esp-idf/components/cmock /home/tikhon/Документы/magnolia/esp-idf/components/console /home/tikhon/Документы/magnolia/esp-idf/components/cxx /home/tikhon/Документы/magnolia/esp-idf/components/driver /home/tikhon/Документы/magnolia/esp-idf/components/efuse /home/tikhon/Документы/magnolia/esp-idf/components/esp-tls /home/tikhon/Документы/magnolia/esp-idf/components/esp_adc /home/tikhon/Документы/magnolia/esp-idf/components/esp_app_format /home/tikhon/Документы/magnolia/esp-idf/components/esp_bootloader_format /home/tikhon/Документы/magnolia/esp-idf/components/esp_coex /home/tikhon/Документы/magnolia/esp-idf/components/esp_common /home/tikhon/Документы/magnolia/esp-idf/components/esp_driver_ana_cmpr /home/tikhon/Документы/magnolia/esp-idf/components/esp_driver_bitscrambler /home/tikhon/Документы/magnolia/esp-idf/components/esp_driver_cam /home/tikhon/Документы/magnolia/esp-idf/components/esp_driver_dac /home/tikhon/Документы/magnolia/esp-idf/components/esp_driver_gpio /home/tikhon/Документы/magnolia/esp-idf/components/esp_driver_gptimer /home/tikhon/Документы/magnolia/esp-idf/components/esp_driver_i2c /home/tikhon/Документы/magnolia/esp-idf/components/esp_driver_i2s /home/tikhon/Документы/magnolia/esp-idf/components/esp_driver_i3c /home/tikhon/Документы/magnolia/esp-idf/components/esp_driver_isp /home/tikhon/Документы/magnolia/esp-idf/components/esp_driver_jpeg /home/tikhon/Документы/magnolia/esp-idf/components/esp_driver_ledc /home/tikhon/Документы/magnolia/esp-idf/components/esp_driver_mcpwm /home/tikhon/Документы/magnolia/esp-idf/components/esp_driver_parlio /home/tikhon/Документы/magnolia/esp-idf/components/esp_driver_pcnt /home/tikhon/Документы/magnolia/esp-idf/components/esp_driver_ppa /home/tikhon/Документы/magnolia/esp-idf/components/esp_driver_rmt /home/tikhon/Документы/magnolia/esp-idf/components/esp_driver_sd_intf /home/tikhon/Документы/magnolia/esp-idf/components/esp_driver_sdio /home/tikhon/Документы/magnolia/esp-idf/components/esp_driver_sdm /home/tikhon/Документы/magnolia/esp-idf/components/esp_driver_sdmmc /home/tikhon/Документы/magnolia/esp-idf/components/esp_driver_sdspi /home/tikhon/Документы/magnolia/esp-idf/components/esp_driver_spi /home/tikhon/Документы/magnolia/esp-idf/components/esp_driver_touch_sens /home/tikhon/Документы/magnolia/esp-idf/components/esp_driver_tsens /home/tikhon/Документы/magnolia/esp-idf/components/esp_driver_twai /home/tikhon/Документы/magnolia/esp-idf/components/esp_driver_uart /home/tikhon/Документы/magnolia/esp-idf/components/esp_driver_usb_serial_jtag /home/tikhon/Документы/magnolia/esp-idf/components/esp_eth /home/tikhon/Документы/magnolia/esp-idf/components/esp_event /home/tikhon/Документы/magnolia/esp-idf/components/esp_gdbstub /home/tikhon/Документы/magnolia/esp-idf/components/esp_hid /home/tikhon/Документы/magnolia/esp-idf/components/esp_http_client /home/tikhon/Документы/magnolia/esp-idf/components/esp_http_server /home/tikhon/Документы/magnolia/esp-idf/components/esp_https_ota /home/tikhon/Документы/magnolia/esp-idf/components/esp_https_server /home/tikhon/Документы/magnolia/esp-idf/components/esp_hw_support /home/tikhon/Документы/magnolia/esp-idf/components/esp_lcd /home/tikhon/Документы/magnolia/esp-idf/components/esp_local_ctrl /home/tikhon/Документы/magnolia/esp-idf/components/esp_mm /home/tikhon/Документы/magnolia/esp-idf/components/esp_netif /home/tikhon/Документы/magnolia/esp-idf/components/esp_netif_stack /home/tikhon/Документы/magnolia/esp-idf/components/esp_partition /home/tikhon/Документы/magnolia/esp-idf/components/esp_phy /home/tikhon/Документы/magnolia/esp-idf/components/esp_pm /home/tikhon/Документы/magnolia/esp-idf/components/esp_psram /home/tikhon/Документы/magnolia/esp-idf/components/esp_ringbuf /home/tikhon/Документы/magnolia/esp-idf/components/esp_rom /home/tikhon/Документы/magnolia/esp-idf/components/esp_security /home/tikhon/Документы/magnolia/esp-idf/components/esp_system /home/tikhon/Документы/magnolia/esp-idf/components/esp_timer /home/tikhon/Документы/magnolia/esp-idf/components/esp_vfs_console /home/tikhon/Документы/magnolia/esp-idf/components/esp_wifi /home/tikhon/Документы/magnolia/esp-idf/components/espcoredump /home/tikhon/Документы/magnolia/applets/zig/zighello/managed_components/espressif__cmake_utilities /home/tikhon/Документы/magnolia/applets/zig/zighello/managed_components/espressif__elf_loader /home/tikhon/Документы/magnolia/esp-idf/components/esptool_py /home/tikhon/Документы/magnolia/esp-idf/components/fatfs /home/tikhon/Документы/magnolia/esp-idf/components/freertos /home/tikhon/Документы/magnolia/esp-idf/components/hal /home/tikhon/Документы/magnolia/esp-idf/components/heap /home/tikhon/Документы/magnolia/esp-idf/components/http_parser /home/tikhon/Документы/magnolia/esp-idf/components/idf_test /home/tikhon/Документы/magnolia/esp-idf/components/ieee802154 /home/tikhon/Документы/magnolia/esp-idf/components/json /home/tikhon/Документы/magnolia/esp-idf/components/log /home/tikhon/Документы/magnolia/esp-idf/components/lwip /home/tikhon/Документы/magnolia/applets/zig/zighello/main /home/tikhon/Документы/magnolia/esp-idf/components/mbedtls /home/tikhon/Документы/magnolia/esp-idf/components/mqtt /home/tikhon/Документы/magnolia/esp-idf/components/newlib /home/tikhon/Документы/magnolia/esp-idf/components/nvs_flash /home/tikhon/Документы/magnolia/esp-idf/components/nvs_sec_provider /home/tikhon/Документы/magnolia/esp-idf/components/openthread /home/tikhon/Документы/magnolia/esp-idf/components/partition_table /home/tikhon/Документы/magnolia/esp-idf/components/perfmon /home/tikhon/Документы/magnolia/esp-idf/components/protobuf-c /home/tikhon/Документы/magnolia/esp-idf/components/protocomm /home/tikhon/Документы/magnolia/esp-idf/components/pthread /home/tikhon/Документы/magnolia/esp-idf/components/rt /home/tikhon/Документы/magnolia/esp-idf/components/sdmmc /home/tikhon/Документы/magnolia/esp-idf/components/soc /home/tikhon/Документы/magnolia/esp-idf/components/spi_flash /home/tikhon/Документы/magnolia/esp-idf/components/spiffs /home/tikhon/Документы/magnolia/esp-idf/components/tcp_transport /home/tikhon/Документы/magnolia/esp-idf/components/touch_element /home/tikhon/Документы/magnolia/esp-idf/components/ulp /home/tikhon/Документы/magnolia/esp-idf/components/unity /home/tikhon/Документы/magnolia/esp-idf/components/usb /home/tikhon/Документы/magnolia/esp-idf/components/vfs /home/tikhon/Документы/magnolia/esp-idf/components/wear_levelling /home/tikhon/Документы/magnolia/esp-idf/components/wifi_provisioning /home/tikhon/Документы/magnolia/esp-idf/components/wpa_supplicant /home/tikhon/Документы/magnolia/esp-idf/components/xtensa
-- Configuring done (4.2s)
[0/4] Re-checking globbed directories...
[1/6] Building C object esp-idf/esp_app_format/CMakeFiles/__idf_esp_app_format.dir/esp_app_desc.c.obj
[2/6] Linking C static library esp-idf/esp_app_format/libesp_app_format.a
[3/6] Build ELF: zigdemo.app.elf
/home/tikhon/.espressif/tools/xtensa-esp-elf/esp-15.1.0_20250607/xtensa-esp-elf/bin/../lib/gcc/xtensa-esp-elf/15.1.0/../../../../xtensa-esp-elf/bin/ld: warning: zigdemo.app.elf has a LOAD segment with RWX permissions
-- ELF_LOADER: 1.1.1
Applet zigdemo OK -> /home/tikhon/Документы/magnolia/rootfs/bin/zigdemo
-- Components: app_trace app_update bootloader bootloader_support bt cmock console cxx driver efuse esp-tls esp_adc esp_app_format esp_bootloader_format esp_coex esp_common esp_driver_ana_cmpr esp_driver_bitscrambler esp_driver_cam esp_driver_dac esp_driver_gpio esp_driver_gptimer esp_driver_i2c esp_driver_i2s esp_driver_i3c esp_driver_isp esp_driver_jpeg esp_driver_ledc esp_driver_mcpwm esp_driver_parlio esp_driver_pcnt esp_driver_ppa esp_driver_rmt esp_driver_sd_intf esp_driver_sdio esp_driver_sdm esp_driver_sdmmc esp_driver_sdspi esp_driver_spi esp_driver_touch_sens esp_driver_tsens esp_driver_twai esp_driver_uart esp_driver_usb_serial_jtag esp_eth esp_event esp_gdbstub esp_hid esp_http_client esp_http_server esp_https_ota esp_https_server esp_hw_support esp_lcd esp_local_ctrl esp_mm esp_netif esp_netif_stack esp_partition esp_phy esp_pm esp_psram esp_ringbuf esp_rom esp_security esp_system esp_timer esp_vfs_console esp_wifi espcoredump espressif__cmake_utilities espressif__elf_loader esptool_py fatfs freertos hal heap http_parser idf_test ieee802154 json log lwip main mbedtls mqtt newlib nvs_flash nvs_sec_provider openthread partition_table perfmon protobuf-c protocomm pthread rt sdmmc soc spi_flash spiffs tcp_transport touch_element ulp unity usb vfs wear_levelling wifi_provisioning wpa_supplicant xtensa
-- Component paths: /home/tikhon/Документы/magnolia/esp-idf/components/app_trace /home/tikhon/Документы/magnolia/esp-idf/components/app_update /home/tikhon/Документы/magnolia/esp-idf/components/bootloader /home/tikhon/Документы/magnolia/esp-idf/components/bootloader_support /home/tikhon/Документы/magnolia/esp-idf/components/bt /home/tikhon/Документы/magnolia/esp-idf/components/cmock /home/tikhon/Документы/magnolia/esp-idf/components/console /home/tikhon/Документы/magnolia/esp-idf/components/cxx /home/tikhon/Документы/magnolia/esp-idf/components/driver /home/tikhon/Документы/magnolia/esp-idf/components/efuse /home/tikhon/Документы/magnolia/esp-idf/components/esp-tls /home/tikhon/Документы/magnolia/esp-idf/components/esp_adc /home/tikhon/Документы/magnolia/esp-idf/components/esp_app_format /home/tikhon/Документы/magnolia/esp-idf/components/esp_bootloader_format /home/tikhon/Документы/magnolia/esp-idf/components/esp_coex /home/tikhon/Документы/magnolia/esp-idf/components/esp_common /home/tikhon/Документы/magnolia/esp-idf/components/esp_driver_ana_cmpr /home/tikhon/Документы/magnolia/esp-idf/components/esp_driver_bitscrambler /home/tikhon/Документы/magnolia/esp-idf/components/esp_driver_cam /home/tikhon/Документы/magnolia/esp-idf/components/esp_driver_dac /home/tikhon/Документы/magnolia/esp-idf/components/esp_driver_gpio /home/tikhon/Документы/magnolia/esp-idf/components/esp_driver_gptimer /home/tikhon/Документы/magnolia/esp-idf/components/esp_driver_i2c /home/tikhon/Документы/magnolia/esp-idf/components/esp_driver_i2s /home/tikhon/Документы/magnolia/esp-idf/components/esp_driver_i3c /home/tikhon/Документы/magnolia/esp-idf/components/esp_driver_isp /home/tikhon/Документы/magnolia/esp-idf/components/esp_driver_jpeg /home/tikhon/Документы/magnolia/esp-idf/components/esp_driver_ledc /home/tikhon/Документы/magnolia/esp-idf/components/esp_driver_mcpwm /home/tikhon/Документы/magnolia/esp-idf/components/esp_driver_parlio /home/tikhon/Документы/magnolia/esp-idf/components/esp_driver_pcnt /home/tikhon/Документы/magnolia/esp-idf/components/esp_driver_ppa /home/tikhon/Документы/magnolia/esp-idf/components/esp_driver_rmt /home/tikhon/Документы/magnolia/esp-idf/components/esp_driver_sd_intf /home/tikhon/Документы/magnolia/esp-idf/components/esp_driver_sdio /home/tikhon/Документы/magnolia/esp-idf/components/esp_driver_sdm /home/tikhon/Документы/magnolia/esp-idf/components/esp_driver_sdmmc /home/tikhon/Документы/magnolia/esp-idf/components/esp_driver_sdspi /home/tikhon/Документы/magnolia/esp-idf/components/esp_driver_spi /home/tikhon/Документы/magnolia/esp-idf/components/esp_driver_touch_sens /home/tikhon/Документы/magnolia/esp-idf/components/esp_driver_tsens /home/tikhon/Документы/magnolia/esp-idf/components/esp_driver_twai /home/tikhon/Документы/magnolia/esp-idf/components/esp_driver_uart /home/tikhon/Документы/magnolia/esp-idf/components/esp_driver_usb_serial_jtag /home/tikhon/Документы/magnolia/esp-idf/components/esp_eth /home/tikhon/Документы/magnolia/esp-idf/components/esp_event /home/tikhon/Документы/magnolia/esp-idf/components/esp_gdbstub /home/tikhon/Документы/magnolia/esp-idf/components/esp_hid /home/tikhon/Документы/magnolia/esp-idf/components/esp_http_client /home/tikhon/Документы/magnolia/esp-idf/components/esp_http_server /home/tikhon/Документы/magnolia/esp-idf/components/esp_https_ota /home/tikhon/Документы/magnolia/esp-idf/components/esp_https_server /home/tikhon/Документы/magnolia/esp-idf/components/esp_hw_support /home/tikhon/Документы/magnolia/esp-idf/components/esp_lcd /home/tikhon/Документы/magnolia/esp-idf/components/esp_local_ctrl /home/tikhon/Документы/magnolia/esp-idf/components/esp_mm /home/tikhon/Документы/magnolia/esp-idf/components/esp_netif /home/tikhon/Документы/magnolia/esp-idf/components/esp_netif_stack /home/tikhon/Документы/magnolia/esp-idf/components/esp_partition /home/tikhon/Документы/magnolia/esp-idf/components/esp_phy /home/tikhon/Документы/magnolia/esp-idf/components/esp_pm /home/tikhon/Документы/magnolia/esp-idf/components/esp_psram /home/tikhon/Документы/magnolia/esp-idf/components/esp_ringbuf /home/tikhon/Документы/magnolia/esp-idf/components/esp_rom /home/tikhon/Документы/magnolia/esp-idf/components/esp_security /home/tikhon/Документы/magnolia/esp-idf/components/esp_system /home/tikhon/Документы/magnolia/esp-idf/components/esp_timer /home/tikhon/Документы/magnolia/esp-idf/components/esp_vfs_console /home/tikhon/Документы/magnolia/esp-idf/components/esp_wifi /home/tikhon/Документы/magnolia/esp-idf/components/espcoredump /home/tikhon/Документы/magnolia/applets/zig/zigtest/managed_components/espressif__cmake_utilities /home/tikhon/Документы/magnolia/applets/zig/zigtest/managed_components/espressif__elf_loader /home/tikhon/Документы/magnolia/esp-idf/components/esptool_py /home/tikhon/Документы/magnolia/esp-idf/components/fatfs /home/tikhon/Документы/magnolia/esp-idf/components/freertos /home/tikhon/Документы/magnolia/esp-idf/components/hal /home/tikhon/Документы/magnolia/esp-idf/components/heap /home/tikhon/Документы/magnolia/esp-idf/components/http_parser /home/tikhon/Документы/magnolia/esp-idf/components/idf_test /home/tikhon/Документы/magnolia/esp-idf/components/ieee802154 /home/tikhon/Документы/magnolia/esp-idf/components/json /home/tikhon/Документы/magnolia/esp-idf/components/log /home/tikhon/Документы/magnolia/esp-idf/components/lwip /home/tikhon/Документы/magnolia/applets/zig/zigtest/main /home/tikhon/Документы/magnolia/esp-idf/components/mbedtls /home/tikhon/Документы/magnolia/esp-idf/components/mqtt /home/tikhon/Документы/magnolia/esp-idf/components/newlib /home/tikhon/Документы/magnolia/esp-idf/components/nvs_flash /home/tikhon/Документы/magnolia/esp-idf/components/nvs_sec_provider /home/tikhon/Документы/magnolia/esp-idf/components/openthread /home/tikhon/Документы/magnolia/esp-idf/components/partition_table /home/tikhon/Документы/magnolia/esp-idf/components/perfmon /home/tikhon/Документы/magnolia/esp-idf/components/protobuf-c /home/tikhon/Документы/magnolia/esp-idf/components/protocomm /home/tikhon/Документы/magnolia/esp-idf/components/pthread /home/tikhon/Документы/magnolia/esp-idf/components/rt /home/tikhon/Документы/magnolia/esp-idf/components/sdmmc /home/tikhon/Документы/magnolia/esp-idf/components/soc /home/tikhon/Документы/magnolia/esp-idf/components/spi_flash /home/tikhon/Документы/magnolia/esp-idf/components/spiffs /home/tikhon/Документы/magnolia/esp-idf/components/tcp_transport /home/tikhon/Документы/magnolia/esp-idf/components/touch_element /home/tikhon/Документы/magnolia/esp-idf/components/ulp /home/tikhon/Документы/magnolia/esp-idf/components/unity /home/tikhon/Документы/magnolia/esp-idf/components/usb /home/tikhon/Документы/magnolia/esp-idf/components/vfs /home/tikhon/Документы/magnolia/esp-idf/components/wear_levelling /home/tikhon/Документы/magnolia/esp-idf/components/wifi_provisioning /home/tikhon/Документы/magnolia/esp-idf/components/wpa_supplicant /home/tikhon/Документы/magnolia/esp-idf/components/xtensa
-- Configuring done (4.0s)
NOTICE: Processing 3 dependencies:
NOTICE: [1/3] espressif/cmake_utilities (0.5.3)
NOTICE: [2/3] espressif/elf_loader (1.1.1)
NOTICE: [3/3] idf (6.0.0)
-- Components: app_trace app_update bootloader bootloader_support bt cmock console cxx driver efuse esp-tls esp_adc esp_app_format esp_bootloader_format esp_coex esp_common esp_driver_ana_cmpr esp_driver_bitscrambler esp_driver_cam esp_driver_dac esp_driver_gpio esp_driver_gptimer esp_driver_i2c esp_driver_i2s esp_driver_i3c esp_driver_isp esp_driver_jpeg esp_driver_ledc esp_driver_mcpwm esp_driver_parlio esp_driver_pcnt esp_driver_ppa esp_driver_rmt esp_driver_sd_intf esp_driver_sdio esp_driver_sdm esp_driver_sdmmc esp_driver_sdspi esp_driver_spi esp_driver_touch_sens esp_driver_tsens esp_driver_twai esp_driver_uart esp_driver_usb_serial_jtag esp_eth esp_event esp_gdbstub esp_hid esp_http_client esp_http_server esp_https_ota esp_https_server esp_hw_support esp_lcd esp_local_ctrl esp_mm esp_netif esp_netif_stack esp_partition esp_phy esp_pm esp_psram esp_ringbuf esp_rom esp_security esp_system esp_timer esp_vfs_console esp_wifi espcoredump espressif__cmake_utilities espressif__elf_loader esptool_py fatfs freertos hal heap http_parser idf_test ieee802154 json log lwip main mbedtls mqtt newlib nvs_flash nvs_sec_provider openthread partition_table perfmon protobuf-c protocomm pthread rt sdmmc soc spi_flash spiffs tcp_transport touch_element ulp unity usb vfs wear_levelling wifi_provisioning wpa_supplicant xtensa
-- Component paths: /home/tikhon/Документы/magnolia/esp-idf/components/app_trace /home/tikhon/Документы/magnolia/esp-idf/components/app_update /home/tikhon/Документы/magnolia/esp-idf/components/bootloader /home/tikhon/Документы/magnolia/esp-idf/components/bootloader_support /home/tikhon/Документы/magnolia/esp-idf/components/bt /home/tikhon/Документы/magnolia/esp-idf/components/cmock /home/tikhon/Документы/magnolia/esp-idf/components/console /home/tikhon/Документы/magnolia/esp-idf/components/cxx /home/tikhon/Документы/magnolia/esp-idf/components/driver /home/tikhon/Документы/magnolia/esp-idf/components/efuse /home/tikhon/Документы/magnolia/esp-idf/components/esp-tls /home/tikhon/Документы/magnolia/esp-idf/components/esp_adc /home/tikhon/Документы/magnolia/esp-idf/components/esp_app_format /home/tikhon/Документы/magnolia/esp-idf/components/esp_bootloader_format /home/tikhon/Документы/magnolia/esp-idf/components/esp_coex /home/tikhon/Документы/magnolia/esp-idf/components/esp_common /home/tikhon/Документы/magnolia/esp-idf/components/esp_driver_ana_cmpr /home/tikhon/Документы/magnolia/esp-idf/components/esp_driver_bitscrambler /home/tikhon/Документы/magnolia/esp-idf/components/esp_driver_cam /home/tikhon/Документы/magnolia/esp-idf/components/esp_driver_dac /home/tikhon/Документы/magnolia/esp-idf/components/esp_driver_gpio /home/tikhon/Документы/magnolia/esp-idf/components/esp_driver_gptimer /home/tikhon/Документы/magnolia/esp-idf/components/esp_driver_i2c /home/tikhon/Документы/magnolia/esp-idf/components/esp_driver_i2s /home/tikhon/Документы/magnolia/esp-idf/components/esp_driver_i3c /home/tikhon/Документы/magnolia/esp-idf/components/esp_driver_isp /home/tikhon/Документы/magnolia/esp-idf/components/esp_driver_jpeg /home/tikhon/Документы/magnolia/esp-idf/components/esp_driver_ledc /home/tikhon/Документы/magnolia/esp-idf/components/esp_driver_mcpwm /home/tikhon/Документы/magnolia/esp-idf/components/esp_driver_parlio /home/tikhon/Документы/magnolia/esp-idf/components/esp_driver_pcnt /home/tikhon/Документы/magnolia/esp-idf/components/esp_driver_ppa /home/tikhon/Документы/magnolia/esp-idf/components/esp_driver_rmt /home/tikhon/Документы/magnolia/esp-idf/components/esp_driver_sd_intf /home/tikhon/Документы/magnolia/esp-idf/components/esp_driver_sdio /home/tikhon/Документы/magnolia/esp-idf/components/esp_driver_sdm /home/tikhon/Документы/magnolia/esp-idf/components/esp_driver_sdmmc /home/tikhon/Документы/magnolia/esp-idf/components/esp_driver_sdspi /home/tikhon/Документы/magnolia/esp-idf/components/esp_driver_spi /home/tikhon/Документы/magnolia/esp-idf/components/esp_driver_touch_sens /home/tikhon/Документы/magnolia/esp-idf/components/esp_driver_tsens /home/tikhon/Документы/magnolia/esp-idf/components/esp_driver_twai /home/tikhon/Документы/magnolia/esp-idf/components/esp_driver_uart /home/tikhon/Документы/magnolia/esp-idf/components/esp_driver_usb_serial_jtag /home/tikhon/Документы/magnolia/esp-idf/components/esp_eth /home/tikhon/Документы/magnolia/esp-idf/components/esp_event /home/tikhon/Документы/magnolia/esp-idf/components/esp_gdbstub /home/tikhon/Документы/magnolia/esp-idf/components/esp_hid /home/tikhon/Документы/magnolia/esp-idf/components/esp_http_client /home/tikhon/Документы/magnolia/esp-idf/components/esp_http_server /home/tikhon/Документы/magnolia/esp-idf/components/esp_https_ota /home/tikhon/Документы/magnolia/esp-idf/components/esp_https_server /home/tikhon/Документы/magnolia/esp-idf/components/esp_hw_support /home/tikhon/Документы/magnolia/esp-idf/components/esp_lcd /home/tikhon/Документы/magnolia/esp-idf/components/esp_local_ctrl /home/tikhon/Документы/magnolia/esp-idf/components/esp_mm /home/tikhon/Документы/magnolia/esp-idf/components/esp_netif /home/tikhon/Документы/magnolia/esp-idf/components/esp_netif_stack /home/tikhon/Документы/magnolia/esp-idf/components/esp_partition /home/tikhon/Документы/magnolia/esp-idf/components/esp_phy /home/tikhon/Документы/magnolia/esp-idf/components/esp_pm /home/tikhon/Документы/magnolia/esp-idf/components/esp_psram /home/tikhon/Документы/magnolia/esp-idf/components/esp_ringbuf /home/tikhon/Документы/magnolia/esp-idf/components/esp_rom /home/tikhon/Документы/magnolia/esp-idf/components/esp_security /home/tikhon/Документы/magnolia/esp-idf/components/esp_system /home/tikhon/Документы/magnolia/esp-idf/components/esp_timer /home/tikhon/Документы/magnolia/esp-idf/components/esp_vfs_console /home/tikhon/Документы/magnolia/esp-idf/components/esp_wifi /home/tikhon/Документы/magnolia/esp-idf/components/espcoredump /home/tikhon/Документы/magnolia/applets/zig/zxxd/managed_components/espressif__cmake_utilities /home/tikhon/Документы/magnolia/applets/zig/zxxd/managed_components/espressif__elf_loader /home/tikhon/Документы/magnolia/esp-idf/components/esptool_py /home/tikhon/Документы/magnolia/esp-idf/components/fatfs /home/tikhon/Документы/magnolia/esp-idf/components/freertos /home/tikhon/Документы/magnolia/esp-idf/components/hal /home/tikhon/Документы/magnolia/esp-idf/components/heap /home/tikhon/Документы/magnolia/esp-idf/components/http_parser /home/tikhon/Документы/magnolia/esp-idf/components/idf_test /home/tikhon/Документы/magnolia/esp-idf/components/ieee802154 /home/tikhon/Документы/magnolia/esp-idf/components/json /home/tikhon/Документы/magnolia/esp-idf/components/log /home/tikhon/Документы/magnolia/esp-idf/components/lwip /home/tikhon/Документы/magnolia/applets/zig/zxxd/main /home/tikhon/Документы/magnolia/esp-idf/components/mbedtls /home/tikhon/Документы/magnolia/esp-idf/components/mqtt /home/tikhon/Документы/magnolia/esp-idf/components/newlib /home/tikhon/Документы/magnolia/esp-idf/components/nvs_flash /home/tikhon/Документы/magnolia/esp-idf/components/nvs_sec_provider /home/tikhon/Документы/magnolia/esp-idf/components/openthread /home/tikhon/Документы/magnolia/esp-idf/components/partition_table /home/tikhon/Документы/magnolia/esp-idf/components/perfmon /home/tikhon/Документы/magnolia/esp-idf/components/protobuf-c /home/tikhon/Документы/magnolia/esp-idf/components/protocomm /home/tikhon/Документы/magnolia/esp-idf/components/pthread /home/tikhon/Документы/magnolia/esp-idf/components/rt /home/tikhon/Документы/magnolia/esp-idf/components/sdmmc /home/tikhon/Документы/magnolia/esp-idf/components/soc /home/tikhon/Документы/magnolia/esp-idf/components/spi_flash /home/tikhon/Документы/magnolia/esp-idf/components/spiffs /home/tikhon/Документы/magnolia/esp-idf/components/tcp_transport /home/tikhon/Документы/magnolia/esp-idf/components/touch_element /home/tikhon/Документы/magnolia/esp-idf/components/ulp /home/tikhon/Документы/magnolia/esp-idf/components/unity /home/tikhon/Документы/magnolia/esp-idf/components/usb /home/tikhon/Документы/magnolia/esp-idf/components/vfs /home/tikhon/Документы/magnolia/esp-idf/components/wear_levelling /home/tikhon/Документы/magnolia/esp-idf/components/wifi_provisioning /home/tikhon/Документы/magnolia/esp-idf/components/wpa_supplicant /home/tikhon/Документы/magnolia/esp-idf/components/xtensa
-- Configuring done (4.2s)
-- Generating done (0.5s)
-- Build files have been written to: /home/tikhon/Документы/magnolia/applets/zig/zighello/build
-- ESP-TEE is currently supported only on the esp32c6;esp32h2;esp32c5 SoCs
[0/4] Re-checking globbed directories...
[1/6] Building C object esp-idf/esp_app_format/CMakeFiles/__idf_esp_app_format.dir/esp_app_desc.c.obj
[2/6] Linking C static library esp-idf/esp_app_format/libesp_app_format.a
[3/6] Build ELF: zighello.app.elf
[8/18] Performing configure step for 'bootloader'
-- Found Git: /usr/bin/git (found version "2.43.0") 
-- Minimal build - OFF
-- The C compiler identification is GNU 15.1.0
-- The CXX compiler identification is GNU 15.1.0
-- The ASM compiler identification is GNU
-- Found assembler: /home/tikhon/.espressif/tools/xtensa-esp-elf/esp-15.1.0_20250607/xtensa-esp-elf/bin/xtensa-esp32s3-elf-gcc
-- Detecting C compiler ABI info
-- Detecting C compiler ABI info - done
-- Check for working C compiler: /home/tikhon/.espressif/tools/xtensa-esp-elf/esp-15.1.0_20250607/xtensa-esp-elf/bin/xtensa-esp32s3-elf-gcc - skipped
-- Detecting C compile features
-- Detecting C compile features - done
-- Detecting CXX compiler ABI info
-- Detecting CXX compiler ABI info - done
-- Check for working CXX compiler: /home/tikhon/.espressif/tools/xtensa-esp-elf/esp-15.1.0_20250607/xtensa-esp-elf/bin/xtensa-esp32s3-elf-g++ - skipped
-- Detecting CXX compile features
-- Detecting CXX compile features - done
-- Building ESP-IDF components for target esp32s3
-- ESP-TEE is currently supported only on the esp32c6;esp32h2;esp32c5 SoCs
-- Project sdkconfig file /home/tikhon/Документы/magnolia/applets/rust/rselftest/sdkconfig
info: Default value for ESP_PERIPH_CTRL_FUNC_IN_IRAM in sdkconfig is y but it is n according to Kconfig.
Using default value from sdkconfig (y).
info: Default value for GDMA_CTRL_FUNC_IN_IRAM in sdkconfig is y but it is n according to Kconfig.
Using default value from sdkconfig (y).
Configuration Report                                                            
 ────────────────────────────────────────────────────────────────────────────── 
   Parser Version: 1                                                            
   Verbosity: default                                                           
   Defaults policy: sdkconfig                                                   
   Status: Finished with notifications                                          
                                                                                
  Default Value Mismatch                                                        
   ──────────────────────────────────────────────────────────────────────────   
    Using sdkconfig default values                                              
    Choice symbols with different default selection between sdkconfig and       
    Kconfig                                                                     
    LIBC_STDIN_LINE_ENDING: Kconfig default selection: choice deselected,       
    sdkconfig default selection: LIBC_STDIN_LINE_ENDING_CR                      
    LIBC_STDOUT_LINE_ENDING: Kconfig default selection: choice                  
    deselected, sdkconfig default selection: LIBC_STDOUT_LINE_ENDING_CRLF       
   ──────────────────────────────────────────────────────────────────────────   
 ────────────────────────────────────────────────────────────────────────────── 
-- Compiler supported targets: xtensa-esp-elf
-- Adding linker script /home/tikhon/Документы/magnolia/esp-idf/components/soc/esp32s3/ld/esp32s3.peripherals.ld
-- Bootloader project name: "bootloader" version: 1
-- Adding linker script /home/tikhon/Документы/magnolia/esp-idf/components/esp_rom/esp32s3/ld/esp32s3.rom.ld
-- Adding linker script /home/tikhon/Документы/magnolia/esp-idf/components/esp_rom/esp32s3/ld/esp32s3.rom.api.ld
-- Adding linker script /home/tikhon/Документы/magnolia/esp-idf/components/esp_rom/esp32s3/ld/esp32s3.rom.bt_funcs.ld
-- Adding linker script /home/tikhon/Документы/magnolia/esp-idf/components/esp_rom/esp32s3/ld/esp32s3.rom.libgcc.ld
-- Adding linker script /home/tikhon/Документы/magnolia/esp-idf/components/esp_rom/esp32s3/ld/esp32s3.rom.wdt.ld
-- Adding linker script /home/tikhon/Документы/magnolia/esp-idf/components/esp_rom/esp32s3/ld/esp32s3.rom.version.ld
-- Adding linker script /home/tikhon/Документы/magnolia/esp-idf/components/esp_rom/esp32s3/ld/esp32s3.rom.libc.ld
-- Adding linker script /home/tikhon/Документы/magnolia/esp-idf/components/esp_rom/esp32s3/ld/esp32s3.rom.newlib.ld
-- Adding linker script /home/tikhon/Документы/magnolia/esp-idf/components/bootloader/subproject/main/ld/esp32s3/bootloader.rom.ld
-- Components: bootloader bootloader_support efuse esp_app_format esp_bootloader_format esp_common esp_hw_support esp_rom esp_system esptool_py freertos hal log main micro-ecc newlib partition_table soc spi_flash xtensa
-- Component paths: /home/tikhon/Документы/magnolia/esp-idf/components/bootloader /home/tikhon/Документы/magnolia/esp-idf/components/bootloader_support /home/tikhon/Документы/magnolia/esp-idf/components/efuse /home/tikhon/Документы/magnolia/esp-idf/components/esp_app_format /home/tikhon/Документы/magnolia/esp-idf/components/esp_bootloader_format /home/tikhon/Документы/magnolia/esp-idf/components/esp_common /home/tikhon/Документы/magnolia/esp-idf/components/esp_hw_support /home/tikhon/Документы/magnolia/esp-idf/components/esp_rom /home/tikhon/Документы/magnolia/esp-idf/components/esp_system /home/tikhon/Документы/magnolia/esp-idf/components/esptool_py /home/tikhon/Документы/magnolia/esp-idf/components/freertos /home/tikhon/Документы/magnolia/esp-idf/components/hal /home/tikhon/Документы/magnolia/esp-idf/components/log /home/tikhon/Документы/magnolia/esp-idf/components/bootloader/subproject/main /home/tikhon/Документы/magnolia/esp-idf/components/bootloader/subproject/components/micro-ecc /home/tikhon/Документы/magnolia/esp-idf/components/newlib /home/tikhon/Документы/magnolia/esp-idf/components/partition_table /home/tikhon/Документы/magnolia/esp-idf/components/soc /home/tikhon/Документы/magnolia/esp-idf/components/spi_flash /home/tikhon/Документы/magnolia/esp-idf/components/xtensa
-- Adding linker script /home/tikhon/Документы/magnolia/esp-idf/components/bootloader/subproject/main/ld/esp32s3/bootloader.ld
-- Configuring done (2.6s)
-- Generating done (0.0s)
-- Build files have been written to: /home/tikhon/Документы/magnolia/applets/rust/rselftest/build/bootloader
-- Generating done (0.5s)
-- Build files have been written to: /home/tikhon/Документы/magnolia/applets/zig/zigtest/build
Applet zighello OK -> /home/tikhon/Документы/magnolia/rootfs/bin/zighello
[0/4] Re-checking globbed directories...
[1/6] Building C object esp-idf/esp_app_format/CMakeFiles/__idf_esp_app_format.dir/esp_app_desc.c.obj
[2/6] Linking C static library esp-idf/esp_app_format/libesp_app_format.a
[3/6] Build ELF: zigtest.app.elf
/home/tikhon/.espressif/tools/xtensa-esp-elf/esp-15.1.0_20250607/xtensa-esp-elf/bin/../lib/gcc/xtensa-esp-elf/15.1.0/../../../../xtensa-esp-elf/bin/ld: warning: zigtest.app.elf has a LOAD segment with RWX permissions
-- Generating done (0.5s)
[8/18] Performing configure step for 'bootloader'
-- Found Git: /usr/bin/git (found version "2.43.0") 
-- Minimal build - OFF
-- The C compiler identification is GNU 15.1.0
-- The CXX compiler identification is GNU 15.1.0
-- The ASM compiler identification is GNU
-- Found assembler: /home/tikhon/.espressif/tools/xtensa-esp-elf/esp-15.1.0_20250607/xtensa-esp-elf/bin/xtensa-esp32s3-elf-gcc
-- Detecting C compiler ABI info
-- Detecting C compiler ABI info - done
-- Check for working C compiler: /home/tikhon/.espressif/tools/xtensa-esp-elf/esp-15.1.0_20250607/xtensa-esp-elf/bin/xtensa-esp32s3-elf-gcc - skipped
-- Detecting C compile features
-- Detecting C compile features - done
-- Detecting CXX compiler ABI info
-- Detecting CXX compiler ABI info - done
-- Check for working CXX compiler: /home/tikhon/.espressif/tools/xtensa-esp-elf/esp-15.1.0_20250607/xtensa-esp-elf/bin/xtensa-esp32s3-elf-g++ - skipped
-- Detecting CXX compile features
-- Detecting CXX compile features - done
-- Building ESP-IDF components for target esp32s3
-- ESP-TEE is currently supported only on the esp32c6;esp32h2;esp32c5 SoCs
-- Project sdkconfig file /home/tikhon/Документы/magnolia/applets/rust/rusthello/sdkconfig
info: Default value for ESP_PERIPH_CTRL_FUNC_IN_IRAM in sdkconfig is y but it is n according to Kconfig.
Using default value from sdkconfig (y).
info: Default value for GDMA_CTRL_FUNC_IN_IRAM in sdkconfig is y but it is n according to Kconfig.
Using default value from sdkconfig (y).
Configuration Report                                                            
 ────────────────────────────────────────────────────────────────────────────── 
   Parser Version: 1                                                            
   Verbosity: default                                                           
   Defaults policy: sdkconfig                                                   
   Status: Finished with notifications                                          
                                                                                
  Default Value Mismatch                                                        
   ──────────────────────────────────────────────────────────────────────────   
    Using sdkconfig default values                                              
    Choice symbols with different default selection between sdkconfig and       
    Kconfig                                                                     
    LIBC_STDIN_LINE_ENDING: Kconfig default selection: choice deselected,       
    sdkconfig default selection: LIBC_STDIN_LINE_ENDING_CR                      
    LIBC_STDOUT_LINE_ENDING: Kconfig default selection: choice                  
    deselected, sdkconfig default selection: LIBC_STDOUT_LINE_ENDING_CRLF       
   ──────────────────────────────────────────────────────────────────────────   
 ────────────────────────────────────────────────────────────────────────────── 
-- Compiler supported targets: xtensa-esp-elf
-- Adding linker script /home/tikhon/Документы/magnolia/esp-idf/components/soc/esp32s3/ld/esp32s3.peripherals.ld
-- Bootloader project name: "bootloader" version: 1
-- Adding linker script /home/tikhon/Документы/magnolia/esp-idf/components/esp_rom/esp32s3/ld/esp32s3.rom.ld
-- Adding linker script /home/tikhon/Документы/magnolia/esp-idf/components/esp_rom/esp32s3/ld/esp32s3.rom.api.ld
-- Adding linker script /home/tikhon/Документы/magnolia/esp-idf/components/esp_rom/esp32s3/ld/esp32s3.rom.bt_funcs.ld
-- Adding linker script /home/tikhon/Документы/magnolia/esp-idf/components/esp_rom/esp32s3/ld/esp32s3.rom.libgcc.ld
-- Adding linker script /home/tikhon/Документы/magnolia/esp-idf/components/esp_rom/esp32s3/ld/esp32s3.rom.wdt.ld
-- Adding linker script /home/tikhon/Документы/magnolia/esp-idf/components/esp_rom/esp32s3/ld/esp32s3.rom.version.ld
-- Adding linker script /home/tikhon/Документы/magnolia/esp-idf/components/esp_rom/esp32s3/ld/esp32s3.rom.libc.ld
-- Adding linker script /home/tikhon/Документы/magnolia/esp-idf/components/esp_rom/esp32s3/ld/esp32s3.rom.newlib.ld
-- Adding linker script /home/tikhon/Документы/magnolia/esp-idf/components/bootloader/subproject/main/ld/esp32s3/bootloader.rom.ld
-- Components: bootloader bootloader_support efuse esp_app_format esp_bootloader_format esp_common esp_hw_support esp_rom esp_system esptool_py freertos hal log main micro-ecc newlib partition_table soc spi_flash xtensa
-- Component paths: /home/tikhon/Документы/magnolia/esp-idf/components/bootloader /home/tikhon/Документы/magnolia/esp-idf/components/bootloader_support /home/tikhon/Документы/magnolia/esp-idf/components/efuse /home/tikhon/Документы/magnolia/esp-idf/components/esp_app_format /home/tikhon/Документы/magnolia/esp-idf/components/esp_bootloader_format /home/tikhon/Документы/magnolia/esp-idf/components/esp_common /home/tikhon/Документы/magnolia/esp-idf/components/esp_hw_support /home/tikhon/Документы/magnolia/esp-idf/components/esp_rom /home/tikhon/Документы/magnolia/esp-idf/components/esp_system /home/tikhon/Документы/magnolia/esp-idf/components/esptool_py /home/tikhon/Документы/magnolia/esp-idf/components/freertos /home/tikhon/Документы/magnolia/esp-idf/components/hal /home/tikhon/Документы/magnolia/esp-idf/components/log /home/tikhon/Документы/magnolia/esp-idf/components/bootloader/subproject/main /home/tikhon/Документы/magnolia/esp-idf/components/bootloader/subproject/components/micro-ecc /home/tikhon/Документы/magnolia/esp-idf/components/newlib /home/tikhon/Документы/magnolia/esp-idf/components/partition_table /home/tikhon/Документы/magnolia/esp-idf/components/soc /home/tikhon/Документы/magnolia/esp-idf/components/spi_flash /home/tikhon/Документы/magnolia/esp-idf/components/xtensa
-- Adding linker script /home/tikhon/Документы/magnolia/esp-idf/components/bootloader/subproject/main/ld/esp32s3/bootloader.ld
-- Configuring done (2.6s)
-- Generating done (0.0s)
-- Build files have been written to: /home/tikhon/Документы/magnolia/applets/rust/rusthello/build/bootloader
-- Build files have been written to: /home/tikhon/Документы/magnolia/applets/zig/zxxd/build
Applet zigtest OK -> /home/tikhon/Документы/magnolia/rootfs/bin/zigtest
[0/4] Re-checking globbed directories...
[1/6] Building C object esp-idf/esp_app_format/CMakeFiles/__idf_esp_app_format.dir/esp_app_desc.c.obj
[2/6] Linking C static library esp-idf/esp_app_format/libesp_app_format.a
[3/6] Build ELF: xxd.app.elf
/home/tikhon/.espressif/tools/xtensa-esp-elf/esp-15.1.0_20250607/xtensa-esp-elf/bin/../lib/gcc/xtensa-esp-elf/15.1.0/../../../../xtensa-esp-elf/bin/ld: warning: xxd.app.elf has a LOAD segment with RWX permissions
Applet zxxd OK -> /home/tikhon/Документы/magnolia/rootfs/bin/zxxd
-- Project sdkconfig file /home/tikhon/Документы/magnolia/applets/zig/zhexdump/sdkconfig
-- Compiler supported targets: xtensa-esp-elf
-- App "hexdump" version: c092b7f-dirty
-- USING O3
-- Adding linker script /home/tikhon/Документы/magnolia/applets/zig/zhexdump/build/esp-idf/esp_system/ld/memory.ld
-- Adding linker script /home/tikhon/Документы/magnolia/applets/zig/zhexdump/build/esp-idf/esp_system/ld/sections.ld.in
-- Adding linker script /home/tikhon/Документы/magnolia/esp-idf/components/esp_rom/esp32s3/ld/esp32s3.rom.ld
-- Adding linker script /home/tikhon/Документы/magnolia/esp-idf/components/esp_rom/esp32s3/ld/esp32s3.rom.api.ld
-- Adding linker script /home/tikhon/Документы/magnolia/esp-idf/components/esp_rom/esp32s3/ld/esp32s3.rom.bt_funcs.ld
-- Adding linker script /home/tikhon/Документы/magnolia/esp-idf/components/esp_rom/esp32s3/ld/esp32s3.rom.libgcc.ld
-- Adding linker script /home/tikhon/Документы/magnolia/esp-idf/components/esp_rom/esp32s3/ld/esp32s3.rom.wdt.ld
-- Adding linker script /home/tikhon/Документы/magnolia/esp-idf/components/esp_rom/esp32s3/ld/esp32s3.rom.version.ld
-- Adding linker script /home/tikhon/Документы/magnolia/esp-idf/components/esp_rom/esp32s3/ld/esp32s3.rom.ble_master.ld
-- Adding linker script /home/tikhon/Документы/magnolia/esp-idf/components/esp_rom/esp32s3/ld/esp32s3.rom.ble_50.ld
-- Adding linker script /home/tikhon/Документы/magnolia/esp-idf/components/esp_rom/esp32s3/ld/esp32s3.rom.ble_smp.ld
-- Adding linker script /home/tikhon/Документы/magnolia/esp-idf/components/esp_rom/esp32s3/ld/esp32s3.rom.ble_dtm.ld
-- Adding linker script /home/tikhon/Документы/magnolia/esp-idf/components/esp_rom/esp32s3/ld/esp32s3.rom.ble_test.ld
-- Adding linker script /home/tikhon/Документы/magnolia/esp-idf/components/esp_rom/esp32s3/ld/esp32s3.rom.ble_scan.ld
-- Adding linker script /home/tikhon/Документы/magnolia/esp-idf/components/esp_rom/esp32s3/ld/esp32s3.rom.libc.ld
-- Adding linker script /home/tikhon/Документы/magnolia/esp-idf/components/esp_rom/esp32s3/ld/esp32s3.rom.newlib.ld
-- Adding linker script /home/tikhon/Документы/magnolia/esp-idf/components/soc/esp32s3/ld/esp32s3.peripherals.ld
-- ELF_LOADER: 1.1.1
-- Components: app_trace app_update bootloader bootloader_support bt cmock console cxx driver efuse esp-tls esp_adc esp_app_format esp_bootloader_format esp_coex esp_common esp_driver_ana_cmpr esp_driver_bitscrambler esp_driver_cam esp_driver_dac esp_driver_gpio esp_driver_gptimer esp_driver_i2c esp_driver_i2s esp_driver_i3c esp_driver_isp esp_driver_jpeg esp_driver_ledc esp_driver_mcpwm esp_driver_parlio esp_driver_pcnt esp_driver_ppa esp_driver_rmt esp_driver_sd_intf esp_driver_sdio esp_driver_sdm esp_driver_sdmmc esp_driver_sdspi esp_driver_spi esp_driver_touch_sens esp_driver_tsens esp_driver_twai esp_driver_uart esp_driver_usb_serial_jtag esp_eth esp_event esp_gdbstub esp_hid esp_http_client esp_http_server esp_https_ota esp_https_server esp_hw_support esp_lcd esp_local_ctrl esp_mm esp_netif esp_netif_stack esp_partition esp_phy esp_pm esp_psram esp_ringbuf esp_rom esp_security esp_system esp_timer esp_vfs_console esp_wifi espcoredump espressif__cmake_utilities espressif__elf_loader esptool_py fatfs freertos hal heap http_parser idf_test ieee802154 json log lwip main mbedtls mqtt newlib nvs_flash nvs_sec_provider openthread partition_table perfmon protobuf-c protocomm pthread rt sdmmc soc spi_flash spiffs tcp_transport touch_element ulp unity usb vfs wear_levelling wifi_provisioning wpa_supplicant xtensa
-- Component paths: /home/tikhon/Документы/magnolia/esp-idf/components/app_trace /home/tikhon/Документы/magnolia/esp-idf/components/app_update /home/tikhon/Документы/magnolia/esp-idf/components/bootloader /home/tikhon/Документы/magnolia/esp-idf/components/bootloader_support /home/tikhon/Документы/magnolia/esp-idf/components/bt /home/tikhon/Документы/magnolia/esp-idf/components/cmock /home/tikhon/Документы/magnolia/esp-idf/components/console /home/tikhon/Документы/magnolia/esp-idf/components/cxx /home/tikhon/Документы/magnolia/esp-idf/components/driver /home/tikhon/Документы/magnolia/esp-idf/components/efuse /home/tikhon/Документы/magnolia/esp-idf/components/esp-tls /home/tikhon/Документы/magnolia/esp-idf/components/esp_adc /home/tikhon/Документы/magnolia/esp-idf/components/esp_app_format /home/tikhon/Документы/magnolia/esp-idf/components/esp_bootloader_format /home/tikhon/Документы/magnolia/esp-idf/components/esp_coex /home/tikhon/Документы/magnolia/esp-idf/components/esp_common /home/tikhon/Документы/magnolia/esp-idf/components/esp_driver_ana_cmpr /home/tikhon/Документы/magnolia/esp-idf/components/esp_driver_bitscrambler /home/tikhon/Документы/magnolia/esp-idf/components/esp_driver_cam /home/tikhon/Документы/magnolia/esp-idf/components/esp_driver_dac /home/tikhon/Документы/magnolia/esp-idf/components/esp_driver_gpio /home/tikhon/Документы/magnolia/esp-idf/components/esp_driver_gptimer /home/tikhon/Документы/magnolia/esp-idf/components/esp_driver_i2c /home/tikhon/Документы/magnolia/esp-idf/components/esp_driver_i2s /home/tikhon/Документы/magnolia/esp-idf/components/esp_driver_i3c /home/tikhon/Документы/magnolia/esp-idf/components/esp_driver_isp /home/tikhon/Документы/magnolia/esp-idf/components/esp_driver_jpeg /home/tikhon/Документы/magnolia/esp-idf/components/esp_driver_ledc /home/tikhon/Документы/magnolia/esp-idf/components/esp_driver_mcpwm /home/tikhon/Документы/magnolia/esp-idf/components/esp_driver_parlio /home/tikhon/Документы/magnolia/esp-idf/components/esp_driver_pcnt /home/tikhon/Документы/magnolia/esp-idf/components/esp_driver_ppa /home/tikhon/Документы/magnolia/esp-idf/components/esp_driver_rmt /home/tikhon/Документы/magnolia/esp-idf/components/esp_driver_sd_intf /home/tikhon/Документы/magnolia/esp-idf/components/esp_driver_sdio /home/tikhon/Документы/magnolia/esp-idf/components/esp_driver_sdm /home/tikhon/Документы/magnolia/esp-idf/components/esp_driver_sdmmc /home/tikhon/Документы/magnolia/esp-idf/components/esp_driver_sdspi /home/tikhon/Документы/magnolia/esp-idf/components/esp_driver_spi /home/tikhon/Документы/magnolia/esp-idf/components/esp_driver_touch_sens /home/tikhon/Документы/magnolia/esp-idf/components/esp_driver_tsens /home/tikhon/Документы/magnolia/esp-idf/components/esp_driver_twai /home/tikhon/Документы/magnolia/esp-idf/components/esp_driver_uart /home/tikhon/Документы/magnolia/esp-idf/components/esp_driver_usb_serial_jtag /home/tikhon/Документы/magnolia/esp-idf/components/esp_eth /home/tikhon/Документы/magnolia/esp-idf/components/esp_event /home/tikhon/Документы/magnolia/esp-idf/components/esp_gdbstub /home/tikhon/Документы/magnolia/esp-idf/components/esp_hid /home/tikhon/Документы/magnolia/esp-idf/components/esp_http_client /home/tikhon/Документы/magnolia/esp-idf/components/esp_http_server /home/tikhon/Документы/magnolia/esp-idf/components/esp_https_ota /home/tikhon/Документы/magnolia/esp-idf/components/esp_https_server /home/tikhon/Документы/magnolia/esp-idf/components/esp_hw_support /home/tikhon/Документы/magnolia/esp-idf/components/esp_lcd /home/tikhon/Документы/magnolia/esp-idf/components/esp_local_ctrl /home/tikhon/Документы/magnolia/esp-idf/components/esp_mm /home/tikhon/Документы/magnolia/esp-idf/components/esp_netif /home/tikhon/Документы/magnolia/esp-idf/components/esp_netif_stack /home/tikhon/Документы/magnolia/esp-idf/components/esp_partition /home/tikhon/Документы/magnolia/esp-idf/components/esp_phy /home/tikhon/Документы/magnolia/esp-idf/components/esp_pm /home/tikhon/Документы/magnolia/esp-idf/components/esp_psram /home/tikhon/Документы/magnolia/esp-idf/components/esp_ringbuf /home/tikhon/Документы/magnolia/esp-idf/components/esp_rom /home/tikhon/Документы/magnolia/esp-idf/components/esp_security /home/tikhon/Документы/magnolia/esp-idf/components/esp_system /home/tikhon/Документы/magnolia/esp-idf/components/esp_timer /home/tikhon/Документы/magnolia/esp-idf/components/esp_vfs_console /home/tikhon/Документы/magnolia/esp-idf/components/esp_wifi /home/tikhon/Документы/magnolia/esp-idf/components/espcoredump /home/tikhon/Документы/magnolia/applets/zig/zhexdump/managed_components/espressif__cmake_utilities /home/tikhon/Документы/magnolia/applets/zig/zhexdump/managed_components/espressif__elf_loader /home/tikhon/Документы/magnolia/esp-idf/components/esptool_py /home/tikhon/Документы/magnolia/esp-idf/components/fatfs /home/tikhon/Документы/magnolia/esp-idf/components/freertos /home/tikhon/Документы/magnolia/esp-idf/components/hal /home/tikhon/Документы/magnolia/esp-idf/components/heap /home/tikhon/Документы/magnolia/esp-idf/components/http_parser /home/tikhon/Документы/magnolia/esp-idf/components/idf_test /home/tikhon/Документы/magnolia/esp-idf/components/ieee802154 /home/tikhon/Документы/magnolia/esp-idf/components/json /home/tikhon/Документы/magnolia/esp-idf/components/log /home/tikhon/Документы/magnolia/esp-idf/components/lwip /home/tikhon/Документы/magnolia/applets/zig/zhexdump/main /home/tikhon/Документы/magnolia/esp-idf/components/mbedtls /home/tikhon/Документы/magnolia/esp-idf/components/mqtt /home/tikhon/Документы/magnolia/esp-idf/components/newlib /home/tikhon/Документы/magnolia/esp-idf/components/nvs_flash /home/tikhon/Документы/magnolia/esp-idf/components/nvs_sec_provider /home/tikhon/Документы/magnolia/esp-idf/components/openthread /home/tikhon/Документы/magnolia/esp-idf/components/partition_table /home/tikhon/Документы/magnolia/esp-idf/components/perfmon /home/tikhon/Документы/magnolia/esp-idf/components/protobuf-c /home/tikhon/Документы/magnolia/esp-idf/components/protocomm /home/tikhon/Документы/magnolia/esp-idf/components/pthread /home/tikhon/Документы/magnolia/esp-idf/components/rt /home/tikhon/Документы/magnolia/esp-idf/components/sdmmc /home/tikhon/Документы/magnolia/esp-idf/components/soc /home/tikhon/Документы/magnolia/esp-idf/components/spi_flash /home/tikhon/Документы/magnolia/esp-idf/components/spiffs /home/tikhon/Документы/magnolia/esp-idf/components/tcp_transport /home/tikhon/Документы/magnolia/esp-idf/components/touch_element /home/tikhon/Документы/magnolia/esp-idf/components/ulp /home/tikhon/Документы/magnolia/esp-idf/components/unity /home/tikhon/Документы/magnolia/esp-idf/components/usb /home/tikhon/Документы/magnolia/esp-idf/components/vfs /home/tikhon/Документы/magnolia/esp-idf/components/wear_levelling /home/tikhon/Документы/magnolia/esp-idf/components/wifi_provisioning /home/tikhon/Документы/magnolia/esp-idf/components/wpa_supplicant /home/tikhon/Документы/magnolia/esp-idf/components/xtensa
-- Configuring done (11.4s)
[9/18] Generating esp-idf/esp_system/ld/sections.ld
ninja: build stopped: subcommand failed.
-- Generating done (0.3s)
-- Build files have been written to: /home/tikhon/Документы/magnolia/applets/zig/zhexdump/build
Command failed (2): idf.py build
Skipping failed applet build: edit
[0/4] Re-checking globbed directories...
[5/10] Generating esp-idf/esp_system/ld/sections.ld
ninja: build stopped: subcommand failed.
[1/6] Building C object esp-idf/esp_app_format/CMakeFiles/__idf_esp_app_format.dir/esp_app_desc.c.obj
[2/6] Linking C static library esp-idf/esp_app_format/libesp_app_format.a
[3/6] Build ELF: hexdump.app.elf
/home/tikhon/.espressif/tools/xtensa-esp-elf/esp-15.1.0_20250607/xtensa-esp-elf/bin/../lib/gcc/xtensa-esp-elf/15.1.0/../../../../xtensa-esp-elf/bin/ld: warning: hexdump.app.elf has a LOAD segment with RWX permissions
Command failed (2): idf.py build
Skipping failed applet build: rdd
Applet zhexdump OK -> /home/tikhon/Документы/magnolia/rootfs/bin/zhexdump
[5/10] Generating esp-idf/esp_system/ld/sections.ld
ninja: build stopped: subcommand failed.
Command failed (2): idf.py build
Skipping failed applet build: rhexdump
[9/18] Generating esp-idf/esp_system/ld/sections.ld
ninja: build stopped: subcommand failed.
Command failed (2): idf.py build
Skipping failed applet build: rselftest
[9/18] Generating esp-idf/esp_system/ld/sections.ld
ninja: build stopped: subcommand failed.
Command failed (2): idf.py build
Skipping failed applet build: rusthello
[5/10] Generating esp-idf/esp_system/ld/sections.ld
ninja: build stopped: subcommand failed.
Command failed (2): idf.py build
Skipping failed applet build: rxxd
+ /home/tikhon/Документы/magnolia/build/littlefs_mkimage create /home/tikhon/Документы/magnolia/rootfs /home/tikhon/Документы/magnolia/build/vfs.bin --block-size=4096 --fs-size=2097152 --read-size=128 --prog-size=128 --cache-size=512 --lookahead-size=64
LittleFS image OK size=2097152 -> /home/tikhon/Документы/magnolia/build/vfs.bin
bash -lc 'source esp-idf/export.sh >/dev/null 2>&1 && python3 tools/applets.py build  '
Building applet basename -> basename ...
Building applet cat -> cat ...
Building applet cd -> cd ...
Building applet chmod -> chmod ...
Building applet chown -> chown ...
Building applet cksum -> cksum ...
+ idf.py elf
+ idf.py elf
+ idf.py elf
Building applet comm -> comm ...
Building applet cp -> cp ...
Building applet cut -> cut ...
Building applet date -> date ...
+ idf.py elf
+ idf.py elf
Reconfiguring applet cksum (cmake inputs changed)
+ idf.py reconfigure
Building applet dd -> dd ...
+ idf.py elf
Building applet cmp -> cmp ...
+ idf.py elf
Building applet du -> du ...
Building applet df -> df ...
Building applet dirname -> dirname ...
+ idf.py elf
+ idf.py elf
+ idf.py elf
+ idf.py elf
Building applet echo -> echo ...
+ idf.py elf
+ idf.py elf
+ idf.py elf
+ idf.py elf
Executing action: elf
Running ninja in directory /home/tikhon/Документы/magnolia/applets/mainline/cat/build
Executing "ninja elf"...
[1/1] Build ELF: cat.app.elf
Executing action: elf
Running ninja in directory /home/tikhon/Документы/magnolia/applets/mainline/basename/build
Executing "ninja elf"...
[1/1] Build ELF: basename.app.elf
Executing action: elf
Running ninja in directory /home/tikhon/Документы/magnolia/applets/mainline/du/build
Executing "ninja elf"...
[1/1] Build ELF: du.app.elf
Executing action: elf
Running ninja in directory /home/tikhon/Документы/magnolia/applets/mainline/cmp/build
Executing "ninja elf"...
[1/1] Build ELF: cmp.app.elf
Executing action: elf
Running ninja in directory /home/tikhon/Документы/magnolia/applets/mainline/chmod/build
Executing "ninja elf"...
[1/1] Build ELF: chmod.app.elf
Executing action: elf
Running ninja in directory /home/tikhon/Документы/magnolia/applets/mainline/date/build
Executing "ninja elf"...
[1/1] Build ELF: date.app.elf
Executing action: elf
Running ninja in directory /home/tikhon/Документы/magnolia/applets/mainline/comm/build
Executing "ninja elf"...
[1/1] Build ELF: comm.app.elf
Executing action: elf
Running ninja in directory /home/tikhon/Документы/magnolia/applets/mainline/cp/build
Executing "ninja elf"...
[1/1] Build ELF: cp.app.elf
Executing action: elf
Running ninja in directory /home/tikhon/Документы/magnolia/applets/mainline/cut/build
Executing "ninja elf"...
[1/1] Build ELF: cut.app.elf
Executing action: elf
Running ninja in directory /home/tikhon/Документы/magnolia/applets/mainline/cd/build
Executing "ninja elf"...
[1/1] Build ELF: cd.app.elf
Executing action: elf
Running ninja in directory /home/tikhon/Документы/magnolia/applets/mainline/chown/build
Executing "ninja elf"...
[1/1] Build ELF: chown.app.elf
Executing action: elf
Running ninja in directory /home/tikhon/Документы/magnolia/applets/mainline/echo/build
Executing "ninja elf"...
[1/1] Build ELF: echo.app.elf
Executing action: elf
Running ninja in directory /home/tikhon/Документы/magnolia/applets/mainline/df/build
Executing "ninja elf"...
[1/1] Build ELF: df.app.elf
Executing action: elf
Running ninja in directory /home/tikhon/Документы/magnolia/applets/mainline/dd/build
Executing "ninja elf"...
[1/1] Build ELF: dd.app.elf
Executing action: elf
Running ninja in directory /home/tikhon/Документы/magnolia/applets/mainline/dirname/build
Executing "ninja elf"...
[1/1] Build ELF: dirname.app.elf
Applet cat OK -> /home/tikhon/Документы/magnolia/rootfs/bin/cat
Building applet elftest -> elftest ...
+ idf.py elf
Applet basename OK -> /home/tikhon/Документы/magnolia/rootfs/bin/basename
Building applet env -> env ...
+ idf.py elf
Applet cmp OK -> /home/tikhon/Документы/magnolia/rootfs/bin/cmp
Building applet false -> false ...
Applet chmod OK -> /home/tikhon/Документы/magnolia/rootfs/bin/chmod
Building applet free -> free ...
+ idf.py elf
+ idf.py elf
Applet du OK -> /home/tikhon/Документы/magnolia/rootfs/bin/du
Building applet head -> head ...
+ idf.py elf
Applet comm OK -> /home/tikhon/Документы/magnolia/rootfs/bin/comm
Building applet hexdump -> hexdump ...
+ idf.py elf
Applet date OK -> /home/tikhon/Документы/magnolia/rootfs/bin/date
Building applet init -> init ...
Applet cp OK -> /home/tikhon/Документы/magnolia/rootfs/bin/cp
Building applet kill -> kill ...
+ idf.py elf
+ idf.py elf
Applet chown OK -> /home/tikhon/Документы/magnolia/rootfs/bin/chown
Building applet ln -> ln ...
+ idf.py elf
Applet echo OK -> /home/tikhon/Документы/magnolia/rootfs/bin/echo
Building applet login -> login ...
+ idf.py elf
Applet cut OK -> /home/tikhon/Документы/magnolia/rootfs/bin/cut
Building applet ls -> ls ...
+ idf.py elf
Applet df OK -> /home/tikhon/Документы/magnolia/rootfs/bin/df
Building applet medit -> medit ...
Applet cd OK -> /home/tikhon/Документы/magnolia/rootfs/bin/cd
Building applet mkdir -> mkdir ...
+ idf.py elf
+ idf.py elf
Applet dd OK -> /home/tikhon/Документы/magnolia/rootfs/bin/dd
Building applet mv -> mv ...
+ idf.py elf
Applet dirname OK -> /home/tikhon/Документы/magnolia/rootfs/bin/dirname
Building applet ps -> ps ...
+ idf.py elf
Executing action: reconfigure
Running cmake in directory /home/tikhon/Документы/magnolia/applets/mainline/cksum/build
Executing "cmake -G Ninja -DPYTHON_DEPS_CHECKED=1 -DPYTHON=/home/tikhon/.espressif/python_env/idf6.0_py3.12_env/bin/python -DESP_PLATFORM=1 -DCCACHE_ENABLE=0 /home/tikhon/Документы/magnolia/applets/mainline/cksum"...
-- Minimal build - OFF
-- Building ESP-IDF components for target esp32s3
Executing action: elf
Running ninja in directory /home/tikhon/Документы/magnolia/applets/mainline/elftest/build
Executing "ninja elf"...
[1/1] Build ELF: elftest.app.elf
Executing action: elf
Running ninja in directory /home/tikhon/Документы/magnolia/applets/mainline/env/build
Executing "ninja elf"...
[1/1] Build ELF: env.app.elf
Executing action: elf
Running ninja in directory /home/tikhon/Документы/magnolia/applets/mainline/free/build
Executing "ninja elf"...
[1/1] Build ELF: free.app.elf
Executing action: elf
Running ninja in directory /home/tikhon/Документы/magnolia/applets/mainline/kill/build
Executing "ninja elf"...
[1/1] Build ELF: kill.app.elf
Executing action: elf
Running ninja in directory /home/tikhon/Документы/magnolia/applets/mainline/ln/build
Executing "ninja elf"...
[1/3] Building C object esp-idf/main/CMakeFiles/__idf_main.dir/main.c.obj
FAILED: esp-idf/main/CMakeFiles/__idf_main.dir/main.c.obj 
/home/tikhon/.espressif/tools/xtensa-esp-elf/esp-15.1.0_20250607/xtensa-esp-elf/bin/xtensa-esp32s3-elf-gcc -DESP_PLATFORM -DIDF_VER=\"v6.0-dev-1833-g758939caec-dirty\" -DMBEDTLS_CONFIG_FILE=\"mbedtls/esp_config.h\" -DSOC_MMU_PAGE_SIZE=CONFIG_MMU_PAGE_SIZE -DSOC_XTAL_FREQ_MHZ=CONFIG_XTAL_FREQ -DUNITY_INCLUDE_CONFIG_H -D_GLIBCXX_HAVE_POSIX_SEMAPHORE -D_GLIBCXX_USE_POSIX_SEMAPHORE -D_GNU_SOURCE -D_POSIX_READER_WRITER_LOCKS -I/home/tikhon/Документы/magnolia/applets/mainline/ln/build/config -I/home/tikhon/Документы/magnolia/esp-idf/components/newlib/platform_include -I/home/tikhon/Документы/magnolia/esp-idf/components/freertos/config/include -I/home/tikhon/Документы/magnolia/esp-idf/components/freertos/config/include/freertos -I/home/tikhon/Документы/magnolia/esp-idf/components/freertos/config/xtensa/include -I/home/tikhon/Документы/magnolia/esp-idf/components/freertos/FreeRTOS-Kernel/include -I/home/tikhon/Документы/magnolia/esp-idf/components/freertos/FreeRTOS-Kernel/portable/xtensa/include -I/home/tikhon/Документы/magnolia/esp-idf/components/freertos/FreeRTOS-Kernel/portable/xtensa/include/freertos -I/home/tikhon/Документы/magnolia/esp-idf/components/freertos/esp_additions/include -I/home/tikhon/Документы/magnolia/esp-idf/components/esp_hw_support/include -I/home/tikhon/Документы/magnolia/esp-idf/components/esp_hw_support/include/soc -I/home/tikhon/Документы/magnolia/esp-idf/components/esp_hw_support/dma/include -I/home/tikhon/Документы/magnolia/esp-idf/components/esp_hw_support/ldo/include -I/home/tikhon/Документы/magnolia/esp-idf/components/esp_hw_support/debug_probe/include -I/home/tikhon/Документы/magnolia/esp-idf/components/esp_hw_support/mspi_timing_tuning/include -I/home/tikhon/Документы/magnolia/esp-idf/components/esp_hw_support/mspi_timing_tuning/tuning_scheme_impl/include -I/home/tikhon/Документы/magnolia/esp-idf/components/esp_hw_support/power_supply/include -I/home/tikhon/Документы/magnolia/esp-idf/components/esp_hw_support/include/soc/esp32s3 -I/home/tikhon/Документы/magnolia/esp-idf/components/esp_hw_support/port/esp32s3/. -I/home/tikhon/Документы/magnolia/esp-idf/components/esp_hw_support/port/esp32s3/include -I/home/tikhon/Документы/magnolia/esp-idf/components/esp_hw_support/mspi_timing_tuning/port/esp32s3/. -I/home/tikhon/Документы/magnolia/esp-idf/components/esp_hw_support/mspi_timing_tuning/port/esp32s3/include -I/home/tikhon/Документы/magnolia/esp-idf/components/heap/include -I/home/tikhon/Документы/magnolia/esp-idf/components/heap/tlsf -I/home/tikhon/Документы/magnolia/esp-idf/components/log/include -I/home/tikhon/Документы/magnolia/esp-idf/components/soc/include -I/home/tikhon/Документы/magnolia/esp-idf/components/soc/esp32s3 -I/home/tikhon/Документы/magnolia/esp-idf/components/soc/esp32s3/include -I/home/tikhon/Документы/magnolia/esp-idf/components/soc/esp32s3/register -I/home/tikhon/Документы/magnolia/esp-idf/components/hal/platform_port/include -I/home/tikhon/Документы/magnolia/esp-idf/components/hal/esp32s3/include -I/home/tikhon/Документы/magnolia/esp-idf/components/hal/include -I/home/tikhon/Документы/magnolia/esp-idf/components/esp_rom/include -I/home/tikhon/Документы/magnolia/esp-idf/components/esp_rom/esp32s3/include -I/home/tikhon/Документы/magnolia/esp-idf/components/esp_rom/esp32s3/include/esp32s3 -I/home/tikhon/Документы/magnolia/esp-idf/components/esp_rom/esp32s3 -I/home/tikhon/Документы/magnolia/esp-idf/components/esp_common/include -I/home/tikhon/Документы/magnolia/esp-idf/components/esp_system/include -I/home/tikhon/Документы/magnolia/esp-idf/components/esp_system/port/soc -I/home/tikhon/Документы/magnolia/esp-idf/components/esp_system/port/include/private -I/home/tikhon/Документы/magnolia/esp-idf/components/xtensa/esp32s3/include -I/home/tikhon/Документы/magnolia/esp-idf/components/xtensa/include -I/home/tikhon/Документы/magnolia/esp-idf/components/xtensa/deprecated_include -I/home/tikhon/Документы/magnolia/esp-idf/components/lwip/include -I/home/tikhon/Документы/magnolia/esp-idf/components/lwip/include/apps -I/home/tikhon/Документы/magnolia/esp-idf/components/lwip/include/apps/sntp -I/home/tikhon/Документы/magnolia/esp-idf/components/lwip/lwip/src/include -I/home/tikhon/Документы/magnolia/esp-idf/components/lwip/port/include -I/home/tikhon/Документы/magnolia/esp-idf/components/lwip/port/freertos/include -I/home/tikhon/Документы/magnolia/esp-idf/components/lwip/port/esp32xx/include -I/home/tikhon/Документы/magnolia/esp-idf/components/lwip/port/esp32xx/include/arch -I/home/tikhon/Документы/magnolia/esp-idf/components/lwip/port/esp32xx/include/sys -I/home/tikhon/Документы/magnolia/esp-idf/components/esp_app_format/include -I/home/tikhon/Документы/magnolia/esp-idf/components/esp_bootloader_format/include -I/home/tikhon/Документы/magnolia/esp-idf/components/app_update/include -I/home/tikhon/Документы/magnolia/esp-idf/components/bootloader_support/include -I/home/tikhon/Документы/magnolia/esp-idf/components/bootloader_support/bootloader_flash/include -I/home/tikhon/Документы/magnolia/esp-idf/components/esp_partition/include -I/home/tikhon/Документы/magnolia/esp-idf/components/efuse/include -I/home/tikhon/Документы/magnolia/esp-idf/components/efuse/esp32s3/include -I/home/tikhon/Документы/magnolia/esp-idf/components/esp_security/include -I/home/tikhon/Документы/magnolia/esp-idf/components/esp_driver_gpio/include -I/home/tikhon/Документы/magnolia/esp-idf/components/esp_pm/include -I/home/tikhon/Документы/magnolia/esp-idf/components/mbedtls/port/include -I/home/tikhon/Документы/magnolia/esp-idf/components/mbedtls/mbedtls/include -I/home/tikhon/Документы/magnolia/esp-idf/components/mbedtls/mbedtls/library -I/home/tikhon/Документы/magnolia/esp-idf/components/mbedtls/esp_crt_bundle/include -I/home/tikhon/Документы/magnolia/esp-idf/components/mbedtls/mbedtls/3rdparty/everest/include -I/home/tikhon/Документы/magnolia/esp-idf/components/mbedtls/mbedtls/3rdparty/p256-m -I/home/tikhon/Документы/magnolia/esp-idf/components/mbedtls/mbedtls/3rdparty/p256-m/p256-m -I/home/tikhon/Документы/magnolia/esp-idf/components/esp_mm/include -I/home/tikhon/Документы/magnolia/esp-idf/components/spi_flash/include -I/home/tikhon/Документы/magnolia/esp-idf/components/pthread/include -I/home/tikhon/Документы/magnolia/esp-idf/components/esp_timer/include -I/home/tikhon/Документы/magnolia/esp-idf/components/esp_driver_gptimer/include -I/home/tikhon/Документы/magnolia/esp-idf/components/esp_ringbuf/include -I/home/tikhon/Документы/magnolia/esp-idf/components/esp_driver_uart/include -I/home/tikhon/Документы/magnolia/esp-idf/components/vfs/include -I/home/tikhon/Документы/magnolia/esp-idf/components/app_trace/include -I/home/tikhon/Документы/magnolia/esp-idf/components/esp_event/include -I/home/tikhon/Документы/magnolia/esp-idf/components/nvs_flash/include -I/home/tikhon/Документы/magnolia/esp-idf/components/esp_phy/include -I/home/tikhon/Документы/magnolia/esp-idf/components/esp_phy/esp32s3/include -I/home/tikhon/Документы/magnolia/esp-idf/components/esp_driver_usb_serial_jtag/include -I/home/tikhon/Документы/magnolia/esp-idf/components/esp_vfs_console/include -I/home/tikhon/Документы/magnolia/esp-idf/components/esp_netif/include -I/home/tikhon/Документы/magnolia/esp-idf/components/wpa_supplicant/include -I/home/tikhon/Документы/magnolia/esp-idf/components/wpa_supplicant/port/include -I/home/tikhon/Документы/magnolia/esp-idf/components/wpa_supplicant/esp_supplicant/include -I/home/tikhon/Документы/magnolia/esp-idf/components/esp_coex/include -I/home/tikhon/Документы/magnolia/esp-idf/components/esp_wifi/include -I/home/tikhon/Документы/magnolia/esp-idf/components/esp_wifi/include/local -I/home/tikhon/Документы/magnolia/esp-idf/components/esp_wifi/wifi_apps/include -I/home/tikhon/Документы/magnolia/esp-idf/components/esp_wifi/wifi_apps/nan_app/include -I/home/tikhon/Документы/magnolia/esp-idf/components/esp_driver_spi/include -I/home/tikhon/Документы/magnolia/esp-idf/components/esp_gdbstub/include -I/home/tikhon/Документы/magnolia/esp-idf/components/unity/include -I/home/tikhon/Документы/magnolia/esp-idf/components/unity/unity/src -I/home/tikhon/Документы/magnolia/esp-idf/components/cmock/CMock/src -I/home/tikhon/Документы/magnolia/esp-idf/components/console -I/home/tikhon/Документы/magnolia/esp-idf/components/esp_driver_pcnt/include -I/home/tikhon/Документы/magnolia/esp-idf/components/esp_driver_mcpwm/include -I/home/tikhon/Документы/magnolia/esp-idf/components/esp_driver_ana_cmpr/include -I/home/tikhon/Документы/magnolia/esp-idf/components/esp_driver_i2s/include -I/home/tikhon/Документы/magnolia/esp-idf/components/sdmmc/include -I/home/tikhon/Документы/magnolia/esp-idf/components/esp_driver_sd_intf/include -I/home/tikhon/Документы/magnolia/esp-idf/components/esp_driver_sdmmc/include -I/home/tikhon/Документы/magnolia/esp-idf/components/esp_driver_sdmmc/legacy/include -I/home/tikhon/Документы/magnolia/esp-idf/components/esp_driver_sdspi/include -I/home/tikhon/Документы/magnolia/esp-idf/components/esp_driver_sdio/include -I/home/tikhon/Документы/magnolia/esp-idf/components/esp_driver_dac/include -I/home/tikhon/Документы/magnolia/esp-idf/components/esp_driver_bitscrambler/include -I/home/tikhon/Документы/magnolia/esp-idf/components/esp_driver_rmt/include -I/home/tikhon/Документы/magnolia/esp-idf/components/esp_driver_tsens/include -I/home/tikhon/Документы/magnolia/esp-idf/components/esp_driver_sdm/include -I/home/tikhon/Документы/magnolia/esp-idf/components/esp_driver_i2c/include -I/home/tikhon/Документы/magnolia/esp-idf/components/esp_driver_ledc/include -I/home/tikhon/Документы/magnolia/esp-idf/components/esp_driver_parlio/include -I/home/tikhon/Документы/magnolia/esp-idf/components/esp_driver_twai/include -I/home/tikhon/Документы/magnolia/esp-idf/components/driver/deprecated -I/home/tikhon/Документы/magnolia/esp-idf/components/driver/i2c/include -I/home/tikhon/Документы/magnolia/esp-idf/components/driver/touch_sensor/include -I/home/tikhon/Документы/magnolia/esp-idf/components/driver/twai/include -I/home/tikhon/Документы/magnolia/esp-idf/components/driver/touch_sensor/esp32s3/include -I/home/tikhon/Документы/magnolia/esp-idf/components/http_parser -I/home/tikhon/Документы/magnolia/esp-idf/components/esp-tls -I/home/tikhon/Документы/magnolia/esp-idf/components/esp-tls/esp-tls-crypto -I/home/tikhon/Документы/magnolia/esp-idf/components/esp_adc/include -I/home/tikhon/Документы/magnolia/esp-idf/components/esp_adc/interface -I/home/tikhon/Документы/magnolia/esp-idf/components/esp_adc/esp32s3/include -I/home/tikhon/Документы/magnolia/esp-idf/components/esp_driver_isp/include -I/home/tikhon/Документы/magnolia/esp-idf/components/esp_driver_cam/include -I/home/tikhon/Документы/magnolia/esp-idf/components/esp_driver_cam/interface -I/home/tikhon/Документы/magnolia/esp-idf/components/esp_driver_cam/dvp/include -I/home/tikhon/Документы/magnolia/esp-idf/components/esp_driver_i3c/include -I/home/tikhon/Документы/magnolia/esp-idf/components/esp_psram/include -I/home/tikhon/Документы/magnolia/esp-idf/components/esp_psram/xip_impl/include -I/home/tikhon/Документы/magnolia/esp-idf/components/esp_driver_jpeg/include -I/home/tikhon/Документы/magnolia/esp-idf/components/esp_driver_ppa/include -I/home/tikhon/Документы/magnolia/esp-idf/components/esp_driver_touch_sens/include -I/home/tikhon/Документы/magnolia/esp-idf/components/esp_driver_touch_sens/hw_ver2/include -I/home/tikhon/Документы/magnolia/esp-idf/components/esp_eth/include -I/home/tikhon/Документы/magnolia/esp-idf/components/esp_hid/include -I/home/tikhon/Документы/magnolia/esp-idf/components/tcp_transport/include -I/home/tikhon/Документы/magnolia/esp-idf/components/esp_http_client/include -I/home/tikhon/Документы/magnolia/esp-idf/components/esp_http_server/include -I/home/tikhon/Документы/magnolia/esp-idf/components/esp_https_ota/include -I/home/tikhon/Документы/magnolia/esp-idf/components/esp_https_server/include -I/home/tikhon/Документы/magnolia/esp-idf/components/esp_lcd/include -I/home/tikhon/Документы/magnolia/esp-idf/components/esp_lcd/interface -I/home/tikhon/Документы/magnolia/esp-idf/components/esp_lcd/rgb/include -I/home/tikhon/Документы/magnolia/esp-idf/components/protobuf-c/protobuf-c -I/home/tikhon/Документы/magnolia/esp-idf/components/protocomm/include/common -I/home/tikhon/Документы/magnolia/esp-idf/components/protocomm/include/security -I/home/tikhon/Документы/magnolia/esp-idf/components/protocomm/include/transports -I/home/tikhon/Документы/magnolia/esp-idf/components/protocomm/include/crypto/srp6a -I/home/tikhon/Документы/magnolia/esp-idf/components/protocomm/proto-c -I/home/tikhon/Документы/magnolia/esp-idf/components/esp_local_ctrl/include -I/home/tikhon/Документы/magnolia/esp-idf/components/espcoredump/include -I/home/tikhon/Документы/magnolia/esp-idf/components/espcoredump/include/port/xtensa -I/home/tikhon/Документы/magnolia/esp-idf/components/wear_levelling/include -I/home/tikhon/Документы/magnolia/esp-idf/components/fatfs/diskio -I/home/tikhon/Документы/magnolia/esp-idf/components/fatfs/src -I/home/tikhon/Документы/magnolia/esp-idf/components/fatfs/vfs -I/home/tikhon/Документы/magnolia/esp-idf/components/idf_test/include -I/home/tikhon/Документы/magnolia/esp-idf/components/idf_test/include/esp32s3 -I/home/tikhon/Документы/magnolia/esp-idf/components/ieee802154/include -I/home/tikhon/Документы/magnolia/esp-idf/components/json/cJSON -I/home/tikhon/Документы/magnolia/esp-idf/components/mqtt/esp-mqtt/include -I/home/tikhon/Документы/magnolia/esp-idf/components/nvs_sec_provider/include -I/home/tikhon/Документы/magnolia/esp-idf/components/perfmon/include -I/home/tikhon/Документы/magnolia/esp-idf/components/rt/include -I/home/tikhon/Документы/magnolia/esp-idf/components/spiffs/include -I/home/tikhon/Документы/magnolia/esp-idf/components/touch_element/include -I/home/tikhon/Документы/magnolia/esp-idf/components/usb/include -I/home/tikhon/Документы/magnolia/esp-idf/components/wifi_provisioning/include -mlongcalls -fno-builtin-memcpy -fno-builtin-memset -fno-builtin-bzero  -fdiagnostics-color=always -ffunction-sections -fdata-sections -Wall -Werror=all -Wno-error=unused-function -Wno-error=unused-variable -Wno-error=unused-but-set-variable -Wno-error=deprecated-declarations -Wextra -Wno-error=extra -Wno-unused-parameter -Wno-sign-compare -Wno-enum-conversion -gdwarf-4 -ggdb -Og -fno-shrink-wrap -fmacro-prefix-map=/home/tikhon/Документы/magnolia/applets/mainline/ln=. -fmacro-prefix-map=/home/tikhon/Документы/magnolia/esp-idf=/IDF -fstrict-volatile-bitfields -fno-jump-tables -fno-tree-switch-conversion -nostartfiles -nostdlib -fPIC -shared -e app_main -Wl,--gc-sections -fvisibility=hidden -Wl,--strip-all -Wl,--strip-debug -Wl,--strip-discarded -Dmain=app_main -std=gnu17 -Wno-old-style-declaration -fzero-init-padding-bits=all -fno-malloc-dce -MD -MT esp-idf/main/CMakeFiles/__idf_main.dir/main.c.obj -MF esp-idf/main/CMakeFiles/__idf_main.dir/main.c.obj.d -o esp-idf/main/CMakeFiles/__idf_main.dir/main.c.obj -c '/home/tikhon/Документы/magnolia/applets/mainline/ln/main/main.c'
/home/tikhon/Документы/magnolia/applets/mainline/ln/main/main.c: In function 'stat_path':
/home/tikhon/Документы/magnolia/applets/mainline/ln/main/main.c:150:9: error: implicit declaration of function 'lstat'; did you mean 'stat'? [-Wimplicit-function-declaration]
  150 |     if (lstat(path, &st) != 0) {
      |         ^~~~~
      |         stat
ninja: build stopped: subcommand failed.
Executing action: elf
Running ninja in directory /home/tikhon/Документы/magnolia/applets/mainline/false/build
Executing "ninja elf"...
[1/1] Build ELF: false.app.elf
Executing action: elf
Running ninja in directory /home/tikhon/Документы/magnolia/applets/mainline/medit/build
Executing "ninja elf"...
[1/1] Build ELF: medit.app.elf
Executing action: elf
Running ninja in directory /home/tikhon/Документы/magnolia/applets/mainline/login/build
Executing "ninja elf"...
[1/1] Build ELF: login.app.elf
Executing action: elf
Running ninja in directory /home/tikhon/Документы/magnolia/applets/mainline/mv/build
Executing "ninja elf"...
[1/1] Build ELF: mv.app.elf
Executing action: elf
Running ninja in directory /home/tikhon/Документы/magnolia/applets/mainline/hexdump/build
Executing "ninja elf"...
[1/1] Build ELF: hexdump.app.elf
Executing action: elf
Running ninja in directory /home/tikhon/Документы/magnolia/applets/mainline/ls/build
Executing "ninja elf"...
[1/1] Build ELF: ls.app.elf
Executing action: elf
Running ninja in directory /home/tikhon/Документы/magnolia/applets/mainline/head/build
Executing "ninja elf"...
[1/1] Build ELF: head.app.elf
Applet elftest OK -> /home/tikhon/Документы/magnolia/rootfs/bin/elftest
Applet env OK -> /home/tikhon/Документы/magnolia/rootfs/bin/env
Building applet printf -> printf ...
Building applet printenv -> printenv ...
+ idf.py elf
Executing action: elf
Running ninja in directory /home/tikhon/Документы/magnolia/applets/mainline/mkdir/build
Executing "ninja elf"...
[1/1] Build ELF: mkdir.app.elf
Cleaning stale build dir for printenv (configured for /home/tikhon/Документы/magnolia/applets/mainline/true)
Executing action: elf
Running ninja in directory /home/tikhon/Документы/magnolia/applets/mainline/init/build
Executing "ninja elf"...
[1/1] Build ELF: init.app.elf
Executing action: elf
Running ninja in directory /home/tikhon/Документы/magnolia/applets/mainline/ps/build
Executing "ninja elf"...
[1/1] Build ELF: ps.app.elf
-- ESP-TEE is currently supported only on the esp32c6;esp32h2;esp32c5 SoCs
Reconfiguring applet printenv (cmake inputs changed)
+ idf.py reconfigure
Applet kill OK -> /home/tikhon/Документы/magnolia/rootfs/bin/kill
Building applet paste -> paste ...
+ idf.py elf
Applet false OK -> /home/tikhon/Документы/magnolia/rootfs/bin/false
Building applet pwd -> pwd ...
+ idf.py elf
Applet mv OK -> /home/tikhon/Документы/magnolia/rootfs/bin/mv
Building applet rm -> rm ...
+ idf.py elf
Applet free OK -> /home/tikhon/Документы/magnolia/rootfs/bin/free
Building applet rmdir -> rmdir ...
+ idf.py elf
Applet hexdump OK -> /home/tikhon/Документы/magnolia/rootfs/bin/hexdump
Building applet rev -> rev ...
Applet head OK -> /home/tikhon/Документы/magnolia/rootfs/bin/head
Building applet sh -> sh ...
Cleaning stale build dir for rev (configured for /home/tikhon/Документы/magnolia/applets/mainline/true)
+ idf.py elf
Applet login OK -> /home/tikhon/Документы/magnolia/rootfs/bin/login
Building applet shell -> shell ...
+ idf.py elf
Applet ls OK -> /home/tikhon/Документы/magnolia/rootfs/bin/ls
Building applet sleep -> sleep ...
+ idf.py elf
Command failed (2): idf.py elf
Elf target failed for ln; running `idf.py build` instead.
+ idf.py build
Applet medit OK -> /home/tikhon/Документы/magnolia/rootfs/bin/medit
Building applet sort -> sort ...
+ idf.py elf
Applet mkdir OK -> /home/tikhon/Документы/magnolia/rootfs/bin/mkdir
Building applet tail -> tail ...
+ idf.py elf
Applet init OK -> /home/tikhon/Документы/magnolia/rootfs/bin/init
Building applet tee -> tee ...
+ idf.py elf
Applet ps OK -> /home/tikhon/Документы/magnolia/rootfs/bin/ps
Building applet test -> test ...
+ idf.py elf
Reconfiguring applet rev (cmake inputs changed)
+ idf.py reconfigure
Executing action: elf
Running ninja in directory /home/tikhon/Документы/magnolia/applets/mainline/printf/build
Executing "ninja elf"...
[1/1] Build ELF: printf.app.elf
-- Project sdkconfig file /home/tikhon/Документы/magnolia/applets/mainline/cksum/sdkconfig
Executing action: reconfigure
Running cmake in directory /home/tikhon/Документы/magnolia/applets/mainline/printenv/build
Executing "cmake -G Ninja -DPYTHON_DEPS_CHECKED=1 -DPYTHON=/home/tikhon/.espressif/python_env/idf6.0_py3.12_env/bin/python -DESP_PLATFORM=1 -DCCACHE_ENABLE=0 /home/tikhon/Документы/magnolia/applets/mainline/printenv"...
-- Found Git: /usr/bin/git (found version "2.43.0") 
Executing action: elf
Running ninja in directory /home/tikhon/Документы/magnolia/applets/mainline/pwd/build
Executing "ninja elf"...
[1/1] Build ELF: pwd.app.elf
Executing action: elf
Running ninja in directory /home/tikhon/Документы/magnolia/applets/mainline/paste/build
Executing "ninja elf"...
[1/1] Build ELF: paste.app.elf
Executing action: elf
Running ninja in directory /home/tikhon/Документы/magnolia/applets/mainline/tee/build
Executing "ninja elf"...
[1/1] Build ELF: tee.app.elf
Executing action: elf
Running ninja in directory /home/tikhon/Документы/magnolia/applets/mainline/sh/build
Executing "ninja elf"...
[1/1] Build ELF: sh.app.elf
Executing action: elf
Running ninja in directory /home/tikhon/Документы/magnolia/applets/mainline/shell/build
Executing "ninja elf"...
[1/1] Build ELF: shell.app.elf
Executing action: elf
Running ninja in directory /home/tikhon/Документы/magnolia/applets/mainline/sort/build
Executing "ninja elf"...
[1/1] Build ELF: sort.app.elf
Applet printf OK -> /home/tikhon/Документы/magnolia/rootfs/bin/printf
Building applet touch -> touch ...
+ idf.py elf
Executing action: elf
Running ninja in directory /home/tikhon/Документы/magnolia/applets/mainline/rm/build
Executing "ninja elf"...
[1/3] Building C object esp-idf/main/CMakeFiles/__idf_main.dir/main.c.obj
FAILED: esp-idf/main/CMakeFiles/__idf_main.dir/main.c.obj 
/home/tikhon/.espressif/tools/xtensa-esp-elf/esp-15.1.0_20250607/xtensa-esp-elf/bin/xtensa-esp32s3-elf-gcc -DESP_PLATFORM -DIDF_VER=\"v6.0-dev-1833-g758939caec-dirty\" -DMBEDTLS_CONFIG_FILE=\"mbedtls/esp_config.h\" -DSOC_MMU_PAGE_SIZE=CONFIG_MMU_PAGE_SIZE -DSOC_XTAL_FREQ_MHZ=CONFIG_XTAL_FREQ -DUNITY_INCLUDE_CONFIG_H -D_GLIBCXX_HAVE_POSIX_SEMAPHORE -D_GLIBCXX_USE_POSIX_SEMAPHORE -D_GNU_SOURCE -D_POSIX_READER_WRITER_LOCKS -I/home/tikhon/Документы/magnolia/applets/mainline/rm/build/config -I/home/tikhon/Документы/magnolia/esp-idf/components/newlib/platform_include -I/home/tikhon/Документы/magnolia/esp-idf/components/freertos/config/include -I/home/tikhon/Документы/magnolia/esp-idf/components/freertos/config/include/freertos -I/home/tikhon/Документы/magnolia/esp-idf/components/freertos/config/xtensa/include -I/home/tikhon/Документы/magnolia/esp-idf/components/freertos/FreeRTOS-Kernel/include -I/home/tikhon/Документы/magnolia/esp-idf/components/freertos/FreeRTOS-Kernel/portable/xtensa/include -I/home/tikhon/Документы/magnolia/esp-idf/components/freertos/FreeRTOS-Kernel/portable/xtensa/include/freertos -I/home/tikhon/Документы/magnolia/esp-idf/components/freertos/esp_additions/include -I/home/tikhon/Документы/magnolia/esp-idf/components/esp_hw_support/include -I/home/tikhon/Документы/magnolia/esp-idf/components/esp_hw_support/include/soc -I/home/tikhon/Документы/magnolia/esp-idf/components/esp_hw_support/dma/include -I/home/tikhon/Документы/magnolia/esp-idf/components/esp_hw_support/ldo/include -I/home/tikhon/Документы/magnolia/esp-idf/components/esp_hw_support/debug_probe/include -I/home/tikhon/Документы/magnolia/esp-idf/components/esp_hw_support/mspi_timing_tuning/include -I/home/tikhon/Документы/magnolia/esp-idf/components/esp_hw_support/mspi_timing_tuning/tuning_scheme_impl/include -I/home/tikhon/Документы/magnolia/esp-idf/components/esp_hw_support/power_supply/include -I/home/tikhon/Документы/magnolia/esp-idf/components/esp_hw_support/include/soc/esp32s3 -I/home/tikhon/Документы/magnolia/esp-idf/components/esp_hw_support/port/esp32s3/. -I/home/tikhon/Документы/magnolia/esp-idf/components/esp_hw_support/port/esp32s3/include -I/home/tikhon/Документы/magnolia/esp-idf/components/esp_hw_support/mspi_timing_tuning/port/esp32s3/. -I/home/tikhon/Документы/magnolia/esp-idf/components/esp_hw_support/mspi_timing_tuning/port/esp32s3/include -I/home/tikhon/Документы/magnolia/esp-idf/components/heap/include -I/home/tikhon/Документы/magnolia/esp-idf/components/heap/tlsf -I/home/tikhon/Документы/magnolia/esp-idf/components/log/include -I/home/tikhon/Документы/magnolia/esp-idf/components/soc/include -I/home/tikhon/Документы/magnolia/esp-idf/components/soc/esp32s3 -I/home/tikhon/Документы/magnolia/esp-idf/components/soc/esp32s3/include -I/home/tikhon/Документы/magnolia/esp-idf/components/soc/esp32s3/register -I/home/tikhon/Документы/magnolia/esp-idf/components/hal/platform_port/include -I/home/tikhon/Документы/magnolia/esp-idf/components/hal/esp32s3/include -I/home/tikhon/Документы/magnolia/esp-idf/components/hal/include -I/home/tikhon/Документы/magnolia/esp-idf/components/esp_rom/include -I/home/tikhon/Документы/magnolia/esp-idf/components/esp_rom/esp32s3/include -I/home/tikhon/Документы/magnolia/esp-idf/components/esp_rom/esp32s3/include/esp32s3 -I/home/tikhon/Документы/magnolia/esp-idf/components/esp_rom/esp32s3 -I/home/tikhon/Документы/magnolia/esp-idf/components/esp_common/include -I/home/tikhon/Документы/magnolia/esp-idf/components/esp_system/include -I/home/tikhon/Документы/magnolia/esp-idf/components/esp_system/port/soc -I/home/tikhon/Документы/magnolia/esp-idf/components/esp_system/port/include/private -I/home/tikhon/Документы/magnolia/esp-idf/components/xtensa/esp32s3/include -I/home/tikhon/Документы/magnolia/esp-idf/components/xtensa/include -I/home/tikhon/Документы/magnolia/esp-idf/components/xtensa/deprecated_include -I/home/tikhon/Документы/magnolia/esp-idf/components/lwip/include -I/home/tikhon/Документы/magnolia/esp-idf/components/lwip/include/apps -I/home/tikhon/Документы/magnolia/esp-idf/components/lwip/include/apps/sntp -I/home/tikhon/Документы/magnolia/esp-idf/components/lwip/lwip/src/include -I/home/tikhon/Документы/magnolia/esp-idf/components/lwip/port/include -I/home/tikhon/Документы/magnolia/esp-idf/components/lwip/port/freertos/include -I/home/tikhon/Документы/magnolia/esp-idf/components/lwip/port/esp32xx/include -I/home/tikhon/Документы/magnolia/esp-idf/components/lwip/port/esp32xx/include/arch -I/home/tikhon/Документы/magnolia/esp-idf/components/lwip/port/esp32xx/include/sys -I/home/tikhon/Документы/magnolia/esp-idf/components/esp_app_format/include -I/home/tikhon/Документы/magnolia/esp-idf/components/esp_bootloader_format/include -I/home/tikhon/Документы/magnolia/esp-idf/components/app_update/include -I/home/tikhon/Документы/magnolia/esp-idf/components/bootloader_support/include -I/home/tikhon/Документы/magnolia/esp-idf/components/bootloader_support/bootloader_flash/include -I/home/tikhon/Документы/magnolia/esp-idf/components/esp_partition/include -I/home/tikhon/Документы/magnolia/esp-idf/components/efuse/include -I/home/tikhon/Документы/magnolia/esp-idf/components/efuse/esp32s3/include -I/home/tikhon/Документы/magnolia/esp-idf/components/esp_security/include -I/home/tikhon/Документы/magnolia/esp-idf/components/esp_driver_gpio/include -I/home/tikhon/Документы/magnolia/esp-idf/components/esp_pm/include -I/home/tikhon/Документы/magnolia/esp-idf/components/mbedtls/port/include -I/home/tikhon/Документы/magnolia/esp-idf/components/mbedtls/mbedtls/include -I/home/tikhon/Документы/magnolia/esp-idf/components/mbedtls/mbedtls/library -I/home/tikhon/Документы/magnolia/esp-idf/components/mbedtls/esp_crt_bundle/include -I/home/tikhon/Документы/magnolia/esp-idf/components/mbedtls/mbedtls/3rdparty/everest/include -I/home/tikhon/Документы/magnolia/esp-idf/components/mbedtls/mbedtls/3rdparty/p256-m -I/home/tikhon/Документы/magnolia/esp-idf/components/mbedtls/mbedtls/3rdparty/p256-m/p256-m -I/home/tikhon/Документы/magnolia/esp-idf/components/esp_mm/include -I/home/tikhon/Документы/magnolia/esp-idf/components/spi_flash/include -I/home/tikhon/Документы/magnolia/esp-idf/components/pthread/include -I/home/tikhon/Документы/magnolia/esp-idf/components/esp_timer/include -I/home/tikhon/Документы/magnolia/esp-idf/components/esp_driver_gptimer/include -I/home/tikhon/Документы/magnolia/esp-idf/components/esp_ringbuf/include -I/home/tikhon/Документы/magnolia/esp-idf/components/esp_driver_uart/include -I/home/tikhon/Документы/magnolia/esp-idf/components/vfs/include -I/home/tikhon/Документы/magnolia/esp-idf/components/app_trace/include -I/home/tikhon/Документы/magnolia/esp-idf/components/esp_event/include -I/home/tikhon/Документы/magnolia/esp-idf/components/nvs_flash/include -I/home/tikhon/Документы/magnolia/esp-idf/components/esp_phy/include -I/home/tikhon/Документы/magnolia/esp-idf/components/esp_phy/esp32s3/include -I/home/tikhon/Документы/magnolia/esp-idf/components/esp_driver_usb_serial_jtag/include -I/home/tikhon/Документы/magnolia/esp-idf/components/esp_vfs_console/include -I/home/tikhon/Документы/magnolia/esp-idf/components/esp_netif/include -I/home/tikhon/Документы/magnolia/esp-idf/components/wpa_supplicant/include -I/home/tikhon/Документы/magnolia/esp-idf/components/wpa_supplicant/port/include -I/home/tikhon/Документы/magnolia/esp-idf/components/wpa_supplicant/esp_supplicant/include -I/home/tikhon/Документы/magnolia/esp-idf/components/esp_coex/include -I/home/tikhon/Документы/magnolia/esp-idf/components/esp_wifi/include -I/home/tikhon/Документы/magnolia/esp-idf/components/esp_wifi/include/local -I/home/tikhon/Документы/magnolia/esp-idf/components/esp_wifi/wifi_apps/include -I/home/tikhon/Документы/magnolia/esp-idf/components/esp_wifi/wifi_apps/nan_app/include -I/home/tikhon/Документы/magnolia/esp-idf/components/esp_driver_spi/include -I/home/tikhon/Документы/magnolia/esp-idf/components/esp_gdbstub/include -I/home/tikhon/Документы/magnolia/esp-idf/components/unity/include -I/home/tikhon/Документы/magnolia/esp-idf/components/unity/unity/src -I/home/tikhon/Документы/magnolia/esp-idf/components/cmock/CMock/src -I/home/tikhon/Документы/magnolia/esp-idf/components/console -I/home/tikhon/Документы/magnolia/esp-idf/components/esp_driver_pcnt/include -I/home/tikhon/Документы/magnolia/esp-idf/components/esp_driver_mcpwm/include -I/home/tikhon/Документы/magnolia/esp-idf/components/esp_driver_ana_cmpr/include -I/home/tikhon/Документы/magnolia/esp-idf/components/esp_driver_i2s/include -I/home/tikhon/Документы/magnolia/esp-idf/components/sdmmc/include -I/home/tikhon/Документы/magnolia/esp-idf/components/esp_driver_sd_intf/include -I/home/tikhon/Документы/magnolia/esp-idf/components/esp_driver_sdmmc/include -I/home/tikhon/Документы/magnolia/esp-idf/components/esp_driver_sdmmc/legacy/include -I/home/tikhon/Документы/magnolia/esp-idf/components/esp_driver_sdspi/include -I/home/tikhon/Документы/magnolia/esp-idf/components/esp_driver_sdio/include -I/home/tikhon/Документы/magnolia/esp-idf/components/esp_driver_dac/include -I/home/tikhon/Документы/magnolia/esp-idf/components/esp_driver_bitscrambler/include -I/home/tikhon/Документы/magnolia/esp-idf/components/esp_driver_rmt/include -I/home/tikhon/Документы/magnolia/esp-idf/components/esp_driver_tsens/include -I/home/tikhon/Документы/magnolia/esp-idf/components/esp_driver_sdm/include -I/home/tikhon/Документы/magnolia/esp-idf/components/esp_driver_i2c/include -I/home/tikhon/Документы/magnolia/esp-idf/components/esp_driver_ledc/include -I/home/tikhon/Документы/magnolia/esp-idf/components/esp_driver_parlio/include -I/home/tikhon/Документы/magnolia/esp-idf/components/esp_driver_twai/include -I/home/tikhon/Документы/magnolia/esp-idf/components/driver/deprecated -I/home/tikhon/Документы/magnolia/esp-idf/components/driver/i2c/include -I/home/tikhon/Документы/magnolia/esp-idf/components/driver/touch_sensor/include -I/home/tikhon/Документы/magnolia/esp-idf/components/driver/twai/include -I/home/tikhon/Документы/magnolia/esp-idf/components/driver/touch_sensor/esp32s3/include -I/home/tikhon/Документы/magnolia/esp-idf/components/http_parser -I/home/tikhon/Документы/magnolia/esp-idf/components/esp-tls -I/home/tikhon/Документы/magnolia/esp-idf/components/esp-tls/esp-tls-crypto -I/home/tikhon/Документы/magnolia/esp-idf/components/esp_adc/include -I/home/tikhon/Документы/magnolia/esp-idf/components/esp_adc/interface -I/home/tikhon/Документы/magnolia/esp-idf/components/esp_adc/esp32s3/include -I/home/tikhon/Документы/magnolia/esp-idf/components/esp_driver_isp/include -I/home/tikhon/Документы/magnolia/esp-idf/components/esp_driver_cam/include -I/home/tikhon/Документы/magnolia/esp-idf/components/esp_driver_cam/interface -I/home/tikhon/Документы/magnolia/esp-idf/components/esp_driver_cam/dvp/include -I/home/tikhon/Документы/magnolia/esp-idf/components/esp_driver_i3c/include -I/home/tikhon/Документы/magnolia/esp-idf/components/esp_psram/include -I/home/tikhon/Документы/magnolia/esp-idf/components/esp_psram/xip_impl/include -I/home/tikhon/Документы/magnolia/esp-idf/components/esp_driver_jpeg/include -I/home/tikhon/Документы/magnolia/esp-idf/components/esp_driver_ppa/include -I/home/tikhon/Документы/magnolia/esp-idf/components/esp_driver_touch_sens/include -I/home/tikhon/Документы/magnolia/esp-idf/components/esp_driver_touch_sens/hw_ver2/include -I/home/tikhon/Документы/magnolia/esp-idf/components/esp_eth/include -I/home/tikhon/Документы/magnolia/esp-idf/components/esp_hid/include -I/home/tikhon/Документы/magnolia/esp-idf/components/tcp_transport/include -I/home/tikhon/Документы/magnolia/esp-idf/components/esp_http_client/include -I/home/tikhon/Документы/magnolia/esp-idf/components/esp_http_server/include -I/home/tikhon/Документы/magnolia/esp-idf/components/esp_https_ota/include -I/home/tikhon/Документы/magnolia/esp-idf/components/esp_https_server/include -I/home/tikhon/Документы/magnolia/esp-idf/components/esp_lcd/include -I/home/tikhon/Документы/magnolia/esp-idf/components/esp_lcd/interface -I/home/tikhon/Документы/magnolia/esp-idf/components/esp_lcd/rgb/include -I/home/tikhon/Документы/magnolia/esp-idf/components/protobuf-c/protobuf-c -I/home/tikhon/Документы/magnolia/esp-idf/components/protocomm/include/common -I/home/tikhon/Документы/magnolia/esp-idf/components/protocomm/include/security -I/home/tikhon/Документы/magnolia/esp-idf/components/protocomm/include/transports -I/home/tikhon/Документы/magnolia/esp-idf/components/protocomm/include/crypto/srp6a -I/home/tikhon/Документы/magnolia/esp-idf/components/protocomm/proto-c -I/home/tikhon/Документы/magnolia/esp-idf/components/esp_local_ctrl/include -I/home/tikhon/Документы/magnolia/esp-idf/components/espcoredump/include -I/home/tikhon/Документы/magnolia/esp-idf/components/espcoredump/include/port/xtensa -I/home/tikhon/Документы/magnolia/esp-idf/components/wear_levelling/include -I/home/tikhon/Документы/magnolia/esp-idf/components/fatfs/diskio -I/home/tikhon/Документы/magnolia/esp-idf/components/fatfs/src -I/home/tikhon/Документы/magnolia/esp-idf/components/fatfs/vfs -I/home/tikhon/Документы/magnolia/esp-idf/components/idf_test/include -I/home/tikhon/Документы/magnolia/esp-idf/components/idf_test/include/esp32s3 -I/home/tikhon/Документы/magnolia/esp-idf/components/ieee802154/include -I/home/tikhon/Документы/magnolia/esp-idf/components/json/cJSON -I/home/tikhon/Документы/magnolia/esp-idf/components/mqtt/esp-mqtt/include -I/home/tikhon/Документы/magnolia/esp-idf/components/nvs_sec_provider/include -I/home/tikhon/Документы/magnolia/esp-idf/components/perfmon/include -I/home/tikhon/Документы/magnolia/esp-idf/components/rt/include -I/home/tikhon/Документы/magnolia/esp-idf/components/spiffs/include -I/home/tikhon/Документы/magnolia/esp-idf/components/touch_element/include -I/home/tikhon/Документы/magnolia/esp-idf/components/usb/include -I/home/tikhon/Документы/magnolia/esp-idf/components/wifi_provisioning/include -mlongcalls -fno-builtin-memcpy -fno-builtin-memset -fno-builtin-bzero  -fdiagnostics-color=always -ffunction-sections -fdata-sections -Wall -Werror=all -Wno-error=unused-function -Wno-error=unused-variable -Wno-error=unused-but-set-variable -Wno-error=deprecated-declarations -Wextra -Wno-error=extra -Wno-unused-parameter -Wno-sign-compare -Wno-enum-conversion -gdwarf-4 -ggdb -Og -fno-shrink-wrap -fmacro-prefix-map=/home/tikhon/Документы/magnolia/applets/mainline/rm=. -fmacro-prefix-map=/home/tikhon/Документы/magnolia/esp-idf=/IDF -fstrict-volatile-bitfields -fno-jump-tables -fno-tree-switch-conversion -nostartfiles -nostdlib -fPIC -shared -e app_main -Wl,--gc-sections -fvisibility=hidden -Wl,--strip-all -Wl,--strip-debug -Wl,--strip-discarded -Dmain=app_main -std=gnu17 -Wno-old-style-declaration -fzero-init-padding-bits=all -fno-malloc-dce -MD -MT esp-idf/main/CMakeFiles/__idf_main.dir/main.c.obj -MF esp-idf/main/CMakeFiles/__idf_main.dir/main.c.obj.d -o esp-idf/main/CMakeFiles/__idf_main.dir/main.c.obj -c '/home/tikhon/Документы/magnolia/applets/mainline/rm/main/main.c'
/home/tikhon/Документы/magnolia/applets/mainline/rm/main/main.c: In function 'rm_path':
/home/tikhon/Документы/magnolia/applets/mainline/rm/main/main.c:74:9: error: implicit declaration of function 'lstat'; did you mean 'stat'? [-Wimplicit-function-declaration]
   74 |     if (lstat(path, &st) != 0) {
      |         ^~~~~
      |         stat
ninja: build stopped: subcommand failed.
Applet paste OK -> /home/tikhon/Документы/magnolia/rootfs/bin/paste
Building applet tr -> tr ...
+ idf.py elf
Executing action: elf
Running ninja in directory /home/tikhon/Документы/magnolia/applets/mainline/rmdir/build
Executing "ninja elf"...
[1/1] Build ELF: rmdir.app.elf
Applet pwd OK -> /home/tikhon/Документы/magnolia/rootfs/bin/pwd
Building applet true -> true ...
Executing action: reconfigure
Running cmake in directory /home/tikhon/Документы/magnolia/applets/mainline/rev/build
Executing "cmake -G Ninja -DPYTHON_DEPS_CHECKED=1 -DPYTHON=/home/tikhon/.espressif/python_env/idf6.0_py3.12_env/bin/python -DESP_PLATFORM=1 -DCCACHE_ENABLE=0 /home/tikhon/Документы/magnolia/applets/mainline/rev"...
-- Found Git: /usr/bin/git (found version "2.43.0") 
+ idf.py elf
Executing action: elf
Running ninja in directory /home/tikhon/Документы/magnolia/applets/mainline/test/build
Executing "ninja elf"...
[1/1] Build ELF: test.app.elf
Applet sh OK -> /home/tikhon/Документы/magnolia/rootfs/bin/sh
Building applet uname -> uname ...
+ idf.py elf
Applet tee OK -> /home/tikhon/Документы/magnolia/rootfs/bin/tee
Building applet unlink -> unlink ...
+ idf.py elf
Executing action: all (aliases: build)
Running ninja in directory /home/tikhon/Документы/magnolia/applets/mainline/ln/build
Executing "ninja all"...
[1/16] Creating directories for 'bootloader'
Executing action: elf
Running ninja in directory /home/tikhon/Документы/magnolia/applets/mainline/sleep/build
Executing "ninja elf"...
[1/1] Build ELF: sleep.app.elf
Applet shell OK -> /home/tikhon/Документы/magnolia/rootfs/bin/shell
Building applet user -> user ...
[2/16] No download step for 'bootloader'
+ idf.py elf
Executing action: elf
Running ninja in directory /home/tikhon/Документы/magnolia/applets/mainline/tail/build
Executing "ninja elf"...
[1/1] Build ELF: tail.app.elf
[3/16] Building C object esp-idf/main/CMakeFiles/__idf_main.dir/main.c.obj
FAILED: esp-idf/main/CMakeFiles/__idf_main.dir/main.c.obj 
/home/tikhon/.espressif/tools/xtensa-esp-elf/esp-15.1.0_20250607/xtensa-esp-elf/bin/xtensa-esp32s3-elf-gcc -DESP_PLATFORM -DIDF_VER=\"v6.0-dev-1833-g758939caec-dirty\" -DMBEDTLS_CONFIG_FILE=\"mbedtls/esp_config.h\" -DSOC_MMU_PAGE_SIZE=CONFIG_MMU_PAGE_SIZE -DSOC_XTAL_FREQ_MHZ=CONFIG_XTAL_FREQ -DUNITY_INCLUDE_CONFIG_H -D_GLIBCXX_HAVE_POSIX_SEMAPHORE -D_GLIBCXX_USE_POSIX_SEMAPHORE -D_GNU_SOURCE -D_POSIX_READER_WRITER_LOCKS -I/home/tikhon/Документы/magnolia/applets/mainline/ln/build/config -I/home/tikhon/Документы/magnolia/esp-idf/components/newlib/platform_include -I/home/tikhon/Документы/magnolia/esp-idf/components/freertos/config/include -I/home/tikhon/Документы/magnolia/esp-idf/components/freertos/config/include/freertos -I/home/tikhon/Документы/magnolia/esp-idf/components/freertos/config/xtensa/include -I/home/tikhon/Документы/magnolia/esp-idf/components/freertos/FreeRTOS-Kernel/include -I/home/tikhon/Документы/magnolia/esp-idf/components/freertos/FreeRTOS-Kernel/portable/xtensa/include -I/home/tikhon/Документы/magnolia/esp-idf/components/freertos/FreeRTOS-Kernel/portable/xtensa/include/freertos -I/home/tikhon/Документы/magnolia/esp-idf/components/freertos/esp_additions/include -I/home/tikhon/Документы/magnolia/esp-idf/components/esp_hw_support/include -I/home/tikhon/Документы/magnolia/esp-idf/components/esp_hw_support/include/soc -I/home/tikhon/Документы/magnolia/esp-idf/components/esp_hw_support/dma/include -I/home/tikhon/Документы/magnolia/esp-idf/components/esp_hw_support/ldo/include -I/home/tikhon/Документы/magnolia/esp-idf/components/esp_hw_support/debug_probe/include -I/home/tikhon/Документы/magnolia/esp-idf/components/esp_hw_support/mspi_timing_tuning/include -I/home/tikhon/Документы/magnolia/esp-idf/components/esp_hw_support/mspi_timing_tuning/tuning_scheme_impl/include -I/home/tikhon/Документы/magnolia/esp-idf/components/esp_hw_support/power_supply/include -I/home/tikhon/Документы/magnolia/esp-idf/components/esp_hw_support/include/soc/esp32s3 -I/home/tikhon/Документы/magnolia/esp-idf/components/esp_hw_support/port/esp32s3/. -I/home/tikhon/Документы/magnolia/esp-idf/components/esp_hw_support/port/esp32s3/include -I/home/tikhon/Документы/magnolia/esp-idf/components/esp_hw_support/mspi_timing_tuning/port/esp32s3/. -I/home/tikhon/Документы/magnolia/esp-idf/components/esp_hw_support/mspi_timing_tuning/port/esp32s3/include -I/home/tikhon/Документы/magnolia/esp-idf/components/heap/include -I/home/tikhon/Документы/magnolia/esp-idf/components/heap/tlsf -I/home/tikhon/Документы/magnolia/esp-idf/components/log/include -I/home/tikhon/Документы/magnolia/esp-idf/components/soc/include -I/home/tikhon/Документы/magnolia/esp-idf/components/soc/esp32s3 -I/home/tikhon/Документы/magnolia/esp-idf/components/soc/esp32s3/include -I/home/tikhon/Документы/magnolia/esp-idf/components/soc/esp32s3/register -I/home/tikhon/Документы/magnolia/esp-idf/components/hal/platform_port/include -I/home/tikhon/Документы/magnolia/esp-idf/components/hal/esp32s3/include -I/home/tikhon/Документы/magnolia/esp-idf/components/hal/include -I/home/tikhon/Документы/magnolia/esp-idf/components/esp_rom/include -I/home/tikhon/Документы/magnolia/esp-idf/components/esp_rom/esp32s3/include -I/home/tikhon/Документы/magnolia/esp-idf/components/esp_rom/esp32s3/include/esp32s3 -I/home/tikhon/Документы/magnolia/esp-idf/components/esp_rom/esp32s3 -I/home/tikhon/Документы/magnolia/esp-idf/components/esp_common/include -I/home/tikhon/Документы/magnolia/esp-idf/components/esp_system/include -I/home/tikhon/Документы/magnolia/esp-idf/components/esp_system/port/soc -I/home/tikhon/Документы/magnolia/esp-idf/components/esp_system/port/include/private -I/home/tikhon/Документы/magnolia/esp-idf/components/xtensa/esp32s3/include -I/home/tikhon/Документы/magnolia/esp-idf/components/xtensa/include -I/home/tikhon/Документы/magnolia/esp-idf/components/xtensa/deprecated_include -I/home/tikhon/Документы/magnolia/esp-idf/components/lwip/include -I/home/tikhon/Документы/magnolia/esp-idf/components/lwip/include/apps -I/home/tikhon/Документы/magnolia/esp-idf/components/lwip/include/apps/sntp -I/home/tikhon/Документы/magnolia/esp-idf/components/lwip/lwip/src/include -I/home/tikhon/Документы/magnolia/esp-idf/components/lwip/port/include -I/home/tikhon/Документы/magnolia/esp-idf/components/lwip/port/freertos/include -I/home/tikhon/Документы/magnolia/esp-idf/components/lwip/port/esp32xx/include -I/home/tikhon/Документы/magnolia/esp-idf/components/lwip/port/esp32xx/include/arch -I/home/tikhon/Документы/magnolia/esp-idf/components/lwip/port/esp32xx/include/sys -I/home/tikhon/Документы/magnolia/esp-idf/components/esp_app_format/include -I/home/tikhon/Документы/magnolia/esp-idf/components/esp_bootloader_format/include -I/home/tikhon/Документы/magnolia/esp-idf/components/app_update/include -I/home/tikhon/Документы/magnolia/esp-idf/components/bootloader_support/include -I/home/tikhon/Документы/magnolia/esp-idf/components/bootloader_support/bootloader_flash/include -I/home/tikhon/Документы/magnolia/esp-idf/components/esp_partition/include -I/home/tikhon/Документы/magnolia/esp-idf/components/efuse/include -I/home/tikhon/Документы/magnolia/esp-idf/components/efuse/esp32s3/include -I/home/tikhon/Документы/magnolia/esp-idf/components/esp_security/include -I/home/tikhon/Документы/magnolia/esp-idf/components/esp_driver_gpio/include -I/home/tikhon/Документы/magnolia/esp-idf/components/esp_pm/include -I/home/tikhon/Документы/magnolia/esp-idf/components/mbedtls/port/include -I/home/tikhon/Документы/magnolia/esp-idf/components/mbedtls/mbedtls/include -I/home/tikhon/Документы/magnolia/esp-idf/components/mbedtls/mbedtls/library -I/home/tikhon/Документы/magnolia/esp-idf/components/mbedtls/esp_crt_bundle/include -I/home/tikhon/Документы/magnolia/esp-idf/components/mbedtls/mbedtls/3rdparty/everest/include -I/home/tikhon/Документы/magnolia/esp-idf/components/mbedtls/mbedtls/3rdparty/p256-m -I/home/tikhon/Документы/magnolia/esp-idf/components/mbedtls/mbedtls/3rdparty/p256-m/p256-m -I/home/tikhon/Документы/magnolia/esp-idf/components/esp_mm/include -I/home/tikhon/Документы/magnolia/esp-idf/components/spi_flash/include -I/home/tikhon/Документы/magnolia/esp-idf/components/pthread/include -I/home/tikhon/Документы/magnolia/esp-idf/components/esp_timer/include -I/home/tikhon/Документы/magnolia/esp-idf/components/esp_driver_gptimer/include -I/home/tikhon/Документы/magnolia/esp-idf/components/esp_ringbuf/include -I/home/tikhon/Документы/magnolia/esp-idf/components/esp_driver_uart/include -I/home/tikhon/Документы/magnolia/esp-idf/components/vfs/include -I/home/tikhon/Документы/magnolia/esp-idf/components/app_trace/include -I/home/tikhon/Документы/magnolia/esp-idf/components/esp_event/include -I/home/tikhon/Документы/magnolia/esp-idf/components/nvs_flash/include -I/home/tikhon/Документы/magnolia/esp-idf/components/esp_phy/include -I/home/tikhon/Документы/magnolia/esp-idf/components/esp_phy/esp32s3/include -I/home/tikhon/Документы/magnolia/esp-idf/components/esp_driver_usb_serial_jtag/include -I/home/tikhon/Документы/magnolia/esp-idf/components/esp_vfs_console/include -I/home/tikhon/Документы/magnolia/esp-idf/components/esp_netif/include -I/home/tikhon/Документы/magnolia/esp-idf/components/wpa_supplicant/include -I/home/tikhon/Документы/magnolia/esp-idf/components/wpa_supplicant/port/include -I/home/tikhon/Документы/magnolia/esp-idf/components/wpa_supplicant/esp_supplicant/include -I/home/tikhon/Документы/magnolia/esp-idf/components/esp_coex/include -I/home/tikhon/Документы/magnolia/esp-idf/components/esp_wifi/include -I/home/tikhon/Документы/magnolia/esp-idf/components/esp_wifi/include/local -I/home/tikhon/Документы/magnolia/esp-idf/components/esp_wifi/wifi_apps/include -I/home/tikhon/Документы/magnolia/esp-idf/components/esp_wifi/wifi_apps/nan_app/include -I/home/tikhon/Документы/magnolia/esp-idf/components/esp_driver_spi/include -I/home/tikhon/Документы/magnolia/esp-idf/components/esp_gdbstub/include -I/home/tikhon/Документы/magnolia/esp-idf/components/unity/include -I/home/tikhon/Документы/magnolia/esp-idf/components/unity/unity/src -I/home/tikhon/Документы/magnolia/esp-idf/components/cmock/CMock/src -I/home/tikhon/Документы/magnolia/esp-idf/components/console -I/home/tikhon/Документы/magnolia/esp-idf/components/esp_driver_pcnt/include -I/home/tikhon/Документы/magnolia/esp-idf/components/esp_driver_mcpwm/include -I/home/tikhon/Документы/magnolia/esp-idf/components/esp_driver_ana_cmpr/include -I/home/tikhon/Документы/magnolia/esp-idf/components/esp_driver_i2s/include -I/home/tikhon/Документы/magnolia/esp-idf/components/sdmmc/include -I/home/tikhon/Документы/magnolia/esp-idf/components/esp_driver_sd_intf/include -I/home/tikhon/Документы/magnolia/esp-idf/components/esp_driver_sdmmc/include -I/home/tikhon/Документы/magnolia/esp-idf/components/esp_driver_sdmmc/legacy/include -I/home/tikhon/Документы/magnolia/esp-idf/components/esp_driver_sdspi/include -I/home/tikhon/Документы/magnolia/esp-idf/components/esp_driver_sdio/include -I/home/tikhon/Документы/magnolia/esp-idf/components/esp_driver_dac/include -I/home/tikhon/Документы/magnolia/esp-idf/components/esp_driver_bitscrambler/include -I/home/tikhon/Документы/magnolia/esp-idf/components/esp_driver_rmt/include -I/home/tikhon/Документы/magnolia/esp-idf/components/esp_driver_tsens/include -I/home/tikhon/Документы/magnolia/esp-idf/components/esp_driver_sdm/include -I/home/tikhon/Документы/magnolia/esp-idf/components/esp_driver_i2c/include -I/home/tikhon/Документы/magnolia/esp-idf/components/esp_driver_ledc/include -I/home/tikhon/Документы/magnolia/esp-idf/components/esp_driver_parlio/include -I/home/tikhon/Документы/magnolia/esp-idf/components/esp_driver_twai/include -I/home/tikhon/Документы/magnolia/esp-idf/components/driver/deprecated -I/home/tikhon/Документы/magnolia/esp-idf/components/driver/i2c/include -I/home/tikhon/Документы/magnolia/esp-idf/components/driver/touch_sensor/include -I/home/tikhon/Документы/magnolia/esp-idf/components/driver/twai/include -I/home/tikhon/Документы/magnolia/esp-idf/components/driver/touch_sensor/esp32s3/include -I/home/tikhon/Документы/magnolia/esp-idf/components/http_parser -I/home/tikhon/Документы/magnolia/esp-idf/components/esp-tls -I/home/tikhon/Документы/magnolia/esp-idf/components/esp-tls/esp-tls-crypto -I/home/tikhon/Документы/magnolia/esp-idf/components/esp_adc/include -I/home/tikhon/Документы/magnolia/esp-idf/components/esp_adc/interface -I/home/tikhon/Документы/magnolia/esp-idf/components/esp_adc/esp32s3/include -I/home/tikhon/Документы/magnolia/esp-idf/components/esp_driver_isp/include -I/home/tikhon/Документы/magnolia/esp-idf/components/esp_driver_cam/include -I/home/tikhon/Документы/magnolia/esp-idf/components/esp_driver_cam/interface -I/home/tikhon/Документы/magnolia/esp-idf/components/esp_driver_cam/dvp/include -I/home/tikhon/Документы/magnolia/esp-idf/components/esp_driver_i3c/include -I/home/tikhon/Документы/magnolia/esp-idf/components/esp_psram/include -I/home/tikhon/Документы/magnolia/esp-idf/components/esp_psram/xip_impl/include -I/home/tikhon/Документы/magnolia/esp-idf/components/esp_driver_jpeg/include -I/home/tikhon/Документы/magnolia/esp-idf/components/esp_driver_ppa/include -I/home/tikhon/Документы/magnolia/esp-idf/components/esp_driver_touch_sens/include -I/home/tikhon/Документы/magnolia/esp-idf/components/esp_driver_touch_sens/hw_ver2/include -I/home/tikhon/Документы/magnolia/esp-idf/components/esp_eth/include -I/home/tikhon/Документы/magnolia/esp-idf/components/esp_hid/include -I/home/tikhon/Документы/magnolia/esp-idf/components/tcp_transport/include -I/home/tikhon/Документы/magnolia/esp-idf/components/esp_http_client/include -I/home/tikhon/Документы/magnolia/esp-idf/components/esp_http_server/include -I/home/tikhon/Документы/magnolia/esp-idf/components/esp_https_ota/include -I/home/tikhon/Документы/magnolia/esp-idf/components/esp_https_server/include -I/home/tikhon/Документы/magnolia/esp-idf/components/esp_lcd/include -I/home/tikhon/Документы/magnolia/esp-idf/components/esp_lcd/interface -I/home/tikhon/Документы/magnolia/esp-idf/components/esp_lcd/rgb/include -I/home/tikhon/Документы/magnolia/esp-idf/components/protobuf-c/protobuf-c -I/home/tikhon/Документы/magnolia/esp-idf/components/protocomm/include/common -I/home/tikhon/Документы/magnolia/esp-idf/components/protocomm/include/security -I/home/tikhon/Документы/magnolia/esp-idf/components/protocomm/include/transports -I/home/tikhon/Документы/magnolia/esp-idf/components/protocomm/include/crypto/srp6a -I/home/tikhon/Документы/magnolia/esp-idf/components/protocomm/proto-c -I/home/tikhon/Документы/magnolia/esp-idf/components/esp_local_ctrl/include -I/home/tikhon/Документы/magnolia/esp-idf/components/espcoredump/include -I/home/tikhon/Документы/magnolia/esp-idf/components/espcoredump/include/port/xtensa -I/home/tikhon/Документы/magnolia/esp-idf/components/wear_levelling/include -I/home/tikhon/Документы/magnolia/esp-idf/components/fatfs/diskio -I/home/tikhon/Документы/magnolia/esp-idf/components/fatfs/src -I/home/tikhon/Документы/magnolia/esp-idf/components/fatfs/vfs -I/home/tikhon/Документы/magnolia/esp-idf/components/idf_test/include -I/home/tikhon/Документы/magnolia/esp-idf/components/idf_test/include/esp32s3 -I/home/tikhon/Документы/magnolia/esp-idf/components/ieee802154/include -I/home/tikhon/Документы/magnolia/esp-idf/components/json/cJSON -I/home/tikhon/Документы/magnolia/esp-idf/components/mqtt/esp-mqtt/include -I/home/tikhon/Документы/magnolia/esp-idf/components/nvs_sec_provider/include -I/home/tikhon/Документы/magnolia/esp-idf/components/perfmon/include -I/home/tikhon/Документы/magnolia/esp-idf/components/rt/include -I/home/tikhon/Документы/magnolia/esp-idf/components/spiffs/include -I/home/tikhon/Документы/magnolia/esp-idf/components/touch_element/include -I/home/tikhon/Документы/magnolia/esp-idf/components/usb/include -I/home/tikhon/Документы/magnolia/esp-idf/components/wifi_provisioning/include -mlongcalls -fno-builtin-memcpy -fno-builtin-memset -fno-builtin-bzero  -fdiagnostics-color=always -ffunction-sections -fdata-sections -Wall -Werror=all -Wno-error=unused-function -Wno-error=unused-variable -Wno-error=unused-but-set-variable -Wno-error=deprecated-declarations -Wextra -Wno-error=extra -Wno-unused-parameter -Wno-sign-compare -Wno-enum-conversion -gdwarf-4 -ggdb -Og -fno-shrink-wrap -fmacro-prefix-map=/home/tikhon/Документы/magnolia/applets/mainline/ln=. -fmacro-prefix-map=/home/tikhon/Документы/magnolia/esp-idf=/IDF -fstrict-volatile-bitfields -fno-jump-tables -fno-tree-switch-conversion -nostartfiles -nostdlib -fPIC -shared -e app_main -Wl,--gc-sections -fvisibility=hidden -Wl,--strip-all -Wl,--strip-debug -Wl,--strip-discarded -Dmain=app_main -std=gnu17 -Wno-old-style-declaration -fzero-init-padding-bits=all -fno-malloc-dce -MD -MT esp-idf/main/CMakeFiles/__idf_main.dir/main.c.obj -MF esp-idf/main/CMakeFiles/__idf_main.dir/main.c.obj.d -o esp-idf/main/CMakeFiles/__idf_main.dir/main.c.obj -c '/home/tikhon/Документы/magnolia/applets/mainline/ln/main/main.c'
/home/tikhon/Документы/magnolia/applets/mainline/ln/main/main.c: In function 'stat_path':
/home/tikhon/Документы/magnolia/applets/mainline/ln/main/main.c:150:9: error: implicit declaration of function 'lstat'; did you mean 'stat'? [-Wimplicit-function-declaration]
  150 |     if (lstat(path, &st) != 0) {
      |         ^~~~~
      |         stat
[4/16] No update step for 'bootloader'
ninja: build stopped: subcommand failed.
Applet sort OK -> /home/tikhon/Документы/magnolia/rootfs/bin/sort
Building applet vi -> vi ...
+ idf.py elf
Applet rmdir OK -> /home/tikhon/Документы/magnolia/rootfs/bin/rmdir
Building applet wc -> wc ...
+ idf.py elf
Command failed (2): idf.py elf
Elf target failed for rm; running `idf.py build` instead.
+ idf.py build
Applet test OK -> /home/tikhon/Документы/magnolia/rootfs/bin/test
Building applet yes -> yes ...
+ idf.py elf
Applet sleep OK -> /home/tikhon/Документы/magnolia/rootfs/bin/sleep
Building applet xxd -> xxd ...
+ idf.py elf
Applet tail OK -> /home/tikhon/Документы/magnolia/rootfs/bin/tail
Building applet echo -> goecho ...
+ idf.py elf
Command failed (2): idf.py build
Skipping failed applet build: ln
Building applet false -> gofalse ...
+ idf.py elf
-- Compiler supported targets: xtensa-esp-elf
-- Minimal build - OFF
-- App "cksum" version: c092b7f-dirty
-- The C compiler identification is GNU 15.1.0
-- The CXX compiler identification is GNU 15.1.0
-- The ASM compiler identification is GNU
-- Found assembler: /home/tikhon/.espressif/tools/xtensa-esp-elf/esp-15.1.0_20250607/xtensa-esp-elf/bin/xtensa-esp32s3-elf-gcc
-- Detecting C compiler ABI info
-- Detecting C compiler ABI info - done
-- Check for working C compiler: /home/tikhon/.espressif/tools/xtensa-esp-elf/esp-15.1.0_20250607/xtensa-esp-elf/bin/xtensa-esp32s3-elf-gcc - skipped
-- Detecting C compile features
-- Detecting C compile features - done
-- Minimal build - OFF
-- Detecting CXX compiler ABI info
-- USING O3
-- The C compiler identification is GNU 15.1.0
-- Adding linker script /home/tikhon/Документы/magnolia/applets/mainline/cksum/build/esp-idf/esp_system/ld/memory.ld
-- Adding linker script /home/tikhon/Документы/magnolia/applets/mainline/cksum/build/esp-idf/esp_system/ld/sections.ld.in
-- Adding linker script /home/tikhon/Документы/magnolia/esp-idf/components/esp_rom/esp32s3/ld/esp32s3.rom.ld
-- Adding linker script /home/tikhon/Документы/magnolia/esp-idf/components/esp_rom/esp32s3/ld/esp32s3.rom.api.ld
-- Adding linker script /home/tikhon/Документы/magnolia/esp-idf/components/esp_rom/esp32s3/ld/esp32s3.rom.bt_funcs.ld
-- Adding linker script /home/tikhon/Документы/magnolia/esp-idf/components/esp_rom/esp32s3/ld/esp32s3.rom.libgcc.ld
-- Adding linker script /home/tikhon/Документы/magnolia/esp-idf/components/esp_rom/esp32s3/ld/esp32s3.rom.wdt.ld
-- Adding linker script /home/tikhon/Документы/magnolia/esp-idf/components/esp_rom/esp32s3/ld/esp32s3.rom.version.ld
-- Adding linker script /home/tikhon/Документы/magnolia/esp-idf/components/esp_rom/esp32s3/ld/esp32s3.rom.ble_master.ld
-- Adding linker script /home/tikhon/Документы/magnolia/esp-idf/components/esp_rom/esp32s3/ld/esp32s3.rom.ble_50.ld
-- Adding linker script /home/tikhon/Документы/magnolia/esp-idf/components/esp_rom/esp32s3/ld/esp32s3.rom.ble_smp.ld
-- Adding linker script /home/tikhon/Документы/magnolia/esp-idf/components/esp_rom/esp32s3/ld/esp32s3.rom.ble_dtm.ld
-- Adding linker script /home/tikhon/Документы/magnolia/esp-idf/components/esp_rom/esp32s3/ld/esp32s3.rom.ble_test.ld
-- Adding linker script /home/tikhon/Документы/magnolia/esp-idf/components/esp_rom/esp32s3/ld/esp32s3.rom.ble_scan.ld
-- Adding linker script /home/tikhon/Документы/magnolia/esp-idf/components/esp_rom/esp32s3/ld/esp32s3.rom.libc.ld
-- Adding linker script /home/tikhon/Документы/magnolia/esp-idf/components/esp_rom/esp32s3/ld/esp32s3.rom.newlib.ld
-- Detecting CXX compiler ABI info - done
-- Adding linker script /home/tikhon/Документы/magnolia/esp-idf/components/soc/esp32s3/ld/esp32s3.peripherals.ld
Executing action: elf
Running ninja in directory /home/tikhon/Документы/magnolia/applets/mainline/tr/build
Executing "ninja elf"...
[1/1] Build ELF: tr.app.elf
-- The CXX compiler identification is GNU 15.1.0
-- Check for working CXX compiler: /home/tikhon/.espressif/tools/xtensa-esp-elf/esp-15.1.0_20250607/xtensa-esp-elf/bin/xtensa-esp32s3-elf-g++ - skipped
-- Detecting CXX compile features
-- Detecting CXX compile features - done
-- The ASM compiler identification is GNU
-- Found assembler: /home/tikhon/.espressif/tools/xtensa-esp-elf/esp-15.1.0_20250607/xtensa-esp-elf/bin/xtensa-esp32s3-elf-gcc
-- Building ESP-IDF components for target esp32s3
Executing action: elf
Running ninja in directory /home/tikhon/Документы/magnolia/applets/mainline/uname/build
Executing "ninja elf"...
[1/1] Build ELF: uname.app.elf
-- Detecting C compiler ABI info
Executing action: elf
Running ninja in directory /home/tikhon/Документы/magnolia/applets/mainline/true/build
Executing "ninja elf"...
[1/1] Build ELF: true.app.elf
Executing action: elf
Running ninja in directory /home/tikhon/Документы/magnolia/applets/mainline/unlink/build
Executing "ninja elf"...
[1/1] Build ELF: unlink.app.elf
-- Detecting C compiler ABI info - done
Executing action: elf
Running ninja in directory /home/tikhon/Документы/magnolia/applets/mainline/user/build
Executing "ninja elf"...
[1/1] Build ELF: user.app.elf
Applet tr OK -> /home/tikhon/Документы/magnolia/rootfs/bin/tr
Building applet goargs -> goargs ...
+ idf.py elf
-- Check for working C compiler: /home/tikhon/.espressif/tools/xtensa-esp-elf/esp-15.1.0_20250607/xtensa-esp-elf/bin/xtensa-esp32s3-elf-gcc - skipped
-- Detecting C compile features
-- Detecting C compile features - done
Applet uname OK -> /home/tikhon/Документы/magnolia/rootfs/bin/uname
Building applet godd -> godd ...
+ idf.py elf
-- Detecting CXX compiler ABI info
Executing action: elf
Running ninja in directory /home/tikhon/Документы/magnolia/applets/mainline/wc/build
Executing "ninja elf"...
[1/1] Build ELF: wc.app.elf
Executing action: elf
Running ninja in directory /home/tikhon/Документы/magnolia/applets/mainline/touch/build
Executing "ninja elf"...
[1/3] Building C object esp-idf/main/CMakeFiles/__idf_main.dir/main.c.obj
FAILED: esp-idf/main/CMakeFiles/__idf_main.dir/main.c.obj 
/home/tikhon/.espressif/tools/xtensa-esp-elf/esp-15.1.0_20250607/xtensa-esp-elf/bin/xtensa-esp32s3-elf-gcc -DESP_PLATFORM -DIDF_VER=\"v6.0-dev-1833-g758939caec-dirty\" -DMBEDTLS_CONFIG_FILE=\"mbedtls/esp_config.h\" -DSOC_MMU_PAGE_SIZE=CONFIG_MMU_PAGE_SIZE -DSOC_XTAL_FREQ_MHZ=CONFIG_XTAL_FREQ -DUNITY_INCLUDE_CONFIG_H -D_GLIBCXX_HAVE_POSIX_SEMAPHORE -D_GLIBCXX_USE_POSIX_SEMAPHORE -D_GNU_SOURCE -D_POSIX_READER_WRITER_LOCKS -I/home/tikhon/Документы/magnolia/applets/mainline/touch/build/config -I/home/tikhon/Документы/magnolia/esp-idf/components/newlib/platform_include -I/home/tikhon/Документы/magnolia/esp-idf/components/freertos/config/include -I/home/tikhon/Документы/magnolia/esp-idf/components/freertos/config/include/freertos -I/home/tikhon/Документы/magnolia/esp-idf/components/freertos/config/xtensa/include -I/home/tikhon/Документы/magnolia/esp-idf/components/freertos/FreeRTOS-Kernel/include -I/home/tikhon/Документы/magnolia/esp-idf/components/freertos/FreeRTOS-Kernel/portable/xtensa/include -I/home/tikhon/Документы/magnolia/esp-idf/components/freertos/FreeRTOS-Kernel/portable/xtensa/include/freertos -I/home/tikhon/Документы/magnolia/esp-idf/components/freertos/esp_additions/include -I/home/tikhon/Документы/magnolia/esp-idf/components/esp_hw_support/include -I/home/tikhon/Документы/magnolia/esp-idf/components/esp_hw_support/include/soc -I/home/tikhon/Документы/magnolia/esp-idf/components/esp_hw_support/dma/include -I/home/tikhon/Документы/magnolia/esp-idf/components/esp_hw_support/ldo/include -I/home/tikhon/Документы/magnolia/esp-idf/components/esp_hw_support/debug_probe/include -I/home/tikhon/Документы/magnolia/esp-idf/components/esp_hw_support/mspi_timing_tuning/include -I/home/tikhon/Документы/magnolia/esp-idf/components/esp_hw_support/mspi_timing_tuning/tuning_scheme_impl/include -I/home/tikhon/Документы/magnolia/esp-idf/components/esp_hw_support/power_supply/include -I/home/tikhon/Документы/magnolia/esp-idf/components/esp_hw_support/include/soc/esp32s3 -I/home/tikhon/Документы/magnolia/esp-idf/components/esp_hw_support/port/esp32s3/. -I/home/tikhon/Документы/magnolia/esp-idf/components/esp_hw_support/port/esp32s3/include -I/home/tikhon/Документы/magnolia/esp-idf/components/esp_hw_support/mspi_timing_tuning/port/esp32s3/. -I/home/tikhon/Документы/magnolia/esp-idf/components/esp_hw_support/mspi_timing_tuning/port/esp32s3/include -I/home/tikhon/Документы/magnolia/esp-idf/components/heap/include -I/home/tikhon/Документы/magnolia/esp-idf/components/heap/tlsf -I/home/tikhon/Документы/magnolia/esp-idf/components/log/include -I/home/tikhon/Документы/magnolia/esp-idf/components/soc/include -I/home/tikhon/Документы/magnolia/esp-idf/components/soc/esp32s3 -I/home/tikhon/Документы/magnolia/esp-idf/components/soc/esp32s3/include -I/home/tikhon/Документы/magnolia/esp-idf/components/soc/esp32s3/register -I/home/tikhon/Документы/magnolia/esp-idf/components/hal/platform_port/include -I/home/tikhon/Документы/magnolia/esp-idf/components/hal/esp32s3/include -I/home/tikhon/Документы/magnolia/esp-idf/components/hal/include -I/home/tikhon/Документы/magnolia/esp-idf/components/esp_rom/include -I/home/tikhon/Документы/magnolia/esp-idf/components/esp_rom/esp32s3/include -I/home/tikhon/Документы/magnolia/esp-idf/components/esp_rom/esp32s3/include/esp32s3 -I/home/tikhon/Документы/magnolia/esp-idf/components/esp_rom/esp32s3 -I/home/tikhon/Документы/magnolia/esp-idf/components/esp_common/include -I/home/tikhon/Документы/magnolia/esp-idf/components/esp_system/include -I/home/tikhon/Документы/magnolia/esp-idf/components/esp_system/port/soc -I/home/tikhon/Документы/magnolia/esp-idf/components/esp_system/port/include/private -I/home/tikhon/Документы/magnolia/esp-idf/components/xtensa/esp32s3/include -I/home/tikhon/Документы/magnolia/esp-idf/components/xtensa/include -I/home/tikhon/Документы/magnolia/esp-idf/components/xtensa/deprecated_include -I/home/tikhon/Документы/magnolia/esp-idf/components/lwip/include -I/home/tikhon/Документы/magnolia/esp-idf/components/lwip/include/apps -I/home/tikhon/Документы/magnolia/esp-idf/components/lwip/include/apps/sntp -I/home/tikhon/Документы/magnolia/esp-idf/components/lwip/lwip/src/include -I/home/tikhon/Документы/magnolia/esp-idf/components/lwip/port/include -I/home/tikhon/Документы/magnolia/esp-idf/components/lwip/port/freertos/include -I/home/tikhon/Документы/magnolia/esp-idf/components/lwip/port/esp32xx/include -I/home/tikhon/Документы/magnolia/esp-idf/components/lwip/port/esp32xx/include/arch -I/home/tikhon/Документы/magnolia/esp-idf/components/lwip/port/esp32xx/include/sys -I/home/tikhon/Документы/magnolia/esp-idf/components/esp_app_format/include -I/home/tikhon/Документы/magnolia/esp-idf/components/esp_bootloader_format/include -I/home/tikhon/Документы/magnolia/esp-idf/components/app_update/include -I/home/tikhon/Документы/magnolia/esp-idf/components/bootloader_support/include -I/home/tikhon/Документы/magnolia/esp-idf/components/bootloader_support/bootloader_flash/include -I/home/tikhon/Документы/magnolia/esp-idf/components/esp_partition/include -I/home/tikhon/Документы/magnolia/esp-idf/components/efuse/include -I/home/tikhon/Документы/magnolia/esp-idf/components/efuse/esp32s3/include -I/home/tikhon/Документы/magnolia/esp-idf/components/esp_security/include -I/home/tikhon/Документы/magnolia/esp-idf/components/esp_driver_gpio/include -I/home/tikhon/Документы/magnolia/esp-idf/components/esp_pm/include -I/home/tikhon/Документы/magnolia/esp-idf/components/mbedtls/port/include -I/home/tikhon/Документы/magnolia/esp-idf/components/mbedtls/mbedtls/include -I/home/tikhon/Документы/magnolia/esp-idf/components/mbedtls/mbedtls/library -I/home/tikhon/Документы/magnolia/esp-idf/components/mbedtls/esp_crt_bundle/include -I/home/tikhon/Документы/magnolia/esp-idf/components/mbedtls/mbedtls/3rdparty/everest/include -I/home/tikhon/Документы/magnolia/esp-idf/components/mbedtls/mbedtls/3rdparty/p256-m -I/home/tikhon/Документы/magnolia/esp-idf/components/mbedtls/mbedtls/3rdparty/p256-m/p256-m -I/home/tikhon/Документы/magnolia/esp-idf/components/esp_mm/include -I/home/tikhon/Документы/magnolia/esp-idf/components/spi_flash/include -I/home/tikhon/Документы/magnolia/esp-idf/components/pthread/include -I/home/tikhon/Документы/magnolia/esp-idf/components/esp_timer/include -I/home/tikhon/Документы/magnolia/esp-idf/components/esp_driver_gptimer/include -I/home/tikhon/Документы/magnolia/esp-idf/components/esp_ringbuf/include -I/home/tikhon/Документы/magnolia/esp-idf/components/esp_driver_uart/include -I/home/tikhon/Документы/magnolia/esp-idf/components/vfs/include -I/home/tikhon/Документы/magnolia/esp-idf/components/app_trace/include -I/home/tikhon/Документы/magnolia/esp-idf/components/esp_event/include -I/home/tikhon/Документы/magnolia/esp-idf/components/nvs_flash/include -I/home/tikhon/Документы/magnolia/esp-idf/components/esp_phy/include -I/home/tikhon/Документы/magnolia/esp-idf/components/esp_phy/esp32s3/include -I/home/tikhon/Документы/magnolia/esp-idf/components/esp_driver_usb_serial_jtag/include -I/home/tikhon/Документы/magnolia/esp-idf/components/esp_vfs_console/include -I/home/tikhon/Документы/magnolia/esp-idf/components/esp_netif/include -I/home/tikhon/Документы/magnolia/esp-idf/components/wpa_supplicant/include -I/home/tikhon/Документы/magnolia/esp-idf/components/wpa_supplicant/port/include -I/home/tikhon/Документы/magnolia/esp-idf/components/wpa_supplicant/esp_supplicant/include -I/home/tikhon/Документы/magnolia/esp-idf/components/esp_coex/include -I/home/tikhon/Документы/magnolia/esp-idf/components/esp_wifi/include -I/home/tikhon/Документы/magnolia/esp-idf/components/esp_wifi/include/local -I/home/tikhon/Документы/magnolia/esp-idf/components/esp_wifi/wifi_apps/include -I/home/tikhon/Документы/magnolia/esp-idf/components/esp_wifi/wifi_apps/nan_app/include -I/home/tikhon/Документы/magnolia/esp-idf/components/esp_driver_spi/include -I/home/tikhon/Документы/magnolia/esp-idf/components/esp_gdbstub/include -I/home/tikhon/Документы/magnolia/esp-idf/components/unity/include -I/home/tikhon/Документы/magnolia/esp-idf/components/unity/unity/src -I/home/tikhon/Документы/magnolia/esp-idf/components/cmock/CMock/src -I/home/tikhon/Документы/magnolia/esp-idf/components/console -I/home/tikhon/Документы/magnolia/esp-idf/components/esp_driver_pcnt/include -I/home/tikhon/Документы/magnolia/esp-idf/components/esp_driver_mcpwm/include -I/home/tikhon/Документы/magnolia/esp-idf/components/esp_driver_ana_cmpr/include -I/home/tikhon/Документы/magnolia/esp-idf/components/esp_driver_i2s/include -I/home/tikhon/Документы/magnolia/esp-idf/components/sdmmc/include -I/home/tikhon/Документы/magnolia/esp-idf/components/esp_driver_sd_intf/include -I/home/tikhon/Документы/magnolia/esp-idf/components/esp_driver_sdmmc/include -I/home/tikhon/Документы/magnolia/esp-idf/components/esp_driver_sdmmc/legacy/include -I/home/tikhon/Документы/magnolia/esp-idf/components/esp_driver_sdspi/include -I/home/tikhon/Документы/magnolia/esp-idf/components/esp_driver_sdio/include -I/home/tikhon/Документы/magnolia/esp-idf/components/esp_driver_dac/include -I/home/tikhon/Документы/magnolia/esp-idf/components/esp_driver_bitscrambler/include -I/home/tikhon/Документы/magnolia/esp-idf/components/esp_driver_rmt/include -I/home/tikhon/Документы/magnolia/esp-idf/components/esp_driver_tsens/include -I/home/tikhon/Документы/magnolia/esp-idf/components/esp_driver_sdm/include -I/home/tikhon/Документы/magnolia/esp-idf/components/esp_driver_i2c/include -I/home/tikhon/Документы/magnolia/esp-idf/components/esp_driver_ledc/include -I/home/tikhon/Документы/magnolia/esp-idf/components/esp_driver_parlio/include -I/home/tikhon/Документы/magnolia/esp-idf/components/esp_driver_twai/include -I/home/tikhon/Документы/magnolia/esp-idf/components/driver/deprecated -I/home/tikhon/Документы/magnolia/esp-idf/components/driver/i2c/include -I/home/tikhon/Документы/magnolia/esp-idf/components/driver/touch_sensor/include -I/home/tikhon/Документы/magnolia/esp-idf/components/driver/twai/include -I/home/tikhon/Документы/magnolia/esp-idf/components/driver/touch_sensor/esp32s3/include -I/home/tikhon/Документы/magnolia/esp-idf/components/http_parser -I/home/tikhon/Документы/magnolia/esp-idf/components/esp-tls -I/home/tikhon/Документы/magnolia/esp-idf/components/esp-tls/esp-tls-crypto -I/home/tikhon/Документы/magnolia/esp-idf/components/esp_adc/include -I/home/tikhon/Документы/magnolia/esp-idf/components/esp_adc/interface -I/home/tikhon/Документы/magnolia/esp-idf/components/esp_adc/esp32s3/include -I/home/tikhon/Документы/magnolia/esp-idf/components/esp_driver_isp/include -I/home/tikhon/Документы/magnolia/esp-idf/components/esp_driver_cam/include -I/home/tikhon/Документы/magnolia/esp-idf/components/esp_driver_cam/interface -I/home/tikhon/Документы/magnolia/esp-idf/components/esp_driver_cam/dvp/include -I/home/tikhon/Документы/magnolia/esp-idf/components/esp_driver_i3c/include -I/home/tikhon/Документы/magnolia/esp-idf/components/esp_psram/include -I/home/tikhon/Документы/magnolia/esp-idf/components/esp_psram/xip_impl/include -I/home/tikhon/Документы/magnolia/esp-idf/components/esp_driver_jpeg/include -I/home/tikhon/Документы/magnolia/esp-idf/components/esp_driver_ppa/include -I/home/tikhon/Документы/magnolia/esp-idf/components/esp_driver_touch_sens/include -I/home/tikhon/Документы/magnolia/esp-idf/components/esp_driver_touch_sens/hw_ver2/include -I/home/tikhon/Документы/magnolia/esp-idf/components/esp_eth/include -I/home/tikhon/Документы/magnolia/esp-idf/components/esp_hid/include -I/home/tikhon/Документы/magnolia/esp-idf/components/tcp_transport/include -I/home/tikhon/Документы/magnolia/esp-idf/components/esp_http_client/include -I/home/tikhon/Документы/magnolia/esp-idf/components/esp_http_server/include -I/home/tikhon/Документы/magnolia/esp-idf/components/esp_https_ota/include -I/home/tikhon/Документы/magnolia/esp-idf/components/esp_https_server/include -I/home/tikhon/Документы/magnolia/esp-idf/components/esp_lcd/include -I/home/tikhon/Документы/magnolia/esp-idf/components/esp_lcd/interface -I/home/tikhon/Документы/magnolia/esp-idf/components/esp_lcd/rgb/include -I/home/tikhon/Документы/magnolia/esp-idf/components/protobuf-c/protobuf-c -I/home/tikhon/Документы/magnolia/esp-idf/components/protocomm/include/common -I/home/tikhon/Документы/magnolia/esp-idf/components/protocomm/include/security -I/home/tikhon/Документы/magnolia/esp-idf/components/protocomm/include/transports -I/home/tikhon/Документы/magnolia/esp-idf/components/protocomm/include/crypto/srp6a -I/home/tikhon/Документы/magnolia/esp-idf/components/protocomm/proto-c -I/home/tikhon/Документы/magnolia/esp-idf/components/esp_local_ctrl/include -I/home/tikhon/Документы/magnolia/esp-idf/components/espcoredump/include -I/home/tikhon/Документы/magnolia/esp-idf/components/espcoredump/include/port/xtensa -I/home/tikhon/Документы/magnolia/esp-idf/components/wear_levelling/include -I/home/tikhon/Документы/magnolia/esp-idf/components/fatfs/diskio -I/home/tikhon/Документы/magnolia/esp-idf/components/fatfs/src -I/home/tikhon/Документы/magnolia/esp-idf/components/fatfs/vfs -I/home/tikhon/Документы/magnolia/esp-idf/components/idf_test/include -I/home/tikhon/Документы/magnolia/esp-idf/components/idf_test/include/esp32s3 -I/home/tikhon/Документы/magnolia/esp-idf/components/ieee802154/include -I/home/tikhon/Документы/magnolia/esp-idf/components/json/cJSON -I/home/tikhon/Документы/magnolia/esp-idf/components/mqtt/esp-mqtt/include -I/home/tikhon/Документы/magnolia/esp-idf/components/nvs_sec_provider/include -I/home/tikhon/Документы/magnolia/esp-idf/components/perfmon/include -I/home/tikhon/Документы/magnolia/esp-idf/components/rt/include -I/home/tikhon/Документы/magnolia/esp-idf/components/spiffs/include -I/home/tikhon/Документы/magnolia/esp-idf/components/touch_element/include -I/home/tikhon/Документы/magnolia/esp-idf/components/usb/include -I/home/tikhon/Документы/magnolia/esp-idf/components/wifi_provisioning/include -mlongcalls -fno-builtin-memcpy -fno-builtin-memset -fno-builtin-bzero  -fdiagnostics-color=always -ffunction-sections -fdata-sections -Wall -Werror=all -Wno-error=unused-function -Wno-error=unused-variable -Wno-error=unused-but-set-variable -Wno-error=deprecated-declarations -Wextra -Wno-error=extra -Wno-unused-parameter -Wno-sign-compare -Wno-enum-conversion -gdwarf-4 -ggdb -Og -fno-shrink-wrap -fmacro-prefix-map=/home/tikhon/Документы/magnolia/applets/mainline/touch=. -fmacro-prefix-map=/home/tikhon/Документы/magnolia/esp-idf=/IDF -fstrict-volatile-bitfields -fno-jump-tables -fno-tree-switch-conversion -nostartfiles -nostdlib -fPIC -shared -e app_main -Wl,--gc-sections -fvisibility=hidden -Wl,--strip-all -Wl,--strip-debug -Wl,--strip-discarded -Dmain=app_main -std=gnu17 -Wno-old-style-declaration -fzero-init-padding-bits=all -fno-malloc-dce -MD -MT esp-idf/main/CMakeFiles/__idf_main.dir/main.c.obj -MF esp-idf/main/CMakeFiles/__idf_main.dir/main.c.obj.d -o esp-idf/main/CMakeFiles/__idf_main.dir/main.c.obj -c '/home/tikhon/Документы/magnolia/applets/mainline/touch/main/main.c'
/home/tikhon/Документы/magnolia/applets/mainline/touch/main/main.c: In function 'stat_path':
/home/tikhon/Документы/magnolia/applets/mainline/touch/main/main.c:307:16: error: implicit declaration of function 'lstat'; did you mean 'stat'? [-Wimplicit-function-declaration]
  307 |         return lstat(path, st);
      |                ^~~~~
      |                stat
ninja: build stopped: subcommand failed.
Executing action: elf
Running ninja in directory /home/tikhon/Документы/magnolia/applets/mainline/vi/build
Executing "ninja elf"...
[1/1] Build ELF: vi.app.elf
Applet true OK -> /home/tikhon/Документы/magnolia/rootfs/bin/true
Building applet gohello -> gohello ...
+ idf.py elf
Applet unlink OK -> /home/tikhon/Документы/magnolia/rootfs/bin/unlink
Building applet gohexdump -> gohexdump ...
+ idf.py elf
-- Detecting CXX compiler ABI info - done
-- Check for working CXX compiler: /home/tikhon/.espressif/tools/xtensa-esp-elf/esp-15.1.0_20250607/xtensa-esp-elf/bin/xtensa-esp32s3-elf-g++ - skipped
-- Detecting CXX compile features
-- Detecting CXX compile features - done
Executing action: all (aliases: build)
Running ninja in directory /home/tikhon/Документы/magnolia/applets/mainline/rm/build
Executing "ninja all"...
[1/16] Creating directories for 'bootloader'
Applet user OK -> /home/tikhon/Документы/magnolia/rootfs/bin/user
Building applet gotest -> gotest ...
+ idf.py elf
-- Building ESP-IDF components for target esp32s3
[2/16] No download step for 'bootloader'
Executing action: elf
Running ninja in directory /home/tikhon/Документы/magnolia/applets/go/false/build
Executing "ninja elf"...
[0/2] Re-checking globbed directories...
Executing action: elf
Running ninja in directory /home/tikhon/Документы/magnolia/applets/mainline/xxd/build
Executing "ninja elf"...
[1/1] Build ELF: xxd.app.elf
Executing action: elf
Running ninja in directory /home/tikhon/Документы/magnolia/applets/go/echo/build
Executing "ninja elf"...
[0/2] Re-checking globbed directories...
Applet wc OK -> /home/tikhon/Документы/magnolia/rootfs/bin/wc
Building applet goxxd -> goxxd ...
[3/16] No update step for 'bootloader'
+ idf.py elf
[4/16] Building C object esp-idf/main/CMakeFiles/__idf_main.dir/main.c.obj
FAILED: esp-idf/main/CMakeFiles/__idf_main.dir/main.c.obj 
/home/tikhon/.espressif/tools/xtensa-esp-elf/esp-15.1.0_20250607/xtensa-esp-elf/bin/xtensa-esp32s3-elf-gcc -DESP_PLATFORM -DIDF_VER=\"v6.0-dev-1833-g758939caec-dirty\" -DMBEDTLS_CONFIG_FILE=\"mbedtls/esp_config.h\" -DSOC_MMU_PAGE_SIZE=CONFIG_MMU_PAGE_SIZE -DSOC_XTAL_FREQ_MHZ=CONFIG_XTAL_FREQ -DUNITY_INCLUDE_CONFIG_H -D_GLIBCXX_HAVE_POSIX_SEMAPHORE -D_GLIBCXX_USE_POSIX_SEMAPHORE -D_GNU_SOURCE -D_POSIX_READER_WRITER_LOCKS -I/home/tikhon/Документы/magnolia/applets/mainline/rm/build/config -I/home/tikhon/Документы/magnolia/esp-idf/components/newlib/platform_include -I/home/tikhon/Документы/magnolia/esp-idf/components/freertos/config/include -I/home/tikhon/Документы/magnolia/esp-idf/components/freertos/config/include/freertos -I/home/tikhon/Документы/magnolia/esp-idf/components/freertos/config/xtensa/include -I/home/tikhon/Документы/magnolia/esp-idf/components/freertos/FreeRTOS-Kernel/include -I/home/tikhon/Документы/magnolia/esp-idf/components/freertos/FreeRTOS-Kernel/portable/xtensa/include -I/home/tikhon/Документы/magnolia/esp-idf/components/freertos/FreeRTOS-Kernel/portable/xtensa/include/freertos -I/home/tikhon/Документы/magnolia/esp-idf/components/freertos/esp_additions/include -I/home/tikhon/Документы/magnolia/esp-idf/components/esp_hw_support/include -I/home/tikhon/Документы/magnolia/esp-idf/components/esp_hw_support/include/soc -I/home/tikhon/Документы/magnolia/esp-idf/components/esp_hw_support/dma/include -I/home/tikhon/Документы/magnolia/esp-idf/components/esp_hw_support/ldo/include -I/home/tikhon/Документы/magnolia/esp-idf/components/esp_hw_support/debug_probe/include -I/home/tikhon/Документы/magnolia/esp-idf/components/esp_hw_support/mspi_timing_tuning/include -I/home/tikhon/Документы/magnolia/esp-idf/components/esp_hw_support/mspi_timing_tuning/tuning_scheme_impl/include -I/home/tikhon/Документы/magnolia/esp-idf/components/esp_hw_support/power_supply/include -I/home/tikhon/Документы/magnolia/esp-idf/components/esp_hw_support/include/soc/esp32s3 -I/home/tikhon/Документы/magnolia/esp-idf/components/esp_hw_support/port/esp32s3/. -I/home/tikhon/Документы/magnolia/esp-idf/components/esp_hw_support/port/esp32s3/include -I/home/tikhon/Документы/magnolia/esp-idf/components/esp_hw_support/mspi_timing_tuning/port/esp32s3/. -I/home/tikhon/Документы/magnolia/esp-idf/components/esp_hw_support/mspi_timing_tuning/port/esp32s3/include -I/home/tikhon/Документы/magnolia/esp-idf/components/heap/include -I/home/tikhon/Документы/magnolia/esp-idf/components/heap/tlsf -I/home/tikhon/Документы/magnolia/esp-idf/components/log/include -I/home/tikhon/Документы/magnolia/esp-idf/components/soc/include -I/home/tikhon/Документы/magnolia/esp-idf/components/soc/esp32s3 -I/home/tikhon/Документы/magnolia/esp-idf/components/soc/esp32s3/include -I/home/tikhon/Документы/magnolia/esp-idf/components/soc/esp32s3/register -I/home/tikhon/Документы/magnolia/esp-idf/components/hal/platform_port/include -I/home/tikhon/Документы/magnolia/esp-idf/components/hal/esp32s3/include -I/home/tikhon/Документы/magnolia/esp-idf/components/hal/include -I/home/tikhon/Документы/magnolia/esp-idf/components/esp_rom/include -I/home/tikhon/Документы/magnolia/esp-idf/components/esp_rom/esp32s3/include -I/home/tikhon/Документы/magnolia/esp-idf/components/esp_rom/esp32s3/include/esp32s3 -I/home/tikhon/Документы/magnolia/esp-idf/components/esp_rom/esp32s3 -I/home/tikhon/Документы/magnolia/esp-idf/components/esp_common/include -I/home/tikhon/Документы/magnolia/esp-idf/components/esp_system/include -I/home/tikhon/Документы/magnolia/esp-idf/components/esp_system/port/soc -I/home/tikhon/Документы/magnolia/esp-idf/components/esp_system/port/include/private -I/home/tikhon/Документы/magnolia/esp-idf/components/xtensa/esp32s3/include -I/home/tikhon/Документы/magnolia/esp-idf/components/xtensa/include -I/home/tikhon/Документы/magnolia/esp-idf/components/xtensa/deprecated_include -I/home/tikhon/Документы/magnolia/esp-idf/components/lwip/include -I/home/tikhon/Документы/magnolia/esp-idf/components/lwip/include/apps -I/home/tikhon/Документы/magnolia/esp-idf/components/lwip/include/apps/sntp -I/home/tikhon/Документы/magnolia/esp-idf/components/lwip/lwip/src/include -I/home/tikhon/Документы/magnolia/esp-idf/components/lwip/port/include -I/home/tikhon/Документы/magnolia/esp-idf/components/lwip/port/freertos/include -I/home/tikhon/Документы/magnolia/esp-idf/components/lwip/port/esp32xx/include -I/home/tikhon/Документы/magnolia/esp-idf/components/lwip/port/esp32xx/include/arch -I/home/tikhon/Документы/magnolia/esp-idf/components/lwip/port/esp32xx/include/sys -I/home/tikhon/Документы/magnolia/esp-idf/components/esp_app_format/include -I/home/tikhon/Документы/magnolia/esp-idf/components/esp_bootloader_format/include -I/home/tikhon/Документы/magnolia/esp-idf/components/app_update/include -I/home/tikhon/Документы/magnolia/esp-idf/components/bootloader_support/include -I/home/tikhon/Документы/magnolia/esp-idf/components/bootloader_support/bootloader_flash/include -I/home/tikhon/Документы/magnolia/esp-idf/components/esp_partition/include -I/home/tikhon/Документы/magnolia/esp-idf/components/efuse/include -I/home/tikhon/Документы/magnolia/esp-idf/components/efuse/esp32s3/include -I/home/tikhon/Документы/magnolia/esp-idf/components/esp_security/include -I/home/tikhon/Документы/magnolia/esp-idf/components/esp_driver_gpio/include -I/home/tikhon/Документы/magnolia/esp-idf/components/esp_pm/include -I/home/tikhon/Документы/magnolia/esp-idf/components/mbedtls/port/include -I/home/tikhon/Документы/magnolia/esp-idf/components/mbedtls/mbedtls/include -I/home/tikhon/Документы/magnolia/esp-idf/components/mbedtls/mbedtls/library -I/home/tikhon/Документы/magnolia/esp-idf/components/mbedtls/esp_crt_bundle/include -I/home/tikhon/Документы/magnolia/esp-idf/components/mbedtls/mbedtls/3rdparty/everest/include -I/home/tikhon/Документы/magnolia/esp-idf/components/mbedtls/mbedtls/3rdparty/p256-m -I/home/tikhon/Документы/magnolia/esp-idf/components/mbedtls/mbedtls/3rdparty/p256-m/p256-m -I/home/tikhon/Документы/magnolia/esp-idf/components/esp_mm/include -I/home/tikhon/Документы/magnolia/esp-idf/components/spi_flash/include -I/home/tikhon/Документы/magnolia/esp-idf/components/pthread/include -I/home/tikhon/Документы/magnolia/esp-idf/components/esp_timer/include -I/home/tikhon/Документы/magnolia/esp-idf/components/esp_driver_gptimer/include -I/home/tikhon/Документы/magnolia/esp-idf/components/esp_ringbuf/include -I/home/tikhon/Документы/magnolia/esp-idf/components/esp_driver_uart/include -I/home/tikhon/Документы/magnolia/esp-idf/components/vfs/include -I/home/tikhon/Документы/magnolia/esp-idf/components/app_trace/include -I/home/tikhon/Документы/magnolia/esp-idf/components/esp_event/include -I/home/tikhon/Документы/magnolia/esp-idf/components/nvs_flash/include -I/home/tikhon/Документы/magnolia/esp-idf/components/esp_phy/include -I/home/tikhon/Документы/magnolia/esp-idf/components/esp_phy/esp32s3/include -I/home/tikhon/Документы/magnolia/esp-idf/components/esp_driver_usb_serial_jtag/include -I/home/tikhon/Документы/magnolia/esp-idf/components/esp_vfs_console/include -I/home/tikhon/Документы/magnolia/esp-idf/components/esp_netif/include -I/home/tikhon/Документы/magnolia/esp-idf/components/wpa_supplicant/include -I/home/tikhon/Документы/magnolia/esp-idf/components/wpa_supplicant/port/include -I/home/tikhon/Документы/magnolia/esp-idf/components/wpa_supplicant/esp_supplicant/include -I/home/tikhon/Документы/magnolia/esp-idf/components/esp_coex/include -I/home/tikhon/Документы/magnolia/esp-idf/components/esp_wifi/include -I/home/tikhon/Документы/magnolia/esp-idf/components/esp_wifi/include/local -I/home/tikhon/Документы/magnolia/esp-idf/components/esp_wifi/wifi_apps/include -I/home/tikhon/Документы/magnolia/esp-idf/components/esp_wifi/wifi_apps/nan_app/include -I/home/tikhon/Документы/magnolia/esp-idf/components/esp_driver_spi/include -I/home/tikhon/Документы/magnolia/esp-idf/components/esp_gdbstub/include -I/home/tikhon/Документы/magnolia/esp-idf/components/unity/include -I/home/tikhon/Документы/magnolia/esp-idf/components/unity/unity/src -I/home/tikhon/Документы/magnolia/esp-idf/components/cmock/CMock/src -I/home/tikhon/Документы/magnolia/esp-idf/components/console -I/home/tikhon/Документы/magnolia/esp-idf/components/esp_driver_pcnt/include -I/home/tikhon/Документы/magnolia/esp-idf/components/esp_driver_mcpwm/include -I/home/tikhon/Документы/magnolia/esp-idf/components/esp_driver_ana_cmpr/include -I/home/tikhon/Документы/magnolia/esp-idf/components/esp_driver_i2s/include -I/home/tikhon/Документы/magnolia/esp-idf/components/sdmmc/include -I/home/tikhon/Документы/magnolia/esp-idf/components/esp_driver_sd_intf/include -I/home/tikhon/Документы/magnolia/esp-idf/components/esp_driver_sdmmc/include -I/home/tikhon/Документы/magnolia/esp-idf/components/esp_driver_sdmmc/legacy/include -I/home/tikhon/Документы/magnolia/esp-idf/components/esp_driver_sdspi/include -I/home/tikhon/Документы/magnolia/esp-idf/components/esp_driver_sdio/include -I/home/tikhon/Документы/magnolia/esp-idf/components/esp_driver_dac/include -I/home/tikhon/Документы/magnolia/esp-idf/components/esp_driver_bitscrambler/include -I/home/tikhon/Документы/magnolia/esp-idf/components/esp_driver_rmt/include -I/home/tikhon/Документы/magnolia/esp-idf/components/esp_driver_tsens/include -I/home/tikhon/Документы/magnolia/esp-idf/components/esp_driver_sdm/include -I/home/tikhon/Документы/magnolia/esp-idf/components/esp_driver_i2c/include -I/home/tikhon/Документы/magnolia/esp-idf/components/esp_driver_ledc/include -I/home/tikhon/Документы/magnolia/esp-idf/components/esp_driver_parlio/include -I/home/tikhon/Документы/magnolia/esp-idf/components/esp_driver_twai/include -I/home/tikhon/Документы/magnolia/esp-idf/components/driver/deprecated -I/home/tikhon/Документы/magnolia/esp-idf/components/driver/i2c/include -I/home/tikhon/Документы/magnolia/esp-idf/components/driver/touch_sensor/include -I/home/tikhon/Документы/magnolia/esp-idf/components/driver/twai/include -I/home/tikhon/Документы/magnolia/esp-idf/components/driver/touch_sensor/esp32s3/include -I/home/tikhon/Документы/magnolia/esp-idf/components/http_parser -I/home/tikhon/Документы/magnolia/esp-idf/components/esp-tls -I/home/tikhon/Документы/magnolia/esp-idf/components/esp-tls/esp-tls-crypto -I/home/tikhon/Документы/magnolia/esp-idf/components/esp_adc/include -I/home/tikhon/Документы/magnolia/esp-idf/components/esp_adc/interface -I/home/tikhon/Документы/magnolia/esp-idf/components/esp_adc/esp32s3/include -I/home/tikhon/Документы/magnolia/esp-idf/components/esp_driver_isp/include -I/home/tikhon/Документы/magnolia/esp-idf/components/esp_driver_cam/include -I/home/tikhon/Документы/magnolia/esp-idf/components/esp_driver_cam/interface -I/home/tikhon/Документы/magnolia/esp-idf/components/esp_driver_cam/dvp/include -I/home/tikhon/Документы/magnolia/esp-idf/components/esp_driver_i3c/include -I/home/tikhon/Документы/magnolia/esp-idf/components/esp_psram/include -I/home/tikhon/Документы/magnolia/esp-idf/components/esp_psram/xip_impl/include -I/home/tikhon/Документы/magnolia/esp-idf/components/esp_driver_jpeg/include -I/home/tikhon/Документы/magnolia/esp-idf/components/esp_driver_ppa/include -I/home/tikhon/Документы/magnolia/esp-idf/components/esp_driver_touch_sens/include -I/home/tikhon/Документы/magnolia/esp-idf/components/esp_driver_touch_sens/hw_ver2/include -I/home/tikhon/Документы/magnolia/esp-idf/components/esp_eth/include -I/home/tikhon/Документы/magnolia/esp-idf/components/esp_hid/include -I/home/tikhon/Документы/magnolia/esp-idf/components/tcp_transport/include -I/home/tikhon/Документы/magnolia/esp-idf/components/esp_http_client/include -I/home/tikhon/Документы/magnolia/esp-idf/components/esp_http_server/include -I/home/tikhon/Документы/magnolia/esp-idf/components/esp_https_ota/include -I/home/tikhon/Документы/magnolia/esp-idf/components/esp_https_server/include -I/home/tikhon/Документы/magnolia/esp-idf/components/esp_lcd/include -I/home/tikhon/Документы/magnolia/esp-idf/components/esp_lcd/interface -I/home/tikhon/Документы/magnolia/esp-idf/components/esp_lcd/rgb/include -I/home/tikhon/Документы/magnolia/esp-idf/components/protobuf-c/protobuf-c -I/home/tikhon/Документы/magnolia/esp-idf/components/protocomm/include/common -I/home/tikhon/Документы/magnolia/esp-idf/components/protocomm/include/security -I/home/tikhon/Документы/magnolia/esp-idf/components/protocomm/include/transports -I/home/tikhon/Документы/magnolia/esp-idf/components/protocomm/include/crypto/srp6a -I/home/tikhon/Документы/magnolia/esp-idf/components/protocomm/proto-c -I/home/tikhon/Документы/magnolia/esp-idf/components/esp_local_ctrl/include -I/home/tikhon/Документы/magnolia/esp-idf/components/espcoredump/include -I/home/tikhon/Документы/magnolia/esp-idf/components/espcoredump/include/port/xtensa -I/home/tikhon/Документы/magnolia/esp-idf/components/wear_levelling/include -I/home/tikhon/Документы/magnolia/esp-idf/components/fatfs/diskio -I/home/tikhon/Документы/magnolia/esp-idf/components/fatfs/src -I/home/tikhon/Документы/magnolia/esp-idf/components/fatfs/vfs -I/home/tikhon/Документы/magnolia/esp-idf/components/idf_test/include -I/home/tikhon/Документы/magnolia/esp-idf/components/idf_test/include/esp32s3 -I/home/tikhon/Документы/magnolia/esp-idf/components/ieee802154/include -I/home/tikhon/Документы/magnolia/esp-idf/components/json/cJSON -I/home/tikhon/Документы/magnolia/esp-idf/components/mqtt/esp-mqtt/include -I/home/tikhon/Документы/magnolia/esp-idf/components/nvs_sec_provider/include -I/home/tikhon/Документы/magnolia/esp-idf/components/perfmon/include -I/home/tikhon/Документы/magnolia/esp-idf/components/rt/include -I/home/tikhon/Документы/magnolia/esp-idf/components/spiffs/include -I/home/tikhon/Документы/magnolia/esp-idf/components/touch_element/include -I/home/tikhon/Документы/magnolia/esp-idf/components/usb/include -I/home/tikhon/Документы/magnolia/esp-idf/components/wifi_provisioning/include -mlongcalls -fno-builtin-memcpy -fno-builtin-memset -fno-builtin-bzero  -fdiagnostics-color=always -ffunction-sections -fdata-sections -Wall -Werror=all -Wno-error=unused-function -Wno-error=unused-variable -Wno-error=unused-but-set-variable -Wno-error=deprecated-declarations -Wextra -Wno-error=extra -Wno-unused-parameter -Wno-sign-compare -Wno-enum-conversion -gdwarf-4 -ggdb -Og -fno-shrink-wrap -fmacro-prefix-map=/home/tikhon/Документы/magnolia/applets/mainline/rm=. -fmacro-prefix-map=/home/tikhon/Документы/magnolia/esp-idf=/IDF -fstrict-volatile-bitfields -fno-jump-tables -fno-tree-switch-conversion -nostartfiles -nostdlib -fPIC -shared -e app_main -Wl,--gc-sections -fvisibility=hidden -Wl,--strip-all -Wl,--strip-debug -Wl,--strip-discarded -Dmain=app_main -std=gnu17 -Wno-old-style-declaration -fzero-init-padding-bits=all -fno-malloc-dce -MD -MT esp-idf/main/CMakeFiles/__idf_main.dir/main.c.obj -MF esp-idf/main/CMakeFiles/__idf_main.dir/main.c.obj.d -o esp-idf/main/CMakeFiles/__idf_main.dir/main.c.obj -c '/home/tikhon/Документы/magnolia/applets/mainline/rm/main/main.c'
/home/tikhon/Документы/magnolia/applets/mainline/rm/main/main.c: In function 'rm_path':
/home/tikhon/Документы/magnolia/applets/mainline/rm/main/main.c:74:9: error: implicit declaration of function 'lstat'; did you mean 'stat'? [-Wimplicit-function-declaration]
   74 |     if (lstat(path, &st) != 0) {
      |         ^~~~~
      |         stat
[1/2] Build ELF: false.app.elf
Executing action: elf
Running ninja in directory /home/tikhon/Документы/magnolia/applets/mainline/yes/build
Executing "ninja elf"...
[1/1] Build ELF: yes.app.elf
[5/16] No patch step for 'bootloader'
ninja: build stopped: subcommand failed.
[1/2] Build ELF: echo.app.elf
NOTICE: Processing 1 dependencies:
NOTICE: [1/1] idf (6.0.0)
Applet vi OK -> /home/tikhon/Документы/magnolia/rootfs/bin/vi
Building applet pwd -> gopwd ...
+ idf.py elf
Command failed (2): idf.py elf
Elf target failed for touch; running `idf.py build` instead.
+ idf.py build
Applet xxd OK -> /home/tikhon/Документы/magnolia/rootfs/bin/xxd
Building applet sleep -> gosleep ...
+ idf.py elf
Applet yes OK -> /home/tikhon/Документы/magnolia/rootfs/bin/yes
Building applet true -> gotrue ...
+ idf.py elf
Applet echo OK -> /home/tikhon/Документы/magnolia/rootfs/bin/goecho
Building applet uname -> gouname ...
+ idf.py elf
Applet false OK -> /home/tikhon/Документы/magnolia/rootfs/bin/gofalse
Building applet edit -> edit ...
+ idf.py elf
-- ESP-TEE is currently supported only on the esp32c6;esp32h2;esp32c5 SoCs
Command failed (2): idf.py build
Skipping failed applet build: rm
Building applet rdd -> rdd ...
+ idf.py elf
NOTICE: Processing 1 dependencies:
NOTICE: [1/1] idf (6.0.0)
-- Components: app_trace app_update bootloader bootloader_support bt cmock console cxx driver efuse esp-tls esp_adc esp_app_format esp_bootloader_format esp_coex esp_common esp_driver_ana_cmpr esp_driver_bitscrambler esp_driver_cam esp_driver_dac esp_driver_gpio esp_driver_gptimer esp_driver_i2c esp_driver_i2s esp_driver_i3c esp_driver_isp esp_driver_jpeg esp_driver_ledc esp_driver_mcpwm esp_driver_parlio esp_driver_pcnt esp_driver_ppa esp_driver_rmt esp_driver_sd_intf esp_driver_sdio esp_driver_sdm esp_driver_sdmmc esp_driver_sdspi esp_driver_spi esp_driver_touch_sens esp_driver_tsens esp_driver_twai esp_driver_uart esp_driver_usb_serial_jtag esp_eth esp_event esp_gdbstub esp_hid esp_http_client esp_http_server esp_https_ota esp_https_server esp_hw_support esp_lcd esp_local_ctrl esp_mm esp_netif esp_netif_stack esp_partition esp_phy esp_pm esp_psram esp_ringbuf esp_rom esp_security esp_system esp_timer esp_vfs_console esp_wifi espcoredump esptool_py fatfs freertos hal heap http_parser idf_test ieee802154 json log lwip main mbedtls mqtt newlib nvs_flash nvs_sec_provider openthread partition_table perfmon protobuf-c protocomm pthread rt sdmmc soc spi_flash spiffs tcp_transport touch_element ulp unity usb vfs wear_levelling wifi_provisioning wpa_supplicant xtensa
-- Component paths: /home/tikhon/Документы/magnolia/esp-idf/components/app_trace /home/tikhon/Документы/magnolia/esp-idf/components/app_update /home/tikhon/Документы/magnolia/esp-idf/components/bootloader /home/tikhon/Документы/magnolia/esp-idf/components/bootloader_support /home/tikhon/Документы/magnolia/esp-idf/components/bt /home/tikhon/Документы/magnolia/esp-idf/components/cmock /home/tikhon/Документы/magnolia/esp-idf/components/console /home/tikhon/Документы/magnolia/esp-idf/components/cxx /home/tikhon/Документы/magnolia/esp-idf/components/driver /home/tikhon/Документы/magnolia/esp-idf/components/efuse /home/tikhon/Документы/magnolia/esp-idf/components/esp-tls /home/tikhon/Документы/magnolia/esp-idf/components/esp_adc /home/tikhon/Документы/magnolia/esp-idf/components/esp_app_format /home/tikhon/Документы/magnolia/esp-idf/components/esp_bootloader_format /home/tikhon/Документы/magnolia/esp-idf/components/esp_coex /home/tikhon/Документы/magnolia/esp-idf/components/esp_common /home/tikhon/Документы/magnolia/esp-idf/components/esp_driver_ana_cmpr /home/tikhon/Документы/magnolia/esp-idf/components/esp_driver_bitscrambler /home/tikhon/Документы/magnolia/esp-idf/components/esp_driver_cam /home/tikhon/Документы/magnolia/esp-idf/components/esp_driver_dac /home/tikhon/Документы/magnolia/esp-idf/components/esp_driver_gpio /home/tikhon/Документы/magnolia/esp-idf/components/esp_driver_gptimer /home/tikhon/Документы/magnolia/esp-idf/components/esp_driver_i2c /home/tikhon/Документы/magnolia/esp-idf/components/esp_driver_i2s /home/tikhon/Документы/magnolia/esp-idf/components/esp_driver_i3c /home/tikhon/Документы/magnolia/esp-idf/components/esp_driver_isp /home/tikhon/Документы/magnolia/esp-idf/components/esp_driver_jpeg /home/tikhon/Документы/magnolia/esp-idf/components/esp_driver_ledc /home/tikhon/Документы/magnolia/esp-idf/components/esp_driver_mcpwm /home/tikhon/Документы/magnolia/esp-idf/components/esp_driver_parlio /home/tikhon/Документы/magnolia/esp-idf/components/esp_driver_pcnt /home/tikhon/Документы/magnolia/esp-idf/components/esp_driver_ppa /home/tikhon/Документы/magnolia/esp-idf/components/esp_driver_rmt /home/tikhon/Документы/magnolia/esp-idf/components/esp_driver_sd_intf /home/tikhon/Документы/magnolia/esp-idf/components/esp_driver_sdio /home/tikhon/Документы/magnolia/esp-idf/components/esp_driver_sdm /home/tikhon/Документы/magnolia/esp-idf/components/esp_driver_sdmmc /home/tikhon/Документы/magnolia/esp-idf/components/esp_driver_sdspi /home/tikhon/Документы/magnolia/esp-idf/components/esp_driver_spi /home/tikhon/Документы/magnolia/esp-idf/components/esp_driver_touch_sens /home/tikhon/Документы/magnolia/esp-idf/components/esp_driver_tsens /home/tikhon/Документы/magnolia/esp-idf/components/esp_driver_twai /home/tikhon/Документы/magnolia/esp-idf/components/esp_driver_uart /home/tikhon/Документы/magnolia/esp-idf/components/esp_driver_usb_serial_jtag /home/tikhon/Документы/magnolia/esp-idf/components/esp_eth /home/tikhon/Документы/magnolia/esp-idf/components/esp_event /home/tikhon/Документы/magnolia/esp-idf/components/esp_gdbstub /home/tikhon/Документы/magnolia/esp-idf/components/esp_hid /home/tikhon/Документы/magnolia/esp-idf/components/esp_http_client /home/tikhon/Документы/magnolia/esp-idf/components/esp_http_server /home/tikhon/Документы/magnolia/esp-idf/components/esp_https_ota /home/tikhon/Документы/magnolia/esp-idf/components/esp_https_server /home/tikhon/Документы/magnolia/esp-idf/components/esp_hw_support /home/tikhon/Документы/magnolia/esp-idf/components/esp_lcd /home/tikhon/Документы/magnolia/esp-idf/components/esp_local_ctrl /home/tikhon/Документы/magnolia/esp-idf/components/esp_mm /home/tikhon/Документы/magnolia/esp-idf/components/esp_netif /home/tikhon/Документы/magnolia/esp-idf/components/esp_netif_stack /home/tikhon/Документы/magnolia/esp-idf/components/esp_partition /home/tikhon/Документы/magnolia/esp-idf/components/esp_phy /home/tikhon/Документы/magnolia/esp-idf/components/esp_pm /home/tikhon/Документы/magnolia/esp-idf/components/esp_psram /home/tikhon/Документы/magnolia/esp-idf/components/esp_ringbuf /home/tikhon/Документы/magnolia/esp-idf/components/esp_rom /home/tikhon/Документы/magnolia/esp-idf/components/esp_security /home/tikhon/Документы/magnolia/esp-idf/components/esp_system /home/tikhon/Документы/magnolia/esp-idf/components/esp_timer /home/tikhon/Документы/magnolia/esp-idf/components/esp_vfs_console /home/tikhon/Документы/magnolia/esp-idf/components/esp_wifi /home/tikhon/Документы/magnolia/esp-idf/components/espcoredump /home/tikhon/Документы/magnolia/esp-idf/components/esptool_py /home/tikhon/Документы/magnolia/esp-idf/components/fatfs /home/tikhon/Документы/magnolia/esp-idf/components/freertos /home/tikhon/Документы/magnolia/esp-idf/components/hal /home/tikhon/Документы/magnolia/esp-idf/components/heap /home/tikhon/Документы/magnolia/esp-idf/components/http_parser /home/tikhon/Документы/magnolia/esp-idf/components/idf_test /home/tikhon/Документы/magnolia/esp-idf/components/ieee802154 /home/tikhon/Документы/magnolia/esp-idf/components/json /home/tikhon/Документы/magnolia/esp-idf/components/log /home/tikhon/Документы/magnolia/esp-idf/components/lwip /home/tikhon/Документы/magnolia/applets/mainline/cksum/main /home/tikhon/Документы/magnolia/esp-idf/components/mbedtls /home/tikhon/Документы/magnolia/esp-idf/components/mqtt /home/tikhon/Документы/magnolia/esp-idf/components/newlib /home/tikhon/Документы/magnolia/esp-idf/components/nvs_flash /home/tikhon/Документы/magnolia/esp-idf/components/nvs_sec_provider /home/tikhon/Документы/magnolia/esp-idf/components/openthread /home/tikhon/Документы/magnolia/esp-idf/components/partition_table /home/tikhon/Документы/magnolia/esp-idf/components/perfmon /home/tikhon/Документы/magnolia/esp-idf/components/protobuf-c /home/tikhon/Документы/magnolia/esp-idf/components/protocomm /home/tikhon/Документы/magnolia/esp-idf/components/pthread /home/tikhon/Документы/magnolia/esp-idf/components/rt /home/tikhon/Документы/magnolia/esp-idf/components/sdmmc /home/tikhon/Документы/magnolia/esp-idf/components/soc /home/tikhon/Документы/magnolia/esp-idf/components/spi_flash /home/tikhon/Документы/magnolia/esp-idf/components/spiffs /home/tikhon/Документы/magnolia/esp-idf/components/tcp_transport /home/tikhon/Документы/magnolia/esp-idf/components/touch_element /home/tikhon/Документы/magnolia/esp-idf/components/ulp /home/tikhon/Документы/magnolia/esp-idf/components/unity /home/tikhon/Документы/magnolia/esp-idf/components/usb /home/tikhon/Документы/magnolia/esp-idf/components/vfs /home/tikhon/Документы/magnolia/esp-idf/components/wear_levelling /home/tikhon/Документы/magnolia/esp-idf/components/wifi_provisioning /home/tikhon/Документы/magnolia/esp-idf/components/wpa_supplicant /home/tikhon/Документы/magnolia/esp-idf/components/xtensa
-- Configuring done (4.4s)
-- ESP-TEE is currently supported only on the esp32c6;esp32h2;esp32c5 SoCs
Executing action: elf
Running ninja in directory /home/tikhon/Документы/magnolia/applets/go/godd/build
Executing "ninja elf"...
[0/2] Re-checking globbed directories...
Executing action: elf
Running ninja in directory /home/tikhon/Документы/magnolia/applets/go/goargs/build
Executing "ninja elf"...
[0/2] Re-checking globbed directories...
[1/2] Build ELF: dd.app.elf
Executing action: elf
Running ninja in directory /home/tikhon/Документы/magnolia/applets/go/gohello/build
Executing "ninja elf"...
[0/2] Re-checking globbed directories...
[1/2] Build ELF: goargs.app.elf
Executing action: elf
Running ninja in directory /home/tikhon/Документы/magnolia/applets/go/gotest/build
Executing "ninja elf"...
[0/2] Re-checking globbed directories...
[1/2] Build ELF: gohello.app.elf
[1/2] Build ELF: gotest.app.elf
Executing action: elf
Running ninja in directory /home/tikhon/Документы/magnolia/applets/go/gohexdump/build
Executing "ninja elf"...
[0/2] Re-checking globbed directories...
[1/2] Build ELF: hexdump.app.elf
Applet godd OK -> /home/tikhon/Документы/magnolia/rootfs/bin/godd
Building applet rhexdump -> rhexdump ...
+ idf.py elf
Executing action: all (aliases: build)
Running ninja in directory /home/tikhon/Документы/magnolia/applets/mainline/touch/build
Executing "ninja all"...
[1/16] Creating directories for 'bootloader'
Executing action: elf
Running ninja in directory /home/tikhon/Документы/magnolia/applets/go/pwd/build
Executing "ninja elf"...
[0/2] Re-checking globbed directories...
[1/2] Build ELF: pwd.app.elf
[2/16] No download step for 'bootloader'
[3/16] Building C object esp-idf/main/CMakeFiles/__idf_main.dir/main.c.obj
FAILED: esp-idf/main/CMakeFiles/__idf_main.dir/main.c.obj 
/home/tikhon/.espressif/tools/xtensa-esp-elf/esp-15.1.0_20250607/xtensa-esp-elf/bin/xtensa-esp32s3-elf-gcc -DESP_PLATFORM -DIDF_VER=\"v6.0-dev-1833-g758939caec-dirty\" -DMBEDTLS_CONFIG_FILE=\"mbedtls/esp_config.h\" -DSOC_MMU_PAGE_SIZE=CONFIG_MMU_PAGE_SIZE -DSOC_XTAL_FREQ_MHZ=CONFIG_XTAL_FREQ -DUNITY_INCLUDE_CONFIG_H -D_GLIBCXX_HAVE_POSIX_SEMAPHORE -D_GLIBCXX_USE_POSIX_SEMAPHORE -D_GNU_SOURCE -D_POSIX_READER_WRITER_LOCKS -I/home/tikhon/Документы/magnolia/applets/mainline/touch/build/config -I/home/tikhon/Документы/magnolia/esp-idf/components/newlib/platform_include -I/home/tikhon/Документы/magnolia/esp-idf/components/freertos/config/include -I/home/tikhon/Документы/magnolia/esp-idf/components/freertos/config/include/freertos -I/home/tikhon/Документы/magnolia/esp-idf/components/freertos/config/xtensa/include -I/home/tikhon/Документы/magnolia/esp-idf/components/freertos/FreeRTOS-Kernel/include -I/home/tikhon/Документы/magnolia/esp-idf/components/freertos/FreeRTOS-Kernel/portable/xtensa/include -I/home/tikhon/Документы/magnolia/esp-idf/components/freertos/FreeRTOS-Kernel/portable/xtensa/include/freertos -I/home/tikhon/Документы/magnolia/esp-idf/components/freertos/esp_additions/include -I/home/tikhon/Документы/magnolia/esp-idf/components/esp_hw_support/include -I/home/tikhon/Документы/magnolia/esp-idf/components/esp_hw_support/include/soc -I/home/tikhon/Документы/magnolia/esp-idf/components/esp_hw_support/dma/include -I/home/tikhon/Документы/magnolia/esp-idf/components/esp_hw_support/ldo/include -I/home/tikhon/Документы/magnolia/esp-idf/components/esp_hw_support/debug_probe/include -I/home/tikhon/Документы/magnolia/esp-idf/components/esp_hw_support/mspi_timing_tuning/include -I/home/tikhon/Документы/magnolia/esp-idf/components/esp_hw_support/mspi_timing_tuning/tuning_scheme_impl/include -I/home/tikhon/Документы/magnolia/esp-idf/components/esp_hw_support/power_supply/include -I/home/tikhon/Документы/magnolia/esp-idf/components/esp_hw_support/include/soc/esp32s3 -I/home/tikhon/Документы/magnolia/esp-idf/components/esp_hw_support/port/esp32s3/. -I/home/tikhon/Документы/magnolia/esp-idf/components/esp_hw_support/port/esp32s3/include -I/home/tikhon/Документы/magnolia/esp-idf/components/esp_hw_support/mspi_timing_tuning/port/esp32s3/. -I/home/tikhon/Документы/magnolia/esp-idf/components/esp_hw_support/mspi_timing_tuning/port/esp32s3/include -I/home/tikhon/Документы/magnolia/esp-idf/components/heap/include -I/home/tikhon/Документы/magnolia/esp-idf/components/heap/tlsf -I/home/tikhon/Документы/magnolia/esp-idf/components/log/include -I/home/tikhon/Документы/magnolia/esp-idf/components/soc/include -I/home/tikhon/Документы/magnolia/esp-idf/components/soc/esp32s3 -I/home/tikhon/Документы/magnolia/esp-idf/components/soc/esp32s3/include -I/home/tikhon/Документы/magnolia/esp-idf/components/soc/esp32s3/register -I/home/tikhon/Документы/magnolia/esp-idf/components/hal/platform_port/include -I/home/tikhon/Документы/magnolia/esp-idf/components/hal/esp32s3/include -I/home/tikhon/Документы/magnolia/esp-idf/components/hal/include -I/home/tikhon/Документы/magnolia/esp-idf/components/esp_rom/include -I/home/tikhon/Документы/magnolia/esp-idf/components/esp_rom/esp32s3/include -I/home/tikhon/Документы/magnolia/esp-idf/components/esp_rom/esp32s3/include/esp32s3 -I/home/tikhon/Документы/magnolia/esp-idf/components/esp_rom/esp32s3 -I/home/tikhon/Документы/magnolia/esp-idf/components/esp_common/include -I/home/tikhon/Документы/magnolia/esp-idf/components/esp_system/include -I/home/tikhon/Документы/magnolia/esp-idf/components/esp_system/port/soc -I/home/tikhon/Документы/magnolia/esp-idf/components/esp_system/port/include/private -I/home/tikhon/Документы/magnolia/esp-idf/components/xtensa/esp32s3/include -I/home/tikhon/Документы/magnolia/esp-idf/components/xtensa/include -I/home/tikhon/Документы/magnolia/esp-idf/components/xtensa/deprecated_include -I/home/tikhon/Документы/magnolia/esp-idf/components/lwip/include -I/home/tikhon/Документы/magnolia/esp-idf/components/lwip/include/apps -I/home/tikhon/Документы/magnolia/esp-idf/components/lwip/include/apps/sntp -I/home/tikhon/Документы/magnolia/esp-idf/components/lwip/lwip/src/include -I/home/tikhon/Документы/magnolia/esp-idf/components/lwip/port/include -I/home/tikhon/Документы/magnolia/esp-idf/components/lwip/port/freertos/include -I/home/tikhon/Документы/magnolia/esp-idf/components/lwip/port/esp32xx/include -I/home/tikhon/Документы/magnolia/esp-idf/components/lwip/port/esp32xx/include/arch -I/home/tikhon/Документы/magnolia/esp-idf/components/lwip/port/esp32xx/include/sys -I/home/tikhon/Документы/magnolia/esp-idf/components/esp_app_format/include -I/home/tikhon/Документы/magnolia/esp-idf/components/esp_bootloader_format/include -I/home/tikhon/Документы/magnolia/esp-idf/components/app_update/include -I/home/tikhon/Документы/magnolia/esp-idf/components/bootloader_support/include -I/home/tikhon/Документы/magnolia/esp-idf/components/bootloader_support/bootloader_flash/include -I/home/tikhon/Документы/magnolia/esp-idf/components/esp_partition/include -I/home/tikhon/Документы/magnolia/esp-idf/components/efuse/include -I/home/tikhon/Документы/magnolia/esp-idf/components/efuse/esp32s3/include -I/home/tikhon/Документы/magnolia/esp-idf/components/esp_security/include -I/home/tikhon/Документы/magnolia/esp-idf/components/esp_driver_gpio/include -I/home/tikhon/Документы/magnolia/esp-idf/components/esp_pm/include -I/home/tikhon/Документы/magnolia/esp-idf/components/mbedtls/port/include -I/home/tikhon/Документы/magnolia/esp-idf/components/mbedtls/mbedtls/include -I/home/tikhon/Документы/magnolia/esp-idf/components/mbedtls/mbedtls/library -I/home/tikhon/Документы/magnolia/esp-idf/components/mbedtls/esp_crt_bundle/include -I/home/tikhon/Документы/magnolia/esp-idf/components/mbedtls/mbedtls/3rdparty/everest/include -I/home/tikhon/Документы/magnolia/esp-idf/components/mbedtls/mbedtls/3rdparty/p256-m -I/home/tikhon/Документы/magnolia/esp-idf/components/mbedtls/mbedtls/3rdparty/p256-m/p256-m -I/home/tikhon/Документы/magnolia/esp-idf/components/esp_mm/include -I/home/tikhon/Документы/magnolia/esp-idf/components/spi_flash/include -I/home/tikhon/Документы/magnolia/esp-idf/components/pthread/include -I/home/tikhon/Документы/magnolia/esp-idf/components/esp_timer/include -I/home/tikhon/Документы/magnolia/esp-idf/components/esp_driver_gptimer/include -I/home/tikhon/Документы/magnolia/esp-idf/components/esp_ringbuf/include -I/home/tikhon/Документы/magnolia/esp-idf/components/esp_driver_uart/include -I/home/tikhon/Документы/magnolia/esp-idf/components/vfs/include -I/home/tikhon/Документы/magnolia/esp-idf/components/app_trace/include -I/home/tikhon/Документы/magnolia/esp-idf/components/esp_event/include -I/home/tikhon/Документы/magnolia/esp-idf/components/nvs_flash/include -I/home/tikhon/Документы/magnolia/esp-idf/components/esp_phy/include -I/home/tikhon/Документы/magnolia/esp-idf/components/esp_phy/esp32s3/include -I/home/tikhon/Документы/magnolia/esp-idf/components/esp_driver_usb_serial_jtag/include -I/home/tikhon/Документы/magnolia/esp-idf/components/esp_vfs_console/include -I/home/tikhon/Документы/magnolia/esp-idf/components/esp_netif/include -I/home/tikhon/Документы/magnolia/esp-idf/components/wpa_supplicant/include -I/home/tikhon/Документы/magnolia/esp-idf/components/wpa_supplicant/port/include -I/home/tikhon/Документы/magnolia/esp-idf/components/wpa_supplicant/esp_supplicant/include -I/home/tikhon/Документы/magnolia/esp-idf/components/esp_coex/include -I/home/tikhon/Документы/magnolia/esp-idf/components/esp_wifi/include -I/home/tikhon/Документы/magnolia/esp-idf/components/esp_wifi/include/local -I/home/tikhon/Документы/magnolia/esp-idf/components/esp_wifi/wifi_apps/include -I/home/tikhon/Документы/magnolia/esp-idf/components/esp_wifi/wifi_apps/nan_app/include -I/home/tikhon/Документы/magnolia/esp-idf/components/esp_driver_spi/include -I/home/tikhon/Документы/magnolia/esp-idf/components/esp_gdbstub/include -I/home/tikhon/Документы/magnolia/esp-idf/components/unity/include -I/home/tikhon/Документы/magnolia/esp-idf/components/unity/unity/src -I/home/tikhon/Документы/magnolia/esp-idf/components/cmock/CMock/src -I/home/tikhon/Документы/magnolia/esp-idf/components/console -I/home/tikhon/Документы/magnolia/esp-idf/components/esp_driver_pcnt/include -I/home/tikhon/Документы/magnolia/esp-idf/components/esp_driver_mcpwm/include -I/home/tikhon/Документы/magnolia/esp-idf/components/esp_driver_ana_cmpr/include -I/home/tikhon/Документы/magnolia/esp-idf/components/esp_driver_i2s/include -I/home/tikhon/Документы/magnolia/esp-idf/components/sdmmc/include -I/home/tikhon/Документы/magnolia/esp-idf/components/esp_driver_sd_intf/include -I/home/tikhon/Документы/magnolia/esp-idf/components/esp_driver_sdmmc/include -I/home/tikhon/Документы/magnolia/esp-idf/components/esp_driver_sdmmc/legacy/include -I/home/tikhon/Документы/magnolia/esp-idf/components/esp_driver_sdspi/include -I/home/tikhon/Документы/magnolia/esp-idf/components/esp_driver_sdio/include -I/home/tikhon/Документы/magnolia/esp-idf/components/esp_driver_dac/include -I/home/tikhon/Документы/magnolia/esp-idf/components/esp_driver_bitscrambler/include -I/home/tikhon/Документы/magnolia/esp-idf/components/esp_driver_rmt/include -I/home/tikhon/Документы/magnolia/esp-idf/components/esp_driver_tsens/include -I/home/tikhon/Документы/magnolia/esp-idf/components/esp_driver_sdm/include -I/home/tikhon/Документы/magnolia/esp-idf/components/esp_driver_i2c/include -I/home/tikhon/Документы/magnolia/esp-idf/components/esp_driver_ledc/include -I/home/tikhon/Документы/magnolia/esp-idf/components/esp_driver_parlio/include -I/home/tikhon/Документы/magnolia/esp-idf/components/esp_driver_twai/include -I/home/tikhon/Документы/magnolia/esp-idf/components/driver/deprecated -I/home/tikhon/Документы/magnolia/esp-idf/components/driver/i2c/include -I/home/tikhon/Документы/magnolia/esp-idf/components/driver/touch_sensor/include -I/home/tikhon/Документы/magnolia/esp-idf/components/driver/twai/include -I/home/tikhon/Документы/magnolia/esp-idf/components/driver/touch_sensor/esp32s3/include -I/home/tikhon/Документы/magnolia/esp-idf/components/http_parser -I/home/tikhon/Документы/magnolia/esp-idf/components/esp-tls -I/home/tikhon/Документы/magnolia/esp-idf/components/esp-tls/esp-tls-crypto -I/home/tikhon/Документы/magnolia/esp-idf/components/esp_adc/include -I/home/tikhon/Документы/magnolia/esp-idf/components/esp_adc/interface -I/home/tikhon/Документы/magnolia/esp-idf/components/esp_adc/esp32s3/include -I/home/tikhon/Документы/magnolia/esp-idf/components/esp_driver_isp/include -I/home/tikhon/Документы/magnolia/esp-idf/components/esp_driver_cam/include -I/home/tikhon/Документы/magnolia/esp-idf/components/esp_driver_cam/interface -I/home/tikhon/Документы/magnolia/esp-idf/components/esp_driver_cam/dvp/include -I/home/tikhon/Документы/magnolia/esp-idf/components/esp_driver_i3c/include -I/home/tikhon/Документы/magnolia/esp-idf/components/esp_psram/include -I/home/tikhon/Документы/magnolia/esp-idf/components/esp_psram/xip_impl/include -I/home/tikhon/Документы/magnolia/esp-idf/components/esp_driver_jpeg/include -I/home/tikhon/Документы/magnolia/esp-idf/components/esp_driver_ppa/include -I/home/tikhon/Документы/magnolia/esp-idf/components/esp_driver_touch_sens/include -I/home/tikhon/Документы/magnolia/esp-idf/components/esp_driver_touch_sens/hw_ver2/include -I/home/tikhon/Документы/magnolia/esp-idf/components/esp_eth/include -I/home/tikhon/Документы/magnolia/esp-idf/components/esp_hid/include -I/home/tikhon/Документы/magnolia/esp-idf/components/tcp_transport/include -I/home/tikhon/Документы/magnolia/esp-idf/components/esp_http_client/include -I/home/tikhon/Документы/magnolia/esp-idf/components/esp_http_server/include -I/home/tikhon/Документы/magnolia/esp-idf/components/esp_https_ota/include -I/home/tikhon/Документы/magnolia/esp-idf/components/esp_https_server/include -I/home/tikhon/Документы/magnolia/esp-idf/components/esp_lcd/include -I/home/tikhon/Документы/magnolia/esp-idf/components/esp_lcd/interface -I/home/tikhon/Документы/magnolia/esp-idf/components/esp_lcd/rgb/include -I/home/tikhon/Документы/magnolia/esp-idf/components/protobuf-c/protobuf-c -I/home/tikhon/Документы/magnolia/esp-idf/components/protocomm/include/common -I/home/tikhon/Документы/magnolia/esp-idf/components/protocomm/include/security -I/home/tikhon/Документы/magnolia/esp-idf/components/protocomm/include/transports -I/home/tikhon/Документы/magnolia/esp-idf/components/protocomm/include/crypto/srp6a -I/home/tikhon/Документы/magnolia/esp-idf/components/protocomm/proto-c -I/home/tikhon/Документы/magnolia/esp-idf/components/esp_local_ctrl/include -I/home/tikhon/Документы/magnolia/esp-idf/components/espcoredump/include -I/home/tikhon/Документы/magnolia/esp-idf/components/espcoredump/include/port/xtensa -I/home/tikhon/Документы/magnolia/esp-idf/components/wear_levelling/include -I/home/tikhon/Документы/magnolia/esp-idf/components/fatfs/diskio -I/home/tikhon/Документы/magnolia/esp-idf/components/fatfs/src -I/home/tikhon/Документы/magnolia/esp-idf/components/fatfs/vfs -I/home/tikhon/Документы/magnolia/esp-idf/components/idf_test/include -I/home/tikhon/Документы/magnolia/esp-idf/components/idf_test/include/esp32s3 -I/home/tikhon/Документы/magnolia/esp-idf/components/ieee802154/include -I/home/tikhon/Документы/magnolia/esp-idf/components/json/cJSON -I/home/tikhon/Документы/magnolia/esp-idf/components/mqtt/esp-mqtt/include -I/home/tikhon/Документы/magnolia/esp-idf/components/nvs_sec_provider/include -I/home/tikhon/Документы/magnolia/esp-idf/components/perfmon/include -I/home/tikhon/Документы/magnolia/esp-idf/components/rt/include -I/home/tikhon/Документы/magnolia/esp-idf/components/spiffs/include -I/home/tikhon/Документы/magnolia/esp-idf/components/touch_element/include -I/home/tikhon/Документы/magnolia/esp-idf/components/usb/include -I/home/tikhon/Документы/magnolia/esp-idf/components/wifi_provisioning/include -mlongcalls -fno-builtin-memcpy -fno-builtin-memset -fno-builtin-bzero  -fdiagnostics-color=always -ffunction-sections -fdata-sections -Wall -Werror=all -Wno-error=unused-function -Wno-error=unused-variable -Wno-error=unused-but-set-variable -Wno-error=deprecated-declarations -Wextra -Wno-error=extra -Wno-unused-parameter -Wno-sign-compare -Wno-enum-conversion -gdwarf-4 -ggdb -Og -fno-shrink-wrap -fmacro-prefix-map=/home/tikhon/Документы/magnolia/applets/mainline/touch=. -fmacro-prefix-map=/home/tikhon/Документы/magnolia/esp-idf=/IDF -fstrict-volatile-bitfields -fno-jump-tables -fno-tree-switch-conversion -nostartfiles -nostdlib -fPIC -shared -e app_main -Wl,--gc-sections -fvisibility=hidden -Wl,--strip-all -Wl,--strip-debug -Wl,--strip-discarded -Dmain=app_main -std=gnu17 -Wno-old-style-declaration -fzero-init-padding-bits=all -fno-malloc-dce -MD -MT esp-idf/main/CMakeFiles/__idf_main.dir/main.c.obj -MF esp-idf/main/CMakeFiles/__idf_main.dir/main.c.obj.d -o esp-idf/main/CMakeFiles/__idf_main.dir/main.c.obj -c '/home/tikhon/Документы/magnolia/applets/mainline/touch/main/main.c'
/home/tikhon/Документы/magnolia/applets/mainline/touch/main/main.c: In function 'stat_path':
/home/tikhon/Документы/magnolia/applets/mainline/touch/main/main.c:307:16: error: implicit declaration of function 'lstat'; did you mean 'stat'? [-Wimplicit-function-declaration]
  307 |         return lstat(path, st);
      |                ^~~~~
      |                stat
Applet gotest OK -> /home/tikhon/Документы/magnolia/rootfs/bin/gotest
Building applet rselftest -> rselftest ...
+ idf.py elf
Applet gohello OK -> /home/tikhon/Документы/magnolia/rootfs/bin/gohello
Building applet rshello -> rshello ...
Executing action: elf
Running ninja in directory /home/tikhon/Документы/magnolia/applets/go/uname/build
Executing "ninja elf"...
[0/2] Re-checking globbed directories...
+ idf.py elf
Applet goargs OK -> /home/tikhon/Документы/magnolia/rootfs/bin/goargs
Building applet rusthello -> rusthello ...
+ idf.py elf
[4/16] No update step for 'bootloader'
ninja: build stopped: subcommand failed.
Executing action: elf
Running ninja in directory /home/tikhon/Документы/magnolia/applets/go/sleep/build
Executing "ninja elf"...
[0/2] Re-checking globbed directories...
-- Generating done (0.5s)
[1/2] Build ELF: uname.app.elf
Executing action: elf
Running ninja in directory /home/tikhon/Документы/magnolia/applets/go/true/build
Executing "ninja elf"...
[0/2] Re-checking globbed directories...
[1/2] Build ELF: true.app.elf
Executing action: elf
Running ninja in directory /home/tikhon/Документы/magnolia/applets/go/goxxd/build
Executing "ninja elf"...
[0/2] Re-checking globbed directories...
[1/2] Build ELF: sleep.app.elf
[1/2] Build ELF: xxd.app.elf
Applet gohexdump OK -> /home/tikhon/Документы/magnolia/rootfs/bin/gohexdump
Building applet rxxd -> rxxd ...
+ idf.py elf
-- Build files have been written to: /home/tikhon/Документы/magnolia/applets/mainline/cksum/build
Applet pwd OK -> /home/tikhon/Документы/magnolia/rootfs/bin/gopwd
Building applet zdd -> zdd ...
+ idf.py elf
Applet true OK -> /home/tikhon/Документы/magnolia/rootfs/bin/gotrue
Building applet zhexdump -> zhexdump ...
+ idf.py elf
Applet uname OK -> /home/tikhon/Документы/magnolia/rootfs/bin/gouname
Building applet zigdemo -> zigdemo ...
+ idf.py elf
Command failed (2): idf.py build
Skipping failed applet build: touch
Building applet zighello -> zighello ...
+ idf.py elf
Applet sleep OK -> /home/tikhon/Документы/magnolia/rootfs/bin/gosleep
Building applet zigtest -> zigtest ...
+ idf.py elf
Applet goxxd OK -> /home/tikhon/Документы/magnolia/rootfs/bin/goxxd
Building applet zxxd -> zxxd ...
+ idf.py elf
Executing action: elf
Running ninja in directory /home/tikhon/Документы/magnolia/applets/rust/rdd/build
Executing "ninja elf"...
[0/2] Re-checking globbed directories...
-- Project sdkconfig file /home/tikhon/Документы/magnolia/applets/mainline/printenv/sdkconfig
Executing action: elf
Running ninja in directory /home/tikhon/Документы/magnolia/applets/rust/edit/build
Executing "ninja elf"...
[0/2] Re-checking globbed directories...
+ idf.py elf
-- Project sdkconfig file /home/tikhon/Документы/magnolia/applets/mainline/rev/sdkconfig
[1/3] Build Rust staticlib: /home/tikhon/Документы/magnolia/applets/rust/edit/build/libedit.a
FAILED: libedit.a /home/tikhon/Документы/magnolia/applets/rust/edit/build/libedit.a 
cd /home/tikhon/Документы/magnolia/applets/rust/edit/build && /usr/bin/cmake -E env CARGO_TARGET_DIR=/home/tikhon/Документы/magnolia/applets/rust/edit/build/rust_target bash -lc "set -euo pipefail;                  if [ -n \"/home/tikhon/export-esp.sh\" ] && [ -f \"/home/tikhon/export-esp.sh\" ]; then . \"/home/tikhon/export-esp.sh\" >/dev/null 2>&1; fi;                  RUSTFLAGS='-C panic=abort' cargo +esp build  --locked                    -Zbuild-std=core,alloc,compiler_builtins -Zbuild-std-features=compiler-builtins-mem                    --manifest-path '/home/tikhon/Документы/magnolia/applets/rust/edit/rust/Cargo.toml' --release --target 'xtensa-esp32s3-none-elf'" && /usr/bin/cmake -E copy_if_different /home/tikhon/Документы/magnolia/applets/rust/edit/build/rust_target/xtensa-esp32s3-none-elf/release/libedit.a /home/tikhon/Документы/magnolia/applets/rust/edit/build/libedit.a && bash -lc "set -euo pipefail;                  tmp='/home/tikhon/Документы/magnolia/applets/rust/edit/build/rust_fixup_edit';                  rm -rf \"\$tmp\"; mkdir -p \"\$tmp\";                  cd \"\$tmp\";                  '/home/tikhon/.espressif/tools/xtensa-esp-elf/esp-15.1.0_20250607/xtensa-esp-elf/bin/xtensa-esp32s3-elf-ar' x '/home/tikhon/Документы/magnolia/applets/rust/edit/build/libedit.a';                  for obj in *.o; do                    [ -f \"\$obj\" ] || continue;                    for sec in \$(LC_ALL=C readelf -S -W \"\$obj\" | sed -n 's/^[[:space:]]*\\[[[:space:]]*[0-9]\\+\\][[:space:]]\\+\\([^ ]\\+\\).*/\\1/p'); do                      case \"\$sec\" in                        .literal*|.rodata*) '/home/tikhon/.espressif/tools/xtensa-esp-elf/esp-15.1.0_20250607/xtensa-esp-elf/bin/xtensa-esp32s3-elf-objcopy' --set-section-flags \"\$sec\"=alloc,load,contents,data \"\$obj\" || true ;;                      esac;                    done;                  done;                  '/home/tikhon/.espressif/tools/xtensa-esp-elf/esp-15.1.0_20250607/xtensa-esp-elf/bin/xtensa-esp32s3-elf-ar' rcs '/home/tikhon/Документы/magnolia/applets/rust/edit/build/libedit.a' *.o"
   Compiling magnolia-applet v0.1.0 (/home/tikhon/Документы/magnolia/sdk/rust/magnolia-applet)
error: cannot find macro `vec` in this scope
  --> /home/tikhon/Документы/magnolia/sdk/rust/magnolia-applet/src/net.rs:86:9
   |
86 |         vec![unsafe { mem::zeroed() }; count as usize];
   |         ^^^
   |
help: consider importing this macro
   |
 1 + use alloc::vec;
   |

error: cannot find macro `vec` in this scope
   --> /home/tikhon/Документы/magnolia/sdk/rust/magnolia-applet/src/net.rs:226:9
    |
226 |         vec![unsafe { mem::zeroed() }; count as usize];
    |         ^^^
    |
help: consider importing this macro
    |
  1 + use alloc::vec;
    |

error: cannot find macro `vec` in this scope
  --> /home/tikhon/Документы/magnolia/sdk/rust/magnolia-applet/src/sysctl.rs:31:19
   |
31 |     let mut buf = vec![0i8; 256];
   |                   ^^^
   |
help: consider importing this macro
   |
 1 + use alloc::vec;
   |

error: could not compile `magnolia-applet` (lib) due to 3 previous errors
ninja: build stopped: subcommand failed.
[1/3] Build Rust staticlib: /home/tikhon/Документы/magnolia/applets/rust/rdd/build/libdd.a
FAILED: libdd.a /home/tikhon/Документы/magnolia/applets/rust/rdd/build/libdd.a 
cd /home/tikhon/Документы/magnolia/applets/rust/rdd/build && /usr/bin/cmake -E env CARGO_TARGET_DIR=/home/tikhon/Документы/magnolia/applets/rust/rdd/build/rust_target bash -lc "set -euo pipefail;                  if [ -n \"/home/tikhon/export-esp.sh\" ] && [ -f \"/home/tikhon/export-esp.sh\" ]; then . \"/home/tikhon/export-esp.sh\" >/dev/null 2>&1; fi;                  RUSTFLAGS='-C panic=abort' cargo +esp build  --locked                    -Zbuild-std=core,alloc,compiler_builtins -Zbuild-std-features=compiler-builtins-mem                    --manifest-path '/home/tikhon/Документы/magnolia/applets/rust/rdd/rust/Cargo.toml' --release --target 'xtensa-esp32s3-none-elf'" && /usr/bin/cmake -E copy_if_different /home/tikhon/Документы/magnolia/applets/rust/rdd/build/rust_target/xtensa-esp32s3-none-elf/release/libdd.a /home/tikhon/Документы/magnolia/applets/rust/rdd/build/libdd.a && bash -lc "set -euo pipefail;                  tmp='/home/tikhon/Документы/magnolia/applets/rust/rdd/build/rust_fixup_dd';                  rm -rf \"\$tmp\"; mkdir -p \"\$tmp\";                  cd \"\$tmp\";                  '/home/tikhon/.espressif/tools/xtensa-esp-elf/esp-15.1.0_20250607/xtensa-esp-elf/bin/xtensa-esp32s3-elf-ar' x '/home/tikhon/Документы/magnolia/applets/rust/rdd/build/libdd.a';                  for obj in *.o; do                    [ -f \"\$obj\" ] || continue;                    for sec in \$(LC_ALL=C readelf -S -W \"\$obj\" | sed -n 's/^[[:space:]]*\\[[[:space:]]*[0-9]\\+\\][[:space:]]\\+\\([^ ]\\+\\).*/\\1/p'); do                      case \"\$sec\" in                        .literal*|.rodata*) '/home/tikhon/.espressif/tools/xtensa-esp-elf/esp-15.1.0_20250607/xtensa-esp-elf/bin/xtensa-esp32s3-elf-objcopy' --set-section-flags \"\$sec\"=alloc,load,contents,data \"\$obj\" || true ;;                      esac;                    done;                  done;                  '/home/tikhon/.espressif/tools/xtensa-esp-elf/esp-15.1.0_20250607/xtensa-esp-elf/bin/xtensa-esp32s3-elf-ar' rcs '/home/tikhon/Документы/magnolia/applets/rust/rdd/build/libdd.a' *.o"
    Blocking waiting for file lock on package cache
    Blocking waiting for file lock on package cache
   Compiling magnolia-applet v0.1.0 (/home/tikhon/Документы/magnolia/sdk/rust/magnolia-applet)
error: cannot find macro `vec` in this scope
  --> /home/tikhon/Документы/magnolia/sdk/rust/magnolia-applet/src/net.rs:86:9
   |
86 |         vec![unsafe { mem::zeroed() }; count as usize];
   |         ^^^
   |
help: consider importing this macro
   |
 1 + use alloc::vec;
   |

error: cannot find macro `vec` in this scope
   --> /home/tikhon/Документы/magnolia/sdk/rust/magnolia-applet/src/net.rs:226:9
    |
226 |         vec![unsafe { mem::zeroed() }; count as usize];
    |         ^^^
    |
help: consider importing this macro
    |
  1 + use alloc::vec;
    |

error: cannot find macro `vec` in this scope
  --> /home/tikhon/Документы/magnolia/sdk/rust/magnolia-applet/src/sysctl.rs:31:19
   |
31 |     let mut buf = vec![0i8; 256];
   |                   ^^^
   |
help: consider importing this macro
   |
 1 + use alloc::vec;
   |

error: could not compile `magnolia-applet` (lib) due to 3 previous errors
ninja: build stopped: subcommand failed.
Command failed (2): idf.py elf
Elf target failed for edit; running `idf.py build` instead.
+ idf.py build
Command failed (2): idf.py elf
Elf target failed for rdd; running `idf.py build` instead.
+ idf.py build
Executing action: elf
Running ninja in directory /home/tikhon/Документы/magnolia/applets/rust/rhexdump/build
Executing "ninja elf"...
[0/2] Re-checking globbed directories...
-- Compiler supported targets: xtensa-esp-elf
Executing action: elf
Running ninja in directory /home/tikhon/Документы/magnolia/applets/rust/rusthello/build
Executing "ninja elf"...
[0/2] Re-checking globbed directories...
Executing action: elf
Running ninja in directory /home/tikhon/Документы/magnolia/applets/rust/rselftest/build
Executing "ninja elf"...
[0/2] Re-checking globbed directories...
Executing action: elf
Running ninja in directory /home/tikhon/Документы/magnolia/applets/zig/zdd/build
Executing "ninja elf"...
[0/2] Re-checking globbed directories...
-- App "printenv" version: c092b7f-dirty
[1/2] Build ELF: dd.app.elf
/home/tikhon/.espressif/tools/xtensa-esp-elf/esp-15.1.0_20250607/xtensa-esp-elf/bin/../lib/gcc/xtensa-esp-elf/15.1.0/../../../../xtensa-esp-elf/bin/ld: warning: dd.app.elf has a LOAD segment with RWX permissions
Executing action: elf
Running ninja in directory /home/tikhon/Документы/magnolia/applets/rust/rxxd/build
Executing "ninja elf"...
[0/2] Re-checking globbed directories...
Executing action: elf
Running ninja in directory /home/tikhon/Документы/magnolia/applets/zig/zighello/build
Executing "ninja elf"...
[0/2] Re-checking globbed directories...
Executing action: elf
Running ninja in directory /home/tikhon/Документы/magnolia/applets/zig/zhexdump/build
Executing "ninja elf"...
[0/2] Re-checking globbed directories...
Executing action: elf
Running ninja in directory /home/tikhon/Документы/magnolia/applets/rust/rshello/build
Executing "ninja elf"...
[1/1] Build ELF: rshello.app.elf
/home/tikhon/.espressif/tools/xtensa-esp-elf/esp-15.1.0_20250607/xtensa-esp-elf/bin/../lib/gcc/xtensa-esp-elf/15.1.0/../../../../xtensa-esp-elf/bin/ld: warning: main.c.obj: missing .note.GNU-stack section implies executable stack
/home/tikhon/.espressif/tools/xtensa-esp-elf/esp-15.1.0_20250607/xtensa-esp-elf/bin/../lib/gcc/xtensa-esp-elf/15.1.0/../../../../xtensa-esp-elf/bin/ld: NOTE: This behaviour is deprecated and will be removed in a future version of the linker
[1/2] Build ELF: zighello.app.elf
[1/3] Build Rust staticlib: /home/tikhon/Документы/magnolia/applets/rust/rhexdump/build/libhexdump.a
FAILED: libhexdump.a /home/tikhon/Документы/magnolia/applets/rust/rhexdump/build/libhexdump.a 
cd /home/tikhon/Документы/magnolia/applets/rust/rhexdump/build && /usr/bin/cmake -E env CARGO_TARGET_DIR=/home/tikhon/Документы/magnolia/applets/rust/rhexdump/build/rust_target bash -lc "set -euo pipefail;                  if [ -n \"/home/tikhon/export-esp.sh\" ] && [ -f \"/home/tikhon/export-esp.sh\" ]; then . \"/home/tikhon/export-esp.sh\" >/dev/null 2>&1; fi;                  RUSTFLAGS='-C panic=abort' cargo +esp build  --locked                    -Zbuild-std=core,alloc,compiler_builtins -Zbuild-std-features=compiler-builtins-mem                    --manifest-path '/home/tikhon/Документы/magnolia/applets/rust/rhexdump/rust/Cargo.toml' --release --target 'xtensa-esp32s3-none-elf'" && /usr/bin/cmake -E copy_if_different /home/tikhon/Документы/magnolia/applets/rust/rhexdump/build/rust_target/xtensa-esp32s3-none-elf/release/libhexdump.a /home/tikhon/Документы/magnolia/applets/rust/rhexdump/build/libhexdump.a && bash -lc "set -euo pipefail;                  tmp='/home/tikhon/Документы/magnolia/applets/rust/rhexdump/build/rust_fixup_hexdump';                  rm -rf \"\$tmp\"; mkdir -p \"\$tmp\";                  cd \"\$tmp\";                  '/home/tikhon/.espressif/tools/xtensa-esp-elf/esp-15.1.0_20250607/xtensa-esp-elf/bin/xtensa-esp32s3-elf-ar' x '/home/tikhon/Документы/magnolia/applets/rust/rhexdump/build/libhexdump.a';                  for obj in *.o; do                    [ -f \"\$obj\" ] || continue;                    for sec in \$(LC_ALL=C readelf -S -W \"\$obj\" | sed -n 's/^[[:space:]]*\\[[[:space:]]*[0-9]\\+\\][[:space:]]\\+\\([^ ]\\+\\).*/\\1/p'); do                      case \"\$sec\" in                        .literal*|.rodata*) '/home/tikhon/.espressif/tools/xtensa-esp-elf/esp-15.1.0_20250607/xtensa-esp-elf/bin/xtensa-esp32s3-elf-objcopy' --set-section-flags \"\$sec\"=alloc,load,contents,data \"\$obj\" || true ;;                      esac;                    done;                  done;                  '/home/tikhon/.espressif/tools/xtensa-esp-elf/esp-15.1.0_20250607/xtensa-esp-elf/bin/xtensa-esp32s3-elf-ar' rcs '/home/tikhon/Документы/magnolia/applets/rust/rhexdump/build/libhexdump.a' *.o"
   Compiling magnolia-applet v0.1.0 (/home/tikhon/Документы/magnolia/sdk/rust/magnolia-applet)
error: cannot find macro `vec` in this scope
  --> /home/tikhon/Документы/magnolia/sdk/rust/magnolia-applet/src/net.rs:86:9
   |
86 |         vec![unsafe { mem::zeroed() }; count as usize];
   |         ^^^
   |
help: consider importing this macro
   |
 1 + use alloc::vec;
   |

error: cannot find macro `vec` in this scope
   --> /home/tikhon/Документы/magnolia/sdk/rust/magnolia-applet/src/net.rs:226:9
    |
226 |         vec![unsafe { mem::zeroed() }; count as usize];
    |         ^^^
    |
help: consider importing this macro
    |
  1 + use alloc::vec;
    |

error: cannot find macro `vec` in this scope
  --> /home/tikhon/Документы/magnolia/sdk/rust/magnolia-applet/src/sysctl.rs:31:19
   |
31 |     let mut buf = vec![0i8; 256];
   |                   ^^^
   |
help: consider importing this macro
   |
 1 + use alloc::vec;
   |

error: could not compile `magnolia-applet` (lib) due to 3 previous errors
ninja: build stopped: subcommand failed.
Executing action: elf
Running ninja in directory /home/tikhon/Документы/magnolia/applets/zig/zigdemo/build
Executing "ninja elf"...
[0/2] Re-checking globbed directories...
[1/2] Build ELF: hexdump.app.elf
/home/tikhon/.espressif/tools/xtensa-esp-elf/esp-15.1.0_20250607/xtensa-esp-elf/bin/../lib/gcc/xtensa-esp-elf/15.1.0/../../../../xtensa-esp-elf/bin/ld: warning: hexdump.app.elf has a LOAD segment with RWX permissions
Executing action: elf
Running ninja in directory /home/tikhon/Документы/magnolia/applets/zig/zigtest/build
Executing "ninja elf"...
[0/2] Re-checking globbed directories...
[1/2] Build ELF: zigdemo.app.elf
/home/tikhon/.espressif/tools/xtensa-esp-elf/esp-15.1.0_20250607/xtensa-esp-elf/bin/../lib/gcc/xtensa-esp-elf/15.1.0/../../../../xtensa-esp-elf/bin/ld: warning: zigdemo.app.elf has a LOAD segment with RWX permissions
-- Compiler supported targets: xtensa-esp-elf
[1/2] Build ELF: zigtest.app.elf
/home/tikhon/.espressif/tools/xtensa-esp-elf/esp-15.1.0_20250607/xtensa-esp-elf/bin/../lib/gcc/xtensa-esp-elf/15.1.0/../../../../xtensa-esp-elf/bin/ld: warning: zigtest.app.elf has a LOAD segment with RWX permissions
Executing action: elf
Running ninja in directory /home/tikhon/Документы/magnolia/applets/zig/zxxd/build
Executing "ninja elf"...
[0/2] Re-checking globbed directories...
[1/2] Build ELF: xxd.app.elf
/home/tikhon/.espressif/tools/xtensa-esp-elf/esp-15.1.0_20250607/xtensa-esp-elf/bin/../lib/gcc/xtensa-esp-elf/15.1.0/../../../../xtensa-esp-elf/bin/ld: warning: xxd.app.elf has a LOAD segment with RWX permissions
Applet zdd OK -> /home/tikhon/Документы/magnolia/rootfs/bin/zdd
-- Found Python3: /home/tikhon/.espressif/python_env/idf6.0_py3.12_env/bin/python (found version "3.12.3") found components: Interpreter 
Applet zighello OK -> /home/tikhon/Документы/magnolia/rootfs/bin/zighello
Applet rshello OK -> /home/tikhon/Документы/magnolia/rootfs/bin/rshello
Applet zhexdump OK -> /home/tikhon/Документы/magnolia/rootfs/bin/zhexdump
[1/3] Build Rust staticlib: /home/tikhon/Документы/magnolia/applets/rust/rusthello/build/librusthello.a
FAILED: librusthello.a /home/tikhon/Документы/magnolia/applets/rust/rusthello/build/librusthello.a 
cd /home/tikhon/Документы/magnolia/applets/rust/rusthello/build && /usr/bin/cmake -E env CARGO_TARGET_DIR=/home/tikhon/Документы/magnolia/applets/rust/rusthello/build/rust_target bash -lc "set -euo pipefail;                  if [ -n \"/home/tikhon/export-esp.sh\" ] && [ -f \"/home/tikhon/export-esp.sh\" ]; then . \"/home/tikhon/export-esp.sh\" >/dev/null 2>&1; fi;                  RUSTFLAGS='-C panic=abort' cargo +esp build  --locked                    -Zbuild-std=core,alloc,compiler_builtins -Zbuild-std-features=compiler-builtins-mem                    --manifest-path '/home/tikhon/Документы/magnolia/applets/rust/rusthello/rust/Cargo.toml' --release --target 'xtensa-esp32s3-none-elf'" && /usr/bin/cmake -E copy_if_different /home/tikhon/Документы/magnolia/applets/rust/rusthello/build/rust_target/xtensa-esp32s3-none-elf/release/librusthello.a /home/tikhon/Документы/magnolia/applets/rust/rusthello/build/librusthello.a && bash -lc "set -euo pipefail;                  tmp='/home/tikhon/Документы/magnolia/applets/rust/rusthello/build/rust_fixup_rusthello';                  rm -rf \"\$tmp\"; mkdir -p \"\$tmp\";                  cd \"\$tmp\";                  '/home/tikhon/.espressif/tools/xtensa-esp-elf/esp-15.1.0_20250607/xtensa-esp-elf/bin/xtensa-esp32s3-elf-ar' x '/home/tikhon/Документы/magnolia/applets/rust/rusthello/build/librusthello.a';                  for obj in *.o; do                    [ -f \"\$obj\" ] || continue;                    for sec in \$(LC_ALL=C readelf -S -W \"\$obj\" | sed -n 's/^[[:space:]]*\\[[[:space:]]*[0-9]\\+\\][[:space:]]\\+\\([^ ]\\+\\).*/\\1/p'); do                      case \"\$sec\" in                        .literal*|.rodata*) '/home/tikhon/.espressif/tools/xtensa-esp-elf/esp-15.1.0_20250607/xtensa-esp-elf/bin/xtensa-esp32s3-elf-objcopy' --set-section-flags \"\$sec\"=alloc,load,contents,data \"\$obj\" || true ;;                      esac;                    done;                  done;                  '/home/tikhon/.espressif/tools/xtensa-esp-elf/esp-15.1.0_20250607/xtensa-esp-elf/bin/xtensa-esp32s3-elf-ar' rcs '/home/tikhon/Документы/magnolia/applets/rust/rusthello/build/librusthello.a' *.o"
   Compiling magnolia-applet v0.1.0 (/home/tikhon/Документы/magnolia/sdk/rust/magnolia-applet)
error: cannot find macro `vec` in this scope
  --> /home/tikhon/Документы/magnolia/sdk/rust/magnolia-applet/src/net.rs:86:9
   |
86 |         vec![unsafe { mem::zeroed() }; count as usize];
   |         ^^^
   |
help: consider importing this macro
   |
 1 + use alloc::vec;
   |

error: cannot find macro `vec` in this scope
   --> /home/tikhon/Документы/magnolia/sdk/rust/magnolia-applet/src/net.rs:226:9
    |
226 |         vec![unsafe { mem::zeroed() }; count as usize];
    |         ^^^
    |
help: consider importing this macro
    |
  1 + use alloc::vec;
    |

error: cannot find macro `vec` in this scope
  --> /home/tikhon/Документы/magnolia/sdk/rust/magnolia-applet/src/sysctl.rs:31:19
   |
31 |     let mut buf = vec![0i8; 256];
   |                   ^^^
   |
help: consider importing this macro
   |
 1 + use alloc::vec;
   |

error: could not compile `magnolia-applet` (lib) due to 3 previous errors
ninja: build stopped: subcommand failed.
[1/3] Build Rust staticlib: /home/tikhon/Документы/magnolia/applets/rust/rselftest/build/librselftest.a
FAILED: librselftest.a /home/tikhon/Документы/magnolia/applets/rust/rselftest/build/librselftest.a 
-- Performing Test CMAKE_HAVE_LIBC_PTHREAD
cd /home/tikhon/Документы/magnolia/applets/rust/rselftest/build && /usr/bin/cmake -E env CARGO_TARGET_DIR=/home/tikhon/Документы/magnolia/applets/rust/rselftest/build/rust_target bash -lc "set -euo pipefail;                  if [ -n \"/home/tikhon/export-esp.sh\" ] && [ -f \"/home/tikhon/export-esp.sh\" ]; then . \"/home/tikhon/export-esp.sh\" >/dev/null 2>&1; fi;                  RUSTFLAGS='-C panic=abort' cargo +esp build  --locked                    -Zbuild-std=core,alloc,compiler_builtins -Zbuild-std-features=compiler-builtins-mem                    --manifest-path '/home/tikhon/Документы/magnolia/applets/rust/rselftest/rust/Cargo.toml' --release --target 'xtensa-esp32s3-none-elf'" && /usr/bin/cmake -E copy_if_different /home/tikhon/Документы/magnolia/applets/rust/rselftest/build/rust_target/xtensa-esp32s3-none-elf/release/librselftest.a /home/tikhon/Документы/magnolia/applets/rust/rselftest/build/librselftest.a && bash -lc "set -euo pipefail;                  tmp='/home/tikhon/Документы/magnolia/applets/rust/rselftest/build/rust_fixup_rselftest';                  rm -rf \"\$tmp\"; mkdir -p \"\$tmp\";                  cd \"\$tmp\";                  '/home/tikhon/.espressif/tools/xtensa-esp-elf/esp-15.1.0_20250607/xtensa-esp-elf/bin/xtensa-esp32s3-elf-ar' x '/home/tikhon/Документы/magnolia/applets/rust/rselftest/build/librselftest.a';                  for obj in *.o; do                    [ -f \"\$obj\" ] || continue;                    for sec in \$(LC_ALL=C readelf -S -W \"\$obj\" | sed -n 's/^[[:space:]]*\\[[[:space:]]*[0-9]\\+\\][[:space:]]\\+\\([^ ]\\+\\).*/\\1/p'); do                      case \"\$sec\" in                        .literal*|.rodata*) '/home/tikhon/.espressif/tools/xtensa-esp-elf/esp-15.1.0_20250607/xtensa-esp-elf/bin/xtensa-esp32s3-elf-objcopy' --set-section-flags \"\$sec\"=alloc,load,contents,data \"\$obj\" || true ;;                      esac;                    done;                  done;                  '/home/tikhon/.espressif/tools/xtensa-esp-elf/esp-15.1.0_20250607/xtensa-esp-elf/bin/xtensa-esp32s3-elf-ar' rcs '/home/tikhon/Документы/magnolia/applets/rust/rselftest/build/librselftest.a' *.o"
   Compiling magnolia-applet v0.1.0 (/home/tikhon/Документы/magnolia/sdk/rust/magnolia-applet)
error: cannot find macro `vec` in this scope
  --> /home/tikhon/Документы/magnolia/sdk/rust/magnolia-applet/src/net.rs:86:9
   |
86 |         vec![unsafe { mem::zeroed() }; count as usize];
   |         ^^^
   |
help: consider importing this macro
   |
 1 + use alloc::vec;
   |

error: cannot find macro `vec` in this scope
   --> /home/tikhon/Документы/magnolia/sdk/rust/magnolia-applet/src/net.rs:226:9
    |
226 |         vec![unsafe { mem::zeroed() }; count as usize];
    |         ^^^
    |
help: consider importing this macro
    |
  1 + use alloc::vec;
    |

error: cannot find macro `vec` in this scope
  --> /home/tikhon/Документы/magnolia/sdk/rust/magnolia-applet/src/sysctl.rs:31:19
   |
31 |     let mut buf = vec![0i8; 256];
   |                   ^^^
   |
help: consider importing this macro
   |
 1 + use alloc::vec;
   |

error: could not compile `magnolia-applet` (lib) due to 3 previous errors
ninja: build stopped: subcommand failed.
Command failed (2): idf.py elf
Elf target failed for rhexdump; running `idf.py build` instead.
+ idf.py build
Applet zigdemo OK -> /home/tikhon/Документы/magnolia/rootfs/bin/zigdemo
-- App "rev" version: c092b7f-dirty
Applet zigtest OK -> /home/tikhon/Документы/magnolia/rootfs/bin/zigtest
Executing action: elf
Running ninja in directory /home/tikhon/Документы/magnolia/applets/mainline/cksum/build
Executing "ninja elf"...
[1/1044] Generating /home/tikhon/Документы/magnolia/applets/mainline/cksum/build/esp-idf/esp_system/ld/sections.ld.in linker script...
[2/1044] Generating /home/tikhon/Документы/magnolia/applets/mainline/cksum/build/esp-idf/esp_system/ld/memory.ld linker script...
Applet zxxd OK -> /home/tikhon/Документы/magnolia/rootfs/bin/zxxd
[1/3] Build Rust staticlib: /home/tikhon/Документы/magnolia/applets/rust/rxxd/build/libxxd.a
FAILED: libxxd.a /home/tikhon/Документы/magnolia/applets/rust/rxxd/build/libxxd.a 
cd /home/tikhon/Документы/magnolia/applets/rust/rxxd/build && /usr/bin/cmake -E env CARGO_TARGET_DIR=/home/tikhon/Документы/magnolia/applets/rust/rxxd/build/rust_target bash -lc "set -euo pipefail;                  if [ -n \"/home/tikhon/export-esp.sh\" ] && [ -f \"/home/tikhon/export-esp.sh\" ]; then . \"/home/tikhon/export-esp.sh\" >/dev/null 2>&1; fi;                  RUSTFLAGS='-C panic=abort' cargo +esp build  --locked                    -Zbuild-std=core,alloc,compiler_builtins -Zbuild-std-features=compiler-builtins-mem                    --manifest-path '/home/tikhon/Документы/magnolia/applets/rust/rxxd/rust/Cargo.toml' --release --target 'xtensa-esp32s3-none-elf'" && /usr/bin/cmake -E copy_if_different /home/tikhon/Документы/magnolia/applets/rust/rxxd/build/rust_target/xtensa-esp32s3-none-elf/release/libxxd.a /home/tikhon/Документы/magnolia/applets/rust/rxxd/build/libxxd.a && bash -lc "set -euo pipefail;                  tmp='/home/tikhon/Документы/magnolia/applets/rust/rxxd/build/rust_fixup_xxd';                  rm -rf \"\$tmp\"; mkdir -p \"\$tmp\";                  cd \"\$tmp\";                  '/home/tikhon/.espressif/tools/xtensa-esp-elf/esp-15.1.0_20250607/xtensa-esp-elf/bin/xtensa-esp32s3-elf-ar' x '/home/tikhon/Документы/magnolia/applets/rust/rxxd/build/libxxd.a';                  for obj in *.o; do                    [ -f \"\$obj\" ] || continue;                    for sec in \$(LC_ALL=C readelf -S -W \"\$obj\" | sed -n 's/^[[:space:]]*\\[[[:space:]]*[0-9]\\+\\][[:space:]]\\+\\([^ ]\\+\\).*/\\1/p'); do                      case \"\$sec\" in                        .literal*|.rodata*) '/home/tikhon/.espressif/tools/xtensa-esp-elf/esp-15.1.0_20250607/xtensa-esp-elf/bin/xtensa-esp32s3-elf-objcopy' --set-section-flags \"\$sec\"=alloc,load,contents,data \"\$obj\" || true ;;                      esac;                    done;                  done;                  '/home/tikhon/.espressif/tools/xtensa-esp-elf/esp-15.1.0_20250607/xtensa-esp-elf/bin/xtensa-esp32s3-elf-ar' rcs '/home/tikhon/Документы/magnolia/applets/rust/rxxd/build/libxxd.a' *.o"
   Compiling magnolia-applet v0.1.0 (/home/tikhon/Документы/magnolia/sdk/rust/magnolia-applet)
error: cannot find macro `vec` in this scope
  --> /home/tikhon/Документы/magnolia/sdk/rust/magnolia-applet/src/net.rs:86:9
   |
86 |         vec![unsafe { mem::zeroed() }; count as usize];
   |         ^^^
   |
help: consider importing this macro
   |
 1 + use alloc::vec;
   |

error: cannot find macro `vec` in this scope
   --> /home/tikhon/Документы/magnolia/sdk/rust/magnolia-applet/src/net.rs:226:9
    |
226 |         vec![unsafe { mem::zeroed() }; count as usize];
    |         ^^^
    |
help: consider importing this macro
    |
  1 + use alloc::vec;
    |

error: cannot find macro `vec` in this scope
  --> /home/tikhon/Документы/magnolia/sdk/rust/magnolia-applet/src/sysctl.rs:31:19
   |
31 |     let mut buf = vec![0i8; 256];
   |                   ^^^
   |
help: consider importing this macro
   |
 1 + use alloc::vec;
   |

error: could not compile `magnolia-applet` (lib) due to 3 previous errors
ninja: build stopped: subcommand failed.
-- Performing Test CMAKE_HAVE_LIBC_PTHREAD - Success
-- Found Threads: TRUE  
-- Performing Test C_COMPILER_SUPPORTS_WFORMAT_SIGNEDNESS
[3/1044] Building C object esp-idf/esp_http_server/CMakeFiles/__idf_esp_http_server.dir/src/httpd_ws.c.obj
Command failed (2): idf.py elf
Elf target failed for rusthello; running `idf.py build` instead.
+ idf.py build
[4/1044] Building C object esp-idf/esp_http_client/CMakeFiles/__idf_esp_http_client.dir/lib/http_utils.c.obj
[5/1044] Building C object esp-idf/esp_http_client/CMakeFiles/__idf_esp_http_client.dir/lib/http_header.c.obj
[6/1044] Building C object esp-idf/esp_http_client/CMakeFiles/__idf_esp_http_client.dir/lib/http_auth.c.obj
[7/1044] Building C object esp-idf/esp_http_server/CMakeFiles/__idf_esp_http_server.dir/src/httpd_uri.c.obj
-- Performing Test C_COMPILER_SUPPORTS_WFORMAT_SIGNEDNESS - Success
-- USING O3
[8/1044] Building C object esp-idf/tcp_transport/CMakeFiles/__idf_tcp_transport.dir/transport_internal.c.obj
[9/1044] Building C object esp-idf/esp_http_server/CMakeFiles/__idf_esp_http_server.dir/src/util/ctrl_sock.c.obj
[10/1044] Building C object esp-idf/esp_adc/CMakeFiles/__idf_esp_adc.dir/adc_common.c.obj
[11/1044] Building C object esp-idf/esp_adc/CMakeFiles/__idf_esp_adc.dir/adc_cali.c.obj
-- Adding linker script /home/tikhon/Документы/magnolia/applets/mainline/printenv/build/esp-idf/esp_system/ld/memory.ld
-- Adding linker script /home/tikhon/Документы/magnolia/applets/mainline/printenv/build/esp-idf/esp_system/ld/sections.ld.in
[12/1044] Building C object esp-idf/esp_http_server/CMakeFiles/__idf_esp_http_server.dir/src/httpd_main.c.obj
-- Adding linker script /home/tikhon/Документы/magnolia/esp-idf/components/esp_rom/esp32s3/ld/esp32s3.rom.ld
-- Adding linker script /home/tikhon/Документы/magnolia/esp-idf/components/esp_rom/esp32s3/ld/esp32s3.rom.api.ld
-- Adding linker script /home/tikhon/Документы/magnolia/esp-idf/components/esp_rom/esp32s3/ld/esp32s3.rom.bt_funcs.ld
-- Adding linker script /home/tikhon/Документы/magnolia/esp-idf/components/esp_rom/esp32s3/ld/esp32s3.rom.libgcc.ld
-- Adding linker script /home/tikhon/Документы/magnolia/esp-idf/components/esp_rom/esp32s3/ld/esp32s3.rom.wdt.ld
-- Adding linker script /home/tikhon/Документы/magnolia/esp-idf/components/esp_rom/esp32s3/ld/esp32s3.rom.version.ld
-- Adding linker script /home/tikhon/Документы/magnolia/esp-idf/components/esp_rom/esp32s3/ld/esp32s3.rom.ble_master.ld
-- Adding linker script /home/tikhon/Документы/magnolia/esp-idf/components/esp_rom/esp32s3/ld/esp32s3.rom.ble_50.ld
-- Adding linker script /home/tikhon/Документы/magnolia/esp-idf/components/esp_rom/esp32s3/ld/esp32s3.rom.ble_smp.ld
-- Adding linker script /home/tikhon/Документы/magnolia/esp-idf/components/esp_rom/esp32s3/ld/esp32s3.rom.ble_dtm.ld
-- Adding linker script /home/tikhon/Документы/magnolia/esp-idf/components/esp_rom/esp32s3/ld/esp32s3.rom.ble_test.ld
-- Adding linker script /home/tikhon/Документы/magnolia/esp-idf/components/esp_rom/esp32s3/ld/esp32s3.rom.ble_scan.ld
-- Adding linker script /home/tikhon/Документы/magnolia/esp-idf/components/esp_rom/esp32s3/ld/esp32s3.rom.libc.ld
-- Adding linker script /home/tikhon/Документы/magnolia/esp-idf/components/esp_rom/esp32s3/ld/esp32s3.rom.newlib.ld
Command failed (2): idf.py elf
Elf target failed for rselftest; running `idf.py build` instead.
+ idf.py build
[13/1044] Building C object esp-idf/esp_http_server/CMakeFiles/__idf_esp_http_server.dir/src/httpd_txrx.c.obj
[14/1044] Building C object esp-idf/esp_adc/CMakeFiles/__idf_esp_adc.dir/adc_oneshot.c.obj
-- Adding linker script /home/tikhon/Документы/magnolia/esp-idf/components/soc/esp32s3/ld/esp32s3.peripherals.ld
[15/1044] Building C object esp-idf/esp_https_ota/CMakeFiles/__idf_esp_https_ota.dir/src/esp_https_ota.c.obj
[16/1044] Building C object esp-idf/esp_adc/CMakeFiles/__idf_esp_adc.dir/esp32s3/curve_fitting_coefficients.c.obj
-- Found Python3: /home/tikhon/.espressif/python_env/idf6.0_py3.12_env/bin/python (found version "3.12.3") found components: Interpreter 
[17/1044] Linking C static library esp-idf/esp_https_ota/libesp_https_ota.a
[18/1044] Building C object esp-idf/tcp_transport/CMakeFiles/__idf_tcp_transport.dir/transport_socks_proxy.c.obj
[19/1044] Building C object esp-idf/esp_adc/CMakeFiles/__idf_esp_adc.dir/adc_cali_curve_fitting.c.obj
[20/1044] Building C object esp-idf/tcp_transport/CMakeFiles/__idf_tcp_transport.dir/transport_ssl.c.obj
[21/1044] Building C object esp-idf/esp-tls/CMakeFiles/__idf_esp-tls.dir/esp_tls_platform_port.c.obj
[22/1044] Building C object esp-idf/esp_adc/CMakeFiles/__idf_esp_adc.dir/adc_monitor.c.obj
Command failed (2): idf.py elf
Elf target failed for rxxd; running `idf.py build` instead.
+ idf.py build
[23/1044] Building C object esp-idf/esp_adc/CMakeFiles/__idf_esp_adc.dir/gdma/adc_dma.c.obj
[24/1044] Building C object esp-idf/esp-tls/CMakeFiles/__idf_esp-tls.dir/esp-tls-crypto/esp_tls_crypto.c.obj
-- Performing Test CMAKE_HAVE_LIBC_PTHREAD
[25/1044] Building C object esp-idf/tcp_transport/CMakeFiles/__idf_tcp_transport.dir/transport.c.obj
[26/1044] Building C object esp-idf/esp_adc/CMakeFiles/__idf_esp_adc.dir/adc_filter.c.obj
[27/1044] Building C object esp-idf/esp_http_server/CMakeFiles/__idf_esp_http_server.dir/src/httpd_sess.c.obj
[28/1044] Building C object esp-idf/esp_http_server/CMakeFiles/__idf_esp_http_server.dir/src/httpd_parse.c.obj
[29/1044] Building C object esp-idf/esp-tls/CMakeFiles/__idf_esp-tls.dir/esp_tls_error_capture.c.obj
Executing action: all (aliases: build)
Running ninja in directory /home/tikhon/Документы/magnolia/applets/rust/edit/build
Executing "ninja all"...
[0/2] Re-checking globbed directories...
[30/1044] Building C object esp-idf/esp_adc/CMakeFiles/__idf_esp_adc.dir/adc_continuous.c.obj
[31/1044] Linking C static library esp-idf/esp_http_server/libesp_http_server.a
-- Performing Test CMAKE_HAVE_LIBC_PTHREAD - Success
-- Found Threads: TRUE  
-- Performing Test C_COMPILER_SUPPORTS_WFORMAT_SIGNEDNESS
[32/1044] Building C object esp-idf/tcp_transport/CMakeFiles/__idf_tcp_transport.dir/transport_ws.c.obj
[1/10] Building C object CMakeFiles/edit.elf.dir/project_elf_src_esp32s3.c.obj
Executing action: all (aliases: build)
Running ninja in directory /home/tikhon/Документы/magnolia/applets/rust/rdd/build
Executing "ninja all"...
[0/2] Re-checking globbed directories...
[33/1044] Building C object esp-idf/esp-tls/CMakeFiles/__idf_esp-tls.dir/esp_tls.c.obj
-- Performing Test C_COMPILER_SUPPORTS_WFORMAT_SIGNEDNESS - Success
[34/1044] Building C object esp-idf/esp_driver_twai/CMakeFiles/__idf_esp_driver_twai.dir/esp_twai.c.obj
[35/1044] Building C object esp-idf/driver/CMakeFiles/__idf_driver.dir/touch_sensor/touch_sensor_common.c.obj
-- USING O3
[36/1044] Building C object esp-idf/driver/CMakeFiles/__idf_driver.dir/twai/twai.c.obj
[37/1044] Building C object esp-idf/esp_driver_i2c/CMakeFiles/__idf_esp_driver_i2c.dir/i2c_common.c.obj
[38/1044] Building C object esp-idf/esp_driver_sdm/CMakeFiles/__idf_esp_driver_sdm.dir/src/sdm.c.obj
-- Adding linker script /home/tikhon/Документы/magnolia/applets/mainline/rev/build/esp-idf/esp_system/ld/memory.ld
-- Adding linker script /home/tikhon/Документы/magnolia/applets/mainline/rev/build/esp-idf/esp_system/ld/sections.ld.in
[39/1044] Building C object esp-idf/esp_driver_tsens/CMakeFiles/__idf_esp_driver_tsens.dir/src/temperature_sensor.c.obj
-- Adding linker script /home/tikhon/Документы/magnolia/esp-idf/components/esp_rom/esp32s3/ld/esp32s3.rom.ld
-- Adding linker script /home/tikhon/Документы/magnolia/esp-idf/components/esp_rom/esp32s3/ld/esp32s3.rom.api.ld
-- Adding linker script /home/tikhon/Документы/magnolia/esp-idf/components/esp_rom/esp32s3/ld/esp32s3.rom.bt_funcs.ld
-- Adding linker script /home/tikhon/Документы/magnolia/esp-idf/components/esp_rom/esp32s3/ld/esp32s3.rom.libgcc.ld
-- Adding linker script /home/tikhon/Документы/magnolia/esp-idf/components/esp_rom/esp32s3/ld/esp32s3.rom.wdt.ld
-- Adding linker script /home/tikhon/Документы/magnolia/esp-idf/components/esp_rom/esp32s3/ld/esp32s3.rom.version.ld
-- Adding linker script /home/tikhon/Документы/magnolia/esp-idf/components/esp_rom/esp32s3/ld/esp32s3.rom.ble_master.ld
-- Adding linker script /home/tikhon/Документы/magnolia/esp-idf/components/esp_rom/esp32s3/ld/esp32s3.rom.ble_50.ld
-- Adding linker script /home/tikhon/Документы/magnolia/esp-idf/components/esp_rom/esp32s3/ld/esp32s3.rom.ble_smp.ld
-- Adding linker script /home/tikhon/Документы/magnolia/esp-idf/components/esp_rom/esp32s3/ld/esp32s3.rom.ble_dtm.ld
-- Adding linker script /home/tikhon/Документы/magnolia/esp-idf/components/esp_rom/esp32s3/ld/esp32s3.rom.ble_test.ld
-- Adding linker script /home/tikhon/Документы/magnolia/esp-idf/components/esp_rom/esp32s3/ld/esp32s3.rom.ble_scan.ld
-- Adding linker script /home/tikhon/Документы/magnolia/esp-idf/components/esp_rom/esp32s3/ld/esp32s3.rom.libc.ld
-- Adding linker script /home/tikhon/Документы/magnolia/esp-idf/components/esp_rom/esp32s3/ld/esp32s3.rom.newlib.ld
[40/1044] Building C object esp-idf/esp_driver_sdspi/CMakeFiles/__idf_esp_driver_sdspi.dir/src/sdspi_crc.c.obj
[41/1044] Building C object esp-idf/esp_driver_rmt/CMakeFiles/__idf_esp_driver_rmt.dir/src/rmt_encoder.c.obj
-- Adding linker script /home/tikhon/Документы/magnolia/esp-idf/components/soc/esp32s3/ld/esp32s3.peripherals.ld
[42/1044] Building C object esp-idf/esp-tls/CMakeFiles/__idf_esp-tls.dir/esp_tls_mbedtls.c.obj
[1/9] Performing build step for 'bootloader'
[1/1] cd /home/tikhon/Документы/magnolia/applets/rust/rdd/build/bootloader && /home/tikhon/.espressif/python_env/idf6.0_py3.12_env/bin/python /home/tikhon/Документы/magnolia/esp-idf/components/partition_table/check_sizes.py --offset 0x8000 bootloader 0x0 /home/tikhon/Документы/magnolia/applets/rust/rdd/build/bootloader/bootloader.bin
Bootloader binary size 0x5320 bytes. 0x2ce0 bytes (35%) free.
[43/1044] Building C object esp-idf/esp_driver_twai/CMakeFiles/__idf_esp_driver_twai.dir/esp_twai_onchip.c.obj
[44/1044] Building C object esp-idf/esp_driver_rmt/CMakeFiles/__idf_esp_driver_rmt.dir/src/rmt_common.c.obj
[2/9] No install step for 'bootloader'
[45/1044] Building C object esp-idf/esp_driver_rmt/CMakeFiles/__idf_esp_driver_rmt.dir/src/rmt_encoder_simple.c.obj
[46/1044] Building C object esp-idf/esp_driver_rmt/CMakeFiles/__idf_esp_driver_rmt.dir/src/rmt_encoder_copy.c.obj
[47/1044] Building C object esp-idf/esp_driver_rmt/CMakeFiles/__idf_esp_driver_rmt.dir/src/rmt_encoder_bytes.c.obj
[3/9] Completed 'bootloader'
[48/1044] Building C object esp-idf/esp_driver_i2c/CMakeFiles/__idf_esp_driver_i2c.dir/i2c_slave.c.obj
[49/1044] Building C object esp-idf/esp_driver_sdspi/CMakeFiles/__idf_esp_driver_sdspi.dir/src/sdspi_transaction.c.obj
[50/1044] Building C object esp-idf/driver/CMakeFiles/__idf_driver.dir/touch_sensor/esp32s3/touch_sensor.c.obj
[51/1044] Building C object esp-idf/esp_driver_sdmmc/CMakeFiles/__idf_esp_driver_sdmmc.dir/legacy/src/sdmmc_transaction.c.obj
[52/1044] Building C object esp-idf/esp_http_client/CMakeFiles/__idf_esp_http_client.dir/esp_http_client.c.obj
[53/1044] Building C object esp-idf/esp_driver_i2c/CMakeFiles/__idf_esp_driver_i2c.dir/i2c_master.c.obj
[54/1044] Building C object esp-idf/esp_driver_sd_intf/CMakeFiles/__idf_esp_driver_sd_intf.dir/sd_host.c.obj
[55/1044] Building C object esp-idf/esp_driver_sdspi/CMakeFiles/__idf_esp_driver_sdspi.dir/src/sdspi_host.c.obj
[56/1044] Linking C static library esp-idf/esp_http_client/libesp_http_client.a
[57/1044] Building C object esp-idf/sdmmc/CMakeFiles/__idf_sdmmc.dir/sdmmc_init.c.obj
[58/1044] Linking C static library esp-idf/tcp_transport/libtcp_transport.a
[59/1044] Building C object esp-idf/esp_driver_sdmmc/CMakeFiles/__idf_esp_driver_sdmmc.dir/legacy/src/sdmmc_host.c.obj
[60/1044] Building C object esp-idf/sdmmc/CMakeFiles/__idf_sdmmc.dir/sd_pwr_ctrl/sd_pwr_ctrl.c.obj
[61/1044] Building C object esp-idf/esp_driver_rmt/CMakeFiles/__idf_esp_driver_rmt.dir/src/rmt_rx.c.obj
[62/1044] Building C object esp-idf/esp_driver_sdmmc/CMakeFiles/__idf_esp_driver_sdmmc.dir/src/sd_trans_sdmmc.c.obj
[63/1044] Building C object esp-idf/sdmmc/CMakeFiles/__idf_sdmmc.dir/sdmmc_common.c.obj
[64/1044] Linking C static library esp-idf/esp_adc/libesp_adc.a
[2/10] Build Rust staticlib: /home/tikhon/Документы/magnolia/applets/rust/edit/build/libedit.a
FAILED: libedit.a /home/tikhon/Документы/magnolia/applets/rust/edit/build/libedit.a 
cd /home/tikhon/Документы/magnolia/applets/rust/edit/build && /usr/bin/cmake -E env CARGO_TARGET_DIR=/home/tikhon/Документы/magnolia/applets/rust/edit/build/rust_target bash -lc "set -euo pipefail;                  if [ -n \"/home/tikhon/export-esp.sh\" ] && [ -f \"/home/tikhon/export-esp.sh\" ]; then . \"/home/tikhon/export-esp.sh\" >/dev/null 2>&1; fi;                  RUSTFLAGS='-C panic=abort' cargo +esp build  --locked                    -Zbuild-std=core,alloc,compiler_builtins -Zbuild-std-features=compiler-builtins-mem                    --manifest-path '/home/tikhon/Документы/magnolia/applets/rust/edit/rust/Cargo.toml' --release --target 'xtensa-esp32s3-none-elf'" && /usr/bin/cmake -E copy_if_different /home/tikhon/Документы/magnolia/applets/rust/edit/build/rust_target/xtensa-esp32s3-none-elf/release/libedit.a /home/tikhon/Документы/magnolia/applets/rust/edit/build/libedit.a && bash -lc "set -euo pipefail;                  tmp='/home/tikhon/Документы/magnolia/applets/rust/edit/build/rust_fixup_edit';                  rm -rf \"\$tmp\"; mkdir -p \"\$tmp\";                  cd \"\$tmp\";                  '/home/tikhon/.espressif/tools/xtensa-esp-elf/esp-15.1.0_20250607/xtensa-esp-elf/bin/xtensa-esp32s3-elf-ar' x '/home/tikhon/Документы/magnolia/applets/rust/edit/build/libedit.a';                  for obj in *.o; do                    [ -f \"\$obj\" ] || continue;                    for sec in \$(LC_ALL=C readelf -S -W \"\$obj\" | sed -n 's/^[[:space:]]*\\[[[:space:]]*[0-9]\\+\\][[:space:]]\\+\\([^ ]\\+\\).*/\\1/p'); do                      case \"\$sec\" in                        .literal*|.rodata*) '/home/tikhon/.espressif/tools/xtensa-esp-elf/esp-15.1.0_20250607/xtensa-esp-elf/bin/xtensa-esp32s3-elf-objcopy' --set-section-flags \"\$sec\"=alloc,load,contents,data \"\$obj\" || true ;;                      esac;                    done;                  done;                  '/home/tikhon/.espressif/tools/xtensa-esp-elf/esp-15.1.0_20250607/xtensa-esp-elf/bin/xtensa-esp32s3-elf-ar' rcs '/home/tikhon/Документы/magnolia/applets/rust/edit/build/libedit.a' *.o"
   Compiling magnolia-applet v0.1.0 (/home/tikhon/Документы/magnolia/sdk/rust/magnolia-applet)
error: cannot find macro `vec` in this scope
  --> /home/tikhon/Документы/magnolia/sdk/rust/magnolia-applet/src/net.rs:86:9
   |
86 |         vec![unsafe { mem::zeroed() }; count as usize];
   |         ^^^
   |
help: consider importing this macro
   |
 1 + use alloc::vec;
   |

error: cannot find macro `vec` in this scope
   --> /home/tikhon/Документы/magnolia/sdk/rust/magnolia-applet/src/net.rs:226:9
    |
226 |         vec![unsafe { mem::zeroed() }; count as usize];
    |         ^^^
    |
help: consider importing this macro
    |
  1 + use alloc::vec;
    |

error: cannot find macro `vec` in this scope
  --> /home/tikhon/Документы/magnolia/sdk/rust/magnolia-applet/src/sysctl.rs:31:19
   |
31 |     let mut buf = vec![0i8; 256];
   |                   ^^^
   |
help: consider importing this macro
   |
 1 + use alloc::vec;
   |

error: could not compile `magnolia-applet` (lib) due to 3 previous errors
[65/1044] Building C object esp-idf/sdmmc/CMakeFiles/__idf_sdmmc.dir/sdmmc_cmd.c.obj
[66/1044] Building C object esp-idf/driver/CMakeFiles/__idf_driver.dir/i2c/i2c.c.obj
[67/1044] Linking C static library esp-idf/esp-tls/libesp-tls.a
[68/1044] Building C object esp-idf/http_parser/CMakeFiles/__idf_http_parser.dir/http_parser.c.obj
[69/1044] Building C object esp-idf/sdmmc/CMakeFiles/__idf_sdmmc.dir/sdmmc_io.c.obj
[70/1044] Linking C static library esp-idf/http_parser/libhttp_parser.a
[71/1044] Building C object esp-idf/sdmmc/CMakeFiles/__idf_sdmmc.dir/sdmmc_mmc.c.obj
[72/1044] Building C object esp-idf/esp_driver_i2s/CMakeFiles/__idf_esp_driver_i2s.dir/i2s_tdm.c.obj
[73/1044] Building C object esp-idf/esp_driver_ledc/CMakeFiles/__idf_esp_driver_ledc.dir/src/ledc.c.obj
[74/1044] Building C object esp-idf/esp_driver_i2s/CMakeFiles/__idf_esp_driver_i2s.dir/i2s_pdm.c.obj
[75/1044] Building C object esp-idf/esp_driver_rmt/CMakeFiles/__idf_esp_driver_rmt.dir/src/rmt_tx.c.obj
[76/1044] Building C object esp-idf/esp_driver_i2s/CMakeFiles/__idf_esp_driver_i2s.dir/i2s_platform.c.obj
[4/9] Build Rust staticlib: /home/tikhon/Документы/magnolia/applets/rust/rdd/build/libdd.a
FAILED: libdd.a /home/tikhon/Документы/magnolia/applets/rust/rdd/build/libdd.a 
cd /home/tikhon/Документы/magnolia/applets/rust/rdd/build && /usr/bin/cmake -E env CARGO_TARGET_DIR=/home/tikhon/Документы/magnolia/applets/rust/rdd/build/rust_target bash -lc "set -euo pipefail;                  if [ -n \"/home/tikhon/export-esp.sh\" ] && [ -f \"/home/tikhon/export-esp.sh\" ]; then . \"/home/tikhon/export-esp.sh\" >/dev/null 2>&1; fi;                  RUSTFLAGS='-C panic=abort' cargo +esp build  --locked                    -Zbuild-std=core,alloc,compiler_builtins -Zbuild-std-features=compiler-builtins-mem                    --manifest-path '/home/tikhon/Документы/magnolia/applets/rust/rdd/rust/Cargo.toml' --release --target 'xtensa-esp32s3-none-elf'" && /usr/bin/cmake -E copy_if_different /home/tikhon/Документы/magnolia/applets/rust/rdd/build/rust_target/xtensa-esp32s3-none-elf/release/libdd.a /home/tikhon/Документы/magnolia/applets/rust/rdd/build/libdd.a && bash -lc "set -euo pipefail;                  tmp='/home/tikhon/Документы/magnolia/applets/rust/rdd/build/rust_fixup_dd';                  rm -rf \"\$tmp\"; mkdir -p \"\$tmp\";                  cd \"\$tmp\";                  '/home/tikhon/.espressif/tools/xtensa-esp-elf/esp-15.1.0_20250607/xtensa-esp-elf/bin/xtensa-esp32s3-elf-ar' x '/home/tikhon/Документы/magnolia/applets/rust/rdd/build/libdd.a';                  for obj in *.o; do                    [ -f \"\$obj\" ] || continue;                    for sec in \$(LC_ALL=C readelf -S -W \"\$obj\" | sed -n 's/^[[:space:]]*\\[[[:space:]]*[0-9]\\+\\][[:space:]]\\+\\([^ ]\\+\\).*/\\1/p'); do                      case \"\$sec\" in                        .literal*|.rodata*) '/home/tikhon/.espressif/tools/xtensa-esp-elf/esp-15.1.0_20250607/xtensa-esp-elf/bin/xtensa-esp32s3-elf-objcopy' --set-section-flags \"\$sec\"=alloc,load,contents,data \"\$obj\" || true ;;                      esac;                    done;                  done;                  '/home/tikhon/.espressif/tools/xtensa-esp-elf/esp-15.1.0_20250607/xtensa-esp-elf/bin/xtensa-esp32s3-elf-ar' rcs '/home/tikhon/Документы/magnolia/applets/rust/rdd/build/libdd.a' *.o"
   Compiling magnolia-applet v0.1.0 (/home/tikhon/Документы/magnolia/sdk/rust/magnolia-applet)
error: cannot find macro `vec` in this scope
  --> /home/tikhon/Документы/magnolia/sdk/rust/magnolia-applet/src/net.rs:86:9
   |
86 |         vec![unsafe { mem::zeroed() }; count as usize];
   |         ^^^
   |
help: consider importing this macro
   |
 1 + use alloc::vec;
   |

error: cannot find macro `vec` in this scope
   --> /home/tikhon/Документы/magnolia/sdk/rust/magnolia-applet/src/net.rs:226:9
    |
226 |         vec![unsafe { mem::zeroed() }; count as usize];
    |         ^^^
    |
help: consider importing this macro
    |
  1 + use alloc::vec;
    |

error: cannot find macro `vec` in this scope
  --> /home/tikhon/Документы/magnolia/sdk/rust/magnolia-applet/src/sysctl.rs:31:19
   |
31 |     let mut buf = vec![0i8; 256];
   |                   ^^^
   |
help: consider importing this macro
   |
 1 + use alloc::vec;
   |

error: could not compile `magnolia-applet` (lib) due to 3 previous errors
[77/1044] Building C object esp-idf/esp_driver_mcpwm/CMakeFiles/__idf_esp_driver_mcpwm.dir/src/mcpwm_cmpr.c.obj
[78/1044] Building C object esp-idf/esp_driver_mcpwm/CMakeFiles/__idf_esp_driver_mcpwm.dir/src/mcpwm_com.c.obj
[79/1044] Building C object esp-idf/driver/CMakeFiles/__idf_driver.dir/deprecated/rmt_legacy.c.obj
[80/1044] Building ASM object esp-idf/esp_gdbstub/CMakeFiles/__idf_esp_gdbstub.dir/src/port/xtensa/xt_debugexception.S.obj
[81/1044] Building ASM object esp-idf/esp_gdbstub/CMakeFiles/__idf_esp_gdbstub.dir/src/port/xtensa/gdbstub-entry.S.obj
[82/1044] Building C object esp-idf/esp_driver_mcpwm/CMakeFiles/__idf_esp_driver_mcpwm.dir/src/mcpwm_timer.c.obj
[83/1044] Linking C static library esp-idf/driver/libdriver.a
[84/1044] Building C object esp-idf/esp_gdbstub/CMakeFiles/__idf_esp_gdbstub.dir/src/gdbstub_transport.c.obj
[85/1044] Building C object esp-idf/esp_gdbstub/CMakeFiles/__idf_esp_gdbstub.dir/src/packet.c.obj
[86/1044] Building C object esp-idf/esp_driver_mcpwm/CMakeFiles/__idf_esp_driver_mcpwm.dir/src/mcpwm_sync.c.obj
Executing action: all (aliases: build)
Running ninja in directory /home/tikhon/Документы/magnolia/applets/rust/rusthello/build
Executing "ninja all"...
[0/2] Re-checking globbed directories...
[1/10] Building C object CMakeFiles/rusthello.elf.dir/project_elf_src_esp32s3.c.obj
[87/1044] Linking C static library esp-idf/esp_driver_twai/libesp_driver_twai.a
[88/1044] Building C object esp-idf/esp_driver_mcpwm/CMakeFiles/__idf_esp_driver_mcpwm.dir/src/mcpwm_fault.c.obj
[3/10] Linking CXX executable edit.elf
FAILED: edit.elf 
: && /home/tikhon/.espressif/tools/xtensa-esp-elf/esp-15.1.0_20250607/xtensa-esp-elf/bin/xtensa-esp32s3-elf-g++ -mlongcalls -fno-builtin-memcpy -fno-builtin-memset -fno-builtin-bzero -nostartfiles    -Wl,--cref -Wl,--defsym=IDF_TARGET_ESP32S3=0 -Wl,--Map=/home/tikhon/Документы/magnolia/applets/rust/edit/build/edit.map -Wl,--no-warn-rwx-segments -Wl,--orphan-handling=error -fno-rtti -fno-lto -Wl,--gc-sections -Wl,--warn-common -T esp32s3.peripherals.ld -T esp32s3.rom.ld -T esp32s3.rom.api.ld -T esp32s3.rom.bt_funcs.ld -T esp32s3.rom.libgcc.ld -T esp32s3.rom.wdt.ld -T esp32s3.rom.version.ld -T esp32s3.rom.ble_master.ld -T esp32s3.rom.ble_50.ld -T esp32s3.rom.ble_smp.ld -T esp32s3.rom.ble_dtm.ld -T esp32s3.rom.ble_test.ld -T esp32s3.rom.ble_scan.ld -T esp32s3.rom.libc.ld -T esp32s3.rom.newlib.ld -T memory.ld -T sections.ld CMakeFiles/edit.elf.dir/project_elf_src_esp32s3.c.obj -o edit.elf -L/home/tikhon/Документы/magnolia/esp-idf/components/soc/esp32s3/ld   -L/home/tikhon/Документы/magnolia/esp-idf/components/esp_rom/esp32s3/ld   -L/home/tikhon/Документы/magnolia/applets/rust/edit/build/esp-idf/esp_system/ld   -L/home/tikhon/Документы/magnolia/esp-idf/components/esp_phy/lib/esp32s3   -L/home/tikhon/Документы/magnolia/esp-idf/components/esp_wifi/lib/esp32s3 esp-idf/xtensa/libxtensa.a  esp-idf/esp_app_format/libesp_app_format.a  esp-idf/esp_bootloader_format/libesp_bootloader_format.a  esp-idf/app_update/libapp_update.a  esp-idf/esp_partition/libesp_partition.a  esp-idf/efuse/libefuse.a  esp-idf/esp_security/libesp_security.a  esp-idf/esp_driver_gpio/libesp_driver_gpio.a  esp-idf/esp_pm/libesp_pm.a  esp-idf/mbedtls/libmbedtls.a  esp-idf/bootloader_support/libbootloader_support.a  esp-idf/esp_mm/libesp_mm.a  esp-idf/spi_flash/libspi_flash.a  esp-idf/esp_system/libesp_system.a  esp-idf/esp_common/libesp_common.a  esp-idf/esp_rom/libesp_rom.a  esp-idf/hal/libhal.a  esp-idf/log/liblog.a  esp-idf/heap/libheap.a  esp-idf/soc/libsoc.a  esp-idf/esp_hw_support/libesp_hw_support.a  esp-idf/freertos/libfreertos.a  esp-idf/newlib/libnewlib.a  esp-idf/pthread/libpthread.a  esp-idf/cxx/libcxx.a  esp-idf/esp_timer/libesp_timer.a  esp-idf/esp_driver_gptimer/libesp_driver_gptimer.a  esp-idf/esp_ringbuf/libesp_ringbuf.a  esp-idf/esp_driver_uart/libesp_driver_uart.a  esp-idf/app_trace/libapp_trace.a  esp-idf/esp_event/libesp_event.a  esp-idf/nvs_flash/libnvs_flash.a  esp-idf/esp_phy/libesp_phy.a  esp-idf/esp_driver_usb_serial_jtag/libesp_driver_usb_serial_jtag.a  esp-idf/esp_vfs_console/libesp_vfs_console.a  esp-idf/vfs/libvfs.a  esp-idf/lwip/liblwip.a  esp-idf/esp_netif/libesp_netif.a  esp-idf/wpa_supplicant/libwpa_supplicant.a  esp-idf/esp_coex/libesp_coex.a  esp-idf/esp_wifi/libesp_wifi.a  esp-idf/esp_driver_spi/libesp_driver_spi.a  esp-idf/esp_gdbstub/libesp_gdbstub.a  esp-idf/unity/libunity.a  esp-idf/cmock/libcmock.a  esp-idf/console/libconsole.a  esp-idf/esp_driver_pcnt/libesp_driver_pcnt.a  esp-idf/esp_driver_mcpwm/libesp_driver_mcpwm.a  esp-idf/esp_driver_i2s/libesp_driver_i2s.a  esp-idf/sdmmc/libsdmmc.a  esp-idf/esp_driver_sd_intf/libesp_driver_sd_intf.a  esp-idf/esp_driver_sdmmc/libesp_driver_sdmmc.a  esp-idf/esp_driver_sdspi/libesp_driver_sdspi.a  esp-idf/esp_driver_rmt/libesp_driver_rmt.a  esp-idf/esp_driver_tsens/libesp_driver_tsens.a  esp-idf/esp_driver_sdm/libesp_driver_sdm.a  esp-idf/esp_driver_i2c/libesp_driver_i2c.a  esp-idf/esp_driver_ledc/libesp_driver_ledc.a  esp-idf/esp_driver_twai/libesp_driver_twai.a  esp-idf/driver/libdriver.a  esp-idf/http_parser/libhttp_parser.a  esp-idf/esp-tls/libesp-tls.a  esp-idf/esp_adc/libesp_adc.a  esp-idf/esp_driver_cam/libesp_driver_cam.a  esp-idf/esp_driver_touch_sens/libesp_driver_touch_sens.a  esp-idf/esp_eth/libesp_eth.a  esp-idf/esp_hid/libesp_hid.a  esp-idf/tcp_transport/libtcp_transport.a  esp-idf/esp_http_client/libesp_http_client.a  esp-idf/esp_http_server/libesp_http_server.a  esp-idf/esp_https_ota/libesp_https_ota.a  esp-idf/esp_https_server/libesp_https_server.a  esp-idf/esp_lcd/libesp_lcd.a  esp-idf/protobuf-c/libprotobuf-c.a  esp-idf/protocomm/libprotocomm.a  esp-idf/esp_local_ctrl/libesp_local_ctrl.a  esp-idf/espcoredump/libespcoredump.a  esp-idf/wear_levelling/libwear_levelling.a  esp-idf/fatfs/libfatfs.a  esp-idf/json/libjson.a  esp-idf/mqtt/libmqtt.a  esp-idf/nvs_sec_provider/libnvs_sec_provider.a  esp-idf/perfmon/libperfmon.a  esp-idf/rt/librt.a  esp-idf/spiffs/libspiffs.a  esp-idf/touch_element/libtouch_element.a  esp-idf/usb/libusb.a  esp-idf/wifi_provisioning/libwifi_provisioning.a  esp-idf/main/libmain.a  esp-idf/app_trace/libapp_trace.a  esp-idf/cmock/libcmock.a  esp-idf/unity/libunity.a  esp-idf/esp_driver_cam/libesp_driver_cam.a  esp-idf/esp_driver_touch_sens/libesp_driver_touch_sens.a  esp-idf/esp_eth/libesp_eth.a  esp-idf/esp_hid/libesp_hid.a  esp-idf/esp_lcd/libesp_lcd.a  esp-idf/esp_local_ctrl/libesp_local_ctrl.a  esp-idf/esp_https_server/libesp_https_server.a  esp-idf/espcoredump/libespcoredump.a  -u esp_system_include_coredump_init  esp-idf/fatfs/libfatfs.a  esp-idf/wear_levelling/libwear_levelling.a  esp-idf/mqtt/libmqtt.a  esp-idf/nvs_sec_provider/libnvs_sec_provider.a  -u nvs_sec_provider_include_impl  esp-idf/perfmon/libperfmon.a  esp-idf/rt/librt.a  esp-idf/spiffs/libspiffs.a  esp-idf/touch_element/libtouch_element.a  esp-idf/usb/libusb.a  esp-idf/wifi_provisioning/libwifi_provisioning.a  esp-idf/protocomm/libprotocomm.a  esp-idf/console/libconsole.a  esp-idf/protobuf-c/libprotobuf-c.a  esp-idf/json/libjson.a  esp-idf/xtensa/libxtensa.a  esp-idf/esp_app_format/libesp_app_format.a  esp-idf/esp_bootloader_format/libesp_bootloader_format.a  esp-idf/app_update/libapp_update.a  esp-idf/esp_partition/libesp_partition.a  esp-idf/efuse/libefuse.a  esp-idf/esp_security/libesp_security.a  esp-idf/esp_driver_gpio/libesp_driver_gpio.a  esp-idf/esp_pm/libesp_pm.a  esp-idf/mbedtls/libmbedtls.a  esp-idf/bootloader_support/libbootloader_support.a  esp-idf/esp_mm/libesp_mm.a  esp-idf/spi_flash/libspi_flash.a  esp-idf/esp_system/libesp_system.a  esp-idf/esp_common/libesp_common.a  esp-idf/esp_rom/libesp_rom.a  esp-idf/hal/libhal.a  esp-idf/log/liblog.a  esp-idf/heap/libheap.a  esp-idf/soc/libsoc.a  esp-idf/esp_hw_support/libesp_hw_support.a  esp-idf/freertos/libfreertos.a  esp-idf/newlib/libnewlib.a  esp-idf/pthread/libpthread.a  esp-idf/cxx/libcxx.a  esp-idf/esp_timer/libesp_timer.a  esp-idf/esp_driver_gptimer/libesp_driver_gptimer.a  esp-idf/esp_ringbuf/libesp_ringbuf.a  esp-idf/esp_driver_uart/libesp_driver_uart.a  esp-idf/esp_event/libesp_event.a  esp-idf/nvs_flash/libnvs_flash.a  esp-idf/esp_phy/libesp_phy.a  esp-idf/esp_driver_usb_serial_jtag/libesp_driver_usb_serial_jtag.a  esp-idf/esp_vfs_console/libesp_vfs_console.a  esp-idf/vfs/libvfs.a  esp-idf/lwip/liblwip.a  esp-idf/esp_netif/libesp_netif.a  esp-idf/wpa_supplicant/libwpa_supplicant.a  esp-idf/esp_coex/libesp_coex.a  esp-idf/esp_wifi/libesp_wifi.a  esp-idf/esp_driver_spi/libesp_driver_spi.a  esp-idf/esp_gdbstub/libesp_gdbstub.a  esp-idf/esp_driver_pcnt/libesp_driver_pcnt.a  esp-idf/esp_driver_mcpwm/libesp_driver_mcpwm.a  esp-idf/esp_driver_i2s/libesp_driver_i2s.a  esp-idf/sdmmc/libsdmmc.a  esp-idf/esp_driver_sd_intf/libesp_driver_sd_intf.a  esp-idf/esp_driver_sdmmc/libesp_driver_sdmmc.a  esp-idf/esp_driver_sdspi/libesp_driver_sdspi.a  esp-idf/esp_driver_rmt/libesp_driver_rmt.a  esp-idf/esp_driver_tsens/libesp_driver_tsens.a  esp-idf/esp_driver_sdm/libesp_driver_sdm.a  esp-idf/esp_driver_i2c/libesp_driver_i2c.a  esp-idf/esp_driver_ledc/libesp_driver_ledc.a  esp-idf/esp_driver_twai/libesp_driver_twai.a  esp-idf/driver/libdriver.a  esp-idf/http_parser/libhttp_parser.a  esp-idf/esp-tls/libesp-tls.a  esp-idf/esp_adc/libesp_adc.a  esp-idf/tcp_transport/libtcp_transport.a  esp-idf/esp_http_client/libesp_http_client.a  esp-idf/esp_http_server/libesp_http_server.a  esp-idf/esp_https_ota/libesp_https_ota.a  esp-idf/mbedtls/mbedtls/library/libmbedtls.a  esp-idf/mbedtls/mbedtls/library/libmbedcrypto.a  esp-idf/mbedtls/mbedtls/library/libmbedx509.a  esp-idf/mbedtls/mbedtls/3rdparty/everest/libeverest.a  esp-idf/mbedtls/mbedtls/3rdparty/p256-m/libp256m.a  /home/tikhon/Документы/magnolia/esp-idf/components/esp_wifi/lib/esp32s3/libcore.a  /home/tikhon/Документы/magnolia/esp-idf/components/esp_wifi/lib/esp32s3/libespnow.a  /home/tikhon/Документы/magnolia/esp-idf/components/esp_wifi/lib/esp32s3/libmesh.a  /home/tikhon/Документы/magnolia/esp-idf/components/esp_wifi/lib/esp32s3/libnet80211.a  /home/tikhon/Документы/magnolia/esp-idf/components/esp_wifi/lib/esp32s3/libpp.a  /home/tikhon/Документы/magnolia/esp-idf/components/esp_wifi/lib/esp32s3/libsmartconfig.a  /home/tikhon/Документы/magnolia/esp-idf/components/esp_wifi/lib/esp32s3/libwapi.a  esp-idf/xtensa/libxtensa.a  esp-idf/esp_app_format/libesp_app_format.a  esp-idf/esp_bootloader_format/libesp_bootloader_format.a  esp-idf/app_update/libapp_update.a  esp-idf/esp_partition/libesp_partition.a  esp-idf/efuse/libefuse.a  esp-idf/esp_security/libesp_security.a  esp-idf/esp_driver_gpio/libesp_driver_gpio.a  esp-idf/esp_pm/libesp_pm.a  esp-idf/mbedtls/libmbedtls.a  esp-idf/bootloader_support/libbootloader_support.a  esp-idf/esp_mm/libesp_mm.a  esp-idf/spi_flash/libspi_flash.a  esp-idf/esp_system/libesp_system.a  esp-idf/esp_common/libesp_common.a  esp-idf/esp_rom/libesp_rom.a  esp-idf/hal/libhal.a  esp-idf/log/liblog.a  esp-idf/heap/libheap.a  esp-idf/soc/libsoc.a  esp-idf/esp_hw_support/libesp_hw_support.a  esp-idf/freertos/libfreertos.a  esp-idf/newlib/libnewlib.a  esp-idf/pthread/libpthread.a  esp-idf/cxx/libcxx.a  esp-idf/esp_timer/libesp_timer.a  esp-idf/esp_driver_gptimer/libesp_driver_gptimer.a  esp-idf/esp_ringbuf/libesp_ringbuf.a  esp-idf/esp_driver_uart/libesp_driver_uart.a  esp-idf/esp_event/libesp_event.a  esp-idf/nvs_flash/libnvs_flash.a  esp-idf/esp_phy/libesp_phy.a  esp-idf/esp_driver_usb_serial_jtag/libesp_driver_usb_serial_jtag.a  esp-idf/esp_vfs_console/libesp_vfs_console.a  esp-idf/vfs/libvfs.a  esp-idf/lwip/liblwip.a  esp-idf/esp_netif/libesp_netif.a  esp-idf/wpa_supplicant/libwpa_supplicant.a  esp-idf/esp_coex/libesp_coex.a  esp-idf/esp_wifi/libesp_wifi.a  esp-idf/esp_driver_spi/libesp_driver_spi.a  esp-idf/esp_gdbstub/libesp_gdbstub.a  esp-idf/esp_driver_pcnt/libesp_driver_pcnt.a  esp-idf/esp_driver_mcpwm/libesp_driver_mcpwm.a  esp-idf/esp_driver_i2s/libesp_driver_i2s.a  esp-idf/sdmmc/libsdmmc.a  esp-idf/esp_driver_sd_intf/libesp_driver_sd_intf.a  esp-idf/esp_driver_sdmmc/libesp_driver_sdmmc.a  esp-idf/esp_driver_sdspi/libesp_driver_sdspi.a  esp-idf/esp_driver_rmt/libesp_driver_rmt.a  esp-idf/esp_driver_tsens/libesp_driver_tsens.a  esp-idf/esp_driver_sdm/libesp_driver_sdm.a  esp-idf/esp_driver_i2c/libesp_driver_i2c.a  esp-idf/esp_driver_ledc/libesp_driver_ledc.a  esp-idf/esp_driver_twai/libesp_driver_twai.a  esp-idf/driver/libdriver.a  esp-idf/http_parser/libhttp_parser.a  esp-idf/esp-tls/libesp-tls.a  esp-idf/esp_adc/libesp_adc.a  esp-idf/tcp_transport/libtcp_transport.a  esp-idf/esp_http_client/libesp_http_client.a  esp-idf/esp_http_server/libesp_http_server.a  esp-idf/esp_https_ota/libesp_https_ota.a  esp-idf/mbedtls/mbedtls/library/libmbedtls.a  esp-idf/mbedtls/mbedtls/library/libmbedcrypto.a  esp-idf/mbedtls/mbedtls/library/libmbedx509.a  esp-idf/mbedtls/mbedtls/3rdparty/everest/libeverest.a  esp-idf/mbedtls/mbedtls/3rdparty/p256-m/libp256m.a  /home/tikhon/Документы/magnolia/esp-idf/components/esp_wifi/lib/esp32s3/libcore.a  /home/tikhon/Документы/magnolia/esp-idf/components/esp_wifi/lib/esp32s3/libespnow.a  /home/tikhon/Документы/magnolia/esp-idf/components/esp_wifi/lib/esp32s3/libmesh.a  /home/tikhon/Документы/magnolia/esp-idf/components/esp_wifi/lib/esp32s3/libnet80211.a  /home/tikhon/Документы/magnolia/esp-idf/components/esp_wifi/lib/esp32s3/libpp.a  /home/tikhon/Документы/magnolia/esp-idf/components/esp_wifi/lib/esp32s3/libsmartconfig.a  /home/tikhon/Документы/magnolia/esp-idf/components/esp_wifi/lib/esp32s3/libwapi.a  esp-idf/xtensa/libxtensa.a  esp-idf/esp_app_format/libesp_app_format.a  esp-idf/esp_bootloader_format/libesp_bootloader_format.a  esp-idf/app_update/libapp_update.a  esp-idf/esp_partition/libesp_partition.a  esp-idf/efuse/libefuse.a  esp-idf/esp_security/libesp_security.a  esp-idf/esp_driver_gpio/libesp_driver_gpio.a  esp-idf/esp_pm/libesp_pm.a  esp-idf/mbedtls/libmbedtls.a  esp-idf/bootloader_support/libbootloader_support.a  esp-idf/esp_mm/libesp_mm.a  esp-idf/spi_flash/libspi_flash.a  esp-idf/esp_system/libesp_system.a  esp-idf/esp_common/libesp_common.a  esp-idf/esp_rom/libesp_rom.a  esp-idf/hal/libhal.a  esp-idf/log/liblog.a  esp-idf/heap/libheap.a  esp-idf/soc/libsoc.a  esp-idf/esp_hw_support/libesp_hw_support.a  esp-idf/freertos/libfreertos.a  esp-idf/newlib/libnewlib.a  esp-idf/pthread/libpthread.a  esp-idf/cxx/libcxx.a  esp-idf/esp_timer/libesp_timer.a  esp-idf/esp_driver_gptimer/libesp_driver_gptimer.a  esp-idf/esp_ringbuf/libesp_ringbuf.a  esp-idf/esp_driver_uart/libesp_driver_uart.a  esp-idf/esp_event/libesp_event.a  esp-idf/nvs_flash/libnvs_flash.a  esp-idf/esp_phy/libesp_phy.a  esp-idf/esp_driver_usb_serial_jtag/libesp_driver_usb_serial_jtag.a  esp-idf/esp_vfs_console/libesp_vfs_console.a  esp-idf/vfs/libvfs.a  esp-idf/lwip/liblwip.a  esp-idf/esp_netif/libesp_netif.a  esp-idf/wpa_supplicant/libwpa_supplicant.a  esp-idf/esp_coex/libesp_coex.a  esp-idf/esp_wifi/libesp_wifi.a  esp-idf/esp_driver_spi/libesp_driver_spi.a  esp-idf/esp_gdbstub/libesp_gdbstub.a  esp-idf/esp_driver_pcnt/libesp_driver_pcnt.a  esp-idf/esp_driver_mcpwm/libesp_driver_mcpwm.a  esp-idf/esp_driver_i2s/libesp_driver_i2s.a  esp-idf/sdmmc/libsdmmc.a  esp-idf/esp_driver_sd_intf/libesp_driver_sd_intf.a  esp-idf/esp_driver_sdmmc/libesp_driver_sdmmc.a  esp-idf/esp_driver_sdspi/libesp_driver_sdspi.a  esp-idf/esp_driver_rmt/libesp_driver_rmt.a  esp-idf/esp_driver_tsens/libesp_driver_tsens.a  esp-idf/esp_driver_sdm/libesp_driver_sdm.a  esp-idf/esp_driver_i2c/libesp_driver_i2c.a  esp-idf/esp_driver_ledc/libesp_driver_ledc.a  esp-idf/esp_driver_twai/libesp_driver_twai.a  esp-idf/driver/libdriver.a  esp-idf/http_parser/libhttp_parser.a  esp-idf/esp-tls/libesp-tls.a  esp-idf/esp_adc/libesp_adc.a  esp-idf/tcp_transport/libtcp_transport.a  esp-idf/esp_http_client/libesp_http_client.a  esp-idf/esp_http_server/libesp_http_server.a  esp-idf/esp_https_ota/libesp_https_ota.a  esp-idf/mbedtls/mbedtls/library/libmbedtls.a  esp-idf/mbedtls/mbedtls/library/libmbedcrypto.a  esp-idf/mbedtls/mbedtls/library/libmbedx509.a  esp-idf/mbedtls/mbedtls/3rdparty/everest/libeverest.a  esp-idf/mbedtls/mbedtls/3rdparty/p256-m/libp256m.a  /home/tikhon/Документы/magnolia/esp-idf/components/esp_wifi/lib/esp32s3/libcore.a  /home/tikhon/Документы/magnolia/esp-idf/components/esp_wifi/lib/esp32s3/libespnow.a  /home/tikhon/Документы/magnolia/esp-idf/components/esp_wifi/lib/esp32s3/libmesh.a  /home/tikhon/Документы/magnolia/esp-idf/components/esp_wifi/lib/esp32s3/libnet80211.a  /home/tikhon/Документы/magnolia/esp-idf/components/esp_wifi/lib/esp32s3/libpp.a  /home/tikhon/Документы/magnolia/esp-idf/components/esp_wifi/lib/esp32s3/libsmartconfig.a  /home/tikhon/Документы/magnolia/esp-idf/components/esp_wifi/lib/esp32s3/libwapi.a  esp-idf/xtensa/libxtensa.a  esp-idf/esp_app_format/libesp_app_format.a  esp-idf/esp_bootloader_format/libesp_bootloader_format.a  esp-idf/app_update/libapp_update.a  esp-idf/esp_partition/libesp_partition.a  esp-idf/efuse/libefuse.a  esp-idf/esp_security/libesp_security.a  esp-idf/esp_driver_gpio/libesp_driver_gpio.a  esp-idf/esp_pm/libesp_pm.a  esp-idf/mbedtls/libmbedtls.a  esp-idf/bootloader_support/libbootloader_support.a  esp-idf/esp_mm/libesp_mm.a  esp-idf/spi_flash/libspi_flash.a  esp-idf/esp_system/libesp_system.a  esp-idf/esp_common/libesp_common.a  esp-idf/esp_rom/libesp_rom.a  esp-idf/hal/libhal.a  esp-idf/log/liblog.a  esp-idf/heap/libheap.a  esp-idf/soc/libsoc.a  esp-idf/esp_hw_support/libesp_hw_support.a  esp-idf/freertos/libfreertos.a  esp-idf/newlib/libnewlib.a  esp-idf/pthread/libpthread.a  esp-idf/cxx/libcxx.a  esp-idf/esp_timer/libesp_timer.a  esp-idf/esp_driver_gptimer/libesp_driver_gptimer.a  esp-idf/esp_ringbuf/libesp_ringbuf.a  esp-idf/esp_driver_uart/libesp_driver_uart.a  esp-idf/esp_event/libesp_event.a  esp-idf/nvs_flash/libnvs_flash.a  esp-idf/esp_phy/libesp_phy.a  esp-idf/esp_driver_usb_serial_jtag/libesp_driver_usb_serial_jtag.a  esp-idf/esp_vfs_console/libesp_vfs_console.a  esp-idf/vfs/libvfs.a  esp-idf/lwip/liblwip.a  esp-idf/esp_netif/libesp_netif.a  esp-idf/wpa_supplicant/libwpa_supplicant.a  esp-idf/esp_coex/libesp_coex.a  esp-idf/esp_wifi/libesp_wifi.a  esp-idf/esp_driver_spi/libesp_driver_spi.a  esp-idf/esp_gdbstub/libesp_gdbstub.a  esp-idf/esp_driver_pcnt/libesp_driver_pcnt.a  esp-idf/esp_driver_mcpwm/libesp_driver_mcpwm.a  esp-idf/esp_driver_i2s/libesp_driver_i2s.a  esp-idf/sdmmc/libsdmmc.a  esp-idf/esp_driver_sd_intf/libesp_driver_sd_intf.a  esp-idf/esp_driver_sdmmc/libesp_driver_sdmmc.a  esp-idf/esp_driver_sdspi/libesp_driver_sdspi.a  esp-idf/esp_driver_rmt/libesp_driver_rmt.a  esp-idf/esp_driver_tsens/libesp_driver_tsens.a  esp-idf/esp_driver_sdm/libesp_driver_sdm.a  esp-idf/esp_driver_i2c/libesp_driver_i2c.a  esp-idf/esp_driver_ledc/libesp_driver_ledc.a  esp-idf/esp_driver_twai/libesp_driver_twai.a  esp-idf/driver/libdriver.a  esp-idf/http_parser/libhttp_parser.a  esp-idf/esp-tls/libesp-tls.a  esp-idf/esp_adc/libesp_adc.a  esp-idf/tcp_transport/libtcp_transport.a  esp-idf/esp_http_client/libesp_http_client.a  esp-idf/esp_http_server/libesp_http_server.a  esp-idf/esp_https_ota/libesp_https_ota.a  esp-idf/mbedtls/mbedtls/library/libmbedtls.a  esp-idf/mbedtls/mbedtls/library/libmbedcrypto.a  esp-idf/mbedtls/mbedtls/library/libmbedx509.a  esp-idf/mbedtls/mbedtls/3rdparty/everest/libeverest.a  esp-idf/mbedtls/mbedtls/3rdparty/p256-m/libp256m.a  /home/tikhon/Документы/magnolia/esp-idf/components/esp_wifi/lib/esp32s3/libcore.a  /home/tikhon/Документы/magnolia/esp-idf/components/esp_wifi/lib/esp32s3/libespnow.a  /home/tikhon/Документы/magnolia/esp-idf/components/esp_wifi/lib/esp32s3/libmesh.a  /home/tikhon/Документы/magnolia/esp-idf/components/esp_wifi/lib/esp32s3/libnet80211.a  /home/tikhon/Документы/magnolia/esp-idf/components/esp_wifi/lib/esp32s3/libpp.a  /home/tikhon/Документы/magnolia/esp-idf/components/esp_wifi/lib/esp32s3/libsmartconfig.a  /home/tikhon/Документы/magnolia/esp-idf/components/esp_wifi/lib/esp32s3/libwapi.a  esp-idf/xtensa/libxtensa.a  esp-idf/esp_app_format/libesp_app_format.a  esp-idf/esp_bootloader_format/libesp_bootloader_format.a  esp-idf/app_update/libapp_update.a  esp-idf/esp_partition/libesp_partition.a  esp-idf/efuse/libefuse.a  esp-idf/esp_security/libesp_security.a  esp-idf/esp_driver_gpio/libesp_driver_gpio.a  esp-idf/esp_pm/libesp_pm.a  esp-idf/mbedtls/libmbedtls.a  esp-idf/bootloader_support/libbootloader_support.a  esp-idf/esp_mm/libesp_mm.a  esp-idf/spi_flash/libspi_flash.a  esp-idf/esp_system/libesp_system.a  esp-idf/esp_common/libesp_common.a  esp-idf/esp_rom/libesp_rom.a  esp-idf/hal/libhal.a  esp-idf/log/liblog.a  esp-idf/heap/libheap.a  esp-idf/soc/libsoc.a  esp-idf/esp_hw_support/libesp_hw_support.a  esp-idf/freertos/libfreertos.a  esp-idf/newlib/libnewlib.a  esp-idf/pthread/libpthread.a  esp-idf/cxx/libcxx.a  esp-idf/esp_timer/libesp_timer.a  esp-idf/esp_driver_gptimer/libesp_driver_gptimer.a  esp-idf/esp_ringbuf/libesp_ringbuf.a  esp-idf/esp_driver_uart/libesp_driver_uart.a  esp-idf/esp_event/libesp_event.a  esp-idf/nvs_flash/libnvs_flash.a  esp-idf/esp_phy/libesp_phy.a  esp-idf/esp_driver_usb_serial_jtag/libesp_driver_usb_serial_jtag.a  esp-idf/esp_vfs_console/libesp_vfs_console.a  esp-idf/vfs/libvfs.a  esp-idf/lwip/liblwip.a  esp-idf/esp_netif/libesp_netif.a  esp-idf/wpa_supplicant/libwpa_supplicant.a  esp-idf/esp_coex/libesp_coex.a  esp-idf/esp_wifi/libesp_wifi.a  esp-idf/esp_driver_spi/libesp_driver_spi.a  esp-idf/esp_gdbstub/libesp_gdbstub.a  esp-idf/esp_driver_pcnt/libesp_driver_pcnt.a  esp-idf/esp_driver_mcpwm/libesp_driver_mcpwm.a  esp-idf/esp_driver_i2s/libesp_driver_i2s.a  esp-idf/sdmmc/libsdmmc.a  esp-idf/esp_driver_sd_intf/libesp_driver_sd_intf.a  esp-idf/esp_driver_sdmmc/libesp_driver_sdmmc.a  esp-idf/esp_driver_sdspi/libesp_driver_sdspi.a  esp-idf/esp_driver_rmt/libesp_driver_rmt.a  esp-idf/esp_driver_tsens/libesp_driver_tsens.a  esp-idf/esp_driver_sdm/libesp_driver_sdm.a  esp-idf/esp_driver_i2c/libesp_driver_i2c.a  esp-idf/esp_driver_ledc/libesp_driver_ledc.a  esp-idf/esp_driver_twai/libesp_driver_twai.a  esp-idf/driver/libdriver.a  esp-idf/http_parser/libhttp_parser.a  esp-idf/esp-tls/libesp-tls.a  esp-idf/esp_adc/libesp_adc.a  esp-idf/tcp_transport/libtcp_transport.a  esp-idf/esp_http_client/libesp_http_client.a  esp-idf/esp_http_server/libesp_http_server.a  esp-idf/esp_https_ota/libesp_https_ota.a  esp-idf/mbedtls/mbedtls/library/libmbedtls.a  esp-idf/mbedtls/mbedtls/library/libmbedcrypto.a  esp-idf/mbedtls/mbedtls/library/libmbedx509.a  esp-idf/mbedtls/mbedtls/3rdparty/everest/libeverest.a  esp-idf/mbedtls/mbedtls/3rdparty/p256-m/libp256m.a  /home/tikhon/Документы/magnolia/esp-idf/components/esp_wifi/lib/esp32s3/libcore.a  /home/tikhon/Документы/magnolia/esp-idf/components/esp_wifi/lib/esp32s3/libespnow.a  /home/tikhon/Документы/magnolia/esp-idf/components/esp_wifi/lib/esp32s3/libmesh.a  /home/tikhon/Документы/magnolia/esp-idf/components/esp_wifi/lib/esp32s3/libnet80211.a  /home/tikhon/Документы/magnolia/esp-idf/components/esp_wifi/lib/esp32s3/libpp.a  /home/tikhon/Документы/magnolia/esp-idf/components/esp_wifi/lib/esp32s3/libsmartconfig.a  /home/tikhon/Документы/magnolia/esp-idf/components/esp_wifi/lib/esp32s3/libwapi.a  esp-idf/xtensa/libxtensa.a  esp-idf/esp_app_format/libesp_app_format.a  esp-idf/esp_bootloader_format/libesp_bootloader_format.a  esp-idf/app_update/libapp_update.a  esp-idf/esp_partition/libesp_partition.a  esp-idf/efuse/libefuse.a  esp-idf/esp_security/libesp_security.a  esp-idf/esp_driver_gpio/libesp_driver_gpio.a  esp-idf/esp_pm/libesp_pm.a  esp-idf/mbedtls/libmbedtls.a  esp-idf/bootloader_support/libbootloader_support.a  esp-idf/esp_mm/libesp_mm.a  esp-idf/spi_flash/libspi_flash.a  esp-idf/esp_system/libesp_system.a  esp-idf/esp_common/libesp_common.a  esp-idf/esp_rom/libesp_rom.a  esp-idf/hal/libhal.a  esp-idf/log/liblog.a  esp-idf/heap/libheap.a  esp-idf/soc/libsoc.a  esp-idf/esp_hw_support/libesp_hw_support.a  esp-idf/freertos/libfreertos.a  esp-idf/newlib/libnewlib.a  esp-idf/pthread/libpthread.a  esp-idf/cxx/libcxx.a  esp-idf/esp_timer/libesp_timer.a  esp-idf/esp_driver_gptimer/libesp_driver_gptimer.a  esp-idf/esp_ringbuf/libesp_ringbuf.a  esp-idf/esp_driver_uart/libesp_driver_uart.a  esp-idf/esp_event/libesp_event.a  esp-idf/nvs_flash/libnvs_flash.a  esp-idf/esp_phy/libesp_phy.a  esp-idf/esp_driver_usb_serial_jtag/libesp_driver_usb_serial_jtag.a  esp-idf/esp_vfs_console/libesp_vfs_console.a  esp-idf/vfs/libvfs.a  esp-idf/lwip/liblwip.a  esp-idf/esp_netif/libesp_netif.a  esp-idf/wpa_supplicant/libwpa_supplicant.a  esp-idf/esp_coex/libesp_coex.a  esp-idf/esp_wifi/libesp_wifi.a  esp-idf/esp_driver_spi/libesp_driver_spi.a  esp-idf/esp_gdbstub/libesp_gdbstub.a  esp-idf/esp_driver_pcnt/libesp_driver_pcnt.a  esp-idf/esp_driver_mcpwm/libesp_driver_mcpwm.a  esp-idf/esp_driver_i2s/libesp_driver_i2s.a  esp-idf/sdmmc/libsdmmc.a  esp-idf/esp_driver_sd_intf/libesp_driver_sd_intf.a  esp-idf/esp_driver_sdmmc/libesp_driver_sdmmc.a  esp-idf/esp_driver_sdspi/libesp_driver_sdspi.a  esp-idf/esp_driver_rmt/libesp_driver_rmt.a  esp-idf/esp_driver_tsens/libesp_driver_tsens.a  esp-idf/esp_driver_sdm/libesp_driver_sdm.a  esp-idf/esp_driver_i2c/libesp_driver_i2c.a  esp-idf/esp_driver_ledc/libesp_driver_ledc.a  esp-idf/esp_driver_twai/libesp_driver_twai.a  esp-idf/driver/libdriver.a  esp-idf/http_parser/libhttp_parser.a  esp-idf/esp-tls/libesp-tls.a  esp-idf/esp_adc/libesp_adc.a  esp-idf/tcp_transport/libtcp_transport.a  esp-idf/esp_http_client/libesp_http_client.a  esp-idf/esp_http_server/libesp_http_server.a  esp-idf/esp_https_ota/libesp_https_ota.a  esp-idf/mbedtls/mbedtls/library/libmbedtls.a  esp-idf/mbedtls/mbedtls/library/libmbedcrypto.a  esp-idf/mbedtls/mbedtls/library/libmbedx509.a  esp-idf/mbedtls/mbedtls/3rdparty/everest/libeverest.a  esp-idf/mbedtls/mbedtls/3rdparty/p256-m/libp256m.a  /home/tikhon/Документы/magnolia/esp-idf/components/esp_wifi/lib/esp32s3/libcore.a  /home/tikhon/Документы/magnolia/esp-idf/components/esp_wifi/lib/esp32s3/libespnow.a  /home/tikhon/Документы/magnolia/esp-idf/components/esp_wifi/lib/esp32s3/libmesh.a  /home/tikhon/Документы/magnolia/esp-idf/components/esp_wifi/lib/esp32s3/libnet80211.a  /home/tikhon/Документы/magnolia/esp-idf/components/esp_wifi/lib/esp32s3/libpp.a  /home/tikhon/Документы/magnolia/esp-idf/components/esp_wifi/lib/esp32s3/libsmartconfig.a  /home/tikhon/Документы/magnolia/esp-idf/components/esp_wifi/lib/esp32s3/libwapi.a  /home/tikhon/Документы/magnolia/esp-idf/components/xtensa/esp32s3/libxt_hal.a  -u esp_app_desc  -u esp_efuse_startup_include_func  -u esp_security_init_include_impl  -u ld_include_highint_hdl  -u start_app  -u start_app_other_cores  -u __ubsan_include  -u esp_system_include_startup_funcs  -Wl,--wrap=longjmp  -u __assert_func  -u esp_sleep_gpio_include  -Wl,--undefined=FreeRTOS_openocd_params  -u app_main  -lc  -lm  -u esp_libc_include_heap_impl  -u esp_libc_include_reent_syscalls_impl  -u esp_libc_include_syscalls_impl  -u esp_libc_include_pthread_impl  -u esp_libc_include_assert_impl  -u esp_libc_include_getentropy_impl  -u esp_libc_include_init_funcs  -u esp_libc_init_funcs  -u pthread_include_pthread_impl  -u pthread_include_pthread_cond_var_impl  -u pthread_include_pthread_local_storage_impl  -u pthread_include_pthread_rwlock_impl  -u pthread_include_pthread_semaphore_impl  -Wl,--wrap=__register_frame_info_bases  -Wl,--wrap=__register_frame_info  -Wl,--wrap=__register_frame  -Wl,--wrap=__register_frame_info_table_bases  -Wl,--wrap=__register_frame_info_table  -Wl,--wrap=__register_frame_table  -Wl,--wrap=__deregister_frame_info_bases  -Wl,--wrap=__deregister_frame_info  -Wl,--wrap=_Unwind_Find_FDE  -Wl,--wrap=_Unwind_GetGR  -Wl,--wrap=_Unwind_GetCFA  -Wl,--wrap=_Unwind_GetIP  -Wl,--wrap=_Unwind_GetIPInfo  -Wl,--wrap=_Unwind_GetRegionStart  -Wl,--wrap=_Unwind_GetDataRelBase  -Wl,--wrap=_Unwind_GetTextRelBase  -Wl,--wrap=_Unwind_SetIP  -Wl,--wrap=_Unwind_SetGR  -Wl,--wrap=_Unwind_GetLanguageSpecificData  -Wl,--wrap=_Unwind_FindEnclosingFunction  -Wl,--wrap=_Unwind_Resume  -Wl,--wrap=_Unwind_RaiseException  -Wl,--wrap=_Unwind_DeleteException  -Wl,--wrap=_Unwind_ForcedUnwind  -Wl,--wrap=_Unwind_Resume_or_Rethrow  -Wl,--wrap=_Unwind_Backtrace  -Wl,--wrap=__cxa_call_unexpected  -Wl,--wrap=__gxx_personality_v0  -Wl,--wrap=__cxa_throw  -Wl,--wrap=__cxa_allocate_exception  -lstdc++  esp-idf/pthread/libpthread.a  esp-idf/newlib/libnewlib.a  -u __cxa_guard_dummy  -u __cxx_init_dummy  -lgcc  esp-idf/cxx/libcxx.a  -u __cxx_fatal_exception  -u esp_timer_init_include_func  -u uart_vfs_include_dev_init  -u include_esp_phy_override  -lphy  -lbtbb  esp-idf/esp_phy/libesp_phy.a  -lphy  -lbtbb  esp-idf/esp_phy/libesp_phy.a  -lphy  -lbtbb  -u usb_serial_jtag_vfs_include_dev_init  -u usb_serial_jtag_connection_monitor_include  -u esp_vfs_include_console_register  -u vfs_include_syscalls_impl  -u esp_vfs_include_nullfs_register && :
/home/tikhon/.espressif/tools/xtensa-esp-elf/esp-15.1.0_20250607/xtensa-esp-elf/bin/../lib/gcc/xtensa-esp-elf/15.1.0/../../../../xtensa-esp-elf/bin/ld: esp-idf/freertos/libfreertos.a(app_startup.c.obj):(.literal.main_task+0x34): undefined reference to `app_main'
collect2: error: ld returned 1 exit status
[89/1044] Building C object esp-idf/sdmmc/CMakeFiles/__idf_sdmmc.dir/sdmmc_sd.c.obj
[90/1044] Building C object esp-idf/esp_driver_i2s/CMakeFiles/__idf_esp_driver_i2s.dir/i2s_std.c.obj
[91/1044] Building C object esp-idf/esp_gdbstub/CMakeFiles/__idf_esp_gdbstub.dir/src/gdbstub.c.obj
[92/1044] Linking C static library esp-idf/esp_driver_ledc/libesp_driver_ledc.a
[93/1044] Building C object esp-idf/esp_driver_sdmmc/CMakeFiles/__idf_esp_driver_sdmmc.dir/src/sd_host_sdmmc.c.obj
[94/1044] Building C object esp-idf/esp_driver_mcpwm/CMakeFiles/__idf_esp_driver_mcpwm.dir/src/mcpwm_oper.c.obj
[95/1044] Building C object esp-idf/esp_gdbstub/CMakeFiles/__idf_esp_gdbstub.dir/src/port/xtensa/gdbstub_xtensa.c.obj
[96/1044] Building C object esp-idf/esp_driver_mcpwm/CMakeFiles/__idf_esp_driver_mcpwm.dir/src/mcpwm_cap.c.obj
[97/1044] Building C object esp-idf/esp_wifi/CMakeFiles/__idf_esp_wifi.dir/src/lib_printf.c.obj
[98/1044] Linking C static library esp-idf/esp_driver_i2c/libesp_driver_i2c.a
[99/1044] Building C object esp-idf/esp_wifi/CMakeFiles/__idf_esp_wifi.dir/src/mesh_event.c.obj
Executing action: all (aliases: build)
Running ninja in directory /home/tikhon/Документы/magnolia/applets/rust/rhexdump/build
Executing "ninja all"...
[0/2] Re-checking globbed directories...
[100/1044] Building C object esp-idf/esp_wifi/CMakeFiles/__idf_esp_wifi.dir/src/smartconfig.c.obj
[101/1044] Building C object esp-idf/esp_coex/CMakeFiles/__idf_esp_coex.dir/src/coexist_debug_diagram.c.obj
[102/1044] Building C object esp-idf/esp_wifi/CMakeFiles/__idf_esp_wifi.dir/src/wifi_default_ap.c.obj
[103/1044] Linking C static library esp-idf/esp_driver_sdm/libesp_driver_sdm.a
[104/1044] Building C object esp-idf/esp_driver_mcpwm/CMakeFiles/__idf_esp_driver_mcpwm.dir/src/mcpwm_gen.c.obj
[105/1044] Linking C static library esp-idf/esp_driver_tsens/libesp_driver_tsens.a
[5/9] Linking CXX executable dd.elf
FAILED: dd.elf 
: && /home/tikhon/.espressif/tools/xtensa-esp-elf/esp-15.1.0_20250607/xtensa-esp-elf/bin/xtensa-esp32s3-elf-g++ -mlongcalls -fno-builtin-memcpy -fno-builtin-memset -fno-builtin-bzero -nostartfiles    -Wl,--cref -Wl,--defsym=IDF_TARGET_ESP32S3=0 -Wl,--Map=/home/tikhon/Документы/magnolia/applets/rust/rdd/build/dd.map -Wl,--no-warn-rwx-segments -Wl,--orphan-handling=error -fno-rtti -fno-lto -Wl,--gc-sections -Wl,--warn-common -T esp32s3.peripherals.ld -T esp32s3.rom.ld -T esp32s3.rom.api.ld -T esp32s3.rom.bt_funcs.ld -T esp32s3.rom.libgcc.ld -T esp32s3.rom.wdt.ld -T esp32s3.rom.version.ld -T esp32s3.rom.ble_master.ld -T esp32s3.rom.ble_50.ld -T esp32s3.rom.ble_smp.ld -T esp32s3.rom.ble_dtm.ld -T esp32s3.rom.ble_test.ld -T esp32s3.rom.ble_scan.ld -T esp32s3.rom.libc.ld -T esp32s3.rom.newlib.ld -T memory.ld -T sections.ld CMakeFiles/dd.elf.dir/project_elf_src_esp32s3.c.obj -o dd.elf -L/home/tikhon/Документы/magnolia/esp-idf/components/soc/esp32s3/ld   -L/home/tikhon/Документы/magnolia/esp-idf/components/esp_rom/esp32s3/ld   -L/home/tikhon/Документы/magnolia/applets/rust/rdd/build/esp-idf/esp_system/ld   -L/home/tikhon/Документы/magnolia/esp-idf/components/esp_phy/lib/esp32s3   -L/home/tikhon/Документы/magnolia/esp-idf/components/esp_wifi/lib/esp32s3 esp-idf/xtensa/libxtensa.a  esp-idf/esp_app_format/libesp_app_format.a  esp-idf/esp_bootloader_format/libesp_bootloader_format.a  esp-idf/app_update/libapp_update.a  esp-idf/esp_partition/libesp_partition.a  esp-idf/efuse/libefuse.a  esp-idf/esp_security/libesp_security.a  esp-idf/esp_driver_gpio/libesp_driver_gpio.a  esp-idf/esp_pm/libesp_pm.a  esp-idf/mbedtls/libmbedtls.a  esp-idf/bootloader_support/libbootloader_support.a  esp-idf/esp_mm/libesp_mm.a  esp-idf/spi_flash/libspi_flash.a  esp-idf/esp_system/libesp_system.a  esp-idf/esp_common/libesp_common.a  esp-idf/esp_rom/libesp_rom.a  esp-idf/hal/libhal.a  esp-idf/log/liblog.a  esp-idf/heap/libheap.a  esp-idf/soc/libsoc.a  esp-idf/esp_hw_support/libesp_hw_support.a  esp-idf/freertos/libfreertos.a  esp-idf/newlib/libnewlib.a  esp-idf/pthread/libpthread.a  esp-idf/cxx/libcxx.a  esp-idf/esp_timer/libesp_timer.a  esp-idf/esp_driver_gptimer/libesp_driver_gptimer.a  esp-idf/esp_ringbuf/libesp_ringbuf.a  esp-idf/esp_driver_uart/libesp_driver_uart.a  esp-idf/app_trace/libapp_trace.a  esp-idf/esp_event/libesp_event.a  esp-idf/nvs_flash/libnvs_flash.a  esp-idf/esp_phy/libesp_phy.a  esp-idf/esp_driver_usb_serial_jtag/libesp_driver_usb_serial_jtag.a  esp-idf/esp_vfs_console/libesp_vfs_console.a  esp-idf/vfs/libvfs.a  esp-idf/lwip/liblwip.a  esp-idf/esp_netif/libesp_netif.a  esp-idf/wpa_supplicant/libwpa_supplicant.a  esp-idf/esp_coex/libesp_coex.a  esp-idf/esp_wifi/libesp_wifi.a  esp-idf/esp_driver_spi/libesp_driver_spi.a  esp-idf/esp_gdbstub/libesp_gdbstub.a  esp-idf/unity/libunity.a  esp-idf/cmock/libcmock.a  esp-idf/console/libconsole.a  esp-idf/esp_driver_pcnt/libesp_driver_pcnt.a  esp-idf/esp_driver_mcpwm/libesp_driver_mcpwm.a  esp-idf/esp_driver_i2s/libesp_driver_i2s.a  esp-idf/sdmmc/libsdmmc.a  esp-idf/esp_driver_sd_intf/libesp_driver_sd_intf.a  esp-idf/esp_driver_sdmmc/libesp_driver_sdmmc.a  esp-idf/esp_driver_sdspi/libesp_driver_sdspi.a  esp-idf/esp_driver_rmt/libesp_driver_rmt.a  esp-idf/esp_driver_tsens/libesp_driver_tsens.a  esp-idf/esp_driver_sdm/libesp_driver_sdm.a  esp-idf/esp_driver_i2c/libesp_driver_i2c.a  esp-idf/esp_driver_ledc/libesp_driver_ledc.a  esp-idf/esp_driver_twai/libesp_driver_twai.a  esp-idf/driver/libdriver.a  esp-idf/http_parser/libhttp_parser.a  esp-idf/esp-tls/libesp-tls.a  esp-idf/esp_adc/libesp_adc.a  esp-idf/esp_driver_cam/libesp_driver_cam.a  esp-idf/esp_driver_touch_sens/libesp_driver_touch_sens.a  esp-idf/esp_eth/libesp_eth.a  esp-idf/esp_hid/libesp_hid.a  esp-idf/tcp_transport/libtcp_transport.a  esp-idf/esp_http_client/libesp_http_client.a  esp-idf/esp_http_server/libesp_http_server.a  esp-idf/esp_https_ota/libesp_https_ota.a  esp-idf/esp_https_server/libesp_https_server.a  esp-idf/esp_lcd/libesp_lcd.a  esp-idf/protobuf-c/libprotobuf-c.a  esp-idf/protocomm/libprotocomm.a  esp-idf/esp_local_ctrl/libesp_local_ctrl.a  esp-idf/espcoredump/libespcoredump.a  esp-idf/wear_levelling/libwear_levelling.a  esp-idf/fatfs/libfatfs.a  esp-idf/json/libjson.a  esp-idf/mqtt/libmqtt.a  esp-idf/nvs_sec_provider/libnvs_sec_provider.a  esp-idf/perfmon/libperfmon.a  esp-idf/rt/librt.a  esp-idf/spiffs/libspiffs.a  esp-idf/touch_element/libtouch_element.a  esp-idf/usb/libusb.a  esp-idf/wifi_provisioning/libwifi_provisioning.a  esp-idf/espressif__elf_loader/libespressif__elf_loader.a  esp-idf/main/libmain.a  esp-idf/app_trace/libapp_trace.a  esp-idf/cmock/libcmock.a  esp-idf/unity/libunity.a  esp-idf/esp_driver_cam/libesp_driver_cam.a  esp-idf/esp_driver_touch_sens/libesp_driver_touch_sens.a  esp-idf/esp_eth/libesp_eth.a  esp-idf/esp_hid/libesp_hid.a  esp-idf/esp_lcd/libesp_lcd.a  esp-idf/esp_local_ctrl/libesp_local_ctrl.a  esp-idf/esp_https_server/libesp_https_server.a  esp-idf/espcoredump/libespcoredump.a  -u esp_system_include_coredump_init  esp-idf/fatfs/libfatfs.a  esp-idf/wear_levelling/libwear_levelling.a  esp-idf/mqtt/libmqtt.a  esp-idf/nvs_sec_provider/libnvs_sec_provider.a  -u nvs_sec_provider_include_impl  esp-idf/perfmon/libperfmon.a  esp-idf/rt/librt.a  esp-idf/spiffs/libspiffs.a  esp-idf/touch_element/libtouch_element.a  esp-idf/usb/libusb.a  esp-idf/wifi_provisioning/libwifi_provisioning.a  esp-idf/protocomm/libprotocomm.a  esp-idf/console/libconsole.a  esp-idf/protobuf-c/libprotobuf-c.a  esp-idf/json/libjson.a  esp-idf/espressif__elf_loader/libespressif__elf_loader.a  esp-idf/xtensa/libxtensa.a  esp-idf/esp_app_format/libesp_app_format.a  esp-idf/esp_bootloader_format/libesp_bootloader_format.a  esp-idf/app_update/libapp_update.a  esp-idf/esp_partition/libesp_partition.a  esp-idf/efuse/libefuse.a  esp-idf/esp_security/libesp_security.a  esp-idf/esp_driver_gpio/libesp_driver_gpio.a  esp-idf/esp_pm/libesp_pm.a  esp-idf/mbedtls/libmbedtls.a  esp-idf/bootloader_support/libbootloader_support.a  esp-idf/esp_mm/libesp_mm.a  esp-idf/spi_flash/libspi_flash.a  esp-idf/esp_system/libesp_system.a  esp-idf/esp_common/libesp_common.a  esp-idf/esp_rom/libesp_rom.a  esp-idf/hal/libhal.a  esp-idf/log/liblog.a  esp-idf/heap/libheap.a  esp-idf/soc/libsoc.a  esp-idf/esp_hw_support/libesp_hw_support.a  esp-idf/freertos/libfreertos.a  esp-idf/newlib/libnewlib.a  esp-idf/pthread/libpthread.a  esp-idf/cxx/libcxx.a  esp-idf/esp_timer/libesp_timer.a  esp-idf/esp_driver_gptimer/libesp_driver_gptimer.a  esp-idf/esp_ringbuf/libesp_ringbuf.a  esp-idf/esp_driver_uart/libesp_driver_uart.a  esp-idf/esp_event/libesp_event.a  esp-idf/nvs_flash/libnvs_flash.a  esp-idf/esp_phy/libesp_phy.a  esp-idf/esp_driver_usb_serial_jtag/libesp_driver_usb_serial_jtag.a  esp-idf/esp_vfs_console/libesp_vfs_console.a  esp-idf/vfs/libvfs.a  esp-idf/lwip/liblwip.a  esp-idf/esp_netif/libesp_netif.a  esp-idf/wpa_supplicant/libwpa_supplicant.a  esp-idf/esp_coex/libesp_coex.a  esp-idf/esp_wifi/libesp_wifi.a  esp-idf/esp_driver_spi/libesp_driver_spi.a  esp-idf/esp_gdbstub/libesp_gdbstub.a  esp-idf/esp_driver_pcnt/libesp_driver_pcnt.a  esp-idf/esp_driver_mcpwm/libesp_driver_mcpwm.a  esp-idf/esp_driver_i2s/libesp_driver_i2s.a  esp-idf/sdmmc/libsdmmc.a  esp-idf/esp_driver_sd_intf/libesp_driver_sd_intf.a  esp-idf/esp_driver_sdmmc/libesp_driver_sdmmc.a  esp-idf/esp_driver_sdspi/libesp_driver_sdspi.a  esp-idf/esp_driver_rmt/libesp_driver_rmt.a  esp-idf/esp_driver_tsens/libesp_driver_tsens.a  esp-idf/esp_driver_sdm/libesp_driver_sdm.a  esp-idf/esp_driver_i2c/libesp_driver_i2c.a  esp-idf/esp_driver_ledc/libesp_driver_ledc.a  esp-idf/esp_driver_twai/libesp_driver_twai.a  esp-idf/driver/libdriver.a  esp-idf/http_parser/libhttp_parser.a  esp-idf/esp-tls/libesp-tls.a  esp-idf/esp_adc/libesp_adc.a  esp-idf/tcp_transport/libtcp_transport.a  esp-idf/esp_http_client/libesp_http_client.a  esp-idf/esp_http_server/libesp_http_server.a  esp-idf/esp_https_ota/libesp_https_ota.a  esp-idf/mbedtls/mbedtls/library/libmbedtls.a  esp-idf/mbedtls/mbedtls/library/libmbedcrypto.a  esp-idf/mbedtls/mbedtls/library/libmbedx509.a  esp-idf/mbedtls/mbedtls/3rdparty/everest/libeverest.a  esp-idf/mbedtls/mbedtls/3rdparty/p256-m/libp256m.a  /home/tikhon/Документы/magnolia/esp-idf/components/esp_wifi/lib/esp32s3/libcore.a  /home/tikhon/Документы/magnolia/esp-idf/components/esp_wifi/lib/esp32s3/libespnow.a  /home/tikhon/Документы/magnolia/esp-idf/components/esp_wifi/lib/esp32s3/libmesh.a  /home/tikhon/Документы/magnolia/esp-idf/components/esp_wifi/lib/esp32s3/libnet80211.a  /home/tikhon/Документы/magnolia/esp-idf/components/esp_wifi/lib/esp32s3/libpp.a  /home/tikhon/Документы/magnolia/esp-idf/components/esp_wifi/lib/esp32s3/libsmartconfig.a  /home/tikhon/Документы/magnolia/esp-idf/components/esp_wifi/lib/esp32s3/libwapi.a  esp-idf/xtensa/libxtensa.a  esp-idf/esp_app_format/libesp_app_format.a  esp-idf/esp_bootloader_format/libesp_bootloader_format.a  esp-idf/app_update/libapp_update.a  esp-idf/esp_partition/libesp_partition.a  esp-idf/efuse/libefuse.a  esp-idf/esp_security/libesp_security.a  esp-idf/esp_driver_gpio/libesp_driver_gpio.a  esp-idf/esp_pm/libesp_pm.a  esp-idf/mbedtls/libmbedtls.a  esp-idf/bootloader_support/libbootloader_support.a  esp-idf/esp_mm/libesp_mm.a  esp-idf/spi_flash/libspi_flash.a  esp-idf/esp_system/libesp_system.a  esp-idf/esp_common/libesp_common.a  esp-idf/esp_rom/libesp_rom.a  esp-idf/hal/libhal.a  esp-idf/log/liblog.a  esp-idf/heap/libheap.a  esp-idf/soc/libsoc.a  esp-idf/esp_hw_support/libesp_hw_support.a  esp-idf/freertos/libfreertos.a  esp-idf/newlib/libnewlib.a  esp-idf/pthread/libpthread.a  esp-idf/cxx/libcxx.a  esp-idf/esp_timer/libesp_timer.a  esp-idf/esp_driver_gptimer/libesp_driver_gptimer.a  esp-idf/esp_ringbuf/libesp_ringbuf.a  esp-idf/esp_driver_uart/libesp_driver_uart.a  esp-idf/esp_event/libesp_event.a  esp-idf/nvs_flash/libnvs_flash.a  esp-idf/esp_phy/libesp_phy.a  esp-idf/esp_driver_usb_serial_jtag/libesp_driver_usb_serial_jtag.a  esp-idf/esp_vfs_console/libesp_vfs_console.a  esp-idf/vfs/libvfs.a  esp-idf/lwip/liblwip.a  esp-idf/esp_netif/libesp_netif.a  esp-idf/wpa_supplicant/libwpa_supplicant.a  esp-idf/esp_coex/libesp_coex.a  esp-idf/esp_wifi/libesp_wifi.a  esp-idf/esp_driver_spi/libesp_driver_spi.a  esp-idf/esp_gdbstub/libesp_gdbstub.a  esp-idf/esp_driver_pcnt/libesp_driver_pcnt.a  esp-idf/esp_driver_mcpwm/libesp_driver_mcpwm.a  esp-idf/esp_driver_i2s/libesp_driver_i2s.a  esp-idf/sdmmc/libsdmmc.a  esp-idf/esp_driver_sd_intf/libesp_driver_sd_intf.a  esp-idf/esp_driver_sdmmc/libesp_driver_sdmmc.a  esp-idf/esp_driver_sdspi/libesp_driver_sdspi.a  esp-idf/esp_driver_rmt/libesp_driver_rmt.a  esp-idf/esp_driver_tsens/libesp_driver_tsens.a  esp-idf/esp_driver_sdm/libesp_driver_sdm.a  esp-idf/esp_driver_i2c/libesp_driver_i2c.a  esp-idf/esp_driver_ledc/libesp_driver_ledc.a  esp-idf/esp_driver_twai/libesp_driver_twai.a  esp-idf/driver/libdriver.a  esp-idf/http_parser/libhttp_parser.a  esp-idf/esp-tls/libesp-tls.a  esp-idf/esp_adc/libesp_adc.a  esp-idf/tcp_transport/libtcp_transport.a  esp-idf/esp_http_client/libesp_http_client.a  esp-idf/esp_http_server/libesp_http_server.a  esp-idf/esp_https_ota/libesp_https_ota.a  esp-idf/mbedtls/mbedtls/library/libmbedtls.a  esp-idf/mbedtls/mbedtls/library/libmbedcrypto.a  esp-idf/mbedtls/mbedtls/library/libmbedx509.a  esp-idf/mbedtls/mbedtls/3rdparty/everest/libeverest.a  esp-idf/mbedtls/mbedtls/3rdparty/p256-m/libp256m.a  /home/tikhon/Документы/magnolia/esp-idf/components/esp_wifi/lib/esp32s3/libcore.a  /home/tikhon/Документы/magnolia/esp-idf/components/esp_wifi/lib/esp32s3/libespnow.a  /home/tikhon/Документы/magnolia/esp-idf/components/esp_wifi/lib/esp32s3/libmesh.a  /home/tikhon/Документы/magnolia/esp-idf/components/esp_wifi/lib/esp32s3/libnet80211.a  /home/tikhon/Документы/magnolia/esp-idf/components/esp_wifi/lib/esp32s3/libpp.a  /home/tikhon/Документы/magnolia/esp-idf/components/esp_wifi/lib/esp32s3/libsmartconfig.a  /home/tikhon/Документы/magnolia/esp-idf/components/esp_wifi/lib/esp32s3/libwapi.a  esp-idf/xtensa/libxtensa.a  esp-idf/esp_app_format/libesp_app_format.a  esp-idf/esp_bootloader_format/libesp_bootloader_format.a  esp-idf/app_update/libapp_update.a  esp-idf/esp_partition/libesp_partition.a  esp-idf/efuse/libefuse.a  esp-idf/esp_security/libesp_security.a  esp-idf/esp_driver_gpio/libesp_driver_gpio.a  esp-idf/esp_pm/libesp_pm.a  esp-idf/mbedtls/libmbedtls.a  esp-idf/bootloader_support/libbootloader_support.a  esp-idf/esp_mm/libesp_mm.a  esp-idf/spi_flash/libspi_flash.a  esp-idf/esp_system/libesp_system.a  esp-idf/esp_common/libesp_common.a  esp-idf/esp_rom/libesp_rom.a  esp-idf/hal/libhal.a  esp-idf/log/liblog.a  esp-idf/heap/libheap.a  esp-idf/soc/libsoc.a  esp-idf/esp_hw_support/libesp_hw_support.a  esp-idf/freertos/libfreertos.a  esp-idf/newlib/libnewlib.a  esp-idf/pthread/libpthread.a  esp-idf/cxx/libcxx.a  esp-idf/esp_timer/libesp_timer.a  esp-idf/esp_driver_gptimer/libesp_driver_gptimer.a  esp-idf/esp_ringbuf/libesp_ringbuf.a  esp-idf/esp_driver_uart/libesp_driver_uart.a  esp-idf/esp_event/libesp_event.a  esp-idf/nvs_flash/libnvs_flash.a  esp-idf/esp_phy/libesp_phy.a  esp-idf/esp_driver_usb_serial_jtag/libesp_driver_usb_serial_jtag.a  esp-idf/esp_vfs_console/libesp_vfs_console.a  esp-idf/vfs/libvfs.a  esp-idf/lwip/liblwip.a  esp-idf/esp_netif/libesp_netif.a  esp-idf/wpa_supplicant/libwpa_supplicant.a  esp-idf/esp_coex/libesp_coex.a  esp-idf/esp_wifi/libesp_wifi.a  esp-idf/esp_driver_spi/libesp_driver_spi.a  esp-idf/esp_gdbstub/libesp_gdbstub.a  esp-idf/esp_driver_pcnt/libesp_driver_pcnt.a  esp-idf/esp_driver_mcpwm/libesp_driver_mcpwm.a  esp-idf/esp_driver_i2s/libesp_driver_i2s.a  esp-idf/sdmmc/libsdmmc.a  esp-idf/esp_driver_sd_intf/libesp_driver_sd_intf.a  esp-idf/esp_driver_sdmmc/libesp_driver_sdmmc.a  esp-idf/esp_driver_sdspi/libesp_driver_sdspi.a  esp-idf/esp_driver_rmt/libesp_driver_rmt.a  esp-idf/esp_driver_tsens/libesp_driver_tsens.a  esp-idf/esp_driver_sdm/libesp_driver_sdm.a  esp-idf/esp_driver_i2c/libesp_driver_i2c.a  esp-idf/esp_driver_ledc/libesp_driver_ledc.a  esp-idf/esp_driver_twai/libesp_driver_twai.a  esp-idf/driver/libdriver.a  esp-idf/http_parser/libhttp_parser.a  esp-idf/esp-tls/libesp-tls.a  esp-idf/esp_adc/libesp_adc.a  esp-idf/tcp_transport/libtcp_transport.a  esp-idf/esp_http_client/libesp_http_client.a  esp-idf/esp_http_server/libesp_http_server.a  esp-idf/esp_https_ota/libesp_https_ota.a  esp-idf/mbedtls/mbedtls/library/libmbedtls.a  esp-idf/mbedtls/mbedtls/library/libmbedcrypto.a  esp-idf/mbedtls/mbedtls/library/libmbedx509.a  esp-idf/mbedtls/mbedtls/3rdparty/everest/libeverest.a  esp-idf/mbedtls/mbedtls/3rdparty/p256-m/libp256m.a  /home/tikhon/Документы/magnolia/esp-idf/components/esp_wifi/lib/esp32s3/libcore.a  /home/tikhon/Документы/magnolia/esp-idf/components/esp_wifi/lib/esp32s3/libespnow.a  /home/tikhon/Документы/magnolia/esp-idf/components/esp_wifi/lib/esp32s3/libmesh.a  /home/tikhon/Документы/magnolia/esp-idf/components/esp_wifi/lib/esp32s3/libnet80211.a  /home/tikhon/Документы/magnolia/esp-idf/components/esp_wifi/lib/esp32s3/libpp.a  /home/tikhon/Документы/magnolia/esp-idf/components/esp_wifi/lib/esp32s3/libsmartconfig.a  /home/tikhon/Документы/magnolia/esp-idf/components/esp_wifi/lib/esp32s3/libwapi.a  esp-idf/xtensa/libxtensa.a  esp-idf/esp_app_format/libesp_app_format.a  esp-idf/esp_bootloader_format/libesp_bootloader_format.a  esp-idf/app_update/libapp_update.a  esp-idf/esp_partition/libesp_partition.a  esp-idf/efuse/libefuse.a  esp-idf/esp_security/libesp_security.a  esp-idf/esp_driver_gpio/libesp_driver_gpio.a  esp-idf/esp_pm/libesp_pm.a  esp-idf/mbedtls/libmbedtls.a  esp-idf/bootloader_support/libbootloader_support.a  esp-idf/esp_mm/libesp_mm.a  esp-idf/spi_flash/libspi_flash.a  esp-idf/esp_system/libesp_system.a  esp-idf/esp_common/libesp_common.a  esp-idf/esp_rom/libesp_rom.a  esp-idf/hal/libhal.a  esp-idf/log/liblog.a  esp-idf/heap/libheap.a  esp-idf/soc/libsoc.a  esp-idf/esp_hw_support/libesp_hw_support.a  esp-idf/freertos/libfreertos.a  esp-idf/newlib/libnewlib.a  esp-idf/pthread/libpthread.a  esp-idf/cxx/libcxx.a  esp-idf/esp_timer/libesp_timer.a  esp-idf/esp_driver_gptimer/libesp_driver_gptimer.a  esp-idf/esp_ringbuf/libesp_ringbuf.a  esp-idf/esp_driver_uart/libesp_driver_uart.a  esp-idf/esp_event/libesp_event.a  esp-idf/nvs_flash/libnvs_flash.a  esp-idf/esp_phy/libesp_phy.a  esp-idf/esp_driver_usb_serial_jtag/libesp_driver_usb_serial_jtag.a  esp-idf/esp_vfs_console/libesp_vfs_console.a  esp-idf/vfs/libvfs.a  esp-idf/lwip/liblwip.a  esp-idf/esp_netif/libesp_netif.a  esp-idf/wpa_supplicant/libwpa_supplicant.a  esp-idf/esp_coex/libesp_coex.a  esp-idf/esp_wifi/libesp_wifi.a  esp-idf/esp_driver_spi/libesp_driver_spi.a  esp-idf/esp_gdbstub/libesp_gdbstub.a  esp-idf/esp_driver_pcnt/libesp_driver_pcnt.a  esp-idf/esp_driver_mcpwm/libesp_driver_mcpwm.a  esp-idf/esp_driver_i2s/libesp_driver_i2s.a  esp-idf/sdmmc/libsdmmc.a  esp-idf/esp_driver_sd_intf/libesp_driver_sd_intf.a  esp-idf/esp_driver_sdmmc/libesp_driver_sdmmc.a  esp-idf/esp_driver_sdspi/libesp_driver_sdspi.a  esp-idf/esp_driver_rmt/libesp_driver_rmt.a  esp-idf/esp_driver_tsens/libesp_driver_tsens.a  esp-idf/esp_driver_sdm/libesp_driver_sdm.a  esp-idf/esp_driver_i2c/libesp_driver_i2c.a  esp-idf/esp_driver_ledc/libesp_driver_ledc.a  esp-idf/esp_driver_twai/libesp_driver_twai.a  esp-idf/driver/libdriver.a  esp-idf/http_parser/libhttp_parser.a  esp-idf/esp-tls/libesp-tls.a  esp-idf/esp_adc/libesp_adc.a  esp-idf/tcp_transport/libtcp_transport.a  esp-idf/esp_http_client/libesp_http_client.a  esp-idf/esp_http_server/libesp_http_server.a  esp-idf/esp_https_ota/libesp_https_ota.a  esp-idf/mbedtls/mbedtls/library/libmbedtls.a  esp-idf/mbedtls/mbedtls/library/libmbedcrypto.a  esp-idf/mbedtls/mbedtls/library/libmbedx509.a  esp-idf/mbedtls/mbedtls/3rdparty/everest/libeverest.a  esp-idf/mbedtls/mbedtls/3rdparty/p256-m/libp256m.a  /home/tikhon/Документы/magnolia/esp-idf/components/esp_wifi/lib/esp32s3/libcore.a  /home/tikhon/Документы/magnolia/esp-idf/components/esp_wifi/lib/esp32s3/libespnow.a  /home/tikhon/Документы/magnolia/esp-idf/components/esp_wifi/lib/esp32s3/libmesh.a  /home/tikhon/Документы/magnolia/esp-idf/components/esp_wifi/lib/esp32s3/libnet80211.a  /home/tikhon/Документы/magnolia/esp-idf/components/esp_wifi/lib/esp32s3/libpp.a  /home/tikhon/Документы/magnolia/esp-idf/components/esp_wifi/lib/esp32s3/libsmartconfig.a  /home/tikhon/Документы/magnolia/esp-idf/components/esp_wifi/lib/esp32s3/libwapi.a  esp-idf/xtensa/libxtensa.a  esp-idf/esp_app_format/libesp_app_format.a  esp-idf/esp_bootloader_format/libesp_bootloader_format.a  esp-idf/app_update/libapp_update.a  esp-idf/esp_partition/libesp_partition.a  esp-idf/efuse/libefuse.a  esp-idf/esp_security/libesp_security.a  esp-idf/esp_driver_gpio/libesp_driver_gpio.a  esp-idf/esp_pm/libesp_pm.a  esp-idf/mbedtls/libmbedtls.a  esp-idf/bootloader_support/libbootloader_support.a  esp-idf/esp_mm/libesp_mm.a  esp-idf/spi_flash/libspi_flash.a  esp-idf/esp_system/libesp_system.a  esp-idf/esp_common/libesp_common.a  esp-idf/esp_rom/libesp_rom.a  esp-idf/hal/libhal.a  esp-idf/log/liblog.a  esp-idf/heap/libheap.a  esp-idf/soc/libsoc.a  esp-idf/esp_hw_support/libesp_hw_support.a  esp-idf/freertos/libfreertos.a  esp-idf/newlib/libnewlib.a  esp-idf/pthread/libpthread.a  esp-idf/cxx/libcxx.a  esp-idf/esp_timer/libesp_timer.a  esp-idf/esp_driver_gptimer/libesp_driver_gptimer.a  esp-idf/esp_ringbuf/libesp_ringbuf.a  esp-idf/esp_driver_uart/libesp_driver_uart.a  esp-idf/esp_event/libesp_event.a  esp-idf/nvs_flash/libnvs_flash.a  esp-idf/esp_phy/libesp_phy.a  esp-idf/esp_driver_usb_serial_jtag/libesp_driver_usb_serial_jtag.a  esp-idf/esp_vfs_console/libesp_vfs_console.a  esp-idf/vfs/libvfs.a  esp-idf/lwip/liblwip.a  esp-idf/esp_netif/libesp_netif.a  esp-idf/wpa_supplicant/libwpa_supplicant.a  esp-idf/esp_coex/libesp_coex.a  esp-idf/esp_wifi/libesp_wifi.a  esp-idf/esp_driver_spi/libesp_driver_spi.a  esp-idf/esp_gdbstub/libesp_gdbstub.a  esp-idf/esp_driver_pcnt/libesp_driver_pcnt.a  esp-idf/esp_driver_mcpwm/libesp_driver_mcpwm.a  esp-idf/esp_driver_i2s/libesp_driver_i2s.a  esp-idf/sdmmc/libsdmmc.a  esp-idf/esp_driver_sd_intf/libesp_driver_sd_intf.a  esp-idf/esp_driver_sdmmc/libesp_driver_sdmmc.a  esp-idf/esp_driver_sdspi/libesp_driver_sdspi.a  esp-idf/esp_driver_rmt/libesp_driver_rmt.a  esp-idf/esp_driver_tsens/libesp_driver_tsens.a  esp-idf/esp_driver_sdm/libesp_driver_sdm.a  esp-idf/esp_driver_i2c/libesp_driver_i2c.a  esp-idf/esp_driver_ledc/libesp_driver_ledc.a  esp-idf/esp_driver_twai/libesp_driver_twai.a  esp-idf/driver/libdriver.a  esp-idf/http_parser/libhttp_parser.a  esp-idf/esp-tls/libesp-tls.a  esp-idf/esp_adc/libesp_adc.a  esp-idf/tcp_transport/libtcp_transport.a  esp-idf/esp_http_client/libesp_http_client.a  esp-idf/esp_http_server/libesp_http_server.a  esp-idf/esp_https_ota/libesp_https_ota.a  esp-idf/mbedtls/mbedtls/library/libmbedtls.a  esp-idf/mbedtls/mbedtls/library/libmbedcrypto.a  esp-idf/mbedtls/mbedtls/library/libmbedx509.a  esp-idf/mbedtls/mbedtls/3rdparty/everest/libeverest.a  esp-idf/mbedtls/mbedtls/3rdparty/p256-m/libp256m.a  /home/tikhon/Документы/magnolia/esp-idf/components/esp_wifi/lib/esp32s3/libcore.a  /home/tikhon/Документы/magnolia/esp-idf/components/esp_wifi/lib/esp32s3/libespnow.a  /home/tikhon/Документы/magnolia/esp-idf/components/esp_wifi/lib/esp32s3/libmesh.a  /home/tikhon/Документы/magnolia/esp-idf/components/esp_wifi/lib/esp32s3/libnet80211.a  /home/tikhon/Документы/magnolia/esp-idf/components/esp_wifi/lib/esp32s3/libpp.a  /home/tikhon/Документы/magnolia/esp-idf/components/esp_wifi/lib/esp32s3/libsmartconfig.a  /home/tikhon/Документы/magnolia/esp-idf/components/esp_wifi/lib/esp32s3/libwapi.a  esp-idf/xtensa/libxtensa.a  esp-idf/esp_app_format/libesp_app_format.a  esp-idf/esp_bootloader_format/libesp_bootloader_format.a  esp-idf/app_update/libapp_update.a  esp-idf/esp_partition/libesp_partition.a  esp-idf/efuse/libefuse.a  esp-idf/esp_security/libesp_security.a  esp-idf/esp_driver_gpio/libesp_driver_gpio.a  esp-idf/esp_pm/libesp_pm.a  esp-idf/mbedtls/libmbedtls.a  esp-idf/bootloader_support/libbootloader_support.a  esp-idf/esp_mm/libesp_mm.a  esp-idf/spi_flash/libspi_flash.a  esp-idf/esp_system/libesp_system.a  esp-idf/esp_common/libesp_common.a  esp-idf/esp_rom/libesp_rom.a  esp-idf/hal/libhal.a  esp-idf/log/liblog.a  esp-idf/heap/libheap.a  esp-idf/soc/libsoc.a  esp-idf/esp_hw_support/libesp_hw_support.a  esp-idf/freertos/libfreertos.a  esp-idf/newlib/libnewlib.a  esp-idf/pthread/libpthread.a  esp-idf/cxx/libcxx.a  esp-idf/esp_timer/libesp_timer.a  esp-idf/esp_driver_gptimer/libesp_driver_gptimer.a  esp-idf/esp_ringbuf/libesp_ringbuf.a  esp-idf/esp_driver_uart/libesp_driver_uart.a  esp-idf/esp_event/libesp_event.a  esp-idf/nvs_flash/libnvs_flash.a  esp-idf/esp_phy/libesp_phy.a  esp-idf/esp_driver_usb_serial_jtag/libesp_driver_usb_serial_jtag.a  esp-idf/esp_vfs_console/libesp_vfs_console.a  esp-idf/vfs/libvfs.a  esp-idf/lwip/liblwip.a  esp-idf/esp_netif/libesp_netif.a  esp-idf/wpa_supplicant/libwpa_supplicant.a  esp-idf/esp_coex/libesp_coex.a  esp-idf/esp_wifi/libesp_wifi.a  esp-idf/esp_driver_spi/libesp_driver_spi.a  esp-idf/esp_gdbstub/libesp_gdbstub.a  esp-idf/esp_driver_pcnt/libesp_driver_pcnt.a  esp-idf/esp_driver_mcpwm/libesp_driver_mcpwm.a  esp-idf/esp_driver_i2s/libesp_driver_i2s.a  esp-idf/sdmmc/libsdmmc.a  esp-idf/esp_driver_sd_intf/libesp_driver_sd_intf.a  esp-idf/esp_driver_sdmmc/libesp_driver_sdmmc.a  esp-idf/esp_driver_sdspi/libesp_driver_sdspi.a  esp-idf/esp_driver_rmt/libesp_driver_rmt.a  esp-idf/esp_driver_tsens/libesp_driver_tsens.a  esp-idf/esp_driver_sdm/libesp_driver_sdm.a  esp-idf/esp_driver_i2c/libesp_driver_i2c.a  esp-idf/esp_driver_ledc/libesp_driver_ledc.a  esp-idf/esp_driver_twai/libesp_driver_twai.a  esp-idf/driver/libdriver.a  esp-idf/http_parser/libhttp_parser.a  esp-idf/esp-tls/libesp-tls.a  esp-idf/esp_adc/libesp_adc.a  esp-idf/tcp_transport/libtcp_transport.a  esp-idf/esp_http_client/libesp_http_client.a  esp-idf/esp_http_server/libesp_http_server.a  esp-idf/esp_https_ota/libesp_https_ota.a  esp-idf/mbedtls/mbedtls/library/libmbedtls.a  esp-idf/mbedtls/mbedtls/library/libmbedcrypto.a  esp-idf/mbedtls/mbedtls/library/libmbedx509.a  esp-idf/mbedtls/mbedtls/3rdparty/everest/libeverest.a  esp-idf/mbedtls/mbedtls/3rdparty/p256-m/libp256m.a  /home/tikhon/Документы/magnolia/esp-idf/components/esp_wifi/lib/esp32s3/libcore.a  /home/tikhon/Документы/magnolia/esp-idf/components/esp_wifi/lib/esp32s3/libespnow.a  /home/tikhon/Документы/magnolia/esp-idf/components/esp_wifi/lib/esp32s3/libmesh.a  /home/tikhon/Документы/magnolia/esp-idf/components/esp_wifi/lib/esp32s3/libnet80211.a  /home/tikhon/Документы/magnolia/esp-idf/components/esp_wifi/lib/esp32s3/libpp.a  /home/tikhon/Документы/magnolia/esp-idf/components/esp_wifi/lib/esp32s3/libsmartconfig.a  /home/tikhon/Документы/magnolia/esp-idf/components/esp_wifi/lib/esp32s3/libwapi.a  /home/tikhon/Документы/magnolia/esp-idf/components/xtensa/esp32s3/libxt_hal.a  -u esp_app_desc  -u esp_efuse_startup_include_func  -u esp_security_init_include_impl  -u ld_include_highint_hdl  -u start_app  -u start_app_other_cores  -u __ubsan_include  -u esp_system_include_startup_funcs  -Wl,--wrap=longjmp  -u __assert_func  -u esp_sleep_gpio_include  -Wl,--undefined=FreeRTOS_openocd_params  -u app_main  -lc  -lm  -u esp_libc_include_heap_impl  -u esp_libc_include_reent_syscalls_impl  -u esp_libc_include_syscalls_impl  -u esp_libc_include_pthread_impl  -u esp_libc_include_assert_impl  -u esp_libc_include_getentropy_impl  -u esp_libc_include_init_funcs  -u esp_libc_init_funcs  -u pthread_include_pthread_impl  -u pthread_include_pthread_cond_var_impl  -u pthread_include_pthread_local_storage_impl  -u pthread_include_pthread_rwlock_impl  -u pthread_include_pthread_semaphore_impl  -Wl,--wrap=__register_frame_info_bases  -Wl,--wrap=__register_frame_info  -Wl,--wrap=__register_frame  -Wl,--wrap=__register_frame_info_table_bases  -Wl,--wrap=__register_frame_info_table  -Wl,--wrap=__register_frame_table  -Wl,--wrap=__deregister_frame_info_bases  -Wl,--wrap=__deregister_frame_info  -Wl,--wrap=_Unwind_Find_FDE  -Wl,--wrap=_Unwind_GetGR  -Wl,--wrap=_Unwind_GetCFA  -Wl,--wrap=_Unwind_GetIP  -Wl,--wrap=_Unwind_GetIPInfo  -Wl,--wrap=_Unwind_GetRegionStart  -Wl,--wrap=_Unwind_GetDataRelBase  -Wl,--wrap=_Unwind_GetTextRelBase  -Wl,--wrap=_Unwind_SetIP  -Wl,--wrap=_Unwind_SetGR  -Wl,--wrap=_Unwind_GetLanguageSpecificData  -Wl,--wrap=_Unwind_FindEnclosingFunction  -Wl,--wrap=_Unwind_Resume  -Wl,--wrap=_Unwind_RaiseException  -Wl,--wrap=_Unwind_DeleteException  -Wl,--wrap=_Unwind_ForcedUnwind  -Wl,--wrap=_Unwind_Resume_or_Rethrow  -Wl,--wrap=_Unwind_Backtrace  -Wl,--wrap=__cxa_call_unexpected  -Wl,--wrap=__gxx_personality_v0  -Wl,--wrap=__cxa_throw  -Wl,--wrap=__cxa_allocate_exception  -lstdc++  esp-idf/pthread/libpthread.a  esp-idf/newlib/libnewlib.a  -u __cxa_guard_dummy  -u __cxx_init_dummy  -lgcc  esp-idf/cxx/libcxx.a  -u __cxx_fatal_exception  -u esp_timer_init_include_func  -u uart_vfs_include_dev_init  -u include_esp_phy_override  -lphy  -lbtbb  esp-idf/esp_phy/libesp_phy.a  -lphy  -lbtbb  esp-idf/esp_phy/libesp_phy.a  -lphy  -lbtbb  -u usb_serial_jtag_vfs_include_dev_init  -u usb_serial_jtag_connection_monitor_include  -u esp_vfs_include_console_register  -u vfs_include_syscalls_impl  -u esp_vfs_include_nullfs_register && :
/home/tikhon/.espressif/tools/xtensa-esp-elf/esp-15.1.0_20250607/xtensa-esp-elf/bin/../lib/gcc/xtensa-esp-elf/15.1.0/../../../../xtensa-esp-elf/bin/ld: esp-idf/freertos/libfreertos.a(app_startup.c.obj):(.literal.main_task+0x34): undefined reference to `app_main'
collect2: error: ld returned 1 exit status
ninja: build stopped: subcommand failed.
[106/1044] Building C object esp-idf/esp_driver_i2s/CMakeFiles/__idf_esp_driver_i2s.dir/i2s_common.c.obj
[107/1044] Building C object esp-idf/esp_coex/CMakeFiles/__idf_esp_coex.dir/src/coexist_debug.c.obj
[1/9] Performing build step for 'bootloader'
[1/1] cd /home/tikhon/Документы/magnolia/applets/rust/rhexdump/build/bootloader && /home/tikhon/.espressif/python_env/idf6.0_py3.12_env/bin/python /home/tikhon/Документы/magnolia/esp-idf/components/partition_table/check_sizes.py --offset 0x8000 bootloader 0x0 /home/tikhon/Документы/magnolia/applets/rust/rhexdump/build/bootloader/bootloader.bin
Bootloader binary size 0x5320 bytes. 0x2ce0 bytes (35%) free.
[108/1044] Building C object esp-idf/esp_wifi/CMakeFiles/__idf_esp_wifi.dir/regulatory/esp_wifi_regulatory.c.obj
[2/9] No install step for 'bootloader'
[109/1044] Linking C static library esp-idf/esp_driver_rmt/libesp_driver_rmt.a
[110/1044] Building C object esp-idf/esp_wifi/CMakeFiles/__idf_esp_wifi.dir/src/wifi_init.c.obj
[111/1044] Linking C static library esp-idf/esp_driver_sdspi/libesp_driver_sdspi.a
[112/1044] Building C object esp-idf/esp_wifi/CMakeFiles/__idf_esp_wifi.dir/src/smartconfig_ack.c.obj
[3/9] Completed 'bootloader'
-- Components: app_trace app_update bootloader bootloader_support bt cmock console cxx driver efuse esp-tls esp_adc esp_app_format esp_bootloader_format esp_coex esp_common esp_driver_ana_cmpr esp_driver_bitscrambler esp_driver_cam esp_driver_dac esp_driver_gpio esp_driver_gptimer esp_driver_i2c esp_driver_i2s esp_driver_i3c esp_driver_isp esp_driver_jpeg esp_driver_ledc esp_driver_mcpwm esp_driver_parlio esp_driver_pcnt esp_driver_ppa esp_driver_rmt esp_driver_sd_intf esp_driver_sdio esp_driver_sdm esp_driver_sdmmc esp_driver_sdspi esp_driver_spi esp_driver_touch_sens esp_driver_tsens esp_driver_twai esp_driver_uart esp_driver_usb_serial_jtag esp_eth esp_event esp_gdbstub esp_hid esp_http_client esp_http_server esp_https_ota esp_https_server esp_hw_support esp_lcd esp_local_ctrl esp_mm esp_netif esp_netif_stack esp_partition esp_phy esp_pm esp_psram esp_ringbuf esp_rom esp_security esp_system esp_timer esp_vfs_console esp_wifi espcoredump esptool_py fatfs freertos hal heap http_parser idf_test ieee802154 json log lwip main mbedtls mqtt newlib nvs_flash nvs_sec_provider openthread partition_table perfmon protobuf-c protocomm pthread rt sdmmc soc spi_flash spiffs tcp_transport touch_element ulp unity usb vfs wear_levelling wifi_provisioning wpa_supplicant xtensa
-- Component paths: /home/tikhon/Документы/magnolia/esp-idf/components/app_trace /home/tikhon/Документы/magnolia/esp-idf/components/app_update /home/tikhon/Документы/magnolia/esp-idf/components/bootloader /home/tikhon/Документы/magnolia/esp-idf/components/bootloader_support /home/tikhon/Документы/magnolia/esp-idf/components/bt /home/tikhon/Документы/magnolia/esp-idf/components/cmock /home/tikhon/Документы/magnolia/esp-idf/components/console /home/tikhon/Документы/magnolia/esp-idf/components/cxx /home/tikhon/Документы/magnolia/esp-idf/components/driver /home/tikhon/Документы/magnolia/esp-idf/components/efuse /home/tikhon/Документы/magnolia/esp-idf/components/esp-tls /home/tikhon/Документы/magnolia/esp-idf/components/esp_adc /home/tikhon/Документы/magnolia/esp-idf/components/esp_app_format /home/tikhon/Документы/magnolia/esp-idf/components/esp_bootloader_format /home/tikhon/Документы/magnolia/esp-idf/components/esp_coex /home/tikhon/Документы/magnolia/esp-idf/components/esp_common /home/tikhon/Документы/magnolia/esp-idf/components/esp_driver_ana_cmpr /home/tikhon/Документы/magnolia/esp-idf/components/esp_driver_bitscrambler /home/tikhon/Документы/magnolia/esp-idf/components/esp_driver_cam /home/tikhon/Документы/magnolia/esp-idf/components/esp_driver_dac /home/tikhon/Документы/magnolia/esp-idf/components/esp_driver_gpio /home/tikhon/Документы/magnolia/esp-idf/components/esp_driver_gptimer /home/tikhon/Документы/magnolia/esp-idf/components/esp_driver_i2c /home/tikhon/Документы/magnolia/esp-idf/components/esp_driver_i2s /home/tikhon/Документы/magnolia/esp-idf/components/esp_driver_i3c /home/tikhon/Документы/magnolia/esp-idf/components/esp_driver_isp /home/tikhon/Документы/magnolia/esp-idf/components/esp_driver_jpeg /home/tikhon/Документы/magnolia/esp-idf/components/esp_driver_ledc /home/tikhon/Документы/magnolia/esp-idf/components/esp_driver_mcpwm /home/tikhon/Документы/magnolia/esp-idf/components/esp_driver_parlio /home/tikhon/Документы/magnolia/esp-idf/components/esp_driver_pcnt /home/tikhon/Документы/magnolia/esp-idf/components/esp_driver_ppa /home/tikhon/Документы/magnolia/esp-idf/components/esp_driver_rmt /home/tikhon/Документы/magnolia/esp-idf/components/esp_driver_sd_intf /home/tikhon/Документы/magnolia/esp-idf/components/esp_driver_sdio /home/tikhon/Документы/magnolia/esp-idf/components/esp_driver_sdm /home/tikhon/Документы/magnolia/esp-idf/components/esp_driver_sdmmc /home/tikhon/Документы/magnolia/esp-idf/components/esp_driver_sdspi /home/tikhon/Документы/magnolia/esp-idf/components/esp_driver_spi /home/tikhon/Документы/magnolia/esp-idf/components/esp_driver_touch_sens /home/tikhon/Документы/magnolia/esp-idf/components/esp_driver_tsens /home/tikhon/Документы/magnolia/esp-idf/components/esp_driver_twai /home/tikhon/Документы/magnolia/esp-idf/components/esp_driver_uart /home/tikhon/Документы/magnolia/esp-idf/components/esp_driver_usb_serial_jtag /home/tikhon/Документы/magnolia/esp-idf/components/esp_eth /home/tikhon/Документы/magnolia/esp-idf/components/esp_event /home/tikhon/Документы/magnolia/esp-idf/components/esp_gdbstub /home/tikhon/Документы/magnolia/esp-idf/components/esp_hid /home/tikhon/Документы/magnolia/esp-idf/components/esp_http_client /home/tikhon/Документы/magnolia/esp-idf/components/esp_http_server /home/tikhon/Документы/magnolia/esp-idf/components/esp_https_ota /home/tikhon/Документы/magnolia/esp-idf/components/esp_https_server /home/tikhon/Документы/magnolia/esp-idf/components/esp_hw_support /home/tikhon/Документы/magnolia/esp-idf/components/esp_lcd /home/tikhon/Документы/magnolia/esp-idf/components/esp_local_ctrl /home/tikhon/Документы/magnolia/esp-idf/components/esp_mm /home/tikhon/Документы/magnolia/esp-idf/components/esp_netif /home/tikhon/Документы/magnolia/esp-idf/components/esp_netif_stack /home/tikhon/Документы/magnolia/esp-idf/components/esp_partition /home/tikhon/Документы/magnolia/esp-idf/components/esp_phy /home/tikhon/Документы/magnolia/esp-idf/components/esp_pm /home/tikhon/Документы/magnolia/esp-idf/components/esp_psram /home/tikhon/Документы/magnolia/esp-idf/components/esp_ringbuf /home/tikhon/Документы/magnolia/esp-idf/components/esp_rom /home/tikhon/Документы/magnolia/esp-idf/components/esp_security /home/tikhon/Документы/magnolia/esp-idf/components/esp_system /home/tikhon/Документы/magnolia/esp-idf/components/esp_timer /home/tikhon/Документы/magnolia/esp-idf/components/esp_vfs_console /home/tikhon/Документы/magnolia/esp-idf/components/esp_wifi /home/tikhon/Документы/magnolia/esp-idf/components/espcoredump /home/tikhon/Документы/magnolia/esp-idf/components/esptool_py /home/tikhon/Документы/magnolia/esp-idf/components/fatfs /home/tikhon/Документы/magnolia/esp-idf/components/freertos /home/tikhon/Документы/magnolia/esp-idf/components/hal /home/tikhon/Документы/magnolia/esp-idf/components/heap /home/tikhon/Документы/magnolia/esp-idf/components/http_parser /home/tikhon/Документы/magnolia/esp-idf/components/idf_test /home/tikhon/Документы/magnolia/esp-idf/components/ieee802154 /home/tikhon/Документы/magnolia/esp-idf/components/json /home/tikhon/Документы/magnolia/esp-idf/components/log /home/tikhon/Документы/magnolia/esp-idf/components/lwip /home/tikhon/Документы/magnolia/applets/mainline/printenv/main /home/tikhon/Документы/magnolia/esp-idf/components/mbedtls /home/tikhon/Документы/magnolia/esp-idf/components/mqtt /home/tikhon/Документы/magnolia/esp-idf/components/newlib /home/tikhon/Документы/magnolia/esp-idf/components/nvs_flash /home/tikhon/Документы/magnolia/esp-idf/components/nvs_sec_provider /home/tikhon/Документы/magnolia/esp-idf/components/openthread /home/tikhon/Документы/magnolia/esp-idf/components/partition_table /home/tikhon/Документы/magnolia/esp-idf/components/perfmon /home/tikhon/Документы/magnolia/esp-idf/components/protobuf-c /home/tikhon/Документы/magnolia/esp-idf/components/protocomm /home/tikhon/Документы/magnolia/esp-idf/components/pthread /home/tikhon/Документы/magnolia/esp-idf/components/rt /home/tikhon/Документы/magnolia/esp-idf/components/sdmmc /home/tikhon/Документы/magnolia/esp-idf/components/soc /home/tikhon/Документы/magnolia/esp-idf/components/spi_flash /home/tikhon/Документы/magnolia/esp-idf/components/spiffs /home/tikhon/Документы/magnolia/esp-idf/components/tcp_transport /home/tikhon/Документы/magnolia/esp-idf/components/touch_element /home/tikhon/Документы/magnolia/esp-idf/components/ulp /home/tikhon/Документы/magnolia/esp-idf/components/unity /home/tikhon/Документы/magnolia/esp-idf/components/usb /home/tikhon/Документы/magnolia/esp-idf/components/vfs /home/tikhon/Документы/magnolia/esp-idf/components/wear_levelling /home/tikhon/Документы/magnolia/esp-idf/components/wifi_provisioning /home/tikhon/Документы/magnolia/esp-idf/components/wpa_supplicant /home/tikhon/Документы/magnolia/esp-idf/components/xtensa
[113/1044] Building C object esp-idf/wpa_supplicant/CMakeFiles/__idf_wpa_supplicant.dir/port/os_xtensa.c.obj
[114/1044] Building C object esp-idf/esp_driver_spi/CMakeFiles/__idf_esp_driver_spi.dir/src/gpspi/spi_slave.c.obj
-- Configuring done (6.3s)
[115/1044] Building C object esp-idf/esp_wifi/CMakeFiles/__idf_esp_wifi.dir/src/wifi_netif.c.obj
[116/1044] Linking C static library esp-idf/esp_driver_sdmmc/libesp_driver_sdmmc.a
[117/1044] Building C object esp-idf/esp_driver_spi/CMakeFiles/__idf_esp_driver_spi.dir/src/gpspi/spi_common.c.obj
[118/1044] Building C object esp-idf/esp_coex/CMakeFiles/__idf_esp_coex.dir/esp32s3/esp_coex_adapter.c.obj
[119/1044] Linking C static library esp-idf/esp_driver_sd_intf/libesp_driver_sd_intf.a
[120/1044] Building C object esp-idf/esp_wifi/CMakeFiles/__idf_esp_wifi.dir/src/wifi_default.c.obj
[121/1044] Building C object esp-idf/esp_wifi/CMakeFiles/__idf_esp_wifi.dir/esp32s3/esp_adapter.c.obj
[122/1044] Building C object esp-idf/esp_driver_spi/CMakeFiles/__idf_esp_driver_spi.dir/src/gpspi/spi_slave_hd.c.obj
[123/1044] Linking C static library esp-idf/sdmmc/libsdmmc.a
[124/1044] Building C object esp-idf/wpa_supplicant/CMakeFiles/__idf_wpa_supplicant.dir/src/ap/ap_config.c.obj
[125/1044] Building C object esp-idf/wpa_supplicant/CMakeFiles/__idf_wpa_supplicant.dir/src/ap/ieee802_1x.c.obj
[2/10] Build Rust staticlib: /home/tikhon/Документы/magnolia/applets/rust/rusthello/build/librusthello.a
FAILED: librusthello.a /home/tikhon/Документы/magnolia/applets/rust/rusthello/build/librusthello.a 
cd /home/tikhon/Документы/magnolia/applets/rust/rusthello/build && /usr/bin/cmake -E env CARGO_TARGET_DIR=/home/tikhon/Документы/magnolia/applets/rust/rusthello/build/rust_target bash -lc "set -euo pipefail;                  if [ -n \"/home/tikhon/export-esp.sh\" ] && [ -f \"/home/tikhon/export-esp.sh\" ]; then . \"/home/tikhon/export-esp.sh\" >/dev/null 2>&1; fi;                  RUSTFLAGS='-C panic=abort' cargo +esp build  --locked                    -Zbuild-std=core,alloc,compiler_builtins -Zbuild-std-features=compiler-builtins-mem                    --manifest-path '/home/tikhon/Документы/magnolia/applets/rust/rusthello/rust/Cargo.toml' --release --target 'xtensa-esp32s3-none-elf'" && /usr/bin/cmake -E copy_if_different /home/tikhon/Документы/magnolia/applets/rust/rusthello/build/rust_target/xtensa-esp32s3-none-elf/release/librusthello.a /home/tikhon/Документы/magnolia/applets/rust/rusthello/build/librusthello.a && bash -lc "set -euo pipefail;                  tmp='/home/tikhon/Документы/magnolia/applets/rust/rusthello/build/rust_fixup_rusthello';                  rm -rf \"\$tmp\"; mkdir -p \"\$tmp\";                  cd \"\$tmp\";                  '/home/tikhon/.espressif/tools/xtensa-esp-elf/esp-15.1.0_20250607/xtensa-esp-elf/bin/xtensa-esp32s3-elf-ar' x '/home/tikhon/Документы/magnolia/applets/rust/rusthello/build/librusthello.a';                  for obj in *.o; do                    [ -f \"\$obj\" ] || continue;                    for sec in \$(LC_ALL=C readelf -S -W \"\$obj\" | sed -n 's/^[[:space:]]*\\[[[:space:]]*[0-9]\\+\\][[:space:]]\\+\\([^ ]\\+\\).*/\\1/p'); do                      case \"\$sec\" in                        .literal*|.rodata*) '/home/tikhon/.espressif/tools/xtensa-esp-elf/esp-15.1.0_20250607/xtensa-esp-elf/bin/xtensa-esp32s3-elf-objcopy' --set-section-flags \"\$sec\"=alloc,load,contents,data \"\$obj\" || true ;;                      esac;                    done;                  done;                  '/home/tikhon/.espressif/tools/xtensa-esp-elf/esp-15.1.0_20250607/xtensa-esp-elf/bin/xtensa-esp32s3-elf-ar' rcs '/home/tikhon/Документы/magnolia/applets/rust/rusthello/build/librusthello.a' *.o"
   Compiling magnolia-applet v0.1.0 (/home/tikhon/Документы/magnolia/sdk/rust/magnolia-applet)
error: cannot find macro `vec` in this scope
  --> /home/tikhon/Документы/magnolia/sdk/rust/magnolia-applet/src/net.rs:86:9
   |
86 |         vec![unsafe { mem::zeroed() }; count as usize];
   |         ^^^
   |
help: consider importing this macro
   |
 1 + use alloc::vec;
   |

error: cannot find macro `vec` in this scope
   --> /home/tikhon/Документы/magnolia/sdk/rust/magnolia-applet/src/net.rs:226:9
    |
226 |         vec![unsafe { mem::zeroed() }; count as usize];
    |         ^^^
    |
help: consider importing this macro
    |
  1 + use alloc::vec;
    |

error: cannot find macro `vec` in this scope
  --> /home/tikhon/Документы/magnolia/sdk/rust/magnolia-applet/src/sysctl.rs:31:19
   |
31 |     let mut buf = vec![0i8; 256];
   |                   ^^^
   |
help: consider importing this macro
   |
 1 + use alloc::vec;
   |

error: could not compile `magnolia-applet` (lib) due to 3 previous errors
[126/1044] Building C object esp-idf/wpa_supplicant/CMakeFiles/__idf_wpa_supplicant.dir/port/eloop.c.obj
[127/1044] Linking C static library esp-idf/esp_driver_i2s/libesp_driver_i2s.a
[128/1044] Building C object esp-idf/esp_driver_pcnt/CMakeFiles/__idf_esp_driver_pcnt.dir/src/pulse_cnt.c.obj
[129/1044] Building C object esp-idf/wpa_supplicant/CMakeFiles/__idf_wpa_supplicant.dir/src/crypto/aes-siv.c.obj
[130/1044] Linking C static library esp-idf/esp_driver_mcpwm/libesp_driver_mcpwm.a
[131/1044] Building C object esp-idf/wpa_supplicant/CMakeFiles/__idf_wpa_supplicant.dir/src/ap/pmksa_cache_auth.c.obj
[132/1044] Building C object esp-idf/wpa_supplicant/CMakeFiles/__idf_wpa_supplicant.dir/src/utils/bitfield.c.obj
[133/1044] Linking C static library esp-idf/esp_driver_pcnt/libesp_driver_pcnt.a
[134/1044] Building C object esp-idf/wpa_supplicant/CMakeFiles/__idf_wpa_supplicant.dir/src/ap/comeback_token.c.obj
[4/9] Build Rust staticlib: /home/tikhon/Документы/magnolia/applets/rust/rhexdump/build/libhexdump.a
FAILED: libhexdump.a /home/tikhon/Документы/magnolia/applets/rust/rhexdump/build/libhexdump.a 
cd /home/tikhon/Документы/magnolia/applets/rust/rhexdump/build && /usr/bin/cmake -E env CARGO_TARGET_DIR=/home/tikhon/Документы/magnolia/applets/rust/rhexdump/build/rust_target bash -lc "set -euo pipefail;                  if [ -n \"/home/tikhon/export-esp.sh\" ] && [ -f \"/home/tikhon/export-esp.sh\" ]; then . \"/home/tikhon/export-esp.sh\" >/dev/null 2>&1; fi;                  RUSTFLAGS='-C panic=abort' cargo +esp build  --locked                    -Zbuild-std=core,alloc,compiler_builtins -Zbuild-std-features=compiler-builtins-mem                    --manifest-path '/home/tikhon/Документы/magnolia/applets/rust/rhexdump/rust/Cargo.toml' --release --target 'xtensa-esp32s3-none-elf'" && /usr/bin/cmake -E copy_if_different /home/tikhon/Документы/magnolia/applets/rust/rhexdump/build/rust_target/xtensa-esp32s3-none-elf/release/libhexdump.a /home/tikhon/Документы/magnolia/applets/rust/rhexdump/build/libhexdump.a && bash -lc "set -euo pipefail;                  tmp='/home/tikhon/Документы/magnolia/applets/rust/rhexdump/build/rust_fixup_hexdump';                  rm -rf \"\$tmp\"; mkdir -p \"\$tmp\";                  cd \"\$tmp\";                  '/home/tikhon/.espressif/tools/xtensa-esp-elf/esp-15.1.0_20250607/xtensa-esp-elf/bin/xtensa-esp32s3-elf-ar' x '/home/tikhon/Документы/magnolia/applets/rust/rhexdump/build/libhexdump.a';                  for obj in *.o; do                    [ -f \"\$obj\" ] || continue;                    for sec in \$(LC_ALL=C readelf -S -W \"\$obj\" | sed -n 's/^[[:space:]]*\\[[[:space:]]*[0-9]\\+\\][[:space:]]\\+\\([^ ]\\+\\).*/\\1/p'); do                      case \"\$sec\" in                        .literal*|.rodata*) '/home/tikhon/.espressif/tools/xtensa-esp-elf/esp-15.1.0_20250607/xtensa-esp-elf/bin/xtensa-esp32s3-elf-objcopy' --set-section-flags \"\$sec\"=alloc,load,contents,data \"\$obj\" || true ;;                      esac;                    done;                  done;                  '/home/tikhon/.espressif/tools/xtensa-esp-elf/esp-15.1.0_20250607/xtensa-esp-elf/bin/xtensa-esp32s3-elf-ar' rcs '/home/tikhon/Документы/magnolia/applets/rust/rhexdump/build/libhexdump.a' *.o"
   Compiling magnolia-applet v0.1.0 (/home/tikhon/Документы/magnolia/sdk/rust/magnolia-applet)
error: cannot find macro `vec` in this scope
  --> /home/tikhon/Документы/magnolia/sdk/rust/magnolia-applet/src/net.rs:86:9
   |
86 |         vec![unsafe { mem::zeroed() }; count as usize];
   |         ^^^
   |
help: consider importing this macro
   |
 1 + use alloc::vec;
   |

error: cannot find macro `vec` in this scope
   --> /home/tikhon/Документы/magnolia/sdk/rust/magnolia-applet/src/net.rs:226:9
    |
226 |         vec![unsafe { mem::zeroed() }; count as usize];
    |         ^^^
    |
help: consider importing this macro
    |
  1 + use alloc::vec;
    |

error: cannot find macro `vec` in this scope
  --> /home/tikhon/Документы/magnolia/sdk/rust/magnolia-applet/src/sysctl.rs:31:19
   |
31 |     let mut buf = vec![0i8; 256];
   |                   ^^^
   |
help: consider importing this macro
   |
 1 + use alloc::vec;
   |

error: could not compile `magnolia-applet` (lib) due to 3 previous errors
[135/1044] Building C object esp-idf/wpa_supplicant/CMakeFiles/__idf_wpa_supplicant.dir/src/ap/wpa_auth_ie.c.obj
[136/1044] Building C object esp-idf/wpa_supplicant/CMakeFiles/__idf_wpa_supplicant.dir/src/crypto/sha256-kdf.c.obj
[137/1044] Building C object esp-idf/wpa_supplicant/CMakeFiles/__idf_wpa_supplicant.dir/src/crypto/dh_group5.c.obj
[138/1044] Linking C static library esp-idf/esp_gdbstub/libesp_gdbstub.a
Executing action: all (aliases: build)
Running ninja in directory /home/tikhon/Документы/magnolia/applets/rust/rxxd/build
Executing "ninja all"...
[0/2] Re-checking globbed directories...
[139/1044] Building C object esp-idf/wpa_supplicant/CMakeFiles/__idf_wpa_supplicant.dir/src/crypto/crypto_ops.c.obj
[140/1044] Building C object esp-idf/wpa_supplicant/CMakeFiles/__idf_wpa_supplicant.dir/src/ap/sta_info.c.obj
Executing action: all (aliases: build)
Running ninja in directory /home/tikhon/Документы/magnolia/applets/rust/rselftest/build
Executing "ninja all"...
[0/2] Re-checking globbed directories...
[1/10] Building C object CMakeFiles/rselftest.elf.dir/project_elf_src_esp32s3.c.obj
[141/1044] Building C object esp-idf/wpa_supplicant/CMakeFiles/__idf_wpa_supplicant.dir/src/common/dragonfly.c.obj
[142/1044] Building C object esp-idf/wpa_supplicant/CMakeFiles/__idf_wpa_supplicant.dir/src/ap/ieee802_11.c.obj
Command failed (2): idf.py build
Skipping failed applet build: rdd
[143/1044] Building C object esp-idf/wpa_supplicant/CMakeFiles/__idf_wpa_supplicant.dir/src/crypto/aes-gcm.c.obj
[144/1044] Building C object esp-idf/wpa_supplicant/CMakeFiles/__idf_wpa_supplicant.dir/src/crypto/ccmp.c.obj
[145/1044] Building C object esp-idf/wpa_supplicant/CMakeFiles/__idf_wpa_supplicant.dir/src/common/wpa_common.c.obj
[146/1044] Building C object esp-idf/wpa_supplicant/CMakeFiles/__idf_wpa_supplicant.dir/src/crypto/dh_groups.c.obj
[147/1044] Building C object esp-idf/esp_driver_spi/CMakeFiles/__idf_esp_driver_spi.dir/src/gpspi/spi_master.c.obj
[148/1044] Building C object esp-idf/wpa_supplicant/CMakeFiles/__idf_wpa_supplicant.dir/src/crypto/sha384-tlsprf.c.obj
[149/1044] Building C object esp-idf/wpa_supplicant/CMakeFiles/__idf_wpa_supplicant.dir/src/crypto/ms_funcs.c.obj
[150/1044] Building C object esp-idf/wpa_supplicant/CMakeFiles/__idf_wpa_supplicant.dir/src/crypto/sha256-tlsprf.c.obj
[151/1044] Linking C static library esp-idf/esp_driver_spi/libesp_driver_spi.a
[152/1044] Building C object esp-idf/wpa_supplicant/CMakeFiles/__idf_wpa_supplicant.dir/src/crypto/sha1-tprf.c.obj
[153/1044] Building C object esp-idf/wpa_supplicant/CMakeFiles/__idf_wpa_supplicant.dir/src/crypto/sha1-tlsprf.c.obj
[154/1044] Building C object esp-idf/wpa_supplicant/CMakeFiles/__idf_wpa_supplicant.dir/src/crypto/sha384-prf.c.obj
[155/1044] Building C object esp-idf/wpa_supplicant/CMakeFiles/__idf_wpa_supplicant.dir/src/eap_common/eap_wsc_common.c.obj
[156/1044] Linking C static library esp-idf/esp_wifi/libesp_wifi.a
[157/1044] Building C object esp-idf/wpa_supplicant/CMakeFiles/__idf_wpa_supplicant.dir/src/crypto/md4-internal.c.obj
[158/1044] Building C object esp-idf/wpa_supplicant/CMakeFiles/__idf_wpa_supplicant.dir/src/eap_peer/chap.c.obj
[1/9] Performing build step for 'bootloader'
[1/1] cd /home/tikhon/Документы/magnolia/applets/rust/rxxd/build/bootloader && /home/tikhon/.espressif/python_env/idf6.0_py3.12_env/bin/python /home/tikhon/Документы/magnolia/esp-idf/components/partition_table/check_sizes.py --offset 0x8000 bootloader 0x0 /home/tikhon/Документы/magnolia/applets/rust/rxxd/build/bootloader/bootloader.bin
Bootloader binary size 0x5320 bytes. 0x2ce0 bytes (35%) free.
[159/1044] Building C object esp-idf/wpa_supplicant/CMakeFiles/__idf_wpa_supplicant.dir/src/crypto/sha256-prf.c.obj
[160/1044] Building C object esp-idf/wpa_supplicant/CMakeFiles/__idf_wpa_supplicant.dir/src/crypto/sha1-prf.c.obj
[2/9] No install step for 'bootloader'
[161/1044] Building C object esp-idf/wpa_supplicant/CMakeFiles/__idf_wpa_supplicant.dir/src/common/ieee802_11_common.c.obj
[162/1044] Building C object esp-idf/wpa_supplicant/CMakeFiles/__idf_wpa_supplicant.dir/src/eap_peer/eap_peap_common.c.obj
[163/1044] Building C object esp-idf/wpa_supplicant/CMakeFiles/__idf_wpa_supplicant.dir/src/eap_peer/mschapv2.c.obj
[164/1044] Building C object esp-idf/wpa_supplicant/CMakeFiles/__idf_wpa_supplicant.dir/src/eap_peer/eap_common.c.obj
[3/9] Completed 'bootloader'
[165/1044] Building C object esp-idf/wpa_supplicant/CMakeFiles/__idf_wpa_supplicant.dir/src/ap/wpa_auth.c.obj
[166/1044] Building C object esp-idf/wpa_supplicant/CMakeFiles/__idf_wpa_supplicant.dir/src/eap_peer/eap_fast_common.c.obj
[167/1044] Building C object esp-idf/wpa_supplicant/CMakeFiles/__idf_wpa_supplicant.dir/src/rsn_supp/pmksa_cache.c.obj
[168/1044] Building C object esp-idf/wpa_supplicant/CMakeFiles/__idf_wpa_supplicant.dir/src/eap_peer/eap_tls.c.obj
-- Components: app_trace app_update bootloader bootloader_support bt cmock console cxx driver efuse esp-tls esp_adc esp_app_format esp_bootloader_format esp_coex esp_common esp_driver_ana_cmpr esp_driver_bitscrambler esp_driver_cam esp_driver_dac esp_driver_gpio esp_driver_gptimer esp_driver_i2c esp_driver_i2s esp_driver_i3c esp_driver_isp esp_driver_jpeg esp_driver_ledc esp_driver_mcpwm esp_driver_parlio esp_driver_pcnt esp_driver_ppa esp_driver_rmt esp_driver_sd_intf esp_driver_sdio esp_driver_sdm esp_driver_sdmmc esp_driver_sdspi esp_driver_spi esp_driver_touch_sens esp_driver_tsens esp_driver_twai esp_driver_uart esp_driver_usb_serial_jtag esp_eth esp_event esp_gdbstub esp_hid esp_http_client esp_http_server esp_https_ota esp_https_server esp_hw_support esp_lcd esp_local_ctrl esp_mm esp_netif esp_netif_stack esp_partition esp_phy esp_pm esp_psram esp_ringbuf esp_rom esp_security esp_system esp_timer esp_vfs_console esp_wifi espcoredump esptool_py fatfs freertos hal heap http_parser idf_test ieee802154 json log lwip main mbedtls mqtt newlib nvs_flash nvs_sec_provider openthread partition_table perfmon protobuf-c protocomm pthread rt sdmmc soc spi_flash spiffs tcp_transport touch_element ulp unity usb vfs wear_levelling wifi_provisioning wpa_supplicant xtensa
-- Component paths: /home/tikhon/Документы/magnolia/esp-idf/components/app_trace /home/tikhon/Документы/magnolia/esp-idf/components/app_update /home/tikhon/Документы/magnolia/esp-idf/components/bootloader /home/tikhon/Документы/magnolia/esp-idf/components/bootloader_support /home/tikhon/Документы/magnolia/esp-idf/components/bt /home/tikhon/Документы/magnolia/esp-idf/components/cmock /home/tikhon/Документы/magnolia/esp-idf/components/console /home/tikhon/Документы/magnolia/esp-idf/components/cxx /home/tikhon/Документы/magnolia/esp-idf/components/driver /home/tikhon/Документы/magnolia/esp-idf/components/efuse /home/tikhon/Документы/magnolia/esp-idf/components/esp-tls /home/tikhon/Документы/magnolia/esp-idf/components/esp_adc /home/tikhon/Документы/magnolia/esp-idf/components/esp_app_format /home/tikhon/Документы/magnolia/esp-idf/components/esp_bootloader_format /home/tikhon/Документы/magnolia/esp-idf/components/esp_coex /home/tikhon/Документы/magnolia/esp-idf/components/esp_common /home/tikhon/Документы/magnolia/esp-idf/components/esp_driver_ana_cmpr /home/tikhon/Документы/magnolia/esp-idf/components/esp_driver_bitscrambler /home/tikhon/Документы/magnolia/esp-idf/components/esp_driver_cam /home/tikhon/Документы/magnolia/esp-idf/components/esp_driver_dac /home/tikhon/Документы/magnolia/esp-idf/components/esp_driver_gpio /home/tikhon/Документы/magnolia/esp-idf/components/esp_driver_gptimer /home/tikhon/Документы/magnolia/esp-idf/components/esp_driver_i2c /home/tikhon/Документы/magnolia/esp-idf/components/esp_driver_i2s /home/tikhon/Документы/magnolia/esp-idf/components/esp_driver_i3c /home/tikhon/Документы/magnolia/esp-idf/components/esp_driver_isp /home/tikhon/Документы/magnolia/esp-idf/components/esp_driver_jpeg /home/tikhon/Документы/magnolia/esp-idf/components/esp_driver_ledc /home/tikhon/Документы/magnolia/esp-idf/components/esp_driver_mcpwm /home/tikhon/Документы/magnolia/esp-idf/components/esp_driver_parlio /home/tikhon/Документы/magnolia/esp-idf/components/esp_driver_pcnt /home/tikhon/Документы/magnolia/esp-idf/components/esp_driver_ppa /home/tikhon/Документы/magnolia/esp-idf/components/esp_driver_rmt /home/tikhon/Документы/magnolia/esp-idf/components/esp_driver_sd_intf /home/tikhon/Документы/magnolia/esp-idf/components/esp_driver_sdio /home/tikhon/Документы/magnolia/esp-idf/components/esp_driver_sdm /home/tikhon/Документы/magnolia/esp-idf/components/esp_driver_sdmmc /home/tikhon/Документы/magnolia/esp-idf/components/esp_driver_sdspi /home/tikhon/Документы/magnolia/esp-idf/components/esp_driver_spi /home/tikhon/Документы/magnolia/esp-idf/components/esp_driver_touch_sens /home/tikhon/Документы/magnolia/esp-idf/components/esp_driver_tsens /home/tikhon/Документы/magnolia/esp-idf/components/esp_driver_twai /home/tikhon/Документы/magnolia/esp-idf/components/esp_driver_uart /home/tikhon/Документы/magnolia/esp-idf/components/esp_driver_usb_serial_jtag /home/tikhon/Документы/magnolia/esp-idf/components/esp_eth /home/tikhon/Документы/magnolia/esp-idf/components/esp_event /home/tikhon/Документы/magnolia/esp-idf/components/esp_gdbstub /home/tikhon/Документы/magnolia/esp-idf/components/esp_hid /home/tikhon/Документы/magnolia/esp-idf/components/esp_http_client /home/tikhon/Документы/magnolia/esp-idf/components/esp_http_server /home/tikhon/Документы/magnolia/esp-idf/components/esp_https_ota /home/tikhon/Документы/magnolia/esp-idf/components/esp_https_server /home/tikhon/Документы/magnolia/esp-idf/components/esp_hw_support /home/tikhon/Документы/magnolia/esp-idf/components/esp_lcd /home/tikhon/Документы/magnolia/esp-idf/components/esp_local_ctrl /home/tikhon/Документы/magnolia/esp-idf/components/esp_mm /home/tikhon/Документы/magnolia/esp-idf/components/esp_netif /home/tikhon/Документы/magnolia/esp-idf/components/esp_netif_stack /home/tikhon/Документы/magnolia/esp-idf/components/esp_partition /home/tikhon/Документы/magnolia/esp-idf/components/esp_phy /home/tikhon/Документы/magnolia/esp-idf/components/esp_pm /home/tikhon/Документы/magnolia/esp-idf/components/esp_psram /home/tikhon/Документы/magnolia/esp-idf/components/esp_ringbuf /home/tikhon/Документы/magnolia/esp-idf/components/esp_rom /home/tikhon/Документы/magnolia/esp-idf/components/esp_security /home/tikhon/Документы/magnolia/esp-idf/components/esp_system /home/tikhon/Документы/magnolia/esp-idf/components/esp_timer /home/tikhon/Документы/magnolia/esp-idf/components/esp_vfs_console /home/tikhon/Документы/magnolia/esp-idf/components/esp_wifi /home/tikhon/Документы/magnolia/esp-idf/components/espcoredump /home/tikhon/Документы/magnolia/esp-idf/components/esptool_py /home/tikhon/Документы/magnolia/esp-idf/components/fatfs /home/tikhon/Документы/magnolia/esp-idf/components/freertos /home/tikhon/Документы/magnolia/esp-idf/components/hal /home/tikhon/Документы/magnolia/esp-idf/components/heap /home/tikhon/Документы/magnolia/esp-idf/components/http_parser /home/tikhon/Документы/magnolia/esp-idf/components/idf_test /home/tikhon/Документы/magnolia/esp-idf/components/ieee802154 /home/tikhon/Документы/magnolia/esp-idf/components/json /home/tikhon/Документы/magnolia/esp-idf/components/log /home/tikhon/Документы/magnolia/esp-idf/components/lwip /home/tikhon/Документы/magnolia/applets/mainline/rev/main /home/tikhon/Документы/magnolia/esp-idf/components/mbedtls /home/tikhon/Документы/magnolia/esp-idf/components/mqtt /home/tikhon/Документы/magnolia/esp-idf/components/newlib /home/tikhon/Документы/magnolia/esp-idf/components/nvs_flash /home/tikhon/Документы/magnolia/esp-idf/components/nvs_sec_provider /home/tikhon/Документы/magnolia/esp-idf/components/openthread /home/tikhon/Документы/magnolia/esp-idf/components/partition_table /home/tikhon/Документы/magnolia/esp-idf/components/perfmon /home/tikhon/Документы/magnolia/esp-idf/components/protobuf-c /home/tikhon/Документы/magnolia/esp-idf/components/protocomm /home/tikhon/Документы/magnolia/esp-idf/components/pthread /home/tikhon/Документы/magnolia/esp-idf/components/rt /home/tikhon/Документы/magnolia/esp-idf/components/sdmmc /home/tikhon/Документы/magnolia/esp-idf/components/soc /home/tikhon/Документы/magnolia/esp-idf/components/spi_flash /home/tikhon/Документы/magnolia/esp-idf/components/spiffs /home/tikhon/Документы/magnolia/esp-idf/components/tcp_transport /home/tikhon/Документы/magnolia/esp-idf/components/touch_element /home/tikhon/Документы/magnolia/esp-idf/components/ulp /home/tikhon/Документы/magnolia/esp-idf/components/unity /home/tikhon/Документы/magnolia/esp-idf/components/usb /home/tikhon/Документы/magnolia/esp-idf/components/vfs /home/tikhon/Документы/magnolia/esp-idf/components/wear_levelling /home/tikhon/Документы/magnolia/esp-idf/components/wifi_provisioning /home/tikhon/Документы/magnolia/esp-idf/components/wpa_supplicant /home/tikhon/Документы/magnolia/esp-idf/components/xtensa
[169/1044] Building C object esp-idf/wpa_supplicant/CMakeFiles/__idf_wpa_supplicant.dir/src/eap_peer/eap.c.obj
[170/1044] Building C object esp-idf/wpa_supplicant/CMakeFiles/__idf_wpa_supplicant.dir/src/utils/wpabuf.c.obj
-- Configuring done (7.1s)
[171/1044] Building C object esp-idf/wpa_supplicant/CMakeFiles/__idf_wpa_supplicant.dir/src/eap_peer/eap_mschapv2.c.obj
[172/1044] Building C object esp-idf/wpa_supplicant/CMakeFiles/__idf_wpa_supplicant.dir/src/common/sae.c.obj
[173/1044] Building C object esp-idf/wpa_supplicant/CMakeFiles/__idf_wpa_supplicant.dir/src/utils/uuid.c.obj
[174/1044] Building C object esp-idf/wpa_supplicant/CMakeFiles/__idf_wpa_supplicant.dir/src/utils/wpa_debug.c.obj
[175/1044] Building C object esp-idf/wpa_supplicant/CMakeFiles/__idf_wpa_supplicant.dir/src/utils/ext_password.c.obj
[176/1044] Building C object esp-idf/wpa_supplicant/CMakeFiles/__idf_wpa_supplicant.dir/src/utils/base64.c.obj
[177/1044] Building C object esp-idf/wpa_supplicant/CMakeFiles/__idf_wpa_supplicant.dir/src/eap_peer/eap_fast_pac.c.obj
[178/1044] Building C object esp-idf/wpa_supplicant/CMakeFiles/__idf_wpa_supplicant.dir/src/eap_peer/eap_tls_common.c.obj
[3/10] Linking CXX executable rusthello.elf
FAILED: rusthello.elf 
: && /home/tikhon/.espressif/tools/xtensa-esp-elf/esp-15.1.0_20250607/xtensa-esp-elf/bin/xtensa-esp32s3-elf-g++ -mlongcalls -fno-builtin-memcpy -fno-builtin-memset -fno-builtin-bzero -nostartfiles    -Wl,--cref -Wl,--defsym=IDF_TARGET_ESP32S3=0 -Wl,--Map=/home/tikhon/Документы/magnolia/applets/rust/rusthello/build/rusthello.map -Wl,--no-warn-rwx-segments -Wl,--orphan-handling=error -fno-rtti -fno-lto -Wl,--gc-sections -Wl,--warn-common -T esp32s3.peripherals.ld -T esp32s3.rom.ld -T esp32s3.rom.api.ld -T esp32s3.rom.bt_funcs.ld -T esp32s3.rom.libgcc.ld -T esp32s3.rom.wdt.ld -T esp32s3.rom.version.ld -T esp32s3.rom.ble_master.ld -T esp32s3.rom.ble_50.ld -T esp32s3.rom.ble_smp.ld -T esp32s3.rom.ble_dtm.ld -T esp32s3.rom.ble_test.ld -T esp32s3.rom.ble_scan.ld -T esp32s3.rom.libc.ld -T esp32s3.rom.newlib.ld -T memory.ld -T sections.ld CMakeFiles/rusthello.elf.dir/project_elf_src_esp32s3.c.obj -o rusthello.elf -L/home/tikhon/Документы/magnolia/esp-idf/components/soc/esp32s3/ld   -L/home/tikhon/Документы/magnolia/esp-idf/components/esp_rom/esp32s3/ld   -L/home/tikhon/Документы/magnolia/applets/rust/rusthello/build/esp-idf/esp_system/ld   -L/home/tikhon/Документы/magnolia/esp-idf/components/esp_phy/lib/esp32s3   -L/home/tikhon/Документы/magnolia/esp-idf/components/esp_wifi/lib/esp32s3 esp-idf/xtensa/libxtensa.a  esp-idf/esp_app_format/libesp_app_format.a  esp-idf/esp_bootloader_format/libesp_bootloader_format.a  esp-idf/app_update/libapp_update.a  esp-idf/esp_partition/libesp_partition.a  esp-idf/efuse/libefuse.a  esp-idf/esp_security/libesp_security.a  esp-idf/esp_driver_gpio/libesp_driver_gpio.a  esp-idf/esp_pm/libesp_pm.a  esp-idf/mbedtls/libmbedtls.a  esp-idf/bootloader_support/libbootloader_support.a  esp-idf/esp_mm/libesp_mm.a  esp-idf/spi_flash/libspi_flash.a  esp-idf/esp_system/libesp_system.a  esp-idf/esp_common/libesp_common.a  esp-idf/esp_rom/libesp_rom.a  esp-idf/hal/libhal.a  esp-idf/log/liblog.a  esp-idf/heap/libheap.a  esp-idf/soc/libsoc.a  esp-idf/esp_hw_support/libesp_hw_support.a  esp-idf/freertos/libfreertos.a  esp-idf/newlib/libnewlib.a  esp-idf/pthread/libpthread.a  esp-idf/cxx/libcxx.a  esp-idf/esp_timer/libesp_timer.a  esp-idf/esp_driver_gptimer/libesp_driver_gptimer.a  esp-idf/esp_ringbuf/libesp_ringbuf.a  esp-idf/esp_driver_uart/libesp_driver_uart.a  esp-idf/app_trace/libapp_trace.a  esp-idf/esp_event/libesp_event.a  esp-idf/nvs_flash/libnvs_flash.a  esp-idf/esp_phy/libesp_phy.a  esp-idf/esp_driver_usb_serial_jtag/libesp_driver_usb_serial_jtag.a  esp-idf/esp_vfs_console/libesp_vfs_console.a  esp-idf/vfs/libvfs.a  esp-idf/lwip/liblwip.a  esp-idf/esp_netif/libesp_netif.a  esp-idf/wpa_supplicant/libwpa_supplicant.a  esp-idf/esp_coex/libesp_coex.a  esp-idf/esp_wifi/libesp_wifi.a  esp-idf/esp_driver_spi/libesp_driver_spi.a  esp-idf/esp_gdbstub/libesp_gdbstub.a  esp-idf/unity/libunity.a  esp-idf/cmock/libcmock.a  esp-idf/console/libconsole.a  esp-idf/esp_driver_pcnt/libesp_driver_pcnt.a  esp-idf/esp_driver_mcpwm/libesp_driver_mcpwm.a  esp-idf/esp_driver_i2s/libesp_driver_i2s.a  esp-idf/sdmmc/libsdmmc.a  esp-idf/esp_driver_sd_intf/libesp_driver_sd_intf.a  esp-idf/esp_driver_sdmmc/libesp_driver_sdmmc.a  esp-idf/esp_driver_sdspi/libesp_driver_sdspi.a  esp-idf/esp_driver_rmt/libesp_driver_rmt.a  esp-idf/esp_driver_tsens/libesp_driver_tsens.a  esp-idf/esp_driver_sdm/libesp_driver_sdm.a  esp-idf/esp_driver_i2c/libesp_driver_i2c.a  esp-idf/esp_driver_ledc/libesp_driver_ledc.a  esp-idf/esp_driver_twai/libesp_driver_twai.a  esp-idf/driver/libdriver.a  esp-idf/http_parser/libhttp_parser.a  esp-idf/esp-tls/libesp-tls.a  esp-idf/esp_adc/libesp_adc.a  esp-idf/esp_driver_cam/libesp_driver_cam.a  esp-idf/esp_driver_touch_sens/libesp_driver_touch_sens.a  esp-idf/esp_eth/libesp_eth.a  esp-idf/esp_hid/libesp_hid.a  esp-idf/tcp_transport/libtcp_transport.a  esp-idf/esp_http_client/libesp_http_client.a  esp-idf/esp_http_server/libesp_http_server.a  esp-idf/esp_https_ota/libesp_https_ota.a  esp-idf/esp_https_server/libesp_https_server.a  esp-idf/esp_lcd/libesp_lcd.a  esp-idf/protobuf-c/libprotobuf-c.a  esp-idf/protocomm/libprotocomm.a  esp-idf/esp_local_ctrl/libesp_local_ctrl.a  esp-idf/espcoredump/libespcoredump.a  esp-idf/wear_levelling/libwear_levelling.a  esp-idf/fatfs/libfatfs.a  esp-idf/json/libjson.a  esp-idf/mqtt/libmqtt.a  esp-idf/nvs_sec_provider/libnvs_sec_provider.a  esp-idf/perfmon/libperfmon.a  esp-idf/rt/librt.a  esp-idf/spiffs/libspiffs.a  esp-idf/touch_element/libtouch_element.a  esp-idf/usb/libusb.a  esp-idf/wifi_provisioning/libwifi_provisioning.a  esp-idf/main/libmain.a  esp-idf/app_trace/libapp_trace.a  esp-idf/cmock/libcmock.a  esp-idf/unity/libunity.a  esp-idf/esp_driver_cam/libesp_driver_cam.a  esp-idf/esp_driver_touch_sens/libesp_driver_touch_sens.a  esp-idf/esp_eth/libesp_eth.a  esp-idf/esp_hid/libesp_hid.a  esp-idf/esp_lcd/libesp_lcd.a  esp-idf/esp_local_ctrl/libesp_local_ctrl.a  esp-idf/esp_https_server/libesp_https_server.a  esp-idf/espcoredump/libespcoredump.a  -u esp_system_include_coredump_init  esp-idf/fatfs/libfatfs.a  esp-idf/wear_levelling/libwear_levelling.a  esp-idf/mqtt/libmqtt.a  esp-idf/nvs_sec_provider/libnvs_sec_provider.a  -u nvs_sec_provider_include_impl  esp-idf/perfmon/libperfmon.a  esp-idf/rt/librt.a  esp-idf/spiffs/libspiffs.a  esp-idf/touch_element/libtouch_element.a  esp-idf/usb/libusb.a  esp-idf/wifi_provisioning/libwifi_provisioning.a  esp-idf/protocomm/libprotocomm.a  esp-idf/console/libconsole.a  esp-idf/protobuf-c/libprotobuf-c.a  esp-idf/json/libjson.a  esp-idf/xtensa/libxtensa.a  esp-idf/esp_app_format/libesp_app_format.a  esp-idf/esp_bootloader_format/libesp_bootloader_format.a  esp-idf/app_update/libapp_update.a  esp-idf/esp_partition/libesp_partition.a  esp-idf/efuse/libefuse.a  esp-idf/esp_security/libesp_security.a  esp-idf/esp_driver_gpio/libesp_driver_gpio.a  esp-idf/esp_pm/libesp_pm.a  esp-idf/mbedtls/libmbedtls.a  esp-idf/bootloader_support/libbootloader_support.a  esp-idf/esp_mm/libesp_mm.a  esp-idf/spi_flash/libspi_flash.a  esp-idf/esp_system/libesp_system.a  esp-idf/esp_common/libesp_common.a  esp-idf/esp_rom/libesp_rom.a  esp-idf/hal/libhal.a  esp-idf/log/liblog.a  esp-idf/heap/libheap.a  esp-idf/soc/libsoc.a  esp-idf/esp_hw_support/libesp_hw_support.a  esp-idf/freertos/libfreertos.a  esp-idf/newlib/libnewlib.a  esp-idf/pthread/libpthread.a  esp-idf/cxx/libcxx.a  esp-idf/esp_timer/libesp_timer.a  esp-idf/esp_driver_gptimer/libesp_driver_gptimer.a  esp-idf/esp_ringbuf/libesp_ringbuf.a  esp-idf/esp_driver_uart/libesp_driver_uart.a  esp-idf/esp_event/libesp_event.a  esp-idf/nvs_flash/libnvs_flash.a  esp-idf/esp_phy/libesp_phy.a  esp-idf/esp_driver_usb_serial_jtag/libesp_driver_usb_serial_jtag.a  esp-idf/esp_vfs_console/libesp_vfs_console.a  esp-idf/vfs/libvfs.a  esp-idf/lwip/liblwip.a  esp-idf/esp_netif/libesp_netif.a  esp-idf/wpa_supplicant/libwpa_supplicant.a  esp-idf/esp_coex/libesp_coex.a  esp-idf/esp_wifi/libesp_wifi.a  esp-idf/esp_driver_spi/libesp_driver_spi.a  esp-idf/esp_gdbstub/libesp_gdbstub.a  esp-idf/esp_driver_pcnt/libesp_driver_pcnt.a  esp-idf/esp_driver_mcpwm/libesp_driver_mcpwm.a  esp-idf/esp_driver_i2s/libesp_driver_i2s.a  esp-idf/sdmmc/libsdmmc.a  esp-idf/esp_driver_sd_intf/libesp_driver_sd_intf.a  esp-idf/esp_driver_sdmmc/libesp_driver_sdmmc.a  esp-idf/esp_driver_sdspi/libesp_driver_sdspi.a  esp-idf/esp_driver_rmt/libesp_driver_rmt.a  esp-idf/esp_driver_tsens/libesp_driver_tsens.a  esp-idf/esp_driver_sdm/libesp_driver_sdm.a  esp-idf/esp_driver_i2c/libesp_driver_i2c.a  esp-idf/esp_driver_ledc/libesp_driver_ledc.a  esp-idf/esp_driver_twai/libesp_driver_twai.a  esp-idf/driver/libdriver.a  esp-idf/http_parser/libhttp_parser.a  esp-idf/esp-tls/libesp-tls.a  esp-idf/esp_adc/libesp_adc.a  esp-idf/tcp_transport/libtcp_transport.a  esp-idf/esp_http_client/libesp_http_client.a  esp-idf/esp_http_server/libesp_http_server.a  esp-idf/esp_https_ota/libesp_https_ota.a  esp-idf/mbedtls/mbedtls/library/libmbedtls.a  esp-idf/mbedtls/mbedtls/library/libmbedcrypto.a  esp-idf/mbedtls/mbedtls/library/libmbedx509.a  esp-idf/mbedtls/mbedtls/3rdparty/everest/libeverest.a  esp-idf/mbedtls/mbedtls/3rdparty/p256-m/libp256m.a  /home/tikhon/Документы/magnolia/esp-idf/components/esp_wifi/lib/esp32s3/libcore.a  /home/tikhon/Документы/magnolia/esp-idf/components/esp_wifi/lib/esp32s3/libespnow.a  /home/tikhon/Документы/magnolia/esp-idf/components/esp_wifi/lib/esp32s3/libmesh.a  /home/tikhon/Документы/magnolia/esp-idf/components/esp_wifi/lib/esp32s3/libnet80211.a  /home/tikhon/Документы/magnolia/esp-idf/components/esp_wifi/lib/esp32s3/libpp.a  /home/tikhon/Документы/magnolia/esp-idf/components/esp_wifi/lib/esp32s3/libsmartconfig.a  /home/tikhon/Документы/magnolia/esp-idf/components/esp_wifi/lib/esp32s3/libwapi.a  esp-idf/xtensa/libxtensa.a  esp-idf/esp_app_format/libesp_app_format.a  esp-idf/esp_bootloader_format/libesp_bootloader_format.a  esp-idf/app_update/libapp_update.a  esp-idf/esp_partition/libesp_partition.a  esp-idf/efuse/libefuse.a  esp-idf/esp_security/libesp_security.a  esp-idf/esp_driver_gpio/libesp_driver_gpio.a  esp-idf/esp_pm/libesp_pm.a  esp-idf/mbedtls/libmbedtls.a  esp-idf/bootloader_support/libbootloader_support.a  esp-idf/esp_mm/libesp_mm.a  esp-idf/spi_flash/libspi_flash.a  esp-idf/esp_system/libesp_system.a  esp-idf/esp_common/libesp_common.a  esp-idf/esp_rom/libesp_rom.a  esp-idf/hal/libhal.a  esp-idf/log/liblog.a  esp-idf/heap/libheap.a  esp-idf/soc/libsoc.a  esp-idf/esp_hw_support/libesp_hw_support.a  esp-idf/freertos/libfreertos.a  esp-idf/newlib/libnewlib.a  esp-idf/pthread/libpthread.a  esp-idf/cxx/libcxx.a  esp-idf/esp_timer/libesp_timer.a  esp-idf/esp_driver_gptimer/libesp_driver_gptimer.a  esp-idf/esp_ringbuf/libesp_ringbuf.a  esp-idf/esp_driver_uart/libesp_driver_uart.a  esp-idf/esp_event/libesp_event.a  esp-idf/nvs_flash/libnvs_flash.a  esp-idf/esp_phy/libesp_phy.a  esp-idf/esp_driver_usb_serial_jtag/libesp_driver_usb_serial_jtag.a  esp-idf/esp_vfs_console/libesp_vfs_console.a  esp-idf/vfs/libvfs.a  esp-idf/lwip/liblwip.a  esp-idf/esp_netif/libesp_netif.a  esp-idf/wpa_supplicant/libwpa_supplicant.a  esp-idf/esp_coex/libesp_coex.a  esp-idf/esp_wifi/libesp_wifi.a  esp-idf/esp_driver_spi/libesp_driver_spi.a  esp-idf/esp_gdbstub/libesp_gdbstub.a  esp-idf/esp_driver_pcnt/libesp_driver_pcnt.a  esp-idf/esp_driver_mcpwm/libesp_driver_mcpwm.a  esp-idf/esp_driver_i2s/libesp_driver_i2s.a  esp-idf/sdmmc/libsdmmc.a  esp-idf/esp_driver_sd_intf/libesp_driver_sd_intf.a  esp-idf/esp_driver_sdmmc/libesp_driver_sdmmc.a  esp-idf/esp_driver_sdspi/libesp_driver_sdspi.a  esp-idf/esp_driver_rmt/libesp_driver_rmt.a  esp-idf/esp_driver_tsens/libesp_driver_tsens.a  esp-idf/esp_driver_sdm/libesp_driver_sdm.a  esp-idf/esp_driver_i2c/libesp_driver_i2c.a  esp-idf/esp_driver_ledc/libesp_driver_ledc.a  esp-idf/esp_driver_twai/libesp_driver_twai.a  esp-idf/driver/libdriver.a  esp-idf/http_parser/libhttp_parser.a  esp-idf/esp-tls/libesp-tls.a  esp-idf/esp_adc/libesp_adc.a  esp-idf/tcp_transport/libtcp_transport.a  esp-idf/esp_http_client/libesp_http_client.a  esp-idf/esp_http_server/libesp_http_server.a  esp-idf/esp_https_ota/libesp_https_ota.a  esp-idf/mbedtls/mbedtls/library/libmbedtls.a  esp-idf/mbedtls/mbedtls/library/libmbedcrypto.a  esp-idf/mbedtls/mbedtls/library/libmbedx509.a  esp-idf/mbedtls/mbedtls/3rdparty/everest/libeverest.a  esp-idf/mbedtls/mbedtls/3rdparty/p256-m/libp256m.a  /home/tikhon/Документы/magnolia/esp-idf/components/esp_wifi/lib/esp32s3/libcore.a  /home/tikhon/Документы/magnolia/esp-idf/components/esp_wifi/lib/esp32s3/libespnow.a  /home/tikhon/Документы/magnolia/esp-idf/components/esp_wifi/lib/esp32s3/libmesh.a  /home/tikhon/Документы/magnolia/esp-idf/components/esp_wifi/lib/esp32s3/libnet80211.a  /home/tikhon/Документы/magnolia/esp-idf/components/esp_wifi/lib/esp32s3/libpp.a  /home/tikhon/Документы/magnolia/esp-idf/components/esp_wifi/lib/esp32s3/libsmartconfig.a  /home/tikhon/Документы/magnolia/esp-idf/components/esp_wifi/lib/esp32s3/libwapi.a  esp-idf/xtensa/libxtensa.a  esp-idf/esp_app_format/libesp_app_format.a  esp-idf/esp_bootloader_format/libesp_bootloader_format.a  esp-idf/app_update/libapp_update.a  esp-idf/esp_partition/libesp_partition.a  esp-idf/efuse/libefuse.a  esp-idf/esp_security/libesp_security.a  esp-idf/esp_driver_gpio/libesp_driver_gpio.a  esp-idf/esp_pm/libesp_pm.a  esp-idf/mbedtls/libmbedtls.a  esp-idf/bootloader_support/libbootloader_support.a  esp-idf/esp_mm/libesp_mm.a  esp-idf/spi_flash/libspi_flash.a  esp-idf/esp_system/libesp_system.a  esp-idf/esp_common/libesp_common.a  esp-idf/esp_rom/libesp_rom.a  esp-idf/hal/libhal.a  esp-idf/log/liblog.a  esp-idf/heap/libheap.a  esp-idf/soc/libsoc.a  esp-idf/esp_hw_support/libesp_hw_support.a  esp-idf/freertos/libfreertos.a  esp-idf/newlib/libnewlib.a  esp-idf/pthread/libpthread.a  esp-idf/cxx/libcxx.a  esp-idf/esp_timer/libesp_timer.a  esp-idf/esp_driver_gptimer/libesp_driver_gptimer.a  esp-idf/esp_ringbuf/libesp_ringbuf.a  esp-idf/esp_driver_uart/libesp_driver_uart.a  esp-idf/esp_event/libesp_event.a  esp-idf/nvs_flash/libnvs_flash.a  esp-idf/esp_phy/libesp_phy.a  esp-idf/esp_driver_usb_serial_jtag/libesp_driver_usb_serial_jtag.a  esp-idf/esp_vfs_console/libesp_vfs_console.a  esp-idf/vfs/libvfs.a  esp-idf/lwip/liblwip.a  esp-idf/esp_netif/libesp_netif.a  esp-idf/wpa_supplicant/libwpa_supplicant.a  esp-idf/esp_coex/libesp_coex.a  esp-idf/esp_wifi/libesp_wifi.a  esp-idf/esp_driver_spi/libesp_driver_spi.a  esp-idf/esp_gdbstub/libesp_gdbstub.a  esp-idf/esp_driver_pcnt/libesp_driver_pcnt.a  esp-idf/esp_driver_mcpwm/libesp_driver_mcpwm.a  esp-idf/esp_driver_i2s/libesp_driver_i2s.a  esp-idf/sdmmc/libsdmmc.a  esp-idf/esp_driver_sd_intf/libesp_driver_sd_intf.a  esp-idf/esp_driver_sdmmc/libesp_driver_sdmmc.a  esp-idf/esp_driver_sdspi/libesp_driver_sdspi.a  esp-idf/esp_driver_rmt/libesp_driver_rmt.a  esp-idf/esp_driver_tsens/libesp_driver_tsens.a  esp-idf/esp_driver_sdm/libesp_driver_sdm.a  esp-idf/esp_driver_i2c/libesp_driver_i2c.a  esp-idf/esp_driver_ledc/libesp_driver_ledc.a  esp-idf/esp_driver_twai/libesp_driver_twai.a  esp-idf/driver/libdriver.a  esp-idf/http_parser/libhttp_parser.a  esp-idf/esp-tls/libesp-tls.a  esp-idf/esp_adc/libesp_adc.a  esp-idf/tcp_transport/libtcp_transport.a  esp-idf/esp_http_client/libesp_http_client.a  esp-idf/esp_http_server/libesp_http_server.a  esp-idf/esp_https_ota/libesp_https_ota.a  esp-idf/mbedtls/mbedtls/library/libmbedtls.a  esp-idf/mbedtls/mbedtls/library/libmbedcrypto.a  esp-idf/mbedtls/mbedtls/library/libmbedx509.a  esp-idf/mbedtls/mbedtls/3rdparty/everest/libeverest.a  esp-idf/mbedtls/mbedtls/3rdparty/p256-m/libp256m.a  /home/tikhon/Документы/magnolia/esp-idf/components/esp_wifi/lib/esp32s3/libcore.a  /home/tikhon/Документы/magnolia/esp-idf/components/esp_wifi/lib/esp32s3/libespnow.a  /home/tikhon/Документы/magnolia/esp-idf/components/esp_wifi/lib/esp32s3/libmesh.a  /home/tikhon/Документы/magnolia/esp-idf/components/esp_wifi/lib/esp32s3/libnet80211.a  /home/tikhon/Документы/magnolia/esp-idf/components/esp_wifi/lib/esp32s3/libpp.a  /home/tikhon/Документы/magnolia/esp-idf/components/esp_wifi/lib/esp32s3/libsmartconfig.a  /home/tikhon/Документы/magnolia/esp-idf/components/esp_wifi/lib/esp32s3/libwapi.a  esp-idf/xtensa/libxtensa.a  esp-idf/esp_app_format/libesp_app_format.a  esp-idf/esp_bootloader_format/libesp_bootloader_format.a  esp-idf/app_update/libapp_update.a  esp-idf/esp_partition/libesp_partition.a  esp-idf/efuse/libefuse.a  esp-idf/esp_security/libesp_security.a  esp-idf/esp_driver_gpio/libesp_driver_gpio.a  esp-idf/esp_pm/libesp_pm.a  esp-idf/mbedtls/libmbedtls.a  esp-idf/bootloader_support/libbootloader_support.a  esp-idf/esp_mm/libesp_mm.a  esp-idf/spi_flash/libspi_flash.a  esp-idf/esp_system/libesp_system.a  esp-idf/esp_common/libesp_common.a  esp-idf/esp_rom/libesp_rom.a  esp-idf/hal/libhal.a  esp-idf/log/liblog.a  esp-idf/heap/libheap.a  esp-idf/soc/libsoc.a  esp-idf/esp_hw_support/libesp_hw_support.a  esp-idf/freertos/libfreertos.a  esp-idf/newlib/libnewlib.a  esp-idf/pthread/libpthread.a  esp-idf/cxx/libcxx.a  esp-idf/esp_timer/libesp_timer.a  esp-idf/esp_driver_gptimer/libesp_driver_gptimer.a  esp-idf/esp_ringbuf/libesp_ringbuf.a  esp-idf/esp_driver_uart/libesp_driver_uart.a  esp-idf/esp_event/libesp_event.a  esp-idf/nvs_flash/libnvs_flash.a  esp-idf/esp_phy/libesp_phy.a  esp-idf/esp_driver_usb_serial_jtag/libesp_driver_usb_serial_jtag.a  esp-idf/esp_vfs_console/libesp_vfs_console.a  esp-idf/vfs/libvfs.a  esp-idf/lwip/liblwip.a  esp-idf/esp_netif/libesp_netif.a  esp-idf/wpa_supplicant/libwpa_supplicant.a  esp-idf/esp_coex/libesp_coex.a  esp-idf/esp_wifi/libesp_wifi.a  esp-idf/esp_driver_spi/libesp_driver_spi.a  esp-idf/esp_gdbstub/libesp_gdbstub.a  esp-idf/esp_driver_pcnt/libesp_driver_pcnt.a  esp-idf/esp_driver_mcpwm/libesp_driver_mcpwm.a  esp-idf/esp_driver_i2s/libesp_driver_i2s.a  esp-idf/sdmmc/libsdmmc.a  esp-idf/esp_driver_sd_intf/libesp_driver_sd_intf.a  esp-idf/esp_driver_sdmmc/libesp_driver_sdmmc.a  esp-idf/esp_driver_sdspi/libesp_driver_sdspi.a  esp-idf/esp_driver_rmt/libesp_driver_rmt.a  esp-idf/esp_driver_tsens/libesp_driver_tsens.a  esp-idf/esp_driver_sdm/libesp_driver_sdm.a  esp-idf/esp_driver_i2c/libesp_driver_i2c.a  esp-idf/esp_driver_ledc/libesp_driver_ledc.a  esp-idf/esp_driver_twai/libesp_driver_twai.a  esp-idf/driver/libdriver.a  esp-idf/http_parser/libhttp_parser.a  esp-idf/esp-tls/libesp-tls.a  esp-idf/esp_adc/libesp_adc.a  esp-idf/tcp_transport/libtcp_transport.a  esp-idf/esp_http_client/libesp_http_client.a  esp-idf/esp_http_server/libesp_http_server.a  esp-idf/esp_https_ota/libesp_https_ota.a  esp-idf/mbedtls/mbedtls/library/libmbedtls.a  esp-idf/mbedtls/mbedtls/library/libmbedcrypto.a  esp-idf/mbedtls/mbedtls/library/libmbedx509.a  esp-idf/mbedtls/mbedtls/3rdparty/everest/libeverest.a  esp-idf/mbedtls/mbedtls/3rdparty/p256-m/libp256m.a  /home/tikhon/Документы/magnolia/esp-idf/components/esp_wifi/lib/esp32s3/libcore.a  /home/tikhon/Документы/magnolia/esp-idf/components/esp_wifi/lib/esp32s3/libespnow.a  /home/tikhon/Документы/magnolia/esp-idf/components/esp_wifi/lib/esp32s3/libmesh.a  /home/tikhon/Документы/magnolia/esp-idf/components/esp_wifi/lib/esp32s3/libnet80211.a  /home/tikhon/Документы/magnolia/esp-idf/components/esp_wifi/lib/esp32s3/libpp.a  /home/tikhon/Документы/magnolia/esp-idf/components/esp_wifi/lib/esp32s3/libsmartconfig.a  /home/tikhon/Документы/magnolia/esp-idf/components/esp_wifi/lib/esp32s3/libwapi.a  esp-idf/xtensa/libxtensa.a  esp-idf/esp_app_format/libesp_app_format.a  esp-idf/esp_bootloader_format/libesp_bootloader_format.a  esp-idf/app_update/libapp_update.a  esp-idf/esp_partition/libesp_partition.a  esp-idf/efuse/libefuse.a  esp-idf/esp_security/libesp_security.a  esp-idf/esp_driver_gpio/libesp_driver_gpio.a  esp-idf/esp_pm/libesp_pm.a  esp-idf/mbedtls/libmbedtls.a  esp-idf/bootloader_support/libbootloader_support.a  esp-idf/esp_mm/libesp_mm.a  esp-idf/spi_flash/libspi_flash.a  esp-idf/esp_system/libesp_system.a  esp-idf/esp_common/libesp_common.a  esp-idf/esp_rom/libesp_rom.a  esp-idf/hal/libhal.a  esp-idf/log/liblog.a  esp-idf/heap/libheap.a  esp-idf/soc/libsoc.a  esp-idf/esp_hw_support/libesp_hw_support.a  esp-idf/freertos/libfreertos.a  esp-idf/newlib/libnewlib.a  esp-idf/pthread/libpthread.a  esp-idf/cxx/libcxx.a  esp-idf/esp_timer/libesp_timer.a  esp-idf/esp_driver_gptimer/libesp_driver_gptimer.a  esp-idf/esp_ringbuf/libesp_ringbuf.a  esp-idf/esp_driver_uart/libesp_driver_uart.a  esp-idf/esp_event/libesp_event.a  esp-idf/nvs_flash/libnvs_flash.a  esp-idf/esp_phy/libesp_phy.a  esp-idf/esp_driver_usb_serial_jtag/libesp_driver_usb_serial_jtag.a  esp-idf/esp_vfs_console/libesp_vfs_console.a  esp-idf/vfs/libvfs.a  esp-idf/lwip/liblwip.a  esp-idf/esp_netif/libesp_netif.a  esp-idf/wpa_supplicant/libwpa_supplicant.a  esp-idf/esp_coex/libesp_coex.a  esp-idf/esp_wifi/libesp_wifi.a  esp-idf/esp_driver_spi/libesp_driver_spi.a  esp-idf/esp_gdbstub/libesp_gdbstub.a  esp-idf/esp_driver_pcnt/libesp_driver_pcnt.a  esp-idf/esp_driver_mcpwm/libesp_driver_mcpwm.a  esp-idf/esp_driver_i2s/libesp_driver_i2s.a  esp-idf/sdmmc/libsdmmc.a  esp-idf/esp_driver_sd_intf/libesp_driver_sd_intf.a  esp-idf/esp_driver_sdmmc/libesp_driver_sdmmc.a  esp-idf/esp_driver_sdspi/libesp_driver_sdspi.a  esp-idf/esp_driver_rmt/libesp_driver_rmt.a  esp-idf/esp_driver_tsens/libesp_driver_tsens.a  esp-idf/esp_driver_sdm/libesp_driver_sdm.a  esp-idf/esp_driver_i2c/libesp_driver_i2c.a  esp-idf/esp_driver_ledc/libesp_driver_ledc.a  esp-idf/esp_driver_twai/libesp_driver_twai.a  esp-idf/driver/libdriver.a  esp-idf/http_parser/libhttp_parser.a  esp-idf/esp-tls/libesp-tls.a  esp-idf/esp_adc/libesp_adc.a  esp-idf/tcp_transport/libtcp_transport.a  esp-idf/esp_http_client/libesp_http_client.a  esp-idf/esp_http_server/libesp_http_server.a  esp-idf/esp_https_ota/libesp_https_ota.a  esp-idf/mbedtls/mbedtls/library/libmbedtls.a  esp-idf/mbedtls/mbedtls/library/libmbedcrypto.a  esp-idf/mbedtls/mbedtls/library/libmbedx509.a  esp-idf/mbedtls/mbedtls/3rdparty/everest/libeverest.a  esp-idf/mbedtls/mbedtls/3rdparty/p256-m/libp256m.a  /home/tikhon/Документы/magnolia/esp-idf/components/esp_wifi/lib/esp32s3/libcore.a  /home/tikhon/Документы/magnolia/esp-idf/components/esp_wifi/lib/esp32s3/libespnow.a  /home/tikhon/Документы/magnolia/esp-idf/components/esp_wifi/lib/esp32s3/libmesh.a  /home/tikhon/Документы/magnolia/esp-idf/components/esp_wifi/lib/esp32s3/libnet80211.a  /home/tikhon/Документы/magnolia/esp-idf/components/esp_wifi/lib/esp32s3/libpp.a  /home/tikhon/Документы/magnolia/esp-idf/components/esp_wifi/lib/esp32s3/libsmartconfig.a  /home/tikhon/Документы/magnolia/esp-idf/components/esp_wifi/lib/esp32s3/libwapi.a  esp-idf/xtensa/libxtensa.a  esp-idf/esp_app_format/libesp_app_format.a  esp-idf/esp_bootloader_format/libesp_bootloader_format.a  esp-idf/app_update/libapp_update.a  esp-idf/esp_partition/libesp_partition.a  esp-idf/efuse/libefuse.a  esp-idf/esp_security/libesp_security.a  esp-idf/esp_driver_gpio/libesp_driver_gpio.a  esp-idf/esp_pm/libesp_pm.a  esp-idf/mbedtls/libmbedtls.a  esp-idf/bootloader_support/libbootloader_support.a  esp-idf/esp_mm/libesp_mm.a  esp-idf/spi_flash/libspi_flash.a  esp-idf/esp_system/libesp_system.a  esp-idf/esp_common/libesp_common.a  esp-idf/esp_rom/libesp_rom.a  esp-idf/hal/libhal.a  esp-idf/log/liblog.a  esp-idf/heap/libheap.a  esp-idf/soc/libsoc.a  esp-idf/esp_hw_support/libesp_hw_support.a  esp-idf/freertos/libfreertos.a  esp-idf/newlib/libnewlib.a  esp-idf/pthread/libpthread.a  esp-idf/cxx/libcxx.a  esp-idf/esp_timer/libesp_timer.a  esp-idf/esp_driver_gptimer/libesp_driver_gptimer.a  esp-idf/esp_ringbuf/libesp_ringbuf.a  esp-idf/esp_driver_uart/libesp_driver_uart.a  esp-idf/esp_event/libesp_event.a  esp-idf/nvs_flash/libnvs_flash.a  esp-idf/esp_phy/libesp_phy.a  esp-idf/esp_driver_usb_serial_jtag/libesp_driver_usb_serial_jtag.a  esp-idf/esp_vfs_console/libesp_vfs_console.a  esp-idf/vfs/libvfs.a  esp-idf/lwip/liblwip.a  esp-idf/esp_netif/libesp_netif.a  esp-idf/wpa_supplicant/libwpa_supplicant.a  esp-idf/esp_coex/libesp_coex.a  esp-idf/esp_wifi/libesp_wifi.a  esp-idf/esp_driver_spi/libesp_driver_spi.a  esp-idf/esp_gdbstub/libesp_gdbstub.a  esp-idf/esp_driver_pcnt/libesp_driver_pcnt.a  esp-idf/esp_driver_mcpwm/libesp_driver_mcpwm.a  esp-idf/esp_driver_i2s/libesp_driver_i2s.a  esp-idf/sdmmc/libsdmmc.a  esp-idf/esp_driver_sd_intf/libesp_driver_sd_intf.a  esp-idf/esp_driver_sdmmc/libesp_driver_sdmmc.a  esp-idf/esp_driver_sdspi/libesp_driver_sdspi.a  esp-idf/esp_driver_rmt/libesp_driver_rmt.a  esp-idf/esp_driver_tsens/libesp_driver_tsens.a  esp-idf/esp_driver_sdm/libesp_driver_sdm.a  esp-idf/esp_driver_i2c/libesp_driver_i2c.a  esp-idf/esp_driver_ledc/libesp_driver_ledc.a  esp-idf/esp_driver_twai/libesp_driver_twai.a  esp-idf/driver/libdriver.a  esp-idf/http_parser/libhttp_parser.a  esp-idf/esp-tls/libesp-tls.a  esp-idf/esp_adc/libesp_adc.a  esp-idf/tcp_transport/libtcp_transport.a  esp-idf/esp_http_client/libesp_http_client.a  esp-idf/esp_http_server/libesp_http_server.a  esp-idf/esp_https_ota/libesp_https_ota.a  esp-idf/mbedtls/mbedtls/library/libmbedtls.a  esp-idf/mbedtls/mbedtls/library/libmbedcrypto.a  esp-idf/mbedtls/mbedtls/library/libmbedx509.a  esp-idf/mbedtls/mbedtls/3rdparty/everest/libeverest.a  esp-idf/mbedtls/mbedtls/3rdparty/p256-m/libp256m.a  /home/tikhon/Документы/magnolia/esp-idf/components/esp_wifi/lib/esp32s3/libcore.a  /home/tikhon/Документы/magnolia/esp-idf/components/esp_wifi/lib/esp32s3/libespnow.a  /home/tikhon/Документы/magnolia/esp-idf/components/esp_wifi/lib/esp32s3/libmesh.a  /home/tikhon/Документы/magnolia/esp-idf/components/esp_wifi/lib/esp32s3/libnet80211.a  /home/tikhon/Документы/magnolia/esp-idf/components/esp_wifi/lib/esp32s3/libpp.a  /home/tikhon/Документы/magnolia/esp-idf/components/esp_wifi/lib/esp32s3/libsmartconfig.a  /home/tikhon/Документы/magnolia/esp-idf/components/esp_wifi/lib/esp32s3/libwapi.a  /home/tikhon/Документы/magnolia/esp-idf/components/xtensa/esp32s3/libxt_hal.a  -u esp_app_desc  -u esp_efuse_startup_include_func  -u esp_security_init_include_impl  -u ld_include_highint_hdl  -u start_app  -u start_app_other_cores  -u __ubsan_include  -u esp_system_include_startup_funcs  -Wl,--wrap=longjmp  -u __assert_func  -u esp_sleep_gpio_include  -Wl,--undefined=FreeRTOS_openocd_params  -u app_main  -lc  -lm  -u esp_libc_include_heap_impl  -u esp_libc_include_reent_syscalls_impl  -u esp_libc_include_syscalls_impl  -u esp_libc_include_pthread_impl  -u esp_libc_include_assert_impl  -u esp_libc_include_getentropy_impl  -u esp_libc_include_init_funcs  -u esp_libc_init_funcs  -u pthread_include_pthread_impl  -u pthread_include_pthread_cond_var_impl  -u pthread_include_pthread_local_storage_impl  -u pthread_include_pthread_rwlock_impl  -u pthread_include_pthread_semaphore_impl  -Wl,--wrap=__register_frame_info_bases  -Wl,--wrap=__register_frame_info  -Wl,--wrap=__register_frame  -Wl,--wrap=__register_frame_info_table_bases  -Wl,--wrap=__register_frame_info_table  -Wl,--wrap=__register_frame_table  -Wl,--wrap=__deregister_frame_info_bases  -Wl,--wrap=__deregister_frame_info  -Wl,--wrap=_Unwind_Find_FDE  -Wl,--wrap=_Unwind_GetGR  -Wl,--wrap=_Unwind_GetCFA  -Wl,--wrap=_Unwind_GetIP  -Wl,--wrap=_Unwind_GetIPInfo  -Wl,--wrap=_Unwind_GetRegionStart  -Wl,--wrap=_Unwind_GetDataRelBase  -Wl,--wrap=_Unwind_GetTextRelBase  -Wl,--wrap=_Unwind_SetIP  -Wl,--wrap=_Unwind_SetGR  -Wl,--wrap=_Unwind_GetLanguageSpecificData  -Wl,--wrap=_Unwind_FindEnclosingFunction  -Wl,--wrap=_Unwind_Resume  -Wl,--wrap=_Unwind_RaiseException  -Wl,--wrap=_Unwind_DeleteException  -Wl,--wrap=_Unwind_ForcedUnwind  -Wl,--wrap=_Unwind_Resume_or_Rethrow  -Wl,--wrap=_Unwind_Backtrace  -Wl,--wrap=__cxa_call_unexpected  -Wl,--wrap=__gxx_personality_v0  -Wl,--wrap=__cxa_throw  -Wl,--wrap=__cxa_allocate_exception  -lstdc++  esp-idf/pthread/libpthread.a  esp-idf/newlib/libnewlib.a  -u __cxa_guard_dummy  -u __cxx_init_dummy  -lgcc  esp-idf/cxx/libcxx.a  -u __cxx_fatal_exception  -u esp_timer_init_include_func  -u uart_vfs_include_dev_init  -u include_esp_phy_override  -lphy  -lbtbb  esp-idf/esp_phy/libesp_phy.a  -lphy  -lbtbb  esp-idf/esp_phy/libesp_phy.a  -lphy  -lbtbb  -u usb_serial_jtag_vfs_include_dev_init  -u usb_serial_jtag_connection_monitor_include  -u esp_vfs_include_console_register  -u vfs_include_syscalls_impl  -u esp_vfs_include_nullfs_register && :
/home/tikhon/.espressif/tools/xtensa-esp-elf/esp-15.1.0_20250607/xtensa-esp-elf/bin/../lib/gcc/xtensa-esp-elf/15.1.0/../../../../xtensa-esp-elf/bin/ld: esp-idf/freertos/libfreertos.a(app_startup.c.obj):(.literal.main_task+0x34): undefined reference to `app_main'
collect2: error: ld returned 1 exit status
[179/1044] Building C object esp-idf/wpa_supplicant/CMakeFiles/__idf_wpa_supplicant.dir/src/utils/json.c.obj
[180/1044] Building C object esp-idf/wpa_supplicant/CMakeFiles/__idf_wpa_supplicant.dir/src/eap_peer/eap_peap.c.obj
[181/1044] Building C object esp-idf/wpa_supplicant/CMakeFiles/__idf_wpa_supplicant.dir/esp_supplicant/src/esp_wpa2_api_port.c.obj
[182/1044] Building C object esp-idf/wpa_supplicant/CMakeFiles/__idf_wpa_supplicant.dir/src/wps/wps_attr_parse.c.obj
[183/1044] Building C object esp-idf/wpa_supplicant/CMakeFiles/__idf_wpa_supplicant.dir/src/wps/wps_attr_build.c.obj
[184/1044] Building C object esp-idf/wpa_supplicant/CMakeFiles/__idf_wpa_supplicant.dir/src/rsn_supp/wpa_ie.c.obj
[5/9] Linking CXX executable hexdump.elf
FAILED: hexdump.elf 
: && /home/tikhon/.espressif/tools/xtensa-esp-elf/esp-15.1.0_20250607/xtensa-esp-elf/bin/xtensa-esp32s3-elf-g++ -mlongcalls -fno-builtin-memcpy -fno-builtin-memset -fno-builtin-bzero -nostartfiles    -Wl,--cref -Wl,--defsym=IDF_TARGET_ESP32S3=0 -Wl,--Map=/home/tikhon/Документы/magnolia/applets/rust/rhexdump/build/hexdump.map -Wl,--no-warn-rwx-segments -Wl,--orphan-handling=error -fno-rtti -fno-lto -Wl,--gc-sections -Wl,--warn-common -T esp32s3.peripherals.ld -T esp32s3.rom.ld -T esp32s3.rom.api.ld -T esp32s3.rom.bt_funcs.ld -T esp32s3.rom.libgcc.ld -T esp32s3.rom.wdt.ld -T esp32s3.rom.version.ld -T esp32s3.rom.ble_master.ld -T esp32s3.rom.ble_50.ld -T esp32s3.rom.ble_smp.ld -T esp32s3.rom.ble_dtm.ld -T esp32s3.rom.ble_test.ld -T esp32s3.rom.ble_scan.ld -T esp32s3.rom.libc.ld -T esp32s3.rom.newlib.ld -T memory.ld -T sections.ld CMakeFiles/hexdump.elf.dir/project_elf_src_esp32s3.c.obj -o hexdump.elf -L/home/tikhon/Документы/magnolia/esp-idf/components/soc/esp32s3/ld   -L/home/tikhon/Документы/magnolia/esp-idf/components/esp_rom/esp32s3/ld   -L/home/tikhon/Документы/magnolia/applets/rust/rhexdump/build/esp-idf/esp_system/ld   -L/home/tikhon/Документы/magnolia/esp-idf/components/esp_phy/lib/esp32s3   -L/home/tikhon/Документы/magnolia/esp-idf/components/esp_wifi/lib/esp32s3 esp-idf/xtensa/libxtensa.a  esp-idf/esp_app_format/libesp_app_format.a  esp-idf/esp_bootloader_format/libesp_bootloader_format.a  esp-idf/app_update/libapp_update.a  esp-idf/esp_partition/libesp_partition.a  esp-idf/efuse/libefuse.a  esp-idf/esp_security/libesp_security.a  esp-idf/esp_driver_gpio/libesp_driver_gpio.a  esp-idf/esp_pm/libesp_pm.a  esp-idf/mbedtls/libmbedtls.a  esp-idf/bootloader_support/libbootloader_support.a  esp-idf/esp_mm/libesp_mm.a  esp-idf/spi_flash/libspi_flash.a  esp-idf/esp_system/libesp_system.a  esp-idf/esp_common/libesp_common.a  esp-idf/esp_rom/libesp_rom.a  esp-idf/hal/libhal.a  esp-idf/log/liblog.a  esp-idf/heap/libheap.a  esp-idf/soc/libsoc.a  esp-idf/esp_hw_support/libesp_hw_support.a  esp-idf/freertos/libfreertos.a  esp-idf/newlib/libnewlib.a  esp-idf/pthread/libpthread.a  esp-idf/cxx/libcxx.a  esp-idf/esp_timer/libesp_timer.a  esp-idf/esp_driver_gptimer/libesp_driver_gptimer.a  esp-idf/esp_ringbuf/libesp_ringbuf.a  esp-idf/esp_driver_uart/libesp_driver_uart.a  esp-idf/app_trace/libapp_trace.a  esp-idf/esp_event/libesp_event.a  esp-idf/nvs_flash/libnvs_flash.a  esp-idf/esp_phy/libesp_phy.a  esp-idf/esp_driver_usb_serial_jtag/libesp_driver_usb_serial_jtag.a  esp-idf/esp_vfs_console/libesp_vfs_console.a  esp-idf/vfs/libvfs.a  esp-idf/lwip/liblwip.a  esp-idf/esp_netif/libesp_netif.a  esp-idf/wpa_supplicant/libwpa_supplicant.a  esp-idf/esp_coex/libesp_coex.a  esp-idf/esp_wifi/libesp_wifi.a  esp-idf/esp_driver_spi/libesp_driver_spi.a  esp-idf/esp_gdbstub/libesp_gdbstub.a  esp-idf/unity/libunity.a  esp-idf/cmock/libcmock.a  esp-idf/console/libconsole.a  esp-idf/esp_driver_pcnt/libesp_driver_pcnt.a  esp-idf/esp_driver_mcpwm/libesp_driver_mcpwm.a  esp-idf/esp_driver_i2s/libesp_driver_i2s.a  esp-idf/sdmmc/libsdmmc.a  esp-idf/esp_driver_sd_intf/libesp_driver_sd_intf.a  esp-idf/esp_driver_sdmmc/libesp_driver_sdmmc.a  esp-idf/esp_driver_sdspi/libesp_driver_sdspi.a  esp-idf/esp_driver_rmt/libesp_driver_rmt.a  esp-idf/esp_driver_tsens/libesp_driver_tsens.a  esp-idf/esp_driver_sdm/libesp_driver_sdm.a  esp-idf/esp_driver_i2c/libesp_driver_i2c.a  esp-idf/esp_driver_ledc/libesp_driver_ledc.a  esp-idf/esp_driver_twai/libesp_driver_twai.a  esp-idf/driver/libdriver.a  esp-idf/http_parser/libhttp_parser.a  esp-idf/esp-tls/libesp-tls.a  esp-idf/esp_adc/libesp_adc.a  esp-idf/esp_driver_cam/libesp_driver_cam.a  esp-idf/esp_driver_touch_sens/libesp_driver_touch_sens.a  esp-idf/esp_eth/libesp_eth.a  esp-idf/esp_hid/libesp_hid.a  esp-idf/tcp_transport/libtcp_transport.a  esp-idf/esp_http_client/libesp_http_client.a  esp-idf/esp_http_server/libesp_http_server.a  esp-idf/esp_https_ota/libesp_https_ota.a  esp-idf/esp_https_server/libesp_https_server.a  esp-idf/esp_lcd/libesp_lcd.a  esp-idf/protobuf-c/libprotobuf-c.a  esp-idf/protocomm/libprotocomm.a  esp-idf/esp_local_ctrl/libesp_local_ctrl.a  esp-idf/espcoredump/libespcoredump.a  esp-idf/wear_levelling/libwear_levelling.a  esp-idf/fatfs/libfatfs.a  esp-idf/json/libjson.a  esp-idf/mqtt/libmqtt.a  esp-idf/nvs_sec_provider/libnvs_sec_provider.a  esp-idf/perfmon/libperfmon.a  esp-idf/rt/librt.a  esp-idf/spiffs/libspiffs.a  esp-idf/touch_element/libtouch_element.a  esp-idf/usb/libusb.a  esp-idf/wifi_provisioning/libwifi_provisioning.a  esp-idf/espressif__elf_loader/libespressif__elf_loader.a  esp-idf/main/libmain.a  esp-idf/app_trace/libapp_trace.a  esp-idf/cmock/libcmock.a  esp-idf/unity/libunity.a  esp-idf/esp_driver_cam/libesp_driver_cam.a  esp-idf/esp_driver_touch_sens/libesp_driver_touch_sens.a  esp-idf/esp_eth/libesp_eth.a  esp-idf/esp_hid/libesp_hid.a  esp-idf/esp_lcd/libesp_lcd.a  esp-idf/esp_local_ctrl/libesp_local_ctrl.a  esp-idf/esp_https_server/libesp_https_server.a  esp-idf/espcoredump/libespcoredump.a  -u esp_system_include_coredump_init  esp-idf/fatfs/libfatfs.a  esp-idf/wear_levelling/libwear_levelling.a  esp-idf/mqtt/libmqtt.a  esp-idf/nvs_sec_provider/libnvs_sec_provider.a  -u nvs_sec_provider_include_impl  esp-idf/perfmon/libperfmon.a  esp-idf/rt/librt.a  esp-idf/spiffs/libspiffs.a  esp-idf/touch_element/libtouch_element.a  esp-idf/usb/libusb.a  esp-idf/wifi_provisioning/libwifi_provisioning.a  esp-idf/protocomm/libprotocomm.a  esp-idf/console/libconsole.a  esp-idf/protobuf-c/libprotobuf-c.a  esp-idf/json/libjson.a  esp-idf/espressif__elf_loader/libespressif__elf_loader.a  esp-idf/xtensa/libxtensa.a  esp-idf/esp_app_format/libesp_app_format.a  esp-idf/esp_bootloader_format/libesp_bootloader_format.a  esp-idf/app_update/libapp_update.a  esp-idf/esp_partition/libesp_partition.a  esp-idf/efuse/libefuse.a  esp-idf/esp_security/libesp_security.a  esp-idf/esp_driver_gpio/libesp_driver_gpio.a  esp-idf/esp_pm/libesp_pm.a  esp-idf/mbedtls/libmbedtls.a  esp-idf/bootloader_support/libbootloader_support.a  esp-idf/esp_mm/libesp_mm.a  esp-idf/spi_flash/libspi_flash.a  esp-idf/esp_system/libesp_system.a  esp-idf/esp_common/libesp_common.a  esp-idf/esp_rom/libesp_rom.a  esp-idf/hal/libhal.a  esp-idf/log/liblog.a  esp-idf/heap/libheap.a  esp-idf/soc/libsoc.a  esp-idf/esp_hw_support/libesp_hw_support.a  esp-idf/freertos/libfreertos.a  esp-idf/newlib/libnewlib.a  esp-idf/pthread/libpthread.a  esp-idf/cxx/libcxx.a  esp-idf/esp_timer/libesp_timer.a  esp-idf/esp_driver_gptimer/libesp_driver_gptimer.a  esp-idf/esp_ringbuf/libesp_ringbuf.a  esp-idf/esp_driver_uart/libesp_driver_uart.a  esp-idf/esp_event/libesp_event.a  esp-idf/nvs_flash/libnvs_flash.a  esp-idf/esp_phy/libesp_phy.a  esp-idf/esp_driver_usb_serial_jtag/libesp_driver_usb_serial_jtag.a  esp-idf/esp_vfs_console/libesp_vfs_console.a  esp-idf/vfs/libvfs.a  esp-idf/lwip/liblwip.a  esp-idf/esp_netif/libesp_netif.a  esp-idf/wpa_supplicant/libwpa_supplicant.a  esp-idf/esp_coex/libesp_coex.a  esp-idf/esp_wifi/libesp_wifi.a  esp-idf/esp_driver_spi/libesp_driver_spi.a  esp-idf/esp_gdbstub/libesp_gdbstub.a  esp-idf/esp_driver_pcnt/libesp_driver_pcnt.a  esp-idf/esp_driver_mcpwm/libesp_driver_mcpwm.a  esp-idf/esp_driver_i2s/libesp_driver_i2s.a  esp-idf/sdmmc/libsdmmc.a  esp-idf/esp_driver_sd_intf/libesp_driver_sd_intf.a  esp-idf/esp_driver_sdmmc/libesp_driver_sdmmc.a  esp-idf/esp_driver_sdspi/libesp_driver_sdspi.a  esp-idf/esp_driver_rmt/libesp_driver_rmt.a  esp-idf/esp_driver_tsens/libesp_driver_tsens.a  esp-idf/esp_driver_sdm/libesp_driver_sdm.a  esp-idf/esp_driver_i2c/libesp_driver_i2c.a  esp-idf/esp_driver_ledc/libesp_driver_ledc.a  esp-idf/esp_driver_twai/libesp_driver_twai.a  esp-idf/driver/libdriver.a  esp-idf/http_parser/libhttp_parser.a  esp-idf/esp-tls/libesp-tls.a  esp-idf/esp_adc/libesp_adc.a  esp-idf/tcp_transport/libtcp_transport.a  esp-idf/esp_http_client/libesp_http_client.a  esp-idf/esp_http_server/libesp_http_server.a  esp-idf/esp_https_ota/libesp_https_ota.a  esp-idf/mbedtls/mbedtls/library/libmbedtls.a  esp-idf/mbedtls/mbedtls/library/libmbedcrypto.a  esp-idf/mbedtls/mbedtls/library/libmbedx509.a  esp-idf/mbedtls/mbedtls/3rdparty/everest/libeverest.a  esp-idf/mbedtls/mbedtls/3rdparty/p256-m/libp256m.a  /home/tikhon/Документы/magnolia/esp-idf/components/esp_wifi/lib/esp32s3/libcore.a  /home/tikhon/Документы/magnolia/esp-idf/components/esp_wifi/lib/esp32s3/libespnow.a  /home/tikhon/Документы/magnolia/esp-idf/components/esp_wifi/lib/esp32s3/libmesh.a  /home/tikhon/Документы/magnolia/esp-idf/components/esp_wifi/lib/esp32s3/libnet80211.a  /home/tikhon/Документы/magnolia/esp-idf/components/esp_wifi/lib/esp32s3/libpp.a  /home/tikhon/Документы/magnolia/esp-idf/components/esp_wifi/lib/esp32s3/libsmartconfig.a  /home/tikhon/Документы/magnolia/esp-idf/components/esp_wifi/lib/esp32s3/libwapi.a  esp-idf/xtensa/libxtensa.a  esp-idf/esp_app_format/libesp_app_format.a  esp-idf/esp_bootloader_format/libesp_bootloader_format.a  esp-idf/app_update/libapp_update.a  esp-idf/esp_partition/libesp_partition.a  esp-idf/efuse/libefuse.a  esp-idf/esp_security/libesp_security.a  esp-idf/esp_driver_gpio/libesp_driver_gpio.a  esp-idf/esp_pm/libesp_pm.a  esp-idf/mbedtls/libmbedtls.a  esp-idf/bootloader_support/libbootloader_support.a  esp-idf/esp_mm/libesp_mm.a  esp-idf/spi_flash/libspi_flash.a  esp-idf/esp_system/libesp_system.a  esp-idf/esp_common/libesp_common.a  esp-idf/esp_rom/libesp_rom.a  esp-idf/hal/libhal.a  esp-idf/log/liblog.a  esp-idf/heap/libheap.a  esp-idf/soc/libsoc.a  esp-idf/esp_hw_support/libesp_hw_support.a  esp-idf/freertos/libfreertos.a  esp-idf/newlib/libnewlib.a  esp-idf/pthread/libpthread.a  esp-idf/cxx/libcxx.a  esp-idf/esp_timer/libesp_timer.a  esp-idf/esp_driver_gptimer/libesp_driver_gptimer.a  esp-idf/esp_ringbuf/libesp_ringbuf.a  esp-idf/esp_driver_uart/libesp_driver_uart.a  esp-idf/esp_event/libesp_event.a  esp-idf/nvs_flash/libnvs_flash.a  esp-idf/esp_phy/libesp_phy.a  esp-idf/esp_driver_usb_serial_jtag/libesp_driver_usb_serial_jtag.a  esp-idf/esp_vfs_console/libesp_vfs_console.a  esp-idf/vfs/libvfs.a  esp-idf/lwip/liblwip.a  esp-idf/esp_netif/libesp_netif.a  esp-idf/wpa_supplicant/libwpa_supplicant.a  esp-idf/esp_coex/libesp_coex.a  esp-idf/esp_wifi/libesp_wifi.a  esp-idf/esp_driver_spi/libesp_driver_spi.a  esp-idf/esp_gdbstub/libesp_gdbstub.a  esp-idf/esp_driver_pcnt/libesp_driver_pcnt.a  esp-idf/esp_driver_mcpwm/libesp_driver_mcpwm.a  esp-idf/esp_driver_i2s/libesp_driver_i2s.a  esp-idf/sdmmc/libsdmmc.a  esp-idf/esp_driver_sd_intf/libesp_driver_sd_intf.a  esp-idf/esp_driver_sdmmc/libesp_driver_sdmmc.a  esp-idf/esp_driver_sdspi/libesp_driver_sdspi.a  esp-idf/esp_driver_rmt/libesp_driver_rmt.a  esp-idf/esp_driver_tsens/libesp_driver_tsens.a  esp-idf/esp_driver_sdm/libesp_driver_sdm.a  esp-idf/esp_driver_i2c/libesp_driver_i2c.a  esp-idf/esp_driver_ledc/libesp_driver_ledc.a  esp-idf/esp_driver_twai/libesp_driver_twai.a  esp-idf/driver/libdriver.a  esp-idf/http_parser/libhttp_parser.a  esp-idf/esp-tls/libesp-tls.a  esp-idf/esp_adc/libesp_adc.a  esp-idf/tcp_transport/libtcp_transport.a  esp-idf/esp_http_client/libesp_http_client.a  esp-idf/esp_http_server/libesp_http_server.a  esp-idf/esp_https_ota/libesp_https_ota.a  esp-idf/mbedtls/mbedtls/library/libmbedtls.a  esp-idf/mbedtls/mbedtls/library/libmbedcrypto.a  esp-idf/mbedtls/mbedtls/library/libmbedx509.a  esp-idf/mbedtls/mbedtls/3rdparty/everest/libeverest.a  esp-idf/mbedtls/mbedtls/3rdparty/p256-m/libp256m.a  /home/tikhon/Документы/magnolia/esp-idf/components/esp_wifi/lib/esp32s3/libcore.a  /home/tikhon/Документы/magnolia/esp-idf/components/esp_wifi/lib/esp32s3/libespnow.a  /home/tikhon/Документы/magnolia/esp-idf/components/esp_wifi/lib/esp32s3/libmesh.a  /home/tikhon/Документы/magnolia/esp-idf/components/esp_wifi/lib/esp32s3/libnet80211.a  /home/tikhon/Документы/magnolia/esp-idf/components/esp_wifi/lib/esp32s3/libpp.a  /home/tikhon/Документы/magnolia/esp-idf/components/esp_wifi/lib/esp32s3/libsmartconfig.a  /home/tikhon/Документы/magnolia/esp-idf/components/esp_wifi/lib/esp32s3/libwapi.a  esp-idf/xtensa/libxtensa.a  esp-idf/esp_app_format/libesp_app_format.a  esp-idf/esp_bootloader_format/libesp_bootloader_format.a  esp-idf/app_update/libapp_update.a  esp-idf/esp_partition/libesp_partition.a  esp-idf/efuse/libefuse.a  esp-idf/esp_security/libesp_security.a  esp-idf/esp_driver_gpio/libesp_driver_gpio.a  esp-idf/esp_pm/libesp_pm.a  esp-idf/mbedtls/libmbedtls.a  esp-idf/bootloader_support/libbootloader_support.a  esp-idf/esp_mm/libesp_mm.a  esp-idf/spi_flash/libspi_flash.a  esp-idf/esp_system/libesp_system.a  esp-idf/esp_common/libesp_common.a  esp-idf/esp_rom/libesp_rom.a  esp-idf/hal/libhal.a  esp-idf/log/liblog.a  esp-idf/heap/libheap.a  esp-idf/soc/libsoc.a  esp-idf/esp_hw_support/libesp_hw_support.a  esp-idf/freertos/libfreertos.a  esp-idf/newlib/libnewlib.a  esp-idf/pthread/libpthread.a  esp-idf/cxx/libcxx.a  esp-idf/esp_timer/libesp_timer.a  esp-idf/esp_driver_gptimer/libesp_driver_gptimer.a  esp-idf/esp_ringbuf/libesp_ringbuf.a  esp-idf/esp_driver_uart/libesp_driver_uart.a  esp-idf/esp_event/libesp_event.a  esp-idf/nvs_flash/libnvs_flash.a  esp-idf/esp_phy/libesp_phy.a  esp-idf/esp_driver_usb_serial_jtag/libesp_driver_usb_serial_jtag.a  esp-idf/esp_vfs_console/libesp_vfs_console.a  esp-idf/vfs/libvfs.a  esp-idf/lwip/liblwip.a  esp-idf/esp_netif/libesp_netif.a  esp-idf/wpa_supplicant/libwpa_supplicant.a  esp-idf/esp_coex/libesp_coex.a  esp-idf/esp_wifi/libesp_wifi.a  esp-idf/esp_driver_spi/libesp_driver_spi.a  esp-idf/esp_gdbstub/libesp_gdbstub.a  esp-idf/esp_driver_pcnt/libesp_driver_pcnt.a  esp-idf/esp_driver_mcpwm/libesp_driver_mcpwm.a  esp-idf/esp_driver_i2s/libesp_driver_i2s.a  esp-idf/sdmmc/libsdmmc.a  esp-idf/esp_driver_sd_intf/libesp_driver_sd_intf.a  esp-idf/esp_driver_sdmmc/libesp_driver_sdmmc.a  esp-idf/esp_driver_sdspi/libesp_driver_sdspi.a  esp-idf/esp_driver_rmt/libesp_driver_rmt.a  esp-idf/esp_driver_tsens/libesp_driver_tsens.a  esp-idf/esp_driver_sdm/libesp_driver_sdm.a  esp-idf/esp_driver_i2c/libesp_driver_i2c.a  esp-idf/esp_driver_ledc/libesp_driver_ledc.a  esp-idf/esp_driver_twai/libesp_driver_twai.a  esp-idf/driver/libdriver.a  esp-idf/http_parser/libhttp_parser.a  esp-idf/esp-tls/libesp-tls.a  esp-idf/esp_adc/libesp_adc.a  esp-idf/tcp_transport/libtcp_transport.a  esp-idf/esp_http_client/libesp_http_client.a  esp-idf/esp_http_server/libesp_http_server.a  esp-idf/esp_https_ota/libesp_https_ota.a  esp-idf/mbedtls/mbedtls/library/libmbedtls.a  esp-idf/mbedtls/mbedtls/library/libmbedcrypto.a  esp-idf/mbedtls/mbedtls/library/libmbedx509.a  esp-idf/mbedtls/mbedtls/3rdparty/everest/libeverest.a  esp-idf/mbedtls/mbedtls/3rdparty/p256-m/libp256m.a  /home/tikhon/Документы/magnolia/esp-idf/components/esp_wifi/lib/esp32s3/libcore.a  /home/tikhon/Документы/magnolia/esp-idf/components/esp_wifi/lib/esp32s3/libespnow.a  /home/tikhon/Документы/magnolia/esp-idf/components/esp_wifi/lib/esp32s3/libmesh.a  /home/tikhon/Документы/magnolia/esp-idf/components/esp_wifi/lib/esp32s3/libnet80211.a  /home/tikhon/Документы/magnolia/esp-idf/components/esp_wifi/lib/esp32s3/libpp.a  /home/tikhon/Документы/magnolia/esp-idf/components/esp_wifi/lib/esp32s3/libsmartconfig.a  /home/tikhon/Документы/magnolia/esp-idf/components/esp_wifi/lib/esp32s3/libwapi.a  esp-idf/xtensa/libxtensa.a  esp-idf/esp_app_format/libesp_app_format.a  esp-idf/esp_bootloader_format/libesp_bootloader_format.a  esp-idf/app_update/libapp_update.a  esp-idf/esp_partition/libesp_partition.a  esp-idf/efuse/libefuse.a  esp-idf/esp_security/libesp_security.a  esp-idf/esp_driver_gpio/libesp_driver_gpio.a  esp-idf/esp_pm/libesp_pm.a  esp-idf/mbedtls/libmbedtls.a  esp-idf/bootloader_support/libbootloader_support.a  esp-idf/esp_mm/libesp_mm.a  esp-idf/spi_flash/libspi_flash.a  esp-idf/esp_system/libesp_system.a  esp-idf/esp_common/libesp_common.a  esp-idf/esp_rom/libesp_rom.a  esp-idf/hal/libhal.a  esp-idf/log/liblog.a  esp-idf/heap/libheap.a  esp-idf/soc/libsoc.a  esp-idf/esp_hw_support/libesp_hw_support.a  esp-idf/freertos/libfreertos.a  esp-idf/newlib/libnewlib.a  esp-idf/pthread/libpthread.a  esp-idf/cxx/libcxx.a  esp-idf/esp_timer/libesp_timer.a  esp-idf/esp_driver_gptimer/libesp_driver_gptimer.a  esp-idf/esp_ringbuf/libesp_ringbuf.a  esp-idf/esp_driver_uart/libesp_driver_uart.a  esp-idf/esp_event/libesp_event.a  esp-idf/nvs_flash/libnvs_flash.a  esp-idf/esp_phy/libesp_phy.a  esp-idf/esp_driver_usb_serial_jtag/libesp_driver_usb_serial_jtag.a  esp-idf/esp_vfs_console/libesp_vfs_console.a  esp-idf/vfs/libvfs.a  esp-idf/lwip/liblwip.a  esp-idf/esp_netif/libesp_netif.a  esp-idf/wpa_supplicant/libwpa_supplicant.a  esp-idf/esp_coex/libesp_coex.a  esp-idf/esp_wifi/libesp_wifi.a  esp-idf/esp_driver_spi/libesp_driver_spi.a  esp-idf/esp_gdbstub/libesp_gdbstub.a  esp-idf/esp_driver_pcnt/libesp_driver_pcnt.a  esp-idf/esp_driver_mcpwm/libesp_driver_mcpwm.a  esp-idf/esp_driver_i2s/libesp_driver_i2s.a  esp-idf/sdmmc/libsdmmc.a  esp-idf/esp_driver_sd_intf/libesp_driver_sd_intf.a  esp-idf/esp_driver_sdmmc/libesp_driver_sdmmc.a  esp-idf/esp_driver_sdspi/libesp_driver_sdspi.a  esp-idf/esp_driver_rmt/libesp_driver_rmt.a  esp-idf/esp_driver_tsens/libesp_driver_tsens.a  esp-idf/esp_driver_sdm/libesp_driver_sdm.a  esp-idf/esp_driver_i2c/libesp_driver_i2c.a  esp-idf/esp_driver_ledc/libesp_driver_ledc.a  esp-idf/esp_driver_twai/libesp_driver_twai.a  esp-idf/driver/libdriver.a  esp-idf/http_parser/libhttp_parser.a  esp-idf/esp-tls/libesp-tls.a  esp-idf/esp_adc/libesp_adc.a  esp-idf/tcp_transport/libtcp_transport.a  esp-idf/esp_http_client/libesp_http_client.a  esp-idf/esp_http_server/libesp_http_server.a  esp-idf/esp_https_ota/libesp_https_ota.a  esp-idf/mbedtls/mbedtls/library/libmbedtls.a  esp-idf/mbedtls/mbedtls/library/libmbedcrypto.a  esp-idf/mbedtls/mbedtls/library/libmbedx509.a  esp-idf/mbedtls/mbedtls/3rdparty/everest/libeverest.a  esp-idf/mbedtls/mbedtls/3rdparty/p256-m/libp256m.a  /home/tikhon/Документы/magnolia/esp-idf/components/esp_wifi/lib/esp32s3/libcore.a  /home/tikhon/Документы/magnolia/esp-idf/components/esp_wifi/lib/esp32s3/libespnow.a  /home/tikhon/Документы/magnolia/esp-idf/components/esp_wifi/lib/esp32s3/libmesh.a  /home/tikhon/Документы/magnolia/esp-idf/components/esp_wifi/lib/esp32s3/libnet80211.a  /home/tikhon/Документы/magnolia/esp-idf/components/esp_wifi/lib/esp32s3/libpp.a  /home/tikhon/Документы/magnolia/esp-idf/components/esp_wifi/lib/esp32s3/libsmartconfig.a  /home/tikhon/Документы/magnolia/esp-idf/components/esp_wifi/lib/esp32s3/libwapi.a  esp-idf/xtensa/libxtensa.a  esp-idf/esp_app_format/libesp_app_format.a  esp-idf/esp_bootloader_format/libesp_bootloader_format.a  esp-idf/app_update/libapp_update.a  esp-idf/esp_partition/libesp_partition.a  esp-idf/efuse/libefuse.a  esp-idf/esp_security/libesp_security.a  esp-idf/esp_driver_gpio/libesp_driver_gpio.a  esp-idf/esp_pm/libesp_pm.a  esp-idf/mbedtls/libmbedtls.a  esp-idf/bootloader_support/libbootloader_support.a  esp-idf/esp_mm/libesp_mm.a  esp-idf/spi_flash/libspi_flash.a  esp-idf/esp_system/libesp_system.a  esp-idf/esp_common/libesp_common.a  esp-idf/esp_rom/libesp_rom.a  esp-idf/hal/libhal.a  esp-idf/log/liblog.a  esp-idf/heap/libheap.a  esp-idf/soc/libsoc.a  esp-idf/esp_hw_support/libesp_hw_support.a  esp-idf/freertos/libfreertos.a  esp-idf/newlib/libnewlib.a  esp-idf/pthread/libpthread.a  esp-idf/cxx/libcxx.a  esp-idf/esp_timer/libesp_timer.a  esp-idf/esp_driver_gptimer/libesp_driver_gptimer.a  esp-idf/esp_ringbuf/libesp_ringbuf.a  esp-idf/esp_driver_uart/libesp_driver_uart.a  esp-idf/esp_event/libesp_event.a  esp-idf/nvs_flash/libnvs_flash.a  esp-idf/esp_phy/libesp_phy.a  esp-idf/esp_driver_usb_serial_jtag/libesp_driver_usb_serial_jtag.a  esp-idf/esp_vfs_console/libesp_vfs_console.a  esp-idf/vfs/libvfs.a  esp-idf/lwip/liblwip.a  esp-idf/esp_netif/libesp_netif.a  esp-idf/wpa_supplicant/libwpa_supplicant.a  esp-idf/esp_coex/libesp_coex.a  esp-idf/esp_wifi/libesp_wifi.a  esp-idf/esp_driver_spi/libesp_driver_spi.a  esp-idf/esp_gdbstub/libesp_gdbstub.a  esp-idf/esp_driver_pcnt/libesp_driver_pcnt.a  esp-idf/esp_driver_mcpwm/libesp_driver_mcpwm.a  esp-idf/esp_driver_i2s/libesp_driver_i2s.a  esp-idf/sdmmc/libsdmmc.a  esp-idf/esp_driver_sd_intf/libesp_driver_sd_intf.a  esp-idf/esp_driver_sdmmc/libesp_driver_sdmmc.a  esp-idf/esp_driver_sdspi/libesp_driver_sdspi.a  esp-idf/esp_driver_rmt/libesp_driver_rmt.a  esp-idf/esp_driver_tsens/libesp_driver_tsens.a  esp-idf/esp_driver_sdm/libesp_driver_sdm.a  esp-idf/esp_driver_i2c/libesp_driver_i2c.a  esp-idf/esp_driver_ledc/libesp_driver_ledc.a  esp-idf/esp_driver_twai/libesp_driver_twai.a  esp-idf/driver/libdriver.a  esp-idf/http_parser/libhttp_parser.a  esp-idf/esp-tls/libesp-tls.a  esp-idf/esp_adc/libesp_adc.a  esp-idf/tcp_transport/libtcp_transport.a  esp-idf/esp_http_client/libesp_http_client.a  esp-idf/esp_http_server/libesp_http_server.a  esp-idf/esp_https_ota/libesp_https_ota.a  esp-idf/mbedtls/mbedtls/library/libmbedtls.a  esp-idf/mbedtls/mbedtls/library/libmbedcrypto.a  esp-idf/mbedtls/mbedtls/library/libmbedx509.a  esp-idf/mbedtls/mbedtls/3rdparty/everest/libeverest.a  esp-idf/mbedtls/mbedtls/3rdparty/p256-m/libp256m.a  /home/tikhon/Документы/magnolia/esp-idf/components/esp_wifi/lib/esp32s3/libcore.a  /home/tikhon/Документы/magnolia/esp-idf/components/esp_wifi/lib/esp32s3/libespnow.a  /home/tikhon/Документы/magnolia/esp-idf/components/esp_wifi/lib/esp32s3/libmesh.a  /home/tikhon/Документы/magnolia/esp-idf/components/esp_wifi/lib/esp32s3/libnet80211.a  /home/tikhon/Документы/magnolia/esp-idf/components/esp_wifi/lib/esp32s3/libpp.a  /home/tikhon/Документы/magnolia/esp-idf/components/esp_wifi/lib/esp32s3/libsmartconfig.a  /home/tikhon/Документы/magnolia/esp-idf/components/esp_wifi/lib/esp32s3/libwapi.a  esp-idf/xtensa/libxtensa.a  esp-idf/esp_app_format/libesp_app_format.a  esp-idf/esp_bootloader_format/libesp_bootloader_format.a  esp-idf/app_update/libapp_update.a  esp-idf/esp_partition/libesp_partition.a  esp-idf/efuse/libefuse.a  esp-idf/esp_security/libesp_security.a  esp-idf/esp_driver_gpio/libesp_driver_gpio.a  esp-idf/esp_pm/libesp_pm.a  esp-idf/mbedtls/libmbedtls.a  esp-idf/bootloader_support/libbootloader_support.a  esp-idf/esp_mm/libesp_mm.a  esp-idf/spi_flash/libspi_flash.a  esp-idf/esp_system/libesp_system.a  esp-idf/esp_common/libesp_common.a  esp-idf/esp_rom/libesp_rom.a  esp-idf/hal/libhal.a  esp-idf/log/liblog.a  esp-idf/heap/libheap.a  esp-idf/soc/libsoc.a  esp-idf/esp_hw_support/libesp_hw_support.a  esp-idf/freertos/libfreertos.a  esp-idf/newlib/libnewlib.a  esp-idf/pthread/libpthread.a  esp-idf/cxx/libcxx.a  esp-idf/esp_timer/libesp_timer.a  esp-idf/esp_driver_gptimer/libesp_driver_gptimer.a  esp-idf/esp_ringbuf/libesp_ringbuf.a  esp-idf/esp_driver_uart/libesp_driver_uart.a  esp-idf/esp_event/libesp_event.a  esp-idf/nvs_flash/libnvs_flash.a  esp-idf/esp_phy/libesp_phy.a  esp-idf/esp_driver_usb_serial_jtag/libesp_driver_usb_serial_jtag.a  esp-idf/esp_vfs_console/libesp_vfs_console.a  esp-idf/vfs/libvfs.a  esp-idf/lwip/liblwip.a  esp-idf/esp_netif/libesp_netif.a  esp-idf/wpa_supplicant/libwpa_supplicant.a  esp-idf/esp_coex/libesp_coex.a  esp-idf/esp_wifi/libesp_wifi.a  esp-idf/esp_driver_spi/libesp_driver_spi.a  esp-idf/esp_gdbstub/libesp_gdbstub.a  esp-idf/esp_driver_pcnt/libesp_driver_pcnt.a  esp-idf/esp_driver_mcpwm/libesp_driver_mcpwm.a  esp-idf/esp_driver_i2s/libesp_driver_i2s.a  esp-idf/sdmmc/libsdmmc.a  esp-idf/esp_driver_sd_intf/libesp_driver_sd_intf.a  esp-idf/esp_driver_sdmmc/libesp_driver_sdmmc.a  esp-idf/esp_driver_sdspi/libesp_driver_sdspi.a  esp-idf/esp_driver_rmt/libesp_driver_rmt.a  esp-idf/esp_driver_tsens/libesp_driver_tsens.a  esp-idf/esp_driver_sdm/libesp_driver_sdm.a  esp-idf/esp_driver_i2c/libesp_driver_i2c.a  esp-idf/esp_driver_ledc/libesp_driver_ledc.a  esp-idf/esp_driver_twai/libesp_driver_twai.a  esp-idf/driver/libdriver.a  esp-idf/http_parser/libhttp_parser.a  esp-idf/esp-tls/libesp-tls.a  esp-idf/esp_adc/libesp_adc.a  esp-idf/tcp_transport/libtcp_transport.a  esp-idf/esp_http_client/libesp_http_client.a  esp-idf/esp_http_server/libesp_http_server.a  esp-idf/esp_https_ota/libesp_https_ota.a  esp-idf/mbedtls/mbedtls/library/libmbedtls.a  esp-idf/mbedtls/mbedtls/library/libmbedcrypto.a  esp-idf/mbedtls/mbedtls/library/libmbedx509.a  esp-idf/mbedtls/mbedtls/3rdparty/everest/libeverest.a  esp-idf/mbedtls/mbedtls/3rdparty/p256-m/libp256m.a  /home/tikhon/Документы/magnolia/esp-idf/components/esp_wifi/lib/esp32s3/libcore.a  /home/tikhon/Документы/magnolia/esp-idf/components/esp_wifi/lib/esp32s3/libespnow.a  /home/tikhon/Документы/magnolia/esp-idf/components/esp_wifi/lib/esp32s3/libmesh.a  /home/tikhon/Документы/magnolia/esp-idf/components/esp_wifi/lib/esp32s3/libnet80211.a  /home/tikhon/Документы/magnolia/esp-idf/components/esp_wifi/lib/esp32s3/libpp.a  /home/tikhon/Документы/magnolia/esp-idf/components/esp_wifi/lib/esp32s3/libsmartconfig.a  /home/tikhon/Документы/magnolia/esp-idf/components/esp_wifi/lib/esp32s3/libwapi.a  /home/tikhon/Документы/magnolia/esp-idf/components/xtensa/esp32s3/libxt_hal.a  -u esp_app_desc  -u esp_efuse_startup_include_func  -u esp_security_init_include_impl  -u ld_include_highint_hdl  -u start_app  -u start_app_other_cores  -u __ubsan_include  -u esp_system_include_startup_funcs  -Wl,--wrap=longjmp  -u __assert_func  -u esp_sleep_gpio_include  -Wl,--undefined=FreeRTOS_openocd_params  -u app_main  -lc  -lm  -u esp_libc_include_heap_impl  -u esp_libc_include_reent_syscalls_impl  -u esp_libc_include_syscalls_impl  -u esp_libc_include_pthread_impl  -u esp_libc_include_assert_impl  -u esp_libc_include_getentropy_impl  -u esp_libc_include_init_funcs  -u esp_libc_init_funcs  -u pthread_include_pthread_impl  -u pthread_include_pthread_cond_var_impl  -u pthread_include_pthread_local_storage_impl  -u pthread_include_pthread_rwlock_impl  -u pthread_include_pthread_semaphore_impl  -Wl,--wrap=__register_frame_info_bases  -Wl,--wrap=__register_frame_info  -Wl,--wrap=__register_frame  -Wl,--wrap=__register_frame_info_table_bases  -Wl,--wrap=__register_frame_info_table  -Wl,--wrap=__register_frame_table  -Wl,--wrap=__deregister_frame_info_bases  -Wl,--wrap=__deregister_frame_info  -Wl,--wrap=_Unwind_Find_FDE  -Wl,--wrap=_Unwind_GetGR  -Wl,--wrap=_Unwind_GetCFA  -Wl,--wrap=_Unwind_GetIP  -Wl,--wrap=_Unwind_GetIPInfo  -Wl,--wrap=_Unwind_GetRegionStart  -Wl,--wrap=_Unwind_GetDataRelBase  -Wl,--wrap=_Unwind_GetTextRelBase  -Wl,--wrap=_Unwind_SetIP  -Wl,--wrap=_Unwind_SetGR  -Wl,--wrap=_Unwind_GetLanguageSpecificData  -Wl,--wrap=_Unwind_FindEnclosingFunction  -Wl,--wrap=_Unwind_Resume  -Wl,--wrap=_Unwind_RaiseException  -Wl,--wrap=_Unwind_DeleteException  -Wl,--wrap=_Unwind_ForcedUnwind  -Wl,--wrap=_Unwind_Resume_or_Rethrow  -Wl,--wrap=_Unwind_Backtrace  -Wl,--wrap=__cxa_call_unexpected  -Wl,--wrap=__gxx_personality_v0  -Wl,--wrap=__cxa_throw  -Wl,--wrap=__cxa_allocate_exception  -lstdc++  esp-idf/pthread/libpthread.a  esp-idf/newlib/libnewlib.a  -u __cxa_guard_dummy  -u __cxx_init_dummy  -lgcc  esp-idf/cxx/libcxx.a  -u __cxx_fatal_exception  -u esp_timer_init_include_func  -u uart_vfs_include_dev_init  -u include_esp_phy_override  -lphy  -lbtbb  esp-idf/esp_phy/libesp_phy.a  -lphy  -lbtbb  esp-idf/esp_phy/libesp_phy.a  -lphy  -lbtbb  -u usb_serial_jtag_vfs_include_dev_init  -u usb_serial_jtag_connection_monitor_include  -u esp_vfs_include_console_register  -u vfs_include_syscalls_impl  -u esp_vfs_include_nullfs_register && :
/home/tikhon/.espressif/tools/xtensa-esp-elf/esp-15.1.0_20250607/xtensa-esp-elf/bin/../lib/gcc/xtensa-esp-elf/15.1.0/../../../../xtensa-esp-elf/bin/ld: esp-idf/freertos/libfreertos.a(app_startup.c.obj):(.literal.main_task+0x34): undefined reference to `app_main'
collect2: error: ld returned 1 exit status
ninja: build stopped: subcommand failed.
[185/1044] Building C object esp-idf/wpa_supplicant/CMakeFiles/__idf_wpa_supplicant.dir/src/wps/wps_attr_process.c.obj
[186/1044] Building C object esp-idf/wpa_supplicant/CMakeFiles/__idf_wpa_supplicant.dir/src/utils/common.c.obj
[187/1044] Building C object esp-idf/wpa_supplicant/CMakeFiles/__idf_wpa_supplicant.dir/src/wps/wps_common.c.obj
[188/1044] Building C object esp-idf/wpa_supplicant/CMakeFiles/__idf_wpa_supplicant.dir/src/wps/wps.c.obj
[2/10] Build Rust staticlib: /home/tikhon/Документы/magnolia/applets/rust/rselftest/build/librselftest.a
FAILED: librselftest.a /home/tikhon/Документы/magnolia/applets/rust/rselftest/build/librselftest.a 
cd /home/tikhon/Документы/magnolia/applets/rust/rselftest/build && /usr/bin/cmake -E env CARGO_TARGET_DIR=/home/tikhon/Документы/magnolia/applets/rust/rselftest/build/rust_target bash -lc "set -euo pipefail;                  if [ -n \"/home/tikhon/export-esp.sh\" ] && [ -f \"/home/tikhon/export-esp.sh\" ]; then . \"/home/tikhon/export-esp.sh\" >/dev/null 2>&1; fi;                  RUSTFLAGS='-C panic=abort' cargo +esp build  --locked                    -Zbuild-std=core,alloc,compiler_builtins -Zbuild-std-features=compiler-builtins-mem                    --manifest-path '/home/tikhon/Документы/magnolia/applets/rust/rselftest/rust/Cargo.toml' --release --target 'xtensa-esp32s3-none-elf'" && /usr/bin/cmake -E copy_if_different /home/tikhon/Документы/magnolia/applets/rust/rselftest/build/rust_target/xtensa-esp32s3-none-elf/release/librselftest.a /home/tikhon/Документы/magnolia/applets/rust/rselftest/build/librselftest.a && bash -lc "set -euo pipefail;                  tmp='/home/tikhon/Документы/magnolia/applets/rust/rselftest/build/rust_fixup_rselftest';                  rm -rf \"\$tmp\"; mkdir -p \"\$tmp\";                  cd \"\$tmp\";                  '/home/tikhon/.espressif/tools/xtensa-esp-elf/esp-15.1.0_20250607/xtensa-esp-elf/bin/xtensa-esp32s3-elf-ar' x '/home/tikhon/Документы/magnolia/applets/rust/rselftest/build/librselftest.a';                  for obj in *.o; do                    [ -f \"\$obj\" ] || continue;                    for sec in \$(LC_ALL=C readelf -S -W \"\$obj\" | sed -n 's/^[[:space:]]*\\[[[:space:]]*[0-9]\\+\\][[:space:]]\\+\\([^ ]\\+\\).*/\\1/p'); do                      case \"\$sec\" in                        .literal*|.rodata*) '/home/tikhon/.espressif/tools/xtensa-esp-elf/esp-15.1.0_20250607/xtensa-esp-elf/bin/xtensa-esp32s3-elf-objcopy' --set-section-flags \"\$sec\"=alloc,load,contents,data \"\$obj\" || true ;;                      esac;                    done;                  done;                  '/home/tikhon/.espressif/tools/xtensa-esp-elf/esp-15.1.0_20250607/xtensa-esp-elf/bin/xtensa-esp32s3-elf-ar' rcs '/home/tikhon/Документы/magnolia/applets/rust/rselftest/build/librselftest.a' *.o"
   Compiling magnolia-applet v0.1.0 (/home/tikhon/Документы/magnolia/sdk/rust/magnolia-applet)
error: cannot find macro `vec` in this scope
  --> /home/tikhon/Документы/magnolia/sdk/rust/magnolia-applet/src/net.rs:86:9
   |
86 |         vec![unsafe { mem::zeroed() }; count as usize];
   |         ^^^
   |
help: consider importing this macro
   |
 1 + use alloc::vec;
   |

error: cannot find macro `vec` in this scope
   --> /home/tikhon/Документы/magnolia/sdk/rust/magnolia-applet/src/net.rs:226:9
    |
226 |         vec![unsafe { mem::zeroed() }; count as usize];
    |         ^^^
    |
help: consider importing this macro
    |
  1 + use alloc::vec;
    |

error: cannot find macro `vec` in this scope
  --> /home/tikhon/Документы/magnolia/sdk/rust/magnolia-applet/src/sysctl.rs:31:19
   |
31 |     let mut buf = vec![0i8; 256];
   |                   ^^^
   |
help: consider importing this macro
   |
 1 + use alloc::vec;
   |

error: could not compile `magnolia-applet` (lib) due to 3 previous errors
[189/1044] Building C object esp-idf/wpa_supplicant/CMakeFiles/__idf_wpa_supplicant.dir/esp_supplicant/src/esp_common.c.obj
[190/1044] Building C object esp-idf/wpa_supplicant/CMakeFiles/__idf_wpa_supplicant.dir/src/common/sae_pk.c.obj
[191/1044] Building C object esp-idf/wpa_supplicant/CMakeFiles/__idf_wpa_supplicant.dir/esp_supplicant/src/esp_owe.c.obj
[192/1044] Building C object esp-idf/wpa_supplicant/CMakeFiles/__idf_wpa_supplicant.dir/esp_supplicant/src/esp_wpas_glue.c.obj
[193/1044] Building C object esp-idf/wpa_supplicant/CMakeFiles/__idf_wpa_supplicant.dir/esp_supplicant/src/crypto/fastpsk.c.obj
[194/1044] Building C object esp-idf/wpa_supplicant/CMakeFiles/__idf_wpa_supplicant.dir/src/eap_peer/eap_ttls.c.obj
[195/1044] Building C object esp-idf/wpa_supplicant/CMakeFiles/__idf_wpa_supplicant.dir/src/wps/wps_dev_attr.c.obj
[4/9] Build Rust staticlib: /home/tikhon/Документы/magnolia/applets/rust/rxxd/build/libxxd.a
FAILED: libxxd.a /home/tikhon/Документы/magnolia/applets/rust/rxxd/build/libxxd.a 
cd /home/tikhon/Документы/magnolia/applets/rust/rxxd/build && /usr/bin/cmake -E env CARGO_TARGET_DIR=/home/tikhon/Документы/magnolia/applets/rust/rxxd/build/rust_target bash -lc "set -euo pipefail;                  if [ -n \"/home/tikhon/export-esp.sh\" ] && [ -f \"/home/tikhon/export-esp.sh\" ]; then . \"/home/tikhon/export-esp.sh\" >/dev/null 2>&1; fi;                  RUSTFLAGS='-C panic=abort' cargo +esp build  --locked                    -Zbuild-std=core,alloc,compiler_builtins -Zbuild-std-features=compiler-builtins-mem                    --manifest-path '/home/tikhon/Документы/magnolia/applets/rust/rxxd/rust/Cargo.toml' --release --target 'xtensa-esp32s3-none-elf'" && /usr/bin/cmake -E copy_if_different /home/tikhon/Документы/magnolia/applets/rust/rxxd/build/rust_target/xtensa-esp32s3-none-elf/release/libxxd.a /home/tikhon/Документы/magnolia/applets/rust/rxxd/build/libxxd.a && bash -lc "set -euo pipefail;                  tmp='/home/tikhon/Документы/magnolia/applets/rust/rxxd/build/rust_fixup_xxd';                  rm -rf \"\$tmp\"; mkdir -p \"\$tmp\";                  cd \"\$tmp\";                  '/home/tikhon/.espressif/tools/xtensa-esp-elf/esp-15.1.0_20250607/xtensa-esp-elf/bin/xtensa-esp32s3-elf-ar' x '/home/tikhon/Документы/magnolia/applets/rust/rxxd/build/libxxd.a';                  for obj in *.o; do                    [ -f \"\$obj\" ] || continue;                    for sec in \$(LC_ALL=C readelf -S -W \"\$obj\" | sed -n 's/^[[:space:]]*\\[[[:space:]]*[0-9]\\+\\][[:space:]]\\+\\([^ ]\\+\\).*/\\1/p'); do                      case \"\$sec\" in                        .literal*|.rodata*) '/home/tikhon/.espressif/tools/xtensa-esp-elf/esp-15.1.0_20250607/xtensa-esp-elf/bin/xtensa-esp32s3-elf-objcopy' --set-section-flags \"\$sec\"=alloc,load,contents,data \"\$obj\" || true ;;                      esac;                    done;                  done;                  '/home/tikhon/.espressif/tools/xtensa-esp-elf/esp-15.1.0_20250607/xtensa-esp-elf/bin/xtensa-esp32s3-elf-ar' rcs '/home/tikhon/Документы/magnolia/applets/rust/rxxd/build/libxxd.a' *.o"
   Compiling magnolia-applet v0.1.0 (/home/tikhon/Документы/magnolia/sdk/rust/magnolia-applet)
error: cannot find macro `vec` in this scope
  --> /home/tikhon/Документы/magnolia/sdk/rust/magnolia-applet/src/net.rs:86:9
   |
86 |         vec![unsafe { mem::zeroed() }; count as usize];
   |         ^^^
   |
help: consider importing this macro
   |
 1 + use alloc::vec;
   |

error: cannot find macro `vec` in this scope
   --> /home/tikhon/Документы/magnolia/sdk/rust/magnolia-applet/src/net.rs:226:9
    |
226 |         vec![unsafe { mem::zeroed() }; count as usize];
    |         ^^^
    |
help: consider importing this macro
    |
  1 + use alloc::vec;
    |

error: cannot find macro `vec` in this scope
  --> /home/tikhon/Документы/magnolia/sdk/rust/magnolia-applet/src/sysctl.rs:31:19
   |
31 |     let mut buf = vec![0i8; 256];
   |                   ^^^
   |
help: consider importing this macro
   |
 1 + use alloc::vec;
   |

error: could not compile `magnolia-applet` (lib) due to 3 previous errors
[196/1044] Building C object esp-idf/wpa_supplicant/CMakeFiles/__idf_wpa_supplicant.dir/src/eap_peer/eap_fast.c.obj
[197/1044] Building C object esp-idf/wpa_supplicant/CMakeFiles/__idf_wpa_supplicant.dir/esp_supplicant/src/crypto/crypto_mbedtls-bignum.c.obj
[198/1044] Building C object esp-idf/wpa_supplicant/CMakeFiles/__idf_wpa_supplicant.dir/esp_supplicant/src/esp_wpa3.c.obj
[199/1044] Building C object esp-idf/wpa_supplicant/CMakeFiles/__idf_wpa_supplicant.dir/src/crypto/rc4.c.obj
[200/1044] Building C object esp-idf/wpa_supplicant/CMakeFiles/__idf_wpa_supplicant.dir/src/crypto/des-internal.c.obj
[201/1044] Building C object esp-idf/wpa_supplicant/CMakeFiles/__idf_wpa_supplicant.dir/esp_supplicant/src/crypto/crypto_mbedtls.c.obj
[202/1044] Building C object esp-idf/wpa_supplicant/CMakeFiles/__idf_wpa_supplicant.dir/esp_supplicant/src/esp_wpa_main.c.obj
Command failed (2): idf.py build
Skipping failed applet build: rhexdump
[203/1044] Building C object esp-idf/wpa_supplicant/CMakeFiles/__idf_wpa_supplicant.dir/esp_supplicant/src/crypto/crypto_mbedtls-rsa.c.obj
[204/1044] Linking C static library esp-idf/esp_coex/libesp_coex.a
[205/1044] Building C object esp-idf/wpa_supplicant/CMakeFiles/__idf_wpa_supplicant.dir/esp_supplicant/src/esp_hostap.c.obj
[206/1044] Building C object esp-idf/esp_netif/CMakeFiles/__idf_esp_netif.dir/esp_netif_defaults.c.obj
[207/1044] Building C object esp-idf/wpa_supplicant/CMakeFiles/__idf_wpa_supplicant.dir/src/crypto/aes-wrap.c.obj
-- Generating done (1.3s)
[208/1044] Building C object esp-idf/wpa_supplicant/CMakeFiles/__idf_wpa_supplicant.dir/esp_supplicant/src/crypto/tls_mbedtls.c.obj
[209/1044] Building C object esp-idf/esp_netif/CMakeFiles/__idf_esp_netif.dir/esp_netif_objects.c.obj
[210/1044] Building C object esp-idf/esp_netif/CMakeFiles/__idf_esp_netif.dir/esp_netif_handlers.c.obj
[211/1044] Building C object esp-idf/wpa_supplicant/CMakeFiles/__idf_wpa_supplicant.dir/src/crypto/aes-unwrap.c.obj
[212/1044] Building C object esp-idf/wpa_supplicant/CMakeFiles/__idf_wpa_supplicant.dir/esp_supplicant/src/esp_eap_client.c.obj
[3/10] Linking CXX executable rselftest.elf
FAILED: rselftest.elf 
: && /home/tikhon/.espressif/tools/xtensa-esp-elf/esp-15.1.0_20250607/xtensa-esp-elf/bin/xtensa-esp32s3-elf-g++ -mlongcalls -fno-builtin-memcpy -fno-builtin-memset -fno-builtin-bzero -nostartfiles    -Wl,--cref -Wl,--defsym=IDF_TARGET_ESP32S3=0 -Wl,--Map=/home/tikhon/Документы/magnolia/applets/rust/rselftest/build/rselftest.map -Wl,--no-warn-rwx-segments -Wl,--orphan-handling=error -fno-rtti -fno-lto -Wl,--gc-sections -Wl,--warn-common -T esp32s3.peripherals.ld -T esp32s3.rom.ld -T esp32s3.rom.api.ld -T esp32s3.rom.bt_funcs.ld -T esp32s3.rom.libgcc.ld -T esp32s3.rom.wdt.ld -T esp32s3.rom.version.ld -T esp32s3.rom.ble_master.ld -T esp32s3.rom.ble_50.ld -T esp32s3.rom.ble_smp.ld -T esp32s3.rom.ble_dtm.ld -T esp32s3.rom.ble_test.ld -T esp32s3.rom.ble_scan.ld -T esp32s3.rom.libc.ld -T esp32s3.rom.newlib.ld -T memory.ld -T sections.ld CMakeFiles/rselftest.elf.dir/project_elf_src_esp32s3.c.obj -o rselftest.elf -L/home/tikhon/Документы/magnolia/esp-idf/components/soc/esp32s3/ld   -L/home/tikhon/Документы/magnolia/esp-idf/components/esp_rom/esp32s3/ld   -L/home/tikhon/Документы/magnolia/applets/rust/rselftest/build/esp-idf/esp_system/ld   -L/home/tikhon/Документы/magnolia/esp-idf/components/esp_phy/lib/esp32s3   -L/home/tikhon/Документы/magnolia/esp-idf/components/esp_wifi/lib/esp32s3 esp-idf/xtensa/libxtensa.a  esp-idf/esp_app_format/libesp_app_format.a  esp-idf/esp_bootloader_format/libesp_bootloader_format.a  esp-idf/app_update/libapp_update.a  esp-idf/esp_partition/libesp_partition.a  esp-idf/efuse/libefuse.a  esp-idf/esp_security/libesp_security.a  esp-idf/esp_driver_gpio/libesp_driver_gpio.a  esp-idf/esp_pm/libesp_pm.a  esp-idf/mbedtls/libmbedtls.a  esp-idf/bootloader_support/libbootloader_support.a  esp-idf/esp_mm/libesp_mm.a  esp-idf/spi_flash/libspi_flash.a  esp-idf/esp_system/libesp_system.a  esp-idf/esp_common/libesp_common.a  esp-idf/esp_rom/libesp_rom.a  esp-idf/hal/libhal.a  esp-idf/log/liblog.a  esp-idf/heap/libheap.a  esp-idf/soc/libsoc.a  esp-idf/esp_hw_support/libesp_hw_support.a  esp-idf/freertos/libfreertos.a  esp-idf/newlib/libnewlib.a  esp-idf/pthread/libpthread.a  esp-idf/cxx/libcxx.a  esp-idf/esp_timer/libesp_timer.a  esp-idf/esp_driver_gptimer/libesp_driver_gptimer.a  esp-idf/esp_ringbuf/libesp_ringbuf.a  esp-idf/esp_driver_uart/libesp_driver_uart.a  esp-idf/app_trace/libapp_trace.a  esp-idf/esp_event/libesp_event.a  esp-idf/nvs_flash/libnvs_flash.a  esp-idf/esp_phy/libesp_phy.a  esp-idf/esp_driver_usb_serial_jtag/libesp_driver_usb_serial_jtag.a  esp-idf/esp_vfs_console/libesp_vfs_console.a  esp-idf/vfs/libvfs.a  esp-idf/lwip/liblwip.a  esp-idf/esp_netif/libesp_netif.a  esp-idf/wpa_supplicant/libwpa_supplicant.a  esp-idf/esp_coex/libesp_coex.a  esp-idf/esp_wifi/libesp_wifi.a  esp-idf/esp_driver_spi/libesp_driver_spi.a  esp-idf/esp_gdbstub/libesp_gdbstub.a  esp-idf/unity/libunity.a  esp-idf/cmock/libcmock.a  esp-idf/console/libconsole.a  esp-idf/esp_driver_pcnt/libesp_driver_pcnt.a  esp-idf/esp_driver_mcpwm/libesp_driver_mcpwm.a  esp-idf/esp_driver_i2s/libesp_driver_i2s.a  esp-idf/sdmmc/libsdmmc.a  esp-idf/esp_driver_sd_intf/libesp_driver_sd_intf.a  esp-idf/esp_driver_sdmmc/libesp_driver_sdmmc.a  esp-idf/esp_driver_sdspi/libesp_driver_sdspi.a  esp-idf/esp_driver_rmt/libesp_driver_rmt.a  esp-idf/esp_driver_tsens/libesp_driver_tsens.a  esp-idf/esp_driver_sdm/libesp_driver_sdm.a  esp-idf/esp_driver_i2c/libesp_driver_i2c.a  esp-idf/esp_driver_ledc/libesp_driver_ledc.a  esp-idf/esp_driver_twai/libesp_driver_twai.a  esp-idf/driver/libdriver.a  esp-idf/http_parser/libhttp_parser.a  esp-idf/esp-tls/libesp-tls.a  esp-idf/esp_adc/libesp_adc.a  esp-idf/esp_driver_cam/libesp_driver_cam.a  esp-idf/esp_driver_touch_sens/libesp_driver_touch_sens.a  esp-idf/esp_eth/libesp_eth.a  esp-idf/esp_hid/libesp_hid.a  esp-idf/tcp_transport/libtcp_transport.a  esp-idf/esp_http_client/libesp_http_client.a  esp-idf/esp_http_server/libesp_http_server.a  esp-idf/esp_https_ota/libesp_https_ota.a  esp-idf/esp_https_server/libesp_https_server.a  esp-idf/esp_lcd/libesp_lcd.a  esp-idf/protobuf-c/libprotobuf-c.a  esp-idf/protocomm/libprotocomm.a  esp-idf/esp_local_ctrl/libesp_local_ctrl.a  esp-idf/espcoredump/libespcoredump.a  esp-idf/wear_levelling/libwear_levelling.a  esp-idf/fatfs/libfatfs.a  esp-idf/json/libjson.a  esp-idf/mqtt/libmqtt.a  esp-idf/nvs_sec_provider/libnvs_sec_provider.a  esp-idf/perfmon/libperfmon.a  esp-idf/rt/librt.a  esp-idf/spiffs/libspiffs.a  esp-idf/touch_element/libtouch_element.a  esp-idf/usb/libusb.a  esp-idf/wifi_provisioning/libwifi_provisioning.a  esp-idf/main/libmain.a  esp-idf/app_trace/libapp_trace.a  esp-idf/cmock/libcmock.a  esp-idf/unity/libunity.a  esp-idf/esp_driver_cam/libesp_driver_cam.a  esp-idf/esp_driver_touch_sens/libesp_driver_touch_sens.a  esp-idf/esp_eth/libesp_eth.a  esp-idf/esp_hid/libesp_hid.a  esp-idf/esp_lcd/libesp_lcd.a  esp-idf/esp_local_ctrl/libesp_local_ctrl.a  esp-idf/esp_https_server/libesp_https_server.a  esp-idf/espcoredump/libespcoredump.a  -u esp_system_include_coredump_init  esp-idf/fatfs/libfatfs.a  esp-idf/wear_levelling/libwear_levelling.a  esp-idf/mqtt/libmqtt.a  esp-idf/nvs_sec_provider/libnvs_sec_provider.a  -u nvs_sec_provider_include_impl  esp-idf/perfmon/libperfmon.a  esp-idf/rt/librt.a  esp-idf/spiffs/libspiffs.a  esp-idf/touch_element/libtouch_element.a  esp-idf/usb/libusb.a  esp-idf/wifi_provisioning/libwifi_provisioning.a  esp-idf/protocomm/libprotocomm.a  esp-idf/console/libconsole.a  esp-idf/protobuf-c/libprotobuf-c.a  esp-idf/json/libjson.a  esp-idf/xtensa/libxtensa.a  esp-idf/esp_app_format/libesp_app_format.a  esp-idf/esp_bootloader_format/libesp_bootloader_format.a  esp-idf/app_update/libapp_update.a  esp-idf/esp_partition/libesp_partition.a  esp-idf/efuse/libefuse.a  esp-idf/esp_security/libesp_security.a  esp-idf/esp_driver_gpio/libesp_driver_gpio.a  esp-idf/esp_pm/libesp_pm.a  esp-idf/mbedtls/libmbedtls.a  esp-idf/bootloader_support/libbootloader_support.a  esp-idf/esp_mm/libesp_mm.a  esp-idf/spi_flash/libspi_flash.a  esp-idf/esp_system/libesp_system.a  esp-idf/esp_common/libesp_common.a  esp-idf/esp_rom/libesp_rom.a  esp-idf/hal/libhal.a  esp-idf/log/liblog.a  esp-idf/heap/libheap.a  esp-idf/soc/libsoc.a  esp-idf/esp_hw_support/libesp_hw_support.a  esp-idf/freertos/libfreertos.a  esp-idf/newlib/libnewlib.a  esp-idf/pthread/libpthread.a  esp-idf/cxx/libcxx.a  esp-idf/esp_timer/libesp_timer.a  esp-idf/esp_driver_gptimer/libesp_driver_gptimer.a  esp-idf/esp_ringbuf/libesp_ringbuf.a  esp-idf/esp_driver_uart/libesp_driver_uart.a  esp-idf/esp_event/libesp_event.a  esp-idf/nvs_flash/libnvs_flash.a  esp-idf/esp_phy/libesp_phy.a  esp-idf/esp_driver_usb_serial_jtag/libesp_driver_usb_serial_jtag.a  esp-idf/esp_vfs_console/libesp_vfs_console.a  esp-idf/vfs/libvfs.a  esp-idf/lwip/liblwip.a  esp-idf/esp_netif/libesp_netif.a  esp-idf/wpa_supplicant/libwpa_supplicant.a  esp-idf/esp_coex/libesp_coex.a  esp-idf/esp_wifi/libesp_wifi.a  esp-idf/esp_driver_spi/libesp_driver_spi.a  esp-idf/esp_gdbstub/libesp_gdbstub.a  esp-idf/esp_driver_pcnt/libesp_driver_pcnt.a  esp-idf/esp_driver_mcpwm/libesp_driver_mcpwm.a  esp-idf/esp_driver_i2s/libesp_driver_i2s.a  esp-idf/sdmmc/libsdmmc.a  esp-idf/esp_driver_sd_intf/libesp_driver_sd_intf.a  esp-idf/esp_driver_sdmmc/libesp_driver_sdmmc.a  esp-idf/esp_driver_sdspi/libesp_driver_sdspi.a  esp-idf/esp_driver_rmt/libesp_driver_rmt.a  esp-idf/esp_driver_tsens/libesp_driver_tsens.a  esp-idf/esp_driver_sdm/libesp_driver_sdm.a  esp-idf/esp_driver_i2c/libesp_driver_i2c.a  esp-idf/esp_driver_ledc/libesp_driver_ledc.a  esp-idf/esp_driver_twai/libesp_driver_twai.a  esp-idf/driver/libdriver.a  esp-idf/http_parser/libhttp_parser.a  esp-idf/esp-tls/libesp-tls.a  esp-idf/esp_adc/libesp_adc.a  esp-idf/tcp_transport/libtcp_transport.a  esp-idf/esp_http_client/libesp_http_client.a  esp-idf/esp_http_server/libesp_http_server.a  esp-idf/esp_https_ota/libesp_https_ota.a  esp-idf/mbedtls/mbedtls/library/libmbedtls.a  esp-idf/mbedtls/mbedtls/library/libmbedcrypto.a  esp-idf/mbedtls/mbedtls/library/libmbedx509.a  esp-idf/mbedtls/mbedtls/3rdparty/everest/libeverest.a  esp-idf/mbedtls/mbedtls/3rdparty/p256-m/libp256m.a  /home/tikhon/Документы/magnolia/esp-idf/components/esp_wifi/lib/esp32s3/libcore.a  /home/tikhon/Документы/magnolia/esp-idf/components/esp_wifi/lib/esp32s3/libespnow.a  /home/tikhon/Документы/magnolia/esp-idf/components/esp_wifi/lib/esp32s3/libmesh.a  /home/tikhon/Документы/magnolia/esp-idf/components/esp_wifi/lib/esp32s3/libnet80211.a  /home/tikhon/Документы/magnolia/esp-idf/components/esp_wifi/lib/esp32s3/libpp.a  /home/tikhon/Документы/magnolia/esp-idf/components/esp_wifi/lib/esp32s3/libsmartconfig.a  /home/tikhon/Документы/magnolia/esp-idf/components/esp_wifi/lib/esp32s3/libwapi.a  esp-idf/xtensa/libxtensa.a  esp-idf/esp_app_format/libesp_app_format.a  esp-idf/esp_bootloader_format/libesp_bootloader_format.a  esp-idf/app_update/libapp_update.a  esp-idf/esp_partition/libesp_partition.a  esp-idf/efuse/libefuse.a  esp-idf/esp_security/libesp_security.a  esp-idf/esp_driver_gpio/libesp_driver_gpio.a  esp-idf/esp_pm/libesp_pm.a  esp-idf/mbedtls/libmbedtls.a  esp-idf/bootloader_support/libbootloader_support.a  esp-idf/esp_mm/libesp_mm.a  esp-idf/spi_flash/libspi_flash.a  esp-idf/esp_system/libesp_system.a  esp-idf/esp_common/libesp_common.a  esp-idf/esp_rom/libesp_rom.a  esp-idf/hal/libhal.a  esp-idf/log/liblog.a  esp-idf/heap/libheap.a  esp-idf/soc/libsoc.a  esp-idf/esp_hw_support/libesp_hw_support.a  esp-idf/freertos/libfreertos.a  esp-idf/newlib/libnewlib.a  esp-idf/pthread/libpthread.a  esp-idf/cxx/libcxx.a  esp-idf/esp_timer/libesp_timer.a  esp-idf/esp_driver_gptimer/libesp_driver_gptimer.a  esp-idf/esp_ringbuf/libesp_ringbuf.a  esp-idf/esp_driver_uart/libesp_driver_uart.a  esp-idf/esp_event/libesp_event.a  esp-idf/nvs_flash/libnvs_flash.a  esp-idf/esp_phy/libesp_phy.a  esp-idf/esp_driver_usb_serial_jtag/libesp_driver_usb_serial_jtag.a  esp-idf/esp_vfs_console/libesp_vfs_console.a  esp-idf/vfs/libvfs.a  esp-idf/lwip/liblwip.a  esp-idf/esp_netif/libesp_netif.a  esp-idf/wpa_supplicant/libwpa_supplicant.a  esp-idf/esp_coex/libesp_coex.a  esp-idf/esp_wifi/libesp_wifi.a  esp-idf/esp_driver_spi/libesp_driver_spi.a  esp-idf/esp_gdbstub/libesp_gdbstub.a  esp-idf/esp_driver_pcnt/libesp_driver_pcnt.a  esp-idf/esp_driver_mcpwm/libesp_driver_mcpwm.a  esp-idf/esp_driver_i2s/libesp_driver_i2s.a  esp-idf/sdmmc/libsdmmc.a  esp-idf/esp_driver_sd_intf/libesp_driver_sd_intf.a  esp-idf/esp_driver_sdmmc/libesp_driver_sdmmc.a  esp-idf/esp_driver_sdspi/libesp_driver_sdspi.a  esp-idf/esp_driver_rmt/libesp_driver_rmt.a  esp-idf/esp_driver_tsens/libesp_driver_tsens.a  esp-idf/esp_driver_sdm/libesp_driver_sdm.a  esp-idf/esp_driver_i2c/libesp_driver_i2c.a  esp-idf/esp_driver_ledc/libesp_driver_ledc.a  esp-idf/esp_driver_twai/libesp_driver_twai.a  esp-idf/driver/libdriver.a  esp-idf/http_parser/libhttp_parser.a  esp-idf/esp-tls/libesp-tls.a  esp-idf/esp_adc/libesp_adc.a  esp-idf/tcp_transport/libtcp_transport.a  esp-idf/esp_http_client/libesp_http_client.a  esp-idf/esp_http_server/libesp_http_server.a  esp-idf/esp_https_ota/libesp_https_ota.a  esp-idf/mbedtls/mbedtls/library/libmbedtls.a  esp-idf/mbedtls/mbedtls/library/libmbedcrypto.a  esp-idf/mbedtls/mbedtls/library/libmbedx509.a  esp-idf/mbedtls/mbedtls/3rdparty/everest/libeverest.a  esp-idf/mbedtls/mbedtls/3rdparty/p256-m/libp256m.a  /home/tikhon/Документы/magnolia/esp-idf/components/esp_wifi/lib/esp32s3/libcore.a  /home/tikhon/Документы/magnolia/esp-idf/components/esp_wifi/lib/esp32s3/libespnow.a  /home/tikhon/Документы/magnolia/esp-idf/components/esp_wifi/lib/esp32s3/libmesh.a  /home/tikhon/Документы/magnolia/esp-idf/components/esp_wifi/lib/esp32s3/libnet80211.a  /home/tikhon/Документы/magnolia/esp-idf/components/esp_wifi/lib/esp32s3/libpp.a  /home/tikhon/Документы/magnolia/esp-idf/components/esp_wifi/lib/esp32s3/libsmartconfig.a  /home/tikhon/Документы/magnolia/esp-idf/components/esp_wifi/lib/esp32s3/libwapi.a  esp-idf/xtensa/libxtensa.a  esp-idf/esp_app_format/libesp_app_format.a  esp-idf/esp_bootloader_format/libesp_bootloader_format.a  esp-idf/app_update/libapp_update.a  esp-idf/esp_partition/libesp_partition.a  esp-idf/efuse/libefuse.a  esp-idf/esp_security/libesp_security.a  esp-idf/esp_driver_gpio/libesp_driver_gpio.a  esp-idf/esp_pm/libesp_pm.a  esp-idf/mbedtls/libmbedtls.a  esp-idf/bootloader_support/libbootloader_support.a  esp-idf/esp_mm/libesp_mm.a  esp-idf/spi_flash/libspi_flash.a  esp-idf/esp_system/libesp_system.a  esp-idf/esp_common/libesp_common.a  esp-idf/esp_rom/libesp_rom.a  esp-idf/hal/libhal.a  esp-idf/log/liblog.a  esp-idf/heap/libheap.a  esp-idf/soc/libsoc.a  esp-idf/esp_hw_support/libesp_hw_support.a  esp-idf/freertos/libfreertos.a  esp-idf/newlib/libnewlib.a  esp-idf/pthread/libpthread.a  esp-idf/cxx/libcxx.a  esp-idf/esp_timer/libesp_timer.a  esp-idf/esp_driver_gptimer/libesp_driver_gptimer.a  esp-idf/esp_ringbuf/libesp_ringbuf.a  esp-idf/esp_driver_uart/libesp_driver_uart.a  esp-idf/esp_event/libesp_event.a  esp-idf/nvs_flash/libnvs_flash.a  esp-idf/esp_phy/libesp_phy.a  esp-idf/esp_driver_usb_serial_jtag/libesp_driver_usb_serial_jtag.a  esp-idf/esp_vfs_console/libesp_vfs_console.a  esp-idf/vfs/libvfs.a  esp-idf/lwip/liblwip.a  esp-idf/esp_netif/libesp_netif.a  esp-idf/wpa_supplicant/libwpa_supplicant.a  esp-idf/esp_coex/libesp_coex.a  esp-idf/esp_wifi/libesp_wifi.a  esp-idf/esp_driver_spi/libesp_driver_spi.a  esp-idf/esp_gdbstub/libesp_gdbstub.a  esp-idf/esp_driver_pcnt/libesp_driver_pcnt.a  esp-idf/esp_driver_mcpwm/libesp_driver_mcpwm.a  esp-idf/esp_driver_i2s/libesp_driver_i2s.a  esp-idf/sdmmc/libsdmmc.a  esp-idf/esp_driver_sd_intf/libesp_driver_sd_intf.a  esp-idf/esp_driver_sdmmc/libesp_driver_sdmmc.a  esp-idf/esp_driver_sdspi/libesp_driver_sdspi.a  esp-idf/esp_driver_rmt/libesp_driver_rmt.a  esp-idf/esp_driver_tsens/libesp_driver_tsens.a  esp-idf/esp_driver_sdm/libesp_driver_sdm.a  esp-idf/esp_driver_i2c/libesp_driver_i2c.a  esp-idf/esp_driver_ledc/libesp_driver_ledc.a  esp-idf/esp_driver_twai/libesp_driver_twai.a  esp-idf/driver/libdriver.a  esp-idf/http_parser/libhttp_parser.a  esp-idf/esp-tls/libesp-tls.a  esp-idf/esp_adc/libesp_adc.a  esp-idf/tcp_transport/libtcp_transport.a  esp-idf/esp_http_client/libesp_http_client.a  esp-idf/esp_http_server/libesp_http_server.a  esp-idf/esp_https_ota/libesp_https_ota.a  esp-idf/mbedtls/mbedtls/library/libmbedtls.a  esp-idf/mbedtls/mbedtls/library/libmbedcrypto.a  esp-idf/mbedtls/mbedtls/library/libmbedx509.a  esp-idf/mbedtls/mbedtls/3rdparty/everest/libeverest.a  esp-idf/mbedtls/mbedtls/3rdparty/p256-m/libp256m.a  /home/tikhon/Документы/magnolia/esp-idf/components/esp_wifi/lib/esp32s3/libcore.a  /home/tikhon/Документы/magnolia/esp-idf/components/esp_wifi/lib/esp32s3/libespnow.a  /home/tikhon/Документы/magnolia/esp-idf/components/esp_wifi/lib/esp32s3/libmesh.a  /home/tikhon/Документы/magnolia/esp-idf/components/esp_wifi/lib/esp32s3/libnet80211.a  /home/tikhon/Документы/magnolia/esp-idf/components/esp_wifi/lib/esp32s3/libpp.a  /home/tikhon/Документы/magnolia/esp-idf/components/esp_wifi/lib/esp32s3/libsmartconfig.a  /home/tikhon/Документы/magnolia/esp-idf/components/esp_wifi/lib/esp32s3/libwapi.a  esp-idf/xtensa/libxtensa.a  esp-idf/esp_app_format/libesp_app_format.a  esp-idf/esp_bootloader_format/libesp_bootloader_format.a  esp-idf/app_update/libapp_update.a  esp-idf/esp_partition/libesp_partition.a  esp-idf/efuse/libefuse.a  esp-idf/esp_security/libesp_security.a  esp-idf/esp_driver_gpio/libesp_driver_gpio.a  esp-idf/esp_pm/libesp_pm.a  esp-idf/mbedtls/libmbedtls.a  esp-idf/bootloader_support/libbootloader_support.a  esp-idf/esp_mm/libesp_mm.a  esp-idf/spi_flash/libspi_flash.a  esp-idf/esp_system/libesp_system.a  esp-idf/esp_common/libesp_common.a  esp-idf/esp_rom/libesp_rom.a  esp-idf/hal/libhal.a  esp-idf/log/liblog.a  esp-idf/heap/libheap.a  esp-idf/soc/libsoc.a  esp-idf/esp_hw_support/libesp_hw_support.a  esp-idf/freertos/libfreertos.a  esp-idf/newlib/libnewlib.a  esp-idf/pthread/libpthread.a  esp-idf/cxx/libcxx.a  esp-idf/esp_timer/libesp_timer.a  esp-idf/esp_driver_gptimer/libesp_driver_gptimer.a  esp-idf/esp_ringbuf/libesp_ringbuf.a  esp-idf/esp_driver_uart/libesp_driver_uart.a  esp-idf/esp_event/libesp_event.a  esp-idf/nvs_flash/libnvs_flash.a  esp-idf/esp_phy/libesp_phy.a  esp-idf/esp_driver_usb_serial_jtag/libesp_driver_usb_serial_jtag.a  esp-idf/esp_vfs_console/libesp_vfs_console.a  esp-idf/vfs/libvfs.a  esp-idf/lwip/liblwip.a  esp-idf/esp_netif/libesp_netif.a  esp-idf/wpa_supplicant/libwpa_supplicant.a  esp-idf/esp_coex/libesp_coex.a  esp-idf/esp_wifi/libesp_wifi.a  esp-idf/esp_driver_spi/libesp_driver_spi.a  esp-idf/esp_gdbstub/libesp_gdbstub.a  esp-idf/esp_driver_pcnt/libesp_driver_pcnt.a  esp-idf/esp_driver_mcpwm/libesp_driver_mcpwm.a  esp-idf/esp_driver_i2s/libesp_driver_i2s.a  esp-idf/sdmmc/libsdmmc.a  esp-idf/esp_driver_sd_intf/libesp_driver_sd_intf.a  esp-idf/esp_driver_sdmmc/libesp_driver_sdmmc.a  esp-idf/esp_driver_sdspi/libesp_driver_sdspi.a  esp-idf/esp_driver_rmt/libesp_driver_rmt.a  esp-idf/esp_driver_tsens/libesp_driver_tsens.a  esp-idf/esp_driver_sdm/libesp_driver_sdm.a  esp-idf/esp_driver_i2c/libesp_driver_i2c.a  esp-idf/esp_driver_ledc/libesp_driver_ledc.a  esp-idf/esp_driver_twai/libesp_driver_twai.a  esp-idf/driver/libdriver.a  esp-idf/http_parser/libhttp_parser.a  esp-idf/esp-tls/libesp-tls.a  esp-idf/esp_adc/libesp_adc.a  esp-idf/tcp_transport/libtcp_transport.a  esp-idf/esp_http_client/libesp_http_client.a  esp-idf/esp_http_server/libesp_http_server.a  esp-idf/esp_https_ota/libesp_https_ota.a  esp-idf/mbedtls/mbedtls/library/libmbedtls.a  esp-idf/mbedtls/mbedtls/library/libmbedcrypto.a  esp-idf/mbedtls/mbedtls/library/libmbedx509.a  esp-idf/mbedtls/mbedtls/3rdparty/everest/libeverest.a  esp-idf/mbedtls/mbedtls/3rdparty/p256-m/libp256m.a  /home/tikhon/Документы/magnolia/esp-idf/components/esp_wifi/lib/esp32s3/libcore.a  /home/tikhon/Документы/magnolia/esp-idf/components/esp_wifi/lib/esp32s3/libespnow.a  /home/tikhon/Документы/magnolia/esp-idf/components/esp_wifi/lib/esp32s3/libmesh.a  /home/tikhon/Документы/magnolia/esp-idf/components/esp_wifi/lib/esp32s3/libnet80211.a  /home/tikhon/Документы/magnolia/esp-idf/components/esp_wifi/lib/esp32s3/libpp.a  /home/tikhon/Документы/magnolia/esp-idf/components/esp_wifi/lib/esp32s3/libsmartconfig.a  /home/tikhon/Документы/magnolia/esp-idf/components/esp_wifi/lib/esp32s3/libwapi.a  esp-idf/xtensa/libxtensa.a  esp-idf/esp_app_format/libesp_app_format.a  esp-idf/esp_bootloader_format/libesp_bootloader_format.a  esp-idf/app_update/libapp_update.a  esp-idf/esp_partition/libesp_partition.a  esp-idf/efuse/libefuse.a  esp-idf/esp_security/libesp_security.a  esp-idf/esp_driver_gpio/libesp_driver_gpio.a  esp-idf/esp_pm/libesp_pm.a  esp-idf/mbedtls/libmbedtls.a  esp-idf/bootloader_support/libbootloader_support.a  esp-idf/esp_mm/libesp_mm.a  esp-idf/spi_flash/libspi_flash.a  esp-idf/esp_system/libesp_system.a  esp-idf/esp_common/libesp_common.a  esp-idf/esp_rom/libesp_rom.a  esp-idf/hal/libhal.a  esp-idf/log/liblog.a  esp-idf/heap/libheap.a  esp-idf/soc/libsoc.a  esp-idf/esp_hw_support/libesp_hw_support.a  esp-idf/freertos/libfreertos.a  esp-idf/newlib/libnewlib.a  esp-idf/pthread/libpthread.a  esp-idf/cxx/libcxx.a  esp-idf/esp_timer/libesp_timer.a  esp-idf/esp_driver_gptimer/libesp_driver_gptimer.a  esp-idf/esp_ringbuf/libesp_ringbuf.a  esp-idf/esp_driver_uart/libesp_driver_uart.a  esp-idf/esp_event/libesp_event.a  esp-idf/nvs_flash/libnvs_flash.a  esp-idf/esp_phy/libesp_phy.a  esp-idf/esp_driver_usb_serial_jtag/libesp_driver_usb_serial_jtag.a  esp-idf/esp_vfs_console/libesp_vfs_console.a  esp-idf/vfs/libvfs.a  esp-idf/lwip/liblwip.a  esp-idf/esp_netif/libesp_netif.a  esp-idf/wpa_supplicant/libwpa_supplicant.a  esp-idf/esp_coex/libesp_coex.a  esp-idf/esp_wifi/libesp_wifi.a  esp-idf/esp_driver_spi/libesp_driver_spi.a  esp-idf/esp_gdbstub/libesp_gdbstub.a  esp-idf/esp_driver_pcnt/libesp_driver_pcnt.a  esp-idf/esp_driver_mcpwm/libesp_driver_mcpwm.a  esp-idf/esp_driver_i2s/libesp_driver_i2s.a  esp-idf/sdmmc/libsdmmc.a  esp-idf/esp_driver_sd_intf/libesp_driver_sd_intf.a  esp-idf/esp_driver_sdmmc/libesp_driver_sdmmc.a  esp-idf/esp_driver_sdspi/libesp_driver_sdspi.a  esp-idf/esp_driver_rmt/libesp_driver_rmt.a  esp-idf/esp_driver_tsens/libesp_driver_tsens.a  esp-idf/esp_driver_sdm/libesp_driver_sdm.a  esp-idf/esp_driver_i2c/libesp_driver_i2c.a  esp-idf/esp_driver_ledc/libesp_driver_ledc.a  esp-idf/esp_driver_twai/libesp_driver_twai.a  esp-idf/driver/libdriver.a  esp-idf/http_parser/libhttp_parser.a  esp-idf/esp-tls/libesp-tls.a  esp-idf/esp_adc/libesp_adc.a  esp-idf/tcp_transport/libtcp_transport.a  esp-idf/esp_http_client/libesp_http_client.a  esp-idf/esp_http_server/libesp_http_server.a  esp-idf/esp_https_ota/libesp_https_ota.a  esp-idf/mbedtls/mbedtls/library/libmbedtls.a  esp-idf/mbedtls/mbedtls/library/libmbedcrypto.a  esp-idf/mbedtls/mbedtls/library/libmbedx509.a  esp-idf/mbedtls/mbedtls/3rdparty/everest/libeverest.a  esp-idf/mbedtls/mbedtls/3rdparty/p256-m/libp256m.a  /home/tikhon/Документы/magnolia/esp-idf/components/esp_wifi/lib/esp32s3/libcore.a  /home/tikhon/Документы/magnolia/esp-idf/components/esp_wifi/lib/esp32s3/libespnow.a  /home/tikhon/Документы/magnolia/esp-idf/components/esp_wifi/lib/esp32s3/libmesh.a  /home/tikhon/Документы/magnolia/esp-idf/components/esp_wifi/lib/esp32s3/libnet80211.a  /home/tikhon/Документы/magnolia/esp-idf/components/esp_wifi/lib/esp32s3/libpp.a  /home/tikhon/Документы/magnolia/esp-idf/components/esp_wifi/lib/esp32s3/libsmartconfig.a  /home/tikhon/Документы/magnolia/esp-idf/components/esp_wifi/lib/esp32s3/libwapi.a  esp-idf/xtensa/libxtensa.a  esp-idf/esp_app_format/libesp_app_format.a  esp-idf/esp_bootloader_format/libesp_bootloader_format.a  esp-idf/app_update/libapp_update.a  esp-idf/esp_partition/libesp_partition.a  esp-idf/efuse/libefuse.a  esp-idf/esp_security/libesp_security.a  esp-idf/esp_driver_gpio/libesp_driver_gpio.a  esp-idf/esp_pm/libesp_pm.a  esp-idf/mbedtls/libmbedtls.a  esp-idf/bootloader_support/libbootloader_support.a  esp-idf/esp_mm/libesp_mm.a  esp-idf/spi_flash/libspi_flash.a  esp-idf/esp_system/libesp_system.a  esp-idf/esp_common/libesp_common.a  esp-idf/esp_rom/libesp_rom.a  esp-idf/hal/libhal.a  esp-idf/log/liblog.a  esp-idf/heap/libheap.a  esp-idf/soc/libsoc.a  esp-idf/esp_hw_support/libesp_hw_support.a  esp-idf/freertos/libfreertos.a  esp-idf/newlib/libnewlib.a  esp-idf/pthread/libpthread.a  esp-idf/cxx/libcxx.a  esp-idf/esp_timer/libesp_timer.a  esp-idf/esp_driver_gptimer/libesp_driver_gptimer.a  esp-idf/esp_ringbuf/libesp_ringbuf.a  esp-idf/esp_driver_uart/libesp_driver_uart.a  esp-idf/esp_event/libesp_event.a  esp-idf/nvs_flash/libnvs_flash.a  esp-idf/esp_phy/libesp_phy.a  esp-idf/esp_driver_usb_serial_jtag/libesp_driver_usb_serial_jtag.a  esp-idf/esp_vfs_console/libesp_vfs_console.a  esp-idf/vfs/libvfs.a  esp-idf/lwip/liblwip.a  esp-idf/esp_netif/libesp_netif.a  esp-idf/wpa_supplicant/libwpa_supplicant.a  esp-idf/esp_coex/libesp_coex.a  esp-idf/esp_wifi/libesp_wifi.a  esp-idf/esp_driver_spi/libesp_driver_spi.a  esp-idf/esp_gdbstub/libesp_gdbstub.a  esp-idf/esp_driver_pcnt/libesp_driver_pcnt.a  esp-idf/esp_driver_mcpwm/libesp_driver_mcpwm.a  esp-idf/esp_driver_i2s/libesp_driver_i2s.a  esp-idf/sdmmc/libsdmmc.a  esp-idf/esp_driver_sd_intf/libesp_driver_sd_intf.a  esp-idf/esp_driver_sdmmc/libesp_driver_sdmmc.a  esp-idf/esp_driver_sdspi/libesp_driver_sdspi.a  esp-idf/esp_driver_rmt/libesp_driver_rmt.a  esp-idf/esp_driver_tsens/libesp_driver_tsens.a  esp-idf/esp_driver_sdm/libesp_driver_sdm.a  esp-idf/esp_driver_i2c/libesp_driver_i2c.a  esp-idf/esp_driver_ledc/libesp_driver_ledc.a  esp-idf/esp_driver_twai/libesp_driver_twai.a  esp-idf/driver/libdriver.a  esp-idf/http_parser/libhttp_parser.a  esp-idf/esp-tls/libesp-tls.a  esp-idf/esp_adc/libesp_adc.a  esp-idf/tcp_transport/libtcp_transport.a  esp-idf/esp_http_client/libesp_http_client.a  esp-idf/esp_http_server/libesp_http_server.a  esp-idf/esp_https_ota/libesp_https_ota.a  esp-idf/mbedtls/mbedtls/library/libmbedtls.a  esp-idf/mbedtls/mbedtls/library/libmbedcrypto.a  esp-idf/mbedtls/mbedtls/library/libmbedx509.a  esp-idf/mbedtls/mbedtls/3rdparty/everest/libeverest.a  esp-idf/mbedtls/mbedtls/3rdparty/p256-m/libp256m.a  /home/tikhon/Документы/magnolia/esp-idf/components/esp_wifi/lib/esp32s3/libcore.a  /home/tikhon/Документы/magnolia/esp-idf/components/esp_wifi/lib/esp32s3/libespnow.a  /home/tikhon/Документы/magnolia/esp-idf/components/esp_wifi/lib/esp32s3/libmesh.a  /home/tikhon/Документы/magnolia/esp-idf/components/esp_wifi/lib/esp32s3/libnet80211.a  /home/tikhon/Документы/magnolia/esp-idf/components/esp_wifi/lib/esp32s3/libpp.a  /home/tikhon/Документы/magnolia/esp-idf/components/esp_wifi/lib/esp32s3/libsmartconfig.a  /home/tikhon/Документы/magnolia/esp-idf/components/esp_wifi/lib/esp32s3/libwapi.a  /home/tikhon/Документы/magnolia/esp-idf/components/xtensa/esp32s3/libxt_hal.a  -u esp_app_desc  -u esp_efuse_startup_include_func  -u esp_security_init_include_impl  -u ld_include_highint_hdl  -u start_app  -u start_app_other_cores  -u __ubsan_include  -u esp_system_include_startup_funcs  -Wl,--wrap=longjmp  -u __assert_func  -u esp_sleep_gpio_include  -Wl,--undefined=FreeRTOS_openocd_params  -u app_main  -lc  -lm  -u esp_libc_include_heap_impl  -u esp_libc_include_reent_syscalls_impl  -u esp_libc_include_syscalls_impl  -u esp_libc_include_pthread_impl  -u esp_libc_include_assert_impl  -u esp_libc_include_getentropy_impl  -u esp_libc_include_init_funcs  -u esp_libc_init_funcs  -u pthread_include_pthread_impl  -u pthread_include_pthread_cond_var_impl  -u pthread_include_pthread_local_storage_impl  -u pthread_include_pthread_rwlock_impl  -u pthread_include_pthread_semaphore_impl  -Wl,--wrap=__register_frame_info_bases  -Wl,--wrap=__register_frame_info  -Wl,--wrap=__register_frame  -Wl,--wrap=__register_frame_info_table_bases  -Wl,--wrap=__register_frame_info_table  -Wl,--wrap=__register_frame_table  -Wl,--wrap=__deregister_frame_info_bases  -Wl,--wrap=__deregister_frame_info  -Wl,--wrap=_Unwind_Find_FDE  -Wl,--wrap=_Unwind_GetGR  -Wl,--wrap=_Unwind_GetCFA  -Wl,--wrap=_Unwind_GetIP  -Wl,--wrap=_Unwind_GetIPInfo  -Wl,--wrap=_Unwind_GetRegionStart  -Wl,--wrap=_Unwind_GetDataRelBase  -Wl,--wrap=_Unwind_GetTextRelBase  -Wl,--wrap=_Unwind_SetIP  -Wl,--wrap=_Unwind_SetGR  -Wl,--wrap=_Unwind_GetLanguageSpecificData  -Wl,--wrap=_Unwind_FindEnclosingFunction  -Wl,--wrap=_Unwind_Resume  -Wl,--wrap=_Unwind_RaiseException  -Wl,--wrap=_Unwind_DeleteException  -Wl,--wrap=_Unwind_ForcedUnwind  -Wl,--wrap=_Unwind_Resume_or_Rethrow  -Wl,--wrap=_Unwind_Backtrace  -Wl,--wrap=__cxa_call_unexpected  -Wl,--wrap=__gxx_personality_v0  -Wl,--wrap=__cxa_throw  -Wl,--wrap=__cxa_allocate_exception  -lstdc++  esp-idf/pthread/libpthread.a  esp-idf/newlib/libnewlib.a  -u __cxa_guard_dummy  -u __cxx_init_dummy  -lgcc  esp-idf/cxx/libcxx.a  -u __cxx_fatal_exception  -u esp_timer_init_include_func  -u uart_vfs_include_dev_init  -u include_esp_phy_override  -lphy  -lbtbb  esp-idf/esp_phy/libesp_phy.a  -lphy  -lbtbb  esp-idf/esp_phy/libesp_phy.a  -lphy  -lbtbb  -u usb_serial_jtag_vfs_include_dev_init  -u usb_serial_jtag_connection_monitor_include  -u esp_vfs_include_console_register  -u vfs_include_syscalls_impl  -u esp_vfs_include_nullfs_register && :
/home/tikhon/.espressif/tools/xtensa-esp-elf/esp-15.1.0_20250607/xtensa-esp-elf/bin/../lib/gcc/xtensa-esp-elf/15.1.0/../../../../xtensa-esp-elf/bin/ld: esp-idf/freertos/libfreertos.a(app_startup.c.obj):(.literal.main_task+0x34): undefined reference to `app_main'
collect2: error: ld returned 1 exit status
[213/1044] Building C object esp-idf/wpa_supplicant/CMakeFiles/__idf_wpa_supplicant.dir/esp_supplicant/src/crypto/fastpbkdf2.c.obj
[214/1044] Building C object esp-idf/esp_netif/CMakeFiles/__idf_esp_netif.dir/lwip/esp_netif_lwip_defaults.c.obj
[215/1044] Building C object esp-idf/esp_netif/CMakeFiles/__idf_esp_netif.dir/lwip/netif/esp_pbuf_ref.c.obj
[216/1044] Building C object esp-idf/wpa_supplicant/CMakeFiles/__idf_wpa_supplicant.dir/src/wps/wps_enrollee.c.obj
-- Build files have been written to: /home/tikhon/Документы/magnolia/applets/mainline/printenv/build
[217/1044] Building C object esp-idf/esp_netif/CMakeFiles/__idf_esp_netif.dir/lwip/netif/wlanif.c.obj
[218/1044] Building C object esp-idf/wpa_supplicant/CMakeFiles/__idf_wpa_supplicant.dir/src/crypto/aes-ccm.c.obj
[4/10] Performing build step for 'bootloader'
[1/123] Building C object esp-idf/log/CMakeFiles/__idf_log.dir/src/noos/log_timestamp.c.obj
[2/123] Building C object esp-idf/log/CMakeFiles/__idf_log.dir/src/noos/log_lock.c.obj
[3/123] Building C object esp-idf/log/CMakeFiles/__idf_log.dir/src/noos/util.c.obj
[4/123] Building C object esp-idf/log/CMakeFiles/__idf_log.dir/src/util.c.obj
[5/123] Building C object esp-idf/log/CMakeFiles/__idf_log.dir/src/log_timestamp_common.c.obj
[6/123] Building C object esp-idf/esp_rom/CMakeFiles/__idf_esp_rom.dir/patches/esp_rom_crc.c.obj
[7/123] Building C object esp-idf/esp_rom/CMakeFiles/__idf_esp_rom.dir/patches/esp_rom_sys.c.obj
[8/123] Building ASM object esp-idf/esp_rom/CMakeFiles/__idf_esp_rom.dir/patches/esp_rom_longjmp.S.obj
[9/123] Building C object esp-idf/log/CMakeFiles/__idf_log.dir/src/log_print.c.obj
[10/123] Building ASM object esp-idf/esp_rom/CMakeFiles/__idf_esp_rom.dir/patches/esp_rom_cache_writeback_esp32s3.S.obj
[11/123] Building C object esp-idf/log/CMakeFiles/__idf_log.dir/src/buffer/log_buffers.c.obj
[12/123] Building C object esp-idf/log/CMakeFiles/__idf_log.dir/src/log_format_text.c.obj
[13/123] Building C object esp-idf/esp_rom/CMakeFiles/__idf_esp_rom.dir/patches/esp_rom_efuse.c.obj
[14/123] Building C object esp-idf/esp_rom/CMakeFiles/__idf_esp_rom.dir/patches/esp_rom_gpio.c.obj
[15/123] Building C object esp-idf/esp_rom/CMakeFiles/__idf_esp_rom.dir/patches/esp_rom_systimer.c.obj
[16/123] Building C object esp-idf/log/CMakeFiles/__idf_log.dir/src/log.c.obj
[17/123] Building C object esp-idf/esp_rom/CMakeFiles/__idf_esp_rom.dir/patches/esp_rom_spiflash.c.obj
[18/123] Building C object esp-idf/esp_rom/CMakeFiles/__idf_esp_rom.dir/patches/esp_rom_serial_output.c.obj
[19/123] Building C object esp-idf/esp_hw_support/CMakeFiles/__idf_esp_hw_support.dir/port/esp32s3/esp_cpu_intr.c.obj
[20/123] Building C object esp-idf/esp_hw_support/CMakeFiles/__idf_esp_hw_support.dir/port/esp32s3/cpu_region_protect.c.obj
[21/123] Building C object esp-idf/esp_hw_support/CMakeFiles/__idf_esp_hw_support.dir/esp_memory_utils.c.obj
[22/123] Building C object esp-idf/esp_rom/CMakeFiles/__idf_esp_rom.dir/patches/esp_rom_wdt.c.obj
[23/123] Linking C static library esp-idf/log/liblog.a
[24/123] Building C object esp-idf/esp_rom/CMakeFiles/__idf_esp_rom.dir/patches/esp_rom_cache_esp32s2_esp32s3.c.obj
[25/123] Building C object esp-idf/esp_hw_support/CMakeFiles/__idf_esp_hw_support.dir/port/esp32s3/chip_info.c.obj
[26/123] Building C object esp-idf/esp_common/CMakeFiles/__idf_esp_common.dir/src/esp_err_to_name.c.obj
[27/123] Building C object esp-idf/esp_hw_support/CMakeFiles/__idf_esp_hw_support.dir/port/esp32s3/rtc_clk_init.c.obj
[28/123] Building C object esp-idf/esp_system/CMakeFiles/__idf_esp_system.dir/esp_err.c.obj
[29/123] Building C object esp-idf/esp_hw_support/CMakeFiles/__idf_esp_hw_support.dir/cpu.c.obj
[30/123] Building C object esp-idf/efuse/CMakeFiles/__idf_efuse.dir/esp32s3/esp_efuse_fields.c.obj
[31/123] Building C object esp-idf/efuse/CMakeFiles/__idf_efuse.dir/esp32s3/esp_efuse_rtc_calib.c.obj
[32/123] Building C object esp-idf/efuse/CMakeFiles/__idf_efuse.dir/esp32s3/esp_efuse_table.c.obj
[33/123] Building C object esp-idf/efuse/CMakeFiles/__idf_efuse.dir/esp32s3/esp_efuse_utility.c.obj
[34/123] Building C object esp-idf/efuse/CMakeFiles/__idf_efuse.dir/src/esp_efuse_fields.c.obj
[35/123] Building C object esp-idf/esp_hw_support/CMakeFiles/__idf_esp_hw_support.dir/port/esp32s3/rtc_time.c.obj
[36/123] Building C object esp-idf/bootloader_support/CMakeFiles/__idf_bootloader_support.dir/src/bootloader_mem.c.obj
[37/123] Building C object esp-idf/esp_hw_support/CMakeFiles/__idf_esp_hw_support.dir/port/esp32s3/rtc_init.c.obj
[38/123] Building C object esp-idf/bootloader_support/CMakeFiles/__idf_bootloader_support.dir/src/bootloader_efuse.c.obj
[39/123] Building C object esp-idf/bootloader_support/CMakeFiles/__idf_bootloader_support.dir/src/bootloader_random.c.obj
[40/123] Building C object esp-idf/bootloader_support/CMakeFiles/__idf_bootloader_support.dir/src/bootloader_clock_init.c.obj
[41/123] Building C object esp-idf/bootloader_support/CMakeFiles/__idf_bootloader_support.dir/src/secure_boot.c.obj
[42/123] Building C object esp-idf/esp_rom/CMakeFiles/__idf_esp_rom.dir/patches/esp_rom_print.c.obj
[43/123] Building C object esp-idf/esp_hw_support/CMakeFiles/__idf_esp_hw_support.dir/port/esp32s3/rtc_sleep.c.obj
[44/123] Building C object esp-idf/bootloader_support/CMakeFiles/__idf_bootloader_support.dir/src/flash_encrypt.c.obj
[45/123] Building C object esp-idf/bootloader_support/CMakeFiles/__idf_bootloader_support.dir/src/flash_partitions.c.obj
[46/123] Linking C static library esp-idf/esp_rom/libesp_rom.a
[47/123] Building C object esp-idf/bootloader_support/CMakeFiles/__idf_bootloader_support.dir/src/bootloader_random_esp32s3.c.obj
[48/123] Building C object esp-idf/bootloader_support/CMakeFiles/__idf_bootloader_support.dir/src/bootloader_clock_loader.c.obj
[49/123] Building C object esp-idf/esp_hw_support/CMakeFiles/__idf_esp_hw_support.dir/port/esp32s3/rtc_clk.c.obj
[50/123] Linking C static library esp-idf/esp_common/libesp_common.a
[51/123] Building C object esp-idf/efuse/CMakeFiles/__idf_efuse.dir/src/esp_efuse_api.c.obj
[52/123] Building C object esp-idf/bootloader_support/CMakeFiles/__idf_bootloader_support.dir/src/bootloader_sha.c.obj
[53/123] Building C object esp-idf/bootloader_support/CMakeFiles/__idf_bootloader_support.dir/src/bootloader_console_loader.c.obj
[54/123] Building C object esp-idf/bootloader_support/CMakeFiles/__idf_bootloader_support.dir/src/esp32s3/bootloader_soc.c.obj
[55/123] Building C object esp-idf/efuse/CMakeFiles/__idf_efuse.dir/src/esp_efuse_utility.c.obj
[56/123] Linking C static library esp-idf/esp_hw_support/libesp_hw_support.a
[57/123] Building C object esp-idf/bootloader_support/CMakeFiles/__idf_bootloader_support.dir/src/bootloader_common.c.obj
[58/123] Building C object esp-idf/efuse/CMakeFiles/__idf_efuse.dir/src/efuse_controller/keys/with_key_purposes/esp_efuse_api_key.c.obj
[59/123] Building C object esp-idf/bootloader_support/CMakeFiles/__idf_bootloader_support.dir/src/bootloader_common_loader.c.obj
[60/123] Building C object esp-idf/bootloader_support/CMakeFiles/__idf_bootloader_support.dir/bootloader_flash/src/bootloader_flash_config_esp32s3.c.obj
[61/123] Building C object esp-idf/bootloader_support/CMakeFiles/__idf_bootloader_support.dir/bootloader_flash/src/flash_qio_mode.c.obj
[62/123] Linking C static library esp-idf/esp_system/libesp_system.a
[63/123] Building C object esp-idf/esp_bootloader_format/CMakeFiles/__idf_esp_bootloader_format.dir/esp_bootloader_desc.c.obj
[64/123] Building C object esp-idf/bootloader_support/CMakeFiles/__idf_bootloader_support.dir/src/bootloader_init.c.obj
[65/123] Building C object esp-idf/hal/CMakeFiles/__idf_hal.dir/mpu_hal.c.obj
[66/123] Building C object esp-idf/bootloader_support/CMakeFiles/__idf_bootloader_support.dir/src/bootloader_console.c.obj
[67/123] Building C object esp-idf/spi_flash/CMakeFiles/__idf_spi_flash.dir/spi_flash_wrap.c.obj
[68/123] Building C object esp-idf/soc/CMakeFiles/__idf_soc.dir/esp32s3/interrupts.c.obj
[69/123] Building C object esp-idf/hal/CMakeFiles/__idf_hal.dir/efuse_hal.c.obj
[70/123] Linking C static library esp-idf/efuse/libefuse.a
[71/123] Building C object esp-idf/soc/CMakeFiles/__idf_soc.dir/lldesc.c.obj
[72/123] Building C object esp-idf/soc/CMakeFiles/__idf_soc.dir/dport_access_common.c.obj
[73/123] Building C object esp-idf/bootloader_support/CMakeFiles/__idf_bootloader_support.dir/src/bootloader_panic.c.obj
[74/123] Building C object esp-idf/soc/CMakeFiles/__idf_soc.dir/esp32s3/gpio_periph.c.obj
[75/123] Building C object esp-idf/soc/CMakeFiles/__idf_soc.dir/esp32s3/adc_periph.c.obj
[76/123] Building C object esp-idf/soc/CMakeFiles/__idf_soc.dir/esp32s3/uart_periph.c.obj
[77/123] Building C object esp-idf/soc/CMakeFiles/__idf_soc.dir/esp32s3/gdma_periph.c.obj
[78/123] Building C object esp-idf/soc/CMakeFiles/__idf_soc.dir/esp32s3/pcnt_periph.c.obj
[79/123] Building C object esp-idf/soc/CMakeFiles/__idf_soc.dir/esp32s3/ledc_periph.c.obj
[80/123] Building C object esp-idf/soc/CMakeFiles/__idf_soc.dir/esp32s3/dedic_gpio_periph.c.obj
[81/123] Building C object esp-idf/soc/CMakeFiles/__idf_soc.dir/esp32s3/rmt_periph.c.obj
[82/123] Building C object esp-idf/soc/CMakeFiles/__idf_soc.dir/esp32s3/lcd_periph.c.obj
[83/123] Building C object esp-idf/soc/CMakeFiles/__idf_soc.dir/esp32s3/sdm_periph.c.obj
[84/123] Building C object esp-idf/soc/CMakeFiles/__idf_soc.dir/esp32s3/temperature_sensor_periph.c.obj
[85/123] Building C object esp-idf/soc/CMakeFiles/__idf_soc.dir/esp32s3/timer_periph.c.obj
[86/123] Building C object esp-idf/hal/CMakeFiles/__idf_hal.dir/esp32s3/efuse_hal.c.obj
[87/123] Building C object esp-idf/hal/CMakeFiles/__idf_hal.dir/hal_utils.c.obj
[88/123] Building C object esp-idf/hal/CMakeFiles/__idf_hal.dir/mmu_hal.c.obj
[89/123] Building C object esp-idf/soc/CMakeFiles/__idf_soc.dir/esp32s3/spi_periph.c.obj
[90/123] Building C object esp-idf/soc/CMakeFiles/__idf_soc.dir/esp32s3/i2c_periph.c.obj
[91/123] Building C object esp-idf/soc/CMakeFiles/__idf_soc.dir/esp32s3/mcpwm_periph.c.obj
[92/123] Building C object esp-idf/soc/CMakeFiles/__idf_soc.dir/esp32s3/i2s_periph.c.obj
[93/123] Building C object esp-idf/soc/CMakeFiles/__idf_soc.dir/esp32s3/mpi_periph.c.obj
[94/123] Building C object esp-idf/soc/CMakeFiles/__idf_soc.dir/esp32s3/touch_sensor_periph.c.obj
[95/123] Building C object esp-idf/soc/CMakeFiles/__idf_soc.dir/esp32s3/twai_periph.c.obj
[96/123] Building C object esp-idf/soc/CMakeFiles/__idf_soc.dir/esp32s3/wdt_periph.c.obj
[97/123] Building C object esp-idf/soc/CMakeFiles/__idf_soc.dir/esp32s3/sdmmc_periph.c.obj
[98/123] Building C object esp-idf/soc/CMakeFiles/__idf_soc.dir/esp32s3/cam_periph.c.obj
[99/123] Building C object esp-idf/soc/CMakeFiles/__idf_soc.dir/esp32s3/usb_dwc_periph.c.obj
[100/123] Building C object esp-idf/soc/CMakeFiles/__idf_soc.dir/esp32s3/power_supply_periph.c.obj
[101/123] Generating project_elf_src_esp32s3.c
[102/123] Building C object esp-idf/bootloader_support/CMakeFiles/__idf_bootloader_support.dir/src/esp32s3/bootloader_esp32s3.c.obj
[103/123] Building C object esp-idf/soc/CMakeFiles/__idf_soc.dir/esp32s3/rtc_io_periph.c.obj
[104/123] Building C object esp-idf/xtensa/CMakeFiles/__idf_xtensa.dir/eri.c.obj
[105/123] Building C object CMakeFiles/bootloader.elf.dir/project_elf_src_esp32s3.c.obj
[106/123] Building C object esp-idf/main/CMakeFiles/__idf_main.dir/bootloader_start.c.obj
[107/123] Building C object esp-idf/xtensa/CMakeFiles/__idf_xtensa.dir/xt_trax.c.obj
[108/123] Building C object esp-idf/hal/CMakeFiles/__idf_hal.dir/cache_hal.c.obj
[109/123] Building C object esp-idf/bootloader_support/CMakeFiles/__idf_bootloader_support.dir/src/bootloader_utility.c.obj
[110/123] Building C object esp-idf/bootloader_support/CMakeFiles/__idf_bootloader_support.dir/bootloader_flash/src/bootloader_flash.c.obj
[111/123] Building C object esp-idf/bootloader_support/CMakeFiles/__idf_bootloader_support.dir/src/esp_image_format.c.obj
[112/123] Linking C static library esp-idf/bootloader_support/libbootloader_support.a
[113/123] Linking C static library esp-idf/esp_bootloader_format/libesp_bootloader_format.a
[114/123] Linking C static library esp-idf/spi_flash/libspi_flash.a
[115/123] Linking C static library esp-idf/hal/libhal.a
[116/123] Building C object esp-idf/micro-ecc/CMakeFiles/__idf_micro-ecc.dir/uECC_verify_antifault.c.obj
[117/123] Linking C static library esp-idf/micro-ecc/libmicro-ecc.a
[118/123] Linking C static library esp-idf/soc/libsoc.a
[119/123] Linking C static library esp-idf/xtensa/libxtensa.a
[120/123] Linking C static library esp-idf/main/libmain.a
[121/123] Linking C executable bootloader.elf
[122/123] Generating binary image from built executable
Warning: Deprecated: Option '--flash_mode' is deprecated. Use '--flash-mode' instead.
Warning: Deprecated: Option '--flash_freq' is deprecated. Use '--flash-freq' instead.
Warning: Deprecated: Option '--flash_size' is deprecated. Use '--flash-size' instead.
esptool v5.2.dev1
Creating ESP32S3 image...
Merged 2 ELF sections.
Successfully created ESP32S3 image.
Generated /home/tikhon/Документы/magnolia/applets/rust/edit/build/bootloader/bootloader.bin
[123/123] cd /home/tikhon/Документы/magnolia/applets/rust/edit/build/bootloader && /home/tikhon/.espressif/python_env/idf6.0_py3.12_env/bin/python /home/tikhon/Документы/magnolia/esp-idf/components/partition_table/check_sizes.py --offset 0x8000 bootloader 0x0 /home/tikhon/Документы/magnolia/applets/rust/edit/build/bootloader/bootloader.bin
Bootloader binary size 0x5320 bytes. 0x2ce0 bytes (35%) free.
ninja: build stopped: subcommand failed.
[219/1044] Building C object esp-idf/esp_netif/CMakeFiles/__idf_esp_netif.dir/lwip/esp_netif_sntp.c.obj
[220/1044] Building C object esp-idf/esp_netif/CMakeFiles/__idf_esp_netif.dir/lwip/netif/ethernetif.c.obj
[221/1044] Building C object esp-idf/lwip/CMakeFiles/__idf_lwip.dir/lwip/src/api/err.c.obj
[222/1044] Building C object esp-idf/lwip/CMakeFiles/__idf_lwip.dir/lwip/src/api/netifapi.c.obj
[223/1044] Building C object esp-idf/lwip/CMakeFiles/__idf_lwip.dir/lwip/src/api/netbuf.c.obj
[224/1044] Building C object esp-idf/lwip/CMakeFiles/__idf_lwip.dir/lwip/src/api/netdb.c.obj
[225/1044] Building C object esp-idf/wpa_supplicant/CMakeFiles/__idf_wpa_supplicant.dir/esp_supplicant/src/crypto/crypto_mbedtls-ec.c.obj
[226/1044] Building C object esp-idf/lwip/CMakeFiles/__idf_lwip.dir/apps/sntp/sntp.c.obj
[227/1044] Building C object esp-idf/lwip/CMakeFiles/__idf_lwip.dir/lwip/src/apps/netbiosns/netbiosns.c.obj
[228/1044] Building C object esp-idf/lwip/CMakeFiles/__idf_lwip.dir/lwip/src/api/if_api.c.obj
[229/1044] Building C object esp-idf/lwip/CMakeFiles/__idf_lwip.dir/lwip/src/apps/sntp/sntp.c.obj
[230/1044] Building C object esp-idf/lwip/CMakeFiles/__idf_lwip.dir/lwip/src/api/tcpip.c.obj
[231/1044] Building C object esp-idf/wpa_supplicant/CMakeFiles/__idf_wpa_supplicant.dir/src/rsn_supp/wpa.c.obj
[232/1044] Building C object esp-idf/lwip/CMakeFiles/__idf_lwip.dir/lwip/src/core/def.c.obj
[233/1044] Building C object esp-idf/lwip/CMakeFiles/__idf_lwip.dir/lwip/src/core/ip.c.obj
[234/1044] Building C object esp-idf/lwip/CMakeFiles/__idf_lwip.dir/lwip/src/core/inet_chksum.c.obj
[235/1044] Building C object esp-idf/lwip/CMakeFiles/__idf_lwip.dir/lwip/src/core/init.c.obj
[236/1044] Building C object esp-idf/wpa_supplicant/CMakeFiles/__idf_wpa_supplicant.dir/esp_supplicant/src/esp_wps.c.obj
[237/1044] Building C object esp-idf/lwip/CMakeFiles/__idf_lwip.dir/lwip/src/core/sys.c.obj
[238/1044] Building C object esp-idf/lwip/CMakeFiles/__idf_lwip.dir/lwip/src/core/mem.c.obj
[239/1044] Building C object esp-idf/lwip/CMakeFiles/__idf_lwip.dir/lwip/src/core/stats.c.obj
[240/1044] Building C object esp-idf/lwip/CMakeFiles/__idf_lwip.dir/lwip/src/api/api_lib.c.obj
[241/1044] Building C object esp-idf/lwip/CMakeFiles/__idf_lwip.dir/lwip/src/core/memp.c.obj
[242/1044] Building C object esp-idf/lwip/CMakeFiles/__idf_lwip.dir/lwip/src/api/api_msg.c.obj
Command failed (2): idf.py build
Skipping failed applet build: edit
[243/1044] Building C object esp-idf/lwip/CMakeFiles/__idf_lwip.dir/lwip/src/core/dns.c.obj
[244/1044] Building C object esp-idf/lwip/CMakeFiles/__idf_lwip.dir/lwip/src/core/raw.c.obj
[5/9] Linking CXX executable xxd.elf
FAILED: xxd.elf 
: && /home/tikhon/.espressif/tools/xtensa-esp-elf/esp-15.1.0_20250607/xtensa-esp-elf/bin/xtensa-esp32s3-elf-g++ -mlongcalls -fno-builtin-memcpy -fno-builtin-memset -fno-builtin-bzero -nostartfiles    -Wl,--cref -Wl,--defsym=IDF_TARGET_ESP32S3=0 -Wl,--Map=/home/tikhon/Документы/magnolia/applets/rust/rxxd/build/xxd.map -Wl,--no-warn-rwx-segments -Wl,--orphan-handling=error -fno-rtti -fno-lto -Wl,--gc-sections -Wl,--warn-common -T esp32s3.peripherals.ld -T esp32s3.rom.ld -T esp32s3.rom.api.ld -T esp32s3.rom.bt_funcs.ld -T esp32s3.rom.libgcc.ld -T esp32s3.rom.wdt.ld -T esp32s3.rom.version.ld -T esp32s3.rom.ble_master.ld -T esp32s3.rom.ble_50.ld -T esp32s3.rom.ble_smp.ld -T esp32s3.rom.ble_dtm.ld -T esp32s3.rom.ble_test.ld -T esp32s3.rom.ble_scan.ld -T esp32s3.rom.libc.ld -T esp32s3.rom.newlib.ld -T memory.ld -T sections.ld CMakeFiles/xxd.elf.dir/project_elf_src_esp32s3.c.obj -o xxd.elf -L/home/tikhon/Документы/magnolia/esp-idf/components/soc/esp32s3/ld   -L/home/tikhon/Документы/magnolia/esp-idf/components/esp_rom/esp32s3/ld   -L/home/tikhon/Документы/magnolia/applets/rust/rxxd/build/esp-idf/esp_system/ld   -L/home/tikhon/Документы/magnolia/esp-idf/components/esp_phy/lib/esp32s3   -L/home/tikhon/Документы/magnolia/esp-idf/components/esp_wifi/lib/esp32s3 esp-idf/xtensa/libxtensa.a  esp-idf/esp_app_format/libesp_app_format.a  esp-idf/esp_bootloader_format/libesp_bootloader_format.a  esp-idf/app_update/libapp_update.a  esp-idf/esp_partition/libesp_partition.a  esp-idf/efuse/libefuse.a  esp-idf/esp_security/libesp_security.a  esp-idf/esp_driver_gpio/libesp_driver_gpio.a  esp-idf/esp_pm/libesp_pm.a  esp-idf/mbedtls/libmbedtls.a  esp-idf/bootloader_support/libbootloader_support.a  esp-idf/esp_mm/libesp_mm.a  esp-idf/spi_flash/libspi_flash.a  esp-idf/esp_system/libesp_system.a  esp-idf/esp_common/libesp_common.a  esp-idf/esp_rom/libesp_rom.a  esp-idf/hal/libhal.a  esp-idf/log/liblog.a  esp-idf/heap/libheap.a  esp-idf/soc/libsoc.a  esp-idf/esp_hw_support/libesp_hw_support.a  esp-idf/freertos/libfreertos.a  esp-idf/newlib/libnewlib.a  esp-idf/pthread/libpthread.a  esp-idf/cxx/libcxx.a  esp-idf/esp_timer/libesp_timer.a  esp-idf/esp_driver_gptimer/libesp_driver_gptimer.a  esp-idf/esp_ringbuf/libesp_ringbuf.a  esp-idf/esp_driver_uart/libesp_driver_uart.a  esp-idf/app_trace/libapp_trace.a  esp-idf/esp_event/libesp_event.a  esp-idf/nvs_flash/libnvs_flash.a  esp-idf/esp_phy/libesp_phy.a  esp-idf/esp_driver_usb_serial_jtag/libesp_driver_usb_serial_jtag.a  esp-idf/esp_vfs_console/libesp_vfs_console.a  esp-idf/vfs/libvfs.a  esp-idf/lwip/liblwip.a  esp-idf/esp_netif/libesp_netif.a  esp-idf/wpa_supplicant/libwpa_supplicant.a  esp-idf/esp_coex/libesp_coex.a  esp-idf/esp_wifi/libesp_wifi.a  esp-idf/esp_driver_spi/libesp_driver_spi.a  esp-idf/esp_gdbstub/libesp_gdbstub.a  esp-idf/unity/libunity.a  esp-idf/cmock/libcmock.a  esp-idf/console/libconsole.a  esp-idf/esp_driver_pcnt/libesp_driver_pcnt.a  esp-idf/esp_driver_mcpwm/libesp_driver_mcpwm.a  esp-idf/esp_driver_i2s/libesp_driver_i2s.a  esp-idf/sdmmc/libsdmmc.a  esp-idf/esp_driver_sd_intf/libesp_driver_sd_intf.a  esp-idf/esp_driver_sdmmc/libesp_driver_sdmmc.a  esp-idf/esp_driver_sdspi/libesp_driver_sdspi.a  esp-idf/esp_driver_rmt/libesp_driver_rmt.a  esp-idf/esp_driver_tsens/libesp_driver_tsens.a  esp-idf/esp_driver_sdm/libesp_driver_sdm.a  esp-idf/esp_driver_i2c/libesp_driver_i2c.a  esp-idf/esp_driver_ledc/libesp_driver_ledc.a  esp-idf/esp_driver_twai/libesp_driver_twai.a  esp-idf/driver/libdriver.a  esp-idf/http_parser/libhttp_parser.a  esp-idf/esp-tls/libesp-tls.a  esp-idf/esp_adc/libesp_adc.a  esp-idf/esp_driver_cam/libesp_driver_cam.a  esp-idf/esp_driver_touch_sens/libesp_driver_touch_sens.a  esp-idf/esp_eth/libesp_eth.a  esp-idf/esp_hid/libesp_hid.a  esp-idf/tcp_transport/libtcp_transport.a  esp-idf/esp_http_client/libesp_http_client.a  esp-idf/esp_http_server/libesp_http_server.a  esp-idf/esp_https_ota/libesp_https_ota.a  esp-idf/esp_https_server/libesp_https_server.a  esp-idf/esp_lcd/libesp_lcd.a  esp-idf/protobuf-c/libprotobuf-c.a  esp-idf/protocomm/libprotocomm.a  esp-idf/esp_local_ctrl/libesp_local_ctrl.a  esp-idf/espcoredump/libespcoredump.a  esp-idf/wear_levelling/libwear_levelling.a  esp-idf/fatfs/libfatfs.a  esp-idf/json/libjson.a  esp-idf/mqtt/libmqtt.a  esp-idf/nvs_sec_provider/libnvs_sec_provider.a  esp-idf/perfmon/libperfmon.a  esp-idf/rt/librt.a  esp-idf/spiffs/libspiffs.a  esp-idf/touch_element/libtouch_element.a  esp-idf/usb/libusb.a  esp-idf/wifi_provisioning/libwifi_provisioning.a  esp-idf/espressif__elf_loader/libespressif__elf_loader.a  esp-idf/main/libmain.a  esp-idf/app_trace/libapp_trace.a  esp-idf/cmock/libcmock.a  esp-idf/unity/libunity.a  esp-idf/esp_driver_cam/libesp_driver_cam.a  esp-idf/esp_driver_touch_sens/libesp_driver_touch_sens.a  esp-idf/esp_eth/libesp_eth.a  esp-idf/esp_hid/libesp_hid.a  esp-idf/esp_lcd/libesp_lcd.a  esp-idf/esp_local_ctrl/libesp_local_ctrl.a  esp-idf/esp_https_server/libesp_https_server.a  esp-idf/espcoredump/libespcoredump.a  -u esp_system_include_coredump_init  esp-idf/fatfs/libfatfs.a  esp-idf/wear_levelling/libwear_levelling.a  esp-idf/mqtt/libmqtt.a  esp-idf/nvs_sec_provider/libnvs_sec_provider.a  -u nvs_sec_provider_include_impl  esp-idf/perfmon/libperfmon.a  esp-idf/rt/librt.a  esp-idf/spiffs/libspiffs.a  esp-idf/touch_element/libtouch_element.a  esp-idf/usb/libusb.a  esp-idf/wifi_provisioning/libwifi_provisioning.a  esp-idf/protocomm/libprotocomm.a  esp-idf/console/libconsole.a  esp-idf/protobuf-c/libprotobuf-c.a  esp-idf/json/libjson.a  esp-idf/espressif__elf_loader/libespressif__elf_loader.a  esp-idf/xtensa/libxtensa.a  esp-idf/esp_app_format/libesp_app_format.a  esp-idf/esp_bootloader_format/libesp_bootloader_format.a  esp-idf/app_update/libapp_update.a  esp-idf/esp_partition/libesp_partition.a  esp-idf/efuse/libefuse.a  esp-idf/esp_security/libesp_security.a  esp-idf/esp_driver_gpio/libesp_driver_gpio.a  esp-idf/esp_pm/libesp_pm.a  esp-idf/mbedtls/libmbedtls.a  esp-idf/bootloader_support/libbootloader_support.a  esp-idf/esp_mm/libesp_mm.a  esp-idf/spi_flash/libspi_flash.a  esp-idf/esp_system/libesp_system.a  esp-idf/esp_common/libesp_common.a  esp-idf/esp_rom/libesp_rom.a  esp-idf/hal/libhal.a  esp-idf/log/liblog.a  esp-idf/heap/libheap.a  esp-idf/soc/libsoc.a  esp-idf/esp_hw_support/libesp_hw_support.a  esp-idf/freertos/libfreertos.a  esp-idf/newlib/libnewlib.a  esp-idf/pthread/libpthread.a  esp-idf/cxx/libcxx.a  esp-idf/esp_timer/libesp_timer.a  esp-idf/esp_driver_gptimer/libesp_driver_gptimer.a  esp-idf/esp_ringbuf/libesp_ringbuf.a  esp-idf/esp_driver_uart/libesp_driver_uart.a  esp-idf/esp_event/libesp_event.a  esp-idf/nvs_flash/libnvs_flash.a  esp-idf/esp_phy/libesp_phy.a  esp-idf/esp_driver_usb_serial_jtag/libesp_driver_usb_serial_jtag.a  esp-idf/esp_vfs_console/libesp_vfs_console.a  esp-idf/vfs/libvfs.a  esp-idf/lwip/liblwip.a  esp-idf/esp_netif/libesp_netif.a  esp-idf/wpa_supplicant/libwpa_supplicant.a  esp-idf/esp_coex/libesp_coex.a  esp-idf/esp_wifi/libesp_wifi.a  esp-idf/esp_driver_spi/libesp_driver_spi.a  esp-idf/esp_gdbstub/libesp_gdbstub.a  esp-idf/esp_driver_pcnt/libesp_driver_pcnt.a  esp-idf/esp_driver_mcpwm/libesp_driver_mcpwm.a  esp-idf/esp_driver_i2s/libesp_driver_i2s.a  esp-idf/sdmmc/libsdmmc.a  esp-idf/esp_driver_sd_intf/libesp_driver_sd_intf.a  esp-idf/esp_driver_sdmmc/libesp_driver_sdmmc.a  esp-idf/esp_driver_sdspi/libesp_driver_sdspi.a  esp-idf/esp_driver_rmt/libesp_driver_rmt.a  esp-idf/esp_driver_tsens/libesp_driver_tsens.a  esp-idf/esp_driver_sdm/libesp_driver_sdm.a  esp-idf/esp_driver_i2c/libesp_driver_i2c.a  esp-idf/esp_driver_ledc/libesp_driver_ledc.a  esp-idf/esp_driver_twai/libesp_driver_twai.a  esp-idf/driver/libdriver.a  esp-idf/http_parser/libhttp_parser.a  esp-idf/esp-tls/libesp-tls.a  esp-idf/esp_adc/libesp_adc.a  esp-idf/tcp_transport/libtcp_transport.a  esp-idf/esp_http_client/libesp_http_client.a  esp-idf/esp_http_server/libesp_http_server.a  esp-idf/esp_https_ota/libesp_https_ota.a  esp-idf/mbedtls/mbedtls/library/libmbedtls.a  esp-idf/mbedtls/mbedtls/library/libmbedcrypto.a  esp-idf/mbedtls/mbedtls/library/libmbedx509.a  esp-idf/mbedtls/mbedtls/3rdparty/everest/libeverest.a  esp-idf/mbedtls/mbedtls/3rdparty/p256-m/libp256m.a  /home/tikhon/Документы/magnolia/esp-idf/components/esp_wifi/lib/esp32s3/libcore.a  /home/tikhon/Документы/magnolia/esp-idf/components/esp_wifi/lib/esp32s3/libespnow.a  /home/tikhon/Документы/magnolia/esp-idf/components/esp_wifi/lib/esp32s3/libmesh.a  /home/tikhon/Документы/magnolia/esp-idf/components/esp_wifi/lib/esp32s3/libnet80211.a  /home/tikhon/Документы/magnolia/esp-idf/components/esp_wifi/lib/esp32s3/libpp.a  /home/tikhon/Документы/magnolia/esp-idf/components/esp_wifi/lib/esp32s3/libsmartconfig.a  /home/tikhon/Документы/magnolia/esp-idf/components/esp_wifi/lib/esp32s3/libwapi.a  esp-idf/xtensa/libxtensa.a  esp-idf/esp_app_format/libesp_app_format.a  esp-idf/esp_bootloader_format/libesp_bootloader_format.a  esp-idf/app_update/libapp_update.a  esp-idf/esp_partition/libesp_partition.a  esp-idf/efuse/libefuse.a  esp-idf/esp_security/libesp_security.a  esp-idf/esp_driver_gpio/libesp_driver_gpio.a  esp-idf/esp_pm/libesp_pm.a  esp-idf/mbedtls/libmbedtls.a  esp-idf/bootloader_support/libbootloader_support.a  esp-idf/esp_mm/libesp_mm.a  esp-idf/spi_flash/libspi_flash.a  esp-idf/esp_system/libesp_system.a  esp-idf/esp_common/libesp_common.a  esp-idf/esp_rom/libesp_rom.a  esp-idf/hal/libhal.a  esp-idf/log/liblog.a  esp-idf/heap/libheap.a  esp-idf/soc/libsoc.a  esp-idf/esp_hw_support/libesp_hw_support.a  esp-idf/freertos/libfreertos.a  esp-idf/newlib/libnewlib.a  esp-idf/pthread/libpthread.a  esp-idf/cxx/libcxx.a  esp-idf/esp_timer/libesp_timer.a  esp-idf/esp_driver_gptimer/libesp_driver_gptimer.a  esp-idf/esp_ringbuf/libesp_ringbuf.a  esp-idf/esp_driver_uart/libesp_driver_uart.a  esp-idf/esp_event/libesp_event.a  esp-idf/nvs_flash/libnvs_flash.a  esp-idf/esp_phy/libesp_phy.a  esp-idf/esp_driver_usb_serial_jtag/libesp_driver_usb_serial_jtag.a  esp-idf/esp_vfs_console/libesp_vfs_console.a  esp-idf/vfs/libvfs.a  esp-idf/lwip/liblwip.a  esp-idf/esp_netif/libesp_netif.a  esp-idf/wpa_supplicant/libwpa_supplicant.a  esp-idf/esp_coex/libesp_coex.a  esp-idf/esp_wifi/libesp_wifi.a  esp-idf/esp_driver_spi/libesp_driver_spi.a  esp-idf/esp_gdbstub/libesp_gdbstub.a  esp-idf/esp_driver_pcnt/libesp_driver_pcnt.a  esp-idf/esp_driver_mcpwm/libesp_driver_mcpwm.a  esp-idf/esp_driver_i2s/libesp_driver_i2s.a  esp-idf/sdmmc/libsdmmc.a  esp-idf/esp_driver_sd_intf/libesp_driver_sd_intf.a  esp-idf/esp_driver_sdmmc/libesp_driver_sdmmc.a  esp-idf/esp_driver_sdspi/libesp_driver_sdspi.a  esp-idf/esp_driver_rmt/libesp_driver_rmt.a  esp-idf/esp_driver_tsens/libesp_driver_tsens.a  esp-idf/esp_driver_sdm/libesp_driver_sdm.a  esp-idf/esp_driver_i2c/libesp_driver_i2c.a  esp-idf/esp_driver_ledc/libesp_driver_ledc.a  esp-idf/esp_driver_twai/libesp_driver_twai.a  esp-idf/driver/libdriver.a  esp-idf/http_parser/libhttp_parser.a  esp-idf/esp-tls/libesp-tls.a  esp-idf/esp_adc/libesp_adc.a  esp-idf/tcp_transport/libtcp_transport.a  esp-idf/esp_http_client/libesp_http_client.a  esp-idf/esp_http_server/libesp_http_server.a  esp-idf/esp_https_ota/libesp_https_ota.a  esp-idf/mbedtls/mbedtls/library/libmbedtls.a  esp-idf/mbedtls/mbedtls/library/libmbedcrypto.a  esp-idf/mbedtls/mbedtls/library/libmbedx509.a  esp-idf/mbedtls/mbedtls/3rdparty/everest/libeverest.a  esp-idf/mbedtls/mbedtls/3rdparty/p256-m/libp256m.a  /home/tikhon/Документы/magnolia/esp-idf/components/esp_wifi/lib/esp32s3/libcore.a  /home/tikhon/Документы/magnolia/esp-idf/components/esp_wifi/lib/esp32s3/libespnow.a  /home/tikhon/Документы/magnolia/esp-idf/components/esp_wifi/lib/esp32s3/libmesh.a  /home/tikhon/Документы/magnolia/esp-idf/components/esp_wifi/lib/esp32s3/libnet80211.a  /home/tikhon/Документы/magnolia/esp-idf/components/esp_wifi/lib/esp32s3/libpp.a  /home/tikhon/Документы/magnolia/esp-idf/components/esp_wifi/lib/esp32s3/libsmartconfig.a  /home/tikhon/Документы/magnolia/esp-idf/components/esp_wifi/lib/esp32s3/libwapi.a  esp-idf/xtensa/libxtensa.a  esp-idf/esp_app_format/libesp_app_format.a  esp-idf/esp_bootloader_format/libesp_bootloader_format.a  esp-idf/app_update/libapp_update.a  esp-idf/esp_partition/libesp_partition.a  esp-idf/efuse/libefuse.a  esp-idf/esp_security/libesp_security.a  esp-idf/esp_driver_gpio/libesp_driver_gpio.a  esp-idf/esp_pm/libesp_pm.a  esp-idf/mbedtls/libmbedtls.a  esp-idf/bootloader_support/libbootloader_support.a  esp-idf/esp_mm/libesp_mm.a  esp-idf/spi_flash/libspi_flash.a  esp-idf/esp_system/libesp_system.a  esp-idf/esp_common/libesp_common.a  esp-idf/esp_rom/libesp_rom.a  esp-idf/hal/libhal.a  esp-idf/log/liblog.a  esp-idf/heap/libheap.a  esp-idf/soc/libsoc.a  esp-idf/esp_hw_support/libesp_hw_support.a  esp-idf/freertos/libfreertos.a  esp-idf/newlib/libnewlib.a  esp-idf/pthread/libpthread.a  esp-idf/cxx/libcxx.a  esp-idf/esp_timer/libesp_timer.a  esp-idf/esp_driver_gptimer/libesp_driver_gptimer.a  esp-idf/esp_ringbuf/libesp_ringbuf.a  esp-idf/esp_driver_uart/libesp_driver_uart.a  esp-idf/esp_event/libesp_event.a  esp-idf/nvs_flash/libnvs_flash.a  esp-idf/esp_phy/libesp_phy.a  esp-idf/esp_driver_usb_serial_jtag/libesp_driver_usb_serial_jtag.a  esp-idf/esp_vfs_console/libesp_vfs_console.a  esp-idf/vfs/libvfs.a  esp-idf/lwip/liblwip.a  esp-idf/esp_netif/libesp_netif.a  esp-idf/wpa_supplicant/libwpa_supplicant.a  esp-idf/esp_coex/libesp_coex.a  esp-idf/esp_wifi/libesp_wifi.a  esp-idf/esp_driver_spi/libesp_driver_spi.a  esp-idf/esp_gdbstub/libesp_gdbstub.a  esp-idf/esp_driver_pcnt/libesp_driver_pcnt.a  esp-idf/esp_driver_mcpwm/libesp_driver_mcpwm.a  esp-idf/esp_driver_i2s/libesp_driver_i2s.a  esp-idf/sdmmc/libsdmmc.a  esp-idf/esp_driver_sd_intf/libesp_driver_sd_intf.a  esp-idf/esp_driver_sdmmc/libesp_driver_sdmmc.a  esp-idf/esp_driver_sdspi/libesp_driver_sdspi.a  esp-idf/esp_driver_rmt/libesp_driver_rmt.a  esp-idf/esp_driver_tsens/libesp_driver_tsens.a  esp-idf/esp_driver_sdm/libesp_driver_sdm.a  esp-idf/esp_driver_i2c/libesp_driver_i2c.a  esp-idf/esp_driver_ledc/libesp_driver_ledc.a  esp-idf/esp_driver_twai/libesp_driver_twai.a  esp-idf/driver/libdriver.a  esp-idf/http_parser/libhttp_parser.a  esp-idf/esp-tls/libesp-tls.a  esp-idf/esp_adc/libesp_adc.a  esp-idf/tcp_transport/libtcp_transport.a  esp-idf/esp_http_client/libesp_http_client.a  esp-idf/esp_http_server/libesp_http_server.a  esp-idf/esp_https_ota/libesp_https_ota.a  esp-idf/mbedtls/mbedtls/library/libmbedtls.a  esp-idf/mbedtls/mbedtls/library/libmbedcrypto.a  esp-idf/mbedtls/mbedtls/library/libmbedx509.a  esp-idf/mbedtls/mbedtls/3rdparty/everest/libeverest.a  esp-idf/mbedtls/mbedtls/3rdparty/p256-m/libp256m.a  /home/tikhon/Документы/magnolia/esp-idf/components/esp_wifi/lib/esp32s3/libcore.a  /home/tikhon/Документы/magnolia/esp-idf/components/esp_wifi/lib/esp32s3/libespnow.a  /home/tikhon/Документы/magnolia/esp-idf/components/esp_wifi/lib/esp32s3/libmesh.a  /home/tikhon/Документы/magnolia/esp-idf/components/esp_wifi/lib/esp32s3/libnet80211.a  /home/tikhon/Документы/magnolia/esp-idf/components/esp_wifi/lib/esp32s3/libpp.a  /home/tikhon/Документы/magnolia/esp-idf/components/esp_wifi/lib/esp32s3/libsmartconfig.a  /home/tikhon/Документы/magnolia/esp-idf/components/esp_wifi/lib/esp32s3/libwapi.a  esp-idf/xtensa/libxtensa.a  esp-idf/esp_app_format/libesp_app_format.a  esp-idf/esp_bootloader_format/libesp_bootloader_format.a  esp-idf/app_update/libapp_update.a  esp-idf/esp_partition/libesp_partition.a  esp-idf/efuse/libefuse.a  esp-idf/esp_security/libesp_security.a  esp-idf/esp_driver_gpio/libesp_driver_gpio.a  esp-idf/esp_pm/libesp_pm.a  esp-idf/mbedtls/libmbedtls.a  esp-idf/bootloader_support/libbootloader_support.a  esp-idf/esp_mm/libesp_mm.a  esp-idf/spi_flash/libspi_flash.a  esp-idf/esp_system/libesp_system.a  esp-idf/esp_common/libesp_common.a  esp-idf/esp_rom/libesp_rom.a  esp-idf/hal/libhal.a  esp-idf/log/liblog.a  esp-idf/heap/libheap.a  esp-idf/soc/libsoc.a  esp-idf/esp_hw_support/libesp_hw_support.a  esp-idf/freertos/libfreertos.a  esp-idf/newlib/libnewlib.a  esp-idf/pthread/libpthread.a  esp-idf/cxx/libcxx.a  esp-idf/esp_timer/libesp_timer.a  esp-idf/esp_driver_gptimer/libesp_driver_gptimer.a  esp-idf/esp_ringbuf/libesp_ringbuf.a  esp-idf/esp_driver_uart/libesp_driver_uart.a  esp-idf/esp_event/libesp_event.a  esp-idf/nvs_flash/libnvs_flash.a  esp-idf/esp_phy/libesp_phy.a  esp-idf/esp_driver_usb_serial_jtag/libesp_driver_usb_serial_jtag.a  esp-idf/esp_vfs_console/libesp_vfs_console.a  esp-idf/vfs/libvfs.a  esp-idf/lwip/liblwip.a  esp-idf/esp_netif/libesp_netif.a  esp-idf/wpa_supplicant/libwpa_supplicant.a  esp-idf/esp_coex/libesp_coex.a  esp-idf/esp_wifi/libesp_wifi.a  esp-idf/esp_driver_spi/libesp_driver_spi.a  esp-idf/esp_gdbstub/libesp_gdbstub.a  esp-idf/esp_driver_pcnt/libesp_driver_pcnt.a  esp-idf/esp_driver_mcpwm/libesp_driver_mcpwm.a  esp-idf/esp_driver_i2s/libesp_driver_i2s.a  esp-idf/sdmmc/libsdmmc.a  esp-idf/esp_driver_sd_intf/libesp_driver_sd_intf.a  esp-idf/esp_driver_sdmmc/libesp_driver_sdmmc.a  esp-idf/esp_driver_sdspi/libesp_driver_sdspi.a  esp-idf/esp_driver_rmt/libesp_driver_rmt.a  esp-idf/esp_driver_tsens/libesp_driver_tsens.a  esp-idf/esp_driver_sdm/libesp_driver_sdm.a  esp-idf/esp_driver_i2c/libesp_driver_i2c.a  esp-idf/esp_driver_ledc/libesp_driver_ledc.a  esp-idf/esp_driver_twai/libesp_driver_twai.a  esp-idf/driver/libdriver.a  esp-idf/http_parser/libhttp_parser.a  esp-idf/esp-tls/libesp-tls.a  esp-idf/esp_adc/libesp_adc.a  esp-idf/tcp_transport/libtcp_transport.a  esp-idf/esp_http_client/libesp_http_client.a  esp-idf/esp_http_server/libesp_http_server.a  esp-idf/esp_https_ota/libesp_https_ota.a  esp-idf/mbedtls/mbedtls/library/libmbedtls.a  esp-idf/mbedtls/mbedtls/library/libmbedcrypto.a  esp-idf/mbedtls/mbedtls/library/libmbedx509.a  esp-idf/mbedtls/mbedtls/3rdparty/everest/libeverest.a  esp-idf/mbedtls/mbedtls/3rdparty/p256-m/libp256m.a  /home/tikhon/Документы/magnolia/esp-idf/components/esp_wifi/lib/esp32s3/libcore.a  /home/tikhon/Документы/magnolia/esp-idf/components/esp_wifi/lib/esp32s3/libespnow.a  /home/tikhon/Документы/magnolia/esp-idf/components/esp_wifi/lib/esp32s3/libmesh.a  /home/tikhon/Документы/magnolia/esp-idf/components/esp_wifi/lib/esp32s3/libnet80211.a  /home/tikhon/Документы/magnolia/esp-idf/components/esp_wifi/lib/esp32s3/libpp.a  /home/tikhon/Документы/magnolia/esp-idf/components/esp_wifi/lib/esp32s3/libsmartconfig.a  /home/tikhon/Документы/magnolia/esp-idf/components/esp_wifi/lib/esp32s3/libwapi.a  esp-idf/xtensa/libxtensa.a  esp-idf/esp_app_format/libesp_app_format.a  esp-idf/esp_bootloader_format/libesp_bootloader_format.a  esp-idf/app_update/libapp_update.a  esp-idf/esp_partition/libesp_partition.a  esp-idf/efuse/libefuse.a  esp-idf/esp_security/libesp_security.a  esp-idf/esp_driver_gpio/libesp_driver_gpio.a  esp-idf/esp_pm/libesp_pm.a  esp-idf/mbedtls/libmbedtls.a  esp-idf/bootloader_support/libbootloader_support.a  esp-idf/esp_mm/libesp_mm.a  esp-idf/spi_flash/libspi_flash.a  esp-idf/esp_system/libesp_system.a  esp-idf/esp_common/libesp_common.a  esp-idf/esp_rom/libesp_rom.a  esp-idf/hal/libhal.a  esp-idf/log/liblog.a  esp-idf/heap/libheap.a  esp-idf/soc/libsoc.a  esp-idf/esp_hw_support/libesp_hw_support.a  esp-idf/freertos/libfreertos.a  esp-idf/newlib/libnewlib.a  esp-idf/pthread/libpthread.a  esp-idf/cxx/libcxx.a  esp-idf/esp_timer/libesp_timer.a  esp-idf/esp_driver_gptimer/libesp_driver_gptimer.a  esp-idf/esp_ringbuf/libesp_ringbuf.a  esp-idf/esp_driver_uart/libesp_driver_uart.a  esp-idf/esp_event/libesp_event.a  esp-idf/nvs_flash/libnvs_flash.a  esp-idf/esp_phy/libesp_phy.a  esp-idf/esp_driver_usb_serial_jtag/libesp_driver_usb_serial_jtag.a  esp-idf/esp_vfs_console/libesp_vfs_console.a  esp-idf/vfs/libvfs.a  esp-idf/lwip/liblwip.a  esp-idf/esp_netif/libesp_netif.a  esp-idf/wpa_supplicant/libwpa_supplicant.a  esp-idf/esp_coex/libesp_coex.a  esp-idf/esp_wifi/libesp_wifi.a  esp-idf/esp_driver_spi/libesp_driver_spi.a  esp-idf/esp_gdbstub/libesp_gdbstub.a  esp-idf/esp_driver_pcnt/libesp_driver_pcnt.a  esp-idf/esp_driver_mcpwm/libesp_driver_mcpwm.a  esp-idf/esp_driver_i2s/libesp_driver_i2s.a  esp-idf/sdmmc/libsdmmc.a  esp-idf/esp_driver_sd_intf/libesp_driver_sd_intf.a  esp-idf/esp_driver_sdmmc/libesp_driver_sdmmc.a  esp-idf/esp_driver_sdspi/libesp_driver_sdspi.a  esp-idf/esp_driver_rmt/libesp_driver_rmt.a  esp-idf/esp_driver_tsens/libesp_driver_tsens.a  esp-idf/esp_driver_sdm/libesp_driver_sdm.a  esp-idf/esp_driver_i2c/libesp_driver_i2c.a  esp-idf/esp_driver_ledc/libesp_driver_ledc.a  esp-idf/esp_driver_twai/libesp_driver_twai.a  esp-idf/driver/libdriver.a  esp-idf/http_parser/libhttp_parser.a  esp-idf/esp-tls/libesp-tls.a  esp-idf/esp_adc/libesp_adc.a  esp-idf/tcp_transport/libtcp_transport.a  esp-idf/esp_http_client/libesp_http_client.a  esp-idf/esp_http_server/libesp_http_server.a  esp-idf/esp_https_ota/libesp_https_ota.a  esp-idf/mbedtls/mbedtls/library/libmbedtls.a  esp-idf/mbedtls/mbedtls/library/libmbedcrypto.a  esp-idf/mbedtls/mbedtls/library/libmbedx509.a  esp-idf/mbedtls/mbedtls/3rdparty/everest/libeverest.a  esp-idf/mbedtls/mbedtls/3rdparty/p256-m/libp256m.a  /home/tikhon/Документы/magnolia/esp-idf/components/esp_wifi/lib/esp32s3/libcore.a  /home/tikhon/Документы/magnolia/esp-idf/components/esp_wifi/lib/esp32s3/libespnow.a  /home/tikhon/Документы/magnolia/esp-idf/components/esp_wifi/lib/esp32s3/libmesh.a  /home/tikhon/Документы/magnolia/esp-idf/components/esp_wifi/lib/esp32s3/libnet80211.a  /home/tikhon/Документы/magnolia/esp-idf/components/esp_wifi/lib/esp32s3/libpp.a  /home/tikhon/Документы/magnolia/esp-idf/components/esp_wifi/lib/esp32s3/libsmartconfig.a  /home/tikhon/Документы/magnolia/esp-idf/components/esp_wifi/lib/esp32s3/libwapi.a  esp-idf/xtensa/libxtensa.a  esp-idf/esp_app_format/libesp_app_format.a  esp-idf/esp_bootloader_format/libesp_bootloader_format.a  esp-idf/app_update/libapp_update.a  esp-idf/esp_partition/libesp_partition.a  esp-idf/efuse/libefuse.a  esp-idf/esp_security/libesp_security.a  esp-idf/esp_driver_gpio/libesp_driver_gpio.a  esp-idf/esp_pm/libesp_pm.a  esp-idf/mbedtls/libmbedtls.a  esp-idf/bootloader_support/libbootloader_support.a  esp-idf/esp_mm/libesp_mm.a  esp-idf/spi_flash/libspi_flash.a  esp-idf/esp_system/libesp_system.a  esp-idf/esp_common/libesp_common.a  esp-idf/esp_rom/libesp_rom.a  esp-idf/hal/libhal.a  esp-idf/log/liblog.a  esp-idf/heap/libheap.a  esp-idf/soc/libsoc.a  esp-idf/esp_hw_support/libesp_hw_support.a  esp-idf/freertos/libfreertos.a  esp-idf/newlib/libnewlib.a  esp-idf/pthread/libpthread.a  esp-idf/cxx/libcxx.a  esp-idf/esp_timer/libesp_timer.a  esp-idf/esp_driver_gptimer/libesp_driver_gptimer.a  esp-idf/esp_ringbuf/libesp_ringbuf.a  esp-idf/esp_driver_uart/libesp_driver_uart.a  esp-idf/esp_event/libesp_event.a  esp-idf/nvs_flash/libnvs_flash.a  esp-idf/esp_phy/libesp_phy.a  esp-idf/esp_driver_usb_serial_jtag/libesp_driver_usb_serial_jtag.a  esp-idf/esp_vfs_console/libesp_vfs_console.a  esp-idf/vfs/libvfs.a  esp-idf/lwip/liblwip.a  esp-idf/esp_netif/libesp_netif.a  esp-idf/wpa_supplicant/libwpa_supplicant.a  esp-idf/esp_coex/libesp_coex.a  esp-idf/esp_wifi/libesp_wifi.a  esp-idf/esp_driver_spi/libesp_driver_spi.a  esp-idf/esp_gdbstub/libesp_gdbstub.a  esp-idf/esp_driver_pcnt/libesp_driver_pcnt.a  esp-idf/esp_driver_mcpwm/libesp_driver_mcpwm.a  esp-idf/esp_driver_i2s/libesp_driver_i2s.a  esp-idf/sdmmc/libsdmmc.a  esp-idf/esp_driver_sd_intf/libesp_driver_sd_intf.a  esp-idf/esp_driver_sdmmc/libesp_driver_sdmmc.a  esp-idf/esp_driver_sdspi/libesp_driver_sdspi.a  esp-idf/esp_driver_rmt/libesp_driver_rmt.a  esp-idf/esp_driver_tsens/libesp_driver_tsens.a  esp-idf/esp_driver_sdm/libesp_driver_sdm.a  esp-idf/esp_driver_i2c/libesp_driver_i2c.a  esp-idf/esp_driver_ledc/libesp_driver_ledc.a  esp-idf/esp_driver_twai/libesp_driver_twai.a  esp-idf/driver/libdriver.a  esp-idf/http_parser/libhttp_parser.a  esp-idf/esp-tls/libesp-tls.a  esp-idf/esp_adc/libesp_adc.a  esp-idf/tcp_transport/libtcp_transport.a  esp-idf/esp_http_client/libesp_http_client.a  esp-idf/esp_http_server/libesp_http_server.a  esp-idf/esp_https_ota/libesp_https_ota.a  esp-idf/mbedtls/mbedtls/library/libmbedtls.a  esp-idf/mbedtls/mbedtls/library/libmbedcrypto.a  esp-idf/mbedtls/mbedtls/library/libmbedx509.a  esp-idf/mbedtls/mbedtls/3rdparty/everest/libeverest.a  esp-idf/mbedtls/mbedtls/3rdparty/p256-m/libp256m.a  /home/tikhon/Документы/magnolia/esp-idf/components/esp_wifi/lib/esp32s3/libcore.a  /home/tikhon/Документы/magnolia/esp-idf/components/esp_wifi/lib/esp32s3/libespnow.a  /home/tikhon/Документы/magnolia/esp-idf/components/esp_wifi/lib/esp32s3/libmesh.a  /home/tikhon/Документы/magnolia/esp-idf/components/esp_wifi/lib/esp32s3/libnet80211.a  /home/tikhon/Документы/magnolia/esp-idf/components/esp_wifi/lib/esp32s3/libpp.a  /home/tikhon/Документы/magnolia/esp-idf/components/esp_wifi/lib/esp32s3/libsmartconfig.a  /home/tikhon/Документы/magnolia/esp-idf/components/esp_wifi/lib/esp32s3/libwapi.a  /home/tikhon/Документы/magnolia/esp-idf/components/xtensa/esp32s3/libxt_hal.a  -u esp_app_desc  -u esp_efuse_startup_include_func  -u esp_security_init_include_impl  -u ld_include_highint_hdl  -u start_app  -u start_app_other_cores  -u __ubsan_include  -u esp_system_include_startup_funcs  -Wl,--wrap=longjmp  -u __assert_func  -u esp_sleep_gpio_include  -Wl,--undefined=FreeRTOS_openocd_params  -u app_main  -lc  -lm  -u esp_libc_include_heap_impl  -u esp_libc_include_reent_syscalls_impl  -u esp_libc_include_syscalls_impl  -u esp_libc_include_pthread_impl  -u esp_libc_include_assert_impl  -u esp_libc_include_getentropy_impl  -u esp_libc_include_init_funcs  -u esp_libc_init_funcs  -u pthread_include_pthread_impl  -u pthread_include_pthread_cond_var_impl  -u pthread_include_pthread_local_storage_impl  -u pthread_include_pthread_rwlock_impl  -u pthread_include_pthread_semaphore_impl  -Wl,--wrap=__register_frame_info_bases  -Wl,--wrap=__register_frame_info  -Wl,--wrap=__register_frame  -Wl,--wrap=__register_frame_info_table_bases  -Wl,--wrap=__register_frame_info_table  -Wl,--wrap=__register_frame_table  -Wl,--wrap=__deregister_frame_info_bases  -Wl,--wrap=__deregister_frame_info  -Wl,--wrap=_Unwind_Find_FDE  -Wl,--wrap=_Unwind_GetGR  -Wl,--wrap=_Unwind_GetCFA  -Wl,--wrap=_Unwind_GetIP  -Wl,--wrap=_Unwind_GetIPInfo  -Wl,--wrap=_Unwind_GetRegionStart  -Wl,--wrap=_Unwind_GetDataRelBase  -Wl,--wrap=_Unwind_GetTextRelBase  -Wl,--wrap=_Unwind_SetIP  -Wl,--wrap=_Unwind_SetGR  -Wl,--wrap=_Unwind_GetLanguageSpecificData  -Wl,--wrap=_Unwind_FindEnclosingFunction  -Wl,--wrap=_Unwind_Resume  -Wl,--wrap=_Unwind_RaiseException  -Wl,--wrap=_Unwind_DeleteException  -Wl,--wrap=_Unwind_ForcedUnwind  -Wl,--wrap=_Unwind_Resume_or_Rethrow  -Wl,--wrap=_Unwind_Backtrace  -Wl,--wrap=__cxa_call_unexpected  -Wl,--wrap=__gxx_personality_v0  -Wl,--wrap=__cxa_throw  -Wl,--wrap=__cxa_allocate_exception  -lstdc++  esp-idf/pthread/libpthread.a  esp-idf/newlib/libnewlib.a  -u __cxa_guard_dummy  -u __cxx_init_dummy  -lgcc  esp-idf/cxx/libcxx.a  -u __cxx_fatal_exception  -u esp_timer_init_include_func  -u uart_vfs_include_dev_init  -u include_esp_phy_override  -lphy  -lbtbb  esp-idf/esp_phy/libesp_phy.a  -lphy  -lbtbb  esp-idf/esp_phy/libesp_phy.a  -lphy  -lbtbb  -u usb_serial_jtag_vfs_include_dev_init  -u usb_serial_jtag_connection_monitor_include  -u esp_vfs_include_console_register  -u vfs_include_syscalls_impl  -u esp_vfs_include_nullfs_register && :
/home/tikhon/.espressif/tools/xtensa-esp-elf/esp-15.1.0_20250607/xtensa-esp-elf/bin/../lib/gcc/xtensa-esp-elf/15.1.0/../../../../xtensa-esp-elf/bin/ld: esp-idf/freertos/libfreertos.a(app_startup.c.obj):(.literal.main_task+0x34): undefined reference to `app_main'
collect2: error: ld returned 1 exit status
ninja: build stopped: subcommand failed.
[245/1044] Building C object esp-idf/lwip/CMakeFiles/__idf_lwip.dir/lwip/src/core/ipv4/autoip.c.obj
[246/1044] Building C object esp-idf/lwip/CMakeFiles/__idf_lwip.dir/lwip/src/core/timeouts.c.obj
[247/1044] Building C object esp-idf/lwip/CMakeFiles/__idf_lwip.dir/lwip/src/core/ipv4/ip4_napt.c.obj
[248/1044] Linking C static library esp-idf/wpa_supplicant/libwpa_supplicant.a
[249/1044] Building C object esp-idf/lwip/CMakeFiles/__idf_lwip.dir/lwip/src/core/netif.c.obj
+ idf.py elf
[250/1044] Building C object esp-idf/lwip/CMakeFiles/__idf_lwip.dir/lwip/src/core/ipv4/ip4_addr.c.obj
[251/1044] Building C object esp-idf/lwip/CMakeFiles/__idf_lwip.dir/lwip/src/core/pbuf.c.obj
[252/1044] Building C object esp-idf/lwip/CMakeFiles/__idf_lwip.dir/lwip/src/core/ipv4/etharp.c.obj
[253/1044] Building C object esp-idf/lwip/CMakeFiles/__idf_lwip.dir/lwip/src/core/ipv4/ip4_frag.c.obj
[254/1044] Building C object esp-idf/lwip/CMakeFiles/__idf_lwip.dir/lwip/src/core/udp.c.obj
[255/1044] Building C object esp-idf/lwip/CMakeFiles/__idf_lwip.dir/lwip/src/core/ipv6/ethip6.c.obj
[256/1044] Building C object esp-idf/lwip/CMakeFiles/__idf_lwip.dir/lwip/src/core/tcp_out.c.obj
[257/1044] Building C object esp-idf/lwip/CMakeFiles/__idf_lwip.dir/lwip/src/core/ipv6/dhcp6.c.obj
[258/1044] Building C object esp-idf/lwip/CMakeFiles/__idf_lwip.dir/lwip/src/core/ipv4/icmp.c.obj
[259/1044] Building C object esp-idf/lwip/CMakeFiles/__idf_lwip.dir/lwip/src/core/tcp.c.obj
[260/1044] Building C object esp-idf/lwip/CMakeFiles/__idf_lwip.dir/lwip/src/core/ipv4/ip4.c.obj
[261/1044] Building C object esp-idf/lwip/CMakeFiles/__idf_lwip.dir/lwip/src/core/ipv6/inet6.c.obj
[262/1044] Building C object esp-idf/lwip/CMakeFiles/__idf_lwip.dir/lwip/src/core/ipv4/igmp.c.obj
[263/1044] Building C object esp-idf/lwip/CMakeFiles/__idf_lwip.dir/lwip/src/core/ipv6/icmp6.c.obj
[264/1044] Building C object esp-idf/lwip/CMakeFiles/__idf_lwip.dir/lwip/src/core/ipv6/ip6_frag.c.obj
[265/1044] Building C object esp-idf/lwip/CMakeFiles/__idf_lwip.dir/lwip/src/netif/bridgeif.c.obj
[266/1044] Building C object esp-idf/lwip/CMakeFiles/__idf_lwip.dir/lwip/src/netif/bridgeif_fdb.c.obj
[267/1044] Building C object esp-idf/lwip/CMakeFiles/__idf_lwip.dir/lwip/src/netif/slipif.c.obj
[268/1044] Building C object esp-idf/lwip/CMakeFiles/__idf_lwip.dir/lwip/src/netif/ppp/auth.c.obj
Command failed (2): idf.py build
Skipping failed applet build: rxxd
[269/1044] Building C object esp-idf/lwip/CMakeFiles/__idf_lwip.dir/lwip/src/netif/ethernet.c.obj
[270/1044] Building C object esp-idf/esp_netif/CMakeFiles/__idf_esp_netif.dir/lwip/esp_netif_lwip.c.obj
[271/1044] Building C object esp-idf/lwip/CMakeFiles/__idf_lwip.dir/lwip/src/netif/ppp/ccp.c.obj
[272/1044] Building C object esp-idf/lwip/CMakeFiles/__idf_lwip.dir/lwip/src/core/tcp_in.c.obj
[273/1044] Building C object esp-idf/lwip/CMakeFiles/__idf_lwip.dir/lwip/src/netif/ppp/demand.c.obj
[274/1044] Building C object esp-idf/lwip/CMakeFiles/__idf_lwip.dir/lwip/src/netif/ppp/chap-new.c.obj
[275/1044] Building C object esp-idf/lwip/CMakeFiles/__idf_lwip.dir/lwip/src/core/ipv4/dhcp.c.obj
[276/1044] Building C object esp-idf/lwip/CMakeFiles/__idf_lwip.dir/lwip/src/netif/ppp/chap-md5.c.obj
[277/1044] Building C object esp-idf/lwip/CMakeFiles/__idf_lwip.dir/lwip/src/netif/ppp/chap_ms.c.obj
[278/1044] Building C object esp-idf/lwip/CMakeFiles/__idf_lwip.dir/lwip/src/core/ipv6/mld6.c.obj
[279/1044] Building C object esp-idf/lwip/CMakeFiles/__idf_lwip.dir/lwip/src/netif/ppp/ecp.c.obj
[280/1044] Building C object esp-idf/lwip/CMakeFiles/__idf_lwip.dir/lwip/src/core/ipv6/ip6_addr.c.obj
[281/1044] Building C object esp-idf/lwip/CMakeFiles/__idf_lwip.dir/lwip/src/netif/ppp/eap.c.obj
[282/1044] Building C object esp-idf/lwip/CMakeFiles/__idf_lwip.dir/lwip/src/netif/ppp/ipv6cp.c.obj
[283/1044] Building C object esp-idf/lwip/CMakeFiles/__idf_lwip.dir/lwip/src/netif/ppp/fsm.c.obj
[284/1044] Building C object esp-idf/lwip/CMakeFiles/__idf_lwip.dir/lwip/src/core/ipv6/ip6.c.obj
[285/1044] Building C object esp-idf/lwip/CMakeFiles/__idf_lwip.dir/lwip/src/netif/ppp/ipcp.c.obj
[286/1044] Building C object esp-idf/lwip/CMakeFiles/__idf_lwip.dir/lwip/src/netif/ppp/multilink.c.obj
[287/1044] Building C object esp-idf/lwip/CMakeFiles/__idf_lwip.dir/lwip/src/netif/ppp/ppp.c.obj
[288/1044] Building C object esp-idf/lwip/CMakeFiles/__idf_lwip.dir/lwip/src/netif/ppp/eui64.c.obj
[289/1044] Building C object esp-idf/lwip/CMakeFiles/__idf_lwip.dir/lwip/src/api/sockets.c.obj
[290/1044] Building C object esp-idf/lwip/CMakeFiles/__idf_lwip.dir/lwip/src/netif/ppp/mppe.c.obj
[291/1044] Building C object esp-idf/lwip/CMakeFiles/__idf_lwip.dir/lwip/src/netif/ppp/pppoe.c.obj
[292/1044] Building C object esp-idf/lwip/CMakeFiles/__idf_lwip.dir/lwip/src/netif/ppp/magic.c.obj
[4/10] Performing build step for 'bootloader'
[1/123] Building C object esp-idf/log/CMakeFiles/__idf_log.dir/src/noos/log_lock.c.obj
[2/123] Building C object esp-idf/log/CMakeFiles/__idf_log.dir/src/noos/util.c.obj
[3/123] Building C object esp-idf/log/CMakeFiles/__idf_log.dir/src/util.c.obj
[4/123] Building C object esp-idf/esp_rom/CMakeFiles/__idf_esp_rom.dir/patches/esp_rom_crc.c.obj
[5/123] Building C object esp-idf/esp_rom/CMakeFiles/__idf_esp_rom.dir/patches/esp_rom_sys.c.obj
[6/123] Building ASM object esp-idf/esp_rom/CMakeFiles/__idf_esp_rom.dir/patches/esp_rom_longjmp.S.obj
[7/123] Building C object esp-idf/log/CMakeFiles/__idf_log.dir/src/log_timestamp_common.c.obj
[8/123] Building ASM object esp-idf/esp_rom/CMakeFiles/__idf_esp_rom.dir/patches/esp_rom_cache_writeback_esp32s3.S.obj
[9/123] Building C object esp-idf/log/CMakeFiles/__idf_log.dir/src/log.c.obj
[10/123] Building C object esp-idf/log/CMakeFiles/__idf_log.dir/src/noos/log_timestamp.c.obj
[11/123] Building C object esp-idf/log/CMakeFiles/__idf_log.dir/src/log_print.c.obj
[12/123] Building C object esp-idf/esp_rom/CMakeFiles/__idf_esp_rom.dir/patches/esp_rom_systimer.c.obj
[13/123] Building C object esp-idf/log/CMakeFiles/__idf_log.dir/src/log_format_text.c.obj
[14/123] Building C object esp-idf/esp_rom/CMakeFiles/__idf_esp_rom.dir/patches/esp_rom_gpio.c.obj
[15/123] Building C object esp-idf/esp_rom/CMakeFiles/__idf_esp_rom.dir/patches/esp_rom_efuse.c.obj
[16/123] Building C object esp-idf/esp_rom/CMakeFiles/__idf_esp_rom.dir/patches/esp_rom_serial_output.c.obj
[17/123] Building C object esp-idf/esp_rom/CMakeFiles/__idf_esp_rom.dir/patches/esp_rom_wdt.c.obj
[18/123] Building C object esp-idf/esp_hw_support/CMakeFiles/__idf_esp_hw_support.dir/port/esp32s3/esp_cpu_intr.c.obj
[19/123] Building C object esp-idf/esp_hw_support/CMakeFiles/__idf_esp_hw_support.dir/port/esp32s3/cpu_region_protect.c.obj
[20/123] Building C object esp-idf/log/CMakeFiles/__idf_log.dir/src/buffer/log_buffers.c.obj
[21/123] Building C object esp-idf/esp_rom/CMakeFiles/__idf_esp_rom.dir/patches/esp_rom_cache_esp32s2_esp32s3.c.obj
[22/123] Linking C static library esp-idf/log/liblog.a
[23/123] Building C object esp-idf/esp_rom/CMakeFiles/__idf_esp_rom.dir/patches/esp_rom_spiflash.c.obj
[24/123] Building C object esp-idf/efuse/CMakeFiles/__idf_efuse.dir/esp32s3/esp_efuse_rtc_calib.c.obj
[25/123] Building C object esp-idf/esp_hw_support/CMakeFiles/__idf_esp_hw_support.dir/esp_memory_utils.c.obj
[26/123] Building C object esp-idf/efuse/CMakeFiles/__idf_efuse.dir/esp32s3/esp_efuse_table.c.obj
[27/123] Building C object esp-idf/esp_common/CMakeFiles/__idf_esp_common.dir/src/esp_err_to_name.c.obj
[28/123] Building C object esp-idf/esp_system/CMakeFiles/__idf_esp_system.dir/esp_err.c.obj
[29/123] Building C object esp-idf/esp_hw_support/CMakeFiles/__idf_esp_hw_support.dir/port/esp32s3/chip_info.c.obj
[30/123] Building C object esp-idf/efuse/CMakeFiles/__idf_efuse.dir/esp32s3/esp_efuse_fields.c.obj
[31/123] Building C object esp-idf/esp_hw_support/CMakeFiles/__idf_esp_hw_support.dir/port/esp32s3/rtc_clk_init.c.obj
[32/123] Building C object esp-idf/esp_hw_support/CMakeFiles/__idf_esp_hw_support.dir/cpu.c.obj
[33/123] Building C object esp-idf/efuse/CMakeFiles/__idf_efuse.dir/src/esp_efuse_fields.c.obj
[34/123] Building C object esp-idf/esp_rom/CMakeFiles/__idf_esp_rom.dir/patches/esp_rom_print.c.obj
[35/123] Building C object esp-idf/bootloader_support/CMakeFiles/__idf_bootloader_support.dir/src/bootloader_efuse.c.obj
[36/123] Building C object esp-idf/efuse/CMakeFiles/__idf_efuse.dir/esp32s3/esp_efuse_utility.c.obj
[37/123] Building C object esp-idf/efuse/CMakeFiles/__idf_efuse.dir/src/efuse_controller/keys/with_key_purposes/esp_efuse_api_key.c.obj
[38/123] Building C object esp-idf/bootloader_support/CMakeFiles/__idf_bootloader_support.dir/src/bootloader_mem.c.obj
[39/123] Building C object esp-idf/bootloader_support/CMakeFiles/__idf_bootloader_support.dir/src/bootloader_clock_init.c.obj
[40/123] Linking C static library esp-idf/esp_rom/libesp_rom.a
[41/123] Building C object esp-idf/esp_hw_support/CMakeFiles/__idf_esp_hw_support.dir/port/esp32s3/rtc_sleep.c.obj
[42/123] Building C object esp-idf/bootloader_support/CMakeFiles/__idf_bootloader_support.dir/src/bootloader_random.c.obj
[43/123] Building C object esp-idf/bootloader_support/CMakeFiles/__idf_bootloader_support.dir/src/secure_boot.c.obj
[44/123] Linking C static library esp-idf/esp_common/libesp_common.a
[45/123] Building C object esp-idf/esp_hw_support/CMakeFiles/__idf_esp_hw_support.dir/port/esp32s3/rtc_init.c.obj
[46/123] Building C object esp-idf/efuse/CMakeFiles/__idf_efuse.dir/src/esp_efuse_api.c.obj
[47/123] Building C object esp-idf/esp_hw_support/CMakeFiles/__idf_esp_hw_support.dir/port/esp32s3/rtc_time.c.obj
[48/123] Building C object esp-idf/bootloader_support/CMakeFiles/__idf_bootloader_support.dir/src/bootloader_random_esp32s3.c.obj
[49/123] Building C object esp-idf/bootloader_support/CMakeFiles/__idf_bootloader_support.dir/src/bootloader_sha.c.obj
[50/123] Building C object esp-idf/bootloader_support/CMakeFiles/__idf_bootloader_support.dir/src/bootloader_clock_loader.c.obj
[51/123] Building C object esp-idf/bootloader_support/CMakeFiles/__idf_bootloader_support.dir/src/bootloader_common_loader.c.obj
[52/123] Building C object esp-idf/bootloader_support/CMakeFiles/__idf_bootloader_support.dir/src/flash_encrypt.c.obj
[53/123] Building C object esp-idf/efuse/CMakeFiles/__idf_efuse.dir/src/esp_efuse_utility.c.obj
[54/123] Building C object esp-idf/bootloader_support/CMakeFiles/__idf_bootloader_support.dir/src/flash_partitions.c.obj
[55/123] Building C object esp-idf/esp_bootloader_format/CMakeFiles/__idf_esp_bootloader_format.dir/esp_bootloader_desc.c.obj
[56/123] Building C object esp-idf/bootloader_support/CMakeFiles/__idf_bootloader_support.dir/src/bootloader_console_loader.c.obj
[57/123] Building C object esp-idf/bootloader_support/CMakeFiles/__idf_bootloader_support.dir/src/esp32s3/bootloader_soc.c.obj
[58/123] Building C object esp-idf/bootloader_support/CMakeFiles/__idf_bootloader_support.dir/bootloader_flash/src/bootloader_flash_config_esp32s3.c.obj
[59/123] Building C object esp-idf/esp_hw_support/CMakeFiles/__idf_esp_hw_support.dir/port/esp32s3/rtc_clk.c.obj
[60/123] Building C object esp-idf/hal/CMakeFiles/__idf_hal.dir/mpu_hal.c.obj
[61/123] Building C object esp-idf/bootloader_support/CMakeFiles/__idf_bootloader_support.dir/bootloader_flash/src/flash_qio_mode.c.obj
[62/123] Building C object esp-idf/bootloader_support/CMakeFiles/__idf_bootloader_support.dir/src/bootloader_common.c.obj
[63/123] Building C object esp-idf/hal/CMakeFiles/__idf_hal.dir/hal_utils.c.obj
[64/123] Building C object esp-idf/hal/CMakeFiles/__idf_hal.dir/esp32s3/efuse_hal.c.obj
[65/123] Building C object esp-idf/bootloader_support/CMakeFiles/__idf_bootloader_support.dir/src/bootloader_panic.c.obj
[66/123] Building C object esp-idf/bootloader_support/CMakeFiles/__idf_bootloader_support.dir/src/bootloader_console.c.obj
[67/123] Building C object esp-idf/soc/CMakeFiles/__idf_soc.dir/esp32s3/interrupts.c.obj
[68/123] Building C object esp-idf/spi_flash/CMakeFiles/__idf_spi_flash.dir/spi_flash_wrap.c.obj
[69/123] Building C object esp-idf/soc/CMakeFiles/__idf_soc.dir/dport_access_common.c.obj
[70/123] Building C object esp-idf/soc/CMakeFiles/__idf_soc.dir/lldesc.c.obj
[71/123] Linking C static library esp-idf/esp_hw_support/libesp_hw_support.a
[72/123] Building C object esp-idf/hal/CMakeFiles/__idf_hal.dir/efuse_hal.c.obj
[73/123] Building C object esp-idf/soc/CMakeFiles/__idf_soc.dir/esp32s3/uart_periph.c.obj
[74/123] Building C object esp-idf/soc/CMakeFiles/__idf_soc.dir/esp32s3/pcnt_periph.c.obj
[75/123] Building C object esp-idf/bootloader_support/CMakeFiles/__idf_bootloader_support.dir/src/bootloader_init.c.obj
[76/123] Linking C static library esp-idf/esp_system/libesp_system.a
[77/123] Building C object esp-idf/soc/CMakeFiles/__idf_soc.dir/esp32s3/gdma_periph.c.obj
[78/123] Building C object esp-idf/soc/CMakeFiles/__idf_soc.dir/esp32s3/spi_periph.c.obj
[79/123] Building C object esp-idf/hal/CMakeFiles/__idf_hal.dir/cache_hal.c.obj
[80/123] Building C object esp-idf/soc/CMakeFiles/__idf_soc.dir/esp32s3/adc_periph.c.obj
[81/123] Building C object esp-idf/soc/CMakeFiles/__idf_soc.dir/esp32s3/dedic_gpio_periph.c.obj
[82/123] Building C object esp-idf/soc/CMakeFiles/__idf_soc.dir/esp32s3/ledc_periph.c.obj
[83/123] Building C object esp-idf/soc/CMakeFiles/__idf_soc.dir/esp32s3/rmt_periph.c.obj
[84/123] Building C object esp-idf/bootloader_support/CMakeFiles/__idf_bootloader_support.dir/src/esp32s3/bootloader_esp32s3.c.obj
[85/123] Building C object esp-idf/hal/CMakeFiles/__idf_hal.dir/mmu_hal.c.obj
[86/123] Building C object esp-idf/soc/CMakeFiles/__idf_soc.dir/esp32s3/gpio_periph.c.obj
[87/123] Building C object esp-idf/soc/CMakeFiles/__idf_soc.dir/esp32s3/i2s_periph.c.obj
[88/123] Building C object esp-idf/soc/CMakeFiles/__idf_soc.dir/esp32s3/sdm_periph.c.obj
[89/123] Linking C static library esp-idf/efuse/libefuse.a
[90/123] Building C object esp-idf/soc/CMakeFiles/__idf_soc.dir/esp32s3/temperature_sensor_periph.c.obj
[91/123] Building C object esp-idf/soc/CMakeFiles/__idf_soc.dir/esp32s3/twai_periph.c.obj
[92/123] Building C object esp-idf/soc/CMakeFiles/__idf_soc.dir/esp32s3/lcd_periph.c.obj
[93/123] Building C object esp-idf/soc/CMakeFiles/__idf_soc.dir/esp32s3/timer_periph.c.obj
[94/123] Building C object esp-idf/bootloader_support/CMakeFiles/__idf_bootloader_support.dir/src/bootloader_utility.c.obj
[293/1044] Building C object esp-idf/lwip/CMakeFiles/__idf_lwip.dir/lwip/src/netif/ppp/pppol2tp.c.obj
[95/123] Building C object esp-idf/soc/CMakeFiles/__idf_soc.dir/esp32s3/mcpwm_periph.c.obj
[96/123] Building C object esp-idf/soc/CMakeFiles/__idf_soc.dir/esp32s3/usb_dwc_periph.c.obj
[97/123] Building C object esp-idf/soc/CMakeFiles/__idf_soc.dir/esp32s3/touch_sensor_periph.c.obj
[98/123] Building C object esp-idf/soc/CMakeFiles/__idf_soc.dir/esp32s3/power_supply_periph.c.obj
[99/123] Building C object esp-idf/soc/CMakeFiles/__idf_soc.dir/esp32s3/i2c_periph.c.obj
[100/123] Generating project_elf_src_esp32s3.c
[101/123] Building C object esp-idf/xtensa/CMakeFiles/__idf_xtensa.dir/eri.c.obj
[102/123] Building C object esp-idf/soc/CMakeFiles/__idf_soc.dir/esp32s3/cam_periph.c.obj
[103/123] Building C object esp-idf/soc/CMakeFiles/__idf_soc.dir/esp32s3/mpi_periph.c.obj
[104/123] Building C object esp-idf/soc/CMakeFiles/__idf_soc.dir/esp32s3/wdt_periph.c.obj
[105/123] Building C object esp-idf/soc/CMakeFiles/__idf_soc.dir/esp32s3/rtc_io_periph.c.obj
[106/123] Building C object CMakeFiles/bootloader.elf.dir/project_elf_src_esp32s3.c.obj
[107/123] Building C object esp-idf/soc/CMakeFiles/__idf_soc.dir/esp32s3/sdmmc_periph.c.obj
[108/123] Building C object esp-idf/xtensa/CMakeFiles/__idf_xtensa.dir/xt_trax.c.obj
[109/123] Building C object esp-idf/bootloader_support/CMakeFiles/__idf_bootloader_support.dir/bootloader_flash/src/bootloader_flash.c.obj
[110/123] Building C object esp-idf/main/CMakeFiles/__idf_main.dir/bootloader_start.c.obj
[111/123] Building C object esp-idf/bootloader_support/CMakeFiles/__idf_bootloader_support.dir/src/esp_image_format.c.obj
[112/123] Linking C static library esp-idf/bootloader_support/libbootloader_support.a
[113/123] Linking C static library esp-idf/esp_bootloader_format/libesp_bootloader_format.a
[114/123] Linking C static library esp-idf/spi_flash/libspi_flash.a
[115/123] Linking C static library esp-idf/hal/libhal.a
[116/123] Building C object esp-idf/micro-ecc/CMakeFiles/__idf_micro-ecc.dir/uECC_verify_antifault.c.obj
[117/123] Linking C static library esp-idf/micro-ecc/libmicro-ecc.a
[118/123] Linking C static library esp-idf/soc/libsoc.a
[119/123] Linking C static library esp-idf/xtensa/libxtensa.a
[120/123] Linking C static library esp-idf/main/libmain.a
[121/123] Linking C executable bootloader.elf
[122/123] Generating binary image from built executable
Warning: Deprecated: Option '--flash_mode' is deprecated. Use '--flash-mode' instead.
Warning: Deprecated: Option '--flash_freq' is deprecated. Use '--flash-freq' instead.
Warning: Deprecated: Option '--flash_size' is deprecated. Use '--flash-size' instead.
esptool v5.2.dev1
Creating ESP32S3 image...
Merged 2 ELF sections.
Successfully created ESP32S3 image.
Generated /home/tikhon/Документы/magnolia/applets/rust/rselftest/build/bootloader/bootloader.bin
[123/123] cd /home/tikhon/Документы/magnolia/applets/rust/rselftest/build/bootloader && /home/tikhon/.espressif/python_env/idf6.0_py3.12_env/bin/python /home/tikhon/Документы/magnolia/esp-idf/components/partition_table/check_sizes.py --offset 0x8000 bootloader 0x0 /home/tikhon/Документы/magnolia/applets/rust/rselftest/build/bootloader/bootloader.bin
Bootloader binary size 0x5320 bytes. 0x2ce0 bytes (35%) free.
ninja: build stopped: subcommand failed.
[294/1044] Building C object esp-idf/lwip/CMakeFiles/__idf_lwip.dir/lwip/src/netif/ppp/pppcrypt.c.obj
-- Generating done (0.9s)
[295/1044] Building C object esp-idf/lwip/CMakeFiles/__idf_lwip.dir/lwip/src/netif/ppp/pppapi.c.obj
[296/1044] Building C object esp-idf/lwip/CMakeFiles/__idf_lwip.dir/lwip/src/netif/ppp/lcp.c.obj
[4/10] Performing build step for 'bootloader'
[1/123] Building C object esp-idf/log/CMakeFiles/__idf_log.dir/src/noos/util.c.obj
[2/123] Building C object esp-idf/log/CMakeFiles/__idf_log.dir/src/util.c.obj
[3/123] Building C object esp-idf/esp_rom/CMakeFiles/__idf_esp_rom.dir/patches/esp_rom_crc.c.obj
[4/123] Building C object esp-idf/log/CMakeFiles/__idf_log.dir/src/noos/log_timestamp.c.obj
[5/123] Building C object esp-idf/log/CMakeFiles/__idf_log.dir/src/log_timestamp_common.c.obj
[6/123] Building ASM object esp-idf/esp_rom/CMakeFiles/__idf_esp_rom.dir/patches/esp_rom_longjmp.S.obj
[7/123] Building C object esp-idf/log/CMakeFiles/__idf_log.dir/src/log_print.c.obj
[8/123] Building C object esp-idf/log/CMakeFiles/__idf_log.dir/src/noos/log_lock.c.obj
[9/123] Building C object esp-idf/log/CMakeFiles/__idf_log.dir/src/log_format_text.c.obj
[10/123] Building C object esp-idf/esp_rom/CMakeFiles/__idf_esp_rom.dir/patches/esp_rom_efuse.c.obj
[11/123] Building ASM object esp-idf/esp_rom/CMakeFiles/__idf_esp_rom.dir/patches/esp_rom_cache_writeback_esp32s3.S.obj
[12/123] Building C object esp-idf/esp_rom/CMakeFiles/__idf_esp_rom.dir/patches/esp_rom_serial_output.c.obj
[13/123] Building C object esp-idf/esp_rom/CMakeFiles/__idf_esp_rom.dir/patches/esp_rom_systimer.c.obj
[14/123] Building C object esp-idf/log/CMakeFiles/__idf_log.dir/src/log.c.obj
[15/123] Building C object esp-idf/esp_rom/CMakeFiles/__idf_esp_rom.dir/patches/esp_rom_sys.c.obj
[16/123] Building C object esp-idf/esp_rom/CMakeFiles/__idf_esp_rom.dir/patches/esp_rom_spiflash.c.obj
[17/123] Building C object esp-idf/esp_rom/CMakeFiles/__idf_esp_rom.dir/patches/esp_rom_gpio.c.obj
[18/123] Building C object esp-idf/log/CMakeFiles/__idf_log.dir/src/buffer/log_buffers.c.obj
[19/123] Building C object esp-idf/esp_rom/CMakeFiles/__idf_esp_rom.dir/patches/esp_rom_cache_esp32s2_esp32s3.c.obj
[20/123] Building C object esp-idf/esp_common/CMakeFiles/__idf_esp_common.dir/src/esp_err_to_name.c.obj
[21/123] Building C object esp-idf/esp_rom/CMakeFiles/__idf_esp_rom.dir/patches/esp_rom_wdt.c.obj
[22/123] Building C object esp-idf/esp_hw_support/CMakeFiles/__idf_esp_hw_support.dir/port/esp32s3/esp_cpu_intr.c.obj
[23/123] Building C object esp-idf/esp_hw_support/CMakeFiles/__idf_esp_hw_support.dir/port/esp32s3/cpu_region_protect.c.obj
[24/123] Building C object esp-idf/esp_hw_support/CMakeFiles/__idf_esp_hw_support.dir/port/esp32s3/rtc_clk_init.c.obj
[25/123] Building C object esp-idf/esp_hw_support/CMakeFiles/__idf_esp_hw_support.dir/port/esp32s3/chip_info.c.obj
[26/123] Linking C static library esp-idf/log/liblog.a
[27/123] Building C object esp-idf/esp_hw_support/CMakeFiles/__idf_esp_hw_support.dir/esp_memory_utils.c.obj
[28/123] Building C object esp-idf/esp_hw_support/CMakeFiles/__idf_esp_hw_support.dir/cpu.c.obj
[29/123] Building C object esp-idf/efuse/CMakeFiles/__idf_efuse.dir/esp32s3/esp_efuse_fields.c.obj
[30/123] Building C object esp-idf/esp_system/CMakeFiles/__idf_esp_system.dir/esp_err.c.obj
[31/123] Building C object esp-idf/efuse/CMakeFiles/__idf_efuse.dir/esp32s3/esp_efuse_table.c.obj
[32/123] Building C object esp-idf/bootloader_support/CMakeFiles/__idf_bootloader_support.dir/src/bootloader_clock_init.c.obj
[33/123] Building C object esp-idf/efuse/CMakeFiles/__idf_efuse.dir/src/esp_efuse_fields.c.obj
[34/123] Building C object esp-idf/efuse/CMakeFiles/__idf_efuse.dir/esp32s3/esp_efuse_rtc_calib.c.obj
[35/123] Building C object esp-idf/esp_rom/CMakeFiles/__idf_esp_rom.dir/patches/esp_rom_print.c.obj
[36/123] Building C object esp-idf/bootloader_support/CMakeFiles/__idf_bootloader_support.dir/src/bootloader_mem.c.obj
[37/123] Building C object esp-idf/bootloader_support/CMakeFiles/__idf_bootloader_support.dir/src/bootloader_random.c.obj
[38/123] Building C object esp-idf/efuse/CMakeFiles/__idf_efuse.dir/esp32s3/esp_efuse_utility.c.obj
[39/123] Building C object esp-idf/bootloader_support/CMakeFiles/__idf_bootloader_support.dir/src/bootloader_efuse.c.obj
[40/123] Building C object esp-idf/esp_hw_support/CMakeFiles/__idf_esp_hw_support.dir/port/esp32s3/rtc_time.c.obj
[41/123] Building C object esp-idf/bootloader_support/CMakeFiles/__idf_bootloader_support.dir/src/secure_boot.c.obj
[42/123] Linking C static library esp-idf/esp_rom/libesp_rom.a
[43/123] Building C object esp-idf/esp_hw_support/CMakeFiles/__idf_esp_hw_support.dir/port/esp32s3/rtc_sleep.c.obj
[44/123] Linking C static library esp-idf/esp_common/libesp_common.a
[45/123] Building C object esp-idf/efuse/CMakeFiles/__idf_efuse.dir/src/esp_efuse_api.c.obj
[46/123] Building C object esp-idf/efuse/CMakeFiles/__idf_efuse.dir/src/esp_efuse_utility.c.obj
[47/123] Building C object esp-idf/bootloader_support/CMakeFiles/__idf_bootloader_support.dir/src/bootloader_clock_loader.c.obj
[48/123] Building C object esp-idf/esp_hw_support/CMakeFiles/__idf_esp_hw_support.dir/port/esp32s3/rtc_clk.c.obj
[49/123] Building C object esp-idf/esp_hw_support/CMakeFiles/__idf_esp_hw_support.dir/port/esp32s3/rtc_init.c.obj
[50/123] Building C object esp-idf/efuse/CMakeFiles/__idf_efuse.dir/src/efuse_controller/keys/with_key_purposes/esp_efuse_api_key.c.obj
[51/123] Building C object esp-idf/bootloader_support/CMakeFiles/__idf_bootloader_support.dir/src/flash_partitions.c.obj
[52/123] Building C object esp-idf/bootloader_support/CMakeFiles/__idf_bootloader_support.dir/src/bootloader_sha.c.obj
[53/123] Building C object esp-idf/bootloader_support/CMakeFiles/__idf_bootloader_support.dir/src/flash_encrypt.c.obj
[54/123] Building C object esp-idf/bootloader_support/CMakeFiles/__idf_bootloader_support.dir/src/bootloader_common.c.obj
[55/123] Building C object esp-idf/bootloader_support/CMakeFiles/__idf_bootloader_support.dir/src/bootloader_console_loader.c.obj
[56/123] Building C object esp-idf/bootloader_support/CMakeFiles/__idf_bootloader_support.dir/src/esp32s3/bootloader_soc.c.obj
[57/123] Building C object esp-idf/bootloader_support/CMakeFiles/__idf_bootloader_support.dir/bootloader_flash/src/flash_qio_mode.c.obj
[58/123] Linking C static library esp-idf/esp_hw_support/libesp_hw_support.a
[59/123] Building C object esp-idf/esp_bootloader_format/CMakeFiles/__idf_esp_bootloader_format.dir/esp_bootloader_desc.c.obj
[60/123] Building C object esp-idf/bootloader_support/CMakeFiles/__idf_bootloader_support.dir/src/bootloader_common_loader.c.obj
[61/123] Building C object esp-idf/bootloader_support/CMakeFiles/__idf_bootloader_support.dir/src/bootloader_console.c.obj
[62/123] Building C object esp-idf/bootloader_support/CMakeFiles/__idf_bootloader_support.dir/src/bootloader_random_esp32s3.c.obj
[63/123] Linking C static library esp-idf/esp_system/libesp_system.a
[64/123] Building C object esp-idf/hal/CMakeFiles/__idf_hal.dir/mpu_hal.c.obj
[65/123] Building C object esp-idf/bootloader_support/CMakeFiles/__idf_bootloader_support.dir/src/bootloader_panic.c.obj
[66/123] Building C object esp-idf/soc/CMakeFiles/__idf_soc.dir/esp32s3/interrupts.c.obj
[67/123] Building C object esp-idf/bootloader_support/CMakeFiles/__idf_bootloader_support.dir/bootloader_flash/src/bootloader_flash_config_esp32s3.c.obj
[68/123] Building C object esp-idf/soc/CMakeFiles/__idf_soc.dir/dport_access_common.c.obj
[69/123] Linking C static library esp-idf/efuse/libefuse.a
[70/123] Building C object esp-idf/hal/CMakeFiles/__idf_hal.dir/efuse_hal.c.obj
[71/123] Building C object esp-idf/soc/CMakeFiles/__idf_soc.dir/esp32s3/dedic_gpio_periph.c.obj
[72/123] Building C object esp-idf/soc/CMakeFiles/__idf_soc.dir/lldesc.c.obj
[73/123] Building C object esp-idf/soc/CMakeFiles/__idf_soc.dir/esp32s3/uart_periph.c.obj
[74/123] Building C object esp-idf/soc/CMakeFiles/__idf_soc.dir/esp32s3/gdma_periph.c.obj
[75/123] Building C object esp-idf/hal/CMakeFiles/__idf_hal.dir/hal_utils.c.obj
[76/123] Building C object esp-idf/soc/CMakeFiles/__idf_soc.dir/esp32s3/ledc_periph.c.obj
[77/123] Building C object esp-idf/soc/CMakeFiles/__idf_soc.dir/esp32s3/adc_periph.c.obj
[78/123] Building C object esp-idf/hal/CMakeFiles/__idf_hal.dir/esp32s3/efuse_hal.c.obj
[79/123] Building C object esp-idf/soc/CMakeFiles/__idf_soc.dir/esp32s3/spi_periph.c.obj
[80/123] Building C object esp-idf/soc/CMakeFiles/__idf_soc.dir/esp32s3/pcnt_periph.c.obj
[81/123] Building C object esp-idf/bootloader_support/CMakeFiles/__idf_bootloader_support.dir/src/bootloader_init.c.obj
[82/123] Building C object esp-idf/spi_flash/CMakeFiles/__idf_spi_flash.dir/spi_flash_wrap.c.obj
[83/123] Building C object esp-idf/soc/CMakeFiles/__idf_soc.dir/esp32s3/gpio_periph.c.obj
[84/123] Building C object esp-idf/bootloader_support/CMakeFiles/__idf_bootloader_support.dir/bootloader_flash/src/bootloader_flash.c.obj
[85/123] Building C object esp-idf/soc/CMakeFiles/__idf_soc.dir/esp32s3/i2s_periph.c.obj
[86/123] Building C object esp-idf/soc/CMakeFiles/__idf_soc.dir/esp32s3/rmt_periph.c.obj
[87/123] Building C object esp-idf/soc/CMakeFiles/__idf_soc.dir/esp32s3/temperature_sensor_periph.c.obj
[88/123] Building C object esp-idf/soc/CMakeFiles/__idf_soc.dir/esp32s3/mcpwm_periph.c.obj
[89/123] Building C object esp-idf/soc/CMakeFiles/__idf_soc.dir/esp32s3/mpi_periph.c.obj
[90/123] Building C object esp-idf/soc/CMakeFiles/__idf_soc.dir/esp32s3/sdm_periph.c.obj
[91/123] Building C object esp-idf/soc/CMakeFiles/__idf_soc.dir/esp32s3/i2c_periph.c.obj
[92/123] Building C object esp-idf/soc/CMakeFiles/__idf_soc.dir/esp32s3/lcd_periph.c.obj
[297/1044] Building C object esp-idf/lwip/CMakeFiles/__idf_lwip.dir/lwip/src/netif/ppp/upap.c.obj
[93/123] Building C object esp-idf/soc/CMakeFiles/__idf_soc.dir/esp32s3/sdmmc_periph.c.obj
[94/123] Building C object esp-idf/hal/CMakeFiles/__idf_hal.dir/mmu_hal.c.obj
[95/123] Building C object esp-idf/hal/CMakeFiles/__idf_hal.dir/cache_hal.c.obj
[96/123] Building C object esp-idf/soc/CMakeFiles/__idf_soc.dir/esp32s3/timer_periph.c.obj
[97/123] Building C object esp-idf/soc/CMakeFiles/__idf_soc.dir/esp32s3/touch_sensor_periph.c.obj
[98/123] Building C object esp-idf/soc/CMakeFiles/__idf_soc.dir/esp32s3/wdt_periph.c.obj
[99/123] Building C object esp-idf/soc/CMakeFiles/__idf_soc.dir/esp32s3/cam_periph.c.obj
[100/123] Building C object esp-idf/bootloader_support/CMakeFiles/__idf_bootloader_support.dir/src/esp32s3/bootloader_esp32s3.c.obj
[101/123] Building C object esp-idf/soc/CMakeFiles/__idf_soc.dir/esp32s3/twai_periph.c.obj
[102/123] Building C object esp-idf/soc/CMakeFiles/__idf_soc.dir/esp32s3/usb_dwc_periph.c.obj
[103/123] Building C object esp-idf/soc/CMakeFiles/__idf_soc.dir/esp32s3/rtc_io_periph.c.obj
[104/123] Generating project_elf_src_esp32s3.c
[105/123] Building C object esp-idf/xtensa/CMakeFiles/__idf_xtensa.dir/eri.c.obj
[106/123] Building C object esp-idf/soc/CMakeFiles/__idf_soc.dir/esp32s3/power_supply_periph.c.obj
[107/123] Building C object esp-idf/xtensa/CMakeFiles/__idf_xtensa.dir/xt_trax.c.obj
[108/123] Building C object CMakeFiles/bootloader.elf.dir/project_elf_src_esp32s3.c.obj
[109/123] Building C object esp-idf/main/CMakeFiles/__idf_main.dir/bootloader_start.c.obj
[110/123] Building C object esp-idf/bootloader_support/CMakeFiles/__idf_bootloader_support.dir/src/esp_image_format.c.obj
[111/123] Building C object esp-idf/bootloader_support/CMakeFiles/__idf_bootloader_support.dir/src/bootloader_utility.c.obj
[112/123] Linking C static library esp-idf/bootloader_support/libbootloader_support.a
[113/123] Linking C static library esp-idf/esp_bootloader_format/libesp_bootloader_format.a
[114/123] Linking C static library esp-idf/spi_flash/libspi_flash.a
[115/123] Linking C static library esp-idf/hal/libhal.a
[116/123] Building C object esp-idf/micro-ecc/CMakeFiles/__idf_micro-ecc.dir/uECC_verify_antifault.c.obj
[117/123] Linking C static library esp-idf/micro-ecc/libmicro-ecc.a
[118/123] Linking C static library esp-idf/soc/libsoc.a
[119/123] Linking C static library esp-idf/xtensa/libxtensa.a
[120/123] Linking C static library esp-idf/main/libmain.a
[121/123] Linking C executable bootloader.elf
[122/123] Generating binary image from built executable
Warning: Deprecated: Option '--flash_mode' is deprecated. Use '--flash-mode' instead.
Warning: Deprecated: Option '--flash_freq' is deprecated. Use '--flash-freq' instead.
Warning: Deprecated: Option '--flash_size' is deprecated. Use '--flash-size' instead.
esptool v5.2.dev1
Creating ESP32S3 image...
Merged 2 ELF sections.
Successfully created ESP32S3 image.
Generated /home/tikhon/Документы/magnolia/applets/rust/rusthello/build/bootloader/bootloader.bin
[123/123] cd /home/tikhon/Документы/magnolia/applets/rust/rusthello/build/bootloader && /home/tikhon/.espressif/python_env/idf6.0_py3.12_env/bin/python /home/tikhon/Документы/magnolia/esp-idf/components/partition_table/check_sizes.py --offset 0x8000 bootloader 0x0 /home/tikhon/Документы/magnolia/applets/rust/rusthello/build/bootloader/bootloader.bin
Bootloader binary size 0x5320 bytes. 0x2ce0 bytes (35%) free.
ninja: build stopped: subcommand failed.
[298/1044] Building C object esp-idf/lwip/CMakeFiles/__idf_lwip.dir/lwip/src/netif/ppp/pppos.c.obj
[299/1044] Building C object esp-idf/lwip/CMakeFiles/__idf_lwip.dir/lwip/src/netif/ppp/vj.c.obj
[300/1044] Building C object esp-idf/lwip/CMakeFiles/__idf_lwip.dir/port/hooks/tcp_isn_default.c.obj
[301/1044] Building C object esp-idf/lwip/CMakeFiles/__idf_lwip.dir/lwip/src/netif/ppp/utils.c.obj
[302/1044] Building C object esp-idf/lwip/CMakeFiles/__idf_lwip.dir/port/if_index.c.obj
[303/1044] Building C object esp-idf/lwip/CMakeFiles/__idf_lwip.dir/apps/ping/ping.c.obj
[304/1044] Building C object esp-idf/lwip/CMakeFiles/__idf_lwip.dir/port/hooks/lwip_default_hooks.c.obj
[305/1044] Building C object esp-idf/lwip/CMakeFiles/__idf_lwip.dir/lwip/src/netif/ppp/polarssl/des.c.obj
[306/1044] Linking C static library esp-idf/esp_netif/libesp_netif.a
-- Build files have been written to: /home/tikhon/Документы/magnolia/applets/mainline/rev/build
[307/1044] Building C object esp-idf/lwip/CMakeFiles/__idf_lwip.dir/lwip/src/core/ipv6/nd6.c.obj
[308/1044] Building C object esp-idf/lwip/CMakeFiles/__idf_lwip.dir/port/sockets_ext.c.obj
[309/1044] Building C object esp-idf/lwip/CMakeFiles/__idf_lwip.dir/port/esp32xx/vfs_lwip.c.obj
[310/1044] Building C object esp-idf/lwip/CMakeFiles/__idf_lwip.dir/port/debug/lwip_debug.c.obj
[311/1044] Building C object esp-idf/lwip/CMakeFiles/__idf_lwip.dir/port/acd_dhcp_check.c.obj
[312/1044] Building C object esp-idf/lwip/CMakeFiles/__idf_lwip.dir/lwip/src/netif/ppp/polarssl/sha1.c.obj
[313/1044] Building C object esp-idf/lwip/CMakeFiles/__idf_lwip.dir/port/freertos/sys_arch.c.obj
[314/1044] Building C object esp-idf/lwip/CMakeFiles/__idf_lwip.dir/lwip/src/netif/ppp/polarssl/md5.c.obj
[315/1044] Building C object esp-idf/lwip/CMakeFiles/__idf_lwip.dir/apps/ping/esp_ping.c.obj
[316/1044] Building C object esp-idf/lwip/CMakeFiles/__idf_lwip.dir/lwip/src/netif/ppp/polarssl/arc4.c.obj
[317/1044] Building C object esp-idf/lwip/CMakeFiles/__idf_lwip.dir/lwip/src/netif/ppp/polarssl/md4.c.obj
[318/1044] Building C object esp-idf/esp_phy/CMakeFiles/__idf_esp_phy.dir/esp32s3/phy_init_data.c.obj
[319/1044] Building C object esp-idf/esp_phy/CMakeFiles/__idf_esp_phy.dir/src/lib_printf.c.obj
[320/1044] Building C object esp-idf/vfs/CMakeFiles/__idf_vfs.dir/nullfs.c.obj
[321/1044] Building C object esp-idf/esp_phy/CMakeFiles/__idf_esp_phy.dir/src/btbb_init.c.obj
[322/1044] Building C object esp-idf/esp_vfs_console/CMakeFiles/__idf_esp_vfs_console.dir/vfs_console.c.obj
[323/1044] Building C object esp-idf/esp_driver_usb_serial_jtag/CMakeFiles/__idf_esp_driver_usb_serial_jtag.dir/src/usb_serial_jtag_connection_monitor.c.obj
[324/1044] Building C object esp-idf/lwip/CMakeFiles/__idf_lwip.dir/apps/ping/ping_sock.c.obj
Command failed (2): idf.py build
Skipping failed applet build: rusthello
[325/1044] Building C object esp-idf/vfs/CMakeFiles/__idf_vfs.dir/vfs_eventfd.c.obj
[326/1044] Building C object esp-idf/esp_phy/CMakeFiles/__idf_esp_phy.dir/src/phy_override.c.obj
Command failed (2): idf.py build
Skipping failed applet build: rselftest
[327/1044] Building C object esp-idf/esp_phy/CMakeFiles/__idf_esp_phy.dir/src/phy_common.c.obj
[328/1044] Building C object esp-idf/vfs/CMakeFiles/__idf_vfs.dir/vfs_semihost.c.obj
[329/1044] Building C object esp-idf/esp_driver_usb_serial_jtag/CMakeFiles/__idf_esp_driver_usb_serial_jtag.dir/src/usb_serial_jtag.c.obj
[330/1044] Building C object esp-idf/lwip/CMakeFiles/__idf_lwip.dir/apps/dhcpserver/dhcpserver.c.obj
[331/1044] Building C object esp-idf/esp_phy/CMakeFiles/__idf_esp_phy.dir/src/phy_init.c.obj
[332/1044] Building C object esp-idf/esp_driver_usb_serial_jtag/CMakeFiles/__idf_esp_driver_usb_serial_jtag.dir/src/usb_serial_jtag_vfs.c.obj
[333/1044] Building CXX object esp-idf/nvs_flash/CMakeFiles/__idf_nvs_flash.dir/src/nvs_platform.cpp.obj
+ idf.py elf
[334/1044] Building C object esp-idf/nvs_flash/CMakeFiles/__idf_nvs_flash.dir/src/nvs_bootloader_aes.c.obj
[335/1044] Linking C static library esp-idf/lwip/liblwip.a
[336/1044] Building C object esp-idf/nvs_flash/CMakeFiles/__idf_nvs_flash.dir/src/nvs_bootloader_xts_aes.c.obj
[337/1044] Building C object esp-idf/nvs_flash/CMakeFiles/__idf_nvs_flash.dir/src/nvs_bootloader.c.obj
[338/1044] Building C object esp-idf/vfs/CMakeFiles/__idf_vfs.dir/vfs.c.obj
[339/1044] Building C object esp-idf/esp_event/CMakeFiles/__idf_esp_event.dir/default_event_loop.c.obj
[340/1044] Building CXX object esp-idf/nvs_flash/CMakeFiles/__idf_nvs_flash.dir/src/nvs_partition.cpp.obj
[341/1044] Building CXX object esp-idf/nvs_flash/CMakeFiles/__idf_nvs_flash.dir/src/nvs_partition_lookup.cpp.obj
[342/1044] Building C object esp-idf/esp_event/CMakeFiles/__idf_esp_event.dir/esp_event_private.c.obj
[343/1044] Linking C static library esp-idf/vfs/libvfs.a
[344/1044] Linking C static library esp-idf/esp_vfs_console/libesp_vfs_console.a
[345/1044] Building C object esp-idf/esp_driver_uart/CMakeFiles/__idf_esp_driver_uart.dir/src/uart_wakeup.c.obj
[346/1044] Linking C static library esp-idf/esp_driver_usb_serial_jtag/libesp_driver_usb_serial_jtag.a
[347/1044] Building C object esp-idf/esp_event/CMakeFiles/__idf_esp_event.dir/esp_event.c.obj
[348/1044] Linking C static library esp-idf/esp_phy/libesp_phy.a
Executing action: elf
Running ninja in directory /home/tikhon/Документы/magnolia/applets/mainline/printenv/build
Executing "ninja elf"...
[1/1044] Generating /home/tikhon/Документы/magnolia/applets/mainline/printenv/build/esp-idf/esp_system/ld/memory.ld linker script...
[2/1044] Generating /home/tikhon/Документы/magnolia/applets/mainline/printenv/build/esp-idf/esp_system/ld/sections.ld.in linker script...
[349/1044] Building C object esp-idf/esp_driver_uart/CMakeFiles/__idf_esp_driver_uart.dir/src/uart_vfs.c.obj
[350/1044] Building C object esp-idf/esp_driver_gptimer/CMakeFiles/__idf_esp_driver_gptimer.dir/src/gptimer_common.c.obj
[351/1044] Building C object esp-idf/esp_driver_uart/CMakeFiles/__idf_esp_driver_uart.dir/src/uhci.c.obj
[352/1044] Building C object esp-idf/esp_timer/CMakeFiles/__idf_esp_timer.dir/src/esp_timer_init.c.obj
[3/1044] Building C object esp-idf/esp_http_server/CMakeFiles/__idf_esp_http_server.dir/src/httpd_ws.c.obj
[353/1044] Building CXX object esp-idf/nvs_flash/CMakeFiles/__idf_nvs_flash.dir/src/nvs_item_hash_list.cpp.obj
[354/1044] Building CXX object esp-idf/nvs_flash/CMakeFiles/__idf_nvs_flash.dir/src/nvs_cxx_api.cpp.obj
[4/1044] Building C object esp-idf/esp_http_server/CMakeFiles/__idf_esp_http_server.dir/src/util/ctrl_sock.c.obj
[355/1044] Building C object esp-idf/esp_timer/CMakeFiles/__idf_esp_timer.dir/src/esp_timer.c.obj
[356/1044] Building C object esp-idf/esp_timer/CMakeFiles/__idf_esp_timer.dir/src/system_time.c.obj
[357/1044] Building C object esp-idf/esp_ringbuf/CMakeFiles/__idf_esp_ringbuf.dir/ringbuf.c.obj
[5/1044] Building C object esp-idf/esp_http_client/CMakeFiles/__idf_esp_http_client.dir/lib/http_utils.c.obj
[6/1044] Building C object esp-idf/esp_adc/CMakeFiles/__idf_esp_adc.dir/adc_cali.c.obj
[7/1044] Building C object esp-idf/tcp_transport/CMakeFiles/__idf_tcp_transport.dir/transport_internal.c.obj
[8/1044] Building C object esp-idf/esp_http_client/CMakeFiles/__idf_esp_http_client.dir/lib/http_header.c.obj
[358/1044] Building C object esp-idf/esp_timer/CMakeFiles/__idf_esp_timer.dir/src/ets_timer_legacy.c.obj
[9/1044] Building C object esp-idf/esp_adc/CMakeFiles/__idf_esp_adc.dir/adc_oneshot.c.obj
[359/1044] Building C object esp-idf/esp_timer/CMakeFiles/__idf_esp_timer.dir/src/esp_timer_impl_common.c.obj
[10/1044] Building C object esp-idf/esp_http_server/CMakeFiles/__idf_esp_http_server.dir/src/httpd_sess.c.obj
[360/1044] Building C object esp-idf/esp_driver_gptimer/CMakeFiles/__idf_esp_driver_gptimer.dir/src/gptimer.c.obj
[361/1044] Building CXX object esp-idf/cxx/CMakeFiles/__idf_cxx.dir/cxx_init.cpp.obj
[11/1044] Building C object esp-idf/tcp_transport/CMakeFiles/__idf_tcp_transport.dir/transport.c.obj
[12/1044] Building C object esp-idf/tcp_transport/CMakeFiles/__idf_tcp_transport.dir/transport_ssl.c.obj
[13/1044] Building C object esp-idf/esp_https_ota/CMakeFiles/__idf_esp_https_ota.dir/src/esp_https_ota.c.obj
[14/1044] Building C object esp-idf/esp_adc/CMakeFiles/__idf_esp_adc.dir/esp32s3/curve_fitting_coefficients.c.obj
[362/1044] Building C object esp-idf/esp_timer/CMakeFiles/__idf_esp_timer.dir/src/esp_timer_impl_systimer.c.obj
[363/1044] Building CXX object esp-idf/cxx/CMakeFiles/__idf_cxx.dir/cxx_exception_stubs.cpp.obj
[15/1044] Linking C static library esp-idf/esp_https_ota/libesp_https_ota.a
[364/1044] Building C object esp-idf/pthread/CMakeFiles/__idf_pthread.dir/pthread_cond_var.c.obj
[16/1044] Building C object esp-idf/esp_http_server/CMakeFiles/__idf_esp_http_server.dir/src/httpd_uri.c.obj
[17/1044] Building C object esp-idf/esp_http_client/CMakeFiles/__idf_esp_http_client.dir/lib/http_auth.c.obj
[365/1044] Building C object esp-idf/pthread/CMakeFiles/__idf_pthread.dir/pthread_local_storage.c.obj
[18/1044] Building C object esp-idf/tcp_transport/CMakeFiles/__idf_tcp_transport.dir/transport_socks_proxy.c.obj
[19/1044] Building C object esp-idf/esp_adc/CMakeFiles/__idf_esp_adc.dir/adc_cali_curve_fitting.c.obj
[366/1044] Building CXX object esp-idf/nvs_flash/CMakeFiles/__idf_nvs_flash.dir/src/nvs_types.cpp.obj
[367/1044] Building C object esp-idf/newlib/CMakeFiles/__idf_newlib.dir/src/abort.c.obj
[368/1044] Building C object esp-idf/pthread/CMakeFiles/__idf_pthread.dir/pthread_rwlock.c.obj
[20/1044] Building C object esp-idf/esp_adc/CMakeFiles/__idf_esp_adc.dir/adc_common.c.obj
[369/1044] Building C object esp-idf/newlib/CMakeFiles/__idf_newlib.dir/src/init.c.obj
[21/1044] Building C object esp-idf/esp-tls/CMakeFiles/__idf_esp-tls.dir/esp-tls-crypto/esp_tls_crypto.c.obj
[22/1044] Building C object esp-idf/esp-tls/CMakeFiles/__idf_esp-tls.dir/esp_tls_platform_port.c.obj
[370/1044] Building C object esp-idf/pthread/CMakeFiles/__idf_pthread.dir/pthread_semaphore.c.obj
[23/1044] Building C object esp-idf/esp_http_server/CMakeFiles/__idf_esp_http_server.dir/src/httpd_parse.c.obj
[24/1044] Building C object esp-idf/esp_adc/CMakeFiles/__idf_esp_adc.dir/adc_filter.c.obj
[371/1044] Building CXX object esp-idf/nvs_flash/CMakeFiles/__idf_nvs_flash.dir/src/nvs_pagemanager.cpp.obj
[372/1044] Building C object esp-idf/newlib/CMakeFiles/__idf_newlib.dir/src/heap.c.obj
[373/1044] Building C object esp-idf/newlib/CMakeFiles/__idf_newlib.dir/src/assert.c.obj
[25/1044] Building C object esp-idf/esp_http_server/CMakeFiles/__idf_esp_http_server.dir/src/httpd_main.c.obj
[374/1044] Building CXX object esp-idf/nvs_flash/CMakeFiles/__idf_nvs_flash.dir/src/nvs_handle_simple.cpp.obj
[375/1044] Building C object esp-idf/newlib/CMakeFiles/__idf_newlib.dir/src/poll.c.obj
[26/1044] Building C object esp-idf/esp_adc/CMakeFiles/__idf_esp_adc.dir/adc_monitor.c.obj
[376/1044] Building C object esp-idf/newlib/CMakeFiles/__idf_newlib.dir/src/getentropy.c.obj
[27/1044] Building C object esp-idf/esp-tls/CMakeFiles/__idf_esp-tls.dir/esp_tls_error_capture.c.obj
[377/1044] Building CXX object esp-idf/nvs_flash/CMakeFiles/__idf_nvs_flash.dir/src/nvs_partition_manager.cpp.obj
[378/1044] Building C object esp-idf/newlib/CMakeFiles/__idf_newlib.dir/src/pthread.c.obj
[28/1044] Building C object esp-idf/esp_http_server/CMakeFiles/__idf_esp_http_server.dir/src/httpd_txrx.c.obj
[379/1044] Building C object esp-idf/newlib/CMakeFiles/__idf_newlib.dir/src/random.c.obj
[29/1044] Building C object esp-idf/esp_adc/CMakeFiles/__idf_esp_adc.dir/gdma/adc_dma.c.obj
[380/1044] Building C object esp-idf/newlib/CMakeFiles/__idf_newlib.dir/src/termios.c.obj
[30/1044] Building C object esp-idf/driver/CMakeFiles/__idf_driver.dir/touch_sensor/touch_sensor_common.c.obj
[381/1044] Building C object esp-idf/newlib/CMakeFiles/__idf_newlib.dir/src/sysconf.c.obj
[31/1044] Linking C static library esp-idf/esp_http_server/libesp_http_server.a
[382/1044] Building C object esp-idf/newlib/CMakeFiles/__idf_newlib.dir/src/realpath.c.obj
[383/1044] Building C object esp-idf/newlib/CMakeFiles/__idf_newlib.dir/src/flockfile.c.obj
[32/1044] Building C object esp-idf/esp_adc/CMakeFiles/__idf_esp_adc.dir/adc_continuous.c.obj
[384/1044] Building C object esp-idf/newlib/CMakeFiles/__idf_newlib.dir/src/locks.c.obj
[385/1044] Building C object esp-idf/newlib/CMakeFiles/__idf_newlib.dir/src/syscalls.c.obj
[386/1044] Building C object esp-idf/pthread/CMakeFiles/__idf_pthread.dir/pthread.c.obj
[387/1044] Building C object esp-idf/newlib/CMakeFiles/__idf_newlib.dir/src/scandir.c.obj
[388/1044] Building C object esp-idf/newlib/CMakeFiles/__idf_newlib.dir/src/reent_syscalls.c.obj
[389/1044] Building C object esp-idf/newlib/CMakeFiles/__idf_newlib.dir/src/port/esp_time_impl.c.obj
[390/1044] Building C object esp-idf/newlib/CMakeFiles/__idf_newlib.dir/src/reent_init.c.obj
[391/1044] Building C object esp-idf/esp_driver_uart/CMakeFiles/__idf_esp_driver_uart.dir/src/uart.c.obj
[392/1044] Building C object esp-idf/newlib/CMakeFiles/__idf_newlib.dir/src/newlib_init.c.obj
[33/1044] Building C object esp-idf/esp_driver_twai/CMakeFiles/__idf_esp_driver_twai.dir/esp_twai.c.obj
[393/1044] Building C object esp-idf/freertos/CMakeFiles/__idf_freertos.dir/heap_idf.c.obj
[34/1044] Building C object esp-idf/esp-tls/CMakeFiles/__idf_esp-tls.dir/esp_tls.c.obj
[394/1044] Building C object esp-idf/freertos/CMakeFiles/__idf_freertos.dir/port_common.c.obj
[395/1044] Building C object esp-idf/freertos/CMakeFiles/__idf_freertos.dir/app_startup.c.obj
[396/1044] Building C object esp-idf/newlib/CMakeFiles/__idf_newlib.dir/src/stdatomic.c.obj
[397/1044] Building CXX object esp-idf/nvs_flash/CMakeFiles/__idf_nvs_flash.dir/src/nvs_page.cpp.obj
[398/1044] Building CXX object esp-idf/nvs_flash/CMakeFiles/__idf_nvs_flash.dir/src/nvs_handle_locked.cpp.obj
[399/1044] Building C object esp-idf/newlib/CMakeFiles/__idf_newlib.dir/src/time.c.obj
[400/1044] Building ASM object esp-idf/freertos/CMakeFiles/__idf_freertos.dir/FreeRTOS-Kernel/portable/xtensa/portasm.S.obj
[35/1044] Building C object esp-idf/tcp_transport/CMakeFiles/__idf_tcp_transport.dir/transport_ws.c.obj
[401/1044] Building C object esp-idf/freertos/CMakeFiles/__idf_freertos.dir/port_systick.c.obj
[36/1044] Building C object esp-idf/esp_driver_i2c/CMakeFiles/__idf_esp_driver_i2c.dir/i2c_common.c.obj
[402/1044] Building C object esp-idf/freertos/CMakeFiles/__idf_freertos.dir/FreeRTOS-Kernel/portable/xtensa/xtensa_overlay_os_hook.c.obj
[403/1044] Building C object esp-idf/freertos/CMakeFiles/__idf_freertos.dir/FreeRTOS-Kernel/list.c.obj
[37/1044] Building C object esp-idf/esp_driver_sdm/CMakeFiles/__idf_esp_driver_sdm.dir/src/sdm.c.obj
[404/1044] Building C object esp-idf/freertos/CMakeFiles/__idf_freertos.dir/FreeRTOS-Kernel/portable/xtensa/xtensa_init.c.obj
[38/1044] Building C object esp-idf/esp_driver_tsens/CMakeFiles/__idf_esp_driver_tsens.dir/src/temperature_sensor.c.obj
[405/1044] Building C object esp-idf/esp_hw_support/CMakeFiles/__idf_esp_hw_support.dir/esp_memory_utils.c.obj
[39/1044] Building C object esp-idf/esp_driver_rmt/CMakeFiles/__idf_esp_driver_rmt.dir/src/rmt_encoder.c.obj
[406/1044] Building C object esp-idf/esp_hw_support/CMakeFiles/__idf_esp_hw_support.dir/port/esp32s3/esp_cpu_intr.c.obj
[407/1044] Building C object esp-idf/freertos/CMakeFiles/__idf_freertos.dir/esp_additions/idf_additions_event_groups.c.obj
[408/1044] Building C object esp-idf/freertos/CMakeFiles/__idf_freertos.dir/FreeRTOS-Kernel/event_groups.c.obj
[409/1044] Building C object esp-idf/esp_hw_support/CMakeFiles/__idf_esp_hw_support.dir/port/esp32s3/cpu_region_protect.c.obj
[410/1044] Building CXX object esp-idf/nvs_flash/CMakeFiles/__idf_nvs_flash.dir/src/nvs_api.cpp.obj
[40/1044] Building C object esp-idf/esp_driver_sdspi/CMakeFiles/__idf_esp_driver_sdspi.dir/src/sdspi_crc.c.obj
[411/1044] Building C object esp-idf/freertos/CMakeFiles/__idf_freertos.dir/FreeRTOS-Kernel/timers.c.obj
[41/1044] Building C object esp-idf/esp_driver_i2c/CMakeFiles/__idf_esp_driver_i2c.dir/i2c_slave.c.obj
[412/1044] Building C object esp-idf/freertos/CMakeFiles/__idf_freertos.dir/FreeRTOS-Kernel/portable/xtensa/port.c.obj
[413/1044] Building C object esp-idf/esp_hw_support/CMakeFiles/__idf_esp_hw_support.dir/cpu.c.obj
[414/1044] Building C object esp-idf/esp_hw_support/CMakeFiles/__idf_esp_hw_support.dir/mac_addr.c.obj
[415/1044] Building C object esp-idf/esp_hw_support/CMakeFiles/__idf_esp_hw_support.dir/revision.c.obj
[416/1044] Building C object esp-idf/esp_hw_support/CMakeFiles/__idf_esp_hw_support.dir/esp_gpio_reserve.c.obj
[417/1044] Building C object esp-idf/freertos/CMakeFiles/__idf_freertos.dir/esp_additions/idf_additions.c.obj
[42/1044] Building C object esp-idf/esp_driver_rmt/CMakeFiles/__idf_esp_driver_rmt.dir/src/rmt_encoder_copy.c.obj
[43/1044] Building C object esp-idf/driver/CMakeFiles/__idf_driver.dir/twai/twai.c.obj
[44/1044] Building C object esp-idf/esp_driver_rmt/CMakeFiles/__idf_esp_driver_rmt.dir/src/rmt_common.c.obj
[45/1044] Building C object esp-idf/driver/CMakeFiles/__idf_driver.dir/i2c/i2c.c.obj
[418/1044] Building C object esp-idf/esp_hw_support/CMakeFiles/__idf_esp_hw_support.dir/esp_clk.c.obj
[46/1044] Building C object esp-idf/esp-tls/CMakeFiles/__idf_esp-tls.dir/esp_tls_mbedtls.c.obj
[419/1044] Building C object esp-idf/esp_hw_support/CMakeFiles/__idf_esp_hw_support.dir/hw_random.c.obj
[47/1044] Building C object esp-idf/esp_driver_rmt/CMakeFiles/__idf_esp_driver_rmt.dir/src/rmt_encoder_bytes.c.obj
[48/1044] Building C object esp-idf/esp_driver_rmt/CMakeFiles/__idf_esp_driver_rmt.dir/src/rmt_encoder_simple.c.obj
[420/1044] Building C object esp-idf/esp_hw_support/CMakeFiles/__idf_esp_hw_support.dir/rtc_module.c.obj
[49/1044] Building C object esp-idf/esp_http_client/CMakeFiles/__idf_esp_http_client.dir/esp_http_client.c.obj
[421/1044] Building C object esp-idf/esp_hw_support/CMakeFiles/__idf_esp_hw_support.dir/clk_ctrl_os.c.obj
[422/1044] Building C object esp-idf/freertos/CMakeFiles/__idf_freertos.dir/FreeRTOS-Kernel/stream_buffer.c.obj
[423/1044] Building C object esp-idf/freertos/CMakeFiles/__idf_freertos.dir/FreeRTOS-Kernel/queue.c.obj
[424/1044] Building CXX object esp-idf/cxx/CMakeFiles/__idf_cxx.dir/cxx_guards.cpp.obj
[425/1044] Building C object esp-idf/esp_hw_support/CMakeFiles/__idf_esp_hw_support.dir/periph_ctrl.c.obj
[426/1044] Building C object esp-idf/esp_hw_support/CMakeFiles/__idf_esp_hw_support.dir/clk_utils.c.obj
[50/1044] Linking C static library esp-idf/esp_http_client/libesp_http_client.a
[427/1044] Building C object esp-idf/esp_hw_support/CMakeFiles/__idf_esp_hw_support.dir/dma/esp_dma_utils.c.obj
[428/1044] Building C object esp-idf/esp_hw_support/CMakeFiles/__idf_esp_hw_support.dir/sleep_usb.c.obj
[51/1044] Building C object esp-idf/esp_driver_ledc/CMakeFiles/__idf_esp_driver_ledc.dir/src/ledc.c.obj
[429/1044] Building C object esp-idf/esp_hw_support/CMakeFiles/__idf_esp_hw_support.dir/regi2c_ctrl.c.obj
[430/1044] Building C object esp-idf/esp_hw_support/CMakeFiles/__idf_esp_hw_support.dir/port/esp32s3/esp_clk_tree.c.obj
[52/1044] Linking C static library esp-idf/tcp_transport/libtcp_transport.a
[431/1044] Building CXX object esp-idf/nvs_flash/CMakeFiles/__idf_nvs_flash.dir/src/nvs_storage.cpp.obj
[53/1044] Building C object esp-idf/esp_driver_sdspi/CMakeFiles/__idf_esp_driver_sdspi.dir/src/sdspi_transaction.c.obj
[432/1044] Building C object esp-idf/esp_hw_support/CMakeFiles/__idf_esp_hw_support.dir/intr_alloc.c.obj
[433/1044] Building C object esp-idf/esp_hw_support/CMakeFiles/__idf_esp_hw_support.dir/sar_tsens_ctrl.c.obj
[54/1044] Building C object esp-idf/driver/CMakeFiles/__idf_driver.dir/touch_sensor/esp32s3/touch_sensor.c.obj
[434/1044] Building C object esp-idf/esp_hw_support/CMakeFiles/__idf_esp_hw_support.dir/port/esp32s3/io_mux.c.obj
[55/1044] Building C object esp-idf/esp_driver_twai/CMakeFiles/__idf_esp_driver_twai.dir/esp_twai_onchip.c.obj
[56/1044] Building C object esp-idf/esp_driver_sdmmc/CMakeFiles/__idf_esp_driver_sdmmc.dir/legacy/src/sdmmc_transaction.c.obj
[57/1044] Linking C static library esp-idf/esp_adc/libesp_adc.a
[435/1044] Building C object esp-idf/esp_hw_support/CMakeFiles/__idf_esp_hw_support.dir/dma/gdma_link.c.obj
[436/1044] Building C object esp-idf/esp_hw_support/CMakeFiles/__idf_esp_hw_support.dir/port/esp_clk_tree_common.c.obj
[437/1044] Building C object esp-idf/esp_hw_support/CMakeFiles/__idf_esp_hw_support.dir/port/esp32s3/systimer.c.obj
[438/1044] Building C object esp-idf/esp_hw_support/CMakeFiles/__idf_esp_hw_support.dir/sleep_console.c.obj
[58/1044] Building C object esp-idf/esp_driver_sd_intf/CMakeFiles/__idf_esp_driver_sd_intf.dir/sd_host.c.obj
[59/1044] Building C object esp-idf/sdmmc/CMakeFiles/__idf_sdmmc.dir/sd_pwr_ctrl/sd_pwr_ctrl.c.obj
[439/1044] Building C object esp-idf/esp_hw_support/CMakeFiles/__idf_esp_hw_support.dir/sleep_modem.c.obj
[60/1044] Building C object esp-idf/esp_driver_sdspi/CMakeFiles/__idf_esp_driver_sdspi.dir/src/sdspi_host.c.obj
[61/1044] Linking C static library esp-idf/esp-tls/libesp-tls.a
[440/1044] Building C object esp-idf/esp_hw_support/CMakeFiles/__idf_esp_hw_support.dir/dma/esp_async_memcpy.c.obj
[62/1044] Building C object esp-idf/esp_driver_sdmmc/CMakeFiles/__idf_esp_driver_sdmmc.dir/legacy/src/sdmmc_host.c.obj
[441/1044] Building CXX object esp-idf/nvs_flash/CMakeFiles/__idf_nvs_flash.dir/src/nvs_encrypted_partition.cpp.obj
[442/1044] Building C object esp-idf/esp_hw_support/CMakeFiles/__idf_esp_hw_support.dir/sleep_event.c.obj
[63/1044] Building C object esp-idf/driver/CMakeFiles/__idf_driver.dir/deprecated/rmt_legacy.c.obj
[64/1044] Building C object esp-idf/sdmmc/CMakeFiles/__idf_sdmmc.dir/sdmmc_common.c.obj
[443/1044] Building C object esp-idf/esp_hw_support/CMakeFiles/__idf_esp_hw_support.dir/spi_bus_lock.c.obj
[65/1044] Building C object esp-idf/esp_driver_sdmmc/CMakeFiles/__idf_esp_driver_sdmmc.dir/src/sd_trans_sdmmc.c.obj
Executing action: elf
Running ninja in directory /home/tikhon/Документы/magnolia/applets/mainline/rev/build
Executing "ninja elf"...
[1/1044] Generating /home/tikhon/Документы/magnolia/applets/mainline/rev/build/esp-idf/esp_system/ld/sections.ld.in linker script...
[2/1044] Generating /home/tikhon/Документы/magnolia/applets/mainline/rev/build/esp-idf/esp_system/ld/memory.ld linker script...
[444/1044] Building C object esp-idf/esp_hw_support/CMakeFiles/__idf_esp_hw_support.dir/adc_share_hw_ctrl.c.obj
[445/1044] Building C object esp-idf/esp_hw_support/CMakeFiles/__idf_esp_hw_support.dir/mspi_timing_tuning/mspi_timing_tuning.c.obj
[446/1044] Building C object esp-idf/esp_hw_support/CMakeFiles/__idf_esp_hw_support.dir/port/esp32s3/rtc_clk_init.c.obj
[447/1044] Linking C static library esp-idf/nvs_flash/libnvs_flash.a
[448/1044] Building C object esp-idf/esp_hw_support/CMakeFiles/__idf_esp_hw_support.dir/spi_share_hw_ctrl.c.obj
[66/1044] Building C object esp-idf/sdmmc/CMakeFiles/__idf_sdmmc.dir/sdmmc_mmc.c.obj
[67/1044] Building C object esp-idf/esp_driver_i2c/CMakeFiles/__idf_esp_driver_i2c.dir/i2c_master.c.obj
[449/1044] Building C object esp-idf/esp_hw_support/CMakeFiles/__idf_esp_hw_support.dir/usb_phy/usb_phy.c.obj
[450/1044] Building C object esp-idf/esp_hw_support/CMakeFiles/__idf_esp_hw_support.dir/esp_clock_output.c.obj
[451/1044] Linking C static library esp-idf/esp_event/libesp_event.a
[452/1044] Building C object esp-idf/esp_hw_support/CMakeFiles/__idf_esp_hw_support.dir/port/esp32s3/rtc_sleep.c.obj
[453/1044] Building C object esp-idf/esp_hw_support/CMakeFiles/__idf_esp_hw_support.dir/sleep_wake_stub.c.obj
[68/1044] Building C object esp-idf/esp_driver_rmt/CMakeFiles/__idf_esp_driver_rmt.dir/src/rmt_tx.c.obj
[454/1044] Building C object esp-idf/esp_hw_support/CMakeFiles/__idf_esp_hw_support.dir/port/esp32s3/chip_info.c.obj
[69/1044] Building C object esp-idf/sdmmc/CMakeFiles/__idf_sdmmc.dir/sdmmc_init.c.obj
[455/1044] Linking C static library esp-idf/esp_driver_uart/libesp_driver_uart.a
[456/1044] Building C object esp-idf/esp_hw_support/CMakeFiles/__idf_esp_hw_support.dir/dma/async_memcpy_gdma.c.obj
[70/1044] Building C object esp-idf/sdmmc/CMakeFiles/__idf_sdmmc.dir/sdmmc_io.c.obj
[457/1044] Building C object esp-idf/esp_hw_support/CMakeFiles/__idf_esp_hw_support.dir/port/esp_memprot_conv.c.obj
[458/1044] Building C object esp-idf/soc/CMakeFiles/__idf_soc.dir/lldesc.c.obj
[71/1044] Building C object esp-idf/esp_driver_rmt/CMakeFiles/__idf_esp_driver_rmt.dir/src/rmt_rx.c.obj
[3/1044] Building C object esp-idf/esp_http_client/CMakeFiles/__idf_esp_http_client.dir/lib/http_utils.c.obj
[72/1044] Building C object esp-idf/esp_driver_i2s/CMakeFiles/__idf_esp_driver_i2s.dir/i2s_platform.c.obj
[459/1044] Building C object esp-idf/esp_hw_support/CMakeFiles/__idf_esp_hw_support.dir/power_supply/brownout.c.obj
[73/1044] Building C object esp-idf/esp_driver_mcpwm/CMakeFiles/__idf_esp_driver_mcpwm.dir/src/mcpwm_com.c.obj
[460/1044] Building C object esp-idf/soc/CMakeFiles/__idf_soc.dir/dport_access_common.c.obj
[461/1044] Linking C static library esp-idf/esp_ringbuf/libesp_ringbuf.a
[462/1044] Building C object esp-idf/soc/CMakeFiles/__idf_soc.dir/esp32s3/interrupts.c.obj
[74/1044] Building C object esp-idf/sdmmc/CMakeFiles/__idf_sdmmc.dir/sdmmc_cmd.c.obj
[463/1044] Building C object esp-idf/esp_hw_support/CMakeFiles/__idf_esp_hw_support.dir/mspi_timing_tuning/port/esp32s3/mspi_timing_config.c.obj
[464/1044] Building C object esp-idf/soc/CMakeFiles/__idf_soc.dir/esp32s3/gpio_periph.c.obj
[4/1044] Building C object esp-idf/esp_http_server/CMakeFiles/__idf_esp_http_server.dir/src/util/ctrl_sock.c.obj
[465/1044] Building C object esp-idf/esp_hw_support/CMakeFiles/__idf_esp_hw_support.dir/port/esp32s3/rtc_init.c.obj
[466/1044] Building C object esp-idf/esp_hw_support/CMakeFiles/__idf_esp_hw_support.dir/sleep_gpio.c.obj
[75/1044] Building C object esp-idf/http_parser/CMakeFiles/__idf_http_parser.dir/http_parser.c.obj
[467/1044] Linking C static library esp-idf/esp_driver_gptimer/libesp_driver_gptimer.a
[468/1044] Building C object esp-idf/soc/CMakeFiles/__idf_soc.dir/esp32s3/uart_periph.c.obj
[469/1044] Building C object esp-idf/soc/CMakeFiles/__idf_soc.dir/esp32s3/adc_periph.c.obj
[470/1044] Building C object esp-idf/soc/CMakeFiles/__idf_soc.dir/esp32s3/gdma_periph.c.obj
[76/1044] Building C object esp-idf/esp_driver_i2s/CMakeFiles/__idf_esp_driver_i2s.dir/i2s_tdm.c.obj
[471/1044] Building C object esp-idf/soc/CMakeFiles/__idf_soc.dir/esp32s3/dedic_gpio_periph.c.obj
[77/1044] Linking C static library esp-idf/http_parser/libhttp_parser.a
[472/1044] Building C object esp-idf/soc/CMakeFiles/__idf_soc.dir/esp32s3/ledc_periph.c.obj
[473/1044] Building C object esp-idf/soc/CMakeFiles/__idf_soc.dir/esp32s3/spi_periph.c.obj
[474/1044] Building C object esp-idf/soc/CMakeFiles/__idf_soc.dir/esp32s3/pcnt_periph.c.obj
[5/1044] Building C object esp-idf/esp_http_client/CMakeFiles/__idf_esp_http_client.dir/lib/http_header.c.obj
[6/1044] Building C object esp-idf/tcp_transport/CMakeFiles/__idf_tcp_transport.dir/transport_internal.c.obj
[7/1044] Building C object esp-idf/esp_http_server/CMakeFiles/__idf_esp_http_server.dir/src/httpd_sess.c.obj
[475/1044] Building C object esp-idf/esp_hw_support/CMakeFiles/__idf_esp_hw_support.dir/port/esp32s3/rtc_clk.c.obj
[476/1044] Building C object esp-idf/esp_hw_support/CMakeFiles/__idf_esp_hw_support.dir/port/esp32s3/rtc_time.c.obj
[78/1044] Building C object esp-idf/esp_driver_mcpwm/CMakeFiles/__idf_esp_driver_mcpwm.dir/src/mcpwm_sync.c.obj
[79/1044] Building C object esp-idf/sdmmc/CMakeFiles/__idf_sdmmc.dir/sdmmc_sd.c.obj
[477/1044] Linking C static library esp-idf/esp_timer/libesp_timer.a
[478/1044] Building C object esp-idf/esp_hw_support/CMakeFiles/__idf_esp_hw_support.dir/mspi_timing_tuning/port/esp32s3/mspi_timing_by_mspi_delay.c.obj
[8/1044] Building C object esp-idf/esp_http_server/CMakeFiles/__idf_esp_http_server.dir/src/httpd_uri.c.obj
[479/1044] Building C object esp-idf/soc/CMakeFiles/__idf_soc.dir/esp32s3/i2s_periph.c.obj
[480/1044] Building C object esp-idf/soc/CMakeFiles/__idf_soc.dir/esp32s3/timer_periph.c.obj
[9/1044] Building C object esp-idf/esp_adc/CMakeFiles/__idf_esp_adc.dir/adc_cali.c.obj
[481/1044] Building C object esp-idf/soc/CMakeFiles/__idf_soc.dir/esp32s3/rmt_periph.c.obj
[80/1044] Building C object esp-idf/esp_gdbstub/CMakeFiles/__idf_esp_gdbstub.dir/src/packet.c.obj
[10/1044] Building C object esp-idf/esp_http_server/CMakeFiles/__idf_esp_http_server.dir/src/httpd_ws.c.obj
[482/1044] Building C object esp-idf/soc/CMakeFiles/__idf_soc.dir/esp32s3/mcpwm_periph.c.obj
[81/1044] Building ASM object esp-idf/esp_gdbstub/CMakeFiles/__idf_esp_gdbstub.dir/src/port/xtensa/gdbstub-entry.S.obj
[11/1044] Building C object esp-idf/esp_http_server/CMakeFiles/__idf_esp_http_server.dir/src/httpd_txrx.c.obj
[483/1044] Building C object esp-idf/soc/CMakeFiles/__idf_soc.dir/esp32s3/i2c_periph.c.obj
[484/1044] Building C object esp-idf/soc/CMakeFiles/__idf_soc.dir/esp32s3/temperature_sensor_periph.c.obj
[82/1044] Building C object esp-idf/esp_driver_sdmmc/CMakeFiles/__idf_esp_driver_sdmmc.dir/src/sd_host_sdmmc.c.obj
[83/1044] Linking C static library esp-idf/driver/libdriver.a
[485/1044] Building C object esp-idf/soc/CMakeFiles/__idf_soc.dir/esp32s3/lcd_periph.c.obj
[84/1044] Building ASM object esp-idf/esp_gdbstub/CMakeFiles/__idf_esp_gdbstub.dir/src/port/xtensa/xt_debugexception.S.obj
[486/1044] Building C object esp-idf/soc/CMakeFiles/__idf_soc.dir/esp32s3/touch_sensor_periph.c.obj
[487/1044] Linking C static library esp-idf/cxx/libcxx.a
[488/1044] Building C object esp-idf/soc/CMakeFiles/__idf_soc.dir/esp32s3/twai_periph.c.obj
[489/1044] Building C object esp-idf/soc/CMakeFiles/__idf_soc.dir/esp32s3/sdm_periph.c.obj
[490/1044] Building C object esp-idf/esp_hw_support/CMakeFiles/__idf_esp_hw_support.dir/port/esp32s3/sar_periph_ctrl.c.obj
[491/1044] Building C object esp-idf/soc/CMakeFiles/__idf_soc.dir/esp32s3/sdmmc_periph.c.obj
[85/1044] Building C object esp-idf/esp_driver_mcpwm/CMakeFiles/__idf_esp_driver_mcpwm.dir/src/mcpwm_cmpr.c.obj
[86/1044] Building C object esp-idf/esp_driver_i2s/CMakeFiles/__idf_esp_driver_i2s.dir/i2s_std.c.obj
[492/1044] Building C object esp-idf/soc/CMakeFiles/__idf_soc.dir/esp32s3/mpi_periph.c.obj
[493/1044] Building C object esp-idf/soc/CMakeFiles/__idf_soc.dir/esp32s3/wdt_periph.c.obj
[12/1044] Building C object esp-idf/esp_http_client/CMakeFiles/__idf_esp_http_client.dir/lib/http_auth.c.obj
[494/1044] Building C object esp-idf/soc/CMakeFiles/__idf_soc.dir/esp32s3/usb_dwc_periph.c.obj
[495/1044] Linking C static library esp-idf/pthread/libpthread.a
[496/1044] Building C object esp-idf/esp_hw_support/CMakeFiles/__idf_esp_hw_support.dir/lowpower/port/esp32s3/sleep_cpu.c.obj
[87/1044] Linking C static library esp-idf/esp_driver_twai/libesp_driver_twai.a
[497/1044] Building C object esp-idf/soc/CMakeFiles/__idf_soc.dir/esp32s3/cam_periph.c.obj
[498/1044] Building C object esp-idf/soc/CMakeFiles/__idf_soc.dir/esp32s3/power_supply_periph.c.obj
[88/1044] Building C object esp-idf/esp_driver_mcpwm/CMakeFiles/__idf_esp_driver_mcpwm.dir/src/mcpwm_fault.c.obj
[13/1044] Building C object esp-idf/esp_http_server/CMakeFiles/__idf_esp_http_server.dir/src/httpd_parse.c.obj
[89/1044] Building C object esp-idf/esp_driver_i2s/CMakeFiles/__idf_esp_driver_i2s.dir/i2s_pdm.c.obj
[499/1044] Building C object esp-idf/esp_hw_support/CMakeFiles/__idf_esp_hw_support.dir/dma/gdma.c.obj
[14/1044] Building C object esp-idf/esp_adc/CMakeFiles/__idf_esp_adc.dir/esp32s3/curve_fitting_coefficients.c.obj
[15/1044] Building C object esp-idf/tcp_transport/CMakeFiles/__idf_tcp_transport.dir/transport_socks_proxy.c.obj
[90/1044] Building C object esp-idf/esp_gdbstub/CMakeFiles/__idf_esp_gdbstub.dir/src/gdbstub_transport.c.obj
[500/1044] Building C object esp-idf/soc/CMakeFiles/__idf_soc.dir/esp32s3/rtc_io_periph.c.obj
[91/1044] Linking C static library esp-idf/esp_driver_ledc/libesp_driver_ledc.a
[501/1044] Building C object esp-idf/heap/CMakeFiles/__idf_heap.dir/port/esp32s3/memory_layout.c.obj
[502/1044] Linking C static library esp-idf/newlib/libnewlib.a
[16/1044] Building C object esp-idf/esp_adc/CMakeFiles/__idf_esp_adc.dir/adc_common.c.obj
[92/1044] Building C object esp-idf/esp_wifi/CMakeFiles/__idf_esp_wifi.dir/src/lib_printf.c.obj
[17/1044] Building C object esp-idf/esp_adc/CMakeFiles/__idf_esp_adc.dir/adc_cali_curve_fitting.c.obj
[503/1044] Building C object esp-idf/log/CMakeFiles/__idf_log.dir/src/util.c.obj
[18/1044] Building C object esp-idf/esp_https_ota/CMakeFiles/__idf_esp_https_ota.dir/src/esp_https_ota.c.obj
[93/1044] Linking C static library esp-idf/esp_driver_i2c/libesp_driver_i2c.a
[504/1044] Building C object esp-idf/heap/CMakeFiles/__idf_heap.dir/heap_caps_init.c.obj
[94/1044] Building C object esp-idf/esp_driver_mcpwm/CMakeFiles/__idf_esp_driver_mcpwm.dir/src/mcpwm_cap.c.obj
[505/1044] Building C object esp-idf/heap/CMakeFiles/__idf_heap.dir/multi_heap.c.obj
[506/1044] Building C object esp-idf/log/CMakeFiles/__idf_log.dir/src/os/log_timestamp.c.obj
[507/1044] Building C object esp-idf/freertos/CMakeFiles/__idf_freertos.dir/FreeRTOS-Kernel/tasks.c.obj
[19/1044] Building C object esp-idf/esp-tls/CMakeFiles/__idf_esp-tls.dir/esp_tls_platform_port.c.obj
[508/1044] Building C object esp-idf/heap/CMakeFiles/__idf_heap.dir/port/memory_layout_utils.c.obj
[20/1044] Building C object esp-idf/esp_adc/CMakeFiles/__idf_esp_adc.dir/adc_oneshot.c.obj
[95/1044] Building C object esp-idf/esp_driver_mcpwm/CMakeFiles/__idf_esp_driver_mcpwm.dir/src/mcpwm_gen.c.obj
[21/1044] Linking C static library esp-idf/esp_https_ota/libesp_https_ota.a
[22/1044] Building C object esp-idf/tcp_transport/CMakeFiles/__idf_tcp_transport.dir/transport.c.obj
[96/1044] Building C object esp-idf/esp_wifi/CMakeFiles/__idf_esp_wifi.dir/src/mesh_event.c.obj
[509/1044] Building C object esp-idf/log/CMakeFiles/__idf_log.dir/src/log_format_text.c.obj
[23/1044] Building C object esp-idf/esp_adc/CMakeFiles/__idf_esp_adc.dir/adc_monitor.c.obj
[97/1044] Linking C static library esp-idf/esp_driver_sdm/libesp_driver_sdm.a
[510/1044] Building C object esp-idf/log/CMakeFiles/__idf_log.dir/src/buffer/log_buffers.c.obj
[511/1044] Building C object esp-idf/log/CMakeFiles/__idf_log.dir/src/log_print.c.obj
[24/1044] Building C object esp-idf/esp_http_server/CMakeFiles/__idf_esp_http_server.dir/src/httpd_main.c.obj
[512/1044] Building C object esp-idf/log/CMakeFiles/__idf_log.dir/src/os/util.c.obj
[98/1044] Building C object esp-idf/esp_driver_mcpwm/CMakeFiles/__idf_esp_driver_mcpwm.dir/src/mcpwm_timer.c.obj
[99/1044] Linking C static library esp-idf/esp_driver_tsens/libesp_driver_tsens.a
[513/1044] Building C object esp-idf/log/CMakeFiles/__idf_log.dir/src/log_level/log_level.c.obj
[25/1044] Building C object esp-idf/esp-tls/CMakeFiles/__idf_esp-tls.dir/esp-tls-crypto/esp_tls_crypto.c.obj
[100/1044] Building C object esp-idf/esp_gdbstub/CMakeFiles/__idf_esp_gdbstub.dir/src/port/xtensa/gdbstub_xtensa.c.obj
[514/1044] Building C object esp-idf/log/CMakeFiles/__idf_log.dir/src/os/log_write.c.obj
[515/1044] Building C object esp-idf/log/CMakeFiles/__idf_log.dir/src/log_level/tag_log_level/linked_list/log_linked_list.c.obj
[516/1044] Building C object esp-idf/log/CMakeFiles/__idf_log.dir/src/log_level/tag_log_level/tag_log_level.c.obj
[101/1044] Building C object esp-idf/esp_wifi/CMakeFiles/__idf_esp_wifi.dir/src/wifi_default_ap.c.obj
[26/1044] Linking C static library esp-idf/esp_http_server/libesp_http_server.a
[517/1044] Linking C static library esp-idf/freertos/libfreertos.a
[518/1044] Building C object esp-idf/hal/CMakeFiles/__idf_hal.dir/mpu_hal.c.obj
[102/1044] Linking C static library esp-idf/esp_driver_rmt/libesp_driver_rmt.a
[103/1044] Building C object esp-idf/esp_driver_mcpwm/CMakeFiles/__idf_esp_driver_mcpwm.dir/src/mcpwm_oper.c.obj
[519/1044] Building C object esp-idf/log/CMakeFiles/__idf_log.dir/src/os/log_lock.c.obj
[520/1044] Building C object esp-idf/heap/CMakeFiles/__idf_heap.dir/heap_caps.c.obj
[27/1044] Building C object esp-idf/esp_adc/CMakeFiles/__idf_esp_adc.dir/adc_continuous.c.obj
[521/1044] Building C object esp-idf/log/CMakeFiles/__idf_log.dir/src/log_level/tag_log_level/cache/log_binary_heap.c.obj
[104/1044] Building C object esp-idf/esp_coex/CMakeFiles/__idf_esp_coex.dir/src/coexist_debug_diagram.c.obj
[522/1044] Building C object esp-idf/hal/CMakeFiles/__idf_hal.dir/efuse_hal.c.obj
[523/1044] Building C object esp-idf/esp_hw_support/CMakeFiles/__idf_esp_hw_support.dir/sleep_modes.c.obj
[524/1044] Building C object esp-idf/log/CMakeFiles/__idf_log.dir/src/log.c.obj
[28/1044] Building C object esp-idf/esp_adc/CMakeFiles/__idf_esp_adc.dir/gdma/adc_dma.c.obj
[525/1044] Building C object esp-idf/hal/CMakeFiles/__idf_hal.dir/hal_utils.c.obj
[526/1044] Building C object esp-idf/hal/CMakeFiles/__idf_hal.dir/color_hal.c.obj
[29/1044] Building C object esp-idf/esp_adc/CMakeFiles/__idf_esp_adc.dir/adc_filter.c.obj
[105/1044] Building C object esp-idf/esp_wifi/CMakeFiles/__idf_esp_wifi.dir/regulatory/esp_wifi_regulatory.c.obj
[106/1044] Building C object esp-idf/esp_wifi/CMakeFiles/__idf_esp_wifi.dir/src/wifi_init.c.obj
[527/1044] Building C object esp-idf/heap/CMakeFiles/__idf_heap.dir/heap_caps_base.c.obj
[528/1044] Building C object esp-idf/log/CMakeFiles/__idf_log.dir/src/log_timestamp_common.c.obj
[107/1044] Building C object esp-idf/esp_driver_i2s/CMakeFiles/__idf_esp_driver_i2s.dir/i2s_common.c.obj
[30/1044] Building C object esp-idf/esp-tls/CMakeFiles/__idf_esp-tls.dir/esp_tls_error_capture.c.obj
[529/1044] Building C object esp-idf/hal/CMakeFiles/__idf_hal.dir/esp32s3/efuse_hal.c.obj
[108/1044] Building C object esp-idf/esp_wifi/CMakeFiles/__idf_esp_wifi.dir/src/smartconfig.c.obj
[109/1044] Linking C static library esp-idf/esp_driver_sdspi/libesp_driver_sdspi.a
[110/1044] Building C object esp-idf/esp_wifi/CMakeFiles/__idf_esp_wifi.dir/src/wifi_default.c.obj
[530/1044] Building C object esp-idf/hal/CMakeFiles/__idf_hal.dir/spi_flash_encrypt_hal_iram.c.obj
[531/1044] Building C object esp-idf/hal/CMakeFiles/__idf_hal.dir/cache_hal.c.obj
[111/1044] Building C object esp-idf/esp_wifi/CMakeFiles/__idf_esp_wifi.dir/src/wifi_netif.c.obj
[532/1044] Building C object esp-idf/hal/CMakeFiles/__idf_hal.dir/uart_hal_iram.c.obj
[533/1044] Building C object esp-idf/hal/CMakeFiles/__idf_hal.dir/timer_hal.c.obj
[112/1044] Building C object esp-idf/esp_gdbstub/CMakeFiles/__idf_esp_gdbstub.dir/src/gdbstub.c.obj
[534/1044] Building C object esp-idf/hal/CMakeFiles/__idf_hal.dir/systimer_hal.c.obj
[113/1044] Building C object esp-idf/esp_coex/CMakeFiles/__idf_esp_coex.dir/src/coexist_debug.c.obj
[535/1044] Building C object esp-idf/hal/CMakeFiles/__idf_hal.dir/rtc_io_hal.c.obj
[536/1044] Building C object esp-idf/hal/CMakeFiles/__idf_hal.dir/spi_flash_hal_iram.c.obj
[114/1044] Building C object esp-idf/esp_driver_spi/CMakeFiles/__idf_esp_driver_spi.dir/src/gpspi/spi_slave_hd.c.obj
[115/1044] Linking C static library esp-idf/esp_driver_sdmmc/libesp_driver_sdmmc.a
[31/1044] Building C object esp-idf/tcp_transport/CMakeFiles/__idf_tcp_transport.dir/transport_ssl.c.obj
[537/1044] Building C object esp-idf/hal/CMakeFiles/__idf_hal.dir/ledc_hal.c.obj
[538/1044] Building C object esp-idf/hal/CMakeFiles/__idf_hal.dir/ledc_hal_iram.c.obj
[539/1044] Building C object esp-idf/hal/CMakeFiles/__idf_hal.dir/uhci_hal.c.obj
[32/1044] Building C object esp-idf/tcp_transport/CMakeFiles/__idf_tcp_transport.dir/transport_ws.c.obj
[116/1044] Linking C static library esp-idf/esp_driver_sd_intf/libesp_driver_sd_intf.a
[540/1044] Building C object esp-idf/hal/CMakeFiles/__idf_hal.dir/mmu_hal.c.obj
[541/1044] Building C object esp-idf/hal/CMakeFiles/__idf_hal.dir/rmt_hal.c.obj
[542/1044] Building C object esp-idf/hal/CMakeFiles/__idf_hal.dir/gpio_hal.c.obj
[543/1044] Building C object esp-idf/hal/CMakeFiles/__idf_hal.dir/pcnt_hal.c.obj
[544/1044] Building C object esp-idf/hal/CMakeFiles/__idf_hal.dir/spi_flash_hal.c.obj
[545/1044] Building C object esp-idf/hal/CMakeFiles/__idf_hal.dir/i2c_hal_iram.c.obj
[33/1044] Building C object esp-idf/driver/CMakeFiles/__idf_driver.dir/twai/twai.c.obj
[117/1044] Building C object esp-idf/esp_coex/CMakeFiles/__idf_esp_coex.dir/esp32s3/esp_coex_adapter.c.obj
[546/1044] Building C object esp-idf/hal/CMakeFiles/__idf_hal.dir/gdma_hal_top.c.obj
[118/1044] Linking C static library esp-idf/sdmmc/libsdmmc.a
[34/1044] Building C object esp-idf/esp_driver_twai/CMakeFiles/__idf_esp_driver_twai.dir/esp_twai.c.obj
[547/1044] Building C object esp-idf/hal/CMakeFiles/__idf_hal.dir/esp32s3/clk_tree_hal.c.obj
[548/1044] Building C object esp-idf/hal/CMakeFiles/__idf_hal.dir/mcpwm_hal.c.obj
[549/1044] Building C object esp-idf/esp_hw_support/CMakeFiles/__idf_esp_hw_support.dir/port/esp32s3/esp_memprot.c.obj
[550/1044] Building C object esp-idf/hal/CMakeFiles/__idf_hal.dir/i2c_hal.c.obj
[119/1044] Building C object esp-idf/esp_wifi/CMakeFiles/__idf_esp_wifi.dir/src/smartconfig_ack.c.obj
[551/1044] Building C object esp-idf/hal/CMakeFiles/__idf_hal.dir/sdm_hal.c.obj
[120/1044] Building C object esp-idf/wpa_supplicant/CMakeFiles/__idf_wpa_supplicant.dir/src/ap/ap_config.c.obj
[35/1044] Building C object esp-idf/driver/CMakeFiles/__idf_driver.dir/touch_sensor/touch_sensor_common.c.obj
[121/1044] Building C object esp-idf/esp_wifi/CMakeFiles/__idf_esp_wifi.dir/esp32s3/esp_adapter.c.obj
[552/1044] Building C object esp-idf/hal/CMakeFiles/__idf_hal.dir/uart_hal.c.obj
[122/1044] Building C object esp-idf/wpa_supplicant/CMakeFiles/__idf_wpa_supplicant.dir/src/ap/wpa_auth_ie.c.obj
[123/1044] Linking C static library esp-idf/esp_driver_i2s/libesp_driver_i2s.a
[553/1044] Building C object esp-idf/hal/CMakeFiles/__idf_hal.dir/twai_hal_sja1000.c.obj
[554/1044] Building C object esp-idf/hal/CMakeFiles/__idf_hal.dir/sdmmc_hal.c.obj
[124/1044] Building C object esp-idf/wpa_supplicant/CMakeFiles/__idf_wpa_supplicant.dir/port/os_xtensa.c.obj
[555/1044] Building C object esp-idf/hal/CMakeFiles/__idf_hal.dir/gdma_hal_ahb_v1.c.obj
[125/1044] Building C object esp-idf/esp_driver_spi/CMakeFiles/__idf_esp_driver_spi.dir/src/gpspi/spi_common.c.obj
[556/1044] Building C object esp-idf/hal/CMakeFiles/__idf_hal.dir/mpi_hal.c.obj
[126/1044] Building C object esp-idf/wpa_supplicant/CMakeFiles/__idf_wpa_supplicant.dir/src/ap/ieee802_1x.c.obj
[36/1044] Building C object esp-idf/esp-tls/CMakeFiles/__idf_esp-tls.dir/esp_tls.c.obj
[127/1044] Building C object esp-idf/esp_driver_spi/CMakeFiles/__idf_esp_driver_spi.dir/src/gpspi/spi_slave.c.obj
[557/1044] Building C object esp-idf/hal/CMakeFiles/__idf_hal.dir/brownout_hal.c.obj
[128/1044] Building C object esp-idf/esp_driver_pcnt/CMakeFiles/__idf_esp_driver_pcnt.dir/src/pulse_cnt.c.obj
[37/1044] Building C object esp-idf/esp_driver_tsens/CMakeFiles/__idf_esp_driver_tsens.dir/src/temperature_sensor.c.obj
[558/1044] Building C object esp-idf/hal/CMakeFiles/__idf_hal.dir/spi_hal.c.obj
[559/1044] Linking C static library esp-idf/esp_hw_support/libesp_hw_support.a
[129/1044] Building C object esp-idf/wpa_supplicant/CMakeFiles/__idf_wpa_supplicant.dir/src/ap/ieee802_11.c.obj
[560/1044] Building C object esp-idf/hal/CMakeFiles/__idf_hal.dir/spi_slave_hal.c.obj
[130/1044] Linking C static library esp-idf/esp_driver_mcpwm/libesp_driver_mcpwm.a
[561/1044] Building C object esp-idf/hal/CMakeFiles/__idf_hal.dir/lcd_hal.c.obj
[562/1044] Building C object esp-idf/hal/CMakeFiles/__idf_hal.dir/aes_hal.c.obj
[131/1044] Building C object esp-idf/wpa_supplicant/CMakeFiles/__idf_wpa_supplicant.dir/src/utils/bitfield.c.obj
[563/1044] Building C object esp-idf/hal/CMakeFiles/__idf_hal.dir/ds_hal.c.obj
[564/1044] Building C object esp-idf/hal/CMakeFiles/__idf_hal.dir/cam_hal.c.obj
[38/1044] Building C object esp-idf/esp_driver_i2c/CMakeFiles/__idf_esp_driver_i2c.dir/i2c_common.c.obj
[132/1044] Building C object esp-idf/wpa_supplicant/CMakeFiles/__idf_wpa_supplicant.dir/src/crypto/sha256-kdf.c.obj
[133/1044] Linking C static library esp-idf/esp_driver_pcnt/libesp_driver_pcnt.a
[134/1044] Building C object esp-idf/wpa_supplicant/CMakeFiles/__idf_wpa_supplicant.dir/src/ap/comeback_token.c.obj
[39/1044] Building C object esp-idf/esp_driver_sdm/CMakeFiles/__idf_esp_driver_sdm.dir/src/sdm.c.obj
[565/1044] Building C object esp-idf/hal/CMakeFiles/__idf_hal.dir/adc_oneshot_hal.c.obj
[566/1044] Building C object esp-idf/hal/CMakeFiles/__idf_hal.dir/sha_hal.c.obj
[40/1044] Building C object esp-idf/esp_driver_rmt/CMakeFiles/__idf_esp_driver_rmt.dir/src/rmt_common.c.obj
[135/1044] Building C object esp-idf/wpa_supplicant/CMakeFiles/__idf_wpa_supplicant.dir/port/eloop.c.obj
[567/1044] Building C object esp-idf/hal/CMakeFiles/__idf_hal.dir/i2s_hal.c.obj
[568/1044] Building C object esp-idf/hal/CMakeFiles/__idf_hal.dir/usb_serial_jtag_hal.c.obj
[136/1044] Building C object esp-idf/wpa_supplicant/CMakeFiles/__idf_wpa_supplicant.dir/src/ap/pmksa_cache_auth.c.obj
[569/1044] Linking C static library esp-idf/soc/libsoc.a
[570/1044] Building C object esp-idf/hal/CMakeFiles/__idf_hal.dir/hmac_hal.c.obj
[571/1044] Building C object esp-idf/hal/CMakeFiles/__idf_hal.dir/adc_hal_common.c.obj
[41/1044] Building C object esp-idf/esp_driver_rmt/CMakeFiles/__idf_esp_driver_rmt.dir/src/rmt_encoder_simple.c.obj
[572/1044] Building C object esp-idf/hal/CMakeFiles/__idf_hal.dir/spi_flash_hal_gpspi.c.obj
[137/1044] Linking C static library esp-idf/esp_gdbstub/libesp_gdbstub.a
[573/1044] Building C object esp-idf/esp_rom/CMakeFiles/__idf_esp_rom.dir/patches/esp_rom_crc.c.obj
[138/1044] Building C object esp-idf/wpa_supplicant/CMakeFiles/__idf_wpa_supplicant.dir/src/crypto/ccmp.c.obj
[42/1044] Building C object esp-idf/esp-tls/CMakeFiles/__idf_esp-tls.dir/esp_tls_mbedtls.c.obj
[574/1044] Building C object esp-idf/esp_rom/CMakeFiles/__idf_esp_rom.dir/patches/esp_rom_sys.c.obj
[139/1044] Building C object esp-idf/wpa_supplicant/CMakeFiles/__idf_wpa_supplicant.dir/src/ap/sta_info.c.obj
[43/1044] Building C object esp-idf/esp_driver_rmt/CMakeFiles/__idf_esp_driver_rmt.dir/src/rmt_encoder.c.obj
[44/1044] Building C object esp-idf/esp_driver_sdspi/CMakeFiles/__idf_esp_driver_sdspi.dir/src/sdspi_crc.c.obj
[575/1044] Building C object esp-idf/hal/CMakeFiles/__idf_hal.dir/usb_wrap_hal.c.obj
[45/1044] Building C object esp-idf/esp_driver_i2c/CMakeFiles/__idf_esp_driver_i2c.dir/i2c_slave.c.obj
[576/1044] Building C object esp-idf/hal/CMakeFiles/__idf_hal.dir/touch_sens_hal.c.obj
[577/1044] Building C object esp-idf/hal/CMakeFiles/__idf_hal.dir/spi_slave_hal_iram.c.obj
[578/1044] Building C object esp-idf/esp_rom/CMakeFiles/__idf_esp_rom.dir/patches/esp_rom_efuse.c.obj
[46/1044] Building C object esp-idf/esp_driver_rmt/CMakeFiles/__idf_esp_driver_rmt.dir/src/rmt_encoder_copy.c.obj
[140/1044] Building C object esp-idf/wpa_supplicant/CMakeFiles/__idf_wpa_supplicant.dir/src/crypto/dh_group5.c.obj
[579/1044] Building C object esp-idf/hal/CMakeFiles/__idf_hal.dir/xt_wdt_hal.c.obj
[580/1044] Building ASM object esp-idf/esp_rom/CMakeFiles/__idf_esp_rom.dir/patches/esp_rom_longjmp.S.obj
[581/1044] Building C object esp-idf/hal/CMakeFiles/__idf_hal.dir/adc_hal.c.obj
[582/1044] Building C object esp-idf/esp_rom/CMakeFiles/__idf_esp_rom.dir/patches/esp_rom_spiflash.c.obj
[141/1044] Building C object esp-idf/wpa_supplicant/CMakeFiles/__idf_wpa_supplicant.dir/src/crypto/sha1-tlsprf.c.obj
[142/1044] Building C object esp-idf/wpa_supplicant/CMakeFiles/__idf_wpa_supplicant.dir/src/crypto/crypto_ops.c.obj
[583/1044] Building C object esp-idf/hal/CMakeFiles/__idf_hal.dir/temperature_sensor_hal.c.obj
[584/1044] Building C object esp-idf/hal/CMakeFiles/__idf_hal.dir/touch_sensor_hal.c.obj
[143/1044] Building C object esp-idf/esp_driver_spi/CMakeFiles/__idf_esp_driver_spi.dir/src/gpspi/spi_master.c.obj
[585/1044] Building C object esp-idf/esp_rom/CMakeFiles/__idf_esp_rom.dir/patches/esp_rom_print.c.obj
[47/1044] Building C object esp-idf/esp_driver_rmt/CMakeFiles/__idf_esp_driver_rmt.dir/src/rmt_encoder_bytes.c.obj
[586/1044] Building C object esp-idf/heap/CMakeFiles/__idf_heap.dir/tlsf/tlsf.c.obj
[144/1044] Building C object esp-idf/wpa_supplicant/CMakeFiles/__idf_wpa_supplicant.dir/src/common/dragonfly.c.obj
[48/1044] Building C object esp-idf/esp_driver_sdmmc/CMakeFiles/__idf_esp_driver_sdmmc.dir/legacy/src/sdmmc_transaction.c.obj
[145/1044] Building C object esp-idf/wpa_supplicant/CMakeFiles/__idf_wpa_supplicant.dir/src/crypto/sha384-tlsprf.c.obj
[146/1044] Building C object esp-idf/wpa_supplicant/CMakeFiles/__idf_wpa_supplicant.dir/src/crypto/aes-gcm.c.obj
[587/1044] Building C object esp-idf/esp_rom/CMakeFiles/__idf_esp_rom.dir/patches/esp_rom_serial_output.c.obj
[588/1044] Building C object esp-idf/esp_rom/CMakeFiles/__idf_esp_rom.dir/patches/esp_rom_gpio.c.obj
[589/1044] Building ASM object esp-idf/esp_rom/CMakeFiles/__idf_esp_rom.dir/patches/esp_rom_cache_writeback_esp32s3.S.obj
[49/1044] Building C object esp-idf/esp_driver_twai/CMakeFiles/__idf_esp_driver_twai.dir/esp_twai_onchip.c.obj
[147/1044] Linking C static library esp-idf/esp_driver_spi/libesp_driver_spi.a
[590/1044] Building C object esp-idf/hal/CMakeFiles/__idf_hal.dir/spi_slave_hd_hal.c.obj
[591/1044] Building C object esp-idf/esp_rom/CMakeFiles/__idf_esp_rom.dir/patches/esp_rom_systimer.c.obj
[592/1044] Building C object esp-idf/esp_system/CMakeFiles/__idf_esp_system.dir/esp_system_console.c.obj
[148/1044] Building C object esp-idf/wpa_supplicant/CMakeFiles/__idf_wpa_supplicant.dir/src/crypto/aes-siv.c.obj
[593/1044] Building C object esp-idf/esp_rom/CMakeFiles/__idf_esp_rom.dir/patches/esp_rom_wdt.c.obj
[149/1044] Building C object esp-idf/wpa_supplicant/CMakeFiles/__idf_wpa_supplicant.dir/src/crypto/dh_groups.c.obj
[594/1044] Linking C static library esp-idf/heap/libheap.a
[595/1044] Building C object esp-idf/hal/CMakeFiles/__idf_hal.dir/esp32s3/touch_sensor_hal.c.obj
[596/1044] Building C object esp-idf/esp_rom/CMakeFiles/__idf_esp_rom.dir/patches/esp_rom_cache_esp32s2_esp32s3.c.obj
[597/1044] Building C object esp-idf/esp_system/CMakeFiles/__idf_esp_system.dir/esp_err.c.obj
[598/1044] Building C object esp-idf/hal/CMakeFiles/__idf_hal.dir/esp32s3/rtc_cntl_hal.c.obj
[599/1044] Building C object esp-idf/hal/CMakeFiles/__idf_hal.dir/usb_dwc_hal.c.obj
[600/1044] Building C object esp-idf/esp_system/CMakeFiles/__idf_esp_system.dir/esp_ipc.c.obj
[150/1044] Building C object esp-idf/wpa_supplicant/CMakeFiles/__idf_wpa_supplicant.dir/src/crypto/md4-internal.c.obj
[50/1044] Building C object esp-idf/esp_driver_sd_intf/CMakeFiles/__idf_esp_driver_sd_intf.dir/sd_host.c.obj
[151/1044] Building C object esp-idf/wpa_supplicant/CMakeFiles/__idf_wpa_supplicant.dir/src/crypto/sha256-tlsprf.c.obj
[601/1044] Building C object esp-idf/esp_system/CMakeFiles/__idf_esp_system.dir/freertos_hooks.c.obj
[152/1044] Linking C static library esp-idf/esp_wifi/libesp_wifi.a
[51/1044] Building C object esp-idf/esp_http_client/CMakeFiles/__idf_esp_http_client.dir/esp_http_client.c.obj
[153/1044] Building C object esp-idf/wpa_supplicant/CMakeFiles/__idf_wpa_supplicant.dir/src/crypto/sha256-prf.c.obj
[602/1044] Linking C static library esp-idf/log/liblog.a
[52/1044] Building C object esp-idf/driver/CMakeFiles/__idf_driver.dir/touch_sensor/esp32s3/touch_sensor.c.obj
[154/1044] Building C object esp-idf/wpa_supplicant/CMakeFiles/__idf_wpa_supplicant.dir/src/crypto/ms_funcs.c.obj
[155/1044] Building C object esp-idf/wpa_supplicant/CMakeFiles/__idf_wpa_supplicant.dir/src/crypto/sha384-prf.c.obj
[156/1044] Building C object esp-idf/wpa_supplicant/CMakeFiles/__idf_wpa_supplicant.dir/src/crypto/sha1-prf.c.obj
[53/1044] Building C object esp-idf/esp_driver_sdspi/CMakeFiles/__idf_esp_driver_sdspi.dir/src/sdspi_transaction.c.obj
[603/1044] Building C object esp-idf/hal/CMakeFiles/__idf_hal.dir/spi_hal_iram.c.obj
[157/1044] Building C object esp-idf/wpa_supplicant/CMakeFiles/__idf_wpa_supplicant.dir/src/eap_peer/chap.c.obj
[54/1044] Linking C static library esp-idf/esp_http_client/libesp_http_client.a
[604/1044] Building C object esp-idf/esp_system/CMakeFiles/__idf_esp_system.dir/int_wdt.c.obj
[605/1044] Building C object esp-idf/esp_system/CMakeFiles/__idf_esp_system.dir/stack_check.c.obj
[606/1044] Building C object esp-idf/esp_system/CMakeFiles/__idf_esp_system.dir/esp_system.c.obj
[607/1044] Building C object esp-idf/esp_system/CMakeFiles/__idf_esp_system.dir/startup.c.obj
[608/1044] Building C object esp-idf/esp_system/CMakeFiles/__idf_esp_system.dir/system_time.c.obj
[609/1044] Building C object esp-idf/esp_system/CMakeFiles/__idf_esp_system.dir/crosscore_int.c.obj
[610/1044] Building C object esp-idf/esp_system/CMakeFiles/__idf_esp_system.dir/ubsan.c.obj
[158/1044] Building C object esp-idf/wpa_supplicant/CMakeFiles/__idf_wpa_supplicant.dir/src/crypto/sha1-tprf.c.obj
[55/1044] Linking C static library esp-idf/tcp_transport/libtcp_transport.a
[611/1044] Building C object esp-idf/esp_system/CMakeFiles/__idf_esp_system.dir/port/esp_system_chip.c.obj
[56/1044] Building C object esp-idf/sdmmc/CMakeFiles/__idf_sdmmc.dir/sdmmc_common.c.obj
[159/1044] Building C object esp-idf/wpa_supplicant/CMakeFiles/__idf_wpa_supplicant.dir/src/eap_common/eap_wsc_common.c.obj
[612/1044] Building ASM object esp-idf/esp_system/CMakeFiles/__idf_esp_system.dir/port/arch/xtensa/esp_ipc_isr_handler.S.obj
[613/1044] Linking C static library esp-idf/hal/libhal.a
[160/1044] Building C object esp-idf/wpa_supplicant/CMakeFiles/__idf_wpa_supplicant.dir/src/common/ieee802_11_common.c.obj
[614/1044] Building ASM object esp-idf/esp_system/CMakeFiles/__idf_esp_system.dir/port/arch/xtensa/esp_ipc_isr_routines.S.obj
[615/1044] Building ASM object esp-idf/esp_system/CMakeFiles/__idf_esp_system.dir/port/arch/xtensa/panic_handler_asm.S.obj
[616/1044] Building ASM object esp-idf/esp_system/CMakeFiles/__idf_esp_system.dir/port/arch/xtensa/expression_with_stack_asm.S.obj
[57/1044] Linking C static library esp-idf/esp_adc/libesp_adc.a
[58/1044] Building C object esp-idf/http_parser/CMakeFiles/__idf_http_parser.dir/http_parser.c.obj
[617/1044] Building ASM object esp-idf/esp_system/CMakeFiles/__idf_esp_system.dir/port/arch/xtensa/debug_helpers_asm.S.obj
[59/1044] Building C object esp-idf/esp_driver_rmt/CMakeFiles/__idf_esp_driver_rmt.dir/src/rmt_rx.c.obj
[618/1044] Building C object esp-idf/esp_system/CMakeFiles/__idf_esp_system.dir/port/panic_handler.c.obj
[161/1044] Building C object esp-idf/wpa_supplicant/CMakeFiles/__idf_wpa_supplicant.dir/src/common/wpa_common.c.obj
[162/1044] Building C object esp-idf/wpa_supplicant/CMakeFiles/__idf_wpa_supplicant.dir/src/eap_peer/eap_peap_common.c.obj
[619/1044] Linking C static library esp-idf/esp_rom/libesp_rom.a
[620/1044] Building C object esp-idf/esp_system/CMakeFiles/__idf_esp_system.dir/port/arch/xtensa/esp_ipc_isr_port.c.obj
[60/1044] Linking C static library esp-idf/esp-tls/libesp-tls.a
[163/1044] Building C object esp-idf/wpa_supplicant/CMakeFiles/__idf_wpa_supplicant.dir/src/rsn_supp/pmksa_cache.c.obj
[621/1044] Building C object esp-idf/esp_system/CMakeFiles/__idf_esp_system.dir/port/arch/xtensa/debug_stubs.c.obj
[61/1044] Building C object esp-idf/esp_driver_sdmmc/CMakeFiles/__idf_esp_driver_sdmmc.dir/legacy/src/sdmmc_host.c.obj
[622/1044] Building C object esp-idf/esp_system/CMakeFiles/__idf_esp_system.dir/port/esp_ipc_isr.c.obj
[62/1044] Building C object esp-idf/driver/CMakeFiles/__idf_driver.dir/i2c/i2c.c.obj
[63/1044] Building C object esp-idf/sdmmc/CMakeFiles/__idf_sdmmc.dir/sdmmc_init.c.obj
[64/1044] Building C object esp-idf/esp_driver_sdspi/CMakeFiles/__idf_esp_driver_sdspi.dir/src/sdspi_host.c.obj
[623/1044] Building C object esp-idf/esp_system/CMakeFiles/__idf_esp_system.dir/xt_wdt.c.obj
[164/1044] Building C object esp-idf/wpa_supplicant/CMakeFiles/__idf_wpa_supplicant.dir/src/eap_peer/eap_common.c.obj
[624/1044] Building C object esp-idf/esp_system/CMakeFiles/__idf_esp_system.dir/port/image_process.c.obj
[65/1044] Building C object esp-idf/sdmmc/CMakeFiles/__idf_sdmmc.dir/sd_pwr_ctrl/sd_pwr_ctrl.c.obj
[66/1044] Linking C static library esp-idf/http_parser/libhttp_parser.a
[165/1044] Building C object esp-idf/wpa_supplicant/CMakeFiles/__idf_wpa_supplicant.dir/src/eap_peer/eap_tls.c.obj
[166/1044] Building C object esp-idf/wpa_supplicant/CMakeFiles/__idf_wpa_supplicant.dir/src/eap_peer/eap_fast_common.c.obj
[67/1044] Building C object esp-idf/esp_driver_i2c/CMakeFiles/__idf_esp_driver_i2c.dir/i2c_master.c.obj
[167/1044] Building C object esp-idf/wpa_supplicant/CMakeFiles/__idf_wpa_supplicant.dir/src/eap_peer/eap.c.obj
[625/1044] Building C object esp-idf/esp_common/CMakeFiles/__idf_esp_common.dir/src/esp_err_to_name.c.obj
[626/1044] Building C object esp-idf/spi_flash/CMakeFiles/__idf_spi_flash.dir/flash_brownout_hook.c.obj
[627/1044] Building ASM object esp-idf/esp_system/CMakeFiles/__idf_esp_system.dir/port/soc/esp32s3/highint_hdl.S.obj
[168/1044] Building C object esp-idf/wpa_supplicant/CMakeFiles/__idf_wpa_supplicant.dir/src/ap/wpa_auth.c.obj
[628/1044] Building C object esp-idf/esp_system/CMakeFiles/__idf_esp_system.dir/port/soc/esp32s3/reset_reason.c.obj
[629/1044] Building C object esp-idf/esp_system/CMakeFiles/__idf_esp_system.dir/port/arch/xtensa/expression_with_stack.c.obj
[630/1044] Building C object esp-idf/esp_system/CMakeFiles/__idf_esp_system.dir/port/arch/xtensa/trax.c.obj
[68/1044] Building C object esp-idf/esp_driver_sdmmc/CMakeFiles/__idf_esp_driver_sdmmc.dir/src/sd_trans_sdmmc.c.obj
[631/1044] Building C object esp-idf/esp_system/CMakeFiles/__idf_esp_system.dir/panic.c.obj
[632/1044] Linking C static library esp-idf/esp_common/libesp_common.a
[169/1044] Building C object esp-idf/wpa_supplicant/CMakeFiles/__idf_wpa_supplicant.dir/src/eap_peer/mschapv2.c.obj
[633/1044] Building C object esp-idf/esp_system/CMakeFiles/__idf_esp_system.dir/port/soc/esp32s3/apb_backup_dma.c.obj
[634/1044] Building C object esp-idf/esp_system/CMakeFiles/__idf_esp_system.dir/startup_funcs.c.obj
[170/1044] Building C object esp-idf/wpa_supplicant/CMakeFiles/__idf_wpa_supplicant.dir/src/eap_peer/eap_fast_pac.c.obj
[635/1044] Building C object esp-idf/esp_system/CMakeFiles/__idf_esp_system.dir/task_wdt/task_wdt_impl_timergroup.c.obj
[636/1044] Building C object esp-idf/esp_system/CMakeFiles/__idf_esp_system.dir/port/arch/xtensa/panic_arch.c.obj
[637/1044] Building C object esp-idf/spi_flash/CMakeFiles/__idf_spi_flash.dir/spi_flash_chip_issi.c.obj
[69/1044] Building C object esp-idf/driver/CMakeFiles/__idf_driver.dir/deprecated/rmt_legacy.c.obj
[638/1044] Building C object esp-idf/spi_flash/CMakeFiles/__idf_spi_flash.dir/spi_flash_chip_drivers.c.obj
[70/1044] Building C object esp-idf/sdmmc/CMakeFiles/__idf_sdmmc.dir/sdmmc_io.c.obj
[171/1044] Building C object esp-idf/wpa_supplicant/CMakeFiles/__idf_wpa_supplicant.dir/src/utils/uuid.c.obj
[639/1044] Building C object esp-idf/spi_flash/CMakeFiles/__idf_spi_flash.dir/esp32s3/spi_flash_oct_flash_init.c.obj
[71/1044] Building C object esp-idf/sdmmc/CMakeFiles/__idf_sdmmc.dir/sdmmc_mmc.c.obj
[640/1044] Building C object esp-idf/esp_system/CMakeFiles/__idf_esp_system.dir/port/soc/esp32s3/clk.c.obj
[641/1044] Building C object esp-idf/esp_system/CMakeFiles/__idf_esp_system.dir/port/soc/esp32s3/cache_err_int.c.obj
[642/1044] Building C object esp-idf/esp_system/CMakeFiles/__idf_esp_system.dir/port/soc/esp32s3/system_internal.c.obj
[172/1044] Building C object esp-idf/wpa_supplicant/CMakeFiles/__idf_wpa_supplicant.dir/src/eap_peer/eap_peap.c.obj
[72/1044] Linking C static library esp-idf/driver/libdriver.a
[643/1044] Building C object esp-idf/spi_flash/CMakeFiles/__idf_spi_flash.dir/spi_flash_chip_mxic.c.obj
[644/1044] Building C object esp-idf/spi_flash/CMakeFiles/__idf_spi_flash.dir/spi_flash_chip_gd.c.obj
[173/1044] Building C object esp-idf/wpa_supplicant/CMakeFiles/__idf_wpa_supplicant.dir/src/utils/base64.c.obj
[645/1044] Building C object esp-idf/esp_system/CMakeFiles/__idf_esp_system.dir/task_wdt/task_wdt.c.obj
[646/1044] Building C object esp-idf/esp_system/CMakeFiles/__idf_esp_system.dir/port/arch/xtensa/debug_helpers.c.obj
[647/1044] Building C object esp-idf/spi_flash/CMakeFiles/__idf_spi_flash.dir/spi_flash_chip_boya.c.obj
[174/1044] Building C object esp-idf/wpa_supplicant/CMakeFiles/__idf_wpa_supplicant.dir/src/utils/wpa_debug.c.obj
[648/1044] Building C object esp-idf/spi_flash/CMakeFiles/__idf_spi_flash.dir/spi_flash_chip_th.c.obj
[175/1044] Building C object esp-idf/wpa_supplicant/CMakeFiles/__idf_wpa_supplicant.dir/src/eap_peer/eap_mschapv2.c.obj
[73/1044] Building C object esp-idf/esp_driver_i2s/CMakeFiles/__idf_esp_driver_i2s.dir/i2s_std.c.obj
[649/1044] Building C object esp-idf/esp_system/CMakeFiles/__idf_esp_system.dir/port/cpu_start.c.obj
[74/1044] Linking C static library esp-idf/esp_driver_twai/libesp_driver_twai.a
[75/1044] Building C object esp-idf/esp_driver_ledc/CMakeFiles/__idf_esp_driver_ledc.dir/src/ledc.c.obj
[76/1044] Building C object esp-idf/sdmmc/CMakeFiles/__idf_sdmmc.dir/sdmmc_cmd.c.obj
[650/1044] Building C object esp-idf/spi_flash/CMakeFiles/__idf_spi_flash.dir/spi_flash_hpm_enable.c.obj
[651/1044] Building C object esp-idf/spi_flash/CMakeFiles/__idf_spi_flash.dir/memspi_host_driver.c.obj
[176/1044] Building C object esp-idf/wpa_supplicant/CMakeFiles/__idf_wpa_supplicant.dir/src/utils/ext_password.c.obj
[77/1044] Building C object esp-idf/esp_driver_i2s/CMakeFiles/__idf_esp_driver_i2s.dir/i2s_platform.c.obj
[177/1044] Building C object esp-idf/wpa_supplicant/CMakeFiles/__idf_wpa_supplicant.dir/src/eap_peer/eap_ttls.c.obj
[178/1044] Building C object esp-idf/wpa_supplicant/CMakeFiles/__idf_wpa_supplicant.dir/src/common/sae.c.obj
[652/1044] Building C object esp-idf/spi_flash/CMakeFiles/__idf_spi_flash.dir/flash_mmap.c.obj
[78/1044] Building C object esp-idf/esp_driver_rmt/CMakeFiles/__idf_esp_driver_rmt.dir/src/rmt_tx.c.obj
[79/1044] Linking C static library esp-idf/esp_driver_ledc/libesp_driver_ledc.a
[653/1044] Building C object esp-idf/esp_mm/CMakeFiles/__idf_esp_mm.dir/port/esp32s3/ext_mem_layout.c.obj
[179/1044] Building C object esp-idf/wpa_supplicant/CMakeFiles/__idf_wpa_supplicant.dir/src/eap_peer/eap_tls_common.c.obj
[80/1044] Building C object esp-idf/esp_driver_mcpwm/CMakeFiles/__idf_esp_driver_mcpwm.dir/src/mcpwm_sync.c.obj
[654/1044] Building C object esp-idf/spi_flash/CMakeFiles/__idf_spi_flash.dir/spi_flash_chip_winbond.c.obj
[180/1044] Building C object esp-idf/wpa_supplicant/CMakeFiles/__idf_wpa_supplicant.dir/src/utils/json.c.obj
[181/1044] Building C object esp-idf/wpa_supplicant/CMakeFiles/__idf_wpa_supplicant.dir/src/wps/wps.c.obj
[655/1044] Building C object esp-idf/esp_mm/CMakeFiles/__idf_esp_mm.dir/heap_align_hw.c.obj
[81/1044] Building C object esp-idf/esp_driver_i2s/CMakeFiles/__idf_esp_driver_i2s.dir/i2s_pdm.c.obj
[656/1044] Building C object esp-idf/spi_flash/CMakeFiles/__idf_spi_flash.dir/spi_flash_chip_mxic_opi.c.obj
[657/1044] Linking C static library esp-idf/esp_system/libesp_system.a
[182/1044] Building C object esp-idf/wpa_supplicant/CMakeFiles/__idf_wpa_supplicant.dir/src/rsn_supp/wpa_ie.c.obj
[82/1044] Building C object esp-idf/esp_driver_sdmmc/CMakeFiles/__idf_esp_driver_sdmmc.dir/src/sd_host_sdmmc.c.obj
[658/1044] Building C object esp-idf/spi_flash/CMakeFiles/__idf_spi_flash.dir/spi_flash_os_func_noos.c.obj
[83/1044] Building C object esp-idf/esp_driver_mcpwm/CMakeFiles/__idf_esp_driver_mcpwm.dir/src/mcpwm_fault.c.obj
[659/1044] Building C object esp-idf/spi_flash/CMakeFiles/__idf_spi_flash.dir/spi_flash_wrap.c.obj
[183/1044] Building C object esp-idf/wpa_supplicant/CMakeFiles/__idf_wpa_supplicant.dir/src/utils/wpabuf.c.obj
[84/1044] Building C object esp-idf/esp_driver_mcpwm/CMakeFiles/__idf_esp_driver_mcpwm.dir/src/mcpwm_com.c.obj
[85/1044] Building C object esp-idf/esp_gdbstub/CMakeFiles/__idf_esp_gdbstub.dir/src/packet.c.obj
[184/1044] Building C object esp-idf/wpa_supplicant/CMakeFiles/__idf_wpa_supplicant.dir/src/wps/wps_attr_parse.c.obj
[660/1044] Building C object esp-idf/bootloader_support/CMakeFiles/__idf_bootloader_support.dir/src/bootloader_mem.c.obj
[86/1044] Building C object esp-idf/sdmmc/CMakeFiles/__idf_sdmmc.dir/sdmmc_sd.c.obj
[185/1044] Building C object esp-idf/wpa_supplicant/CMakeFiles/__idf_wpa_supplicant.dir/src/wps/wps_dev_attr.c.obj
[87/1044] Building C object esp-idf/esp_gdbstub/CMakeFiles/__idf_esp_gdbstub.dir/src/gdbstub_transport.c.obj
[88/1044] Linking C static library esp-idf/esp_driver_i2c/libesp_driver_i2c.a
[186/1044] Building C object esp-idf/wpa_supplicant/CMakeFiles/__idf_wpa_supplicant.dir/esp_supplicant/src/esp_wpa2_api_port.c.obj
[89/1044] Building C object esp-idf/esp_driver_i2s/CMakeFiles/__idf_esp_driver_i2s.dir/i2s_tdm.c.obj
[90/1044] Building C object esp-idf/esp_driver_mcpwm/CMakeFiles/__idf_esp_driver_mcpwm.dir/src/mcpwm_cap.c.obj
[661/1044] Building C object esp-idf/spi_flash/CMakeFiles/__idf_spi_flash.dir/flash_ops.c.obj
[91/1044] Building C object esp-idf/esp_driver_mcpwm/CMakeFiles/__idf_esp_driver_mcpwm.dir/src/mcpwm_cmpr.c.obj
[187/1044] Building C object esp-idf/wpa_supplicant/CMakeFiles/__idf_wpa_supplicant.dir/src/wps/wps_attr_build.c.obj
[92/1044] Building ASM object esp-idf/esp_gdbstub/CMakeFiles/__idf_esp_gdbstub.dir/src/port/xtensa/gdbstub-entry.S.obj
[188/1044] Building C object esp-idf/wpa_supplicant/CMakeFiles/__idf_wpa_supplicant.dir/src/utils/common.c.obj
[93/1044] Building ASM object esp-idf/esp_gdbstub/CMakeFiles/__idf_esp_gdbstub.dir/src/port/xtensa/xt_debugexception.S.obj
[94/1044] Building C object esp-idf/esp_gdbstub/CMakeFiles/__idf_esp_gdbstub.dir/src/port/xtensa/gdbstub_xtensa.c.obj
[662/1044] Building C object esp-idf/esp_mm/CMakeFiles/__idf_esp_mm.dir/esp_cache_utils.c.obj
[95/1044] Linking C static library esp-idf/esp_driver_sdm/libesp_driver_sdm.a
[663/1044] Building C object esp-idf/spi_flash/CMakeFiles/__idf_spi_flash.dir/cache_utils.c.obj
[664/1044] Building C object esp-idf/bootloader_support/CMakeFiles/__idf_bootloader_support.dir/src/bootloader_random.c.obj
[665/1044] Building C object esp-idf/bootloader_support/CMakeFiles/__idf_bootloader_support.dir/src/bootloader_clock_init.c.obj
[96/1044] Building C object esp-idf/esp_driver_mcpwm/CMakeFiles/__idf_esp_driver_mcpwm.dir/src/mcpwm_oper.c.obj
[666/1044] Building C object esp-idf/spi_flash/CMakeFiles/__idf_spi_flash.dir/spi_flash_chip_generic.c.obj
[189/1044] Building C object esp-idf/wpa_supplicant/CMakeFiles/__idf_wpa_supplicant.dir/esp_supplicant/src/esp_owe.c.obj
[667/1044] Building C object esp-idf/bootloader_support/CMakeFiles/__idf_bootloader_support.dir/src/bootloader_efuse.c.obj
[97/1044] Linking C static library esp-idf/esp_driver_tsens/libesp_driver_tsens.a
[98/1044] Building C object esp-idf/esp_wifi/CMakeFiles/__idf_esp_wifi.dir/src/lib_printf.c.obj
[668/1044] Building C object esp-idf/spi_flash/CMakeFiles/__idf_spi_flash.dir/spi_flash_os_func_app.c.obj
[669/1044] Building C object esp-idf/esp_mm/CMakeFiles/__idf_esp_mm.dir/esp_cache_msync.c.obj
[190/1044] Building C object esp-idf/wpa_supplicant/CMakeFiles/__idf_wpa_supplicant.dir/src/wps/wps_attr_process.c.obj
[99/1044] Building C object esp-idf/esp_wifi/CMakeFiles/__idf_esp_wifi.dir/src/mesh_event.c.obj
[100/1044] Linking C static library esp-idf/esp_driver_rmt/libesp_driver_rmt.a
[101/1044] Building C object esp-idf/esp_wifi/CMakeFiles/__idf_esp_wifi.dir/src/wifi_default_ap.c.obj
[102/1044] Building C object esp-idf/esp_driver_mcpwm/CMakeFiles/__idf_esp_driver_mcpwm.dir/src/mcpwm_gen.c.obj
[670/1044] Building C object esp-idf/bootloader_support/CMakeFiles/__idf_bootloader_support.dir/src/bootloader_random_esp32s3.c.obj
[671/1044] Building C object esp-idf/bootloader_support/CMakeFiles/__idf_bootloader_support.dir/src/esp32s3/secure_boot_secure_features.c.obj
[103/1044] Building C object esp-idf/esp_wifi/CMakeFiles/__idf_esp_wifi.dir/src/wifi_netif.c.obj
[104/1044] Linking C static library esp-idf/esp_driver_sdspi/libesp_driver_sdspi.a
[672/1044] Building C object esp-idf/bootloader_support/CMakeFiles/__idf_bootloader_support.dir/src/flash_partitions.c.obj
[191/1044] Building C object esp-idf/wpa_supplicant/CMakeFiles/__idf_wpa_supplicant.dir/src/wps/wps_common.c.obj
[105/1044] Building C object esp-idf/esp_coex/CMakeFiles/__idf_esp_coex.dir/src/coexist_debug_diagram.c.obj
[673/1044] Building C object esp-idf/mbedtls/mbedtls/library/CMakeFiles/mbedtls.dir/debug.c.obj
[106/1044] Building C object esp-idf/esp_wifi/CMakeFiles/__idf_esp_wifi.dir/src/smartconfig.c.obj
[674/1044] Building C object esp-idf/bootloader_support/CMakeFiles/__idf_bootloader_support.dir/src/flash_encrypt.c.obj
[107/1044] Building C object esp-idf/esp_wifi/CMakeFiles/__idf_esp_wifi.dir/regulatory/esp_wifi_regulatory.c.obj
[192/1044] Building C object esp-idf/wpa_supplicant/CMakeFiles/__idf_wpa_supplicant.dir/esp_supplicant/src/esp_common.c.obj
[108/1044] Building C object esp-idf/esp_wifi/CMakeFiles/__idf_esp_wifi.dir/src/wifi_default.c.obj
[675/1044] Building C object esp-idf/spi_flash/CMakeFiles/__idf_spi_flash.dir/esp_flash_spi_init.c.obj
[109/1044] Linking C static library esp-idf/esp_driver_sdmmc/libesp_driver_sdmmc.a
[193/1044] Building C object esp-idf/wpa_supplicant/CMakeFiles/__idf_wpa_supplicant.dir/esp_supplicant/src/crypto/fastpsk.c.obj
[676/1044] Building C object esp-idf/bootloader_support/CMakeFiles/__idf_bootloader_support.dir/src/bootloader_common.c.obj
[110/1044] Building C object esp-idf/esp_gdbstub/CMakeFiles/__idf_esp_gdbstub.dir/src/gdbstub.c.obj
[677/1044] Building C object esp-idf/bootloader_support/CMakeFiles/__idf_bootloader_support.dir/src/secure_boot.c.obj
[678/1044] Building C object esp-idf/bootloader_support/CMakeFiles/__idf_bootloader_support.dir/src/bootloader_sha.c.obj
[194/1044] Building C object esp-idf/wpa_supplicant/CMakeFiles/__idf_wpa_supplicant.dir/esp_supplicant/src/esp_wpas_glue.c.obj
[111/1044] Building C object esp-idf/esp_coex/CMakeFiles/__idf_esp_coex.dir/src/coexist_debug.c.obj
[679/1044] Building C object esp-idf/mbedtls/mbedtls/library/CMakeFiles/mbedtls.dir/mps_reader.c.obj
[680/1044] Building C object esp-idf/bootloader_support/CMakeFiles/__idf_bootloader_support.dir/bootloader_flash/src/flash_qio_mode.c.obj
[112/1044] Building C object esp-idf/esp_wifi/CMakeFiles/__idf_esp_wifi.dir/src/wifi_init.c.obj
[113/1044] Linking C static library esp-idf/esp_driver_sd_intf/libesp_driver_sd_intf.a
[681/1044] Building C object esp-idf/mbedtls/mbedtls/library/CMakeFiles/mbedtls.dir/mps_trace.c.obj
[195/1044] Building C object esp-idf/wpa_supplicant/CMakeFiles/__idf_wpa_supplicant.dir/src/common/sae_pk.c.obj
[682/1044] Building C object esp-idf/mbedtls/mbedtls/library/CMakeFiles/mbedtls.dir/ssl_cookie.c.obj
[114/1044] Building C object esp-idf/esp_driver_spi/CMakeFiles/__idf_esp_driver_spi.dir/src/gpspi/spi_slave.c.obj
[683/1044] Building C object esp-idf/bootloader_support/CMakeFiles/__idf_bootloader_support.dir/src/bootloader_common_loader.c.obj
[684/1044] Building C object esp-idf/esp_mm/CMakeFiles/__idf_esp_mm.dir/esp_mmu_map.c.obj
[115/1044] Building C object esp-idf/esp_driver_spi/CMakeFiles/__idf_esp_driver_spi.dir/src/gpspi/spi_slave_hd.c.obj
[116/1044] Building C object esp-idf/esp_coex/CMakeFiles/__idf_esp_coex.dir/esp32s3/esp_coex_adapter.c.obj
[117/1044] Linking C static library esp-idf/sdmmc/libsdmmc.a
[685/1044] Building C object esp-idf/mbedtls/mbedtls/library/CMakeFiles/mbedtls.dir/ssl_cache.c.obj
[686/1044] Building C object esp-idf/mbedtls/mbedtls/library/CMakeFiles/mbedtls.dir/ssl_tls13_client.c.obj
[687/1044] Building C object esp-idf/mbedtls/mbedtls/library/CMakeFiles/mbedtls.dir/ssl_tls13_server.c.obj
[196/1044] Building C object esp-idf/wpa_supplicant/CMakeFiles/__idf_wpa_supplicant.dir/src/wps/wps_enrollee.c.obj
[197/1044] Building C object esp-idf/wpa_supplicant/CMakeFiles/__idf_wpa_supplicant.dir/esp_supplicant/src/esp_wpa_main.c.obj
[198/1044] Building C object esp-idf/wpa_supplicant/CMakeFiles/__idf_wpa_supplicant.dir/esp_supplicant/src/crypto/crypto_mbedtls.c.obj
[688/1044] Building C object esp-idf/mbedtls/mbedtls/library/CMakeFiles/mbedtls.dir/ssl_tls13_generic.c.obj
[689/1044] Building C object esp-idf/mbedtls/mbedtls/library/CMakeFiles/mbedtls.dir/ssl_tls13_keys.c.obj
[690/1044] Building C object esp-idf/bootloader_support/CMakeFiles/__idf_bootloader_support.dir/bootloader_flash/src/bootloader_flash_config_esp32s3.c.obj
[691/1044] Building C object esp-idf/mbedtls/mbedtls/library/CMakeFiles/mbedtls.dir/ssl_debug_helpers_generated.c.obj
[118/1044] Building C object esp-idf/esp_wifi/CMakeFiles/__idf_esp_wifi.dir/src/smartconfig_ack.c.obj
[199/1044] Linking C static library esp-idf/esp_coex/libesp_coex.a
[692/1044] Building C object esp-idf/bootloader_support/CMakeFiles/__idf_bootloader_support.dir/bootloader_flash/src/bootloader_flash.c.obj
[119/1044] Building C object esp-idf/esp_driver_i2s/CMakeFiles/__idf_esp_driver_i2s.dir/i2s_common.c.obj
[200/1044] Building C object esp-idf/wpa_supplicant/CMakeFiles/__idf_wpa_supplicant.dir/src/crypto/rc4.c.obj
[693/1044] Building C object esp-idf/spi_flash/CMakeFiles/__idf_spi_flash.dir/esp_flash_api.c.obj
[201/1044] Building C object esp-idf/wpa_supplicant/CMakeFiles/__idf_wpa_supplicant.dir/src/crypto/aes-wrap.c.obj
[202/1044] Building C object esp-idf/wpa_supplicant/CMakeFiles/__idf_wpa_supplicant.dir/esp_supplicant/src/esp_hostap.c.obj
[120/1044] Building C object esp-idf/esp_driver_mcpwm/CMakeFiles/__idf_esp_driver_mcpwm.dir/src/mcpwm_timer.c.obj
[203/1044] Building C object esp-idf/wpa_supplicant/CMakeFiles/__idf_wpa_supplicant.dir/esp_supplicant/src/crypto/crypto_mbedtls-rsa.c.obj
[204/1044] Building C object esp-idf/wpa_supplicant/CMakeFiles/__idf_wpa_supplicant.dir/src/crypto/des-internal.c.obj
[121/1044] Linking C static library esp-idf/esp_driver_i2s/libesp_driver_i2s.a
[694/1044] Building C object 'esp-idf/mbedtls/mbedtls/library/CMakeFiles/mbedtls.dir/home/tikhon/Документы/magnolia/esp-idf/components/mbedtls/port/mbedtls_debug.c.obj'
[122/1044] Building C object esp-idf/wpa_supplicant/CMakeFiles/__idf_wpa_supplicant.dir/src/ap/ieee802_1x.c.obj
[695/1044] Building C object 'esp-idf/mbedtls/mbedtls/library/CMakeFiles/mbedtls.dir/home/tikhon/Документы/magnolia/esp-idf/components/mbedtls/port/esp_platform_time.c.obj'
[696/1044] Building C object esp-idf/mbedtls/mbedtls/library/CMakeFiles/mbedtls.dir/ssl_ciphersuites.c.obj
[205/1044] Building C object esp-idf/wpa_supplicant/CMakeFiles/__idf_wpa_supplicant.dir/src/eap_peer/eap_fast.c.obj
[123/1044] Building C object esp-idf/wpa_supplicant/CMakeFiles/__idf_wpa_supplicant.dir/src/ap/pmksa_cache_auth.c.obj
[206/1044] Building C object esp-idf/esp_netif/CMakeFiles/__idf_esp_netif.dir/esp_netif_defaults.c.obj
[207/1044] Building C object esp-idf/wpa_supplicant/CMakeFiles/__idf_wpa_supplicant.dir/src/crypto/aes-unwrap.c.obj
[208/1044] Building C object esp-idf/wpa_supplicant/CMakeFiles/__idf_wpa_supplicant.dir/esp_supplicant/src/crypto/crypto_mbedtls-bignum.c.obj
[697/1044] Building C object esp-idf/bootloader_support/CMakeFiles/__idf_bootloader_support.dir/src/esp_image_format.c.obj
[698/1044] Building C object esp-idf/mbedtls/mbedtls/library/CMakeFiles/mbedx509.dir/x509_create.c.obj
[124/1044] Building C object esp-idf/wpa_supplicant/CMakeFiles/__idf_wpa_supplicant.dir/port/os_xtensa.c.obj
[699/1044] Building C object esp-idf/mbedtls/mbedtls/library/CMakeFiles/mbedx509.dir/x509write_crt.c.obj
[209/1044] Building C object esp-idf/esp_netif/CMakeFiles/__idf_esp_netif.dir/lwip/esp_netif_lwip_defaults.c.obj
[210/1044] Building C object esp-idf/wpa_supplicant/CMakeFiles/__idf_wpa_supplicant.dir/esp_supplicant/src/esp_eap_client.c.obj
[700/1044] Linking C static library esp-idf/spi_flash/libspi_flash.a
[125/1044] Linking C static library esp-idf/esp_driver_mcpwm/libesp_driver_mcpwm.a
[211/1044] Building C object esp-idf/esp_netif/CMakeFiles/__idf_esp_netif.dir/esp_netif_handlers.c.obj
[126/1044] Building C object esp-idf/wpa_supplicant/CMakeFiles/__idf_wpa_supplicant.dir/src/common/dragonfly.c.obj
[701/1044] Building C object esp-idf/mbedtls/mbedtls/library/CMakeFiles/mbedtls.dir/ssl_ticket.c.obj
[212/1044] Building C object esp-idf/esp_netif/CMakeFiles/__idf_esp_netif.dir/esp_netif_objects.c.obj
[127/1044] Building C object esp-idf/esp_driver_pcnt/CMakeFiles/__idf_esp_driver_pcnt.dir/src/pulse_cnt.c.obj
[213/1044] Building C object esp-idf/wpa_supplicant/CMakeFiles/__idf_wpa_supplicant.dir/esp_supplicant/src/esp_wpa3.c.obj
[702/1044] Building C object esp-idf/mbedtls/mbedtls/library/CMakeFiles/mbedx509.dir/x509write.c.obj
[214/1044] Building C object esp-idf/wpa_supplicant/CMakeFiles/__idf_wpa_supplicant.dir/esp_supplicant/src/crypto/fastpbkdf2.c.obj
[128/1044] Building C object esp-idf/esp_wifi/CMakeFiles/__idf_esp_wifi.dir/esp32s3/esp_adapter.c.obj
[703/1044] Building C object esp-idf/mbedtls/mbedtls/library/CMakeFiles/mbedx509.dir/x509write_csr.c.obj
[129/1044] Building C object esp-idf/wpa_supplicant/CMakeFiles/__idf_wpa_supplicant.dir/src/ap/sta_info.c.obj
[704/1044] Linking C static library esp-idf/esp_mm/libesp_mm.a
[130/1044] Linking C static library esp-idf/esp_driver_pcnt/libesp_driver_pcnt.a
[215/1044] Building C object esp-idf/wpa_supplicant/CMakeFiles/__idf_wpa_supplicant.dir/esp_supplicant/src/crypto/tls_mbedtls.c.obj
[216/1044] Building C object esp-idf/esp_netif/CMakeFiles/__idf_esp_netif.dir/lwip/netif/wlanif.c.obj
[131/1044] Building C object esp-idf/wpa_supplicant/CMakeFiles/__idf_wpa_supplicant.dir/src/ap/comeback_token.c.obj
[705/1044] Building C object esp-idf/mbedtls/mbedtls/library/CMakeFiles/mbedcrypto.dir/aesce.c.obj
[132/1044] Building C object esp-idf/wpa_supplicant/CMakeFiles/__idf_wpa_supplicant.dir/src/ap/ap_config.c.obj
[706/1044] Building C object esp-idf/bootloader_support/CMakeFiles/__idf_bootloader_support.dir/src/bootloader_utility.c.obj
[707/1044] Building C object esp-idf/mbedtls/mbedtls/library/CMakeFiles/mbedcrypto.dir/aesni.c.obj
[133/1044] Building C object esp-idf/esp_driver_spi/CMakeFiles/__idf_esp_driver_spi.dir/src/gpspi/spi_common.c.obj
[217/1044] Building C object esp-idf/wpa_supplicant/CMakeFiles/__idf_wpa_supplicant.dir/esp_supplicant/src/esp_wps.c.obj
[708/1044] Building C object esp-idf/mbedtls/mbedtls/library/CMakeFiles/mbedcrypto.dir/aes.c.obj
[134/1044] Building C object esp-idf/wpa_supplicant/CMakeFiles/__idf_wpa_supplicant.dir/src/crypto/sha256-kdf.c.obj
[218/1044] Building C object esp-idf/lwip/CMakeFiles/__idf_lwip.dir/lwip/src/api/netbuf.c.obj
[135/1044] Building C object esp-idf/wpa_supplicant/CMakeFiles/__idf_wpa_supplicant.dir/src/common/wpa_common.c.obj
[219/1044] Building C object esp-idf/lwip/CMakeFiles/__idf_lwip.dir/lwip/src/api/err.c.obj
[136/1044] Linking C static library esp-idf/esp_gdbstub/libesp_gdbstub.a
[220/1044] Building C object esp-idf/wpa_supplicant/CMakeFiles/__idf_wpa_supplicant.dir/src/crypto/aes-ccm.c.obj
[709/1044] Building C object esp-idf/mbedtls/mbedtls/library/CMakeFiles/mbedtls.dir/ssl_client.c.obj
[137/1044] Building C object esp-idf/wpa_supplicant/CMakeFiles/__idf_wpa_supplicant.dir/port/eloop.c.obj
[221/1044] Building C object esp-idf/lwip/CMakeFiles/__idf_lwip.dir/apps/sntp/sntp.c.obj
[710/1044] Building C object esp-idf/mbedtls/mbedtls/library/CMakeFiles/mbedx509.dir/pkcs7.c.obj
[222/1044] Building C object esp-idf/esp_netif/CMakeFiles/__idf_esp_netif.dir/lwip/netif/esp_pbuf_ref.c.obj
[711/1044] Linking C static library esp-idf/bootloader_support/libbootloader_support.a
[138/1044] Building C object esp-idf/wpa_supplicant/CMakeFiles/__idf_wpa_supplicant.dir/src/utils/bitfield.c.obj
[223/1044] Building C object esp-idf/wpa_supplicant/CMakeFiles/__idf_wpa_supplicant.dir/esp_supplicant/src/crypto/crypto_mbedtls-ec.c.obj
[712/1044] Building C object esp-idf/mbedtls/mbedtls/library/CMakeFiles/mbedx509.dir/x509_csr.c.obj
[224/1044] Building C object esp-idf/esp_netif/CMakeFiles/__idf_esp_netif.dir/lwip/netif/ethernetif.c.obj
[225/1044] Building C object esp-idf/wpa_supplicant/CMakeFiles/__idf_wpa_supplicant.dir/src/rsn_supp/wpa.c.obj
[139/1044] Building C object esp-idf/wpa_supplicant/CMakeFiles/__idf_wpa_supplicant.dir/src/crypto/sha1-tlsprf.c.obj
[713/1044] Building C object esp-idf/mbedtls/mbedtls/library/CMakeFiles/mbedx509.dir/x509_crl.c.obj
[140/1044] Building C object esp-idf/wpa_supplicant/CMakeFiles/__idf_wpa_supplicant.dir/src/crypto/aes-gcm.c.obj
[141/1044] Building C object esp-idf/wpa_supplicant/CMakeFiles/__idf_wpa_supplicant.dir/src/ap/wpa_auth_ie.c.obj
[226/1044] Building C object esp-idf/esp_netif/CMakeFiles/__idf_esp_netif.dir/lwip/esp_netif_sntp.c.obj
[227/1044] Building C object esp-idf/lwip/CMakeFiles/__idf_lwip.dir/lwip/src/api/api_lib.c.obj
[714/1044] Building C object esp-idf/mbedtls/mbedtls/library/CMakeFiles/mbedtls.dir/ssl_msg.c.obj
[715/1044] Building C object esp-idf/mbedtls/mbedtls/library/CMakeFiles/mbedcrypto.dir/bignum_mod_raw.c.obj
[228/1044] Building C object esp-idf/lwip/CMakeFiles/__idf_lwip.dir/lwip/src/api/if_api.c.obj
[142/1044] Building C object esp-idf/wpa_supplicant/CMakeFiles/__idf_wpa_supplicant.dir/src/crypto/aes-siv.c.obj
[143/1044] Building C object esp-idf/wpa_supplicant/CMakeFiles/__idf_wpa_supplicant.dir/src/crypto/dh_group5.c.obj
[716/1044] Building C object esp-idf/mbedtls/mbedtls/library/CMakeFiles/mbedcrypto.dir/camellia.c.obj
[144/1044] Building C object esp-idf/wpa_supplicant/CMakeFiles/__idf_wpa_supplicant.dir/src/crypto/sha384-tlsprf.c.obj
[717/1044] Building C object esp-idf/mbedtls/mbedtls/library/CMakeFiles/mbedcrypto.dir/bignum_mod.c.obj
[229/1044] Building C object esp-idf/lwip/CMakeFiles/__idf_lwip.dir/lwip/src/api/netdb.c.obj
[718/1044] Building C object 'esp-idf/mbedtls/mbedtls/library/CMakeFiles/mbedtls.dir/home/tikhon/Документы/magnolia/esp-idf/components/mbedtls/port/net_sockets.c.obj'
[145/1044] Building C object esp-idf/wpa_supplicant/CMakeFiles/__idf_wpa_supplicant.dir/src/crypto/crypto_ops.c.obj
[719/1044] Building C object esp-idf/mbedtls/mbedtls/library/CMakeFiles/mbedcrypto.dir/asn1parse.c.obj
[146/1044] Building C object esp-idf/wpa_supplicant/CMakeFiles/__idf_wpa_supplicant.dir/src/ap/ieee802_11.c.obj
[720/1044] Building C object esp-idf/mbedtls/mbedtls/library/CMakeFiles/mbedcrypto.dir/block_cipher.c.obj
[147/1044] Building C object esp-idf/wpa_supplicant/CMakeFiles/__idf_wpa_supplicant.dir/src/crypto/sha1-prf.c.obj
[230/1044] Building C object esp-idf/lwip/CMakeFiles/__idf_lwip.dir/lwip/src/core/inet_chksum.c.obj
[721/1044] Building C object esp-idf/mbedtls/mbedtls/library/CMakeFiles/mbedcrypto.dir/chacha20.c.obj
[231/1044] Building C object esp-idf/lwip/CMakeFiles/__idf_lwip.dir/lwip/src/api/netifapi.c.obj
[722/1044] Building C object esp-idf/mbedtls/mbedtls/library/CMakeFiles/mbedcrypto.dir/asn1write.c.obj
[723/1044] Building C object esp-idf/mbedtls/mbedtls/library/CMakeFiles/mbedcrypto.dir/base64.c.obj
[724/1044] Building C object esp-idf/mbedtls/mbedtls/library/CMakeFiles/mbedcrypto.dir/chachapoly.c.obj
[232/1044] Building C object esp-idf/lwip/CMakeFiles/__idf_lwip.dir/lwip/src/core/init.c.obj
[148/1044] Building C object esp-idf/wpa_supplicant/CMakeFiles/__idf_wpa_supplicant.dir/src/crypto/dh_groups.c.obj
[725/1044] Building C object esp-idf/mbedtls/mbedtls/library/CMakeFiles/mbedcrypto.dir/cipher_wrap.c.obj
[726/1044] Building C object esp-idf/mbedtls/mbedtls/library/CMakeFiles/mbedtls.dir/ssl_tls12_client.c.obj
[149/1044] Building C object esp-idf/wpa_supplicant/CMakeFiles/__idf_wpa_supplicant.dir/src/crypto/sha256-tlsprf.c.obj
[150/1044] Building C object esp-idf/wpa_supplicant/CMakeFiles/__idf_wpa_supplicant.dir/src/eap_peer/chap.c.obj
[233/1044] Building C object esp-idf/lwip/CMakeFiles/__idf_lwip.dir/lwip/src/api/tcpip.c.obj
[234/1044] Building C object esp-idf/lwip/CMakeFiles/__idf_lwip.dir/lwip/src/core/mem.c.obj
[235/1044] Building C object esp-idf/lwip/CMakeFiles/__idf_lwip.dir/lwip/src/core/ip.c.obj
[151/1044] Building C object esp-idf/wpa_supplicant/CMakeFiles/__idf_wpa_supplicant.dir/src/crypto/sha384-prf.c.obj
[727/1044] Building C object esp-idf/mbedtls/mbedtls/library/CMakeFiles/mbedcrypto.dir/aria.c.obj
[152/1044] Building C object esp-idf/wpa_supplicant/CMakeFiles/__idf_wpa_supplicant.dir/src/crypto/ccmp.c.obj
[728/1044] Building C object esp-idf/mbedtls/mbedtls/library/CMakeFiles/mbedcrypto.dir/des.c.obj
[729/1044] Building C object esp-idf/mbedtls/mbedtls/library/CMakeFiles/mbedx509.dir/x509.c.obj
[236/1044] Building C object esp-idf/lwip/CMakeFiles/__idf_lwip.dir/lwip/src/apps/netbiosns/netbiosns.c.obj
[153/1044] Building C object esp-idf/wpa_supplicant/CMakeFiles/__idf_wpa_supplicant.dir/src/crypto/sha1-tprf.c.obj
[154/1044] Building C object esp-idf/wpa_supplicant/CMakeFiles/__idf_wpa_supplicant.dir/src/crypto/ms_funcs.c.obj
[730/1044] Building C object esp-idf/mbedtls/mbedtls/library/CMakeFiles/mbedcrypto.dir/constant_time.c.obj
[731/1044] Building C object esp-idf/mbedtls/mbedtls/library/CMakeFiles/mbedcrypto.dir/bignum_core.c.obj
[732/1044] Building C object esp-idf/mbedtls/mbedtls/library/CMakeFiles/mbedcrypto.dir/ecjpake.c.obj
[155/1044] Building C object esp-idf/wpa_supplicant/CMakeFiles/__idf_wpa_supplicant.dir/src/crypto/sha256-prf.c.obj
[237/1044] Building C object esp-idf/lwip/CMakeFiles/__idf_lwip.dir/lwip/src/core/def.c.obj
[156/1044] Building C object esp-idf/wpa_supplicant/CMakeFiles/__idf_wpa_supplicant.dir/src/eap_common/eap_wsc_common.c.obj
[238/1044] Linking C static library esp-idf/wpa_supplicant/libwpa_supplicant.a
[733/1044] Building C object esp-idf/mbedtls/mbedtls/library/CMakeFiles/mbedcrypto.dir/ecp_curves_new.c.obj
[239/1044] Building C object esp-idf/lwip/CMakeFiles/__idf_lwip.dir/lwip/src/apps/sntp/sntp.c.obj
[157/1044] Building C object esp-idf/wpa_supplicant/CMakeFiles/__idf_wpa_supplicant.dir/src/common/sae.c.obj
[240/1044] Building C object esp-idf/lwip/CMakeFiles/__idf_lwip.dir/lwip/src/core/stats.c.obj
[158/1044] Building C object esp-idf/wpa_supplicant/CMakeFiles/__idf_wpa_supplicant.dir/src/eap_peer/mschapv2.c.obj
[734/1044] Building C object esp-idf/mbedtls/mbedtls/library/CMakeFiles/mbedcrypto.dir/entropy_poll.c.obj
[159/1044] Building C object esp-idf/esp_driver_spi/CMakeFiles/__idf_esp_driver_spi.dir/src/gpspi/spi_master.c.obj
[160/1044] Building C object esp-idf/wpa_supplicant/CMakeFiles/__idf_wpa_supplicant.dir/src/crypto/md4-internal.c.obj
[241/1044] Building C object esp-idf/lwip/CMakeFiles/__idf_lwip.dir/lwip/src/core/memp.c.obj
[735/1044] Building C object esp-idf/mbedtls/mbedtls/library/CMakeFiles/mbedcrypto.dir/ecdh.c.obj
[242/1044] Building C object esp-idf/lwip/CMakeFiles/__idf_lwip.dir/lwip/src/core/sys.c.obj
[736/1044] Building C object esp-idf/mbedtls/mbedtls/library/CMakeFiles/mbedcrypto.dir/ecdsa.c.obj
[737/1044] Building C object esp-idf/mbedtls/mbedtls/library/CMakeFiles/mbedcrypto.dir/ccm.c.obj
[161/1044] Building C object esp-idf/wpa_supplicant/CMakeFiles/__idf_wpa_supplicant.dir/src/eap_peer/eap_common.c.obj
[738/1044] Building C object esp-idf/mbedtls/mbedtls/library/CMakeFiles/mbedcrypto.dir/hkdf.c.obj
[739/1044] Building C object esp-idf/mbedtls/mbedtls/library/CMakeFiles/mbedcrypto.dir/dhm.c.obj
[740/1044] Building C object esp-idf/mbedtls/mbedtls/library/CMakeFiles/mbedcrypto.dir/cmac.c.obj
[243/1044] Building C object esp-idf/lwip/CMakeFiles/__idf_lwip.dir/lwip/src/core/timeouts.c.obj
[741/1044] Building C object esp-idf/mbedtls/mbedtls/library/CMakeFiles/mbedcrypto.dir/ctr_drbg.c.obj
[162/1044] Building C object esp-idf/wpa_supplicant/CMakeFiles/__idf_wpa_supplicant.dir/src/common/ieee802_11_common.c.obj
[742/1044] Building C object esp-idf/mbedtls/mbedtls/library/CMakeFiles/mbedtls.dir/ssl_tls12_server.c.obj
[163/1044] Building C object esp-idf/wpa_supplicant/CMakeFiles/__idf_wpa_supplicant.dir/src/eap_peer/eap_peap_common.c.obj
[164/1044] Linking C static library esp-idf/esp_driver_spi/libesp_driver_spi.a
[244/1044] Building C object esp-idf/lwip/CMakeFiles/__idf_lwip.dir/lwip/src/core/raw.c.obj
[245/1044] Building C object esp-idf/lwip/CMakeFiles/__idf_lwip.dir/lwip/src/api/api_msg.c.obj
[743/1044] Building C object esp-idf/mbedtls/mbedtls/library/CMakeFiles/mbedcrypto.dir/entropy.c.obj
[744/1044] Building C object esp-idf/mbedtls/mbedtls/library/CMakeFiles/mbedcrypto.dir/lmots.c.obj
[165/1044] Building C object esp-idf/wpa_supplicant/CMakeFiles/__idf_wpa_supplicant.dir/src/eap_peer/eap_tls.c.obj
[745/1044] Building C object esp-idf/mbedtls/mbedtls/library/CMakeFiles/mbedcrypto.dir/memory_buffer_alloc.c.obj
[746/1044] Building C object esp-idf/mbedtls/mbedtls/library/CMakeFiles/mbedcrypto.dir/lms.c.obj
[246/1044] Building C object esp-idf/lwip/CMakeFiles/__idf_lwip.dir/lwip/src/core/dns.c.obj
[166/1044] Linking C static library esp-idf/esp_wifi/libesp_wifi.a
[247/1044] Building C object esp-idf/lwip/CMakeFiles/__idf_lwip.dir/lwip/src/core/ipv4/autoip.c.obj
[747/1044] Building C object esp-idf/mbedtls/mbedtls/library/CMakeFiles/mbedcrypto.dir/md5.c.obj
[248/1044] Building C object esp-idf/lwip/CMakeFiles/__idf_lwip.dir/lwip/src/core/ipv4/ip4_napt.c.obj
[249/1044] Building C object esp-idf/lwip/CMakeFiles/__idf_lwip.dir/lwip/src/core/pbuf.c.obj
[748/1044] Building C object esp-idf/mbedtls/mbedtls/library/CMakeFiles/mbedcrypto.dir/nist_kw.c.obj
[167/1044] Building C object esp-idf/wpa_supplicant/CMakeFiles/__idf_wpa_supplicant.dir/src/eap_peer/eap_mschapv2.c.obj
[749/1044] Building C object esp-idf/mbedtls/mbedtls/library/CMakeFiles/mbedcrypto.dir/padlock.c.obj
[168/1044] Building C object esp-idf/wpa_supplicant/CMakeFiles/__idf_wpa_supplicant.dir/src/ap/wpa_auth.c.obj
[169/1044] Building C object esp-idf/wpa_supplicant/CMakeFiles/__idf_wpa_supplicant.dir/src/eap_peer/eap_fast_common.c.obj
[750/1044] Building C object esp-idf/mbedtls/mbedtls/library/CMakeFiles/mbedcrypto.dir/ecp_curves.c.obj
[751/1044] Building C object esp-idf/mbedtls/mbedtls/library/CMakeFiles/mbedcrypto.dir/gcm.c.obj
[752/1044] Building C object esp-idf/mbedtls/mbedtls/library/CMakeFiles/mbedcrypto.dir/error.c.obj
[753/1044] Building C object esp-idf/mbedtls/mbedtls/library/CMakeFiles/mbedcrypto.dir/hmac_drbg.c.obj
[250/1044] Building C object esp-idf/lwip/CMakeFiles/__idf_lwip.dir/lwip/src/core/ipv4/ip4_addr.c.obj
[754/1044] Building C object esp-idf/mbedtls/mbedtls/library/CMakeFiles/mbedcrypto.dir/cipher.c.obj
[755/1044] Building C object esp-idf/mbedtls/mbedtls/library/CMakeFiles/mbedcrypto.dir/pk_ecc.c.obj
[251/1044] Building C object esp-idf/lwip/CMakeFiles/__idf_lwip.dir/lwip/src/core/netif.c.obj
[170/1044] Building C object esp-idf/wpa_supplicant/CMakeFiles/__idf_wpa_supplicant.dir/src/utils/ext_password.c.obj
[252/1044] Building C object esp-idf/lwip/CMakeFiles/__idf_lwip.dir/lwip/src/core/ipv4/icmp.c.obj
[171/1044] Building C object esp-idf/wpa_supplicant/CMakeFiles/__idf_wpa_supplicant.dir/src/eap_peer/eap.c.obj
[172/1044] Building C object esp-idf/wpa_supplicant/CMakeFiles/__idf_wpa_supplicant.dir/src/eap_peer/eap_tls_common.c.obj
[253/1044] Building C object esp-idf/lwip/CMakeFiles/__idf_lwip.dir/lwip/src/core/ipv4/ip4_frag.c.obj
[173/1044] Building C object esp-idf/wpa_supplicant/CMakeFiles/__idf_wpa_supplicant.dir/src/utils/base64.c.obj
[254/1044] Building C object esp-idf/lwip/CMakeFiles/__idf_lwip.dir/lwip/src/core/ipv6/ethip6.c.obj
[756/1044] Building C object esp-idf/mbedtls/mbedtls/library/CMakeFiles/mbedcrypto.dir/bignum.c.obj
[255/1044] Building C object esp-idf/lwip/CMakeFiles/__idf_lwip.dir/lwip/src/core/ipv6/dhcp6.c.obj
[256/1044] Building C object esp-idf/lwip/CMakeFiles/__idf_lwip.dir/lwip/src/core/ipv6/inet6.c.obj
[757/1044] Building C object esp-idf/mbedtls/mbedtls/library/CMakeFiles/mbedcrypto.dir/pk.c.obj
[257/1044] Building C object esp-idf/lwip/CMakeFiles/__idf_lwip.dir/lwip/src/core/tcp_out.c.obj
[258/1044] Building C object esp-idf/lwip/CMakeFiles/__idf_lwip.dir/lwip/src/core/udp.c.obj
[758/1044] Building C object esp-idf/mbedtls/mbedtls/library/CMakeFiles/mbedcrypto.dir/md.c.obj
[759/1044] Building C object esp-idf/mbedtls/mbedtls/library/CMakeFiles/mbedcrypto.dir/platform.c.obj
[760/1044] Building C object esp-idf/mbedtls/mbedtls/library/CMakeFiles/mbedcrypto.dir/poly1305.c.obj
[761/1044] Building C object esp-idf/mbedtls/mbedtls/library/CMakeFiles/mbedcrypto.dir/platform_util.c.obj
[259/1044] Building C object esp-idf/lwip/CMakeFiles/__idf_lwip.dir/lwip/src/core/ipv4/etharp.c.obj
[762/1044] Building C object esp-idf/mbedtls/mbedtls/library/CMakeFiles/mbedcrypto.dir/pem.c.obj
[260/1044] Building C object esp-idf/lwip/CMakeFiles/__idf_lwip.dir/lwip/src/core/ipv4/igmp.c.obj
[763/1044] Building C object esp-idf/mbedtls/mbedtls/library/CMakeFiles/mbedx509.dir/x509_crt.c.obj
[764/1044] Building C object esp-idf/mbedtls/mbedtls/library/CMakeFiles/mbedcrypto.dir/pk_wrap.c.obj
[261/1044] Building C object esp-idf/esp_netif/CMakeFiles/__idf_esp_netif.dir/lwip/esp_netif_lwip.c.obj
[174/1044] Building C object esp-idf/wpa_supplicant/CMakeFiles/__idf_wpa_supplicant.dir/src/rsn_supp/pmksa_cache.c.obj
[175/1044] Building C object esp-idf/wpa_supplicant/CMakeFiles/__idf_wpa_supplicant.dir/src/utils/uuid.c.obj
[176/1044] Building C object esp-idf/wpa_supplicant/CMakeFiles/__idf_wpa_supplicant.dir/src/utils/wpa_debug.c.obj
[177/1044] Building C object esp-idf/wpa_supplicant/CMakeFiles/__idf_wpa_supplicant.dir/src/utils/wpabuf.c.obj
[178/1044] Building C object esp-idf/wpa_supplicant/CMakeFiles/__idf_wpa_supplicant.dir/src/eap_peer/eap_peap.c.obj
[262/1044] Building C object esp-idf/lwip/CMakeFiles/__idf_lwip.dir/lwip/src/core/ipv6/icmp6.c.obj
[263/1044] Building C object esp-idf/lwip/CMakeFiles/__idf_lwip.dir/lwip/src/core/ipv4/ip4.c.obj
[179/1044] Building C object esp-idf/wpa_supplicant/CMakeFiles/__idf_wpa_supplicant.dir/src/eap_peer/eap_fast_pac.c.obj
[180/1044] Building C object esp-idf/wpa_supplicant/CMakeFiles/__idf_wpa_supplicant.dir/src/rsn_supp/wpa_ie.c.obj
[181/1044] Building C object esp-idf/wpa_supplicant/CMakeFiles/__idf_wpa_supplicant.dir/src/utils/json.c.obj
[182/1044] Building C object esp-idf/wpa_supplicant/CMakeFiles/__idf_wpa_supplicant.dir/esp_supplicant/src/esp_wpa2_api_port.c.obj
[765/1044] Building C object esp-idf/mbedtls/mbedtls/library/CMakeFiles/mbedcrypto.dir/pkcs12.c.obj
[766/1044] Building C object esp-idf/mbedtls/mbedtls/library/CMakeFiles/mbedcrypto.dir/psa_crypto_pake.c.obj
[767/1044] Building C object esp-idf/mbedtls/mbedtls/library/CMakeFiles/mbedcrypto.dir/psa_crypto_client.c.obj
[264/1044] Building C object esp-idf/lwip/CMakeFiles/__idf_lwip.dir/lwip/src/netif/slipif.c.obj
[768/1044] Building C object esp-idf/mbedtls/mbedtls/library/CMakeFiles/mbedtls.dir/ssl_tls.c.obj
[183/1044] Building C object esp-idf/wpa_supplicant/CMakeFiles/__idf_wpa_supplicant.dir/src/eap_peer/eap_ttls.c.obj
[769/1044] Building C object esp-idf/mbedtls/mbedtls/library/CMakeFiles/mbedcrypto.dir/pkcs5.c.obj
[770/1044] Building C object esp-idf/mbedtls/mbedtls/library/CMakeFiles/mbedcrypto.dir/psa_crypto_hash.c.obj
[265/1044] Building C object esp-idf/lwip/CMakeFiles/__idf_lwip.dir/lwip/src/core/tcp.c.obj
[771/1044] Building C object esp-idf/mbedtls/mbedtls/library/CMakeFiles/mbedcrypto.dir/psa_crypto_se.c.obj
[184/1044] Building C object esp-idf/wpa_supplicant/CMakeFiles/__idf_wpa_supplicant.dir/src/wps/wps_attr_process.c.obj
[772/1044] Building C object esp-idf/mbedtls/mbedtls/library/CMakeFiles/mbedcrypto.dir/oid.c.obj
[266/1044] Building C object esp-idf/lwip/CMakeFiles/__idf_lwip.dir/lwip/src/core/ipv6/ip6_frag.c.obj
[267/1044] Building C object esp-idf/lwip/CMakeFiles/__idf_lwip.dir/lwip/src/netif/bridgeif.c.obj
[268/1044] Building C object esp-idf/lwip/CMakeFiles/__idf_lwip.dir/lwip/src/netif/ethernet.c.obj
[185/1044] Building C object esp-idf/wpa_supplicant/CMakeFiles/__idf_wpa_supplicant.dir/src/utils/common.c.obj
[186/1044] Building C object esp-idf/wpa_supplicant/CMakeFiles/__idf_wpa_supplicant.dir/esp_supplicant/src/esp_wpas_glue.c.obj
[773/1044] Building C object esp-idf/mbedtls/mbedtls/library/CMakeFiles/mbedcrypto.dir/psa_crypto_aead.c.obj
[269/1044] Building C object esp-idf/lwip/CMakeFiles/__idf_lwip.dir/lwip/src/netif/bridgeif_fdb.c.obj
[187/1044] Building C object esp-idf/wpa_supplicant/CMakeFiles/__idf_wpa_supplicant.dir/src/wps/wps_attr_parse.c.obj
[774/1044] Linking CXX static library esp-idf/mbedtls/mbedtls/library/libmbedtls.a
[775/1044] Building C object esp-idf/mbedtls/mbedtls/library/CMakeFiles/mbedcrypto.dir/psa_crypto_driver_wrappers_no_static.c.obj
[270/1044] Building C object esp-idf/lwip/CMakeFiles/__idf_lwip.dir/lwip/src/netif/ppp/ccp.c.obj
[776/1044] Building C object esp-idf/mbedtls/mbedtls/library/CMakeFiles/mbedcrypto.dir/pkwrite.c.obj
[777/1044] Building C object esp-idf/mbedtls/mbedtls/library/CMakeFiles/mbedcrypto.dir/ripemd160.c.obj
[271/1044] Building C object esp-idf/lwip/CMakeFiles/__idf_lwip.dir/lwip/src/core/ipv6/ip6_addr.c.obj
[188/1044] Building C object esp-idf/wpa_supplicant/CMakeFiles/__idf_wpa_supplicant.dir/src/wps/wps_attr_build.c.obj
[272/1044] Building C object esp-idf/lwip/CMakeFiles/__idf_lwip.dir/lwip/src/core/tcp_in.c.obj
[273/1044] Building C object esp-idf/lwip/CMakeFiles/__idf_lwip.dir/lwip/src/netif/ppp/chap-md5.c.obj
[189/1044] Building C object esp-idf/wpa_supplicant/CMakeFiles/__idf_wpa_supplicant.dir/src/wps/wps.c.obj
[190/1044] Building C object esp-idf/wpa_supplicant/CMakeFiles/__idf_wpa_supplicant.dir/esp_supplicant/src/esp_common.c.obj
[274/1044] Building C object esp-idf/lwip/CMakeFiles/__idf_lwip.dir/lwip/src/netif/ppp/auth.c.obj
[191/1044] Building C object esp-idf/wpa_supplicant/CMakeFiles/__idf_wpa_supplicant.dir/src/wps/wps_common.c.obj
[275/1044] Building C object esp-idf/lwip/CMakeFiles/__idf_lwip.dir/lwip/src/netif/ppp/ecp.c.obj
[778/1044] Building C object esp-idf/mbedtls/mbedtls/library/CMakeFiles/mbedcrypto.dir/psa_crypto_mac.c.obj
[276/1044] Building C object esp-idf/lwip/CMakeFiles/__idf_lwip.dir/lwip/src/core/ipv4/dhcp.c.obj
[192/1044] Building C object esp-idf/wpa_supplicant/CMakeFiles/__idf_wpa_supplicant.dir/esp_supplicant/src/esp_wpa_main.c.obj
[779/1044] Building C object esp-idf/mbedtls/mbedtls/library/CMakeFiles/mbedcrypto.dir/psa_its_file.c.obj
[277/1044] Building C object esp-idf/lwip/CMakeFiles/__idf_lwip.dir/lwip/src/netif/ppp/chap_ms.c.obj
[278/1044] Building C object esp-idf/lwip/CMakeFiles/__idf_lwip.dir/lwip/src/core/ipv6/ip6.c.obj
[780/1044] Building C object esp-idf/mbedtls/mbedtls/library/CMakeFiles/mbedcrypto.dir/psa_crypto_cipher.c.obj
[279/1044] Building C object esp-idf/lwip/CMakeFiles/__idf_lwip.dir/lwip/src/netif/ppp/chap-new.c.obj
[781/1044] Building C object esp-idf/mbedtls/mbedtls/library/CMakeFiles/mbedcrypto.dir/psa_crypto_rsa.c.obj
[782/1044] Building C object esp-idf/mbedtls/mbedtls/library/CMakeFiles/mbedcrypto.dir/psa_crypto_ecp.c.obj
[783/1044] Building C object esp-idf/mbedtls/mbedtls/library/CMakeFiles/mbedcrypto.dir/psa_crypto_ffdh.c.obj
[784/1044] Building C object esp-idf/mbedtls/mbedtls/library/CMakeFiles/mbedcrypto.dir/sha256.c.obj
[280/1044] Building C object esp-idf/lwip/CMakeFiles/__idf_lwip.dir/lwip/src/core/ipv6/mld6.c.obj
[785/1044] Building C object esp-idf/mbedtls/mbedtls/library/CMakeFiles/mbedcrypto.dir/sha1.c.obj
[786/1044] Building C object esp-idf/mbedtls/mbedtls/library/CMakeFiles/mbedcrypto.dir/timing.c.obj
[787/1044] Building C object esp-idf/mbedtls/mbedtls/library/CMakeFiles/mbedcrypto.dir/threading.c.obj
[193/1044] Building C object esp-idf/wpa_supplicant/CMakeFiles/__idf_wpa_supplicant.dir/esp_supplicant/src/esp_wpa3.c.obj
[788/1044] Building C object esp-idf/mbedtls/mbedtls/library/CMakeFiles/mbedcrypto.dir/pkparse.c.obj
[281/1044] Building C object esp-idf/lwip/CMakeFiles/__idf_lwip.dir/lwip/src/netif/ppp/eap.c.obj
[789/1044] Building C object esp-idf/mbedtls/mbedtls/library/CMakeFiles/mbedcrypto.dir/sha512.c.obj
[282/1044] Building C object esp-idf/lwip/CMakeFiles/__idf_lwip.dir/lwip/src/netif/ppp/fsm.c.obj
[283/1044] Building C object esp-idf/lwip/CMakeFiles/__idf_lwip.dir/lwip/src/api/sockets.c.obj
[194/1044] Building C object esp-idf/wpa_supplicant/CMakeFiles/__idf_wpa_supplicant.dir/src/eap_peer/eap_fast.c.obj
[284/1044] Building C object esp-idf/lwip/CMakeFiles/__idf_lwip.dir/lwip/src/netif/ppp/ipcp.c.obj
[285/1044] Building C object esp-idf/lwip/CMakeFiles/__idf_lwip.dir/lwip/src/netif/ppp/ipv6cp.c.obj
[286/1044] Building C object esp-idf/lwip/CMakeFiles/__idf_lwip.dir/lwip/src/netif/ppp/demand.c.obj
[790/1044] Building C object esp-idf/mbedtls/mbedtls/library/CMakeFiles/mbedcrypto.dir/psa_util.c.obj
[287/1044] Building C object esp-idf/lwip/CMakeFiles/__idf_lwip.dir/lwip/src/netif/ppp/eui64.c.obj
[195/1044] Building C object esp-idf/wpa_supplicant/CMakeFiles/__idf_wpa_supplicant.dir/esp_supplicant/src/crypto/fastpsk.c.obj
[791/1044] Building C object esp-idf/mbedtls/mbedtls/library/CMakeFiles/mbedcrypto.dir/version.c.obj
[288/1044] Building C object esp-idf/lwip/CMakeFiles/__idf_lwip.dir/lwip/src/netif/ppp/lcp.c.obj
[196/1044] Building C object esp-idf/wpa_supplicant/CMakeFiles/__idf_wpa_supplicant.dir/esp_supplicant/src/esp_owe.c.obj
[792/1044] Building C object esp-idf/mbedtls/mbedtls/library/CMakeFiles/mbedcrypto.dir/rsa_alt_helpers.c.obj
[289/1044] Building C object esp-idf/lwip/CMakeFiles/__idf_lwip.dir/lwip/src/netif/ppp/mppe.c.obj
[197/1044] Building C object esp-idf/wpa_supplicant/CMakeFiles/__idf_wpa_supplicant.dir/src/wps/wps_dev_attr.c.obj
[793/1044] Building C object esp-idf/mbedtls/mbedtls/library/CMakeFiles/mbedcrypto.dir/version_features.c.obj
[290/1044] Building C object esp-idf/lwip/CMakeFiles/__idf_lwip.dir/lwip/src/netif/ppp/magic.c.obj
[198/1044] Building C object esp-idf/wpa_supplicant/CMakeFiles/__idf_wpa_supplicant.dir/esp_supplicant/src/crypto/crypto_mbedtls-rsa.c.obj
[291/1044] Building C object esp-idf/lwip/CMakeFiles/__idf_lwip.dir/lwip/src/netif/ppp/multilink.c.obj
[794/1044] Building C object 'esp-idf/mbedtls/mbedtls/library/CMakeFiles/mbedcrypto.dir/home/tikhon/Документы/magnolia/esp-idf/components/mbedtls/port/aes/dma/esp_aes_gdma_impl.c.obj'
[795/1044] Building C object esp-idf/mbedtls/mbedtls/library/CMakeFiles/mbedcrypto.dir/psa_crypto_storage.c.obj
[292/1044] Building C object esp-idf/lwip/CMakeFiles/__idf_lwip.dir/lwip/src/netif/ppp/pppcrypt.c.obj
[796/1044] Building C object 'esp-idf/mbedtls/mbedtls/library/CMakeFiles/mbedcrypto.dir/home/tikhon/Документы/magnolia/esp-idf/components/mbedtls/port/esp_hardware.c.obj'
[293/1044] Building C object esp-idf/lwip/CMakeFiles/__idf_lwip.dir/lwip/src/netif/ppp/pppapi.c.obj
[797/1044] Building C object 'esp-idf/mbedtls/mbedtls/library/CMakeFiles/mbedcrypto.dir/home/tikhon/Документы/magnolia/esp-idf/components/mbedtls/port/esp_mem.c.obj'
[199/1044] Linking C static library esp-idf/esp_coex/libesp_coex.a
[294/1044] Building C object esp-idf/lwip/CMakeFiles/__idf_lwip.dir/lwip/src/netif/ppp/pppoe.c.obj
[798/1044] Building C object 'esp-idf/mbedtls/mbedtls/library/CMakeFiles/mbedcrypto.dir/home/tikhon/Документы/magnolia/esp-idf/components/mbedtls/port/sha/core/esp_sha_gdma_impl.c.obj'
[295/1044] Building C object esp-idf/lwip/CMakeFiles/__idf_lwip.dir/lwip/src/netif/ppp/vj.c.obj
[799/1044] Building C object 'esp-idf/mbedtls/mbedtls/library/CMakeFiles/mbedcrypto.dir/home/tikhon/Документы/magnolia/esp-idf/components/mbedtls/port/esp_timing.c.obj'
[200/1044] Building C object esp-idf/wpa_supplicant/CMakeFiles/__idf_wpa_supplicant.dir/src/crypto/rc4.c.obj
[201/1044] Building C object esp-idf/wpa_supplicant/CMakeFiles/__idf_wpa_supplicant.dir/esp_supplicant/src/crypto/crypto_mbedtls-bignum.c.obj
[296/1044] Building C object esp-idf/lwip/CMakeFiles/__idf_lwip.dir/lwip/src/netif/ppp/ppp.c.obj
[800/1044] Building C object esp-idf/mbedtls/mbedtls/library/CMakeFiles/mbedcrypto.dir/psa_crypto_slot_management.c.obj
[801/1044] Building C object 'esp-idf/mbedtls/mbedtls/library/CMakeFiles/mbedcrypto.dir/home/tikhon/Документы/magnolia/esp-idf/components/mbedtls/port/aes/esp_aes_common.c.obj'
[297/1044] Building C object esp-idf/lwip/CMakeFiles/__idf_lwip.dir/lwip/src/netif/ppp/pppol2tp.c.obj
[298/1044] Building C object esp-idf/lwip/CMakeFiles/__idf_lwip.dir/lwip/src/netif/ppp/pppos.c.obj
[802/1044] Building C object esp-idf/mbedtls/mbedtls/library/CMakeFiles/mbedcrypto.dir/ecp.c.obj
[803/1044] Building C object 'esp-idf/mbedtls/mbedtls/library/CMakeFiles/mbedcrypto.dir/home/tikhon/Документы/magnolia/esp-idf/components/mbedtls/port/aes/esp_aes_xts.c.obj'
[299/1044] Building C object esp-idf/lwip/CMakeFiles/__idf_lwip.dir/lwip/src/netif/ppp/upap.c.obj
[202/1044] Building C object esp-idf/wpa_supplicant/CMakeFiles/__idf_wpa_supplicant.dir/src/common/sae_pk.c.obj
[300/1044] Building C object esp-idf/lwip/CMakeFiles/__idf_lwip.dir/port/acd_dhcp_check.c.obj
[203/1044] Building C object esp-idf/esp_netif/CMakeFiles/__idf_esp_netif.dir/esp_netif_defaults.c.obj
[301/1044] Building C object esp-idf/lwip/CMakeFiles/__idf_lwip.dir/lwip/src/netif/ppp/utils.c.obj
[804/1044] Building C object 'esp-idf/mbedtls/mbedtls/library/CMakeFiles/mbedcrypto.dir/home/tikhon/Документы/magnolia/esp-idf/components/mbedtls/port/sha/esp_sha.c.obj'
[302/1044] Building C object esp-idf/lwip/CMakeFiles/__idf_lwip.dir/port/hooks/tcp_isn_default.c.obj
[303/1044] Building C object esp-idf/lwip/CMakeFiles/__idf_lwip.dir/port/sockets_ext.c.obj
[805/1044] Building C object 'esp-idf/mbedtls/mbedtls/library/CMakeFiles/mbedcrypto.dir/home/tikhon/Документы/magnolia/esp-idf/components/mbedtls/port/aes/dma/esp_aes.c.obj'
[204/1044] Building C object esp-idf/wpa_supplicant/CMakeFiles/__idf_wpa_supplicant.dir/src/wps/wps_enrollee.c.obj
[806/1044] Building C object 'esp-idf/mbedtls/mbedtls/library/CMakeFiles/mbedcrypto.dir/home/tikhon/Документы/magnolia/esp-idf/components/mbedtls/port/sha/core/esp_sha1.c.obj'
[304/1044] Building C object esp-idf/lwip/CMakeFiles/__idf_lwip.dir/apps/ping/ping.c.obj
[807/1044] Building C object 'esp-idf/mbedtls/mbedtls/library/CMakeFiles/mbedcrypto.dir/home/tikhon/Документы/magnolia/esp-idf/components/mbedtls/port/md/esp_md.c.obj'
[808/1044] Building C object 'esp-idf/mbedtls/mbedtls/library/CMakeFiles/mbedcrypto.dir/home/tikhon/Документы/magnolia/esp-idf/components/mbedtls/port/esp_ds/esp_rsa_dec_alt.c.obj'
[305/1044] Linking C static library esp-idf/esp_netif/libesp_netif.a
[809/1044] Building C object esp-idf/mbedtls/mbedtls/library/CMakeFiles/mbedcrypto.dir/sha3.c.obj
[810/1044] Building C object 'esp-idf/mbedtls/mbedtls/library/CMakeFiles/mbedcrypto.dir/home/tikhon/Документы/magnolia/esp-idf/components/mbedtls/port/esp_ds/esp_ds_common.c.obj'
[205/1044] Building C object esp-idf/wpa_supplicant/CMakeFiles/__idf_wpa_supplicant.dir/src/crypto/aes-unwrap.c.obj
[206/1044] Building C object esp-idf/wpa_supplicant/CMakeFiles/__idf_wpa_supplicant.dir/src/rsn_supp/wpa.c.obj
[207/1044] Building C object esp-idf/wpa_supplicant/CMakeFiles/__idf_wpa_supplicant.dir/src/crypto/des-internal.c.obj
[811/1044] Linking CXX static library esp-idf/mbedtls/mbedtls/library/libmbedx509.a
[812/1044] Building C object 'esp-idf/mbedtls/mbedtls/library/CMakeFiles/mbedcrypto.dir/home/tikhon/Документы/magnolia/esp-idf/components/mbedtls/port/bignum/bignum_alt.c.obj'
[208/1044] Building C object esp-idf/wpa_supplicant/CMakeFiles/__idf_wpa_supplicant.dir/esp_supplicant/src/esp_hostap.c.obj
[209/1044] Building C object esp-idf/wpa_supplicant/CMakeFiles/__idf_wpa_supplicant.dir/esp_supplicant/src/crypto/tls_mbedtls.c.obj
[210/1044] Building C object esp-idf/esp_netif/CMakeFiles/__idf_esp_netif.dir/esp_netif_objects.c.obj
[211/1044] Building C object esp-idf/wpa_supplicant/CMakeFiles/__idf_wpa_supplicant.dir/src/crypto/aes-wrap.c.obj
[306/1044] Building C object esp-idf/lwip/CMakeFiles/__idf_lwip.dir/port/hooks/lwip_default_hooks.c.obj
[813/1044] Building C object esp-idf/mbedtls/mbedtls/3rdparty/everest/CMakeFiles/everest.dir/library/Hacl_Curve25519_joined.c.obj
[212/1044] Building C object esp-idf/esp_netif/CMakeFiles/__idf_esp_netif.dir/esp_netif_handlers.c.obj
[213/1044] Building C object esp-idf/wpa_supplicant/CMakeFiles/__idf_wpa_supplicant.dir/src/crypto/aes-ccm.c.obj
[307/1044] Building C object esp-idf/lwip/CMakeFiles/__idf_lwip.dir/lwip/src/netif/ppp/polarssl/md4.c.obj
[814/1044] Building C object 'esp-idf/mbedtls/mbedtls/library/CMakeFiles/mbedcrypto.dir/home/tikhon/Документы/magnolia/esp-idf/components/mbedtls/port/aes/dma/esp_aes_dma_core.c.obj'
[815/1044] Building C object 'esp-idf/mbedtls/mbedtls/library/CMakeFiles/mbedcrypto.dir/home/tikhon/Документы/magnolia/esp-idf/components/mbedtls/port/crypto_shared_gdma/esp_crypto_shared_gdma.c.obj'
[308/1044] Building C object esp-idf/lwip/CMakeFiles/__idf_lwip.dir/lwip/src/netif/ppp/polarssl/arc4.c.obj
[816/1044] Building C object esp-idf/mbedtls/mbedtls/3rdparty/everest/CMakeFiles/everest.dir/library/x25519.c.obj
[214/1044] Building C object esp-idf/wpa_supplicant/CMakeFiles/__idf_wpa_supplicant.dir/esp_supplicant/src/crypto/fastpbkdf2.c.obj
[215/1044] Building C object esp-idf/esp_netif/CMakeFiles/__idf_esp_netif.dir/lwip/netif/wlanif.c.obj
[309/1044] Building C object esp-idf/lwip/CMakeFiles/__idf_lwip.dir/port/freertos/sys_arch.c.obj
[817/1044] Building C object 'esp-idf/mbedtls/mbedtls/library/CMakeFiles/mbedcrypto.dir/home/tikhon/Документы/magnolia/esp-idf/components/mbedtls/port/sha/core/esp_sha256.c.obj'
[216/1044] Building C object esp-idf/wpa_supplicant/CMakeFiles/__idf_wpa_supplicant.dir/esp_supplicant/src/crypto/crypto_mbedtls.c.obj
[818/1044] Building C object 'esp-idf/mbedtls/mbedtls/library/CMakeFiles/mbedcrypto.dir/home/tikhon/Документы/magnolia/esp-idf/components/mbedtls/port/sha/core/esp_sha512.c.obj'
[310/1044] Building C object esp-idf/lwip/CMakeFiles/__idf_lwip.dir/port/if_index.c.obj
[311/1044] Building C object esp-idf/lwip/CMakeFiles/__idf_lwip.dir/apps/ping/esp_ping.c.obj
[312/1044] Building C object esp-idf/lwip/CMakeFiles/__idf_lwip.dir/lwip/src/netif/ppp/polarssl/sha1.c.obj
[819/1044] Building C object esp-idf/mbedtls/mbedtls/3rdparty/everest/CMakeFiles/everest.dir/library/everest.c.obj
[820/1044] Building C object esp-idf/mbedtls/mbedtls/3rdparty/p256-m/CMakeFiles/p256m.dir/p256-m/p256-m.c.obj
[313/1044] Building C object esp-idf/lwip/CMakeFiles/__idf_lwip.dir/lwip/src/netif/ppp/polarssl/md5.c.obj
[314/1044] Building C object esp-idf/lwip/CMakeFiles/__idf_lwip.dir/port/esp32xx/vfs_lwip.c.obj
[821/1044] Building C object 'esp-idf/mbedtls/mbedtls/library/CMakeFiles/mbedcrypto.dir/home/tikhon/Документы/magnolia/esp-idf/components/mbedtls/port/esp_ds/esp_rsa_sign_alt.c.obj'
[315/1044] Building C object esp-idf/lwip/CMakeFiles/__idf_lwip.dir/lwip/src/netif/ppp/polarssl/des.c.obj
[822/1044] Building C object esp-idf/mbedtls/mbedtls/3rdparty/p256-m/CMakeFiles/p256m.dir/p256-m_driver_entrypoints.c.obj
[217/1044] Building C object esp-idf/wpa_supplicant/CMakeFiles/__idf_wpa_supplicant.dir/esp_supplicant/src/crypto/crypto_mbedtls-ec.c.obj
[316/1044] Building C object esp-idf/lwip/CMakeFiles/__idf_lwip.dir/port/debug/lwip_debug.c.obj
[218/1044] Building C object esp-idf/esp_netif/CMakeFiles/__idf_esp_netif.dir/lwip/esp_netif_lwip_defaults.c.obj
[823/1044] Building C object 'esp-idf/mbedtls/mbedtls/library/CMakeFiles/mbedcrypto.dir/home/tikhon/Документы/magnolia/esp-idf/components/mbedtls/port/aes/esp_aes_gcm.c.obj'
[219/1044] Building C object esp-idf/esp_netif/CMakeFiles/__idf_esp_netif.dir/lwip/esp_netif_sntp.c.obj
[824/1044] Building C object 'esp-idf/mbedtls/mbedtls/library/CMakeFiles/mbedcrypto.dir/home/tikhon/Документы/magnolia/esp-idf/components/mbedtls/port/sha/core/sha.c.obj'
[220/1044] Building C object esp-idf/lwip/CMakeFiles/__idf_lwip.dir/lwip/src/api/err.c.obj
[825/1044] Building C object 'esp-idf/mbedtls/mbedtls/library/CMakeFiles/mbedcrypto.dir/home/tikhon/Документы/magnolia/esp-idf/components/mbedtls/port/bignum/esp_bignum.c.obj'
[317/1044] Building C object esp-idf/esp_phy/CMakeFiles/__idf_esp_phy.dir/esp32s3/phy_init_data.c.obj
[221/1044] Building C object esp-idf/wpa_supplicant/CMakeFiles/__idf_wpa_supplicant.dir/esp_supplicant/src/esp_eap_client.c.obj
[318/1044] Building C object esp-idf/vfs/CMakeFiles/__idf_vfs.dir/nullfs.c.obj
[319/1044] Building C object esp-idf/esp_phy/CMakeFiles/__idf_esp_phy.dir/src/btbb_init.c.obj
[222/1044] Building C object esp-idf/esp_netif/CMakeFiles/__idf_esp_netif.dir/lwip/netif/esp_pbuf_ref.c.obj
[320/1044] Building C object esp-idf/lwip/CMakeFiles/__idf_lwip.dir/apps/ping/ping_sock.c.obj
[321/1044] Building C object esp-idf/esp_driver_usb_serial_jtag/CMakeFiles/__idf_esp_driver_usb_serial_jtag.dir/src/usb_serial_jtag_connection_monitor.c.obj
[322/1044] Building C object esp-idf/esp_phy/CMakeFiles/__idf_esp_phy.dir/src/lib_printf.c.obj
[223/1044] Building C object esp-idf/lwip/CMakeFiles/__idf_lwip.dir/apps/sntp/sntp.c.obj
[323/1044] Building C object esp-idf/esp_phy/CMakeFiles/__idf_esp_phy.dir/src/phy_common.c.obj
[224/1044] Building C object esp-idf/lwip/CMakeFiles/__idf_lwip.dir/lwip/src/api/if_api.c.obj
[324/1044] Building C object esp-idf/vfs/CMakeFiles/__idf_vfs.dir/vfs_eventfd.c.obj
[225/1044] Building C object esp-idf/esp_netif/CMakeFiles/__idf_esp_netif.dir/lwip/netif/ethernetif.c.obj
[325/1044] Building C object esp-idf/esp_vfs_console/CMakeFiles/__idf_esp_vfs_console.dir/vfs_console.c.obj
[226/1044] Building C object esp-idf/lwip/CMakeFiles/__idf_lwip.dir/lwip/src/api/netbuf.c.obj
[227/1044] Building C object esp-idf/lwip/CMakeFiles/__idf_lwip.dir/lwip/src/core/def.c.obj
[228/1044] Building C object esp-idf/lwip/CMakeFiles/__idf_lwip.dir/lwip/src/api/netifapi.c.obj
[826/1044] Building C object esp-idf/mbedtls/mbedtls/library/CMakeFiles/mbedcrypto.dir/rsa.c.obj
[326/1044] Building C object esp-idf/vfs/CMakeFiles/__idf_vfs.dir/vfs_semihost.c.obj
[229/1044] Building C object esp-idf/lwip/CMakeFiles/__idf_lwip.dir/lwip/src/api/netdb.c.obj
[327/1044] Building C object esp-idf/esp_driver_usb_serial_jtag/CMakeFiles/__idf_esp_driver_usb_serial_jtag.dir/src/usb_serial_jtag.c.obj
[328/1044] Building C object esp-idf/esp_phy/CMakeFiles/__idf_esp_phy.dir/src/phy_init.c.obj
[329/1044] Building C object esp-idf/esp_phy/CMakeFiles/__idf_esp_phy.dir/src/phy_override.c.obj
[230/1044] Building C object esp-idf/wpa_supplicant/CMakeFiles/__idf_wpa_supplicant.dir/esp_supplicant/src/esp_wps.c.obj
[330/1044] Building C object esp-idf/lwip/CMakeFiles/__idf_lwip.dir/lwip/src/core/ipv6/nd6.c.obj
[231/1044] Building C object esp-idf/lwip/CMakeFiles/__idf_lwip.dir/lwip/src/core/init.c.obj
[331/1044] Building C object esp-idf/esp_driver_usb_serial_jtag/CMakeFiles/__idf_esp_driver_usb_serial_jtag.dir/src/usb_serial_jtag_vfs.c.obj
[232/1044] Building C object esp-idf/lwip/CMakeFiles/__idf_lwip.dir/lwip/src/core/ip.c.obj
[233/1044] Building C object esp-idf/lwip/CMakeFiles/__idf_lwip.dir/lwip/src/core/memp.c.obj
[332/1044] Building C object esp-idf/nvs_flash/CMakeFiles/__idf_nvs_flash.dir/src/nvs_bootloader_aes.c.obj
[333/1044] Building CXX object esp-idf/nvs_flash/CMakeFiles/__idf_nvs_flash.dir/src/nvs_platform.cpp.obj
[334/1044] Building C object esp-idf/lwip/CMakeFiles/__idf_lwip.dir/apps/dhcpserver/dhcpserver.c.obj
[234/1044] Building C object esp-idf/lwip/CMakeFiles/__idf_lwip.dir/lwip/src/apps/netbiosns/netbiosns.c.obj
[235/1044] Building C object esp-idf/lwip/CMakeFiles/__idf_lwip.dir/lwip/src/api/tcpip.c.obj
[236/1044] Building C object esp-idf/lwip/CMakeFiles/__idf_lwip.dir/lwip/src/core/dns.c.obj
[237/1044] Building C object esp-idf/lwip/CMakeFiles/__idf_lwip.dir/lwip/src/apps/sntp/sntp.c.obj
[238/1044] Building C object esp-idf/lwip/CMakeFiles/__idf_lwip.dir/lwip/src/core/stats.c.obj
[239/1044] Building C object esp-idf/lwip/CMakeFiles/__idf_lwip.dir/lwip/src/core/inet_chksum.c.obj
[240/1044] Linking C static library esp-idf/wpa_supplicant/libwpa_supplicant.a
[241/1044] Building C object esp-idf/lwip/CMakeFiles/__idf_lwip.dir/lwip/src/api/api_lib.c.obj
[242/1044] Building C object esp-idf/lwip/CMakeFiles/__idf_lwip.dir/lwip/src/core/raw.c.obj
[243/1044] Building C object esp-idf/lwip/CMakeFiles/__idf_lwip.dir/lwip/src/core/mem.c.obj
[335/1044] Building C object esp-idf/nvs_flash/CMakeFiles/__idf_nvs_flash.dir/src/nvs_bootloader_xts_aes.c.obj
[244/1044] Building C object esp-idf/lwip/CMakeFiles/__idf_lwip.dir/lwip/src/core/sys.c.obj
[336/1044] Building C object esp-idf/esp_event/CMakeFiles/__idf_esp_event.dir/default_event_loop.c.obj
[337/1044] Building C object esp-idf/nvs_flash/CMakeFiles/__idf_nvs_flash.dir/src/nvs_bootloader.c.obj
[245/1044] Building C object esp-idf/lwip/CMakeFiles/__idf_lwip.dir/lwip/src/core/timeouts.c.obj
[246/1044] Building C object esp-idf/lwip/CMakeFiles/__idf_lwip.dir/lwip/src/api/api_msg.c.obj
[338/1044] Building C object esp-idf/vfs/CMakeFiles/__idf_vfs.dir/vfs.c.obj
[247/1044] Building C object esp-idf/lwip/CMakeFiles/__idf_lwip.dir/lwip/src/core/ipv4/ip4_napt.c.obj
[248/1044] Building C object esp-idf/lwip/CMakeFiles/__idf_lwip.dir/lwip/src/core/ipv4/icmp.c.obj
[339/1044] Linking C static library esp-idf/lwip/liblwip.a
[340/1044] Linking C static library esp-idf/vfs/libvfs.a
[341/1044] Building C object esp-idf/esp_event/CMakeFiles/__idf_esp_event.dir/esp_event_private.c.obj
[249/1044] Building C object esp-idf/lwip/CMakeFiles/__idf_lwip.dir/lwip/src/core/pbuf.c.obj
[250/1044] Building C object esp-idf/lwip/CMakeFiles/__idf_lwip.dir/lwip/src/core/ipv4/autoip.c.obj
[342/1044] Linking C static library esp-idf/esp_vfs_console/libesp_vfs_console.a
[251/1044] Building C object esp-idf/lwip/CMakeFiles/__idf_lwip.dir/lwip/src/core/ipv4/igmp.c.obj
[252/1044] Building C object esp-idf/lwip/CMakeFiles/__idf_lwip.dir/lwip/src/core/ipv6/ethip6.c.obj
[253/1044] Building C object esp-idf/lwip/CMakeFiles/__idf_lwip.dir/lwip/src/core/ipv6/dhcp6.c.obj
[343/1044] Building C object esp-idf/esp_driver_uart/CMakeFiles/__idf_esp_driver_uart.dir/src/uart_wakeup.c.obj
[344/1044] Linking C static library esp-idf/esp_driver_usb_serial_jtag/libesp_driver_usb_serial_jtag.a
[254/1044] Building C object esp-idf/lwip/CMakeFiles/__idf_lwip.dir/lwip/src/core/ipv4/ip4_addr.c.obj
[255/1044] Building C object esp-idf/lwip/CMakeFiles/__idf_lwip.dir/lwip/src/core/ipv4/ip4_frag.c.obj
[345/1044] Linking C static library esp-idf/esp_phy/libesp_phy.a
[256/1044] Building C object esp-idf/lwip/CMakeFiles/__idf_lwip.dir/lwip/src/core/netif.c.obj
[257/1044] Building C object esp-idf/lwip/CMakeFiles/__idf_lwip.dir/lwip/src/core/tcp_out.c.obj
[827/1044] Building C object esp-idf/mbedtls/mbedtls/library/CMakeFiles/mbedcrypto.dir/psa_crypto.c.obj
[258/1044] Building C object esp-idf/lwip/CMakeFiles/__idf_lwip.dir/lwip/src/core/ipv6/icmp6.c.obj
[259/1044] Building C object esp-idf/lwip/CMakeFiles/__idf_lwip.dir/lwip/src/core/ipv6/ip6_frag.c.obj
[260/1044] Building C object esp-idf/esp_netif/CMakeFiles/__idf_esp_netif.dir/lwip/esp_netif_lwip.c.obj
[261/1044] Building C object esp-idf/lwip/CMakeFiles/__idf_lwip.dir/lwip/src/core/tcp_in.c.obj
[262/1044] Building C object esp-idf/lwip/CMakeFiles/__idf_lwip.dir/lwip/src/netif/bridgeif.c.obj
[263/1044] Building C object esp-idf/lwip/CMakeFiles/__idf_lwip.dir/lwip/src/netif/bridgeif_fdb.c.obj
[346/1044] Building CXX object esp-idf/nvs_flash/CMakeFiles/__idf_nvs_flash.dir/src/nvs_partition_lookup.cpp.obj
[264/1044] Building C object esp-idf/lwip/CMakeFiles/__idf_lwip.dir/lwip/src/core/ipv6/mld6.c.obj
[265/1044] Building C object esp-idf/lwip/CMakeFiles/__idf_lwip.dir/lwip/src/core/ipv6/inet6.c.obj
[266/1044] Building C object esp-idf/lwip/CMakeFiles/__idf_lwip.dir/lwip/src/core/tcp.c.obj
[267/1044] Building C object esp-idf/lwip/CMakeFiles/__idf_lwip.dir/lwip/src/core/ipv4/ip4.c.obj
[268/1044] Building C object esp-idf/lwip/CMakeFiles/__idf_lwip.dir/lwip/src/core/ipv6/ip6.c.obj
[269/1044] Building C object esp-idf/lwip/CMakeFiles/__idf_lwip.dir/lwip/src/netif/ppp/ccp.c.obj
[270/1044] Building C object esp-idf/lwip/CMakeFiles/__idf_lwip.dir/lwip/src/core/udp.c.obj
[271/1044] Building C object esp-idf/lwip/CMakeFiles/__idf_lwip.dir/lwip/src/core/ipv6/ip6_addr.c.obj
[272/1044] Building C object esp-idf/lwip/CMakeFiles/__idf_lwip.dir/lwip/src/netif/ppp/chap-md5.c.obj
[273/1044] Building C object esp-idf/lwip/CMakeFiles/__idf_lwip.dir/lwip/src/core/ipv4/etharp.c.obj
[274/1044] Building C object esp-idf/lwip/CMakeFiles/__idf_lwip.dir/lwip/src/netif/slipif.c.obj
[275/1044] Building C object esp-idf/lwip/CMakeFiles/__idf_lwip.dir/lwip/src/api/sockets.c.obj
[276/1044] Building C object esp-idf/lwip/CMakeFiles/__idf_lwip.dir/lwip/src/netif/ppp/auth.c.obj
[828/1044] Linking CXX static library esp-idf/mbedtls/mbedtls/library/libmbedcrypto.a
[829/1044] Linking CXX static library esp-idf/mbedtls/mbedtls/3rdparty/p256-m/libp256m.a
[277/1044] Building C object esp-idf/lwip/CMakeFiles/__idf_lwip.dir/lwip/src/netif/ethernet.c.obj
[347/1044] Building C object esp-idf/esp_event/CMakeFiles/__idf_esp_event.dir/esp_event.c.obj
[278/1044] Building C object esp-idf/lwip/CMakeFiles/__idf_lwip.dir/lwip/src/netif/ppp/eap.c.obj
[348/1044] Building CXX object esp-idf/nvs_flash/CMakeFiles/__idf_nvs_flash.dir/src/nvs_partition.cpp.obj
[279/1044] Building C object esp-idf/lwip/CMakeFiles/__idf_lwip.dir/lwip/src/netif/ppp/chap-new.c.obj
[280/1044] Building C object esp-idf/lwip/CMakeFiles/__idf_lwip.dir/lwip/src/netif/ppp/ipv6cp.c.obj
[281/1044] Building C object esp-idf/lwip/CMakeFiles/__idf_lwip.dir/lwip/src/netif/ppp/mppe.c.obj
[282/1044] Building C object esp-idf/lwip/CMakeFiles/__idf_lwip.dir/lwip/src/netif/ppp/eui64.c.obj
[283/1044] Building C object esp-idf/lwip/CMakeFiles/__idf_lwip.dir/lwip/src/netif/ppp/fsm.c.obj
[284/1044] Building C object esp-idf/lwip/CMakeFiles/__idf_lwip.dir/lwip/src/netif/ppp/ipcp.c.obj
[349/1044] Building C object esp-idf/esp_ringbuf/CMakeFiles/__idf_esp_ringbuf.dir/ringbuf.c.obj
[830/1044] Linking CXX static library esp-idf/mbedtls/mbedtls/3rdparty/everest/libeverest.a
[285/1044] Building C object esp-idf/lwip/CMakeFiles/__idf_lwip.dir/lwip/src/netif/ppp/multilink.c.obj
[286/1044] Building C object esp-idf/lwip/CMakeFiles/__idf_lwip.dir/lwip/src/netif/ppp/chap_ms.c.obj
[287/1044] Building C object esp-idf/lwip/CMakeFiles/__idf_lwip.dir/lwip/src/netif/ppp/ppp.c.obj
[288/1044] Building C object esp-idf/lwip/CMakeFiles/__idf_lwip.dir/lwip/src/netif/ppp/magic.c.obj
[289/1044] Building C object esp-idf/lwip/CMakeFiles/__idf_lwip.dir/lwip/src/netif/ppp/pppapi.c.obj
[290/1044] Building C object esp-idf/lwip/CMakeFiles/__idf_lwip.dir/lwip/src/netif/ppp/demand.c.obj
[350/1044] Building C object esp-idf/esp_driver_uart/CMakeFiles/__idf_esp_driver_uart.dir/src/uhci.c.obj
[291/1044] Building C object esp-idf/lwip/CMakeFiles/__idf_lwip.dir/lwip/src/netif/ppp/ecp.c.obj
[292/1044] Building C object esp-idf/lwip/CMakeFiles/__idf_lwip.dir/lwip/src/netif/ppp/lcp.c.obj
[293/1044] Building C object esp-idf/lwip/CMakeFiles/__idf_lwip.dir/lwip/src/netif/ppp/pppcrypt.c.obj
[294/1044] Building C object esp-idf/lwip/CMakeFiles/__idf_lwip.dir/lwip/src/netif/ppp/pppoe.c.obj
[295/1044] Building C object esp-idf/lwip/CMakeFiles/__idf_lwip.dir/lwip/src/core/ipv4/dhcp.c.obj
[351/1044] Building C object esp-idf/esp_timer/CMakeFiles/__idf_esp_timer.dir/src/esp_timer_init.c.obj
[296/1044] Building C object esp-idf/lwip/CMakeFiles/__idf_lwip.dir/lwip/src/netif/ppp/pppol2tp.c.obj
[297/1044] Building C object esp-idf/lwip/CMakeFiles/__idf_lwip.dir/lwip/src/netif/ppp/utils.c.obj
[352/1044] Building C object esp-idf/esp_driver_uart/CMakeFiles/__idf_esp_driver_uart.dir/src/uart_vfs.c.obj
[298/1044] Building C object esp-idf/lwip/CMakeFiles/__idf_lwip.dir/lwip/src/netif/ppp/pppos.c.obj
[299/1044] Building C object esp-idf/lwip/CMakeFiles/__idf_lwip.dir/lwip/src/netif/ppp/vj.c.obj
[300/1044] Building C object esp-idf/lwip/CMakeFiles/__idf_lwip.dir/port/hooks/lwip_default_hooks.c.obj
[353/1044] Building C object esp-idf/esp_timer/CMakeFiles/__idf_esp_timer.dir/src/esp_timer.c.obj
[301/1044] Building C object esp-idf/lwip/CMakeFiles/__idf_lwip.dir/port/if_index.c.obj
[302/1044] Building C object esp-idf/lwip/CMakeFiles/__idf_lwip.dir/port/sockets_ext.c.obj
[303/1044] Building C object esp-idf/lwip/CMakeFiles/__idf_lwip.dir/port/acd_dhcp_check.c.obj
[354/1044] Building C object esp-idf/esp_timer/CMakeFiles/__idf_esp_timer.dir/src/system_time.c.obj
[355/1044] Building C object esp-idf/esp_driver_gptimer/CMakeFiles/__idf_esp_driver_gptimer.dir/src/gptimer_common.c.obj
[304/1044] Building C object esp-idf/lwip/CMakeFiles/__idf_lwip.dir/lwip/src/netif/ppp/upap.c.obj
[356/1044] Building C object esp-idf/esp_timer/CMakeFiles/__idf_esp_timer.dir/src/esp_timer_impl_common.c.obj
[305/1044] Building C object esp-idf/lwip/CMakeFiles/__idf_lwip.dir/lwip/src/netif/ppp/polarssl/md4.c.obj
[306/1044] Building C object esp-idf/lwip/CMakeFiles/__idf_lwip.dir/port/debug/lwip_debug.c.obj
[307/1044] Linking C static library esp-idf/esp_netif/libesp_netif.a
[357/1044] Building C object esp-idf/esp_driver_gptimer/CMakeFiles/__idf_esp_driver_gptimer.dir/src/gptimer.c.obj
[308/1044] Building C object esp-idf/lwip/CMakeFiles/__idf_lwip.dir/apps/ping/ping.c.obj
[309/1044] Building C object esp-idf/lwip/CMakeFiles/__idf_lwip.dir/lwip/src/netif/ppp/polarssl/arc4.c.obj
[310/1044] Building C object esp-idf/lwip/CMakeFiles/__idf_lwip.dir/port/hooks/tcp_isn_default.c.obj
[311/1044] Building C object esp-idf/lwip/CMakeFiles/__idf_lwip.dir/lwip/src/core/ipv6/nd6.c.obj
[831/1044] Generating x509_crt_bundle
[358/1044] Building C object esp-idf/esp_timer/CMakeFiles/__idf_esp_timer.dir/src/ets_timer_legacy.c.obj
[312/1044] Building C object esp-idf/lwip/CMakeFiles/__idf_lwip.dir/port/freertos/sys_arch.c.obj
[313/1044] Building C object esp-idf/lwip/CMakeFiles/__idf_lwip.dir/lwip/src/netif/ppp/polarssl/sha1.c.obj
[359/1044] Building CXX object esp-idf/cxx/CMakeFiles/__idf_cxx.dir/cxx_init.cpp.obj
[314/1044] Building C object esp-idf/lwip/CMakeFiles/__idf_lwip.dir/lwip/src/netif/ppp/polarssl/md5.c.obj
[315/1044] Building C object esp-idf/lwip/CMakeFiles/__idf_lwip.dir/lwip/src/netif/ppp/polarssl/des.c.obj
[316/1044] Building C object esp-idf/lwip/CMakeFiles/__idf_lwip.dir/apps/ping/esp_ping.c.obj
[360/1044] Building C object esp-idf/esp_timer/CMakeFiles/__idf_esp_timer.dir/src/esp_timer_impl_systimer.c.obj
[317/1044] Building C object esp-idf/lwip/CMakeFiles/__idf_lwip.dir/port/esp32xx/vfs_lwip.c.obj
[318/1044] Building C object esp-idf/esp_driver_usb_serial_jtag/CMakeFiles/__idf_esp_driver_usb_serial_jtag.dir/src/usb_serial_jtag_connection_monitor.c.obj
[319/1044] Building C object esp-idf/esp_phy/CMakeFiles/__idf_esp_phy.dir/esp32s3/phy_init_data.c.obj
[320/1044] Building C object esp-idf/esp_phy/CMakeFiles/__idf_esp_phy.dir/src/lib_printf.c.obj
[321/1044] Building C object esp-idf/esp_vfs_console/CMakeFiles/__idf_esp_vfs_console.dir/vfs_console.c.obj
[322/1044] Building C object esp-idf/vfs/CMakeFiles/__idf_vfs.dir/vfs_eventfd.c.obj
[323/1044] Building C object esp-idf/esp_phy/CMakeFiles/__idf_esp_phy.dir/src/phy_common.c.obj
[361/1044] Building CXX object esp-idf/cxx/CMakeFiles/__idf_cxx.dir/cxx_exception_stubs.cpp.obj
[362/1044] Building CXX object esp-idf/nvs_flash/CMakeFiles/__idf_nvs_flash.dir/src/nvs_cxx_api.cpp.obj
[363/1044] Building C object esp-idf/pthread/CMakeFiles/__idf_pthread.dir/pthread_local_storage.c.obj
[324/1044] Building C object esp-idf/esp_phy/CMakeFiles/__idf_esp_phy.dir/src/btbb_init.c.obj
[364/1044] Building CXX object esp-idf/nvs_flash/CMakeFiles/__idf_nvs_flash.dir/src/nvs_handle_locked.cpp.obj
[325/1044] Building C object esp-idf/esp_phy/CMakeFiles/__idf_esp_phy.dir/src/phy_override.c.obj
[326/1044] Building C object esp-idf/lwip/CMakeFiles/__idf_lwip.dir/apps/ping/ping_sock.c.obj
[832/1044] Generating ../../x509_crt_bundle.S
[327/1044] Building C object esp-idf/esp_driver_usb_serial_jtag/CMakeFiles/__idf_esp_driver_usb_serial_jtag.dir/src/usb_serial_jtag.c.obj
[328/1044] Building C object esp-idf/vfs/CMakeFiles/__idf_vfs.dir/nullfs.c.obj
[365/1044] Building C object esp-idf/pthread/CMakeFiles/__idf_pthread.dir/pthread_cond_var.c.obj
[366/1044] Building C object esp-idf/pthread/CMakeFiles/__idf_pthread.dir/pthread_rwlock.c.obj
[367/1044] Building C object esp-idf/pthread/CMakeFiles/__idf_pthread.dir/pthread_semaphore.c.obj
[368/1044] Building C object esp-idf/newlib/CMakeFiles/__idf_newlib.dir/src/init.c.obj
[369/1044] Building CXX object esp-idf/nvs_flash/CMakeFiles/__idf_nvs_flash.dir/src/nvs_pagemanager.cpp.obj
[329/1044] Building C object esp-idf/esp_driver_usb_serial_jtag/CMakeFiles/__idf_esp_driver_usb_serial_jtag.dir/src/usb_serial_jtag_vfs.c.obj
[370/1044] Building C object esp-idf/newlib/CMakeFiles/__idf_newlib.dir/src/abort.c.obj
[371/1044] Building C object esp-idf/pthread/CMakeFiles/__idf_pthread.dir/pthread.c.obj
[833/1044] Building ASM object esp-idf/mbedtls/CMakeFiles/__idf_mbedtls.dir/__/__/x509_crt_bundle.S.obj
[372/1044] Building C object esp-idf/newlib/CMakeFiles/__idf_newlib.dir/src/assert.c.obj
[834/1044] Building C object esp-idf/esp_security/CMakeFiles/__idf_esp_security.dir/src/esp_crypto_lock.c.obj
[373/1044] Building CXX object esp-idf/cxx/CMakeFiles/__idf_cxx.dir/cxx_guards.cpp.obj
[835/1044] Building C object esp-idf/esp_driver_gpio/CMakeFiles/__idf_esp_driver_gpio.dir/src/gpio_glitch_filter_ops.c.obj
[836/1044] Building C object esp-idf/esp_pm/CMakeFiles/__idf_esp_pm.dir/pm_locks.c.obj
[330/1044] Building CXX object esp-idf/nvs_flash/CMakeFiles/__idf_nvs_flash.dir/src/nvs_platform.cpp.obj
[374/1044] Building C object esp-idf/newlib/CMakeFiles/__idf_newlib.dir/src/heap.c.obj
[837/1044] Building C object esp-idf/esp_pm/CMakeFiles/__idf_esp_pm.dir/pm_trace.c.obj
[375/1044] Building C object esp-idf/newlib/CMakeFiles/__idf_newlib.dir/src/poll.c.obj
[376/1044] Building C object esp-idf/newlib/CMakeFiles/__idf_newlib.dir/src/getentropy.c.obj
[377/1044] Building CXX object esp-idf/nvs_flash/CMakeFiles/__idf_nvs_flash.dir/src/nvs_handle_simple.cpp.obj
[378/1044] Building C object esp-idf/newlib/CMakeFiles/__idf_newlib.dir/src/termios.c.obj
[331/1044] Building C object esp-idf/esp_phy/CMakeFiles/__idf_esp_phy.dir/src/phy_init.c.obj
[379/1044] Building C object esp-idf/newlib/CMakeFiles/__idf_newlib.dir/src/pthread.c.obj
[838/1044] Building C object esp-idf/efuse/CMakeFiles/__idf_efuse.dir/esp32s3/esp_efuse_fields.c.obj
[332/1044] Building C object esp-idf/vfs/CMakeFiles/__idf_vfs.dir/vfs_semihost.c.obj
[839/1044] Building C object esp-idf/esp_security/CMakeFiles/__idf_esp_security.dir/src/init.c.obj
[840/1044] Building C object esp-idf/efuse/CMakeFiles/__idf_efuse.dir/esp32s3/esp_efuse_table.c.obj
[380/1044] Building C object esp-idf/newlib/CMakeFiles/__idf_newlib.dir/src/random.c.obj
[381/1044] Building C object esp-idf/newlib/CMakeFiles/__idf_newlib.dir/src/syscalls.c.obj
[841/1044] Building C object esp-idf/efuse/CMakeFiles/__idf_efuse.dir/esp32s3/esp_efuse_utility.c.obj
[382/1044] Building C object esp-idf/newlib/CMakeFiles/__idf_newlib.dir/src/sysconf.c.obj
[842/1044] Building C object esp-idf/esp_security/CMakeFiles/__idf_esp_security.dir/src/esp_hmac.c.obj
[383/1044] Building C object esp-idf/newlib/CMakeFiles/__idf_newlib.dir/src/port/esp_time_impl.c.obj
[333/1044] Building C object esp-idf/lwip/CMakeFiles/__idf_lwip.dir/apps/dhcpserver/dhcpserver.c.obj
[384/1044] Building C object esp-idf/esp_driver_uart/CMakeFiles/__idf_esp_driver_uart.dir/src/uart.c.obj
[334/1044] Building C object esp-idf/nvs_flash/CMakeFiles/__idf_nvs_flash.dir/src/nvs_bootloader_aes.c.obj
[843/1044] Building C object esp-idf/esp_security/CMakeFiles/__idf_esp_security.dir/src/esp_crypto_periph_clk.c.obj
[844/1044] Building C object esp-idf/efuse/CMakeFiles/__idf_efuse.dir/esp32s3/esp_efuse_rtc_calib.c.obj
[385/1044] Building C object esp-idf/newlib/CMakeFiles/__idf_newlib.dir/src/flockfile.c.obj
[386/1044] Building C object esp-idf/newlib/CMakeFiles/__idf_newlib.dir/src/realpath.c.obj
[845/1044] Building C object esp-idf/efuse/CMakeFiles/__idf_efuse.dir/src/esp_efuse_utility.c.obj
[387/1044] Building CXX object esp-idf/nvs_flash/CMakeFiles/__idf_nvs_flash.dir/src/nvs_item_hash_list.cpp.obj
[388/1044] Building C object esp-idf/newlib/CMakeFiles/__idf_newlib.dir/src/time.c.obj
[846/1044] Building C object esp-idf/efuse/CMakeFiles/__idf_efuse.dir/src/esp_efuse_startup.c.obj
[389/1044] Building CXX object esp-idf/nvs_flash/CMakeFiles/__idf_nvs_flash.dir/src/nvs_encrypted_partition.cpp.obj
[847/1044] Building C object esp-idf/efuse/CMakeFiles/__idf_efuse.dir/src/efuse_controller/keys/with_key_purposes/esp_efuse_api_key.c.obj
[390/1044] Building C object esp-idf/newlib/CMakeFiles/__idf_newlib.dir/src/scandir.c.obj
[848/1044] Building C object esp-idf/xtensa/CMakeFiles/__idf_xtensa.dir/eri.c.obj
[391/1044] Building C object esp-idf/newlib/CMakeFiles/__idf_newlib.dir/src/reent_init.c.obj
[392/1044] Building C object esp-idf/newlib/CMakeFiles/__idf_newlib.dir/src/newlib_init.c.obj
[393/1044] Building C object esp-idf/newlib/CMakeFiles/__idf_newlib.dir/src/locks.c.obj
[849/1044] Building C object esp-idf/mbedtls/CMakeFiles/__idf_mbedtls.dir/esp_crt_bundle/esp_crt_bundle.c.obj
[850/1044] Building C object esp-idf/esp_driver_gpio/CMakeFiles/__idf_esp_driver_gpio.dir/src/gpio_pin_glitch_filter.c.obj
[851/1044] Building C object esp-idf/efuse/CMakeFiles/__idf_efuse.dir/src/esp_efuse_fields.c.obj
[852/1044] Building C object esp-idf/app_update/CMakeFiles/__idf_app_update.dir/esp_ota_app_desc.c.obj
[335/1044] Building C object esp-idf/nvs_flash/CMakeFiles/__idf_nvs_flash.dir/src/nvs_bootloader.c.obj
[394/1044] Building C object esp-idf/newlib/CMakeFiles/__idf_newlib.dir/src/reent_syscalls.c.obj
[336/1044] Building C object esp-idf/nvs_flash/CMakeFiles/__idf_nvs_flash.dir/src/nvs_bootloader_xts_aes.c.obj
[853/1044] Building C object esp-idf/esp_security/CMakeFiles/__idf_esp_security.dir/src/esp_ds.c.obj
[854/1044] Building C object esp-idf/esp_bootloader_format/CMakeFiles/__idf_esp_bootloader_format.dir/esp_bootloader_desc.c.obj
[855/1044] Building C object esp-idf/esp_pm/CMakeFiles/__idf_esp_pm.dir/pm_impl.c.obj
[395/1044] Building CXX object esp-idf/nvs_flash/CMakeFiles/__idf_nvs_flash.dir/src/nvs_partition_manager.cpp.obj
[856/1044] Building ASM object esp-idf/xtensa/CMakeFiles/__idf_xtensa.dir/xtensa_intr_asm.S.obj
[857/1044] Building ASM object esp-idf/xtensa/CMakeFiles/__idf_xtensa.dir/xtensa_context.S.obj
[858/1044] Linking C static library esp-idf/mbedtls/libmbedtls.a
[859/1044] Building C object esp-idf/xtensa/CMakeFiles/__idf_xtensa.dir/xt_trax.c.obj
[337/1044] Building C object esp-idf/esp_event/CMakeFiles/__idf_esp_event.dir/default_event_loop.c.obj
[860/1044] Building C object esp-idf/esp_driver_gpio/CMakeFiles/__idf_esp_driver_gpio.dir/src/dedic_gpio.c.obj
[396/1044] Building ASM object esp-idf/freertos/CMakeFiles/__idf_freertos.dir/FreeRTOS-Kernel/portable/xtensa/portasm.S.obj
[397/1044] Building C object esp-idf/freertos/CMakeFiles/__idf_freertos.dir/port_common.c.obj
[338/1044] Linking C static library esp-idf/lwip/liblwip.a
[398/1044] Building C object esp-idf/freertos/CMakeFiles/__idf_freertos.dir/heap_idf.c.obj
[861/1044] Building ASM object esp-idf/xtensa/CMakeFiles/__idf_xtensa.dir/xtensa_vectors.S.obj
[862/1044] Building C object esp-idf/esp_app_format/CMakeFiles/__idf_esp_app_format.dir/esp_app_desc.c.obj
[863/1044] Building C object esp-idf/efuse/CMakeFiles/__idf_efuse.dir/src/esp_efuse_api.c.obj
[864/1044] Linking C static library esp-idf/esp_pm/libesp_pm.a
[399/1044] Building C object esp-idf/freertos/CMakeFiles/__idf_freertos.dir/app_startup.c.obj
[400/1044] Building C object esp-idf/newlib/CMakeFiles/__idf_newlib.dir/src/stdatomic.c.obj
[865/1044] Building C object esp-idf/esp_partition/CMakeFiles/__idf_esp_partition.dir/partition_target.c.obj
[401/1044] Building C object esp-idf/freertos/CMakeFiles/__idf_freertos.dir/FreeRTOS-Kernel/portable/xtensa/xtensa_init.c.obj
[402/1044] Building C object esp-idf/freertos/CMakeFiles/__idf_freertos.dir/FreeRTOS-Kernel/list.c.obj
[866/1044] Building C object esp-idf/console/CMakeFiles/__idf_console.dir/argtable3/arg_cmd.c.obj
[867/1044] Building C object esp-idf/xtensa/CMakeFiles/__idf_xtensa.dir/xtensa_intr.c.obj
[868/1044] Building C object esp-idf/app_update/CMakeFiles/__idf_app_update.dir/esp_ota_ops.c.obj
[403/1044] Building C object esp-idf/freertos/CMakeFiles/__idf_freertos.dir/esp_additions/idf_additions_event_groups.c.obj
[869/1044] Building C object esp-idf/console/CMakeFiles/__idf_console.dir/split_argv.c.obj
[870/1044] Building C object esp-idf/console/CMakeFiles/__idf_console.dir/argtable3/arg_end.c.obj
[404/1044] Building C object esp-idf/freertos/CMakeFiles/__idf_freertos.dir/FreeRTOS-Kernel/event_groups.c.obj
[871/1044] Building C object esp-idf/esp_driver_gpio/CMakeFiles/__idf_esp_driver_gpio.dir/src/rtc_io.c.obj
[405/1044] Building C object esp-idf/esp_hw_support/CMakeFiles/__idf_esp_hw_support.dir/port/esp32s3/esp_cpu_intr.c.obj
[406/1044] Building C object esp-idf/esp_hw_support/CMakeFiles/__idf_esp_hw_support.dir/esp_memory_utils.c.obj
[872/1044] Building C object esp-idf/esp_partition/CMakeFiles/__idf_esp_partition.dir/partition.c.obj
[407/1044] Building C object esp-idf/freertos/CMakeFiles/__idf_freertos.dir/port_systick.c.obj
[873/1044] Building C object esp-idf/console/CMakeFiles/__idf_console.dir/argtable3/arg_dstr.c.obj
[874/1044] Building C object esp-idf/console/CMakeFiles/__idf_console.dir/argtable3/arg_dbl.c.obj
[408/1044] Building C object esp-idf/esp_hw_support/CMakeFiles/__idf_esp_hw_support.dir/port/esp32s3/cpu_region_protect.c.obj
[339/1044] Building C object esp-idf/esp_event/CMakeFiles/__idf_esp_event.dir/esp_event_private.c.obj
[340/1044] Building C object esp-idf/esp_driver_uart/CMakeFiles/__idf_esp_driver_uart.dir/src/uart_wakeup.c.obj
[875/1044] Building C object esp-idf/console/CMakeFiles/__idf_console.dir/esp_console_repl_internal.c.obj
[341/1044] Building C object esp-idf/vfs/CMakeFiles/__idf_vfs.dir/vfs.c.obj
[876/1044] Building C object esp-idf/console/CMakeFiles/__idf_console.dir/argtable3/arg_int.c.obj
[409/1044] Building C object esp-idf/freertos/CMakeFiles/__idf_freertos.dir/FreeRTOS-Kernel/portable/xtensa/xtensa_overlay_os_hook.c.obj
[410/1044] Building C object esp-idf/esp_hw_support/CMakeFiles/__idf_esp_hw_support.dir/cpu.c.obj
[411/1044] Building C object esp-idf/freertos/CMakeFiles/__idf_freertos.dir/FreeRTOS-Kernel/timers.c.obj
[342/1044] Building CXX object esp-idf/nvs_flash/CMakeFiles/__idf_nvs_flash.dir/src/nvs_partition.cpp.obj
[877/1044] Building C object esp-idf/console/CMakeFiles/__idf_console.dir/esp_console_common.c.obj
[878/1044] Building C object esp-idf/console/CMakeFiles/__idf_console.dir/argtable3/arg_str.c.obj
[412/1044] Building C object esp-idf/freertos/CMakeFiles/__idf_freertos.dir/FreeRTOS-Kernel/portable/xtensa/port.c.obj
[879/1044] Building C object esp-idf/console/CMakeFiles/__idf_console.dir/commands.c.obj
[880/1044] Building C object esp-idf/console/CMakeFiles/__idf_console.dir/argtable3/arg_file.c.obj
[881/1044] Building C object esp-idf/console/CMakeFiles/__idf_console.dir/argtable3/arg_rem.c.obj
[882/1044] Building C object esp-idf/console/CMakeFiles/__idf_console.dir/esp_console_repl_chip.c.obj
[343/1044] Linking C static library esp-idf/vfs/libvfs.a
[883/1044] Building C object esp-idf/console/CMakeFiles/__idf_console.dir/argtable3/arg_lit.c.obj
[413/1044] Building C object esp-idf/esp_hw_support/CMakeFiles/__idf_esp_hw_support.dir/revision.c.obj
[414/1044] Building C object esp-idf/esp_hw_support/CMakeFiles/__idf_esp_hw_support.dir/hw_random.c.obj
[884/1044] Building C object esp-idf/console/CMakeFiles/__idf_console.dir/argtable3/arg_hashtable.c.obj
[885/1044] Building C object esp-idf/console/CMakeFiles/__idf_console.dir/argtable3/arg_utils.c.obj
[415/1044] Building C object esp-idf/esp_hw_support/CMakeFiles/__idf_esp_hw_support.dir/mac_addr.c.obj
[416/1044] Building CXX object esp-idf/nvs_flash/CMakeFiles/__idf_nvs_flash.dir/src/nvs_types.cpp.obj
[886/1044] Building C object esp-idf/unity/CMakeFiles/__idf_unity.dir/unity_compat.c.obj
[417/1044] Building C object esp-idf/esp_hw_support/CMakeFiles/__idf_esp_hw_support.dir/esp_gpio_reserve.c.obj
[887/1044] Building C object esp-idf/console/CMakeFiles/__idf_console.dir/argtable3/arg_date.c.obj
[344/1044] Linking C static library esp-idf/esp_vfs_console/libesp_vfs_console.a
[418/1044] Building C object esp-idf/freertos/CMakeFiles/__idf_freertos.dir/FreeRTOS-Kernel/stream_buffer.c.obj
[419/1044] Building C object esp-idf/freertos/CMakeFiles/__idf_freertos.dir/esp_additions/idf_additions.c.obj
[345/1044] Linking C static library esp-idf/esp_driver_usb_serial_jtag/libesp_driver_usb_serial_jtag.a
[420/1044] Building C object esp-idf/esp_hw_support/CMakeFiles/__idf_esp_hw_support.dir/clk_ctrl_os.c.obj
[346/1044] Linking C static library esp-idf/esp_phy/libesp_phy.a
[888/1044] Building C object esp-idf/unity/CMakeFiles/__idf_unity.dir/unity_utils_cache.c.obj
[889/1044] Building C object esp-idf/protocomm/CMakeFiles/__idf_protocomm.dir/proto-c/constants.pb-c.c.obj
[890/1044] Building C object esp-idf/esp_driver_gpio/CMakeFiles/__idf_esp_driver_gpio.dir/src/gpio.c.obj
[891/1044] Building C object esp-idf/unity/CMakeFiles/__idf_unity.dir/unity_runner.c.obj
[892/1044] Building C object esp-idf/unity/CMakeFiles/__idf_unity.dir/port/esp/unity_utils_memory_esp.c.obj
[421/1044] Building C object esp-idf/esp_hw_support/CMakeFiles/__idf_esp_hw_support.dir/esp_clk.c.obj
[422/1044] Building C object esp-idf/freertos/CMakeFiles/__idf_freertos.dir/FreeRTOS-Kernel/queue.c.obj
[423/1044] Building C object esp-idf/esp_hw_support/CMakeFiles/__idf_esp_hw_support.dir/periph_ctrl.c.obj
[347/1044] Building CXX object esp-idf/nvs_flash/CMakeFiles/__idf_nvs_flash.dir/src/nvs_partition_lookup.cpp.obj
[893/1044] Building C object esp-idf/unity/CMakeFiles/__idf_unity.dir/unity_port_esp32.c.obj
[348/1044] Building C object esp-idf/esp_event/CMakeFiles/__idf_esp_event.dir/esp_event.c.obj
[424/1044] Building C object esp-idf/esp_hw_support/CMakeFiles/__idf_esp_hw_support.dir/clk_utils.c.obj
[425/1044] Building C object esp-idf/esp_hw_support/CMakeFiles/__idf_esp_hw_support.dir/regi2c_ctrl.c.obj
[894/1044] Linking C static library esp-idf/esp_driver_gpio/libesp_driver_gpio.a
[895/1044] Building C object esp-idf/unity/CMakeFiles/__idf_unity.dir/unity_utils_freertos.c.obj
[426/1044] Building C object esp-idf/esp_hw_support/CMakeFiles/__idf_esp_hw_support.dir/rtc_module.c.obj
[896/1044] Building C object esp-idf/protocomm/CMakeFiles/__idf_protocomm.dir/proto-c/sec2.pb-c.c.obj
[897/1044] Building C object esp-idf/unity/CMakeFiles/__idf_unity.dir/unity_utils_memory.c.obj
[898/1044] Building C object esp-idf/protocomm/CMakeFiles/__idf_protocomm.dir/src/common/protocomm.c.obj
[899/1044] Building C object esp-idf/protocomm/CMakeFiles/__idf_protocomm.dir/proto-c/sec0.pb-c.c.obj
[900/1044] Building C object esp-idf/console/CMakeFiles/__idf_console.dir/argtable3/arg_rex.c.obj
[349/1044] Building C object esp-idf/esp_driver_uart/CMakeFiles/__idf_esp_driver_uart.dir/src/uart_vfs.c.obj
[427/1044] Building C object esp-idf/esp_hw_support/CMakeFiles/__idf_esp_hw_support.dir/port/esp32s3/esp_clk_tree.c.obj
[901/1044] Building C object esp-idf/protocomm/CMakeFiles/__idf_protocomm.dir/proto-c/session.pb-c.c.obj
[902/1044] Linking C static library esp-idf/esp_security/libesp_security.a
[428/1044] Building C object esp-idf/esp_hw_support/CMakeFiles/__idf_esp_hw_support.dir/intr_alloc.c.obj
[903/1044] Building C object esp-idf/protocomm/CMakeFiles/__idf_protocomm.dir/proto-c/sec1.pb-c.c.obj
[429/1044] Building C object esp-idf/esp_hw_support/CMakeFiles/__idf_esp_hw_support.dir/port/esp32s3/io_mux.c.obj
[430/1044] Building C object esp-idf/esp_hw_support/CMakeFiles/__idf_esp_hw_support.dir/dma/esp_dma_utils.c.obj
[904/1044] Building C object esp-idf/console/CMakeFiles/__idf_console.dir/argtable3/argtable3.c.obj
[905/1044] Building CXX object esp-idf/wear_levelling/CMakeFiles/__idf_wear_levelling.dir/crc32.cpp.obj
[431/1044] Building C object esp-idf/esp_hw_support/CMakeFiles/__idf_esp_hw_support.dir/sleep_modem.c.obj
[432/1044] Building C object esp-idf/esp_hw_support/CMakeFiles/__idf_esp_hw_support.dir/sar_tsens_ctrl.c.obj
[906/1044] Building C object esp-idf/console/CMakeFiles/__idf_console.dir/linenoise/linenoise.c.obj
[433/1044] Building C object esp-idf/esp_hw_support/CMakeFiles/__idf_esp_hw_support.dir/sleep_usb.c.obj
[907/1044] Building CXX object esp-idf/wear_levelling/CMakeFiles/__idf_wear_levelling.dir/Partition.cpp.obj
[434/1044] Building C object esp-idf/esp_hw_support/CMakeFiles/__idf_esp_hw_support.dir/port/esp_clk_tree_common.c.obj
[350/1044] Building C object esp-idf/esp_timer/CMakeFiles/__idf_esp_timer.dir/src/esp_timer_init.c.obj
[908/1044] Linking C static library esp-idf/efuse/libefuse.a
[909/1044] Building CXX object esp-idf/wear_levelling/CMakeFiles/__idf_wear_levelling.dir/SPI_Flash.cpp.obj
[910/1044] Building C object esp-idf/protocomm/CMakeFiles/__idf_protocomm.dir/src/transports/protocomm_console.c.obj
[435/1044] Building C object esp-idf/esp_hw_support/CMakeFiles/__idf_esp_hw_support.dir/sleep_console.c.obj
[436/1044] Building C object esp-idf/esp_hw_support/CMakeFiles/__idf_esp_hw_support.dir/port/esp32s3/systimer.c.obj
[437/1044] Building C object esp-idf/esp_hw_support/CMakeFiles/__idf_esp_hw_support.dir/sleep_event.c.obj
[438/1044] Building C object esp-idf/esp_hw_support/CMakeFiles/__idf_esp_hw_support.dir/spi_bus_lock.c.obj
[439/1044] Building C object esp-idf/esp_hw_support/CMakeFiles/__idf_esp_hw_support.dir/dma/gdma_link.c.obj
[911/1044] Building C object esp-idf/protocomm/CMakeFiles/__idf_protocomm.dir/src/crypto/srp6a/esp_srp_mpi.c.obj
[912/1044] Linking C static library esp-idf/esp_partition/libesp_partition.a
[913/1044] Building C object esp-idf/protocomm/CMakeFiles/__idf_protocomm.dir/src/transports/protocomm_httpd.c.obj
[440/1044] Building C object esp-idf/esp_hw_support/CMakeFiles/__idf_esp_hw_support.dir/adc_share_hw_ctrl.c.obj
[441/1044] Building C object esp-idf/esp_hw_support/CMakeFiles/__idf_esp_hw_support.dir/dma/esp_async_memcpy.c.obj
[914/1044] Linking C static library esp-idf/app_update/libapp_update.a
[442/1044] Building C object esp-idf/esp_hw_support/CMakeFiles/__idf_esp_hw_support.dir/spi_share_hw_ctrl.c.obj
[915/1044] Building CXX object esp-idf/wear_levelling/CMakeFiles/__idf_wear_levelling.dir/WL_Ext_Perf.cpp.obj
[916/1044] Building C object esp-idf/protocomm/CMakeFiles/__idf_protocomm.dir/src/crypto/srp6a/esp_srp.c.obj
[917/1044] Building C object esp-idf/cmock/CMakeFiles/__idf_cmock.dir/CMock/src/cmock.c.obj
[918/1044] Building C object esp-idf/app_trace/CMakeFiles/__idf_app_trace.dir/host_file_io.c.obj
[919/1044] Linking C static library esp-idf/esp_bootloader_format/libesp_bootloader_format.a
[443/1044] Building C object esp-idf/esp_hw_support/CMakeFiles/__idf_esp_hw_support.dir/sleep_wake_stub.c.obj
[351/1044] Building CXX object esp-idf/nvs_flash/CMakeFiles/__idf_nvs_flash.dir/src/nvs_handle_locked.cpp.obj
[920/1044] Building CXX object esp-idf/wear_levelling/CMakeFiles/__idf_wear_levelling.dir/WL_Ext_Safe.cpp.obj
[352/1044] Building C object esp-idf/esp_ringbuf/CMakeFiles/__idf_esp_ringbuf.dir/ringbuf.c.obj
[444/1044] Building CXX object esp-idf/nvs_flash/CMakeFiles/__idf_nvs_flash.dir/src/nvs_api.cpp.obj
[353/1044] Building C object esp-idf/esp_driver_gptimer/CMakeFiles/__idf_esp_driver_gptimer.dir/src/gptimer.c.obj
[354/1044] Building C object esp-idf/esp_driver_uart/CMakeFiles/__idf_esp_driver_uart.dir/src/uhci.c.obj
[921/1044] Linking C static library esp-idf/esp_app_format/libesp_app_format.a
[922/1044] Building C object esp-idf/protocomm/CMakeFiles/__idf_protocomm.dir/src/security/security2.c.obj
[355/1044] Building C object esp-idf/esp_driver_gptimer/CMakeFiles/__idf_esp_driver_gptimer.dir/src/gptimer_common.c.obj
[923/1044] Building C object esp-idf/esp_driver_cam/CMakeFiles/__idf_esp_driver_cam.dir/esp_cam_ctlr.c.obj
[924/1044] Building C object esp-idf/esp_https_server/CMakeFiles/__idf_esp_https_server.dir/src/https_server.c.obj
[445/1044] Building C object esp-idf/esp_hw_support/CMakeFiles/__idf_esp_hw_support.dir/dma/async_memcpy_gdma.c.obj
[925/1044] Building C object esp-idf/app_trace/CMakeFiles/__idf_app_trace.dir/app_trace_util.c.obj
[926/1044] Building CXX object esp-idf/wear_levelling/CMakeFiles/__idf_wear_levelling.dir/wear_levelling.cpp.obj
[446/1044] Building C object esp-idf/esp_hw_support/CMakeFiles/__idf_esp_hw_support.dir/mspi_timing_tuning/mspi_timing_tuning.c.obj
[927/1044] Building C object esp-idf/unity/CMakeFiles/__idf_unity.dir/unity/src/unity.c.obj
[356/1044] Building C object esp-idf/esp_timer/CMakeFiles/__idf_esp_timer.dir/src/ets_timer_legacy.c.obj
[928/1044] Building C object esp-idf/app_trace/CMakeFiles/__idf_app_trace.dir/port/port_uart.c.obj
[447/1044] Building C object esp-idf/esp_hw_support/CMakeFiles/__idf_esp_hw_support.dir/port/esp32s3/rtc_clk_init.c.obj
[448/1044] Building C object esp-idf/esp_hw_support/CMakeFiles/__idf_esp_hw_support.dir/port/esp32s3/chip_info.c.obj
[449/1044] Building C object esp-idf/esp_hw_support/CMakeFiles/__idf_esp_hw_support.dir/esp_clock_output.c.obj
[929/1044] Linking C static library esp-idf/xtensa/libxtensa.a
[930/1044] Building C object esp-idf/json/CMakeFiles/__idf_json.dir/cJSON/cJSON_Utils.c.obj
[450/1044] Building C object esp-idf/esp_hw_support/CMakeFiles/__idf_esp_hw_support.dir/sleep_gpio.c.obj
[451/1044] Building C object esp-idf/esp_hw_support/CMakeFiles/__idf_esp_hw_support.dir/usb_phy/usb_phy.c.obj
[931/1044] Building C object esp-idf/esp_driver_cam/CMakeFiles/__idf_esp_driver_cam.dir/dvp/src/esp_cam_ctlr_dvp_gdma.c.obj
[932/1044] Building C object esp-idf/esp_driver_cam/CMakeFiles/__idf_esp_driver_cam.dir/dvp_share_ctrl.c.obj
[357/1044] Building C object esp-idf/esp_timer/CMakeFiles/__idf_esp_timer.dir/src/system_time.c.obj
[452/1044] Building C object esp-idf/esp_hw_support/CMakeFiles/__idf_esp_hw_support.dir/port/esp32s3/rtc_time.c.obj
[453/1044] Building C object esp-idf/soc/CMakeFiles/__idf_soc.dir/dport_access_common.c.obj
[358/1044] Building C object esp-idf/esp_timer/CMakeFiles/__idf_esp_timer.dir/src/esp_timer_impl_common.c.obj
[933/1044] Building C object esp-idf/app_trace/CMakeFiles/__idf_app_trace.dir/app_trace.c.obj
[454/1044] Building CXX object esp-idf/nvs_flash/CMakeFiles/__idf_nvs_flash.dir/src/nvs_storage.cpp.obj
[455/1044] Building C object esp-idf/esp_hw_support/CMakeFiles/__idf_esp_hw_support.dir/port/esp32s3/rtc_clk.c.obj
[359/1044] Building C object esp-idf/esp_timer/CMakeFiles/__idf_esp_timer.dir/src/esp_timer.c.obj
[456/1044] Building C object esp-idf/esp_hw_support/CMakeFiles/__idf_esp_hw_support.dir/port/esp_memprot_conv.c.obj
[457/1044] Building C object esp-idf/soc/CMakeFiles/__idf_soc.dir/lldesc.c.obj
[934/1044] Linking C static library esp-idf/esp_https_server/libesp_https_server.a
[458/1044] Building C object esp-idf/esp_hw_support/CMakeFiles/__idf_esp_hw_support.dir/power_supply/brownout.c.obj
[935/1044] Linking C static library esp-idf/unity/libunity.a
[459/1044] Building CXX object esp-idf/nvs_flash/CMakeFiles/__idf_nvs_flash.dir/src/nvs_page.cpp.obj
[460/1044] Building C object esp-idf/soc/CMakeFiles/__idf_soc.dir/esp32s3/interrupts.c.obj
[936/1044] Linking C static library esp-idf/console/libconsole.a
[461/1044] Building C object esp-idf/esp_hw_support/CMakeFiles/__idf_esp_hw_support.dir/port/esp32s3/rtc_sleep.c.obj
[462/1044] Building C object esp-idf/soc/CMakeFiles/__idf_soc.dir/esp32s3/gpio_periph.c.obj
[360/1044] Building CXX object esp-idf/cxx/CMakeFiles/__idf_cxx.dir/cxx_init.cpp.obj
[463/1044] Building C object esp-idf/soc/CMakeFiles/__idf_soc.dir/esp32s3/gdma_periph.c.obj
[361/1044] Building C object esp-idf/esp_timer/CMakeFiles/__idf_esp_timer.dir/src/esp_timer_impl_systimer.c.obj
[464/1044] Building C object esp-idf/soc/CMakeFiles/__idf_soc.dir/esp32s3/adc_periph.c.obj
[937/1044] Building C object esp-idf/esp_lcd/CMakeFiles/__idf_esp_lcd.dir/src/esp_lcd_common.c.obj
[362/1044] Building CXX object esp-idf/nvs_flash/CMakeFiles/__idf_nvs_flash.dir/src/nvs_page.cpp.obj
[465/1044] Building C object esp-idf/soc/CMakeFiles/__idf_soc.dir/esp32s3/uart_periph.c.obj
[466/1044] Building C object esp-idf/soc/CMakeFiles/__idf_soc.dir/esp32s3/dedic_gpio_periph.c.obj
[363/1044] Building CXX object esp-idf/cxx/CMakeFiles/__idf_cxx.dir/cxx_exception_stubs.cpp.obj
[467/1044] Building C object esp-idf/soc/CMakeFiles/__idf_soc.dir/esp32s3/pcnt_periph.c.obj
[468/1044] Building C object esp-idf/soc/CMakeFiles/__idf_soc.dir/esp32s3/spi_periph.c.obj
[469/1044] Building C object esp-idf/esp_hw_support/CMakeFiles/__idf_esp_hw_support.dir/lowpower/port/esp32s3/sleep_cpu.c.obj
[470/1044] Building C object esp-idf/soc/CMakeFiles/__idf_soc.dir/esp32s3/sdm_periph.c.obj
[471/1044] Building C object esp-idf/soc/CMakeFiles/__idf_soc.dir/esp32s3/ledc_periph.c.obj
[472/1044] Building C object esp-idf/soc/CMakeFiles/__idf_soc.dir/esp32s3/rmt_periph.c.obj
[473/1044] Building C object esp-idf/esp_hw_support/CMakeFiles/__idf_esp_hw_support.dir/mspi_timing_tuning/port/esp32s3/mspi_timing_config.c.obj
[938/1044] Building C object esp-idf/esp_hid/CMakeFiles/__idf_esp_hid.dir/src/esp_hidd.c.obj
[474/1044] Linking C static library esp-idf/nvs_flash/libnvs_flash.a
[475/1044] Building C object esp-idf/esp_hw_support/CMakeFiles/__idf_esp_hw_support.dir/port/esp32s3/rtc_init.c.obj
[476/1044] Building C object esp-idf/soc/CMakeFiles/__idf_soc.dir/esp32s3/temperature_sensor_periph.c.obj
[477/1044] Building C object esp-idf/soc/CMakeFiles/__idf_soc.dir/esp32s3/i2s_periph.c.obj
[478/1044] Building C object esp-idf/soc/CMakeFiles/__idf_soc.dir/esp32s3/lcd_periph.c.obj
[364/1044] Building CXX object esp-idf/nvs_flash/CMakeFiles/__idf_nvs_flash.dir/src/nvs_types.cpp.obj
[939/1044] Building C object esp-idf/esp_lcd/CMakeFiles/__idf_esp_lcd.dir/src/esp_lcd_panel_io.c.obj
[479/1044] Building C object esp-idf/esp_hw_support/CMakeFiles/__idf_esp_hw_support.dir/port/esp32s3/sar_periph_ctrl.c.obj
[940/1044] Building CXX object esp-idf/wear_levelling/CMakeFiles/__idf_wear_levelling.dir/WL_Flash.cpp.obj
[365/1044] Building C object esp-idf/pthread/CMakeFiles/__idf_pthread.dir/pthread_semaphore.c.obj
[480/1044] Building C object esp-idf/soc/CMakeFiles/__idf_soc.dir/esp32s3/timer_periph.c.obj
[481/1044] Building C object esp-idf/soc/CMakeFiles/__idf_soc.dir/esp32s3/i2c_periph.c.obj
[366/1044] Building C object esp-idf/pthread/CMakeFiles/__idf_pthread.dir/pthread_cond_var.c.obj
[482/1044] Building C object esp-idf/soc/CMakeFiles/__idf_soc.dir/esp32s3/touch_sensor_periph.c.obj
[483/1044] Building C object esp-idf/soc/CMakeFiles/__idf_soc.dir/esp32s3/twai_periph.c.obj
[367/1044] Building C object esp-idf/newlib/CMakeFiles/__idf_newlib.dir/src/init.c.obj
[941/1044] Building C object esp-idf/esp_driver_touch_sens/CMakeFiles/__idf_esp_driver_touch_sens.dir/hw_ver2/touch_version_specific.c.obj
[484/1044] Building C object esp-idf/esp_hw_support/CMakeFiles/__idf_esp_hw_support.dir/mspi_timing_tuning/port/esp32s3/mspi_timing_by_mspi_delay.c.obj
[942/1044] Building C object esp-idf/esp_hid/CMakeFiles/__idf_esp_hid.dir/src/esp_hid_common.c.obj
[485/1044] Linking C static library esp-idf/esp_event/libesp_event.a
[943/1044] Building C object esp-idf/esp_eth/CMakeFiles/__idf_esp_eth.dir/src/esp_eth_netif_glue.c.obj
[486/1044] Building C object esp-idf/soc/CMakeFiles/__idf_soc.dir/esp32s3/wdt_periph.c.obj
[487/1044] Building C object esp-idf/soc/CMakeFiles/__idf_soc.dir/esp32s3/cam_periph.c.obj
[368/1044] Building C object esp-idf/newlib/CMakeFiles/__idf_newlib.dir/src/abort.c.obj
[488/1044] Building C object esp-idf/soc/CMakeFiles/__idf_soc.dir/esp32s3/mcpwm_periph.c.obj
[489/1044] Building C object esp-idf/soc/CMakeFiles/__idf_soc.dir/esp32s3/mpi_periph.c.obj
[490/1044] Building C object esp-idf/soc/CMakeFiles/__idf_soc.dir/esp32s3/sdmmc_periph.c.obj
[944/1044] Building C object esp-idf/esp_lcd/CMakeFiles/__idf_esp_lcd.dir/src/esp_lcd_panel_st7789.c.obj
[491/1044] Building C object esp-idf/soc/CMakeFiles/__idf_soc.dir/esp32s3/usb_dwc_periph.c.obj
[492/1044] Building C object esp-idf/soc/CMakeFiles/__idf_soc.dir/esp32s3/power_supply_periph.c.obj
[369/1044] Building C object esp-idf/pthread/CMakeFiles/__idf_pthread.dir/pthread_rwlock.c.obj
[493/1044] Building C object esp-idf/soc/CMakeFiles/__idf_soc.dir/esp32s3/rtc_io_periph.c.obj
[945/1044] Building C object esp-idf/esp_lcd/CMakeFiles/__idf_esp_lcd.dir/src/esp_lcd_panel_ops.c.obj
[946/1044] Building C object esp-idf/esp_lcd/CMakeFiles/__idf_esp_lcd.dir/src/esp_lcd_panel_nt35510.c.obj
[370/1044] Building C object esp-idf/newlib/CMakeFiles/__idf_newlib.dir/src/heap.c.obj
[371/1044] Building C object esp-idf/newlib/CMakeFiles/__idf_newlib.dir/src/assert.c.obj
[372/1044] Building C object esp-idf/pthread/CMakeFiles/__idf_pthread.dir/pthread_local_storage.c.obj
[494/1044] Linking C static library esp-idf/esp_driver_uart/libesp_driver_uart.a
[373/1044] Building C object esp-idf/newlib/CMakeFiles/__idf_newlib.dir/src/poll.c.obj
[495/1044] Building C object esp-idf/heap/CMakeFiles/__idf_heap.dir/port/esp32s3/memory_layout.c.obj
[947/1044] Building C object esp-idf/espcoredump/CMakeFiles/__idf_espcoredump.dir/src/core_dump_init.c.obj
[496/1044] Building C object esp-idf/esp_hw_support/CMakeFiles/__idf_esp_hw_support.dir/dma/gdma.c.obj
[948/1044] Building C object esp-idf/esp_driver_touch_sens/CMakeFiles/__idf_esp_driver_touch_sens.dir/common/touch_sens_common.c.obj
[497/1044] Building C object esp-idf/log/CMakeFiles/__idf_log.dir/src/util.c.obj
[498/1044] Building C object esp-idf/log/CMakeFiles/__idf_log.dir/src/os/util.c.obj
[499/1044] Linking C static library esp-idf/esp_ringbuf/libesp_ringbuf.a
[949/1044] Building C object esp-idf/espcoredump/CMakeFiles/__idf_espcoredump.dir/src/core_dump_common.c.obj
[374/1044] Building C object esp-idf/newlib/CMakeFiles/__idf_newlib.dir/src/random.c.obj
[950/1044] Building C object esp-idf/esp_lcd/CMakeFiles/__idf_esp_lcd.dir/src/esp_lcd_panel_ssd1306.c.obj
[500/1044] Building C object esp-idf/heap/CMakeFiles/__idf_heap.dir/heap_caps_base.c.obj
[375/1044] Building C object esp-idf/newlib/CMakeFiles/__idf_newlib.dir/src/locks.c.obj
[951/1044] Building C object esp-idf/esp_lcd/CMakeFiles/__idf_esp_lcd.dir/i2c/esp_lcd_panel_io_i2c_v1.c.obj
[501/1044] Building C object esp-idf/log/CMakeFiles/__idf_log.dir/src/buffer/log_buffers.c.obj
[502/1044] Building C object esp-idf/freertos/CMakeFiles/__idf_freertos.dir/FreeRTOS-Kernel/tasks.c.obj
[376/1044] Building C object esp-idf/newlib/CMakeFiles/__idf_newlib.dir/src/getentropy.c.obj
[952/1044] Building C object esp-idf/esp_lcd/CMakeFiles/__idf_esp_lcd.dir/i2c/esp_lcd_panel_io_i2c_v2.c.obj
[377/1044] Building C object esp-idf/newlib/CMakeFiles/__idf_newlib.dir/src/termios.c.obj
[953/1044] Building C object esp-idf/espcoredump/CMakeFiles/__idf_espcoredump.dir/src/core_dump_flash.c.obj
[378/1044] Building CXX object esp-idf/nvs_flash/CMakeFiles/__idf_nvs_flash.dir/src/nvs_partition_manager.cpp.obj
[503/1044] Building C object esp-idf/log/CMakeFiles/__idf_log.dir/src/os/log_lock.c.obj
[954/1044] Building C object esp-idf/espcoredump/CMakeFiles/__idf_espcoredump.dir/src/core_dump_uart.c.obj
[955/1044] Building C object esp-idf/esp_hid/CMakeFiles/__idf_esp_hid.dir/src/esp_hidh.c.obj
[956/1044] Building C object esp-idf/espcoredump/CMakeFiles/__idf_espcoredump.dir/src/core_dump_elf.c.obj
[379/1044] Building CXX object esp-idf/nvs_flash/CMakeFiles/__idf_nvs_flash.dir/src/nvs_encrypted_partition.cpp.obj
[504/1044] Building C object esp-idf/heap/CMakeFiles/__idf_heap.dir/port/memory_layout_utils.c.obj
[957/1044] Building C object esp-idf/esp_local_ctrl/CMakeFiles/__idf_esp_local_ctrl.dir/src/esp_local_ctrl_handler.c.obj
[380/1044] Building C object esp-idf/newlib/CMakeFiles/__idf_newlib.dir/src/pthread.c.obj
[958/1044] Building C object esp-idf/esp_driver_cam/CMakeFiles/__idf_esp_driver_cam.dir/dvp/src/esp_cam_ctlr_dvp_cam.c.obj
[505/1044] Building C object esp-idf/log/CMakeFiles/__idf_log.dir/src/os/log_timestamp.c.obj
[506/1044] Building C object esp-idf/log/CMakeFiles/__idf_log.dir/src/log_format_text.c.obj
[507/1044] Building C object esp-idf/log/CMakeFiles/__idf_log.dir/src/log_timestamp_common.c.obj
[959/1044] Building C object esp-idf/espcoredump/CMakeFiles/__idf_espcoredump.dir/src/core_dump_sha.c.obj
[508/1044] Building C object esp-idf/log/CMakeFiles/__idf_log.dir/src/log_print.c.obj
[960/1044] Building C object esp-idf/espcoredump/CMakeFiles/__idf_espcoredump.dir/src/port/xtensa/core_dump_port.c.obj
[509/1044] Linking C static library esp-idf/esp_driver_gptimer/libesp_driver_gptimer.a
[510/1044] Building C object esp-idf/log/CMakeFiles/__idf_log.dir/src/os/log_write.c.obj
[511/1044] Building C object esp-idf/heap/CMakeFiles/__idf_heap.dir/heap_caps_init.c.obj
[961/1044] Linking C static library esp-idf/wear_levelling/libwear_levelling.a
[512/1044] Building C object esp-idf/log/CMakeFiles/__idf_log.dir/src/log.c.obj
[513/1044] Building C object esp-idf/log/CMakeFiles/__idf_log.dir/src/log_level/log_level.c.obj
[514/1044] Building C object esp-idf/log/CMakeFiles/__idf_log.dir/src/log_level/tag_log_level/tag_log_level.c.obj
[381/1044] Building C object esp-idf/newlib/CMakeFiles/__idf_newlib.dir/src/flockfile.c.obj
[515/1044] Building C object esp-idf/log/CMakeFiles/__idf_log.dir/src/log_level/tag_log_level/linked_list/log_linked_list.c.obj
[382/1044] Building C object esp-idf/newlib/CMakeFiles/__idf_newlib.dir/src/time.c.obj
[962/1044] Building C object esp-idf/esp_local_ctrl/CMakeFiles/__idf_esp_local_ctrl.dir/src/esp_local_ctrl_transport_httpd.c.obj
[383/1044] Building C object esp-idf/newlib/CMakeFiles/__idf_newlib.dir/src/scandir.c.obj
[384/1044] Building C object esp-idf/pthread/CMakeFiles/__idf_pthread.dir/pthread.c.obj
[516/1044] Building C object esp-idf/hal/CMakeFiles/__idf_hal.dir/color_hal.c.obj
[385/1044] Building C object esp-idf/newlib/CMakeFiles/__idf_newlib.dir/src/syscalls.c.obj
[517/1044] Linking C static library esp-idf/esp_timer/libesp_timer.a
[963/1044] Building C object esp-idf/protobuf-c/CMakeFiles/__idf_protobuf-c.dir/protobuf-c/protobuf-c/protobuf-c.c.obj
[386/1044] Building C object esp-idf/newlib/CMakeFiles/__idf_newlib.dir/src/sysconf.c.obj
[964/1044] Building C object esp-idf/esp_eth/CMakeFiles/__idf_esp_eth.dir/src/esp_eth.c.obj
[965/1044] Building C object esp-idf/esp_local_ctrl/CMakeFiles/__idf_esp_local_ctrl.dir/proto-c/esp_local_ctrl.pb-c.c.obj
[518/1044] Building C object esp-idf/esp_hw_support/CMakeFiles/__idf_esp_hw_support.dir/sleep_modes.c.obj
[387/1044] Building C object esp-idf/newlib/CMakeFiles/__idf_newlib.dir/src/stdatomic.c.obj
[519/1044] Building C object esp-idf/hal/CMakeFiles/__idf_hal.dir/hal_utils.c.obj
[520/1044] Building C object esp-idf/hal/CMakeFiles/__idf_hal.dir/mpu_hal.c.obj
[388/1044] Building CXX object esp-idf/nvs_flash/CMakeFiles/__idf_nvs_flash.dir/src/nvs_cxx_api.cpp.obj
[389/1044] Building C object esp-idf/newlib/CMakeFiles/__idf_newlib.dir/src/realpath.c.obj
[390/1044] Building C object esp-idf/newlib/CMakeFiles/__idf_newlib.dir/src/reent_init.c.obj
[521/1044] Building C object esp-idf/log/CMakeFiles/__idf_log.dir/src/log_level/tag_log_level/cache/log_binary_heap.c.obj
[391/1044] Building C object esp-idf/newlib/CMakeFiles/__idf_newlib.dir/src/newlib_init.c.obj
[966/1044] Linking C static library esp-idf/protobuf-c/libprotobuf-c.a
[522/1044] Building C object esp-idf/hal/CMakeFiles/__idf_hal.dir/efuse_hal.c.obj
[392/1044] Building C object esp-idf/newlib/CMakeFiles/__idf_newlib.dir/src/reent_syscalls.c.obj
[523/1044] Linking C static library esp-idf/cxx/libcxx.a
[967/1044] Building C object esp-idf/fatfs/CMakeFiles/__idf_fatfs.dir/port/freertos/ffsystem.c.obj
[393/1044] Building C object esp-idf/newlib/CMakeFiles/__idf_newlib.dir/src/port/esp_time_impl.c.obj
[524/1044] Building C object esp-idf/heap/CMakeFiles/__idf_heap.dir/multi_heap.c.obj
[525/1044] Building C object esp-idf/hal/CMakeFiles/__idf_hal.dir/spi_flash_hal.c.obj
[526/1044] Building C object esp-idf/hal/CMakeFiles/__idf_hal.dir/spi_flash_encrypt_hal_iram.c.obj
[394/1044] Building C object esp-idf/esp_driver_uart/CMakeFiles/__idf_esp_driver_uart.dir/src/uart.c.obj
[968/1044] Building C object esp-idf/fatfs/CMakeFiles/__idf_fatfs.dir/diskio/diskio.c.obj
[527/1044] Building C object esp-idf/hal/CMakeFiles/__idf_hal.dir/cache_hal.c.obj
[528/1044] Building C object esp-idf/hal/CMakeFiles/__idf_hal.dir/esp32s3/efuse_hal.c.obj
[395/1044] Building CXX object esp-idf/nvs_flash/CMakeFiles/__idf_nvs_flash.dir/src/nvs_item_hash_list.cpp.obj
[529/1044] Building C object esp-idf/hal/CMakeFiles/__idf_hal.dir/esp32s3/clk_tree_hal.c.obj
[396/1044] Building ASM object esp-idf/freertos/CMakeFiles/__idf_freertos.dir/FreeRTOS-Kernel/portable/xtensa/portasm.S.obj
[530/1044] Linking C static library esp-idf/pthread/libpthread.a
[531/1044] Building C object esp-idf/hal/CMakeFiles/__idf_hal.dir/systimer_hal.c.obj
[969/1044] Building C object esp-idf/esp_eth/CMakeFiles/__idf_esp_eth.dir/src/phy/esp_eth_phy_802_3.c.obj
[532/1044] Building C object esp-idf/hal/CMakeFiles/__idf_hal.dir/mmu_hal.c.obj
[970/1044] Linking C static library esp-idf/protocomm/libprotocomm.a
[397/1044] Building C object esp-idf/freertos/CMakeFiles/__idf_freertos.dir/app_startup.c.obj
[533/1044] Building C object esp-idf/hal/CMakeFiles/__idf_hal.dir/ledc_hal.c.obj
[398/1044] Building C object esp-idf/freertos/CMakeFiles/__idf_freertos.dir/heap_idf.c.obj
[971/1044] Building C object esp-idf/fatfs/CMakeFiles/__idf_fatfs.dir/src/ffunicode.c.obj
[399/1044] Building C object esp-idf/freertos/CMakeFiles/__idf_freertos.dir/port_systick.c.obj
[972/1044] Building C object esp-idf/fatfs/CMakeFiles/__idf_fatfs.dir/diskio/diskio_wl.c.obj
[534/1044] Building C object esp-idf/hal/CMakeFiles/__idf_hal.dir/uart_hal_iram.c.obj
[535/1044] Building C object esp-idf/hal/CMakeFiles/__idf_hal.dir/timer_hal.c.obj
[973/1044] Building C object esp-idf/fatfs/CMakeFiles/__idf_fatfs.dir/diskio/diskio_rawflash.c.obj
[974/1044] Building C object esp-idf/esp_local_ctrl/CMakeFiles/__idf_esp_local_ctrl.dir/src/esp_local_ctrl.c.obj
[400/1044] Building C object esp-idf/freertos/CMakeFiles/__idf_freertos.dir/FreeRTOS-Kernel/portable/xtensa/xtensa_init.c.obj
[536/1044] Building C object esp-idf/hal/CMakeFiles/__idf_hal.dir/pcnt_hal.c.obj
[975/1044] Building C object esp-idf/esp_lcd/CMakeFiles/__idf_esp_lcd.dir/spi/esp_lcd_panel_io_spi.c.obj
[537/1044] Building C object esp-idf/heap/CMakeFiles/__idf_heap.dir/heap_caps.c.obj
[538/1044] Building C object esp-idf/hal/CMakeFiles/__idf_hal.dir/i2c_hal_iram.c.obj
[976/1044] Building C object esp-idf/fatfs/CMakeFiles/__idf_fatfs.dir/diskio/diskio_sdmmc.c.obj
[539/1044] Building C object esp-idf/hal/CMakeFiles/__idf_hal.dir/gpio_hal.c.obj
[540/1044] Building C object esp-idf/hal/CMakeFiles/__idf_hal.dir/rtc_io_hal.c.obj
[401/1044] Building C object esp-idf/freertos/CMakeFiles/__idf_freertos.dir/port_common.c.obj
[541/1044] Linking C static library esp-idf/newlib/libnewlib.a
[542/1044] Building C object esp-idf/hal/CMakeFiles/__idf_hal.dir/rmt_hal.c.obj
[402/1044] Building C object esp-idf/freertos/CMakeFiles/__idf_freertos.dir/FreeRTOS-Kernel/portable/xtensa/xtensa_overlay_os_hook.c.obj
[977/1044] Building C object esp-idf/json/CMakeFiles/__idf_json.dir/cJSON/cJSON.c.obj
[403/1044] Building C object esp-idf/freertos/CMakeFiles/__idf_freertos.dir/FreeRTOS-Kernel/list.c.obj
[543/1044] Building C object esp-idf/hal/CMakeFiles/__idf_hal.dir/gdma_hal_top.c.obj
[544/1044] Building C object esp-idf/hal/CMakeFiles/__idf_hal.dir/ledc_hal_iram.c.obj
[545/1044] Building C object esp-idf/hal/CMakeFiles/__idf_hal.dir/uhci_hal.c.obj
[978/1044] Building C object esp-idf/perfmon/CMakeFiles/__idf_perfmon.dir/xtensa_perfmon_masks.c.obj
[546/1044] Building C object esp-idf/hal/CMakeFiles/__idf_hal.dir/i2c_hal.c.obj
[547/1044] Building C object esp-idf/hal/CMakeFiles/__idf_hal.dir/sdm_hal.c.obj
[404/1044] Building C object esp-idf/freertos/CMakeFiles/__idf_freertos.dir/esp_additions/idf_additions_event_groups.c.obj
[405/1044] Building C object esp-idf/esp_hw_support/CMakeFiles/__idf_esp_hw_support.dir/port/esp32s3/cpu_region_protect.c.obj
[406/1044] Building CXX object esp-idf/nvs_flash/CMakeFiles/__idf_nvs_flash.dir/src/nvs_handle_simple.cpp.obj
[979/1044] Building C object esp-idf/perfmon/CMakeFiles/__idf_perfmon.dir/xtensa_perfmon_apis.c.obj
[980/1044] Building C object esp-idf/perfmon/CMakeFiles/__idf_perfmon.dir/xtensa_perfmon_access.c.obj
[548/1044] Building C object esp-idf/hal/CMakeFiles/__idf_hal.dir/uart_hal.c.obj
[981/1044] Building C object esp-idf/rt/CMakeFiles/__idf_rt.dir/FreeRTOS_POSIX_utils.c.obj
[549/1044] Building C object esp-idf/hal/CMakeFiles/__idf_hal.dir/sdmmc_hal.c.obj
[407/1044] Building C object esp-idf/esp_hw_support/CMakeFiles/__idf_esp_hw_support.dir/esp_memory_utils.c.obj
[550/1044] Linking C static library esp-idf/freertos/libfreertos.a
[408/1044] Building CXX object esp-idf/cxx/CMakeFiles/__idf_cxx.dir/cxx_guards.cpp.obj
[982/1044] Linking C static library esp-idf/json/libjson.a
[983/1044] Building C object esp-idf/nvs_sec_provider/CMakeFiles/__idf_nvs_sec_provider.dir/nvs_sec_provider.c.obj
[409/1044] Building C object esp-idf/freertos/CMakeFiles/__idf_freertos.dir/FreeRTOS-Kernel/event_groups.c.obj
[551/1044] Building C object esp-idf/hal/CMakeFiles/__idf_hal.dir/adc_oneshot_hal.c.obj
[410/1044] Building C object esp-idf/esp_hw_support/CMakeFiles/__idf_esp_hw_support.dir/port/esp32s3/esp_cpu_intr.c.obj
[411/1044] Building C object esp-idf/freertos/CMakeFiles/__idf_freertos.dir/FreeRTOS-Kernel/timers.c.obj
[412/1044] Building C object esp-idf/esp_hw_support/CMakeFiles/__idf_esp_hw_support.dir/cpu.c.obj
[984/1044] Building C object esp-idf/mqtt/CMakeFiles/__idf_mqtt.dir/esp-mqtt/lib/platform_esp32_idf.c.obj
[552/1044] Building C object esp-idf/hal/CMakeFiles/__idf_hal.dir/mcpwm_hal.c.obj
[985/1044] Building C object esp-idf/mqtt/CMakeFiles/__idf_mqtt.dir/esp-mqtt/lib/mqtt_outbox.c.obj
[986/1044] Building C object esp-idf/fatfs/CMakeFiles/__idf_fatfs.dir/vfs/vfs_fat_sdmmc.c.obj
[987/1044] Building C object esp-idf/esp_lcd/CMakeFiles/__idf_esp_lcd.dir/i80/esp_lcd_panel_io_i80.c.obj
[413/1044] Building C object esp-idf/esp_hw_support/CMakeFiles/__idf_esp_hw_support.dir/revision.c.obj
[414/1044] Building C object esp-idf/freertos/CMakeFiles/__idf_freertos.dir/esp_additions/idf_additions.c.obj
[415/1044] Building C object esp-idf/esp_hw_support/CMakeFiles/__idf_esp_hw_support.dir/esp_gpio_reserve.c.obj
[416/1044] Building C object esp-idf/esp_hw_support/CMakeFiles/__idf_esp_hw_support.dir/clk_ctrl_os.c.obj
[988/1044] Building C object esp-idf/mqtt/CMakeFiles/__idf_mqtt.dir/esp-mqtt/lib/mqtt_msg.c.obj
[417/1044] Building C object esp-idf/freertos/CMakeFiles/__idf_freertos.dir/FreeRTOS-Kernel/portable/xtensa/port.c.obj
[553/1044] Building C object esp-idf/hal/CMakeFiles/__idf_hal.dir/mpi_hal.c.obj
[554/1044] Building C object esp-idf/hal/CMakeFiles/__idf_hal.dir/sha_hal.c.obj
[989/1044] Building C object esp-idf/fatfs/CMakeFiles/__idf_fatfs.dir/vfs/vfs_fat.c.obj
[555/1044] Building C object esp-idf/hal/CMakeFiles/__idf_hal.dir/brownout_hal.c.obj
[556/1044] Building C object esp-idf/hal/CMakeFiles/__idf_hal.dir/lcd_hal.c.obj
[557/1044] Building C object esp-idf/hal/CMakeFiles/__idf_hal.dir/spi_slave_hal_iram.c.obj
[558/1044] Building C object esp-idf/hal/CMakeFiles/__idf_hal.dir/spi_flash_hal_iram.c.obj
[559/1044] Building C object esp-idf/hal/CMakeFiles/__idf_hal.dir/aes_hal.c.obj
[990/1044] Building C object esp-idf/fatfs/CMakeFiles/__idf_fatfs.dir/vfs/vfs_fat_spiflash.c.obj
[418/1044] Building C object esp-idf/esp_hw_support/CMakeFiles/__idf_esp_hw_support.dir/hw_random.c.obj
[991/1044] Building C object esp-idf/esp_lcd/CMakeFiles/__idf_esp_lcd.dir/rgb/esp_lcd_panel_rgb.c.obj
[560/1044] Building C object esp-idf/esp_hw_support/CMakeFiles/__idf_esp_hw_support.dir/port/esp32s3/esp_memprot.c.obj
[561/1044] Building C object esp-idf/heap/CMakeFiles/__idf_heap.dir/tlsf/tlsf.c.obj
[992/1044] Building C object esp-idf/spiffs/CMakeFiles/__idf_spiffs.dir/spiffs_api.c.obj
[419/1044] Building CXX object esp-idf/nvs_flash/CMakeFiles/__idf_nvs_flash.dir/src/nvs_pagemanager.cpp.obj
[562/1044] Building C object esp-idf/hal/CMakeFiles/__idf_hal.dir/gdma_hal_ahb_v1.c.obj
[563/1044] Building C object esp-idf/hal/CMakeFiles/__idf_hal.dir/hmac_hal.c.obj
[564/1044] Building C object esp-idf/hal/CMakeFiles/__idf_hal.dir/usb_serial_jtag_hal.c.obj
[565/1044] Building C object esp-idf/hal/CMakeFiles/__idf_hal.dir/spi_hal_iram.c.obj
[420/1044] Building C object esp-idf/esp_hw_support/CMakeFiles/__idf_esp_hw_support.dir/port/esp32s3/esp_clk_tree.c.obj
[566/1044] Building C object esp-idf/hal/CMakeFiles/__idf_hal.dir/i2s_hal.c.obj
[567/1044] Building C object esp-idf/hal/CMakeFiles/__idf_hal.dir/spi_slave_hal.c.obj
[993/1044] Building C object esp-idf/touch_element/CMakeFiles/__idf_touch_element.dir/touch_matrix.c.obj
[568/1044] Building C object esp-idf/hal/CMakeFiles/__idf_hal.dir/spi_flash_hal_gpspi.c.obj
[421/1044] Building C object esp-idf/esp_hw_support/CMakeFiles/__idf_esp_hw_support.dir/esp_clk.c.obj
[569/1044] Building C object esp-idf/hal/CMakeFiles/__idf_hal.dir/ds_hal.c.obj
[994/1044] Building C object esp-idf/spiffs/CMakeFiles/__idf_spiffs.dir/spiffs/src/spiffs_cache.c.obj
[570/1044] Building C object esp-idf/hal/CMakeFiles/__idf_hal.dir/twai_hal_sja1000.c.obj
[422/1044] Building C object esp-idf/freertos/CMakeFiles/__idf_freertos.dir/FreeRTOS-Kernel/stream_buffer.c.obj
[423/1044] Building C object esp-idf/esp_hw_support/CMakeFiles/__idf_esp_hw_support.dir/mac_addr.c.obj
[424/1044] Building C object esp-idf/esp_hw_support/CMakeFiles/__idf_esp_hw_support.dir/dma/gdma_link.c.obj
[571/1044] Building C object esp-idf/hal/CMakeFiles/__idf_hal.dir/spi_hal.c.obj
[572/1044] Building C object esp-idf/hal/CMakeFiles/__idf_hal.dir/cam_hal.c.obj
[425/1044] Building C object esp-idf/esp_hw_support/CMakeFiles/__idf_esp_hw_support.dir/port/esp32s3/io_mux.c.obj
[573/1044] Building C object esp-idf/hal/CMakeFiles/__idf_hal.dir/adc_hal_common.c.obj
[574/1044] Building C object esp-idf/esp_rom/CMakeFiles/__idf_esp_rom.dir/patches/esp_rom_sys.c.obj
[426/1044] Building C object esp-idf/freertos/CMakeFiles/__idf_freertos.dir/FreeRTOS-Kernel/queue.c.obj
[995/1044] Building C object esp-idf/rt/CMakeFiles/__idf_rt.dir/FreeRTOS_POSIX_mqueue.c.obj
[575/1044] Building C object esp-idf/esp_rom/CMakeFiles/__idf_esp_rom.dir/patches/esp_rom_crc.c.obj
[576/1044] Building C object esp-idf/hal/CMakeFiles/__idf_hal.dir/usb_wrap_hal.c.obj
[427/1044] Building C object esp-idf/esp_hw_support/CMakeFiles/__idf_esp_hw_support.dir/dma/esp_dma_utils.c.obj
[577/1044] Building C object esp-idf/hal/CMakeFiles/__idf_hal.dir/touch_sens_hal.c.obj
[428/1044] Building C object esp-idf/esp_hw_support/CMakeFiles/__idf_esp_hw_support.dir/regi2c_ctrl.c.obj
[578/1044] Building C object esp-idf/hal/CMakeFiles/__idf_hal.dir/adc_hal.c.obj
[579/1044] Building ASM object esp-idf/esp_rom/CMakeFiles/__idf_esp_rom.dir/patches/esp_rom_longjmp.S.obj
[580/1044] Building C object esp-idf/hal/CMakeFiles/__idf_hal.dir/esp32s3/rtc_cntl_hal.c.obj
[429/1044] Building C object esp-idf/esp_hw_support/CMakeFiles/__idf_esp_hw_support.dir/rtc_module.c.obj
[581/1044] Building C object esp-idf/esp_rom/CMakeFiles/__idf_esp_rom.dir/patches/esp_rom_spiflash.c.obj
[996/1044] Building C object esp-idf/usb/CMakeFiles/__idf_usb.dir/usb_private.c.obj
[582/1044] Building C object esp-idf/hal/CMakeFiles/__idf_hal.dir/xt_wdt_hal.c.obj
[430/1044] Building C object esp-idf/esp_hw_support/CMakeFiles/__idf_esp_hw_support.dir/periph_ctrl.c.obj
[997/1044] Building C object esp-idf/touch_element/CMakeFiles/__idf_touch_element.dir/touch_button.c.obj
[583/1044] Building C object esp-idf/hal/CMakeFiles/__idf_hal.dir/spi_slave_hd_hal.c.obj
[431/1044] Building C object esp-idf/esp_hw_support/CMakeFiles/__idf_esp_hw_support.dir/sar_tsens_ctrl.c.obj
[584/1044] Linking C static library esp-idf/esp_hw_support/libesp_hw_support.a
[432/1044] Building C object esp-idf/esp_hw_support/CMakeFiles/__idf_esp_hw_support.dir/clk_utils.c.obj
[585/1044] Building C object esp-idf/hal/CMakeFiles/__idf_hal.dir/touch_sensor_hal.c.obj
[586/1044] Building C object esp-idf/esp_rom/CMakeFiles/__idf_esp_rom.dir/patches/esp_rom_efuse.c.obj
[587/1044] Building C object esp-idf/esp_rom/CMakeFiles/__idf_esp_rom.dir/patches/esp_rom_gpio.c.obj
[433/1044] Building C object esp-idf/esp_hw_support/CMakeFiles/__idf_esp_hw_support.dir/sleep_modem.c.obj
[434/1044] Building C object esp-idf/esp_hw_support/CMakeFiles/__idf_esp_hw_support.dir/intr_alloc.c.obj
[588/1044] Building C object esp-idf/hal/CMakeFiles/__idf_hal.dir/esp32s3/touch_sensor_hal.c.obj
[589/1044] Building C object esp-idf/esp_rom/CMakeFiles/__idf_esp_rom.dir/patches/esp_rom_print.c.obj
[998/1044] Building C object esp-idf/spiffs/CMakeFiles/__idf_spiffs.dir/spiffs/src/spiffs_gc.c.obj
[590/1044] Building C object esp-idf/esp_rom/CMakeFiles/__idf_esp_rom.dir/patches/esp_rom_systimer.c.obj
[435/1044] Building C object esp-idf/esp_hw_support/CMakeFiles/__idf_esp_hw_support.dir/sleep_usb.c.obj
[591/1044] Building ASM object esp-idf/esp_rom/CMakeFiles/__idf_esp_rom.dir/patches/esp_rom_cache_writeback_esp32s3.S.obj
[592/1044] Building C object esp-idf/hal/CMakeFiles/__idf_hal.dir/temperature_sensor_hal.c.obj
[999/1044] Building C object esp-idf/spiffs/CMakeFiles/__idf_spiffs.dir/esp_spiffs.c.obj
[436/1044] Building C object esp-idf/esp_hw_support/CMakeFiles/__idf_esp_hw_support.dir/sleep_console.c.obj
[593/1044] Building C object esp-idf/esp_system/CMakeFiles/__idf_esp_system.dir/esp_system_console.c.obj
[1000/1044] Building C object esp-idf/spiffs/CMakeFiles/__idf_spiffs.dir/spiffs/src/spiffs_check.c.obj
[594/1044] Linking C static library esp-idf/soc/libsoc.a
[595/1044] Building C object esp-idf/esp_rom/CMakeFiles/__idf_esp_rom.dir/patches/esp_rom_serial_output.c.obj
[1001/1044] Building C object esp-idf/usb/CMakeFiles/__idf_usb.dir/usb_helpers.c.obj
[437/1044] Building C object esp-idf/esp_hw_support/CMakeFiles/__idf_esp_hw_support.dir/port/esp32s3/systimer.c.obj
[596/1044] Building C object esp-idf/esp_rom/CMakeFiles/__idf_esp_rom.dir/patches/esp_rom_cache_esp32s2_esp32s3.c.obj
[438/1044] Building C object esp-idf/esp_hw_support/CMakeFiles/__idf_esp_hw_support.dir/port/esp_clk_tree_common.c.obj
[439/1044] Building CXX object esp-idf/nvs_flash/CMakeFiles/__idf_nvs_flash.dir/src/nvs_storage.cpp.obj
[597/1044] Building C object esp-idf/esp_system/CMakeFiles/__idf_esp_system.dir/system_time.c.obj
[440/1044] Building C object esp-idf/esp_hw_support/CMakeFiles/__idf_esp_hw_support.dir/sleep_event.c.obj
[598/1044] Building C object esp-idf/esp_system/CMakeFiles/__idf_esp_system.dir/stack_check.c.obj
[599/1044] Building C object esp-idf/esp_rom/CMakeFiles/__idf_esp_rom.dir/patches/esp_rom_wdt.c.obj
[1002/1044] Building C object esp-idf/wifi_provisioning/CMakeFiles/__idf_wifi_provisioning.dir/src/wifi_ctrl.c.obj
[600/1044] Linking C static library esp-idf/heap/libheap.a
[601/1044] Building C object esp-idf/hal/CMakeFiles/__idf_hal.dir/usb_dwc_hal.c.obj
[602/1044] Building C object esp-idf/esp_system/CMakeFiles/__idf_esp_system.dir/esp_err.c.obj
[1003/1044] Building C object esp-idf/wifi_provisioning/CMakeFiles/__idf_wifi_provisioning.dir/src/wifi_config.c.obj
[603/1044] Building C object esp-idf/esp_system/CMakeFiles/__idf_esp_system.dir/esp_system.c.obj
[1004/1044] Building C object esp-idf/touch_element/CMakeFiles/__idf_touch_element.dir/touch_slider.c.obj
[604/1044] Building C object esp-idf/esp_system/CMakeFiles/__idf_esp_system.dir/crosscore_int.c.obj
[605/1044] Building C object esp-idf/esp_system/CMakeFiles/__idf_esp_system.dir/int_wdt.c.obj
[441/1044] Building C object esp-idf/esp_hw_support/CMakeFiles/__idf_esp_hw_support.dir/spi_share_hw_ctrl.c.obj
[442/1044] Building C object esp-idf/esp_hw_support/CMakeFiles/__idf_esp_hw_support.dir/adc_share_hw_ctrl.c.obj
[606/1044] Linking C static library esp-idf/log/liblog.a
[443/1044] Building C object esp-idf/esp_hw_support/CMakeFiles/__idf_esp_hw_support.dir/dma/esp_async_memcpy.c.obj
[607/1044] Building C object esp-idf/esp_system/CMakeFiles/__idf_esp_system.dir/startup.c.obj
[444/1044] Building CXX object esp-idf/nvs_flash/CMakeFiles/__idf_nvs_flash.dir/src/nvs_api.cpp.obj
[445/1044] Building C object esp-idf/esp_hw_support/CMakeFiles/__idf_esp_hw_support.dir/mspi_timing_tuning/mspi_timing_tuning.c.obj
[1005/1044] Building C object esp-idf/usb/CMakeFiles/__idf_usb.dir/enum.c.obj
[608/1044] Building C object esp-idf/esp_system/CMakeFiles/__idf_esp_system.dir/ubsan.c.obj
[609/1044] Building C object esp-idf/esp_system/CMakeFiles/__idf_esp_system.dir/xt_wdt.c.obj
[446/1044] Building C object esp-idf/esp_hw_support/CMakeFiles/__idf_esp_hw_support.dir/port/esp32s3/rtc_clk_init.c.obj
[610/1044] Building C object esp-idf/esp_system/CMakeFiles/__idf_esp_system.dir/freertos_hooks.c.obj
[447/1044] Building C object esp-idf/esp_hw_support/CMakeFiles/__idf_esp_hw_support.dir/sleep_gpio.c.obj
[448/1044] Building C object esp-idf/esp_hw_support/CMakeFiles/__idf_esp_hw_support.dir/usb_phy/usb_phy.c.obj
[449/1044] Building C object esp-idf/esp_hw_support/CMakeFiles/__idf_esp_hw_support.dir/spi_bus_lock.c.obj
[1006/1044] Building C object esp-idf/usb/CMakeFiles/__idf_usb.dir/hub.c.obj
[611/1044] Building ASM object esp-idf/esp_system/CMakeFiles/__idf_esp_system.dir/port/arch/xtensa/panic_handler_asm.S.obj
[612/1044] Building C object esp-idf/esp_system/CMakeFiles/__idf_esp_system.dir/esp_ipc.c.obj
[613/1044] Building ASM object esp-idf/esp_system/CMakeFiles/__idf_esp_system.dir/port/arch/xtensa/esp_ipc_isr_routines.S.obj
[1007/1044] Building C object esp-idf/wifi_provisioning/CMakeFiles/__idf_wifi_provisioning.dir/proto-c/wifi_config.pb-c.c.obj
[614/1044] Building ASM object esp-idf/esp_system/CMakeFiles/__idf_esp_system.dir/port/arch/xtensa/esp_ipc_isr_handler.S.obj
[615/1044] Building C object esp-idf/esp_system/CMakeFiles/__idf_esp_system.dir/startup_funcs.c.obj
[616/1044] Building ASM object esp-idf/esp_system/CMakeFiles/__idf_esp_system.dir/port/arch/xtensa/expression_with_stack_asm.S.obj
[1008/1044] Building C object esp-idf/wifi_provisioning/CMakeFiles/__idf_wifi_provisioning.dir/proto-c/wifi_ctrl.pb-c.c.obj
[450/1044] Linking C static library esp-idf/nvs_flash/libnvs_flash.a
[1009/1044] Building C object esp-idf/wifi_provisioning/CMakeFiles/__idf_wifi_provisioning.dir/src/handlers.c.obj
[1010/1044] Building C object esp-idf/wifi_provisioning/CMakeFiles/__idf_wifi_provisioning.dir/src/wifi_scan.c.obj
[617/1044] Building ASM object esp-idf/esp_system/CMakeFiles/__idf_esp_system.dir/port/arch/xtensa/debug_helpers_asm.S.obj
[1011/1044] Linking C static library esp-idf/app_trace/libapp_trace.a
[451/1044] Building C object esp-idf/esp_hw_support/CMakeFiles/__idf_esp_hw_support.dir/sleep_wake_stub.c.obj
[1012/1044] Building C object esp-idf/wifi_provisioning/CMakeFiles/__idf_wifi_provisioning.dir/proto-c/wifi_constants.pb-c.c.obj
[1013/1044] Linking C static library esp-idf/esp_driver_cam/libesp_driver_cam.a
[618/1044] Building C object esp-idf/esp_system/CMakeFiles/__idf_esp_system.dir/port/arch/xtensa/esp_ipc_isr_port.c.obj
[452/1044] Building C object esp-idf/esp_hw_support/CMakeFiles/__idf_esp_hw_support.dir/port/esp32s3/rtc_sleep.c.obj
[1014/1044] Building C object esp-idf/wifi_provisioning/CMakeFiles/__idf_wifi_provisioning.dir/src/scheme_console.c.obj
[619/1044] Building C object esp-idf/esp_system/CMakeFiles/__idf_esp_system.dir/task_wdt/task_wdt_impl_timergroup.c.obj
[453/1044] Building C object esp-idf/esp_hw_support/CMakeFiles/__idf_esp_hw_support.dir/port/esp32s3/chip_info.c.obj
[620/1044] Building C object esp-idf/esp_system/CMakeFiles/__idf_esp_system.dir/port/esp_ipc_isr.c.obj
[1015/1044] Building C object esp-idf/wifi_provisioning/CMakeFiles/__idf_wifi_provisioning.dir/proto-c/wifi_scan.pb-c.c.obj
[1016/1044] Linking C static library esp-idf/cmock/libcmock.a
[1017/1044] Linking C static library esp-idf/esp_driver_touch_sens/libesp_driver_touch_sens.a
[1018/1044] Linking C static library esp-idf/esp_hid/libesp_hid.a
[454/1044] Linking C static library esp-idf/esp_event/libesp_event.a
[621/1044] Building C object esp-idf/esp_system/CMakeFiles/__idf_esp_system.dir/port/image_process.c.obj
[622/1044] Linking C static library esp-idf/hal/libhal.a
[623/1044] Building C object esp-idf/esp_system/CMakeFiles/__idf_esp_system.dir/port/esp_system_chip.c.obj
[1019/1044] Linking C static library esp-idf/esp_local_ctrl/libesp_local_ctrl.a
[455/1044] Building C object esp-idf/esp_hw_support/CMakeFiles/__idf_esp_hw_support.dir/port/esp_memprot_conv.c.obj
[1020/1044] Linking C static library esp-idf/esp_eth/libesp_eth.a
[624/1044] Building C object esp-idf/esp_system/CMakeFiles/__idf_esp_system.dir/panic.c.obj
[456/1044] Building C object esp-idf/esp_hw_support/CMakeFiles/__idf_esp_hw_support.dir/mspi_timing_tuning/port/esp32s3/mspi_timing_by_mspi_delay.c.obj
[457/1044] Building C object esp-idf/soc/CMakeFiles/__idf_soc.dir/lldesc.c.obj
[458/1044] Building C object esp-idf/esp_hw_support/CMakeFiles/__idf_esp_hw_support.dir/dma/async_memcpy_gdma.c.obj
[1021/1044] Building C object esp-idf/spiffs/CMakeFiles/__idf_spiffs.dir/spiffs/src/spiffs_hydrogen.c.obj
[1022/1044] Linking C static library esp-idf/espcoredump/libespcoredump.a
[1023/1044] Linking C static library esp-idf/nvs_sec_provider/libnvs_sec_provider.a
[1024/1044] Building C object esp-idf/usb/CMakeFiles/__idf_usb.dir/usb_host.c.obj
[459/1044] Building C object esp-idf/esp_hw_support/CMakeFiles/__idf_esp_hw_support.dir/port/esp32s3/rtc_time.c.obj
[460/1044] Building C object esp-idf/esp_hw_support/CMakeFiles/__idf_esp_hw_support.dir/esp_clock_output.c.obj
[1025/1044] Linking C static library esp-idf/esp_lcd/libesp_lcd.a
[625/1044] Building C object esp-idf/spi_flash/CMakeFiles/__idf_spi_flash.dir/flash_brownout_hook.c.obj
[1026/1044] Linking C static library esp-idf/perfmon/libperfmon.a
[461/1044] Linking C static library esp-idf/esp_driver_uart/libesp_driver_uart.a
[462/1044] Building C object esp-idf/soc/CMakeFiles/__idf_soc.dir/dport_access_common.c.obj
[626/1044] Building C object esp-idf/esp_system/CMakeFiles/__idf_esp_system.dir/port/arch/xtensa/debug_stubs.c.obj
[1027/1044] Linking C static library esp-idf/rt/librt.a
[627/1044] Building C object esp-idf/esp_system/CMakeFiles/__idf_esp_system.dir/port/arch/xtensa/trax.c.obj
[463/1044] Building C object esp-idf/soc/CMakeFiles/__idf_soc.dir/esp32s3/interrupts.c.obj
[464/1044] Building C object esp-idf/soc/CMakeFiles/__idf_soc.dir/esp32s3/adc_periph.c.obj
[628/1044] Building ASM object esp-idf/esp_system/CMakeFiles/__idf_esp_system.dir/port/soc/esp32s3/highint_hdl.S.obj
[465/1044] Building C object esp-idf/esp_hw_support/CMakeFiles/__idf_esp_hw_support.dir/mspi_timing_tuning/port/esp32s3/mspi_timing_config.c.obj
[629/1044] Building C object esp-idf/esp_system/CMakeFiles/__idf_esp_system.dir/port/panic_handler.c.obj
[630/1044] Linking C static library esp-idf/esp_rom/libesp_rom.a
[631/1044] Building C object esp-idf/esp_system/CMakeFiles/__idf_esp_system.dir/port/arch/xtensa/debug_helpers.c.obj
[466/1044] Building C object esp-idf/esp_hw_support/CMakeFiles/__idf_esp_hw_support.dir/power_supply/brownout.c.obj
[632/1044] Building C object esp-idf/esp_system/CMakeFiles/__idf_esp_system.dir/port/arch/xtensa/expression_with_stack.c.obj
[467/1044] Building C object esp-idf/soc/CMakeFiles/__idf_soc.dir/esp32s3/gpio_periph.c.obj
[633/1044] Building C object esp-idf/esp_system/CMakeFiles/__idf_esp_system.dir/port/soc/esp32s3/reset_reason.c.obj
[468/1044] Building C object esp-idf/esp_hw_support/CMakeFiles/__idf_esp_hw_support.dir/port/esp32s3/sar_periph_ctrl.c.obj
[469/1044] Building C object esp-idf/soc/CMakeFiles/__idf_soc.dir/esp32s3/gdma_periph.c.obj
[634/1044] Building C object esp-idf/esp_system/CMakeFiles/__idf_esp_system.dir/port/soc/esp32s3/apb_backup_dma.c.obj
[470/1044] Linking C static library esp-idf/esp_ringbuf/libesp_ringbuf.a
[471/1044] Building C object esp-idf/soc/CMakeFiles/__idf_soc.dir/esp32s3/uart_periph.c.obj
[635/1044] Building C object esp-idf/esp_system/CMakeFiles/__idf_esp_system.dir/port/arch/xtensa/panic_arch.c.obj
[1028/1044] Building C object esp-idf/fatfs/CMakeFiles/__idf_fatfs.dir/src/ff.c.obj
[472/1044] Building C object esp-idf/soc/CMakeFiles/__idf_soc.dir/esp32s3/ledc_periph.c.obj
[473/1044] Building C object esp-idf/soc/CMakeFiles/__idf_soc.dir/esp32s3/pcnt_periph.c.obj
[474/1044] Building C object esp-idf/soc/CMakeFiles/__idf_soc.dir/esp32s3/dedic_gpio_periph.c.obj
[636/1044] Building C object esp-idf/spi_flash/CMakeFiles/__idf_spi_flash.dir/spi_flash_chip_issi.c.obj
[475/1044] Building C object esp-idf/soc/CMakeFiles/__idf_soc.dir/esp32s3/i2c_periph.c.obj
[476/1044] Building C object esp-idf/soc/CMakeFiles/__idf_soc.dir/esp32s3/sdm_periph.c.obj
[637/1044] Building C object esp-idf/spi_flash/CMakeFiles/__idf_spi_flash.dir/esp32s3/spi_flash_oct_flash_init.c.obj
[1029/1044] Building C object esp-idf/wifi_provisioning/CMakeFiles/__idf_wifi_provisioning.dir/src/scheme_softap.c.obj
[477/1044] Building C object esp-idf/esp_hw_support/CMakeFiles/__idf_esp_hw_support.dir/port/esp32s3/rtc_init.c.obj
[478/1044] Building C object esp-idf/esp_hw_support/CMakeFiles/__idf_esp_hw_support.dir/lowpower/port/esp32s3/sleep_cpu.c.obj
[479/1044] Building C object esp-idf/soc/CMakeFiles/__idf_soc.dir/esp32s3/temperature_sensor_periph.c.obj
[480/1044] Linking C static library esp-idf/esp_driver_gptimer/libesp_driver_gptimer.a
[638/1044] Building C object esp-idf/spi_flash/CMakeFiles/__idf_spi_flash.dir/spi_flash_chip_drivers.c.obj
[1030/1044] Building C object esp-idf/touch_element/CMakeFiles/__idf_touch_element.dir/touch_element.c.obj
[481/1044] Building C object esp-idf/soc/CMakeFiles/__idf_soc.dir/esp32s3/lcd_periph.c.obj
[482/1044] Building C object esp-idf/soc/CMakeFiles/__idf_soc.dir/esp32s3/mcpwm_periph.c.obj
[639/1044] Building C object esp-idf/esp_system/CMakeFiles/__idf_esp_system.dir/port/soc/esp32s3/clk.c.obj
[483/1044] Building C object esp-idf/esp_hw_support/CMakeFiles/__idf_esp_hw_support.dir/port/esp32s3/rtc_clk.c.obj
[484/1044] Building C object esp-idf/soc/CMakeFiles/__idf_soc.dir/esp32s3/timer_periph.c.obj
[1031/1044] Building C object esp-idf/main/CMakeFiles/__idf_main.dir/main.c.obj
[485/1044] Building C object esp-idf/soc/CMakeFiles/__idf_soc.dir/esp32s3/mpi_periph.c.obj
[486/1044] Building C object esp-idf/soc/CMakeFiles/__idf_soc.dir/esp32s3/i2s_periph.c.obj
[640/1044] Building C object esp-idf/spi_flash/CMakeFiles/__idf_spi_flash.dir/spi_flash_chip_boya.c.obj
[487/1044] Building C object esp-idf/soc/CMakeFiles/__idf_soc.dir/esp32s3/sdmmc_periph.c.obj
[488/1044] Building C object esp-idf/soc/CMakeFiles/__idf_soc.dir/esp32s3/spi_periph.c.obj
[489/1044] Building C object esp-idf/soc/CMakeFiles/__idf_soc.dir/esp32s3/touch_sensor_periph.c.obj
[641/1044] Building C object esp-idf/esp_system/CMakeFiles/__idf_esp_system.dir/port/cpu_start.c.obj
[642/1044] Building C object esp-idf/esp_system/CMakeFiles/__idf_esp_system.dir/port/soc/esp32s3/cache_err_int.c.obj
[490/1044] Building C object esp-idf/soc/CMakeFiles/__idf_soc.dir/esp32s3/twai_periph.c.obj
[643/1044] Building C object esp-idf/spi_flash/CMakeFiles/__idf_spi_flash.dir/spi_flash_chip_gd.c.obj
[1032/1044] Linking C static library esp-idf/fatfs/libfatfs.a
[491/1044] Building C object esp-idf/esp_hw_support/CMakeFiles/__idf_esp_hw_support.dir/dma/gdma.c.obj
[644/1044] Building C object esp-idf/esp_system/CMakeFiles/__idf_esp_system.dir/task_wdt/task_wdt.c.obj
[645/1044] Building C object esp-idf/spi_flash/CMakeFiles/__idf_spi_flash.dir/spi_flash_chip_th.c.obj
[492/1044] Building C object esp-idf/soc/CMakeFiles/__idf_soc.dir/esp32s3/rmt_periph.c.obj
[1033/1044] Linking C static library esp-idf/touch_element/libtouch_element.a
[493/1044] Building C object esp-idf/soc/CMakeFiles/__idf_soc.dir/esp32s3/wdt_periph.c.obj
[494/1044] Building C object esp-idf/soc/CMakeFiles/__idf_soc.dir/esp32s3/cam_periph.c.obj
[495/1044] Building C object esp-idf/soc/CMakeFiles/__idf_soc.dir/esp32s3/usb_dwc_periph.c.obj
[496/1044] Linking C static library esp-idf/esp_timer/libesp_timer.a
[497/1044] Building C object esp-idf/soc/CMakeFiles/__idf_soc.dir/esp32s3/rtc_io_periph.c.obj
[498/1044] Building C object esp-idf/soc/CMakeFiles/__idf_soc.dir/esp32s3/power_supply_periph.c.obj
[499/1044] Building C object esp-idf/freertos/CMakeFiles/__idf_freertos.dir/FreeRTOS-Kernel/tasks.c.obj
[646/1044] Building C object esp-idf/spi_flash/CMakeFiles/__idf_spi_flash.dir/spi_flash_chip_mxic_opi.c.obj
[500/1044] Building C object esp-idf/heap/CMakeFiles/__idf_heap.dir/port/esp32s3/memory_layout.c.obj
[647/1044] Building C object esp-idf/spi_flash/CMakeFiles/__idf_spi_flash.dir/spi_flash_hpm_enable.c.obj
[648/1044] Building C object esp-idf/esp_system/CMakeFiles/__idf_esp_system.dir/port/soc/esp32s3/system_internal.c.obj
[649/1044] Building C object esp-idf/spi_flash/CMakeFiles/__idf_spi_flash.dir/spi_flash_chip_winbond.c.obj
[501/1044] Linking C static library esp-idf/cxx/libcxx.a
[1034/1044] Building C object esp-idf/mqtt/CMakeFiles/__idf_mqtt.dir/esp-mqtt/mqtt_client.c.obj
[650/1044] Building C object esp-idf/esp_mm/CMakeFiles/__idf_esp_mm.dir/port/esp32s3/ext_mem_layout.c.obj
[502/1044] Building C object esp-idf/log/CMakeFiles/__idf_log.dir/src/util.c.obj
[651/1044] Building C object esp-idf/spi_flash/CMakeFiles/__idf_spi_flash.dir/spi_flash_chip_mxic.c.obj
[652/1044] Building C object esp-idf/spi_flash/CMakeFiles/__idf_spi_flash.dir/spi_flash_os_func_noos.c.obj
[503/1044] Building C object esp-idf/heap/CMakeFiles/__idf_heap.dir/port/memory_layout_utils.c.obj
[653/1044] Building C object esp-idf/spi_flash/CMakeFiles/__idf_spi_flash.dir/flash_mmap.c.obj
[504/1044] Building C object esp-idf/log/CMakeFiles/__idf_log.dir/src/buffer/log_buffers.c.obj
[505/1044] Building C object esp-idf/log/CMakeFiles/__idf_log.dir/src/log_format_text.c.obj
[506/1044] Building C object esp-idf/log/CMakeFiles/__idf_log.dir/src/os/util.c.obj
[507/1044] Building C object esp-idf/log/CMakeFiles/__idf_log.dir/src/log_print.c.obj
[508/1044] Linking C static library esp-idf/pthread/libpthread.a
[509/1044] Building C object esp-idf/log/CMakeFiles/__idf_log.dir/src/os/log_timestamp.c.obj
[654/1044] Building C object esp-idf/esp_common/CMakeFiles/__idf_esp_common.dir/src/esp_err_to_name.c.obj
[1035/1044] Linking C static library esp-idf/mqtt/libmqtt.a
[1036/1044] Building C object esp-idf/usb/CMakeFiles/__idf_usb.dir/usbh.c.obj
[655/1044] Building C object esp-idf/spi_flash/CMakeFiles/__idf_spi_flash.dir/cache_utils.c.obj
[510/1044] Building C object esp-idf/log/CMakeFiles/__idf_log.dir/src/log_timestamp_common.c.obj
[1037/1044] Building C object esp-idf/spiffs/CMakeFiles/__idf_spiffs.dir/spiffs/src/spiffs_nucleus.c.obj
[656/1044] Building C object esp-idf/spi_flash/CMakeFiles/__idf_spi_flash.dir/flash_ops.c.obj
[511/1044] Building C object esp-idf/log/CMakeFiles/__idf_log.dir/src/log_level/log_level.c.obj
[657/1044] Building C object esp-idf/bootloader_support/CMakeFiles/__idf_bootloader_support.dir/src/bootloader_clock_init.c.obj
[512/1044] Building C object esp-idf/log/CMakeFiles/__idf_log.dir/src/os/log_lock.c.obj
[658/1044] Linking C static library esp-idf/esp_common/libesp_common.a
[659/1044] Building C object esp-idf/spi_flash/CMakeFiles/__idf_spi_flash.dir/memspi_host_driver.c.obj
[513/1044] Building C object esp-idf/log/CMakeFiles/__idf_log.dir/src/os/log_write.c.obj
[660/1044] Building C object esp-idf/spi_flash/CMakeFiles/__idf_spi_flash.dir/spi_flash_chip_generic.c.obj
[514/1044] Linking C static library esp-idf/newlib/libnewlib.a
[661/1044] Building C object esp-idf/spi_flash/CMakeFiles/__idf_spi_flash.dir/spi_flash_wrap.c.obj
[662/1044] Building C object esp-idf/bootloader_support/CMakeFiles/__idf_bootloader_support.dir/src/bootloader_mem.c.obj
[515/1044] Building C object esp-idf/hal/CMakeFiles/__idf_hal.dir/mpu_hal.c.obj
[516/1044] Building C object esp-idf/heap/CMakeFiles/__idf_heap.dir/multi_heap.c.obj
[517/1044] Building C object esp-idf/log/CMakeFiles/__idf_log.dir/src/log.c.obj
[518/1044] Building C object esp-idf/log/CMakeFiles/__idf_log.dir/src/log_level/tag_log_level/linked_list/log_linked_list.c.obj
[663/1044] Building C object esp-idf/bootloader_support/CMakeFiles/__idf_bootloader_support.dir/src/bootloader_common_loader.c.obj
[1038/1044] Linking C static library esp-idf/spiffs/libspiffs.a
[519/1044] Building C object esp-idf/hal/CMakeFiles/__idf_hal.dir/color_hal.c.obj
[664/1044] Building C object esp-idf/esp_mm/CMakeFiles/__idf_esp_mm.dir/heap_align_hw.c.obj
[520/1044] Linking C static library esp-idf/freertos/libfreertos.a
[521/1044] Building C object esp-idf/heap/CMakeFiles/__idf_heap.dir/heap_caps_base.c.obj
[522/1044] Building C object esp-idf/log/CMakeFiles/__idf_log.dir/src/log_level/tag_log_level/tag_log_level.c.obj
[665/1044] Building C object esp-idf/bootloader_support/CMakeFiles/__idf_bootloader_support.dir/src/bootloader_random.c.obj
[523/1044] Building C object esp-idf/hal/CMakeFiles/__idf_hal.dir/hal_utils.c.obj
[666/1044] Building C object esp-idf/bootloader_support/CMakeFiles/__idf_bootloader_support.dir/src/secure_boot.c.obj
[667/1044] Linking C static library esp-idf/esp_system/libesp_system.a
[668/1044] Building C object esp-idf/spi_flash/CMakeFiles/__idf_spi_flash.dir/esp_flash_spi_init.c.obj
[524/1044] Building C object esp-idf/hal/CMakeFiles/__idf_hal.dir/esp32s3/efuse_hal.c.obj
[669/1044] Building C object esp-idf/esp_mm/CMakeFiles/__idf_esp_mm.dir/esp_cache_utils.c.obj
[670/1044] Building C object esp-idf/esp_mm/CMakeFiles/__idf_esp_mm.dir/esp_mmu_map.c.obj
[525/1044] Building C object esp-idf/log/CMakeFiles/__idf_log.dir/src/log_level/tag_log_level/cache/log_binary_heap.c.obj
[526/1044] Building C object esp-idf/hal/CMakeFiles/__idf_hal.dir/efuse_hal.c.obj
[671/1044] Building C object esp-idf/spi_flash/CMakeFiles/__idf_spi_flash.dir/spi_flash_os_func_app.c.obj
[672/1044] Building C object esp-idf/esp_mm/CMakeFiles/__idf_esp_mm.dir/esp_cache_msync.c.obj
[527/1044] Building C object esp-idf/heap/CMakeFiles/__idf_heap.dir/heap_caps_init.c.obj
[673/1044] Building C object esp-idf/bootloader_support/CMakeFiles/__idf_bootloader_support.dir/src/bootloader_efuse.c.obj
[528/1044] Building C object esp-idf/hal/CMakeFiles/__idf_hal.dir/spi_flash_hal.c.obj
[674/1044] Building C object esp-idf/bootloader_support/CMakeFiles/__idf_bootloader_support.dir/src/flash_encrypt.c.obj
[675/1044] Building C object esp-idf/bootloader_support/CMakeFiles/__idf_bootloader_support.dir/src/bootloader_random_esp32s3.c.obj
[529/1044] Building C object esp-idf/hal/CMakeFiles/__idf_hal.dir/mmu_hal.c.obj
[676/1044] Building C object esp-idf/mbedtls/mbedtls/library/CMakeFiles/mbedtls.dir/mps_reader.c.obj
[677/1044] Building C object esp-idf/bootloader_support/CMakeFiles/__idf_bootloader_support.dir/src/bootloader_common.c.obj
[530/1044] Building C object esp-idf/esp_hw_support/CMakeFiles/__idf_esp_hw_support.dir/sleep_modes.c.obj
[678/1044] Building C object esp-idf/mbedtls/mbedtls/library/CMakeFiles/mbedtls.dir/debug.c.obj
[531/1044] Building C object esp-idf/hal/CMakeFiles/__idf_hal.dir/spi_flash_encrypt_hal_iram.c.obj
[532/1044] Building C object esp-idf/hal/CMakeFiles/__idf_hal.dir/cache_hal.c.obj
[679/1044] Building C object esp-idf/bootloader_support/CMakeFiles/__idf_bootloader_support.dir/src/flash_partitions.c.obj
[680/1044] Building C object esp-idf/mbedtls/mbedtls/library/CMakeFiles/mbedtls.dir/mps_trace.c.obj
[533/1044] Building C object esp-idf/hal/CMakeFiles/__idf_hal.dir/ledc_hal.c.obj
[681/1044] Building C object esp-idf/bootloader_support/CMakeFiles/__idf_bootloader_support.dir/src/esp32s3/secure_boot_secure_features.c.obj
[534/1044] Building C object esp-idf/hal/CMakeFiles/__idf_hal.dir/esp32s3/clk_tree_hal.c.obj
[682/1044] Building C object esp-idf/bootloader_support/CMakeFiles/__idf_bootloader_support.dir/bootloader_flash/src/flash_qio_mode.c.obj
[535/1044] Building C object esp-idf/hal/CMakeFiles/__idf_hal.dir/rtc_io_hal.c.obj
[683/1044] Building C object esp-idf/mbedtls/mbedtls/library/CMakeFiles/mbedtls.dir/ssl_cookie.c.obj
[684/1044] Building C object esp-idf/mbedtls/mbedtls/library/CMakeFiles/mbedtls.dir/ssl_ciphersuites.c.obj
[1039/1044] Building C object esp-idf/usb/CMakeFiles/__idf_usb.dir/hcd_dwc.c.obj
[536/1044] Building C object esp-idf/hal/CMakeFiles/__idf_hal.dir/gpio_hal.c.obj
[537/1044] Building C object esp-idf/heap/CMakeFiles/__idf_heap.dir/heap_caps.c.obj
[538/1044] Building C object esp-idf/hal/CMakeFiles/__idf_hal.dir/pcnt_hal.c.obj
[539/1044] Building C object esp-idf/hal/CMakeFiles/__idf_hal.dir/uart_hal_iram.c.obj
[540/1044] Building C object esp-idf/hal/CMakeFiles/__idf_hal.dir/ledc_hal_iram.c.obj
[685/1044] Building C object esp-idf/bootloader_support/CMakeFiles/__idf_bootloader_support.dir/bootloader_flash/src/bootloader_flash_config_esp32s3.c.obj
[541/1044] Building C object esp-idf/hal/CMakeFiles/__idf_hal.dir/systimer_hal.c.obj
[542/1044] Building C object esp-idf/esp_hw_support/CMakeFiles/__idf_esp_hw_support.dir/port/esp32s3/esp_memprot.c.obj
[686/1044] Building C object esp-idf/spi_flash/CMakeFiles/__idf_spi_flash.dir/esp_flash_api.c.obj
[543/1044] Building C object esp-idf/hal/CMakeFiles/__idf_hal.dir/timer_hal.c.obj
[544/1044] Building C object esp-idf/hal/CMakeFiles/__idf_hal.dir/rmt_hal.c.obj
[687/1044] Building C object esp-idf/bootloader_support/CMakeFiles/__idf_bootloader_support.dir/src/bootloader_sha.c.obj
[545/1044] Building C object esp-idf/hal/CMakeFiles/__idf_hal.dir/gdma_hal_top.c.obj
[546/1044] Building C object esp-idf/hal/CMakeFiles/__idf_hal.dir/mcpwm_hal.c.obj
[688/1044] Building C object esp-idf/mbedtls/mbedtls/library/CMakeFiles/mbedtls.dir/ssl_tls13_client.c.obj
[689/1044] Building C object esp-idf/mbedtls/mbedtls/library/CMakeFiles/mbedtls.dir/ssl_tls13_keys.c.obj
[1040/1044] Linking C static library esp-idf/usb/libusb.a
[690/1044] Building C object esp-idf/mbedtls/mbedtls/library/CMakeFiles/mbedtls.dir/ssl_tls13_server.c.obj
[691/1044] Building C object esp-idf/mbedtls/mbedtls/library/CMakeFiles/mbedtls.dir/ssl_tls13_generic.c.obj
[547/1044] Building C object esp-idf/hal/CMakeFiles/__idf_hal.dir/i2c_hal_iram.c.obj
[692/1044] Building C object esp-idf/mbedtls/mbedtls/library/CMakeFiles/mbedtls.dir/ssl_debug_helpers_generated.c.obj
[548/1044] Building C object esp-idf/hal/CMakeFiles/__idf_hal.dir/uart_hal.c.obj
[693/1044] Linking C static library esp-idf/spi_flash/libspi_flash.a
[549/1044] Building C object esp-idf/hal/CMakeFiles/__idf_hal.dir/i2c_hal.c.obj
[550/1044] Building C object esp-idf/hal/CMakeFiles/__idf_hal.dir/uhci_hal.c.obj
[551/1044] Building C object esp-idf/hal/CMakeFiles/__idf_hal.dir/sdm_hal.c.obj
[694/1044] Building C object esp-idf/bootloader_support/CMakeFiles/__idf_bootloader_support.dir/bootloader_flash/src/bootloader_flash.c.obj
[695/1044] Building C object esp-idf/mbedtls/mbedtls/library/CMakeFiles/mbedtls.dir/ssl_cache.c.obj
[696/1044] Building C object esp-idf/mbedtls/mbedtls/library/CMakeFiles/mbedtls.dir/ssl_client.c.obj
[697/1044] Linking C static library esp-idf/esp_mm/libesp_mm.a
[552/1044] Building C object esp-idf/hal/CMakeFiles/__idf_hal.dir/sdmmc_hal.c.obj
[698/1044] Building C object 'esp-idf/mbedtls/mbedtls/library/CMakeFiles/mbedtls.dir/home/tikhon/Документы/magnolia/esp-idf/components/mbedtls/port/esp_platform_time.c.obj'
[553/1044] Building C object esp-idf/hal/CMakeFiles/__idf_hal.dir/gdma_hal_ahb_v1.c.obj
[699/1044] Building C object 'esp-idf/mbedtls/mbedtls/library/CMakeFiles/mbedtls.dir/home/tikhon/Документы/magnolia/esp-idf/components/mbedtls/port/mbedtls_debug.c.obj'
[700/1044] Building C object esp-idf/mbedtls/mbedtls/library/CMakeFiles/mbedx509.dir/x509_create.c.obj
[554/1044] Building C object esp-idf/hal/CMakeFiles/__idf_hal.dir/adc_oneshot_hal.c.obj
[701/1044] Building C object esp-idf/bootloader_support/CMakeFiles/__idf_bootloader_support.dir/src/bootloader_utility.c.obj
[555/1044] Building C object esp-idf/hal/CMakeFiles/__idf_hal.dir/lcd_hal.c.obj
[556/1044] Building C object esp-idf/hal/CMakeFiles/__idf_hal.dir/sha_hal.c.obj
[557/1044] Building C object esp-idf/hal/CMakeFiles/__idf_hal.dir/spi_flash_hal_iram.c.obj
[558/1044] Building C object esp-idf/hal/CMakeFiles/__idf_hal.dir/twai_hal_sja1000.c.obj
[559/1044] Linking C static library esp-idf/esp_hw_support/libesp_hw_support.a
[560/1044] Building C object esp-idf/hal/CMakeFiles/__idf_hal.dir/brownout_hal.c.obj
[702/1044] Building C object esp-idf/mbedtls/mbedtls/library/CMakeFiles/mbedx509.dir/x509write.c.obj
[703/1044] Building C object esp-idf/mbedtls/mbedtls/library/CMakeFiles/mbedtls.dir/ssl_ticket.c.obj
[561/1044] Building C object esp-idf/hal/CMakeFiles/__idf_hal.dir/aes_hal.c.obj
[704/1044] Building C object esp-idf/mbedtls/mbedtls/library/CMakeFiles/mbedx509.dir/x509write_csr.c.obj
[705/1044] Building C object esp-idf/mbedtls/mbedtls/library/CMakeFiles/mbedcrypto.dir/aesni.c.obj
[562/1044] Building C object esp-idf/hal/CMakeFiles/__idf_hal.dir/mpi_hal.c.obj
[706/1044] Building C object esp-idf/mbedtls/mbedtls/library/CMakeFiles/mbedcrypto.dir/aesce.c.obj
[563/1044] Linking C static library esp-idf/soc/libsoc.a
[707/1044] Building C object esp-idf/mbedtls/mbedtls/library/CMakeFiles/mbedx509.dir/x509write_crt.c.obj
[708/1044] Building C object esp-idf/mbedtls/mbedtls/library/CMakeFiles/mbedx509.dir/x509_crl.c.obj
[564/1044] Building C object esp-idf/hal/CMakeFiles/__idf_hal.dir/spi_slave_hal_iram.c.obj
[565/1044] Building C object esp-idf/hal/CMakeFiles/__idf_hal.dir/ds_hal.c.obj
[566/1044] Building C object esp-idf/hal/CMakeFiles/__idf_hal.dir/i2s_hal.c.obj
[567/1044] Building C object esp-idf/hal/CMakeFiles/__idf_hal.dir/adc_hal_common.c.obj
[568/1044] Building C object esp-idf/hal/CMakeFiles/__idf_hal.dir/spi_slave_hal.c.obj
[1041/1044] Building C object esp-idf/wifi_provisioning/CMakeFiles/__idf_wifi_provisioning.dir/src/manager.c.obj
[709/1044] Building C object esp-idf/mbedtls/mbedtls/library/CMakeFiles/mbedx509.dir/x509_csr.c.obj
[569/1044] Building C object esp-idf/hal/CMakeFiles/__idf_hal.dir/hmac_hal.c.obj
[570/1044] Building C object esp-idf/hal/CMakeFiles/__idf_hal.dir/spi_hal.c.obj
[710/1044] Building C object esp-idf/bootloader_support/CMakeFiles/__idf_bootloader_support.dir/src/esp_image_format.c.obj
[571/1044] Building C object esp-idf/hal/CMakeFiles/__idf_hal.dir/usb_serial_jtag_hal.c.obj
[572/1044] Building C object esp-idf/hal/CMakeFiles/__idf_hal.dir/spi_flash_hal_gpspi.c.obj
[573/1044] Building C object esp-idf/hal/CMakeFiles/__idf_hal.dir/usb_wrap_hal.c.obj
[711/1044] Building C object esp-idf/mbedtls/mbedtls/library/CMakeFiles/mbedcrypto.dir/bignum_mod.c.obj
[574/1044] Building C object esp-idf/esp_rom/CMakeFiles/__idf_esp_rom.dir/patches/esp_rom_crc.c.obj
[712/1044] Building C object esp-idf/mbedtls/mbedtls/library/CMakeFiles/mbedcrypto.dir/aes.c.obj
[575/1044] Building C object esp-idf/hal/CMakeFiles/__idf_hal.dir/touch_sensor_hal.c.obj
[576/1044] Building C object esp-idf/esp_rom/CMakeFiles/__idf_esp_rom.dir/patches/esp_rom_sys.c.obj
[577/1044] Building C object esp-idf/hal/CMakeFiles/__idf_hal.dir/esp32s3/rtc_cntl_hal.c.obj
[578/1044] Building C object esp-idf/hal/CMakeFiles/__idf_hal.dir/temperature_sensor_hal.c.obj
[579/1044] Building C object esp-idf/hal/CMakeFiles/__idf_hal.dir/cam_hal.c.obj
[713/1044] Building C object esp-idf/mbedtls/mbedtls/library/CMakeFiles/mbedcrypto.dir/asn1parse.c.obj
[714/1044] Building C object esp-idf/mbedtls/mbedtls/library/CMakeFiles/mbedcrypto.dir/bignum_mod_raw.c.obj
[580/1044] Building C object esp-idf/hal/CMakeFiles/__idf_hal.dir/spi_slave_hd_hal.c.obj
[715/1044] Building C object esp-idf/mbedtls/mbedtls/library/CMakeFiles/mbedx509.dir/pkcs7.c.obj
[581/1044] Building C object esp-idf/hal/CMakeFiles/__idf_hal.dir/xt_wdt_hal.c.obj
[716/1044] Linking C static library esp-idf/bootloader_support/libbootloader_support.a
[582/1044] Building C object esp-idf/hal/CMakeFiles/__idf_hal.dir/touch_sens_hal.c.obj
[717/1044] Building C object esp-idf/mbedtls/mbedtls/library/CMakeFiles/mbedcrypto.dir/block_cipher.c.obj
[718/1044] Building C object esp-idf/mbedtls/mbedtls/library/CMakeFiles/mbedcrypto.dir/camellia.c.obj
[583/1044] Building C object esp-idf/hal/CMakeFiles/__idf_hal.dir/adc_hal.c.obj
[1042/1044] Linking C static library esp-idf/wifi_provisioning/libwifi_provisioning.a
[584/1044] Building C object esp-idf/hal/CMakeFiles/__idf_hal.dir/spi_hal_iram.c.obj
[719/1044] Building C object esp-idf/mbedtls/mbedtls/library/CMakeFiles/mbedcrypto.dir/base64.c.obj
[585/1044] Building C object esp-idf/esp_rom/CMakeFiles/__idf_esp_rom.dir/patches/esp_rom_efuse.c.obj
[586/1044] Building ASM object esp-idf/esp_rom/CMakeFiles/__idf_esp_rom.dir/patches/esp_rom_longjmp.S.obj
[587/1044] Building C object esp-idf/esp_rom/CMakeFiles/__idf_esp_rom.dir/patches/esp_rom_gpio.c.obj
[720/1044] Building C object esp-idf/mbedtls/mbedtls/library/CMakeFiles/mbedcrypto.dir/asn1write.c.obj
[588/1044] Building ASM object esp-idf/esp_rom/CMakeFiles/__idf_esp_rom.dir/patches/esp_rom_cache_writeback_esp32s3.S.obj
[589/1044] Building C object esp-idf/hal/CMakeFiles/__idf_hal.dir/esp32s3/touch_sensor_hal.c.obj
[590/1044] Building C object esp-idf/esp_rom/CMakeFiles/__idf_esp_rom.dir/patches/esp_rom_print.c.obj
[591/1044] Building C object esp-idf/heap/CMakeFiles/__idf_heap.dir/tlsf/tlsf.c.obj
[592/1044] Building C object esp-idf/esp_rom/CMakeFiles/__idf_esp_rom.dir/patches/esp_rom_systimer.c.obj
[721/1044] Building C object esp-idf/mbedtls/mbedtls/library/CMakeFiles/mbedcrypto.dir/chachapoly.c.obj
[1043/1044] Linking C static library esp-idf/main/libmain.a
[593/1044] Building C object esp-idf/esp_rom/CMakeFiles/__idf_esp_rom.dir/patches/esp_rom_serial_output.c.obj
[594/1044] Building C object esp-idf/esp_system/CMakeFiles/__idf_esp_system.dir/esp_system_console.c.obj
[722/1044] Building C object esp-idf/mbedtls/mbedtls/library/CMakeFiles/mbedcrypto.dir/chacha20.c.obj
[595/1044] Building C object esp-idf/esp_rom/CMakeFiles/__idf_esp_rom.dir/patches/esp_rom_wdt.c.obj
[596/1044] Building C object esp-idf/esp_rom/CMakeFiles/__idf_esp_rom.dir/patches/esp_rom_spiflash.c.obj
[723/1044] Building C object esp-idf/mbedtls/mbedtls/library/CMakeFiles/mbedtls.dir/ssl_msg.c.obj
[1044/1044] Build ELF: cksum.app.elf
[597/1044] Linking C static library esp-idf/heap/libheap.a
[724/1044] Building C object esp-idf/mbedtls/mbedtls/library/CMakeFiles/mbedcrypto.dir/des.c.obj
[598/1044] Building C object esp-idf/esp_rom/CMakeFiles/__idf_esp_rom.dir/patches/esp_rom_cache_esp32s2_esp32s3.c.obj
[599/1044] Building C object esp-idf/esp_system/CMakeFiles/__idf_esp_system.dir/crosscore_int.c.obj
[600/1044] Building C object esp-idf/esp_system/CMakeFiles/__idf_esp_system.dir/esp_err.c.obj
[725/1044] Building C object esp-idf/mbedtls/mbedtls/library/CMakeFiles/mbedcrypto.dir/aria.c.obj
[726/1044] Building C object esp-idf/mbedtls/mbedtls/library/CMakeFiles/mbedtls.dir/ssl_tls12_client.c.obj
[601/1044] Building C object esp-idf/esp_system/CMakeFiles/__idf_esp_system.dir/startup.c.obj
[602/1044] Linking C static library esp-idf/log/liblog.a
[727/1044] Building C object esp-idf/mbedtls/mbedtls/library/CMakeFiles/mbedcrypto.dir/constant_time.c.obj
[603/1044] Building C object esp-idf/esp_system/CMakeFiles/__idf_esp_system.dir/esp_system.c.obj
[728/1044] Building C object esp-idf/mbedtls/mbedtls/library/CMakeFiles/mbedcrypto.dir/cipher_wrap.c.obj
[604/1044] Building C object esp-idf/esp_system/CMakeFiles/__idf_esp_system.dir/system_time.c.obj
[605/1044] Building C object esp-idf/esp_system/CMakeFiles/__idf_esp_system.dir/stack_check.c.obj
[606/1044] Building C object esp-idf/hal/CMakeFiles/__idf_hal.dir/usb_dwc_hal.c.obj
[729/1044] Building C object esp-idf/mbedtls/mbedtls/library/CMakeFiles/mbedcrypto.dir/ccm.c.obj
[607/1044] Building C object esp-idf/esp_system/CMakeFiles/__idf_esp_system.dir/ubsan.c.obj
[730/1044] Building C object 'esp-idf/mbedtls/mbedtls/library/CMakeFiles/mbedtls.dir/home/tikhon/Документы/magnolia/esp-idf/components/mbedtls/port/net_sockets.c.obj'
[731/1044] Building C object esp-idf/mbedtls/mbedtls/library/CMakeFiles/mbedcrypto.dir/ecjpake.c.obj
[732/1044] Building C object esp-idf/mbedtls/mbedtls/library/CMakeFiles/mbedcrypto.dir/cmac.c.obj
[608/1044] Building C object esp-idf/esp_system/CMakeFiles/__idf_esp_system.dir/freertos_hooks.c.obj
[609/1044] Building ASM object esp-idf/esp_system/CMakeFiles/__idf_esp_system.dir/port/arch/xtensa/esp_ipc_isr_routines.S.obj
[610/1044] Building C object esp-idf/esp_system/CMakeFiles/__idf_esp_system.dir/esp_ipc.c.obj
[611/1044] Building C object esp-idf/esp_system/CMakeFiles/__idf_esp_system.dir/int_wdt.c.obj
[733/1044] Building C object esp-idf/mbedtls/mbedtls/library/CMakeFiles/mbedcrypto.dir/dhm.c.obj
[734/1044] Building C object esp-idf/mbedtls/mbedtls/library/CMakeFiles/mbedcrypto.dir/ecp_curves_new.c.obj
[612/1044] Building C object esp-idf/esp_system/CMakeFiles/__idf_esp_system.dir/startup_funcs.c.obj
[735/1044] Building C object esp-idf/mbedtls/mbedtls/library/CMakeFiles/mbedtls.dir/ssl_tls12_server.c.obj
[613/1044] Building C object esp-idf/esp_system/CMakeFiles/__idf_esp_system.dir/panic.c.obj
[736/1044] Building C object esp-idf/mbedtls/mbedtls/library/CMakeFiles/mbedcrypto.dir/ecdh.c.obj
[614/1044] Building C object esp-idf/esp_system/CMakeFiles/__idf_esp_system.dir/port/arch/xtensa/esp_ipc_isr_port.c.obj
[615/1044] Building ASM object esp-idf/esp_system/CMakeFiles/__idf_esp_system.dir/port/arch/xtensa/esp_ipc_isr_handler.S.obj
[616/1044] Building ASM object esp-idf/esp_system/CMakeFiles/__idf_esp_system.dir/port/arch/xtensa/panic_handler_asm.S.obj
[737/1044] Building C object esp-idf/mbedtls/mbedtls/library/CMakeFiles/mbedcrypto.dir/ecdsa.c.obj
[617/1044] Building C object esp-idf/esp_system/CMakeFiles/__idf_esp_system.dir/port/panic_handler.c.obj
[618/1044] Building C object esp-idf/esp_system/CMakeFiles/__idf_esp_system.dir/xt_wdt.c.obj
[619/1044] Building C object esp-idf/esp_system/CMakeFiles/__idf_esp_system.dir/port/image_process.c.obj
[620/1044] Building ASM object esp-idf/esp_system/CMakeFiles/__idf_esp_system.dir/port/arch/xtensa/expression_with_stack_asm.S.obj
[621/1044] Linking C static library esp-idf/hal/libhal.a
[622/1044] Building ASM object esp-idf/esp_system/CMakeFiles/__idf_esp_system.dir/port/arch/xtensa/debug_helpers_asm.S.obj
[738/1044] Building C object esp-idf/mbedtls/mbedtls/library/CMakeFiles/mbedcrypto.dir/ctr_drbg.c.obj
[739/1044] Building C object esp-idf/mbedtls/mbedtls/library/CMakeFiles/mbedcrypto.dir/entropy_poll.c.obj
[623/1044] Building C object esp-idf/esp_system/CMakeFiles/__idf_esp_system.dir/port/esp_system_chip.c.obj
[740/1044] Building C object esp-idf/mbedtls/mbedtls/library/CMakeFiles/mbedcrypto.dir/hkdf.c.obj
[624/1044] Building C object esp-idf/esp_system/CMakeFiles/__idf_esp_system.dir/port/esp_ipc_isr.c.obj
[741/1044] Building C object esp-idf/mbedtls/mbedtls/library/CMakeFiles/mbedcrypto.dir/cipher.c.obj
[625/1044] Building ASM object esp-idf/esp_system/CMakeFiles/__idf_esp_system.dir/port/soc/esp32s3/highint_hdl.S.obj
[742/1044] Building C object esp-idf/mbedtls/mbedtls/library/CMakeFiles/mbedcrypto.dir/bignum_core.c.obj
[626/1044] Building C object esp-idf/esp_system/CMakeFiles/__idf_esp_system.dir/port/arch/xtensa/trax.c.obj
[743/1044] Building C object esp-idf/mbedtls/mbedtls/library/CMakeFiles/mbedcrypto.dir/lms.c.obj
[744/1044] Building C object esp-idf/mbedtls/mbedtls/library/CMakeFiles/mbedcrypto.dir/lmots.c.obj
[627/1044] Linking C static library esp-idf/esp_rom/libesp_rom.a
[745/1044] Building C object esp-idf/mbedtls/mbedtls/library/CMakeFiles/mbedcrypto.dir/memory_buffer_alloc.c.obj
[628/1044] Building C object esp-idf/esp_system/CMakeFiles/__idf_esp_system.dir/port/arch/xtensa/expression_with_stack.c.obj
[629/1044] Building C object esp-idf/esp_system/CMakeFiles/__idf_esp_system.dir/port/soc/esp32s3/reset_reason.c.obj
Applet cksum OK -> /home/tikhon/Документы/magnolia/rootfs/bin/cksum
[630/1044] Building C object esp-idf/esp_system/CMakeFiles/__idf_esp_system.dir/port/arch/xtensa/debug_stubs.c.obj
[746/1044] Building C object esp-idf/mbedtls/mbedtls/library/CMakeFiles/mbedcrypto.dir/entropy.c.obj
[631/1044] Building C object esp-idf/spi_flash/CMakeFiles/__idf_spi_flash.dir/flash_brownout_hook.c.obj
[632/1044] Building C object esp-idf/spi_flash/CMakeFiles/__idf_spi_flash.dir/spi_flash_chip_drivers.c.obj
[747/1044] Building C object esp-idf/mbedtls/mbedtls/library/CMakeFiles/mbedx509.dir/x509.c.obj
[633/1044] Building C object esp-idf/esp_system/CMakeFiles/__idf_esp_system.dir/port/arch/xtensa/panic_arch.c.obj
[748/1044] Building C object esp-idf/mbedtls/mbedtls/library/CMakeFiles/mbedcrypto.dir/nist_kw.c.obj
[634/1044] Building C object esp-idf/spi_flash/CMakeFiles/__idf_spi_flash.dir/spi_flash_hpm_enable.c.obj
[749/1044] Building C object esp-idf/mbedtls/mbedtls/library/CMakeFiles/mbedcrypto.dir/error.c.obj
[750/1044] Building C object esp-idf/mbedtls/mbedtls/library/CMakeFiles/mbedcrypto.dir/padlock.c.obj
[635/1044] Building C object esp-idf/spi_flash/CMakeFiles/__idf_spi_flash.dir/spi_flash_chip_boya.c.obj
[751/1044] Building C object esp-idf/mbedtls/mbedtls/library/CMakeFiles/mbedcrypto.dir/bignum.c.obj
[636/1044] Building C object esp-idf/esp_system/CMakeFiles/__idf_esp_system.dir/port/soc/esp32s3/clk.c.obj
[637/1044] Building C object esp-idf/spi_flash/CMakeFiles/__idf_spi_flash.dir/esp32s3/spi_flash_oct_flash_init.c.obj
[638/1044] Building C object esp-idf/esp_common/CMakeFiles/__idf_esp_common.dir/src/esp_err_to_name.c.obj
[752/1044] Building C object esp-idf/mbedtls/mbedtls/library/CMakeFiles/mbedcrypto.dir/gcm.c.obj
[753/1044] Building C object esp-idf/mbedtls/mbedtls/library/CMakeFiles/mbedcrypto.dir/pk_ecc.c.obj
[639/1044] Building C object esp-idf/esp_system/CMakeFiles/__idf_esp_system.dir/task_wdt/task_wdt_impl_timergroup.c.obj
[754/1044] Building C object esp-idf/mbedtls/mbedtls/library/CMakeFiles/mbedcrypto.dir/md5.c.obj
[640/1044] Building C object esp-idf/spi_flash/CMakeFiles/__idf_spi_flash.dir/spi_flash_chip_issi.c.obj
[641/1044] Building C object esp-idf/esp_system/CMakeFiles/__idf_esp_system.dir/port/soc/esp32s3/cache_err_int.c.obj
[755/1044] Building C object esp-idf/mbedtls/mbedtls/library/CMakeFiles/mbedcrypto.dir/hmac_drbg.c.obj
[642/1044] Building C object esp-idf/esp_system/CMakeFiles/__idf_esp_system.dir/port/soc/esp32s3/apb_backup_dma.c.obj
[756/1044] Building C object esp-idf/mbedtls/mbedtls/library/CMakeFiles/mbedcrypto.dir/md.c.obj
[643/1044] Linking C static library esp-idf/esp_common/libesp_common.a
[757/1044] Building C object esp-idf/mbedtls/mbedtls/library/CMakeFiles/mbedx509.dir/x509_crt.c.obj
[644/1044] Building C object esp-idf/esp_system/CMakeFiles/__idf_esp_system.dir/task_wdt/task_wdt.c.obj
[645/1044] Building C object esp-idf/esp_system/CMakeFiles/__idf_esp_system.dir/port/soc/esp32s3/system_internal.c.obj
[646/1044] Building C object esp-idf/esp_system/CMakeFiles/__idf_esp_system.dir/port/arch/xtensa/debug_helpers.c.obj
[647/1044] Building C object esp-idf/spi_flash/CMakeFiles/__idf_spi_flash.dir/spi_flash_chip_th.c.obj
[758/1044] Building C object esp-idf/mbedtls/mbedtls/library/CMakeFiles/mbedcrypto.dir/pem.c.obj
[759/1044] Building C object esp-idf/mbedtls/mbedtls/library/CMakeFiles/mbedcrypto.dir/poly1305.c.obj
[648/1044] Building C object esp-idf/spi_flash/CMakeFiles/__idf_spi_flash.dir/spi_flash_chip_gd.c.obj
[760/1044] Building C object esp-idf/mbedtls/mbedtls/library/CMakeFiles/mbedcrypto.dir/pk.c.obj
[761/1044] Building C object esp-idf/mbedtls/mbedtls/library/CMakeFiles/mbedcrypto.dir/pk_wrap.c.obj
[762/1044] Building C object esp-idf/mbedtls/mbedtls/library/CMakeFiles/mbedtls.dir/ssl_tls.c.obj
[649/1044] Building C object esp-idf/esp_mm/CMakeFiles/__idf_esp_mm.dir/port/esp32s3/ext_mem_layout.c.obj
[650/1044] Building C object esp-idf/esp_system/CMakeFiles/__idf_esp_system.dir/port/cpu_start.c.obj
[651/1044] Building C object esp-idf/spi_flash/CMakeFiles/__idf_spi_flash.dir/spi_flash_wrap.c.obj
[652/1044] Building C object esp-idf/spi_flash/CMakeFiles/__idf_spi_flash.dir/memspi_host_driver.c.obj
[763/1044] Building C object esp-idf/mbedtls/mbedtls/library/CMakeFiles/mbedcrypto.dir/platform.c.obj
[653/1044] Building C object esp-idf/spi_flash/CMakeFiles/__idf_spi_flash.dir/spi_flash_chip_mxic.c.obj
[654/1044] Building C object esp-idf/spi_flash/CMakeFiles/__idf_spi_flash.dir/spi_flash_chip_mxic_opi.c.obj
[764/1044] Building C object esp-idf/mbedtls/mbedtls/library/CMakeFiles/mbedcrypto.dir/platform_util.c.obj
[655/1044] Building C object esp-idf/spi_flash/CMakeFiles/__idf_spi_flash.dir/spi_flash_chip_winbond.c.obj
[765/1044] Building C object esp-idf/mbedtls/mbedtls/library/CMakeFiles/mbedcrypto.dir/pkcs5.c.obj
[656/1044] Building C object esp-idf/spi_flash/CMakeFiles/__idf_spi_flash.dir/spi_flash_chip_generic.c.obj
[766/1044] Building C object esp-idf/mbedtls/mbedtls/library/CMakeFiles/mbedcrypto.dir/pkwrite.c.obj
[657/1044] Building C object esp-idf/bootloader_support/CMakeFiles/__idf_bootloader_support.dir/src/bootloader_mem.c.obj
[767/1044] Building C object esp-idf/mbedtls/mbedtls/library/CMakeFiles/mbedcrypto.dir/psa_crypto_driver_wrappers_no_static.c.obj
[658/1044] Building C object esp-idf/spi_flash/CMakeFiles/__idf_spi_flash.dir/spi_flash_os_func_noos.c.obj
[768/1044] Building C object esp-idf/mbedtls/mbedtls/library/CMakeFiles/mbedcrypto.dir/ecp_curves.c.obj
[659/1044] Building C object esp-idf/spi_flash/CMakeFiles/__idf_spi_flash.dir/flash_mmap.c.obj
[769/1044] Linking CXX static library esp-idf/mbedtls/mbedtls/library/libmbedtls.a
[660/1044] Linking C static library esp-idf/esp_system/libesp_system.a
[770/1044] Building C object esp-idf/mbedtls/mbedtls/library/CMakeFiles/mbedcrypto.dir/pkcs12.c.obj
[661/1044] Building C object esp-idf/esp_mm/CMakeFiles/__idf_esp_mm.dir/esp_cache_utils.c.obj
[771/1044] Building C object esp-idf/mbedtls/mbedtls/library/CMakeFiles/mbedcrypto.dir/psa_crypto_aead.c.obj
[662/1044] Building C object esp-idf/esp_mm/CMakeFiles/__idf_esp_mm.dir/esp_cache_msync.c.obj
[772/1044] Building C object esp-idf/mbedtls/mbedtls/library/CMakeFiles/mbedcrypto.dir/psa_crypto_client.c.obj
[663/1044] Building C object esp-idf/bootloader_support/CMakeFiles/__idf_bootloader_support.dir/src/bootloader_clock_init.c.obj
[664/1044] Building C object esp-idf/bootloader_support/CMakeFiles/__idf_bootloader_support.dir/src/bootloader_efuse.c.obj
[773/1044] Building C object esp-idf/mbedtls/mbedtls/library/CMakeFiles/mbedcrypto.dir/psa_crypto_se.c.obj
[774/1044] Building C object esp-idf/mbedtls/mbedtls/library/CMakeFiles/mbedcrypto.dir/psa_crypto_pake.c.obj
[665/1044] Building C object esp-idf/spi_flash/CMakeFiles/__idf_spi_flash.dir/spi_flash_os_func_app.c.obj
[666/1044] Building C object esp-idf/esp_mm/CMakeFiles/__idf_esp_mm.dir/heap_align_hw.c.obj
[667/1044] Building C object esp-idf/bootloader_support/CMakeFiles/__idf_bootloader_support.dir/src/bootloader_random.c.obj
[668/1044] Building C object esp-idf/spi_flash/CMakeFiles/__idf_spi_flash.dir/flash_ops.c.obj
[775/1044] Building C object esp-idf/mbedtls/mbedtls/library/CMakeFiles/mbedcrypto.dir/ripemd160.c.obj
[776/1044] Building C object esp-idf/mbedtls/mbedtls/library/CMakeFiles/mbedcrypto.dir/pkparse.c.obj
[777/1044] Building C object esp-idf/mbedtls/mbedtls/library/CMakeFiles/mbedcrypto.dir/oid.c.obj
[669/1044] Building C object esp-idf/spi_flash/CMakeFiles/__idf_spi_flash.dir/esp_flash_spi_init.c.obj
[778/1044] Building C object esp-idf/mbedtls/mbedtls/library/CMakeFiles/mbedcrypto.dir/psa_crypto_cipher.c.obj
[670/1044] Building C object esp-idf/bootloader_support/CMakeFiles/__idf_bootloader_support.dir/src/esp32s3/secure_boot_secure_features.c.obj
[671/1044] Building C object esp-idf/spi_flash/CMakeFiles/__idf_spi_flash.dir/cache_utils.c.obj
[779/1044] Building C object esp-idf/mbedtls/mbedtls/library/CMakeFiles/mbedcrypto.dir/psa_crypto_ffdh.c.obj
[672/1044] Building C object esp-idf/bootloader_support/CMakeFiles/__idf_bootloader_support.dir/src/bootloader_common_loader.c.obj
[780/1044] Building C object esp-idf/mbedtls/mbedtls/library/CMakeFiles/mbedcrypto.dir/psa_crypto_hash.c.obj
[673/1044] Building C object esp-idf/bootloader_support/CMakeFiles/__idf_bootloader_support.dir/src/bootloader_common.c.obj
[674/1044] Building C object esp-idf/mbedtls/mbedtls/library/CMakeFiles/mbedtls.dir/debug.c.obj
[675/1044] Building C object esp-idf/bootloader_support/CMakeFiles/__idf_bootloader_support.dir/src/flash_encrypt.c.obj
[676/1044] Building C object esp-idf/bootloader_support/CMakeFiles/__idf_bootloader_support.dir/src/flash_partitions.c.obj
[677/1044] Building C object esp-idf/bootloader_support/CMakeFiles/__idf_bootloader_support.dir/bootloader_flash/src/flash_qio_mode.c.obj
[678/1044] Building C object esp-idf/bootloader_support/CMakeFiles/__idf_bootloader_support.dir/src/secure_boot.c.obj
[781/1044] Building C object esp-idf/mbedtls/mbedtls/library/CMakeFiles/mbedcrypto.dir/psa_crypto_ecp.c.obj
[679/1044] Building C object esp-idf/mbedtls/mbedtls/library/CMakeFiles/mbedtls.dir/mps_reader.c.obj
[782/1044] Building C object esp-idf/mbedtls/mbedtls/library/CMakeFiles/mbedcrypto.dir/psa_util.c.obj
[783/1044] Building C object esp-idf/mbedtls/mbedtls/library/CMakeFiles/mbedcrypto.dir/sha512.c.obj
[680/1044] Building C object esp-idf/esp_mm/CMakeFiles/__idf_esp_mm.dir/esp_mmu_map.c.obj
[784/1044] Building C object esp-idf/mbedtls/mbedtls/library/CMakeFiles/mbedcrypto.dir/psa_its_file.c.obj
[681/1044] Building C object esp-idf/bootloader_support/CMakeFiles/__idf_bootloader_support.dir/src/bootloader_sha.c.obj
[785/1044] Building C object esp-idf/mbedtls/mbedtls/library/CMakeFiles/mbedcrypto.dir/ecp.c.obj
[786/1044] Building C object esp-idf/mbedtls/mbedtls/library/CMakeFiles/mbedcrypto.dir/threading.c.obj
[787/1044] Building C object esp-idf/mbedtls/mbedtls/library/CMakeFiles/mbedcrypto.dir/sha1.c.obj
[788/1044] Building C object esp-idf/mbedtls/mbedtls/library/CMakeFiles/mbedcrypto.dir/timing.c.obj
[789/1044] Building C object esp-idf/mbedtls/mbedtls/library/CMakeFiles/mbedcrypto.dir/version.c.obj
[790/1044] Building C object esp-idf/mbedtls/mbedtls/library/CMakeFiles/mbedcrypto.dir/psa_crypto_storage.c.obj
[791/1044] Building C object esp-idf/mbedtls/mbedtls/library/CMakeFiles/mbedcrypto.dir/psa_crypto_mac.c.obj
[682/1044] Building C object esp-idf/mbedtls/mbedtls/library/CMakeFiles/mbedtls.dir/ssl_cookie.c.obj
[792/1044] Building C object esp-idf/mbedtls/mbedtls/library/CMakeFiles/mbedcrypto.dir/sha256.c.obj
[683/1044] Building C object esp-idf/mbedtls/mbedtls/library/CMakeFiles/mbedtls.dir/mps_trace.c.obj
[684/1044] Building C object esp-idf/spi_flash/CMakeFiles/__idf_spi_flash.dir/esp_flash_api.c.obj
[793/1044] Building C object esp-idf/mbedtls/mbedtls/library/CMakeFiles/mbedcrypto.dir/rsa_alt_helpers.c.obj
[685/1044] Building C object esp-idf/bootloader_support/CMakeFiles/__idf_bootloader_support.dir/src/bootloader_random_esp32s3.c.obj
[794/1044] Building C object esp-idf/mbedtls/mbedtls/library/CMakeFiles/mbedcrypto.dir/version_features.c.obj
[795/1044] Building C object 'esp-idf/mbedtls/mbedtls/library/CMakeFiles/mbedcrypto.dir/home/tikhon/Документы/magnolia/esp-idf/components/mbedtls/port/esp_mem.c.obj'
[796/1044] Building C object 'esp-idf/mbedtls/mbedtls/library/CMakeFiles/mbedcrypto.dir/home/tikhon/Документы/magnolia/esp-idf/components/mbedtls/port/esp_hardware.c.obj'
[686/1044] Building C object esp-idf/mbedtls/mbedtls/library/CMakeFiles/mbedtls.dir/ssl_tls13_keys.c.obj
[797/1044] Building C object 'esp-idf/mbedtls/mbedtls/library/CMakeFiles/mbedcrypto.dir/home/tikhon/Документы/magnolia/esp-idf/components/mbedtls/port/sha/core/esp_sha_gdma_impl.c.obj'
[798/1044] Building C object esp-idf/mbedtls/mbedtls/library/CMakeFiles/mbedcrypto.dir/psa_crypto_rsa.c.obj
[687/1044] Building C object esp-idf/mbedtls/mbedtls/library/CMakeFiles/mbedtls.dir/ssl_debug_helpers_generated.c.obj
[799/1044] Building C object 'esp-idf/mbedtls/mbedtls/library/CMakeFiles/mbedcrypto.dir/home/tikhon/Документы/magnolia/esp-idf/components/mbedtls/port/aes/dma/esp_aes_gdma_impl.c.obj'
[800/1044] Building C object 'esp-idf/mbedtls/mbedtls/library/CMakeFiles/mbedcrypto.dir/home/tikhon/Документы/magnolia/esp-idf/components/mbedtls/port/esp_timing.c.obj'
[688/1044] Building C object esp-idf/mbedtls/mbedtls/library/CMakeFiles/mbedtls.dir/ssl_tls13_client.c.obj
[801/1044] Building C object 'esp-idf/mbedtls/mbedtls/library/CMakeFiles/mbedcrypto.dir/home/tikhon/Документы/magnolia/esp-idf/components/mbedtls/port/aes/esp_aes_xts.c.obj'
[689/1044] Linking C static library esp-idf/spi_flash/libspi_flash.a
[802/1044] Building C object esp-idf/mbedtls/mbedtls/library/CMakeFiles/mbedcrypto.dir/psa_crypto_slot_management.c.obj
[690/1044] Building C object esp-idf/mbedtls/mbedtls/library/CMakeFiles/mbedtls.dir/ssl_tls13_server.c.obj
[691/1044] Building C object esp-idf/mbedtls/mbedtls/library/CMakeFiles/mbedtls.dir/ssl_cache.c.obj
[692/1044] Building C object esp-idf/mbedtls/mbedtls/library/CMakeFiles/mbedtls.dir/ssl_tls13_generic.c.obj
[693/1044] Building C object esp-idf/bootloader_support/CMakeFiles/__idf_bootloader_support.dir/bootloader_flash/src/bootloader_flash_config_esp32s3.c.obj
[694/1044] Building C object esp-idf/mbedtls/mbedtls/library/CMakeFiles/mbedtls.dir/ssl_ciphersuites.c.obj
[695/1044] Linking C static library esp-idf/esp_mm/libesp_mm.a
[803/1044] Building C object 'esp-idf/mbedtls/mbedtls/library/CMakeFiles/mbedcrypto.dir/home/tikhon/Документы/magnolia/esp-idf/components/mbedtls/port/aes/esp_aes_common.c.obj'
[696/1044] Building C object esp-idf/bootloader_support/CMakeFiles/__idf_bootloader_support.dir/bootloader_flash/src/bootloader_flash.c.obj
[697/1044] Building C object esp-idf/mbedtls/mbedtls/library/CMakeFiles/mbedx509.dir/x509_create.c.obj
[698/1044] Building C object 'esp-idf/mbedtls/mbedtls/library/CMakeFiles/mbedtls.dir/home/tikhon/Документы/magnolia/esp-idf/components/mbedtls/port/esp_platform_time.c.obj'
[804/1044] Building C object 'esp-idf/mbedtls/mbedtls/library/CMakeFiles/mbedcrypto.dir/home/tikhon/Документы/magnolia/esp-idf/components/mbedtls/port/sha/esp_sha.c.obj'
[805/1044] Building C object 'esp-idf/mbedtls/mbedtls/library/CMakeFiles/mbedcrypto.dir/home/tikhon/Документы/magnolia/esp-idf/components/mbedtls/port/esp_ds/esp_rsa_sign_alt.c.obj'
[699/1044] Building C object esp-idf/bootloader_support/CMakeFiles/__idf_bootloader_support.dir/src/bootloader_utility.c.obj
[806/1044] Building C object 'esp-idf/mbedtls/mbedtls/library/CMakeFiles/mbedcrypto.dir/home/tikhon/Документы/magnolia/esp-idf/components/mbedtls/port/crypto_shared_gdma/esp_crypto_shared_gdma.c.obj'
[807/1044] Building C object 'esp-idf/mbedtls/mbedtls/library/CMakeFiles/mbedcrypto.dir/home/tikhon/Документы/magnolia/esp-idf/components/mbedtls/port/esp_ds/esp_rsa_dec_alt.c.obj'
[808/1044] Building C object 'esp-idf/mbedtls/mbedtls/library/CMakeFiles/mbedcrypto.dir/home/tikhon/Документы/magnolia/esp-idf/components/mbedtls/port/bignum/bignum_alt.c.obj'
[700/1044] Building C object esp-idf/mbedtls/mbedtls/library/CMakeFiles/mbedtls.dir/ssl_ticket.c.obj
[809/1044] Building C object 'esp-idf/mbedtls/mbedtls/library/CMakeFiles/mbedcrypto.dir/home/tikhon/Документы/magnolia/esp-idf/components/mbedtls/port/sha/core/sha.c.obj'
[701/1044] Building C object esp-idf/mbedtls/mbedtls/library/CMakeFiles/mbedx509.dir/x509write.c.obj
[702/1044] Building C object esp-idf/mbedtls/mbedtls/library/CMakeFiles/mbedx509.dir/x509write_crt.c.obj
[810/1044] Building C object 'esp-idf/mbedtls/mbedtls/library/CMakeFiles/mbedcrypto.dir/home/tikhon/Документы/magnolia/esp-idf/components/mbedtls/port/bignum/esp_bignum.c.obj'
[703/1044] Building C object esp-idf/mbedtls/mbedtls/library/CMakeFiles/mbedtls.dir/ssl_client.c.obj
[811/1044] Building C object 'esp-idf/mbedtls/mbedtls/library/CMakeFiles/mbedcrypto.dir/home/tikhon/Документы/magnolia/esp-idf/components/mbedtls/port/sha/core/esp_sha1.c.obj'
[812/1044] Building C object 'esp-idf/mbedtls/mbedtls/library/CMakeFiles/mbedcrypto.dir/home/tikhon/Документы/magnolia/esp-idf/components/mbedtls/port/sha/core/esp_sha256.c.obj'
[704/1044] Building C object 'esp-idf/mbedtls/mbedtls/library/CMakeFiles/mbedtls.dir/home/tikhon/Документы/magnolia/esp-idf/components/mbedtls/port/mbedtls_debug.c.obj'
[813/1044] Building C object esp-idf/mbedtls/mbedtls/library/CMakeFiles/mbedcrypto.dir/sha3.c.obj
[814/1044] Linking CXX static library esp-idf/mbedtls/mbedtls/library/libmbedx509.a
[815/1044] Building C object 'esp-idf/mbedtls/mbedtls/library/CMakeFiles/mbedcrypto.dir/home/tikhon/Документы/magnolia/esp-idf/components/mbedtls/port/aes/dma/esp_aes.c.obj'
[816/1044] Building C object 'esp-idf/mbedtls/mbedtls/library/CMakeFiles/mbedcrypto.dir/home/tikhon/Документы/magnolia/esp-idf/components/mbedtls/port/md/esp_md.c.obj'
[817/1044] Building C object 'esp-idf/mbedtls/mbedtls/library/CMakeFiles/mbedcrypto.dir/home/tikhon/Документы/magnolia/esp-idf/components/mbedtls/port/esp_ds/esp_ds_common.c.obj'
[705/1044] Building C object esp-idf/mbedtls/mbedtls/library/CMakeFiles/mbedx509.dir/x509write_csr.c.obj
[706/1044] Building C object esp-idf/mbedtls/mbedtls/library/CMakeFiles/mbedcrypto.dir/aesce.c.obj
[818/1044] Building C object 'esp-idf/mbedtls/mbedtls/library/CMakeFiles/mbedcrypto.dir/home/tikhon/Документы/magnolia/esp-idf/components/mbedtls/port/aes/esp_aes_gcm.c.obj'
[707/1044] Building C object esp-idf/mbedtls/mbedtls/library/CMakeFiles/mbedtls.dir/ssl_tls12_client.c.obj
[819/1044] Building C object 'esp-idf/mbedtls/mbedtls/library/CMakeFiles/mbedcrypto.dir/home/tikhon/Документы/magnolia/esp-idf/components/mbedtls/port/sha/core/esp_sha512.c.obj'
[708/1044] Building C object esp-idf/mbedtls/mbedtls/library/CMakeFiles/mbedcrypto.dir/aesni.c.obj
[820/1044] Building C object esp-idf/mbedtls/mbedtls/3rdparty/everest/CMakeFiles/everest.dir/library/Hacl_Curve25519_joined.c.obj
[821/1044] Building C object esp-idf/mbedtls/mbedtls/3rdparty/p256-m/CMakeFiles/p256m.dir/p256-m_driver_entrypoints.c.obj
[822/1044] Building C object esp-idf/mbedtls/mbedtls/library/CMakeFiles/mbedcrypto.dir/rsa.c.obj
[823/1044] Building C object 'esp-idf/mbedtls/mbedtls/library/CMakeFiles/mbedcrypto.dir/home/tikhon/Документы/magnolia/esp-idf/components/mbedtls/port/aes/dma/esp_aes_dma_core.c.obj'
[824/1044] Building C object esp-idf/mbedtls/mbedtls/3rdparty/everest/CMakeFiles/everest.dir/library/everest.c.obj
[825/1044] Building C object esp-idf/mbedtls/mbedtls/3rdparty/everest/CMakeFiles/everest.dir/library/x25519.c.obj
[826/1044] Building C object esp-idf/mbedtls/mbedtls/3rdparty/p256-m/CMakeFiles/p256m.dir/p256-m/p256-m.c.obj
[709/1044] Building C object esp-idf/mbedtls/mbedtls/library/CMakeFiles/mbedx509.dir/x509_csr.c.obj
[710/1044] Building C object esp-idf/mbedtls/mbedtls/library/CMakeFiles/mbedcrypto.dir/bignum_mod.c.obj
[711/1044] Building C object esp-idf/bootloader_support/CMakeFiles/__idf_bootloader_support.dir/src/esp_image_format.c.obj
[712/1044] Building C object esp-idf/mbedtls/mbedtls/library/CMakeFiles/mbedcrypto.dir/asn1write.c.obj
[713/1044] Building C object esp-idf/mbedtls/mbedtls/library/CMakeFiles/mbedcrypto.dir/aes.c.obj
[714/1044] Building C object esp-idf/mbedtls/mbedtls/library/CMakeFiles/mbedx509.dir/x509_crl.c.obj
[715/1044] Building C object esp-idf/mbedtls/mbedtls/library/CMakeFiles/mbedcrypto.dir/bignum_mod_raw.c.obj
[716/1044] Building C object 'esp-idf/mbedtls/mbedtls/library/CMakeFiles/mbedtls.dir/home/tikhon/Документы/magnolia/esp-idf/components/mbedtls/port/net_sockets.c.obj'
[717/1044] Linking C static library esp-idf/bootloader_support/libbootloader_support.a
[718/1044] Building C object esp-idf/mbedtls/mbedtls/library/CMakeFiles/mbedcrypto.dir/asn1parse.c.obj
[719/1044] Building C object esp-idf/mbedtls/mbedtls/library/CMakeFiles/mbedx509.dir/pkcs7.c.obj
[720/1044] Building C object esp-idf/mbedtls/mbedtls/library/CMakeFiles/mbedcrypto.dir/aria.c.obj
[721/1044] Building C object esp-idf/mbedtls/mbedtls/library/CMakeFiles/mbedcrypto.dir/block_cipher.c.obj
[722/1044] Building C object esp-idf/mbedtls/mbedtls/library/CMakeFiles/mbedcrypto.dir/chacha20.c.obj
[723/1044] Building C object esp-idf/mbedtls/mbedtls/library/CMakeFiles/mbedcrypto.dir/camellia.c.obj
[724/1044] Building C object esp-idf/mbedtls/mbedtls/library/CMakeFiles/mbedcrypto.dir/chachapoly.c.obj
[725/1044] Building C object esp-idf/mbedtls/mbedtls/library/CMakeFiles/mbedcrypto.dir/base64.c.obj
[726/1044] Building C object esp-idf/mbedtls/mbedtls/library/CMakeFiles/mbedcrypto.dir/constant_time.c.obj
[727/1044] Building C object esp-idf/mbedtls/mbedtls/library/CMakeFiles/mbedtls.dir/ssl_msg.c.obj
[728/1044] Building C object esp-idf/mbedtls/mbedtls/library/CMakeFiles/mbedtls.dir/ssl_tls12_server.c.obj
[729/1044] Building C object esp-idf/mbedtls/mbedtls/library/CMakeFiles/mbedcrypto.dir/ecjpake.c.obj
[730/1044] Building C object esp-idf/mbedtls/mbedtls/library/CMakeFiles/mbedcrypto.dir/des.c.obj
[731/1044] Building C object esp-idf/mbedtls/mbedtls/library/CMakeFiles/mbedcrypto.dir/cipher_wrap.c.obj
[732/1044] Building C object esp-idf/mbedtls/mbedtls/library/CMakeFiles/mbedcrypto.dir/ecdh.c.obj
[733/1044] Building C object esp-idf/mbedtls/mbedtls/library/CMakeFiles/mbedcrypto.dir/ecp_curves_new.c.obj
[734/1044] Building C object esp-idf/mbedtls/mbedtls/library/CMakeFiles/mbedcrypto.dir/bignum_core.c.obj
[735/1044] Building C object esp-idf/mbedtls/mbedtls/library/CMakeFiles/mbedx509.dir/x509.c.obj
[736/1044] Building C object esp-idf/mbedtls/mbedtls/library/CMakeFiles/mbedcrypto.dir/ecdsa.c.obj
[737/1044] Building C object esp-idf/mbedtls/mbedtls/library/CMakeFiles/mbedcrypto.dir/ccm.c.obj
[738/1044] Building C object esp-idf/mbedtls/mbedtls/library/CMakeFiles/mbedcrypto.dir/cmac.c.obj
[739/1044] Building C object esp-idf/mbedtls/mbedtls/library/CMakeFiles/mbedcrypto.dir/dhm.c.obj
[740/1044] Building C object esp-idf/mbedtls/mbedtls/library/CMakeFiles/mbedcrypto.dir/hkdf.c.obj
[741/1044] Building C object esp-idf/mbedtls/mbedtls/library/CMakeFiles/mbedcrypto.dir/entropy_poll.c.obj
[742/1044] Building C object esp-idf/mbedtls/mbedtls/library/CMakeFiles/mbedcrypto.dir/lmots.c.obj
[743/1044] Building C object esp-idf/mbedtls/mbedtls/library/CMakeFiles/mbedcrypto.dir/ctr_drbg.c.obj
[744/1044] Building C object esp-idf/mbedtls/mbedtls/library/CMakeFiles/mbedcrypto.dir/lms.c.obj
[745/1044] Building C object esp-idf/mbedtls/mbedtls/library/CMakeFiles/mbedcrypto.dir/cipher.c.obj
[746/1044] Building C object esp-idf/mbedtls/mbedtls/library/CMakeFiles/mbedcrypto.dir/memory_buffer_alloc.c.obj
[747/1044] Building C object esp-idf/mbedtls/mbedtls/library/CMakeFiles/mbedx509.dir/x509_crt.c.obj
[748/1044] Building C object esp-idf/mbedtls/mbedtls/library/CMakeFiles/mbedcrypto.dir/nist_kw.c.obj
[749/1044] Building C object esp-idf/mbedtls/mbedtls/library/CMakeFiles/mbedcrypto.dir/padlock.c.obj
[750/1044] Building C object esp-idf/mbedtls/mbedtls/library/CMakeFiles/mbedcrypto.dir/md5.c.obj
[751/1044] Building C object esp-idf/mbedtls/mbedtls/library/CMakeFiles/mbedcrypto.dir/bignum.c.obj
[752/1044] Building C object esp-idf/mbedtls/mbedtls/library/CMakeFiles/mbedcrypto.dir/hmac_drbg.c.obj
[753/1044] Building C object esp-idf/mbedtls/mbedtls/library/CMakeFiles/mbedcrypto.dir/entropy.c.obj
[754/1044] Building C object esp-idf/mbedtls/mbedtls/library/CMakeFiles/mbedcrypto.dir/error.c.obj
[755/1044] Building C object esp-idf/mbedtls/mbedtls/library/CMakeFiles/mbedtls.dir/ssl_tls.c.obj
[756/1044] Building C object esp-idf/mbedtls/mbedtls/library/CMakeFiles/mbedcrypto.dir/pem.c.obj
[757/1044] Building C object esp-idf/mbedtls/mbedtls/library/CMakeFiles/mbedcrypto.dir/md.c.obj
[758/1044] Building C object esp-idf/mbedtls/mbedtls/library/CMakeFiles/mbedcrypto.dir/platform.c.obj
[759/1044] Building C object esp-idf/mbedtls/mbedtls/library/CMakeFiles/mbedcrypto.dir/platform_util.c.obj
[760/1044] Building C object esp-idf/mbedtls/mbedtls/library/CMakeFiles/mbedcrypto.dir/poly1305.c.obj
[761/1044] Building C object esp-idf/mbedtls/mbedtls/library/CMakeFiles/mbedcrypto.dir/pk_ecc.c.obj
[762/1044] Building C object esp-idf/mbedtls/mbedtls/library/CMakeFiles/mbedcrypto.dir/gcm.c.obj
[763/1044] Building C object esp-idf/mbedtls/mbedtls/library/CMakeFiles/mbedcrypto.dir/pk_wrap.c.obj
[764/1044] Building C object esp-idf/mbedtls/mbedtls/library/CMakeFiles/mbedcrypto.dir/pkcs5.c.obj
[765/1044] Linking CXX static library esp-idf/mbedtls/mbedtls/library/libmbedtls.a
[766/1044] Building C object esp-idf/mbedtls/mbedtls/library/CMakeFiles/mbedcrypto.dir/ecp_curves.c.obj
[767/1044] Building C object esp-idf/mbedtls/mbedtls/library/CMakeFiles/mbedcrypto.dir/pkcs12.c.obj
[827/1044] Building C object esp-idf/mbedtls/mbedtls/library/CMakeFiles/mbedcrypto.dir/psa_crypto.c.obj
[768/1044] Building C object esp-idf/mbedtls/mbedtls/library/CMakeFiles/mbedcrypto.dir/oid.c.obj
[769/1044] Building C object esp-idf/mbedtls/mbedtls/library/CMakeFiles/mbedcrypto.dir/psa_crypto_client.c.obj
[770/1044] Building C object esp-idf/mbedtls/mbedtls/library/CMakeFiles/mbedcrypto.dir/pk.c.obj
[771/1044] Building C object esp-idf/mbedtls/mbedtls/library/CMakeFiles/mbedcrypto.dir/psa_crypto_se.c.obj
[772/1044] Building C object esp-idf/mbedtls/mbedtls/library/CMakeFiles/mbedcrypto.dir/pkwrite.c.obj
[773/1044] Building C object esp-idf/mbedtls/mbedtls/library/CMakeFiles/mbedcrypto.dir/psa_crypto_driver_wrappers_no_static.c.obj
[774/1044] Building C object esp-idf/mbedtls/mbedtls/library/CMakeFiles/mbedcrypto.dir/psa_crypto_aead.c.obj
[775/1044] Building C object esp-idf/mbedtls/mbedtls/library/CMakeFiles/mbedcrypto.dir/psa_crypto_cipher.c.obj
[776/1044] Building C object esp-idf/mbedtls/mbedtls/library/CMakeFiles/mbedcrypto.dir/psa_crypto_pake.c.obj
[777/1044] Building C object esp-idf/mbedtls/mbedtls/library/CMakeFiles/mbedcrypto.dir/psa_crypto_ffdh.c.obj
[778/1044] Building C object esp-idf/mbedtls/mbedtls/library/CMakeFiles/mbedcrypto.dir/psa_crypto_ecp.c.obj
[779/1044] Building C object esp-idf/mbedtls/mbedtls/library/CMakeFiles/mbedcrypto.dir/psa_crypto_hash.c.obj
[780/1044] Building C object esp-idf/mbedtls/mbedtls/library/CMakeFiles/mbedcrypto.dir/pkparse.c.obj
[781/1044] Building C object esp-idf/mbedtls/mbedtls/library/CMakeFiles/mbedcrypto.dir/ripemd160.c.obj
[782/1044] Building C object esp-idf/mbedtls/mbedtls/library/CMakeFiles/mbedcrypto.dir/psa_crypto_mac.c.obj
[783/1044] Building C object esp-idf/mbedtls/mbedtls/library/CMakeFiles/mbedcrypto.dir/ecp.c.obj
[784/1044] Building C object esp-idf/mbedtls/mbedtls/library/CMakeFiles/mbedcrypto.dir/psa_its_file.c.obj
[785/1044] Building C object esp-idf/mbedtls/mbedtls/library/CMakeFiles/mbedcrypto.dir/sha1.c.obj
[786/1044] Building C object esp-idf/mbedtls/mbedtls/library/CMakeFiles/mbedcrypto.dir/psa_crypto_slot_management.c.obj
[787/1044] Building C object esp-idf/mbedtls/mbedtls/library/CMakeFiles/mbedcrypto.dir/psa_util.c.obj
[788/1044] Building C object esp-idf/mbedtls/mbedtls/library/CMakeFiles/mbedcrypto.dir/rsa_alt_helpers.c.obj
[789/1044] Building C object esp-idf/mbedtls/mbedtls/library/CMakeFiles/mbedcrypto.dir/psa_crypto_rsa.c.obj
[790/1044] Building C object esp-idf/mbedtls/mbedtls/library/CMakeFiles/mbedcrypto.dir/psa_crypto_storage.c.obj
[791/1044] Building C object esp-idf/mbedtls/mbedtls/library/CMakeFiles/mbedcrypto.dir/timing.c.obj
[792/1044] Building C object esp-idf/mbedtls/mbedtls/library/CMakeFiles/mbedcrypto.dir/version.c.obj
[793/1044] Building C object esp-idf/mbedtls/mbedtls/library/CMakeFiles/mbedcrypto.dir/sha256.c.obj
[794/1044] Building C object esp-idf/mbedtls/mbedtls/library/CMakeFiles/mbedcrypto.dir/threading.c.obj
[795/1044] Building C object esp-idf/mbedtls/mbedtls/library/CMakeFiles/mbedcrypto.dir/sha512.c.obj
[796/1044] Building C object esp-idf/mbedtls/mbedtls/library/CMakeFiles/mbedcrypto.dir/version_features.c.obj
[828/1044] Linking CXX static library esp-idf/mbedtls/mbedtls/library/libmbedcrypto.a
[797/1044] Building C object 'esp-idf/mbedtls/mbedtls/library/CMakeFiles/mbedcrypto.dir/home/tikhon/Документы/magnolia/esp-idf/components/mbedtls/port/sha/core/esp_sha_gdma_impl.c.obj'
[798/1044] Building C object 'esp-idf/mbedtls/mbedtls/library/CMakeFiles/mbedcrypto.dir/home/tikhon/Документы/magnolia/esp-idf/components/mbedtls/port/aes/dma/esp_aes_gdma_impl.c.obj'
[799/1044] Building C object 'esp-idf/mbedtls/mbedtls/library/CMakeFiles/mbedcrypto.dir/home/tikhon/Документы/magnolia/esp-idf/components/mbedtls/port/esp_mem.c.obj'
[829/1044] Linking CXX static library esp-idf/mbedtls/mbedtls/3rdparty/p256-m/libp256m.a
[800/1044] Building C object 'esp-idf/mbedtls/mbedtls/library/CMakeFiles/mbedcrypto.dir/home/tikhon/Документы/magnolia/esp-idf/components/mbedtls/port/esp_hardware.c.obj'
[801/1044] Building C object 'esp-idf/mbedtls/mbedtls/library/CMakeFiles/mbedcrypto.dir/home/tikhon/Документы/magnolia/esp-idf/components/mbedtls/port/aes/esp_aes_common.c.obj'
[802/1044] Building C object 'esp-idf/mbedtls/mbedtls/library/CMakeFiles/mbedcrypto.dir/home/tikhon/Документы/magnolia/esp-idf/components/mbedtls/port/esp_timing.c.obj'
[830/1044] Linking CXX static library esp-idf/mbedtls/mbedtls/3rdparty/everest/libeverest.a
[803/1044] Building C object 'esp-idf/mbedtls/mbedtls/library/CMakeFiles/mbedcrypto.dir/home/tikhon/Документы/magnolia/esp-idf/components/mbedtls/port/aes/esp_aes_xts.c.obj'
[804/1044] Building C object esp-idf/mbedtls/mbedtls/library/CMakeFiles/mbedcrypto.dir/sha3.c.obj
[805/1044] Building C object 'esp-idf/mbedtls/mbedtls/library/CMakeFiles/mbedcrypto.dir/home/tikhon/Документы/magnolia/esp-idf/components/mbedtls/port/crypto_shared_gdma/esp_crypto_shared_gdma.c.obj'
[806/1044] Building C object 'esp-idf/mbedtls/mbedtls/library/CMakeFiles/mbedcrypto.dir/home/tikhon/Документы/magnolia/esp-idf/components/mbedtls/port/sha/esp_sha.c.obj'
[807/1044] Building C object 'esp-idf/mbedtls/mbedtls/library/CMakeFiles/mbedcrypto.dir/home/tikhon/Документы/magnolia/esp-idf/components/mbedtls/port/bignum/bignum_alt.c.obj'
[808/1044] Building C object 'esp-idf/mbedtls/mbedtls/library/CMakeFiles/mbedcrypto.dir/home/tikhon/Документы/magnolia/esp-idf/components/mbedtls/port/aes/dma/esp_aes.c.obj'
[809/1044] Building C object 'esp-idf/mbedtls/mbedtls/library/CMakeFiles/mbedcrypto.dir/home/tikhon/Документы/magnolia/esp-idf/components/mbedtls/port/esp_ds/esp_rsa_dec_alt.c.obj'
[810/1044] Building C object 'esp-idf/mbedtls/mbedtls/library/CMakeFiles/mbedcrypto.dir/home/tikhon/Документы/magnolia/esp-idf/components/mbedtls/port/aes/dma/esp_aes_dma_core.c.obj'
[811/1044] Building C object 'esp-idf/mbedtls/mbedtls/library/CMakeFiles/mbedcrypto.dir/home/tikhon/Документы/magnolia/esp-idf/components/mbedtls/port/esp_ds/esp_rsa_sign_alt.c.obj'
[812/1044] Building C object 'esp-idf/mbedtls/mbedtls/library/CMakeFiles/mbedcrypto.dir/home/tikhon/Документы/magnolia/esp-idf/components/mbedtls/port/sha/core/sha.c.obj'
[813/1044] Linking CXX static library esp-idf/mbedtls/mbedtls/library/libmbedx509.a
[814/1044] Building C object 'esp-idf/mbedtls/mbedtls/library/CMakeFiles/mbedcrypto.dir/home/tikhon/Документы/magnolia/esp-idf/components/mbedtls/port/md/esp_md.c.obj'
[815/1044] Building C object 'esp-idf/mbedtls/mbedtls/library/CMakeFiles/mbedcrypto.dir/home/tikhon/Документы/magnolia/esp-idf/components/mbedtls/port/sha/core/esp_sha1.c.obj'
[816/1044] Building C object 'esp-idf/mbedtls/mbedtls/library/CMakeFiles/mbedcrypto.dir/home/tikhon/Документы/magnolia/esp-idf/components/mbedtls/port/bignum/esp_bignum.c.obj'
[817/1044] Building C object 'esp-idf/mbedtls/mbedtls/library/CMakeFiles/mbedcrypto.dir/home/tikhon/Документы/magnolia/esp-idf/components/mbedtls/port/esp_ds/esp_ds_common.c.obj'
[818/1044] Building C object 'esp-idf/mbedtls/mbedtls/library/CMakeFiles/mbedcrypto.dir/home/tikhon/Документы/magnolia/esp-idf/components/mbedtls/port/sha/core/esp_sha256.c.obj'
[819/1044] Building C object 'esp-idf/mbedtls/mbedtls/library/CMakeFiles/mbedcrypto.dir/home/tikhon/Документы/magnolia/esp-idf/components/mbedtls/port/sha/core/esp_sha512.c.obj'
[820/1044] Building C object esp-idf/mbedtls/mbedtls/3rdparty/p256-m/CMakeFiles/p256m.dir/p256-m/p256-m.c.obj
[821/1044] Building C object esp-idf/mbedtls/mbedtls/3rdparty/everest/CMakeFiles/everest.dir/library/Hacl_Curve25519_joined.c.obj
[822/1044] Building C object esp-idf/mbedtls/mbedtls/3rdparty/everest/CMakeFiles/everest.dir/library/everest.c.obj
[823/1044] Building C object esp-idf/mbedtls/mbedtls/3rdparty/everest/CMakeFiles/everest.dir/library/x25519.c.obj
[824/1044] Building C object esp-idf/mbedtls/mbedtls/3rdparty/p256-m/CMakeFiles/p256m.dir/p256-m_driver_entrypoints.c.obj
[825/1044] Building C object 'esp-idf/mbedtls/mbedtls/library/CMakeFiles/mbedcrypto.dir/home/tikhon/Документы/magnolia/esp-idf/components/mbedtls/port/aes/esp_aes_gcm.c.obj'
[831/1044] Generating x509_crt_bundle
[826/1044] Building C object esp-idf/mbedtls/mbedtls/library/CMakeFiles/mbedcrypto.dir/rsa.c.obj
[832/1044] Generating ../../x509_crt_bundle.S
[833/1044] Building ASM object esp-idf/mbedtls/CMakeFiles/__idf_mbedtls.dir/__/__/x509_crt_bundle.S.obj
[834/1044] Building C object esp-idf/esp_security/CMakeFiles/__idf_esp_security.dir/src/esp_crypto_lock.c.obj
[835/1044] Building C object esp-idf/esp_pm/CMakeFiles/__idf_esp_pm.dir/pm_trace.c.obj
[836/1044] Building C object esp-idf/esp_driver_gpio/CMakeFiles/__idf_esp_driver_gpio.dir/src/gpio_glitch_filter_ops.c.obj
[837/1044] Building C object esp-idf/efuse/CMakeFiles/__idf_efuse.dir/esp32s3/esp_efuse_fields.c.obj
[838/1044] Building C object esp-idf/efuse/CMakeFiles/__idf_efuse.dir/esp32s3/esp_efuse_table.c.obj
[839/1044] Building C object esp-idf/esp_security/CMakeFiles/__idf_esp_security.dir/src/esp_hmac.c.obj
[840/1044] Building C object esp-idf/esp_pm/CMakeFiles/__idf_esp_pm.dir/pm_locks.c.obj
[841/1044] Building C object esp-idf/esp_security/CMakeFiles/__idf_esp_security.dir/src/init.c.obj
[842/1044] Building C object esp-idf/esp_security/CMakeFiles/__idf_esp_security.dir/src/esp_crypto_periph_clk.c.obj
[843/1044] Building C object esp-idf/esp_driver_gpio/CMakeFiles/__idf_esp_driver_gpio.dir/src/gpio_pin_glitch_filter.c.obj
[844/1044] Building C object esp-idf/esp_security/CMakeFiles/__idf_esp_security.dir/src/esp_ds.c.obj
[845/1044] Building C object esp-idf/efuse/CMakeFiles/__idf_efuse.dir/esp32s3/esp_efuse_rtc_calib.c.obj
[846/1044] Building C object esp-idf/xtensa/CMakeFiles/__idf_xtensa.dir/eri.c.obj
[847/1044] Building C object esp-idf/efuse/CMakeFiles/__idf_efuse.dir/esp32s3/esp_efuse_utility.c.obj
[848/1044] Building C object esp-idf/esp_bootloader_format/CMakeFiles/__idf_esp_bootloader_format.dir/esp_bootloader_desc.c.obj
[849/1044] Building C object esp-idf/efuse/CMakeFiles/__idf_efuse.dir/src/esp_efuse_fields.c.obj
[850/1044] Building C object esp-idf/mbedtls/CMakeFiles/__idf_mbedtls.dir/esp_crt_bundle/esp_crt_bundle.c.obj
[851/1044] Building C object esp-idf/efuse/CMakeFiles/__idf_efuse.dir/src/esp_efuse_startup.c.obj
[852/1044] Building C object esp-idf/esp_driver_gpio/CMakeFiles/__idf_esp_driver_gpio.dir/src/dedic_gpio.c.obj
[853/1044] Building ASM object esp-idf/xtensa/CMakeFiles/__idf_xtensa.dir/xtensa_context.S.obj
[854/1044] Building C object esp-idf/esp_app_format/CMakeFiles/__idf_esp_app_format.dir/esp_app_desc.c.obj
[855/1044] Building C object esp-idf/esp_pm/CMakeFiles/__idf_esp_pm.dir/pm_impl.c.obj
[856/1044] Building ASM object esp-idf/xtensa/CMakeFiles/__idf_xtensa.dir/xtensa_intr_asm.S.obj
[857/1044] Linking C static library esp-idf/mbedtls/libmbedtls.a
[858/1044] Building C object esp-idf/xtensa/CMakeFiles/__idf_xtensa.dir/xt_trax.c.obj
[859/1044] Building C object esp-idf/esp_partition/CMakeFiles/__idf_esp_partition.dir/partition_target.c.obj
[860/1044] Building C object esp-idf/esp_driver_gpio/CMakeFiles/__idf_esp_driver_gpio.dir/src/rtc_io.c.obj
[861/1044] Building C object esp-idf/app_update/CMakeFiles/__idf_app_update.dir/esp_ota_app_desc.c.obj
[862/1044] Linking C static library esp-idf/esp_pm/libesp_pm.a
[863/1044] Building C object esp-idf/efuse/CMakeFiles/__idf_efuse.dir/src/esp_efuse_utility.c.obj
[864/1044] Building ASM object esp-idf/xtensa/CMakeFiles/__idf_xtensa.dir/xtensa_vectors.S.obj
[865/1044] Building C object esp-idf/efuse/CMakeFiles/__idf_efuse.dir/src/efuse_controller/keys/with_key_purposes/esp_efuse_api_key.c.obj
[866/1044] Building C object esp-idf/efuse/CMakeFiles/__idf_efuse.dir/src/esp_efuse_api.c.obj
[867/1044] Building C object esp-idf/console/CMakeFiles/__idf_console.dir/split_argv.c.obj
[868/1044] Building C object esp-idf/xtensa/CMakeFiles/__idf_xtensa.dir/xtensa_intr.c.obj
[869/1044] Building C object esp-idf/esp_partition/CMakeFiles/__idf_esp_partition.dir/partition.c.obj
[870/1044] Building C object esp-idf/console/CMakeFiles/__idf_console.dir/argtable3/arg_dbl.c.obj
[871/1044] Building C object esp-idf/console/CMakeFiles/__idf_console.dir/argtable3/arg_cmd.c.obj
[872/1044] Building C object esp-idf/console/CMakeFiles/__idf_console.dir/esp_console_common.c.obj
[873/1044] Building C object esp-idf/console/CMakeFiles/__idf_console.dir/argtable3/arg_file.c.obj
[874/1044] Building C object esp-idf/console/CMakeFiles/__idf_console.dir/esp_console_repl_internal.c.obj
[875/1044] Building C object esp-idf/console/CMakeFiles/__idf_console.dir/argtable3/arg_dstr.c.obj
[876/1044] Building C object esp-idf/console/CMakeFiles/__idf_console.dir/argtable3/arg_end.c.obj
[877/1044] Building C object esp-idf/console/CMakeFiles/__idf_console.dir/argtable3/arg_lit.c.obj
[878/1044] Building C object esp-idf/console/CMakeFiles/__idf_console.dir/esp_console_repl_chip.c.obj
[879/1044] Building C object esp-idf/console/CMakeFiles/__idf_console.dir/argtable3/arg_rem.c.obj
[880/1044] Building C object esp-idf/console/CMakeFiles/__idf_console.dir/commands.c.obj
[881/1044] Building C object esp-idf/console/CMakeFiles/__idf_console.dir/argtable3/arg_date.c.obj
[882/1044] Building C object esp-idf/console/CMakeFiles/__idf_console.dir/argtable3/arg_int.c.obj
[883/1044] Building C object esp-idf/console/CMakeFiles/__idf_console.dir/argtable3/arg_hashtable.c.obj
[884/1044] Building C object esp-idf/unity/CMakeFiles/__idf_unity.dir/unity_compat.c.obj
[885/1044] Building C object esp-idf/console/CMakeFiles/__idf_console.dir/argtable3/arg_str.c.obj
[886/1044] Building C object esp-idf/console/CMakeFiles/__idf_console.dir/argtable3/arg_utils.c.obj
[887/1044] Building C object esp-idf/app_update/CMakeFiles/__idf_app_update.dir/esp_ota_ops.c.obj
[888/1044] Building C object esp-idf/unity/CMakeFiles/__idf_unity.dir/unity_runner.c.obj
[889/1044] Building C object esp-idf/unity/CMakeFiles/__idf_unity.dir/unity_utils_cache.c.obj
[827/1044] Building C object esp-idf/mbedtls/mbedtls/library/CMakeFiles/mbedcrypto.dir/psa_crypto.c.obj
[890/1044] Building C object esp-idf/unity/CMakeFiles/__idf_unity.dir/unity_utils_freertos.c.obj
[891/1044] Building C object esp-idf/unity/CMakeFiles/__idf_unity.dir/unity_utils_memory.c.obj
[892/1044] Building C object esp-idf/protocomm/CMakeFiles/__idf_protocomm.dir/proto-c/constants.pb-c.c.obj
[893/1044] Building C object esp-idf/unity/CMakeFiles/__idf_unity.dir/port/esp/unity_utils_memory_esp.c.obj
[894/1044] Building C object esp-idf/console/CMakeFiles/__idf_console.dir/linenoise/linenoise.c.obj
[895/1044] Building C object esp-idf/unity/CMakeFiles/__idf_unity.dir/unity_port_esp32.c.obj
[896/1044] Building C object esp-idf/protocomm/CMakeFiles/__idf_protocomm.dir/proto-c/session.pb-c.c.obj
[897/1044] Building C object esp-idf/protocomm/CMakeFiles/__idf_protocomm.dir/proto-c/sec0.pb-c.c.obj
[898/1044] Building C object esp-idf/console/CMakeFiles/__idf_console.dir/argtable3/arg_rex.c.obj
[899/1044] Building C object esp-idf/console/CMakeFiles/__idf_console.dir/argtable3/argtable3.c.obj
[900/1044] Building C object esp-idf/protocomm/CMakeFiles/__idf_protocomm.dir/proto-c/sec2.pb-c.c.obj
[901/1044] Building C object esp-idf/protocomm/CMakeFiles/__idf_protocomm.dir/proto-c/sec1.pb-c.c.obj
[902/1044] Building C object esp-idf/esp_driver_gpio/CMakeFiles/__idf_esp_driver_gpio.dir/src/gpio.c.obj
[903/1044] Building C object esp-idf/protocomm/CMakeFiles/__idf_protocomm.dir/src/common/protocomm.c.obj
[904/1044] Building C object esp-idf/protocomm/CMakeFiles/__idf_protocomm.dir/src/transports/protocomm_console.c.obj
[905/1044] Building CXX object esp-idf/wear_levelling/CMakeFiles/__idf_wear_levelling.dir/Partition.cpp.obj
[906/1044] Building CXX object esp-idf/wear_levelling/CMakeFiles/__idf_wear_levelling.dir/SPI_Flash.cpp.obj
[907/1044] Linking C static library esp-idf/esp_driver_gpio/libesp_driver_gpio.a
[908/1044] Building CXX object esp-idf/wear_levelling/CMakeFiles/__idf_wear_levelling.dir/crc32.cpp.obj
[828/1044] Linking CXX static library esp-idf/mbedtls/mbedtls/library/libmbedcrypto.a
[909/1044] Building C object esp-idf/protocomm/CMakeFiles/__idf_protocomm.dir/src/crypto/srp6a/esp_srp_mpi.c.obj
[910/1044] Building C object esp-idf/protocomm/CMakeFiles/__idf_protocomm.dir/src/crypto/srp6a/esp_srp.c.obj
[829/1044] Linking CXX static library esp-idf/mbedtls/mbedtls/3rdparty/p256-m/libp256m.a
[911/1044] Building CXX object esp-idf/wear_levelling/CMakeFiles/__idf_wear_levelling.dir/WL_Ext_Perf.cpp.obj
[912/1044] Building C object esp-idf/esp_https_server/CMakeFiles/__idf_esp_https_server.dir/src/https_server.c.obj
[913/1044] Linking C static library esp-idf/esp_security/libesp_security.a
[830/1044] Linking CXX static library esp-idf/mbedtls/mbedtls/3rdparty/everest/libeverest.a
[914/1044] Building CXX object esp-idf/wear_levelling/CMakeFiles/__idf_wear_levelling.dir/WL_Ext_Safe.cpp.obj
[915/1044] Building C object esp-idf/protocomm/CMakeFiles/__idf_protocomm.dir/src/transports/protocomm_httpd.c.obj
[916/1044] Building C object esp-idf/app_trace/CMakeFiles/__idf_app_trace.dir/app_trace_util.c.obj
[917/1044] Building C object esp-idf/app_trace/CMakeFiles/__idf_app_trace.dir/host_file_io.c.obj
[918/1044] Building C object esp-idf/cmock/CMakeFiles/__idf_cmock.dir/CMock/src/cmock.c.obj
[919/1044] Linking C static library esp-idf/efuse/libefuse.a
[920/1044] Building C object esp-idf/unity/CMakeFiles/__idf_unity.dir/unity/src/unity.c.obj
[921/1044] Building C object esp-idf/protocomm/CMakeFiles/__idf_protocomm.dir/src/security/security2.c.obj
[922/1044] Building CXX object esp-idf/wear_levelling/CMakeFiles/__idf_wear_levelling.dir/wear_levelling.cpp.obj
[923/1044] Building C object esp-idf/esp_driver_cam/CMakeFiles/__idf_esp_driver_cam.dir/dvp_share_ctrl.c.obj
[924/1044] Building C object esp-idf/app_trace/CMakeFiles/__idf_app_trace.dir/port/port_uart.c.obj
[925/1044] Linking C static library esp-idf/esp_partition/libesp_partition.a
[926/1044] Building C object esp-idf/esp_driver_cam/CMakeFiles/__idf_esp_driver_cam.dir/esp_cam_ctlr.c.obj
[927/1044] Linking C static library esp-idf/app_update/libapp_update.a
[928/1044] Building C object esp-idf/app_trace/CMakeFiles/__idf_app_trace.dir/app_trace.c.obj
[929/1044] Linking C static library esp-idf/esp_bootloader_format/libesp_bootloader_format.a
[930/1044] Building C object esp-idf/esp_hid/CMakeFiles/__idf_esp_hid.dir/src/esp_hidd.c.obj
[931/1044] Building C object esp-idf/json/CMakeFiles/__idf_json.dir/cJSON/cJSON_Utils.c.obj
[932/1044] Building C object esp-idf/esp_driver_cam/CMakeFiles/__idf_esp_driver_cam.dir/dvp/src/esp_cam_ctlr_dvp_gdma.c.obj
[933/1044] Building C object esp-idf/esp_lcd/CMakeFiles/__idf_esp_lcd.dir/src/esp_lcd_common.c.obj
[831/1044] Generating x509_crt_bundle
[934/1044] Building C object esp-idf/esp_eth/CMakeFiles/__idf_esp_eth.dir/src/esp_eth_netif_glue.c.obj
[935/1044] Linking C static library esp-idf/esp_app_format/libesp_app_format.a
[936/1044] Building C object esp-idf/esp_hid/CMakeFiles/__idf_esp_hid.dir/src/esp_hid_common.c.obj
[937/1044] Building C object esp-idf/esp_lcd/CMakeFiles/__idf_esp_lcd.dir/src/esp_lcd_panel_io.c.obj
[938/1044] Linking C static library esp-idf/xtensa/libxtensa.a
[939/1044] Building C object esp-idf/esp_hid/CMakeFiles/__idf_esp_hid.dir/src/esp_hidh.c.obj
[940/1044] Building C object esp-idf/protobuf-c/CMakeFiles/__idf_protobuf-c.dir/protobuf-c/protobuf-c/protobuf-c.c.obj
[941/1044] Linking C static library esp-idf/unity/libunity.a
[942/1044] Linking C static library esp-idf/protobuf-c/libprotobuf-c.a
[943/1044] Building C object esp-idf/esp_driver_cam/CMakeFiles/__idf_esp_driver_cam.dir/dvp/src/esp_cam_ctlr_dvp_cam.c.obj
[944/1044] Building C object esp-idf/esp_lcd/CMakeFiles/__idf_esp_lcd.dir/src/esp_lcd_panel_ops.c.obj
[945/1044] Building C object esp-idf/esp_eth/CMakeFiles/__idf_esp_eth.dir/src/esp_eth.c.obj
[946/1044] Linking C static library esp-idf/esp_https_server/libesp_https_server.a
[947/1044] Building C object esp-idf/esp_lcd/CMakeFiles/__idf_esp_lcd.dir/i2c/esp_lcd_panel_io_i2c_v2.c.obj
[948/1044] Building C object esp-idf/esp_lcd/CMakeFiles/__idf_esp_lcd.dir/src/esp_lcd_panel_nt35510.c.obj
[949/1044] Building C object esp-idf/esp_lcd/CMakeFiles/__idf_esp_lcd.dir/i2c/esp_lcd_panel_io_i2c_v1.c.obj
[950/1044] Building CXX object esp-idf/wear_levelling/CMakeFiles/__idf_wear_levelling.dir/WL_Flash.cpp.obj
[951/1044] Building C object esp-idf/esp_lcd/CMakeFiles/__idf_esp_lcd.dir/src/esp_lcd_panel_ssd1306.c.obj
[952/1044] Building C object esp-idf/json/CMakeFiles/__idf_json.dir/cJSON/cJSON.c.obj
[953/1044] Building C object esp-idf/esp_eth/CMakeFiles/__idf_esp_eth.dir/src/phy/esp_eth_phy_802_3.c.obj
[954/1044] Building C object esp-idf/esp_lcd/CMakeFiles/__idf_esp_lcd.dir/src/esp_lcd_panel_st7789.c.obj
[955/1044] Linking C static library esp-idf/console/libconsole.a
[956/1044] Building C object esp-idf/esp_driver_touch_sens/CMakeFiles/__idf_esp_driver_touch_sens.dir/hw_ver2/touch_version_specific.c.obj
[957/1044] Building C object esp-idf/espcoredump/CMakeFiles/__idf_espcoredump.dir/src/core_dump_init.c.obj
[958/1044] Building C object esp-idf/espcoredump/CMakeFiles/__idf_espcoredump.dir/src/core_dump_common.c.obj
[959/1044] Building C object esp-idf/espcoredump/CMakeFiles/__idf_espcoredump.dir/src/core_dump_flash.c.obj
[960/1044] Building C object esp-idf/espcoredump/CMakeFiles/__idf_espcoredump.dir/src/core_dump_uart.c.obj
[961/1044] Building C object esp-idf/espcoredump/CMakeFiles/__idf_espcoredump.dir/src/port/xtensa/core_dump_port.c.obj
[962/1044] Building C object esp-idf/espcoredump/CMakeFiles/__idf_espcoredump.dir/src/core_dump_elf.c.obj
[832/1044] Generating ../../x509_crt_bundle.S
[963/1044] Building C object esp-idf/espcoredump/CMakeFiles/__idf_espcoredump.dir/src/core_dump_sha.c.obj
[964/1044] Linking C static library esp-idf/wear_levelling/libwear_levelling.a
[965/1044] Building C object esp-idf/esp_driver_touch_sens/CMakeFiles/__idf_esp_driver_touch_sens.dir/common/touch_sens_common.c.obj
[966/1044] Linking C static library esp-idf/protocomm/libprotocomm.a
[833/1044] Building C object esp-idf/esp_security/CMakeFiles/__idf_esp_security.dir/src/esp_crypto_lock.c.obj
[967/1044] Linking C static library esp-idf/json/libjson.a
[834/1044] Building ASM object esp-idf/mbedtls/CMakeFiles/__idf_mbedtls.dir/__/__/x509_crt_bundle.S.obj
[968/1044] Building C object esp-idf/esp_local_ctrl/CMakeFiles/__idf_esp_local_ctrl.dir/src/esp_local_ctrl_transport_httpd.c.obj
[835/1044] Building C object esp-idf/esp_pm/CMakeFiles/__idf_esp_pm.dir/pm_trace.c.obj
[969/1044] Building C object esp-idf/fatfs/CMakeFiles/__idf_fatfs.dir/port/freertos/ffsystem.c.obj
[970/1044] Building C object esp-idf/esp_local_ctrl/CMakeFiles/__idf_esp_local_ctrl.dir/proto-c/esp_local_ctrl.pb-c.c.obj
[971/1044] Building C object esp-idf/fatfs/CMakeFiles/__idf_fatfs.dir/diskio/diskio_rawflash.c.obj
[972/1044] Building C object esp-idf/esp_local_ctrl/CMakeFiles/__idf_esp_local_ctrl.dir/src/esp_local_ctrl_handler.c.obj
[836/1044] Building C object esp-idf/esp_pm/CMakeFiles/__idf_esp_pm.dir/pm_locks.c.obj
[837/1044] Building C object esp-idf/esp_driver_gpio/CMakeFiles/__idf_esp_driver_gpio.dir/src/gpio_glitch_filter_ops.c.obj
[973/1044] Building C object esp-idf/fatfs/CMakeFiles/__idf_fatfs.dir/src/ffunicode.c.obj
[838/1044] Building C object esp-idf/efuse/CMakeFiles/__idf_efuse.dir/esp32s3/esp_efuse_table.c.obj
[974/1044] Building C object esp-idf/fatfs/CMakeFiles/__idf_fatfs.dir/diskio/diskio_wl.c.obj
[839/1044] Building C object esp-idf/efuse/CMakeFiles/__idf_efuse.dir/esp32s3/esp_efuse_fields.c.obj
[840/1044] Building C object esp-idf/esp_security/CMakeFiles/__idf_esp_security.dir/src/init.c.obj
[975/1044] Building C object esp-idf/fatfs/CMakeFiles/__idf_fatfs.dir/diskio/diskio.c.obj
[841/1044] Building C object esp-idf/esp_security/CMakeFiles/__idf_esp_security.dir/src/esp_hmac.c.obj
[842/1044] Building C object esp-idf/esp_security/CMakeFiles/__idf_esp_security.dir/src/esp_crypto_periph_clk.c.obj
[976/1044] Building C object esp-idf/esp_lcd/CMakeFiles/__idf_esp_lcd.dir/spi/esp_lcd_panel_io_spi.c.obj
[977/1044] Building C object esp-idf/fatfs/CMakeFiles/__idf_fatfs.dir/diskio/diskio_sdmmc.c.obj
[978/1044] Building C object esp-idf/esp_local_ctrl/CMakeFiles/__idf_esp_local_ctrl.dir/src/esp_local_ctrl.c.obj
[843/1044] Building C object esp-idf/esp_driver_gpio/CMakeFiles/__idf_esp_driver_gpio.dir/src/gpio_pin_glitch_filter.c.obj
[844/1044] Building C object esp-idf/efuse/CMakeFiles/__idf_efuse.dir/esp32s3/esp_efuse_rtc_calib.c.obj
[979/1044] Building C object esp-idf/perfmon/CMakeFiles/__idf_perfmon.dir/xtensa_perfmon_masks.c.obj
[845/1044] Building C object esp-idf/mbedtls/CMakeFiles/__idf_mbedtls.dir/esp_crt_bundle/esp_crt_bundle.c.obj
[980/1044] Building C object esp-idf/perfmon/CMakeFiles/__idf_perfmon.dir/xtensa_perfmon_access.c.obj
[981/1044] Building C object esp-idf/mqtt/CMakeFiles/__idf_mqtt.dir/esp-mqtt/lib/mqtt_outbox.c.obj
[846/1044] Building C object esp-idf/app_update/CMakeFiles/__idf_app_update.dir/esp_ota_app_desc.c.obj
[982/1044] Building C object esp-idf/fatfs/CMakeFiles/__idf_fatfs.dir/vfs/vfs_fat_sdmmc.c.obj
[983/1044] Building C object esp-idf/mqtt/CMakeFiles/__idf_mqtt.dir/esp-mqtt/lib/platform_esp32_idf.c.obj
[847/1044] Building C object esp-idf/esp_driver_gpio/CMakeFiles/__idf_esp_driver_gpio.dir/src/dedic_gpio.c.obj
[848/1044] Building C object esp-idf/efuse/CMakeFiles/__idf_efuse.dir/src/esp_efuse_fields.c.obj
[849/1044] Building C object esp-idf/efuse/CMakeFiles/__idf_efuse.dir/src/esp_efuse_startup.c.obj
[850/1044] Building C object esp-idf/esp_bootloader_format/CMakeFiles/__idf_esp_bootloader_format.dir/esp_bootloader_desc.c.obj
[851/1044] Building C object esp-idf/esp_partition/CMakeFiles/__idf_esp_partition.dir/partition_target.c.obj
[852/1044] Linking C static library esp-idf/mbedtls/libmbedtls.a
[984/1044] Building C object esp-idf/perfmon/CMakeFiles/__idf_perfmon.dir/xtensa_perfmon_apis.c.obj
[853/1044] Building C object esp-idf/xtensa/CMakeFiles/__idf_xtensa.dir/eri.c.obj
[985/1044] Building C object esp-idf/nvs_sec_provider/CMakeFiles/__idf_nvs_sec_provider.dir/nvs_sec_provider.c.obj
[854/1044] Building C object esp-idf/esp_security/CMakeFiles/__idf_esp_security.dir/src/esp_ds.c.obj
[855/1044] Building C object esp-idf/efuse/CMakeFiles/__idf_efuse.dir/esp32s3/esp_efuse_utility.c.obj
[986/1044] Building C object esp-idf/rt/CMakeFiles/__idf_rt.dir/FreeRTOS_POSIX_mqueue.c.obj
[856/1044] Building ASM object esp-idf/xtensa/CMakeFiles/__idf_xtensa.dir/xtensa_context.S.obj
[857/1044] Building ASM object esp-idf/xtensa/CMakeFiles/__idf_xtensa.dir/xtensa_vectors.S.obj
[987/1044] Building C object esp-idf/spiffs/CMakeFiles/__idf_spiffs.dir/spiffs/src/spiffs_cache.c.obj
[858/1044] Building C object esp-idf/efuse/CMakeFiles/__idf_efuse.dir/src/efuse_controller/keys/with_key_purposes/esp_efuse_api_key.c.obj
[859/1044] Building C object esp-idf/esp_app_format/CMakeFiles/__idf_esp_app_format.dir/esp_app_desc.c.obj
[860/1044] Building ASM object esp-idf/xtensa/CMakeFiles/__idf_xtensa.dir/xtensa_intr_asm.S.obj
[988/1044] Building C object esp-idf/rt/CMakeFiles/__idf_rt.dir/FreeRTOS_POSIX_utils.c.obj
[989/1044] Building C object esp-idf/spiffs/CMakeFiles/__idf_spiffs.dir/spiffs_api.c.obj
[861/1044] Building C object esp-idf/xtensa/CMakeFiles/__idf_xtensa.dir/xt_trax.c.obj
[862/1044] Building C object esp-idf/esp_driver_gpio/CMakeFiles/__idf_esp_driver_gpio.dir/src/rtc_io.c.obj
[863/1044] Building C object esp-idf/console/CMakeFiles/__idf_console.dir/split_argv.c.obj
[864/1044] Building C object esp-idf/esp_pm/CMakeFiles/__idf_esp_pm.dir/pm_impl.c.obj
[990/1044] Building C object esp-idf/fatfs/CMakeFiles/__idf_fatfs.dir/vfs/vfs_fat_spiflash.c.obj
[865/1044] Building C object esp-idf/xtensa/CMakeFiles/__idf_xtensa.dir/xtensa_intr.c.obj
[866/1044] Building C object esp-idf/efuse/CMakeFiles/__idf_efuse.dir/src/esp_efuse_utility.c.obj
[991/1044] Building C object esp-idf/spiffs/CMakeFiles/__idf_spiffs.dir/spiffs/src/spiffs_gc.c.obj
[867/1044] Linking C static library esp-idf/esp_pm/libesp_pm.a
[868/1044] Building C object esp-idf/efuse/CMakeFiles/__idf_efuse.dir/src/esp_efuse_api.c.obj
[992/1044] Building C object esp-idf/esp_lcd/CMakeFiles/__idf_esp_lcd.dir/i80/esp_lcd_panel_io_i80.c.obj
[869/1044] Building C object esp-idf/esp_partition/CMakeFiles/__idf_esp_partition.dir/partition.c.obj
[870/1044] Building C object esp-idf/console/CMakeFiles/__idf_console.dir/argtable3/arg_end.c.obj
[871/1044] Building C object esp-idf/console/CMakeFiles/__idf_console.dir/argtable3/arg_cmd.c.obj
[872/1044] Building C object esp-idf/console/CMakeFiles/__idf_console.dir/esp_console_repl_internal.c.obj
[873/1044] Building C object esp-idf/console/CMakeFiles/__idf_console.dir/argtable3/arg_dbl.c.obj
[874/1044] Building C object esp-idf/console/CMakeFiles/__idf_console.dir/argtable3/arg_dstr.c.obj
[875/1044] Building C object esp-idf/console/CMakeFiles/__idf_console.dir/commands.c.obj
[993/1044] Building C object esp-idf/mqtt/CMakeFiles/__idf_mqtt.dir/esp-mqtt/lib/mqtt_msg.c.obj
[876/1044] Building C object esp-idf/console/CMakeFiles/__idf_console.dir/argtable3/arg_rem.c.obj
[877/1044] Building C object esp-idf/console/CMakeFiles/__idf_console.dir/argtable3/arg_hashtable.c.obj
[878/1044] Building C object esp-idf/console/CMakeFiles/__idf_console.dir/argtable3/arg_lit.c.obj
[879/1044] Building C object esp-idf/console/CMakeFiles/__idf_console.dir/argtable3/arg_int.c.obj
[880/1044] Building C object esp-idf/console/CMakeFiles/__idf_console.dir/argtable3/arg_file.c.obj
[881/1044] Building C object esp-idf/console/CMakeFiles/__idf_console.dir/esp_console_common.c.obj
[994/1044] Building C object esp-idf/usb/CMakeFiles/__idf_usb.dir/usb_private.c.obj
[995/1044] Building C object esp-idf/spiffs/CMakeFiles/__idf_spiffs.dir/spiffs/src/spiffs_hydrogen.c.obj
[882/1044] Building C object esp-idf/console/CMakeFiles/__idf_console.dir/argtable3/arg_date.c.obj
[996/1044] Building C object esp-idf/fatfs/CMakeFiles/__idf_fatfs.dir/vfs/vfs_fat.c.obj
[883/1044] Building C object esp-idf/esp_driver_gpio/CMakeFiles/__idf_esp_driver_gpio.dir/src/gpio.c.obj
[997/1044] Building C object esp-idf/touch_element/CMakeFiles/__idf_touch_element.dir/touch_button.c.obj
[884/1044] Building C object esp-idf/console/CMakeFiles/__idf_console.dir/esp_console_repl_chip.c.obj
[998/1044] Building C object esp-idf/touch_element/CMakeFiles/__idf_touch_element.dir/touch_slider.c.obj
[885/1044] Building C object esp-idf/console/CMakeFiles/__idf_console.dir/argtable3/arg_utils.c.obj
[999/1044] Building C object esp-idf/esp_lcd/CMakeFiles/__idf_esp_lcd.dir/rgb/esp_lcd_panel_rgb.c.obj
[886/1044] Building C object esp-idf/console/CMakeFiles/__idf_console.dir/argtable3/arg_str.c.obj
[1000/1044] Building C object esp-idf/touch_element/CMakeFiles/__idf_touch_element.dir/touch_matrix.c.obj
[1001/1044] Building C object esp-idf/spiffs/CMakeFiles/__idf_spiffs.dir/esp_spiffs.c.obj
[887/1044] Building C object esp-idf/app_update/CMakeFiles/__idf_app_update.dir/esp_ota_ops.c.obj
[888/1044] Building C object esp-idf/unity/CMakeFiles/__idf_unity.dir/unity_compat.c.obj
[889/1044] Linking C static library esp-idf/esp_driver_gpio/libesp_driver_gpio.a
[890/1044] Building C object esp-idf/unity/CMakeFiles/__idf_unity.dir/unity_utils_memory.c.obj
[891/1044] Building C object esp-idf/unity/CMakeFiles/__idf_unity.dir/unity_utils_cache.c.obj
[1002/1044] Building C object esp-idf/usb/CMakeFiles/__idf_usb.dir/hub.c.obj
[892/1044] Building C object esp-idf/unity/CMakeFiles/__idf_unity.dir/unity_runner.c.obj
[893/1044] Building C object esp-idf/unity/CMakeFiles/__idf_unity.dir/unity_utils_freertos.c.obj
[894/1044] Building C object esp-idf/unity/CMakeFiles/__idf_unity.dir/unity_port_esp32.c.obj
[895/1044] Building C object esp-idf/protocomm/CMakeFiles/__idf_protocomm.dir/proto-c/constants.pb-c.c.obj
[896/1044] Linking C static library esp-idf/esp_security/libesp_security.a
[1003/1044] Building C object esp-idf/usb/CMakeFiles/__idf_usb.dir/usb_helpers.c.obj
[1004/1044] Building C object esp-idf/wifi_provisioning/CMakeFiles/__idf_wifi_provisioning.dir/src/wifi_ctrl.c.obj
[897/1044] Building C object esp-idf/console/CMakeFiles/__idf_console.dir/argtable3/argtable3.c.obj
[898/1044] Building C object esp-idf/unity/CMakeFiles/__idf_unity.dir/port/esp/unity_utils_memory_esp.c.obj
[899/1044] Building C object esp-idf/protocomm/CMakeFiles/__idf_protocomm.dir/proto-c/sec0.pb-c.c.obj
[900/1044] Building C object esp-idf/console/CMakeFiles/__idf_console.dir/argtable3/arg_rex.c.obj
[901/1044] Building C object esp-idf/protocomm/CMakeFiles/__idf_protocomm.dir/proto-c/session.pb-c.c.obj
[1005/1044] Building C object esp-idf/spiffs/CMakeFiles/__idf_spiffs.dir/spiffs/src/spiffs_check.c.obj
[1006/1044] Building C object esp-idf/touch_element/CMakeFiles/__idf_touch_element.dir/touch_element.c.obj
[1007/1044] Building C object esp-idf/usb/CMakeFiles/__idf_usb.dir/enum.c.obj
[1008/1044] Building C object esp-idf/wifi_provisioning/CMakeFiles/__idf_wifi_provisioning.dir/src/wifi_config.c.obj
[902/1044] Linking C static library esp-idf/efuse/libefuse.a
[1009/1044] Linking C static library esp-idf/cmock/libcmock.a
[903/1044] Building C object esp-idf/protocomm/CMakeFiles/__idf_protocomm.dir/src/transports/protocomm_console.c.obj
[1010/1044] Building C object esp-idf/wifi_provisioning/CMakeFiles/__idf_wifi_provisioning.dir/proto-c/wifi_config.pb-c.c.obj
[1011/1044] Building C object esp-idf/wifi_provisioning/CMakeFiles/__idf_wifi_provisioning.dir/src/wifi_scan.c.obj
[904/1044] Building C object esp-idf/esp_https_server/CMakeFiles/__idf_esp_https_server.dir/src/https_server.c.obj
[1012/1044] Linking C static library esp-idf/app_trace/libapp_trace.a
[905/1044] Building C object esp-idf/console/CMakeFiles/__idf_console.dir/linenoise/linenoise.c.obj
[1013/1044] Linking C static library esp-idf/esp_driver_cam/libesp_driver_cam.a
[906/1044] Building C object esp-idf/protocomm/CMakeFiles/__idf_protocomm.dir/src/common/protocomm.c.obj
[907/1044] Linking C static library esp-idf/esp_partition/libesp_partition.a
[1014/1044] Linking C static library esp-idf/esp_driver_touch_sens/libesp_driver_touch_sens.a
[1015/1044] Linking C static library esp-idf/esp_eth/libesp_eth.a
[908/1044] Building C object esp-idf/protocomm/CMakeFiles/__idf_protocomm.dir/proto-c/sec1.pb-c.c.obj
[909/1044] Building C object esp-idf/protocomm/CMakeFiles/__idf_protocomm.dir/src/crypto/srp6a/esp_srp.c.obj
[1016/1044] Linking C static library esp-idf/esp_hid/libesp_hid.a
[1017/1044] Building C object esp-idf/wifi_provisioning/CMakeFiles/__idf_wifi_provisioning.dir/proto-c/wifi_ctrl.pb-c.c.obj
[1018/1044] Building C object esp-idf/wifi_provisioning/CMakeFiles/__idf_wifi_provisioning.dir/proto-c/wifi_constants.pb-c.c.obj
[910/1044] Building C object esp-idf/protocomm/CMakeFiles/__idf_protocomm.dir/src/crypto/srp6a/esp_srp_mpi.c.obj
[911/1044] Building CXX object esp-idf/wear_levelling/CMakeFiles/__idf_wear_levelling.dir/crc32.cpp.obj
[912/1044] Building C object esp-idf/protocomm/CMakeFiles/__idf_protocomm.dir/src/transports/protocomm_httpd.c.obj
[1019/1044] Linking C static library esp-idf/esp_lcd/libesp_lcd.a
[1020/1044] Linking C static library esp-idf/esp_local_ctrl/libesp_local_ctrl.a
[1021/1044] Building C object esp-idf/wifi_provisioning/CMakeFiles/__idf_wifi_provisioning.dir/proto-c/wifi_scan.pb-c.c.obj
[913/1044] Building CXX object esp-idf/wear_levelling/CMakeFiles/__idf_wear_levelling.dir/WL_Ext_Perf.cpp.obj
[914/1044] Building CXX object esp-idf/wear_levelling/CMakeFiles/__idf_wear_levelling.dir/Partition.cpp.obj
[915/1044] Linking C static library esp-idf/app_update/libapp_update.a
[916/1044] Building CXX object esp-idf/wear_levelling/CMakeFiles/__idf_wear_levelling.dir/WL_Ext_Safe.cpp.obj
[917/1044] Building C object esp-idf/protocomm/CMakeFiles/__idf_protocomm.dir/proto-c/sec2.pb-c.c.obj
[1022/1044] Linking C static library esp-idf/nvs_sec_provider/libnvs_sec_provider.a
[1023/1044] Linking C static library esp-idf/rt/librt.a
[1024/1044] Building C object esp-idf/wifi_provisioning/CMakeFiles/__idf_wifi_provisioning.dir/src/scheme_console.c.obj
[1025/1044] Linking C static library esp-idf/espcoredump/libespcoredump.a
[1026/1044] Linking C static library esp-idf/perfmon/libperfmon.a
[1027/1044] Linking C static library esp-idf/touch_element/libtouch_element.a
[918/1044] Linking C static library esp-idf/esp_bootloader_format/libesp_bootloader_format.a
[919/1044] Building CXX object esp-idf/wear_levelling/CMakeFiles/__idf_wear_levelling.dir/SPI_Flash.cpp.obj
[1028/1044] Building C object esp-idf/wifi_provisioning/CMakeFiles/__idf_wifi_provisioning.dir/src/handlers.c.obj
[920/1044] Linking C static library esp-idf/esp_app_format/libesp_app_format.a
[921/1044] Building C object esp-idf/protocomm/CMakeFiles/__idf_protocomm.dir/src/security/security2.c.obj
[922/1044] Building C object esp-idf/app_trace/CMakeFiles/__idf_app_trace.dir/port/port_uart.c.obj
[1029/1044] Building C object esp-idf/fatfs/CMakeFiles/__idf_fatfs.dir/src/ff.c.obj
[923/1044] Building C object esp-idf/unity/CMakeFiles/__idf_unity.dir/unity/src/unity.c.obj
[924/1044] Building C object esp-idf/app_trace/CMakeFiles/__idf_app_trace.dir/app_trace_util.c.obj
[1030/1044] Building C object esp-idf/main/CMakeFiles/__idf_main.dir/main.c.obj
[925/1044] Building C object esp-idf/cmock/CMakeFiles/__idf_cmock.dir/CMock/src/cmock.c.obj
[926/1044] Linking C static library esp-idf/xtensa/libxtensa.a
[927/1044] Building C object esp-idf/app_trace/CMakeFiles/__idf_app_trace.dir/host_file_io.c.obj
[928/1044] Building C object esp-idf/esp_driver_cam/CMakeFiles/__idf_esp_driver_cam.dir/dvp_share_ctrl.c.obj
[929/1044] Building CXX object esp-idf/wear_levelling/CMakeFiles/__idf_wear_levelling.dir/wear_levelling.cpp.obj
[1031/1044] Building C object esp-idf/usb/CMakeFiles/__idf_usb.dir/hcd_dwc.c.obj
[1032/1044] Building C object esp-idf/wifi_provisioning/CMakeFiles/__idf_wifi_provisioning.dir/src/scheme_softap.c.obj
[930/1044] Building C object esp-idf/esp_driver_cam/CMakeFiles/__idf_esp_driver_cam.dir/dvp/src/esp_cam_ctlr_dvp_gdma.c.obj
[931/1044] Building C object esp-idf/json/CMakeFiles/__idf_json.dir/cJSON/cJSON_Utils.c.obj
[1033/1044] Linking C static library esp-idf/fatfs/libfatfs.a
[932/1044] Linking C static library esp-idf/unity/libunity.a
[933/1044] Linking C static library esp-idf/esp_https_server/libesp_https_server.a
[1034/1044] Building C object esp-idf/usb/CMakeFiles/__idf_usb.dir/usb_host.c.obj
[934/1044] Building C object esp-idf/esp_driver_cam/CMakeFiles/__idf_esp_driver_cam.dir/esp_cam_ctlr.c.obj
[935/1044] Linking C static library esp-idf/console/libconsole.a
[936/1044] Building C object esp-idf/app_trace/CMakeFiles/__idf_app_trace.dir/app_trace.c.obj
[937/1044] Building CXX object esp-idf/wear_levelling/CMakeFiles/__idf_wear_levelling.dir/WL_Flash.cpp.obj
[1035/1044] Building C object esp-idf/spiffs/CMakeFiles/__idf_spiffs.dir/spiffs/src/spiffs_nucleus.c.obj
[938/1044] Building C object esp-idf/esp_eth/CMakeFiles/__idf_esp_eth.dir/src/esp_eth_netif_glue.c.obj
[939/1044] Building C object esp-idf/esp_hid/CMakeFiles/__idf_esp_hid.dir/src/esp_hidd.c.obj
[1036/1044] Building C object esp-idf/mqtt/CMakeFiles/__idf_mqtt.dir/esp-mqtt/mqtt_client.c.obj
[940/1044] Building C object esp-idf/esp_hid/CMakeFiles/__idf_esp_hid.dir/src/esp_hid_common.c.obj
[1037/1044] Building C object esp-idf/usb/CMakeFiles/__idf_usb.dir/usbh.c.obj
[1038/1044] Linking C static library esp-idf/spiffs/libspiffs.a
[941/1044] Building C object esp-idf/esp_lcd/CMakeFiles/__idf_esp_lcd.dir/src/esp_lcd_panel_io.c.obj
[942/1044] Building C object esp-idf/esp_driver_touch_sens/CMakeFiles/__idf_esp_driver_touch_sens.dir/common/touch_sens_common.c.obj
[1039/1044] Linking C static library esp-idf/mqtt/libmqtt.a
[943/1044] Building C object esp-idf/esp_lcd/CMakeFiles/__idf_esp_lcd.dir/src/esp_lcd_common.c.obj
[1040/1044] Linking C static library esp-idf/usb/libusb.a
[944/1044] Building C object esp-idf/esp_driver_cam/CMakeFiles/__idf_esp_driver_cam.dir/dvp/src/esp_cam_ctlr_dvp_cam.c.obj
[1041/1044] Building C object esp-idf/wifi_provisioning/CMakeFiles/__idf_wifi_provisioning.dir/src/manager.c.obj
[945/1044] Building C object esp-idf/esp_lcd/CMakeFiles/__idf_esp_lcd.dir/src/esp_lcd_panel_st7789.c.obj
[946/1044] Building C object esp-idf/esp_lcd/CMakeFiles/__idf_esp_lcd.dir/src/esp_lcd_panel_ops.c.obj
[947/1044] Building C object esp-idf/esp_lcd/CMakeFiles/__idf_esp_lcd.dir/src/esp_lcd_panel_nt35510.c.obj
[1042/1044] Linking C static library esp-idf/wifi_provisioning/libwifi_provisioning.a
[948/1044] Building C object esp-idf/esp_lcd/CMakeFiles/__idf_esp_lcd.dir/i2c/esp_lcd_panel_io_i2c_v1.c.obj
[949/1044] Building C object esp-idf/esp_driver_touch_sens/CMakeFiles/__idf_esp_driver_touch_sens.dir/hw_ver2/touch_version_specific.c.obj
[950/1044] Building C object esp-idf/protobuf-c/CMakeFiles/__idf_protobuf-c.dir/protobuf-c/protobuf-c/protobuf-c.c.obj
[951/1044] Building C object esp-idf/espcoredump/CMakeFiles/__idf_espcoredump.dir/src/core_dump_init.c.obj
[1043/1044] Linking C static library esp-idf/main/libmain.a
[952/1044] Building C object esp-idf/espcoredump/CMakeFiles/__idf_espcoredump.dir/src/core_dump_flash.c.obj
[953/1044] Building C object esp-idf/espcoredump/CMakeFiles/__idf_espcoredump.dir/src/core_dump_uart.c.obj
[954/1044] Building C object esp-idf/esp_lcd/CMakeFiles/__idf_esp_lcd.dir/src/esp_lcd_panel_ssd1306.c.obj
[955/1044] Building C object esp-idf/espcoredump/CMakeFiles/__idf_espcoredump.dir/src/core_dump_common.c.obj
[956/1044] Building C object esp-idf/espcoredump/CMakeFiles/__idf_espcoredump.dir/src/core_dump_elf.c.obj
[957/1044] Building C object esp-idf/esp_lcd/CMakeFiles/__idf_esp_lcd.dir/i2c/esp_lcd_panel_io_i2c_v2.c.obj
[958/1044] Linking C static library esp-idf/protobuf-c/libprotobuf-c.a
[959/1044] Building C object esp-idf/esp_hid/CMakeFiles/__idf_esp_hid.dir/src/esp_hidh.c.obj
[960/1044] Building C object esp-idf/espcoredump/CMakeFiles/__idf_espcoredump.dir/src/core_dump_sha.c.obj
[1044/1044] Build ELF: printenv.app.elf
[961/1044] Building C object esp-idf/json/CMakeFiles/__idf_json.dir/cJSON/cJSON.c.obj
[962/1044] Building C object esp-idf/espcoredump/CMakeFiles/__idf_espcoredump.dir/src/port/xtensa/core_dump_port.c.obj
[963/1044] Linking C static library esp-idf/wear_levelling/libwear_levelling.a
[964/1044] Linking C static library esp-idf/protocomm/libprotocomm.a
[965/1044] Building C object esp-idf/esp_eth/CMakeFiles/__idf_esp_eth.dir/src/esp_eth.c.obj
[966/1044] Building C object esp-idf/esp_eth/CMakeFiles/__idf_esp_eth.dir/src/phy/esp_eth_phy_802_3.c.obj
[967/1044] Building C object esp-idf/esp_local_ctrl/CMakeFiles/__idf_esp_local_ctrl.dir/src/esp_local_ctrl_handler.c.obj
[968/1044] Building C object esp-idf/esp_lcd/CMakeFiles/__idf_esp_lcd.dir/spi/esp_lcd_panel_io_spi.c.obj
[969/1044] Building C object esp-idf/esp_local_ctrl/CMakeFiles/__idf_esp_local_ctrl.dir/proto-c/esp_local_ctrl.pb-c.c.obj
[970/1044] Building C object esp-idf/esp_local_ctrl/CMakeFiles/__idf_esp_local_ctrl.dir/src/esp_local_ctrl.c.obj
[971/1044] Linking C static library esp-idf/json/libjson.a
[972/1044] Building C object esp-idf/esp_local_ctrl/CMakeFiles/__idf_esp_local_ctrl.dir/src/esp_local_ctrl_transport_httpd.c.obj
[973/1044] Building C object esp-idf/fatfs/CMakeFiles/__idf_fatfs.dir/diskio/diskio_wl.c.obj
[974/1044] Building C object esp-idf/fatfs/CMakeFiles/__idf_fatfs.dir/diskio/diskio_rawflash.c.obj
[975/1044] Building C object esp-idf/fatfs/CMakeFiles/__idf_fatfs.dir/diskio/diskio.c.obj
[976/1044] Building C object esp-idf/fatfs/CMakeFiles/__idf_fatfs.dir/src/ffunicode.c.obj
[977/1044] Building C object esp-idf/fatfs/CMakeFiles/__idf_fatfs.dir/diskio/diskio_sdmmc.c.obj
[978/1044] Building C object esp-idf/fatfs/CMakeFiles/__idf_fatfs.dir/port/freertos/ffsystem.c.obj
[979/1044] Building C object esp-idf/perfmon/CMakeFiles/__idf_perfmon.dir/xtensa_perfmon_masks.c.obj
[980/1044] Building C object esp-idf/mqtt/CMakeFiles/__idf_mqtt.dir/esp-mqtt/lib/platform_esp32_idf.c.obj
[981/1044] Building C object esp-idf/perfmon/CMakeFiles/__idf_perfmon.dir/xtensa_perfmon_apis.c.obj
[982/1044] Building C object esp-idf/perfmon/CMakeFiles/__idf_perfmon.dir/xtensa_perfmon_access.c.obj
[983/1044] Building C object esp-idf/mqtt/CMakeFiles/__idf_mqtt.dir/esp-mqtt/lib/mqtt_outbox.c.obj
[984/1044] Building C object esp-idf/nvs_sec_provider/CMakeFiles/__idf_nvs_sec_provider.dir/nvs_sec_provider.c.obj
[985/1044] Building C object esp-idf/esp_lcd/CMakeFiles/__idf_esp_lcd.dir/i80/esp_lcd_panel_io_i80.c.obj
[986/1044] Building C object esp-idf/fatfs/CMakeFiles/__idf_fatfs.dir/vfs/vfs_fat_spiflash.c.obj
[987/1044] Building C object esp-idf/mqtt/CMakeFiles/__idf_mqtt.dir/esp-mqtt/lib/mqtt_msg.c.obj
[988/1044] Building C object esp-idf/fatfs/CMakeFiles/__idf_fatfs.dir/vfs/vfs_fat_sdmmc.c.obj
[989/1044] Building C object esp-idf/rt/CMakeFiles/__idf_rt.dir/FreeRTOS_POSIX_utils.c.obj
[990/1044] Building C object esp-idf/spiffs/CMakeFiles/__idf_spiffs.dir/spiffs_api.c.obj
[991/1044] Building C object esp-idf/spiffs/CMakeFiles/__idf_spiffs.dir/spiffs/src/spiffs_cache.c.obj
Applet printenv OK -> /home/tikhon/Документы/magnolia/rootfs/bin/printenv
[992/1044] Building C object esp-idf/rt/CMakeFiles/__idf_rt.dir/FreeRTOS_POSIX_mqueue.c.obj
[993/1044] Building C object esp-idf/spiffs/CMakeFiles/__idf_spiffs.dir/spiffs/src/spiffs_gc.c.obj
[994/1044] Building C object esp-idf/fatfs/CMakeFiles/__idf_fatfs.dir/vfs/vfs_fat.c.obj
[995/1044] Building C object esp-idf/usb/CMakeFiles/__idf_usb.dir/usb_private.c.obj
[996/1044] Building C object esp-idf/esp_lcd/CMakeFiles/__idf_esp_lcd.dir/rgb/esp_lcd_panel_rgb.c.obj
[997/1044] Building C object esp-idf/touch_element/CMakeFiles/__idf_touch_element.dir/touch_button.c.obj
[998/1044] Building C object esp-idf/spiffs/CMakeFiles/__idf_spiffs.dir/spiffs/src/spiffs_check.c.obj
[999/1044] Building C object esp-idf/usb/CMakeFiles/__idf_usb.dir/usb_helpers.c.obj
[1000/1044] Building C object esp-idf/touch_element/CMakeFiles/__idf_touch_element.dir/touch_slider.c.obj
[1001/1044] Building C object esp-idf/touch_element/CMakeFiles/__idf_touch_element.dir/touch_matrix.c.obj
[1002/1044] Building C object esp-idf/fatfs/CMakeFiles/__idf_fatfs.dir/src/ff.c.obj
[1003/1044] Building C object esp-idf/usb/CMakeFiles/__idf_usb.dir/enum.c.obj
[1004/1044] Building C object esp-idf/wifi_provisioning/CMakeFiles/__idf_wifi_provisioning.dir/src/wifi_ctrl.c.obj
[1005/1044] Building C object esp-idf/spiffs/CMakeFiles/__idf_spiffs.dir/esp_spiffs.c.obj
[1006/1044] Building C object esp-idf/wifi_provisioning/CMakeFiles/__idf_wifi_provisioning.dir/src/wifi_config.c.obj
[1007/1044] Building C object esp-idf/usb/CMakeFiles/__idf_usb.dir/hub.c.obj
[1008/1044] Linking C static library esp-idf/cmock/libcmock.a
[1009/1044] Building C object esp-idf/wifi_provisioning/CMakeFiles/__idf_wifi_provisioning.dir/src/scheme_console.c.obj
[1010/1044] Building C object esp-idf/spiffs/CMakeFiles/__idf_spiffs.dir/spiffs/src/spiffs_hydrogen.c.obj
[1011/1044] Building C object esp-idf/touch_element/CMakeFiles/__idf_touch_element.dir/touch_element.c.obj
[1012/1044] Linking C static library esp-idf/app_trace/libapp_trace.a
[1013/1044] Building C object esp-idf/wifi_provisioning/CMakeFiles/__idf_wifi_provisioning.dir/src/handlers.c.obj
[1014/1044] Building C object esp-idf/wifi_provisioning/CMakeFiles/__idf_wifi_provisioning.dir/proto-c/wifi_constants.pb-c.c.obj
[1015/1044] Building C object esp-idf/wifi_provisioning/CMakeFiles/__idf_wifi_provisioning.dir/proto-c/wifi_config.pb-c.c.obj
[1016/1044] Linking C static library esp-idf/esp_driver_touch_sens/libesp_driver_touch_sens.a
[1017/1044] Linking C static library esp-idf/esp_driver_cam/libesp_driver_cam.a
[1018/1044] Building C object esp-idf/wifi_provisioning/CMakeFiles/__idf_wifi_provisioning.dir/proto-c/wifi_ctrl.pb-c.c.obj
[1019/1044] Linking C static library esp-idf/esp_eth/libesp_eth.a
[1020/1044] Linking C static library esp-idf/esp_hid/libesp_hid.a
[1021/1044] Linking C static library esp-idf/nvs_sec_provider/libnvs_sec_provider.a
[1022/1044] Linking C static library esp-idf/espcoredump/libespcoredump.a
[1023/1044] Linking C static library esp-idf/perfmon/libperfmon.a
[1024/1044] Linking C static library esp-idf/fatfs/libfatfs.a
[1025/1044] Linking C static library esp-idf/esp_lcd/libesp_lcd.a
[1026/1044] Linking C static library esp-idf/rt/librt.a
[1027/1044] Linking C static library esp-idf/esp_local_ctrl/libesp_local_ctrl.a
[1028/1044] Building C object esp-idf/wifi_provisioning/CMakeFiles/__idf_wifi_provisioning.dir/src/wifi_scan.c.obj
[1029/1044] Linking C static library esp-idf/touch_element/libtouch_element.a
[1030/1044] Building C object esp-idf/wifi_provisioning/CMakeFiles/__idf_wifi_provisioning.dir/proto-c/wifi_scan.pb-c.c.obj
[1031/1044] Building C object esp-idf/wifi_provisioning/CMakeFiles/__idf_wifi_provisioning.dir/src/scheme_softap.c.obj
[1032/1044] Building C object esp-idf/spiffs/CMakeFiles/__idf_spiffs.dir/spiffs/src/spiffs_nucleus.c.obj
[1033/1044] Building C object esp-idf/usb/CMakeFiles/__idf_usb.dir/usb_host.c.obj
[1034/1044] Building C object esp-idf/usb/CMakeFiles/__idf_usb.dir/usbh.c.obj
[1035/1044] Linking C static library esp-idf/spiffs/libspiffs.a
[1036/1044] Building C object esp-idf/mqtt/CMakeFiles/__idf_mqtt.dir/esp-mqtt/mqtt_client.c.obj
[1037/1044] Building C object esp-idf/main/CMakeFiles/__idf_main.dir/main.c.obj
[1038/1044] Linking C static library esp-idf/mqtt/libmqtt.a
[1039/1044] Building C object esp-idf/usb/CMakeFiles/__idf_usb.dir/hcd_dwc.c.obj
[1040/1044] Linking C static library esp-idf/usb/libusb.a
[1041/1044] Building C object esp-idf/wifi_provisioning/CMakeFiles/__idf_wifi_provisioning.dir/src/manager.c.obj
[1042/1044] Linking C static library esp-idf/wifi_provisioning/libwifi_provisioning.a
[1043/1044] Linking C static library esp-idf/main/libmain.a
[1044/1044] Build ELF: rev.app.elf
Applet rev OK -> /home/tikhon/Документы/magnolia/rootfs/bin/rev
+ /home/tikhon/Документы/magnolia/build/littlefs_mkimage create /home/tikhon/Документы/magnolia/rootfs /home/tikhon/Документы/magnolia/build/vfs.bin --block-size=4096 --fs-size=2097152 --read-size=128 --prog-size=128 --cache-size=512 --lookahead-size=64
LittleFS image OK size=2097152 -> /home/tikhon/Документы/magnolia/build/vfs.bin
bash -lc 'source esp-idf/export.sh >/dev/null 2>&1 && python3 tools/applets.py build  '
Building applet basename -> basename ...
Building applet cat -> cat ...
Building applet cd -> cd ...
Building applet chmod -> chmod ...
Building applet chown -> chown ...
+ idf.py elf
+ idf.py elf
Building applet cksum -> cksum ...
Building applet comm -> comm ...
Building applet cp -> cp ...
+ idf.py elf
Building applet cmp -> cmp ...
+ idf.py elf
Building applet cut -> cut ...
Building applet dd -> dd ...
+ idf.py elf
Building applet df -> df ...
+ idf.py elf
+ idf.py elf
Building applet du -> du ...
Building applet dirname -> dirname ...
Building applet echo -> echo ...
+ idf.py elf
Building applet date -> date ...
+ idf.py elf
+ idf.py elf
+ idf.py elf
+ idf.py elf
+ idf.py elf
+ idf.py elf
+ idf.py elf
+ idf.py elf
Executing action: elf
Running ninja in directory /home/tikhon/Документы/magnolia/applets/mainline/chmod/build
Executing "ninja elf"...
[0/1] Re-running CMake...
Executing action: elf
Running ninja in directory /home/tikhon/Документы/magnolia/applets/mainline/cksum/build
Executing "ninja elf"...
[0/1] Re-running CMake...
Executing action: elf
Running ninja in directory /home/tikhon/Документы/magnolia/applets/mainline/chown/build
Executing "ninja elf"...
[0/1] Re-running CMake...
Executing action: elf
Running ninja in directory /home/tikhon/Документы/magnolia/applets/mainline/cut/build
Executing "ninja elf"...
[0/1] Re-running CMake...
Executing action: elf
Running ninja in directory /home/tikhon/Документы/magnolia/applets/mainline/cp/build
Executing "ninja elf"...
[0/1] Re-running CMake...
Executing action: elf
Running ninja in directory /home/tikhon/Документы/magnolia/applets/mainline/cat/build
Executing "ninja elf"...
[0/1] Re-running CMake...
Executing action: elf
Running ninja in directory /home/tikhon/Документы/magnolia/applets/mainline/cmp/build
Executing "ninja elf"...
[0/1] Re-running CMake...
Executing action: elf
Running ninja in directory /home/tikhon/Документы/magnolia/applets/mainline/cd/build
Executing "ninja elf"...
[0/1] Re-running CMake...
Executing action: elf
Running ninja in directory /home/tikhon/Документы/magnolia/applets/mainline/comm/build
Executing "ninja elf"...
[0/1] Re-running CMake...
Executing action: elf
Running ninja in directory /home/tikhon/Документы/magnolia/applets/mainline/df/build
Executing "ninja elf"...
[0/1] Re-running CMake...
Executing action: elf
Running ninja in directory /home/tikhon/Документы/magnolia/applets/mainline/dd/build
Executing "ninja elf"...
[0/1] Re-running CMake...
Executing action: elf
Running ninja in directory /home/tikhon/Документы/magnolia/applets/mainline/date/build
Executing "ninja elf"...
[0/1] Re-running CMake...
Executing action: elf
Running ninja in directory /home/tikhon/Документы/magnolia/applets/mainline/echo/build
Executing "ninja elf"...
[0/1] Re-running CMake...
Executing action: elf
Running ninja in directory /home/tikhon/Документы/magnolia/applets/mainline/basename/build
Executing "ninja elf"...
[0/1] Re-running CMake...
Executing action: elf
Running ninja in directory /home/tikhon/Документы/magnolia/applets/mainline/dirname/build
Executing "ninja elf"...
[0/1] Re-running CMake...
Executing action: elf
Running ninja in directory /home/tikhon/Документы/magnolia/applets/mainline/du/build
Executing "ninja elf"...
[0/1] Re-running CMake...
-- Minimal build - OFF
-- Minimal build - OFF
-- Minimal build - OFF
-- Minimal build - OFF
-- Minimal build - OFF
-- Building ESP-IDF components for target esp32s3
-- Minimal build - OFF
-- Minimal build - OFF
-- Building ESP-IDF components for target esp32s3
-- Minimal build - OFF
-- Minimal build - OFF
-- Building ESP-IDF components for target esp32s3
-- Building ESP-IDF components for target esp32s3
-- Minimal build - OFF
-- Building ESP-IDF components for target esp32s3
-- Minimal build - OFF
-- Building ESP-IDF components for target esp32s3
-- Minimal build - OFF
-- Building ESP-IDF components for target esp32s3
-- Building ESP-IDF components for target esp32s3
-- Building ESP-IDF components for target esp32s3
-- Minimal build - OFF
-- Building ESP-IDF components for target esp32s3
-- Minimal build - OFF
-- Building ESP-IDF components for target esp32s3
-- Building ESP-IDF components for target esp32s3
-- Minimal build - OFF
-- Building ESP-IDF components for target esp32s3
-- Building ESP-IDF components for target esp32s3
-- Minimal build - OFF
-- Building ESP-IDF components for target esp32s3
-- Building ESP-IDF components for target esp32s3
NOTICE: Processing 1 dependencies:
NOTICE: [1/1] idf (6.0.0)
NOTICE: Processing 1 dependencies:
NOTICE: [1/1] idf (6.0.0)
NOTICE: Processing 1 dependencies:
NOTICE: [1/1] idf (6.0.0)
NOTICE: Processing 1 dependencies:
NOTICE: [1/1] idf (6.0.0)
NOTICE: Processing 1 dependencies:
NOTICE: [1/1] idf (6.0.0)
NOTICE: Processing 1 dependencies:
NOTICE: [1/1] idf (6.0.0)
NOTICE: Processing 1 dependencies:
NOTICE: [1/1] idf (6.0.0)
NOTICE: Processing 1 dependencies:
NOTICE: [1/1] idf (6.0.0)
NOTICE: Processing 1 dependencies:
NOTICE: [1/1] idf (6.0.0)
NOTICE: Processing 1 dependencies:
NOTICE: [1/1] idf (6.0.0)
NOTICE: Processing 1 dependencies:
NOTICE: [1/1] idf (6.0.0)
NOTICE: Processing 1 dependencies:
NOTICE: [1/1] idf (6.0.0)
NOTICE: Processing 1 dependencies:
NOTICE: [1/1] idf (6.0.0)
-- ESP-TEE is currently supported only on the esp32c6;esp32h2;esp32c5 SoCs
-- ESP-TEE is currently supported only on the esp32c6;esp32h2;esp32c5 SoCs
-- ESP-TEE is currently supported only on the esp32c6;esp32h2;esp32c5 SoCs
-- ESP-TEE is currently supported only on the esp32c6;esp32h2;esp32c5 SoCs
-- ESP-TEE is currently supported only on the esp32c6;esp32h2;esp32c5 SoCs
-- ESP-TEE is currently supported only on the esp32c6;esp32h2;esp32c5 SoCs
-- ESP-TEE is currently supported only on the esp32c6;esp32h2;esp32c5 SoCs
NOTICE: Processing 1 dependencies:
NOTICE: [1/1] idf (6.0.0)
-- ESP-TEE is currently supported only on the esp32c6;esp32h2;esp32c5 SoCs
-- ESP-TEE is currently supported only on the esp32c6;esp32h2;esp32c5 SoCs
-- ESP-TEE is currently supported only on the esp32c6;esp32h2;esp32c5 SoCs
-- ESP-TEE is currently supported only on the esp32c6;esp32h2;esp32c5 SoCs
-- ESP-TEE is currently supported only on the esp32c6;esp32h2;esp32c5 SoCs
-- ESP-TEE is currently supported only on the esp32c6;esp32h2;esp32c5 SoCs
-- ESP-TEE is currently supported only on the esp32c6;esp32h2;esp32c5 SoCs
-- ESP-TEE is currently supported only on the esp32c6;esp32h2;esp32c5 SoCs
-- Project sdkconfig file /home/tikhon/Документы/magnolia/applets/mainline/chmod/sdkconfig
-- Project sdkconfig file /home/tikhon/Документы/magnolia/applets/mainline/cksum/sdkconfig
-- Project sdkconfig file /home/tikhon/Документы/magnolia/applets/mainline/cd/sdkconfig
-- Project sdkconfig file /home/tikhon/Документы/magnolia/applets/mainline/date/sdkconfig
-- Project sdkconfig file /home/tikhon/Документы/magnolia/applets/mainline/echo/sdkconfig
-- Project sdkconfig file /home/tikhon/Документы/magnolia/applets/mainline/cat/sdkconfig
-- Project sdkconfig file /home/tikhon/Документы/magnolia/applets/mainline/basename/sdkconfig
-- Project sdkconfig file /home/tikhon/Документы/magnolia/applets/mainline/cp/sdkconfig
-- Project sdkconfig file /home/tikhon/Документы/magnolia/applets/mainline/dirname/sdkconfig
-- Project sdkconfig file /home/tikhon/Документы/magnolia/applets/mainline/du/sdkconfig
-- Project sdkconfig file /home/tikhon/Документы/magnolia/applets/mainline/cut/sdkconfig
-- Project sdkconfig file /home/tikhon/Документы/magnolia/applets/mainline/chown/sdkconfig
-- Project sdkconfig file /home/tikhon/Документы/magnolia/applets/mainline/cmp/sdkconfig
-- Project sdkconfig file /home/tikhon/Документы/magnolia/applets/mainline/comm/sdkconfig
-- Project sdkconfig file /home/tikhon/Документы/magnolia/applets/mainline/df/sdkconfig
-- Compiler supported targets: xtensa-esp-elf
-- Compiler supported targets: xtensa-esp-elf
-- Compiler supported targets: xtensa-esp-elf
-- Compiler supported targets: xtensa-esp-elf
-- Compiler supported targets: xtensa-esp-elf
-- Compiler supported targets: xtensa-esp-elf
-- Compiler supported targets: xtensa-esp-elf
-- Compiler supported targets: xtensa-esp-elf
-- Compiler supported targets: xtensa-esp-elf
-- Compiler supported targets: xtensa-esp-elf
-- Compiler supported targets: xtensa-esp-elf
-- Compiler supported targets: xtensa-esp-elf
-- App "cksum" version: fce3dc6-dirty
-- Compiler supported targets: xtensa-esp-elf
-- App "cd" version: fce3dc6-dirty
-- Compiler supported targets: xtensa-esp-elf
-- App "date" version: fce3dc6-dirty
-- App "cat" version: fce3dc6-dirty
-- App "echo" version: fce3dc6-dirty
-- App "chmod" version: fce3dc6-dirty
-- App "dirname" version: fce3dc6-dirty
-- App "basename" version: fce3dc6-dirty
-- Compiler supported targets: xtensa-esp-elf
-- App "cp" version: fce3dc6-dirty
-- App "du" version: fce3dc6-dirty
-- App "cut" version: fce3dc6-dirty
-- App "chown" version: fce3dc6-dirty
-- App "comm" version: fce3dc6-dirty
-- App "cmp" version: fce3dc6-dirty
-- USING O3
-- USING O3
-- App "df" version: fce3dc6-dirty
-- Adding linker script /home/tikhon/Документы/magnolia/applets/mainline/cksum/build/esp-idf/esp_system/ld/memory.ld
-- Adding linker script /home/tikhon/Документы/magnolia/applets/mainline/cksum/build/esp-idf/esp_system/ld/sections.ld.in
-- USING O3
-- Adding linker script /home/tikhon/Документы/magnolia/applets/mainline/cd/build/esp-idf/esp_system/ld/memory.ld
-- Adding linker script /home/tikhon/Документы/magnolia/esp-idf/components/esp_rom/esp32s3/ld/esp32s3.rom.ld
-- Adding linker script /home/tikhon/Документы/magnolia/applets/mainline/cd/build/esp-idf/esp_system/ld/sections.ld.in
-- Adding linker script /home/tikhon/Документы/magnolia/esp-idf/components/esp_rom/esp32s3/ld/esp32s3.rom.api.ld
-- Adding linker script /home/tikhon/Документы/magnolia/esp-idf/components/esp_rom/esp32s3/ld/esp32s3.rom.bt_funcs.ld
-- Adding linker script /home/tikhon/Документы/magnolia/esp-idf/components/esp_rom/esp32s3/ld/esp32s3.rom.libgcc.ld
-- Adding linker script /home/tikhon/Документы/magnolia/esp-idf/components/esp_rom/esp32s3/ld/esp32s3.rom.wdt.ld
-- Adding linker script /home/tikhon/Документы/magnolia/esp-idf/components/esp_rom/esp32s3/ld/esp32s3.rom.version.ld
-- Adding linker script /home/tikhon/Документы/magnolia/esp-idf/components/esp_rom/esp32s3/ld/esp32s3.rom.ble_master.ld
-- Adding linker script /home/tikhon/Документы/magnolia/esp-idf/components/esp_rom/esp32s3/ld/esp32s3.rom.ble_50.ld
-- Adding linker script /home/tikhon/Документы/magnolia/esp-idf/components/esp_rom/esp32s3/ld/esp32s3.rom.ble_smp.ld
-- Adding linker script /home/tikhon/Документы/magnolia/esp-idf/components/esp_rom/esp32s3/ld/esp32s3.rom.ble_dtm.ld
-- Adding linker script /home/tikhon/Документы/magnolia/esp-idf/components/esp_rom/esp32s3/ld/esp32s3.rom.ble_test.ld
-- Adding linker script /home/tikhon/Документы/magnolia/esp-idf/components/esp_rom/esp32s3/ld/esp32s3.rom.ble_scan.ld
-- Adding linker script /home/tikhon/Документы/magnolia/esp-idf/components/esp_rom/esp32s3/ld/esp32s3.rom.libc.ld
-- Adding linker script /home/tikhon/Документы/magnolia/esp-idf/components/esp_rom/esp32s3/ld/esp32s3.rom.newlib.ld
-- USING O3
-- Adding linker script /home/tikhon/Документы/magnolia/esp-idf/components/esp_rom/esp32s3/ld/esp32s3.rom.ld
-- Adding linker script /home/tikhon/Документы/magnolia/esp-idf/components/esp_rom/esp32s3/ld/esp32s3.rom.api.ld
-- Adding linker script /home/tikhon/Документы/magnolia/esp-idf/components/esp_rom/esp32s3/ld/esp32s3.rom.bt_funcs.ld
-- Adding linker script /home/tikhon/Документы/magnolia/esp-idf/components/esp_rom/esp32s3/ld/esp32s3.rom.libgcc.ld
-- Adding linker script /home/tikhon/Документы/magnolia/esp-idf/components/esp_rom/esp32s3/ld/esp32s3.rom.wdt.ld
-- Adding linker script /home/tikhon/Документы/magnolia/esp-idf/components/esp_rom/esp32s3/ld/esp32s3.rom.version.ld
-- USING O3
-- Adding linker script /home/tikhon/Документы/magnolia/esp-idf/components/esp_rom/esp32s3/ld/esp32s3.rom.ble_master.ld
-- Adding linker script /home/tikhon/Документы/magnolia/esp-idf/components/esp_rom/esp32s3/ld/esp32s3.rom.ble_50.ld
-- Adding linker script /home/tikhon/Документы/magnolia/esp-idf/components/esp_rom/esp32s3/ld/esp32s3.rom.ble_smp.ld
-- Adding linker script /home/tikhon/Документы/magnolia/esp-idf/components/esp_rom/esp32s3/ld/esp32s3.rom.ble_dtm.ld
-- Adding linker script /home/tikhon/Документы/magnolia/esp-idf/components/esp_rom/esp32s3/ld/esp32s3.rom.ble_test.ld
-- Adding linker script /home/tikhon/Документы/magnolia/esp-idf/components/esp_rom/esp32s3/ld/esp32s3.rom.ble_scan.ld
-- Adding linker script /home/tikhon/Документы/magnolia/esp-idf/components/esp_rom/esp32s3/ld/esp32s3.rom.libc.ld
-- Adding linker script /home/tikhon/Документы/magnolia/esp-idf/components/esp_rom/esp32s3/ld/esp32s3.rom.newlib.ld
-- Adding linker script /home/tikhon/Документы/magnolia/esp-idf/components/soc/esp32s3/ld/esp32s3.peripherals.ld
-- Adding linker script /home/tikhon/Документы/magnolia/applets/mainline/date/build/esp-idf/esp_system/ld/memory.ld
-- Adding linker script /home/tikhon/Документы/magnolia/applets/mainline/date/build/esp-idf/esp_system/ld/sections.ld.in
-- USING O3
-- USING O3
-- Adding linker script /home/tikhon/Документы/magnolia/esp-idf/components/soc/esp32s3/ld/esp32s3.peripherals.ld
-- Adding linker script /home/tikhon/Документы/magnolia/applets/mainline/cat/build/esp-idf/esp_system/ld/memory.ld
-- Adding linker script /home/tikhon/Документы/magnolia/applets/mainline/cat/build/esp-idf/esp_system/ld/sections.ld.in
-- Adding linker script /home/tikhon/Документы/magnolia/esp-idf/components/esp_rom/esp32s3/ld/esp32s3.rom.ld
-- Adding linker script /home/tikhon/Документы/magnolia/esp-idf/components/esp_rom/esp32s3/ld/esp32s3.rom.api.ld
-- Adding linker script /home/tikhon/Документы/magnolia/esp-idf/components/esp_rom/esp32s3/ld/esp32s3.rom.bt_funcs.ld
-- Adding linker script /home/tikhon/Документы/magnolia/esp-idf/components/esp_rom/esp32s3/ld/esp32s3.rom.libgcc.ld
-- Adding linker script /home/tikhon/Документы/magnolia/esp-idf/components/esp_rom/esp32s3/ld/esp32s3.rom.wdt.ld
-- Adding linker script /home/tikhon/Документы/magnolia/esp-idf/components/esp_rom/esp32s3/ld/esp32s3.rom.version.ld
-- Adding linker script /home/tikhon/Документы/magnolia/esp-idf/components/esp_rom/esp32s3/ld/esp32s3.rom.ble_master.ld
-- Adding linker script /home/tikhon/Документы/magnolia/esp-idf/components/esp_rom/esp32s3/ld/esp32s3.rom.ble_50.ld
-- Adding linker script /home/tikhon/Документы/magnolia/esp-idf/components/esp_rom/esp32s3/ld/esp32s3.rom.ble_smp.ld
-- Adding linker script /home/tikhon/Документы/magnolia/esp-idf/components/esp_rom/esp32s3/ld/esp32s3.rom.ble_dtm.ld
-- Adding linker script /home/tikhon/Документы/magnolia/esp-idf/components/esp_rom/esp32s3/ld/esp32s3.rom.ble_test.ld
-- Adding linker script /home/tikhon/Документы/magnolia/esp-idf/components/esp_rom/esp32s3/ld/esp32s3.rom.ble_scan.ld
-- Adding linker script /home/tikhon/Документы/magnolia/esp-idf/components/esp_rom/esp32s3/ld/esp32s3.rom.libc.ld
-- Adding linker script /home/tikhon/Документы/magnolia/esp-idf/components/esp_rom/esp32s3/ld/esp32s3.rom.newlib.ld
-- USING O3
-- Adding linker script /home/tikhon/Документы/magnolia/applets/mainline/echo/build/esp-idf/esp_system/ld/memory.ld
-- Adding linker script /home/tikhon/Документы/magnolia/applets/mainline/echo/build/esp-idf/esp_system/ld/sections.ld.in
-- Adding linker script /home/tikhon/Документы/magnolia/esp-idf/components/esp_rom/esp32s3/ld/esp32s3.rom.ld
-- Adding linker script /home/tikhon/Документы/magnolia/esp-idf/components/esp_rom/esp32s3/ld/esp32s3.rom.api.ld
-- Adding linker script /home/tikhon/Документы/magnolia/esp-idf/components/esp_rom/esp32s3/ld/esp32s3.rom.bt_funcs.ld
-- Adding linker script /home/tikhon/Документы/magnolia/esp-idf/components/esp_rom/esp32s3/ld/esp32s3.rom.libgcc.ld
-- Adding linker script /home/tikhon/Документы/magnolia/esp-idf/components/esp_rom/esp32s3/ld/esp32s3.rom.wdt.ld
-- Adding linker script /home/tikhon/Документы/magnolia/esp-idf/components/esp_rom/esp32s3/ld/esp32s3.rom.version.ld
-- Adding linker script /home/tikhon/Документы/magnolia/esp-idf/components/esp_rom/esp32s3/ld/esp32s3.rom.ble_master.ld
-- Adding linker script /home/tikhon/Документы/magnolia/esp-idf/components/esp_rom/esp32s3/ld/esp32s3.rom.ble_50.ld
-- Adding linker script /home/tikhon/Документы/magnolia/esp-idf/components/esp_rom/esp32s3/ld/esp32s3.rom.ble_smp.ld
-- Adding linker script /home/tikhon/Документы/magnolia/esp-idf/components/esp_rom/esp32s3/ld/esp32s3.rom.ble_dtm.ld
-- Adding linker script /home/tikhon/Документы/magnolia/esp-idf/components/esp_rom/esp32s3/ld/esp32s3.rom.ble_test.ld
-- Adding linker script /home/tikhon/Документы/magnolia/esp-idf/components/esp_rom/esp32s3/ld/esp32s3.rom.ble_scan.ld
-- Adding linker script /home/tikhon/Документы/magnolia/esp-idf/components/esp_rom/esp32s3/ld/esp32s3.rom.libc.ld
-- Adding linker script /home/tikhon/Документы/magnolia/esp-idf/components/esp_rom/esp32s3/ld/esp32s3.rom.newlib.ld
-- Adding linker script /home/tikhon/Документы/magnolia/esp-idf/components/esp_rom/esp32s3/ld/esp32s3.rom.ld
-- Adding linker script /home/tikhon/Документы/magnolia/esp-idf/components/esp_rom/esp32s3/ld/esp32s3.rom.api.ld
-- Adding linker script /home/tikhon/Документы/magnolia/esp-idf/components/esp_rom/esp32s3/ld/esp32s3.rom.bt_funcs.ld
-- Adding linker script /home/tikhon/Документы/magnolia/esp-idf/components/esp_rom/esp32s3/ld/esp32s3.rom.libgcc.ld
-- Adding linker script /home/tikhon/Документы/magnolia/esp-idf/components/esp_rom/esp32s3/ld/esp32s3.rom.wdt.ld
-- Adding linker script /home/tikhon/Документы/magnolia/esp-idf/components/esp_rom/esp32s3/ld/esp32s3.rom.version.ld
-- Adding linker script /home/tikhon/Документы/magnolia/esp-idf/components/esp_rom/esp32s3/ld/esp32s3.rom.ble_master.ld
-- Adding linker script /home/tikhon/Документы/magnolia/esp-idf/components/esp_rom/esp32s3/ld/esp32s3.rom.ble_50.ld
-- Adding linker script /home/tikhon/Документы/magnolia/esp-idf/components/esp_rom/esp32s3/ld/esp32s3.rom.ble_smp.ld
-- Adding linker script /home/tikhon/Документы/magnolia/esp-idf/components/esp_rom/esp32s3/ld/esp32s3.rom.ble_dtm.ld
-- Adding linker script /home/tikhon/Документы/magnolia/esp-idf/components/esp_rom/esp32s3/ld/esp32s3.rom.ble_test.ld
-- Adding linker script /home/tikhon/Документы/magnolia/esp-idf/components/esp_rom/esp32s3/ld/esp32s3.rom.ble_scan.ld
-- Adding linker script /home/tikhon/Документы/magnolia/esp-idf/components/esp_rom/esp32s3/ld/esp32s3.rom.libc.ld
-- Adding linker script /home/tikhon/Документы/magnolia/esp-idf/components/esp_rom/esp32s3/ld/esp32s3.rom.newlib.ld
-- Adding linker script /home/tikhon/Документы/magnolia/esp-idf/components/soc/esp32s3/ld/esp32s3.peripherals.ld
-- Adding linker script /home/tikhon/Документы/magnolia/applets/mainline/dirname/build/esp-idf/esp_system/ld/memory.ld
-- Adding linker script /home/tikhon/Документы/magnolia/applets/mainline/dirname/build/esp-idf/esp_system/ld/sections.ld.in
-- Adding linker script /home/tikhon/Документы/magnolia/esp-idf/components/soc/esp32s3/ld/esp32s3.peripherals.ld
-- Adding linker script /home/tikhon/Документы/magnolia/applets/mainline/basename/build/esp-idf/esp_system/ld/memory.ld
-- Adding linker script /home/tikhon/Документы/magnolia/applets/mainline/basename/build/esp-idf/esp_system/ld/sections.ld.in
-- Adding linker script /home/tikhon/Документы/magnolia/esp-idf/components/esp_rom/esp32s3/ld/esp32s3.rom.ld
-- Adding linker script /home/tikhon/Документы/magnolia/esp-idf/components/esp_rom/esp32s3/ld/esp32s3.rom.api.ld
-- Adding linker script /home/tikhon/Документы/magnolia/esp-idf/components/esp_rom/esp32s3/ld/esp32s3.rom.bt_funcs.ld
-- Adding linker script /home/tikhon/Документы/magnolia/applets/mainline/chmod/build/esp-idf/esp_system/ld/memory.ld
-- Adding linker script /home/tikhon/Документы/magnolia/esp-idf/components/esp_rom/esp32s3/ld/esp32s3.rom.libgcc.ld
-- Adding linker script /home/tikhon/Документы/magnolia/esp-idf/components/esp_rom/esp32s3/ld/esp32s3.rom.wdt.ld
-- Adding linker script /home/tikhon/Документы/magnolia/applets/mainline/chmod/build/esp-idf/esp_system/ld/sections.ld.in
-- Adding linker script /home/tikhon/Документы/magnolia/esp-idf/components/esp_rom/esp32s3/ld/esp32s3.rom.version.ld
-- Adding linker script /home/tikhon/Документы/magnolia/esp-idf/components/esp_rom/esp32s3/ld/esp32s3.rom.ble_master.ld
-- Adding linker script /home/tikhon/Документы/magnolia/esp-idf/components/esp_rom/esp32s3/ld/esp32s3.rom.ble_50.ld
-- Adding linker script /home/tikhon/Документы/magnolia/esp-idf/components/esp_rom/esp32s3/ld/esp32s3.rom.ble_smp.ld
-- Adding linker script /home/tikhon/Документы/magnolia/esp-idf/components/esp_rom/esp32s3/ld/esp32s3.rom.ble_dtm.ld
-- Adding linker script /home/tikhon/Документы/magnolia/esp-idf/components/esp_rom/esp32s3/ld/esp32s3.rom.ble_test.ld
-- Adding linker script /home/tikhon/Документы/magnolia/esp-idf/components/esp_rom/esp32s3/ld/esp32s3.rom.ble_scan.ld
-- Adding linker script /home/tikhon/Документы/magnolia/esp-idf/components/esp_rom/esp32s3/ld/esp32s3.rom.libc.ld
-- Adding linker script /home/tikhon/Документы/magnolia/esp-idf/components/esp_rom/esp32s3/ld/esp32s3.rom.newlib.ld
-- Adding linker script /home/tikhon/Документы/magnolia/esp-idf/components/soc/esp32s3/ld/esp32s3.peripherals.ld
-- Adding linker script /home/tikhon/Документы/magnolia/esp-idf/components/esp_rom/esp32s3/ld/esp32s3.rom.ld
-- Adding linker script /home/tikhon/Документы/magnolia/esp-idf/components/esp_rom/esp32s3/ld/esp32s3.rom.api.ld
-- Adding linker script /home/tikhon/Документы/magnolia/esp-idf/components/esp_rom/esp32s3/ld/esp32s3.rom.bt_funcs.ld
-- Adding linker script /home/tikhon/Документы/magnolia/esp-idf/components/esp_rom/esp32s3/ld/esp32s3.rom.libgcc.ld
-- Adding linker script /home/tikhon/Документы/magnolia/esp-idf/components/esp_rom/esp32s3/ld/esp32s3.rom.wdt.ld
-- Adding linker script /home/tikhon/Документы/magnolia/esp-idf/components/esp_rom/esp32s3/ld/esp32s3.rom.version.ld
-- Adding linker script /home/tikhon/Документы/magnolia/esp-idf/components/esp_rom/esp32s3/ld/esp32s3.rom.ble_master.ld
-- Adding linker script /home/tikhon/Документы/magnolia/esp-idf/components/esp_rom/esp32s3/ld/esp32s3.rom.ble_50.ld
-- Adding linker script /home/tikhon/Документы/magnolia/esp-idf/components/esp_rom/esp32s3/ld/esp32s3.rom.ble_smp.ld
-- Adding linker script /home/tikhon/Документы/magnolia/esp-idf/components/esp_rom/esp32s3/ld/esp32s3.rom.ble_dtm.ld
-- Adding linker script /home/tikhon/Документы/magnolia/esp-idf/components/esp_rom/esp32s3/ld/esp32s3.rom.ble_test.ld
-- Adding linker script /home/tikhon/Документы/magnolia/esp-idf/components/esp_rom/esp32s3/ld/esp32s3.rom.ble_scan.ld
-- Adding linker script /home/tikhon/Документы/magnolia/esp-idf/components/esp_rom/esp32s3/ld/esp32s3.rom.libc.ld
-- Adding linker script /home/tikhon/Документы/magnolia/esp-idf/components/esp_rom/esp32s3/ld/esp32s3.rom.newlib.ld
-- Adding linker script /home/tikhon/Документы/magnolia/esp-idf/components/esp_rom/esp32s3/ld/esp32s3.rom.ld
-- Adding linker script /home/tikhon/Документы/magnolia/esp-idf/components/esp_rom/esp32s3/ld/esp32s3.rom.api.ld
-- Adding linker script /home/tikhon/Документы/magnolia/esp-idf/components/esp_rom/esp32s3/ld/esp32s3.rom.bt_funcs.ld
-- Adding linker script /home/tikhon/Документы/magnolia/esp-idf/components/esp_rom/esp32s3/ld/esp32s3.rom.libgcc.ld
-- Adding linker script /home/tikhon/Документы/magnolia/esp-idf/components/esp_rom/esp32s3/ld/esp32s3.rom.wdt.ld
-- Adding linker script /home/tikhon/Документы/magnolia/esp-idf/components/esp_rom/esp32s3/ld/esp32s3.rom.version.ld
-- Adding linker script /home/tikhon/Документы/magnolia/esp-idf/components/esp_rom/esp32s3/ld/esp32s3.rom.ble_master.ld
-- Adding linker script /home/tikhon/Документы/magnolia/esp-idf/components/esp_rom/esp32s3/ld/esp32s3.rom.ble_50.ld
-- Adding linker script /home/tikhon/Документы/magnolia/esp-idf/components/esp_rom/esp32s3/ld/esp32s3.rom.ble_smp.ld
-- Adding linker script /home/tikhon/Документы/magnolia/esp-idf/components/esp_rom/esp32s3/ld/esp32s3.rom.ble_dtm.ld
-- Adding linker script /home/tikhon/Документы/magnolia/esp-idf/components/esp_rom/esp32s3/ld/esp32s3.rom.ble_test.ld
-- Adding linker script /home/tikhon/Документы/magnolia/esp-idf/components/esp_rom/esp32s3/ld/esp32s3.rom.ble_scan.ld
-- Adding linker script /home/tikhon/Документы/magnolia/esp-idf/components/esp_rom/esp32s3/ld/esp32s3.rom.libc.ld
-- Adding linker script /home/tikhon/Документы/magnolia/esp-idf/components/esp_rom/esp32s3/ld/esp32s3.rom.newlib.ld
-- Adding linker script /home/tikhon/Документы/magnolia/esp-idf/components/soc/esp32s3/ld/esp32s3.peripherals.ld
-- USING O3
-- Adding linker script /home/tikhon/Документы/magnolia/esp-idf/components/soc/esp32s3/ld/esp32s3.peripherals.ld
-- Adding linker script /home/tikhon/Документы/magnolia/esp-idf/components/soc/esp32s3/ld/esp32s3.peripherals.ld
-- USING O3
-- USING O3
-- Adding linker script /home/tikhon/Документы/magnolia/applets/mainline/cp/build/esp-idf/esp_system/ld/memory.ld
-- Adding linker script /home/tikhon/Документы/magnolia/applets/mainline/cp/build/esp-idf/esp_system/ld/sections.ld.in
-- Adding linker script /home/tikhon/Документы/magnolia/esp-idf/components/esp_rom/esp32s3/ld/esp32s3.rom.ld
-- Adding linker script /home/tikhon/Документы/magnolia/esp-idf/components/esp_rom/esp32s3/ld/esp32s3.rom.api.ld
-- Adding linker script /home/tikhon/Документы/magnolia/esp-idf/components/esp_rom/esp32s3/ld/esp32s3.rom.bt_funcs.ld
-- Adding linker script /home/tikhon/Документы/magnolia/esp-idf/components/esp_rom/esp32s3/ld/esp32s3.rom.libgcc.ld
-- Adding linker script /home/tikhon/Документы/magnolia/esp-idf/components/esp_rom/esp32s3/ld/esp32s3.rom.wdt.ld
-- Adding linker script /home/tikhon/Документы/magnolia/esp-idf/components/esp_rom/esp32s3/ld/esp32s3.rom.version.ld
-- Adding linker script /home/tikhon/Документы/magnolia/esp-idf/components/esp_rom/esp32s3/ld/esp32s3.rom.ble_master.ld
-- Adding linker script /home/tikhon/Документы/magnolia/esp-idf/components/esp_rom/esp32s3/ld/esp32s3.rom.ble_50.ld
-- Adding linker script /home/tikhon/Документы/magnolia/esp-idf/components/esp_rom/esp32s3/ld/esp32s3.rom.ble_smp.ld
-- Adding linker script /home/tikhon/Документы/magnolia/esp-idf/components/esp_rom/esp32s3/ld/esp32s3.rom.ble_dtm.ld
-- Adding linker script /home/tikhon/Документы/magnolia/esp-idf/components/esp_rom/esp32s3/ld/esp32s3.rom.ble_test.ld
-- Adding linker script /home/tikhon/Документы/magnolia/esp-idf/components/esp_rom/esp32s3/ld/esp32s3.rom.ble_scan.ld
-- Adding linker script /home/tikhon/Документы/magnolia/esp-idf/components/esp_rom/esp32s3/ld/esp32s3.rom.libc.ld
-- Adding linker script /home/tikhon/Документы/magnolia/esp-idf/components/esp_rom/esp32s3/ld/esp32s3.rom.newlib.ld
-- Adding linker script /home/tikhon/Документы/magnolia/applets/mainline/cut/build/esp-idf/esp_system/ld/memory.ld
-- Adding linker script /home/tikhon/Документы/magnolia/applets/mainline/cut/build/esp-idf/esp_system/ld/sections.ld.in
-- Adding linker script /home/tikhon/Документы/magnolia/applets/mainline/du/build/esp-idf/esp_system/ld/memory.ld
-- Adding linker script /home/tikhon/Документы/magnolia/applets/mainline/du/build/esp-idf/esp_system/ld/sections.ld.in
-- Adding linker script /home/tikhon/Документы/magnolia/esp-idf/components/soc/esp32s3/ld/esp32s3.peripherals.ld
-- Adding linker script /home/tikhon/Документы/magnolia/esp-idf/components/esp_rom/esp32s3/ld/esp32s3.rom.ld
-- USING O3
-- Adding linker script /home/tikhon/Документы/magnolia/esp-idf/components/esp_rom/esp32s3/ld/esp32s3.rom.api.ld
-- Adding linker script /home/tikhon/Документы/magnolia/esp-idf/components/esp_rom/esp32s3/ld/esp32s3.rom.bt_funcs.ld
-- Adding linker script /home/tikhon/Документы/magnolia/esp-idf/components/esp_rom/esp32s3/ld/esp32s3.rom.libgcc.ld
-- Adding linker script /home/tikhon/Документы/magnolia/esp-idf/components/esp_rom/esp32s3/ld/esp32s3.rom.wdt.ld
-- Adding linker script /home/tikhon/Документы/magnolia/esp-idf/components/esp_rom/esp32s3/ld/esp32s3.rom.version.ld
-- Adding linker script /home/tikhon/Документы/magnolia/esp-idf/components/esp_rom/esp32s3/ld/esp32s3.rom.ble_master.ld
-- Adding linker script /home/tikhon/Документы/magnolia/esp-idf/components/esp_rom/esp32s3/ld/esp32s3.rom.ble_50.ld
-- Adding linker script /home/tikhon/Документы/magnolia/esp-idf/components/esp_rom/esp32s3/ld/esp32s3.rom.ble_smp.ld
-- Adding linker script /home/tikhon/Документы/magnolia/esp-idf/components/esp_rom/esp32s3/ld/esp32s3.rom.ble_dtm.ld
-- Adding linker script /home/tikhon/Документы/magnolia/esp-idf/components/esp_rom/esp32s3/ld/esp32s3.rom.ble_test.ld
-- Adding linker script /home/tikhon/Документы/magnolia/esp-idf/components/esp_rom/esp32s3/ld/esp32s3.rom.ble_scan.ld
-- Adding linker script /home/tikhon/Документы/magnolia/esp-idf/components/esp_rom/esp32s3/ld/esp32s3.rom.libc.ld
-- Adding linker script /home/tikhon/Документы/magnolia/esp-idf/components/esp_rom/esp32s3/ld/esp32s3.rom.newlib.ld
-- Adding linker script /home/tikhon/Документы/magnolia/esp-idf/components/esp_rom/esp32s3/ld/esp32s3.rom.ld
-- Adding linker script /home/tikhon/Документы/magnolia/esp-idf/components/esp_rom/esp32s3/ld/esp32s3.rom.api.ld
-- Adding linker script /home/tikhon/Документы/magnolia/esp-idf/components/esp_rom/esp32s3/ld/esp32s3.rom.bt_funcs.ld
-- Adding linker script /home/tikhon/Документы/magnolia/esp-idf/components/esp_rom/esp32s3/ld/esp32s3.rom.libgcc.ld
-- Adding linker script /home/tikhon/Документы/magnolia/esp-idf/components/esp_rom/esp32s3/ld/esp32s3.rom.wdt.ld
-- Adding linker script /home/tikhon/Документы/magnolia/esp-idf/components/esp_rom/esp32s3/ld/esp32s3.rom.version.ld
-- USING O3
-- Adding linker script /home/tikhon/Документы/magnolia/esp-idf/components/esp_rom/esp32s3/ld/esp32s3.rom.ble_master.ld
-- Adding linker script /home/tikhon/Документы/magnolia/esp-idf/components/esp_rom/esp32s3/ld/esp32s3.rom.ble_50.ld
-- Adding linker script /home/tikhon/Документы/magnolia/esp-idf/components/esp_rom/esp32s3/ld/esp32s3.rom.ble_smp.ld
-- Adding linker script /home/tikhon/Документы/magnolia/esp-idf/components/esp_rom/esp32s3/ld/esp32s3.rom.ble_dtm.ld
-- Adding linker script /home/tikhon/Документы/magnolia/esp-idf/components/esp_rom/esp32s3/ld/esp32s3.rom.ble_test.ld
-- Adding linker script /home/tikhon/Документы/magnolia/esp-idf/components/esp_rom/esp32s3/ld/esp32s3.rom.ble_scan.ld
-- Adding linker script /home/tikhon/Документы/magnolia/esp-idf/components/esp_rom/esp32s3/ld/esp32s3.rom.libc.ld
-- Adding linker script /home/tikhon/Документы/magnolia/esp-idf/components/esp_rom/esp32s3/ld/esp32s3.rom.newlib.ld
-- Adding linker script /home/tikhon/Документы/magnolia/esp-idf/components/soc/esp32s3/ld/esp32s3.peripherals.ld
-- USING O3
-- Adding linker script /home/tikhon/Документы/magnolia/esp-idf/components/soc/esp32s3/ld/esp32s3.peripherals.ld
-- Adding linker script /home/tikhon/Документы/magnolia/applets/mainline/comm/build/esp-idf/esp_system/ld/memory.ld
-- Adding linker script /home/tikhon/Документы/magnolia/applets/mainline/comm/build/esp-idf/esp_system/ld/sections.ld.in
-- Adding linker script /home/tikhon/Документы/magnolia/applets/mainline/cmp/build/esp-idf/esp_system/ld/memory.ld
-- Adding linker script /home/tikhon/Документы/magnolia/applets/mainline/cmp/build/esp-idf/esp_system/ld/sections.ld.in
-- Adding linker script /home/tikhon/Документы/magnolia/esp-idf/components/esp_rom/esp32s3/ld/esp32s3.rom.ld
-- Adding linker script /home/tikhon/Документы/magnolia/esp-idf/components/esp_rom/esp32s3/ld/esp32s3.rom.api.ld
-- Adding linker script /home/tikhon/Документы/magnolia/esp-idf/components/esp_rom/esp32s3/ld/esp32s3.rom.bt_funcs.ld
-- Adding linker script /home/tikhon/Документы/magnolia/esp-idf/components/esp_rom/esp32s3/ld/esp32s3.rom.libgcc.ld
-- Adding linker script /home/tikhon/Документы/magnolia/esp-idf/components/esp_rom/esp32s3/ld/esp32s3.rom.wdt.ld
-- Adding linker script /home/tikhon/Документы/magnolia/esp-idf/components/esp_rom/esp32s3/ld/esp32s3.rom.version.ld
-- Adding linker script /home/tikhon/Документы/magnolia/esp-idf/components/esp_rom/esp32s3/ld/esp32s3.rom.ble_master.ld
-- Adding linker script /home/tikhon/Документы/magnolia/esp-idf/components/esp_rom/esp32s3/ld/esp32s3.rom.ble_50.ld
-- Adding linker script /home/tikhon/Документы/magnolia/esp-idf/components/esp_rom/esp32s3/ld/esp32s3.rom.ble_smp.ld
-- Adding linker script /home/tikhon/Документы/magnolia/esp-idf/components/esp_rom/esp32s3/ld/esp32s3.rom.ble_dtm.ld
-- Adding linker script /home/tikhon/Документы/magnolia/esp-idf/components/esp_rom/esp32s3/ld/esp32s3.rom.ble_test.ld
-- Adding linker script /home/tikhon/Документы/magnolia/esp-idf/components/esp_rom/esp32s3/ld/esp32s3.rom.ble_scan.ld
-- Adding linker script /home/tikhon/Документы/magnolia/esp-idf/components/esp_rom/esp32s3/ld/esp32s3.rom.libc.ld
-- Adding linker script /home/tikhon/Документы/magnolia/esp-idf/components/esp_rom/esp32s3/ld/esp32s3.rom.newlib.ld
-- Adding linker script /home/tikhon/Документы/magnolia/applets/mainline/chown/build/esp-idf/esp_system/ld/memory.ld
-- Adding linker script /home/tikhon/Документы/magnolia/esp-idf/components/esp_rom/esp32s3/ld/esp32s3.rom.ld
-- Adding linker script /home/tikhon/Документы/magnolia/esp-idf/components/esp_rom/esp32s3/ld/esp32s3.rom.api.ld
-- Adding linker script /home/tikhon/Документы/magnolia/esp-idf/components/esp_rom/esp32s3/ld/esp32s3.rom.bt_funcs.ld
-- Adding linker script /home/tikhon/Документы/magnolia/esp-idf/components/esp_rom/esp32s3/ld/esp32s3.rom.libgcc.ld
-- Adding linker script /home/tikhon/Документы/magnolia/esp-idf/components/esp_rom/esp32s3/ld/esp32s3.rom.wdt.ld
-- Adding linker script /home/tikhon/Документы/magnolia/esp-idf/components/esp_rom/esp32s3/ld/esp32s3.rom.version.ld
-- Adding linker script /home/tikhon/Документы/magnolia/esp-idf/components/esp_rom/esp32s3/ld/esp32s3.rom.ble_master.ld
-- Adding linker script /home/tikhon/Документы/magnolia/esp-idf/components/esp_rom/esp32s3/ld/esp32s3.rom.ble_50.ld
-- Adding linker script /home/tikhon/Документы/magnolia/esp-idf/components/esp_rom/esp32s3/ld/esp32s3.rom.ble_smp.ld
-- Adding linker script /home/tikhon/Документы/magnolia/esp-idf/components/esp_rom/esp32s3/ld/esp32s3.rom.ble_dtm.ld
-- Adding linker script /home/tikhon/Документы/magnolia/esp-idf/components/esp_rom/esp32s3/ld/esp32s3.rom.ble_test.ld
-- Adding linker script /home/tikhon/Документы/magnolia/esp-idf/components/esp_rom/esp32s3/ld/esp32s3.rom.ble_scan.ld
-- Adding linker script /home/tikhon/Документы/magnolia/esp-idf/components/esp_rom/esp32s3/ld/esp32s3.rom.libc.ld
-- Adding linker script /home/tikhon/Документы/magnolia/esp-idf/components/esp_rom/esp32s3/ld/esp32s3.rom.newlib.ld
-- Adding linker script /home/tikhon/Документы/magnolia/applets/mainline/chown/build/esp-idf/esp_system/ld/sections.ld.in
-- Adding linker script /home/tikhon/Документы/magnolia/esp-idf/components/esp_rom/esp32s3/ld/esp32s3.rom.ld
-- Adding linker script /home/tikhon/Документы/magnolia/esp-idf/components/esp_rom/esp32s3/ld/esp32s3.rom.api.ld
-- Adding linker script /home/tikhon/Документы/magnolia/esp-idf/components/esp_rom/esp32s3/ld/esp32s3.rom.bt_funcs.ld
-- Adding linker script /home/tikhon/Документы/magnolia/esp-idf/components/esp_rom/esp32s3/ld/esp32s3.rom.libgcc.ld
-- Adding linker script /home/tikhon/Документы/magnolia/esp-idf/components/esp_rom/esp32s3/ld/esp32s3.rom.wdt.ld
-- Adding linker script /home/tikhon/Документы/magnolia/esp-idf/components/esp_rom/esp32s3/ld/esp32s3.rom.version.ld
-- Adding linker script /home/tikhon/Документы/magnolia/esp-idf/components/esp_rom/esp32s3/ld/esp32s3.rom.ble_master.ld
-- Adding linker script /home/tikhon/Документы/magnolia/esp-idf/components/esp_rom/esp32s3/ld/esp32s3.rom.ble_50.ld
-- Adding linker script /home/tikhon/Документы/magnolia/esp-idf/components/esp_rom/esp32s3/ld/esp32s3.rom.ble_smp.ld
-- Adding linker script /home/tikhon/Документы/magnolia/esp-idf/components/esp_rom/esp32s3/ld/esp32s3.rom.ble_dtm.ld
-- Adding linker script /home/tikhon/Документы/magnolia/esp-idf/components/esp_rom/esp32s3/ld/esp32s3.rom.ble_test.ld
-- Adding linker script /home/tikhon/Документы/magnolia/esp-idf/components/esp_rom/esp32s3/ld/esp32s3.rom.ble_scan.ld
-- Adding linker script /home/tikhon/Документы/magnolia/esp-idf/components/esp_rom/esp32s3/ld/esp32s3.rom.libc.ld
-- Adding linker script /home/tikhon/Документы/magnolia/esp-idf/components/esp_rom/esp32s3/ld/esp32s3.rom.newlib.ld
-- Adding linker script /home/tikhon/Документы/magnolia/esp-idf/components/soc/esp32s3/ld/esp32s3.peripherals.ld
-- Adding linker script /home/tikhon/Документы/magnolia/esp-idf/components/soc/esp32s3/ld/esp32s3.peripherals.ld
-- Adding linker script /home/tikhon/Документы/magnolia/esp-idf/components/soc/esp32s3/ld/esp32s3.peripherals.ld
-- USING O3
-- Adding linker script /home/tikhon/Документы/magnolia/applets/mainline/df/build/esp-idf/esp_system/ld/memory.ld
-- Adding linker script /home/tikhon/Документы/magnolia/applets/mainline/df/build/esp-idf/esp_system/ld/sections.ld.in
-- Adding linker script /home/tikhon/Документы/magnolia/esp-idf/components/esp_rom/esp32s3/ld/esp32s3.rom.ld
-- Adding linker script /home/tikhon/Документы/magnolia/esp-idf/components/esp_rom/esp32s3/ld/esp32s3.rom.api.ld
-- Adding linker script /home/tikhon/Документы/magnolia/esp-idf/components/esp_rom/esp32s3/ld/esp32s3.rom.bt_funcs.ld
-- Adding linker script /home/tikhon/Документы/magnolia/esp-idf/components/esp_rom/esp32s3/ld/esp32s3.rom.libgcc.ld
-- Adding linker script /home/tikhon/Документы/magnolia/esp-idf/components/esp_rom/esp32s3/ld/esp32s3.rom.wdt.ld
-- Adding linker script /home/tikhon/Документы/magnolia/esp-idf/components/esp_rom/esp32s3/ld/esp32s3.rom.version.ld
-- Adding linker script /home/tikhon/Документы/magnolia/esp-idf/components/esp_rom/esp32s3/ld/esp32s3.rom.ble_master.ld
-- Adding linker script /home/tikhon/Документы/magnolia/esp-idf/components/esp_rom/esp32s3/ld/esp32s3.rom.ble_50.ld
-- Adding linker script /home/tikhon/Документы/magnolia/esp-idf/components/esp_rom/esp32s3/ld/esp32s3.rom.ble_smp.ld
-- Adding linker script /home/tikhon/Документы/magnolia/esp-idf/components/esp_rom/esp32s3/ld/esp32s3.rom.ble_dtm.ld
-- Adding linker script /home/tikhon/Документы/magnolia/esp-idf/components/esp_rom/esp32s3/ld/esp32s3.rom.ble_test.ld
-- Adding linker script /home/tikhon/Документы/magnolia/esp-idf/components/esp_rom/esp32s3/ld/esp32s3.rom.ble_scan.ld
-- Adding linker script /home/tikhon/Документы/magnolia/esp-idf/components/esp_rom/esp32s3/ld/esp32s3.rom.libc.ld
-- Adding linker script /home/tikhon/Документы/magnolia/esp-idf/components/esp_rom/esp32s3/ld/esp32s3.rom.newlib.ld
-- Adding linker script /home/tikhon/Документы/magnolia/esp-idf/components/soc/esp32s3/ld/esp32s3.peripherals.ld
-- Components: app_trace app_update bootloader bootloader_support bt cmock console cxx driver efuse esp-tls esp_adc esp_app_format esp_bootloader_format esp_coex esp_common esp_driver_ana_cmpr esp_driver_bitscrambler esp_driver_cam esp_driver_dac esp_driver_gpio esp_driver_gptimer esp_driver_i2c esp_driver_i2s esp_driver_i3c esp_driver_isp esp_driver_jpeg esp_driver_ledc esp_driver_mcpwm esp_driver_parlio esp_driver_pcnt esp_driver_ppa esp_driver_rmt esp_driver_sd_intf esp_driver_sdio esp_driver_sdm esp_driver_sdmmc esp_driver_sdspi esp_driver_spi esp_driver_touch_sens esp_driver_tsens esp_driver_twai esp_driver_uart esp_driver_usb_serial_jtag esp_eth esp_event esp_gdbstub esp_hid esp_http_client esp_http_server esp_https_ota esp_https_server esp_hw_support esp_lcd esp_local_ctrl esp_mm esp_netif esp_netif_stack esp_partition esp_phy esp_pm esp_psram esp_ringbuf esp_rom esp_security esp_system esp_timer esp_vfs_console esp_wifi espcoredump esptool_py fatfs freertos hal heap http_parser idf_test ieee802154 json log lwip main mbedtls mqtt newlib nvs_flash nvs_sec_provider openthread partition_table perfmon protobuf-c protocomm pthread rt sdmmc soc spi_flash spiffs tcp_transport touch_element ulp unity usb vfs wear_levelling wifi_provisioning wpa_supplicant xtensa
-- Component paths: /home/tikhon/Документы/magnolia/esp-idf/components/app_trace /home/tikhon/Документы/magnolia/esp-idf/components/app_update /home/tikhon/Документы/magnolia/esp-idf/components/bootloader /home/tikhon/Документы/magnolia/esp-idf/components/bootloader_support /home/tikhon/Документы/magnolia/esp-idf/components/bt /home/tikhon/Документы/magnolia/esp-idf/components/cmock /home/tikhon/Документы/magnolia/esp-idf/components/console /home/tikhon/Документы/magnolia/esp-idf/components/cxx /home/tikhon/Документы/magnolia/esp-idf/components/driver /home/tikhon/Документы/magnolia/esp-idf/components/efuse /home/tikhon/Документы/magnolia/esp-idf/components/esp-tls /home/tikhon/Документы/magnolia/esp-idf/components/esp_adc /home/tikhon/Документы/magnolia/esp-idf/components/esp_app_format /home/tikhon/Документы/magnolia/esp-idf/components/esp_bootloader_format /home/tikhon/Документы/magnolia/esp-idf/components/esp_coex /home/tikhon/Документы/magnolia/esp-idf/components/esp_common /home/tikhon/Документы/magnolia/esp-idf/components/esp_driver_ana_cmpr /home/tikhon/Документы/magnolia/esp-idf/components/esp_driver_bitscrambler /home/tikhon/Документы/magnolia/esp-idf/components/esp_driver_cam /home/tikhon/Документы/magnolia/esp-idf/components/esp_driver_dac /home/tikhon/Документы/magnolia/esp-idf/components/esp_driver_gpio /home/tikhon/Документы/magnolia/esp-idf/components/esp_driver_gptimer /home/tikhon/Документы/magnolia/esp-idf/components/esp_driver_i2c /home/tikhon/Документы/magnolia/esp-idf/components/esp_driver_i2s /home/tikhon/Документы/magnolia/esp-idf/components/esp_driver_i3c /home/tikhon/Документы/magnolia/esp-idf/components/esp_driver_isp /home/tikhon/Документы/magnolia/esp-idf/components/esp_driver_jpeg /home/tikhon/Документы/magnolia/esp-idf/components/esp_driver_ledc /home/tikhon/Документы/magnolia/esp-idf/components/esp_driver_mcpwm /home/tikhon/Документы/magnolia/esp-idf/components/esp_driver_parlio /home/tikhon/Документы/magnolia/esp-idf/components/esp_driver_pcnt /home/tikhon/Документы/magnolia/esp-idf/components/esp_driver_ppa /home/tikhon/Документы/magnolia/esp-idf/components/esp_driver_rmt /home/tikhon/Документы/magnolia/esp-idf/components/esp_driver_sd_intf /home/tikhon/Документы/magnolia/esp-idf/components/esp_driver_sdio /home/tikhon/Документы/magnolia/esp-idf/components/esp_driver_sdm /home/tikhon/Документы/magnolia/esp-idf/components/esp_driver_sdmmc /home/tikhon/Документы/magnolia/esp-idf/components/esp_driver_sdspi /home/tikhon/Документы/magnolia/esp-idf/components/esp_driver_spi /home/tikhon/Документы/magnolia/esp-idf/components/esp_driver_touch_sens /home/tikhon/Документы/magnolia/esp-idf/components/esp_driver_tsens /home/tikhon/Документы/magnolia/esp-idf/components/esp_driver_twai /home/tikhon/Документы/magnolia/esp-idf/components/esp_driver_uart /home/tikhon/Документы/magnolia/esp-idf/components/esp_driver_usb_serial_jtag /home/tikhon/Документы/magnolia/esp-idf/components/esp_eth /home/tikhon/Документы/magnolia/esp-idf/components/esp_event /home/tikhon/Документы/magnolia/esp-idf/components/esp_gdbstub /home/tikhon/Документы/magnolia/esp-idf/components/esp_hid /home/tikhon/Документы/magnolia/esp-idf/components/esp_http_client /home/tikhon/Документы/magnolia/esp-idf/components/esp_http_server /home/tikhon/Документы/magnolia/esp-idf/components/esp_https_ota /home/tikhon/Документы/magnolia/esp-idf/components/esp_https_server /home/tikhon/Документы/magnolia/esp-idf/components/esp_hw_support /home/tikhon/Документы/magnolia/esp-idf/components/esp_lcd /home/tikhon/Документы/magnolia/esp-idf/components/esp_local_ctrl /home/tikhon/Документы/magnolia/esp-idf/components/esp_mm /home/tikhon/Документы/magnolia/esp-idf/components/esp_netif /home/tikhon/Документы/magnolia/esp-idf/components/esp_netif_stack /home/tikhon/Документы/magnolia/esp-idf/components/esp_partition /home/tikhon/Документы/magnolia/esp-idf/components/esp_phy /home/tikhon/Документы/magnolia/esp-idf/components/esp_pm /home/tikhon/Документы/magnolia/esp-idf/components/esp_psram /home/tikhon/Документы/magnolia/esp-idf/components/esp_ringbuf /home/tikhon/Документы/magnolia/esp-idf/components/esp_rom /home/tikhon/Документы/magnolia/esp-idf/components/esp_security /home/tikhon/Документы/magnolia/esp-idf/components/esp_system /home/tikhon/Документы/magnolia/esp-idf/components/esp_timer /home/tikhon/Документы/magnolia/esp-idf/components/esp_vfs_console /home/tikhon/Документы/magnolia/esp-idf/components/esp_wifi /home/tikhon/Документы/magnolia/esp-idf/components/espcoredump /home/tikhon/Документы/magnolia/esp-idf/components/esptool_py /home/tikhon/Документы/magnolia/esp-idf/components/fatfs /home/tikhon/Документы/magnolia/esp-idf/components/freertos /home/tikhon/Документы/magnolia/esp-idf/components/hal /home/tikhon/Документы/magnolia/esp-idf/components/heap /home/tikhon/Документы/magnolia/esp-idf/components/http_parser /home/tikhon/Документы/magnolia/esp-idf/components/idf_test /home/tikhon/Документы/magnolia/esp-idf/components/ieee802154 /home/tikhon/Документы/magnolia/esp-idf/components/json /home/tikhon/Документы/magnolia/esp-idf/components/log /home/tikhon/Документы/magnolia/esp-idf/components/lwip /home/tikhon/Документы/magnolia/applets/mainline/cd/main /home/tikhon/Документы/magnolia/esp-idf/components/mbedtls /home/tikhon/Документы/magnolia/esp-idf/components/mqtt /home/tikhon/Документы/magnolia/esp-idf/components/newlib /home/tikhon/Документы/magnolia/esp-idf/components/nvs_flash /home/tikhon/Документы/magnolia/esp-idf/components/nvs_sec_provider /home/tikhon/Документы/magnolia/esp-idf/components/openthread /home/tikhon/Документы/magnolia/esp-idf/components/partition_table /home/tikhon/Документы/magnolia/esp-idf/components/perfmon /home/tikhon/Документы/magnolia/esp-idf/components/protobuf-c /home/tikhon/Документы/magnolia/esp-idf/components/protocomm /home/tikhon/Документы/magnolia/esp-idf/components/pthread /home/tikhon/Документы/magnolia/esp-idf/components/rt /home/tikhon/Документы/magnolia/esp-idf/components/sdmmc /home/tikhon/Документы/magnolia/esp-idf/components/soc /home/tikhon/Документы/magnolia/esp-idf/components/spi_flash /home/tikhon/Документы/magnolia/esp-idf/components/spiffs /home/tikhon/Документы/magnolia/esp-idf/components/tcp_transport /home/tikhon/Документы/magnolia/esp-idf/components/touch_element /home/tikhon/Документы/magnolia/esp-idf/components/ulp /home/tikhon/Документы/magnolia/esp-idf/components/unity /home/tikhon/Документы/magnolia/esp-idf/components/usb /home/tikhon/Документы/magnolia/esp-idf/components/vfs /home/tikhon/Документы/magnolia/esp-idf/components/wear_levelling /home/tikhon/Документы/magnolia/esp-idf/components/wifi_provisioning /home/tikhon/Документы/magnolia/esp-idf/components/wpa_supplicant /home/tikhon/Документы/magnolia/esp-idf/components/xtensa
-- Components: app_trace app_update bootloader bootloader_support bt cmock console cxx driver efuse esp-tls esp_adc esp_app_format esp_bootloader_format esp_coex esp_common esp_driver_ana_cmpr esp_driver_bitscrambler esp_driver_cam esp_driver_dac esp_driver_gpio esp_driver_gptimer esp_driver_i2c esp_driver_i2s esp_driver_i3c esp_driver_isp esp_driver_jpeg esp_driver_ledc esp_driver_mcpwm esp_driver_parlio esp_driver_pcnt esp_driver_ppa esp_driver_rmt esp_driver_sd_intf esp_driver_sdio esp_driver_sdm esp_driver_sdmmc esp_driver_sdspi esp_driver_spi esp_driver_touch_sens esp_driver_tsens esp_driver_twai esp_driver_uart esp_driver_usb_serial_jtag esp_eth esp_event esp_gdbstub esp_hid esp_http_client esp_http_server esp_https_ota esp_https_server esp_hw_support esp_lcd esp_local_ctrl esp_mm esp_netif esp_netif_stack esp_partition esp_phy esp_pm esp_psram esp_ringbuf esp_rom esp_security esp_system esp_timer esp_vfs_console esp_wifi espcoredump esptool_py fatfs freertos hal heap http_parser idf_test ieee802154 json log lwip main mbedtls mqtt newlib nvs_flash nvs_sec_provider openthread partition_table perfmon protobuf-c protocomm pthread rt sdmmc soc spi_flash spiffs tcp_transport touch_element ulp unity usb vfs wear_levelling wifi_provisioning wpa_supplicant xtensa
-- Component paths: /home/tikhon/Документы/magnolia/esp-idf/components/app_trace /home/tikhon/Документы/magnolia/esp-idf/components/app_update /home/tikhon/Документы/magnolia/esp-idf/components/bootloader /home/tikhon/Документы/magnolia/esp-idf/components/bootloader_support /home/tikhon/Документы/magnolia/esp-idf/components/bt /home/tikhon/Документы/magnolia/esp-idf/components/cmock /home/tikhon/Документы/magnolia/esp-idf/components/console /home/tikhon/Документы/magnolia/esp-idf/components/cxx /home/tikhon/Документы/magnolia/esp-idf/components/driver /home/tikhon/Документы/magnolia/esp-idf/components/efuse /home/tikhon/Документы/magnolia/esp-idf/components/esp-tls /home/tikhon/Документы/magnolia/esp-idf/components/esp_adc /home/tikhon/Документы/magnolia/esp-idf/components/esp_app_format /home/tikhon/Документы/magnolia/esp-idf/components/esp_bootloader_format /home/tikhon/Документы/magnolia/esp-idf/components/esp_coex /home/tikhon/Документы/magnolia/esp-idf/components/esp_common /home/tikhon/Документы/magnolia/esp-idf/components/esp_driver_ana_cmpr /home/tikhon/Документы/magnolia/esp-idf/components/esp_driver_bitscrambler /home/tikhon/Документы/magnolia/esp-idf/components/esp_driver_cam /home/tikhon/Документы/magnolia/esp-idf/components/esp_driver_dac /home/tikhon/Документы/magnolia/esp-idf/components/esp_driver_gpio /home/tikhon/Документы/magnolia/esp-idf/components/esp_driver_gptimer /home/tikhon/Документы/magnolia/esp-idf/components/esp_driver_i2c /home/tikhon/Документы/magnolia/esp-idf/components/esp_driver_i2s /home/tikhon/Документы/magnolia/esp-idf/components/esp_driver_i3c /home/tikhon/Документы/magnolia/esp-idf/components/esp_driver_isp /home/tikhon/Документы/magnolia/esp-idf/components/esp_driver_jpeg /home/tikhon/Документы/magnolia/esp-idf/components/esp_driver_ledc /home/tikhon/Документы/magnolia/esp-idf/components/esp_driver_mcpwm /home/tikhon/Документы/magnolia/esp-idf/components/esp_driver_parlio /home/tikhon/Документы/magnolia/esp-idf/components/esp_driver_pcnt /home/tikhon/Документы/magnolia/esp-idf/components/esp_driver_ppa /home/tikhon/Документы/magnolia/esp-idf/components/esp_driver_rmt /home/tikhon/Документы/magnolia/esp-idf/components/esp_driver_sd_intf /home/tikhon/Документы/magnolia/esp-idf/components/esp_driver_sdio /home/tikhon/Документы/magnolia/esp-idf/components/esp_driver_sdm /home/tikhon/Документы/magnolia/esp-idf/components/esp_driver_sdmmc /home/tikhon/Документы/magnolia/esp-idf/components/esp_driver_sdspi /home/tikhon/Документы/magnolia/esp-idf/components/esp_driver_spi /home/tikhon/Документы/magnolia/esp-idf/components/esp_driver_touch_sens /home/tikhon/Документы/magnolia/esp-idf/components/esp_driver_tsens /home/tikhon/Документы/magnolia/esp-idf/components/esp_driver_twai /home/tikhon/Документы/magnolia/esp-idf/components/esp_driver_uart /home/tikhon/Документы/magnolia/esp-idf/components/esp_driver_usb_serial_jtag /home/tikhon/Документы/magnolia/esp-idf/components/esp_eth /home/tikhon/Документы/magnolia/esp-idf/components/esp_event /home/tikhon/Документы/magnolia/esp-idf/components/esp_gdbstub /home/tikhon/Документы/magnolia/esp-idf/components/esp_hid /home/tikhon/Документы/magnolia/esp-idf/components/esp_http_client /home/tikhon/Документы/magnolia/esp-idf/components/esp_http_server /home/tikhon/Документы/magnolia/esp-idf/components/esp_https_ota /home/tikhon/Документы/magnolia/esp-idf/components/esp_https_server /home/tikhon/Документы/magnolia/esp-idf/components/esp_hw_support /home/tikhon/Документы/magnolia/esp-idf/components/esp_lcd /home/tikhon/Документы/magnolia/esp-idf/components/esp_local_ctrl /home/tikhon/Документы/magnolia/esp-idf/components/esp_mm /home/tikhon/Документы/magnolia/esp-idf/components/esp_netif /home/tikhon/Документы/magnolia/esp-idf/components/esp_netif_stack /home/tikhon/Документы/magnolia/esp-idf/components/esp_partition /home/tikhon/Документы/magnolia/esp-idf/components/esp_phy /home/tikhon/Документы/magnolia/esp-idf/components/esp_pm /home/tikhon/Документы/magnolia/esp-idf/components/esp_psram /home/tikhon/Документы/magnolia/esp-idf/components/esp_ringbuf /home/tikhon/Документы/magnolia/esp-idf/components/esp_rom /home/tikhon/Документы/magnolia/esp-idf/components/esp_security /home/tikhon/Документы/magnolia/esp-idf/components/esp_system /home/tikhon/Документы/magnolia/esp-idf/components/esp_timer /home/tikhon/Документы/magnolia/esp-idf/components/esp_vfs_console /home/tikhon/Документы/magnolia/esp-idf/components/esp_wifi /home/tikhon/Документы/magnolia/esp-idf/components/espcoredump /home/tikhon/Документы/magnolia/esp-idf/components/esptool_py /home/tikhon/Документы/magnolia/esp-idf/components/fatfs /home/tikhon/Документы/magnolia/esp-idf/components/freertos /home/tikhon/Документы/magnolia/esp-idf/components/hal /home/tikhon/Документы/magnolia/esp-idf/components/heap /home/tikhon/Документы/magnolia/esp-idf/components/http_parser /home/tikhon/Документы/magnolia/esp-idf/components/idf_test /home/tikhon/Документы/magnolia/esp-idf/components/ieee802154 /home/tikhon/Документы/magnolia/esp-idf/components/json /home/tikhon/Документы/magnolia/esp-idf/components/log /home/tikhon/Документы/magnolia/esp-idf/components/lwip /home/tikhon/Документы/magnolia/applets/mainline/cksum/main /home/tikhon/Документы/magnolia/esp-idf/components/mbedtls /home/tikhon/Документы/magnolia/esp-idf/components/mqtt /home/tikhon/Документы/magnolia/esp-idf/components/newlib /home/tikhon/Документы/magnolia/esp-idf/components/nvs_flash /home/tikhon/Документы/magnolia/esp-idf/components/nvs_sec_provider /home/tikhon/Документы/magnolia/esp-idf/components/openthread /home/tikhon/Документы/magnolia/esp-idf/components/partition_table /home/tikhon/Документы/magnolia/esp-idf/components/perfmon /home/tikhon/Документы/magnolia/esp-idf/components/protobuf-c /home/tikhon/Документы/magnolia/esp-idf/components/protocomm /home/tikhon/Документы/magnolia/esp-idf/components/pthread /home/tikhon/Документы/magnolia/esp-idf/components/rt /home/tikhon/Документы/magnolia/esp-idf/components/sdmmc /home/tikhon/Документы/magnolia/esp-idf/components/soc /home/tikhon/Документы/magnolia/esp-idf/components/spi_flash /home/tikhon/Документы/magnolia/esp-idf/components/spiffs /home/tikhon/Документы/magnolia/esp-idf/components/tcp_transport /home/tikhon/Документы/magnolia/esp-idf/components/touch_element /home/tikhon/Документы/magnolia/esp-idf/components/ulp /home/tikhon/Документы/magnolia/esp-idf/components/unity /home/tikhon/Документы/magnolia/esp-idf/components/usb /home/tikhon/Документы/magnolia/esp-idf/components/vfs /home/tikhon/Документы/magnolia/esp-idf/components/wear_levelling /home/tikhon/Документы/magnolia/esp-idf/components/wifi_provisioning /home/tikhon/Документы/magnolia/esp-idf/components/wpa_supplicant /home/tikhon/Документы/magnolia/esp-idf/components/xtensa
-- Configuring done (3.9s)
-- Configuring done (3.9s)
-- Components: app_trace app_update bootloader bootloader_support bt cmock console cxx driver efuse esp-tls esp_adc esp_app_format esp_bootloader_format esp_coex esp_common esp_driver_ana_cmpr esp_driver_bitscrambler esp_driver_cam esp_driver_dac esp_driver_gpio esp_driver_gptimer esp_driver_i2c esp_driver_i2s esp_driver_i3c esp_driver_isp esp_driver_jpeg esp_driver_ledc esp_driver_mcpwm esp_driver_parlio esp_driver_pcnt esp_driver_ppa esp_driver_rmt esp_driver_sd_intf esp_driver_sdio esp_driver_sdm esp_driver_sdmmc esp_driver_sdspi esp_driver_spi esp_driver_touch_sens esp_driver_tsens esp_driver_twai esp_driver_uart esp_driver_usb_serial_jtag esp_eth esp_event esp_gdbstub esp_hid esp_http_client esp_http_server esp_https_ota esp_https_server esp_hw_support esp_lcd esp_local_ctrl esp_mm esp_netif esp_netif_stack esp_partition esp_phy esp_pm esp_psram esp_ringbuf esp_rom esp_security esp_system esp_timer esp_vfs_console esp_wifi espcoredump esptool_py fatfs freertos hal heap http_parser idf_test ieee802154 json log lwip main mbedtls mqtt newlib nvs_flash nvs_sec_provider openthread partition_table perfmon protobuf-c protocomm pthread rt sdmmc soc spi_flash spiffs tcp_transport touch_element ulp unity usb vfs wear_levelling wifi_provisioning wpa_supplicant xtensa
-- Component paths: /home/tikhon/Документы/magnolia/esp-idf/components/app_trace /home/tikhon/Документы/magnolia/esp-idf/components/app_update /home/tikhon/Документы/magnolia/esp-idf/components/bootloader /home/tikhon/Документы/magnolia/esp-idf/components/bootloader_support /home/tikhon/Документы/magnolia/esp-idf/components/bt /home/tikhon/Документы/magnolia/esp-idf/components/cmock /home/tikhon/Документы/magnolia/esp-idf/components/console /home/tikhon/Документы/magnolia/esp-idf/components/cxx /home/tikhon/Документы/magnolia/esp-idf/components/driver /home/tikhon/Документы/magnolia/esp-idf/components/efuse /home/tikhon/Документы/magnolia/esp-idf/components/esp-tls /home/tikhon/Документы/magnolia/esp-idf/components/esp_adc /home/tikhon/Документы/magnolia/esp-idf/components/esp_app_format /home/tikhon/Документы/magnolia/esp-idf/components/esp_bootloader_format /home/tikhon/Документы/magnolia/esp-idf/components/esp_coex /home/tikhon/Документы/magnolia/esp-idf/components/esp_common /home/tikhon/Документы/magnolia/esp-idf/components/esp_driver_ana_cmpr /home/tikhon/Документы/magnolia/esp-idf/components/esp_driver_bitscrambler /home/tikhon/Документы/magnolia/esp-idf/components/esp_driver_cam /home/tikhon/Документы/magnolia/esp-idf/components/esp_driver_dac /home/tikhon/Документы/magnolia/esp-idf/components/esp_driver_gpio /home/tikhon/Документы/magnolia/esp-idf/components/esp_driver_gptimer /home/tikhon/Документы/magnolia/esp-idf/components/esp_driver_i2c /home/tikhon/Документы/magnolia/esp-idf/components/esp_driver_i2s /home/tikhon/Документы/magnolia/esp-idf/components/esp_driver_i3c /home/tikhon/Документы/magnolia/esp-idf/components/esp_driver_isp /home/tikhon/Документы/magnolia/esp-idf/components/esp_driver_jpeg /home/tikhon/Документы/magnolia/esp-idf/components/esp_driver_ledc /home/tikhon/Документы/magnolia/esp-idf/components/esp_driver_mcpwm /home/tikhon/Документы/magnolia/esp-idf/components/esp_driver_parlio /home/tikhon/Документы/magnolia/esp-idf/components/esp_driver_pcnt /home/tikhon/Документы/magnolia/esp-idf/components/esp_driver_ppa /home/tikhon/Документы/magnolia/esp-idf/components/esp_driver_rmt /home/tikhon/Документы/magnolia/esp-idf/components/esp_driver_sd_intf /home/tikhon/Документы/magnolia/esp-idf/components/esp_driver_sdio /home/tikhon/Документы/magnolia/esp-idf/components/esp_driver_sdm /home/tikhon/Документы/magnolia/esp-idf/components/esp_driver_sdmmc /home/tikhon/Документы/magnolia/esp-idf/components/esp_driver_sdspi /home/tikhon/Документы/magnolia/esp-idf/components/esp_driver_spi /home/tikhon/Документы/magnolia/esp-idf/components/esp_driver_touch_sens /home/tikhon/Документы/magnolia/esp-idf/components/esp_driver_tsens /home/tikhon/Документы/magnolia/esp-idf/components/esp_driver_twai /home/tikhon/Документы/magnolia/esp-idf/components/esp_driver_uart /home/tikhon/Документы/magnolia/esp-idf/components/esp_driver_usb_serial_jtag /home/tikhon/Документы/magnolia/esp-idf/components/esp_eth /home/tikhon/Документы/magnolia/esp-idf/components/esp_event /home/tikhon/Документы/magnolia/esp-idf/components/esp_gdbstub /home/tikhon/Документы/magnolia/esp-idf/components/esp_hid /home/tikhon/Документы/magnolia/esp-idf/components/esp_http_client /home/tikhon/Документы/magnolia/esp-idf/components/esp_http_server /home/tikhon/Документы/magnolia/esp-idf/components/esp_https_ota /home/tikhon/Документы/magnolia/esp-idf/components/esp_https_server /home/tikhon/Документы/magnolia/esp-idf/components/esp_hw_support /home/tikhon/Документы/magnolia/esp-idf/components/esp_lcd /home/tikhon/Документы/magnolia/esp-idf/components/esp_local_ctrl /home/tikhon/Документы/magnolia/esp-idf/components/esp_mm /home/tikhon/Документы/magnolia/esp-idf/components/esp_netif /home/tikhon/Документы/magnolia/esp-idf/components/esp_netif_stack /home/tikhon/Документы/magnolia/esp-idf/components/esp_partition /home/tikhon/Документы/magnolia/esp-idf/components/esp_phy /home/tikhon/Документы/magnolia/esp-idf/components/esp_pm /home/tikhon/Документы/magnolia/esp-idf/components/esp_psram /home/tikhon/Документы/magnolia/esp-idf/components/esp_ringbuf /home/tikhon/Документы/magnolia/esp-idf/components/esp_rom /home/tikhon/Документы/magnolia/esp-idf/components/esp_security /home/tikhon/Документы/magnolia/esp-idf/components/esp_system /home/tikhon/Документы/magnolia/esp-idf/components/esp_timer /home/tikhon/Документы/magnolia/esp-idf/components/esp_vfs_console /home/tikhon/Документы/magnolia/esp-idf/components/esp_wifi /home/tikhon/Документы/magnolia/esp-idf/components/espcoredump /home/tikhon/Документы/magnolia/esp-idf/components/esptool_py /home/tikhon/Документы/magnolia/esp-idf/components/fatfs /home/tikhon/Документы/magnolia/esp-idf/components/freertos /home/tikhon/Документы/magnolia/esp-idf/components/hal /home/tikhon/Документы/magnolia/esp-idf/components/heap /home/tikhon/Документы/magnolia/esp-idf/components/http_parser /home/tikhon/Документы/magnolia/esp-idf/components/idf_test /home/tikhon/Документы/magnolia/esp-idf/components/ieee802154 /home/tikhon/Документы/magnolia/esp-idf/components/json /home/tikhon/Документы/magnolia/esp-idf/components/log /home/tikhon/Документы/magnolia/esp-idf/components/lwip /home/tikhon/Документы/magnolia/applets/mainline/cat/main /home/tikhon/Документы/magnolia/esp-idf/components/mbedtls /home/tikhon/Документы/magnolia/esp-idf/components/mqtt /home/tikhon/Документы/magnolia/esp-idf/components/newlib /home/tikhon/Документы/magnolia/esp-idf/components/nvs_flash /home/tikhon/Документы/magnolia/esp-idf/components/nvs_sec_provider /home/tikhon/Документы/magnolia/esp-idf/components/openthread /home/tikhon/Документы/magnolia/esp-idf/components/partition_table /home/tikhon/Документы/magnolia/esp-idf/components/perfmon /home/tikhon/Документы/magnolia/esp-idf/components/protobuf-c /home/tikhon/Документы/magnolia/esp-idf/components/protocomm /home/tikhon/Документы/magnolia/esp-idf/components/pthread /home/tikhon/Документы/magnolia/esp-idf/components/rt /home/tikhon/Документы/magnolia/esp-idf/components/sdmmc /home/tikhon/Документы/magnolia/esp-idf/components/soc /home/tikhon/Документы/magnolia/esp-idf/components/spi_flash /home/tikhon/Документы/magnolia/esp-idf/components/spiffs /home/tikhon/Документы/magnolia/esp-idf/components/tcp_transport /home/tikhon/Документы/magnolia/esp-idf/components/touch_element /home/tikhon/Документы/magnolia/esp-idf/components/ulp /home/tikhon/Документы/magnolia/esp-idf/components/unity /home/tikhon/Документы/magnolia/esp-idf/components/usb /home/tikhon/Документы/magnolia/esp-idf/components/vfs /home/tikhon/Документы/magnolia/esp-idf/components/wear_levelling /home/tikhon/Документы/magnolia/esp-idf/components/wifi_provisioning /home/tikhon/Документы/magnolia/esp-idf/components/wpa_supplicant /home/tikhon/Документы/magnolia/esp-idf/components/xtensa
-- Configuring done (3.8s)
NOTICE: Processing 3 dependencies:
NOTICE: [1/3] espressif/cmake_utilities (0.5.3)
NOTICE: [2/3] espressif/elf_loader (1.1.1)
-- Components: app_trace app_update bootloader bootloader_support bt cmock console cxx driver efuse esp-tls esp_adc esp_app_format esp_bootloader_format esp_coex esp_common esp_driver_ana_cmpr esp_driver_bitscrambler esp_driver_cam esp_driver_dac esp_driver_gpio esp_driver_gptimer esp_driver_i2c esp_driver_i2s esp_driver_i3c esp_driver_isp esp_driver_jpeg esp_driver_ledc esp_driver_mcpwm esp_driver_parlio esp_driver_pcnt esp_driver_ppa esp_driver_rmt esp_driver_sd_intf esp_driver_sdio esp_driver_sdm esp_driver_sdmmc esp_driver_sdspi esp_driver_spi esp_driver_touch_sens esp_driver_tsens esp_driver_twai esp_driver_uart esp_driver_usb_serial_jtag esp_eth esp_event esp_gdbstub esp_hid esp_http_client esp_http_server esp_https_ota esp_https_server esp_hw_support esp_lcd esp_local_ctrl esp_mm esp_netif esp_netif_stack esp_partition esp_phy esp_pm esp_psram esp_ringbuf esp_rom esp_security esp_system esp_timer esp_vfs_console esp_wifi espcoredump esptool_py fatfs freertos hal heap http_parser idf_test ieee802154 json log lwip main mbedtls mqtt newlib nvs_flash nvs_sec_provider openthread partition_table perfmon protobuf-c protocomm pthread rt sdmmc soc spi_flash spiffs tcp_transport touch_element ulp unity usb vfs wear_levelling wifi_provisioning wpa_supplicant xtensa
-- Component paths: /home/tikhon/Документы/magnolia/esp-idf/components/app_trace /home/tikhon/Документы/magnolia/esp-idf/components/app_update /home/tikhon/Документы/magnolia/esp-idf/components/bootloader /home/tikhon/Документы/magnolia/esp-idf/components/bootloader_support /home/tikhon/Документы/magnolia/esp-idf/components/bt /home/tikhon/Документы/magnolia/esp-idf/components/cmock /home/tikhon/Документы/magnolia/esp-idf/components/console /home/tikhon/Документы/magnolia/esp-idf/components/cxx /home/tikhon/Документы/magnolia/esp-idf/components/driver /home/tikhon/Документы/magnolia/esp-idf/components/efuse /home/tikhon/Документы/magnolia/esp-idf/components/esp-tls /home/tikhon/Документы/magnolia/esp-idf/components/esp_adc /home/tikhon/Документы/magnolia/esp-idf/components/esp_app_format /home/tikhon/Документы/magnolia/esp-idf/components/esp_bootloader_format /home/tikhon/Документы/magnolia/esp-idf/components/esp_coex /home/tikhon/Документы/magnolia/esp-idf/components/esp_common /home/tikhon/Документы/magnolia/esp-idf/components/esp_driver_ana_cmpr /home/tikhon/Документы/magnolia/esp-idf/components/esp_driver_bitscrambler /home/tikhon/Документы/magnolia/esp-idf/components/esp_driver_cam /home/tikhon/Документы/magnolia/esp-idf/components/esp_driver_dac /home/tikhon/Документы/magnolia/esp-idf/components/esp_driver_gpio /home/tikhon/Документы/magnolia/esp-idf/components/esp_driver_gptimer /home/tikhon/Документы/magnolia/esp-idf/components/esp_driver_i2c /home/tikhon/Документы/magnolia/esp-idf/components/esp_driver_i2s /home/tikhon/Документы/magnolia/esp-idf/components/esp_driver_i3c /home/tikhon/Документы/magnolia/esp-idf/components/esp_driver_isp /home/tikhon/Документы/magnolia/esp-idf/components/esp_driver_jpeg /home/tikhon/Документы/magnolia/esp-idf/components/esp_driver_ledc /home/tikhon/Документы/magnolia/esp-idf/components/esp_driver_mcpwm /home/tikhon/Документы/magnolia/esp-idf/components/esp_driver_parlio /home/tikhon/Документы/magnolia/esp-idf/components/esp_driver_pcnt /home/tikhon/Документы/magnolia/esp-idf/components/esp_driver_ppa /home/tikhon/Документы/magnolia/esp-idf/components/esp_driver_rmt /home/tikhon/Документы/magnolia/esp-idf/components/esp_driver_sd_intf /home/tikhon/Документы/magnolia/esp-idf/components/esp_driver_sdio /home/tikhon/Документы/magnolia/esp-idf/components/esp_driver_sdm /home/tikhon/Документы/magnolia/esp-idf/components/esp_driver_sdmmc /home/tikhon/Документы/magnolia/esp-idf/components/esp_driver_sdspi /home/tikhon/Документы/magnolia/esp-idf/components/esp_driver_spi /home/tikhon/Документы/magnolia/esp-idf/components/esp_driver_touch_sens /home/tikhon/Документы/magnolia/esp-idf/components/esp_driver_tsens /home/tikhon/Документы/magnolia/esp-idf/components/esp_driver_twai /home/tikhon/Документы/magnolia/esp-idf/components/esp_driver_uart /home/tikhon/Документы/magnolia/esp-idf/components/esp_driver_usb_serial_jtag /home/tikhon/Документы/magnolia/esp-idf/components/esp_eth /home/tikhon/Документы/magnolia/esp-idf/components/esp_event /home/tikhon/Документы/magnolia/esp-idf/components/esp_gdbstub /home/tikhon/Документы/magnolia/esp-idf/components/esp_hid /home/tikhon/Документы/magnolia/esp-idf/components/esp_http_client /home/tikhon/Документы/magnolia/esp-idf/components/esp_http_server /home/tikhon/Документы/magnolia/esp-idf/components/esp_https_ota /home/tikhon/Документы/magnolia/esp-idf/components/esp_https_server /home/tikhon/Документы/magnolia/esp-idf/components/esp_hw_support /home/tikhon/Документы/magnolia/esp-idf/components/esp_lcd /home/tikhon/Документы/magnolia/esp-idf/components/esp_local_ctrl /home/tikhon/Документы/magnolia/esp-idf/components/esp_mm /home/tikhon/Документы/magnolia/esp-idf/components/esp_netif /home/tikhon/Документы/magnolia/esp-idf/components/esp_netif_stack /home/tikhon/Документы/magnolia/esp-idf/components/esp_partition /home/tikhon/Документы/magnolia/esp-idf/components/esp_phy /home/tikhon/Документы/magnolia/esp-idf/components/esp_pm /home/tikhon/Документы/magnolia/esp-idf/components/esp_psram /home/tikhon/Документы/magnolia/esp-idf/components/esp_ringbuf /home/tikhon/Документы/magnolia/esp-idf/components/esp_rom /home/tikhon/Документы/magnolia/esp-idf/components/esp_security /home/tikhon/Документы/magnolia/esp-idf/components/esp_system /home/tikhon/Документы/magnolia/esp-idf/components/esp_timer /home/tikhon/Документы/magnolia/esp-idf/components/esp_vfs_console /home/tikhon/Документы/magnolia/esp-idf/components/esp_wifi /home/tikhon/Документы/magnolia/esp-idf/components/espcoredump /home/tikhon/Документы/magnolia/esp-idf/components/esptool_py /home/tikhon/Документы/magnolia/esp-idf/components/fatfs /home/tikhon/Документы/magnolia/esp-idf/components/freertos /home/tikhon/Документы/magnolia/esp-idf/components/hal /home/tikhon/Документы/magnolia/esp-idf/components/heap /home/tikhon/Документы/magnolia/esp-idf/components/http_parser /home/tikhon/Документы/magnolia/esp-idf/components/idf_test /home/tikhon/Документы/magnolia/esp-idf/components/ieee802154 /home/tikhon/Документы/magnolia/esp-idf/components/json /home/tikhon/Документы/magnolia/esp-idf/components/log /home/tikhon/Документы/magnolia/esp-idf/components/lwip /home/tikhon/Документы/magnolia/applets/mainline/date/main /home/tikhon/Документы/magnolia/esp-idf/components/mbedtls /home/tikhon/Документы/magnolia/esp-idf/components/mqtt /home/tikhon/Документы/magnolia/esp-idf/components/newlib /home/tikhon/Документы/magnolia/esp-idf/components/nvs_flash /home/tikhon/Документы/magnolia/esp-idf/components/nvs_sec_provider /home/tikhon/Документы/magnolia/esp-idf/components/openthread /home/tikhon/Документы/magnolia/esp-idf/components/partition_table /home/tikhon/Документы/magnolia/esp-idf/components/perfmon /home/tikhon/Документы/magnolia/esp-idf/components/protobuf-c /home/tikhon/Документы/magnolia/esp-idf/components/protocomm /home/tikhon/Документы/magnolia/esp-idf/components/pthread /home/tikhon/Документы/magnolia/esp-idf/components/rt /home/tikhon/Документы/magnolia/esp-idf/components/sdmmc /home/tikhon/Документы/magnolia/esp-idf/components/soc /home/tikhon/Документы/magnolia/esp-idf/components/spi_flash /home/tikhon/Документы/magnolia/esp-idf/components/spiffs /home/tikhon/Документы/magnolia/esp-idf/components/tcp_transport /home/tikhon/Документы/magnolia/esp-idf/components/touch_element /home/tikhon/Документы/magnolia/esp-idf/components/ulp /home/tikhon/Документы/magnolia/esp-idf/components/unity /home/tikhon/Документы/magnolia/esp-idf/components/usb /home/tikhon/Документы/magnolia/esp-idf/components/vfs /home/tikhon/Документы/magnolia/esp-idf/components/wear_levelling /home/tikhon/Документы/magnolia/esp-idf/components/wifi_provisioning /home/tikhon/Документы/magnolia/esp-idf/components/wpa_supplicant /home/tikhon/Документы/magnolia/esp-idf/components/xtensa
NOTICE: [3/3] idf (6.0.0)
-- Components: app_trace app_update bootloader bootloader_support bt cmock console cxx driver efuse esp-tls esp_adc esp_app_format esp_bootloader_format esp_coex esp_common esp_driver_ana_cmpr esp_driver_bitscrambler esp_driver_cam esp_driver_dac esp_driver_gpio esp_driver_gptimer esp_driver_i2c esp_driver_i2s esp_driver_i3c esp_driver_isp esp_driver_jpeg esp_driver_ledc esp_driver_mcpwm esp_driver_parlio esp_driver_pcnt esp_driver_ppa esp_driver_rmt esp_driver_sd_intf esp_driver_sdio esp_driver_sdm esp_driver_sdmmc esp_driver_sdspi esp_driver_spi esp_driver_touch_sens esp_driver_tsens esp_driver_twai esp_driver_uart esp_driver_usb_serial_jtag esp_eth esp_event esp_gdbstub esp_hid esp_http_client esp_http_server esp_https_ota esp_https_server esp_hw_support esp_lcd esp_local_ctrl esp_mm esp_netif esp_netif_stack esp_partition esp_phy esp_pm esp_psram esp_ringbuf esp_rom esp_security esp_system esp_timer esp_vfs_console esp_wifi espcoredump esptool_py fatfs freertos hal heap http_parser idf_test ieee802154 json log lwip main mbedtls mqtt newlib nvs_flash nvs_sec_provider openthread partition_table perfmon protobuf-c protocomm pthread rt sdmmc soc spi_flash spiffs tcp_transport touch_element ulp unity usb vfs wear_levelling wifi_provisioning wpa_supplicant xtensa
-- Component paths: /home/tikhon/Документы/magnolia/esp-idf/components/app_trace /home/tikhon/Документы/magnolia/esp-idf/components/app_update /home/tikhon/Документы/magnolia/esp-idf/components/bootloader /home/tikhon/Документы/magnolia/esp-idf/components/bootloader_support /home/tikhon/Документы/magnolia/esp-idf/components/bt /home/tikhon/Документы/magnolia/esp-idf/components/cmock /home/tikhon/Документы/magnolia/esp-idf/components/console /home/tikhon/Документы/magnolia/esp-idf/components/cxx /home/tikhon/Документы/magnolia/esp-idf/components/driver /home/tikhon/Документы/magnolia/esp-idf/components/efuse /home/tikhon/Документы/magnolia/esp-idf/components/esp-tls /home/tikhon/Документы/magnolia/esp-idf/components/esp_adc /home/tikhon/Документы/magnolia/esp-idf/components/esp_app_format /home/tikhon/Документы/magnolia/esp-idf/components/esp_bootloader_format /home/tikhon/Документы/magnolia/esp-idf/components/esp_coex /home/tikhon/Документы/magnolia/esp-idf/components/esp_common /home/tikhon/Документы/magnolia/esp-idf/components/esp_driver_ana_cmpr /home/tikhon/Документы/magnolia/esp-idf/components/esp_driver_bitscrambler /home/tikhon/Документы/magnolia/esp-idf/components/esp_driver_cam /home/tikhon/Документы/magnolia/esp-idf/components/esp_driver_dac /home/tikhon/Документы/magnolia/esp-idf/components/esp_driver_gpio /home/tikhon/Документы/magnolia/esp-idf/components/esp_driver_gptimer /home/tikhon/Документы/magnolia/esp-idf/components/esp_driver_i2c /home/tikhon/Документы/magnolia/esp-idf/components/esp_driver_i2s /home/tikhon/Документы/magnolia/esp-idf/components/esp_driver_i3c /home/tikhon/Документы/magnolia/esp-idf/components/esp_driver_isp /home/tikhon/Документы/magnolia/esp-idf/components/esp_driver_jpeg /home/tikhon/Документы/magnolia/esp-idf/components/esp_driver_ledc /home/tikhon/Документы/magnolia/esp-idf/components/esp_driver_mcpwm /home/tikhon/Документы/magnolia/esp-idf/components/esp_driver_parlio /home/tikhon/Документы/magnolia/esp-idf/components/esp_driver_pcnt /home/tikhon/Документы/magnolia/esp-idf/components/esp_driver_ppa /home/tikhon/Документы/magnolia/esp-idf/components/esp_driver_rmt /home/tikhon/Документы/magnolia/esp-idf/components/esp_driver_sd_intf /home/tikhon/Документы/magnolia/esp-idf/components/esp_driver_sdio /home/tikhon/Документы/magnolia/esp-idf/components/esp_driver_sdm /home/tikhon/Документы/magnolia/esp-idf/components/esp_driver_sdmmc /home/tikhon/Документы/magnolia/esp-idf/components/esp_driver_sdspi /home/tikhon/Документы/magnolia/esp-idf/components/esp_driver_spi /home/tikhon/Документы/magnolia/esp-idf/components/esp_driver_touch_sens /home/tikhon/Документы/magnolia/esp-idf/components/esp_driver_tsens /home/tikhon/Документы/magnolia/esp-idf/components/esp_driver_twai /home/tikhon/Документы/magnolia/esp-idf/components/esp_driver_uart /home/tikhon/Документы/magnolia/esp-idf/components/esp_driver_usb_serial_jtag /home/tikhon/Документы/magnolia/esp-idf/components/esp_eth /home/tikhon/Документы/magnolia/esp-idf/components/esp_event /home/tikhon/Документы/magnolia/esp-idf/components/esp_gdbstub /home/tikhon/Документы/magnolia/esp-idf/components/esp_hid /home/tikhon/Документы/magnolia/esp-idf/components/esp_http_client /home/tikhon/Документы/magnolia/esp-idf/components/esp_http_server /home/tikhon/Документы/magnolia/esp-idf/components/esp_https_ota /home/tikhon/Документы/magnolia/esp-idf/components/esp_https_server /home/tikhon/Документы/magnolia/esp-idf/components/esp_hw_support /home/tikhon/Документы/magnolia/esp-idf/components/esp_lcd /home/tikhon/Документы/magnolia/esp-idf/components/esp_local_ctrl /home/tikhon/Документы/magnolia/esp-idf/components/esp_mm /home/tikhon/Документы/magnolia/esp-idf/components/esp_netif /home/tikhon/Документы/magnolia/esp-idf/components/esp_netif_stack /home/tikhon/Документы/magnolia/esp-idf/components/esp_partition /home/tikhon/Документы/magnolia/esp-idf/components/esp_phy /home/tikhon/Документы/magnolia/esp-idf/components/esp_pm /home/tikhon/Документы/magnolia/esp-idf/components/esp_psram /home/tikhon/Документы/magnolia/esp-idf/components/esp_ringbuf /home/tikhon/Документы/magnolia/esp-idf/components/esp_rom /home/tikhon/Документы/magnolia/esp-idf/components/esp_security /home/tikhon/Документы/magnolia/esp-idf/components/esp_system /home/tikhon/Документы/magnolia/esp-idf/components/esp_timer /home/tikhon/Документы/magnolia/esp-idf/components/esp_vfs_console /home/tikhon/Документы/magnolia/esp-idf/components/esp_wifi /home/tikhon/Документы/magnolia/esp-idf/components/espcoredump /home/tikhon/Документы/magnolia/esp-idf/components/esptool_py /home/tikhon/Документы/magnolia/esp-idf/components/fatfs /home/tikhon/Документы/magnolia/esp-idf/components/freertos /home/tikhon/Документы/magnolia/esp-idf/components/hal /home/tikhon/Документы/magnolia/esp-idf/components/heap /home/tikhon/Документы/magnolia/esp-idf/components/http_parser /home/tikhon/Документы/magnolia/esp-idf/components/idf_test /home/tikhon/Документы/magnolia/esp-idf/components/ieee802154 /home/tikhon/Документы/magnolia/esp-idf/components/json /home/tikhon/Документы/magnolia/esp-idf/components/log /home/tikhon/Документы/magnolia/esp-idf/components/lwip /home/tikhon/Документы/magnolia/applets/mainline/echo/main /home/tikhon/Документы/magnolia/esp-idf/components/mbedtls /home/tikhon/Документы/magnolia/esp-idf/components/mqtt /home/tikhon/Документы/magnolia/esp-idf/components/newlib /home/tikhon/Документы/magnolia/esp-idf/components/nvs_flash /home/tikhon/Документы/magnolia/esp-idf/components/nvs_sec_provider /home/tikhon/Документы/magnolia/esp-idf/components/openthread /home/tikhon/Документы/magnolia/esp-idf/components/partition_table /home/tikhon/Документы/magnolia/esp-idf/components/perfmon /home/tikhon/Документы/magnolia/esp-idf/components/protobuf-c /home/tikhon/Документы/magnolia/esp-idf/components/protocomm /home/tikhon/Документы/magnolia/esp-idf/components/pthread /home/tikhon/Документы/magnolia/esp-idf/components/rt /home/tikhon/Документы/magnolia/esp-idf/components/sdmmc /home/tikhon/Документы/magnolia/esp-idf/components/soc /home/tikhon/Документы/magnolia/esp-idf/components/spi_flash /home/tikhon/Документы/magnolia/esp-idf/components/spiffs /home/tikhon/Документы/magnolia/esp-idf/components/tcp_transport /home/tikhon/Документы/magnolia/esp-idf/components/touch_element /home/tikhon/Документы/magnolia/esp-idf/components/ulp /home/tikhon/Документы/magnolia/esp-idf/components/unity /home/tikhon/Документы/magnolia/esp-idf/components/usb /home/tikhon/Документы/magnolia/esp-idf/components/vfs /home/tikhon/Документы/magnolia/esp-idf/components/wear_levelling /home/tikhon/Документы/magnolia/esp-idf/components/wifi_provisioning /home/tikhon/Документы/magnolia/esp-idf/components/wpa_supplicant /home/tikhon/Документы/magnolia/esp-idf/components/xtensa
-- Configuring done (3.8s)
-- Configuring done (3.8s)
-- Components: app_trace app_update bootloader bootloader_support bt cmock console cxx driver efuse esp-tls esp_adc esp_app_format esp_bootloader_format esp_coex esp_common esp_driver_ana_cmpr esp_driver_bitscrambler esp_driver_cam esp_driver_dac esp_driver_gpio esp_driver_gptimer esp_driver_i2c esp_driver_i2s esp_driver_i3c esp_driver_isp esp_driver_jpeg esp_driver_ledc esp_driver_mcpwm esp_driver_parlio esp_driver_pcnt esp_driver_ppa esp_driver_rmt esp_driver_sd_intf esp_driver_sdio esp_driver_sdm esp_driver_sdmmc esp_driver_sdspi esp_driver_spi esp_driver_touch_sens esp_driver_tsens esp_driver_twai esp_driver_uart esp_driver_usb_serial_jtag esp_eth esp_event esp_gdbstub esp_hid esp_http_client esp_http_server esp_https_ota esp_https_server esp_hw_support esp_lcd esp_local_ctrl esp_mm esp_netif esp_netif_stack esp_partition esp_phy esp_pm esp_psram esp_ringbuf esp_rom esp_security esp_system esp_timer esp_vfs_console esp_wifi espcoredump esptool_py fatfs freertos hal heap http_parser idf_test ieee802154 json log lwip main mbedtls mqtt newlib nvs_flash nvs_sec_provider openthread partition_table perfmon protobuf-c protocomm pthread rt sdmmc soc spi_flash spiffs tcp_transport touch_element ulp unity usb vfs wear_levelling wifi_provisioning wpa_supplicant xtensa
-- Component paths: /home/tikhon/Документы/magnolia/esp-idf/components/app_trace /home/tikhon/Документы/magnolia/esp-idf/components/app_update /home/tikhon/Документы/magnolia/esp-idf/components/bootloader /home/tikhon/Документы/magnolia/esp-idf/components/bootloader_support /home/tikhon/Документы/magnolia/esp-idf/components/bt /home/tikhon/Документы/magnolia/esp-idf/components/cmock /home/tikhon/Документы/magnolia/esp-idf/components/console /home/tikhon/Документы/magnolia/esp-idf/components/cxx /home/tikhon/Документы/magnolia/esp-idf/components/driver /home/tikhon/Документы/magnolia/esp-idf/components/efuse /home/tikhon/Документы/magnolia/esp-idf/components/esp-tls /home/tikhon/Документы/magnolia/esp-idf/components/esp_adc /home/tikhon/Документы/magnolia/esp-idf/components/esp_app_format /home/tikhon/Документы/magnolia/esp-idf/components/esp_bootloader_format /home/tikhon/Документы/magnolia/esp-idf/components/esp_coex /home/tikhon/Документы/magnolia/esp-idf/components/esp_common /home/tikhon/Документы/magnolia/esp-idf/components/esp_driver_ana_cmpr /home/tikhon/Документы/magnolia/esp-idf/components/esp_driver_bitscrambler /home/tikhon/Документы/magnolia/esp-idf/components/esp_driver_cam /home/tikhon/Документы/magnolia/esp-idf/components/esp_driver_dac /home/tikhon/Документы/magnolia/esp-idf/components/esp_driver_gpio /home/tikhon/Документы/magnolia/esp-idf/components/esp_driver_gptimer /home/tikhon/Документы/magnolia/esp-idf/components/esp_driver_i2c /home/tikhon/Документы/magnolia/esp-idf/components/esp_driver_i2s /home/tikhon/Документы/magnolia/esp-idf/components/esp_driver_i3c /home/tikhon/Документы/magnolia/esp-idf/components/esp_driver_isp /home/tikhon/Документы/magnolia/esp-idf/components/esp_driver_jpeg /home/tikhon/Документы/magnolia/esp-idf/components/esp_driver_ledc /home/tikhon/Документы/magnolia/esp-idf/components/esp_driver_mcpwm /home/tikhon/Документы/magnolia/esp-idf/components/esp_driver_parlio /home/tikhon/Документы/magnolia/esp-idf/components/esp_driver_pcnt /home/tikhon/Документы/magnolia/esp-idf/components/esp_driver_ppa /home/tikhon/Документы/magnolia/esp-idf/components/esp_driver_rmt /home/tikhon/Документы/magnolia/esp-idf/components/esp_driver_sd_intf /home/tikhon/Документы/magnolia/esp-idf/components/esp_driver_sdio /home/tikhon/Документы/magnolia/esp-idf/components/esp_driver_sdm /home/tikhon/Документы/magnolia/esp-idf/components/esp_driver_sdmmc /home/tikhon/Документы/magnolia/esp-idf/components/esp_driver_sdspi /home/tikhon/Документы/magnolia/esp-idf/components/esp_driver_spi /home/tikhon/Документы/magnolia/esp-idf/components/esp_driver_touch_sens /home/tikhon/Документы/magnolia/esp-idf/components/esp_driver_tsens /home/tikhon/Документы/magnolia/esp-idf/components/esp_driver_twai /home/tikhon/Документы/magnolia/esp-idf/components/esp_driver_uart /home/tikhon/Документы/magnolia/esp-idf/components/esp_driver_usb_serial_jtag /home/tikhon/Документы/magnolia/esp-idf/components/esp_eth /home/tikhon/Документы/magnolia/esp-idf/components/esp_event /home/tikhon/Документы/magnolia/esp-idf/components/esp_gdbstub /home/tikhon/Документы/magnolia/esp-idf/components/esp_hid /home/tikhon/Документы/magnolia/esp-idf/components/esp_http_client /home/tikhon/Документы/magnolia/esp-idf/components/esp_http_server /home/tikhon/Документы/magnolia/esp-idf/components/esp_https_ota /home/tikhon/Документы/magnolia/esp-idf/components/esp_https_server /home/tikhon/Документы/magnolia/esp-idf/components/esp_hw_support /home/tikhon/Документы/magnolia/esp-idf/components/esp_lcd /home/tikhon/Документы/magnolia/esp-idf/components/esp_local_ctrl /home/tikhon/Документы/magnolia/esp-idf/components/esp_mm /home/tikhon/Документы/magnolia/esp-idf/components/esp_netif /home/tikhon/Документы/magnolia/esp-idf/components/esp_netif_stack /home/tikhon/Документы/magnolia/esp-idf/components/esp_partition /home/tikhon/Документы/magnolia/esp-idf/components/esp_phy /home/tikhon/Документы/magnolia/esp-idf/components/esp_pm /home/tikhon/Документы/magnolia/esp-idf/components/esp_psram /home/tikhon/Документы/magnolia/esp-idf/components/esp_ringbuf /home/tikhon/Документы/magnolia/esp-idf/components/esp_rom /home/tikhon/Документы/magnolia/esp-idf/components/esp_security /home/tikhon/Документы/magnolia/esp-idf/components/esp_system /home/tikhon/Документы/magnolia/esp-idf/components/esp_timer /home/tikhon/Документы/magnolia/esp-idf/components/esp_vfs_console /home/tikhon/Документы/magnolia/esp-idf/components/esp_wifi /home/tikhon/Документы/magnolia/esp-idf/components/espcoredump /home/tikhon/Документы/magnolia/esp-idf/components/esptool_py /home/tikhon/Документы/magnolia/esp-idf/components/fatfs /home/tikhon/Документы/magnolia/esp-idf/components/freertos /home/tikhon/Документы/magnolia/esp-idf/components/hal /home/tikhon/Документы/magnolia/esp-idf/components/heap /home/tikhon/Документы/magnolia/esp-idf/components/http_parser /home/tikhon/Документы/magnolia/esp-idf/components/idf_test /home/tikhon/Документы/magnolia/esp-idf/components/ieee802154 /home/tikhon/Документы/magnolia/esp-idf/components/json /home/tikhon/Документы/magnolia/esp-idf/components/log /home/tikhon/Документы/magnolia/esp-idf/components/lwip /home/tikhon/Документы/magnolia/applets/mainline/dirname/main /home/tikhon/Документы/magnolia/esp-idf/components/mbedtls /home/tikhon/Документы/magnolia/esp-idf/components/mqtt /home/tikhon/Документы/magnolia/esp-idf/components/newlib /home/tikhon/Документы/magnolia/esp-idf/components/nvs_flash /home/tikhon/Документы/magnolia/esp-idf/components/nvs_sec_provider /home/tikhon/Документы/magnolia/esp-idf/components/openthread /home/tikhon/Документы/magnolia/esp-idf/components/partition_table /home/tikhon/Документы/magnolia/esp-idf/components/perfmon /home/tikhon/Документы/magnolia/esp-idf/components/protobuf-c /home/tikhon/Документы/magnolia/esp-idf/components/protocomm /home/tikhon/Документы/magnolia/esp-idf/components/pthread /home/tikhon/Документы/magnolia/esp-idf/components/rt /home/tikhon/Документы/magnolia/esp-idf/components/sdmmc /home/tikhon/Документы/magnolia/esp-idf/components/soc /home/tikhon/Документы/magnolia/esp-idf/components/spi_flash /home/tikhon/Документы/magnolia/esp-idf/components/spiffs /home/tikhon/Документы/magnolia/esp-idf/components/tcp_transport /home/tikhon/Документы/magnolia/esp-idf/components/touch_element /home/tikhon/Документы/magnolia/esp-idf/components/ulp /home/tikhon/Документы/magnolia/esp-idf/components/unity /home/tikhon/Документы/magnolia/esp-idf/components/usb /home/tikhon/Документы/magnolia/esp-idf/components/vfs /home/tikhon/Документы/magnolia/esp-idf/components/wear_levelling /home/tikhon/Документы/magnolia/esp-idf/components/wifi_provisioning /home/tikhon/Документы/magnolia/esp-idf/components/wpa_supplicant /home/tikhon/Документы/magnolia/esp-idf/components/xtensa
-- Components: app_trace app_update bootloader bootloader_support bt cmock console cxx driver efuse esp-tls esp_adc esp_app_format esp_bootloader_format esp_coex esp_common esp_driver_ana_cmpr esp_driver_bitscrambler esp_driver_cam esp_driver_dac esp_driver_gpio esp_driver_gptimer esp_driver_i2c esp_driver_i2s esp_driver_i3c esp_driver_isp esp_driver_jpeg esp_driver_ledc esp_driver_mcpwm esp_driver_parlio esp_driver_pcnt esp_driver_ppa esp_driver_rmt esp_driver_sd_intf esp_driver_sdio esp_driver_sdm esp_driver_sdmmc esp_driver_sdspi esp_driver_spi esp_driver_touch_sens esp_driver_tsens esp_driver_twai esp_driver_uart esp_driver_usb_serial_jtag esp_eth esp_event esp_gdbstub esp_hid esp_http_client esp_http_server esp_https_ota esp_https_server esp_hw_support esp_lcd esp_local_ctrl esp_mm esp_netif esp_netif_stack esp_partition esp_phy esp_pm esp_psram esp_ringbuf esp_rom esp_security esp_system esp_timer esp_vfs_console esp_wifi espcoredump esptool_py fatfs freertos hal heap http_parser idf_test ieee802154 json log lwip main mbedtls mqtt newlib nvs_flash nvs_sec_provider openthread partition_table perfmon protobuf-c protocomm pthread rt sdmmc soc spi_flash spiffs tcp_transport touch_element ulp unity usb vfs wear_levelling wifi_provisioning wpa_supplicant xtensa
-- Component paths: /home/tikhon/Документы/magnolia/esp-idf/components/app_trace /home/tikhon/Документы/magnolia/esp-idf/components/app_update /home/tikhon/Документы/magnolia/esp-idf/components/bootloader /home/tikhon/Документы/magnolia/esp-idf/components/bootloader_support /home/tikhon/Документы/magnolia/esp-idf/components/bt /home/tikhon/Документы/magnolia/esp-idf/components/cmock /home/tikhon/Документы/magnolia/esp-idf/components/console /home/tikhon/Документы/magnolia/esp-idf/components/cxx /home/tikhon/Документы/magnolia/esp-idf/components/driver /home/tikhon/Документы/magnolia/esp-idf/components/efuse /home/tikhon/Документы/magnolia/esp-idf/components/esp-tls /home/tikhon/Документы/magnolia/esp-idf/components/esp_adc /home/tikhon/Документы/magnolia/esp-idf/components/esp_app_format /home/tikhon/Документы/magnolia/esp-idf/components/esp_bootloader_format /home/tikhon/Документы/magnolia/esp-idf/components/esp_coex /home/tikhon/Документы/magnolia/esp-idf/components/esp_common /home/tikhon/Документы/magnolia/esp-idf/components/esp_driver_ana_cmpr /home/tikhon/Документы/magnolia/esp-idf/components/esp_driver_bitscrambler /home/tikhon/Документы/magnolia/esp-idf/components/esp_driver_cam /home/tikhon/Документы/magnolia/esp-idf/components/esp_driver_dac /home/tikhon/Документы/magnolia/esp-idf/components/esp_driver_gpio /home/tikhon/Документы/magnolia/esp-idf/components/esp_driver_gptimer /home/tikhon/Документы/magnolia/esp-idf/components/esp_driver_i2c /home/tikhon/Документы/magnolia/esp-idf/components/esp_driver_i2s /home/tikhon/Документы/magnolia/esp-idf/components/esp_driver_i3c /home/tikhon/Документы/magnolia/esp-idf/components/esp_driver_isp /home/tikhon/Документы/magnolia/esp-idf/components/esp_driver_jpeg /home/tikhon/Документы/magnolia/esp-idf/components/esp_driver_ledc /home/tikhon/Документы/magnolia/esp-idf/components/esp_driver_mcpwm /home/tikhon/Документы/magnolia/esp-idf/components/esp_driver_parlio /home/tikhon/Документы/magnolia/esp-idf/components/esp_driver_pcnt /home/tikhon/Документы/magnolia/esp-idf/components/esp_driver_ppa /home/tikhon/Документы/magnolia/esp-idf/components/esp_driver_rmt /home/tikhon/Документы/magnolia/esp-idf/components/esp_driver_sd_intf /home/tikhon/Документы/magnolia/esp-idf/components/esp_driver_sdio /home/tikhon/Документы/magnolia/esp-idf/components/esp_driver_sdm /home/tikhon/Документы/magnolia/esp-idf/components/esp_driver_sdmmc /home/tikhon/Документы/magnolia/esp-idf/components/esp_driver_sdspi /home/tikhon/Документы/magnolia/esp-idf/components/esp_driver_spi /home/tikhon/Документы/magnolia/esp-idf/components/esp_driver_touch_sens /home/tikhon/Документы/magnolia/esp-idf/components/esp_driver_tsens /home/tikhon/Документы/magnolia/esp-idf/components/esp_driver_twai /home/tikhon/Документы/magnolia/esp-idf/components/esp_driver_uart /home/tikhon/Документы/magnolia/esp-idf/components/esp_driver_usb_serial_jtag /home/tikhon/Документы/magnolia/esp-idf/components/esp_eth /home/tikhon/Документы/magnolia/esp-idf/components/esp_event /home/tikhon/Документы/magnolia/esp-idf/components/esp_gdbstub /home/tikhon/Документы/magnolia/esp-idf/components/esp_hid /home/tikhon/Документы/magnolia/esp-idf/components/esp_http_client /home/tikhon/Документы/magnolia/esp-idf/components/esp_http_server /home/tikhon/Документы/magnolia/esp-idf/components/esp_https_ota /home/tikhon/Документы/magnolia/esp-idf/components/esp_https_server /home/tikhon/Документы/magnolia/esp-idf/components/esp_hw_support /home/tikhon/Документы/magnolia/esp-idf/components/esp_lcd /home/tikhon/Документы/magnolia/esp-idf/components/esp_local_ctrl /home/tikhon/Документы/magnolia/esp-idf/components/esp_mm /home/tikhon/Документы/magnolia/esp-idf/components/esp_netif /home/tikhon/Документы/magnolia/esp-idf/components/esp_netif_stack /home/tikhon/Документы/magnolia/esp-idf/components/esp_partition /home/tikhon/Документы/magnolia/esp-idf/components/esp_phy /home/tikhon/Документы/magnolia/esp-idf/components/esp_pm /home/tikhon/Документы/magnolia/esp-idf/components/esp_psram /home/tikhon/Документы/magnolia/esp-idf/components/esp_ringbuf /home/tikhon/Документы/magnolia/esp-idf/components/esp_rom /home/tikhon/Документы/magnolia/esp-idf/components/esp_security /home/tikhon/Документы/magnolia/esp-idf/components/esp_system /home/tikhon/Документы/magnolia/esp-idf/components/esp_timer /home/tikhon/Документы/magnolia/esp-idf/components/esp_vfs_console /home/tikhon/Документы/magnolia/esp-idf/components/esp_wifi /home/tikhon/Документы/magnolia/esp-idf/components/espcoredump /home/tikhon/Документы/magnolia/esp-idf/components/esptool_py /home/tikhon/Документы/magnolia/esp-idf/components/fatfs /home/tikhon/Документы/magnolia/esp-idf/components/freertos /home/tikhon/Документы/magnolia/esp-idf/components/hal /home/tikhon/Документы/magnolia/esp-idf/components/heap /home/tikhon/Документы/magnolia/esp-idf/components/http_parser /home/tikhon/Документы/magnolia/esp-idf/components/idf_test /home/tikhon/Документы/magnolia/esp-idf/components/ieee802154 /home/tikhon/Документы/magnolia/esp-idf/components/json /home/tikhon/Документы/magnolia/esp-idf/components/log /home/tikhon/Документы/magnolia/esp-idf/components/lwip /home/tikhon/Документы/magnolia/applets/mainline/basename/main /home/tikhon/Документы/magnolia/esp-idf/components/mbedtls /home/tikhon/Документы/magnolia/esp-idf/components/mqtt /home/tikhon/Документы/magnolia/esp-idf/components/newlib /home/tikhon/Документы/magnolia/esp-idf/components/nvs_flash /home/tikhon/Документы/magnolia/esp-idf/components/nvs_sec_provider /home/tikhon/Документы/magnolia/esp-idf/components/openthread /home/tikhon/Документы/magnolia/esp-idf/components/partition_table /home/tikhon/Документы/magnolia/esp-idf/components/perfmon /home/tikhon/Документы/magnolia/esp-idf/components/protobuf-c /home/tikhon/Документы/magnolia/esp-idf/components/protocomm /home/tikhon/Документы/magnolia/esp-idf/components/pthread /home/tikhon/Документы/magnolia/esp-idf/components/rt /home/tikhon/Документы/magnolia/esp-idf/components/sdmmc /home/tikhon/Документы/magnolia/esp-idf/components/soc /home/tikhon/Документы/magnolia/esp-idf/components/spi_flash /home/tikhon/Документы/magnolia/esp-idf/components/spiffs /home/tikhon/Документы/magnolia/esp-idf/components/tcp_transport /home/tikhon/Документы/magnolia/esp-idf/components/touch_element /home/tikhon/Документы/magnolia/esp-idf/components/ulp /home/tikhon/Документы/magnolia/esp-idf/components/unity /home/tikhon/Документы/magnolia/esp-idf/components/usb /home/tikhon/Документы/magnolia/esp-idf/components/vfs /home/tikhon/Документы/magnolia/esp-idf/components/wear_levelling /home/tikhon/Документы/magnolia/esp-idf/components/wifi_provisioning /home/tikhon/Документы/magnolia/esp-idf/components/wpa_supplicant /home/tikhon/Документы/magnolia/esp-idf/components/xtensa
-- Configuring done (3.8s)
-- Configuring done (3.9s)
-- Components: app_trace app_update bootloader bootloader_support bt cmock console cxx driver efuse esp-tls esp_adc esp_app_format esp_bootloader_format esp_coex esp_common esp_driver_ana_cmpr esp_driver_bitscrambler esp_driver_cam esp_driver_dac esp_driver_gpio esp_driver_gptimer esp_driver_i2c esp_driver_i2s esp_driver_i3c esp_driver_isp esp_driver_jpeg esp_driver_ledc esp_driver_mcpwm esp_driver_parlio esp_driver_pcnt esp_driver_ppa esp_driver_rmt esp_driver_sd_intf esp_driver_sdio esp_driver_sdm esp_driver_sdmmc esp_driver_sdspi esp_driver_spi esp_driver_touch_sens esp_driver_tsens esp_driver_twai esp_driver_uart esp_driver_usb_serial_jtag esp_eth esp_event esp_gdbstub esp_hid esp_http_client esp_http_server esp_https_ota esp_https_server esp_hw_support esp_lcd esp_local_ctrl esp_mm esp_netif esp_netif_stack esp_partition esp_phy esp_pm esp_psram esp_ringbuf esp_rom esp_security esp_system esp_timer esp_vfs_console esp_wifi espcoredump esptool_py fatfs freertos hal heap http_parser idf_test ieee802154 json log lwip main mbedtls mqtt newlib nvs_flash nvs_sec_provider openthread partition_table perfmon protobuf-c protocomm pthread rt sdmmc soc spi_flash spiffs tcp_transport touch_element ulp unity usb vfs wear_levelling wifi_provisioning wpa_supplicant xtensa
-- Component paths: /home/tikhon/Документы/magnolia/esp-idf/components/app_trace /home/tikhon/Документы/magnolia/esp-idf/components/app_update /home/tikhon/Документы/magnolia/esp-idf/components/bootloader /home/tikhon/Документы/magnolia/esp-idf/components/bootloader_support /home/tikhon/Документы/magnolia/esp-idf/components/bt /home/tikhon/Документы/magnolia/esp-idf/components/cmock /home/tikhon/Документы/magnolia/esp-idf/components/console /home/tikhon/Документы/magnolia/esp-idf/components/cxx /home/tikhon/Документы/magnolia/esp-idf/components/driver /home/tikhon/Документы/magnolia/esp-idf/components/efuse /home/tikhon/Документы/magnolia/esp-idf/components/esp-tls /home/tikhon/Документы/magnolia/esp-idf/components/esp_adc /home/tikhon/Документы/magnolia/esp-idf/components/esp_app_format /home/tikhon/Документы/magnolia/esp-idf/components/esp_bootloader_format /home/tikhon/Документы/magnolia/esp-idf/components/esp_coex /home/tikhon/Документы/magnolia/esp-idf/components/esp_common /home/tikhon/Документы/magnolia/esp-idf/components/esp_driver_ana_cmpr /home/tikhon/Документы/magnolia/esp-idf/components/esp_driver_bitscrambler /home/tikhon/Документы/magnolia/esp-idf/components/esp_driver_cam /home/tikhon/Документы/magnolia/esp-idf/components/esp_driver_dac /home/tikhon/Документы/magnolia/esp-idf/components/esp_driver_gpio /home/tikhon/Документы/magnolia/esp-idf/components/esp_driver_gptimer /home/tikhon/Документы/magnolia/esp-idf/components/esp_driver_i2c /home/tikhon/Документы/magnolia/esp-idf/components/esp_driver_i2s /home/tikhon/Документы/magnolia/esp-idf/components/esp_driver_i3c /home/tikhon/Документы/magnolia/esp-idf/components/esp_driver_isp /home/tikhon/Документы/magnolia/esp-idf/components/esp_driver_jpeg /home/tikhon/Документы/magnolia/esp-idf/components/esp_driver_ledc /home/tikhon/Документы/magnolia/esp-idf/components/esp_driver_mcpwm /home/tikhon/Документы/magnolia/esp-idf/components/esp_driver_parlio /home/tikhon/Документы/magnolia/esp-idf/components/esp_driver_pcnt /home/tikhon/Документы/magnolia/esp-idf/components/esp_driver_ppa /home/tikhon/Документы/magnolia/esp-idf/components/esp_driver_rmt /home/tikhon/Документы/magnolia/esp-idf/components/esp_driver_sd_intf /home/tikhon/Документы/magnolia/esp-idf/components/esp_driver_sdio /home/tikhon/Документы/magnolia/esp-idf/components/esp_driver_sdm /home/tikhon/Документы/magnolia/esp-idf/components/esp_driver_sdmmc /home/tikhon/Документы/magnolia/esp-idf/components/esp_driver_sdspi /home/tikhon/Документы/magnolia/esp-idf/components/esp_driver_spi /home/tikhon/Документы/magnolia/esp-idf/components/esp_driver_touch_sens /home/tikhon/Документы/magnolia/esp-idf/components/esp_driver_tsens /home/tikhon/Документы/magnolia/esp-idf/components/esp_driver_twai /home/tikhon/Документы/magnolia/esp-idf/components/esp_driver_uart /home/tikhon/Документы/magnolia/esp-idf/components/esp_driver_usb_serial_jtag /home/tikhon/Документы/magnolia/esp-idf/components/esp_eth /home/tikhon/Документы/magnolia/esp-idf/components/esp_event /home/tikhon/Документы/magnolia/esp-idf/components/esp_gdbstub /home/tikhon/Документы/magnolia/esp-idf/components/esp_hid /home/tikhon/Документы/magnolia/esp-idf/components/esp_http_client /home/tikhon/Документы/magnolia/esp-idf/components/esp_http_server /home/tikhon/Документы/magnolia/esp-idf/components/esp_https_ota /home/tikhon/Документы/magnolia/esp-idf/components/esp_https_server /home/tikhon/Документы/magnolia/esp-idf/components/esp_hw_support /home/tikhon/Документы/magnolia/esp-idf/components/esp_lcd /home/tikhon/Документы/magnolia/esp-idf/components/esp_local_ctrl /home/tikhon/Документы/magnolia/esp-idf/components/esp_mm /home/tikhon/Документы/magnolia/esp-idf/components/esp_netif /home/tikhon/Документы/magnolia/esp-idf/components/esp_netif_stack /home/tikhon/Документы/magnolia/esp-idf/components/esp_partition /home/tikhon/Документы/magnolia/esp-idf/components/esp_phy /home/tikhon/Документы/magnolia/esp-idf/components/esp_pm /home/tikhon/Документы/magnolia/esp-idf/components/esp_psram /home/tikhon/Документы/magnolia/esp-idf/components/esp_ringbuf /home/tikhon/Документы/magnolia/esp-idf/components/esp_rom /home/tikhon/Документы/magnolia/esp-idf/components/esp_security /home/tikhon/Документы/magnolia/esp-idf/components/esp_system /home/tikhon/Документы/magnolia/esp-idf/components/esp_timer /home/tikhon/Документы/magnolia/esp-idf/components/esp_vfs_console /home/tikhon/Документы/magnolia/esp-idf/components/esp_wifi /home/tikhon/Документы/magnolia/esp-idf/components/espcoredump /home/tikhon/Документы/magnolia/esp-idf/components/esptool_py /home/tikhon/Документы/magnolia/esp-idf/components/fatfs /home/tikhon/Документы/magnolia/esp-idf/components/freertos /home/tikhon/Документы/magnolia/esp-idf/components/hal /home/tikhon/Документы/magnolia/esp-idf/components/heap /home/tikhon/Документы/magnolia/esp-idf/components/http_parser /home/tikhon/Документы/magnolia/esp-idf/components/idf_test /home/tikhon/Документы/magnolia/esp-idf/components/ieee802154 /home/tikhon/Документы/magnolia/esp-idf/components/json /home/tikhon/Документы/magnolia/esp-idf/components/log /home/tikhon/Документы/magnolia/esp-idf/components/lwip /home/tikhon/Документы/magnolia/applets/mainline/chmod/main /home/tikhon/Документы/magnolia/esp-idf/components/mbedtls /home/tikhon/Документы/magnolia/esp-idf/components/mqtt /home/tikhon/Документы/magnolia/esp-idf/components/newlib /home/tikhon/Документы/magnolia/esp-idf/components/nvs_flash /home/tikhon/Документы/magnolia/esp-idf/components/nvs_sec_provider /home/tikhon/Документы/magnolia/esp-idf/components/openthread /home/tikhon/Документы/magnolia/esp-idf/components/partition_table /home/tikhon/Документы/magnolia/esp-idf/components/perfmon /home/tikhon/Документы/magnolia/esp-idf/components/protobuf-c /home/tikhon/Документы/magnolia/esp-idf/components/protocomm /home/tikhon/Документы/magnolia/esp-idf/components/pthread /home/tikhon/Документы/magnolia/esp-idf/components/rt /home/tikhon/Документы/magnolia/esp-idf/components/sdmmc /home/tikhon/Документы/magnolia/esp-idf/components/soc /home/tikhon/Документы/magnolia/esp-idf/components/spi_flash /home/tikhon/Документы/magnolia/esp-idf/components/spiffs /home/tikhon/Документы/magnolia/esp-idf/components/tcp_transport /home/tikhon/Документы/magnolia/esp-idf/components/touch_element /home/tikhon/Документы/magnolia/esp-idf/components/ulp /home/tikhon/Документы/magnolia/esp-idf/components/unity /home/tikhon/Документы/magnolia/esp-idf/components/usb /home/tikhon/Документы/magnolia/esp-idf/components/vfs /home/tikhon/Документы/magnolia/esp-idf/components/wear_levelling /home/tikhon/Документы/magnolia/esp-idf/components/wifi_provisioning /home/tikhon/Документы/magnolia/esp-idf/components/wpa_supplicant /home/tikhon/Документы/magnolia/esp-idf/components/xtensa
-- Configuring done (4.0s)
-- Components: app_trace app_update bootloader bootloader_support bt cmock console cxx driver efuse esp-tls esp_adc esp_app_format esp_bootloader_format esp_coex esp_common esp_driver_ana_cmpr esp_driver_bitscrambler esp_driver_cam esp_driver_dac esp_driver_gpio esp_driver_gptimer esp_driver_i2c esp_driver_i2s esp_driver_i3c esp_driver_isp esp_driver_jpeg esp_driver_ledc esp_driver_mcpwm esp_driver_parlio esp_driver_pcnt esp_driver_ppa esp_driver_rmt esp_driver_sd_intf esp_driver_sdio esp_driver_sdm esp_driver_sdmmc esp_driver_sdspi esp_driver_spi esp_driver_touch_sens esp_driver_tsens esp_driver_twai esp_driver_uart esp_driver_usb_serial_jtag esp_eth esp_event esp_gdbstub esp_hid esp_http_client esp_http_server esp_https_ota esp_https_server esp_hw_support esp_lcd esp_local_ctrl esp_mm esp_netif esp_netif_stack esp_partition esp_phy esp_pm esp_psram esp_ringbuf esp_rom esp_security esp_system esp_timer esp_vfs_console esp_wifi espcoredump esptool_py fatfs freertos hal heap http_parser idf_test ieee802154 json log lwip main mbedtls mqtt newlib nvs_flash nvs_sec_provider openthread partition_table perfmon protobuf-c protocomm pthread rt sdmmc soc spi_flash spiffs tcp_transport touch_element ulp unity usb vfs wear_levelling wifi_provisioning wpa_supplicant xtensa
-- Component paths: /home/tikhon/Документы/magnolia/esp-idf/components/app_trace /home/tikhon/Документы/magnolia/esp-idf/components/app_update /home/tikhon/Документы/magnolia/esp-idf/components/bootloader /home/tikhon/Документы/magnolia/esp-idf/components/bootloader_support /home/tikhon/Документы/magnolia/esp-idf/components/bt /home/tikhon/Документы/magnolia/esp-idf/components/cmock /home/tikhon/Документы/magnolia/esp-idf/components/console /home/tikhon/Документы/magnolia/esp-idf/components/cxx /home/tikhon/Документы/magnolia/esp-idf/components/driver /home/tikhon/Документы/magnolia/esp-idf/components/efuse /home/tikhon/Документы/magnolia/esp-idf/components/esp-tls /home/tikhon/Документы/magnolia/esp-idf/components/esp_adc /home/tikhon/Документы/magnolia/esp-idf/components/esp_app_format /home/tikhon/Документы/magnolia/esp-idf/components/esp_bootloader_format /home/tikhon/Документы/magnolia/esp-idf/components/esp_coex /home/tikhon/Документы/magnolia/esp-idf/components/esp_common /home/tikhon/Документы/magnolia/esp-idf/components/esp_driver_ana_cmpr /home/tikhon/Документы/magnolia/esp-idf/components/esp_driver_bitscrambler /home/tikhon/Документы/magnolia/esp-idf/components/esp_driver_cam /home/tikhon/Документы/magnolia/esp-idf/components/esp_driver_dac /home/tikhon/Документы/magnolia/esp-idf/components/esp_driver_gpio /home/tikhon/Документы/magnolia/esp-idf/components/esp_driver_gptimer /home/tikhon/Документы/magnolia/esp-idf/components/esp_driver_i2c /home/tikhon/Документы/magnolia/esp-idf/components/esp_driver_i2s /home/tikhon/Документы/magnolia/esp-idf/components/esp_driver_i3c /home/tikhon/Документы/magnolia/esp-idf/components/esp_driver_isp /home/tikhon/Документы/magnolia/esp-idf/components/esp_driver_jpeg /home/tikhon/Документы/magnolia/esp-idf/components/esp_driver_ledc /home/tikhon/Документы/magnolia/esp-idf/components/esp_driver_mcpwm /home/tikhon/Документы/magnolia/esp-idf/components/esp_driver_parlio /home/tikhon/Документы/magnolia/esp-idf/components/esp_driver_pcnt /home/tikhon/Документы/magnolia/esp-idf/components/esp_driver_ppa /home/tikhon/Документы/magnolia/esp-idf/components/esp_driver_rmt /home/tikhon/Документы/magnolia/esp-idf/components/esp_driver_sd_intf /home/tikhon/Документы/magnolia/esp-idf/components/esp_driver_sdio /home/tikhon/Документы/magnolia/esp-idf/components/esp_driver_sdm /home/tikhon/Документы/magnolia/esp-idf/components/esp_driver_sdmmc /home/tikhon/Документы/magnolia/esp-idf/components/esp_driver_sdspi /home/tikhon/Документы/magnolia/esp-idf/components/esp_driver_spi /home/tikhon/Документы/magnolia/esp-idf/components/esp_driver_touch_sens /home/tikhon/Документы/magnolia/esp-idf/components/esp_driver_tsens /home/tikhon/Документы/magnolia/esp-idf/components/esp_driver_twai /home/tikhon/Документы/magnolia/esp-idf/components/esp_driver_uart /home/tikhon/Документы/magnolia/esp-idf/components/esp_driver_usb_serial_jtag /home/tikhon/Документы/magnolia/esp-idf/components/esp_eth /home/tikhon/Документы/magnolia/esp-idf/components/esp_event /home/tikhon/Документы/magnolia/esp-idf/components/esp_gdbstub /home/tikhon/Документы/magnolia/esp-idf/components/esp_hid /home/tikhon/Документы/magnolia/esp-idf/components/esp_http_client /home/tikhon/Документы/magnolia/esp-idf/components/esp_http_server /home/tikhon/Документы/magnolia/esp-idf/components/esp_https_ota /home/tikhon/Документы/magnolia/esp-idf/components/esp_https_server /home/tikhon/Документы/magnolia/esp-idf/components/esp_hw_support /home/tikhon/Документы/magnolia/esp-idf/components/esp_lcd /home/tikhon/Документы/magnolia/esp-idf/components/esp_local_ctrl /home/tikhon/Документы/magnolia/esp-idf/components/esp_mm /home/tikhon/Документы/magnolia/esp-idf/components/esp_netif /home/tikhon/Документы/magnolia/esp-idf/components/esp_netif_stack /home/tikhon/Документы/magnolia/esp-idf/components/esp_partition /home/tikhon/Документы/magnolia/esp-idf/components/esp_phy /home/tikhon/Документы/magnolia/esp-idf/components/esp_pm /home/tikhon/Документы/magnolia/esp-idf/components/esp_psram /home/tikhon/Документы/magnolia/esp-idf/components/esp_ringbuf /home/tikhon/Документы/magnolia/esp-idf/components/esp_rom /home/tikhon/Документы/magnolia/esp-idf/components/esp_security /home/tikhon/Документы/magnolia/esp-idf/components/esp_system /home/tikhon/Документы/magnolia/esp-idf/components/esp_timer /home/tikhon/Документы/magnolia/esp-idf/components/esp_vfs_console /home/tikhon/Документы/magnolia/esp-idf/components/esp_wifi /home/tikhon/Документы/magnolia/esp-idf/components/espcoredump /home/tikhon/Документы/magnolia/esp-idf/components/esptool_py /home/tikhon/Документы/magnolia/esp-idf/components/fatfs /home/tikhon/Документы/magnolia/esp-idf/components/freertos /home/tikhon/Документы/magnolia/esp-idf/components/hal /home/tikhon/Документы/magnolia/esp-idf/components/heap /home/tikhon/Документы/magnolia/esp-idf/components/http_parser /home/tikhon/Документы/magnolia/esp-idf/components/idf_test /home/tikhon/Документы/magnolia/esp-idf/components/ieee802154 /home/tikhon/Документы/magnolia/esp-idf/components/json /home/tikhon/Документы/magnolia/esp-idf/components/log /home/tikhon/Документы/magnolia/esp-idf/components/lwip /home/tikhon/Документы/magnolia/applets/mainline/cut/main /home/tikhon/Документы/magnolia/esp-idf/components/mbedtls /home/tikhon/Документы/magnolia/esp-idf/components/mqtt /home/tikhon/Документы/magnolia/esp-idf/components/newlib /home/tikhon/Документы/magnolia/esp-idf/components/nvs_flash /home/tikhon/Документы/magnolia/esp-idf/components/nvs_sec_provider /home/tikhon/Документы/magnolia/esp-idf/components/openthread /home/tikhon/Документы/magnolia/esp-idf/components/partition_table /home/tikhon/Документы/magnolia/esp-idf/components/perfmon /home/tikhon/Документы/magnolia/esp-idf/components/protobuf-c /home/tikhon/Документы/magnolia/esp-idf/components/protocomm /home/tikhon/Документы/magnolia/esp-idf/components/pthread /home/tikhon/Документы/magnolia/esp-idf/components/rt /home/tikhon/Документы/magnolia/esp-idf/components/sdmmc /home/tikhon/Документы/magnolia/esp-idf/components/soc /home/tikhon/Документы/magnolia/esp-idf/components/spi_flash /home/tikhon/Документы/magnolia/esp-idf/components/spiffs /home/tikhon/Документы/magnolia/esp-idf/components/tcp_transport /home/tikhon/Документы/magnolia/esp-idf/components/touch_element /home/tikhon/Документы/magnolia/esp-idf/components/ulp /home/tikhon/Документы/magnolia/esp-idf/components/unity /home/tikhon/Документы/magnolia/esp-idf/components/usb /home/tikhon/Документы/magnolia/esp-idf/components/vfs /home/tikhon/Документы/magnolia/esp-idf/components/wear_levelling /home/tikhon/Документы/magnolia/esp-idf/components/wifi_provisioning /home/tikhon/Документы/magnolia/esp-idf/components/wpa_supplicant /home/tikhon/Документы/magnolia/esp-idf/components/xtensa
-- Configuring done (4.0s)
-- Components: app_trace app_update bootloader bootloader_support bt cmock console cxx driver efuse esp-tls esp_adc esp_app_format esp_bootloader_format esp_coex esp_common esp_driver_ana_cmpr esp_driver_bitscrambler esp_driver_cam esp_driver_dac esp_driver_gpio esp_driver_gptimer esp_driver_i2c esp_driver_i2s esp_driver_i3c esp_driver_isp esp_driver_jpeg esp_driver_ledc esp_driver_mcpwm esp_driver_parlio esp_driver_pcnt esp_driver_ppa esp_driver_rmt esp_driver_sd_intf esp_driver_sdio esp_driver_sdm esp_driver_sdmmc esp_driver_sdspi esp_driver_spi esp_driver_touch_sens esp_driver_tsens esp_driver_twai esp_driver_uart esp_driver_usb_serial_jtag esp_eth esp_event esp_gdbstub esp_hid esp_http_client esp_http_server esp_https_ota esp_https_server esp_hw_support esp_lcd esp_local_ctrl esp_mm esp_netif esp_netif_stack esp_partition esp_phy esp_pm esp_psram esp_ringbuf esp_rom esp_security esp_system esp_timer esp_vfs_console esp_wifi espcoredump esptool_py fatfs freertos hal heap http_parser idf_test ieee802154 json log lwip main mbedtls mqtt newlib nvs_flash nvs_sec_provider openthread partition_table perfmon protobuf-c protocomm pthread rt sdmmc soc spi_flash spiffs tcp_transport touch_element ulp unity usb vfs wear_levelling wifi_provisioning wpa_supplicant xtensa
-- Component paths: /home/tikhon/Документы/magnolia/esp-idf/components/app_trace /home/tikhon/Документы/magnolia/esp-idf/components/app_update /home/tikhon/Документы/magnolia/esp-idf/components/bootloader /home/tikhon/Документы/magnolia/esp-idf/components/bootloader_support /home/tikhon/Документы/magnolia/esp-idf/components/bt /home/tikhon/Документы/magnolia/esp-idf/components/cmock /home/tikhon/Документы/magnolia/esp-idf/components/console /home/tikhon/Документы/magnolia/esp-idf/components/cxx /home/tikhon/Документы/magnolia/esp-idf/components/driver /home/tikhon/Документы/magnolia/esp-idf/components/efuse /home/tikhon/Документы/magnolia/esp-idf/components/esp-tls /home/tikhon/Документы/magnolia/esp-idf/components/esp_adc /home/tikhon/Документы/magnolia/esp-idf/components/esp_app_format /home/tikhon/Документы/magnolia/esp-idf/components/esp_bootloader_format /home/tikhon/Документы/magnolia/esp-idf/components/esp_coex /home/tikhon/Документы/magnolia/esp-idf/components/esp_common /home/tikhon/Документы/magnolia/esp-idf/components/esp_driver_ana_cmpr /home/tikhon/Документы/magnolia/esp-idf/components/esp_driver_bitscrambler /home/tikhon/Документы/magnolia/esp-idf/components/esp_driver_cam /home/tikhon/Документы/magnolia/esp-idf/components/esp_driver_dac /home/tikhon/Документы/magnolia/esp-idf/components/esp_driver_gpio /home/tikhon/Документы/magnolia/esp-idf/components/esp_driver_gptimer /home/tikhon/Документы/magnolia/esp-idf/components/esp_driver_i2c /home/tikhon/Документы/magnolia/esp-idf/components/esp_driver_i2s /home/tikhon/Документы/magnolia/esp-idf/components/esp_driver_i3c /home/tikhon/Документы/magnolia/esp-idf/components/esp_driver_isp /home/tikhon/Документы/magnolia/esp-idf/components/esp_driver_jpeg /home/tikhon/Документы/magnolia/esp-idf/components/esp_driver_ledc /home/tikhon/Документы/magnolia/esp-idf/components/esp_driver_mcpwm /home/tikhon/Документы/magnolia/esp-idf/components/esp_driver_parlio /home/tikhon/Документы/magnolia/esp-idf/components/esp_driver_pcnt /home/tikhon/Документы/magnolia/esp-idf/components/esp_driver_ppa /home/tikhon/Документы/magnolia/esp-idf/components/esp_driver_rmt /home/tikhon/Документы/magnolia/esp-idf/components/esp_driver_sd_intf /home/tikhon/Документы/magnolia/esp-idf/components/esp_driver_sdio /home/tikhon/Документы/magnolia/esp-idf/components/esp_driver_sdm /home/tikhon/Документы/magnolia/esp-idf/components/esp_driver_sdmmc /home/tikhon/Документы/magnolia/esp-idf/components/esp_driver_sdspi /home/tikhon/Документы/magnolia/esp-idf/components/esp_driver_spi /home/tikhon/Документы/magnolia/esp-idf/components/esp_driver_touch_sens /home/tikhon/Документы/magnolia/esp-idf/components/esp_driver_tsens /home/tikhon/Документы/magnolia/esp-idf/components/esp_driver_twai /home/tikhon/Документы/magnolia/esp-idf/components/esp_driver_uart /home/tikhon/Документы/magnolia/esp-idf/components/esp_driver_usb_serial_jtag /home/tikhon/Документы/magnolia/esp-idf/components/esp_eth /home/tikhon/Документы/magnolia/esp-idf/components/esp_event /home/tikhon/Документы/magnolia/esp-idf/components/esp_gdbstub /home/tikhon/Документы/magnolia/esp-idf/components/esp_hid /home/tikhon/Документы/magnolia/esp-idf/components/esp_http_client /home/tikhon/Документы/magnolia/esp-idf/components/esp_http_server /home/tikhon/Документы/magnolia/esp-idf/components/esp_https_ota /home/tikhon/Документы/magnolia/esp-idf/components/esp_https_server /home/tikhon/Документы/magnolia/esp-idf/components/esp_hw_support /home/tikhon/Документы/magnolia/esp-idf/components/esp_lcd /home/tikhon/Документы/magnolia/esp-idf/components/esp_local_ctrl /home/tikhon/Документы/magnolia/esp-idf/components/esp_mm /home/tikhon/Документы/magnolia/esp-idf/components/esp_netif /home/tikhon/Документы/magnolia/esp-idf/components/esp_netif_stack /home/tikhon/Документы/magnolia/esp-idf/components/esp_partition /home/tikhon/Документы/magnolia/esp-idf/components/esp_phy /home/tikhon/Документы/magnolia/esp-idf/components/esp_pm /home/tikhon/Документы/magnolia/esp-idf/components/esp_psram /home/tikhon/Документы/magnolia/esp-idf/components/esp_ringbuf /home/tikhon/Документы/magnolia/esp-idf/components/esp_rom /home/tikhon/Документы/magnolia/esp-idf/components/esp_security /home/tikhon/Документы/magnolia/esp-idf/components/esp_system /home/tikhon/Документы/magnolia/esp-idf/components/esp_timer /home/tikhon/Документы/magnolia/esp-idf/components/esp_vfs_console /home/tikhon/Документы/magnolia/esp-idf/components/esp_wifi /home/tikhon/Документы/magnolia/esp-idf/components/espcoredump /home/tikhon/Документы/magnolia/esp-idf/components/esptool_py /home/tikhon/Документы/magnolia/esp-idf/components/fatfs /home/tikhon/Документы/magnolia/esp-idf/components/freertos /home/tikhon/Документы/magnolia/esp-idf/components/hal /home/tikhon/Документы/magnolia/esp-idf/components/heap /home/tikhon/Документы/magnolia/esp-idf/components/http_parser /home/tikhon/Документы/magnolia/esp-idf/components/idf_test /home/tikhon/Документы/magnolia/esp-idf/components/ieee802154 /home/tikhon/Документы/magnolia/esp-idf/components/json /home/tikhon/Документы/magnolia/esp-idf/components/log /home/tikhon/Документы/magnolia/esp-idf/components/lwip /home/tikhon/Документы/magnolia/applets/mainline/du/main /home/tikhon/Документы/magnolia/esp-idf/components/mbedtls /home/tikhon/Документы/magnolia/esp-idf/components/mqtt /home/tikhon/Документы/magnolia/esp-idf/components/newlib /home/tikhon/Документы/magnolia/esp-idf/components/nvs_flash /home/tikhon/Документы/magnolia/esp-idf/components/nvs_sec_provider /home/tikhon/Документы/magnolia/esp-idf/components/openthread /home/tikhon/Документы/magnolia/esp-idf/components/partition_table /home/tikhon/Документы/magnolia/esp-idf/components/perfmon /home/tikhon/Документы/magnolia/esp-idf/components/protobuf-c /home/tikhon/Документы/magnolia/esp-idf/components/protocomm /home/tikhon/Документы/magnolia/esp-idf/components/pthread /home/tikhon/Документы/magnolia/esp-idf/components/rt /home/tikhon/Документы/magnolia/esp-idf/components/sdmmc /home/tikhon/Документы/magnolia/esp-idf/components/soc /home/tikhon/Документы/magnolia/esp-idf/components/spi_flash /home/tikhon/Документы/magnolia/esp-idf/components/spiffs /home/tikhon/Документы/magnolia/esp-idf/components/tcp_transport /home/tikhon/Документы/magnolia/esp-idf/components/touch_element /home/tikhon/Документы/magnolia/esp-idf/components/ulp /home/tikhon/Документы/magnolia/esp-idf/components/unity /home/tikhon/Документы/magnolia/esp-idf/components/usb /home/tikhon/Документы/magnolia/esp-idf/components/vfs /home/tikhon/Документы/magnolia/esp-idf/components/wear_levelling /home/tikhon/Документы/magnolia/esp-idf/components/wifi_provisioning /home/tikhon/Документы/magnolia/esp-idf/components/wpa_supplicant /home/tikhon/Документы/magnolia/esp-idf/components/xtensa
-- Configuring done (3.8s)
-- Components: app_trace app_update bootloader bootloader_support bt cmock console cxx driver efuse esp-tls esp_adc esp_app_format esp_bootloader_format esp_coex esp_common esp_driver_ana_cmpr esp_driver_bitscrambler esp_driver_cam esp_driver_dac esp_driver_gpio esp_driver_gptimer esp_driver_i2c esp_driver_i2s esp_driver_i3c esp_driver_isp esp_driver_jpeg esp_driver_ledc esp_driver_mcpwm esp_driver_parlio esp_driver_pcnt esp_driver_ppa esp_driver_rmt esp_driver_sd_intf esp_driver_sdio esp_driver_sdm esp_driver_sdmmc esp_driver_sdspi esp_driver_spi esp_driver_touch_sens esp_driver_tsens esp_driver_twai esp_driver_uart esp_driver_usb_serial_jtag esp_eth esp_event esp_gdbstub esp_hid esp_http_client esp_http_server esp_https_ota esp_https_server esp_hw_support esp_lcd esp_local_ctrl esp_mm esp_netif esp_netif_stack esp_partition esp_phy esp_pm esp_psram esp_ringbuf esp_rom esp_security esp_system esp_timer esp_vfs_console esp_wifi espcoredump esptool_py fatfs freertos hal heap http_parser idf_test ieee802154 json log lwip main mbedtls mqtt newlib nvs_flash nvs_sec_provider openthread partition_table perfmon protobuf-c protocomm pthread rt sdmmc soc spi_flash spiffs tcp_transport touch_element ulp unity usb vfs wear_levelling wifi_provisioning wpa_supplicant xtensa
-- Component paths: /home/tikhon/Документы/magnolia/esp-idf/components/app_trace /home/tikhon/Документы/magnolia/esp-idf/components/app_update /home/tikhon/Документы/magnolia/esp-idf/components/bootloader /home/tikhon/Документы/magnolia/esp-idf/components/bootloader_support /home/tikhon/Документы/magnolia/esp-idf/components/bt /home/tikhon/Документы/magnolia/esp-idf/components/cmock /home/tikhon/Документы/magnolia/esp-idf/components/console /home/tikhon/Документы/magnolia/esp-idf/components/cxx /home/tikhon/Документы/magnolia/esp-idf/components/driver /home/tikhon/Документы/magnolia/esp-idf/components/efuse /home/tikhon/Документы/magnolia/esp-idf/components/esp-tls /home/tikhon/Документы/magnolia/esp-idf/components/esp_adc /home/tikhon/Документы/magnolia/esp-idf/components/esp_app_format /home/tikhon/Документы/magnolia/esp-idf/components/esp_bootloader_format /home/tikhon/Документы/magnolia/esp-idf/components/esp_coex /home/tikhon/Документы/magnolia/esp-idf/components/esp_common /home/tikhon/Документы/magnolia/esp-idf/components/esp_driver_ana_cmpr /home/tikhon/Документы/magnolia/esp-idf/components/esp_driver_bitscrambler /home/tikhon/Документы/magnolia/esp-idf/components/esp_driver_cam /home/tikhon/Документы/magnolia/esp-idf/components/esp_driver_dac /home/tikhon/Документы/magnolia/esp-idf/components/esp_driver_gpio /home/tikhon/Документы/magnolia/esp-idf/components/esp_driver_gptimer /home/tikhon/Документы/magnolia/esp-idf/components/esp_driver_i2c /home/tikhon/Документы/magnolia/esp-idf/components/esp_driver_i2s /home/tikhon/Документы/magnolia/esp-idf/components/esp_driver_i3c /home/tikhon/Документы/magnolia/esp-idf/components/esp_driver_isp /home/tikhon/Документы/magnolia/esp-idf/components/esp_driver_jpeg /home/tikhon/Документы/magnolia/esp-idf/components/esp_driver_ledc /home/tikhon/Документы/magnolia/esp-idf/components/esp_driver_mcpwm /home/tikhon/Документы/magnolia/esp-idf/components/esp_driver_parlio /home/tikhon/Документы/magnolia/esp-idf/components/esp_driver_pcnt /home/tikhon/Документы/magnolia/esp-idf/components/esp_driver_ppa /home/tikhon/Документы/magnolia/esp-idf/components/esp_driver_rmt /home/tikhon/Документы/magnolia/esp-idf/components/esp_driver_sd_intf /home/tikhon/Документы/magnolia/esp-idf/components/esp_driver_sdio /home/tikhon/Документы/magnolia/esp-idf/components/esp_driver_sdm /home/tikhon/Документы/magnolia/esp-idf/components/esp_driver_sdmmc /home/tikhon/Документы/magnolia/esp-idf/components/esp_driver_sdspi /home/tikhon/Документы/magnolia/esp-idf/components/esp_driver_spi /home/tikhon/Документы/magnolia/esp-idf/components/esp_driver_touch_sens /home/tikhon/Документы/magnolia/esp-idf/components/esp_driver_tsens /home/tikhon/Документы/magnolia/esp-idf/components/esp_driver_twai /home/tikhon/Документы/magnolia/esp-idf/components/esp_driver_uart /home/tikhon/Документы/magnolia/esp-idf/components/esp_driver_usb_serial_jtag /home/tikhon/Документы/magnolia/esp-idf/components/esp_eth /home/tikhon/Документы/magnolia/esp-idf/components/esp_event /home/tikhon/Документы/magnolia/esp-idf/components/esp_gdbstub /home/tikhon/Документы/magnolia/esp-idf/components/esp_hid /home/tikhon/Документы/magnolia/esp-idf/components/esp_http_client /home/tikhon/Документы/magnolia/esp-idf/components/esp_http_server /home/tikhon/Документы/magnolia/esp-idf/components/esp_https_ota /home/tikhon/Документы/magnolia/esp-idf/components/esp_https_server /home/tikhon/Документы/magnolia/esp-idf/components/esp_hw_support /home/tikhon/Документы/magnolia/esp-idf/components/esp_lcd /home/tikhon/Документы/magnolia/esp-idf/components/esp_local_ctrl /home/tikhon/Документы/magnolia/esp-idf/components/esp_mm /home/tikhon/Документы/magnolia/esp-idf/components/esp_netif /home/tikhon/Документы/magnolia/esp-idf/components/esp_netif_stack /home/tikhon/Документы/magnolia/esp-idf/components/esp_partition /home/tikhon/Документы/magnolia/esp-idf/components/esp_phy /home/tikhon/Документы/magnolia/esp-idf/components/esp_pm /home/tikhon/Документы/magnolia/esp-idf/components/esp_psram /home/tikhon/Документы/magnolia/esp-idf/components/esp_ringbuf /home/tikhon/Документы/magnolia/esp-idf/components/esp_rom /home/tikhon/Документы/magnolia/esp-idf/components/esp_security /home/tikhon/Документы/magnolia/esp-idf/components/esp_system /home/tikhon/Документы/magnolia/esp-idf/components/esp_timer /home/tikhon/Документы/magnolia/esp-idf/components/esp_vfs_console /home/tikhon/Документы/magnolia/esp-idf/components/esp_wifi /home/tikhon/Документы/magnolia/esp-idf/components/espcoredump /home/tikhon/Документы/magnolia/esp-idf/components/esptool_py /home/tikhon/Документы/magnolia/esp-idf/components/fatfs /home/tikhon/Документы/magnolia/esp-idf/components/freertos /home/tikhon/Документы/magnolia/esp-idf/components/hal /home/tikhon/Документы/magnolia/esp-idf/components/heap /home/tikhon/Документы/magnolia/esp-idf/components/http_parser /home/tikhon/Документы/magnolia/esp-idf/components/idf_test /home/tikhon/Документы/magnolia/esp-idf/components/ieee802154 /home/tikhon/Документы/magnolia/esp-idf/components/json /home/tikhon/Документы/magnolia/esp-idf/components/log /home/tikhon/Документы/magnolia/esp-idf/components/lwip /home/tikhon/Документы/magnolia/applets/mainline/cmp/main /home/tikhon/Документы/magnolia/esp-idf/components/mbedtls /home/tikhon/Документы/magnolia/esp-idf/components/mqtt /home/tikhon/Документы/magnolia/esp-idf/components/newlib /home/tikhon/Документы/magnolia/esp-idf/components/nvs_flash /home/tikhon/Документы/magnolia/esp-idf/components/nvs_sec_provider /home/tikhon/Документы/magnolia/esp-idf/components/openthread /home/tikhon/Документы/magnolia/esp-idf/components/partition_table /home/tikhon/Документы/magnolia/esp-idf/components/perfmon /home/tikhon/Документы/magnolia/esp-idf/components/protobuf-c /home/tikhon/Документы/magnolia/esp-idf/components/protocomm /home/tikhon/Документы/magnolia/esp-idf/components/pthread /home/tikhon/Документы/magnolia/esp-idf/components/rt /home/tikhon/Документы/magnolia/esp-idf/components/sdmmc /home/tikhon/Документы/magnolia/esp-idf/components/soc /home/tikhon/Документы/magnolia/esp-idf/components/spi_flash /home/tikhon/Документы/magnolia/esp-idf/components/spiffs /home/tikhon/Документы/magnolia/esp-idf/components/tcp_transport /home/tikhon/Документы/magnolia/esp-idf/components/touch_element /home/tikhon/Документы/magnolia/esp-idf/components/ulp /home/tikhon/Документы/magnolia/esp-idf/components/unity /home/tikhon/Документы/magnolia/esp-idf/components/usb /home/tikhon/Документы/magnolia/esp-idf/components/vfs /home/tikhon/Документы/magnolia/esp-idf/components/wear_levelling /home/tikhon/Документы/magnolia/esp-idf/components/wifi_provisioning /home/tikhon/Документы/magnolia/esp-idf/components/wpa_supplicant /home/tikhon/Документы/magnolia/esp-idf/components/xtensa
-- Configuring done (4.0s)
-- Components: app_trace app_update bootloader bootloader_support bt cmock console cxx driver efuse esp-tls esp_adc esp_app_format esp_bootloader_format esp_coex esp_common esp_driver_ana_cmpr esp_driver_bitscrambler esp_driver_cam esp_driver_dac esp_driver_gpio esp_driver_gptimer esp_driver_i2c esp_driver_i2s esp_driver_i3c esp_driver_isp esp_driver_jpeg esp_driver_ledc esp_driver_mcpwm esp_driver_parlio esp_driver_pcnt esp_driver_ppa esp_driver_rmt esp_driver_sd_intf esp_driver_sdio esp_driver_sdm esp_driver_sdmmc esp_driver_sdspi esp_driver_spi esp_driver_touch_sens esp_driver_tsens esp_driver_twai esp_driver_uart esp_driver_usb_serial_jtag esp_eth esp_event esp_gdbstub esp_hid esp_http_client esp_http_server esp_https_ota esp_https_server esp_hw_support esp_lcd esp_local_ctrl esp_mm esp_netif esp_netif_stack esp_partition esp_phy esp_pm esp_psram esp_ringbuf esp_rom esp_security esp_system esp_timer esp_vfs_console esp_wifi espcoredump esptool_py fatfs freertos hal heap http_parser idf_test ieee802154 json log lwip main mbedtls mqtt newlib nvs_flash nvs_sec_provider openthread partition_table perfmon protobuf-c protocomm pthread rt sdmmc soc spi_flash spiffs tcp_transport touch_element ulp unity usb vfs wear_levelling wifi_provisioning wpa_supplicant xtensa
-- Component paths: /home/tikhon/Документы/magnolia/esp-idf/components/app_trace /home/tikhon/Документы/magnolia/esp-idf/components/app_update /home/tikhon/Документы/magnolia/esp-idf/components/bootloader /home/tikhon/Документы/magnolia/esp-idf/components/bootloader_support /home/tikhon/Документы/magnolia/esp-idf/components/bt /home/tikhon/Документы/magnolia/esp-idf/components/cmock /home/tikhon/Документы/magnolia/esp-idf/components/console /home/tikhon/Документы/magnolia/esp-idf/components/cxx /home/tikhon/Документы/magnolia/esp-idf/components/driver /home/tikhon/Документы/magnolia/esp-idf/components/efuse /home/tikhon/Документы/magnolia/esp-idf/components/esp-tls /home/tikhon/Документы/magnolia/esp-idf/components/esp_adc /home/tikhon/Документы/magnolia/esp-idf/components/esp_app_format /home/tikhon/Документы/magnolia/esp-idf/components/esp_bootloader_format /home/tikhon/Документы/magnolia/esp-idf/components/esp_coex /home/tikhon/Документы/magnolia/esp-idf/components/esp_common /home/tikhon/Документы/magnolia/esp-idf/components/esp_driver_ana_cmpr /home/tikhon/Документы/magnolia/esp-idf/components/esp_driver_bitscrambler /home/tikhon/Документы/magnolia/esp-idf/components/esp_driver_cam /home/tikhon/Документы/magnolia/esp-idf/components/esp_driver_dac /home/tikhon/Документы/magnolia/esp-idf/components/esp_driver_gpio /home/tikhon/Документы/magnolia/esp-idf/components/esp_driver_gptimer /home/tikhon/Документы/magnolia/esp-idf/components/esp_driver_i2c /home/tikhon/Документы/magnolia/esp-idf/components/esp_driver_i2s /home/tikhon/Документы/magnolia/esp-idf/components/esp_driver_i3c /home/tikhon/Документы/magnolia/esp-idf/components/esp_driver_isp /home/tikhon/Документы/magnolia/esp-idf/components/esp_driver_jpeg /home/tikhon/Документы/magnolia/esp-idf/components/esp_driver_ledc /home/tikhon/Документы/magnolia/esp-idf/components/esp_driver_mcpwm /home/tikhon/Документы/magnolia/esp-idf/components/esp_driver_parlio /home/tikhon/Документы/magnolia/esp-idf/components/esp_driver_pcnt /home/tikhon/Документы/magnolia/esp-idf/components/esp_driver_ppa /home/tikhon/Документы/magnolia/esp-idf/components/esp_driver_rmt /home/tikhon/Документы/magnolia/esp-idf/components/esp_driver_sd_intf /home/tikhon/Документы/magnolia/esp-idf/components/esp_driver_sdio /home/tikhon/Документы/magnolia/esp-idf/components/esp_driver_sdm /home/tikhon/Документы/magnolia/esp-idf/components/esp_driver_sdmmc /home/tikhon/Документы/magnolia/esp-idf/components/esp_driver_sdspi /home/tikhon/Документы/magnolia/esp-idf/components/esp_driver_spi /home/tikhon/Документы/magnolia/esp-idf/components/esp_driver_touch_sens /home/tikhon/Документы/magnolia/esp-idf/components/esp_driver_tsens /home/tikhon/Документы/magnolia/esp-idf/components/esp_driver_twai /home/tikhon/Документы/magnolia/esp-idf/components/esp_driver_uart /home/tikhon/Документы/magnolia/esp-idf/components/esp_driver_usb_serial_jtag /home/tikhon/Документы/magnolia/esp-idf/components/esp_eth /home/tikhon/Документы/magnolia/esp-idf/components/esp_event /home/tikhon/Документы/magnolia/esp-idf/components/esp_gdbstub /home/tikhon/Документы/magnolia/esp-idf/components/esp_hid /home/tikhon/Документы/magnolia/esp-idf/components/esp_http_client /home/tikhon/Документы/magnolia/esp-idf/components/esp_http_server /home/tikhon/Документы/magnolia/esp-idf/components/esp_https_ota /home/tikhon/Документы/magnolia/esp-idf/components/esp_https_server /home/tikhon/Документы/magnolia/esp-idf/components/esp_hw_support /home/tikhon/Документы/magnolia/esp-idf/components/esp_lcd /home/tikhon/Документы/magnolia/esp-idf/components/esp_local_ctrl /home/tikhon/Документы/magnolia/esp-idf/components/esp_mm /home/tikhon/Документы/magnolia/esp-idf/components/esp_netif /home/tikhon/Документы/magnolia/esp-idf/components/esp_netif_stack /home/tikhon/Документы/magnolia/esp-idf/components/esp_partition /home/tikhon/Документы/magnolia/esp-idf/components/esp_phy /home/tikhon/Документы/magnolia/esp-idf/components/esp_pm /home/tikhon/Документы/magnolia/esp-idf/components/esp_psram /home/tikhon/Документы/magnolia/esp-idf/components/esp_ringbuf /home/tikhon/Документы/magnolia/esp-idf/components/esp_rom /home/tikhon/Документы/magnolia/esp-idf/components/esp_security /home/tikhon/Документы/magnolia/esp-idf/components/esp_system /home/tikhon/Документы/magnolia/esp-idf/components/esp_timer /home/tikhon/Документы/magnolia/esp-idf/components/esp_vfs_console /home/tikhon/Документы/magnolia/esp-idf/components/esp_wifi /home/tikhon/Документы/magnolia/esp-idf/components/espcoredump /home/tikhon/Документы/magnolia/esp-idf/components/esptool_py /home/tikhon/Документы/magnolia/esp-idf/components/fatfs /home/tikhon/Документы/magnolia/esp-idf/components/freertos /home/tikhon/Документы/magnolia/esp-idf/components/hal /home/tikhon/Документы/magnolia/esp-idf/components/heap /home/tikhon/Документы/magnolia/esp-idf/components/http_parser /home/tikhon/Документы/magnolia/esp-idf/components/idf_test /home/tikhon/Документы/magnolia/esp-idf/components/ieee802154 /home/tikhon/Документы/magnolia/esp-idf/components/json /home/tikhon/Документы/magnolia/esp-idf/components/log /home/tikhon/Документы/magnolia/esp-idf/components/lwip /home/tikhon/Документы/magnolia/applets/mainline/cp/main /home/tikhon/Документы/magnolia/esp-idf/components/mbedtls /home/tikhon/Документы/magnolia/esp-idf/components/mqtt /home/tikhon/Документы/magnolia/esp-idf/components/newlib /home/tikhon/Документы/magnolia/esp-idf/components/nvs_flash /home/tikhon/Документы/magnolia/esp-idf/components/nvs_sec_provider /home/tikhon/Документы/magnolia/esp-idf/components/openthread /home/tikhon/Документы/magnolia/esp-idf/components/partition_table /home/tikhon/Документы/magnolia/esp-idf/components/perfmon /home/tikhon/Документы/magnolia/esp-idf/components/protobuf-c /home/tikhon/Документы/magnolia/esp-idf/components/protocomm /home/tikhon/Документы/magnolia/esp-idf/components/pthread /home/tikhon/Документы/magnolia/esp-idf/components/rt /home/tikhon/Документы/magnolia/esp-idf/components/sdmmc /home/tikhon/Документы/magnolia/esp-idf/components/soc /home/tikhon/Документы/magnolia/esp-idf/components/spi_flash /home/tikhon/Документы/magnolia/esp-idf/components/spiffs /home/tikhon/Документы/magnolia/esp-idf/components/tcp_transport /home/tikhon/Документы/magnolia/esp-idf/components/touch_element /home/tikhon/Документы/magnolia/esp-idf/components/ulp /home/tikhon/Документы/magnolia/esp-idf/components/unity /home/tikhon/Документы/magnolia/esp-idf/components/usb /home/tikhon/Документы/magnolia/esp-idf/components/vfs /home/tikhon/Документы/magnolia/esp-idf/components/wear_levelling /home/tikhon/Документы/magnolia/esp-idf/components/wifi_provisioning /home/tikhon/Документы/magnolia/esp-idf/components/wpa_supplicant /home/tikhon/Документы/magnolia/esp-idf/components/xtensa
-- Configuring done (4.0s)
-- Components: app_trace app_update bootloader bootloader_support bt cmock console cxx driver efuse esp-tls esp_adc esp_app_format esp_bootloader_format esp_coex esp_common esp_driver_ana_cmpr esp_driver_bitscrambler esp_driver_cam esp_driver_dac esp_driver_gpio esp_driver_gptimer esp_driver_i2c esp_driver_i2s esp_driver_i3c esp_driver_isp esp_driver_jpeg esp_driver_ledc esp_driver_mcpwm esp_driver_parlio esp_driver_pcnt esp_driver_ppa esp_driver_rmt esp_driver_sd_intf esp_driver_sdio esp_driver_sdm esp_driver_sdmmc esp_driver_sdspi esp_driver_spi esp_driver_touch_sens esp_driver_tsens esp_driver_twai esp_driver_uart esp_driver_usb_serial_jtag esp_eth esp_event esp_gdbstub esp_hid esp_http_client esp_http_server esp_https_ota esp_https_server esp_hw_support esp_lcd esp_local_ctrl esp_mm esp_netif esp_netif_stack esp_partition esp_phy esp_pm esp_psram esp_ringbuf esp_rom esp_security esp_system esp_timer esp_vfs_console esp_wifi espcoredump esptool_py fatfs freertos hal heap http_parser idf_test ieee802154 json log lwip main mbedtls mqtt newlib nvs_flash nvs_sec_provider openthread partition_table perfmon protobuf-c protocomm pthread rt sdmmc soc spi_flash spiffs tcp_transport touch_element ulp unity usb vfs wear_levelling wifi_provisioning wpa_supplicant xtensa
-- Component paths: /home/tikhon/Документы/magnolia/esp-idf/components/app_trace /home/tikhon/Документы/magnolia/esp-idf/components/app_update /home/tikhon/Документы/magnolia/esp-idf/components/bootloader /home/tikhon/Документы/magnolia/esp-idf/components/bootloader_support /home/tikhon/Документы/magnolia/esp-idf/components/bt /home/tikhon/Документы/magnolia/esp-idf/components/cmock /home/tikhon/Документы/magnolia/esp-idf/components/console /home/tikhon/Документы/magnolia/esp-idf/components/cxx /home/tikhon/Документы/magnolia/esp-idf/components/driver /home/tikhon/Документы/magnolia/esp-idf/components/efuse /home/tikhon/Документы/magnolia/esp-idf/components/esp-tls /home/tikhon/Документы/magnolia/esp-idf/components/esp_adc /home/tikhon/Документы/magnolia/esp-idf/components/esp_app_format /home/tikhon/Документы/magnolia/esp-idf/components/esp_bootloader_format /home/tikhon/Документы/magnolia/esp-idf/components/esp_coex /home/tikhon/Документы/magnolia/esp-idf/components/esp_common /home/tikhon/Документы/magnolia/esp-idf/components/esp_driver_ana_cmpr /home/tikhon/Документы/magnolia/esp-idf/components/esp_driver_bitscrambler /home/tikhon/Документы/magnolia/esp-idf/components/esp_driver_cam /home/tikhon/Документы/magnolia/esp-idf/components/esp_driver_dac /home/tikhon/Документы/magnolia/esp-idf/components/esp_driver_gpio /home/tikhon/Документы/magnolia/esp-idf/components/esp_driver_gptimer /home/tikhon/Документы/magnolia/esp-idf/components/esp_driver_i2c /home/tikhon/Документы/magnolia/esp-idf/components/esp_driver_i2s /home/tikhon/Документы/magnolia/esp-idf/components/esp_driver_i3c /home/tikhon/Документы/magnolia/esp-idf/components/esp_driver_isp /home/tikhon/Документы/magnolia/esp-idf/components/esp_driver_jpeg /home/tikhon/Документы/magnolia/esp-idf/components/esp_driver_ledc /home/tikhon/Документы/magnolia/esp-idf/components/esp_driver_mcpwm /home/tikhon/Документы/magnolia/esp-idf/components/esp_driver_parlio /home/tikhon/Документы/magnolia/esp-idf/components/esp_driver_pcnt /home/tikhon/Документы/magnolia/esp-idf/components/esp_driver_ppa /home/tikhon/Документы/magnolia/esp-idf/components/esp_driver_rmt /home/tikhon/Документы/magnolia/esp-idf/components/esp_driver_sd_intf /home/tikhon/Документы/magnolia/esp-idf/components/esp_driver_sdio /home/tikhon/Документы/magnolia/esp-idf/components/esp_driver_sdm /home/tikhon/Документы/magnolia/esp-idf/components/esp_driver_sdmmc /home/tikhon/Документы/magnolia/esp-idf/components/esp_driver_sdspi /home/tikhon/Документы/magnolia/esp-idf/components/esp_driver_spi /home/tikhon/Документы/magnolia/esp-idf/components/esp_driver_touch_sens /home/tikhon/Документы/magnolia/esp-idf/components/esp_driver_tsens /home/tikhon/Документы/magnolia/esp-idf/components/esp_driver_twai /home/tikhon/Документы/magnolia/esp-idf/components/esp_driver_uart /home/tikhon/Документы/magnolia/esp-idf/components/esp_driver_usb_serial_jtag /home/tikhon/Документы/magnolia/esp-idf/components/esp_eth /home/tikhon/Документы/magnolia/esp-idf/components/esp_event /home/tikhon/Документы/magnolia/esp-idf/components/esp_gdbstub /home/tikhon/Документы/magnolia/esp-idf/components/esp_hid /home/tikhon/Документы/magnolia/esp-idf/components/esp_http_client /home/tikhon/Документы/magnolia/esp-idf/components/esp_http_server /home/tikhon/Документы/magnolia/esp-idf/components/esp_https_ota /home/tikhon/Документы/magnolia/esp-idf/components/esp_https_server /home/tikhon/Документы/magnolia/esp-idf/components/esp_hw_support /home/tikhon/Документы/magnolia/esp-idf/components/esp_lcd /home/tikhon/Документы/magnolia/esp-idf/components/esp_local_ctrl /home/tikhon/Документы/magnolia/esp-idf/components/esp_mm /home/tikhon/Документы/magnolia/esp-idf/components/esp_netif /home/tikhon/Документы/magnolia/esp-idf/components/esp_netif_stack /home/tikhon/Документы/magnolia/esp-idf/components/esp_partition /home/tikhon/Документы/magnolia/esp-idf/components/esp_phy /home/tikhon/Документы/magnolia/esp-idf/components/esp_pm /home/tikhon/Документы/magnolia/esp-idf/components/esp_psram /home/tikhon/Документы/magnolia/esp-idf/components/esp_ringbuf /home/tikhon/Документы/magnolia/esp-idf/components/esp_rom /home/tikhon/Документы/magnolia/esp-idf/components/esp_security /home/tikhon/Документы/magnolia/esp-idf/components/esp_system /home/tikhon/Документы/magnolia/esp-idf/components/esp_timer /home/tikhon/Документы/magnolia/esp-idf/components/esp_vfs_console /home/tikhon/Документы/magnolia/esp-idf/components/esp_wifi /home/tikhon/Документы/magnolia/esp-idf/components/espcoredump /home/tikhon/Документы/magnolia/esp-idf/components/esptool_py /home/tikhon/Документы/magnolia/esp-idf/components/fatfs /home/tikhon/Документы/magnolia/esp-idf/components/freertos /home/tikhon/Документы/magnolia/esp-idf/components/hal /home/tikhon/Документы/magnolia/esp-idf/components/heap /home/tikhon/Документы/magnolia/esp-idf/components/http_parser /home/tikhon/Документы/magnolia/esp-idf/components/idf_test /home/tikhon/Документы/magnolia/esp-idf/components/ieee802154 /home/tikhon/Документы/magnolia/esp-idf/components/json /home/tikhon/Документы/magnolia/esp-idf/components/log /home/tikhon/Документы/magnolia/esp-idf/components/lwip /home/tikhon/Документы/magnolia/applets/mainline/chown/main /home/tikhon/Документы/magnolia/esp-idf/components/mbedtls /home/tikhon/Документы/magnolia/esp-idf/components/mqtt /home/tikhon/Документы/magnolia/esp-idf/components/newlib /home/tikhon/Документы/magnolia/esp-idf/components/nvs_flash /home/tikhon/Документы/magnolia/esp-idf/components/nvs_sec_provider /home/tikhon/Документы/magnolia/esp-idf/components/openthread /home/tikhon/Документы/magnolia/esp-idf/components/partition_table /home/tikhon/Документы/magnolia/esp-idf/components/perfmon /home/tikhon/Документы/magnolia/esp-idf/components/protobuf-c /home/tikhon/Документы/magnolia/esp-idf/components/protocomm /home/tikhon/Документы/magnolia/esp-idf/components/pthread /home/tikhon/Документы/magnolia/esp-idf/components/rt /home/tikhon/Документы/magnolia/esp-idf/components/sdmmc /home/tikhon/Документы/magnolia/esp-idf/components/soc /home/tikhon/Документы/magnolia/esp-idf/components/spi_flash /home/tikhon/Документы/magnolia/esp-idf/components/spiffs /home/tikhon/Документы/magnolia/esp-idf/components/tcp_transport /home/tikhon/Документы/magnolia/esp-idf/components/touch_element /home/tikhon/Документы/magnolia/esp-idf/components/ulp /home/tikhon/Документы/magnolia/esp-idf/components/unity /home/tikhon/Документы/magnolia/esp-idf/components/usb /home/tikhon/Документы/magnolia/esp-idf/components/vfs /home/tikhon/Документы/magnolia/esp-idf/components/wear_levelling /home/tikhon/Документы/magnolia/esp-idf/components/wifi_provisioning /home/tikhon/Документы/magnolia/esp-idf/components/wpa_supplicant /home/tikhon/Документы/magnolia/esp-idf/components/xtensa
-- Configuring done (4.0s)
-- Components: app_trace app_update bootloader bootloader_support bt cmock console cxx driver efuse esp-tls esp_adc esp_app_format esp_bootloader_format esp_coex esp_common esp_driver_ana_cmpr esp_driver_bitscrambler esp_driver_cam esp_driver_dac esp_driver_gpio esp_driver_gptimer esp_driver_i2c esp_driver_i2s esp_driver_i3c esp_driver_isp esp_driver_jpeg esp_driver_ledc esp_driver_mcpwm esp_driver_parlio esp_driver_pcnt esp_driver_ppa esp_driver_rmt esp_driver_sd_intf esp_driver_sdio esp_driver_sdm esp_driver_sdmmc esp_driver_sdspi esp_driver_spi esp_driver_touch_sens esp_driver_tsens esp_driver_twai esp_driver_uart esp_driver_usb_serial_jtag esp_eth esp_event esp_gdbstub esp_hid esp_http_client esp_http_server esp_https_ota esp_https_server esp_hw_support esp_lcd esp_local_ctrl esp_mm esp_netif esp_netif_stack esp_partition esp_phy esp_pm esp_psram esp_ringbuf esp_rom esp_security esp_system esp_timer esp_vfs_console esp_wifi espcoredump esptool_py fatfs freertos hal heap http_parser idf_test ieee802154 json log lwip main mbedtls mqtt newlib nvs_flash nvs_sec_provider openthread partition_table perfmon protobuf-c protocomm pthread rt sdmmc soc spi_flash spiffs tcp_transport touch_element ulp unity usb vfs wear_levelling wifi_provisioning wpa_supplicant xtensa
-- Component paths: /home/tikhon/Документы/magnolia/esp-idf/components/app_trace /home/tikhon/Документы/magnolia/esp-idf/components/app_update /home/tikhon/Документы/magnolia/esp-idf/components/bootloader /home/tikhon/Документы/magnolia/esp-idf/components/bootloader_support /home/tikhon/Документы/magnolia/esp-idf/components/bt /home/tikhon/Документы/magnolia/esp-idf/components/cmock /home/tikhon/Документы/magnolia/esp-idf/components/console /home/tikhon/Документы/magnolia/esp-idf/components/cxx /home/tikhon/Документы/magnolia/esp-idf/components/driver /home/tikhon/Документы/magnolia/esp-idf/components/efuse /home/tikhon/Документы/magnolia/esp-idf/components/esp-tls /home/tikhon/Документы/magnolia/esp-idf/components/esp_adc /home/tikhon/Документы/magnolia/esp-idf/components/esp_app_format /home/tikhon/Документы/magnolia/esp-idf/components/esp_bootloader_format /home/tikhon/Документы/magnolia/esp-idf/components/esp_coex /home/tikhon/Документы/magnolia/esp-idf/components/esp_common /home/tikhon/Документы/magnolia/esp-idf/components/esp_driver_ana_cmpr /home/tikhon/Документы/magnolia/esp-idf/components/esp_driver_bitscrambler /home/tikhon/Документы/magnolia/esp-idf/components/esp_driver_cam /home/tikhon/Документы/magnolia/esp-idf/components/esp_driver_dac /home/tikhon/Документы/magnolia/esp-idf/components/esp_driver_gpio /home/tikhon/Документы/magnolia/esp-idf/components/esp_driver_gptimer /home/tikhon/Документы/magnolia/esp-idf/components/esp_driver_i2c /home/tikhon/Документы/magnolia/esp-idf/components/esp_driver_i2s /home/tikhon/Документы/magnolia/esp-idf/components/esp_driver_i3c /home/tikhon/Документы/magnolia/esp-idf/components/esp_driver_isp /home/tikhon/Документы/magnolia/esp-idf/components/esp_driver_jpeg /home/tikhon/Документы/magnolia/esp-idf/components/esp_driver_ledc /home/tikhon/Документы/magnolia/esp-idf/components/esp_driver_mcpwm /home/tikhon/Документы/magnolia/esp-idf/components/esp_driver_parlio /home/tikhon/Документы/magnolia/esp-idf/components/esp_driver_pcnt /home/tikhon/Документы/magnolia/esp-idf/components/esp_driver_ppa /home/tikhon/Документы/magnolia/esp-idf/components/esp_driver_rmt /home/tikhon/Документы/magnolia/esp-idf/components/esp_driver_sd_intf /home/tikhon/Документы/magnolia/esp-idf/components/esp_driver_sdio /home/tikhon/Документы/magnolia/esp-idf/components/esp_driver_sdm /home/tikhon/Документы/magnolia/esp-idf/components/esp_driver_sdmmc /home/tikhon/Документы/magnolia/esp-idf/components/esp_driver_sdspi /home/tikhon/Документы/magnolia/esp-idf/components/esp_driver_spi /home/tikhon/Документы/magnolia/esp-idf/components/esp_driver_touch_sens /home/tikhon/Документы/magnolia/esp-idf/components/esp_driver_tsens /home/tikhon/Документы/magnolia/esp-idf/components/esp_driver_twai /home/tikhon/Документы/magnolia/esp-idf/components/esp_driver_uart /home/tikhon/Документы/magnolia/esp-idf/components/esp_driver_usb_serial_jtag /home/tikhon/Документы/magnolia/esp-idf/components/esp_eth /home/tikhon/Документы/magnolia/esp-idf/components/esp_event /home/tikhon/Документы/magnolia/esp-idf/components/esp_gdbstub /home/tikhon/Документы/magnolia/esp-idf/components/esp_hid /home/tikhon/Документы/magnolia/esp-idf/components/esp_http_client /home/tikhon/Документы/magnolia/esp-idf/components/esp_http_server /home/tikhon/Документы/magnolia/esp-idf/components/esp_https_ota /home/tikhon/Документы/magnolia/esp-idf/components/esp_https_server /home/tikhon/Документы/magnolia/esp-idf/components/esp_hw_support /home/tikhon/Документы/magnolia/esp-idf/components/esp_lcd /home/tikhon/Документы/magnolia/esp-idf/components/esp_local_ctrl /home/tikhon/Документы/magnolia/esp-idf/components/esp_mm /home/tikhon/Документы/magnolia/esp-idf/components/esp_netif /home/tikhon/Документы/magnolia/esp-idf/components/esp_netif_stack /home/tikhon/Документы/magnolia/esp-idf/components/esp_partition /home/tikhon/Документы/magnolia/esp-idf/components/esp_phy /home/tikhon/Документы/magnolia/esp-idf/components/esp_pm /home/tikhon/Документы/magnolia/esp-idf/components/esp_psram /home/tikhon/Документы/magnolia/esp-idf/components/esp_ringbuf /home/tikhon/Документы/magnolia/esp-idf/components/esp_rom /home/tikhon/Документы/magnolia/esp-idf/components/esp_security /home/tikhon/Документы/magnolia/esp-idf/components/esp_system /home/tikhon/Документы/magnolia/esp-idf/components/esp_timer /home/tikhon/Документы/magnolia/esp-idf/components/esp_vfs_console /home/tikhon/Документы/magnolia/esp-idf/components/esp_wifi /home/tikhon/Документы/magnolia/esp-idf/components/espcoredump /home/tikhon/Документы/magnolia/esp-idf/components/esptool_py /home/tikhon/Документы/magnolia/esp-idf/components/fatfs /home/tikhon/Документы/magnolia/esp-idf/components/freertos /home/tikhon/Документы/magnolia/esp-idf/components/hal /home/tikhon/Документы/magnolia/esp-idf/components/heap /home/tikhon/Документы/magnolia/esp-idf/components/http_parser /home/tikhon/Документы/magnolia/esp-idf/components/idf_test /home/tikhon/Документы/magnolia/esp-idf/components/ieee802154 /home/tikhon/Документы/magnolia/esp-idf/components/json /home/tikhon/Документы/magnolia/esp-idf/components/log /home/tikhon/Документы/magnolia/esp-idf/components/lwip /home/tikhon/Документы/magnolia/applets/mainline/comm/main /home/tikhon/Документы/magnolia/esp-idf/components/mbedtls /home/tikhon/Документы/magnolia/esp-idf/components/mqtt /home/tikhon/Документы/magnolia/esp-idf/components/newlib /home/tikhon/Документы/magnolia/esp-idf/components/nvs_flash /home/tikhon/Документы/magnolia/esp-idf/components/nvs_sec_provider /home/tikhon/Документы/magnolia/esp-idf/components/openthread /home/tikhon/Документы/magnolia/esp-idf/components/partition_table /home/tikhon/Документы/magnolia/esp-idf/components/perfmon /home/tikhon/Документы/magnolia/esp-idf/components/protobuf-c /home/tikhon/Документы/magnolia/esp-idf/components/protocomm /home/tikhon/Документы/magnolia/esp-idf/components/pthread /home/tikhon/Документы/magnolia/esp-idf/components/rt /home/tikhon/Документы/magnolia/esp-idf/components/sdmmc /home/tikhon/Документы/magnolia/esp-idf/components/soc /home/tikhon/Документы/magnolia/esp-idf/components/spi_flash /home/tikhon/Документы/magnolia/esp-idf/components/spiffs /home/tikhon/Документы/magnolia/esp-idf/components/tcp_transport /home/tikhon/Документы/magnolia/esp-idf/components/touch_element /home/tikhon/Документы/magnolia/esp-idf/components/ulp /home/tikhon/Документы/magnolia/esp-idf/components/unity /home/tikhon/Документы/magnolia/esp-idf/components/usb /home/tikhon/Документы/magnolia/esp-idf/components/vfs /home/tikhon/Документы/magnolia/esp-idf/components/wear_levelling /home/tikhon/Документы/magnolia/esp-idf/components/wifi_provisioning /home/tikhon/Документы/magnolia/esp-idf/components/wpa_supplicant /home/tikhon/Документы/magnolia/esp-idf/components/xtensa
-- Configuring done (4.1s)
-- ESP-TEE is currently supported only on the esp32c6;esp32h2;esp32c5 SoCs
-- Components: app_trace app_update bootloader bootloader_support bt cmock console cxx driver efuse esp-tls esp_adc esp_app_format esp_bootloader_format esp_coex esp_common esp_driver_ana_cmpr esp_driver_bitscrambler esp_driver_cam esp_driver_dac esp_driver_gpio esp_driver_gptimer esp_driver_i2c esp_driver_i2s esp_driver_i3c esp_driver_isp esp_driver_jpeg esp_driver_ledc esp_driver_mcpwm esp_driver_parlio esp_driver_pcnt esp_driver_ppa esp_driver_rmt esp_driver_sd_intf esp_driver_sdio esp_driver_sdm esp_driver_sdmmc esp_driver_sdspi esp_driver_spi esp_driver_touch_sens esp_driver_tsens esp_driver_twai esp_driver_uart esp_driver_usb_serial_jtag esp_eth esp_event esp_gdbstub esp_hid esp_http_client esp_http_server esp_https_ota esp_https_server esp_hw_support esp_lcd esp_local_ctrl esp_mm esp_netif esp_netif_stack esp_partition esp_phy esp_pm esp_psram esp_ringbuf esp_rom esp_security esp_system esp_timer esp_vfs_console esp_wifi espcoredump esptool_py fatfs freertos hal heap http_parser idf_test ieee802154 json log lwip main mbedtls mqtt newlib nvs_flash nvs_sec_provider openthread partition_table perfmon protobuf-c protocomm pthread rt sdmmc soc spi_flash spiffs tcp_transport touch_element ulp unity usb vfs wear_levelling wifi_provisioning wpa_supplicant xtensa
-- Component paths: /home/tikhon/Документы/magnolia/esp-idf/components/app_trace /home/tikhon/Документы/magnolia/esp-idf/components/app_update /home/tikhon/Документы/magnolia/esp-idf/components/bootloader /home/tikhon/Документы/magnolia/esp-idf/components/bootloader_support /home/tikhon/Документы/magnolia/esp-idf/components/bt /home/tikhon/Документы/magnolia/esp-idf/components/cmock /home/tikhon/Документы/magnolia/esp-idf/components/console /home/tikhon/Документы/magnolia/esp-idf/components/cxx /home/tikhon/Документы/magnolia/esp-idf/components/driver /home/tikhon/Документы/magnolia/esp-idf/components/efuse /home/tikhon/Документы/magnolia/esp-idf/components/esp-tls /home/tikhon/Документы/magnolia/esp-idf/components/esp_adc /home/tikhon/Документы/magnolia/esp-idf/components/esp_app_format /home/tikhon/Документы/magnolia/esp-idf/components/esp_bootloader_format /home/tikhon/Документы/magnolia/esp-idf/components/esp_coex /home/tikhon/Документы/magnolia/esp-idf/components/esp_common /home/tikhon/Документы/magnolia/esp-idf/components/esp_driver_ana_cmpr /home/tikhon/Документы/magnolia/esp-idf/components/esp_driver_bitscrambler /home/tikhon/Документы/magnolia/esp-idf/components/esp_driver_cam /home/tikhon/Документы/magnolia/esp-idf/components/esp_driver_dac /home/tikhon/Документы/magnolia/esp-idf/components/esp_driver_gpio /home/tikhon/Документы/magnolia/esp-idf/components/esp_driver_gptimer /home/tikhon/Документы/magnolia/esp-idf/components/esp_driver_i2c /home/tikhon/Документы/magnolia/esp-idf/components/esp_driver_i2s /home/tikhon/Документы/magnolia/esp-idf/components/esp_driver_i3c /home/tikhon/Документы/magnolia/esp-idf/components/esp_driver_isp /home/tikhon/Документы/magnolia/esp-idf/components/esp_driver_jpeg /home/tikhon/Документы/magnolia/esp-idf/components/esp_driver_ledc /home/tikhon/Документы/magnolia/esp-idf/components/esp_driver_mcpwm /home/tikhon/Документы/magnolia/esp-idf/components/esp_driver_parlio /home/tikhon/Документы/magnolia/esp-idf/components/esp_driver_pcnt /home/tikhon/Документы/magnolia/esp-idf/components/esp_driver_ppa /home/tikhon/Документы/magnolia/esp-idf/components/esp_driver_rmt /home/tikhon/Документы/magnolia/esp-idf/components/esp_driver_sd_intf /home/tikhon/Документы/magnolia/esp-idf/components/esp_driver_sdio /home/tikhon/Документы/magnolia/esp-idf/components/esp_driver_sdm /home/tikhon/Документы/magnolia/esp-idf/components/esp_driver_sdmmc /home/tikhon/Документы/magnolia/esp-idf/components/esp_driver_sdspi /home/tikhon/Документы/magnolia/esp-idf/components/esp_driver_spi /home/tikhon/Документы/magnolia/esp-idf/components/esp_driver_touch_sens /home/tikhon/Документы/magnolia/esp-idf/components/esp_driver_tsens /home/tikhon/Документы/magnolia/esp-idf/components/esp_driver_twai /home/tikhon/Документы/magnolia/esp-idf/components/esp_driver_uart /home/tikhon/Документы/magnolia/esp-idf/components/esp_driver_usb_serial_jtag /home/tikhon/Документы/magnolia/esp-idf/components/esp_eth /home/tikhon/Документы/magnolia/esp-idf/components/esp_event /home/tikhon/Документы/magnolia/esp-idf/components/esp_gdbstub /home/tikhon/Документы/magnolia/esp-idf/components/esp_hid /home/tikhon/Документы/magnolia/esp-idf/components/esp_http_client /home/tikhon/Документы/magnolia/esp-idf/components/esp_http_server /home/tikhon/Документы/magnolia/esp-idf/components/esp_https_ota /home/tikhon/Документы/magnolia/esp-idf/components/esp_https_server /home/tikhon/Документы/magnolia/esp-idf/components/esp_hw_support /home/tikhon/Документы/magnolia/esp-idf/components/esp_lcd /home/tikhon/Документы/magnolia/esp-idf/components/esp_local_ctrl /home/tikhon/Документы/magnolia/esp-idf/components/esp_mm /home/tikhon/Документы/magnolia/esp-idf/components/esp_netif /home/tikhon/Документы/magnolia/esp-idf/components/esp_netif_stack /home/tikhon/Документы/magnolia/esp-idf/components/esp_partition /home/tikhon/Документы/magnolia/esp-idf/components/esp_phy /home/tikhon/Документы/magnolia/esp-idf/components/esp_pm /home/tikhon/Документы/magnolia/esp-idf/components/esp_psram /home/tikhon/Документы/magnolia/esp-idf/components/esp_ringbuf /home/tikhon/Документы/magnolia/esp-idf/components/esp_rom /home/tikhon/Документы/magnolia/esp-idf/components/esp_security /home/tikhon/Документы/magnolia/esp-idf/components/esp_system /home/tikhon/Документы/magnolia/esp-idf/components/esp_timer /home/tikhon/Документы/magnolia/esp-idf/components/esp_vfs_console /home/tikhon/Документы/magnolia/esp-idf/components/esp_wifi /home/tikhon/Документы/magnolia/esp-idf/components/espcoredump /home/tikhon/Документы/magnolia/esp-idf/components/esptool_py /home/tikhon/Документы/magnolia/esp-idf/components/fatfs /home/tikhon/Документы/magnolia/esp-idf/components/freertos /home/tikhon/Документы/magnolia/esp-idf/components/hal /home/tikhon/Документы/magnolia/esp-idf/components/heap /home/tikhon/Документы/magnolia/esp-idf/components/http_parser /home/tikhon/Документы/magnolia/esp-idf/components/idf_test /home/tikhon/Документы/magnolia/esp-idf/components/ieee802154 /home/tikhon/Документы/magnolia/esp-idf/components/json /home/tikhon/Документы/magnolia/esp-idf/components/log /home/tikhon/Документы/magnolia/esp-idf/components/lwip /home/tikhon/Документы/magnolia/applets/mainline/df/main /home/tikhon/Документы/magnolia/esp-idf/components/mbedtls /home/tikhon/Документы/magnolia/esp-idf/components/mqtt /home/tikhon/Документы/magnolia/esp-idf/components/newlib /home/tikhon/Документы/magnolia/esp-idf/components/nvs_flash /home/tikhon/Документы/magnolia/esp-idf/components/nvs_sec_provider /home/tikhon/Документы/magnolia/esp-idf/components/openthread /home/tikhon/Документы/magnolia/esp-idf/components/partition_table /home/tikhon/Документы/magnolia/esp-idf/components/perfmon /home/tikhon/Документы/magnolia/esp-idf/components/protobuf-c /home/tikhon/Документы/magnolia/esp-idf/components/protocomm /home/tikhon/Документы/magnolia/esp-idf/components/pthread /home/tikhon/Документы/magnolia/esp-idf/components/rt /home/tikhon/Документы/magnolia/esp-idf/components/sdmmc /home/tikhon/Документы/magnolia/esp-idf/components/soc /home/tikhon/Документы/magnolia/esp-idf/components/spi_flash /home/tikhon/Документы/magnolia/esp-idf/components/spiffs /home/tikhon/Документы/magnolia/esp-idf/components/tcp_transport /home/tikhon/Документы/magnolia/esp-idf/components/touch_element /home/tikhon/Документы/magnolia/esp-idf/components/ulp /home/tikhon/Документы/magnolia/esp-idf/components/unity /home/tikhon/Документы/magnolia/esp-idf/components/usb /home/tikhon/Документы/magnolia/esp-idf/components/vfs /home/tikhon/Документы/magnolia/esp-idf/components/wear_levelling /home/tikhon/Документы/magnolia/esp-idf/components/wifi_provisioning /home/tikhon/Документы/magnolia/esp-idf/components/wpa_supplicant /home/tikhon/Документы/magnolia/esp-idf/components/xtensa
-- Configuring done (4.1s)
-- Generating done (0.5s)
-- Build files have been written to: /home/tikhon/Документы/magnolia/applets/mainline/cksum/build
-- Generating done (0.5s)
-- Generating done (0.5s)
-- Generating done (0.5s)
-- Build files have been written to: /home/tikhon/Документы/magnolia/applets/mainline/cd/build
-- Build files have been written to: /home/tikhon/Документы/magnolia/applets/mainline/echo/build
-- Generating done (0.5s)
-- Build files have been written to: /home/tikhon/Документы/magnolia/applets/mainline/date/build
-- Build files have been written to: /home/tikhon/Документы/magnolia/applets/mainline/cat/build
-- Generating done (0.5s)
-- Build files have been written to: /home/tikhon/Документы/magnolia/applets/mainline/du/build
-- Generating done (0.5s)
-- Generating done (0.6s)
-- Generating done (0.5s)
-- Build files have been written to: /home/tikhon/Документы/magnolia/applets/mainline/chmod/build
-- Build files have been written to: /home/tikhon/Документы/magnolia/applets/mainline/basename/build
-- Generating done (0.5s)
-- Generating done (0.5s)
-- Build files have been written to: /home/tikhon/Документы/magnolia/applets/mainline/cmp/build
-- Build files have been written to: /home/tikhon/Документы/magnolia/applets/mainline/cp/build
-- Build files have been written to: /home/tikhon/Документы/magnolia/applets/mainline/cut/build
-- Generating done (0.5s)
-- Generating done (0.5s)
[1/4] Building C object esp-idf/esp_app_format/CMakeFiles/__idf_esp_app_format.dir/esp_app_desc.c.obj
-- Build files have been written to: /home/tikhon/Документы/magnolia/applets/mainline/comm/build
-- Build files have been written to: /home/tikhon/Документы/magnolia/applets/mainline/chown/build
[2/4] Linking C static library esp-idf/esp_app_format/libesp_app_format.a
[1/4] Building C object esp-idf/esp_app_format/CMakeFiles/__idf_esp_app_format.dir/esp_app_desc.c.obj
-- Generating done (0.7s)
[1/4] Building C object esp-idf/esp_app_format/CMakeFiles/__idf_esp_app_format.dir/esp_app_desc.c.obj
[3/4] Build ELF: cksum.app.elf
[1/4] Building C object esp-idf/esp_app_format/CMakeFiles/__idf_esp_app_format.dir/esp_app_desc.c.obj
-- Build files have been written to: /home/tikhon/Документы/magnolia/applets/mainline/dirname/build
[2/4] Linking C static library esp-idf/esp_app_format/libesp_app_format.a
[2/4] Linking C static library esp-idf/esp_app_format/libesp_app_format.a
[2/4] Linking C static library esp-idf/esp_app_format/libesp_app_format.a
-- Generating done (0.5s)
[3/4] Build ELF: date.app.elf
[3/4] Build ELF: cd.app.elf
[3/4] Build ELF: echo.app.elf
[1/4] Building C object esp-idf/esp_app_format/CMakeFiles/__idf_esp_app_format.dir/esp_app_desc.c.obj
-- Build files have been written to: /home/tikhon/Документы/magnolia/applets/mainline/df/build
[2/4] Linking C static library esp-idf/esp_app_format/libesp_app_format.a
[1/4] Building C object esp-idf/esp_app_format/CMakeFiles/__idf_esp_app_format.dir/esp_app_desc.c.obj
[3/4] Build ELF: cat.app.elf
[1/4] Building C object esp-idf/esp_app_format/CMakeFiles/__idf_esp_app_format.dir/esp_app_desc.c.obj
[2/4] Linking C static library esp-idf/esp_app_format/libesp_app_format.a
[1/4] Building C object esp-idf/esp_app_format/CMakeFiles/__idf_esp_app_format.dir/esp_app_desc.c.obj
[2/4] Linking C static library esp-idf/esp_app_format/libesp_app_format.a
[3/4] Build ELF: du.app.elf
[1/4] Building C object esp-idf/esp_app_format/CMakeFiles/__idf_esp_app_format.dir/esp_app_desc.c.obj
[2/4] Linking C static library esp-idf/esp_app_format/libesp_app_format.a
[3/4] Build ELF: chmod.app.elf
[3/4] Build ELF: cmp.app.elf
[2/4] Linking C static library esp-idf/esp_app_format/libesp_app_format.a
[1/4] Building C object esp-idf/esp_app_format/CMakeFiles/__idf_esp_app_format.dir/esp_app_desc.c.obj
[1/4] Building C object esp-idf/esp_app_format/CMakeFiles/__idf_esp_app_format.dir/esp_app_desc.c.obj
[3/4] Build ELF: cut.app.elf
[2/4] Linking C static library esp-idf/esp_app_format/libesp_app_format.a
[1/4] Building C object esp-idf/esp_app_format/CMakeFiles/__idf_esp_app_format.dir/esp_app_desc.c.obj
[2/4] Linking C static library esp-idf/esp_app_format/libesp_app_format.a
Applet cksum OK -> /home/tikhon/Документы/magnolia/rootfs/bin/cksum
Building applet elftest -> elftest ...
+ idf.py elf
[3/4] Build ELF: basename.app.elf
[2/4] Linking C static library esp-idf/esp_app_format/libesp_app_format.a
[3/4] Build ELF: cp.app.elf
[1/4] Building C object esp-idf/esp_app_format/CMakeFiles/__idf_esp_app_format.dir/esp_app_desc.c.obj
[3/4] Build ELF: chown.app.elf
Applet cd OK -> /home/tikhon/Документы/magnolia/rootfs/bin/cd
Building applet env -> env ...
+ idf.py elf
Applet date OK -> /home/tikhon/Документы/magnolia/rootfs/bin/date
Building applet false -> false ...
+ idf.py elf
[2/4] Linking C static library esp-idf/esp_app_format/libesp_app_format.a
[3/4] Build ELF: comm.app.elf
[1/4] Building C object esp-idf/esp_app_format/CMakeFiles/__idf_esp_app_format.dir/esp_app_desc.c.obj
Applet echo OK -> /home/tikhon/Документы/magnolia/rootfs/bin/echo
Building applet free -> free ...
+ idf.py elf
Applet cat OK -> /home/tikhon/Документы/magnolia/rootfs/bin/cat
Building applet head -> head ...
+ idf.py elf
[2/4] Linking C static library esp-idf/esp_app_format/libesp_app_format.a
[3/4] Build ELF: dirname.app.elf
Applet du OK -> /home/tikhon/Документы/magnolia/rootfs/bin/du
Building applet hexdump -> hexdump ...
+ idf.py elf
Applet cmp OK -> /home/tikhon/Документы/magnolia/rootfs/bin/cmp
Building applet init -> init ...
+ idf.py elf
[1/4] Building C object esp-idf/esp_app_format/CMakeFiles/__idf_esp_app_format.dir/esp_app_desc.c.obj
Applet chmod OK -> /home/tikhon/Документы/magnolia/rootfs/bin/chmod
Building applet kill -> kill ...
+ idf.py elf
[2/4] Linking C static library esp-idf/esp_app_format/libesp_app_format.a
Applet cut OK -> /home/tikhon/Документы/magnolia/rootfs/bin/cut
Building applet ln -> ln ...
+ idf.py elf
[3/4] Build ELF: df.app.elf
Applet chown OK -> /home/tikhon/Документы/magnolia/rootfs/bin/chown
Building applet login -> login ...
+ idf.py elf
Applet basename OK -> /home/tikhon/Документы/magnolia/rootfs/bin/basename
Building applet ls -> ls ...
+ idf.py elf
Applet cp OK -> /home/tikhon/Документы/magnolia/rootfs/bin/cp
Building applet medit -> medit ...
+ idf.py elf
Applet comm OK -> /home/tikhon/Документы/magnolia/rootfs/bin/comm
Building applet mkdir -> mkdir ...
+ idf.py elf
Applet dirname OK -> /home/tikhon/Документы/magnolia/rootfs/bin/dirname
Building applet mv -> mv ...
+ idf.py elf
Applet df OK -> /home/tikhon/Документы/magnolia/rootfs/bin/df
Building applet ps -> ps ...
+ idf.py elf
-- Project sdkconfig file /home/tikhon/Документы/magnolia/applets/mainline/dd/sdkconfig
Executing action: elf
Running ninja in directory /home/tikhon/Документы/magnolia/applets/mainline/elftest/build
Executing "ninja elf"...
[0/1] Re-running CMake...
Executing action: elf
Running ninja in directory /home/tikhon/Документы/magnolia/applets/mainline/false/build
Executing "ninja elf"...
[0/1] Re-running CMake...
Executing action: elf
Running ninja in directory /home/tikhon/Документы/magnolia/applets/mainline/head/build
Executing "ninja elf"...
[0/1] Re-running CMake...
Executing action: elf
Running ninja in directory /home/tikhon/Документы/magnolia/applets/mainline/env/build
Executing "ninja elf"...
[0/1] Re-running CMake...
Executing action: elf
Running ninja in directory /home/tikhon/Документы/magnolia/applets/mainline/free/build
Executing "ninja elf"...
[0/1] Re-running CMake...
Executing action: elf
Running ninja in directory /home/tikhon/Документы/magnolia/applets/mainline/kill/build
Executing "ninja elf"...
[0/1] Re-running CMake...
-- Compiler supported targets: xtensa-esp-elf
Executing action: elf
Running ninja in directory /home/tikhon/Документы/magnolia/applets/mainline/login/build
Executing "ninja elf"...
[0/1] Re-running CMake...
Executing action: elf
Running ninja in directory /home/tikhon/Документы/magnolia/applets/mainline/hexdump/build
Executing "ninja elf"...
[0/1] Re-running CMake...
Executing action: elf
Running ninja in directory /home/tikhon/Документы/magnolia/applets/mainline/ls/build
Executing "ninja elf"...
[0/1] Re-running CMake...
Executing action: elf
Running ninja in directory /home/tikhon/Документы/magnolia/applets/mainline/ln/build
Executing "ninja elf"...
[0/1] Re-running CMake...
Executing action: elf
Running ninja in directory /home/tikhon/Документы/magnolia/applets/mainline/medit/build
Executing "ninja elf"...
[0/1] Re-running CMake...
Executing action: elf
Running ninja in directory /home/tikhon/Документы/magnolia/applets/mainline/init/build
Executing "ninja elf"...
[0/1] Re-running CMake...
Executing action: elf
Running ninja in directory /home/tikhon/Документы/magnolia/applets/mainline/mv/build
Executing "ninja elf"...
[0/1] Re-running CMake...
-- App "dd" version: fce3dc6-dirty
Executing action: elf
Running ninja in directory /home/tikhon/Документы/magnolia/applets/mainline/mkdir/build
Executing "ninja elf"...
[0/1] Re-running CMake...
Executing action: elf
Running ninja in directory /home/tikhon/Документы/magnolia/applets/mainline/ps/build
Executing "ninja elf"...
[0/1] Re-running CMake...
-- USING O3
-- Adding linker script /home/tikhon/Документы/magnolia/applets/mainline/dd/build/esp-idf/esp_system/ld/memory.ld
-- Adding linker script /home/tikhon/Документы/magnolia/applets/mainline/dd/build/esp-idf/esp_system/ld/sections.ld.in
-- Adding linker script /home/tikhon/Документы/magnolia/esp-idf/components/esp_rom/esp32s3/ld/esp32s3.rom.ld
-- Adding linker script /home/tikhon/Документы/magnolia/esp-idf/components/esp_rom/esp32s3/ld/esp32s3.rom.api.ld
-- Adding linker script /home/tikhon/Документы/magnolia/esp-idf/components/esp_rom/esp32s3/ld/esp32s3.rom.bt_funcs.ld
-- Adding linker script /home/tikhon/Документы/magnolia/esp-idf/components/esp_rom/esp32s3/ld/esp32s3.rom.libgcc.ld
-- Adding linker script /home/tikhon/Документы/magnolia/esp-idf/components/esp_rom/esp32s3/ld/esp32s3.rom.wdt.ld
-- Adding linker script /home/tikhon/Документы/magnolia/esp-idf/components/esp_rom/esp32s3/ld/esp32s3.rom.version.ld
-- Adding linker script /home/tikhon/Документы/magnolia/esp-idf/components/esp_rom/esp32s3/ld/esp32s3.rom.ble_master.ld
-- Adding linker script /home/tikhon/Документы/magnolia/esp-idf/components/esp_rom/esp32s3/ld/esp32s3.rom.ble_50.ld
-- Adding linker script /home/tikhon/Документы/magnolia/esp-idf/components/esp_rom/esp32s3/ld/esp32s3.rom.ble_smp.ld
-- Adding linker script /home/tikhon/Документы/magnolia/esp-idf/components/esp_rom/esp32s3/ld/esp32s3.rom.ble_dtm.ld
-- Adding linker script /home/tikhon/Документы/magnolia/esp-idf/components/esp_rom/esp32s3/ld/esp32s3.rom.ble_test.ld
-- Adding linker script /home/tikhon/Документы/magnolia/esp-idf/components/esp_rom/esp32s3/ld/esp32s3.rom.ble_scan.ld
-- Adding linker script /home/tikhon/Документы/magnolia/esp-idf/components/esp_rom/esp32s3/ld/esp32s3.rom.libc.ld
-- Adding linker script /home/tikhon/Документы/magnolia/esp-idf/components/esp_rom/esp32s3/ld/esp32s3.rom.newlib.ld
-- Adding linker script /home/tikhon/Документы/magnolia/esp-idf/components/soc/esp32s3/ld/esp32s3.peripherals.ld
-- Minimal build - OFF
-- Minimal build - OFF
-- Minimal build - OFF
-- Building ESP-IDF components for target esp32s3
-- Minimal build - OFF
-- Minimal build - OFF
-- Building ESP-IDF components for target esp32s3
-- Building ESP-IDF components for target esp32s3
-- Building ESP-IDF components for target esp32s3
-- Minimal build - OFF
-- Building ESP-IDF components for target esp32s3
-- Minimal build - OFF
-- Minimal build - OFF
-- Building ESP-IDF components for target esp32s3
-- Building ESP-IDF components for target esp32s3
-- Minimal build - OFF
-- ELF_LOADER: 1.1.1
-- Minimal build - OFF
-- Minimal build - OFF
-- Minimal build - OFF
-- Minimal build - OFF
-- Building ESP-IDF components for target esp32s3
-- Building ESP-IDF components for target esp32s3
-- Minimal build - OFF
-- Building ESP-IDF components for target esp32s3
-- Building ESP-IDF components for target esp32s3
-- Building ESP-IDF components for target esp32s3
-- Building ESP-IDF components for target esp32s3
-- Building ESP-IDF components for target esp32s3
-- Minimal build - OFF
NOTICE: Processing 1 dependencies:
NOTICE: [1/1] idf (6.0.0)
NOTICE: Processing 1 dependencies:
NOTICE: [1/1] idf (6.0.0)
NOTICE: Processing 1 dependencies:
NOTICE: [1/1] idf (6.0.0)
-- Building ESP-IDF components for target esp32s3
NOTICE: Processing 1 dependencies:
NOTICE: [1/1] idf (6.0.0)
NOTICE: Processing 1 dependencies:
NOTICE: [1/1] idf (6.0.0)
NOTICE: Processing 1 dependencies:
NOTICE: [1/1] idf (6.0.0)
-- ESP-TEE is currently supported only on the esp32c6;esp32h2;esp32c5 SoCs
NOTICE: Processing 1 dependencies:
NOTICE: [1/1] idf (6.0.0)
NOTICE: Processing 1 dependencies:
NOTICE: [1/1] idf (6.0.0)
NOTICE: Processing 1 dependencies:
NOTICE: [1/1] idf (6.0.0)
NOTICE: Processing 1 dependencies:
NOTICE: [1/1] idf (6.0.0)
-- Components: app_trace app_update bootloader bootloader_support bt cmock console cxx driver efuse esp-tls esp_adc esp_app_format esp_bootloader_format esp_coex esp_common esp_driver_ana_cmpr esp_driver_bitscrambler esp_driver_cam esp_driver_dac esp_driver_gpio esp_driver_gptimer esp_driver_i2c esp_driver_i2s esp_driver_i3c esp_driver_isp esp_driver_jpeg esp_driver_ledc esp_driver_mcpwm esp_driver_parlio esp_driver_pcnt esp_driver_ppa esp_driver_rmt esp_driver_sd_intf esp_driver_sdio esp_driver_sdm esp_driver_sdmmc esp_driver_sdspi esp_driver_spi esp_driver_touch_sens esp_driver_tsens esp_driver_twai esp_driver_uart esp_driver_usb_serial_jtag esp_eth esp_event esp_gdbstub esp_hid esp_http_client esp_http_server esp_https_ota esp_https_server esp_hw_support esp_lcd esp_local_ctrl esp_mm esp_netif esp_netif_stack esp_partition esp_phy esp_pm esp_psram esp_ringbuf esp_rom esp_security esp_system esp_timer esp_vfs_console esp_wifi espcoredump espressif__cmake_utilities espressif__elf_loader esptool_py fatfs freertos hal heap http_parser idf_test ieee802154 json log lwip main mbedtls mqtt newlib nvs_flash nvs_sec_provider openthread partition_table perfmon protobuf-c protocomm pthread rt sdmmc soc spi_flash spiffs tcp_transport touch_element ulp unity usb vfs wear_levelling wifi_provisioning wpa_supplicant xtensa
-- Component paths: /home/tikhon/Документы/magnolia/esp-idf/components/app_trace /home/tikhon/Документы/magnolia/esp-idf/components/app_update /home/tikhon/Документы/magnolia/esp-idf/components/bootloader /home/tikhon/Документы/magnolia/esp-idf/components/bootloader_support /home/tikhon/Документы/magnolia/esp-idf/components/bt /home/tikhon/Документы/magnolia/esp-idf/components/cmock /home/tikhon/Документы/magnolia/esp-idf/components/console /home/tikhon/Документы/magnolia/esp-idf/components/cxx /home/tikhon/Документы/magnolia/esp-idf/components/driver /home/tikhon/Документы/magnolia/esp-idf/components/efuse /home/tikhon/Документы/magnolia/esp-idf/components/esp-tls /home/tikhon/Документы/magnolia/esp-idf/components/esp_adc /home/tikhon/Документы/magnolia/esp-idf/components/esp_app_format /home/tikhon/Документы/magnolia/esp-idf/components/esp_bootloader_format /home/tikhon/Документы/magnolia/esp-idf/components/esp_coex /home/tikhon/Документы/magnolia/esp-idf/components/esp_common /home/tikhon/Документы/magnolia/esp-idf/components/esp_driver_ana_cmpr /home/tikhon/Документы/magnolia/esp-idf/components/esp_driver_bitscrambler /home/tikhon/Документы/magnolia/esp-idf/components/esp_driver_cam /home/tikhon/Документы/magnolia/esp-idf/components/esp_driver_dac /home/tikhon/Документы/magnolia/esp-idf/components/esp_driver_gpio /home/tikhon/Документы/magnolia/esp-idf/components/esp_driver_gptimer /home/tikhon/Документы/magnolia/esp-idf/components/esp_driver_i2c /home/tikhon/Документы/magnolia/esp-idf/components/esp_driver_i2s /home/tikhon/Документы/magnolia/esp-idf/components/esp_driver_i3c /home/tikhon/Документы/magnolia/esp-idf/components/esp_driver_isp /home/tikhon/Документы/magnolia/esp-idf/components/esp_driver_jpeg /home/tikhon/Документы/magnolia/esp-idf/components/esp_driver_ledc /home/tikhon/Документы/magnolia/esp-idf/components/esp_driver_mcpwm /home/tikhon/Документы/magnolia/esp-idf/components/esp_driver_parlio /home/tikhon/Документы/magnolia/esp-idf/components/esp_driver_pcnt /home/tikhon/Документы/magnolia/esp-idf/components/esp_driver_ppa /home/tikhon/Документы/magnolia/esp-idf/components/esp_driver_rmt /home/tikhon/Документы/magnolia/esp-idf/components/esp_driver_sd_intf /home/tikhon/Документы/magnolia/esp-idf/components/esp_driver_sdio /home/tikhon/Документы/magnolia/esp-idf/components/esp_driver_sdm /home/tikhon/Документы/magnolia/esp-idf/components/esp_driver_sdmmc /home/tikhon/Документы/magnolia/esp-idf/components/esp_driver_sdspi /home/tikhon/Документы/magnolia/esp-idf/components/esp_driver_spi /home/tikhon/Документы/magnolia/esp-idf/components/esp_driver_touch_sens /home/tikhon/Документы/magnolia/esp-idf/components/esp_driver_tsens /home/tikhon/Документы/magnolia/esp-idf/components/esp_driver_twai /home/tikhon/Документы/magnolia/esp-idf/components/esp_driver_uart /home/tikhon/Документы/magnolia/esp-idf/components/esp_driver_usb_serial_jtag /home/tikhon/Документы/magnolia/esp-idf/components/esp_eth /home/tikhon/Документы/magnolia/esp-idf/components/esp_event /home/tikhon/Документы/magnolia/esp-idf/components/esp_gdbstub /home/tikhon/Документы/magnolia/esp-idf/components/esp_hid /home/tikhon/Документы/magnolia/esp-idf/components/esp_http_client /home/tikhon/Документы/magnolia/esp-idf/components/esp_http_server /home/tikhon/Документы/magnolia/esp-idf/components/esp_https_ota /home/tikhon/Документы/magnolia/esp-idf/components/esp_https_server /home/tikhon/Документы/magnolia/esp-idf/components/esp_hw_support /home/tikhon/Документы/magnolia/esp-idf/components/esp_lcd /home/tikhon/Документы/magnolia/esp-idf/components/esp_local_ctrl /home/tikhon/Документы/magnolia/esp-idf/components/esp_mm /home/tikhon/Документы/magnolia/esp-idf/components/esp_netif /home/tikhon/Документы/magnolia/esp-idf/components/esp_netif_stack /home/tikhon/Документы/magnolia/esp-idf/components/esp_partition /home/tikhon/Документы/magnolia/esp-idf/components/esp_phy /home/tikhon/Документы/magnolia/esp-idf/components/esp_pm /home/tikhon/Документы/magnolia/esp-idf/components/esp_psram /home/tikhon/Документы/magnolia/esp-idf/components/esp_ringbuf /home/tikhon/Документы/magnolia/esp-idf/components/esp_rom /home/tikhon/Документы/magnolia/esp-idf/components/esp_security /home/tikhon/Документы/magnolia/esp-idf/components/esp_system /home/tikhon/Документы/magnolia/esp-idf/components/esp_timer /home/tikhon/Документы/magnolia/esp-idf/components/esp_vfs_console /home/tikhon/Документы/magnolia/esp-idf/components/esp_wifi /home/tikhon/Документы/magnolia/esp-idf/components/espcoredump /home/tikhon/Документы/magnolia/applets/mainline/dd/managed_components/espressif__cmake_utilities /home/tikhon/Документы/magnolia/applets/mainline/dd/managed_components/espressif__elf_loader /home/tikhon/Документы/magnolia/esp-idf/components/esptool_py /home/tikhon/Документы/magnolia/esp-idf/components/fatfs /home/tikhon/Документы/magnolia/esp-idf/components/freertos /home/tikhon/Документы/magnolia/esp-idf/components/hal /home/tikhon/Документы/magnolia/esp-idf/components/heap /home/tikhon/Документы/magnolia/esp-idf/components/http_parser /home/tikhon/Документы/magnolia/esp-idf/components/idf_test /home/tikhon/Документы/magnolia/esp-idf/components/ieee802154 /home/tikhon/Документы/magnolia/esp-idf/components/json /home/tikhon/Документы/magnolia/esp-idf/components/log /home/tikhon/Документы/magnolia/esp-idf/components/lwip /home/tikhon/Документы/magnolia/applets/mainline/dd/main /home/tikhon/Документы/magnolia/esp-idf/components/mbedtls /home/tikhon/Документы/magnolia/esp-idf/components/mqtt /home/tikhon/Документы/magnolia/esp-idf/components/newlib /home/tikhon/Документы/magnolia/esp-idf/components/nvs_flash /home/tikhon/Документы/magnolia/esp-idf/components/nvs_sec_provider /home/tikhon/Документы/magnolia/esp-idf/components/openthread /home/tikhon/Документы/magnolia/esp-idf/components/partition_table /home/tikhon/Документы/magnolia/esp-idf/components/perfmon /home/tikhon/Документы/magnolia/esp-idf/components/protobuf-c /home/tikhon/Документы/magnolia/esp-idf/components/protocomm /home/tikhon/Документы/magnolia/esp-idf/components/pthread /home/tikhon/Документы/magnolia/esp-idf/components/rt /home/tikhon/Документы/magnolia/esp-idf/components/sdmmc /home/tikhon/Документы/magnolia/esp-idf/components/soc /home/tikhon/Документы/magnolia/esp-idf/components/spi_flash /home/tikhon/Документы/magnolia/esp-idf/components/spiffs /home/tikhon/Документы/magnolia/esp-idf/components/tcp_transport /home/tikhon/Документы/magnolia/esp-idf/components/touch_element /home/tikhon/Документы/magnolia/esp-idf/components/ulp /home/tikhon/Документы/magnolia/esp-idf/components/unity /home/tikhon/Документы/magnolia/esp-idf/components/usb /home/tikhon/Документы/magnolia/esp-idf/components/vfs /home/tikhon/Документы/magnolia/esp-idf/components/wear_levelling /home/tikhon/Документы/magnolia/esp-idf/components/wifi_provisioning /home/tikhon/Документы/magnolia/esp-idf/components/wpa_supplicant /home/tikhon/Документы/magnolia/esp-idf/components/xtensa
-- ESP-TEE is currently supported only on the esp32c6;esp32h2;esp32c5 SoCs
-- Configuring done (7.2s)
-- ESP-TEE is currently supported only on the esp32c6;esp32h2;esp32c5 SoCs
-- ESP-TEE is currently supported only on the esp32c6;esp32h2;esp32c5 SoCs
-- ESP-TEE is currently supported only on the esp32c6;esp32h2;esp32c5 SoCs
-- ESP-TEE is currently supported only on the esp32c6;esp32h2;esp32c5 SoCs
-- ESP-TEE is currently supported only on the esp32c6;esp32h2;esp32c5 SoCs
-- ESP-TEE is currently supported only on the esp32c6;esp32h2;esp32c5 SoCs
-- ESP-TEE is currently supported only on the esp32c6;esp32h2;esp32c5 SoCs
-- ESP-TEE is currently supported only on the esp32c6;esp32h2;esp32c5 SoCs
-- ESP-TEE is currently supported only on the esp32c6;esp32h2;esp32c5 SoCs
-- ESP-TEE is currently supported only on the esp32c6;esp32h2;esp32c5 SoCs
NOTICE: Processing 1 dependencies:
NOTICE: [1/1] idf (6.0.0)
NOTICE: Processing 3 dependencies:
NOTICE: [1/3] espressif/cmake_utilities (0.5.3)
NOTICE: [2/3] espressif/elf_loader (1.1.1)
NOTICE: [3/3] idf (6.0.0)
-- ESP-TEE is currently supported only on the esp32c6;esp32h2;esp32c5 SoCs
-- ESP-TEE is currently supported only on the esp32c6;esp32h2;esp32c5 SoCs
-- Generating done (0.5s)
-- Build files have been written to: /home/tikhon/Документы/magnolia/applets/mainline/dd/build
[1/4] Building C object esp-idf/esp_app_format/CMakeFiles/__idf_esp_app_format.dir/esp_app_desc.c.obj
[2/4] Linking C static library esp-idf/esp_app_format/libesp_app_format.a
[3/4] Build ELF: dd.app.elf
-- Project sdkconfig file /home/tikhon/Документы/magnolia/applets/mainline/false/sdkconfig
-- Project sdkconfig file /home/tikhon/Документы/magnolia/applets/mainline/free/sdkconfig
-- Project sdkconfig file /home/tikhon/Документы/magnolia/applets/mainline/head/sdkconfig
Applet dd OK -> /home/tikhon/Документы/magnolia/rootfs/bin/dd
Building applet printenv -> printenv ...
+ idf.py elf
-- Project sdkconfig file /home/tikhon/Документы/magnolia/applets/mainline/env/sdkconfig
-- Project sdkconfig file /home/tikhon/Документы/magnolia/applets/mainline/kill/sdkconfig
-- Project sdkconfig file /home/tikhon/Документы/magnolia/applets/mainline/ln/sdkconfig
-- Project sdkconfig file /home/tikhon/Документы/magnolia/applets/mainline/login/sdkconfig
-- Project sdkconfig file /home/tikhon/Документы/magnolia/applets/mainline/mkdir/sdkconfig
-- Project sdkconfig file /home/tikhon/Документы/magnolia/applets/mainline/medit/sdkconfig
-- Project sdkconfig file /home/tikhon/Документы/magnolia/applets/mainline/mv/sdkconfig
-- Project sdkconfig file /home/tikhon/Документы/magnolia/applets/mainline/ls/sdkconfig
-- Project sdkconfig file /home/tikhon/Документы/magnolia/applets/mainline/init/sdkconfig
-- Project sdkconfig file /home/tikhon/Документы/magnolia/applets/mainline/ps/sdkconfig
-- Project sdkconfig file /home/tikhon/Документы/magnolia/applets/mainline/hexdump/sdkconfig
-- Compiler supported targets: xtensa-esp-elf
-- Compiler supported targets: xtensa-esp-elf
-- Compiler supported targets: xtensa-esp-elf
-- App "free" version: fce3dc6-dirty
-- App "false" version: fce3dc6-dirty
-- Compiler supported targets: xtensa-esp-elf
-- Compiler supported targets: xtensa-esp-elf
-- Compiler supported targets: xtensa-esp-elf
-- Compiler supported targets: xtensa-esp-elf
-- App "head" version: fce3dc6-dirty
-- Compiler supported targets: xtensa-esp-elf
-- Compiler supported targets: xtensa-esp-elf
-- Compiler supported targets: xtensa-esp-elf
-- App "env" version: fce3dc6-dirty
-- Compiler supported targets: xtensa-esp-elf
-- Compiler supported targets: xtensa-esp-elf
-- USING O3
-- App "kill" version: fce3dc6-dirty
-- USING O3
-- App "ln" version: fce3dc6-dirty
-- Adding linker script /home/tikhon/Документы/magnolia/applets/mainline/free/build/esp-idf/esp_system/ld/memory.ld
-- Adding linker script /home/tikhon/Документы/magnolia/applets/mainline/free/build/esp-idf/esp_system/ld/sections.ld.in
-- Adding linker script /home/tikhon/Документы/magnolia/applets/mainline/false/build/esp-idf/esp_system/ld/memory.ld
-- Adding linker script /home/tikhon/Документы/magnolia/applets/mainline/false/build/esp-idf/esp_system/ld/sections.ld.in
-- Adding linker script /home/tikhon/Документы/magnolia/esp-idf/components/esp_rom/esp32s3/ld/esp32s3.rom.ld
-- Adding linker script /home/tikhon/Документы/magnolia/esp-idf/components/esp_rom/esp32s3/ld/esp32s3.rom.api.ld
-- Adding linker script /home/tikhon/Документы/magnolia/esp-idf/components/esp_rom/esp32s3/ld/esp32s3.rom.bt_funcs.ld
-- Adding linker script /home/tikhon/Документы/magnolia/esp-idf/components/esp_rom/esp32s3/ld/esp32s3.rom.libgcc.ld
-- Adding linker script /home/tikhon/Документы/magnolia/esp-idf/components/esp_rom/esp32s3/ld/esp32s3.rom.wdt.ld
-- Adding linker script /home/tikhon/Документы/magnolia/esp-idf/components/esp_rom/esp32s3/ld/esp32s3.rom.version.ld
-- Adding linker script /home/tikhon/Документы/magnolia/esp-idf/components/esp_rom/esp32s3/ld/esp32s3.rom.ble_master.ld
-- Adding linker script /home/tikhon/Документы/magnolia/esp-idf/components/esp_rom/esp32s3/ld/esp32s3.rom.ble_50.ld
-- Adding linker script /home/tikhon/Документы/magnolia/esp-idf/components/esp_rom/esp32s3/ld/esp32s3.rom.ble_smp.ld
-- Adding linker script /home/tikhon/Документы/magnolia/esp-idf/components/esp_rom/esp32s3/ld/esp32s3.rom.ble_dtm.ld
-- Adding linker script /home/tikhon/Документы/magnolia/esp-idf/components/esp_rom/esp32s3/ld/esp32s3.rom.ble_test.ld
-- Adding linker script /home/tikhon/Документы/magnolia/esp-idf/components/esp_rom/esp32s3/ld/esp32s3.rom.ble_scan.ld
-- Adding linker script /home/tikhon/Документы/magnolia/esp-idf/components/esp_rom/esp32s3/ld/esp32s3.rom.libc.ld
-- Adding linker script /home/tikhon/Документы/magnolia/esp-idf/components/esp_rom/esp32s3/ld/esp32s3.rom.newlib.ld
-- Adding linker script /home/tikhon/Документы/magnolia/esp-idf/components/esp_rom/esp32s3/ld/esp32s3.rom.ld
-- Adding linker script /home/tikhon/Документы/magnolia/esp-idf/components/esp_rom/esp32s3/ld/esp32s3.rom.api.ld
-- Adding linker script /home/tikhon/Документы/magnolia/esp-idf/components/esp_rom/esp32s3/ld/esp32s3.rom.bt_funcs.ld
-- Adding linker script /home/tikhon/Документы/magnolia/esp-idf/components/esp_rom/esp32s3/ld/esp32s3.rom.libgcc.ld
-- Adding linker script /home/tikhon/Документы/magnolia/esp-idf/components/esp_rom/esp32s3/ld/esp32s3.rom.wdt.ld
-- Adding linker script /home/tikhon/Документы/magnolia/esp-idf/components/esp_rom/esp32s3/ld/esp32s3.rom.version.ld
-- Adding linker script /home/tikhon/Документы/magnolia/esp-idf/components/esp_rom/esp32s3/ld/esp32s3.rom.ble_master.ld
-- Adding linker script /home/tikhon/Документы/magnolia/esp-idf/components/esp_rom/esp32s3/ld/esp32s3.rom.ble_50.ld
-- App "mv" version: fce3dc6-dirty
Executing action: elf
Running ninja in directory /home/tikhon/Документы/magnolia/applets/mainline/printenv/build
Executing "ninja elf"...
[0/1] Re-running CMake...
-- Compiler supported targets: xtensa-esp-elf
-- Adding linker script /home/tikhon/Документы/magnolia/esp-idf/components/soc/esp32s3/ld/esp32s3.peripherals.ld
-- App "medit" version: fce3dc6-dirty
-- App "mkdir" version: fce3dc6-dirty
-- Adding linker script /home/tikhon/Документы/magnolia/esp-idf/components/esp_rom/esp32s3/ld/esp32s3.rom.ble_smp.ld
-- Adding linker script /home/tikhon/Документы/magnolia/esp-idf/components/esp_rom/esp32s3/ld/esp32s3.rom.ble_dtm.ld
-- Adding linker script /home/tikhon/Документы/magnolia/esp-idf/components/esp_rom/esp32s3/ld/esp32s3.rom.ble_test.ld
-- Adding linker script /home/tikhon/Документы/magnolia/esp-idf/components/esp_rom/esp32s3/ld/esp32s3.rom.ble_scan.ld
-- Adding linker script /home/tikhon/Документы/magnolia/esp-idf/components/esp_rom/esp32s3/ld/esp32s3.rom.libc.ld
-- Adding linker script /home/tikhon/Документы/magnolia/esp-idf/components/esp_rom/esp32s3/ld/esp32s3.rom.newlib.ld
-- App "login" version: fce3dc6-dirty
-- Adding linker script /home/tikhon/Документы/magnolia/esp-idf/components/soc/esp32s3/ld/esp32s3.peripherals.ld
-- App "ls" version: fce3dc6-dirty
-- App "init" version: fce3dc6-dirty
-- USING O3
-- Compiler supported targets: xtensa-esp-elf
-- Adding linker script /home/tikhon/Документы/magnolia/applets/mainline/head/build/esp-idf/esp_system/ld/memory.ld
-- Adding linker script /home/tikhon/Документы/magnolia/applets/mainline/head/build/esp-idf/esp_system/ld/sections.ld.in
-- Adding linker script /home/tikhon/Документы/magnolia/esp-idf/components/esp_rom/esp32s3/ld/esp32s3.rom.ld
-- USING O3
-- Adding linker script /home/tikhon/Документы/magnolia/esp-idf/components/esp_rom/esp32s3/ld/esp32s3.rom.api.ld
-- Adding linker script /home/tikhon/Документы/magnolia/esp-idf/components/esp_rom/esp32s3/ld/esp32s3.rom.bt_funcs.ld
-- Adding linker script /home/tikhon/Документы/magnolia/esp-idf/components/esp_rom/esp32s3/ld/esp32s3.rom.libgcc.ld
-- Adding linker script /home/tikhon/Документы/magnolia/esp-idf/components/esp_rom/esp32s3/ld/esp32s3.rom.wdt.ld
-- Adding linker script /home/tikhon/Документы/magnolia/esp-idf/components/esp_rom/esp32s3/ld/esp32s3.rom.version.ld
-- Adding linker script /home/tikhon/Документы/magnolia/esp-idf/components/esp_rom/esp32s3/ld/esp32s3.rom.ble_master.ld
-- Adding linker script /home/tikhon/Документы/magnolia/esp-idf/components/esp_rom/esp32s3/ld/esp32s3.rom.ble_50.ld
-- Adding linker script /home/tikhon/Документы/magnolia/esp-idf/components/esp_rom/esp32s3/ld/esp32s3.rom.ble_smp.ld
-- Adding linker script /home/tikhon/Документы/magnolia/esp-idf/components/esp_rom/esp32s3/ld/esp32s3.rom.ble_dtm.ld
-- Adding linker script /home/tikhon/Документы/magnolia/esp-idf/components/esp_rom/esp32s3/ld/esp32s3.rom.ble_test.ld
-- Adding linker script /home/tikhon/Документы/magnolia/esp-idf/components/esp_rom/esp32s3/ld/esp32s3.rom.ble_scan.ld
-- Adding linker script /home/tikhon/Документы/magnolia/esp-idf/components/esp_rom/esp32s3/ld/esp32s3.rom.libc.ld
-- Adding linker script /home/tikhon/Документы/magnolia/esp-idf/components/esp_rom/esp32s3/ld/esp32s3.rom.newlib.ld
-- Adding linker script /home/tikhon/Документы/magnolia/esp-idf/components/soc/esp32s3/ld/esp32s3.peripherals.ld
-- Adding linker script /home/tikhon/Документы/magnolia/applets/mainline/env/build/esp-idf/esp_system/ld/memory.ld
-- Adding linker script /home/tikhon/Документы/magnolia/applets/mainline/env/build/esp-idf/esp_system/ld/sections.ld.in
-- App "ps" version: fce3dc6-dirty
-- Adding linker script /home/tikhon/Документы/magnolia/esp-idf/components/esp_rom/esp32s3/ld/esp32s3.rom.ld
-- Adding linker script /home/tikhon/Документы/magnolia/esp-idf/components/esp_rom/esp32s3/ld/esp32s3.rom.api.ld
-- Adding linker script /home/tikhon/Документы/magnolia/esp-idf/components/esp_rom/esp32s3/ld/esp32s3.rom.bt_funcs.ld
-- Adding linker script /home/tikhon/Документы/magnolia/esp-idf/components/esp_rom/esp32s3/ld/esp32s3.rom.libgcc.ld
-- Adding linker script /home/tikhon/Документы/magnolia/esp-idf/components/esp_rom/esp32s3/ld/esp32s3.rom.wdt.ld
-- Adding linker script /home/tikhon/Документы/magnolia/esp-idf/components/esp_rom/esp32s3/ld/esp32s3.rom.version.ld
-- Adding linker script /home/tikhon/Документы/magnolia/esp-idf/components/esp_rom/esp32s3/ld/esp32s3.rom.ble_master.ld
-- Adding linker script /home/tikhon/Документы/magnolia/esp-idf/components/esp_rom/esp32s3/ld/esp32s3.rom.ble_50.ld
-- Adding linker script /home/tikhon/Документы/magnolia/esp-idf/components/esp_rom/esp32s3/ld/esp32s3.rom.ble_smp.ld
-- Adding linker script /home/tikhon/Документы/magnolia/esp-idf/components/esp_rom/esp32s3/ld/esp32s3.rom.ble_dtm.ld
-- Adding linker script /home/tikhon/Документы/magnolia/esp-idf/components/esp_rom/esp32s3/ld/esp32s3.rom.ble_test.ld
-- Adding linker script /home/tikhon/Документы/magnolia/esp-idf/components/esp_rom/esp32s3/ld/esp32s3.rom.ble_scan.ld
-- Adding linker script /home/tikhon/Документы/magnolia/esp-idf/components/esp_rom/esp32s3/ld/esp32s3.rom.libc.ld
-- Adding linker script /home/tikhon/Документы/magnolia/esp-idf/components/esp_rom/esp32s3/ld/esp32s3.rom.newlib.ld
-- Adding linker script /home/tikhon/Документы/magnolia/esp-idf/components/soc/esp32s3/ld/esp32s3.peripherals.ld
-- USING O3
-- Adding linker script /home/tikhon/Документы/magnolia/applets/mainline/kill/build/esp-idf/esp_system/ld/memory.ld
-- Adding linker script /home/tikhon/Документы/magnolia/applets/mainline/kill/build/esp-idf/esp_system/ld/sections.ld.in
-- USING O3
-- Adding linker script /home/tikhon/Документы/magnolia/esp-idf/components/esp_rom/esp32s3/ld/esp32s3.rom.ld
-- Adding linker script /home/tikhon/Документы/magnolia/esp-idf/components/esp_rom/esp32s3/ld/esp32s3.rom.api.ld
-- Adding linker script /home/tikhon/Документы/magnolia/esp-idf/components/esp_rom/esp32s3/ld/esp32s3.rom.bt_funcs.ld
-- Adding linker script /home/tikhon/Документы/magnolia/esp-idf/components/esp_rom/esp32s3/ld/esp32s3.rom.libgcc.ld
-- Adding linker script /home/tikhon/Документы/magnolia/esp-idf/components/esp_rom/esp32s3/ld/esp32s3.rom.wdt.ld
-- Adding linker script /home/tikhon/Документы/magnolia/esp-idf/components/esp_rom/esp32s3/ld/esp32s3.rom.version.ld
-- Adding linker script /home/tikhon/Документы/magnolia/esp-idf/components/esp_rom/esp32s3/ld/esp32s3.rom.ble_master.ld
-- Adding linker script /home/tikhon/Документы/magnolia/esp-idf/components/esp_rom/esp32s3/ld/esp32s3.rom.ble_50.ld
-- Adding linker script /home/tikhon/Документы/magnolia/esp-idf/components/esp_rom/esp32s3/ld/esp32s3.rom.ble_smp.ld
-- Adding linker script /home/tikhon/Документы/magnolia/esp-idf/components/esp_rom/esp32s3/ld/esp32s3.rom.ble_dtm.ld
-- Adding linker script /home/tikhon/Документы/magnolia/esp-idf/components/esp_rom/esp32s3/ld/esp32s3.rom.ble_test.ld
-- Adding linker script /home/tikhon/Документы/magnolia/esp-idf/components/esp_rom/esp32s3/ld/esp32s3.rom.ble_scan.ld
-- Adding linker script /home/tikhon/Документы/magnolia/esp-idf/components/esp_rom/esp32s3/ld/esp32s3.rom.libc.ld
-- Adding linker script /home/tikhon/Документы/magnolia/esp-idf/components/esp_rom/esp32s3/ld/esp32s3.rom.newlib.ld
-- Adding linker script /home/tikhon/Документы/magnolia/esp-idf/components/soc/esp32s3/ld/esp32s3.peripherals.ld
-- USING O3
-- Adding linker script /home/tikhon/Документы/magnolia/applets/mainline/ln/build/esp-idf/esp_system/ld/memory.ld
-- Adding linker script /home/tikhon/Документы/magnolia/applets/mainline/ln/build/esp-idf/esp_system/ld/sections.ld.in
-- USING O3
-- App "hexdump" version: fce3dc6-dirty
-- Adding linker script /home/tikhon/Документы/magnolia/esp-idf/components/esp_rom/esp32s3/ld/esp32s3.rom.ld
-- Adding linker script /home/tikhon/Документы/magnolia/esp-idf/components/esp_rom/esp32s3/ld/esp32s3.rom.api.ld
-- USING O3
-- Adding linker script /home/tikhon/Документы/magnolia/esp-idf/components/esp_rom/esp32s3/ld/esp32s3.rom.bt_funcs.ld
-- Adding linker script /home/tikhon/Документы/magnolia/esp-idf/components/esp_rom/esp32s3/ld/esp32s3.rom.libgcc.ld
-- Adding linker script /home/tikhon/Документы/magnolia/esp-idf/components/esp_rom/esp32s3/ld/esp32s3.rom.wdt.ld
-- Adding linker script /home/tikhon/Документы/magnolia/esp-idf/components/esp_rom/esp32s3/ld/esp32s3.rom.version.ld
-- Adding linker script /home/tikhon/Документы/magnolia/esp-idf/components/esp_rom/esp32s3/ld/esp32s3.rom.ble_master.ld
-- Adding linker script /home/tikhon/Документы/magnolia/esp-idf/components/esp_rom/esp32s3/ld/esp32s3.rom.ble_50.ld
-- Adding linker script /home/tikhon/Документы/magnolia/esp-idf/components/esp_rom/esp32s3/ld/esp32s3.rom.ble_smp.ld
-- Adding linker script /home/tikhon/Документы/magnolia/esp-idf/components/esp_rom/esp32s3/ld/esp32s3.rom.ble_dtm.ld
-- Adding linker script /home/tikhon/Документы/magnolia/esp-idf/components/esp_rom/esp32s3/ld/esp32s3.rom.ble_test.ld
-- Adding linker script /home/tikhon/Документы/magnolia/esp-idf/components/esp_rom/esp32s3/ld/esp32s3.rom.ble_scan.ld
-- Adding linker script /home/tikhon/Документы/magnolia/esp-idf/components/esp_rom/esp32s3/ld/esp32s3.rom.libc.ld
-- Adding linker script /home/tikhon/Документы/magnolia/esp-idf/components/esp_rom/esp32s3/ld/esp32s3.rom.newlib.ld
-- Adding linker script /home/tikhon/Документы/magnolia/applets/mainline/mv/build/esp-idf/esp_system/ld/memory.ld
-- Adding linker script /home/tikhon/Документы/magnolia/applets/mainline/mv/build/esp-idf/esp_system/ld/sections.ld.in
-- USING O3
-- Adding linker script /home/tikhon/Документы/magnolia/esp-idf/components/soc/esp32s3/ld/esp32s3.peripherals.ld
-- Adding linker script /home/tikhon/Документы/magnolia/esp-idf/components/esp_rom/esp32s3/ld/esp32s3.rom.ld
-- Adding linker script /home/tikhon/Документы/magnolia/applets/mainline/mkdir/build/esp-idf/esp_system/ld/memory.ld
-- Adding linker script /home/tikhon/Документы/magnolia/esp-idf/components/esp_rom/esp32s3/ld/esp32s3.rom.api.ld
-- Adding linker script /home/tikhon/Документы/magnolia/esp-idf/components/esp_rom/esp32s3/ld/esp32s3.rom.bt_funcs.ld
-- Adding linker script /home/tikhon/Документы/magnolia/applets/mainline/mkdir/build/esp-idf/esp_system/ld/sections.ld.in
-- Adding linker script /home/tikhon/Документы/magnolia/esp-idf/components/esp_rom/esp32s3/ld/esp32s3.rom.libgcc.ld
-- Adding linker script /home/tikhon/Документы/magnolia/esp-idf/components/esp_rom/esp32s3/ld/esp32s3.rom.wdt.ld
-- Adding linker script /home/tikhon/Документы/magnolia/esp-idf/components/esp_rom/esp32s3/ld/esp32s3.rom.version.ld
-- Adding linker script /home/tikhon/Документы/magnolia/esp-idf/components/esp_rom/esp32s3/ld/esp32s3.rom.ble_master.ld
-- Adding linker script /home/tikhon/Документы/magnolia/esp-idf/components/esp_rom/esp32s3/ld/esp32s3.rom.ble_50.ld
-- Adding linker script /home/tikhon/Документы/magnolia/esp-idf/components/esp_rom/esp32s3/ld/esp32s3.rom.ble_smp.ld
-- Adding linker script /home/tikhon/Документы/magnolia/esp-idf/components/esp_rom/esp32s3/ld/esp32s3.rom.ble_dtm.ld
-- Adding linker script /home/tikhon/Документы/magnolia/esp-idf/components/esp_rom/esp32s3/ld/esp32s3.rom.ble_test.ld
-- Adding linker script /home/tikhon/Документы/magnolia/esp-idf/components/esp_rom/esp32s3/ld/esp32s3.rom.ble_scan.ld
-- Adding linker script /home/tikhon/Документы/magnolia/esp-idf/components/esp_rom/esp32s3/ld/esp32s3.rom.libc.ld
-- Adding linker script /home/tikhon/Документы/magnolia/esp-idf/components/esp_rom/esp32s3/ld/esp32s3.rom.newlib.ld
-- Adding linker script /home/tikhon/Документы/magnolia/applets/mainline/medit/build/esp-idf/esp_system/ld/memory.ld
-- Adding linker script /home/tikhon/Документы/magnolia/applets/mainline/medit/build/esp-idf/esp_system/ld/sections.ld.in
-- Adding linker script /home/tikhon/Документы/magnolia/esp-idf/components/esp_rom/esp32s3/ld/esp32s3.rom.ld
-- Adding linker script /home/tikhon/Документы/magnolia/esp-idf/components/esp_rom/esp32s3/ld/esp32s3.rom.api.ld
-- Adding linker script /home/tikhon/Документы/magnolia/esp-idf/components/esp_rom/esp32s3/ld/esp32s3.rom.bt_funcs.ld
-- Adding linker script /home/tikhon/Документы/magnolia/esp-idf/components/esp_rom/esp32s3/ld/esp32s3.rom.libgcc.ld
-- Adding linker script /home/tikhon/Документы/magnolia/esp-idf/components/esp_rom/esp32s3/ld/esp32s3.rom.wdt.ld
-- Adding linker script /home/tikhon/Документы/magnolia/esp-idf/components/esp_rom/esp32s3/ld/esp32s3.rom.version.ld
-- Adding linker script /home/tikhon/Документы/magnolia/esp-idf/components/esp_rom/esp32s3/ld/esp32s3.rom.ble_master.ld
-- Adding linker script /home/tikhon/Документы/magnolia/esp-idf/components/esp_rom/esp32s3/ld/esp32s3.rom.ble_50.ld
-- Adding linker script /home/tikhon/Документы/magnolia/esp-idf/components/esp_rom/esp32s3/ld/esp32s3.rom.ble_smp.ld
-- Adding linker script /home/tikhon/Документы/magnolia/esp-idf/components/esp_rom/esp32s3/ld/esp32s3.rom.ble_dtm.ld
-- Adding linker script /home/tikhon/Документы/magnolia/esp-idf/components/esp_rom/esp32s3/ld/esp32s3.rom.ble_test.ld
-- Adding linker script /home/tikhon/Документы/magnolia/esp-idf/components/esp_rom/esp32s3/ld/esp32s3.rom.ble_scan.ld
-- Adding linker script /home/tikhon/Документы/magnolia/esp-idf/components/esp_rom/esp32s3/ld/esp32s3.rom.libc.ld
-- Adding linker script /home/tikhon/Документы/magnolia/esp-idf/components/esp_rom/esp32s3/ld/esp32s3.rom.newlib.ld
-- Adding linker script /home/tikhon/Документы/magnolia/esp-idf/components/soc/esp32s3/ld/esp32s3.peripherals.ld
-- Adding linker script /home/tikhon/Документы/magnolia/esp-idf/components/esp_rom/esp32s3/ld/esp32s3.rom.ld
-- Adding linker script /home/tikhon/Документы/magnolia/esp-idf/components/esp_rom/esp32s3/ld/esp32s3.rom.api.ld
-- Adding linker script /home/tikhon/Документы/magnolia/esp-idf/components/esp_rom/esp32s3/ld/esp32s3.rom.bt_funcs.ld
-- Adding linker script /home/tikhon/Документы/magnolia/esp-idf/components/esp_rom/esp32s3/ld/esp32s3.rom.libgcc.ld
-- Adding linker script /home/tikhon/Документы/magnolia/esp-idf/components/esp_rom/esp32s3/ld/esp32s3.rom.wdt.ld
-- Adding linker script /home/tikhon/Документы/magnolia/esp-idf/components/esp_rom/esp32s3/ld/esp32s3.rom.version.ld
-- Adding linker script /home/tikhon/Документы/magnolia/esp-idf/components/esp_rom/esp32s3/ld/esp32s3.rom.ble_master.ld
-- Adding linker script /home/tikhon/Документы/magnolia/esp-idf/components/esp_rom/esp32s3/ld/esp32s3.rom.ble_50.ld
-- Adding linker script /home/tikhon/Документы/magnolia/esp-idf/components/esp_rom/esp32s3/ld/esp32s3.rom.ble_smp.ld
-- Adding linker script /home/tikhon/Документы/magnolia/esp-idf/components/esp_rom/esp32s3/ld/esp32s3.rom.ble_dtm.ld
-- Adding linker script /home/tikhon/Документы/magnolia/esp-idf/components/esp_rom/esp32s3/ld/esp32s3.rom.ble_test.ld
-- Adding linker script /home/tikhon/Документы/magnolia/esp-idf/components/esp_rom/esp32s3/ld/esp32s3.rom.ble_scan.ld
-- Adding linker script /home/tikhon/Документы/magnolia/esp-idf/components/esp_rom/esp32s3/ld/esp32s3.rom.libc.ld
-- Adding linker script /home/tikhon/Документы/magnolia/esp-idf/components/esp_rom/esp32s3/ld/esp32s3.rom.newlib.ld
-- Adding linker script /home/tikhon/Документы/magnolia/esp-idf/components/soc/esp32s3/ld/esp32s3.peripherals.ld
-- Adding linker script /home/tikhon/Документы/magnolia/applets/mainline/login/build/esp-idf/esp_system/ld/memory.ld
-- Adding linker script /home/tikhon/Документы/magnolia/applets/mainline/login/build/esp-idf/esp_system/ld/sections.ld.in
-- Adding linker script /home/tikhon/Документы/magnolia/esp-idf/components/soc/esp32s3/ld/esp32s3.peripherals.ld
-- Adding linker script /home/tikhon/Документы/magnolia/esp-idf/components/esp_rom/esp32s3/ld/esp32s3.rom.ld
-- Adding linker script /home/tikhon/Документы/magnolia/esp-idf/components/esp_rom/esp32s3/ld/esp32s3.rom.api.ld
-- Adding linker script /home/tikhon/Документы/magnolia/esp-idf/components/esp_rom/esp32s3/ld/esp32s3.rom.bt_funcs.ld
-- Adding linker script /home/tikhon/Документы/magnolia/esp-idf/components/esp_rom/esp32s3/ld/esp32s3.rom.libgcc.ld
-- Adding linker script /home/tikhon/Документы/magnolia/esp-idf/components/esp_rom/esp32s3/ld/esp32s3.rom.wdt.ld
-- Adding linker script /home/tikhon/Документы/magnolia/esp-idf/components/esp_rom/esp32s3/ld/esp32s3.rom.version.ld
-- Adding linker script /home/tikhon/Документы/magnolia/esp-idf/components/esp_rom/esp32s3/ld/esp32s3.rom.ble_master.ld
-- Adding linker script /home/tikhon/Документы/magnolia/esp-idf/components/esp_rom/esp32s3/ld/esp32s3.rom.ble_50.ld
-- Adding linker script /home/tikhon/Документы/magnolia/esp-idf/components/esp_rom/esp32s3/ld/esp32s3.rom.ble_smp.ld
-- Adding linker script /home/tikhon/Документы/magnolia/esp-idf/components/esp_rom/esp32s3/ld/esp32s3.rom.ble_dtm.ld
-- Adding linker script /home/tikhon/Документы/magnolia/esp-idf/components/esp_rom/esp32s3/ld/esp32s3.rom.ble_test.ld
-- Adding linker script /home/tikhon/Документы/magnolia/esp-idf/components/esp_rom/esp32s3/ld/esp32s3.rom.ble_scan.ld
-- Adding linker script /home/tikhon/Документы/magnolia/esp-idf/components/esp_rom/esp32s3/ld/esp32s3.rom.libc.ld
-- Adding linker script /home/tikhon/Документы/magnolia/esp-idf/components/esp_rom/esp32s3/ld/esp32s3.rom.newlib.ld
-- USING O3
-- Adding linker script /home/tikhon/Документы/magnolia/esp-idf/components/soc/esp32s3/ld/esp32s3.peripherals.ld
-- Adding linker script /home/tikhon/Документы/magnolia/applets/mainline/ls/build/esp-idf/esp_system/ld/memory.ld
-- Adding linker script /home/tikhon/Документы/magnolia/applets/mainline/ls/build/esp-idf/esp_system/ld/sections.ld.in
-- USING O3
-- Adding linker script /home/tikhon/Документы/magnolia/esp-idf/components/esp_rom/esp32s3/ld/esp32s3.rom.ld
-- Adding linker script /home/tikhon/Документы/magnolia/esp-idf/components/esp_rom/esp32s3/ld/esp32s3.rom.api.ld
-- Adding linker script /home/tikhon/Документы/magnolia/esp-idf/components/esp_rom/esp32s3/ld/esp32s3.rom.bt_funcs.ld
-- Adding linker script /home/tikhon/Документы/magnolia/esp-idf/components/esp_rom/esp32s3/ld/esp32s3.rom.libgcc.ld
-- Adding linker script /home/tikhon/Документы/magnolia/esp-idf/components/esp_rom/esp32s3/ld/esp32s3.rom.wdt.ld
-- Adding linker script /home/tikhon/Документы/magnolia/esp-idf/components/esp_rom/esp32s3/ld/esp32s3.rom.version.ld
-- Adding linker script /home/tikhon/Документы/magnolia/esp-idf/components/esp_rom/esp32s3/ld/esp32s3.rom.ble_master.ld
-- Adding linker script /home/tikhon/Документы/magnolia/esp-idf/components/esp_rom/esp32s3/ld/esp32s3.rom.ble_50.ld
-- Adding linker script /home/tikhon/Документы/magnolia/esp-idf/components/esp_rom/esp32s3/ld/esp32s3.rom.ble_smp.ld
-- Adding linker script /home/tikhon/Документы/magnolia/esp-idf/components/esp_rom/esp32s3/ld/esp32s3.rom.ble_dtm.ld
-- Adding linker script /home/tikhon/Документы/magnolia/esp-idf/components/esp_rom/esp32s3/ld/esp32s3.rom.ble_test.ld
-- Adding linker script /home/tikhon/Документы/magnolia/esp-idf/components/esp_rom/esp32s3/ld/esp32s3.rom.ble_scan.ld
-- Adding linker script /home/tikhon/Документы/magnolia/esp-idf/components/esp_rom/esp32s3/ld/esp32s3.rom.libc.ld
-- Adding linker script /home/tikhon/Документы/magnolia/esp-idf/components/esp_rom/esp32s3/ld/esp32s3.rom.newlib.ld
-- Adding linker script /home/tikhon/Документы/magnolia/esp-idf/components/soc/esp32s3/ld/esp32s3.peripherals.ld
-- Adding linker script /home/tikhon/Документы/magnolia/applets/mainline/init/build/esp-idf/esp_system/ld/memory.ld
-- Adding linker script /home/tikhon/Документы/magnolia/applets/mainline/init/build/esp-idf/esp_system/ld/sections.ld.in
-- Adding linker script /home/tikhon/Документы/magnolia/esp-idf/components/esp_rom/esp32s3/ld/esp32s3.rom.ld
-- Adding linker script /home/tikhon/Документы/magnolia/esp-idf/components/esp_rom/esp32s3/ld/esp32s3.rom.api.ld
-- Adding linker script /home/tikhon/Документы/magnolia/esp-idf/components/esp_rom/esp32s3/ld/esp32s3.rom.bt_funcs.ld
-- Adding linker script /home/tikhon/Документы/magnolia/esp-idf/components/esp_rom/esp32s3/ld/esp32s3.rom.libgcc.ld
-- Adding linker script /home/tikhon/Документы/magnolia/esp-idf/components/esp_rom/esp32s3/ld/esp32s3.rom.wdt.ld
-- Adding linker script /home/tikhon/Документы/magnolia/esp-idf/components/esp_rom/esp32s3/ld/esp32s3.rom.version.ld
-- Adding linker script /home/tikhon/Документы/magnolia/esp-idf/components/esp_rom/esp32s3/ld/esp32s3.rom.ble_master.ld
-- Adding linker script /home/tikhon/Документы/magnolia/esp-idf/components/esp_rom/esp32s3/ld/esp32s3.rom.ble_50.ld
-- Adding linker script /home/tikhon/Документы/magnolia/esp-idf/components/esp_rom/esp32s3/ld/esp32s3.rom.ble_smp.ld
-- Adding linker script /home/tikhon/Документы/magnolia/esp-idf/components/esp_rom/esp32s3/ld/esp32s3.rom.ble_dtm.ld
-- Adding linker script /home/tikhon/Документы/magnolia/esp-idf/components/esp_rom/esp32s3/ld/esp32s3.rom.ble_test.ld
-- Adding linker script /home/tikhon/Документы/magnolia/esp-idf/components/esp_rom/esp32s3/ld/esp32s3.rom.ble_scan.ld
-- Adding linker script /home/tikhon/Документы/magnolia/esp-idf/components/esp_rom/esp32s3/ld/esp32s3.rom.libc.ld
-- Adding linker script /home/tikhon/Документы/magnolia/esp-idf/components/esp_rom/esp32s3/ld/esp32s3.rom.newlib.ld
-- USING O3
-- Adding linker script /home/tikhon/Документы/magnolia/esp-idf/components/soc/esp32s3/ld/esp32s3.peripherals.ld
-- Adding linker script /home/tikhon/Документы/magnolia/applets/mainline/ps/build/esp-idf/esp_system/ld/memory.ld
-- Adding linker script /home/tikhon/Документы/magnolia/applets/mainline/ps/build/esp-idf/esp_system/ld/sections.ld.in
-- Adding linker script /home/tikhon/Документы/magnolia/esp-idf/components/esp_rom/esp32s3/ld/esp32s3.rom.ld
-- Adding linker script /home/tikhon/Документы/magnolia/esp-idf/components/esp_rom/esp32s3/ld/esp32s3.rom.api.ld
-- Adding linker script /home/tikhon/Документы/magnolia/esp-idf/components/esp_rom/esp32s3/ld/esp32s3.rom.bt_funcs.ld
-- Adding linker script /home/tikhon/Документы/magnolia/esp-idf/components/esp_rom/esp32s3/ld/esp32s3.rom.libgcc.ld
-- Adding linker script /home/tikhon/Документы/magnolia/esp-idf/components/esp_rom/esp32s3/ld/esp32s3.rom.wdt.ld
-- Adding linker script /home/tikhon/Документы/magnolia/esp-idf/components/esp_rom/esp32s3/ld/esp32s3.rom.version.ld
-- Adding linker script /home/tikhon/Документы/magnolia/esp-idf/components/esp_rom/esp32s3/ld/esp32s3.rom.ble_master.ld
-- Adding linker script /home/tikhon/Документы/magnolia/esp-idf/components/esp_rom/esp32s3/ld/esp32s3.rom.ble_50.ld
-- Adding linker script /home/tikhon/Документы/magnolia/esp-idf/components/esp_rom/esp32s3/ld/esp32s3.rom.ble_smp.ld
-- Adding linker script /home/tikhon/Документы/magnolia/esp-idf/components/esp_rom/esp32s3/ld/esp32s3.rom.ble_dtm.ld
-- Adding linker script /home/tikhon/Документы/magnolia/esp-idf/components/esp_rom/esp32s3/ld/esp32s3.rom.ble_test.ld
-- Adding linker script /home/tikhon/Документы/magnolia/esp-idf/components/esp_rom/esp32s3/ld/esp32s3.rom.ble_scan.ld
-- Adding linker script /home/tikhon/Документы/magnolia/esp-idf/components/esp_rom/esp32s3/ld/esp32s3.rom.libc.ld
-- Adding linker script /home/tikhon/Документы/magnolia/esp-idf/components/esp_rom/esp32s3/ld/esp32s3.rom.newlib.ld
-- Adding linker script /home/tikhon/Документы/magnolia/esp-idf/components/soc/esp32s3/ld/esp32s3.peripherals.ld
-- USING O3
-- Adding linker script /home/tikhon/Документы/magnolia/applets/mainline/hexdump/build/esp-idf/esp_system/ld/memory.ld
-- Adding linker script /home/tikhon/Документы/magnolia/applets/mainline/hexdump/build/esp-idf/esp_system/ld/sections.ld.in
-- Adding linker script /home/tikhon/Документы/magnolia/esp-idf/components/esp_rom/esp32s3/ld/esp32s3.rom.ld
-- Adding linker script /home/tikhon/Документы/magnolia/esp-idf/components/esp_rom/esp32s3/ld/esp32s3.rom.api.ld
-- Adding linker script /home/tikhon/Документы/magnolia/esp-idf/components/esp_rom/esp32s3/ld/esp32s3.rom.bt_funcs.ld
-- Adding linker script /home/tikhon/Документы/magnolia/esp-idf/components/esp_rom/esp32s3/ld/esp32s3.rom.libgcc.ld
-- Adding linker script /home/tikhon/Документы/magnolia/esp-idf/components/esp_rom/esp32s3/ld/esp32s3.rom.wdt.ld
-- Adding linker script /home/tikhon/Документы/magnolia/esp-idf/components/esp_rom/esp32s3/ld/esp32s3.rom.version.ld
-- Adding linker script /home/tikhon/Документы/magnolia/esp-idf/components/esp_rom/esp32s3/ld/esp32s3.rom.ble_master.ld
-- Adding linker script /home/tikhon/Документы/magnolia/esp-idf/components/esp_rom/esp32s3/ld/esp32s3.rom.ble_50.ld
-- Adding linker script /home/tikhon/Документы/magnolia/esp-idf/components/esp_rom/esp32s3/ld/esp32s3.rom.ble_smp.ld
-- Adding linker script /home/tikhon/Документы/magnolia/esp-idf/components/esp_rom/esp32s3/ld/esp32s3.rom.ble_dtm.ld
-- Adding linker script /home/tikhon/Документы/magnolia/esp-idf/components/esp_rom/esp32s3/ld/esp32s3.rom.ble_test.ld
-- Adding linker script /home/tikhon/Документы/magnolia/esp-idf/components/esp_rom/esp32s3/ld/esp32s3.rom.ble_scan.ld
-- Adding linker script /home/tikhon/Документы/magnolia/esp-idf/components/esp_rom/esp32s3/ld/esp32s3.rom.libc.ld
-- Adding linker script /home/tikhon/Документы/magnolia/esp-idf/components/esp_rom/esp32s3/ld/esp32s3.rom.newlib.ld
-- Adding linker script /home/tikhon/Документы/magnolia/esp-idf/components/soc/esp32s3/ld/esp32s3.peripherals.ld
-- Components: app_trace app_update bootloader bootloader_support bt cmock console cxx driver efuse esp-tls esp_adc esp_app_format esp_bootloader_format esp_coex esp_common esp_driver_ana_cmpr esp_driver_bitscrambler esp_driver_cam esp_driver_dac esp_driver_gpio esp_driver_gptimer esp_driver_i2c esp_driver_i2s esp_driver_i3c esp_driver_isp esp_driver_jpeg esp_driver_ledc esp_driver_mcpwm esp_driver_parlio esp_driver_pcnt esp_driver_ppa esp_driver_rmt esp_driver_sd_intf esp_driver_sdio esp_driver_sdm esp_driver_sdmmc esp_driver_sdspi esp_driver_spi esp_driver_touch_sens esp_driver_tsens esp_driver_twai esp_driver_uart esp_driver_usb_serial_jtag esp_eth esp_event esp_gdbstub esp_hid esp_http_client esp_http_server esp_https_ota esp_https_server esp_hw_support esp_lcd esp_local_ctrl esp_mm esp_netif esp_netif_stack esp_partition esp_phy esp_pm esp_psram esp_ringbuf esp_rom esp_security esp_system esp_timer esp_vfs_console esp_wifi espcoredump esptool_py fatfs freertos hal heap http_parser idf_test ieee802154 json log lwip main mbedtls mqtt newlib nvs_flash nvs_sec_provider openthread partition_table perfmon protobuf-c protocomm pthread rt sdmmc soc spi_flash spiffs tcp_transport touch_element ulp unity usb vfs wear_levelling wifi_provisioning wpa_supplicant xtensa
-- Component paths: /home/tikhon/Документы/magnolia/esp-idf/components/app_trace /home/tikhon/Документы/magnolia/esp-idf/components/app_update /home/tikhon/Документы/magnolia/esp-idf/components/bootloader /home/tikhon/Документы/magnolia/esp-idf/components/bootloader_support /home/tikhon/Документы/magnolia/esp-idf/components/bt /home/tikhon/Документы/magnolia/esp-idf/components/cmock /home/tikhon/Документы/magnolia/esp-idf/components/console /home/tikhon/Документы/magnolia/esp-idf/components/cxx /home/tikhon/Документы/magnolia/esp-idf/components/driver /home/tikhon/Документы/magnolia/esp-idf/components/efuse /home/tikhon/Документы/magnolia/esp-idf/components/esp-tls /home/tikhon/Документы/magnolia/esp-idf/components/esp_adc /home/tikhon/Документы/magnolia/esp-idf/components/esp_app_format /home/tikhon/Документы/magnolia/esp-idf/components/esp_bootloader_format /home/tikhon/Документы/magnolia/esp-idf/components/esp_coex /home/tikhon/Документы/magnolia/esp-idf/components/esp_common /home/tikhon/Документы/magnolia/esp-idf/components/esp_driver_ana_cmpr /home/tikhon/Документы/magnolia/esp-idf/components/esp_driver_bitscrambler /home/tikhon/Документы/magnolia/esp-idf/components/esp_driver_cam /home/tikhon/Документы/magnolia/esp-idf/components/esp_driver_dac /home/tikhon/Документы/magnolia/esp-idf/components/esp_driver_gpio /home/tikhon/Документы/magnolia/esp-idf/components/esp_driver_gptimer /home/tikhon/Документы/magnolia/esp-idf/components/esp_driver_i2c /home/tikhon/Документы/magnolia/esp-idf/components/esp_driver_i2s /home/tikhon/Документы/magnolia/esp-idf/components/esp_driver_i3c /home/tikhon/Документы/magnolia/esp-idf/components/esp_driver_isp /home/tikhon/Документы/magnolia/esp-idf/components/esp_driver_jpeg /home/tikhon/Документы/magnolia/esp-idf/components/esp_driver_ledc /home/tikhon/Документы/magnolia/esp-idf/components/esp_driver_mcpwm /home/tikhon/Документы/magnolia/esp-idf/components/esp_driver_parlio /home/tikhon/Документы/magnolia/esp-idf/components/esp_driver_pcnt /home/tikhon/Документы/magnolia/esp-idf/components/esp_driver_ppa /home/tikhon/Документы/magnolia/esp-idf/components/esp_driver_rmt /home/tikhon/Документы/magnolia/esp-idf/components/esp_driver_sd_intf /home/tikhon/Документы/magnolia/esp-idf/components/esp_driver_sdio /home/tikhon/Документы/magnolia/esp-idf/components/esp_driver_sdm /home/tikhon/Документы/magnolia/esp-idf/components/esp_driver_sdmmc /home/tikhon/Документы/magnolia/esp-idf/components/esp_driver_sdspi /home/tikhon/Документы/magnolia/esp-idf/components/esp_driver_spi /home/tikhon/Документы/magnolia/esp-idf/components/esp_driver_touch_sens /home/tikhon/Документы/magnolia/esp-idf/components/esp_driver_tsens /home/tikhon/Документы/magnolia/esp-idf/components/esp_driver_twai /home/tikhon/Документы/magnolia/esp-idf/components/esp_driver_uart /home/tikhon/Документы/magnolia/esp-idf/components/esp_driver_usb_serial_jtag /home/tikhon/Документы/magnolia/esp-idf/components/esp_eth /home/tikhon/Документы/magnolia/esp-idf/components/esp_event /home/tikhon/Документы/magnolia/esp-idf/components/esp_gdbstub /home/tikhon/Документы/magnolia/esp-idf/components/esp_hid /home/tikhon/Документы/magnolia/esp-idf/components/esp_http_client /home/tikhon/Документы/magnolia/esp-idf/components/esp_http_server /home/tikhon/Документы/magnolia/esp-idf/components/esp_https_ota /home/tikhon/Документы/magnolia/esp-idf/components/esp_https_server /home/tikhon/Документы/magnolia/esp-idf/components/esp_hw_support /home/tikhon/Документы/magnolia/esp-idf/components/esp_lcd /home/tikhon/Документы/magnolia/esp-idf/components/esp_local_ctrl /home/tikhon/Документы/magnolia/esp-idf/components/esp_mm /home/tikhon/Документы/magnolia/esp-idf/components/esp_netif /home/tikhon/Документы/magnolia/esp-idf/components/esp_netif_stack /home/tikhon/Документы/magnolia/esp-idf/components/esp_partition /home/tikhon/Документы/magnolia/esp-idf/components/esp_phy /home/tikhon/Документы/magnolia/esp-idf/components/esp_pm /home/tikhon/Документы/magnolia/esp-idf/components/esp_psram /home/tikhon/Документы/magnolia/esp-idf/components/esp_ringbuf /home/tikhon/Документы/magnolia/esp-idf/components/esp_rom /home/tikhon/Документы/magnolia/esp-idf/components/esp_security /home/tikhon/Документы/magnolia/esp-idf/components/esp_system /home/tikhon/Документы/magnolia/esp-idf/components/esp_timer /home/tikhon/Документы/magnolia/esp-idf/components/esp_vfs_console /home/tikhon/Документы/magnolia/esp-idf/components/esp_wifi /home/tikhon/Документы/magnolia/esp-idf/components/espcoredump /home/tikhon/Документы/magnolia/esp-idf/components/esptool_py /home/tikhon/Документы/magnolia/esp-idf/components/fatfs /home/tikhon/Документы/magnolia/esp-idf/components/freertos /home/tikhon/Документы/magnolia/esp-idf/components/hal /home/tikhon/Документы/magnolia/esp-idf/components/heap /home/tikhon/Документы/magnolia/esp-idf/components/http_parser /home/tikhon/Документы/magnolia/esp-idf/components/idf_test /home/tikhon/Документы/magnolia/esp-idf/components/ieee802154 /home/tikhon/Документы/magnolia/esp-idf/components/json /home/tikhon/Документы/magnolia/esp-idf/components/log /home/tikhon/Документы/magnolia/esp-idf/components/lwip /home/tikhon/Документы/magnolia/applets/mainline/free/main /home/tikhon/Документы/magnolia/esp-idf/components/mbedtls /home/tikhon/Документы/magnolia/esp-idf/components/mqtt /home/tikhon/Документы/magnolia/esp-idf/components/newlib /home/tikhon/Документы/magnolia/esp-idf/components/nvs_flash /home/tikhon/Документы/magnolia/esp-idf/components/nvs_sec_provider /home/tikhon/Документы/magnolia/esp-idf/components/openthread /home/tikhon/Документы/magnolia/esp-idf/components/partition_table /home/tikhon/Документы/magnolia/esp-idf/components/perfmon /home/tikhon/Документы/magnolia/esp-idf/components/protobuf-c /home/tikhon/Документы/magnolia/esp-idf/components/protocomm /home/tikhon/Документы/magnolia/esp-idf/components/pthread /home/tikhon/Документы/magnolia/esp-idf/components/rt /home/tikhon/Документы/magnolia/esp-idf/components/sdmmc /home/tikhon/Документы/magnolia/esp-idf/components/soc /home/tikhon/Документы/magnolia/esp-idf/components/spi_flash /home/tikhon/Документы/magnolia/esp-idf/components/spiffs /home/tikhon/Документы/magnolia/esp-idf/components/tcp_transport /home/tikhon/Документы/magnolia/esp-idf/components/touch_element /home/tikhon/Документы/magnolia/esp-idf/components/ulp /home/tikhon/Документы/magnolia/esp-idf/components/unity /home/tikhon/Документы/magnolia/esp-idf/components/usb /home/tikhon/Документы/magnolia/esp-idf/components/vfs /home/tikhon/Документы/magnolia/esp-idf/components/wear_levelling /home/tikhon/Документы/magnolia/esp-idf/components/wifi_provisioning /home/tikhon/Документы/magnolia/esp-idf/components/wpa_supplicant /home/tikhon/Документы/magnolia/esp-idf/components/xtensa
-- Configuring done (3.9s)
-- Components: app_trace app_update bootloader bootloader_support bt cmock console cxx driver efuse esp-tls esp_adc esp_app_format esp_bootloader_format esp_coex esp_common esp_driver_ana_cmpr esp_driver_bitscrambler esp_driver_cam esp_driver_dac esp_driver_gpio esp_driver_gptimer esp_driver_i2c esp_driver_i2s esp_driver_i3c esp_driver_isp esp_driver_jpeg esp_driver_ledc esp_driver_mcpwm esp_driver_parlio esp_driver_pcnt esp_driver_ppa esp_driver_rmt esp_driver_sd_intf esp_driver_sdio esp_driver_sdm esp_driver_sdmmc esp_driver_sdspi esp_driver_spi esp_driver_touch_sens esp_driver_tsens esp_driver_twai esp_driver_uart esp_driver_usb_serial_jtag esp_eth esp_event esp_gdbstub esp_hid esp_http_client esp_http_server esp_https_ota esp_https_server esp_hw_support esp_lcd esp_local_ctrl esp_mm esp_netif esp_netif_stack esp_partition esp_phy esp_pm esp_psram esp_ringbuf esp_rom esp_security esp_system esp_timer esp_vfs_console esp_wifi espcoredump esptool_py fatfs freertos hal heap http_parser idf_test ieee802154 json log lwip main mbedtls mqtt newlib nvs_flash nvs_sec_provider openthread partition_table perfmon protobuf-c protocomm pthread rt sdmmc soc spi_flash spiffs tcp_transport touch_element ulp unity usb vfs wear_levelling wifi_provisioning wpa_supplicant xtensa
-- Component paths: /home/tikhon/Документы/magnolia/esp-idf/components/app_trace /home/tikhon/Документы/magnolia/esp-idf/components/app_update /home/tikhon/Документы/magnolia/esp-idf/components/bootloader /home/tikhon/Документы/magnolia/esp-idf/components/bootloader_support /home/tikhon/Документы/magnolia/esp-idf/components/bt /home/tikhon/Документы/magnolia/esp-idf/components/cmock /home/tikhon/Документы/magnolia/esp-idf/components/console /home/tikhon/Документы/magnolia/esp-idf/components/cxx /home/tikhon/Документы/magnolia/esp-idf/components/driver /home/tikhon/Документы/magnolia/esp-idf/components/efuse /home/tikhon/Документы/magnolia/esp-idf/components/esp-tls /home/tikhon/Документы/magnolia/esp-idf/components/esp_adc /home/tikhon/Документы/magnolia/esp-idf/components/esp_app_format /home/tikhon/Документы/magnolia/esp-idf/components/esp_bootloader_format /home/tikhon/Документы/magnolia/esp-idf/components/esp_coex /home/tikhon/Документы/magnolia/esp-idf/components/esp_common /home/tikhon/Документы/magnolia/esp-idf/components/esp_driver_ana_cmpr /home/tikhon/Документы/magnolia/esp-idf/components/esp_driver_bitscrambler /home/tikhon/Документы/magnolia/esp-idf/components/esp_driver_cam /home/tikhon/Документы/magnolia/esp-idf/components/esp_driver_dac /home/tikhon/Документы/magnolia/esp-idf/components/esp_driver_gpio /home/tikhon/Документы/magnolia/esp-idf/components/esp_driver_gptimer /home/tikhon/Документы/magnolia/esp-idf/components/esp_driver_i2c /home/tikhon/Документы/magnolia/esp-idf/components/esp_driver_i2s /home/tikhon/Документы/magnolia/esp-idf/components/esp_driver_i3c /home/tikhon/Документы/magnolia/esp-idf/components/esp_driver_isp /home/tikhon/Документы/magnolia/esp-idf/components/esp_driver_jpeg /home/tikhon/Документы/magnolia/esp-idf/components/esp_driver_ledc /home/tikhon/Документы/magnolia/esp-idf/components/esp_driver_mcpwm /home/tikhon/Документы/magnolia/esp-idf/components/esp_driver_parlio /home/tikhon/Документы/magnolia/esp-idf/components/esp_driver_pcnt /home/tikhon/Документы/magnolia/esp-idf/components/esp_driver_ppa /home/tikhon/Документы/magnolia/esp-idf/components/esp_driver_rmt /home/tikhon/Документы/magnolia/esp-idf/components/esp_driver_sd_intf /home/tikhon/Документы/magnolia/esp-idf/components/esp_driver_sdio /home/tikhon/Документы/magnolia/esp-idf/components/esp_driver_sdm /home/tikhon/Документы/magnolia/esp-idf/components/esp_driver_sdmmc /home/tikhon/Документы/magnolia/esp-idf/components/esp_driver_sdspi /home/tikhon/Документы/magnolia/esp-idf/components/esp_driver_spi /home/tikhon/Документы/magnolia/esp-idf/components/esp_driver_touch_sens /home/tikhon/Документы/magnolia/esp-idf/components/esp_driver_tsens /home/tikhon/Документы/magnolia/esp-idf/components/esp_driver_twai /home/tikhon/Документы/magnolia/esp-idf/components/esp_driver_uart /home/tikhon/Документы/magnolia/esp-idf/components/esp_driver_usb_serial_jtag /home/tikhon/Документы/magnolia/esp-idf/components/esp_eth /home/tikhon/Документы/magnolia/esp-idf/components/esp_event /home/tikhon/Документы/magnolia/esp-idf/components/esp_gdbstub /home/tikhon/Документы/magnolia/esp-idf/components/esp_hid /home/tikhon/Документы/magnolia/esp-idf/components/esp_http_client /home/tikhon/Документы/magnolia/esp-idf/components/esp_http_server /home/tikhon/Документы/magnolia/esp-idf/components/esp_https_ota /home/tikhon/Документы/magnolia/esp-idf/components/esp_https_server /home/tikhon/Документы/magnolia/esp-idf/components/esp_hw_support /home/tikhon/Документы/magnolia/esp-idf/components/esp_lcd /home/tikhon/Документы/magnolia/esp-idf/components/esp_local_ctrl /home/tikhon/Документы/magnolia/esp-idf/components/esp_mm /home/tikhon/Документы/magnolia/esp-idf/components/esp_netif /home/tikhon/Документы/magnolia/esp-idf/components/esp_netif_stack /home/tikhon/Документы/magnolia/esp-idf/components/esp_partition /home/tikhon/Документы/magnolia/esp-idf/components/esp_phy /home/tikhon/Документы/magnolia/esp-idf/components/esp_pm /home/tikhon/Документы/magnolia/esp-idf/components/esp_psram /home/tikhon/Документы/magnolia/esp-idf/components/esp_ringbuf /home/tikhon/Документы/magnolia/esp-idf/components/esp_rom /home/tikhon/Документы/magnolia/esp-idf/components/esp_security /home/tikhon/Документы/magnolia/esp-idf/components/esp_system /home/tikhon/Документы/magnolia/esp-idf/components/esp_timer /home/tikhon/Документы/magnolia/esp-idf/components/esp_vfs_console /home/tikhon/Документы/magnolia/esp-idf/components/esp_wifi /home/tikhon/Документы/magnolia/esp-idf/components/espcoredump /home/tikhon/Документы/magnolia/esp-idf/components/esptool_py /home/tikhon/Документы/magnolia/esp-idf/components/fatfs /home/tikhon/Документы/magnolia/esp-idf/components/freertos /home/tikhon/Документы/magnolia/esp-idf/components/hal /home/tikhon/Документы/magnolia/esp-idf/components/heap /home/tikhon/Документы/magnolia/esp-idf/components/http_parser /home/tikhon/Документы/magnolia/esp-idf/components/idf_test /home/tikhon/Документы/magnolia/esp-idf/components/ieee802154 /home/tikhon/Документы/magnolia/esp-idf/components/json /home/tikhon/Документы/magnolia/esp-idf/components/log /home/tikhon/Документы/magnolia/esp-idf/components/lwip /home/tikhon/Документы/magnolia/applets/mainline/false/main /home/tikhon/Документы/magnolia/esp-idf/components/mbedtls /home/tikhon/Документы/magnolia/esp-idf/components/mqtt /home/tikhon/Документы/magnolia/esp-idf/components/newlib /home/tikhon/Документы/magnolia/esp-idf/components/nvs_flash /home/tikhon/Документы/magnolia/esp-idf/components/nvs_sec_provider /home/tikhon/Документы/magnolia/esp-idf/components/openthread /home/tikhon/Документы/magnolia/esp-idf/components/partition_table /home/tikhon/Документы/magnolia/esp-idf/components/perfmon /home/tikhon/Документы/magnolia/esp-idf/components/protobuf-c /home/tikhon/Документы/magnolia/esp-idf/components/protocomm /home/tikhon/Документы/magnolia/esp-idf/components/pthread /home/tikhon/Документы/magnolia/esp-idf/components/rt /home/tikhon/Документы/magnolia/esp-idf/components/sdmmc /home/tikhon/Документы/magnolia/esp-idf/components/soc /home/tikhon/Документы/magnolia/esp-idf/components/spi_flash /home/tikhon/Документы/magnolia/esp-idf/components/spiffs /home/tikhon/Документы/magnolia/esp-idf/components/tcp_transport /home/tikhon/Документы/magnolia/esp-idf/components/touch_element /home/tikhon/Документы/magnolia/esp-idf/components/ulp /home/tikhon/Документы/magnolia/esp-idf/components/unity /home/tikhon/Документы/magnolia/esp-idf/components/usb /home/tikhon/Документы/magnolia/esp-idf/components/vfs /home/tikhon/Документы/magnolia/esp-idf/components/wear_levelling /home/tikhon/Документы/magnolia/esp-idf/components/wifi_provisioning /home/tikhon/Документы/magnolia/esp-idf/components/wpa_supplicant /home/tikhon/Документы/magnolia/esp-idf/components/xtensa
-- Configuring done (3.9s)
-- Minimal build - OFF
-- Building ESP-IDF components for target esp32s3
-- Components: app_trace app_update bootloader bootloader_support bt cmock console cxx driver efuse esp-tls esp_adc esp_app_format esp_bootloader_format esp_coex esp_common esp_driver_ana_cmpr esp_driver_bitscrambler esp_driver_cam esp_driver_dac esp_driver_gpio esp_driver_gptimer esp_driver_i2c esp_driver_i2s esp_driver_i3c esp_driver_isp esp_driver_jpeg esp_driver_ledc esp_driver_mcpwm esp_driver_parlio esp_driver_pcnt esp_driver_ppa esp_driver_rmt esp_driver_sd_intf esp_driver_sdio esp_driver_sdm esp_driver_sdmmc esp_driver_sdspi esp_driver_spi esp_driver_touch_sens esp_driver_tsens esp_driver_twai esp_driver_uart esp_driver_usb_serial_jtag esp_eth esp_event esp_gdbstub esp_hid esp_http_client esp_http_server esp_https_ota esp_https_server esp_hw_support esp_lcd esp_local_ctrl esp_mm esp_netif esp_netif_stack esp_partition esp_phy esp_pm esp_psram esp_ringbuf esp_rom esp_security esp_system esp_timer esp_vfs_console esp_wifi espcoredump esptool_py fatfs freertos hal heap http_parser idf_test ieee802154 json log lwip main mbedtls mqtt newlib nvs_flash nvs_sec_provider openthread partition_table perfmon protobuf-c protocomm pthread rt sdmmc soc spi_flash spiffs tcp_transport touch_element ulp unity usb vfs wear_levelling wifi_provisioning wpa_supplicant xtensa
-- Component paths: /home/tikhon/Документы/magnolia/esp-idf/components/app_trace /home/tikhon/Документы/magnolia/esp-idf/components/app_update /home/tikhon/Документы/magnolia/esp-idf/components/bootloader /home/tikhon/Документы/magnolia/esp-idf/components/bootloader_support /home/tikhon/Документы/magnolia/esp-idf/components/bt /home/tikhon/Документы/magnolia/esp-idf/components/cmock /home/tikhon/Документы/magnolia/esp-idf/components/console /home/tikhon/Документы/magnolia/esp-idf/components/cxx /home/tikhon/Документы/magnolia/esp-idf/components/driver /home/tikhon/Документы/magnolia/esp-idf/components/efuse /home/tikhon/Документы/magnolia/esp-idf/components/esp-tls /home/tikhon/Документы/magnolia/esp-idf/components/esp_adc /home/tikhon/Документы/magnolia/esp-idf/components/esp_app_format /home/tikhon/Документы/magnolia/esp-idf/components/esp_bootloader_format /home/tikhon/Документы/magnolia/esp-idf/components/esp_coex /home/tikhon/Документы/magnolia/esp-idf/components/esp_common /home/tikhon/Документы/magnolia/esp-idf/components/esp_driver_ana_cmpr /home/tikhon/Документы/magnolia/esp-idf/components/esp_driver_bitscrambler /home/tikhon/Документы/magnolia/esp-idf/components/esp_driver_cam /home/tikhon/Документы/magnolia/esp-idf/components/esp_driver_dac /home/tikhon/Документы/magnolia/esp-idf/components/esp_driver_gpio /home/tikhon/Документы/magnolia/esp-idf/components/esp_driver_gptimer /home/tikhon/Документы/magnolia/esp-idf/components/esp_driver_i2c /home/tikhon/Документы/magnolia/esp-idf/components/esp_driver_i2s /home/tikhon/Документы/magnolia/esp-idf/components/esp_driver_i3c /home/tikhon/Документы/magnolia/esp-idf/components/esp_driver_isp /home/tikhon/Документы/magnolia/esp-idf/components/esp_driver_jpeg /home/tikhon/Документы/magnolia/esp-idf/components/esp_driver_ledc /home/tikhon/Документы/magnolia/esp-idf/components/esp_driver_mcpwm /home/tikhon/Документы/magnolia/esp-idf/components/esp_driver_parlio /home/tikhon/Документы/magnolia/esp-idf/components/esp_driver_pcnt /home/tikhon/Документы/magnolia/esp-idf/components/esp_driver_ppa /home/tikhon/Документы/magnolia/esp-idf/components/esp_driver_rmt /home/tikhon/Документы/magnolia/esp-idf/components/esp_driver_sd_intf /home/tikhon/Документы/magnolia/esp-idf/components/esp_driver_sdio /home/tikhon/Документы/magnolia/esp-idf/components/esp_driver_sdm /home/tikhon/Документы/magnolia/esp-idf/components/esp_driver_sdmmc /home/tikhon/Документы/magnolia/esp-idf/components/esp_driver_sdspi /home/tikhon/Документы/magnolia/esp-idf/components/esp_driver_spi /home/tikhon/Документы/magnolia/esp-idf/components/esp_driver_touch_sens /home/tikhon/Документы/magnolia/esp-idf/components/esp_driver_tsens /home/tikhon/Документы/magnolia/esp-idf/components/esp_driver_twai /home/tikhon/Документы/magnolia/esp-idf/components/esp_driver_uart /home/tikhon/Документы/magnolia/esp-idf/components/esp_driver_usb_serial_jtag /home/tikhon/Документы/magnolia/esp-idf/components/esp_eth /home/tikhon/Документы/magnolia/esp-idf/components/esp_event /home/tikhon/Документы/magnolia/esp-idf/components/esp_gdbstub /home/tikhon/Документы/magnolia/esp-idf/components/esp_hid /home/tikhon/Документы/magnolia/esp-idf/components/esp_http_client /home/tikhon/Документы/magnolia/esp-idf/components/esp_http_server /home/tikhon/Документы/magnolia/esp-idf/components/esp_https_ota /home/tikhon/Документы/magnolia/esp-idf/components/esp_https_server /home/tikhon/Документы/magnolia/esp-idf/components/esp_hw_support /home/tikhon/Документы/magnolia/esp-idf/components/esp_lcd /home/tikhon/Документы/magnolia/esp-idf/components/esp_local_ctrl /home/tikhon/Документы/magnolia/esp-idf/components/esp_mm /home/tikhon/Документы/magnolia/esp-idf/components/esp_netif /home/tikhon/Документы/magnolia/esp-idf/components/esp_netif_stack /home/tikhon/Документы/magnolia/esp-idf/components/esp_partition /home/tikhon/Документы/magnolia/esp-idf/components/esp_phy /home/tikhon/Документы/magnolia/esp-idf/components/esp_pm /home/tikhon/Документы/magnolia/esp-idf/components/esp_psram /home/tikhon/Документы/magnolia/esp-idf/components/esp_ringbuf /home/tikhon/Документы/magnolia/esp-idf/components/esp_rom /home/tikhon/Документы/magnolia/esp-idf/components/esp_security /home/tikhon/Документы/magnolia/esp-idf/components/esp_system /home/tikhon/Документы/magnolia/esp-idf/components/esp_timer /home/tikhon/Документы/magnolia/esp-idf/components/esp_vfs_console /home/tikhon/Документы/magnolia/esp-idf/components/esp_wifi /home/tikhon/Документы/magnolia/esp-idf/components/espcoredump /home/tikhon/Документы/magnolia/esp-idf/components/esptool_py /home/tikhon/Документы/magnolia/esp-idf/components/fatfs /home/tikhon/Документы/magnolia/esp-idf/components/freertos /home/tikhon/Документы/magnolia/esp-idf/components/hal /home/tikhon/Документы/magnolia/esp-idf/components/heap /home/tikhon/Документы/magnolia/esp-idf/components/http_parser /home/tikhon/Документы/magnolia/esp-idf/components/idf_test /home/tikhon/Документы/magnolia/esp-idf/components/ieee802154 /home/tikhon/Документы/magnolia/esp-idf/components/json /home/tikhon/Документы/magnolia/esp-idf/components/log /home/tikhon/Документы/magnolia/esp-idf/components/lwip /home/tikhon/Документы/magnolia/applets/mainline/head/main /home/tikhon/Документы/magnolia/esp-idf/components/mbedtls /home/tikhon/Документы/magnolia/esp-idf/components/mqtt /home/tikhon/Документы/magnolia/esp-idf/components/newlib /home/tikhon/Документы/magnolia/esp-idf/components/nvs_flash /home/tikhon/Документы/magnolia/esp-idf/components/nvs_sec_provider /home/tikhon/Документы/magnolia/esp-idf/components/openthread /home/tikhon/Документы/magnolia/esp-idf/components/partition_table /home/tikhon/Документы/magnolia/esp-idf/components/perfmon /home/tikhon/Документы/magnolia/esp-idf/components/protobuf-c /home/tikhon/Документы/magnolia/esp-idf/components/protocomm /home/tikhon/Документы/magnolia/esp-idf/components/pthread /home/tikhon/Документы/magnolia/esp-idf/components/rt /home/tikhon/Документы/magnolia/esp-idf/components/sdmmc /home/tikhon/Документы/magnolia/esp-idf/components/soc /home/tikhon/Документы/magnolia/esp-idf/components/spi_flash /home/tikhon/Документы/magnolia/esp-idf/components/spiffs /home/tikhon/Документы/magnolia/esp-idf/components/tcp_transport /home/tikhon/Документы/magnolia/esp-idf/components/touch_element /home/tikhon/Документы/magnolia/esp-idf/components/ulp /home/tikhon/Документы/magnolia/esp-idf/components/unity /home/tikhon/Документы/magnolia/esp-idf/components/usb /home/tikhon/Документы/magnolia/esp-idf/components/vfs /home/tikhon/Документы/magnolia/esp-idf/components/wear_levelling /home/tikhon/Документы/magnolia/esp-idf/components/wifi_provisioning /home/tikhon/Документы/magnolia/esp-idf/components/wpa_supplicant /home/tikhon/Документы/magnolia/esp-idf/components/xtensa
-- Configuring done (4.0s)
-- Components: app_trace app_update bootloader bootloader_support bt cmock console cxx driver efuse esp-tls esp_adc esp_app_format esp_bootloader_format esp_coex esp_common esp_driver_ana_cmpr esp_driver_bitscrambler esp_driver_cam esp_driver_dac esp_driver_gpio esp_driver_gptimer esp_driver_i2c esp_driver_i2s esp_driver_i3c esp_driver_isp esp_driver_jpeg esp_driver_ledc esp_driver_mcpwm esp_driver_parlio esp_driver_pcnt esp_driver_ppa esp_driver_rmt esp_driver_sd_intf esp_driver_sdio esp_driver_sdm esp_driver_sdmmc esp_driver_sdspi esp_driver_spi esp_driver_touch_sens esp_driver_tsens esp_driver_twai esp_driver_uart esp_driver_usb_serial_jtag esp_eth esp_event esp_gdbstub esp_hid esp_http_client esp_http_server esp_https_ota esp_https_server esp_hw_support esp_lcd esp_local_ctrl esp_mm esp_netif esp_netif_stack esp_partition esp_phy esp_pm esp_psram esp_ringbuf esp_rom esp_security esp_system esp_timer esp_vfs_console esp_wifi espcoredump esptool_py fatfs freertos hal heap http_parser idf_test ieee802154 json log lwip main mbedtls mqtt newlib nvs_flash nvs_sec_provider openthread partition_table perfmon protobuf-c protocomm pthread rt sdmmc soc spi_flash spiffs tcp_transport touch_element ulp unity usb vfs wear_levelling wifi_provisioning wpa_supplicant xtensa
-- Component paths: /home/tikhon/Документы/magnolia/esp-idf/components/app_trace /home/tikhon/Документы/magnolia/esp-idf/components/app_update /home/tikhon/Документы/magnolia/esp-idf/components/bootloader /home/tikhon/Документы/magnolia/esp-idf/components/bootloader_support /home/tikhon/Документы/magnolia/esp-idf/components/bt /home/tikhon/Документы/magnolia/esp-idf/components/cmock /home/tikhon/Документы/magnolia/esp-idf/components/console /home/tikhon/Документы/magnolia/esp-idf/components/cxx /home/tikhon/Документы/magnolia/esp-idf/components/driver /home/tikhon/Документы/magnolia/esp-idf/components/efuse /home/tikhon/Документы/magnolia/esp-idf/components/esp-tls /home/tikhon/Документы/magnolia/esp-idf/components/esp_adc /home/tikhon/Документы/magnolia/esp-idf/components/esp_app_format /home/tikhon/Документы/magnolia/esp-idf/components/esp_bootloader_format /home/tikhon/Документы/magnolia/esp-idf/components/esp_coex /home/tikhon/Документы/magnolia/esp-idf/components/esp_common /home/tikhon/Документы/magnolia/esp-idf/components/esp_driver_ana_cmpr /home/tikhon/Документы/magnolia/esp-idf/components/esp_driver_bitscrambler /home/tikhon/Документы/magnolia/esp-idf/components/esp_driver_cam /home/tikhon/Документы/magnolia/esp-idf/components/esp_driver_dac /home/tikhon/Документы/magnolia/esp-idf/components/esp_driver_gpio /home/tikhon/Документы/magnolia/esp-idf/components/esp_driver_gptimer /home/tikhon/Документы/magnolia/esp-idf/components/esp_driver_i2c /home/tikhon/Документы/magnolia/esp-idf/components/esp_driver_i2s /home/tikhon/Документы/magnolia/esp-idf/components/esp_driver_i3c /home/tikhon/Документы/magnolia/esp-idf/components/esp_driver_isp /home/tikhon/Документы/magnolia/esp-idf/components/esp_driver_jpeg /home/tikhon/Документы/magnolia/esp-idf/components/esp_driver_ledc /home/tikhon/Документы/magnolia/esp-idf/components/esp_driver_mcpwm /home/tikhon/Документы/magnolia/esp-idf/components/esp_driver_parlio /home/tikhon/Документы/magnolia/esp-idf/components/esp_driver_pcnt /home/tikhon/Документы/magnolia/esp-idf/components/esp_driver_ppa /home/tikhon/Документы/magnolia/esp-idf/components/esp_driver_rmt /home/tikhon/Документы/magnolia/esp-idf/components/esp_driver_sd_intf /home/tikhon/Документы/magnolia/esp-idf/components/esp_driver_sdio /home/tikhon/Документы/magnolia/esp-idf/components/esp_driver_sdm /home/tikhon/Документы/magnolia/esp-idf/components/esp_driver_sdmmc /home/tikhon/Документы/magnolia/esp-idf/components/esp_driver_sdspi /home/tikhon/Документы/magnolia/esp-idf/components/esp_driver_spi /home/tikhon/Документы/magnolia/esp-idf/components/esp_driver_touch_sens /home/tikhon/Документы/magnolia/esp-idf/components/esp_driver_tsens /home/tikhon/Документы/magnolia/esp-idf/components/esp_driver_twai /home/tikhon/Документы/magnolia/esp-idf/components/esp_driver_uart /home/tikhon/Документы/magnolia/esp-idf/components/esp_driver_usb_serial_jtag /home/tikhon/Документы/magnolia/esp-idf/components/esp_eth /home/tikhon/Документы/magnolia/esp-idf/components/esp_event /home/tikhon/Документы/magnolia/esp-idf/components/esp_gdbstub /home/tikhon/Документы/magnolia/esp-idf/components/esp_hid /home/tikhon/Документы/magnolia/esp-idf/components/esp_http_client /home/tikhon/Документы/magnolia/esp-idf/components/esp_http_server /home/tikhon/Документы/magnolia/esp-idf/components/esp_https_ota /home/tikhon/Документы/magnolia/esp-idf/components/esp_https_server /home/tikhon/Документы/magnolia/esp-idf/components/esp_hw_support /home/tikhon/Документы/magnolia/esp-idf/components/esp_lcd /home/tikhon/Документы/magnolia/esp-idf/components/esp_local_ctrl /home/tikhon/Документы/magnolia/esp-idf/components/esp_mm /home/tikhon/Документы/magnolia/esp-idf/components/esp_netif /home/tikhon/Документы/magnolia/esp-idf/components/esp_netif_stack /home/tikhon/Документы/magnolia/esp-idf/components/esp_partition /home/tikhon/Документы/magnolia/esp-idf/components/esp_phy /home/tikhon/Документы/magnolia/esp-idf/components/esp_pm /home/tikhon/Документы/magnolia/esp-idf/components/esp_psram /home/tikhon/Документы/magnolia/esp-idf/components/esp_ringbuf /home/tikhon/Документы/magnolia/esp-idf/components/esp_rom /home/tikhon/Документы/magnolia/esp-idf/components/esp_security /home/tikhon/Документы/magnolia/esp-idf/components/esp_system /home/tikhon/Документы/magnolia/esp-idf/components/esp_timer /home/tikhon/Документы/magnolia/esp-idf/components/esp_vfs_console /home/tikhon/Документы/magnolia/esp-idf/components/esp_wifi /home/tikhon/Документы/magnolia/esp-idf/components/espcoredump /home/tikhon/Документы/magnolia/esp-idf/components/esptool_py /home/tikhon/Документы/magnolia/esp-idf/components/fatfs /home/tikhon/Документы/magnolia/esp-idf/components/freertos /home/tikhon/Документы/magnolia/esp-idf/components/hal /home/tikhon/Документы/magnolia/esp-idf/components/heap /home/tikhon/Документы/magnolia/esp-idf/components/http_parser /home/tikhon/Документы/magnolia/esp-idf/components/idf_test /home/tikhon/Документы/magnolia/esp-idf/components/ieee802154 /home/tikhon/Документы/magnolia/esp-idf/components/json /home/tikhon/Документы/magnolia/esp-idf/components/log /home/tikhon/Документы/magnolia/esp-idf/components/lwip /home/tikhon/Документы/magnolia/applets/mainline/env/main /home/tikhon/Документы/magnolia/esp-idf/components/mbedtls /home/tikhon/Документы/magnolia/esp-idf/components/mqtt /home/tikhon/Документы/magnolia/esp-idf/components/newlib /home/tikhon/Документы/magnolia/esp-idf/components/nvs_flash /home/tikhon/Документы/magnolia/esp-idf/components/nvs_sec_provider /home/tikhon/Документы/magnolia/esp-idf/components/openthread /home/tikhon/Документы/magnolia/esp-idf/components/partition_table /home/tikhon/Документы/magnolia/esp-idf/components/perfmon /home/tikhon/Документы/magnolia/esp-idf/components/protobuf-c /home/tikhon/Документы/magnolia/esp-idf/components/protocomm /home/tikhon/Документы/magnolia/esp-idf/components/pthread /home/tikhon/Документы/magnolia/esp-idf/components/rt /home/tikhon/Документы/magnolia/esp-idf/components/sdmmc /home/tikhon/Документы/magnolia/esp-idf/components/soc /home/tikhon/Документы/magnolia/esp-idf/components/spi_flash /home/tikhon/Документы/magnolia/esp-idf/components/spiffs /home/tikhon/Документы/magnolia/esp-idf/components/tcp_transport /home/tikhon/Документы/magnolia/esp-idf/components/touch_element /home/tikhon/Документы/magnolia/esp-idf/components/ulp /home/tikhon/Документы/magnolia/esp-idf/components/unity /home/tikhon/Документы/magnolia/esp-idf/components/usb /home/tikhon/Документы/magnolia/esp-idf/components/vfs /home/tikhon/Документы/magnolia/esp-idf/components/wear_levelling /home/tikhon/Документы/magnolia/esp-idf/components/wifi_provisioning /home/tikhon/Документы/magnolia/esp-idf/components/wpa_supplicant /home/tikhon/Документы/magnolia/esp-idf/components/xtensa
-- Configuring done (4.0s)
-- ELF_LOADER: 1.1.1
-- Components: app_trace app_update bootloader bootloader_support bt cmock console cxx driver efuse esp-tls esp_adc esp_app_format esp_bootloader_format esp_coex esp_common esp_driver_ana_cmpr esp_driver_bitscrambler esp_driver_cam esp_driver_dac esp_driver_gpio esp_driver_gptimer esp_driver_i2c esp_driver_i2s esp_driver_i3c esp_driver_isp esp_driver_jpeg esp_driver_ledc esp_driver_mcpwm esp_driver_parlio esp_driver_pcnt esp_driver_ppa esp_driver_rmt esp_driver_sd_intf esp_driver_sdio esp_driver_sdm esp_driver_sdmmc esp_driver_sdspi esp_driver_spi esp_driver_touch_sens esp_driver_tsens esp_driver_twai esp_driver_uart esp_driver_usb_serial_jtag esp_eth esp_event esp_gdbstub esp_hid esp_http_client esp_http_server esp_https_ota esp_https_server esp_hw_support esp_lcd esp_local_ctrl esp_mm esp_netif esp_netif_stack esp_partition esp_phy esp_pm esp_psram esp_ringbuf esp_rom esp_security esp_system esp_timer esp_vfs_console esp_wifi espcoredump esptool_py fatfs freertos hal heap http_parser idf_test ieee802154 json log lwip main mbedtls mqtt newlib nvs_flash nvs_sec_provider openthread partition_table perfmon protobuf-c protocomm pthread rt sdmmc soc spi_flash spiffs tcp_transport touch_element ulp unity usb vfs wear_levelling wifi_provisioning wpa_supplicant xtensa
-- Component paths: /home/tikhon/Документы/magnolia/esp-idf/components/app_trace /home/tikhon/Документы/magnolia/esp-idf/components/app_update /home/tikhon/Документы/magnolia/esp-idf/components/bootloader /home/tikhon/Документы/magnolia/esp-idf/components/bootloader_support /home/tikhon/Документы/magnolia/esp-idf/components/bt /home/tikhon/Документы/magnolia/esp-idf/components/cmock /home/tikhon/Документы/magnolia/esp-idf/components/console /home/tikhon/Документы/magnolia/esp-idf/components/cxx /home/tikhon/Документы/magnolia/esp-idf/components/driver /home/tikhon/Документы/magnolia/esp-idf/components/efuse /home/tikhon/Документы/magnolia/esp-idf/components/esp-tls /home/tikhon/Документы/magnolia/esp-idf/components/esp_adc /home/tikhon/Документы/magnolia/esp-idf/components/esp_app_format /home/tikhon/Документы/magnolia/esp-idf/components/esp_bootloader_format /home/tikhon/Документы/magnolia/esp-idf/components/esp_coex /home/tikhon/Документы/magnolia/esp-idf/components/esp_common /home/tikhon/Документы/magnolia/esp-idf/components/esp_driver_ana_cmpr /home/tikhon/Документы/magnolia/esp-idf/components/esp_driver_bitscrambler /home/tikhon/Документы/magnolia/esp-idf/components/esp_driver_cam /home/tikhon/Документы/magnolia/esp-idf/components/esp_driver_dac /home/tikhon/Документы/magnolia/esp-idf/components/esp_driver_gpio /home/tikhon/Документы/magnolia/esp-idf/components/esp_driver_gptimer /home/tikhon/Документы/magnolia/esp-idf/components/esp_driver_i2c /home/tikhon/Документы/magnolia/esp-idf/components/esp_driver_i2s /home/tikhon/Документы/magnolia/esp-idf/components/esp_driver_i3c /home/tikhon/Документы/magnolia/esp-idf/components/esp_driver_isp /home/tikhon/Документы/magnolia/esp-idf/components/esp_driver_jpeg /home/tikhon/Документы/magnolia/esp-idf/components/esp_driver_ledc /home/tikhon/Документы/magnolia/esp-idf/components/esp_driver_mcpwm /home/tikhon/Документы/magnolia/esp-idf/components/esp_driver_parlio /home/tikhon/Документы/magnolia/esp-idf/components/esp_driver_pcnt /home/tikhon/Документы/magnolia/esp-idf/components/esp_driver_ppa /home/tikhon/Документы/magnolia/esp-idf/components/esp_driver_rmt /home/tikhon/Документы/magnolia/esp-idf/components/esp_driver_sd_intf /home/tikhon/Документы/magnolia/esp-idf/components/esp_driver_sdio /home/tikhon/Документы/magnolia/esp-idf/components/esp_driver_sdm /home/tikhon/Документы/magnolia/esp-idf/components/esp_driver_sdmmc /home/tikhon/Документы/magnolia/esp-idf/components/esp_driver_sdspi /home/tikhon/Документы/magnolia/esp-idf/components/esp_driver_spi /home/tikhon/Документы/magnolia/esp-idf/components/esp_driver_touch_sens /home/tikhon/Документы/magnolia/esp-idf/components/esp_driver_tsens /home/tikhon/Документы/magnolia/esp-idf/components/esp_driver_twai /home/tikhon/Документы/magnolia/esp-idf/components/esp_driver_uart /home/tikhon/Документы/magnolia/esp-idf/components/esp_driver_usb_serial_jtag /home/tikhon/Документы/magnolia/esp-idf/components/esp_eth /home/tikhon/Документы/magnolia/esp-idf/components/esp_event /home/tikhon/Документы/magnolia/esp-idf/components/esp_gdbstub /home/tikhon/Документы/magnolia/esp-idf/components/esp_hid /home/tikhon/Документы/magnolia/esp-idf/components/esp_http_client /home/tikhon/Документы/magnolia/esp-idf/components/esp_http_server /home/tikhon/Документы/magnolia/esp-idf/components/esp_https_ota /home/tikhon/Документы/magnolia/esp-idf/components/esp_https_server /home/tikhon/Документы/magnolia/esp-idf/components/esp_hw_support /home/tikhon/Документы/magnolia/esp-idf/components/esp_lcd /home/tikhon/Документы/magnolia/esp-idf/components/esp_local_ctrl /home/tikhon/Документы/magnolia/esp-idf/components/esp_mm /home/tikhon/Документы/magnolia/esp-idf/components/esp_netif /home/tikhon/Документы/magnolia/esp-idf/components/esp_netif_stack /home/tikhon/Документы/magnolia/esp-idf/components/esp_partition /home/tikhon/Документы/magnolia/esp-idf/components/esp_phy /home/tikhon/Документы/magnolia/esp-idf/components/esp_pm /home/tikhon/Документы/magnolia/esp-idf/components/esp_psram /home/tikhon/Документы/magnolia/esp-idf/components/esp_ringbuf /home/tikhon/Документы/magnolia/esp-idf/components/esp_rom /home/tikhon/Документы/magnolia/esp-idf/components/esp_security /home/tikhon/Документы/magnolia/esp-idf/components/esp_system /home/tikhon/Документы/magnolia/esp-idf/components/esp_timer /home/tikhon/Документы/magnolia/esp-idf/components/esp_vfs_console /home/tikhon/Документы/magnolia/esp-idf/components/esp_wifi /home/tikhon/Документы/magnolia/esp-idf/components/espcoredump /home/tikhon/Документы/magnolia/esp-idf/components/esptool_py /home/tikhon/Документы/magnolia/esp-idf/components/fatfs /home/tikhon/Документы/magnolia/esp-idf/components/freertos /home/tikhon/Документы/magnolia/esp-idf/components/hal /home/tikhon/Документы/magnolia/esp-idf/components/heap /home/tikhon/Документы/magnolia/esp-idf/components/http_parser /home/tikhon/Документы/magnolia/esp-idf/components/idf_test /home/tikhon/Документы/magnolia/esp-idf/components/ieee802154 /home/tikhon/Документы/magnolia/esp-idf/components/json /home/tikhon/Документы/magnolia/esp-idf/components/log /home/tikhon/Документы/magnolia/esp-idf/components/lwip /home/tikhon/Документы/magnolia/applets/mainline/kill/main /home/tikhon/Документы/magnolia/esp-idf/components/mbedtls /home/tikhon/Документы/magnolia/esp-idf/components/mqtt /home/tikhon/Документы/magnolia/esp-idf/components/newlib /home/tikhon/Документы/magnolia/esp-idf/components/nvs_flash /home/tikhon/Документы/magnolia/esp-idf/components/nvs_sec_provider /home/tikhon/Документы/magnolia/esp-idf/components/openthread /home/tikhon/Документы/magnolia/esp-idf/components/partition_table /home/tikhon/Документы/magnolia/esp-idf/components/perfmon /home/tikhon/Документы/magnolia/esp-idf/components/protobuf-c /home/tikhon/Документы/magnolia/esp-idf/components/protocomm /home/tikhon/Документы/magnolia/esp-idf/components/pthread /home/tikhon/Документы/magnolia/esp-idf/components/rt /home/tikhon/Документы/magnolia/esp-idf/components/sdmmc /home/tikhon/Документы/magnolia/esp-idf/components/soc /home/tikhon/Документы/magnolia/esp-idf/components/spi_flash /home/tikhon/Документы/magnolia/esp-idf/components/spiffs /home/tikhon/Документы/magnolia/esp-idf/components/tcp_transport /home/tikhon/Документы/magnolia/esp-idf/components/touch_element /home/tikhon/Документы/magnolia/esp-idf/components/ulp /home/tikhon/Документы/magnolia/esp-idf/components/unity /home/tikhon/Документы/magnolia/esp-idf/components/usb /home/tikhon/Документы/magnolia/esp-idf/components/vfs /home/tikhon/Документы/magnolia/esp-idf/components/wear_levelling /home/tikhon/Документы/magnolia/esp-idf/components/wifi_provisioning /home/tikhon/Документы/magnolia/esp-idf/components/wpa_supplicant /home/tikhon/Документы/magnolia/esp-idf/components/xtensa
-- Configuring done (4.0s)
-- Components: app_trace app_update bootloader bootloader_support bt cmock console cxx driver efuse esp-tls esp_adc esp_app_format esp_bootloader_format esp_coex esp_common esp_driver_ana_cmpr esp_driver_bitscrambler esp_driver_cam esp_driver_dac esp_driver_gpio esp_driver_gptimer esp_driver_i2c esp_driver_i2s esp_driver_i3c esp_driver_isp esp_driver_jpeg esp_driver_ledc esp_driver_mcpwm esp_driver_parlio esp_driver_pcnt esp_driver_ppa esp_driver_rmt esp_driver_sd_intf esp_driver_sdio esp_driver_sdm esp_driver_sdmmc esp_driver_sdspi esp_driver_spi esp_driver_touch_sens esp_driver_tsens esp_driver_twai esp_driver_uart esp_driver_usb_serial_jtag esp_eth esp_event esp_gdbstub esp_hid esp_http_client esp_http_server esp_https_ota esp_https_server esp_hw_support esp_lcd esp_local_ctrl esp_mm esp_netif esp_netif_stack esp_partition esp_phy esp_pm esp_psram esp_ringbuf esp_rom esp_security esp_system esp_timer esp_vfs_console esp_wifi espcoredump esptool_py fatfs freertos hal heap http_parser idf_test ieee802154 json log lwip main mbedtls mqtt newlib nvs_flash nvs_sec_provider openthread partition_table perfmon protobuf-c protocomm pthread rt sdmmc soc spi_flash spiffs tcp_transport touch_element ulp unity usb vfs wear_levelling wifi_provisioning wpa_supplicant xtensa
-- Component paths: /home/tikhon/Документы/magnolia/esp-idf/components/app_trace /home/tikhon/Документы/magnolia/esp-idf/components/app_update /home/tikhon/Документы/magnolia/esp-idf/components/bootloader /home/tikhon/Документы/magnolia/esp-idf/components/bootloader_support /home/tikhon/Документы/magnolia/esp-idf/components/bt /home/tikhon/Документы/magnolia/esp-idf/components/cmock /home/tikhon/Документы/magnolia/esp-idf/components/console /home/tikhon/Документы/magnolia/esp-idf/components/cxx /home/tikhon/Документы/magnolia/esp-idf/components/driver /home/tikhon/Документы/magnolia/esp-idf/components/efuse /home/tikhon/Документы/magnolia/esp-idf/components/esp-tls /home/tikhon/Документы/magnolia/esp-idf/components/esp_adc /home/tikhon/Документы/magnolia/esp-idf/components/esp_app_format /home/tikhon/Документы/magnolia/esp-idf/components/esp_bootloader_format /home/tikhon/Документы/magnolia/esp-idf/components/esp_coex /home/tikhon/Документы/magnolia/esp-idf/components/esp_common /home/tikhon/Документы/magnolia/esp-idf/components/esp_driver_ana_cmpr /home/tikhon/Документы/magnolia/esp-idf/components/esp_driver_bitscrambler /home/tikhon/Документы/magnolia/esp-idf/components/esp_driver_cam /home/tikhon/Документы/magnolia/esp-idf/components/esp_driver_dac /home/tikhon/Документы/magnolia/esp-idf/components/esp_driver_gpio /home/tikhon/Документы/magnolia/esp-idf/components/esp_driver_gptimer /home/tikhon/Документы/magnolia/esp-idf/components/esp_driver_i2c /home/tikhon/Документы/magnolia/esp-idf/components/esp_driver_i2s /home/tikhon/Документы/magnolia/esp-idf/components/esp_driver_i3c /home/tikhon/Документы/magnolia/esp-idf/components/esp_driver_isp /home/tikhon/Документы/magnolia/esp-idf/components/esp_driver_jpeg /home/tikhon/Документы/magnolia/esp-idf/components/esp_driver_ledc /home/tikhon/Документы/magnolia/esp-idf/components/esp_driver_mcpwm /home/tikhon/Документы/magnolia/esp-idf/components/esp_driver_parlio /home/tikhon/Документы/magnolia/esp-idf/components/esp_driver_pcnt /home/tikhon/Документы/magnolia/esp-idf/components/esp_driver_ppa /home/tikhon/Документы/magnolia/esp-idf/components/esp_driver_rmt /home/tikhon/Документы/magnolia/esp-idf/components/esp_driver_sd_intf /home/tikhon/Документы/magnolia/esp-idf/components/esp_driver_sdio /home/tikhon/Документы/magnolia/esp-idf/components/esp_driver_sdm /home/tikhon/Документы/magnolia/esp-idf/components/esp_driver_sdmmc /home/tikhon/Документы/magnolia/esp-idf/components/esp_driver_sdspi /home/tikhon/Документы/magnolia/esp-idf/components/esp_driver_spi /home/tikhon/Документы/magnolia/esp-idf/components/esp_driver_touch_sens /home/tikhon/Документы/magnolia/esp-idf/components/esp_driver_tsens /home/tikhon/Документы/magnolia/esp-idf/components/esp_driver_twai /home/tikhon/Документы/magnolia/esp-idf/components/esp_driver_uart /home/tikhon/Документы/magnolia/esp-idf/components/esp_driver_usb_serial_jtag /home/tikhon/Документы/magnolia/esp-idf/components/esp_eth /home/tikhon/Документы/magnolia/esp-idf/components/esp_event /home/tikhon/Документы/magnolia/esp-idf/components/esp_gdbstub /home/tikhon/Документы/magnolia/esp-idf/components/esp_hid /home/tikhon/Документы/magnolia/esp-idf/components/esp_http_client /home/tikhon/Документы/magnolia/esp-idf/components/esp_http_server /home/tikhon/Документы/magnolia/esp-idf/components/esp_https_ota /home/tikhon/Документы/magnolia/esp-idf/components/esp_https_server /home/tikhon/Документы/magnolia/esp-idf/components/esp_hw_support /home/tikhon/Документы/magnolia/esp-idf/components/esp_lcd /home/tikhon/Документы/magnolia/esp-idf/components/esp_local_ctrl /home/tikhon/Документы/magnolia/esp-idf/components/esp_mm /home/tikhon/Документы/magnolia/esp-idf/components/esp_netif /home/tikhon/Документы/magnolia/esp-idf/components/esp_netif_stack /home/tikhon/Документы/magnolia/esp-idf/components/esp_partition /home/tikhon/Документы/magnolia/esp-idf/components/esp_phy /home/tikhon/Документы/magnolia/esp-idf/components/esp_pm /home/tikhon/Документы/magnolia/esp-idf/components/esp_psram /home/tikhon/Документы/magnolia/esp-idf/components/esp_ringbuf /home/tikhon/Документы/magnolia/esp-idf/components/esp_rom /home/tikhon/Документы/magnolia/esp-idf/components/esp_security /home/tikhon/Документы/magnolia/esp-idf/components/esp_system /home/tikhon/Документы/magnolia/esp-idf/components/esp_timer /home/tikhon/Документы/magnolia/esp-idf/components/esp_vfs_console /home/tikhon/Документы/magnolia/esp-idf/components/esp_wifi /home/tikhon/Документы/magnolia/esp-idf/components/espcoredump /home/tikhon/Документы/magnolia/esp-idf/components/esptool_py /home/tikhon/Документы/magnolia/esp-idf/components/fatfs /home/tikhon/Документы/magnolia/esp-idf/components/freertos /home/tikhon/Документы/magnolia/esp-idf/components/hal /home/tikhon/Документы/magnolia/esp-idf/components/heap /home/tikhon/Документы/magnolia/esp-idf/components/http_parser /home/tikhon/Документы/magnolia/esp-idf/components/idf_test /home/tikhon/Документы/magnolia/esp-idf/components/ieee802154 /home/tikhon/Документы/magnolia/esp-idf/components/json /home/tikhon/Документы/magnolia/esp-idf/components/log /home/tikhon/Документы/magnolia/esp-idf/components/lwip /home/tikhon/Документы/magnolia/applets/mainline/ln/main /home/tikhon/Документы/magnolia/esp-idf/components/mbedtls /home/tikhon/Документы/magnolia/esp-idf/components/mqtt /home/tikhon/Документы/magnolia/esp-idf/components/newlib /home/tikhon/Документы/magnolia/esp-idf/components/nvs_flash /home/tikhon/Документы/magnolia/esp-idf/components/nvs_sec_provider /home/tikhon/Документы/magnolia/esp-idf/components/openthread /home/tikhon/Документы/magnolia/esp-idf/components/partition_table /home/tikhon/Документы/magnolia/esp-idf/components/perfmon /home/tikhon/Документы/magnolia/esp-idf/components/protobuf-c /home/tikhon/Документы/magnolia/esp-idf/components/protocomm /home/tikhon/Документы/magnolia/esp-idf/components/pthread /home/tikhon/Документы/magnolia/esp-idf/components/rt /home/tikhon/Документы/magnolia/esp-idf/components/sdmmc /home/tikhon/Документы/magnolia/esp-idf/components/soc /home/tikhon/Документы/magnolia/esp-idf/components/spi_flash /home/tikhon/Документы/magnolia/esp-idf/components/spiffs /home/tikhon/Документы/magnolia/esp-idf/components/tcp_transport /home/tikhon/Документы/magnolia/esp-idf/components/touch_element /home/tikhon/Документы/magnolia/esp-idf/components/ulp /home/tikhon/Документы/magnolia/esp-idf/components/unity /home/tikhon/Документы/magnolia/esp-idf/components/usb /home/tikhon/Документы/magnolia/esp-idf/components/vfs /home/tikhon/Документы/magnolia/esp-idf/components/wear_levelling /home/tikhon/Документы/magnolia/esp-idf/components/wifi_provisioning /home/tikhon/Документы/magnolia/esp-idf/components/wpa_supplicant /home/tikhon/Документы/magnolia/esp-idf/components/xtensa
-- Configuring done (4.0s)
-- Components: app_trace app_update bootloader bootloader_support bt cmock console cxx driver efuse esp-tls esp_adc esp_app_format esp_bootloader_format esp_coex esp_common esp_driver_ana_cmpr esp_driver_bitscrambler esp_driver_cam esp_driver_dac esp_driver_gpio esp_driver_gptimer esp_driver_i2c esp_driver_i2s esp_driver_i3c esp_driver_isp esp_driver_jpeg esp_driver_ledc esp_driver_mcpwm esp_driver_parlio esp_driver_pcnt esp_driver_ppa esp_driver_rmt esp_driver_sd_intf esp_driver_sdio esp_driver_sdm esp_driver_sdmmc esp_driver_sdspi esp_driver_spi esp_driver_touch_sens esp_driver_tsens esp_driver_twai esp_driver_uart esp_driver_usb_serial_jtag esp_eth esp_event esp_gdbstub esp_hid esp_http_client esp_http_server esp_https_ota esp_https_server esp_hw_support esp_lcd esp_local_ctrl esp_mm esp_netif esp_netif_stack esp_partition esp_phy esp_pm esp_psram esp_ringbuf esp_rom esp_security esp_system esp_timer esp_vfs_console esp_wifi espcoredump esptool_py fatfs freertos hal heap http_parser idf_test ieee802154 json log lwip main mbedtls mqtt newlib nvs_flash nvs_sec_provider openthread partition_table perfmon protobuf-c protocomm pthread rt sdmmc soc spi_flash spiffs tcp_transport touch_element ulp unity usb vfs wear_levelling wifi_provisioning wpa_supplicant xtensa
-- Component paths: /home/tikhon/Документы/magnolia/esp-idf/components/app_trace /home/tikhon/Документы/magnolia/esp-idf/components/app_update /home/tikhon/Документы/magnolia/esp-idf/components/bootloader /home/tikhon/Документы/magnolia/esp-idf/components/bootloader_support /home/tikhon/Документы/magnolia/esp-idf/components/bt /home/tikhon/Документы/magnolia/esp-idf/components/cmock /home/tikhon/Документы/magnolia/esp-idf/components/console /home/tikhon/Документы/magnolia/esp-idf/components/cxx /home/tikhon/Документы/magnolia/esp-idf/components/driver /home/tikhon/Документы/magnolia/esp-idf/components/efuse /home/tikhon/Документы/magnolia/esp-idf/components/esp-tls /home/tikhon/Документы/magnolia/esp-idf/components/esp_adc /home/tikhon/Документы/magnolia/esp-idf/components/esp_app_format /home/tikhon/Документы/magnolia/esp-idf/components/esp_bootloader_format /home/tikhon/Документы/magnolia/esp-idf/components/esp_coex /home/tikhon/Документы/magnolia/esp-idf/components/esp_common /home/tikhon/Документы/magnolia/esp-idf/components/esp_driver_ana_cmpr /home/tikhon/Документы/magnolia/esp-idf/components/esp_driver_bitscrambler /home/tikhon/Документы/magnolia/esp-idf/components/esp_driver_cam /home/tikhon/Документы/magnolia/esp-idf/components/esp_driver_dac /home/tikhon/Документы/magnolia/esp-idf/components/esp_driver_gpio /home/tikhon/Документы/magnolia/esp-idf/components/esp_driver_gptimer /home/tikhon/Документы/magnolia/esp-idf/components/esp_driver_i2c /home/tikhon/Документы/magnolia/esp-idf/components/esp_driver_i2s /home/tikhon/Документы/magnolia/esp-idf/components/esp_driver_i3c /home/tikhon/Документы/magnolia/esp-idf/components/esp_driver_isp /home/tikhon/Документы/magnolia/esp-idf/components/esp_driver_jpeg /home/tikhon/Документы/magnolia/esp-idf/components/esp_driver_ledc /home/tikhon/Документы/magnolia/esp-idf/components/esp_driver_mcpwm /home/tikhon/Документы/magnolia/esp-idf/components/esp_driver_parlio /home/tikhon/Документы/magnolia/esp-idf/components/esp_driver_pcnt /home/tikhon/Документы/magnolia/esp-idf/components/esp_driver_ppa /home/tikhon/Документы/magnolia/esp-idf/components/esp_driver_rmt /home/tikhon/Документы/magnolia/esp-idf/components/esp_driver_sd_intf /home/tikhon/Документы/magnolia/esp-idf/components/esp_driver_sdio /home/tikhon/Документы/magnolia/esp-idf/components/esp_driver_sdm /home/tikhon/Документы/magnolia/esp-idf/components/esp_driver_sdmmc /home/tikhon/Документы/magnolia/esp-idf/components/esp_driver_sdspi /home/tikhon/Документы/magnolia/esp-idf/components/esp_driver_spi /home/tikhon/Документы/magnolia/esp-idf/components/esp_driver_touch_sens /home/tikhon/Документы/magnolia/esp-idf/components/esp_driver_tsens /home/tikhon/Документы/magnolia/esp-idf/components/esp_driver_twai /home/tikhon/Документы/magnolia/esp-idf/components/esp_driver_uart /home/tikhon/Документы/magnolia/esp-idf/components/esp_driver_usb_serial_jtag /home/tikhon/Документы/magnolia/esp-idf/components/esp_eth /home/tikhon/Документы/magnolia/esp-idf/components/esp_event /home/tikhon/Документы/magnolia/esp-idf/components/esp_gdbstub /home/tikhon/Документы/magnolia/esp-idf/components/esp_hid /home/tikhon/Документы/magnolia/esp-idf/components/esp_http_client /home/tikhon/Документы/magnolia/esp-idf/components/esp_http_server /home/tikhon/Документы/magnolia/esp-idf/components/esp_https_ota /home/tikhon/Документы/magnolia/esp-idf/components/esp_https_server /home/tikhon/Документы/magnolia/esp-idf/components/esp_hw_support /home/tikhon/Документы/magnolia/esp-idf/components/esp_lcd /home/tikhon/Документы/magnolia/esp-idf/components/esp_local_ctrl /home/tikhon/Документы/magnolia/esp-idf/components/esp_mm /home/tikhon/Документы/magnolia/esp-idf/components/esp_netif /home/tikhon/Документы/magnolia/esp-idf/components/esp_netif_stack /home/tikhon/Документы/magnolia/esp-idf/components/esp_partition /home/tikhon/Документы/magnolia/esp-idf/components/esp_phy /home/tikhon/Документы/magnolia/esp-idf/components/esp_pm /home/tikhon/Документы/magnolia/esp-idf/components/esp_psram /home/tikhon/Документы/magnolia/esp-idf/components/esp_ringbuf /home/tikhon/Документы/magnolia/esp-idf/components/esp_rom /home/tikhon/Документы/magnolia/esp-idf/components/esp_security /home/tikhon/Документы/magnolia/esp-idf/components/esp_system /home/tikhon/Документы/magnolia/esp-idf/components/esp_timer /home/tikhon/Документы/magnolia/esp-idf/components/esp_vfs_console /home/tikhon/Документы/magnolia/esp-idf/components/esp_wifi /home/tikhon/Документы/magnolia/esp-idf/components/espcoredump /home/tikhon/Документы/magnolia/esp-idf/components/esptool_py /home/tikhon/Документы/magnolia/esp-idf/components/fatfs /home/tikhon/Документы/magnolia/esp-idf/components/freertos /home/tikhon/Документы/magnolia/esp-idf/components/hal /home/tikhon/Документы/magnolia/esp-idf/components/heap /home/tikhon/Документы/magnolia/esp-idf/components/http_parser /home/tikhon/Документы/magnolia/esp-idf/components/idf_test /home/tikhon/Документы/magnolia/esp-idf/components/ieee802154 /home/tikhon/Документы/magnolia/esp-idf/components/json /home/tikhon/Документы/magnolia/esp-idf/components/log /home/tikhon/Документы/magnolia/esp-idf/components/lwip /home/tikhon/Документы/magnolia/applets/mainline/mkdir/main /home/tikhon/Документы/magnolia/esp-idf/components/mbedtls /home/tikhon/Документы/magnolia/esp-idf/components/mqtt /home/tikhon/Документы/magnolia/esp-idf/components/newlib /home/tikhon/Документы/magnolia/esp-idf/components/nvs_flash /home/tikhon/Документы/magnolia/esp-idf/components/nvs_sec_provider /home/tikhon/Документы/magnolia/esp-idf/components/openthread /home/tikhon/Документы/magnolia/esp-idf/components/partition_table /home/tikhon/Документы/magnolia/esp-idf/components/perfmon /home/tikhon/Документы/magnolia/esp-idf/components/protobuf-c /home/tikhon/Документы/magnolia/esp-idf/components/protocomm /home/tikhon/Документы/magnolia/esp-idf/components/pthread /home/tikhon/Документы/magnolia/esp-idf/components/rt /home/tikhon/Документы/magnolia/esp-idf/components/sdmmc /home/tikhon/Документы/magnolia/esp-idf/components/soc /home/tikhon/Документы/magnolia/esp-idf/components/spi_flash /home/tikhon/Документы/magnolia/esp-idf/components/spiffs /home/tikhon/Документы/magnolia/esp-idf/components/tcp_transport /home/tikhon/Документы/magnolia/esp-idf/components/touch_element /home/tikhon/Документы/magnolia/esp-idf/components/ulp /home/tikhon/Документы/magnolia/esp-idf/components/unity /home/tikhon/Документы/magnolia/esp-idf/components/usb /home/tikhon/Документы/magnolia/esp-idf/components/vfs /home/tikhon/Документы/magnolia/esp-idf/components/wear_levelling /home/tikhon/Документы/magnolia/esp-idf/components/wifi_provisioning /home/tikhon/Документы/magnolia/esp-idf/components/wpa_supplicant /home/tikhon/Документы/magnolia/esp-idf/components/xtensa
-- Configuring done (3.9s)
-- Components: app_trace app_update bootloader bootloader_support bt cmock console cxx driver efuse esp-tls esp_adc esp_app_format esp_bootloader_format esp_coex esp_common esp_driver_ana_cmpr esp_driver_bitscrambler esp_driver_cam esp_driver_dac esp_driver_gpio esp_driver_gptimer esp_driver_i2c esp_driver_i2s esp_driver_i3c esp_driver_isp esp_driver_jpeg esp_driver_ledc esp_driver_mcpwm esp_driver_parlio esp_driver_pcnt esp_driver_ppa esp_driver_rmt esp_driver_sd_intf esp_driver_sdio esp_driver_sdm esp_driver_sdmmc esp_driver_sdspi esp_driver_spi esp_driver_touch_sens esp_driver_tsens esp_driver_twai esp_driver_uart esp_driver_usb_serial_jtag esp_eth esp_event esp_gdbstub esp_hid esp_http_client esp_http_server esp_https_ota esp_https_server esp_hw_support esp_lcd esp_local_ctrl esp_mm esp_netif esp_netif_stack esp_partition esp_phy esp_pm esp_psram esp_ringbuf esp_rom esp_security esp_system esp_timer esp_vfs_console esp_wifi espcoredump esptool_py fatfs freertos hal heap http_parser idf_test ieee802154 json log lwip main mbedtls mqtt newlib nvs_flash nvs_sec_provider openthread partition_table perfmon protobuf-c protocomm pthread rt sdmmc soc spi_flash spiffs tcp_transport touch_element ulp unity usb vfs wear_levelling wifi_provisioning wpa_supplicant xtensa
-- Component paths: /home/tikhon/Документы/magnolia/esp-idf/components/app_trace /home/tikhon/Документы/magnolia/esp-idf/components/app_update /home/tikhon/Документы/magnolia/esp-idf/components/bootloader /home/tikhon/Документы/magnolia/esp-idf/components/bootloader_support /home/tikhon/Документы/magnolia/esp-idf/components/bt /home/tikhon/Документы/magnolia/esp-idf/components/cmock /home/tikhon/Документы/magnolia/esp-idf/components/console /home/tikhon/Документы/magnolia/esp-idf/components/cxx /home/tikhon/Документы/magnolia/esp-idf/components/driver /home/tikhon/Документы/magnolia/esp-idf/components/efuse /home/tikhon/Документы/magnolia/esp-idf/components/esp-tls /home/tikhon/Документы/magnolia/esp-idf/components/esp_adc /home/tikhon/Документы/magnolia/esp-idf/components/esp_app_format /home/tikhon/Документы/magnolia/esp-idf/components/esp_bootloader_format /home/tikhon/Документы/magnolia/esp-idf/components/esp_coex /home/tikhon/Документы/magnolia/esp-idf/components/esp_common /home/tikhon/Документы/magnolia/esp-idf/components/esp_driver_ana_cmpr /home/tikhon/Документы/magnolia/esp-idf/components/esp_driver_bitscrambler /home/tikhon/Документы/magnolia/esp-idf/components/esp_driver_cam /home/tikhon/Документы/magnolia/esp-idf/components/esp_driver_dac /home/tikhon/Документы/magnolia/esp-idf/components/esp_driver_gpio /home/tikhon/Документы/magnolia/esp-idf/components/esp_driver_gptimer /home/tikhon/Документы/magnolia/esp-idf/components/esp_driver_i2c /home/tikhon/Документы/magnolia/esp-idf/components/esp_driver_i2s /home/tikhon/Документы/magnolia/esp-idf/components/esp_driver_i3c /home/tikhon/Документы/magnolia/esp-idf/components/esp_driver_isp /home/tikhon/Документы/magnolia/esp-idf/components/esp_driver_jpeg /home/tikhon/Документы/magnolia/esp-idf/components/esp_driver_ledc /home/tikhon/Документы/magnolia/esp-idf/components/esp_driver_mcpwm /home/tikhon/Документы/magnolia/esp-idf/components/esp_driver_parlio /home/tikhon/Документы/magnolia/esp-idf/components/esp_driver_pcnt /home/tikhon/Документы/magnolia/esp-idf/components/esp_driver_ppa /home/tikhon/Документы/magnolia/esp-idf/components/esp_driver_rmt /home/tikhon/Документы/magnolia/esp-idf/components/esp_driver_sd_intf /home/tikhon/Документы/magnolia/esp-idf/components/esp_driver_sdio /home/tikhon/Документы/magnolia/esp-idf/components/esp_driver_sdm /home/tikhon/Документы/magnolia/esp-idf/components/esp_driver_sdmmc /home/tikhon/Документы/magnolia/esp-idf/components/esp_driver_sdspi /home/tikhon/Документы/magnolia/esp-idf/components/esp_driver_spi /home/tikhon/Документы/magnolia/esp-idf/components/esp_driver_touch_sens /home/tikhon/Документы/magnolia/esp-idf/components/esp_driver_tsens /home/tikhon/Документы/magnolia/esp-idf/components/esp_driver_twai /home/tikhon/Документы/magnolia/esp-idf/components/esp_driver_uart /home/tikhon/Документы/magnolia/esp-idf/components/esp_driver_usb_serial_jtag /home/tikhon/Документы/magnolia/esp-idf/components/esp_eth /home/tikhon/Документы/magnolia/esp-idf/components/esp_event /home/tikhon/Документы/magnolia/esp-idf/components/esp_gdbstub /home/tikhon/Документы/magnolia/esp-idf/components/esp_hid /home/tikhon/Документы/magnolia/esp-idf/components/esp_http_client /home/tikhon/Документы/magnolia/esp-idf/components/esp_http_server /home/tikhon/Документы/magnolia/esp-idf/components/esp_https_ota /home/tikhon/Документы/magnolia/esp-idf/components/esp_https_server /home/tikhon/Документы/magnolia/esp-idf/components/esp_hw_support /home/tikhon/Документы/magnolia/esp-idf/components/esp_lcd /home/tikhon/Документы/magnolia/esp-idf/components/esp_local_ctrl /home/tikhon/Документы/magnolia/esp-idf/components/esp_mm /home/tikhon/Документы/magnolia/esp-idf/components/esp_netif /home/tikhon/Документы/magnolia/esp-idf/components/esp_netif_stack /home/tikhon/Документы/magnolia/esp-idf/components/esp_partition /home/tikhon/Документы/magnolia/esp-idf/components/esp_phy /home/tikhon/Документы/magnolia/esp-idf/components/esp_pm /home/tikhon/Документы/magnolia/esp-idf/components/esp_psram /home/tikhon/Документы/magnolia/esp-idf/components/esp_ringbuf /home/tikhon/Документы/magnolia/esp-idf/components/esp_rom /home/tikhon/Документы/magnolia/esp-idf/components/esp_security /home/tikhon/Документы/magnolia/esp-idf/components/esp_system /home/tikhon/Документы/magnolia/esp-idf/components/esp_timer /home/tikhon/Документы/magnolia/esp-idf/components/esp_vfs_console /home/tikhon/Документы/magnolia/esp-idf/components/esp_wifi /home/tikhon/Документы/magnolia/esp-idf/components/espcoredump /home/tikhon/Документы/magnolia/esp-idf/components/esptool_py /home/tikhon/Документы/magnolia/esp-idf/components/fatfs /home/tikhon/Документы/magnolia/esp-idf/components/freertos /home/tikhon/Документы/magnolia/esp-idf/components/hal /home/tikhon/Документы/magnolia/esp-idf/components/heap /home/tikhon/Документы/magnolia/esp-idf/components/http_parser /home/tikhon/Документы/magnolia/esp-idf/components/idf_test /home/tikhon/Документы/magnolia/esp-idf/components/ieee802154 /home/tikhon/Документы/magnolia/esp-idf/components/json /home/tikhon/Документы/magnolia/esp-idf/components/log /home/tikhon/Документы/magnolia/esp-idf/components/lwip /home/tikhon/Документы/magnolia/applets/mainline/mv/main /home/tikhon/Документы/magnolia/esp-idf/components/mbedtls /home/tikhon/Документы/magnolia/esp-idf/components/mqtt /home/tikhon/Документы/magnolia/esp-idf/components/newlib /home/tikhon/Документы/magnolia/esp-idf/components/nvs_flash /home/tikhon/Документы/magnolia/esp-idf/components/nvs_sec_provider /home/tikhon/Документы/magnolia/esp-idf/components/openthread /home/tikhon/Документы/magnolia/esp-idf/components/partition_table /home/tikhon/Документы/magnolia/esp-idf/components/perfmon /home/tikhon/Документы/magnolia/esp-idf/components/protobuf-c /home/tikhon/Документы/magnolia/esp-idf/components/protocomm /home/tikhon/Документы/magnolia/esp-idf/components/pthread /home/tikhon/Документы/magnolia/esp-idf/components/rt /home/tikhon/Документы/magnolia/esp-idf/components/sdmmc /home/tikhon/Документы/magnolia/esp-idf/components/soc /home/tikhon/Документы/magnolia/esp-idf/components/spi_flash /home/tikhon/Документы/magnolia/esp-idf/components/spiffs /home/tikhon/Документы/magnolia/esp-idf/components/tcp_transport /home/tikhon/Документы/magnolia/esp-idf/components/touch_element /home/tikhon/Документы/magnolia/esp-idf/components/ulp /home/tikhon/Документы/magnolia/esp-idf/components/unity /home/tikhon/Документы/magnolia/esp-idf/components/usb /home/tikhon/Документы/magnolia/esp-idf/components/vfs /home/tikhon/Документы/magnolia/esp-idf/components/wear_levelling /home/tikhon/Документы/magnolia/esp-idf/components/wifi_provisioning /home/tikhon/Документы/magnolia/esp-idf/components/wpa_supplicant /home/tikhon/Документы/magnolia/esp-idf/components/xtensa
-- Configuring done (3.9s)
-- Components: app_trace app_update bootloader bootloader_support bt cmock console cxx driver efuse esp-tls esp_adc esp_app_format esp_bootloader_format esp_coex esp_common esp_driver_ana_cmpr esp_driver_bitscrambler esp_driver_cam esp_driver_dac esp_driver_gpio esp_driver_gptimer esp_driver_i2c esp_driver_i2s esp_driver_i3c esp_driver_isp esp_driver_jpeg esp_driver_ledc esp_driver_mcpwm esp_driver_parlio esp_driver_pcnt esp_driver_ppa esp_driver_rmt esp_driver_sd_intf esp_driver_sdio esp_driver_sdm esp_driver_sdmmc esp_driver_sdspi esp_driver_spi esp_driver_touch_sens esp_driver_tsens esp_driver_twai esp_driver_uart esp_driver_usb_serial_jtag esp_eth esp_event esp_gdbstub esp_hid esp_http_client esp_http_server esp_https_ota esp_https_server esp_hw_support esp_lcd esp_local_ctrl esp_mm esp_netif esp_netif_stack esp_partition esp_phy esp_pm esp_psram esp_ringbuf esp_rom esp_security esp_system esp_timer esp_vfs_console esp_wifi espcoredump esptool_py fatfs freertos hal heap http_parser idf_test ieee802154 json log lwip main mbedtls mqtt newlib nvs_flash nvs_sec_provider openthread partition_table perfmon protobuf-c protocomm pthread rt sdmmc soc spi_flash spiffs tcp_transport touch_element ulp unity usb vfs wear_levelling wifi_provisioning wpa_supplicant xtensa
-- Component paths: /home/tikhon/Документы/magnolia/esp-idf/components/app_trace /home/tikhon/Документы/magnolia/esp-idf/components/app_update /home/tikhon/Документы/magnolia/esp-idf/components/bootloader /home/tikhon/Документы/magnolia/esp-idf/components/bootloader_support /home/tikhon/Документы/magnolia/esp-idf/components/bt /home/tikhon/Документы/magnolia/esp-idf/components/cmock /home/tikhon/Документы/magnolia/esp-idf/components/console /home/tikhon/Документы/magnolia/esp-idf/components/cxx /home/tikhon/Документы/magnolia/esp-idf/components/driver /home/tikhon/Документы/magnolia/esp-idf/components/efuse /home/tikhon/Документы/magnolia/esp-idf/components/esp-tls /home/tikhon/Документы/magnolia/esp-idf/components/esp_adc /home/tikhon/Документы/magnolia/esp-idf/components/esp_app_format /home/tikhon/Документы/magnolia/esp-idf/components/esp_bootloader_format /home/tikhon/Документы/magnolia/esp-idf/components/esp_coex /home/tikhon/Документы/magnolia/esp-idf/components/esp_common /home/tikhon/Документы/magnolia/esp-idf/components/esp_driver_ana_cmpr /home/tikhon/Документы/magnolia/esp-idf/components/esp_driver_bitscrambler /home/tikhon/Документы/magnolia/esp-idf/components/esp_driver_cam /home/tikhon/Документы/magnolia/esp-idf/components/esp_driver_dac /home/tikhon/Документы/magnolia/esp-idf/components/esp_driver_gpio /home/tikhon/Документы/magnolia/esp-idf/components/esp_driver_gptimer /home/tikhon/Документы/magnolia/esp-idf/components/esp_driver_i2c /home/tikhon/Документы/magnolia/esp-idf/components/esp_driver_i2s /home/tikhon/Документы/magnolia/esp-idf/components/esp_driver_i3c /home/tikhon/Документы/magnolia/esp-idf/components/esp_driver_isp /home/tikhon/Документы/magnolia/esp-idf/components/esp_driver_jpeg /home/tikhon/Документы/magnolia/esp-idf/components/esp_driver_ledc /home/tikhon/Документы/magnolia/esp-idf/components/esp_driver_mcpwm /home/tikhon/Документы/magnolia/esp-idf/components/esp_driver_parlio /home/tikhon/Документы/magnolia/esp-idf/components/esp_driver_pcnt /home/tikhon/Документы/magnolia/esp-idf/components/esp_driver_ppa /home/tikhon/Документы/magnolia/esp-idf/components/esp_driver_rmt /home/tikhon/Документы/magnolia/esp-idf/components/esp_driver_sd_intf /home/tikhon/Документы/magnolia/esp-idf/components/esp_driver_sdio /home/tikhon/Документы/magnolia/esp-idf/components/esp_driver_sdm /home/tikhon/Документы/magnolia/esp-idf/components/esp_driver_sdmmc /home/tikhon/Документы/magnolia/esp-idf/components/esp_driver_sdspi /home/tikhon/Документы/magnolia/esp-idf/components/esp_driver_spi /home/tikhon/Документы/magnolia/esp-idf/components/esp_driver_touch_sens /home/tikhon/Документы/magnolia/esp-idf/components/esp_driver_tsens /home/tikhon/Документы/magnolia/esp-idf/components/esp_driver_twai /home/tikhon/Документы/magnolia/esp-idf/components/esp_driver_uart /home/tikhon/Документы/magnolia/esp-idf/components/esp_driver_usb_serial_jtag /home/tikhon/Документы/magnolia/esp-idf/components/esp_eth /home/tikhon/Документы/magnolia/esp-idf/components/esp_event /home/tikhon/Документы/magnolia/esp-idf/components/esp_gdbstub /home/tikhon/Документы/magnolia/esp-idf/components/esp_hid /home/tikhon/Документы/magnolia/esp-idf/components/esp_http_client /home/tikhon/Документы/magnolia/esp-idf/components/esp_http_server /home/tikhon/Документы/magnolia/esp-idf/components/esp_https_ota /home/tikhon/Документы/magnolia/esp-idf/components/esp_https_server /home/tikhon/Документы/magnolia/esp-idf/components/esp_hw_support /home/tikhon/Документы/magnolia/esp-idf/components/esp_lcd /home/tikhon/Документы/magnolia/esp-idf/components/esp_local_ctrl /home/tikhon/Документы/magnolia/esp-idf/components/esp_mm /home/tikhon/Документы/magnolia/esp-idf/components/esp_netif /home/tikhon/Документы/magnolia/esp-idf/components/esp_netif_stack /home/tikhon/Документы/magnolia/esp-idf/components/esp_partition /home/tikhon/Документы/magnolia/esp-idf/components/esp_phy /home/tikhon/Документы/magnolia/esp-idf/components/esp_pm /home/tikhon/Документы/magnolia/esp-idf/components/esp_psram /home/tikhon/Документы/magnolia/esp-idf/components/esp_ringbuf /home/tikhon/Документы/magnolia/esp-idf/components/esp_rom /home/tikhon/Документы/magnolia/esp-idf/components/esp_security /home/tikhon/Документы/magnolia/esp-idf/components/esp_system /home/tikhon/Документы/magnolia/esp-idf/components/esp_timer /home/tikhon/Документы/magnolia/esp-idf/components/esp_vfs_console /home/tikhon/Документы/magnolia/esp-idf/components/esp_wifi /home/tikhon/Документы/magnolia/esp-idf/components/espcoredump /home/tikhon/Документы/magnolia/esp-idf/components/esptool_py /home/tikhon/Документы/magnolia/esp-idf/components/fatfs /home/tikhon/Документы/magnolia/esp-idf/components/freertos /home/tikhon/Документы/magnolia/esp-idf/components/hal /home/tikhon/Документы/magnolia/esp-idf/components/heap /home/tikhon/Документы/magnolia/esp-idf/components/http_parser /home/tikhon/Документы/magnolia/esp-idf/components/idf_test /home/tikhon/Документы/magnolia/esp-idf/components/ieee802154 /home/tikhon/Документы/magnolia/esp-idf/components/json /home/tikhon/Документы/magnolia/esp-idf/components/log /home/tikhon/Документы/magnolia/esp-idf/components/lwip /home/tikhon/Документы/magnolia/applets/mainline/medit/main /home/tikhon/Документы/magnolia/esp-idf/components/mbedtls /home/tikhon/Документы/magnolia/esp-idf/components/mqtt /home/tikhon/Документы/magnolia/esp-idf/components/newlib /home/tikhon/Документы/magnolia/esp-idf/components/nvs_flash /home/tikhon/Документы/magnolia/esp-idf/components/nvs_sec_provider /home/tikhon/Документы/magnolia/esp-idf/components/openthread /home/tikhon/Документы/magnolia/esp-idf/components/partition_table /home/tikhon/Документы/magnolia/esp-idf/components/perfmon /home/tikhon/Документы/magnolia/esp-idf/components/protobuf-c /home/tikhon/Документы/magnolia/esp-idf/components/protocomm /home/tikhon/Документы/magnolia/esp-idf/components/pthread /home/tikhon/Документы/magnolia/esp-idf/components/rt /home/tikhon/Документы/magnolia/esp-idf/components/sdmmc /home/tikhon/Документы/magnolia/esp-idf/components/soc /home/tikhon/Документы/magnolia/esp-idf/components/spi_flash /home/tikhon/Документы/magnolia/esp-idf/components/spiffs /home/tikhon/Документы/magnolia/esp-idf/components/tcp_transport /home/tikhon/Документы/magnolia/esp-idf/components/touch_element /home/tikhon/Документы/magnolia/esp-idf/components/ulp /home/tikhon/Документы/magnolia/esp-idf/components/unity /home/tikhon/Документы/magnolia/esp-idf/components/usb /home/tikhon/Документы/magnolia/esp-idf/components/vfs /home/tikhon/Документы/magnolia/esp-idf/components/wear_levelling /home/tikhon/Документы/magnolia/esp-idf/components/wifi_provisioning /home/tikhon/Документы/magnolia/esp-idf/components/wpa_supplicant /home/tikhon/Документы/magnolia/esp-idf/components/xtensa
-- Configuring done (4.0s)
-- Components: app_trace app_update bootloader bootloader_support bt cmock console cxx driver efuse esp-tls esp_adc esp_app_format esp_bootloader_format esp_coex esp_common esp_driver_ana_cmpr esp_driver_bitscrambler esp_driver_cam esp_driver_dac esp_driver_gpio esp_driver_gptimer esp_driver_i2c esp_driver_i2s esp_driver_i3c esp_driver_isp esp_driver_jpeg esp_driver_ledc esp_driver_mcpwm esp_driver_parlio esp_driver_pcnt esp_driver_ppa esp_driver_rmt esp_driver_sd_intf esp_driver_sdio esp_driver_sdm esp_driver_sdmmc esp_driver_sdspi esp_driver_spi esp_driver_touch_sens esp_driver_tsens esp_driver_twai esp_driver_uart esp_driver_usb_serial_jtag esp_eth esp_event esp_gdbstub esp_hid esp_http_client esp_http_server esp_https_ota esp_https_server esp_hw_support esp_lcd esp_local_ctrl esp_mm esp_netif esp_netif_stack esp_partition esp_phy esp_pm esp_psram esp_ringbuf esp_rom esp_security esp_system esp_timer esp_vfs_console esp_wifi espcoredump esptool_py fatfs freertos hal heap http_parser idf_test ieee802154 json log lwip main mbedtls mqtt newlib nvs_flash nvs_sec_provider openthread partition_table perfmon protobuf-c protocomm pthread rt sdmmc soc spi_flash spiffs tcp_transport touch_element ulp unity usb vfs wear_levelling wifi_provisioning wpa_supplicant xtensa
-- Component paths: /home/tikhon/Документы/magnolia/esp-idf/components/app_trace /home/tikhon/Документы/magnolia/esp-idf/components/app_update /home/tikhon/Документы/magnolia/esp-idf/components/bootloader /home/tikhon/Документы/magnolia/esp-idf/components/bootloader_support /home/tikhon/Документы/magnolia/esp-idf/components/bt /home/tikhon/Документы/magnolia/esp-idf/components/cmock /home/tikhon/Документы/magnolia/esp-idf/components/console /home/tikhon/Документы/magnolia/esp-idf/components/cxx /home/tikhon/Документы/magnolia/esp-idf/components/driver /home/tikhon/Документы/magnolia/esp-idf/components/efuse /home/tikhon/Документы/magnolia/esp-idf/components/esp-tls /home/tikhon/Документы/magnolia/esp-idf/components/esp_adc /home/tikhon/Документы/magnolia/esp-idf/components/esp_app_format /home/tikhon/Документы/magnolia/esp-idf/components/esp_bootloader_format /home/tikhon/Документы/magnolia/esp-idf/components/esp_coex /home/tikhon/Документы/magnolia/esp-idf/components/esp_common /home/tikhon/Документы/magnolia/esp-idf/components/esp_driver_ana_cmpr /home/tikhon/Документы/magnolia/esp-idf/components/esp_driver_bitscrambler /home/tikhon/Документы/magnolia/esp-idf/components/esp_driver_cam /home/tikhon/Документы/magnolia/esp-idf/components/esp_driver_dac /home/tikhon/Документы/magnolia/esp-idf/components/esp_driver_gpio /home/tikhon/Документы/magnolia/esp-idf/components/esp_driver_gptimer /home/tikhon/Документы/magnolia/esp-idf/components/esp_driver_i2c /home/tikhon/Документы/magnolia/esp-idf/components/esp_driver_i2s /home/tikhon/Документы/magnolia/esp-idf/components/esp_driver_i3c /home/tikhon/Документы/magnolia/esp-idf/components/esp_driver_isp /home/tikhon/Документы/magnolia/esp-idf/components/esp_driver_jpeg /home/tikhon/Документы/magnolia/esp-idf/components/esp_driver_ledc /home/tikhon/Документы/magnolia/esp-idf/components/esp_driver_mcpwm /home/tikhon/Документы/magnolia/esp-idf/components/esp_driver_parlio /home/tikhon/Документы/magnolia/esp-idf/components/esp_driver_pcnt /home/tikhon/Документы/magnolia/esp-idf/components/esp_driver_ppa /home/tikhon/Документы/magnolia/esp-idf/components/esp_driver_rmt /home/tikhon/Документы/magnolia/esp-idf/components/esp_driver_sd_intf /home/tikhon/Документы/magnolia/esp-idf/components/esp_driver_sdio /home/tikhon/Документы/magnolia/esp-idf/components/esp_driver_sdm /home/tikhon/Документы/magnolia/esp-idf/components/esp_driver_sdmmc /home/tikhon/Документы/magnolia/esp-idf/components/esp_driver_sdspi /home/tikhon/Документы/magnolia/esp-idf/components/esp_driver_spi /home/tikhon/Документы/magnolia/esp-idf/components/esp_driver_touch_sens /home/tikhon/Документы/magnolia/esp-idf/components/esp_driver_tsens /home/tikhon/Документы/magnolia/esp-idf/components/esp_driver_twai /home/tikhon/Документы/magnolia/esp-idf/components/esp_driver_uart /home/tikhon/Документы/magnolia/esp-idf/components/esp_driver_usb_serial_jtag /home/tikhon/Документы/magnolia/esp-idf/components/esp_eth /home/tikhon/Документы/magnolia/esp-idf/components/esp_event /home/tikhon/Документы/magnolia/esp-idf/components/esp_gdbstub /home/tikhon/Документы/magnolia/esp-idf/components/esp_hid /home/tikhon/Документы/magnolia/esp-idf/components/esp_http_client /home/tikhon/Документы/magnolia/esp-idf/components/esp_http_server /home/tikhon/Документы/magnolia/esp-idf/components/esp_https_ota /home/tikhon/Документы/magnolia/esp-idf/components/esp_https_server /home/tikhon/Документы/magnolia/esp-idf/components/esp_hw_support /home/tikhon/Документы/magnolia/esp-idf/components/esp_lcd /home/tikhon/Документы/magnolia/esp-idf/components/esp_local_ctrl /home/tikhon/Документы/magnolia/esp-idf/components/esp_mm /home/tikhon/Документы/magnolia/esp-idf/components/esp_netif /home/tikhon/Документы/magnolia/esp-idf/components/esp_netif_stack /home/tikhon/Документы/magnolia/esp-idf/components/esp_partition /home/tikhon/Документы/magnolia/esp-idf/components/esp_phy /home/tikhon/Документы/magnolia/esp-idf/components/esp_pm /home/tikhon/Документы/magnolia/esp-idf/components/esp_psram /home/tikhon/Документы/magnolia/esp-idf/components/esp_ringbuf /home/tikhon/Документы/magnolia/esp-idf/components/esp_rom /home/tikhon/Документы/magnolia/esp-idf/components/esp_security /home/tikhon/Документы/magnolia/esp-idf/components/esp_system /home/tikhon/Документы/magnolia/esp-idf/components/esp_timer /home/tikhon/Документы/magnolia/esp-idf/components/esp_vfs_console /home/tikhon/Документы/magnolia/esp-idf/components/esp_wifi /home/tikhon/Документы/magnolia/esp-idf/components/espcoredump /home/tikhon/Документы/magnolia/esp-idf/components/esptool_py /home/tikhon/Документы/magnolia/esp-idf/components/fatfs /home/tikhon/Документы/magnolia/esp-idf/components/freertos /home/tikhon/Документы/magnolia/esp-idf/components/hal /home/tikhon/Документы/magnolia/esp-idf/components/heap /home/tikhon/Документы/magnolia/esp-idf/components/http_parser /home/tikhon/Документы/magnolia/esp-idf/components/idf_test /home/tikhon/Документы/magnolia/esp-idf/components/ieee802154 /home/tikhon/Документы/magnolia/esp-idf/components/json /home/tikhon/Документы/magnolia/esp-idf/components/log /home/tikhon/Документы/magnolia/esp-idf/components/lwip /home/tikhon/Документы/magnolia/applets/mainline/login/main /home/tikhon/Документы/magnolia/esp-idf/components/mbedtls /home/tikhon/Документы/magnolia/esp-idf/components/mqtt /home/tikhon/Документы/magnolia/esp-idf/components/newlib /home/tikhon/Документы/magnolia/esp-idf/components/nvs_flash /home/tikhon/Документы/magnolia/esp-idf/components/nvs_sec_provider /home/tikhon/Документы/magnolia/esp-idf/components/openthread /home/tikhon/Документы/magnolia/esp-idf/components/partition_table /home/tikhon/Документы/magnolia/esp-idf/components/perfmon /home/tikhon/Документы/magnolia/esp-idf/components/protobuf-c /home/tikhon/Документы/magnolia/esp-idf/components/protocomm /home/tikhon/Документы/magnolia/esp-idf/components/pthread /home/tikhon/Документы/magnolia/esp-idf/components/rt /home/tikhon/Документы/magnolia/esp-idf/components/sdmmc /home/tikhon/Документы/magnolia/esp-idf/components/soc /home/tikhon/Документы/magnolia/esp-idf/components/spi_flash /home/tikhon/Документы/magnolia/esp-idf/components/spiffs /home/tikhon/Документы/magnolia/esp-idf/components/tcp_transport /home/tikhon/Документы/magnolia/esp-idf/components/touch_element /home/tikhon/Документы/magnolia/esp-idf/components/ulp /home/tikhon/Документы/magnolia/esp-idf/components/unity /home/tikhon/Документы/magnolia/esp-idf/components/usb /home/tikhon/Документы/magnolia/esp-idf/components/vfs /home/tikhon/Документы/magnolia/esp-idf/components/wear_levelling /home/tikhon/Документы/magnolia/esp-idf/components/wifi_provisioning /home/tikhon/Документы/magnolia/esp-idf/components/wpa_supplicant /home/tikhon/Документы/magnolia/esp-idf/components/xtensa
-- Configuring done (4.1s)
-- Components: app_trace app_update bootloader bootloader_support bt cmock console cxx driver efuse esp-tls esp_adc esp_app_format esp_bootloader_format esp_coex esp_common esp_driver_ana_cmpr esp_driver_bitscrambler esp_driver_cam esp_driver_dac esp_driver_gpio esp_driver_gptimer esp_driver_i2c esp_driver_i2s esp_driver_i3c esp_driver_isp esp_driver_jpeg esp_driver_ledc esp_driver_mcpwm esp_driver_parlio esp_driver_pcnt esp_driver_ppa esp_driver_rmt esp_driver_sd_intf esp_driver_sdio esp_driver_sdm esp_driver_sdmmc esp_driver_sdspi esp_driver_spi esp_driver_touch_sens esp_driver_tsens esp_driver_twai esp_driver_uart esp_driver_usb_serial_jtag esp_eth esp_event esp_gdbstub esp_hid esp_http_client esp_http_server esp_https_ota esp_https_server esp_hw_support esp_lcd esp_local_ctrl esp_mm esp_netif esp_netif_stack esp_partition esp_phy esp_pm esp_psram esp_ringbuf esp_rom esp_security esp_system esp_timer esp_vfs_console esp_wifi espcoredump esptool_py fatfs freertos hal heap http_parser idf_test ieee802154 json log lwip main mbedtls mqtt newlib nvs_flash nvs_sec_provider openthread partition_table perfmon protobuf-c protocomm pthread rt sdmmc soc spi_flash spiffs tcp_transport touch_element ulp unity usb vfs wear_levelling wifi_provisioning wpa_supplicant xtensa
-- Component paths: /home/tikhon/Документы/magnolia/esp-idf/components/app_trace /home/tikhon/Документы/magnolia/esp-idf/components/app_update /home/tikhon/Документы/magnolia/esp-idf/components/bootloader /home/tikhon/Документы/magnolia/esp-idf/components/bootloader_support /home/tikhon/Документы/magnolia/esp-idf/components/bt /home/tikhon/Документы/magnolia/esp-idf/components/cmock /home/tikhon/Документы/magnolia/esp-idf/components/console /home/tikhon/Документы/magnolia/esp-idf/components/cxx /home/tikhon/Документы/magnolia/esp-idf/components/driver /home/tikhon/Документы/magnolia/esp-idf/components/efuse /home/tikhon/Документы/magnolia/esp-idf/components/esp-tls /home/tikhon/Документы/magnolia/esp-idf/components/esp_adc /home/tikhon/Документы/magnolia/esp-idf/components/esp_app_format /home/tikhon/Документы/magnolia/esp-idf/components/esp_bootloader_format /home/tikhon/Документы/magnolia/esp-idf/components/esp_coex /home/tikhon/Документы/magnolia/esp-idf/components/esp_common /home/tikhon/Документы/magnolia/esp-idf/components/esp_driver_ana_cmpr /home/tikhon/Документы/magnolia/esp-idf/components/esp_driver_bitscrambler /home/tikhon/Документы/magnolia/esp-idf/components/esp_driver_cam /home/tikhon/Документы/magnolia/esp-idf/components/esp_driver_dac /home/tikhon/Документы/magnolia/esp-idf/components/esp_driver_gpio /home/tikhon/Документы/magnolia/esp-idf/components/esp_driver_gptimer /home/tikhon/Документы/magnolia/esp-idf/components/esp_driver_i2c /home/tikhon/Документы/magnolia/esp-idf/components/esp_driver_i2s /home/tikhon/Документы/magnolia/esp-idf/components/esp_driver_i3c /home/tikhon/Документы/magnolia/esp-idf/components/esp_driver_isp /home/tikhon/Документы/magnolia/esp-idf/components/esp_driver_jpeg /home/tikhon/Документы/magnolia/esp-idf/components/esp_driver_ledc /home/tikhon/Документы/magnolia/esp-idf/components/esp_driver_mcpwm /home/tikhon/Документы/magnolia/esp-idf/components/esp_driver_parlio /home/tikhon/Документы/magnolia/esp-idf/components/esp_driver_pcnt /home/tikhon/Документы/magnolia/esp-idf/components/esp_driver_ppa /home/tikhon/Документы/magnolia/esp-idf/components/esp_driver_rmt /home/tikhon/Документы/magnolia/esp-idf/components/esp_driver_sd_intf /home/tikhon/Документы/magnolia/esp-idf/components/esp_driver_sdio /home/tikhon/Документы/magnolia/esp-idf/components/esp_driver_sdm /home/tikhon/Документы/magnolia/esp-idf/components/esp_driver_sdmmc /home/tikhon/Документы/magnolia/esp-idf/components/esp_driver_sdspi /home/tikhon/Документы/magnolia/esp-idf/components/esp_driver_spi /home/tikhon/Документы/magnolia/esp-idf/components/esp_driver_touch_sens /home/tikhon/Документы/magnolia/esp-idf/components/esp_driver_tsens /home/tikhon/Документы/magnolia/esp-idf/components/esp_driver_twai /home/tikhon/Документы/magnolia/esp-idf/components/esp_driver_uart /home/tikhon/Документы/magnolia/esp-idf/components/esp_driver_usb_serial_jtag /home/tikhon/Документы/magnolia/esp-idf/components/esp_eth /home/tikhon/Документы/magnolia/esp-idf/components/esp_event /home/tikhon/Документы/magnolia/esp-idf/components/esp_gdbstub /home/tikhon/Документы/magnolia/esp-idf/components/esp_hid /home/tikhon/Документы/magnolia/esp-idf/components/esp_http_client /home/tikhon/Документы/magnolia/esp-idf/components/esp_http_server /home/tikhon/Документы/magnolia/esp-idf/components/esp_https_ota /home/tikhon/Документы/magnolia/esp-idf/components/esp_https_server /home/tikhon/Документы/magnolia/esp-idf/components/esp_hw_support /home/tikhon/Документы/magnolia/esp-idf/components/esp_lcd /home/tikhon/Документы/magnolia/esp-idf/components/esp_local_ctrl /home/tikhon/Документы/magnolia/esp-idf/components/esp_mm /home/tikhon/Документы/magnolia/esp-idf/components/esp_netif /home/tikhon/Документы/magnolia/esp-idf/components/esp_netif_stack /home/tikhon/Документы/magnolia/esp-idf/components/esp_partition /home/tikhon/Документы/magnolia/esp-idf/components/esp_phy /home/tikhon/Документы/magnolia/esp-idf/components/esp_pm /home/tikhon/Документы/magnolia/esp-idf/components/esp_psram /home/tikhon/Документы/magnolia/esp-idf/components/esp_ringbuf /home/tikhon/Документы/magnolia/esp-idf/components/esp_rom /home/tikhon/Документы/magnolia/esp-idf/components/esp_security /home/tikhon/Документы/magnolia/esp-idf/components/esp_system /home/tikhon/Документы/magnolia/esp-idf/components/esp_timer /home/tikhon/Документы/magnolia/esp-idf/components/esp_vfs_console /home/tikhon/Документы/magnolia/esp-idf/components/esp_wifi /home/tikhon/Документы/magnolia/esp-idf/components/espcoredump /home/tikhon/Документы/magnolia/esp-idf/components/esptool_py /home/tikhon/Документы/magnolia/esp-idf/components/fatfs /home/tikhon/Документы/magnolia/esp-idf/components/freertos /home/tikhon/Документы/magnolia/esp-idf/components/hal /home/tikhon/Документы/magnolia/esp-idf/components/heap /home/tikhon/Документы/magnolia/esp-idf/components/http_parser /home/tikhon/Документы/magnolia/esp-idf/components/idf_test /home/tikhon/Документы/magnolia/esp-idf/components/ieee802154 /home/tikhon/Документы/magnolia/esp-idf/components/json /home/tikhon/Документы/magnolia/esp-idf/components/log /home/tikhon/Документы/magnolia/esp-idf/components/lwip /home/tikhon/Документы/magnolia/applets/mainline/ls/main /home/tikhon/Документы/magnolia/esp-idf/components/mbedtls /home/tikhon/Документы/magnolia/esp-idf/components/mqtt /home/tikhon/Документы/magnolia/esp-idf/components/newlib /home/tikhon/Документы/magnolia/esp-idf/components/nvs_flash /home/tikhon/Документы/magnolia/esp-idf/components/nvs_sec_provider /home/tikhon/Документы/magnolia/esp-idf/components/openthread /home/tikhon/Документы/magnolia/esp-idf/components/partition_table /home/tikhon/Документы/magnolia/esp-idf/components/perfmon /home/tikhon/Документы/magnolia/esp-idf/components/protobuf-c /home/tikhon/Документы/magnolia/esp-idf/components/protocomm /home/tikhon/Документы/magnolia/esp-idf/components/pthread /home/tikhon/Документы/magnolia/esp-idf/components/rt /home/tikhon/Документы/magnolia/esp-idf/components/sdmmc /home/tikhon/Документы/magnolia/esp-idf/components/soc /home/tikhon/Документы/magnolia/esp-idf/components/spi_flash /home/tikhon/Документы/magnolia/esp-idf/components/spiffs /home/tikhon/Документы/magnolia/esp-idf/components/tcp_transport /home/tikhon/Документы/magnolia/esp-idf/components/touch_element /home/tikhon/Документы/magnolia/esp-idf/components/ulp /home/tikhon/Документы/magnolia/esp-idf/components/unity /home/tikhon/Документы/magnolia/esp-idf/components/usb /home/tikhon/Документы/magnolia/esp-idf/components/vfs /home/tikhon/Документы/magnolia/esp-idf/components/wear_levelling /home/tikhon/Документы/magnolia/esp-idf/components/wifi_provisioning /home/tikhon/Документы/magnolia/esp-idf/components/wpa_supplicant /home/tikhon/Документы/magnolia/esp-idf/components/xtensa
-- Configuring done (4.1s)
-- Components: app_trace app_update bootloader bootloader_support bt cmock console cxx driver efuse esp-tls esp_adc esp_app_format esp_bootloader_format esp_coex esp_common esp_driver_ana_cmpr esp_driver_bitscrambler esp_driver_cam esp_driver_dac esp_driver_gpio esp_driver_gptimer esp_driver_i2c esp_driver_i2s esp_driver_i3c esp_driver_isp esp_driver_jpeg esp_driver_ledc esp_driver_mcpwm esp_driver_parlio esp_driver_pcnt esp_driver_ppa esp_driver_rmt esp_driver_sd_intf esp_driver_sdio esp_driver_sdm esp_driver_sdmmc esp_driver_sdspi esp_driver_spi esp_driver_touch_sens esp_driver_tsens esp_driver_twai esp_driver_uart esp_driver_usb_serial_jtag esp_eth esp_event esp_gdbstub esp_hid esp_http_client esp_http_server esp_https_ota esp_https_server esp_hw_support esp_lcd esp_local_ctrl esp_mm esp_netif esp_netif_stack esp_partition esp_phy esp_pm esp_psram esp_ringbuf esp_rom esp_security esp_system esp_timer esp_vfs_console esp_wifi espcoredump esptool_py fatfs freertos hal heap http_parser idf_test ieee802154 json log lwip main mbedtls mqtt newlib nvs_flash nvs_sec_provider openthread partition_table perfmon protobuf-c protocomm pthread rt sdmmc soc spi_flash spiffs tcp_transport touch_element ulp unity usb vfs wear_levelling wifi_provisioning wpa_supplicant xtensa
-- Component paths: /home/tikhon/Документы/magnolia/esp-idf/components/app_trace /home/tikhon/Документы/magnolia/esp-idf/components/app_update /home/tikhon/Документы/magnolia/esp-idf/components/bootloader /home/tikhon/Документы/magnolia/esp-idf/components/bootloader_support /home/tikhon/Документы/magnolia/esp-idf/components/bt /home/tikhon/Документы/magnolia/esp-idf/components/cmock /home/tikhon/Документы/magnolia/esp-idf/components/console /home/tikhon/Документы/magnolia/esp-idf/components/cxx /home/tikhon/Документы/magnolia/esp-idf/components/driver /home/tikhon/Документы/magnolia/esp-idf/components/efuse /home/tikhon/Документы/magnolia/esp-idf/components/esp-tls /home/tikhon/Документы/magnolia/esp-idf/components/esp_adc /home/tikhon/Документы/magnolia/esp-idf/components/esp_app_format /home/tikhon/Документы/magnolia/esp-idf/components/esp_bootloader_format /home/tikhon/Документы/magnolia/esp-idf/components/esp_coex /home/tikhon/Документы/magnolia/esp-idf/components/esp_common /home/tikhon/Документы/magnolia/esp-idf/components/esp_driver_ana_cmpr /home/tikhon/Документы/magnolia/esp-idf/components/esp_driver_bitscrambler /home/tikhon/Документы/magnolia/esp-idf/components/esp_driver_cam /home/tikhon/Документы/magnolia/esp-idf/components/esp_driver_dac /home/tikhon/Документы/magnolia/esp-idf/components/esp_driver_gpio /home/tikhon/Документы/magnolia/esp-idf/components/esp_driver_gptimer /home/tikhon/Документы/magnolia/esp-idf/components/esp_driver_i2c /home/tikhon/Документы/magnolia/esp-idf/components/esp_driver_i2s /home/tikhon/Документы/magnolia/esp-idf/components/esp_driver_i3c /home/tikhon/Документы/magnolia/esp-idf/components/esp_driver_isp /home/tikhon/Документы/magnolia/esp-idf/components/esp_driver_jpeg /home/tikhon/Документы/magnolia/esp-idf/components/esp_driver_ledc /home/tikhon/Документы/magnolia/esp-idf/components/esp_driver_mcpwm /home/tikhon/Документы/magnolia/esp-idf/components/esp_driver_parlio /home/tikhon/Документы/magnolia/esp-idf/components/esp_driver_pcnt /home/tikhon/Документы/magnolia/esp-idf/components/esp_driver_ppa /home/tikhon/Документы/magnolia/esp-idf/components/esp_driver_rmt /home/tikhon/Документы/magnolia/esp-idf/components/esp_driver_sd_intf /home/tikhon/Документы/magnolia/esp-idf/components/esp_driver_sdio /home/tikhon/Документы/magnolia/esp-idf/components/esp_driver_sdm /home/tikhon/Документы/magnolia/esp-idf/components/esp_driver_sdmmc /home/tikhon/Документы/magnolia/esp-idf/components/esp_driver_sdspi /home/tikhon/Документы/magnolia/esp-idf/components/esp_driver_spi /home/tikhon/Документы/magnolia/esp-idf/components/esp_driver_touch_sens /home/tikhon/Документы/magnolia/esp-idf/components/esp_driver_tsens /home/tikhon/Документы/magnolia/esp-idf/components/esp_driver_twai /home/tikhon/Документы/magnolia/esp-idf/components/esp_driver_uart /home/tikhon/Документы/magnolia/esp-idf/components/esp_driver_usb_serial_jtag /home/tikhon/Документы/magnolia/esp-idf/components/esp_eth /home/tikhon/Документы/magnolia/esp-idf/components/esp_event /home/tikhon/Документы/magnolia/esp-idf/components/esp_gdbstub /home/tikhon/Документы/magnolia/esp-idf/components/esp_hid /home/tikhon/Документы/magnolia/esp-idf/components/esp_http_client /home/tikhon/Документы/magnolia/esp-idf/components/esp_http_server /home/tikhon/Документы/magnolia/esp-idf/components/esp_https_ota /home/tikhon/Документы/magnolia/esp-idf/components/esp_https_server /home/tikhon/Документы/magnolia/esp-idf/components/esp_hw_support /home/tikhon/Документы/magnolia/esp-idf/components/esp_lcd /home/tikhon/Документы/magnolia/esp-idf/components/esp_local_ctrl /home/tikhon/Документы/magnolia/esp-idf/components/esp_mm /home/tikhon/Документы/magnolia/esp-idf/components/esp_netif /home/tikhon/Документы/magnolia/esp-idf/components/esp_netif_stack /home/tikhon/Документы/magnolia/esp-idf/components/esp_partition /home/tikhon/Документы/magnolia/esp-idf/components/esp_phy /home/tikhon/Документы/magnolia/esp-idf/components/esp_pm /home/tikhon/Документы/magnolia/esp-idf/components/esp_psram /home/tikhon/Документы/magnolia/esp-idf/components/esp_ringbuf /home/tikhon/Документы/magnolia/esp-idf/components/esp_rom /home/tikhon/Документы/magnolia/esp-idf/components/esp_security /home/tikhon/Документы/magnolia/esp-idf/components/esp_system /home/tikhon/Документы/magnolia/esp-idf/components/esp_timer /home/tikhon/Документы/magnolia/esp-idf/components/esp_vfs_console /home/tikhon/Документы/magnolia/esp-idf/components/esp_wifi /home/tikhon/Документы/magnolia/esp-idf/components/espcoredump /home/tikhon/Документы/magnolia/esp-idf/components/esptool_py /home/tikhon/Документы/magnolia/esp-idf/components/fatfs /home/tikhon/Документы/magnolia/esp-idf/components/freertos /home/tikhon/Документы/magnolia/esp-idf/components/hal /home/tikhon/Документы/magnolia/esp-idf/components/heap /home/tikhon/Документы/magnolia/esp-idf/components/http_parser /home/tikhon/Документы/magnolia/esp-idf/components/idf_test /home/tikhon/Документы/magnolia/esp-idf/components/ieee802154 /home/tikhon/Документы/magnolia/esp-idf/components/json /home/tikhon/Документы/magnolia/esp-idf/components/log /home/tikhon/Документы/magnolia/esp-idf/components/lwip /home/tikhon/Документы/magnolia/applets/mainline/init/main /home/tikhon/Документы/magnolia/esp-idf/components/mbedtls /home/tikhon/Документы/magnolia/esp-idf/components/mqtt /home/tikhon/Документы/magnolia/esp-idf/components/newlib /home/tikhon/Документы/magnolia/esp-idf/components/nvs_flash /home/tikhon/Документы/magnolia/esp-idf/components/nvs_sec_provider /home/tikhon/Документы/magnolia/esp-idf/components/openthread /home/tikhon/Документы/magnolia/esp-idf/components/partition_table /home/tikhon/Документы/magnolia/esp-idf/components/perfmon /home/tikhon/Документы/magnolia/esp-idf/components/protobuf-c /home/tikhon/Документы/magnolia/esp-idf/components/protocomm /home/tikhon/Документы/magnolia/esp-idf/components/pthread /home/tikhon/Документы/magnolia/esp-idf/components/rt /home/tikhon/Документы/magnolia/esp-idf/components/sdmmc /home/tikhon/Документы/magnolia/esp-idf/components/soc /home/tikhon/Документы/magnolia/esp-idf/components/spi_flash /home/tikhon/Документы/magnolia/esp-idf/components/spiffs /home/tikhon/Документы/magnolia/esp-idf/components/tcp_transport /home/tikhon/Документы/magnolia/esp-idf/components/touch_element /home/tikhon/Документы/magnolia/esp-idf/components/ulp /home/tikhon/Документы/magnolia/esp-idf/components/unity /home/tikhon/Документы/magnolia/esp-idf/components/usb /home/tikhon/Документы/magnolia/esp-idf/components/vfs /home/tikhon/Документы/magnolia/esp-idf/components/wear_levelling /home/tikhon/Документы/magnolia/esp-idf/components/wifi_provisioning /home/tikhon/Документы/magnolia/esp-idf/components/wpa_supplicant /home/tikhon/Документы/magnolia/esp-idf/components/xtensa
-- Configuring done (4.1s)
NOTICE: Processing 1 dependencies:
NOTICE: [1/1] idf (6.0.0)
-- Components: app_trace app_update bootloader bootloader_support bt cmock console cxx driver efuse esp-tls esp_adc esp_app_format esp_bootloader_format esp_coex esp_common esp_driver_ana_cmpr esp_driver_bitscrambler esp_driver_cam esp_driver_dac esp_driver_gpio esp_driver_gptimer esp_driver_i2c esp_driver_i2s esp_driver_i3c esp_driver_isp esp_driver_jpeg esp_driver_ledc esp_driver_mcpwm esp_driver_parlio esp_driver_pcnt esp_driver_ppa esp_driver_rmt esp_driver_sd_intf esp_driver_sdio esp_driver_sdm esp_driver_sdmmc esp_driver_sdspi esp_driver_spi esp_driver_touch_sens esp_driver_tsens esp_driver_twai esp_driver_uart esp_driver_usb_serial_jtag esp_eth esp_event esp_gdbstub esp_hid esp_http_client esp_http_server esp_https_ota esp_https_server esp_hw_support esp_lcd esp_local_ctrl esp_mm esp_netif esp_netif_stack esp_partition esp_phy esp_pm esp_psram esp_ringbuf esp_rom esp_security esp_system esp_timer esp_vfs_console esp_wifi espcoredump esptool_py fatfs freertos hal heap http_parser idf_test ieee802154 json log lwip main mbedtls mqtt newlib nvs_flash nvs_sec_provider openthread partition_table perfmon protobuf-c protocomm pthread rt sdmmc soc spi_flash spiffs tcp_transport touch_element ulp unity usb vfs wear_levelling wifi_provisioning wpa_supplicant xtensa
-- Component paths: /home/tikhon/Документы/magnolia/esp-idf/components/app_trace /home/tikhon/Документы/magnolia/esp-idf/components/app_update /home/tikhon/Документы/magnolia/esp-idf/components/bootloader /home/tikhon/Документы/magnolia/esp-idf/components/bootloader_support /home/tikhon/Документы/magnolia/esp-idf/components/bt /home/tikhon/Документы/magnolia/esp-idf/components/cmock /home/tikhon/Документы/magnolia/esp-idf/components/console /home/tikhon/Документы/magnolia/esp-idf/components/cxx /home/tikhon/Документы/magnolia/esp-idf/components/driver /home/tikhon/Документы/magnolia/esp-idf/components/efuse /home/tikhon/Документы/magnolia/esp-idf/components/esp-tls /home/tikhon/Документы/magnolia/esp-idf/components/esp_adc /home/tikhon/Документы/magnolia/esp-idf/components/esp_app_format /home/tikhon/Документы/magnolia/esp-idf/components/esp_bootloader_format /home/tikhon/Документы/magnolia/esp-idf/components/esp_coex /home/tikhon/Документы/magnolia/esp-idf/components/esp_common /home/tikhon/Документы/magnolia/esp-idf/components/esp_driver_ana_cmpr /home/tikhon/Документы/magnolia/esp-idf/components/esp_driver_bitscrambler /home/tikhon/Документы/magnolia/esp-idf/components/esp_driver_cam /home/tikhon/Документы/magnolia/esp-idf/components/esp_driver_dac /home/tikhon/Документы/magnolia/esp-idf/components/esp_driver_gpio /home/tikhon/Документы/magnolia/esp-idf/components/esp_driver_gptimer /home/tikhon/Документы/magnolia/esp-idf/components/esp_driver_i2c /home/tikhon/Документы/magnolia/esp-idf/components/esp_driver_i2s /home/tikhon/Документы/magnolia/esp-idf/components/esp_driver_i3c /home/tikhon/Документы/magnolia/esp-idf/components/esp_driver_isp /home/tikhon/Документы/magnolia/esp-idf/components/esp_driver_jpeg /home/tikhon/Документы/magnolia/esp-idf/components/esp_driver_ledc /home/tikhon/Документы/magnolia/esp-idf/components/esp_driver_mcpwm /home/tikhon/Документы/magnolia/esp-idf/components/esp_driver_parlio /home/tikhon/Документы/magnolia/esp-idf/components/esp_driver_pcnt /home/tikhon/Документы/magnolia/esp-idf/components/esp_driver_ppa /home/tikhon/Документы/magnolia/esp-idf/components/esp_driver_rmt /home/tikhon/Документы/magnolia/esp-idf/components/esp_driver_sd_intf /home/tikhon/Документы/magnolia/esp-idf/components/esp_driver_sdio /home/tikhon/Документы/magnolia/esp-idf/components/esp_driver_sdm /home/tikhon/Документы/magnolia/esp-idf/components/esp_driver_sdmmc /home/tikhon/Документы/magnolia/esp-idf/components/esp_driver_sdspi /home/tikhon/Документы/magnolia/esp-idf/components/esp_driver_spi /home/tikhon/Документы/magnolia/esp-idf/components/esp_driver_touch_sens /home/tikhon/Документы/magnolia/esp-idf/components/esp_driver_tsens /home/tikhon/Документы/magnolia/esp-idf/components/esp_driver_twai /home/tikhon/Документы/magnolia/esp-idf/components/esp_driver_uart /home/tikhon/Документы/magnolia/esp-idf/components/esp_driver_usb_serial_jtag /home/tikhon/Документы/magnolia/esp-idf/components/esp_eth /home/tikhon/Документы/magnolia/esp-idf/components/esp_event /home/tikhon/Документы/magnolia/esp-idf/components/esp_gdbstub /home/tikhon/Документы/magnolia/esp-idf/components/esp_hid /home/tikhon/Документы/magnolia/esp-idf/components/esp_http_client /home/tikhon/Документы/magnolia/esp-idf/components/esp_http_server /home/tikhon/Документы/magnolia/esp-idf/components/esp_https_ota /home/tikhon/Документы/magnolia/esp-idf/components/esp_https_server /home/tikhon/Документы/magnolia/esp-idf/components/esp_hw_support /home/tikhon/Документы/magnolia/esp-idf/components/esp_lcd /home/tikhon/Документы/magnolia/esp-idf/components/esp_local_ctrl /home/tikhon/Документы/magnolia/esp-idf/components/esp_mm /home/tikhon/Документы/magnolia/esp-idf/components/esp_netif /home/tikhon/Документы/magnolia/esp-idf/components/esp_netif_stack /home/tikhon/Документы/magnolia/esp-idf/components/esp_partition /home/tikhon/Документы/magnolia/esp-idf/components/esp_phy /home/tikhon/Документы/magnolia/esp-idf/components/esp_pm /home/tikhon/Документы/magnolia/esp-idf/components/esp_psram /home/tikhon/Документы/magnolia/esp-idf/components/esp_ringbuf /home/tikhon/Документы/magnolia/esp-idf/components/esp_rom /home/tikhon/Документы/magnolia/esp-idf/components/esp_security /home/tikhon/Документы/magnolia/esp-idf/components/esp_system /home/tikhon/Документы/magnolia/esp-idf/components/esp_timer /home/tikhon/Документы/magnolia/esp-idf/components/esp_vfs_console /home/tikhon/Документы/magnolia/esp-idf/components/esp_wifi /home/tikhon/Документы/magnolia/esp-idf/components/espcoredump /home/tikhon/Документы/magnolia/esp-idf/components/esptool_py /home/tikhon/Документы/magnolia/esp-idf/components/fatfs /home/tikhon/Документы/magnolia/esp-idf/components/freertos /home/tikhon/Документы/magnolia/esp-idf/components/hal /home/tikhon/Документы/magnolia/esp-idf/components/heap /home/tikhon/Документы/magnolia/esp-idf/components/http_parser /home/tikhon/Документы/magnolia/esp-idf/components/idf_test /home/tikhon/Документы/magnolia/esp-idf/components/ieee802154 /home/tikhon/Документы/magnolia/esp-idf/components/json /home/tikhon/Документы/magnolia/esp-idf/components/log /home/tikhon/Документы/magnolia/esp-idf/components/lwip /home/tikhon/Документы/magnolia/applets/mainline/ps/main /home/tikhon/Документы/magnolia/esp-idf/components/mbedtls /home/tikhon/Документы/magnolia/esp-idf/components/mqtt /home/tikhon/Документы/magnolia/esp-idf/components/newlib /home/tikhon/Документы/magnolia/esp-idf/components/nvs_flash /home/tikhon/Документы/magnolia/esp-idf/components/nvs_sec_provider /home/tikhon/Документы/magnolia/esp-idf/components/openthread /home/tikhon/Документы/magnolia/esp-idf/components/partition_table /home/tikhon/Документы/magnolia/esp-idf/components/perfmon /home/tikhon/Документы/magnolia/esp-idf/components/protobuf-c /home/tikhon/Документы/magnolia/esp-idf/components/protocomm /home/tikhon/Документы/magnolia/esp-idf/components/pthread /home/tikhon/Документы/magnolia/esp-idf/components/rt /home/tikhon/Документы/magnolia/esp-idf/components/sdmmc /home/tikhon/Документы/magnolia/esp-idf/components/soc /home/tikhon/Документы/magnolia/esp-idf/components/spi_flash /home/tikhon/Документы/magnolia/esp-idf/components/spiffs /home/tikhon/Документы/magnolia/esp-idf/components/tcp_transport /home/tikhon/Документы/magnolia/esp-idf/components/touch_element /home/tikhon/Документы/magnolia/esp-idf/components/ulp /home/tikhon/Документы/magnolia/esp-idf/components/unity /home/tikhon/Документы/magnolia/esp-idf/components/usb /home/tikhon/Документы/magnolia/esp-idf/components/vfs /home/tikhon/Документы/magnolia/esp-idf/components/wear_levelling /home/tikhon/Документы/magnolia/esp-idf/components/wifi_provisioning /home/tikhon/Документы/magnolia/esp-idf/components/wpa_supplicant /home/tikhon/Документы/magnolia/esp-idf/components/xtensa
-- Configuring done (3.9s)
-- Components: app_trace app_update bootloader bootloader_support bt cmock console cxx driver efuse esp-tls esp_adc esp_app_format esp_bootloader_format esp_coex esp_common esp_driver_ana_cmpr esp_driver_bitscrambler esp_driver_cam esp_driver_dac esp_driver_gpio esp_driver_gptimer esp_driver_i2c esp_driver_i2s esp_driver_i3c esp_driver_isp esp_driver_jpeg esp_driver_ledc esp_driver_mcpwm esp_driver_parlio esp_driver_pcnt esp_driver_ppa esp_driver_rmt esp_driver_sd_intf esp_driver_sdio esp_driver_sdm esp_driver_sdmmc esp_driver_sdspi esp_driver_spi esp_driver_touch_sens esp_driver_tsens esp_driver_twai esp_driver_uart esp_driver_usb_serial_jtag esp_eth esp_event esp_gdbstub esp_hid esp_http_client esp_http_server esp_https_ota esp_https_server esp_hw_support esp_lcd esp_local_ctrl esp_mm esp_netif esp_netif_stack esp_partition esp_phy esp_pm esp_psram esp_ringbuf esp_rom esp_security esp_system esp_timer esp_vfs_console esp_wifi espcoredump espressif__cmake_utilities espressif__elf_loader esptool_py fatfs freertos hal heap http_parser idf_test ieee802154 json log lwip main mbedtls mqtt newlib nvs_flash nvs_sec_provider openthread partition_table perfmon protobuf-c protocomm pthread rt sdmmc soc spi_flash spiffs tcp_transport touch_element ulp unity usb vfs wear_levelling wifi_provisioning wpa_supplicant xtensa
-- Component paths: /home/tikhon/Документы/magnolia/esp-idf/components/app_trace /home/tikhon/Документы/magnolia/esp-idf/components/app_update /home/tikhon/Документы/magnolia/esp-idf/components/bootloader /home/tikhon/Документы/magnolia/esp-idf/components/bootloader_support /home/tikhon/Документы/magnolia/esp-idf/components/bt /home/tikhon/Документы/magnolia/esp-idf/components/cmock /home/tikhon/Документы/magnolia/esp-idf/components/console /home/tikhon/Документы/magnolia/esp-idf/components/cxx /home/tikhon/Документы/magnolia/esp-idf/components/driver /home/tikhon/Документы/magnolia/esp-idf/components/efuse /home/tikhon/Документы/magnolia/esp-idf/components/esp-tls /home/tikhon/Документы/magnolia/esp-idf/components/esp_adc /home/tikhon/Документы/magnolia/esp-idf/components/esp_app_format /home/tikhon/Документы/magnolia/esp-idf/components/esp_bootloader_format /home/tikhon/Документы/magnolia/esp-idf/components/esp_coex /home/tikhon/Документы/magnolia/esp-idf/components/esp_common /home/tikhon/Документы/magnolia/esp-idf/components/esp_driver_ana_cmpr /home/tikhon/Документы/magnolia/esp-idf/components/esp_driver_bitscrambler /home/tikhon/Документы/magnolia/esp-idf/components/esp_driver_cam /home/tikhon/Документы/magnolia/esp-idf/components/esp_driver_dac /home/tikhon/Документы/magnolia/esp-idf/components/esp_driver_gpio /home/tikhon/Документы/magnolia/esp-idf/components/esp_driver_gptimer /home/tikhon/Документы/magnolia/esp-idf/components/esp_driver_i2c /home/tikhon/Документы/magnolia/esp-idf/components/esp_driver_i2s /home/tikhon/Документы/magnolia/esp-idf/components/esp_driver_i3c /home/tikhon/Документы/magnolia/esp-idf/components/esp_driver_isp /home/tikhon/Документы/magnolia/esp-idf/components/esp_driver_jpeg /home/tikhon/Документы/magnolia/esp-idf/components/esp_driver_ledc /home/tikhon/Документы/magnolia/esp-idf/components/esp_driver_mcpwm /home/tikhon/Документы/magnolia/esp-idf/components/esp_driver_parlio /home/tikhon/Документы/magnolia/esp-idf/components/esp_driver_pcnt /home/tikhon/Документы/magnolia/esp-idf/components/esp_driver_ppa /home/tikhon/Документы/magnolia/esp-idf/components/esp_driver_rmt /home/tikhon/Документы/magnolia/esp-idf/components/esp_driver_sd_intf /home/tikhon/Документы/magnolia/esp-idf/components/esp_driver_sdio /home/tikhon/Документы/magnolia/esp-idf/components/esp_driver_sdm /home/tikhon/Документы/magnolia/esp-idf/components/esp_driver_sdmmc /home/tikhon/Документы/magnolia/esp-idf/components/esp_driver_sdspi /home/tikhon/Документы/magnolia/esp-idf/components/esp_driver_spi /home/tikhon/Документы/magnolia/esp-idf/components/esp_driver_touch_sens /home/tikhon/Документы/magnolia/esp-idf/components/esp_driver_tsens /home/tikhon/Документы/magnolia/esp-idf/components/esp_driver_twai /home/tikhon/Документы/magnolia/esp-idf/components/esp_driver_uart /home/tikhon/Документы/magnolia/esp-idf/components/esp_driver_usb_serial_jtag /home/tikhon/Документы/magnolia/esp-idf/components/esp_eth /home/tikhon/Документы/magnolia/esp-idf/components/esp_event /home/tikhon/Документы/magnolia/esp-idf/components/esp_gdbstub /home/tikhon/Документы/magnolia/esp-idf/components/esp_hid /home/tikhon/Документы/magnolia/esp-idf/components/esp_http_client /home/tikhon/Документы/magnolia/esp-idf/components/esp_http_server /home/tikhon/Документы/magnolia/esp-idf/components/esp_https_ota /home/tikhon/Документы/magnolia/esp-idf/components/esp_https_server /home/tikhon/Документы/magnolia/esp-idf/components/esp_hw_support /home/tikhon/Документы/magnolia/esp-idf/components/esp_lcd /home/tikhon/Документы/magnolia/esp-idf/components/esp_local_ctrl /home/tikhon/Документы/magnolia/esp-idf/components/esp_mm /home/tikhon/Документы/magnolia/esp-idf/components/esp_netif /home/tikhon/Документы/magnolia/esp-idf/components/esp_netif_stack /home/tikhon/Документы/magnolia/esp-idf/components/esp_partition /home/tikhon/Документы/magnolia/esp-idf/components/esp_phy /home/tikhon/Документы/magnolia/esp-idf/components/esp_pm /home/tikhon/Документы/magnolia/esp-idf/components/esp_psram /home/tikhon/Документы/magnolia/esp-idf/components/esp_ringbuf /home/tikhon/Документы/magnolia/esp-idf/components/esp_rom /home/tikhon/Документы/magnolia/esp-idf/components/esp_security /home/tikhon/Документы/magnolia/esp-idf/components/esp_system /home/tikhon/Документы/magnolia/esp-idf/components/esp_timer /home/tikhon/Документы/magnolia/esp-idf/components/esp_vfs_console /home/tikhon/Документы/magnolia/esp-idf/components/esp_wifi /home/tikhon/Документы/magnolia/esp-idf/components/espcoredump /home/tikhon/Документы/magnolia/applets/mainline/hexdump/managed_components/espressif__cmake_utilities /home/tikhon/Документы/magnolia/applets/mainline/hexdump/managed_components/espressif__elf_loader /home/tikhon/Документы/magnolia/esp-idf/components/esptool_py /home/tikhon/Документы/magnolia/esp-idf/components/fatfs /home/tikhon/Документы/magnolia/esp-idf/components/freertos /home/tikhon/Документы/magnolia/esp-idf/components/hal /home/tikhon/Документы/magnolia/esp-idf/components/heap /home/tikhon/Документы/magnolia/esp-idf/components/http_parser /home/tikhon/Документы/magnolia/esp-idf/components/idf_test /home/tikhon/Документы/magnolia/esp-idf/components/ieee802154 /home/tikhon/Документы/magnolia/esp-idf/components/json /home/tikhon/Документы/magnolia/esp-idf/components/log /home/tikhon/Документы/magnolia/esp-idf/components/lwip /home/tikhon/Документы/magnolia/applets/mainline/hexdump/main /home/tikhon/Документы/magnolia/esp-idf/components/mbedtls /home/tikhon/Документы/magnolia/esp-idf/components/mqtt /home/tikhon/Документы/magnolia/esp-idf/components/newlib /home/tikhon/Документы/magnolia/esp-idf/components/nvs_flash /home/tikhon/Документы/magnolia/esp-idf/components/nvs_sec_provider /home/tikhon/Документы/magnolia/esp-idf/components/openthread /home/tikhon/Документы/magnolia/esp-idf/components/partition_table /home/tikhon/Документы/magnolia/esp-idf/components/perfmon /home/tikhon/Документы/magnolia/esp-idf/components/protobuf-c /home/tikhon/Документы/magnolia/esp-idf/components/protocomm /home/tikhon/Документы/magnolia/esp-idf/components/pthread /home/tikhon/Документы/magnolia/esp-idf/components/rt /home/tikhon/Документы/magnolia/esp-idf/components/sdmmc /home/tikhon/Документы/magnolia/esp-idf/components/soc /home/tikhon/Документы/magnolia/esp-idf/components/spi_flash /home/tikhon/Документы/magnolia/esp-idf/components/spiffs /home/tikhon/Документы/magnolia/esp-idf/components/tcp_transport /home/tikhon/Документы/magnolia/esp-idf/components/touch_element /home/tikhon/Документы/magnolia/esp-idf/components/ulp /home/tikhon/Документы/magnolia/esp-idf/components/unity /home/tikhon/Документы/magnolia/esp-idf/components/usb /home/tikhon/Документы/magnolia/esp-idf/components/vfs /home/tikhon/Документы/magnolia/esp-idf/components/wear_levelling /home/tikhon/Документы/magnolia/esp-idf/components/wifi_provisioning /home/tikhon/Документы/magnolia/esp-idf/components/wpa_supplicant /home/tikhon/Документы/magnolia/esp-idf/components/xtensa
-- Configuring done (4.3s)
-- Generating done (0.5s)
-- Build files have been written to: /home/tikhon/Документы/magnolia/applets/mainline/free/build
-- ESP-TEE is currently supported only on the esp32c6;esp32h2;esp32c5 SoCs
-- Generating done (0.5s)
-- Build files have been written to: /home/tikhon/Документы/magnolia/applets/mainline/false/build
-- Generating done (0.5s)
-- Build files have been written to: /home/tikhon/Документы/magnolia/applets/mainline/head/build
-- Generating done (0.5s)
-- Build files have been written to: /home/tikhon/Документы/magnolia/applets/mainline/env/build
[1/4] Building C object esp-idf/esp_app_format/CMakeFiles/__idf_esp_app_format.dir/esp_app_desc.c.obj
-- Generating done (0.5s)
[2/4] Linking C static library esp-idf/esp_app_format/libesp_app_format.a
-- Generating done (0.5s)
[3/4] Build ELF: free.app.elf
-- Build files have been written to: /home/tikhon/Документы/magnolia/applets/mainline/kill/build
[1/4] Building C object esp-idf/esp_app_format/CMakeFiles/__idf_esp_app_format.dir/esp_app_desc.c.obj
-- Build files have been written to: /home/tikhon/Документы/magnolia/applets/mainline/ln/build
-- Generating done (0.5s)
[2/4] Linking C static library esp-idf/esp_app_format/libesp_app_format.a
-- Generating done (0.5s)
[3/4] Build ELF: false.app.elf
-- Build files have been written to: /home/tikhon/Документы/magnolia/applets/mainline/mkdir/build
-- Generating done (0.5s)
-- Build files have been written to: /home/tikhon/Документы/magnolia/applets/mainline/mv/build
-- Build files have been written to: /home/tikhon/Документы/magnolia/applets/mainline/medit/build
-- Generating done (0.5s)
-- Generating done (0.5s)
[1/4] Building C object esp-idf/esp_app_format/CMakeFiles/__idf_esp_app_format.dir/esp_app_desc.c.obj
-- Build files have been written to: /home/tikhon/Документы/magnolia/applets/mainline/login/build
[2/4] Linking C static library esp-idf/esp_app_format/libesp_app_format.a
-- Build files have been written to: /home/tikhon/Документы/magnolia/applets/mainline/ls/build
[1/4] Building C object esp-idf/esp_app_format/CMakeFiles/__idf_esp_app_format.dir/esp_app_desc.c.obj
[3/4] Build ELF: head.app.elf
[2/4] Linking C static library esp-idf/esp_app_format/libesp_app_format.a
-- Generating done (0.5s)
[3/4] Build ELF: env.app.elf
Applet free OK -> /home/tikhon/Документы/magnolia/rootfs/bin/free
Building applet printf -> printf ...
-- Build files have been written to: /home/tikhon/Документы/magnolia/applets/mainline/init/build
+ idf.py elf
[1/4] Building C object esp-idf/esp_app_format/CMakeFiles/__idf_esp_app_format.dir/esp_app_desc.c.obj
[2/4] Linking C static library esp-idf/esp_app_format/libesp_app_format.a
[1/6] Building C object esp-idf/esp_app_format/CMakeFiles/__idf_esp_app_format.dir/esp_app_desc.c.obj
Applet false OK -> /home/tikhon/Документы/magnolia/rootfs/bin/false
Building applet paste -> paste ...
+ idf.py elf
[3/4] Build ELF: kill.app.elf
[2/6] Linking C static library esp-idf/esp_app_format/libesp_app_format.a
[1/4] Building C object esp-idf/esp_app_format/CMakeFiles/__idf_esp_app_format.dir/esp_app_desc.c.obj
-- Generating done (0.5s)
[1/4] Building C object esp-idf/esp_app_format/CMakeFiles/__idf_esp_app_format.dir/esp_app_desc.c.obj
[2/4] Linking C static library esp-idf/esp_app_format/libesp_app_format.a
-- Build files have been written to: /home/tikhon/Документы/magnolia/applets/mainline/ps/build
[2/4] Linking C static library esp-idf/esp_app_format/libesp_app_format.a
[3/4] Build ELF: mkdir.app.elf
[1/4] Building C object esp-idf/esp_app_format/CMakeFiles/__idf_esp_app_format.dir/esp_app_desc.c.obj
[1/4] Building C object esp-idf/esp_app_format/CMakeFiles/__idf_esp_app_format.dir/esp_app_desc.c.obj
[3/6] Building C object esp-idf/main/CMakeFiles/__idf_main.dir/main.c.obj
[3/4] Build ELF: mv.app.elf
[2/4] Linking C static library esp-idf/esp_app_format/libesp_app_format.a
[4/6] Linking C static library esp-idf/main/libmain.a
Applet head OK -> /home/tikhon/Документы/magnolia/rootfs/bin/head
Building applet pwd -> pwd ...
[2/4] Linking C static library esp-idf/esp_app_format/libesp_app_format.a
+ idf.py elf
Applet env OK -> /home/tikhon/Документы/magnolia/rootfs/bin/env
Building applet rm -> rm ...
+ idf.py elf
[5/6] Build ELF: ln.app.elf
[3/4] Build ELF: login.app.elf
[3/4] Build ELF: medit.app.elf
[1/4] Building C object esp-idf/esp_app_format/CMakeFiles/__idf_esp_app_format.dir/esp_app_desc.c.obj
-- Generating done (0.5s)
[2/4] Linking C static library esp-idf/esp_app_format/libesp_app_format.a
[1/4] Building C object esp-idf/esp_app_format/CMakeFiles/__idf_esp_app_format.dir/esp_app_desc.c.obj
-- Build files have been written to: /home/tikhon/Документы/magnolia/applets/mainline/hexdump/build
[3/4] Build ELF: ls.app.elf
[2/4] Linking C static library esp-idf/esp_app_format/libesp_app_format.a
[3/4] Build ELF: init.app.elf
Applet kill OK -> /home/tikhon/Документы/magnolia/rootfs/bin/kill
Building applet rmdir -> rmdir ...
+ idf.py elf
Applet mkdir OK -> /home/tikhon/Документы/magnolia/rootfs/bin/mkdir
Building applet rev -> rev ...
+ idf.py elf
Applet mv OK -> /home/tikhon/Документы/magnolia/rootfs/bin/mv
Building applet sh -> sh ...
+ idf.py elf
[1/4] Building C object esp-idf/esp_app_format/CMakeFiles/__idf_esp_app_format.dir/esp_app_desc.c.obj
Applet login OK -> /home/tikhon/Документы/magnolia/rootfs/bin/login
[2/4] Linking C static library esp-idf/esp_app_format/libesp_app_format.a
Building applet shell -> shell ...
+ idf.py elf
[3/4] Build ELF: ps.app.elf
Applet medit OK -> /home/tikhon/Документы/magnolia/rootfs/bin/medit
Building applet sleep -> sleep ...
+ idf.py elf
Applet ln OK -> /home/tikhon/Документы/magnolia/rootfs/bin/ln
Building applet sort -> sort ...
+ idf.py elf
Applet init OK -> /home/tikhon/Документы/magnolia/rootfs/bin/init
Building applet tail -> tail ...
+ idf.py elf
Applet ls OK -> /home/tikhon/Документы/magnolia/rootfs/bin/ls
Building applet tee -> tee ...
+ idf.py elf
[1/4] Building C object esp-idf/esp_app_format/CMakeFiles/__idf_esp_app_format.dir/esp_app_desc.c.obj
[2/4] Linking C static library esp-idf/esp_app_format/libesp_app_format.a
[3/4] Build ELF: hexdump.app.elf
Applet ps OK -> /home/tikhon/Документы/magnolia/rootfs/bin/ps
Building applet test -> test ...
+ idf.py elf
-- Project sdkconfig file /home/tikhon/Документы/magnolia/applets/mainline/printenv/sdkconfig
Applet hexdump OK -> /home/tikhon/Документы/magnolia/rootfs/bin/hexdump
Building applet touch -> touch ...
+ idf.py elf
Executing action: elf
Running ninja in directory /home/tikhon/Документы/magnolia/applets/mainline/printf/build
Executing "ninja elf"...
[0/1] Re-running CMake...
Executing action: elf
Running ninja in directory /home/tikhon/Документы/magnolia/applets/mainline/paste/build
Executing "ninja elf"...
[0/1] Re-running CMake...
Executing action: elf
Running ninja in directory /home/tikhon/Документы/magnolia/applets/mainline/rm/build
Executing "ninja elf"...
[0/1] Re-running CMake...
Executing action: elf
Running ninja in directory /home/tikhon/Документы/magnolia/applets/mainline/pwd/build
Executing "ninja elf"...
[0/1] Re-running CMake...
Executing action: elf
Running ninja in directory /home/tikhon/Документы/magnolia/applets/mainline/rev/build
Executing "ninja elf"...
[0/1] Re-running CMake...
Executing action: elf
Running ninja in directory /home/tikhon/Документы/magnolia/applets/mainline/rmdir/build
Executing "ninja elf"...
[0/1] Re-running CMake...
Executing action: elf
Running ninja in directory /home/tikhon/Документы/magnolia/applets/mainline/sh/build
Executing "ninja elf"...
[0/1] Re-running CMake...
-- Compiler supported targets: xtensa-esp-elf
Executing action: elf
Running ninja in directory /home/tikhon/Документы/magnolia/applets/mainline/shell/build
Executing "ninja elf"...
[0/1] Re-running CMake...
Executing action: elf
Running ninja in directory /home/tikhon/Документы/magnolia/applets/mainline/tee/build
Executing "ninja elf"...
[0/1] Re-running CMake...
Executing action: elf
Running ninja in directory /home/tikhon/Документы/magnolia/applets/mainline/sleep/build
Executing "ninja elf"...
[0/1] Re-running CMake...
Executing action: elf
Running ninja in directory /home/tikhon/Документы/magnolia/applets/mainline/tail/build
Executing "ninja elf"...
[0/1] Re-running CMake...
Executing action: elf
Running ninja in directory /home/tikhon/Документы/magnolia/applets/mainline/sort/build
Executing "ninja elf"...
[0/1] Re-running CMake...
Executing action: elf
Running ninja in directory /home/tikhon/Документы/magnolia/applets/mainline/test/build
Executing "ninja elf"...
[0/1] Re-running CMake...
-- App "printenv" version: fce3dc6-dirty
Executing action: elf
Running ninja in directory /home/tikhon/Документы/magnolia/applets/mainline/touch/build
Executing "ninja elf"...
[0/1] Re-running CMake...
-- USING O3
-- Adding linker script /home/tikhon/Документы/magnolia/applets/mainline/printenv/build/esp-idf/esp_system/ld/memory.ld
-- Adding linker script /home/tikhon/Документы/magnolia/applets/mainline/printenv/build/esp-idf/esp_system/ld/sections.ld.in
-- Adding linker script /home/tikhon/Документы/magnolia/esp-idf/components/esp_rom/esp32s3/ld/esp32s3.rom.ld
-- Adding linker script /home/tikhon/Документы/magnolia/esp-idf/components/esp_rom/esp32s3/ld/esp32s3.rom.api.ld
-- Adding linker script /home/tikhon/Документы/magnolia/esp-idf/components/esp_rom/esp32s3/ld/esp32s3.rom.bt_funcs.ld
-- Adding linker script /home/tikhon/Документы/magnolia/esp-idf/components/esp_rom/esp32s3/ld/esp32s3.rom.libgcc.ld
-- Adding linker script /home/tikhon/Документы/magnolia/esp-idf/components/esp_rom/esp32s3/ld/esp32s3.rom.wdt.ld
-- Adding linker script /home/tikhon/Документы/magnolia/esp-idf/components/esp_rom/esp32s3/ld/esp32s3.rom.version.ld
-- Adding linker script /home/tikhon/Документы/magnolia/esp-idf/components/esp_rom/esp32s3/ld/esp32s3.rom.ble_master.ld
-- Adding linker script /home/tikhon/Документы/magnolia/esp-idf/components/esp_rom/esp32s3/ld/esp32s3.rom.ble_50.ld
-- Adding linker script /home/tikhon/Документы/magnolia/esp-idf/components/esp_rom/esp32s3/ld/esp32s3.rom.ble_smp.ld
-- Adding linker script /home/tikhon/Документы/magnolia/esp-idf/components/esp_rom/esp32s3/ld/esp32s3.rom.ble_dtm.ld
-- Adding linker script /home/tikhon/Документы/magnolia/esp-idf/components/esp_rom/esp32s3/ld/esp32s3.rom.ble_test.ld
-- Adding linker script /home/tikhon/Документы/magnolia/esp-idf/components/esp_rom/esp32s3/ld/esp32s3.rom.ble_scan.ld
-- Adding linker script /home/tikhon/Документы/magnolia/esp-idf/components/esp_rom/esp32s3/ld/esp32s3.rom.libc.ld
-- Adding linker script /home/tikhon/Документы/magnolia/esp-idf/components/esp_rom/esp32s3/ld/esp32s3.rom.newlib.ld
-- Adding linker script /home/tikhon/Документы/magnolia/esp-idf/components/soc/esp32s3/ld/esp32s3.peripherals.ld
-- Minimal build - OFF
NOTICE: Processing 3 dependencies:
NOTICE: [1/3] espressif/cmake_utilities (0.5.3)
NOTICE: [2/3] espressif/elf_loader (1.1.1)
NOTICE: [3/3] idf (6.0.0)
-- Minimal build - OFF
-- Building ESP-IDF components for target esp32s3
-- Minimal build - OFF
-- Minimal build - OFF
-- Building ESP-IDF components for target esp32s3
-- Building ESP-IDF components for target esp32s3
-- Building ESP-IDF components for target esp32s3
-- Minimal build - OFF
-- Minimal build - OFF
-- Minimal build - OFF
-- Building ESP-IDF components for target esp32s3
-- Building ESP-IDF components for target esp32s3
-- Building ESP-IDF components for target esp32s3
-- Minimal build - OFF
-- Minimal build - OFF
-- Building ESP-IDF components for target esp32s3
-- ESP-TEE is currently supported only on the esp32c6;esp32h2;esp32c5 SoCs
-- Minimal build - OFF
-- Minimal build - OFF
-- Building ESP-IDF components for target esp32s3
-- Minimal build - OFF
-- Building ESP-IDF components for target esp32s3
-- Building ESP-IDF components for target esp32s3
NOTICE: Processing 1 dependencies:
NOTICE: [1/1] idf (6.0.0)
-- Building ESP-IDF components for target esp32s3
NOTICE: Processing 1 dependencies:
NOTICE: [1/1] idf (6.0.0)
-- Minimal build - OFF
-- Minimal build - OFF
NOTICE: Processing 1 dependencies:
NOTICE: [1/1] idf (6.0.0)
-- Building ESP-IDF components for target esp32s3
-- Building ESP-IDF components for target esp32s3
NOTICE: Processing 1 dependencies:
NOTICE: [1/1] idf (6.0.0)
NOTICE: Processing 1 dependencies:
NOTICE: [1/1] idf (6.0.0)
NOTICE: Processing 1 dependencies:
NOTICE: [1/1] idf (6.0.0)
NOTICE: Processing 1 dependencies:
NOTICE: [1/1] idf (6.0.0)
-- ESP-TEE is currently supported only on the esp32c6;esp32h2;esp32c5 SoCs
-- ESP-TEE is currently supported only on the esp32c6;esp32h2;esp32c5 SoCs
-- ESP-TEE is currently supported only on the esp32c6;esp32h2;esp32c5 SoCs
NOTICE: Processing 1 dependencies:
NOTICE: [1/1] idf (6.0.0)
-- ESP-TEE is currently supported only on the esp32c6;esp32h2;esp32c5 SoCs
-- Components: app_trace app_update bootloader bootloader_support bt cmock console cxx driver efuse esp-tls esp_adc esp_app_format esp_bootloader_format esp_coex esp_common esp_driver_ana_cmpr esp_driver_bitscrambler esp_driver_cam esp_driver_dac esp_driver_gpio esp_driver_gptimer esp_driver_i2c esp_driver_i2s esp_driver_i3c esp_driver_isp esp_driver_jpeg esp_driver_ledc esp_driver_mcpwm esp_driver_parlio esp_driver_pcnt esp_driver_ppa esp_driver_rmt esp_driver_sd_intf esp_driver_sdio esp_driver_sdm esp_driver_sdmmc esp_driver_sdspi esp_driver_spi esp_driver_touch_sens esp_driver_tsens esp_driver_twai esp_driver_uart esp_driver_usb_serial_jtag esp_eth esp_event esp_gdbstub esp_hid esp_http_client esp_http_server esp_https_ota esp_https_server esp_hw_support esp_lcd esp_local_ctrl esp_mm esp_netif esp_netif_stack esp_partition esp_phy esp_pm esp_psram esp_ringbuf esp_rom esp_security esp_system esp_timer esp_vfs_console esp_wifi espcoredump esptool_py fatfs freertos hal heap http_parser idf_test ieee802154 json log lwip main mbedtls mqtt newlib nvs_flash nvs_sec_provider openthread partition_table perfmon protobuf-c protocomm pthread rt sdmmc soc spi_flash spiffs tcp_transport touch_element ulp unity usb vfs wear_levelling wifi_provisioning wpa_supplicant xtensa
-- Component paths: /home/tikhon/Документы/magnolia/esp-idf/components/app_trace /home/tikhon/Документы/magnolia/esp-idf/components/app_update /home/tikhon/Документы/magnolia/esp-idf/components/bootloader /home/tikhon/Документы/magnolia/esp-idf/components/bootloader_support /home/tikhon/Документы/magnolia/esp-idf/components/bt /home/tikhon/Документы/magnolia/esp-idf/components/cmock /home/tikhon/Документы/magnolia/esp-idf/components/console /home/tikhon/Документы/magnolia/esp-idf/components/cxx /home/tikhon/Документы/magnolia/esp-idf/components/driver /home/tikhon/Документы/magnolia/esp-idf/components/efuse /home/tikhon/Документы/magnolia/esp-idf/components/esp-tls /home/tikhon/Документы/magnolia/esp-idf/components/esp_adc /home/tikhon/Документы/magnolia/esp-idf/components/esp_app_format /home/tikhon/Документы/magnolia/esp-idf/components/esp_bootloader_format /home/tikhon/Документы/magnolia/esp-idf/components/esp_coex /home/tikhon/Документы/magnolia/esp-idf/components/esp_common /home/tikhon/Документы/magnolia/esp-idf/components/esp_driver_ana_cmpr /home/tikhon/Документы/magnolia/esp-idf/components/esp_driver_bitscrambler /home/tikhon/Документы/magnolia/esp-idf/components/esp_driver_cam /home/tikhon/Документы/magnolia/esp-idf/components/esp_driver_dac /home/tikhon/Документы/magnolia/esp-idf/components/esp_driver_gpio /home/tikhon/Документы/magnolia/esp-idf/components/esp_driver_gptimer /home/tikhon/Документы/magnolia/esp-idf/components/esp_driver_i2c /home/tikhon/Документы/magnolia/esp-idf/components/esp_driver_i2s /home/tikhon/Документы/magnolia/esp-idf/components/esp_driver_i3c /home/tikhon/Документы/magnolia/esp-idf/components/esp_driver_isp /home/tikhon/Документы/magnolia/esp-idf/components/esp_driver_jpeg /home/tikhon/Документы/magnolia/esp-idf/components/esp_driver_ledc /home/tikhon/Документы/magnolia/esp-idf/components/esp_driver_mcpwm /home/tikhon/Документы/magnolia/esp-idf/components/esp_driver_parlio /home/tikhon/Документы/magnolia/esp-idf/components/esp_driver_pcnt /home/tikhon/Документы/magnolia/esp-idf/components/esp_driver_ppa /home/tikhon/Документы/magnolia/esp-idf/components/esp_driver_rmt /home/tikhon/Документы/magnolia/esp-idf/components/esp_driver_sd_intf /home/tikhon/Документы/magnolia/esp-idf/components/esp_driver_sdio /home/tikhon/Документы/magnolia/esp-idf/components/esp_driver_sdm /home/tikhon/Документы/magnolia/esp-idf/components/esp_driver_sdmmc /home/tikhon/Документы/magnolia/esp-idf/components/esp_driver_sdspi /home/tikhon/Документы/magnolia/esp-idf/components/esp_driver_spi /home/tikhon/Документы/magnolia/esp-idf/components/esp_driver_touch_sens /home/tikhon/Документы/magnolia/esp-idf/components/esp_driver_tsens /home/tikhon/Документы/magnolia/esp-idf/components/esp_driver_twai /home/tikhon/Документы/magnolia/esp-idf/components/esp_driver_uart /home/tikhon/Документы/magnolia/esp-idf/components/esp_driver_usb_serial_jtag /home/tikhon/Документы/magnolia/esp-idf/components/esp_eth /home/tikhon/Документы/magnolia/esp-idf/components/esp_event /home/tikhon/Документы/magnolia/esp-idf/components/esp_gdbstub /home/tikhon/Документы/magnolia/esp-idf/components/esp_hid /home/tikhon/Документы/magnolia/esp-idf/components/esp_http_client /home/tikhon/Документы/magnolia/esp-idf/components/esp_http_server /home/tikhon/Документы/magnolia/esp-idf/components/esp_https_ota /home/tikhon/Документы/magnolia/esp-idf/components/esp_https_server /home/tikhon/Документы/magnolia/esp-idf/components/esp_hw_support /home/tikhon/Документы/magnolia/esp-idf/components/esp_lcd /home/tikhon/Документы/magnolia/esp-idf/components/esp_local_ctrl /home/tikhon/Документы/magnolia/esp-idf/components/esp_mm /home/tikhon/Документы/magnolia/esp-idf/components/esp_netif /home/tikhon/Документы/magnolia/esp-idf/components/esp_netif_stack /home/tikhon/Документы/magnolia/esp-idf/components/esp_partition /home/tikhon/Документы/magnolia/esp-idf/components/esp_phy /home/tikhon/Документы/magnolia/esp-idf/components/esp_pm /home/tikhon/Документы/magnolia/esp-idf/components/esp_psram /home/tikhon/Документы/magnolia/esp-idf/components/esp_ringbuf /home/tikhon/Документы/magnolia/esp-idf/components/esp_rom /home/tikhon/Документы/magnolia/esp-idf/components/esp_security /home/tikhon/Документы/magnolia/esp-idf/components/esp_system /home/tikhon/Документы/magnolia/esp-idf/components/esp_timer /home/tikhon/Документы/magnolia/esp-idf/components/esp_vfs_console /home/tikhon/Документы/magnolia/esp-idf/components/esp_wifi /home/tikhon/Документы/magnolia/esp-idf/components/espcoredump /home/tikhon/Документы/magnolia/esp-idf/components/esptool_py /home/tikhon/Документы/magnolia/esp-idf/components/fatfs /home/tikhon/Документы/magnolia/esp-idf/components/freertos /home/tikhon/Документы/magnolia/esp-idf/components/hal /home/tikhon/Документы/magnolia/esp-idf/components/heap /home/tikhon/Документы/magnolia/esp-idf/components/http_parser /home/tikhon/Документы/magnolia/esp-idf/components/idf_test /home/tikhon/Документы/magnolia/esp-idf/components/ieee802154 /home/tikhon/Документы/magnolia/esp-idf/components/json /home/tikhon/Документы/magnolia/esp-idf/components/log /home/tikhon/Документы/magnolia/esp-idf/components/lwip /home/tikhon/Документы/magnolia/applets/mainline/printenv/main /home/tikhon/Документы/magnolia/esp-idf/components/mbedtls /home/tikhon/Документы/magnolia/esp-idf/components/mqtt /home/tikhon/Документы/magnolia/esp-idf/components/newlib /home/tikhon/Документы/magnolia/esp-idf/components/nvs_flash /home/tikhon/Документы/magnolia/esp-idf/components/nvs_sec_provider /home/tikhon/Документы/magnolia/esp-idf/components/openthread /home/tikhon/Документы/magnolia/esp-idf/components/partition_table /home/tikhon/Документы/magnolia/esp-idf/components/perfmon /home/tikhon/Документы/magnolia/esp-idf/components/protobuf-c /home/tikhon/Документы/magnolia/esp-idf/components/protocomm /home/tikhon/Документы/magnolia/esp-idf/components/pthread /home/tikhon/Документы/magnolia/esp-idf/components/rt /home/tikhon/Документы/magnolia/esp-idf/components/sdmmc /home/tikhon/Документы/magnolia/esp-idf/components/soc /home/tikhon/Документы/magnolia/esp-idf/components/spi_flash /home/tikhon/Документы/magnolia/esp-idf/components/spiffs /home/tikhon/Документы/magnolia/esp-idf/components/tcp_transport /home/tikhon/Документы/magnolia/esp-idf/components/touch_element /home/tikhon/Документы/magnolia/esp-idf/components/ulp /home/tikhon/Документы/magnolia/esp-idf/components/unity /home/tikhon/Документы/magnolia/esp-idf/components/usb /home/tikhon/Документы/magnolia/esp-idf/components/vfs /home/tikhon/Документы/magnolia/esp-idf/components/wear_levelling /home/tikhon/Документы/magnolia/esp-idf/components/wifi_provisioning /home/tikhon/Документы/magnolia/esp-idf/components/wpa_supplicant /home/tikhon/Документы/magnolia/esp-idf/components/xtensa
-- ESP-TEE is currently supported only on the esp32c6;esp32h2;esp32c5 SoCs
-- Configuring done (4.1s)
NOTICE: Processing 1 dependencies:
NOTICE: [1/1] idf (6.0.0)
-- ESP-TEE is currently supported only on the esp32c6;esp32h2;esp32c5 SoCs
NOTICE: Processing 1 dependencies:
NOTICE: [1/1] idf (6.0.0)
-- ESP-TEE is currently supported only on the esp32c6;esp32h2;esp32c5 SoCs
NOTICE: Processing 1 dependencies:
NOTICE: [1/1] idf (6.0.0)
-- ESP-TEE is currently supported only on the esp32c6;esp32h2;esp32c5 SoCs
NOTICE: Processing 1 dependencies:
NOTICE: [1/1] idf (6.0.0)
-- ESP-TEE is currently supported only on the esp32c6;esp32h2;esp32c5 SoCs
-- ESP-TEE is currently supported only on the esp32c6;esp32h2;esp32c5 SoCs
-- ESP-TEE is currently supported only on the esp32c6;esp32h2;esp32c5 SoCs
-- ESP-TEE is currently supported only on the esp32c6;esp32h2;esp32c5 SoCs
-- ESP-TEE is currently supported only on the esp32c6;esp32h2;esp32c5 SoCs
-- ESP-TEE is currently supported only on the esp32c6;esp32h2;esp32c5 SoCs
-- Generating done (0.5s)
-- Build files have been written to: /home/tikhon/Документы/magnolia/applets/mainline/printenv/build
-- Project sdkconfig file /home/tikhon/Документы/magnolia/applets/mainline/elftest/sdkconfig
-- Project sdkconfig file /home/tikhon/Документы/magnolia/applets/mainline/pwd/sdkconfig
-- Project sdkconfig file /home/tikhon/Документы/magnolia/applets/mainline/rm/sdkconfig
-- Project sdkconfig file /home/tikhon/Документы/magnolia/applets/mainline/printf/sdkconfig
[1/4] Building C object esp-idf/esp_app_format/CMakeFiles/__idf_esp_app_format.dir/esp_app_desc.c.obj
[2/4] Linking C static library esp-idf/esp_app_format/libesp_app_format.a
[3/4] Build ELF: printenv.app.elf
-- Project sdkconfig file /home/tikhon/Документы/magnolia/applets/mainline/paste/sdkconfig
-- Project sdkconfig file /home/tikhon/Документы/magnolia/applets/mainline/rev/sdkconfig
-- Project sdkconfig file /home/tikhon/Документы/magnolia/applets/mainline/rmdir/sdkconfig
-- Project sdkconfig file /home/tikhon/Документы/magnolia/applets/mainline/shell/sdkconfig
Applet printenv OK -> /home/tikhon/Документы/magnolia/rootfs/bin/printenv
Building applet tr -> tr ...
+ idf.py elf
-- Project sdkconfig file /home/tikhon/Документы/magnolia/applets/mainline/tail/sdkconfig
-- Project sdkconfig file /home/tikhon/Документы/magnolia/applets/mainline/sh/sdkconfig
-- Project sdkconfig file /home/tikhon/Документы/magnolia/applets/mainline/tee/sdkconfig
-- Compiler supported targets: xtensa-esp-elf
-- Project sdkconfig file /home/tikhon/Документы/magnolia/applets/mainline/sleep/sdkconfig
-- Project sdkconfig file /home/tikhon/Документы/magnolia/applets/mainline/sort/sdkconfig
-- App "elftest" version: fce3dc6-dirty
-- Project sdkconfig file /home/tikhon/Документы/magnolia/applets/mainline/touch/sdkconfig
-- Project sdkconfig file /home/tikhon/Документы/magnolia/applets/mainline/test/sdkconfig
-- Compiler supported targets: xtensa-esp-elf
-- Compiler supported targets: xtensa-esp-elf
-- USING O3
-- Compiler supported targets: xtensa-esp-elf
-- Adding linker script /home/tikhon/Документы/magnolia/applets/mainline/elftest/build/esp-idf/esp_system/ld/memory.ld
-- Adding linker script /home/tikhon/Документы/magnolia/applets/mainline/elftest/build/esp-idf/esp_system/ld/sections.ld.in
-- Adding linker script /home/tikhon/Документы/magnolia/esp-idf/components/esp_rom/esp32s3/ld/esp32s3.rom.ld
-- Adding linker script /home/tikhon/Документы/magnolia/esp-idf/components/esp_rom/esp32s3/ld/esp32s3.rom.api.ld
-- Adding linker script /home/tikhon/Документы/magnolia/esp-idf/components/esp_rom/esp32s3/ld/esp32s3.rom.bt_funcs.ld
-- Adding linker script /home/tikhon/Документы/magnolia/esp-idf/components/esp_rom/esp32s3/ld/esp32s3.rom.libgcc.ld
-- Adding linker script /home/tikhon/Документы/magnolia/esp-idf/components/esp_rom/esp32s3/ld/esp32s3.rom.wdt.ld
-- Adding linker script /home/tikhon/Документы/magnolia/esp-idf/components/esp_rom/esp32s3/ld/esp32s3.rom.version.ld
-- Adding linker script /home/tikhon/Документы/magnolia/esp-idf/components/esp_rom/esp32s3/ld/esp32s3.rom.ble_master.ld
-- Adding linker script /home/tikhon/Документы/magnolia/esp-idf/components/esp_rom/esp32s3/ld/esp32s3.rom.ble_50.ld
-- Adding linker script /home/tikhon/Документы/magnolia/esp-idf/components/esp_rom/esp32s3/ld/esp32s3.rom.ble_smp.ld
-- Adding linker script /home/tikhon/Документы/magnolia/esp-idf/components/esp_rom/esp32s3/ld/esp32s3.rom.ble_dtm.ld
-- Adding linker script /home/tikhon/Документы/magnolia/esp-idf/components/esp_rom/esp32s3/ld/esp32s3.rom.ble_test.ld
-- Adding linker script /home/tikhon/Документы/magnolia/esp-idf/components/esp_rom/esp32s3/ld/esp32s3.rom.ble_scan.ld
-- Adding linker script /home/tikhon/Документы/magnolia/esp-idf/components/esp_rom/esp32s3/ld/esp32s3.rom.libc.ld
-- Adding linker script /home/tikhon/Документы/magnolia/esp-idf/components/esp_rom/esp32s3/ld/esp32s3.rom.newlib.ld
-- Compiler supported targets: xtensa-esp-elf
-- Adding linker script /home/tikhon/Документы/magnolia/esp-idf/components/soc/esp32s3/ld/esp32s3.peripherals.ld
-- App "pwd" version: fce3dc6-dirty
-- Compiler supported targets: xtensa-esp-elf
-- App "rm" version: fce3dc6-dirty
-- Compiler supported targets: xtensa-esp-elf
-- Compiler supported targets: xtensa-esp-elf
-- Compiler supported targets: xtensa-esp-elf
-- App "printf" version: fce3dc6-dirty
-- Compiler supported targets: xtensa-esp-elf
-- Compiler supported targets: xtensa-esp-elf
-- App "paste" version: fce3dc6-dirty
-- Compiler supported targets: xtensa-esp-elf
-- App "rev" version: fce3dc6-dirty
-- App "shell" version: fce3dc6-dirty
-- App "tail" version: fce3dc6-dirty
-- App "rmdir" version: fce3dc6-dirty
-- Compiler supported targets: xtensa-esp-elf
-- Compiler supported targets: xtensa-esp-elf
-- USING O3
-- App "sh" version: fce3dc6-dirty
-- Adding linker script /home/tikhon/Документы/magnolia/applets/mainline/pwd/build/esp-idf/esp_system/ld/memory.ld
-- Adding linker script /home/tikhon/Документы/magnolia/applets/mainline/pwd/build/esp-idf/esp_system/ld/sections.ld.in
-- Adding linker script /home/tikhon/Документы/magnolia/esp-idf/components/esp_rom/esp32s3/ld/esp32s3.rom.ld
-- Adding linker script /home/tikhon/Документы/magnolia/esp-idf/components/esp_rom/esp32s3/ld/esp32s3.rom.api.ld
-- Adding linker script /home/tikhon/Документы/magnolia/esp-idf/components/esp_rom/esp32s3/ld/esp32s3.rom.bt_funcs.ld
-- Adding linker script /home/tikhon/Документы/magnolia/esp-idf/components/esp_rom/esp32s3/ld/esp32s3.rom.libgcc.ld
-- Adding linker script /home/tikhon/Документы/magnolia/esp-idf/components/esp_rom/esp32s3/ld/esp32s3.rom.wdt.ld
-- Adding linker script /home/tikhon/Документы/magnolia/esp-idf/components/esp_rom/esp32s3/ld/esp32s3.rom.version.ld
-- Adding linker script /home/tikhon/Документы/magnolia/esp-idf/components/esp_rom/esp32s3/ld/esp32s3.rom.ble_master.ld
-- Adding linker script /home/tikhon/Документы/magnolia/esp-idf/components/esp_rom/esp32s3/ld/esp32s3.rom.ble_50.ld
-- Adding linker script /home/tikhon/Документы/magnolia/esp-idf/components/esp_rom/esp32s3/ld/esp32s3.rom.ble_smp.ld
-- Adding linker script /home/tikhon/Документы/magnolia/esp-idf/components/esp_rom/esp32s3/ld/esp32s3.rom.ble_dtm.ld
-- Adding linker script /home/tikhon/Документы/magnolia/esp-idf/components/esp_rom/esp32s3/ld/esp32s3.rom.ble_test.ld
-- Adding linker script /home/tikhon/Документы/magnolia/esp-idf/components/esp_rom/esp32s3/ld/esp32s3.rom.ble_scan.ld
-- Adding linker script /home/tikhon/Документы/magnolia/esp-idf/components/esp_rom/esp32s3/ld/esp32s3.rom.libc.ld
-- Adding linker script /home/tikhon/Документы/magnolia/esp-idf/components/esp_rom/esp32s3/ld/esp32s3.rom.newlib.ld
-- ELF_LOADER: 1.1.1
-- USING O3
-- Adding linker script /home/tikhon/Документы/magnolia/esp-idf/components/soc/esp32s3/ld/esp32s3.peripherals.ld
-- App "sleep" version: fce3dc6-dirty
-- App "tee" version: fce3dc6-dirty
-- USING O3
-- Compiler supported targets: xtensa-esp-elf
-- Adding linker script /home/tikhon/Документы/magnolia/applets/mainline/printf/build/esp-idf/esp_system/ld/memory.ld
-- Adding linker script /home/tikhon/Документы/magnolia/applets/mainline/printf/build/esp-idf/esp_system/ld/sections.ld.in
-- Adding linker script /home/tikhon/Документы/magnolia/esp-idf/components/esp_rom/esp32s3/ld/esp32s3.rom.ld
-- Adding linker script /home/tikhon/Документы/magnolia/esp-idf/components/esp_rom/esp32s3/ld/esp32s3.rom.api.ld
-- Adding linker script /home/tikhon/Документы/magnolia/esp-idf/components/esp_rom/esp32s3/ld/esp32s3.rom.bt_funcs.ld
-- Adding linker script /home/tikhon/Документы/magnolia/esp-idf/components/esp_rom/esp32s3/ld/esp32s3.rom.libgcc.ld
-- Adding linker script /home/tikhon/Документы/magnolia/esp-idf/components/esp_rom/esp32s3/ld/esp32s3.rom.wdt.ld
-- Adding linker script /home/tikhon/Документы/magnolia/esp-idf/components/esp_rom/esp32s3/ld/esp32s3.rom.version.ld
-- Adding linker script /home/tikhon/Документы/magnolia/esp-idf/components/esp_rom/esp32s3/ld/esp32s3.rom.ble_master.ld
-- Adding linker script /home/tikhon/Документы/magnolia/esp-idf/components/esp_rom/esp32s3/ld/esp32s3.rom.ble_50.ld
-- Adding linker script /home/tikhon/Документы/magnolia/esp-idf/components/esp_rom/esp32s3/ld/esp32s3.rom.ble_smp.ld
-- Adding linker script /home/tikhon/Документы/magnolia/esp-idf/components/esp_rom/esp32s3/ld/esp32s3.rom.ble_dtm.ld
-- Adding linker script /home/tikhon/Документы/magnolia/esp-idf/components/esp_rom/esp32s3/ld/esp32s3.rom.ble_test.ld
-- Adding linker script /home/tikhon/Документы/magnolia/esp-idf/components/esp_rom/esp32s3/ld/esp32s3.rom.ble_scan.ld
-- Adding linker script /home/tikhon/Документы/magnolia/esp-idf/components/esp_rom/esp32s3/ld/esp32s3.rom.libc.ld
-- Adding linker script /home/tikhon/Документы/magnolia/esp-idf/components/esp_rom/esp32s3/ld/esp32s3.rom.newlib.ld
-- Adding linker script /home/tikhon/Документы/magnolia/applets/mainline/rm/build/esp-idf/esp_system/ld/memory.ld
Executing action: elf
Running ninja in directory /home/tikhon/Документы/magnolia/applets/mainline/tr/build
Executing "ninja elf"...
[0/1] Re-running CMake...
-- Adding linker script /home/tikhon/Документы/magnolia/applets/mainline/rm/build/esp-idf/esp_system/ld/sections.ld.in
-- Adding linker script /home/tikhon/Документы/magnolia/esp-idf/components/soc/esp32s3/ld/esp32s3.peripherals.ld
-- Adding linker script /home/tikhon/Документы/magnolia/esp-idf/components/esp_rom/esp32s3/ld/esp32s3.rom.ld
-- Adding linker script /home/tikhon/Документы/magnolia/esp-idf/components/esp_rom/esp32s3/ld/esp32s3.rom.api.ld
-- Adding linker script /home/tikhon/Документы/magnolia/esp-idf/components/esp_rom/esp32s3/ld/esp32s3.rom.bt_funcs.ld
-- Adding linker script /home/tikhon/Документы/magnolia/esp-idf/components/esp_rom/esp32s3/ld/esp32s3.rom.libgcc.ld
-- Adding linker script /home/tikhon/Документы/magnolia/esp-idf/components/esp_rom/esp32s3/ld/esp32s3.rom.wdt.ld
-- Adding linker script /home/tikhon/Документы/magnolia/esp-idf/components/esp_rom/esp32s3/ld/esp32s3.rom.version.ld
-- Adding linker script /home/tikhon/Документы/magnolia/esp-idf/components/esp_rom/esp32s3/ld/esp32s3.rom.ble_master.ld
-- Adding linker script /home/tikhon/Документы/magnolia/esp-idf/components/esp_rom/esp32s3/ld/esp32s3.rom.ble_50.ld
-- Adding linker script /home/tikhon/Документы/magnolia/esp-idf/components/esp_rom/esp32s3/ld/esp32s3.rom.ble_smp.ld
-- Adding linker script /home/tikhon/Документы/magnolia/esp-idf/components/esp_rom/esp32s3/ld/esp32s3.rom.ble_dtm.ld
-- Adding linker script /home/tikhon/Документы/magnolia/esp-idf/components/esp_rom/esp32s3/ld/esp32s3.rom.ble_test.ld
-- Adding linker script /home/tikhon/Документы/magnolia/esp-idf/components/esp_rom/esp32s3/ld/esp32s3.rom.ble_scan.ld
-- Adding linker script /home/tikhon/Документы/magnolia/esp-idf/components/esp_rom/esp32s3/ld/esp32s3.rom.libc.ld
-- Adding linker script /home/tikhon/Документы/magnolia/esp-idf/components/esp_rom/esp32s3/ld/esp32s3.rom.newlib.ld
-- App "touch" version: fce3dc6-dirty
-- App "sort" version: fce3dc6-dirty
-- Adding linker script /home/tikhon/Документы/magnolia/esp-idf/components/soc/esp32s3/ld/esp32s3.peripherals.ld
-- USING O3
-- USING O3
-- Adding linker script /home/tikhon/Документы/magnolia/applets/mainline/paste/build/esp-idf/esp_system/ld/memory.ld
-- Adding linker script /home/tikhon/Документы/magnolia/applets/mainline/paste/build/esp-idf/esp_system/ld/sections.ld.in
-- Adding linker script /home/tikhon/Документы/magnolia/esp-idf/components/esp_rom/esp32s3/ld/esp32s3.rom.ld
-- Adding linker script /home/tikhon/Документы/magnolia/esp-idf/components/esp_rom/esp32s3/ld/esp32s3.rom.api.ld
-- Adding linker script /home/tikhon/Документы/magnolia/esp-idf/components/esp_rom/esp32s3/ld/esp32s3.rom.bt_funcs.ld
-- Adding linker script /home/tikhon/Документы/magnolia/esp-idf/components/esp_rom/esp32s3/ld/esp32s3.rom.libgcc.ld
-- Adding linker script /home/tikhon/Документы/magnolia/esp-idf/components/esp_rom/esp32s3/ld/esp32s3.rom.wdt.ld
-- Adding linker script /home/tikhon/Документы/magnolia/esp-idf/components/esp_rom/esp32s3/ld/esp32s3.rom.version.ld
-- Adding linker script /home/tikhon/Документы/magnolia/esp-idf/components/esp_rom/esp32s3/ld/esp32s3.rom.ble_master.ld
-- Adding linker script /home/tikhon/Документы/magnolia/esp-idf/components/esp_rom/esp32s3/ld/esp32s3.rom.ble_50.ld
-- Adding linker script /home/tikhon/Документы/magnolia/esp-idf/components/esp_rom/esp32s3/ld/esp32s3.rom.ble_smp.ld
-- Adding linker script /home/tikhon/Документы/magnolia/applets/mainline/shell/build/esp-idf/esp_system/ld/memory.ld
-- Adding linker script /home/tikhon/Документы/magnolia/esp-idf/components/esp_rom/esp32s3/ld/esp32s3.rom.ble_dtm.ld
-- Adding linker script /home/tikhon/Документы/magnolia/applets/mainline/shell/build/esp-idf/esp_system/ld/sections.ld.in
-- Adding linker script /home/tikhon/Документы/magnolia/esp-idf/components/esp_rom/esp32s3/ld/esp32s3.rom.ble_test.ld
-- Adding linker script /home/tikhon/Документы/magnolia/esp-idf/components/esp_rom/esp32s3/ld/esp32s3.rom.ble_scan.ld
-- Adding linker script /home/tikhon/Документы/magnolia/esp-idf/components/esp_rom/esp32s3/ld/esp32s3.rom.libc.ld
-- Adding linker script /home/tikhon/Документы/magnolia/esp-idf/components/esp_rom/esp32s3/ld/esp32s3.rom.newlib.ld
-- Adding linker script /home/tikhon/Документы/magnolia/esp-idf/components/esp_rom/esp32s3/ld/esp32s3.rom.ld
-- Adding linker script /home/tikhon/Документы/magnolia/esp-idf/components/esp_rom/esp32s3/ld/esp32s3.rom.api.ld
-- Adding linker script /home/tikhon/Документы/magnolia/esp-idf/components/esp_rom/esp32s3/ld/esp32s3.rom.bt_funcs.ld
-- Adding linker script /home/tikhon/Документы/magnolia/esp-idf/components/esp_rom/esp32s3/ld/esp32s3.rom.libgcc.ld
-- Adding linker script /home/tikhon/Документы/magnolia/esp-idf/components/esp_rom/esp32s3/ld/esp32s3.rom.wdt.ld
-- Adding linker script /home/tikhon/Документы/magnolia/esp-idf/components/esp_rom/esp32s3/ld/esp32s3.rom.version.ld
-- Adding linker script /home/tikhon/Документы/magnolia/esp-idf/components/esp_rom/esp32s3/ld/esp32s3.rom.ble_master.ld
-- Adding linker script /home/tikhon/Документы/magnolia/esp-idf/components/esp_rom/esp32s3/ld/esp32s3.rom.ble_50.ld
-- Adding linker script /home/tikhon/Документы/magnolia/esp-idf/components/esp_rom/esp32s3/ld/esp32s3.rom.ble_smp.ld
-- Adding linker script /home/tikhon/Документы/magnolia/esp-idf/components/esp_rom/esp32s3/ld/esp32s3.rom.ble_dtm.ld
-- Adding linker script /home/tikhon/Документы/magnolia/esp-idf/components/esp_rom/esp32s3/ld/esp32s3.rom.ble_test.ld
-- Adding linker script /home/tikhon/Документы/magnolia/esp-idf/components/esp_rom/esp32s3/ld/esp32s3.rom.ble_scan.ld
-- Adding linker script /home/tikhon/Документы/magnolia/esp-idf/components/esp_rom/esp32s3/ld/esp32s3.rom.libc.ld
-- Adding linker script /home/tikhon/Документы/magnolia/esp-idf/components/esp_rom/esp32s3/ld/esp32s3.rom.newlib.ld
-- Adding linker script /home/tikhon/Документы/magnolia/esp-idf/components/soc/esp32s3/ld/esp32s3.peripherals.ld
-- Adding linker script /home/tikhon/Документы/magnolia/esp-idf/components/soc/esp32s3/ld/esp32s3.peripherals.ld
-- USING O3
-- USING O3
-- USING O3
-- Adding linker script /home/tikhon/Документы/magnolia/applets/mainline/rev/build/esp-idf/esp_system/ld/memory.ld
-- Adding linker script /home/tikhon/Документы/magnolia/applets/mainline/tail/build/esp-idf/esp_system/ld/memory.ld
-- Adding linker script /home/tikhon/Документы/magnolia/applets/mainline/tail/build/esp-idf/esp_system/ld/sections.ld.in
-- Adding linker script /home/tikhon/Документы/magnolia/applets/mainline/rev/build/esp-idf/esp_system/ld/sections.ld.in
-- Adding linker script /home/tikhon/Документы/magnolia/esp-idf/components/esp_rom/esp32s3/ld/esp32s3.rom.ld
-- Adding linker script /home/tikhon/Документы/magnolia/esp-idf/components/esp_rom/esp32s3/ld/esp32s3.rom.api.ld
-- Adding linker script /home/tikhon/Документы/magnolia/esp-idf/components/esp_rom/esp32s3/ld/esp32s3.rom.ld
-- Adding linker script /home/tikhon/Документы/magnolia/esp-idf/components/esp_rom/esp32s3/ld/esp32s3.rom.api.ld
-- Adding linker script /home/tikhon/Документы/magnolia/esp-idf/components/esp_rom/esp32s3/ld/esp32s3.rom.bt_funcs.ld
-- Adding linker script /home/tikhon/Документы/magnolia/esp-idf/components/esp_rom/esp32s3/ld/esp32s3.rom.libgcc.ld
-- Adding linker script /home/tikhon/Документы/magnolia/esp-idf/components/esp_rom/esp32s3/ld/esp32s3.rom.wdt.ld
-- Adding linker script /home/tikhon/Документы/magnolia/esp-idf/components/esp_rom/esp32s3/ld/esp32s3.rom.version.ld
-- Adding linker script /home/tikhon/Документы/magnolia/esp-idf/components/esp_rom/esp32s3/ld/esp32s3.rom.ble_master.ld
-- Adding linker script /home/tikhon/Документы/magnolia/esp-idf/components/esp_rom/esp32s3/ld/esp32s3.rom.ble_50.ld
-- Adding linker script /home/tikhon/Документы/magnolia/esp-idf/components/esp_rom/esp32s3/ld/esp32s3.rom.ble_smp.ld
-- Adding linker script /home/tikhon/Документы/magnolia/esp-idf/components/esp_rom/esp32s3/ld/esp32s3.rom.ble_dtm.ld
-- Adding linker script /home/tikhon/Документы/magnolia/esp-idf/components/esp_rom/esp32s3/ld/esp32s3.rom.bt_funcs.ld
-- Adding linker script /home/tikhon/Документы/magnolia/esp-idf/components/esp_rom/esp32s3/ld/esp32s3.rom.ble_test.ld
-- Adding linker script /home/tikhon/Документы/magnolia/esp-idf/components/esp_rom/esp32s3/ld/esp32s3.rom.ble_scan.ld
-- Adding linker script /home/tikhon/Документы/magnolia/esp-idf/components/esp_rom/esp32s3/ld/esp32s3.rom.libgcc.ld
-- Adding linker script /home/tikhon/Документы/magnolia/esp-idf/components/esp_rom/esp32s3/ld/esp32s3.rom.libc.ld
-- Adding linker script /home/tikhon/Документы/magnolia/esp-idf/components/esp_rom/esp32s3/ld/esp32s3.rom.newlib.ld
-- Adding linker script /home/tikhon/Документы/magnolia/esp-idf/components/esp_rom/esp32s3/ld/esp32s3.rom.wdt.ld
-- Adding linker script /home/tikhon/Документы/magnolia/esp-idf/components/esp_rom/esp32s3/ld/esp32s3.rom.version.ld
-- Adding linker script /home/tikhon/Документы/magnolia/esp-idf/components/esp_rom/esp32s3/ld/esp32s3.rom.ble_master.ld
-- Adding linker script /home/tikhon/Документы/magnolia/esp-idf/components/esp_rom/esp32s3/ld/esp32s3.rom.ble_50.ld
-- Adding linker script /home/tikhon/Документы/magnolia/esp-idf/components/esp_rom/esp32s3/ld/esp32s3.rom.ble_smp.ld
-- Adding linker script /home/tikhon/Документы/magnolia/esp-idf/components/esp_rom/esp32s3/ld/esp32s3.rom.ble_dtm.ld
-- Adding linker script /home/tikhon/Документы/magnolia/esp-idf/components/esp_rom/esp32s3/ld/esp32s3.rom.ble_test.ld
-- Adding linker script /home/tikhon/Документы/magnolia/esp-idf/components/esp_rom/esp32s3/ld/esp32s3.rom.ble_scan.ld
-- Adding linker script /home/tikhon/Документы/magnolia/esp-idf/components/esp_rom/esp32s3/ld/esp32s3.rom.libc.ld
-- Adding linker script /home/tikhon/Документы/magnolia/esp-idf/components/esp_rom/esp32s3/ld/esp32s3.rom.newlib.ld
-- Adding linker script /home/tikhon/Документы/magnolia/applets/mainline/rmdir/build/esp-idf/esp_system/ld/memory.ld
-- Adding linker script /home/tikhon/Документы/magnolia/applets/mainline/rmdir/build/esp-idf/esp_system/ld/sections.ld.in
-- Adding linker script /home/tikhon/Документы/magnolia/esp-idf/components/soc/esp32s3/ld/esp32s3.peripherals.ld
-- Adding linker script /home/tikhon/Документы/magnolia/esp-idf/components/soc/esp32s3/ld/esp32s3.peripherals.ld
-- Adding linker script /home/tikhon/Документы/magnolia/esp-idf/components/esp_rom/esp32s3/ld/esp32s3.rom.ld
-- Adding linker script /home/tikhon/Документы/magnolia/esp-idf/components/esp_rom/esp32s3/ld/esp32s3.rom.api.ld
-- Adding linker script /home/tikhon/Документы/magnolia/esp-idf/components/esp_rom/esp32s3/ld/esp32s3.rom.bt_funcs.ld
-- Adding linker script /home/tikhon/Документы/magnolia/esp-idf/components/esp_rom/esp32s3/ld/esp32s3.rom.libgcc.ld
-- Adding linker script /home/tikhon/Документы/magnolia/esp-idf/components/esp_rom/esp32s3/ld/esp32s3.rom.wdt.ld
-- Adding linker script /home/tikhon/Документы/magnolia/esp-idf/components/esp_rom/esp32s3/ld/esp32s3.rom.version.ld
-- Adding linker script /home/tikhon/Документы/magnolia/esp-idf/components/esp_rom/esp32s3/ld/esp32s3.rom.ble_master.ld
-- Adding linker script /home/tikhon/Документы/magnolia/esp-idf/components/esp_rom/esp32s3/ld/esp32s3.rom.ble_50.ld
-- Adding linker script /home/tikhon/Документы/magnolia/esp-idf/components/esp_rom/esp32s3/ld/esp32s3.rom.ble_smp.ld
-- Adding linker script /home/tikhon/Документы/magnolia/esp-idf/components/esp_rom/esp32s3/ld/esp32s3.rom.ble_dtm.ld
-- Adding linker script /home/tikhon/Документы/magnolia/esp-idf/components/esp_rom/esp32s3/ld/esp32s3.rom.ble_test.ld
-- Adding linker script /home/tikhon/Документы/magnolia/esp-idf/components/esp_rom/esp32s3/ld/esp32s3.rom.ble_scan.ld
-- Adding linker script /home/tikhon/Документы/magnolia/esp-idf/components/esp_rom/esp32s3/ld/esp32s3.rom.libc.ld
-- USING O3
-- Adding linker script /home/tikhon/Документы/magnolia/esp-idf/components/esp_rom/esp32s3/ld/esp32s3.rom.newlib.ld
-- App "test" version: fce3dc6-dirty
-- Adding linker script /home/tikhon/Документы/magnolia/esp-idf/components/soc/esp32s3/ld/esp32s3.peripherals.ld
-- USING O3
-- USING O3
-- Adding linker script /home/tikhon/Документы/magnolia/applets/mainline/sh/build/esp-idf/esp_system/ld/memory.ld
-- Adding linker script /home/tikhon/Документы/magnolia/applets/mainline/sh/build/esp-idf/esp_system/ld/sections.ld.in
-- Adding linker script /home/tikhon/Документы/magnolia/applets/mainline/sleep/build/esp-idf/esp_system/ld/memory.ld
-- Adding linker script /home/tikhon/Документы/magnolia/applets/mainline/sleep/build/esp-idf/esp_system/ld/sections.ld.in
-- Adding linker script /home/tikhon/Документы/magnolia/applets/mainline/tee/build/esp-idf/esp_system/ld/memory.ld
-- Adding linker script /home/tikhon/Документы/magnolia/applets/mainline/tee/build/esp-idf/esp_system/ld/sections.ld.in
-- Adding linker script /home/tikhon/Документы/magnolia/esp-idf/components/esp_rom/esp32s3/ld/esp32s3.rom.ld
-- Adding linker script /home/tikhon/Документы/magnolia/esp-idf/components/esp_rom/esp32s3/ld/esp32s3.rom.api.ld
-- Adding linker script /home/tikhon/Документы/magnolia/esp-idf/components/esp_rom/esp32s3/ld/esp32s3.rom.bt_funcs.ld
-- Adding linker script /home/tikhon/Документы/magnolia/esp-idf/components/esp_rom/esp32s3/ld/esp32s3.rom.libgcc.ld
-- Adding linker script /home/tikhon/Документы/magnolia/esp-idf/components/esp_rom/esp32s3/ld/esp32s3.rom.wdt.ld
-- Adding linker script /home/tikhon/Документы/magnolia/esp-idf/components/esp_rom/esp32s3/ld/esp32s3.rom.version.ld
-- Adding linker script /home/tikhon/Документы/magnolia/esp-idf/components/esp_rom/esp32s3/ld/esp32s3.rom.ble_master.ld
-- Adding linker script /home/tikhon/Документы/magnolia/esp-idf/components/esp_rom/esp32s3/ld/esp32s3.rom.ld
-- Adding linker script /home/tikhon/Документы/magnolia/esp-idf/components/esp_rom/esp32s3/ld/esp32s3.rom.ble_50.ld
-- Adding linker script /home/tikhon/Документы/magnolia/esp-idf/components/esp_rom/esp32s3/ld/esp32s3.rom.ble_smp.ld
-- Adding linker script /home/tikhon/Документы/magnolia/esp-idf/components/esp_rom/esp32s3/ld/esp32s3.rom.ble_dtm.ld
-- Adding linker script /home/tikhon/Документы/magnolia/esp-idf/components/esp_rom/esp32s3/ld/esp32s3.rom.ble_test.ld
-- Adding linker script /home/tikhon/Документы/magnolia/esp-idf/components/esp_rom/esp32s3/ld/esp32s3.rom.ble_scan.ld
-- Adding linker script /home/tikhon/Документы/magnolia/esp-idf/components/esp_rom/esp32s3/ld/esp32s3.rom.ld
-- Adding linker script /home/tikhon/Документы/magnolia/esp-idf/components/esp_rom/esp32s3/ld/esp32s3.rom.api.ld
-- Adding linker script /home/tikhon/Документы/magnolia/esp-idf/components/esp_rom/esp32s3/ld/esp32s3.rom.libc.ld
-- Adding linker script /home/tikhon/Документы/magnolia/esp-idf/components/esp_rom/esp32s3/ld/esp32s3.rom.bt_funcs.ld
-- Adding linker script /home/tikhon/Документы/magnolia/esp-idf/components/esp_rom/esp32s3/ld/esp32s3.rom.newlib.ld
-- Adding linker script /home/tikhon/Документы/magnolia/esp-idf/components/esp_rom/esp32s3/ld/esp32s3.rom.libgcc.ld
-- Adding linker script /home/tikhon/Документы/magnolia/esp-idf/components/esp_rom/esp32s3/ld/esp32s3.rom.wdt.ld
-- Adding linker script /home/tikhon/Документы/magnolia/esp-idf/components/esp_rom/esp32s3/ld/esp32s3.rom.version.ld
-- Adding linker script /home/tikhon/Документы/magnolia/esp-idf/components/esp_rom/esp32s3/ld/esp32s3.rom.ble_master.ld
-- Adding linker script /home/tikhon/Документы/magnolia/esp-idf/components/esp_rom/esp32s3/ld/esp32s3.rom.ble_50.ld
-- Adding linker script /home/tikhon/Документы/magnolia/esp-idf/components/esp_rom/esp32s3/ld/esp32s3.rom.ble_smp.ld
-- Adding linker script /home/tikhon/Документы/magnolia/esp-idf/components/esp_rom/esp32s3/ld/esp32s3.rom.ble_dtm.ld
-- Adding linker script /home/tikhon/Документы/magnolia/esp-idf/components/esp_rom/esp32s3/ld/esp32s3.rom.ble_test.ld
-- Adding linker script /home/tikhon/Документы/magnolia/esp-idf/components/esp_rom/esp32s3/ld/esp32s3.rom.ble_scan.ld
-- Adding linker script /home/tikhon/Документы/magnolia/esp-idf/components/esp_rom/esp32s3/ld/esp32s3.rom.libc.ld
-- Adding linker script /home/tikhon/Документы/magnolia/esp-idf/components/esp_rom/esp32s3/ld/esp32s3.rom.newlib.ld
-- Adding linker script /home/tikhon/Документы/magnolia/esp-idf/components/esp_rom/esp32s3/ld/esp32s3.rom.api.ld
-- Adding linker script /home/tikhon/Документы/magnolia/esp-idf/components/esp_rom/esp32s3/ld/esp32s3.rom.bt_funcs.ld
-- Adding linker script /home/tikhon/Документы/magnolia/esp-idf/components/esp_rom/esp32s3/ld/esp32s3.rom.libgcc.ld
-- Adding linker script /home/tikhon/Документы/magnolia/esp-idf/components/esp_rom/esp32s3/ld/esp32s3.rom.wdt.ld
-- Adding linker script /home/tikhon/Документы/magnolia/esp-idf/components/esp_rom/esp32s3/ld/esp32s3.rom.version.ld
-- Adding linker script /home/tikhon/Документы/magnolia/esp-idf/components/esp_rom/esp32s3/ld/esp32s3.rom.ble_master.ld
-- Adding linker script /home/tikhon/Документы/magnolia/esp-idf/components/esp_rom/esp32s3/ld/esp32s3.rom.ble_50.ld
-- Adding linker script /home/tikhon/Документы/magnolia/esp-idf/components/esp_rom/esp32s3/ld/esp32s3.rom.ble_smp.ld
-- Adding linker script /home/tikhon/Документы/magnolia/esp-idf/components/esp_rom/esp32s3/ld/esp32s3.rom.ble_dtm.ld
-- Adding linker script /home/tikhon/Документы/magnolia/esp-idf/components/esp_rom/esp32s3/ld/esp32s3.rom.ble_test.ld
-- Adding linker script /home/tikhon/Документы/magnolia/esp-idf/components/esp_rom/esp32s3/ld/esp32s3.rom.ble_scan.ld
-- Adding linker script /home/tikhon/Документы/magnolia/esp-idf/components/esp_rom/esp32s3/ld/esp32s3.rom.libc.ld
-- Adding linker script /home/tikhon/Документы/magnolia/esp-idf/components/esp_rom/esp32s3/ld/esp32s3.rom.newlib.ld
-- Adding linker script /home/tikhon/Документы/magnolia/esp-idf/components/soc/esp32s3/ld/esp32s3.peripherals.ld
-- Adding linker script /home/tikhon/Документы/magnolia/esp-idf/components/soc/esp32s3/ld/esp32s3.peripherals.ld
-- USING O3
-- Adding linker script /home/tikhon/Документы/magnolia/esp-idf/components/soc/esp32s3/ld/esp32s3.peripherals.ld
-- USING O3
-- Adding linker script /home/tikhon/Документы/magnolia/applets/mainline/touch/build/esp-idf/esp_system/ld/memory.ld
-- Adding linker script /home/tikhon/Документы/magnolia/applets/mainline/touch/build/esp-idf/esp_system/ld/sections.ld.in
-- Adding linker script /home/tikhon/Документы/magnolia/esp-idf/components/esp_rom/esp32s3/ld/esp32s3.rom.ld
-- Adding linker script /home/tikhon/Документы/magnolia/esp-idf/components/esp_rom/esp32s3/ld/esp32s3.rom.api.ld
-- Adding linker script /home/tikhon/Документы/magnolia/esp-idf/components/esp_rom/esp32s3/ld/esp32s3.rom.bt_funcs.ld
-- Adding linker script /home/tikhon/Документы/magnolia/esp-idf/components/esp_rom/esp32s3/ld/esp32s3.rom.libgcc.ld
-- Adding linker script /home/tikhon/Документы/magnolia/esp-idf/components/esp_rom/esp32s3/ld/esp32s3.rom.wdt.ld
-- Adding linker script /home/tikhon/Документы/magnolia/esp-idf/components/esp_rom/esp32s3/ld/esp32s3.rom.version.ld
-- Adding linker script /home/tikhon/Документы/magnolia/esp-idf/components/esp_rom/esp32s3/ld/esp32s3.rom.ble_master.ld
-- Adding linker script /home/tikhon/Документы/magnolia/applets/mainline/sort/build/esp-idf/esp_system/ld/memory.ld
-- Adding linker script /home/tikhon/Документы/magnolia/esp-idf/components/esp_rom/esp32s3/ld/esp32s3.rom.ble_50.ld
-- Adding linker script /home/tikhon/Документы/magnolia/esp-idf/components/esp_rom/esp32s3/ld/esp32s3.rom.ble_smp.ld
-- Adding linker script /home/tikhon/Документы/magnolia/esp-idf/components/esp_rom/esp32s3/ld/esp32s3.rom.ble_dtm.ld
-- Adding linker script /home/tikhon/Документы/magnolia/applets/mainline/sort/build/esp-idf/esp_system/ld/sections.ld.in
-- Adding linker script /home/tikhon/Документы/magnolia/esp-idf/components/esp_rom/esp32s3/ld/esp32s3.rom.ble_test.ld
-- Adding linker script /home/tikhon/Документы/magnolia/esp-idf/components/esp_rom/esp32s3/ld/esp32s3.rom.ble_scan.ld
-- Adding linker script /home/tikhon/Документы/magnolia/esp-idf/components/esp_rom/esp32s3/ld/esp32s3.rom.libc.ld
-- Adding linker script /home/tikhon/Документы/magnolia/esp-idf/components/esp_rom/esp32s3/ld/esp32s3.rom.newlib.ld
-- Adding linker script /home/tikhon/Документы/magnolia/esp-idf/components/esp_rom/esp32s3/ld/esp32s3.rom.ld
-- Adding linker script /home/tikhon/Документы/magnolia/esp-idf/components/esp_rom/esp32s3/ld/esp32s3.rom.api.ld
-- Adding linker script /home/tikhon/Документы/magnolia/esp-idf/components/esp_rom/esp32s3/ld/esp32s3.rom.bt_funcs.ld
-- Adding linker script /home/tikhon/Документы/magnolia/esp-idf/components/esp_rom/esp32s3/ld/esp32s3.rom.libgcc.ld
-- Adding linker script /home/tikhon/Документы/magnolia/esp-idf/components/esp_rom/esp32s3/ld/esp32s3.rom.wdt.ld
-- Adding linker script /home/tikhon/Документы/magnolia/esp-idf/components/esp_rom/esp32s3/ld/esp32s3.rom.version.ld
-- Adding linker script /home/tikhon/Документы/magnolia/esp-idf/components/esp_rom/esp32s3/ld/esp32s3.rom.ble_master.ld
-- Adding linker script /home/tikhon/Документы/magnolia/esp-idf/components/esp_rom/esp32s3/ld/esp32s3.rom.ble_50.ld
-- Adding linker script /home/tikhon/Документы/magnolia/esp-idf/components/esp_rom/esp32s3/ld/esp32s3.rom.ble_smp.ld
-- Adding linker script /home/tikhon/Документы/magnolia/esp-idf/components/esp_rom/esp32s3/ld/esp32s3.rom.ble_dtm.ld
-- Adding linker script /home/tikhon/Документы/magnolia/esp-idf/components/esp_rom/esp32s3/ld/esp32s3.rom.ble_test.ld
-- Adding linker script /home/tikhon/Документы/magnolia/esp-idf/components/esp_rom/esp32s3/ld/esp32s3.rom.ble_scan.ld
-- Adding linker script /home/tikhon/Документы/magnolia/esp-idf/components/esp_rom/esp32s3/ld/esp32s3.rom.libc.ld
-- Adding linker script /home/tikhon/Документы/magnolia/esp-idf/components/esp_rom/esp32s3/ld/esp32s3.rom.newlib.ld
-- Components: app_trace app_update bootloader bootloader_support bt cmock console cxx driver efuse esp-tls esp_adc esp_app_format esp_bootloader_format esp_coex esp_common esp_driver_ana_cmpr esp_driver_bitscrambler esp_driver_cam esp_driver_dac esp_driver_gpio esp_driver_gptimer esp_driver_i2c esp_driver_i2s esp_driver_i3c esp_driver_isp esp_driver_jpeg esp_driver_ledc esp_driver_mcpwm esp_driver_parlio esp_driver_pcnt esp_driver_ppa esp_driver_rmt esp_driver_sd_intf esp_driver_sdio esp_driver_sdm esp_driver_sdmmc esp_driver_sdspi esp_driver_spi esp_driver_touch_sens esp_driver_tsens esp_driver_twai esp_driver_uart esp_driver_usb_serial_jtag esp_eth esp_event esp_gdbstub esp_hid esp_http_client esp_http_server esp_https_ota esp_https_server esp_hw_support esp_lcd esp_local_ctrl esp_mm esp_netif esp_netif_stack esp_partition esp_phy esp_pm esp_psram esp_ringbuf esp_rom esp_security esp_system esp_timer esp_vfs_console esp_wifi espcoredump espressif__cmake_utilities espressif__elf_loader esptool_py fatfs freertos hal heap http_parser idf_test ieee802154 json log lwip main mbedtls mqtt newlib nvs_flash nvs_sec_provider openthread partition_table perfmon protobuf-c protocomm pthread rt sdmmc soc spi_flash spiffs tcp_transport touch_element ulp unity usb vfs wear_levelling wifi_provisioning wpa_supplicant xtensa
-- Component paths: /home/tikhon/Документы/magnolia/esp-idf/components/app_trace /home/tikhon/Документы/magnolia/esp-idf/components/app_update /home/tikhon/Документы/magnolia/esp-idf/components/bootloader /home/tikhon/Документы/magnolia/esp-idf/components/bootloader_support /home/tikhon/Документы/magnolia/esp-idf/components/bt /home/tikhon/Документы/magnolia/esp-idf/components/cmock /home/tikhon/Документы/magnolia/esp-idf/components/console /home/tikhon/Документы/magnolia/esp-idf/components/cxx /home/tikhon/Документы/magnolia/esp-idf/components/driver /home/tikhon/Документы/magnolia/esp-idf/components/efuse /home/tikhon/Документы/magnolia/esp-idf/components/esp-tls /home/tikhon/Документы/magnolia/esp-idf/components/esp_adc /home/tikhon/Документы/magnolia/esp-idf/components/esp_app_format /home/tikhon/Документы/magnolia/esp-idf/components/esp_bootloader_format /home/tikhon/Документы/magnolia/esp-idf/components/esp_coex /home/tikhon/Документы/magnolia/esp-idf/components/esp_common /home/tikhon/Документы/magnolia/esp-idf/components/esp_driver_ana_cmpr /home/tikhon/Документы/magnolia/esp-idf/components/esp_driver_bitscrambler /home/tikhon/Документы/magnolia/esp-idf/components/esp_driver_cam /home/tikhon/Документы/magnolia/esp-idf/components/esp_driver_dac /home/tikhon/Документы/magnolia/esp-idf/components/esp_driver_gpio /home/tikhon/Документы/magnolia/esp-idf/components/esp_driver_gptimer /home/tikhon/Документы/magnolia/esp-idf/components/esp_driver_i2c /home/tikhon/Документы/magnolia/esp-idf/components/esp_driver_i2s /home/tikhon/Документы/magnolia/esp-idf/components/esp_driver_i3c /home/tikhon/Документы/magnolia/esp-idf/components/esp_driver_isp /home/tikhon/Документы/magnolia/esp-idf/components/esp_driver_jpeg /home/tikhon/Документы/magnolia/esp-idf/components/esp_driver_ledc /home/tikhon/Документы/magnolia/esp-idf/components/esp_driver_mcpwm /home/tikhon/Документы/magnolia/esp-idf/components/esp_driver_parlio /home/tikhon/Документы/magnolia/esp-idf/components/esp_driver_pcnt /home/tikhon/Документы/magnolia/esp-idf/components/esp_driver_ppa /home/tikhon/Документы/magnolia/esp-idf/components/esp_driver_rmt /home/tikhon/Документы/magnolia/esp-idf/components/esp_driver_sd_intf /home/tikhon/Документы/magnolia/esp-idf/components/esp_driver_sdio /home/tikhon/Документы/magnolia/esp-idf/components/esp_driver_sdm /home/tikhon/Документы/magnolia/esp-idf/components/esp_driver_sdmmc /home/tikhon/Документы/magnolia/esp-idf/components/esp_driver_sdspi /home/tikhon/Документы/magnolia/esp-idf/components/esp_driver_spi /home/tikhon/Документы/magnolia/esp-idf/components/esp_driver_touch_sens /home/tikhon/Документы/magnolia/esp-idf/components/esp_driver_tsens /home/tikhon/Документы/magnolia/esp-idf/components/esp_driver_twai /home/tikhon/Документы/magnolia/esp-idf/components/esp_driver_uart /home/tikhon/Документы/magnolia/esp-idf/components/esp_driver_usb_serial_jtag /home/tikhon/Документы/magnolia/esp-idf/components/esp_eth /home/tikhon/Документы/magnolia/esp-idf/components/esp_event /home/tikhon/Документы/magnolia/esp-idf/components/esp_gdbstub /home/tikhon/Документы/magnolia/esp-idf/components/esp_hid /home/tikhon/Документы/magnolia/esp-idf/components/esp_http_client /home/tikhon/Документы/magnolia/esp-idf/components/esp_http_server /home/tikhon/Документы/magnolia/esp-idf/components/esp_https_ota /home/tikhon/Документы/magnolia/esp-idf/components/esp_https_server /home/tikhon/Документы/magnolia/esp-idf/components/esp_hw_support /home/tikhon/Документы/magnolia/esp-idf/components/esp_lcd /home/tikhon/Документы/magnolia/esp-idf/components/esp_local_ctrl /home/tikhon/Документы/magnolia/esp-idf/components/esp_mm /home/tikhon/Документы/magnolia/esp-idf/components/esp_netif /home/tikhon/Документы/magnolia/esp-idf/components/esp_netif_stack /home/tikhon/Документы/magnolia/esp-idf/components/esp_partition /home/tikhon/Документы/magnolia/esp-idf/components/esp_phy /home/tikhon/Документы/magnolia/esp-idf/components/esp_pm /home/tikhon/Документы/magnolia/esp-idf/components/esp_psram /home/tikhon/Документы/magnolia/esp-idf/components/esp_ringbuf /home/tikhon/Документы/magnolia/esp-idf/components/esp_rom /home/tikhon/Документы/magnolia/esp-idf/components/esp_security /home/tikhon/Документы/magnolia/esp-idf/components/esp_system /home/tikhon/Документы/magnolia/esp-idf/components/esp_timer /home/tikhon/Документы/magnolia/esp-idf/components/esp_vfs_console /home/tikhon/Документы/magnolia/esp-idf/components/esp_wifi /home/tikhon/Документы/magnolia/esp-idf/components/espcoredump /home/tikhon/Документы/magnolia/applets/mainline/elftest/managed_components/espressif__cmake_utilities /home/tikhon/Документы/magnolia/applets/mainline/elftest/managed_components/espressif__elf_loader /home/tikhon/Документы/magnolia/esp-idf/components/esptool_py /home/tikhon/Документы/magnolia/esp-idf/components/fatfs /home/tikhon/Документы/magnolia/esp-idf/components/freertos /home/tikhon/Документы/magnolia/esp-idf/components/hal /home/tikhon/Документы/magnolia/esp-idf/components/heap /home/tikhon/Документы/magnolia/esp-idf/components/http_parser /home/tikhon/Документы/magnolia/esp-idf/components/idf_test /home/tikhon/Документы/magnolia/esp-idf/components/ieee802154 /home/tikhon/Документы/magnolia/esp-idf/components/json /home/tikhon/Документы/magnolia/esp-idf/components/log /home/tikhon/Документы/magnolia/esp-idf/components/lwip /home/tikhon/Документы/magnolia/applets/mainline/elftest/main /home/tikhon/Документы/magnolia/esp-idf/components/mbedtls /home/tikhon/Документы/magnolia/esp-idf/components/mqtt /home/tikhon/Документы/magnolia/esp-idf/components/newlib /home/tikhon/Документы/magnolia/esp-idf/components/nvs_flash /home/tikhon/Документы/magnolia/esp-idf/components/nvs_sec_provider /home/tikhon/Документы/magnolia/esp-idf/components/openthread /home/tikhon/Документы/magnolia/esp-idf/components/partition_table /home/tikhon/Документы/magnolia/esp-idf/components/perfmon /home/tikhon/Документы/magnolia/esp-idf/components/protobuf-c /home/tikhon/Документы/magnolia/esp-idf/components/protocomm /home/tikhon/Документы/magnolia/esp-idf/components/pthread /home/tikhon/Документы/magnolia/esp-idf/components/rt /home/tikhon/Документы/magnolia/esp-idf/components/sdmmc /home/tikhon/Документы/magnolia/esp-idf/components/soc /home/tikhon/Документы/magnolia/esp-idf/components/spi_flash /home/tikhon/Документы/magnolia/esp-idf/components/spiffs /home/tikhon/Документы/magnolia/esp-idf/components/tcp_transport /home/tikhon/Документы/magnolia/esp-idf/components/touch_element /home/tikhon/Документы/magnolia/esp-idf/components/ulp /home/tikhon/Документы/magnolia/esp-idf/components/unity /home/tikhon/Документы/magnolia/esp-idf/components/usb /home/tikhon/Документы/magnolia/esp-idf/components/vfs /home/tikhon/Документы/magnolia/esp-idf/components/wear_levelling /home/tikhon/Документы/magnolia/esp-idf/components/wifi_provisioning /home/tikhon/Документы/magnolia/esp-idf/components/wpa_supplicant /home/tikhon/Документы/magnolia/esp-idf/components/xtensa
-- Adding linker script /home/tikhon/Документы/magnolia/esp-idf/components/soc/esp32s3/ld/esp32s3.peripherals.ld
-- Adding linker script /home/tikhon/Документы/magnolia/esp-idf/components/soc/esp32s3/ld/esp32s3.peripherals.ld
-- Configuring done (9.8s)
-- USING O3
-- Adding linker script /home/tikhon/Документы/magnolia/applets/mainline/test/build/esp-idf/esp_system/ld/memory.ld
-- Adding linker script /home/tikhon/Документы/magnolia/applets/mainline/test/build/esp-idf/esp_system/ld/sections.ld.in
-- Adding linker script /home/tikhon/Документы/magnolia/esp-idf/components/esp_rom/esp32s3/ld/esp32s3.rom.ld
-- Adding linker script /home/tikhon/Документы/magnolia/esp-idf/components/esp_rom/esp32s3/ld/esp32s3.rom.api.ld
-- Adding linker script /home/tikhon/Документы/magnolia/esp-idf/components/esp_rom/esp32s3/ld/esp32s3.rom.bt_funcs.ld
-- Adding linker script /home/tikhon/Документы/magnolia/esp-idf/components/esp_rom/esp32s3/ld/esp32s3.rom.libgcc.ld
-- Adding linker script /home/tikhon/Документы/magnolia/esp-idf/components/esp_rom/esp32s3/ld/esp32s3.rom.wdt.ld
-- Adding linker script /home/tikhon/Документы/magnolia/esp-idf/components/esp_rom/esp32s3/ld/esp32s3.rom.version.ld
-- Adding linker script /home/tikhon/Документы/magnolia/esp-idf/components/esp_rom/esp32s3/ld/esp32s3.rom.ble_master.ld
-- Adding linker script /home/tikhon/Документы/magnolia/esp-idf/components/esp_rom/esp32s3/ld/esp32s3.rom.ble_50.ld
-- Adding linker script /home/tikhon/Документы/magnolia/esp-idf/components/esp_rom/esp32s3/ld/esp32s3.rom.ble_smp.ld
-- Adding linker script /home/tikhon/Документы/magnolia/esp-idf/components/esp_rom/esp32s3/ld/esp32s3.rom.ble_dtm.ld
-- Adding linker script /home/tikhon/Документы/magnolia/esp-idf/components/esp_rom/esp32s3/ld/esp32s3.rom.ble_test.ld
-- Adding linker script /home/tikhon/Документы/magnolia/esp-idf/components/esp_rom/esp32s3/ld/esp32s3.rom.ble_scan.ld
-- Adding linker script /home/tikhon/Документы/magnolia/esp-idf/components/esp_rom/esp32s3/ld/esp32s3.rom.libc.ld
-- Adding linker script /home/tikhon/Документы/magnolia/esp-idf/components/esp_rom/esp32s3/ld/esp32s3.rom.newlib.ld
-- Adding linker script /home/tikhon/Документы/magnolia/esp-idf/components/soc/esp32s3/ld/esp32s3.peripherals.ld
-- Components: app_trace app_update bootloader bootloader_support bt cmock console cxx driver efuse esp-tls esp_adc esp_app_format esp_bootloader_format esp_coex esp_common esp_driver_ana_cmpr esp_driver_bitscrambler esp_driver_cam esp_driver_dac esp_driver_gpio esp_driver_gptimer esp_driver_i2c esp_driver_i2s esp_driver_i3c esp_driver_isp esp_driver_jpeg esp_driver_ledc esp_driver_mcpwm esp_driver_parlio esp_driver_pcnt esp_driver_ppa esp_driver_rmt esp_driver_sd_intf esp_driver_sdio esp_driver_sdm esp_driver_sdmmc esp_driver_sdspi esp_driver_spi esp_driver_touch_sens esp_driver_tsens esp_driver_twai esp_driver_uart esp_driver_usb_serial_jtag esp_eth esp_event esp_gdbstub esp_hid esp_http_client esp_http_server esp_https_ota esp_https_server esp_hw_support esp_lcd esp_local_ctrl esp_mm esp_netif esp_netif_stack esp_partition esp_phy esp_pm esp_psram esp_ringbuf esp_rom esp_security esp_system esp_timer esp_vfs_console esp_wifi espcoredump esptool_py fatfs freertos hal heap http_parser idf_test ieee802154 json log lwip main mbedtls mqtt newlib nvs_flash nvs_sec_provider openthread partition_table perfmon protobuf-c protocomm pthread rt sdmmc soc spi_flash spiffs tcp_transport touch_element ulp unity usb vfs wear_levelling wifi_provisioning wpa_supplicant xtensa
-- Component paths: /home/tikhon/Документы/magnolia/esp-idf/components/app_trace /home/tikhon/Документы/magnolia/esp-idf/components/app_update /home/tikhon/Документы/magnolia/esp-idf/components/bootloader /home/tikhon/Документы/magnolia/esp-idf/components/bootloader_support /home/tikhon/Документы/magnolia/esp-idf/components/bt /home/tikhon/Документы/magnolia/esp-idf/components/cmock /home/tikhon/Документы/magnolia/esp-idf/components/console /home/tikhon/Документы/magnolia/esp-idf/components/cxx /home/tikhon/Документы/magnolia/esp-idf/components/driver /home/tikhon/Документы/magnolia/esp-idf/components/efuse /home/tikhon/Документы/magnolia/esp-idf/components/esp-tls /home/tikhon/Документы/magnolia/esp-idf/components/esp_adc /home/tikhon/Документы/magnolia/esp-idf/components/esp_app_format /home/tikhon/Документы/magnolia/esp-idf/components/esp_bootloader_format /home/tikhon/Документы/magnolia/esp-idf/components/esp_coex /home/tikhon/Документы/magnolia/esp-idf/components/esp_common /home/tikhon/Документы/magnolia/esp-idf/components/esp_driver_ana_cmpr /home/tikhon/Документы/magnolia/esp-idf/components/esp_driver_bitscrambler /home/tikhon/Документы/magnolia/esp-idf/components/esp_driver_cam /home/tikhon/Документы/magnolia/esp-idf/components/esp_driver_dac /home/tikhon/Документы/magnolia/esp-idf/components/esp_driver_gpio /home/tikhon/Документы/magnolia/esp-idf/components/esp_driver_gptimer /home/tikhon/Документы/magnolia/esp-idf/components/esp_driver_i2c /home/tikhon/Документы/magnolia/esp-idf/components/esp_driver_i2s /home/tikhon/Документы/magnolia/esp-idf/components/esp_driver_i3c /home/tikhon/Документы/magnolia/esp-idf/components/esp_driver_isp /home/tikhon/Документы/magnolia/esp-idf/components/esp_driver_jpeg /home/tikhon/Документы/magnolia/esp-idf/components/esp_driver_ledc /home/tikhon/Документы/magnolia/esp-idf/components/esp_driver_mcpwm /home/tikhon/Документы/magnolia/esp-idf/components/esp_driver_parlio /home/tikhon/Документы/magnolia/esp-idf/components/esp_driver_pcnt /home/tikhon/Документы/magnolia/esp-idf/components/esp_driver_ppa /home/tikhon/Документы/magnolia/esp-idf/components/esp_driver_rmt /home/tikhon/Документы/magnolia/esp-idf/components/esp_driver_sd_intf /home/tikhon/Документы/magnolia/esp-idf/components/esp_driver_sdio /home/tikhon/Документы/magnolia/esp-idf/components/esp_driver_sdm /home/tikhon/Документы/magnolia/esp-idf/components/esp_driver_sdmmc /home/tikhon/Документы/magnolia/esp-idf/components/esp_driver_sdspi /home/tikhon/Документы/magnolia/esp-idf/components/esp_driver_spi /home/tikhon/Документы/magnolia/esp-idf/components/esp_driver_touch_sens /home/tikhon/Документы/magnolia/esp-idf/components/esp_driver_tsens /home/tikhon/Документы/magnolia/esp-idf/components/esp_driver_twai /home/tikhon/Документы/magnolia/esp-idf/components/esp_driver_uart /home/tikhon/Документы/magnolia/esp-idf/components/esp_driver_usb_serial_jtag /home/tikhon/Документы/magnolia/esp-idf/components/esp_eth /home/tikhon/Документы/magnolia/esp-idf/components/esp_event /home/tikhon/Документы/magnolia/esp-idf/components/esp_gdbstub /home/tikhon/Документы/magnolia/esp-idf/components/esp_hid /home/tikhon/Документы/magnolia/esp-idf/components/esp_http_client /home/tikhon/Документы/magnolia/esp-idf/components/esp_http_server /home/tikhon/Документы/magnolia/esp-idf/components/esp_https_ota /home/tikhon/Документы/magnolia/esp-idf/components/esp_https_server /home/tikhon/Документы/magnolia/esp-idf/components/esp_hw_support /home/tikhon/Документы/magnolia/esp-idf/components/esp_lcd /home/tikhon/Документы/magnolia/esp-idf/components/esp_local_ctrl /home/tikhon/Документы/magnolia/esp-idf/components/esp_mm /home/tikhon/Документы/magnolia/esp-idf/components/esp_netif /home/tikhon/Документы/magnolia/esp-idf/components/esp_netif_stack /home/tikhon/Документы/magnolia/esp-idf/components/esp_partition /home/tikhon/Документы/magnolia/esp-idf/components/esp_phy /home/tikhon/Документы/magnolia/esp-idf/components/esp_pm /home/tikhon/Документы/magnolia/esp-idf/components/esp_psram /home/tikhon/Документы/magnolia/esp-idf/components/esp_ringbuf /home/tikhon/Документы/magnolia/esp-idf/components/esp_rom /home/tikhon/Документы/magnolia/esp-idf/components/esp_security /home/tikhon/Документы/magnolia/esp-idf/components/esp_system /home/tikhon/Документы/magnolia/esp-idf/components/esp_timer /home/tikhon/Документы/magnolia/esp-idf/components/esp_vfs_console /home/tikhon/Документы/magnolia/esp-idf/components/esp_wifi /home/tikhon/Документы/magnolia/esp-idf/components/espcoredump /home/tikhon/Документы/magnolia/esp-idf/components/esptool_py /home/tikhon/Документы/magnolia/esp-idf/components/fatfs /home/tikhon/Документы/magnolia/esp-idf/components/freertos /home/tikhon/Документы/magnolia/esp-idf/components/hal /home/tikhon/Документы/magnolia/esp-idf/components/heap /home/tikhon/Документы/magnolia/esp-idf/components/http_parser /home/tikhon/Документы/magnolia/esp-idf/components/idf_test /home/tikhon/Документы/magnolia/esp-idf/components/ieee802154 /home/tikhon/Документы/magnolia/esp-idf/components/json /home/tikhon/Документы/magnolia/esp-idf/components/log /home/tikhon/Документы/magnolia/esp-idf/components/lwip /home/tikhon/Документы/magnolia/applets/mainline/pwd/main /home/tikhon/Документы/magnolia/esp-idf/components/mbedtls /home/tikhon/Документы/magnolia/esp-idf/components/mqtt /home/tikhon/Документы/magnolia/esp-idf/components/newlib /home/tikhon/Документы/magnolia/esp-idf/components/nvs_flash /home/tikhon/Документы/magnolia/esp-idf/components/nvs_sec_provider /home/tikhon/Документы/magnolia/esp-idf/components/openthread /home/tikhon/Документы/magnolia/esp-idf/components/partition_table /home/tikhon/Документы/magnolia/esp-idf/components/perfmon /home/tikhon/Документы/magnolia/esp-idf/components/protobuf-c /home/tikhon/Документы/magnolia/esp-idf/components/protocomm /home/tikhon/Документы/magnolia/esp-idf/components/pthread /home/tikhon/Документы/magnolia/esp-idf/components/rt /home/tikhon/Документы/magnolia/esp-idf/components/sdmmc /home/tikhon/Документы/magnolia/esp-idf/components/soc /home/tikhon/Документы/magnolia/esp-idf/components/spi_flash /home/tikhon/Документы/magnolia/esp-idf/components/spiffs /home/tikhon/Документы/magnolia/esp-idf/components/tcp_transport /home/tikhon/Документы/magnolia/esp-idf/components/touch_element /home/tikhon/Документы/magnolia/esp-idf/components/ulp /home/tikhon/Документы/magnolia/esp-idf/components/unity /home/tikhon/Документы/magnolia/esp-idf/components/usb /home/tikhon/Документы/magnolia/esp-idf/components/vfs /home/tikhon/Документы/magnolia/esp-idf/components/wear_levelling /home/tikhon/Документы/magnolia/esp-idf/components/wifi_provisioning /home/tikhon/Документы/magnolia/esp-idf/components/wpa_supplicant /home/tikhon/Документы/magnolia/esp-idf/components/xtensa
-- Configuring done (4.1s)
-- Components: app_trace app_update bootloader bootloader_support bt cmock console cxx driver efuse esp-tls esp_adc esp_app_format esp_bootloader_format esp_coex esp_common esp_driver_ana_cmpr esp_driver_bitscrambler esp_driver_cam esp_driver_dac esp_driver_gpio esp_driver_gptimer esp_driver_i2c esp_driver_i2s esp_driver_i3c esp_driver_isp esp_driver_jpeg esp_driver_ledc esp_driver_mcpwm esp_driver_parlio esp_driver_pcnt esp_driver_ppa esp_driver_rmt esp_driver_sd_intf esp_driver_sdio esp_driver_sdm esp_driver_sdmmc esp_driver_sdspi esp_driver_spi esp_driver_touch_sens esp_driver_tsens esp_driver_twai esp_driver_uart esp_driver_usb_serial_jtag esp_eth esp_event esp_gdbstub esp_hid esp_http_client esp_http_server esp_https_ota esp_https_server esp_hw_support esp_lcd esp_local_ctrl esp_mm esp_netif esp_netif_stack esp_partition esp_phy esp_pm esp_psram esp_ringbuf esp_rom esp_security esp_system esp_timer esp_vfs_console esp_wifi espcoredump esptool_py fatfs freertos hal heap http_parser idf_test ieee802154 json log lwip main mbedtls mqtt newlib nvs_flash nvs_sec_provider openthread partition_table perfmon protobuf-c protocomm pthread rt sdmmc soc spi_flash spiffs tcp_transport touch_element ulp unity usb vfs wear_levelling wifi_provisioning wpa_supplicant xtensa
-- Component paths: /home/tikhon/Документы/magnolia/esp-idf/components/app_trace /home/tikhon/Документы/magnolia/esp-idf/components/app_update /home/tikhon/Документы/magnolia/esp-idf/components/bootloader /home/tikhon/Документы/magnolia/esp-idf/components/bootloader_support /home/tikhon/Документы/magnolia/esp-idf/components/bt /home/tikhon/Документы/magnolia/esp-idf/components/cmock /home/tikhon/Документы/magnolia/esp-idf/components/console /home/tikhon/Документы/magnolia/esp-idf/components/cxx /home/tikhon/Документы/magnolia/esp-idf/components/driver /home/tikhon/Документы/magnolia/esp-idf/components/efuse /home/tikhon/Документы/magnolia/esp-idf/components/esp-tls /home/tikhon/Документы/magnolia/esp-idf/components/esp_adc /home/tikhon/Документы/magnolia/esp-idf/components/esp_app_format /home/tikhon/Документы/magnolia/esp-idf/components/esp_bootloader_format /home/tikhon/Документы/magnolia/esp-idf/components/esp_coex /home/tikhon/Документы/magnolia/esp-idf/components/esp_common /home/tikhon/Документы/magnolia/esp-idf/components/esp_driver_ana_cmpr /home/tikhon/Документы/magnolia/esp-idf/components/esp_driver_bitscrambler /home/tikhon/Документы/magnolia/esp-idf/components/esp_driver_cam /home/tikhon/Документы/magnolia/esp-idf/components/esp_driver_dac /home/tikhon/Документы/magnolia/esp-idf/components/esp_driver_gpio /home/tikhon/Документы/magnolia/esp-idf/components/esp_driver_gptimer /home/tikhon/Документы/magnolia/esp-idf/components/esp_driver_i2c /home/tikhon/Документы/magnolia/esp-idf/components/esp_driver_i2s /home/tikhon/Документы/magnolia/esp-idf/components/esp_driver_i3c /home/tikhon/Документы/magnolia/esp-idf/components/esp_driver_isp /home/tikhon/Документы/magnolia/esp-idf/components/esp_driver_jpeg /home/tikhon/Документы/magnolia/esp-idf/components/esp_driver_ledc /home/tikhon/Документы/magnolia/esp-idf/components/esp_driver_mcpwm /home/tikhon/Документы/magnolia/esp-idf/components/esp_driver_parlio /home/tikhon/Документы/magnolia/esp-idf/components/esp_driver_pcnt /home/tikhon/Документы/magnolia/esp-idf/components/esp_driver_ppa /home/tikhon/Документы/magnolia/esp-idf/components/esp_driver_rmt /home/tikhon/Документы/magnolia/esp-idf/components/esp_driver_sd_intf /home/tikhon/Документы/magnolia/esp-idf/components/esp_driver_sdio /home/tikhon/Документы/magnolia/esp-idf/components/esp_driver_sdm /home/tikhon/Документы/magnolia/esp-idf/components/esp_driver_sdmmc /home/tikhon/Документы/magnolia/esp-idf/components/esp_driver_sdspi /home/tikhon/Документы/magnolia/esp-idf/components/esp_driver_spi /home/tikhon/Документы/magnolia/esp-idf/components/esp_driver_touch_sens /home/tikhon/Документы/magnolia/esp-idf/components/esp_driver_tsens /home/tikhon/Документы/magnolia/esp-idf/components/esp_driver_twai /home/tikhon/Документы/magnolia/esp-idf/components/esp_driver_uart /home/tikhon/Документы/magnolia/esp-idf/components/esp_driver_usb_serial_jtag /home/tikhon/Документы/magnolia/esp-idf/components/esp_eth /home/tikhon/Документы/magnolia/esp-idf/components/esp_event /home/tikhon/Документы/magnolia/esp-idf/components/esp_gdbstub /home/tikhon/Документы/magnolia/esp-idf/components/esp_hid /home/tikhon/Документы/magnolia/esp-idf/components/esp_http_client /home/tikhon/Документы/magnolia/esp-idf/components/esp_http_server /home/tikhon/Документы/magnolia/esp-idf/components/esp_https_ota /home/tikhon/Документы/magnolia/esp-idf/components/esp_https_server /home/tikhon/Документы/magnolia/esp-idf/components/esp_hw_support /home/tikhon/Документы/magnolia/esp-idf/components/esp_lcd /home/tikhon/Документы/magnolia/esp-idf/components/esp_local_ctrl /home/tikhon/Документы/magnolia/esp-idf/components/esp_mm /home/tikhon/Документы/magnolia/esp-idf/components/esp_netif /home/tikhon/Документы/magnolia/esp-idf/components/esp_netif_stack /home/tikhon/Документы/magnolia/esp-idf/components/esp_partition /home/tikhon/Документы/magnolia/esp-idf/components/esp_phy /home/tikhon/Документы/magnolia/esp-idf/components/esp_pm /home/tikhon/Документы/magnolia/esp-idf/components/esp_psram /home/tikhon/Документы/magnolia/esp-idf/components/esp_ringbuf /home/tikhon/Документы/magnolia/esp-idf/components/esp_rom /home/tikhon/Документы/magnolia/esp-idf/components/esp_security /home/tikhon/Документы/magnolia/esp-idf/components/esp_system /home/tikhon/Документы/magnolia/esp-idf/components/esp_timer /home/tikhon/Документы/magnolia/esp-idf/components/esp_vfs_console /home/tikhon/Документы/magnolia/esp-idf/components/esp_wifi /home/tikhon/Документы/magnolia/esp-idf/components/espcoredump /home/tikhon/Документы/magnolia/esp-idf/components/esptool_py /home/tikhon/Документы/magnolia/esp-idf/components/fatfs /home/tikhon/Документы/magnolia/esp-idf/components/freertos /home/tikhon/Документы/magnolia/esp-idf/components/hal /home/tikhon/Документы/magnolia/esp-idf/components/heap /home/tikhon/Документы/magnolia/esp-idf/components/http_parser /home/tikhon/Документы/magnolia/esp-idf/components/idf_test /home/tikhon/Документы/magnolia/esp-idf/components/ieee802154 /home/tikhon/Документы/magnolia/esp-idf/components/json /home/tikhon/Документы/magnolia/esp-idf/components/log /home/tikhon/Документы/magnolia/esp-idf/components/lwip /home/tikhon/Документы/magnolia/applets/mainline/printf/main /home/tikhon/Документы/magnolia/esp-idf/components/mbedtls /home/tikhon/Документы/magnolia/esp-idf/components/mqtt /home/tikhon/Документы/magnolia/esp-idf/components/newlib /home/tikhon/Документы/magnolia/esp-idf/components/nvs_flash /home/tikhon/Документы/magnolia/esp-idf/components/nvs_sec_provider /home/tikhon/Документы/magnolia/esp-idf/components/openthread /home/tikhon/Документы/magnolia/esp-idf/components/partition_table /home/tikhon/Документы/magnolia/esp-idf/components/perfmon /home/tikhon/Документы/magnolia/esp-idf/components/protobuf-c /home/tikhon/Документы/magnolia/esp-idf/components/protocomm /home/tikhon/Документы/magnolia/esp-idf/components/pthread /home/tikhon/Документы/magnolia/esp-idf/components/rt /home/tikhon/Документы/magnolia/esp-idf/components/sdmmc /home/tikhon/Документы/magnolia/esp-idf/components/soc /home/tikhon/Документы/magnolia/esp-idf/components/spi_flash /home/tikhon/Документы/magnolia/esp-idf/components/spiffs /home/tikhon/Документы/magnolia/esp-idf/components/tcp_transport /home/tikhon/Документы/magnolia/esp-idf/components/touch_element /home/tikhon/Документы/magnolia/esp-idf/components/ulp /home/tikhon/Документы/magnolia/esp-idf/components/unity /home/tikhon/Документы/magnolia/esp-idf/components/usb /home/tikhon/Документы/magnolia/esp-idf/components/vfs /home/tikhon/Документы/magnolia/esp-idf/components/wear_levelling /home/tikhon/Документы/magnolia/esp-idf/components/wifi_provisioning /home/tikhon/Документы/magnolia/esp-idf/components/wpa_supplicant /home/tikhon/Документы/magnolia/esp-idf/components/xtensa
-- Configuring done (4.2s)
-- Components: app_trace app_update bootloader bootloader_support bt cmock console cxx driver efuse esp-tls esp_adc esp_app_format esp_bootloader_format esp_coex esp_common esp_driver_ana_cmpr esp_driver_bitscrambler esp_driver_cam esp_driver_dac esp_driver_gpio esp_driver_gptimer esp_driver_i2c esp_driver_i2s esp_driver_i3c esp_driver_isp esp_driver_jpeg esp_driver_ledc esp_driver_mcpwm esp_driver_parlio esp_driver_pcnt esp_driver_ppa esp_driver_rmt esp_driver_sd_intf esp_driver_sdio esp_driver_sdm esp_driver_sdmmc esp_driver_sdspi esp_driver_spi esp_driver_touch_sens esp_driver_tsens esp_driver_twai esp_driver_uart esp_driver_usb_serial_jtag esp_eth esp_event esp_gdbstub esp_hid esp_http_client esp_http_server esp_https_ota esp_https_server esp_hw_support esp_lcd esp_local_ctrl esp_mm esp_netif esp_netif_stack esp_partition esp_phy esp_pm esp_psram esp_ringbuf esp_rom esp_security esp_system esp_timer esp_vfs_console esp_wifi espcoredump esptool_py fatfs freertos hal heap http_parser idf_test ieee802154 json log lwip main mbedtls mqtt newlib nvs_flash nvs_sec_provider openthread partition_table perfmon protobuf-c protocomm pthread rt sdmmc soc spi_flash spiffs tcp_transport touch_element ulp unity usb vfs wear_levelling wifi_provisioning wpa_supplicant xtensa
-- Components: app_trace app_update bootloader bootloader_support bt cmock console cxx driver efuse esp-tls esp_adc esp_app_format esp_bootloader_format esp_coex esp_common esp_driver_ana_cmpr esp_driver_bitscrambler esp_driver_cam esp_driver_dac esp_driver_gpio esp_driver_gptimer esp_driver_i2c esp_driver_i2s esp_driver_i3c esp_driver_isp esp_driver_jpeg esp_driver_ledc esp_driver_mcpwm esp_driver_parlio esp_driver_pcnt esp_driver_ppa esp_driver_rmt esp_driver_sd_intf esp_driver_sdio esp_driver_sdm esp_driver_sdmmc esp_driver_sdspi esp_driver_spi esp_driver_touch_sens esp_driver_tsens esp_driver_twai esp_driver_uart esp_driver_usb_serial_jtag esp_eth esp_event esp_gdbstub esp_hid esp_http_client esp_http_server esp_https_ota esp_https_server esp_hw_support esp_lcd esp_local_ctrl esp_mm esp_netif esp_netif_stack esp_partition esp_phy esp_pm esp_psram esp_ringbuf esp_rom esp_security esp_system esp_timer esp_vfs_console esp_wifi espcoredump esptool_py fatfs freertos hal heap http_parser idf_test ieee802154 json log lwip main mbedtls mqtt newlib nvs_flash nvs_sec_provider openthread partition_table perfmon protobuf-c protocomm pthread rt sdmmc soc spi_flash spiffs tcp_transport touch_element ulp unity usb vfs wear_levelling wifi_provisioning wpa_supplicant xtensa
-- Component paths: /home/tikhon/Документы/magnolia/esp-idf/components/app_trace /home/tikhon/Документы/magnolia/esp-idf/components/app_update /home/tikhon/Документы/magnolia/esp-idf/components/bootloader /home/tikhon/Документы/magnolia/esp-idf/components/bootloader_support /home/tikhon/Документы/magnolia/esp-idf/components/bt /home/tikhon/Документы/magnolia/esp-idf/components/cmock /home/tikhon/Документы/magnolia/esp-idf/components/console /home/tikhon/Документы/magnolia/esp-idf/components/cxx /home/tikhon/Документы/magnolia/esp-idf/components/driver /home/tikhon/Документы/magnolia/esp-idf/components/efuse /home/tikhon/Документы/magnolia/esp-idf/components/esp-tls /home/tikhon/Документы/magnolia/esp-idf/components/esp_adc /home/tikhon/Документы/magnolia/esp-idf/components/esp_app_format /home/tikhon/Документы/magnolia/esp-idf/components/esp_bootloader_format /home/tikhon/Документы/magnolia/esp-idf/components/esp_coex /home/tikhon/Документы/magnolia/esp-idf/components/esp_common /home/tikhon/Документы/magnolia/esp-idf/components/esp_driver_ana_cmpr /home/tikhon/Документы/magnolia/esp-idf/components/esp_driver_bitscrambler /home/tikhon/Документы/magnolia/esp-idf/components/esp_driver_cam /home/tikhon/Документы/magnolia/esp-idf/components/esp_driver_dac /home/tikhon/Документы/magnolia/esp-idf/components/esp_driver_gpio /home/tikhon/Документы/magnolia/esp-idf/components/esp_driver_gptimer /home/tikhon/Документы/magnolia/esp-idf/components/esp_driver_i2c /home/tikhon/Документы/magnolia/esp-idf/components/esp_driver_i2s /home/tikhon/Документы/magnolia/esp-idf/components/esp_driver_i3c /home/tikhon/Документы/magnolia/esp-idf/components/esp_driver_isp /home/tikhon/Документы/magnolia/esp-idf/components/esp_driver_jpeg /home/tikhon/Документы/magnolia/esp-idf/components/esp_driver_ledc /home/tikhon/Документы/magnolia/esp-idf/components/esp_driver_mcpwm /home/tikhon/Документы/magnolia/esp-idf/components/esp_driver_parlio /home/tikhon/Документы/magnolia/esp-idf/components/esp_driver_pcnt /home/tikhon/Документы/magnolia/esp-idf/components/esp_driver_ppa /home/tikhon/Документы/magnolia/esp-idf/components/esp_driver_rmt /home/tikhon/Документы/magnolia/esp-idf/components/esp_driver_sd_intf /home/tikhon/Документы/magnolia/esp-idf/components/esp_driver_sdio /home/tikhon/Документы/magnolia/esp-idf/components/esp_driver_sdm /home/tikhon/Документы/magnolia/esp-idf/components/esp_driver_sdmmc /home/tikhon/Документы/magnolia/esp-idf/components/esp_driver_sdspi /home/tikhon/Документы/magnolia/esp-idf/components/esp_driver_spi /home/tikhon/Документы/magnolia/esp-idf/components/esp_driver_touch_sens /home/tikhon/Документы/magnolia/esp-idf/components/esp_driver_tsens /home/tikhon/Документы/magnolia/esp-idf/components/esp_driver_twai /home/tikhon/Документы/magnolia/esp-idf/components/esp_driver_uart /home/tikhon/Документы/magnolia/esp-idf/components/esp_driver_usb_serial_jtag /home/tikhon/Документы/magnolia/esp-idf/components/esp_eth /home/tikhon/Документы/magnolia/esp-idf/components/esp_event /home/tikhon/Документы/magnolia/esp-idf/components/esp_gdbstub /home/tikhon/Документы/magnolia/esp-idf/components/esp_hid /home/tikhon/Документы/magnolia/esp-idf/components/esp_http_client /home/tikhon/Документы/magnolia/esp-idf/components/esp_http_server /home/tikhon/Документы/magnolia/esp-idf/components/esp_https_ota /home/tikhon/Документы/magnolia/esp-idf/components/esp_https_server /home/tikhon/Документы/magnolia/esp-idf/components/esp_hw_support /home/tikhon/Документы/magnolia/esp-idf/components/esp_lcd /home/tikhon/Документы/magnolia/esp-idf/components/esp_local_ctrl /home/tikhon/Документы/magnolia/esp-idf/components/esp_mm /home/tikhon/Документы/magnolia/esp-idf/components/esp_netif /home/tikhon/Документы/magnolia/esp-idf/components/esp_netif_stack /home/tikhon/Документы/magnolia/esp-idf/components/esp_partition /home/tikhon/Документы/magnolia/esp-idf/components/esp_phy /home/tikhon/Документы/magnolia/esp-idf/components/esp_pm /home/tikhon/Документы/magnolia/esp-idf/components/esp_psram /home/tikhon/Документы/magnolia/esp-idf/components/esp_ringbuf /home/tikhon/Документы/magnolia/esp-idf/components/esp_rom /home/tikhon/Документы/magnolia/esp-idf/components/esp_security /home/tikhon/Документы/magnolia/esp-idf/components/esp_system /home/tikhon/Документы/magnolia/esp-idf/components/esp_timer /home/tikhon/Документы/magnolia/esp-idf/components/esp_vfs_console /home/tikhon/Документы/magnolia/esp-idf/components/esp_wifi /home/tikhon/Документы/magnolia/esp-idf/components/espcoredump /home/tikhon/Документы/magnolia/esp-idf/components/esptool_py /home/tikhon/Документы/magnolia/esp-idf/components/fatfs /home/tikhon/Документы/magnolia/esp-idf/components/freertos /home/tikhon/Документы/magnolia/esp-idf/components/hal /home/tikhon/Документы/magnolia/esp-idf/components/heap /home/tikhon/Документы/magnolia/esp-idf/components/http_parser /home/tikhon/Документы/magnolia/esp-idf/components/idf_test /home/tikhon/Документы/magnolia/esp-idf/components/ieee802154 /home/tikhon/Документы/magnolia/esp-idf/components/json /home/tikhon/Документы/magnolia/esp-idf/components/log /home/tikhon/Документы/magnolia/esp-idf/components/lwip /home/tikhon/Документы/magnolia/applets/mainline/paste/main /home/tikhon/Документы/magnolia/esp-idf/components/mbedtls /home/tikhon/Документы/magnolia/esp-idf/components/mqtt /home/tikhon/Документы/magnolia/esp-idf/components/newlib /home/tikhon/Документы/magnolia/esp-idf/components/nvs_flash /home/tikhon/Документы/magnolia/esp-idf/components/nvs_sec_provider /home/tikhon/Документы/magnolia/esp-idf/components/openthread /home/tikhon/Документы/magnolia/esp-idf/components/partition_table /home/tikhon/Документы/magnolia/esp-idf/components/perfmon /home/tikhon/Документы/magnolia/esp-idf/components/protobuf-c /home/tikhon/Документы/magnolia/esp-idf/components/protocomm /home/tikhon/Документы/magnolia/esp-idf/components/pthread /home/tikhon/Документы/magnolia/esp-idf/components/rt /home/tikhon/Документы/magnolia/esp-idf/components/sdmmc /home/tikhon/Документы/magnolia/esp-idf/components/soc /home/tikhon/Документы/magnolia/esp-idf/components/spi_flash /home/tikhon/Документы/magnolia/esp-idf/components/spiffs /home/tikhon/Документы/magnolia/esp-idf/components/tcp_transport /home/tikhon/Документы/magnolia/esp-idf/components/touch_element /home/tikhon/Документы/magnolia/esp-idf/components/ulp /home/tikhon/Документы/magnolia/esp-idf/components/unity /home/tikhon/Документы/magnolia/esp-idf/components/usb /home/tikhon/Документы/magnolia/esp-idf/components/vfs /home/tikhon/Документы/magnolia/esp-idf/components/wear_levelling /home/tikhon/Документы/magnolia/esp-idf/components/wifi_provisioning /home/tikhon/Документы/magnolia/esp-idf/components/wpa_supplicant /home/tikhon/Документы/magnolia/esp-idf/components/xtensa
-- Components: app_trace app_update bootloader bootloader_support bt cmock console cxx driver efuse esp-tls esp_adc esp_app_format esp_bootloader_format esp_coex esp_common esp_driver_ana_cmpr esp_driver_bitscrambler esp_driver_cam esp_driver_dac esp_driver_gpio esp_driver_gptimer esp_driver_i2c esp_driver_i2s esp_driver_i3c esp_driver_isp esp_driver_jpeg esp_driver_ledc esp_driver_mcpwm esp_driver_parlio esp_driver_pcnt esp_driver_ppa esp_driver_rmt esp_driver_sd_intf esp_driver_sdio esp_driver_sdm esp_driver_sdmmc esp_driver_sdspi esp_driver_spi esp_driver_touch_sens esp_driver_tsens esp_driver_twai esp_driver_uart esp_driver_usb_serial_jtag esp_eth esp_event esp_gdbstub esp_hid esp_http_client esp_http_server esp_https_ota esp_https_server esp_hw_support esp_lcd esp_local_ctrl esp_mm esp_netif esp_netif_stack esp_partition esp_phy esp_pm esp_psram esp_ringbuf esp_rom esp_security esp_system esp_timer esp_vfs_console esp_wifi espcoredump esptool_py fatfs freertos hal heap http_parser idf_test ieee802154 json log lwip main mbedtls mqtt newlib nvs_flash nvs_sec_provider openthread partition_table perfmon protobuf-c protocomm pthread rt sdmmc soc spi_flash spiffs tcp_transport touch_element ulp unity usb vfs wear_levelling wifi_provisioning wpa_supplicant xtensa
-- Component paths: /home/tikhon/Документы/magnolia/esp-idf/components/app_trace /home/tikhon/Документы/magnolia/esp-idf/components/app_update /home/tikhon/Документы/magnolia/esp-idf/components/bootloader /home/tikhon/Документы/magnolia/esp-idf/components/bootloader_support /home/tikhon/Документы/magnolia/esp-idf/components/bt /home/tikhon/Документы/magnolia/esp-idf/components/cmock /home/tikhon/Документы/magnolia/esp-idf/components/console /home/tikhon/Документы/magnolia/esp-idf/components/cxx /home/tikhon/Документы/magnolia/esp-idf/components/driver /home/tikhon/Документы/magnolia/esp-idf/components/efuse /home/tikhon/Документы/magnolia/esp-idf/components/esp-tls /home/tikhon/Документы/magnolia/esp-idf/components/esp_adc /home/tikhon/Документы/magnolia/esp-idf/components/esp_app_format /home/tikhon/Документы/magnolia/esp-idf/components/esp_bootloader_format /home/tikhon/Документы/magnolia/esp-idf/components/esp_coex /home/tikhon/Документы/magnolia/esp-idf/components/esp_common /home/tikhon/Документы/magnolia/esp-idf/components/esp_driver_ana_cmpr /home/tikhon/Документы/magnolia/esp-idf/components/esp_driver_bitscrambler /home/tikhon/Документы/magnolia/esp-idf/components/esp_driver_cam /home/tikhon/Документы/magnolia/esp-idf/components/esp_driver_dac /home/tikhon/Документы/magnolia/esp-idf/components/esp_driver_gpio /home/tikhon/Документы/magnolia/esp-idf/components/esp_driver_gptimer /home/tikhon/Документы/magnolia/esp-idf/components/esp_driver_i2c /home/tikhon/Документы/magnolia/esp-idf/components/esp_driver_i2s /home/tikhon/Документы/magnolia/esp-idf/components/esp_driver_i3c /home/tikhon/Документы/magnolia/esp-idf/components/esp_driver_isp /home/tikhon/Документы/magnolia/esp-idf/components/esp_driver_jpeg /home/tikhon/Документы/magnolia/esp-idf/components/esp_driver_ledc /home/tikhon/Документы/magnolia/esp-idf/components/esp_driver_mcpwm /home/tikhon/Документы/magnolia/esp-idf/components/esp_driver_parlio /home/tikhon/Документы/magnolia/esp-idf/components/esp_driver_pcnt /home/tikhon/Документы/magnolia/esp-idf/components/esp_driver_ppa /home/tikhon/Документы/magnolia/esp-idf/components/esp_driver_rmt /home/tikhon/Документы/magnolia/esp-idf/components/esp_driver_sd_intf /home/tikhon/Документы/magnolia/esp-idf/components/esp_driver_sdio /home/tikhon/Документы/magnolia/esp-idf/components/esp_driver_sdm /home/tikhon/Документы/magnolia/esp-idf/components/esp_driver_sdmmc /home/tikhon/Документы/magnolia/esp-idf/components/esp_driver_sdspi /home/tikhon/Документы/magnolia/esp-idf/components/esp_driver_spi /home/tikhon/Документы/magnolia/esp-idf/components/esp_driver_touch_sens /home/tikhon/Документы/magnolia/esp-idf/components/esp_driver_tsens /home/tikhon/Документы/magnolia/esp-idf/components/esp_driver_twai /home/tikhon/Документы/magnolia/esp-idf/components/esp_driver_uart /home/tikhon/Документы/magnolia/esp-idf/components/esp_driver_usb_serial_jtag /home/tikhon/Документы/magnolia/esp-idf/components/esp_eth /home/tikhon/Документы/magnolia/esp-idf/components/esp_event /home/tikhon/Документы/magnolia/esp-idf/components/esp_gdbstub /home/tikhon/Документы/magnolia/esp-idf/components/esp_hid /home/tikhon/Документы/magnolia/esp-idf/components/esp_http_client /home/tikhon/Документы/magnolia/esp-idf/components/esp_http_server /home/tikhon/Документы/magnolia/esp-idf/components/esp_https_ota /home/tikhon/Документы/magnolia/esp-idf/components/esp_https_server /home/tikhon/Документы/magnolia/esp-idf/components/esp_hw_support /home/tikhon/Документы/magnolia/esp-idf/components/esp_lcd /home/tikhon/Документы/magnolia/esp-idf/components/esp_local_ctrl /home/tikhon/Документы/magnolia/esp-idf/components/esp_mm /home/tikhon/Документы/magnolia/esp-idf/components/esp_netif /home/tikhon/Документы/magnolia/esp-idf/components/esp_netif_stack /home/tikhon/Документы/magnolia/esp-idf/components/esp_partition /home/tikhon/Документы/magnolia/esp-idf/components/esp_phy /home/tikhon/Документы/magnolia/esp-idf/components/esp_pm /home/tikhon/Документы/magnolia/esp-idf/components/esp_psram /home/tikhon/Документы/magnolia/esp-idf/components/esp_ringbuf /home/tikhon/Документы/magnolia/esp-idf/components/esp_rom /home/tikhon/Документы/magnolia/esp-idf/components/esp_security /home/tikhon/Документы/magnolia/esp-idf/components/esp_system /home/tikhon/Документы/magnolia/esp-idf/components/esp_timer /home/tikhon/Документы/magnolia/esp-idf/components/esp_vfs_console /home/tikhon/Документы/magnolia/esp-idf/components/esp_wifi /home/tikhon/Документы/magnolia/esp-idf/components/espcoredump /home/tikhon/Документы/magnolia/esp-idf/components/esptool_py /home/tikhon/Документы/magnolia/esp-idf/components/fatfs /home/tikhon/Документы/magnolia/esp-idf/components/freertos /home/tikhon/Документы/magnolia/esp-idf/components/hal /home/tikhon/Документы/magnolia/esp-idf/components/heap /home/tikhon/Документы/magnolia/esp-idf/components/http_parser /home/tikhon/Документы/magnolia/esp-idf/components/idf_test /home/tikhon/Документы/magnolia/esp-idf/components/ieee802154 /home/tikhon/Документы/magnolia/esp-idf/components/json /home/tikhon/Документы/magnolia/esp-idf/components/log /home/tikhon/Документы/magnolia/esp-idf/components/lwip /home/tikhon/Документы/magnolia/applets/mainline/rm/main /home/tikhon/Документы/magnolia/esp-idf/components/mbedtls /home/tikhon/Документы/magnolia/esp-idf/components/mqtt /home/tikhon/Документы/magnolia/esp-idf/components/newlib /home/tikhon/Документы/magnolia/esp-idf/components/nvs_flash /home/tikhon/Документы/magnolia/esp-idf/components/nvs_sec_provider /home/tikhon/Документы/magnolia/esp-idf/components/openthread /home/tikhon/Документы/magnolia/esp-idf/components/partition_table /home/tikhon/Документы/magnolia/esp-idf/components/perfmon /home/tikhon/Документы/magnolia/esp-idf/components/protobuf-c /home/tikhon/Документы/magnolia/esp-idf/components/protocomm /home/tikhon/Документы/magnolia/esp-idf/components/pthread /home/tikhon/Документы/magnolia/esp-idf/components/rt /home/tikhon/Документы/magnolia/esp-idf/components/sdmmc /home/tikhon/Документы/magnolia/esp-idf/components/soc /home/tikhon/Документы/magnolia/esp-idf/components/spi_flash /home/tikhon/Документы/magnolia/esp-idf/components/spiffs /home/tikhon/Документы/magnolia/esp-idf/components/tcp_transport /home/tikhon/Документы/magnolia/esp-idf/components/touch_element /home/tikhon/Документы/magnolia/esp-idf/components/ulp /home/tikhon/Документы/magnolia/esp-idf/components/unity /home/tikhon/Документы/magnolia/esp-idf/components/usb /home/tikhon/Документы/magnolia/esp-idf/components/vfs /home/tikhon/Документы/magnolia/esp-idf/components/wear_levelling /home/tikhon/Документы/magnolia/esp-idf/components/wifi_provisioning /home/tikhon/Документы/magnolia/esp-idf/components/wpa_supplicant /home/tikhon/Документы/magnolia/esp-idf/components/xtensa
-- Component paths: /home/tikhon/Документы/magnolia/esp-idf/components/app_trace /home/tikhon/Документы/magnolia/esp-idf/components/app_update /home/tikhon/Документы/magnolia/esp-idf/components/bootloader /home/tikhon/Документы/magnolia/esp-idf/components/bootloader_support /home/tikhon/Документы/magnolia/esp-idf/components/bt /home/tikhon/Документы/magnolia/esp-idf/components/cmock /home/tikhon/Документы/magnolia/esp-idf/components/console /home/tikhon/Документы/magnolia/esp-idf/components/cxx /home/tikhon/Документы/magnolia/esp-idf/components/driver /home/tikhon/Документы/magnolia/esp-idf/components/efuse /home/tikhon/Документы/magnolia/esp-idf/components/esp-tls /home/tikhon/Документы/magnolia/esp-idf/components/esp_adc /home/tikhon/Документы/magnolia/esp-idf/components/esp_app_format /home/tikhon/Документы/magnolia/esp-idf/components/esp_bootloader_format /home/tikhon/Документы/magnolia/esp-idf/components/esp_coex /home/tikhon/Документы/magnolia/esp-idf/components/esp_common /home/tikhon/Документы/magnolia/esp-idf/components/esp_driver_ana_cmpr /home/tikhon/Документы/magnolia/esp-idf/components/esp_driver_bitscrambler /home/tikhon/Документы/magnolia/esp-idf/components/esp_driver_cam /home/tikhon/Документы/magnolia/esp-idf/components/esp_driver_dac /home/tikhon/Документы/magnolia/esp-idf/components/esp_driver_gpio /home/tikhon/Документы/magnolia/esp-idf/components/esp_driver_gptimer /home/tikhon/Документы/magnolia/esp-idf/components/esp_driver_i2c /home/tikhon/Документы/magnolia/esp-idf/components/esp_driver_i2s /home/tikhon/Документы/magnolia/esp-idf/components/esp_driver_i3c /home/tikhon/Документы/magnolia/esp-idf/components/esp_driver_isp /home/tikhon/Документы/magnolia/esp-idf/components/esp_driver_jpeg /home/tikhon/Документы/magnolia/esp-idf/components/esp_driver_ledc /home/tikhon/Документы/magnolia/esp-idf/components/esp_driver_mcpwm /home/tikhon/Документы/magnolia/esp-idf/components/esp_driver_parlio /home/tikhon/Документы/magnolia/esp-idf/components/esp_driver_pcnt /home/tikhon/Документы/magnolia/esp-idf/components/esp_driver_ppa /home/tikhon/Документы/magnolia/esp-idf/components/esp_driver_rmt /home/tikhon/Документы/magnolia/esp-idf/components/esp_driver_sd_intf /home/tikhon/Документы/magnolia/esp-idf/components/esp_driver_sdio /home/tikhon/Документы/magnolia/esp-idf/components/esp_driver_sdm /home/tikhon/Документы/magnolia/esp-idf/components/esp_driver_sdmmc /home/tikhon/Документы/magnolia/esp-idf/components/esp_driver_sdspi /home/tikhon/Документы/magnolia/esp-idf/components/esp_driver_spi /home/tikhon/Документы/magnolia/esp-idf/components/esp_driver_touch_sens /home/tikhon/Документы/magnolia/esp-idf/components/esp_driver_tsens /home/tikhon/Документы/magnolia/esp-idf/components/esp_driver_twai /home/tikhon/Документы/magnolia/esp-idf/components/esp_driver_uart /home/tikhon/Документы/magnolia/esp-idf/components/esp_driver_usb_serial_jtag /home/tikhon/Документы/magnolia/esp-idf/components/esp_eth /home/tikhon/Документы/magnolia/esp-idf/components/esp_event /home/tikhon/Документы/magnolia/esp-idf/components/esp_gdbstub /home/tikhon/Документы/magnolia/esp-idf/components/esp_hid /home/tikhon/Документы/magnolia/esp-idf/components/esp_http_client /home/tikhon/Документы/magnolia/esp-idf/components/esp_http_server /home/tikhon/Документы/magnolia/esp-idf/components/esp_https_ota /home/tikhon/Документы/magnolia/esp-idf/components/esp_https_server /home/tikhon/Документы/magnolia/esp-idf/components/esp_hw_support /home/tikhon/Документы/magnolia/esp-idf/components/esp_lcd /home/tikhon/Документы/magnolia/esp-idf/components/esp_local_ctrl /home/tikhon/Документы/magnolia/esp-idf/components/esp_mm /home/tikhon/Документы/magnolia/esp-idf/components/esp_netif /home/tikhon/Документы/magnolia/esp-idf/components/esp_netif_stack /home/tikhon/Документы/magnolia/esp-idf/components/esp_partition /home/tikhon/Документы/magnolia/esp-idf/components/esp_phy /home/tikhon/Документы/magnolia/esp-idf/components/esp_pm /home/tikhon/Документы/magnolia/esp-idf/components/esp_psram /home/tikhon/Документы/magnolia/esp-idf/components/esp_ringbuf /home/tikhon/Документы/magnolia/esp-idf/components/esp_rom /home/tikhon/Документы/magnolia/esp-idf/components/esp_security /home/tikhon/Документы/magnolia/esp-idf/components/esp_system /home/tikhon/Документы/magnolia/esp-idf/components/esp_timer /home/tikhon/Документы/magnolia/esp-idf/components/esp_vfs_console /home/tikhon/Документы/magnolia/esp-idf/components/esp_wifi /home/tikhon/Документы/magnolia/esp-idf/components/espcoredump /home/tikhon/Документы/magnolia/esp-idf/components/esptool_py /home/tikhon/Документы/magnolia/esp-idf/components/fatfs /home/tikhon/Документы/magnolia/esp-idf/components/freertos /home/tikhon/Документы/magnolia/esp-idf/components/hal /home/tikhon/Документы/magnolia/esp-idf/components/heap /home/tikhon/Документы/magnolia/esp-idf/components/http_parser /home/tikhon/Документы/magnolia/esp-idf/components/idf_test /home/tikhon/Документы/magnolia/esp-idf/components/ieee802154 /home/tikhon/Документы/magnolia/esp-idf/components/json /home/tikhon/Документы/magnolia/esp-idf/components/log /home/tikhon/Документы/magnolia/esp-idf/components/lwip /home/tikhon/Документы/magnolia/applets/mainline/shell/main /home/tikhon/Документы/magnolia/esp-idf/components/mbedtls /home/tikhon/Документы/magnolia/esp-idf/components/mqtt /home/tikhon/Документы/magnolia/esp-idf/components/newlib /home/tikhon/Документы/magnolia/esp-idf/components/nvs_flash /home/tikhon/Документы/magnolia/esp-idf/components/nvs_sec_provider /home/tikhon/Документы/magnolia/esp-idf/components/openthread /home/tikhon/Документы/magnolia/esp-idf/components/partition_table /home/tikhon/Документы/magnolia/esp-idf/components/perfmon /home/tikhon/Документы/magnolia/esp-idf/components/protobuf-c /home/tikhon/Документы/magnolia/esp-idf/components/protocomm /home/tikhon/Документы/magnolia/esp-idf/components/pthread /home/tikhon/Документы/magnolia/esp-idf/components/rt /home/tikhon/Документы/magnolia/esp-idf/components/sdmmc /home/tikhon/Документы/magnolia/esp-idf/components/soc /home/tikhon/Документы/magnolia/esp-idf/components/spi_flash /home/tikhon/Документы/magnolia/esp-idf/components/spiffs /home/tikhon/Документы/magnolia/esp-idf/components/tcp_transport /home/tikhon/Документы/magnolia/esp-idf/components/touch_element /home/tikhon/Документы/magnolia/esp-idf/components/ulp /home/tikhon/Документы/magnolia/esp-idf/components/unity /home/tikhon/Документы/magnolia/esp-idf/components/usb /home/tikhon/Документы/magnolia/esp-idf/components/vfs /home/tikhon/Документы/magnolia/esp-idf/components/wear_levelling /home/tikhon/Документы/magnolia/esp-idf/components/wifi_provisioning /home/tikhon/Документы/magnolia/esp-idf/components/wpa_supplicant /home/tikhon/Документы/magnolia/esp-idf/components/xtensa
-- Configuring done (4.3s)
-- Configuring done (4.3s)
-- Components: app_trace app_update bootloader bootloader_support bt cmock console cxx driver efuse esp-tls esp_adc esp_app_format esp_bootloader_format esp_coex esp_common esp_driver_ana_cmpr esp_driver_bitscrambler esp_driver_cam esp_driver_dac esp_driver_gpio esp_driver_gptimer esp_driver_i2c esp_driver_i2s esp_driver_i3c esp_driver_isp esp_driver_jpeg esp_driver_ledc esp_driver_mcpwm esp_driver_parlio esp_driver_pcnt esp_driver_ppa esp_driver_rmt esp_driver_sd_intf esp_driver_sdio esp_driver_sdm esp_driver_sdmmc esp_driver_sdspi esp_driver_spi esp_driver_touch_sens esp_driver_tsens esp_driver_twai esp_driver_uart esp_driver_usb_serial_jtag esp_eth esp_event esp_gdbstub esp_hid esp_http_client esp_http_server esp_https_ota esp_https_server esp_hw_support esp_lcd esp_local_ctrl esp_mm esp_netif esp_netif_stack esp_partition esp_phy esp_pm esp_psram esp_ringbuf esp_rom esp_security esp_system esp_timer esp_vfs_console esp_wifi espcoredump esptool_py fatfs freertos hal heap http_parser idf_test ieee802154 json log lwip main mbedtls mqtt newlib nvs_flash nvs_sec_provider openthread partition_table perfmon protobuf-c protocomm pthread rt sdmmc soc spi_flash spiffs tcp_transport touch_element ulp unity usb vfs wear_levelling wifi_provisioning wpa_supplicant xtensa
-- Component paths: /home/tikhon/Документы/magnolia/esp-idf/components/app_trace /home/tikhon/Документы/magnolia/esp-idf/components/app_update /home/tikhon/Документы/magnolia/esp-idf/components/bootloader /home/tikhon/Документы/magnolia/esp-idf/components/bootloader_support /home/tikhon/Документы/magnolia/esp-idf/components/bt /home/tikhon/Документы/magnolia/esp-idf/components/cmock /home/tikhon/Документы/magnolia/esp-idf/components/console /home/tikhon/Документы/magnolia/esp-idf/components/cxx /home/tikhon/Документы/magnolia/esp-idf/components/driver /home/tikhon/Документы/magnolia/esp-idf/components/efuse /home/tikhon/Документы/magnolia/esp-idf/components/esp-tls /home/tikhon/Документы/magnolia/esp-idf/components/esp_adc /home/tikhon/Документы/magnolia/esp-idf/components/esp_app_format /home/tikhon/Документы/magnolia/esp-idf/components/esp_bootloader_format /home/tikhon/Документы/magnolia/esp-idf/components/esp_coex /home/tikhon/Документы/magnolia/esp-idf/components/esp_common /home/tikhon/Документы/magnolia/esp-idf/components/esp_driver_ana_cmpr /home/tikhon/Документы/magnolia/esp-idf/components/esp_driver_bitscrambler /home/tikhon/Документы/magnolia/esp-idf/components/esp_driver_cam /home/tikhon/Документы/magnolia/esp-idf/components/esp_driver_dac /home/tikhon/Документы/magnolia/esp-idf/components/esp_driver_gpio /home/tikhon/Документы/magnolia/esp-idf/components/esp_driver_gptimer /home/tikhon/Документы/magnolia/esp-idf/components/esp_driver_i2c /home/tikhon/Документы/magnolia/esp-idf/components/esp_driver_i2s /home/tikhon/Документы/magnolia/esp-idf/components/esp_driver_i3c /home/tikhon/Документы/magnolia/esp-idf/components/esp_driver_isp /home/tikhon/Документы/magnolia/esp-idf/components/esp_driver_jpeg /home/tikhon/Документы/magnolia/esp-idf/components/esp_driver_ledc /home/tikhon/Документы/magnolia/esp-idf/components/esp_driver_mcpwm /home/tikhon/Документы/magnolia/esp-idf/components/esp_driver_parlio /home/tikhon/Документы/magnolia/esp-idf/components/esp_driver_pcnt /home/tikhon/Документы/magnolia/esp-idf/components/esp_driver_ppa /home/tikhon/Документы/magnolia/esp-idf/components/esp_driver_rmt /home/tikhon/Документы/magnolia/esp-idf/components/esp_driver_sd_intf /home/tikhon/Документы/magnolia/esp-idf/components/esp_driver_sdio /home/tikhon/Документы/magnolia/esp-idf/components/esp_driver_sdm /home/tikhon/Документы/magnolia/esp-idf/components/esp_driver_sdmmc /home/tikhon/Документы/magnolia/esp-idf/components/esp_driver_sdspi /home/tikhon/Документы/magnolia/esp-idf/components/esp_driver_spi /home/tikhon/Документы/magnolia/esp-idf/components/esp_driver_touch_sens /home/tikhon/Документы/magnolia/esp-idf/components/esp_driver_tsens /home/tikhon/Документы/magnolia/esp-idf/components/esp_driver_twai /home/tikhon/Документы/magnolia/esp-idf/components/esp_driver_uart /home/tikhon/Документы/magnolia/esp-idf/components/esp_driver_usb_serial_jtag /home/tikhon/Документы/magnolia/esp-idf/components/esp_eth /home/tikhon/Документы/magnolia/esp-idf/components/esp_event /home/tikhon/Документы/magnolia/esp-idf/components/esp_gdbstub /home/tikhon/Документы/magnolia/esp-idf/components/esp_hid /home/tikhon/Документы/magnolia/esp-idf/components/esp_http_client /home/tikhon/Документы/magnolia/esp-idf/components/esp_http_server /home/tikhon/Документы/magnolia/esp-idf/components/esp_https_ota /home/tikhon/Документы/magnolia/esp-idf/components/esp_https_server /home/tikhon/Документы/magnolia/esp-idf/components/esp_hw_support /home/tikhon/Документы/magnolia/esp-idf/components/esp_lcd /home/tikhon/Документы/magnolia/esp-idf/components/esp_local_ctrl /home/tikhon/Документы/magnolia/esp-idf/components/esp_mm /home/tikhon/Документы/magnolia/esp-idf/components/esp_netif /home/tikhon/Документы/magnolia/esp-idf/components/esp_netif_stack /home/tikhon/Документы/magnolia/esp-idf/components/esp_partition /home/tikhon/Документы/magnolia/esp-idf/components/esp_phy /home/tikhon/Документы/magnolia/esp-idf/components/esp_pm /home/tikhon/Документы/magnolia/esp-idf/components/esp_psram /home/tikhon/Документы/magnolia/esp-idf/components/esp_ringbuf /home/tikhon/Документы/magnolia/esp-idf/components/esp_rom /home/tikhon/Документы/magnolia/esp-idf/components/esp_security /home/tikhon/Документы/magnolia/esp-idf/components/esp_system /home/tikhon/Документы/magnolia/esp-idf/components/esp_timer /home/tikhon/Документы/magnolia/esp-idf/components/esp_vfs_console /home/tikhon/Документы/magnolia/esp-idf/components/esp_wifi /home/tikhon/Документы/magnolia/esp-idf/components/espcoredump /home/tikhon/Документы/magnolia/esp-idf/components/esptool_py /home/tikhon/Документы/magnolia/esp-idf/components/fatfs /home/tikhon/Документы/magnolia/esp-idf/components/freertos /home/tikhon/Документы/magnolia/esp-idf/components/hal /home/tikhon/Документы/magnolia/esp-idf/components/heap /home/tikhon/Документы/magnolia/esp-idf/components/http_parser /home/tikhon/Документы/magnolia/esp-idf/components/idf_test /home/tikhon/Документы/magnolia/esp-idf/components/ieee802154 /home/tikhon/Документы/magnolia/esp-idf/components/json /home/tikhon/Документы/magnolia/esp-idf/components/log /home/tikhon/Документы/magnolia/esp-idf/components/lwip /home/tikhon/Документы/magnolia/applets/mainline/rev/main /home/tikhon/Документы/magnolia/esp-idf/components/mbedtls /home/tikhon/Документы/magnolia/esp-idf/components/mqtt /home/tikhon/Документы/magnolia/esp-idf/components/newlib /home/tikhon/Документы/magnolia/esp-idf/components/nvs_flash /home/tikhon/Документы/magnolia/esp-idf/components/nvs_sec_provider /home/tikhon/Документы/magnolia/esp-idf/components/openthread /home/tikhon/Документы/magnolia/esp-idf/components/partition_table /home/tikhon/Документы/magnolia/esp-idf/components/perfmon /home/tikhon/Документы/magnolia/esp-idf/components/protobuf-c /home/tikhon/Документы/magnolia/esp-idf/components/protocomm /home/tikhon/Документы/magnolia/esp-idf/components/pthread /home/tikhon/Документы/magnolia/esp-idf/components/rt /home/tikhon/Документы/magnolia/esp-idf/components/sdmmc /home/tikhon/Документы/magnolia/esp-idf/components/soc /home/tikhon/Документы/magnolia/esp-idf/components/spi_flash /home/tikhon/Документы/magnolia/esp-idf/components/spiffs /home/tikhon/Документы/magnolia/esp-idf/components/tcp_transport /home/tikhon/Документы/magnolia/esp-idf/components/touch_element /home/tikhon/Документы/magnolia/esp-idf/components/ulp /home/tikhon/Документы/magnolia/esp-idf/components/unity /home/tikhon/Документы/magnolia/esp-idf/components/usb /home/tikhon/Документы/magnolia/esp-idf/components/vfs /home/tikhon/Документы/magnolia/esp-idf/components/wear_levelling /home/tikhon/Документы/magnolia/esp-idf/components/wifi_provisioning /home/tikhon/Документы/magnolia/esp-idf/components/wpa_supplicant /home/tikhon/Документы/magnolia/esp-idf/components/xtensa
-- Configuring done (4.0s)
-- Minimal build - OFF
-- Configuring done (4.1s)
-- Components: app_trace app_update bootloader bootloader_support bt cmock console cxx driver efuse esp-tls esp_adc esp_app_format esp_bootloader_format esp_coex esp_common esp_driver_ana_cmpr esp_driver_bitscrambler esp_driver_cam esp_driver_dac esp_driver_gpio esp_driver_gptimer esp_driver_i2c esp_driver_i2s esp_driver_i3c esp_driver_isp esp_driver_jpeg esp_driver_ledc esp_driver_mcpwm esp_driver_parlio esp_driver_pcnt esp_driver_ppa esp_driver_rmt esp_driver_sd_intf esp_driver_sdio esp_driver_sdm esp_driver_sdmmc esp_driver_sdspi esp_driver_spi esp_driver_touch_sens esp_driver_tsens esp_driver_twai esp_driver_uart esp_driver_usb_serial_jtag esp_eth esp_event esp_gdbstub esp_hid esp_http_client esp_http_server esp_https_ota esp_https_server esp_hw_support esp_lcd esp_local_ctrl esp_mm esp_netif esp_netif_stack esp_partition esp_phy esp_pm esp_psram esp_ringbuf esp_rom esp_security esp_system esp_timer esp_vfs_console esp_wifi espcoredump esptool_py fatfs freertos hal heap http_parser idf_test ieee802154 json log lwip main mbedtls mqtt newlib nvs_flash nvs_sec_provider openthread partition_table perfmon protobuf-c protocomm pthread rt sdmmc soc spi_flash spiffs tcp_transport touch_element ulp unity usb vfs wear_levelling wifi_provisioning wpa_supplicant xtensa
-- Component paths: /home/tikhon/Документы/magnolia/esp-idf/components/app_trace /home/tikhon/Документы/magnolia/esp-idf/components/app_update /home/tikhon/Документы/magnolia/esp-idf/components/bootloader /home/tikhon/Документы/magnolia/esp-idf/components/bootloader_support /home/tikhon/Документы/magnolia/esp-idf/components/bt /home/tikhon/Документы/magnolia/esp-idf/components/cmock /home/tikhon/Документы/magnolia/esp-idf/components/console /home/tikhon/Документы/magnolia/esp-idf/components/cxx /home/tikhon/Документы/magnolia/esp-idf/components/driver /home/tikhon/Документы/magnolia/esp-idf/components/efuse /home/tikhon/Документы/magnolia/esp-idf/components/esp-tls /home/tikhon/Документы/magnolia/esp-idf/components/esp_adc /home/tikhon/Документы/magnolia/esp-idf/components/esp_app_format /home/tikhon/Документы/magnolia/esp-idf/components/esp_bootloader_format /home/tikhon/Документы/magnolia/esp-idf/components/esp_coex /home/tikhon/Документы/magnolia/esp-idf/components/esp_common /home/tikhon/Документы/magnolia/esp-idf/components/esp_driver_ana_cmpr /home/tikhon/Документы/magnolia/esp-idf/components/esp_driver_bitscrambler /home/tikhon/Документы/magnolia/esp-idf/components/esp_driver_cam /home/tikhon/Документы/magnolia/esp-idf/components/esp_driver_dac /home/tikhon/Документы/magnolia/esp-idf/components/esp_driver_gpio /home/tikhon/Документы/magnolia/esp-idf/components/esp_driver_gptimer /home/tikhon/Документы/magnolia/esp-idf/components/esp_driver_i2c /home/tikhon/Документы/magnolia/esp-idf/components/esp_driver_i2s /home/tikhon/Документы/magnolia/esp-idf/components/esp_driver_i3c /home/tikhon/Документы/magnolia/esp-idf/components/esp_driver_isp /home/tikhon/Документы/magnolia/esp-idf/components/esp_driver_jpeg /home/tikhon/Документы/magnolia/esp-idf/components/esp_driver_ledc /home/tikhon/Документы/magnolia/esp-idf/components/esp_driver_mcpwm /home/tikhon/Документы/magnolia/esp-idf/components/esp_driver_parlio /home/tikhon/Документы/magnolia/esp-idf/components/esp_driver_pcnt /home/tikhon/Документы/magnolia/esp-idf/components/esp_driver_ppa /home/tikhon/Документы/magnolia/esp-idf/components/esp_driver_rmt /home/tikhon/Документы/magnolia/esp-idf/components/esp_driver_sd_intf /home/tikhon/Документы/magnolia/esp-idf/components/esp_driver_sdio /home/tikhon/Документы/magnolia/esp-idf/components/esp_driver_sdm /home/tikhon/Документы/magnolia/esp-idf/components/esp_driver_sdmmc /home/tikhon/Документы/magnolia/esp-idf/components/esp_driver_sdspi /home/tikhon/Документы/magnolia/esp-idf/components/esp_driver_spi /home/tikhon/Документы/magnolia/esp-idf/components/esp_driver_touch_sens /home/tikhon/Документы/magnolia/esp-idf/components/esp_driver_tsens /home/tikhon/Документы/magnolia/esp-idf/components/esp_driver_twai /home/tikhon/Документы/magnolia/esp-idf/components/esp_driver_uart /home/tikhon/Документы/magnolia/esp-idf/components/esp_driver_usb_serial_jtag /home/tikhon/Документы/magnolia/esp-idf/components/esp_eth /home/tikhon/Документы/magnolia/esp-idf/components/esp_event /home/tikhon/Документы/magnolia/esp-idf/components/esp_gdbstub /home/tikhon/Документы/magnolia/esp-idf/components/esp_hid /home/tikhon/Документы/magnolia/esp-idf/components/esp_http_client /home/tikhon/Документы/magnolia/esp-idf/components/esp_http_server /home/tikhon/Документы/magnolia/esp-idf/components/esp_https_ota /home/tikhon/Документы/magnolia/esp-idf/components/esp_https_server /home/tikhon/Документы/magnolia/esp-idf/components/esp_hw_support /home/tikhon/Документы/magnolia/esp-idf/components/esp_lcd /home/tikhon/Документы/magnolia/esp-idf/components/esp_local_ctrl /home/tikhon/Документы/magnolia/esp-idf/components/esp_mm /home/tikhon/Документы/magnolia/esp-idf/components/esp_netif /home/tikhon/Документы/magnolia/esp-idf/components/esp_netif_stack /home/tikhon/Документы/magnolia/esp-idf/components/esp_partition /home/tikhon/Документы/magnolia/esp-idf/components/esp_phy /home/tikhon/Документы/magnolia/esp-idf/components/esp_pm /home/tikhon/Документы/magnolia/esp-idf/components/esp_psram /home/tikhon/Документы/magnolia/esp-idf/components/esp_ringbuf /home/tikhon/Документы/magnolia/esp-idf/components/esp_rom /home/tikhon/Документы/magnolia/esp-idf/components/esp_security /home/tikhon/Документы/magnolia/esp-idf/components/esp_system /home/tikhon/Документы/magnolia/esp-idf/components/esp_timer /home/tikhon/Документы/magnolia/esp-idf/components/esp_vfs_console /home/tikhon/Документы/magnolia/esp-idf/components/esp_wifi /home/tikhon/Документы/magnolia/esp-idf/components/espcoredump /home/tikhon/Документы/magnolia/esp-idf/components/esptool_py /home/tikhon/Документы/magnolia/esp-idf/components/fatfs /home/tikhon/Документы/magnolia/esp-idf/components/freertos /home/tikhon/Документы/magnolia/esp-idf/components/hal /home/tikhon/Документы/magnolia/esp-idf/components/heap /home/tikhon/Документы/magnolia/esp-idf/components/http_parser /home/tikhon/Документы/magnolia/esp-idf/components/idf_test /home/tikhon/Документы/magnolia/esp-idf/components/ieee802154 /home/tikhon/Документы/magnolia/esp-idf/components/json /home/tikhon/Документы/magnolia/esp-idf/components/log /home/tikhon/Документы/magnolia/esp-idf/components/lwip /home/tikhon/Документы/magnolia/applets/mainline/tail/main /home/tikhon/Документы/magnolia/esp-idf/components/mbedtls /home/tikhon/Документы/magnolia/esp-idf/components/mqtt /home/tikhon/Документы/magnolia/esp-idf/components/newlib /home/tikhon/Документы/magnolia/esp-idf/components/nvs_flash /home/tikhon/Документы/magnolia/esp-idf/components/nvs_sec_provider /home/tikhon/Документы/magnolia/esp-idf/components/openthread /home/tikhon/Документы/magnolia/esp-idf/components/partition_table /home/tikhon/Документы/magnolia/esp-idf/components/perfmon /home/tikhon/Документы/magnolia/esp-idf/components/protobuf-c /home/tikhon/Документы/magnolia/esp-idf/components/protocomm /home/tikhon/Документы/magnolia/esp-idf/components/pthread /home/tikhon/Документы/magnolia/esp-idf/components/rt /home/tikhon/Документы/magnolia/esp-idf/components/sdmmc /home/tikhon/Документы/magnolia/esp-idf/components/soc /home/tikhon/Документы/magnolia/esp-idf/components/spi_flash /home/tikhon/Документы/magnolia/esp-idf/components/spiffs /home/tikhon/Документы/magnolia/esp-idf/components/tcp_transport /home/tikhon/Документы/magnolia/esp-idf/components/touch_element /home/tikhon/Документы/magnolia/esp-idf/components/ulp /home/tikhon/Документы/magnolia/esp-idf/components/unity /home/tikhon/Документы/magnolia/esp-idf/components/usb /home/tikhon/Документы/magnolia/esp-idf/components/vfs /home/tikhon/Документы/magnolia/esp-idf/components/wear_levelling /home/tikhon/Документы/magnolia/esp-idf/components/wifi_provisioning /home/tikhon/Документы/magnolia/esp-idf/components/wpa_supplicant /home/tikhon/Документы/magnolia/esp-idf/components/xtensa
-- Configuring done (4.0s)
-- Building ESP-IDF components for target esp32s3
-- Components: app_trace app_update bootloader bootloader_support bt cmock console cxx driver efuse esp-tls esp_adc esp_app_format esp_bootloader_format esp_coex esp_common esp_driver_ana_cmpr esp_driver_bitscrambler esp_driver_cam esp_driver_dac esp_driver_gpio esp_driver_gptimer esp_driver_i2c esp_driver_i2s esp_driver_i3c esp_driver_isp esp_driver_jpeg esp_driver_ledc esp_driver_mcpwm esp_driver_parlio esp_driver_pcnt esp_driver_ppa esp_driver_rmt esp_driver_sd_intf esp_driver_sdio esp_driver_sdm esp_driver_sdmmc esp_driver_sdspi esp_driver_spi esp_driver_touch_sens esp_driver_tsens esp_driver_twai esp_driver_uart esp_driver_usb_serial_jtag esp_eth esp_event esp_gdbstub esp_hid esp_http_client esp_http_server esp_https_ota esp_https_server esp_hw_support esp_lcd esp_local_ctrl esp_mm esp_netif esp_netif_stack esp_partition esp_phy esp_pm esp_psram esp_ringbuf esp_rom esp_security esp_system esp_timer esp_vfs_console esp_wifi espcoredump esptool_py fatfs freertos hal heap http_parser idf_test ieee802154 json log lwip main mbedtls mqtt newlib nvs_flash nvs_sec_provider openthread partition_table perfmon protobuf-c protocomm pthread rt sdmmc soc spi_flash spiffs tcp_transport touch_element ulp unity usb vfs wear_levelling wifi_provisioning wpa_supplicant xtensa
-- Component paths: /home/tikhon/Документы/magnolia/esp-idf/components/app_trace /home/tikhon/Документы/magnolia/esp-idf/components/app_update /home/tikhon/Документы/magnolia/esp-idf/components/bootloader /home/tikhon/Документы/magnolia/esp-idf/components/bootloader_support /home/tikhon/Документы/magnolia/esp-idf/components/bt /home/tikhon/Документы/magnolia/esp-idf/components/cmock /home/tikhon/Документы/magnolia/esp-idf/components/console /home/tikhon/Документы/magnolia/esp-idf/components/cxx /home/tikhon/Документы/magnolia/esp-idf/components/driver /home/tikhon/Документы/magnolia/esp-idf/components/efuse /home/tikhon/Документы/magnolia/esp-idf/components/esp-tls /home/tikhon/Документы/magnolia/esp-idf/components/esp_adc /home/tikhon/Документы/magnolia/esp-idf/components/esp_app_format /home/tikhon/Документы/magnolia/esp-idf/components/esp_bootloader_format /home/tikhon/Документы/magnolia/esp-idf/components/esp_coex /home/tikhon/Документы/magnolia/esp-idf/components/esp_common /home/tikhon/Документы/magnolia/esp-idf/components/esp_driver_ana_cmpr /home/tikhon/Документы/magnolia/esp-idf/components/esp_driver_bitscrambler /home/tikhon/Документы/magnolia/esp-idf/components/esp_driver_cam /home/tikhon/Документы/magnolia/esp-idf/components/esp_driver_dac /home/tikhon/Документы/magnolia/esp-idf/components/esp_driver_gpio /home/tikhon/Документы/magnolia/esp-idf/components/esp_driver_gptimer /home/tikhon/Документы/magnolia/esp-idf/components/esp_driver_i2c /home/tikhon/Документы/magnolia/esp-idf/components/esp_driver_i2s /home/tikhon/Документы/magnolia/esp-idf/components/esp_driver_i3c /home/tikhon/Документы/magnolia/esp-idf/components/esp_driver_isp /home/tikhon/Документы/magnolia/esp-idf/components/esp_driver_jpeg /home/tikhon/Документы/magnolia/esp-idf/components/esp_driver_ledc /home/tikhon/Документы/magnolia/esp-idf/components/esp_driver_mcpwm /home/tikhon/Документы/magnolia/esp-idf/components/esp_driver_parlio /home/tikhon/Документы/magnolia/esp-idf/components/esp_driver_pcnt /home/tikhon/Документы/magnolia/esp-idf/components/esp_driver_ppa /home/tikhon/Документы/magnolia/esp-idf/components/esp_driver_rmt /home/tikhon/Документы/magnolia/esp-idf/components/esp_driver_sd_intf /home/tikhon/Документы/magnolia/esp-idf/components/esp_driver_sdio /home/tikhon/Документы/magnolia/esp-idf/components/esp_driver_sdm /home/tikhon/Документы/magnolia/esp-idf/components/esp_driver_sdmmc /home/tikhon/Документы/magnolia/esp-idf/components/esp_driver_sdspi /home/tikhon/Документы/magnolia/esp-idf/components/esp_driver_spi /home/tikhon/Документы/magnolia/esp-idf/components/esp_driver_touch_sens /home/tikhon/Документы/magnolia/esp-idf/components/esp_driver_tsens /home/tikhon/Документы/magnolia/esp-idf/components/esp_driver_twai /home/tikhon/Документы/magnolia/esp-idf/components/esp_driver_uart /home/tikhon/Документы/magnolia/esp-idf/components/esp_driver_usb_serial_jtag /home/tikhon/Документы/magnolia/esp-idf/components/esp_eth /home/tikhon/Документы/magnolia/esp-idf/components/esp_event /home/tikhon/Документы/magnolia/esp-idf/components/esp_gdbstub /home/tikhon/Документы/magnolia/esp-idf/components/esp_hid /home/tikhon/Документы/magnolia/esp-idf/components/esp_http_client /home/tikhon/Документы/magnolia/esp-idf/components/esp_http_server /home/tikhon/Документы/magnolia/esp-idf/components/esp_https_ota /home/tikhon/Документы/magnolia/esp-idf/components/esp_https_server /home/tikhon/Документы/magnolia/esp-idf/components/esp_hw_support /home/tikhon/Документы/magnolia/esp-idf/components/esp_lcd /home/tikhon/Документы/magnolia/esp-idf/components/esp_local_ctrl /home/tikhon/Документы/magnolia/esp-idf/components/esp_mm /home/tikhon/Документы/magnolia/esp-idf/components/esp_netif /home/tikhon/Документы/magnolia/esp-idf/components/esp_netif_stack /home/tikhon/Документы/magnolia/esp-idf/components/esp_partition /home/tikhon/Документы/magnolia/esp-idf/components/esp_phy /home/tikhon/Документы/magnolia/esp-idf/components/esp_pm /home/tikhon/Документы/magnolia/esp-idf/components/esp_psram /home/tikhon/Документы/magnolia/esp-idf/components/esp_ringbuf /home/tikhon/Документы/magnolia/esp-idf/components/esp_rom /home/tikhon/Документы/magnolia/esp-idf/components/esp_security /home/tikhon/Документы/magnolia/esp-idf/components/esp_system /home/tikhon/Документы/magnolia/esp-idf/components/esp_timer /home/tikhon/Документы/magnolia/esp-idf/components/esp_vfs_console /home/tikhon/Документы/magnolia/esp-idf/components/esp_wifi /home/tikhon/Документы/magnolia/esp-idf/components/espcoredump /home/tikhon/Документы/magnolia/esp-idf/components/esptool_py /home/tikhon/Документы/magnolia/esp-idf/components/fatfs /home/tikhon/Документы/magnolia/esp-idf/components/freertos /home/tikhon/Документы/magnolia/esp-idf/components/hal /home/tikhon/Документы/magnolia/esp-idf/components/heap /home/tikhon/Документы/magnolia/esp-idf/components/http_parser /home/tikhon/Документы/magnolia/esp-idf/components/idf_test /home/tikhon/Документы/magnolia/esp-idf/components/ieee802154 /home/tikhon/Документы/magnolia/esp-idf/components/json /home/tikhon/Документы/magnolia/esp-idf/components/log /home/tikhon/Документы/magnolia/esp-idf/components/lwip /home/tikhon/Документы/magnolia/applets/mainline/rmdir/main /home/tikhon/Документы/magnolia/esp-idf/components/mbedtls /home/tikhon/Документы/magnolia/esp-idf/components/mqtt /home/tikhon/Документы/magnolia/esp-idf/components/newlib /home/tikhon/Документы/magnolia/esp-idf/components/nvs_flash /home/tikhon/Документы/magnolia/esp-idf/components/nvs_sec_provider /home/tikhon/Документы/magnolia/esp-idf/components/openthread /home/tikhon/Документы/magnolia/esp-idf/components/partition_table /home/tikhon/Документы/magnolia/esp-idf/components/perfmon /home/tikhon/Документы/magnolia/esp-idf/components/protobuf-c /home/tikhon/Документы/magnolia/esp-idf/components/protocomm /home/tikhon/Документы/magnolia/esp-idf/components/pthread /home/tikhon/Документы/magnolia/esp-idf/components/rt /home/tikhon/Документы/magnolia/esp-idf/components/sdmmc /home/tikhon/Документы/magnolia/esp-idf/components/soc /home/tikhon/Документы/magnolia/esp-idf/components/spi_flash /home/tikhon/Документы/magnolia/esp-idf/components/spiffs /home/tikhon/Документы/magnolia/esp-idf/components/tcp_transport /home/tikhon/Документы/magnolia/esp-idf/components/touch_element /home/tikhon/Документы/magnolia/esp-idf/components/ulp /home/tikhon/Документы/magnolia/esp-idf/components/unity /home/tikhon/Документы/magnolia/esp-idf/components/usb /home/tikhon/Документы/magnolia/esp-idf/components/vfs /home/tikhon/Документы/magnolia/esp-idf/components/wear_levelling /home/tikhon/Документы/magnolia/esp-idf/components/wifi_provisioning /home/tikhon/Документы/magnolia/esp-idf/components/wpa_supplicant /home/tikhon/Документы/magnolia/esp-idf/components/xtensa
-- Configuring done (4.2s)
-- Components: app_trace app_update bootloader bootloader_support bt cmock console cxx driver efuse esp-tls esp_adc esp_app_format esp_bootloader_format esp_coex esp_common esp_driver_ana_cmpr esp_driver_bitscrambler esp_driver_cam esp_driver_dac esp_driver_gpio esp_driver_gptimer esp_driver_i2c esp_driver_i2s esp_driver_i3c esp_driver_isp esp_driver_jpeg esp_driver_ledc esp_driver_mcpwm esp_driver_parlio esp_driver_pcnt esp_driver_ppa esp_driver_rmt esp_driver_sd_intf esp_driver_sdio esp_driver_sdm esp_driver_sdmmc esp_driver_sdspi esp_driver_spi esp_driver_touch_sens esp_driver_tsens esp_driver_twai esp_driver_uart esp_driver_usb_serial_jtag esp_eth esp_event esp_gdbstub esp_hid esp_http_client esp_http_server esp_https_ota esp_https_server esp_hw_support esp_lcd esp_local_ctrl esp_mm esp_netif esp_netif_stack esp_partition esp_phy esp_pm esp_psram esp_ringbuf esp_rom esp_security esp_system esp_timer esp_vfs_console esp_wifi espcoredump esptool_py fatfs freertos hal heap http_parser idf_test ieee802154 json log lwip main mbedtls mqtt newlib nvs_flash nvs_sec_provider openthread partition_table perfmon protobuf-c protocomm pthread rt sdmmc soc spi_flash spiffs tcp_transport touch_element ulp unity usb vfs wear_levelling wifi_provisioning wpa_supplicant xtensa
-- Component paths: /home/tikhon/Документы/magnolia/esp-idf/components/app_trace /home/tikhon/Документы/magnolia/esp-idf/components/app_update /home/tikhon/Документы/magnolia/esp-idf/components/bootloader /home/tikhon/Документы/magnolia/esp-idf/components/bootloader_support /home/tikhon/Документы/magnolia/esp-idf/components/bt /home/tikhon/Документы/magnolia/esp-idf/components/cmock /home/tikhon/Документы/magnolia/esp-idf/components/console /home/tikhon/Документы/magnolia/esp-idf/components/cxx /home/tikhon/Документы/magnolia/esp-idf/components/driver /home/tikhon/Документы/magnolia/esp-idf/components/efuse /home/tikhon/Документы/magnolia/esp-idf/components/esp-tls /home/tikhon/Документы/magnolia/esp-idf/components/esp_adc /home/tikhon/Документы/magnolia/esp-idf/components/esp_app_format /home/tikhon/Документы/magnolia/esp-idf/components/esp_bootloader_format /home/tikhon/Документы/magnolia/esp-idf/components/esp_coex /home/tikhon/Документы/magnolia/esp-idf/components/esp_common /home/tikhon/Документы/magnolia/esp-idf/components/esp_driver_ana_cmpr /home/tikhon/Документы/magnolia/esp-idf/components/esp_driver_bitscrambler /home/tikhon/Документы/magnolia/esp-idf/components/esp_driver_cam /home/tikhon/Документы/magnolia/esp-idf/components/esp_driver_dac /home/tikhon/Документы/magnolia/esp-idf/components/esp_driver_gpio /home/tikhon/Документы/magnolia/esp-idf/components/esp_driver_gptimer /home/tikhon/Документы/magnolia/esp-idf/components/esp_driver_i2c /home/tikhon/Документы/magnolia/esp-idf/components/esp_driver_i2s /home/tikhon/Документы/magnolia/esp-idf/components/esp_driver_i3c /home/tikhon/Документы/magnolia/esp-idf/components/esp_driver_isp /home/tikhon/Документы/magnolia/esp-idf/components/esp_driver_jpeg /home/tikhon/Документы/magnolia/esp-idf/components/esp_driver_ledc /home/tikhon/Документы/magnolia/esp-idf/components/esp_driver_mcpwm /home/tikhon/Документы/magnolia/esp-idf/components/esp_driver_parlio /home/tikhon/Документы/magnolia/esp-idf/components/esp_driver_pcnt /home/tikhon/Документы/magnolia/esp-idf/components/esp_driver_ppa /home/tikhon/Документы/magnolia/esp-idf/components/esp_driver_rmt /home/tikhon/Документы/magnolia/esp-idf/components/esp_driver_sd_intf /home/tikhon/Документы/magnolia/esp-idf/components/esp_driver_sdio /home/tikhon/Документы/magnolia/esp-idf/components/esp_driver_sdm /home/tikhon/Документы/magnolia/esp-idf/components/esp_driver_sdmmc /home/tikhon/Документы/magnolia/esp-idf/components/esp_driver_sdspi /home/tikhon/Документы/magnolia/esp-idf/components/esp_driver_spi /home/tikhon/Документы/magnolia/esp-idf/components/esp_driver_touch_sens /home/tikhon/Документы/magnolia/esp-idf/components/esp_driver_tsens /home/tikhon/Документы/magnolia/esp-idf/components/esp_driver_twai /home/tikhon/Документы/magnolia/esp-idf/components/esp_driver_uart /home/tikhon/Документы/magnolia/esp-idf/components/esp_driver_usb_serial_jtag /home/tikhon/Документы/magnolia/esp-idf/components/esp_eth /home/tikhon/Документы/magnolia/esp-idf/components/esp_event /home/tikhon/Документы/magnolia/esp-idf/components/esp_gdbstub /home/tikhon/Документы/magnolia/esp-idf/components/esp_hid /home/tikhon/Документы/magnolia/esp-idf/components/esp_http_client /home/tikhon/Документы/magnolia/esp-idf/components/esp_http_server /home/tikhon/Документы/magnolia/esp-idf/components/esp_https_ota /home/tikhon/Документы/magnolia/esp-idf/components/esp_https_server /home/tikhon/Документы/magnolia/esp-idf/components/esp_hw_support /home/tikhon/Документы/magnolia/esp-idf/components/esp_lcd /home/tikhon/Документы/magnolia/esp-idf/components/esp_local_ctrl /home/tikhon/Документы/magnolia/esp-idf/components/esp_mm /home/tikhon/Документы/magnolia/esp-idf/components/esp_netif /home/tikhon/Документы/magnolia/esp-idf/components/esp_netif_stack /home/tikhon/Документы/magnolia/esp-idf/components/esp_partition /home/tikhon/Документы/magnolia/esp-idf/components/esp_phy /home/tikhon/Документы/magnolia/esp-idf/components/esp_pm /home/tikhon/Документы/magnolia/esp-idf/components/esp_psram /home/tikhon/Документы/magnolia/esp-idf/components/esp_ringbuf /home/tikhon/Документы/magnolia/esp-idf/components/esp_rom /home/tikhon/Документы/magnolia/esp-idf/components/esp_security /home/tikhon/Документы/magnolia/esp-idf/components/esp_system /home/tikhon/Документы/magnolia/esp-idf/components/esp_timer /home/tikhon/Документы/magnolia/esp-idf/components/esp_vfs_console /home/tikhon/Документы/magnolia/esp-idf/components/esp_wifi /home/tikhon/Документы/magnolia/esp-idf/components/espcoredump /home/tikhon/Документы/magnolia/esp-idf/components/esptool_py /home/tikhon/Документы/magnolia/esp-idf/components/fatfs /home/tikhon/Документы/magnolia/esp-idf/components/freertos /home/tikhon/Документы/magnolia/esp-idf/components/hal /home/tikhon/Документы/magnolia/esp-idf/components/heap /home/tikhon/Документы/magnolia/esp-idf/components/http_parser /home/tikhon/Документы/magnolia/esp-idf/components/idf_test /home/tikhon/Документы/magnolia/esp-idf/components/ieee802154 /home/tikhon/Документы/magnolia/esp-idf/components/json /home/tikhon/Документы/magnolia/esp-idf/components/log /home/tikhon/Документы/magnolia/esp-idf/components/lwip /home/tikhon/Документы/magnolia/applets/mainline/sleep/main /home/tikhon/Документы/magnolia/esp-idf/components/mbedtls /home/tikhon/Документы/magnolia/esp-idf/components/mqtt /home/tikhon/Документы/magnolia/esp-idf/components/newlib /home/tikhon/Документы/magnolia/esp-idf/components/nvs_flash /home/tikhon/Документы/magnolia/esp-idf/components/nvs_sec_provider /home/tikhon/Документы/magnolia/esp-idf/components/openthread /home/tikhon/Документы/magnolia/esp-idf/components/partition_table /home/tikhon/Документы/magnolia/esp-idf/components/perfmon /home/tikhon/Документы/magnolia/esp-idf/components/protobuf-c /home/tikhon/Документы/magnolia/esp-idf/components/protocomm /home/tikhon/Документы/magnolia/esp-idf/components/pthread /home/tikhon/Документы/magnolia/esp-idf/components/rt /home/tikhon/Документы/magnolia/esp-idf/components/sdmmc /home/tikhon/Документы/magnolia/esp-idf/components/soc /home/tikhon/Документы/magnolia/esp-idf/components/spi_flash /home/tikhon/Документы/magnolia/esp-idf/components/spiffs /home/tikhon/Документы/magnolia/esp-idf/components/tcp_transport /home/tikhon/Документы/magnolia/esp-idf/components/touch_element /home/tikhon/Документы/magnolia/esp-idf/components/ulp /home/tikhon/Документы/magnolia/esp-idf/components/unity /home/tikhon/Документы/magnolia/esp-idf/components/usb /home/tikhon/Документы/magnolia/esp-idf/components/vfs /home/tikhon/Документы/magnolia/esp-idf/components/wear_levelling /home/tikhon/Документы/magnolia/esp-idf/components/wifi_provisioning /home/tikhon/Документы/magnolia/esp-idf/components/wpa_supplicant /home/tikhon/Документы/magnolia/esp-idf/components/xtensa
-- Configuring done (4.1s)
-- Components: app_trace app_update bootloader bootloader_support bt cmock console cxx driver efuse esp-tls esp_adc esp_app_format esp_bootloader_format esp_coex esp_common esp_driver_ana_cmpr esp_driver_bitscrambler esp_driver_cam esp_driver_dac esp_driver_gpio esp_driver_gptimer esp_driver_i2c esp_driver_i2s esp_driver_i3c esp_driver_isp esp_driver_jpeg esp_driver_ledc esp_driver_mcpwm esp_driver_parlio esp_driver_pcnt esp_driver_ppa esp_driver_rmt esp_driver_sd_intf esp_driver_sdio esp_driver_sdm esp_driver_sdmmc esp_driver_sdspi esp_driver_spi esp_driver_touch_sens esp_driver_tsens esp_driver_twai esp_driver_uart esp_driver_usb_serial_jtag esp_eth esp_event esp_gdbstub esp_hid esp_http_client esp_http_server esp_https_ota esp_https_server esp_hw_support esp_lcd esp_local_ctrl esp_mm esp_netif esp_netif_stack esp_partition esp_phy esp_pm esp_psram esp_ringbuf esp_rom esp_security esp_system esp_timer esp_vfs_console esp_wifi espcoredump esptool_py fatfs freertos hal heap http_parser idf_test ieee802154 json log lwip main mbedtls mqtt newlib nvs_flash nvs_sec_provider openthread partition_table perfmon protobuf-c protocomm pthread rt sdmmc soc spi_flash spiffs tcp_transport touch_element ulp unity usb vfs wear_levelling wifi_provisioning wpa_supplicant xtensa
-- Component paths: /home/tikhon/Документы/magnolia/esp-idf/components/app_trace /home/tikhon/Документы/magnolia/esp-idf/components/app_update /home/tikhon/Документы/magnolia/esp-idf/components/bootloader /home/tikhon/Документы/magnolia/esp-idf/components/bootloader_support /home/tikhon/Документы/magnolia/esp-idf/components/bt /home/tikhon/Документы/magnolia/esp-idf/components/cmock /home/tikhon/Документы/magnolia/esp-idf/components/console /home/tikhon/Документы/magnolia/esp-idf/components/cxx /home/tikhon/Документы/magnolia/esp-idf/components/driver /home/tikhon/Документы/magnolia/esp-idf/components/efuse /home/tikhon/Документы/magnolia/esp-idf/components/esp-tls /home/tikhon/Документы/magnolia/esp-idf/components/esp_adc /home/tikhon/Документы/magnolia/esp-idf/components/esp_app_format /home/tikhon/Документы/magnolia/esp-idf/components/esp_bootloader_format /home/tikhon/Документы/magnolia/esp-idf/components/esp_coex /home/tikhon/Документы/magnolia/esp-idf/components/esp_common /home/tikhon/Документы/magnolia/esp-idf/components/esp_driver_ana_cmpr /home/tikhon/Документы/magnolia/esp-idf/components/esp_driver_bitscrambler /home/tikhon/Документы/magnolia/esp-idf/components/esp_driver_cam /home/tikhon/Документы/magnolia/esp-idf/components/esp_driver_dac /home/tikhon/Документы/magnolia/esp-idf/components/esp_driver_gpio /home/tikhon/Документы/magnolia/esp-idf/components/esp_driver_gptimer /home/tikhon/Документы/magnolia/esp-idf/components/esp_driver_i2c /home/tikhon/Документы/magnolia/esp-idf/components/esp_driver_i2s /home/tikhon/Документы/magnolia/esp-idf/components/esp_driver_i3c /home/tikhon/Документы/magnolia/esp-idf/components/esp_driver_isp /home/tikhon/Документы/magnolia/esp-idf/components/esp_driver_jpeg /home/tikhon/Документы/magnolia/esp-idf/components/esp_driver_ledc /home/tikhon/Документы/magnolia/esp-idf/components/esp_driver_mcpwm /home/tikhon/Документы/magnolia/esp-idf/components/esp_driver_parlio /home/tikhon/Документы/magnolia/esp-idf/components/esp_driver_pcnt /home/tikhon/Документы/magnolia/esp-idf/components/esp_driver_ppa /home/tikhon/Документы/magnolia/esp-idf/components/esp_driver_rmt /home/tikhon/Документы/magnolia/esp-idf/components/esp_driver_sd_intf /home/tikhon/Документы/magnolia/esp-idf/components/esp_driver_sdio /home/tikhon/Документы/magnolia/esp-idf/components/esp_driver_sdm /home/tikhon/Документы/magnolia/esp-idf/components/esp_driver_sdmmc /home/tikhon/Документы/magnolia/esp-idf/components/esp_driver_sdspi /home/tikhon/Документы/magnolia/esp-idf/components/esp_driver_spi /home/tikhon/Документы/magnolia/esp-idf/components/esp_driver_touch_sens /home/tikhon/Документы/magnolia/esp-idf/components/esp_driver_tsens /home/tikhon/Документы/magnolia/esp-idf/components/esp_driver_twai /home/tikhon/Документы/magnolia/esp-idf/components/esp_driver_uart /home/tikhon/Документы/magnolia/esp-idf/components/esp_driver_usb_serial_jtag /home/tikhon/Документы/magnolia/esp-idf/components/esp_eth /home/tikhon/Документы/magnolia/esp-idf/components/esp_event /home/tikhon/Документы/magnolia/esp-idf/components/esp_gdbstub /home/tikhon/Документы/magnolia/esp-idf/components/esp_hid /home/tikhon/Документы/magnolia/esp-idf/components/esp_http_client /home/tikhon/Документы/magnolia/esp-idf/components/esp_http_server /home/tikhon/Документы/magnolia/esp-idf/components/esp_https_ota /home/tikhon/Документы/magnolia/esp-idf/components/esp_https_server /home/tikhon/Документы/magnolia/esp-idf/components/esp_hw_support /home/tikhon/Документы/magnolia/esp-idf/components/esp_lcd /home/tikhon/Документы/magnolia/esp-idf/components/esp_local_ctrl /home/tikhon/Документы/magnolia/esp-idf/components/esp_mm /home/tikhon/Документы/magnolia/esp-idf/components/esp_netif /home/tikhon/Документы/magnolia/esp-idf/components/esp_netif_stack /home/tikhon/Документы/magnolia/esp-idf/components/esp_partition /home/tikhon/Документы/magnolia/esp-idf/components/esp_phy /home/tikhon/Документы/magnolia/esp-idf/components/esp_pm /home/tikhon/Документы/magnolia/esp-idf/components/esp_psram /home/tikhon/Документы/magnolia/esp-idf/components/esp_ringbuf /home/tikhon/Документы/magnolia/esp-idf/components/esp_rom /home/tikhon/Документы/magnolia/esp-idf/components/esp_security /home/tikhon/Документы/magnolia/esp-idf/components/esp_system /home/tikhon/Документы/magnolia/esp-idf/components/esp_timer /home/tikhon/Документы/magnolia/esp-idf/components/esp_vfs_console /home/tikhon/Документы/magnolia/esp-idf/components/esp_wifi /home/tikhon/Документы/magnolia/esp-idf/components/espcoredump /home/tikhon/Документы/magnolia/esp-idf/components/esptool_py /home/tikhon/Документы/magnolia/esp-idf/components/fatfs /home/tikhon/Документы/magnolia/esp-idf/components/freertos /home/tikhon/Документы/magnolia/esp-idf/components/hal /home/tikhon/Документы/magnolia/esp-idf/components/heap /home/tikhon/Документы/magnolia/esp-idf/components/http_parser /home/tikhon/Документы/magnolia/esp-idf/components/idf_test /home/tikhon/Документы/magnolia/esp-idf/components/ieee802154 /home/tikhon/Документы/magnolia/esp-idf/components/json /home/tikhon/Документы/magnolia/esp-idf/components/log /home/tikhon/Документы/magnolia/esp-idf/components/lwip /home/tikhon/Документы/magnolia/applets/mainline/tee/main /home/tikhon/Документы/magnolia/esp-idf/components/mbedtls /home/tikhon/Документы/magnolia/esp-idf/components/mqtt /home/tikhon/Документы/magnolia/esp-idf/components/newlib /home/tikhon/Документы/magnolia/esp-idf/components/nvs_flash /home/tikhon/Документы/magnolia/esp-idf/components/nvs_sec_provider /home/tikhon/Документы/magnolia/esp-idf/components/openthread /home/tikhon/Документы/magnolia/esp-idf/components/partition_table /home/tikhon/Документы/magnolia/esp-idf/components/perfmon /home/tikhon/Документы/magnolia/esp-idf/components/protobuf-c /home/tikhon/Документы/magnolia/esp-idf/components/protocomm /home/tikhon/Документы/magnolia/esp-idf/components/pthread /home/tikhon/Документы/magnolia/esp-idf/components/rt /home/tikhon/Документы/magnolia/esp-idf/components/sdmmc /home/tikhon/Документы/magnolia/esp-idf/components/soc /home/tikhon/Документы/magnolia/esp-idf/components/spi_flash /home/tikhon/Документы/magnolia/esp-idf/components/spiffs /home/tikhon/Документы/magnolia/esp-idf/components/tcp_transport /home/tikhon/Документы/magnolia/esp-idf/components/touch_element /home/tikhon/Документы/magnolia/esp-idf/components/ulp /home/tikhon/Документы/magnolia/esp-idf/components/unity /home/tikhon/Документы/magnolia/esp-idf/components/usb /home/tikhon/Документы/magnolia/esp-idf/components/vfs /home/tikhon/Документы/magnolia/esp-idf/components/wear_levelling /home/tikhon/Документы/magnolia/esp-idf/components/wifi_provisioning /home/tikhon/Документы/magnolia/esp-idf/components/wpa_supplicant /home/tikhon/Документы/magnolia/esp-idf/components/xtensa
-- Configuring done (4.2s)
-- Components: app_trace app_update bootloader bootloader_support bt cmock console cxx driver efuse esp-tls esp_adc esp_app_format esp_bootloader_format esp_coex esp_common esp_driver_ana_cmpr esp_driver_bitscrambler esp_driver_cam esp_driver_dac esp_driver_gpio esp_driver_gptimer esp_driver_i2c esp_driver_i2s esp_driver_i3c esp_driver_isp esp_driver_jpeg esp_driver_ledc esp_driver_mcpwm esp_driver_parlio esp_driver_pcnt esp_driver_ppa esp_driver_rmt esp_driver_sd_intf esp_driver_sdio esp_driver_sdm esp_driver_sdmmc esp_driver_sdspi esp_driver_spi esp_driver_touch_sens esp_driver_tsens esp_driver_twai esp_driver_uart esp_driver_usb_serial_jtag esp_eth esp_event esp_gdbstub esp_hid esp_http_client esp_http_server esp_https_ota esp_https_server esp_hw_support esp_lcd esp_local_ctrl esp_mm esp_netif esp_netif_stack esp_partition esp_phy esp_pm esp_psram esp_ringbuf esp_rom esp_security esp_system esp_timer esp_vfs_console esp_wifi espcoredump esptool_py fatfs freertos hal heap http_parser idf_test ieee802154 json log lwip main mbedtls mqtt newlib nvs_flash nvs_sec_provider openthread partition_table perfmon protobuf-c protocomm pthread rt sdmmc soc spi_flash spiffs tcp_transport touch_element ulp unity usb vfs wear_levelling wifi_provisioning wpa_supplicant xtensa
-- Component paths: /home/tikhon/Документы/magnolia/esp-idf/components/app_trace /home/tikhon/Документы/magnolia/esp-idf/components/app_update /home/tikhon/Документы/magnolia/esp-idf/components/bootloader /home/tikhon/Документы/magnolia/esp-idf/components/bootloader_support /home/tikhon/Документы/magnolia/esp-idf/components/bt /home/tikhon/Документы/magnolia/esp-idf/components/cmock /home/tikhon/Документы/magnolia/esp-idf/components/console /home/tikhon/Документы/magnolia/esp-idf/components/cxx /home/tikhon/Документы/magnolia/esp-idf/components/driver /home/tikhon/Документы/magnolia/esp-idf/components/efuse /home/tikhon/Документы/magnolia/esp-idf/components/esp-tls /home/tikhon/Документы/magnolia/esp-idf/components/esp_adc /home/tikhon/Документы/magnolia/esp-idf/components/esp_app_format /home/tikhon/Документы/magnolia/esp-idf/components/esp_bootloader_format /home/tikhon/Документы/magnolia/esp-idf/components/esp_coex /home/tikhon/Документы/magnolia/esp-idf/components/esp_common /home/tikhon/Документы/magnolia/esp-idf/components/esp_driver_ana_cmpr /home/tikhon/Документы/magnolia/esp-idf/components/esp_driver_bitscrambler /home/tikhon/Документы/magnolia/esp-idf/components/esp_driver_cam /home/tikhon/Документы/magnolia/esp-idf/components/esp_driver_dac /home/tikhon/Документы/magnolia/esp-idf/components/esp_driver_gpio /home/tikhon/Документы/magnolia/esp-idf/components/esp_driver_gptimer /home/tikhon/Документы/magnolia/esp-idf/components/esp_driver_i2c /home/tikhon/Документы/magnolia/esp-idf/components/esp_driver_i2s /home/tikhon/Документы/magnolia/esp-idf/components/esp_driver_i3c /home/tikhon/Документы/magnolia/esp-idf/components/esp_driver_isp /home/tikhon/Документы/magnolia/esp-idf/components/esp_driver_jpeg /home/tikhon/Документы/magnolia/esp-idf/components/esp_driver_ledc /home/tikhon/Документы/magnolia/esp-idf/components/esp_driver_mcpwm /home/tikhon/Документы/magnolia/esp-idf/components/esp_driver_parlio /home/tikhon/Документы/magnolia/esp-idf/components/esp_driver_pcnt /home/tikhon/Документы/magnolia/esp-idf/components/esp_driver_ppa /home/tikhon/Документы/magnolia/esp-idf/components/esp_driver_rmt /home/tikhon/Документы/magnolia/esp-idf/components/esp_driver_sd_intf /home/tikhon/Документы/magnolia/esp-idf/components/esp_driver_sdio /home/tikhon/Документы/magnolia/esp-idf/components/esp_driver_sdm /home/tikhon/Документы/magnolia/esp-idf/components/esp_driver_sdmmc /home/tikhon/Документы/magnolia/esp-idf/components/esp_driver_sdspi /home/tikhon/Документы/magnolia/esp-idf/components/esp_driver_spi /home/tikhon/Документы/magnolia/esp-idf/components/esp_driver_touch_sens /home/tikhon/Документы/magnolia/esp-idf/components/esp_driver_tsens /home/tikhon/Документы/magnolia/esp-idf/components/esp_driver_twai /home/tikhon/Документы/magnolia/esp-idf/components/esp_driver_uart /home/tikhon/Документы/magnolia/esp-idf/components/esp_driver_usb_serial_jtag /home/tikhon/Документы/magnolia/esp-idf/components/esp_eth /home/tikhon/Документы/magnolia/esp-idf/components/esp_event /home/tikhon/Документы/magnolia/esp-idf/components/esp_gdbstub /home/tikhon/Документы/magnolia/esp-idf/components/esp_hid /home/tikhon/Документы/magnolia/esp-idf/components/esp_http_client /home/tikhon/Документы/magnolia/esp-idf/components/esp_http_server /home/tikhon/Документы/magnolia/esp-idf/components/esp_https_ota /home/tikhon/Документы/magnolia/esp-idf/components/esp_https_server /home/tikhon/Документы/magnolia/esp-idf/components/esp_hw_support /home/tikhon/Документы/magnolia/esp-idf/components/esp_lcd /home/tikhon/Документы/magnolia/esp-idf/components/esp_local_ctrl /home/tikhon/Документы/magnolia/esp-idf/components/esp_mm /home/tikhon/Документы/magnolia/esp-idf/components/esp_netif /home/tikhon/Документы/magnolia/esp-idf/components/esp_netif_stack /home/tikhon/Документы/magnolia/esp-idf/components/esp_partition /home/tikhon/Документы/magnolia/esp-idf/components/esp_phy /home/tikhon/Документы/magnolia/esp-idf/components/esp_pm /home/tikhon/Документы/magnolia/esp-idf/components/esp_psram /home/tikhon/Документы/magnolia/esp-idf/components/esp_ringbuf /home/tikhon/Документы/magnolia/esp-idf/components/esp_rom /home/tikhon/Документы/magnolia/esp-idf/components/esp_security /home/tikhon/Документы/magnolia/esp-idf/components/esp_system /home/tikhon/Документы/magnolia/esp-idf/components/esp_timer /home/tikhon/Документы/magnolia/esp-idf/components/esp_vfs_console /home/tikhon/Документы/magnolia/esp-idf/components/esp_wifi /home/tikhon/Документы/magnolia/esp-idf/components/espcoredump /home/tikhon/Документы/magnolia/esp-idf/components/esptool_py /home/tikhon/Документы/magnolia/esp-idf/components/fatfs /home/tikhon/Документы/magnolia/esp-idf/components/freertos /home/tikhon/Документы/magnolia/esp-idf/components/hal /home/tikhon/Документы/magnolia/esp-idf/components/heap /home/tikhon/Документы/magnolia/esp-idf/components/http_parser /home/tikhon/Документы/magnolia/esp-idf/components/idf_test /home/tikhon/Документы/magnolia/esp-idf/components/ieee802154 /home/tikhon/Документы/magnolia/esp-idf/components/json /home/tikhon/Документы/magnolia/esp-idf/components/log /home/tikhon/Документы/magnolia/esp-idf/components/lwip /home/tikhon/Документы/magnolia/applets/mainline/sh/main /home/tikhon/Документы/magnolia/esp-idf/components/mbedtls /home/tikhon/Документы/magnolia/esp-idf/components/mqtt /home/tikhon/Документы/magnolia/esp-idf/components/newlib /home/tikhon/Документы/magnolia/esp-idf/components/nvs_flash /home/tikhon/Документы/magnolia/esp-idf/components/nvs_sec_provider /home/tikhon/Документы/magnolia/esp-idf/components/openthread /home/tikhon/Документы/magnolia/esp-idf/components/partition_table /home/tikhon/Документы/magnolia/esp-idf/components/perfmon /home/tikhon/Документы/magnolia/esp-idf/components/protobuf-c /home/tikhon/Документы/magnolia/esp-idf/components/protocomm /home/tikhon/Документы/magnolia/esp-idf/components/pthread /home/tikhon/Документы/magnolia/esp-idf/components/rt /home/tikhon/Документы/magnolia/esp-idf/components/sdmmc /home/tikhon/Документы/magnolia/esp-idf/components/soc /home/tikhon/Документы/magnolia/esp-idf/components/spi_flash /home/tikhon/Документы/magnolia/esp-idf/components/spiffs /home/tikhon/Документы/magnolia/esp-idf/components/tcp_transport /home/tikhon/Документы/magnolia/esp-idf/components/touch_element /home/tikhon/Документы/magnolia/esp-idf/components/ulp /home/tikhon/Документы/magnolia/esp-idf/components/unity /home/tikhon/Документы/magnolia/esp-idf/components/usb /home/tikhon/Документы/magnolia/esp-idf/components/vfs /home/tikhon/Документы/magnolia/esp-idf/components/wear_levelling /home/tikhon/Документы/magnolia/esp-idf/components/wifi_provisioning /home/tikhon/Документы/magnolia/esp-idf/components/wpa_supplicant /home/tikhon/Документы/magnolia/esp-idf/components/xtensa
-- Configuring done (4.3s)
-- Components: app_trace app_update bootloader bootloader_support bt cmock console cxx driver efuse esp-tls esp_adc esp_app_format esp_bootloader_format esp_coex esp_common esp_driver_ana_cmpr esp_driver_bitscrambler esp_driver_cam esp_driver_dac esp_driver_gpio esp_driver_gptimer esp_driver_i2c esp_driver_i2s esp_driver_i3c esp_driver_isp esp_driver_jpeg esp_driver_ledc esp_driver_mcpwm esp_driver_parlio esp_driver_pcnt esp_driver_ppa esp_driver_rmt esp_driver_sd_intf esp_driver_sdio esp_driver_sdm esp_driver_sdmmc esp_driver_sdspi esp_driver_spi esp_driver_touch_sens esp_driver_tsens esp_driver_twai esp_driver_uart esp_driver_usb_serial_jtag esp_eth esp_event esp_gdbstub esp_hid esp_http_client esp_http_server esp_https_ota esp_https_server esp_hw_support esp_lcd esp_local_ctrl esp_mm esp_netif esp_netif_stack esp_partition esp_phy esp_pm esp_psram esp_ringbuf esp_rom esp_security esp_system esp_timer esp_vfs_console esp_wifi espcoredump esptool_py fatfs freertos hal heap http_parser idf_test ieee802154 json log lwip main mbedtls mqtt newlib nvs_flash nvs_sec_provider openthread partition_table perfmon protobuf-c protocomm pthread rt sdmmc soc spi_flash spiffs tcp_transport touch_element ulp unity usb vfs wear_levelling wifi_provisioning wpa_supplicant xtensa
-- Component paths: /home/tikhon/Документы/magnolia/esp-idf/components/app_trace /home/tikhon/Документы/magnolia/esp-idf/components/app_update /home/tikhon/Документы/magnolia/esp-idf/components/bootloader /home/tikhon/Документы/magnolia/esp-idf/components/bootloader_support /home/tikhon/Документы/magnolia/esp-idf/components/bt /home/tikhon/Документы/magnolia/esp-idf/components/cmock /home/tikhon/Документы/magnolia/esp-idf/components/console /home/tikhon/Документы/magnolia/esp-idf/components/cxx /home/tikhon/Документы/magnolia/esp-idf/components/driver /home/tikhon/Документы/magnolia/esp-idf/components/efuse /home/tikhon/Документы/magnolia/esp-idf/components/esp-tls /home/tikhon/Документы/magnolia/esp-idf/components/esp_adc /home/tikhon/Документы/magnolia/esp-idf/components/esp_app_format /home/tikhon/Документы/magnolia/esp-idf/components/esp_bootloader_format /home/tikhon/Документы/magnolia/esp-idf/components/esp_coex /home/tikhon/Документы/magnolia/esp-idf/components/esp_common /home/tikhon/Документы/magnolia/esp-idf/components/esp_driver_ana_cmpr /home/tikhon/Документы/magnolia/esp-idf/components/esp_driver_bitscrambler /home/tikhon/Документы/magnolia/esp-idf/components/esp_driver_cam /home/tikhon/Документы/magnolia/esp-idf/components/esp_driver_dac /home/tikhon/Документы/magnolia/esp-idf/components/esp_driver_gpio /home/tikhon/Документы/magnolia/esp-idf/components/esp_driver_gptimer /home/tikhon/Документы/magnolia/esp-idf/components/esp_driver_i2c /home/tikhon/Документы/magnolia/esp-idf/components/esp_driver_i2s /home/tikhon/Документы/magnolia/esp-idf/components/esp_driver_i3c /home/tikhon/Документы/magnolia/esp-idf/components/esp_driver_isp /home/tikhon/Документы/magnolia/esp-idf/components/esp_driver_jpeg /home/tikhon/Документы/magnolia/esp-idf/components/esp_driver_ledc /home/tikhon/Документы/magnolia/esp-idf/components/esp_driver_mcpwm /home/tikhon/Документы/magnolia/esp-idf/components/esp_driver_parlio /home/tikhon/Документы/magnolia/esp-idf/components/esp_driver_pcnt /home/tikhon/Документы/magnolia/esp-idf/components/esp_driver_ppa /home/tikhon/Документы/magnolia/esp-idf/components/esp_driver_rmt /home/tikhon/Документы/magnolia/esp-idf/components/esp_driver_sd_intf /home/tikhon/Документы/magnolia/esp-idf/components/esp_driver_sdio /home/tikhon/Документы/magnolia/esp-idf/components/esp_driver_sdm /home/tikhon/Документы/magnolia/esp-idf/components/esp_driver_sdmmc /home/tikhon/Документы/magnolia/esp-idf/components/esp_driver_sdspi /home/tikhon/Документы/magnolia/esp-idf/components/esp_driver_spi /home/tikhon/Документы/magnolia/esp-idf/components/esp_driver_touch_sens /home/tikhon/Документы/magnolia/esp-idf/components/esp_driver_tsens /home/tikhon/Документы/magnolia/esp-idf/components/esp_driver_twai /home/tikhon/Документы/magnolia/esp-idf/components/esp_driver_uart /home/tikhon/Документы/magnolia/esp-idf/components/esp_driver_usb_serial_jtag /home/tikhon/Документы/magnolia/esp-idf/components/esp_eth /home/tikhon/Документы/magnolia/esp-idf/components/esp_event /home/tikhon/Документы/magnolia/esp-idf/components/esp_gdbstub /home/tikhon/Документы/magnolia/esp-idf/components/esp_hid /home/tikhon/Документы/magnolia/esp-idf/components/esp_http_client /home/tikhon/Документы/magnolia/esp-idf/components/esp_http_server /home/tikhon/Документы/magnolia/esp-idf/components/esp_https_ota /home/tikhon/Документы/magnolia/esp-idf/components/esp_https_server /home/tikhon/Документы/magnolia/esp-idf/components/esp_hw_support /home/tikhon/Документы/magnolia/esp-idf/components/esp_lcd /home/tikhon/Документы/magnolia/esp-idf/components/esp_local_ctrl /home/tikhon/Документы/magnolia/esp-idf/components/esp_mm /home/tikhon/Документы/magnolia/esp-idf/components/esp_netif /home/tikhon/Документы/magnolia/esp-idf/components/esp_netif_stack /home/tikhon/Документы/magnolia/esp-idf/components/esp_partition /home/tikhon/Документы/magnolia/esp-idf/components/esp_phy /home/tikhon/Документы/magnolia/esp-idf/components/esp_pm /home/tikhon/Документы/magnolia/esp-idf/components/esp_psram /home/tikhon/Документы/magnolia/esp-idf/components/esp_ringbuf /home/tikhon/Документы/magnolia/esp-idf/components/esp_rom /home/tikhon/Документы/magnolia/esp-idf/components/esp_security /home/tikhon/Документы/magnolia/esp-idf/components/esp_system /home/tikhon/Документы/magnolia/esp-idf/components/esp_timer /home/tikhon/Документы/magnolia/esp-idf/components/esp_vfs_console /home/tikhon/Документы/magnolia/esp-idf/components/esp_wifi /home/tikhon/Документы/magnolia/esp-idf/components/espcoredump /home/tikhon/Документы/magnolia/esp-idf/components/esptool_py /home/tikhon/Документы/magnolia/esp-idf/components/fatfs /home/tikhon/Документы/magnolia/esp-idf/components/freertos /home/tikhon/Документы/magnolia/esp-idf/components/hal /home/tikhon/Документы/magnolia/esp-idf/components/heap /home/tikhon/Документы/magnolia/esp-idf/components/http_parser /home/tikhon/Документы/magnolia/esp-idf/components/idf_test /home/tikhon/Документы/magnolia/esp-idf/components/ieee802154 /home/tikhon/Документы/magnolia/esp-idf/components/json /home/tikhon/Документы/magnolia/esp-idf/components/log /home/tikhon/Документы/magnolia/esp-idf/components/lwip /home/tikhon/Документы/magnolia/applets/mainline/sort/main /home/tikhon/Документы/magnolia/esp-idf/components/mbedtls /home/tikhon/Документы/magnolia/esp-idf/components/mqtt /home/tikhon/Документы/magnolia/esp-idf/components/newlib /home/tikhon/Документы/magnolia/esp-idf/components/nvs_flash /home/tikhon/Документы/magnolia/esp-idf/components/nvs_sec_provider /home/tikhon/Документы/magnolia/esp-idf/components/openthread /home/tikhon/Документы/magnolia/esp-idf/components/partition_table /home/tikhon/Документы/magnolia/esp-idf/components/perfmon /home/tikhon/Документы/magnolia/esp-idf/components/protobuf-c /home/tikhon/Документы/magnolia/esp-idf/components/protocomm /home/tikhon/Документы/magnolia/esp-idf/components/pthread /home/tikhon/Документы/magnolia/esp-idf/components/rt /home/tikhon/Документы/magnolia/esp-idf/components/sdmmc /home/tikhon/Документы/magnolia/esp-idf/components/soc /home/tikhon/Документы/magnolia/esp-idf/components/spi_flash /home/tikhon/Документы/magnolia/esp-idf/components/spiffs /home/tikhon/Документы/magnolia/esp-idf/components/tcp_transport /home/tikhon/Документы/magnolia/esp-idf/components/touch_element /home/tikhon/Документы/magnolia/esp-idf/components/ulp /home/tikhon/Документы/magnolia/esp-idf/components/unity /home/tikhon/Документы/magnolia/esp-idf/components/usb /home/tikhon/Документы/magnolia/esp-idf/components/vfs /home/tikhon/Документы/magnolia/esp-idf/components/wear_levelling /home/tikhon/Документы/magnolia/esp-idf/components/wifi_provisioning /home/tikhon/Документы/magnolia/esp-idf/components/wpa_supplicant /home/tikhon/Документы/magnolia/esp-idf/components/xtensa
-- Configuring done (4.1s)
-- Generating done (0.6s)
-- Components: app_trace app_update bootloader bootloader_support bt cmock console cxx driver efuse esp-tls esp_adc esp_app_format esp_bootloader_format esp_coex esp_common esp_driver_ana_cmpr esp_driver_bitscrambler esp_driver_cam esp_driver_dac esp_driver_gpio esp_driver_gptimer esp_driver_i2c esp_driver_i2s esp_driver_i3c esp_driver_isp esp_driver_jpeg esp_driver_ledc esp_driver_mcpwm esp_driver_parlio esp_driver_pcnt esp_driver_ppa esp_driver_rmt esp_driver_sd_intf esp_driver_sdio esp_driver_sdm esp_driver_sdmmc esp_driver_sdspi esp_driver_spi esp_driver_touch_sens esp_driver_tsens esp_driver_twai esp_driver_uart esp_driver_usb_serial_jtag esp_eth esp_event esp_gdbstub esp_hid esp_http_client esp_http_server esp_https_ota esp_https_server esp_hw_support esp_lcd esp_local_ctrl esp_mm esp_netif esp_netif_stack esp_partition esp_phy esp_pm esp_psram esp_ringbuf esp_rom esp_security esp_system esp_timer esp_vfs_console esp_wifi espcoredump esptool_py fatfs freertos hal heap http_parser idf_test ieee802154 json log lwip main mbedtls mqtt newlib nvs_flash nvs_sec_provider openthread partition_table perfmon protobuf-c protocomm pthread rt sdmmc soc spi_flash spiffs tcp_transport touch_element ulp unity usb vfs wear_levelling wifi_provisioning wpa_supplicant xtensa
-- Component paths: /home/tikhon/Документы/magnolia/esp-idf/components/app_trace /home/tikhon/Документы/magnolia/esp-idf/components/app_update /home/tikhon/Документы/magnolia/esp-idf/components/bootloader /home/tikhon/Документы/magnolia/esp-idf/components/bootloader_support /home/tikhon/Документы/magnolia/esp-idf/components/bt /home/tikhon/Документы/magnolia/esp-idf/components/cmock /home/tikhon/Документы/magnolia/esp-idf/components/console /home/tikhon/Документы/magnolia/esp-idf/components/cxx /home/tikhon/Документы/magnolia/esp-idf/components/driver /home/tikhon/Документы/magnolia/esp-idf/components/efuse /home/tikhon/Документы/magnolia/esp-idf/components/esp-tls /home/tikhon/Документы/magnolia/esp-idf/components/esp_adc /home/tikhon/Документы/magnolia/esp-idf/components/esp_app_format /home/tikhon/Документы/magnolia/esp-idf/components/esp_bootloader_format /home/tikhon/Документы/magnolia/esp-idf/components/esp_coex /home/tikhon/Документы/magnolia/esp-idf/components/esp_common /home/tikhon/Документы/magnolia/esp-idf/components/esp_driver_ana_cmpr /home/tikhon/Документы/magnolia/esp-idf/components/esp_driver_bitscrambler /home/tikhon/Документы/magnolia/esp-idf/components/esp_driver_cam /home/tikhon/Документы/magnolia/esp-idf/components/esp_driver_dac /home/tikhon/Документы/magnolia/esp-idf/components/esp_driver_gpio /home/tikhon/Документы/magnolia/esp-idf/components/esp_driver_gptimer /home/tikhon/Документы/magnolia/esp-idf/components/esp_driver_i2c /home/tikhon/Документы/magnolia/esp-idf/components/esp_driver_i2s /home/tikhon/Документы/magnolia/esp-idf/components/esp_driver_i3c /home/tikhon/Документы/magnolia/esp-idf/components/esp_driver_isp /home/tikhon/Документы/magnolia/esp-idf/components/esp_driver_jpeg /home/tikhon/Документы/magnolia/esp-idf/components/esp_driver_ledc /home/tikhon/Документы/magnolia/esp-idf/components/esp_driver_mcpwm /home/tikhon/Документы/magnolia/esp-idf/components/esp_driver_parlio /home/tikhon/Документы/magnolia/esp-idf/components/esp_driver_pcnt /home/tikhon/Документы/magnolia/esp-idf/components/esp_driver_ppa /home/tikhon/Документы/magnolia/esp-idf/components/esp_driver_rmt /home/tikhon/Документы/magnolia/esp-idf/components/esp_driver_sd_intf /home/tikhon/Документы/magnolia/esp-idf/components/esp_driver_sdio /home/tikhon/Документы/magnolia/esp-idf/components/esp_driver_sdm /home/tikhon/Документы/magnolia/esp-idf/components/esp_driver_sdmmc /home/tikhon/Документы/magnolia/esp-idf/components/esp_driver_sdspi /home/tikhon/Документы/magnolia/esp-idf/components/esp_driver_spi /home/tikhon/Документы/magnolia/esp-idf/components/esp_driver_touch_sens /home/tikhon/Документы/magnolia/esp-idf/components/esp_driver_tsens /home/tikhon/Документы/magnolia/esp-idf/components/esp_driver_twai /home/tikhon/Документы/magnolia/esp-idf/components/esp_driver_uart /home/tikhon/Документы/magnolia/esp-idf/components/esp_driver_usb_serial_jtag /home/tikhon/Документы/magnolia/esp-idf/components/esp_eth /home/tikhon/Документы/magnolia/esp-idf/components/esp_event /home/tikhon/Документы/magnolia/esp-idf/components/esp_gdbstub /home/tikhon/Документы/magnolia/esp-idf/components/esp_hid /home/tikhon/Документы/magnolia/esp-idf/components/esp_http_client /home/tikhon/Документы/magnolia/esp-idf/components/esp_http_server /home/tikhon/Документы/magnolia/esp-idf/components/esp_https_ota /home/tikhon/Документы/magnolia/esp-idf/components/esp_https_server /home/tikhon/Документы/magnolia/esp-idf/components/esp_hw_support /home/tikhon/Документы/magnolia/esp-idf/components/esp_lcd /home/tikhon/Документы/magnolia/esp-idf/components/esp_local_ctrl /home/tikhon/Документы/magnolia/esp-idf/components/esp_mm /home/tikhon/Документы/magnolia/esp-idf/components/esp_netif /home/tikhon/Документы/magnolia/esp-idf/components/esp_netif_stack /home/tikhon/Документы/magnolia/esp-idf/components/esp_partition /home/tikhon/Документы/magnolia/esp-idf/components/esp_phy /home/tikhon/Документы/magnolia/esp-idf/components/esp_pm /home/tikhon/Документы/magnolia/esp-idf/components/esp_psram /home/tikhon/Документы/magnolia/esp-idf/components/esp_ringbuf /home/tikhon/Документы/magnolia/esp-idf/components/esp_rom /home/tikhon/Документы/magnolia/esp-idf/components/esp_security /home/tikhon/Документы/magnolia/esp-idf/components/esp_system /home/tikhon/Документы/magnolia/esp-idf/components/esp_timer /home/tikhon/Документы/magnolia/esp-idf/components/esp_vfs_console /home/tikhon/Документы/magnolia/esp-idf/components/esp_wifi /home/tikhon/Документы/magnolia/esp-idf/components/espcoredump /home/tikhon/Документы/magnolia/esp-idf/components/esptool_py /home/tikhon/Документы/magnolia/esp-idf/components/fatfs /home/tikhon/Документы/magnolia/esp-idf/components/freertos /home/tikhon/Документы/magnolia/esp-idf/components/hal /home/tikhon/Документы/magnolia/esp-idf/components/heap /home/tikhon/Документы/magnolia/esp-idf/components/http_parser /home/tikhon/Документы/magnolia/esp-idf/components/idf_test /home/tikhon/Документы/magnolia/esp-idf/components/ieee802154 /home/tikhon/Документы/magnolia/esp-idf/components/json /home/tikhon/Документы/magnolia/esp-idf/components/log /home/tikhon/Документы/magnolia/esp-idf/components/lwip /home/tikhon/Документы/magnolia/applets/mainline/touch/main /home/tikhon/Документы/magnolia/esp-idf/components/mbedtls /home/tikhon/Документы/magnolia/esp-idf/components/mqtt /home/tikhon/Документы/magnolia/esp-idf/components/newlib /home/tikhon/Документы/magnolia/esp-idf/components/nvs_flash /home/tikhon/Документы/magnolia/esp-idf/components/nvs_sec_provider /home/tikhon/Документы/magnolia/esp-idf/components/openthread /home/tikhon/Документы/magnolia/esp-idf/components/partition_table /home/tikhon/Документы/magnolia/esp-idf/components/perfmon /home/tikhon/Документы/magnolia/esp-idf/components/protobuf-c /home/tikhon/Документы/magnolia/esp-idf/components/protocomm /home/tikhon/Документы/magnolia/esp-idf/components/pthread /home/tikhon/Документы/magnolia/esp-idf/components/rt /home/tikhon/Документы/magnolia/esp-idf/components/sdmmc /home/tikhon/Документы/magnolia/esp-idf/components/soc /home/tikhon/Документы/magnolia/esp-idf/components/spi_flash /home/tikhon/Документы/magnolia/esp-idf/components/spiffs /home/tikhon/Документы/magnolia/esp-idf/components/tcp_transport /home/tikhon/Документы/magnolia/esp-idf/components/touch_element /home/tikhon/Документы/magnolia/esp-idf/components/ulp /home/tikhon/Документы/magnolia/esp-idf/components/unity /home/tikhon/Документы/magnolia/esp-idf/components/usb /home/tikhon/Документы/magnolia/esp-idf/components/vfs /home/tikhon/Документы/magnolia/esp-idf/components/wear_levelling /home/tikhon/Документы/magnolia/esp-idf/components/wifi_provisioning /home/tikhon/Документы/magnolia/esp-idf/components/wpa_supplicant /home/tikhon/Документы/magnolia/esp-idf/components/xtensa
-- Build files have been written to: /home/tikhon/Документы/magnolia/applets/mainline/elftest/build
-- Configuring done (4.1s)
NOTICE: Processing 1 dependencies:
NOTICE: [1/1] idf (6.0.0)
-- Components: app_trace app_update bootloader bootloader_support bt cmock console cxx driver efuse esp-tls esp_adc esp_app_format esp_bootloader_format esp_coex esp_common esp_driver_ana_cmpr esp_driver_bitscrambler esp_driver_cam esp_driver_dac esp_driver_gpio esp_driver_gptimer esp_driver_i2c esp_driver_i2s esp_driver_i3c esp_driver_isp esp_driver_jpeg esp_driver_ledc esp_driver_mcpwm esp_driver_parlio esp_driver_pcnt esp_driver_ppa esp_driver_rmt esp_driver_sd_intf esp_driver_sdio esp_driver_sdm esp_driver_sdmmc esp_driver_sdspi esp_driver_spi esp_driver_touch_sens esp_driver_tsens esp_driver_twai esp_driver_uart esp_driver_usb_serial_jtag esp_eth esp_event esp_gdbstub esp_hid esp_http_client esp_http_server esp_https_ota esp_https_server esp_hw_support esp_lcd esp_local_ctrl esp_mm esp_netif esp_netif_stack esp_partition esp_phy esp_pm esp_psram esp_ringbuf esp_rom esp_security esp_system esp_timer esp_vfs_console esp_wifi espcoredump esptool_py fatfs freertos hal heap http_parser idf_test ieee802154 json log lwip main mbedtls mqtt newlib nvs_flash nvs_sec_provider openthread partition_table perfmon protobuf-c protocomm pthread rt sdmmc soc spi_flash spiffs tcp_transport touch_element ulp unity usb vfs wear_levelling wifi_provisioning wpa_supplicant xtensa
-- Component paths: /home/tikhon/Документы/magnolia/esp-idf/components/app_trace /home/tikhon/Документы/magnolia/esp-idf/components/app_update /home/tikhon/Документы/magnolia/esp-idf/components/bootloader /home/tikhon/Документы/magnolia/esp-idf/components/bootloader_support /home/tikhon/Документы/magnolia/esp-idf/components/bt /home/tikhon/Документы/magnolia/esp-idf/components/cmock /home/tikhon/Документы/magnolia/esp-idf/components/console /home/tikhon/Документы/magnolia/esp-idf/components/cxx /home/tikhon/Документы/magnolia/esp-idf/components/driver /home/tikhon/Документы/magnolia/esp-idf/components/efuse /home/tikhon/Документы/magnolia/esp-idf/components/esp-tls /home/tikhon/Документы/magnolia/esp-idf/components/esp_adc /home/tikhon/Документы/magnolia/esp-idf/components/esp_app_format /home/tikhon/Документы/magnolia/esp-idf/components/esp_bootloader_format /home/tikhon/Документы/magnolia/esp-idf/components/esp_coex /home/tikhon/Документы/magnolia/esp-idf/components/esp_common /home/tikhon/Документы/magnolia/esp-idf/components/esp_driver_ana_cmpr /home/tikhon/Документы/magnolia/esp-idf/components/esp_driver_bitscrambler /home/tikhon/Документы/magnolia/esp-idf/components/esp_driver_cam /home/tikhon/Документы/magnolia/esp-idf/components/esp_driver_dac /home/tikhon/Документы/magnolia/esp-idf/components/esp_driver_gpio /home/tikhon/Документы/magnolia/esp-idf/components/esp_driver_gptimer /home/tikhon/Документы/magnolia/esp-idf/components/esp_driver_i2c /home/tikhon/Документы/magnolia/esp-idf/components/esp_driver_i2s /home/tikhon/Документы/magnolia/esp-idf/components/esp_driver_i3c /home/tikhon/Документы/magnolia/esp-idf/components/esp_driver_isp /home/tikhon/Документы/magnolia/esp-idf/components/esp_driver_jpeg /home/tikhon/Документы/magnolia/esp-idf/components/esp_driver_ledc /home/tikhon/Документы/magnolia/esp-idf/components/esp_driver_mcpwm /home/tikhon/Документы/magnolia/esp-idf/components/esp_driver_parlio /home/tikhon/Документы/magnolia/esp-idf/components/esp_driver_pcnt /home/tikhon/Документы/magnolia/esp-idf/components/esp_driver_ppa /home/tikhon/Документы/magnolia/esp-idf/components/esp_driver_rmt /home/tikhon/Документы/magnolia/esp-idf/components/esp_driver_sd_intf /home/tikhon/Документы/magnolia/esp-idf/components/esp_driver_sdio /home/tikhon/Документы/magnolia/esp-idf/components/esp_driver_sdm /home/tikhon/Документы/magnolia/esp-idf/components/esp_driver_sdmmc /home/tikhon/Документы/magnolia/esp-idf/components/esp_driver_sdspi /home/tikhon/Документы/magnolia/esp-idf/components/esp_driver_spi /home/tikhon/Документы/magnolia/esp-idf/components/esp_driver_touch_sens /home/tikhon/Документы/magnolia/esp-idf/components/esp_driver_tsens /home/tikhon/Документы/magnolia/esp-idf/components/esp_driver_twai /home/tikhon/Документы/magnolia/esp-idf/components/esp_driver_uart /home/tikhon/Документы/magnolia/esp-idf/components/esp_driver_usb_serial_jtag /home/tikhon/Документы/magnolia/esp-idf/components/esp_eth /home/tikhon/Документы/magnolia/esp-idf/components/esp_event /home/tikhon/Документы/magnolia/esp-idf/components/esp_gdbstub /home/tikhon/Документы/magnolia/esp-idf/components/esp_hid /home/tikhon/Документы/magnolia/esp-idf/components/esp_http_client /home/tikhon/Документы/magnolia/esp-idf/components/esp_http_server /home/tikhon/Документы/magnolia/esp-idf/components/esp_https_ota /home/tikhon/Документы/magnolia/esp-idf/components/esp_https_server /home/tikhon/Документы/magnolia/esp-idf/components/esp_hw_support /home/tikhon/Документы/magnolia/esp-idf/components/esp_lcd /home/tikhon/Документы/magnolia/esp-idf/components/esp_local_ctrl /home/tikhon/Документы/magnolia/esp-idf/components/esp_mm /home/tikhon/Документы/magnolia/esp-idf/components/esp_netif /home/tikhon/Документы/magnolia/esp-idf/components/esp_netif_stack /home/tikhon/Документы/magnolia/esp-idf/components/esp_partition /home/tikhon/Документы/magnolia/esp-idf/components/esp_phy /home/tikhon/Документы/magnolia/esp-idf/components/esp_pm /home/tikhon/Документы/magnolia/esp-idf/components/esp_psram /home/tikhon/Документы/magnolia/esp-idf/components/esp_ringbuf /home/tikhon/Документы/magnolia/esp-idf/components/esp_rom /home/tikhon/Документы/magnolia/esp-idf/components/esp_security /home/tikhon/Документы/magnolia/esp-idf/components/esp_system /home/tikhon/Документы/magnolia/esp-idf/components/esp_timer /home/tikhon/Документы/magnolia/esp-idf/components/esp_vfs_console /home/tikhon/Документы/magnolia/esp-idf/components/esp_wifi /home/tikhon/Документы/magnolia/esp-idf/components/espcoredump /home/tikhon/Документы/magnolia/esp-idf/components/esptool_py /home/tikhon/Документы/magnolia/esp-idf/components/fatfs /home/tikhon/Документы/magnolia/esp-idf/components/freertos /home/tikhon/Документы/magnolia/esp-idf/components/hal /home/tikhon/Документы/magnolia/esp-idf/components/heap /home/tikhon/Документы/magnolia/esp-idf/components/http_parser /home/tikhon/Документы/magnolia/esp-idf/components/idf_test /home/tikhon/Документы/magnolia/esp-idf/components/ieee802154 /home/tikhon/Документы/magnolia/esp-idf/components/json /home/tikhon/Документы/magnolia/esp-idf/components/log /home/tikhon/Документы/magnolia/esp-idf/components/lwip /home/tikhon/Документы/magnolia/applets/mainline/test/main /home/tikhon/Документы/magnolia/esp-idf/components/mbedtls /home/tikhon/Документы/magnolia/esp-idf/components/mqtt /home/tikhon/Документы/magnolia/esp-idf/components/newlib /home/tikhon/Документы/magnolia/esp-idf/components/nvs_flash /home/tikhon/Документы/magnolia/esp-idf/components/nvs_sec_provider /home/tikhon/Документы/magnolia/esp-idf/components/openthread /home/tikhon/Документы/magnolia/esp-idf/components/partition_table /home/tikhon/Документы/magnolia/esp-idf/components/perfmon /home/tikhon/Документы/magnolia/esp-idf/components/protobuf-c /home/tikhon/Документы/magnolia/esp-idf/components/protocomm /home/tikhon/Документы/magnolia/esp-idf/components/pthread /home/tikhon/Документы/magnolia/esp-idf/components/rt /home/tikhon/Документы/magnolia/esp-idf/components/sdmmc /home/tikhon/Документы/magnolia/esp-idf/components/soc /home/tikhon/Документы/magnolia/esp-idf/components/spi_flash /home/tikhon/Документы/magnolia/esp-idf/components/spiffs /home/tikhon/Документы/magnolia/esp-idf/components/tcp_transport /home/tikhon/Документы/magnolia/esp-idf/components/touch_element /home/tikhon/Документы/magnolia/esp-idf/components/ulp /home/tikhon/Документы/magnolia/esp-idf/components/unity /home/tikhon/Документы/magnolia/esp-idf/components/usb /home/tikhon/Документы/magnolia/esp-idf/components/vfs /home/tikhon/Документы/magnolia/esp-idf/components/wear_levelling /home/tikhon/Документы/magnolia/esp-idf/components/wifi_provisioning /home/tikhon/Документы/magnolia/esp-idf/components/wpa_supplicant /home/tikhon/Документы/magnolia/esp-idf/components/xtensa
-- Configuring done (4.3s)
-- Generating done (0.5s)
-- Generating done (0.5s)
-- Build files have been written to: /home/tikhon/Документы/magnolia/applets/mainline/pwd/build
-- Build files have been written to: /home/tikhon/Документы/magnolia/applets/mainline/printf/build
[1/4] Building C object esp-idf/esp_app_format/CMakeFiles/__idf_esp_app_format.dir/esp_app_desc.c.obj
-- Generating done (0.5s)
-- Generating done (0.5s)
-- Generating done (0.5s)
-- ESP-TEE is currently supported only on the esp32c6;esp32h2;esp32c5 SoCs
-- Build files have been written to: /home/tikhon/Документы/magnolia/applets/mainline/paste/build
-- Build files have been written to: /home/tikhon/Документы/magnolia/applets/mainline/rm/build
-- Build files have been written to: /home/tikhon/Документы/magnolia/applets/mainline/shell/build
[2/4] Linking C static library esp-idf/esp_app_format/libesp_app_format.a
[3/4] Build ELF: elftest.app.elf
-- Generating done (0.5s)
-- Generating done (0.6s)
-- Generating done (0.5s)
-- Build files have been written to: /home/tikhon/Документы/magnolia/applets/mainline/rev/build
-- Build files have been written to: /home/tikhon/Документы/magnolia/applets/mainline/tail/build
-- Build files have been written to: /home/tikhon/Документы/magnolia/applets/mainline/rmdir/build
-- Generating done (0.5s)
-- Build files have been written to: /home/tikhon/Документы/magnolia/applets/mainline/tee/build
[1/4] Building C object esp-idf/esp_app_format/CMakeFiles/__idf_esp_app_format.dir/esp_app_desc.c.obj
-- Generating done (0.5s)
[2/4] Linking C static library esp-idf/esp_app_format/libesp_app_format.a
[3/4] Build ELF: pwd.app.elf
-- Build files have been written to: /home/tikhon/Документы/magnolia/applets/mainline/sleep/build
Applet elftest OK -> /home/tikhon/Документы/magnolia/rootfs/bin/elftest
Building applet true -> true ...
-- Generating done (0.5s)
+ idf.py elf
-- Generating done (0.5s)
[1/4] Building C object esp-idf/esp_app_format/CMakeFiles/__idf_esp_app_format.dir/esp_app_desc.c.obj
[1/6] Building C object esp-idf/esp_app_format/CMakeFiles/__idf_esp_app_format.dir/esp_app_desc.c.obj
-- Build files have been written to: /home/tikhon/Документы/magnolia/applets/mainline/sh/build
[1/4] Building C object esp-idf/esp_app_format/CMakeFiles/__idf_esp_app_format.dir/esp_app_desc.c.obj
-- Build files have been written to: /home/tikhon/Документы/magnolia/applets/mainline/sort/build
[2/6] Linking C static library esp-idf/esp_app_format/libesp_app_format.a
[2/4] Linking C static library esp-idf/esp_app_format/libesp_app_format.a
[1/4] Building C object esp-idf/esp_app_format/CMakeFiles/__idf_esp_app_format.dir/esp_app_desc.c.obj
[3/6] Building C object esp-idf/main/CMakeFiles/__idf_main.dir/main.c.obj
[2/4] Linking C static library esp-idf/esp_app_format/libesp_app_format.a
[3/4] Build ELF: printf.app.elf
[3/4] Build ELF: shell.app.elf
[2/4] Linking C static library esp-idf/esp_app_format/libesp_app_format.a
[4/6] Linking C static library esp-idf/main/libmain.a
[5/6] Build ELF: rm.app.elf
[3/4] Build ELF: paste.app.elf
[1/4] Building C object esp-idf/esp_app_format/CMakeFiles/__idf_esp_app_format.dir/esp_app_desc.c.obj
[1/4] Building C object esp-idf/esp_app_format/CMakeFiles/__idf_esp_app_format.dir/esp_app_desc.c.obj
[2/4] Linking C static library esp-idf/esp_app_format/libesp_app_format.a
[1/4] Building C object esp-idf/esp_app_format/CMakeFiles/__idf_esp_app_format.dir/esp_app_desc.c.obj
[2/4] Linking C static library esp-idf/esp_app_format/libesp_app_format.a
[3/4] Build ELF: rmdir.app.elf
[3/4] Build ELF: rev.app.elf
[2/4] Linking C static library esp-idf/esp_app_format/libesp_app_format.a
[1/4] Building C object esp-idf/esp_app_format/CMakeFiles/__idf_esp_app_format.dir/esp_app_desc.c.obj
[3/4] Build ELF: tail.app.elf
[2/4] Linking C static library esp-idf/esp_app_format/libesp_app_format.a
Applet pwd OK -> /home/tikhon/Документы/magnolia/rootfs/bin/pwd
Building applet uname -> uname ...
+ idf.py elf
[3/4] Build ELF: tee.app.elf
-- Generating done (0.6s)
[1/4] Building C object esp-idf/esp_app_format/CMakeFiles/__idf_esp_app_format.dir/esp_app_desc.c.obj
-- Build files have been written to: /home/tikhon/Документы/magnolia/applets/mainline/touch/build
[2/4] Linking C static library esp-idf/esp_app_format/libesp_app_format.a
[1/4] Building C object esp-idf/esp_app_format/CMakeFiles/__idf_esp_app_format.dir/esp_app_desc.c.obj
[3/4] Build ELF: sleep.app.elf
[1/4] Building C object esp-idf/esp_app_format/CMakeFiles/__idf_esp_app_format.dir/esp_app_desc.c.obj
Applet paste OK -> /home/tikhon/Документы/magnolia/rootfs/bin/paste
Building applet unlink -> unlink ...
+ idf.py elf
Applet shell OK -> /home/tikhon/Документы/magnolia/rootfs/bin/shell
[2/4] Linking C static library esp-idf/esp_app_format/libesp_app_format.a
Building applet user -> user ...
+ idf.py elf
[2/4] Linking C static library esp-idf/esp_app_format/libesp_app_format.a
-- Generating done (0.5s)
[3/4] Build ELF: sh.app.elf
Applet rm OK -> /home/tikhon/Документы/magnolia/rootfs/bin/rm
Building applet vi -> vi ...
+ idf.py elf
Applet printf OK -> /home/tikhon/Документы/magnolia/rootfs/bin/printf
Building applet wc -> wc ...
+ idf.py elf
[3/4] Build ELF: sort.app.elf
-- Build files have been written to: /home/tikhon/Документы/magnolia/applets/mainline/test/build
Applet rmdir OK -> /home/tikhon/Документы/magnolia/rootfs/bin/rmdir
Building applet yes -> yes ...
+ idf.py elf
Applet rev OK -> /home/tikhon/Документы/magnolia/rootfs/bin/rev
Building applet xxd -> xxd ...
+ idf.py elf
Applet tail OK -> /home/tikhon/Документы/magnolia/rootfs/bin/tail
Building applet echo -> goecho ...
+ idf.py elf
Applet tee OK -> /home/tikhon/Документы/magnolia/rootfs/bin/tee
Building applet false -> gofalse ...
+ idf.py elf
Applet sleep OK -> /home/tikhon/Документы/magnolia/rootfs/bin/sleep
Building applet goargs -> goargs ...
+ idf.py elf
Applet sh OK -> /home/tikhon/Документы/magnolia/rootfs/bin/sh
Building applet godd -> godd ...
+ idf.py elf
[1/6] Building C object esp-idf/esp_app_format/CMakeFiles/__idf_esp_app_format.dir/esp_app_desc.c.obj
Applet sort OK -> /home/tikhon/Документы/magnolia/rootfs/bin/sort
Building applet gohello -> gohello ...
+ idf.py elf
[2/6] Linking C static library esp-idf/esp_app_format/libesp_app_format.a
[1/4] Building C object esp-idf/esp_app_format/CMakeFiles/__idf_esp_app_format.dir/esp_app_desc.c.obj
[2/4] Linking C static library esp-idf/esp_app_format/libesp_app_format.a
[3/4] Build ELF: test.app.elf
[3/6] Building C object esp-idf/main/CMakeFiles/__idf_main.dir/main.c.obj
[4/6] Linking C static library esp-idf/main/libmain.a
[5/6] Build ELF: touch.app.elf
Applet test OK -> /home/tikhon/Документы/magnolia/rootfs/bin/test
Building applet gohexdump -> gohexdump ...
+ idf.py elf
Applet touch OK -> /home/tikhon/Документы/magnolia/rootfs/bin/touch
Building applet gotest -> gotest ...
+ idf.py elf
-- Project sdkconfig file /home/tikhon/Документы/magnolia/applets/mainline/tr/sdkconfig
Executing action: elf
Running ninja in directory /home/tikhon/Документы/magnolia/applets/mainline/true/build
Executing "ninja elf"...
[0/1] Re-running CMake...
Executing action: elf
Running ninja in directory /home/tikhon/Документы/magnolia/applets/mainline/uname/build
Executing "ninja elf"...
[0/1] Re-running CMake...
Executing action: elf
Running ninja in directory /home/tikhon/Документы/magnolia/applets/mainline/yes/build
Executing "ninja elf"...
[0/1] Re-running CMake...
Executing action: elf
Running ninja in directory /home/tikhon/Документы/magnolia/applets/mainline/user/build
Executing "ninja elf"...
[0/1] Re-running CMake...
Executing action: elf
Running ninja in directory /home/tikhon/Документы/magnolia/applets/mainline/unlink/build
Executing "ninja elf"...
[0/1] Re-running CMake...
Executing action: elf
Running ninja in directory /home/tikhon/Документы/magnolia/applets/mainline/wc/build
Executing "ninja elf"...
[0/1] Re-running CMake...
Executing action: elf
Running ninja in directory /home/tikhon/Документы/magnolia/applets/go/echo/build
Executing "ninja elf"...
[0/2] Re-checking globbed directories...
Executing action: elf
Running ninja in directory /home/tikhon/Документы/magnolia/applets/mainline/vi/build
Executing "ninja elf"...
[0/1] Re-running CMake...
Executing action: elf
Running ninja in directory /home/tikhon/Документы/magnolia/applets/mainline/xxd/build
Executing "ninja elf"...
[0/1] Re-running CMake...
[1/2] Re-running CMake...
Executing action: elf
Running ninja in directory /home/tikhon/Документы/magnolia/applets/go/false/build
Executing "ninja elf"...
[0/2] Re-checking globbed directories...
[1/2] Re-running CMake...
Executing action: elf
Running ninja in directory /home/tikhon/Документы/magnolia/applets/go/goargs/build
Executing "ninja elf"...
[0/2] Re-checking globbed directories...
[1/2] Re-running CMake...
Executing action: elf
Running ninja in directory /home/tikhon/Документы/magnolia/applets/go/godd/build
Executing "ninja elf"...
[0/2] Re-checking globbed directories...
[1/2] Re-running CMake...
-- Compiler supported targets: xtensa-esp-elf
Executing action: elf
Running ninja in directory /home/tikhon/Документы/magnolia/applets/go/gohello/build
Executing "ninja elf"...
[0/2] Re-checking globbed directories...
[1/2] Re-running CMake...
-- App "tr" version: fce3dc6-dirty
Executing action: elf
Running ninja in directory /home/tikhon/Документы/magnolia/applets/go/gohexdump/build
Executing "ninja elf"...
[0/2] Re-checking globbed directories...
[1/2] Re-running CMake...
Executing action: elf
Running ninja in directory /home/tikhon/Документы/magnolia/applets/go/gotest/build
Executing "ninja elf"...
[0/2] Re-checking globbed directories...
[1/2] Re-running CMake...
-- Minimal build - OFF
-- USING O3
-- Building ESP-IDF components for target esp32s3
-- Adding linker script /home/tikhon/Документы/magnolia/applets/mainline/tr/build/esp-idf/esp_system/ld/memory.ld
-- Adding linker script /home/tikhon/Документы/magnolia/applets/mainline/tr/build/esp-idf/esp_system/ld/sections.ld.in
-- Adding linker script /home/tikhon/Документы/magnolia/esp-idf/components/esp_rom/esp32s3/ld/esp32s3.rom.ld
-- Adding linker script /home/tikhon/Документы/magnolia/esp-idf/components/esp_rom/esp32s3/ld/esp32s3.rom.api.ld
-- Adding linker script /home/tikhon/Документы/magnolia/esp-idf/components/esp_rom/esp32s3/ld/esp32s3.rom.bt_funcs.ld
-- Adding linker script /home/tikhon/Документы/magnolia/esp-idf/components/esp_rom/esp32s3/ld/esp32s3.rom.libgcc.ld
-- Adding linker script /home/tikhon/Документы/magnolia/esp-idf/components/esp_rom/esp32s3/ld/esp32s3.rom.wdt.ld
-- Adding linker script /home/tikhon/Документы/magnolia/esp-idf/components/esp_rom/esp32s3/ld/esp32s3.rom.version.ld
-- Adding linker script /home/tikhon/Документы/magnolia/esp-idf/components/esp_rom/esp32s3/ld/esp32s3.rom.ble_master.ld
-- Adding linker script /home/tikhon/Документы/magnolia/esp-idf/components/esp_rom/esp32s3/ld/esp32s3.rom.ble_50.ld
-- Adding linker script /home/tikhon/Документы/magnolia/esp-idf/components/esp_rom/esp32s3/ld/esp32s3.rom.ble_smp.ld
-- Adding linker script /home/tikhon/Документы/magnolia/esp-idf/components/esp_rom/esp32s3/ld/esp32s3.rom.ble_dtm.ld
-- Adding linker script /home/tikhon/Документы/magnolia/esp-idf/components/esp_rom/esp32s3/ld/esp32s3.rom.ble_test.ld
-- Adding linker script /home/tikhon/Документы/magnolia/esp-idf/components/esp_rom/esp32s3/ld/esp32s3.rom.ble_scan.ld
-- Adding linker script /home/tikhon/Документы/magnolia/esp-idf/components/esp_rom/esp32s3/ld/esp32s3.rom.libc.ld
-- Adding linker script /home/tikhon/Документы/magnolia/esp-idf/components/esp_rom/esp32s3/ld/esp32s3.rom.newlib.ld
-- Minimal build - OFF
-- Adding linker script /home/tikhon/Документы/magnolia/esp-idf/components/soc/esp32s3/ld/esp32s3.peripherals.ld
-- Building ESP-IDF components for target esp32s3
-- Minimal build - OFF
-- Minimal build - OFF
-- Minimal build - OFF
-- Minimal build - OFF
-- Building ESP-IDF components for target esp32s3
-- Building ESP-IDF components for target esp32s3
-- Minimal build - OFF
-- Minimal build - OFF
-- Building ESP-IDF components for target esp32s3
-- Building ESP-IDF components for target esp32s3
-- Minimal build - OFF
-- Building ESP-IDF components for target esp32s3
-- Building ESP-IDF components for target esp32s3
-- Building ESP-IDF components for target esp32s3
-- Minimal build - OFF
-- Minimal build - OFF
-- Minimal build - OFF
-- Building ESP-IDF components for target esp32s3
-- Building ESP-IDF components for target esp32s3
-- Building ESP-IDF components for target esp32s3
NOTICE: Processing 1 dependencies:
NOTICE: [1/1] idf (6.0.0)
-- Minimal build - OFF
-- Building ESP-IDF components for target esp32s3
NOTICE: Processing 1 dependencies:
NOTICE: [1/1] idf (6.0.0)
NOTICE: Processing 1 dependencies:
NOTICE: [1/1] idf (6.0.0)
NOTICE: Processing 1 dependencies:
NOTICE: [1/1] idf (6.0.0)
-- ESP-TEE is currently supported only on the esp32c6;esp32h2;esp32c5 SoCs
-- ESP-TEE is currently supported only on the esp32c6;esp32h2;esp32c5 SoCs
-- Minimal build - OFF
-- Building ESP-IDF components for target esp32s3
-- ESP-TEE is currently supported only on the esp32c6;esp32h2;esp32c5 SoCs
-- ESP-TEE is currently supported only on the esp32c6;esp32h2;esp32c5 SoCs
-- ESP-TEE is currently supported only on the esp32c6;esp32h2;esp32c5 SoCs
-- ESP-TEE is currently supported only on the esp32c6;esp32h2;esp32c5 SoCs
-- ESP-TEE is currently supported only on the esp32c6;esp32h2;esp32c5 SoCs
-- Components: app_trace app_update bootloader bootloader_support bt cmock console cxx driver efuse esp-tls esp_adc esp_app_format esp_bootloader_format esp_coex esp_common esp_driver_ana_cmpr esp_driver_bitscrambler esp_driver_cam esp_driver_dac esp_driver_gpio esp_driver_gptimer esp_driver_i2c esp_driver_i2s esp_driver_i3c esp_driver_isp esp_driver_jpeg esp_driver_ledc esp_driver_mcpwm esp_driver_parlio esp_driver_pcnt esp_driver_ppa esp_driver_rmt esp_driver_sd_intf esp_driver_sdio esp_driver_sdm esp_driver_sdmmc esp_driver_sdspi esp_driver_spi esp_driver_touch_sens esp_driver_tsens esp_driver_twai esp_driver_uart esp_driver_usb_serial_jtag esp_eth esp_event esp_gdbstub esp_hid esp_http_client esp_http_server esp_https_ota esp_https_server esp_hw_support esp_lcd esp_local_ctrl esp_mm esp_netif esp_netif_stack esp_partition esp_phy esp_pm esp_psram esp_ringbuf esp_rom esp_security esp_system esp_timer esp_vfs_console esp_wifi espcoredump esptool_py fatfs freertos hal heap http_parser idf_test ieee802154 json log lwip main mbedtls mqtt newlib nvs_flash nvs_sec_provider openthread partition_table perfmon protobuf-c protocomm pthread rt sdmmc soc spi_flash spiffs tcp_transport touch_element ulp unity usb vfs wear_levelling wifi_provisioning wpa_supplicant xtensa
-- Component paths: /home/tikhon/Документы/magnolia/esp-idf/components/app_trace /home/tikhon/Документы/magnolia/esp-idf/components/app_update /home/tikhon/Документы/magnolia/esp-idf/components/bootloader /home/tikhon/Документы/magnolia/esp-idf/components/bootloader_support /home/tikhon/Документы/magnolia/esp-idf/components/bt /home/tikhon/Документы/magnolia/esp-idf/components/cmock /home/tikhon/Документы/magnolia/esp-idf/components/console /home/tikhon/Документы/magnolia/esp-idf/components/cxx /home/tikhon/Документы/magnolia/esp-idf/components/driver /home/tikhon/Документы/magnolia/esp-idf/components/efuse /home/tikhon/Документы/magnolia/esp-idf/components/esp-tls /home/tikhon/Документы/magnolia/esp-idf/components/esp_adc /home/tikhon/Документы/magnolia/esp-idf/components/esp_app_format /home/tikhon/Документы/magnolia/esp-idf/components/esp_bootloader_format /home/tikhon/Документы/magnolia/esp-idf/components/esp_coex /home/tikhon/Документы/magnolia/esp-idf/components/esp_common /home/tikhon/Документы/magnolia/esp-idf/components/esp_driver_ana_cmpr /home/tikhon/Документы/magnolia/esp-idf/components/esp_driver_bitscrambler /home/tikhon/Документы/magnolia/esp-idf/components/esp_driver_cam /home/tikhon/Документы/magnolia/esp-idf/components/esp_driver_dac /home/tikhon/Документы/magnolia/esp-idf/components/esp_driver_gpio /home/tikhon/Документы/magnolia/esp-idf/components/esp_driver_gptimer /home/tikhon/Документы/magnolia/esp-idf/components/esp_driver_i2c /home/tikhon/Документы/magnolia/esp-idf/components/esp_driver_i2s /home/tikhon/Документы/magnolia/esp-idf/components/esp_driver_i3c /home/tikhon/Документы/magnolia/esp-idf/components/esp_driver_isp /home/tikhon/Документы/magnolia/esp-idf/components/esp_driver_jpeg /home/tikhon/Документы/magnolia/esp-idf/components/esp_driver_ledc /home/tikhon/Документы/magnolia/esp-idf/components/esp_driver_mcpwm /home/tikhon/Документы/magnolia/esp-idf/components/esp_driver_parlio /home/tikhon/Документы/magnolia/esp-idf/components/esp_driver_pcnt /home/tikhon/Документы/magnolia/esp-idf/components/esp_driver_ppa /home/tikhon/Документы/magnolia/esp-idf/components/esp_driver_rmt /home/tikhon/Документы/magnolia/esp-idf/components/esp_driver_sd_intf /home/tikhon/Документы/magnolia/esp-idf/components/esp_driver_sdio /home/tikhon/Документы/magnolia/esp-idf/components/esp_driver_sdm /home/tikhon/Документы/magnolia/esp-idf/components/esp_driver_sdmmc /home/tikhon/Документы/magnolia/esp-idf/components/esp_driver_sdspi /home/tikhon/Документы/magnolia/esp-idf/components/esp_driver_spi /home/tikhon/Документы/magnolia/esp-idf/components/esp_driver_touch_sens /home/tikhon/Документы/magnolia/esp-idf/components/esp_driver_tsens /home/tikhon/Документы/magnolia/esp-idf/components/esp_driver_twai /home/tikhon/Документы/magnolia/esp-idf/components/esp_driver_uart /home/tikhon/Документы/magnolia/esp-idf/components/esp_driver_usb_serial_jtag /home/tikhon/Документы/magnolia/esp-idf/components/esp_eth /home/tikhon/Документы/magnolia/esp-idf/components/esp_event /home/tikhon/Документы/magnolia/esp-idf/components/esp_gdbstub /home/tikhon/Документы/magnolia/esp-idf/components/esp_hid /home/tikhon/Документы/magnolia/esp-idf/components/esp_http_client /home/tikhon/Документы/magnolia/esp-idf/components/esp_http_server /home/tikhon/Документы/magnolia/esp-idf/components/esp_https_ota /home/tikhon/Документы/magnolia/esp-idf/components/esp_https_server /home/tikhon/Документы/magnolia/esp-idf/components/esp_hw_support /home/tikhon/Документы/magnolia/esp-idf/components/esp_lcd /home/tikhon/Документы/magnolia/esp-idf/components/esp_local_ctrl /home/tikhon/Документы/magnolia/esp-idf/components/esp_mm /home/tikhon/Документы/magnolia/esp-idf/components/esp_netif /home/tikhon/Документы/magnolia/esp-idf/components/esp_netif_stack /home/tikhon/Документы/magnolia/esp-idf/components/esp_partition /home/tikhon/Документы/magnolia/esp-idf/components/esp_phy /home/tikhon/Документы/magnolia/esp-idf/components/esp_pm /home/tikhon/Документы/magnolia/esp-idf/components/esp_psram /home/tikhon/Документы/magnolia/esp-idf/components/esp_ringbuf /home/tikhon/Документы/magnolia/esp-idf/components/esp_rom /home/tikhon/Документы/magnolia/esp-idf/components/esp_security /home/tikhon/Документы/magnolia/esp-idf/components/esp_system /home/tikhon/Документы/magnolia/esp-idf/components/esp_timer /home/tikhon/Документы/magnolia/esp-idf/components/esp_vfs_console /home/tikhon/Документы/magnolia/esp-idf/components/esp_wifi /home/tikhon/Документы/magnolia/esp-idf/components/espcoredump /home/tikhon/Документы/magnolia/esp-idf/components/esptool_py /home/tikhon/Документы/magnolia/esp-idf/components/fatfs /home/tikhon/Документы/magnolia/esp-idf/components/freertos /home/tikhon/Документы/magnolia/esp-idf/components/hal /home/tikhon/Документы/magnolia/esp-idf/components/heap /home/tikhon/Документы/magnolia/esp-idf/components/http_parser /home/tikhon/Документы/magnolia/esp-idf/components/idf_test /home/tikhon/Документы/magnolia/esp-idf/components/ieee802154 /home/tikhon/Документы/magnolia/esp-idf/components/json /home/tikhon/Документы/magnolia/esp-idf/components/log /home/tikhon/Документы/magnolia/esp-idf/components/lwip /home/tikhon/Документы/magnolia/applets/mainline/tr/main /home/tikhon/Документы/magnolia/esp-idf/components/mbedtls /home/tikhon/Документы/magnolia/esp-idf/components/mqtt /home/tikhon/Документы/magnolia/esp-idf/components/newlib /home/tikhon/Документы/magnolia/esp-idf/components/nvs_flash /home/tikhon/Документы/magnolia/esp-idf/components/nvs_sec_provider /home/tikhon/Документы/magnolia/esp-idf/components/openthread /home/tikhon/Документы/magnolia/esp-idf/components/partition_table /home/tikhon/Документы/magnolia/esp-idf/components/perfmon /home/tikhon/Документы/magnolia/esp-idf/components/protobuf-c /home/tikhon/Документы/magnolia/esp-idf/components/protocomm /home/tikhon/Документы/magnolia/esp-idf/components/pthread /home/tikhon/Документы/magnolia/esp-idf/components/rt /home/tikhon/Документы/magnolia/esp-idf/components/sdmmc /home/tikhon/Документы/magnolia/esp-idf/components/soc /home/tikhon/Документы/magnolia/esp-idf/components/spi_flash /home/tikhon/Документы/magnolia/esp-idf/components/spiffs /home/tikhon/Документы/magnolia/esp-idf/components/tcp_transport /home/tikhon/Документы/magnolia/esp-idf/components/touch_element /home/tikhon/Документы/magnolia/esp-idf/components/ulp /home/tikhon/Документы/magnolia/esp-idf/components/unity /home/tikhon/Документы/magnolia/esp-idf/components/usb /home/tikhon/Документы/magnolia/esp-idf/components/vfs /home/tikhon/Документы/magnolia/esp-idf/components/wear_levelling /home/tikhon/Документы/magnolia/esp-idf/components/wifi_provisioning /home/tikhon/Документы/magnolia/esp-idf/components/wpa_supplicant /home/tikhon/Документы/magnolia/esp-idf/components/xtensa
-- Minimal build - OFF
-- Configuring done (4.2s)
-- Building ESP-IDF components for target esp32s3
NOTICE: Processing 3 dependencies:
NOTICE: [1/3] espressif/cmake_utilities (0.5.3)
NOTICE: [2/3] espressif/elf_loader (1.1.1)
NOTICE: [3/3] idf (6.0.0)
-- ESP-TEE is currently supported only on the esp32c6;esp32h2;esp32c5 SoCs
NOTICE: Processing 3 dependencies:
NOTICE: [1/3] espressif/cmake_utilities (0.5.3)
NOTICE: [2/3] espressif/elf_loader (1.1.1)
NOTICE: [3/3] idf (6.0.0)
NOTICE: Processing 3 dependencies:
NOTICE: [1/3] espressif/cmake_utilities (0.5.3)
NOTICE: [2/3] espressif/elf_loader (1.1.1)
NOTICE: [3/3] idf (6.0.0)
NOTICE: Processing 3 dependencies:
NOTICE: [1/3] espressif/cmake_utilities (0.5.3)
NOTICE: [2/3] espressif/elf_loader (1.1.1)
NOTICE: [3/3] idf (6.0.0)
NOTICE: Processing 3 dependencies:
NOTICE: [1/3] espressif/cmake_utilities (0.5.3)
NOTICE: [2/3] espressif/elf_loader (1.1.1)
NOTICE: [3/3] idf (6.0.0)
NOTICE: Processing 3 dependencies:
NOTICE: [1/3] espressif/cmake_utilities (0.5.3)
NOTICE: [2/3] espressif/elf_loader (1.1.1)
NOTICE: [3/3] idf (6.0.0)
NOTICE: Processing 3 dependencies:
NOTICE: [1/3] espressif/cmake_utilities (0.5.3)
NOTICE: [2/3] espressif/elf_loader (1.1.1)
NOTICE: [3/3] idf (6.0.0)
-- Generating done (0.4s)
-- Build files have been written to: /home/tikhon/Документы/magnolia/applets/mainline/tr/build
-- ESP-TEE is currently supported only on the esp32c6;esp32h2;esp32c5 SoCs
-- ESP-TEE is currently supported only on the esp32c6;esp32h2;esp32c5 SoCs
-- ESP-TEE is currently supported only on the esp32c6;esp32h2;esp32c5 SoCs
-- ESP-TEE is currently supported only on the esp32c6;esp32h2;esp32c5 SoCs
NOTICE: Processing 3 dependencies:
NOTICE: [1/3] espressif/cmake_utilities (0.5.3)
NOTICE: [2/3] espressif/elf_loader (1.1.1)
NOTICE: [3/3] idf (6.0.0)
-- ESP-TEE is currently supported only on the esp32c6;esp32h2;esp32c5 SoCs
-- ESP-TEE is currently supported only on the esp32c6;esp32h2;esp32c5 SoCs
-- Project sdkconfig file /home/tikhon/Документы/magnolia/applets/mainline/true/sdkconfig
-- Project sdkconfig file /home/tikhon/Документы/magnolia/applets/mainline/wc/sdkconfig
[1/4] Building C object esp-idf/esp_app_format/CMakeFiles/__idf_esp_app_format.dir/esp_app_desc.c.obj
-- Project sdkconfig file /home/tikhon/Документы/magnolia/applets/mainline/uname/sdkconfig
[2/4] Linking C static library esp-idf/esp_app_format/libesp_app_format.a
[3/4] Build ELF: tr.app.elf
-- Project sdkconfig file /home/tikhon/Документы/magnolia/applets/mainline/yes/sdkconfig
-- Project sdkconfig file /home/tikhon/Документы/magnolia/applets/mainline/vi/sdkconfig
-- Project sdkconfig file /home/tikhon/Документы/magnolia/applets/mainline/unlink/sdkconfig
-- Project sdkconfig file /home/tikhon/Документы/magnolia/applets/mainline/user/sdkconfig
-- ESP-TEE is currently supported only on the esp32c6;esp32h2;esp32c5 SoCs
Applet tr OK -> /home/tikhon/Документы/magnolia/rootfs/bin/tr
Building applet goxxd -> goxxd ...
+ idf.py elf
-- Project sdkconfig file /home/tikhon/Документы/magnolia/applets/mainline/xxd/sdkconfig
-- Compiler supported targets: xtensa-esp-elf
-- Compiler supported targets: xtensa-esp-elf
-- Compiler supported targets: xtensa-esp-elf
-- Compiler supported targets: xtensa-esp-elf
-- Compiler supported targets: xtensa-esp-elf
-- Compiler supported targets: xtensa-esp-elf
-- App "true" version: fce3dc6-dirty
-- Compiler supported targets: xtensa-esp-elf
-- App "wc" version: fce3dc6-dirty
-- App "vi" version: fce3dc6-dirty
-- App "yes" version: fce3dc6-dirty
-- Project sdkconfig file /home/tikhon/Документы/magnolia/applets/go/godd/sdkconfig
-- App "uname" version: fce3dc6-dirty
-- Project sdkconfig file /home/tikhon/Документы/magnolia/applets/go/echo/sdkconfig
-- Project sdkconfig file /home/tikhon/Документы/magnolia/applets/go/gohello/sdkconfig
-- Project sdkconfig file /home/tikhon/Документы/magnolia/applets/go/gohexdump/sdkconfig
-- App "user" version: fce3dc6-dirty
-- App "unlink" version: fce3dc6-dirty
-- Project sdkconfig file /home/tikhon/Документы/magnolia/applets/go/false/sdkconfig
-- Project sdkconfig file /home/tikhon/Документы/magnolia/applets/go/goargs/sdkconfig
-- USING O3
-- Adding linker script /home/tikhon/Документы/magnolia/applets/mainline/true/build/esp-idf/esp_system/ld/memory.ld
-- Adding linker script /home/tikhon/Документы/magnolia/applets/mainline/true/build/esp-idf/esp_system/ld/sections.ld.in
-- Adding linker script /home/tikhon/Документы/magnolia/esp-idf/components/esp_rom/esp32s3/ld/esp32s3.rom.ld
-- Adding linker script /home/tikhon/Документы/magnolia/esp-idf/components/esp_rom/esp32s3/ld/esp32s3.rom.api.ld
-- Adding linker script /home/tikhon/Документы/magnolia/esp-idf/components/esp_rom/esp32s3/ld/esp32s3.rom.bt_funcs.ld
-- Adding linker script /home/tikhon/Документы/magnolia/esp-idf/components/esp_rom/esp32s3/ld/esp32s3.rom.libgcc.ld
-- Adding linker script /home/tikhon/Документы/magnolia/esp-idf/components/esp_rom/esp32s3/ld/esp32s3.rom.wdt.ld
-- USING O3
-- Adding linker script /home/tikhon/Документы/magnolia/esp-idf/components/esp_rom/esp32s3/ld/esp32s3.rom.version.ld
-- Adding linker script /home/tikhon/Документы/magnolia/esp-idf/components/esp_rom/esp32s3/ld/esp32s3.rom.ble_master.ld
-- Adding linker script /home/tikhon/Документы/magnolia/esp-idf/components/esp_rom/esp32s3/ld/esp32s3.rom.ble_50.ld
-- Adding linker script /home/tikhon/Документы/magnolia/esp-idf/components/esp_rom/esp32s3/ld/esp32s3.rom.ble_smp.ld
-- Adding linker script /home/tikhon/Документы/magnolia/esp-idf/components/esp_rom/esp32s3/ld/esp32s3.rom.ble_dtm.ld
-- Adding linker script /home/tikhon/Документы/magnolia/esp-idf/components/esp_rom/esp32s3/ld/esp32s3.rom.ble_test.ld
-- Adding linker script /home/tikhon/Документы/magnolia/esp-idf/components/esp_rom/esp32s3/ld/esp32s3.rom.ble_scan.ld
-- Adding linker script /home/tikhon/Документы/magnolia/esp-idf/components/esp_rom/esp32s3/ld/esp32s3.rom.libc.ld
-- Adding linker script /home/tikhon/Документы/magnolia/esp-idf/components/esp_rom/esp32s3/ld/esp32s3.rom.newlib.ld
-- Compiler supported targets: xtensa-esp-elf
-- USING O3
-- Adding linker script /home/tikhon/Документы/magnolia/applets/mainline/vi/build/esp-idf/esp_system/ld/memory.ld
-- Adding linker script /home/tikhon/Документы/magnolia/applets/mainline/vi/build/esp-idf/esp_system/ld/sections.ld.in
-- USING O3
-- Adding linker script /home/tikhon/Документы/magnolia/esp-idf/components/soc/esp32s3/ld/esp32s3.peripherals.ld
-- Adding linker script /home/tikhon/Документы/magnolia/esp-idf/components/esp_rom/esp32s3/ld/esp32s3.rom.ld
-- Adding linker script /home/tikhon/Документы/magnolia/esp-idf/components/esp_rom/esp32s3/ld/esp32s3.rom.api.ld
-- Adding linker script /home/tikhon/Документы/magnolia/esp-idf/components/esp_rom/esp32s3/ld/esp32s3.rom.bt_funcs.ld
-- Adding linker script /home/tikhon/Документы/magnolia/esp-idf/components/esp_rom/esp32s3/ld/esp32s3.rom.libgcc.ld
-- Adding linker script /home/tikhon/Документы/magnolia/esp-idf/components/esp_rom/esp32s3/ld/esp32s3.rom.wdt.ld
-- Adding linker script /home/tikhon/Документы/magnolia/esp-idf/components/esp_rom/esp32s3/ld/esp32s3.rom.version.ld
-- Adding linker script /home/tikhon/Документы/magnolia/esp-idf/components/esp_rom/esp32s3/ld/esp32s3.rom.ble_master.ld
-- Adding linker script /home/tikhon/Документы/magnolia/esp-idf/components/esp_rom/esp32s3/ld/esp32s3.rom.ble_50.ld
-- Adding linker script /home/tikhon/Документы/magnolia/esp-idf/components/esp_rom/esp32s3/ld/esp32s3.rom.ble_smp.ld
-- Adding linker script /home/tikhon/Документы/magnolia/esp-idf/components/esp_rom/esp32s3/ld/esp32s3.rom.ble_dtm.ld
-- Adding linker script /home/tikhon/Документы/magnolia/esp-idf/components/esp_rom/esp32s3/ld/esp32s3.rom.ble_test.ld
-- Adding linker script /home/tikhon/Документы/magnolia/esp-idf/components/esp_rom/esp32s3/ld/esp32s3.rom.ble_scan.ld
-- Adding linker script /home/tikhon/Документы/magnolia/esp-idf/components/esp_rom/esp32s3/ld/esp32s3.rom.libc.ld
-- Adding linker script /home/tikhon/Документы/magnolia/esp-idf/components/esp_rom/esp32s3/ld/esp32s3.rom.newlib.ld
-- USING O3
Executing action: elf
Running ninja in directory /home/tikhon/Документы/magnolia/applets/go/goxxd/build
Executing "ninja elf"...
[0/2] Re-checking globbed directories...
[1/2] Re-running CMake...
-- Adding linker script /home/tikhon/Документы/magnolia/applets/mainline/wc/build/esp-idf/esp_system/ld/memory.ld
-- Adding linker script /home/tikhon/Документы/magnolia/applets/mainline/wc/build/esp-idf/esp_system/ld/sections.ld.in
-- Project sdkconfig file /home/tikhon/Документы/magnolia/applets/go/gotest/sdkconfig
-- Adding linker script /home/tikhon/Документы/magnolia/esp-idf/components/soc/esp32s3/ld/esp32s3.peripherals.ld
-- Adding linker script /home/tikhon/Документы/magnolia/applets/mainline/uname/build/esp-idf/esp_system/ld/memory.ld
-- Adding linker script /home/tikhon/Документы/magnolia/applets/mainline/uname/build/esp-idf/esp_system/ld/sections.ld.in
-- Adding linker script /home/tikhon/Документы/magnolia/esp-idf/components/esp_rom/esp32s3/ld/esp32s3.rom.ld
-- Adding linker script /home/tikhon/Документы/magnolia/esp-idf/components/esp_rom/esp32s3/ld/esp32s3.rom.api.ld
-- Adding linker script /home/tikhon/Документы/magnolia/esp-idf/components/esp_rom/esp32s3/ld/esp32s3.rom.bt_funcs.ld
-- Adding linker script /home/tikhon/Документы/magnolia/esp-idf/components/esp_rom/esp32s3/ld/esp32s3.rom.libgcc.ld
-- Adding linker script /home/tikhon/Документы/magnolia/esp-idf/components/esp_rom/esp32s3/ld/esp32s3.rom.wdt.ld
-- Adding linker script /home/tikhon/Документы/magnolia/esp-idf/components/esp_rom/esp32s3/ld/esp32s3.rom.version.ld
-- Adding linker script /home/tikhon/Документы/magnolia/esp-idf/components/esp_rom/esp32s3/ld/esp32s3.rom.ble_master.ld
-- Adding linker script /home/tikhon/Документы/magnolia/esp-idf/components/esp_rom/esp32s3/ld/esp32s3.rom.ble_50.ld
-- Adding linker script /home/tikhon/Документы/magnolia/esp-idf/components/esp_rom/esp32s3/ld/esp32s3.rom.ble_smp.ld
-- Adding linker script /home/tikhon/Документы/magnolia/esp-idf/components/esp_rom/esp32s3/ld/esp32s3.rom.ble_dtm.ld
-- Adding linker script /home/tikhon/Документы/magnolia/esp-idf/components/esp_rom/esp32s3/ld/esp32s3.rom.ble_test.ld
-- Adding linker script /home/tikhon/Документы/magnolia/esp-idf/components/esp_rom/esp32s3/ld/esp32s3.rom.ble_scan.ld
-- Adding linker script /home/tikhon/Документы/magnolia/esp-idf/components/esp_rom/esp32s3/ld/esp32s3.rom.libc.ld
-- Adding linker script /home/tikhon/Документы/magnolia/esp-idf/components/esp_rom/esp32s3/ld/esp32s3.rom.newlib.ld
-- Adding linker script /home/tikhon/Документы/magnolia/applets/mainline/yes/build/esp-idf/esp_system/ld/memory.ld
-- Adding linker script /home/tikhon/Документы/magnolia/applets/mainline/yes/build/esp-idf/esp_system/ld/sections.ld.in
-- Adding linker script /home/tikhon/Документы/magnolia/esp-idf/components/esp_rom/esp32s3/ld/esp32s3.rom.ld
-- Adding linker script /home/tikhon/Документы/magnolia/esp-idf/components/esp_rom/esp32s3/ld/esp32s3.rom.api.ld
-- Adding linker script /home/tikhon/Документы/magnolia/esp-idf/components/esp_rom/esp32s3/ld/esp32s3.rom.bt_funcs.ld
-- Adding linker script /home/tikhon/Документы/magnolia/esp-idf/components/esp_rom/esp32s3/ld/esp32s3.rom.libgcc.ld
-- Adding linker script /home/tikhon/Документы/magnolia/esp-idf/components/esp_rom/esp32s3/ld/esp32s3.rom.wdt.ld
-- Adding linker script /home/tikhon/Документы/magnolia/esp-idf/components/esp_rom/esp32s3/ld/esp32s3.rom.version.ld
-- Adding linker script /home/tikhon/Документы/magnolia/esp-idf/components/esp_rom/esp32s3/ld/esp32s3.rom.ble_master.ld
-- Adding linker script /home/tikhon/Документы/magnolia/esp-idf/components/esp_rom/esp32s3/ld/esp32s3.rom.ble_50.ld
-- Adding linker script /home/tikhon/Документы/magnolia/esp-idf/components/esp_rom/esp32s3/ld/esp32s3.rom.ble_smp.ld
-- Adding linker script /home/tikhon/Документы/magnolia/esp-idf/components/esp_rom/esp32s3/ld/esp32s3.rom.ble_dtm.ld
-- Adding linker script /home/tikhon/Документы/magnolia/esp-idf/components/esp_rom/esp32s3/ld/esp32s3.rom.ble_test.ld
-- Adding linker script /home/tikhon/Документы/magnolia/esp-idf/components/esp_rom/esp32s3/ld/esp32s3.rom.ble_scan.ld
-- Adding linker script /home/tikhon/Документы/magnolia/esp-idf/components/esp_rom/esp32s3/ld/esp32s3.rom.libc.ld
-- Adding linker script /home/tikhon/Документы/magnolia/esp-idf/components/esp_rom/esp32s3/ld/esp32s3.rom.newlib.ld
-- Adding linker script /home/tikhon/Документы/magnolia/esp-idf/components/soc/esp32s3/ld/esp32s3.peripherals.ld
-- Adding linker script /home/tikhon/Документы/magnolia/esp-idf/components/esp_rom/esp32s3/ld/esp32s3.rom.ld
-- Adding linker script /home/tikhon/Документы/magnolia/esp-idf/components/esp_rom/esp32s3/ld/esp32s3.rom.api.ld
-- Adding linker script /home/tikhon/Документы/magnolia/esp-idf/components/esp_rom/esp32s3/ld/esp32s3.rom.bt_funcs.ld
-- Adding linker script /home/tikhon/Документы/magnolia/esp-idf/components/esp_rom/esp32s3/ld/esp32s3.rom.libgcc.ld
-- Adding linker script /home/tikhon/Документы/magnolia/esp-idf/components/esp_rom/esp32s3/ld/esp32s3.rom.wdt.ld
-- Adding linker script /home/tikhon/Документы/magnolia/esp-idf/components/esp_rom/esp32s3/ld/esp32s3.rom.version.ld
-- Adding linker script /home/tikhon/Документы/magnolia/esp-idf/components/esp_rom/esp32s3/ld/esp32s3.rom.ble_master.ld
-- Adding linker script /home/tikhon/Документы/magnolia/esp-idf/components/esp_rom/esp32s3/ld/esp32s3.rom.ble_50.ld
-- Adding linker script /home/tikhon/Документы/magnolia/esp-idf/components/esp_rom/esp32s3/ld/esp32s3.rom.ble_smp.ld
-- Adding linker script /home/tikhon/Документы/magnolia/esp-idf/components/esp_rom/esp32s3/ld/esp32s3.rom.ble_dtm.ld
-- Adding linker script /home/tikhon/Документы/magnolia/esp-idf/components/esp_rom/esp32s3/ld/esp32s3.rom.ble_test.ld
-- Adding linker script /home/tikhon/Документы/magnolia/esp-idf/components/esp_rom/esp32s3/ld/esp32s3.rom.ble_scan.ld
-- Adding linker script /home/tikhon/Документы/magnolia/esp-idf/components/esp_rom/esp32s3/ld/esp32s3.rom.libc.ld
-- Adding linker script /home/tikhon/Документы/magnolia/esp-idf/components/esp_rom/esp32s3/ld/esp32s3.rom.newlib.ld
-- USING O3
-- Adding linker script /home/tikhon/Документы/magnolia/esp-idf/components/soc/esp32s3/ld/esp32s3.peripherals.ld
-- Adding linker script /home/tikhon/Документы/magnolia/esp-idf/components/soc/esp32s3/ld/esp32s3.peripherals.ld
-- Adding linker script /home/tikhon/Документы/magnolia/applets/mainline/user/build/esp-idf/esp_system/ld/memory.ld
-- Adding linker script /home/tikhon/Документы/magnolia/applets/mainline/user/build/esp-idf/esp_system/ld/sections.ld.in
-- Adding linker script /home/tikhon/Документы/magnolia/esp-idf/components/esp_rom/esp32s3/ld/esp32s3.rom.ld
-- Adding linker script /home/tikhon/Документы/magnolia/esp-idf/components/esp_rom/esp32s3/ld/esp32s3.rom.api.ld
-- Adding linker script /home/tikhon/Документы/magnolia/esp-idf/components/esp_rom/esp32s3/ld/esp32s3.rom.bt_funcs.ld
-- Adding linker script /home/tikhon/Документы/magnolia/esp-idf/components/esp_rom/esp32s3/ld/esp32s3.rom.libgcc.ld
-- Adding linker script /home/tikhon/Документы/magnolia/esp-idf/components/esp_rom/esp32s3/ld/esp32s3.rom.wdt.ld
-- Adding linker script /home/tikhon/Документы/magnolia/esp-idf/components/esp_rom/esp32s3/ld/esp32s3.rom.version.ld
-- Adding linker script /home/tikhon/Документы/magnolia/esp-idf/components/esp_rom/esp32s3/ld/esp32s3.rom.ble_master.ld
-- Adding linker script /home/tikhon/Документы/magnolia/esp-idf/components/esp_rom/esp32s3/ld/esp32s3.rom.ble_50.ld
-- Adding linker script /home/tikhon/Документы/magnolia/esp-idf/components/esp_rom/esp32s3/ld/esp32s3.rom.ble_smp.ld
-- Adding linker script /home/tikhon/Документы/magnolia/esp-idf/components/esp_rom/esp32s3/ld/esp32s3.rom.ble_dtm.ld
-- Adding linker script /home/tikhon/Документы/magnolia/esp-idf/components/esp_rom/esp32s3/ld/esp32s3.rom.ble_test.ld
-- Adding linker script /home/tikhon/Документы/magnolia/esp-idf/components/esp_rom/esp32s3/ld/esp32s3.rom.ble_scan.ld
-- Adding linker script /home/tikhon/Документы/magnolia/esp-idf/components/esp_rom/esp32s3/ld/esp32s3.rom.libc.ld
-- Adding linker script /home/tikhon/Документы/magnolia/esp-idf/components/esp_rom/esp32s3/ld/esp32s3.rom.newlib.ld
-- App "xxd" version: fce3dc6-dirty
-- Adding linker script /home/tikhon/Документы/magnolia/esp-idf/components/soc/esp32s3/ld/esp32s3.peripherals.ld
Loading defaults file /home/tikhon/Документы/magnolia/applets/go/gohello/sdkconfig.defaults...
-- USING O3
-- Adding linker script /home/tikhon/Документы/magnolia/applets/mainline/unlink/build/esp-idf/esp_system/ld/memory.ld
-- Adding linker script /home/tikhon/Документы/magnolia/applets/mainline/unlink/build/esp-idf/esp_system/ld/sections.ld.in
-- Adding linker script /home/tikhon/Документы/magnolia/esp-idf/components/esp_rom/esp32s3/ld/esp32s3.rom.ld
-- Adding linker script /home/tikhon/Документы/magnolia/esp-idf/components/esp_rom/esp32s3/ld/esp32s3.rom.api.ld
-- Adding linker script /home/tikhon/Документы/magnolia/esp-idf/components/esp_rom/esp32s3/ld/esp32s3.rom.bt_funcs.ld
-- Adding linker script /home/tikhon/Документы/magnolia/esp-idf/components/esp_rom/esp32s3/ld/esp32s3.rom.libgcc.ld
-- Adding linker script /home/tikhon/Документы/magnolia/esp-idf/components/esp_rom/esp32s3/ld/esp32s3.rom.wdt.ld
-- Adding linker script /home/tikhon/Документы/magnolia/esp-idf/components/esp_rom/esp32s3/ld/esp32s3.rom.version.ld
-- Adding linker script /home/tikhon/Документы/magnolia/esp-idf/components/esp_rom/esp32s3/ld/esp32s3.rom.ble_master.ld
-- Adding linker script /home/tikhon/Документы/magnolia/esp-idf/components/esp_rom/esp32s3/ld/esp32s3.rom.ble_50.ld
-- Adding linker script /home/tikhon/Документы/magnolia/esp-idf/components/esp_rom/esp32s3/ld/esp32s3.rom.ble_smp.ld
-- Adding linker script /home/tikhon/Документы/magnolia/esp-idf/components/esp_rom/esp32s3/ld/esp32s3.rom.ble_dtm.ld
-- Adding linker script /home/tikhon/Документы/magnolia/esp-idf/components/esp_rom/esp32s3/ld/esp32s3.rom.ble_test.ld
-- Adding linker script /home/tikhon/Документы/magnolia/esp-idf/components/esp_rom/esp32s3/ld/esp32s3.rom.ble_scan.ld
-- Adding linker script /home/tikhon/Документы/magnolia/esp-idf/components/esp_rom/esp32s3/ld/esp32s3.rom.libc.ld
-- Adding linker script /home/tikhon/Документы/magnolia/esp-idf/components/esp_rom/esp32s3/ld/esp32s3.rom.newlib.ld
-- Adding linker script /home/tikhon/Документы/magnolia/esp-idf/components/soc/esp32s3/ld/esp32s3.peripherals.ld
-- USING O3
-- Adding linker script /home/tikhon/Документы/magnolia/applets/mainline/xxd/build/esp-idf/esp_system/ld/memory.ld
-- Adding linker script /home/tikhon/Документы/magnolia/applets/mainline/xxd/build/esp-idf/esp_system/ld/sections.ld.in
-- Adding linker script /home/tikhon/Документы/magnolia/esp-idf/components/esp_rom/esp32s3/ld/esp32s3.rom.ld
-- Adding linker script /home/tikhon/Документы/magnolia/esp-idf/components/esp_rom/esp32s3/ld/esp32s3.rom.api.ld
-- Adding linker script /home/tikhon/Документы/magnolia/esp-idf/components/esp_rom/esp32s3/ld/esp32s3.rom.bt_funcs.ld
-- Adding linker script /home/tikhon/Документы/magnolia/esp-idf/components/esp_rom/esp32s3/ld/esp32s3.rom.libgcc.ld
-- Adding linker script /home/tikhon/Документы/magnolia/esp-idf/components/esp_rom/esp32s3/ld/esp32s3.rom.wdt.ld
-- Adding linker script /home/tikhon/Документы/magnolia/esp-idf/components/esp_rom/esp32s3/ld/esp32s3.rom.version.ld
-- Adding linker script /home/tikhon/Документы/magnolia/esp-idf/components/esp_rom/esp32s3/ld/esp32s3.rom.ble_master.ld
-- Adding linker script /home/tikhon/Документы/magnolia/esp-idf/components/esp_rom/esp32s3/ld/esp32s3.rom.ble_50.ld
-- Adding linker script /home/tikhon/Документы/magnolia/esp-idf/components/esp_rom/esp32s3/ld/esp32s3.rom.ble_smp.ld
-- Adding linker script /home/tikhon/Документы/magnolia/esp-idf/components/esp_rom/esp32s3/ld/esp32s3.rom.ble_dtm.ld
-- Adding linker script /home/tikhon/Документы/magnolia/esp-idf/components/esp_rom/esp32s3/ld/esp32s3.rom.ble_test.ld
-- Adding linker script /home/tikhon/Документы/magnolia/esp-idf/components/esp_rom/esp32s3/ld/esp32s3.rom.ble_scan.ld
-- Adding linker script /home/tikhon/Документы/magnolia/esp-idf/components/esp_rom/esp32s3/ld/esp32s3.rom.libc.ld
-- Adding linker script /home/tikhon/Документы/magnolia/esp-idf/components/esp_rom/esp32s3/ld/esp32s3.rom.newlib.ld
-- Compiler supported targets: xtensa-esp-elf
-- Adding linker script /home/tikhon/Документы/magnolia/esp-idf/components/soc/esp32s3/ld/esp32s3.peripherals.ld
-- Compiler supported targets: xtensa-esp-elf
-- Compiler supported targets: xtensa-esp-elf
-- Compiler supported targets: xtensa-esp-elf
-- Compiler supported targets: xtensa-esp-elf
-- App "dd" version: fce3dc6-dirty
-- Compiler supported targets: xtensa-esp-elf
-- App "echo" version: fce3dc6-dirty
-- App "hexdump" version: fce3dc6-dirty
-- App "false" version: fce3dc6-dirty
-- App "gohello" version: fce3dc6-dirty
-- Components: app_trace app_update bootloader bootloader_support bt cmock console cxx driver efuse esp-tls esp_adc esp_app_format esp_bootloader_format esp_coex esp_common esp_driver_ana_cmpr esp_driver_bitscrambler esp_driver_cam esp_driver_dac esp_driver_gpio esp_driver_gptimer esp_driver_i2c esp_driver_i2s esp_driver_i3c esp_driver_isp esp_driver_jpeg esp_driver_ledc esp_driver_mcpwm esp_driver_parlio esp_driver_pcnt esp_driver_ppa esp_driver_rmt esp_driver_sd_intf esp_driver_sdio esp_driver_sdm esp_driver_sdmmc esp_driver_sdspi esp_driver_spi esp_driver_touch_sens esp_driver_tsens esp_driver_twai esp_driver_uart esp_driver_usb_serial_jtag esp_eth esp_event esp_gdbstub esp_hid esp_http_client esp_http_server esp_https_ota esp_https_server esp_hw_support esp_lcd esp_local_ctrl esp_mm esp_netif esp_netif_stack esp_partition esp_phy esp_pm esp_psram esp_ringbuf esp_rom esp_security esp_system esp_timer esp_vfs_console esp_wifi espcoredump esptool_py fatfs freertos hal heap http_parser idf_test ieee802154 json log lwip main mbedtls mqtt newlib nvs_flash nvs_sec_provider openthread partition_table perfmon protobuf-c protocomm pthread rt sdmmc soc spi_flash spiffs tcp_transport touch_element ulp unity usb vfs wear_levelling wifi_provisioning wpa_supplicant xtensa
-- Component paths: /home/tikhon/Документы/magnolia/esp-idf/components/app_trace /home/tikhon/Документы/magnolia/esp-idf/components/app_update /home/tikhon/Документы/magnolia/esp-idf/components/bootloader /home/tikhon/Документы/magnolia/esp-idf/components/bootloader_support /home/tikhon/Документы/magnolia/esp-idf/components/bt /home/tikhon/Документы/magnolia/esp-idf/components/cmock /home/tikhon/Документы/magnolia/esp-idf/components/console /home/tikhon/Документы/magnolia/esp-idf/components/cxx /home/tikhon/Документы/magnolia/esp-idf/components/driver /home/tikhon/Документы/magnolia/esp-idf/components/efuse /home/tikhon/Документы/magnolia/esp-idf/components/esp-tls /home/tikhon/Документы/magnolia/esp-idf/components/esp_adc /home/tikhon/Документы/magnolia/esp-idf/components/esp_app_format /home/tikhon/Документы/magnolia/esp-idf/components/esp_bootloader_format /home/tikhon/Документы/magnolia/esp-idf/components/esp_coex /home/tikhon/Документы/magnolia/esp-idf/components/esp_common /home/tikhon/Документы/magnolia/esp-idf/components/esp_driver_ana_cmpr /home/tikhon/Документы/magnolia/esp-idf/components/esp_driver_bitscrambler /home/tikhon/Документы/magnolia/esp-idf/components/esp_driver_cam /home/tikhon/Документы/magnolia/esp-idf/components/esp_driver_dac /home/tikhon/Документы/magnolia/esp-idf/components/esp_driver_gpio /home/tikhon/Документы/magnolia/esp-idf/components/esp_driver_gptimer /home/tikhon/Документы/magnolia/esp-idf/components/esp_driver_i2c /home/tikhon/Документы/magnolia/esp-idf/components/esp_driver_i2s /home/tikhon/Документы/magnolia/esp-idf/components/esp_driver_i3c /home/tikhon/Документы/magnolia/esp-idf/components/esp_driver_isp /home/tikhon/Документы/magnolia/esp-idf/components/esp_driver_jpeg /home/tikhon/Документы/magnolia/esp-idf/components/esp_driver_ledc /home/tikhon/Документы/magnolia/esp-idf/components/esp_driver_mcpwm /home/tikhon/Документы/magnolia/esp-idf/components/esp_driver_parlio /home/tikhon/Документы/magnolia/esp-idf/components/esp_driver_pcnt /home/tikhon/Документы/magnolia/esp-idf/components/esp_driver_ppa /home/tikhon/Документы/magnolia/esp-idf/components/esp_driver_rmt /home/tikhon/Документы/magnolia/esp-idf/components/esp_driver_sd_intf /home/tikhon/Документы/magnolia/esp-idf/components/esp_driver_sdio /home/tikhon/Документы/magnolia/esp-idf/components/esp_driver_sdm /home/tikhon/Документы/magnolia/esp-idf/components/esp_driver_sdmmc /home/tikhon/Документы/magnolia/esp-idf/components/esp_driver_sdspi /home/tikhon/Документы/magnolia/esp-idf/components/esp_driver_spi /home/tikhon/Документы/magnolia/esp-idf/components/esp_driver_touch_sens /home/tikhon/Документы/magnolia/esp-idf/components/esp_driver_tsens /home/tikhon/Документы/magnolia/esp-idf/components/esp_driver_twai /home/tikhon/Документы/magnolia/esp-idf/components/esp_driver_uart /home/tikhon/Документы/magnolia/esp-idf/components/esp_driver_usb_serial_jtag /home/tikhon/Документы/magnolia/esp-idf/components/esp_eth /home/tikhon/Документы/magnolia/esp-idf/components/esp_event /home/tikhon/Документы/magnolia/esp-idf/components/esp_gdbstub /home/tikhon/Документы/magnolia/esp-idf/components/esp_hid /home/tikhon/Документы/magnolia/esp-idf/components/esp_http_client /home/tikhon/Документы/magnolia/esp-idf/components/esp_http_server /home/tikhon/Документы/magnolia/esp-idf/components/esp_https_ota /home/tikhon/Документы/magnolia/esp-idf/components/esp_https_server /home/tikhon/Документы/magnolia/esp-idf/components/esp_hw_support /home/tikhon/Документы/magnolia/esp-idf/components/esp_lcd /home/tikhon/Документы/magnolia/esp-idf/components/esp_local_ctrl /home/tikhon/Документы/magnolia/esp-idf/components/esp_mm /home/tikhon/Документы/magnolia/esp-idf/components/esp_netif /home/tikhon/Документы/magnolia/esp-idf/components/esp_netif_stack /home/tikhon/Документы/magnolia/esp-idf/components/esp_partition /home/tikhon/Документы/magnolia/esp-idf/components/esp_phy /home/tikhon/Документы/magnolia/esp-idf/components/esp_pm /home/tikhon/Документы/magnolia/esp-idf/components/esp_psram /home/tikhon/Документы/magnolia/esp-idf/components/esp_ringbuf /home/tikhon/Документы/magnolia/esp-idf/components/esp_rom /home/tikhon/Документы/magnolia/esp-idf/components/esp_security /home/tikhon/Документы/magnolia/esp-idf/components/esp_system /home/tikhon/Документы/magnolia/esp-idf/components/esp_timer /home/tikhon/Документы/magnolia/esp-idf/components/esp_vfs_console /home/tikhon/Документы/magnolia/esp-idf/components/esp_wifi /home/tikhon/Документы/magnolia/esp-idf/components/espcoredump /home/tikhon/Документы/magnolia/esp-idf/components/esptool_py /home/tikhon/Документы/magnolia/esp-idf/components/fatfs /home/tikhon/Документы/magnolia/esp-idf/components/freertos /home/tikhon/Документы/magnolia/esp-idf/components/hal /home/tikhon/Документы/magnolia/esp-idf/components/heap /home/tikhon/Документы/magnolia/esp-idf/components/http_parser /home/tikhon/Документы/magnolia/esp-idf/components/idf_test /home/tikhon/Документы/magnolia/esp-idf/components/ieee802154 /home/tikhon/Документы/magnolia/esp-idf/components/json /home/tikhon/Документы/magnolia/esp-idf/components/log /home/tikhon/Документы/magnolia/esp-idf/components/lwip /home/tikhon/Документы/magnolia/applets/mainline/true/main /home/tikhon/Документы/magnolia/esp-idf/components/mbedtls /home/tikhon/Документы/magnolia/esp-idf/components/mqtt /home/tikhon/Документы/magnolia/esp-idf/components/newlib /home/tikhon/Документы/magnolia/esp-idf/components/nvs_flash /home/tikhon/Документы/magnolia/esp-idf/components/nvs_sec_provider /home/tikhon/Документы/magnolia/esp-idf/components/openthread /home/tikhon/Документы/magnolia/esp-idf/components/partition_table /home/tikhon/Документы/magnolia/esp-idf/components/perfmon /home/tikhon/Документы/magnolia/esp-idf/components/protobuf-c /home/tikhon/Документы/magnolia/esp-idf/components/protocomm /home/tikhon/Документы/magnolia/esp-idf/components/pthread /home/tikhon/Документы/magnolia/esp-idf/components/rt /home/tikhon/Документы/magnolia/esp-idf/components/sdmmc /home/tikhon/Документы/magnolia/esp-idf/components/soc /home/tikhon/Документы/magnolia/esp-idf/components/spi_flash /home/tikhon/Документы/magnolia/esp-idf/components/spiffs /home/tikhon/Документы/magnolia/esp-idf/components/tcp_transport /home/tikhon/Документы/magnolia/esp-idf/components/touch_element /home/tikhon/Документы/magnolia/esp-idf/components/ulp /home/tikhon/Документы/magnolia/esp-idf/components/unity /home/tikhon/Документы/magnolia/esp-idf/components/usb /home/tikhon/Документы/magnolia/esp-idf/components/vfs /home/tikhon/Документы/magnolia/esp-idf/components/wear_levelling /home/tikhon/Документы/magnolia/esp-idf/components/wifi_provisioning /home/tikhon/Документы/magnolia/esp-idf/components/wpa_supplicant /home/tikhon/Документы/magnolia/esp-idf/components/xtensa
-- ELF_LOADER: 1.1.1
-- Configuring done (4.2s)
-- Compiler supported targets: xtensa-esp-elf
-- Components: app_trace app_update bootloader bootloader_support bt cmock console cxx driver efuse esp-tls esp_adc esp_app_format esp_bootloader_format esp_coex esp_common esp_driver_ana_cmpr esp_driver_bitscrambler esp_driver_cam esp_driver_dac esp_driver_gpio esp_driver_gptimer esp_driver_i2c esp_driver_i2s esp_driver_i3c esp_driver_isp esp_driver_jpeg esp_driver_ledc esp_driver_mcpwm esp_driver_parlio esp_driver_pcnt esp_driver_ppa esp_driver_rmt esp_driver_sd_intf esp_driver_sdio esp_driver_sdm esp_driver_sdmmc esp_driver_sdspi esp_driver_spi esp_driver_touch_sens esp_driver_tsens esp_driver_twai esp_driver_uart esp_driver_usb_serial_jtag esp_eth esp_event esp_gdbstub esp_hid esp_http_client esp_http_server esp_https_ota esp_https_server esp_hw_support esp_lcd esp_local_ctrl esp_mm esp_netif esp_netif_stack esp_partition esp_phy esp_pm esp_psram esp_ringbuf esp_rom esp_security esp_system esp_timer esp_vfs_console esp_wifi espcoredump esptool_py fatfs freertos hal heap http_parser idf_test ieee802154 json log lwip main mbedtls mqtt newlib nvs_flash nvs_sec_provider openthread partition_table perfmon protobuf-c protocomm pthread rt sdmmc soc spi_flash spiffs tcp_transport touch_element ulp unity usb vfs wear_levelling wifi_provisioning wpa_supplicant xtensa
-- Component paths: /home/tikhon/Документы/magnolia/esp-idf/components/app_trace /home/tikhon/Документы/magnolia/esp-idf/components/app_update /home/tikhon/Документы/magnolia/esp-idf/components/bootloader /home/tikhon/Документы/magnolia/esp-idf/components/bootloader_support /home/tikhon/Документы/magnolia/esp-idf/components/bt /home/tikhon/Документы/magnolia/esp-idf/components/cmock /home/tikhon/Документы/magnolia/esp-idf/components/console /home/tikhon/Документы/magnolia/esp-idf/components/cxx /home/tikhon/Документы/magnolia/esp-idf/components/driver /home/tikhon/Документы/magnolia/esp-idf/components/efuse /home/tikhon/Документы/magnolia/esp-idf/components/esp-tls /home/tikhon/Документы/magnolia/esp-idf/components/esp_adc /home/tikhon/Документы/magnolia/esp-idf/components/esp_app_format /home/tikhon/Документы/magnolia/esp-idf/components/esp_bootloader_format /home/tikhon/Документы/magnolia/esp-idf/components/esp_coex /home/tikhon/Документы/magnolia/esp-idf/components/esp_common /home/tikhon/Документы/magnolia/esp-idf/components/esp_driver_ana_cmpr /home/tikhon/Документы/magnolia/esp-idf/components/esp_driver_bitscrambler /home/tikhon/Документы/magnolia/esp-idf/components/esp_driver_cam /home/tikhon/Документы/magnolia/esp-idf/components/esp_driver_dac /home/tikhon/Документы/magnolia/esp-idf/components/esp_driver_gpio /home/tikhon/Документы/magnolia/esp-idf/components/esp_driver_gptimer /home/tikhon/Документы/magnolia/esp-idf/components/esp_driver_i2c /home/tikhon/Документы/magnolia/esp-idf/components/esp_driver_i2s /home/tikhon/Документы/magnolia/esp-idf/components/esp_driver_i3c /home/tikhon/Документы/magnolia/esp-idf/components/esp_driver_isp /home/tikhon/Документы/magnolia/esp-idf/components/esp_driver_jpeg /home/tikhon/Документы/magnolia/esp-idf/components/esp_driver_ledc /home/tikhon/Документы/magnolia/esp-idf/components/esp_driver_mcpwm /home/tikhon/Документы/magnolia/esp-idf/components/esp_driver_parlio /home/tikhon/Документы/magnolia/esp-idf/components/esp_driver_pcnt /home/tikhon/Документы/magnolia/esp-idf/components/esp_driver_ppa /home/tikhon/Документы/magnolia/esp-idf/components/esp_driver_rmt /home/tikhon/Документы/magnolia/esp-idf/components/esp_driver_sd_intf /home/tikhon/Документы/magnolia/esp-idf/components/esp_driver_sdio /home/tikhon/Документы/magnolia/esp-idf/components/esp_driver_sdm /home/tikhon/Документы/magnolia/esp-idf/components/esp_driver_sdmmc /home/tikhon/Документы/magnolia/esp-idf/components/esp_driver_sdspi /home/tikhon/Документы/magnolia/esp-idf/components/esp_driver_spi /home/tikhon/Документы/magnolia/esp-idf/components/esp_driver_touch_sens /home/tikhon/Документы/magnolia/esp-idf/components/esp_driver_tsens /home/tikhon/Документы/magnolia/esp-idf/components/esp_driver_twai /home/tikhon/Документы/magnolia/esp-idf/components/esp_driver_uart /home/tikhon/Документы/magnolia/esp-idf/components/esp_driver_usb_serial_jtag /home/tikhon/Документы/magnolia/esp-idf/components/esp_eth /home/tikhon/Документы/magnolia/esp-idf/components/esp_event /home/tikhon/Документы/magnolia/esp-idf/components/esp_gdbstub /home/tikhon/Документы/magnolia/esp-idf/components/esp_hid /home/tikhon/Документы/magnolia/esp-idf/components/esp_http_client /home/tikhon/Документы/magnolia/esp-idf/components/esp_http_server /home/tikhon/Документы/magnolia/esp-idf/components/esp_https_ota /home/tikhon/Документы/magnolia/esp-idf/components/esp_https_server /home/tikhon/Документы/magnolia/esp-idf/components/esp_hw_support /home/tikhon/Документы/magnolia/esp-idf/components/esp_lcd /home/tikhon/Документы/magnolia/esp-idf/components/esp_local_ctrl /home/tikhon/Документы/magnolia/esp-idf/components/esp_mm /home/tikhon/Документы/magnolia/esp-idf/components/esp_netif /home/tikhon/Документы/magnolia/esp-idf/components/esp_netif_stack /home/tikhon/Документы/magnolia/esp-idf/components/esp_partition /home/tikhon/Документы/magnolia/esp-idf/components/esp_phy /home/tikhon/Документы/magnolia/esp-idf/components/esp_pm /home/tikhon/Документы/magnolia/esp-idf/components/esp_psram /home/tikhon/Документы/magnolia/esp-idf/components/esp_ringbuf /home/tikhon/Документы/magnolia/esp-idf/components/esp_rom /home/tikhon/Документы/magnolia/esp-idf/components/esp_security /home/tikhon/Документы/magnolia/esp-idf/components/esp_system /home/tikhon/Документы/magnolia/esp-idf/components/esp_timer /home/tikhon/Документы/magnolia/esp-idf/components/esp_vfs_console /home/tikhon/Документы/magnolia/esp-idf/components/esp_wifi /home/tikhon/Документы/magnolia/esp-idf/components/espcoredump /home/tikhon/Документы/magnolia/esp-idf/components/esptool_py /home/tikhon/Документы/magnolia/esp-idf/components/fatfs /home/tikhon/Документы/magnolia/esp-idf/components/freertos /home/tikhon/Документы/magnolia/esp-idf/components/hal /home/tikhon/Документы/magnolia/esp-idf/components/heap /home/tikhon/Документы/magnolia/esp-idf/components/http_parser /home/tikhon/Документы/magnolia/esp-idf/components/idf_test /home/tikhon/Документы/magnolia/esp-idf/components/ieee802154 /home/tikhon/Документы/magnolia/esp-idf/components/json /home/tikhon/Документы/magnolia/esp-idf/components/log /home/tikhon/Документы/magnolia/esp-idf/components/lwip /home/tikhon/Документы/magnolia/applets/mainline/vi/main /home/tikhon/Документы/magnolia/esp-idf/components/mbedtls /home/tikhon/Документы/magnolia/esp-idf/components/mqtt /home/tikhon/Документы/magnolia/esp-idf/components/newlib /home/tikhon/Документы/magnolia/esp-idf/components/nvs_flash /home/tikhon/Документы/magnolia/esp-idf/components/nvs_sec_provider /home/tikhon/Документы/magnolia/esp-idf/components/openthread /home/tikhon/Документы/magnolia/esp-idf/components/partition_table /home/tikhon/Документы/magnolia/esp-idf/components/perfmon /home/tikhon/Документы/magnolia/esp-idf/components/protobuf-c /home/tikhon/Документы/magnolia/esp-idf/components/protocomm /home/tikhon/Документы/magnolia/esp-idf/components/pthread /home/tikhon/Документы/magnolia/esp-idf/components/rt /home/tikhon/Документы/magnolia/esp-idf/components/sdmmc /home/tikhon/Документы/magnolia/esp-idf/components/soc /home/tikhon/Документы/magnolia/esp-idf/components/spi_flash /home/tikhon/Документы/magnolia/esp-idf/components/spiffs /home/tikhon/Документы/magnolia/esp-idf/components/tcp_transport /home/tikhon/Документы/magnolia/esp-idf/components/touch_element /home/tikhon/Документы/magnolia/esp-idf/components/ulp /home/tikhon/Документы/magnolia/esp-idf/components/unity /home/tikhon/Документы/magnolia/esp-idf/components/usb /home/tikhon/Документы/magnolia/esp-idf/components/vfs /home/tikhon/Документы/magnolia/esp-idf/components/wear_levelling /home/tikhon/Документы/magnolia/esp-idf/components/wifi_provisioning /home/tikhon/Документы/magnolia/esp-idf/components/wpa_supplicant /home/tikhon/Документы/magnolia/esp-idf/components/xtensa
-- App "goargs" version: fce3dc6-dirty
-- Configuring done (4.0s)
-- Components: app_trace app_update bootloader bootloader_support bt cmock console cxx driver efuse esp-tls esp_adc esp_app_format esp_bootloader_format esp_coex esp_common esp_driver_ana_cmpr esp_driver_bitscrambler esp_driver_cam esp_driver_dac esp_driver_gpio esp_driver_gptimer esp_driver_i2c esp_driver_i2s esp_driver_i3c esp_driver_isp esp_driver_jpeg esp_driver_ledc esp_driver_mcpwm esp_driver_parlio esp_driver_pcnt esp_driver_ppa esp_driver_rmt esp_driver_sd_intf esp_driver_sdio esp_driver_sdm esp_driver_sdmmc esp_driver_sdspi esp_driver_spi esp_driver_touch_sens esp_driver_tsens esp_driver_twai esp_driver_uart esp_driver_usb_serial_jtag esp_eth esp_event esp_gdbstub esp_hid esp_http_client esp_http_server esp_https_ota esp_https_server esp_hw_support esp_lcd esp_local_ctrl esp_mm esp_netif esp_netif_stack esp_partition esp_phy esp_pm esp_psram esp_ringbuf esp_rom esp_security esp_system esp_timer esp_vfs_console esp_wifi espcoredump esptool_py fatfs freertos hal heap http_parser idf_test ieee802154 json log lwip main mbedtls mqtt newlib nvs_flash nvs_sec_provider openthread partition_table perfmon protobuf-c protocomm pthread rt sdmmc soc spi_flash spiffs tcp_transport touch_element ulp unity usb vfs wear_levelling wifi_provisioning wpa_supplicant xtensa
-- Component paths: /home/tikhon/Документы/magnolia/esp-idf/components/app_trace /home/tikhon/Документы/magnolia/esp-idf/components/app_update /home/tikhon/Документы/magnolia/esp-idf/components/bootloader /home/tikhon/Документы/magnolia/esp-idf/components/bootloader_support /home/tikhon/Документы/magnolia/esp-idf/components/bt /home/tikhon/Документы/magnolia/esp-idf/components/cmock /home/tikhon/Документы/magnolia/esp-idf/components/console /home/tikhon/Документы/magnolia/esp-idf/components/cxx /home/tikhon/Документы/magnolia/esp-idf/components/driver /home/tikhon/Документы/magnolia/esp-idf/components/efuse /home/tikhon/Документы/magnolia/esp-idf/components/esp-tls /home/tikhon/Документы/magnolia/esp-idf/components/esp_adc /home/tikhon/Документы/magnolia/esp-idf/components/esp_app_format /home/tikhon/Документы/magnolia/esp-idf/components/esp_bootloader_format /home/tikhon/Документы/magnolia/esp-idf/components/esp_coex /home/tikhon/Документы/magnolia/esp-idf/components/esp_common /home/tikhon/Документы/magnolia/esp-idf/components/esp_driver_ana_cmpr /home/tikhon/Документы/magnolia/esp-idf/components/esp_driver_bitscrambler /home/tikhon/Документы/magnolia/esp-idf/components/esp_driver_cam /home/tikhon/Документы/magnolia/esp-idf/components/esp_driver_dac /home/tikhon/Документы/magnolia/esp-idf/components/esp_driver_gpio /home/tikhon/Документы/magnolia/esp-idf/components/esp_driver_gptimer /home/tikhon/Документы/magnolia/esp-idf/components/esp_driver_i2c /home/tikhon/Документы/magnolia/esp-idf/components/esp_driver_i2s /home/tikhon/Документы/magnolia/esp-idf/components/esp_driver_i3c /home/tikhon/Документы/magnolia/esp-idf/components/esp_driver_isp /home/tikhon/Документы/magnolia/esp-idf/components/esp_driver_jpeg /home/tikhon/Документы/magnolia/esp-idf/components/esp_driver_ledc /home/tikhon/Документы/magnolia/esp-idf/components/esp_driver_mcpwm /home/tikhon/Документы/magnolia/esp-idf/components/esp_driver_parlio /home/tikhon/Документы/magnolia/esp-idf/components/esp_driver_pcnt /home/tikhon/Документы/magnolia/esp-idf/components/esp_driver_ppa /home/tikhon/Документы/magnolia/esp-idf/components/esp_driver_rmt /home/tikhon/Документы/magnolia/esp-idf/components/esp_driver_sd_intf /home/tikhon/Документы/magnolia/esp-idf/components/esp_driver_sdio /home/tikhon/Документы/magnolia/esp-idf/components/esp_driver_sdm /home/tikhon/Документы/magnolia/esp-idf/components/esp_driver_sdmmc /home/tikhon/Документы/magnolia/esp-idf/components/esp_driver_sdspi /home/tikhon/Документы/magnolia/esp-idf/components/esp_driver_spi /home/tikhon/Документы/magnolia/esp-idf/components/esp_driver_touch_sens /home/tikhon/Документы/magnolia/esp-idf/components/esp_driver_tsens /home/tikhon/Документы/magnolia/esp-idf/components/esp_driver_twai /home/tikhon/Документы/magnolia/esp-idf/components/esp_driver_uart /home/tikhon/Документы/magnolia/esp-idf/components/esp_driver_usb_serial_jtag /home/tikhon/Документы/magnolia/esp-idf/components/esp_eth /home/tikhon/Документы/magnolia/esp-idf/components/esp_event /home/tikhon/Документы/magnolia/esp-idf/components/esp_gdbstub /home/tikhon/Документы/magnolia/esp-idf/components/esp_hid /home/tikhon/Документы/magnolia/esp-idf/components/esp_http_client /home/tikhon/Документы/magnolia/esp-idf/components/esp_http_server /home/tikhon/Документы/magnolia/esp-idf/components/esp_https_ota /home/tikhon/Документы/magnolia/esp-idf/components/esp_https_server /home/tikhon/Документы/magnolia/esp-idf/components/esp_hw_support /home/tikhon/Документы/magnolia/esp-idf/components/esp_lcd /home/tikhon/Документы/magnolia/esp-idf/components/esp_local_ctrl /home/tikhon/Документы/magnolia/esp-idf/components/esp_mm /home/tikhon/Документы/magnolia/esp-idf/components/esp_netif /home/tikhon/Документы/magnolia/esp-idf/components/esp_netif_stack /home/tikhon/Документы/magnolia/esp-idf/components/esp_partition /home/tikhon/Документы/magnolia/esp-idf/components/esp_phy /home/tikhon/Документы/magnolia/esp-idf/components/esp_pm /home/tikhon/Документы/magnolia/esp-idf/components/esp_psram /home/tikhon/Документы/magnolia/esp-idf/components/esp_ringbuf /home/tikhon/Документы/magnolia/esp-idf/components/esp_rom /home/tikhon/Документы/magnolia/esp-idf/components/esp_security /home/tikhon/Документы/magnolia/esp-idf/components/esp_system /home/tikhon/Документы/magnolia/esp-idf/components/esp_timer /home/tikhon/Документы/magnolia/esp-idf/components/esp_vfs_console /home/tikhon/Документы/magnolia/esp-idf/components/esp_wifi /home/tikhon/Документы/magnolia/esp-idf/components/espcoredump /home/tikhon/Документы/magnolia/esp-idf/components/esptool_py /home/tikhon/Документы/magnolia/esp-idf/components/fatfs /home/tikhon/Документы/magnolia/esp-idf/components/freertos /home/tikhon/Документы/magnolia/esp-idf/components/hal /home/tikhon/Документы/magnolia/esp-idf/components/heap /home/tikhon/Документы/magnolia/esp-idf/components/http_parser /home/tikhon/Документы/magnolia/esp-idf/components/idf_test /home/tikhon/Документы/magnolia/esp-idf/components/ieee802154 /home/tikhon/Документы/magnolia/esp-idf/components/json /home/tikhon/Документы/magnolia/esp-idf/components/log /home/tikhon/Документы/magnolia/esp-idf/components/lwip /home/tikhon/Документы/magnolia/applets/mainline/wc/main /home/tikhon/Документы/magnolia/esp-idf/components/mbedtls /home/tikhon/Документы/magnolia/esp-idf/components/mqtt /home/tikhon/Документы/magnolia/esp-idf/components/newlib /home/tikhon/Документы/magnolia/esp-idf/components/nvs_flash /home/tikhon/Документы/magnolia/esp-idf/components/nvs_sec_provider /home/tikhon/Документы/magnolia/esp-idf/components/openthread /home/tikhon/Документы/magnolia/esp-idf/components/partition_table /home/tikhon/Документы/magnolia/esp-idf/components/perfmon /home/tikhon/Документы/magnolia/esp-idf/components/protobuf-c /home/tikhon/Документы/magnolia/esp-idf/components/protocomm /home/tikhon/Документы/magnolia/esp-idf/components/pthread /home/tikhon/Документы/magnolia/esp-idf/components/rt /home/tikhon/Документы/magnolia/esp-idf/components/sdmmc /home/tikhon/Документы/magnolia/esp-idf/components/soc /home/tikhon/Документы/magnolia/esp-idf/components/spi_flash /home/tikhon/Документы/magnolia/esp-idf/components/spiffs /home/tikhon/Документы/magnolia/esp-idf/components/tcp_transport /home/tikhon/Документы/magnolia/esp-idf/components/touch_element /home/tikhon/Документы/magnolia/esp-idf/components/ulp /home/tikhon/Документы/magnolia/esp-idf/components/unity /home/tikhon/Документы/magnolia/esp-idf/components/usb /home/tikhon/Документы/magnolia/esp-idf/components/vfs /home/tikhon/Документы/magnolia/esp-idf/components/wear_levelling /home/tikhon/Документы/magnolia/esp-idf/components/wifi_provisioning /home/tikhon/Документы/magnolia/esp-idf/components/wpa_supplicant /home/tikhon/Документы/magnolia/esp-idf/components/xtensa
-- Components: app_trace app_update bootloader bootloader_support bt cmock console cxx driver efuse esp-tls esp_adc esp_app_format esp_bootloader_format esp_coex esp_common esp_driver_ana_cmpr esp_driver_bitscrambler esp_driver_cam esp_driver_dac esp_driver_gpio esp_driver_gptimer esp_driver_i2c esp_driver_i2s esp_driver_i3c esp_driver_isp esp_driver_jpeg esp_driver_ledc esp_driver_mcpwm esp_driver_parlio esp_driver_pcnt esp_driver_ppa esp_driver_rmt esp_driver_sd_intf esp_driver_sdio esp_driver_sdm esp_driver_sdmmc esp_driver_sdspi esp_driver_spi esp_driver_touch_sens esp_driver_tsens esp_driver_twai esp_driver_uart esp_driver_usb_serial_jtag esp_eth esp_event esp_gdbstub esp_hid esp_http_client esp_http_server esp_https_ota esp_https_server esp_hw_support esp_lcd esp_local_ctrl esp_mm esp_netif esp_netif_stack esp_partition esp_phy esp_pm esp_psram esp_ringbuf esp_rom esp_security esp_system esp_timer esp_vfs_console esp_wifi espcoredump esptool_py fatfs freertos hal heap http_parser idf_test ieee802154 json log lwip main mbedtls mqtt newlib nvs_flash nvs_sec_provider openthread partition_table perfmon protobuf-c protocomm pthread rt sdmmc soc spi_flash spiffs tcp_transport touch_element ulp unity usb vfs wear_levelling wifi_provisioning wpa_supplicant xtensa
-- Component paths: /home/tikhon/Документы/magnolia/esp-idf/components/app_trace /home/tikhon/Документы/magnolia/esp-idf/components/app_update /home/tikhon/Документы/magnolia/esp-idf/components/bootloader /home/tikhon/Документы/magnolia/esp-idf/components/bootloader_support /home/tikhon/Документы/magnolia/esp-idf/components/bt /home/tikhon/Документы/magnolia/esp-idf/components/cmock /home/tikhon/Документы/magnolia/esp-idf/components/console /home/tikhon/Документы/magnolia/esp-idf/components/cxx /home/tikhon/Документы/magnolia/esp-idf/components/driver /home/tikhon/Документы/magnolia/esp-idf/components/efuse /home/tikhon/Документы/magnolia/esp-idf/components/esp-tls /home/tikhon/Документы/magnolia/esp-idf/components/esp_adc /home/tikhon/Документы/magnolia/esp-idf/components/esp_app_format /home/tikhon/Документы/magnolia/esp-idf/components/esp_bootloader_format /home/tikhon/Документы/magnolia/esp-idf/components/esp_coex /home/tikhon/Документы/magnolia/esp-idf/components/esp_common /home/tikhon/Документы/magnolia/esp-idf/components/esp_driver_ana_cmpr /home/tikhon/Документы/magnolia/esp-idf/components/esp_driver_bitscrambler /home/tikhon/Документы/magnolia/esp-idf/components/esp_driver_cam /home/tikhon/Документы/magnolia/esp-idf/components/esp_driver_dac /home/tikhon/Документы/magnolia/esp-idf/components/esp_driver_gpio /home/tikhon/Документы/magnolia/esp-idf/components/esp_driver_gptimer /home/tikhon/Документы/magnolia/esp-idf/components/esp_driver_i2c /home/tikhon/Документы/magnolia/esp-idf/components/esp_driver_i2s /home/tikhon/Документы/magnolia/esp-idf/components/esp_driver_i3c /home/tikhon/Документы/magnolia/esp-idf/components/esp_driver_isp /home/tikhon/Документы/magnolia/esp-idf/components/esp_driver_jpeg /home/tikhon/Документы/magnolia/esp-idf/components/esp_driver_ledc /home/tikhon/Документы/magnolia/esp-idf/components/esp_driver_mcpwm /home/tikhon/Документы/magnolia/esp-idf/components/esp_driver_parlio /home/tikhon/Документы/magnolia/esp-idf/components/esp_driver_pcnt /home/tikhon/Документы/magnolia/esp-idf/components/esp_driver_ppa /home/tikhon/Документы/magnolia/esp-idf/components/esp_driver_rmt /home/tikhon/Документы/magnolia/esp-idf/components/esp_driver_sd_intf /home/tikhon/Документы/magnolia/esp-idf/components/esp_driver_sdio /home/tikhon/Документы/magnolia/esp-idf/components/esp_driver_sdm /home/tikhon/Документы/magnolia/esp-idf/components/esp_driver_sdmmc /home/tikhon/Документы/magnolia/esp-idf/components/esp_driver_sdspi /home/tikhon/Документы/magnolia/esp-idf/components/esp_driver_spi /home/tikhon/Документы/magnolia/esp-idf/components/esp_driver_touch_sens /home/tikhon/Документы/magnolia/esp-idf/components/esp_driver_tsens /home/tikhon/Документы/magnolia/esp-idf/components/esp_driver_twai /home/tikhon/Документы/magnolia/esp-idf/components/esp_driver_uart /home/tikhon/Документы/magnolia/esp-idf/components/esp_driver_usb_serial_jtag /home/tikhon/Документы/magnolia/esp-idf/components/esp_eth /home/tikhon/Документы/magnolia/esp-idf/components/esp_event /home/tikhon/Документы/magnolia/esp-idf/components/esp_gdbstub /home/tikhon/Документы/magnolia/esp-idf/components/esp_hid /home/tikhon/Документы/magnolia/esp-idf/components/esp_http_client /home/tikhon/Документы/magnolia/esp-idf/components/esp_http_server /home/tikhon/Документы/magnolia/esp-idf/components/esp_https_ota /home/tikhon/Документы/magnolia/esp-idf/components/esp_https_server /home/tikhon/Документы/magnolia/esp-idf/components/esp_hw_support /home/tikhon/Документы/magnolia/esp-idf/components/esp_lcd /home/tikhon/Документы/magnolia/esp-idf/components/esp_local_ctrl /home/tikhon/Документы/magnolia/esp-idf/components/esp_mm /home/tikhon/Документы/magnolia/esp-idf/components/esp_netif /home/tikhon/Документы/magnolia/esp-idf/components/esp_netif_stack /home/tikhon/Документы/magnolia/esp-idf/components/esp_partition /home/tikhon/Документы/magnolia/esp-idf/components/esp_phy /home/tikhon/Документы/magnolia/esp-idf/components/esp_pm /home/tikhon/Документы/magnolia/esp-idf/components/esp_psram /home/tikhon/Документы/magnolia/esp-idf/components/esp_ringbuf /home/tikhon/Документы/magnolia/esp-idf/components/esp_rom /home/tikhon/Документы/magnolia/esp-idf/components/esp_security /home/tikhon/Документы/magnolia/esp-idf/components/esp_system /home/tikhon/Документы/magnolia/esp-idf/components/esp_timer /home/tikhon/Документы/magnolia/esp-idf/components/esp_vfs_console /home/tikhon/Документы/magnolia/esp-idf/components/esp_wifi /home/tikhon/Документы/magnolia/esp-idf/components/espcoredump /home/tikhon/Документы/magnolia/esp-idf/components/esptool_py /home/tikhon/Документы/magnolia/esp-idf/components/fatfs /home/tikhon/Документы/magnolia/esp-idf/components/freertos /home/tikhon/Документы/magnolia/esp-idf/components/hal /home/tikhon/Документы/magnolia/esp-idf/components/heap /home/tikhon/Документы/magnolia/esp-idf/components/http_parser /home/tikhon/Документы/magnolia/esp-idf/components/idf_test /home/tikhon/Документы/magnolia/esp-idf/components/ieee802154 /home/tikhon/Документы/magnolia/esp-idf/components/json /home/tikhon/Документы/magnolia/esp-idf/components/log /home/tikhon/Документы/magnolia/esp-idf/components/lwip /home/tikhon/Документы/magnolia/applets/mainline/yes/main /home/tikhon/Документы/magnolia/esp-idf/components/mbedtls /home/tikhon/Документы/magnolia/esp-idf/components/mqtt /home/tikhon/Документы/magnolia/esp-idf/components/newlib /home/tikhon/Документы/magnolia/esp-idf/components/nvs_flash /home/tikhon/Документы/magnolia/esp-idf/components/nvs_sec_provider /home/tikhon/Документы/magnolia/esp-idf/components/openthread /home/tikhon/Документы/magnolia/esp-idf/components/partition_table /home/tikhon/Документы/magnolia/esp-idf/components/perfmon /home/tikhon/Документы/magnolia/esp-idf/components/protobuf-c /home/tikhon/Документы/magnolia/esp-idf/components/protocomm /home/tikhon/Документы/magnolia/esp-idf/components/pthread /home/tikhon/Документы/magnolia/esp-idf/components/rt /home/tikhon/Документы/magnolia/esp-idf/components/sdmmc /home/tikhon/Документы/magnolia/esp-idf/components/soc /home/tikhon/Документы/magnolia/esp-idf/components/spi_flash /home/tikhon/Документы/magnolia/esp-idf/components/spiffs /home/tikhon/Документы/magnolia/esp-idf/components/tcp_transport /home/tikhon/Документы/magnolia/esp-idf/components/touch_element /home/tikhon/Документы/magnolia/esp-idf/components/ulp /home/tikhon/Документы/magnolia/esp-idf/components/unity /home/tikhon/Документы/magnolia/esp-idf/components/usb /home/tikhon/Документы/magnolia/esp-idf/components/vfs /home/tikhon/Документы/magnolia/esp-idf/components/wear_levelling /home/tikhon/Документы/magnolia/esp-idf/components/wifi_provisioning /home/tikhon/Документы/magnolia/esp-idf/components/wpa_supplicant /home/tikhon/Документы/magnolia/esp-idf/components/xtensa
-- Configuring done (4.0s)
-- Components: app_trace app_update bootloader bootloader_support bt cmock console cxx driver efuse esp-tls esp_adc esp_app_format esp_bootloader_format esp_coex esp_common esp_driver_ana_cmpr esp_driver_bitscrambler esp_driver_cam esp_driver_dac esp_driver_gpio esp_driver_gptimer esp_driver_i2c esp_driver_i2s esp_driver_i3c esp_driver_isp esp_driver_jpeg esp_driver_ledc esp_driver_mcpwm esp_driver_parlio esp_driver_pcnt esp_driver_ppa esp_driver_rmt esp_driver_sd_intf esp_driver_sdio esp_driver_sdm esp_driver_sdmmc esp_driver_sdspi esp_driver_spi esp_driver_touch_sens esp_driver_tsens esp_driver_twai esp_driver_uart esp_driver_usb_serial_jtag esp_eth esp_event esp_gdbstub esp_hid esp_http_client esp_http_server esp_https_ota esp_https_server esp_hw_support esp_lcd esp_local_ctrl esp_mm esp_netif esp_netif_stack esp_partition esp_phy esp_pm esp_psram esp_ringbuf esp_rom esp_security esp_system esp_timer esp_vfs_console esp_wifi espcoredump esptool_py fatfs freertos hal heap http_parser idf_test ieee802154 json log lwip main mbedtls mqtt newlib nvs_flash nvs_sec_provider openthread partition_table perfmon protobuf-c protocomm pthread rt sdmmc soc spi_flash spiffs tcp_transport touch_element ulp unity usb vfs wear_levelling wifi_provisioning wpa_supplicant xtensa
-- Minimal build - OFF
-- Configuring done (4.0s)
-- Component paths: /home/tikhon/Документы/magnolia/esp-idf/components/app_trace /home/tikhon/Документы/magnolia/esp-idf/components/app_update /home/tikhon/Документы/magnolia/esp-idf/components/bootloader /home/tikhon/Документы/magnolia/esp-idf/components/bootloader_support /home/tikhon/Документы/magnolia/esp-idf/components/bt /home/tikhon/Документы/magnolia/esp-idf/components/cmock /home/tikhon/Документы/magnolia/esp-idf/components/console /home/tikhon/Документы/magnolia/esp-idf/components/cxx /home/tikhon/Документы/magnolia/esp-idf/components/driver /home/tikhon/Документы/magnolia/esp-idf/components/efuse /home/tikhon/Документы/magnolia/esp-idf/components/esp-tls /home/tikhon/Документы/magnolia/esp-idf/components/esp_adc /home/tikhon/Документы/magnolia/esp-idf/components/esp_app_format /home/tikhon/Документы/magnolia/esp-idf/components/esp_bootloader_format /home/tikhon/Документы/magnolia/esp-idf/components/esp_coex /home/tikhon/Документы/magnolia/esp-idf/components/esp_common /home/tikhon/Документы/magnolia/esp-idf/components/esp_driver_ana_cmpr /home/tikhon/Документы/magnolia/esp-idf/components/esp_driver_bitscrambler /home/tikhon/Документы/magnolia/esp-idf/components/esp_driver_cam /home/tikhon/Документы/magnolia/esp-idf/components/esp_driver_dac /home/tikhon/Документы/magnolia/esp-idf/components/esp_driver_gpio /home/tikhon/Документы/magnolia/esp-idf/components/esp_driver_gptimer /home/tikhon/Документы/magnolia/esp-idf/components/esp_driver_i2c /home/tikhon/Документы/magnolia/esp-idf/components/esp_driver_i2s /home/tikhon/Документы/magnolia/esp-idf/components/esp_driver_i3c /home/tikhon/Документы/magnolia/esp-idf/components/esp_driver_isp /home/tikhon/Документы/magnolia/esp-idf/components/esp_driver_jpeg /home/tikhon/Документы/magnolia/esp-idf/components/esp_driver_ledc /home/tikhon/Документы/magnolia/esp-idf/components/esp_driver_mcpwm /home/tikhon/Документы/magnolia/esp-idf/components/esp_driver_parlio /home/tikhon/Документы/magnolia/esp-idf/components/esp_driver_pcnt /home/tikhon/Документы/magnolia/esp-idf/components/esp_driver_ppa /home/tikhon/Документы/magnolia/esp-idf/components/esp_driver_rmt /home/tikhon/Документы/magnolia/esp-idf/components/esp_driver_sd_intf /home/tikhon/Документы/magnolia/esp-idf/components/esp_driver_sdio /home/tikhon/Документы/magnolia/esp-idf/components/esp_driver_sdm /home/tikhon/Документы/magnolia/esp-idf/components/esp_driver_sdmmc /home/tikhon/Документы/magnolia/esp-idf/components/esp_driver_sdspi /home/tikhon/Документы/magnolia/esp-idf/components/esp_driver_spi /home/tikhon/Документы/magnolia/esp-idf/components/esp_driver_touch_sens /home/tikhon/Документы/magnolia/esp-idf/components/esp_driver_tsens /home/tikhon/Документы/magnolia/esp-idf/components/esp_driver_twai /home/tikhon/Документы/magnolia/esp-idf/components/esp_driver_uart /home/tikhon/Документы/magnolia/esp-idf/components/esp_driver_usb_serial_jtag /home/tikhon/Документы/magnolia/esp-idf/components/esp_eth /home/tikhon/Документы/magnolia/esp-idf/components/esp_event /home/tikhon/Документы/magnolia/esp-idf/components/esp_gdbstub /home/tikhon/Документы/magnolia/esp-idf/components/esp_hid /home/tikhon/Документы/magnolia/esp-idf/components/esp_http_client /home/tikhon/Документы/magnolia/esp-idf/components/esp_http_server /home/tikhon/Документы/magnolia/esp-idf/components/esp_https_ota /home/tikhon/Документы/magnolia/esp-idf/components/esp_https_server /home/tikhon/Документы/magnolia/esp-idf/components/esp_hw_support /home/tikhon/Документы/magnolia/esp-idf/components/esp_lcd /home/tikhon/Документы/magnolia/esp-idf/components/esp_local_ctrl /home/tikhon/Документы/magnolia/esp-idf/components/esp_mm /home/tikhon/Документы/magnolia/esp-idf/components/esp_netif /home/tikhon/Документы/magnolia/esp-idf/components/esp_netif_stack /home/tikhon/Документы/magnolia/esp-idf/components/esp_partition /home/tikhon/Документы/magnolia/esp-idf/components/esp_phy /home/tikhon/Документы/magnolia/esp-idf/components/esp_pm /home/tikhon/Документы/magnolia/esp-idf/components/esp_psram /home/tikhon/Документы/magnolia/esp-idf/components/esp_ringbuf /home/tikhon/Документы/magnolia/esp-idf/components/esp_rom /home/tikhon/Документы/magnolia/esp-idf/components/esp_security /home/tikhon/Документы/magnolia/esp-idf/components/esp_system /home/tikhon/Документы/magnolia/esp-idf/components/esp_timer /home/tikhon/Документы/magnolia/esp-idf/components/esp_vfs_console /home/tikhon/Документы/magnolia/esp-idf/components/esp_wifi /home/tikhon/Документы/magnolia/esp-idf/components/espcoredump /home/tikhon/Документы/magnolia/esp-idf/components/esptool_py /home/tikhon/Документы/magnolia/esp-idf/components/fatfs /home/tikhon/Документы/magnolia/esp-idf/components/freertos /home/tikhon/Документы/magnolia/esp-idf/components/hal /home/tikhon/Документы/magnolia/esp-idf/components/heap /home/tikhon/Документы/magnolia/esp-idf/components/http_parser /home/tikhon/Документы/magnolia/esp-idf/components/idf_test /home/tikhon/Документы/magnolia/esp-idf/components/ieee802154 /home/tikhon/Документы/magnolia/esp-idf/components/json /home/tikhon/Документы/magnolia/esp-idf/components/log /home/tikhon/Документы/magnolia/esp-idf/components/lwip /home/tikhon/Документы/magnolia/applets/mainline/uname/main /home/tikhon/Документы/magnolia/esp-idf/components/mbedtls /home/tikhon/Документы/magnolia/esp-idf/components/mqtt /home/tikhon/Документы/magnolia/esp-idf/components/newlib /home/tikhon/Документы/magnolia/esp-idf/components/nvs_flash /home/tikhon/Документы/magnolia/esp-idf/components/nvs_sec_provider /home/tikhon/Документы/magnolia/esp-idf/components/openthread /home/tikhon/Документы/magnolia/esp-idf/components/partition_table /home/tikhon/Документы/magnolia/esp-idf/components/perfmon /home/tikhon/Документы/magnolia/esp-idf/components/protobuf-c /home/tikhon/Документы/magnolia/esp-idf/components/protocomm /home/tikhon/Документы/magnolia/esp-idf/components/pthread /home/tikhon/Документы/magnolia/esp-idf/components/rt /home/tikhon/Документы/magnolia/esp-idf/components/sdmmc /home/tikhon/Документы/magnolia/esp-idf/components/soc /home/tikhon/Документы/magnolia/esp-idf/components/spi_flash /home/tikhon/Документы/magnolia/esp-idf/components/spiffs /home/tikhon/Документы/magnolia/esp-idf/components/tcp_transport /home/tikhon/Документы/magnolia/esp-idf/components/touch_element /home/tikhon/Документы/magnolia/esp-idf/components/ulp /home/tikhon/Документы/magnolia/esp-idf/components/unity /home/tikhon/Документы/magnolia/esp-idf/components/usb /home/tikhon/Документы/magnolia/esp-idf/components/vfs /home/tikhon/Документы/magnolia/esp-idf/components/wear_levelling /home/tikhon/Документы/magnolia/esp-idf/components/wifi_provisioning /home/tikhon/Документы/magnolia/esp-idf/components/wpa_supplicant /home/tikhon/Документы/magnolia/esp-idf/components/xtensa
-- Configuring done (4.1s)
-- USING O3
-- Building ESP-IDF components for target esp32s3
-- USING O3
-- USING O3
-- Components: app_trace app_update bootloader bootloader_support bt cmock console cxx driver efuse esp-tls esp_adc esp_app_format esp_bootloader_format esp_coex esp_common esp_driver_ana_cmpr esp_driver_bitscrambler esp_driver_cam esp_driver_dac esp_driver_gpio esp_driver_gptimer esp_driver_i2c esp_driver_i2s esp_driver_i3c esp_driver_isp esp_driver_jpeg esp_driver_ledc esp_driver_mcpwm esp_driver_parlio esp_driver_pcnt esp_driver_ppa esp_driver_rmt esp_driver_sd_intf esp_driver_sdio esp_driver_sdm esp_driver_sdmmc esp_driver_sdspi esp_driver_spi esp_driver_touch_sens esp_driver_tsens esp_driver_twai esp_driver_uart esp_driver_usb_serial_jtag esp_eth esp_event esp_gdbstub esp_hid esp_http_client esp_http_server esp_https_ota esp_https_server esp_hw_support esp_lcd esp_local_ctrl esp_mm esp_netif esp_netif_stack esp_partition esp_phy esp_pm esp_psram esp_ringbuf esp_rom esp_security esp_system esp_timer esp_vfs_console esp_wifi espcoredump esptool_py fatfs freertos hal heap http_parser idf_test ieee802154 json log lwip main mbedtls mqtt newlib nvs_flash nvs_sec_provider openthread partition_table perfmon protobuf-c protocomm pthread rt sdmmc soc spi_flash spiffs tcp_transport touch_element ulp unity usb vfs wear_levelling wifi_provisioning wpa_supplicant xtensa
-- Adding linker script /home/tikhon/Документы/magnolia/applets/go/godd/build/esp-idf/esp_system/ld/memory.ld
-- Adding linker script /home/tikhon/Документы/magnolia/applets/go/godd/build/esp-idf/esp_system/ld/sections.ld.in
-- Adding linker script /home/tikhon/Документы/magnolia/applets/go/echo/build/esp-idf/esp_system/ld/memory.ld
-- Adding linker script /home/tikhon/Документы/magnolia/applets/go/echo/build/esp-idf/esp_system/ld/sections.ld.in
-- Component paths: /home/tikhon/Документы/magnolia/esp-idf/components/app_trace /home/tikhon/Документы/magnolia/esp-idf/components/app_update /home/tikhon/Документы/magnolia/esp-idf/components/bootloader /home/tikhon/Документы/magnolia/esp-idf/components/bootloader_support /home/tikhon/Документы/magnolia/esp-idf/components/bt /home/tikhon/Документы/magnolia/esp-idf/components/cmock /home/tikhon/Документы/magnolia/esp-idf/components/console /home/tikhon/Документы/magnolia/esp-idf/components/cxx /home/tikhon/Документы/magnolia/esp-idf/components/driver /home/tikhon/Документы/magnolia/esp-idf/components/efuse /home/tikhon/Документы/magnolia/esp-idf/components/esp-tls /home/tikhon/Документы/magnolia/esp-idf/components/esp_adc /home/tikhon/Документы/magnolia/esp-idf/components/esp_app_format /home/tikhon/Документы/magnolia/esp-idf/components/esp_bootloader_format /home/tikhon/Документы/magnolia/esp-idf/components/esp_coex /home/tikhon/Документы/magnolia/esp-idf/components/esp_common /home/tikhon/Документы/magnolia/esp-idf/components/esp_driver_ana_cmpr /home/tikhon/Документы/magnolia/esp-idf/components/esp_driver_bitscrambler /home/tikhon/Документы/magnolia/esp-idf/components/esp_driver_cam /home/tikhon/Документы/magnolia/esp-idf/components/esp_driver_dac /home/tikhon/Документы/magnolia/esp-idf/components/esp_driver_gpio /home/tikhon/Документы/magnolia/esp-idf/components/esp_driver_gptimer /home/tikhon/Документы/magnolia/esp-idf/components/esp_driver_i2c /home/tikhon/Документы/magnolia/esp-idf/components/esp_driver_i2s /home/tikhon/Документы/magnolia/esp-idf/components/esp_driver_i3c /home/tikhon/Документы/magnolia/esp-idf/components/esp_driver_isp /home/tikhon/Документы/magnolia/esp-idf/components/esp_driver_jpeg /home/tikhon/Документы/magnolia/esp-idf/components/esp_driver_ledc /home/tikhon/Документы/magnolia/esp-idf/components/esp_driver_mcpwm /home/tikhon/Документы/magnolia/esp-idf/components/esp_driver_parlio /home/tikhon/Документы/magnolia/esp-idf/components/esp_driver_pcnt /home/tikhon/Документы/magnolia/esp-idf/components/esp_driver_ppa /home/tikhon/Документы/magnolia/esp-idf/components/esp_driver_rmt /home/tikhon/Документы/magnolia/esp-idf/components/esp_driver_sd_intf /home/tikhon/Документы/magnolia/esp-idf/components/esp_driver_sdio /home/tikhon/Документы/magnolia/esp-idf/components/esp_driver_sdm /home/tikhon/Документы/magnolia/esp-idf/components/esp_driver_sdmmc /home/tikhon/Документы/magnolia/esp-idf/components/esp_driver_sdspi /home/tikhon/Документы/magnolia/esp-idf/components/esp_driver_spi /home/tikhon/Документы/magnolia/esp-idf/components/esp_driver_touch_sens /home/tikhon/Документы/magnolia/esp-idf/components/esp_driver_tsens /home/tikhon/Документы/magnolia/esp-idf/components/esp_driver_twai /home/tikhon/Документы/magnolia/esp-idf/components/esp_driver_uart /home/tikhon/Документы/magnolia/esp-idf/components/esp_driver_usb_serial_jtag /home/tikhon/Документы/magnolia/esp-idf/components/esp_eth /home/tikhon/Документы/magnolia/esp-idf/components/esp_event /home/tikhon/Документы/magnolia/esp-idf/components/esp_gdbstub /home/tikhon/Документы/magnolia/esp-idf/components/esp_hid /home/tikhon/Документы/magnolia/esp-idf/components/esp_http_client /home/tikhon/Документы/magnolia/esp-idf/components/esp_http_server /home/tikhon/Документы/magnolia/esp-idf/components/esp_https_ota /home/tikhon/Документы/magnolia/esp-idf/components/esp_https_server /home/tikhon/Документы/magnolia/esp-idf/components/esp_hw_support /home/tikhon/Документы/magnolia/esp-idf/components/esp_lcd /home/tikhon/Документы/magnolia/esp-idf/components/esp_local_ctrl /home/tikhon/Документы/magnolia/esp-idf/components/esp_mm /home/tikhon/Документы/magnolia/esp-idf/components/esp_netif /home/tikhon/Документы/magnolia/esp-idf/components/esp_netif_stack /home/tikhon/Документы/magnolia/esp-idf/components/esp_partition /home/tikhon/Документы/magnolia/esp-idf/components/esp_phy /home/tikhon/Документы/magnolia/esp-idf/components/esp_pm /home/tikhon/Документы/magnolia/esp-idf/components/esp_psram /home/tikhon/Документы/magnolia/esp-idf/components/esp_ringbuf /home/tikhon/Документы/magnolia/esp-idf/components/esp_rom /home/tikhon/Документы/magnolia/esp-idf/components/esp_security /home/tikhon/Документы/magnolia/esp-idf/components/esp_system /home/tikhon/Документы/magnolia/esp-idf/components/esp_timer /home/tikhon/Документы/magnolia/esp-idf/components/esp_vfs_console /home/tikhon/Документы/magnolia/esp-idf/components/esp_wifi /home/tikhon/Документы/magnolia/esp-idf/components/espcoredump /home/tikhon/Документы/magnolia/esp-idf/components/esptool_py /home/tikhon/Документы/magnolia/esp-idf/components/fatfs /home/tikhon/Документы/magnolia/esp-idf/components/freertos /home/tikhon/Документы/magnolia/esp-idf/components/hal /home/tikhon/Документы/magnolia/esp-idf/components/heap /home/tikhon/Документы/magnolia/esp-idf/components/http_parser /home/tikhon/Документы/magnolia/esp-idf/components/idf_test /home/tikhon/Документы/magnolia/esp-idf/components/ieee802154 /home/tikhon/Документы/magnolia/esp-idf/components/json /home/tikhon/Документы/magnolia/esp-idf/components/log /home/tikhon/Документы/magnolia/esp-idf/components/lwip /home/tikhon/Документы/magnolia/applets/mainline/user/main /home/tikhon/Документы/magnolia/esp-idf/components/mbedtls /home/tikhon/Документы/magnolia/esp-idf/components/mqtt /home/tikhon/Документы/magnolia/esp-idf/components/newlib /home/tikhon/Документы/magnolia/esp-idf/components/nvs_flash /home/tikhon/Документы/magnolia/esp-idf/components/nvs_sec_provider /home/tikhon/Документы/magnolia/esp-idf/components/openthread /home/tikhon/Документы/magnolia/esp-idf/components/partition_table /home/tikhon/Документы/magnolia/esp-idf/components/perfmon /home/tikhon/Документы/magnolia/esp-idf/components/protobuf-c /home/tikhon/Документы/magnolia/esp-idf/components/protocomm /home/tikhon/Документы/magnolia/esp-idf/components/pthread /home/tikhon/Документы/magnolia/esp-idf/components/rt /home/tikhon/Документы/magnolia/esp-idf/components/sdmmc /home/tikhon/Документы/magnolia/esp-idf/components/soc /home/tikhon/Документы/magnolia/esp-idf/components/spi_flash /home/tikhon/Документы/magnolia/esp-idf/components/spiffs /home/tikhon/Документы/magnolia/esp-idf/components/tcp_transport /home/tikhon/Документы/magnolia/esp-idf/components/touch_element /home/tikhon/Документы/magnolia/esp-idf/components/ulp /home/tikhon/Документы/magnolia/esp-idf/components/unity /home/tikhon/Документы/magnolia/esp-idf/components/usb /home/tikhon/Документы/magnolia/esp-idf/components/vfs /home/tikhon/Документы/magnolia/esp-idf/components/wear_levelling /home/tikhon/Документы/magnolia/esp-idf/components/wifi_provisioning /home/tikhon/Документы/magnolia/esp-idf/components/wpa_supplicant /home/tikhon/Документы/magnolia/esp-idf/components/xtensa
-- USING O3
-- Adding linker script /home/tikhon/Документы/magnolia/esp-idf/components/esp_rom/esp32s3/ld/esp32s3.rom.ld
-- Adding linker script /home/tikhon/Документы/magnolia/esp-idf/components/esp_rom/esp32s3/ld/esp32s3.rom.api.ld
-- Adding linker script /home/tikhon/Документы/magnolia/esp-idf/components/esp_rom/esp32s3/ld/esp32s3.rom.bt_funcs.ld
-- Configuring done (4.1s)
-- Adding linker script /home/tikhon/Документы/magnolia/esp-idf/components/esp_rom/esp32s3/ld/esp32s3.rom.libgcc.ld
-- Adding linker script /home/tikhon/Документы/magnolia/esp-idf/components/esp_rom/esp32s3/ld/esp32s3.rom.wdt.ld
-- Adding linker script /home/tikhon/Документы/magnolia/esp-idf/components/esp_rom/esp32s3/ld/esp32s3.rom.version.ld
-- Adding linker script /home/tikhon/Документы/magnolia/esp-idf/components/esp_rom/esp32s3/ld/esp32s3.rom.ble_master.ld
-- Adding linker script /home/tikhon/Документы/magnolia/esp-idf/components/esp_rom/esp32s3/ld/esp32s3.rom.ble_50.ld
-- Adding linker script /home/tikhon/Документы/magnolia/esp-idf/components/esp_rom/esp32s3/ld/esp32s3.rom.ble_smp.ld
-- Adding linker script /home/tikhon/Документы/magnolia/esp-idf/components/esp_rom/esp32s3/ld/esp32s3.rom.ble_dtm.ld
-- Adding linker script /home/tikhon/Документы/magnolia/esp-idf/components/esp_rom/esp32s3/ld/esp32s3.rom.ble_test.ld
-- Adding linker script /home/tikhon/Документы/magnolia/esp-idf/components/esp_rom/esp32s3/ld/esp32s3.rom.ble_scan.ld
-- Adding linker script /home/tikhon/Документы/magnolia/esp-idf/components/esp_rom/esp32s3/ld/esp32s3.rom.libc.ld
-- Adding linker script /home/tikhon/Документы/magnolia/esp-idf/components/esp_rom/esp32s3/ld/esp32s3.rom.newlib.ld
-- USING O3
-- Adding linker script /home/tikhon/Документы/magnolia/esp-idf/components/esp_rom/esp32s3/ld/esp32s3.rom.ld
-- Adding linker script /home/tikhon/Документы/magnolia/esp-idf/components/esp_rom/esp32s3/ld/esp32s3.rom.api.ld
-- Adding linker script /home/tikhon/Документы/magnolia/esp-idf/components/esp_rom/esp32s3/ld/esp32s3.rom.bt_funcs.ld
-- Adding linker script /home/tikhon/Документы/magnolia/esp-idf/components/esp_rom/esp32s3/ld/esp32s3.rom.libgcc.ld
-- Adding linker script /home/tikhon/Документы/magnolia/esp-idf/components/esp_rom/esp32s3/ld/esp32s3.rom.wdt.ld
-- Adding linker script /home/tikhon/Документы/magnolia/esp-idf/components/esp_rom/esp32s3/ld/esp32s3.rom.version.ld
-- Adding linker script /home/tikhon/Документы/magnolia/esp-idf/components/esp_rom/esp32s3/ld/esp32s3.rom.ble_master.ld
-- Adding linker script /home/tikhon/Документы/magnolia/esp-idf/components/esp_rom/esp32s3/ld/esp32s3.rom.ble_50.ld
-- Adding linker script /home/tikhon/Документы/magnolia/esp-idf/components/esp_rom/esp32s3/ld/esp32s3.rom.ble_smp.ld
-- Adding linker script /home/tikhon/Документы/magnolia/esp-idf/components/esp_rom/esp32s3/ld/esp32s3.rom.ble_dtm.ld
-- Adding linker script /home/tikhon/Документы/magnolia/esp-idf/components/esp_rom/esp32s3/ld/esp32s3.rom.ble_test.ld
-- Adding linker script /home/tikhon/Документы/magnolia/esp-idf/components/esp_rom/esp32s3/ld/esp32s3.rom.ble_scan.ld
-- Adding linker script /home/tikhon/Документы/magnolia/esp-idf/components/esp_rom/esp32s3/ld/esp32s3.rom.libc.ld
-- Adding linker script /home/tikhon/Документы/magnolia/applets/go/false/build/esp-idf/esp_system/ld/memory.ld
-- Adding linker script /home/tikhon/Документы/magnolia/esp-idf/components/esp_rom/esp32s3/ld/esp32s3.rom.newlib.ld
-- Adding linker script /home/tikhon/Документы/magnolia/applets/go/false/build/esp-idf/esp_system/ld/sections.ld.in
-- Adding linker script /home/tikhon/Документы/magnolia/applets/go/gohexdump/build/esp-idf/esp_system/ld/memory.ld
-- Adding linker script /home/tikhon/Документы/magnolia/applets/go/gohexdump/build/esp-idf/esp_system/ld/sections.ld.in
-- Adding linker script /home/tikhon/Документы/magnolia/esp-idf/components/esp_rom/esp32s3/ld/esp32s3.rom.ld
-- Adding linker script /home/tikhon/Документы/magnolia/esp-idf/components/esp_rom/esp32s3/ld/esp32s3.rom.api.ld
-- Adding linker script /home/tikhon/Документы/magnolia/esp-idf/components/esp_rom/esp32s3/ld/esp32s3.rom.bt_funcs.ld
-- Adding linker script /home/tikhon/Документы/magnolia/esp-idf/components/esp_rom/esp32s3/ld/esp32s3.rom.libgcc.ld
-- Adding linker script /home/tikhon/Документы/magnolia/esp-idf/components/esp_rom/esp32s3/ld/esp32s3.rom.wdt.ld
-- Adding linker script /home/tikhon/Документы/magnolia/esp-idf/components/esp_rom/esp32s3/ld/esp32s3.rom.version.ld
-- Adding linker script /home/tikhon/Документы/magnolia/esp-idf/components/esp_rom/esp32s3/ld/esp32s3.rom.ble_master.ld
-- Adding linker script /home/tikhon/Документы/magnolia/esp-idf/components/esp_rom/esp32s3/ld/esp32s3.rom.ble_50.ld
-- Adding linker script /home/tikhon/Документы/magnolia/esp-idf/components/esp_rom/esp32s3/ld/esp32s3.rom.ble_smp.ld
-- Adding linker script /home/tikhon/Документы/magnolia/esp-idf/components/esp_rom/esp32s3/ld/esp32s3.rom.ble_dtm.ld
-- Adding linker script /home/tikhon/Документы/magnolia/esp-idf/components/esp_rom/esp32s3/ld/esp32s3.rom.ble_test.ld
-- Adding linker script /home/tikhon/Документы/magnolia/esp-idf/components/esp_rom/esp32s3/ld/esp32s3.rom.ble_scan.ld
-- Adding linker script /home/tikhon/Документы/magnolia/esp-idf/components/esp_rom/esp32s3/ld/esp32s3.rom.libc.ld
-- Adding linker script /home/tikhon/Документы/magnolia/esp-idf/components/esp_rom/esp32s3/ld/esp32s3.rom.newlib.ld
-- Adding linker script /home/tikhon/Документы/magnolia/esp-idf/components/soc/esp32s3/ld/esp32s3.peripherals.ld
-- Adding linker script /home/tikhon/Документы/magnolia/applets/go/gohello/build/esp-idf/esp_system/ld/memory.ld
-- Adding linker script /home/tikhon/Документы/magnolia/applets/go/gohello/build/esp-idf/esp_system/ld/sections.ld.in
-- Adding linker script /home/tikhon/Документы/magnolia/esp-idf/components/esp_rom/esp32s3/ld/esp32s3.rom.ld
-- Adding linker script /home/tikhon/Документы/magnolia/esp-idf/components/esp_rom/esp32s3/ld/esp32s3.rom.api.ld
-- Adding linker script /home/tikhon/Документы/magnolia/esp-idf/components/esp_rom/esp32s3/ld/esp32s3.rom.bt_funcs.ld
-- Adding linker script /home/tikhon/Документы/magnolia/esp-idf/components/esp_rom/esp32s3/ld/esp32s3.rom.libgcc.ld
-- Adding linker script /home/tikhon/Документы/magnolia/esp-idf/components/esp_rom/esp32s3/ld/esp32s3.rom.wdt.ld
-- Adding linker script /home/tikhon/Документы/magnolia/esp-idf/components/esp_rom/esp32s3/ld/esp32s3.rom.version.ld
-- Adding linker script /home/tikhon/Документы/magnolia/esp-idf/components/esp_rom/esp32s3/ld/esp32s3.rom.ble_master.ld
-- Adding linker script /home/tikhon/Документы/magnolia/esp-idf/components/esp_rom/esp32s3/ld/esp32s3.rom.ble_50.ld
-- Adding linker script /home/tikhon/Документы/magnolia/esp-idf/components/esp_rom/esp32s3/ld/esp32s3.rom.ble_smp.ld
-- Adding linker script /home/tikhon/Документы/magnolia/esp-idf/components/esp_rom/esp32s3/ld/esp32s3.rom.ble_dtm.ld
-- Adding linker script /home/tikhon/Документы/magnolia/esp-idf/components/esp_rom/esp32s3/ld/esp32s3.rom.ble_test.ld
-- Adding linker script /home/tikhon/Документы/magnolia/esp-idf/components/esp_rom/esp32s3/ld/esp32s3.rom.ble_scan.ld
-- Adding linker script /home/tikhon/Документы/magnolia/esp-idf/components/esp_rom/esp32s3/ld/esp32s3.rom.libc.ld
-- Adding linker script /home/tikhon/Документы/magnolia/esp-idf/components/esp_rom/esp32s3/ld/esp32s3.rom.newlib.ld
-- App "gotest" version: fce3dc6-dirty
-- Adding linker script /home/tikhon/Документы/magnolia/esp-idf/components/esp_rom/esp32s3/ld/esp32s3.rom.ld
-- Adding linker script /home/tikhon/Документы/magnolia/esp-idf/components/esp_rom/esp32s3/ld/esp32s3.rom.api.ld
-- Adding linker script /home/tikhon/Документы/magnolia/esp-idf/components/esp_rom/esp32s3/ld/esp32s3.rom.bt_funcs.ld
-- Adding linker script /home/tikhon/Документы/magnolia/esp-idf/components/esp_rom/esp32s3/ld/esp32s3.rom.libgcc.ld
-- Adding linker script /home/tikhon/Документы/magnolia/esp-idf/components/esp_rom/esp32s3/ld/esp32s3.rom.wdt.ld
-- Adding linker script /home/tikhon/Документы/magnolia/esp-idf/components/esp_rom/esp32s3/ld/esp32s3.rom.version.ld
-- Adding linker script /home/tikhon/Документы/magnolia/esp-idf/components/esp_rom/esp32s3/ld/esp32s3.rom.ble_master.ld
-- Adding linker script /home/tikhon/Документы/magnolia/esp-idf/components/esp_rom/esp32s3/ld/esp32s3.rom.ble_50.ld
-- Adding linker script /home/tikhon/Документы/magnolia/esp-idf/components/esp_rom/esp32s3/ld/esp32s3.rom.ble_smp.ld
-- Adding linker script /home/tikhon/Документы/magnolia/esp-idf/components/esp_rom/esp32s3/ld/esp32s3.rom.ble_dtm.ld
-- Adding linker script /home/tikhon/Документы/magnolia/esp-idf/components/esp_rom/esp32s3/ld/esp32s3.rom.ble_test.ld
-- Adding linker script /home/tikhon/Документы/magnolia/esp-idf/components/soc/esp32s3/ld/esp32s3.peripherals.ld
-- Adding linker script /home/tikhon/Документы/magnolia/esp-idf/components/esp_rom/esp32s3/ld/esp32s3.rom.ble_scan.ld
-- Adding linker script /home/tikhon/Документы/magnolia/esp-idf/components/esp_rom/esp32s3/ld/esp32s3.rom.libc.ld
-- Adding linker script /home/tikhon/Документы/magnolia/esp-idf/components/esp_rom/esp32s3/ld/esp32s3.rom.newlib.ld
-- Adding linker script /home/tikhon/Документы/magnolia/esp-idf/components/soc/esp32s3/ld/esp32s3.peripherals.ld
-- Adding linker script /home/tikhon/Документы/magnolia/esp-idf/components/soc/esp32s3/ld/esp32s3.peripherals.ld
-- Components: app_trace app_update bootloader bootloader_support bt cmock console cxx driver efuse esp-tls esp_adc esp_app_format esp_bootloader_format esp_coex esp_common esp_driver_ana_cmpr esp_driver_bitscrambler esp_driver_cam esp_driver_dac esp_driver_gpio esp_driver_gptimer esp_driver_i2c esp_driver_i2s esp_driver_i3c esp_driver_isp esp_driver_jpeg esp_driver_ledc esp_driver_mcpwm esp_driver_parlio esp_driver_pcnt esp_driver_ppa esp_driver_rmt esp_driver_sd_intf esp_driver_sdio esp_driver_sdm esp_driver_sdmmc esp_driver_sdspi esp_driver_spi esp_driver_touch_sens esp_driver_tsens esp_driver_twai esp_driver_uart esp_driver_usb_serial_jtag esp_eth esp_event esp_gdbstub esp_hid esp_http_client esp_http_server esp_https_ota esp_https_server esp_hw_support esp_lcd esp_local_ctrl esp_mm esp_netif esp_netif_stack esp_partition esp_phy esp_pm esp_psram esp_ringbuf esp_rom esp_security esp_system esp_timer esp_vfs_console esp_wifi espcoredump esptool_py fatfs freertos hal heap http_parser idf_test ieee802154 json log lwip main mbedtls mqtt newlib nvs_flash nvs_sec_provider openthread partition_table perfmon protobuf-c protocomm pthread rt sdmmc soc spi_flash spiffs tcp_transport touch_element ulp unity usb vfs wear_levelling wifi_provisioning wpa_supplicant xtensa
-- Component paths: /home/tikhon/Документы/magnolia/esp-idf/components/app_trace /home/tikhon/Документы/magnolia/esp-idf/components/app_update /home/tikhon/Документы/magnolia/esp-idf/components/bootloader /home/tikhon/Документы/magnolia/esp-idf/components/bootloader_support /home/tikhon/Документы/magnolia/esp-idf/components/bt /home/tikhon/Документы/magnolia/esp-idf/components/cmock /home/tikhon/Документы/magnolia/esp-idf/components/console /home/tikhon/Документы/magnolia/esp-idf/components/cxx /home/tikhon/Документы/magnolia/esp-idf/components/driver /home/tikhon/Документы/magnolia/esp-idf/components/efuse /home/tikhon/Документы/magnolia/esp-idf/components/esp-tls /home/tikhon/Документы/magnolia/esp-idf/components/esp_adc /home/tikhon/Документы/magnolia/esp-idf/components/esp_app_format /home/tikhon/Документы/magnolia/esp-idf/components/esp_bootloader_format /home/tikhon/Документы/magnolia/esp-idf/components/esp_coex /home/tikhon/Документы/magnolia/esp-idf/components/esp_common /home/tikhon/Документы/magnolia/esp-idf/components/esp_driver_ana_cmpr /home/tikhon/Документы/magnolia/esp-idf/components/esp_driver_bitscrambler /home/tikhon/Документы/magnolia/esp-idf/components/esp_driver_cam /home/tikhon/Документы/magnolia/esp-idf/components/esp_driver_dac /home/tikhon/Документы/magnolia/esp-idf/components/esp_driver_gpio /home/tikhon/Документы/magnolia/esp-idf/components/esp_driver_gptimer /home/tikhon/Документы/magnolia/esp-idf/components/esp_driver_i2c /home/tikhon/Документы/magnolia/esp-idf/components/esp_driver_i2s /home/tikhon/Документы/magnolia/esp-idf/components/esp_driver_i3c /home/tikhon/Документы/magnolia/esp-idf/components/esp_driver_isp /home/tikhon/Документы/magnolia/esp-idf/components/esp_driver_jpeg /home/tikhon/Документы/magnolia/esp-idf/components/esp_driver_ledc /home/tikhon/Документы/magnolia/esp-idf/components/esp_driver_mcpwm /home/tikhon/Документы/magnolia/esp-idf/components/esp_driver_parlio /home/tikhon/Документы/magnolia/esp-idf/components/esp_driver_pcnt /home/tikhon/Документы/magnolia/esp-idf/components/esp_driver_ppa /home/tikhon/Документы/magnolia/esp-idf/components/esp_driver_rmt /home/tikhon/Документы/magnolia/esp-idf/components/esp_driver_sd_intf /home/tikhon/Документы/magnolia/esp-idf/components/esp_driver_sdio /home/tikhon/Документы/magnolia/esp-idf/components/esp_driver_sdm /home/tikhon/Документы/magnolia/esp-idf/components/esp_driver_sdmmc /home/tikhon/Документы/magnolia/esp-idf/components/esp_driver_sdspi /home/tikhon/Документы/magnolia/esp-idf/components/esp_driver_spi /home/tikhon/Документы/magnolia/esp-idf/components/esp_driver_touch_sens /home/tikhon/Документы/magnolia/esp-idf/components/esp_driver_tsens /home/tikhon/Документы/magnolia/esp-idf/components/esp_driver_twai /home/tikhon/Документы/magnolia/esp-idf/components/esp_driver_uart /home/tikhon/Документы/magnolia/esp-idf/components/esp_driver_usb_serial_jtag /home/tikhon/Документы/magnolia/esp-idf/components/esp_eth /home/tikhon/Документы/magnolia/esp-idf/components/esp_event /home/tikhon/Документы/magnolia/esp-idf/components/esp_gdbstub /home/tikhon/Документы/magnolia/esp-idf/components/esp_hid /home/tikhon/Документы/magnolia/esp-idf/components/esp_http_client /home/tikhon/Документы/magnolia/esp-idf/components/esp_http_server /home/tikhon/Документы/magnolia/esp-idf/components/esp_https_ota /home/tikhon/Документы/magnolia/esp-idf/components/esp_https_server /home/tikhon/Документы/magnolia/esp-idf/components/esp_hw_support /home/tikhon/Документы/magnolia/esp-idf/components/esp_lcd /home/tikhon/Документы/magnolia/esp-idf/components/esp_local_ctrl /home/tikhon/Документы/magnolia/esp-idf/components/esp_mm /home/tikhon/Документы/magnolia/esp-idf/components/esp_netif /home/tikhon/Документы/magnolia/esp-idf/components/esp_netif_stack /home/tikhon/Документы/magnolia/esp-idf/components/esp_partition /home/tikhon/Документы/magnolia/esp-idf/components/esp_phy /home/tikhon/Документы/magnolia/esp-idf/components/esp_pm /home/tikhon/Документы/magnolia/esp-idf/components/esp_psram /home/tikhon/Документы/magnolia/esp-idf/components/esp_ringbuf /home/tikhon/Документы/magnolia/esp-idf/components/esp_rom /home/tikhon/Документы/magnolia/esp-idf/components/esp_security /home/tikhon/Документы/magnolia/esp-idf/components/esp_system /home/tikhon/Документы/magnolia/esp-idf/components/esp_timer /home/tikhon/Документы/magnolia/esp-idf/components/esp_vfs_console /home/tikhon/Документы/magnolia/esp-idf/components/esp_wifi /home/tikhon/Документы/magnolia/esp-idf/components/espcoredump /home/tikhon/Документы/magnolia/esp-idf/components/esptool_py /home/tikhon/Документы/magnolia/esp-idf/components/fatfs /home/tikhon/Документы/magnolia/esp-idf/components/freertos /home/tikhon/Документы/magnolia/esp-idf/components/hal /home/tikhon/Документы/magnolia/esp-idf/components/heap /home/tikhon/Документы/magnolia/esp-idf/components/http_parser /home/tikhon/Документы/magnolia/esp-idf/components/idf_test /home/tikhon/Документы/magnolia/esp-idf/components/ieee802154 /home/tikhon/Документы/magnolia/esp-idf/components/json /home/tikhon/Документы/magnolia/esp-idf/components/log /home/tikhon/Документы/magnolia/esp-idf/components/lwip /home/tikhon/Документы/magnolia/applets/mainline/unlink/main /home/tikhon/Документы/magnolia/esp-idf/components/mbedtls /home/tikhon/Документы/magnolia/esp-idf/components/mqtt /home/tikhon/Документы/magnolia/esp-idf/components/newlib /home/tikhon/Документы/magnolia/esp-idf/components/nvs_flash /home/tikhon/Документы/magnolia/esp-idf/components/nvs_sec_provider /home/tikhon/Документы/magnolia/esp-idf/components/openthread /home/tikhon/Документы/magnolia/esp-idf/components/partition_table /home/tikhon/Документы/magnolia/esp-idf/components/perfmon /home/tikhon/Документы/magnolia/esp-idf/components/protobuf-c /home/tikhon/Документы/magnolia/esp-idf/components/protocomm /home/tikhon/Документы/magnolia/esp-idf/components/pthread /home/tikhon/Документы/magnolia/esp-idf/components/rt /home/tikhon/Документы/magnolia/esp-idf/components/sdmmc /home/tikhon/Документы/magnolia/esp-idf/components/soc /home/tikhon/Документы/magnolia/esp-idf/components/spi_flash /home/tikhon/Документы/magnolia/esp-idf/components/spiffs /home/tikhon/Документы/magnolia/esp-idf/components/tcp_transport /home/tikhon/Документы/magnolia/esp-idf/components/touch_element /home/tikhon/Документы/magnolia/esp-idf/components/ulp /home/tikhon/Документы/magnolia/esp-idf/components/unity /home/tikhon/Документы/magnolia/esp-idf/components/usb /home/tikhon/Документы/magnolia/esp-idf/components/vfs /home/tikhon/Документы/magnolia/esp-idf/components/wear_levelling /home/tikhon/Документы/magnolia/esp-idf/components/wifi_provisioning /home/tikhon/Документы/magnolia/esp-idf/components/wpa_supplicant /home/tikhon/Документы/magnolia/esp-idf/components/xtensa
-- Adding linker script /home/tikhon/Документы/magnolia/esp-idf/components/soc/esp32s3/ld/esp32s3.peripherals.ld
-- Configuring done (4.2s)
-- USING O3
-- Adding linker script /home/tikhon/Документы/magnolia/applets/go/goargs/build/esp-idf/esp_system/ld/memory.ld
-- Adding linker script /home/tikhon/Документы/magnolia/applets/go/goargs/build/esp-idf/esp_system/ld/sections.ld.in
-- Adding linker script /home/tikhon/Документы/magnolia/esp-idf/components/esp_rom/esp32s3/ld/esp32s3.rom.ld
-- Adding linker script /home/tikhon/Документы/magnolia/esp-idf/components/esp_rom/esp32s3/ld/esp32s3.rom.api.ld
-- Adding linker script /home/tikhon/Документы/magnolia/esp-idf/components/esp_rom/esp32s3/ld/esp32s3.rom.bt_funcs.ld
-- Adding linker script /home/tikhon/Документы/magnolia/esp-idf/components/esp_rom/esp32s3/ld/esp32s3.rom.libgcc.ld
-- Adding linker script /home/tikhon/Документы/magnolia/esp-idf/components/esp_rom/esp32s3/ld/esp32s3.rom.wdt.ld
-- Adding linker script /home/tikhon/Документы/magnolia/esp-idf/components/esp_rom/esp32s3/ld/esp32s3.rom.version.ld
-- Adding linker script /home/tikhon/Документы/magnolia/esp-idf/components/esp_rom/esp32s3/ld/esp32s3.rom.ble_master.ld
-- Adding linker script /home/tikhon/Документы/magnolia/esp-idf/components/esp_rom/esp32s3/ld/esp32s3.rom.ble_50.ld
-- Adding linker script /home/tikhon/Документы/magnolia/esp-idf/components/esp_rom/esp32s3/ld/esp32s3.rom.ble_smp.ld
-- Adding linker script /home/tikhon/Документы/magnolia/esp-idf/components/esp_rom/esp32s3/ld/esp32s3.rom.ble_dtm.ld
-- Adding linker script /home/tikhon/Документы/magnolia/esp-idf/components/esp_rom/esp32s3/ld/esp32s3.rom.ble_test.ld
-- Adding linker script /home/tikhon/Документы/magnolia/esp-idf/components/esp_rom/esp32s3/ld/esp32s3.rom.ble_scan.ld
-- Adding linker script /home/tikhon/Документы/magnolia/esp-idf/components/esp_rom/esp32s3/ld/esp32s3.rom.libc.ld
-- Adding linker script /home/tikhon/Документы/magnolia/esp-idf/components/esp_rom/esp32s3/ld/esp32s3.rom.newlib.ld
-- Adding linker script /home/tikhon/Документы/magnolia/esp-idf/components/soc/esp32s3/ld/esp32s3.peripherals.ld
-- USING O3
-- ELF_LOADER: 1.1.1
-- ELF_LOADER: 1.1.1
-- ELF_LOADER: 1.1.1
-- Adding linker script /home/tikhon/Документы/magnolia/applets/go/gotest/build/esp-idf/esp_system/ld/memory.ld
-- Adding linker script /home/tikhon/Документы/magnolia/applets/go/gotest/build/esp-idf/esp_system/ld/sections.ld.in
-- Components: app_trace app_update bootloader bootloader_support bt cmock console cxx driver efuse esp-tls esp_adc esp_app_format esp_bootloader_format esp_coex esp_common esp_driver_ana_cmpr esp_driver_bitscrambler esp_driver_cam esp_driver_dac esp_driver_gpio esp_driver_gptimer esp_driver_i2c esp_driver_i2s esp_driver_i3c esp_driver_isp esp_driver_jpeg esp_driver_ledc esp_driver_mcpwm esp_driver_parlio esp_driver_pcnt esp_driver_ppa esp_driver_rmt esp_driver_sd_intf esp_driver_sdio esp_driver_sdm esp_driver_sdmmc esp_driver_sdspi esp_driver_spi esp_driver_touch_sens esp_driver_tsens esp_driver_twai esp_driver_uart esp_driver_usb_serial_jtag esp_eth esp_event esp_gdbstub esp_hid esp_http_client esp_http_server esp_https_ota esp_https_server esp_hw_support esp_lcd esp_local_ctrl esp_mm esp_netif esp_netif_stack esp_partition esp_phy esp_pm esp_psram esp_ringbuf esp_rom esp_security esp_system esp_timer esp_vfs_console esp_wifi espcoredump espressif__cmake_utilities espressif__elf_loader esptool_py fatfs freertos hal heap http_parser idf_test ieee802154 json log lwip main mbedtls mqtt newlib nvs_flash nvs_sec_provider openthread partition_table perfmon protobuf-c protocomm pthread rt sdmmc soc spi_flash spiffs tcp_transport touch_element ulp unity usb vfs wear_levelling wifi_provisioning wpa_supplicant xtensa
-- Component paths: /home/tikhon/Документы/magnolia/esp-idf/components/app_trace /home/tikhon/Документы/magnolia/esp-idf/components/app_update /home/tikhon/Документы/magnolia/esp-idf/components/bootloader /home/tikhon/Документы/magnolia/esp-idf/components/bootloader_support /home/tikhon/Документы/magnolia/esp-idf/components/bt /home/tikhon/Документы/magnolia/esp-idf/components/cmock /home/tikhon/Документы/magnolia/esp-idf/components/console /home/tikhon/Документы/magnolia/esp-idf/components/cxx /home/tikhon/Документы/magnolia/esp-idf/components/driver /home/tikhon/Документы/magnolia/esp-idf/components/efuse /home/tikhon/Документы/magnolia/esp-idf/components/esp-tls /home/tikhon/Документы/magnolia/esp-idf/components/esp_adc /home/tikhon/Документы/magnolia/esp-idf/components/esp_app_format /home/tikhon/Документы/magnolia/esp-idf/components/esp_bootloader_format /home/tikhon/Документы/magnolia/esp-idf/components/esp_coex /home/tikhon/Документы/magnolia/esp-idf/components/esp_common /home/tikhon/Документы/magnolia/esp-idf/components/esp_driver_ana_cmpr /home/tikhon/Документы/magnolia/esp-idf/components/esp_driver_bitscrambler /home/tikhon/Документы/magnolia/esp-idf/components/esp_driver_cam /home/tikhon/Документы/magnolia/esp-idf/components/esp_driver_dac /home/tikhon/Документы/magnolia/esp-idf/components/esp_driver_gpio /home/tikhon/Документы/magnolia/esp-idf/components/esp_driver_gptimer /home/tikhon/Документы/magnolia/esp-idf/components/esp_driver_i2c /home/tikhon/Документы/magnolia/esp-idf/components/esp_driver_i2s /home/tikhon/Документы/magnolia/esp-idf/components/esp_driver_i3c /home/tikhon/Документы/magnolia/esp-idf/components/esp_driver_isp /home/tikhon/Документы/magnolia/esp-idf/components/esp_driver_jpeg /home/tikhon/Документы/magnolia/esp-idf/components/esp_driver_ledc /home/tikhon/Документы/magnolia/esp-idf/components/esp_driver_mcpwm /home/tikhon/Документы/magnolia/esp-idf/components/esp_driver_parlio /home/tikhon/Документы/magnolia/esp-idf/components/esp_driver_pcnt /home/tikhon/Документы/magnolia/esp-idf/components/esp_driver_ppa /home/tikhon/Документы/magnolia/esp-idf/components/esp_driver_rmt /home/tikhon/Документы/magnolia/esp-idf/components/esp_driver_sd_intf /home/tikhon/Документы/magnolia/esp-idf/components/esp_driver_sdio /home/tikhon/Документы/magnolia/esp-idf/components/esp_driver_sdm /home/tikhon/Документы/magnolia/esp-idf/components/esp_driver_sdmmc /home/tikhon/Документы/magnolia/esp-idf/components/esp_driver_sdspi /home/tikhon/Документы/magnolia/esp-idf/components/esp_driver_spi /home/tikhon/Документы/magnolia/esp-idf/components/esp_driver_touch_sens /home/tikhon/Документы/magnolia/esp-idf/components/esp_driver_tsens /home/tikhon/Документы/magnolia/esp-idf/components/esp_driver_twai /home/tikhon/Документы/magnolia/esp-idf/components/esp_driver_uart /home/tikhon/Документы/magnolia/esp-idf/components/esp_driver_usb_serial_jtag /home/tikhon/Документы/magnolia/esp-idf/components/esp_eth /home/tikhon/Документы/magnolia/esp-idf/components/esp_event /home/tikhon/Документы/magnolia/esp-idf/components/esp_gdbstub /home/tikhon/Документы/magnolia/esp-idf/components/esp_hid /home/tikhon/Документы/magnolia/esp-idf/components/esp_http_client /home/tikhon/Документы/magnolia/esp-idf/components/esp_http_server /home/tikhon/Документы/magnolia/esp-idf/components/esp_https_ota /home/tikhon/Документы/magnolia/esp-idf/components/esp_https_server /home/tikhon/Документы/magnolia/esp-idf/components/esp_hw_support /home/tikhon/Документы/magnolia/esp-idf/components/esp_lcd /home/tikhon/Документы/magnolia/esp-idf/components/esp_local_ctrl /home/tikhon/Документы/magnolia/esp-idf/components/esp_mm /home/tikhon/Документы/magnolia/esp-idf/components/esp_netif /home/tikhon/Документы/magnolia/esp-idf/components/esp_netif_stack /home/tikhon/Документы/magnolia/esp-idf/components/esp_partition /home/tikhon/Документы/magnolia/esp-idf/components/esp_phy /home/tikhon/Документы/magnolia/esp-idf/components/esp_pm /home/tikhon/Документы/magnolia/esp-idf/components/esp_psram /home/tikhon/Документы/magnolia/esp-idf/components/esp_ringbuf /home/tikhon/Документы/magnolia/esp-idf/components/esp_rom /home/tikhon/Документы/magnolia/esp-idf/components/esp_security /home/tikhon/Документы/magnolia/esp-idf/components/esp_system /home/tikhon/Документы/magnolia/esp-idf/components/esp_timer /home/tikhon/Документы/magnolia/esp-idf/components/esp_vfs_console /home/tikhon/Документы/magnolia/esp-idf/components/esp_wifi /home/tikhon/Документы/magnolia/esp-idf/components/espcoredump /home/tikhon/Документы/magnolia/applets/mainline/xxd/managed_components/espressif__cmake_utilities /home/tikhon/Документы/magnolia/applets/mainline/xxd/managed_components/espressif__elf_loader /home/tikhon/Документы/magnolia/esp-idf/components/esptool_py /home/tikhon/Документы/magnolia/esp-idf/components/fatfs /home/tikhon/Документы/magnolia/esp-idf/components/freertos /home/tikhon/Документы/magnolia/esp-idf/components/hal /home/tikhon/Документы/magnolia/esp-idf/components/heap /home/tikhon/Документы/magnolia/esp-idf/components/http_parser /home/tikhon/Документы/magnolia/esp-idf/components/idf_test /home/tikhon/Документы/magnolia/esp-idf/components/ieee802154 /home/tikhon/Документы/magnolia/esp-idf/components/json /home/tikhon/Документы/magnolia/esp-idf/components/log /home/tikhon/Документы/magnolia/esp-idf/components/lwip /home/tikhon/Документы/magnolia/applets/mainline/xxd/main /home/tikhon/Документы/magnolia/esp-idf/components/mbedtls /home/tikhon/Документы/magnolia/esp-idf/components/mqtt /home/tikhon/Документы/magnolia/esp-idf/components/newlib /home/tikhon/Документы/magnolia/esp-idf/components/nvs_flash /home/tikhon/Документы/magnolia/esp-idf/components/nvs_sec_provider /home/tikhon/Документы/magnolia/esp-idf/components/openthread /home/tikhon/Документы/magnolia/esp-idf/components/partition_table /home/tikhon/Документы/magnolia/esp-idf/components/perfmon /home/tikhon/Документы/magnolia/esp-idf/components/protobuf-c /home/tikhon/Документы/magnolia/esp-idf/components/protocomm /home/tikhon/Документы/magnolia/esp-idf/components/pthread /home/tikhon/Документы/magnolia/esp-idf/components/rt /home/tikhon/Документы/magnolia/esp-idf/components/sdmmc /home/tikhon/Документы/magnolia/esp-idf/components/soc /home/tikhon/Документы/magnolia/esp-idf/components/spi_flash /home/tikhon/Документы/magnolia/esp-idf/components/spiffs /home/tikhon/Документы/magnolia/esp-idf/components/tcp_transport /home/tikhon/Документы/magnolia/esp-idf/components/touch_element /home/tikhon/Документы/magnolia/esp-idf/components/ulp /home/tikhon/Документы/magnolia/esp-idf/components/unity /home/tikhon/Документы/magnolia/esp-idf/components/usb /home/tikhon/Документы/magnolia/esp-idf/components/vfs /home/tikhon/Документы/magnolia/esp-idf/components/wear_levelling /home/tikhon/Документы/magnolia/esp-idf/components/wifi_provisioning /home/tikhon/Документы/magnolia/esp-idf/components/wpa_supplicant /home/tikhon/Документы/magnolia/esp-idf/components/xtensa
-- ELF_LOADER: 1.1.1
-- Adding linker script /home/tikhon/Документы/magnolia/esp-idf/components/esp_rom/esp32s3/ld/esp32s3.rom.ld
-- Adding linker script /home/tikhon/Документы/magnolia/esp-idf/components/esp_rom/esp32s3/ld/esp32s3.rom.api.ld
-- Adding linker script /home/tikhon/Документы/magnolia/esp-idf/components/esp_rom/esp32s3/ld/esp32s3.rom.bt_funcs.ld
-- Adding linker script /home/tikhon/Документы/magnolia/esp-idf/components/esp_rom/esp32s3/ld/esp32s3.rom.libgcc.ld
-- Adding linker script /home/tikhon/Документы/magnolia/esp-idf/components/esp_rom/esp32s3/ld/esp32s3.rom.wdt.ld
-- Adding linker script /home/tikhon/Документы/magnolia/esp-idf/components/esp_rom/esp32s3/ld/esp32s3.rom.version.ld
-- Adding linker script /home/tikhon/Документы/magnolia/esp-idf/components/esp_rom/esp32s3/ld/esp32s3.rom.ble_master.ld
-- Adding linker script /home/tikhon/Документы/magnolia/esp-idf/components/esp_rom/esp32s3/ld/esp32s3.rom.ble_50.ld
-- Adding linker script /home/tikhon/Документы/magnolia/esp-idf/components/esp_rom/esp32s3/ld/esp32s3.rom.ble_smp.ld
-- Adding linker script /home/tikhon/Документы/magnolia/esp-idf/components/esp_rom/esp32s3/ld/esp32s3.rom.ble_dtm.ld
-- Adding linker script /home/tikhon/Документы/magnolia/esp-idf/components/esp_rom/esp32s3/ld/esp32s3.rom.ble_test.ld
-- Adding linker script /home/tikhon/Документы/magnolia/esp-idf/components/esp_rom/esp32s3/ld/esp32s3.rom.ble_scan.ld
-- Adding linker script /home/tikhon/Документы/magnolia/esp-idf/components/esp_rom/esp32s3/ld/esp32s3.rom.libc.ld
-- Adding linker script /home/tikhon/Документы/magnolia/esp-idf/components/esp_rom/esp32s3/ld/esp32s3.rom.newlib.ld
-- Configuring done (4.4s)
-- Adding linker script /home/tikhon/Документы/magnolia/esp-idf/components/soc/esp32s3/ld/esp32s3.peripherals.ld
-- ELF_LOADER: 1.1.1
-- Generating done (0.5s)
-- ELF_LOADER: 1.1.1
-- Build files have been written to: /home/tikhon/Документы/magnolia/applets/mainline/true/build
-- Generating done (0.5s)
-- Generating done (0.5s)
-- Build files have been written to: /home/tikhon/Документы/magnolia/applets/mainline/wc/build
-- Build files have been written to: /home/tikhon/Документы/magnolia/applets/mainline/vi/build
-- Generating done (0.5s)
-- Build files have been written to: /home/tikhon/Документы/magnolia/applets/mainline/uname/build
-- Generating done (0.5s)
-- Build files have been written to: /home/tikhon/Документы/magnolia/applets/mainline/yes/build
-- Generating done (0.5s)
-- Build files have been written to: /home/tikhon/Документы/magnolia/applets/mainline/user/build
[1/4] Building C object esp-idf/esp_app_format/CMakeFiles/__idf_esp_app_format.dir/esp_app_desc.c.obj
-- ELF_LOADER: 1.1.1
[1/4] Building C object esp-idf/esp_app_format/CMakeFiles/__idf_esp_app_format.dir/esp_app_desc.c.obj
[2/4] Linking C static library esp-idf/esp_app_format/libesp_app_format.a
[2/4] Linking C static library esp-idf/esp_app_format/libesp_app_format.a
NOTICE: Processing 3 dependencies:
NOTICE: [1/3] espressif/cmake_utilities (0.5.3)
NOTICE: [2/3] espressif/elf_loader (1.1.1)
[3/4] Build ELF: true.app.elf
[1/4] Building C object esp-idf/esp_app_format/CMakeFiles/__idf_esp_app_format.dir/esp_app_desc.c.obj
NOTICE: [3/3] idf (6.0.0)
-- Components: app_trace app_update bootloader bootloader_support bt cmock console cxx driver efuse esp-tls esp_adc esp_app_format esp_bootloader_format esp_coex esp_common esp_driver_ana_cmpr esp_driver_bitscrambler esp_driver_cam esp_driver_dac esp_driver_gpio esp_driver_gptimer esp_driver_i2c esp_driver_i2s esp_driver_i3c esp_driver_isp esp_driver_jpeg esp_driver_ledc esp_driver_mcpwm esp_driver_parlio esp_driver_pcnt esp_driver_ppa esp_driver_rmt esp_driver_sd_intf esp_driver_sdio esp_driver_sdm esp_driver_sdmmc esp_driver_sdspi esp_driver_spi esp_driver_touch_sens esp_driver_tsens esp_driver_twai esp_driver_uart esp_driver_usb_serial_jtag esp_eth esp_event esp_gdbstub esp_hid esp_http_client esp_http_server esp_https_ota esp_https_server esp_hw_support esp_lcd esp_local_ctrl esp_mm esp_netif esp_netif_stack esp_partition esp_phy esp_pm esp_psram esp_ringbuf esp_rom esp_security esp_system esp_timer esp_vfs_console esp_wifi espcoredump espressif__cmake_utilities espressif__elf_loader esptool_py fatfs freertos hal heap http_parser idf_test ieee802154 json log lwip main mbedtls mqtt newlib nvs_flash nvs_sec_provider openthread partition_table perfmon protobuf-c protocomm pthread rt sdmmc soc spi_flash spiffs tcp_transport touch_element ulp unity usb vfs wear_levelling wifi_provisioning wpa_supplicant xtensa
-- Component paths: /home/tikhon/Документы/magnolia/esp-idf/components/app_trace /home/tikhon/Документы/magnolia/esp-idf/components/app_update /home/tikhon/Документы/magnolia/esp-idf/components/bootloader /home/tikhon/Документы/magnolia/esp-idf/components/bootloader_support /home/tikhon/Документы/magnolia/esp-idf/components/bt /home/tikhon/Документы/magnolia/esp-idf/components/cmock /home/tikhon/Документы/magnolia/esp-idf/components/console /home/tikhon/Документы/magnolia/esp-idf/components/cxx /home/tikhon/Документы/magnolia/esp-idf/components/driver /home/tikhon/Документы/magnolia/esp-idf/components/efuse /home/tikhon/Документы/magnolia/esp-idf/components/esp-tls /home/tikhon/Документы/magnolia/esp-idf/components/esp_adc /home/tikhon/Документы/magnolia/esp-idf/components/esp_app_format /home/tikhon/Документы/magnolia/esp-idf/components/esp_bootloader_format /home/tikhon/Документы/magnolia/esp-idf/components/esp_coex /home/tikhon/Документы/magnolia/esp-idf/components/esp_common /home/tikhon/Документы/magnolia/esp-idf/components/esp_driver_ana_cmpr /home/tikhon/Документы/magnolia/esp-idf/components/esp_driver_bitscrambler /home/tikhon/Документы/magnolia/esp-idf/components/esp_driver_cam /home/tikhon/Документы/magnolia/esp-idf/components/esp_driver_dac /home/tikhon/Документы/magnolia/esp-idf/components/esp_driver_gpio /home/tikhon/Документы/magnolia/esp-idf/components/esp_driver_gptimer /home/tikhon/Документы/magnolia/esp-idf/components/esp_driver_i2c /home/tikhon/Документы/magnolia/esp-idf/components/esp_driver_i2s /home/tikhon/Документы/magnolia/esp-idf/components/esp_driver_i3c /home/tikhon/Документы/magnolia/esp-idf/components/esp_driver_isp /home/tikhon/Документы/magnolia/esp-idf/components/esp_driver_jpeg /home/tikhon/Документы/magnolia/esp-idf/components/esp_driver_ledc /home/tikhon/Документы/magnolia/esp-idf/components/esp_driver_mcpwm /home/tikhon/Документы/magnolia/esp-idf/components/esp_driver_parlio /home/tikhon/Документы/magnolia/esp-idf/components/esp_driver_pcnt /home/tikhon/Документы/magnolia/esp-idf/components/esp_driver_ppa /home/tikhon/Документы/magnolia/esp-idf/components/esp_driver_rmt /home/tikhon/Документы/magnolia/esp-idf/components/esp_driver_sd_intf /home/tikhon/Документы/magnolia/esp-idf/components/esp_driver_sdio /home/tikhon/Документы/magnolia/esp-idf/components/esp_driver_sdm /home/tikhon/Документы/magnolia/esp-idf/components/esp_driver_sdmmc /home/tikhon/Документы/magnolia/esp-idf/components/esp_driver_sdspi /home/tikhon/Документы/magnolia/esp-idf/components/esp_driver_spi /home/tikhon/Документы/magnolia/esp-idf/components/esp_driver_touch_sens /home/tikhon/Документы/magnolia/esp-idf/components/esp_driver_tsens /home/tikhon/Документы/magnolia/esp-idf/components/esp_driver_twai /home/tikhon/Документы/magnolia/esp-idf/components/esp_driver_uart /home/tikhon/Документы/magnolia/esp-idf/components/esp_driver_usb_serial_jtag /home/tikhon/Документы/magnolia/esp-idf/components/esp_eth /home/tikhon/Документы/magnolia/esp-idf/components/esp_event /home/tikhon/Документы/magnolia/esp-idf/components/esp_gdbstub /home/tikhon/Документы/magnolia/esp-idf/components/esp_hid /home/tikhon/Документы/magnolia/esp-idf/components/esp_http_client /home/tikhon/Документы/magnolia/esp-idf/components/esp_http_server /home/tikhon/Документы/magnolia/esp-idf/components/esp_https_ota /home/tikhon/Документы/magnolia/esp-idf/components/esp_https_server /home/tikhon/Документы/magnolia/esp-idf/components/esp_hw_support /home/tikhon/Документы/magnolia/esp-idf/components/esp_lcd /home/tikhon/Документы/magnolia/esp-idf/components/esp_local_ctrl /home/tikhon/Документы/magnolia/esp-idf/components/esp_mm /home/tikhon/Документы/magnolia/esp-idf/components/esp_netif /home/tikhon/Документы/magnolia/esp-idf/components/esp_netif_stack /home/tikhon/Документы/magnolia/esp-idf/components/esp_partition /home/tikhon/Документы/magnolia/esp-idf/components/esp_phy /home/tikhon/Документы/magnolia/esp-idf/components/esp_pm /home/tikhon/Документы/magnolia/esp-idf/components/esp_psram /home/tikhon/Документы/magnolia/esp-idf/components/esp_ringbuf /home/tikhon/Документы/magnolia/esp-idf/components/esp_rom /home/tikhon/Документы/magnolia/esp-idf/components/esp_security /home/tikhon/Документы/magnolia/esp-idf/components/esp_system /home/tikhon/Документы/magnolia/esp-idf/components/esp_timer /home/tikhon/Документы/magnolia/esp-idf/components/esp_vfs_console /home/tikhon/Документы/magnolia/esp-idf/components/esp_wifi /home/tikhon/Документы/magnolia/esp-idf/components/espcoredump /home/tikhon/Документы/magnolia/applets/go/false/managed_components/espressif__cmake_utilities /home/tikhon/Документы/magnolia/applets/go/false/managed_components/espressif__elf_loader /home/tikhon/Документы/magnolia/esp-idf/components/esptool_py /home/tikhon/Документы/magnolia/esp-idf/components/fatfs /home/tikhon/Документы/magnolia/esp-idf/components/freertos /home/tikhon/Документы/magnolia/esp-idf/components/hal /home/tikhon/Документы/magnolia/esp-idf/components/heap /home/tikhon/Документы/magnolia/esp-idf/components/http_parser /home/tikhon/Документы/magnolia/esp-idf/components/idf_test /home/tikhon/Документы/magnolia/esp-idf/components/ieee802154 /home/tikhon/Документы/magnolia/esp-idf/components/json /home/tikhon/Документы/magnolia/esp-idf/components/log /home/tikhon/Документы/magnolia/esp-idf/components/lwip /home/tikhon/Документы/magnolia/applets/go/false/main /home/tikhon/Документы/magnolia/esp-idf/components/mbedtls /home/tikhon/Документы/magnolia/esp-idf/components/mqtt /home/tikhon/Документы/magnolia/esp-idf/components/newlib /home/tikhon/Документы/magnolia/esp-idf/components/nvs_flash /home/tikhon/Документы/magnolia/esp-idf/components/nvs_sec_provider /home/tikhon/Документы/magnolia/esp-idf/components/openthread /home/tikhon/Документы/magnolia/esp-idf/components/partition_table /home/tikhon/Документы/magnolia/esp-idf/components/perfmon /home/tikhon/Документы/magnolia/esp-idf/components/protobuf-c /home/tikhon/Документы/magnolia/esp-idf/components/protocomm /home/tikhon/Документы/magnolia/esp-idf/components/pthread /home/tikhon/Документы/magnolia/esp-idf/components/rt /home/tikhon/Документы/magnolia/esp-idf/components/sdmmc /home/tikhon/Документы/magnolia/esp-idf/components/soc /home/tikhon/Документы/magnolia/esp-idf/components/spi_flash /home/tikhon/Документы/magnolia/esp-idf/components/spiffs /home/tikhon/Документы/magnolia/esp-idf/components/tcp_transport /home/tikhon/Документы/magnolia/esp-idf/components/touch_element /home/tikhon/Документы/magnolia/esp-idf/components/ulp /home/tikhon/Документы/magnolia/esp-idf/components/unity /home/tikhon/Документы/magnolia/esp-idf/components/usb /home/tikhon/Документы/magnolia/esp-idf/components/vfs /home/tikhon/Документы/magnolia/esp-idf/components/wear_levelling /home/tikhon/Документы/magnolia/esp-idf/components/wifi_provisioning /home/tikhon/Документы/magnolia/esp-idf/components/wpa_supplicant /home/tikhon/Документы/magnolia/esp-idf/components/xtensa
-- Generating done (0.5s)
[2/4] Linking C static library esp-idf/esp_app_format/libesp_app_format.a
[3/4] Build ELF: vi.app.elf
-- Components: app_trace app_update bootloader bootloader_support bt cmock console cxx driver efuse esp-tls esp_adc esp_app_format esp_bootloader_format esp_coex esp_common esp_driver_ana_cmpr esp_driver_bitscrambler esp_driver_cam esp_driver_dac esp_driver_gpio esp_driver_gptimer esp_driver_i2c esp_driver_i2s esp_driver_i3c esp_driver_isp esp_driver_jpeg esp_driver_ledc esp_driver_mcpwm esp_driver_parlio esp_driver_pcnt esp_driver_ppa esp_driver_rmt esp_driver_sd_intf esp_driver_sdio esp_driver_sdm esp_driver_sdmmc esp_driver_sdspi esp_driver_spi esp_driver_touch_sens esp_driver_tsens esp_driver_twai esp_driver_uart esp_driver_usb_serial_jtag esp_eth esp_event esp_gdbstub esp_hid esp_http_client esp_http_server esp_https_ota esp_https_server esp_hw_support esp_lcd esp_local_ctrl esp_mm esp_netif esp_netif_stack esp_partition esp_phy esp_pm esp_psram esp_ringbuf esp_rom esp_security esp_system esp_timer esp_vfs_console esp_wifi espcoredump espressif__cmake_utilities espressif__elf_loader esptool_py fatfs freertos hal heap http_parser idf_test ieee802154 json log lwip main mbedtls mqtt newlib nvs_flash nvs_sec_provider openthread partition_table perfmon protobuf-c protocomm pthread rt sdmmc soc spi_flash spiffs tcp_transport touch_element ulp unity usb vfs wear_levelling wifi_provisioning wpa_supplicant xtensa
-- Component paths: /home/tikhon/Документы/magnolia/esp-idf/components/app_trace /home/tikhon/Документы/magnolia/esp-idf/components/app_update /home/tikhon/Документы/magnolia/esp-idf/components/bootloader /home/tikhon/Документы/magnolia/esp-idf/components/bootloader_support /home/tikhon/Документы/magnolia/esp-idf/components/bt /home/tikhon/Документы/magnolia/esp-idf/components/cmock /home/tikhon/Документы/magnolia/esp-idf/components/console /home/tikhon/Документы/magnolia/esp-idf/components/cxx /home/tikhon/Документы/magnolia/esp-idf/components/driver /home/tikhon/Документы/magnolia/esp-idf/components/efuse /home/tikhon/Документы/magnolia/esp-idf/components/esp-tls /home/tikhon/Документы/magnolia/esp-idf/components/esp_adc /home/tikhon/Документы/magnolia/esp-idf/components/esp_app_format /home/tikhon/Документы/magnolia/esp-idf/components/esp_bootloader_format /home/tikhon/Документы/magnolia/esp-idf/components/esp_coex /home/tikhon/Документы/magnolia/esp-idf/components/esp_common /home/tikhon/Документы/magnolia/esp-idf/components/esp_driver_ana_cmpr /home/tikhon/Документы/magnolia/esp-idf/components/esp_driver_bitscrambler /home/tikhon/Документы/magnolia/esp-idf/components/esp_driver_cam /home/tikhon/Документы/magnolia/esp-idf/components/esp_driver_dac /home/tikhon/Документы/magnolia/esp-idf/components/esp_driver_gpio /home/tikhon/Документы/magnolia/esp-idf/components/esp_driver_gptimer /home/tikhon/Документы/magnolia/esp-idf/components/esp_driver_i2c /home/tikhon/Документы/magnolia/esp-idf/components/esp_driver_i2s /home/tikhon/Документы/magnolia/esp-idf/components/esp_driver_i3c /home/tikhon/Документы/magnolia/esp-idf/components/esp_driver_isp /home/tikhon/Документы/magnolia/esp-idf/components/esp_driver_jpeg /home/tikhon/Документы/magnolia/esp-idf/components/esp_driver_ledc /home/tikhon/Документы/magnolia/esp-idf/components/esp_driver_mcpwm /home/tikhon/Документы/magnolia/esp-idf/components/esp_driver_parlio /home/tikhon/Документы/magnolia/esp-idf/components/esp_driver_pcnt /home/tikhon/Документы/magnolia/esp-idf/components/esp_driver_ppa /home/tikhon/Документы/magnolia/esp-idf/components/esp_driver_rmt /home/tikhon/Документы/magnolia/esp-idf/components/esp_driver_sd_intf /home/tikhon/Документы/magnolia/esp-idf/components/esp_driver_sdio /home/tikhon/Документы/magnolia/esp-idf/components/esp_driver_sdm /home/tikhon/Документы/magnolia/esp-idf/components/esp_driver_sdmmc /home/tikhon/Документы/magnolia/esp-idf/components/esp_driver_sdspi /home/tikhon/Документы/magnolia/esp-idf/components/esp_driver_spi /home/tikhon/Документы/magnolia/esp-idf/components/esp_driver_touch_sens /home/tikhon/Документы/magnolia/esp-idf/components/esp_driver_tsens /home/tikhon/Документы/magnolia/esp-idf/components/esp_driver_twai /home/tikhon/Документы/magnolia/esp-idf/components/esp_driver_uart /home/tikhon/Документы/magnolia/esp-idf/components/esp_driver_usb_serial_jtag /home/tikhon/Документы/magnolia/esp-idf/components/esp_eth /home/tikhon/Документы/magnolia/esp-idf/components/esp_event /home/tikhon/Документы/magnolia/esp-idf/components/esp_gdbstub /home/tikhon/Документы/magnolia/esp-idf/components/esp_hid /home/tikhon/Документы/magnolia/esp-idf/components/esp_http_client /home/tikhon/Документы/magnolia/esp-idf/components/esp_http_server /home/tikhon/Документы/magnolia/esp-idf/components/esp_https_ota /home/tikhon/Документы/magnolia/esp-idf/components/esp_https_server /home/tikhon/Документы/magnolia/esp-idf/components/esp_hw_support /home/tikhon/Документы/magnolia/esp-idf/components/esp_lcd /home/tikhon/Документы/magnolia/esp-idf/components/esp_local_ctrl /home/tikhon/Документы/magnolia/esp-idf/components/esp_mm /home/tikhon/Документы/magnolia/esp-idf/components/esp_netif /home/tikhon/Документы/magnolia/esp-idf/components/esp_netif_stack /home/tikhon/Документы/magnolia/esp-idf/components/esp_partition /home/tikhon/Документы/magnolia/esp-idf/components/esp_phy /home/tikhon/Документы/magnolia/esp-idf/components/esp_pm /home/tikhon/Документы/magnolia/esp-idf/components/esp_psram /home/tikhon/Документы/magnolia/esp-idf/components/esp_ringbuf /home/tikhon/Документы/magnolia/esp-idf/components/esp_rom /home/tikhon/Документы/magnolia/esp-idf/components/esp_security /home/tikhon/Документы/magnolia/esp-idf/components/esp_system /home/tikhon/Документы/magnolia/esp-idf/components/esp_timer /home/tikhon/Документы/magnolia/esp-idf/components/esp_vfs_console /home/tikhon/Документы/magnolia/esp-idf/components/esp_wifi /home/tikhon/Документы/magnolia/esp-idf/components/espcoredump /home/tikhon/Документы/magnolia/applets/go/godd/managed_components/espressif__cmake_utilities /home/tikhon/Документы/magnolia/applets/go/godd/managed_components/espressif__elf_loader /home/tikhon/Документы/magnolia/esp-idf/components/esptool_py /home/tikhon/Документы/magnolia/esp-idf/components/fatfs /home/tikhon/Документы/magnolia/esp-idf/components/freertos /home/tikhon/Документы/magnolia/esp-idf/components/hal /home/tikhon/Документы/magnolia/esp-idf/components/heap /home/tikhon/Документы/magnolia/esp-idf/components/http_parser /home/tikhon/Документы/magnolia/esp-idf/components/idf_test /home/tikhon/Документы/magnolia/esp-idf/components/ieee802154 /home/tikhon/Документы/magnolia/esp-idf/components/json /home/tikhon/Документы/magnolia/esp-idf/components/log /home/tikhon/Документы/magnolia/esp-idf/components/lwip /home/tikhon/Документы/magnolia/applets/go/godd/main /home/tikhon/Документы/magnolia/esp-idf/components/mbedtls /home/tikhon/Документы/magnolia/esp-idf/components/mqtt /home/tikhon/Документы/magnolia/esp-idf/components/newlib /home/tikhon/Документы/magnolia/esp-idf/components/nvs_flash /home/tikhon/Документы/magnolia/esp-idf/components/nvs_sec_provider /home/tikhon/Документы/magnolia/esp-idf/components/openthread /home/tikhon/Документы/magnolia/esp-idf/components/partition_table /home/tikhon/Документы/magnolia/esp-idf/components/perfmon /home/tikhon/Документы/magnolia/esp-idf/components/protobuf-c /home/tikhon/Документы/magnolia/esp-idf/components/protocomm /home/tikhon/Документы/magnolia/esp-idf/components/pthread /home/tikhon/Документы/magnolia/esp-idf/components/rt /home/tikhon/Документы/magnolia/esp-idf/components/sdmmc /home/tikhon/Документы/magnolia/esp-idf/components/soc /home/tikhon/Документы/magnolia/esp-idf/components/spi_flash /home/tikhon/Документы/magnolia/esp-idf/components/spiffs /home/tikhon/Документы/magnolia/esp-idf/components/tcp_transport /home/tikhon/Документы/magnolia/esp-idf/components/touch_element /home/tikhon/Документы/magnolia/esp-idf/components/ulp /home/tikhon/Документы/magnolia/esp-idf/components/unity /home/tikhon/Документы/magnolia/esp-idf/components/usb /home/tikhon/Документы/magnolia/esp-idf/components/vfs /home/tikhon/Документы/magnolia/esp-idf/components/wear_levelling /home/tikhon/Документы/magnolia/esp-idf/components/wifi_provisioning /home/tikhon/Документы/magnolia/esp-idf/components/wpa_supplicant /home/tikhon/Документы/magnolia/esp-idf/components/xtensa
-- Configuring done (4.7s)
[3/4] Build ELF: wc.app.elf
-- Configuring done (4.6s)
-- Build files have been written to: /home/tikhon/Документы/magnolia/applets/mainline/unlink/build
[1/4] Building C object esp-idf/esp_app_format/CMakeFiles/__idf_esp_app_format.dir/esp_app_desc.c.obj
[2/4] Linking C static library esp-idf/esp_app_format/libesp_app_format.a
[1/4] Building C object esp-idf/esp_app_format/CMakeFiles/__idf_esp_app_format.dir/esp_app_desc.c.obj
[3/4] Build ELF: uname.app.elf
[2/4] Linking C static library esp-idf/esp_app_format/libesp_app_format.a
-- Components: app_trace app_update bootloader bootloader_support bt cmock console cxx driver efuse esp-tls esp_adc esp_app_format esp_bootloader_format esp_coex esp_common esp_driver_ana_cmpr esp_driver_bitscrambler esp_driver_cam esp_driver_dac esp_driver_gpio esp_driver_gptimer esp_driver_i2c esp_driver_i2s esp_driver_i3c esp_driver_isp esp_driver_jpeg esp_driver_ledc esp_driver_mcpwm esp_driver_parlio esp_driver_pcnt esp_driver_ppa esp_driver_rmt esp_driver_sd_intf esp_driver_sdio esp_driver_sdm esp_driver_sdmmc esp_driver_sdspi esp_driver_spi esp_driver_touch_sens esp_driver_tsens esp_driver_twai esp_driver_uart esp_driver_usb_serial_jtag esp_eth esp_event esp_gdbstub esp_hid esp_http_client esp_http_server esp_https_ota esp_https_server esp_hw_support esp_lcd esp_local_ctrl esp_mm esp_netif esp_netif_stack esp_partition esp_phy esp_pm esp_psram esp_ringbuf esp_rom esp_security esp_system esp_timer esp_vfs_console esp_wifi espcoredump espressif__cmake_utilities espressif__elf_loader esptool_py fatfs freertos hal heap http_parser idf_test ieee802154 json log lwip main mbedtls mqtt newlib nvs_flash nvs_sec_provider openthread partition_table perfmon protobuf-c protocomm pthread rt sdmmc soc spi_flash spiffs tcp_transport touch_element ulp unity usb vfs wear_levelling wifi_provisioning wpa_supplicant xtensa
-- Component paths: /home/tikhon/Документы/magnolia/esp-idf/components/app_trace /home/tikhon/Документы/magnolia/esp-idf/components/app_update /home/tikhon/Документы/magnolia/esp-idf/components/bootloader /home/tikhon/Документы/magnolia/esp-idf/components/bootloader_support /home/tikhon/Документы/magnolia/esp-idf/components/bt /home/tikhon/Документы/magnolia/esp-idf/components/cmock /home/tikhon/Документы/magnolia/esp-idf/components/console /home/tikhon/Документы/magnolia/esp-idf/components/cxx /home/tikhon/Документы/magnolia/esp-idf/components/driver /home/tikhon/Документы/magnolia/esp-idf/components/efuse /home/tikhon/Документы/magnolia/esp-idf/components/esp-tls /home/tikhon/Документы/magnolia/esp-idf/components/esp_adc /home/tikhon/Документы/magnolia/esp-idf/components/esp_app_format /home/tikhon/Документы/magnolia/esp-idf/components/esp_bootloader_format /home/tikhon/Документы/magnolia/esp-idf/components/esp_coex /home/tikhon/Документы/magnolia/esp-idf/components/esp_common /home/tikhon/Документы/magnolia/esp-idf/components/esp_driver_ana_cmpr /home/tikhon/Документы/magnolia/esp-idf/components/esp_driver_bitscrambler /home/tikhon/Документы/magnolia/esp-idf/components/esp_driver_cam /home/tikhon/Документы/magnolia/esp-idf/components/esp_driver_dac /home/tikhon/Документы/magnolia/esp-idf/components/esp_driver_gpio /home/tikhon/Документы/magnolia/esp-idf/components/esp_driver_gptimer /home/tikhon/Документы/magnolia/esp-idf/components/esp_driver_i2c /home/tikhon/Документы/magnolia/esp-idf/components/esp_driver_i2s /home/tikhon/Документы/magnolia/esp-idf/components/esp_driver_i3c /home/tikhon/Документы/magnolia/esp-idf/components/esp_driver_isp /home/tikhon/Документы/magnolia/esp-idf/components/esp_driver_jpeg /home/tikhon/Документы/magnolia/esp-idf/components/esp_driver_ledc /home/tikhon/Документы/magnolia/esp-idf/components/esp_driver_mcpwm /home/tikhon/Документы/magnolia/esp-idf/components/esp_driver_parlio /home/tikhon/Документы/magnolia/esp-idf/components/esp_driver_pcnt /home/tikhon/Документы/magnolia/esp-idf/components/esp_driver_ppa /home/tikhon/Документы/magnolia/esp-idf/components/esp_driver_rmt /home/tikhon/Документы/magnolia/esp-idf/components/esp_driver_sd_intf /home/tikhon/Документы/magnolia/esp-idf/components/esp_driver_sdio /home/tikhon/Документы/magnolia/esp-idf/components/esp_driver_sdm /home/tikhon/Документы/magnolia/esp-idf/components/esp_driver_sdmmc /home/tikhon/Документы/magnolia/esp-idf/components/esp_driver_sdspi /home/tikhon/Документы/magnolia/esp-idf/components/esp_driver_spi /home/tikhon/Документы/magnolia/esp-idf/components/esp_driver_touch_sens /home/tikhon/Документы/magnolia/esp-idf/components/esp_driver_tsens /home/tikhon/Документы/magnolia/esp-idf/components/esp_driver_twai /home/tikhon/Документы/magnolia/esp-idf/components/esp_driver_uart /home/tikhon/Документы/magnolia/esp-idf/components/esp_driver_usb_serial_jtag /home/tikhon/Документы/magnolia/esp-idf/components/esp_eth /home/tikhon/Документы/magnolia/esp-idf/components/esp_event /home/tikhon/Документы/magnolia/esp-idf/components/esp_gdbstub /home/tikhon/Документы/magnolia/esp-idf/components/esp_hid /home/tikhon/Документы/magnolia/esp-idf/components/esp_http_client /home/tikhon/Документы/magnolia/esp-idf/components/esp_http_server /home/tikhon/Документы/magnolia/esp-idf/components/esp_https_ota /home/tikhon/Документы/magnolia/esp-idf/components/esp_https_server /home/tikhon/Документы/magnolia/esp-idf/components/esp_hw_support /home/tikhon/Документы/magnolia/esp-idf/components/esp_lcd /home/tikhon/Документы/magnolia/esp-idf/components/esp_local_ctrl /home/tikhon/Документы/magnolia/esp-idf/components/esp_mm /home/tikhon/Документы/magnolia/esp-idf/components/esp_netif /home/tikhon/Документы/magnolia/esp-idf/components/esp_netif_stack /home/tikhon/Документы/magnolia/esp-idf/components/esp_partition /home/tikhon/Документы/magnolia/esp-idf/components/esp_phy /home/tikhon/Документы/magnolia/esp-idf/components/esp_pm /home/tikhon/Документы/magnolia/esp-idf/components/esp_psram /home/tikhon/Документы/magnolia/esp-idf/components/esp_ringbuf /home/tikhon/Документы/magnolia/esp-idf/components/esp_rom /home/tikhon/Документы/magnolia/esp-idf/components/esp_security /home/tikhon/Документы/magnolia/esp-idf/components/esp_system /home/tikhon/Документы/magnolia/esp-idf/components/esp_timer /home/tikhon/Документы/magnolia/esp-idf/components/esp_vfs_console /home/tikhon/Документы/magnolia/esp-idf/components/esp_wifi /home/tikhon/Документы/magnolia/esp-idf/components/espcoredump /home/tikhon/Документы/magnolia/applets/go/gohexdump/managed_components/espressif__cmake_utilities /home/tikhon/Документы/magnolia/applets/go/gohexdump/managed_components/espressif__elf_loader /home/tikhon/Документы/magnolia/esp-idf/components/esptool_py /home/tikhon/Документы/magnolia/esp-idf/components/fatfs /home/tikhon/Документы/magnolia/esp-idf/components/freertos /home/tikhon/Документы/magnolia/esp-idf/components/hal /home/tikhon/Документы/magnolia/esp-idf/components/heap /home/tikhon/Документы/magnolia/esp-idf/components/http_parser /home/tikhon/Документы/magnolia/esp-idf/components/idf_test /home/tikhon/Документы/magnolia/esp-idf/components/ieee802154 /home/tikhon/Документы/magnolia/esp-idf/components/json /home/tikhon/Документы/magnolia/esp-idf/components/log /home/tikhon/Документы/magnolia/esp-idf/components/lwip /home/tikhon/Документы/magnolia/applets/go/gohexdump/main /home/tikhon/Документы/magnolia/esp-idf/components/mbedtls /home/tikhon/Документы/magnolia/esp-idf/components/mqtt /home/tikhon/Документы/magnolia/esp-idf/components/newlib /home/tikhon/Документы/magnolia/esp-idf/components/nvs_flash /home/tikhon/Документы/magnolia/esp-idf/components/nvs_sec_provider /home/tikhon/Документы/magnolia/esp-idf/components/openthread /home/tikhon/Документы/magnolia/esp-idf/components/partition_table /home/tikhon/Документы/magnolia/esp-idf/components/perfmon /home/tikhon/Документы/magnolia/esp-idf/components/protobuf-c /home/tikhon/Документы/magnolia/esp-idf/components/protocomm /home/tikhon/Документы/magnolia/esp-idf/components/pthread /home/tikhon/Документы/magnolia/esp-idf/components/rt /home/tikhon/Документы/magnolia/esp-idf/components/sdmmc /home/tikhon/Документы/magnolia/esp-idf/components/soc /home/tikhon/Документы/magnolia/esp-idf/components/spi_flash /home/tikhon/Документы/magnolia/esp-idf/components/spiffs /home/tikhon/Документы/magnolia/esp-idf/components/tcp_transport /home/tikhon/Документы/magnolia/esp-idf/components/touch_element /home/tikhon/Документы/magnolia/esp-idf/components/ulp /home/tikhon/Документы/magnolia/esp-idf/components/unity /home/tikhon/Документы/magnolia/esp-idf/components/usb /home/tikhon/Документы/magnolia/esp-idf/components/vfs /home/tikhon/Документы/magnolia/esp-idf/components/wear_levelling /home/tikhon/Документы/magnolia/esp-idf/components/wifi_provisioning /home/tikhon/Документы/magnolia/esp-idf/components/wpa_supplicant /home/tikhon/Документы/magnolia/esp-idf/components/xtensa
[3/4] Build ELF: yes.app.elf
-- Components: app_trace app_update bootloader bootloader_support bt cmock console cxx driver efuse esp-tls esp_adc esp_app_format esp_bootloader_format esp_coex esp_common esp_driver_ana_cmpr esp_driver_bitscrambler esp_driver_cam esp_driver_dac esp_driver_gpio esp_driver_gptimer esp_driver_i2c esp_driver_i2s esp_driver_i3c esp_driver_isp esp_driver_jpeg esp_driver_ledc esp_driver_mcpwm esp_driver_parlio esp_driver_pcnt esp_driver_ppa esp_driver_rmt esp_driver_sd_intf esp_driver_sdio esp_driver_sdm esp_driver_sdmmc esp_driver_sdspi esp_driver_spi esp_driver_touch_sens esp_driver_tsens esp_driver_twai esp_driver_uart esp_driver_usb_serial_jtag esp_eth esp_event esp_gdbstub esp_hid esp_http_client esp_http_server esp_https_ota esp_https_server esp_hw_support esp_lcd esp_local_ctrl esp_mm esp_netif esp_netif_stack esp_partition esp_phy esp_pm esp_psram esp_ringbuf esp_rom esp_security esp_system esp_timer esp_vfs_console esp_wifi espcoredump espressif__cmake_utilities espressif__elf_loader esptool_py fatfs freertos hal heap http_parser idf_test ieee802154 json log lwip main mbedtls mqtt newlib nvs_flash nvs_sec_provider openthread partition_table perfmon protobuf-c protocomm pthread rt sdmmc soc spi_flash spiffs tcp_transport touch_element ulp unity usb vfs wear_levelling wifi_provisioning wpa_supplicant xtensa
-- Components: app_trace app_update bootloader bootloader_support bt cmock console cxx driver efuse esp-tls esp_adc esp_app_format esp_bootloader_format esp_coex esp_common esp_driver_ana_cmpr esp_driver_bitscrambler esp_driver_cam esp_driver_dac esp_driver_gpio esp_driver_gptimer esp_driver_i2c esp_driver_i2s esp_driver_i3c esp_driver_isp esp_driver_jpeg esp_driver_ledc esp_driver_mcpwm esp_driver_parlio esp_driver_pcnt esp_driver_ppa esp_driver_rmt esp_driver_sd_intf esp_driver_sdio esp_driver_sdm esp_driver_sdmmc esp_driver_sdspi esp_driver_spi esp_driver_touch_sens esp_driver_tsens esp_driver_twai esp_driver_uart esp_driver_usb_serial_jtag esp_eth esp_event esp_gdbstub esp_hid esp_http_client esp_http_server esp_https_ota esp_https_server esp_hw_support esp_lcd esp_local_ctrl esp_mm esp_netif esp_netif_stack esp_partition esp_phy esp_pm esp_psram esp_ringbuf esp_rom esp_security esp_system esp_timer esp_vfs_console esp_wifi espcoredump espressif__cmake_utilities espressif__elf_loader esptool_py fatfs freertos hal heap http_parser idf_test ieee802154 json log lwip main mbedtls mqtt newlib nvs_flash nvs_sec_provider openthread partition_table perfmon protobuf-c protocomm pthread rt sdmmc soc spi_flash spiffs tcp_transport touch_element ulp unity usb vfs wear_levelling wifi_provisioning wpa_supplicant xtensa
-- Component paths: /home/tikhon/Документы/magnolia/esp-idf/components/app_trace /home/tikhon/Документы/magnolia/esp-idf/components/app_update /home/tikhon/Документы/magnolia/esp-idf/components/bootloader /home/tikhon/Документы/magnolia/esp-idf/components/bootloader_support /home/tikhon/Документы/magnolia/esp-idf/components/bt /home/tikhon/Документы/magnolia/esp-idf/components/cmock /home/tikhon/Документы/magnolia/esp-idf/components/console /home/tikhon/Документы/magnolia/esp-idf/components/cxx /home/tikhon/Документы/magnolia/esp-idf/components/driver /home/tikhon/Документы/magnolia/esp-idf/components/efuse /home/tikhon/Документы/magnolia/esp-idf/components/esp-tls /home/tikhon/Документы/magnolia/esp-idf/components/esp_adc /home/tikhon/Документы/magnolia/esp-idf/components/esp_app_format /home/tikhon/Документы/magnolia/esp-idf/components/esp_bootloader_format /home/tikhon/Документы/magnolia/esp-idf/components/esp_coex /home/tikhon/Документы/magnolia/esp-idf/components/esp_common /home/tikhon/Документы/magnolia/esp-idf/components/esp_driver_ana_cmpr /home/tikhon/Документы/magnolia/esp-idf/components/esp_driver_bitscrambler /home/tikhon/Документы/magnolia/esp-idf/components/esp_driver_cam /home/tikhon/Документы/magnolia/esp-idf/components/esp_driver_dac /home/tikhon/Документы/magnolia/esp-idf/components/esp_driver_gpio /home/tikhon/Документы/magnolia/esp-idf/components/esp_driver_gptimer /home/tikhon/Документы/magnolia/esp-idf/components/esp_driver_i2c /home/tikhon/Документы/magnolia/esp-idf/components/esp_driver_i2s /home/tikhon/Документы/magnolia/esp-idf/components/esp_driver_i3c /home/tikhon/Документы/magnolia/esp-idf/components/esp_driver_isp /home/tikhon/Документы/magnolia/esp-idf/components/esp_driver_jpeg /home/tikhon/Документы/magnolia/esp-idf/components/esp_driver_ledc /home/tikhon/Документы/magnolia/esp-idf/components/esp_driver_mcpwm /home/tikhon/Документы/magnolia/esp-idf/components/esp_driver_parlio /home/tikhon/Документы/magnolia/esp-idf/components/esp_driver_pcnt /home/tikhon/Документы/magnolia/esp-idf/components/esp_driver_ppa /home/tikhon/Документы/magnolia/esp-idf/components/esp_driver_rmt /home/tikhon/Документы/magnolia/esp-idf/components/esp_driver_sd_intf /home/tikhon/Документы/magnolia/esp-idf/components/esp_driver_sdio /home/tikhon/Документы/magnolia/esp-idf/components/esp_driver_sdm /home/tikhon/Документы/magnolia/esp-idf/components/esp_driver_sdmmc /home/tikhon/Документы/magnolia/esp-idf/components/esp_driver_sdspi /home/tikhon/Документы/magnolia/esp-idf/components/esp_driver_spi /home/tikhon/Документы/magnolia/esp-idf/components/esp_driver_touch_sens /home/tikhon/Документы/magnolia/esp-idf/components/esp_driver_tsens /home/tikhon/Документы/magnolia/esp-idf/components/esp_driver_twai /home/tikhon/Документы/magnolia/esp-idf/components/esp_driver_uart /home/tikhon/Документы/magnolia/esp-idf/components/esp_driver_usb_serial_jtag /home/tikhon/Документы/magnolia/esp-idf/components/esp_eth /home/tikhon/Документы/magnolia/esp-idf/components/esp_event /home/tikhon/Документы/magnolia/esp-idf/components/esp_gdbstub /home/tikhon/Документы/magnolia/esp-idf/components/esp_hid /home/tikhon/Документы/magnolia/esp-idf/components/esp_http_client /home/tikhon/Документы/magnolia/esp-idf/components/esp_http_server /home/tikhon/Документы/magnolia/esp-idf/components/esp_https_ota /home/tikhon/Документы/magnolia/esp-idf/components/esp_https_server /home/tikhon/Документы/magnolia/esp-idf/components/esp_hw_support /home/tikhon/Документы/magnolia/esp-idf/components/esp_lcd /home/tikhon/Документы/magnolia/esp-idf/components/esp_local_ctrl /home/tikhon/Документы/magnolia/esp-idf/components/esp_mm /home/tikhon/Документы/magnolia/esp-idf/components/esp_netif /home/tikhon/Документы/magnolia/esp-idf/components/esp_netif_stack /home/tikhon/Документы/magnolia/esp-idf/components/esp_partition /home/tikhon/Документы/magnolia/esp-idf/components/esp_phy /home/tikhon/Документы/magnolia/esp-idf/components/esp_pm /home/tikhon/Документы/magnolia/esp-idf/components/esp_psram /home/tikhon/Документы/magnolia/esp-idf/components/esp_ringbuf /home/tikhon/Документы/magnolia/esp-idf/components/esp_rom /home/tikhon/Документы/magnolia/esp-idf/components/esp_security /home/tikhon/Документы/magnolia/esp-idf/components/esp_system /home/tikhon/Документы/magnolia/esp-idf/components/esp_timer /home/tikhon/Документы/magnolia/esp-idf/components/esp_vfs_console /home/tikhon/Документы/magnolia/esp-idf/components/esp_wifi /home/tikhon/Документы/magnolia/esp-idf/components/espcoredump /home/tikhon/Документы/magnolia/applets/go/echo/managed_components/espressif__cmake_utilities /home/tikhon/Документы/magnolia/applets/go/echo/managed_components/espressif__elf_loader /home/tikhon/Документы/magnolia/esp-idf/components/esptool_py /home/tikhon/Документы/magnolia/esp-idf/components/fatfs /home/tikhon/Документы/magnolia/esp-idf/components/freertos /home/tikhon/Документы/magnolia/esp-idf/components/hal /home/tikhon/Документы/magnolia/esp-idf/components/heap /home/tikhon/Документы/magnolia/esp-idf/components/http_parser /home/tikhon/Документы/magnolia/esp-idf/components/idf_test /home/tikhon/Документы/magnolia/esp-idf/components/ieee802154 /home/tikhon/Документы/magnolia/esp-idf/components/json /home/tikhon/Документы/magnolia/esp-idf/components/log /home/tikhon/Документы/magnolia/esp-idf/components/lwip /home/tikhon/Документы/magnolia/applets/go/echo/main /home/tikhon/Документы/magnolia/esp-idf/components/mbedtls /home/tikhon/Документы/magnolia/esp-idf/components/mqtt /home/tikhon/Документы/magnolia/esp-idf/components/newlib /home/tikhon/Документы/magnolia/esp-idf/components/nvs_flash /home/tikhon/Документы/magnolia/esp-idf/components/nvs_sec_provider /home/tikhon/Документы/magnolia/esp-idf/components/openthread /home/tikhon/Документы/magnolia/esp-idf/components/partition_table /home/tikhon/Документы/magnolia/esp-idf/components/perfmon /home/tikhon/Документы/magnolia/esp-idf/components/protobuf-c /home/tikhon/Документы/magnolia/esp-idf/components/protocomm /home/tikhon/Документы/magnolia/esp-idf/components/pthread /home/tikhon/Документы/magnolia/esp-idf/components/rt /home/tikhon/Документы/magnolia/esp-idf/components/sdmmc /home/tikhon/Документы/magnolia/esp-idf/components/soc /home/tikhon/Документы/magnolia/esp-idf/components/spi_flash /home/tikhon/Документы/magnolia/esp-idf/components/spiffs /home/tikhon/Документы/magnolia/esp-idf/components/tcp_transport /home/tikhon/Документы/magnolia/esp-idf/components/touch_element /home/tikhon/Документы/magnolia/esp-idf/components/ulp /home/tikhon/Документы/magnolia/esp-idf/components/unity /home/tikhon/Документы/magnolia/esp-idf/components/usb /home/tikhon/Документы/magnolia/esp-idf/components/vfs /home/tikhon/Документы/magnolia/esp-idf/components/wear_levelling /home/tikhon/Документы/magnolia/esp-idf/components/wifi_provisioning /home/tikhon/Документы/magnolia/esp-idf/components/wpa_supplicant /home/tikhon/Документы/magnolia/esp-idf/components/xtensa
-- Component paths: /home/tikhon/Документы/magnolia/esp-idf/components/app_trace /home/tikhon/Документы/magnolia/esp-idf/components/app_update /home/tikhon/Документы/magnolia/esp-idf/components/bootloader /home/tikhon/Документы/magnolia/esp-idf/components/bootloader_support /home/tikhon/Документы/magnolia/esp-idf/components/bt /home/tikhon/Документы/magnolia/esp-idf/components/cmock /home/tikhon/Документы/magnolia/esp-idf/components/console /home/tikhon/Документы/magnolia/esp-idf/components/cxx /home/tikhon/Документы/magnolia/esp-idf/components/driver /home/tikhon/Документы/magnolia/esp-idf/components/efuse /home/tikhon/Документы/magnolia/esp-idf/components/esp-tls /home/tikhon/Документы/magnolia/esp-idf/components/esp_adc /home/tikhon/Документы/magnolia/esp-idf/components/esp_app_format /home/tikhon/Документы/magnolia/esp-idf/components/esp_bootloader_format /home/tikhon/Документы/magnolia/esp-idf/components/esp_coex /home/tikhon/Документы/magnolia/esp-idf/components/esp_common /home/tikhon/Документы/magnolia/esp-idf/components/esp_driver_ana_cmpr /home/tikhon/Документы/magnolia/esp-idf/components/esp_driver_bitscrambler /home/tikhon/Документы/magnolia/esp-idf/components/esp_driver_cam /home/tikhon/Документы/magnolia/esp-idf/components/esp_driver_dac /home/tikhon/Документы/magnolia/esp-idf/components/esp_driver_gpio /home/tikhon/Документы/magnolia/esp-idf/components/esp_driver_gptimer /home/tikhon/Документы/magnolia/esp-idf/components/esp_driver_i2c /home/tikhon/Документы/magnolia/esp-idf/components/esp_driver_i2s /home/tikhon/Документы/magnolia/esp-idf/components/esp_driver_i3c /home/tikhon/Документы/magnolia/esp-idf/components/esp_driver_isp /home/tikhon/Документы/magnolia/esp-idf/components/esp_driver_jpeg /home/tikhon/Документы/magnolia/esp-idf/components/esp_driver_ledc /home/tikhon/Документы/magnolia/esp-idf/components/esp_driver_mcpwm /home/tikhon/Документы/magnolia/esp-idf/components/esp_driver_parlio /home/tikhon/Документы/magnolia/esp-idf/components/esp_driver_pcnt /home/tikhon/Документы/magnolia/esp-idf/components/esp_driver_ppa /home/tikhon/Документы/magnolia/esp-idf/components/esp_driver_rmt /home/tikhon/Документы/magnolia/esp-idf/components/esp_driver_sd_intf /home/tikhon/Документы/magnolia/esp-idf/components/esp_driver_sdio /home/tikhon/Документы/magnolia/esp-idf/components/esp_driver_sdm /home/tikhon/Документы/magnolia/esp-idf/components/esp_driver_sdmmc /home/tikhon/Документы/magnolia/esp-idf/components/esp_driver_sdspi /home/tikhon/Документы/magnolia/esp-idf/components/esp_driver_spi /home/tikhon/Документы/magnolia/esp-idf/components/esp_driver_touch_sens /home/tikhon/Документы/magnolia/esp-idf/components/esp_driver_tsens /home/tikhon/Документы/magnolia/esp-idf/components/esp_driver_twai /home/tikhon/Документы/magnolia/esp-idf/components/esp_driver_uart /home/tikhon/Документы/magnolia/esp-idf/components/esp_driver_usb_serial_jtag /home/tikhon/Документы/magnolia/esp-idf/components/esp_eth /home/tikhon/Документы/magnolia/esp-idf/components/esp_event /home/tikhon/Документы/magnolia/esp-idf/components/esp_gdbstub /home/tikhon/Документы/magnolia/esp-idf/components/esp_hid /home/tikhon/Документы/magnolia/esp-idf/components/esp_http_client /home/tikhon/Документы/magnolia/esp-idf/components/esp_http_server /home/tikhon/Документы/magnolia/esp-idf/components/esp_https_ota /home/tikhon/Документы/magnolia/esp-idf/components/esp_https_server /home/tikhon/Документы/magnolia/esp-idf/components/esp_hw_support /home/tikhon/Документы/magnolia/esp-idf/components/esp_lcd /home/tikhon/Документы/magnolia/esp-idf/components/esp_local_ctrl /home/tikhon/Документы/magnolia/esp-idf/components/esp_mm /home/tikhon/Документы/magnolia/esp-idf/components/esp_netif /home/tikhon/Документы/magnolia/esp-idf/components/esp_netif_stack /home/tikhon/Документы/magnolia/esp-idf/components/esp_partition /home/tikhon/Документы/magnolia/esp-idf/components/esp_phy /home/tikhon/Документы/magnolia/esp-idf/components/esp_pm /home/tikhon/Документы/magnolia/esp-idf/components/esp_psram /home/tikhon/Документы/magnolia/esp-idf/components/esp_ringbuf /home/tikhon/Документы/magnolia/esp-idf/components/esp_rom /home/tikhon/Документы/magnolia/esp-idf/components/esp_security /home/tikhon/Документы/magnolia/esp-idf/components/esp_system /home/tikhon/Документы/magnolia/esp-idf/components/esp_timer /home/tikhon/Документы/magnolia/esp-idf/components/esp_vfs_console /home/tikhon/Документы/magnolia/esp-idf/components/esp_wifi /home/tikhon/Документы/magnolia/esp-idf/components/espcoredump /home/tikhon/Документы/magnolia/applets/go/gohello/managed_components/espressif__cmake_utilities /home/tikhon/Документы/magnolia/applets/go/gohello/managed_components/espressif__elf_loader /home/tikhon/Документы/magnolia/esp-idf/components/esptool_py /home/tikhon/Документы/magnolia/esp-idf/components/fatfs /home/tikhon/Документы/magnolia/esp-idf/components/freertos /home/tikhon/Документы/magnolia/esp-idf/components/hal /home/tikhon/Документы/magnolia/esp-idf/components/heap /home/tikhon/Документы/magnolia/esp-idf/components/http_parser /home/tikhon/Документы/magnolia/esp-idf/components/idf_test /home/tikhon/Документы/magnolia/esp-idf/components/ieee802154 /home/tikhon/Документы/magnolia/esp-idf/components/json /home/tikhon/Документы/magnolia/esp-idf/components/log /home/tikhon/Документы/magnolia/esp-idf/components/lwip /home/tikhon/Документы/magnolia/applets/go/gohello/main /home/tikhon/Документы/magnolia/esp-idf/components/mbedtls /home/tikhon/Документы/magnolia/esp-idf/components/mqtt /home/tikhon/Документы/magnolia/esp-idf/components/newlib /home/tikhon/Документы/magnolia/esp-idf/components/nvs_flash /home/tikhon/Документы/magnolia/esp-idf/components/nvs_sec_provider /home/tikhon/Документы/magnolia/esp-idf/components/openthread /home/tikhon/Документы/magnolia/esp-idf/components/partition_table /home/tikhon/Документы/magnolia/esp-idf/components/perfmon /home/tikhon/Документы/magnolia/esp-idf/components/protobuf-c /home/tikhon/Документы/magnolia/esp-idf/components/protocomm /home/tikhon/Документы/magnolia/esp-idf/components/pthread /home/tikhon/Документы/magnolia/esp-idf/components/rt /home/tikhon/Документы/magnolia/esp-idf/components/sdmmc /home/tikhon/Документы/magnolia/esp-idf/components/soc /home/tikhon/Документы/magnolia/esp-idf/components/spi_flash /home/tikhon/Документы/magnolia/esp-idf/components/spiffs /home/tikhon/Документы/magnolia/esp-idf/components/tcp_transport /home/tikhon/Документы/magnolia/esp-idf/components/touch_element /home/tikhon/Документы/magnolia/esp-idf/components/ulp /home/tikhon/Документы/magnolia/esp-idf/components/unity /home/tikhon/Документы/magnolia/esp-idf/components/usb /home/tikhon/Документы/magnolia/esp-idf/components/vfs /home/tikhon/Документы/magnolia/esp-idf/components/wear_levelling /home/tikhon/Документы/magnolia/esp-idf/components/wifi_provisioning /home/tikhon/Документы/magnolia/esp-idf/components/wpa_supplicant /home/tikhon/Документы/magnolia/esp-idf/components/xtensa
-- Configuring done (4.4s)
-- Configuring done (4.8s)
-- Configuring done (4.6s)
[1/4] Building C object esp-idf/esp_app_format/CMakeFiles/__idf_esp_app_format.dir/esp_app_desc.c.obj
[2/4] Linking C static library esp-idf/esp_app_format/libesp_app_format.a
Applet true OK -> /home/tikhon/Документы/magnolia/rootfs/bin/true
Building applet pwd -> gopwd ...
+ idf.py elf
[3/4] Build ELF: user.app.elf
-- Components: app_trace app_update bootloader bootloader_support bt cmock console cxx driver efuse esp-tls esp_adc esp_app_format esp_bootloader_format esp_coex esp_common esp_driver_ana_cmpr esp_driver_bitscrambler esp_driver_cam esp_driver_dac esp_driver_gpio esp_driver_gptimer esp_driver_i2c esp_driver_i2s esp_driver_i3c esp_driver_isp esp_driver_jpeg esp_driver_ledc esp_driver_mcpwm esp_driver_parlio esp_driver_pcnt esp_driver_ppa esp_driver_rmt esp_driver_sd_intf esp_driver_sdio esp_driver_sdm esp_driver_sdmmc esp_driver_sdspi esp_driver_spi esp_driver_touch_sens esp_driver_tsens esp_driver_twai esp_driver_uart esp_driver_usb_serial_jtag esp_eth esp_event esp_gdbstub esp_hid esp_http_client esp_http_server esp_https_ota esp_https_server esp_hw_support esp_lcd esp_local_ctrl esp_mm esp_netif esp_netif_stack esp_partition esp_phy esp_pm esp_psram esp_ringbuf esp_rom esp_security esp_system esp_timer esp_vfs_console esp_wifi espcoredump espressif__cmake_utilities espressif__elf_loader esptool_py fatfs freertos hal heap http_parser idf_test ieee802154 json log lwip main mbedtls mqtt newlib nvs_flash nvs_sec_provider openthread partition_table perfmon protobuf-c protocomm pthread rt sdmmc soc spi_flash spiffs tcp_transport touch_element ulp unity usb vfs wear_levelling wifi_provisioning wpa_supplicant xtensa
-- Component paths: /home/tikhon/Документы/magnolia/esp-idf/components/app_trace /home/tikhon/Документы/magnolia/esp-idf/components/app_update /home/tikhon/Документы/magnolia/esp-idf/components/bootloader /home/tikhon/Документы/magnolia/esp-idf/components/bootloader_support /home/tikhon/Документы/magnolia/esp-idf/components/bt /home/tikhon/Документы/magnolia/esp-idf/components/cmock /home/tikhon/Документы/magnolia/esp-idf/components/console /home/tikhon/Документы/magnolia/esp-idf/components/cxx /home/tikhon/Документы/magnolia/esp-idf/components/driver /home/tikhon/Документы/magnolia/esp-idf/components/efuse /home/tikhon/Документы/magnolia/esp-idf/components/esp-tls /home/tikhon/Документы/magnolia/esp-idf/components/esp_adc /home/tikhon/Документы/magnolia/esp-idf/components/esp_app_format /home/tikhon/Документы/magnolia/esp-idf/components/esp_bootloader_format /home/tikhon/Документы/magnolia/esp-idf/components/esp_coex /home/tikhon/Документы/magnolia/esp-idf/components/esp_common /home/tikhon/Документы/magnolia/esp-idf/components/esp_driver_ana_cmpr /home/tikhon/Документы/magnolia/esp-idf/components/esp_driver_bitscrambler /home/tikhon/Документы/magnolia/esp-idf/components/esp_driver_cam /home/tikhon/Документы/magnolia/esp-idf/components/esp_driver_dac /home/tikhon/Документы/magnolia/esp-idf/components/esp_driver_gpio /home/tikhon/Документы/magnolia/esp-idf/components/esp_driver_gptimer /home/tikhon/Документы/magnolia/esp-idf/components/esp_driver_i2c /home/tikhon/Документы/magnolia/esp-idf/components/esp_driver_i2s /home/tikhon/Документы/magnolia/esp-idf/components/esp_driver_i3c /home/tikhon/Документы/magnolia/esp-idf/components/esp_driver_isp /home/tikhon/Документы/magnolia/esp-idf/components/esp_driver_jpeg /home/tikhon/Документы/magnolia/esp-idf/components/esp_driver_ledc /home/tikhon/Документы/magnolia/esp-idf/components/esp_driver_mcpwm /home/tikhon/Документы/magnolia/esp-idf/components/esp_driver_parlio /home/tikhon/Документы/magnolia/esp-idf/components/esp_driver_pcnt /home/tikhon/Документы/magnolia/esp-idf/components/esp_driver_ppa /home/tikhon/Документы/magnolia/esp-idf/components/esp_driver_rmt /home/tikhon/Документы/magnolia/esp-idf/components/esp_driver_sd_intf /home/tikhon/Документы/magnolia/esp-idf/components/esp_driver_sdio /home/tikhon/Документы/magnolia/esp-idf/components/esp_driver_sdm /home/tikhon/Документы/magnolia/esp-idf/components/esp_driver_sdmmc /home/tikhon/Документы/magnolia/esp-idf/components/esp_driver_sdspi /home/tikhon/Документы/magnolia/esp-idf/components/esp_driver_spi /home/tikhon/Документы/magnolia/esp-idf/components/esp_driver_touch_sens /home/tikhon/Документы/magnolia/esp-idf/components/esp_driver_tsens /home/tikhon/Документы/magnolia/esp-idf/components/esp_driver_twai /home/tikhon/Документы/magnolia/esp-idf/components/esp_driver_uart /home/tikhon/Документы/magnolia/esp-idf/components/esp_driver_usb_serial_jtag /home/tikhon/Документы/magnolia/esp-idf/components/esp_eth /home/tikhon/Документы/magnolia/esp-idf/components/esp_event /home/tikhon/Документы/magnolia/esp-idf/components/esp_gdbstub /home/tikhon/Документы/magnolia/esp-idf/components/esp_hid /home/tikhon/Документы/magnolia/esp-idf/components/esp_http_client /home/tikhon/Документы/magnolia/esp-idf/components/esp_http_server /home/tikhon/Документы/magnolia/esp-idf/components/esp_https_ota /home/tikhon/Документы/magnolia/esp-idf/components/esp_https_server /home/tikhon/Документы/magnolia/esp-idf/components/esp_hw_support /home/tikhon/Документы/magnolia/esp-idf/components/esp_lcd /home/tikhon/Документы/magnolia/esp-idf/components/esp_local_ctrl /home/tikhon/Документы/magnolia/esp-idf/components/esp_mm /home/tikhon/Документы/magnolia/esp-idf/components/esp_netif /home/tikhon/Документы/magnolia/esp-idf/components/esp_netif_stack /home/tikhon/Документы/magnolia/esp-idf/components/esp_partition /home/tikhon/Документы/magnolia/esp-idf/components/esp_phy /home/tikhon/Документы/magnolia/esp-idf/components/esp_pm /home/tikhon/Документы/magnolia/esp-idf/components/esp_psram /home/tikhon/Документы/magnolia/esp-idf/components/esp_ringbuf /home/tikhon/Документы/magnolia/esp-idf/components/esp_rom /home/tikhon/Документы/magnolia/esp-idf/components/esp_security /home/tikhon/Документы/magnolia/esp-idf/components/esp_system /home/tikhon/Документы/magnolia/esp-idf/components/esp_timer /home/tikhon/Документы/magnolia/esp-idf/components/esp_vfs_console /home/tikhon/Документы/magnolia/esp-idf/components/esp_wifi /home/tikhon/Документы/magnolia/esp-idf/components/espcoredump /home/tikhon/Документы/magnolia/applets/go/goargs/managed_components/espressif__cmake_utilities /home/tikhon/Документы/magnolia/applets/go/goargs/managed_components/espressif__elf_loader /home/tikhon/Документы/magnolia/esp-idf/components/esptool_py /home/tikhon/Документы/magnolia/esp-idf/components/fatfs /home/tikhon/Документы/magnolia/esp-idf/components/freertos /home/tikhon/Документы/magnolia/esp-idf/components/hal /home/tikhon/Документы/magnolia/esp-idf/components/heap /home/tikhon/Документы/magnolia/esp-idf/components/http_parser /home/tikhon/Документы/magnolia/esp-idf/components/idf_test /home/tikhon/Документы/magnolia/esp-idf/components/ieee802154 /home/tikhon/Документы/magnolia/esp-idf/components/json /home/tikhon/Документы/magnolia/esp-idf/components/log /home/tikhon/Документы/magnolia/esp-idf/components/lwip /home/tikhon/Документы/magnolia/applets/go/goargs/main /home/tikhon/Документы/magnolia/esp-idf/components/mbedtls /home/tikhon/Документы/magnolia/esp-idf/components/mqtt /home/tikhon/Документы/magnolia/esp-idf/components/newlib /home/tikhon/Документы/magnolia/esp-idf/components/nvs_flash /home/tikhon/Документы/magnolia/esp-idf/components/nvs_sec_provider /home/tikhon/Документы/magnolia/esp-idf/components/openthread /home/tikhon/Документы/magnolia/esp-idf/components/partition_table /home/tikhon/Документы/magnolia/esp-idf/components/perfmon /home/tikhon/Документы/magnolia/esp-idf/components/protobuf-c /home/tikhon/Документы/magnolia/esp-idf/components/protocomm /home/tikhon/Документы/magnolia/esp-idf/components/pthread /home/tikhon/Документы/magnolia/esp-idf/components/rt /home/tikhon/Документы/magnolia/esp-idf/components/sdmmc /home/tikhon/Документы/magnolia/esp-idf/components/soc /home/tikhon/Документы/magnolia/esp-idf/components/spi_flash /home/tikhon/Документы/magnolia/esp-idf/components/spiffs /home/tikhon/Документы/magnolia/esp-idf/components/tcp_transport /home/tikhon/Документы/magnolia/esp-idf/components/touch_element /home/tikhon/Документы/magnolia/esp-idf/components/ulp /home/tikhon/Документы/magnolia/esp-idf/components/unity /home/tikhon/Документы/magnolia/esp-idf/components/usb /home/tikhon/Документы/magnolia/esp-idf/components/vfs /home/tikhon/Документы/magnolia/esp-idf/components/wear_levelling /home/tikhon/Документы/magnolia/esp-idf/components/wifi_provisioning /home/tikhon/Документы/magnolia/esp-idf/components/wpa_supplicant /home/tikhon/Документы/magnolia/esp-idf/components/xtensa
Applet wc OK -> /home/tikhon/Документы/magnolia/rootfs/bin/wc
Building applet sleep -> gosleep ...
+ idf.py elf
-- Configuring done (4.8s)
-- ESP-TEE is currently supported only on the esp32c6;esp32h2;esp32c5 SoCs
Applet vi OK -> /home/tikhon/Документы/magnolia/rootfs/bin/vi
Building applet true -> gotrue ...
+ idf.py elf
[1/4] Building C object esp-idf/esp_app_format/CMakeFiles/__idf_esp_app_format.dir/esp_app_desc.c.obj
[2/4] Linking C static library esp-idf/esp_app_format/libesp_app_format.a
Applet yes OK -> /home/tikhon/Документы/magnolia/rootfs/bin/yes
Building applet uname -> gouname ...
+ idf.py elf
Applet uname OK -> /home/tikhon/Документы/magnolia/rootfs/bin/uname
Building applet edit -> edit ...
+ idf.py elf
[3/4] Build ELF: unlink.app.elf
-- Generating done (0.5s)
-- Build files have been written to: /home/tikhon/Документы/magnolia/applets/mainline/xxd/build
Applet user OK -> /home/tikhon/Документы/magnolia/rootfs/bin/user
Building applet rdd -> rdd ...
+ idf.py elf
-- Components: app_trace app_update bootloader bootloader_support bt cmock console cxx driver efuse esp-tls esp_adc esp_app_format esp_bootloader_format esp_coex esp_common esp_driver_ana_cmpr esp_driver_bitscrambler esp_driver_cam esp_driver_dac esp_driver_gpio esp_driver_gptimer esp_driver_i2c esp_driver_i2s esp_driver_i3c esp_driver_isp esp_driver_jpeg esp_driver_ledc esp_driver_mcpwm esp_driver_parlio esp_driver_pcnt esp_driver_ppa esp_driver_rmt esp_driver_sd_intf esp_driver_sdio esp_driver_sdm esp_driver_sdmmc esp_driver_sdspi esp_driver_spi esp_driver_touch_sens esp_driver_tsens esp_driver_twai esp_driver_uart esp_driver_usb_serial_jtag esp_eth esp_event esp_gdbstub esp_hid esp_http_client esp_http_server esp_https_ota esp_https_server esp_hw_support esp_lcd esp_local_ctrl esp_mm esp_netif esp_netif_stack esp_partition esp_phy esp_pm esp_psram esp_ringbuf esp_rom esp_security esp_system esp_timer esp_vfs_console esp_wifi espcoredump espressif__cmake_utilities espressif__elf_loader esptool_py fatfs freertos hal heap http_parser idf_test ieee802154 json log lwip main mbedtls mqtt newlib nvs_flash nvs_sec_provider openthread partition_table perfmon protobuf-c protocomm pthread rt sdmmc soc spi_flash spiffs tcp_transport touch_element ulp unity usb vfs wear_levelling wifi_provisioning wpa_supplicant xtensa
-- Component paths: /home/tikhon/Документы/magnolia/esp-idf/components/app_trace /home/tikhon/Документы/magnolia/esp-idf/components/app_update /home/tikhon/Документы/magnolia/esp-idf/components/bootloader /home/tikhon/Документы/magnolia/esp-idf/components/bootloader_support /home/tikhon/Документы/magnolia/esp-idf/components/bt /home/tikhon/Документы/magnolia/esp-idf/components/cmock /home/tikhon/Документы/magnolia/esp-idf/components/console /home/tikhon/Документы/magnolia/esp-idf/components/cxx /home/tikhon/Документы/magnolia/esp-idf/components/driver /home/tikhon/Документы/magnolia/esp-idf/components/efuse /home/tikhon/Документы/magnolia/esp-idf/components/esp-tls /home/tikhon/Документы/magnolia/esp-idf/components/esp_adc /home/tikhon/Документы/magnolia/esp-idf/components/esp_app_format /home/tikhon/Документы/magnolia/esp-idf/components/esp_bootloader_format /home/tikhon/Документы/magnolia/esp-idf/components/esp_coex /home/tikhon/Документы/magnolia/esp-idf/components/esp_common /home/tikhon/Документы/magnolia/esp-idf/components/esp_driver_ana_cmpr /home/tikhon/Документы/magnolia/esp-idf/components/esp_driver_bitscrambler /home/tikhon/Документы/magnolia/esp-idf/components/esp_driver_cam /home/tikhon/Документы/magnolia/esp-idf/components/esp_driver_dac /home/tikhon/Документы/magnolia/esp-idf/components/esp_driver_gpio /home/tikhon/Документы/magnolia/esp-idf/components/esp_driver_gptimer /home/tikhon/Документы/magnolia/esp-idf/components/esp_driver_i2c /home/tikhon/Документы/magnolia/esp-idf/components/esp_driver_i2s /home/tikhon/Документы/magnolia/esp-idf/components/esp_driver_i3c /home/tikhon/Документы/magnolia/esp-idf/components/esp_driver_isp /home/tikhon/Документы/magnolia/esp-idf/components/esp_driver_jpeg /home/tikhon/Документы/magnolia/esp-idf/components/esp_driver_ledc /home/tikhon/Документы/magnolia/esp-idf/components/esp_driver_mcpwm /home/tikhon/Документы/magnolia/esp-idf/components/esp_driver_parlio /home/tikhon/Документы/magnolia/esp-idf/components/esp_driver_pcnt /home/tikhon/Документы/magnolia/esp-idf/components/esp_driver_ppa /home/tikhon/Документы/magnolia/esp-idf/components/esp_driver_rmt /home/tikhon/Документы/magnolia/esp-idf/components/esp_driver_sd_intf /home/tikhon/Документы/magnolia/esp-idf/components/esp_driver_sdio /home/tikhon/Документы/magnolia/esp-idf/components/esp_driver_sdm /home/tikhon/Документы/magnolia/esp-idf/components/esp_driver_sdmmc /home/tikhon/Документы/magnolia/esp-idf/components/esp_driver_sdspi /home/tikhon/Документы/magnolia/esp-idf/components/esp_driver_spi /home/tikhon/Документы/magnolia/esp-idf/components/esp_driver_touch_sens /home/tikhon/Документы/magnolia/esp-idf/components/esp_driver_tsens /home/tikhon/Документы/magnolia/esp-idf/components/esp_driver_twai /home/tikhon/Документы/magnolia/esp-idf/components/esp_driver_uart /home/tikhon/Документы/magnolia/esp-idf/components/esp_driver_usb_serial_jtag /home/tikhon/Документы/magnolia/esp-idf/components/esp_eth /home/tikhon/Документы/magnolia/esp-idf/components/esp_event /home/tikhon/Документы/magnolia/esp-idf/components/esp_gdbstub /home/tikhon/Документы/magnolia/esp-idf/components/esp_hid /home/tikhon/Документы/magnolia/esp-idf/components/esp_http_client /home/tikhon/Документы/magnolia/esp-idf/components/esp_http_server /home/tikhon/Документы/magnolia/esp-idf/components/esp_https_ota /home/tikhon/Документы/magnolia/esp-idf/components/esp_https_server /home/tikhon/Документы/magnolia/esp-idf/components/esp_hw_support /home/tikhon/Документы/magnolia/esp-idf/components/esp_lcd /home/tikhon/Документы/magnolia/esp-idf/components/esp_local_ctrl /home/tikhon/Документы/magnolia/esp-idf/components/esp_mm /home/tikhon/Документы/magnolia/esp-idf/components/esp_netif /home/tikhon/Документы/magnolia/esp-idf/components/esp_netif_stack /home/tikhon/Документы/magnolia/esp-idf/components/esp_partition /home/tikhon/Документы/magnolia/esp-idf/components/esp_phy /home/tikhon/Документы/magnolia/esp-idf/components/esp_pm /home/tikhon/Документы/magnolia/esp-idf/components/esp_psram /home/tikhon/Документы/magnolia/esp-idf/components/esp_ringbuf /home/tikhon/Документы/magnolia/esp-idf/components/esp_rom /home/tikhon/Документы/magnolia/esp-idf/components/esp_security /home/tikhon/Документы/magnolia/esp-idf/components/esp_system /home/tikhon/Документы/magnolia/esp-idf/components/esp_timer /home/tikhon/Документы/magnolia/esp-idf/components/esp_vfs_console /home/tikhon/Документы/magnolia/esp-idf/components/esp_wifi /home/tikhon/Документы/magnolia/esp-idf/components/espcoredump /home/tikhon/Документы/magnolia/applets/go/gotest/managed_components/espressif__cmake_utilities /home/tikhon/Документы/magnolia/applets/go/gotest/managed_components/espressif__elf_loader /home/tikhon/Документы/magnolia/esp-idf/components/esptool_py /home/tikhon/Документы/magnolia/esp-idf/components/fatfs /home/tikhon/Документы/magnolia/esp-idf/components/freertos /home/tikhon/Документы/magnolia/esp-idf/components/hal /home/tikhon/Документы/magnolia/esp-idf/components/heap /home/tikhon/Документы/magnolia/esp-idf/components/http_parser /home/tikhon/Документы/magnolia/esp-idf/components/idf_test /home/tikhon/Документы/magnolia/esp-idf/components/ieee802154 /home/tikhon/Документы/magnolia/esp-idf/components/json /home/tikhon/Документы/magnolia/esp-idf/components/log /home/tikhon/Документы/magnolia/esp-idf/components/lwip /home/tikhon/Документы/magnolia/applets/go/gotest/main /home/tikhon/Документы/magnolia/esp-idf/components/mbedtls /home/tikhon/Документы/magnolia/esp-idf/components/mqtt /home/tikhon/Документы/magnolia/esp-idf/components/newlib /home/tikhon/Документы/magnolia/esp-idf/components/nvs_flash /home/tikhon/Документы/magnolia/esp-idf/components/nvs_sec_provider /home/tikhon/Документы/magnolia/esp-idf/components/openthread /home/tikhon/Документы/magnolia/esp-idf/components/partition_table /home/tikhon/Документы/magnolia/esp-idf/components/perfmon /home/tikhon/Документы/magnolia/esp-idf/components/protobuf-c /home/tikhon/Документы/magnolia/esp-idf/components/protocomm /home/tikhon/Документы/magnolia/esp-idf/components/pthread /home/tikhon/Документы/magnolia/esp-idf/components/rt /home/tikhon/Документы/magnolia/esp-idf/components/sdmmc /home/tikhon/Документы/magnolia/esp-idf/components/soc /home/tikhon/Документы/magnolia/esp-idf/components/spi_flash /home/tikhon/Документы/magnolia/esp-idf/components/spiffs /home/tikhon/Документы/magnolia/esp-idf/components/tcp_transport /home/tikhon/Документы/magnolia/esp-idf/components/touch_element /home/tikhon/Документы/magnolia/esp-idf/components/ulp /home/tikhon/Документы/magnolia/esp-idf/components/unity /home/tikhon/Документы/magnolia/esp-idf/components/usb /home/tikhon/Документы/magnolia/esp-idf/components/vfs /home/tikhon/Документы/magnolia/esp-idf/components/wear_levelling /home/tikhon/Документы/magnolia/esp-idf/components/wifi_provisioning /home/tikhon/Документы/magnolia/esp-idf/components/wpa_supplicant /home/tikhon/Документы/magnolia/esp-idf/components/xtensa
-- Configuring done (4.6s)
Applet unlink OK -> /home/tikhon/Документы/magnolia/rootfs/bin/unlink
Building applet rhexdump -> rhexdump ...
+ idf.py elf
[1/4] Building C object esp-idf/esp_app_format/CMakeFiles/__idf_esp_app_format.dir/esp_app_desc.c.obj
-- Generating done (0.5s)
[2/4] Linking C static library esp-idf/esp_app_format/libesp_app_format.a
[3/4] Build ELF: xxd.app.elf
-- Build files have been written to: /home/tikhon/Документы/magnolia/applets/go/false/build
-- Generating done (0.6s)
-- Generating done (0.5s)
-- Build files have been written to: /home/tikhon/Документы/magnolia/applets/go/godd/build
-- Build files have been written to: /home/tikhon/Документы/magnolia/applets/go/gohello/build
-- Generating done (0.5s)
-- Build files have been written to: /home/tikhon/Документы/magnolia/applets/go/echo/build
-- Generating done (0.6s)
[0/4] Re-checking globbed directories...
-- Generating done (0.5s)
-- Build files have been written to: /home/tikhon/Документы/magnolia/applets/go/gohexdump/build
[0/4] Re-checking globbed directories...
Applet xxd OK -> /home/tikhon/Документы/magnolia/rootfs/bin/xxd
Building applet rselftest -> rselftest ...
-- Build files have been written to: /home/tikhon/Документы/magnolia/applets/go/goargs/build
+ idf.py elf
[0/4] Re-checking globbed directories...
[1/6] Building C object esp-idf/esp_app_format/CMakeFiles/__idf_esp_app_format.dir/esp_app_desc.c.obj
[2/6] Linking C static library esp-idf/esp_app_format/libesp_app_format.a
[1/6] Building C object esp-idf/esp_app_format/CMakeFiles/__idf_esp_app_format.dir/esp_app_desc.c.obj
[3/6] Build ELF: false.app.elf
[0/4] Re-checking globbed directories...
[2/6] Linking C static library esp-idf/esp_app_format/libesp_app_format.a
[0/4] Re-checking globbed directories...
[3/6] Build ELF: dd.app.elf
[1/6] Building C object esp-idf/esp_app_format/CMakeFiles/__idf_esp_app_format.dir/esp_app_desc.c.obj
[0/4] Re-checking globbed directories...
[2/6] Linking C static library esp-idf/esp_app_format/libesp_app_format.a
[3/6] Build ELF: gohello.app.elf
-- Generating done (0.5s)
-- Build files have been written to: /home/tikhon/Документы/magnolia/applets/go/gotest/build
[1/6] Building C object esp-idf/esp_app_format/CMakeFiles/__idf_esp_app_format.dir/esp_app_desc.c.obj
[1/6] Building C object esp-idf/esp_app_format/CMakeFiles/__idf_esp_app_format.dir/esp_app_desc.c.obj
[2/6] Linking C static library esp-idf/esp_app_format/libesp_app_format.a
[1/6] Building C object esp-idf/esp_app_format/CMakeFiles/__idf_esp_app_format.dir/esp_app_desc.c.obj
[2/6] Linking C static library esp-idf/esp_app_format/libesp_app_format.a
[3/6] Build ELF: hexdump.app.elf
Applet godd OK -> /home/tikhon/Документы/magnolia/rootfs/bin/godd
Building applet rshello -> rshello ...
Executing action: elf
Running ninja in directory /home/tikhon/Документы/magnolia/applets/go/sleep/build
Executing "ninja elf"...
[0/2] Re-checking globbed directories...
[1/2] Re-running CMake...
+ idf.py elf
[3/6] Build ELF: echo.app.elf
[2/6] Linking C static library esp-idf/esp_app_format/libesp_app_format.a
Applet false OK -> /home/tikhon/Документы/magnolia/rootfs/bin/gofalse
Building applet rusthello -> rusthello ...
+ idf.py elf
Executing action: elf
Running ninja in directory /home/tikhon/Документы/magnolia/applets/go/true/build
Executing "ninja elf"...
[0/2] Re-checking globbed directories...
[1/2] Re-running CMake...
[3/6] Build ELF: goargs.app.elf
Executing action: elf
Running ninja in directory /home/tikhon/Документы/magnolia/applets/go/pwd/build
Executing "ninja elf"...
[0/2] Re-checking globbed directories...
[1/2] Re-running CMake...
Applet gohello OK -> /home/tikhon/Документы/magnolia/rootfs/bin/gohello
Building applet rxxd -> rxxd ...
+ idf.py elf
Executing action: elf
Running ninja in directory /home/tikhon/Документы/magnolia/applets/go/uname/build
Executing "ninja elf"...
[0/2] Re-checking globbed directories...
[1/2] Re-running CMake...
[0/4] Re-checking globbed directories...
Executing action: elf
Running ninja in directory /home/tikhon/Документы/magnolia/applets/rust/edit/build
Executing "ninja elf"...
[0/2] Re-checking globbed directories...
[1/2] Re-running CMake...
Applet gohexdump OK -> /home/tikhon/Документы/magnolia/rootfs/bin/gohexdump
Building applet zdd -> zdd ...
+ idf.py elf
Applet goargs OK -> /home/tikhon/Документы/magnolia/rootfs/bin/goargs
Building applet zhexdump -> zhexdump ...
+ idf.py elf
Applet echo OK -> /home/tikhon/Документы/magnolia/rootfs/bin/goecho
Building applet zigdemo -> zigdemo ...
+ idf.py elf
Executing action: elf
Running ninja in directory /home/tikhon/Документы/magnolia/applets/rust/rdd/build
Executing "ninja elf"...
[0/2] Re-checking globbed directories...
[1/2] Re-running CMake...
-- Project sdkconfig file /home/tikhon/Документы/magnolia/applets/go/goxxd/sdkconfig
[1/6] Building C object esp-idf/esp_app_format/CMakeFiles/__idf_esp_app_format.dir/esp_app_desc.c.obj
[2/6] Linking C static library esp-idf/esp_app_format/libesp_app_format.a
[3/6] Build ELF: gotest.app.elf
Executing action: elf
Running ninja in directory /home/tikhon/Документы/magnolia/applets/rust/rhexdump/build
Executing "ninja elf"...
[0/2] Re-checking globbed directories...
[1/2] Re-running CMake...
Applet gotest OK -> /home/tikhon/Документы/magnolia/rootfs/bin/gotest
Building applet zighello -> zighello ...
+ idf.py elf
Executing action: elf
Running ninja in directory /home/tikhon/Документы/magnolia/applets/rust/rselftest/build
Executing "ninja elf"...
[0/2] Re-checking globbed directories...
[1/2] Re-running CMake...
-- Minimal build - OFF
-- Building ESP-IDF components for target esp32s3
-- Minimal build - OFF
-- Compiler supported targets: xtensa-esp-elf
-- Minimal build - OFF
-- Minimal build - OFF
-- Building ESP-IDF components for target esp32s3
-- Building ESP-IDF components for target esp32s3
Executing action: elf
Running ninja in directory /home/tikhon/Документы/magnolia/applets/rust/rxxd/build
Executing "ninja elf"...
[0/2] Re-checking globbed directories...
[1/2] Re-running CMake...
Executing action: elf
Running ninja in directory /home/tikhon/Документы/magnolia/applets/rust/rshello/build
Executing "ninja elf"...
[0/1] Re-running CMake...
-- Building ESP-IDF components for target esp32s3
-- Minimal build - OFF
-- App "xxd" version: fce3dc6-dirty
-- Minimal build - OFF
Executing action: elf
Running ninja in directory /home/tikhon/Документы/magnolia/applets/rust/rusthello/build
Executing "ninja elf"...
[0/2] Re-checking globbed directories...
[1/2] Re-running CMake...
-- Building ESP-IDF components for target esp32s3
-- Building ESP-IDF components for target esp32s3
Executing action: elf
Running ninja in directory /home/tikhon/Документы/magnolia/applets/zig/zigdemo/build
Executing "ninja elf"...
[0/2] Re-checking globbed directories...
[1/2] Re-running CMake...
Executing action: elf
Running ninja in directory /home/tikhon/Документы/magnolia/applets/zig/zdd/build
Executing "ninja elf"...
[0/2] Re-checking globbed directories...
[1/2] Re-running CMake...
-- Minimal build - OFF
Executing action: elf
Running ninja in directory /home/tikhon/Документы/magnolia/applets/zig/zhexdump/build
Executing "ninja elf"...
[0/2] Re-checking globbed directories...
[1/2] Re-running CMake...
-- Building ESP-IDF components for target esp32s3
-- USING O3
-- Adding linker script /home/tikhon/Документы/magnolia/applets/go/goxxd/build/esp-idf/esp_system/ld/memory.ld
-- Adding linker script /home/tikhon/Документы/magnolia/applets/go/goxxd/build/esp-idf/esp_system/ld/sections.ld.in
-- Adding linker script /home/tikhon/Документы/magnolia/esp-idf/components/esp_rom/esp32s3/ld/esp32s3.rom.ld
-- Adding linker script /home/tikhon/Документы/magnolia/esp-idf/components/esp_rom/esp32s3/ld/esp32s3.rom.api.ld
-- Adding linker script /home/tikhon/Документы/magnolia/esp-idf/components/esp_rom/esp32s3/ld/esp32s3.rom.bt_funcs.ld
-- Adding linker script /home/tikhon/Документы/magnolia/esp-idf/components/esp_rom/esp32s3/ld/esp32s3.rom.libgcc.ld
-- Adding linker script /home/tikhon/Документы/magnolia/esp-idf/components/esp_rom/esp32s3/ld/esp32s3.rom.wdt.ld
-- Adding linker script /home/tikhon/Документы/magnolia/esp-idf/components/esp_rom/esp32s3/ld/esp32s3.rom.version.ld
-- Adding linker script /home/tikhon/Документы/magnolia/esp-idf/components/esp_rom/esp32s3/ld/esp32s3.rom.ble_master.ld
-- Adding linker script /home/tikhon/Документы/magnolia/esp-idf/components/esp_rom/esp32s3/ld/esp32s3.rom.ble_50.ld
-- Adding linker script /home/tikhon/Документы/magnolia/esp-idf/components/esp_rom/esp32s3/ld/esp32s3.rom.ble_smp.ld
-- Adding linker script /home/tikhon/Документы/magnolia/esp-idf/components/esp_rom/esp32s3/ld/esp32s3.rom.ble_dtm.ld
-- Adding linker script /home/tikhon/Документы/magnolia/esp-idf/components/esp_rom/esp32s3/ld/esp32s3.rom.ble_test.ld
-- Adding linker script /home/tikhon/Документы/magnolia/esp-idf/components/esp_rom/esp32s3/ld/esp32s3.rom.ble_scan.ld
-- Adding linker script /home/tikhon/Документы/magnolia/esp-idf/components/esp_rom/esp32s3/ld/esp32s3.rom.libc.ld
-- Adding linker script /home/tikhon/Документы/magnolia/esp-idf/components/esp_rom/esp32s3/ld/esp32s3.rom.newlib.ld
-- Adding linker script /home/tikhon/Документы/magnolia/esp-idf/components/soc/esp32s3/ld/esp32s3.peripherals.ld
NOTICE: Processing 1 dependencies:
NOTICE: [1/1] idf (6.0.0)
Executing action: elf
Running ninja in directory /home/tikhon/Документы/magnolia/applets/zig/zighello/build
Executing "ninja elf"...
[0/2] Re-checking globbed directories...
[1/2] Re-running CMake...
-- Minimal build - OFF
-- Building ESP-IDF components for target esp32s3
-- ESP-TEE is currently supported only on the esp32c6;esp32h2;esp32c5 SoCs
-- ELF_LOADER: 1.1.1
NOTICE: Processing 3 dependencies:
NOTICE: [1/3] espressif/cmake_utilities (0.5.3)
NOTICE: [2/3] espressif/elf_loader (1.1.1)
NOTICE: [3/3] idf (6.0.0)
NOTICE: Processing 3 dependencies:
NOTICE: [1/3] espressif/cmake_utilities (0.5.3)
NOTICE: [2/3] espressif/elf_loader (1.1.1)
NOTICE: [3/3] idf (6.0.0)
-- Minimal build - OFF
-- Minimal build - OFF
NOTICE: Processing 3 dependencies:
NOTICE: [1/3] espressif/cmake_utilities (0.5.3)
NOTICE: [2/3] espressif/elf_loader (1.1.1)
NOTICE: Processing 3 dependencies:
NOTICE: [1/3] espressif/cmake_utilities (0.5.3)
NOTICE: [3/3] idf (6.0.0)
NOTICE: [2/3] espressif/elf_loader (1.1.1)
NOTICE: [3/3] idf (6.0.0)
-- Building ESP-IDF components for target esp32s3
-- Building ESP-IDF components for target esp32s3
NOTICE: Processing 3 dependencies:
NOTICE: [1/3] espressif/cmake_utilities (0.5.3)
NOTICE: [2/3] espressif/elf_loader (1.1.1)
NOTICE: [3/3] idf (6.0.0)
-- Minimal build - OFF
-- Building ESP-IDF components for target esp32s3
-- ESP-TEE is currently supported only on the esp32c6;esp32h2;esp32c5 SoCs
-- Minimal build - OFF
-- Minimal build - OFF
NOTICE: Processing 3 dependencies:
NOTICE: [1/3] espressif/cmake_utilities (0.5.3)
NOTICE: [2/3] espressif/elf_loader (1.1.1)
NOTICE: Processing 1 dependencies:
NOTICE: [1/1] idf (6.0.0)
NOTICE: [3/3] idf (6.0.0)
-- Minimal build - OFF
-- Building ESP-IDF components for target esp32s3
-- Building ESP-IDF components for target esp32s3
-- ESP-TEE is currently supported only on the esp32c6;esp32h2;esp32c5 SoCs
-- ESP-TEE is currently supported only on the esp32c6;esp32h2;esp32c5 SoCs
-- ESP-TEE is currently supported only on the esp32c6;esp32h2;esp32c5 SoCs
-- Building ESP-IDF components for target esp32s3
-- ESP-TEE is currently supported only on the esp32c6;esp32h2;esp32c5 SoCs
-- Components: app_trace app_update bootloader bootloader_support bt cmock console cxx driver efuse esp-tls esp_adc esp_app_format esp_bootloader_format esp_coex esp_common esp_driver_ana_cmpr esp_driver_bitscrambler esp_driver_cam esp_driver_dac esp_driver_gpio esp_driver_gptimer esp_driver_i2c esp_driver_i2s esp_driver_i3c esp_driver_isp esp_driver_jpeg esp_driver_ledc esp_driver_mcpwm esp_driver_parlio esp_driver_pcnt esp_driver_ppa esp_driver_rmt esp_driver_sd_intf esp_driver_sdio esp_driver_sdm esp_driver_sdmmc esp_driver_sdspi esp_driver_spi esp_driver_touch_sens esp_driver_tsens esp_driver_twai esp_driver_uart esp_driver_usb_serial_jtag esp_eth esp_event esp_gdbstub esp_hid esp_http_client esp_http_server esp_https_ota esp_https_server esp_hw_support esp_lcd esp_local_ctrl esp_mm esp_netif esp_netif_stack esp_partition esp_phy esp_pm esp_psram esp_ringbuf esp_rom esp_security esp_system esp_timer esp_vfs_console esp_wifi espcoredump espressif__cmake_utilities espressif__elf_loader esptool_py fatfs freertos hal heap http_parser idf_test ieee802154 json log lwip main mbedtls mqtt newlib nvs_flash nvs_sec_provider openthread partition_table perfmon protobuf-c protocomm pthread rt sdmmc soc spi_flash spiffs tcp_transport touch_element ulp unity usb vfs wear_levelling wifi_provisioning wpa_supplicant xtensa
-- Component paths: /home/tikhon/Документы/magnolia/esp-idf/components/app_trace /home/tikhon/Документы/magnolia/esp-idf/components/app_update /home/tikhon/Документы/magnolia/esp-idf/components/bootloader /home/tikhon/Документы/magnolia/esp-idf/components/bootloader_support /home/tikhon/Документы/magnolia/esp-idf/components/bt /home/tikhon/Документы/magnolia/esp-idf/components/cmock /home/tikhon/Документы/magnolia/esp-idf/components/console /home/tikhon/Документы/magnolia/esp-idf/components/cxx /home/tikhon/Документы/magnolia/esp-idf/components/driver /home/tikhon/Документы/magnolia/esp-idf/components/efuse /home/tikhon/Документы/magnolia/esp-idf/components/esp-tls /home/tikhon/Документы/magnolia/esp-idf/components/esp_adc /home/tikhon/Документы/magnolia/esp-idf/components/esp_app_format /home/tikhon/Документы/magnolia/esp-idf/components/esp_bootloader_format /home/tikhon/Документы/magnolia/esp-idf/components/esp_coex /home/tikhon/Документы/magnolia/esp-idf/components/esp_common /home/tikhon/Документы/magnolia/esp-idf/components/esp_driver_ana_cmpr /home/tikhon/Документы/magnolia/esp-idf/components/esp_driver_bitscrambler /home/tikhon/Документы/magnolia/esp-idf/components/esp_driver_cam /home/tikhon/Документы/magnolia/esp-idf/components/esp_driver_dac /home/tikhon/Документы/magnolia/esp-idf/components/esp_driver_gpio /home/tikhon/Документы/magnolia/esp-idf/components/esp_driver_gptimer /home/tikhon/Документы/magnolia/esp-idf/components/esp_driver_i2c /home/tikhon/Документы/magnolia/esp-idf/components/esp_driver_i2s /home/tikhon/Документы/magnolia/esp-idf/components/esp_driver_i3c /home/tikhon/Документы/magnolia/esp-idf/components/esp_driver_isp /home/tikhon/Документы/magnolia/esp-idf/components/esp_driver_jpeg /home/tikhon/Документы/magnolia/esp-idf/components/esp_driver_ledc /home/tikhon/Документы/magnolia/esp-idf/components/esp_driver_mcpwm /home/tikhon/Документы/magnolia/esp-idf/components/esp_driver_parlio /home/tikhon/Документы/magnolia/esp-idf/components/esp_driver_pcnt /home/tikhon/Документы/magnolia/esp-idf/components/esp_driver_ppa /home/tikhon/Документы/magnolia/esp-idf/components/esp_driver_rmt /home/tikhon/Документы/magnolia/esp-idf/components/esp_driver_sd_intf /home/tikhon/Документы/magnolia/esp-idf/components/esp_driver_sdio /home/tikhon/Документы/magnolia/esp-idf/components/esp_driver_sdm /home/tikhon/Документы/magnolia/esp-idf/components/esp_driver_sdmmc /home/tikhon/Документы/magnolia/esp-idf/components/esp_driver_sdspi /home/tikhon/Документы/magnolia/esp-idf/components/esp_driver_spi /home/tikhon/Документы/magnolia/esp-idf/components/esp_driver_touch_sens /home/tikhon/Документы/magnolia/esp-idf/components/esp_driver_tsens /home/tikhon/Документы/magnolia/esp-idf/components/esp_driver_twai /home/tikhon/Документы/magnolia/esp-idf/components/esp_driver_uart /home/tikhon/Документы/magnolia/esp-idf/components/esp_driver_usb_serial_jtag /home/tikhon/Документы/magnolia/esp-idf/components/esp_eth /home/tikhon/Документы/magnolia/esp-idf/components/esp_event /home/tikhon/Документы/magnolia/esp-idf/components/esp_gdbstub /home/tikhon/Документы/magnolia/esp-idf/components/esp_hid /home/tikhon/Документы/magnolia/esp-idf/components/esp_http_client /home/tikhon/Документы/magnolia/esp-idf/components/esp_http_server /home/tikhon/Документы/magnolia/esp-idf/components/esp_https_ota /home/tikhon/Документы/magnolia/esp-idf/components/esp_https_server /home/tikhon/Документы/magnolia/esp-idf/components/esp_hw_support /home/tikhon/Документы/magnolia/esp-idf/components/esp_lcd /home/tikhon/Документы/magnolia/esp-idf/components/esp_local_ctrl /home/tikhon/Документы/magnolia/esp-idf/components/esp_mm /home/tikhon/Документы/magnolia/esp-idf/components/esp_netif /home/tikhon/Документы/magnolia/esp-idf/components/esp_netif_stack /home/tikhon/Документы/magnolia/esp-idf/components/esp_partition /home/tikhon/Документы/magnolia/esp-idf/components/esp_phy /home/tikhon/Документы/magnolia/esp-idf/components/esp_pm /home/tikhon/Документы/magnolia/esp-idf/components/esp_psram /home/tikhon/Документы/magnolia/esp-idf/components/esp_ringbuf /home/tikhon/Документы/magnolia/esp-idf/components/esp_rom /home/tikhon/Документы/magnolia/esp-idf/components/esp_security /home/tikhon/Документы/magnolia/esp-idf/components/esp_system /home/tikhon/Документы/magnolia/esp-idf/components/esp_timer /home/tikhon/Документы/magnolia/esp-idf/components/esp_vfs_console /home/tikhon/Документы/magnolia/esp-idf/components/esp_wifi /home/tikhon/Документы/magnolia/esp-idf/components/espcoredump /home/tikhon/Документы/magnolia/applets/go/goxxd/managed_components/espressif__cmake_utilities /home/tikhon/Документы/magnolia/applets/go/goxxd/managed_components/espressif__elf_loader /home/tikhon/Документы/magnolia/esp-idf/components/esptool_py /home/tikhon/Документы/magnolia/esp-idf/components/fatfs /home/tikhon/Документы/magnolia/esp-idf/components/freertos /home/tikhon/Документы/magnolia/esp-idf/components/hal /home/tikhon/Документы/magnolia/esp-idf/components/heap /home/tikhon/Документы/magnolia/esp-idf/components/http_parser /home/tikhon/Документы/magnolia/esp-idf/components/idf_test /home/tikhon/Документы/magnolia/esp-idf/components/ieee802154 /home/tikhon/Документы/magnolia/esp-idf/components/json /home/tikhon/Документы/magnolia/esp-idf/components/log /home/tikhon/Документы/magnolia/esp-idf/components/lwip /home/tikhon/Документы/magnolia/applets/go/goxxd/main /home/tikhon/Документы/magnolia/esp-idf/components/mbedtls /home/tikhon/Документы/magnolia/esp-idf/components/mqtt /home/tikhon/Документы/magnolia/esp-idf/components/newlib /home/tikhon/Документы/magnolia/esp-idf/components/nvs_flash /home/tikhon/Документы/magnolia/esp-idf/components/nvs_sec_provider /home/tikhon/Документы/magnolia/esp-idf/components/openthread /home/tikhon/Документы/magnolia/esp-idf/components/partition_table /home/tikhon/Документы/magnolia/esp-idf/components/perfmon /home/tikhon/Документы/magnolia/esp-idf/components/protobuf-c /home/tikhon/Документы/magnolia/esp-idf/components/protocomm /home/tikhon/Документы/magnolia/esp-idf/components/pthread /home/tikhon/Документы/magnolia/esp-idf/components/rt /home/tikhon/Документы/magnolia/esp-idf/components/sdmmc /home/tikhon/Документы/magnolia/esp-idf/components/soc /home/tikhon/Документы/magnolia/esp-idf/components/spi_flash /home/tikhon/Документы/magnolia/esp-idf/components/spiffs /home/tikhon/Документы/magnolia/esp-idf/components/tcp_transport /home/tikhon/Документы/magnolia/esp-idf/components/touch_element /home/tikhon/Документы/magnolia/esp-idf/components/ulp /home/tikhon/Документы/magnolia/esp-idf/components/unity /home/tikhon/Документы/magnolia/esp-idf/components/usb /home/tikhon/Документы/magnolia/esp-idf/components/vfs /home/tikhon/Документы/magnolia/esp-idf/components/wear_levelling /home/tikhon/Документы/magnolia/esp-idf/components/wifi_provisioning /home/tikhon/Документы/magnolia/esp-idf/components/wpa_supplicant /home/tikhon/Документы/magnolia/esp-idf/components/xtensa
-- Configuring done (4.7s)
NOTICE: Processing 1 dependencies:
NOTICE: [1/1] idf (6.0.0)
-- ESP-TEE is currently supported only on the esp32c6;esp32h2;esp32c5 SoCs
-- Minimal build - OFF
-- ESP-TEE is currently supported only on the esp32c6;esp32h2;esp32c5 SoCs
-- Building ESP-IDF components for target esp32s3
NOTICE: Processing 1 dependencies:
NOTICE: [1/1] idf (6.0.0)
-- ESP-TEE is currently supported only on the esp32c6;esp32h2;esp32c5 SoCs
-- ESP-TEE is currently supported only on the esp32c6;esp32h2;esp32c5 SoCs
NOTICE: Processing 3 dependencies:
NOTICE: [1/3] espressif/cmake_utilities (0.5.3)
NOTICE: [2/3] espressif/elf_loader (1.1.1)
NOTICE: [3/3] idf (6.0.0)
-- Project sdkconfig file /home/tikhon/Документы/magnolia/applets/rust/edit/sdkconfig
NOTICE: Processing 3 dependencies:
NOTICE: [1/3] espressif/cmake_utilities (0.5.3)
NOTICE: [2/3] espressif/elf_loader (1.1.1)
NOTICE: [3/3] idf (6.0.0)
NOTICE: Processing 3 dependencies:
NOTICE: [1/3] espressif/cmake_utilities (0.5.3)
NOTICE: [2/3] espressif/elf_loader (1.1.1)
NOTICE: [3/3] idf (6.0.0)
NOTICE: Processing 3 dependencies:
NOTICE: [1/3] espressif/cmake_utilities (0.5.3)
NOTICE: [2/3] espressif/elf_loader (1.1.1)
NOTICE: [3/3] idf (6.0.0)
-- ESP-TEE is currently supported only on the esp32c6;esp32h2;esp32c5 SoCs
-- Generating done (0.5s)
-- Build files have been written to: /home/tikhon/Документы/magnolia/applets/go/goxxd/build
NOTICE: Processing 3 dependencies:
NOTICE: [1/3] espressif/cmake_utilities (0.5.3)
NOTICE: [2/3] espressif/elf_loader (1.1.1)
NOTICE: [3/3] idf (6.0.0)
-- ESP-TEE is currently supported only on the esp32c6;esp32h2;esp32c5 SoCs
-- ESP-TEE is currently supported only on the esp32c6;esp32h2;esp32c5 SoCs
-- ESP-TEE is currently supported only on the esp32c6;esp32h2;esp32c5 SoCs
-- Project sdkconfig file /home/tikhon/Документы/magnolia/applets/go/pwd/sdkconfig
[0/4] Re-checking globbed directories...
-- Project sdkconfig file /home/tikhon/Документы/magnolia/applets/go/sleep/sdkconfig
-- Project sdkconfig file /home/tikhon/Документы/magnolia/applets/go/uname/sdkconfig
-- Project sdkconfig file /home/tikhon/Документы/magnolia/applets/go/true/sdkconfig
-- Project sdkconfig file /home/tikhon/Документы/magnolia/applets/rust/rdd/sdkconfig
[1/6] Building C object esp-idf/esp_app_format/CMakeFiles/__idf_esp_app_format.dir/esp_app_desc.c.obj
-- ESP-TEE is currently supported only on the esp32c6;esp32h2;esp32c5 SoCs
[2/6] Linking C static library esp-idf/esp_app_format/libesp_app_format.a
[3/6] Build ELF: xxd.app.elf
-- Project sdkconfig file /home/tikhon/Документы/magnolia/applets/rust/rhexdump/sdkconfig
-- Project sdkconfig file /home/tikhon/Документы/magnolia/applets/rust/rselftest/sdkconfig
-- Compiler supported targets: xtensa-esp-elf
Applet goxxd OK -> /home/tikhon/Документы/magnolia/rootfs/bin/goxxd
Building applet zigtest -> zigtest ...
+ idf.py elf
-- Project sdkconfig file /home/tikhon/Документы/magnolia/applets/rust/rshello/sdkconfig
-- App "edit" version: fce3dc6-dirty
-- Project sdkconfig file /home/tikhon/Документы/magnolia/applets/rust/rusthello/sdkconfig
-- USING O3
-- Compiler supported targets: xtensa-esp-elf
-- Adding linker script /home/tikhon/Документы/magnolia/applets/rust/edit/build/esp-idf/esp_system/ld/memory.ld
-- Compiler supported targets: xtensa-esp-elf
-- Adding linker script /home/tikhon/Документы/magnolia/applets/rust/edit/build/esp-idf/esp_system/ld/sections.ld.in
-- Adding linker script /home/tikhon/Документы/magnolia/esp-idf/components/esp_rom/esp32s3/ld/esp32s3.rom.ld
-- Adding linker script /home/tikhon/Документы/magnolia/esp-idf/components/esp_rom/esp32s3/ld/esp32s3.rom.api.ld
-- Adding linker script /home/tikhon/Документы/magnolia/esp-idf/components/esp_rom/esp32s3/ld/esp32s3.rom.bt_funcs.ld
Loading defaults file /home/tikhon/Документы/magnolia/applets/rust/rshello/sdkconfig.defaults...
-- Compiler supported targets: xtensa-esp-elf
-- Adding linker script /home/tikhon/Документы/magnolia/esp-idf/components/esp_rom/esp32s3/ld/esp32s3.rom.libgcc.ld
-- Adding linker script /home/tikhon/Документы/magnolia/esp-idf/components/esp_rom/esp32s3/ld/esp32s3.rom.wdt.ld
-- Adding linker script /home/tikhon/Документы/magnolia/esp-idf/components/esp_rom/esp32s3/ld/esp32s3.rom.version.ld
-- Adding linker script /home/tikhon/Документы/magnolia/esp-idf/components/esp_rom/esp32s3/ld/esp32s3.rom.ble_master.ld
-- Adding linker script /home/tikhon/Документы/magnolia/esp-idf/components/esp_rom/esp32s3/ld/esp32s3.rom.ble_50.ld
-- Adding linker script /home/tikhon/Документы/magnolia/esp-idf/components/esp_rom/esp32s3/ld/esp32s3.rom.ble_smp.ld
-- Adding linker script /home/tikhon/Документы/magnolia/esp-idf/components/esp_rom/esp32s3/ld/esp32s3.rom.ble_dtm.ld
-- Adding linker script /home/tikhon/Документы/magnolia/esp-idf/components/esp_rom/esp32s3/ld/esp32s3.rom.ble_test.ld
-- Adding linker script /home/tikhon/Документы/magnolia/esp-idf/components/esp_rom/esp32s3/ld/esp32s3.rom.ble_scan.ld
-- Adding linker script /home/tikhon/Документы/magnolia/esp-idf/components/esp_rom/esp32s3/ld/esp32s3.rom.libc.ld
-- Adding linker script /home/tikhon/Документы/magnolia/esp-idf/components/esp_rom/esp32s3/ld/esp32s3.rom.newlib.ld
-- Compiler supported targets: xtensa-esp-elf
-- Adding linker script /home/tikhon/Документы/magnolia/esp-idf/components/soc/esp32s3/ld/esp32s3.peripherals.ld
-- Compiler supported targets: xtensa-esp-elf
-- App "pwd" version: fce3dc6-dirty
-- Project sdkconfig file /home/tikhon/Документы/magnolia/applets/rust/rxxd/sdkconfig
-- Compiler supported targets: xtensa-esp-elf
-- Compiler supported targets: xtensa-esp-elf
-- App "sleep" version: fce3dc6-dirty
-- App "true" version: fce3dc6-dirty
-- App "dd" version: fce3dc6-dirty
-- Project sdkconfig file /home/tikhon/Документы/magnolia/applets/zig/zigdemo/sdkconfig
-- Project sdkconfig file /home/tikhon/Документы/magnolia/applets/zig/zhexdump/sdkconfig
-- Project sdkconfig file /home/tikhon/Документы/magnolia/applets/zig/zdd/sdkconfig
-- App "hexdump" version: fce3dc6-dirty
-- App "uname" version: fce3dc6-dirty
-- App "rselftest" version: fce3dc6-dirty
-- Compiler supported targets: xtensa-esp-elf
-- USING O3
-- Adding linker script /home/tikhon/Документы/magnolia/applets/go/pwd/build/esp-idf/esp_system/ld/memory.ld
-- Adding linker script /home/tikhon/Документы/magnolia/applets/go/pwd/build/esp-idf/esp_system/ld/sections.ld.in
-- Adding linker script /home/tikhon/Документы/magnolia/esp-idf/components/esp_rom/esp32s3/ld/esp32s3.rom.ld
-- Adding linker script /home/tikhon/Документы/magnolia/esp-idf/components/esp_rom/esp32s3/ld/esp32s3.rom.api.ld
-- Adding linker script /home/tikhon/Документы/magnolia/esp-idf/components/esp_rom/esp32s3/ld/esp32s3.rom.bt_funcs.ld
-- Adding linker script /home/tikhon/Документы/magnolia/esp-idf/components/esp_rom/esp32s3/ld/esp32s3.rom.libgcc.ld
-- Adding linker script /home/tikhon/Документы/magnolia/esp-idf/components/esp_rom/esp32s3/ld/esp32s3.rom.wdt.ld
-- Adding linker script /home/tikhon/Документы/magnolia/esp-idf/components/esp_rom/esp32s3/ld/esp32s3.rom.version.ld
-- Adding linker script /home/tikhon/Документы/magnolia/esp-idf/components/esp_rom/esp32s3/ld/esp32s3.rom.ble_master.ld
-- Adding linker script /home/tikhon/Документы/magnolia/esp-idf/components/esp_rom/esp32s3/ld/esp32s3.rom.ble_50.ld
-- Adding linker script /home/tikhon/Документы/magnolia/esp-idf/components/esp_rom/esp32s3/ld/esp32s3.rom.ble_smp.ld
-- Adding linker script /home/tikhon/Документы/magnolia/esp-idf/components/esp_rom/esp32s3/ld/esp32s3.rom.ble_dtm.ld
-- Adding linker script /home/tikhon/Документы/magnolia/esp-idf/components/esp_rom/esp32s3/ld/esp32s3.rom.ble_test.ld
-- Adding linker script /home/tikhon/Документы/magnolia/esp-idf/components/esp_rom/esp32s3/ld/esp32s3.rom.ble_scan.ld
-- Adding linker script /home/tikhon/Документы/magnolia/esp-idf/components/esp_rom/esp32s3/ld/esp32s3.rom.libc.ld
-- Adding linker script /home/tikhon/Документы/magnolia/esp-idf/components/esp_rom/esp32s3/ld/esp32s3.rom.newlib.ld
-- Adding linker script /home/tikhon/Документы/magnolia/esp-idf/components/soc/esp32s3/ld/esp32s3.peripherals.ld
-- Project sdkconfig file /home/tikhon/Документы/magnolia/applets/zig/zighello/sdkconfig
-- USING O3
-- USING O3
-- USING O3
-- Adding linker script /home/tikhon/Документы/magnolia/applets/rust/rdd/build/esp-idf/esp_system/ld/memory.ld
-- Adding linker script /home/tikhon/Документы/magnolia/applets/rust/rdd/build/esp-idf/esp_system/ld/sections.ld.in
-- Adding linker script /home/tikhon/Документы/magnolia/applets/go/true/build/esp-idf/esp_system/ld/memory.ld
-- Adding linker script /home/tikhon/Документы/magnolia/applets/go/true/build/esp-idf/esp_system/ld/sections.ld.in
-- Adding linker script /home/tikhon/Документы/magnolia/esp-idf/components/esp_rom/esp32s3/ld/esp32s3.rom.ld
-- Adding linker script /home/tikhon/Документы/magnolia/esp-idf/components/esp_rom/esp32s3/ld/esp32s3.rom.api.ld
-- Adding linker script /home/tikhon/Документы/magnolia/esp-idf/components/esp_rom/esp32s3/ld/esp32s3.rom.bt_funcs.ld
-- Adding linker script /home/tikhon/Документы/magnolia/esp-idf/components/esp_rom/esp32s3/ld/esp32s3.rom.libgcc.ld
-- Adding linker script /home/tikhon/Документы/magnolia/esp-idf/components/esp_rom/esp32s3/ld/esp32s3.rom.wdt.ld
-- Adding linker script /home/tikhon/Документы/magnolia/esp-idf/components/esp_rom/esp32s3/ld/esp32s3.rom.version.ld
-- Adding linker script /home/tikhon/Документы/magnolia/esp-idf/components/esp_rom/esp32s3/ld/esp32s3.rom.ble_master.ld
-- Adding linker script /home/tikhon/Документы/magnolia/esp-idf/components/esp_rom/esp32s3/ld/esp32s3.rom.ble_50.ld
-- Adding linker script /home/tikhon/Документы/magnolia/esp-idf/components/esp_rom/esp32s3/ld/esp32s3.rom.ble_smp.ld
-- Adding linker script /home/tikhon/Документы/magnolia/esp-idf/components/esp_rom/esp32s3/ld/esp32s3.rom.ble_dtm.ld
-- Adding linker script /home/tikhon/Документы/magnolia/esp-idf/components/esp_rom/esp32s3/ld/esp32s3.rom.ble_test.ld
-- Adding linker script /home/tikhon/Документы/magnolia/esp-idf/components/esp_rom/esp32s3/ld/esp32s3.rom.ble_scan.ld
-- Adding linker script /home/tikhon/Документы/magnolia/esp-idf/components/esp_rom/esp32s3/ld/esp32s3.rom.libc.ld
-- Adding linker script /home/tikhon/Документы/magnolia/esp-idf/components/esp_rom/esp32s3/ld/esp32s3.rom.newlib.ld
-- Compiler supported targets: xtensa-esp-elf
-- Adding linker script /home/tikhon/Документы/magnolia/applets/go/sleep/build/esp-idf/esp_system/ld/memory.ld
-- Adding linker script /home/tikhon/Документы/magnolia/applets/go/sleep/build/esp-idf/esp_system/ld/sections.ld.in
-- Adding linker script /home/tikhon/Документы/magnolia/esp-idf/components/esp_rom/esp32s3/ld/esp32s3.rom.ld
-- Adding linker script /home/tikhon/Документы/magnolia/esp-idf/components/esp_rom/esp32s3/ld/esp32s3.rom.api.ld
-- Adding linker script /home/tikhon/Документы/magnolia/esp-idf/components/esp_rom/esp32s3/ld/esp32s3.rom.bt_funcs.ld
-- Adding linker script /home/tikhon/Документы/magnolia/esp-idf/components/esp_rom/esp32s3/ld/esp32s3.rom.libgcc.ld
-- Adding linker script /home/tikhon/Документы/magnolia/esp-idf/components/esp_rom/esp32s3/ld/esp32s3.rom.wdt.ld
-- Adding linker script /home/tikhon/Документы/magnolia/esp-idf/components/esp_rom/esp32s3/ld/esp32s3.rom.version.ld
-- Adding linker script /home/tikhon/Документы/magnolia/esp-idf/components/esp_rom/esp32s3/ld/esp32s3.rom.ble_master.ld
-- Adding linker script /home/tikhon/Документы/magnolia/esp-idf/components/esp_rom/esp32s3/ld/esp32s3.rom.ble_50.ld
-- Adding linker script /home/tikhon/Документы/magnolia/esp-idf/components/esp_rom/esp32s3/ld/esp32s3.rom.ble_smp.ld
-- Adding linker script /home/tikhon/Документы/magnolia/esp-idf/components/esp_rom/esp32s3/ld/esp32s3.rom.ble_dtm.ld
-- Adding linker script /home/tikhon/Документы/magnolia/esp-idf/components/esp_rom/esp32s3/ld/esp32s3.rom.ble_test.ld
-- Adding linker script /home/tikhon/Документы/magnolia/esp-idf/components/esp_rom/esp32s3/ld/esp32s3.rom.ble_scan.ld
-- Adding linker script /home/tikhon/Документы/magnolia/esp-idf/components/esp_rom/esp32s3/ld/esp32s3.rom.libc.ld
-- Adding linker script /home/tikhon/Документы/magnolia/esp-idf/components/esp_rom/esp32s3/ld/esp32s3.rom.newlib.ld
-- Adding linker script /home/tikhon/Документы/magnolia/esp-idf/components/soc/esp32s3/ld/esp32s3.peripherals.ld
-- App "rshello" version: fce3dc6-dirty
-- Adding linker script /home/tikhon/Документы/magnolia/esp-idf/components/soc/esp32s3/ld/esp32s3.peripherals.ld
-- Adding linker script /home/tikhon/Документы/magnolia/esp-idf/components/esp_rom/esp32s3/ld/esp32s3.rom.ld
-- Adding linker script /home/tikhon/Документы/magnolia/esp-idf/components/esp_rom/esp32s3/ld/esp32s3.rom.api.ld
-- USING O3
-- Adding linker script /home/tikhon/Документы/magnolia/esp-idf/components/esp_rom/esp32s3/ld/esp32s3.rom.bt_funcs.ld
-- Adding linker script /home/tikhon/Документы/magnolia/esp-idf/components/esp_rom/esp32s3/ld/esp32s3.rom.libgcc.ld
-- Adding linker script /home/tikhon/Документы/magnolia/esp-idf/components/esp_rom/esp32s3/ld/esp32s3.rom.wdt.ld
-- Adding linker script /home/tikhon/Документы/magnolia/esp-idf/components/esp_rom/esp32s3/ld/esp32s3.rom.version.ld
-- Adding linker script /home/tikhon/Документы/magnolia/esp-idf/components/esp_rom/esp32s3/ld/esp32s3.rom.ble_master.ld
-- Adding linker script /home/tikhon/Документы/magnolia/esp-idf/components/esp_rom/esp32s3/ld/esp32s3.rom.ble_50.ld
-- Adding linker script /home/tikhon/Документы/magnolia/esp-idf/components/esp_rom/esp32s3/ld/esp32s3.rom.ble_smp.ld
-- USING O3
-- Adding linker script /home/tikhon/Документы/magnolia/esp-idf/components/esp_rom/esp32s3/ld/esp32s3.rom.ble_dtm.ld
-- Adding linker script /home/tikhon/Документы/magnolia/esp-idf/components/esp_rom/esp32s3/ld/esp32s3.rom.ble_test.ld
-- Adding linker script /home/tikhon/Документы/magnolia/esp-idf/components/esp_rom/esp32s3/ld/esp32s3.rom.ble_scan.ld
-- Adding linker script /home/tikhon/Документы/magnolia/esp-idf/components/esp_rom/esp32s3/ld/esp32s3.rom.libc.ld
-- Adding linker script /home/tikhon/Документы/magnolia/esp-idf/components/esp_rom/esp32s3/ld/esp32s3.rom.newlib.ld
Executing action: elf
Running ninja in directory /home/tikhon/Документы/magnolia/applets/zig/zigtest/build
Executing "ninja elf"...
[0/2] Re-checking globbed directories...
[1/2] Re-running CMake...
-- Adding linker script /home/tikhon/Документы/magnolia/esp-idf/components/soc/esp32s3/ld/esp32s3.peripherals.ld
-- Adding linker script /home/tikhon/Документы/magnolia/applets/rust/rhexdump/build/esp-idf/esp_system/ld/memory.ld
-- Adding linker script /home/tikhon/Документы/magnolia/applets/rust/rhexdump/build/esp-idf/esp_system/ld/sections.ld.in
-- USING O3
-- Adding linker script /home/tikhon/Документы/magnolia/esp-idf/components/esp_rom/esp32s3/ld/esp32s3.rom.ld
-- Adding linker script /home/tikhon/Документы/magnolia/esp-idf/components/esp_rom/esp32s3/ld/esp32s3.rom.api.ld
-- Adding linker script /home/tikhon/Документы/magnolia/esp-idf/components/esp_rom/esp32s3/ld/esp32s3.rom.bt_funcs.ld
-- Adding linker script /home/tikhon/Документы/magnolia/esp-idf/components/esp_rom/esp32s3/ld/esp32s3.rom.libgcc.ld
-- Adding linker script /home/tikhon/Документы/magnolia/esp-idf/components/esp_rom/esp32s3/ld/esp32s3.rom.wdt.ld
-- Adding linker script /home/tikhon/Документы/magnolia/esp-idf/components/esp_rom/esp32s3/ld/esp32s3.rom.version.ld
-- Adding linker script /home/tikhon/Документы/magnolia/esp-idf/components/esp_rom/esp32s3/ld/esp32s3.rom.ble_master.ld
-- Adding linker script /home/tikhon/Документы/magnolia/esp-idf/components/esp_rom/esp32s3/ld/esp32s3.rom.ble_50.ld
-- Adding linker script /home/tikhon/Документы/magnolia/esp-idf/components/esp_rom/esp32s3/ld/esp32s3.rom.ble_smp.ld
-- Adding linker script /home/tikhon/Документы/magnolia/esp-idf/components/esp_rom/esp32s3/ld/esp32s3.rom.ble_dtm.ld
-- Adding linker script /home/tikhon/Документы/magnolia/esp-idf/components/esp_rom/esp32s3/ld/esp32s3.rom.ble_test.ld
-- Adding linker script /home/tikhon/Документы/magnolia/esp-idf/components/esp_rom/esp32s3/ld/esp32s3.rom.ble_scan.ld
-- Adding linker script /home/tikhon/Документы/magnolia/esp-idf/components/esp_rom/esp32s3/ld/esp32s3.rom.libc.ld
-- Adding linker script /home/tikhon/Документы/magnolia/esp-idf/components/esp_rom/esp32s3/ld/esp32s3.rom.newlib.ld
-- Adding linker script /home/tikhon/Документы/magnolia/esp-idf/components/soc/esp32s3/ld/esp32s3.peripherals.ld
-- Adding linker script /home/tikhon/Документы/magnolia/applets/rust/rselftest/build/esp-idf/esp_system/ld/memory.ld
-- Adding linker script /home/tikhon/Документы/magnolia/applets/rust/rselftest/build/esp-idf/esp_system/ld/sections.ld.in
-- Adding linker script /home/tikhon/Документы/magnolia/applets/go/uname/build/esp-idf/esp_system/ld/memory.ld
-- Adding linker script /home/tikhon/Документы/magnolia/applets/go/uname/build/esp-idf/esp_system/ld/sections.ld.in
-- Adding linker script /home/tikhon/Документы/magnolia/esp-idf/components/esp_rom/esp32s3/ld/esp32s3.rom.ld
-- Adding linker script /home/tikhon/Документы/magnolia/esp-idf/components/esp_rom/esp32s3/ld/esp32s3.rom.api.ld
-- Adding linker script /home/tikhon/Документы/magnolia/esp-idf/components/esp_rom/esp32s3/ld/esp32s3.rom.bt_funcs.ld
-- Adding linker script /home/tikhon/Документы/magnolia/esp-idf/components/esp_rom/esp32s3/ld/esp32s3.rom.libgcc.ld
-- Adding linker script /home/tikhon/Документы/magnolia/esp-idf/components/esp_rom/esp32s3/ld/esp32s3.rom.wdt.ld
-- Adding linker script /home/tikhon/Документы/magnolia/esp-idf/components/esp_rom/esp32s3/ld/esp32s3.rom.version.ld
-- Adding linker script /home/tikhon/Документы/magnolia/esp-idf/components/esp_rom/esp32s3/ld/esp32s3.rom.ble_master.ld
-- Adding linker script /home/tikhon/Документы/magnolia/esp-idf/components/esp_rom/esp32s3/ld/esp32s3.rom.ble_50.ld
-- Adding linker script /home/tikhon/Документы/magnolia/esp-idf/components/esp_rom/esp32s3/ld/esp32s3.rom.ble_smp.ld
-- Adding linker script /home/tikhon/Документы/magnolia/esp-idf/components/esp_rom/esp32s3/ld/esp32s3.rom.ble_dtm.ld
-- Adding linker script /home/tikhon/Документы/magnolia/esp-idf/components/esp_rom/esp32s3/ld/esp32s3.rom.ble_test.ld
-- Adding linker script /home/tikhon/Документы/magnolia/esp-idf/components/esp_rom/esp32s3/ld/esp32s3.rom.ble_scan.ld
-- Adding linker script /home/tikhon/Документы/magnolia/esp-idf/components/esp_rom/esp32s3/ld/esp32s3.rom.libc.ld
-- Adding linker script /home/tikhon/Документы/magnolia/esp-idf/components/esp_rom/esp32s3/ld/esp32s3.rom.newlib.ld
-- Adding linker script /home/tikhon/Документы/magnolia/esp-idf/components/soc/esp32s3/ld/esp32s3.peripherals.ld
-- Adding linker script /home/tikhon/Документы/magnolia/esp-idf/components/esp_rom/esp32s3/ld/esp32s3.rom.ld
-- Adding linker script /home/tikhon/Документы/magnolia/esp-idf/components/esp_rom/esp32s3/ld/esp32s3.rom.api.ld
-- Adding linker script /home/tikhon/Документы/magnolia/esp-idf/components/esp_rom/esp32s3/ld/esp32s3.rom.bt_funcs.ld
-- Adding linker script /home/tikhon/Документы/magnolia/esp-idf/components/esp_rom/esp32s3/ld/esp32s3.rom.libgcc.ld
-- Adding linker script /home/tikhon/Документы/magnolia/esp-idf/components/esp_rom/esp32s3/ld/esp32s3.rom.wdt.ld
-- Adding linker script /home/tikhon/Документы/magnolia/esp-idf/components/esp_rom/esp32s3/ld/esp32s3.rom.version.ld
-- Adding linker script /home/tikhon/Документы/magnolia/esp-idf/components/esp_rom/esp32s3/ld/esp32s3.rom.ble_master.ld
-- Adding linker script /home/tikhon/Документы/magnolia/esp-idf/components/esp_rom/esp32s3/ld/esp32s3.rom.ble_50.ld
-- Adding linker script /home/tikhon/Документы/magnolia/esp-idf/components/esp_rom/esp32s3/ld/esp32s3.rom.ble_smp.ld
-- Adding linker script /home/tikhon/Документы/magnolia/esp-idf/components/esp_rom/esp32s3/ld/esp32s3.rom.ble_dtm.ld
-- Adding linker script /home/tikhon/Документы/magnolia/esp-idf/components/esp_rom/esp32s3/ld/esp32s3.rom.ble_test.ld
-- Adding linker script /home/tikhon/Документы/magnolia/esp-idf/components/esp_rom/esp32s3/ld/esp32s3.rom.ble_scan.ld
-- Adding linker script /home/tikhon/Документы/magnolia/esp-idf/components/esp_rom/esp32s3/ld/esp32s3.rom.libc.ld
-- Adding linker script /home/tikhon/Документы/magnolia/esp-idf/components/esp_rom/esp32s3/ld/esp32s3.rom.newlib.ld
-- Adding linker script /home/tikhon/Документы/magnolia/esp-idf/components/soc/esp32s3/ld/esp32s3.peripherals.ld
-- App "rusthello" version: fce3dc6-dirty
-- ELF_LOADER: 1.1.1
-- USING O3
Loading defaults file /home/tikhon/Документы/magnolia/applets/zig/zighello/sdkconfig.defaults...
-- Adding linker script /home/tikhon/Документы/magnolia/applets/rust/rshello/build/esp-idf/esp_system/ld/memory.ld
-- Compiler supported targets: xtensa-esp-elf
-- Adding linker script /home/tikhon/Документы/magnolia/applets/rust/rshello/build/esp-idf/esp_system/ld/sections.ld.in
-- Components: app_trace app_update bootloader bootloader_support bt cmock console cxx driver efuse esp-tls esp_adc esp_app_format esp_bootloader_format esp_coex esp_common esp_driver_ana_cmpr esp_driver_bitscrambler esp_driver_cam esp_driver_dac esp_driver_gpio esp_driver_gptimer esp_driver_i2c esp_driver_i2s esp_driver_i3c esp_driver_isp esp_driver_jpeg esp_driver_ledc esp_driver_mcpwm esp_driver_parlio esp_driver_pcnt esp_driver_ppa esp_driver_rmt esp_driver_sd_intf esp_driver_sdio esp_driver_sdm esp_driver_sdmmc esp_driver_sdspi esp_driver_spi esp_driver_touch_sens esp_driver_tsens esp_driver_twai esp_driver_uart esp_driver_usb_serial_jtag esp_eth esp_event esp_gdbstub esp_hid esp_http_client esp_http_server esp_https_ota esp_https_server esp_hw_support esp_lcd esp_local_ctrl esp_mm esp_netif esp_netif_stack esp_partition esp_phy esp_pm esp_psram esp_ringbuf esp_rom esp_security esp_system esp_timer esp_vfs_console esp_wifi espcoredump esptool_py fatfs freertos hal heap http_parser idf_test ieee802154 json log lwip main mbedtls mqtt newlib nvs_flash nvs_sec_provider openthread partition_table perfmon protobuf-c protocomm pthread rt sdmmc soc spi_flash spiffs tcp_transport touch_element ulp unity usb vfs wear_levelling wifi_provisioning wpa_supplicant xtensa
-- Component paths: /home/tikhon/Документы/magnolia/esp-idf/components/app_trace /home/tikhon/Документы/magnolia/esp-idf/components/app_update /home/tikhon/Документы/magnolia/esp-idf/components/bootloader /home/tikhon/Документы/magnolia/esp-idf/components/bootloader_support /home/tikhon/Документы/magnolia/esp-idf/components/bt /home/tikhon/Документы/magnolia/esp-idf/components/cmock /home/tikhon/Документы/magnolia/esp-idf/components/console /home/tikhon/Документы/magnolia/esp-idf/components/cxx /home/tikhon/Документы/magnolia/esp-idf/components/driver /home/tikhon/Документы/magnolia/esp-idf/components/efuse /home/tikhon/Документы/magnolia/esp-idf/components/esp-tls /home/tikhon/Документы/magnolia/esp-idf/components/esp_adc /home/tikhon/Документы/magnolia/esp-idf/components/esp_app_format /home/tikhon/Документы/magnolia/esp-idf/components/esp_bootloader_format /home/tikhon/Документы/magnolia/esp-idf/components/esp_coex /home/tikhon/Документы/magnolia/esp-idf/components/esp_common /home/tikhon/Документы/magnolia/esp-idf/components/esp_driver_ana_cmpr /home/tikhon/Документы/magnolia/esp-idf/components/esp_driver_bitscrambler /home/tikhon/Документы/magnolia/esp-idf/components/esp_driver_cam /home/tikhon/Документы/magnolia/esp-idf/components/esp_driver_dac /home/tikhon/Документы/magnolia/esp-idf/components/esp_driver_gpio /home/tikhon/Документы/magnolia/esp-idf/components/esp_driver_gptimer /home/tikhon/Документы/magnolia/esp-idf/components/esp_driver_i2c /home/tikhon/Документы/magnolia/esp-idf/components/esp_driver_i2s /home/tikhon/Документы/magnolia/esp-idf/components/esp_driver_i3c /home/tikhon/Документы/magnolia/esp-idf/components/esp_driver_isp /home/tikhon/Документы/magnolia/esp-idf/components/esp_driver_jpeg /home/tikhon/Документы/magnolia/esp-idf/components/esp_driver_ledc /home/tikhon/Документы/magnolia/esp-idf/components/esp_driver_mcpwm /home/tikhon/Документы/magnolia/esp-idf/components/esp_driver_parlio /home/tikhon/Документы/magnolia/esp-idf/components/esp_driver_pcnt /home/tikhon/Документы/magnolia/esp-idf/components/esp_driver_ppa /home/tikhon/Документы/magnolia/esp-idf/components/esp_driver_rmt /home/tikhon/Документы/magnolia/esp-idf/components/esp_driver_sd_intf /home/tikhon/Документы/magnolia/esp-idf/components/esp_driver_sdio /home/tikhon/Документы/magnolia/esp-idf/components/esp_driver_sdm /home/tikhon/Документы/magnolia/esp-idf/components/esp_driver_sdmmc /home/tikhon/Документы/magnolia/esp-idf/components/esp_driver_sdspi /home/tikhon/Документы/magnolia/esp-idf/components/esp_driver_spi /home/tikhon/Документы/magnolia/esp-idf/components/esp_driver_touch_sens /home/tikhon/Документы/magnolia/esp-idf/components/esp_driver_tsens /home/tikhon/Документы/magnolia/esp-idf/components/esp_driver_twai /home/tikhon/Документы/magnolia/esp-idf/components/esp_driver_uart /home/tikhon/Документы/magnolia/esp-idf/components/esp_driver_usb_serial_jtag /home/tikhon/Документы/magnolia/esp-idf/components/esp_eth /home/tikhon/Документы/magnolia/esp-idf/components/esp_event /home/tikhon/Документы/magnolia/esp-idf/components/esp_gdbstub /home/tikhon/Документы/magnolia/esp-idf/components/esp_hid /home/tikhon/Документы/magnolia/esp-idf/components/esp_http_client /home/tikhon/Документы/magnolia/esp-idf/components/esp_http_server /home/tikhon/Документы/magnolia/esp-idf/components/esp_https_ota /home/tikhon/Документы/magnolia/esp-idf/components/esp_https_server /home/tikhon/Документы/magnolia/esp-idf/components/esp_hw_support /home/tikhon/Документы/magnolia/esp-idf/components/esp_lcd /home/tikhon/Документы/magnolia/esp-idf/components/esp_local_ctrl /home/tikhon/Документы/magnolia/esp-idf/components/esp_mm /home/tikhon/Документы/magnolia/esp-idf/components/esp_netif /home/tikhon/Документы/magnolia/esp-idf/components/esp_netif_stack /home/tikhon/Документы/magnolia/esp-idf/components/esp_partition /home/tikhon/Документы/magnolia/esp-idf/components/esp_phy /home/tikhon/Документы/magnolia/esp-idf/components/esp_pm /home/tikhon/Документы/magnolia/esp-idf/components/esp_psram /home/tikhon/Документы/magnolia/esp-idf/components/esp_ringbuf /home/tikhon/Документы/magnolia/esp-idf/components/esp_rom /home/tikhon/Документы/magnolia/esp-idf/components/esp_security /home/tikhon/Документы/magnolia/esp-idf/components/esp_system /home/tikhon/Документы/magnolia/esp-idf/components/esp_timer /home/tikhon/Документы/magnolia/esp-idf/components/esp_vfs_console /home/tikhon/Документы/magnolia/esp-idf/components/esp_wifi /home/tikhon/Документы/magnolia/esp-idf/components/espcoredump /home/tikhon/Документы/magnolia/esp-idf/components/esptool_py /home/tikhon/Документы/magnolia/esp-idf/components/fatfs /home/tikhon/Документы/magnolia/esp-idf/components/freertos /home/tikhon/Документы/magnolia/esp-idf/components/hal /home/tikhon/Документы/magnolia/esp-idf/components/heap /home/tikhon/Документы/magnolia/esp-idf/components/http_parser /home/tikhon/Документы/magnolia/esp-idf/components/idf_test /home/tikhon/Документы/magnolia/esp-idf/components/ieee802154 /home/tikhon/Документы/magnolia/esp-idf/components/json /home/tikhon/Документы/magnolia/esp-idf/components/log /home/tikhon/Документы/magnolia/esp-idf/components/lwip /home/tikhon/Документы/magnolia/applets/rust/edit/main /home/tikhon/Документы/magnolia/esp-idf/components/mbedtls /home/tikhon/Документы/magnolia/esp-idf/components/mqtt /home/tikhon/Документы/magnolia/esp-idf/components/newlib /home/tikhon/Документы/magnolia/esp-idf/components/nvs_flash /home/tikhon/Документы/magnolia/esp-idf/components/nvs_sec_provider /home/tikhon/Документы/magnolia/esp-idf/components/openthread /home/tikhon/Документы/magnolia/esp-idf/components/partition_table /home/tikhon/Документы/magnolia/esp-idf/components/perfmon /home/tikhon/Документы/magnolia/esp-idf/components/protobuf-c /home/tikhon/Документы/magnolia/esp-idf/components/protocomm /home/tikhon/Документы/magnolia/esp-idf/components/pthread /home/tikhon/Документы/magnolia/esp-idf/components/rt /home/tikhon/Документы/magnolia/esp-idf/components/sdmmc /home/tikhon/Документы/magnolia/esp-idf/components/soc /home/tikhon/Документы/magnolia/esp-idf/components/spi_flash /home/tikhon/Документы/magnolia/esp-idf/components/spiffs /home/tikhon/Документы/magnolia/esp-idf/components/tcp_transport /home/tikhon/Документы/magnolia/esp-idf/components/touch_element /home/tikhon/Документы/magnolia/esp-idf/components/ulp /home/tikhon/Документы/magnolia/esp-idf/components/unity /home/tikhon/Документы/magnolia/esp-idf/components/usb /home/tikhon/Документы/magnolia/esp-idf/components/vfs /home/tikhon/Документы/magnolia/esp-idf/components/wear_levelling /home/tikhon/Документы/magnolia/esp-idf/components/wifi_provisioning /home/tikhon/Документы/magnolia/esp-idf/components/wpa_supplicant /home/tikhon/Документы/magnolia/esp-idf/components/xtensa
-- ELF_LOADER: 1.1.1
-- Configuring done (4.1s)
-- Adding linker script /home/tikhon/Документы/magnolia/esp-idf/components/esp_rom/esp32s3/ld/esp32s3.rom.ld
-- Adding linker script /home/tikhon/Документы/magnolia/esp-idf/components/esp_rom/esp32s3/ld/esp32s3.rom.api.ld
-- Adding linker script /home/tikhon/Документы/magnolia/esp-idf/components/esp_rom/esp32s3/ld/esp32s3.rom.bt_funcs.ld
-- Adding linker script /home/tikhon/Документы/magnolia/esp-idf/components/esp_rom/esp32s3/ld/esp32s3.rom.libgcc.ld
-- Adding linker script /home/tikhon/Документы/magnolia/esp-idf/components/esp_rom/esp32s3/ld/esp32s3.rom.wdt.ld
-- Adding linker script /home/tikhon/Документы/magnolia/esp-idf/components/esp_rom/esp32s3/ld/esp32s3.rom.version.ld
-- ELF_LOADER: 1.1.1
-- Adding linker script /home/tikhon/Документы/magnolia/esp-idf/components/esp_rom/esp32s3/ld/esp32s3.rom.ble_master.ld
-- Adding linker script /home/tikhon/Документы/magnolia/esp-idf/components/esp_rom/esp32s3/ld/esp32s3.rom.ble_50.ld
-- Adding linker script /home/tikhon/Документы/magnolia/esp-idf/components/esp_rom/esp32s3/ld/esp32s3.rom.ble_smp.ld
-- Adding linker script /home/tikhon/Документы/magnolia/esp-idf/components/esp_rom/esp32s3/ld/esp32s3.rom.ble_dtm.ld
-- Adding linker script /home/tikhon/Документы/magnolia/esp-idf/components/esp_rom/esp32s3/ld/esp32s3.rom.ble_test.ld
-- Adding linker script /home/tikhon/Документы/magnolia/esp-idf/components/esp_rom/esp32s3/ld/esp32s3.rom.ble_scan.ld
-- Adding linker script /home/tikhon/Документы/magnolia/esp-idf/components/esp_rom/esp32s3/ld/esp32s3.rom.libc.ld
-- Adding linker script /home/tikhon/Документы/magnolia/esp-idf/components/esp_rom/esp32s3/ld/esp32s3.rom.newlib.ld
-- Adding linker script /home/tikhon/Документы/magnolia/esp-idf/components/soc/esp32s3/ld/esp32s3.peripherals.ld
-- Compiler supported targets: xtensa-esp-elf
-- ELF_LOADER: 1.1.1
-- USING O3
-- ELF_LOADER: 1.1.1
-- Compiler supported targets: xtensa-esp-elf
-- Adding linker script /home/tikhon/Документы/magnolia/applets/rust/rusthello/build/esp-idf/esp_system/ld/memory.ld
-- Adding linker script /home/tikhon/Документы/magnolia/applets/rust/rusthello/build/esp-idf/esp_system/ld/sections.ld.in
-- App "xxd" version: fce3dc6-dirty
-- Adding linker script /home/tikhon/Документы/magnolia/esp-idf/components/esp_rom/esp32s3/ld/esp32s3.rom.ld
-- Adding linker script /home/tikhon/Документы/magnolia/esp-idf/components/esp_rom/esp32s3/ld/esp32s3.rom.api.ld
-- Adding linker script /home/tikhon/Документы/magnolia/esp-idf/components/esp_rom/esp32s3/ld/esp32s3.rom.bt_funcs.ld
-- Adding linker script /home/tikhon/Документы/magnolia/esp-idf/components/esp_rom/esp32s3/ld/esp32s3.rom.libgcc.ld
-- Adding linker script /home/tikhon/Документы/magnolia/esp-idf/components/esp_rom/esp32s3/ld/esp32s3.rom.wdt.ld
-- Adding linker script /home/tikhon/Документы/magnolia/esp-idf/components/esp_rom/esp32s3/ld/esp32s3.rom.version.ld
-- ELF_LOADER: 1.1.1
-- Adding linker script /home/tikhon/Документы/magnolia/esp-idf/components/esp_rom/esp32s3/ld/esp32s3.rom.ble_master.ld
-- Adding linker script /home/tikhon/Документы/magnolia/esp-idf/components/esp_rom/esp32s3/ld/esp32s3.rom.ble_50.ld
-- Adding linker script /home/tikhon/Документы/magnolia/esp-idf/components/esp_rom/esp32s3/ld/esp32s3.rom.ble_smp.ld
-- Adding linker script /home/tikhon/Документы/magnolia/esp-idf/components/esp_rom/esp32s3/ld/esp32s3.rom.ble_dtm.ld
-- Adding linker script /home/tikhon/Документы/magnolia/esp-idf/components/esp_rom/esp32s3/ld/esp32s3.rom.ble_test.ld
-- Adding linker script /home/tikhon/Документы/magnolia/esp-idf/components/esp_rom/esp32s3/ld/esp32s3.rom.ble_scan.ld
-- Adding linker script /home/tikhon/Документы/magnolia/esp-idf/components/esp_rom/esp32s3/ld/esp32s3.rom.libc.ld
-- Adding linker script /home/tikhon/Документы/magnolia/esp-idf/components/esp_rom/esp32s3/ld/esp32s3.rom.newlib.ld
-- Adding linker script /home/tikhon/Документы/magnolia/esp-idf/components/soc/esp32s3/ld/esp32s3.peripherals.ld
-- Compiler supported targets: xtensa-esp-elf
-- App "zigdemo" version: fce3dc6-dirty
-- App "hexdump" version: fce3dc6-dirty
-- Compiler supported targets: xtensa-esp-elf
-- Components: app_trace app_update bootloader bootloader_support bt cmock console cxx driver efuse esp-tls esp_adc esp_app_format esp_bootloader_format esp_coex esp_common esp_driver_ana_cmpr esp_driver_bitscrambler esp_driver_cam esp_driver_dac esp_driver_gpio esp_driver_gptimer esp_driver_i2c esp_driver_i2s esp_driver_i3c esp_driver_isp esp_driver_jpeg esp_driver_ledc esp_driver_mcpwm esp_driver_parlio esp_driver_pcnt esp_driver_ppa esp_driver_rmt esp_driver_sd_intf esp_driver_sdio esp_driver_sdm esp_driver_sdmmc esp_driver_sdspi esp_driver_spi esp_driver_touch_sens esp_driver_tsens esp_driver_twai esp_driver_uart esp_driver_usb_serial_jtag esp_eth esp_event esp_gdbstub esp_hid esp_http_client esp_http_server esp_https_ota esp_https_server esp_hw_support esp_lcd esp_local_ctrl esp_mm esp_netif esp_netif_stack esp_partition esp_phy esp_pm esp_psram esp_ringbuf esp_rom esp_security esp_system esp_timer esp_vfs_console esp_wifi espcoredump espressif__cmake_utilities espressif__elf_loader esptool_py fatfs freertos hal heap http_parser idf_test ieee802154 json log lwip main mbedtls mqtt newlib nvs_flash nvs_sec_provider openthread partition_table perfmon protobuf-c protocomm pthread rt sdmmc soc spi_flash spiffs tcp_transport touch_element ulp unity usb vfs wear_levelling wifi_provisioning wpa_supplicant xtensa
-- Component paths: /home/tikhon/Документы/magnolia/esp-idf/components/app_trace /home/tikhon/Документы/magnolia/esp-idf/components/app_update /home/tikhon/Документы/magnolia/esp-idf/components/bootloader /home/tikhon/Документы/magnolia/esp-idf/components/bootloader_support /home/tikhon/Документы/magnolia/esp-idf/components/bt /home/tikhon/Документы/magnolia/esp-idf/components/cmock /home/tikhon/Документы/magnolia/esp-idf/components/console /home/tikhon/Документы/magnolia/esp-idf/components/cxx /home/tikhon/Документы/magnolia/esp-idf/components/driver /home/tikhon/Документы/magnolia/esp-idf/components/efuse /home/tikhon/Документы/magnolia/esp-idf/components/esp-tls /home/tikhon/Документы/magnolia/esp-idf/components/esp_adc /home/tikhon/Документы/magnolia/esp-idf/components/esp_app_format /home/tikhon/Документы/magnolia/esp-idf/components/esp_bootloader_format /home/tikhon/Документы/magnolia/esp-idf/components/esp_coex /home/tikhon/Документы/magnolia/esp-idf/components/esp_common /home/tikhon/Документы/magnolia/esp-idf/components/esp_driver_ana_cmpr /home/tikhon/Документы/magnolia/esp-idf/components/esp_driver_bitscrambler /home/tikhon/Документы/magnolia/esp-idf/components/esp_driver_cam /home/tikhon/Документы/magnolia/esp-idf/components/esp_driver_dac /home/tikhon/Документы/magnolia/esp-idf/components/esp_driver_gpio /home/tikhon/Документы/magnolia/esp-idf/components/esp_driver_gptimer /home/tikhon/Документы/magnolia/esp-idf/components/esp_driver_i2c /home/tikhon/Документы/magnolia/esp-idf/components/esp_driver_i2s /home/tikhon/Документы/magnolia/esp-idf/components/esp_driver_i3c /home/tikhon/Документы/magnolia/esp-idf/components/esp_driver_isp /home/tikhon/Документы/magnolia/esp-idf/components/esp_driver_jpeg /home/tikhon/Документы/magnolia/esp-idf/components/esp_driver_ledc /home/tikhon/Документы/magnolia/esp-idf/components/esp_driver_mcpwm /home/tikhon/Документы/magnolia/esp-idf/components/esp_driver_parlio /home/tikhon/Документы/magnolia/esp-idf/components/esp_driver_pcnt /home/tikhon/Документы/magnolia/esp-idf/components/esp_driver_ppa /home/tikhon/Документы/magnolia/esp-idf/components/esp_driver_rmt /home/tikhon/Документы/magnolia/esp-idf/components/esp_driver_sd_intf /home/tikhon/Документы/magnolia/esp-idf/components/esp_driver_sdio /home/tikhon/Документы/magnolia/esp-idf/components/esp_driver_sdm /home/tikhon/Документы/magnolia/esp-idf/components/esp_driver_sdmmc /home/tikhon/Документы/magnolia/esp-idf/components/esp_driver_sdspi /home/tikhon/Документы/magnolia/esp-idf/components/esp_driver_spi /home/tikhon/Документы/magnolia/esp-idf/components/esp_driver_touch_sens /home/tikhon/Документы/magnolia/esp-idf/components/esp_driver_tsens /home/tikhon/Документы/magnolia/esp-idf/components/esp_driver_twai /home/tikhon/Документы/magnolia/esp-idf/components/esp_driver_uart /home/tikhon/Документы/magnolia/esp-idf/components/esp_driver_usb_serial_jtag /home/tikhon/Документы/magnolia/esp-idf/components/esp_eth /home/tikhon/Документы/magnolia/esp-idf/components/esp_event /home/tikhon/Документы/magnolia/esp-idf/components/esp_gdbstub /home/tikhon/Документы/magnolia/esp-idf/components/esp_hid /home/tikhon/Документы/magnolia/esp-idf/components/esp_http_client /home/tikhon/Документы/magnolia/esp-idf/components/esp_http_server /home/tikhon/Документы/magnolia/esp-idf/components/esp_https_ota /home/tikhon/Документы/magnolia/esp-idf/components/esp_https_server /home/tikhon/Документы/magnolia/esp-idf/components/esp_hw_support /home/tikhon/Документы/magnolia/esp-idf/components/esp_lcd /home/tikhon/Документы/magnolia/esp-idf/components/esp_local_ctrl /home/tikhon/Документы/magnolia/esp-idf/components/esp_mm /home/tikhon/Документы/magnolia/esp-idf/components/esp_netif /home/tikhon/Документы/magnolia/esp-idf/components/esp_netif_stack /home/tikhon/Документы/magnolia/esp-idf/components/esp_partition /home/tikhon/Документы/magnolia/esp-idf/components/esp_phy /home/tikhon/Документы/magnolia/esp-idf/components/esp_pm /home/tikhon/Документы/magnolia/esp-idf/components/esp_psram /home/tikhon/Документы/magnolia/esp-idf/components/esp_ringbuf /home/tikhon/Документы/magnolia/esp-idf/components/esp_rom /home/tikhon/Документы/magnolia/esp-idf/components/esp_security /home/tikhon/Документы/magnolia/esp-idf/components/esp_system /home/tikhon/Документы/magnolia/esp-idf/components/esp_timer /home/tikhon/Документы/magnolia/esp-idf/components/esp_vfs_console /home/tikhon/Документы/magnolia/esp-idf/components/esp_wifi /home/tikhon/Документы/magnolia/esp-idf/components/espcoredump /home/tikhon/Документы/magnolia/applets/go/pwd/managed_components/espressif__cmake_utilities /home/tikhon/Документы/magnolia/applets/go/pwd/managed_components/espressif__elf_loader /home/tikhon/Документы/magnolia/esp-idf/components/esptool_py /home/tikhon/Документы/magnolia/esp-idf/components/fatfs /home/tikhon/Документы/magnolia/esp-idf/components/freertos /home/tikhon/Документы/magnolia/esp-idf/components/hal /home/tikhon/Документы/magnolia/esp-idf/components/heap /home/tikhon/Документы/magnolia/esp-idf/components/http_parser /home/tikhon/Документы/magnolia/esp-idf/components/idf_test /home/tikhon/Документы/magnolia/esp-idf/components/ieee802154 /home/tikhon/Документы/magnolia/esp-idf/components/json /home/tikhon/Документы/magnolia/esp-idf/components/log /home/tikhon/Документы/magnolia/esp-idf/components/lwip /home/tikhon/Документы/magnolia/applets/go/pwd/main /home/tikhon/Документы/magnolia/esp-idf/components/mbedtls /home/tikhon/Документы/magnolia/esp-idf/components/mqtt /home/tikhon/Документы/magnolia/esp-idf/components/newlib /home/tikhon/Документы/magnolia/esp-idf/components/nvs_flash /home/tikhon/Документы/magnolia/esp-idf/components/nvs_sec_provider /home/tikhon/Документы/magnolia/esp-idf/components/openthread /home/tikhon/Документы/magnolia/esp-idf/components/partition_table /home/tikhon/Документы/magnolia/esp-idf/components/perfmon /home/tikhon/Документы/magnolia/esp-idf/components/protobuf-c /home/tikhon/Документы/magnolia/esp-idf/components/protocomm /home/tikhon/Документы/magnolia/esp-idf/components/pthread /home/tikhon/Документы/magnolia/esp-idf/components/rt /home/tikhon/Документы/magnolia/esp-idf/components/sdmmc /home/tikhon/Документы/magnolia/esp-idf/components/soc /home/tikhon/Документы/magnolia/esp-idf/components/spi_flash /home/tikhon/Документы/magnolia/esp-idf/components/spiffs /home/tikhon/Документы/magnolia/esp-idf/components/tcp_transport /home/tikhon/Документы/magnolia/esp-idf/components/touch_element /home/tikhon/Документы/magnolia/esp-idf/components/ulp /home/tikhon/Документы/magnolia/esp-idf/components/unity /home/tikhon/Документы/magnolia/esp-idf/components/usb /home/tikhon/Документы/magnolia/esp-idf/components/vfs /home/tikhon/Документы/magnolia/esp-idf/components/wear_levelling /home/tikhon/Документы/magnolia/esp-idf/components/wifi_provisioning /home/tikhon/Документы/magnolia/esp-idf/components/wpa_supplicant /home/tikhon/Документы/magnolia/esp-idf/components/xtensa
-- Configuring done (4.6s)
-- App "dd" version: fce3dc6-dirty
-- USING O3
-- Components: app_trace app_update bootloader bootloader_support bt cmock console cxx driver efuse esp-tls esp_adc esp_app_format esp_bootloader_format esp_coex esp_common esp_driver_ana_cmpr esp_driver_bitscrambler esp_driver_cam esp_driver_dac esp_driver_gpio esp_driver_gptimer esp_driver_i2c esp_driver_i2s esp_driver_i3c esp_driver_isp esp_driver_jpeg esp_driver_ledc esp_driver_mcpwm esp_driver_parlio esp_driver_pcnt esp_driver_ppa esp_driver_rmt esp_driver_sd_intf esp_driver_sdio esp_driver_sdm esp_driver_sdmmc esp_driver_sdspi esp_driver_spi esp_driver_touch_sens esp_driver_tsens esp_driver_twai esp_driver_uart esp_driver_usb_serial_jtag esp_eth esp_event esp_gdbstub esp_hid esp_http_client esp_http_server esp_https_ota esp_https_server esp_hw_support esp_lcd esp_local_ctrl esp_mm esp_netif esp_netif_stack esp_partition esp_phy esp_pm esp_psram esp_ringbuf esp_rom esp_security esp_system esp_timer esp_vfs_console esp_wifi espcoredump espressif__cmake_utilities espressif__elf_loader esptool_py fatfs freertos hal heap http_parser idf_test ieee802154 json log lwip main mbedtls mqtt newlib nvs_flash nvs_sec_provider openthread partition_table perfmon protobuf-c protocomm pthread rt sdmmc soc spi_flash spiffs tcp_transport touch_element ulp unity usb vfs wear_levelling wifi_provisioning wpa_supplicant xtensa
-- Component paths: /home/tikhon/Документы/magnolia/esp-idf/components/app_trace /home/tikhon/Документы/magnolia/esp-idf/components/app_update /home/tikhon/Документы/magnolia/esp-idf/components/bootloader /home/tikhon/Документы/magnolia/esp-idf/components/bootloader_support /home/tikhon/Документы/magnolia/esp-idf/components/bt /home/tikhon/Документы/magnolia/esp-idf/components/cmock /home/tikhon/Документы/magnolia/esp-idf/components/console /home/tikhon/Документы/magnolia/esp-idf/components/cxx /home/tikhon/Документы/magnolia/esp-idf/components/driver /home/tikhon/Документы/magnolia/esp-idf/components/efuse /home/tikhon/Документы/magnolia/esp-idf/components/esp-tls /home/tikhon/Документы/magnolia/esp-idf/components/esp_adc /home/tikhon/Документы/magnolia/esp-idf/components/esp_app_format /home/tikhon/Документы/magnolia/esp-idf/components/esp_bootloader_format /home/tikhon/Документы/magnolia/esp-idf/components/esp_coex /home/tikhon/Документы/magnolia/esp-idf/components/esp_common /home/tikhon/Документы/magnolia/esp-idf/components/esp_driver_ana_cmpr /home/tikhon/Документы/magnolia/esp-idf/components/esp_driver_bitscrambler /home/tikhon/Документы/magnolia/esp-idf/components/esp_driver_cam /home/tikhon/Документы/magnolia/esp-idf/components/esp_driver_dac /home/tikhon/Документы/magnolia/esp-idf/components/esp_driver_gpio /home/tikhon/Документы/magnolia/esp-idf/components/esp_driver_gptimer /home/tikhon/Документы/magnolia/esp-idf/components/esp_driver_i2c /home/tikhon/Документы/magnolia/esp-idf/components/esp_driver_i2s /home/tikhon/Документы/magnolia/esp-idf/components/esp_driver_i3c /home/tikhon/Документы/magnolia/esp-idf/components/esp_driver_isp /home/tikhon/Документы/magnolia/esp-idf/components/esp_driver_jpeg /home/tikhon/Документы/magnolia/esp-idf/components/esp_driver_ledc /home/tikhon/Документы/magnolia/esp-idf/components/esp_driver_mcpwm /home/tikhon/Документы/magnolia/esp-idf/components/esp_driver_parlio /home/tikhon/Документы/magnolia/esp-idf/components/esp_driver_pcnt /home/tikhon/Документы/magnolia/esp-idf/components/esp_driver_ppa /home/tikhon/Документы/magnolia/esp-idf/components/esp_driver_rmt /home/tikhon/Документы/magnolia/esp-idf/components/esp_driver_sd_intf /home/tikhon/Документы/magnolia/esp-idf/components/esp_driver_sdio /home/tikhon/Документы/magnolia/esp-idf/components/esp_driver_sdm /home/tikhon/Документы/magnolia/esp-idf/components/esp_driver_sdmmc /home/tikhon/Документы/magnolia/esp-idf/components/esp_driver_sdspi /home/tikhon/Документы/magnolia/esp-idf/components/esp_driver_spi /home/tikhon/Документы/magnolia/esp-idf/components/esp_driver_touch_sens /home/tikhon/Документы/magnolia/esp-idf/components/esp_driver_tsens /home/tikhon/Документы/magnolia/esp-idf/components/esp_driver_twai /home/tikhon/Документы/magnolia/esp-idf/components/esp_driver_uart /home/tikhon/Документы/magnolia/esp-idf/components/esp_driver_usb_serial_jtag /home/tikhon/Документы/magnolia/esp-idf/components/esp_eth /home/tikhon/Документы/magnolia/esp-idf/components/esp_event /home/tikhon/Документы/magnolia/esp-idf/components/esp_gdbstub /home/tikhon/Документы/magnolia/esp-idf/components/esp_hid /home/tikhon/Документы/magnolia/esp-idf/components/esp_http_client /home/tikhon/Документы/magnolia/esp-idf/components/esp_http_server /home/tikhon/Документы/magnolia/esp-idf/components/esp_https_ota /home/tikhon/Документы/magnolia/esp-idf/components/esp_https_server /home/tikhon/Документы/magnolia/esp-idf/components/esp_hw_support /home/tikhon/Документы/magnolia/esp-idf/components/esp_lcd /home/tikhon/Документы/magnolia/esp-idf/components/esp_local_ctrl /home/tikhon/Документы/magnolia/esp-idf/components/esp_mm /home/tikhon/Документы/magnolia/esp-idf/components/esp_netif /home/tikhon/Документы/magnolia/esp-idf/components/esp_netif_stack /home/tikhon/Документы/magnolia/esp-idf/components/esp_partition /home/tikhon/Документы/magnolia/esp-idf/components/esp_phy /home/tikhon/Документы/magnolia/esp-idf/components/esp_pm /home/tikhon/Документы/magnolia/esp-idf/components/esp_psram /home/tikhon/Документы/magnolia/esp-idf/components/esp_ringbuf /home/tikhon/Документы/magnolia/esp-idf/components/esp_rom /home/tikhon/Документы/magnolia/esp-idf/components/esp_security /home/tikhon/Документы/magnolia/esp-idf/components/esp_system /home/tikhon/Документы/magnolia/esp-idf/components/esp_timer /home/tikhon/Документы/magnolia/esp-idf/components/esp_vfs_console /home/tikhon/Документы/magnolia/esp-idf/components/esp_wifi /home/tikhon/Документы/magnolia/esp-idf/components/espcoredump /home/tikhon/Документы/magnolia/applets/rust/rdd/managed_components/espressif__cmake_utilities /home/tikhon/Документы/magnolia/applets/rust/rdd/managed_components/espressif__elf_loader /home/tikhon/Документы/magnolia/esp-idf/components/esptool_py /home/tikhon/Документы/magnolia/esp-idf/components/fatfs /home/tikhon/Документы/magnolia/esp-idf/components/freertos /home/tikhon/Документы/magnolia/esp-idf/components/hal /home/tikhon/Документы/magnolia/esp-idf/components/heap /home/tikhon/Документы/magnolia/esp-idf/components/http_parser /home/tikhon/Документы/magnolia/esp-idf/components/idf_test /home/tikhon/Документы/magnolia/esp-idf/components/ieee802154 /home/tikhon/Документы/magnolia/esp-idf/components/json /home/tikhon/Документы/magnolia/esp-idf/components/log /home/tikhon/Документы/magnolia/esp-idf/components/lwip /home/tikhon/Документы/magnolia/applets/rust/rdd/main /home/tikhon/Документы/magnolia/esp-idf/components/mbedtls /home/tikhon/Документы/magnolia/esp-idf/components/mqtt /home/tikhon/Документы/magnolia/esp-idf/components/newlib /home/tikhon/Документы/magnolia/esp-idf/components/nvs_flash /home/tikhon/Документы/magnolia/esp-idf/components/nvs_sec_provider /home/tikhon/Документы/magnolia/esp-idf/components/openthread /home/tikhon/Документы/magnolia/esp-idf/components/partition_table /home/tikhon/Документы/magnolia/esp-idf/components/perfmon /home/tikhon/Документы/magnolia/esp-idf/components/protobuf-c /home/tikhon/Документы/magnolia/esp-idf/components/protocomm /home/tikhon/Документы/magnolia/esp-idf/components/pthread /home/tikhon/Документы/magnolia/esp-idf/components/rt /home/tikhon/Документы/magnolia/esp-idf/components/sdmmc /home/tikhon/Документы/magnolia/esp-idf/components/soc /home/tikhon/Документы/magnolia/esp-idf/components/spi_flash /home/tikhon/Документы/magnolia/esp-idf/components/spiffs /home/tikhon/Документы/magnolia/esp-idf/components/tcp_transport /home/tikhon/Документы/magnolia/esp-idf/components/touch_element /home/tikhon/Документы/magnolia/esp-idf/components/ulp /home/tikhon/Документы/magnolia/esp-idf/components/unity /home/tikhon/Документы/magnolia/esp-idf/components/usb /home/tikhon/Документы/magnolia/esp-idf/components/vfs /home/tikhon/Документы/magnolia/esp-idf/components/wear_levelling /home/tikhon/Документы/magnolia/esp-idf/components/wifi_provisioning /home/tikhon/Документы/magnolia/esp-idf/components/wpa_supplicant /home/tikhon/Документы/magnolia/esp-idf/components/xtensa
-- Components: app_trace app_update bootloader bootloader_support bt cmock console cxx driver efuse esp-tls esp_adc esp_app_format esp_bootloader_format esp_coex esp_common esp_driver_ana_cmpr esp_driver_bitscrambler esp_driver_cam esp_driver_dac esp_driver_gpio esp_driver_gptimer esp_driver_i2c esp_driver_i2s esp_driver_i3c esp_driver_isp esp_driver_jpeg esp_driver_ledc esp_driver_mcpwm esp_driver_parlio esp_driver_pcnt esp_driver_ppa esp_driver_rmt esp_driver_sd_intf esp_driver_sdio esp_driver_sdm esp_driver_sdmmc esp_driver_sdspi esp_driver_spi esp_driver_touch_sens esp_driver_tsens esp_driver_twai esp_driver_uart esp_driver_usb_serial_jtag esp_eth esp_event esp_gdbstub esp_hid esp_http_client esp_http_server esp_https_ota esp_https_server esp_hw_support esp_lcd esp_local_ctrl esp_mm esp_netif esp_netif_stack esp_partition esp_phy esp_pm esp_psram esp_ringbuf esp_rom esp_security esp_system esp_timer esp_vfs_console esp_wifi espcoredump espressif__cmake_utilities espressif__elf_loader esptool_py fatfs freertos hal heap http_parser idf_test ieee802154 json log lwip main mbedtls mqtt newlib nvs_flash nvs_sec_provider openthread partition_table perfmon protobuf-c protocomm pthread rt sdmmc soc spi_flash spiffs tcp_transport touch_element ulp unity usb vfs wear_levelling wifi_provisioning wpa_supplicant xtensa
-- Component paths: /home/tikhon/Документы/magnolia/esp-idf/components/app_trace /home/tikhon/Документы/magnolia/esp-idf/components/app_update /home/tikhon/Документы/magnolia/esp-idf/components/bootloader /home/tikhon/Документы/magnolia/esp-idf/components/bootloader_support /home/tikhon/Документы/magnolia/esp-idf/components/bt /home/tikhon/Документы/magnolia/esp-idf/components/cmock /home/tikhon/Документы/magnolia/esp-idf/components/console /home/tikhon/Документы/magnolia/esp-idf/components/cxx /home/tikhon/Документы/magnolia/esp-idf/components/driver /home/tikhon/Документы/magnolia/esp-idf/components/efuse /home/tikhon/Документы/magnolia/esp-idf/components/esp-tls /home/tikhon/Документы/magnolia/esp-idf/components/esp_adc /home/tikhon/Документы/magnolia/esp-idf/components/esp_app_format /home/tikhon/Документы/magnolia/esp-idf/components/esp_bootloader_format /home/tikhon/Документы/magnolia/esp-idf/components/esp_coex /home/tikhon/Документы/magnolia/esp-idf/components/esp_common /home/tikhon/Документы/magnolia/esp-idf/components/esp_driver_ana_cmpr /home/tikhon/Документы/magnolia/esp-idf/components/esp_driver_bitscrambler /home/tikhon/Документы/magnolia/esp-idf/components/esp_driver_cam /home/tikhon/Документы/magnolia/esp-idf/components/esp_driver_dac /home/tikhon/Документы/magnolia/esp-idf/components/esp_driver_gpio /home/tikhon/Документы/magnolia/esp-idf/components/esp_driver_gptimer /home/tikhon/Документы/magnolia/esp-idf/components/esp_driver_i2c /home/tikhon/Документы/magnolia/esp-idf/components/esp_driver_i2s /home/tikhon/Документы/magnolia/esp-idf/components/esp_driver_i3c /home/tikhon/Документы/magnolia/esp-idf/components/esp_driver_isp /home/tikhon/Документы/magnolia/esp-idf/components/esp_driver_jpeg /home/tikhon/Документы/magnolia/esp-idf/components/esp_driver_ledc /home/tikhon/Документы/magnolia/esp-idf/components/esp_driver_mcpwm /home/tikhon/Документы/magnolia/esp-idf/components/esp_driver_parlio /home/tikhon/Документы/magnolia/esp-idf/components/esp_driver_pcnt /home/tikhon/Документы/magnolia/esp-idf/components/esp_driver_ppa /home/tikhon/Документы/magnolia/esp-idf/components/esp_driver_rmt /home/tikhon/Документы/magnolia/esp-idf/components/esp_driver_sd_intf /home/tikhon/Документы/magnolia/esp-idf/components/esp_driver_sdio /home/tikhon/Документы/magnolia/esp-idf/components/esp_driver_sdm /home/tikhon/Документы/magnolia/esp-idf/components/esp_driver_sdmmc /home/tikhon/Документы/magnolia/esp-idf/components/esp_driver_sdspi /home/tikhon/Документы/magnolia/esp-idf/components/esp_driver_spi /home/tikhon/Документы/magnolia/esp-idf/components/esp_driver_touch_sens /home/tikhon/Документы/magnolia/esp-idf/components/esp_driver_tsens /home/tikhon/Документы/magnolia/esp-idf/components/esp_driver_twai /home/tikhon/Документы/magnolia/esp-idf/components/esp_driver_uart /home/tikhon/Документы/magnolia/esp-idf/components/esp_driver_usb_serial_jtag /home/tikhon/Документы/magnolia/esp-idf/components/esp_eth /home/tikhon/Документы/magnolia/esp-idf/components/esp_event /home/tikhon/Документы/magnolia/esp-idf/components/esp_gdbstub /home/tikhon/Документы/magnolia/esp-idf/components/esp_hid /home/tikhon/Документы/magnolia/esp-idf/components/esp_http_client /home/tikhon/Документы/magnolia/esp-idf/components/esp_http_server /home/tikhon/Документы/magnolia/esp-idf/components/esp_https_ota /home/tikhon/Документы/magnolia/esp-idf/components/esp_https_server /home/tikhon/Документы/magnolia/esp-idf/components/esp_hw_support /home/tikhon/Документы/magnolia/esp-idf/components/esp_lcd /home/tikhon/Документы/magnolia/esp-idf/components/esp_local_ctrl /home/tikhon/Документы/magnolia/esp-idf/components/esp_mm /home/tikhon/Документы/magnolia/esp-idf/components/esp_netif /home/tikhon/Документы/magnolia/esp-idf/components/esp_netif_stack /home/tikhon/Документы/magnolia/esp-idf/components/esp_partition /home/tikhon/Документы/magnolia/esp-idf/components/esp_phy /home/tikhon/Документы/magnolia/esp-idf/components/esp_pm /home/tikhon/Документы/magnolia/esp-idf/components/esp_psram /home/tikhon/Документы/magnolia/esp-idf/components/esp_ringbuf /home/tikhon/Документы/magnolia/esp-idf/components/esp_rom /home/tikhon/Документы/magnolia/esp-idf/components/esp_security /home/tikhon/Документы/magnolia/esp-idf/components/esp_system /home/tikhon/Документы/magnolia/esp-idf/components/esp_timer /home/tikhon/Документы/magnolia/esp-idf/components/esp_vfs_console /home/tikhon/Документы/magnolia/esp-idf/components/esp_wifi /home/tikhon/Документы/magnolia/esp-idf/components/espcoredump /home/tikhon/Документы/magnolia/applets/go/true/managed_components/espressif__cmake_utilities /home/tikhon/Документы/magnolia/applets/go/true/managed_components/espressif__elf_loader /home/tikhon/Документы/magnolia/esp-idf/components/esptool_py /home/tikhon/Документы/magnolia/esp-idf/components/fatfs /home/tikhon/Документы/magnolia/esp-idf/components/freertos /home/tikhon/Документы/magnolia/esp-idf/components/hal /home/tikhon/Документы/magnolia/esp-idf/components/heap /home/tikhon/Документы/magnolia/esp-idf/components/http_parser /home/tikhon/Документы/magnolia/esp-idf/components/idf_test /home/tikhon/Документы/magnolia/esp-idf/components/ieee802154 /home/tikhon/Документы/magnolia/esp-idf/components/json /home/tikhon/Документы/magnolia/esp-idf/components/log /home/tikhon/Документы/magnolia/esp-idf/components/lwip /home/tikhon/Документы/magnolia/applets/go/true/main /home/tikhon/Документы/magnolia/esp-idf/components/mbedtls /home/tikhon/Документы/magnolia/esp-idf/components/mqtt /home/tikhon/Документы/magnolia/esp-idf/components/newlib /home/tikhon/Документы/magnolia/esp-idf/components/nvs_flash /home/tikhon/Документы/magnolia/esp-idf/components/nvs_sec_provider /home/tikhon/Документы/magnolia/esp-idf/components/openthread /home/tikhon/Документы/magnolia/esp-idf/components/partition_table /home/tikhon/Документы/magnolia/esp-idf/components/perfmon /home/tikhon/Документы/magnolia/esp-idf/components/protobuf-c /home/tikhon/Документы/magnolia/esp-idf/components/protocomm /home/tikhon/Документы/magnolia/esp-idf/components/pthread /home/tikhon/Документы/magnolia/esp-idf/components/rt /home/tikhon/Документы/magnolia/esp-idf/components/sdmmc /home/tikhon/Документы/magnolia/esp-idf/components/soc /home/tikhon/Документы/magnolia/esp-idf/components/spi_flash /home/tikhon/Документы/magnolia/esp-idf/components/spiffs /home/tikhon/Документы/magnolia/esp-idf/components/tcp_transport /home/tikhon/Документы/magnolia/esp-idf/components/touch_element /home/tikhon/Документы/magnolia/esp-idf/components/ulp /home/tikhon/Документы/magnolia/esp-idf/components/unity /home/tikhon/Документы/magnolia/esp-idf/components/usb /home/tikhon/Документы/magnolia/esp-idf/components/vfs /home/tikhon/Документы/magnolia/esp-idf/components/wear_levelling /home/tikhon/Документы/magnolia/esp-idf/components/wifi_provisioning /home/tikhon/Документы/magnolia/esp-idf/components/wpa_supplicant /home/tikhon/Документы/magnolia/esp-idf/components/xtensa
-- Configuring done (4.6s)
-- Configuring done (4.5s)
-- Adding linker script /home/tikhon/Документы/magnolia/applets/rust/rxxd/build/esp-idf/esp_system/ld/memory.ld
-- Adding linker script /home/tikhon/Документы/magnolia/applets/rust/rxxd/build/esp-idf/esp_system/ld/sections.ld.in
-- Adding linker script /home/tikhon/Документы/magnolia/esp-idf/components/esp_rom/esp32s3/ld/esp32s3.rom.ld
-- Adding linker script /home/tikhon/Документы/magnolia/esp-idf/components/esp_rom/esp32s3/ld/esp32s3.rom.api.ld
-- Adding linker script /home/tikhon/Документы/magnolia/esp-idf/components/esp_rom/esp32s3/ld/esp32s3.rom.bt_funcs.ld
-- Adding linker script /home/tikhon/Документы/magnolia/esp-idf/components/esp_rom/esp32s3/ld/esp32s3.rom.libgcc.ld
-- Adding linker script /home/tikhon/Документы/magnolia/esp-idf/components/esp_rom/esp32s3/ld/esp32s3.rom.wdt.ld
-- Adding linker script /home/tikhon/Документы/magnolia/esp-idf/components/esp_rom/esp32s3/ld/esp32s3.rom.version.ld
-- Adding linker script /home/tikhon/Документы/magnolia/esp-idf/components/esp_rom/esp32s3/ld/esp32s3.rom.ble_master.ld
-- Adding linker script /home/tikhon/Документы/magnolia/esp-idf/components/esp_rom/esp32s3/ld/esp32s3.rom.ble_50.ld
-- Adding linker script /home/tikhon/Документы/magnolia/esp-idf/components/esp_rom/esp32s3/ld/esp32s3.rom.ble_smp.ld
-- Adding linker script /home/tikhon/Документы/magnolia/esp-idf/components/esp_rom/esp32s3/ld/esp32s3.rom.ble_dtm.ld
-- Adding linker script /home/tikhon/Документы/magnolia/esp-idf/components/esp_rom/esp32s3/ld/esp32s3.rom.ble_test.ld
-- Adding linker script /home/tikhon/Документы/magnolia/esp-idf/components/esp_rom/esp32s3/ld/esp32s3.rom.ble_scan.ld
-- Adding linker script /home/tikhon/Документы/magnolia/esp-idf/components/esp_rom/esp32s3/ld/esp32s3.rom.libc.ld
-- Adding linker script /home/tikhon/Документы/magnolia/esp-idf/components/esp_rom/esp32s3/ld/esp32s3.rom.newlib.ld
-- USING O3
-- Adding linker script /home/tikhon/Документы/magnolia/esp-idf/components/soc/esp32s3/ld/esp32s3.peripherals.ld
-- Adding linker script /home/tikhon/Документы/magnolia/applets/zig/zigdemo/build/esp-idf/esp_system/ld/memory.ld
-- Adding linker script /home/tikhon/Документы/magnolia/applets/zig/zigdemo/build/esp-idf/esp_system/ld/sections.ld.in
-- App "zighello" version: fce3dc6-dirty
-- Adding linker script /home/tikhon/Документы/magnolia/esp-idf/components/esp_rom/esp32s3/ld/esp32s3.rom.ld
-- Adding linker script /home/tikhon/Документы/magnolia/esp-idf/components/esp_rom/esp32s3/ld/esp32s3.rom.api.ld
-- Adding linker script /home/tikhon/Документы/magnolia/esp-idf/components/esp_rom/esp32s3/ld/esp32s3.rom.bt_funcs.ld
-- Adding linker script /home/tikhon/Документы/magnolia/esp-idf/components/esp_rom/esp32s3/ld/esp32s3.rom.libgcc.ld
-- Adding linker script /home/tikhon/Документы/magnolia/esp-idf/components/esp_rom/esp32s3/ld/esp32s3.rom.wdt.ld
-- Adding linker script /home/tikhon/Документы/magnolia/esp-idf/components/esp_rom/esp32s3/ld/esp32s3.rom.version.ld
-- Adding linker script /home/tikhon/Документы/magnolia/esp-idf/components/esp_rom/esp32s3/ld/esp32s3.rom.ble_master.ld
-- Adding linker script /home/tikhon/Документы/magnolia/esp-idf/components/esp_rom/esp32s3/ld/esp32s3.rom.ble_50.ld
-- Adding linker script /home/tikhon/Документы/magnolia/esp-idf/components/esp_rom/esp32s3/ld/esp32s3.rom.ble_smp.ld
-- Adding linker script /home/tikhon/Документы/magnolia/esp-idf/components/esp_rom/esp32s3/ld/esp32s3.rom.ble_dtm.ld
-- Adding linker script /home/tikhon/Документы/magnolia/esp-idf/components/esp_rom/esp32s3/ld/esp32s3.rom.ble_test.ld
-- Adding linker script /home/tikhon/Документы/magnolia/esp-idf/components/esp_rom/esp32s3/ld/esp32s3.rom.ble_scan.ld
-- Adding linker script /home/tikhon/Документы/magnolia/esp-idf/components/esp_rom/esp32s3/ld/esp32s3.rom.libc.ld
-- Adding linker script /home/tikhon/Документы/magnolia/esp-idf/components/esp_rom/esp32s3/ld/esp32s3.rom.newlib.ld
-- Components: app_trace app_update bootloader bootloader_support bt cmock console cxx driver efuse esp-tls esp_adc esp_app_format esp_bootloader_format esp_coex esp_common esp_driver_ana_cmpr esp_driver_bitscrambler esp_driver_cam esp_driver_dac esp_driver_gpio esp_driver_gptimer esp_driver_i2c esp_driver_i2s esp_driver_i3c esp_driver_isp esp_driver_jpeg esp_driver_ledc esp_driver_mcpwm esp_driver_parlio esp_driver_pcnt esp_driver_ppa esp_driver_rmt esp_driver_sd_intf esp_driver_sdio esp_driver_sdm esp_driver_sdmmc esp_driver_sdspi esp_driver_spi esp_driver_touch_sens esp_driver_tsens esp_driver_twai esp_driver_uart esp_driver_usb_serial_jtag esp_eth esp_event esp_gdbstub esp_hid esp_http_client esp_http_server esp_https_ota esp_https_server esp_hw_support esp_lcd esp_local_ctrl esp_mm esp_netif esp_netif_stack esp_partition esp_phy esp_pm esp_psram esp_ringbuf esp_rom esp_security esp_system esp_timer esp_vfs_console esp_wifi espcoredump espressif__cmake_utilities espressif__elf_loader esptool_py fatfs freertos hal heap http_parser idf_test ieee802154 json log lwip main mbedtls mqtt newlib nvs_flash nvs_sec_provider openthread partition_table perfmon protobuf-c protocomm pthread rt sdmmc soc spi_flash spiffs tcp_transport touch_element ulp unity usb vfs wear_levelling wifi_provisioning wpa_supplicant xtensa
-- Component paths: /home/tikhon/Документы/magnolia/esp-idf/components/app_trace /home/tikhon/Документы/magnolia/esp-idf/components/app_update /home/tikhon/Документы/magnolia/esp-idf/components/bootloader /home/tikhon/Документы/magnolia/esp-idf/components/bootloader_support /home/tikhon/Документы/magnolia/esp-idf/components/bt /home/tikhon/Документы/magnolia/esp-idf/components/cmock /home/tikhon/Документы/magnolia/esp-idf/components/console /home/tikhon/Документы/magnolia/esp-idf/components/cxx /home/tikhon/Документы/magnolia/esp-idf/components/driver /home/tikhon/Документы/magnolia/esp-idf/components/efuse /home/tikhon/Документы/magnolia/esp-idf/components/esp-tls /home/tikhon/Документы/magnolia/esp-idf/components/esp_adc /home/tikhon/Документы/magnolia/esp-idf/components/esp_app_format /home/tikhon/Документы/magnolia/esp-idf/components/esp_bootloader_format /home/tikhon/Документы/magnolia/esp-idf/components/esp_coex /home/tikhon/Документы/magnolia/esp-idf/components/esp_common /home/tikhon/Документы/magnolia/esp-idf/components/esp_driver_ana_cmpr /home/tikhon/Документы/magnolia/esp-idf/components/esp_driver_bitscrambler /home/tikhon/Документы/magnolia/esp-idf/components/esp_driver_cam /home/tikhon/Документы/magnolia/esp-idf/components/esp_driver_dac /home/tikhon/Документы/magnolia/esp-idf/components/esp_driver_gpio /home/tikhon/Документы/magnolia/esp-idf/components/esp_driver_gptimer /home/tikhon/Документы/magnolia/esp-idf/components/esp_driver_i2c /home/tikhon/Документы/magnolia/esp-idf/components/esp_driver_i2s /home/tikhon/Документы/magnolia/esp-idf/components/esp_driver_i3c /home/tikhon/Документы/magnolia/esp-idf/components/esp_driver_isp /home/tikhon/Документы/magnolia/esp-idf/components/esp_driver_jpeg /home/tikhon/Документы/magnolia/esp-idf/components/esp_driver_ledc /home/tikhon/Документы/magnolia/esp-idf/components/esp_driver_mcpwm /home/tikhon/Документы/magnolia/esp-idf/components/esp_driver_parlio /home/tikhon/Документы/magnolia/esp-idf/components/esp_driver_pcnt /home/tikhon/Документы/magnolia/esp-idf/components/esp_driver_ppa /home/tikhon/Документы/magnolia/esp-idf/components/esp_driver_rmt /home/tikhon/Документы/magnolia/esp-idf/components/esp_driver_sd_intf /home/tikhon/Документы/magnolia/esp-idf/components/esp_driver_sdio /home/tikhon/Документы/magnolia/esp-idf/components/esp_driver_sdm /home/tikhon/Документы/magnolia/esp-idf/components/esp_driver_sdmmc /home/tikhon/Документы/magnolia/esp-idf/components/esp_driver_sdspi /home/tikhon/Документы/magnolia/esp-idf/components/esp_driver_spi /home/tikhon/Документы/magnolia/esp-idf/components/esp_driver_touch_sens /home/tikhon/Документы/magnolia/esp-idf/components/esp_driver_tsens /home/tikhon/Документы/magnolia/esp-idf/components/esp_driver_twai /home/tikhon/Документы/magnolia/esp-idf/components/esp_driver_uart /home/tikhon/Документы/magnolia/esp-idf/components/esp_driver_usb_serial_jtag /home/tikhon/Документы/magnolia/esp-idf/components/esp_eth /home/tikhon/Документы/magnolia/esp-idf/components/esp_event /home/tikhon/Документы/magnolia/esp-idf/components/esp_gdbstub /home/tikhon/Документы/magnolia/esp-idf/components/esp_hid /home/tikhon/Документы/magnolia/esp-idf/components/esp_http_client /home/tikhon/Документы/magnolia/esp-idf/components/esp_http_server /home/tikhon/Документы/magnolia/esp-idf/components/esp_https_ota /home/tikhon/Документы/magnolia/esp-idf/components/esp_https_server /home/tikhon/Документы/magnolia/esp-idf/components/esp_hw_support /home/tikhon/Документы/magnolia/esp-idf/components/esp_lcd /home/tikhon/Документы/magnolia/esp-idf/components/esp_local_ctrl /home/tikhon/Документы/magnolia/esp-idf/components/esp_mm /home/tikhon/Документы/magnolia/esp-idf/components/esp_netif /home/tikhon/Документы/magnolia/esp-idf/components/esp_netif_stack /home/tikhon/Документы/magnolia/esp-idf/components/esp_partition /home/tikhon/Документы/magnolia/esp-idf/components/esp_phy /home/tikhon/Документы/magnolia/esp-idf/components/esp_pm /home/tikhon/Документы/magnolia/esp-idf/components/esp_psram /home/tikhon/Документы/magnolia/esp-idf/components/esp_ringbuf /home/tikhon/Документы/magnolia/esp-idf/components/esp_rom /home/tikhon/Документы/magnolia/esp-idf/components/esp_security /home/tikhon/Документы/magnolia/esp-idf/components/esp_system /home/tikhon/Документы/magnolia/esp-idf/components/esp_timer /home/tikhon/Документы/magnolia/esp-idf/components/esp_vfs_console /home/tikhon/Документы/magnolia/esp-idf/components/esp_wifi /home/tikhon/Документы/magnolia/esp-idf/components/espcoredump /home/tikhon/Документы/magnolia/applets/go/sleep/managed_components/espressif__cmake_utilities /home/tikhon/Документы/magnolia/applets/go/sleep/managed_components/espressif__elf_loader /home/tikhon/Документы/magnolia/esp-idf/components/esptool_py /home/tikhon/Документы/magnolia/esp-idf/components/fatfs /home/tikhon/Документы/magnolia/esp-idf/components/freertos /home/tikhon/Документы/magnolia/esp-idf/components/hal /home/tikhon/Документы/magnolia/esp-idf/components/heap /home/tikhon/Документы/magnolia/esp-idf/components/http_parser /home/tikhon/Документы/magnolia/esp-idf/components/idf_test /home/tikhon/Документы/magnolia/esp-idf/components/ieee802154 /home/tikhon/Документы/magnolia/esp-idf/components/json /home/tikhon/Документы/magnolia/esp-idf/components/log /home/tikhon/Документы/magnolia/esp-idf/components/lwip /home/tikhon/Документы/magnolia/applets/go/sleep/main /home/tikhon/Документы/magnolia/esp-idf/components/mbedtls /home/tikhon/Документы/magnolia/esp-idf/components/mqtt /home/tikhon/Документы/magnolia/esp-idf/components/newlib /home/tikhon/Документы/magnolia/esp-idf/components/nvs_flash /home/tikhon/Документы/magnolia/esp-idf/components/nvs_sec_provider /home/tikhon/Документы/magnolia/esp-idf/components/openthread /home/tikhon/Документы/magnolia/esp-idf/components/partition_table /home/tikhon/Документы/magnolia/esp-idf/components/perfmon /home/tikhon/Документы/magnolia/esp-idf/components/protobuf-c /home/tikhon/Документы/magnolia/esp-idf/components/protocomm /home/tikhon/Документы/magnolia/esp-idf/components/pthread /home/tikhon/Документы/magnolia/esp-idf/components/rt /home/tikhon/Документы/magnolia/esp-idf/components/sdmmc /home/tikhon/Документы/magnolia/esp-idf/components/soc /home/tikhon/Документы/magnolia/esp-idf/components/spi_flash /home/tikhon/Документы/magnolia/esp-idf/components/spiffs /home/tikhon/Документы/magnolia/esp-idf/components/tcp_transport /home/tikhon/Документы/magnolia/esp-idf/components/touch_element /home/tikhon/Документы/magnolia/esp-idf/components/ulp /home/tikhon/Документы/magnolia/esp-idf/components/unity /home/tikhon/Документы/magnolia/esp-idf/components/usb /home/tikhon/Документы/magnolia/esp-idf/components/vfs /home/tikhon/Документы/magnolia/esp-idf/components/wear_levelling /home/tikhon/Документы/magnolia/esp-idf/components/wifi_provisioning /home/tikhon/Документы/magnolia/esp-idf/components/wpa_supplicant /home/tikhon/Документы/magnolia/esp-idf/components/xtensa
-- Configuring done (4.7s)
-- Adding linker script /home/tikhon/Документы/magnolia/esp-idf/components/soc/esp32s3/ld/esp32s3.peripherals.ld
-- Components: app_trace app_update bootloader bootloader_support bt cmock console cxx driver efuse esp-tls esp_adc esp_app_format esp_bootloader_format esp_coex esp_common esp_driver_ana_cmpr esp_driver_bitscrambler esp_driver_cam esp_driver_dac esp_driver_gpio esp_driver_gptimer esp_driver_i2c esp_driver_i2s esp_driver_i3c esp_driver_isp esp_driver_jpeg esp_driver_ledc esp_driver_mcpwm esp_driver_parlio esp_driver_pcnt esp_driver_ppa esp_driver_rmt esp_driver_sd_intf esp_driver_sdio esp_driver_sdm esp_driver_sdmmc esp_driver_sdspi esp_driver_spi esp_driver_touch_sens esp_driver_tsens esp_driver_twai esp_driver_uart esp_driver_usb_serial_jtag esp_eth esp_event esp_gdbstub esp_hid esp_http_client esp_http_server esp_https_ota esp_https_server esp_hw_support esp_lcd esp_local_ctrl esp_mm esp_netif esp_netif_stack esp_partition esp_phy esp_pm esp_psram esp_ringbuf esp_rom esp_security esp_system esp_timer esp_vfs_console esp_wifi espcoredump espressif__cmake_utilities espressif__elf_loader esptool_py fatfs freertos hal heap http_parser idf_test ieee802154 json log lwip main mbedtls mqtt newlib nvs_flash nvs_sec_provider openthread partition_table perfmon protobuf-c protocomm pthread rt sdmmc soc spi_flash spiffs tcp_transport touch_element ulp unity usb vfs wear_levelling wifi_provisioning wpa_supplicant xtensa
-- Component paths: /home/tikhon/Документы/magnolia/esp-idf/components/app_trace /home/tikhon/Документы/magnolia/esp-idf/components/app_update /home/tikhon/Документы/magnolia/esp-idf/components/bootloader /home/tikhon/Документы/magnolia/esp-idf/components/bootloader_support /home/tikhon/Документы/magnolia/esp-idf/components/bt /home/tikhon/Документы/magnolia/esp-idf/components/cmock /home/tikhon/Документы/magnolia/esp-idf/components/console /home/tikhon/Документы/magnolia/esp-idf/components/cxx /home/tikhon/Документы/magnolia/esp-idf/components/driver /home/tikhon/Документы/magnolia/esp-idf/components/efuse /home/tikhon/Документы/magnolia/esp-idf/components/esp-tls /home/tikhon/Документы/magnolia/esp-idf/components/esp_adc /home/tikhon/Документы/magnolia/esp-idf/components/esp_app_format /home/tikhon/Документы/magnolia/esp-idf/components/esp_bootloader_format /home/tikhon/Документы/magnolia/esp-idf/components/esp_coex /home/tikhon/Документы/magnolia/esp-idf/components/esp_common /home/tikhon/Документы/magnolia/esp-idf/components/esp_driver_ana_cmpr /home/tikhon/Документы/magnolia/esp-idf/components/esp_driver_bitscrambler /home/tikhon/Документы/magnolia/esp-idf/components/esp_driver_cam /home/tikhon/Документы/magnolia/esp-idf/components/esp_driver_dac /home/tikhon/Документы/magnolia/esp-idf/components/esp_driver_gpio /home/tikhon/Документы/magnolia/esp-idf/components/esp_driver_gptimer /home/tikhon/Документы/magnolia/esp-idf/components/esp_driver_i2c /home/tikhon/Документы/magnolia/esp-idf/components/esp_driver_i2s /home/tikhon/Документы/magnolia/esp-idf/components/esp_driver_i3c /home/tikhon/Документы/magnolia/esp-idf/components/esp_driver_isp /home/tikhon/Документы/magnolia/esp-idf/components/esp_driver_jpeg /home/tikhon/Документы/magnolia/esp-idf/components/esp_driver_ledc /home/tikhon/Документы/magnolia/esp-idf/components/esp_driver_mcpwm /home/tikhon/Документы/magnolia/esp-idf/components/esp_driver_parlio /home/tikhon/Документы/magnolia/esp-idf/components/esp_driver_pcnt /home/tikhon/Документы/magnolia/esp-idf/components/esp_driver_ppa /home/tikhon/Документы/magnolia/esp-idf/components/esp_driver_rmt /home/tikhon/Документы/magnolia/esp-idf/components/esp_driver_sd_intf /home/tikhon/Документы/magnolia/esp-idf/components/esp_driver_sdio /home/tikhon/Документы/magnolia/esp-idf/components/esp_driver_sdm /home/tikhon/Документы/magnolia/esp-idf/components/esp_driver_sdmmc /home/tikhon/Документы/magnolia/esp-idf/components/esp_driver_sdspi /home/tikhon/Документы/magnolia/esp-idf/components/esp_driver_spi /home/tikhon/Документы/magnolia/esp-idf/components/esp_driver_touch_sens /home/tikhon/Документы/magnolia/esp-idf/components/esp_driver_tsens /home/tikhon/Документы/magnolia/esp-idf/components/esp_driver_twai /home/tikhon/Документы/magnolia/esp-idf/components/esp_driver_uart /home/tikhon/Документы/magnolia/esp-idf/components/esp_driver_usb_serial_jtag /home/tikhon/Документы/magnolia/esp-idf/components/esp_eth /home/tikhon/Документы/magnolia/esp-idf/components/esp_event /home/tikhon/Документы/magnolia/esp-idf/components/esp_gdbstub /home/tikhon/Документы/magnolia/esp-idf/components/esp_hid /home/tikhon/Документы/magnolia/esp-idf/components/esp_http_client /home/tikhon/Документы/magnolia/esp-idf/components/esp_http_server /home/tikhon/Документы/magnolia/esp-idf/components/esp_https_ota /home/tikhon/Документы/magnolia/esp-idf/components/esp_https_server /home/tikhon/Документы/magnolia/esp-idf/components/esp_hw_support /home/tikhon/Документы/magnolia/esp-idf/components/esp_lcd /home/tikhon/Документы/magnolia/esp-idf/components/esp_local_ctrl /home/tikhon/Документы/magnolia/esp-idf/components/esp_mm /home/tikhon/Документы/magnolia/esp-idf/components/esp_netif /home/tikhon/Документы/magnolia/esp-idf/components/esp_netif_stack /home/tikhon/Документы/magnolia/esp-idf/components/esp_partition /home/tikhon/Документы/magnolia/esp-idf/components/esp_phy /home/tikhon/Документы/magnolia/esp-idf/components/esp_pm /home/tikhon/Документы/magnolia/esp-idf/components/esp_psram /home/tikhon/Документы/magnolia/esp-idf/components/esp_ringbuf /home/tikhon/Документы/magnolia/esp-idf/components/esp_rom /home/tikhon/Документы/magnolia/esp-idf/components/esp_security /home/tikhon/Документы/magnolia/esp-idf/components/esp_system /home/tikhon/Документы/magnolia/esp-idf/components/esp_timer /home/tikhon/Документы/magnolia/esp-idf/components/esp_vfs_console /home/tikhon/Документы/magnolia/esp-idf/components/esp_wifi /home/tikhon/Документы/magnolia/esp-idf/components/espcoredump /home/tikhon/Документы/magnolia/applets/rust/rhexdump/managed_components/espressif__cmake_utilities /home/tikhon/Документы/magnolia/applets/rust/rhexdump/managed_components/espressif__elf_loader /home/tikhon/Документы/magnolia/esp-idf/components/esptool_py /home/tikhon/Документы/magnolia/esp-idf/components/fatfs /home/tikhon/Документы/magnolia/esp-idf/components/freertos /home/tikhon/Документы/magnolia/esp-idf/components/hal /home/tikhon/Документы/magnolia/esp-idf/components/heap /home/tikhon/Документы/magnolia/esp-idf/components/http_parser /home/tikhon/Документы/magnolia/esp-idf/components/idf_test /home/tikhon/Документы/magnolia/esp-idf/components/ieee802154 /home/tikhon/Документы/magnolia/esp-idf/components/json /home/tikhon/Документы/magnolia/esp-idf/components/log /home/tikhon/Документы/magnolia/esp-idf/components/lwip /home/tikhon/Документы/magnolia/applets/rust/rhexdump/main /home/tikhon/Документы/magnolia/esp-idf/components/mbedtls /home/tikhon/Документы/magnolia/esp-idf/components/mqtt /home/tikhon/Документы/magnolia/esp-idf/components/newlib /home/tikhon/Документы/magnolia/esp-idf/components/nvs_flash /home/tikhon/Документы/magnolia/esp-idf/components/nvs_sec_provider /home/tikhon/Документы/magnolia/esp-idf/components/openthread /home/tikhon/Документы/magnolia/esp-idf/components/partition_table /home/tikhon/Документы/magnolia/esp-idf/components/perfmon /home/tikhon/Документы/magnolia/esp-idf/components/protobuf-c /home/tikhon/Документы/magnolia/esp-idf/components/protocomm /home/tikhon/Документы/magnolia/esp-idf/components/pthread /home/tikhon/Документы/magnolia/esp-idf/components/rt /home/tikhon/Документы/magnolia/esp-idf/components/sdmmc /home/tikhon/Документы/magnolia/esp-idf/components/soc /home/tikhon/Документы/magnolia/esp-idf/components/spi_flash /home/tikhon/Документы/magnolia/esp-idf/components/spiffs /home/tikhon/Документы/magnolia/esp-idf/components/tcp_transport /home/tikhon/Документы/magnolia/esp-idf/components/touch_element /home/tikhon/Документы/magnolia/esp-idf/components/ulp /home/tikhon/Документы/magnolia/esp-idf/components/unity /home/tikhon/Документы/magnolia/esp-idf/components/usb /home/tikhon/Документы/magnolia/esp-idf/components/vfs /home/tikhon/Документы/magnolia/esp-idf/components/wear_levelling /home/tikhon/Документы/magnolia/esp-idf/components/wifi_provisioning /home/tikhon/Документы/magnolia/esp-idf/components/wpa_supplicant /home/tikhon/Документы/magnolia/esp-idf/components/xtensa
-- Configuring done (4.5s)
-- Components: app_trace app_update bootloader bootloader_support bt cmock console cxx driver efuse esp-tls esp_adc esp_app_format esp_bootloader_format esp_coex esp_common esp_driver_ana_cmpr esp_driver_bitscrambler esp_driver_cam esp_driver_dac esp_driver_gpio esp_driver_gptimer esp_driver_i2c esp_driver_i2s esp_driver_i3c esp_driver_isp esp_driver_jpeg esp_driver_ledc esp_driver_mcpwm esp_driver_parlio esp_driver_pcnt esp_driver_ppa esp_driver_rmt esp_driver_sd_intf esp_driver_sdio esp_driver_sdm esp_driver_sdmmc esp_driver_sdspi esp_driver_spi esp_driver_touch_sens esp_driver_tsens esp_driver_twai esp_driver_uart esp_driver_usb_serial_jtag esp_eth esp_event esp_gdbstub esp_hid esp_http_client esp_http_server esp_https_ota esp_https_server esp_hw_support esp_lcd esp_local_ctrl esp_mm esp_netif esp_netif_stack esp_partition esp_phy esp_pm esp_psram esp_ringbuf esp_rom esp_security esp_system esp_timer esp_vfs_console esp_wifi espcoredump esptool_py fatfs freertos hal heap http_parser idf_test ieee802154 json log lwip main mbedtls mqtt newlib nvs_flash nvs_sec_provider openthread partition_table perfmon protobuf-c protocomm pthread rt sdmmc soc spi_flash spiffs tcp_transport touch_element ulp unity usb vfs wear_levelling wifi_provisioning wpa_supplicant xtensa
-- Component paths: /home/tikhon/Документы/magnolia/esp-idf/components/app_trace /home/tikhon/Документы/magnolia/esp-idf/components/app_update /home/tikhon/Документы/magnolia/esp-idf/components/bootloader /home/tikhon/Документы/magnolia/esp-idf/components/bootloader_support /home/tikhon/Документы/magnolia/esp-idf/components/bt /home/tikhon/Документы/magnolia/esp-idf/components/cmock /home/tikhon/Документы/magnolia/esp-idf/components/console /home/tikhon/Документы/magnolia/esp-idf/components/cxx /home/tikhon/Документы/magnolia/esp-idf/components/driver /home/tikhon/Документы/magnolia/esp-idf/components/efuse /home/tikhon/Документы/magnolia/esp-idf/components/esp-tls /home/tikhon/Документы/magnolia/esp-idf/components/esp_adc /home/tikhon/Документы/magnolia/esp-idf/components/esp_app_format /home/tikhon/Документы/magnolia/esp-idf/components/esp_bootloader_format /home/tikhon/Документы/magnolia/esp-idf/components/esp_coex /home/tikhon/Документы/magnolia/esp-idf/components/esp_common /home/tikhon/Документы/magnolia/esp-idf/components/esp_driver_ana_cmpr /home/tikhon/Документы/magnolia/esp-idf/components/esp_driver_bitscrambler /home/tikhon/Документы/magnolia/esp-idf/components/esp_driver_cam /home/tikhon/Документы/magnolia/esp-idf/components/esp_driver_dac /home/tikhon/Документы/magnolia/esp-idf/components/esp_driver_gpio /home/tikhon/Документы/magnolia/esp-idf/components/esp_driver_gptimer /home/tikhon/Документы/magnolia/esp-idf/components/esp_driver_i2c /home/tikhon/Документы/magnolia/esp-idf/components/esp_driver_i2s /home/tikhon/Документы/magnolia/esp-idf/components/esp_driver_i3c /home/tikhon/Документы/magnolia/esp-idf/components/esp_driver_isp /home/tikhon/Документы/magnolia/esp-idf/components/esp_driver_jpeg /home/tikhon/Документы/magnolia/esp-idf/components/esp_driver_ledc /home/tikhon/Документы/magnolia/esp-idf/components/esp_driver_mcpwm /home/tikhon/Документы/magnolia/esp-idf/components/esp_driver_parlio /home/tikhon/Документы/magnolia/esp-idf/components/esp_driver_pcnt /home/tikhon/Документы/magnolia/esp-idf/components/esp_driver_ppa /home/tikhon/Документы/magnolia/esp-idf/components/esp_driver_rmt /home/tikhon/Документы/magnolia/esp-idf/components/esp_driver_sd_intf /home/tikhon/Документы/magnolia/esp-idf/components/esp_driver_sdio /home/tikhon/Документы/magnolia/esp-idf/components/esp_driver_sdm /home/tikhon/Документы/magnolia/esp-idf/components/esp_driver_sdmmc /home/tikhon/Документы/magnolia/esp-idf/components/esp_driver_sdspi /home/tikhon/Документы/magnolia/esp-idf/components/esp_driver_spi /home/tikhon/Документы/magnolia/esp-idf/components/esp_driver_touch_sens /home/tikhon/Документы/magnolia/esp-idf/components/esp_driver_tsens /home/tikhon/Документы/magnolia/esp-idf/components/esp_driver_twai /home/tikhon/Документы/magnolia/esp-idf/components/esp_driver_uart /home/tikhon/Документы/magnolia/esp-idf/components/esp_driver_usb_serial_jtag /home/tikhon/Документы/magnolia/esp-idf/components/esp_eth /home/tikhon/Документы/magnolia/esp-idf/components/esp_event /home/tikhon/Документы/magnolia/esp-idf/components/esp_gdbstub /home/tikhon/Документы/magnolia/esp-idf/components/esp_hid /home/tikhon/Документы/magnolia/esp-idf/components/esp_http_client /home/tikhon/Документы/magnolia/esp-idf/components/esp_http_server /home/tikhon/Документы/magnolia/esp-idf/components/esp_https_ota /home/tikhon/Документы/magnolia/esp-idf/components/esp_https_server /home/tikhon/Документы/magnolia/esp-idf/components/esp_hw_support /home/tikhon/Документы/magnolia/esp-idf/components/esp_lcd /home/tikhon/Документы/magnolia/esp-idf/components/esp_local_ctrl /home/tikhon/Документы/magnolia/esp-idf/components/esp_mm /home/tikhon/Документы/magnolia/esp-idf/components/esp_netif /home/tikhon/Документы/magnolia/esp-idf/components/esp_netif_stack /home/tikhon/Документы/magnolia/esp-idf/components/esp_partition /home/tikhon/Документы/magnolia/esp-idf/components/esp_phy /home/tikhon/Документы/magnolia/esp-idf/components/esp_pm /home/tikhon/Документы/magnolia/esp-idf/components/esp_psram /home/tikhon/Документы/magnolia/esp-idf/components/esp_ringbuf /home/tikhon/Документы/magnolia/esp-idf/components/esp_rom /home/tikhon/Документы/magnolia/esp-idf/components/esp_security /home/tikhon/Документы/magnolia/esp-idf/components/esp_system /home/tikhon/Документы/magnolia/esp-idf/components/esp_timer /home/tikhon/Документы/magnolia/esp-idf/components/esp_vfs_console /home/tikhon/Документы/magnolia/esp-idf/components/esp_wifi /home/tikhon/Документы/magnolia/esp-idf/components/espcoredump /home/tikhon/Документы/magnolia/esp-idf/components/esptool_py /home/tikhon/Документы/magnolia/esp-idf/components/fatfs /home/tikhon/Документы/magnolia/esp-idf/components/freertos /home/tikhon/Документы/magnolia/esp-idf/components/hal /home/tikhon/Документы/magnolia/esp-idf/components/heap /home/tikhon/Документы/magnolia/esp-idf/components/http_parser /home/tikhon/Документы/magnolia/esp-idf/components/idf_test /home/tikhon/Документы/magnolia/esp-idf/components/ieee802154 /home/tikhon/Документы/magnolia/esp-idf/components/json /home/tikhon/Документы/magnolia/esp-idf/components/log /home/tikhon/Документы/magnolia/esp-idf/components/lwip /home/tikhon/Документы/magnolia/applets/rust/rselftest/main /home/tikhon/Документы/magnolia/esp-idf/components/mbedtls /home/tikhon/Документы/magnolia/esp-idf/components/mqtt /home/tikhon/Документы/magnolia/esp-idf/components/newlib /home/tikhon/Документы/magnolia/esp-idf/components/nvs_flash /home/tikhon/Документы/magnolia/esp-idf/components/nvs_sec_provider /home/tikhon/Документы/magnolia/esp-idf/components/openthread /home/tikhon/Документы/magnolia/esp-idf/components/partition_table /home/tikhon/Документы/magnolia/esp-idf/components/perfmon /home/tikhon/Документы/magnolia/esp-idf/components/protobuf-c /home/tikhon/Документы/magnolia/esp-idf/components/protocomm /home/tikhon/Документы/magnolia/esp-idf/components/pthread /home/tikhon/Документы/magnolia/esp-idf/components/rt /home/tikhon/Документы/magnolia/esp-idf/components/sdmmc /home/tikhon/Документы/magnolia/esp-idf/components/soc /home/tikhon/Документы/magnolia/esp-idf/components/spi_flash /home/tikhon/Документы/magnolia/esp-idf/components/spiffs /home/tikhon/Документы/magnolia/esp-idf/components/tcp_transport /home/tikhon/Документы/magnolia/esp-idf/components/touch_element /home/tikhon/Документы/magnolia/esp-idf/components/ulp /home/tikhon/Документы/magnolia/esp-idf/components/unity /home/tikhon/Документы/magnolia/esp-idf/components/usb /home/tikhon/Документы/magnolia/esp-idf/components/vfs /home/tikhon/Документы/magnolia/esp-idf/components/wear_levelling /home/tikhon/Документы/magnolia/esp-idf/components/wifi_provisioning /home/tikhon/Документы/magnolia/esp-idf/components/wpa_supplicant /home/tikhon/Документы/magnolia/esp-idf/components/xtensa
-- Configuring done (4.1s)
-- USING O3
-- Adding linker script /home/tikhon/Документы/magnolia/applets/zig/zhexdump/build/esp-idf/esp_system/ld/memory.ld
-- Adding linker script /home/tikhon/Документы/magnolia/applets/zig/zhexdump/build/esp-idf/esp_system/ld/sections.ld.in
-- Minimal build - OFF
-- Adding linker script /home/tikhon/Документы/magnolia/esp-idf/components/esp_rom/esp32s3/ld/esp32s3.rom.ld
-- Adding linker script /home/tikhon/Документы/magnolia/esp-idf/components/esp_rom/esp32s3/ld/esp32s3.rom.api.ld
-- Adding linker script /home/tikhon/Документы/magnolia/esp-idf/components/esp_rom/esp32s3/ld/esp32s3.rom.bt_funcs.ld
-- Adding linker script /home/tikhon/Документы/magnolia/esp-idf/components/esp_rom/esp32s3/ld/esp32s3.rom.libgcc.ld
-- Adding linker script /home/tikhon/Документы/magnolia/esp-idf/components/esp_rom/esp32s3/ld/esp32s3.rom.wdt.ld
-- Adding linker script /home/tikhon/Документы/magnolia/esp-idf/components/esp_rom/esp32s3/ld/esp32s3.rom.version.ld
-- Adding linker script /home/tikhon/Документы/magnolia/esp-idf/components/esp_rom/esp32s3/ld/esp32s3.rom.ble_master.ld
-- Adding linker script /home/tikhon/Документы/magnolia/esp-idf/components/esp_rom/esp32s3/ld/esp32s3.rom.ble_50.ld
-- Adding linker script /home/tikhon/Документы/magnolia/esp-idf/components/esp_rom/esp32s3/ld/esp32s3.rom.ble_smp.ld
-- Adding linker script /home/tikhon/Документы/magnolia/esp-idf/components/esp_rom/esp32s3/ld/esp32s3.rom.ble_dtm.ld
-- Adding linker script /home/tikhon/Документы/magnolia/esp-idf/components/esp_rom/esp32s3/ld/esp32s3.rom.ble_test.ld
-- Adding linker script /home/tikhon/Документы/magnolia/esp-idf/components/esp_rom/esp32s3/ld/esp32s3.rom.ble_scan.ld
-- Adding linker script /home/tikhon/Документы/magnolia/esp-idf/components/esp_rom/esp32s3/ld/esp32s3.rom.libc.ld
-- Adding linker script /home/tikhon/Документы/magnolia/esp-idf/components/esp_rom/esp32s3/ld/esp32s3.rom.newlib.ld
-- Adding linker script /home/tikhon/Документы/magnolia/esp-idf/components/soc/esp32s3/ld/esp32s3.peripherals.ld
-- Components: app_trace app_update bootloader bootloader_support bt cmock console cxx driver efuse esp-tls esp_adc esp_app_format esp_bootloader_format esp_coex esp_common esp_driver_ana_cmpr esp_driver_bitscrambler esp_driver_cam esp_driver_dac esp_driver_gpio esp_driver_gptimer esp_driver_i2c esp_driver_i2s esp_driver_i3c esp_driver_isp esp_driver_jpeg esp_driver_ledc esp_driver_mcpwm esp_driver_parlio esp_driver_pcnt esp_driver_ppa esp_driver_rmt esp_driver_sd_intf esp_driver_sdio esp_driver_sdm esp_driver_sdmmc esp_driver_sdspi esp_driver_spi esp_driver_touch_sens esp_driver_tsens esp_driver_twai esp_driver_uart esp_driver_usb_serial_jtag esp_eth esp_event esp_gdbstub esp_hid esp_http_client esp_http_server esp_https_ota esp_https_server esp_hw_support esp_lcd esp_local_ctrl esp_mm esp_netif esp_netif_stack esp_partition esp_phy esp_pm esp_psram esp_ringbuf esp_rom esp_security esp_system esp_timer esp_vfs_console esp_wifi espcoredump espressif__cmake_utilities espressif__elf_loader esptool_py fatfs freertos hal heap http_parser idf_test ieee802154 json log lwip main mbedtls mqtt newlib nvs_flash nvs_sec_provider openthread partition_table perfmon protobuf-c protocomm pthread rt sdmmc soc spi_flash spiffs tcp_transport touch_element ulp unity usb vfs wear_levelling wifi_provisioning wpa_supplicant xtensa
-- Component paths: /home/tikhon/Документы/magnolia/esp-idf/components/app_trace /home/tikhon/Документы/magnolia/esp-idf/components/app_update /home/tikhon/Документы/magnolia/esp-idf/components/bootloader /home/tikhon/Документы/magnolia/esp-idf/components/bootloader_support /home/tikhon/Документы/magnolia/esp-idf/components/bt /home/tikhon/Документы/magnolia/esp-idf/components/cmock /home/tikhon/Документы/magnolia/esp-idf/components/console /home/tikhon/Документы/magnolia/esp-idf/components/cxx /home/tikhon/Документы/magnolia/esp-idf/components/driver /home/tikhon/Документы/magnolia/esp-idf/components/efuse /home/tikhon/Документы/magnolia/esp-idf/components/esp-tls /home/tikhon/Документы/magnolia/esp-idf/components/esp_adc /home/tikhon/Документы/magnolia/esp-idf/components/esp_app_format /home/tikhon/Документы/magnolia/esp-idf/components/esp_bootloader_format /home/tikhon/Документы/magnolia/esp-idf/components/esp_coex /home/tikhon/Документы/magnolia/esp-idf/components/esp_common /home/tikhon/Документы/magnolia/esp-idf/components/esp_driver_ana_cmpr /home/tikhon/Документы/magnolia/esp-idf/components/esp_driver_bitscrambler /home/tikhon/Документы/magnolia/esp-idf/components/esp_driver_cam /home/tikhon/Документы/magnolia/esp-idf/components/esp_driver_dac /home/tikhon/Документы/magnolia/esp-idf/components/esp_driver_gpio /home/tikhon/Документы/magnolia/esp-idf/components/esp_driver_gptimer /home/tikhon/Документы/magnolia/esp-idf/components/esp_driver_i2c /home/tikhon/Документы/magnolia/esp-idf/components/esp_driver_i2s /home/tikhon/Документы/magnolia/esp-idf/components/esp_driver_i3c /home/tikhon/Документы/magnolia/esp-idf/components/esp_driver_isp /home/tikhon/Документы/magnolia/esp-idf/components/esp_driver_jpeg /home/tikhon/Документы/magnolia/esp-idf/components/esp_driver_ledc /home/tikhon/Документы/magnolia/esp-idf/components/esp_driver_mcpwm /home/tikhon/Документы/magnolia/esp-idf/components/esp_driver_parlio /home/tikhon/Документы/magnolia/esp-idf/components/esp_driver_pcnt /home/tikhon/Документы/magnolia/esp-idf/components/esp_driver_ppa /home/tikhon/Документы/magnolia/esp-idf/components/esp_driver_rmt /home/tikhon/Документы/magnolia/esp-idf/components/esp_driver_sd_intf /home/tikhon/Документы/magnolia/esp-idf/components/esp_driver_sdio /home/tikhon/Документы/magnolia/esp-idf/components/esp_driver_sdm /home/tikhon/Документы/magnolia/esp-idf/components/esp_driver_sdmmc /home/tikhon/Документы/magnolia/esp-idf/components/esp_driver_sdspi /home/tikhon/Документы/magnolia/esp-idf/components/esp_driver_spi /home/tikhon/Документы/magnolia/esp-idf/components/esp_driver_touch_sens /home/tikhon/Документы/magnolia/esp-idf/components/esp_driver_tsens /home/tikhon/Документы/magnolia/esp-idf/components/esp_driver_twai /home/tikhon/Документы/magnolia/esp-idf/components/esp_driver_uart /home/tikhon/Документы/magnolia/esp-idf/components/esp_driver_usb_serial_jtag /home/tikhon/Документы/magnolia/esp-idf/components/esp_eth /home/tikhon/Документы/magnolia/esp-idf/components/esp_event /home/tikhon/Документы/magnolia/esp-idf/components/esp_gdbstub /home/tikhon/Документы/magnolia/esp-idf/components/esp_hid /home/tikhon/Документы/magnolia/esp-idf/components/esp_http_client /home/tikhon/Документы/magnolia/esp-idf/components/esp_http_server /home/tikhon/Документы/magnolia/esp-idf/components/esp_https_ota /home/tikhon/Документы/magnolia/esp-idf/components/esp_https_server /home/tikhon/Документы/magnolia/esp-idf/components/esp_hw_support /home/tikhon/Документы/magnolia/esp-idf/components/esp_lcd /home/tikhon/Документы/magnolia/esp-idf/components/esp_local_ctrl /home/tikhon/Документы/magnolia/esp-idf/components/esp_mm /home/tikhon/Документы/magnolia/esp-idf/components/esp_netif /home/tikhon/Документы/magnolia/esp-idf/components/esp_netif_stack /home/tikhon/Документы/magnolia/esp-idf/components/esp_partition /home/tikhon/Документы/magnolia/esp-idf/components/esp_phy /home/tikhon/Документы/magnolia/esp-idf/components/esp_pm /home/tikhon/Документы/magnolia/esp-idf/components/esp_psram /home/tikhon/Документы/magnolia/esp-idf/components/esp_ringbuf /home/tikhon/Документы/magnolia/esp-idf/components/esp_rom /home/tikhon/Документы/magnolia/esp-idf/components/esp_security /home/tikhon/Документы/magnolia/esp-idf/components/esp_system /home/tikhon/Документы/magnolia/esp-idf/components/esp_timer /home/tikhon/Документы/magnolia/esp-idf/components/esp_vfs_console /home/tikhon/Документы/magnolia/esp-idf/components/esp_wifi /home/tikhon/Документы/magnolia/esp-idf/components/espcoredump /home/tikhon/Документы/magnolia/applets/go/uname/managed_components/espressif__cmake_utilities /home/tikhon/Документы/magnolia/applets/go/uname/managed_components/espressif__elf_loader /home/tikhon/Документы/magnolia/esp-idf/components/esptool_py /home/tikhon/Документы/magnolia/esp-idf/components/fatfs /home/tikhon/Документы/magnolia/esp-idf/components/freertos /home/tikhon/Документы/magnolia/esp-idf/components/hal /home/tikhon/Документы/magnolia/esp-idf/components/heap /home/tikhon/Документы/magnolia/esp-idf/components/http_parser /home/tikhon/Документы/magnolia/esp-idf/components/idf_test /home/tikhon/Документы/magnolia/esp-idf/components/ieee802154 /home/tikhon/Документы/magnolia/esp-idf/components/json /home/tikhon/Документы/magnolia/esp-idf/components/log /home/tikhon/Документы/magnolia/esp-idf/components/lwip /home/tikhon/Документы/magnolia/applets/go/uname/main /home/tikhon/Документы/magnolia/esp-idf/components/mbedtls /home/tikhon/Документы/magnolia/esp-idf/components/mqtt /home/tikhon/Документы/magnolia/esp-idf/components/newlib /home/tikhon/Документы/magnolia/esp-idf/components/nvs_flash /home/tikhon/Документы/magnolia/esp-idf/components/nvs_sec_provider /home/tikhon/Документы/magnolia/esp-idf/components/openthread /home/tikhon/Документы/magnolia/esp-idf/components/partition_table /home/tikhon/Документы/magnolia/esp-idf/components/perfmon /home/tikhon/Документы/magnolia/esp-idf/components/protobuf-c /home/tikhon/Документы/magnolia/esp-idf/components/protocomm /home/tikhon/Документы/magnolia/esp-idf/components/pthread /home/tikhon/Документы/magnolia/esp-idf/components/rt /home/tikhon/Документы/magnolia/esp-idf/components/sdmmc /home/tikhon/Документы/magnolia/esp-idf/components/soc /home/tikhon/Документы/magnolia/esp-idf/components/spi_flash /home/tikhon/Документы/magnolia/esp-idf/components/spiffs /home/tikhon/Документы/magnolia/esp-idf/components/tcp_transport /home/tikhon/Документы/magnolia/esp-idf/components/touch_element /home/tikhon/Документы/magnolia/esp-idf/components/ulp /home/tikhon/Документы/magnolia/esp-idf/components/unity /home/tikhon/Документы/magnolia/esp-idf/components/usb /home/tikhon/Документы/magnolia/esp-idf/components/vfs /home/tikhon/Документы/magnolia/esp-idf/components/wear_levelling /home/tikhon/Документы/magnolia/esp-idf/components/wifi_provisioning /home/tikhon/Документы/magnolia/esp-idf/components/wpa_supplicant /home/tikhon/Документы/magnolia/esp-idf/components/xtensa
-- USING O3
-- Configuring done (4.8s)
-- Building ESP-IDF components for target esp32s3
-- Adding linker script /home/tikhon/Документы/magnolia/applets/zig/zdd/build/esp-idf/esp_system/ld/memory.ld
-- Adding linker script /home/tikhon/Документы/magnolia/applets/zig/zdd/build/esp-idf/esp_system/ld/sections.ld.in
-- Adding linker script /home/tikhon/Документы/magnolia/esp-idf/components/esp_rom/esp32s3/ld/esp32s3.rom.ld
-- Adding linker script /home/tikhon/Документы/magnolia/esp-idf/components/esp_rom/esp32s3/ld/esp32s3.rom.api.ld
-- Adding linker script /home/tikhon/Документы/magnolia/esp-idf/components/esp_rom/esp32s3/ld/esp32s3.rom.bt_funcs.ld
-- Adding linker script /home/tikhon/Документы/magnolia/esp-idf/components/esp_rom/esp32s3/ld/esp32s3.rom.libgcc.ld
-- Adding linker script /home/tikhon/Документы/magnolia/esp-idf/components/esp_rom/esp32s3/ld/esp32s3.rom.wdt.ld
-- Adding linker script /home/tikhon/Документы/magnolia/esp-idf/components/esp_rom/esp32s3/ld/esp32s3.rom.version.ld
-- Adding linker script /home/tikhon/Документы/magnolia/esp-idf/components/esp_rom/esp32s3/ld/esp32s3.rom.ble_master.ld
-- Adding linker script /home/tikhon/Документы/magnolia/esp-idf/components/esp_rom/esp32s3/ld/esp32s3.rom.ble_50.ld
-- Adding linker script /home/tikhon/Документы/magnolia/esp-idf/components/esp_rom/esp32s3/ld/esp32s3.rom.ble_smp.ld
-- Adding linker script /home/tikhon/Документы/magnolia/esp-idf/components/esp_rom/esp32s3/ld/esp32s3.rom.ble_dtm.ld
-- Adding linker script /home/tikhon/Документы/magnolia/esp-idf/components/esp_rom/esp32s3/ld/esp32s3.rom.ble_test.ld
-- Adding linker script /home/tikhon/Документы/magnolia/esp-idf/components/esp_rom/esp32s3/ld/esp32s3.rom.ble_scan.ld
-- Adding linker script /home/tikhon/Документы/magnolia/esp-idf/components/esp_rom/esp32s3/ld/esp32s3.rom.libc.ld
-- Adding linker script /home/tikhon/Документы/magnolia/esp-idf/components/esp_rom/esp32s3/ld/esp32s3.rom.newlib.ld
-- Generating done (0.5s)
-- Adding linker script /home/tikhon/Документы/magnolia/esp-idf/components/soc/esp32s3/ld/esp32s3.peripherals.ld
-- Build files have been written to: /home/tikhon/Документы/magnolia/applets/rust/edit/build
-- Components: app_trace app_update bootloader bootloader_support bt cmock console cxx driver efuse esp-tls esp_adc esp_app_format esp_bootloader_format esp_coex esp_common esp_driver_ana_cmpr esp_driver_bitscrambler esp_driver_cam esp_driver_dac esp_driver_gpio esp_driver_gptimer esp_driver_i2c esp_driver_i2s esp_driver_i3c esp_driver_isp esp_driver_jpeg esp_driver_ledc esp_driver_mcpwm esp_driver_parlio esp_driver_pcnt esp_driver_ppa esp_driver_rmt esp_driver_sd_intf esp_driver_sdio esp_driver_sdm esp_driver_sdmmc esp_driver_sdspi esp_driver_spi esp_driver_touch_sens esp_driver_tsens esp_driver_twai esp_driver_uart esp_driver_usb_serial_jtag esp_eth esp_event esp_gdbstub esp_hid esp_http_client esp_http_server esp_https_ota esp_https_server esp_hw_support esp_lcd esp_local_ctrl esp_mm esp_netif esp_netif_stack esp_partition esp_phy esp_pm esp_psram esp_ringbuf esp_rom esp_security esp_system esp_timer esp_vfs_console esp_wifi espcoredump esptool_py fatfs freertos hal heap http_parser idf_test ieee802154 json log lwip main mbedtls mqtt newlib nvs_flash nvs_sec_provider openthread partition_table perfmon protobuf-c protocomm pthread rt sdmmc soc spi_flash spiffs tcp_transport touch_element ulp unity usb vfs wear_levelling wifi_provisioning wpa_supplicant xtensa
-- Component paths: /home/tikhon/Документы/magnolia/esp-idf/components/app_trace /home/tikhon/Документы/magnolia/esp-idf/components/app_update /home/tikhon/Документы/magnolia/esp-idf/components/bootloader /home/tikhon/Документы/magnolia/esp-idf/components/bootloader_support /home/tikhon/Документы/magnolia/esp-idf/components/bt /home/tikhon/Документы/magnolia/esp-idf/components/cmock /home/tikhon/Документы/magnolia/esp-idf/components/console /home/tikhon/Документы/magnolia/esp-idf/components/cxx /home/tikhon/Документы/magnolia/esp-idf/components/driver /home/tikhon/Документы/magnolia/esp-idf/components/efuse /home/tikhon/Документы/magnolia/esp-idf/components/esp-tls /home/tikhon/Документы/magnolia/esp-idf/components/esp_adc /home/tikhon/Документы/magnolia/esp-idf/components/esp_app_format /home/tikhon/Документы/magnolia/esp-idf/components/esp_bootloader_format /home/tikhon/Документы/magnolia/esp-idf/components/esp_coex /home/tikhon/Документы/magnolia/esp-idf/components/esp_common /home/tikhon/Документы/magnolia/esp-idf/components/esp_driver_ana_cmpr /home/tikhon/Документы/magnolia/esp-idf/components/esp_driver_bitscrambler /home/tikhon/Документы/magnolia/esp-idf/components/esp_driver_cam /home/tikhon/Документы/magnolia/esp-idf/components/esp_driver_dac /home/tikhon/Документы/magnolia/esp-idf/components/esp_driver_gpio /home/tikhon/Документы/magnolia/esp-idf/components/esp_driver_gptimer /home/tikhon/Документы/magnolia/esp-idf/components/esp_driver_i2c /home/tikhon/Документы/magnolia/esp-idf/components/esp_driver_i2s /home/tikhon/Документы/magnolia/esp-idf/components/esp_driver_i3c /home/tikhon/Документы/magnolia/esp-idf/components/esp_driver_isp /home/tikhon/Документы/magnolia/esp-idf/components/esp_driver_jpeg /home/tikhon/Документы/magnolia/esp-idf/components/esp_driver_ledc /home/tikhon/Документы/magnolia/esp-idf/components/esp_driver_mcpwm /home/tikhon/Документы/magnolia/esp-idf/components/esp_driver_parlio /home/tikhon/Документы/magnolia/esp-idf/components/esp_driver_pcnt /home/tikhon/Документы/magnolia/esp-idf/components/esp_driver_ppa /home/tikhon/Документы/magnolia/esp-idf/components/esp_driver_rmt /home/tikhon/Документы/magnolia/esp-idf/components/esp_driver_sd_intf /home/tikhon/Документы/magnolia/esp-idf/components/esp_driver_sdio /home/tikhon/Документы/magnolia/esp-idf/components/esp_driver_sdm /home/tikhon/Документы/magnolia/esp-idf/components/esp_driver_sdmmc /home/tikhon/Документы/magnolia/esp-idf/components/esp_driver_sdspi /home/tikhon/Документы/magnolia/esp-idf/components/esp_driver_spi /home/tikhon/Документы/magnolia/esp-idf/components/esp_driver_touch_sens /home/tikhon/Документы/magnolia/esp-idf/components/esp_driver_tsens /home/tikhon/Документы/magnolia/esp-idf/components/esp_driver_twai /home/tikhon/Документы/magnolia/esp-idf/components/esp_driver_uart /home/tikhon/Документы/magnolia/esp-idf/components/esp_driver_usb_serial_jtag /home/tikhon/Документы/magnolia/esp-idf/components/esp_eth /home/tikhon/Документы/magnolia/esp-idf/components/esp_event /home/tikhon/Документы/magnolia/esp-idf/components/esp_gdbstub /home/tikhon/Документы/magnolia/esp-idf/components/esp_hid /home/tikhon/Документы/magnolia/esp-idf/components/esp_http_client /home/tikhon/Документы/magnolia/esp-idf/components/esp_http_server /home/tikhon/Документы/magnolia/esp-idf/components/esp_https_ota /home/tikhon/Документы/magnolia/esp-idf/components/esp_https_server /home/tikhon/Документы/magnolia/esp-idf/components/esp_hw_support /home/tikhon/Документы/magnolia/esp-idf/components/esp_lcd /home/tikhon/Документы/magnolia/esp-idf/components/esp_local_ctrl /home/tikhon/Документы/magnolia/esp-idf/components/esp_mm /home/tikhon/Документы/magnolia/esp-idf/components/esp_netif /home/tikhon/Документы/magnolia/esp-idf/components/esp_netif_stack /home/tikhon/Документы/magnolia/esp-idf/components/esp_partition /home/tikhon/Документы/magnolia/esp-idf/components/esp_phy /home/tikhon/Документы/magnolia/esp-idf/components/esp_pm /home/tikhon/Документы/magnolia/esp-idf/components/esp_psram /home/tikhon/Документы/magnolia/esp-idf/components/esp_ringbuf /home/tikhon/Документы/magnolia/esp-idf/components/esp_rom /home/tikhon/Документы/magnolia/esp-idf/components/esp_security /home/tikhon/Документы/magnolia/esp-idf/components/esp_system /home/tikhon/Документы/magnolia/esp-idf/components/esp_timer /home/tikhon/Документы/magnolia/esp-idf/components/esp_vfs_console /home/tikhon/Документы/magnolia/esp-idf/components/esp_wifi /home/tikhon/Документы/magnolia/esp-idf/components/espcoredump /home/tikhon/Документы/magnolia/esp-idf/components/esptool_py /home/tikhon/Документы/magnolia/esp-idf/components/fatfs /home/tikhon/Документы/magnolia/esp-idf/components/freertos /home/tikhon/Документы/magnolia/esp-idf/components/hal /home/tikhon/Документы/magnolia/esp-idf/components/heap /home/tikhon/Документы/magnolia/esp-idf/components/http_parser /home/tikhon/Документы/magnolia/esp-idf/components/idf_test /home/tikhon/Документы/magnolia/esp-idf/components/ieee802154 /home/tikhon/Документы/magnolia/esp-idf/components/json /home/tikhon/Документы/magnolia/esp-idf/components/log /home/tikhon/Документы/magnolia/esp-idf/components/lwip /home/tikhon/Документы/magnolia/applets/rust/rshello/main /home/tikhon/Документы/magnolia/esp-idf/components/mbedtls /home/tikhon/Документы/magnolia/esp-idf/components/mqtt /home/tikhon/Документы/magnolia/esp-idf/components/newlib /home/tikhon/Документы/magnolia/esp-idf/components/nvs_flash /home/tikhon/Документы/magnolia/esp-idf/components/nvs_sec_provider /home/tikhon/Документы/magnolia/esp-idf/components/openthread /home/tikhon/Документы/magnolia/esp-idf/components/partition_table /home/tikhon/Документы/magnolia/esp-idf/components/perfmon /home/tikhon/Документы/magnolia/esp-idf/components/protobuf-c /home/tikhon/Документы/magnolia/esp-idf/components/protocomm /home/tikhon/Документы/magnolia/esp-idf/components/pthread /home/tikhon/Документы/magnolia/esp-idf/components/rt /home/tikhon/Документы/magnolia/esp-idf/components/sdmmc /home/tikhon/Документы/magnolia/esp-idf/components/soc /home/tikhon/Документы/magnolia/esp-idf/components/spi_flash /home/tikhon/Документы/magnolia/esp-idf/components/spiffs /home/tikhon/Документы/magnolia/esp-idf/components/tcp_transport /home/tikhon/Документы/magnolia/esp-idf/components/touch_element /home/tikhon/Документы/magnolia/esp-idf/components/ulp /home/tikhon/Документы/magnolia/esp-idf/components/unity /home/tikhon/Документы/magnolia/esp-idf/components/usb /home/tikhon/Документы/magnolia/esp-idf/components/vfs /home/tikhon/Документы/magnolia/esp-idf/components/wear_levelling /home/tikhon/Документы/magnolia/esp-idf/components/wifi_provisioning /home/tikhon/Документы/magnolia/esp-idf/components/wpa_supplicant /home/tikhon/Документы/magnolia/esp-idf/components/xtensa
-- Configuring done (4.0s)
-- ELF_LOADER: 1.1.1
[0/4] Re-checking globbed directories...
-- USING O3
-- ELF_LOADER: 1.1.1
-- ELF_LOADER: 1.1.1
-- Adding linker script /home/tikhon/Документы/magnolia/applets/zig/zighello/build/esp-idf/esp_system/ld/memory.ld
-- Adding linker script /home/tikhon/Документы/magnolia/applets/zig/zighello/build/esp-idf/esp_system/ld/sections.ld.in
-- Adding linker script /home/tikhon/Документы/magnolia/esp-idf/components/esp_rom/esp32s3/ld/esp32s3.rom.ld
-- Adding linker script /home/tikhon/Документы/magnolia/esp-idf/components/esp_rom/esp32s3/ld/esp32s3.rom.api.ld
-- Adding linker script /home/tikhon/Документы/magnolia/esp-idf/components/esp_rom/esp32s3/ld/esp32s3.rom.bt_funcs.ld
-- Adding linker script /home/tikhon/Документы/magnolia/esp-idf/components/esp_rom/esp32s3/ld/esp32s3.rom.libgcc.ld
-- Adding linker script /home/tikhon/Документы/magnolia/esp-idf/components/esp_rom/esp32s3/ld/esp32s3.rom.wdt.ld
-- Adding linker script /home/tikhon/Документы/magnolia/esp-idf/components/esp_rom/esp32s3/ld/esp32s3.rom.version.ld
-- Adding linker script /home/tikhon/Документы/magnolia/esp-idf/components/esp_rom/esp32s3/ld/esp32s3.rom.ble_master.ld
-- Adding linker script /home/tikhon/Документы/magnolia/esp-idf/components/esp_rom/esp32s3/ld/esp32s3.rom.ble_50.ld
-- Adding linker script /home/tikhon/Документы/magnolia/esp-idf/components/esp_rom/esp32s3/ld/esp32s3.rom.ble_smp.ld
-- Adding linker script /home/tikhon/Документы/magnolia/esp-idf/components/esp_rom/esp32s3/ld/esp32s3.rom.ble_dtm.ld
-- Adding linker script /home/tikhon/Документы/magnolia/esp-idf/components/esp_rom/esp32s3/ld/esp32s3.rom.ble_test.ld
-- Adding linker script /home/tikhon/Документы/magnolia/esp-idf/components/esp_rom/esp32s3/ld/esp32s3.rom.ble_scan.ld
-- Adding linker script /home/tikhon/Документы/magnolia/esp-idf/components/esp_rom/esp32s3/ld/esp32s3.rom.libc.ld
-- Adding linker script /home/tikhon/Документы/magnolia/esp-idf/components/esp_rom/esp32s3/ld/esp32s3.rom.newlib.ld
-- Adding linker script /home/tikhon/Документы/magnolia/esp-idf/components/soc/esp32s3/ld/esp32s3.peripherals.ld
-- Components: app_trace app_update bootloader bootloader_support bt cmock console cxx driver efuse esp-tls esp_adc esp_app_format esp_bootloader_format esp_coex esp_common esp_driver_ana_cmpr esp_driver_bitscrambler esp_driver_cam esp_driver_dac esp_driver_gpio esp_driver_gptimer esp_driver_i2c esp_driver_i2s esp_driver_i3c esp_driver_isp esp_driver_jpeg esp_driver_ledc esp_driver_mcpwm esp_driver_parlio esp_driver_pcnt esp_driver_ppa esp_driver_rmt esp_driver_sd_intf esp_driver_sdio esp_driver_sdm esp_driver_sdmmc esp_driver_sdspi esp_driver_spi esp_driver_touch_sens esp_driver_tsens esp_driver_twai esp_driver_uart esp_driver_usb_serial_jtag esp_eth esp_event esp_gdbstub esp_hid esp_http_client esp_http_server esp_https_ota esp_https_server esp_hw_support esp_lcd esp_local_ctrl esp_mm esp_netif esp_netif_stack esp_partition esp_phy esp_pm esp_psram esp_ringbuf esp_rom esp_security esp_system esp_timer esp_vfs_console esp_wifi espcoredump esptool_py fatfs freertos hal heap http_parser idf_test ieee802154 json log lwip main mbedtls mqtt newlib nvs_flash nvs_sec_provider openthread partition_table perfmon protobuf-c protocomm pthread rt sdmmc soc spi_flash spiffs tcp_transport touch_element ulp unity usb vfs wear_levelling wifi_provisioning wpa_supplicant xtensa
-- Component paths: /home/tikhon/Документы/magnolia/esp-idf/components/app_trace /home/tikhon/Документы/magnolia/esp-idf/components/app_update /home/tikhon/Документы/magnolia/esp-idf/components/bootloader /home/tikhon/Документы/magnolia/esp-idf/components/bootloader_support /home/tikhon/Документы/magnolia/esp-idf/components/bt /home/tikhon/Документы/magnolia/esp-idf/components/cmock /home/tikhon/Документы/magnolia/esp-idf/components/console /home/tikhon/Документы/magnolia/esp-idf/components/cxx /home/tikhon/Документы/magnolia/esp-idf/components/driver /home/tikhon/Документы/magnolia/esp-idf/components/efuse /home/tikhon/Документы/magnolia/esp-idf/components/esp-tls /home/tikhon/Документы/magnolia/esp-idf/components/esp_adc /home/tikhon/Документы/magnolia/esp-idf/components/esp_app_format /home/tikhon/Документы/magnolia/esp-idf/components/esp_bootloader_format /home/tikhon/Документы/magnolia/esp-idf/components/esp_coex /home/tikhon/Документы/magnolia/esp-idf/components/esp_common /home/tikhon/Документы/magnolia/esp-idf/components/esp_driver_ana_cmpr /home/tikhon/Документы/magnolia/esp-idf/components/esp_driver_bitscrambler /home/tikhon/Документы/magnolia/esp-idf/components/esp_driver_cam /home/tikhon/Документы/magnolia/esp-idf/components/esp_driver_dac /home/tikhon/Документы/magnolia/esp-idf/components/esp_driver_gpio /home/tikhon/Документы/magnolia/esp-idf/components/esp_driver_gptimer /home/tikhon/Документы/magnolia/esp-idf/components/esp_driver_i2c /home/tikhon/Документы/magnolia/esp-idf/components/esp_driver_i2s /home/tikhon/Документы/magnolia/esp-idf/components/esp_driver_i3c /home/tikhon/Документы/magnolia/esp-idf/components/esp_driver_isp /home/tikhon/Документы/magnolia/esp-idf/components/esp_driver_jpeg /home/tikhon/Документы/magnolia/esp-idf/components/esp_driver_ledc /home/tikhon/Документы/magnolia/esp-idf/components/esp_driver_mcpwm /home/tikhon/Документы/magnolia/esp-idf/components/esp_driver_parlio /home/tikhon/Документы/magnolia/esp-idf/components/esp_driver_pcnt /home/tikhon/Документы/magnolia/esp-idf/components/esp_driver_ppa /home/tikhon/Документы/magnolia/esp-idf/components/esp_driver_rmt /home/tikhon/Документы/magnolia/esp-idf/components/esp_driver_sd_intf /home/tikhon/Документы/magnolia/esp-idf/components/esp_driver_sdio /home/tikhon/Документы/magnolia/esp-idf/components/esp_driver_sdm /home/tikhon/Документы/magnolia/esp-idf/components/esp_driver_sdmmc /home/tikhon/Документы/magnolia/esp-idf/components/esp_driver_sdspi /home/tikhon/Документы/magnolia/esp-idf/components/esp_driver_spi /home/tikhon/Документы/magnolia/esp-idf/components/esp_driver_touch_sens /home/tikhon/Документы/magnolia/esp-idf/components/esp_driver_tsens /home/tikhon/Документы/magnolia/esp-idf/components/esp_driver_twai /home/tikhon/Документы/magnolia/esp-idf/components/esp_driver_uart /home/tikhon/Документы/magnolia/esp-idf/components/esp_driver_usb_serial_jtag /home/tikhon/Документы/magnolia/esp-idf/components/esp_eth /home/tikhon/Документы/magnolia/esp-idf/components/esp_event /home/tikhon/Документы/magnolia/esp-idf/components/esp_gdbstub /home/tikhon/Документы/magnolia/esp-idf/components/esp_hid /home/tikhon/Документы/magnolia/esp-idf/components/esp_http_client /home/tikhon/Документы/magnolia/esp-idf/components/esp_http_server /home/tikhon/Документы/magnolia/esp-idf/components/esp_https_ota /home/tikhon/Документы/magnolia/esp-idf/components/esp_https_server /home/tikhon/Документы/magnolia/esp-idf/components/esp_hw_support /home/tikhon/Документы/magnolia/esp-idf/components/esp_lcd /home/tikhon/Документы/magnolia/esp-idf/components/esp_local_ctrl /home/tikhon/Документы/magnolia/esp-idf/components/esp_mm /home/tikhon/Документы/magnolia/esp-idf/components/esp_netif /home/tikhon/Документы/magnolia/esp-idf/components/esp_netif_stack /home/tikhon/Документы/magnolia/esp-idf/components/esp_partition /home/tikhon/Документы/magnolia/esp-idf/components/esp_phy /home/tikhon/Документы/magnolia/esp-idf/components/esp_pm /home/tikhon/Документы/magnolia/esp-idf/components/esp_psram /home/tikhon/Документы/magnolia/esp-idf/components/esp_ringbuf /home/tikhon/Документы/magnolia/esp-idf/components/esp_rom /home/tikhon/Документы/magnolia/esp-idf/components/esp_security /home/tikhon/Документы/magnolia/esp-idf/components/esp_system /home/tikhon/Документы/magnolia/esp-idf/components/esp_timer /home/tikhon/Документы/magnolia/esp-idf/components/esp_vfs_console /home/tikhon/Документы/magnolia/esp-idf/components/esp_wifi /home/tikhon/Документы/magnolia/esp-idf/components/espcoredump /home/tikhon/Документы/magnolia/esp-idf/components/esptool_py /home/tikhon/Документы/magnolia/esp-idf/components/fatfs /home/tikhon/Документы/magnolia/esp-idf/components/freertos /home/tikhon/Документы/magnolia/esp-idf/components/hal /home/tikhon/Документы/magnolia/esp-idf/components/heap /home/tikhon/Документы/magnolia/esp-idf/components/http_parser /home/tikhon/Документы/magnolia/esp-idf/components/idf_test /home/tikhon/Документы/magnolia/esp-idf/components/ieee802154 /home/tikhon/Документы/magnolia/esp-idf/components/json /home/tikhon/Документы/magnolia/esp-idf/components/log /home/tikhon/Документы/magnolia/esp-idf/components/lwip /home/tikhon/Документы/magnolia/applets/rust/rusthello/main /home/tikhon/Документы/magnolia/esp-idf/components/mbedtls /home/tikhon/Документы/magnolia/esp-idf/components/mqtt /home/tikhon/Документы/magnolia/esp-idf/components/newlib /home/tikhon/Документы/magnolia/esp-idf/components/nvs_flash /home/tikhon/Документы/magnolia/esp-idf/components/nvs_sec_provider /home/tikhon/Документы/magnolia/esp-idf/components/openthread /home/tikhon/Документы/magnolia/esp-idf/components/partition_table /home/tikhon/Документы/magnolia/esp-idf/components/perfmon /home/tikhon/Документы/magnolia/esp-idf/components/protobuf-c /home/tikhon/Документы/magnolia/esp-idf/components/protocomm /home/tikhon/Документы/magnolia/esp-idf/components/pthread /home/tikhon/Документы/magnolia/esp-idf/components/rt /home/tikhon/Документы/magnolia/esp-idf/components/sdmmc /home/tikhon/Документы/magnolia/esp-idf/components/soc /home/tikhon/Документы/magnolia/esp-idf/components/spi_flash /home/tikhon/Документы/magnolia/esp-idf/components/spiffs /home/tikhon/Документы/magnolia/esp-idf/components/tcp_transport /home/tikhon/Документы/magnolia/esp-idf/components/touch_element /home/tikhon/Документы/magnolia/esp-idf/components/ulp /home/tikhon/Документы/magnolia/esp-idf/components/unity /home/tikhon/Документы/magnolia/esp-idf/components/usb /home/tikhon/Документы/magnolia/esp-idf/components/vfs /home/tikhon/Документы/magnolia/esp-idf/components/wear_levelling /home/tikhon/Документы/magnolia/esp-idf/components/wifi_provisioning /home/tikhon/Документы/magnolia/esp-idf/components/wpa_supplicant /home/tikhon/Документы/magnolia/esp-idf/components/xtensa
-- Configuring done (4.2s)
-- Generating done (0.5s)
-- ELF_LOADER: 1.1.1
[1/7] Building C object esp-idf/esp_app_format/CMakeFiles/__idf_esp_app_format.dir/esp_app_desc.c.obj
-- Build files have been written to: /home/tikhon/Документы/magnolia/applets/go/pwd/build
[2/7] Linking C static library esp-idf/esp_app_format/libesp_app_format.a
-- Generating done (0.5s)
-- Build files have been written to: /home/tikhon/Документы/magnolia/applets/go/true/build
-- Generating done (0.5s)
-- Build files have been written to: /home/tikhon/Документы/magnolia/applets/rust/rdd/build
[0/4] Re-checking globbed directories...
-- Generating done (0.5s)
-- Generating done (0.5s)
-- Components: app_trace app_update bootloader bootloader_support bt cmock console cxx driver efuse esp-tls esp_adc esp_app_format esp_bootloader_format esp_coex esp_common esp_driver_ana_cmpr esp_driver_bitscrambler esp_driver_cam esp_driver_dac esp_driver_gpio esp_driver_gptimer esp_driver_i2c esp_driver_i2s esp_driver_i3c esp_driver_isp esp_driver_jpeg esp_driver_ledc esp_driver_mcpwm esp_driver_parlio esp_driver_pcnt esp_driver_ppa esp_driver_rmt esp_driver_sd_intf esp_driver_sdio esp_driver_sdm esp_driver_sdmmc esp_driver_sdspi esp_driver_spi esp_driver_touch_sens esp_driver_tsens esp_driver_twai esp_driver_uart esp_driver_usb_serial_jtag esp_eth esp_event esp_gdbstub esp_hid esp_http_client esp_http_server esp_https_ota esp_https_server esp_hw_support esp_lcd esp_local_ctrl esp_mm esp_netif esp_netif_stack esp_partition esp_phy esp_pm esp_psram esp_ringbuf esp_rom esp_security esp_system esp_timer esp_vfs_console esp_wifi espcoredump espressif__cmake_utilities espressif__elf_loader esptool_py fatfs freertos hal heap http_parser idf_test ieee802154 json log lwip main mbedtls mqtt newlib nvs_flash nvs_sec_provider openthread partition_table perfmon protobuf-c protocomm pthread rt sdmmc soc spi_flash spiffs tcp_transport touch_element ulp unity usb vfs wear_levelling wifi_provisioning wpa_supplicant xtensa
-- Component paths: /home/tikhon/Документы/magnolia/esp-idf/components/app_trace /home/tikhon/Документы/magnolia/esp-idf/components/app_update /home/tikhon/Документы/magnolia/esp-idf/components/bootloader /home/tikhon/Документы/magnolia/esp-idf/components/bootloader_support /home/tikhon/Документы/magnolia/esp-idf/components/bt /home/tikhon/Документы/magnolia/esp-idf/components/cmock /home/tikhon/Документы/magnolia/esp-idf/components/console /home/tikhon/Документы/magnolia/esp-idf/components/cxx /home/tikhon/Документы/magnolia/esp-idf/components/driver /home/tikhon/Документы/magnolia/esp-idf/components/efuse /home/tikhon/Документы/magnolia/esp-idf/components/esp-tls /home/tikhon/Документы/magnolia/esp-idf/components/esp_adc /home/tikhon/Документы/magnolia/esp-idf/components/esp_app_format /home/tikhon/Документы/magnolia/esp-idf/components/esp_bootloader_format /home/tikhon/Документы/magnolia/esp-idf/components/esp_coex /home/tikhon/Документы/magnolia/esp-idf/components/esp_common /home/tikhon/Документы/magnolia/esp-idf/components/esp_driver_ana_cmpr /home/tikhon/Документы/magnolia/esp-idf/components/esp_driver_bitscrambler /home/tikhon/Документы/magnolia/esp-idf/components/esp_driver_cam /home/tikhon/Документы/magnolia/esp-idf/components/esp_driver_dac /home/tikhon/Документы/magnolia/esp-idf/components/esp_driver_gpio /home/tikhon/Документы/magnolia/esp-idf/components/esp_driver_gptimer /home/tikhon/Документы/magnolia/esp-idf/components/esp_driver_i2c /home/tikhon/Документы/magnolia/esp-idf/components/esp_driver_i2s /home/tikhon/Документы/magnolia/esp-idf/components/esp_driver_i3c /home/tikhon/Документы/magnolia/esp-idf/components/esp_driver_isp /home/tikhon/Документы/magnolia/esp-idf/components/esp_driver_jpeg /home/tikhon/Документы/magnolia/esp-idf/components/esp_driver_ledc /home/tikhon/Документы/magnolia/esp-idf/components/esp_driver_mcpwm /home/tikhon/Документы/magnolia/esp-idf/components/esp_driver_parlio /home/tikhon/Документы/magnolia/esp-idf/components/esp_driver_pcnt /home/tikhon/Документы/magnolia/esp-idf/components/esp_driver_ppa /home/tikhon/Документы/magnolia/esp-idf/components/esp_driver_rmt /home/tikhon/Документы/magnolia/esp-idf/components/esp_driver_sd_intf /home/tikhon/Документы/magnolia/esp-idf/components/esp_driver_sdio /home/tikhon/Документы/magnolia/esp-idf/components/esp_driver_sdm /home/tikhon/Документы/magnolia/esp-idf/components/esp_driver_sdmmc /home/tikhon/Документы/magnolia/esp-idf/components/esp_driver_sdspi /home/tikhon/Документы/magnolia/esp-idf/components/esp_driver_spi /home/tikhon/Документы/magnolia/esp-idf/components/esp_driver_touch_sens /home/tikhon/Документы/magnolia/esp-idf/components/esp_driver_tsens /home/tikhon/Документы/magnolia/esp-idf/components/esp_driver_twai /home/tikhon/Документы/magnolia/esp-idf/components/esp_driver_uart /home/tikhon/Документы/magnolia/esp-idf/components/esp_driver_usb_serial_jtag /home/tikhon/Документы/magnolia/esp-idf/components/esp_eth /home/tikhon/Документы/magnolia/esp-idf/components/esp_event /home/tikhon/Документы/magnolia/esp-idf/components/esp_gdbstub /home/tikhon/Документы/magnolia/esp-idf/components/esp_hid /home/tikhon/Документы/magnolia/esp-idf/components/esp_http_client /home/tikhon/Документы/magnolia/esp-idf/components/esp_http_server /home/tikhon/Документы/magnolia/esp-idf/components/esp_https_ota /home/tikhon/Документы/magnolia/esp-idf/components/esp_https_server /home/tikhon/Документы/magnolia/esp-idf/components/esp_hw_support /home/tikhon/Документы/magnolia/esp-idf/components/esp_lcd /home/tikhon/Документы/magnolia/esp-idf/components/esp_local_ctrl /home/tikhon/Документы/magnolia/esp-idf/components/esp_mm /home/tikhon/Документы/magnolia/esp-idf/components/esp_netif /home/tikhon/Документы/magnolia/esp-idf/components/esp_netif_stack /home/tikhon/Документы/magnolia/esp-idf/components/esp_partition /home/tikhon/Документы/magnolia/esp-idf/components/esp_phy /home/tikhon/Документы/magnolia/esp-idf/components/esp_pm /home/tikhon/Документы/magnolia/esp-idf/components/esp_psram /home/tikhon/Документы/magnolia/esp-idf/components/esp_ringbuf /home/tikhon/Документы/magnolia/esp-idf/components/esp_rom /home/tikhon/Документы/magnolia/esp-idf/components/esp_security /home/tikhon/Документы/magnolia/esp-idf/components/esp_system /home/tikhon/Документы/magnolia/esp-idf/components/esp_timer /home/tikhon/Документы/magnolia/esp-idf/components/esp_vfs_console /home/tikhon/Документы/magnolia/esp-idf/components/esp_wifi /home/tikhon/Документы/magnolia/esp-idf/components/espcoredump /home/tikhon/Документы/magnolia/applets/rust/rxxd/managed_components/espressif__cmake_utilities /home/tikhon/Документы/magnolia/applets/rust/rxxd/managed_components/espressif__elf_loader /home/tikhon/Документы/magnolia/esp-idf/components/esptool_py /home/tikhon/Документы/magnolia/esp-idf/components/fatfs /home/tikhon/Документы/magnolia/esp-idf/components/freertos /home/tikhon/Документы/magnolia/esp-idf/components/hal /home/tikhon/Документы/magnolia/esp-idf/components/heap /home/tikhon/Документы/magnolia/esp-idf/components/http_parser /home/tikhon/Документы/magnolia/esp-idf/components/idf_test /home/tikhon/Документы/magnolia/esp-idf/components/ieee802154 /home/tikhon/Документы/magnolia/esp-idf/components/json /home/tikhon/Документы/magnolia/esp-idf/components/log /home/tikhon/Документы/magnolia/esp-idf/components/lwip /home/tikhon/Документы/magnolia/applets/rust/rxxd/main /home/tikhon/Документы/magnolia/esp-idf/components/mbedtls /home/tikhon/Документы/magnolia/esp-idf/components/mqtt /home/tikhon/Документы/magnolia/esp-idf/components/newlib /home/tikhon/Документы/magnolia/esp-idf/components/nvs_flash /home/tikhon/Документы/magnolia/esp-idf/components/nvs_sec_provider /home/tikhon/Документы/magnolia/esp-idf/components/openthread /home/tikhon/Документы/magnolia/esp-idf/components/partition_table /home/tikhon/Документы/magnolia/esp-idf/components/perfmon /home/tikhon/Документы/magnolia/esp-idf/components/protobuf-c /home/tikhon/Документы/magnolia/esp-idf/components/protocomm /home/tikhon/Документы/magnolia/esp-idf/components/pthread /home/tikhon/Документы/magnolia/esp-idf/components/rt /home/tikhon/Документы/magnolia/esp-idf/components/sdmmc /home/tikhon/Документы/magnolia/esp-idf/components/soc /home/tikhon/Документы/magnolia/esp-idf/components/spi_flash /home/tikhon/Документы/magnolia/esp-idf/components/spiffs /home/tikhon/Документы/magnolia/esp-idf/components/tcp_transport /home/tikhon/Документы/magnolia/esp-idf/components/touch_element /home/tikhon/Документы/magnolia/esp-idf/components/ulp /home/tikhon/Документы/magnolia/esp-idf/components/unity /home/tikhon/Документы/magnolia/esp-idf/components/usb /home/tikhon/Документы/magnolia/esp-idf/components/vfs /home/tikhon/Документы/magnolia/esp-idf/components/wear_levelling /home/tikhon/Документы/magnolia/esp-idf/components/wifi_provisioning /home/tikhon/Документы/magnolia/esp-idf/components/wpa_supplicant /home/tikhon/Документы/magnolia/esp-idf/components/xtensa
-- Generating done (0.5s)
-- Configuring done (4.5s)
[0/4] Re-checking globbed directories...
-- Build files have been written to: /home/tikhon/Документы/magnolia/applets/rust/rhexdump/build
-- Build files have been written to: /home/tikhon/Документы/magnolia/applets/go/sleep/build
-- Build files have been written to: /home/tikhon/Документы/magnolia/applets/rust/rselftest/build
[0/4] Re-checking globbed directories...
[1/6] Building C object esp-idf/esp_app_format/CMakeFiles/__idf_esp_app_format.dir/esp_app_desc.c.obj
[2/6] Linking C static library esp-idf/esp_app_format/libesp_app_format.a
-- ELF_LOADER: 1.1.1
[3/6] Build ELF: pwd.app.elf
[1/6] Building C object esp-idf/esp_app_format/CMakeFiles/__idf_esp_app_format.dir/esp_app_desc.c.obj
-- Generating done (0.5s)
[2/6] Linking C static library esp-idf/esp_app_format/libesp_app_format.a
-- Build files have been written to: /home/tikhon/Документы/magnolia/applets/go/uname/build
NOTICE: Processing 3 dependencies:
NOTICE: [1/3] espressif/cmake_utilities (0.5.3)
NOTICE: [2/3] espressif/elf_loader (1.1.1)
NOTICE: [3/3] idf (6.0.0)
[3/6] Build ELF: true.app.elf
[0/4] Re-checking globbed directories...
[0/4] Re-checking globbed directories...
[0/4] Re-checking globbed directories...
-- Components: app_trace app_update bootloader bootloader_support bt cmock console cxx driver efuse esp-tls esp_adc esp_app_format esp_bootloader_format esp_coex esp_common esp_driver_ana_cmpr esp_driver_bitscrambler esp_driver_cam esp_driver_dac esp_driver_gpio esp_driver_gptimer esp_driver_i2c esp_driver_i2s esp_driver_i3c esp_driver_isp esp_driver_jpeg esp_driver_ledc esp_driver_mcpwm esp_driver_parlio esp_driver_pcnt esp_driver_ppa esp_driver_rmt esp_driver_sd_intf esp_driver_sdio esp_driver_sdm esp_driver_sdmmc esp_driver_sdspi esp_driver_spi esp_driver_touch_sens esp_driver_tsens esp_driver_twai esp_driver_uart esp_driver_usb_serial_jtag esp_eth esp_event esp_gdbstub esp_hid esp_http_client esp_http_server esp_https_ota esp_https_server esp_hw_support esp_lcd esp_local_ctrl esp_mm esp_netif esp_netif_stack esp_partition esp_phy esp_pm esp_psram esp_ringbuf esp_rom esp_security esp_system esp_timer esp_vfs_console esp_wifi espcoredump espressif__cmake_utilities espressif__elf_loader esptool_py fatfs freertos hal heap http_parser idf_test ieee802154 json log lwip main mbedtls mqtt newlib nvs_flash nvs_sec_provider openthread partition_table perfmon protobuf-c protocomm pthread rt sdmmc soc spi_flash spiffs tcp_transport touch_element ulp unity usb vfs wear_levelling wifi_provisioning wpa_supplicant xtensa
-- Component paths: /home/tikhon/Документы/magnolia/esp-idf/components/app_trace /home/tikhon/Документы/magnolia/esp-idf/components/app_update /home/tikhon/Документы/magnolia/esp-idf/components/bootloader /home/tikhon/Документы/magnolia/esp-idf/components/bootloader_support /home/tikhon/Документы/magnolia/esp-idf/components/bt /home/tikhon/Документы/magnolia/esp-idf/components/cmock /home/tikhon/Документы/magnolia/esp-idf/components/console /home/tikhon/Документы/magnolia/esp-idf/components/cxx /home/tikhon/Документы/magnolia/esp-idf/components/driver /home/tikhon/Документы/magnolia/esp-idf/components/efuse /home/tikhon/Документы/magnolia/esp-idf/components/esp-tls /home/tikhon/Документы/magnolia/esp-idf/components/esp_adc /home/tikhon/Документы/magnolia/esp-idf/components/esp_app_format /home/tikhon/Документы/magnolia/esp-idf/components/esp_bootloader_format /home/tikhon/Документы/magnolia/esp-idf/components/esp_coex /home/tikhon/Документы/magnolia/esp-idf/components/esp_common /home/tikhon/Документы/magnolia/esp-idf/components/esp_driver_ana_cmpr /home/tikhon/Документы/magnolia/esp-idf/components/esp_driver_bitscrambler /home/tikhon/Документы/magnolia/esp-idf/components/esp_driver_cam /home/tikhon/Документы/magnolia/esp-idf/components/esp_driver_dac /home/tikhon/Документы/magnolia/esp-idf/components/esp_driver_gpio /home/tikhon/Документы/magnolia/esp-idf/components/esp_driver_gptimer /home/tikhon/Документы/magnolia/esp-idf/components/esp_driver_i2c /home/tikhon/Документы/magnolia/esp-idf/components/esp_driver_i2s /home/tikhon/Документы/magnolia/esp-idf/components/esp_driver_i3c /home/tikhon/Документы/magnolia/esp-idf/components/esp_driver_isp /home/tikhon/Документы/magnolia/esp-idf/components/esp_driver_jpeg /home/tikhon/Документы/magnolia/esp-idf/components/esp_driver_ledc /home/tikhon/Документы/magnolia/esp-idf/components/esp_driver_mcpwm /home/tikhon/Документы/magnolia/esp-idf/components/esp_driver_parlio /home/tikhon/Документы/magnolia/esp-idf/components/esp_driver_pcnt /home/tikhon/Документы/magnolia/esp-idf/components/esp_driver_ppa /home/tikhon/Документы/magnolia/esp-idf/components/esp_driver_rmt /home/tikhon/Документы/magnolia/esp-idf/components/esp_driver_sd_intf /home/tikhon/Документы/magnolia/esp-idf/components/esp_driver_sdio /home/tikhon/Документы/magnolia/esp-idf/components/esp_driver_sdm /home/tikhon/Документы/magnolia/esp-idf/components/esp_driver_sdmmc /home/tikhon/Документы/magnolia/esp-idf/components/esp_driver_sdspi /home/tikhon/Документы/magnolia/esp-idf/components/esp_driver_spi /home/tikhon/Документы/magnolia/esp-idf/components/esp_driver_touch_sens /home/tikhon/Документы/magnolia/esp-idf/components/esp_driver_tsens /home/tikhon/Документы/magnolia/esp-idf/components/esp_driver_twai /home/tikhon/Документы/magnolia/esp-idf/components/esp_driver_uart /home/tikhon/Документы/magnolia/esp-idf/components/esp_driver_usb_serial_jtag /home/tikhon/Документы/magnolia/esp-idf/components/esp_eth /home/tikhon/Документы/magnolia/esp-idf/components/esp_event /home/tikhon/Документы/magnolia/esp-idf/components/esp_gdbstub /home/tikhon/Документы/magnolia/esp-idf/components/esp_hid /home/tikhon/Документы/magnolia/esp-idf/components/esp_http_client /home/tikhon/Документы/magnolia/esp-idf/components/esp_http_server /home/tikhon/Документы/magnolia/esp-idf/components/esp_https_ota /home/tikhon/Документы/magnolia/esp-idf/components/esp_https_server /home/tikhon/Документы/magnolia/esp-idf/components/esp_hw_support /home/tikhon/Документы/magnolia/esp-idf/components/esp_lcd /home/tikhon/Документы/magnolia/esp-idf/components/esp_local_ctrl /home/tikhon/Документы/magnolia/esp-idf/components/esp_mm /home/tikhon/Документы/magnolia/esp-idf/components/esp_netif /home/tikhon/Документы/magnolia/esp-idf/components/esp_netif_stack /home/tikhon/Документы/magnolia/esp-idf/components/esp_partition /home/tikhon/Документы/magnolia/esp-idf/components/esp_phy /home/tikhon/Документы/magnolia/esp-idf/components/esp_pm /home/tikhon/Документы/magnolia/esp-idf/components/esp_psram /home/tikhon/Документы/magnolia/esp-idf/components/esp_ringbuf /home/tikhon/Документы/magnolia/esp-idf/components/esp_rom /home/tikhon/Документы/magnolia/esp-idf/components/esp_security /home/tikhon/Документы/magnolia/esp-idf/components/esp_system /home/tikhon/Документы/magnolia/esp-idf/components/esp_timer /home/tikhon/Документы/magnolia/esp-idf/components/esp_vfs_console /home/tikhon/Документы/magnolia/esp-idf/components/esp_wifi /home/tikhon/Документы/magnolia/esp-idf/components/espcoredump /home/tikhon/Документы/magnolia/applets/zig/zhexdump/managed_components/espressif__cmake_utilities /home/tikhon/Документы/magnolia/applets/zig/zhexdump/managed_components/espressif__elf_loader /home/tikhon/Документы/magnolia/esp-idf/components/esptool_py /home/tikhon/Документы/magnolia/esp-idf/components/fatfs /home/tikhon/Документы/magnolia/esp-idf/components/freertos /home/tikhon/Документы/magnolia/esp-idf/components/hal /home/tikhon/Документы/magnolia/esp-idf/components/heap /home/tikhon/Документы/magnolia/esp-idf/components/http_parser /home/tikhon/Документы/magnolia/esp-idf/components/idf_test /home/tikhon/Документы/magnolia/esp-idf/components/ieee802154 /home/tikhon/Документы/magnolia/esp-idf/components/json /home/tikhon/Документы/magnolia/esp-idf/components/log /home/tikhon/Документы/magnolia/esp-idf/components/lwip /home/tikhon/Документы/magnolia/applets/zig/zhexdump/main /home/tikhon/Документы/magnolia/esp-idf/components/mbedtls /home/tikhon/Документы/magnolia/esp-idf/components/mqtt /home/tikhon/Документы/magnolia/esp-idf/components/newlib /home/tikhon/Документы/magnolia/esp-idf/components/nvs_flash /home/tikhon/Документы/magnolia/esp-idf/components/nvs_sec_provider /home/tikhon/Документы/magnolia/esp-idf/components/openthread /home/tikhon/Документы/magnolia/esp-idf/components/partition_table /home/tikhon/Документы/magnolia/esp-idf/components/perfmon /home/tikhon/Документы/magnolia/esp-idf/components/protobuf-c /home/tikhon/Документы/magnolia/esp-idf/components/protocomm /home/tikhon/Документы/magnolia/esp-idf/components/pthread /home/tikhon/Документы/magnolia/esp-idf/components/rt /home/tikhon/Документы/magnolia/esp-idf/components/sdmmc /home/tikhon/Документы/magnolia/esp-idf/components/soc /home/tikhon/Документы/magnolia/esp-idf/components/spi_flash /home/tikhon/Документы/magnolia/esp-idf/components/spiffs /home/tikhon/Документы/magnolia/esp-idf/components/tcp_transport /home/tikhon/Документы/magnolia/esp-idf/components/touch_element /home/tikhon/Документы/magnolia/esp-idf/components/ulp /home/tikhon/Документы/magnolia/esp-idf/components/unity /home/tikhon/Документы/magnolia/esp-idf/components/usb /home/tikhon/Документы/magnolia/esp-idf/components/vfs /home/tikhon/Документы/magnolia/esp-idf/components/wear_levelling /home/tikhon/Документы/magnolia/esp-idf/components/wifi_provisioning /home/tikhon/Документы/magnolia/esp-idf/components/wpa_supplicant /home/tikhon/Документы/magnolia/esp-idf/components/xtensa
-- Components: app_trace app_update bootloader bootloader_support bt cmock console cxx driver efuse esp-tls esp_adc esp_app_format esp_bootloader_format esp_coex esp_common esp_driver_ana_cmpr esp_driver_bitscrambler esp_driver_cam esp_driver_dac esp_driver_gpio esp_driver_gptimer esp_driver_i2c esp_driver_i2s esp_driver_i3c esp_driver_isp esp_driver_jpeg esp_driver_ledc esp_driver_mcpwm esp_driver_parlio esp_driver_pcnt esp_driver_ppa esp_driver_rmt esp_driver_sd_intf esp_driver_sdio esp_driver_sdm esp_driver_sdmmc esp_driver_sdspi esp_driver_spi esp_driver_touch_sens esp_driver_tsens esp_driver_twai esp_driver_uart esp_driver_usb_serial_jtag esp_eth esp_event esp_gdbstub esp_hid esp_http_client esp_http_server esp_https_ota esp_https_server esp_hw_support esp_lcd esp_local_ctrl esp_mm esp_netif esp_netif_stack esp_partition esp_phy esp_pm esp_psram esp_ringbuf esp_rom esp_security esp_system esp_timer esp_vfs_console esp_wifi espcoredump espressif__cmake_utilities espressif__elf_loader esptool_py fatfs freertos hal heap http_parser idf_test ieee802154 json log lwip main mbedtls mqtt newlib nvs_flash nvs_sec_provider openthread partition_table perfmon protobuf-c protocomm pthread rt sdmmc soc spi_flash spiffs tcp_transport touch_element ulp unity usb vfs wear_levelling wifi_provisioning wpa_supplicant xtensa
-- Component paths: /home/tikhon/Документы/magnolia/esp-idf/components/app_trace /home/tikhon/Документы/magnolia/esp-idf/components/app_update /home/tikhon/Документы/magnolia/esp-idf/components/bootloader /home/tikhon/Документы/magnolia/esp-idf/components/bootloader_support /home/tikhon/Документы/magnolia/esp-idf/components/bt /home/tikhon/Документы/magnolia/esp-idf/components/cmock /home/tikhon/Документы/magnolia/esp-idf/components/console /home/tikhon/Документы/magnolia/esp-idf/components/cxx /home/tikhon/Документы/magnolia/esp-idf/components/driver /home/tikhon/Документы/magnolia/esp-idf/components/efuse /home/tikhon/Документы/magnolia/esp-idf/components/esp-tls /home/tikhon/Документы/magnolia/esp-idf/components/esp_adc /home/tikhon/Документы/magnolia/esp-idf/components/esp_app_format /home/tikhon/Документы/magnolia/esp-idf/components/esp_bootloader_format /home/tikhon/Документы/magnolia/esp-idf/components/esp_coex /home/tikhon/Документы/magnolia/esp-idf/components/esp_common /home/tikhon/Документы/magnolia/esp-idf/components/esp_driver_ana_cmpr /home/tikhon/Документы/magnolia/esp-idf/components/esp_driver_bitscrambler /home/tikhon/Документы/magnolia/esp-idf/components/esp_driver_cam /home/tikhon/Документы/magnolia/esp-idf/components/esp_driver_dac /home/tikhon/Документы/magnolia/esp-idf/components/esp_driver_gpio /home/tikhon/Документы/magnolia/esp-idf/components/esp_driver_gptimer /home/tikhon/Документы/magnolia/esp-idf/components/esp_driver_i2c /home/tikhon/Документы/magnolia/esp-idf/components/esp_driver_i2s /home/tikhon/Документы/magnolia/esp-idf/components/esp_driver_i3c /home/tikhon/Документы/magnolia/esp-idf/components/esp_driver_isp /home/tikhon/Документы/magnolia/esp-idf/components/esp_driver_jpeg /home/tikhon/Документы/magnolia/esp-idf/components/esp_driver_ledc /home/tikhon/Документы/magnolia/esp-idf/components/esp_driver_mcpwm /home/tikhon/Документы/magnolia/esp-idf/components/esp_driver_parlio /home/tikhon/Документы/magnolia/esp-idf/components/esp_driver_pcnt /home/tikhon/Документы/magnolia/esp-idf/components/esp_driver_ppa /home/tikhon/Документы/magnolia/esp-idf/components/esp_driver_rmt /home/tikhon/Документы/magnolia/esp-idf/components/esp_driver_sd_intf /home/tikhon/Документы/magnolia/esp-idf/components/esp_driver_sdio /home/tikhon/Документы/magnolia/esp-idf/components/esp_driver_sdm /home/tikhon/Документы/magnolia/esp-idf/components/esp_driver_sdmmc /home/tikhon/Документы/magnolia/esp-idf/components/esp_driver_sdspi /home/tikhon/Документы/magnolia/esp-idf/components/esp_driver_spi /home/tikhon/Документы/magnolia/esp-idf/components/esp_driver_touch_sens /home/tikhon/Документы/magnolia/esp-idf/components/esp_driver_tsens /home/tikhon/Документы/magnolia/esp-idf/components/esp_driver_twai /home/tikhon/Документы/magnolia/esp-idf/components/esp_driver_uart /home/tikhon/Документы/magnolia/esp-idf/components/esp_driver_usb_serial_jtag /home/tikhon/Документы/magnolia/esp-idf/components/esp_eth /home/tikhon/Документы/magnolia/esp-idf/components/esp_event /home/tikhon/Документы/magnolia/esp-idf/components/esp_gdbstub /home/tikhon/Документы/magnolia/esp-idf/components/esp_hid /home/tikhon/Документы/magnolia/esp-idf/components/esp_http_client /home/tikhon/Документы/magnolia/esp-idf/components/esp_http_server /home/tikhon/Документы/magnolia/esp-idf/components/esp_https_ota /home/tikhon/Документы/magnolia/esp-idf/components/esp_https_server /home/tikhon/Документы/magnolia/esp-idf/components/esp_hw_support /home/tikhon/Документы/magnolia/esp-idf/components/esp_lcd /home/tikhon/Документы/magnolia/esp-idf/components/esp_local_ctrl /home/tikhon/Документы/magnolia/esp-idf/components/esp_mm /home/tikhon/Документы/magnolia/esp-idf/components/esp_netif /home/tikhon/Документы/magnolia/esp-idf/components/esp_netif_stack /home/tikhon/Документы/magnolia/esp-idf/components/esp_partition /home/tikhon/Документы/magnolia/esp-idf/components/esp_phy /home/tikhon/Документы/magnolia/esp-idf/components/esp_pm /home/tikhon/Документы/magnolia/esp-idf/components/esp_psram /home/tikhon/Документы/magnolia/esp-idf/components/esp_ringbuf /home/tikhon/Документы/magnolia/esp-idf/components/esp_rom /home/tikhon/Документы/magnolia/esp-idf/components/esp_security /home/tikhon/Документы/magnolia/esp-idf/components/esp_system /home/tikhon/Документы/magnolia/esp-idf/components/esp_timer /home/tikhon/Документы/magnolia/esp-idf/components/esp_vfs_console /home/tikhon/Документы/magnolia/esp-idf/components/esp_wifi /home/tikhon/Документы/magnolia/esp-idf/components/espcoredump /home/tikhon/Документы/magnolia/applets/zig/zigdemo/managed_components/espressif__cmake_utilities /home/tikhon/Документы/magnolia/applets/zig/zigdemo/managed_components/espressif__elf_loader /home/tikhon/Документы/magnolia/esp-idf/components/esptool_py /home/tikhon/Документы/magnolia/esp-idf/components/fatfs /home/tikhon/Документы/magnolia/esp-idf/components/freertos /home/tikhon/Документы/magnolia/esp-idf/components/hal /home/tikhon/Документы/magnolia/esp-idf/components/heap /home/tikhon/Документы/magnolia/esp-idf/components/http_parser /home/tikhon/Документы/magnolia/esp-idf/components/idf_test /home/tikhon/Документы/magnolia/esp-idf/components/ieee802154 /home/tikhon/Документы/magnolia/esp-idf/components/json /home/tikhon/Документы/magnolia/esp-idf/components/log /home/tikhon/Документы/magnolia/esp-idf/components/lwip /home/tikhon/Документы/magnolia/applets/zig/zigdemo/main /home/tikhon/Документы/magnolia/esp-idf/components/mbedtls /home/tikhon/Документы/magnolia/esp-idf/components/mqtt /home/tikhon/Документы/magnolia/esp-idf/components/newlib /home/tikhon/Документы/magnolia/esp-idf/components/nvs_flash /home/tikhon/Документы/magnolia/esp-idf/components/nvs_sec_provider /home/tikhon/Документы/magnolia/esp-idf/components/openthread /home/tikhon/Документы/magnolia/esp-idf/components/partition_table /home/tikhon/Документы/magnolia/esp-idf/components/perfmon /home/tikhon/Документы/magnolia/esp-idf/components/protobuf-c /home/tikhon/Документы/magnolia/esp-idf/components/protocomm /home/tikhon/Документы/magnolia/esp-idf/components/pthread /home/tikhon/Документы/magnolia/esp-idf/components/rt /home/tikhon/Документы/magnolia/esp-idf/components/sdmmc /home/tikhon/Документы/magnolia/esp-idf/components/soc /home/tikhon/Документы/magnolia/esp-idf/components/spi_flash /home/tikhon/Документы/magnolia/esp-idf/components/spiffs /home/tikhon/Документы/magnolia/esp-idf/components/tcp_transport /home/tikhon/Документы/magnolia/esp-idf/components/touch_element /home/tikhon/Документы/magnolia/esp-idf/components/ulp /home/tikhon/Документы/magnolia/esp-idf/components/unity /home/tikhon/Документы/magnolia/esp-idf/components/usb /home/tikhon/Документы/magnolia/esp-idf/components/vfs /home/tikhon/Документы/magnolia/esp-idf/components/wear_levelling /home/tikhon/Документы/magnolia/esp-idf/components/wifi_provisioning /home/tikhon/Документы/magnolia/esp-idf/components/wpa_supplicant /home/tikhon/Документы/magnolia/esp-idf/components/xtensa
[1/7] Building C object esp-idf/esp_app_format/CMakeFiles/__idf_esp_app_format.dir/esp_app_desc.c.obj
-- Generating done (0.5s)
-- Configuring done (4.4s)
-- Configuring done (4.5s)
-- Build files have been written to: /home/tikhon/Документы/magnolia/applets/rust/rshello/build
[2/7] Linking C static library esp-idf/esp_app_format/libesp_app_format.a
[3/7] Build Rust staticlib: /home/tikhon/Документы/magnolia/applets/rust/edit/build/libedit.a
FAILED: libedit.a /home/tikhon/Документы/magnolia/applets/rust/edit/build/libedit.a 
cd /home/tikhon/Документы/magnolia/applets/rust/edit/build && /usr/bin/cmake -E env CARGO_TARGET_DIR=/home/tikhon/Документы/magnolia/applets/rust/edit/build/rust_target bash -lc "set -euo pipefail;                  if [ -n \"/home/tikhon/export-esp.sh\" ] && [ -f \"/home/tikhon/export-esp.sh\" ]; then . \"/home/tikhon/export-esp.sh\" >/dev/null 2>&1; fi;                  RUSTFLAGS='-C panic=abort' cargo +esp build  --locked                    -Zbuild-std=core,alloc,compiler_builtins -Zbuild-std-features=compiler-builtins-mem                    --manifest-path '/home/tikhon/Документы/magnolia/applets/rust/edit/rust/Cargo.toml' --release --target 'xtensa-esp32s3-none-elf'" && /usr/bin/cmake -E copy_if_different /home/tikhon/Документы/magnolia/applets/rust/edit/build/rust_target/xtensa-esp32s3-none-elf/release/libedit.a /home/tikhon/Документы/magnolia/applets/rust/edit/build/libedit.a && bash -lc "set -euo pipefail;                  tmp='/home/tikhon/Документы/magnolia/applets/rust/edit/build/rust_fixup_edit';                  rm -rf \"\$tmp\"; mkdir -p \"\$tmp\";                  cd \"\$tmp\";                  '/home/tikhon/.espressif/tools/xtensa-esp-elf/esp-15.1.0_20250607/xtensa-esp-elf/bin/xtensa-esp32s3-elf-ar' x '/home/tikhon/Документы/magnolia/applets/rust/edit/build/libedit.a';                  for obj in *.o; do                    [ -f \"\$obj\" ] || continue;                    for sec in \$(LC_ALL=C readelf -S -W \"\$obj\" | sed -n 's/^[[:space:]]*\\[[[:space:]]*[0-9]\\+\\][[:space:]]\\+\\([^ ]\\+\\).*/\\1/p'); do                      case \"\$sec\" in                        .literal*|.rodata*) '/home/tikhon/.espressif/tools/xtensa-esp-elf/esp-15.1.0_20250607/xtensa-esp-elf/bin/xtensa-esp32s3-elf-objcopy' --set-section-flags \"\$sec\"=alloc,load,contents,data \"\$obj\" || true ;;                      esac;                    done;                  done;                  '/home/tikhon/.espressif/tools/xtensa-esp-elf/esp-15.1.0_20250607/xtensa-esp-elf/bin/xtensa-esp32s3-elf-ar' rcs '/home/tikhon/Документы/magnolia/applets/rust/edit/build/libedit.a' *.o"
   Compiling magnolia-applet v0.1.0 (/home/tikhon/Документы/magnolia/sdk/rust/magnolia-applet)
error[E0277]: the trait bound `magnolia_net_iface_name_t: Clone` is not satisfied
    --> /home/tikhon/Документы/magnolia/sdk/rust/magnolia-applet/src/net.rs:87:14
     |
  87 |         vec![unsafe { mem::zeroed() }; count as usize];
     |         -----^^^^^^^^^-------------^^-----------------
     |         |    |        |
     |         |    |        this tail expression is of type `magnolia_net_iface_name_t`
     |         |    the trait `Clone` is not implemented for `magnolia_net_iface_name_t`
     |         required by a bound introduced by this call
     |
note: required by a bound in `from_elem`
    --> /home/tikhon/.rustup/toolchains/esp/lib/rustlib/src/rust/library/alloc/src/vec/mod.rs:3414:21
     |
3414 | pub fn from_elem<T: Clone>(elem: T, n: usize) -> Vec<T> {
     |                     ^^^^^ required by this bound in `from_elem`

error[E0277]: the trait bound `magnolia_net_socket_summary_t: Clone` is not satisfied
    --> /home/tikhon/Документы/magnolia/sdk/rust/magnolia-applet/src/net.rs:227:14
     |
 227 |         vec![unsafe { mem::zeroed() }; count as usize];
     |         -----^^^^^^^^^-------------^^-----------------
     |         |    |        |
     |         |    |        this tail expression is of type `magnolia_net_socket_summary_t`
     |         |    the trait `Clone` is not implemented for `magnolia_net_socket_summary_t`
     |         required by a bound introduced by this call
     |
note: required by a bound in `from_elem`
    --> /home/tikhon/.rustup/toolchains/esp/lib/rustlib/src/rust/library/alloc/src/vec/mod.rs:3414:21
     |
3414 | pub fn from_elem<T: Clone>(elem: T, n: usize) -> Vec<T> {
     |                     ^^^^^ required by this bound in `from_elem`

error[E0308]: mismatched types
   --> /home/tikhon/Документы/magnolia/sdk/rust/magnolia-applet/src/sysctl.rs:33:56
    |
 33 |     let rc = unsafe { sys::m_sysctl_get(ckey.as_ptr(), buf.as_mut_ptr(), buf.len()) };
    |                       -----------------                ^^^^^^^^^^^^^^^^ expected `*mut u8`, found `*mut i8`
    |                       |
    |                       arguments to this function are incorrect
    |
    = note: expected raw pointer `*mut u8`
               found raw pointer `*mut i8`
note: function defined here
   --> /home/tikhon/Документы/magnolia/sdk/rust/magnolia-applet-sys/src/lib.rs:216:12
    |
216 |     pub fn m_sysctl_get(key: *const c_char, out_value: *mut c_char, value_size: size_t) -> c_int;
    |            ^^^^^^^^^^^^

error[E0308]: mismatched types
   --> /home/tikhon/Документы/magnolia/sdk/rust/magnolia-applet/src/sysctl.rs:35:41
    |
 35 |     let value = unsafe { CStr::from_ptr(buf.as_ptr()) };
    |                          -------------- ^^^^^^^^^^^^ expected `*const u8`, found `*const i8`
    |                          |
    |                          arguments to this function are incorrect
    |
    = note: expected raw pointer `*const u8`
               found raw pointer `*const i8`
note: associated function defined here
   --> /home/tikhon/.rustup/toolchains/esp/lib/rustlib/src/rust/library/core/src/ffi/c_str.rs:255:25
    |
255 |     pub const unsafe fn from_ptr<'a>(ptr: *const c_char) -> &'a CStr {
    |                         ^^^^^^^^

Some errors have detailed explanations: E0277, E0308.
For more information about an error, try `rustc --explain E0277`.
error: could not compile `magnolia-applet` (lib) due to 4 previous errors
ninja: build stopped: subcommand failed.
-- Components: app_trace app_update bootloader bootloader_support bt cmock console cxx driver efuse esp-tls esp_adc esp_app_format esp_bootloader_format esp_coex esp_common esp_driver_ana_cmpr esp_driver_bitscrambler esp_driver_cam esp_driver_dac esp_driver_gpio esp_driver_gptimer esp_driver_i2c esp_driver_i2s esp_driver_i3c esp_driver_isp esp_driver_jpeg esp_driver_ledc esp_driver_mcpwm esp_driver_parlio esp_driver_pcnt esp_driver_ppa esp_driver_rmt esp_driver_sd_intf esp_driver_sdio esp_driver_sdm esp_driver_sdmmc esp_driver_sdspi esp_driver_spi esp_driver_touch_sens esp_driver_tsens esp_driver_twai esp_driver_uart esp_driver_usb_serial_jtag esp_eth esp_event esp_gdbstub esp_hid esp_http_client esp_http_server esp_https_ota esp_https_server esp_hw_support esp_lcd esp_local_ctrl esp_mm esp_netif esp_netif_stack esp_partition esp_phy esp_pm esp_psram esp_ringbuf esp_rom esp_security esp_system esp_timer esp_vfs_console esp_wifi espcoredump espressif__cmake_utilities espressif__elf_loader esptool_py fatfs freertos hal heap http_parser idf_test ieee802154 json log lwip main mbedtls mqtt newlib nvs_flash nvs_sec_provider openthread partition_table perfmon protobuf-c protocomm pthread rt sdmmc soc spi_flash spiffs tcp_transport touch_element ulp unity usb vfs wear_levelling wifi_provisioning wpa_supplicant xtensa
-- Component paths: /home/tikhon/Документы/magnolia/esp-idf/components/app_trace /home/tikhon/Документы/magnolia/esp-idf/components/app_update /home/tikhon/Документы/magnolia/esp-idf/components/bootloader /home/tikhon/Документы/magnolia/esp-idf/components/bootloader_support /home/tikhon/Документы/magnolia/esp-idf/components/bt /home/tikhon/Документы/magnolia/esp-idf/components/cmock /home/tikhon/Документы/magnolia/esp-idf/components/console /home/tikhon/Документы/magnolia/esp-idf/components/cxx /home/tikhon/Документы/magnolia/esp-idf/components/driver /home/tikhon/Документы/magnolia/esp-idf/components/efuse /home/tikhon/Документы/magnolia/esp-idf/components/esp-tls /home/tikhon/Документы/magnolia/esp-idf/components/esp_adc /home/tikhon/Документы/magnolia/esp-idf/components/esp_app_format /home/tikhon/Документы/magnolia/esp-idf/components/esp_bootloader_format /home/tikhon/Документы/magnolia/esp-idf/components/esp_coex /home/tikhon/Документы/magnolia/esp-idf/components/esp_common /home/tikhon/Документы/magnolia/esp-idf/components/esp_driver_ana_cmpr /home/tikhon/Документы/magnolia/esp-idf/components/esp_driver_bitscrambler /home/tikhon/Документы/magnolia/esp-idf/components/esp_driver_cam /home/tikhon/Документы/magnolia/esp-idf/components/esp_driver_dac /home/tikhon/Документы/magnolia/esp-idf/components/esp_driver_gpio /home/tikhon/Документы/magnolia/esp-idf/components/esp_driver_gptimer /home/tikhon/Документы/magnolia/esp-idf/components/esp_driver_i2c /home/tikhon/Документы/magnolia/esp-idf/components/esp_driver_i2s /home/tikhon/Документы/magnolia/esp-idf/components/esp_driver_i3c /home/tikhon/Документы/magnolia/esp-idf/components/esp_driver_isp /home/tikhon/Документы/magnolia/esp-idf/components/esp_driver_jpeg /home/tikhon/Документы/magnolia/esp-idf/components/esp_driver_ledc /home/tikhon/Документы/magnolia/esp-idf/components/esp_driver_mcpwm /home/tikhon/Документы/magnolia/esp-idf/components/esp_driver_parlio /home/tikhon/Документы/magnolia/esp-idf/components/esp_driver_pcnt /home/tikhon/Документы/magnolia/esp-idf/components/esp_driver_ppa /home/tikhon/Документы/magnolia/esp-idf/components/esp_driver_rmt /home/tikhon/Документы/magnolia/esp-idf/components/esp_driver_sd_intf /home/tikhon/Документы/magnolia/esp-idf/components/esp_driver_sdio /home/tikhon/Документы/magnolia/esp-idf/components/esp_driver_sdm /home/tikhon/Документы/magnolia/esp-idf/components/esp_driver_sdmmc /home/tikhon/Документы/magnolia/esp-idf/components/esp_driver_sdspi /home/tikhon/Документы/magnolia/esp-idf/components/esp_driver_spi /home/tikhon/Документы/magnolia/esp-idf/components/esp_driver_touch_sens /home/tikhon/Документы/magnolia/esp-idf/components/esp_driver_tsens /home/tikhon/Документы/magnolia/esp-idf/components/esp_driver_twai /home/tikhon/Документы/magnolia/esp-idf/components/esp_driver_uart /home/tikhon/Документы/magnolia/esp-idf/components/esp_driver_usb_serial_jtag /home/tikhon/Документы/magnolia/esp-idf/components/esp_eth /home/tikhon/Документы/magnolia/esp-idf/components/esp_event /home/tikhon/Документы/magnolia/esp-idf/components/esp_gdbstub /home/tikhon/Документы/magnolia/esp-idf/components/esp_hid /home/tikhon/Документы/magnolia/esp-idf/components/esp_http_client /home/tikhon/Документы/magnolia/esp-idf/components/esp_http_server /home/tikhon/Документы/magnolia/esp-idf/components/esp_https_ota /home/tikhon/Документы/magnolia/esp-idf/components/esp_https_server /home/tikhon/Документы/magnolia/esp-idf/components/esp_hw_support /home/tikhon/Документы/magnolia/esp-idf/components/esp_lcd /home/tikhon/Документы/magnolia/esp-idf/components/esp_local_ctrl /home/tikhon/Документы/magnolia/esp-idf/components/esp_mm /home/tikhon/Документы/magnolia/esp-idf/components/esp_netif /home/tikhon/Документы/magnolia/esp-idf/components/esp_netif_stack /home/tikhon/Документы/magnolia/esp-idf/components/esp_partition /home/tikhon/Документы/magnolia/esp-idf/components/esp_phy /home/tikhon/Документы/magnolia/esp-idf/components/esp_pm /home/tikhon/Документы/magnolia/esp-idf/components/esp_psram /home/tikhon/Документы/magnolia/esp-idf/components/esp_ringbuf /home/tikhon/Документы/magnolia/esp-idf/components/esp_rom /home/tikhon/Документы/magnolia/esp-idf/components/esp_security /home/tikhon/Документы/magnolia/esp-idf/components/esp_system /home/tikhon/Документы/magnolia/esp-idf/components/esp_timer /home/tikhon/Документы/magnolia/esp-idf/components/esp_vfs_console /home/tikhon/Документы/magnolia/esp-idf/components/esp_wifi /home/tikhon/Документы/magnolia/esp-idf/components/espcoredump /home/tikhon/Документы/magnolia/applets/zig/zdd/managed_components/espressif__cmake_utilities /home/tikhon/Документы/magnolia/applets/zig/zdd/managed_components/espressif__elf_loader /home/tikhon/Документы/magnolia/esp-idf/components/esptool_py /home/tikhon/Документы/magnolia/esp-idf/components/fatfs /home/tikhon/Документы/magnolia/esp-idf/components/freertos /home/tikhon/Документы/magnolia/esp-idf/components/hal /home/tikhon/Документы/magnolia/esp-idf/components/heap /home/tikhon/Документы/magnolia/esp-idf/components/http_parser /home/tikhon/Документы/magnolia/esp-idf/components/idf_test /home/tikhon/Документы/magnolia/esp-idf/components/ieee802154 /home/tikhon/Документы/magnolia/esp-idf/components/json /home/tikhon/Документы/magnolia/esp-idf/components/log /home/tikhon/Документы/magnolia/esp-idf/components/lwip /home/tikhon/Документы/magnolia/applets/zig/zdd/main /home/tikhon/Документы/magnolia/esp-idf/components/mbedtls /home/tikhon/Документы/magnolia/esp-idf/components/mqtt /home/tikhon/Документы/magnolia/esp-idf/components/newlib /home/tikhon/Документы/magnolia/esp-idf/components/nvs_flash /home/tikhon/Документы/magnolia/esp-idf/components/nvs_sec_provider /home/tikhon/Документы/magnolia/esp-idf/components/openthread /home/tikhon/Документы/magnolia/esp-idf/components/partition_table /home/tikhon/Документы/magnolia/esp-idf/components/perfmon /home/tikhon/Документы/magnolia/esp-idf/components/protobuf-c /home/tikhon/Документы/magnolia/esp-idf/components/protocomm /home/tikhon/Документы/magnolia/esp-idf/components/pthread /home/tikhon/Документы/magnolia/esp-idf/components/rt /home/tikhon/Документы/magnolia/esp-idf/components/sdmmc /home/tikhon/Документы/magnolia/esp-idf/components/soc /home/tikhon/Документы/magnolia/esp-idf/components/spi_flash /home/tikhon/Документы/magnolia/esp-idf/components/spiffs /home/tikhon/Документы/magnolia/esp-idf/components/tcp_transport /home/tikhon/Документы/magnolia/esp-idf/components/touch_element /home/tikhon/Документы/magnolia/esp-idf/components/ulp /home/tikhon/Документы/magnolia/esp-idf/components/unity /home/tikhon/Документы/magnolia/esp-idf/components/usb /home/tikhon/Документы/magnolia/esp-idf/components/vfs /home/tikhon/Документы/magnolia/esp-idf/components/wear_levelling /home/tikhon/Документы/magnolia/esp-idf/components/wifi_provisioning /home/tikhon/Документы/magnolia/esp-idf/components/wpa_supplicant /home/tikhon/Документы/magnolia/esp-idf/components/xtensa
[1/7] Building C object esp-idf/esp_app_format/CMakeFiles/__idf_esp_app_format.dir/esp_app_desc.c.obj
-- Configuring done (4.5s)
[2/7] Linking C static library esp-idf/esp_app_format/libesp_app_format.a
[1/6] Building C object esp-idf/esp_app_format/CMakeFiles/__idf_esp_app_format.dir/esp_app_desc.c.obj
Applet pwd OK -> /home/tikhon/Документы/magnolia/rootfs/bin/gopwd
Building applet zxxd -> zxxd ...
+ idf.py elf
[2/6] Linking C static library esp-idf/esp_app_format/libesp_app_format.a
Applet true OK -> /home/tikhon/Документы/magnolia/rootfs/bin/gotrue
[1/7] Building C object esp-idf/esp_app_format/CMakeFiles/__idf_esp_app_format.dir/esp_app_desc.c.obj
[0/4] Re-checking globbed directories...
[3/6] Build ELF: sleep.app.elf
[2/7] Linking C static library esp-idf/esp_app_format/libesp_app_format.a
-- ESP-TEE is currently supported only on the esp32c6;esp32h2;esp32c5 SoCs
[1/6] Building C object esp-idf/esp_app_format/CMakeFiles/__idf_esp_app_format.dir/esp_app_desc.c.obj
Command failed (2): idf.py elf
Elf target failed for edit; running `idf.py build` instead.
+ idf.py build
[1/4] Building C object esp-idf/esp_app_format/CMakeFiles/__idf_esp_app_format.dir/esp_app_desc.c.obj
[2/6] Linking C static library esp-idf/esp_app_format/libesp_app_format.a
[2/4] Linking C static library esp-idf/esp_app_format/libesp_app_format.a
[3/6] Build ELF: uname.app.elf
[3/4] Build ELF: rshello.app.elf
/home/tikhon/.espressif/tools/xtensa-esp-elf/esp-15.1.0_20250607/xtensa-esp-elf/bin/../lib/gcc/xtensa-esp-elf/15.1.0/../../../../xtensa-esp-elf/bin/ld: warning: main.c.obj: missing .note.GNU-stack section implies executable stack
/home/tikhon/.espressif/tools/xtensa-esp-elf/esp-15.1.0_20250607/xtensa-esp-elf/bin/../lib/gcc/xtensa-esp-elf/15.1.0/../../../../xtensa-esp-elf/bin/ld: NOTE: This behaviour is deprecated and will be removed in a future version of the linker
Applet sleep OK -> /home/tikhon/Документы/magnolia/rootfs/bin/gosleep
[3/7] Build Rust staticlib: /home/tikhon/Документы/magnolia/applets/rust/rdd/build/libdd.a
FAILED: libdd.a /home/tikhon/Документы/magnolia/applets/rust/rdd/build/libdd.a 
cd /home/tikhon/Документы/magnolia/applets/rust/rdd/build && /usr/bin/cmake -E env CARGO_TARGET_DIR=/home/tikhon/Документы/magnolia/applets/rust/rdd/build/rust_target bash -lc "set -euo pipefail;                  if [ -n \"/home/tikhon/export-esp.sh\" ] && [ -f \"/home/tikhon/export-esp.sh\" ]; then . \"/home/tikhon/export-esp.sh\" >/dev/null 2>&1; fi;                  RUSTFLAGS='-C panic=abort' cargo +esp build  --locked                    -Zbuild-std=core,alloc,compiler_builtins -Zbuild-std-features=compiler-builtins-mem                    --manifest-path '/home/tikhon/Документы/magnolia/applets/rust/rdd/rust/Cargo.toml' --release --target 'xtensa-esp32s3-none-elf'" && /usr/bin/cmake -E copy_if_different /home/tikhon/Документы/magnolia/applets/rust/rdd/build/rust_target/xtensa-esp32s3-none-elf/release/libdd.a /home/tikhon/Документы/magnolia/applets/rust/rdd/build/libdd.a && bash -lc "set -euo pipefail;                  tmp='/home/tikhon/Документы/magnolia/applets/rust/rdd/build/rust_fixup_dd';                  rm -rf \"\$tmp\"; mkdir -p \"\$tmp\";                  cd \"\$tmp\";                  '/home/tikhon/.espressif/tools/xtensa-esp-elf/esp-15.1.0_20250607/xtensa-esp-elf/bin/xtensa-esp32s3-elf-ar' x '/home/tikhon/Документы/magnolia/applets/rust/rdd/build/libdd.a';                  for obj in *.o; do                    [ -f \"\$obj\" ] || continue;                    for sec in \$(LC_ALL=C readelf -S -W \"\$obj\" | sed -n 's/^[[:space:]]*\\[[[:space:]]*[0-9]\\+\\][[:space:]]\\+\\([^ ]\\+\\).*/\\1/p'); do                      case \"\$sec\" in                        .literal*|.rodata*) '/home/tikhon/.espressif/tools/xtensa-esp-elf/esp-15.1.0_20250607/xtensa-esp-elf/bin/xtensa-esp32s3-elf-objcopy' --set-section-flags \"\$sec\"=alloc,load,contents,data \"\$obj\" || true ;;                      esac;                    done;                  done;                  '/home/tikhon/.espressif/tools/xtensa-esp-elf/esp-15.1.0_20250607/xtensa-esp-elf/bin/xtensa-esp32s3-elf-ar' rcs '/home/tikhon/Документы/magnolia/applets/rust/rdd/build/libdd.a' *.o"
   Compiling magnolia-applet v0.1.0 (/home/tikhon/Документы/magnolia/sdk/rust/magnolia-applet)
error[E0277]: the trait bound `magnolia_net_iface_name_t: Clone` is not satisfied
    --> /home/tikhon/Документы/magnolia/sdk/rust/magnolia-applet/src/net.rs:87:14
     |
  87 |         vec![unsafe { mem::zeroed() }; count as usize];
     |         -----^^^^^^^^^-------------^^-----------------
     |         |    |        |
     |         |    |        this tail expression is of type `magnolia_net_iface_name_t`
     |         |    the trait `Clone` is not implemented for `magnolia_net_iface_name_t`
     |         required by a bound introduced by this call
     |
note: required by a bound in `from_elem`
    --> /home/tikhon/.rustup/toolchains/esp/lib/rustlib/src/rust/library/alloc/src/vec/mod.rs:3414:21
     |
3414 | pub fn from_elem<T: Clone>(elem: T, n: usize) -> Vec<T> {
     |                     ^^^^^ required by this bound in `from_elem`

error[E0277]: the trait bound `magnolia_net_socket_summary_t: Clone` is not satisfied
    --> /home/tikhon/Документы/magnolia/sdk/rust/magnolia-applet/src/net.rs:227:14
     |
 227 |         vec![unsafe { mem::zeroed() }; count as usize];
     |         -----^^^^^^^^^-------------^^-----------------
     |         |    |        |
     |         |    |        this tail expression is of type `magnolia_net_socket_summary_t`
     |         |    the trait `Clone` is not implemented for `magnolia_net_socket_summary_t`
     |         required by a bound introduced by this call
     |
note: required by a bound in `from_elem`
    --> /home/tikhon/.rustup/toolchains/esp/lib/rustlib/src/rust/library/alloc/src/vec/mod.rs:3414:21
     |
3414 | pub fn from_elem<T: Clone>(elem: T, n: usize) -> Vec<T> {
     |                     ^^^^^ required by this bound in `from_elem`

error[E0308]: mismatched types
   --> /home/tikhon/Документы/magnolia/sdk/rust/magnolia-applet/src/sysctl.rs:33:56
    |
 33 |     let rc = unsafe { sys::m_sysctl_get(ckey.as_ptr(), buf.as_mut_ptr(), buf.len()) };
    |                       -----------------                ^^^^^^^^^^^^^^^^ expected `*mut u8`, found `*mut i8`
    |                       |
    |                       arguments to this function are incorrect
    |
    = note: expected raw pointer `*mut u8`
               found raw pointer `*mut i8`
note: function defined here
   --> /home/tikhon/Документы/magnolia/sdk/rust/magnolia-applet-sys/src/lib.rs:216:12
    |
216 |     pub fn m_sysctl_get(key: *const c_char, out_value: *mut c_char, value_size: size_t) -> c_int;
    |            ^^^^^^^^^^^^

error[E0308]: mismatched types
   --> /home/tikhon/Документы/magnolia/sdk/rust/magnolia-applet/src/sysctl.rs:35:41
    |
 35 |     let value = unsafe { CStr::from_ptr(buf.as_ptr()) };
    |                          -------------- ^^^^^^^^^^^^ expected `*const u8`, found `*const i8`
    |                          |
    |                          arguments to this function are incorrect
    |
    = note: expected raw pointer `*const u8`
               found raw pointer `*const i8`
note: associated function defined here
   --> /home/tikhon/.rustup/toolchains/esp/lib/rustlib/src/rust/library/core/src/ffi/c_str.rs:255:25
    |
255 |     pub const unsafe fn from_ptr<'a>(ptr: *const c_char) -> &'a CStr {
    |                         ^^^^^^^^

Some errors have detailed explanations: E0277, E0308.
For more information about an error, try `rustc --explain E0277`.
error: could not compile `magnolia-applet` (lib) due to 4 previous errors
ninja: build stopped: subcommand failed.
-- Generating done (0.5s)
-- Build files have been written to: /home/tikhon/Документы/magnolia/applets/rust/rusthello/build
-- Components: app_trace app_update bootloader bootloader_support bt cmock console cxx driver efuse esp-tls esp_adc esp_app_format esp_bootloader_format esp_coex esp_common esp_driver_ana_cmpr esp_driver_bitscrambler esp_driver_cam esp_driver_dac esp_driver_gpio esp_driver_gptimer esp_driver_i2c esp_driver_i2s esp_driver_i3c esp_driver_isp esp_driver_jpeg esp_driver_ledc esp_driver_mcpwm esp_driver_parlio esp_driver_pcnt esp_driver_ppa esp_driver_rmt esp_driver_sd_intf esp_driver_sdio esp_driver_sdm esp_driver_sdmmc esp_driver_sdspi esp_driver_spi esp_driver_touch_sens esp_driver_tsens esp_driver_twai esp_driver_uart esp_driver_usb_serial_jtag esp_eth esp_event esp_gdbstub esp_hid esp_http_client esp_http_server esp_https_ota esp_https_server esp_hw_support esp_lcd esp_local_ctrl esp_mm esp_netif esp_netif_stack esp_partition esp_phy esp_pm esp_psram esp_ringbuf esp_rom esp_security esp_system esp_timer esp_vfs_console esp_wifi espcoredump espressif__cmake_utilities espressif__elf_loader esptool_py fatfs freertos hal heap http_parser idf_test ieee802154 json log lwip main mbedtls mqtt newlib nvs_flash nvs_sec_provider openthread partition_table perfmon protobuf-c protocomm pthread rt sdmmc soc spi_flash spiffs tcp_transport touch_element ulp unity usb vfs wear_levelling wifi_provisioning wpa_supplicant xtensa
-- Component paths: /home/tikhon/Документы/magnolia/esp-idf/components/app_trace /home/tikhon/Документы/magnolia/esp-idf/components/app_update /home/tikhon/Документы/magnolia/esp-idf/components/bootloader /home/tikhon/Документы/magnolia/esp-idf/components/bootloader_support /home/tikhon/Документы/magnolia/esp-idf/components/bt /home/tikhon/Документы/magnolia/esp-idf/components/cmock /home/tikhon/Документы/magnolia/esp-idf/components/console /home/tikhon/Документы/magnolia/esp-idf/components/cxx /home/tikhon/Документы/magnolia/esp-idf/components/driver /home/tikhon/Документы/magnolia/esp-idf/components/efuse /home/tikhon/Документы/magnolia/esp-idf/components/esp-tls /home/tikhon/Документы/magnolia/esp-idf/components/esp_adc /home/tikhon/Документы/magnolia/esp-idf/components/esp_app_format /home/tikhon/Документы/magnolia/esp-idf/components/esp_bootloader_format /home/tikhon/Документы/magnolia/esp-idf/components/esp_coex /home/tikhon/Документы/magnolia/esp-idf/components/esp_common /home/tikhon/Документы/magnolia/esp-idf/components/esp_driver_ana_cmpr /home/tikhon/Документы/magnolia/esp-idf/components/esp_driver_bitscrambler /home/tikhon/Документы/magnolia/esp-idf/components/esp_driver_cam /home/tikhon/Документы/magnolia/esp-idf/components/esp_driver_dac /home/tikhon/Документы/magnolia/esp-idf/components/esp_driver_gpio /home/tikhon/Документы/magnolia/esp-idf/components/esp_driver_gptimer /home/tikhon/Документы/magnolia/esp-idf/components/esp_driver_i2c /home/tikhon/Документы/magnolia/esp-idf/components/esp_driver_i2s /home/tikhon/Документы/magnolia/esp-idf/components/esp_driver_i3c /home/tikhon/Документы/magnolia/esp-idf/components/esp_driver_isp /home/tikhon/Документы/magnolia/esp-idf/components/esp_driver_jpeg /home/tikhon/Документы/magnolia/esp-idf/components/esp_driver_ledc /home/tikhon/Документы/magnolia/esp-idf/components/esp_driver_mcpwm /home/tikhon/Документы/magnolia/esp-idf/components/esp_driver_parlio /home/tikhon/Документы/magnolia/esp-idf/components/esp_driver_pcnt /home/tikhon/Документы/magnolia/esp-idf/components/esp_driver_ppa /home/tikhon/Документы/magnolia/esp-idf/components/esp_driver_rmt /home/tikhon/Документы/magnolia/esp-idf/components/esp_driver_sd_intf /home/tikhon/Документы/magnolia/esp-idf/components/esp_driver_sdio /home/tikhon/Документы/magnolia/esp-idf/components/esp_driver_sdm /home/tikhon/Документы/magnolia/esp-idf/components/esp_driver_sdmmc /home/tikhon/Документы/magnolia/esp-idf/components/esp_driver_sdspi /home/tikhon/Документы/magnolia/esp-idf/components/esp_driver_spi /home/tikhon/Документы/magnolia/esp-idf/components/esp_driver_touch_sens /home/tikhon/Документы/magnolia/esp-idf/components/esp_driver_tsens /home/tikhon/Документы/magnolia/esp-idf/components/esp_driver_twai /home/tikhon/Документы/magnolia/esp-idf/components/esp_driver_uart /home/tikhon/Документы/magnolia/esp-idf/components/esp_driver_usb_serial_jtag /home/tikhon/Документы/magnolia/esp-idf/components/esp_eth /home/tikhon/Документы/magnolia/esp-idf/components/esp_event /home/tikhon/Документы/magnolia/esp-idf/components/esp_gdbstub /home/tikhon/Документы/magnolia/esp-idf/components/esp_hid /home/tikhon/Документы/magnolia/esp-idf/components/esp_http_client /home/tikhon/Документы/magnolia/esp-idf/components/esp_http_server /home/tikhon/Документы/magnolia/esp-idf/components/esp_https_ota /home/tikhon/Документы/magnolia/esp-idf/components/esp_https_server /home/tikhon/Документы/magnolia/esp-idf/components/esp_hw_support /home/tikhon/Документы/magnolia/esp-idf/components/esp_lcd /home/tikhon/Документы/magnolia/esp-idf/components/esp_local_ctrl /home/tikhon/Документы/magnolia/esp-idf/components/esp_mm /home/tikhon/Документы/magnolia/esp-idf/components/esp_netif /home/tikhon/Документы/magnolia/esp-idf/components/esp_netif_stack /home/tikhon/Документы/magnolia/esp-idf/components/esp_partition /home/tikhon/Документы/magnolia/esp-idf/components/esp_phy /home/tikhon/Документы/magnolia/esp-idf/components/esp_pm /home/tikhon/Документы/magnolia/esp-idf/components/esp_psram /home/tikhon/Документы/magnolia/esp-idf/components/esp_ringbuf /home/tikhon/Документы/magnolia/esp-idf/components/esp_rom /home/tikhon/Документы/magnolia/esp-idf/components/esp_security /home/tikhon/Документы/magnolia/esp-idf/components/esp_system /home/tikhon/Документы/magnolia/esp-idf/components/esp_timer /home/tikhon/Документы/magnolia/esp-idf/components/esp_vfs_console /home/tikhon/Документы/magnolia/esp-idf/components/esp_wifi /home/tikhon/Документы/magnolia/esp-idf/components/espcoredump /home/tikhon/Документы/magnolia/applets/zig/zighello/managed_components/espressif__cmake_utilities /home/tikhon/Документы/magnolia/applets/zig/zighello/managed_components/espressif__elf_loader /home/tikhon/Документы/magnolia/esp-idf/components/esptool_py /home/tikhon/Документы/magnolia/esp-idf/components/fatfs /home/tikhon/Документы/magnolia/esp-idf/components/freertos /home/tikhon/Документы/magnolia/esp-idf/components/hal /home/tikhon/Документы/magnolia/esp-idf/components/heap /home/tikhon/Документы/magnolia/esp-idf/components/http_parser /home/tikhon/Документы/magnolia/esp-idf/components/idf_test /home/tikhon/Документы/magnolia/esp-idf/components/ieee802154 /home/tikhon/Документы/magnolia/esp-idf/components/json /home/tikhon/Документы/magnolia/esp-idf/components/log /home/tikhon/Документы/magnolia/esp-idf/components/lwip /home/tikhon/Документы/magnolia/applets/zig/zighello/main /home/tikhon/Документы/magnolia/esp-idf/components/mbedtls /home/tikhon/Документы/magnolia/esp-idf/components/mqtt /home/tikhon/Документы/magnolia/esp-idf/components/newlib /home/tikhon/Документы/magnolia/esp-idf/components/nvs_flash /home/tikhon/Документы/magnolia/esp-idf/components/nvs_sec_provider /home/tikhon/Документы/magnolia/esp-idf/components/openthread /home/tikhon/Документы/magnolia/esp-idf/components/partition_table /home/tikhon/Документы/magnolia/esp-idf/components/perfmon /home/tikhon/Документы/magnolia/esp-idf/components/protobuf-c /home/tikhon/Документы/magnolia/esp-idf/components/protocomm /home/tikhon/Документы/magnolia/esp-idf/components/pthread /home/tikhon/Документы/magnolia/esp-idf/components/rt /home/tikhon/Документы/magnolia/esp-idf/components/sdmmc /home/tikhon/Документы/magnolia/esp-idf/components/soc /home/tikhon/Документы/magnolia/esp-idf/components/spi_flash /home/tikhon/Документы/magnolia/esp-idf/components/spiffs /home/tikhon/Документы/magnolia/esp-idf/components/tcp_transport /home/tikhon/Документы/magnolia/esp-idf/components/touch_element /home/tikhon/Документы/magnolia/esp-idf/components/ulp /home/tikhon/Документы/magnolia/esp-idf/components/unity /home/tikhon/Документы/magnolia/esp-idf/components/usb /home/tikhon/Документы/magnolia/esp-idf/components/vfs /home/tikhon/Документы/magnolia/esp-idf/components/wear_levelling /home/tikhon/Документы/magnolia/esp-idf/components/wifi_provisioning /home/tikhon/Документы/magnolia/esp-idf/components/wpa_supplicant /home/tikhon/Документы/magnolia/esp-idf/components/xtensa
-- Configuring done (4.5s)
[3/7] Build Rust staticlib: /home/tikhon/Документы/magnolia/applets/rust/rhexdump/build/libhexdump.a
FAILED: libhexdump.a /home/tikhon/Документы/magnolia/applets/rust/rhexdump/build/libhexdump.a 
cd /home/tikhon/Документы/magnolia/applets/rust/rhexdump/build && /usr/bin/cmake -E env CARGO_TARGET_DIR=/home/tikhon/Документы/magnolia/applets/rust/rhexdump/build/rust_target bash -lc "set -euo pipefail;                  if [ -n \"/home/tikhon/export-esp.sh\" ] && [ -f \"/home/tikhon/export-esp.sh\" ]; then . \"/home/tikhon/export-esp.sh\" >/dev/null 2>&1; fi;                  RUSTFLAGS='-C panic=abort' cargo +esp build  --locked                    -Zbuild-std=core,alloc,compiler_builtins -Zbuild-std-features=compiler-builtins-mem                    --manifest-path '/home/tikhon/Документы/magnolia/applets/rust/rhexdump/rust/Cargo.toml' --release --target 'xtensa-esp32s3-none-elf'" && /usr/bin/cmake -E copy_if_different /home/tikhon/Документы/magnolia/applets/rust/rhexdump/build/rust_target/xtensa-esp32s3-none-elf/release/libhexdump.a /home/tikhon/Документы/magnolia/applets/rust/rhexdump/build/libhexdump.a && bash -lc "set -euo pipefail;                  tmp='/home/tikhon/Документы/magnolia/applets/rust/rhexdump/build/rust_fixup_hexdump';                  rm -rf \"\$tmp\"; mkdir -p \"\$tmp\";                  cd \"\$tmp\";                  '/home/tikhon/.espressif/tools/xtensa-esp-elf/esp-15.1.0_20250607/xtensa-esp-elf/bin/xtensa-esp32s3-elf-ar' x '/home/tikhon/Документы/magnolia/applets/rust/rhexdump/build/libhexdump.a';                  for obj in *.o; do                    [ -f \"\$obj\" ] || continue;                    for sec in \$(LC_ALL=C readelf -S -W \"\$obj\" | sed -n 's/^[[:space:]]*\\[[[:space:]]*[0-9]\\+\\][[:space:]]\\+\\([^ ]\\+\\).*/\\1/p'); do                      case \"\$sec\" in                        .literal*|.rodata*) '/home/tikhon/.espressif/tools/xtensa-esp-elf/esp-15.1.0_20250607/xtensa-esp-elf/bin/xtensa-esp32s3-elf-objcopy' --set-section-flags \"\$sec\"=alloc,load,contents,data \"\$obj\" || true ;;                      esac;                    done;                  done;                  '/home/tikhon/.espressif/tools/xtensa-esp-elf/esp-15.1.0_20250607/xtensa-esp-elf/bin/xtensa-esp32s3-elf-ar' rcs '/home/tikhon/Документы/magnolia/applets/rust/rhexdump/build/libhexdump.a' *.o"
    Blocking waiting for file lock on package cache
    Blocking waiting for file lock on package cache
    Blocking waiting for file lock on package cache
   Compiling magnolia-applet v0.1.0 (/home/tikhon/Документы/magnolia/sdk/rust/magnolia-applet)
error[E0277]: the trait bound `magnolia_net_iface_name_t: Clone` is not satisfied
    --> /home/tikhon/Документы/magnolia/sdk/rust/magnolia-applet/src/net.rs:87:14
     |
  87 |         vec![unsafe { mem::zeroed() }; count as usize];
     |         -----^^^^^^^^^-------------^^-----------------
     |         |    |        |
     |         |    |        this tail expression is of type `magnolia_net_iface_name_t`
     |         |    the trait `Clone` is not implemented for `magnolia_net_iface_name_t`
     |         required by a bound introduced by this call
     |
note: required by a bound in `from_elem`
    --> /home/tikhon/.rustup/toolchains/esp/lib/rustlib/src/rust/library/alloc/src/vec/mod.rs:3414:21
     |
3414 | pub fn from_elem<T: Clone>(elem: T, n: usize) -> Vec<T> {
     |                     ^^^^^ required by this bound in `from_elem`

error[E0277]: the trait bound `magnolia_net_socket_summary_t: Clone` is not satisfied
    --> /home/tikhon/Документы/magnolia/sdk/rust/magnolia-applet/src/net.rs:227:14
     |
 227 |         vec![unsafe { mem::zeroed() }; count as usize];
     |         -----^^^^^^^^^-------------^^-----------------
     |         |    |        |
     |         |    |        this tail expression is of type `magnolia_net_socket_summary_t`
     |         |    the trait `Clone` is not implemented for `magnolia_net_socket_summary_t`
     |         required by a bound introduced by this call
     |
note: required by a bound in `from_elem`
    --> /home/tikhon/.rustup/toolchains/esp/lib/rustlib/src/rust/library/alloc/src/vec/mod.rs:3414:21
     |
3414 | pub fn from_elem<T: Clone>(elem: T, n: usize) -> Vec<T> {
     |                     ^^^^^ required by this bound in `from_elem`

error[E0308]: mismatched types
   --> /home/tikhon/Документы/magnolia/sdk/rust/magnolia-applet/src/sysctl.rs:33:56
    |
 33 |     let rc = unsafe { sys::m_sysctl_get(ckey.as_ptr(), buf.as_mut_ptr(), buf.len()) };
    |                       -----------------                ^^^^^^^^^^^^^^^^ expected `*mut u8`, found `*mut i8`
    |                       |
    |                       arguments to this function are incorrect
    |
    = note: expected raw pointer `*mut u8`
               found raw pointer `*mut i8`
note: function defined here
   --> /home/tikhon/Документы/magnolia/sdk/rust/magnolia-applet-sys/src/lib.rs:216:12
    |
216 |     pub fn m_sysctl_get(key: *const c_char, out_value: *mut c_char, value_size: size_t) -> c_int;
    |            ^^^^^^^^^^^^

error[E0308]: mismatched types
   --> /home/tikhon/Документы/magnolia/sdk/rust/magnolia-applet/src/sysctl.rs:35:41
    |
 35 |     let value = unsafe { CStr::from_ptr(buf.as_ptr()) };
    |                          -------------- ^^^^^^^^^^^^ expected `*const u8`, found `*const i8`
    |                          |
    |                          arguments to this function are incorrect
    |
    = note: expected raw pointer `*const u8`
               found raw pointer `*const i8`
note: associated function defined here
   --> /home/tikhon/.rustup/toolchains/esp/lib/rustlib/src/rust/library/core/src/ffi/c_str.rs:255:25
    |
255 |     pub const unsafe fn from_ptr<'a>(ptr: *const c_char) -> &'a CStr {
    |                         ^^^^^^^^

Some errors have detailed explanations: E0277, E0308.
For more information about an error, try `rustc --explain E0277`.
error: could not compile `magnolia-applet` (lib) due to 4 previous errors
ninja: build stopped: subcommand failed.
[3/7] Build Rust staticlib: /home/tikhon/Документы/magnolia/applets/rust/rselftest/build/librselftest.a
FAILED: librselftest.a /home/tikhon/Документы/magnolia/applets/rust/rselftest/build/librselftest.a 
cd /home/tikhon/Документы/magnolia/applets/rust/rselftest/build && /usr/bin/cmake -E env CARGO_TARGET_DIR=/home/tikhon/Документы/magnolia/applets/rust/rselftest/build/rust_target bash -lc "set -euo pipefail;                  if [ -n \"/home/tikhon/export-esp.sh\" ] && [ -f \"/home/tikhon/export-esp.sh\" ]; then . \"/home/tikhon/export-esp.sh\" >/dev/null 2>&1; fi;                  RUSTFLAGS='-C panic=abort' cargo +esp build  --locked                    -Zbuild-std=core,alloc,compiler_builtins -Zbuild-std-features=compiler-builtins-mem                    --manifest-path '/home/tikhon/Документы/magnolia/applets/rust/rselftest/rust/Cargo.toml' --release --target 'xtensa-esp32s3-none-elf'" && /usr/bin/cmake -E copy_if_different /home/tikhon/Документы/magnolia/applets/rust/rselftest/build/rust_target/xtensa-esp32s3-none-elf/release/librselftest.a /home/tikhon/Документы/magnolia/applets/rust/rselftest/build/librselftest.a && bash -lc "set -euo pipefail;                  tmp='/home/tikhon/Документы/magnolia/applets/rust/rselftest/build/rust_fixup_rselftest';                  rm -rf \"\$tmp\"; mkdir -p \"\$tmp\";                  cd \"\$tmp\";                  '/home/tikhon/.espressif/tools/xtensa-esp-elf/esp-15.1.0_20250607/xtensa-esp-elf/bin/xtensa-esp32s3-elf-ar' x '/home/tikhon/Документы/magnolia/applets/rust/rselftest/build/librselftest.a';                  for obj in *.o; do                    [ -f \"\$obj\" ] || continue;                    for sec in \$(LC_ALL=C readelf -S -W \"\$obj\" | sed -n 's/^[[:space:]]*\\[[[:space:]]*[0-9]\\+\\][[:space:]]\\+\\([^ ]\\+\\).*/\\1/p'); do                      case \"\$sec\" in                        .literal*|.rodata*) '/home/tikhon/.espressif/tools/xtensa-esp-elf/esp-15.1.0_20250607/xtensa-esp-elf/bin/xtensa-esp32s3-elf-objcopy' --set-section-flags \"\$sec\"=alloc,load,contents,data \"\$obj\" || true ;;                      esac;                    done;                  done;                  '/home/tikhon/.espressif/tools/xtensa-esp-elf/esp-15.1.0_20250607/xtensa-esp-elf/bin/xtensa-esp32s3-elf-ar' rcs '/home/tikhon/Документы/magnolia/applets/rust/rselftest/build/librselftest.a' *.o"
    Blocking waiting for file lock on package cache
    Blocking waiting for file lock on package cache
    Blocking waiting for file lock on package cache
   Compiling magnolia-applet v0.1.0 (/home/tikhon/Документы/magnolia/sdk/rust/magnolia-applet)
error[E0277]: the trait bound `magnolia_net_iface_name_t: Clone` is not satisfied
    --> /home/tikhon/Документы/magnolia/sdk/rust/magnolia-applet/src/net.rs:87:14
     |
  87 |         vec![unsafe { mem::zeroed() }; count as usize];
     |         -----^^^^^^^^^-------------^^-----------------
     |         |    |        |
     |         |    |        this tail expression is of type `magnolia_net_iface_name_t`
     |         |    the trait `Clone` is not implemented for `magnolia_net_iface_name_t`
     |         required by a bound introduced by this call
     |
note: required by a bound in `from_elem`
    --> /home/tikhon/.rustup/toolchains/esp/lib/rustlib/src/rust/library/alloc/src/vec/mod.rs:3414:21
     |
3414 | pub fn from_elem<T: Clone>(elem: T, n: usize) -> Vec<T> {
     |                     ^^^^^ required by this bound in `from_elem`

error[E0277]: the trait bound `magnolia_net_socket_summary_t: Clone` is not satisfied
    --> /home/tikhon/Документы/magnolia/sdk/rust/magnolia-applet/src/net.rs:227:14
     |
 227 |         vec![unsafe { mem::zeroed() }; count as usize];
     |         -----^^^^^^^^^-------------^^-----------------
     |         |    |        |
     |         |    |        this tail expression is of type `magnolia_net_socket_summary_t`
     |         |    the trait `Clone` is not implemented for `magnolia_net_socket_summary_t`
     |         required by a bound introduced by this call
     |
note: required by a bound in `from_elem`
    --> /home/tikhon/.rustup/toolchains/esp/lib/rustlib/src/rust/library/alloc/src/vec/mod.rs:3414:21
     |
3414 | pub fn from_elem<T: Clone>(elem: T, n: usize) -> Vec<T> {
     |                     ^^^^^ required by this bound in `from_elem`

error[E0308]: mismatched types
   --> /home/tikhon/Документы/magnolia/sdk/rust/magnolia-applet/src/sysctl.rs:33:56
    |
 33 |     let rc = unsafe { sys::m_sysctl_get(ckey.as_ptr(), buf.as_mut_ptr(), buf.len()) };
    |                       -----------------                ^^^^^^^^^^^^^^^^ expected `*mut u8`, found `*mut i8`
    |                       |
    |                       arguments to this function are incorrect
    |
    = note: expected raw pointer `*mut u8`
               found raw pointer `*mut i8`
note: function defined here
   --> /home/tikhon/Документы/magnolia/sdk/rust/magnolia-applet-sys/src/lib.rs:216:12
    |
216 |     pub fn m_sysctl_get(key: *const c_char, out_value: *mut c_char, value_size: size_t) -> c_int;
    |            ^^^^^^^^^^^^

error[E0308]: mismatched types
   --> /home/tikhon/Документы/magnolia/sdk/rust/magnolia-applet/src/sysctl.rs:35:41
    |
 35 |     let value = unsafe { CStr::from_ptr(buf.as_ptr()) };
    |                          -------------- ^^^^^^^^^^^^ expected `*const u8`, found `*const i8`
    |                          |
    |                          arguments to this function are incorrect
    |
    = note: expected raw pointer `*const u8`
               found raw pointer `*const i8`
note: associated function defined here
   --> /home/tikhon/.rustup/toolchains/esp/lib/rustlib/src/rust/library/core/src/ffi/c_str.rs:255:25
    |
255 |     pub const unsafe fn from_ptr<'a>(ptr: *const c_char) -> &'a CStr {
    |                         ^^^^^^^^

Some errors have detailed explanations: E0277, E0308.
For more information about an error, try `rustc --explain E0277`.
error: could not compile `magnolia-applet` (lib) due to 4 previous errors
ninja: build stopped: subcommand failed.
Applet uname OK -> /home/tikhon/Документы/magnolia/rootfs/bin/gouname
Applet rshello OK -> /home/tikhon/Документы/magnolia/rootfs/bin/rshello
[0/4] Re-checking globbed directories...
-- Generating done (0.5s)
-- Build files have been written to: /home/tikhon/Документы/magnolia/applets/rust/rxxd/build
Command failed (2): idf.py elf
Elf target failed for rdd; running `idf.py build` instead.
+ idf.py build
[1/7] Building C object esp-idf/esp_app_format/CMakeFiles/__idf_esp_app_format.dir/esp_app_desc.c.obj
Command failed (2): idf.py elf
Elf target failed for rhexdump; running `idf.py build` instead.
+ idf.py build
[2/7] Linking C static library esp-idf/esp_app_format/libesp_app_format.a
Command failed (2): idf.py elf
Elf target failed for rselftest; running `idf.py build` instead.
+ idf.py build
[0/4] Re-checking globbed directories...
-- Generating done (0.4s)
-- Generating done (0.5s)
-- Build files have been written to: /home/tikhon/Документы/magnolia/applets/zig/zdd/build
-- Generating done (0.5s)
-- Build files have been written to: /home/tikhon/Документы/magnolia/applets/zig/zhexdump/build
-- Build files have been written to: /home/tikhon/Документы/magnolia/applets/zig/zigdemo/build
[1/7] Building C object esp-idf/esp_app_format/CMakeFiles/__idf_esp_app_format.dir/esp_app_desc.c.obj
[2/7] Linking C static library esp-idf/esp_app_format/libesp_app_format.a
[0/4] Re-checking globbed directories...
[3/7] Build Rust staticlib: /home/tikhon/Документы/magnolia/applets/rust/rusthello/build/librusthello.a
FAILED: librusthello.a /home/tikhon/Документы/magnolia/applets/rust/rusthello/build/librusthello.a 
cd /home/tikhon/Документы/magnolia/applets/rust/rusthello/build && /usr/bin/cmake -E env CARGO_TARGET_DIR=/home/tikhon/Документы/magnolia/applets/rust/rusthello/build/rust_target bash -lc "set -euo pipefail;                  if [ -n \"/home/tikhon/export-esp.sh\" ] && [ -f \"/home/tikhon/export-esp.sh\" ]; then . \"/home/tikhon/export-esp.sh\" >/dev/null 2>&1; fi;                  RUSTFLAGS='-C panic=abort' cargo +esp build  --locked                    -Zbuild-std=core,alloc,compiler_builtins -Zbuild-std-features=compiler-builtins-mem                    --manifest-path '/home/tikhon/Документы/magnolia/applets/rust/rusthello/rust/Cargo.toml' --release --target 'xtensa-esp32s3-none-elf'" && /usr/bin/cmake -E copy_if_different /home/tikhon/Документы/magnolia/applets/rust/rusthello/build/rust_target/xtensa-esp32s3-none-elf/release/librusthello.a /home/tikhon/Документы/magnolia/applets/rust/rusthello/build/librusthello.a && bash -lc "set -euo pipefail;                  tmp='/home/tikhon/Документы/magnolia/applets/rust/rusthello/build/rust_fixup_rusthello';                  rm -rf \"\$tmp\"; mkdir -p \"\$tmp\";                  cd \"\$tmp\";                  '/home/tikhon/.espressif/tools/xtensa-esp-elf/esp-15.1.0_20250607/xtensa-esp-elf/bin/xtensa-esp32s3-elf-ar' x '/home/tikhon/Документы/magnolia/applets/rust/rusthello/build/librusthello.a';                  for obj in *.o; do                    [ -f \"\$obj\" ] || continue;                    for sec in \$(LC_ALL=C readelf -S -W \"\$obj\" | sed -n 's/^[[:space:]]*\\[[[:space:]]*[0-9]\\+\\][[:space:]]\\+\\([^ ]\\+\\).*/\\1/p'); do                      case \"\$sec\" in                        .literal*|.rodata*) '/home/tikhon/.espressif/tools/xtensa-esp-elf/esp-15.1.0_20250607/xtensa-esp-elf/bin/xtensa-esp32s3-elf-objcopy' --set-section-flags \"\$sec\"=alloc,load,contents,data \"\$obj\" || true ;;                      esac;                    done;                  done;                  '/home/tikhon/.espressif/tools/xtensa-esp-elf/esp-15.1.0_20250607/xtensa-esp-elf/bin/xtensa-esp32s3-elf-ar' rcs '/home/tikhon/Документы/magnolia/applets/rust/rusthello/build/librusthello.a' *.o"
   Compiling magnolia-applet v0.1.0 (/home/tikhon/Документы/magnolia/sdk/rust/magnolia-applet)
error[E0277]: the trait bound `magnolia_net_iface_name_t: Clone` is not satisfied
    --> /home/tikhon/Документы/magnolia/sdk/rust/magnolia-applet/src/net.rs:87:14
     |
  87 |         vec![unsafe { mem::zeroed() }; count as usize];
     |         -----^^^^^^^^^-------------^^-----------------
     |         |    |        |
     |         |    |        this tail expression is of type `magnolia_net_iface_name_t`
     |         |    the trait `Clone` is not implemented for `magnolia_net_iface_name_t`
     |         required by a bound introduced by this call
     |
note: required by a bound in `from_elem`
    --> /home/tikhon/.rustup/toolchains/esp/lib/rustlib/src/rust/library/alloc/src/vec/mod.rs:3414:21
     |
3414 | pub fn from_elem<T: Clone>(elem: T, n: usize) -> Vec<T> {
     |                     ^^^^^ required by this bound in `from_elem`

error[E0277]: the trait bound `magnolia_net_socket_summary_t: Clone` is not satisfied
    --> /home/tikhon/Документы/magnolia/sdk/rust/magnolia-applet/src/net.rs:227:14
     |
 227 |         vec![unsafe { mem::zeroed() }; count as usize];
     |         -----^^^^^^^^^-------------^^-----------------
     |         |    |        |
     |         |    |        this tail expression is of type `magnolia_net_socket_summary_t`
     |         |    the trait `Clone` is not implemented for `magnolia_net_socket_summary_t`
     |         required by a bound introduced by this call
     |
note: required by a bound in `from_elem`
    --> /home/tikhon/.rustup/toolchains/esp/lib/rustlib/src/rust/library/alloc/src/vec/mod.rs:3414:21
     |
3414 | pub fn from_elem<T: Clone>(elem: T, n: usize) -> Vec<T> {
     |                     ^^^^^ required by this bound in `from_elem`

error[E0308]: mismatched types
   --> /home/tikhon/Документы/magnolia/sdk/rust/magnolia-applet/src/sysctl.rs:33:56
    |
 33 |     let rc = unsafe { sys::m_sysctl_get(ckey.as_ptr(), buf.as_mut_ptr(), buf.len()) };
    |                       -----------------                ^^^^^^^^^^^^^^^^ expected `*mut u8`, found `*mut i8`
    |                       |
    |                       arguments to this function are incorrect
    |
    = note: expected raw pointer `*mut u8`
               found raw pointer `*mut i8`
note: function defined here
   --> /home/tikhon/Документы/magnolia/sdk/rust/magnolia-applet-sys/src/lib.rs:216:12
    |
216 |     pub fn m_sysctl_get(key: *const c_char, out_value: *mut c_char, value_size: size_t) -> c_int;
    |            ^^^^^^^^^^^^

error[E0308]: mismatched types
   --> /home/tikhon/Документы/magnolia/sdk/rust/magnolia-applet/src/sysctl.rs:35:41
    |
 35 |     let value = unsafe { CStr::from_ptr(buf.as_ptr()) };
    |                          -------------- ^^^^^^^^^^^^ expected `*const u8`, found `*const i8`
    |                          |
    |                          arguments to this function are incorrect
    |
    = note: expected raw pointer `*const u8`
               found raw pointer `*const i8`
note: associated function defined here
   --> /home/tikhon/.rustup/toolchains/esp/lib/rustlib/src/rust/library/core/src/ffi/c_str.rs:255:25
    |
255 |     pub const unsafe fn from_ptr<'a>(ptr: *const c_char) -> &'a CStr {
    |                         ^^^^^^^^

Some errors have detailed explanations: E0277, E0308.
For more information about an error, try `rustc --explain E0277`.
error: could not compile `magnolia-applet` (lib) due to 4 previous errors
ninja: build stopped: subcommand failed.
[0/4] Re-checking globbed directories...
[0/4] Re-checking globbed directories...
[1/6] Building C object esp-idf/esp_app_format/CMakeFiles/__idf_esp_app_format.dir/esp_app_desc.c.obj
[1/6] Building C object esp-idf/esp_app_format/CMakeFiles/__idf_esp_app_format.dir/esp_app_desc.c.obj
[1/6] Building C object esp-idf/esp_app_format/CMakeFiles/__idf_esp_app_format.dir/esp_app_desc.c.obj
[2/6] Linking C static library esp-idf/esp_app_format/libesp_app_format.a
[3/6] Build ELF: dd.app.elf
/home/tikhon/.espressif/tools/xtensa-esp-elf/esp-15.1.0_20250607/xtensa-esp-elf/bin/../lib/gcc/xtensa-esp-elf/15.1.0/../../../../xtensa-esp-elf/bin/ld: warning: dd.app.elf has a LOAD segment with RWX permissions
[2/6] Linking C static library esp-idf/esp_app_format/libesp_app_format.a
[2/6] Linking C static library esp-idf/esp_app_format/libesp_app_format.a
[3/6] Build ELF: hexdump.app.elf
/home/tikhon/.espressif/tools/xtensa-esp-elf/esp-15.1.0_20250607/xtensa-esp-elf/bin/../lib/gcc/xtensa-esp-elf/15.1.0/../../../../xtensa-esp-elf/bin/ld: warning: hexdump.app.elf has a LOAD segment with RWX permissions
[3/6] Build ELF: zigdemo.app.elf
/home/tikhon/.espressif/tools/xtensa-esp-elf/esp-15.1.0_20250607/xtensa-esp-elf/bin/../lib/gcc/xtensa-esp-elf/15.1.0/../../../../xtensa-esp-elf/bin/ld: warning: zigdemo.app.elf has a LOAD segment with RWX permissions
[3/7] Build Rust staticlib: /home/tikhon/Документы/magnolia/applets/rust/rxxd/build/libxxd.a
FAILED: libxxd.a /home/tikhon/Документы/magnolia/applets/rust/rxxd/build/libxxd.a 
cd /home/tikhon/Документы/magnolia/applets/rust/rxxd/build && /usr/bin/cmake -E env CARGO_TARGET_DIR=/home/tikhon/Документы/magnolia/applets/rust/rxxd/build/rust_target bash -lc "set -euo pipefail;                  if [ -n \"/home/tikhon/export-esp.sh\" ] && [ -f \"/home/tikhon/export-esp.sh\" ]; then . \"/home/tikhon/export-esp.sh\" >/dev/null 2>&1; fi;                  RUSTFLAGS='-C panic=abort' cargo +esp build  --locked                    -Zbuild-std=core,alloc,compiler_builtins -Zbuild-std-features=compiler-builtins-mem                    --manifest-path '/home/tikhon/Документы/magnolia/applets/rust/rxxd/rust/Cargo.toml' --release --target 'xtensa-esp32s3-none-elf'" && /usr/bin/cmake -E copy_if_different /home/tikhon/Документы/magnolia/applets/rust/rxxd/build/rust_target/xtensa-esp32s3-none-elf/release/libxxd.a /home/tikhon/Документы/magnolia/applets/rust/rxxd/build/libxxd.a && bash -lc "set -euo pipefail;                  tmp='/home/tikhon/Документы/magnolia/applets/rust/rxxd/build/rust_fixup_xxd';                  rm -rf \"\$tmp\"; mkdir -p \"\$tmp\";                  cd \"\$tmp\";                  '/home/tikhon/.espressif/tools/xtensa-esp-elf/esp-15.1.0_20250607/xtensa-esp-elf/bin/xtensa-esp32s3-elf-ar' x '/home/tikhon/Документы/magnolia/applets/rust/rxxd/build/libxxd.a';                  for obj in *.o; do                    [ -f \"\$obj\" ] || continue;                    for sec in \$(LC_ALL=C readelf -S -W \"\$obj\" | sed -n 's/^[[:space:]]*\\[[[:space:]]*[0-9]\\+\\][[:space:]]\\+\\([^ ]\\+\\).*/\\1/p'); do                      case \"\$sec\" in                        .literal*|.rodata*) '/home/tikhon/.espressif/tools/xtensa-esp-elf/esp-15.1.0_20250607/xtensa-esp-elf/bin/xtensa-esp32s3-elf-objcopy' --set-section-flags \"\$sec\"=alloc,load,contents,data \"\$obj\" || true ;;                      esac;                    done;                  done;                  '/home/tikhon/.espressif/tools/xtensa-esp-elf/esp-15.1.0_20250607/xtensa-esp-elf/bin/xtensa-esp32s3-elf-ar' rcs '/home/tikhon/Документы/magnolia/applets/rust/rxxd/build/libxxd.a' *.o"
   Compiling magnolia-applet v0.1.0 (/home/tikhon/Документы/magnolia/sdk/rust/magnolia-applet)
error[E0277]: the trait bound `magnolia_net_iface_name_t: Clone` is not satisfied
    --> /home/tikhon/Документы/magnolia/sdk/rust/magnolia-applet/src/net.rs:87:14
     |
  87 |         vec![unsafe { mem::zeroed() }; count as usize];
     |         -----^^^^^^^^^-------------^^-----------------
     |         |    |        |
     |         |    |        this tail expression is of type `magnolia_net_iface_name_t`
     |         |    the trait `Clone` is not implemented for `magnolia_net_iface_name_t`
     |         required by a bound introduced by this call
     |
note: required by a bound in `from_elem`
    --> /home/tikhon/.rustup/toolchains/esp/lib/rustlib/src/rust/library/alloc/src/vec/mod.rs:3414:21
     |
3414 | pub fn from_elem<T: Clone>(elem: T, n: usize) -> Vec<T> {
     |                     ^^^^^ required by this bound in `from_elem`

error[E0277]: the trait bound `magnolia_net_socket_summary_t: Clone` is not satisfied
    --> /home/tikhon/Документы/magnolia/sdk/rust/magnolia-applet/src/net.rs:227:14
     |
 227 |         vec![unsafe { mem::zeroed() }; count as usize];
     |         -----^^^^^^^^^-------------^^-----------------
     |         |    |        |
     |         |    |        this tail expression is of type `magnolia_net_socket_summary_t`
     |         |    the trait `Clone` is not implemented for `magnolia_net_socket_summary_t`
     |         required by a bound introduced by this call
     |
note: required by a bound in `from_elem`
    --> /home/tikhon/.rustup/toolchains/esp/lib/rustlib/src/rust/library/alloc/src/vec/mod.rs:3414:21
     |
3414 | pub fn from_elem<T: Clone>(elem: T, n: usize) -> Vec<T> {
     |                     ^^^^^ required by this bound in `from_elem`

error[E0308]: mismatched types
   --> /home/tikhon/Документы/magnolia/sdk/rust/magnolia-applet/src/sysctl.rs:33:56
    |
 33 |     let rc = unsafe { sys::m_sysctl_get(ckey.as_ptr(), buf.as_mut_ptr(), buf.len()) };
    |                       -----------------                ^^^^^^^^^^^^^^^^ expected `*mut u8`, found `*mut i8`
    |                       |
    |                       arguments to this function are incorrect
    |
    = note: expected raw pointer `*mut u8`
               found raw pointer `*mut i8`
note: function defined here
   --> /home/tikhon/Документы/magnolia/sdk/rust/magnolia-applet-sys/src/lib.rs:216:12
    |
216 |     pub fn m_sysctl_get(key: *const c_char, out_value: *mut c_char, value_size: size_t) -> c_int;
    |            ^^^^^^^^^^^^

error[E0308]: mismatched types
   --> /home/tikhon/Документы/magnolia/sdk/rust/magnolia-applet/src/sysctl.rs:35:41
    |
 35 |     let value = unsafe { CStr::from_ptr(buf.as_ptr()) };
    |                          -------------- ^^^^^^^^^^^^ expected `*const u8`, found `*const i8`
    |                          |
    |                          arguments to this function are incorrect
    |
    = note: expected raw pointer `*const u8`
               found raw pointer `*const i8`
note: associated function defined here
   --> /home/tikhon/.rustup/toolchains/esp/lib/rustlib/src/rust/library/core/src/ffi/c_str.rs:255:25
    |
255 |     pub const unsafe fn from_ptr<'a>(ptr: *const c_char) -> &'a CStr {
    |                         ^^^^^^^^

Some errors have detailed explanations: E0277, E0308.
For more information about an error, try `rustc --explain E0277`.
error: could not compile `magnolia-applet` (lib) due to 4 previous errors
ninja: build stopped: subcommand failed.
-- Generating done (0.5s)
Command failed (2): idf.py elf
Elf target failed for rusthello; running `idf.py build` instead.
+ idf.py build
Executing action: elf
Running ninja in directory /home/tikhon/Документы/magnolia/applets/zig/zxxd/build
Executing "ninja elf"...
[0/2] Re-checking globbed directories...
[1/2] Re-running CMake...
-- Build files have been written to: /home/tikhon/Документы/magnolia/applets/zig/zighello/build
Applet zdd OK -> /home/tikhon/Документы/magnolia/rootfs/bin/zdd
Applet zhexdump OK -> /home/tikhon/Документы/magnolia/rootfs/bin/zhexdump
Applet zigdemo OK -> /home/tikhon/Документы/magnolia/rootfs/bin/zigdemo
Executing action: all (aliases: build)
Running ninja in directory /home/tikhon/Документы/magnolia/applets/rust/edit/build
Executing "ninja all"...
[0/2] Re-checking globbed directories...
[0/4] Re-checking globbed directories...
Command failed (2): idf.py elf
Elf target failed for rxxd; running `idf.py build` instead.
+ idf.py build
[1/10] Performing build step for 'bootloader'
[1/1] cd /home/tikhon/Документы/magnolia/applets/rust/edit/build/bootloader && /home/tikhon/.espressif/python_env/idf6.0_py3.12_env/bin/python /home/tikhon/Документы/magnolia/esp-idf/components/partition_table/check_sizes.py --offset 0x8000 bootloader 0x0 /home/tikhon/Документы/magnolia/applets/rust/edit/build/bootloader/bootloader.bin
Bootloader binary size 0x5320 bytes. 0x2ce0 bytes (35%) free.
[2/10] No install step for 'bootloader'
-- Project sdkconfig file /home/tikhon/Документы/magnolia/applets/zig/zigtest/sdkconfig
[1/6] Building C object esp-idf/esp_app_format/CMakeFiles/__idf_esp_app_format.dir/esp_app_desc.c.obj
[3/10] Completed 'bootloader'
[2/6] Linking C static library esp-idf/esp_app_format/libesp_app_format.a
[3/6] Build ELF: zighello.app.elf
Executing action: all (aliases: build)
Running ninja in directory /home/tikhon/Документы/magnolia/applets/rust/rdd/build
Executing "ninja all"...
[0/2] Re-checking globbed directories...
[4/10] Build Rust staticlib: /home/tikhon/Документы/magnolia/applets/rust/edit/build/libedit.a
Executing action: all (aliases: build)
Running ninja in directory /home/tikhon/Документы/magnolia/applets/rust/rhexdump/build
Executing "ninja all"...
[0/2] Re-checking globbed directories...
FAILED: libedit.a /home/tikhon/Документы/magnolia/applets/rust/edit/build/libedit.a 
cd /home/tikhon/Документы/magnolia/applets/rust/edit/build && /usr/bin/cmake -E env CARGO_TARGET_DIR=/home/tikhon/Документы/magnolia/applets/rust/edit/build/rust_target bash -lc "set -euo pipefail;                  if [ -n \"/home/tikhon/export-esp.sh\" ] && [ -f \"/home/tikhon/export-esp.sh\" ]; then . \"/home/tikhon/export-esp.sh\" >/dev/null 2>&1; fi;                  RUSTFLAGS='-C panic=abort' cargo +esp build  --locked                    -Zbuild-std=core,alloc,compiler_builtins -Zbuild-std-features=compiler-builtins-mem                    --manifest-path '/home/tikhon/Документы/magnolia/applets/rust/edit/rust/Cargo.toml' --release --target 'xtensa-esp32s3-none-elf'" && /usr/bin/cmake -E copy_if_different /home/tikhon/Документы/magnolia/applets/rust/edit/build/rust_target/xtensa-esp32s3-none-elf/release/libedit.a /home/tikhon/Документы/magnolia/applets/rust/edit/build/libedit.a && bash -lc "set -euo pipefail;                  tmp='/home/tikhon/Документы/magnolia/applets/rust/edit/build/rust_fixup_edit';                  rm -rf \"\$tmp\"; mkdir -p \"\$tmp\";                  cd \"\$tmp\";                  '/home/tikhon/.espressif/tools/xtensa-esp-elf/esp-15.1.0_20250607/xtensa-esp-elf/bin/xtensa-esp32s3-elf-ar' x '/home/tikhon/Документы/magnolia/applets/rust/edit/build/libedit.a';                  for obj in *.o; do                    [ -f \"\$obj\" ] || continue;                    for sec in \$(LC_ALL=C readelf -S -W \"\$obj\" | sed -n 's/^[[:space:]]*\\[[[:space:]]*[0-9]\\+\\][[:space:]]\\+\\([^ ]\\+\\).*/\\1/p'); do                      case \"\$sec\" in                        .literal*|.rodata*) '/home/tikhon/.espressif/tools/xtensa-esp-elf/esp-15.1.0_20250607/xtensa-esp-elf/bin/xtensa-esp32s3-elf-objcopy' --set-section-flags \"\$sec\"=alloc,load,contents,data \"\$obj\" || true ;;                      esac;                    done;                  done;                  '/home/tikhon/.espressif/tools/xtensa-esp-elf/esp-15.1.0_20250607/xtensa-esp-elf/bin/xtensa-esp32s3-elf-ar' rcs '/home/tikhon/Документы/magnolia/applets/rust/edit/build/libedit.a' *.o"
   Compiling magnolia-applet v0.1.0 (/home/tikhon/Документы/magnolia/sdk/rust/magnolia-applet)
error[E0277]: the trait bound `magnolia_net_iface_name_t: Clone` is not satisfied
    --> /home/tikhon/Документы/magnolia/sdk/rust/magnolia-applet/src/net.rs:87:14
     |
  87 |         vec![unsafe { mem::zeroed() }; count as usize];
     |         -----^^^^^^^^^-------------^^-----------------
     |         |    |        |
     |         |    |        this tail expression is of type `magnolia_net_iface_name_t`
     |         |    the trait `Clone` is not implemented for `magnolia_net_iface_name_t`
     |         required by a bound introduced by this call
     |
note: required by a bound in `from_elem`
    --> /home/tikhon/.rustup/toolchains/esp/lib/rustlib/src/rust/library/alloc/src/vec/mod.rs:3414:21
     |
3414 | pub fn from_elem<T: Clone>(elem: T, n: usize) -> Vec<T> {
     |                     ^^^^^ required by this bound in `from_elem`

error[E0277]: the trait bound `magnolia_net_socket_summary_t: Clone` is not satisfied
    --> /home/tikhon/Документы/magnolia/sdk/rust/magnolia-applet/src/net.rs:227:14
     |
 227 |         vec![unsafe { mem::zeroed() }; count as usize];
     |         -----^^^^^^^^^-------------^^-----------------
     |         |    |        |
     |         |    |        this tail expression is of type `magnolia_net_socket_summary_t`
     |         |    the trait `Clone` is not implemented for `magnolia_net_socket_summary_t`
     |         required by a bound introduced by this call
     |
note: required by a bound in `from_elem`
    --> /home/tikhon/.rustup/toolchains/esp/lib/rustlib/src/rust/library/alloc/src/vec/mod.rs:3414:21
     |
3414 | pub fn from_elem<T: Clone>(elem: T, n: usize) -> Vec<T> {
     |                     ^^^^^ required by this bound in `from_elem`

error[E0308]: mismatched types
   --> /home/tikhon/Документы/magnolia/sdk/rust/magnolia-applet/src/sysctl.rs:33:56
    |
 33 |     let rc = unsafe { sys::m_sysctl_get(ckey.as_ptr(), buf.as_mut_ptr(), buf.len()) };
    |                       -----------------                ^^^^^^^^^^^^^^^^ expected `*mut u8`, found `*mut i8`
    |                       |
    |                       arguments to this function are incorrect
    |
    = note: expected raw pointer `*mut u8`
               found raw pointer `*mut i8`
note: function defined here
   --> /home/tikhon/Документы/magnolia/sdk/rust/magnolia-applet-sys/src/lib.rs:216:12
    |
216 |     pub fn m_sysctl_get(key: *const c_char, out_value: *mut c_char, value_size: size_t) -> c_int;
    |            ^^^^^^^^^^^^

error[E0308]: mismatched types
   --> /home/tikhon/Документы/magnolia/sdk/rust/magnolia-applet/src/sysctl.rs:35:41
    |
 35 |     let value = unsafe { CStr::from_ptr(buf.as_ptr()) };
    |                          -------------- ^^^^^^^^^^^^ expected `*const u8`, found `*const i8`
    |                          |
    |                          arguments to this function are incorrect
    |
    = note: expected raw pointer `*const u8`
               found raw pointer `*const i8`
note: associated function defined here
   --> /home/tikhon/.rustup/toolchains/esp/lib/rustlib/src/rust/library/core/src/ffi/c_str.rs:255:25
    |
255 |     pub const unsafe fn from_ptr<'a>(ptr: *const c_char) -> &'a CStr {
    |                         ^^^^^^^^

Some errors have detailed explanations: E0277, E0308.
For more information about an error, try `rustc --explain E0277`.
error: could not compile `magnolia-applet` (lib) due to 4 previous errors
Applet zighello OK -> /home/tikhon/Документы/magnolia/rootfs/bin/zighello
[1/10] Performing build step for 'bootloader'
[1/1] cd /home/tikhon/Документы/magnolia/applets/rust/rdd/build/bootloader && /home/tikhon/.espressif/python_env/idf6.0_py3.12_env/bin/python /home/tikhon/Документы/magnolia/esp-idf/components/partition_table/check_sizes.py --offset 0x8000 bootloader 0x0 /home/tikhon/Документы/magnolia/applets/rust/rdd/build/bootloader/bootloader.bin
Bootloader binary size 0x5320 bytes. 0x2ce0 bytes (35%) free.
[2/10] No install step for 'bootloader'
[1/10] Performing build step for 'bootloader'
[1/1] cd /home/tikhon/Документы/magnolia/applets/rust/rhexdump/build/bootloader && /home/tikhon/.espressif/python_env/idf6.0_py3.12_env/bin/python /home/tikhon/Документы/magnolia/esp-idf/components/partition_table/check_sizes.py --offset 0x8000 bootloader 0x0 /home/tikhon/Документы/magnolia/applets/rust/rhexdump/build/bootloader/bootloader.bin
Bootloader binary size 0x5320 bytes. 0x2ce0 bytes (35%) free.
[3/10] Completed 'bootloader'
[2/10] No install step for 'bootloader'
Executing action: all (aliases: build)
Running ninja in directory /home/tikhon/Документы/magnolia/applets/rust/rselftest/build
Executing "ninja all"...
[0/2] Re-checking globbed directories...
[3/10] Completed 'bootloader'
[1/10] Performing build step for 'bootloader'
[1/1] cd /home/tikhon/Документы/magnolia/applets/rust/rselftest/build/bootloader && /home/tikhon/.espressif/python_env/idf6.0_py3.12_env/bin/python /home/tikhon/Документы/magnolia/esp-idf/components/partition_table/check_sizes.py --offset 0x8000 bootloader 0x0 /home/tikhon/Документы/magnolia/applets/rust/rselftest/build/bootloader/bootloader.bin
Bootloader binary size 0x5320 bytes. 0x2ce0 bytes (35%) free.
[2/10] No install step for 'bootloader'
[3/10] Completed 'bootloader'
-- Minimal build - OFF
[4/10] Build Rust staticlib: /home/tikhon/Документы/magnolia/applets/rust/rdd/build/libdd.a
FAILED: libdd.a /home/tikhon/Документы/magnolia/applets/rust/rdd/build/libdd.a 
cd /home/tikhon/Документы/magnolia/applets/rust/rdd/build && /usr/bin/cmake -E env CARGO_TARGET_DIR=/home/tikhon/Документы/magnolia/applets/rust/rdd/build/rust_target bash -lc "set -euo pipefail;                  if [ -n \"/home/tikhon/export-esp.sh\" ] && [ -f \"/home/tikhon/export-esp.sh\" ]; then . \"/home/tikhon/export-esp.sh\" >/dev/null 2>&1; fi;                  RUSTFLAGS='-C panic=abort' cargo +esp build  --locked                    -Zbuild-std=core,alloc,compiler_builtins -Zbuild-std-features=compiler-builtins-mem                    --manifest-path '/home/tikhon/Документы/magnolia/applets/rust/rdd/rust/Cargo.toml' --release --target 'xtensa-esp32s3-none-elf'" && /usr/bin/cmake -E copy_if_different /home/tikhon/Документы/magnolia/applets/rust/rdd/build/rust_target/xtensa-esp32s3-none-elf/release/libdd.a /home/tikhon/Документы/magnolia/applets/rust/rdd/build/libdd.a && bash -lc "set -euo pipefail;                  tmp='/home/tikhon/Документы/magnolia/applets/rust/rdd/build/rust_fixup_dd';                  rm -rf \"\$tmp\"; mkdir -p \"\$tmp\";                  cd \"\$tmp\";                  '/home/tikhon/.espressif/tools/xtensa-esp-elf/esp-15.1.0_20250607/xtensa-esp-elf/bin/xtensa-esp32s3-elf-ar' x '/home/tikhon/Документы/magnolia/applets/rust/rdd/build/libdd.a';                  for obj in *.o; do                    [ -f \"\$obj\" ] || continue;                    for sec in \$(LC_ALL=C readelf -S -W \"\$obj\" | sed -n 's/^[[:space:]]*\\[[[:space:]]*[0-9]\\+\\][[:space:]]\\+\\([^ ]\\+\\).*/\\1/p'); do                      case \"\$sec\" in                        .literal*|.rodata*) '/home/tikhon/.espressif/tools/xtensa-esp-elf/esp-15.1.0_20250607/xtensa-esp-elf/bin/xtensa-esp32s3-elf-objcopy' --set-section-flags \"\$sec\"=alloc,load,contents,data \"\$obj\" || true ;;                      esac;                    done;                  done;                  '/home/tikhon/.espressif/tools/xtensa-esp-elf/esp-15.1.0_20250607/xtensa-esp-elf/bin/xtensa-esp32s3-elf-ar' rcs '/home/tikhon/Документы/magnolia/applets/rust/rdd/build/libdd.a' *.o"
   Compiling magnolia-applet v0.1.0 (/home/tikhon/Документы/magnolia/sdk/rust/magnolia-applet)
error[E0277]: the trait bound `magnolia_net_iface_name_t: Clone` is not satisfied
    --> /home/tikhon/Документы/magnolia/sdk/rust/magnolia-applet/src/net.rs:87:14
     |
  87 |         vec![unsafe { mem::zeroed() }; count as usize];
     |         -----^^^^^^^^^-------------^^-----------------
     |         |    |        |
     |         |    |        this tail expression is of type `magnolia_net_iface_name_t`
     |         |    the trait `Clone` is not implemented for `magnolia_net_iface_name_t`
     |         required by a bound introduced by this call
     |
note: required by a bound in `from_elem`
    --> /home/tikhon/.rustup/toolchains/esp/lib/rustlib/src/rust/library/alloc/src/vec/mod.rs:3414:21
     |
3414 | pub fn from_elem<T: Clone>(elem: T, n: usize) -> Vec<T> {
     |                     ^^^^^ required by this bound in `from_elem`

error[E0277]: the trait bound `magnolia_net_socket_summary_t: Clone` is not satisfied
    --> /home/tikhon/Документы/magnolia/sdk/rust/magnolia-applet/src/net.rs:227:14
     |
 227 |         vec![unsafe { mem::zeroed() }; count as usize];
     |         -----^^^^^^^^^-------------^^-----------------
     |         |    |        |
     |         |    |        this tail expression is of type `magnolia_net_socket_summary_t`
     |         |    the trait `Clone` is not implemented for `magnolia_net_socket_summary_t`
     |         required by a bound introduced by this call
     |
note: required by a bound in `from_elem`
    --> /home/tikhon/.rustup/toolchains/esp/lib/rustlib/src/rust/library/alloc/src/vec/mod.rs:3414:21
     |
3414 | pub fn from_elem<T: Clone>(elem: T, n: usize) -> Vec<T> {
     |                     ^^^^^ required by this bound in `from_elem`

error[E0308]: mismatched types
   --> /home/tikhon/Документы/magnolia/sdk/rust/magnolia-applet/src/sysctl.rs:33:56
    |
 33 |     let rc = unsafe { sys::m_sysctl_get(ckey.as_ptr(), buf.as_mut_ptr(), buf.len()) };
    |                       -----------------                ^^^^^^^^^^^^^^^^ expected `*mut u8`, found `*mut i8`
    |                       |
    |                       arguments to this function are incorrect
    |
    = note: expected raw pointer `*mut u8`
               found raw pointer `*mut i8`
note: function defined here
   --> /home/tikhon/Документы/magnolia/sdk/rust/magnolia-applet-sys/src/lib.rs:216:12
    |
216 |     pub fn m_sysctl_get(key: *const c_char, out_value: *mut c_char, value_size: size_t) -> c_int;
    |            ^^^^^^^^^^^^

error[E0308]: mismatched types
   --> /home/tikhon/Документы/magnolia/sdk/rust/magnolia-applet/src/sysctl.rs:35:41
    |
 35 |     let value = unsafe { CStr::from_ptr(buf.as_ptr()) };
    |                          -------------- ^^^^^^^^^^^^ expected `*const u8`, found `*const i8`
    |                          |
    |                          arguments to this function are incorrect
    |
    = note: expected raw pointer `*const u8`
               found raw pointer `*const i8`
note: associated function defined here
   --> /home/tikhon/.rustup/toolchains/esp/lib/rustlib/src/rust/library/core/src/ffi/c_str.rs:255:25
    |
255 |     pub const unsafe fn from_ptr<'a>(ptr: *const c_char) -> &'a CStr {
    |                         ^^^^^^^^

Some errors have detailed explanations: E0277, E0308.
For more information about an error, try `rustc --explain E0277`.
error: could not compile `magnolia-applet` (lib) due to 4 previous errors
[4/10] Build Rust staticlib: /home/tikhon/Документы/magnolia/applets/rust/rhexdump/build/libhexdump.a
FAILED: libhexdump.a /home/tikhon/Документы/magnolia/applets/rust/rhexdump/build/libhexdump.a 
cd /home/tikhon/Документы/magnolia/applets/rust/rhexdump/build && /usr/bin/cmake -E env CARGO_TARGET_DIR=/home/tikhon/Документы/magnolia/applets/rust/rhexdump/build/rust_target bash -lc "set -euo pipefail;                  if [ -n \"/home/tikhon/export-esp.sh\" ] && [ -f \"/home/tikhon/export-esp.sh\" ]; then . \"/home/tikhon/export-esp.sh\" >/dev/null 2>&1; fi;                  RUSTFLAGS='-C panic=abort' cargo +esp build  --locked                    -Zbuild-std=core,alloc,compiler_builtins -Zbuild-std-features=compiler-builtins-mem                    --manifest-path '/home/tikhon/Документы/magnolia/applets/rust/rhexdump/rust/Cargo.toml' --release --target 'xtensa-esp32s3-none-elf'" && /usr/bin/cmake -E copy_if_different /home/tikhon/Документы/magnolia/applets/rust/rhexdump/build/rust_target/xtensa-esp32s3-none-elf/release/libhexdump.a /home/tikhon/Документы/magnolia/applets/rust/rhexdump/build/libhexdump.a && bash -lc "set -euo pipefail;                  tmp='/home/tikhon/Документы/magnolia/applets/rust/rhexdump/build/rust_fixup_hexdump';                  rm -rf \"\$tmp\"; mkdir -p \"\$tmp\";                  cd \"\$tmp\";                  '/home/tikhon/.espressif/tools/xtensa-esp-elf/esp-15.1.0_20250607/xtensa-esp-elf/bin/xtensa-esp32s3-elf-ar' x '/home/tikhon/Документы/magnolia/applets/rust/rhexdump/build/libhexdump.a';                  for obj in *.o; do                    [ -f \"\$obj\" ] || continue;                    for sec in \$(LC_ALL=C readelf -S -W \"\$obj\" | sed -n 's/^[[:space:]]*\\[[[:space:]]*[0-9]\\+\\][[:space:]]\\+\\([^ ]\\+\\).*/\\1/p'); do                      case \"\$sec\" in                        .literal*|.rodata*) '/home/tikhon/.espressif/tools/xtensa-esp-elf/esp-15.1.0_20250607/xtensa-esp-elf/bin/xtensa-esp32s3-elf-objcopy' --set-section-flags \"\$sec\"=alloc,load,contents,data \"\$obj\" || true ;;                      esac;                    done;                  done;                  '/home/tikhon/.espressif/tools/xtensa-esp-elf/esp-15.1.0_20250607/xtensa-esp-elf/bin/xtensa-esp32s3-elf-ar' rcs '/home/tikhon/Документы/magnolia/applets/rust/rhexdump/build/libhexdump.a' *.o"
   Compiling magnolia-applet v0.1.0 (/home/tikhon/Документы/magnolia/sdk/rust/magnolia-applet)
error[E0277]: the trait bound `magnolia_net_iface_name_t: Clone` is not satisfied
    --> /home/tikhon/Документы/magnolia/sdk/rust/magnolia-applet/src/net.rs:87:14
     |
  87 |         vec![unsafe { mem::zeroed() }; count as usize];
     |         -----^^^^^^^^^-------------^^-----------------
     |         |    |        |
     |         |    |        this tail expression is of type `magnolia_net_iface_name_t`
     |         |    the trait `Clone` is not implemented for `magnolia_net_iface_name_t`
     |         required by a bound introduced by this call
     |
note: required by a bound in `from_elem`
    --> /home/tikhon/.rustup/toolchains/esp/lib/rustlib/src/rust/library/alloc/src/vec/mod.rs:3414:21
     |
3414 | pub fn from_elem<T: Clone>(elem: T, n: usize) -> Vec<T> {
     |                     ^^^^^ required by this bound in `from_elem`

error[E0277]: the trait bound `magnolia_net_socket_summary_t: Clone` is not satisfied
    --> /home/tikhon/Документы/magnolia/sdk/rust/magnolia-applet/src/net.rs:227:14
     |
 227 |         vec![unsafe { mem::zeroed() }; count as usize];
     |         -----^^^^^^^^^-------------^^-----------------
     |         |    |        |
     |         |    |        this tail expression is of type `magnolia_net_socket_summary_t`
     |         |    the trait `Clone` is not implemented for `magnolia_net_socket_summary_t`
     |         required by a bound introduced by this call
     |
note: required by a bound in `from_elem`
    --> /home/tikhon/.rustup/toolchains/esp/lib/rustlib/src/rust/library/alloc/src/vec/mod.rs:3414:21
     |
3414 | pub fn from_elem<T: Clone>(elem: T, n: usize) -> Vec<T> {
     |                     ^^^^^ required by this bound in `from_elem`

error[E0308]: mismatched types
   --> /home/tikhon/Документы/magnolia/sdk/rust/magnolia-applet/src/sysctl.rs:33:56
    |
 33 |     let rc = unsafe { sys::m_sysctl_get(ckey.as_ptr(), buf.as_mut_ptr(), buf.len()) };
    |                       -----------------                ^^^^^^^^^^^^^^^^ expected `*mut u8`, found `*mut i8`
    |                       |
    |                       arguments to this function are incorrect
    |
    = note: expected raw pointer `*mut u8`
               found raw pointer `*mut i8`
note: function defined here
   --> /home/tikhon/Документы/magnolia/sdk/rust/magnolia-applet-sys/src/lib.rs:216:12
    |
216 |     pub fn m_sysctl_get(key: *const c_char, out_value: *mut c_char, value_size: size_t) -> c_int;
    |            ^^^^^^^^^^^^

error[E0308]: mismatched types
   --> /home/tikhon/Документы/magnolia/sdk/rust/magnolia-applet/src/sysctl.rs:35:41
    |
 35 |     let value = unsafe { CStr::from_ptr(buf.as_ptr()) };
    |                          -------------- ^^^^^^^^^^^^ expected `*const u8`, found `*const i8`
    |                          |
    |                          arguments to this function are incorrect
    |
    = note: expected raw pointer `*const u8`
               found raw pointer `*const i8`
note: associated function defined here
   --> /home/tikhon/.rustup/toolchains/esp/lib/rustlib/src/rust/library/core/src/ffi/c_str.rs:255:25
    |
255 |     pub const unsafe fn from_ptr<'a>(ptr: *const c_char) -> &'a CStr {
    |                         ^^^^^^^^

Some errors have detailed explanations: E0277, E0308.
For more information about an error, try `rustc --explain E0277`.
error: could not compile `magnolia-applet` (lib) due to 4 previous errors
-- Building ESP-IDF components for target esp32s3
[4/10] Build Rust staticlib: /home/tikhon/Документы/magnolia/applets/rust/rselftest/build/librselftest.a
FAILED: librselftest.a /home/tikhon/Документы/magnolia/applets/rust/rselftest/build/librselftest.a 
cd /home/tikhon/Документы/magnolia/applets/rust/rselftest/build && /usr/bin/cmake -E env CARGO_TARGET_DIR=/home/tikhon/Документы/magnolia/applets/rust/rselftest/build/rust_target bash -lc "set -euo pipefail;                  if [ -n \"/home/tikhon/export-esp.sh\" ] && [ -f \"/home/tikhon/export-esp.sh\" ]; then . \"/home/tikhon/export-esp.sh\" >/dev/null 2>&1; fi;                  RUSTFLAGS='-C panic=abort' cargo +esp build  --locked                    -Zbuild-std=core,alloc,compiler_builtins -Zbuild-std-features=compiler-builtins-mem                    --manifest-path '/home/tikhon/Документы/magnolia/applets/rust/rselftest/rust/Cargo.toml' --release --target 'xtensa-esp32s3-none-elf'" && /usr/bin/cmake -E copy_if_different /home/tikhon/Документы/magnolia/applets/rust/rselftest/build/rust_target/xtensa-esp32s3-none-elf/release/librselftest.a /home/tikhon/Документы/magnolia/applets/rust/rselftest/build/librselftest.a && bash -lc "set -euo pipefail;                  tmp='/home/tikhon/Документы/magnolia/applets/rust/rselftest/build/rust_fixup_rselftest';                  rm -rf \"\$tmp\"; mkdir -p \"\$tmp\";                  cd \"\$tmp\";                  '/home/tikhon/.espressif/tools/xtensa-esp-elf/esp-15.1.0_20250607/xtensa-esp-elf/bin/xtensa-esp32s3-elf-ar' x '/home/tikhon/Документы/magnolia/applets/rust/rselftest/build/librselftest.a';                  for obj in *.o; do                    [ -f \"\$obj\" ] || continue;                    for sec in \$(LC_ALL=C readelf -S -W \"\$obj\" | sed -n 's/^[[:space:]]*\\[[[:space:]]*[0-9]\\+\\][[:space:]]\\+\\([^ ]\\+\\).*/\\1/p'); do                      case \"\$sec\" in                        .literal*|.rodata*) '/home/tikhon/.espressif/tools/xtensa-esp-elf/esp-15.1.0_20250607/xtensa-esp-elf/bin/xtensa-esp32s3-elf-objcopy' --set-section-flags \"\$sec\"=alloc,load,contents,data \"\$obj\" || true ;;                      esac;                    done;                  done;                  '/home/tikhon/.espressif/tools/xtensa-esp-elf/esp-15.1.0_20250607/xtensa-esp-elf/bin/xtensa-esp32s3-elf-ar' rcs '/home/tikhon/Документы/magnolia/applets/rust/rselftest/build/librselftest.a' *.o"
   Compiling magnolia-applet v0.1.0 (/home/tikhon/Документы/magnolia/sdk/rust/magnolia-applet)
error[E0277]: the trait bound `magnolia_net_iface_name_t: Clone` is not satisfied
    --> /home/tikhon/Документы/magnolia/sdk/rust/magnolia-applet/src/net.rs:87:14
     |
  87 |         vec![unsafe { mem::zeroed() }; count as usize];
     |         -----^^^^^^^^^-------------^^-----------------
     |         |    |        |
     |         |    |        this tail expression is of type `magnolia_net_iface_name_t`
     |         |    the trait `Clone` is not implemented for `magnolia_net_iface_name_t`
     |         required by a bound introduced by this call
     |
note: required by a bound in `from_elem`
    --> /home/tikhon/.rustup/toolchains/esp/lib/rustlib/src/rust/library/alloc/src/vec/mod.rs:3414:21
     |
3414 | pub fn from_elem<T: Clone>(elem: T, n: usize) -> Vec<T> {
     |                     ^^^^^ required by this bound in `from_elem`

error[E0277]: the trait bound `magnolia_net_socket_summary_t: Clone` is not satisfied
    --> /home/tikhon/Документы/magnolia/sdk/rust/magnolia-applet/src/net.rs:227:14
     |
 227 |         vec![unsafe { mem::zeroed() }; count as usize];
     |         -----^^^^^^^^^-------------^^-----------------
     |         |    |        |
     |         |    |        this tail expression is of type `magnolia_net_socket_summary_t`
     |         |    the trait `Clone` is not implemented for `magnolia_net_socket_summary_t`
     |         required by a bound introduced by this call
     |
note: required by a bound in `from_elem`
    --> /home/tikhon/.rustup/toolchains/esp/lib/rustlib/src/rust/library/alloc/src/vec/mod.rs:3414:21
     |
3414 | pub fn from_elem<T: Clone>(elem: T, n: usize) -> Vec<T> {
     |                     ^^^^^ required by this bound in `from_elem`

error[E0308]: mismatched types
   --> /home/tikhon/Документы/magnolia/sdk/rust/magnolia-applet/src/sysctl.rs:33:56
    |
 33 |     let rc = unsafe { sys::m_sysctl_get(ckey.as_ptr(), buf.as_mut_ptr(), buf.len()) };
    |                       -----------------                ^^^^^^^^^^^^^^^^ expected `*mut u8`, found `*mut i8`
    |                       |
    |                       arguments to this function are incorrect
    |
    = note: expected raw pointer `*mut u8`
               found raw pointer `*mut i8`
note: function defined here
   --> /home/tikhon/Документы/magnolia/sdk/rust/magnolia-applet-sys/src/lib.rs:216:12
    |
216 |     pub fn m_sysctl_get(key: *const c_char, out_value: *mut c_char, value_size: size_t) -> c_int;
    |            ^^^^^^^^^^^^

error[E0308]: mismatched types
   --> /home/tikhon/Документы/magnolia/sdk/rust/magnolia-applet/src/sysctl.rs:35:41
    |
 35 |     let value = unsafe { CStr::from_ptr(buf.as_ptr()) };
    |                          -------------- ^^^^^^^^^^^^ expected `*const u8`, found `*const i8`
    |                          |
    |                          arguments to this function are incorrect
    |
    = note: expected raw pointer `*const u8`
               found raw pointer `*const i8`
note: associated function defined here
   --> /home/tikhon/.rustup/toolchains/esp/lib/rustlib/src/rust/library/core/src/ffi/c_str.rs:255:25
    |
255 |     pub const unsafe fn from_ptr<'a>(ptr: *const c_char) -> &'a CStr {
    |                         ^^^^^^^^

Some errors have detailed explanations: E0277, E0308.
For more information about an error, try `rustc --explain E0277`.
error: could not compile `magnolia-applet` (lib) due to 4 previous errors
-- Compiler supported targets: xtensa-esp-elf
Executing action: all (aliases: build)
Running ninja in directory /home/tikhon/Документы/magnolia/applets/rust/rusthello/build
Executing "ninja all"...
[0/2] Re-checking globbed directories...
[1/10] Performing build step for 'bootloader'
[1/1] cd /home/tikhon/Документы/magnolia/applets/rust/rusthello/build/bootloader && /home/tikhon/.espressif/python_env/idf6.0_py3.12_env/bin/python /home/tikhon/Документы/magnolia/esp-idf/components/partition_table/check_sizes.py --offset 0x8000 bootloader 0x0 /home/tikhon/Документы/magnolia/applets/rust/rusthello/build/bootloader/bootloader.bin
Bootloader binary size 0x5320 bytes. 0x2ce0 bytes (35%) free.
[2/10] No install step for 'bootloader'
[3/10] Completed 'bootloader'
-- App "zigtest" version: fce3dc6-dirty
Executing action: all (aliases: build)
Running ninja in directory /home/tikhon/Документы/magnolia/applets/rust/rxxd/build
Executing "ninja all"...
[0/2] Re-checking globbed directories...
[1/10] Performing build step for 'bootloader'
[1/1] cd /home/tikhon/Документы/magnolia/applets/rust/rxxd/build/bootloader && /home/tikhon/.espressif/python_env/idf6.0_py3.12_env/bin/python /home/tikhon/Документы/magnolia/esp-idf/components/partition_table/check_sizes.py --offset 0x8000 bootloader 0x0 /home/tikhon/Документы/magnolia/applets/rust/rxxd/build/bootloader/bootloader.bin
Bootloader binary size 0x5320 bytes. 0x2ce0 bytes (35%) free.
[2/10] No install step for 'bootloader'
[3/10] Completed 'bootloader'
[4/10] Build Rust staticlib: /home/tikhon/Документы/magnolia/applets/rust/rusthello/build/librusthello.a
FAILED: librusthello.a /home/tikhon/Документы/magnolia/applets/rust/rusthello/build/librusthello.a 
cd /home/tikhon/Документы/magnolia/applets/rust/rusthello/build && /usr/bin/cmake -E env CARGO_TARGET_DIR=/home/tikhon/Документы/magnolia/applets/rust/rusthello/build/rust_target bash -lc "set -euo pipefail;                  if [ -n \"/home/tikhon/export-esp.sh\" ] && [ -f \"/home/tikhon/export-esp.sh\" ]; then . \"/home/tikhon/export-esp.sh\" >/dev/null 2>&1; fi;                  RUSTFLAGS='-C panic=abort' cargo +esp build  --locked                    -Zbuild-std=core,alloc,compiler_builtins -Zbuild-std-features=compiler-builtins-mem                    --manifest-path '/home/tikhon/Документы/magnolia/applets/rust/rusthello/rust/Cargo.toml' --release --target 'xtensa-esp32s3-none-elf'" && /usr/bin/cmake -E copy_if_different /home/tikhon/Документы/magnolia/applets/rust/rusthello/build/rust_target/xtensa-esp32s3-none-elf/release/librusthello.a /home/tikhon/Документы/magnolia/applets/rust/rusthello/build/librusthello.a && bash -lc "set -euo pipefail;                  tmp='/home/tikhon/Документы/magnolia/applets/rust/rusthello/build/rust_fixup_rusthello';                  rm -rf \"\$tmp\"; mkdir -p \"\$tmp\";                  cd \"\$tmp\";                  '/home/tikhon/.espressif/tools/xtensa-esp-elf/esp-15.1.0_20250607/xtensa-esp-elf/bin/xtensa-esp32s3-elf-ar' x '/home/tikhon/Документы/magnolia/applets/rust/rusthello/build/librusthello.a';                  for obj in *.o; do                    [ -f \"\$obj\" ] || continue;                    for sec in \$(LC_ALL=C readelf -S -W \"\$obj\" | sed -n 's/^[[:space:]]*\\[[[:space:]]*[0-9]\\+\\][[:space:]]\\+\\([^ ]\\+\\).*/\\1/p'); do                      case \"\$sec\" in                        .literal*|.rodata*) '/home/tikhon/.espressif/tools/xtensa-esp-elf/esp-15.1.0_20250607/xtensa-esp-elf/bin/xtensa-esp32s3-elf-objcopy' --set-section-flags \"\$sec\"=alloc,load,contents,data \"\$obj\" || true ;;                      esac;                    done;                  done;                  '/home/tikhon/.espressif/tools/xtensa-esp-elf/esp-15.1.0_20250607/xtensa-esp-elf/bin/xtensa-esp32s3-elf-ar' rcs '/home/tikhon/Документы/magnolia/applets/rust/rusthello/build/librusthello.a' *.o"
   Compiling magnolia-applet v0.1.0 (/home/tikhon/Документы/magnolia/sdk/rust/magnolia-applet)
error[E0277]: the trait bound `magnolia_net_iface_name_t: Clone` is not satisfied
    --> /home/tikhon/Документы/magnolia/sdk/rust/magnolia-applet/src/net.rs:87:14
     |
  87 |         vec![unsafe { mem::zeroed() }; count as usize];
     |         -----^^^^^^^^^-------------^^-----------------
     |         |    |        |
     |         |    |        this tail expression is of type `magnolia_net_iface_name_t`
     |         |    the trait `Clone` is not implemented for `magnolia_net_iface_name_t`
     |         required by a bound introduced by this call
     |
note: required by a bound in `from_elem`
    --> /home/tikhon/.rustup/toolchains/esp/lib/rustlib/src/rust/library/alloc/src/vec/mod.rs:3414:21
     |
3414 | pub fn from_elem<T: Clone>(elem: T, n: usize) -> Vec<T> {
     |                     ^^^^^ required by this bound in `from_elem`

error[E0277]: the trait bound `magnolia_net_socket_summary_t: Clone` is not satisfied
    --> /home/tikhon/Документы/magnolia/sdk/rust/magnolia-applet/src/net.rs:227:14
     |
 227 |         vec![unsafe { mem::zeroed() }; count as usize];
     |         -----^^^^^^^^^-------------^^-----------------
     |         |    |        |
     |         |    |        this tail expression is of type `magnolia_net_socket_summary_t`
     |         |    the trait `Clone` is not implemented for `magnolia_net_socket_summary_t`
     |         required by a bound introduced by this call
     |
note: required by a bound in `from_elem`
    --> /home/tikhon/.rustup/toolchains/esp/lib/rustlib/src/rust/library/alloc/src/vec/mod.rs:3414:21
     |
3414 | pub fn from_elem<T: Clone>(elem: T, n: usize) -> Vec<T> {
     |                     ^^^^^ required by this bound in `from_elem`

error[E0308]: mismatched types
   --> /home/tikhon/Документы/magnolia/sdk/rust/magnolia-applet/src/sysctl.rs:33:56
    |
 33 |     let rc = unsafe { sys::m_sysctl_get(ckey.as_ptr(), buf.as_mut_ptr(), buf.len()) };
    |                       -----------------                ^^^^^^^^^^^^^^^^ expected `*mut u8`, found `*mut i8`
    |                       |
    |                       arguments to this function are incorrect
    |
    = note: expected raw pointer `*mut u8`
               found raw pointer `*mut i8`
note: function defined here
   --> /home/tikhon/Документы/magnolia/sdk/rust/magnolia-applet-sys/src/lib.rs:216:12
    |
216 |     pub fn m_sysctl_get(key: *const c_char, out_value: *mut c_char, value_size: size_t) -> c_int;
    |            ^^^^^^^^^^^^

error[E0308]: mismatched types
   --> /home/tikhon/Документы/magnolia/sdk/rust/magnolia-applet/src/sysctl.rs:35:41
    |
 35 |     let value = unsafe { CStr::from_ptr(buf.as_ptr()) };
    |                          -------------- ^^^^^^^^^^^^ expected `*const u8`, found `*const i8`
    |                          |
    |                          arguments to this function are incorrect
    |
    = note: expected raw pointer `*const u8`
               found raw pointer `*const i8`
note: associated function defined here
   --> /home/tikhon/.rustup/toolchains/esp/lib/rustlib/src/rust/library/core/src/ffi/c_str.rs:255:25
    |
255 |     pub const unsafe fn from_ptr<'a>(ptr: *const c_char) -> &'a CStr {
    |                         ^^^^^^^^

Some errors have detailed explanations: E0277, E0308.
For more information about an error, try `rustc --explain E0277`.
error: could not compile `magnolia-applet` (lib) due to 4 previous errors
-- USING O3
-- Adding linker script /home/tikhon/Документы/magnolia/applets/zig/zigtest/build/esp-idf/esp_system/ld/memory.ld
-- Adding linker script /home/tikhon/Документы/magnolia/applets/zig/zigtest/build/esp-idf/esp_system/ld/sections.ld.in
-- Adding linker script /home/tikhon/Документы/magnolia/esp-idf/components/esp_rom/esp32s3/ld/esp32s3.rom.ld
-- Adding linker script /home/tikhon/Документы/magnolia/esp-idf/components/esp_rom/esp32s3/ld/esp32s3.rom.api.ld
-- Adding linker script /home/tikhon/Документы/magnolia/esp-idf/components/esp_rom/esp32s3/ld/esp32s3.rom.bt_funcs.ld
-- Adding linker script /home/tikhon/Документы/magnolia/esp-idf/components/esp_rom/esp32s3/ld/esp32s3.rom.libgcc.ld
-- Adding linker script /home/tikhon/Документы/magnolia/esp-idf/components/esp_rom/esp32s3/ld/esp32s3.rom.wdt.ld
-- Adding linker script /home/tikhon/Документы/magnolia/esp-idf/components/esp_rom/esp32s3/ld/esp32s3.rom.version.ld
-- Adding linker script /home/tikhon/Документы/magnolia/esp-idf/components/esp_rom/esp32s3/ld/esp32s3.rom.ble_master.ld
-- Adding linker script /home/tikhon/Документы/magnolia/esp-idf/components/esp_rom/esp32s3/ld/esp32s3.rom.ble_50.ld
-- Adding linker script /home/tikhon/Документы/magnolia/esp-idf/components/esp_rom/esp32s3/ld/esp32s3.rom.ble_smp.ld
-- Adding linker script /home/tikhon/Документы/magnolia/esp-idf/components/esp_rom/esp32s3/ld/esp32s3.rom.ble_dtm.ld
-- Adding linker script /home/tikhon/Документы/magnolia/esp-idf/components/esp_rom/esp32s3/ld/esp32s3.rom.ble_test.ld
-- Adding linker script /home/tikhon/Документы/magnolia/esp-idf/components/esp_rom/esp32s3/ld/esp32s3.rom.ble_scan.ld
-- Adding linker script /home/tikhon/Документы/magnolia/esp-idf/components/esp_rom/esp32s3/ld/esp32s3.rom.libc.ld
-- Adding linker script /home/tikhon/Документы/magnolia/esp-idf/components/esp_rom/esp32s3/ld/esp32s3.rom.newlib.ld
-- Adding linker script /home/tikhon/Документы/magnolia/esp-idf/components/soc/esp32s3/ld/esp32s3.peripherals.ld
[4/10] Build Rust staticlib: /home/tikhon/Документы/magnolia/applets/rust/rxxd/build/libxxd.a
FAILED: libxxd.a /home/tikhon/Документы/magnolia/applets/rust/rxxd/build/libxxd.a 
cd /home/tikhon/Документы/magnolia/applets/rust/rxxd/build && /usr/bin/cmake -E env CARGO_TARGET_DIR=/home/tikhon/Документы/magnolia/applets/rust/rxxd/build/rust_target bash -lc "set -euo pipefail;                  if [ -n \"/home/tikhon/export-esp.sh\" ] && [ -f \"/home/tikhon/export-esp.sh\" ]; then . \"/home/tikhon/export-esp.sh\" >/dev/null 2>&1; fi;                  RUSTFLAGS='-C panic=abort' cargo +esp build  --locked                    -Zbuild-std=core,alloc,compiler_builtins -Zbuild-std-features=compiler-builtins-mem                    --manifest-path '/home/tikhon/Документы/magnolia/applets/rust/rxxd/rust/Cargo.toml' --release --target 'xtensa-esp32s3-none-elf'" && /usr/bin/cmake -E copy_if_different /home/tikhon/Документы/magnolia/applets/rust/rxxd/build/rust_target/xtensa-esp32s3-none-elf/release/libxxd.a /home/tikhon/Документы/magnolia/applets/rust/rxxd/build/libxxd.a && bash -lc "set -euo pipefail;                  tmp='/home/tikhon/Документы/magnolia/applets/rust/rxxd/build/rust_fixup_xxd';                  rm -rf \"\$tmp\"; mkdir -p \"\$tmp\";                  cd \"\$tmp\";                  '/home/tikhon/.espressif/tools/xtensa-esp-elf/esp-15.1.0_20250607/xtensa-esp-elf/bin/xtensa-esp32s3-elf-ar' x '/home/tikhon/Документы/magnolia/applets/rust/rxxd/build/libxxd.a';                  for obj in *.o; do                    [ -f \"\$obj\" ] || continue;                    for sec in \$(LC_ALL=C readelf -S -W \"\$obj\" | sed -n 's/^[[:space:]]*\\[[[:space:]]*[0-9]\\+\\][[:space:]]\\+\\([^ ]\\+\\).*/\\1/p'); do                      case \"\$sec\" in                        .literal*|.rodata*) '/home/tikhon/.espressif/tools/xtensa-esp-elf/esp-15.1.0_20250607/xtensa-esp-elf/bin/xtensa-esp32s3-elf-objcopy' --set-section-flags \"\$sec\"=alloc,load,contents,data \"\$obj\" || true ;;                      esac;                    done;                  done;                  '/home/tikhon/.espressif/tools/xtensa-esp-elf/esp-15.1.0_20250607/xtensa-esp-elf/bin/xtensa-esp32s3-elf-ar' rcs '/home/tikhon/Документы/magnolia/applets/rust/rxxd/build/libxxd.a' *.o"
   Compiling magnolia-applet v0.1.0 (/home/tikhon/Документы/magnolia/sdk/rust/magnolia-applet)
error[E0277]: the trait bound `magnolia_net_iface_name_t: Clone` is not satisfied
    --> /home/tikhon/Документы/magnolia/sdk/rust/magnolia-applet/src/net.rs:87:14
     |
  87 |         vec![unsafe { mem::zeroed() }; count as usize];
     |         -----^^^^^^^^^-------------^^-----------------
     |         |    |        |
     |         |    |        this tail expression is of type `magnolia_net_iface_name_t`
     |         |    the trait `Clone` is not implemented for `magnolia_net_iface_name_t`
     |         required by a bound introduced by this call
     |
note: required by a bound in `from_elem`
    --> /home/tikhon/.rustup/toolchains/esp/lib/rustlib/src/rust/library/alloc/src/vec/mod.rs:3414:21
     |
3414 | pub fn from_elem<T: Clone>(elem: T, n: usize) -> Vec<T> {
     |                     ^^^^^ required by this bound in `from_elem`

error[E0277]: the trait bound `magnolia_net_socket_summary_t: Clone` is not satisfied
    --> /home/tikhon/Документы/magnolia/sdk/rust/magnolia-applet/src/net.rs:227:14
     |
 227 |         vec![unsafe { mem::zeroed() }; count as usize];
     |         -----^^^^^^^^^-------------^^-----------------
     |         |    |        |
     |         |    |        this tail expression is of type `magnolia_net_socket_summary_t`
     |         |    the trait `Clone` is not implemented for `magnolia_net_socket_summary_t`
     |         required by a bound introduced by this call
     |
note: required by a bound in `from_elem`
    --> /home/tikhon/.rustup/toolchains/esp/lib/rustlib/src/rust/library/alloc/src/vec/mod.rs:3414:21
     |
3414 | pub fn from_elem<T: Clone>(elem: T, n: usize) -> Vec<T> {
     |                     ^^^^^ required by this bound in `from_elem`

error[E0308]: mismatched types
   --> /home/tikhon/Документы/magnolia/sdk/rust/magnolia-applet/src/sysctl.rs:33:56
    |
 33 |     let rc = unsafe { sys::m_sysctl_get(ckey.as_ptr(), buf.as_mut_ptr(), buf.len()) };
    |                       -----------------                ^^^^^^^^^^^^^^^^ expected `*mut u8`, found `*mut i8`
    |                       |
    |                       arguments to this function are incorrect
    |
    = note: expected raw pointer `*mut u8`
               found raw pointer `*mut i8`
note: function defined here
   --> /home/tikhon/Документы/magnolia/sdk/rust/magnolia-applet-sys/src/lib.rs:216:12
    |
216 |     pub fn m_sysctl_get(key: *const c_char, out_value: *mut c_char, value_size: size_t) -> c_int;
    |            ^^^^^^^^^^^^

error[E0308]: mismatched types
   --> /home/tikhon/Документы/magnolia/sdk/rust/magnolia-applet/src/sysctl.rs:35:41
    |
 35 |     let value = unsafe { CStr::from_ptr(buf.as_ptr()) };
    |                          -------------- ^^^^^^^^^^^^ expected `*const u8`, found `*const i8`
    |                          |
    |                          arguments to this function are incorrect
    |
    = note: expected raw pointer `*const u8`
               found raw pointer `*const i8`
note: associated function defined here
   --> /home/tikhon/.rustup/toolchains/esp/lib/rustlib/src/rust/library/core/src/ffi/c_str.rs:255:25
    |
255 |     pub const unsafe fn from_ptr<'a>(ptr: *const c_char) -> &'a CStr {
    |                         ^^^^^^^^

Some errors have detailed explanations: E0277, E0308.
For more information about an error, try `rustc --explain E0277`.
error: could not compile `magnolia-applet` (lib) due to 4 previous errors
-- ELF_LOADER: 1.1.1
-- Components: app_trace app_update bootloader bootloader_support bt cmock console cxx driver efuse esp-tls esp_adc esp_app_format esp_bootloader_format esp_coex esp_common esp_driver_ana_cmpr esp_driver_bitscrambler esp_driver_cam esp_driver_dac esp_driver_gpio esp_driver_gptimer esp_driver_i2c esp_driver_i2s esp_driver_i3c esp_driver_isp esp_driver_jpeg esp_driver_ledc esp_driver_mcpwm esp_driver_parlio esp_driver_pcnt esp_driver_ppa esp_driver_rmt esp_driver_sd_intf esp_driver_sdio esp_driver_sdm esp_driver_sdmmc esp_driver_sdspi esp_driver_spi esp_driver_touch_sens esp_driver_tsens esp_driver_twai esp_driver_uart esp_driver_usb_serial_jtag esp_eth esp_event esp_gdbstub esp_hid esp_http_client esp_http_server esp_https_ota esp_https_server esp_hw_support esp_lcd esp_local_ctrl esp_mm esp_netif esp_netif_stack esp_partition esp_phy esp_pm esp_psram esp_ringbuf esp_rom esp_security esp_system esp_timer esp_vfs_console esp_wifi espcoredump espressif__cmake_utilities espressif__elf_loader esptool_py fatfs freertos hal heap http_parser idf_test ieee802154 json log lwip main mbedtls mqtt newlib nvs_flash nvs_sec_provider openthread partition_table perfmon protobuf-c protocomm pthread rt sdmmc soc spi_flash spiffs tcp_transport touch_element ulp unity usb vfs wear_levelling wifi_provisioning wpa_supplicant xtensa
-- Component paths: /home/tikhon/Документы/magnolia/esp-idf/components/app_trace /home/tikhon/Документы/magnolia/esp-idf/components/app_update /home/tikhon/Документы/magnolia/esp-idf/components/bootloader /home/tikhon/Документы/magnolia/esp-idf/components/bootloader_support /home/tikhon/Документы/magnolia/esp-idf/components/bt /home/tikhon/Документы/magnolia/esp-idf/components/cmock /home/tikhon/Документы/magnolia/esp-idf/components/console /home/tikhon/Документы/magnolia/esp-idf/components/cxx /home/tikhon/Документы/magnolia/esp-idf/components/driver /home/tikhon/Документы/magnolia/esp-idf/components/efuse /home/tikhon/Документы/magnolia/esp-idf/components/esp-tls /home/tikhon/Документы/magnolia/esp-idf/components/esp_adc /home/tikhon/Документы/magnolia/esp-idf/components/esp_app_format /home/tikhon/Документы/magnolia/esp-idf/components/esp_bootloader_format /home/tikhon/Документы/magnolia/esp-idf/components/esp_coex /home/tikhon/Документы/magnolia/esp-idf/components/esp_common /home/tikhon/Документы/magnolia/esp-idf/components/esp_driver_ana_cmpr /home/tikhon/Документы/magnolia/esp-idf/components/esp_driver_bitscrambler /home/tikhon/Документы/magnolia/esp-idf/components/esp_driver_cam /home/tikhon/Документы/magnolia/esp-idf/components/esp_driver_dac /home/tikhon/Документы/magnolia/esp-idf/components/esp_driver_gpio /home/tikhon/Документы/magnolia/esp-idf/components/esp_driver_gptimer /home/tikhon/Документы/magnolia/esp-idf/components/esp_driver_i2c /home/tikhon/Документы/magnolia/esp-idf/components/esp_driver_i2s /home/tikhon/Документы/magnolia/esp-idf/components/esp_driver_i3c /home/tikhon/Документы/magnolia/esp-idf/components/esp_driver_isp /home/tikhon/Документы/magnolia/esp-idf/components/esp_driver_jpeg /home/tikhon/Документы/magnolia/esp-idf/components/esp_driver_ledc /home/tikhon/Документы/magnolia/esp-idf/components/esp_driver_mcpwm /home/tikhon/Документы/magnolia/esp-idf/components/esp_driver_parlio /home/tikhon/Документы/magnolia/esp-idf/components/esp_driver_pcnt /home/tikhon/Документы/magnolia/esp-idf/components/esp_driver_ppa /home/tikhon/Документы/magnolia/esp-idf/components/esp_driver_rmt /home/tikhon/Документы/magnolia/esp-idf/components/esp_driver_sd_intf /home/tikhon/Документы/magnolia/esp-idf/components/esp_driver_sdio /home/tikhon/Документы/magnolia/esp-idf/components/esp_driver_sdm /home/tikhon/Документы/magnolia/esp-idf/components/esp_driver_sdmmc /home/tikhon/Документы/magnolia/esp-idf/components/esp_driver_sdspi /home/tikhon/Документы/magnolia/esp-idf/components/esp_driver_spi /home/tikhon/Документы/magnolia/esp-idf/components/esp_driver_touch_sens /home/tikhon/Документы/magnolia/esp-idf/components/esp_driver_tsens /home/tikhon/Документы/magnolia/esp-idf/components/esp_driver_twai /home/tikhon/Документы/magnolia/esp-idf/components/esp_driver_uart /home/tikhon/Документы/magnolia/esp-idf/components/esp_driver_usb_serial_jtag /home/tikhon/Документы/magnolia/esp-idf/components/esp_eth /home/tikhon/Документы/magnolia/esp-idf/components/esp_event /home/tikhon/Документы/magnolia/esp-idf/components/esp_gdbstub /home/tikhon/Документы/magnolia/esp-idf/components/esp_hid /home/tikhon/Документы/magnolia/esp-idf/components/esp_http_client /home/tikhon/Документы/magnolia/esp-idf/components/esp_http_server /home/tikhon/Документы/magnolia/esp-idf/components/esp_https_ota /home/tikhon/Документы/magnolia/esp-idf/components/esp_https_server /home/tikhon/Документы/magnolia/esp-idf/components/esp_hw_support /home/tikhon/Документы/magnolia/esp-idf/components/esp_lcd /home/tikhon/Документы/magnolia/esp-idf/components/esp_local_ctrl /home/tikhon/Документы/magnolia/esp-idf/components/esp_mm /home/tikhon/Документы/magnolia/esp-idf/components/esp_netif /home/tikhon/Документы/magnolia/esp-idf/components/esp_netif_stack /home/tikhon/Документы/magnolia/esp-idf/components/esp_partition /home/tikhon/Документы/magnolia/esp-idf/components/esp_phy /home/tikhon/Документы/magnolia/esp-idf/components/esp_pm /home/tikhon/Документы/magnolia/esp-idf/components/esp_psram /home/tikhon/Документы/magnolia/esp-idf/components/esp_ringbuf /home/tikhon/Документы/magnolia/esp-idf/components/esp_rom /home/tikhon/Документы/magnolia/esp-idf/components/esp_security /home/tikhon/Документы/magnolia/esp-idf/components/esp_system /home/tikhon/Документы/magnolia/esp-idf/components/esp_timer /home/tikhon/Документы/magnolia/esp-idf/components/esp_vfs_console /home/tikhon/Документы/magnolia/esp-idf/components/esp_wifi /home/tikhon/Документы/magnolia/esp-idf/components/espcoredump /home/tikhon/Документы/magnolia/applets/zig/zigtest/managed_components/espressif__cmake_utilities /home/tikhon/Документы/magnolia/applets/zig/zigtest/managed_components/espressif__elf_loader /home/tikhon/Документы/magnolia/esp-idf/components/esptool_py /home/tikhon/Документы/magnolia/esp-idf/components/fatfs /home/tikhon/Документы/magnolia/esp-idf/components/freertos /home/tikhon/Документы/magnolia/esp-idf/components/hal /home/tikhon/Документы/magnolia/esp-idf/components/heap /home/tikhon/Документы/magnolia/esp-idf/components/http_parser /home/tikhon/Документы/magnolia/esp-idf/components/idf_test /home/tikhon/Документы/magnolia/esp-idf/components/ieee802154 /home/tikhon/Документы/magnolia/esp-idf/components/json /home/tikhon/Документы/magnolia/esp-idf/components/log /home/tikhon/Документы/magnolia/esp-idf/components/lwip /home/tikhon/Документы/magnolia/applets/zig/zigtest/main /home/tikhon/Документы/magnolia/esp-idf/components/mbedtls /home/tikhon/Документы/magnolia/esp-idf/components/mqtt /home/tikhon/Документы/magnolia/esp-idf/components/newlib /home/tikhon/Документы/magnolia/esp-idf/components/nvs_flash /home/tikhon/Документы/magnolia/esp-idf/components/nvs_sec_provider /home/tikhon/Документы/magnolia/esp-idf/components/openthread /home/tikhon/Документы/magnolia/esp-idf/components/partition_table /home/tikhon/Документы/magnolia/esp-idf/components/perfmon /home/tikhon/Документы/magnolia/esp-idf/components/protobuf-c /home/tikhon/Документы/magnolia/esp-idf/components/protocomm /home/tikhon/Документы/magnolia/esp-idf/components/pthread /home/tikhon/Документы/magnolia/esp-idf/components/rt /home/tikhon/Документы/magnolia/esp-idf/components/sdmmc /home/tikhon/Документы/magnolia/esp-idf/components/soc /home/tikhon/Документы/magnolia/esp-idf/components/spi_flash /home/tikhon/Документы/magnolia/esp-idf/components/spiffs /home/tikhon/Документы/magnolia/esp-idf/components/tcp_transport /home/tikhon/Документы/magnolia/esp-idf/components/touch_element /home/tikhon/Документы/magnolia/esp-idf/components/ulp /home/tikhon/Документы/magnolia/esp-idf/components/unity /home/tikhon/Документы/magnolia/esp-idf/components/usb /home/tikhon/Документы/magnolia/esp-idf/components/vfs /home/tikhon/Документы/magnolia/esp-idf/components/wear_levelling /home/tikhon/Документы/magnolia/esp-idf/components/wifi_provisioning /home/tikhon/Документы/magnolia/esp-idf/components/wpa_supplicant /home/tikhon/Документы/magnolia/esp-idf/components/xtensa
-- Configuring done (3.9s)
-- Generating done (0.3s)
-- Build files have been written to: /home/tikhon/Документы/magnolia/applets/zig/zigtest/build
[0/4] Re-checking globbed directories...
[1/6] Building C object esp-idf/esp_app_format/CMakeFiles/__idf_esp_app_format.dir/esp_app_desc.c.obj
[2/6] Linking C static library esp-idf/esp_app_format/libesp_app_format.a
[3/6] Build ELF: zigtest.app.elf
/home/tikhon/.espressif/tools/xtensa-esp-elf/esp-15.1.0_20250607/xtensa-esp-elf/bin/../lib/gcc/xtensa-esp-elf/15.1.0/../../../../xtensa-esp-elf/bin/ld: warning: zigtest.app.elf has a LOAD segment with RWX permissions
Applet zigtest OK -> /home/tikhon/Документы/magnolia/rootfs/bin/zigtest
[5/10] Generating esp-idf/esp_system/ld/sections.ld
ninja: build stopped: subcommand failed.
[5/10] Generating esp-idf/esp_system/ld/sections.ld
ninja: build stopped: subcommand failed.
[5/10] Generating esp-idf/esp_system/ld/sections.ld
ninja: build stopped: subcommand failed.
Command failed (2): idf.py build
Skipping failed applet build: rdd
Command failed (2): idf.py build
Skipping failed applet build: edit
[5/10] Generating esp-idf/esp_system/ld/sections.ld
ninja: build stopped: subcommand failed.
Command failed (2): idf.py build
Skipping failed applet build: rhexdump
Command failed (2): idf.py build
Skipping failed applet build: rselftest
[5/10] Generating esp-idf/esp_system/ld/sections.ld
ninja: build stopped: subcommand failed.
Command failed (2): idf.py build
Skipping failed applet build: rusthello
[5/10] Generating esp-idf/esp_system/ld/sections.ld
ninja: build stopped: subcommand failed.
Command failed (2): idf.py build
Skipping failed applet build: rxxd
NOTICE: Processing 3 dependencies:
NOTICE: [1/3] espressif/cmake_utilities (0.5.3)
NOTICE: [2/3] espressif/elf_loader (1.1.1)
NOTICE: [3/3] idf (6.0.0)
-- ESP-TEE is currently supported only on the esp32c6;esp32h2;esp32c5 SoCs
-- Project sdkconfig file /home/tikhon/Документы/magnolia/applets/zig/zxxd/sdkconfig
-- Compiler supported targets: xtensa-esp-elf
-- App "xxd" version: fce3dc6-dirty
-- USING O3
-- Adding linker script /home/tikhon/Документы/magnolia/applets/zig/zxxd/build/esp-idf/esp_system/ld/memory.ld
-- Adding linker script /home/tikhon/Документы/magnolia/applets/zig/zxxd/build/esp-idf/esp_system/ld/sections.ld.in
-- Adding linker script /home/tikhon/Документы/magnolia/esp-idf/components/esp_rom/esp32s3/ld/esp32s3.rom.ld
-- Adding linker script /home/tikhon/Документы/magnolia/esp-idf/components/esp_rom/esp32s3/ld/esp32s3.rom.api.ld
-- Adding linker script /home/tikhon/Документы/magnolia/esp-idf/components/esp_rom/esp32s3/ld/esp32s3.rom.bt_funcs.ld
-- Adding linker script /home/tikhon/Документы/magnolia/esp-idf/components/esp_rom/esp32s3/ld/esp32s3.rom.libgcc.ld
-- Adding linker script /home/tikhon/Документы/magnolia/esp-idf/components/esp_rom/esp32s3/ld/esp32s3.rom.wdt.ld
-- Adding linker script /home/tikhon/Документы/magnolia/esp-idf/components/esp_rom/esp32s3/ld/esp32s3.rom.version.ld
-- Adding linker script /home/tikhon/Документы/magnolia/esp-idf/components/esp_rom/esp32s3/ld/esp32s3.rom.ble_master.ld
-- Adding linker script /home/tikhon/Документы/magnolia/esp-idf/components/esp_rom/esp32s3/ld/esp32s3.rom.ble_50.ld
-- Adding linker script /home/tikhon/Документы/magnolia/esp-idf/components/esp_rom/esp32s3/ld/esp32s3.rom.ble_smp.ld
-- Adding linker script /home/tikhon/Документы/magnolia/esp-idf/components/esp_rom/esp32s3/ld/esp32s3.rom.ble_dtm.ld
-- Adding linker script /home/tikhon/Документы/magnolia/esp-idf/components/esp_rom/esp32s3/ld/esp32s3.rom.ble_test.ld
-- Adding linker script /home/tikhon/Документы/magnolia/esp-idf/components/esp_rom/esp32s3/ld/esp32s3.rom.ble_scan.ld
-- Adding linker script /home/tikhon/Документы/magnolia/esp-idf/components/esp_rom/esp32s3/ld/esp32s3.rom.libc.ld
-- Adding linker script /home/tikhon/Документы/magnolia/esp-idf/components/esp_rom/esp32s3/ld/esp32s3.rom.newlib.ld
-- Adding linker script /home/tikhon/Документы/magnolia/esp-idf/components/soc/esp32s3/ld/esp32s3.peripherals.ld
-- ELF_LOADER: 1.1.1
-- Components: app_trace app_update bootloader bootloader_support bt cmock console cxx driver efuse esp-tls esp_adc esp_app_format esp_bootloader_format esp_coex esp_common esp_driver_ana_cmpr esp_driver_bitscrambler esp_driver_cam esp_driver_dac esp_driver_gpio esp_driver_gptimer esp_driver_i2c esp_driver_i2s esp_driver_i3c esp_driver_isp esp_driver_jpeg esp_driver_ledc esp_driver_mcpwm esp_driver_parlio esp_driver_pcnt esp_driver_ppa esp_driver_rmt esp_driver_sd_intf esp_driver_sdio esp_driver_sdm esp_driver_sdmmc esp_driver_sdspi esp_driver_spi esp_driver_touch_sens esp_driver_tsens esp_driver_twai esp_driver_uart esp_driver_usb_serial_jtag esp_eth esp_event esp_gdbstub esp_hid esp_http_client esp_http_server esp_https_ota esp_https_server esp_hw_support esp_lcd esp_local_ctrl esp_mm esp_netif esp_netif_stack esp_partition esp_phy esp_pm esp_psram esp_ringbuf esp_rom esp_security esp_system esp_timer esp_vfs_console esp_wifi espcoredump espressif__cmake_utilities espressif__elf_loader esptool_py fatfs freertos hal heap http_parser idf_test ieee802154 json log lwip main mbedtls mqtt newlib nvs_flash nvs_sec_provider openthread partition_table perfmon protobuf-c protocomm pthread rt sdmmc soc spi_flash spiffs tcp_transport touch_element ulp unity usb vfs wear_levelling wifi_provisioning wpa_supplicant xtensa
-- Component paths: /home/tikhon/Документы/magnolia/esp-idf/components/app_trace /home/tikhon/Документы/magnolia/esp-idf/components/app_update /home/tikhon/Документы/magnolia/esp-idf/components/bootloader /home/tikhon/Документы/magnolia/esp-idf/components/bootloader_support /home/tikhon/Документы/magnolia/esp-idf/components/bt /home/tikhon/Документы/magnolia/esp-idf/components/cmock /home/tikhon/Документы/magnolia/esp-idf/components/console /home/tikhon/Документы/magnolia/esp-idf/components/cxx /home/tikhon/Документы/magnolia/esp-idf/components/driver /home/tikhon/Документы/magnolia/esp-idf/components/efuse /home/tikhon/Документы/magnolia/esp-idf/components/esp-tls /home/tikhon/Документы/magnolia/esp-idf/components/esp_adc /home/tikhon/Документы/magnolia/esp-idf/components/esp_app_format /home/tikhon/Документы/magnolia/esp-idf/components/esp_bootloader_format /home/tikhon/Документы/magnolia/esp-idf/components/esp_coex /home/tikhon/Документы/magnolia/esp-idf/components/esp_common /home/tikhon/Документы/magnolia/esp-idf/components/esp_driver_ana_cmpr /home/tikhon/Документы/magnolia/esp-idf/components/esp_driver_bitscrambler /home/tikhon/Документы/magnolia/esp-idf/components/esp_driver_cam /home/tikhon/Документы/magnolia/esp-idf/components/esp_driver_dac /home/tikhon/Документы/magnolia/esp-idf/components/esp_driver_gpio /home/tikhon/Документы/magnolia/esp-idf/components/esp_driver_gptimer /home/tikhon/Документы/magnolia/esp-idf/components/esp_driver_i2c /home/tikhon/Документы/magnolia/esp-idf/components/esp_driver_i2s /home/tikhon/Документы/magnolia/esp-idf/components/esp_driver_i3c /home/tikhon/Документы/magnolia/esp-idf/components/esp_driver_isp /home/tikhon/Документы/magnolia/esp-idf/components/esp_driver_jpeg /home/tikhon/Документы/magnolia/esp-idf/components/esp_driver_ledc /home/tikhon/Документы/magnolia/esp-idf/components/esp_driver_mcpwm /home/tikhon/Документы/magnolia/esp-idf/components/esp_driver_parlio /home/tikhon/Документы/magnolia/esp-idf/components/esp_driver_pcnt /home/tikhon/Документы/magnolia/esp-idf/components/esp_driver_ppa /home/tikhon/Документы/magnolia/esp-idf/components/esp_driver_rmt /home/tikhon/Документы/magnolia/esp-idf/components/esp_driver_sd_intf /home/tikhon/Документы/magnolia/esp-idf/components/esp_driver_sdio /home/tikhon/Документы/magnolia/esp-idf/components/esp_driver_sdm /home/tikhon/Документы/magnolia/esp-idf/components/esp_driver_sdmmc /home/tikhon/Документы/magnolia/esp-idf/components/esp_driver_sdspi /home/tikhon/Документы/magnolia/esp-idf/components/esp_driver_spi /home/tikhon/Документы/magnolia/esp-idf/components/esp_driver_touch_sens /home/tikhon/Документы/magnolia/esp-idf/components/esp_driver_tsens /home/tikhon/Документы/magnolia/esp-idf/components/esp_driver_twai /home/tikhon/Документы/magnolia/esp-idf/components/esp_driver_uart /home/tikhon/Документы/magnolia/esp-idf/components/esp_driver_usb_serial_jtag /home/tikhon/Документы/magnolia/esp-idf/components/esp_eth /home/tikhon/Документы/magnolia/esp-idf/components/esp_event /home/tikhon/Документы/magnolia/esp-idf/components/esp_gdbstub /home/tikhon/Документы/magnolia/esp-idf/components/esp_hid /home/tikhon/Документы/magnolia/esp-idf/components/esp_http_client /home/tikhon/Документы/magnolia/esp-idf/components/esp_http_server /home/tikhon/Документы/magnolia/esp-idf/components/esp_https_ota /home/tikhon/Документы/magnolia/esp-idf/components/esp_https_server /home/tikhon/Документы/magnolia/esp-idf/components/esp_hw_support /home/tikhon/Документы/magnolia/esp-idf/components/esp_lcd /home/tikhon/Документы/magnolia/esp-idf/components/esp_local_ctrl /home/tikhon/Документы/magnolia/esp-idf/components/esp_mm /home/tikhon/Документы/magnolia/esp-idf/components/esp_netif /home/tikhon/Документы/magnolia/esp-idf/components/esp_netif_stack /home/tikhon/Документы/magnolia/esp-idf/components/esp_partition /home/tikhon/Документы/magnolia/esp-idf/components/esp_phy /home/tikhon/Документы/magnolia/esp-idf/components/esp_pm /home/tikhon/Документы/magnolia/esp-idf/components/esp_psram /home/tikhon/Документы/magnolia/esp-idf/components/esp_ringbuf /home/tikhon/Документы/magnolia/esp-idf/components/esp_rom /home/tikhon/Документы/magnolia/esp-idf/components/esp_security /home/tikhon/Документы/magnolia/esp-idf/components/esp_system /home/tikhon/Документы/magnolia/esp-idf/components/esp_timer /home/tikhon/Документы/magnolia/esp-idf/components/esp_vfs_console /home/tikhon/Документы/magnolia/esp-idf/components/esp_wifi /home/tikhon/Документы/magnolia/esp-idf/components/espcoredump /home/tikhon/Документы/magnolia/applets/zig/zxxd/managed_components/espressif__cmake_utilities /home/tikhon/Документы/magnolia/applets/zig/zxxd/managed_components/espressif__elf_loader /home/tikhon/Документы/magnolia/esp-idf/components/esptool_py /home/tikhon/Документы/magnolia/esp-idf/components/fatfs /home/tikhon/Документы/magnolia/esp-idf/components/freertos /home/tikhon/Документы/magnolia/esp-idf/components/hal /home/tikhon/Документы/magnolia/esp-idf/components/heap /home/tikhon/Документы/magnolia/esp-idf/components/http_parser /home/tikhon/Документы/magnolia/esp-idf/components/idf_test /home/tikhon/Документы/magnolia/esp-idf/components/ieee802154 /home/tikhon/Документы/magnolia/esp-idf/components/json /home/tikhon/Документы/magnolia/esp-idf/components/log /home/tikhon/Документы/magnolia/esp-idf/components/lwip /home/tikhon/Документы/magnolia/applets/zig/zxxd/main /home/tikhon/Документы/magnolia/esp-idf/components/mbedtls /home/tikhon/Документы/magnolia/esp-idf/components/mqtt /home/tikhon/Документы/magnolia/esp-idf/components/newlib /home/tikhon/Документы/magnolia/esp-idf/components/nvs_flash /home/tikhon/Документы/magnolia/esp-idf/components/nvs_sec_provider /home/tikhon/Документы/magnolia/esp-idf/components/openthread /home/tikhon/Документы/magnolia/esp-idf/components/partition_table /home/tikhon/Документы/magnolia/esp-idf/components/perfmon /home/tikhon/Документы/magnolia/esp-idf/components/protobuf-c /home/tikhon/Документы/magnolia/esp-idf/components/protocomm /home/tikhon/Документы/magnolia/esp-idf/components/pthread /home/tikhon/Документы/magnolia/esp-idf/components/rt /home/tikhon/Документы/magnolia/esp-idf/components/sdmmc /home/tikhon/Документы/magnolia/esp-idf/components/soc /home/tikhon/Документы/magnolia/esp-idf/components/spi_flash /home/tikhon/Документы/magnolia/esp-idf/components/spiffs /home/tikhon/Документы/magnolia/esp-idf/components/tcp_transport /home/tikhon/Документы/magnolia/esp-idf/components/touch_element /home/tikhon/Документы/magnolia/esp-idf/components/ulp /home/tikhon/Документы/magnolia/esp-idf/components/unity /home/tikhon/Документы/magnolia/esp-idf/components/usb /home/tikhon/Документы/magnolia/esp-idf/components/vfs /home/tikhon/Документы/magnolia/esp-idf/components/wear_levelling /home/tikhon/Документы/magnolia/esp-idf/components/wifi_provisioning /home/tikhon/Документы/magnolia/esp-idf/components/wpa_supplicant /home/tikhon/Документы/magnolia/esp-idf/components/xtensa
-- Configuring done (7.7s)
-- Generating done (0.2s)
-- Build files have been written to: /home/tikhon/Документы/magnolia/applets/zig/zxxd/build
[0/4] Re-checking globbed directories...
[1/6] Building C object esp-idf/esp_app_format/CMakeFiles/__idf_esp_app_format.dir/esp_app_desc.c.obj
[2/6] Linking C static library esp-idf/esp_app_format/libesp_app_format.a
[3/6] Build ELF: xxd.app.elf
/home/tikhon/.espressif/tools/xtensa-esp-elf/esp-15.1.0_20250607/xtensa-esp-elf/bin/../lib/gcc/xtensa-esp-elf/15.1.0/../../../../xtensa-esp-elf/bin/ld: warning: xxd.app.elf has a LOAD segment with RWX permissions
Applet zxxd OK -> /home/tikhon/Документы/magnolia/rootfs/bin/zxxd
+ /home/tikhon/Документы/magnolia/build/littlefs_mkimage create /home/tikhon/Документы/magnolia/rootfs /home/tikhon/Документы/magnolia/build/vfs.bin --block-size=4096 --fs-size=2097152 --read-size=128 --prog-size=128 --cache-size=512 --lookahead-size=64
LittleFS image OK size=2097152 -> /home/tikhon/Документы/magnolia/build/vfs.bin
bash -lc 'source esp-idf/export.sh >/dev/null 2>&1 && python3 tools/applets.py build  '
Building applet basename -> basename ...
Building applet cat -> cat ...
Building applet cd -> cd ...
Building applet chmod -> chmod ...
Building applet chown -> chown ...
Building applet cksum -> cksum ...
Building applet cmp -> cmp ...
+ idf.py elf
Building applet comm -> comm ...
Building applet cp -> cp ...
Building applet cut -> cut ...
Building applet date -> date ...
+ idf.py elf
Building applet dd -> dd ...
+ idf.py elf
Building applet df -> df ...
+ idf.py elf
Building applet dirname -> dirname ...
+ idf.py elf
+ idf.py elf
Building applet echo -> echo ...
Building applet du -> du ...
+ idf.py elf
+ idf.py elf
+ idf.py elf
+ idf.py elf
+ idf.py elf
+ idf.py elf
+ idf.py elf
+ idf.py elf
+ idf.py elf
+ idf.py elf
Executing action: elf
Running ninja in directory /home/tikhon/Документы/magnolia/applets/mainline/dd/build
Executing "ninja elf"...
[1/1] Build ELF: dd.app.elf
Executing action: elf
Running ninja in directory /home/tikhon/Документы/magnolia/applets/mainline/chown/build
Executing "ninja elf"...
[1/1] Build ELF: chown.app.elf
Executing action: elf
Running ninja in directory /home/tikhon/Документы/magnolia/applets/mainline/basename/build
Executing "ninja elf"...
[1/1] Build ELF: basename.app.elf
Executing action: elf
Running ninja in directory /home/tikhon/Документы/magnolia/applets/mainline/chmod/build
Executing "ninja elf"...
[1/1] Build ELF: chmod.app.elf
Executing action: elf
Running ninja in directory /home/tikhon/Документы/magnolia/applets/mainline/dirname/build
Executing "ninja elf"...
[1/1] Build ELF: dirname.app.elf
Executing action: elf
Running ninja in directory /home/tikhon/Документы/magnolia/applets/mainline/date/build
Executing "ninja elf"...
[1/1] Build ELF: date.app.elf
Executing action: elf
Running ninja in directory /home/tikhon/Документы/magnolia/applets/mainline/echo/build
Executing "ninja elf"...
[1/1] Build ELF: echo.app.elf
Executing action: elf
Running ninja in directory /home/tikhon/Документы/magnolia/applets/mainline/comm/build
Executing "ninja elf"...
[1/1] Build ELF: comm.app.elf
Executing action: elf
Running ninja in directory /home/tikhon/Документы/magnolia/applets/mainline/du/build
Executing "ninja elf"...
[1/1] Build ELF: du.app.elf
Executing action: elf
Running ninja in directory /home/tikhon/Документы/magnolia/applets/mainline/cmp/build
Executing "ninja elf"...
[1/1] Build ELF: cmp.app.elf
Executing action: elf
Running ninja in directory /home/tikhon/Документы/magnolia/applets/mainline/cut/build
Executing "ninja elf"...
[1/1] Build ELF: cut.app.elf
Executing action: elf
Running ninja in directory /home/tikhon/Документы/magnolia/applets/mainline/cp/build
Executing "ninja elf"...
[1/1] Build ELF: cp.app.elf
Executing action: elf
Running ninja in directory /home/tikhon/Документы/magnolia/applets/mainline/cd/build
Executing "ninja elf"...
[1/1] Build ELF: cd.app.elf
Executing action: elf
Running ninja in directory /home/tikhon/Документы/magnolia/applets/mainline/cat/build
Executing "ninja elf"...
[1/1] Build ELF: cat.app.elf
Executing action: elf
Running ninja in directory /home/tikhon/Документы/magnolia/applets/mainline/df/build
Executing "ninja elf"...
[1/1] Build ELF: df.app.elf
Executing action: elf
Running ninja in directory /home/tikhon/Документы/magnolia/applets/mainline/cksum/build
Executing "ninja elf"...
[1/1] Build ELF: cksum.app.elf
Applet basename OK -> /home/tikhon/Документы/magnolia/rootfs/bin/basename
Building applet elftest -> elftest ...
+ idf.py elf
Applet dd OK -> /home/tikhon/Документы/magnolia/rootfs/bin/dd
Building applet env -> env ...
+ idf.py elf
Applet chown OK -> /home/tikhon/Документы/magnolia/rootfs/bin/chown
Building applet false -> false ...
+ idf.py elf
Applet chmod OK -> /home/tikhon/Документы/magnolia/rootfs/bin/chmod
Building applet free -> free ...
Applet date OK -> /home/tikhon/Документы/magnolia/rootfs/bin/date
Building applet head -> head ...
+ idf.py elf
+ idf.py elf
Applet echo OK -> /home/tikhon/Документы/magnolia/rootfs/bin/echo
Building applet hexdump -> hexdump ...
+ idf.py elf
Applet cmp OK -> /home/tikhon/Документы/magnolia/rootfs/bin/cmp
Building applet init -> init ...
+ idf.py elf
Applet du OK -> /home/tikhon/Документы/magnolia/rootfs/bin/du
Building applet kill -> kill ...
+ idf.py elf
Applet dirname OK -> /home/tikhon/Документы/magnolia/rootfs/bin/dirname
Building applet ln -> ln ...
Applet comm OK -> /home/tikhon/Документы/magnolia/rootfs/bin/comm
Building applet login -> login ...
+ idf.py elf
+ idf.py elf
Applet cut OK -> /home/tikhon/Документы/magnolia/rootfs/bin/cut
Building applet ls -> ls ...
+ idf.py elf
Applet cp OK -> /home/tikhon/Документы/magnolia/rootfs/bin/cp
Building applet medit -> medit ...
+ idf.py elf
Applet cd OK -> /home/tikhon/Документы/magnolia/rootfs/bin/cd
Building applet mkdir -> mkdir ...
+ idf.py elf
Applet cat OK -> /home/tikhon/Документы/magnolia/rootfs/bin/cat
Building applet mv -> mv ...
+ idf.py elf
Applet cksum OK -> /home/tikhon/Документы/magnolia/rootfs/bin/cksum
Building applet ps -> ps ...
+ idf.py elf
Applet df OK -> /home/tikhon/Документы/magnolia/rootfs/bin/df
Building applet printenv -> printenv ...
+ idf.py elf
Executing action: elf
Running ninja in directory /home/tikhon/Документы/magnolia/applets/mainline/elftest/build
Executing "ninja elf"...
[1/1] Build ELF: elftest.app.elf
Executing action: elf
Running ninja in directory /home/tikhon/Документы/magnolia/applets/mainline/env/build
Executing "ninja elf"...
[1/1] Build ELF: env.app.elf
Executing action: elf
Running ninja in directory /home/tikhon/Документы/magnolia/applets/mainline/free/build
Executing "ninja elf"...
[1/1] Build ELF: free.app.elf
Executing action: elf
Running ninja in directory /home/tikhon/Документы/magnolia/applets/mainline/init/build
Executing "ninja elf"...
[1/1] Build ELF: init.app.elf
Executing action: elf
Running ninja in directory /home/tikhon/Документы/magnolia/applets/mainline/mv/build
Executing "ninja elf"...
[1/1] Build ELF: mv.app.elf
Executing action: elf
Running ninja in directory /home/tikhon/Документы/magnolia/applets/mainline/login/build
Executing "ninja elf"...
[1/1] Build ELF: login.app.elf
Executing action: elf
Running ninja in directory /home/tikhon/Документы/magnolia/applets/mainline/kill/build
Executing "ninja elf"...
[1/1] Build ELF: kill.app.elf
Executing action: elf
Running ninja in directory /home/tikhon/Документы/magnolia/applets/mainline/head/build
Executing "ninja elf"...
[1/1] Build ELF: head.app.elf
Executing action: elf
Running ninja in directory /home/tikhon/Документы/magnolia/applets/mainline/ls/build
Executing "ninja elf"...
[1/1] Build ELF: ls.app.elf
Executing action: elf
Running ninja in directory /home/tikhon/Документы/magnolia/applets/mainline/hexdump/build
Executing "ninja elf"...
[1/1] Build ELF: hexdump.app.elf
Executing action: elf
Running ninja in directory /home/tikhon/Документы/magnolia/applets/mainline/printenv/build
Executing "ninja elf"...
[1/1] Build ELF: printenv.app.elf
Executing action: elf
Running ninja in directory /home/tikhon/Документы/magnolia/applets/mainline/ln/build
Executing "ninja elf"...
[1/1] Build ELF: ln.app.elf
Executing action: elf
Running ninja in directory /home/tikhon/Документы/magnolia/applets/mainline/false/build
Executing "ninja elf"...
[1/1] Build ELF: false.app.elf
Executing action: elf
Running ninja in directory /home/tikhon/Документы/magnolia/applets/mainline/mkdir/build
Executing "ninja elf"...
[1/1] Build ELF: mkdir.app.elf
Applet elftest OK -> /home/tikhon/Документы/magnolia/rootfs/bin/elftest
Building applet printf -> printf ...
+ idf.py elf
Executing action: elf
Running ninja in directory /home/tikhon/Документы/magnolia/applets/mainline/ps/build
Executing "ninja elf"...
[1/1] Build ELF: ps.app.elf
Executing action: elf
Running ninja in directory /home/tikhon/Документы/magnolia/applets/mainline/medit/build
Executing "ninja elf"...
[1/1] Build ELF: medit.app.elf
Applet env OK -> /home/tikhon/Документы/magnolia/rootfs/bin/env
Building applet paste -> paste ...
+ idf.py elf
Applet init OK -> /home/tikhon/Документы/magnolia/rootfs/bin/init
Building applet pwd -> pwd ...
+ idf.py elf
Applet free OK -> /home/tikhon/Документы/magnolia/rootfs/bin/free
Building applet rm -> rm ...
+ idf.py elf
Applet mv OK -> /home/tikhon/Документы/magnolia/rootfs/bin/mv
Building applet rmdir -> rmdir ...
+ idf.py elf
Applet login OK -> /home/tikhon/Документы/magnolia/rootfs/bin/login
Building applet rev -> rev ...
+ idf.py elf
Applet kill OK -> /home/tikhon/Документы/magnolia/rootfs/bin/kill
Building applet sh -> sh ...
+ idf.py elf
Applet head OK -> /home/tikhon/Документы/magnolia/rootfs/bin/head
Building applet shell -> shell ...
+ idf.py elf
Applet ls OK -> /home/tikhon/Документы/magnolia/rootfs/bin/ls
Building applet sleep -> sleep ...
+ idf.py elf
Applet hexdump OK -> /home/tikhon/Документы/magnolia/rootfs/bin/hexdump
Building applet sort -> sort ...
+ idf.py elf
Applet ln OK -> /home/tikhon/Документы/magnolia/rootfs/bin/ln
Building applet tail -> tail ...
+ idf.py elf
Applet printenv OK -> /home/tikhon/Документы/magnolia/rootfs/bin/printenv
Building applet tee -> tee ...
+ idf.py elf
Applet ps OK -> /home/tikhon/Документы/magnolia/rootfs/bin/ps
Building applet test -> test ...
+ idf.py elf
Applet mkdir OK -> /home/tikhon/Документы/magnolia/rootfs/bin/mkdir
Building applet touch -> touch ...
Applet false OK -> /home/tikhon/Документы/magnolia/rootfs/bin/false
Building applet tr -> tr ...
+ idf.py elf
+ idf.py elf
Applet medit OK -> /home/tikhon/Документы/magnolia/rootfs/bin/medit
Building applet true -> true ...
+ idf.py elf
Executing action: elf
Running ninja in directory /home/tikhon/Документы/magnolia/applets/mainline/printf/build
Executing "ninja elf"...
[1/1] Build ELF: printf.app.elf
Executing action: elf
Running ninja in directory /home/tikhon/Документы/magnolia/applets/mainline/paste/build
Executing "ninja elf"...
[1/1] Build ELF: paste.app.elf
Executing action: elf
Running ninja in directory /home/tikhon/Документы/magnolia/applets/mainline/rm/build
Executing "ninja elf"...
[1/1] Build ELF: rm.app.elf
Executing action: elf
Running ninja in directory /home/tikhon/Документы/magnolia/applets/mainline/pwd/build
Executing "ninja elf"...
[1/1] Build ELF: pwd.app.elf
Executing action: elf
Running ninja in directory /home/tikhon/Документы/magnolia/applets/mainline/sleep/build
Executing "ninja elf"...
[1/1] Build ELF: sleep.app.elf
Executing action: elf
Running ninja in directory /home/tikhon/Документы/magnolia/applets/mainline/sort/build
Executing "ninja elf"...
[1/1] Build ELF: sort.app.elf
Applet printf OK -> /home/tikhon/Документы/magnolia/rootfs/bin/printf
Building applet uname -> uname ...
+ idf.py elf
Executing action: elf
Running ninja in directory /home/tikhon/Документы/magnolia/applets/mainline/shell/build
Executing "ninja elf"...
[1/1] Build ELF: shell.app.elf
Executing action: elf
Running ninja in directory /home/tikhon/Документы/magnolia/applets/mainline/rev/build
Executing "ninja elf"...
[1/1] Build ELF: rev.app.elf
Executing action: elf
Running ninja in directory /home/tikhon/Документы/magnolia/applets/mainline/tail/build
Executing "ninja elf"...
[1/1] Build ELF: tail.app.elf
Executing action: elf
Running ninja in directory /home/tikhon/Документы/magnolia/applets/mainline/rmdir/build
Executing "ninja elf"...
[1/1] Build ELF: rmdir.app.elf
Executing action: elf
Running ninja in directory /home/tikhon/Документы/magnolia/applets/mainline/tee/build
Executing "ninja elf"...
[1/1] Build ELF: tee.app.elf
Executing action: elf
Running ninja in directory /home/tikhon/Документы/magnolia/applets/mainline/tr/build
Executing "ninja elf"...
[1/1] Build ELF: tr.app.elf
Executing action: elf
Running ninja in directory /home/tikhon/Документы/magnolia/applets/mainline/sh/build
Executing "ninja elf"...
[1/1] Build ELF: sh.app.elf
Executing action: elf
Running ninja in directory /home/tikhon/Документы/magnolia/applets/mainline/test/build
Executing "ninja elf"...
[1/1] Build ELF: test.app.elf
Applet rm OK -> /home/tikhon/Документы/magnolia/rootfs/bin/rm
Building applet unlink -> unlink ...
Executing action: elf
Running ninja in directory /home/tikhon/Документы/magnolia/applets/mainline/true/build
Executing "ninja elf"...
[1/1] Build ELF: true.app.elf
+ idf.py elf
Executing action: elf
Running ninja in directory /home/tikhon/Документы/magnolia/applets/mainline/touch/build
Executing "ninja elf"...
[1/1] Build ELF: touch.app.elf
Applet paste OK -> /home/tikhon/Документы/magnolia/rootfs/bin/paste
Building applet user -> user ...
+ idf.py elf
Applet sort OK -> /home/tikhon/Документы/magnolia/rootfs/bin/sort
Building applet vi -> vi ...
+ idf.py elf
Applet pwd OK -> /home/tikhon/Документы/magnolia/rootfs/bin/pwd
Building applet wc -> wc ...
+ idf.py elf
Applet sleep OK -> /home/tikhon/Документы/magnolia/rootfs/bin/sleep
Building applet yes -> yes ...
+ idf.py elf
Applet shell OK -> /home/tikhon/Документы/magnolia/rootfs/bin/shell
Building applet xxd -> xxd ...
+ idf.py elf
Applet rev OK -> /home/tikhon/Документы/magnolia/rootfs/bin/rev
Building applet echo -> goecho ...
+ idf.py elf
Applet rmdir OK -> /home/tikhon/Документы/magnolia/rootfs/bin/rmdir
Building applet false -> gofalse ...
+ idf.py elf
Applet tail OK -> /home/tikhon/Документы/magnolia/rootfs/bin/tail
Building applet goargs -> goargs ...
+ idf.py elf
Applet tr OK -> /home/tikhon/Документы/magnolia/rootfs/bin/tr
Building applet godd -> godd ...
+ idf.py elf
Applet tee OK -> /home/tikhon/Документы/magnolia/rootfs/bin/tee
Applet sh OK -> /home/tikhon/Документы/magnolia/rootfs/bin/sh
Building applet gohello -> gohello ...
Building applet gohexdump -> gohexdump ...
+ idf.py elf
Applet true OK -> /home/tikhon/Документы/magnolia/rootfs/bin/true
Building applet gotest -> gotest ...
+ idf.py elf
+ idf.py elf
Applet touch OK -> /home/tikhon/Документы/magnolia/rootfs/bin/touch
Building applet goxxd -> goxxd ...
Applet test OK -> /home/tikhon/Документы/magnolia/rootfs/bin/test
Building applet pwd -> gopwd ...
+ idf.py elf
+ idf.py elf
Executing action: elf
Running ninja in directory /home/tikhon/Документы/magnolia/applets/mainline/uname/build
Executing "ninja elf"...
[1/1] Build ELF: uname.app.elf
Executing action: elf
Running ninja in directory /home/tikhon/Документы/magnolia/applets/mainline/unlink/build
Executing "ninja elf"...
[1/1] Build ELF: unlink.app.elf
Executing action: elf
Running ninja in directory /home/tikhon/Документы/magnolia/applets/mainline/user/build
Executing "ninja elf"...
[1/1] Build ELF: user.app.elf
Executing action: elf
Running ninja in directory /home/tikhon/Документы/magnolia/applets/mainline/vi/build
Executing "ninja elf"...
[1/1] Build ELF: vi.app.elf
Executing action: elf
Running ninja in directory /home/tikhon/Документы/magnolia/applets/mainline/wc/build
Executing "ninja elf"...
[1/1] Build ELF: wc.app.elf
Applet uname OK -> /home/tikhon/Документы/magnolia/rootfs/bin/uname
Executing action: elf
Running ninja in directory /home/tikhon/Документы/magnolia/applets/go/echo/build
Executing "ninja elf"...
[0/2] Re-checking globbed directories...
Building applet sleep -> gosleep ...
+ idf.py elf
Applet unlink OK -> /home/tikhon/Документы/magnolia/rootfs/bin/unlink
Building applet true -> gotrue ...
+ idf.py elf
Executing action: elf
Running ninja in directory /home/tikhon/Документы/magnolia/applets/mainline/xxd/build
Executing "ninja elf"...
[1/1] Build ELF: xxd.app.elf
Executing action: elf
Running ninja in directory /home/tikhon/Документы/magnolia/applets/mainline/yes/build
Executing "ninja elf"...
[1/1] Build ELF: yes.app.elf
Executing action: elf
Running ninja in directory /home/tikhon/Документы/magnolia/applets/go/false/build
Executing "ninja elf"...
[0/2] Re-checking globbed directories...
[1/2] Build ELF: echo.app.elf
Executing action: elf
Running ninja in directory /home/tikhon/Документы/magnolia/applets/go/goargs/build
Executing "ninja elf"...
[0/2] Re-checking globbed directories...
[1/2] Build ELF: goargs.app.elf
Executing action: elf
Running ninja in directory /home/tikhon/Документы/magnolia/applets/go/gotest/build
Executing "ninja elf"...
[0/2] Re-checking globbed directories...
[1/2] Build ELF: false.app.elf
Executing action: elf
Running ninja in directory /home/tikhon/Документы/magnolia/applets/go/gohexdump/build
Executing "ninja elf"...
[0/2] Re-checking globbed directories...
Executing action: elf
Running ninja in directory /home/tikhon/Документы/magnolia/applets/go/gohello/build
Executing "ninja elf"...
[0/2] Re-checking globbed directories...
Executing action: elf
Running ninja in directory /home/tikhon/Документы/magnolia/applets/go/goxxd/build
Executing "ninja elf"...
[0/2] Re-checking globbed directories...
Executing action: elf
Running ninja in directory /home/tikhon/Документы/magnolia/applets/go/godd/build
Executing "ninja elf"...
[0/2] Re-checking globbed directories...
[1/2] Build ELF: xxd.app.elf
Applet user OK -> /home/tikhon/Документы/magnolia/rootfs/bin/user
Building applet uname -> gouname ...
+ idf.py elf
[1/2] Build ELF: gotest.app.elf
[1/2] Build ELF: hexdump.app.elf
[1/2] Build ELF: dd.app.elf
Executing action: elf
Running ninja in directory /home/tikhon/Документы/magnolia/applets/go/pwd/build
Executing "ninja elf"...
[0/2] Re-checking globbed directories...
Applet wc OK -> /home/tikhon/Документы/magnolia/rootfs/bin/wc
Building applet edit -> edit ...
+ idf.py elf
[1/2] Build ELF: gohello.app.elf
Applet vi OK -> /home/tikhon/Документы/magnolia/rootfs/bin/vi
Building applet rdd -> rdd ...
+ idf.py elf
[1/2] Build ELF: pwd.app.elf
Applet goargs OK -> /home/tikhon/Документы/magnolia/rootfs/bin/goargs
Building applet rhexdump -> rhexdump ...
+ idf.py elf
Applet xxd OK -> /home/tikhon/Документы/magnolia/rootfs/bin/xxd
Applet yes OK -> /home/tikhon/Документы/magnolia/rootfs/bin/yes
Building applet rshello -> rshello ...
Applet echo OK -> /home/tikhon/Документы/magnolia/rootfs/bin/goecho
Building applet rusthello -> rusthello ...
+ idf.py elf
Building applet rselftest -> rselftest ...
+ idf.py elf
+ idf.py elf
Applet false OK -> /home/tikhon/Документы/magnolia/rootfs/bin/gofalse
Building applet rxxd -> rxxd ...
+ idf.py elf
Applet gotest OK -> /home/tikhon/Документы/magnolia/rootfs/bin/gotest
Building applet zdd -> zdd ...
+ idf.py elf
Applet goxxd OK -> /home/tikhon/Документы/magnolia/rootfs/bin/goxxd
Building applet zhexdump -> zhexdump ...
+ idf.py elf
Applet godd OK -> /home/tikhon/Документы/magnolia/rootfs/bin/godd
Building applet zigdemo -> zigdemo ...
+ idf.py elf
Applet gohexdump OK -> /home/tikhon/Документы/magnolia/rootfs/bin/gohexdump
Building applet zighello -> zighello ...
+ idf.py elf
Applet gohello OK -> /home/tikhon/Документы/magnolia/rootfs/bin/gohello
Building applet zigtest -> zigtest ...
+ idf.py elf
Applet pwd OK -> /home/tikhon/Документы/magnolia/rootfs/bin/gopwd
Building applet zxxd -> zxxd ...
+ idf.py elf
Executing action: elf
Running ninja in directory /home/tikhon/Документы/magnolia/applets/go/sleep/build
Executing "ninja elf"...
[0/2] Re-checking globbed directories...
[1/2] Build ELF: sleep.app.elf
Executing action: elf
Running ninja in directory /home/tikhon/Документы/magnolia/applets/go/true/build
Executing "ninja elf"...
[0/2] Re-checking globbed directories...
[1/2] Build ELF: true.app.elf
Executing action: elf
Running ninja in directory /home/tikhon/Документы/magnolia/applets/go/uname/build
Executing "ninja elf"...
[0/2] Re-checking globbed directories...
Executing action: elf
Running ninja in directory /home/tikhon/Документы/magnolia/applets/rust/rdd/build
Executing "ninja elf"...
[0/2] Re-checking globbed directories...
[1/2] Build ELF: uname.app.elf
Executing action: elf
Running ninja in directory /home/tikhon/Документы/magnolia/applets/rust/edit/build
Executing "ninja elf"...
[0/2] Re-checking globbed directories...
Executing action: elf
Running ninja in directory /home/tikhon/Документы/magnolia/applets/rust/rxxd/build
Executing "ninja elf"...
[0/2] Re-checking globbed directories...
Applet sleep OK -> /home/tikhon/Документы/magnolia/rootfs/bin/gosleep
Executing action: elf
Running ninja in directory /home/tikhon/Документы/magnolia/applets/rust/rhexdump/build
Executing "ninja elf"...
[0/2] Re-checking globbed directories...
Applet true OK -> /home/tikhon/Документы/magnolia/rootfs/bin/gotrue
Executing action: elf
Running ninja in directory /home/tikhon/Документы/magnolia/applets/rust/rshello/build
Executing "ninja elf"...
[1/1] Build ELF: rshello.app.elf
/home/tikhon/.espressif/tools/xtensa-esp-elf/esp-15.1.0_20250607/xtensa-esp-elf/bin/../lib/gcc/xtensa-esp-elf/15.1.0/../../../../xtensa-esp-elf/bin/ld: warning: main.c.obj: missing .note.GNU-stack section implies executable stack
/home/tikhon/.espressif/tools/xtensa-esp-elf/esp-15.1.0_20250607/xtensa-esp-elf/bin/../lib/gcc/xtensa-esp-elf/15.1.0/../../../../xtensa-esp-elf/bin/ld: NOTE: This behaviour is deprecated and will be removed in a future version of the linker
Executing action: elf
Running ninja in directory /home/tikhon/Документы/magnolia/applets/rust/rselftest/build
Executing "ninja elf"...
[0/2] Re-checking globbed directories...
Executing action: elf
Running ninja in directory /home/tikhon/Документы/magnolia/applets/rust/rusthello/build
Executing "ninja elf"...
[0/2] Re-checking globbed directories...
Applet uname OK -> /home/tikhon/Документы/magnolia/rootfs/bin/gouname
Executing action: elf
Running ninja in directory /home/tikhon/Документы/magnolia/applets/zig/zhexdump/build
Executing "ninja elf"...
[0/2] Re-checking globbed directories...
Executing action: elf
Running ninja in directory /home/tikhon/Документы/magnolia/applets/zig/zigdemo/build
Executing "ninja elf"...
[0/2] Re-checking globbed directories...
[1/2] Build ELF: hexdump.app.elf
/home/tikhon/.espressif/tools/xtensa-esp-elf/esp-15.1.0_20250607/xtensa-esp-elf/bin/../lib/gcc/xtensa-esp-elf/15.1.0/../../../../xtensa-esp-elf/bin/ld: warning: hexdump.app.elf has a LOAD segment with RWX permissions
[1/2] Build ELF: zigdemo.app.elf
/home/tikhon/.espressif/tools/xtensa-esp-elf/esp-15.1.0_20250607/xtensa-esp-elf/bin/../lib/gcc/xtensa-esp-elf/15.1.0/../../../../xtensa-esp-elf/bin/ld: warning: zigdemo.app.elf has a LOAD segment with RWX permissions
Executing action: elf
Running ninja in directory /home/tikhon/Документы/magnolia/applets/zig/zighello/build
Executing "ninja elf"...
[0/2] Re-checking globbed directories...
Executing action: elf
Running ninja in directory /home/tikhon/Документы/magnolia/applets/zig/zdd/build
Executing "ninja elf"...
[0/2] Re-checking globbed directories...
Executing action: elf
Running ninja in directory /home/tikhon/Документы/magnolia/applets/zig/zigtest/build
Executing "ninja elf"...
[0/2] Re-checking globbed directories...
[1/2] Build ELF: zighello.app.elf
[1/2] Build ELF: dd.app.elf
/home/tikhon/.espressif/tools/xtensa-esp-elf/esp-15.1.0_20250607/xtensa-esp-elf/bin/../lib/gcc/xtensa-esp-elf/15.1.0/../../../../xtensa-esp-elf/bin/ld: warning: dd.app.elf has a LOAD segment with RWX permissions
[1/2] Build ELF: zigtest.app.elf
/home/tikhon/.espressif/tools/xtensa-esp-elf/esp-15.1.0_20250607/xtensa-esp-elf/bin/../lib/gcc/xtensa-esp-elf/15.1.0/../../../../xtensa-esp-elf/bin/ld: warning: zigtest.app.elf has a LOAD segment with RWX permissions
Executing action: elf
Running ninja in directory /home/tikhon/Документы/magnolia/applets/zig/zxxd/build
Executing "ninja elf"...
[0/2] Re-checking globbed directories...
[1/2] Build ELF: xxd.app.elf
/home/tikhon/.espressif/tools/xtensa-esp-elf/esp-15.1.0_20250607/xtensa-esp-elf/bin/../lib/gcc/xtensa-esp-elf/15.1.0/../../../../xtensa-esp-elf/bin/ld: warning: xxd.app.elf has a LOAD segment with RWX permissions
Applet rshello OK -> /home/tikhon/Документы/magnolia/rootfs/bin/rshello
Applet zigdemo OK -> /home/tikhon/Документы/magnolia/rootfs/bin/zigdemo
Applet zhexdump OK -> /home/tikhon/Документы/magnolia/rootfs/bin/zhexdump
Applet zigtest OK -> /home/tikhon/Документы/magnolia/rootfs/bin/zigtest
Applet zighello OK -> /home/tikhon/Документы/magnolia/rootfs/bin/zighello
Applet zdd OK -> /home/tikhon/Документы/magnolia/rootfs/bin/zdd
Applet zxxd OK -> /home/tikhon/Документы/magnolia/rootfs/bin/zxxd
[1/3] Build Rust staticlib: /home/tikhon/Документы/magnolia/applets/rust/rusthello/build/librusthello.a
    Blocking waiting for file lock on package cache
    Blocking waiting for file lock on package cache
   Compiling magnolia-applet v0.1.0 (/home/tikhon/Документы/magnolia/sdk/rust/magnolia-applet)
warning: unused import: `alloc::vec`
 --> /home/tikhon/Документы/magnolia/sdk/rust/magnolia-applet/src/net.rs:3:5
  |
3 | use alloc::vec;
  |     ^^^^^^^^^^
  |
  = note: `#[warn(unused_imports)]` on by default

warning: function `copy_file` is never used
   --> /home/tikhon/Документы/magnolia/sdk/rust/magnolia-applet/src/fs.rs:132:4
    |
132 | fn copy_file(src_path: &str, dst_path: &str) -> Result<()> {
    |    ^^^^^^^^^
    |
    = note: `#[warn(dead_code)]` on by default

warning: `magnolia-applet` (lib) generated 2 warnings (run `cargo fix --lib -p magnolia-applet` to apply 1 suggestion)
   Compiling rusthello v0.1.0 (/home/tikhon/Документы/magnolia/applets/rust/rusthello/rust)
    Finished `release` profile [optimized] target(s) in 0.60s
[2/3] Build ELF: rusthello.app.elf
/home/tikhon/.espressif/tools/xtensa-esp-elf/esp-15.1.0_20250607/xtensa-esp-elf/bin/../lib/gcc/xtensa-esp-elf/15.1.0/../../../../xtensa-esp-elf/bin/ld: warning: rusthello.app.elf has a LOAD segment with RWX permissions
Applet rusthello OK -> /home/tikhon/Документы/magnolia/rootfs/bin/rusthello
[1/3] Build Rust staticlib: /home/tikhon/Документы/magnolia/applets/rust/rselftest/build/librselftest.a
    Blocking waiting for file lock on package cache
    Blocking waiting for file lock on package cache
   Compiling magnolia-applet v0.1.0 (/home/tikhon/Документы/magnolia/sdk/rust/magnolia-applet)
warning: unused import: `alloc::vec`
 --> /home/tikhon/Документы/magnolia/sdk/rust/magnolia-applet/src/net.rs:3:5
  |
3 | use alloc::vec;
  |     ^^^^^^^^^^
  |
  = note: `#[warn(unused_imports)]` on by default

warning: function `copy_file` is never used
   --> /home/tikhon/Документы/magnolia/sdk/rust/magnolia-applet/src/fs.rs:132:4
    |
132 | fn copy_file(src_path: &str, dst_path: &str) -> Result<()> {
    |    ^^^^^^^^^
    |
    = note: `#[warn(dead_code)]` on by default

warning: `magnolia-applet` (lib) generated 2 warnings (run `cargo fix --lib -p magnolia-applet` to apply 1 suggestion)
   Compiling rselftest v0.1.0 (/home/tikhon/Документы/magnolia/applets/rust/rselftest/rust)
    Finished `release` profile [optimized] target(s) in 0.67s
[2/3] Build ELF: rselftest.app.elf
/home/tikhon/.espressif/tools/xtensa-esp-elf/esp-15.1.0_20250607/xtensa-esp-elf/bin/../lib/gcc/xtensa-esp-elf/15.1.0/../../../../xtensa-esp-elf/bin/ld: warning: rselftest.app.elf has a LOAD segment with RWX permissions
[1/3] Build Rust staticlib: /home/tikhon/Документы/magnolia/applets/rust/rdd/build/libdd.a
   Compiling magnolia-applet v0.1.0 (/home/tikhon/Документы/magnolia/sdk/rust/magnolia-applet)
warning: unused import: `alloc::vec`
 --> /home/tikhon/Документы/magnolia/sdk/rust/magnolia-applet/src/net.rs:3:5
  |
3 | use alloc::vec;
  |     ^^^^^^^^^^
  |
  = note: `#[warn(unused_imports)]` on by default

warning: function `copy_file` is never used
   --> /home/tikhon/Документы/magnolia/sdk/rust/magnolia-applet/src/fs.rs:132:4
    |
132 | fn copy_file(src_path: &str, dst_path: &str) -> Result<()> {
    |    ^^^^^^^^^
    |
    = note: `#[warn(dead_code)]` on by default

warning: `magnolia-applet` (lib) generated 2 warnings (run `cargo fix --lib -p magnolia-applet` to apply 1 suggestion)
   Compiling dd v0.1.0 (/home/tikhon/Документы/magnolia/applets/rust/rdd/rust)
warning: value assigned to `off` is never read
   --> src/lib.rs:352:25
    |
352 |                         off = chunk_len;
    |                         ^^^
    |
    = help: maybe it is overwritten before being read?
    = note: `#[warn(unused_assignments)]` on by default

warning: `dd` (lib) generated 1 warning
    Finished `release` profile [optimized] target(s) in 0.88s
[2/3] Build ELF: dd.app.elf
/home/tikhon/.espressif/tools/xtensa-esp-elf/esp-15.1.0_20250607/xtensa-esp-elf/bin/../lib/gcc/xtensa-esp-elf/15.1.0/../../../../xtensa-esp-elf/bin/ld: warning: dd.app.elf has a LOAD segment with RWX permissions
Applet rselftest OK -> /home/tikhon/Документы/magnolia/rootfs/bin/rselftest
[1/3] Build Rust staticlib: /home/tikhon/Документы/magnolia/applets/rust/rhexdump/build/libhexdump.a
   Compiling magnolia-applet v0.1.0 (/home/tikhon/Документы/magnolia/sdk/rust/magnolia-applet)
warning: unused import: `alloc::vec`
 --> /home/tikhon/Документы/magnolia/sdk/rust/magnolia-applet/src/net.rs:3:5
  |
3 | use alloc::vec;
  |     ^^^^^^^^^^
  |
  = note: `#[warn(unused_imports)]` on by default

warning: function `copy_file` is never used
   --> /home/tikhon/Документы/magnolia/sdk/rust/magnolia-applet/src/fs.rs:132:4
    |
132 | fn copy_file(src_path: &str, dst_path: &str) -> Result<()> {
    |    ^^^^^^^^^
    |
    = note: `#[warn(dead_code)]` on by default

warning: `magnolia-applet` (lib) generated 2 warnings (run `cargo fix --lib -p magnolia-applet` to apply 1 suggestion)
   Compiling hexdump v0.1.0 (/home/tikhon/Документы/magnolia/applets/rust/rhexdump/rust)
    Finished `release` profile [optimized] target(s) in 0.84s
[2/3] Build ELF: hexdump.app.elf
/home/tikhon/.espressif/tools/xtensa-esp-elf/esp-15.1.0_20250607/xtensa-esp-elf/bin/../lib/gcc/xtensa-esp-elf/15.1.0/../../../../xtensa-esp-elf/bin/ld: warning: hexdump.app.elf has a LOAD segment with RWX permissions
[1/3] Build Rust staticlib: /home/tikhon/Документы/magnolia/applets/rust/rxxd/build/libxxd.a
   Compiling magnolia-applet v0.1.0 (/home/tikhon/Документы/magnolia/sdk/rust/magnolia-applet)
warning: unused import: `alloc::vec`
 --> /home/tikhon/Документы/magnolia/sdk/rust/magnolia-applet/src/net.rs:3:5
  |
3 | use alloc::vec;
  |     ^^^^^^^^^^
  |
  = note: `#[warn(unused_imports)]` on by default

warning: function `copy_file` is never used
   --> /home/tikhon/Документы/magnolia/sdk/rust/magnolia-applet/src/fs.rs:132:4
    |
132 | fn copy_file(src_path: &str, dst_path: &str) -> Result<()> {
    |    ^^^^^^^^^
    |
    = note: `#[warn(dead_code)]` on by default

warning: `magnolia-applet` (lib) generated 2 warnings (run `cargo fix --lib -p magnolia-applet` to apply 1 suggestion)
   Compiling xxd v0.1.0 (/home/tikhon/Документы/magnolia/applets/rust/rxxd/rust)
    Finished `release` profile [optimized] target(s) in 0.84s
[2/3] Build ELF: xxd.app.elf
/home/tikhon/.espressif/tools/xtensa-esp-elf/esp-15.1.0_20250607/xtensa-esp-elf/bin/../lib/gcc/xtensa-esp-elf/15.1.0/../../../../xtensa-esp-elf/bin/ld: warning: xxd.app.elf has a LOAD segment with RWX permissions
Applet rdd OK -> /home/tikhon/Документы/magnolia/rootfs/bin/rdd
Applet rhexdump OK -> /home/tikhon/Документы/magnolia/rootfs/bin/rhexdump
Applet rxxd OK -> /home/tikhon/Документы/magnolia/rootfs/bin/rxxd
[1/3] Build Rust staticlib: /home/tikhon/Документы/magnolia/applets/rust/edit/build/libedit.a
   Compiling magnolia-applet v0.1.0 (/home/tikhon/Документы/magnolia/sdk/rust/magnolia-applet)
warning: unused import: `alloc::vec`
 --> /home/tikhon/Документы/magnolia/sdk/rust/magnolia-applet/src/net.rs:3:5
  |
3 | use alloc::vec;
  |     ^^^^^^^^^^
  |
  = note: `#[warn(unused_imports)]` on by default

warning: function `copy_file` is never used
   --> /home/tikhon/Документы/magnolia/sdk/rust/magnolia-applet/src/fs.rs:132:4
    |
132 | fn copy_file(src_path: &str, dst_path: &str) -> Result<()> {
    |    ^^^^^^^^^
    |
    = note: `#[warn(dead_code)]` on by default

warning: `magnolia-applet` (lib) generated 2 warnings (run `cargo fix --lib -p magnolia-applet` to apply 1 suggestion)
   Compiling edit v0.1.0 (/home/tikhon/Документы/magnolia/applets/rust/edit/rust)
warning: unnecessary parentheses around method argument
    --> src/editor.rs:1379:103
     |
1379 | ...   self.undo_add(self.cur_line, vec![self.content[self.cur_line].clone()], KEY_NONE, (1isize - insert.len() as isize), true);
     |                                                                                         ^                              ^
     |
     = note: `#[warn(unused_parens)]` on by default
help: remove these parentheses
     |
1379 -                     self.undo_add(self.cur_line, vec![self.content[self.cur_line].clone()], KEY_NONE, (1isize - insert.len() as isize), true);
1379 +                     self.undo_add(self.cur_line, vec![self.content[self.cur_line].clone()], KEY_NONE, 1isize - insert.len() as isize, true);
     |

warning: value assigned to `del_all` is never read
   --> src/editor.rs:431:29
    |
431 | ...                   del_all = false;
    |                       ^^^^^^^
    |
    = help: maybe it is overwritten before being read?
    = note: `#[warn(unused_assignments)]` on by default

warning: variable does not need to be mutable
    --> src/editor.rs:1214:21
     |
1214 |                 let mut left = line[..self.col].to_vec();
     |                     ----^^^^
     |                     |
     |                     help: remove this `mut`
     |
     = note: `#[warn(unused_mut)]` on by default

warning: variable `pos` is assigned to, but never used
    --> src/editor.rs:1526:21
     |
1526 |             let mut pos = 0usize;
     |                     ^^^
     |
     = note: consider using `_pos` instead
     = note: `#[warn(unused_variables)]` on by default

warning: fields `x`, `y`, and `code` are never read
  --> src/input.rs:99:13
   |
99 |     Mouse { x: usize, y: usize, code: u8 },
   |     -----   ^         ^         ^^^^
   |     |
   |     fields in this variant
   |
   = note: `InputData` has derived impls for the traits `Debug` and `Clone`, but these are intentionally ignored during dead code analysis
   = note: `#[warn(dead_code)]` on by default

warning: `edit` (lib) generated 5 warnings (run `cargo fix --lib -p edit` to apply 2 suggestions)
    Finished `release` profile [optimized] target(s) in 1.65s
[2/3] Build ELF: edit.app.elf
Applet edit OK -> /home/tikhon/Документы/magnolia/rootfs/bin/edit
+ /home/tikhon/Документы/magnolia/build/littlefs_mkimage create /home/tikhon/Документы/magnolia/rootfs /home/tikhon/Документы/magnolia/build/vfs.bin --block-size=4096 --fs-size=2097152 --read-size=128 --prog-size=128 --cache-size=512 --lookahead-size=64
LittleFS image OK size=2097152 -> /home/tikhon/Документы/magnolia/build/vfs.bin
bash -lc 'source esp-idf/export.sh >/dev/null 2>&1 && python3 tools/applets.py build  '
Building applet basename -> basename ...
Building applet cat -> cat ...
Building applet cd -> cd ...
Building applet chmod -> chmod ...
Building applet chown -> chown ...
+ idf.py elf
Building applet cksum -> cksum ...
Building applet cmp -> cmp ...
+ idf.py elf
Building applet comm -> comm ...
+ idf.py elf
+ idf.py elf
Building applet cut -> cut ...
+ idf.py elf
Building applet cp -> cp ...
Building applet date -> date ...
+ idf.py elf
+ idf.py elf
Building applet dd -> dd ...
+ idf.py elf
Building applet dirname -> dirname ...
Building applet df -> df ...
+ idf.py elf
+ idf.py elf
Building applet echo -> echo ...
+ idf.py elf
+ idf.py elf
+ idf.py elf
+ idf.py elf
Building applet du -> du ...
+ idf.py elf
+ idf.py elf
Executing action: elf
Running ninja in directory /home/tikhon/Документы/magnolia/applets/mainline/cksum/build
Executing "ninja elf"...
[1/1] Build ELF: cksum.app.elf
Executing action: elf
Running ninja in directory /home/tikhon/Документы/magnolia/applets/mainline/date/build
Executing "ninja elf"...
[1/1] Build ELF: date.app.elf
Executing action: elf
Running ninja in directory /home/tikhon/Документы/magnolia/applets/mainline/echo/build
Executing "ninja elf"...
[1/1] Build ELF: echo.app.elf
Executing action: elf
Running ninja in directory /home/tikhon/Документы/magnolia/applets/mainline/basename/build
Executing "ninja elf"...
[1/1] Build ELF: basename.app.elf
Executing action: elf
Running ninja in directory /home/tikhon/Документы/magnolia/applets/mainline/cut/build
Executing "ninja elf"...
[1/1] Build ELF: cut.app.elf
Executing action: elf
Running ninja in directory /home/tikhon/Документы/magnolia/applets/mainline/cmp/build
Executing "ninja elf"...
[1/1] Build ELF: cmp.app.elf
Executing action: elf
Running ninja in directory /home/tikhon/Документы/magnolia/applets/mainline/cd/build
Executing "ninja elf"...
[1/1] Build ELF: cd.app.elf
Executing action: elf
Running ninja in directory /home/tikhon/Документы/magnolia/applets/mainline/chown/build
Executing "ninja elf"...
[1/1] Build ELF: chown.app.elf
Executing action: elf
Running ninja in directory /home/tikhon/Документы/magnolia/applets/mainline/du/build
Executing "ninja elf"...
[1/1] Build ELF: du.app.elf
Executing action: elf
Running ninja in directory /home/tikhon/Документы/magnolia/applets/mainline/cp/build
Executing "ninja elf"...
[1/1] Build ELF: cp.app.elf
Executing action: elf
Running ninja in directory /home/tikhon/Документы/magnolia/applets/mainline/comm/build
Executing "ninja elf"...
[1/1] Build ELF: comm.app.elf
Executing action: elf
Running ninja in directory /home/tikhon/Документы/magnolia/applets/mainline/chmod/build
Executing "ninja elf"...
[1/1] Build ELF: chmod.app.elf
Executing action: elf
Running ninja in directory /home/tikhon/Документы/magnolia/applets/mainline/dirname/build
Executing "ninja elf"...
[1/1] Build ELF: dirname.app.elf
Executing action: elf
Running ninja in directory /home/tikhon/Документы/magnolia/applets/mainline/df/build
Executing "ninja elf"...
[1/1] Build ELF: df.app.elf
Executing action: elf
Running ninja in directory /home/tikhon/Документы/magnolia/applets/mainline/cat/build
Executing "ninja elf"...
[1/1] Build ELF: cat.app.elf
Executing action: elf
Running ninja in directory /home/tikhon/Документы/magnolia/applets/mainline/dd/build
Executing "ninja elf"...
[1/3] Building C object esp-idf/main/CMakeFiles/__idf_main.dir/main.c.obj
Applet cksum OK -> /home/tikhon/Документы/magnolia/rootfs/bin/cksum
[2/3] Linking C static library esp-idf/main/libmain.a
Building applet elftest -> elftest ...
+ idf.py elf
Applet date OK -> /home/tikhon/Документы/magnolia/rootfs/bin/date
Building applet env -> env ...
+ idf.py elf
Applet basename OK -> /home/tikhon/Документы/magnolia/rootfs/bin/basename
Building applet fold -> fold ...
Reconfiguring applet fold (cmake inputs changed)
[3/3] Build ELF: dd.app.elf
+ idf.py reconfigure
Applet echo OK -> /home/tikhon/Документы/magnolia/rootfs/bin/echo
Building applet false -> false ...
+ idf.py elf
Applet cut OK -> /home/tikhon/Документы/magnolia/rootfs/bin/cut
Building applet free -> free ...
+ idf.py elf
Applet cd OK -> /home/tikhon/Документы/magnolia/rootfs/bin/cd
Building applet head -> head ...
+ idf.py elf
Applet du OK -> /home/tikhon/Документы/magnolia/rootfs/bin/du
Building applet hexdump -> hexdump ...
+ idf.py elf
Applet chown OK -> /home/tikhon/Документы/magnolia/rootfs/bin/chown
Building applet init -> init ...
+ idf.py elf
Applet cmp OK -> /home/tikhon/Документы/magnolia/rootfs/bin/cmp
Building applet kill -> kill ...
+ idf.py elf
Applet chmod OK -> /home/tikhon/Документы/magnolia/rootfs/bin/chmod
Building applet ln -> ln ...
+ idf.py elf
Applet df OK -> /home/tikhon/Документы/magnolia/rootfs/bin/df
Building applet login -> login ...
+ idf.py elf
Applet dirname OK -> /home/tikhon/Документы/magnolia/rootfs/bin/dirname
Building applet ls -> ls ...
+ idf.py elf
Applet cp OK -> /home/tikhon/Документы/magnolia/rootfs/bin/cp
Building applet medit -> medit ...
+ idf.py elf
Applet comm OK -> /home/tikhon/Документы/magnolia/rootfs/bin/comm
Building applet mkdir -> mkdir ...
+ idf.py elf
Applet cat OK -> /home/tikhon/Документы/magnolia/rootfs/bin/cat
Building applet mv -> mv ...
+ idf.py elf
Applet dd OK -> /home/tikhon/Документы/magnolia/rootfs/bin/dd
Building applet ps -> ps ...
+ idf.py elf
Executing action: reconfigure
Running cmake in directory /home/tikhon/Документы/magnolia/applets/mainline/fold/build
Executing "cmake -G Ninja -DPYTHON_DEPS_CHECKED=1 -DPYTHON=/home/tikhon/.espressif/python_env/idf6.0_py3.12_env/bin/python -DESP_PLATFORM=1 -DCCACHE_ENABLE=0 /home/tikhon/Документы/magnolia/applets/mainline/fold"...
-- Found Git: /usr/bin/git (found version "2.43.0") 
Executing action: elf
Running ninja in directory /home/tikhon/Документы/magnolia/applets/mainline/elftest/build
Executing "ninja elf"...
[1/1] Build ELF: elftest.app.elf
Executing action: elf
Running ninja in directory /home/tikhon/Документы/magnolia/applets/mainline/ls/build
Executing "ninja elf"...
[1/1] Build ELF: ls.app.elf
Executing action: elf
Running ninja in directory /home/tikhon/Документы/magnolia/applets/mainline/free/build
Executing "ninja elf"...
[1/1] Build ELF: free.app.elf
Executing action: elf
Running ninja in directory /home/tikhon/Документы/magnolia/applets/mainline/hexdump/build
Executing "ninja elf"...
[1/1] Build ELF: hexdump.app.elf
Executing action: elf
Running ninja in directory /home/tikhon/Документы/magnolia/applets/mainline/false/build
Executing "ninja elf"...
[1/1] Build ELF: false.app.elf
Executing action: elf
Running ninja in directory /home/tikhon/Документы/magnolia/applets/mainline/init/build
Executing "ninja elf"...
[1/1] Build ELF: init.app.elf
Executing action: elf
Running ninja in directory /home/tikhon/Документы/magnolia/applets/mainline/kill/build
Executing "ninja elf"...
[1/1] Build ELF: kill.app.elf
Applet elftest OK -> /home/tikhon/Документы/magnolia/rootfs/bin/elftest
Building applet printenv -> printenv ...
+ idf.py elf
Executing action: elf
Running ninja in directory /home/tikhon/Документы/magnolia/applets/mainline/mv/build
Executing "ninja elf"...
[1/1] Build ELF: mv.app.elf
Executing action: elf
Running ninja in directory /home/tikhon/Документы/magnolia/applets/mainline/login/build
Executing "ninja elf"...
[1/1] Build ELF: login.app.elf
Executing action: elf
Running ninja in directory /home/tikhon/Документы/magnolia/applets/mainline/mkdir/build
Executing "ninja elf"...
[1/1] Build ELF: mkdir.app.elf
Executing action: elf
Running ninja in directory /home/tikhon/Документы/magnolia/applets/mainline/ps/build
Executing "ninja elf"...
[1/1] Build ELF: ps.app.elf
Executing action: elf
Running ninja in directory /home/tikhon/Документы/magnolia/applets/mainline/head/build
Executing "ninja elf"...
[1/1] Build ELF: head.app.elf
Executing action: elf
Running ninja in directory /home/tikhon/Документы/magnolia/applets/mainline/env/build
Executing "ninja elf"...
[1/3] Building C object esp-idf/main/CMakeFiles/__idf_main.dir/main.c.obj
Executing action: elf
Running ninja in directory /home/tikhon/Документы/magnolia/applets/mainline/ln/build
Executing "ninja elf"...
[1/1] Build ELF: ln.app.elf
[2/3] Linking C static library esp-idf/main/libmain.a
[3/3] Build ELF: env.app.elf
Executing action: elf
Running ninja in directory /home/tikhon/Документы/magnolia/applets/mainline/medit/build
Executing "ninja elf"...
[1/1] Build ELF: medit.app.elf
Applet free OK -> /home/tikhon/Документы/magnolia/rootfs/bin/free
Building applet printf -> printf ...
+ idf.py elf
Applet ls OK -> /home/tikhon/Документы/magnolia/rootfs/bin/ls
Building applet paste -> paste ...
+ idf.py elf
Applet init OK -> /home/tikhon/Документы/magnolia/rootfs/bin/init
Building applet pwd -> pwd ...
+ idf.py elf
Applet false OK -> /home/tikhon/Документы/magnolia/rootfs/bin/false
Building applet rm -> rm ...
+ idf.py elf
Applet kill OK -> /home/tikhon/Документы/magnolia/rootfs/bin/kill
Building applet rmdir -> rmdir ...
+ idf.py elf
Applet mkdir OK -> /home/tikhon/Документы/magnolia/rootfs/bin/mkdir
Building applet rev -> rev ...
+ idf.py elf
Applet ps OK -> /home/tikhon/Документы/magnolia/rootfs/bin/ps
Building applet sh -> sh ...
+ idf.py elf
Applet hexdump OK -> /home/tikhon/Документы/magnolia/rootfs/bin/hexdump
Building applet shell -> shell ...
Applet mv OK -> /home/tikhon/Документы/magnolia/rootfs/bin/mv
Building applet sleep -> sleep ...
+ idf.py elf
+ idf.py elf
Applet login OK -> /home/tikhon/Документы/magnolia/rootfs/bin/login
Building applet sort -> sort ...
+ idf.py elf
Applet head OK -> /home/tikhon/Документы/magnolia/rootfs/bin/head
Building applet tail -> tail ...
+ idf.py elf
Applet ln OK -> /home/tikhon/Документы/magnolia/rootfs/bin/ln
Building applet tee -> tee ...
+ idf.py elf
Applet env OK -> /home/tikhon/Документы/magnolia/rootfs/bin/env
Building applet test -> test ...
+ idf.py elf
Applet medit OK -> /home/tikhon/Документы/magnolia/rootfs/bin/medit
Building applet touch -> touch ...
+ idf.py elf
-- Minimal build - OFF
-- The C compiler identification is GNU 15.1.0
-- The CXX compiler identification is GNU 15.1.0
-- The ASM compiler identification is GNU
-- Found assembler: /home/tikhon/.espressif/tools/xtensa-esp-elf/esp-15.1.0_20250607/xtensa-esp-elf/bin/xtensa-esp32s3-elf-gcc
-- Detecting C compiler ABI info
-- Detecting C compiler ABI info - done
-- Check for working C compiler: /home/tikhon/.espressif/tools/xtensa-esp-elf/esp-15.1.0_20250607/xtensa-esp-elf/bin/xtensa-esp32s3-elf-gcc - skipped
-- Detecting C compile features
-- Detecting C compile features - done
-- Detecting CXX compiler ABI info
-- Detecting CXX compiler ABI info - done
-- Check for working CXX compiler: /home/tikhon/.espressif/tools/xtensa-esp-elf/esp-15.1.0_20250607/xtensa-esp-elf/bin/xtensa-esp32s3-elf-g++ - skipped
-- Detecting CXX compile features
-- Detecting CXX compile features - done
Executing action: elf
Running ninja in directory /home/tikhon/Документы/magnolia/applets/mainline/printenv/build
Executing "ninja elf"...
[1/1] Build ELF: printenv.app.elf
-- Building ESP-IDF components for target esp32s3
Executing action: elf
Running ninja in directory /home/tikhon/Документы/magnolia/applets/mainline/printf/build
Executing "ninja elf"...
[1/1] Build ELF: printf.app.elf
Executing action: elf
Running ninja in directory /home/tikhon/Документы/magnolia/applets/mainline/paste/build
Executing "ninja elf"...
[1/1] Build ELF: paste.app.elf
Executing action: elf
Running ninja in directory /home/tikhon/Документы/magnolia/applets/mainline/rmdir/build
Executing "ninja elf"...
[1/1] Build ELF: rmdir.app.elf
Applet printenv OK -> /home/tikhon/Документы/magnolia/rootfs/bin/printenv
Building applet tr -> tr ...
+ idf.py elf
Executing action: elf
Running ninja in directory /home/tikhon/Документы/magnolia/applets/mainline/pwd/build
Executing "ninja elf"...
[1/1] Build ELF: pwd.app.elf
Executing action: elf
Running ninja in directory /home/tikhon/Документы/magnolia/applets/mainline/sleep/build
Executing "ninja elf"...
[1/1] Build ELF: sleep.app.elf
Executing action: elf
Running ninja in directory /home/tikhon/Документы/magnolia/applets/mainline/rev/build
Executing "ninja elf"...
[1/1] Build ELF: rev.app.elf
Executing action: elf
Running ninja in directory /home/tikhon/Документы/magnolia/applets/mainline/tee/build
Executing "ninja elf"...
[1/1] Build ELF: tee.app.elf
Executing action: elf
Running ninja in directory /home/tikhon/Документы/magnolia/applets/mainline/shell/build
Executing "ninja elf"...
[1/1] Build ELF: shell.app.elf
Executing action: elf
Running ninja in directory /home/tikhon/Документы/magnolia/applets/mainline/sort/build
Executing "ninja elf"...
[1/1] Build ELF: sort.app.elf
Executing action: elf
Running ninja in directory /home/tikhon/Документы/magnolia/applets/mainline/rm/build
Executing "ninja elf"...
[1/1] Build ELF: rm.app.elf
Executing action: elf
Running ninja in directory /home/tikhon/Документы/magnolia/applets/mainline/tail/build
Executing "ninja elf"...
[1/1] Build ELF: tail.app.elf
Executing action: elf
Running ninja in directory /home/tikhon/Документы/magnolia/applets/mainline/sh/build
Executing "ninja elf"...
[1/1] Build ELF: sh.app.elf
Executing action: elf
Running ninja in directory /home/tikhon/Документы/magnolia/applets/mainline/test/build
Executing "ninja elf"...
[1/1] Build ELF: test.app.elf
Applet paste OK -> /home/tikhon/Документы/magnolia/rootfs/bin/paste
Building applet true -> true ...
+ idf.py elf
Applet printf OK -> /home/tikhon/Документы/magnolia/rootfs/bin/printf
Building applet uname -> uname ...
+ idf.py elf
Executing action: elf
Running ninja in directory /home/tikhon/Документы/magnolia/applets/mainline/touch/build
Executing "ninja elf"...
[1/1] Build ELF: touch.app.elf
Applet rmdir OK -> /home/tikhon/Документы/magnolia/rootfs/bin/rmdir
Building applet unlink -> unlink ...
+ idf.py elf
Applet sleep OK -> /home/tikhon/Документы/magnolia/rootfs/bin/sleep
Building applet user -> user ...
+ idf.py elf
Applet shell OK -> /home/tikhon/Документы/magnolia/rootfs/bin/shell
Building applet vi -> vi ...
+ idf.py elf
Applet rev OK -> /home/tikhon/Документы/magnolia/rootfs/bin/rev
Building applet wc -> wc ...
+ idf.py elf
Applet sort OK -> /home/tikhon/Документы/magnolia/rootfs/bin/sort
Building applet yes -> yes ...
Applet rm OK -> /home/tikhon/Документы/magnolia/rootfs/bin/rm
Building applet xxd -> xxd ...
+ idf.py elf
+ idf.py elf
Applet tee OK -> /home/tikhon/Документы/magnolia/rootfs/bin/tee
Building applet echo -> goecho ...
+ idf.py elf
Applet pwd OK -> /home/tikhon/Документы/magnolia/rootfs/bin/pwd
Building applet false -> gofalse ...
+ idf.py elf
Applet tail OK -> /home/tikhon/Документы/magnolia/rootfs/bin/tail
Building applet goargs -> goargs ...
+ idf.py elf
Applet sh OK -> /home/tikhon/Документы/magnolia/rootfs/bin/sh
Building applet godd -> godd ...
Applet test OK -> /home/tikhon/Документы/magnolia/rootfs/bin/test
Building applet gohello -> gohello ...
+ idf.py elf
+ idf.py elf
Applet touch OK -> /home/tikhon/Документы/magnolia/rootfs/bin/touch
Building applet gohexdump -> gohexdump ...
+ idf.py elf
-- ESP-TEE is currently supported only on the esp32c6;esp32h2;esp32c5 SoCs
Executing action: elf
Running ninja in directory /home/tikhon/Документы/magnolia/applets/mainline/uname/build
Executing "ninja elf"...
[1/1] Build ELF: uname.app.elf
Executing action: elf
Running ninja in directory /home/tikhon/Документы/magnolia/applets/mainline/wc/build
Executing "ninja elf"...
[1/1] Build ELF: wc.app.elf
Executing action: elf
Running ninja in directory /home/tikhon/Документы/magnolia/applets/mainline/tr/build
Executing "ninja elf"...
[1/3] Building C object esp-idf/main/CMakeFiles/__idf_main.dir/main.c.obj
Executing action: elf
Running ninja in directory /home/tikhon/Документы/magnolia/applets/mainline/user/build
Executing "ninja elf"...
[1/1] Build ELF: user.app.elf
Executing action: elf
Running ninja in directory /home/tikhon/Документы/magnolia/applets/go/goargs/build
Executing "ninja elf"...
[0/2] Re-checking globbed directories...
[2/3] Linking C static library esp-idf/main/libmain.a
Executing action: elf
Running ninja in directory /home/tikhon/Документы/magnolia/applets/go/false/build
Executing "ninja elf"...
[0/2] Re-checking globbed directories...
Executing action: elf
Running ninja in directory /home/tikhon/Документы/magnolia/applets/mainline/xxd/build
Executing "ninja elf"...
[1/1] Build ELF: xxd.app.elf
[3/3] Build ELF: tr.app.elf
Executing action: elf
Running ninja in directory /home/tikhon/Документы/magnolia/applets/go/echo/build
Executing "ninja elf"...
[0/2] Re-checking globbed directories...
Executing action: elf
Running ninja in directory /home/tikhon/Документы/magnolia/applets/mainline/yes/build
Executing "ninja elf"...
[1/1] Build ELF: yes.app.elf
Executing action: elf
Running ninja in directory /home/tikhon/Документы/magnolia/applets/mainline/true/build
Executing "ninja elf"...
[1/1] Build ELF: true.app.elf
[1/2] Build ELF: goargs.app.elf
[1/2] Build ELF: false.app.elf
[1/2] Build ELF: echo.app.elf
Applet uname OK -> /home/tikhon/Документы/magnolia/rootfs/bin/uname
Building applet gotest -> gotest ...
+ idf.py elf
Executing action: elf
Running ninja in directory /home/tikhon/Документы/magnolia/applets/go/gohello/build
Executing "ninja elf"...
[0/2] Re-checking globbed directories...
[1/2] Build ELF: gohello.app.elf
Executing action: elf
Running ninja in directory /home/tikhon/Документы/magnolia/applets/mainline/unlink/build
Executing "ninja elf"...
[1/1] Build ELF: unlink.app.elf
Executing action: elf
Running ninja in directory /home/tikhon/Документы/magnolia/applets/go/godd/build
Executing "ninja elf"...
[0/2] Re-checking globbed directories...
[1/2] Build ELF: dd.app.elf
Applet wc OK -> /home/tikhon/Документы/magnolia/rootfs/bin/wc
Building applet goxxd -> goxxd ...
+ idf.py elf
-- Project sdkconfig file /home/tikhon/Документы/magnolia/applets/mainline/fold/sdkconfig
Applet xxd OK -> /home/tikhon/Документы/magnolia/rootfs/bin/xxd
Building applet pwd -> gopwd ...
+ idf.py elf
Applet tr OK -> /home/tikhon/Документы/magnolia/rootfs/bin/tr
Building applet sleep -> gosleep ...
+ idf.py elf
Applet user OK -> /home/tikhon/Документы/magnolia/rootfs/bin/user
Building applet true -> gotrue ...
Executing action: elf
Running ninja in directory /home/tikhon/Документы/magnolia/applets/go/gohexdump/build
Executing "ninja elf"...
[0/2] Re-checking globbed directories...
+ idf.py elf
Applet false OK -> /home/tikhon/Документы/magnolia/rootfs/bin/gofalse
Building applet uname -> gouname ...
+ idf.py elf
Applet yes OK -> /home/tikhon/Документы/magnolia/rootfs/bin/yes
Building applet edit -> edit ...
+ idf.py elf
Applet true OK -> /home/tikhon/Документы/magnolia/rootfs/bin/true
Building applet rdd -> rdd ...
+ idf.py elf
Applet goargs OK -> /home/tikhon/Документы/magnolia/rootfs/bin/goargs
Building applet rhexdump -> rhexdump ...
+ idf.py elf
[1/2] Build ELF: hexdump.app.elf
Applet unlink OK -> /home/tikhon/Документы/magnolia/rootfs/bin/unlink
Building applet rselftest -> rselftest ...
+ idf.py elf
Applet echo OK -> /home/tikhon/Документы/magnolia/rootfs/bin/goecho
Building applet rshello -> rshello ...
+ idf.py elf
Applet gohello OK -> /home/tikhon/Документы/magnolia/rootfs/bin/gohello
Building applet rusthello -> rusthello ...
+ idf.py elf
Applet godd OK -> /home/tikhon/Документы/magnolia/rootfs/bin/godd
Building applet rxxd -> rxxd ...
+ idf.py elf
Applet gohexdump OK -> /home/tikhon/Документы/magnolia/rootfs/bin/gohexdump
Building applet zdd -> zdd ...
+ idf.py elf
Executing action: elf
Running ninja in directory /home/tikhon/Документы/magnolia/applets/mainline/vi/build
Executing "ninja elf"...
[1/3] Building C object esp-idf/main/CMakeFiles/__idf_main.dir/main.c.obj
/home/tikhon/Документы/magnolia/applets/mainline/vi/main/main.c: In function 'do_cmd':
/home/tikhon/Документы/magnolia/applets/mainline/vi/main/main.c:3800:27: warning: this statement may fall through [-Wimplicit-fallthrough=]
 3800 |         last_forward_char = get_one_char(); // get the search char
      |                           ^
/home/tikhon/Документы/magnolia/applets/mainline/vi/main/main.c:3805:5: note: here
 3805 |     case ';':                               // ;- look at rest of line for last forward char
      |     ^~~~
/home/tikhon/Документы/magnolia/applets/mainline/vi/main/main.c:3857:11: warning: this statement may fall through [-Wimplicit-fallthrough=]
 3857 |         c = 'N';
      |         ~~^~~~~
/home/tikhon/Документы/magnolia/applets/mainline/vi/main/main.c:3858:5: note: here
 3858 |     case 'N':       // N- repeat search in opposite direction of last pattern
      |     ^~~~
/home/tikhon/Документы/magnolia/applets/mainline/vi/main/main.c:3863:11: warning: this statement may fall through [-Wimplicit-fallthrough=]
 3863 |         c = 'n';
      |         ~~^~~~~
/home/tikhon/Документы/magnolia/applets/mainline/vi/main/main.c:3864:5: note: here
 3864 |     case 'n': // n- repeat search for last pattern in "normal" direction
      |     ^~~~
/home/tikhon/Документы/magnolia/applets/mainline/vi/main/main.c:4005:9: warning: this statement may fall through [-Wimplicit-fallthrough=]
 4005 |         dot_end(); // go to e-o-l
      |         ^~~~~~~~~
/home/tikhon/Документы/magnolia/applets/mainline/vi/main/main.c:4007:5: note: here
 4007 |     case 'a':      // a- append after current char
      |     ^~~~
/home/tikhon/Документы/magnolia/applets/mainline/vi/main/main.c:4070:9: warning: this statement may fall through [-Wimplicit-fallthrough=]
 4070 |         dot_skip_over_ws();
      |         ^~~~~~~~~~~~~~~~~~
/home/tikhon/Документы/magnolia/applets/mainline/vi/main/main.c:4072:5: note: here
 4072 |     case 'i':         // i- insert before current char
      |     ^~~~
[2/3] Linking C static library esp-idf/main/libmain.a
[3/3] Build ELF: vi.app.elf
Applet vi OK -> /home/tikhon/Документы/magnolia/rootfs/bin/vi
Building applet zhexdump -> zhexdump ...
+ idf.py elf
-- Compiler supported targets: xtensa-esp-elf
Executing action: elf
Running ninja in directory /home/tikhon/Документы/magnolia/applets/go/gotest/build
Executing "ninja elf"...
[0/2] Re-checking globbed directories...
[1/2] Build ELF: gotest.app.elf
-- App "fold" version: fce3dc6-dirty
Executing action: elf
Running ninja in directory /home/tikhon/Документы/magnolia/applets/go/goxxd/build
Executing "ninja elf"...
[0/2] Re-checking globbed directories...
[1/2] Build ELF: xxd.app.elf
Executing action: elf
Running ninja in directory /home/tikhon/Документы/magnolia/applets/rust/rselftest/build
Executing "ninja elf"...
[0/2] Re-checking globbed directories...
Executing action: elf
Running ninja in directory /home/tikhon/Документы/magnolia/applets/go/true/build
Executing "ninja elf"...
[0/2] Re-checking globbed directories...
Executing action: elf
Running ninja in directory /home/tikhon/Документы/magnolia/applets/rust/rdd/build
Executing "ninja elf"...
[0/2] Re-checking globbed directories...
Applet gotest OK -> /home/tikhon/Документы/magnolia/rootfs/bin/gotest
Building applet zigdemo -> zigdemo ...
+ idf.py elf
Executing action: elf
Running ninja in directory /home/tikhon/Документы/magnolia/applets/go/sleep/build
Executing "ninja elf"...
[0/2] Re-checking globbed directories...
[1/2] Build ELF: sleep.app.elf
[1/2] Build ELF: true.app.elf
Executing action: elf
Running ninja in directory /home/tikhon/Документы/magnolia/applets/go/uname/build
Executing "ninja elf"...
[0/2] Re-checking globbed directories...
[1/2] Build ELF: dd.app.elf
/home/tikhon/.espressif/tools/xtensa-esp-elf/esp-15.1.0_20250607/xtensa-esp-elf/bin/../lib/gcc/xtensa-esp-elf/15.1.0/../../../../xtensa-esp-elf/bin/ld: warning: dd.app.elf has a LOAD segment with RWX permissions
Executing action: elf
Running ninja in directory /home/tikhon/Документы/magnolia/applets/rust/rusthello/build
Executing "ninja elf"...
[0/2] Re-checking globbed directories...
[1/2] Build ELF: rselftest.app.elf
/home/tikhon/.espressif/tools/xtensa-esp-elf/esp-15.1.0_20250607/xtensa-esp-elf/bin/../lib/gcc/xtensa-esp-elf/15.1.0/../../../../xtensa-esp-elf/bin/ld: warning: rselftest.app.elf has a LOAD segment with RWX permissions
[1/2] Build ELF: uname.app.elf
Executing action: elf
Running ninja in directory /home/tikhon/Документы/magnolia/applets/rust/edit/build
Executing "ninja elf"...
[0/2] Re-checking globbed directories...
[1/2] Build ELF: rusthello.app.elf
/home/tikhon/.espressif/tools/xtensa-esp-elf/esp-15.1.0_20250607/xtensa-esp-elf/bin/../lib/gcc/xtensa-esp-elf/15.1.0/../../../../xtensa-esp-elf/bin/ld: warning: rusthello.app.elf has a LOAD segment with RWX permissions
[1/2] Build ELF: edit.app.elf
-- Found Python3: /home/tikhon/.espressif/python_env/idf6.0_py3.12_env/bin/python (found version "3.12.3") found components: Interpreter 
Executing action: elf
Running ninja in directory /home/tikhon/Документы/magnolia/applets/rust/rxxd/build
Executing "ninja elf"...
[0/2] Re-checking globbed directories...
Executing action: elf
Running ninja in directory /home/tikhon/Документы/magnolia/applets/go/pwd/build
Executing "ninja elf"...
[0/2] Re-checking globbed directories...
Executing action: elf
Running ninja in directory /home/tikhon/Документы/magnolia/applets/rust/rhexdump/build
Executing "ninja elf"...
[0/2] Re-checking globbed directories...
[1/2] Build ELF: pwd.app.elf
Applet goxxd OK -> /home/tikhon/Документы/magnolia/rootfs/bin/goxxd
Building applet zighello -> zighello ...
+ idf.py elf
[1/2] Build ELF: xxd.app.elf
/home/tikhon/.espressif/tools/xtensa-esp-elf/esp-15.1.0_20250607/xtensa-esp-elf/bin/../lib/gcc/xtensa-esp-elf/15.1.0/../../../../xtensa-esp-elf/bin/ld: warning: xxd.app.elf has a LOAD segment with RWX permissions
Executing action: elf
Running ninja in directory /home/tikhon/Документы/magnolia/applets/rust/rshello/build
Executing "ninja elf"...
[1/1] Build ELF: rshello.app.elf
/home/tikhon/.espressif/tools/xtensa-esp-elf/esp-15.1.0_20250607/xtensa-esp-elf/bin/../lib/gcc/xtensa-esp-elf/15.1.0/../../../../xtensa-esp-elf/bin/ld: warning: main.c.obj: missing .note.GNU-stack section implies executable stack
/home/tikhon/.espressif/tools/xtensa-esp-elf/esp-15.1.0_20250607/xtensa-esp-elf/bin/../lib/gcc/xtensa-esp-elf/15.1.0/../../../../xtensa-esp-elf/bin/ld: NOTE: This behaviour is deprecated and will be removed in a future version of the linker
-- Performing Test CMAKE_HAVE_LIBC_PTHREAD
Applet sleep OK -> /home/tikhon/Документы/magnolia/rootfs/bin/gosleep
Building applet zigtest -> zigtest ...
+ idf.py elf
[1/2] Build ELF: hexdump.app.elf
/home/tikhon/.espressif/tools/xtensa-esp-elf/esp-15.1.0_20250607/xtensa-esp-elf/bin/../lib/gcc/xtensa-esp-elf/15.1.0/../../../../xtensa-esp-elf/bin/ld: warning: hexdump.app.elf has a LOAD segment with RWX permissions
Executing action: elf
Running ninja in directory /home/tikhon/Документы/magnolia/applets/zig/zdd/build
Executing "ninja elf"...
[0/2] Re-checking globbed directories...
Applet rselftest OK -> /home/tikhon/Документы/magnolia/rootfs/bin/rselftest
Building applet zxxd -> zxxd ...
+ idf.py elf
Applet rdd OK -> /home/tikhon/Документы/magnolia/rootfs/bin/rdd
Applet uname OK -> /home/tikhon/Документы/magnolia/rootfs/bin/gouname
Applet true OK -> /home/tikhon/Документы/magnolia/rootfs/bin/gotrue
Applet rusthello OK -> /home/tikhon/Документы/magnolia/rootfs/bin/rusthello
-- Performing Test CMAKE_HAVE_LIBC_PTHREAD - Success
-- Found Threads: TRUE  
-- Performing Test C_COMPILER_SUPPORTS_WFORMAT_SIGNEDNESS
Applet edit OK -> /home/tikhon/Документы/magnolia/rootfs/bin/edit
Applet pwd OK -> /home/tikhon/Документы/magnolia/rootfs/bin/gopwd
-- Performing Test C_COMPILER_SUPPORTS_WFORMAT_SIGNEDNESS - Success
-- USING O3
Applet rxxd OK -> /home/tikhon/Документы/magnolia/rootfs/bin/rxxd
Applet rhexdump OK -> /home/tikhon/Документы/magnolia/rootfs/bin/rhexdump
-- Adding linker script /home/tikhon/Документы/magnolia/applets/mainline/fold/build/esp-idf/esp_system/ld/memory.ld
-- Adding linker script /home/tikhon/Документы/magnolia/applets/mainline/fold/build/esp-idf/esp_system/ld/sections.ld.in
Applet rshello OK -> /home/tikhon/Документы/magnolia/rootfs/bin/rshello
-- Adding linker script /home/tikhon/Документы/magnolia/esp-idf/components/esp_rom/esp32s3/ld/esp32s3.rom.ld
-- Adding linker script /home/tikhon/Документы/magnolia/esp-idf/components/esp_rom/esp32s3/ld/esp32s3.rom.api.ld
-- Adding linker script /home/tikhon/Документы/magnolia/esp-idf/components/esp_rom/esp32s3/ld/esp32s3.rom.bt_funcs.ld
-- Adding linker script /home/tikhon/Документы/magnolia/esp-idf/components/esp_rom/esp32s3/ld/esp32s3.rom.libgcc.ld
-- Adding linker script /home/tikhon/Документы/magnolia/esp-idf/components/esp_rom/esp32s3/ld/esp32s3.rom.wdt.ld
-- Adding linker script /home/tikhon/Документы/magnolia/esp-idf/components/esp_rom/esp32s3/ld/esp32s3.rom.version.ld
-- Adding linker script /home/tikhon/Документы/magnolia/esp-idf/components/esp_rom/esp32s3/ld/esp32s3.rom.ble_master.ld
-- Adding linker script /home/tikhon/Документы/magnolia/esp-idf/components/esp_rom/esp32s3/ld/esp32s3.rom.ble_50.ld
-- Adding linker script /home/tikhon/Документы/magnolia/esp-idf/components/esp_rom/esp32s3/ld/esp32s3.rom.ble_smp.ld
-- Adding linker script /home/tikhon/Документы/magnolia/esp-idf/components/esp_rom/esp32s3/ld/esp32s3.rom.ble_dtm.ld
-- Adding linker script /home/tikhon/Документы/magnolia/esp-idf/components/esp_rom/esp32s3/ld/esp32s3.rom.ble_test.ld
-- Adding linker script /home/tikhon/Документы/magnolia/esp-idf/components/esp_rom/esp32s3/ld/esp32s3.rom.ble_scan.ld
-- Adding linker script /home/tikhon/Документы/magnolia/esp-idf/components/esp_rom/esp32s3/ld/esp32s3.rom.libc.ld
-- Adding linker script /home/tikhon/Документы/magnolia/esp-idf/components/esp_rom/esp32s3/ld/esp32s3.rom.newlib.ld
-- Adding linker script /home/tikhon/Документы/magnolia/esp-idf/components/soc/esp32s3/ld/esp32s3.peripherals.ld
Executing action: elf
Running ninja in directory /home/tikhon/Документы/magnolia/applets/zig/zhexdump/build
Executing "ninja elf"...
[0/2] Re-checking globbed directories...
[1/2] Build ELF: hexdump.app.elf
/home/tikhon/.espressif/tools/xtensa-esp-elf/esp-15.1.0_20250607/xtensa-esp-elf/bin/../lib/gcc/xtensa-esp-elf/15.1.0/../../../../xtensa-esp-elf/bin/ld: warning: hexdump.app.elf has a LOAD segment with RWX permissions
Applet zhexdump OK -> /home/tikhon/Документы/magnolia/rootfs/bin/zhexdump
[1/4] Zig build-obj: dd -> /home/tikhon/Документы/magnolia/applets/zig/zdd/build/esp-idf/main/dd.zig.o
0.14.0-dev.xtensa.2486+941677e08
Executing action: elf
Running ninja in directory /home/tikhon/Документы/magnolia/applets/zig/zigdemo/build
Executing "ninja elf"...
[0/2] Re-checking globbed directories...
[2/4] Linking C static library esp-idf/main/libmain.a
[1/2] Build ELF: zigdemo.app.elf
/home/tikhon/.espressif/tools/xtensa-esp-elf/esp-15.1.0_20250607/xtensa-esp-elf/bin/../lib/gcc/xtensa-esp-elf/15.1.0/../../../../xtensa-esp-elf/bin/ld: warning: zigdemo.app.elf has a LOAD segment with RWX permissions
[3/4] Build ELF: dd.app.elf
/home/tikhon/.espressif/tools/xtensa-esp-elf/esp-15.1.0_20250607/xtensa-esp-elf/bin/../lib/gcc/xtensa-esp-elf/15.1.0/../../../../xtensa-esp-elf/bin/ld: warning: dd.app.elf has a LOAD segment with RWX permissions
-- Components: app_trace app_update bootloader bootloader_support bt cmock console cxx driver efuse esp-tls esp_adc esp_app_format esp_bootloader_format esp_coex esp_common esp_driver_ana_cmpr esp_driver_bitscrambler esp_driver_cam esp_driver_dac esp_driver_gpio esp_driver_gptimer esp_driver_i2c esp_driver_i2s esp_driver_i3c esp_driver_isp esp_driver_jpeg esp_driver_ledc esp_driver_mcpwm esp_driver_parlio esp_driver_pcnt esp_driver_ppa esp_driver_rmt esp_driver_sd_intf esp_driver_sdio esp_driver_sdm esp_driver_sdmmc esp_driver_sdspi esp_driver_spi esp_driver_touch_sens esp_driver_tsens esp_driver_twai esp_driver_uart esp_driver_usb_serial_jtag esp_eth esp_event esp_gdbstub esp_hid esp_http_client esp_http_server esp_https_ota esp_https_server esp_hw_support esp_lcd esp_local_ctrl esp_mm esp_netif esp_netif_stack esp_partition esp_phy esp_pm esp_psram esp_ringbuf esp_rom esp_security esp_system esp_timer esp_vfs_console esp_wifi espcoredump esptool_py fatfs freertos hal heap http_parser idf_test ieee802154 json log lwip mbedtls mqtt newlib nvs_flash nvs_sec_provider openthread partition_table perfmon protobuf-c protocomm pthread rt sdmmc soc spi_flash spiffs tcp_transport touch_element ulp unity usb vfs wear_levelling wifi_provisioning wpa_supplicant xtensa
-- Component paths: /home/tikhon/Документы/magnolia/esp-idf/components/app_trace /home/tikhon/Документы/magnolia/esp-idf/components/app_update /home/tikhon/Документы/magnolia/esp-idf/components/bootloader /home/tikhon/Документы/magnolia/esp-idf/components/bootloader_support /home/tikhon/Документы/magnolia/esp-idf/components/bt /home/tikhon/Документы/magnolia/esp-idf/components/cmock /home/tikhon/Документы/magnolia/esp-idf/components/console /home/tikhon/Документы/magnolia/esp-idf/components/cxx /home/tikhon/Документы/magnolia/esp-idf/components/driver /home/tikhon/Документы/magnolia/esp-idf/components/efuse /home/tikhon/Документы/magnolia/esp-idf/components/esp-tls /home/tikhon/Документы/magnolia/esp-idf/components/esp_adc /home/tikhon/Документы/magnolia/esp-idf/components/esp_app_format /home/tikhon/Документы/magnolia/esp-idf/components/esp_bootloader_format /home/tikhon/Документы/magnolia/esp-idf/components/esp_coex /home/tikhon/Документы/magnolia/esp-idf/components/esp_common /home/tikhon/Документы/magnolia/esp-idf/components/esp_driver_ana_cmpr /home/tikhon/Документы/magnolia/esp-idf/components/esp_driver_bitscrambler /home/tikhon/Документы/magnolia/esp-idf/components/esp_driver_cam /home/tikhon/Документы/magnolia/esp-idf/components/esp_driver_dac /home/tikhon/Документы/magnolia/esp-idf/components/esp_driver_gpio /home/tikhon/Документы/magnolia/esp-idf/components/esp_driver_gptimer /home/tikhon/Документы/magnolia/esp-idf/components/esp_driver_i2c /home/tikhon/Документы/magnolia/esp-idf/components/esp_driver_i2s /home/tikhon/Документы/magnolia/esp-idf/components/esp_driver_i3c /home/tikhon/Документы/magnolia/esp-idf/components/esp_driver_isp /home/tikhon/Документы/magnolia/esp-idf/components/esp_driver_jpeg /home/tikhon/Документы/magnolia/esp-idf/components/esp_driver_ledc /home/tikhon/Документы/magnolia/esp-idf/components/esp_driver_mcpwm /home/tikhon/Документы/magnolia/esp-idf/components/esp_driver_parlio /home/tikhon/Документы/magnolia/esp-idf/components/esp_driver_pcnt /home/tikhon/Документы/magnolia/esp-idf/components/esp_driver_ppa /home/tikhon/Документы/magnolia/esp-idf/components/esp_driver_rmt /home/tikhon/Документы/magnolia/esp-idf/components/esp_driver_sd_intf /home/tikhon/Документы/magnolia/esp-idf/components/esp_driver_sdio /home/tikhon/Документы/magnolia/esp-idf/components/esp_driver_sdm /home/tikhon/Документы/magnolia/esp-idf/components/esp_driver_sdmmc /home/tikhon/Документы/magnolia/esp-idf/components/esp_driver_sdspi /home/tikhon/Документы/magnolia/esp-idf/components/esp_driver_spi /home/tikhon/Документы/magnolia/esp-idf/components/esp_driver_touch_sens /home/tikhon/Документы/magnolia/esp-idf/components/esp_driver_tsens /home/tikhon/Документы/magnolia/esp-idf/components/esp_driver_twai /home/tikhon/Документы/magnolia/esp-idf/components/esp_driver_uart /home/tikhon/Документы/magnolia/esp-idf/components/esp_driver_usb_serial_jtag /home/tikhon/Документы/magnolia/esp-idf/components/esp_eth /home/tikhon/Документы/magnolia/esp-idf/components/esp_event /home/tikhon/Документы/magnolia/esp-idf/components/esp_gdbstub /home/tikhon/Документы/magnolia/esp-idf/components/esp_hid /home/tikhon/Документы/magnolia/esp-idf/components/esp_http_client /home/tikhon/Документы/magnolia/esp-idf/components/esp_http_server /home/tikhon/Документы/magnolia/esp-idf/components/esp_https_ota /home/tikhon/Документы/magnolia/esp-idf/components/esp_https_server /home/tikhon/Документы/magnolia/esp-idf/components/esp_hw_support /home/tikhon/Документы/magnolia/esp-idf/components/esp_lcd /home/tikhon/Документы/magnolia/esp-idf/components/esp_local_ctrl /home/tikhon/Документы/magnolia/esp-idf/components/esp_mm /home/tikhon/Документы/magnolia/esp-idf/components/esp_netif /home/tikhon/Документы/magnolia/esp-idf/components/esp_netif_stack /home/tikhon/Документы/magnolia/esp-idf/components/esp_partition /home/tikhon/Документы/magnolia/esp-idf/components/esp_phy /home/tikhon/Документы/magnolia/esp-idf/components/esp_pm /home/tikhon/Документы/magnolia/esp-idf/components/esp_psram /home/tikhon/Документы/magnolia/esp-idf/components/esp_ringbuf /home/tikhon/Документы/magnolia/esp-idf/components/esp_rom /home/tikhon/Документы/magnolia/esp-idf/components/esp_security /home/tikhon/Документы/magnolia/esp-idf/components/esp_system /home/tikhon/Документы/magnolia/esp-idf/components/esp_timer /home/tikhon/Документы/magnolia/esp-idf/components/esp_vfs_console /home/tikhon/Документы/magnolia/esp-idf/components/esp_wifi /home/tikhon/Документы/magnolia/esp-idf/components/espcoredump /home/tikhon/Документы/magnolia/esp-idf/components/esptool_py /home/tikhon/Документы/magnolia/esp-idf/components/fatfs /home/tikhon/Документы/magnolia/esp-idf/components/freertos /home/tikhon/Документы/magnolia/esp-idf/components/hal /home/tikhon/Документы/magnolia/esp-idf/components/heap /home/tikhon/Документы/magnolia/esp-idf/components/http_parser /home/tikhon/Документы/magnolia/esp-idf/components/idf_test /home/tikhon/Документы/magnolia/esp-idf/components/ieee802154 /home/tikhon/Документы/magnolia/esp-idf/components/json /home/tikhon/Документы/magnolia/esp-idf/components/log /home/tikhon/Документы/magnolia/esp-idf/components/lwip /home/tikhon/Документы/magnolia/esp-idf/components/mbedtls /home/tikhon/Документы/magnolia/esp-idf/components/mqtt /home/tikhon/Документы/magnolia/esp-idf/components/newlib /home/tikhon/Документы/magnolia/esp-idf/components/nvs_flash /home/tikhon/Документы/magnolia/esp-idf/components/nvs_sec_provider /home/tikhon/Документы/magnolia/esp-idf/components/openthread /home/tikhon/Документы/magnolia/esp-idf/components/partition_table /home/tikhon/Документы/magnolia/esp-idf/components/perfmon /home/tikhon/Документы/magnolia/esp-idf/components/protobuf-c /home/tikhon/Документы/magnolia/esp-idf/components/protocomm /home/tikhon/Документы/magnolia/esp-idf/components/pthread /home/tikhon/Документы/magnolia/esp-idf/components/rt /home/tikhon/Документы/magnolia/esp-idf/components/sdmmc /home/tikhon/Документы/magnolia/esp-idf/components/soc /home/tikhon/Документы/magnolia/esp-idf/components/spi_flash /home/tikhon/Документы/magnolia/esp-idf/components/spiffs /home/tikhon/Документы/magnolia/esp-idf/components/tcp_transport /home/tikhon/Документы/magnolia/esp-idf/components/touch_element /home/tikhon/Документы/magnolia/esp-idf/components/ulp /home/tikhon/Документы/magnolia/esp-idf/components/unity /home/tikhon/Документы/magnolia/esp-idf/components/usb /home/tikhon/Документы/magnolia/esp-idf/components/vfs /home/tikhon/Документы/magnolia/esp-idf/components/wear_levelling /home/tikhon/Документы/magnolia/esp-idf/components/wifi_provisioning /home/tikhon/Документы/magnolia/esp-idf/components/wpa_supplicant /home/tikhon/Документы/magnolia/esp-idf/components/xtensa
-- Configuring done (4.7s)
Executing action: elf
Running ninja in directory /home/tikhon/Документы/magnolia/applets/zig/zigtest/build
Executing "ninja elf"...
[0/2] Re-checking globbed directories...
Executing action: elf
Running ninja in directory /home/tikhon/Документы/magnolia/applets/zig/zighello/build
Executing "ninja elf"...
[0/2] Re-checking globbed directories...
[1/2] Build ELF: zighello.app.elf
[1/2] Build ELF: zigtest.app.elf
/home/tikhon/.espressif/tools/xtensa-esp-elf/esp-15.1.0_20250607/xtensa-esp-elf/bin/../lib/gcc/xtensa-esp-elf/15.1.0/../../../../xtensa-esp-elf/bin/ld: warning: zigtest.app.elf has a LOAD segment with RWX permissions
Applet zdd OK -> /home/tikhon/Документы/magnolia/rootfs/bin/zdd
Executing action: elf
Running ninja in directory /home/tikhon/Документы/magnolia/applets/zig/zxxd/build
Executing "ninja elf"...
[0/2] Re-checking globbed directories...
Applet zigdemo OK -> /home/tikhon/Документы/magnolia/rootfs/bin/zigdemo
[1/2] Build ELF: xxd.app.elf
/home/tikhon/.espressif/tools/xtensa-esp-elf/esp-15.1.0_20250607/xtensa-esp-elf/bin/../lib/gcc/xtensa-esp-elf/15.1.0/../../../../xtensa-esp-elf/bin/ld: warning: xxd.app.elf has a LOAD segment with RWX permissions
Applet zighello OK -> /home/tikhon/Документы/magnolia/rootfs/bin/zighello
Applet zigtest OK -> /home/tikhon/Документы/magnolia/rootfs/bin/zigtest
Applet zxxd OK -> /home/tikhon/Документы/magnolia/rootfs/bin/zxxd
-- Generating done (0.3s)
-- Build files have been written to: /home/tikhon/Документы/magnolia/applets/mainline/fold/build
+ idf.py elf
Executing action: elf
Command failed (2): idf.py elf
Elf target failed for fold; running `idf.py build` instead.
+ idf.py build
Executing action: all (aliases: build)
Running ninja in directory /home/tikhon/Документы/magnolia/applets/mainline/fold/build
Executing "ninja all"...
Command failed (2): idf.py build
Skipping failed applet build: fold
+ /home/tikhon/Документы/magnolia/build/littlefs_mkimage create /home/tikhon/Документы/magnolia/rootfs /home/tikhon/Документы/magnolia/build/vfs.bin --block-size=4096 --fs-size=2097152 --read-size=128 --prog-size=128 --cache-size=512 --lookahead-size=64
LittleFS image OK size=2097152 -> /home/tikhon/Документы/magnolia/build/vfs.bin
bash -lc 'source esp-idf/export.sh >/dev/null 2>&1 && python3 tools/applets.py build  '
Building applet basename -> basename ...
Building applet cat -> cat ...
Building applet cd -> cd ...
Building applet chmod -> chmod ...
Building applet chown -> chown ...
Building applet cksum -> cksum ...
Building applet cmp -> cmp ...
Building applet comm -> comm ...
+ idf.py elf
Building applet cp -> cp ...
Building applet cut -> cut ...
Building applet date -> date ...
+ idf.py elf
+ idf.py elf
+ idf.py elf
Building applet df -> df ...
+ idf.py elf
+ idf.py elf
+ idf.py elf
+ idf.py elf
Building applet du -> du ...
+ idf.py elf
+ idf.py elf
Building applet dirname -> dirname ...
+ idf.py elf
Building applet echo -> echo ...
Building applet dd -> dd ...
+ idf.py elf
+ idf.py elf
+ idf.py elf
+ idf.py elf
+ idf.py elf
Executing action: elf
Running ninja in directory /home/tikhon/Документы/magnolia/applets/mainline/cksum/build
Executing "ninja elf"...
[1/1] Build ELF: cksum.app.elf
Executing action: elf
Running ninja in directory /home/tikhon/Документы/magnolia/applets/mainline/basename/build
Executing "ninja elf"...
[1/1] Build ELF: basename.app.elf
Executing action: elf
Running ninja in directory /home/tikhon/Документы/magnolia/applets/mainline/dd/build
Executing "ninja elf"...
[1/1] Build ELF: dd.app.elf
Executing action: elf
Running ninja in directory /home/tikhon/Документы/magnolia/applets/mainline/cd/build
Executing "ninja elf"...
[1/1] Build ELF: cd.app.elf
Executing action: elf
Running ninja in directory /home/tikhon/Документы/magnolia/applets/mainline/date/build
Executing "ninja elf"...
[1/1] Build ELF: date.app.elf
Executing action: elf
Running ninja in directory /home/tikhon/Документы/magnolia/applets/mainline/cmp/build
Executing "ninja elf"...
[1/1] Build ELF: cmp.app.elf
Executing action: elf
Running ninja in directory /home/tikhon/Документы/magnolia/applets/mainline/dirname/build
Executing "ninja elf"...
[1/1] Build ELF: dirname.app.elf
Executing action: elf
Running ninja in directory /home/tikhon/Документы/magnolia/applets/mainline/comm/build
Executing "ninja elf"...
[1/1] Build ELF: comm.app.elf
Executing action: elf
Running ninja in directory /home/tikhon/Документы/magnolia/applets/mainline/du/build
Executing "ninja elf"...
[1/1] Build ELF: du.app.elf
Executing action: elf
Running ninja in directory /home/tikhon/Документы/magnolia/applets/mainline/cat/build
Executing "ninja elf"...
[1/1] Build ELF: cat.app.elf
Executing action: elf
Running ninja in directory /home/tikhon/Документы/magnolia/applets/mainline/chmod/build
Executing "ninja elf"...
[1/1] Build ELF: chmod.app.elf
Executing action: elf
Running ninja in directory /home/tikhon/Документы/magnolia/applets/mainline/df/build
Executing "ninja elf"...
[1/1] Build ELF: df.app.elf
Executing action: elf
Running ninja in directory /home/tikhon/Документы/magnolia/applets/mainline/cut/build
Executing "ninja elf"...
[1/1] Build ELF: cut.app.elf
Executing action: elf
Running ninja in directory /home/tikhon/Документы/magnolia/applets/mainline/chown/build
Executing "ninja elf"...
[1/1] Build ELF: chown.app.elf
Executing action: elf
Running ninja in directory /home/tikhon/Документы/magnolia/applets/mainline/cp/build
Executing "ninja elf"...
[1/1] Build ELF: cp.app.elf
Executing action: elf
Running ninja in directory /home/tikhon/Документы/magnolia/applets/mainline/echo/build
Executing "ninja elf"...
[1/1] Build ELF: echo.app.elf
Applet cksum OK -> /home/tikhon/Документы/magnolia/rootfs/bin/cksum
Building applet elftest -> elftest ...
+ idf.py elf
Applet date OK -> /home/tikhon/Документы/magnolia/rootfs/bin/date
Building applet env -> env ...
Applet dd OK -> /home/tikhon/Документы/magnolia/rootfs/bin/dd
Building applet fold -> fold ...
Reconfiguring applet fold (cmake inputs changed)
+ idf.py reconfigure
+ idf.py elf
Applet cmp OK -> /home/tikhon/Документы/magnolia/rootfs/bin/cmp
Building applet false -> false ...
+ idf.py elf
Applet cd OK -> /home/tikhon/Документы/magnolia/rootfs/bin/cd
Building applet free -> free ...
Applet basename OK -> /home/tikhon/Документы/magnolia/rootfs/bin/basename
Building applet head -> head ...
+ idf.py elf
+ idf.py elf
Applet comm OK -> /home/tikhon/Документы/magnolia/rootfs/bin/comm
Building applet hexdump -> hexdump ...
+ idf.py elf
Applet chmod OK -> /home/tikhon/Документы/magnolia/rootfs/bin/chmod
Building applet init -> init ...
+ idf.py elf
Applet du OK -> /home/tikhon/Документы/magnolia/rootfs/bin/du
Building applet kill -> kill ...
+ idf.py elf
Applet dirname OK -> /home/tikhon/Документы/magnolia/rootfs/bin/dirname
Building applet ln -> ln ...
Applet df OK -> /home/tikhon/Документы/magnolia/rootfs/bin/df
Building applet login -> login ...
Applet cp OK -> /home/tikhon/Документы/magnolia/rootfs/bin/cp
Building applet ls -> ls ...
+ idf.py elf
+ idf.py elf
+ idf.py elf
Applet chown OK -> /home/tikhon/Документы/magnolia/rootfs/bin/chown
Building applet medit -> medit ...
+ idf.py elf
Applet cut OK -> /home/tikhon/Документы/magnolia/rootfs/bin/cut
Building applet mkdir -> mkdir ...
+ idf.py elf
Applet cat OK -> /home/tikhon/Документы/magnolia/rootfs/bin/cat
Building applet mv -> mv ...
+ idf.py elf
Applet echo OK -> /home/tikhon/Документы/magnolia/rootfs/bin/echo
Building applet ps -> ps ...
+ idf.py elf
Executing action: elf
Running ninja in directory /home/tikhon/Документы/magnolia/applets/mainline/env/build
Executing "ninja elf"...
[1/1] Build ELF: env.app.elf
Executing action: elf
Running ninja in directory /home/tikhon/Документы/magnolia/applets/mainline/elftest/build
Executing "ninja elf"...
[1/1] Build ELF: elftest.app.elf
Executing action: elf
Running ninja in directory /home/tikhon/Документы/magnolia/applets/mainline/hexdump/build
Executing "ninja elf"...
[1/1] Build ELF: hexdump.app.elf
Executing action: elf
Running ninja in directory /home/tikhon/Документы/magnolia/applets/mainline/free/build
Executing "ninja elf"...
[1/1] Build ELF: free.app.elf
Executing action: elf
Running ninja in directory /home/tikhon/Документы/magnolia/applets/mainline/init/build
Executing "ninja elf"...
[1/1] Build ELF: init.app.elf
Executing action: elf
Running ninja in directory /home/tikhon/Документы/magnolia/applets/mainline/ln/build
Executing "ninja elf"...
[1/1] Build ELF: ln.app.elf
Executing action: elf
Running ninja in directory /home/tikhon/Документы/magnolia/applets/mainline/medit/build
Executing "ninja elf"...
[1/1] Build ELF: medit.app.elf
Executing action: elf
Running ninja in directory /home/tikhon/Документы/magnolia/applets/mainline/ls/build
Executing "ninja elf"...
[1/1] Build ELF: ls.app.elf
Applet env OK -> /home/tikhon/Документы/magnolia/rootfs/bin/env
Building applet printenv -> printenv ...
+ idf.py elf
Executing action: elf
Running ninja in directory /home/tikhon/Документы/magnolia/applets/mainline/head/build
Executing "ninja elf"...
[1/1] Build ELF: head.app.elf
Executing action: elf
Running ninja in directory /home/tikhon/Документы/magnolia/applets/mainline/false/build
Executing "ninja elf"...
[1/1] Build ELF: false.app.elf
Executing action: elf
Running ninja in directory /home/tikhon/Документы/magnolia/applets/mainline/login/build
Executing "ninja elf"...
[1/1] Build ELF: login.app.elf
Applet elftest OK -> /home/tikhon/Документы/magnolia/rootfs/bin/elftest
Building applet printf -> printf ...
+ idf.py elf
Executing action: elf
Running ninja in directory /home/tikhon/Документы/magnolia/applets/mainline/kill/build
Executing "ninja elf"...
[1/1] Build ELF: kill.app.elf
Applet hexdump OK -> /home/tikhon/Документы/magnolia/rootfs/bin/hexdump
Building applet paste -> paste ...
+ idf.py elf
Applet free OK -> /home/tikhon/Документы/magnolia/rootfs/bin/free
Building applet pwd -> pwd ...
+ idf.py elf
Executing action: elf
Running ninja in directory /home/tikhon/Документы/magnolia/applets/mainline/ps/build
Executing "ninja elf"...
[1/1] Build ELF: ps.app.elf
Executing action: elf
Running ninja in directory /home/tikhon/Документы/magnolia/applets/mainline/mkdir/build
Executing "ninja elf"...
[1/1] Build ELF: mkdir.app.elf
Applet ln OK -> /home/tikhon/Документы/magnolia/rootfs/bin/ln
Building applet rm -> rm ...
+ idf.py elf
Applet init OK -> /home/tikhon/Документы/magnolia/rootfs/bin/init
Building applet rmdir -> rmdir ...
+ idf.py elf
Applet medit OK -> /home/tikhon/Документы/magnolia/rootfs/bin/medit
Building applet rev -> rev ...
+ idf.py elf
Applet ls OK -> /home/tikhon/Документы/magnolia/rootfs/bin/ls
Building applet sh -> sh ...
+ idf.py elf
Applet head OK -> /home/tikhon/Документы/magnolia/rootfs/bin/head
Building applet shell -> shell ...
+ idf.py elf
Executing action: elf
Running ninja in directory /home/tikhon/Документы/magnolia/applets/mainline/mv/build
Executing "ninja elf"...
[1/1] Build ELF: mv.app.elf
Applet login OK -> /home/tikhon/Документы/magnolia/rootfs/bin/login
Building applet sleep -> sleep ...
+ idf.py elf
Applet false OK -> /home/tikhon/Документы/magnolia/rootfs/bin/false
Building applet sort -> sort ...
+ idf.py elf
Applet mkdir OK -> /home/tikhon/Документы/magnolia/rootfs/bin/mkdir
Building applet tail -> tail ...
+ idf.py elf
Applet kill OK -> /home/tikhon/Документы/magnolia/rootfs/bin/kill
Building applet tee -> tee ...
+ idf.py elf
Applet ps OK -> /home/tikhon/Документы/magnolia/rootfs/bin/ps
Building applet test -> test ...
+ idf.py elf
Applet mv OK -> /home/tikhon/Документы/magnolia/rootfs/bin/mv
Building applet touch -> touch ...
+ idf.py elf
Executing action: reconfigure
Running cmake in directory /home/tikhon/Документы/magnolia/applets/mainline/fold/build
Executing "cmake -G Ninja -DPYTHON_DEPS_CHECKED=1 -DPYTHON=/home/tikhon/.espressif/python_env/idf6.0_py3.12_env/bin/python -DESP_PLATFORM=1 -DCCACHE_ENABLE=0 /home/tikhon/Документы/magnolia/applets/mainline/fold"...
-- Minimal build - OFF
-- Building ESP-IDF components for target esp32s3
Executing action: elf
Running ninja in directory /home/tikhon/Документы/magnolia/applets/mainline/printenv/build
Executing "ninja elf"...
[1/1] Build ELF: printenv.app.elf
Executing action: elf
Running ninja in directory /home/tikhon/Документы/magnolia/applets/mainline/printf/build
Executing "ninja elf"...
[1/1] Build ELF: printf.app.elf
Executing action: elf
Running ninja in directory /home/tikhon/Документы/magnolia/applets/mainline/pwd/build
Executing "ninja elf"...
[1/1] Build ELF: pwd.app.elf
NOTICE: Processing 1 dependencies:
NOTICE: [1/1] idf (6.0.0)
Executing action: elf
Running ninja in directory /home/tikhon/Документы/magnolia/applets/mainline/paste/build
Executing "ninja elf"...
[1/1] Build ELF: paste.app.elf
Executing action: elf
Running ninja in directory /home/tikhon/Документы/magnolia/applets/mainline/rm/build
Executing "ninja elf"...
[1/1] Build ELF: rm.app.elf
Executing action: elf
Running ninja in directory /home/tikhon/Документы/magnolia/applets/mainline/rmdir/build
Executing "ninja elf"...
[1/1] Build ELF: rmdir.app.elf
Applet printenv OK -> /home/tikhon/Документы/magnolia/rootfs/bin/printenv
Building applet tr -> tr ...
+ idf.py elf
Applet printf OK -> /home/tikhon/Документы/magnolia/rootfs/bin/printf
Building applet true -> true ...
+ idf.py elf
Applet pwd OK -> /home/tikhon/Документы/magnolia/rootfs/bin/pwd
Building applet uname -> uname ...
+ idf.py elf
Executing action: elf
Running ninja in directory /home/tikhon/Документы/magnolia/applets/mainline/rev/build
Executing "ninja elf"...
[1/1] Build ELF: rev.app.elf
Applet rmdir OK -> /home/tikhon/Документы/magnolia/rootfs/bin/rmdir
Building applet unlink -> unlink ...
+ idf.py elf
Executing action: elf
Running ninja in directory /home/tikhon/Документы/magnolia/applets/mainline/test/build
Executing "ninja elf"...
[1/1] Build ELF: test.app.elf
Executing action: elf
Running ninja in directory /home/tikhon/Документы/magnolia/applets/mainline/sort/build
Executing "ninja elf"...
[1/1] Build ELF: sort.app.elf
Executing action: elf
Running ninja in directory /home/tikhon/Документы/magnolia/applets/mainline/sh/build
Executing "ninja elf"...
[1/1] Build ELF: sh.app.elf
Applet paste OK -> /home/tikhon/Документы/magnolia/rootfs/bin/paste
Building applet user -> user ...
+ idf.py elf
Executing action: elf
Running ninja in directory /home/tikhon/Документы/magnolia/applets/mainline/shell/build
Executing "ninja elf"...
[1/1] Build ELF: shell.app.elf
Executing action: elf
Running ninja in directory /home/tikhon/Документы/magnolia/applets/mainline/sleep/build
Executing "ninja elf"...
[1/1] Build ELF: sleep.app.elf
Executing action: elf
Running ninja in directory /home/tikhon/Документы/magnolia/applets/mainline/tail/build
Executing "ninja elf"...
[1/1] Build ELF: tail.app.elf
Executing action: elf
Running ninja in directory /home/tikhon/Документы/magnolia/applets/mainline/tee/build
Executing "ninja elf"...
[1/1] Build ELF: tee.app.elf
-- ESP-TEE is currently supported only on the esp32c6;esp32h2;esp32c5 SoCs
Applet rm OK -> /home/tikhon/Документы/magnolia/rootfs/bin/rm
Building applet vi -> vi ...
+ idf.py elf
Applet rev OK -> /home/tikhon/Документы/magnolia/rootfs/bin/rev
Building applet wc -> wc ...
+ idf.py elf
Executing action: elf
Running ninja in directory /home/tikhon/Документы/magnolia/applets/mainline/touch/build
Executing "ninja elf"...
[1/1] Build ELF: touch.app.elf
Applet sh OK -> /home/tikhon/Документы/magnolia/rootfs/bin/sh
Building applet yes -> yes ...
Applet test OK -> /home/tikhon/Документы/magnolia/rootfs/bin/test
Building applet xxd -> xxd ...
+ idf.py elf
+ idf.py elf
Applet sleep OK -> /home/tikhon/Документы/magnolia/rootfs/bin/sleep
Building applet echo -> goecho ...
+ idf.py elf
Applet sort OK -> /home/tikhon/Документы/magnolia/rootfs/bin/sort
Building applet false -> gofalse ...
+ idf.py elf
Applet tail OK -> /home/tikhon/Документы/magnolia/rootfs/bin/tail
Building applet goargs -> goargs ...
+ idf.py elf
Applet shell OK -> /home/tikhon/Документы/magnolia/rootfs/bin/shell
Applet tee OK -> /home/tikhon/Документы/magnolia/rootfs/bin/tee
Building applet godd -> godd ...
Building applet gohello -> gohello ...
+ idf.py elf
+ idf.py elf
Applet touch OK -> /home/tikhon/Документы/magnolia/rootfs/bin/touch
Building applet gohexdump -> gohexdump ...
+ idf.py elf
Executing action: elf
Running ninja in directory /home/tikhon/Документы/magnolia/applets/mainline/tr/build
Executing "ninja elf"...
[1/1] Build ELF: tr.app.elf
Executing action: elf
Running ninja in directory /home/tikhon/Документы/magnolia/applets/mainline/unlink/build
Executing "ninja elf"...
[1/1] Build ELF: unlink.app.elf
Executing action: elf
Running ninja in directory /home/tikhon/Документы/magnolia/applets/mainline/true/build
Executing "ninja elf"...
[1/1] Build ELF: true.app.elf
-- Project sdkconfig file /home/tikhon/Документы/magnolia/applets/mainline/fold/sdkconfig
Applet tr OK -> /home/tikhon/Документы/magnolia/rootfs/bin/tr
Building applet gotest -> gotest ...
+ idf.py elf
Executing action: elf
Running ninja in directory /home/tikhon/Документы/magnolia/applets/mainline/uname/build
Executing "ninja elf"...
[1/1] Build ELF: uname.app.elf
Executing action: elf
Running ninja in directory /home/tikhon/Документы/magnolia/applets/mainline/user/build
Executing "ninja elf"...
[1/1] Build ELF: user.app.elf
Executing action: elf
Running ninja in directory /home/tikhon/Документы/magnolia/applets/mainline/wc/build
Executing "ninja elf"...
[1/1] Build ELF: wc.app.elf
Applet unlink OK -> /home/tikhon/Документы/magnolia/rootfs/bin/unlink
Building applet goxxd -> goxxd ...
+ idf.py elf
Executing action: elf
Running ninja in directory /home/tikhon/Документы/magnolia/applets/go/echo/build
Executing "ninja elf"...
[0/2] Re-checking globbed directories...
Executing action: elf
Running ninja in directory /home/tikhon/Документы/magnolia/applets/go/goargs/build
Executing "ninja elf"...
[0/2] Re-checking globbed directories...
Applet true OK -> /home/tikhon/Документы/magnolia/rootfs/bin/true
Building applet pwd -> gopwd ...
+ idf.py elf
Executing action: elf
Running ninja in directory /home/tikhon/Документы/magnolia/applets/mainline/vi/build
Executing "ninja elf"...
[1/1] Build ELF: vi.app.elf
[1/2] Build ELF: goargs.app.elf
Applet uname OK -> /home/tikhon/Документы/magnolia/rootfs/bin/uname
Building applet sleep -> gosleep ...
+ idf.py elf
Executing action: elf
Running ninja in directory /home/tikhon/Документы/magnolia/applets/mainline/xxd/build
Executing "ninja elf"...
[1/1] Build ELF: xxd.app.elf
[1/2] Build ELF: echo.app.elf
Executing action: elf
Running ninja in directory /home/tikhon/Документы/magnolia/applets/go/godd/build
Executing "ninja elf"...
[0/2] Re-checking globbed directories...
Executing action: elf
Running ninja in directory /home/tikhon/Документы/magnolia/applets/mainline/yes/build
Executing "ninja elf"...
[1/1] Build ELF: yes.app.elf
[1/2] Build ELF: dd.app.elf
Applet user OK -> /home/tikhon/Документы/magnolia/rootfs/bin/user
Building applet true -> gotrue ...
+ idf.py elf
Applet wc OK -> /home/tikhon/Документы/magnolia/rootfs/bin/wc
Building applet uname -> gouname ...
+ idf.py elf
Executing action: elf
Running ninja in directory /home/tikhon/Документы/magnolia/applets/go/false/build
Executing "ninja elf"...
[0/2] Re-checking globbed directories...
Executing action: elf
Running ninja in directory /home/tikhon/Документы/magnolia/applets/go/gohello/build
Executing "ninja elf"...
[0/2] Re-checking globbed directories...
Executing action: elf
Running ninja in directory /home/tikhon/Документы/magnolia/applets/go/gohexdump/build
Executing "ninja elf"...
[0/2] Re-checking globbed directories...
[1/2] Build ELF: false.app.elf
Applet vi OK -> /home/tikhon/Документы/magnolia/rootfs/bin/vi
Building applet edit -> edit ...
+ idf.py elf
[1/2] Build ELF: gohello.app.elf
[1/2] Build ELF: hexdump.app.elf
Applet xxd OK -> /home/tikhon/Документы/magnolia/rootfs/bin/xxd
Building applet rdd -> rdd ...
+ idf.py elf
Applet godd OK -> /home/tikhon/Документы/magnolia/rootfs/bin/godd
Building applet rhexdump -> rhexdump ...
+ idf.py elf
Applet goargs OK -> /home/tikhon/Документы/magnolia/rootfs/bin/goargs
Building applet rselftest -> rselftest ...
+ idf.py elf
Applet echo OK -> /home/tikhon/Документы/magnolia/rootfs/bin/goecho
Building applet rshello -> rshello ...
+ idf.py elf
Applet yes OK -> /home/tikhon/Документы/magnolia/rootfs/bin/yes
Building applet rusthello -> rusthello ...
+ idf.py elf
Applet gohexdump OK -> /home/tikhon/Документы/magnolia/rootfs/bin/gohexdump
Building applet rxxd -> rxxd ...
+ idf.py elf
Applet gohello OK -> /home/tikhon/Документы/magnolia/rootfs/bin/gohello
Building applet zdd -> zdd ...
+ idf.py elf
Applet false OK -> /home/tikhon/Документы/magnolia/rootfs/bin/gofalse
Building applet zhexdump -> zhexdump ...
+ idf.py elf
-- Compiler supported targets: xtensa-esp-elf
-- App "fold" version: fce3dc6-dirty
Executing action: elf
Running ninja in directory /home/tikhon/Документы/magnolia/applets/go/gotest/build
Executing "ninja elf"...
[0/2] Re-checking globbed directories...
[1/2] Build ELF: gotest.app.elf
Executing action: elf
Running ninja in directory /home/tikhon/Документы/magnolia/applets/go/pwd/build
Executing "ninja elf"...
[0/2] Re-checking globbed directories...
-- USING O3
Executing action: elf
Running ninja in directory /home/tikhon/Документы/magnolia/applets/go/sleep/build
Executing "ninja elf"...
[0/2] Re-checking globbed directories...
-- Adding linker script /home/tikhon/Документы/magnolia/applets/mainline/fold/build/esp-idf/esp_system/ld/memory.ld
-- Adding linker script /home/tikhon/Документы/magnolia/applets/mainline/fold/build/esp-idf/esp_system/ld/sections.ld.in
-- Adding linker script /home/tikhon/Документы/magnolia/esp-idf/components/esp_rom/esp32s3/ld/esp32s3.rom.ld
-- Adding linker script /home/tikhon/Документы/magnolia/esp-idf/components/esp_rom/esp32s3/ld/esp32s3.rom.api.ld
-- Adding linker script /home/tikhon/Документы/magnolia/esp-idf/components/esp_rom/esp32s3/ld/esp32s3.rom.bt_funcs.ld
-- Adding linker script /home/tikhon/Документы/magnolia/esp-idf/components/esp_rom/esp32s3/ld/esp32s3.rom.libgcc.ld
-- Adding linker script /home/tikhon/Документы/magnolia/esp-idf/components/esp_rom/esp32s3/ld/esp32s3.rom.wdt.ld
-- Adding linker script /home/tikhon/Документы/magnolia/esp-idf/components/esp_rom/esp32s3/ld/esp32s3.rom.version.ld
-- Adding linker script /home/tikhon/Документы/magnolia/esp-idf/components/esp_rom/esp32s3/ld/esp32s3.rom.ble_master.ld
-- Adding linker script /home/tikhon/Документы/magnolia/esp-idf/components/esp_rom/esp32s3/ld/esp32s3.rom.ble_50.ld
-- Adding linker script /home/tikhon/Документы/magnolia/esp-idf/components/esp_rom/esp32s3/ld/esp32s3.rom.ble_smp.ld
-- Adding linker script /home/tikhon/Документы/magnolia/esp-idf/components/esp_rom/esp32s3/ld/esp32s3.rom.ble_dtm.ld
-- Adding linker script /home/tikhon/Документы/magnolia/esp-idf/components/esp_rom/esp32s3/ld/esp32s3.rom.ble_test.ld
-- Adding linker script /home/tikhon/Документы/magnolia/esp-idf/components/esp_rom/esp32s3/ld/esp32s3.rom.ble_scan.ld
-- Adding linker script /home/tikhon/Документы/magnolia/esp-idf/components/esp_rom/esp32s3/ld/esp32s3.rom.libc.ld
-- Adding linker script /home/tikhon/Документы/magnolia/esp-idf/components/esp_rom/esp32s3/ld/esp32s3.rom.newlib.ld
[1/2] Build ELF: sleep.app.elf
-- Adding linker script /home/tikhon/Документы/magnolia/esp-idf/components/soc/esp32s3/ld/esp32s3.peripherals.ld
[1/2] Build ELF: pwd.app.elf
Executing action: elf
Running ninja in directory /home/tikhon/Документы/magnolia/applets/go/goxxd/build
Executing "ninja elf"...
[0/2] Re-checking globbed directories...
[1/2] Build ELF: xxd.app.elf
Applet gotest OK -> /home/tikhon/Документы/magnolia/rootfs/bin/gotest
Building applet zigdemo -> zigdemo ...
+ idf.py elf
Executing action: elf
Running ninja in directory /home/tikhon/Документы/magnolia/applets/go/uname/build
Executing "ninja elf"...
[0/2] Re-checking globbed directories...
Executing action: elf
Running ninja in directory /home/tikhon/Документы/magnolia/applets/go/true/build
Executing "ninja elf"...
[0/2] Re-checking globbed directories...
Executing action: elf
Running ninja in directory /home/tikhon/Документы/magnolia/applets/rust/rdd/build
Executing "ninja elf"...
[0/2] Re-checking globbed directories...
[1/2] Build ELF: uname.app.elf
[1/2] Build ELF: true.app.elf
Executing action: elf
Running ninja in directory /home/tikhon/Документы/magnolia/applets/rust/edit/build
Executing "ninja elf"...
[0/2] Re-checking globbed directories...
Applet sleep OK -> /home/tikhon/Документы/magnolia/rootfs/bin/gosleep
Building applet zighello -> zighello ...
+ idf.py elf
[1/2] Build ELF: dd.app.elf
/home/tikhon/.espressif/tools/xtensa-esp-elf/esp-15.1.0_20250607/xtensa-esp-elf/bin/../lib/gcc/xtensa-esp-elf/15.1.0/../../../../xtensa-esp-elf/bin/ld: warning: dd.app.elf has a LOAD segment with RWX permissions
Executing action: elf
Running ninja in directory /home/tikhon/Документы/magnolia/applets/rust/rselftest/build
Executing "ninja elf"...
[0/2] Re-checking globbed directories...
Executing action: elf
Running ninja in directory /home/tikhon/Документы/magnolia/applets/rust/rhexdump/build
Executing "ninja elf"...
[0/2] Re-checking globbed directories...
[1/2] Build ELF: edit.app.elf
Applet goxxd OK -> /home/tikhon/Документы/magnolia/rootfs/bin/goxxd
Building applet zigtest -> zigtest ...
+ idf.py elf
Applet pwd OK -> /home/tikhon/Документы/magnolia/rootfs/bin/gopwd
Building applet zxxd -> zxxd ...
+ idf.py elf
[1/2] Build ELF: rselftest.app.elf
/home/tikhon/.espressif/tools/xtensa-esp-elf/esp-15.1.0_20250607/xtensa-esp-elf/bin/../lib/gcc/xtensa-esp-elf/15.1.0/../../../../xtensa-esp-elf/bin/ld: warning: rselftest.app.elf has a LOAD segment with RWX permissions
Executing action: elf
Running ninja in directory /home/tikhon/Документы/magnolia/applets/rust/rusthello/build
Executing "ninja elf"...
[0/2] Re-checking globbed directories...
[1/2] Build ELF: hexdump.app.elf
/home/tikhon/.espressif/tools/xtensa-esp-elf/esp-15.1.0_20250607/xtensa-esp-elf/bin/../lib/gcc/xtensa-esp-elf/15.1.0/../../../../xtensa-esp-elf/bin/ld: warning: hexdump.app.elf has a LOAD segment with RWX permissions
Applet uname OK -> /home/tikhon/Документы/magnolia/rootfs/bin/gouname
Executing action: elf
Running ninja in directory /home/tikhon/Документы/magnolia/applets/rust/rshello/build
Executing "ninja elf"...
[1/1] Build ELF: rshello.app.elf
/home/tikhon/.espressif/tools/xtensa-esp-elf/esp-15.1.0_20250607/xtensa-esp-elf/bin/../lib/gcc/xtensa-esp-elf/15.1.0/../../../../xtensa-esp-elf/bin/ld: warning: main.c.obj: missing .note.GNU-stack section implies executable stack
/home/tikhon/.espressif/tools/xtensa-esp-elf/esp-15.1.0_20250607/xtensa-esp-elf/bin/../lib/gcc/xtensa-esp-elf/15.1.0/../../../../xtensa-esp-elf/bin/ld: NOTE: This behaviour is deprecated and will be removed in a future version of the linker
Executing action: elf
Running ninja in directory /home/tikhon/Документы/magnolia/applets/zig/zdd/build
Executing "ninja elf"...
[0/2] Re-checking globbed directories...
[1/2] Build ELF: rusthello.app.elf
/home/tikhon/.espressif/tools/xtensa-esp-elf/esp-15.1.0_20250607/xtensa-esp-elf/bin/../lib/gcc/xtensa-esp-elf/15.1.0/../../../../xtensa-esp-elf/bin/ld: warning: rusthello.app.elf has a LOAD segment with RWX permissions
Executing action: elf
Running ninja in directory /home/tikhon/Документы/magnolia/applets/rust/rxxd/build
Executing "ninja elf"...
[0/2] Re-checking globbed directories...
[1/2] Build ELF: dd.app.elf
/home/tikhon/.espressif/tools/xtensa-esp-elf/esp-15.1.0_20250607/xtensa-esp-elf/bin/../lib/gcc/xtensa-esp-elf/15.1.0/../../../../xtensa-esp-elf/bin/ld: warning: dd.app.elf has a LOAD segment with RWX permissions
Executing action: elf
Running ninja in directory /home/tikhon/Документы/magnolia/applets/zig/zhexdump/build
Executing "ninja elf"...
[0/2] Re-checking globbed directories...
Applet rdd OK -> /home/tikhon/Документы/magnolia/rootfs/bin/rdd
Applet true OK -> /home/tikhon/Документы/magnolia/rootfs/bin/gotrue
[1/2] Build ELF: hexdump.app.elf
/home/tikhon/.espressif/tools/xtensa-esp-elf/esp-15.1.0_20250607/xtensa-esp-elf/bin/../lib/gcc/xtensa-esp-elf/15.1.0/../../../../xtensa-esp-elf/bin/ld: warning: hexdump.app.elf has a LOAD segment with RWX permissions
[1/2] Build ELF: xxd.app.elf
/home/tikhon/.espressif/tools/xtensa-esp-elf/esp-15.1.0_20250607/xtensa-esp-elf/bin/../lib/gcc/xtensa-esp-elf/15.1.0/../../../../xtensa-esp-elf/bin/ld: warning: xxd.app.elf has a LOAD segment with RWX permissions
Applet edit OK -> /home/tikhon/Документы/magnolia/rootfs/bin/edit
Applet rselftest OK -> /home/tikhon/Документы/magnolia/rootfs/bin/rselftest
Applet rhexdump OK -> /home/tikhon/Документы/magnolia/rootfs/bin/rhexdump
Applet rshello OK -> /home/tikhon/Документы/magnolia/rootfs/bin/rshello
Applet rusthello OK -> /home/tikhon/Документы/magnolia/rootfs/bin/rusthello
Applet zdd OK -> /home/tikhon/Документы/magnolia/rootfs/bin/zdd
Applet zhexdump OK -> /home/tikhon/Документы/magnolia/rootfs/bin/zhexdump
Applet rxxd OK -> /home/tikhon/Документы/magnolia/rootfs/bin/rxxd
-- Components: app_trace app_update bootloader bootloader_support bt cmock console cxx driver efuse esp-tls esp_adc esp_app_format esp_bootloader_format esp_coex esp_common esp_driver_ana_cmpr esp_driver_bitscrambler esp_driver_cam esp_driver_dac esp_driver_gpio esp_driver_gptimer esp_driver_i2c esp_driver_i2s esp_driver_i3c esp_driver_isp esp_driver_jpeg esp_driver_ledc esp_driver_mcpwm esp_driver_parlio esp_driver_pcnt esp_driver_ppa esp_driver_rmt esp_driver_sd_intf esp_driver_sdio esp_driver_sdm esp_driver_sdmmc esp_driver_sdspi esp_driver_spi esp_driver_touch_sens esp_driver_tsens esp_driver_twai esp_driver_uart esp_driver_usb_serial_jtag esp_eth esp_event esp_gdbstub esp_hid esp_http_client esp_http_server esp_https_ota esp_https_server esp_hw_support esp_lcd esp_local_ctrl esp_mm esp_netif esp_netif_stack esp_partition esp_phy esp_pm esp_psram esp_ringbuf esp_rom esp_security esp_system esp_timer esp_vfs_console esp_wifi espcoredump esptool_py fatfs freertos hal heap http_parser idf_test ieee802154 json log lwip main mbedtls mqtt newlib nvs_flash nvs_sec_provider openthread partition_table perfmon protobuf-c protocomm pthread rt sdmmc soc spi_flash spiffs tcp_transport touch_element ulp unity usb vfs wear_levelling wifi_provisioning wpa_supplicant xtensa
-- Component paths: /home/tikhon/Документы/magnolia/esp-idf/components/app_trace /home/tikhon/Документы/magnolia/esp-idf/components/app_update /home/tikhon/Документы/magnolia/esp-idf/components/bootloader /home/tikhon/Документы/magnolia/esp-idf/components/bootloader_support /home/tikhon/Документы/magnolia/esp-idf/components/bt /home/tikhon/Документы/magnolia/esp-idf/components/cmock /home/tikhon/Документы/magnolia/esp-idf/components/console /home/tikhon/Документы/magnolia/esp-idf/components/cxx /home/tikhon/Документы/magnolia/esp-idf/components/driver /home/tikhon/Документы/magnolia/esp-idf/components/efuse /home/tikhon/Документы/magnolia/esp-idf/components/esp-tls /home/tikhon/Документы/magnolia/esp-idf/components/esp_adc /home/tikhon/Документы/magnolia/esp-idf/components/esp_app_format /home/tikhon/Документы/magnolia/esp-idf/components/esp_bootloader_format /home/tikhon/Документы/magnolia/esp-idf/components/esp_coex /home/tikhon/Документы/magnolia/esp-idf/components/esp_common /home/tikhon/Документы/magnolia/esp-idf/components/esp_driver_ana_cmpr /home/tikhon/Документы/magnolia/esp-idf/components/esp_driver_bitscrambler /home/tikhon/Документы/magnolia/esp-idf/components/esp_driver_cam /home/tikhon/Документы/magnolia/esp-idf/components/esp_driver_dac /home/tikhon/Документы/magnolia/esp-idf/components/esp_driver_gpio /home/tikhon/Документы/magnolia/esp-idf/components/esp_driver_gptimer /home/tikhon/Документы/magnolia/esp-idf/components/esp_driver_i2c /home/tikhon/Документы/magnolia/esp-idf/components/esp_driver_i2s /home/tikhon/Документы/magnolia/esp-idf/components/esp_driver_i3c /home/tikhon/Документы/magnolia/esp-idf/components/esp_driver_isp /home/tikhon/Документы/magnolia/esp-idf/components/esp_driver_jpeg /home/tikhon/Документы/magnolia/esp-idf/components/esp_driver_ledc /home/tikhon/Документы/magnolia/esp-idf/components/esp_driver_mcpwm /home/tikhon/Документы/magnolia/esp-idf/components/esp_driver_parlio /home/tikhon/Документы/magnolia/esp-idf/components/esp_driver_pcnt /home/tikhon/Документы/magnolia/esp-idf/components/esp_driver_ppa /home/tikhon/Документы/magnolia/esp-idf/components/esp_driver_rmt /home/tikhon/Документы/magnolia/esp-idf/components/esp_driver_sd_intf /home/tikhon/Документы/magnolia/esp-idf/components/esp_driver_sdio /home/tikhon/Документы/magnolia/esp-idf/components/esp_driver_sdm /home/tikhon/Документы/magnolia/esp-idf/components/esp_driver_sdmmc /home/tikhon/Документы/magnolia/esp-idf/components/esp_driver_sdspi /home/tikhon/Документы/magnolia/esp-idf/components/esp_driver_spi /home/tikhon/Документы/magnolia/esp-idf/components/esp_driver_touch_sens /home/tikhon/Документы/magnolia/esp-idf/components/esp_driver_tsens /home/tikhon/Документы/magnolia/esp-idf/components/esp_driver_twai /home/tikhon/Документы/magnolia/esp-idf/components/esp_driver_uart /home/tikhon/Документы/magnolia/esp-idf/components/esp_driver_usb_serial_jtag /home/tikhon/Документы/magnolia/esp-idf/components/esp_eth /home/tikhon/Документы/magnolia/esp-idf/components/esp_event /home/tikhon/Документы/magnolia/esp-idf/components/esp_gdbstub /home/tikhon/Документы/magnolia/esp-idf/components/esp_hid /home/tikhon/Документы/magnolia/esp-idf/components/esp_http_client /home/tikhon/Документы/magnolia/esp-idf/components/esp_http_server /home/tikhon/Документы/magnolia/esp-idf/components/esp_https_ota /home/tikhon/Документы/magnolia/esp-idf/components/esp_https_server /home/tikhon/Документы/magnolia/esp-idf/components/esp_hw_support /home/tikhon/Документы/magnolia/esp-idf/components/esp_lcd /home/tikhon/Документы/magnolia/esp-idf/components/esp_local_ctrl /home/tikhon/Документы/magnolia/esp-idf/components/esp_mm /home/tikhon/Документы/magnolia/esp-idf/components/esp_netif /home/tikhon/Документы/magnolia/esp-idf/components/esp_netif_stack /home/tikhon/Документы/magnolia/esp-idf/components/esp_partition /home/tikhon/Документы/magnolia/esp-idf/components/esp_phy /home/tikhon/Документы/magnolia/esp-idf/components/esp_pm /home/tikhon/Документы/magnolia/esp-idf/components/esp_psram /home/tikhon/Документы/magnolia/esp-idf/components/esp_ringbuf /home/tikhon/Документы/magnolia/esp-idf/components/esp_rom /home/tikhon/Документы/magnolia/esp-idf/components/esp_security /home/tikhon/Документы/magnolia/esp-idf/components/esp_system /home/tikhon/Документы/magnolia/esp-idf/components/esp_timer /home/tikhon/Документы/magnolia/esp-idf/components/esp_vfs_console /home/tikhon/Документы/magnolia/esp-idf/components/esp_wifi /home/tikhon/Документы/magnolia/esp-idf/components/espcoredump /home/tikhon/Документы/magnolia/esp-idf/components/esptool_py /home/tikhon/Документы/magnolia/esp-idf/components/fatfs /home/tikhon/Документы/magnolia/esp-idf/components/freertos /home/tikhon/Документы/magnolia/esp-idf/components/hal /home/tikhon/Документы/magnolia/esp-idf/components/heap /home/tikhon/Документы/magnolia/esp-idf/components/http_parser /home/tikhon/Документы/magnolia/esp-idf/components/idf_test /home/tikhon/Документы/magnolia/esp-idf/components/ieee802154 /home/tikhon/Документы/magnolia/esp-idf/components/json /home/tikhon/Документы/magnolia/esp-idf/components/log /home/tikhon/Документы/magnolia/esp-idf/components/lwip /home/tikhon/Документы/magnolia/applets/mainline/fold/main /home/tikhon/Документы/magnolia/esp-idf/components/mbedtls /home/tikhon/Документы/magnolia/esp-idf/components/mqtt /home/tikhon/Документы/magnolia/esp-idf/components/newlib /home/tikhon/Документы/magnolia/esp-idf/components/nvs_flash /home/tikhon/Документы/magnolia/esp-idf/components/nvs_sec_provider /home/tikhon/Документы/magnolia/esp-idf/components/openthread /home/tikhon/Документы/magnolia/esp-idf/components/partition_table /home/tikhon/Документы/magnolia/esp-idf/components/perfmon /home/tikhon/Документы/magnolia/esp-idf/components/protobuf-c /home/tikhon/Документы/magnolia/esp-idf/components/protocomm /home/tikhon/Документы/magnolia/esp-idf/components/pthread /home/tikhon/Документы/magnolia/esp-idf/components/rt /home/tikhon/Документы/magnolia/esp-idf/components/sdmmc /home/tikhon/Документы/magnolia/esp-idf/components/soc /home/tikhon/Документы/magnolia/esp-idf/components/spi_flash /home/tikhon/Документы/magnolia/esp-idf/components/spiffs /home/tikhon/Документы/magnolia/esp-idf/components/tcp_transport /home/tikhon/Документы/magnolia/esp-idf/components/touch_element /home/tikhon/Документы/magnolia/esp-idf/components/ulp /home/tikhon/Документы/magnolia/esp-idf/components/unity /home/tikhon/Документы/magnolia/esp-idf/components/usb /home/tikhon/Документы/magnolia/esp-idf/components/vfs /home/tikhon/Документы/magnolia/esp-idf/components/wear_levelling /home/tikhon/Документы/magnolia/esp-idf/components/wifi_provisioning /home/tikhon/Документы/magnolia/esp-idf/components/wpa_supplicant /home/tikhon/Документы/magnolia/esp-idf/components/xtensa
-- Configuring done (4.4s)
Executing action: elf
Running ninja in directory /home/tikhon/Документы/magnolia/applets/zig/zigdemo/build
Executing "ninja elf"...
[0/2] Re-checking globbed directories...
[1/2] Build ELF: zigdemo.app.elf
/home/tikhon/.espressif/tools/xtensa-esp-elf/esp-15.1.0_20250607/xtensa-esp-elf/bin/../lib/gcc/xtensa-esp-elf/15.1.0/../../../../xtensa-esp-elf/bin/ld: warning: zigdemo.app.elf has a LOAD segment with RWX permissions
Executing action: elf
Running ninja in directory /home/tikhon/Документы/magnolia/applets/zig/zighello/build
Executing "ninja elf"...
[0/2] Re-checking globbed directories...
Applet zigdemo OK -> /home/tikhon/Документы/magnolia/rootfs/bin/zigdemo
[1/2] Build ELF: zighello.app.elf
Executing action: elf
Running ninja in directory /home/tikhon/Документы/magnolia/applets/zig/zxxd/build
Executing "ninja elf"...
[0/2] Re-checking globbed directories...
[1/2] Build ELF: xxd.app.elf
/home/tikhon/.espressif/tools/xtensa-esp-elf/esp-15.1.0_20250607/xtensa-esp-elf/bin/../lib/gcc/xtensa-esp-elf/15.1.0/../../../../xtensa-esp-elf/bin/ld: warning: xxd.app.elf has a LOAD segment with RWX permissions
Executing action: elf
Running ninja in directory /home/tikhon/Документы/magnolia/applets/zig/zigtest/build
Executing "ninja elf"...
[0/2] Re-checking globbed directories...
[1/2] Build ELF: zigtest.app.elf
/home/tikhon/.espressif/tools/xtensa-esp-elf/esp-15.1.0_20250607/xtensa-esp-elf/bin/../lib/gcc/xtensa-esp-elf/15.1.0/../../../../xtensa-esp-elf/bin/ld: warning: zigtest.app.elf has a LOAD segment with RWX permissions
Applet zighello OK -> /home/tikhon/Документы/magnolia/rootfs/bin/zighello
Applet zxxd OK -> /home/tikhon/Документы/magnolia/rootfs/bin/zxxd
Applet zigtest OK -> /home/tikhon/Документы/magnolia/rootfs/bin/zigtest
-- Generating done (0.3s)
-- Build files have been written to: /home/tikhon/Документы/magnolia/applets/mainline/fold/build
+ idf.py elf
Executing action: elf
Running ninja in directory /home/tikhon/Документы/magnolia/applets/mainline/fold/build
Executing "ninja elf"...
[1/1044] Generating /home/tikhon/Документы/magnolia/applets/mainline/fold/build/esp-idf/esp_system/ld/memory.ld linker script...
[2/1044] Generating /home/tikhon/Документы/magnolia/applets/mainline/fold/build/esp-idf/esp_system/ld/sections.ld.in linker script...
[3/1044] Building C object esp-idf/esp_http_client/CMakeFiles/__idf_esp_http_client.dir/lib/http_header.c.obj
[4/1044] Building C object esp-idf/esp_http_client/CMakeFiles/__idf_esp_http_client.dir/lib/http_utils.c.obj
[5/1044] Building C object esp-idf/esp_http_server/CMakeFiles/__idf_esp_http_server.dir/src/httpd_ws.c.obj
[6/1044] Building C object esp-idf/esp_http_server/CMakeFiles/__idf_esp_http_server.dir/src/util/ctrl_sock.c.obj
[7/1044] Building C object esp-idf/tcp_transport/CMakeFiles/__idf_tcp_transport.dir/transport_internal.c.obj
[8/1044] Building C object esp-idf/esp_http_client/CMakeFiles/__idf_esp_http_client.dir/lib/http_auth.c.obj
[9/1044] Building C object esp-idf/esp_http_server/CMakeFiles/__idf_esp_http_server.dir/src/httpd_uri.c.obj
[10/1044] Building C object esp-idf/tcp_transport/CMakeFiles/__idf_tcp_transport.dir/transport_socks_proxy.c.obj
[11/1044] Building C object esp-idf/esp_adc/CMakeFiles/__idf_esp_adc.dir/adc_cali.c.obj
[12/1044] Building C object esp-idf/esp_adc/CMakeFiles/__idf_esp_adc.dir/adc_oneshot.c.obj
[13/1044] Building C object esp-idf/tcp_transport/CMakeFiles/__idf_tcp_transport.dir/transport.c.obj
[14/1044] Building C object esp-idf/esp_adc/CMakeFiles/__idf_esp_adc.dir/adc_cali_curve_fitting.c.obj
[15/1044] Building C object esp-idf/esp_adc/CMakeFiles/__idf_esp_adc.dir/esp32s3/curve_fitting_coefficients.c.obj
[16/1044] Building C object esp-idf/esp_adc/CMakeFiles/__idf_esp_adc.dir/adc_common.c.obj
[17/1044] Building C object esp-idf/esp_http_server/CMakeFiles/__idf_esp_http_server.dir/src/httpd_main.c.obj
[18/1044] Building C object esp-idf/esp_http_server/CMakeFiles/__idf_esp_http_server.dir/src/httpd_sess.c.obj
[19/1044] Building C object esp-idf/tcp_transport/CMakeFiles/__idf_tcp_transport.dir/transport_ssl.c.obj
[20/1044] Building C object esp-idf/esp-tls/CMakeFiles/__idf_esp-tls.dir/esp_tls_platform_port.c.obj
[21/1044] Building C object esp-idf/esp-tls/CMakeFiles/__idf_esp-tls.dir/esp-tls-crypto/esp_tls_crypto.c.obj
[22/1044] Building C object esp-idf/esp_http_server/CMakeFiles/__idf_esp_http_server.dir/src/httpd_parse.c.obj
[23/1044] Building C object esp-idf/esp_https_ota/CMakeFiles/__idf_esp_https_ota.dir/src/esp_https_ota.c.obj
[24/1044] Building C object esp-idf/esp_adc/CMakeFiles/__idf_esp_adc.dir/gdma/adc_dma.c.obj
[25/1044] Building C object esp-idf/esp_http_server/CMakeFiles/__idf_esp_http_server.dir/src/httpd_txrx.c.obj
[26/1044] Building C object esp-idf/esp_adc/CMakeFiles/__idf_esp_adc.dir/adc_filter.c.obj
[27/1044] Linking C static library esp-idf/esp_https_ota/libesp_https_ota.a
[28/1044] Building C object esp-idf/esp-tls/CMakeFiles/__idf_esp-tls.dir/esp_tls_error_capture.c.obj
[29/1044] Building C object esp-idf/esp_adc/CMakeFiles/__idf_esp_adc.dir/adc_monitor.c.obj
[30/1044] Linking C static library esp-idf/esp_http_server/libesp_http_server.a
[31/1044] Building C object esp-idf/esp_adc/CMakeFiles/__idf_esp_adc.dir/adc_continuous.c.obj
[32/1044] Building C object esp-idf/tcp_transport/CMakeFiles/__idf_tcp_transport.dir/transport_ws.c.obj
[33/1044] Building C object esp-idf/esp_driver_twai/CMakeFiles/__idf_esp_driver_twai.dir/esp_twai.c.obj
[34/1044] Building C object esp-idf/driver/CMakeFiles/__idf_driver.dir/touch_sensor/touch_sensor_common.c.obj
[35/1044] Building C object esp-idf/esp_http_client/CMakeFiles/__idf_esp_http_client.dir/esp_http_client.c.obj
[36/1044] Building C object esp-idf/esp-tls/CMakeFiles/__idf_esp-tls.dir/esp_tls.c.obj
[37/1044] Building C object esp-idf/esp_driver_i2c/CMakeFiles/__idf_esp_driver_i2c.dir/i2c_common.c.obj
[38/1044] Linking C static library esp-idf/esp_http_client/libesp_http_client.a
[39/1044] Building C object esp-idf/driver/CMakeFiles/__idf_driver.dir/twai/twai.c.obj
[40/1044] Building C object esp-idf/esp_driver_sdm/CMakeFiles/__idf_esp_driver_sdm.dir/src/sdm.c.obj
[41/1044] Building C object esp-idf/esp_driver_i2c/CMakeFiles/__idf_esp_driver_i2c.dir/i2c_slave.c.obj
[42/1044] Building C object esp-idf/esp_driver_sdspi/CMakeFiles/__idf_esp_driver_sdspi.dir/src/sdspi_crc.c.obj
[43/1044] Linking C static library esp-idf/tcp_transport/libtcp_transport.a
[44/1044] Building C object esp-idf/esp_driver_tsens/CMakeFiles/__idf_esp_driver_tsens.dir/src/temperature_sensor.c.obj
[45/1044] Building C object esp-idf/esp_driver_rmt/CMakeFiles/__idf_esp_driver_rmt.dir/src/rmt_encoder.c.obj
[46/1044] Building C object esp-idf/esp_driver_twai/CMakeFiles/__idf_esp_driver_twai.dir/esp_twai_onchip.c.obj
[47/1044] Building C object esp-idf/esp-tls/CMakeFiles/__idf_esp-tls.dir/esp_tls_mbedtls.c.obj
[48/1044] Building C object esp-idf/esp_driver_rmt/CMakeFiles/__idf_esp_driver_rmt.dir/src/rmt_common.c.obj
[49/1044] Building C object esp-idf/esp_driver_rmt/CMakeFiles/__idf_esp_driver_rmt.dir/src/rmt_encoder_bytes.c.obj
[50/1044] Building C object esp-idf/driver/CMakeFiles/__idf_driver.dir/touch_sensor/esp32s3/touch_sensor.c.obj
[51/1044] Building C object esp-idf/esp_driver_rmt/CMakeFiles/__idf_esp_driver_rmt.dir/src/rmt_encoder_copy.c.obj
[52/1044] Linking C static library esp-idf/esp_adc/libesp_adc.a
[53/1044] Building C object esp-idf/esp_driver_rmt/CMakeFiles/__idf_esp_driver_rmt.dir/src/rmt_encoder_simple.c.obj
[54/1044] Linking C static library esp-idf/esp-tls/libesp-tls.a
[55/1044] Building C object esp-idf/driver/CMakeFiles/__idf_driver.dir/i2c/i2c.c.obj
[56/1044] Building C object esp-idf/esp_driver_sdmmc/CMakeFiles/__idf_esp_driver_sdmmc.dir/legacy/src/sdmmc_transaction.c.obj
[57/1044] Building C object esp-idf/esp_driver_sdspi/CMakeFiles/__idf_esp_driver_sdspi.dir/src/sdspi_transaction.c.obj
[58/1044] Building C object esp-idf/esp_driver_sd_intf/CMakeFiles/__idf_esp_driver_sd_intf.dir/sd_host.c.obj
[59/1044] Building C object esp-idf/esp_driver_sdspi/CMakeFiles/__idf_esp_driver_sdspi.dir/src/sdspi_host.c.obj
[60/1044] Building C object esp-idf/sdmmc/CMakeFiles/__idf_sdmmc.dir/sd_pwr_ctrl/sd_pwr_ctrl.c.obj
[61/1044] Building C object esp-idf/esp_driver_sdmmc/CMakeFiles/__idf_esp_driver_sdmmc.dir/legacy/src/sdmmc_host.c.obj
[62/1044] Building C object esp-idf/http_parser/CMakeFiles/__idf_http_parser.dir/http_parser.c.obj
[63/1044] Building C object esp-idf/sdmmc/CMakeFiles/__idf_sdmmc.dir/sdmmc_init.c.obj
[64/1044] Building C object esp-idf/esp_driver_sdmmc/CMakeFiles/__idf_esp_driver_sdmmc.dir/src/sd_trans_sdmmc.c.obj
[65/1044] Building C object esp-idf/esp_driver_rmt/CMakeFiles/__idf_esp_driver_rmt.dir/src/rmt_rx.c.obj
[66/1044] Linking C static library esp-idf/http_parser/libhttp_parser.a
[67/1044] Building C object esp-idf/sdmmc/CMakeFiles/__idf_sdmmc.dir/sdmmc_common.c.obj
[68/1044] Building C object esp-idf/esp_driver_ledc/CMakeFiles/__idf_esp_driver_ledc.dir/src/ledc.c.obj
[69/1044] Building C object esp-idf/sdmmc/CMakeFiles/__idf_sdmmc.dir/sdmmc_cmd.c.obj
[70/1044] Building C object esp-idf/sdmmc/CMakeFiles/__idf_sdmmc.dir/sdmmc_mmc.c.obj
[71/1044] Building C object esp-idf/esp_driver_i2c/CMakeFiles/__idf_esp_driver_i2c.dir/i2c_master.c.obj
[72/1044] Building C object esp-idf/sdmmc/CMakeFiles/__idf_sdmmc.dir/sdmmc_io.c.obj
[73/1044] Building C object esp-idf/esp_driver_rmt/CMakeFiles/__idf_esp_driver_rmt.dir/src/rmt_tx.c.obj
[74/1044] Building C object esp-idf/esp_driver_i2s/CMakeFiles/__idf_esp_driver_i2s.dir/i2s_platform.c.obj
[75/1044] Building C object esp-idf/driver/CMakeFiles/__idf_driver.dir/deprecated/rmt_legacy.c.obj
[76/1044] Building C object esp-idf/sdmmc/CMakeFiles/__idf_sdmmc.dir/sdmmc_sd.c.obj
[77/1044] Building C object esp-idf/esp_driver_mcpwm/CMakeFiles/__idf_esp_driver_mcpwm.dir/src/mcpwm_cmpr.c.obj
[78/1044] Building C object esp-idf/esp_driver_mcpwm/CMakeFiles/__idf_esp_driver_mcpwm.dir/src/mcpwm_com.c.obj
[79/1044] Linking C static library esp-idf/driver/libdriver.a
[80/1044] Building C object esp-idf/esp_driver_i2s/CMakeFiles/__idf_esp_driver_i2s.dir/i2s_std.c.obj
[81/1044] Building C object esp-idf/esp_driver_mcpwm/CMakeFiles/__idf_esp_driver_mcpwm.dir/src/mcpwm_fault.c.obj
[82/1044] Building C object esp-idf/esp_driver_mcpwm/CMakeFiles/__idf_esp_driver_mcpwm.dir/src/mcpwm_sync.c.obj
[83/1044] Building ASM object esp-idf/esp_gdbstub/CMakeFiles/__idf_esp_gdbstub.dir/src/port/xtensa/gdbstub-entry.S.obj
[84/1044] Building C object esp-idf/esp_driver_sdmmc/CMakeFiles/__idf_esp_driver_sdmmc.dir/src/sd_host_sdmmc.c.obj
[85/1044] Linking C static library esp-idf/esp_driver_twai/libesp_driver_twai.a
[86/1044] Building C object esp-idf/esp_driver_i2s/CMakeFiles/__idf_esp_driver_i2s.dir/i2s_tdm.c.obj
[87/1044] Building C object esp-idf/esp_gdbstub/CMakeFiles/__idf_esp_gdbstub.dir/src/gdbstub_transport.c.obj
[88/1044] Building C object esp-idf/esp_driver_mcpwm/CMakeFiles/__idf_esp_driver_mcpwm.dir/src/mcpwm_cap.c.obj
[89/1044] Building ASM object esp-idf/esp_gdbstub/CMakeFiles/__idf_esp_gdbstub.dir/src/port/xtensa/xt_debugexception.S.obj
[90/1044] Building C object esp-idf/esp_driver_i2s/CMakeFiles/__idf_esp_driver_i2s.dir/i2s_pdm.c.obj
[91/1044] Building C object esp-idf/esp_driver_i2s/CMakeFiles/__idf_esp_driver_i2s.dir/i2s_common.c.obj
[92/1044] Linking C static library esp-idf/esp_driver_ledc/libesp_driver_ledc.a
[93/1044] Building C object esp-idf/esp_gdbstub/CMakeFiles/__idf_esp_gdbstub.dir/src/packet.c.obj
[94/1044] Building C object esp-idf/esp_gdbstub/CMakeFiles/__idf_esp_gdbstub.dir/src/port/xtensa/gdbstub_xtensa.c.obj
[95/1044] Building C object esp-idf/esp_driver_mcpwm/CMakeFiles/__idf_esp_driver_mcpwm.dir/src/mcpwm_timer.c.obj
[96/1044] Building C object esp-idf/esp_wifi/CMakeFiles/__idf_esp_wifi.dir/src/lib_printf.c.obj
[97/1044] Linking C static library esp-idf/esp_driver_i2c/libesp_driver_i2c.a
[98/1044] Building C object esp-idf/esp_driver_mcpwm/CMakeFiles/__idf_esp_driver_mcpwm.dir/src/mcpwm_gen.c.obj
[99/1044] Building C object esp-idf/esp_gdbstub/CMakeFiles/__idf_esp_gdbstub.dir/src/gdbstub.c.obj
[100/1044] Building C object esp-idf/esp_driver_mcpwm/CMakeFiles/__idf_esp_driver_mcpwm.dir/src/mcpwm_oper.c.obj
[101/1044] Building C object esp-idf/esp_wifi/CMakeFiles/__idf_esp_wifi.dir/src/mesh_event.c.obj
[102/1044] Linking C static library esp-idf/esp_driver_sdm/libesp_driver_sdm.a
[103/1044] Building C object esp-idf/esp_wifi/CMakeFiles/__idf_esp_wifi.dir/src/wifi_default_ap.c.obj
[104/1044] Building C object esp-idf/esp_coex/CMakeFiles/__idf_esp_coex.dir/src/coexist_debug_diagram.c.obj
[105/1044] Linking C static library esp-idf/esp_driver_tsens/libesp_driver_tsens.a
[106/1044] Building C object esp-idf/esp_wifi/CMakeFiles/__idf_esp_wifi.dir/src/smartconfig.c.obj
[107/1044] Building C object esp-idf/esp_wifi/CMakeFiles/__idf_esp_wifi.dir/src/wifi_netif.c.obj
[108/1044] Building C object esp-idf/esp_driver_pcnt/CMakeFiles/__idf_esp_driver_pcnt.dir/src/pulse_cnt.c.obj
[109/1044] Building C object esp-idf/esp_coex/CMakeFiles/__idf_esp_coex.dir/src/coexist_debug.c.obj
[110/1044] Building C object esp-idf/esp_wifi/CMakeFiles/__idf_esp_wifi.dir/regulatory/esp_wifi_regulatory.c.obj
[111/1044] Linking C static library esp-idf/esp_driver_rmt/libesp_driver_rmt.a
[112/1044] Building C object esp-idf/esp_wifi/CMakeFiles/__idf_esp_wifi.dir/src/wifi_init.c.obj
[113/1044] Building C object esp-idf/esp_coex/CMakeFiles/__idf_esp_coex.dir/esp32s3/esp_coex_adapter.c.obj
[114/1044] Building C object esp-idf/esp_wifi/CMakeFiles/__idf_esp_wifi.dir/src/wifi_default.c.obj
[115/1044] Linking C static library esp-idf/esp_driver_sdspi/libesp_driver_sdspi.a
[116/1044] Building C object esp-idf/wpa_supplicant/CMakeFiles/__idf_wpa_supplicant.dir/port/os_xtensa.c.obj
[117/1044] Building C object esp-idf/esp_wifi/CMakeFiles/__idf_esp_wifi.dir/src/smartconfig_ack.c.obj
[118/1044] Linking C static library esp-idf/esp_driver_sdmmc/libesp_driver_sdmmc.a
[119/1044] Building C object esp-idf/wpa_supplicant/CMakeFiles/__idf_wpa_supplicant.dir/src/ap/ap_config.c.obj
[120/1044] Building C object esp-idf/esp_driver_spi/CMakeFiles/__idf_esp_driver_spi.dir/src/gpspi/spi_slave_hd.c.obj
[121/1044] Building C object esp-idf/esp_wifi/CMakeFiles/__idf_esp_wifi.dir/esp32s3/esp_adapter.c.obj
[122/1044] Building C object esp-idf/wpa_supplicant/CMakeFiles/__idf_wpa_supplicant.dir/port/eloop.c.obj
[123/1044] Linking C static library esp-idf/esp_driver_sd_intf/libesp_driver_sd_intf.a
[124/1044] Building C object esp-idf/wpa_supplicant/CMakeFiles/__idf_wpa_supplicant.dir/src/ap/ieee802_1x.c.obj
[125/1044] Building C object esp-idf/esp_driver_spi/CMakeFiles/__idf_esp_driver_spi.dir/src/gpspi/spi_slave.c.obj
[126/1044] Building C object esp-idf/esp_driver_spi/CMakeFiles/__idf_esp_driver_spi.dir/src/gpspi/spi_common.c.obj
[127/1044] Building C object esp-idf/wpa_supplicant/CMakeFiles/__idf_wpa_supplicant.dir/src/ap/comeback_token.c.obj
[128/1044] Building C object esp-idf/wpa_supplicant/CMakeFiles/__idf_wpa_supplicant.dir/src/ap/pmksa_cache_auth.c.obj
[129/1044] Linking C static library esp-idf/sdmmc/libsdmmc.a
[130/1044] Building C object esp-idf/wpa_supplicant/CMakeFiles/__idf_wpa_supplicant.dir/src/ap/sta_info.c.obj
[131/1044] Building C object esp-idf/wpa_supplicant/CMakeFiles/__idf_wpa_supplicant.dir/src/common/dragonfly.c.obj
[132/1044] Building C object esp-idf/wpa_supplicant/CMakeFiles/__idf_wpa_supplicant.dir/src/utils/bitfield.c.obj
[133/1044] Building C object esp-idf/wpa_supplicant/CMakeFiles/__idf_wpa_supplicant.dir/src/crypto/sha256-kdf.c.obj
[134/1044] Linking C static library esp-idf/esp_driver_i2s/libesp_driver_i2s.a
[135/1044] Building C object esp-idf/wpa_supplicant/CMakeFiles/__idf_wpa_supplicant.dir/src/ap/wpa_auth_ie.c.obj
[136/1044] Building C object esp-idf/wpa_supplicant/CMakeFiles/__idf_wpa_supplicant.dir/src/crypto/aes-siv.c.obj
[137/1044] Building C object esp-idf/esp_driver_spi/CMakeFiles/__idf_esp_driver_spi.dir/src/gpspi/spi_master.c.obj
[138/1044] Building C object esp-idf/wpa_supplicant/CMakeFiles/__idf_wpa_supplicant.dir/src/crypto/crypto_ops.c.obj
[139/1044] Building C object esp-idf/wpa_supplicant/CMakeFiles/__idf_wpa_supplicant.dir/src/ap/ieee802_11.c.obj
[140/1044] Linking C static library esp-idf/esp_driver_mcpwm/libesp_driver_mcpwm.a
[141/1044] Building C object esp-idf/wpa_supplicant/CMakeFiles/__idf_wpa_supplicant.dir/src/crypto/dh_group5.c.obj
[142/1044] Building C object esp-idf/wpa_supplicant/CMakeFiles/__idf_wpa_supplicant.dir/src/crypto/aes-gcm.c.obj
[143/1044] Building C object esp-idf/wpa_supplicant/CMakeFiles/__idf_wpa_supplicant.dir/src/crypto/ccmp.c.obj
[144/1044] Building C object esp-idf/wpa_supplicant/CMakeFiles/__idf_wpa_supplicant.dir/src/common/wpa_common.c.obj
[145/1044] Building C object esp-idf/wpa_supplicant/CMakeFiles/__idf_wpa_supplicant.dir/src/crypto/sha1-tlsprf.c.obj
[146/1044] Linking C static library esp-idf/esp_driver_pcnt/libesp_driver_pcnt.a
[147/1044] Building C object esp-idf/wpa_supplicant/CMakeFiles/__idf_wpa_supplicant.dir/src/crypto/dh_groups.c.obj
[148/1044] Building C object esp-idf/wpa_supplicant/CMakeFiles/__idf_wpa_supplicant.dir/src/crypto/sha256-tlsprf.c.obj
[149/1044] Building C object esp-idf/wpa_supplicant/CMakeFiles/__idf_wpa_supplicant.dir/src/crypto/sha384-tlsprf.c.obj
[150/1044] Building C object esp-idf/wpa_supplicant/CMakeFiles/__idf_wpa_supplicant.dir/src/crypto/sha1-prf.c.obj
[151/1044] Building C object esp-idf/wpa_supplicant/CMakeFiles/__idf_wpa_supplicant.dir/src/crypto/sha256-prf.c.obj
[152/1044] Linking C static library esp-idf/esp_gdbstub/libesp_gdbstub.a
[153/1044] Building C object esp-idf/wpa_supplicant/CMakeFiles/__idf_wpa_supplicant.dir/src/crypto/ms_funcs.c.obj
[154/1044] Building C object esp-idf/wpa_supplicant/CMakeFiles/__idf_wpa_supplicant.dir/src/eap_common/eap_wsc_common.c.obj
[155/1044] Building C object esp-idf/wpa_supplicant/CMakeFiles/__idf_wpa_supplicant.dir/src/crypto/sha384-prf.c.obj
[156/1044] Building C object esp-idf/wpa_supplicant/CMakeFiles/__idf_wpa_supplicant.dir/src/crypto/sha1-tprf.c.obj
[157/1044] Building C object esp-idf/wpa_supplicant/CMakeFiles/__idf_wpa_supplicant.dir/src/crypto/md4-internal.c.obj
[158/1044] Linking C static library esp-idf/esp_driver_spi/libesp_driver_spi.a
[159/1044] Building C object esp-idf/wpa_supplicant/CMakeFiles/__idf_wpa_supplicant.dir/src/ap/wpa_auth.c.obj
[160/1044] Building C object esp-idf/wpa_supplicant/CMakeFiles/__idf_wpa_supplicant.dir/src/eap_peer/chap.c.obj
[161/1044] Linking C static library esp-idf/esp_wifi/libesp_wifi.a
[162/1044] Building C object esp-idf/wpa_supplicant/CMakeFiles/__idf_wpa_supplicant.dir/src/eap_peer/eap_peap_common.c.obj
[163/1044] Building C object esp-idf/wpa_supplicant/CMakeFiles/__idf_wpa_supplicant.dir/src/eap_peer/eap_common.c.obj
[164/1044] Building C object esp-idf/wpa_supplicant/CMakeFiles/__idf_wpa_supplicant.dir/src/common/ieee802_11_common.c.obj
[165/1044] Building C object esp-idf/wpa_supplicant/CMakeFiles/__idf_wpa_supplicant.dir/src/eap_peer/mschapv2.c.obj
[166/1044] Building C object esp-idf/wpa_supplicant/CMakeFiles/__idf_wpa_supplicant.dir/src/eap_peer/eap_tls.c.obj
[167/1044] Building C object esp-idf/wpa_supplicant/CMakeFiles/__idf_wpa_supplicant.dir/src/eap_peer/eap_fast_common.c.obj
[168/1044] Building C object esp-idf/wpa_supplicant/CMakeFiles/__idf_wpa_supplicant.dir/src/eap_peer/eap_mschapv2.c.obj
[169/1044] Building C object esp-idf/wpa_supplicant/CMakeFiles/__idf_wpa_supplicant.dir/src/utils/ext_password.c.obj
[170/1044] Building C object esp-idf/wpa_supplicant/CMakeFiles/__idf_wpa_supplicant.dir/src/utils/base64.c.obj
[171/1044] Building C object esp-idf/wpa_supplicant/CMakeFiles/__idf_wpa_supplicant.dir/src/eap_peer/eap.c.obj
[172/1044] Building C object esp-idf/wpa_supplicant/CMakeFiles/__idf_wpa_supplicant.dir/src/utils/uuid.c.obj
[173/1044] Building C object esp-idf/wpa_supplicant/CMakeFiles/__idf_wpa_supplicant.dir/src/rsn_supp/wpa_ie.c.obj
[174/1044] Building C object esp-idf/wpa_supplicant/CMakeFiles/__idf_wpa_supplicant.dir/src/rsn_supp/pmksa_cache.c.obj
[175/1044] Building C object esp-idf/wpa_supplicant/CMakeFiles/__idf_wpa_supplicant.dir/src/eap_peer/eap_tls_common.c.obj
[176/1044] Building C object esp-idf/wpa_supplicant/CMakeFiles/__idf_wpa_supplicant.dir/src/common/sae.c.obj
[177/1044] Building C object esp-idf/wpa_supplicant/CMakeFiles/__idf_wpa_supplicant.dir/src/eap_peer/eap_fast_pac.c.obj
[178/1044] Building C object esp-idf/wpa_supplicant/CMakeFiles/__idf_wpa_supplicant.dir/src/utils/wpa_debug.c.obj
[179/1044] Building C object esp-idf/wpa_supplicant/CMakeFiles/__idf_wpa_supplicant.dir/src/eap_peer/eap_peap.c.obj
[180/1044] Building C object esp-idf/wpa_supplicant/CMakeFiles/__idf_wpa_supplicant.dir/src/utils/wpabuf.c.obj
[181/1044] Building C object esp-idf/wpa_supplicant/CMakeFiles/__idf_wpa_supplicant.dir/src/eap_peer/eap_ttls.c.obj
[182/1044] Building C object esp-idf/wpa_supplicant/CMakeFiles/__idf_wpa_supplicant.dir/src/utils/common.c.obj
[183/1044] Building C object esp-idf/wpa_supplicant/CMakeFiles/__idf_wpa_supplicant.dir/esp_supplicant/src/esp_wpa2_api_port.c.obj
[184/1044] Building C object esp-idf/wpa_supplicant/CMakeFiles/__idf_wpa_supplicant.dir/src/wps/wps_attr_process.c.obj
[185/1044] Building C object esp-idf/wpa_supplicant/CMakeFiles/__idf_wpa_supplicant.dir/src/utils/json.c.obj
[186/1044] Building C object esp-idf/wpa_supplicant/CMakeFiles/__idf_wpa_supplicant.dir/src/wps/wps_attr_parse.c.obj
[187/1044] Building C object esp-idf/wpa_supplicant/CMakeFiles/__idf_wpa_supplicant.dir/esp_supplicant/src/esp_wpas_glue.c.obj
[188/1044] Building C object esp-idf/wpa_supplicant/CMakeFiles/__idf_wpa_supplicant.dir/src/wps/wps.c.obj
[189/1044] Building C object esp-idf/wpa_supplicant/CMakeFiles/__idf_wpa_supplicant.dir/src/wps/wps_attr_build.c.obj
[190/1044] Building C object esp-idf/wpa_supplicant/CMakeFiles/__idf_wpa_supplicant.dir/src/eap_peer/eap_fast.c.obj
[191/1044] Building C object esp-idf/wpa_supplicant/CMakeFiles/__idf_wpa_supplicant.dir/src/wps/wps_dev_attr.c.obj
[192/1044] Building C object esp-idf/wpa_supplicant/CMakeFiles/__idf_wpa_supplicant.dir/src/common/sae_pk.c.obj
[193/1044] Building C object esp-idf/wpa_supplicant/CMakeFiles/__idf_wpa_supplicant.dir/esp_supplicant/src/esp_common.c.obj
[194/1044] Building C object esp-idf/wpa_supplicant/CMakeFiles/__idf_wpa_supplicant.dir/src/wps/wps_common.c.obj
[195/1044] Building C object esp-idf/wpa_supplicant/CMakeFiles/__idf_wpa_supplicant.dir/esp_supplicant/src/esp_owe.c.obj
[196/1044] Building C object esp-idf/wpa_supplicant/CMakeFiles/__idf_wpa_supplicant.dir/esp_supplicant/src/esp_wpa_main.c.obj
[197/1044] Building C object esp-idf/wpa_supplicant/CMakeFiles/__idf_wpa_supplicant.dir/esp_supplicant/src/crypto/fastpsk.c.obj
[198/1044] Building C object esp-idf/wpa_supplicant/CMakeFiles/__idf_wpa_supplicant.dir/src/rsn_supp/wpa.c.obj
[199/1044] Building C object esp-idf/wpa_supplicant/CMakeFiles/__idf_wpa_supplicant.dir/src/wps/wps_enrollee.c.obj
[200/1044] Building C object esp-idf/wpa_supplicant/CMakeFiles/__idf_wpa_supplicant.dir/esp_supplicant/src/esp_eap_client.c.obj
[201/1044] Building C object esp-idf/wpa_supplicant/CMakeFiles/__idf_wpa_supplicant.dir/src/crypto/rc4.c.obj
[202/1044] Linking C static library esp-idf/esp_coex/libesp_coex.a
[203/1044] Building C object esp-idf/wpa_supplicant/CMakeFiles/__idf_wpa_supplicant.dir/esp_supplicant/src/esp_hostap.c.obj
[204/1044] Building C object esp-idf/wpa_supplicant/CMakeFiles/__idf_wpa_supplicant.dir/esp_supplicant/src/crypto/crypto_mbedtls.c.obj
[205/1044] Building C object esp-idf/wpa_supplicant/CMakeFiles/__idf_wpa_supplicant.dir/esp_supplicant/src/esp_wpa3.c.obj
[206/1044] Building C object esp-idf/wpa_supplicant/CMakeFiles/__idf_wpa_supplicant.dir/src/crypto/aes-unwrap.c.obj
[207/1044] Building C object esp-idf/wpa_supplicant/CMakeFiles/__idf_wpa_supplicant.dir/src/crypto/aes-wrap.c.obj
[208/1044] Building C object esp-idf/wpa_supplicant/CMakeFiles/__idf_wpa_supplicant.dir/esp_supplicant/src/crypto/fastpbkdf2.c.obj
[209/1044] Building C object esp-idf/wpa_supplicant/CMakeFiles/__idf_wpa_supplicant.dir/src/crypto/aes-ccm.c.obj
[210/1044] Building C object esp-idf/wpa_supplicant/CMakeFiles/__idf_wpa_supplicant.dir/esp_supplicant/src/crypto/crypto_mbedtls-rsa.c.obj
[211/1044] Building C object esp-idf/esp_netif/CMakeFiles/__idf_esp_netif.dir/esp_netif_defaults.c.obj
[212/1044] Building C object esp-idf/wpa_supplicant/CMakeFiles/__idf_wpa_supplicant.dir/src/crypto/des-internal.c.obj
[213/1044] Building C object esp-idf/wpa_supplicant/CMakeFiles/__idf_wpa_supplicant.dir/esp_supplicant/src/crypto/crypto_mbedtls-bignum.c.obj
[214/1044] Building C object esp-idf/esp_netif/CMakeFiles/__idf_esp_netif.dir/esp_netif_handlers.c.obj
[215/1044] Building C object esp-idf/esp_netif/CMakeFiles/__idf_esp_netif.dir/esp_netif_objects.c.obj
[216/1044] Building C object esp-idf/wpa_supplicant/CMakeFiles/__idf_wpa_supplicant.dir/esp_supplicant/src/crypto/tls_mbedtls.c.obj
[217/1044] Building C object esp-idf/esp_netif/CMakeFiles/__idf_esp_netif.dir/lwip/esp_netif_lwip_defaults.c.obj
[218/1044] Building C object esp-idf/wpa_supplicant/CMakeFiles/__idf_wpa_supplicant.dir/esp_supplicant/src/esp_wps.c.obj
[219/1044] Building C object esp-idf/esp_netif/CMakeFiles/__idf_esp_netif.dir/lwip/netif/esp_pbuf_ref.c.obj
[220/1044] Building C object esp-idf/lwip/CMakeFiles/__idf_lwip.dir/lwip/src/api/if_api.c.obj
[221/1044] Building C object esp-idf/esp_netif/CMakeFiles/__idf_esp_netif.dir/lwip/netif/ethernetif.c.obj
[222/1044] Building C object esp-idf/esp_netif/CMakeFiles/__idf_esp_netif.dir/lwip/esp_netif_sntp.c.obj
[223/1044] Building C object esp-idf/lwip/CMakeFiles/__idf_lwip.dir/lwip/src/api/netbuf.c.obj
[224/1044] Building C object esp-idf/esp_netif/CMakeFiles/__idf_esp_netif.dir/lwip/netif/wlanif.c.obj
[225/1044] Building C object esp-idf/lwip/CMakeFiles/__idf_lwip.dir/lwip/src/api/netdb.c.obj
[226/1044] Building C object esp-idf/lwip/CMakeFiles/__idf_lwip.dir/lwip/src/api/err.c.obj
[227/1044] Building C object esp-idf/lwip/CMakeFiles/__idf_lwip.dir/apps/sntp/sntp.c.obj
[228/1044] Building C object esp-idf/lwip/CMakeFiles/__idf_lwip.dir/lwip/src/api/netifapi.c.obj
[229/1044] Building C object esp-idf/wpa_supplicant/CMakeFiles/__idf_wpa_supplicant.dir/esp_supplicant/src/crypto/crypto_mbedtls-ec.c.obj
[230/1044] Building C object esp-idf/lwip/CMakeFiles/__idf_lwip.dir/lwip/src/core/def.c.obj
[231/1044] Building C object esp-idf/lwip/CMakeFiles/__idf_lwip.dir/lwip/src/apps/netbiosns/netbiosns.c.obj
[232/1044] Building C object esp-idf/lwip/CMakeFiles/__idf_lwip.dir/lwip/src/api/api_lib.c.obj
[233/1044] Building C object esp-idf/lwip/CMakeFiles/__idf_lwip.dir/lwip/src/apps/sntp/sntp.c.obj
[234/1044] Building C object esp-idf/lwip/CMakeFiles/__idf_lwip.dir/lwip/src/core/mem.c.obj
[235/1044] Building C object esp-idf/lwip/CMakeFiles/__idf_lwip.dir/lwip/src/api/tcpip.c.obj
[236/1044] Building C object esp-idf/lwip/CMakeFiles/__idf_lwip.dir/lwip/src/core/ip.c.obj
[237/1044] Building C object esp-idf/lwip/CMakeFiles/__idf_lwip.dir/lwip/src/core/init.c.obj
[238/1044] Building C object esp-idf/lwip/CMakeFiles/__idf_lwip.dir/lwip/src/core/stats.c.obj
[239/1044] Building C object esp-idf/lwip/CMakeFiles/__idf_lwip.dir/lwip/src/core/inet_chksum.c.obj
[240/1044] Building C object esp-idf/lwip/CMakeFiles/__idf_lwip.dir/lwip/src/api/api_msg.c.obj
[241/1044] Building C object esp-idf/lwip/CMakeFiles/__idf_lwip.dir/lwip/src/core/memp.c.obj
[242/1044] Building C object esp-idf/lwip/CMakeFiles/__idf_lwip.dir/lwip/src/core/sys.c.obj
[243/1044] Building C object esp-idf/lwip/CMakeFiles/__idf_lwip.dir/lwip/src/core/ipv4/autoip.c.obj
[244/1044] Building C object esp-idf/lwip/CMakeFiles/__idf_lwip.dir/lwip/src/core/raw.c.obj
[245/1044] Linking C static library esp-idf/wpa_supplicant/libwpa_supplicant.a
[246/1044] Building C object esp-idf/lwip/CMakeFiles/__idf_lwip.dir/lwip/src/core/dns.c.obj
[247/1044] Building C object esp-idf/lwip/CMakeFiles/__idf_lwip.dir/lwip/src/core/timeouts.c.obj
[248/1044] Building C object esp-idf/lwip/CMakeFiles/__idf_lwip.dir/lwip/src/core/ipv4/icmp.c.obj
[249/1044] Building C object esp-idf/lwip/CMakeFiles/__idf_lwip.dir/lwip/src/core/pbuf.c.obj
[250/1044] Building C object esp-idf/lwip/CMakeFiles/__idf_lwip.dir/lwip/src/core/ipv4/ip4_napt.c.obj
[251/1044] Building C object esp-idf/lwip/CMakeFiles/__idf_lwip.dir/lwip/src/core/netif.c.obj
[252/1044] Building C object esp-idf/lwip/CMakeFiles/__idf_lwip.dir/lwip/src/core/ipv6/dhcp6.c.obj
[253/1044] Building C object esp-idf/lwip/CMakeFiles/__idf_lwip.dir/lwip/src/core/udp.c.obj
[254/1044] Building C object esp-idf/lwip/CMakeFiles/__idf_lwip.dir/lwip/src/core/ipv4/igmp.c.obj
[255/1044] Building C object esp-idf/lwip/CMakeFiles/__idf_lwip.dir/lwip/src/core/ipv4/ip4_addr.c.obj
[256/1044] Building C object esp-idf/lwip/CMakeFiles/__idf_lwip.dir/lwip/src/core/ipv4/etharp.c.obj
[257/1044] Building C object esp-idf/lwip/CMakeFiles/__idf_lwip.dir/lwip/src/core/ipv4/ip4.c.obj
[258/1044] Building C object esp-idf/lwip/CMakeFiles/__idf_lwip.dir/lwip/src/core/ipv4/ip4_frag.c.obj
[259/1044] Building C object esp-idf/lwip/CMakeFiles/__idf_lwip.dir/lwip/src/core/ipv6/inet6.c.obj
[260/1044] Building C object esp-idf/esp_netif/CMakeFiles/__idf_esp_netif.dir/lwip/esp_netif_lwip.c.obj
[261/1044] Building C object esp-idf/lwip/CMakeFiles/__idf_lwip.dir/lwip/src/core/ipv6/ethip6.c.obj
[262/1044] Building C object esp-idf/lwip/CMakeFiles/__idf_lwip.dir/lwip/src/core/tcp_in.c.obj
[263/1044] Building C object esp-idf/lwip/CMakeFiles/__idf_lwip.dir/lwip/src/core/tcp_out.c.obj
[264/1044] Building C object esp-idf/lwip/CMakeFiles/__idf_lwip.dir/lwip/src/core/ipv6/icmp6.c.obj
[265/1044] Building C object esp-idf/lwip/CMakeFiles/__idf_lwip.dir/lwip/src/core/ipv4/dhcp.c.obj
[266/1044] Building C object esp-idf/lwip/CMakeFiles/__idf_lwip.dir/lwip/src/core/ipv6/ip6_frag.c.obj
[267/1044] Building C object esp-idf/lwip/CMakeFiles/__idf_lwip.dir/lwip/src/netif/bridgeif.c.obj
[268/1044] Building C object esp-idf/lwip/CMakeFiles/__idf_lwip.dir/lwip/src/core/tcp.c.obj
[269/1044] Building C object esp-idf/lwip/CMakeFiles/__idf_lwip.dir/lwip/src/netif/ethernet.c.obj
[270/1044] Building C object esp-idf/lwip/CMakeFiles/__idf_lwip.dir/lwip/src/netif/bridgeif_fdb.c.obj
[271/1044] Building C object esp-idf/lwip/CMakeFiles/__idf_lwip.dir/lwip/src/netif/slipif.c.obj
[272/1044] Building C object esp-idf/lwip/CMakeFiles/__idf_lwip.dir/lwip/src/netif/ppp/auth.c.obj
[273/1044] Building C object esp-idf/lwip/CMakeFiles/__idf_lwip.dir/lwip/src/core/ipv6/ip6_addr.c.obj
[274/1044] Building C object esp-idf/lwip/CMakeFiles/__idf_lwip.dir/lwip/src/netif/ppp/ccp.c.obj
[275/1044] Building C object esp-idf/lwip/CMakeFiles/__idf_lwip.dir/lwip/src/core/ipv6/mld6.c.obj
[276/1044] Building C object esp-idf/lwip/CMakeFiles/__idf_lwip.dir/lwip/src/netif/ppp/chap-new.c.obj
[277/1044] Building C object esp-idf/lwip/CMakeFiles/__idf_lwip.dir/lwip/src/api/sockets.c.obj
[278/1044] Building C object esp-idf/lwip/CMakeFiles/__idf_lwip.dir/lwip/src/netif/ppp/chap_ms.c.obj
[279/1044] Building C object esp-idf/lwip/CMakeFiles/__idf_lwip.dir/lwip/src/netif/ppp/chap-md5.c.obj
[280/1044] Building C object esp-idf/lwip/CMakeFiles/__idf_lwip.dir/lwip/src/netif/ppp/eap.c.obj
[281/1044] Building C object esp-idf/lwip/CMakeFiles/__idf_lwip.dir/lwip/src/core/ipv6/ip6.c.obj
[282/1044] Building C object esp-idf/lwip/CMakeFiles/__idf_lwip.dir/lwip/src/netif/ppp/demand.c.obj
[283/1044] Building C object esp-idf/lwip/CMakeFiles/__idf_lwip.dir/lwip/src/netif/ppp/ecp.c.obj
[284/1044] Building C object esp-idf/lwip/CMakeFiles/__idf_lwip.dir/lwip/src/netif/ppp/eui64.c.obj
[285/1044] Building C object esp-idf/lwip/CMakeFiles/__idf_lwip.dir/lwip/src/netif/ppp/ipv6cp.c.obj
[286/1044] Building C object esp-idf/lwip/CMakeFiles/__idf_lwip.dir/lwip/src/netif/ppp/ipcp.c.obj
[287/1044] Building C object esp-idf/lwip/CMakeFiles/__idf_lwip.dir/lwip/src/netif/ppp/mppe.c.obj
[288/1044] Building C object esp-idf/lwip/CMakeFiles/__idf_lwip.dir/lwip/src/netif/ppp/pppapi.c.obj
[289/1044] Building C object esp-idf/lwip/CMakeFiles/__idf_lwip.dir/lwip/src/netif/ppp/fsm.c.obj
[290/1044] Building C object esp-idf/lwip/CMakeFiles/__idf_lwip.dir/lwip/src/netif/ppp/pppcrypt.c.obj
[291/1044] Building C object esp-idf/lwip/CMakeFiles/__idf_lwip.dir/lwip/src/netif/ppp/lcp.c.obj
[292/1044] Building C object esp-idf/lwip/CMakeFiles/__idf_lwip.dir/lwip/src/netif/ppp/ppp.c.obj
[293/1044] Building C object esp-idf/lwip/CMakeFiles/__idf_lwip.dir/lwip/src/netif/ppp/magic.c.obj
[294/1044] Building C object esp-idf/lwip/CMakeFiles/__idf_lwip.dir/lwip/src/netif/ppp/multilink.c.obj
[295/1044] Building C object esp-idf/lwip/CMakeFiles/__idf_lwip.dir/lwip/src/netif/ppp/pppoe.c.obj
[296/1044] Building C object esp-idf/lwip/CMakeFiles/__idf_lwip.dir/lwip/src/netif/ppp/pppos.c.obj
[297/1044] Building C object esp-idf/lwip/CMakeFiles/__idf_lwip.dir/lwip/src/netif/ppp/pppol2tp.c.obj
[298/1044] Building C object esp-idf/lwip/CMakeFiles/__idf_lwip.dir/lwip/src/netif/ppp/upap.c.obj
[299/1044] Building C object esp-idf/lwip/CMakeFiles/__idf_lwip.dir/lwip/src/netif/ppp/vj.c.obj
[300/1044] Building C object esp-idf/lwip/CMakeFiles/__idf_lwip.dir/lwip/src/netif/ppp/utils.c.obj
[301/1044] Building C object esp-idf/lwip/CMakeFiles/__idf_lwip.dir/port/hooks/tcp_isn_default.c.obj
[302/1044] Building C object esp-idf/lwip/CMakeFiles/__idf_lwip.dir/port/hooks/lwip_default_hooks.c.obj
[303/1044] Building C object esp-idf/lwip/CMakeFiles/__idf_lwip.dir/port/if_index.c.obj
[304/1044] Building C object esp-idf/lwip/CMakeFiles/__idf_lwip.dir/lwip/src/netif/ppp/polarssl/des.c.obj
[305/1044] Building C object esp-idf/lwip/CMakeFiles/__idf_lwip.dir/lwip/src/netif/ppp/polarssl/arc4.c.obj
[306/1044] Linking C static library esp-idf/esp_netif/libesp_netif.a
[307/1044] Building C object esp-idf/lwip/CMakeFiles/__idf_lwip.dir/lwip/src/netif/ppp/polarssl/md4.c.obj
[308/1044] Building C object esp-idf/lwip/CMakeFiles/__idf_lwip.dir/port/acd_dhcp_check.c.obj
[309/1044] Building C object esp-idf/lwip/CMakeFiles/__idf_lwip.dir/port/debug/lwip_debug.c.obj
[310/1044] Building C object esp-idf/lwip/CMakeFiles/__idf_lwip.dir/apps/ping/ping.c.obj
[311/1044] Building C object esp-idf/lwip/CMakeFiles/__idf_lwip.dir/lwip/src/netif/ppp/polarssl/md5.c.obj
[312/1044] Building C object esp-idf/lwip/CMakeFiles/__idf_lwip.dir/port/sockets_ext.c.obj
[313/1044] Building C object esp-idf/lwip/CMakeFiles/__idf_lwip.dir/apps/ping/esp_ping.c.obj
[314/1044] Building C object esp-idf/lwip/CMakeFiles/__idf_lwip.dir/lwip/src/core/ipv6/nd6.c.obj
[315/1044] Building C object esp-idf/lwip/CMakeFiles/__idf_lwip.dir/port/esp32xx/vfs_lwip.c.obj
[316/1044] Building C object esp-idf/lwip/CMakeFiles/__idf_lwip.dir/lwip/src/netif/ppp/polarssl/sha1.c.obj
[317/1044] Building C object esp-idf/lwip/CMakeFiles/__idf_lwip.dir/port/freertos/sys_arch.c.obj
[318/1044] Building C object esp-idf/esp_phy/CMakeFiles/__idf_esp_phy.dir/esp32s3/phy_init_data.c.obj
[319/1044] Building C object esp-idf/lwip/CMakeFiles/__idf_lwip.dir/apps/ping/ping_sock.c.obj
[320/1044] Building C object esp-idf/esp_phy/CMakeFiles/__idf_esp_phy.dir/src/lib_printf.c.obj
[321/1044] Building C object esp-idf/esp_phy/CMakeFiles/__idf_esp_phy.dir/src/phy_override.c.obj
[322/1044] Building C object esp-idf/esp_driver_usb_serial_jtag/CMakeFiles/__idf_esp_driver_usb_serial_jtag.dir/src/usb_serial_jtag_connection_monitor.c.obj
[323/1044] Building C object esp-idf/esp_phy/CMakeFiles/__idf_esp_phy.dir/src/btbb_init.c.obj
[324/1044] Building C object esp-idf/vfs/CMakeFiles/__idf_vfs.dir/nullfs.c.obj
[325/1044] Building C object esp-idf/esp_vfs_console/CMakeFiles/__idf_esp_vfs_console.dir/vfs_console.c.obj
[326/1044] Building C object esp-idf/esp_phy/CMakeFiles/__idf_esp_phy.dir/src/phy_common.c.obj
[327/1044] Building C object esp-idf/vfs/CMakeFiles/__idf_vfs.dir/vfs_eventfd.c.obj
[328/1044] Building C object esp-idf/esp_driver_usb_serial_jtag/CMakeFiles/__idf_esp_driver_usb_serial_jtag.dir/src/usb_serial_jtag.c.obj
[329/1044] Building C object esp-idf/lwip/CMakeFiles/__idf_lwip.dir/apps/dhcpserver/dhcpserver.c.obj
[330/1044] Building C object esp-idf/vfs/CMakeFiles/__idf_vfs.dir/vfs_semihost.c.obj
[331/1044] Building C object esp-idf/esp_driver_usb_serial_jtag/CMakeFiles/__idf_esp_driver_usb_serial_jtag.dir/src/usb_serial_jtag_vfs.c.obj
[332/1044] Building C object esp-idf/esp_phy/CMakeFiles/__idf_esp_phy.dir/src/phy_init.c.obj
[333/1044] Building CXX object esp-idf/nvs_flash/CMakeFiles/__idf_nvs_flash.dir/src/nvs_platform.cpp.obj
[334/1044] Building C object esp-idf/nvs_flash/CMakeFiles/__idf_nvs_flash.dir/src/nvs_bootloader_aes.c.obj
[335/1044] Building C object esp-idf/nvs_flash/CMakeFiles/__idf_nvs_flash.dir/src/nvs_bootloader_xts_aes.c.obj
[336/1044] Linking C static library esp-idf/lwip/liblwip.a
[337/1044] Building C object esp-idf/vfs/CMakeFiles/__idf_vfs.dir/vfs.c.obj
[338/1044] Building C object esp-idf/nvs_flash/CMakeFiles/__idf_nvs_flash.dir/src/nvs_bootloader.c.obj
[339/1044] Building C object esp-idf/esp_event/CMakeFiles/__idf_esp_event.dir/default_event_loop.c.obj
[340/1044] Building CXX object esp-idf/nvs_flash/CMakeFiles/__idf_nvs_flash.dir/src/nvs_partition.cpp.obj
[341/1044] Building C object esp-idf/esp_event/CMakeFiles/__idf_esp_event.dir/esp_event_private.c.obj
[342/1044] Building CXX object esp-idf/nvs_flash/CMakeFiles/__idf_nvs_flash.dir/src/nvs_partition_lookup.cpp.obj
[343/1044] Linking C static library esp-idf/vfs/libvfs.a
[344/1044] Building C object esp-idf/esp_driver_uart/CMakeFiles/__idf_esp_driver_uart.dir/src/uart_wakeup.c.obj
[345/1044] Linking C static library esp-idf/esp_vfs_console/libesp_vfs_console.a
[346/1044] Linking C static library esp-idf/esp_driver_usb_serial_jtag/libesp_driver_usb_serial_jtag.a
[347/1044] Linking C static library esp-idf/esp_phy/libesp_phy.a
[348/1044] Building C object esp-idf/esp_event/CMakeFiles/__idf_esp_event.dir/esp_event.c.obj
[349/1044] Building C object esp-idf/esp_driver_uart/CMakeFiles/__idf_esp_driver_uart.dir/src/uhci.c.obj
[350/1044] Building C object esp-idf/esp_driver_uart/CMakeFiles/__idf_esp_driver_uart.dir/src/uart_vfs.c.obj
[351/1044] Building C object esp-idf/esp_timer/CMakeFiles/__idf_esp_timer.dir/src/esp_timer_init.c.obj
[352/1044] Building C object esp-idf/esp_driver_gptimer/CMakeFiles/__idf_esp_driver_gptimer.dir/src/gptimer.c.obj
[353/1044] Building C object esp-idf/esp_driver_gptimer/CMakeFiles/__idf_esp_driver_gptimer.dir/src/gptimer_common.c.obj
[354/1044] Building C object esp-idf/esp_ringbuf/CMakeFiles/__idf_esp_ringbuf.dir/ringbuf.c.obj
[355/1044] Building C object esp-idf/esp_timer/CMakeFiles/__idf_esp_timer.dir/src/ets_timer_legacy.c.obj
[356/1044] Building C object esp-idf/esp_timer/CMakeFiles/__idf_esp_timer.dir/src/system_time.c.obj
[357/1044] Building C object esp-idf/esp_timer/CMakeFiles/__idf_esp_timer.dir/src/esp_timer.c.obj
[358/1044] Building C object esp-idf/esp_timer/CMakeFiles/__idf_esp_timer.dir/src/esp_timer_impl_common.c.obj
[359/1044] Building CXX object esp-idf/nvs_flash/CMakeFiles/__idf_nvs_flash.dir/src/nvs_item_hash_list.cpp.obj
[360/1044] Building CXX object esp-idf/cxx/CMakeFiles/__idf_cxx.dir/cxx_exception_stubs.cpp.obj
[361/1044] Building CXX object esp-idf/nvs_flash/CMakeFiles/__idf_nvs_flash.dir/src/nvs_types.cpp.obj
[362/1044] Building CXX object esp-idf/cxx/CMakeFiles/__idf_cxx.dir/cxx_init.cpp.obj
[363/1044] Building CXX object esp-idf/nvs_flash/CMakeFiles/__idf_nvs_flash.dir/src/nvs_handle_simple.cpp.obj
[364/1044] Building C object esp-idf/esp_timer/CMakeFiles/__idf_esp_timer.dir/src/esp_timer_impl_systimer.c.obj
[365/1044] Building C object esp-idf/newlib/CMakeFiles/__idf_newlib.dir/src/init.c.obj
[366/1044] Building CXX object esp-idf/nvs_flash/CMakeFiles/__idf_nvs_flash.dir/src/nvs_cxx_api.cpp.obj
[367/1044] Building C object esp-idf/pthread/CMakeFiles/__idf_pthread.dir/pthread_cond_var.c.obj
[368/1044] Building C object esp-idf/newlib/CMakeFiles/__idf_newlib.dir/src/assert.c.obj
[369/1044] Building C object esp-idf/pthread/CMakeFiles/__idf_pthread.dir/pthread_semaphore.c.obj
[370/1044] Building C object esp-idf/pthread/CMakeFiles/__idf_pthread.dir/pthread_local_storage.c.obj
[371/1044] Building CXX object esp-idf/nvs_flash/CMakeFiles/__idf_nvs_flash.dir/src/nvs_pagemanager.cpp.obj
[372/1044] Building C object esp-idf/esp_driver_uart/CMakeFiles/__idf_esp_driver_uart.dir/src/uart.c.obj
[373/1044] Building C object esp-idf/pthread/CMakeFiles/__idf_pthread.dir/pthread_rwlock.c.obj
[374/1044] Building C object esp-idf/newlib/CMakeFiles/__idf_newlib.dir/src/abort.c.obj
[375/1044] Building C object esp-idf/newlib/CMakeFiles/__idf_newlib.dir/src/heap.c.obj
[376/1044] Building C object esp-idf/newlib/CMakeFiles/__idf_newlib.dir/src/getentropy.c.obj
[377/1044] Building C object esp-idf/newlib/CMakeFiles/__idf_newlib.dir/src/poll.c.obj
[378/1044] Building C object esp-idf/newlib/CMakeFiles/__idf_newlib.dir/src/pthread.c.obj
[379/1044] Building CXX object esp-idf/nvs_flash/CMakeFiles/__idf_nvs_flash.dir/src/nvs_encrypted_partition.cpp.obj
[380/1044] Building CXX object esp-idf/nvs_flash/CMakeFiles/__idf_nvs_flash.dir/src/nvs_partition_manager.cpp.obj
[381/1044] Building C object esp-idf/newlib/CMakeFiles/__idf_newlib.dir/src/random.c.obj
[382/1044] Building C object esp-idf/newlib/CMakeFiles/__idf_newlib.dir/src/termios.c.obj
[383/1044] Building C object esp-idf/newlib/CMakeFiles/__idf_newlib.dir/src/locks.c.obj
[384/1044] Building C object esp-idf/newlib/CMakeFiles/__idf_newlib.dir/src/flockfile.c.obj
[385/1044] Building C object esp-idf/newlib/CMakeFiles/__idf_newlib.dir/src/scandir.c.obj
[386/1044] Building CXX object esp-idf/nvs_flash/CMakeFiles/__idf_nvs_flash.dir/src/nvs_page.cpp.obj
[387/1044] Building CXX object esp-idf/nvs_flash/CMakeFiles/__idf_nvs_flash.dir/src/nvs_handle_locked.cpp.obj
[388/1044] Building C object esp-idf/pthread/CMakeFiles/__idf_pthread.dir/pthread.c.obj
[389/1044] Building C object esp-idf/newlib/CMakeFiles/__idf_newlib.dir/src/syscalls.c.obj
[390/1044] Building C object esp-idf/newlib/CMakeFiles/__idf_newlib.dir/src/realpath.c.obj
[391/1044] Building C object esp-idf/newlib/CMakeFiles/__idf_newlib.dir/src/port/esp_time_impl.c.obj
[392/1044] Building C object esp-idf/newlib/CMakeFiles/__idf_newlib.dir/src/sysconf.c.obj
[393/1044] Building C object esp-idf/newlib/CMakeFiles/__idf_newlib.dir/src/reent_syscalls.c.obj
[394/1044] Building C object esp-idf/newlib/CMakeFiles/__idf_newlib.dir/src/reent_init.c.obj
[395/1044] Building CXX object esp-idf/cxx/CMakeFiles/__idf_cxx.dir/cxx_guards.cpp.obj
[396/1044] Building C object esp-idf/newlib/CMakeFiles/__idf_newlib.dir/src/newlib_init.c.obj
[397/1044] Building C object esp-idf/newlib/CMakeFiles/__idf_newlib.dir/src/time.c.obj
[398/1044] Building ASM object esp-idf/freertos/CMakeFiles/__idf_freertos.dir/FreeRTOS-Kernel/portable/xtensa/portasm.S.obj
[399/1044] Building C object esp-idf/newlib/CMakeFiles/__idf_newlib.dir/src/stdatomic.c.obj
[400/1044] Building CXX object esp-idf/nvs_flash/CMakeFiles/__idf_nvs_flash.dir/src/nvs_storage.cpp.obj
[401/1044] Building C object esp-idf/freertos/CMakeFiles/__idf_freertos.dir/FreeRTOS-Kernel/portable/xtensa/xtensa_init.c.obj
[402/1044] Building C object esp-idf/freertos/CMakeFiles/__idf_freertos.dir/port_common.c.obj
[403/1044] Building C object esp-idf/freertos/CMakeFiles/__idf_freertos.dir/app_startup.c.obj
[404/1044] Building C object esp-idf/freertos/CMakeFiles/__idf_freertos.dir/heap_idf.c.obj
[405/1044] Building C object esp-idf/freertos/CMakeFiles/__idf_freertos.dir/FreeRTOS-Kernel/list.c.obj
[406/1044] Building CXX object esp-idf/nvs_flash/CMakeFiles/__idf_nvs_flash.dir/src/nvs_api.cpp.obj
[407/1044] Building C object esp-idf/freertos/CMakeFiles/__idf_freertos.dir/port_systick.c.obj
[408/1044] Building C object esp-idf/esp_hw_support/CMakeFiles/__idf_esp_hw_support.dir/esp_memory_utils.c.obj
[409/1044] Building C object esp-idf/freertos/CMakeFiles/__idf_freertos.dir/FreeRTOS-Kernel/event_groups.c.obj
[410/1044] Building C object esp-idf/freertos/CMakeFiles/__idf_freertos.dir/FreeRTOS-Kernel/portable/xtensa/xtensa_overlay_os_hook.c.obj
[411/1044] Building C object esp-idf/esp_hw_support/CMakeFiles/__idf_esp_hw_support.dir/port/esp32s3/cpu_region_protect.c.obj
[412/1044] Building C object esp-idf/esp_hw_support/CMakeFiles/__idf_esp_hw_support.dir/port/esp32s3/esp_cpu_intr.c.obj
[413/1044] Building C object esp-idf/esp_hw_support/CMakeFiles/__idf_esp_hw_support.dir/cpu.c.obj
[414/1044] Building C object esp-idf/freertos/CMakeFiles/__idf_freertos.dir/esp_additions/idf_additions_event_groups.c.obj
[415/1044] Building C object esp-idf/freertos/CMakeFiles/__idf_freertos.dir/FreeRTOS-Kernel/portable/xtensa/port.c.obj
[416/1044] Building C object esp-idf/freertos/CMakeFiles/__idf_freertos.dir/FreeRTOS-Kernel/timers.c.obj
[417/1044] Building C object esp-idf/esp_hw_support/CMakeFiles/__idf_esp_hw_support.dir/revision.c.obj
[418/1044] Building C object esp-idf/esp_hw_support/CMakeFiles/__idf_esp_hw_support.dir/esp_gpio_reserve.c.obj
[419/1044] Building C object esp-idf/freertos/CMakeFiles/__idf_freertos.dir/esp_additions/idf_additions.c.obj
[420/1044] Building C object esp-idf/esp_hw_support/CMakeFiles/__idf_esp_hw_support.dir/hw_random.c.obj
[421/1044] Building C object esp-idf/freertos/CMakeFiles/__idf_freertos.dir/FreeRTOS-Kernel/stream_buffer.c.obj
[422/1044] Building C object esp-idf/esp_hw_support/CMakeFiles/__idf_esp_hw_support.dir/clk_ctrl_os.c.obj
[423/1044] Linking C static library esp-idf/nvs_flash/libnvs_flash.a
[424/1044] Building C object esp-idf/esp_hw_support/CMakeFiles/__idf_esp_hw_support.dir/esp_clk.c.obj
[425/1044] Building C object esp-idf/esp_hw_support/CMakeFiles/__idf_esp_hw_support.dir/mac_addr.c.obj
[426/1044] Building C object esp-idf/esp_hw_support/CMakeFiles/__idf_esp_hw_support.dir/regi2c_ctrl.c.obj
[427/1044] Linking C static library esp-idf/esp_event/libesp_event.a
[428/1044] Building C object esp-idf/esp_hw_support/CMakeFiles/__idf_esp_hw_support.dir/dma/esp_dma_utils.c.obj
[429/1044] Building C object esp-idf/esp_hw_support/CMakeFiles/__idf_esp_hw_support.dir/clk_utils.c.obj
[430/1044] Building C object esp-idf/esp_hw_support/CMakeFiles/__idf_esp_hw_support.dir/sar_tsens_ctrl.c.obj
[431/1044] Building C object esp-idf/esp_hw_support/CMakeFiles/__idf_esp_hw_support.dir/port/esp32s3/esp_clk_tree.c.obj
[432/1044] Building C object esp-idf/esp_hw_support/CMakeFiles/__idf_esp_hw_support.dir/periph_ctrl.c.obj
[433/1044] Linking C static library esp-idf/esp_driver_uart/libesp_driver_uart.a
[434/1044] Building C object esp-idf/esp_hw_support/CMakeFiles/__idf_esp_hw_support.dir/port/esp_clk_tree_common.c.obj
[435/1044] Building C object esp-idf/freertos/CMakeFiles/__idf_freertos.dir/FreeRTOS-Kernel/queue.c.obj
[436/1044] Building C object esp-idf/esp_hw_support/CMakeFiles/__idf_esp_hw_support.dir/port/esp32s3/io_mux.c.obj
[437/1044] Building C object esp-idf/esp_hw_support/CMakeFiles/__idf_esp_hw_support.dir/rtc_module.c.obj
[438/1044] Building C object esp-idf/esp_hw_support/CMakeFiles/__idf_esp_hw_support.dir/sleep_usb.c.obj
[439/1044] Building C object esp-idf/esp_hw_support/CMakeFiles/__idf_esp_hw_support.dir/sleep_modem.c.obj
[440/1044] Linking C static library esp-idf/esp_ringbuf/libesp_ringbuf.a
[441/1044] Building C object esp-idf/esp_hw_support/CMakeFiles/__idf_esp_hw_support.dir/dma/gdma_link.c.obj
[442/1044] Building C object esp-idf/esp_hw_support/CMakeFiles/__idf_esp_hw_support.dir/sleep_console.c.obj
[443/1044] Building C object esp-idf/esp_hw_support/CMakeFiles/__idf_esp_hw_support.dir/port/esp32s3/systimer.c.obj
[444/1044] Linking C static library esp-idf/esp_driver_gptimer/libesp_driver_gptimer.a
[445/1044] Building C object esp-idf/esp_hw_support/CMakeFiles/__idf_esp_hw_support.dir/intr_alloc.c.obj
[446/1044] Building C object esp-idf/esp_hw_support/CMakeFiles/__idf_esp_hw_support.dir/sleep_event.c.obj
[447/1044] Building C object esp-idf/esp_hw_support/CMakeFiles/__idf_esp_hw_support.dir/spi_share_hw_ctrl.c.obj
[448/1044] Building C object esp-idf/esp_hw_support/CMakeFiles/__idf_esp_hw_support.dir/adc_share_hw_ctrl.c.obj
[449/1044] Building C object esp-idf/esp_hw_support/CMakeFiles/__idf_esp_hw_support.dir/dma/esp_async_memcpy.c.obj
[450/1044] Linking C static library esp-idf/esp_timer/libesp_timer.a
[451/1044] Building C object esp-idf/esp_hw_support/CMakeFiles/__idf_esp_hw_support.dir/usb_phy/usb_phy.c.obj
[452/1044] Building C object esp-idf/esp_hw_support/CMakeFiles/__idf_esp_hw_support.dir/mspi_timing_tuning/mspi_timing_tuning.c.obj
[453/1044] Building C object esp-idf/esp_hw_support/CMakeFiles/__idf_esp_hw_support.dir/spi_bus_lock.c.obj
[454/1044] Building C object esp-idf/esp_hw_support/CMakeFiles/__idf_esp_hw_support.dir/sleep_wake_stub.c.obj
[455/1044] Building C object esp-idf/esp_hw_support/CMakeFiles/__idf_esp_hw_support.dir/port/esp32s3/chip_info.c.obj
[456/1044] Building C object esp-idf/esp_hw_support/CMakeFiles/__idf_esp_hw_support.dir/sleep_gpio.c.obj
[457/1044] Linking C static library esp-idf/cxx/libcxx.a
[458/1044] Building C object esp-idf/esp_hw_support/CMakeFiles/__idf_esp_hw_support.dir/port/esp32s3/rtc_clk_init.c.obj
[459/1044] Building C object esp-idf/esp_hw_support/CMakeFiles/__idf_esp_hw_support.dir/port/esp32s3/rtc_sleep.c.obj
[460/1044] Building C object esp-idf/esp_hw_support/CMakeFiles/__idf_esp_hw_support.dir/port/esp_memprot_conv.c.obj
[461/1044] Building C object esp-idf/esp_hw_support/CMakeFiles/__idf_esp_hw_support.dir/esp_clock_output.c.obj
[462/1044] Building C object esp-idf/esp_hw_support/CMakeFiles/__idf_esp_hw_support.dir/dma/async_memcpy_gdma.c.obj
[463/1044] Building C object esp-idf/soc/CMakeFiles/__idf_soc.dir/dport_access_common.c.obj
[464/1044] Building C object esp-idf/soc/CMakeFiles/__idf_soc.dir/lldesc.c.obj
[465/1044] Building C object esp-idf/esp_hw_support/CMakeFiles/__idf_esp_hw_support.dir/power_supply/brownout.c.obj
[466/1044] Building C object esp-idf/freertos/CMakeFiles/__idf_freertos.dir/FreeRTOS-Kernel/tasks.c.obj
[467/1044] Linking C static library esp-idf/pthread/libpthread.a
[468/1044] Building C object esp-idf/esp_hw_support/CMakeFiles/__idf_esp_hw_support.dir/port/esp32s3/rtc_time.c.obj
[469/1044] Building C object esp-idf/esp_hw_support/CMakeFiles/__idf_esp_hw_support.dir/port/esp32s3/rtc_init.c.obj
[470/1044] Building C object esp-idf/soc/CMakeFiles/__idf_soc.dir/esp32s3/interrupts.c.obj
[471/1044] Building C object esp-idf/soc/CMakeFiles/__idf_soc.dir/esp32s3/uart_periph.c.obj
[472/1044] Building C object esp-idf/soc/CMakeFiles/__idf_soc.dir/esp32s3/gpio_periph.c.obj
[473/1044] Building C object esp-idf/esp_hw_support/CMakeFiles/__idf_esp_hw_support.dir/mspi_timing_tuning/port/esp32s3/mspi_timing_config.c.obj
[474/1044] Building C object esp-idf/esp_hw_support/CMakeFiles/__idf_esp_hw_support.dir/port/esp32s3/sar_periph_ctrl.c.obj
[475/1044] Building C object esp-idf/soc/CMakeFiles/__idf_soc.dir/esp32s3/adc_periph.c.obj
[476/1044] Building C object esp-idf/esp_hw_support/CMakeFiles/__idf_esp_hw_support.dir/port/esp32s3/rtc_clk.c.obj
[477/1044] Building C object esp-idf/soc/CMakeFiles/__idf_soc.dir/esp32s3/pcnt_periph.c.obj
[478/1044] Building C object esp-idf/soc/CMakeFiles/__idf_soc.dir/esp32s3/ledc_periph.c.obj
[479/1044] Building C object esp-idf/soc/CMakeFiles/__idf_soc.dir/esp32s3/dedic_gpio_periph.c.obj
[480/1044] Building C object esp-idf/soc/CMakeFiles/__idf_soc.dir/esp32s3/gdma_periph.c.obj
[481/1044] Building C object esp-idf/soc/CMakeFiles/__idf_soc.dir/esp32s3/spi_periph.c.obj
[482/1044] Building C object esp-idf/soc/CMakeFiles/__idf_soc.dir/esp32s3/rmt_periph.c.obj
[483/1044] Linking C static library esp-idf/newlib/libnewlib.a
[484/1044] Building C object esp-idf/soc/CMakeFiles/__idf_soc.dir/esp32s3/lcd_periph.c.obj
[485/1044] Building C object esp-idf/soc/CMakeFiles/__idf_soc.dir/esp32s3/i2s_periph.c.obj
[486/1044] Building C object esp-idf/esp_hw_support/CMakeFiles/__idf_esp_hw_support.dir/mspi_timing_tuning/port/esp32s3/mspi_timing_by_mspi_delay.c.obj
[487/1044] Building C object esp-idf/soc/CMakeFiles/__idf_soc.dir/esp32s3/temperature_sensor_periph.c.obj
[488/1044] Building C object esp-idf/soc/CMakeFiles/__idf_soc.dir/esp32s3/i2c_periph.c.obj
[489/1044] Building C object esp-idf/soc/CMakeFiles/__idf_soc.dir/esp32s3/sdm_periph.c.obj
[490/1044] Building C object esp-idf/soc/CMakeFiles/__idf_soc.dir/esp32s3/mcpwm_periph.c.obj
[491/1044] Building C object esp-idf/soc/CMakeFiles/__idf_soc.dir/esp32s3/touch_sensor_periph.c.obj
[492/1044] Building C object esp-idf/soc/CMakeFiles/__idf_soc.dir/esp32s3/timer_periph.c.obj
[493/1044] Building C object esp-idf/soc/CMakeFiles/__idf_soc.dir/esp32s3/mpi_periph.c.obj
[494/1044] Building C object esp-idf/soc/CMakeFiles/__idf_soc.dir/esp32s3/sdmmc_periph.c.obj
[495/1044] Building C object esp-idf/soc/CMakeFiles/__idf_soc.dir/esp32s3/twai_periph.c.obj
[496/1044] Building C object esp-idf/soc/CMakeFiles/__idf_soc.dir/esp32s3/usb_dwc_periph.c.obj
[497/1044] Building C object esp-idf/soc/CMakeFiles/__idf_soc.dir/esp32s3/cam_periph.c.obj
[498/1044] Building C object esp-idf/soc/CMakeFiles/__idf_soc.dir/esp32s3/power_supply_periph.c.obj
[499/1044] Building C object esp-idf/soc/CMakeFiles/__idf_soc.dir/esp32s3/rtc_io_periph.c.obj
[500/1044] Building C object esp-idf/soc/CMakeFiles/__idf_soc.dir/esp32s3/wdt_periph.c.obj
[501/1044] Building C object esp-idf/esp_hw_support/CMakeFiles/__idf_esp_hw_support.dir/lowpower/port/esp32s3/sleep_cpu.c.obj
[502/1044] Linking C static library esp-idf/freertos/libfreertos.a
[503/1044] Building C object esp-idf/heap/CMakeFiles/__idf_heap.dir/port/esp32s3/memory_layout.c.obj
[504/1044] Building C object esp-idf/esp_hw_support/CMakeFiles/__idf_esp_hw_support.dir/dma/gdma.c.obj
[505/1044] Building C object esp-idf/log/CMakeFiles/__idf_log.dir/src/os/log_lock.c.obj
[506/1044] Building C object esp-idf/log/CMakeFiles/__idf_log.dir/src/log_format_text.c.obj
[507/1044] Building C object esp-idf/heap/CMakeFiles/__idf_heap.dir/port/memory_layout_utils.c.obj
[508/1044] Building C object esp-idf/log/CMakeFiles/__idf_log.dir/src/util.c.obj
[509/1044] Building C object esp-idf/log/CMakeFiles/__idf_log.dir/src/os/util.c.obj
[510/1044] Building C object esp-idf/log/CMakeFiles/__idf_log.dir/src/buffer/log_buffers.c.obj
[511/1044] Building C object esp-idf/log/CMakeFiles/__idf_log.dir/src/log_print.c.obj
[512/1044] Building C object esp-idf/log/CMakeFiles/__idf_log.dir/src/os/log_timestamp.c.obj
[513/1044] Building C object esp-idf/log/CMakeFiles/__idf_log.dir/src/log_timestamp_common.c.obj
[514/1044] Building C object esp-idf/heap/CMakeFiles/__idf_heap.dir/heap_caps_init.c.obj
[515/1044] Building C object esp-idf/log/CMakeFiles/__idf_log.dir/src/os/log_write.c.obj
[516/1044] Building C object esp-idf/log/CMakeFiles/__idf_log.dir/src/log.c.obj
[517/1044] Building C object esp-idf/log/CMakeFiles/__idf_log.dir/src/log_level/tag_log_level/tag_log_level.c.obj
[518/1044] Building C object esp-idf/log/CMakeFiles/__idf_log.dir/src/log_level/log_level.c.obj
[519/1044] Building C object esp-idf/heap/CMakeFiles/__idf_heap.dir/heap_caps_base.c.obj
[520/1044] Building C object esp-idf/log/CMakeFiles/__idf_log.dir/src/log_level/tag_log_level/linked_list/log_linked_list.c.obj
[521/1044] Building C object esp-idf/heap/CMakeFiles/__idf_heap.dir/multi_heap.c.obj
[522/1044] Building C object esp-idf/hal/CMakeFiles/__idf_hal.dir/hal_utils.c.obj
[523/1044] Building C object esp-idf/hal/CMakeFiles/__idf_hal.dir/color_hal.c.obj
[524/1044] Building C object esp-idf/hal/CMakeFiles/__idf_hal.dir/mpu_hal.c.obj
[525/1044] Building C object esp-idf/log/CMakeFiles/__idf_log.dir/src/log_level/tag_log_level/cache/log_binary_heap.c.obj
[526/1044] Building C object esp-idf/esp_hw_support/CMakeFiles/__idf_esp_hw_support.dir/sleep_modes.c.obj
[527/1044] Building C object esp-idf/hal/CMakeFiles/__idf_hal.dir/efuse_hal.c.obj
[528/1044] Building C object esp-idf/hal/CMakeFiles/__idf_hal.dir/esp32s3/efuse_hal.c.obj
[529/1044] Building C object esp-idf/hal/CMakeFiles/__idf_hal.dir/spi_flash_encrypt_hal_iram.c.obj
[530/1044] Building C object esp-idf/hal/CMakeFiles/__idf_hal.dir/mmu_hal.c.obj
[531/1044] Building C object esp-idf/heap/CMakeFiles/__idf_heap.dir/heap_caps.c.obj
[532/1044] Building C object esp-idf/hal/CMakeFiles/__idf_hal.dir/uart_hal_iram.c.obj
[533/1044] Building C object esp-idf/hal/CMakeFiles/__idf_hal.dir/ledc_hal.c.obj
[534/1044] Building C object esp-idf/hal/CMakeFiles/__idf_hal.dir/esp32s3/clk_tree_hal.c.obj
[535/1044] Building C object esp-idf/hal/CMakeFiles/__idf_hal.dir/systimer_hal.c.obj
[536/1044] Building C object esp-idf/hal/CMakeFiles/__idf_hal.dir/cache_hal.c.obj
[537/1044] Building C object esp-idf/hal/CMakeFiles/__idf_hal.dir/gpio_hal.c.obj
[538/1044] Building C object esp-idf/hal/CMakeFiles/__idf_hal.dir/spi_flash_hal.c.obj
[539/1044] Building C object esp-idf/hal/CMakeFiles/__idf_hal.dir/ledc_hal_iram.c.obj
[540/1044] Building C object esp-idf/hal/CMakeFiles/__idf_hal.dir/timer_hal.c.obj
[541/1044] Building C object esp-idf/hal/CMakeFiles/__idf_hal.dir/rtc_io_hal.c.obj
[542/1044] Building C object esp-idf/hal/CMakeFiles/__idf_hal.dir/uart_hal.c.obj
[543/1044] Building C object esp-idf/hal/CMakeFiles/__idf_hal.dir/i2c_hal.c.obj
[544/1044] Building C object esp-idf/esp_hw_support/CMakeFiles/__idf_esp_hw_support.dir/port/esp32s3/esp_memprot.c.obj
[545/1044] Building C object esp-idf/hal/CMakeFiles/__idf_hal.dir/i2c_hal_iram.c.obj
[546/1044] Building C object esp-idf/hal/CMakeFiles/__idf_hal.dir/pcnt_hal.c.obj
[547/1044] Building C object esp-idf/hal/CMakeFiles/__idf_hal.dir/uhci_hal.c.obj
[548/1044] Building C object esp-idf/hal/CMakeFiles/__idf_hal.dir/rmt_hal.c.obj
[549/1044] Building C object esp-idf/hal/CMakeFiles/__idf_hal.dir/sdm_hal.c.obj
[550/1044] Building C object esp-idf/hal/CMakeFiles/__idf_hal.dir/sdmmc_hal.c.obj
[551/1044] Building C object esp-idf/hal/CMakeFiles/__idf_hal.dir/gdma_hal_top.c.obj
[552/1044] Building C object esp-idf/hal/CMakeFiles/__idf_hal.dir/mcpwm_hal.c.obj
[553/1044] Building C object esp-idf/hal/CMakeFiles/__idf_hal.dir/spi_flash_hal_iram.c.obj
[554/1044] Building C object esp-idf/hal/CMakeFiles/__idf_hal.dir/lcd_hal.c.obj
[555/1044] Building C object esp-idf/hal/CMakeFiles/__idf_hal.dir/gdma_hal_ahb_v1.c.obj
[556/1044] Building C object esp-idf/hal/CMakeFiles/__idf_hal.dir/brownout_hal.c.obj
[557/1044] Building C object esp-idf/hal/CMakeFiles/__idf_hal.dir/mpi_hal.c.obj
[558/1044] Building C object esp-idf/hal/CMakeFiles/__idf_hal.dir/sha_hal.c.obj
[559/1044] Building C object esp-idf/hal/CMakeFiles/__idf_hal.dir/adc_oneshot_hal.c.obj
[560/1044] Building C object esp-idf/hal/CMakeFiles/__idf_hal.dir/aes_hal.c.obj
[561/1044] Building C object esp-idf/hal/CMakeFiles/__idf_hal.dir/twai_hal_sja1000.c.obj
[562/1044] Linking C static library esp-idf/esp_hw_support/libesp_hw_support.a
[563/1044] Building C object esp-idf/hal/CMakeFiles/__idf_hal.dir/adc_hal_common.c.obj
[564/1044] Building C object esp-idf/hal/CMakeFiles/__idf_hal.dir/hmac_hal.c.obj
[565/1044] Building C object esp-idf/hal/CMakeFiles/__idf_hal.dir/spi_hal.c.obj
[566/1044] Building C object esp-idf/hal/CMakeFiles/__idf_hal.dir/spi_slave_hal.c.obj
[567/1044] Building C object esp-idf/hal/CMakeFiles/__idf_hal.dir/i2s_hal.c.obj
[568/1044] Building C object esp-idf/hal/CMakeFiles/__idf_hal.dir/usb_serial_jtag_hal.c.obj
[569/1044] Building C object esp-idf/hal/CMakeFiles/__idf_hal.dir/adc_hal.c.obj
[570/1044] Building C object esp-idf/hal/CMakeFiles/__idf_hal.dir/spi_slave_hal_iram.c.obj
[571/1044] Building C object esp-idf/hal/CMakeFiles/__idf_hal.dir/ds_hal.c.obj
[572/1044] Building C object esp-idf/hal/CMakeFiles/__idf_hal.dir/cam_hal.c.obj
[573/1044] Linking C static library esp-idf/soc/libsoc.a
[574/1044] Building C object esp-idf/hal/CMakeFiles/__idf_hal.dir/usb_wrap_hal.c.obj
[575/1044] Building C object esp-idf/heap/CMakeFiles/__idf_heap.dir/tlsf/tlsf.c.obj
[576/1044] Building C object esp-idf/esp_rom/CMakeFiles/__idf_esp_rom.dir/patches/esp_rom_crc.c.obj
[577/1044] Building C object esp-idf/hal/CMakeFiles/__idf_hal.dir/spi_flash_hal_gpspi.c.obj
[578/1044] Building C object esp-idf/hal/CMakeFiles/__idf_hal.dir/touch_sensor_hal.c.obj
[579/1044] Building C object esp-idf/esp_rom/CMakeFiles/__idf_esp_rom.dir/patches/esp_rom_sys.c.obj
[580/1044] Building C object esp-idf/hal/CMakeFiles/__idf_hal.dir/spi_slave_hd_hal.c.obj
[581/1044] Building C object esp-idf/hal/CMakeFiles/__idf_hal.dir/touch_sens_hal.c.obj
[582/1044] Building ASM object esp-idf/esp_rom/CMakeFiles/__idf_esp_rom.dir/patches/esp_rom_longjmp.S.obj
[583/1044] Building C object esp-idf/esp_rom/CMakeFiles/__idf_esp_rom.dir/patches/esp_rom_gpio.c.obj
[584/1044] Building C object esp-idf/esp_rom/CMakeFiles/__idf_esp_rom.dir/patches/esp_rom_efuse.c.obj
[585/1044] Building C object esp-idf/hal/CMakeFiles/__idf_hal.dir/xt_wdt_hal.c.obj
[586/1044] Building C object esp-idf/hal/CMakeFiles/__idf_hal.dir/temperature_sensor_hal.c.obj
[587/1044] Linking C static library esp-idf/heap/libheap.a
[588/1044] Building C object esp-idf/esp_rom/CMakeFiles/__idf_esp_rom.dir/patches/esp_rom_serial_output.c.obj
[589/1044] Building C object esp-idf/hal/CMakeFiles/__idf_hal.dir/spi_hal_iram.c.obj
[590/1044] Building C object esp-idf/hal/CMakeFiles/__idf_hal.dir/esp32s3/touch_sensor_hal.c.obj
[591/1044] Building ASM object esp-idf/esp_rom/CMakeFiles/__idf_esp_rom.dir/patches/esp_rom_cache_writeback_esp32s3.S.obj
[592/1044] Building C object esp-idf/hal/CMakeFiles/__idf_hal.dir/usb_dwc_hal.c.obj
[593/1044] Building C object esp-idf/esp_rom/CMakeFiles/__idf_esp_rom.dir/patches/esp_rom_spiflash.c.obj
[594/1044] Building C object esp-idf/esp_rom/CMakeFiles/__idf_esp_rom.dir/patches/esp_rom_systimer.c.obj
[595/1044] Building C object esp-idf/hal/CMakeFiles/__idf_hal.dir/esp32s3/rtc_cntl_hal.c.obj
[596/1044] Building C object esp-idf/esp_system/CMakeFiles/__idf_esp_system.dir/esp_system_console.c.obj
[597/1044] Building C object esp-idf/esp_rom/CMakeFiles/__idf_esp_rom.dir/patches/esp_rom_wdt.c.obj
[598/1044] Building C object esp-idf/esp_rom/CMakeFiles/__idf_esp_rom.dir/patches/esp_rom_cache_esp32s2_esp32s3.c.obj
[599/1044] Building C object esp-idf/esp_system/CMakeFiles/__idf_esp_system.dir/esp_err.c.obj
[600/1044] Building C object esp-idf/esp_rom/CMakeFiles/__idf_esp_rom.dir/patches/esp_rom_print.c.obj
[601/1044] Linking C static library esp-idf/log/liblog.a
[602/1044] Building C object esp-idf/esp_system/CMakeFiles/__idf_esp_system.dir/stack_check.c.obj
[603/1044] Building C object esp-idf/esp_system/CMakeFiles/__idf_esp_system.dir/startup.c.obj
[604/1044] Building C object esp-idf/esp_system/CMakeFiles/__idf_esp_system.dir/crosscore_int.c.obj
[605/1044] Building C object esp-idf/esp_system/CMakeFiles/__idf_esp_system.dir/system_time.c.obj
[606/1044] Building C object esp-idf/esp_system/CMakeFiles/__idf_esp_system.dir/ubsan.c.obj
[607/1044] Building C object esp-idf/esp_system/CMakeFiles/__idf_esp_system.dir/esp_ipc.c.obj
[608/1044] Building C object esp-idf/esp_system/CMakeFiles/__idf_esp_system.dir/freertos_hooks.c.obj
[609/1044] Building C object esp-idf/esp_system/CMakeFiles/__idf_esp_system.dir/esp_system.c.obj
[610/1044] Building C object esp-idf/esp_system/CMakeFiles/__idf_esp_system.dir/int_wdt.c.obj
[611/1044] Building ASM object esp-idf/esp_system/CMakeFiles/__idf_esp_system.dir/port/arch/xtensa/esp_ipc_isr_routines.S.obj
[612/1044] Linking C static library esp-idf/hal/libhal.a
[613/1044] Building ASM object esp-idf/esp_system/CMakeFiles/__idf_esp_system.dir/port/arch/xtensa/esp_ipc_isr_handler.S.obj
[614/1044] Building ASM object esp-idf/esp_system/CMakeFiles/__idf_esp_system.dir/port/arch/xtensa/panic_handler_asm.S.obj
[615/1044] Building C object esp-idf/esp_system/CMakeFiles/__idf_esp_system.dir/xt_wdt.c.obj
[616/1044] Building C object esp-idf/esp_system/CMakeFiles/__idf_esp_system.dir/port/esp_system_chip.c.obj
[617/1044] Building C object esp-idf/esp_system/CMakeFiles/__idf_esp_system.dir/panic.c.obj
[618/1044] Building C object esp-idf/esp_system/CMakeFiles/__idf_esp_system.dir/port/panic_handler.c.obj
[619/1044] Building C object esp-idf/esp_system/CMakeFiles/__idf_esp_system.dir/port/esp_ipc_isr.c.obj
[620/1044] Building C object esp-idf/esp_system/CMakeFiles/__idf_esp_system.dir/port/arch/xtensa/esp_ipc_isr_port.c.obj
[621/1044] Building C object esp-idf/esp_system/CMakeFiles/__idf_esp_system.dir/startup_funcs.c.obj
[622/1044] Building ASM object esp-idf/esp_system/CMakeFiles/__idf_esp_system.dir/port/arch/xtensa/expression_with_stack_asm.S.obj
[623/1044] Linking C static library esp-idf/esp_rom/libesp_rom.a
[624/1044] Building ASM object esp-idf/esp_system/CMakeFiles/__idf_esp_system.dir/port/arch/xtensa/debug_helpers_asm.S.obj
[625/1044] Building C object esp-idf/esp_system/CMakeFiles/__idf_esp_system.dir/port/image_process.c.obj
[626/1044] Building C object esp-idf/esp_system/CMakeFiles/__idf_esp_system.dir/task_wdt/task_wdt_impl_timergroup.c.obj
[627/1044] Building ASM object esp-idf/esp_system/CMakeFiles/__idf_esp_system.dir/port/soc/esp32s3/highint_hdl.S.obj
[628/1044] Building C object esp-idf/esp_system/CMakeFiles/__idf_esp_system.dir/port/arch/xtensa/debug_stubs.c.obj
[629/1044] Building C object esp-idf/esp_system/CMakeFiles/__idf_esp_system.dir/port/arch/xtensa/panic_arch.c.obj
[630/1044] Building C object esp-idf/spi_flash/CMakeFiles/__idf_spi_flash.dir/flash_brownout_hook.c.obj
[631/1044] Building C object esp-idf/esp_system/CMakeFiles/__idf_esp_system.dir/task_wdt/task_wdt.c.obj
[632/1044] Building C object esp-idf/esp_system/CMakeFiles/__idf_esp_system.dir/port/arch/xtensa/trax.c.obj
[633/1044] Building C object esp-idf/esp_common/CMakeFiles/__idf_esp_common.dir/src/esp_err_to_name.c.obj
[634/1044] Building C object esp-idf/esp_system/CMakeFiles/__idf_esp_system.dir/port/soc/esp32s3/reset_reason.c.obj
[635/1044] Building C object esp-idf/esp_system/CMakeFiles/__idf_esp_system.dir/port/arch/xtensa/expression_with_stack.c.obj
[636/1044] Building C object esp-idf/esp_system/CMakeFiles/__idf_esp_system.dir/port/cpu_start.c.obj
[637/1044] Building C object esp-idf/spi_flash/CMakeFiles/__idf_spi_flash.dir/spi_flash_chip_drivers.c.obj
[638/1044] Linking C static library esp-idf/esp_common/libesp_common.a
[639/1044] Building C object esp-idf/esp_system/CMakeFiles/__idf_esp_system.dir/port/soc/esp32s3/apb_backup_dma.c.obj
[640/1044] Building C object esp-idf/esp_system/CMakeFiles/__idf_esp_system.dir/port/arch/xtensa/debug_helpers.c.obj
[641/1044] Building C object esp-idf/spi_flash/CMakeFiles/__idf_spi_flash.dir/spi_flash_hpm_enable.c.obj
[642/1044] Building C object esp-idf/spi_flash/CMakeFiles/__idf_spi_flash.dir/spi_flash_chip_boya.c.obj
[643/1044] Building C object esp-idf/spi_flash/CMakeFiles/__idf_spi_flash.dir/spi_flash_chip_issi.c.obj
[644/1044] Building C object esp-idf/spi_flash/CMakeFiles/__idf_spi_flash.dir/spi_flash_chip_gd.c.obj
[645/1044] Building C object esp-idf/spi_flash/CMakeFiles/__idf_spi_flash.dir/esp32s3/spi_flash_oct_flash_init.c.obj
[646/1044] Building C object esp-idf/esp_system/CMakeFiles/__idf_esp_system.dir/port/soc/esp32s3/cache_err_int.c.obj
[647/1044] Building C object esp-idf/spi_flash/CMakeFiles/__idf_spi_flash.dir/spi_flash_chip_th.c.obj
[648/1044] Building C object esp-idf/spi_flash/CMakeFiles/__idf_spi_flash.dir/spi_flash_chip_mxic.c.obj
[649/1044] Building C object esp-idf/spi_flash/CMakeFiles/__idf_spi_flash.dir/spi_flash_chip_winbond.c.obj
[650/1044] Building C object esp-idf/esp_system/CMakeFiles/__idf_esp_system.dir/port/soc/esp32s3/clk.c.obj
[651/1044] Building C object esp-idf/esp_mm/CMakeFiles/__idf_esp_mm.dir/port/esp32s3/ext_mem_layout.c.obj
[652/1044] Building C object esp-idf/esp_system/CMakeFiles/__idf_esp_system.dir/port/soc/esp32s3/system_internal.c.obj
[653/1044] Building C object esp-idf/spi_flash/CMakeFiles/__idf_spi_flash.dir/memspi_host_driver.c.obj
[654/1044] Building C object esp-idf/spi_flash/CMakeFiles/__idf_spi_flash.dir/spi_flash_chip_mxic_opi.c.obj
[655/1044] Building C object esp-idf/spi_flash/CMakeFiles/__idf_spi_flash.dir/spi_flash_wrap.c.obj
[656/1044] Building C object esp-idf/spi_flash/CMakeFiles/__idf_spi_flash.dir/spi_flash_os_func_noos.c.obj
[657/1044] Building C object esp-idf/esp_mm/CMakeFiles/__idf_esp_mm.dir/heap_align_hw.c.obj
[658/1044] Building C object esp-idf/spi_flash/CMakeFiles/__idf_spi_flash.dir/flash_ops.c.obj
[659/1044] Building C object esp-idf/spi_flash/CMakeFiles/__idf_spi_flash.dir/spi_flash_chip_generic.c.obj
[660/1044] Building C object esp-idf/spi_flash/CMakeFiles/__idf_spi_flash.dir/flash_mmap.c.obj
[661/1044] Building C object esp-idf/bootloader_support/CMakeFiles/__idf_bootloader_support.dir/src/bootloader_clock_init.c.obj
[662/1044] Building C object esp-idf/bootloader_support/CMakeFiles/__idf_bootloader_support.dir/src/bootloader_random.c.obj
[663/1044] Building C object esp-idf/esp_mm/CMakeFiles/__idf_esp_mm.dir/esp_cache_msync.c.obj
[664/1044] Building C object esp-idf/esp_mm/CMakeFiles/__idf_esp_mm.dir/esp_cache_utils.c.obj
[665/1044] Linking C static library esp-idf/esp_system/libesp_system.a
[666/1044] Building C object esp-idf/bootloader_support/CMakeFiles/__idf_bootloader_support.dir/src/bootloader_mem.c.obj
[667/1044] Building C object esp-idf/spi_flash/CMakeFiles/__idf_spi_flash.dir/cache_utils.c.obj
[668/1044] Building C object esp-idf/spi_flash/CMakeFiles/__idf_spi_flash.dir/spi_flash_os_func_app.c.obj
[669/1044] Building C object esp-idf/spi_flash/CMakeFiles/__idf_spi_flash.dir/esp_flash_spi_init.c.obj
[670/1044] Building C object esp-idf/bootloader_support/CMakeFiles/__idf_bootloader_support.dir/src/bootloader_efuse.c.obj
[671/1044] Building C object esp-idf/bootloader_support/CMakeFiles/__idf_bootloader_support.dir/src/bootloader_common.c.obj
[672/1044] Building C object esp-idf/bootloader_support/CMakeFiles/__idf_bootloader_support.dir/src/flash_encrypt.c.obj
[673/1044] Building C object esp-idf/bootloader_support/CMakeFiles/__idf_bootloader_support.dir/src/secure_boot.c.obj
[674/1044] Building C object esp-idf/bootloader_support/CMakeFiles/__idf_bootloader_support.dir/src/bootloader_common_loader.c.obj
[675/1044] Building C object esp-idf/mbedtls/mbedtls/library/CMakeFiles/mbedtls.dir/mps_reader.c.obj
[676/1044] Building C object esp-idf/bootloader_support/CMakeFiles/__idf_bootloader_support.dir/src/flash_partitions.c.obj
[677/1044] Building C object esp-idf/esp_mm/CMakeFiles/__idf_esp_mm.dir/esp_mmu_map.c.obj
[678/1044] Building C object esp-idf/bootloader_support/CMakeFiles/__idf_bootloader_support.dir/src/bootloader_random_esp32s3.c.obj
[679/1044] Building C object esp-idf/mbedtls/mbedtls/library/CMakeFiles/mbedtls.dir/debug.c.obj
[680/1044] Building C object esp-idf/mbedtls/mbedtls/library/CMakeFiles/mbedtls.dir/mps_trace.c.obj
[681/1044] Building C object esp-idf/bootloader_support/CMakeFiles/__idf_bootloader_support.dir/src/esp32s3/secure_boot_secure_features.c.obj
[682/1044] Building C object esp-idf/spi_flash/CMakeFiles/__idf_spi_flash.dir/esp_flash_api.c.obj
[683/1044] Building C object esp-idf/bootloader_support/CMakeFiles/__idf_bootloader_support.dir/bootloader_flash/src/bootloader_flash_config_esp32s3.c.obj
[684/1044] Building C object esp-idf/mbedtls/mbedtls/library/CMakeFiles/mbedtls.dir/ssl_cookie.c.obj
[685/1044] Building C object esp-idf/bootloader_support/CMakeFiles/__idf_bootloader_support.dir/bootloader_flash/src/flash_qio_mode.c.obj
[686/1044] Building C object esp-idf/bootloader_support/CMakeFiles/__idf_bootloader_support.dir/src/bootloader_sha.c.obj
[687/1044] Building C object esp-idf/mbedtls/mbedtls/library/CMakeFiles/mbedtls.dir/ssl_tls13_keys.c.obj
[688/1044] Building C object esp-idf/mbedtls/mbedtls/library/CMakeFiles/mbedtls.dir/ssl_debug_helpers_generated.c.obj
[689/1044] Building C object esp-idf/mbedtls/mbedtls/library/CMakeFiles/mbedtls.dir/ssl_tls13_server.c.obj
[690/1044] Building C object esp-idf/bootloader_support/CMakeFiles/__idf_bootloader_support.dir/bootloader_flash/src/bootloader_flash.c.obj
[691/1044] Building C object esp-idf/mbedtls/mbedtls/library/CMakeFiles/mbedtls.dir/ssl_tls13_generic.c.obj
[692/1044] Building C object esp-idf/mbedtls/mbedtls/library/CMakeFiles/mbedtls.dir/ssl_cache.c.obj
[693/1044] Building C object esp-idf/mbedtls/mbedtls/library/CMakeFiles/mbedtls.dir/ssl_tls13_client.c.obj
[694/1044] Linking C static library esp-idf/spi_flash/libspi_flash.a
[695/1044] Building C object esp-idf/mbedtls/mbedtls/library/CMakeFiles/mbedtls.dir/ssl_ciphersuites.c.obj
[696/1044] Building C object 'esp-idf/mbedtls/mbedtls/library/CMakeFiles/mbedtls.dir/home/tikhon/Документы/magnolia/esp-idf/components/mbedtls/port/esp_platform_time.c.obj'
[697/1044] Building C object esp-idf/mbedtls/mbedtls/library/CMakeFiles/mbedtls.dir/ssl_ticket.c.obj
[698/1044] Linking C static library esp-idf/esp_mm/libesp_mm.a
[699/1044] Building C object esp-idf/mbedtls/mbedtls/library/CMakeFiles/mbedx509.dir/x509_create.c.obj
[700/1044] Building C object esp-idf/bootloader_support/CMakeFiles/__idf_bootloader_support.dir/src/esp_image_format.c.obj
[701/1044] Building C object esp-idf/mbedtls/mbedtls/library/CMakeFiles/mbedtls.dir/ssl_client.c.obj
[702/1044] Building C object 'esp-idf/mbedtls/mbedtls/library/CMakeFiles/mbedtls.dir/home/tikhon/Документы/magnolia/esp-idf/components/mbedtls/port/mbedtls_debug.c.obj'
[703/1044] Building C object esp-idf/bootloader_support/CMakeFiles/__idf_bootloader_support.dir/src/bootloader_utility.c.obj
[704/1044] Building C object esp-idf/mbedtls/mbedtls/library/CMakeFiles/mbedx509.dir/x509write_csr.c.obj
[705/1044] Building C object esp-idf/mbedtls/mbedtls/library/CMakeFiles/mbedx509.dir/x509write.c.obj
[706/1044] Building C object esp-idf/mbedtls/mbedtls/library/CMakeFiles/mbedx509.dir/x509write_crt.c.obj
[707/1044] Building C object esp-idf/mbedtls/mbedtls/library/CMakeFiles/mbedcrypto.dir/aesce.c.obj
[708/1044] Linking C static library esp-idf/bootloader_support/libbootloader_support.a
[709/1044] Building C object esp-idf/mbedtls/mbedtls/library/CMakeFiles/mbedx509.dir/pkcs7.c.obj
[710/1044] Building C object esp-idf/mbedtls/mbedtls/library/CMakeFiles/mbedcrypto.dir/aesni.c.obj
[711/1044] Building C object esp-idf/mbedtls/mbedtls/library/CMakeFiles/mbedcrypto.dir/aes.c.obj
[712/1044] Building C object 'esp-idf/mbedtls/mbedtls/library/CMakeFiles/mbedtls.dir/home/tikhon/Документы/magnolia/esp-idf/components/mbedtls/port/net_sockets.c.obj'
[713/1044] Building C object esp-idf/mbedtls/mbedtls/library/CMakeFiles/mbedx509.dir/x509_crl.c.obj
[714/1044] Building C object esp-idf/mbedtls/mbedtls/library/CMakeFiles/mbedcrypto.dir/asn1parse.c.obj
[715/1044] Building C object esp-idf/mbedtls/mbedtls/library/CMakeFiles/mbedx509.dir/x509_csr.c.obj
[716/1044] Building C object esp-idf/mbedtls/mbedtls/library/CMakeFiles/mbedcrypto.dir/bignum_mod.c.obj
[717/1044] Building C object esp-idf/mbedtls/mbedtls/library/CMakeFiles/mbedcrypto.dir/bignum_mod_raw.c.obj
[718/1044] Building C object esp-idf/mbedtls/mbedtls/library/CMakeFiles/mbedcrypto.dir/camellia.c.obj
[719/1044] Building C object esp-idf/mbedtls/mbedtls/library/CMakeFiles/mbedcrypto.dir/block_cipher.c.obj
[720/1044] Building C object esp-idf/mbedtls/mbedtls/library/CMakeFiles/mbedcrypto.dir/asn1write.c.obj
[721/1044] Building C object esp-idf/mbedtls/mbedtls/library/CMakeFiles/mbedcrypto.dir/chacha20.c.obj
[722/1044] Building C object esp-idf/mbedtls/mbedtls/library/CMakeFiles/mbedcrypto.dir/base64.c.obj
[723/1044] Building C object esp-idf/mbedtls/mbedtls/library/CMakeFiles/mbedtls.dir/ssl_tls12_client.c.obj
[724/1044] Building C object esp-idf/mbedtls/mbedtls/library/CMakeFiles/mbedcrypto.dir/chachapoly.c.obj
[725/1044] Building C object esp-idf/mbedtls/mbedtls/library/CMakeFiles/mbedcrypto.dir/des.c.obj
[726/1044] Building C object esp-idf/mbedtls/mbedtls/library/CMakeFiles/mbedtls.dir/ssl_msg.c.obj
[727/1044] Building C object esp-idf/mbedtls/mbedtls/library/CMakeFiles/mbedcrypto.dir/constant_time.c.obj
[728/1044] Building C object esp-idf/mbedtls/mbedtls/library/CMakeFiles/mbedcrypto.dir/aria.c.obj
[729/1044] Building C object esp-idf/mbedtls/mbedtls/library/CMakeFiles/mbedtls.dir/ssl_tls12_server.c.obj
[730/1044] Building C object esp-idf/mbedtls/mbedtls/library/CMakeFiles/mbedcrypto.dir/ecjpake.c.obj
[731/1044] Building C object esp-idf/mbedtls/mbedtls/library/CMakeFiles/mbedcrypto.dir/cipher_wrap.c.obj
[732/1044] Building C object esp-idf/mbedtls/mbedtls/library/CMakeFiles/mbedcrypto.dir/ccm.c.obj
[733/1044] Building C object esp-idf/mbedtls/mbedtls/library/CMakeFiles/mbedx509.dir/x509.c.obj
[734/1044] Building C object esp-idf/mbedtls/mbedtls/library/CMakeFiles/mbedcrypto.dir/ecp_curves_new.c.obj
[735/1044] Building C object esp-idf/mbedtls/mbedtls/library/CMakeFiles/mbedcrypto.dir/bignum_core.c.obj
[736/1044] Building C object esp-idf/mbedtls/mbedtls/library/CMakeFiles/mbedcrypto.dir/ecdh.c.obj
[737/1044] Building C object esp-idf/mbedtls/mbedtls/library/CMakeFiles/mbedcrypto.dir/ctr_drbg.c.obj
[738/1044] Building C object esp-idf/mbedtls/mbedtls/library/CMakeFiles/mbedcrypto.dir/entropy_poll.c.obj
[739/1044] Building C object esp-idf/mbedtls/mbedtls/library/CMakeFiles/mbedcrypto.dir/ecdsa.c.obj
[740/1044] Building C object esp-idf/mbedtls/mbedtls/library/CMakeFiles/mbedcrypto.dir/hkdf.c.obj
[741/1044] Building C object esp-idf/mbedtls/mbedtls/library/CMakeFiles/mbedx509.dir/x509_crt.c.obj
[742/1044] Building C object esp-idf/mbedtls/mbedtls/library/CMakeFiles/mbedcrypto.dir/lms.c.obj
[743/1044] Building C object esp-idf/mbedtls/mbedtls/library/CMakeFiles/mbedcrypto.dir/dhm.c.obj
[744/1044] Building C object esp-idf/mbedtls/mbedtls/library/CMakeFiles/mbedcrypto.dir/cmac.c.obj
[745/1044] Building C object esp-idf/mbedtls/mbedtls/library/CMakeFiles/mbedcrypto.dir/lmots.c.obj
[746/1044] Building C object esp-idf/mbedtls/mbedtls/library/CMakeFiles/mbedcrypto.dir/cipher.c.obj
[747/1044] Building C object esp-idf/mbedtls/mbedtls/library/CMakeFiles/mbedcrypto.dir/memory_buffer_alloc.c.obj
[748/1044] Building C object esp-idf/mbedtls/mbedtls/library/CMakeFiles/mbedcrypto.dir/entropy.c.obj
[749/1044] Building C object esp-idf/mbedtls/mbedtls/library/CMakeFiles/mbedcrypto.dir/md5.c.obj
[750/1044] Building C object esp-idf/mbedtls/mbedtls/library/CMakeFiles/mbedcrypto.dir/nist_kw.c.obj
[751/1044] Building C object esp-idf/mbedtls/mbedtls/library/CMakeFiles/mbedcrypto.dir/padlock.c.obj
[752/1044] Building C object esp-idf/mbedtls/mbedtls/library/CMakeFiles/mbedcrypto.dir/error.c.obj
[753/1044] Building C object esp-idf/mbedtls/mbedtls/library/CMakeFiles/mbedcrypto.dir/hmac_drbg.c.obj
[754/1044] Building C object esp-idf/mbedtls/mbedtls/library/CMakeFiles/mbedcrypto.dir/bignum.c.obj
[755/1044] Building C object esp-idf/mbedtls/mbedtls/library/CMakeFiles/mbedcrypto.dir/pk_ecc.c.obj
[756/1044] Building C object esp-idf/mbedtls/mbedtls/library/CMakeFiles/mbedtls.dir/ssl_tls.c.obj
[757/1044] Building C object esp-idf/mbedtls/mbedtls/library/CMakeFiles/mbedcrypto.dir/pem.c.obj
[758/1044] Building C object esp-idf/mbedtls/mbedtls/library/CMakeFiles/mbedcrypto.dir/platform.c.obj
[759/1044] Building C object esp-idf/mbedtls/mbedtls/library/CMakeFiles/mbedcrypto.dir/poly1305.c.obj
[760/1044] Building C object esp-idf/mbedtls/mbedtls/library/CMakeFiles/mbedcrypto.dir/gcm.c.obj
[761/1044] Building C object esp-idf/mbedtls/mbedtls/library/CMakeFiles/mbedcrypto.dir/platform_util.c.obj
[762/1044] Building C object esp-idf/mbedtls/mbedtls/library/CMakeFiles/mbedcrypto.dir/pkcs12.c.obj
[763/1044] Building C object esp-idf/mbedtls/mbedtls/library/CMakeFiles/mbedcrypto.dir/oid.c.obj
[764/1044] Building C object esp-idf/mbedtls/mbedtls/library/CMakeFiles/mbedcrypto.dir/pk_wrap.c.obj
[765/1044] Building C object esp-idf/mbedtls/mbedtls/library/CMakeFiles/mbedcrypto.dir/pkcs5.c.obj
[766/1044] Building C object esp-idf/mbedtls/mbedtls/library/CMakeFiles/mbedcrypto.dir/md.c.obj
[767/1044] Building C object esp-idf/mbedtls/mbedtls/library/CMakeFiles/mbedcrypto.dir/pk.c.obj
[768/1044] Building C object esp-idf/mbedtls/mbedtls/library/CMakeFiles/mbedcrypto.dir/pkwrite.c.obj
[769/1044] Linking CXX static library esp-idf/mbedtls/mbedtls/library/libmbedtls.a
[770/1044] Building C object esp-idf/mbedtls/mbedtls/library/CMakeFiles/mbedcrypto.dir/ecp_curves.c.obj
[771/1044] Building C object esp-idf/mbedtls/mbedtls/library/CMakeFiles/mbedcrypto.dir/psa_crypto_client.c.obj
[772/1044] Building C object esp-idf/mbedtls/mbedtls/library/CMakeFiles/mbedcrypto.dir/psa_crypto_driver_wrappers_no_static.c.obj
[773/1044] Building C object esp-idf/mbedtls/mbedtls/library/CMakeFiles/mbedcrypto.dir/psa_crypto_se.c.obj
[774/1044] Building C object esp-idf/mbedtls/mbedtls/library/CMakeFiles/mbedcrypto.dir/psa_crypto_pake.c.obj
[775/1044] Building C object esp-idf/mbedtls/mbedtls/library/CMakeFiles/mbedcrypto.dir/psa_crypto_ffdh.c.obj
[776/1044] Building C object esp-idf/mbedtls/mbedtls/library/CMakeFiles/mbedcrypto.dir/psa_crypto_aead.c.obj
[777/1044] Building C object esp-idf/mbedtls/mbedtls/library/CMakeFiles/mbedcrypto.dir/ecp.c.obj
[778/1044] Building C object esp-idf/mbedtls/mbedtls/library/CMakeFiles/mbedcrypto.dir/psa_crypto_cipher.c.obj
[779/1044] Building C object esp-idf/mbedtls/mbedtls/library/CMakeFiles/mbedcrypto.dir/ripemd160.c.obj
[780/1044] Building C object esp-idf/mbedtls/mbedtls/library/CMakeFiles/mbedcrypto.dir/psa_crypto_ecp.c.obj
[781/1044] Building C object esp-idf/mbedtls/mbedtls/library/CMakeFiles/mbedcrypto.dir/psa_its_file.c.obj
[782/1044] Building C object esp-idf/mbedtls/mbedtls/library/CMakeFiles/mbedcrypto.dir/pkparse.c.obj
[783/1044] Building C object esp-idf/mbedtls/mbedtls/library/CMakeFiles/mbedcrypto.dir/psa_crypto_hash.c.obj
[784/1044] Building C object esp-idf/mbedtls/mbedtls/library/CMakeFiles/mbedcrypto.dir/psa_crypto_mac.c.obj
[785/1044] Building C object esp-idf/mbedtls/mbedtls/library/CMakeFiles/mbedcrypto.dir/threading.c.obj
[786/1044] Building C object esp-idf/mbedtls/mbedtls/library/CMakeFiles/mbedcrypto.dir/psa_crypto_storage.c.obj
[787/1044] Building C object esp-idf/mbedtls/mbedtls/library/CMakeFiles/mbedcrypto.dir/sha256.c.obj
[788/1044] Building C object esp-idf/mbedtls/mbedtls/library/CMakeFiles/mbedcrypto.dir/timing.c.obj
[789/1044] Building C object esp-idf/mbedtls/mbedtls/library/CMakeFiles/mbedcrypto.dir/psa_util.c.obj
[790/1044] Building C object esp-idf/mbedtls/mbedtls/library/CMakeFiles/mbedcrypto.dir/sha512.c.obj
[791/1044] Building C object esp-idf/mbedtls/mbedtls/library/CMakeFiles/mbedcrypto.dir/version.c.obj
[792/1044] Building C object esp-idf/mbedtls/mbedtls/library/CMakeFiles/mbedcrypto.dir/rsa_alt_helpers.c.obj
[793/1044] Building C object esp-idf/mbedtls/mbedtls/library/CMakeFiles/mbedcrypto.dir/version_features.c.obj
[794/1044] Building C object esp-idf/mbedtls/mbedtls/library/CMakeFiles/mbedcrypto.dir/sha1.c.obj
[795/1044] Building C object esp-idf/mbedtls/mbedtls/library/CMakeFiles/mbedcrypto.dir/psa_crypto_rsa.c.obj
[796/1044] Building C object 'esp-idf/mbedtls/mbedtls/library/CMakeFiles/mbedcrypto.dir/home/tikhon/Документы/magnolia/esp-idf/components/mbedtls/port/esp_hardware.c.obj'
[797/1044] Building C object 'esp-idf/mbedtls/mbedtls/library/CMakeFiles/mbedcrypto.dir/home/tikhon/Документы/magnolia/esp-idf/components/mbedtls/port/esp_mem.c.obj'
[798/1044] Building C object esp-idf/mbedtls/mbedtls/library/CMakeFiles/mbedcrypto.dir/psa_crypto_slot_management.c.obj
[799/1044] Building C object 'esp-idf/mbedtls/mbedtls/library/CMakeFiles/mbedcrypto.dir/home/tikhon/Документы/magnolia/esp-idf/components/mbedtls/port/sha/core/esp_sha_gdma_impl.c.obj'
[800/1044] Building C object 'esp-idf/mbedtls/mbedtls/library/CMakeFiles/mbedcrypto.dir/home/tikhon/Документы/magnolia/esp-idf/components/mbedtls/port/esp_timing.c.obj'
[801/1044] Building C object 'esp-idf/mbedtls/mbedtls/library/CMakeFiles/mbedcrypto.dir/home/tikhon/Документы/magnolia/esp-idf/components/mbedtls/port/aes/esp_aes_common.c.obj'
[802/1044] Building C object 'esp-idf/mbedtls/mbedtls/library/CMakeFiles/mbedcrypto.dir/home/tikhon/Документы/magnolia/esp-idf/components/mbedtls/port/aes/dma/esp_aes_gdma_impl.c.obj'
[803/1044] Building C object 'esp-idf/mbedtls/mbedtls/library/CMakeFiles/mbedcrypto.dir/home/tikhon/Документы/magnolia/esp-idf/components/mbedtls/port/sha/esp_sha.c.obj'
[804/1044] Building C object 'esp-idf/mbedtls/mbedtls/library/CMakeFiles/mbedcrypto.dir/home/tikhon/Документы/magnolia/esp-idf/components/mbedtls/port/crypto_shared_gdma/esp_crypto_shared_gdma.c.obj'
[805/1044] Building C object esp-idf/mbedtls/mbedtls/library/CMakeFiles/mbedcrypto.dir/sha3.c.obj
[806/1044] Building C object 'esp-idf/mbedtls/mbedtls/library/CMakeFiles/mbedcrypto.dir/home/tikhon/Документы/magnolia/esp-idf/components/mbedtls/port/bignum/bignum_alt.c.obj'
[807/1044] Building C object 'esp-idf/mbedtls/mbedtls/library/CMakeFiles/mbedcrypto.dir/home/tikhon/Документы/magnolia/esp-idf/components/mbedtls/port/esp_ds/esp_ds_common.c.obj'
[808/1044] Building C object 'esp-idf/mbedtls/mbedtls/library/CMakeFiles/mbedcrypto.dir/home/tikhon/Документы/magnolia/esp-idf/components/mbedtls/port/aes/esp_aes_xts.c.obj'
[809/1044] Linking CXX static library esp-idf/mbedtls/mbedtls/library/libmbedx509.a
[810/1044] Building C object 'esp-idf/mbedtls/mbedtls/library/CMakeFiles/mbedcrypto.dir/home/tikhon/Документы/magnolia/esp-idf/components/mbedtls/port/sha/core/esp_sha256.c.obj'
[811/1044] Building C object 'esp-idf/mbedtls/mbedtls/library/CMakeFiles/mbedcrypto.dir/home/tikhon/Документы/magnolia/esp-idf/components/mbedtls/port/sha/core/esp_sha1.c.obj'
[812/1044] Building C object 'esp-idf/mbedtls/mbedtls/library/CMakeFiles/mbedcrypto.dir/home/tikhon/Документы/magnolia/esp-idf/components/mbedtls/port/aes/dma/esp_aes.c.obj'
[813/1044] Building C object 'esp-idf/mbedtls/mbedtls/library/CMakeFiles/mbedcrypto.dir/home/tikhon/Документы/magnolia/esp-idf/components/mbedtls/port/esp_ds/esp_rsa_dec_alt.c.obj'
[814/1044] Building C object 'esp-idf/mbedtls/mbedtls/library/CMakeFiles/mbedcrypto.dir/home/tikhon/Документы/magnolia/esp-idf/components/mbedtls/port/sha/core/sha.c.obj'
[815/1044] Building C object 'esp-idf/mbedtls/mbedtls/library/CMakeFiles/mbedcrypto.dir/home/tikhon/Документы/magnolia/esp-idf/components/mbedtls/port/bignum/esp_bignum.c.obj'
[816/1044] Building C object 'esp-idf/mbedtls/mbedtls/library/CMakeFiles/mbedcrypto.dir/home/tikhon/Документы/magnolia/esp-idf/components/mbedtls/port/md/esp_md.c.obj'
[817/1044] Building C object esp-idf/mbedtls/mbedtls/3rdparty/everest/CMakeFiles/everest.dir/library/x25519.c.obj
[818/1044] Building C object 'esp-idf/mbedtls/mbedtls/library/CMakeFiles/mbedcrypto.dir/home/tikhon/Документы/magnolia/esp-idf/components/mbedtls/port/aes/dma/esp_aes_dma_core.c.obj'
[819/1044] Building C object esp-idf/mbedtls/mbedtls/3rdparty/p256-m/CMakeFiles/p256m.dir/p256-m_driver_entrypoints.c.obj
[820/1044] Building C object 'esp-idf/mbedtls/mbedtls/library/CMakeFiles/mbedcrypto.dir/home/tikhon/Документы/magnolia/esp-idf/components/mbedtls/port/esp_ds/esp_rsa_sign_alt.c.obj'
[821/1044] Building C object esp-idf/mbedtls/mbedtls/3rdparty/everest/CMakeFiles/everest.dir/library/Hacl_Curve25519_joined.c.obj
[822/1044] Building C object esp-idf/mbedtls/mbedtls/3rdparty/p256-m/CMakeFiles/p256m.dir/p256-m/p256-m.c.obj
[823/1044] Building C object esp-idf/mbedtls/mbedtls/3rdparty/everest/CMakeFiles/everest.dir/library/everest.c.obj
[824/1044] Building C object 'esp-idf/mbedtls/mbedtls/library/CMakeFiles/mbedcrypto.dir/home/tikhon/Документы/magnolia/esp-idf/components/mbedtls/port/sha/core/esp_sha512.c.obj'
[825/1044] Building C object 'esp-idf/mbedtls/mbedtls/library/CMakeFiles/mbedcrypto.dir/home/tikhon/Документы/magnolia/esp-idf/components/mbedtls/port/aes/esp_aes_gcm.c.obj'
[826/1044] Building C object esp-idf/mbedtls/mbedtls/library/CMakeFiles/mbedcrypto.dir/rsa.c.obj
[827/1044] Building C object esp-idf/mbedtls/mbedtls/library/CMakeFiles/mbedcrypto.dir/psa_crypto.c.obj
[828/1044] Linking CXX static library esp-idf/mbedtls/mbedtls/library/libmbedcrypto.a
[829/1044] Linking CXX static library esp-idf/mbedtls/mbedtls/3rdparty/p256-m/libp256m.a
[830/1044] Linking CXX static library esp-idf/mbedtls/mbedtls/3rdparty/everest/libeverest.a
[831/1044] Generating x509_crt_bundle
[832/1044] Generating ../../x509_crt_bundle.S
[833/1044] Building C object esp-idf/esp_security/CMakeFiles/__idf_esp_security.dir/src/esp_crypto_lock.c.obj
[834/1044] Building C object esp-idf/efuse/CMakeFiles/__idf_efuse.dir/esp32s3/esp_efuse_fields.c.obj
[835/1044] Building ASM object esp-idf/mbedtls/CMakeFiles/__idf_mbedtls.dir/__/__/x509_crt_bundle.S.obj
[836/1044] Building C object esp-idf/esp_pm/CMakeFiles/__idf_esp_pm.dir/pm_locks.c.obj
[837/1044] Building C object esp-idf/esp_pm/CMakeFiles/__idf_esp_pm.dir/pm_trace.c.obj
[838/1044] Building C object esp-idf/esp_driver_gpio/CMakeFiles/__idf_esp_driver_gpio.dir/src/gpio_glitch_filter_ops.c.obj
[839/1044] Building C object esp-idf/esp_security/CMakeFiles/__idf_esp_security.dir/src/init.c.obj
[840/1044] Building C object esp-idf/efuse/CMakeFiles/__idf_efuse.dir/esp32s3/esp_efuse_table.c.obj
[841/1044] Building C object esp-idf/esp_security/CMakeFiles/__idf_esp_security.dir/src/esp_hmac.c.obj
[842/1044] Building C object esp-idf/efuse/CMakeFiles/__idf_efuse.dir/esp32s3/esp_efuse_rtc_calib.c.obj
[843/1044] Building C object esp-idf/esp_security/CMakeFiles/__idf_esp_security.dir/src/esp_crypto_periph_clk.c.obj
[844/1044] Building C object esp-idf/esp_security/CMakeFiles/__idf_esp_security.dir/src/esp_ds.c.obj
[845/1044] Building C object esp-idf/esp_driver_gpio/CMakeFiles/__idf_esp_driver_gpio.dir/src/gpio_pin_glitch_filter.c.obj
[846/1044] Building C object esp-idf/efuse/CMakeFiles/__idf_efuse.dir/esp32s3/esp_efuse_utility.c.obj
[847/1044] Building C object esp-idf/mbedtls/CMakeFiles/__idf_mbedtls.dir/esp_crt_bundle/esp_crt_bundle.c.obj
[848/1044] Building C object esp-idf/app_update/CMakeFiles/__idf_app_update.dir/esp_ota_app_desc.c.obj
[849/1044] Building C object esp-idf/esp_driver_gpio/CMakeFiles/__idf_esp_driver_gpio.dir/src/dedic_gpio.c.obj
[850/1044] Building C object esp-idf/esp_bootloader_format/CMakeFiles/__idf_esp_bootloader_format.dir/esp_bootloader_desc.c.obj
[851/1044] Building C object esp-idf/esp_pm/CMakeFiles/__idf_esp_pm.dir/pm_impl.c.obj
[852/1044] Building C object esp-idf/efuse/CMakeFiles/__idf_efuse.dir/src/esp_efuse_startup.c.obj
[853/1044] Building C object esp-idf/xtensa/CMakeFiles/__idf_xtensa.dir/eri.c.obj
[854/1044] Linking C static library esp-idf/mbedtls/libmbedtls.a
[855/1044] Building C object esp-idf/esp_driver_gpio/CMakeFiles/__idf_esp_driver_gpio.dir/src/rtc_io.c.obj
[856/1044] Building ASM object esp-idf/xtensa/CMakeFiles/__idf_xtensa.dir/xtensa_context.S.obj
[857/1044] Building C object esp-idf/esp_app_format/CMakeFiles/__idf_esp_app_format.dir/esp_app_desc.c.obj
[858/1044] Building C object esp-idf/xtensa/CMakeFiles/__idf_xtensa.dir/xt_trax.c.obj
[859/1044] Building ASM object esp-idf/xtensa/CMakeFiles/__idf_xtensa.dir/xtensa_intr_asm.S.obj
[860/1044] Building C object esp-idf/efuse/CMakeFiles/__idf_efuse.dir/src/esp_efuse_fields.c.obj
[861/1044] Building C object esp-idf/esp_partition/CMakeFiles/__idf_esp_partition.dir/partition_target.c.obj
[862/1044] Linking C static library esp-idf/esp_pm/libesp_pm.a
[863/1044] Building ASM object esp-idf/xtensa/CMakeFiles/__idf_xtensa.dir/xtensa_vectors.S.obj
[864/1044] Building C object esp-idf/efuse/CMakeFiles/__idf_efuse.dir/src/esp_efuse_api.c.obj
[865/1044] Building C object esp-idf/efuse/CMakeFiles/__idf_efuse.dir/src/esp_efuse_utility.c.obj
[866/1044] Building C object esp-idf/esp_partition/CMakeFiles/__idf_esp_partition.dir/partition.c.obj
[867/1044] Building C object esp-idf/console/CMakeFiles/__idf_console.dir/split_argv.c.obj
[868/1044] Building C object esp-idf/xtensa/CMakeFiles/__idf_xtensa.dir/xtensa_intr.c.obj
[869/1044] Building C object esp-idf/efuse/CMakeFiles/__idf_efuse.dir/src/efuse_controller/keys/with_key_purposes/esp_efuse_api_key.c.obj
[870/1044] Building C object esp-idf/console/CMakeFiles/__idf_console.dir/argtable3/arg_dbl.c.obj
[871/1044] Building C object esp-idf/console/CMakeFiles/__idf_console.dir/argtable3/arg_end.c.obj
[872/1044] Building C object esp-idf/console/CMakeFiles/__idf_console.dir/esp_console_repl_chip.c.obj
[873/1044] Building C object esp-idf/console/CMakeFiles/__idf_console.dir/argtable3/arg_cmd.c.obj
[874/1044] Building C object esp-idf/console/CMakeFiles/__idf_console.dir/esp_console_repl_internal.c.obj
[875/1044] Building C object esp-idf/console/CMakeFiles/__idf_console.dir/esp_console_common.c.obj
[876/1044] Building C object esp-idf/console/CMakeFiles/__idf_console.dir/argtable3/arg_dstr.c.obj
[877/1044] Building C object esp-idf/console/CMakeFiles/__idf_console.dir/argtable3/arg_rem.c.obj
[878/1044] Building C object esp-idf/console/CMakeFiles/__idf_console.dir/argtable3/arg_lit.c.obj
[879/1044] Building C object esp-idf/console/CMakeFiles/__idf_console.dir/argtable3/arg_file.c.obj
[880/1044] Building C object esp-idf/console/CMakeFiles/__idf_console.dir/commands.c.obj
[881/1044] Building C object esp-idf/console/CMakeFiles/__idf_console.dir/argtable3/arg_date.c.obj
[882/1044] Building C object esp-idf/console/CMakeFiles/__idf_console.dir/argtable3/arg_int.c.obj
[883/1044] Building C object esp-idf/console/CMakeFiles/__idf_console.dir/argtable3/arg_hashtable.c.obj
[884/1044] Building C object esp-idf/console/CMakeFiles/__idf_console.dir/argtable3/arg_str.c.obj
[885/1044] Building C object esp-idf/app_update/CMakeFiles/__idf_app_update.dir/esp_ota_ops.c.obj
[886/1044] Building C object esp-idf/unity/CMakeFiles/__idf_unity.dir/unity_compat.c.obj
[887/1044] Building C object esp-idf/unity/CMakeFiles/__idf_unity.dir/unity_utils_cache.c.obj
[888/1044] Building C object esp-idf/unity/CMakeFiles/__idf_unity.dir/unity_utils_freertos.c.obj
[889/1044] Building C object esp-idf/protocomm/CMakeFiles/__idf_protocomm.dir/proto-c/constants.pb-c.c.obj
[890/1044] Building C object esp-idf/unity/CMakeFiles/__idf_unity.dir/port/esp/unity_utils_memory_esp.c.obj
[891/1044] Building C object esp-idf/console/CMakeFiles/__idf_console.dir/argtable3/arg_utils.c.obj
[892/1044] Building C object esp-idf/unity/CMakeFiles/__idf_unity.dir/unity_runner.c.obj
[893/1044] Building C object esp-idf/unity/CMakeFiles/__idf_unity.dir/unity_utils_memory.c.obj
[894/1044] Building C object esp-idf/unity/CMakeFiles/__idf_unity.dir/unity_port_esp32.c.obj
[895/1044] Building C object esp-idf/console/CMakeFiles/__idf_console.dir/linenoise/linenoise.c.obj
[896/1044] Building C object esp-idf/protocomm/CMakeFiles/__idf_protocomm.dir/proto-c/sec0.pb-c.c.obj
[897/1044] Building C object esp-idf/console/CMakeFiles/__idf_console.dir/argtable3/arg_rex.c.obj
[898/1044] Building C object esp-idf/protocomm/CMakeFiles/__idf_protocomm.dir/proto-c/session.pb-c.c.obj
[899/1044] Building C object esp-idf/esp_driver_gpio/CMakeFiles/__idf_esp_driver_gpio.dir/src/gpio.c.obj
[900/1044] Building C object esp-idf/console/CMakeFiles/__idf_console.dir/argtable3/argtable3.c.obj
[901/1044] Building C object esp-idf/protocomm/CMakeFiles/__idf_protocomm.dir/proto-c/sec1.pb-c.c.obj
[902/1044] Building C object esp-idf/protocomm/CMakeFiles/__idf_protocomm.dir/src/common/protocomm.c.obj
[903/1044] Linking C static library esp-idf/esp_driver_gpio/libesp_driver_gpio.a
[904/1044] Building CXX object esp-idf/wear_levelling/CMakeFiles/__idf_wear_levelling.dir/Partition.cpp.obj
[905/1044] Building CXX object esp-idf/wear_levelling/CMakeFiles/__idf_wear_levelling.dir/crc32.cpp.obj
[906/1044] Building C object esp-idf/protocomm/CMakeFiles/__idf_protocomm.dir/src/crypto/srp6a/esp_srp_mpi.c.obj
[907/1044] Building C object esp-idf/protocomm/CMakeFiles/__idf_protocomm.dir/proto-c/sec2.pb-c.c.obj
[908/1044] Building CXX object esp-idf/wear_levelling/CMakeFiles/__idf_wear_levelling.dir/SPI_Flash.cpp.obj
[909/1044] Building C object esp-idf/protocomm/CMakeFiles/__idf_protocomm.dir/src/transports/protocomm_console.c.obj
[910/1044] Building C object esp-idf/protocomm/CMakeFiles/__idf_protocomm.dir/src/transports/protocomm_httpd.c.obj
[911/1044] Building C object esp-idf/esp_https_server/CMakeFiles/__idf_esp_https_server.dir/src/https_server.c.obj
[912/1044] Linking C static library esp-idf/esp_security/libesp_security.a
[913/1044] Building C object esp-idf/protocomm/CMakeFiles/__idf_protocomm.dir/src/crypto/srp6a/esp_srp.c.obj
[914/1044] Building CXX object esp-idf/wear_levelling/CMakeFiles/__idf_wear_levelling.dir/WL_Ext_Perf.cpp.obj
[915/1044] Building C object esp-idf/unity/CMakeFiles/__idf_unity.dir/unity/src/unity.c.obj
[916/1044] Building CXX object esp-idf/wear_levelling/CMakeFiles/__idf_wear_levelling.dir/WL_Ext_Safe.cpp.obj
[917/1044] Linking C static library esp-idf/efuse/libefuse.a
[918/1044] Building C object esp-idf/cmock/CMakeFiles/__idf_cmock.dir/CMock/src/cmock.c.obj
[919/1044] Building CXX object esp-idf/wear_levelling/CMakeFiles/__idf_wear_levelling.dir/wear_levelling.cpp.obj
[920/1044] Building C object esp-idf/app_trace/CMakeFiles/__idf_app_trace.dir/host_file_io.c.obj
[921/1044] Building C object esp-idf/protocomm/CMakeFiles/__idf_protocomm.dir/src/security/security2.c.obj
[922/1044] Building C object esp-idf/app_trace/CMakeFiles/__idf_app_trace.dir/app_trace_util.c.obj
[923/1044] Linking C static library esp-idf/esp_partition/libesp_partition.a
[924/1044] Building C object esp-idf/esp_driver_cam/CMakeFiles/__idf_esp_driver_cam.dir/esp_cam_ctlr.c.obj
[925/1044] Building C object esp-idf/app_trace/CMakeFiles/__idf_app_trace.dir/port/port_uart.c.obj
[926/1044] Building C object esp-idf/esp_driver_cam/CMakeFiles/__idf_esp_driver_cam.dir/dvp_share_ctrl.c.obj
[927/1044] Building C object esp-idf/esp_driver_cam/CMakeFiles/__idf_esp_driver_cam.dir/dvp/src/esp_cam_ctlr_dvp_gdma.c.obj
[928/1044] Linking C static library esp-idf/app_update/libapp_update.a
[929/1044] Building C object esp-idf/app_trace/CMakeFiles/__idf_app_trace.dir/app_trace.c.obj
[930/1044] Linking C static library esp-idf/esp_bootloader_format/libesp_bootloader_format.a
[931/1044] Building C object esp-idf/esp_hid/CMakeFiles/__idf_esp_hid.dir/src/esp_hidd.c.obj
[932/1044] Linking C static library esp-idf/esp_app_format/libesp_app_format.a
[933/1044] Building C object esp-idf/json/CMakeFiles/__idf_json.dir/cJSON/cJSON_Utils.c.obj
[934/1044] Building C object esp-idf/esp_eth/CMakeFiles/__idf_esp_eth.dir/src/esp_eth_netif_glue.c.obj
[935/1044] Linking C static library esp-idf/xtensa/libxtensa.a
[936/1044] Building C object esp-idf/esp_hid/CMakeFiles/__idf_esp_hid.dir/src/esp_hid_common.c.obj
[937/1044] Building C object esp-idf/esp_lcd/CMakeFiles/__idf_esp_lcd.dir/src/esp_lcd_common.c.obj
[938/1044] Building CXX object esp-idf/wear_levelling/CMakeFiles/__idf_wear_levelling.dir/WL_Flash.cpp.obj
[939/1044] Building C object esp-idf/esp_lcd/CMakeFiles/__idf_esp_lcd.dir/src/esp_lcd_panel_io.c.obj
[940/1044] Building C object esp-idf/esp_hid/CMakeFiles/__idf_esp_hid.dir/src/esp_hidh.c.obj
[941/1044] Linking C static library esp-idf/unity/libunity.a
[942/1044] Linking C static library esp-idf/esp_https_server/libesp_https_server.a
[943/1044] Linking C static library esp-idf/console/libconsole.a
[944/1044] Building C object esp-idf/esp_lcd/CMakeFiles/__idf_esp_lcd.dir/src/esp_lcd_panel_nt35510.c.obj
[945/1044] Building C object esp-idf/esp_lcd/CMakeFiles/__idf_esp_lcd.dir/src/esp_lcd_panel_ssd1306.c.obj
[946/1044] Building C object esp-idf/protobuf-c/CMakeFiles/__idf_protobuf-c.dir/protobuf-c/protobuf-c/protobuf-c.c.obj
[947/1044] Building C object esp-idf/esp_driver_touch_sens/CMakeFiles/__idf_esp_driver_touch_sens.dir/hw_ver2/touch_version_specific.c.obj
[948/1044] Building C object esp-idf/esp_driver_cam/CMakeFiles/__idf_esp_driver_cam.dir/dvp/src/esp_cam_ctlr_dvp_cam.c.obj
[949/1044] Building C object esp-idf/esp_lcd/CMakeFiles/__idf_esp_lcd.dir/src/esp_lcd_panel_ops.c.obj
[950/1044] Building C object esp-idf/esp_driver_touch_sens/CMakeFiles/__idf_esp_driver_touch_sens.dir/common/touch_sens_common.c.obj
[951/1044] Building C object esp-idf/espcoredump/CMakeFiles/__idf_espcoredump.dir/src/core_dump_init.c.obj
[952/1044] Building C object esp-idf/espcoredump/CMakeFiles/__idf_espcoredump.dir/src/core_dump_common.c.obj
[953/1044] Building C object esp-idf/esp_eth/CMakeFiles/__idf_esp_eth.dir/src/phy/esp_eth_phy_802_3.c.obj
[954/1044] Building C object esp-idf/espcoredump/CMakeFiles/__idf_espcoredump.dir/src/core_dump_flash.c.obj
[955/1044] Building C object esp-idf/esp_lcd/CMakeFiles/__idf_esp_lcd.dir/i2c/esp_lcd_panel_io_i2c_v1.c.obj
[956/1044] Building C object esp-idf/esp_eth/CMakeFiles/__idf_esp_eth.dir/src/esp_eth.c.obj
[957/1044] Linking C static library esp-idf/protobuf-c/libprotobuf-c.a
[958/1044] Building C object esp-idf/json/CMakeFiles/__idf_json.dir/cJSON/cJSON.c.obj
[959/1044] Building C object esp-idf/espcoredump/CMakeFiles/__idf_espcoredump.dir/src/core_dump_uart.c.obj
[960/1044] Building C object esp-idf/espcoredump/CMakeFiles/__idf_espcoredump.dir/src/core_dump_sha.c.obj
[961/1044] Building C object esp-idf/espcoredump/CMakeFiles/__idf_espcoredump.dir/src/port/xtensa/core_dump_port.c.obj
[962/1044] Building C object esp-idf/espcoredump/CMakeFiles/__idf_espcoredump.dir/src/core_dump_elf.c.obj
[963/1044] Building C object esp-idf/esp_lcd/CMakeFiles/__idf_esp_lcd.dir/src/esp_lcd_panel_st7789.c.obj
[964/1044] Linking C static library esp-idf/wear_levelling/libwear_levelling.a
[965/1044] Building C object esp-idf/esp_lcd/CMakeFiles/__idf_esp_lcd.dir/i2c/esp_lcd_panel_io_i2c_v2.c.obj
[966/1044] Linking C static library esp-idf/protocomm/libprotocomm.a
[967/1044] Building C object esp-idf/esp_local_ctrl/CMakeFiles/__idf_esp_local_ctrl.dir/src/esp_local_ctrl_transport_httpd.c.obj
[968/1044] Building C object esp-idf/esp_local_ctrl/CMakeFiles/__idf_esp_local_ctrl.dir/src/esp_local_ctrl_handler.c.obj
[969/1044] Building C object esp-idf/esp_local_ctrl/CMakeFiles/__idf_esp_local_ctrl.dir/proto-c/esp_local_ctrl.pb-c.c.obj
[970/1044] Linking C static library esp-idf/json/libjson.a
[971/1044] Building C object esp-idf/fatfs/CMakeFiles/__idf_fatfs.dir/diskio/diskio.c.obj
[972/1044] Building C object esp-idf/fatfs/CMakeFiles/__idf_fatfs.dir/port/freertos/ffsystem.c.obj
[973/1044] Building C object esp-idf/esp_local_ctrl/CMakeFiles/__idf_esp_local_ctrl.dir/src/esp_local_ctrl.c.obj
[974/1044] Building C object esp-idf/fatfs/CMakeFiles/__idf_fatfs.dir/diskio/diskio_rawflash.c.obj
[975/1044] Building C object esp-idf/esp_lcd/CMakeFiles/__idf_esp_lcd.dir/spi/esp_lcd_panel_io_spi.c.obj
[976/1044] Building C object esp-idf/fatfs/CMakeFiles/__idf_fatfs.dir/diskio/diskio_wl.c.obj
[977/1044] Building C object esp-idf/fatfs/CMakeFiles/__idf_fatfs.dir/src/ffunicode.c.obj
[978/1044] Building C object esp-idf/fatfs/CMakeFiles/__idf_fatfs.dir/diskio/diskio_sdmmc.c.obj
[979/1044] Building C object esp-idf/perfmon/CMakeFiles/__idf_perfmon.dir/xtensa_perfmon_access.c.obj
[980/1044] Building C object esp-idf/perfmon/CMakeFiles/__idf_perfmon.dir/xtensa_perfmon_masks.c.obj
[981/1044] Building C object esp-idf/mqtt/CMakeFiles/__idf_mqtt.dir/esp-mqtt/lib/platform_esp32_idf.c.obj
[982/1044] Building C object esp-idf/fatfs/CMakeFiles/__idf_fatfs.dir/vfs/vfs_fat_spiflash.c.obj
[983/1044] Building C object esp-idf/perfmon/CMakeFiles/__idf_perfmon.dir/xtensa_perfmon_apis.c.obj
[984/1044] Building C object esp-idf/nvs_sec_provider/CMakeFiles/__idf_nvs_sec_provider.dir/nvs_sec_provider.c.obj
[985/1044] Building C object esp-idf/rt/CMakeFiles/__idf_rt.dir/FreeRTOS_POSIX_utils.c.obj
[986/1044] Building C object esp-idf/spiffs/CMakeFiles/__idf_spiffs.dir/spiffs_api.c.obj
[987/1044] Building C object esp-idf/mqtt/CMakeFiles/__idf_mqtt.dir/esp-mqtt/lib/mqtt_outbox.c.obj
[988/1044] Building C object esp-idf/fatfs/CMakeFiles/__idf_fatfs.dir/vfs/vfs_fat_sdmmc.c.obj
[989/1044] Building C object esp-idf/mqtt/CMakeFiles/__idf_mqtt.dir/esp-mqtt/lib/mqtt_msg.c.obj
[990/1044] Building C object esp-idf/esp_lcd/CMakeFiles/__idf_esp_lcd.dir/i80/esp_lcd_panel_io_i80.c.obj
[991/1044] Building C object esp-idf/spiffs/CMakeFiles/__idf_spiffs.dir/spiffs/src/spiffs_cache.c.obj
[992/1044] Building C object esp-idf/rt/CMakeFiles/__idf_rt.dir/FreeRTOS_POSIX_mqueue.c.obj
[993/1044] Building C object esp-idf/fatfs/CMakeFiles/__idf_fatfs.dir/vfs/vfs_fat.c.obj
[994/1044] Building C object esp-idf/spiffs/CMakeFiles/__idf_spiffs.dir/spiffs/src/spiffs_gc.c.obj
[995/1044] Building C object esp-idf/usb/CMakeFiles/__idf_usb.dir/usb_private.c.obj
[996/1044] Building C object esp-idf/spiffs/CMakeFiles/__idf_spiffs.dir/spiffs/src/spiffs_check.c.obj
[997/1044] Building C object esp-idf/touch_element/CMakeFiles/__idf_touch_element.dir/touch_button.c.obj
[998/1044] Building C object esp-idf/usb/CMakeFiles/__idf_usb.dir/usb_helpers.c.obj
[999/1044] Building C object esp-idf/esp_lcd/CMakeFiles/__idf_esp_lcd.dir/rgb/esp_lcd_panel_rgb.c.obj
[1000/1044] Building C object esp-idf/wifi_provisioning/CMakeFiles/__idf_wifi_provisioning.dir/src/wifi_config.c.obj
[1001/1044] Building C object esp-idf/spiffs/CMakeFiles/__idf_spiffs.dir/esp_spiffs.c.obj
[1002/1044] Building C object esp-idf/spiffs/CMakeFiles/__idf_spiffs.dir/spiffs/src/spiffs_hydrogen.c.obj
[1003/1044] Building C object esp-idf/touch_element/CMakeFiles/__idf_touch_element.dir/touch_matrix.c.obj
[1004/1044] Building C object esp-idf/fatfs/CMakeFiles/__idf_fatfs.dir/src/ff.c.obj
[1005/1044] Building C object esp-idf/touch_element/CMakeFiles/__idf_touch_element.dir/touch_slider.c.obj
[1006/1044] Building C object esp-idf/usb/CMakeFiles/__idf_usb.dir/hub.c.obj
[1007/1044] Building C object esp-idf/usb/CMakeFiles/__idf_usb.dir/enum.c.obj
[1008/1044] Building C object esp-idf/touch_element/CMakeFiles/__idf_touch_element.dir/touch_element.c.obj
[1009/1044] Building C object esp-idf/wifi_provisioning/CMakeFiles/__idf_wifi_provisioning.dir/src/wifi_ctrl.c.obj
[1010/1044] Linking C static library esp-idf/app_trace/libapp_trace.a
[1011/1044] Building C object esp-idf/wifi_provisioning/CMakeFiles/__idf_wifi_provisioning.dir/src/scheme_console.c.obj
[1012/1044] Building C object esp-idf/wifi_provisioning/CMakeFiles/__idf_wifi_provisioning.dir/src/handlers.c.obj
[1013/1044] Building C object esp-idf/wifi_provisioning/CMakeFiles/__idf_wifi_provisioning.dir/proto-c/wifi_constants.pb-c.c.obj
[1014/1044] Linking C static library esp-idf/cmock/libcmock.a
[1015/1044] Linking C static library esp-idf/esp_driver_touch_sens/libesp_driver_touch_sens.a
[1016/1044] Building C object esp-idf/wifi_provisioning/CMakeFiles/__idf_wifi_provisioning.dir/src/wifi_scan.c.obj
[1017/1044] Building C object esp-idf/wifi_provisioning/CMakeFiles/__idf_wifi_provisioning.dir/proto-c/wifi_config.pb-c.c.obj
[1018/1044] Linking C static library esp-idf/esp_driver_cam/libesp_driver_cam.a
[1019/1044] Linking C static library esp-idf/esp_eth/libesp_eth.a
[1020/1044] Building C object esp-idf/wifi_provisioning/CMakeFiles/__idf_wifi_provisioning.dir/proto-c/wifi_ctrl.pb-c.c.obj
[1021/1044] Linking C static library esp-idf/espcoredump/libespcoredump.a
[1022/1044] Building C object esp-idf/wifi_provisioning/CMakeFiles/__idf_wifi_provisioning.dir/proto-c/wifi_scan.pb-c.c.obj
[1023/1044] Linking C static library esp-idf/esp_hid/libesp_hid.a
[1024/1044] Linking C static library esp-idf/nvs_sec_provider/libnvs_sec_provider.a
[1025/1044] Linking C static library esp-idf/perfmon/libperfmon.a
[1026/1044] Linking C static library esp-idf/rt/librt.a
[1027/1044] Linking C static library esp-idf/fatfs/libfatfs.a
[1028/1044] Linking C static library esp-idf/esp_local_ctrl/libesp_local_ctrl.a
[1029/1044] Linking C static library esp-idf/esp_lcd/libesp_lcd.a
[1030/1044] Linking C static library esp-idf/touch_element/libtouch_element.a
[1031/1044] Building C object esp-idf/mqtt/CMakeFiles/__idf_mqtt.dir/esp-mqtt/mqtt_client.c.obj
[1032/1044] Building C object esp-idf/usb/CMakeFiles/__idf_usb.dir/usbh.c.obj
[1033/1044] Building C object esp-idf/wifi_provisioning/CMakeFiles/__idf_wifi_provisioning.dir/src/scheme_softap.c.obj
[1034/1044] Linking C static library esp-idf/mqtt/libmqtt.a
[1035/1044] Building C object esp-idf/usb/CMakeFiles/__idf_usb.dir/usb_host.c.obj
[1036/1044] Building C object esp-idf/spiffs/CMakeFiles/__idf_spiffs.dir/spiffs/src/spiffs_nucleus.c.obj
[1037/1044] Linking C static library esp-idf/spiffs/libspiffs.a
[1038/1044] Building C object esp-idf/usb/CMakeFiles/__idf_usb.dir/hcd_dwc.c.obj
[1039/1044] Building C object esp-idf/main/CMakeFiles/__idf_main.dir/main.c.obj
[1040/1044] Linking C static library esp-idf/usb/libusb.a
[1041/1044] Building C object esp-idf/wifi_provisioning/CMakeFiles/__idf_wifi_provisioning.dir/src/manager.c.obj
[1042/1044] Linking C static library esp-idf/wifi_provisioning/libwifi_provisioning.a
[1043/1044] Linking C static library esp-idf/main/libmain.a
[1044/1044] Build ELF: fold.app.elf
Applet fold OK -> /home/tikhon/Документы/magnolia/rootfs/bin/fold
+ /home/tikhon/Документы/magnolia/build/littlefs_mkimage create /home/tikhon/Документы/magnolia/rootfs /home/tikhon/Документы/magnolia/build/vfs.bin --block-size=4096 --fs-size=2097152 --read-size=128 --prog-size=128 --cache-size=512 --lookahead-size=64
LittleFS image OK size=2097152 -> /home/tikhon/Документы/magnolia/build/vfs.bin
bash -lc 'source esp-idf/export.sh >/dev/null 2>&1 && python3 tools/applets.py build  '
Building applet basename -> basename ...
Building applet cat -> cat ...
Building applet cd -> cd ...
Building applet chmod -> chmod ...
Building applet chown -> chown ...
Building applet cksum -> cksum ...
Building applet cmp -> cmp ...
Building applet comm -> comm ...
+ idf.py elf
+ idf.py elf
Building applet cut -> cut ...
Building applet date -> date ...
+ idf.py elf
Building applet cp -> cp ...
+ idf.py elf
+ idf.py elf
Building applet dd -> dd ...
Building applet echo -> echo ...
+ idf.py elf
Building applet du -> du ...
+ idf.py elf
Building applet df -> df ...
+ idf.py elf
+ idf.py elf
Building applet dirname -> dirname ...
+ idf.py elf
+ idf.py elf
+ idf.py elf
+ idf.py elf
+ idf.py elf
+ idf.py elf
+ idf.py elf
Executing action: elf
Running ninja in directory /home/tikhon/Документы/magnolia/applets/mainline/cd/build
Executing "ninja elf"...
[1/1] Build ELF: cd.app.elf
Executing action: elf
Running ninja in directory /home/tikhon/Документы/magnolia/applets/mainline/comm/build
Executing "ninja elf"...
[1/1] Build ELF: comm.app.elf
Executing action: elf
Running ninja in directory /home/tikhon/Документы/magnolia/applets/mainline/chmod/build
Executing "ninja elf"...
[1/1] Build ELF: chmod.app.elf
Executing action: elf
Running ninja in directory /home/tikhon/Документы/magnolia/applets/mainline/cat/build
Executing "ninja elf"...
[1/1] Build ELF: cat.app.elf
Executing action: elf
Running ninja in directory /home/tikhon/Документы/magnolia/applets/mainline/chown/build
Executing "ninja elf"...
[1/1] Build ELF: chown.app.elf
Executing action: elf
Running ninja in directory /home/tikhon/Документы/magnolia/applets/mainline/date/build
Executing "ninja elf"...
[1/1] Build ELF: date.app.elf
Executing action: elf
Running ninja in directory /home/tikhon/Документы/magnolia/applets/mainline/cksum/build
Executing "ninja elf"...
[1/1] Build ELF: cksum.app.elf
Executing action: elf
Running ninja in directory /home/tikhon/Документы/magnolia/applets/mainline/du/build
Executing "ninja elf"...
[1/1] Build ELF: du.app.elf
Executing action: elf
Running ninja in directory /home/tikhon/Документы/magnolia/applets/mainline/df/build
Executing "ninja elf"...
[1/1] Build ELF: df.app.elf
Executing action: elf
Running ninja in directory /home/tikhon/Документы/magnolia/applets/mainline/dirname/build
Executing "ninja elf"...
[1/1] Build ELF: dirname.app.elf
Executing action: elf
Running ninja in directory /home/tikhon/Документы/magnolia/applets/mainline/cmp/build
Executing "ninja elf"...
[1/1] Build ELF: cmp.app.elf
Executing action: elf
Running ninja in directory /home/tikhon/Документы/magnolia/applets/mainline/cut/build
Executing "ninja elf"...
[1/1] Build ELF: cut.app.elf
Executing action: elf
Running ninja in directory /home/tikhon/Документы/magnolia/applets/mainline/dd/build
Executing "ninja elf"...
[1/1] Build ELF: dd.app.elf
Executing action: elf
Running ninja in directory /home/tikhon/Документы/magnolia/applets/mainline/echo/build
Executing "ninja elf"...
[1/1] Build ELF: echo.app.elf
Executing action: elf
Running ninja in directory /home/tikhon/Документы/magnolia/applets/mainline/basename/build
Executing "ninja elf"...
[1/1] Build ELF: basename.app.elf
Applet cd OK -> /home/tikhon/Документы/magnolia/rootfs/bin/cd
Building applet elftest -> elftest ...
Executing action: elf
Running ninja in directory /home/tikhon/Документы/magnolia/applets/mainline/cp/build
Executing "ninja elf"...
[1/1] Build ELF: cp.app.elf
+ idf.py elf
Applet comm OK -> /home/tikhon/Документы/magnolia/rootfs/bin/comm
Building applet env -> env ...
+ idf.py elf
Applet cat OK -> /home/tikhon/Документы/magnolia/rootfs/bin/cat
Building applet fold -> fold ...
+ idf.py elf
Applet chown OK -> /home/tikhon/Документы/magnolia/rootfs/bin/chown
Building applet false -> false ...
+ idf.py elf
Applet chmod OK -> /home/tikhon/Документы/magnolia/rootfs/bin/chmod
Building applet free -> free ...
Applet du OK -> /home/tikhon/Документы/magnolia/rootfs/bin/du
Building applet head -> head ...
+ idf.py elf
+ idf.py elf
Applet cksum OK -> /home/tikhon/Документы/magnolia/rootfs/bin/cksum
Building applet hexdump -> hexdump ...
+ idf.py elf
Applet df OK -> /home/tikhon/Документы/magnolia/rootfs/bin/df
Building applet init -> init ...
+ idf.py elf
Applet dirname OK -> /home/tikhon/Документы/magnolia/rootfs/bin/dirname
Building applet kill -> kill ...
+ idf.py elf
Applet date OK -> /home/tikhon/Документы/magnolia/rootfs/bin/date
Building applet ln -> ln ...
+ idf.py elf
Applet echo OK -> /home/tikhon/Документы/magnolia/rootfs/bin/echo
Building applet login -> login ...
+ idf.py elf
Applet cut OK -> /home/tikhon/Документы/magnolia/rootfs/bin/cut
Building applet ls -> ls ...
+ idf.py elf
Applet dd OK -> /home/tikhon/Документы/magnolia/rootfs/bin/dd
Building applet medit -> medit ...
+ idf.py elf
Applet cmp OK -> /home/tikhon/Документы/magnolia/rootfs/bin/cmp
Building applet mkdir -> mkdir ...
+ idf.py elf
Applet basename OK -> /home/tikhon/Документы/magnolia/rootfs/bin/basename
Building applet mv -> mv ...
+ idf.py elf
Applet cp OK -> /home/tikhon/Документы/magnolia/rootfs/bin/cp
Building applet ps -> ps ...
+ idf.py elf
Executing action: elf
Running ninja in directory /home/tikhon/Документы/magnolia/applets/mainline/fold/build
Executing "ninja elf"...
[1/1] Build ELF: fold.app.elf
Executing action: elf
Running ninja in directory /home/tikhon/Документы/magnolia/applets/mainline/elftest/build
Executing "ninja elf"...
[1/1] Build ELF: elftest.app.elf
Executing action: elf
Running ninja in directory /home/tikhon/Документы/magnolia/applets/mainline/env/build
Executing "ninja elf"...
[1/1] Build ELF: env.app.elf
Executing action: elf
Running ninja in directory /home/tikhon/Документы/magnolia/applets/mainline/free/build
Executing "ninja elf"...
[1/1] Build ELF: free.app.elf
Executing action: elf
Running ninja in directory /home/tikhon/Документы/magnolia/applets/mainline/false/build
Executing "ninja elf"...
[1/1] Build ELF: false.app.elf
Executing action: elf
Running ninja in directory /home/tikhon/Документы/magnolia/applets/mainline/init/build
Executing "ninja elf"...
[1/1] Build ELF: init.app.elf
Executing action: elf
Running ninja in directory /home/tikhon/Документы/magnolia/applets/mainline/medit/build
Executing "ninja elf"...
[1/1] Build ELF: medit.app.elf
Executing action: elf
Running ninja in directory /home/tikhon/Документы/magnolia/applets/mainline/head/build
Executing "ninja elf"...
[1/1] Build ELF: head.app.elf
Executing action: elf
Running ninja in directory /home/tikhon/Документы/magnolia/applets/mainline/hexdump/build
Executing "ninja elf"...
[1/1] Build ELF: hexdump.app.elf
Executing action: elf
Running ninja in directory /home/tikhon/Документы/magnolia/applets/mainline/ls/build
Executing "ninja elf"...
[1/1] Build ELF: ls.app.elf
Executing action: elf
Running ninja in directory /home/tikhon/Документы/magnolia/applets/mainline/kill/build
Executing "ninja elf"...
[1/1] Build ELF: kill.app.elf
Applet elftest OK -> /home/tikhon/Документы/magnolia/rootfs/bin/elftest
Building applet printenv -> printenv ...
+ idf.py elf
Applet env OK -> /home/tikhon/Документы/magnolia/rootfs/bin/env
Building applet printf -> printf ...
+ idf.py elf
Executing action: elf
Running ninja in directory /home/tikhon/Документы/magnolia/applets/mainline/mv/build
Executing "ninja elf"...
[1/1] Build ELF: mv.app.elf
Applet fold OK -> /home/tikhon/Документы/magnolia/rootfs/bin/fold
Building applet paste -> paste ...
Executing action: elf
Running ninja in directory /home/tikhon/Документы/magnolia/applets/mainline/ln/build
Executing "ninja elf"...
[1/1] Build ELF: ln.app.elf
+ idf.py elf
Executing action: elf
Running ninja in directory /home/tikhon/Документы/magnolia/applets/mainline/login/build
Executing "ninja elf"...
[1/1] Build ELF: login.app.elf
Executing action: elf
Running ninja in directory /home/tikhon/Документы/magnolia/applets/mainline/ps/build
Executing "ninja elf"...
[1/1] Build ELF: ps.app.elf
Applet false OK -> /home/tikhon/Документы/magnolia/rootfs/bin/false
Building applet pwd -> pwd ...
+ idf.py elf
Applet free OK -> /home/tikhon/Документы/magnolia/rootfs/bin/free
Building applet rm -> rm ...
+ idf.py elf
Applet medit OK -> /home/tikhon/Документы/magnolia/rootfs/bin/medit
Building applet rmdir -> rmdir ...
+ idf.py elf
Applet head OK -> /home/tikhon/Документы/magnolia/rootfs/bin/head
Building applet rev -> rev ...
Executing action: elf
Running ninja in directory /home/tikhon/Документы/magnolia/applets/mainline/mkdir/build
Executing "ninja elf"...
[1/1] Build ELF: mkdir.app.elf
+ idf.py elf
Applet hexdump OK -> /home/tikhon/Документы/magnolia/rootfs/bin/hexdump
Building applet sh -> sh ...
+ idf.py elf
Applet init OK -> /home/tikhon/Документы/magnolia/rootfs/bin/init
Building applet shell -> shell ...
Applet kill OK -> /home/tikhon/Документы/magnolia/rootfs/bin/kill
Building applet sleep -> sleep ...
+ idf.py elf
+ idf.py elf
Applet ls OK -> /home/tikhon/Документы/magnolia/rootfs/bin/ls
Building applet sort -> sort ...
+ idf.py elf
Applet mv OK -> /home/tikhon/Документы/magnolia/rootfs/bin/mv
Building applet tail -> tail ...
+ idf.py elf
Applet login OK -> /home/tikhon/Документы/magnolia/rootfs/bin/login
Building applet tee -> tee ...
+ idf.py elf
Applet ln OK -> /home/tikhon/Документы/magnolia/rootfs/bin/ln
Building applet test -> test ...
+ idf.py elf
Applet ps OK -> /home/tikhon/Документы/magnolia/rootfs/bin/ps
Building applet touch -> touch ...
+ idf.py elf
Applet mkdir OK -> /home/tikhon/Документы/magnolia/rootfs/bin/mkdir
Building applet tr -> tr ...
+ idf.py elf
Executing action: elf
Running ninja in directory /home/tikhon/Документы/magnolia/applets/mainline/printenv/build
Executing "ninja elf"...
[1/1] Build ELF: printenv.app.elf
Executing action: elf
Running ninja in directory /home/tikhon/Документы/magnolia/applets/mainline/paste/build
Executing "ninja elf"...
[1/1] Build ELF: paste.app.elf
Executing action: elf
Running ninja in directory /home/tikhon/Документы/magnolia/applets/mainline/printf/build
Executing "ninja elf"...
[1/1] Build ELF: printf.app.elf
Executing action: elf
Running ninja in directory /home/tikhon/Документы/magnolia/applets/mainline/sh/build
Executing "ninja elf"...
[1/1] Build ELF: sh.app.elf
Executing action: elf
Running ninja in directory /home/tikhon/Документы/magnolia/applets/mainline/rmdir/build
Executing "ninja elf"...
[1/1] Build ELF: rmdir.app.elf
Applet printenv OK -> /home/tikhon/Документы/magnolia/rootfs/bin/printenv
Building applet true -> true ...
+ idf.py elf
Executing action: elf
Running ninja in directory /home/tikhon/Документы/magnolia/applets/mainline/pwd/build
Executing "ninja elf"...
[1/1] Build ELF: pwd.app.elf
Executing action: elf
Running ninja in directory /home/tikhon/Документы/magnolia/applets/mainline/rm/build
Executing "ninja elf"...
[1/1] Build ELF: rm.app.elf
Executing action: elf
Running ninja in directory /home/tikhon/Документы/magnolia/applets/mainline/sort/build
Executing "ninja elf"...
[1/1] Build ELF: sort.app.elf
Executing action: elf
Running ninja in directory /home/tikhon/Документы/magnolia/applets/mainline/rev/build
Executing "ninja elf"...
[1/1] Build ELF: rev.app.elf
Applet printf OK -> /home/tikhon/Документы/magnolia/rootfs/bin/printf
Building applet uname -> uname ...
+ idf.py elf
Executing action: elf
Running ninja in directory /home/tikhon/Документы/magnolia/applets/mainline/shell/build
Executing "ninja elf"...
[1/1] Build ELF: shell.app.elf
Executing action: elf
Running ninja in directory /home/tikhon/Документы/magnolia/applets/mainline/test/build
Executing "ninja elf"...
[1/1] Build ELF: test.app.elf
Applet paste OK -> /home/tikhon/Документы/magnolia/rootfs/bin/paste
Executing action: elf
Running ninja in directory /home/tikhon/Документы/magnolia/applets/mainline/tail/build
Executing "ninja elf"...
[1/1] Build ELF: tail.app.elf
Building applet unlink -> unlink ...
+ idf.py elf
Applet rmdir OK -> /home/tikhon/Документы/magnolia/rootfs/bin/rmdir
Building applet user -> user ...
+ idf.py elf
Applet pwd OK -> /home/tikhon/Документы/magnolia/rootfs/bin/pwd
Building applet vi -> vi ...
+ idf.py elf
Applet sh OK -> /home/tikhon/Документы/magnolia/rootfs/bin/sh
Building applet wc -> wc ...
+ idf.py elf
Executing action: elf
Running ninja in directory /home/tikhon/Документы/magnolia/applets/mainline/touch/build
Executing "ninja elf"...
[1/1] Build ELF: touch.app.elf
Executing action: elf
Running ninja in directory /home/tikhon/Документы/magnolia/applets/mainline/sleep/build
Executing "ninja elf"...
[1/1] Build ELF: sleep.app.elf
Executing action: elf
Running ninja in directory /home/tikhon/Документы/magnolia/applets/mainline/tee/build
Executing "ninja elf"...
[1/1] Build ELF: tee.app.elf
Applet rm OK -> /home/tikhon/Документы/magnolia/rootfs/bin/rm
Building applet yes -> yes ...
+ idf.py elf
Applet sort OK -> /home/tikhon/Документы/magnolia/rootfs/bin/sort
Building applet xxd -> xxd ...
+ idf.py elf
Applet rev OK -> /home/tikhon/Документы/magnolia/rootfs/bin/rev
Building applet echo -> goecho ...
+ idf.py elf
Applet shell OK -> /home/tikhon/Документы/magnolia/rootfs/bin/shell
Building applet false -> gofalse ...
+ idf.py elf
Applet test OK -> /home/tikhon/Документы/magnolia/rootfs/bin/test
Building applet goargs -> goargs ...
+ idf.py elf
Applet tail OK -> /home/tikhon/Документы/magnolia/rootfs/bin/tail
Building applet godd -> godd ...
+ idf.py elf
Executing action: elf
Running ninja in directory /home/tikhon/Документы/magnolia/applets/mainline/tr/build
Executing "ninja elf"...
[1/1] Build ELF: tr.app.elf
Applet touch OK -> /home/tikhon/Документы/magnolia/rootfs/bin/touch
Building applet gohello -> gohello ...
+ idf.py elf
Applet sleep OK -> /home/tikhon/Документы/magnolia/rootfs/bin/sleep
Building applet gohexdump -> gohexdump ...
+ idf.py elf
Applet tee OK -> /home/tikhon/Документы/magnolia/rootfs/bin/tee
Building applet gotest -> gotest ...
+ idf.py elf
Applet tr OK -> /home/tikhon/Документы/magnolia/rootfs/bin/tr
Building applet goxxd -> goxxd ...
+ idf.py elf
Executing action: elf
Running ninja in directory /home/tikhon/Документы/magnolia/applets/mainline/true/build
Executing "ninja elf"...
[1/1] Build ELF: true.app.elf
Executing action: elf
Running ninja in directory /home/tikhon/Документы/magnolia/applets/mainline/uname/build
Executing "ninja elf"...
[1/1] Build ELF: uname.app.elf
Executing action: elf
Running ninja in directory /home/tikhon/Документы/magnolia/applets/mainline/user/build
Executing "ninja elf"...
[1/1] Build ELF: user.app.elf
Executing action: elf
Running ninja in directory /home/tikhon/Документы/magnolia/applets/mainline/vi/build
Executing "ninja elf"...
[1/1] Build ELF: vi.app.elf
Executing action: elf
Running ninja in directory /home/tikhon/Документы/magnolia/applets/mainline/xxd/build
Executing "ninja elf"...
[1/1] Build ELF: xxd.app.elf
Applet uname OK -> /home/tikhon/Документы/magnolia/rootfs/bin/uname
Building applet pwd -> gopwd ...
Executing action: elf
Running ninja in directory /home/tikhon/Документы/magnolia/applets/go/echo/build
Executing "ninja elf"...
[0/2] Re-checking globbed directories...
+ idf.py elf
Applet true OK -> /home/tikhon/Документы/magnolia/rootfs/bin/true
Building applet sleep -> gosleep ...
+ idf.py elf
[1/2] Build ELF: echo.app.elf
Executing action: elf
Running ninja in directory /home/tikhon/Документы/magnolia/applets/go/gohello/build
Executing "ninja elf"...
[0/2] Re-checking globbed directories...
Applet user OK -> /home/tikhon/Документы/magnolia/rootfs/bin/user
Building applet true -> gotrue ...
+ idf.py elf
Executing action: elf
Running ninja in directory /home/tikhon/Документы/magnolia/applets/go/godd/build
Executing "ninja elf"...
[0/2] Re-checking globbed directories...
[1/2] Build ELF: gohello.app.elf
Executing action: elf
Running ninja in directory /home/tikhon/Документы/magnolia/applets/go/false/build
Executing "ninja elf"...
[0/2] Re-checking globbed directories...
Executing action: elf
Running ninja in directory /home/tikhon/Документы/magnolia/applets/go/goargs/build
Executing "ninja elf"...
[0/2] Re-checking globbed directories...
Executing action: elf
Running ninja in directory /home/tikhon/Документы/magnolia/applets/mainline/wc/build
Executing "ninja elf"...
[1/1] Build ELF: wc.app.elf
Applet vi OK -> /home/tikhon/Документы/magnolia/rootfs/bin/vi
Building applet uname -> gouname ...
+ idf.py elf
Executing action: elf
Running ninja in directory /home/tikhon/Документы/magnolia/applets/go/gohexdump/build
Executing "ninja elf"...
[0/2] Re-checking globbed directories...
[1/2] Build ELF: dd.app.elf
[1/2] Build ELF: false.app.elf
Applet xxd OK -> /home/tikhon/Документы/magnolia/rootfs/bin/xxd
Building applet edit -> edit ...
+ idf.py elf
[1/2] Build ELF: goargs.app.elf
Executing action: elf
Running ninja in directory /home/tikhon/Документы/magnolia/applets/mainline/yes/build
Executing "ninja elf"...
[1/1] Build ELF: yes.app.elf
Executing action: elf
Running ninja in directory /home/tikhon/Документы/magnolia/applets/mainline/unlink/build
Executing "ninja elf"...
[1/1] Build ELF: unlink.app.elf
[1/2] Build ELF: hexdump.app.elf
Applet echo OK -> /home/tikhon/Документы/magnolia/rootfs/bin/goecho
Building applet rdd -> rdd ...
+ idf.py elf
Executing action: elf
Running ninja in directory /home/tikhon/Документы/magnolia/applets/go/gotest/build
Executing "ninja elf"...
[0/2] Re-checking globbed directories...
[1/2] Build ELF: gotest.app.elf
Applet gohello OK -> /home/tikhon/Документы/magnolia/rootfs/bin/gohello
Building applet rhexdump -> rhexdump ...
+ idf.py elf
Applet wc OK -> /home/tikhon/Документы/magnolia/rootfs/bin/wc
Building applet rselftest -> rselftest ...
+ idf.py elf
Applet false OK -> /home/tikhon/Документы/magnolia/rootfs/bin/gofalse
Building applet rshello -> rshello ...
+ idf.py elf
Applet godd OK -> /home/tikhon/Документы/magnolia/rootfs/bin/godd
Building applet rusthello -> rusthello ...
+ idf.py elf
Applet goargs OK -> /home/tikhon/Документы/magnolia/rootfs/bin/goargs
Building applet rxxd -> rxxd ...
+ idf.py elf
Applet yes OK -> /home/tikhon/Документы/magnolia/rootfs/bin/yes
Executing action: elf
Running ninja in directory /home/tikhon/Документы/magnolia/applets/go/goxxd/build
Executing "ninja elf"...
[0/2] Re-checking globbed directories...
Building applet zdd -> zdd ...
Applet gohexdump OK -> /home/tikhon/Документы/magnolia/rootfs/bin/gohexdump
Applet unlink OK -> /home/tikhon/Документы/magnolia/rootfs/bin/unlink
Building applet zhexdump -> zhexdump ...
+ idf.py elf
Building applet zigdemo -> zigdemo ...
+ idf.py elf
+ idf.py elf
[1/2] Build ELF: xxd.app.elf
Applet gotest OK -> /home/tikhon/Документы/magnolia/rootfs/bin/gotest
Building applet zighello -> zighello ...
+ idf.py elf
Applet goxxd OK -> /home/tikhon/Документы/magnolia/rootfs/bin/goxxd
Building applet zigtest -> zigtest ...
+ idf.py elf
Executing action: elf
Running ninja in directory /home/tikhon/Документы/magnolia/applets/go/pwd/build
Executing "ninja elf"...
[0/2] Re-checking globbed directories...
[1/2] Build ELF: pwd.app.elf
Executing action: elf
Running ninja in directory /home/tikhon/Документы/magnolia/applets/go/true/build
Executing "ninja elf"...
[0/2] Re-checking globbed directories...
[1/2] Build ELF: true.app.elf
Executing action: elf
Running ninja in directory /home/tikhon/Документы/magnolia/applets/go/sleep/build
Executing "ninja elf"...
[0/2] Re-checking globbed directories...
[1/2] Build ELF: sleep.app.elf
Executing action: elf
Running ninja in directory /home/tikhon/Документы/magnolia/applets/go/uname/build
Executing "ninja elf"...
[0/2] Re-checking globbed directories...
Executing action: elf
Running ninja in directory /home/tikhon/Документы/magnolia/applets/rust/rdd/build
Executing "ninja elf"...
[0/2] Re-checking globbed directories...
Applet pwd OK -> /home/tikhon/Документы/magnolia/rootfs/bin/gopwd
Building applet zxxd -> zxxd ...
+ idf.py elf
[1/2] Build ELF: uname.app.elf
[1/2] Build ELF: dd.app.elf
/home/tikhon/.espressif/tools/xtensa-esp-elf/esp-15.1.0_20250607/xtensa-esp-elf/bin/../lib/gcc/xtensa-esp-elf/15.1.0/../../../../xtensa-esp-elf/bin/ld: warning: dd.app.elf has a LOAD segment with RWX permissions
Executing action: elf
Running ninja in directory /home/tikhon/Документы/magnolia/applets/rust/edit/build
Executing "ninja elf"...
[0/2] Re-checking globbed directories...
[1/2] Build ELF: edit.app.elf
Applet true OK -> /home/tikhon/Документы/magnolia/rootfs/bin/gotrue
Executing action: elf
Running ninja in directory /home/tikhon/Документы/magnolia/applets/rust/rhexdump/build
Executing "ninja elf"...
[0/2] Re-checking globbed directories...
Applet sleep OK -> /home/tikhon/Документы/magnolia/rootfs/bin/gosleep
Executing action: elf
Running ninja in directory /home/tikhon/Документы/magnolia/applets/rust/rxxd/build
Executing "ninja elf"...
[0/2] Re-checking globbed directories...
Executing action: elf
Running ninja in directory /home/tikhon/Документы/magnolia/applets/rust/rshello/build
Executing "ninja elf"...
[1/1] Build ELF: rshello.app.elf
/home/tikhon/.espressif/tools/xtensa-esp-elf/esp-15.1.0_20250607/xtensa-esp-elf/bin/../lib/gcc/xtensa-esp-elf/15.1.0/../../../../xtensa-esp-elf/bin/ld: warning: main.c.obj: missing .note.GNU-stack section implies executable stack
/home/tikhon/.espressif/tools/xtensa-esp-elf/esp-15.1.0_20250607/xtensa-esp-elf/bin/../lib/gcc/xtensa-esp-elf/15.1.0/../../../../xtensa-esp-elf/bin/ld: NOTE: This behaviour is deprecated and will be removed in a future version of the linker
Executing action: elf
Running ninja in directory /home/tikhon/Документы/magnolia/applets/rust/rselftest/build
Executing "ninja elf"...
[0/2] Re-checking globbed directories...
[1/2] Build ELF: hexdump.app.elf
/home/tikhon/.espressif/tools/xtensa-esp-elf/esp-15.1.0_20250607/xtensa-esp-elf/bin/../lib/gcc/xtensa-esp-elf/15.1.0/../../../../xtensa-esp-elf/bin/ld: warning: hexdump.app.elf has a LOAD segment with RWX permissions
Applet rdd OK -> /home/tikhon/Документы/magnolia/rootfs/bin/rdd
[1/2] Build ELF: xxd.app.elf
/home/tikhon/.espressif/tools/xtensa-esp-elf/esp-15.1.0_20250607/xtensa-esp-elf/bin/../lib/gcc/xtensa-esp-elf/15.1.0/../../../../xtensa-esp-elf/bin/ld: warning: xxd.app.elf has a LOAD segment with RWX permissions
Applet uname OK -> /home/tikhon/Документы/magnolia/rootfs/bin/gouname
Executing action: elf
Running ninja in directory /home/tikhon/Документы/magnolia/applets/zig/zhexdump/build
Executing "ninja elf"...
[0/2] Re-checking globbed directories...
Executing action: elf
Running ninja in directory /home/tikhon/Документы/magnolia/applets/zig/zigdemo/build
Executing "ninja elf"...
[0/2] Re-checking globbed directories...
[1/2] Build ELF: zigdemo.app.elf
/home/tikhon/.espressif/tools/xtensa-esp-elf/esp-15.1.0_20250607/xtensa-esp-elf/bin/../lib/gcc/xtensa-esp-elf/15.1.0/../../../../xtensa-esp-elf/bin/ld: warning: zigdemo.app.elf has a LOAD segment with RWX permissions
[1/2] Build ELF: rselftest.app.elf
/home/tikhon/.espressif/tools/xtensa-esp-elf/esp-15.1.0_20250607/xtensa-esp-elf/bin/../lib/gcc/xtensa-esp-elf/15.1.0/../../../../xtensa-esp-elf/bin/ld: warning: rselftest.app.elf has a LOAD segment with RWX permissions
Executing action: elf
Running ninja in directory /home/tikhon/Документы/magnolia/applets/rust/rusthello/build
Executing "ninja elf"...
[0/2] Re-checking globbed directories...
Applet edit OK -> /home/tikhon/Документы/magnolia/rootfs/bin/edit
[1/2] Build ELF: rusthello.app.elf
/home/tikhon/.espressif/tools/xtensa-esp-elf/esp-15.1.0_20250607/xtensa-esp-elf/bin/../lib/gcc/xtensa-esp-elf/15.1.0/../../../../xtensa-esp-elf/bin/ld: warning: rusthello.app.elf has a LOAD segment with RWX permissions
[1/2] Build ELF: hexdump.app.elf
/home/tikhon/.espressif/tools/xtensa-esp-elf/esp-15.1.0_20250607/xtensa-esp-elf/bin/../lib/gcc/xtensa-esp-elf/15.1.0/../../../../xtensa-esp-elf/bin/ld: warning: hexdump.app.elf has a LOAD segment with RWX permissions
Executing action: elf
Running ninja in directory /home/tikhon/Документы/magnolia/applets/zig/zdd/build
Executing "ninja elf"...
[0/2] Re-checking globbed directories...
[1/2] Build ELF: dd.app.elf
/home/tikhon/.espressif/tools/xtensa-esp-elf/esp-15.1.0_20250607/xtensa-esp-elf/bin/../lib/gcc/xtensa-esp-elf/15.1.0/../../../../xtensa-esp-elf/bin/ld: warning: dd.app.elf has a LOAD segment with RWX permissions
Executing action: elf
Running ninja in directory /home/tikhon/Документы/magnolia/applets/zig/zighello/build
Executing "ninja elf"...
[0/2] Re-checking globbed directories...
[1/2] Build ELF: zighello.app.elf
Applet rhexdump OK -> /home/tikhon/Документы/magnolia/rootfs/bin/rhexdump
Applet rshello OK -> /home/tikhon/Документы/magnolia/rootfs/bin/rshello
Executing action: elf
Running ninja in directory /home/tikhon/Документы/magnolia/applets/zig/zigtest/build
Executing "ninja elf"...
[0/2] Re-checking globbed directories...
Applet rxxd OK -> /home/tikhon/Документы/magnolia/rootfs/bin/rxxd
Applet zigdemo OK -> /home/tikhon/Документы/magnolia/rootfs/bin/zigdemo
[1/2] Build ELF: zigtest.app.elf
/home/tikhon/.espressif/tools/xtensa-esp-elf/esp-15.1.0_20250607/xtensa-esp-elf/bin/../lib/gcc/xtensa-esp-elf/15.1.0/../../../../xtensa-esp-elf/bin/ld: warning: zigtest.app.elf has a LOAD segment with RWX permissions
Applet rselftest OK -> /home/tikhon/Документы/magnolia/rootfs/bin/rselftest
Applet zhexdump OK -> /home/tikhon/Документы/magnolia/rootfs/bin/zhexdump
Applet rusthello OK -> /home/tikhon/Документы/magnolia/rootfs/bin/rusthello
Applet zdd OK -> /home/tikhon/Документы/magnolia/rootfs/bin/zdd
Applet zighello OK -> /home/tikhon/Документы/magnolia/rootfs/bin/zighello
Applet zigtest OK -> /home/tikhon/Документы/magnolia/rootfs/bin/zigtest
Executing action: elf
Running ninja in directory /home/tikhon/Документы/magnolia/applets/zig/zxxd/build
Executing "ninja elf"...
[0/2] Re-checking globbed directories...
[1/2] Build ELF: xxd.app.elf
/home/tikhon/.espressif/tools/xtensa-esp-elf/esp-15.1.0_20250607/xtensa-esp-elf/bin/../lib/gcc/xtensa-esp-elf/15.1.0/../../../../xtensa-esp-elf/bin/ld: warning: xxd.app.elf has a LOAD segment with RWX permissions
Applet zxxd OK -> /home/tikhon/Документы/magnolia/rootfs/bin/zxxd
+ /home/tikhon/Документы/magnolia/build/littlefs_mkimage create /home/tikhon/Документы/magnolia/rootfs /home/tikhon/Документы/magnolia/build/vfs.bin --block-size=4096 --fs-size=2097152 --read-size=128 --prog-size=128 --cache-size=512 --lookahead-size=64
LittleFS image OK size=2097152 -> /home/tikhon/Документы/magnolia/build/vfs.bin
